[0.005s][info][gc] Min heap equals to max heap, disabling ShenandoahUncommit
[0.008s][info][gc] Heuristics ergonomically sets -XX:+ExplicitGCInvokesConcurrent
[0.008s][info][gc] Heuristics ergonomically sets -XX:+ShenandoahImplicitGCInvokesConcurrent
[0.008s][info][gc] Using Shenandoah
[0.011s][info][gc,ergo] Pacer for Idle. Initial: 20971K, Alloc Tax Rate: 1.0x
[0.011s][info][gc,init] Version: 17.0.12+7-adhoc..jdk17u (release)
[0.011s][info][gc,init] CPUs: 6 total, 6 available
[0.011s][info][gc,init] Memory: 15591M
[0.011s][info][gc,init] Large Page Support: Disabled
[0.011s][info][gc,init] NUMA Support: Disabled
[0.011s][info][gc,init] Compressed Oops: Enabled (32-bit)
[0.016s][info][gc,init] Heap Min Capacity: 1G
[0.016s][info][gc,init] Heap Initial Capacity: 1G
[0.016s][info][gc,init] Heap Max Capacity: 1G
[0.016s][info][gc,init] Pre-touch: Disabled
[0.016s][info][gc,init] Mode: Snapshot-At-The-Beginning (SATB)
[0.016s][info][gc,init] Heuristics: Adaptive
[0.016s][info][gc,init] Heap Region Count: 2048
[0.016s][info][gc,init] Heap Region Size: 512K
[0.016s][info][gc,init] TLAB Size Max: 512K
[0.016s][info][gc,init] Humongous Object Threshold: 512K
[0.016s][info][gc,init] Parallel Workers: 3
[0.016s][info][gc,init] Concurrent Workers: 1
[0.023s][info][gc,metaspace] CDS archive(s) mapped at: [0x0000018b13000000-0x0000018b13bc0000-0x0000018b13bc0000), size 12320768, SharedBaseAddress: 0x0000018b13000000, ArchiveRelocationMode: 1.
[0.023s][info][gc,metaspace] Compressed class space mapped at: 0x0000018b14000000-0x0000018b54000000, reserved size: 1073741824
[0.024s][info][gc,metaspace] Narrow klass base: 0x0000018b13000000, Narrow klass shift: 0, Narrow klass range: 0x100000000
[0.408s][info][gc          ] Trigger: Explicit GC request (System.gc())
[0.408s][info][gc,ergo     ] Free: 926M, Max: 512K regular, 926M humongous, Frag: 0% external, 0% internal; Reserve: 52736K, Max: 512K
[0.408s][info][gc,start    ] GC(0) Concurrent reset
[0.408s][info][gc,task     ] GC(0) Using 1 of 3 workers for concurrent reset
[0.408s][info][gc,ergo     ] GC(0) Pacer for Reset. Non-Taxable: 1024M
[0.408s][info][gc          ] GC(0) Concurrent reset 0.395ms
[0.408s][info][gc,start    ] GC(0) Pause Init Mark (unload classes)
[0.409s][info][gc,task     ] GC(0) Using 3 of 3 workers for init marking
[0.409s][info][gc,ref      ] GC(0) Clearing All SoftReferences
[0.409s][info][gc,ergo     ] GC(0) Pacer for Mark. Expected Live: 102M, Free: 926M, Non-Taxable: 94822K, Alloc Tax Rate: 0.1x
[0.409s][info][gc          ] GC(0) Pause Init Mark (unload classes) 0.525ms
[0.409s][info][gc,start    ] GC(0) Concurrent marking roots
[0.409s][info][gc,task     ] GC(0) Using 1 of 3 workers for concurrent marking roots
[0.410s][info][gc          ] GC(0) Concurrent marking roots 0.485ms
[0.410s][info][gc,start    ] GC(0) Concurrent marking (unload classes)
[0.410s][info][gc,task     ] GC(0) Using 1 of 3 workers for concurrent marking
[0.413s][info][gc          ] GC(0) Concurrent marking (unload classes) 3.451ms
[0.413s][info][gc,start    ] GC(0) Pause Final Mark (unload classes)
[0.413s][info][gc,task     ] GC(0) Using 3 of 3 workers for final marking
[0.413s][info][gc,ergo     ] GC(0) Adaptive CSet Selection. Target Free: 145M, Actual Free: 1006M, Max CSet: 43690K, Min Garbage: 0B
[0.414s][info][gc,ergo     ] GC(0) Collectable Garbage: 35325K (99%), Immediate: 29184K (82%), CSet: 6141K (17%)
[0.414s][info][gc,ergo     ] GC(0) Pacer for Evacuation. Used CSet: 7680K, Free: 955M, Non-Taxable: 97792K, Alloc Tax Rate: 1.1x
[0.414s][info][gc          ] GC(0) Pause Final Mark (unload classes) 0.451ms
[0.414s][info][gc,start    ] GC(0) Concurrent thread roots
[0.414s][info][gc,task     ] GC(0) Using 1 of 3 workers for Concurrent thread roots
[0.414s][info][gc          ] GC(0) Concurrent thread roots 0.388ms
[0.414s][info][gc,start    ] GC(0) Concurrent weak references
[0.414s][info][gc,task     ] GC(0) Using 1 of 3 workers for concurrent weak references
[0.414s][info][gc,ref      ] GC(0) Encountered references: Soft: 173, Weak: 509, Final: 9, Phantom: 89
[0.414s][info][gc,ref      ] GC(0) Discovered  references: Soft: 128, Weak: 334, Final: 7, Phantom: 83
[0.414s][info][gc,ref      ] GC(0) Enqueued    references: Soft: 73, Weak: 103, Final: 0, Phantom: 66
[0.414s][info][gc          ] GC(0) Concurrent weak references 0.210ms
[0.414s][info][gc,start    ] GC(0) Concurrent weak roots
[0.414s][info][gc,task     ] GC(0) Using 1 of 3 workers for concurrent weak root
[0.415s][info][gc          ] GC(0) Concurrent weak roots 0.587ms
[0.415s][info][gc,start    ] GC(0) Concurrent cleanup
[0.415s][info][gc          ] GC(0) Concurrent cleanup 45M->16M(1024M) 0.022ms
[0.415s][info][gc,ergo     ] GC(0) Free: 955M, Max: 512K regular, 926M humongous, Frag: 4% external, 0% internal; Reserve: 52562K, Max: 512K
[0.415s][info][gc,start    ] GC(0) Concurrent class unloading
[0.415s][info][gc,task     ] GC(0) Using 1 of 3 workers for concurrent class unloading
[0.417s][info][gc          ] GC(0) Concurrent class unloading 1.691ms
[0.417s][info][gc,start    ] GC(0) Concurrent strong roots
[0.417s][info][gc,task     ] GC(0) Using 1 of 3 workers for concurrent strong root
[0.417s][info][gc          ] GC(0) Concurrent strong roots 0.231ms
[0.417s][info][gc,start    ] GC(0) Concurrent evacuation
[0.417s][info][gc,task     ] GC(0) Using 1 of 3 workers for concurrent evacuation
[0.418s][info][gc          ] GC(0) Concurrent evacuation 0.979ms
[0.418s][info][gc,start    ] GC(0) Pause Init Update Refs
[0.418s][info][gc,ergo     ] GC(0) Pacer for Update Refs. Used: 18939K, Free: 955M, Non-Taxable: 97792K, Alloc Tax Rate: 1.1x
[0.418s][info][gc          ] GC(0) Pause Init Update Refs 0.102ms
[0.418s][info][gc,start    ] GC(0) Concurrent update references
[0.418s][info][gc,task     ] GC(0) Using 1 of 3 workers for concurrent reference update
[0.420s][info][gc          ] GC(0) Concurrent update references 1.405ms
[0.420s][info][gc,start    ] GC(0) Concurrent update thread roots
[0.420s][info][gc          ] GC(0) Concurrent update thread roots 0.314ms
[0.420s][info][gc,start    ] GC(0) Pause Final Update Refs
[0.420s][info][gc,task     ] GC(0) Using 3 of 3 workers for final reference update
[0.420s][info][gc          ] GC(0) Pause Final Update Refs 0.120ms
[0.420s][info][gc,start    ] GC(0) Concurrent cleanup
[0.420s][info][gc          ] GC(0) Concurrent cleanup 18M->10M(1024M) 0.056ms
[0.420s][info][gc,ergo     ] Free: 960M, Max: 512K regular, 924M humongous, Frag: 4% external, 0% internal; Reserve: 52736K, Max: 512K
[0.420s][info][gc,stats    ] 
[0.420s][info][gc,stats    ] All times are wall-clock times, except per-root-class counters, that are sum over
[0.420s][info][gc,stats    ] all workers. Dividing the <total> over the root stage time estimates parallelism.
[0.420s][info][gc,stats    ] 
[0.420s][info][gc,stats    ] Concurrent Reset                    465 us
[0.420s][info][gc,stats    ] Pause Init Mark (G)                 795 us
[0.420s][info][gc,stats    ] Pause Init Mark (N)                 549 us
[0.420s][info][gc,stats    ]   Update Region States               75 us
[0.420s][info][gc,stats    ] Concurrent Mark Roots               505 us, parallelism: 0.80x
[0.420s][info][gc,stats    ]   CMR: <total>                      404 us
[0.421s][info][gc,stats    ]   CMR: Thread Roots                 269 us, workers (us): 269, ---, ---, 
[0.421s][info][gc,stats    ]   CMR: VM Strong Roots               30 us, workers (us):  30, ---, ---, 
[0.421s][info][gc,stats    ]   CMR: CLDG Roots                   105 us, workers (us): 105, ---, ---, 
[0.421s][info][gc,stats    ] Concurrent Marking                 3512 us
[0.421s][info][gc,stats    ] Pause Final Mark (G)                588 us
[0.421s][info][gc,stats    ] Pause Final Mark (N)                472 us
[0.421s][info][gc,stats    ]   Finish Mark                       127 us
[0.421s][info][gc,stats    ]   Update Region States               76 us
[0.421s][info][gc,stats    ]   Choose Collection Set             103 us
[0.421s][info][gc,stats    ]   Rebuild Free Set                   21 us
[0.421s][info][gc,stats    ] Concurrent Thread Roots             408 us, parallelism: 0.67x
[0.421s][info][gc,stats    ]   CTR: <total>                      272 us
[0.421s][info][gc,stats    ]   CTR: Thread Roots                 272 us, workers (us): 272, ---, ---, 
[0.421s][info][gc,stats    ] Concurrent Weak References          217 us, parallelism: 0.23x
[0.421s][info][gc,stats    ]   CWRF: <total>                      51 us
[0.421s][info][gc,stats    ]   CWRF: Weak References              51 us, workers (us):  51, ---, ---, 
[0.421s][info][gc,stats    ] Concurrent Weak Roots               607 us
[0.421s][info][gc,stats    ]   Roots                             484 us, parallelism: 0.85x
[0.421s][info][gc,stats    ]     CWR: <total>                    412 us
[0.421s][info][gc,stats    ]     CWR: Code Cache Roots           180 us, workers (us): 180, ---, ---, 
[0.421s][info][gc,stats    ]     CWR: VM Weak Roots              228 us, workers (us): 228, ---, ---, 
[0.421s][info][gc,stats    ]     CWR: CLDG Roots                   4 us, workers (us):   4, ---, ---, 
[0.421s][info][gc,stats    ]   Rendezvous                         87 us
[0.421s][info][gc,stats    ] Concurrent Cleanup                   30 us
[0.421s][info][gc,stats    ] Concurrent Class Unloading         1738 us
[0.421s][info][gc,stats    ]   Unlink Stale                     1509 us
[0.421s][info][gc,stats    ]     System Dictionary               123 us
[0.421s][info][gc,stats    ]     Weak Class Links                642 us
[0.421s][info][gc,stats    ]     Code Roots                      743 us
[0.421s][info][gc,stats    ]   Rendezvous                         58 us
[0.421s][info][gc,stats    ]   Purge Unlinked                    103 us
[0.421s][info][gc,stats    ]     Code Roots                       55 us
[0.421s][info][gc,stats    ]     CLDG                             48 us
[0.421s][info][gc,stats    ]     Exception Caches                  0 us
[0.421s][info][gc,stats    ] Concurrent Strong Roots             251 us, parallelism: 0.66x
[0.421s][info][gc,stats    ]   CSR: <total>                      164 us
[0.421s][info][gc,stats    ]   CSR: VM Strong Roots                7 us, workers (us):   7, ---, ---, 
[0.421s][info][gc,stats    ]   CSR: CLDG Roots                   157 us, workers (us): 157, ---, ---, 
[0.421s][info][gc,stats    ] Concurrent Evacuation              1018 us
[0.421s][info][gc,stats    ] Pause Init Update Refs (G)          223 us
[0.421s][info][gc,stats    ] Pause Init Update Refs (N)          122 us
[0.421s][info][gc,stats    ]   Manage GCLABs                      13 us
[0.421s][info][gc,stats    ] Concurrent Update Refs             1447 us
[0.421s][info][gc,stats    ] Concurrent Update Thread Roots      353 us
[0.421s][info][gc,stats    ] Pause Final Update Refs (G)         209 us
[0.421s][info][gc,stats    ] Pause Final Update Refs (N)         138 us
[0.421s][info][gc,stats    ]   Update Region States               76 us
[0.421s][info][gc,stats    ]   Trash Collection Set                3 us
[0.421s][info][gc,stats    ]   Rebuild Free Set                   10 us
[0.421s][info][gc,stats    ] Concurrent Cleanup                   77 us
[0.421s][info][gc,stats    ] 
[0.421s][info][gc,stats    ] Allocation pacing accrued:
[0.421s][info][gc,stats    ]       0 of   411 ms (  0.0%): <total>
[0.421s][info][gc,stats    ]       0 of   411 ms (  0.0%): <average total>
[0.421s][info][gc,stats    ] 
[0.421s][info][gc,metaspace] Metaspace: 4132K(4352K)->4096K(4352K) NonClass: 3714K(3840K)->3687K(3840K) Class: 418K(512K)->408K(512K)
[0.421s][info][gc,ergo     ] Pacer for Idle. Initial: 20971K, Alloc Tax Rate: 1.0x
[0.890s][info][gc          ] Trigger: Learning 2 of 5. Free (711M) is below initial threshold (716M)
[0.891s][info][gc,ergo     ] Free: 711M, Max: 512K regular, 711M humongous, Frag: 0% external, 0% internal; Reserve: 52736K, Max: 512K
[0.891s][info][gc,start    ] GC(1) Concurrent reset
[0.891s][info][gc,task     ] GC(1) Using 1 of 3 workers for concurrent reset
[0.891s][info][gc,ergo     ] GC(1) Pacer for Reset. Non-Taxable: 1024M
[0.891s][info][gc          ] GC(1) Concurrent reset 0.412ms
[0.891s][info][gc,start    ] GC(1) Pause Init Mark (unload classes)
[0.891s][info][gc,task     ] GC(1) Using 3 of 3 workers for init marking
[0.891s][info][gc,ergo     ] GC(1) Pacer for Mark. Expected Live: 10571K, Free: 711M, Non-Taxable: 72806K, Alloc Tax Rate: 0.0x
[0.891s][info][gc          ] GC(1) Pause Init Mark (unload classes) 0.151ms
[0.891s][info][gc,start    ] GC(1) Concurrent marking roots
[0.891s][info][gc,task     ] GC(1) Using 1 of 3 workers for concurrent marking roots
[0.893s][info][gc          ] GC(1) Concurrent marking roots 1.523ms
[0.893s][info][gc,start    ] GC(1) Concurrent marking (unload classes)
[0.893s][info][gc,task     ] GC(1) Using 1 of 3 workers for concurrent marking
[0.899s][info][gc          ] GC(1) Concurrent marking (unload classes) 6.052ms
[0.899s][info][gc,start    ] GC(1) Pause Final Mark (unload classes)
[0.899s][info][gc,task     ] GC(1) Using 3 of 3 workers for final marking
[0.899s][info][gc,ergo     ] GC(1) Adaptive CSet Selection. Target Free: 145M, Actual Free: 959M, Max CSet: 43690K, Min Garbage: 0B
[0.899s][info][gc,ergo     ] GC(1) Collectable Garbage: 246M (99%), Immediate: 197M (80%), CSet: 49916K (19%)
[0.899s][info][gc,ergo     ] GC(1) Pacer for Evacuation. Used CSet: 54259K, Free: 908M, Non-Taxable: 93030K, Alloc Tax Rate: 1.1x
[0.899s][info][gc          ] GC(1) Pause Final Mark (unload classes) 0.304ms
[0.899s][info][gc,start    ] GC(1) Concurrent thread roots
[0.899s][info][gc,task     ] GC(1) Using 1 of 3 workers for Concurrent thread roots
[0.900s][info][gc          ] GC(1) Concurrent thread roots 0.846ms
[0.900s][info][gc,start    ] GC(1) Concurrent weak references
[0.900s][info][gc,task     ] GC(1) Using 1 of 3 workers for concurrent weak references
[0.900s][info][gc,ref      ] GC(1) Encountered references: Soft: 164, Weak: 442, Final: 9, Phantom: 35
[0.900s][info][gc,ref      ] GC(1) Discovered  references: Soft: 0, Weak: 243, Final: 7, Phantom: 31
[0.900s][info][gc,ref      ] GC(1) Enqueued    references: Soft: 0, Weak: 9, Final: 0, Phantom: 14
[0.900s][info][gc          ] GC(1) Concurrent weak references 0.071ms
[0.900s][info][gc,start    ] GC(1) Concurrent weak roots
[0.900s][info][gc,task     ] GC(1) Using 1 of 3 workers for concurrent weak root
[0.901s][info][gc          ] GC(1) Concurrent weak roots 0.731ms
[0.901s][info][gc,start    ] GC(1) Concurrent cleanup
[0.901s][info][gc          ] GC(1) Concurrent cleanup 260M->63M(1024M) 0.038ms
[0.901s][info][gc,ergo     ] GC(1) Free: 908M, Max: 512K regular, 711M humongous, Frag: 22% external, 0% internal; Reserve: 52330K, Max: 512K
[0.901s][info][gc,start    ] GC(1) Concurrent class unloading
[0.901s][info][gc,task     ] GC(1) Using 1 of 3 workers for concurrent class unloading
[0.902s][info][gc          ] GC(1) Concurrent class unloading 1.251ms
[0.902s][info][gc,start    ] GC(1) Concurrent strong roots
[0.902s][info][gc,task     ] GC(1) Using 1 of 3 workers for concurrent strong root
[0.903s][info][gc          ] GC(1) Concurrent strong roots 0.173ms
[0.903s][info][gc,start    ] GC(1) Concurrent evacuation
[0.903s][info][gc,task     ] GC(1) Using 1 of 3 workers for concurrent evacuation
[0.905s][info][gc          ] GC(1) Concurrent evacuation 2.488ms
[0.905s][info][gc,start    ] GC(1) Pause Init Update Refs
[0.905s][info][gc,ergo     ] GC(1) Pacer for Update Refs. Used: 69103K, Free: 908M, Non-Taxable: 93030K, Alloc Tax Rate: 1.1x
[0.905s][info][gc          ] GC(1) Pause Init Update Refs 0.092ms
[0.905s][info][gc,start    ] GC(1) Concurrent update references
[0.905s][info][gc,task     ] GC(1) Using 1 of 3 workers for concurrent reference update
[0.908s][info][gc          ] GC(1) Concurrent update references 2.892ms
[0.908s][info][gc,start    ] GC(1) Concurrent update thread roots
[0.922s][info][gc          ] GC(1) Concurrent update thread roots 13.729ms
[0.922s][info][gc,start    ] GC(1) Pause Final Update Refs
[0.922s][info][gc,task     ] GC(1) Using 3 of 3 workers for final reference update
[0.922s][info][gc          ] GC(1) Pause Final Update Refs 0.211ms
[0.928s][info][gc,start    ] GC(1) Concurrent cleanup
[0.928s][info][gc          ] GC(1) Concurrent cleanup 95M->52M(1024M) 0.108ms
[0.928s][info][gc,ergo     ] Free: 918M, Max: 512K regular, 915M humongous, Frag: 1% external, 0% internal; Reserve: 52736K, Max: 512K
[0.928s][info][gc,stats    ] 
[0.928s][info][gc,stats    ] All times are wall-clock times, except per-root-class counters, that are sum over
[0.928s][info][gc,stats    ] all workers. Dividing the <total> over the root stage time estimates parallelism.
[0.928s][info][gc,stats    ] 
[0.928s][info][gc,stats    ] Concurrent Reset                    474 us
[0.928s][info][gc,stats    ] Pause Init Mark (G)                 262 us
[0.928s][info][gc,stats    ] Pause Init Mark (N)                 159 us
[0.929s][info][gc,stats    ]   Update Region States               50 us
[0.929s][info][gc,stats    ] Concurrent Mark Roots              1542 us, parallelism: 0.92x
[0.929s][info][gc,stats    ]   CMR: <total>                     1421 us
[0.929s][info][gc,stats    ]   CMR: Thread Roots                1307 us, workers (us): 1307, ---, ---, 
[0.929s][info][gc,stats    ]   CMR: VM Strong Roots               14 us, workers (us):  14, ---, ---, 
[0.929s][info][gc,stats    ]   CMR: CLDG Roots                   100 us, workers (us): 100, ---, ---, 
[0.929s][info][gc,stats    ] Concurrent Marking                 6081 us
[0.929s][info][gc,stats    ] Pause Final Mark (G)                383 us
[0.929s][info][gc,stats    ] Pause Final Mark (N)                320 us
[0.929s][info][gc,stats    ]   Finish Mark                        56 us
[0.929s][info][gc,stats    ]   Update Region States               44 us
[0.929s][info][gc,stats    ]   Choose Collection Set              85 us
[0.929s][info][gc,stats    ]   Rebuild Free Set                   18 us
[0.929s][info][gc,stats    ] Concurrent Thread Roots             855 us, parallelism: 0.92x
[0.929s][info][gc,stats    ]   CTR: <total>                      783 us
[0.929s][info][gc,stats    ]   CTR: Thread Roots                 783 us, workers (us): 783, ---, ---, 
[0.929s][info][gc,stats    ] Concurrent Weak References           79 us, parallelism: 0.19x
[0.929s][info][gc,stats    ]   CWRF: <total>                      15 us
[0.929s][info][gc,stats    ]   CWRF: Weak References              15 us, workers (us):  15, ---, ---, 
[0.929s][info][gc,stats    ] Concurrent Weak Roots               762 us
[0.929s][info][gc,stats    ]   Roots                             665 us, parallelism: 0.95x
[0.929s][info][gc,stats    ]     CWR: <total>                    630 us
[0.929s][info][gc,stats    ]     CWR: Code Cache Roots           313 us, workers (us): 313, ---, ---, 
[0.929s][info][gc,stats    ]     CWR: VM Weak Roots              314 us, workers (us): 314, ---, ---, 
[0.929s][info][gc,stats    ]     CWR: CLDG Roots                   3 us, workers (us):   3, ---, ---, 
[0.929s][info][gc,stats    ]   Rendezvous                         50 us
[0.929s][info][gc,stats    ] Concurrent Cleanup                   46 us
[0.929s][info][gc,stats    ] Concurrent Class Unloading         1263 us
[0.929s][info][gc,stats    ]   Unlink Stale                     1156 us
[0.929s][info][gc,stats    ]     System Dictionary                 2 us
[0.929s][info][gc,stats    ]     Weak Class Links                  0 us
[0.929s][info][gc,stats    ]     Code Roots                     1154 us
[0.929s][info][gc,stats    ]   Rendezvous                         42 us
[0.929s][info][gc,stats    ]   Purge Unlinked                     37 us
[0.929s][info][gc,stats    ]     Code Roots                       33 us
[0.929s][info][gc,stats    ]     CLDG                              4 us
[0.929s][info][gc,stats    ]     Exception Caches                  0 us
[0.929s][info][gc,stats    ] Concurrent Strong Roots             183 us, parallelism: 0.78x
[0.929s][info][gc,stats    ]   CSR: <total>                      142 us
[0.929s][info][gc,stats    ]   CSR: VM Strong Roots                4 us, workers (us):   4, ---, ---, 
[0.929s][info][gc,stats    ]   CSR: CLDG Roots                   137 us, workers (us): 137, ---, ---, 
[0.929s][info][gc,stats    ] Concurrent Evacuation              2512 us
[0.929s][info][gc,stats    ] Pause Init Update Refs (G)          159 us
[0.929s][info][gc,stats    ] Pause Init Update Refs (N)          110 us
[0.929s][info][gc,stats    ]   Manage GCLABs                       4 us
[0.929s][info][gc,stats    ] Concurrent Update Refs             2948 us
[0.929s][info][gc,stats    ] Concurrent Update Thread Roots    13779 us
[0.929s][info][gc,stats    ] Pause Final Update Refs (G)        6325 us
[0.929s][info][gc,stats    ] Pause Final Update Refs (N)         261 us
[0.929s][info][gc,stats    ]   Update Region States               47 us
[0.929s][info][gc,stats    ]   Trash Collection Set                6 us
[0.929s][info][gc,stats    ]   Rebuild Free Set                   12 us
[0.929s][info][gc,stats    ] Concurrent Cleanup                  120 us
[0.929s][info][gc,stats    ] Pacing                           649193 us
[0.929s][info][gc,stats    ] 
[0.929s][info][gc,stats    ] Allocation pacing accrued:
[0.929s][info][gc,stats    ]     107 of   508 ms ( 21.1%): Thread-6
[0.929s][info][gc,stats    ]     110 of   508 ms ( 21.6%): Thread-7
[0.929s][info][gc,stats    ]     111 of   508 ms ( 21.9%): Thread-8
[0.929s][info][gc,stats    ]     100 of   508 ms ( 19.7%): Thread-9
[0.929s][info][gc,stats    ]     110 of   508 ms ( 21.6%): Thread-10
[0.929s][info][gc,stats    ]     111 of   508 ms ( 21.9%): Thread-11
[0.929s][info][gc,stats    ]     649 of   508 ms (127.8%): <total>
[0.929s][info][gc,stats    ]      32 of   508 ms (  6.4%): <average total>
[0.929s][info][gc,stats    ]     108 of   508 ms ( 21.3%): <average non-zero>
[0.929s][info][gc,stats    ] 
[0.929s][info][gc,metaspace] Metaspace: 6108K(6272K)->6109K(6272K) NonClass: 5509K(5632K)->5510K(5632K) Class: 598K(640K)->598K(640K)
[0.929s][info][gc,ergo     ] Pacer for Idle. Initial: 20971K, Alloc Tax Rate: 1.0x
[1.148s][info][gc          ] Trigger: Learning 3 of 5. Free (713M) is below initial threshold (716M)
[1.148s][info][gc,ergo     ] Free: 713M, Max: 512K regular, 713M humongous, Frag: 0% external, 0% internal; Reserve: 52736K, Max: 512K
[1.148s][info][gc,start    ] GC(2) Concurrent reset
[1.148s][info][gc,task     ] GC(2) Using 1 of 3 workers for concurrent reset
[1.148s][info][gc,ergo     ] GC(2) Pacer for Reset. Non-Taxable: 1024M
[1.148s][info][gc          ] GC(2) Concurrent reset 0.338ms
[1.149s][info][gc,start    ] GC(2) Pause Init Mark (unload classes)
[1.149s][info][gc,task     ] GC(2) Using 3 of 3 workers for init marking
[1.149s][info][gc,ergo     ] GC(2) Pacer for Mark. Expected Live: 12423K, Free: 712M, Non-Taxable: 72960K, Alloc Tax Rate: 0.0x
[1.149s][info][gc          ] GC(2) Pause Init Mark (unload classes) 0.140ms
[1.152s][info][gc,start    ] GC(2) Concurrent marking roots
[1.152s][info][gc,task     ] GC(2) Using 1 of 3 workers for concurrent marking roots
[1.153s][info][gc          ] GC(2) Concurrent marking roots 1.037ms
[1.153s][info][gc,start    ] GC(2) Concurrent marking (unload classes)
[1.153s][info][gc,task     ] GC(2) Using 1 of 3 workers for concurrent marking
[1.194s][info][gc          ] GC(2) Concurrent marking (unload classes) 40.706ms
[1.194s][info][gc,start    ] GC(2) Pause Final Mark (unload classes)
[1.194s][info][gc,task     ] GC(2) Using 3 of 3 workers for final marking
[1.194s][info][gc,ergo     ] GC(2) Adaptive CSet Selection. Target Free: 145M, Actual Free: 849M, Max CSet: 43690K, Min Garbage: 0B
[1.194s][info][gc,ergo     ] GC(2) Collectable Garbage: 244M (99%), Immediate: 163M (66%), CSet: 83430K (33%)
[1.194s][info][gc,ergo     ] GC(2) Pacer for Evacuation. Used CSet: 86528K, Free: 797M, Non-Taxable: 81666K, Alloc Tax Rate: 1.1x
[1.194s][info][gc          ] GC(2) Pause Final Mark (unload classes) 0.277ms
[1.195s][info][gc,start    ] GC(2) Concurrent thread roots
[1.195s][info][gc,task     ] GC(2) Using 1 of 3 workers for Concurrent thread roots
[1.197s][info][gc          ] GC(2) Concurrent thread roots 1.474ms
[1.197s][info][gc,start    ] GC(2) Concurrent weak references
[1.197s][info][gc,task     ] GC(2) Using 1 of 3 workers for concurrent weak references
[1.197s][info][gc,ref      ] GC(2) Encountered references: Soft: 164, Weak: 433, Final: 9, Phantom: 21
[1.197s][info][gc,ref      ] GC(2) Discovered  references: Soft: 0, Weak: 234, Final: 7, Phantom: 17
[1.197s][info][gc,ref      ] GC(2) Enqueued    references: Soft: 0, Weak: 0, Final: 0, Phantom: 0
[1.197s][info][gc          ] GC(2) Concurrent weak references 0.068ms
[1.197s][info][gc,start    ] GC(2) Concurrent weak roots
[1.197s][info][gc,task     ] GC(2) Using 1 of 3 workers for concurrent weak root
[1.201s][info][gc          ] GC(2) Concurrent weak roots 4.056ms
[1.201s][info][gc,start    ] GC(2) Concurrent cleanup
[1.201s][info][gc          ] GC(2) Concurrent cleanup 348M->185M(1024M) 0.047ms
[1.201s][info][gc,ergo     ] GC(2) Free: 786M, Max: 512K regular, 624M humongous, Frag: 21% external, 0% internal; Reserve: 52523K, Max: 512K
[1.201s][info][gc,start    ] GC(2) Concurrent class unloading
[1.201s][info][gc,task     ] GC(2) Using 1 of 3 workers for concurrent class unloading
[1.209s][info][gc          ] GC(2) Concurrent class unloading 8.253ms
[1.210s][info][gc,start    ] GC(2) Concurrent strong roots
[1.210s][info][gc,task     ] GC(2) Using 1 of 3 workers for concurrent strong root
[1.210s][info][gc          ] GC(2) Concurrent strong roots 0.105ms
[1.210s][info][gc,start    ] GC(2) Concurrent evacuation
[1.210s][info][gc,task     ] GC(2) Using 1 of 3 workers for concurrent evacuation
[1.212s][info][gc          ] GC(2) Concurrent evacuation 2.219ms
[1.212s][info][gc,start    ] GC(2) Pause Init Update Refs
[1.212s][info][gc,ergo     ] GC(2) Pacer for Update Refs. Used: 206M, Free: 768M, Non-Taxable: 78652K, Alloc Tax Rate: 1.1x
[1.212s][info][gc          ] GC(2) Pause Init Update Refs 0.080ms
[1.220s][info][gc,start    ] GC(2) Concurrent update references
[1.220s][info][gc,task     ] GC(2) Using 1 of 3 workers for concurrent reference update
[1.234s][info][gc          ] GC(2) Concurrent update references 13.614ms
[1.234s][info][gc,start    ] GC(2) Concurrent update thread roots
[1.236s][info][gc          ] GC(2) Concurrent update thread roots 1.923ms
[1.236s][info][gc,start    ] GC(2) Pause Final Update Refs
[1.236s][info][gc,task     ] GC(2) Using 3 of 3 workers for final reference update
[1.236s][info][gc          ] GC(2) Pause Final Update Refs 0.104ms
[1.241s][info][gc,start    ] GC(2) Concurrent cleanup
[1.241s][info][gc          ] GC(2) Concurrent cleanup 250M->166M(1024M) 0.055ms
[1.241s][info][gc,ergo     ] Free: 805M, Max: 512K regular, 622M humongous, Frag: 23% external, 0% internal; Reserve: 52736K, Max: 512K
[1.241s][info][gc,stats    ] 
[1.241s][info][gc,stats    ] All times are wall-clock times, except per-root-class counters, that are sum over
[1.241s][info][gc,stats    ] all workers. Dividing the <total> over the root stage time estimates parallelism.
[1.241s][info][gc,stats    ] 
[1.241s][info][gc,stats    ] Concurrent Reset                    368 us
[1.241s][info][gc,stats    ] Pause Init Mark (G)                3475 us
[1.241s][info][gc,stats    ] Pause Init Mark (N)                 151 us
[1.241s][info][gc,stats    ]   Update Region States               39 us
[1.241s][info][gc,stats    ] Concurrent Mark Roots              1063 us, parallelism: 0.86x
[1.241s][info][gc,stats    ]   CMR: <total>                      911 us
[1.241s][info][gc,stats    ]   CMR: Thread Roots                 852 us, workers (us): 852, ---, ---, 
[1.241s][info][gc,stats    ]   CMR: VM Strong Roots                8 us, workers (us):   8, ---, ---, 
[1.241s][info][gc,stats    ]   CMR: CLDG Roots                    50 us, workers (us):  50, ---, ---, 
[1.241s][info][gc,stats    ] Concurrent Marking                40776 us
[1.241s][info][gc,stats    ] Pause Final Mark (G)               1755 us
[1.241s][info][gc,stats    ] Pause Final Mark (N)                287 us
[1.241s][info][gc,stats    ]   Finish Mark                        36 us
[1.241s][info][gc,stats    ]   Update Region States               68 us
[1.241s][info][gc,stats    ]   Choose Collection Set             113 us
[1.241s][info][gc,stats    ]   Rebuild Free Set                    9 us
[1.241s][info][gc,stats    ] Concurrent Thread Roots            1523 us, parallelism: 0.90x
[1.241s][info][gc,stats    ]   CTR: <total>                     1369 us
[1.241s][info][gc,stats    ]   CTR: Thread Roots                1369 us, workers (us): 1369, ---, ---, 
[1.241s][info][gc,stats    ] Concurrent Weak References           75 us, parallelism: 0.20x
[1.241s][info][gc,stats    ]   CWRF: <total>                      15 us
[1.241s][info][gc,stats    ]   CWRF: Weak References              15 us, workers (us):  15, ---, ---, 
[1.241s][info][gc,stats    ] Concurrent Weak Roots              4103 us
[1.241s][info][gc,stats    ]   Roots                             441 us, parallelism: 0.94x
[1.241s][info][gc,stats    ]     CWR: <total>                    415 us
[1.241s][info][gc,stats    ]     CWR: Code Cache Roots           305 us, workers (us): 305, ---, ---, 
[1.241s][info][gc,stats    ]     CWR: VM Weak Roots              107 us, workers (us): 107, ---, ---, 
[1.241s][info][gc,stats    ]     CWR: CLDG Roots                   3 us, workers (us):   3, ---, ---, 
[1.241s][info][gc,stats    ]   Rendezvous                       3598 us
[1.241s][info][gc,stats    ] Concurrent Cleanup                   56 us
[1.241s][info][gc,stats    ] Concurrent Class Unloading         8301 us
[1.241s][info][gc,stats    ]   Unlink Stale                     1404 us
[1.241s][info][gc,stats    ]     System Dictionary                 3 us
[1.241s][info][gc,stats    ]     Weak Class Links                  0 us
[1.241s][info][gc,stats    ]     Code Roots                     1400 us
[1.241s][info][gc,stats    ]   Rendezvous                       6738 us
[1.241s][info][gc,stats    ]   Purge Unlinked                     92 us
[1.241s][info][gc,stats    ]     Code Roots                       88 us
[1.241s][info][gc,stats    ]     CLDG                              4 us
[1.241s][info][gc,stats    ]     Exception Caches                  0 us
[1.241s][info][gc,stats    ] Concurrent Strong Roots             114 us, parallelism: 0.62x
[1.241s][info][gc,stats    ]   CSR: <total>                       71 us
[1.241s][info][gc,stats    ]   CSR: VM Strong Roots                5 us, workers (us):   5, ---, ---, 
[1.241s][info][gc,stats    ]   CSR: CLDG Roots                    66 us, workers (us):  66, ---, ---, 
[1.241s][info][gc,stats    ] Concurrent Evacuation              2290 us
[1.241s][info][gc,stats    ] Pause Init Update Refs (G)         8351 us
[1.241s][info][gc,stats    ] Pause Init Update Refs (N)           90 us
[1.241s][info][gc,stats    ]   Manage GCLABs                       8 us
[1.241s][info][gc,stats    ] Concurrent Update Refs            13677 us
[1.241s][info][gc,stats    ] Concurrent Update Thread Roots     1958 us
[1.241s][info][gc,stats    ] Pause Final Update Refs (G)        5058 us
[1.241s][info][gc,stats    ] Pause Final Update Refs (N)         146 us
[1.241s][info][gc,stats    ]   Update Region States               41 us
[1.241s][info][gc,stats    ]   Trash Collection Set                7 us
[1.241s][info][gc,stats    ]   Rebuild Free Set                   17 us
[1.241s][info][gc,stats    ] Concurrent Cleanup                   66 us
[1.242s][info][gc,stats    ] 
[1.242s][info][gc,stats    ] Allocation pacing accrued:
[1.242s][info][gc,stats    ]       0 of   313 ms (  0.0%): <total>
[1.242s][info][gc,stats    ]       0 of   313 ms (  0.0%): <average total>
[1.242s][info][gc,stats    ] 
[1.242s][info][gc,metaspace] Metaspace: 6110K(6272K)->6110K(6272K) NonClass: 5510K(5632K)->5510K(5632K) Class: 599K(640K)->599K(640K)
[1.242s][info][gc,ergo     ] Pacer for Idle. Initial: 20971K, Alloc Tax Rate: 1.0x
[1.304s][info][gc          ] Trigger: Learning 4 of 5. Free (680M) is below initial threshold (716M)
[1.304s][info][gc,ergo     ] Free: 680M, Max: 512K regular, 622M humongous, Frag: 9% external, 0% internal; Reserve: 52736K, Max: 512K
[1.304s][info][gc,start    ] GC(3) Concurrent reset
[1.304s][info][gc,task     ] GC(3) Using 1 of 3 workers for concurrent reset
[1.304s][info][gc,ergo     ] GC(3) Pacer for Reset. Non-Taxable: 1024M
[1.305s][info][gc          ] GC(3) Concurrent reset 0.387ms
[1.305s][info][gc,start    ] GC(3) Pause Init Mark (unload classes)
[1.305s][info][gc,task     ] GC(3) Using 3 of 3 workers for init marking
[1.305s][info][gc,ergo     ] GC(3) Pacer for Mark. Expected Live: 13100K, Free: 679M, Non-Taxable: 69589K, Alloc Tax Rate: 0.0x
[1.305s][info][gc          ] GC(3) Pause Init Mark (unload classes) 0.140ms
[1.305s][info][gc,start    ] GC(3) Concurrent marking roots
[1.305s][info][gc,task     ] GC(3) Using 1 of 3 workers for concurrent marking roots
[1.306s][info][gc          ] GC(3) Concurrent marking roots 0.617ms
[1.306s][info][gc,start    ] GC(3) Concurrent marking (unload classes)
[1.306s][info][gc,task     ] GC(3) Using 1 of 3 workers for concurrent marking
[1.317s][info][gc          ] GC(3) Concurrent marking (unload classes) 11.153ms
[1.317s][info][gc,start    ] GC(3) Pause Final Mark (unload classes)
[1.317s][info][gc,task     ] GC(3) Using 3 of 3 workers for final marking
[1.317s][info][gc,ergo     ] GC(3) Adaptive CSet Selection. Target Free: 145M, Actual Free: 881M, Max CSet: 43690K, Min Garbage: 0B
[1.317s][info][gc,ergo     ] GC(3) Collectable Garbage: 277M (99%), Immediate: 176M (63%), CSet: 100M (36%)
[1.317s][info][gc,ergo     ] GC(3) Pacer for Evacuation. Used CSet: 103M, Free: 830M, Non-Taxable: 85051K, Alloc Tax Rate: 1.1x
[1.317s][info][gc          ] GC(3) Pause Final Mark (unload classes) 0.221ms
[1.320s][info][gc,start    ] GC(3) Concurrent thread roots
[1.320s][info][gc,task     ] GC(3) Using 1 of 3 workers for Concurrent thread roots
[1.321s][info][gc          ] GC(3) Concurrent thread roots 0.496ms
[1.321s][info][gc,start    ] GC(3) Concurrent weak references
[1.321s][info][gc,task     ] GC(3) Using 1 of 3 workers for concurrent weak references
[1.321s][info][gc,ref      ] GC(3) Encountered references: Soft: 164, Weak: 433, Final: 9, Phantom: 21
[1.321s][info][gc,ref      ] GC(3) Discovered  references: Soft: 0, Weak: 234, Final: 7, Phantom: 14
[1.321s][info][gc,ref      ] GC(3) Enqueued    references: Soft: 0, Weak: 0, Final: 0, Phantom: 0
[1.321s][info][gc          ] GC(3) Concurrent weak references 0.058ms
[1.321s][info][gc,start    ] GC(3) Concurrent weak roots
[1.321s][info][gc,task     ] GC(3) Using 1 of 3 workers for concurrent weak root
[1.322s][info][gc          ] GC(3) Concurrent weak roots 1.393ms
[1.322s][info][gc,start    ] GC(3) Concurrent cleanup
[1.322s][info][gc          ] GC(3) Concurrent cleanup 328M->151M(1024M) 0.041ms
[1.322s][info][gc,ergo     ] GC(3) Free: 820M, Max: 512K regular, 734M humongous, Frag: 11% external, 0% internal; Reserve: 52316K, Max: 512K
[1.322s][info][gc,start    ] GC(3) Concurrent class unloading
[1.322s][info][gc,task     ] GC(3) Using 1 of 3 workers for concurrent class unloading
[1.325s][info][gc          ] GC(3) Concurrent class unloading 2.667ms
[1.325s][info][gc,start    ] GC(3) Concurrent strong roots
[1.325s][info][gc,task     ] GC(3) Using 1 of 3 workers for concurrent strong root
[1.325s][info][gc          ] GC(3) Concurrent strong roots 0.079ms
[1.325s][info][gc,start    ] GC(3) Concurrent evacuation
[1.325s][info][gc,task     ] GC(3) Using 1 of 3 workers for concurrent evacuation
[1.327s][info][gc          ] GC(3) Concurrent evacuation 1.891ms
[1.327s][info][gc,start    ] GC(3) Pause Init Update Refs
[1.327s][info][gc,ergo     ] GC(3) Pacer for Update Refs. Used: 161M, Free: 812M, Non-Taxable: 83207K, Alloc Tax Rate: 1.1x
[1.327s][info][gc          ] GC(3) Pause Init Update Refs 0.056ms
[1.344s][info][gc,start    ] GC(3) Concurrent update references
[1.344s][info][gc,task     ] GC(3) Using 1 of 3 workers for concurrent reference update
[1.350s][info][gc          ] GC(3) Concurrent update references 5.942ms
[1.350s][info][gc,start    ] GC(3) Concurrent update thread roots
[1.351s][info][gc          ] GC(3) Concurrent update thread roots 0.574ms
[1.351s][info][gc,start    ] GC(3) Pause Final Update Refs
[1.351s][info][gc,task     ] GC(3) Using 3 of 3 workers for final reference update
[1.351s][info][gc          ] GC(3) Pause Final Update Refs 0.108ms
[1.352s][info][gc,start    ] GC(3) Concurrent cleanup
[1.352s][info][gc          ] GC(3) Concurrent cleanup 201M->98M(1024M) 0.030ms
[1.352s][info][gc,ergo     ] Free: 872M, Max: 512K regular, 733M humongous, Frag: 16% external, 0% internal; Reserve: 52736K, Max: 512K
[1.352s][info][gc,stats    ] 
[1.352s][info][gc,stats    ] All times are wall-clock times, except per-root-class counters, that are sum over
[1.352s][info][gc,stats    ] all workers. Dividing the <total> over the root stage time estimates parallelism.
[1.352s][info][gc,stats    ] 
[1.352s][info][gc,stats    ] Concurrent Reset                    405 us
[1.352s][info][gc,stats    ] Pause Init Mark (G)                 325 us
[1.352s][info][gc,stats    ] Pause Init Mark (N)                 150 us
[1.352s][info][gc,stats    ]   Update Region States               43 us
[1.352s][info][gc,stats    ] Concurrent Mark Roots               628 us, parallelism: 0.90x
[1.352s][info][gc,stats    ]   CMR: <total>                      563 us
[1.352s][info][gc,stats    ]   CMR: Thread Roots                 506 us, workers (us): 506, ---, ---, 
[1.352s][info][gc,stats    ]   CMR: VM Strong Roots                5 us, workers (us):   5, ---, ---, 
[1.352s][info][gc,stats    ]   CMR: CLDG Roots                    51 us, workers (us):  51, ---, ---, 
[1.352s][info][gc,stats    ] Concurrent Marking                11217 us
[1.352s][info][gc,stats    ] Pause Final Mark (G)               3117 us
[1.352s][info][gc,stats    ] Pause Final Mark (N)                230 us
[1.352s][info][gc,stats    ]   Finish Mark                        45 us
[1.352s][info][gc,stats    ]   Update Region States               32 us
[1.352s][info][gc,stats    ]   Choose Collection Set              72 us
[1.352s][info][gc,stats    ]   Rebuild Free Set                    8 us
[1.352s][info][gc,stats    ] Concurrent Thread Roots             506 us, parallelism: 0.89x
[1.352s][info][gc,stats    ]   CTR: <total>                      450 us
[1.352s][info][gc,stats    ]   CTR: Thread Roots                 450 us, workers (us): 450, ---, ---, 
[1.352s][info][gc,stats    ] Concurrent Weak References           65 us, parallelism: 0.16x
[1.352s][info][gc,stats    ]   CWRF: <total>                      10 us
[1.352s][info][gc,stats    ]   CWRF: Weak References              10 us, workers (us):  10, ---, ---, 
[1.352s][info][gc,stats    ] Concurrent Weak Roots              1407 us
[1.352s][info][gc,stats    ]   Roots                             450 us, parallelism: 0.96x
[1.352s][info][gc,stats    ]     CWR: <total>                    434 us
[1.352s][info][gc,stats    ]     CWR: Code Cache Roots           325 us, workers (us): 325, ---, ---, 
[1.352s][info][gc,stats    ]     CWR: VM Weak Roots              107 us, workers (us): 107, ---, ---, 
[1.352s][info][gc,stats    ]     CWR: CLDG Roots                   3 us, workers (us):   3, ---, ---, 
[1.352s][info][gc,stats    ]   Rendezvous                        927 us
[1.352s][info][gc,stats    ] Concurrent Cleanup                   49 us
[1.352s][info][gc,stats    ] Concurrent Class Unloading         2688 us
[1.352s][info][gc,stats    ]   Unlink Stale                     1248 us
[1.352s][info][gc,stats    ]     System Dictionary                 2 us
[1.352s][info][gc,stats    ]     Weak Class Links                  0 us
[1.352s][info][gc,stats    ]     Code Roots                     1245 us
[1.352s][info][gc,stats    ]   Rendezvous                       1351 us
[1.352s][info][gc,stats    ]   Purge Unlinked                     51 us
[1.352s][info][gc,stats    ]     Code Roots                       47 us
[1.352s][info][gc,stats    ]     CLDG                              4 us
[1.352s][info][gc,stats    ]     Exception Caches                  0 us
[1.352s][info][gc,stats    ] Concurrent Strong Roots              87 us, parallelism: 0.58x
[1.352s][info][gc,stats    ]   CSR: <total>                       50 us
[1.352s][info][gc,stats    ]   CSR: VM Strong Roots                4 us, workers (us):   4, ---, ---, 
[1.352s][info][gc,stats    ]   CSR: CLDG Roots                    46 us, workers (us):  46, ---, ---, 
[1.352s][info][gc,stats    ] Concurrent Evacuation              1936 us
[1.352s][info][gc,stats    ] Pause Init Update Refs (G)        17463 us
[1.352s][info][gc,stats    ] Pause Init Update Refs (N)           65 us
[1.352s][info][gc,stats    ]   Manage GCLABs                       3 us
[1.352s][info][gc,stats    ] Concurrent Update Refs             6006 us
[1.352s][info][gc,stats    ] Concurrent Update Thread Roots      590 us
[1.352s][info][gc,stats    ] Pause Final Update Refs (G)         716 us
[1.352s][info][gc,stats    ] Pause Final Update Refs (N)         128 us
[1.352s][info][gc,stats    ]   Update Region States               37 us
[1.352s][info][gc,stats    ]   Trash Collection Set                6 us
[1.352s][info][gc,stats    ]   Rebuild Free Set                   14 us
[1.352s][info][gc,stats    ] Concurrent Cleanup                   39 us
[1.352s][info][gc,stats    ] Pacing                            46365 us
[1.352s][info][gc,stats    ] 
[1.352s][info][gc,stats    ] Allocation pacing accrued:
[1.352s][info][gc,stats    ]       5 of   111 ms (  4.9%): Thread-6
[1.352s][info][gc,stats    ]       5 of   111 ms (  4.8%): Thread-7
[1.352s][info][gc,stats    ]       6 of   111 ms (  5.4%): Thread-8
[1.352s][info][gc,stats    ]       5 of   111 ms (  4.6%): Thread-9
[1.352s][info][gc,stats    ]      19 of   111 ms ( 17.5%): Thread-10
[1.352s][info][gc,stats    ]       5 of   111 ms (  4.8%): Thread-11
[1.352s][info][gc,stats    ]      46 of   111 ms ( 41.9%): <total>
[1.352s][info][gc,stats    ]       2 of   111 ms (  2.1%): <average total>
[1.352s][info][gc,stats    ]       8 of   111 ms (  7.0%): <average non-zero>
[1.352s][info][gc,stats    ] 
[1.352s][info][gc,metaspace] Metaspace: 6110K(6272K)->6110K(6272K) NonClass: 5510K(5632K)->5510K(5632K) Class: 599K(640K)->599K(640K)
[1.352s][info][gc,ergo     ] Pacer for Idle. Initial: 20971K, Alloc Tax Rate: 1.0x
[1.462s][info][gc          ] Trigger: Learning 5 of 5. Free (702M) is below initial threshold (716M)
[1.462s][info][gc,ergo     ] Free: 702M, Max: 512K regular, 702M humongous, Frag: 0% external, 0% internal; Reserve: 52736K, Max: 512K
[1.462s][info][gc,start    ] GC(4) Concurrent reset
[1.462s][info][gc,task     ] GC(4) Using 1 of 3 workers for concurrent reset
[1.462s][info][gc,ergo     ] GC(4) Pacer for Reset. Non-Taxable: 1024M
[1.462s][info][gc          ] GC(4) Concurrent reset 0.572ms
[1.463s][info][gc,start    ] GC(4) Pause Init Mark (unload classes)
[1.463s][info][gc,task     ] GC(4) Using 3 of 3 workers for init marking
[1.463s][info][gc,ergo     ] GC(4) Pacer for Mark. Expected Live: 13417K, Free: 702M, Non-Taxable: 71885K, Alloc Tax Rate: 0.0x
[1.463s][info][gc          ] GC(4) Pause Init Mark (unload classes) 0.140ms
[1.464s][info][gc,start    ] GC(4) Concurrent marking roots
[1.464s][info][gc,task     ] GC(4) Using 1 of 3 workers for concurrent marking roots
[1.464s][info][gc          ] GC(4) Concurrent marking roots 0.694ms
[1.464s][info][gc,start    ] GC(4) Concurrent marking (unload classes)
[1.464s][info][gc,task     ] GC(4) Using 1 of 3 workers for concurrent marking
[1.494s][info][gc          ] GC(4) Concurrent marking (unload classes) 29.095ms
[1.494s][info][gc,start    ] GC(4) Pause Final Mark (unload classes)
[1.494s][info][gc,task     ] GC(4) Using 3 of 3 workers for final marking
[1.494s][info][gc,ergo     ] GC(4) Adaptive CSet Selection. Target Free: 145M, Actual Free: 925M, Max CSet: 43690K, Min Garbage: 0B
[1.494s][info][gc,ergo     ] GC(4) Collectable Garbage: 255M (99%), Immediate: 208M (81%), CSet: 48132K (18%)
[1.494s][info][gc,ergo     ] GC(4) Pacer for Evacuation. Used CSet: 50688K, Free: 874M, Non-Taxable: 89502K, Alloc Tax Rate: 1.1x
[1.494s][info][gc          ] GC(4) Pause Final Mark (unload classes) 0.322ms
[1.502s][info][gc,start    ] GC(4) Concurrent thread roots
[1.502s][info][gc,task     ] GC(4) Using 1 of 3 workers for Concurrent thread roots
[1.503s][info][gc          ] GC(4) Concurrent thread roots 0.543ms
[1.503s][info][gc,start    ] GC(4) Concurrent weak references
[1.503s][info][gc,task     ] GC(4) Using 1 of 3 workers for concurrent weak references
[1.503s][info][gc,ref      ] GC(4) Encountered references: Soft: 164, Weak: 433, Final: 9, Phantom: 21
[1.503s][info][gc,ref      ] GC(4) Discovered  references: Soft: 0, Weak: 234, Final: 7, Phantom: 17
[1.503s][info][gc,ref      ] GC(4) Enqueued    references: Soft: 0, Weak: 0, Final: 0, Phantom: 0
[1.503s][info][gc          ] GC(4) Concurrent weak references 0.066ms
[1.503s][info][gc,start    ] GC(4) Concurrent weak roots
[1.503s][info][gc,task     ] GC(4) Using 1 of 3 workers for concurrent weak root
[1.508s][info][gc          ] GC(4) Concurrent weak roots 5.532ms
[1.508s][info][gc,start    ] GC(4) Concurrent cleanup
[1.508s][info][gc          ] GC(4) Concurrent cleanup 324M->117M(1024M) 0.049ms
[1.508s][info][gc,ergo     ] GC(4) Free: 854M, Max: 512K regular, 648M humongous, Frag: 25% external, 0% internal; Reserve: 52224K, Max: 512K
[1.508s][info][gc,start    ] GC(4) Concurrent class unloading
[1.508s][info][gc,task     ] GC(4) Using 1 of 3 workers for concurrent class unloading
[1.518s][info][gc          ] GC(4) Concurrent class unloading 9.287ms
[1.518s][info][gc,start    ] GC(4) Concurrent strong roots
[1.518s][info][gc,task     ] GC(4) Using 1 of 3 workers for concurrent strong root
[1.518s][info][gc          ] GC(4) Concurrent strong roots 0.086ms
[1.518s][info][gc,start    ] GC(4) Concurrent evacuation
[1.518s][info][gc,task     ] GC(4) Using 1 of 3 workers for concurrent evacuation
[1.519s][info][gc          ] GC(4) Concurrent evacuation 1.359ms
[1.519s][info][gc,start    ] GC(4) Pause Init Update Refs
[1.520s][info][gc,ergo     ] GC(4) Pacer for Update Refs. Used: 135M, Free: 838M, Non-Taxable: 85865K, Alloc Tax Rate: 1.1x
[1.520s][info][gc          ] GC(4) Pause Init Update Refs 0.102ms
[1.538s][info][gc,start    ] GC(4) Concurrent update references
[1.538s][info][gc,task     ] GC(4) Using 1 of 3 workers for concurrent reference update
[1.545s][info][gc          ] GC(4) Concurrent update references 7.200ms
[1.545s][info][gc,start    ] GC(4) Concurrent update thread roots
[1.546s][info][gc          ] GC(4) Concurrent update thread roots 0.583ms
[1.546s][info][gc,start    ] GC(4) Pause Final Update Refs
[1.546s][info][gc,task     ] GC(4) Using 3 of 3 workers for final reference update
[1.546s][info][gc          ] GC(4) Pause Final Update Refs 0.130ms
[1.557s][info][gc,start    ] GC(4) Concurrent cleanup
[1.557s][info][gc          ] GC(4) Concurrent cleanup 197M->147M(1024M) 0.070ms
[1.557s][info][gc,ergo     ] Free: 823M, Max: 512K regular, 647M humongous, Frag: 22% external, 0% internal; Reserve: 52736K, Max: 512K
[1.557s][info][gc,stats    ] 
[1.557s][info][gc,stats    ] All times are wall-clock times, except per-root-class counters, that are sum over
[1.557s][info][gc,stats    ] all workers. Dividing the <total> over the root stage time estimates parallelism.
[1.557s][info][gc,stats    ] 
[1.557s][info][gc,stats    ] Concurrent Reset                    610 us
[1.557s][info][gc,stats    ] Pause Init Mark (G)                1194 us
[1.557s][info][gc,stats    ] Pause Init Mark (N)                 150 us
[1.557s][info][gc,stats    ]   Update Region States               38 us
[1.557s][info][gc,stats    ] Concurrent Mark Roots               712 us, parallelism: 0.87x
[1.557s][info][gc,stats    ]   CMR: <total>                      619 us
[1.557s][info][gc,stats    ]   CMR: Thread Roots                 572 us, workers (us): 572, ---, ---, 
[1.557s][info][gc,stats    ]   CMR: VM Strong Roots                5 us, workers (us):   5, ---, ---, 
[1.557s][info][gc,stats    ]   CMR: CLDG Roots                    42 us, workers (us):  42, ---, ---, 
[1.557s][info][gc,stats    ] Concurrent Marking                29168 us
[1.557s][info][gc,stats    ] Pause Final Mark (G)               8630 us
[1.557s][info][gc,stats    ] Pause Final Mark (N)                333 us
[1.557s][info][gc,stats    ]   Finish Mark                        45 us
[1.557s][info][gc,stats    ]   Update Region States               69 us
[1.557s][info][gc,stats    ]   Choose Collection Set             118 us
[1.557s][info][gc,stats    ]   Rebuild Free Set                   10 us
[1.557s][info][gc,stats    ] Concurrent Thread Roots             555 us, parallelism: 0.81x
[1.557s][info][gc,stats    ]   CTR: <total>                      451 us
[1.557s][info][gc,stats    ]   CTR: Thread Roots                 451 us, workers (us): 451, ---, ---, 
[1.557s][info][gc,stats    ] Concurrent Weak References           73 us, parallelism: 0.22x
[1.557s][info][gc,stats    ]   CWRF: <total>                      16 us
[1.557s][info][gc,stats    ]   CWRF: Weak References              16 us, workers (us):  16, ---, ---, 
[1.557s][info][gc,stats    ] Concurrent Weak Roots              5572 us
[1.557s][info][gc,stats    ]   Roots                             496 us, parallelism: 0.96x
[1.557s][info][gc,stats    ]     CWR: <total>                    475 us
[1.557s][info][gc,stats    ]     CWR: Code Cache Roots           366 us, workers (us): 366, ---, ---, 
[1.557s][info][gc,stats    ]     CWR: VM Weak Roots              106 us, workers (us): 106, ---, ---, 
[1.557s][info][gc,stats    ]     CWR: CLDG Roots                   3 us, workers (us):   3, ---, ---, 
[1.557s][info][gc,stats    ]   Rendezvous                       5019 us
[1.557s][info][gc,stats    ] Concurrent Cleanup                   57 us
[1.557s][info][gc,stats    ] Concurrent Class Unloading         9330 us
[1.557s][info][gc,stats    ]   Unlink Stale                     1451 us
[1.557s][info][gc,stats    ]     System Dictionary                 4 us
[1.557s][info][gc,stats    ]     Weak Class Links                  0 us
[1.557s][info][gc,stats    ]     Code Roots                     1445 us
[1.557s][info][gc,stats    ]   Rendezvous                       7743 us
[1.557s][info][gc,stats    ]   Purge Unlinked                     74 us
[1.557s][info][gc,stats    ]     Code Roots                       70 us
[1.557s][info][gc,stats    ]     CLDG                              4 us
[1.557s][info][gc,stats    ]     Exception Caches                  0 us
[1.557s][info][gc,stats    ] Concurrent Strong Roots             103 us, parallelism: 0.47x
[1.557s][info][gc,stats    ]   CSR: <total>                       48 us
[1.557s][info][gc,stats    ]   CSR: VM Strong Roots                4 us, workers (us):   4, ---, ---, 
[1.557s][info][gc,stats    ]   CSR: CLDG Roots                    44 us, workers (us):  44, ---, ---, 
[1.557s][info][gc,stats    ] Concurrent Evacuation              1407 us
[1.557s][info][gc,stats    ] Pause Init Update Refs (G)        18635 us
[1.557s][info][gc,stats    ] Pause Init Update Refs (N)          111 us
[1.557s][info][gc,stats    ]   Manage GCLABs                       7 us
[1.558s][info][gc,stats    ] Concurrent Update Refs             7247 us
[1.558s][info][gc,stats    ] Concurrent Update Thread Roots      598 us
[1.558s][info][gc,stats    ] Pause Final Update Refs (G)       11209 us
[1.558s][info][gc,stats    ] Pause Final Update Refs (N)         151 us
[1.558s][info][gc,stats    ]   Update Region States               37 us
[1.558s][info][gc,stats    ]   Trash Collection Set                5 us
[1.558s][info][gc,stats    ]   Rebuild Free Set                   21 us
[1.558s][info][gc,stats    ] Concurrent Cleanup                   81 us
[1.558s][info][gc,stats    ] Pacing                            37241 us
[1.558s][info][gc,stats    ] 
[1.558s][info][gc,stats    ] Allocation pacing accrued:
[1.558s][info][gc,stats    ]       7 of   205 ms (  3.2%): Thread-6
[1.558s][info][gc,stats    ]       6 of   205 ms (  3.0%): Thread-7
[1.558s][info][gc,stats    ]       7 of   205 ms (  3.2%): Thread-8
[1.558s][info][gc,stats    ]       6 of   205 ms (  2.9%): Thread-9
[1.558s][info][gc,stats    ]       6 of   205 ms (  3.1%): Thread-10
[1.558s][info][gc,stats    ]       6 of   205 ms (  2.8%): Thread-11
[1.558s][info][gc,stats    ]      37 of   205 ms ( 18.1%): <total>
[1.558s][info][gc,stats    ]       2 of   205 ms (  0.9%): <average total>
[1.558s][info][gc,stats    ]       6 of   205 ms (  3.0%): <average non-zero>
[1.558s][info][gc,stats    ] 
[1.558s][info][gc,metaspace] Metaspace: 6111K(6272K)->6111K(6272K) NonClass: 5511K(5632K)->5511K(5632K) Class: 599K(640K)->599K(640K)
[1.558s][info][gc,ergo     ] Pacer for Idle. Initial: 20971K, Alloc Tax Rate: 1.0x
[1.920s][info][gc          ] Trigger: Average GC time (124.07 ms) is above the time for average allocation rate (1646 MB/s) to deplete free headroom (202M) (margin of error = 1.80)
[1.920s][info][gc,ergo     ] Free headroom: 254M (free) - 52428K (spike) - 0B (penalties) = 202M
[1.920s][info][gc,ergo     ] Free: 254M, Max: 512K regular, 254M humongous, Frag: 0% external, 0% internal; Reserve: 52736K, Max: 512K
[1.920s][info][gc,start    ] GC(5) Concurrent reset
[1.920s][info][gc,task     ] GC(5) Using 1 of 3 workers for concurrent reset
[1.920s][info][gc,ergo     ] GC(5) Pacer for Reset. Non-Taxable: 1024M
[1.921s][info][gc          ] GC(5) Concurrent reset 0.313ms
[1.921s][info][gc,start    ] GC(5) Pause Init Mark (unload classes)
[1.921s][info][gc,task     ] GC(5) Using 3 of 3 workers for init marking
[1.921s][info][gc,ergo     ] GC(5) Pacer for Mark. Expected Live: 13619K, Free: 253M, Non-Taxable: 25963K, Alloc Tax Rate: 0.1x
[1.923s][info][gc          ] GC(5) Pause Init Mark (unload classes) 2.456ms
[1.928s][info][gc,start    ] GC(5) Concurrent marking roots
[1.928s][info][gc,task     ] GC(5) Using 1 of 3 workers for concurrent marking roots
[1.929s][info][gc          ] GC(5) Concurrent marking roots 0.546ms
[1.929s][info][gc,start    ] GC(5) Concurrent marking (unload classes)
[1.929s][info][gc,task     ] GC(5) Using 1 of 3 workers for concurrent marking
[1.944s][info][gc          ] GC(5) Concurrent marking (unload classes) 15.449ms
[1.944s][info][gc,start    ] GC(5) Pause Final Mark (unload classes)
[1.944s][info][gc,task     ] GC(5) Using 3 of 3 workers for final marking
[1.945s][info][gc,ergo     ] GC(5) Adaptive CSet Selection. Target Free: 145M, Actual Free: 850M, Max CSet: 43690K, Min Garbage: 0B
[1.945s][info][gc,ergo     ] GC(5) Collectable Garbage: 703M (99%), Immediate: 579M (82%), CSet: 123M (17%)
[1.945s][info][gc,ergo     ] GC(5) Pacer for Evacuation. Used CSet: 126M, Free: 798M, Non-Taxable: 81766K, Alloc Tax Rate: 1.1x
[1.945s][info][gc          ] GC(5) Pause Final Mark (unload classes) 0.239ms
[1.945s][info][gc,start    ] GC(5) Concurrent thread roots
[1.945s][info][gc,task     ] GC(5) Using 1 of 3 workers for Concurrent thread roots
[1.945s][info][gc          ] GC(5) Concurrent thread roots 0.555ms
[1.945s][info][gc,start    ] GC(5) Concurrent weak references
[1.945s][info][gc,task     ] GC(5) Using 1 of 3 workers for concurrent weak references
[1.945s][info][gc,ref      ] GC(5) Encountered references: Soft: 164, Weak: 433, Final: 9, Phantom: 21
[1.945s][info][gc,ref      ] GC(5) Discovered  references: Soft: 0, Weak: 234, Final: 7, Phantom: 14
[1.945s][info][gc,ref      ] GC(5) Enqueued    references: Soft: 0, Weak: 0, Final: 0, Phantom: 0
[1.945s][info][gc          ] GC(5) Concurrent weak references 0.063ms
[1.945s][info][gc,start    ] GC(5) Concurrent weak roots
[1.945s][info][gc,task     ] GC(5) Using 1 of 3 workers for concurrent weak root
[1.952s][info][gc          ] GC(5) Concurrent weak roots 6.871ms
[1.952s][info][gc,start    ] GC(5) Concurrent cleanup
[1.952s][info][gc          ] GC(5) Concurrent cleanup 767M->188M(1024M) 0.096ms
[1.952s][info][gc,ergo     ] GC(5) Free: 784M, Max: 512K regular, 473M humongous, Frag: 40% external, 0% internal; Reserve: 51695K, Max: 512K
[1.952s][info][gc,start    ] GC(5) Concurrent class unloading
[1.952s][info][gc,task     ] GC(5) Using 1 of 3 workers for concurrent class unloading
[1.968s][info][gc          ] GC(5) Concurrent class unloading 15.765ms
[1.968s][info][gc,start    ] GC(5) Concurrent strong roots
[1.968s][info][gc,task     ] GC(5) Using 1 of 3 workers for concurrent strong root
[1.968s][info][gc          ] GC(5) Concurrent strong roots 0.082ms
[1.968s][info][gc,start    ] GC(5) Concurrent evacuation
[1.968s][info][gc,task     ] GC(5) Using 1 of 3 workers for concurrent evacuation
[1.970s][info][gc          ] GC(5) Concurrent evacuation 2.163ms
[1.971s][info][gc,start    ] GC(5) Pause Init Update Refs
[1.971s][info][gc,ergo     ] GC(5) Pacer for Update Refs. Used: 225M, Free: 749M, Non-Taxable: 76749K, Alloc Tax Rate: 1.1x
[1.971s][info][gc          ] GC(5) Pause Init Update Refs 0.065ms
[1.983s][info][gc,start    ] GC(5) Concurrent update references
[1.983s][info][gc,task     ] GC(5) Using 1 of 3 workers for concurrent reference update
[1.990s][info][gc          ] GC(5) Concurrent update references 7.117ms
[1.990s][info][gc,start    ] GC(5) Concurrent update thread roots
[1.990s][info][gc          ] GC(5) Concurrent update thread roots 0.600ms
[1.990s][info][gc,start    ] GC(5) Pause Final Update Refs
[1.990s][info][gc,task     ] GC(5) Using 3 of 3 workers for final reference update
[1.990s][info][gc          ] GC(5) Pause Final Update Refs 0.083ms
[2.002s][info][gc,start    ] GC(5) Concurrent cleanup
[2.002s][info][gc          ] GC(5) Concurrent cleanup 278M->151M(1024M) 0.042ms
[2.002s][info][gc,ergo     ] Free: 819M, Max: 512K regular, 615M humongous, Frag: 25% external, 0% internal; Reserve: 52736K, Max: 512K
[2.002s][info][gc,stats    ] 
[2.002s][info][gc,stats    ] All times are wall-clock times, except per-root-class counters, that are sum over
[2.002s][info][gc,stats    ] all workers. Dividing the <total> over the root stage time estimates parallelism.
[2.002s][info][gc,stats    ] 
[2.002s][info][gc,stats    ] Concurrent Reset                    332 us
[2.002s][info][gc,stats    ] Pause Init Mark (G)                7518 us
[2.002s][info][gc,stats    ] Pause Init Mark (N)                2508 us
[2.002s][info][gc,stats    ]   Update Region States               43 us
[2.002s][info][gc,stats    ] Concurrent Mark Roots               557 us, parallelism: 0.84x
[2.002s][info][gc,stats    ]   CMR: <total>                      467 us
[2.002s][info][gc,stats    ]   CMR: Thread Roots                 420 us, workers (us): 420, ---, ---, 
[2.002s][info][gc,stats    ]   CMR: VM Strong Roots                5 us, workers (us):   5, ---, ---, 
[2.002s][info][gc,stats    ]   CMR: CLDG Roots                    42 us, workers (us):  42, ---, ---, 
[2.002s][info][gc,stats    ] Concurrent Marking                15507 us
[2.002s][info][gc,stats    ] Pause Final Mark (G)                371 us
[2.002s][info][gc,stats    ] Pause Final Mark (N)                248 us
[2.002s][info][gc,stats    ]   Finish Mark                        46 us
[2.002s][info][gc,stats    ]   Update Region States               39 us
[2.002s][info][gc,stats    ]   Choose Collection Set              77 us
[2.002s][info][gc,stats    ]   Rebuild Free Set                    8 us
[2.002s][info][gc,stats    ] Concurrent Thread Roots             570 us, parallelism: 0.89x
[2.002s][info][gc,stats    ]   CTR: <total>                      509 us
[2.002s][info][gc,stats    ]   CTR: Thread Roots                 509 us, workers (us): 509, ---, ---, 
[2.002s][info][gc,stats    ] Concurrent Weak References           70 us, parallelism: 0.18x
[2.002s][info][gc,stats    ]   CWRF: <total>                      12 us
[2.002s][info][gc,stats    ]   CWRF: Weak References              12 us, workers (us):  12, ---, ---, 
[2.002s][info][gc,stats    ] Concurrent Weak Roots              6916 us
[2.002s][info][gc,stats    ]   Roots                             447 us, parallelism: 0.95x
[2.002s][info][gc,stats    ]     CWR: <total>                    424 us
[2.002s][info][gc,stats    ]     CWR: Code Cache Roots           322 us, workers (us): 322, ---, ---, 
[2.002s][info][gc,stats    ]     CWR: VM Weak Roots              100 us, workers (us): 100, ---, ---, 
[2.002s][info][gc,stats    ]     CWR: CLDG Roots                   3 us, workers (us):   3, ---, ---, 
[2.002s][info][gc,stats    ]   Rendezvous                       6404 us
[2.002s][info][gc,stats    ] Concurrent Cleanup                  105 us
[2.002s][info][gc,stats    ] Concurrent Class Unloading        15822 us
[2.002s][info][gc,stats    ]   Unlink Stale                     1478 us
[2.002s][info][gc,stats    ]     System Dictionary                 8 us
[2.002s][info][gc,stats    ]     Weak Class Links                  0 us
[2.002s][info][gc,stats    ]     Code Roots                     1468 us
[2.002s][info][gc,stats    ]   Rendezvous                      14151 us
[2.002s][info][gc,stats    ]   Purge Unlinked                    109 us
[2.002s][info][gc,stats    ]     Code Roots                      104 us
[2.002s][info][gc,stats    ]     CLDG                              5 us
[2.002s][info][gc,stats    ]     Exception Caches                  0 us
[2.002s][info][gc,stats    ] Concurrent Strong Roots              90 us, parallelism: 0.54x
[2.002s][info][gc,stats    ]   CSR: <total>                       49 us
[2.002s][info][gc,stats    ]   CSR: VM Strong Roots                4 us, workers (us):   4, ---, ---, 
[2.002s][info][gc,stats    ]   CSR: CLDG Roots                    45 us, workers (us):  45, ---, ---, 
[2.002s][info][gc,stats    ] Concurrent Evacuation              2210 us
[2.002s][info][gc,stats    ] Pause Init Update Refs (G)        12014 us
[2.003s][info][gc,stats    ] Pause Init Update Refs (N)           74 us
[2.003s][info][gc,stats    ]   Manage GCLABs                       4 us
[2.003s][info][gc,stats    ] Concurrent Update Refs             7189 us
[2.003s][info][gc,stats    ] Concurrent Update Thread Roots      620 us
[2.003s][info][gc,stats    ] Pause Final Update Refs (G)       11697 us
[2.003s][info][gc,stats    ] Pause Final Update Refs (N)         119 us
[2.003s][info][gc,stats    ]   Update Region States               33 us
[2.003s][info][gc,stats    ]   Trash Collection Set                7 us
[2.003s][info][gc,stats    ]   Rebuild Free Set                   14 us
[2.003s][info][gc,stats    ] Concurrent Cleanup                   52 us
[2.003s][info][gc,stats    ] Pacing                            10509 us
[2.003s][info][gc,stats    ] 
[2.003s][info][gc,stats    ] Allocation pacing accrued:
[2.003s][info][gc,stats    ]       2 of   445 ms (  0.5%): Thread-6
[2.003s][info][gc,stats    ]       2 of   445 ms (  0.4%): Thread-7
[2.003s][info][gc,stats    ]       2 of   445 ms (  0.4%): Thread-8
[2.003s][info][gc,stats    ]       2 of   445 ms (  0.4%): Thread-9
[2.003s][info][gc,stats    ]       1 of   445 ms (  0.2%): Thread-10
[2.003s][info][gc,stats    ]       2 of   445 ms (  0.4%): Thread-11
[2.003s][info][gc,stats    ]      11 of   445 ms (  2.4%): <total>
[2.003s][info][gc,stats    ]       1 of   445 ms (  0.1%): <average total>
[2.003s][info][gc,stats    ]       2 of   445 ms (  0.4%): <average non-zero>
[2.003s][info][gc,stats    ] 
[2.003s][info][gc,metaspace] Metaspace: 6111K(6272K)->6111K(6272K) NonClass: 5511K(5632K)->5511K(5632K) Class: 599K(640K)->599K(640K)
[2.003s][info][gc,ergo     ] Pacer for Idle. Initial: 20971K, Alloc Tax Rate: 1.0x
[2.316s][info][gc          ] Trigger: Average GC time (114.01 ms) is above the time for average allocation rate (1811 MB/s) to deplete free headroom (196M) (margin of error = 1.81)
[2.316s][info][gc,ergo     ] Free headroom: 248M (free) - 52428K (spike) - 0B (penalties) = 196M
[2.316s][info][gc,ergo     ] Free: 248M, Max: 512K regular, 204M humongous, Frag: 18% external, 0% internal; Reserve: 52736K, Max: 512K
[2.316s][info][gc,start    ] GC(6) Concurrent reset
[2.316s][info][gc,task     ] GC(6) Using 1 of 3 workers for concurrent reset
[2.316s][info][gc,ergo     ] GC(6) Pacer for Reset. Non-Taxable: 1024M
[2.317s][info][gc          ] GC(6) Concurrent reset 0.639ms
[2.317s][info][gc,start    ] GC(6) Pause Init Mark (unload classes)
[2.317s][info][gc,task     ] GC(6) Using 3 of 3 workers for init marking
[2.317s][info][gc,ergo     ] GC(6) Pacer for Mark. Expected Live: 14408K, Free: 248M, Non-Taxable: 25395K, Alloc Tax Rate: 0.1x
[2.317s][info][gc          ] GC(6) Pause Init Mark (unload classes) 0.129ms
[2.325s][info][gc,start    ] GC(6) Concurrent marking roots
[2.325s][info][gc,task     ] GC(6) Using 1 of 3 workers for concurrent marking roots
[2.325s][info][gc          ] GC(6) Concurrent marking roots 0.575ms
[2.325s][info][gc,start    ] GC(6) Concurrent marking (unload classes)
[2.325s][info][gc,task     ] GC(6) Using 1 of 3 workers for concurrent marking
[2.358s][info][gc          ] GC(6) Concurrent marking (unload classes) 32.242ms
[2.358s][info][gc,start    ] GC(6) Pause Final Mark (unload classes)
[2.358s][info][gc,task     ] GC(6) Using 3 of 3 workers for final marking
[2.358s][info][gc,ergo     ] GC(6) Adaptive CSet Selection. Target Free: 145M, Actual Free: 819M, Max CSet: 43690K, Min Garbage: 0B
[2.358s][info][gc,ergo     ] GC(6) Collectable Garbage: 709M (99%), Immediate: 595M (83%), CSet: 113M (16%)
[2.358s][info][gc,ergo     ] GC(6) Pacer for Evacuation. Used CSet: 116M, Free: 767M, Non-Taxable: 78592K, Alloc Tax Rate: 1.1x
[2.358s][info][gc          ] GC(6) Pause Final Mark (unload classes) 0.257ms
[2.358s][info][gc,start    ] GC(6) Concurrent thread roots
[2.358s][info][gc,task     ] GC(6) Using 1 of 3 workers for Concurrent thread roots
[2.358s][info][gc          ] GC(6) Concurrent thread roots 0.510ms
[2.358s][info][gc,start    ] GC(6) Concurrent weak references
[2.358s][info][gc,task     ] GC(6) Using 1 of 3 workers for concurrent weak references
[2.359s][info][gc,ref      ] GC(6) Encountered references: Soft: 164, Weak: 433, Final: 9, Phantom: 21
[2.359s][info][gc,ref      ] GC(6) Discovered  references: Soft: 0, Weak: 234, Final: 7, Phantom: 14
[2.359s][info][gc,ref      ] GC(6) Enqueued    references: Soft: 0, Weak: 0, Final: 0, Phantom: 0
[2.359s][info][gc          ] GC(6) Concurrent weak references 0.062ms
[2.359s][info][gc,start    ] GC(6) Concurrent weak roots
[2.359s][info][gc,task     ] GC(6) Using 1 of 3 workers for concurrent weak root
[2.364s][info][gc          ] GC(6) Concurrent weak roots 4.973ms
[2.364s][info][gc,start    ] GC(6) Concurrent cleanup
[2.364s][info][gc          ] GC(6) Concurrent cleanup 810M->215M(1024M) 0.089ms
[2.364s][info][gc,ergo     ] GC(6) Free: 756M, Max: 512K regular, 302M humongous, Frag: 61% external, 0% internal; Reserve: 52373K, Max: 512K
[2.364s][info][gc,start    ] GC(6) Concurrent class unloading
[2.364s][info][gc,task     ] GC(6) Using 1 of 3 workers for concurrent class unloading
[2.365s][info][gc          ] GC(6) Concurrent class unloading 1.488ms
[2.365s][info][gc,start    ] GC(6) Concurrent strong roots
[2.365s][info][gc,task     ] GC(6) Using 1 of 3 workers for concurrent strong root
[2.365s][info][gc          ] GC(6) Concurrent strong roots 0.079ms
[2.365s][info][gc,start    ] GC(6) Concurrent evacuation
[2.365s][info][gc,task     ] GC(6) Using 1 of 3 workers for concurrent evacuation
[2.367s][info][gc          ] GC(6) Concurrent evacuation 2.008ms
[2.367s][info][gc,start    ] GC(6) Pause Init Update Refs
[2.367s][info][gc,ergo     ] GC(6) Pacer for Update Refs. Used: 222M, Free: 751M, Non-Taxable: 76954K, Alloc Tax Rate: 1.1x
[2.367s][info][gc          ] GC(6) Pause Init Update Refs 0.050ms
[2.391s][info][gc,start    ] GC(6) Concurrent update references
[2.391s][info][gc,task     ] GC(6) Using 1 of 3 workers for concurrent reference update
[2.404s][info][gc          ] GC(6) Concurrent update references 12.960ms
[2.404s][info][gc,start    ] GC(6) Concurrent update thread roots
[2.405s][info][gc          ] GC(6) Concurrent update thread roots 0.508ms
[2.405s][info][gc,start    ] GC(6) Pause Final Update Refs
[2.405s][info][gc,task     ] GC(6) Using 3 of 3 workers for final reference update
[2.405s][info][gc          ] GC(6) Pause Final Update Refs 0.119ms
[2.409s][info][gc,start    ] GC(6) Concurrent cleanup
[2.409s][info][gc          ] GC(6) Concurrent cleanup 291M->175M(1024M) 0.043ms
[2.409s][info][gc,ergo     ] Free: 796M, Max: 512K regular, 586M humongous, Frag: 27% external, 0% internal; Reserve: 52736K, Max: 512K
[2.409s][info][gc,stats    ] 
[2.409s][info][gc,stats    ] All times are wall-clock times, except per-root-class counters, that are sum over
[2.409s][info][gc,stats    ] all workers. Dividing the <total> over the root stage time estimates parallelism.
[2.409s][info][gc,stats    ] 
[2.409s][info][gc,stats    ] Concurrent Reset                    668 us
[2.409s][info][gc,stats    ] Pause Init Mark (G)                8085 us
[2.409s][info][gc,stats    ] Pause Init Mark (N)                 138 us
[2.409s][info][gc,stats    ]   Update Region States               45 us
[2.409s][info][gc,stats    ] Concurrent Mark Roots               587 us, parallelism: 0.84x
[2.409s][info][gc,stats    ]   CMR: <total>                      496 us
[2.409s][info][gc,stats    ]   CMR: Thread Roots                 444 us, workers (us): 444, ---, ---, 
[2.409s][info][gc,stats    ]   CMR: VM Strong Roots                6 us, workers (us):   6, ---, ---, 
[2.409s][info][gc,stats    ]   CMR: CLDG Roots                    46 us, workers (us):  46, ---, ---, 
[2.409s][info][gc,stats    ] Concurrent Marking                32300 us
[2.409s][info][gc,stats    ] Pause Final Mark (G)                388 us
[2.409s][info][gc,stats    ] Pause Final Mark (N)                267 us
[2.409s][info][gc,stats    ]   Finish Mark                        54 us
[2.409s][info][gc,stats    ]   Update Region States               39 us
[2.409s][info][gc,stats    ]   Choose Collection Set              84 us
[2.409s][info][gc,stats    ]   Rebuild Free Set                    9 us
[2.409s][info][gc,stats    ] Concurrent Thread Roots             521 us, parallelism: 0.89x
[2.409s][info][gc,stats    ]   CTR: <total>                      464 us
[2.409s][info][gc,stats    ]   CTR: Thread Roots                 464 us, workers (us): 464, ---, ---, 
[2.409s][info][gc,stats    ] Concurrent Weak References           69 us, parallelism: 0.19x
[2.409s][info][gc,stats    ]   CWRF: <total>                      13 us
[2.409s][info][gc,stats    ]   CWRF: Weak References              13 us, workers (us):  13, ---, ---, 
[2.409s][info][gc,stats    ] Concurrent Weak Roots              4996 us
[2.409s][info][gc,stats    ]   Roots                             449 us, parallelism: 0.96x
[2.409s][info][gc,stats    ]     CWR: <total>                    433 us
[2.409s][info][gc,stats    ]     CWR: Code Cache Roots           319 us, workers (us): 319, ---, ---, 
[2.409s][info][gc,stats    ]     CWR: VM Weak Roots              111 us, workers (us): 111, ---, ---, 
[2.409s][info][gc,stats    ]     CWR: CLDG Roots                   3 us, workers (us):   3, ---, ---, 
[2.409s][info][gc,stats    ]   Rendezvous                       4508 us
[2.409s][info][gc,stats    ] Concurrent Cleanup                   98 us
[2.409s][info][gc,stats    ] Concurrent Class Unloading         1512 us
[2.409s][info][gc,stats    ]   Unlink Stale                     1380 us
[2.409s][info][gc,stats    ]     System Dictionary                 3 us
[2.409s][info][gc,stats    ]     Weak Class Links                  0 us
[2.409s][info][gc,stats    ]     Code Roots                     1376 us
[2.409s][info][gc,stats    ]   Rendezvous                         53 us
[2.409s][info][gc,stats    ]   Purge Unlinked                     39 us
[2.409s][info][gc,stats    ]     Code Roots                       35 us
[2.409s][info][gc,stats    ]     CLDG                              4 us
[2.409s][info][gc,stats    ]     Exception Caches                  0 us
[2.409s][info][gc,stats    ] Concurrent Strong Roots              87 us, parallelism: 0.58x
[2.409s][info][gc,stats    ]   CSR: <total>                       50 us
[2.409s][info][gc,stats    ]   CSR: VM Strong Roots                4 us, workers (us):   4, ---, ---, 
[2.409s][info][gc,stats    ]   CSR: CLDG Roots                    47 us, workers (us):  47, ---, ---, 
[2.409s][info][gc,stats    ] Concurrent Evacuation              2052 us
[2.409s][info][gc,stats    ] Pause Init Update Refs (G)        23763 us
[2.409s][info][gc,stats    ] Pause Init Update Refs (N)           59 us
[2.409s][info][gc,stats    ]   Manage GCLABs                       3 us
[2.409s][info][gc,stats    ] Concurrent Update Refs            13014 us
[2.409s][info][gc,stats    ] Concurrent Update Thread Roots      524 us
[2.409s][info][gc,stats    ] Pause Final Update Refs (G)        4038 us
[2.409s][info][gc,stats    ] Pause Final Update Refs (N)         153 us
[2.409s][info][gc,stats    ]   Update Region States               39 us
[2.409s][info][gc,stats    ]   Trash Collection Set                7 us
[2.409s][info][gc,stats    ]   Rebuild Free Set                   15 us
[2.409s][info][gc,stats    ] Concurrent Cleanup                   52 us
[2.409s][info][gc,stats    ] Pacing                            21753 us
[2.409s][info][gc,stats    ] 
[2.409s][info][gc,stats    ] Allocation pacing accrued:
[2.409s][info][gc,stats    ]       4 of   407 ms (  0.9%): Thread-6
[2.409s][info][gc,stats    ]       4 of   407 ms (  1.1%): Thread-7
[2.409s][info][gc,stats    ]       3 of   407 ms (  0.6%): Thread-8
[2.409s][info][gc,stats    ]       3 of   407 ms (  0.8%): Thread-9
[2.409s][info][gc,stats    ]       4 of   407 ms (  1.0%): Thread-10
[2.409s][info][gc,stats    ]       4 of   407 ms (  1.0%): Thread-11
[2.409s][info][gc,stats    ]      22 of   407 ms (  5.4%): <total>
[2.409s][info][gc,stats    ]       1 of   407 ms (  0.3%): <average total>
[2.409s][info][gc,stats    ]       4 of   407 ms (  0.9%): <average non-zero>
[2.409s][info][gc,stats    ] 
[2.409s][info][gc,metaspace] Metaspace: 6112K(6272K)->6112K(6272K) NonClass: 5512K(5632K)->5512K(5632K) Class: 599K(640K)->599K(640K)
[2.409s][info][gc,ergo     ] Pacer for Idle. Initial: 20971K, Alloc Tax Rate: 1.0x
[2.616s][info][gc          ] Trigger: Average GC time (114.35 ms) is above the time for average allocation rate (2287 MB/s) to deplete free headroom (223M) (margin of error = 1.82)
[2.616s][info][gc,ergo     ] Free headroom: 274M (free) - 52428K (spike) - 0B (penalties) = 223M
[2.616s][info][gc,ergo     ] Free: 274M, Max: 512K regular, 161M humongous, Frag: 42% external, 0% internal; Reserve: 52736K, Max: 512K
[2.616s][info][gc,start    ] GC(7) Concurrent reset
[2.616s][info][gc,task     ] GC(7) Using 1 of 3 workers for concurrent reset
[2.616s][info][gc,ergo     ] GC(7) Pacer for Reset. Non-Taxable: 1024M
[2.617s][info][gc          ] GC(7) Concurrent reset 0.545ms
[2.617s][info][gc,start    ] GC(7) Pause Init Mark (unload classes)
[2.617s][info][gc,task     ] GC(7) Using 3 of 3 workers for init marking
[2.617s][info][gc,ergo     ] GC(7) Pacer for Mark. Expected Live: 14429K, Free: 271M, Non-Taxable: 27802K, Alloc Tax Rate: 0.1x
[2.617s][info][gc          ] GC(7) Pause Init Mark (unload classes) 0.180ms
[2.624s][info][gc,start    ] GC(7) Concurrent marking roots
[2.624s][info][gc,task     ] GC(7) Using 1 of 3 workers for concurrent marking roots
[2.624s][info][gc          ] GC(7) Concurrent marking roots 0.558ms
[2.624s][info][gc,start    ] GC(7) Concurrent marking (unload classes)
[2.624s][info][gc,task     ] GC(7) Using 1 of 3 workers for concurrent marking
[2.632s][info][gc          ] GC(7) Concurrent marking (unload classes) 8.051ms
[2.632s][info][gc,start    ] GC(7) Pause Final Mark (unload classes)
[2.632s][info][gc,task     ] GC(7) Using 3 of 3 workers for final marking
[2.633s][info][gc,ergo     ] GC(7) Adaptive CSet Selection. Target Free: 145M, Actual Free: 874M, Max CSet: 43690K, Min Garbage: 0B
[2.633s][info][gc,ergo     ] GC(7) Collectable Garbage: 685M (99%), Immediate: 583M (85%), CSet: 101M (14%)
[2.633s][info][gc,ergo     ] GC(7) Pacer for Evacuation. Used CSet: 104M, Free: 823M, Non-Taxable: 84275K, Alloc Tax Rate: 1.1x
[2.633s][info][gc          ] GC(7) Pause Final Mark (unload classes) 0.374ms
[2.633s][info][gc,start    ] GC(7) Concurrent thread roots
[2.633s][info][gc,task     ] GC(7) Using 1 of 3 workers for Concurrent thread roots
[2.633s][info][gc          ] GC(7) Concurrent thread roots 0.546ms
[2.633s][info][gc,start    ] GC(7) Concurrent weak references
[2.633s][info][gc,task     ] GC(7) Using 1 of 3 workers for concurrent weak references
[2.633s][info][gc,ref      ] GC(7) Encountered references: Soft: 164, Weak: 433, Final: 9, Phantom: 21
[2.633s][info][gc,ref      ] GC(7) Discovered  references: Soft: 0, Weak: 234, Final: 7, Phantom: 14
[2.633s][info][gc,ref      ] GC(7) Enqueued    references: Soft: 0, Weak: 0, Final: 0, Phantom: 0
[2.633s][info][gc          ] GC(7) Concurrent weak references 0.076ms
[2.633s][info][gc,start    ] GC(7) Concurrent weak roots
[2.633s][info][gc,task     ] GC(7) Using 1 of 3 workers for concurrent weak root
[2.640s][info][gc          ] GC(7) Concurrent weak roots 6.892ms
[2.640s][info][gc,start    ] GC(7) Concurrent cleanup
[2.640s][info][gc          ] GC(7) Concurrent cleanup 745M->161M(1024M) 0.082ms
[2.641s][info][gc,ergo     ] GC(7) Free: 810M, Max: 512K regular, 315M humongous, Frag: 62% external, 0% internal; Reserve: 51901K, Max: 512K
[2.641s][info][gc,start    ] GC(7) Concurrent class unloading
[2.641s][info][gc,task     ] GC(7) Using 1 of 3 workers for concurrent class unloading
[2.642s][info][gc          ] GC(7) Concurrent class unloading 1.844ms
[2.642s][info][gc,start    ] GC(7) Concurrent strong roots
[2.642s][info][gc,task     ] GC(7) Using 1 of 3 workers for concurrent strong root
[2.642s][info][gc          ] GC(7) Concurrent strong roots 0.080ms
[2.642s][info][gc,start    ] GC(7) Concurrent evacuation
[2.642s][info][gc,task     ] GC(7) Using 1 of 3 workers for concurrent evacuation
[2.644s][info][gc          ] GC(7) Concurrent evacuation 1.779ms
[2.644s][info][gc,start    ] GC(7) Pause Init Update Refs
[2.644s][info][gc,ergo     ] GC(7) Pacer for Update Refs. Used: 169M, Free: 805M, Non-Taxable: 82432K, Alloc Tax Rate: 1.1x
[2.644s][info][gc          ] GC(7) Pause Init Update Refs 0.072ms
[2.648s][info][gc,start    ] GC(7) Concurrent update references
[2.648s][info][gc,task     ] GC(7) Using 1 of 3 workers for concurrent reference update
[2.655s][info][gc          ] GC(7) Concurrent update references 6.852ms
[2.655s][info][gc,start    ] GC(7) Concurrent update thread roots
[2.657s][info][gc          ] GC(7) Concurrent update thread roots 2.278ms
[2.657s][info][gc,start    ] GC(7) Pause Final Update Refs
[2.657s][info][gc,task     ] GC(7) Using 3 of 3 workers for final reference update
[2.657s][info][gc          ] GC(7) Pause Final Update Refs 0.115ms
[2.663s][info][gc,start    ] GC(7) Concurrent cleanup
[2.663s][info][gc          ] GC(7) Concurrent cleanup 197M->93M(1024M) 0.043ms
[2.663s][info][gc,ergo     ] Free: 878M, Max: 512K regular, 561M humongous, Frag: 37% external, 0% internal; Reserve: 52736K, Max: 512K
[2.663s][info][gc,stats    ] 
[2.663s][info][gc,stats    ] All times are wall-clock times, except per-root-class counters, that are sum over
[2.663s][info][gc,stats    ] all workers. Dividing the <total> over the root stage time estimates parallelism.
[2.663s][info][gc,stats    ] 
[2.663s][info][gc,stats    ] Concurrent Reset                    576 us
[2.663s][info][gc,stats    ] Pause Init Mark (G)                7058 us
[2.663s][info][gc,stats    ] Pause Init Mark (N)                 193 us
[2.663s][info][gc,stats    ]   Update Region States               57 us
[2.663s][info][gc,stats    ] Concurrent Mark Roots               570 us, parallelism: 0.77x
[2.663s][info][gc,stats    ]   CMR: <total>                      437 us
[2.663s][info][gc,stats    ]   CMR: Thread Roots                 387 us, workers (us): 387, ---, ---, 
[2.663s][info][gc,stats    ]   CMR: VM Strong Roots                5 us, workers (us):   5, ---, ---, 
[2.663s][info][gc,stats    ]   CMR: CLDG Roots                    45 us, workers (us):  45, ---, ---, 
[2.663s][info][gc,stats    ] Concurrent Marking                 8101 us
[2.663s][info][gc,stats    ] Pause Final Mark (G)                506 us
[2.663s][info][gc,stats    ] Pause Final Mark (N)                396 us
[2.663s][info][gc,stats    ]   Finish Mark                        61 us
[2.663s][info][gc,stats    ]   Update Region States               71 us
[2.663s][info][gc,stats    ]   Choose Collection Set             130 us
[2.663s][info][gc,stats    ]   Rebuild Free Set                   18 us
[2.663s][info][gc,stats    ] Concurrent Thread Roots             564 us, parallelism: 0.83x
[2.663s][info][gc,stats    ]   CTR: <total>                      469 us
[2.663s][info][gc,stats    ]   CTR: Thread Roots                 469 us, workers (us): 469, ---, ---, 
[2.663s][info][gc,stats    ] Concurrent Weak References           83 us, parallelism: 0.16x
[2.663s][info][gc,stats    ]   CWRF: <total>                      14 us
[2.663s][info][gc,stats    ]   CWRF: Weak References              14 us, workers (us):  14, ---, ---, 
[2.663s][info][gc,stats    ] Concurrent Weak Roots              6930 us
[2.663s][info][gc,stats    ]   Roots                             427 us, parallelism: 0.94x
[2.663s][info][gc,stats    ]     CWR: <total>                    400 us
[2.663s][info][gc,stats    ]     CWR: Code Cache Roots           300 us, workers (us): 300, ---, ---, 
[2.663s][info][gc,stats    ]     CWR: VM Weak Roots               99 us, workers (us):  99, ---, ---, 
[2.663s][info][gc,stats    ]     CWR: CLDG Roots                   2 us, workers (us):   2, ---, ---, 
[2.663s][info][gc,stats    ]   Rendezvous                       6448 us
[2.663s][info][gc,stats    ] Concurrent Cleanup                   91 us
[2.663s][info][gc,stats    ] Concurrent Class Unloading         1875 us
[2.663s][info][gc,stats    ]   Unlink Stale                     1392 us
[2.663s][info][gc,stats    ]     System Dictionary                 3 us
[2.663s][info][gc,stats    ]     Weak Class Links                  0 us
[2.663s][info][gc,stats    ]     Code Roots                     1388 us
[2.663s][info][gc,stats    ]   Rendezvous                        369 us
[2.663s][info][gc,stats    ]   Purge Unlinked                     59 us
[2.663s][info][gc,stats    ]     Code Roots                       56 us
[2.663s][info][gc,stats    ]     CLDG                              3 us
[2.663s][info][gc,stats    ]     Exception Caches                  0 us
[2.663s][info][gc,stats    ] Concurrent Strong Roots              88 us, parallelism: 0.52x
[2.663s][info][gc,stats    ]   CSR: <total>                       46 us
[2.663s][info][gc,stats    ]   CSR: VM Strong Roots                4 us, workers (us):   4, ---, ---, 
[2.663s][info][gc,stats    ]   CSR: CLDG Roots                    42 us, workers (us):  42, ---, ---, 
[2.664s][info][gc,stats    ] Concurrent Evacuation              1828 us
[2.664s][info][gc,stats    ] Pause Init Update Refs (G)         3494 us
[2.664s][info][gc,stats    ] Pause Init Update Refs (N)           82 us
[2.664s][info][gc,stats    ]   Manage GCLABs                       5 us
[2.664s][info][gc,stats    ] Concurrent Update Refs             6897 us
[2.664s][info][gc,stats    ] Concurrent Update Thread Roots     2302 us
[2.664s][info][gc,stats    ] Pause Final Update Refs (G)        6065 us
[2.664s][info][gc,stats    ] Pause Final Update Refs (N)         136 us
[2.664s][info][gc,stats    ]   Update Region States               43 us
[2.664s][info][gc,stats    ]   Trash Collection Set                5 us
[2.664s][info][gc,stats    ]   Rebuild Free Set                   14 us
[2.664s][info][gc,stats    ] Concurrent Cleanup                   53 us
[2.664s][info][gc,stats    ] Pacing                             8991 us
[2.664s][info][gc,stats    ] 
[2.664s][info][gc,stats    ] Allocation pacing accrued:
[2.664s][info][gc,stats    ]       3 of   254 ms (  1.3%): Thread-6
[2.664s][info][gc,stats    ]       3 of   254 ms (  1.2%): Thread-9
[2.664s][info][gc,stats    ]       3 of   254 ms (  1.1%): Thread-10
[2.664s][info][gc,stats    ]       9 of   254 ms (  3.5%): <total>
[2.664s][info][gc,stats    ]       0 of   254 ms (  0.2%): <average total>
[2.664s][info][gc,stats    ]       3 of   254 ms (  1.2%): <average non-zero>
[2.664s][info][gc,stats    ] 
[2.664s][info][gc,metaspace] Metaspace: 6112K(6272K)->6112K(6272K) NonClass: 5512K(5632K)->5512K(5632K) Class: 599K(640K)->599K(640K)
[2.664s][info][gc,ergo     ] Pacer for Idle. Initial: 20971K, Alloc Tax Rate: 1.0x
[3.026s][info][gc          ] Trigger: Average GC time (106.62 ms) is above the time for average allocation rate (1897 MB/s) to deplete free headroom (193M) (margin of error = 1.82)
[3.026s][info][gc,ergo     ] Free headroom: 245M (free) - 52428K (spike) - 0B (penalties) = 193M
[3.026s][info][gc,ergo     ] Free: 245M, Max: 512K regular, 245M humongous, Frag: 0% external, 0% internal; Reserve: 52736K, Max: 512K
[3.026s][info][gc,start    ] GC(8) Concurrent reset
[3.026s][info][gc,task     ] GC(8) Using 1 of 3 workers for concurrent reset
[3.026s][info][gc,ergo     ] GC(8) Pacer for Reset. Non-Taxable: 1024M
[3.027s][info][gc          ] GC(8) Concurrent reset 0.454ms
[3.027s][info][gc,start    ] GC(8) Pause Init Mark (unload classes)
[3.027s][info][gc,task     ] GC(8) Using 3 of 3 workers for init marking
[3.027s][info][gc,ergo     ] GC(8) Pacer for Mark. Expected Live: 14448K, Free: 244M, Non-Taxable: 24986K, Alloc Tax Rate: 0.1x
[3.027s][info][gc          ] GC(8) Pause Init Mark (unload classes) 0.122ms
[3.033s][info][gc,start    ] GC(8) Concurrent marking roots
[3.033s][info][gc,task     ] GC(8) Using 1 of 3 workers for concurrent marking roots
[3.033s][info][gc          ] GC(8) Concurrent marking roots 0.534ms
[3.033s][info][gc,start    ] GC(8) Concurrent marking (unload classes)
[3.033s][info][gc,task     ] GC(8) Using 1 of 3 workers for concurrent marking
[3.054s][info][gc          ] GC(8) Concurrent marking (unload classes) 20.889ms
[3.054s][info][gc,start    ] GC(8) Pause Final Mark (unload classes)
[3.054s][info][gc,task     ] GC(8) Using 3 of 3 workers for final marking
[3.055s][info][gc,ergo     ] GC(8) Adaptive CSet Selection. Target Free: 145M, Actual Free: 765M, Max CSet: 43690K, Min Garbage: 0B
[3.055s][info][gc,ergo     ] GC(8) Collectable Garbage: 713M (99%), Immediate: 513M (71%), CSet: 200M (28%)
[3.055s][info][gc,ergo     ] GC(8) Pacer for Evacuation. Used CSet: 202M, Free: 714M, Non-Taxable: 73114K, Alloc Tax Rate: 1.1x
[3.055s][info][gc          ] GC(8) Pause Final Mark (unload classes) 0.235ms
[3.055s][info][gc,start    ] GC(8) Concurrent thread roots
[3.055s][info][gc,task     ] GC(8) Using 1 of 3 workers for Concurrent thread roots
[3.055s][info][gc          ] GC(8) Concurrent thread roots 0.515ms
[3.055s][info][gc,start    ] GC(8) Concurrent weak references
[3.055s][info][gc,task     ] GC(8) Using 1 of 3 workers for concurrent weak references
[3.055s][info][gc,ref      ] GC(8) Encountered references: Soft: 164, Weak: 433, Final: 9, Phantom: 21
[3.055s][info][gc,ref      ] GC(8) Discovered  references: Soft: 0, Weak: 234, Final: 7, Phantom: 14
[3.055s][info][gc,ref      ] GC(8) Enqueued    references: Soft: 0, Weak: 0, Final: 0, Phantom: 0
[3.055s][info][gc          ] GC(8) Concurrent weak references 0.065ms
[3.055s][info][gc,start    ] GC(8) Concurrent weak roots
[3.055s][info][gc,task     ] GC(8) Using 1 of 3 workers for concurrent weak root
[3.074s][info][gc          ] GC(8) Concurrent weak roots 18.424ms
[3.074s][info][gc,start    ] GC(8) Concurrent cleanup
[3.074s][info][gc          ] GC(8) Concurrent cleanup 802M->290M(1024M) 0.082ms
[3.074s][info][gc,ergo     ] GC(8) Free: 682M, Max: 512K regular, 296M humongous, Frag: 57% external, 0% internal; Reserve: 51437K, Max: 512K
[3.074s][info][gc,start    ] GC(8) Concurrent class unloading
[3.074s][info][gc,task     ] GC(8) Using 1 of 3 workers for concurrent class unloading
[3.077s][info][gc          ] GC(8) Concurrent class unloading 3.056ms
[3.077s][info][gc,start    ] GC(8) Concurrent strong roots
[3.077s][info][gc,task     ] GC(8) Using 1 of 3 workers for concurrent strong root
[3.077s][info][gc          ] GC(8) Concurrent strong roots 0.103ms
[3.077s][info][gc,start    ] GC(8) Concurrent evacuation
[3.077s][info][gc,task     ] GC(8) Using 1 of 3 workers for concurrent evacuation
[3.079s][info][gc          ] GC(8) Concurrent evacuation 2.230ms
[3.080s][info][gc,start    ] GC(8) Pause Init Update Refs
[3.080s][info][gc,ergo     ] GC(8) Pacer for Update Refs. Used: 298M, Free: 676M, Non-Taxable: 69222K, Alloc Tax Rate: 1.1x
[3.080s][info][gc          ] GC(8) Pause Init Update Refs 0.045ms
[3.090s][info][gc,start    ] GC(8) Concurrent update references
[3.090s][info][gc,task     ] GC(8) Using 1 of 3 workers for concurrent reference update
[3.098s][info][gc          ] GC(8) Concurrent update references 8.391ms
[3.098s][info][gc,start    ] GC(8) Concurrent update thread roots
[3.099s][info][gc          ] GC(8) Concurrent update thread roots 1.448ms
[3.099s][info][gc,start    ] GC(8) Pause Final Update Refs
[3.100s][info][gc,task     ] GC(8) Using 3 of 3 workers for final reference update
[3.100s][info][gc          ] GC(8) Pause Final Update Refs 0.097ms
[3.121s][info][gc,start    ] GC(8) Concurrent cleanup
[3.121s][info][gc          ] GC(8) Concurrent cleanup 356M->153M(1024M) 0.071ms
[3.121s][info][gc,ergo     ] Free: 817M, Max: 512K regular, 647M humongous, Frag: 21% external, 0% internal; Reserve: 52736K, Max: 512K
[3.121s][info][gc,stats    ] 
[3.121s][info][gc,stats    ] All times are wall-clock times, except per-root-class counters, that are sum over
[3.121s][info][gc,stats    ] all workers. Dividing the <total> over the root stage time estimates parallelism.
[3.121s][info][gc,stats    ] 
[3.121s][info][gc,stats    ] Concurrent Reset                    472 us
[3.121s][info][gc,stats    ] Pause Init Mark (G)                6050 us
[3.121s][info][gc,stats    ] Pause Init Mark (N)                 131 us
[3.121s][info][gc,stats    ]   Update Region States               40 us
[3.121s][info][gc,stats    ] Concurrent Mark Roots               544 us, parallelism: 0.84x
[3.121s][info][gc,stats    ]   CMR: <total>                      456 us
[3.121s][info][gc,stats    ]   CMR: Thread Roots                 410 us, workers (us): 410, ---, ---, 
[3.122s][info][gc,stats    ]   CMR: VM Strong Roots                5 us, workers (us):   5, ---, ---, 
[3.122s][info][gc,stats    ]   CMR: CLDG Roots                    41 us, workers (us):  41, ---, ---, 
[3.122s][info][gc,stats    ] Concurrent Marking                20935 us
[3.122s][info][gc,stats    ] Pause Final Mark (G)                354 us
[3.122s][info][gc,stats    ] Pause Final Mark (N)                243 us
[3.122s][info][gc,stats    ]   Finish Mark                        44 us
[3.122s][info][gc,stats    ]   Update Region States               39 us
[3.122s][info][gc,stats    ]   Choose Collection Set              89 us
[3.122s][info][gc,stats    ]   Rebuild Free Set                    9 us
[3.122s][info][gc,stats    ] Concurrent Thread Roots             525 us, parallelism: 0.89x
[3.122s][info][gc,stats    ]   CTR: <total>                      465 us
[3.122s][info][gc,stats    ]   CTR: Thread Roots                 465 us, workers (us): 465, ---, ---, 
[3.122s][info][gc,stats    ] Concurrent Weak References           72 us, parallelism: 0.17x
[3.122s][info][gc,stats    ]   CWRF: <total>                      12 us
[3.122s][info][gc,stats    ]   CWRF: Weak References              12 us, workers (us):  12, ---, ---, 
[3.122s][info][gc,stats    ] Concurrent Weak Roots             18480 us
[3.122s][info][gc,stats    ]   Roots                             422 us, parallelism: 0.95x
[3.122s][info][gc,stats    ]     CWR: <total>                    401 us
[3.122s][info][gc,stats    ]     CWR: Code Cache Roots           298 us, workers (us): 298, ---, ---, 
[3.122s][info][gc,stats    ]     CWR: VM Weak Roots              100 us, workers (us): 100, ---, ---, 
[3.122s][info][gc,stats    ]     CWR: CLDG Roots                   3 us, workers (us):   3, ---, ---, 
[3.122s][info][gc,stats    ]   Rendezvous                      17983 us
[3.122s][info][gc,stats    ] Concurrent Cleanup                   96 us
[3.122s][info][gc,stats    ] Concurrent Class Unloading         3100 us
[3.122s][info][gc,stats    ]   Unlink Stale                     1566 us
[3.122s][info][gc,stats    ]     System Dictionary                 6 us
[3.122s][info][gc,stats    ]     Weak Class Links                  0 us
[3.122s][info][gc,stats    ]     Code Roots                     1558 us
[3.122s][info][gc,stats    ]   Rendezvous                       1370 us
[3.122s][info][gc,stats    ]   Purge Unlinked                     98 us
[3.122s][info][gc,stats    ]     Code Roots                       94 us
[3.122s][info][gc,stats    ]     CLDG                              4 us
[3.122s][info][gc,stats    ]     Exception Caches                  0 us
[3.122s][info][gc,stats    ] Concurrent Strong Roots             112 us, parallelism: 0.45x
[3.122s][info][gc,stats    ]   CSR: <total>                       50 us
[3.122s][info][gc,stats    ]   CSR: VM Strong Roots                4 us, workers (us):   4, ---, ---, 
[3.122s][info][gc,stats    ]   CSR: CLDG Roots                    45 us, workers (us):  45, ---, ---, 
[3.122s][info][gc,stats    ] Concurrent Evacuation              2295 us
[3.122s][info][gc,stats    ] Pause Init Update Refs (G)        10089 us
[3.122s][info][gc,stats    ] Pause Init Update Refs (N)           53 us
[3.122s][info][gc,stats    ]   Manage GCLABs                       6 us
[3.122s][info][gc,stats    ] Concurrent Update Refs             8443 us
[3.122s][info][gc,stats    ] Concurrent Update Thread Roots     1477 us
[3.122s][info][gc,stats    ] Pause Final Update Refs (G)       21875 us
[3.122s][info][gc,stats    ] Pause Final Update Refs (N)         136 us
[3.122s][info][gc,stats    ]   Update Region States               50 us
[3.122s][info][gc,stats    ]   Trash Collection Set                6 us
[3.122s][info][gc,stats    ]   Rebuild Free Set                    9 us
[3.122s][info][gc,stats    ] Concurrent Cleanup                   83 us
[3.122s][info][gc,stats    ] Pacing                            23653 us
[3.122s][info][gc,stats    ] 
[3.122s][info][gc,stats    ] Allocation pacing accrued:
[3.122s][info][gc,stats    ]       4 of   458 ms (  0.9%): Thread-6
[3.122s][info][gc,stats    ]       5 of   458 ms (  1.0%): Thread-7
[3.122s][info][gc,stats    ]       3 of   458 ms (  0.7%): Thread-8
[3.122s][info][gc,stats    ]       4 of   458 ms (  0.8%): Thread-9
[3.122s][info][gc,stats    ]       4 of   458 ms (  0.9%): Thread-10
[3.122s][info][gc,stats    ]       4 of   458 ms (  0.8%): Thread-11
[3.122s][info][gc,stats    ]      24 of   458 ms (  5.2%): <total>
[3.122s][info][gc,stats    ]       1 of   458 ms (  0.3%): <average total>
[3.122s][info][gc,stats    ]       4 of   458 ms (  0.9%): <average non-zero>
[3.122s][info][gc,stats    ] 
[3.122s][info][gc,metaspace] Metaspace: 6113K(6272K)->6113K(6272K) NonClass: 5513K(5632K)->5513K(5632K) Class: 599K(640K)->599K(640K)
[3.122s][info][gc,ergo     ] Pacer for Idle. Initial: 20971K, Alloc Tax Rate: 1.0x
[3.405s][info][gc          ] Trigger: Average GC time (119.55 ms) is above the time for average allocation rate (1986 MB/s) to deplete free headroom (202M) (margin of error = 1.83)
[3.405s][info][gc,ergo     ] Free headroom: 254M (free) - 52428K (spike) - 0B (penalties) = 202M
[3.405s][info][gc,ergo     ] Free: 254M, Max: 512K regular, 170M humongous, Frag: 34% external, 0% internal; Reserve: 52736K, Max: 512K
[3.405s][info][gc,start    ] GC(9) Concurrent reset
[3.405s][info][gc,task     ] GC(9) Using 1 of 3 workers for concurrent reset
[3.405s][info][gc,ergo     ] GC(9) Pacer for Reset. Non-Taxable: 1024M
[3.406s][info][gc          ] GC(9) Concurrent reset 0.867ms
[3.406s][info][gc,start    ] GC(9) Pause Init Mark (unload classes)
[3.406s][info][gc,task     ] GC(9) Using 3 of 3 workers for init marking
[3.406s][info][gc,ergo     ] GC(9) Pacer for Mark. Expected Live: 14458K, Free: 251M, Non-Taxable: 25754K, Alloc Tax Rate: 0.1x
[3.406s][info][gc          ] GC(9) Pause Init Mark (unload classes) 0.143ms
[3.409s][info][gc,start    ] GC(9) Concurrent marking roots
[3.409s][info][gc,task     ] GC(9) Using 1 of 3 workers for concurrent marking roots
[3.409s][info][gc          ] GC(9) Concurrent marking roots 0.598ms
[3.409s][info][gc,start    ] GC(9) Concurrent marking (unload classes)
[3.409s][info][gc,task     ] GC(9) Using 1 of 3 workers for concurrent marking
[3.421s][info][gc          ] GC(9) Concurrent marking (unload classes) 11.452ms
[3.421s][info][gc,start    ] GC(9) Pause Final Mark (unload classes)
[3.421s][info][gc,task     ] GC(9) Using 3 of 3 workers for final marking
[3.421s][info][gc,ergo     ] GC(9) Adaptive CSet Selection. Target Free: 145M, Actual Free: 786M, Max CSet: 43690K, Min Garbage: 0B
[3.421s][info][gc,ergo     ] GC(9) Collectable Garbage: 705M (99%), Immediate: 512M (72%), CSet: 193M (27%)
[3.421s][info][gc,ergo     ] GC(9) Pacer for Evacuation. Used CSet: 195M, Free: 735M, Non-Taxable: 75264K, Alloc Tax Rate: 1.1x
[3.421s][info][gc          ] GC(9) Pause Final Mark (unload classes) 0.243ms
[3.422s][info][gc,start    ] GC(9) Concurrent thread roots
[3.422s][info][gc,task     ] GC(9) Using 1 of 3 workers for Concurrent thread roots
[3.422s][info][gc          ] GC(9) Concurrent thread roots 0.493ms
[3.422s][info][gc,start    ] GC(9) Concurrent weak references
[3.422s][info][gc,task     ] GC(9) Using 1 of 3 workers for concurrent weak references
[3.422s][info][gc,ref      ] GC(9) Encountered references: Soft: 164, Weak: 433, Final: 9, Phantom: 21
[3.422s][info][gc,ref      ] GC(9) Discovered  references: Soft: 0, Weak: 234, Final: 7, Phantom: 14
[3.422s][info][gc,ref      ] GC(9) Enqueued    references: Soft: 0, Weak: 0, Final: 0, Phantom: 0
[3.422s][info][gc          ] GC(9) Concurrent weak references 0.057ms
[3.422s][info][gc,start    ] GC(9) Concurrent weak roots
[3.422s][info][gc,task     ] GC(9) Using 1 of 3 workers for concurrent weak root
[3.437s][info][gc          ] GC(9) Concurrent weak roots 14.681ms
[3.437s][info][gc,start    ] GC(9) Concurrent cleanup
[3.437s][info][gc          ] GC(9) Concurrent cleanup 776M->264M(1024M) 0.079ms
[3.437s][info][gc,ergo     ] GC(9) Free: 707M, Max: 512K regular, 269M humongous, Frag: 62% external, 0% internal; Reserve: 52280K, Max: 512K
[3.437s][info][gc,start    ] GC(9) Concurrent class unloading
[3.437s][info][gc,task     ] GC(9) Using 1 of 3 workers for concurrent class unloading
[3.448s][info][gc          ] GC(9) Concurrent class unloading 11.147ms
[3.448s][info][gc,start    ] GC(9) Concurrent strong roots
[3.448s][info][gc,task     ] GC(9) Using 1 of 3 workers for concurrent strong root
[3.448s][info][gc          ] GC(9) Concurrent strong roots 0.084ms
[3.448s][info][gc,start    ] GC(9) Concurrent evacuation
[3.448s][info][gc,task     ] GC(9) Using 1 of 3 workers for concurrent evacuation
[3.451s][info][gc          ] GC(9) Concurrent evacuation 2.345ms
[3.451s][info][gc,start    ] GC(9) Pause Init Update Refs
[3.451s][info][gc,ergo     ] GC(9) Pacer for Update Refs. Used: 290M, Free: 683M, Non-Taxable: 69990K, Alloc Tax Rate: 1.1x
[3.451s][info][gc          ] GC(9) Pause Init Update Refs 0.077ms
[3.455s][info][gc,start    ] GC(9) Concurrent update references
[3.455s][info][gc,task     ] GC(9) Using 1 of 3 workers for concurrent reference update
[3.462s][info][gc          ] GC(9) Concurrent update references 7.328ms
[3.462s][info][gc,start    ] GC(9) Concurrent update thread roots
[3.463s][info][gc          ] GC(9) Concurrent update thread roots 0.584ms
[3.463s][info][gc,start    ] GC(9) Pause Final Update Refs
[3.463s][info][gc,task     ] GC(9) Using 3 of 3 workers for final reference update
[3.463s][info][gc          ] GC(9) Pause Final Update Refs 0.083ms
[3.473s][info][gc,start    ] GC(9) Concurrent cleanup
[3.473s][info][gc          ] GC(9) Concurrent cleanup 329M->134M(1024M) 0.060ms
[3.473s][info][gc,ergo     ] Free: 837M, Max: 512K regular, 568M humongous, Frag: 33% external, 0% internal; Reserve: 52736K, Max: 512K
[3.473s][info][gc,stats    ] 
[3.473s][info][gc,stats    ] All times are wall-clock times, except per-root-class counters, that are sum over
[3.473s][info][gc,stats    ] all workers. Dividing the <total> over the root stage time estimates parallelism.
[3.473s][info][gc,stats    ] 
[3.473s][info][gc,stats    ] Concurrent Reset                    907 us
[3.473s][info][gc,stats    ] Pause Init Mark (G)                2653 us
[3.473s][info][gc,stats    ] Pause Init Mark (N)                 157 us
[3.473s][info][gc,stats    ]   Update Region States               40 us
[3.473s][info][gc,stats    ] Concurrent Mark Roots               615 us, parallelism: 0.89x
[3.473s][info][gc,stats    ]   CMR: <total>                      545 us
[3.473s][info][gc,stats    ]   CMR: Thread Roots                 493 us, workers (us): 493, ---, ---, 
[3.473s][info][gc,stats    ]   CMR: VM Strong Roots                6 us, workers (us):   6, ---, ---, 
[3.473s][info][gc,stats    ]   CMR: CLDG Roots                    47 us, workers (us):  47, ---, ---, 
[3.473s][info][gc,stats    ] Concurrent Marking                11500 us
[3.473s][info][gc,stats    ] Pause Final Mark (G)                667 us
[3.473s][info][gc,stats    ] Pause Final Mark (N)                252 us
[3.473s][info][gc,stats    ]   Finish Mark                        32 us
[3.473s][info][gc,stats    ]   Update Region States               40 us
[3.473s][info][gc,stats    ]   Choose Collection Set             106 us
[3.473s][info][gc,stats    ]   Rebuild Free Set                    9 us
[3.473s][info][gc,stats    ] Concurrent Thread Roots             502 us, parallelism: 0.89x
[3.473s][info][gc,stats    ]   CTR: <total>                      449 us
[3.473s][info][gc,stats    ]   CTR: Thread Roots                 449 us, workers (us): 449, ---, ---, 
[3.473s][info][gc,stats    ] Concurrent Weak References           64 us, parallelism: 0.16x
[3.473s][info][gc,stats    ]   CWRF: <total>                      10 us
[3.473s][info][gc,stats    ]   CWRF: Weak References              10 us, workers (us):  10, ---, ---, 
[3.473s][info][gc,stats    ] Concurrent Weak Roots             14715 us
[3.473s][info][gc,stats    ]   Roots                             437 us, parallelism: 0.96x
[3.473s][info][gc,stats    ]     CWR: <total>                    421 us
[3.473s][info][gc,stats    ]     CWR: Code Cache Roots           320 us, workers (us): 320, ---, ---, 
[3.473s][info][gc,stats    ]     CWR: VM Weak Roots               98 us, workers (us):  98, ---, ---, 
[3.473s][info][gc,stats    ]     CWR: CLDG Roots                   2 us, workers (us):   2, ---, ---, 
[3.473s][info][gc,stats    ]   Rendezvous                      14227 us
[3.473s][info][gc,stats    ] Concurrent Cleanup                   89 us
[3.473s][info][gc,stats    ] Concurrent Class Unloading        11185 us
[3.473s][info][gc,stats    ]   Unlink Stale                     1408 us
[3.473s][info][gc,stats    ]     System Dictionary                 3 us
[3.473s][info][gc,stats    ]     Weak Class Links                  1 us
[3.473s][info][gc,stats    ]     Code Roots                     1404 us
[3.473s][info][gc,stats    ]   Rendezvous                       9654 us
[3.473s][info][gc,stats    ]   Purge Unlinked                     67 us
[3.473s][info][gc,stats    ]     Code Roots                       62 us
[3.473s][info][gc,stats    ]     CLDG                              5 us
[3.473s][info][gc,stats    ]     Exception Caches                  0 us
[3.473s][info][gc,stats    ] Concurrent Strong Roots              93 us, parallelism: 0.54x
[3.474s][info][gc,stats    ]   CSR: <total>                       50 us
[3.474s][info][gc,stats    ]   CSR: VM Strong Roots                4 us, workers (us):   4, ---, ---, 
[3.474s][info][gc,stats    ]   CSR: CLDG Roots                    46 us, workers (us):  46, ---, ---, 
[3.474s][info][gc,stats    ] Concurrent Evacuation              2396 us
[3.474s][info][gc,stats    ] Pause Init Update Refs (G)         4452 us
[3.474s][info][gc,stats    ] Pause Init Update Refs (N)           86 us
[3.474s][info][gc,stats    ]   Manage GCLABs                       4 us
[3.474s][info][gc,stats    ] Concurrent Update Refs             7370 us
[3.474s][info][gc,stats    ] Concurrent Update Thread Roots      605 us
[3.474s][info][gc,stats    ] Pause Final Update Refs (G)        9977 us
[3.474s][info][gc,stats    ] Pause Final Update Refs (N)         116 us
[3.474s][info][gc,stats    ]   Update Region States               36 us
[3.474s][info][gc,stats    ]   Trash Collection Set               10 us
[3.474s][info][gc,stats    ]   Rebuild Free Set                   15 us
[3.474s][info][gc,stats    ] Concurrent Cleanup                   72 us
[3.474s][info][gc,stats    ] Pacing                            13183 us
[3.474s][info][gc,stats    ] 
[3.474s][info][gc,stats    ] Allocation pacing accrued:
[3.474s][info][gc,stats    ]       3 of   352 ms (  0.9%): Thread-6
[3.474s][info][gc,stats    ]       2 of   352 ms (  0.6%): Thread-7
[3.474s][info][gc,stats    ]       2 of   352 ms (  0.5%): Thread-8
[3.474s][info][gc,stats    ]       2 of   352 ms (  0.5%): Thread-9
[3.474s][info][gc,stats    ]       2 of   352 ms (  0.5%): Thread-10
[3.474s][info][gc,stats    ]       3 of   352 ms (  0.7%): Thread-11
[3.474s][info][gc,stats    ]      13 of   352 ms (  3.7%): <total>
[3.474s][info][gc,stats    ]       1 of   352 ms (  0.2%): <average total>
[3.474s][info][gc,stats    ]       2 of   352 ms (  0.6%): <average non-zero>
[3.474s][info][gc,stats    ] 
[3.474s][info][gc,metaspace] Metaspace: 6122K(6272K)->6122K(6272K) NonClass: 5522K(5632K)->5522K(5632K) Class: 599K(640K)->599K(640K)
[3.474s][info][gc,ergo     ] Pacer for Idle. Initial: 20971K, Alloc Tax Rate: 1.0x
[3.737s][info][gc          ] Trigger: Average GC time (104.14 ms) is above the time for average allocation rate (2236 MB/s) to deplete free headroom (228M) (margin of error = 1.83)
[3.737s][info][gc,ergo     ] Free headroom: 280M (free) - 52428K (spike) - 0B (penalties) = 228M
[3.737s][info][gc,ergo     ] Free: 280M, Max: 512K regular, 269M humongous, Frag: 4% external, 0% internal; Reserve: 52736K, Max: 512K
[3.737s][info][gc,start    ] GC(10) Concurrent reset
[3.737s][info][gc,task     ] GC(10) Using 1 of 3 workers for concurrent reset
[3.737s][info][gc,ergo     ] GC(10) Pacer for Reset. Non-Taxable: 1024M
[3.738s][info][gc          ] GC(10) Concurrent reset 0.828ms
[3.738s][info][gc,start    ] GC(10) Pause Init Mark (unload classes)
[3.738s][info][gc,task     ] GC(10) Using 3 of 3 workers for init marking
[3.738s][info][gc,ergo     ] GC(10) Pacer for Mark. Expected Live: 14443K, Free: 279M, Non-Taxable: 28570K, Alloc Tax Rate: 0.1x
[3.738s][info][gc          ] GC(10) Pause Init Mark (unload classes) 0.115ms
[3.748s][info][gc,start    ] GC(10) Concurrent marking roots
[3.748s][info][gc,task     ] GC(10) Using 1 of 3 workers for concurrent marking roots
[3.748s][info][gc          ] GC(10) Concurrent marking roots 0.612ms
[3.748s][info][gc,start    ] GC(10) Concurrent marking (unload classes)
[3.748s][info][gc,task     ] GC(10) Using 1 of 3 workers for concurrent marking
[3.756s][info][gc          ] GC(10) Concurrent marking (unload classes) 7.856ms
[3.756s][info][gc,start    ] GC(10) Pause Final Mark (unload classes)
[3.756s][info][gc,task     ] GC(10) Using 3 of 3 workers for final marking
[3.757s][info][gc,ergo     ] GC(10) Adaptive CSet Selection. Target Free: 145M, Actual Free: 839M, Max CSet: 43690K, Min Garbage: 0B
[3.757s][info][gc,ergo     ] GC(10) Collectable Garbage: 678M (99%), Immediate: 536M (78%), CSet: 142M (20%)
[3.757s][info][gc,ergo     ] GC(10) Pacer for Evacuation. Used CSet: 144M, Free: 787M, Non-Taxable: 80640K, Alloc Tax Rate: 1.1x
[3.757s][info][gc          ] GC(10) Pause Final Mark (unload classes) 0.389ms
[3.757s][info][gc,start    ] GC(10) Concurrent thread roots
[3.757s][info][gc,task     ] GC(10) Using 1 of 3 workers for Concurrent thread roots
[3.758s][info][gc          ] GC(10) Concurrent thread roots 1.076ms
[3.758s][info][gc,start    ] GC(10) Concurrent weak references
[3.758s][info][gc,task     ] GC(10) Using 1 of 3 workers for concurrent weak references
[3.758s][info][gc,ref      ] GC(10) Encountered references: Soft: 164, Weak: 433, Final: 9, Phantom: 21
[3.758s][info][gc,ref      ] GC(10) Discovered  references: Soft: 0, Weak: 234, Final: 7, Phantom: 14
[3.758s][info][gc,ref      ] GC(10) Enqueued    references: Soft: 0, Weak: 0, Final: 0, Phantom: 0
[3.758s][info][gc          ] GC(10) Concurrent weak references 0.067ms
[3.758s][info][gc,start    ] GC(10) Concurrent weak roots
[3.758s][info][gc,task     ] GC(10) Using 1 of 3 workers for concurrent weak root
[3.759s][info][gc          ] GC(10) Concurrent weak roots 0.589ms
[3.759s][info][gc,start    ] GC(10) Concurrent cleanup
[3.759s][info][gc          ] GC(10) Concurrent cleanup 720M->184M(1024M) 0.070ms
[3.759s][info][gc,ergo     ] GC(10) Free: 787M, Max: 512K regular, 374M humongous, Frag: 53% external, 0% internal; Reserve: 52336K, Max: 512K
[3.759s][info][gc,start    ] GC(10) Concurrent class unloading
[3.759s][info][gc,task     ] GC(10) Using 1 of 3 workers for concurrent class unloading
[3.760s][info][gc          ] GC(10) Concurrent class unloading 1.362ms
[3.760s][info][gc,start    ] GC(10) Concurrent strong roots
[3.760s][info][gc,task     ] GC(10) Using 1 of 3 workers for concurrent strong root
[3.760s][info][gc          ] GC(10) Concurrent strong roots 0.078ms
[3.760s][info][gc,start    ] GC(10) Concurrent evacuation
[3.760s][info][gc,task     ] GC(10) Using 1 of 3 workers for concurrent evacuation
[3.762s][info][gc          ] GC(10) Concurrent evacuation 1.914ms
[3.762s][info][gc,start    ] GC(10) Pause Init Update Refs
[3.762s][info][gc,ergo     ] GC(10) Pacer for Update Refs. Used: 186M, Free: 787M, Non-Taxable: 80640K, Alloc Tax Rate: 1.1x
[3.762s][info][gc          ] GC(10) Pause Init Update Refs 0.058ms
[3.762s][info][gc,start    ] GC(10) Concurrent update references
[3.762s][info][gc,task     ] GC(10) Using 1 of 3 workers for concurrent reference update
[3.770s][info][gc          ] GC(10) Concurrent update references 7.695ms
[3.770s][info][gc,start    ] GC(10) Concurrent update thread roots
[3.771s][info][gc          ] GC(10) Concurrent update thread roots 0.552ms
[3.771s][info][gc,start    ] GC(10) Pause Final Update Refs
[3.771s][info][gc,task     ] GC(10) Using 3 of 3 workers for final reference update
[3.771s][info][gc          ] GC(10) Pause Final Update Refs 0.091ms
[3.780s][info][gc,start    ] GC(10) Concurrent cleanup
[3.781s][info][gc          ] GC(10) Concurrent cleanup 207M->62M(1024M) 0.049ms
[3.781s][info][gc,ergo     ] Free: 908M, Max: 512K regular, 584M humongous, Frag: 36% external, 0% internal; Reserve: 52736K, Max: 512K
[3.781s][info][gc,stats    ] 
[3.781s][info][gc,stats    ] All times are wall-clock times, except per-root-class counters, that are sum over
[3.781s][info][gc,stats    ] all workers. Dividing the <total> over the root stage time estimates parallelism.
[3.781s][info][gc,stats    ] 
[3.781s][info][gc,stats    ] Concurrent Reset                    865 us
[3.781s][info][gc,stats    ] Pause Init Mark (G)               10026 us
[3.781s][info][gc,stats    ] Pause Init Mark (N)                 125 us
[3.781s][info][gc,stats    ]   Update Region States               41 us
[3.781s][info][gc,stats    ] Concurrent Mark Roots               623 us, parallelism: 0.83x
[3.781s][info][gc,stats    ]   CMR: <total>                      515 us
[3.781s][info][gc,stats    ]   CMR: Thread Roots                 462 us, workers (us): 462, ---, ---, 
[3.781s][info][gc,stats    ]   CMR: VM Strong Roots                5 us, workers (us):   5, ---, ---, 
[3.781s][info][gc,stats    ]   CMR: CLDG Roots                    48 us, workers (us):  48, ---, ---, 
[3.781s][info][gc,stats    ] Concurrent Marking                 7922 us
[3.781s][info][gc,stats    ] Pause Final Mark (G)                464 us
[3.781s][info][gc,stats    ] Pause Final Mark (N)                410 us
[3.781s][info][gc,stats    ]   Finish Mark                        59 us
[3.781s][info][gc,stats    ]   Update Region States               49 us
[3.781s][info][gc,stats    ]   Choose Collection Set             160 us
[3.781s][info][gc,stats    ]   Rebuild Free Set                   22 us
[3.781s][info][gc,stats    ] Concurrent Thread Roots            1095 us, parallelism: 0.92x
[3.781s][info][gc,stats    ]   CTR: <total>                     1005 us
[3.781s][info][gc,stats    ]   CTR: Thread Roots                1005 us, workers (us): 1005, ---, ---, 
[3.781s][info][gc,stats    ] Concurrent Weak References           74 us, parallelism: 0.13x
[3.781s][info][gc,stats    ]   CWRF: <total>                      10 us
[3.781s][info][gc,stats    ]   CWRF: Weak References              10 us, workers (us):  10, ---, ---, 
[3.781s][info][gc,stats    ] Concurrent Weak Roots               599 us
[3.781s][info][gc,stats    ]   Roots                             547 us, parallelism: 0.94x
[3.781s][info][gc,stats    ]     CWR: <total>                    516 us
[3.781s][info][gc,stats    ]     CWR: Code Cache Roots           312 us, workers (us): 312, ---, ---, 
[3.781s][info][gc,stats    ]     CWR: VM Weak Roots              202 us, workers (us): 202, ---, ---, 
[3.781s][info][gc,stats    ]     CWR: CLDG Roots                   3 us, workers (us):   3, ---, ---, 
[3.781s][info][gc,stats    ]   Rendezvous                         28 us
[3.781s][info][gc,stats    ] Concurrent Cleanup                   78 us
[3.781s][info][gc,stats    ] Concurrent Class Unloading         1375 us
[3.781s][info][gc,stats    ]   Unlink Stale                     1251 us
[3.781s][info][gc,stats    ]     System Dictionary                 1 us
[3.781s][info][gc,stats    ]     Weak Class Links                  0 us
[3.781s][info][gc,stats    ]     Code Roots                     1248 us
[3.781s][info][gc,stats    ]   Rendezvous                         41 us
[3.781s][info][gc,stats    ]   Purge Unlinked                     55 us
[3.781s][info][gc,stats    ]     Code Roots                       51 us
[3.781s][info][gc,stats    ]     CLDG                              4 us
[3.781s][info][gc,stats    ]     Exception Caches                  0 us
[3.781s][info][gc,stats    ] Concurrent Strong Roots              86 us, parallelism: 0.53x
[3.781s][info][gc,stats    ]   CSR: <total>                       46 us
[3.781s][info][gc,stats    ]   CSR: VM Strong Roots                3 us, workers (us):   3, ---, ---, 
[3.781s][info][gc,stats    ]   CSR: CLDG Roots                    42 us, workers (us):  42, ---, ---, 
[3.781s][info][gc,stats    ] Concurrent Evacuation              1938 us
[3.781s][info][gc,stats    ] Pause Init Update Refs (G)          126 us
[3.781s][info][gc,stats    ] Pause Init Update Refs (N)           78 us
[3.781s][info][gc,stats    ]   Manage GCLABs                       4 us
[3.781s][info][gc,stats    ] Concurrent Update Refs             7752 us
[3.781s][info][gc,stats    ] Concurrent Update Thread Roots      565 us
[3.781s][info][gc,stats    ] Pause Final Update Refs (G)        9968 us
[3.781s][info][gc,stats    ] Pause Final Update Refs (N)         109 us
[3.781s][info][gc,stats    ]   Update Region States               36 us
[3.781s][info][gc,stats    ]   Trash Collection Set                7 us
[3.781s][info][gc,stats    ]   Rebuild Free Set                   13 us
[3.781s][info][gc,stats    ] Concurrent Cleanup                   58 us
[3.781s][info][gc,stats    ] Pacing                           105129 us
[3.781s][info][gc,stats    ] 
[3.781s][info][gc,stats    ] Allocation pacing accrued:
[3.781s][info][gc,stats    ]      17 of   307 ms (  5.5%): Thread-6
[3.781s][info][gc,stats    ]      18 of   307 ms (  5.8%): Thread-7
[3.781s][info][gc,stats    ]      17 of   307 ms (  5.4%): Thread-8
[3.781s][info][gc,stats    ]      17 of   307 ms (  5.5%): Thread-9
[3.781s][info][gc,stats    ]      17 of   307 ms (  5.6%): Thread-10
[3.781s][info][gc,stats    ]      19 of   307 ms (  6.3%): Thread-11
[3.781s][info][gc,stats    ]     105 of   307 ms ( 34.2%): <total>
[3.781s][info][gc,stats    ]       6 of   307 ms (  1.8%): <average total>
[3.781s][info][gc,stats    ]      18 of   307 ms (  5.7%): <average non-zero>
[3.781s][info][gc,stats    ] 
[3.781s][info][gc,metaspace] Metaspace: 6122K(6272K)->6122K(6272K) NonClass: 5522K(5632K)->5522K(5632K) Class: 599K(640K)->599K(640K)
[3.781s][info][gc,ergo     ] Pacer for Idle. Initial: 20971K, Alloc Tax Rate: 1.0x
[4.210s][info][gc          ] Trigger: Average GC time (93.72 ms) is above the time for average allocation rate (1690 MB/s) to deplete free headroom (152M) (margin of error = 1.81)
[4.210s][info][gc,ergo     ] Free headroom: 204M (free) - 52428K (spike) - 0B (penalties) = 152M
[4.210s][info][gc,ergo     ] Free: 204M, Max: 512K regular, 204M humongous, Frag: 0% external, 0% internal; Reserve: 52736K, Max: 512K
[4.210s][info][gc,start    ] GC(11) Concurrent reset
[4.210s][info][gc,task     ] GC(11) Using 1 of 3 workers for concurrent reset
[4.210s][info][gc,ergo     ] GC(11) Pacer for Reset. Non-Taxable: 1024M
[4.210s][info][gc          ] GC(11) Concurrent reset 0.598ms
[4.211s][info][gc,start    ] GC(11) Pause Init Mark (unload classes)
[4.211s][info][gc,task     ] GC(11) Using 3 of 3 workers for init marking
[4.211s][info][gc,ergo     ] GC(11) Pacer for Mark. Expected Live: 14407K, Free: 203M, Non-Taxable: 20787K, Alloc Tax Rate: 0.1x
[4.211s][info][gc          ] GC(11) Pause Init Mark (unload classes) 0.158ms
[4.213s][info][gc,start    ] GC(11) Concurrent marking roots
[4.213s][info][gc,task     ] GC(11) Using 1 of 3 workers for concurrent marking roots
[4.213s][info][gc          ] GC(11) Concurrent marking roots 0.562ms
[4.213s][info][gc,start    ] GC(11) Concurrent marking (unload classes)
[4.213s][info][gc,task     ] GC(11) Using 1 of 3 workers for concurrent marking
[4.241s][info][gc          ] GC(11) Concurrent marking (unload classes) 27.799ms
[4.241s][info][gc,start    ] GC(11) Pause Final Mark (unload classes)
[4.241s][info][gc,task     ] GC(11) Using 3 of 3 workers for final marking
[4.242s][info][gc,ergo     ] GC(11) Adaptive CSet Selection. Target Free: 145M, Actual Free: 684M, Max CSet: 43690K, Min Garbage: 0B
[4.242s][info][gc,ergo     ] GC(11) Collectable Garbage: 753M (99%), Immediate: 482M (63%), CSet: 271M (36%)
[4.242s][info][gc,ergo     ] GC(11) Pacer for Evacuation. Used CSet: 274M, Free: 632M, Non-Taxable: 64768K, Alloc Tax Rate: 1.1x
[4.242s][info][gc          ] GC(11) Pause Final Mark (unload classes) 0.273ms
[4.242s][info][gc,start    ] GC(11) Concurrent thread roots
[4.242s][info][gc,task     ] GC(11) Using 1 of 3 workers for Concurrent thread roots
[4.242s][info][gc          ] GC(11) Concurrent thread roots 0.487ms
[4.242s][info][gc,start    ] GC(11) Concurrent weak references
[4.242s][info][gc,task     ] GC(11) Using 1 of 3 workers for concurrent weak references
[4.242s][info][gc,ref      ] GC(11) Encountered references: Soft: 164, Weak: 433, Final: 9, Phantom: 21
[4.242s][info][gc,ref      ] GC(11) Discovered  references: Soft: 0, Weak: 234, Final: 7, Phantom: 14
[4.242s][info][gc,ref      ] GC(11) Enqueued    references: Soft: 0, Weak: 0, Final: 0, Phantom: 0
[4.242s][info][gc          ] GC(11) Concurrent weak references 0.060ms
[4.242s][info][gc,start    ] GC(11) Concurrent weak roots
[4.242s][info][gc,task     ] GC(11) Using 1 of 3 workers for concurrent weak root
[4.254s][info][gc          ] GC(11) Concurrent weak roots 11.282ms
[4.254s][info][gc,start    ] GC(11) Concurrent cleanup
[4.254s][info][gc          ] GC(11) Concurrent cleanup 847M->365M(1024M) 0.071ms
[4.254s][info][gc,ergo     ] GC(11) Free: 606M, Max: 512K regular, 290M humongous, Frag: 53% external, 0% internal; Reserve: 51966K, Max: 512K
[4.254s][info][gc,start    ] GC(11) Concurrent class unloading
[4.254s][info][gc,task     ] GC(11) Using 1 of 3 workers for concurrent class unloading
[4.256s][info][gc          ] GC(11) Concurrent class unloading 1.874ms
[4.256s][info][gc,start    ] GC(11) Concurrent strong roots
[4.256s][info][gc,task     ] GC(11) Using 1 of 3 workers for concurrent strong root
[4.256s][info][gc          ] GC(11) Concurrent strong roots 0.093ms
[4.256s][info][gc,start    ] GC(11) Concurrent evacuation
[4.256s][info][gc,task     ] GC(11) Using 1 of 3 workers for concurrent evacuation
[4.259s][info][gc          ] GC(11) Concurrent evacuation 3.011ms
[4.259s][info][gc,start    ] GC(11) Pause Init Update Refs
[4.259s][info][gc,ergo     ] GC(11) Pacer for Update Refs. Used: 377M, Free: 596M, Non-Taxable: 61082K, Alloc Tax Rate: 1.1x
[4.259s][info][gc          ] GC(11) Pause Init Update Refs 0.072ms
[4.273s][info][gc,start    ] GC(11) Concurrent update references
[4.273s][info][gc,task     ] GC(11) Using 1 of 3 workers for concurrent reference update
[4.284s][info][gc          ] GC(11) Concurrent update references 10.936ms
[4.284s][info][gc,start    ] GC(11) Concurrent update thread roots
[4.284s][info][gc          ] GC(11) Concurrent update thread roots 0.600ms
[4.284s][info][gc,start    ] GC(11) Pause Final Update Refs
[4.284s][info][gc,task     ] GC(11) Using 3 of 3 workers for final reference update
[4.285s][info][gc          ] GC(11) Pause Final Update Refs 0.092ms
[4.288s][info][gc,start    ] GC(11) Concurrent cleanup
[4.289s][info][gc          ] GC(11) Concurrent cleanup 445M->170M(1024M) 0.061ms
[4.289s][info][gc,ergo     ] Free: 800M, Max: 512K regular, 676M humongous, Frag: 16% external, 0% internal; Reserve: 52736K, Max: 512K
[4.289s][info][gc,stats    ] 
[4.289s][info][gc,stats    ] All times are wall-clock times, except per-root-class counters, that are sum over
[4.289s][info][gc,stats    ] all workers. Dividing the <total> over the root stage time estimates parallelism.
[4.289s][info][gc,stats    ] 
[4.289s][info][gc,stats    ] Concurrent Reset                    627 us
[4.289s][info][gc,stats    ] Pause Init Mark (G)                2455 us
[4.289s][info][gc,stats    ] Pause Init Mark (N)                 170 us
[4.289s][info][gc,stats    ]   Update Region States               38 us
[4.289s][info][gc,stats    ] Concurrent Mark Roots               572 us, parallelism: 0.86x
[4.289s][info][gc,stats    ]   CMR: <total>                      494 us
[4.289s][info][gc,stats    ]   CMR: Thread Roots                 445 us, workers (us): 445, ---, ---, 
[4.289s][info][gc,stats    ]   CMR: VM Strong Roots                6 us, workers (us):   6, ---, ---, 
[4.289s][info][gc,stats    ]   CMR: CLDG Roots                    43 us, workers (us):  43, ---, ---, 
[4.289s][info][gc,stats    ] Concurrent Marking                27868 us
[4.289s][info][gc,stats    ] Pause Final Mark (G)                405 us
[4.289s][info][gc,stats    ] Pause Final Mark (N)                282 us
[4.289s][info][gc,stats    ]   Finish Mark                        52 us
[4.289s][info][gc,stats    ]   Update Region States               44 us
[4.289s][info][gc,stats    ]   Choose Collection Set              99 us
[4.289s][info][gc,stats    ]   Rebuild Free Set                    8 us
[4.289s][info][gc,stats    ] Concurrent Thread Roots             498 us, parallelism: 0.89x
[4.289s][info][gc,stats    ]   CTR: <total>                      442 us
[4.289s][info][gc,stats    ]   CTR: Thread Roots                 442 us, workers (us): 442, ---, ---, 
[4.289s][info][gc,stats    ] Concurrent Weak References           67 us, parallelism: 0.19x
[4.289s][info][gc,stats    ]   CWRF: <total>                      13 us
[4.289s][info][gc,stats    ]   CWRF: Weak References              13 us, workers (us):  13, ---, ---, 
[4.289s][info][gc,stats    ] Concurrent Weak Roots             11321 us
[4.289s][info][gc,stats    ]   Roots                             466 us, parallelism: 0.96x
[4.289s][info][gc,stats    ]     CWR: <total>                    449 us
[4.289s][info][gc,stats    ]     CWR: Code Cache Roots           342 us, workers (us): 342, ---, ---, 
[4.289s][info][gc,stats    ]     CWR: VM Weak Roots              104 us, workers (us): 104, ---, ---, 
[4.289s][info][gc,stats    ]     CWR: CLDG Roots                   3 us, workers (us):   3, ---, ---, 
[4.289s][info][gc,stats    ]   Rendezvous                      10798 us
[4.289s][info][gc,stats    ] Concurrent Cleanup                   80 us
[4.289s][info][gc,stats    ] Concurrent Class Unloading         1902 us
[4.289s][info][gc,stats    ]   Unlink Stale                     1513 us
[4.289s][info][gc,stats    ]     System Dictionary                 4 us
[4.289s][info][gc,stats    ]     Weak Class Links                  0 us
[4.289s][info][gc,stats    ]     Code Roots                     1507 us
[4.289s][info][gc,stats    ]   Rendezvous                        291 us
[4.289s][info][gc,stats    ]   Purge Unlinked                     53 us
[4.289s][info][gc,stats    ]     Code Roots                       46 us
[4.289s][info][gc,stats    ]     CLDG                              7 us
[4.289s][info][gc,stats    ]     Exception Caches                  0 us
[4.289s][info][gc,stats    ] Concurrent Strong Roots             106 us, parallelism: 0.49x
[4.289s][info][gc,stats    ]   CSR: <total>                       52 us
[4.289s][info][gc,stats    ]   CSR: VM Strong Roots                4 us, workers (us):   4, ---, ---, 
[4.289s][info][gc,stats    ]   CSR: CLDG Roots                    48 us, workers (us):  48, ---, ---, 
[4.289s][info][gc,stats    ] Concurrent Evacuation              3070 us
[4.289s][info][gc,stats    ] Pause Init Update Refs (G)        14039 us
[4.289s][info][gc,stats    ] Pause Init Update Refs (N)           81 us
[4.289s][info][gc,stats    ]   Manage GCLABs                       5 us
[4.289s][info][gc,stats    ] Concurrent Update Refs            10991 us
[4.289s][info][gc,stats    ] Concurrent Update Thread Roots      615 us
[4.289s][info][gc,stats    ] Pause Final Update Refs (G)        4032 us
[4.289s][info][gc,stats    ] Pause Final Update Refs (N)         129 us
[4.289s][info][gc,stats    ]   Update Region States               37 us
[4.289s][info][gc,stats    ]   Trash Collection Set                8 us
[4.289s][info][gc,stats    ]   Rebuild Free Set                   12 us
[4.289s][info][gc,stats    ] Concurrent Cleanup                   71 us
[4.289s][info][gc,stats    ] 
[4.289s][info][gc,stats    ] Allocation pacing accrued:
[4.289s][info][gc,stats    ]       0 of   508 ms (  0.0%): <total>
[4.289s][info][gc,stats    ]       0 of   508 ms (  0.0%): <average total>
[4.289s][info][gc,stats    ] 
[4.289s][info][gc,metaspace] Metaspace: 6122K(6272K)->6122K(6272K) NonClass: 5522K(5632K)->5522K(5632K) Class: 599K(640K)->599K(640K)
[4.289s][info][gc,ergo     ] Pacer for Idle. Initial: 20971K, Alloc Tax Rate: 1.0x
[4.494s][info][gc          ] Trigger: Average GC time (99.44 ms) is above the time for average allocation rate (2296 MB/s) to deplete free headroom (226M) (margin of error = 1.82)
[4.494s][info][gc,ergo     ] Free headroom: 277M (free) - 52428K (spike) - 0B (penalties) = 226M
[4.494s][info][gc,ergo     ] Free: 277M, Max: 512K regular, 153M humongous, Frag: 45% external, 0% internal; Reserve: 52736K, Max: 512K
[4.494s][info][gc,start    ] GC(12) Concurrent reset
[4.494s][info][gc,task     ] GC(12) Using 1 of 3 workers for concurrent reset
[4.494s][info][gc,ergo     ] GC(12) Pacer for Reset. Non-Taxable: 1024M
[4.495s][info][gc          ] GC(12) Concurrent reset 1.199ms
[4.495s][info][gc,start    ] GC(12) Pause Init Mark (unload classes)
[4.495s][info][gc,task     ] GC(12) Using 3 of 3 workers for init marking
[4.496s][info][gc,ergo     ] GC(12) Pacer for Mark. Expected Live: 14443K, Free: 275M, Non-Taxable: 28160K, Alloc Tax Rate: 0.1x
[4.496s][info][gc          ] GC(12) Pause Init Mark (unload classes) 0.161ms
[4.505s][info][gc,start    ] GC(12) Concurrent marking roots
[4.506s][info][gc,task     ] GC(12) Using 1 of 3 workers for concurrent marking roots
[4.506s][info][gc          ] GC(12) Concurrent marking roots 0.631ms
[4.506s][info][gc,start    ] GC(12) Concurrent marking (unload classes)
[4.506s][info][gc,task     ] GC(12) Using 1 of 3 workers for concurrent marking
[4.514s][info][gc          ] GC(12) Concurrent marking (unload classes) 7.655ms
[4.514s][info][gc,start    ] GC(12) Pause Final Mark (unload classes)
[4.514s][info][gc,task     ] GC(12) Using 3 of 3 workers for final marking
[4.514s][info][gc,ergo     ] GC(12) Adaptive CSet Selection. Target Free: 145M, Actual Free: 848M, Max CSet: 43690K, Min Garbage: 0B
[4.514s][info][gc,ergo     ] GC(12) Collectable Garbage: 682M (99%), Immediate: 549M (80%), CSet: 133M (19%)
[4.514s][info][gc,ergo     ] GC(12) Pacer for Evacuation. Used CSet: 135M, Free: 796M, Non-Taxable: 81562K, Alloc Tax Rate: 1.1x
[4.514s][info][gc          ] GC(12) Pause Final Mark (unload classes) 0.430ms
[4.514s][info][gc,start    ] GC(12) Concurrent thread roots
[4.514s][info][gc,task     ] GC(12) Using 1 of 3 workers for Concurrent thread roots
[4.516s][info][gc          ] GC(12) Concurrent thread roots 1.077ms
[4.516s][info][gc,start    ] GC(12) Concurrent weak references
[4.516s][info][gc,task     ] GC(12) Using 1 of 3 workers for concurrent weak references
[4.516s][info][gc,ref      ] GC(12) Encountered references: Soft: 164, Weak: 433, Final: 9, Phantom: 21
[4.516s][info][gc,ref      ] GC(12) Discovered  references: Soft: 0, Weak: 234, Final: 7, Phantom: 14
[4.516s][info][gc,ref      ] GC(12) Enqueued    references: Soft: 0, Weak: 0, Final: 0, Phantom: 0
[4.516s][info][gc          ] GC(12) Concurrent weak references 0.063ms
[4.516s][info][gc,start    ] GC(12) Concurrent weak roots
[4.516s][info][gc,task     ] GC(12) Using 1 of 3 workers for concurrent weak root
[4.516s][info][gc          ] GC(12) Concurrent weak roots 0.573ms
[4.516s][info][gc,start    ] GC(12) Concurrent cleanup
[4.516s][info][gc          ] GC(12) Concurrent cleanup 724M->175M(1024M) 0.128ms
[4.516s][info][gc,ergo     ] GC(12) Free: 796M, Max: 512K regular, 415M humongous, Frag: 48% external, 0% internal; Reserve: 52336K, Max: 512K
[4.516s][info][gc,start    ] GC(12) Concurrent class unloading
[4.516s][info][gc,task     ] GC(12) Using 1 of 3 workers for concurrent class unloading
[4.518s][info][gc          ] GC(12) Concurrent class unloading 1.389ms
[4.518s][info][gc,start    ] GC(12) Concurrent strong roots
[4.518s][info][gc,task     ] GC(12) Using 1 of 3 workers for concurrent strong root
[4.518s][info][gc          ] GC(12) Concurrent strong roots 0.084ms
[4.518s][info][gc,start    ] GC(12) Concurrent evacuation
[4.518s][info][gc,task     ] GC(12) Using 1 of 3 workers for concurrent evacuation
[4.520s][info][gc          ] GC(12) Concurrent evacuation 1.886ms
[4.520s][info][gc,start    ] GC(12) Pause Init Update Refs
[4.520s][info][gc,ergo     ] GC(12) Pacer for Update Refs. Used: 177M, Free: 796M, Non-Taxable: 81562K, Alloc Tax Rate: 1.1x
[4.520s][info][gc          ] GC(12) Pause Init Update Refs 0.059ms
[4.520s][info][gc,start    ] GC(12) Concurrent update references
[4.520s][info][gc,task     ] GC(12) Using 1 of 3 workers for concurrent reference update
[4.528s][info][gc          ] GC(12) Concurrent update references 7.945ms
[4.528s][info][gc,start    ] GC(12) Concurrent update thread roots
[4.528s][info][gc          ] GC(12) Concurrent update thread roots 0.526ms
[4.528s][info][gc,start    ] GC(12) Pause Final Update Refs
[4.529s][info][gc,task     ] GC(12) Using 3 of 3 workers for final reference update
[4.529s][info][gc          ] GC(12) Pause Final Update Refs 0.091ms
[4.534s][info][gc,start    ] GC(12) Concurrent cleanup
[4.534s][info][gc          ] GC(12) Concurrent cleanup 201M->66M(1024M) 0.058ms
[4.535s][info][gc,ergo     ] Free: 904M, Max: 512K regular, 566M humongous, Frag: 38% external, 0% internal; Reserve: 52736K, Max: 512K
[4.535s][info][gc,stats    ] 
[4.535s][info][gc,stats    ] All times are wall-clock times, except per-root-class counters, that are sum over
[4.535s][info][gc,stats    ] all workers. Dividing the <total> over the root stage time estimates parallelism.
[4.535s][info][gc,stats    ] 
[4.535s][info][gc,stats    ] Concurrent Reset                   1241 us
[4.535s][info][gc,stats    ] Pause Init Mark (G)               10219 us
[4.535s][info][gc,stats    ] Pause Init Mark (N)                 170 us
[4.535s][info][gc,stats    ]   Update Region States               50 us
[4.535s][info][gc,stats    ] Concurrent Mark Roots               647 us, parallelism: 0.78x
[4.535s][info][gc,stats    ]   CMR: <total>                      507 us
[4.535s][info][gc,stats    ]   CMR: Thread Roots                 450 us, workers (us): 450, ---, ---, 
[4.535s][info][gc,stats    ]   CMR: VM Strong Roots                6 us, workers (us):   6, ---, ---, 
[4.535s][info][gc,stats    ]   CMR: CLDG Roots                    52 us, workers (us):  52, ---, ---, 
[4.535s][info][gc,stats    ] Concurrent Marking                 7803 us
[4.535s][info][gc,stats    ] Pause Final Mark (G)                512 us
[4.535s][info][gc,stats    ] Pause Final Mark (N)                452 us
[4.535s][info][gc,stats    ]   Finish Mark                        64 us
[4.535s][info][gc,stats    ]   Update Region States               50 us
[4.535s][info][gc,stats    ]   Choose Collection Set             162 us
[4.535s][info][gc,stats    ]   Rebuild Free Set                   20 us
[4.535s][info][gc,stats    ] Concurrent Thread Roots            1086 us, parallelism: 0.92x
[4.535s][info][gc,stats    ]   CTR: <total>                     1002 us
[4.535s][info][gc,stats    ]   CTR: Thread Roots                1002 us, workers (us): 1002, ---, ---, 
[4.535s][info][gc,stats    ] Concurrent Weak References           70 us, parallelism: 0.16x
[4.535s][info][gc,stats    ]   CWRF: <total>                      11 us
[4.535s][info][gc,stats    ]   CWRF: Weak References              11 us, workers (us):  11, ---, ---, 
[4.535s][info][gc,stats    ] Concurrent Weak Roots               593 us
[4.535s][info][gc,stats    ]   Roots                             521 us, parallelism: 0.93x
[4.535s][info][gc,stats    ]     CWR: <total>                    485 us
[4.535s][info][gc,stats    ]     CWR: Code Cache Roots           293 us, workers (us): 293, ---, ---, 
[4.535s][info][gc,stats    ]     CWR: VM Weak Roots              189 us, workers (us): 189, ---, ---, 
[4.535s][info][gc,stats    ]     CWR: CLDG Roots                   3 us, workers (us):   3, ---, ---, 
[4.535s][info][gc,stats    ]   Rendezvous                         36 us
[4.535s][info][gc,stats    ] Concurrent Cleanup                  145 us
[4.535s][info][gc,stats    ] Concurrent Class Unloading         1402 us
[4.535s][info][gc,stats    ]   Unlink Stale                     1263 us
[4.535s][info][gc,stats    ]     System Dictionary                 3 us
[4.535s][info][gc,stats    ]     Weak Class Links                  0 us
[4.535s][info][gc,stats    ]     Code Roots                     1259 us
[4.535s][info][gc,stats    ]   Rendezvous                         42 us
[4.535s][info][gc,stats    ]   Purge Unlinked                     54 us
[4.535s][info][gc,stats    ]     Code Roots                       50 us
[4.535s][info][gc,stats    ]     CLDG                              3 us
[4.535s][info][gc,stats    ]     Exception Caches                  0 us
[4.535s][info][gc,stats    ] Concurrent Strong Roots             102 us, parallelism: 0.44x
[4.535s][info][gc,stats    ]   CSR: <total>                       45 us
[4.535s][info][gc,stats    ]   CSR: VM Strong Roots                3 us, workers (us):   3, ---, ---, 
[4.535s][info][gc,stats    ]   CSR: CLDG Roots                    42 us, workers (us):  42, ---, ---, 
[4.535s][info][gc,stats    ] Concurrent Evacuation              1900 us
[4.535s][info][gc,stats    ] Pause Init Update Refs (G)          128 us
[4.535s][info][gc,stats    ] Pause Init Update Refs (N)           79 us
[4.535s][info][gc,stats    ]   Manage GCLABs                       4 us
[4.535s][info][gc,stats    ] Concurrent Update Refs             7998 us
[4.535s][info][gc,stats    ] Concurrent Update Thread Roots      543 us
[4.535s][info][gc,stats    ] Pause Final Update Refs (G)        5974 us
[4.535s][info][gc,stats    ] Pause Final Update Refs (N)         108 us
[4.535s][info][gc,stats    ]   Update Region States               39 us
[4.535s][info][gc,stats    ]   Trash Collection Set                4 us
[4.535s][info][gc,stats    ]   Rebuild Free Set                   11 us
[4.535s][info][gc,stats    ] Concurrent Cleanup                   69 us
[4.535s][info][gc,stats    ] Pacing                           152537 us
[4.535s][info][gc,stats    ] 
[4.535s][info][gc,stats    ] Allocation pacing accrued:
[4.535s][info][gc,stats    ]      25 of   246 ms ( 10.2%): Thread-6
[4.535s][info][gc,stats    ]      28 of   246 ms ( 11.4%): Thread-7
[4.535s][info][gc,stats    ]      25 of   246 ms ( 10.1%): Thread-8
[4.535s][info][gc,stats    ]      25 of   246 ms ( 10.1%): Thread-9
[4.535s][info][gc,stats    ]      25 of   246 ms ( 10.0%): Thread-10
[4.535s][info][gc,stats    ]      25 of   246 ms ( 10.2%): Thread-11
[4.535s][info][gc,stats    ]     153 of   246 ms ( 62.0%): <total>
[4.535s][info][gc,stats    ]       8 of   246 ms (  3.3%): <average total>
[4.535s][info][gc,stats    ]      25 of   246 ms ( 10.3%): <average non-zero>
[4.535s][info][gc,stats    ] 
[4.535s][info][gc,metaspace] Metaspace: 6122K(6272K)->6122K(6272K) NonClass: 5522K(5632K)->5522K(5632K) Class: 599K(640K)->599K(640K)
[4.535s][info][gc,ergo     ] Pacer for Idle. Initial: 20971K, Alloc Tax Rate: 1.0x
[4.793s][info][gc          ] Trigger: Average GC time (88.09 ms) is above the time for average allocation rate (2315 MB/s) to deplete free headroom (195M) (margin of error = 1.81)
[4.793s][info][gc,ergo     ] Free headroom: 247M (free) - 52428K (spike) - 0B (penalties) = 195M
[4.793s][info][gc,ergo     ] Free: 247M, Max: 512K regular, 247M humongous, Frag: 0% external, 0% internal; Reserve: 52736K, Max: 512K
[4.793s][info][gc,start    ] GC(13) Concurrent reset
[4.793s][info][gc,task     ] GC(13) Using 1 of 3 workers for concurrent reset
[4.793s][info][gc,ergo     ] GC(13) Pacer for Reset. Non-Taxable: 1024M
[4.794s][info][gc          ] GC(13) Concurrent reset 0.577ms
[4.794s][info][gc,start    ] GC(13) Pause Init Mark (unload classes)
[4.794s][info][gc,task     ] GC(13) Using 3 of 3 workers for init marking
[4.794s][info][gc,ergo     ] GC(13) Pacer for Mark. Expected Live: 14412K, Free: 245M, Non-Taxable: 25088K, Alloc Tax Rate: 0.1x
[4.794s][info][gc          ] GC(13) Pause Init Mark (unload classes) 0.122ms
[4.804s][info][gc,start    ] GC(13) Concurrent marking roots
[4.804s][info][gc,task     ] GC(13) Using 1 of 3 workers for concurrent marking roots
[4.805s][info][gc          ] GC(13) Concurrent marking roots 0.642ms
[4.805s][info][gc,start    ] GC(13) Concurrent marking (unload classes)
[4.805s][info][gc,task     ] GC(13) Using 1 of 3 workers for concurrent marking
[4.823s][info][gc          ] GC(13) Concurrent marking (unload classes) 18.228ms
[4.823s][info][gc,start    ] GC(13) Pause Final Mark (unload classes)
[4.823s][info][gc,task     ] GC(13) Using 3 of 3 workers for final marking
[4.824s][info][gc,ergo     ] GC(13) Collectable Garbage: 655M (91%), Immediate: 655M (91%), CSet: 0B (0%)
[4.824s][info][gc          ] GC(13) Pause Final Mark (unload classes) 0.201ms
[4.825s][info][gc,start    ] GC(13) Concurrent weak references
[4.825s][info][gc,task     ] GC(13) Using 1 of 3 workers for concurrent weak references
[4.825s][info][gc,ref      ] GC(13) Encountered references: Soft: 164, Weak: 433, Final: 9, Phantom: 21
[4.825s][info][gc,ref      ] GC(13) Discovered  references: Soft: 0, Weak: 234, Final: 7, Phantom: 14
[4.825s][info][gc,ref      ] GC(13) Enqueued    references: Soft: 0, Weak: 0, Final: 0, Phantom: 0
[4.825s][info][gc          ] GC(13) Concurrent weak references 0.071ms
[4.825s][info][gc,start    ] GC(13) Concurrent weak roots
[4.825s][info][gc,task     ] GC(13) Using 1 of 3 workers for concurrent weak root
[4.833s][info][gc          ] GC(13) Concurrent weak roots 7.917ms
[4.833s][info][gc,start    ] GC(13) Concurrent cleanup
[4.833s][info][gc          ] GC(13) Concurrent cleanup 806M->151M(1024M) 0.111ms
[4.833s][info][gc,ergo     ] GC(13) Free: 819M, Max: 512K regular, 518M humongous, Frag: 37% external, 0% internal; Reserve: 52736K, Max: 512K
[4.833s][info][gc,start    ] GC(13) Concurrent class unloading
[4.833s][info][gc,task     ] GC(13) Using 1 of 3 workers for concurrent class unloading
[4.841s][info][gc          ] GC(13) Concurrent class unloading 7.657ms
[4.841s][info][gc,start    ] GC(13) Pause Final Roots
[4.841s][info][gc          ] GC(13) Pause Final Roots 0.035ms
[4.847s][info][gc,ergo     ] Free: 790M, Max: 512K regular, 518M humongous, Frag: 35% external, 0% internal; Reserve: 52736K, Max: 512K
[4.847s][info][gc,stats    ] 
[4.847s][info][gc,stats    ] All times are wall-clock times, except per-root-class counters, that are sum over
[4.847s][info][gc,stats    ] all workers. Dividing the <total> over the root stage time estimates parallelism.
[4.847s][info][gc,stats    ] 
[4.847s][info][gc,stats    ] Concurrent Reset                    612 us
[4.847s][info][gc,stats    ] Pause Init Mark (G)               10543 us
[4.847s][info][gc,stats    ] Pause Init Mark (N)                 132 us
[4.847s][info][gc,stats    ]   Update Region States               33 us
[4.847s][info][gc,stats    ] Concurrent Mark Roots               662 us, parallelism: 0.79x
[4.847s][info][gc,stats    ]   CMR: <total>                      520 us
[4.847s][info][gc,stats    ]   CMR: Thread Roots                 469 us, workers (us): 469, ---, ---, 
[4.847s][info][gc,stats    ]   CMR: VM Strong Roots                6 us, workers (us):   6, ---, ---, 
[4.847s][info][gc,stats    ]   CMR: CLDG Roots                    45 us, workers (us):  45, ---, ---, 
[4.847s][info][gc,stats    ] Concurrent Marking                18282 us
[4.847s][info][gc,stats    ] Pause Final Mark (G)               1660 us
[4.847s][info][gc,stats    ] Pause Final Mark (N)                210 us
[4.847s][info][gc,stats    ]   Finish Mark                        46 us
[4.847s][info][gc,stats    ]   Update Region States               36 us
[4.847s][info][gc,stats    ]   Choose Collection Set              46 us
[4.847s][info][gc,stats    ]   Rebuild Free Set                    8 us
[4.847s][info][gc,stats    ] Concurrent Weak References           78 us, parallelism: 0.11x
[4.847s][info][gc,stats    ]   CWRF: <total>                       9 us
[4.847s][info][gc,stats    ]   CWRF: Weak References               9 us, workers (us):   9, ---, ---, 
[4.847s][info][gc,stats    ] Concurrent Weak Roots              7934 us
[4.847s][info][gc,stats    ]   Roots                             433 us, parallelism: 0.96x
[4.847s][info][gc,stats    ]     CWR: <total>                    414 us
[4.847s][info][gc,stats    ]     CWR: Code Cache Roots           351 us, workers (us): 351, ---, ---, 
[4.847s][info][gc,stats    ]     CWR: VM Weak Roots               61 us, workers (us):  61, ---, ---, 
[4.847s][info][gc,stats    ]     CWR: CLDG Roots                   3 us, workers (us):   3, ---, ---, 
[4.847s][info][gc,stats    ]   Rendezvous                       7468 us
[4.847s][info][gc,stats    ] Concurrent Cleanup                  119 us
[4.847s][info][gc,stats    ] Concurrent Class Unloading         7684 us
[4.847s][info][gc,stats    ]   Unlink Stale                     1407 us
[4.847s][info][gc,stats    ]     System Dictionary                 2 us
[4.847s][info][gc,stats    ]     Weak Class Links                  0 us
[4.847s][info][gc,stats    ]     Code Roots                     1404 us
[4.847s][info][gc,stats    ]   Rendezvous                       6157 us
[4.847s][info][gc,stats    ]   Purge Unlinked                     69 us
[4.847s][info][gc,stats    ]     Code Roots                       65 us
[4.847s][info][gc,stats    ]     CLDG                              4 us
[4.847s][info][gc,stats    ]     Exception Caches                  0 us
[4.847s][info][gc,stats    ] Pause Final Roots (G)              5918 us
[4.847s][info][gc,stats    ] Pause Final Roots (N)                44 us
[4.847s][info][gc,stats    ] Pacing                            30500 us
[4.847s][info][gc,stats    ] 
[4.847s][info][gc,stats    ] Allocation pacing accrued:
[4.847s][info][gc,stats    ]       5 of   312 ms (  1.6%): Thread-6
[4.847s][info][gc,stats    ]       6 of   312 ms (  2.0%): Thread-7
[4.847s][info][gc,stats    ]       5 of   312 ms (  1.6%): Thread-8
[4.847s][info][gc,stats    ]       5 of   312 ms (  1.5%): Thread-9
[4.847s][info][gc,stats    ]       4 of   312 ms (  1.4%): Thread-10
[4.847s][info][gc,stats    ]       5 of   312 ms (  1.6%): Thread-11
[4.847s][info][gc,stats    ]      30 of   312 ms (  9.8%): <total>
[4.847s][info][gc,stats    ]       2 of   312 ms (  0.5%): <average total>
[4.847s][info][gc,stats    ]       5 of   312 ms (  1.6%): <average non-zero>
[4.847s][info][gc,stats    ] 
[4.847s][info][gc,metaspace] Metaspace: 6122K(6272K)->6122K(6272K) NonClass: 5522K(5632K)->5522K(5632K) Class: 599K(640K)->599K(640K)
[4.847s][info][gc,ergo     ] Pacer for Idle. Initial: 20971K, Alloc Tax Rate: 1.0x
[5.093s][info][gc          ] Trigger: Average GC time (77.93 ms) is above the time for average allocation rate (2257 MB/s) to deplete free headroom (154M) (margin of error = 1.82)
[5.093s][info][gc,ergo     ] Free headroom: 206M (free) - 52428K (spike) - 0B (penalties) = 154M
[5.093s][info][gc,ergo     ] Free: 206M, Max: 512K regular, 166M humongous, Frag: 20% external, 0% internal; Reserve: 52736K, Max: 512K
[5.093s][info][gc,start    ] GC(14) Concurrent reset
[5.093s][info][gc,task     ] GC(14) Using 1 of 3 workers for concurrent reset
[5.093s][info][gc,ergo     ] GC(14) Pacer for Reset. Non-Taxable: 1024M
[5.094s][info][gc          ] GC(14) Concurrent reset 0.303ms
[5.094s][info][gc,start    ] GC(14) Pause Init Mark (unload classes)
[5.094s][info][gc,task     ] GC(14) Using 3 of 3 workers for init marking
[5.094s][info][gc,ergo     ] GC(14) Pacer for Mark. Expected Live: 14370K, Free: 205M, Non-Taxable: 21043K, Alloc Tax Rate: 0.1x
[5.094s][info][gc          ] GC(14) Pause Init Mark (unload classes) 0.139ms
[5.101s][info][gc,start    ] GC(14) Concurrent marking roots
[5.101s][info][gc,task     ] GC(14) Using 1 of 3 workers for concurrent marking roots
[5.102s][info][gc          ] GC(14) Concurrent marking roots 0.630ms
[5.102s][info][gc,start    ] GC(14) Concurrent marking (unload classes)
[5.102s][info][gc,task     ] GC(14) Using 1 of 3 workers for concurrent marking
[5.109s][info][gc          ] GC(14) Concurrent marking (unload classes) 7.021ms
[5.109s][info][gc,start    ] GC(14) Pause Final Mark (unload classes)
[5.109s][info][gc,task     ] GC(14) Using 3 of 3 workers for final marking
[5.109s][info][gc,ergo     ] GC(14) Adaptive CSet Selection. Target Free: 145M, Actual Free: 875M, Max CSet: 43690K, Min Garbage: 0B
[5.109s][info][gc,ergo     ] GC(14) Collectable Garbage: 751M (99%), Immediate: 638M (84%), CSet: 113M (15%)
[5.109s][info][gc,ergo     ] GC(14) Pacer for Evacuation. Used CSet: 115M, Free: 823M, Non-Taxable: 84326K, Alloc Tax Rate: 1.1x
[5.109s][info][gc          ] GC(14) Pause Final Mark (unload classes) 0.329ms
[5.109s][info][gc,start    ] GC(14) Concurrent thread roots
[5.109s][info][gc,task     ] GC(14) Using 1 of 3 workers for Concurrent thread roots
[5.110s][info][gc          ] GC(14) Concurrent thread roots 1.000ms
[5.110s][info][gc,start    ] GC(14) Concurrent weak references
[5.110s][info][gc,task     ] GC(14) Using 1 of 3 workers for concurrent weak references
[5.110s][info][gc,ref      ] GC(14) Encountered references: Soft: 164, Weak: 433, Final: 9, Phantom: 21
[5.110s][info][gc,ref      ] GC(14) Discovered  references: Soft: 0, Weak: 234, Final: 7, Phantom: 14
[5.110s][info][gc,ref      ] GC(14) Enqueued    references: Soft: 0, Weak: 0, Final: 0, Phantom: 0
[5.110s][info][gc          ] GC(14) Concurrent weak references 0.125ms
[5.110s][info][gc,start    ] GC(14) Concurrent weak roots
[5.110s][info][gc,task     ] GC(14) Using 1 of 3 workers for concurrent weak root
[5.125s][info][gc          ] GC(14) Concurrent weak roots 14.777ms
[5.125s][info][gc,start    ] GC(14) Concurrent cleanup
[5.125s][info][gc          ] GC(14) Concurrent cleanup 825M->187M(1024M) 0.095ms
[5.125s][info][gc,ergo     ] GC(14) Free: 785M, Max: 512K regular, 401M humongous, Frag: 49% external, 0% internal; Reserve: 51228K, Max: 512K
[5.125s][info][gc,start    ] GC(14) Concurrent class unloading
[5.125s][info][gc,task     ] GC(14) Using 1 of 3 workers for concurrent class unloading
[5.131s][info][gc          ] GC(14) Concurrent class unloading 5.799ms
[5.131s][info][gc,start    ] GC(14) Concurrent strong roots
[5.131s][info][gc,task     ] GC(14) Using 1 of 3 workers for concurrent strong root
[5.131s][info][gc          ] GC(14) Concurrent strong roots 0.083ms
[5.131s][info][gc,start    ] GC(14) Concurrent evacuation
[5.131s][info][gc,task     ] GC(14) Using 1 of 3 workers for concurrent evacuation
[5.133s][info][gc          ] GC(14) Concurrent evacuation 1.605ms
[5.133s][info][gc,start    ] GC(14) Pause Init Update Refs
[5.133s][info][gc,ergo     ] GC(14) Pacer for Update Refs. Used: 206M, Free: 768M, Non-Taxable: 78643K, Alloc Tax Rate: 1.1x
[5.133s][info][gc          ] GC(14) Pause Init Update Refs 0.078ms
[5.143s][info][gc,start    ] GC(14) Concurrent update references
[5.143s][info][gc,task     ] GC(14) Using 1 of 3 workers for concurrent reference update
[5.149s][info][gc          ] GC(14) Concurrent update references 5.820ms
[5.149s][info][gc,start    ] GC(14) Concurrent update thread roots
[5.149s][info][gc          ] GC(14) Concurrent update thread roots 0.603ms
[5.150s][info][gc,start    ] GC(14) Pause Final Update Refs
[5.150s][info][gc,task     ] GC(14) Using 3 of 3 workers for final reference update
[5.150s][info][gc          ] GC(14) Pause Final Update Refs 0.117ms
[5.155s][info][gc,start    ] GC(14) Concurrent cleanup
[5.155s][info][gc          ] GC(14) Concurrent cleanup 256M->141M(1024M) 0.047ms
[5.155s][info][gc,ergo     ] Free: 830M, Max: 512K regular, 562M humongous, Frag: 33% external, 0% internal; Reserve: 52736K, Max: 512K
[5.155s][info][gc,stats    ] 
[5.155s][info][gc,stats    ] All times are wall-clock times, except per-root-class counters, that are sum over
[5.155s][info][gc,stats    ] all workers. Dividing the <total> over the root stage time estimates parallelism.
[5.155s][info][gc,stats    ] 
[5.155s][info][gc,stats    ] Concurrent Reset                    319 us
[5.155s][info][gc,stats    ] Pause Init Mark (G)                7238 us
[5.155s][info][gc,stats    ] Pause Init Mark (N)                 150 us
[5.155s][info][gc,stats    ]   Update Region States               35 us
[5.155s][info][gc,stats    ] Concurrent Mark Roots               654 us, parallelism: 0.79x
[5.155s][info][gc,stats    ]   CMR: <total>                      520 us
[5.155s][info][gc,stats    ]   CMR: Thread Roots                 459 us, workers (us): 459, ---, ---, 
[5.155s][info][gc,stats    ]   CMR: VM Strong Roots                5 us, workers (us):   5, ---, ---, 
[5.155s][info][gc,stats    ]   CMR: CLDG Roots                    56 us, workers (us):  56, ---, ---, 
[5.155s][info][gc,stats    ] Concurrent Marking                 7068 us
[5.155s][info][gc,stats    ] Pause Final Mark (G)                389 us
[5.155s][info][gc,stats    ] Pause Final Mark (N)                346 us
[5.155s][info][gc,stats    ]   Finish Mark                        51 us
[5.155s][info][gc,stats    ]   Update Region States               36 us
[5.155s][info][gc,stats    ]   Choose Collection Set             122 us
[5.155s][info][gc,stats    ]   Rebuild Free Set                   20 us
[5.155s][info][gc,stats    ] Concurrent Thread Roots            1040 us, parallelism: 0.91x
[5.155s][info][gc,stats    ]   CTR: <total>                      948 us
[5.155s][info][gc,stats    ]   CTR: Thread Roots                 948 us, workers (us): 948, ---, ---, 
[5.155s][info][gc,stats    ] Concurrent Weak References          141 us, parallelism: 0.15x
[5.155s][info][gc,stats    ]   CWRF: <total>                      21 us
[5.155s][info][gc,stats    ]   CWRF: Weak References              21 us, workers (us):  21, ---, ---, 
[5.155s][info][gc,stats    ] Concurrent Weak Roots             14852 us
[5.155s][info][gc,stats    ]   Roots                             630 us, parallelism: 0.96x
[5.155s][info][gc,stats    ]     CWR: <total>                    604 us
[5.155s][info][gc,stats    ]     CWR: Code Cache Roots           401 us, workers (us): 401, ---, ---, 
[5.155s][info][gc,stats    ]     CWR: VM Weak Roots              198 us, workers (us): 198, ---, ---, 
[5.155s][info][gc,stats    ]     CWR: CLDG Roots                   5 us, workers (us):   5, ---, ---, 
[5.155s][info][gc,stats    ]   Rendezvous                      14110 us
[5.155s][info][gc,stats    ] Concurrent Cleanup                  104 us
[5.155s][info][gc,stats    ] Concurrent Class Unloading         5830 us
[5.155s][info][gc,stats    ]   Unlink Stale                     1578 us
[5.155s][info][gc,stats    ]     System Dictionary                 4 us
[5.155s][info][gc,stats    ]     Weak Class Links                  0 us
[5.155s][info][gc,stats    ]     Code Roots                     1572 us
[5.155s][info][gc,stats    ]   Rendezvous                       4136 us
[5.155s][info][gc,stats    ]   Purge Unlinked                     61 us
[5.155s][info][gc,stats    ]     Code Roots                       57 us
[5.155s][info][gc,stats    ]     CLDG                              4 us
[5.155s][info][gc,stats    ]     Exception Caches                  0 us
[5.155s][info][gc,stats    ] Concurrent Strong Roots              91 us, parallelism: 0.55x
[5.156s][info][gc,stats    ]   CSR: <total>                       50 us
[5.156s][info][gc,stats    ]   CSR: VM Strong Roots                5 us, workers (us):   5, ---, ---, 
[5.156s][info][gc,stats    ]   CSR: CLDG Roots                    46 us, workers (us):  46, ---, ---, 
[5.156s][info][gc,stats    ] Concurrent Evacuation              1645 us
[5.156s][info][gc,stats    ] Pause Init Update Refs (G)        10024 us
[5.156s][info][gc,stats    ] Pause Init Update Refs (N)           87 us
[5.156s][info][gc,stats    ]   Manage GCLABs                       4 us
[5.156s][info][gc,stats    ] Concurrent Update Refs             5871 us
[5.156s][info][gc,stats    ] Concurrent Update Thread Roots      619 us
[5.156s][info][gc,stats    ] Pause Final Update Refs (G)        5538 us
[5.156s][info][gc,stats    ] Pause Final Update Refs (N)         139 us
[5.156s][info][gc,stats    ]   Update Region States               41 us
[5.156s][info][gc,stats    ]   Trash Collection Set                7 us
[5.156s][info][gc,stats    ]   Rebuild Free Set                   16 us
[5.156s][info][gc,stats    ] Concurrent Cleanup                   57 us
[5.156s][info][gc,stats    ] Pacing                            50523 us
[5.156s][info][gc,stats    ] 
[5.156s][info][gc,stats    ] Allocation pacing accrued:
[5.156s][info][gc,stats    ]       9 of   308 ms (  3.0%): Thread-6
[5.156s][info][gc,stats    ]       8 of   308 ms (  2.7%): Thread-7
[5.156s][info][gc,stats    ]       9 of   308 ms (  3.1%): Thread-8
[5.156s][info][gc,stats    ]       7 of   308 ms (  2.4%): Thread-9
[5.156s][info][gc,stats    ]       8 of   308 ms (  2.5%): Thread-10
[5.156s][info][gc,stats    ]       9 of   308 ms (  2.8%): Thread-11
[5.156s][info][gc,stats    ]      51 of   308 ms ( 16.4%): <total>
[5.156s][info][gc,stats    ]       3 of   308 ms (  0.9%): <average total>
[5.156s][info][gc,stats    ]       8 of   308 ms (  2.7%): <average non-zero>
[5.156s][info][gc,stats    ] 
[5.156s][info][gc,metaspace] Metaspace: 6122K(6272K)->6122K(6272K) NonClass: 5522K(5632K)->5522K(5632K) Class: 599K(640K)->599K(640K)
[5.156s][info][gc,ergo     ] Pacer for Idle. Initial: 20971K, Alloc Tax Rate: 1.0x
[5.455s][info][gc          ] Trigger: Average GC time (76.00 ms) is above the time for average allocation rate (2126 MB/s) to deplete free headroom (134M) (margin of error = 1.82)
[5.456s][info][gc,ergo     ] Free headroom: 185M (free) - 52428K (spike) - 0B (penalties) = 134M
[5.456s][info][gc,ergo     ] Free: 185M, Max: 512K regular, 145M humongous, Frag: 22% external, 0% internal; Reserve: 52736K, Max: 512K
[5.456s][info][gc,start    ] GC(15) Concurrent reset
[5.456s][info][gc,task     ] GC(15) Using 1 of 3 workers for concurrent reset
[5.456s][info][gc,ergo     ] GC(15) Pacer for Reset. Non-Taxable: 1024M
[5.456s][info][gc          ] GC(15) Concurrent reset 0.581ms
[5.456s][info][gc,start    ] GC(15) Pause Init Mark (unload classes)
[5.456s][info][gc,task     ] GC(15) Using 3 of 3 workers for init marking
[5.456s][info][gc,ergo     ] GC(15) Pacer for Mark. Expected Live: 14367K, Free: 185M, Non-Taxable: 18944K, Alloc Tax Rate: 0.1x
[5.456s][info][gc          ] GC(15) Pause Init Mark (unload classes) 0.150ms
[5.466s][info][gc,start    ] GC(15) Concurrent marking roots
[5.466s][info][gc,task     ] GC(15) Using 1 of 3 workers for concurrent marking roots
[5.467s][info][gc          ] GC(15) Concurrent marking roots 0.603ms
[5.467s][info][gc,start    ] GC(15) Concurrent marking (unload classes)
[5.467s][info][gc,task     ] GC(15) Using 1 of 3 workers for concurrent marking
[5.476s][info][gc          ] GC(15) Concurrent marking (unload classes) 9.351ms
[5.476s][info][gc,start    ] GC(15) Pause Final Mark (unload classes)
[5.476s][info][gc,task     ] GC(15) Using 3 of 3 workers for final marking
[5.477s][info][gc,ergo     ] GC(15) Adaptive CSet Selection. Target Free: 145M, Actual Free: 743M, Max CSet: 43690K, Min Garbage: 0B
[5.477s][info][gc,ergo     ] GC(15) Collectable Garbage: 771M (99%), Immediate: 525M (68%), CSet: 246M (31%)
[5.477s][info][gc,ergo     ] GC(15) Pacer for Evacuation. Used CSet: 249M, Free: 692M, Non-Taxable: 70861K, Alloc Tax Rate: 1.1x
[5.477s][info][gc          ] GC(15) Pause Final Mark (unload classes) 0.279ms
[5.477s][info][gc,start    ] GC(15) Concurrent thread roots
[5.477s][info][gc,task     ] GC(15) Using 1 of 3 workers for Concurrent thread roots
[5.478s][info][gc          ] GC(15) Concurrent thread roots 0.974ms
[5.478s][info][gc,start    ] GC(15) Concurrent weak references
[5.478s][info][gc,task     ] GC(15) Using 1 of 3 workers for concurrent weak references
[5.478s][info][gc,ref      ] GC(15) Encountered references: Soft: 164, Weak: 433, Final: 9, Phantom: 21
[5.478s][info][gc,ref      ] GC(15) Discovered  references: Soft: 0, Weak: 234, Final: 7, Phantom: 14
[5.478s][info][gc,ref      ] GC(15) Enqueued    references: Soft: 0, Weak: 0, Final: 0, Phantom: 0
[5.478s][info][gc          ] GC(15) Concurrent weak references 0.083ms
[5.478s][info][gc,start    ] GC(15) Concurrent weak roots
[5.478s][info][gc,task     ] GC(15) Using 1 of 3 workers for concurrent weak root
[5.479s][info][gc          ] GC(15) Concurrent weak roots 0.725ms
[5.479s][info][gc,start    ] GC(15) Concurrent cleanup
[5.479s][info][gc          ] GC(15) Concurrent cleanup 805M->279M(1024M) 0.069ms
[5.479s][info][gc,ergo     ] GC(15) Free: 692M, Max: 512K regular, 245M humongous, Frag: 65% external, 0% internal; Reserve: 52465K, Max: 512K
[5.479s][info][gc,start    ] GC(15) Concurrent class unloading
[5.479s][info][gc,task     ] GC(15) Using 1 of 3 workers for concurrent class unloading
[5.480s][info][gc          ] GC(15) Concurrent class unloading 1.349ms
[5.480s][info][gc,start    ] GC(15) Concurrent strong roots
[5.480s][info][gc,task     ] GC(15) Using 1 of 3 workers for concurrent strong root
[5.480s][info][gc          ] GC(15) Concurrent strong roots 0.101ms
[5.480s][info][gc,start    ] GC(15) Concurrent evacuation
[5.480s][info][gc,task     ] GC(15) Using 1 of 3 workers for concurrent evacuation
[5.483s][info][gc          ] GC(15) Concurrent evacuation 2.617ms
[5.483s][info][gc,start    ] GC(15) Pause Init Update Refs
[5.483s][info][gc,ergo     ] GC(15) Pacer for Update Refs. Used: 282M, Free: 692M, Non-Taxable: 70861K, Alloc Tax Rate: 1.1x
[5.483s][info][gc          ] GC(15) Pause Init Update Refs 0.058ms
[5.483s][info][gc,start    ] GC(15) Concurrent update references
[5.483s][info][gc,task     ] GC(15) Using 1 of 3 workers for concurrent reference update
[5.490s][info][gc          ] GC(15) Concurrent update references 6.710ms
[5.490s][info][gc,start    ] GC(15) Concurrent update thread roots
[5.503s][info][gc          ] GC(15) Concurrent update thread roots 12.989ms
[5.503s][info][gc,start    ] GC(15) Pause Final Update Refs
[5.503s][info][gc,task     ] GC(15) Using 3 of 3 workers for final reference update
[5.503s][info][gc          ] GC(15) Pause Final Update Refs 0.098ms
[5.507s][info][gc,start    ] GC(15) Concurrent cleanup
[5.507s][info][gc          ] GC(15) Concurrent cleanup 308M->60M(1024M) 0.057ms
[5.507s][info][gc,ergo     ] Free: 911M, Max: 512K regular, 715M humongous, Frag: 22% external, 0% internal; Reserve: 52736K, Max: 512K
[5.507s][info][gc,stats    ] 
[5.507s][info][gc,stats    ] All times are wall-clock times, except per-root-class counters, that are sum over
[5.507s][info][gc,stats    ] all workers. Dividing the <total> over the root stage time estimates parallelism.
[5.507s][info][gc,stats    ] 
[5.507s][info][gc,stats    ] Concurrent Reset                    613 us
[5.507s][info][gc,stats    ] Pause Init Mark (G)               10198 us
[5.507s][info][gc,stats    ] Pause Init Mark (N)                 160 us
[5.507s][info][gc,stats    ]   Update Region States               40 us
[5.507s][info][gc,stats    ] Concurrent Mark Roots               614 us, parallelism: 0.82x
[5.507s][info][gc,stats    ]   CMR: <total>                      501 us
[5.507s][info][gc,stats    ]   CMR: Thread Roots                 449 us, workers (us): 449, ---, ---, 
[5.507s][info][gc,stats    ]   CMR: VM Strong Roots                5 us, workers (us):   5, ---, ---, 
[5.507s][info][gc,stats    ]   CMR: CLDG Roots                    47 us, workers (us):  47, ---, ---, 
[5.507s][info][gc,stats    ] Concurrent Marking                 9405 us
[5.507s][info][gc,stats    ] Pause Final Mark (G)                319 us
[5.507s][info][gc,stats    ] Pause Final Mark (N)                287 us
[5.507s][info][gc,stats    ]   Finish Mark                        54 us
[5.507s][info][gc,stats    ]   Update Region States               46 us
[5.507s][info][gc,stats    ]   Choose Collection Set              98 us
[5.507s][info][gc,stats    ]   Rebuild Free Set                   10 us
[5.507s][info][gc,stats    ] Concurrent Thread Roots             983 us, parallelism: 0.95x
[5.507s][info][gc,stats    ]   CTR: <total>                      932 us
[5.507s][info][gc,stats    ]   CTR: Thread Roots                 932 us, workers (us): 932, ---, ---, 
[5.507s][info][gc,stats    ] Concurrent Weak References           90 us, parallelism: 0.26x
[5.507s][info][gc,stats    ]   CWRF: <total>                      23 us
[5.507s][info][gc,stats    ]   CWRF: Weak References              23 us, workers (us):  23, ---, ---, 
[5.507s][info][gc,stats    ] Concurrent Weak Roots               734 us
[5.507s][info][gc,stats    ]   Roots                             682 us, parallelism: 0.96x
[5.507s][info][gc,stats    ]     CWR: <total>                    654 us
[5.507s][info][gc,stats    ]     CWR: Code Cache Roots           350 us, workers (us): 350, ---, ---, 
[5.507s][info][gc,stats    ]     CWR: VM Weak Roots              301 us, workers (us): 301, ---, ---, 
[5.507s][info][gc,stats    ]     CWR: CLDG Roots                   2 us, workers (us):   2, ---, ---, 
[5.507s][info][gc,stats    ]   Rendezvous                         28 us
[5.507s][info][gc,stats    ] Concurrent Cleanup                   77 us
[5.507s][info][gc,stats    ] Concurrent Class Unloading         1362 us
[5.507s][info][gc,stats    ]   Unlink Stale                     1244 us
[5.507s][info][gc,stats    ]     System Dictionary                 3 us
[5.507s][info][gc,stats    ]     Weak Class Links                  0 us
[5.507s][info][gc,stats    ]     Code Roots                     1239 us
[5.507s][info][gc,stats    ]   Rendezvous                         41 us
[5.507s][info][gc,stats    ]   Purge Unlinked                     36 us
[5.507s][info][gc,stats    ]     Code Roots                       32 us
[5.507s][info][gc,stats    ]     CLDG                              3 us
[5.507s][info][gc,stats    ]     Exception Caches                  0 us
[5.507s][info][gc,stats    ] Concurrent Strong Roots             110 us, parallelism: 0.65x
[5.507s][info][gc,stats    ]   CSR: <total>                       71 us
[5.507s][info][gc,stats    ]   CSR: VM Strong Roots                5 us, workers (us):   5, ---, ---, 
[5.507s][info][gc,stats    ]   CSR: CLDG Roots                    66 us, workers (us):  66, ---, ---, 
[5.507s][info][gc,stats    ] Concurrent Evacuation              2639 us
[5.507s][info][gc,stats    ] Pause Init Update Refs (G)          126 us
[5.507s][info][gc,stats    ] Pause Init Update Refs (N)           78 us
[5.507s][info][gc,stats    ]   Manage GCLABs                       4 us
[5.507s][info][gc,stats    ] Concurrent Update Refs             6760 us
[5.507s][info][gc,stats    ] Concurrent Update Thread Roots    13093 us
[5.507s][info][gc,stats    ] Pause Final Update Refs (G)        3976 us
[5.507s][info][gc,stats    ] Pause Final Update Refs (N)         130 us
[5.507s][info][gc,stats    ]   Update Region States               38 us
[5.507s][info][gc,stats    ]   Trash Collection Set               12 us
[5.507s][info][gc,stats    ]   Rebuild Free Set                   14 us
[5.507s][info][gc,stats    ] Concurrent Cleanup                   67 us
[5.507s][info][gc,stats    ] Pacing                           121766 us
[5.507s][info][gc,stats    ] 
[5.507s][info][gc,stats    ] Allocation pacing accrued:
[5.507s][info][gc,stats    ]      20 of   352 ms (  5.8%): Thread-6
[5.507s][info][gc,stats    ]      19 of   352 ms (  5.4%): Thread-7
[5.507s][info][gc,stats    ]      20 of   352 ms (  5.6%): Thread-8
[5.507s][info][gc,stats    ]      20 of   352 ms (  5.8%): Thread-9
[5.507s][info][gc,stats    ]      19 of   352 ms (  5.4%): Thread-10
[5.507s][info][gc,stats    ]      23 of   352 ms (  6.6%): Thread-11
[5.507s][info][gc,stats    ]     122 of   352 ms ( 34.6%): <total>
[5.507s][info][gc,stats    ]       6 of   352 ms (  1.8%): <average total>
[5.507s][info][gc,stats    ]      20 of   352 ms (  5.8%): <average non-zero>
[5.507s][info][gc,stats    ] 
[5.507s][info][gc,metaspace] Metaspace: 6122K(6272K)->6122K(6272K) NonClass: 5522K(5632K)->5522K(5632K) Class: 599K(640K)->599K(640K)
[5.507s][info][gc,ergo     ] Pacer for Idle. Initial: 20971K, Alloc Tax Rate: 1.0x
[5.960s][info][gc          ] Trigger: Average GC time (68.60 ms) is above the time for average allocation rate (1673 MB/s) to deplete free headroom (100151K) (margin of error = 1.80)
[5.960s][info][gc,ergo     ] Free headroom: 149M (free) - 52428K (spike) - 0B (penalties) = 100151K
[5.960s][info][gc,ergo     ] Free: 149M, Max: 512K regular, 149M humongous, Frag: 0% external, 0% internal; Reserve: 52736K, Max: 512K
[5.960s][info][gc,start    ] GC(16) Concurrent reset
[5.960s][info][gc,task     ] GC(16) Using 1 of 3 workers for concurrent reset
[5.960s][info][gc,ergo     ] GC(16) Pacer for Reset. Non-Taxable: 1024M
[5.961s][info][gc          ] GC(16) Concurrent reset 1.047ms
[5.962s][info][gc,start    ] GC(16) Pause Init Mark (unload classes)
[5.962s][info][gc,task     ] GC(16) Using 3 of 3 workers for init marking
[5.962s][info][gc,ergo     ] GC(16) Pacer for Mark. Expected Live: 14391K, Free: 147M, Non-Taxable: 15053K, Alloc Tax Rate: 0.1x
[5.962s][info][gc          ] GC(16) Pause Init Mark (unload classes) 0.126ms
[5.965s][info][gc,start    ] GC(16) Concurrent marking roots
[5.965s][info][gc,task     ] GC(16) Using 1 of 3 workers for concurrent marking roots
[5.966s][info][gc          ] GC(16) Concurrent marking roots 0.583ms
[5.966s][info][gc,start    ] GC(16) Concurrent marking (unload classes)
[5.966s][info][gc,task     ] GC(16) Using 1 of 3 workers for concurrent marking
[5.976s][info][gc          ] GC(16) Concurrent marking (unload classes) 9.881ms
[5.976s][info][gc,start    ] GC(16) Pause Final Mark (unload classes)
[5.976s][info][gc,task     ] GC(16) Using 3 of 3 workers for final marking
[5.976s][info][gc,ergo     ] GC(16) Adaptive CSet Selection. Target Free: 145M, Actual Free: 883M, Max CSet: 43690K, Min Garbage: 0B
[5.976s][info][gc,ergo     ] GC(16) Collectable Garbage: 810M (99%), Immediate: 707M (87%), CSet: 102M (12%)
[5.976s][info][gc,ergo     ] GC(16) Pacer for Evacuation. Used CSet: 105M, Free: 831M, Non-Taxable: 85146K, Alloc Tax Rate: 1.1x
[5.976s][info][gc          ] GC(16) Pause Final Mark (unload classes) 0.255ms
[5.976s][info][gc,start    ] GC(16) Concurrent thread roots
[5.976s][info][gc,task     ] GC(16) Using 1 of 3 workers for Concurrent thread roots
[5.977s][info][gc          ] GC(16) Concurrent thread roots 0.484ms
[5.977s][info][gc,start    ] GC(16) Concurrent weak references
[5.977s][info][gc,task     ] GC(16) Using 1 of 3 workers for concurrent weak references
[5.977s][info][gc,ref      ] GC(16) Encountered references: Soft: 164, Weak: 433, Final: 9, Phantom: 21
[5.977s][info][gc,ref      ] GC(16) Discovered  references: Soft: 0, Weak: 234, Final: 7, Phantom: 17
[5.977s][info][gc,ref      ] GC(16) Enqueued    references: Soft: 0, Weak: 0, Final: 0, Phantom: 0
[5.977s][info][gc          ] GC(16) Concurrent weak references 0.059ms
[5.977s][info][gc,start    ] GC(16) Concurrent weak roots
[5.977s][info][gc,task     ] GC(16) Using 1 of 3 workers for concurrent weak root
[5.986s][info][gc          ] GC(16) Concurrent weak roots 9.227ms
[5.986s][info][gc,start    ] GC(16) Concurrent cleanup
[5.986s][info][gc          ] GC(16) Concurrent cleanup 869M->161M(1024M) 0.098ms
[5.986s][info][gc,ergo     ] GC(16) Free: 810M, Max: 512K regular, 528M humongous, Frag: 35% external, 0% internal; Reserve: 51869K, Max: 512K
[5.986s][info][gc,start    ] GC(16) Concurrent class unloading
[5.986s][info][gc,task     ] GC(16) Using 1 of 3 workers for concurrent class unloading
[5.988s][info][gc          ] GC(16) Concurrent class unloading 1.675ms
[5.988s][info][gc,start    ] GC(16) Concurrent strong roots
[5.988s][info][gc,task     ] GC(16) Using 1 of 3 workers for concurrent strong root
[5.988s][info][gc          ] GC(16) Concurrent strong roots 0.087ms
[5.988s][info][gc,start    ] GC(16) Concurrent evacuation
[5.988s][info][gc,task     ] GC(16) Using 1 of 3 workers for concurrent evacuation
[5.990s][info][gc          ] GC(16) Concurrent evacuation 1.860ms
[5.990s][info][gc,start    ] GC(16) Pause Init Update Refs
[5.990s][info][gc,ergo     ] GC(16) Pacer for Update Refs. Used: 170M, Free: 804M, Non-Taxable: 82330K, Alloc Tax Rate: 1.1x
[5.990s][info][gc          ] GC(16) Pause Init Update Refs 0.069ms
[6.009s][info][gc,start    ] GC(16) Concurrent update references
[6.010s][info][gc,task     ] GC(16) Using 1 of 3 workers for concurrent reference update
[6.016s][info][gc          ] GC(16) Concurrent update references 6.050ms
[6.016s][info][gc,start    ] GC(16) Concurrent update thread roots
[6.016s][info][gc          ] GC(16) Concurrent update thread roots 0.593ms
[6.016s][info][gc,start    ] GC(16) Pause Final Update Refs
[6.016s][info][gc,task     ] GC(16) Using 3 of 3 workers for final reference update
[6.016s][info][gc          ] GC(16) Pause Final Update Refs 0.090ms
[6.018s][info][gc,start    ] GC(16) Concurrent cleanup
[6.018s][info][gc          ] GC(16) Concurrent cleanup 215M->110M(1024M) 0.035ms
[6.018s][info][gc,ergo     ] Free: 860M, Max: 512K regular, 757M humongous, Frag: 12% external, 0% internal; Reserve: 52736K, Max: 512K
[6.018s][info][gc,stats    ] 
[6.018s][info][gc,stats    ] All times are wall-clock times, except per-root-class counters, that are sum over
[6.018s][info][gc,stats    ] all workers. Dividing the <total> over the root stage time estimates parallelism.
[6.018s][info][gc,stats    ] 
[6.018s][info][gc,stats    ] Concurrent Reset                   1086 us
[6.018s][info][gc,stats    ] Pause Init Mark (G)                3716 us
[6.018s][info][gc,stats    ] Pause Init Mark (N)                 135 us
[6.018s][info][gc,stats    ]   Update Region States               43 us
[6.018s][info][gc,stats    ] Concurrent Mark Roots               593 us, parallelism: 0.86x
[6.018s][info][gc,stats    ]   CMR: <total>                      508 us
[6.018s][info][gc,stats    ]   CMR: Thread Roots                 455 us, workers (us): 455, ---, ---, 
[6.018s][info][gc,stats    ]   CMR: VM Strong Roots                7 us, workers (us):   7, ---, ---, 
[6.018s][info][gc,stats    ]   CMR: CLDG Roots                    46 us, workers (us):  46, ---, ---, 
[6.018s][info][gc,stats    ] Concurrent Marking                 9934 us
[6.018s][info][gc,stats    ] Pause Final Mark (G)                386 us
[6.018s][info][gc,stats    ] Pause Final Mark (N)                263 us
[6.018s][info][gc,stats    ]   Finish Mark                        47 us
[6.018s][info][gc,stats    ]   Update Region States               38 us
[6.018s][info][gc,stats    ]   Choose Collection Set              91 us
[6.018s][info][gc,stats    ]   Rebuild Free Set                    8 us
[6.018s][info][gc,stats    ] Concurrent Thread Roots             496 us, parallelism: 0.90x
[6.018s][info][gc,stats    ]   CTR: <total>                      447 us
[6.018s][info][gc,stats    ]   CTR: Thread Roots                 447 us, workers (us): 447, ---, ---, 
[6.018s][info][gc,stats    ] Concurrent Weak References           66 us, parallelism: 0.18x
[6.018s][info][gc,stats    ]   CWRF: <total>                      12 us
[6.018s][info][gc,stats    ]   CWRF: Weak References              12 us, workers (us):  12, ---, ---, 
[6.018s][info][gc,stats    ] Concurrent Weak Roots              9263 us
[6.018s][info][gc,stats    ]   Roots                             453 us, parallelism: 0.96x
[6.018s][info][gc,stats    ]     CWR: <total>                    435 us
[6.018s][info][gc,stats    ]     CWR: Code Cache Roots           331 us, workers (us): 331, ---, ---, 
[6.018s][info][gc,stats    ]     CWR: VM Weak Roots              102 us, workers (us): 102, ---, ---, 
[6.018s][info][gc,stats    ]     CWR: CLDG Roots                   2 us, workers (us):   2, ---, ---, 
[6.018s][info][gc,stats    ]   Rendezvous                       8757 us
[6.018s][info][gc,stats    ] Concurrent Cleanup                  107 us
[6.018s][info][gc,stats    ] Concurrent Class Unloading         1702 us
[6.019s][info][gc,stats    ]   Unlink Stale                     1537 us
[6.019s][info][gc,stats    ]     System Dictionary                 3 us
[6.019s][info][gc,stats    ]     Weak Class Links                  0 us
[6.019s][info][gc,stats    ]     Code Roots                     1532 us
[6.019s][info][gc,stats    ]   Rendezvous                         75 us
[6.019s][info][gc,stats    ]   Purge Unlinked                     46 us
[6.019s][info][gc,stats    ]     Code Roots                       42 us
[6.019s][info][gc,stats    ]     CLDG                              4 us
[6.019s][info][gc,stats    ]     Exception Caches                  0 us
[6.019s][info][gc,stats    ] Concurrent Strong Roots              95 us, parallelism: 0.52x
[6.019s][info][gc,stats    ]   CSR: <total>                       50 us
[6.019s][info][gc,stats    ]   CSR: VM Strong Roots                4 us, workers (us):   4, ---, ---, 
[6.019s][info][gc,stats    ]   CSR: CLDG Roots                    45 us, workers (us):  45, ---, ---, 
[6.019s][info][gc,stats    ] Concurrent Evacuation              1905 us
[6.019s][info][gc,stats    ] Pause Init Update Refs (G)        19725 us
[6.019s][info][gc,stats    ] Pause Init Update Refs (N)           79 us
[6.019s][info][gc,stats    ]   Manage GCLABs                       3 us
[6.019s][info][gc,stats    ] Concurrent Update Refs             6108 us
[6.019s][info][gc,stats    ] Concurrent Update Thread Roots      609 us
[6.019s][info][gc,stats    ] Pause Final Update Refs (G)        1960 us
[6.019s][info][gc,stats    ] Pause Final Update Refs (N)         129 us
[6.019s][info][gc,stats    ]   Update Region States               38 us
[6.019s][info][gc,stats    ]   Trash Collection Set                4 us
[6.019s][info][gc,stats    ]   Rebuild Free Set                   13 us
[6.019s][info][gc,stats    ] Concurrent Cleanup                   45 us
[6.019s][info][gc,stats    ] 
[6.019s][info][gc,stats    ] Allocation pacing accrued:
[6.019s][info][gc,stats    ]       0 of   511 ms (  0.0%): <total>
[6.019s][info][gc,stats    ]       0 of   511 ms (  0.0%): <average total>
[6.019s][info][gc,stats    ] 
[6.019s][info][gc,metaspace] Metaspace: 6127K(6272K)->6127K(6272K) NonClass: 5527K(5632K)->5527K(5632K) Class: 599K(640K)->599K(640K)
[6.019s][info][gc,ergo     ] Pacer for Idle. Initial: 20971K, Alloc Tax Rate: 1.0x
[6.354s][info][gc          ] Trigger: Average GC time (66.57 ms) is above the time for average allocation rate (2022 MB/s) to deplete free headroom (126M) (margin of error = 1.80)
[6.354s][info][gc,ergo     ] Free headroom: 178M (free) - 52428K (spike) - 0B (penalties) = 126M
[6.354s][info][gc,ergo     ] Free: 178M, Max: 512K regular, 103M humongous, Frag: 43% external, 0% internal; Reserve: 52736K, Max: 512K
[6.354s][info][gc,start    ] GC(17) Concurrent reset
[6.354s][info][gc,task     ] GC(17) Using 1 of 3 workers for concurrent reset
[6.354s][info][gc,ergo     ] GC(17) Pacer for Reset. Non-Taxable: 1024M
[6.355s][info][gc          ] GC(17) Concurrent reset 0.480ms
[6.355s][info][gc,start    ] GC(17) Pause Init Mark (unload classes)
[6.355s][info][gc,task     ] GC(17) Using 3 of 3 workers for init marking
[6.355s][info][gc,ergo     ] GC(17) Pacer for Mark. Expected Live: 14357K, Free: 177M, Non-Taxable: 18125K, Alloc Tax Rate: 0.1x
[6.355s][info][gc          ] GC(17) Pause Init Mark (unload classes) 0.138ms
[6.363s][info][gc,start    ] GC(17) Concurrent marking roots
[6.363s][info][gc,task     ] GC(17) Using 1 of 3 workers for concurrent marking roots
[6.363s][info][gc          ] GC(17) Concurrent marking roots 0.597ms
[6.363s][info][gc,start    ] GC(17) Concurrent marking (unload classes)
[6.363s][info][gc,task     ] GC(17) Using 1 of 3 workers for concurrent marking
[6.370s][info][gc          ] GC(17) Concurrent marking (unload classes) 6.581ms
[6.370s][info][gc,start    ] GC(17) Pause Final Mark (unload classes)
[6.370s][info][gc,task     ] GC(17) Using 3 of 3 workers for final marking
[6.370s][info][gc,ergo     ] GC(17) Collectable Garbage: 717M (91%), Immediate: 717M (91%), CSet: 0B (0%)
[6.370s][info][gc          ] GC(17) Pause Final Mark (unload classes) 0.180ms
[6.370s][info][gc,start    ] GC(17) Concurrent weak references
[6.370s][info][gc,task     ] GC(17) Using 1 of 3 workers for concurrent weak references
[6.370s][info][gc,ref      ] GC(17) Encountered references: Soft: 164, Weak: 433, Final: 9, Phantom: 21
[6.370s][info][gc,ref      ] GC(17) Discovered  references: Soft: 0, Weak: 234, Final: 7, Phantom: 14
[6.370s][info][gc,ref      ] GC(17) Enqueued    references: Soft: 0, Weak: 0, Final: 0, Phantom: 0
[6.370s][info][gc          ] GC(17) Concurrent weak references 0.160ms
[6.370s][info][gc,start    ] GC(17) Concurrent weak roots
[6.370s][info][gc,task     ] GC(17) Using 1 of 3 workers for concurrent weak root
[6.372s][info][gc          ] GC(17) Concurrent weak roots 1.917ms
[6.372s][info][gc,start    ] GC(17) Concurrent cleanup
[6.372s][info][gc          ] GC(17) Concurrent cleanup 816M->99M(1024M) 0.100ms
[6.372s][info][gc,ergo     ] GC(17) Free: 872M, Max: 512K regular, 550M humongous, Frag: 37% external, 0% internal; Reserve: 52736K, Max: 512K
[6.372s][info][gc,start    ] GC(17) Concurrent class unloading
[6.372s][info][gc,task     ] GC(17) Using 1 of 3 workers for concurrent class unloading
[6.386s][info][gc          ] GC(17) Concurrent class unloading 13.788ms
[6.386s][info][gc,start    ] GC(17) Pause Final Roots
[6.386s][info][gc          ] GC(17) Pause Final Roots 0.025ms
[6.389s][info][gc,ergo     ] Free: 844M, Max: 512K regular, 550M humongous, Frag: 35% external, 0% internal; Reserve: 52736K, Max: 512K
[6.389s][info][gc,stats    ] 
[6.389s][info][gc,stats    ] All times are wall-clock times, except per-root-class counters, that are sum over
[6.389s][info][gc,stats    ] all workers. Dividing the <total> over the root stage time estimates parallelism.
[6.389s][info][gc,stats    ] 
[6.389s][info][gc,stats    ] Concurrent Reset                    505 us
[6.389s][info][gc,stats    ] Pause Init Mark (G)                7895 us
[6.389s][info][gc,stats    ] Pause Init Mark (N)                 148 us
[6.389s][info][gc,stats    ]   Update Region States               36 us
[6.389s][info][gc,stats    ] Concurrent Mark Roots               608 us, parallelism: 0.83x
[6.389s][info][gc,stats    ]   CMR: <total>                      503 us
[6.389s][info][gc,stats    ]   CMR: Thread Roots                 452 us, workers (us): 452, ---, ---, 
[6.389s][info][gc,stats    ]   CMR: VM Strong Roots                6 us, workers (us):   6, ---, ---, 
[6.389s][info][gc,stats    ]   CMR: CLDG Roots                    45 us, workers (us):  45, ---, ---, 
[6.389s][info][gc,stats    ] Concurrent Marking                 6646 us
[6.389s][info][gc,stats    ] Pause Final Mark (G)                223 us
[6.389s][info][gc,stats    ] Pause Final Mark (N)                189 us
[6.389s][info][gc,stats    ]   Finish Mark                        41 us
[6.389s][info][gc,stats    ]   Update Region States               37 us
[6.389s][info][gc,stats    ]   Choose Collection Set              40 us
[6.389s][info][gc,stats    ]   Rebuild Free Set                    8 us
[6.389s][info][gc,stats    ] Concurrent Weak References          168 us, parallelism: 0.05x
[6.389s][info][gc,stats    ]   CWRF: <total>                       9 us
[6.389s][info][gc,stats    ]   CWRF: Weak References               9 us, workers (us):   9, ---, ---, 
[6.389s][info][gc,stats    ] Concurrent Weak Roots              1942 us
[6.389s][info][gc,stats    ]   Roots                             507 us, parallelism: 0.95x
[6.389s][info][gc,stats    ]     CWR: <total>                    482 us
[6.389s][info][gc,stats    ]     CWR: Code Cache Roots           367 us, workers (us): 367, ---, ---, 
[6.389s][info][gc,stats    ]     CWR: VM Weak Roots              112 us, workers (us): 112, ---, ---, 
[6.389s][info][gc,stats    ]     CWR: CLDG Roots                   3 us, workers (us):   3, ---, ---, 
[6.389s][info][gc,stats    ]   Rendezvous                       1391 us
[6.389s][info][gc,stats    ] Concurrent Cleanup                  109 us
[6.389s][info][gc,stats    ] Concurrent Class Unloading        13830 us
[6.389s][info][gc,stats    ]   Unlink Stale                     1347 us
[6.389s][info][gc,stats    ]     System Dictionary                 2 us
[6.389s][info][gc,stats    ]     Weak Class Links                  0 us
[6.389s][info][gc,stats    ]     Code Roots                     1344 us
[6.389s][info][gc,stats    ]   Rendezvous                      12312 us
[6.389s][info][gc,stats    ]   Purge Unlinked                    111 us
[6.389s][info][gc,stats    ]     Code Roots                      106 us
[6.389s][info][gc,stats    ]     CLDG                              4 us
[6.389s][info][gc,stats    ]     Exception Caches                  0 us
[6.389s][info][gc,stats    ] Pause Final Roots (G)              2577 us
[6.389s][info][gc,stats    ] Pause Final Roots (N)                35 us
[6.389s][info][gc,stats    ] Pacing                            29197 us
[6.389s][info][gc,stats    ] 
[6.389s][info][gc,stats    ] Allocation pacing accrued:
[6.389s][info][gc,stats    ]       4 of   371 ms (  1.1%): Thread-6
[6.389s][info][gc,stats    ]       5 of   371 ms (  1.4%): Thread-7
[6.389s][info][gc,stats    ]       6 of   371 ms (  1.7%): Thread-8
[6.389s][info][gc,stats    ]       4 of   371 ms (  1.2%): Thread-9
[6.389s][info][gc,stats    ]       5 of   371 ms (  1.3%): Thread-10
[6.389s][info][gc,stats    ]       4 of   371 ms (  1.2%): Thread-11
[6.389s][info][gc,stats    ]      29 of   371 ms (  7.9%): <total>
[6.389s][info][gc,stats    ]       1 of   371 ms (  0.4%): <average total>
[6.389s][info][gc,stats    ]       5 of   371 ms (  1.3%): <average non-zero>
[6.389s][info][gc,stats    ] 
[6.389s][info][gc,metaspace] Metaspace: 6127K(6272K)->6127K(6272K) NonClass: 5527K(5632K)->5527K(5632K) Class: 599K(640K)->599K(640K)
[6.389s][info][gc,ergo     ] Pacer for Idle. Initial: 20971K, Alloc Tax Rate: 1.0x
[6.781s][info][gc          ] Trigger: Average GC time (66.22 ms) is above the time for average allocation rate (1787 MB/s) to deplete free headroom (105M) (margin of error = 1.80)
[6.781s][info][gc,ergo     ] Free headroom: 156M (free) - 52428K (spike) - 0B (penalties) = 105M
[6.781s][info][gc,ergo     ] Free: 156M, Max: 512K regular, 156M humongous, Frag: 0% external, 0% internal; Reserve: 52736K, Max: 512K
[6.781s][info][gc,start    ] GC(18) Concurrent reset
[6.781s][info][gc,task     ] GC(18) Using 1 of 3 workers for concurrent reset
[6.781s][info][gc,ergo     ] GC(18) Pacer for Reset. Non-Taxable: 1024M
[6.781s][info][gc          ] GC(18) Concurrent reset 0.365ms
[6.781s][info][gc,start    ] GC(18) Pause Init Mark (unload classes)
[6.781s][info][gc,task     ] GC(18) Using 3 of 3 workers for init marking
[6.781s][info][gc,ergo     ] GC(18) Pacer for Mark. Expected Live: 14343K, Free: 156M, Non-Taxable: 16026K, Alloc Tax Rate: 0.1x
[6.782s][info][gc          ] GC(18) Pause Init Mark (unload classes) 0.190ms
[6.792s][info][gc,start    ] GC(18) Concurrent marking roots
[6.792s][info][gc,task     ] GC(18) Using 1 of 3 workers for concurrent marking roots
[6.792s][info][gc          ] GC(18) Concurrent marking roots 0.616ms
[6.792s][info][gc,start    ] GC(18) Concurrent marking (unload classes)
[6.792s][info][gc,task     ] GC(18) Using 1 of 3 workers for concurrent marking
[6.799s][info][gc          ] GC(18) Concurrent marking (unload classes) 6.711ms
[6.799s][info][gc,start    ] GC(18) Pause Final Mark (unload classes)
[6.799s][info][gc,task     ] GC(18) Using 3 of 3 workers for final marking
[6.799s][info][gc,ergo     ] GC(18) Adaptive CSet Selection. Target Free: 145M, Actual Free: 881M, Max CSet: 43690K, Min Garbage: 0B
[6.799s][info][gc,ergo     ] GC(18) Collectable Garbage: 800M (99%), Immediate: 689M (86%), CSet: 111M (13%)
[6.799s][info][gc,ergo     ] GC(18) Pacer for Evacuation. Used CSet: 114M, Free: 830M, Non-Taxable: 84992K, Alloc Tax Rate: 1.1x
[6.799s][info][gc          ] GC(18) Pause Final Mark (unload classes) 0.264ms
[6.799s][info][gc,start    ] GC(18) Concurrent thread roots
[6.799s][info][gc,task     ] GC(18) Using 1 of 3 workers for Concurrent thread roots
[6.800s][info][gc          ] GC(18) Concurrent thread roots 1.070ms
[6.800s][info][gc,start    ] GC(18) Concurrent weak references
[6.800s][info][gc,task     ] GC(18) Using 1 of 3 workers for concurrent weak references
[6.800s][info][gc,ref      ] GC(18) Encountered references: Soft: 164, Weak: 433, Final: 9, Phantom: 21
[6.800s][info][gc,ref      ] GC(18) Discovered  references: Soft: 0, Weak: 234, Final: 7, Phantom: 17
[6.800s][info][gc,ref      ] GC(18) Enqueued    references: Soft: 0, Weak: 0, Final: 0, Phantom: 0
[6.800s][info][gc          ] GC(18) Concurrent weak references 0.083ms
[6.800s][info][gc,start    ] GC(18) Concurrent weak roots
[6.800s][info][gc,task     ] GC(18) Using 1 of 3 workers for concurrent weak root
[6.801s][info][gc          ] GC(18) Concurrent weak roots 0.726ms
[6.801s][info][gc,start    ] GC(18) Concurrent cleanup
[6.801s][info][gc          ] GC(18) Concurrent cleanup 830M->141M(1024M) 0.087ms
[6.801s][info][gc,ergo     ] GC(18) Free: 830M, Max: 512K regular, 519M humongous, Frag: 38% external, 0% internal; Reserve: 52336K, Max: 512K
[6.801s][info][gc,start    ] GC(18) Concurrent class unloading
[6.801s][info][gc,task     ] GC(18) Using 1 of 3 workers for concurrent class unloading
[6.803s][info][gc          ] GC(18) Concurrent class unloading 1.387ms
[6.803s][info][gc,start    ] GC(18) Concurrent strong roots
[6.803s][info][gc,task     ] GC(18) Using 1 of 3 workers for concurrent strong root
[6.803s][info][gc          ] GC(18) Concurrent strong roots 0.154ms
[6.803s][info][gc,start    ] GC(18) Concurrent evacuation
[6.803s][info][gc,task     ] GC(18) Using 1 of 3 workers for concurrent evacuation
[6.805s][info][gc          ] GC(18) Concurrent evacuation 1.664ms
[6.805s][info][gc,start    ] GC(18) Pause Init Update Refs
[6.805s][info][gc,ergo     ] GC(18) Pacer for Update Refs. Used: 143M, Free: 830M, Non-Taxable: 84992K, Alloc Tax Rate: 1.1x
[6.805s][info][gc          ] GC(18) Pause Init Update Refs 0.034ms
[6.805s][info][gc,start    ] GC(18) Concurrent update references
[6.805s][info][gc,task     ] GC(18) Using 1 of 3 workers for concurrent reference update
[6.810s][info][gc          ] GC(18) Concurrent update references 4.830ms
[6.810s][info][gc,start    ] GC(18) Concurrent update thread roots
[6.811s][info][gc          ] GC(18) Concurrent update thread roots 1.050ms
[6.811s][info][gc,start    ] GC(18) Pause Final Update Refs
[6.811s][info][gc,task     ] GC(18) Using 3 of 3 workers for final reference update
[6.811s][info][gc          ] GC(18) Pause Final Update Refs 0.156ms
[6.811s][info][gc,start    ] GC(18) Concurrent cleanup
[6.811s][info][gc          ] GC(18) Concurrent cleanup 143M->29M(1024M) 0.058ms
[6.811s][info][gc,ergo     ] Free: 941M, Max: 512K regular, 765M humongous, Frag: 19% external, 0% internal; Reserve: 52736K, Max: 512K
[6.811s][info][gc,stats    ] 
[6.811s][info][gc,stats    ] All times are wall-clock times, except per-root-class counters, that are sum over
[6.811s][info][gc,stats    ] all workers. Dividing the <total> over the root stage time estimates parallelism.
[6.811s][info][gc,stats    ] 
[6.811s][info][gc,stats    ] Concurrent Reset                    382 us
[6.811s][info][gc,stats    ] Pause Init Mark (G)               10387 us
[6.811s][info][gc,stats    ] Pause Init Mark (N)                 202 us
[6.811s][info][gc,stats    ]   Update Region States               66 us
[6.811s][info][gc,stats    ] Concurrent Mark Roots               628 us, parallelism: 0.82x
[6.811s][info][gc,stats    ]   CMR: <total>                      515 us
[6.811s][info][gc,stats    ]   CMR: Thread Roots                 466 us, workers (us): 466, ---, ---, 
[6.811s][info][gc,stats    ]   CMR: VM Strong Roots                5 us, workers (us):   5, ---, ---, 
[6.811s][info][gc,stats    ]   CMR: CLDG Roots                    44 us, workers (us):  44, ---, ---, 
[6.811s][info][gc,stats    ] Concurrent Marking                 6752 us
[6.811s][info][gc,stats    ] Pause Final Mark (G)                319 us
[6.811s][info][gc,stats    ] Pause Final Mark (N)                281 us
[6.811s][info][gc,stats    ]   Finish Mark                        41 us
[6.811s][info][gc,stats    ]   Update Region States               30 us
[6.811s][info][gc,stats    ]   Choose Collection Set              97 us
[6.811s][info][gc,stats    ]   Rebuild Free Set                   18 us
[6.811s][info][gc,stats    ] Concurrent Thread Roots            1078 us, parallelism: 0.93x
[6.811s][info][gc,stats    ]   CTR: <total>                     1003 us
[6.811s][info][gc,stats    ]   CTR: Thread Roots                1003 us, workers (us): 1003, ---, ---, 
[6.811s][info][gc,stats    ] Concurrent Weak References           90 us, parallelism: 0.25x
[6.811s][info][gc,stats    ]   CWRF: <total>                      23 us
[6.811s][info][gc,stats    ]   CWRF: Weak References              23 us, workers (us):  23, ---, ---, 
[6.811s][info][gc,stats    ] Concurrent Weak Roots               738 us
[6.811s][info][gc,stats    ]   Roots                             677 us, parallelism: 0.96x
[6.811s][info][gc,stats    ]     CWR: <total>                    648 us
[6.811s][info][gc,stats    ]     CWR: Code Cache Roots           357 us, workers (us): 357, ---, ---, 
[6.811s][info][gc,stats    ]     CWR: VM Weak Roots              288 us, workers (us): 288, ---, ---, 
[6.811s][info][gc,stats    ]     CWR: CLDG Roots                   3 us, workers (us):   3, ---, ---, 
[6.811s][info][gc,stats    ]   Rendezvous                         35 us
[6.811s][info][gc,stats    ] Concurrent Cleanup                   95 us
[6.811s][info][gc,stats    ] Concurrent Class Unloading         1399 us
[6.811s][info][gc,stats    ]   Unlink Stale                     1293 us
[6.811s][info][gc,stats    ]     System Dictionary                 2 us
[6.811s][info][gc,stats    ]     Weak Class Links                  1 us
[6.811s][info][gc,stats    ]     Code Roots                     1290 us
[6.811s][info][gc,stats    ]   Rendezvous                         41 us
[6.811s][info][gc,stats    ]   Purge Unlinked                     38 us
[6.811s][info][gc,stats    ]     Code Roots                       34 us
[6.811s][info][gc,stats    ]     CLDG                              4 us
[6.811s][info][gc,stats    ]     Exception Caches                  0 us
[6.811s][info][gc,stats    ] Concurrent Strong Roots             163 us, parallelism: 0.63x
[6.811s][info][gc,stats    ]   CSR: <total>                      103 us
[6.811s][info][gc,stats    ]   CSR: VM Strong Roots                8 us, workers (us):   8, ---, ---, 
[6.811s][info][gc,stats    ]   CSR: CLDG Roots                    95 us, workers (us):  95, ---, ---, 
[6.811s][info][gc,stats    ] Concurrent Evacuation              1687 us
[6.811s][info][gc,stats    ] Pause Init Update Refs (G)           78 us
[6.811s][info][gc,stats    ] Pause Init Update Refs (N)           47 us
[6.812s][info][gc,stats    ]   Manage GCLABs                       2 us
[6.812s][info][gc,stats    ] Concurrent Update Refs             4853 us
[6.812s][info][gc,stats    ] Concurrent Update Thread Roots     1068 us
[6.812s][info][gc,stats    ] Pause Final Update Refs (G)         273 us
[6.812s][info][gc,stats    ] Pause Final Update Refs (N)         182 us
[6.812s][info][gc,stats    ]   Update Region States               52 us
[6.812s][info][gc,stats    ]   Trash Collection Set               11 us
[6.812s][info][gc,stats    ]   Rebuild Free Set                   28 us
[6.812s][info][gc,stats    ] Concurrent Cleanup                   76 us
[6.812s][info][gc,stats    ] Pacing                            11256 us
[6.812s][info][gc,stats    ] 
[6.812s][info][gc,stats    ] Allocation pacing accrued:
[6.812s][info][gc,stats    ]       2 of   422 ms (  0.4%): Thread-6
[6.812s][info][gc,stats    ]       2 of   422 ms (  0.5%): Thread-7
[6.812s][info][gc,stats    ]       1 of   422 ms (  0.3%): Thread-8
[6.812s][info][gc,stats    ]       2 of   422 ms (  0.4%): Thread-9
[6.812s][info][gc,stats    ]       3 of   422 ms (  0.6%): Thread-10
[6.812s][info][gc,stats    ]       1 of   422 ms (  0.3%): Thread-11
[6.812s][info][gc,stats    ]      11 of   422 ms (  2.7%): <total>
[6.812s][info][gc,stats    ]       1 of   422 ms (  0.1%): <average total>
[6.812s][info][gc,stats    ]       2 of   422 ms (  0.4%): <average non-zero>
[6.812s][info][gc,stats    ] 
[6.812s][info][gc,metaspace] Metaspace: 6127K(6272K)->6127K(6272K) NonClass: 5527K(5632K)->5527K(5632K) Class: 599K(640K)->599K(640K)
[6.812s][info][gc,ergo     ] Pacer for Idle. Initial: 20971K, Alloc Tax Rate: 1.0x
[7.364s][info][gc          ] Trigger: Average GC time (57.72 ms) is above the time for average allocation rate (1544 MB/s) to deplete free headroom (70967K) (margin of error = 1.79)
[7.364s][info][gc,ergo     ] Free headroom: 120M (free) - 52428K (spike) - 0B (penalties) = 70967K
[7.364s][info][gc,ergo     ] Free: 120M, Max: 512K regular, 120M humongous, Frag: 0% external, 0% internal; Reserve: 52736K, Max: 512K
[7.364s][info][gc,start    ] GC(19) Concurrent reset
[7.364s][info][gc,task     ] GC(19) Using 1 of 3 workers for concurrent reset
[7.364s][info][gc,ergo     ] GC(19) Pacer for Reset. Non-Taxable: 1024M
[7.365s][info][gc          ] GC(19) Concurrent reset 0.515ms
[7.365s][info][gc,start    ] GC(19) Pause Init Mark (unload classes)
[7.365s][info][gc,task     ] GC(19) Using 3 of 3 workers for init marking
[7.365s][info][gc,ergo     ] GC(19) Pacer for Mark. Expected Live: 14369K, Free: 120M, Non-Taxable: 12339K, Alloc Tax Rate: 0.1x
[7.368s][info][gc          ] GC(19) Pause Init Mark (unload classes) 2.423ms
[7.376s][info][gc,start    ] GC(19) Concurrent marking roots
[7.376s][info][gc,task     ] GC(19) Using 1 of 3 workers for concurrent marking roots
[7.376s][info][gc          ] GC(19) Concurrent marking roots 0.626ms
[7.376s][info][gc,start    ] GC(19) Concurrent marking (unload classes)
[7.376s][info][gc,task     ] GC(19) Using 1 of 3 workers for concurrent marking
[7.387s][info][gc          ] GC(19) Concurrent marking (unload classes) 11.121ms
[7.388s][info][gc,start    ] GC(19) Pause Final Mark (unload classes)
[7.388s][info][gc,task     ] GC(19) Using 3 of 3 workers for final marking
[7.388s][info][gc,ergo     ] GC(19) Collectable Garbage: 818M (97%), Immediate: 818M (97%), CSet: 0B (0%)
[7.388s][info][gc          ] GC(19) Pause Final Mark (unload classes) 0.192ms
[7.396s][info][gc,start    ] GC(19) Concurrent weak references
[7.396s][info][gc,task     ] GC(19) Using 1 of 3 workers for concurrent weak references
[7.396s][info][gc,ref      ] GC(19) Encountered references: Soft: 164, Weak: 433, Final: 9, Phantom: 21
[7.396s][info][gc,ref      ] GC(19) Discovered  references: Soft: 0, Weak: 234, Final: 7, Phantom: 14
[7.396s][info][gc,ref      ] GC(19) Enqueued    references: Soft: 0, Weak: 0, Final: 0, Phantom: 0
[7.396s][info][gc          ] GC(19) Concurrent weak references 0.121ms
[7.396s][info][gc,start    ] GC(19) Concurrent weak roots
[7.396s][info][gc,task     ] GC(19) Using 1 of 3 workers for concurrent weak root
[7.403s][info][gc          ] GC(19) Concurrent weak roots 7.433ms
[7.403s][info][gc,start    ] GC(19) Concurrent cleanup
[7.403s][info][gc          ] GC(19) Concurrent cleanup 901M->83M(1024M) 0.124ms
[7.403s][info][gc,ergo     ] GC(19) Free: 887M, Max: 512K regular, 742M humongous, Frag: 17% external, 0% internal; Reserve: 52736K, Max: 512K
[7.403s][info][gc,start    ] GC(19) Concurrent class unloading
[7.403s][info][gc,task     ] GC(19) Using 1 of 3 workers for concurrent class unloading
[7.410s][info][gc          ] GC(19) Concurrent class unloading 6.293ms
[7.410s][info][gc,start    ] GC(19) Pause Final Roots
[7.410s][info][gc          ] GC(19) Pause Final Roots 0.046ms
[7.431s][info][gc,ergo     ] Free: 842M, Max: 512K regular, 733M humongous, Frag: 13% external, 0% internal; Reserve: 52736K, Max: 512K
[7.431s][info][gc,stats    ] 
[7.431s][info][gc,stats    ] All times are wall-clock times, except per-root-class counters, that are sum over
[7.431s][info][gc,stats    ] all workers. Dividing the <total> over the root stage time estimates parallelism.
[7.431s][info][gc,stats    ] 
[7.431s][info][gc,stats    ] Concurrent Reset                    547 us
[7.431s][info][gc,stats    ] Pause Init Mark (G)               10701 us
[7.431s][info][gc,stats    ] Pause Init Mark (N)                2463 us
[7.431s][info][gc,stats    ]   Update Region States               40 us
[7.431s][info][gc,stats    ] Concurrent Mark Roots               649 us, parallelism: 0.77x
[7.431s][info][gc,stats    ]   CMR: <total>                      503 us
[7.431s][info][gc,stats    ]   CMR: Thread Roots                 451 us, workers (us): 451, ---, ---, 
[7.431s][info][gc,stats    ]   CMR: VM Strong Roots                5 us, workers (us):   5, ---, ---, 
[7.431s][info][gc,stats    ]   CMR: CLDG Roots                    46 us, workers (us):  46, ---, ---, 
[7.431s][info][gc,stats    ] Concurrent Marking                11176 us
[7.431s][info][gc,stats    ] Pause Final Mark (G)               8090 us
[7.431s][info][gc,stats    ] Pause Final Mark (N)                201 us
[7.431s][info][gc,stats    ]   Finish Mark                        43 us
[7.431s][info][gc,stats    ]   Update Region States               33 us
[7.431s][info][gc,stats    ]   Choose Collection Set              50 us
[7.431s][info][gc,stats    ]   Rebuild Free Set                    7 us
[7.431s][info][gc,stats    ] Concurrent Weak References          129 us, parallelism: 0.08x
[7.431s][info][gc,stats    ]   CWRF: <total>                      11 us
[7.431s][info][gc,stats    ]   CWRF: Weak References              11 us, workers (us):  11, ---, ---, 
[7.431s][info][gc,stats    ] Concurrent Weak Roots              7480 us
[7.431s][info][gc,stats    ]   Roots                             439 us, parallelism: 0.94x
[7.431s][info][gc,stats    ]     CWR: <total>                    411 us
[7.431s][info][gc,stats    ]     CWR: Code Cache Roots           345 us, workers (us): 345, ---, ---, 
[7.431s][info][gc,stats    ]     CWR: VM Weak Roots               63 us, workers (us):  63, ---, ---, 
[7.431s][info][gc,stats    ]     CWR: CLDG Roots                   2 us, workers (us):   2, ---, ---, 
[7.431s][info][gc,stats    ]   Rendezvous                       6975 us
[7.431s][info][gc,stats    ] Concurrent Cleanup                  133 us
[7.431s][info][gc,stats    ] Concurrent Class Unloading         6329 us
[7.431s][info][gc,stats    ]   Unlink Stale                     1510 us
[7.432s][info][gc,stats    ]     System Dictionary                 4 us
[7.432s][info][gc,stats    ]     Weak Class Links                  0 us
[7.432s][info][gc,stats    ]     Code Roots                     1504 us
[7.432s][info][gc,stats    ]   Rendezvous                       4685 us
[7.432s][info][gc,stats    ]   Purge Unlinked                     80 us
[7.432s][info][gc,stats    ]     Code Roots                       76 us
[7.432s][info][gc,stats    ]     CLDG                              4 us
[7.432s][info][gc,stats    ]     Exception Caches                  0 us
[7.432s][info][gc,stats    ] Pause Final Roots (G)             21422 us
[7.432s][info][gc,stats    ] Pause Final Roots (N)                55 us
[7.432s][info][gc,stats    ] Pacing                           249047 us
[7.432s][info][gc,stats    ] 
[7.432s][info][gc,stats    ] Allocation pacing accrued:
[7.432s][info][gc,stats    ]      42 of   620 ms (  6.7%): Thread-6
[7.432s][info][gc,stats    ]      42 of   620 ms (  6.8%): Thread-7
[7.432s][info][gc,stats    ]      41 of   620 ms (  6.7%): Thread-8
[7.432s][info][gc,stats    ]      40 of   620 ms (  6.5%): Thread-9
[7.432s][info][gc,stats    ]      40 of   620 ms (  6.4%): Thread-10
[7.432s][info][gc,stats    ]      44 of   620 ms (  7.0%): Thread-11
[7.432s][info][gc,stats    ]     249 of   620 ms ( 40.2%): <total>
[7.432s][info][gc,stats    ]      13 of   620 ms (  2.1%): <average total>
[7.432s][info][gc,stats    ]      42 of   620 ms (  6.7%): <average non-zero>
[7.432s][info][gc,stats    ] 
[7.432s][info][gc,metaspace] Metaspace: 6127K(6272K)->6127K(6272K) NonClass: 5527K(5632K)->5527K(5632K) Class: 599K(640K)->599K(640K)
[7.432s][info][gc,ergo     ] Pacer for Idle. Initial: 20971K, Alloc Tax Rate: 1.0x
[7.853s][info][gc          ] Trigger: Average GC time (81.70 ms) is above the time for average allocation rate (1567 MB/s) to deplete free headroom (113M) (margin of error = 1.79)
[7.853s][info][gc,ergo     ] Free headroom: 164M (free) - 52428K (spike) - 0B (penalties) = 113M
[7.853s][info][gc,ergo     ] Free: 164M, Max: 512K regular, 72704K humongous, Frag: 57% external, 0% internal; Reserve: 52736K, Max: 512K
[7.853s][info][gc,start    ] GC(20) Concurrent reset
[7.853s][info][gc,task     ] GC(20) Using 1 of 3 workers for concurrent reset
[7.853s][info][gc,ergo     ] GC(20) Pacer for Reset. Non-Taxable: 1024M
[7.853s][info][gc          ] GC(20) Concurrent reset 0.224ms
[7.853s][info][gc,start    ] GC(20) Pause Init Mark (unload classes)
[7.853s][info][gc,task     ] GC(20) Using 3 of 3 workers for init marking
[7.853s][info][gc,ergo     ] GC(20) Pacer for Mark. Expected Live: 14363K, Free: 163M, Non-Taxable: 16742K, Alloc Tax Rate: 0.1x
[7.853s][info][gc          ] GC(20) Pause Init Mark (unload classes) 0.125ms
[7.856s][info][gc,start    ] GC(20) Concurrent marking roots
[7.856s][info][gc,task     ] GC(20) Using 1 of 3 workers for concurrent marking roots
[7.856s][info][gc          ] GC(20) Concurrent marking roots 0.531ms
[7.856s][info][gc,start    ] GC(20) Concurrent marking (unload classes)
[7.856s][info][gc,task     ] GC(20) Using 1 of 3 workers for concurrent marking
[7.869s][info][gc          ] GC(20) Concurrent marking (unload classes) 12.378ms
[7.869s][info][gc,start    ] GC(20) Pause Final Mark (unload classes)
[7.869s][info][gc,task     ] GC(20) Using 3 of 3 workers for final marking
[7.869s][info][gc,ergo     ] GC(20) Adaptive CSet Selection. Target Free: 145M, Actual Free: 792M, Max CSet: 43690K, Min Garbage: 0B
[7.869s][info][gc,ergo     ] GC(20) Collectable Garbage: 793M (99%), Immediate: 603M (76%), CSet: 189M (23%)
[7.869s][info][gc,ergo     ] GC(20) Pacer for Evacuation. Used CSet: 192M, Free: 740M, Non-Taxable: 75827K, Alloc Tax Rate: 1.1x
[7.869s][info][gc          ] GC(20) Pause Final Mark (unload classes) 0.291ms
[7.869s][info][gc,start    ] GC(20) Concurrent thread roots
[7.869s][info][gc,task     ] GC(20) Using 1 of 3 workers for Concurrent thread roots
[7.870s][info][gc          ] GC(20) Concurrent thread roots 0.478ms
[7.870s][info][gc,start    ] GC(20) Concurrent weak references
[7.870s][info][gc,task     ] GC(20) Using 1 of 3 workers for concurrent weak references
[7.870s][info][gc,ref      ] GC(20) Encountered references: Soft: 164, Weak: 433, Final: 9, Phantom: 21
[7.870s][info][gc,ref      ] GC(20) Discovered  references: Soft: 0, Weak: 234, Final: 7, Phantom: 14
[7.870s][info][gc,ref      ] GC(20) Enqueued    references: Soft: 0, Weak: 0, Final: 0, Phantom: 0
[7.870s][info][gc          ] GC(20) Concurrent weak references 0.057ms
[7.870s][info][gc,start    ] GC(20) Concurrent weak roots
[7.870s][info][gc,task     ] GC(20) Using 1 of 3 workers for concurrent weak root
[7.871s][info][gc          ] GC(20) Concurrent weak roots 1.218ms
[7.871s][info][gc,start    ] GC(20) Concurrent cleanup
[7.871s][info][gc          ] GC(20) Concurrent cleanup 839M->235M(1024M) 0.085ms
[7.871s][info][gc,ergo     ] GC(20) Free: 736M, Max: 512K regular, 367M humongous, Frag: 51% external, 0% internal; Reserve: 52370K, Max: 512K
[7.871s][info][gc,start    ] GC(20) Concurrent class unloading
[7.871s][info][gc,task     ] GC(20) Using 1 of 3 workers for concurrent class unloading
[7.885s][info][gc          ] GC(20) Concurrent class unloading 13.847ms
[7.885s][info][gc,start    ] GC(20) Concurrent strong roots
[7.885s][info][gc,task     ] GC(20) Using 1 of 3 workers for concurrent strong root
[7.885s][info][gc          ] GC(20) Concurrent strong roots 0.091ms
[7.885s][info][gc,start    ] GC(20) Concurrent evacuation
[7.885s][info][gc,task     ] GC(20) Using 1 of 3 workers for concurrent evacuation
[7.887s][info][gc          ] GC(20) Concurrent evacuation 2.250ms
[7.887s][info][gc,start    ] GC(20) Pause Init Update Refs
[7.888s][info][gc,ergo     ] GC(20) Pacer for Update Refs. Used: 270M, Free: 703M, Non-Taxable: 72038K, Alloc Tax Rate: 1.1x
[7.888s][info][gc          ] GC(20) Pause Init Update Refs 0.051ms
[7.901s][info][gc,start    ] GC(20) Concurrent update references
[7.901s][info][gc,task     ] GC(20) Using 1 of 3 workers for concurrent reference update
[7.907s][info][gc          ] GC(20) Concurrent update references 6.865ms
[7.907s][info][gc,start    ] GC(20) Concurrent update thread roots
[7.908s][info][gc          ] GC(20) Concurrent update thread roots 0.575ms
[7.908s][info][gc,start    ] GC(20) Pause Final Update Refs
[7.908s][info][gc,task     ] GC(20) Using 3 of 3 workers for final reference update
[7.908s][info][gc          ] GC(20) Pause Final Update Refs 0.100ms
[7.911s][info][gc,start    ] GC(20) Concurrent cleanup
[7.911s][info][gc          ] GC(20) Concurrent cleanup 315M->122M(1024M) 0.051ms
[7.911s][info][gc,ergo     ] Free: 848M, Max: 512K regular, 647M humongous, Frag: 24% external, 0% internal; Reserve: 52736K, Max: 512K
[7.911s][info][gc,stats    ] 
[7.911s][info][gc,stats    ] All times are wall-clock times, except per-root-class counters, that are sum over
[7.911s][info][gc,stats    ] all workers. Dividing the <total> over the root stage time estimates parallelism.
[7.911s][info][gc,stats    ] 
[7.911s][info][gc,stats    ] Concurrent Reset                    235 us
[7.911s][info][gc,stats    ] Pause Init Mark (G)                2692 us
[7.911s][info][gc,stats    ] Pause Init Mark (N)                 135 us
[7.911s][info][gc,stats    ]   Update Region States               35 us
[7.911s][info][gc,stats    ] Concurrent Mark Roots               542 us, parallelism: 0.86x
[7.911s][info][gc,stats    ]   CMR: <total>                      468 us
[7.911s][info][gc,stats    ]   CMR: Thread Roots                 422 us, workers (us): 422, ---, ---, 
[7.911s][info][gc,stats    ]   CMR: VM Strong Roots                5 us, workers (us):   5, ---, ---, 
[7.911s][info][gc,stats    ]   CMR: CLDG Roots                    40 us, workers (us):  40, ---, ---, 
[7.911s][info][gc,stats    ] Concurrent Marking                12435 us
[7.911s][info][gc,stats    ] Pause Final Mark (G)                411 us
[7.911s][info][gc,stats    ] Pause Final Mark (N)                301 us
[7.911s][info][gc,stats    ]   Finish Mark                        45 us
[7.911s][info][gc,stats    ]   Update Region States               39 us
[7.911s][info][gc,stats    ]   Choose Collection Set             120 us
[7.911s][info][gc,stats    ]   Rebuild Free Set                    9 us
[7.911s][info][gc,stats    ] Concurrent Thread Roots             489 us, parallelism: 0.90x
[7.911s][info][gc,stats    ]   CTR: <total>                      440 us
[7.911s][info][gc,stats    ]   CTR: Thread Roots                 440 us, workers (us): 440, ---, ---, 
[7.911s][info][gc,stats    ] Concurrent Weak References           64 us, parallelism: 0.16x
[7.911s][info][gc,stats    ]   CWRF: <total>                      10 us
[7.911s][info][gc,stats    ]   CWRF: Weak References              10 us, workers (us):  10, ---, ---, 
[7.911s][info][gc,stats    ] Concurrent Weak Roots              1236 us
[7.911s][info][gc,stats    ]   Roots                             489 us, parallelism: 0.96x
[7.911s][info][gc,stats    ]     CWR: <total>                    469 us
[7.911s][info][gc,stats    ]     CWR: Code Cache Roots           359 us, workers (us): 359, ---, ---, 
[7.911s][info][gc,stats    ]     CWR: VM Weak Roots              108 us, workers (us): 108, ---, ---, 
[7.911s][info][gc,stats    ]     CWR: CLDG Roots                   2 us, workers (us):   2, ---, ---, 
[7.911s][info][gc,stats    ]   Rendezvous                        714 us
[7.911s][info][gc,stats    ] Concurrent Cleanup                   95 us
[7.911s][info][gc,stats    ] Concurrent Class Unloading        13894 us
[7.911s][info][gc,stats    ]   Unlink Stale                     1423 us
[7.911s][info][gc,stats    ]     System Dictionary                 3 us
[7.911s][info][gc,stats    ]     Weak Class Links                  0 us
[7.911s][info][gc,stats    ]     Code Roots                     1418 us
[7.911s][info][gc,stats    ]   Rendezvous                      12263 us
[7.911s][info][gc,stats    ]   Purge Unlinked                    140 us
[7.911s][info][gc,stats    ]     Code Roots                      135 us
[7.911s][info][gc,stats    ]     CLDG                              5 us
[7.911s][info][gc,stats    ]     Exception Caches                  0 us
[7.911s][info][gc,stats    ] Concurrent Strong Roots             100 us, parallelism: 0.56x
[7.911s][info][gc,stats    ]   CSR: <total>                       56 us
[7.911s][info][gc,stats    ]   CSR: VM Strong Roots                6 us, workers (us):   6, ---, ---, 
[7.911s][info][gc,stats    ]   CSR: CLDG Roots                    50 us, workers (us):  50, ---, ---, 
[7.911s][info][gc,stats    ] Concurrent Evacuation              2301 us
[7.911s][info][gc,stats    ] Pause Init Update Refs (G)        13142 us
[7.911s][info][gc,stats    ] Pause Init Update Refs (N)           60 us
[7.912s][info][gc,stats    ]   Manage GCLABs                       3 us
[7.912s][info][gc,stats    ] Concurrent Update Refs             6938 us
[7.912s][info][gc,stats    ] Concurrent Update Thread Roots      593 us
[7.912s][info][gc,stats    ] Pause Final Update Refs (G)        2952 us
[7.912s][info][gc,stats    ] Pause Final Update Refs (N)         121 us
[7.912s][info][gc,stats    ]   Update Region States               39 us
[7.912s][info][gc,stats    ]   Trash Collection Set                7 us
[7.912s][info][gc,stats    ]   Rebuild Free Set                   14 us
[7.912s][info][gc,stats    ] Concurrent Cleanup                   60 us
[7.912s][info][gc,stats    ] 
[7.912s][info][gc,stats    ] Allocation pacing accrued:
[7.912s][info][gc,stats    ]       0 of   480 ms (  0.0%): <total>
[7.912s][info][gc,stats    ]       0 of   480 ms (  0.0%): <average total>
[7.912s][info][gc,stats    ] 
[7.912s][info][gc,metaspace] Metaspace: 6127K(6272K)->6127K(6272K) NonClass: 5527K(5632K)->5527K(5632K) Class: 599K(640K)->599K(640K)
[7.912s][info][gc,ergo     ] Pacer for Idle. Initial: 20971K, Alloc Tax Rate: 1.0x
[8.137s][info][gc          ] Trigger: Average GC time (76.75 ms) is above the time for average allocation rate (2420 MB/s) to deplete free headroom (166M) (margin of error = 1.79)
[8.137s][info][gc,ergo     ] Free headroom: 218M (free) - 52428K (spike) - 0B (penalties) = 166M
[8.137s][info][gc,ergo     ] Free: 218M, Max: 512K regular, 201M humongous, Frag: 8% external, 0% internal; Reserve: 52736K, Max: 512K
[8.137s][info][gc,start    ] GC(21) Concurrent reset
[8.137s][info][gc,task     ] GC(21) Using 1 of 3 workers for concurrent reset
[8.137s][info][gc,ergo     ] GC(21) Pacer for Reset. Non-Taxable: 1024M
[8.138s][info][gc          ] GC(21) Concurrent reset 0.972ms
[8.138s][info][gc,start    ] GC(21) Pause Init Mark (unload classes)
[8.138s][info][gc,task     ] GC(21) Using 3 of 3 workers for init marking
[8.139s][info][gc,ergo     ] GC(21) Pacer for Mark. Expected Live: 14358K, Free: 217M, Non-Taxable: 22221K, Alloc Tax Rate: 0.1x
[8.139s][info][gc          ] GC(21) Pause Init Mark (unload classes) 0.195ms
[8.142s][info][gc,start    ] GC(21) Concurrent marking roots
[8.142s][info][gc,task     ] GC(21) Using 1 of 3 workers for concurrent marking roots
[8.143s][info][gc          ] GC(21) Concurrent marking roots 0.580ms
[8.143s][info][gc,start    ] GC(21) Concurrent marking (unload classes)
[8.143s][info][gc,task     ] GC(21) Using 1 of 3 workers for concurrent marking
[8.151s][info][gc          ] GC(21) Concurrent marking (unload classes) 8.577ms
[8.152s][info][gc,start    ] GC(21) Pause Final Mark (unload classes)
[8.152s][info][gc,task     ] GC(21) Using 3 of 3 workers for final marking
[8.152s][info][gc,ergo     ] GC(21) Adaptive CSet Selection. Target Free: 145M, Actual Free: 855M, Max CSet: 43690K, Min Garbage: 0B
[8.152s][info][gc,ergo     ] GC(21) Collectable Garbage: 740M (99%), Immediate: 617M (83%), CSet: 122M (16%)
[8.152s][info][gc,ergo     ] GC(21) Pacer for Evacuation. Used CSet: 125M, Free: 803M, Non-Taxable: 82278K, Alloc Tax Rate: 1.1x
[8.152s][info][gc          ] GC(21) Pause Final Mark (unload classes) 0.219ms
[8.152s][info][gc,start    ] GC(21) Concurrent thread roots
[8.152s][info][gc,task     ] GC(21) Using 1 of 3 workers for Concurrent thread roots
[8.153s][info][gc          ] GC(21) Concurrent thread roots 0.525ms
[8.153s][info][gc,start    ] GC(21) Concurrent weak references
[8.153s][info][gc,task     ] GC(21) Using 1 of 3 workers for concurrent weak references
[8.153s][info][gc,ref      ] GC(21) Encountered references: Soft: 164, Weak: 433, Final: 9, Phantom: 21
[8.153s][info][gc,ref      ] GC(21) Discovered  references: Soft: 0, Weak: 234, Final: 7, Phantom: 14
[8.153s][info][gc,ref      ] GC(21) Enqueued    references: Soft: 0, Weak: 0, Final: 0, Phantom: 0
[8.153s][info][gc          ] GC(21) Concurrent weak references 0.075ms
[8.153s][info][gc,start    ] GC(21) Concurrent weak roots
[8.153s][info][gc,task     ] GC(21) Using 1 of 3 workers for concurrent weak root
[8.169s][info][gc          ] GC(21) Concurrent weak roots 15.915ms
[8.169s][info][gc,start    ] GC(21) Concurrent cleanup
[8.169s][info][gc          ] GC(21) Concurrent cleanup 822M->204M(1024M) 0.091ms
[8.169s][info][gc,ergo     ] GC(21) Free: 768M, Max: 512K regular, 457M humongous, Frag: 41% external, 0% internal; Reserve: 51631K, Max: 512K
[8.169s][info][gc,start    ] GC(21) Concurrent class unloading
[8.169s][info][gc,task     ] GC(21) Using 1 of 3 workers for concurrent class unloading
[8.171s][info][gc          ] GC(21) Concurrent class unloading 1.860ms
[8.171s][info][gc,start    ] GC(21) Concurrent strong roots
[8.171s][info][gc,task     ] GC(21) Using 1 of 3 workers for concurrent strong root
[8.171s][info][gc          ] GC(21) Concurrent strong roots 0.080ms
[8.171s][info][gc,start    ] GC(21) Concurrent evacuation
[8.171s][info][gc,task     ] GC(21) Using 1 of 3 workers for concurrent evacuation
[8.172s][info][gc          ] GC(21) Concurrent evacuation 1.749ms
[8.173s][info][gc,start    ] GC(21) Pause Init Update Refs
[8.173s][info][gc,ergo     ] GC(21) Pacer for Update Refs. Used: 213M, Free: 761M, Non-Taxable: 77926K, Alloc Tax Rate: 1.1x
[8.173s][info][gc          ] GC(21) Pause Init Update Refs 0.066ms
[8.187s][info][gc,start    ] GC(21) Concurrent update references
[8.187s][info][gc,task     ] GC(21) Using 1 of 3 workers for concurrent reference update
[8.194s][info][gc          ] GC(21) Concurrent update references 7.418ms
[8.194s][info][gc,start    ] GC(21) Concurrent update thread roots
[8.195s][info][gc          ] GC(21) Concurrent update thread roots 0.637ms
[8.195s][info][gc,start    ] GC(21) Pause Final Update Refs
[8.195s][info][gc,task     ] GC(21) Using 3 of 3 workers for final reference update
[8.195s][info][gc          ] GC(21) Pause Final Update Refs 0.115ms
[8.200s][info][gc,start    ] GC(21) Concurrent cleanup
[8.200s][info][gc          ] GC(21) Concurrent cleanup 261M->136M(1024M) 0.038ms
[8.200s][info][gc,ergo     ] Free: 835M, Max: 512K regular, 653M humongous, Frag: 22% external, 0% internal; Reserve: 52736K, Max: 512K
[8.200s][info][gc,stats    ] 
[8.200s][info][gc,stats    ] All times are wall-clock times, except per-root-class counters, that are sum over
[8.200s][info][gc,stats    ] all workers. Dividing the <total> over the root stage time estimates parallelism.
[8.200s][info][gc,stats    ] 
[8.200s][info][gc,stats    ] Concurrent Reset                   1033 us
[8.200s][info][gc,stats    ] Pause Init Mark (G)                4057 us
[8.200s][info][gc,stats    ] Pause Init Mark (N)                 206 us
[8.200s][info][gc,stats    ]   Update Region States               70 us
[8.200s][info][gc,stats    ] Concurrent Mark Roots               592 us, parallelism: 0.86x
[8.200s][info][gc,stats    ]   CMR: <total>                      507 us
[8.200s][info][gc,stats    ]   CMR: Thread Roots                 455 us, workers (us): 455, ---, ---, 
[8.200s][info][gc,stats    ]   CMR: VM Strong Roots                5 us, workers (us):   5, ---, ---, 
[8.200s][info][gc,stats    ]   CMR: CLDG Roots                    46 us, workers (us):  46, ---, ---, 
[8.200s][info][gc,stats    ] Concurrent Marking                 8631 us
[8.200s][info][gc,stats    ] Pause Final Mark (G)                459 us
[8.200s][info][gc,stats    ] Pause Final Mark (N)                228 us
[8.200s][info][gc,stats    ]   Finish Mark                        33 us
[8.200s][info][gc,stats    ]   Update Region States               35 us
[8.201s][info][gc,stats    ]   Choose Collection Set              81 us
[8.201s][info][gc,stats    ]   Rebuild Free Set                    8 us
[8.201s][info][gc,stats    ] Concurrent Thread Roots             545 us, parallelism: 0.85x
[8.201s][info][gc,stats    ]   CTR: <total>                      462 us
[8.201s][info][gc,stats    ]   CTR: Thread Roots                 462 us, workers (us): 462, ---, ---, 
[8.201s][info][gc,stats    ] Concurrent Weak References           83 us, parallelism: 0.22x
[8.201s][info][gc,stats    ]   CWRF: <total>                      18 us
[8.201s][info][gc,stats    ]   CWRF: Weak References              18 us, workers (us):  18, ---, ---, 
[8.201s][info][gc,stats    ] Concurrent Weak Roots             15975 us
[8.201s][info][gc,stats    ]   Roots                             542 us, parallelism: 0.95x
[8.201s][info][gc,stats    ]     CWR: <total>                    518 us
[8.201s][info][gc,stats    ]     CWR: Code Cache Roots           404 us, workers (us): 404, ---, ---, 
[8.201s][info][gc,stats    ]     CWR: VM Weak Roots              111 us, workers (us): 111, ---, ---, 
[8.201s][info][gc,stats    ]     CWR: CLDG Roots                   3 us, workers (us):   3, ---, ---, 
[8.201s][info][gc,stats    ]   Rendezvous                      15354 us
[8.201s][info][gc,stats    ] Concurrent Cleanup                  100 us
[8.201s][info][gc,stats    ] Concurrent Class Unloading         1892 us
[8.201s][info][gc,stats    ]   Unlink Stale                     1572 us
[8.201s][info][gc,stats    ]     System Dictionary                 5 us
[8.201s][info][gc,stats    ]     Weak Class Links                  0 us
[8.201s][info][gc,stats    ]     Code Roots                     1566 us
[8.201s][info][gc,stats    ]   Rendezvous                        217 us
[8.201s][info][gc,stats    ]   Purge Unlinked                     53 us
[8.201s][info][gc,stats    ]     Code Roots                       49 us
[8.201s][info][gc,stats    ]     CLDG                              4 us
[8.201s][info][gc,stats    ]     Exception Caches                  0 us
[8.201s][info][gc,stats    ] Concurrent Strong Roots             101 us, parallelism: 0.49x
[8.201s][info][gc,stats    ]   CSR: <total>                       49 us
[8.201s][info][gc,stats    ]   CSR: VM Strong Roots                4 us, workers (us):   4, ---, ---, 
[8.201s][info][gc,stats    ]   CSR: CLDG Roots                    45 us, workers (us):  45, ---, ---, 
[8.201s][info][gc,stats    ] Concurrent Evacuation              1810 us
[8.201s][info][gc,stats    ] Pause Init Update Refs (G)        14022 us
[8.201s][info][gc,stats    ] Pause Init Update Refs (N)           76 us
[8.201s][info][gc,stats    ]   Manage GCLABs                       4 us
[8.201s][info][gc,stats    ] Concurrent Update Refs             7491 us
[8.201s][info][gc,stats    ] Concurrent Update Thread Roots      651 us
[8.201s][info][gc,stats    ] Pause Final Update Refs (G)        5591 us
[8.201s][info][gc,stats    ] Pause Final Update Refs (N)         137 us
[8.201s][info][gc,stats    ]   Update Region States               43 us
[8.201s][info][gc,stats    ]   Trash Collection Set                7 us
[8.201s][info][gc,stats    ]   Rebuild Free Set                   15 us
[8.201s][info][gc,stats    ] Concurrent Cleanup                   47 us
[8.201s][info][gc,stats    ] 
[8.201s][info][gc,stats    ] Allocation pacing accrued:
[8.201s][info][gc,stats    ]       0 of   289 ms (  0.0%): <total>
[8.201s][info][gc,stats    ]       0 of   289 ms (  0.0%): <average total>
[8.201s][info][gc,stats    ] 
[8.201s][info][gc,metaspace] Metaspace: 6127K(6272K)->6127K(6272K) NonClass: 5527K(5632K)->5527K(5632K) Class: 599K(640K)->599K(640K)
[8.201s][info][gc,ergo     ] Pacer for Idle. Initial: 20971K, Alloc Tax Rate: 1.0x
[8.437s][info][gc          ] Trigger: Average GC time (76.01 ms) is above the time for average allocation rate (2516 MB/s) to deplete free headroom (185M) (margin of error = 1.79)
[8.437s][info][gc,ergo     ] Free headroom: 237M (free) - 52428K (spike) - 0B (penalties) = 185M
[8.437s][info][gc,ergo     ] Free: 236M, Max: 512K regular, 150M humongous, Frag: 37% external, 0% internal; Reserve: 52736K, Max: 512K
[8.437s][info][gc,start    ] GC(22) Concurrent reset
[8.437s][info][gc,task     ] GC(22) Using 1 of 3 workers for concurrent reset
[8.437s][info][gc,ergo     ] GC(22) Pacer for Reset. Non-Taxable: 1024M
[8.438s][info][gc          ] GC(22) Concurrent reset 0.567ms
[8.438s][info][gc,start    ] GC(22) Pause Init Mark (unload classes)
[8.438s][info][gc,task     ] GC(22) Using 3 of 3 workers for init marking
[8.438s][info][gc,ergo     ] GC(22) Pacer for Mark. Expected Live: 14348K, Free: 235M, Non-Taxable: 24115K, Alloc Tax Rate: 0.1x
[8.438s][info][gc          ] GC(22) Pause Init Mark (unload classes) 0.167ms
[8.444s][info][gc,start    ] GC(22) Concurrent marking roots
[8.444s][info][gc,task     ] GC(22) Using 1 of 3 workers for concurrent marking roots
[8.444s][info][gc          ] GC(22) Concurrent marking roots 0.572ms
[8.444s][info][gc,start    ] GC(22) Concurrent marking (unload classes)
[8.444s][info][gc,task     ] GC(22) Using 1 of 3 workers for concurrent marking
[8.452s][info][gc          ] GC(22) Concurrent marking (unload classes) 7.326ms
[8.452s][info][gc,start    ] GC(22) Pause Final Mark (unload classes)
[8.452s][info][gc,task     ] GC(22) Using 3 of 3 workers for final marking
[8.452s][info][gc,ergo     ] GC(22) Adaptive CSet Selection. Target Free: 145M, Actual Free: 854M, Max CSet: 43690K, Min Garbage: 0B
[8.452s][info][gc,ergo     ] GC(22) Collectable Garbage: 721M (99%), Immediate: 591M (81%), CSet: 130M (18%)
[8.452s][info][gc,ergo     ] GC(22) Pacer for Evacuation. Used CSet: 133M, Free: 803M, Non-Taxable: 82227K, Alloc Tax Rate: 1.1x
[8.452s][info][gc          ] GC(22) Pause Final Mark (unload classes) 0.444ms
[8.452s][info][gc,start    ] GC(22) Concurrent thread roots
[8.452s][info][gc,task     ] GC(22) Using 1 of 3 workers for Concurrent thread roots
[8.453s][info][gc          ] GC(22) Concurrent thread roots 0.571ms
[8.453s][info][gc,start    ] GC(22) Concurrent weak references
[8.453s][info][gc,task     ] GC(22) Using 1 of 3 workers for concurrent weak references
[8.453s][info][gc,ref      ] GC(22) Encountered references: Soft: 164, Weak: 433, Final: 9, Phantom: 21
[8.453s][info][gc,ref      ] GC(22) Discovered  references: Soft: 0, Weak: 234, Final: 7, Phantom: 14
[8.453s][info][gc,ref      ] GC(22) Enqueued    references: Soft: 0, Weak: 0, Final: 0, Phantom: 0
[8.453s][info][gc          ] GC(22) Concurrent weak references 0.140ms
[8.453s][info][gc,start    ] GC(22) Concurrent weak roots
[8.453s][info][gc,task     ] GC(22) Using 1 of 3 workers for concurrent weak root
[8.461s][info][gc          ] GC(22) Concurrent weak roots 8.228ms
[8.461s][info][gc,start    ] GC(22) Concurrent cleanup
[8.461s][info][gc          ] GC(22) Concurrent cleanup 777M->187M(1024M) 0.106ms
[8.461s][info][gc,ergo     ] GC(22) Free: 785M, Max: 512K regular, 373M humongous, Frag: 53% external, 0% internal; Reserve: 51329K, Max: 512K
[8.461s][info][gc,start    ] GC(22) Concurrent class unloading
[8.461s][info][gc,task     ] GC(22) Using 1 of 3 workers for concurrent class unloading
[8.463s][info][gc          ] GC(22) Concurrent class unloading 1.443ms
[8.463s][info][gc,start    ] GC(22) Concurrent strong roots
[8.463s][info][gc,task     ] GC(22) Using 1 of 3 workers for concurrent strong root
[8.463s][info][gc          ] GC(22) Concurrent strong roots 0.082ms
[8.463s][info][gc,start    ] GC(22) Concurrent evacuation
[8.463s][info][gc,task     ] GC(22) Using 1 of 3 workers for concurrent evacuation
[8.465s][info][gc          ] GC(22) Concurrent evacuation 1.998ms
[8.465s][info][gc,start    ] GC(22) Pause Init Update Refs
[8.465s][info][gc,ergo     ] GC(22) Pacer for Update Refs. Used: 193M, Free: 780M, Non-Taxable: 79923K, Alloc Tax Rate: 1.1x
[8.465s][info][gc          ] GC(22) Pause Init Update Refs 0.046ms
[8.469s][info][gc,start    ] GC(22) Concurrent update references
[8.469s][info][gc,task     ] GC(22) Using 1 of 3 workers for concurrent reference update
[8.475s][info][gc          ] GC(22) Concurrent update references 6.348ms
[8.475s][info][gc,start    ] GC(22) Concurrent update thread roots
[8.476s][info][gc          ] GC(22) Concurrent update thread roots 0.586ms
[8.476s][info][gc,start    ] GC(22) Pause Final Update Refs
[8.476s][info][gc,task     ] GC(22) Using 3 of 3 workers for final reference update
[8.476s][info][gc          ] GC(22) Pause Final Update Refs 0.107ms
[8.482s][info][gc,start    ] GC(22) Concurrent cleanup
[8.482s][info][gc          ] GC(22) Concurrent cleanup 220M->87M(1024M) 0.041ms
[8.482s][info][gc,ergo     ] Free: 883M, Max: 512K regular, 618M humongous, Frag: 31% external, 0% internal; Reserve: 52736K, Max: 512K
[8.482s][info][gc,stats    ] 
[8.482s][info][gc,stats    ] All times are wall-clock times, except per-root-class counters, that are sum over
[8.482s][info][gc,stats    ] all workers. Dividing the <total> over the root stage time estimates parallelism.
[8.482s][info][gc,stats    ] 
[8.482s][info][gc,stats    ] Concurrent Reset                    601 us
[8.482s][info][gc,stats    ] Pause Init Mark (G)                6017 us
[8.482s][info][gc,stats    ] Pause Init Mark (N)                 177 us
[8.482s][info][gc,stats    ]   Update Region States               49 us
[8.482s][info][gc,stats    ] Concurrent Mark Roots               586 us, parallelism: 0.84x
[8.482s][info][gc,stats    ]   CMR: <total>                      493 us
[8.482s][info][gc,stats    ]   CMR: Thread Roots                 436 us, workers (us): 436, ---, ---, 
[8.482s][info][gc,stats    ]   CMR: VM Strong Roots                8 us, workers (us):   8, ---, ---, 
[8.482s][info][gc,stats    ]   CMR: CLDG Roots                    49 us, workers (us):  49, ---, ---, 
[8.482s][info][gc,stats    ] Concurrent Marking                 7397 us
[8.482s][info][gc,stats    ] Pause Final Mark (G)                524 us
[8.482s][info][gc,stats    ] Pause Final Mark (N)                466 us
[8.482s][info][gc,stats    ]   Finish Mark                        64 us
[8.482s][info][gc,stats    ]   Update Region States               54 us
[8.482s][info][gc,stats    ]   Choose Collection Set             163 us
[8.482s][info][gc,stats    ]   Rebuild Free Set                   24 us
[8.482s][info][gc,stats    ] Concurrent Thread Roots             580 us, parallelism: 0.87x
[8.482s][info][gc,stats    ]   CTR: <total>                      505 us
[8.482s][info][gc,stats    ]   CTR: Thread Roots                 505 us, workers (us): 505, ---, ---, 
[8.482s][info][gc,stats    ] Concurrent Weak References          161 us, parallelism: 0.12x
[8.482s][info][gc,stats    ]   CWRF: <total>                      19 us
[8.482s][info][gc,stats    ]   CWRF: Weak References              19 us, workers (us):  19, ---, ---, 
[8.482s][info][gc,stats    ] Concurrent Weak Roots              8277 us
[8.482s][info][gc,stats    ]   Roots                            8105 us, parallelism: 0.99x
[8.482s][info][gc,stats    ]     CWR: <total>                   8060 us
[8.482s][info][gc,stats    ]     CWR: Code Cache Roots           360 us, workers (us): 360, ---, ---, 
[8.482s][info][gc,stats    ]     CWR: VM Weak Roots             7697 us, workers (us): 7697, ---, ---, 
[8.482s][info][gc,stats    ]     CWR: CLDG Roots                   2 us, workers (us):   2, ---, ---, 
[8.482s][info][gc,stats    ]   Rendezvous                         80 us
[8.482s][info][gc,stats    ] Concurrent Cleanup                  114 us
[8.482s][info][gc,stats    ] Concurrent Class Unloading         1467 us
[8.482s][info][gc,stats    ]   Unlink Stale                     1344 us
[8.482s][info][gc,stats    ]     System Dictionary                 2 us
[8.482s][info][gc,stats    ]     Weak Class Links                  0 us
[8.482s][info][gc,stats    ]     Code Roots                     1340 us
[8.482s][info][gc,stats    ]   Rendezvous                         47 us
[8.482s][info][gc,stats    ]   Purge Unlinked                     36 us
[8.482s][info][gc,stats    ]     Code Roots                       33 us
[8.482s][info][gc,stats    ]     CLDG                              3 us
[8.482s][info][gc,stats    ]     Exception Caches                  0 us
[8.482s][info][gc,stats    ] Concurrent Strong Roots              90 us, parallelism: 0.59x
[8.482s][info][gc,stats    ]   CSR: <total>                       53 us
[8.482s][info][gc,stats    ]   CSR: VM Strong Roots                4 us, workers (us):   4, ---, ---, 
[8.482s][info][gc,stats    ]   CSR: CLDG Roots                    49 us, workers (us):  49, ---, ---, 
[8.482s][info][gc,stats    ] Concurrent Evacuation              2043 us
[8.482s][info][gc,stats    ] Pause Init Update Refs (G)         3955 us
[8.482s][info][gc,stats    ] Pause Init Update Refs (N)           55 us
[8.482s][info][gc,stats    ]   Manage GCLABs                       3 us
[8.482s][info][gc,stats    ] Concurrent Update Refs             6412 us
[8.482s][info][gc,stats    ] Concurrent Update Thread Roots      606 us
[8.482s][info][gc,stats    ] Pause Final Update Refs (G)        5976 us
[8.482s][info][gc,stats    ] Pause Final Update Refs (N)         126 us
[8.482s][info][gc,stats    ]   Update Region States               40 us
[8.482s][info][gc,stats    ]   Trash Collection Set                7 us
[8.482s][info][gc,stats    ]   Rebuild Free Set                   15 us
[8.482s][info][gc,stats    ] Concurrent Cleanup                   50 us
[8.482s][info][gc,stats    ] Pacing                           103671 us
[8.482s][info][gc,stats    ] 
[8.483s][info][gc,stats    ] Allocation pacing accrued:
[8.483s][info][gc,stats    ]      27 of   282 ms (  9.6%): Thread-6
[8.483s][info][gc,stats    ]      28 of   282 ms (  9.8%): Thread-7
[8.483s][info][gc,stats    ]      13 of   282 ms (  4.5%): Thread-8
[8.483s][info][gc,stats    ]      13 of   282 ms (  4.6%): Thread-9
[8.483s][info][gc,stats    ]      12 of   282 ms (  4.1%): Thread-10
[8.483s][info][gc,stats    ]      12 of   282 ms (  4.2%): Thread-11
[8.483s][info][gc,stats    ]     104 of   282 ms ( 36.8%): <total>
[8.483s][info][gc,stats    ]       5 of   282 ms (  1.9%): <average total>
[8.483s][info][gc,stats    ]      17 of   282 ms (  6.1%): <average non-zero>
[8.483s][info][gc,stats    ] 
[8.483s][info][gc,metaspace] Metaspace: 6127K(6272K)->6127K(6272K) NonClass: 5527K(5632K)->5527K(5632K) Class: 599K(640K)->599K(640K)
[8.483s][info][gc,ergo     ] Pacer for Idle. Initial: 20971K, Alloc Tax Rate: 1.0x
[8.878s][info][gc          ] Trigger: Average GC time (69.45 ms) is above the time for average allocation rate (1861 MB/s) to deplete free headroom (113M) (margin of error = 1.79)
[8.878s][info][gc,ergo     ] Free headroom: 165M (free) - 52428K (spike) - 0B (penalties) = 113M
[8.878s][info][gc,ergo     ] Free: 165M, Max: 512K regular, 165M humongous, Frag: 0% external, 0% internal; Reserve: 52736K, Max: 512K
[8.878s][info][gc,start    ] GC(23) Concurrent reset
[8.879s][info][gc,task     ] GC(23) Using 1 of 3 workers for concurrent reset
[8.879s][info][gc,ergo     ] GC(23) Pacer for Reset. Non-Taxable: 1024M
[8.879s][info][gc          ] GC(23) Concurrent reset 0.564ms
[8.879s][info][gc,start    ] GC(23) Pause Init Mark (unload classes)
[8.879s][info][gc,task     ] GC(23) Using 3 of 3 workers for init marking
[8.879s][info][gc,ergo     ] GC(23) Pacer for Mark. Expected Live: 14379K, Free: 164M, Non-Taxable: 16845K, Alloc Tax Rate: 0.1x
[8.879s][info][gc          ] GC(23) Pause Init Mark (unload classes) 0.113ms
[8.883s][info][gc,start    ] GC(23) Concurrent marking roots
[8.883s][info][gc,task     ] GC(23) Using 1 of 3 workers for concurrent marking roots
[8.884s][info][gc          ] GC(23) Concurrent marking roots 0.582ms
[8.884s][info][gc,start    ] GC(23) Concurrent marking (unload classes)
[8.884s][info][gc,task     ] GC(23) Using 1 of 3 workers for concurrent marking
[8.892s][info][gc          ] GC(23) Concurrent marking (unload classes) 7.739ms
[8.892s][info][gc,start    ] GC(23) Pause Final Mark (unload classes)
[8.892s][info][gc,task     ] GC(23) Using 3 of 3 workers for final marking
[8.892s][info][gc,ergo     ] GC(23) Adaptive CSet Selection. Target Free: 145M, Actual Free: 783M, Max CSet: 43690K, Min Garbage: 0B
[8.892s][info][gc,ergo     ] GC(23) Collectable Garbage: 792M (99%), Immediate: 583M (73%), CSet: 208M (26%)
[8.892s][info][gc,ergo     ] GC(23) Pacer for Evacuation. Used CSet: 211M, Free: 732M, Non-Taxable: 74957K, Alloc Tax Rate: 1.1x
[8.892s][info][gc          ] GC(23) Pause Final Mark (unload classes) 0.419ms
[8.892s][info][gc,start    ] GC(23) Concurrent thread roots
[8.892s][info][gc,task     ] GC(23) Using 1 of 3 workers for Concurrent thread roots
[8.893s][info][gc          ] GC(23) Concurrent thread roots 1.079ms
[8.893s][info][gc,start    ] GC(23) Concurrent weak references
[8.893s][info][gc,task     ] GC(23) Using 1 of 3 workers for concurrent weak references
[8.893s][info][gc,ref      ] GC(23) Encountered references: Soft: 164, Weak: 433, Final: 9, Phantom: 21
[8.893s][info][gc,ref      ] GC(23) Discovered  references: Soft: 0, Weak: 234, Final: 7, Phantom: 14
[8.893s][info][gc,ref      ] GC(23) Enqueued    references: Soft: 0, Weak: 0, Final: 0, Phantom: 0
[8.893s][info][gc          ] GC(23) Concurrent weak references 0.081ms
[8.893s][info][gc,start    ] GC(23) Concurrent weak roots
[8.893s][info][gc,task     ] GC(23) Using 1 of 3 workers for concurrent weak root
[8.894s][info][gc          ] GC(23) Concurrent weak roots 0.495ms
[8.894s][info][gc,start    ] GC(23) Concurrent cleanup
[8.894s][info][gc          ] GC(23) Concurrent cleanup 823M->239M(1024M) 0.134ms
[8.894s][info][gc,ergo     ] GC(23) Free: 732M, Max: 512K regular, 161M humongous, Frag: 78% external, 0% internal; Reserve: 52336K, Max: 512K
[8.894s][info][gc,start    ] GC(23) Concurrent class unloading
[8.894s][info][gc,task     ] GC(23) Using 1 of 3 workers for concurrent class unloading
[8.902s][info][gc          ] GC(23) Concurrent class unloading 8.427ms
[8.902s][info][gc,start    ] GC(23) Concurrent strong roots
[8.902s][info][gc,task     ] GC(23) Using 1 of 3 workers for concurrent strong root
[8.902s][info][gc          ] GC(23) Concurrent strong roots 0.079ms
[8.903s][info][gc,start    ] GC(23) Concurrent evacuation
[8.903s][info][gc,task     ] GC(23) Using 1 of 3 workers for concurrent evacuation
[8.905s][info][gc          ] GC(23) Concurrent evacuation 2.472ms
[8.905s][info][gc,start    ] GC(23) Pause Init Update Refs
[8.905s][info][gc,ergo     ] GC(23) Pacer for Update Refs. Used: 256M, Free: 718M, Non-Taxable: 73523K, Alloc Tax Rate: 1.1x
[8.905s][info][gc          ] GC(23) Pause Init Update Refs 0.040ms
[8.913s][info][gc,start    ] GC(23) Concurrent update references
[8.913s][info][gc,task     ] GC(23) Using 1 of 3 workers for concurrent reference update
[8.919s][info][gc          ] GC(23) Concurrent update references 5.569ms
[8.919s][info][gc,start    ] GC(23) Concurrent update thread roots
[8.925s][info][gc          ] GC(23) Concurrent update thread roots 5.984ms
[8.925s][info][gc,start    ] GC(23) Pause Final Update Refs
[8.925s][info][gc,task     ] GC(23) Using 3 of 3 workers for final reference update
[8.925s][info][gc          ] GC(23) Pause Final Update Refs 0.109ms
[8.931s][info][gc,start    ] GC(23) Concurrent cleanup
[8.931s][info][gc          ] GC(23) Concurrent cleanup 288M->76M(1024M) 0.045ms
[8.931s][info][gc,ergo     ] Free: 894M, Max: 512K regular, 746M humongous, Frag: 17% external, 0% internal; Reserve: 52736K, Max: 512K
[8.931s][info][gc,stats    ] 
[8.931s][info][gc,stats    ] All times are wall-clock times, except per-root-class counters, that are sum over
[8.931s][info][gc,stats    ] all workers. Dividing the <total> over the root stage time estimates parallelism.
[8.931s][info][gc,stats    ] 
[8.931s][info][gc,stats    ] Concurrent Reset                    590 us
[8.931s][info][gc,stats    ] Pause Init Mark (G)                4080 us
[8.931s][info][gc,stats    ] Pause Init Mark (N)                 122 us
[8.931s][info][gc,stats    ]   Update Region States               42 us
[8.931s][info][gc,stats    ] Concurrent Mark Roots               593 us, parallelism: 0.85x
[8.931s][info][gc,stats    ]   CMR: <total>                      505 us
[8.931s][info][gc,stats    ]   CMR: Thread Roots                 454 us, workers (us): 454, ---, ---, 
[8.931s][info][gc,stats    ]   CMR: VM Strong Roots                5 us, workers (us):   5, ---, ---, 
[8.931s][info][gc,stats    ]   CMR: CLDG Roots                    46 us, workers (us):  46, ---, ---, 
[8.931s][info][gc,stats    ] Concurrent Marking                 7807 us
[8.931s][info][gc,stats    ] Pause Final Mark (G)                492 us
[8.931s][info][gc,stats    ] Pause Final Mark (N)                439 us
[8.931s][info][gc,stats    ]   Finish Mark                        60 us
[8.931s][info][gc,stats    ]   Update Region States               51 us
[8.931s][info][gc,stats    ]   Choose Collection Set             192 us
[8.931s][info][gc,stats    ]   Rebuild Free Set                   24 us
[8.931s][info][gc,stats    ] Concurrent Thread Roots            1088 us, parallelism: 0.92x
[8.931s][info][gc,stats    ]   CTR: <total>                     1006 us
[8.931s][info][gc,stats    ]   CTR: Thread Roots                1006 us, workers (us): 1006, ---, ---, 
[8.931s][info][gc,stats    ] Concurrent Weak References           88 us, parallelism: 0.22x
[8.931s][info][gc,stats    ]   CWRF: <total>                      19 us
[8.931s][info][gc,stats    ]   CWRF: Weak References              19 us, workers (us):  19, ---, ---, 
[8.931s][info][gc,stats    ] Concurrent Weak Roots               522 us
[8.931s][info][gc,stats    ]   Roots                             433 us, parallelism: 0.93x
[8.931s][info][gc,stats    ]     CWR: <total>                    403 us
[8.931s][info][gc,stats    ]     CWR: Code Cache Roots           297 us, workers (us): 297, ---, ---, 
[8.931s][info][gc,stats    ]     CWR: VM Weak Roots              104 us, workers (us): 104, ---, ---, 
[8.931s][info][gc,stats    ]     CWR: CLDG Roots                   2 us, workers (us):   2, ---, ---, 
[8.931s][info][gc,stats    ]   Rendezvous                         35 us
[8.931s][info][gc,stats    ] Concurrent Cleanup                  151 us
[8.931s][info][gc,stats    ] Concurrent Class Unloading         8466 us
[8.931s][info][gc,stats    ]   Unlink Stale                     1333 us
[8.931s][info][gc,stats    ]     System Dictionary                 3 us
[8.931s][info][gc,stats    ]     Weak Class Links                  0 us
[8.931s][info][gc,stats    ]     Code Roots                     1328 us
[8.931s][info][gc,stats    ]   Rendezvous                       6996 us
[8.931s][info][gc,stats    ]   Purge Unlinked                     65 us
[8.931s][info][gc,stats    ]     Code Roots                       60 us
[8.931s][info][gc,stats    ]     CLDG                              4 us
[8.931s][info][gc,stats    ]     Exception Caches                  0 us
[8.931s][info][gc,stats    ] Concurrent Strong Roots              87 us, parallelism: 0.56x
[8.931s][info][gc,stats    ]   CSR: <total>                       49 us
[8.931s][info][gc,stats    ]   CSR: VM Strong Roots                4 us, workers (us):   4, ---, ---, 
[8.931s][info][gc,stats    ]   CSR: CLDG Roots                    44 us, workers (us):  44, ---, ---, 
[8.931s][info][gc,stats    ] Concurrent Evacuation              2516 us
[8.931s][info][gc,stats    ] Pause Init Update Refs (G)         7936 us
[8.931s][info][gc,stats    ] Pause Init Update Refs (N)           49 us
[8.931s][info][gc,stats    ]   Manage GCLABs                       3 us
[8.931s][info][gc,stats    ] Concurrent Update Refs             5620 us
[8.931s][info][gc,stats    ] Concurrent Update Thread Roots     6008 us
[8.931s][info][gc,stats    ] Pause Final Update Refs (G)        5972 us
[8.931s][info][gc,stats    ] Pause Final Update Refs (N)         128 us
[8.931s][info][gc,stats    ]   Update Region States               41 us
[8.931s][info][gc,stats    ]   Trash Collection Set               11 us
[8.931s][info][gc,stats    ]   Rebuild Free Set                   13 us
[8.931s][info][gc,stats    ] Concurrent Cleanup                   55 us
[8.931s][info][gc,stats    ] Pacing                            43765 us
[8.931s][info][gc,stats    ] 
[8.931s][info][gc,stats    ] Allocation pacing accrued:
[8.931s][info][gc,stats    ]       8 of   449 ms (  1.7%): Thread-6
[8.931s][info][gc,stats    ]       7 of   449 ms (  1.5%): Thread-7
[8.931s][info][gc,stats    ]       7 of   449 ms (  1.6%): Thread-8
[8.931s][info][gc,stats    ]       8 of   449 ms (  1.7%): Thread-9
[8.931s][info][gc,stats    ]       8 of   449 ms (  1.7%): Thread-10
[8.931s][info][gc,stats    ]       7 of   449 ms (  1.6%): Thread-11
[8.931s][info][gc,stats    ]      44 of   449 ms (  9.8%): <total>
[8.931s][info][gc,stats    ]       2 of   449 ms (  0.5%): <average total>
[8.931s][info][gc,stats    ]       7 of   449 ms (  1.6%): <average non-zero>
[8.931s][info][gc,stats    ] 
[8.931s][info][gc,metaspace] Metaspace: 6127K(6272K)->6127K(6272K) NonClass: 5527K(5632K)->5527K(5632K) Class: 599K(640K)->599K(640K)
[8.931s][info][gc,ergo     ] Pacer for Idle. Initial: 20971K, Alloc Tax Rate: 1.0x
[9.431s][info][gc          ] Trigger: Average GC time (64.35 ms) is above the time for average allocation rate (1567 MB/s) to deplete free headroom (87863K) (margin of error = 1.78)
[9.431s][info][gc,ergo     ] Free headroom: 137M (free) - 52428K (spike) - 0B (penalties) = 87863K
[9.431s][info][gc,ergo     ] Free: 137M, Max: 512K regular, 137M humongous, Frag: 0% external, 0% internal; Reserve: 52736K, Max: 512K
[9.431s][info][gc,start    ] GC(24) Concurrent reset
[9.431s][info][gc,task     ] GC(24) Using 1 of 3 workers for concurrent reset
[9.431s][info][gc,ergo     ] GC(24) Pacer for Reset. Non-Taxable: 1024M
[9.432s][info][gc          ] GC(24) Concurrent reset 0.936ms
[9.433s][info][gc,start    ] GC(24) Pause Init Mark (unload classes)
[9.433s][info][gc,task     ] GC(24) Using 3 of 3 workers for init marking
[9.433s][info][gc,ergo     ] GC(24) Pacer for Mark. Expected Live: 14403K, Free: 135M, Non-Taxable: 13875K, Alloc Tax Rate: 0.1x
[9.433s][info][gc          ] GC(24) Pause Init Mark (unload classes) 0.190ms
[9.439s][info][gc,start    ] GC(24) Concurrent marking roots
[9.439s][info][gc,task     ] GC(24) Using 1 of 3 workers for concurrent marking roots
[9.439s][info][gc          ] GC(24) Concurrent marking roots 0.517ms
[9.439s][info][gc,start    ] GC(24) Concurrent marking (unload classes)
[9.439s][info][gc,task     ] GC(24) Using 1 of 3 workers for concurrent marking
[9.445s][info][gc          ] GC(24) Concurrent marking (unload classes) 5.872ms
[9.445s][info][gc,start    ] GC(24) Pause Final Mark (unload classes)
[9.445s][info][gc,task     ] GC(24) Using 3 of 3 workers for final marking
[9.445s][info][gc,ergo     ] GC(24) Collectable Garbage: 792M (96%), Immediate: 792M (96%), CSet: 0B (0%)
[9.445s][info][gc          ] GC(24) Pause Final Mark (unload classes) 0.169ms
[9.445s][info][gc,start    ] GC(24) Concurrent weak references
[9.445s][info][gc,task     ] GC(24) Using 1 of 3 workers for concurrent weak references
[9.445s][info][gc,ref      ] GC(24) Encountered references: Soft: 164, Weak: 433, Final: 9, Phantom: 21
[9.445s][info][gc,ref      ] GC(24) Discovered  references: Soft: 0, Weak: 234, Final: 7, Phantom: 14
[9.445s][info][gc,ref      ] GC(24) Enqueued    references: Soft: 0, Weak: 0, Final: 0, Phantom: 0
[9.445s][info][gc          ] GC(24) Concurrent weak references 0.108ms
[9.445s][info][gc,start    ] GC(24) Concurrent weak roots
[9.445s][info][gc,task     ] GC(24) Using 1 of 3 workers for concurrent weak root
[9.446s][info][gc          ] GC(24) Concurrent weak roots 0.486ms
[9.446s][info][gc,start    ] GC(24) Concurrent cleanup
[9.446s][info][gc          ] GC(24) Concurrent cleanup 849M->56M(1024M) 0.112ms
[9.446s][info][gc,ergo     ] GC(24) Free: 914M, Max: 512K regular, 711M humongous, Frag: 23% external, 0% internal; Reserve: 52736K, Max: 512K
[9.446s][info][gc,start    ] GC(24) Concurrent class unloading
[9.446s][info][gc,task     ] GC(24) Using 1 of 3 workers for concurrent class unloading
[9.451s][info][gc          ] GC(24) Concurrent class unloading 5.077ms
[9.451s][info][gc,start    ] GC(24) Pause Final Roots
[9.451s][info][gc          ] GC(24) Pause Final Roots 0.029ms
[9.453s][info][gc,ergo     ] Free: 903M, Max: 512K regular, 711M humongous, Frag: 22% external, 0% internal; Reserve: 52736K, Max: 512K
[9.453s][info][gc,stats    ] 
[9.453s][info][gc,stats    ] All times are wall-clock times, except per-root-class counters, that are sum over
[9.453s][info][gc,stats    ] all workers. Dividing the <total> over the root stage time estimates parallelism.
[9.453s][info][gc,stats    ] 
[9.453s][info][gc,stats    ] Concurrent Reset                    978 us
[9.453s][info][gc,stats    ] Pause Init Mark (G)                6155 us
[9.453s][info][gc,stats    ] Pause Init Mark (N)                 201 us
[9.453s][info][gc,stats    ]   Update Region States               66 us
[9.453s][info][gc,stats    ] Concurrent Mark Roots               527 us, parallelism: 0.85x
[9.453s][info][gc,stats    ]   CMR: <total>                      448 us
[9.453s][info][gc,stats    ]   CMR: Thread Roots                 400 us, workers (us): 400, ---, ---, 
[9.453s][info][gc,stats    ]   CMR: VM Strong Roots                6 us, workers (us):   6, ---, ---, 
[9.453s][info][gc,stats    ]   CMR: CLDG Roots                    42 us, workers (us):  42, ---, ---, 
[9.453s][info][gc,stats    ] Concurrent Marking                 5929 us
[9.453s][info][gc,stats    ] Pause Final Mark (G)                222 us
[9.453s][info][gc,stats    ] Pause Final Mark (N)                178 us
[9.453s][info][gc,stats    ]   Finish Mark                        42 us
[9.453s][info][gc,stats    ]   Update Region States               34 us
[9.453s][info][gc,stats    ]   Choose Collection Set              40 us
[9.453s][info][gc,stats    ]   Rebuild Free Set                    7 us
[9.453s][info][gc,stats    ] Concurrent Weak References          124 us, parallelism: 0.04x
[9.453s][info][gc,stats    ]   CWRF: <total>                       4 us
[9.453s][info][gc,stats    ]   CWRF: Weak References               4 us, workers (us):   4, ---, ---, 
[9.453s][info][gc,stats    ] Concurrent Weak Roots               496 us
[9.453s][info][gc,stats    ]   Roots                             403 us, parallelism: 0.94x
[9.453s][info][gc,stats    ]     CWR: <total>                    377 us
[9.453s][info][gc,stats    ]     CWR: Code Cache Roots           311 us, workers (us): 311, ---, ---, 
[9.453s][info][gc,stats    ]     CWR: VM Weak Roots               64 us, workers (us):  64, ---, ---, 
[9.453s][info][gc,stats    ]     CWR: CLDG Roots                   2 us, workers (us):   2, ---, ---, 
[9.453s][info][gc,stats    ]   Rendezvous                         51 us
[9.453s][info][gc,stats    ] Concurrent Cleanup                  120 us
[9.453s][info][gc,stats    ] Concurrent Class Unloading         5108 us
[9.453s][info][gc,stats    ]   Unlink Stale                     1857 us
[9.453s][info][gc,stats    ]     System Dictionary                 2 us
[9.453s][info][gc,stats    ]     Weak Class Links                  0 us
[9.453s][info][gc,stats    ]     Code Roots                     1854 us
[9.453s][info][gc,stats    ]   Rendezvous                       3139 us
[9.453s][info][gc,stats    ]   Purge Unlinked                     65 us
[9.453s][info][gc,stats    ]     Code Roots                       62 us
[9.453s][info][gc,stats    ]     CLDG                              3 us
[9.453s][info][gc,stats    ]     Exception Caches                  0 us
[9.453s][info][gc,stats    ] Pause Final Roots (G)              1915 us
[9.453s][info][gc,stats    ] Pause Final Roots (N)                37 us
[9.453s][info][gc,stats    ] Pacing                            32445 us
[9.453s][info][gc,stats    ] 
[9.453s][info][gc,stats    ] Allocation pacing accrued:
[9.453s][info][gc,stats    ]       5 of   522 ms (  0.9%): Thread-6
[9.453s][info][gc,stats    ]       6 of   522 ms (  1.2%): Thread-7
[9.453s][info][gc,stats    ]       6 of   522 ms (  1.1%): Thread-8
[9.453s][info][gc,stats    ]       5 of   522 ms (  1.0%): Thread-9
[9.453s][info][gc,stats    ]       5 of   522 ms (  0.9%): Thread-10
[9.453s][info][gc,stats    ]       5 of   522 ms (  1.1%): Thread-11
[9.453s][info][gc,stats    ]      32 of   522 ms (  6.2%): <total>
[9.453s][info][gc,stats    ]       2 of   522 ms (  0.3%): <average total>
[9.453s][info][gc,stats    ]       5 of   522 ms (  1.0%): <average non-zero>
[9.453s][info][gc,stats    ] 
[9.453s][info][gc,metaspace] Metaspace: 6127K(6272K)->6127K(6272K) NonClass: 5527K(5632K)->5527K(5632K) Class: 599K(640K)->599K(640K)
[9.453s][info][gc,ergo     ] Pacer for Idle. Initial: 20971K, Alloc Tax Rate: 1.0x
[9.999s][info][gc          ] Trigger: Average GC time (65.19 ms) is above the time for average allocation rate (1365 MB/s) to deplete free headroom (73015K) (margin of error = 1.77)
[9.999s][info][gc,ergo     ] Free headroom: 122M (free) - 52428K (spike) - 0B (penalties) = 73015K
[9.999s][info][gc,ergo     ] Free: 122M, Max: 512K regular, 122M humongous, Frag: 0% external, 0% internal; Reserve: 52736K, Max: 512K
[9.999s][info][gc,start    ] GC(25) Concurrent reset
[9.999s][info][gc,task     ] GC(25) Using 1 of 3 workers for concurrent reset
[9.999s][info][gc,ergo     ] GC(25) Pacer for Reset. Non-Taxable: 1024M
[10.000s][info][gc          ] GC(25) Concurrent reset 0.253ms
[10.000s][info][gc,start    ] GC(25) Pause Init Mark (unload classes)
[10.000s][info][gc,task     ] GC(25) Using 3 of 3 workers for init marking
[10.000s][info][gc,ergo     ] GC(25) Pacer for Mark. Expected Live: 14427K, Free: 122M, Non-Taxable: 12493K, Alloc Tax Rate: 0.1x
[10.000s][info][gc          ] GC(25) Pause Init Mark (unload classes) 0.117ms
[10.002s][info][gc,start    ] GC(25) Concurrent marking roots
[10.002s][info][gc,task     ] GC(25) Using 1 of 3 workers for concurrent marking roots
[10.002s][info][gc          ] GC(25) Concurrent marking roots 0.523ms
[10.002s][info][gc,start    ] GC(25) Concurrent marking (unload classes)
[10.002s][info][gc,task     ] GC(25) Using 1 of 3 workers for concurrent marking
[10.012s][info][gc          ] GC(25) Concurrent marking (unload classes) 9.499ms
[10.012s][info][gc,start    ] GC(25) Pause Final Mark (unload classes)
[10.012s][info][gc,task     ] GC(25) Using 3 of 3 workers for final marking
[10.012s][info][gc,ergo     ] GC(25) Adaptive CSet Selection. Target Free: 145M, Actual Free: 888M, Max CSet: 43690K, Min Garbage: 0B
[10.012s][info][gc,ergo     ] GC(25) Collectable Garbage: 835M (99%), Immediate: 731M (87%), CSet: 104M (12%)
[10.012s][info][gc,ergo     ] GC(25) Pacer for Evacuation. Used CSet: 106M, Free: 836M, Non-Taxable: 85658K, Alloc Tax Rate: 1.1x
[10.012s][info][gc          ] GC(25) Pause Final Mark (unload classes) 0.193ms
[10.012s][info][gc,start    ] GC(25) Concurrent thread roots
[10.012s][info][gc,task     ] GC(25) Using 1 of 3 workers for Concurrent thread roots
[10.013s][info][gc          ] GC(25) Concurrent thread roots 0.472ms
[10.013s][info][gc,start    ] GC(25) Concurrent weak references
[10.013s][info][gc,task     ] GC(25) Using 1 of 3 workers for concurrent weak references
[10.013s][info][gc,ref      ] GC(25) Encountered references: Soft: 164, Weak: 433, Final: 9, Phantom: 21
[10.013s][info][gc,ref      ] GC(25) Discovered  references: Soft: 0, Weak: 234, Final: 7, Phantom: 14
[10.013s][info][gc,ref      ] GC(25) Enqueued    references: Soft: 0, Weak: 0, Final: 0, Phantom: 0
[10.013s][info][gc          ] GC(25) Concurrent weak references 0.060ms
[10.013s][info][gc,start    ] GC(25) Concurrent weak roots
[10.013s][info][gc,task     ] GC(25) Using 1 of 3 workers for concurrent weak root
[10.014s][info][gc          ] GC(25) Concurrent weak roots 1.202ms
[10.014s][info][gc,start    ] GC(25) Concurrent cleanup
[10.014s][info][gc          ] GC(25) Concurrent cleanup 870M->139M(1024M) 0.097ms
[10.014s][info][gc,ergo     ] GC(25) Free: 832M, Max: 512K regular, 458M humongous, Frag: 45% external, 0% internal; Reserve: 52224K, Max: 512K
[10.014s][info][gc,start    ] GC(25) Concurrent class unloading
[10.014s][info][gc,task     ] GC(25) Using 1 of 3 workers for concurrent class unloading
[10.016s][info][gc          ] GC(25) Concurrent class unloading 1.872ms
[10.016s][info][gc,start    ] GC(25) Concurrent strong roots
[10.016s][info][gc,task     ] GC(25) Using 1 of 3 workers for concurrent strong root
[10.016s][info][gc          ] GC(25) Concurrent strong roots 0.076ms
[10.016s][info][gc,start    ] GC(25) Concurrent evacuation
[10.016s][info][gc,task     ] GC(25) Using 1 of 3 workers for concurrent evacuation
[10.018s][info][gc          ] GC(25) Concurrent evacuation 1.764ms
[10.018s][info][gc,start    ] GC(25) Pause Init Update Refs
[10.018s][info][gc,ergo     ] GC(25) Pacer for Update Refs. Used: 147M, Free: 827M, Non-Taxable: 84685K, Alloc Tax Rate: 1.1x
[10.018s][info][gc          ] GC(25) Pause Init Update Refs 0.052ms
[10.030s][info][gc,start    ] GC(25) Concurrent update references
[10.030s][info][gc,task     ] GC(25) Using 1 of 3 workers for concurrent reference update
[10.034s][info][gc          ] GC(25) Concurrent update references 4.674ms
[10.034s][info][gc,start    ] GC(25) Concurrent update thread roots
[10.035s][info][gc          ] GC(25) Concurrent update thread roots 0.575ms
[10.035s][info][gc,start    ] GC(25) Pause Final Update Refs
[10.035s][info][gc,task     ] GC(25) Using 3 of 3 workers for final reference update
[10.035s][info][gc          ] GC(25) Pause Final Update Refs 0.110ms
[10.047s][info][gc,start    ] GC(25) Concurrent cleanup
[10.047s][info][gc          ] GC(25) Concurrent cleanup 197M->91M(1024M) 0.068ms
[10.047s][info][gc,ergo     ] Free: 880M, Max: 512K regular, 779M humongous, Frag: 12% external, 0% internal; Reserve: 52736K, Max: 512K
[10.047s][info][gc,stats    ] 
[10.047s][info][gc,stats    ] All times are wall-clock times, except per-root-class counters, that are sum over
[10.047s][info][gc,stats    ] all workers. Dividing the <total> over the root stage time estimates parallelism.
[10.047s][info][gc,stats    ] 
[10.047s][info][gc,stats    ] Concurrent Reset                    270 us
[10.047s][info][gc,stats    ] Pause Init Mark (G)                1985 us
[10.047s][info][gc,stats    ] Pause Init Mark (N)                 127 us
[10.047s][info][gc,stats    ]   Update Region States               38 us
[10.047s][info][gc,stats    ] Concurrent Mark Roots               533 us, parallelism: 0.87x
[10.047s][info][gc,stats    ]   CMR: <total>                      466 us
[10.047s][info][gc,stats    ]   CMR: Thread Roots                 420 us, workers (us): 420, ---, ---, 
[10.047s][info][gc,stats    ]   CMR: VM Strong Roots                5 us, workers (us):   5, ---, ---, 
[10.047s][info][gc,stats    ]   CMR: CLDG Roots                    41 us, workers (us):  41, ---, ---, 
[10.047s][info][gc,stats    ] Concurrent Marking                 9536 us
[10.047s][info][gc,stats    ] Pause Final Mark (G)                299 us
[10.047s][info][gc,stats    ] Pause Final Mark (N)                200 us
[10.047s][info][gc,stats    ]   Finish Mark                        42 us
[10.047s][info][gc,stats    ]   Update Region States               35 us
[10.047s][info][gc,stats    ]   Choose Collection Set              70 us
[10.047s][info][gc,stats    ]   Rebuild Free Set                    8 us
[10.047s][info][gc,stats    ] Concurrent Thread Roots             482 us, parallelism: 0.90x
[10.047s][info][gc,stats    ]   CTR: <total>                      434 us
[10.047s][info][gc,stats    ]   CTR: Thread Roots                 434 us, workers (us): 434, ---, ---, 
[10.047s][info][gc,stats    ] Concurrent Weak References           67 us, parallelism: 0.21x
[10.047s][info][gc,stats    ]   CWRF: <total>                      14 us
[10.047s][info][gc,stats    ]   CWRF: Weak References              14 us, workers (us):  14, ---, ---, 
[10.047s][info][gc,stats    ] Concurrent Weak Roots              1223 us
[10.047s][info][gc,stats    ]   Roots                             448 us, parallelism: 0.96x
[10.047s][info][gc,stats    ]     CWR: <total>                    430 us
[10.047s][info][gc,stats    ]     CWR: Code Cache Roots           324 us, workers (us): 324, ---, ---, 
[10.047s][info][gc,stats    ]     CWR: VM Weak Roots              104 us, workers (us): 104, ---, ---, 
[10.047s][info][gc,stats    ]     CWR: CLDG Roots                   2 us, workers (us):   2, ---, ---, 
[10.047s][info][gc,stats    ]   Rendezvous                        739 us
[10.047s][info][gc,stats    ] Concurrent Cleanup                  105 us
[10.047s][info][gc,stats    ] Concurrent Class Unloading         1895 us
[10.047s][info][gc,stats    ]   Unlink Stale                     1388 us
[10.047s][info][gc,stats    ]     System Dictionary                 3 us
[10.047s][info][gc,stats    ]     Weak Class Links                  0 us
[10.047s][info][gc,stats    ]     Code Roots                     1384 us
[10.047s][info][gc,stats    ]   Rendezvous                        423 us
[10.047s][info][gc,stats    ]   Purge Unlinked                     45 us
[10.047s][info][gc,stats    ]     Code Roots                       41 us
[10.047s][info][gc,stats    ]     CLDG                              3 us
[10.047s][info][gc,stats    ]     Exception Caches                  0 us
[10.047s][info][gc,stats    ] Concurrent Strong Roots              84 us, parallelism: 0.55x
[10.047s][info][gc,stats    ]   CSR: <total>                       46 us
[10.047s][info][gc,stats    ]   CSR: VM Strong Roots                4 us, workers (us):   4, ---, ---, 
[10.047s][info][gc,stats    ]   CSR: CLDG Roots                    43 us, workers (us):  43, ---, ---, 
[10.047s][info][gc,stats    ] Concurrent Evacuation              1807 us
[10.047s][info][gc,stats    ] Pause Init Update Refs (G)        11992 us
[10.047s][info][gc,stats    ] Pause Init Update Refs (N)           60 us
[10.047s][info][gc,stats    ]   Manage GCLABs                       3 us
[10.047s][info][gc,stats    ] Concurrent Update Refs             4722 us
[10.047s][info][gc,stats    ] Concurrent Update Thread Roots      711 us
[10.047s][info][gc,stats    ] Pause Final Update Refs (G)       11754 us
[10.047s][info][gc,stats    ] Pause Final Update Refs (N)         130 us
[10.047s][info][gc,stats    ]   Update Region States               41 us
[10.047s][info][gc,stats    ]   Trash Collection Set                8 us
[10.047s][info][gc,stats    ]   Rebuild Free Set                   15 us
[10.047s][info][gc,stats    ] Concurrent Cleanup                   79 us
[10.047s][info][gc,stats    ] 
[10.047s][info][gc,stats    ] Allocation pacing accrued:
[10.047s][info][gc,stats    ]       0 of   594 ms (  0.0%): <total>
[10.047s][info][gc,stats    ]       0 of   594 ms (  0.0%): <average total>
[10.047s][info][gc,stats    ] 
[10.048s][info][gc,metaspace] Metaspace: 6127K(6272K)->6127K(6272K) NonClass: 5527K(5632K)->5527K(5632K) Class: 599K(640K)->599K(640K)
[10.048s][info][gc,ergo     ] Pacer for Idle. Initial: 20971K, Alloc Tax Rate: 1.0x
[10.379s][info][gc          ] Trigger: Average GC time (64.40 ms) is above the time for average allocation rate (2035 MB/s) to deplete free headroom (118M) (margin of error = 1.77)
[10.379s][info][gc,ergo     ] Free headroom: 170M (free) - 52428K (spike) - 0B (penalties) = 118M
[10.379s][info][gc,ergo     ] Free: 169M, Max: 512K regular, 100M humongous, Frag: 41% external, 0% internal; Reserve: 52736K, Max: 512K
[10.379s][info][gc,start    ] GC(26) Concurrent reset
[10.379s][info][gc,task     ] GC(26) Using 1 of 3 workers for concurrent reset
[10.379s][info][gc,ergo     ] GC(26) Pacer for Reset. Non-Taxable: 1024M
[10.379s][info][gc          ] GC(26) Concurrent reset 0.549ms
[10.379s][info][gc,start    ] GC(26) Pause Init Mark (unload classes)
[10.379s][info][gc,task     ] GC(26) Using 3 of 3 workers for init marking
[10.380s][info][gc,ergo     ] GC(26) Pacer for Mark. Expected Live: 14416K, Free: 168M, Non-Taxable: 17203K, Alloc Tax Rate: 0.1x
[10.380s][info][gc          ] GC(26) Pause Init Mark (unload classes) 0.131ms
[10.387s][info][gc,start    ] GC(26) Concurrent marking roots
[10.387s][info][gc,task     ] GC(26) Using 1 of 3 workers for concurrent marking roots
[10.388s][info][gc          ] GC(26) Concurrent marking roots 0.543ms
[10.388s][info][gc,start    ] GC(26) Concurrent marking (unload classes)
[10.388s][info][gc,task     ] GC(26) Using 1 of 3 workers for concurrent marking
[10.394s][info][gc          ] GC(26) Concurrent marking (unload classes) 6.401ms
[10.395s][info][gc,start    ] GC(26) Pause Final Mark (unload classes)
[10.395s][info][gc,task     ] GC(26) Using 3 of 3 workers for final marking
[10.395s][info][gc,ergo     ] GC(26) Collectable Garbage: 759M (96%), Immediate: 759M (96%), CSet: 0B (0%)
[10.395s][info][gc          ] GC(26) Pause Final Mark (unload classes) 0.321ms
[10.399s][info][gc,start    ] GC(26) Concurrent weak references
[10.399s][info][gc,task     ] GC(26) Using 1 of 3 workers for concurrent weak references
[10.399s][info][gc,ref      ] GC(26) Encountered references: Soft: 164, Weak: 433, Final: 9, Phantom: 21
[10.399s][info][gc,ref      ] GC(26) Discovered  references: Soft: 0, Weak: 234, Final: 7, Phantom: 14
[10.399s][info][gc,ref      ] GC(26) Enqueued    references: Soft: 0, Weak: 0, Final: 0, Phantom: 0
[10.399s][info][gc          ] GC(26) Concurrent weak references 0.107ms
[10.399s][info][gc,start    ] GC(26) Concurrent weak roots
[10.399s][info][gc,task     ] GC(26) Using 1 of 3 workers for concurrent weak root
[10.410s][info][gc          ] GC(26) Concurrent weak roots 11.667ms
[10.410s][info][gc,start    ] GC(26) Concurrent cleanup
[10.411s][info][gc          ] GC(26) Concurrent cleanup 851M->92M(1024M) 0.104ms
[10.411s][info][gc,ergo     ] GC(26) Free: 879M, Max: 512K regular, 675M humongous, Frag: 24% external, 0% internal; Reserve: 52736K, Max: 512K
[10.411s][info][gc,start    ] GC(26) Concurrent class unloading
[10.411s][info][gc,task     ] GC(26) Using 1 of 3 workers for concurrent class unloading
[10.416s][info][gc          ] GC(26) Concurrent class unloading 5.058ms
[10.416s][info][gc,start    ] GC(26) Pause Final Roots
[10.416s][info][gc          ] GC(26) Pause Final Roots 0.043ms
[10.418s][info][gc,ergo     ] Free: 865M, Max: 512K regular, 675M humongous, Frag: 22% external, 0% internal; Reserve: 52736K, Max: 512K
[10.418s][info][gc,stats    ] 
[10.418s][info][gc,stats    ] All times are wall-clock times, except per-root-class counters, that are sum over
[10.418s][info][gc,stats    ] all workers. Dividing the <total> over the root stage time estimates parallelism.
[10.418s][info][gc,stats    ] 
[10.418s][info][gc,stats    ] Concurrent Reset                    581 us
[10.418s][info][gc,stats    ] Pause Init Mark (G)                8098 us
[10.418s][info][gc,stats    ] Pause Init Mark (N)                 141 us
[10.418s][info][gc,stats    ]   Update Region States               42 us
[10.418s][info][gc,stats    ] Concurrent Mark Roots               565 us, parallelism: 0.79x
[10.418s][info][gc,stats    ]   CMR: <total>                      446 us
[10.418s][info][gc,stats    ]   CMR: Thread Roots                 394 us, workers (us): 394, ---, ---, 
[10.418s][info][gc,stats    ]   CMR: VM Strong Roots                6 us, workers (us):   6, ---, ---, 
[10.418s][info][gc,stats    ]   CMR: CLDG Roots                    46 us, workers (us):  46, ---, ---, 
[10.418s][info][gc,stats    ] Concurrent Marking                 6473 us
[10.418s][info][gc,stats    ] Pause Final Mark (G)               4212 us
[10.418s][info][gc,stats    ] Pause Final Mark (N)                344 us
[10.418s][info][gc,stats    ]   Finish Mark                        75 us
[10.418s][info][gc,stats    ]   Update Region States               62 us
[10.418s][info][gc,stats    ]   Choose Collection Set              74 us
[10.418s][info][gc,stats    ]   Rebuild Free Set                   21 us
[10.418s][info][gc,stats    ] Concurrent Weak References          122 us, parallelism: 0.06x
[10.418s][info][gc,stats    ]   CWRF: <total>                       8 us
[10.418s][info][gc,stats    ]   CWRF: Weak References               8 us, workers (us):   8, ---, ---, 
[10.418s][info][gc,stats    ] Concurrent Weak Roots             11717 us
[10.418s][info][gc,stats    ]   Roots                             425 us, parallelism: 0.95x
[10.418s][info][gc,stats    ]     CWR: <total>                    406 us
[10.418s][info][gc,stats    ]     CWR: Code Cache Roots           341 us, workers (us): 341, ---, ---, 
[10.418s][info][gc,stats    ]     CWR: VM Weak Roots               62 us, workers (us):  62, ---, ---, 
[10.418s][info][gc,stats    ]     CWR: CLDG Roots                   2 us, workers (us):   2, ---, ---, 
[10.418s][info][gc,stats    ]   Rendezvous                      11224 us
[10.418s][info][gc,stats    ] Concurrent Cleanup                  113 us
[10.418s][info][gc,stats    ] Concurrent Class Unloading         5093 us
[10.418s][info][gc,stats    ]   Unlink Stale                     1568 us
[10.418s][info][gc,stats    ]     System Dictionary                 4 us
[10.418s][info][gc,stats    ]     Weak Class Links                  0 us
[10.418s][info][gc,stats    ]     Code Roots                     1563 us
[10.418s][info][gc,stats    ]   Rendezvous                       3406 us
[10.418s][info][gc,stats    ]   Purge Unlinked                     65 us
[10.418s][info][gc,stats    ]     Code Roots                       60 us
[10.418s][info][gc,stats    ]     CLDG                              5 us
[10.418s][info][gc,stats    ]     Exception Caches                  0 us
[10.418s][info][gc,stats    ] Pause Final Roots (G)              1790 us
[10.418s][info][gc,stats    ] Pause Final Roots (N)                53 us
[10.418s][info][gc,stats    ] Pacing                            76339 us
[10.418s][info][gc,stats    ] 
[10.418s][info][gc,stats    ] Allocation pacing accrued:
[10.418s][info][gc,stats    ]      12 of   370 ms (  3.3%): Thread-6
[10.418s][info][gc,stats    ]      14 of   370 ms (  3.7%): Thread-7
[10.418s][info][gc,stats    ]      13 of   370 ms (  3.6%): Thread-8
[10.418s][info][gc,stats    ]      12 of   370 ms (  3.3%): Thread-9
[10.418s][info][gc,stats    ]      13 of   370 ms (  3.4%): Thread-10
[10.418s][info][gc,stats    ]      12 of   370 ms (  3.3%): Thread-11
[10.418s][info][gc,stats    ]      76 of   370 ms ( 20.6%): <total>
[10.418s][info][gc,stats    ]       4 of   370 ms (  1.1%): <average total>
[10.418s][info][gc,stats    ]      13 of   370 ms (  3.4%): <average non-zero>
[10.418s][info][gc,stats    ] 
[10.418s][info][gc,metaspace] Metaspace: 6127K(6272K)->6127K(6272K) NonClass: 5527K(5632K)->5527K(5632K) Class: 599K(640K)->599K(640K)
[10.418s][info][gc,ergo     ] Pacer for Idle. Initial: 20971K, Alloc Tax Rate: 1.0x
[10.789s][info][gc          ] Trigger: Explicit GC request (System.gc())
[10.789s][info][gc,ergo     ] Free: 202M, Max: 512K regular, 141M humongous, Frag: 30% external, 0% internal; Reserve: 52736K, Max: 512K
[10.789s][info][gc,start    ] GC(27) Concurrent reset
[10.789s][info][gc,task     ] GC(27) Using 1 of 3 workers for concurrent reset
[10.789s][info][gc,ergo     ] GC(27) Pacer for Reset. Non-Taxable: 1024M
[10.790s][info][gc          ] GC(27) Concurrent reset 0.574ms
[10.790s][info][gc,start    ] GC(27) Pause Init Mark (unload classes)
[10.790s][info][gc,task     ] GC(27) Using 3 of 3 workers for init marking
[10.790s][info][gc,ref      ] GC(27) Clearing All SoftReferences
[10.790s][info][gc,ergo     ] GC(27) Pacer for Mark. Expected Live: 14429K, Free: 202M, Non-Taxable: 20688K, Alloc Tax Rate: 0.1x
[10.790s][info][gc          ] GC(27) Pause Init Mark (unload classes) 0.208ms
[10.790s][info][gc,start    ] GC(27) Concurrent marking roots
[10.790s][info][gc,task     ] GC(27) Using 1 of 3 workers for concurrent marking roots
[10.791s][info][gc          ] GC(27) Concurrent marking roots 0.397ms
[10.791s][info][gc,start    ] GC(27) Concurrent marking (unload classes)
[10.791s][info][gc,task     ] GC(27) Using 1 of 3 workers for concurrent marking
[10.795s][info][gc          ] GC(27) Concurrent marking (unload classes) 4.075ms
[10.795s][info][gc,start    ] GC(27) Pause Final Mark (unload classes)
[10.795s][info][gc,task     ] GC(27) Using 3 of 3 workers for final marking
[10.795s][info][gc,ergo     ] GC(27) Collectable Garbage: 752M (99%), Immediate: 752M (99%), CSet: 0B (0%)
[10.795s][info][gc          ] GC(27) Pause Final Mark (unload classes) 0.406ms
[10.795s][info][gc,start    ] GC(27) Concurrent weak references
[10.795s][info][gc,task     ] GC(27) Using 1 of 3 workers for concurrent weak references
[10.795s][info][gc,ref      ] GC(27) Encountered references: Soft: 168, Weak: 434, Final: 9, Phantom: 20
[10.796s][info][gc,ref      ] GC(27) Discovered  references: Soft: 120, Weak: 248, Final: 7, Phantom: 16
[10.796s][info][gc,ref      ] GC(27) Enqueued    references: Soft: 41, Weak: 0, Final: 0, Phantom: 1
[10.796s][info][gc          ] GC(27) Concurrent weak references 0.251ms
[10.796s][info][gc,start    ] GC(27) Concurrent weak roots
[10.796s][info][gc,task     ] GC(27) Using 1 of 3 workers for concurrent weak root
[10.796s][info][gc          ] GC(27) Concurrent weak roots 0.605ms
[10.796s][info][gc,start    ] GC(27) Concurrent cleanup
[10.796s][info][gc          ] GC(27) Concurrent cleanup 767M->14M(1024M) 0.080ms
[10.796s][info][gc,ergo     ] GC(27) Free: 956M, Max: 512K regular, 643M humongous, Frag: 33% external, 0% internal; Reserve: 52736K, Max: 512K
[10.796s][info][gc,start    ] GC(27) Concurrent class unloading
[10.796s][info][gc,task     ] GC(27) Using 1 of 3 workers for concurrent class unloading
[10.798s][info][gc          ] GC(27) Concurrent class unloading 1.710ms
[10.798s][info][gc,start    ] GC(27) Pause Final Roots
[10.798s][info][gc          ] GC(27) Pause Final Roots 0.057ms
[10.798s][info][gc,ergo     ] Free: 956M, Max: 512K regular, 643M humongous, Frag: 33% external, 0% internal; Reserve: 52736K, Max: 512K
[10.798s][info][gc,stats    ] 
[10.798s][info][gc,stats    ] All times are wall-clock times, except per-root-class counters, that are sum over
[10.798s][info][gc,stats    ] all workers. Dividing the <total> over the root stage time estimates parallelism.
[10.798s][info][gc,stats    ] 
[10.798s][info][gc,stats    ] Concurrent Reset                    629 us
[10.798s][info][gc,stats    ] Pause Init Mark (G)                 356 us
[10.798s][info][gc,stats    ] Pause Init Mark (N)                 225 us
[10.798s][info][gc,stats    ]   Update Region States               72 us
[10.798s][info][gc,stats    ] Concurrent Mark Roots               416 us, parallelism: 0.75x
[10.798s][info][gc,stats    ]   CMR: <total>                      314 us
[10.798s][info][gc,stats    ]   CMR: Thread Roots                 272 us, workers (us): 272, ---, ---, 
[10.798s][info][gc,stats    ]   CMR: VM Strong Roots                4 us, workers (us):   4, ---, ---, 
[10.799s][info][gc,stats    ]   CMR: CLDG Roots                    38 us, workers (us):  38, ---, ---, 
[10.799s][info][gc,stats    ] Concurrent Marking                 4129 us
[10.799s][info][gc,stats    ] Pause Final Mark (G)                532 us
[10.799s][info][gc,stats    ] Pause Final Mark (N)                426 us
[10.799s][info][gc,stats    ]   Finish Mark                       132 us
[10.799s][info][gc,stats    ]   Update Region States               92 us
[10.799s][info][gc,stats    ]   Choose Collection Set              77 us
[10.799s][info][gc,stats    ]   Rebuild Free Set                   17 us
[10.799s][info][gc,stats    ] Concurrent Weak References          268 us, parallelism: 0.06x
[10.799s][info][gc,stats    ]   CWRF: <total>                      17 us
[10.799s][info][gc,stats    ]   CWRF: Weak References              17 us, workers (us):  17, ---, ---, 
[10.799s][info][gc,stats    ] Concurrent Weak Roots               624 us
[10.799s][info][gc,stats    ]   Roots                             476 us, parallelism: 0.86x
[10.799s][info][gc,stats    ]     CWR: <total>                    410 us
[10.799s][info][gc,stats    ]     CWR: Code Cache Roots           343 us, workers (us): 343, ---, ---, 
[10.799s][info][gc,stats    ]     CWR: VM Weak Roots               65 us, workers (us):  65, ---, ---, 
[10.799s][info][gc,stats    ]     CWR: CLDG Roots                   2 us, workers (us):   2, ---, ---, 
[10.799s][info][gc,stats    ]   Rendezvous                         95 us
[10.799s][info][gc,stats    ] Concurrent Cleanup                   89 us
[10.799s][info][gc,stats    ] Concurrent Class Unloading         1751 us
[10.799s][info][gc,stats    ]   Unlink Stale                     1494 us
[10.799s][info][gc,stats    ]     System Dictionary                 2 us
[10.799s][info][gc,stats    ]     Weak Class Links                  0 us
[10.799s][info][gc,stats    ]     Code Roots                     1492 us
[10.799s][info][gc,stats    ]   Rendezvous                         78 us
[10.799s][info][gc,stats    ]   Purge Unlinked                    118 us
[10.799s][info][gc,stats    ]     Code Roots                      111 us
[10.799s][info][gc,stats    ]     CLDG                              7 us
[10.799s][info][gc,stats    ]     Exception Caches                  0 us
[10.799s][info][gc,stats    ] Pause Final Roots (G)               152 us
[10.799s][info][gc,stats    ] Pause Final Roots (N)                67 us
[10.799s][info][gc,stats    ] 
[10.799s][info][gc,stats    ] Allocation pacing accrued:
[10.799s][info][gc,stats    ]       0 of   381 ms (  0.0%): <total>
[10.799s][info][gc,stats    ]       0 of   381 ms (  0.0%): <average total>
[10.799s][info][gc,stats    ] 
[10.799s][info][gc,metaspace] Metaspace: 6214K(6400K)->6215K(6400K) NonClass: 5608K(5696K)->5608K(5696K) Class: 606K(704K)->606K(704K)
[10.799s][info][gc,ergo     ] Pacer for Idle. Initial: 20971K, Alloc Tax Rate: 1.0x
[11.051s][info][gc          ] Trigger: Learning 2 of 5. Free (699M) is below initial threshold (716M)
[11.052s][info][gc,ergo     ] Free: 699M, Max: 512K regular, 388M humongous, Frag: 45% external, 0% internal; Reserve: 52736K, Max: 512K
[11.052s][info][gc,start    ] GC(28) Concurrent reset
[11.052s][info][gc,task     ] GC(28) Using 1 of 3 workers for concurrent reset
[11.052s][info][gc,ergo     ] GC(28) Pacer for Reset. Non-Taxable: 1024M
[11.052s][info][gc          ] GC(28) Concurrent reset 0.254ms
[11.052s][info][gc,start    ] GC(28) Pause Init Mark (unload classes)
[11.052s][info][gc,task     ] GC(28) Using 3 of 3 workers for init marking
[11.052s][info][gc,ergo     ] GC(28) Pacer for Mark. Expected Live: 13802K, Free: 699M, Non-Taxable: 71578K, Alloc Tax Rate: 0.0x
[11.052s][info][gc          ] GC(28) Pause Init Mark (unload classes) 0.178ms
[11.052s][info][gc,start    ] GC(28) Concurrent marking roots
[11.052s][info][gc,task     ] GC(28) Using 1 of 3 workers for concurrent marking roots
[11.053s][info][gc          ] GC(28) Concurrent marking roots 0.765ms
[11.053s][info][gc,start    ] GC(28) Concurrent marking (unload classes)
[11.053s][info][gc,task     ] GC(28) Using 1 of 3 workers for concurrent marking
[11.058s][info][gc          ] GC(28) Concurrent marking (unload classes) 5.221ms
[11.058s][info][gc,start    ] GC(28) Pause Final Mark (unload classes)
[11.058s][info][gc,task     ] GC(28) Using 3 of 3 workers for final marking
[11.059s][info][gc,ergo     ] GC(28) Adaptive CSet Selection. Target Free: 145M, Actual Free: 975M, Max CSet: 43690K, Min Garbage: 0B
[11.059s][info][gc,ergo     ] GC(28) Collectable Garbage: 258M (99%), Immediate: 224M (86%), CSet: 34668K (13%)
[11.059s][info][gc,ergo     ] GC(28) Pacer for Evacuation. Used CSet: 38912K, Free: 923M, Non-Taxable: 94566K, Alloc Tax Rate: 1.1x
[11.059s][info][gc          ] GC(28) Pause Final Mark (unload classes) 0.481ms
[11.059s][info][gc,start    ] GC(28) Concurrent thread roots
[11.059s][info][gc,task     ] GC(28) Using 1 of 3 workers for Concurrent thread roots
[11.060s][info][gc          ] GC(28) Concurrent thread roots 0.633ms
[11.060s][info][gc,start    ] GC(28) Concurrent weak references
[11.060s][info][gc,task     ] GC(28) Using 1 of 3 workers for concurrent weak references
[11.060s][info][gc,ref      ] GC(28) Encountered references: Soft: 132, Weak: 434, Final: 9, Phantom: 21
[11.060s][info][gc,ref      ] GC(28) Discovered  references: Soft: 0, Weak: 234, Final: 7, Phantom: 14
[11.060s][info][gc,ref      ] GC(28) Enqueued    references: Soft: 0, Weak: 0, Final: 0, Phantom: 0
[11.060s][info][gc          ] GC(28) Concurrent weak references 0.103ms
[11.060s][info][gc,start    ] GC(28) Concurrent weak roots
[11.060s][info][gc,task     ] GC(28) Using 1 of 3 workers for concurrent weak root
[11.060s][info][gc          ] GC(28) Concurrent weak roots 0.571ms
[11.060s][info][gc,start    ] GC(28) Concurrent cleanup
[11.060s][info][gc          ] GC(28) Concurrent cleanup 272M->48M(1024M) 0.042ms
[11.060s][info][gc,ergo     ] GC(28) Free: 923M, Max: 512K regular, 388M humongous, Frag: 58% external, 0% internal; Reserve: 52336K, Max: 512K
[11.060s][info][gc,start    ] GC(28) Concurrent class unloading
[11.060s][info][gc,task     ] GC(28) Using 1 of 3 workers for concurrent class unloading
[11.062s][info][gc          ] GC(28) Concurrent class unloading 1.660ms
[11.062s][info][gc,start    ] GC(28) Concurrent strong roots
[11.062s][info][gc,task     ] GC(28) Using 1 of 3 workers for concurrent strong root
[11.062s][info][gc          ] GC(28) Concurrent strong roots 0.141ms
[11.062s][info][gc,start    ] GC(28) Concurrent evacuation
[11.062s][info][gc,task     ] GC(28) Using 1 of 3 workers for concurrent evacuation
[11.064s][info][gc          ] GC(28) Concurrent evacuation 1.885ms
[11.064s][info][gc,start    ] GC(28) Pause Init Update Refs
[11.064s][info][gc,ergo     ] GC(28) Pacer for Update Refs. Used: 53755K, Free: 923M, Non-Taxable: 94566K, Alloc Tax Rate: 1.1x
[11.064s][info][gc          ] GC(28) Pause Init Update Refs 0.089ms
[11.064s][info][gc,start    ] GC(28) Concurrent update references
[11.065s][info][gc,task     ] GC(28) Using 1 of 3 workers for concurrent reference update
[11.068s][info][gc          ] GC(28) Concurrent update references 3.100ms
[11.068s][info][gc,start    ] GC(28) Concurrent update thread roots
[11.077s][info][gc          ] GC(28) Concurrent update thread roots 9.503ms
[11.077s][info][gc,start    ] GC(28) Pause Final Update Refs
[11.077s][info][gc,task     ] GC(28) Using 3 of 3 workers for final reference update
[11.077s][info][gc          ] GC(28) Pause Final Update Refs 0.107ms
[11.079s][info][gc,start    ] GC(28) Concurrent cleanup
[11.079s][info][gc          ] GC(28) Concurrent cleanup 72M->36M(1024M) 0.044ms
[11.079s][info][gc,ergo     ] Free: 934M, Max: 512K regular, 625M humongous, Frag: 34% external, 0% internal; Reserve: 52736K, Max: 512K
[11.079s][info][gc,stats    ] 
[11.079s][info][gc,stats    ] All times are wall-clock times, except per-root-class counters, that are sum over
[11.079s][info][gc,stats    ] all workers. Dividing the <total> over the root stage time estimates parallelism.
[11.079s][info][gc,stats    ] 
[11.079s][info][gc,stats    ] Concurrent Reset                    342 us
[11.079s][info][gc,stats    ] Pause Init Mark (G)                 321 us
[11.079s][info][gc,stats    ] Pause Init Mark (N)                 188 us
[11.079s][info][gc,stats    ]   Update Region States               84 us
[11.079s][info][gc,stats    ] Concurrent Mark Roots               786 us, parallelism: 0.80x
[11.079s][info][gc,stats    ]   CMR: <total>                      631 us
[11.079s][info][gc,stats    ]   CMR: Thread Roots                 580 us, workers (us): 580, ---, ---, 
[11.079s][info][gc,stats    ]   CMR: VM Strong Roots                4 us, workers (us):   4, ---, ---, 
[11.079s][info][gc,stats    ]   CMR: CLDG Roots                    47 us, workers (us):  47, ---, ---, 
[11.079s][info][gc,stats    ] Concurrent Marking                 5293 us
[11.079s][info][gc,stats    ] Pause Final Mark (G)                619 us
[11.079s][info][gc,stats    ] Pause Final Mark (N)                502 us
[11.079s][info][gc,stats    ]   Finish Mark                       149 us
[11.079s][info][gc,stats    ]   Update Region States               73 us
[11.079s][info][gc,stats    ]   Choose Collection Set             125 us
[11.079s][info][gc,stats    ]   Rebuild Free Set                   22 us
[11.079s][info][gc,stats    ] Concurrent Thread Roots             653 us, parallelism: 0.80x
[11.079s][info][gc,stats    ]   CTR: <total>                      521 us
[11.079s][info][gc,stats    ]   CTR: Thread Roots                 521 us, workers (us): 521, ---, ---, 
[11.079s][info][gc,stats    ] Concurrent Weak References          111 us, parallelism: 0.09x
[11.079s][info][gc,stats    ]   CWRF: <total>                      10 us
[11.079s][info][gc,stats    ]   CWRF: Weak References              10 us, workers (us):  10, ---, ---, 
[11.079s][info][gc,stats    ] Concurrent Weak Roots               591 us
[11.079s][info][gc,stats    ]   Roots                             466 us, parallelism: 0.89x
[11.079s][info][gc,stats    ]     CWR: <total>                    416 us
[11.079s][info][gc,stats    ]     CWR: Code Cache Roots           312 us, workers (us): 312, ---, ---, 
[11.079s][info][gc,stats    ]     CWR: VM Weak Roots              101 us, workers (us): 101, ---, ---, 
[11.079s][info][gc,stats    ]     CWR: CLDG Roots                   3 us, workers (us):   3, ---, ---, 
[11.079s][info][gc,stats    ]   Rendezvous                         89 us
[11.079s][info][gc,stats    ] Concurrent Cleanup                   51 us
[11.079s][info][gc,stats    ] Concurrent Class Unloading         1694 us
[11.079s][info][gc,stats    ]   Unlink Stale                     1414 us
[11.079s][info][gc,stats    ]     System Dictionary                 2 us
[11.079s][info][gc,stats    ]     Weak Class Links                  0 us
[11.079s][info][gc,stats    ]     Code Roots                     1411 us
[11.079s][info][gc,stats    ]   Rendezvous                        117 us
[11.079s][info][gc,stats    ]   Purge Unlinked                    112 us
[11.079s][info][gc,stats    ]     Code Roots                      105 us
[11.079s][info][gc,stats    ]     CLDG                              6 us
[11.079s][info][gc,stats    ]     Exception Caches                  0 us
[11.079s][info][gc,stats    ] Concurrent Strong Roots             159 us, parallelism: 0.47x
[11.079s][info][gc,stats    ]   CSR: <total>                       75 us
[11.079s][info][gc,stats    ]   CSR: VM Strong Roots                5 us, workers (us):   5, ---, ---, 
[11.079s][info][gc,stats    ]   CSR: CLDG Roots                    70 us, workers (us):  70, ---, ---, 
[11.079s][info][gc,stats    ] Concurrent Evacuation              1954 us
[11.079s][info][gc,stats    ] Pause Init Update Refs (G)          246 us
[11.079s][info][gc,stats    ] Pause Init Update Refs (N)          110 us
[11.079s][info][gc,stats    ]   Manage GCLABs                       4 us
[11.079s][info][gc,stats    ] Concurrent Update Refs             3172 us
[11.079s][info][gc,stats    ] Concurrent Update Thread Roots     9582 us
[11.079s][info][gc,stats    ] Pause Final Update Refs (G)        1454 us
[11.079s][info][gc,stats    ] Pause Final Update Refs (N)         146 us
[11.079s][info][gc,stats    ]   Update Region States               43 us
[11.079s][info][gc,stats    ]   Trash Collection Set                5 us
[11.079s][info][gc,stats    ]   Rebuild Free Set                   18 us
[11.079s][info][gc,stats    ] Concurrent Cleanup                   55 us
[11.079s][info][gc,stats    ] Pacing                           823146 us
[11.079s][info][gc,stats    ] 
[11.079s][info][gc,stats    ] Allocation pacing accrued:
[11.079s][info][gc,stats    ]     137 of   280 ms ( 48.8%): Thread-18
[11.079s][info][gc,stats    ]     134 of   280 ms ( 47.9%): Thread-19
[11.079s][info][gc,stats    ]     135 of   280 ms ( 48.0%): Thread-20
[11.079s][info][gc,stats    ]     146 of   280 ms ( 52.2%): Thread-21
[11.079s][info][gc,stats    ]     140 of   280 ms ( 50.1%): Thread-22
[11.079s][info][gc,stats    ]     131 of   280 ms ( 46.7%): Thread-23
[11.079s][info][gc,stats    ]     823 of   280 ms (293.7%): <total>
[11.079s][info][gc,stats    ]      41 of   280 ms ( 14.7%): <average total>
[11.079s][info][gc,stats    ]     137 of   280 ms ( 49.0%): <average non-zero>
[11.079s][info][gc,stats    ] 
[11.079s][info][gc,metaspace] Metaspace: 6220K(6400K)->6220K(6400K) NonClass: 5614K(5696K)->5614K(5696K) Class: 606K(704K)->606K(704K)
[11.079s][info][gc,ergo     ] Pacer for Idle. Initial: 20971K, Alloc Tax Rate: 1.0x
[11.177s][info][gc          ] Trigger: Learning 3 of 5. Free (687M) is below initial threshold (716M)
[11.177s][info][gc,ergo     ] Free: 687M, Max: 512K regular, 383M humongous, Frag: 45% external, 0% internal; Reserve: 52736K, Max: 512K
[11.178s][info][gc,start    ] GC(29) Concurrent reset
[11.178s][info][gc,task     ] GC(29) Using 1 of 3 workers for concurrent reset
[11.178s][info][gc,ergo     ] GC(29) Pacer for Reset. Non-Taxable: 1024M
[11.178s][info][gc          ] GC(29) Concurrent reset 0.231ms
[11.178s][info][gc,start    ] GC(29) Pause Init Mark (unload classes)
[11.178s][info][gc,task     ] GC(29) Using 3 of 3 workers for init marking
[11.178s][info][gc,ergo     ] GC(29) Pacer for Mark. Expected Live: 13745K, Free: 687M, Non-Taxable: 70349K, Alloc Tax Rate: 0.0x
[11.178s][info][gc          ] GC(29) Pause Init Mark (unload classes) 0.108ms
[11.180s][info][gc,start    ] GC(29) Concurrent marking roots
[11.180s][info][gc,task     ] GC(29) Using 1 of 3 workers for concurrent marking roots
[11.180s][info][gc          ] GC(29) Concurrent marking roots 0.594ms
[11.180s][info][gc,start    ] GC(29) Concurrent marking (unload classes)
[11.180s][info][gc,task     ] GC(29) Using 1 of 3 workers for concurrent marking
[11.193s][info][gc          ] GC(29) Concurrent marking (unload classes) 13.129ms
[11.194s][info][gc,start    ] GC(29) Pause Final Mark (unload classes)
[11.194s][info][gc,task     ] GC(29) Using 3 of 3 workers for final marking
[11.194s][info][gc,ergo     ] GC(29) Adaptive CSet Selection. Target Free: 145M, Actual Free: 911M, Max CSet: 43690K, Min Garbage: 0B
[11.194s][info][gc,ergo     ] GC(29) Collectable Garbage: 270M (99%), Immediate: 210M (77%), CSet: 60579K (21%)
[11.194s][info][gc,ergo     ] GC(29) Pacer for Evacuation. Used CSet: 63488K, Free: 860M, Non-Taxable: 88065K, Alloc Tax Rate: 1.1x
[11.194s][info][gc          ] GC(29) Pause Final Mark (unload classes) 0.233ms
[11.198s][info][gc,start    ] GC(29) Concurrent thread roots
[11.198s][info][gc,task     ] GC(29) Using 1 of 3 workers for Concurrent thread roots
[11.198s][info][gc          ] GC(29) Concurrent thread roots 0.490ms
[11.198s][info][gc,start    ] GC(29) Concurrent weak references
[11.198s][info][gc,task     ] GC(29) Using 1 of 3 workers for concurrent weak references
[11.198s][info][gc,ref      ] GC(29) Encountered references: Soft: 132, Weak: 434, Final: 9, Phantom: 21
[11.198s][info][gc,ref      ] GC(29) Discovered  references: Soft: 0, Weak: 234, Final: 7, Phantom: 14
[11.198s][info][gc,ref      ] GC(29) Enqueued    references: Soft: 0, Weak: 0, Final: 0, Phantom: 0
[11.198s][info][gc          ] GC(29) Concurrent weak references 0.060ms
[11.198s][info][gc,start    ] GC(29) Concurrent weak roots
[11.198s][info][gc,task     ] GC(29) Using 1 of 3 workers for concurrent weak root
[11.207s][info][gc          ] GC(29) Concurrent weak roots 9.287ms
[11.208s][info][gc,start    ] GC(29) Concurrent cleanup
[11.208s][info][gc          ] GC(29) Concurrent cleanup 352M->141M(1024M) 0.053ms
[11.208s][info][gc,ergo     ] GC(29) Free: 830M, Max: 512K regular, 315M humongous, Frag: 63% external, 0% internal; Reserve: 51901K, Max: 512K
[11.208s][info][gc,start    ] GC(29) Concurrent class unloading
[11.208s][info][gc,task     ] GC(29) Using 1 of 3 workers for concurrent class unloading
[11.210s][info][gc          ] GC(29) Concurrent class unloading 1.906ms
[11.210s][info][gc,start    ] GC(29) Concurrent strong roots
[11.210s][info][gc,task     ] GC(29) Using 1 of 3 workers for concurrent strong root
[11.210s][info][gc          ] GC(29) Concurrent strong roots 0.092ms
[11.210s][info][gc,start    ] GC(29) Concurrent evacuation
[11.210s][info][gc,task     ] GC(29) Using 1 of 3 workers for concurrent evacuation
[11.211s][info][gc          ] GC(29) Concurrent evacuation 1.589ms
[11.211s][info][gc,start    ] GC(29) Pause Init Update Refs
[11.211s][info][gc,ergo     ] GC(29) Pacer for Update Refs. Used: 151M, Free: 823M, Non-Taxable: 84280K, Alloc Tax Rate: 1.1x
[11.211s][info][gc          ] GC(29) Pause Init Update Refs 0.065ms
[11.212s][info][gc,start    ] GC(29) Concurrent update references
[11.212s][info][gc,task     ] GC(29) Using 1 of 3 workers for concurrent reference update
[11.220s][info][gc          ] GC(29) Concurrent update references 7.769ms
[11.220s][info][gc,start    ] GC(29) Concurrent update thread roots
[11.225s][info][gc          ] GC(29) Concurrent update thread roots 4.319ms
[11.225s][info][gc,start    ] GC(29) Pause Final Update Refs
[11.225s][info][gc,task     ] GC(29) Using 3 of 3 workers for final reference update
[11.225s][info][gc          ] GC(29) Pause Final Update Refs 0.112ms
[11.230s][info][gc,start    ] GC(29) Concurrent cleanup
[11.230s][info][gc          ] GC(29) Concurrent cleanup 186M->124M(1024M) 0.041ms
[11.230s][info][gc,ergo     ] Free: 846M, Max: 512K regular, 315M humongous, Frag: 63% external, 0% internal; Reserve: 52736K, Max: 512K
[11.230s][info][gc,stats    ] 
[11.230s][info][gc,stats    ] All times are wall-clock times, except per-root-class counters, that are sum over
[11.230s][info][gc,stats    ] all workers. Dividing the <total> over the root stage time estimates parallelism.
[11.230s][info][gc,stats    ] 
[11.230s][info][gc,stats    ] Concurrent Reset                    244 us
[11.230s][info][gc,stats    ] Pause Init Mark (G)                1921 us
[11.230s][info][gc,stats    ] Pause Init Mark (N)                 121 us
[11.230s][info][gc,stats    ]   Update Region States               25 us
[11.230s][info][gc,stats    ] Concurrent Mark Roots               604 us, parallelism: 0.83x
[11.230s][info][gc,stats    ]   CMR: <total>                      502 us
[11.230s][info][gc,stats    ]   CMR: Thread Roots                 446 us, workers (us): 446, ---, ---, 
[11.230s][info][gc,stats    ]   CMR: VM Strong Roots                7 us, workers (us):   7, ---, ---, 
[11.230s][info][gc,stats    ]   CMR: CLDG Roots                    50 us, workers (us):  50, ---, ---, 
[11.230s][info][gc,stats    ] Concurrent Marking                13188 us
[11.230s][info][gc,stats    ] Pause Final Mark (G)               4119 us
[11.230s][info][gc,stats    ] Pause Final Mark (N)                242 us
[11.230s][info][gc,stats    ]   Finish Mark                        48 us
[11.230s][info][gc,stats    ]   Update Region States               37 us
[11.230s][info][gc,stats    ]   Choose Collection Set              88 us
[11.230s][info][gc,stats    ]   Rebuild Free Set                    8 us
[11.230s][info][gc,stats    ] Concurrent Thread Roots             502 us, parallelism: 0.89x
[11.230s][info][gc,stats    ]   CTR: <total>                      445 us
[11.230s][info][gc,stats    ]   CTR: Thread Roots                 445 us, workers (us): 445, ---, ---, 
[11.230s][info][gc,stats    ] Concurrent Weak References           67 us, parallelism: 0.17x
[11.230s][info][gc,stats    ]   CWRF: <total>                      12 us
[11.230s][info][gc,stats    ]   CWRF: Weak References              12 us, workers (us):  12, ---, ---, 
[11.231s][info][gc,stats    ] Concurrent Weak Roots              9337 us
[11.231s][info][gc,stats    ]   Roots                             496 us, parallelism: 0.96x
[11.231s][info][gc,stats    ]     CWR: <total>                    478 us
[11.231s][info][gc,stats    ]     CWR: Code Cache Roots           371 us, workers (us): 371, ---, ---, 
[11.231s][info][gc,stats    ]     CWR: VM Weak Roots              105 us, workers (us): 105, ---, ---, 
[11.231s][info][gc,stats    ]     CWR: CLDG Roots                   2 us, workers (us):   2, ---, ---, 
[11.231s][info][gc,stats    ]   Rendezvous                       8770 us
[11.231s][info][gc,stats    ] Concurrent Cleanup                   63 us
[11.231s][info][gc,stats    ] Concurrent Class Unloading         1935 us
[11.231s][info][gc,stats    ]   Unlink Stale                     1673 us
[11.231s][info][gc,stats    ]     System Dictionary                 5 us
[11.231s][info][gc,stats    ]     Weak Class Links                  0 us
[11.231s][info][gc,stats    ]     Code Roots                     1667 us
[11.231s][info][gc,stats    ]   Rendezvous                        163 us
[11.231s][info][gc,stats    ]   Purge Unlinked                     51 us
[11.231s][info][gc,stats    ]     Code Roots                       47 us
[11.231s][info][gc,stats    ]     CLDG                              4 us
[11.231s][info][gc,stats    ]     Exception Caches                  0 us
[11.231s][info][gc,stats    ] Concurrent Strong Roots             100 us, parallelism: 0.60x
[11.231s][info][gc,stats    ]   CSR: <total>                       60 us
[11.231s][info][gc,stats    ]   CSR: VM Strong Roots                5 us, workers (us):   5, ---, ---, 
[11.231s][info][gc,stats    ]   CSR: CLDG Roots                    55 us, workers (us):  55, ---, ---, 
[11.231s][info][gc,stats    ] Concurrent Evacuation              1634 us
[11.231s][info][gc,stats    ] Pause Init Update Refs (G)         1125 us
[11.231s][info][gc,stats    ] Pause Init Update Refs (N)           75 us
[11.231s][info][gc,stats    ]   Manage GCLABs                       4 us
[11.231s][info][gc,stats    ] Concurrent Update Refs             7811 us
[11.231s][info][gc,stats    ] Concurrent Update Thread Roots     4347 us
[11.231s][info][gc,stats    ] Pause Final Update Refs (G)        5641 us
[11.231s][info][gc,stats    ] Pause Final Update Refs (N)         130 us
[11.231s][info][gc,stats    ]   Update Region States               42 us
[11.231s][info][gc,stats    ]   Trash Collection Set                4 us
[11.231s][info][gc,stats    ]   Rebuild Free Set                   15 us
[11.231s][info][gc,stats    ] Concurrent Cleanup                   53 us
[11.231s][info][gc,stats    ] 
[11.231s][info][gc,stats    ] Allocation pacing accrued:
[11.231s][info][gc,stats    ]       0 of   152 ms (  0.0%): <total>
[11.231s][info][gc,stats    ]       0 of   152 ms (  0.0%): <average total>
[11.231s][info][gc,stats    ] 
[11.231s][info][gc,metaspace] Metaspace: 6220K(6400K)->6220K(6400K) NonClass: 5614K(5696K)->5614K(5696K) Class: 606K(704K)->606K(704K)
[11.231s][info][gc,ergo     ] Pacer for Idle. Initial: 20971K, Alloc Tax Rate: 1.0x
[11.288s][info][gc          ] Trigger: Learning 4 of 5. Free (707M) is below initial threshold (716M)
[11.288s][info][gc,ergo     ] Free: 707M, Max: 512K regular, 315M humongous, Frag: 56% external, 0% internal; Reserve: 52736K, Max: 512K
[11.288s][info][gc,start    ] GC(30) Concurrent reset
[11.288s][info][gc,task     ] GC(30) Using 1 of 3 workers for concurrent reset
[11.288s][info][gc,ergo     ] GC(30) Pacer for Reset. Non-Taxable: 1024M
[11.289s][info][gc          ] GC(30) Concurrent reset 0.325ms
[11.289s][info][gc,start    ] GC(30) Pause Init Mark (unload classes)
[11.289s][info][gc,task     ] GC(30) Using 3 of 3 workers for init marking
[11.289s][info][gc,ergo     ] GC(30) Pacer for Mark. Expected Live: 13707K, Free: 706M, Non-Taxable: 72351K, Alloc Tax Rate: 0.0x
[11.289s][info][gc          ] GC(30) Pause Init Mark (unload classes) 0.130ms
[11.291s][info][gc,start    ] GC(30) Concurrent marking roots
[11.291s][info][gc,task     ] GC(30) Using 1 of 3 workers for concurrent marking roots
[11.291s][info][gc          ] GC(30) Concurrent marking roots 0.547ms
[11.291s][info][gc,start    ] GC(30) Concurrent marking (unload classes)
[11.291s][info][gc,task     ] GC(30) Using 1 of 3 workers for concurrent marking
[11.299s][info][gc          ] GC(30) Concurrent marking (unload classes) 7.436ms
[11.299s][info][gc,start    ] GC(30) Pause Final Mark (unload classes)
[11.299s][info][gc,task     ] GC(30) Using 3 of 3 workers for final marking
[11.299s][info][gc,ergo     ] GC(30) Adaptive CSet Selection. Target Free: 145M, Actual Free: 854M, Max CSet: 43690K, Min Garbage: 0B
[11.299s][info][gc,ergo     ] GC(30) Collectable Garbage: 250M (99%), Immediate: 120M (47%), CSet: 130M (52%)
[11.299s][info][gc,ergo     ] GC(30) Pacer for Evacuation. Used CSet: 133M, Free: 803M, Non-Taxable: 82232K, Alloc Tax Rate: 1.1x
[11.299s][info][gc          ] GC(30) Pause Final Mark (unload classes) 0.204ms
[11.300s][info][gc,start    ] GC(30) Concurrent thread roots
[11.300s][info][gc,task     ] GC(30) Using 1 of 3 workers for Concurrent thread roots
[11.301s][info][gc          ] GC(30) Concurrent thread roots 0.474ms
[11.301s][info][gc,start    ] GC(30) Concurrent weak references
[11.301s][info][gc,task     ] GC(30) Using 1 of 3 workers for concurrent weak references
[11.301s][info][gc,ref      ] GC(30) Encountered references: Soft: 132, Weak: 434, Final: 9, Phantom: 21
[11.301s][info][gc,ref      ] GC(30) Discovered  references: Soft: 0, Weak: 234, Final: 7, Phantom: 14
[11.301s][info][gc,ref      ] GC(30) Enqueued    references: Soft: 0, Weak: 0, Final: 0, Phantom: 0
[11.301s][info][gc          ] GC(30) Concurrent weak references 0.060ms
[11.301s][info][gc,start    ] GC(30) Concurrent weak roots
[11.301s][info][gc,task     ] GC(30) Using 1 of 3 workers for concurrent weak root
[11.304s][info][gc          ] GC(30) Concurrent weak roots 3.285ms
[11.304s][info][gc,start    ] GC(30) Concurrent cleanup
[11.304s][info][gc          ] GC(30) Concurrent cleanup 299M->179M(1024M) 0.050ms
[11.304s][info][gc,ergo     ] GC(30) Free: 792M, Max: 512K regular, 436M humongous, Frag: 45% external, 0% internal; Reserve: 52226K, Max: 512K
[11.304s][info][gc,start    ] GC(30) Concurrent class unloading
[11.304s][info][gc,task     ] GC(30) Using 1 of 3 workers for concurrent class unloading
[11.307s][info][gc          ] GC(30) Concurrent class unloading 2.893ms
[11.307s][info][gc,start    ] GC(30) Concurrent strong roots
[11.307s][info][gc,task     ] GC(30) Using 1 of 3 workers for concurrent strong root
[11.307s][info][gc          ] GC(30) Concurrent strong roots 0.084ms
[11.307s][info][gc,start    ] GC(30) Concurrent evacuation
[11.307s][info][gc,task     ] GC(30) Using 1 of 3 workers for concurrent evacuation
[11.309s][info][gc          ] GC(30) Concurrent evacuation 2.050ms
[11.309s][info][gc,start    ] GC(30) Pause Init Update Refs
[11.309s][info][gc,ergo     ] GC(30) Pacer for Update Refs. Used: 192M, Free: 782M, Non-Taxable: 80085K, Alloc Tax Rate: 1.1x
[11.309s][info][gc          ] GC(30) Pause Init Update Refs 0.050ms
[11.315s][info][gc,start    ] GC(30) Concurrent update references
[11.315s][info][gc,task     ] GC(30) Using 1 of 3 workers for concurrent reference update
[11.321s][info][gc          ] GC(30) Concurrent update references 5.818ms
[11.321s][info][gc,start    ] GC(30) Concurrent update thread roots
[11.322s][info][gc          ] GC(30) Concurrent update thread roots 0.593ms
[11.322s][info][gc,start    ] GC(30) Pause Final Update Refs
[11.322s][info][gc,task     ] GC(30) Using 3 of 3 workers for final reference update
[11.322s][info][gc          ] GC(30) Pause Final Update Refs 0.081ms
[11.323s][info][gc,start    ] GC(30) Concurrent cleanup
[11.324s][info][gc          ] GC(30) Concurrent cleanup 215M->87M(1024M) 0.071ms
[11.324s][info][gc,ergo     ] Free: 883M, Max: 512K regular, 436M humongous, Frag: 51% external, 0% internal; Reserve: 52736K, Max: 512K
[11.324s][info][gc,stats    ] 
[11.324s][info][gc,stats    ] All times are wall-clock times, except per-root-class counters, that are sum over
[11.324s][info][gc,stats    ] all workers. Dividing the <total> over the root stage time estimates parallelism.
[11.324s][info][gc,stats    ] 
[11.324s][info][gc,stats    ] Concurrent Reset                    343 us
[11.324s][info][gc,stats    ] Pause Init Mark (G)                2059 us
[11.324s][info][gc,stats    ] Pause Init Mark (N)                 140 us
[11.324s][info][gc,stats    ]   Update Region States               39 us
[11.324s][info][gc,stats    ] Concurrent Mark Roots               558 us, parallelism: 0.86x
[11.324s][info][gc,stats    ]   CMR: <total>                      479 us
[11.324s][info][gc,stats    ]   CMR: Thread Roots                 428 us, workers (us): 428, ---, ---, 
[11.324s][info][gc,stats    ]   CMR: VM Strong Roots                5 us, workers (us):   5, ---, ---, 
[11.324s][info][gc,stats    ]   CMR: CLDG Roots                    45 us, workers (us):  45, ---, ---, 
[11.324s][info][gc,stats    ] Concurrent Marking                 7483 us
[11.324s][info][gc,stats    ] Pause Final Mark (G)               1272 us
[11.324s][info][gc,stats    ] Pause Final Mark (N)                212 us
[11.324s][info][gc,stats    ]   Finish Mark                        42 us
[11.324s][info][gc,stats    ]   Update Region States               33 us
[11.324s][info][gc,stats    ]   Choose Collection Set              73 us
[11.324s][info][gc,stats    ]   Rebuild Free Set                    8 us
[11.324s][info][gc,stats    ] Concurrent Thread Roots             484 us, parallelism: 0.89x
[11.324s][info][gc,stats    ]   CTR: <total>                      430 us
[11.324s][info][gc,stats    ]   CTR: Thread Roots                 430 us, workers (us): 430, ---, ---, 
[11.324s][info][gc,stats    ] Concurrent Weak References           67 us, parallelism: 0.17x
[11.324s][info][gc,stats    ]   CWRF: <total>                      11 us
[11.324s][info][gc,stats    ]   CWRF: Weak References              11 us, workers (us):  11, ---, ---, 
[11.324s][info][gc,stats    ] Concurrent Weak Roots              3308 us
[11.324s][info][gc,stats    ]   Roots                             501 us, parallelism: 0.96x
[11.324s][info][gc,stats    ]     CWR: <total>                    483 us
[11.324s][info][gc,stats    ]     CWR: Code Cache Roots           371 us, workers (us): 371, ---, ---, 
[11.324s][info][gc,stats    ]     CWR: VM Weak Roots              110 us, workers (us): 110, ---, ---, 
[11.324s][info][gc,stats    ]     CWR: CLDG Roots                   2 us, workers (us):   2, ---, ---, 
[11.324s][info][gc,stats    ]   Rendezvous                       2768 us
[11.324s][info][gc,stats    ] Concurrent Cleanup                   60 us
[11.324s][info][gc,stats    ] Concurrent Class Unloading         2920 us
[11.324s][info][gc,stats    ]   Unlink Stale                     1514 us
[11.324s][info][gc,stats    ]     System Dictionary                 3 us
[11.324s][info][gc,stats    ]     Weak Class Links                  0 us
[11.324s][info][gc,stats    ]     Code Roots                     1510 us
[11.324s][info][gc,stats    ]   Rendezvous                       1300 us
[11.324s][info][gc,stats    ]   Purge Unlinked                     60 us
[11.324s][info][gc,stats    ]     Code Roots                       56 us
[11.324s][info][gc,stats    ]     CLDG                              4 us
[11.324s][info][gc,stats    ]     Exception Caches                  0 us
[11.324s][info][gc,stats    ] Concurrent Strong Roots              94 us, parallelism: 0.55x
[11.324s][info][gc,stats    ]   CSR: <total>                       52 us
[11.324s][info][gc,stats    ]   CSR: VM Strong Roots                5 us, workers (us):   5, ---, ---, 
[11.324s][info][gc,stats    ]   CSR: CLDG Roots                    47 us, workers (us):  47, ---, ---, 
[11.324s][info][gc,stats    ] Concurrent Evacuation              2095 us
[11.324s][info][gc,stats    ] Pause Init Update Refs (G)         5964 us
[11.324s][info][gc,stats    ] Pause Init Update Refs (N)           59 us
[11.324s][info][gc,stats    ]   Manage GCLABs                       2 us
[11.324s][info][gc,stats    ] Concurrent Update Refs             5868 us
[11.324s][info][gc,stats    ] Concurrent Update Thread Roots      611 us
[11.324s][info][gc,stats    ] Pause Final Update Refs (G)        1926 us
[11.324s][info][gc,stats    ] Pause Final Update Refs (N)         116 us
[11.324s][info][gc,stats    ]   Update Region States               38 us
[11.324s][info][gc,stats    ]   Trash Collection Set                6 us
[11.324s][info][gc,stats    ]   Rebuild Free Set                   14 us
[11.324s][info][gc,stats    ] Concurrent Cleanup                   80 us
[11.324s][info][gc,stats    ] Pacing                            38387 us
[11.324s][info][gc,stats    ] 
[11.324s][info][gc,stats    ] Allocation pacing accrued:
[11.324s][info][gc,stats    ]       2 of    93 ms (  1.6%): Thread-18
[11.324s][info][gc,stats    ]      17 of    93 ms ( 18.1%): Thread-19
[11.324s][info][gc,stats    ]       1 of    93 ms (  1.5%): Thread-20
[11.324s][info][gc,stats    ]      16 of    93 ms ( 17.6%): Thread-21
[11.324s][info][gc,stats    ]       1 of    93 ms (  1.3%): Thread-22
[11.324s][info][gc,stats    ]       1 of    93 ms (  1.1%): Thread-23
[11.324s][info][gc,stats    ]      38 of    93 ms ( 41.1%): <total>
[11.324s][info][gc,stats    ]       2 of    93 ms (  2.1%): <average total>
[11.324s][info][gc,stats    ]       6 of    93 ms (  6.9%): <average non-zero>
[11.324s][info][gc,stats    ] 
[11.324s][info][gc,metaspace] Metaspace: 6220K(6400K)->6220K(6400K) NonClass: 5614K(5696K)->5614K(5696K) Class: 606K(704K)->606K(704K)
[11.324s][info][gc,ergo     ] Pacer for Idle. Initial: 20971K, Alloc Tax Rate: 1.0x
[11.399s][info][gc          ] Trigger: Learning 5 of 5. Free (695M) is below initial threshold (716M)
[11.399s][info][gc,ergo     ] Free: 694M, Max: 512K regular, 391M humongous, Frag: 44% external, 0% internal; Reserve: 52736K, Max: 512K
[11.399s][info][gc,start    ] GC(31) Concurrent reset
[11.399s][info][gc,task     ] GC(31) Using 1 of 3 workers for concurrent reset
[11.399s][info][gc,ergo     ] GC(31) Pacer for Reset. Non-Taxable: 1024M
[11.399s][info][gc          ] GC(31) Concurrent reset 0.637ms
[11.400s][info][gc,start    ] GC(31) Pause Init Mark (unload classes)
[11.400s][info][gc,task     ] GC(31) Using 3 of 3 workers for init marking
[11.400s][info][gc,ergo     ] GC(31) Pacer for Mark. Expected Live: 13691K, Free: 693M, Non-Taxable: 70971K, Alloc Tax Rate: 0.0x
[11.400s][info][gc          ] GC(31) Pause Init Mark (unload classes) 0.146ms
[11.406s][info][gc,start    ] GC(31) Concurrent marking roots
[11.406s][info][gc,task     ] GC(31) Using 1 of 3 workers for concurrent marking roots
[11.406s][info][gc          ] GC(31) Concurrent marking roots 0.570ms
[11.406s][info][gc,start    ] GC(31) Concurrent marking (unload classes)
[11.406s][info][gc,task     ] GC(31) Using 1 of 3 workers for concurrent marking
[11.413s][info][gc          ] GC(31) Concurrent marking (unload classes) 6.428ms
[11.413s][info][gc,start    ] GC(31) Pause Final Mark (unload classes)
[11.413s][info][gc,task     ] GC(31) Using 3 of 3 workers for final marking
[11.413s][info][gc,ergo     ] GC(31) Adaptive CSet Selection. Target Free: 145M, Actual Free: 945M, Max CSet: 43690K, Min Garbage: 0B
[11.413s][info][gc,ergo     ] GC(31) Collectable Garbage: 264M (99%), Immediate: 229M (86%), CSet: 35988K (13%)
[11.413s][info][gc,ergo     ] GC(31) Pacer for Evacuation. Used CSet: 38400K, Free: 894M, Non-Taxable: 91549K, Alloc Tax Rate: 1.1x
[11.413s][info][gc          ] GC(31) Pause Final Mark (unload classes) 0.195ms
[11.421s][info][gc,start    ] GC(31) Concurrent thread roots
[11.421s][info][gc,task     ] GC(31) Using 1 of 3 workers for Concurrent thread roots
[11.422s][info][gc          ] GC(31) Concurrent thread roots 0.493ms
[11.422s][info][gc,start    ] GC(31) Concurrent weak references
[11.422s][info][gc,task     ] GC(31) Using 1 of 3 workers for concurrent weak references
[11.422s][info][gc,ref      ] GC(31) Encountered references: Soft: 132, Weak: 434, Final: 9, Phantom: 21
[11.422s][info][gc,ref      ] GC(31) Discovered  references: Soft: 0, Weak: 234, Final: 7, Phantom: 14
[11.422s][info][gc,ref      ] GC(31) Enqueued    references: Soft: 0, Weak: 0, Final: 0, Phantom: 0
[11.422s][info][gc          ] GC(31) Concurrent weak references 0.064ms
[11.422s][info][gc,start    ] GC(31) Concurrent weak roots
[11.422s][info][gc,task     ] GC(31) Using 1 of 3 workers for concurrent weak root
[11.422s][info][gc          ] GC(31) Concurrent weak roots 0.715ms
[11.423s][info][gc,start    ] GC(31) Concurrent cleanup
[11.423s][info][gc          ] GC(31) Concurrent cleanup 325M->96M(1024M) 0.048ms
[11.423s][info][gc,ergo     ] GC(31) Free: 876M, Max: 512K regular, 344M humongous, Frag: 61% external, 0% internal; Reserve: 51103K, Max: 512K
[11.423s][info][gc,start    ] GC(31) Concurrent class unloading
[11.423s][info][gc,task     ] GC(31) Using 1 of 3 workers for concurrent class unloading
[11.424s][info][gc          ] GC(31) Concurrent class unloading 1.790ms
[11.424s][info][gc,start    ] GC(31) Concurrent strong roots
[11.424s][info][gc,task     ] GC(31) Using 1 of 3 workers for concurrent strong root
[11.424s][info][gc          ] GC(31) Concurrent strong roots 0.078ms
[11.424s][info][gc,start    ] GC(31) Concurrent evacuation
[11.424s][info][gc,task     ] GC(31) Using 1 of 3 workers for concurrent evacuation
[11.425s][info][gc          ] GC(31) Concurrent evacuation 0.994ms
[11.426s][info][gc,start    ] GC(31) Pause Init Update Refs
[11.426s][info][gc,ergo     ] GC(31) Pacer for Update Refs. Used: 102M, Free: 872M, Non-Taxable: 89299K, Alloc Tax Rate: 1.1x
[11.426s][info][gc          ] GC(31) Pause Init Update Refs 0.073ms
[11.437s][info][gc,start    ] GC(31) Concurrent update references
[11.438s][info][gc,task     ] GC(31) Using 1 of 3 workers for concurrent reference update
[11.444s][info][gc          ] GC(31) Concurrent update references 6.092ms
[11.444s][info][gc,start    ] GC(31) Concurrent update thread roots
[11.444s][info][gc          ] GC(31) Concurrent update thread roots 0.595ms
[11.444s][info][gc,start    ] GC(31) Pause Final Update Refs
[11.444s][info][gc,task     ] GC(31) Using 3 of 3 workers for final reference update
[11.444s][info][gc          ] GC(31) Pause Final Update Refs 0.101ms
[11.454s][info][gc,start    ] GC(31) Concurrent cleanup
[11.454s][info][gc          ] GC(31) Concurrent cleanup 154M->117M(1024M) 0.048ms
[11.454s][info][gc,ergo     ] Free: 854M, Max: 512K regular, 344M humongous, Frag: 60% external, 0% internal; Reserve: 52736K, Max: 512K
[11.454s][info][gc,stats    ] 
[11.454s][info][gc,stats    ] All times are wall-clock times, except per-root-class counters, that are sum over
[11.454s][info][gc,stats    ] all workers. Dividing the <total> over the root stage time estimates parallelism.
[11.454s][info][gc,stats    ] 
[11.454s][info][gc,stats    ] Concurrent Reset                    663 us
[11.454s][info][gc,stats    ] Pause Init Mark (G)                6097 us
[11.454s][info][gc,stats    ] Pause Init Mark (N)                 156 us
[11.454s][info][gc,stats    ]   Update Region States               40 us
[11.454s][info][gc,stats    ] Concurrent Mark Roots               581 us, parallelism: 0.84x
[11.454s][info][gc,stats    ]   CMR: <total>                      490 us
[11.454s][info][gc,stats    ]   CMR: Thread Roots                 438 us, workers (us): 438, ---, ---, 
[11.454s][info][gc,stats    ]   CMR: VM Strong Roots                5 us, workers (us):   5, ---, ---, 
[11.454s][info][gc,stats    ]   CMR: CLDG Roots                    48 us, workers (us):  48, ---, ---, 
[11.454s][info][gc,stats    ] Concurrent Marking                 6466 us
[11.454s][info][gc,stats    ] Pause Final Mark (G)               8626 us
[11.454s][info][gc,stats    ] Pause Final Mark (N)                203 us
[11.454s][info][gc,stats    ]   Finish Mark                        48 us
[11.454s][info][gc,stats    ]   Update Region States               35 us
[11.454s][info][gc,stats    ]   Choose Collection Set              60 us
[11.454s][info][gc,stats    ]   Rebuild Free Set                    8 us
[11.454s][info][gc,stats    ] Concurrent Thread Roots             504 us, parallelism: 0.80x
[11.454s][info][gc,stats    ]   CTR: <total>                      403 us
[11.454s][info][gc,stats    ]   CTR: Thread Roots                 403 us, workers (us): 403, ---, ---, 
[11.454s][info][gc,stats    ] Concurrent Weak References           71 us, parallelism: 0.20x
[11.454s][info][gc,stats    ]   CWRF: <total>                      14 us
[11.454s][info][gc,stats    ]   CWRF: Weak References              14 us, workers (us):  14, ---, ---, 
[11.454s][info][gc,stats    ] Concurrent Weak Roots               730 us
[11.454s][info][gc,stats    ]   Roots                             538 us, parallelism: 0.96x
[11.454s][info][gc,stats    ]     CWR: <total>                    514 us
[11.455s][info][gc,stats    ]     CWR: Code Cache Roots           401 us, workers (us): 401, ---, ---, 
[11.455s][info][gc,stats    ]     CWR: VM Weak Roots              110 us, workers (us): 110, ---, ---, 
[11.455s][info][gc,stats    ]     CWR: CLDG Roots                   3 us, workers (us):   3, ---, ---, 
[11.455s][info][gc,stats    ]   Rendezvous                        162 us
[11.455s][info][gc,stats    ] Concurrent Cleanup                   57 us
[11.455s][info][gc,stats    ] Concurrent Class Unloading         1812 us
[11.455s][info][gc,stats    ]   Unlink Stale                     1450 us
[11.455s][info][gc,stats    ]     System Dictionary                 3 us
[11.455s][info][gc,stats    ]     Weak Class Links                  0 us
[11.455s][info][gc,stats    ]     Code Roots                     1446 us
[11.455s][info][gc,stats    ]   Rendezvous                        280 us
[11.455s][info][gc,stats    ]   Purge Unlinked                     44 us
[11.455s][info][gc,stats    ]     Code Roots                       40 us
[11.455s][info][gc,stats    ]     CLDG                              3 us
[11.455s][info][gc,stats    ]     Exception Caches                  0 us
[11.455s][info][gc,stats    ] Concurrent Strong Roots              86 us, parallelism: 0.57x
[11.455s][info][gc,stats    ]   CSR: <total>                       49 us
[11.455s][info][gc,stats    ]   CSR: VM Strong Roots                4 us, workers (us):   4, ---, ---, 
[11.455s][info][gc,stats    ]   CSR: CLDG Roots                    45 us, workers (us):  45, ---, ---, 
[11.455s][info][gc,stats    ] Concurrent Evacuation              1029 us
[11.455s][info][gc,stats    ] Pause Init Update Refs (G)        11977 us
[11.455s][info][gc,stats    ] Pause Init Update Refs (N)           84 us
[11.455s][info][gc,stats    ]   Manage GCLABs                       5 us
[11.455s][info][gc,stats    ] Concurrent Update Refs             6137 us
[11.455s][info][gc,stats    ] Concurrent Update Thread Roots      610 us
[11.455s][info][gc,stats    ] Pause Final Update Refs (G)        9960 us
[11.455s][info][gc,stats    ] Pause Final Update Refs (N)         121 us
[11.455s][info][gc,stats    ]   Update Region States               39 us
[11.455s][info][gc,stats    ]   Trash Collection Set                3 us
[11.455s][info][gc,stats    ]   Rebuild Free Set                   14 us
[11.455s][info][gc,stats    ] Concurrent Cleanup                   58 us
[11.455s][info][gc,stats    ] Pacing                            20138 us
[11.455s][info][gc,stats    ] 
[11.455s][info][gc,stats    ] Allocation pacing accrued:
[11.455s][info][gc,stats    ]       4 of   131 ms (  2.9%): Thread-18
[11.455s][info][gc,stats    ]       4 of   131 ms (  2.8%): Thread-19
[11.455s][info][gc,stats    ]       3 of   131 ms (  2.2%): Thread-20
[11.455s][info][gc,stats    ]       3 of   131 ms (  2.7%): Thread-21
[11.455s][info][gc,stats    ]       3 of   131 ms (  2.5%): Thread-22
[11.455s][info][gc,stats    ]       3 of   131 ms (  2.4%): Thread-23
[11.455s][info][gc,stats    ]      20 of   131 ms ( 15.4%): <total>
[11.455s][info][gc,stats    ]       1 of   131 ms (  0.8%): <average total>
[11.455s][info][gc,stats    ]       3 of   131 ms (  2.6%): <average non-zero>
[11.455s][info][gc,stats    ] 
[11.455s][info][gc,metaspace] Metaspace: 6220K(6400K)->6220K(6400K) NonClass: 5614K(5696K)->5614K(5696K) Class: 606K(704K)->606K(704K)
[11.455s][info][gc,ergo     ] Pacer for Idle. Initial: 20971K, Alloc Tax Rate: 1.0x
[11.714s][info][gc          ] Trigger: Average GC time (67.97 ms) is above the time for average allocation rate (2430 MB/s) to deplete free headroom (148M) (margin of error = 1.77)
[11.714s][info][gc,ergo     ] Free headroom: 200M (free) - 52428K (spike) - 0B (penalties) = 148M
[11.714s][info][gc,ergo     ] Free: 200M, Max: 512K regular, 200M humongous, Frag: 0% external, 0% internal; Reserve: 52736K, Max: 512K
[11.714s][info][gc,start    ] GC(32) Concurrent reset
[11.714s][info][gc,task     ] GC(32) Using 1 of 3 workers for concurrent reset
[11.714s][info][gc,ergo     ] GC(32) Pacer for Reset. Non-Taxable: 1024M
[11.715s][info][gc          ] GC(32) Concurrent reset 0.249ms
[11.715s][info][gc,start    ] GC(32) Pause Init Mark (unload classes)
[11.715s][info][gc,task     ] GC(32) Using 3 of 3 workers for init marking
[11.715s][info][gc,ergo     ] GC(32) Pacer for Mark. Expected Live: 13637K, Free: 200M, Non-Taxable: 20483K, Alloc Tax Rate: 0.1x
[11.715s][info][gc          ] GC(32) Pause Init Mark (unload classes) 0.130ms
[11.717s][info][gc,start    ] GC(32) Concurrent marking roots
[11.717s][info][gc,task     ] GC(32) Using 1 of 3 workers for concurrent marking roots
[11.717s][info][gc          ] GC(32) Concurrent marking roots 0.577ms
[11.717s][info][gc,start    ] GC(32) Concurrent marking (unload classes)
[11.717s][info][gc,task     ] GC(32) Using 1 of 3 workers for concurrent marking
[11.729s][info][gc          ] GC(32) Concurrent marking (unload classes) 11.445ms
[11.729s][info][gc,start    ] GC(32) Pause Final Mark (unload classes)
[11.729s][info][gc,task     ] GC(32) Using 3 of 3 workers for final marking
[11.729s][info][gc,ergo     ] GC(32) Adaptive CSet Selection. Target Free: 145M, Actual Free: 877M, Max CSet: 43690K, Min Garbage: 0B
[11.729s][info][gc,ergo     ] GC(32) Collectable Garbage: 757M (99%), Immediate: 656M (86%), CSet: 100M (13%)
[11.729s][info][gc,ergo     ] GC(32) Pacer for Evacuation. Used CSet: 103M, Free: 826M, Non-Taxable: 84582K, Alloc Tax Rate: 1.1x
[11.729s][info][gc          ] GC(32) Pause Final Mark (unload classes) 0.293ms
[11.729s][info][gc,start    ] GC(32) Concurrent thread roots
[11.729s][info][gc,task     ] GC(32) Using 1 of 3 workers for Concurrent thread roots
[11.730s][info][gc          ] GC(32) Concurrent thread roots 0.495ms
[11.730s][info][gc,start    ] GC(32) Concurrent weak references
[11.730s][info][gc,task     ] GC(32) Using 1 of 3 workers for concurrent weak references
[11.730s][info][gc,ref      ] GC(32) Encountered references: Soft: 132, Weak: 434, Final: 9, Phantom: 21
[11.730s][info][gc,ref      ] GC(32) Discovered  references: Soft: 0, Weak: 234, Final: 7, Phantom: 14
[11.730s][info][gc,ref      ] GC(32) Enqueued    references: Soft: 0, Weak: 0, Final: 0, Phantom: 0
[11.730s][info][gc          ] GC(32) Concurrent weak references 0.061ms
[11.730s][info][gc,start    ] GC(32) Concurrent weak roots
[11.730s][info][gc,task     ] GC(32) Using 1 of 3 workers for concurrent weak root
[11.731s][info][gc          ] GC(32) Concurrent weak roots 1.139ms
[11.731s][info][gc,start    ] GC(32) Concurrent cleanup
[11.731s][info][gc          ] GC(32) Concurrent cleanup 807M->150M(1024M) 0.096ms
[11.731s][info][gc,ergo     ] GC(32) Free: 821M, Max: 512K regular, 516M humongous, Frag: 38% external, 0% internal; Reserve: 52424K, Max: 512K
[11.731s][info][gc,start    ] GC(32) Concurrent class unloading
[11.731s][info][gc,task     ] GC(32) Using 1 of 3 workers for concurrent class unloading
[11.733s][info][gc          ] GC(32) Concurrent class unloading 1.583ms
[11.733s][info][gc,start    ] GC(32) Concurrent strong roots
[11.733s][info][gc,task     ] GC(32) Using 1 of 3 workers for concurrent strong root
[11.733s][info][gc          ] GC(32) Concurrent strong roots 0.080ms
[11.733s][info][gc,start    ] GC(32) Concurrent evacuation
[11.733s][info][gc,task     ] GC(32) Using 1 of 3 workers for concurrent evacuation
[11.734s][info][gc          ] GC(32) Concurrent evacuation 1.659ms
[11.734s][info][gc,start    ] GC(32) Pause Init Update Refs
[11.734s][info][gc,ergo     ] GC(32) Pacer for Update Refs. Used: 158M, Free: 816M, Non-Taxable: 83558K, Alloc Tax Rate: 1.1x
[11.734s][info][gc          ] GC(32) Pause Init Update Refs 0.040ms
[11.746s][info][gc,start    ] GC(32) Concurrent update references
[11.746s][info][gc,task     ] GC(32) Using 1 of 3 workers for concurrent reference update
[11.753s][info][gc          ] GC(32) Concurrent update references 7.006ms
[11.753s][info][gc,start    ] GC(32) Concurrent update thread roots
[11.754s][info][gc          ] GC(32) Concurrent update thread roots 0.589ms
[11.754s][info][gc,start    ] GC(32) Pause Final Update Refs
[11.754s][info][gc,task     ] GC(32) Using 3 of 3 workers for final reference update
[11.754s][info][gc          ] GC(32) Pause Final Update Refs 0.110ms
[11.762s][info][gc,start    ] GC(32) Concurrent cleanup
[11.762s][info][gc          ] GC(32) Concurrent cleanup 207M->104M(1024M) 0.042ms
[11.762s][info][gc,ergo     ] Free: 866M, Max: 512K regular, 598M humongous, Frag: 31% external, 0% internal; Reserve: 52736K, Max: 512K
[11.762s][info][gc,stats    ] 
[11.762s][info][gc,stats    ] All times are wall-clock times, except per-root-class counters, that are sum over
[11.762s][info][gc,stats    ] all workers. Dividing the <total> over the root stage time estimates parallelism.
[11.762s][info][gc,stats    ] 
[11.762s][info][gc,stats    ] Concurrent Reset                    262 us
[11.762s][info][gc,stats    ] Pause Init Mark (G)                2023 us
[11.762s][info][gc,stats    ] Pause Init Mark (N)                 140 us
[11.762s][info][gc,stats    ]   Update Region States               43 us
[11.762s][info][gc,stats    ] Concurrent Mark Roots               587 us, parallelism: 0.88x
[11.762s][info][gc,stats    ]   CMR: <total>                      515 us
[11.762s][info][gc,stats    ]   CMR: Thread Roots                 446 us, workers (us): 446, ---, ---, 
[11.762s][info][gc,stats    ]   CMR: VM Strong Roots                6 us, workers (us):   6, ---, ---, 
[11.762s][info][gc,stats    ]   CMR: CLDG Roots                    62 us, workers (us):  62, ---, ---, 
[11.762s][info][gc,stats    ] Concurrent Marking                11503 us
[11.762s][info][gc,stats    ] Pause Final Mark (G)                426 us
[11.762s][info][gc,stats    ] Pause Final Mark (N)                303 us
[11.762s][info][gc,stats    ]   Finish Mark                        51 us
[11.762s][info][gc,stats    ]   Update Region States               36 us
[11.762s][info][gc,stats    ]   Choose Collection Set              78 us
[11.762s][info][gc,stats    ]   Rebuild Free Set                    8 us
[11.762s][info][gc,stats    ] Concurrent Thread Roots             506 us, parallelism: 0.90x
[11.762s][info][gc,stats    ]   CTR: <total>                      457 us
[11.762s][info][gc,stats    ]   CTR: Thread Roots                 457 us, workers (us): 457, ---, ---, 
[11.762s][info][gc,stats    ] Concurrent Weak References           68 us, parallelism: 0.18x
[11.762s][info][gc,stats    ]   CWRF: <total>                      12 us
[11.762s][info][gc,stats    ]   CWRF: Weak References              12 us, workers (us):  12, ---, ---, 
[11.762s][info][gc,stats    ] Concurrent Weak Roots              1162 us
[11.762s][info][gc,stats    ]   Roots                             495 us, parallelism: 0.97x
[11.762s][info][gc,stats    ]     CWR: <total>                    478 us
[11.762s][info][gc,stats    ]     CWR: Code Cache Roots           367 us, workers (us): 367, ---, ---, 
[11.762s][info][gc,stats    ]     CWR: VM Weak Roots              108 us, workers (us): 108, ---, ---, 
[11.762s][info][gc,stats    ]     CWR: CLDG Roots                   3 us, workers (us):   3, ---, ---, 
[11.762s][info][gc,stats    ]   Rendezvous                        627 us
[11.762s][info][gc,stats    ] Concurrent Cleanup                  105 us
[11.762s][info][gc,stats    ] Concurrent Class Unloading         1602 us
[11.762s][info][gc,stats    ]   Unlink Stale                     1467 us
[11.762s][info][gc,stats    ]     System Dictionary                 2 us
[11.762s][info][gc,stats    ]     Weak Class Links                  0 us
[11.762s][info][gc,stats    ]     Code Roots                     1464 us
[11.762s][info][gc,stats    ]   Rendezvous                         58 us
[11.762s][info][gc,stats    ]   Purge Unlinked                     41 us
[11.762s][info][gc,stats    ]     Code Roots                       37 us
[11.762s][info][gc,stats    ]     CLDG                              4 us
[11.762s][info][gc,stats    ]     Exception Caches                  0 us
[11.762s][info][gc,stats    ] Concurrent Strong Roots              88 us, parallelism: 0.57x
[11.762s][info][gc,stats    ]   CSR: <total>                       51 us
[11.762s][info][gc,stats    ]   CSR: VM Strong Roots                4 us, workers (us):   4, ---, ---, 
[11.762s][info][gc,stats    ]   CSR: CLDG Roots                    46 us, workers (us):  46, ---, ---, 
[11.762s][info][gc,stats    ] Concurrent Evacuation              1704 us
[11.762s][info][gc,stats    ] Pause Init Update Refs (G)        11741 us
[11.762s][info][gc,stats    ] Pause Init Update Refs (N)           48 us
[11.762s][info][gc,stats    ]   Manage GCLABs                       4 us
[11.762s][info][gc,stats    ] Concurrent Update Refs             7057 us
[11.762s][info][gc,stats    ] Concurrent Update Thread Roots      606 us
[11.762s][info][gc,stats    ] Pause Final Update Refs (G)        8036 us
[11.762s][info][gc,stats    ] Pause Final Update Refs (N)         127 us
[11.762s][info][gc,stats    ]   Update Region States               42 us
[11.762s][info][gc,stats    ]   Trash Collection Set                6 us
[11.762s][info][gc,stats    ]   Rebuild Free Set                   15 us
[11.762s][info][gc,stats    ] Concurrent Cleanup                   52 us
[11.762s][info][gc,stats    ] 
[11.762s][info][gc,stats    ] Allocation pacing accrued:
[11.762s][info][gc,stats    ]       0 of   308 ms (  0.0%): <total>
[11.762s][info][gc,stats    ]       0 of   308 ms (  0.0%): <average total>
[11.762s][info][gc,stats    ] 
[11.762s][info][gc,metaspace] Metaspace: 6220K(6400K)->6220K(6400K) NonClass: 5614K(5696K)->5614K(5696K) Class: 606K(704K)->606K(704K)
[11.762s][info][gc,ergo     ] Pacer for Idle. Initial: 20971K, Alloc Tax Rate: 1.0x
[12.077s][info][gc          ] Trigger: Average GC time (62.33 ms) is above the time for average allocation rate (2223 MB/s) to deplete free headroom (134M) (margin of error = 1.78)
[12.078s][info][gc,ergo     ] Free headroom: 185M (free) - 52428K (spike) - 0B (penalties) = 134M
[12.078s][info][gc,ergo     ] Free: 185M, Max: 512K regular, 164M humongous, Frag: 12% external, 0% internal; Reserve: 52736K, Max: 512K
[12.078s][info][gc,start    ] GC(33) Concurrent reset
[12.078s][info][gc,task     ] GC(33) Using 1 of 3 workers for concurrent reset
[12.078s][info][gc,ergo     ] GC(33) Pacer for Reset. Non-Taxable: 1024M
[12.078s][info][gc          ] GC(33) Concurrent reset 0.462ms
[12.078s][info][gc,start    ] GC(33) Pause Init Mark (unload classes)
[12.078s][info][gc,task     ] GC(33) Using 3 of 3 workers for init marking
[12.078s][info][gc,ergo     ] GC(33) Pacer for Mark. Expected Live: 14229K, Free: 185M, Non-Taxable: 18944K, Alloc Tax Rate: 0.1x
[12.078s][info][gc          ] GC(33) Pause Init Mark (unload classes) 0.155ms
[12.083s][info][gc,start    ] GC(33) Concurrent marking roots
[12.083s][info][gc,task     ] GC(33) Using 1 of 3 workers for concurrent marking roots
[12.083s][info][gc          ] GC(33) Concurrent marking roots 0.584ms
[12.083s][info][gc,start    ] GC(33) Concurrent marking (unload classes)
[12.083s][info][gc,task     ] GC(33) Using 1 of 3 workers for concurrent marking
[12.091s][info][gc          ] GC(33) Concurrent marking (unload classes) 7.458ms
[12.091s][info][gc,start    ] GC(33) Pause Final Mark (unload classes)
[12.091s][info][gc,task     ] GC(33) Using 3 of 3 workers for final marking
[12.091s][info][gc,ergo     ] GC(33) Adaptive CSet Selection. Target Free: 145M, Actual Free: 853M, Max CSet: 43690K, Min Garbage: 0B
[12.091s][info][gc,ergo     ] GC(33) Collectable Garbage: 772M (99%), Immediate: 635M (82%), CSet: 136M (17%)
[12.091s][info][gc,ergo     ] GC(33) Pacer for Evacuation. Used CSet: 139M, Free: 802M, Non-Taxable: 82125K, Alloc Tax Rate: 1.1x
[12.091s][info][gc          ] GC(33) Pause Final Mark (unload classes) 0.341ms
[12.091s][info][gc,start    ] GC(33) Concurrent thread roots
[12.091s][info][gc,task     ] GC(33) Using 1 of 3 workers for Concurrent thread roots
[12.092s][info][gc          ] GC(33) Concurrent thread roots 0.914ms
[12.092s][info][gc,start    ] GC(33) Concurrent weak references
[12.092s][info][gc,task     ] GC(33) Using 1 of 3 workers for concurrent weak references
[12.092s][info][gc,ref      ] GC(33) Encountered references: Soft: 132, Weak: 434, Final: 9, Phantom: 21
[12.092s][info][gc,ref      ] GC(33) Discovered  references: Soft: 0, Weak: 234, Final: 7, Phantom: 14
[12.092s][info][gc,ref      ] GC(33) Enqueued    references: Soft: 0, Weak: 0, Final: 0, Phantom: 0
[12.092s][info][gc          ] GC(33) Concurrent weak references 0.062ms
[12.092s][info][gc,start    ] GC(33) Concurrent weak roots
[12.092s][info][gc,task     ] GC(33) Using 1 of 3 workers for concurrent weak root
[12.093s][info][gc          ] GC(33) Concurrent weak roots 0.587ms
[12.093s][info][gc,start    ] GC(33) Concurrent cleanup
[12.093s][info][gc          ] GC(33) Concurrent cleanup 805M->169M(1024M) 0.078ms
[12.093s][info][gc,ergo     ] GC(33) Free: 802M, Max: 512K regular, 462M humongous, Frag: 43% external, 0% internal; Reserve: 52465K, Max: 512K
[12.093s][info][gc,start    ] GC(33) Concurrent class unloading
[12.093s][info][gc,task     ] GC(33) Using 1 of 3 workers for concurrent class unloading
[12.095s][info][gc          ] GC(33) Concurrent class unloading 1.596ms
[12.095s][info][gc,start    ] GC(33) Concurrent strong roots
[12.095s][info][gc,task     ] GC(33) Using 1 of 3 workers for concurrent strong root
[12.095s][info][gc          ] GC(33) Concurrent strong roots 0.078ms
[12.095s][info][gc,start    ] GC(33) Concurrent evacuation
[12.095s][info][gc,task     ] GC(33) Using 1 of 3 workers for concurrent evacuation
[12.097s][info][gc          ] GC(33) Concurrent evacuation 2.056ms
[12.097s][info][gc,start    ] GC(33) Pause Init Update Refs
[12.097s][info][gc,ergo     ] GC(33) Pacer for Update Refs. Used: 177M, Free: 796M, Non-Taxable: 81562K, Alloc Tax Rate: 1.1x
[12.097s][info][gc          ] GC(33) Pause Init Update Refs 0.065ms
[12.109s][info][gc,start    ] GC(33) Concurrent update references
[12.109s][info][gc,task     ] GC(33) Using 1 of 3 workers for concurrent reference update
[12.115s][info][gc          ] GC(33) Concurrent update references 5.883ms
[12.115s][info][gc,start    ] GC(33) Concurrent update thread roots
[12.116s][info][gc          ] GC(33) Concurrent update thread roots 0.612ms
[12.116s][info][gc,start    ] GC(33) Pause Final Update Refs
[12.116s][info][gc,task     ] GC(33) Using 3 of 3 workers for final reference update
[12.116s][info][gc          ] GC(33) Pause Final Update Refs 0.121ms
[12.116s][info][gc,start    ] GC(33) Concurrent cleanup
[12.116s][info][gc          ] GC(33) Concurrent cleanup 205M->66M(1024M) 0.042ms
[12.116s][info][gc,ergo     ] Free: 905M, Max: 512K regular, 619M humongous, Frag: 32% external, 0% internal; Reserve: 52736K, Max: 512K
[12.116s][info][gc,stats    ] 
[12.116s][info][gc,stats    ] All times are wall-clock times, except per-root-class counters, that are sum over
[12.116s][info][gc,stats    ] all workers. Dividing the <total> over the root stage time estimates parallelism.
[12.116s][info][gc,stats    ] 
[12.116s][info][gc,stats    ] Concurrent Reset                    487 us
[12.116s][info][gc,stats    ] Pause Init Mark (G)                4737 us
[12.116s][info][gc,stats    ] Pause Init Mark (N)                 166 us
[12.116s][info][gc,stats    ]   Update Region States               38 us
[12.116s][info][gc,stats    ] Concurrent Mark Roots               605 us, parallelism: 0.83x
[12.116s][info][gc,stats    ]   CMR: <total>                      505 us
[12.116s][info][gc,stats    ]   CMR: Thread Roots                 449 us, workers (us): 449, ---, ---, 
[12.116s][info][gc,stats    ]   CMR: VM Strong Roots                6 us, workers (us):   6, ---, ---, 
[12.116s][info][gc,stats    ]   CMR: CLDG Roots                    49 us, workers (us):  49, ---, ---, 
[12.116s][info][gc,stats    ] Concurrent Marking                 7519 us
[12.116s][info][gc,stats    ] Pause Final Mark (G)                406 us
[12.116s][info][gc,stats    ] Pause Final Mark (N)                358 us
[12.116s][info][gc,stats    ]   Finish Mark                        59 us
[12.116s][info][gc,stats    ]   Update Region States               38 us
[12.116s][info][gc,stats    ]   Choose Collection Set             127 us
[12.116s][info][gc,stats    ]   Rebuild Free Set                   19 us
[12.116s][info][gc,stats    ] Concurrent Thread Roots             923 us, parallelism: 0.92x
[12.116s][info][gc,stats    ]   CTR: <total>                      850 us
[12.116s][info][gc,stats    ]   CTR: Thread Roots                 850 us, workers (us): 850, ---, ---, 
[12.116s][info][gc,stats    ] Concurrent Weak References           69 us, parallelism: 0.15x
[12.116s][info][gc,stats    ]   CWRF: <total>                      10 us
[12.116s][info][gc,stats    ]   CWRF: Weak References              10 us, workers (us):  10, ---, ---, 
[12.116s][info][gc,stats    ] Concurrent Weak Roots               597 us
[12.116s][info][gc,stats    ]   Roots                             544 us, parallelism: 0.95x
[12.116s][info][gc,stats    ]     CWR: <total>                    514 us
[12.116s][info][gc,stats    ]     CWR: Code Cache Roots           314 us, workers (us): 314, ---, ---, 
[12.116s][info][gc,stats    ]     CWR: VM Weak Roots              198 us, workers (us): 198, ---, ---, 
[12.116s][info][gc,stats    ]     CWR: CLDG Roots                   3 us, workers (us):   3, ---, ---, 
[12.116s][info][gc,stats    ]   Rendezvous                         28 us
[12.116s][info][gc,stats    ] Concurrent Cleanup                   86 us
[12.116s][info][gc,stats    ] Concurrent Class Unloading         1634 us
[12.116s][info][gc,stats    ]   Unlink Stale                     1402 us
[12.116s][info][gc,stats    ]     System Dictionary                 2 us
[12.116s][info][gc,stats    ]     Weak Class Links                  0 us
[12.116s][info][gc,stats    ]     Code Roots                     1399 us
[12.116s][info][gc,stats    ]   Rendezvous                         65 us
[12.116s][info][gc,stats    ]   Purge Unlinked                     43 us
[12.116s][info][gc,stats    ]     Code Roots                       39 us
[12.116s][info][gc,stats    ]     CLDG                              3 us
[12.116s][info][gc,stats    ]     Exception Caches                  0 us
[12.116s][info][gc,stats    ] Concurrent Strong Roots              86 us, parallelism: 0.55x
[12.116s][info][gc,stats    ]   CSR: <total>                       48 us
[12.116s][info][gc,stats    ]   CSR: VM Strong Roots                4 us, workers (us):   4, ---, ---, 
[12.116s][info][gc,stats    ]   CSR: CLDG Roots                    44 us, workers (us):  44, ---, ---, 
[12.116s][info][gc,stats    ] Concurrent Evacuation              2106 us
[12.116s][info][gc,stats    ] Pause Init Update Refs (G)        12051 us
[12.117s][info][gc,stats    ] Pause Init Update Refs (N)           73 us
[12.117s][info][gc,stats    ]   Manage GCLABs                       3 us
[12.117s][info][gc,stats    ] Concurrent Update Refs             5932 us
[12.117s][info][gc,stats    ] Concurrent Update Thread Roots      629 us
[12.117s][info][gc,stats    ] Pause Final Update Refs (G)         538 us
[12.117s][info][gc,stats    ] Pause Final Update Refs (N)         141 us
[12.117s][info][gc,stats    ]   Update Region States               44 us
[12.117s][info][gc,stats    ]   Trash Collection Set                8 us
[12.117s][info][gc,stats    ]   Rebuild Free Set                   15 us
[12.117s][info][gc,stats    ] Concurrent Cleanup                   51 us
[12.117s][info][gc,stats    ] Pacing                            80470 us
[12.117s][info][gc,stats    ] 
[12.117s][info][gc,stats    ] Allocation pacing accrued:
[12.117s][info][gc,stats    ]      21 of   354 ms (  5.9%): Thread-18
[12.117s][info][gc,stats    ]      12 of   354 ms (  3.5%): Thread-19
[12.117s][info][gc,stats    ]      12 of   354 ms (  3.4%): Thread-20
[12.117s][info][gc,stats    ]      13 of   354 ms (  3.6%): Thread-21
[12.117s][info][gc,stats    ]      11 of   354 ms (  3.1%): Thread-22
[12.117s][info][gc,stats    ]      11 of   354 ms (  3.1%): Thread-23
[12.117s][info][gc,stats    ]      80 of   354 ms ( 22.7%): <total>
[12.117s][info][gc,stats    ]       4 of   354 ms (  1.2%): <average total>
[12.117s][info][gc,stats    ]      13 of   354 ms (  3.8%): <average non-zero>
[12.117s][info][gc,stats    ] 
[12.117s][info][gc,metaspace] Metaspace: 6220K(6400K)->6220K(6400K) NonClass: 5614K(5696K)->5614K(5696K) Class: 606K(704K)->606K(704K)
[12.117s][info][gc,ergo     ] Pacer for Idle. Initial: 20971K, Alloc Tax Rate: 1.0x
[12.456s][info][gc          ] Trigger: Average GC time (55.96 ms) is above the time for average allocation rate (2224 MB/s) to deplete free headroom (98103K) (margin of error = 1.78)
[12.456s][info][gc,ergo     ] Free headroom: 147M (free) - 52428K (spike) - 0B (penalties) = 98103K
[12.456s][info][gc,ergo     ] Free: 147M, Max: 512K regular, 147M humongous, Frag: 0% external, 0% internal; Reserve: 52736K, Max: 512K
[12.456s][info][gc,start    ] GC(34) Concurrent reset
[12.456s][info][gc,task     ] GC(34) Using 1 of 3 workers for concurrent reset
[12.456s][info][gc,ergo     ] GC(34) Pacer for Reset. Non-Taxable: 1024M
[12.457s][info][gc          ] GC(34) Concurrent reset 0.732ms
[12.457s][info][gc,start    ] GC(34) Pause Init Mark (unload classes)
[12.457s][info][gc,task     ] GC(34) Using 3 of 3 workers for init marking
[12.457s][info][gc,ergo     ] GC(34) Pacer for Mark. Expected Live: 14254K, Free: 145M, Non-Taxable: 14848K, Alloc Tax Rate: 0.1x
[12.457s][info][gc          ] GC(34) Pause Init Mark (unload classes) 0.146ms
[12.463s][info][gc,start    ] GC(34) Concurrent marking roots
[12.463s][info][gc,task     ] GC(34) Using 1 of 3 workers for concurrent marking roots
[12.464s][info][gc          ] GC(34) Concurrent marking roots 0.540ms
[12.464s][info][gc,start    ] GC(34) Concurrent marking (unload classes)
[12.464s][info][gc,task     ] GC(34) Using 1 of 3 workers for concurrent marking
[12.469s][info][gc          ] GC(34) Concurrent marking (unload classes) 5.743ms
[12.470s][info][gc,start    ] GC(34) Pause Final Mark (unload classes)
[12.470s][info][gc,task     ] GC(34) Using 3 of 3 workers for final marking
[12.470s][info][gc,ergo     ] GC(34) Collectable Garbage: 781M (96%), Immediate: 781M (96%), CSet: 0B (0%)
[12.470s][info][gc          ] GC(34) Pause Final Mark (unload classes) 0.300ms
[12.470s][info][gc,start    ] GC(34) Concurrent weak references
[12.470s][info][gc,task     ] GC(34) Using 1 of 3 workers for concurrent weak references
[12.470s][info][gc,ref      ] GC(34) Encountered references: Soft: 132, Weak: 434, Final: 9, Phantom: 21
[12.470s][info][gc,ref      ] GC(34) Discovered  references: Soft: 0, Weak: 234, Final: 7, Phantom: 14
[12.470s][info][gc,ref      ] GC(34) Enqueued    references: Soft: 0, Weak: 0, Final: 0, Phantom: 0
[12.470s][info][gc          ] GC(34) Concurrent weak references 0.136ms
[12.470s][info][gc,start    ] GC(34) Concurrent weak roots
[12.470s][info][gc,task     ] GC(34) Using 1 of 3 workers for concurrent weak root
[12.471s][info][gc          ] GC(34) Concurrent weak roots 0.613ms
[12.471s][info][gc,start    ] GC(34) Concurrent cleanup
[12.471s][info][gc          ] GC(34) Concurrent cleanup 840M->59M(1024M) 0.111ms
[12.471s][info][gc,ergo     ] GC(34) Free: 911M, Max: 512K regular, 650M humongous, Frag: 29% external, 0% internal; Reserve: 52736K, Max: 512K
[12.471s][info][gc,start    ] GC(34) Concurrent class unloading
[12.471s][info][gc,task     ] GC(34) Using 1 of 3 workers for concurrent class unloading
[12.472s][info][gc          ] GC(34) Concurrent class unloading 1.471ms
[12.472s][info][gc,start    ] GC(34) Pause Final Roots
[12.472s][info][gc          ] GC(34) Pause Final Roots 0.030ms
[12.474s][info][gc,ergo     ] Free: 906M, Max: 512K regular, 648M humongous, Frag: 29% external, 0% internal; Reserve: 52736K, Max: 512K
[12.474s][info][gc,stats    ] 
[12.474s][info][gc,stats    ] All times are wall-clock times, except per-root-class counters, that are sum over
[12.474s][info][gc,stats    ] all workers. Dividing the <total> over the root stage time estimates parallelism.
[12.474s][info][gc,stats    ] 
[12.474s][info][gc,stats    ] Concurrent Reset                    765 us
[12.474s][info][gc,stats    ] Pause Init Mark (G)                6062 us
[12.474s][info][gc,stats    ] Pause Init Mark (N)                 155 us
[12.474s][info][gc,stats    ]   Update Region States               51 us
[12.474s][info][gc,stats    ] Concurrent Mark Roots               552 us, parallelism: 0.81x
[12.474s][info][gc,stats    ]   CMR: <total>                      448 us
[12.474s][info][gc,stats    ]   CMR: Thread Roots                 396 us, workers (us): 396, ---, ---, 
[12.474s][info][gc,stats    ]   CMR: VM Strong Roots                6 us, workers (us):   6, ---, ---, 
[12.474s][info][gc,stats    ]   CMR: CLDG Roots                    46 us, workers (us):  46, ---, ---, 
[12.474s][info][gc,stats    ] Concurrent Marking                 5819 us
[12.474s][info][gc,stats    ] Pause Final Mark (G)                383 us
[12.474s][info][gc,stats    ] Pause Final Mark (N)                324 us
[12.474s][info][gc,stats    ]   Finish Mark                        66 us
[12.474s][info][gc,stats    ]   Update Region States               53 us
[12.474s][info][gc,stats    ]   Choose Collection Set              75 us
[12.474s][info][gc,stats    ]   Rebuild Free Set                   21 us
[12.474s][info][gc,stats    ] Concurrent Weak References          152 us, parallelism: 0.06x
[12.474s][info][gc,stats    ]   CWRF: <total>                       8 us
[12.474s][info][gc,stats    ]   CWRF: Weak References               8 us, workers (us):   8, ---, ---, 
[12.474s][info][gc,stats    ] Concurrent Weak Roots               623 us
[12.474s][info][gc,stats    ]   Roots                             533 us, parallelism: 0.94x
[12.474s][info][gc,stats    ]     CWR: <total>                    500 us
[12.474s][info][gc,stats    ]     CWR: Code Cache Roots           383 us, workers (us): 383, ---, ---, 
[12.474s][info][gc,stats    ]     CWR: VM Weak Roots              113 us, workers (us): 113, ---, ---, 
[12.474s][info][gc,stats    ]     CWR: CLDG Roots                   3 us, workers (us):   3, ---, ---, 
[12.475s][info][gc,stats    ]   Rendezvous                         49 us
[12.475s][info][gc,stats    ] Concurrent Cleanup                  119 us
[12.475s][info][gc,stats    ] Concurrent Class Unloading         1489 us
[12.475s][info][gc,stats    ]   Unlink Stale                     1325 us
[12.475s][info][gc,stats    ]     System Dictionary                 2 us
[12.475s][info][gc,stats    ]     Weak Class Links                  0 us
[12.475s][info][gc,stats    ]     Code Roots                     1322 us
[12.475s][info][gc,stats    ]   Rendezvous                         96 us
[12.475s][info][gc,stats    ]   Purge Unlinked                     35 us
[12.475s][info][gc,stats    ]     Code Roots                       32 us
[12.475s][info][gc,stats    ]     CLDG                              3 us
[12.475s][info][gc,stats    ]     Exception Caches                  0 us
[12.475s][info][gc,stats    ] Pause Final Roots (G)              1885 us
[12.475s][info][gc,stats    ] Pause Final Roots (N)                47 us
[12.475s][info][gc,stats    ] Pacing                            44070 us
[12.475s][info][gc,stats    ] 
[12.475s][info][gc,stats    ] Allocation pacing accrued:
[12.475s][info][gc,stats    ]       8 of   358 ms (  2.1%): Thread-18
[12.475s][info][gc,stats    ]       7 of   358 ms (  2.0%): Thread-19
[12.475s][info][gc,stats    ]       7 of   358 ms (  2.1%): Thread-20
[12.475s][info][gc,stats    ]       8 of   358 ms (  2.2%): Thread-21
[12.475s][info][gc,stats    ]       7 of   358 ms (  2.0%): Thread-22
[12.475s][info][gc,stats    ]       7 of   358 ms (  2.0%): Thread-23
[12.475s][info][gc,stats    ]      44 of   358 ms ( 12.3%): <total>
[12.475s][info][gc,stats    ]       2 of   358 ms (  0.6%): <average total>
[12.475s][info][gc,stats    ]       7 of   358 ms (  2.1%): <average non-zero>
[12.475s][info][gc,stats    ] 
[12.475s][info][gc,metaspace] Metaspace: 6220K(6400K)->6220K(6400K) NonClass: 5614K(5696K)->5614K(5696K) Class: 606K(704K)->606K(704K)
[12.475s][info][gc,ergo     ] Pacer for Idle. Initial: 20971K, Alloc Tax Rate: 1.0x
[12.883s][info][gc          ] Trigger: Average GC time (54.31 ms) is above the time for average allocation rate (1861 MB/s) to deplete free headroom (102199K) (margin of error = 1.78)
[12.883s][info][gc,ergo     ] Free headroom: 151M (free) - 52428K (spike) - 0B (penalties) = 102199K
[12.883s][info][gc,ergo     ] Free: 151M, Max: 512K regular, 132M humongous, Frag: 13% external, 0% internal; Reserve: 52736K, Max: 512K
[12.883s][info][gc,start    ] GC(35) Concurrent reset
[12.883s][info][gc,task     ] GC(35) Using 1 of 3 workers for concurrent reset
[12.883s][info][gc,ergo     ] GC(35) Pacer for Reset. Non-Taxable: 1024M
[12.883s][info][gc          ] GC(35) Concurrent reset 0.217ms
[12.883s][info][gc,start    ] GC(35) Pause Init Mark (unload classes)
[12.883s][info][gc,task     ] GC(35) Using 3 of 3 workers for init marking
[12.883s][info][gc,ergo     ] GC(35) Pacer for Mark. Expected Live: 14256K, Free: 151M, Non-Taxable: 15462K, Alloc Tax Rate: 0.1x
[12.883s][info][gc          ] GC(35) Pause Init Mark (unload classes) 0.118ms
[12.885s][info][gc,start    ] GC(35) Concurrent marking roots
[12.885s][info][gc,task     ] GC(35) Using 1 of 3 workers for concurrent marking roots
[12.886s][info][gc          ] GC(35) Concurrent marking roots 0.542ms
[12.886s][info][gc,start    ] GC(35) Concurrent marking (unload classes)
[12.886s][info][gc,task     ] GC(35) Using 1 of 3 workers for concurrent marking
[12.899s][info][gc          ] GC(35) Concurrent marking (unload classes) 13.245ms
[12.899s][info][gc,start    ] GC(35) Pause Final Mark (unload classes)
[12.899s][info][gc,task     ] GC(35) Using 3 of 3 workers for final marking
[12.899s][info][gc,ergo     ] GC(35) Adaptive CSet Selection. Target Free: 145M, Actual Free: 806M, Max CSet: 43690K, Min Garbage: 0B
[12.899s][info][gc,ergo     ] GC(35) Collectable Garbage: 806M (99%), Immediate: 629M (77%), CSet: 177M (21%)
[12.899s][info][gc,ergo     ] GC(35) Pacer for Evacuation. Used CSet: 179M, Free: 755M, Non-Taxable: 77312K, Alloc Tax Rate: 1.1x
[12.899s][info][gc          ] GC(35) Pause Final Mark (unload classes) 0.241ms
[12.899s][info][gc,start    ] GC(35) Concurrent thread roots
[12.899s][info][gc,task     ] GC(35) Using 1 of 3 workers for Concurrent thread roots
[12.900s][info][gc          ] GC(35) Concurrent thread roots 0.496ms
[12.900s][info][gc,start    ] GC(35) Concurrent weak references
[12.900s][info][gc,task     ] GC(35) Using 1 of 3 workers for concurrent weak references
[12.900s][info][gc,ref      ] GC(35) Encountered references: Soft: 132, Weak: 434, Final: 9, Phantom: 21
[12.900s][info][gc,ref      ] GC(35) Discovered  references: Soft: 0, Weak: 234, Final: 7, Phantom: 14
[12.900s][info][gc,ref      ] GC(35) Enqueued    references: Soft: 0, Weak: 0, Final: 0, Phantom: 0
[12.900s][info][gc          ] GC(35) Concurrent weak references 0.061ms
[12.900s][info][gc,start    ] GC(35) Concurrent weak roots
[12.900s][info][gc,task     ] GC(35) Using 1 of 3 workers for concurrent weak root
[12.905s][info][gc          ] GC(35) Concurrent weak roots 5.177ms
[12.905s][info][gc,start    ] GC(35) Concurrent cleanup
[12.905s][info][gc          ] GC(35) Concurrent cleanup 855M->226M(1024M) 0.096ms
[12.905s][info][gc,ergo     ] GC(35) Free: 745M, Max: 512K regular, 370M humongous, Frag: 51% external, 0% internal; Reserve: 52320K, Max: 512K
[12.905s][info][gc,start    ] GC(35) Concurrent class unloading
[12.905s][info][gc,task     ] GC(35) Using 1 of 3 workers for concurrent class unloading
[12.907s][info][gc          ] GC(35) Concurrent class unloading 1.722ms
[12.907s][info][gc,start    ] GC(35) Concurrent strong roots
[12.907s][info][gc,task     ] GC(35) Using 1 of 3 workers for concurrent strong root
[12.907s][info][gc          ] GC(35) Concurrent strong roots 0.089ms
[12.907s][info][gc,start    ] GC(35) Concurrent evacuation
[12.907s][info][gc,task     ] GC(35) Using 1 of 3 workers for concurrent evacuation
[12.909s][info][gc          ] GC(35) Concurrent evacuation 2.333ms
[12.909s][info][gc,start    ] GC(35) Pause Init Update Refs
[12.909s][info][gc,ergo     ] GC(35) Pacer for Update Refs. Used: 235M, Free: 739M, Non-Taxable: 75674K, Alloc Tax Rate: 1.1x
[12.909s][info][gc          ] GC(35) Pause Init Update Refs 0.037ms
[12.915s][info][gc,start    ] GC(35) Concurrent update references
[12.915s][info][gc,task     ] GC(35) Using 1 of 3 workers for concurrent reference update
[12.922s][info][gc          ] GC(35) Concurrent update references 6.392ms
[12.922s][info][gc,start    ] GC(35) Concurrent update thread roots
[12.922s][info][gc          ] GC(35) Concurrent update thread roots 0.570ms
[12.922s][info][gc,start    ] GC(35) Pause Final Update Refs
[12.922s][info][gc,task     ] GC(35) Using 3 of 3 workers for final reference update
[12.922s][info][gc          ] GC(35) Pause Final Update Refs 0.104ms
[12.932s][info][gc,start    ] GC(35) Concurrent cleanup
[12.932s][info][gc          ] GC(35) Concurrent cleanup 272M->93M(1024M) 0.051ms
[12.932s][info][gc,ergo     ] Free: 878M, Max: 512K regular, 609M humongous, Frag: 31% external, 0% internal; Reserve: 52736K, Max: 512K
[12.932s][info][gc,stats    ] 
[12.932s][info][gc,stats    ] All times are wall-clock times, except per-root-class counters, that are sum over
[12.932s][info][gc,stats    ] all workers. Dividing the <total> over the root stage time estimates parallelism.
[12.932s][info][gc,stats    ] 
[12.932s][info][gc,stats    ] Concurrent Reset                    227 us
[12.932s][info][gc,stats    ] Pause Init Mark (G)                2007 us
[12.932s][info][gc,stats    ] Pause Init Mark (N)                 131 us
[12.932s][info][gc,stats    ]   Update Region States               38 us
[12.932s][info][gc,stats    ] Concurrent Mark Roots               552 us, parallelism: 0.87x
[12.932s][info][gc,stats    ]   CMR: <total>                      482 us
[12.932s][info][gc,stats    ]   CMR: Thread Roots                 435 us, workers (us): 435, ---, ---, 
[12.932s][info][gc,stats    ]   CMR: VM Strong Roots                6 us, workers (us):   6, ---, ---, 
[12.932s][info][gc,stats    ]   CMR: CLDG Roots                    42 us, workers (us):  42, ---, ---, 
[12.932s][info][gc,stats    ] Concurrent Marking                13306 us
[12.932s][info][gc,stats    ] Pause Final Mark (G)                364 us
[12.932s][info][gc,stats    ] Pause Final Mark (N)                250 us
[12.932s][info][gc,stats    ]   Finish Mark                        41 us
[12.932s][info][gc,stats    ]   Update Region States               41 us
[12.932s][info][gc,stats    ]   Choose Collection Set              91 us
[12.932s][info][gc,stats    ]   Rebuild Free Set                    9 us
[12.932s][info][gc,stats    ] Concurrent Thread Roots             507 us, parallelism: 0.89x
[12.932s][info][gc,stats    ]   CTR: <total>                      450 us
[12.932s][info][gc,stats    ]   CTR: Thread Roots                 450 us, workers (us): 450, ---, ---, 
[12.932s][info][gc,stats    ] Concurrent Weak References           68 us, parallelism: 0.17x
[12.932s][info][gc,stats    ]   CWRF: <total>                      11 us
[12.932s][info][gc,stats    ]   CWRF: Weak References              11 us, workers (us):  11, ---, ---, 
[12.932s][info][gc,stats    ] Concurrent Weak Roots              5197 us
[12.932s][info][gc,stats    ]   Roots                             457 us, parallelism: 0.96x
[12.932s][info][gc,stats    ]     CWR: <total>                    440 us
[12.932s][info][gc,stats    ]     CWR: Code Cache Roots           332 us, workers (us): 332, ---, ---, 
[12.932s][info][gc,stats    ]     CWR: VM Weak Roots              106 us, workers (us): 106, ---, ---, 
[12.932s][info][gc,stats    ]     CWR: CLDG Roots                   2 us, workers (us):   2, ---, ---, 
[12.932s][info][gc,stats    ]   Rendezvous                       4704 us
[12.932s][info][gc,stats    ] Concurrent Cleanup                  106 us
[12.932s][info][gc,stats    ] Concurrent Class Unloading         1742 us
[12.932s][info][gc,stats    ]   Unlink Stale                     1492 us
[12.932s][info][gc,stats    ]     System Dictionary                 3 us
[12.932s][info][gc,stats    ]     Weak Class Links                  0 us
[12.932s][info][gc,stats    ]     Code Roots                     1488 us
[12.932s][info][gc,stats    ]   Rendezvous                        173 us
[12.932s][info][gc,stats    ]   Purge Unlinked                     39 us
[12.932s][info][gc,stats    ]     Code Roots                       36 us
[12.933s][info][gc,stats    ]     CLDG                              3 us
[12.933s][info][gc,stats    ]     Exception Caches                  0 us
[12.933s][info][gc,stats    ] Concurrent Strong Roots             104 us, parallelism: 0.52x
[12.933s][info][gc,stats    ]   CSR: <total>                       55 us
[12.933s][info][gc,stats    ]   CSR: VM Strong Roots                4 us, workers (us):   4, ---, ---, 
[12.933s][info][gc,stats    ]   CSR: CLDG Roots                    50 us, workers (us):  50, ---, ---, 
[12.933s][info][gc,stats    ] Concurrent Evacuation              2377 us
[12.933s][info][gc,stats    ] Pause Init Update Refs (G)         5943 us
[12.933s][info][gc,stats    ] Pause Init Update Refs (N)           46 us
[12.933s][info][gc,stats    ]   Manage GCLABs                       3 us
[12.933s][info][gc,stats    ] Concurrent Update Refs             6445 us
[12.933s][info][gc,stats    ] Concurrent Update Thread Roots      591 us
[12.933s][info][gc,stats    ] Pause Final Update Refs (G)        9717 us
[12.933s][info][gc,stats    ] Pause Final Update Refs (N)         124 us
[12.933s][info][gc,stats    ]   Update Region States               40 us
[12.933s][info][gc,stats    ]   Trash Collection Set                9 us
[12.933s][info][gc,stats    ]   Rebuild Free Set                   15 us
[12.933s][info][gc,stats    ] Concurrent Cleanup                   73 us
[12.933s][info][gc,stats    ] Pacing                            20583 us
[12.933s][info][gc,stats    ] 
[12.933s][info][gc,stats    ] Allocation pacing accrued:
[12.933s][info][gc,stats    ]       4 of   458 ms (  0.9%): Thread-18
[12.933s][info][gc,stats    ]       3 of   458 ms (  0.7%): Thread-19
[12.933s][info][gc,stats    ]       3 of   458 ms (  0.7%): Thread-20
[12.933s][info][gc,stats    ]       3 of   458 ms (  0.7%): Thread-21
[12.933s][info][gc,stats    ]       3 of   458 ms (  0.7%): Thread-22
[12.933s][info][gc,stats    ]       4 of   458 ms (  0.8%): Thread-23
[12.933s][info][gc,stats    ]      21 of   458 ms (  4.5%): <total>
[12.933s][info][gc,stats    ]       1 of   458 ms (  0.2%): <average total>
[12.933s][info][gc,stats    ]       3 of   458 ms (  0.7%): <average non-zero>
[12.933s][info][gc,stats    ] 
[12.933s][info][gc,metaspace] Metaspace: 6220K(6400K)->6220K(6400K) NonClass: 5614K(5696K)->5614K(5696K) Class: 606K(704K)->606K(704K)
[12.933s][info][gc,ergo     ] Pacer for Idle. Initial: 20971K, Alloc Tax Rate: 1.0x
[13.294s][info][gc          ] Trigger: Average GC time (63.82 ms) is above the time for average allocation rate (2040 MB/s) to deplete free headroom (106M) (margin of error = 1.78)
[13.294s][info][gc,ergo     ] Free headroom: 158M (free) - 52428K (spike) - 0B (penalties) = 106M
[13.294s][info][gc,ergo     ] Free: 157M, Max: 512K regular, 114M humongous, Frag: 28% external, 0% internal; Reserve: 52736K, Max: 512K
[13.294s][info][gc,start    ] GC(36) Concurrent reset
[13.294s][info][gc,task     ] GC(36) Using 1 of 3 workers for concurrent reset
[13.294s][info][gc,ergo     ] GC(36) Pacer for Reset. Non-Taxable: 1024M
[13.295s][info][gc          ] GC(36) Concurrent reset 0.767ms
[13.295s][info][gc,start    ] GC(36) Pause Init Mark (unload classes)
[13.295s][info][gc,task     ] GC(36) Using 3 of 3 workers for init marking
[13.295s][info][gc,ergo     ] GC(36) Pacer for Mark. Expected Live: 14249K, Free: 156M, Non-Taxable: 16026K, Alloc Tax Rate: 0.1x
[13.295s][info][gc          ] GC(36) Pause Init Mark (unload classes) 0.131ms
[13.299s][info][gc,start    ] GC(36) Concurrent marking roots
[13.299s][info][gc,task     ] GC(36) Using 1 of 3 workers for concurrent marking roots
[13.299s][info][gc          ] GC(36) Concurrent marking roots 0.574ms
[13.299s][info][gc,start    ] GC(36) Concurrent marking (unload classes)
[13.299s][info][gc,task     ] GC(36) Using 1 of 3 workers for concurrent marking
[13.307s][info][gc          ] GC(36) Concurrent marking (unload classes) 7.744ms
[13.307s][info][gc,start    ] GC(36) Pause Final Mark (unload classes)
[13.307s][info][gc,task     ] GC(36) Using 3 of 3 workers for final marking
[13.307s][info][gc,ergo     ] GC(36) Adaptive CSet Selection. Target Free: 145M, Actual Free: 798M, Max CSet: 43690K, Min Garbage: 0B
[13.307s][info][gc,ergo     ] GC(36) Collectable Garbage: 800M (99%), Immediate: 605M (75%), CSet: 195M (24%)
[13.307s][info][gc,ergo     ] GC(36) Pacer for Evacuation. Used CSet: 197M, Free: 746M, Non-Taxable: 76442K, Alloc Tax Rate: 1.1x
[13.307s][info][gc          ] GC(36) Pause Final Mark (unload classes) 0.416ms
[13.308s][info][gc,start    ] GC(36) Concurrent thread roots
[13.308s][info][gc,task     ] GC(36) Using 1 of 3 workers for Concurrent thread roots
[13.308s][info][gc          ] GC(36) Concurrent thread roots 0.573ms
[13.308s][info][gc,start    ] GC(36) Concurrent weak references
[13.308s][info][gc,task     ] GC(36) Using 1 of 3 workers for concurrent weak references
[13.308s][info][gc,ref      ] GC(36) Encountered references: Soft: 132, Weak: 434, Final: 9, Phantom: 21
[13.308s][info][gc,ref      ] GC(36) Discovered  references: Soft: 0, Weak: 234, Final: 7, Phantom: 14
[13.308s][info][gc,ref      ] GC(36) Enqueued    references: Soft: 0, Weak: 0, Final: 0, Phantom: 0
[13.308s][info][gc          ] GC(36) Concurrent weak references 0.077ms
[13.308s][info][gc,start    ] GC(36) Concurrent weak roots
[13.308s][info][gc,task     ] GC(36) Using 1 of 3 workers for concurrent weak root
[13.309s][info][gc          ] GC(36) Concurrent weak roots 0.647ms
[13.309s][info][gc,start    ] GC(36) Concurrent cleanup
[13.309s][info][gc          ] GC(36) Concurrent cleanup 830M->225M(1024M) 0.079ms
[13.309s][info][gc,ergo     ] GC(36) Free: 746M, Max: 512K regular, 418M humongous, Frag: 45% external, 0% internal; Reserve: 52328K, Max: 512K
[13.309s][info][gc,start    ] GC(36) Concurrent class unloading
[13.309s][info][gc,task     ] GC(36) Using 1 of 3 workers for concurrent class unloading
[13.313s][info][gc          ] GC(36) Concurrent class unloading 4.054ms
[13.313s][info][gc,start    ] GC(36) Concurrent strong roots
[13.313s][info][gc,task     ] GC(36) Using 1 of 3 workers for concurrent strong root
[13.313s][info][gc          ] GC(36) Concurrent strong roots 0.078ms
[13.313s][info][gc,start    ] GC(36) Concurrent evacuation
[13.313s][info][gc,task     ] GC(36) Using 1 of 3 workers for concurrent evacuation
[13.316s][info][gc          ] GC(36) Concurrent evacuation 2.440ms
[13.316s][info][gc,start    ] GC(36) Pause Init Update Refs
[13.316s][info][gc,ergo     ] GC(36) Pacer for Update Refs. Used: 238M, Free: 735M, Non-Taxable: 75315K, Alloc Tax Rate: 1.1x
[13.316s][info][gc          ] GC(36) Pause Init Update Refs 0.043ms
[13.318s][info][gc,start    ] GC(36) Concurrent update references
[13.318s][info][gc,task     ] GC(36) Using 1 of 3 workers for concurrent reference update
[13.323s][info][gc          ] GC(36) Concurrent update references 5.341ms
[13.323s][info][gc,start    ] GC(36) Concurrent update thread roots
[13.325s][info][gc          ] GC(36) Concurrent update thread roots 2.178ms
[13.325s][info][gc,start    ] GC(36) Pause Final Update Refs
[13.325s][info][gc,task     ] GC(36) Using 3 of 3 workers for final reference update
[13.325s][info][gc          ] GC(36) Pause Final Update Refs 0.100ms
[13.329s][info][gc,start    ] GC(36) Concurrent cleanup
[13.329s][info][gc          ] GC(36) Concurrent cleanup 261M->64M(1024M) 0.059ms
[13.329s][info][gc,ergo     ] Free: 907M, Max: 512K regular, 619M humongous, Frag: 32% external, 0% internal; Reserve: 52736K, Max: 512K
[13.329s][info][gc,stats    ] 
[13.329s][info][gc,stats    ] All times are wall-clock times, except per-root-class counters, that are sum over
[13.329s][info][gc,stats    ] all workers. Dividing the <total> over the root stage time estimates parallelism.
[13.329s][info][gc,stats    ] 
[13.329s][info][gc,stats    ] Concurrent Reset                    811 us
[13.329s][info][gc,stats    ] Pause Init Mark (G)                4077 us
[13.329s][info][gc,stats    ] Pause Init Mark (N)                 143 us
[13.329s][info][gc,stats    ]   Update Region States               43 us
[13.329s][info][gc,stats    ] Concurrent Mark Roots               585 us, parallelism: 0.86x
[13.329s][info][gc,stats    ]   CMR: <total>                      504 us
[13.329s][info][gc,stats    ]   CMR: Thread Roots                 452 us, workers (us): 452, ---, ---, 
[13.329s][info][gc,stats    ]   CMR: VM Strong Roots                6 us, workers (us):   6, ---, ---, 
[13.329s][info][gc,stats    ]   CMR: CLDG Roots                    46 us, workers (us):  46, ---, ---, 
[13.329s][info][gc,stats    ] Concurrent Marking                 7813 us
[13.329s][info][gc,stats    ] Pause Final Mark (G)                508 us
[13.329s][info][gc,stats    ] Pause Final Mark (N)                454 us
[13.329s][info][gc,stats    ]   Finish Mark                        61 us
[13.329s][info][gc,stats    ]   Update Region States               52 us
[13.329s][info][gc,stats    ]   Choose Collection Set             183 us
[13.329s][info][gc,stats    ]   Rebuild Free Set                   23 us
[13.329s][info][gc,stats    ] Concurrent Thread Roots             582 us, parallelism: 0.86x
[13.329s][info][gc,stats    ]   CTR: <total>                      499 us
[13.329s][info][gc,stats    ]   CTR: Thread Roots                 499 us, workers (us): 499, ---, ---, 
[13.329s][info][gc,stats    ] Concurrent Weak References           84 us, parallelism: 0.22x
[13.329s][info][gc,stats    ]   CWRF: <total>                      19 us
[13.330s][info][gc,stats    ]   CWRF: Weak References              19 us, workers (us):  19, ---, ---, 
[13.330s][info][gc,stats    ] Concurrent Weak Roots               658 us
[13.330s][info][gc,stats    ]   Roots                             602 us, parallelism: 0.95x
[13.330s][info][gc,stats    ]     CWR: <total>                    574 us
[13.330s][info][gc,stats    ]     CWR: Code Cache Roots           369 us, workers (us): 369, ---, ---, 
[13.330s][info][gc,stats    ]     CWR: VM Weak Roots              202 us, workers (us): 202, ---, ---, 
[13.330s][info][gc,stats    ]     CWR: CLDG Roots                   3 us, workers (us):   3, ---, ---, 
[13.330s][info][gc,stats    ]   Rendezvous                         31 us
[13.330s][info][gc,stats    ] Concurrent Cleanup                   87 us
[13.330s][info][gc,stats    ] Concurrent Class Unloading         4097 us
[13.330s][info][gc,stats    ]   Unlink Stale                     1392 us
[13.330s][info][gc,stats    ]     System Dictionary                 2 us
[13.330s][info][gc,stats    ]     Weak Class Links                  0 us
[13.330s][info][gc,stats    ]     Code Roots                     1389 us
[13.330s][info][gc,stats    ]   Rendezvous                       2562 us
[13.330s][info][gc,stats    ]   Purge Unlinked                     81 us
[13.330s][info][gc,stats    ]     Code Roots                       77 us
[13.330s][info][gc,stats    ]     CLDG                              4 us
[13.330s][info][gc,stats    ]     Exception Caches                  0 us
[13.330s][info][gc,stats    ] Concurrent Strong Roots              87 us, parallelism: 0.54x
[13.330s][info][gc,stats    ]   CSR: <total>                       47 us
[13.330s][info][gc,stats    ]   CSR: VM Strong Roots                4 us, workers (us):   4, ---, ---, 
[13.330s][info][gc,stats    ]   CSR: CLDG Roots                    43 us, workers (us):  43, ---, ---, 
[13.330s][info][gc,stats    ] Concurrent Evacuation              2486 us
[13.330s][info][gc,stats    ] Pause Init Update Refs (G)         1964 us
[13.330s][info][gc,stats    ] Pause Init Update Refs (N)           51 us
[13.330s][info][gc,stats    ]   Manage GCLABs                       3 us
[13.330s][info][gc,stats    ] Concurrent Update Refs             5393 us
[13.330s][info][gc,stats    ] Concurrent Update Thread Roots     2195 us
[13.330s][info][gc,stats    ] Pause Final Update Refs (G)        3996 us
[13.330s][info][gc,stats    ] Pause Final Update Refs (N)         131 us
[13.330s][info][gc,stats    ]   Update Region States               42 us
[13.330s][info][gc,stats    ]   Trash Collection Set               10 us
[13.330s][info][gc,stats    ]   Rebuild Free Set                   15 us
[13.330s][info][gc,stats    ] Concurrent Cleanup                   68 us
[13.330s][info][gc,stats    ] Pacing                            57309 us
[13.330s][info][gc,stats    ] 
[13.330s][info][gc,stats    ] Allocation pacing accrued:
[13.330s][info][gc,stats    ]       9 of   397 ms (  2.3%): Thread-18
[13.330s][info][gc,stats    ]      11 of   397 ms (  2.7%): Thread-19
[13.330s][info][gc,stats    ]       9 of   397 ms (  2.3%): Thread-20
[13.330s][info][gc,stats    ]      10 of   397 ms (  2.5%): Thread-21
[13.330s][info][gc,stats    ]       9 of   397 ms (  2.3%): Thread-22
[13.330s][info][gc,stats    ]      10 of   397 ms (  2.4%): Thread-23
[13.330s][info][gc,stats    ]      57 of   397 ms ( 14.4%): <total>
[13.330s][info][gc,stats    ]       3 of   397 ms (  0.8%): <average total>
[13.330s][info][gc,stats    ]      10 of   397 ms (  2.4%): <average non-zero>
[13.330s][info][gc,stats    ] 
[13.330s][info][gc,metaspace] Metaspace: 6220K(6400K)->6220K(6400K) NonClass: 5614K(5696K)->5614K(5696K) Class: 606K(704K)->606K(704K)
[13.330s][info][gc,ergo     ] Pacer for Idle. Initial: 20971K, Alloc Tax Rate: 1.0x
[13.688s][info][gc          ] Trigger: Average GC time (55.07 ms) is above the time for average allocation rate (2173 MB/s) to deplete free headroom (85815K) (margin of error = 1.78)
[13.688s][info][gc,ergo     ] Free headroom: 135M (free) - 52428K (spike) - 0B (penalties) = 85815K
[13.688s][info][gc,ergo     ] Free: 135M, Max: 512K regular, 135M humongous, Frag: 0% external, 0% internal; Reserve: 52736K, Max: 512K
[13.688s][info][gc,start    ] GC(37) Concurrent reset
[13.688s][info][gc,task     ] GC(37) Using 1 of 3 workers for concurrent reset
[13.688s][info][gc,ergo     ] GC(37) Pacer for Reset. Non-Taxable: 1024M
[13.689s][info][gc          ] GC(37) Concurrent reset 0.849ms
[13.689s][info][gc,start    ] GC(37) Pause Init Mark (unload classes)
[13.689s][info][gc,task     ] GC(37) Using 3 of 3 workers for init marking
[13.689s][info][gc,ergo     ] GC(37) Pacer for Mark. Expected Live: 14292K, Free: 133M, Non-Taxable: 13619K, Alloc Tax Rate: 0.1x
[13.689s][info][gc          ] GC(37) Pause Init Mark (unload classes) 0.151ms
[13.693s][info][gc,start    ] GC(37) Concurrent marking roots
[13.693s][info][gc,task     ] GC(37) Using 1 of 3 workers for concurrent marking roots
[13.694s][info][gc          ] GC(37) Concurrent marking roots 0.558ms
[13.694s][info][gc,start    ] GC(37) Concurrent marking (unload classes)
[13.694s][info][gc,task     ] GC(37) Using 1 of 3 workers for concurrent marking
[13.701s][info][gc          ] GC(37) Concurrent marking (unload classes) 7.134ms
[13.701s][info][gc,start    ] GC(37) Pause Final Mark (unload classes)
[13.701s][info][gc,task     ] GC(37) Using 3 of 3 workers for final marking
[13.701s][info][gc,ergo     ] GC(37) Adaptive CSet Selection. Target Free: 145M, Actual Free: 830M, Max CSet: 43690K, Min Garbage: 0B
[13.701s][info][gc,ergo     ] GC(37) Collectable Garbage: 824M (99%), Immediate: 658M (79%), CSet: 165M (20%)
[13.701s][info][gc,ergo     ] GC(37) Pacer for Evacuation. Used CSet: 168M, Free: 778M, Non-Taxable: 79718K, Alloc Tax Rate: 1.1x
[13.701s][info][gc          ] GC(37) Pause Final Mark (unload classes) 0.421ms
[13.702s][info][gc,start    ] GC(37) Concurrent thread roots
[13.702s][info][gc,task     ] GC(37) Using 1 of 3 workers for Concurrent thread roots
[13.702s][info][gc          ] GC(37) Concurrent thread roots 0.584ms
[13.702s][info][gc,start    ] GC(37) Concurrent weak references
[13.702s][info][gc,task     ] GC(37) Using 1 of 3 workers for concurrent weak references
[13.702s][info][gc,ref      ] GC(37) Encountered references: Soft: 132, Weak: 434, Final: 9, Phantom: 21
[13.702s][info][gc,ref      ] GC(37) Discovered  references: Soft: 0, Weak: 234, Final: 7, Phantom: 14
[13.702s][info][gc,ref      ] GC(37) Enqueued    references: Soft: 0, Weak: 0, Final: 0, Phantom: 0
[13.702s][info][gc          ] GC(37) Concurrent weak references 0.063ms
[13.702s][info][gc,start    ] GC(37) Concurrent weak roots
[13.702s][info][gc,task     ] GC(37) Using 1 of 3 workers for concurrent weak root
[13.703s][info][gc          ] GC(37) Concurrent weak roots 0.485ms
[13.703s][info][gc,start    ] GC(37) Concurrent cleanup
[13.703s][info][gc          ] GC(37) Concurrent cleanup 851M->193M(1024M) 0.082ms
[13.703s][info][gc,ergo     ] GC(37) Free: 778M, Max: 512K regular, 580M humongous, Frag: 26% external, 0% internal; Reserve: 52336K, Max: 512K
[13.703s][info][gc,start    ] GC(37) Concurrent class unloading
[13.703s][info][gc,task     ] GC(37) Using 1 of 3 workers for concurrent class unloading
[13.704s][info][gc          ] GC(37) Concurrent class unloading 1.616ms
[13.704s][info][gc,start    ] GC(37) Concurrent strong roots
[13.704s][info][gc,task     ] GC(37) Using 1 of 3 workers for concurrent strong root
[13.705s][info][gc          ] GC(37) Concurrent strong roots 0.078ms
[13.705s][info][gc,start    ] GC(37) Concurrent evacuation
[13.705s][info][gc,task     ] GC(37) Using 1 of 3 workers for concurrent evacuation
[13.707s][info][gc          ] GC(37) Concurrent evacuation 2.126ms
[13.707s][info][gc,start    ] GC(37) Pause Init Update Refs
[13.707s][info][gc,ergo     ] GC(37) Pacer for Update Refs. Used: 201M, Free: 773M, Non-Taxable: 79155K, Alloc Tax Rate: 1.1x
[13.707s][info][gc          ] GC(37) Pause Init Update Refs 0.044ms
[13.719s][info][gc,start    ] GC(37) Concurrent update references
[13.719s][info][gc,task     ] GC(37) Using 1 of 3 workers for concurrent reference update
[13.724s][info][gc          ] GC(37) Concurrent update references 5.172ms
[13.724s][info][gc,start    ] GC(37) Concurrent update thread roots
[13.724s][info][gc          ] GC(37) Concurrent update thread roots 0.569ms
[13.725s][info][gc,start    ] GC(37) Pause Final Update Refs
[13.725s][info][gc,task     ] GC(37) Using 3 of 3 workers for final reference update
[13.725s][info][gc          ] GC(37) Pause Final Update Refs 0.108ms
[13.735s][info][gc,start    ] GC(37) Concurrent cleanup
[13.735s][info][gc          ] GC(37) Concurrent cleanup 243M->75M(1024M) 0.042ms
[13.735s][info][gc,ergo     ] Free: 895M, Max: 512K regular, 605M humongous, Frag: 33% external, 0% internal; Reserve: 52736K, Max: 512K
[13.735s][info][gc,stats    ] 
[13.735s][info][gc,stats    ] All times are wall-clock times, except per-root-class counters, that are sum over
[13.735s][info][gc,stats    ] all workers. Dividing the <total> over the root stage time estimates parallelism.
[13.735s][info][gc,stats    ] 
[13.735s][info][gc,stats    ] Concurrent Reset                    888 us
[13.735s][info][gc,stats    ] Pause Init Mark (G)                4130 us
[13.735s][info][gc,stats    ] Pause Init Mark (N)                 162 us
[13.735s][info][gc,stats    ]   Update Region States               54 us
[13.735s][info][gc,stats    ] Concurrent Mark Roots               568 us, parallelism: 0.88x
[13.735s][info][gc,stats    ]   CMR: <total>                      502 us
[13.735s][info][gc,stats    ]   CMR: Thread Roots                 447 us, workers (us): 447, ---, ---, 
[13.735s][info][gc,stats    ]   CMR: VM Strong Roots                6 us, workers (us):   6, ---, ---, 
[13.735s][info][gc,stats    ]   CMR: CLDG Roots                    49 us, workers (us):  49, ---, ---, 
[13.735s][info][gc,stats    ] Concurrent Marking                 7201 us
[13.735s][info][gc,stats    ] Pause Final Mark (G)                497 us
[13.735s][info][gc,stats    ] Pause Final Mark (N)                442 us
[13.735s][info][gc,stats    ]   Finish Mark                        62 us
[13.735s][info][gc,stats    ]   Update Region States               52 us
[13.735s][info][gc,stats    ]   Choose Collection Set             173 us
[13.735s][info][gc,stats    ]   Rebuild Free Set                   22 us
[13.735s][info][gc,stats    ] Concurrent Thread Roots             593 us, parallelism: 0.87x
[13.735s][info][gc,stats    ]   CTR: <total>                      515 us
[13.735s][info][gc,stats    ]   CTR: Thread Roots                 515 us, workers (us): 515, ---, ---, 
[13.735s][info][gc,stats    ] Concurrent Weak References           70 us, parallelism: 0.15x
[13.735s][info][gc,stats    ]   CWRF: <total>                      10 us
[13.735s][info][gc,stats    ]   CWRF: Weak References              10 us, workers (us):  10, ---, ---, 
[13.735s][info][gc,stats    ] Concurrent Weak Roots               496 us
[13.735s][info][gc,stats    ]   Roots                             441 us, parallelism: 0.95x
[13.735s][info][gc,stats    ]     CWR: <total>                    419 us
[13.735s][info][gc,stats    ]     CWR: Code Cache Roots           315 us, workers (us): 315, ---, ---, 
[13.735s][info][gc,stats    ]     CWR: VM Weak Roots              101 us, workers (us): 101, ---, ---, 
[13.735s][info][gc,stats    ]     CWR: CLDG Roots                   2 us, workers (us):   2, ---, ---, 
[13.735s][info][gc,stats    ]   Rendezvous                         30 us
[13.735s][info][gc,stats    ] Concurrent Cleanup                   90 us
[13.735s][info][gc,stats    ] Concurrent Class Unloading         1647 us
[13.735s][info][gc,stats    ]   Unlink Stale                     1373 us
[13.735s][info][gc,stats    ]     System Dictionary                 2 us
[13.735s][info][gc,stats    ]     Weak Class Links                  0 us
[13.735s][info][gc,stats    ]     Code Roots                     1370 us
[13.735s][info][gc,stats    ]   Rendezvous                        155 us
[13.735s][info][gc,stats    ]   Purge Unlinked                     66 us
[13.735s][info][gc,stats    ]     Code Roots                       61 us
[13.735s][info][gc,stats    ]     CLDG                              5 us
[13.735s][info][gc,stats    ]     Exception Caches                  0 us
[13.735s][info][gc,stats    ] Concurrent Strong Roots              87 us, parallelism: 0.56x
[13.735s][info][gc,stats    ]   CSR: <total>                       48 us
[13.735s][info][gc,stats    ]   CSR: VM Strong Roots                4 us, workers (us):   4, ---, ---, 
[13.735s][info][gc,stats    ]   CSR: CLDG Roots                    44 us, workers (us):  44, ---, ---, 
[13.735s][info][gc,stats    ] Concurrent Evacuation              2170 us
[13.735s][info][gc,stats    ] Pause Init Update Refs (G)        11985 us
[13.735s][info][gc,stats    ] Pause Init Update Refs (N)           53 us
[13.735s][info][gc,stats    ]   Manage GCLABs                       3 us
[13.735s][info][gc,stats    ] Concurrent Update Refs             5221 us
[13.735s][info][gc,stats    ] Concurrent Update Thread Roots      589 us
[13.735s][info][gc,stats    ] Pause Final Update Refs (G)       10030 us
[13.735s][info][gc,stats    ] Pause Final Update Refs (N)         130 us
[13.735s][info][gc,stats    ]   Update Region States               41 us
[13.735s][info][gc,stats    ]   Trash Collection Set                8 us
[13.735s][info][gc,stats    ]   Rebuild Free Set                   15 us
[13.735s][info][gc,stats    ] Concurrent Cleanup                   51 us
[13.735s][info][gc,stats    ] Pacing                            58394 us
[13.735s][info][gc,stats    ] 
[13.735s][info][gc,stats    ] Allocation pacing accrued:
[13.735s][info][gc,stats    ]      10 of   405 ms (  2.5%): Thread-18
[13.735s][info][gc,stats    ]      11 of   405 ms (  2.6%): Thread-19
[13.735s][info][gc,stats    ]      10 of   405 ms (  2.4%): Thread-20
[13.735s][info][gc,stats    ]      10 of   405 ms (  2.4%): Thread-21
[13.735s][info][gc,stats    ]       9 of   405 ms (  2.2%): Thread-22
[13.735s][info][gc,stats    ]       9 of   405 ms (  2.3%): Thread-23
[13.735s][info][gc,stats    ]      58 of   405 ms ( 14.4%): <total>
[13.735s][info][gc,stats    ]       3 of   405 ms (  0.8%): <average total>
[13.735s][info][gc,stats    ]      10 of   405 ms (  2.4%): <average non-zero>
[13.735s][info][gc,stats    ] 
[13.735s][info][gc,metaspace] Metaspace: 6220K(6400K)->6220K(6400K) NonClass: 5614K(5696K)->5614K(5696K) Class: 606K(704K)->606K(704K)
[13.735s][info][gc,ergo     ] Pacer for Idle. Initial: 20971K, Alloc Tax Rate: 1.0x
[14.050s][info][gc          ] Trigger: Average GC time (56.54 ms) is above the time for average allocation rate (2322 MB/s) to deplete free headroom (114M) (margin of error = 1.78)
[14.050s][info][gc,ergo     ] Free headroom: 166M (free) - 52428K (spike) - 0B (penalties) = 114M
[14.050s][info][gc,ergo     ] Free: 166M, Max: 512K regular, 120M humongous, Frag: 28% external, 0% internal; Reserve: 52736K, Max: 512K
[14.050s][info][gc,start    ] GC(38) Concurrent reset
[14.050s][info][gc,task     ] GC(38) Using 1 of 3 workers for concurrent reset
[14.050s][info][gc,ergo     ] GC(38) Pacer for Reset. Non-Taxable: 1024M
[14.051s][info][gc          ] GC(38) Concurrent reset 0.738ms
[14.051s][info][gc,start    ] GC(38) Pause Init Mark (unload classes)
[14.051s][info][gc,task     ] GC(38) Using 3 of 3 workers for init marking
[14.051s][info][gc,ergo     ] GC(38) Pacer for Mark. Expected Live: 14283K, Free: 164M, Non-Taxable: 16845K, Alloc Tax Rate: 0.1x
[14.051s][info][gc          ] GC(38) Pause Init Mark (unload classes) 0.115ms
[14.057s][info][gc,start    ] GC(38) Concurrent marking roots
[14.057s][info][gc,task     ] GC(38) Using 1 of 3 workers for concurrent marking roots
[14.058s][info][gc          ] GC(38) Concurrent marking roots 0.568ms
[14.058s][info][gc,start    ] GC(38) Concurrent marking (unload classes)
[14.058s][info][gc,task     ] GC(38) Using 1 of 3 workers for concurrent marking
[14.064s][info][gc          ] GC(38) Concurrent marking (unload classes) 6.266ms
[14.064s][info][gc,start    ] GC(38) Pause Final Mark (unload classes)
[14.064s][info][gc,task     ] GC(38) Using 3 of 3 workers for final marking
[14.064s][info][gc,ergo     ] GC(38) Adaptive CSet Selection. Target Free: 145M, Actual Free: 899M, Max CSet: 43690K, Min Garbage: 0B
[14.065s][info][gc,ergo     ] GC(38) Collectable Garbage: 792M (99%), Immediate: 699M (88%), CSet: 95966K (11%)
[14.065s][info][gc,ergo     ] GC(38) Pacer for Evacuation. Used CSet: 98304K, Free: 847M, Non-Taxable: 86784K, Alloc Tax Rate: 1.1x
[14.065s][info][gc          ] GC(38) Pause Final Mark (unload classes) 0.394ms
[14.065s][info][gc,start    ] GC(38) Concurrent thread roots
[14.065s][info][gc,task     ] GC(38) Using 1 of 3 workers for Concurrent thread roots
[14.065s][info][gc          ] GC(38) Concurrent thread roots 0.569ms
[14.065s][info][gc,start    ] GC(38) Concurrent weak references
[14.065s][info][gc,task     ] GC(38) Using 1 of 3 workers for concurrent weak references
[14.065s][info][gc,ref      ] GC(38) Encountered references: Soft: 132, Weak: 434, Final: 9, Phantom: 21
[14.065s][info][gc,ref      ] GC(38) Discovered  references: Soft: 0, Weak: 234, Final: 7, Phantom: 14
[14.065s][info][gc,ref      ] GC(38) Enqueued    references: Soft: 0, Weak: 0, Final: 0, Phantom: 0
[14.065s][info][gc          ] GC(38) Concurrent weak references 0.101ms
[14.065s][info][gc,start    ] GC(38) Concurrent weak roots
[14.065s][info][gc,task     ] GC(38) Using 1 of 3 workers for concurrent weak root
[14.066s][info][gc          ] GC(38) Concurrent weak roots 0.754ms
[14.066s][info][gc,start    ] GC(38) Concurrent cleanup
[14.066s][info][gc          ] GC(38) Concurrent cleanup 825M->127M(1024M) 0.224ms
[14.066s][info][gc,ergo     ] GC(38) Free: 844M, Max: 512K regular, 646M humongous, Frag: 24% external, 0% internal; Reserve: 52324K, Max: 512K
[14.066s][info][gc,start    ] GC(38) Concurrent class unloading
[14.066s][info][gc,task     ] GC(38) Using 1 of 3 workers for concurrent class unloading
[14.069s][info][gc          ] GC(38) Concurrent class unloading 3.025ms
[14.069s][info][gc,start    ] GC(38) Concurrent strong roots
[14.069s][info][gc,task     ] GC(38) Using 1 of 3 workers for concurrent strong root
[14.070s][info][gc          ] GC(38) Concurrent strong roots 0.091ms
[14.070s][info][gc,start    ] GC(38) Concurrent evacuation
[14.070s][info][gc,task     ] GC(38) Using 1 of 3 workers for concurrent evacuation
[14.071s][info][gc          ] GC(38) Concurrent evacuation 1.610ms
[14.071s][info][gc,start    ] GC(38) Pause Init Update Refs
[14.071s][info][gc,ergo     ] GC(38) Pacer for Update Refs. Used: 137M, Free: 836M, Non-Taxable: 85658K, Alloc Tax Rate: 1.1x
[14.071s][info][gc          ] GC(38) Pause Init Update Refs 0.079ms
[14.079s][info][gc,start    ] GC(38) Concurrent update references
[14.079s][info][gc,task     ] GC(38) Using 1 of 3 workers for concurrent reference update
[14.084s][info][gc          ] GC(38) Concurrent update references 5.479ms
[14.085s][info][gc,start    ] GC(38) Concurrent update thread roots
[14.086s][info][gc          ] GC(38) Concurrent update thread roots 1.020ms
[14.086s][info][gc,start    ] GC(38) Pause Final Update Refs
[14.086s][info][gc,task     ] GC(38) Using 3 of 3 workers for final reference update
[14.086s][info][gc          ] GC(38) Pause Final Update Refs 0.105ms
[14.088s][info][gc,start    ] GC(38) Concurrent cleanup
[14.088s][info][gc          ] GC(38) Concurrent cleanup 168M->72M(1024M) 0.037ms
[14.088s][info][gc,ergo     ] Free: 898M, Max: 512K regular, 613M humongous, Frag: 32% external, 0% internal; Reserve: 52736K, Max: 512K
[14.088s][info][gc,stats    ] 
[14.088s][info][gc,stats    ] All times are wall-clock times, except per-root-class counters, that are sum over
[14.088s][info][gc,stats    ] all workers. Dividing the <total> over the root stage time estimates parallelism.
[14.088s][info][gc,stats    ] 
[14.088s][info][gc,stats    ] Concurrent Reset                    773 us
[14.088s][info][gc,stats    ] Pause Init Mark (G)                6576 us
[14.088s][info][gc,stats    ] Pause Init Mark (N)                 125 us
[14.088s][info][gc,stats    ]   Update Region States               43 us
[14.088s][info][gc,stats    ] Concurrent Mark Roots               587 us, parallelism: 0.83x
[14.088s][info][gc,stats    ]   CMR: <total>                      488 us
[14.088s][info][gc,stats    ]   CMR: Thread Roots                 438 us, workers (us): 438, ---, ---, 
[14.088s][info][gc,stats    ]   CMR: VM Strong Roots                5 us, workers (us):   5, ---, ---, 
[14.088s][info][gc,stats    ]   CMR: CLDG Roots                    45 us, workers (us):  45, ---, ---, 
[14.088s][info][gc,stats    ] Concurrent Marking                 6294 us
[14.088s][info][gc,stats    ] Pause Final Mark (G)                471 us
[14.088s][info][gc,stats    ] Pause Final Mark (N)                415 us
[14.088s][info][gc,stats    ]   Finish Mark                        67 us
[14.088s][info][gc,stats    ]   Update Region States               54 us
[14.088s][info][gc,stats    ]   Choose Collection Set             146 us
[14.088s][info][gc,stats    ]   Rebuild Free Set                   22 us
[14.088s][info][gc,stats    ] Concurrent Thread Roots             587 us, parallelism: 0.86x
[14.088s][info][gc,stats    ]   CTR: <total>                      502 us
[14.088s][info][gc,stats    ]   CTR: Thread Roots                 502 us, workers (us): 502, ---, ---, 
[14.088s][info][gc,stats    ] Concurrent Weak References          108 us, parallelism: 0.18x
[14.088s][info][gc,stats    ]   CWRF: <total>                      20 us
[14.088s][info][gc,stats    ]   CWRF: Weak References              20 us, workers (us):  20, ---, ---, 
[14.088s][info][gc,stats    ] Concurrent Weak Roots               787 us
[14.088s][info][gc,stats    ]   Roots                             671 us, parallelism: 0.95x
[14.088s][info][gc,stats    ]     CWR: <total>                    641 us
[14.088s][info][gc,stats    ]     CWR: Code Cache Roots           433 us, workers (us): 433, ---, ---, 
[14.088s][info][gc,stats    ]     CWR: VM Weak Roots              205 us, workers (us): 205, ---, ---, 
[14.088s][info][gc,stats    ]     CWR: CLDG Roots                   3 us, workers (us):   3, ---, ---, 
[14.088s][info][gc,stats    ]   Rendezvous                         67 us
[14.088s][info][gc,stats    ] Concurrent Cleanup                  243 us
[14.088s][info][gc,stats    ] Concurrent Class Unloading         3073 us
[14.088s][info][gc,stats    ]   Unlink Stale                     1670 us
[14.088s][info][gc,stats    ]     System Dictionary                 3 us
[14.088s][info][gc,stats    ]     Weak Class Links                  0 us
[14.088s][info][gc,stats    ]     Code Roots                     1665 us
[14.088s][info][gc,stats    ]   Rendezvous                       1219 us
[14.088s][info][gc,stats    ]   Purge Unlinked                    117 us
[14.088s][info][gc,stats    ]     Code Roots                      113 us
[14.088s][info][gc,stats    ]     CLDG                              4 us
[14.088s][info][gc,stats    ]     Exception Caches                  0 us
[14.088s][info][gc,stats    ] Concurrent Strong Roots             100 us, parallelism: 0.58x
[14.088s][info][gc,stats    ]   CSR: <total>                       58 us
[14.088s][info][gc,stats    ]   CSR: VM Strong Roots                5 us, workers (us):   5, ---, ---, 
[14.088s][info][gc,stats    ]   CSR: CLDG Roots                    53 us, workers (us):  53, ---, ---, 
[14.088s][info][gc,stats    ] Concurrent Evacuation              1679 us
[14.088s][info][gc,stats    ] Pause Init Update Refs (G)         7757 us
[14.088s][info][gc,stats    ] Pause Init Update Refs (N)           88 us
[14.088s][info][gc,stats    ]   Manage GCLABs                       5 us
[14.088s][info][gc,stats    ] Concurrent Update Refs             5559 us
[14.088s][info][gc,stats    ] Concurrent Update Thread Roots     1040 us
[14.088s][info][gc,stats    ] Pause Final Update Refs (G)        1976 us
[14.088s][info][gc,stats    ] Pause Final Update Refs (N)         116 us
[14.088s][info][gc,stats    ]   Update Region States               39 us
[14.088s][info][gc,stats    ]   Trash Collection Set                3 us
[14.088s][info][gc,stats    ]   Rebuild Free Set                   12 us
[14.088s][info][gc,stats    ] Concurrent Cleanup                   46 us
[14.088s][info][gc,stats    ] Pacing                            70958 us
[14.088s][info][gc,stats    ] 
[14.088s][info][gc,stats    ] Allocation pacing accrued:
[14.088s][info][gc,stats    ]      12 of   353 ms (  3.3%): Thread-18
[14.088s][info][gc,stats    ]      12 of   353 ms (  3.3%): Thread-19
[14.088s][info][gc,stats    ]      13 of   353 ms (  3.6%): Thread-20
[14.088s][info][gc,stats    ]      12 of   353 ms (  3.4%): Thread-21
[14.088s][info][gc,stats    ]      11 of   353 ms (  3.1%): Thread-22
[14.088s][info][gc,stats    ]      12 of   353 ms (  3.5%): Thread-23
[14.088s][info][gc,stats    ]      71 of   353 ms ( 20.1%): <total>
[14.088s][info][gc,stats    ]       4 of   353 ms (  1.1%): <average total>
[14.088s][info][gc,stats    ]      12 of   353 ms (  3.3%): <average non-zero>
[14.088s][info][gc,stats    ] 
[14.088s][info][gc,metaspace] Metaspace: 6220K(6400K)->6220K(6400K) NonClass: 5614K(5696K)->5614K(5696K) Class: 606K(704K)->606K(704K)
[14.088s][info][gc,ergo     ] Pacer for Idle. Initial: 20971K, Alloc Tax Rate: 1.0x
[14.414s][info][gc          ] Trigger: Average GC time (50.78 ms) is above the time for average allocation rate (2295 MB/s) to deplete free headroom (99639K) (margin of error = 1.77)
[14.414s][info][gc,ergo     ] Free headroom: 148M (free) - 52428K (spike) - 0B (penalties) = 99639K
[14.414s][info][gc,ergo     ] Free: 147M, Max: 512K regular, 147M humongous, Frag: 0% external, 0% internal; Reserve: 52736K, Max: 512K
[14.414s][info][gc,start    ] GC(39) Concurrent reset
[14.414s][info][gc,task     ] GC(39) Using 1 of 3 workers for concurrent reset
[14.414s][info][gc,ergo     ] GC(39) Pacer for Reset. Non-Taxable: 1024M
[14.414s][info][gc          ] GC(39) Concurrent reset 0.461ms
[14.414s][info][gc,start    ] GC(39) Pause Init Mark (unload classes)
[14.414s][info][gc,task     ] GC(39) Using 3 of 3 workers for init marking
[14.414s][info][gc,ergo     ] GC(39) Pacer for Mark. Expected Live: 14252K, Free: 147M, Non-Taxable: 15053K, Alloc Tax Rate: 0.1x
[14.414s][info][gc          ] GC(39) Pause Init Mark (unload classes) 0.121ms
[14.420s][info][gc,start    ] GC(39) Concurrent marking roots
[14.420s][info][gc,task     ] GC(39) Using 1 of 3 workers for concurrent marking roots
[14.421s][info][gc          ] GC(39) Concurrent marking roots 0.595ms
[14.421s][info][gc,start    ] GC(39) Concurrent marking (unload classes)
[14.421s][info][gc,task     ] GC(39) Using 1 of 3 workers for concurrent marking
[14.429s][info][gc          ] GC(39) Concurrent marking (unload classes) 8.247ms
[14.429s][info][gc,start    ] GC(39) Pause Final Mark (unload classes)
[14.429s][info][gc,task     ] GC(39) Using 3 of 3 workers for final marking
[14.429s][info][gc,ergo     ] GC(39) Adaptive CSet Selection. Target Free: 145M, Actual Free: 751M, Max CSet: 43690K, Min Garbage: 0B
[14.430s][info][gc,ergo     ] GC(39) Collectable Garbage: 810M (99%), Immediate: 567M (70%), CSet: 242M (29%)
[14.430s][info][gc,ergo     ] GC(39) Pacer for Evacuation. Used CSet: 245M, Free: 700M, Non-Taxable: 71680K, Alloc Tax Rate: 1.1x
[14.430s][info][gc          ] GC(39) Pause Final Mark (unload classes) 0.471ms
[14.430s][info][gc,start    ] GC(39) Concurrent thread roots
[14.430s][info][gc,task     ] GC(39) Using 1 of 3 workers for Concurrent thread roots
[14.431s][info][gc          ] GC(39) Concurrent thread roots 0.947ms
[14.431s][info][gc,start    ] GC(39) Concurrent weak references
[14.431s][info][gc,task     ] GC(39) Using 1 of 3 workers for concurrent weak references
[14.431s][info][gc,ref      ] GC(39) Encountered references: Soft: 132, Weak: 434, Final: 9, Phantom: 21
[14.431s][info][gc,ref      ] GC(39) Discovered  references: Soft: 0, Weak: 234, Final: 7, Phantom: 14
[14.431s][info][gc,ref      ] GC(39) Enqueued    references: Soft: 0, Weak: 0, Final: 0, Phantom: 0
[14.431s][info][gc          ] GC(39) Concurrent weak references 0.070ms
[14.431s][info][gc,start    ] GC(39) Concurrent weak roots
[14.431s][info][gc,task     ] GC(39) Using 1 of 3 workers for concurrent weak root
[14.445s][info][gc          ] GC(39) Concurrent weak roots 14.406ms
[14.445s][info][gc,start    ] GC(39) Concurrent cleanup
[14.445s][info][gc          ] GC(39) Concurrent cleanup 871M->303M(1024M) 0.084ms
[14.445s][info][gc,ergo     ] GC(39) Free: 668M, Max: 512K regular, 135M humongous, Frag: 80% external, 0% internal; Reserve: 51812K, Max: 512K
[14.445s][info][gc,start    ] GC(39) Concurrent class unloading
[14.445s][info][gc,task     ] GC(39) Using 1 of 3 workers for concurrent class unloading
[14.447s][info][gc          ] GC(39) Concurrent class unloading 1.874ms
[14.447s][info][gc,start    ] GC(39) Concurrent strong roots
[14.447s][info][gc,task     ] GC(39) Using 1 of 3 workers for concurrent strong root
[14.447s][info][gc          ] GC(39) Concurrent strong roots 0.080ms
[14.447s][info][gc,start    ] GC(39) Concurrent evacuation
[14.447s][info][gc,task     ] GC(39) Using 1 of 3 workers for concurrent evacuation
[14.450s][info][gc          ] GC(39) Concurrent evacuation 2.432ms
[14.450s][info][gc,start    ] GC(39) Pause Init Update Refs
[14.450s][info][gc,ergo     ] GC(39) Pacer for Update Refs. Used: 313M, Free: 661M, Non-Taxable: 67686K, Alloc Tax Rate: 1.1x
[14.450s][info][gc          ] GC(39) Pause Init Update Refs 0.043ms
[14.461s][info][gc,start    ] GC(39) Concurrent update references
[14.461s][info][gc,task     ] GC(39) Using 1 of 3 workers for concurrent reference update
[14.466s][info][gc          ] GC(39) Concurrent update references 4.660ms
[14.466s][info][gc,start    ] GC(39) Concurrent update thread roots
[14.468s][info][gc          ] GC(39) Concurrent update thread roots 1.633ms
[14.468s][info][gc,start    ] GC(39) Pause Final Update Refs
[14.468s][info][gc,task     ] GC(39) Using 3 of 3 workers for final reference update
[14.468s][info][gc          ] GC(39) Pause Final Update Refs 0.098ms
[14.477s][info][gc,start    ] GC(39) Concurrent cleanup
[14.477s][info][gc          ] GC(39) Concurrent cleanup 362M->118M(1024M) 0.060ms
[14.477s][info][gc,ergo     ] Free: 853M, Max: 512K regular, 595M humongous, Frag: 31% external, 0% internal; Reserve: 52736K, Max: 512K
[14.477s][info][gc,stats    ] 
[14.477s][info][gc,stats    ] All times are wall-clock times, except per-root-class counters, that are sum over
[14.477s][info][gc,stats    ] all workers. Dividing the <total> over the root stage time estimates parallelism.
[14.477s][info][gc,stats    ] 
[14.477s][info][gc,stats    ] Concurrent Reset                    502 us
[14.477s][info][gc,stats    ] Pause Init Mark (G)                5970 us
[14.477s][info][gc,stats    ] Pause Init Mark (N)                 130 us
[14.477s][info][gc,stats    ]   Update Region States               41 us
[14.477s][info][gc,stats    ] Concurrent Mark Roots               615 us, parallelism: 0.82x
[14.477s][info][gc,stats    ]   CMR: <total>                      504 us
[14.478s][info][gc,stats    ]   CMR: Thread Roots                 448 us, workers (us): 448, ---, ---, 
[14.478s][info][gc,stats    ]   CMR: VM Strong Roots                8 us, workers (us):   8, ---, ---, 
[14.478s][info][gc,stats    ]   CMR: CLDG Roots                    48 us, workers (us):  48, ---, ---, 
[14.478s][info][gc,stats    ] Concurrent Marking                 8312 us
[14.478s][info][gc,stats    ] Pause Final Mark (G)                641 us
[14.478s][info][gc,stats    ] Pause Final Mark (N)                492 us
[14.478s][info][gc,stats    ]   Finish Mark                        53 us
[14.478s][info][gc,stats    ]   Update Region States               54 us
[14.478s][info][gc,stats    ]   Choose Collection Set             229 us
[14.478s][info][gc,stats    ]   Rebuild Free Set                   24 us
[14.478s][info][gc,stats    ] Concurrent Thread Roots             958 us, parallelism: 0.93x
[14.478s][info][gc,stats    ]   CTR: <total>                      892 us
[14.478s][info][gc,stats    ]   CTR: Thread Roots                 892 us, workers (us): 892, ---, ---, 
[14.478s][info][gc,stats    ] Concurrent Weak References           77 us, parallelism: 0.24x
[14.478s][info][gc,stats    ]   CWRF: <total>                      19 us
[14.478s][info][gc,stats    ]   CWRF: Weak References              19 us, workers (us):  19, ---, ---, 
[14.478s][info][gc,stats    ] Concurrent Weak Roots             14455 us
[14.478s][info][gc,stats    ]   Roots                             571 us, parallelism: 0.97x
[14.478s][info][gc,stats    ]     CWR: <total>                    551 us
[14.478s][info][gc,stats    ]     CWR: Code Cache Roots           346 us, workers (us): 346, ---, ---, 
[14.478s][info][gc,stats    ]     CWR: VM Weak Roots              202 us, workers (us): 202, ---, ---, 
[14.478s][info][gc,stats    ]     CWR: CLDG Roots                   3 us, workers (us):   3, ---, ---, 
[14.478s][info][gc,stats    ]   Rendezvous                      13817 us
[14.478s][info][gc,stats    ] Concurrent Cleanup                   93 us
[14.478s][info][gc,stats    ] Concurrent Class Unloading         1902 us
[14.478s][info][gc,stats    ]   Unlink Stale                     1611 us
[14.478s][info][gc,stats    ]     System Dictionary                 3 us
[14.478s][info][gc,stats    ]     Weak Class Links                  0 us
[14.478s][info][gc,stats    ]     Code Roots                     1606 us
[14.478s][info][gc,stats    ]   Rendezvous                        187 us
[14.478s][info][gc,stats    ]   Purge Unlinked                     58 us
[14.478s][info][gc,stats    ]     Code Roots                       54 us
[14.478s][info][gc,stats    ]     CLDG                              4 us
[14.478s][info][gc,stats    ]     Exception Caches                  0 us
[14.478s][info][gc,stats    ] Concurrent Strong Roots              88 us, parallelism: 0.57x
[14.478s][info][gc,stats    ]   CSR: <total>                       50 us
[14.478s][info][gc,stats    ]   CSR: VM Strong Roots                4 us, workers (us):   4, ---, ---, 
[14.478s][info][gc,stats    ]   CSR: CLDG Roots                    46 us, workers (us):  46, ---, ---, 
[14.478s][info][gc,stats    ] Concurrent Evacuation              2475 us
[14.478s][info][gc,stats    ] Pause Init Update Refs (G)        11476 us
[14.478s][info][gc,stats    ] Pause Init Update Refs (N)           51 us
[14.478s][info][gc,stats    ]   Manage GCLABs                       3 us
[14.478s][info][gc,stats    ] Concurrent Update Refs             4708 us
[14.478s][info][gc,stats    ] Concurrent Update Thread Roots     1680 us
[14.478s][info][gc,stats    ] Pause Final Update Refs (G)        9611 us
[14.478s][info][gc,stats    ] Pause Final Update Refs (N)         135 us
[14.478s][info][gc,stats    ]   Update Region States               42 us
[14.478s][info][gc,stats    ]   Trash Collection Set               11 us
[14.478s][info][gc,stats    ]   Rebuild Free Set                   12 us
[14.478s][info][gc,stats    ] Concurrent Cleanup                   70 us
[14.478s][info][gc,stats    ] Pacing                            62793 us
[14.478s][info][gc,stats    ] 
[14.478s][info][gc,stats    ] Allocation pacing accrued:
[14.478s][info][gc,stats    ]      13 of   390 ms (  3.4%): Thread-18
[14.478s][info][gc,stats    ]      10 of   390 ms (  2.6%): Thread-19
[14.478s][info][gc,stats    ]       9 of   390 ms (  2.4%): Thread-20
[14.478s][info][gc,stats    ]      10 of   390 ms (  2.6%): Thread-21
[14.478s][info][gc,stats    ]      10 of   390 ms (  2.7%): Thread-22
[14.478s][info][gc,stats    ]       9 of   390 ms (  2.4%): Thread-23
[14.478s][info][gc,stats    ]      63 of   390 ms ( 16.1%): <total>
[14.478s][info][gc,stats    ]       3 of   390 ms (  0.8%): <average total>
[14.478s][info][gc,stats    ]      10 of   390 ms (  2.7%): <average non-zero>
[14.478s][info][gc,stats    ] 
[14.478s][info][gc,metaspace] Metaspace: 6220K(6400K)->6220K(6400K) NonClass: 5614K(5696K)->5614K(5696K) Class: 606K(704K)->606K(704K)
[14.478s][info][gc,ergo     ] Pacer for Idle. Initial: 20971K, Alloc Tax Rate: 1.0x
[14.746s][info][gc          ] Trigger: Average GC time (74.43 ms) is above the time for average allocation rate (2433 MB/s) to deplete free headroom (170M) (margin of error = 1.79)
[14.746s][info][gc,ergo     ] Free headroom: 222M (free) - 52428K (spike) - 0B (penalties) = 170M
[14.746s][info][gc,ergo     ] Free: 222M, Max: 512K regular, 121M humongous, Frag: 46% external, 0% internal; Reserve: 52736K, Max: 512K
[14.746s][info][gc,start    ] GC(40) Concurrent reset
[14.746s][info][gc,task     ] GC(40) Using 1 of 3 workers for concurrent reset
[14.746s][info][gc,ergo     ] GC(40) Pacer for Reset. Non-Taxable: 1024M
[14.747s][info][gc          ] GC(40) Concurrent reset 1.162ms
[14.747s][info][gc,start    ] GC(40) Pause Init Mark (unload classes)
[14.747s][info][gc,task     ] GC(40) Using 3 of 3 workers for init marking
[14.747s][info][gc,ergo     ] GC(40) Pacer for Mark. Expected Live: 14271K, Free: 219M, Non-Taxable: 22426K, Alloc Tax Rate: 0.1x
[14.747s][info][gc          ] GC(40) Pause Init Mark (unload classes) 0.151ms
[14.749s][info][gc,start    ] GC(40) Concurrent marking roots
[14.749s][info][gc,task     ] GC(40) Using 1 of 3 workers for concurrent marking roots
[14.750s][info][gc          ] GC(40) Concurrent marking roots 0.560ms
[14.750s][info][gc,start    ] GC(40) Concurrent marking (unload classes)
[14.750s][info][gc,task     ] GC(40) Using 1 of 3 workers for concurrent marking
[14.763s][info][gc          ] GC(40) Concurrent marking (unload classes) 13.460ms
[14.763s][info][gc,start    ] GC(40) Pause Final Mark (unload classes)
[14.763s][info][gc,task     ] GC(40) Using 3 of 3 workers for final marking
[14.763s][info][gc,ergo     ] GC(40) Adaptive CSet Selection. Target Free: 145M, Actual Free: 823M, Max CSet: 43690K, Min Garbage: 0B
[14.763s][info][gc,ergo     ] GC(40) Collectable Garbage: 737M (99%), Immediate: 592M (80%), CSet: 145M (19%)
[14.763s][info][gc,ergo     ] GC(40) Pacer for Evacuation. Used CSet: 148M, Free: 771M, Non-Taxable: 79002K, Alloc Tax Rate: 1.1x
[14.763s][info][gc          ] GC(40) Pause Final Mark (unload classes) 0.239ms
[14.763s][info][gc,start    ] GC(40) Concurrent thread roots
[14.763s][info][gc,task     ] GC(40) Using 1 of 3 workers for Concurrent thread roots
[14.764s][info][gc          ] GC(40) Concurrent thread roots 0.475ms
[14.764s][info][gc,start    ] GC(40) Concurrent weak references
[14.764s][info][gc,task     ] GC(40) Using 1 of 3 workers for concurrent weak references
[14.764s][info][gc,ref      ] GC(40) Encountered references: Soft: 132, Weak: 434, Final: 9, Phantom: 21
[14.764s][info][gc,ref      ] GC(40) Discovered  references: Soft: 0, Weak: 234, Final: 7, Phantom: 14
[14.764s][info][gc,ref      ] GC(40) Enqueued    references: Soft: 0, Weak: 0, Final: 0, Phantom: 0
[14.764s][info][gc          ] GC(40) Concurrent weak references 0.077ms
[14.764s][info][gc,start    ] GC(40) Concurrent weak roots
[14.764s][info][gc,task     ] GC(40) Using 1 of 3 workers for concurrent weak root
[14.767s][info][gc          ] GC(40) Concurrent weak roots 3.155ms
[14.767s][info][gc,start    ] GC(40) Concurrent cleanup
[14.767s][info][gc          ] GC(40) Concurrent cleanup 802M->210M(1024M) 0.088ms
[14.767s][info][gc,ergo     ] GC(40) Free: 761M, Max: 512K regular, 396M humongous, Frag: 48% external, 0% internal; Reserve: 52525K, Max: 512K
[14.767s][info][gc,start    ] GC(40) Concurrent class unloading
[14.767s][info][gc,task     ] GC(40) Using 1 of 3 workers for concurrent class unloading
[14.777s][info][gc          ] GC(40) Concurrent class unloading 9.799ms
[14.777s][info][gc,start    ] GC(40) Concurrent strong roots
[14.777s][info][gc,task     ] GC(40) Using 1 of 3 workers for concurrent strong root
[14.777s][info][gc          ] GC(40) Concurrent strong roots 0.095ms
[14.777s][info][gc,start    ] GC(40) Concurrent evacuation
[14.777s][info][gc,task     ] GC(40) Using 1 of 3 workers for concurrent evacuation
[14.780s][info][gc          ] GC(40) Concurrent evacuation 2.270ms
[14.780s][info][gc,start    ] GC(40) Pause Init Update Refs
[14.780s][info][gc,ergo     ] GC(40) Pacer for Update Refs. Used: 239M, Free: 734M, Non-Taxable: 75213K, Alloc Tax Rate: 1.1x
[14.780s][info][gc          ] GC(40) Pause Init Update Refs 0.061ms
[14.784s][info][gc,start    ] GC(40) Concurrent update references
[14.784s][info][gc,task     ] GC(40) Using 1 of 3 workers for concurrent reference update
[14.792s][info][gc          ] GC(40) Concurrent update references 8.704ms
[14.792s][info][gc,start    ] GC(40) Concurrent update thread roots
[14.793s][info][gc          ] GC(40) Concurrent update thread roots 0.577ms
[14.793s][info][gc,start    ] GC(40) Pause Final Update Refs
[14.793s][info][gc,task     ] GC(40) Using 3 of 3 workers for final reference update
[14.793s][info][gc          ] GC(40) Pause Final Update Refs 0.091ms
[14.797s][info][gc,start    ] GC(40) Concurrent cleanup
[14.797s][info][gc          ] GC(40) Concurrent cleanup 272M->124M(1024M) 0.037ms
[14.797s][info][gc,ergo     ] Free: 847M, Max: 512K regular, 593M humongous, Frag: 30% external, 0% internal; Reserve: 52736K, Max: 512K
[14.797s][info][gc,stats    ] 
[14.797s][info][gc,stats    ] All times are wall-clock times, except per-root-class counters, that are sum over
[14.797s][info][gc,stats    ] all workers. Dividing the <total> over the root stage time estimates parallelism.
[14.797s][info][gc,stats    ] 
[14.797s][info][gc,stats    ] Concurrent Reset                   1206 us
[14.797s][info][gc,stats    ] Pause Init Mark (G)                2107 us
[14.797s][info][gc,stats    ] Pause Init Mark (N)                 160 us
[14.797s][info][gc,stats    ]   Update Region States               47 us
[14.797s][info][gc,stats    ] Concurrent Mark Roots               574 us, parallelism: 0.85x
[14.797s][info][gc,stats    ]   CMR: <total>                      490 us
[14.797s][info][gc,stats    ]   CMR: Thread Roots                 435 us, workers (us): 435, ---, ---, 
[14.797s][info][gc,stats    ]   CMR: VM Strong Roots                5 us, workers (us):   5, ---, ---, 
[14.797s][info][gc,stats    ]   CMR: CLDG Roots                    50 us, workers (us):  50, ---, ---, 
[14.797s][info][gc,stats    ] Concurrent Marking                13523 us
[14.797s][info][gc,stats    ] Pause Final Mark (G)                362 us
[14.797s][info][gc,stats    ] Pause Final Mark (N)                248 us
[14.797s][info][gc,stats    ]   Finish Mark                        49 us
[14.797s][info][gc,stats    ]   Update Region States               37 us
[14.797s][info][gc,stats    ]   Choose Collection Set              87 us
[14.797s][info][gc,stats    ]   Rebuild Free Set                    9 us
[14.797s][info][gc,stats    ] Concurrent Thread Roots             485 us, parallelism: 0.90x
[14.797s][info][gc,stats    ]   CTR: <total>                      438 us
[14.797s][info][gc,stats    ]   CTR: Thread Roots                 438 us, workers (us): 438, ---, ---, 
[14.797s][info][gc,stats    ] Concurrent Weak References          100 us, parallelism: 0.16x
[14.797s][info][gc,stats    ]   CWRF: <total>                      15 us
[14.797s][info][gc,stats    ]   CWRF: Weak References              15 us, workers (us):  15, ---, ---, 
[14.797s][info][gc,stats    ] Concurrent Weak Roots              3180 us
[14.797s][info][gc,stats    ]   Roots                             474 us, parallelism: 0.96x
[14.797s][info][gc,stats    ]     CWR: <total>                    454 us
[14.797s][info][gc,stats    ]     CWR: Code Cache Roots           350 us, workers (us): 350, ---, ---, 
[14.797s][info][gc,stats    ]     CWR: VM Weak Roots              102 us, workers (us): 102, ---, ---, 
[14.797s][info][gc,stats    ]     CWR: CLDG Roots                   2 us, workers (us):   2, ---, ---, 
[14.797s][info][gc,stats    ]   Rendezvous                       2658 us
[14.797s][info][gc,stats    ] Concurrent Cleanup                   97 us
[14.797s][info][gc,stats    ] Concurrent Class Unloading         9846 us
[14.797s][info][gc,stats    ]   Unlink Stale                     1542 us
[14.797s][info][gc,stats    ]     System Dictionary                 2 us
[14.797s][info][gc,stats    ]     Weak Class Links                  0 us
[14.797s][info][gc,stats    ]     Code Roots                     1538 us
[14.797s][info][gc,stats    ]   Rendezvous                       8122 us
[14.797s][info][gc,stats    ]   Purge Unlinked                    115 us
[14.797s][info][gc,stats    ]     Code Roots                      110 us
[14.797s][info][gc,stats    ]     CLDG                              5 us
[14.797s][info][gc,stats    ]     Exception Caches                  0 us
[14.797s][info][gc,stats    ] Concurrent Strong Roots             104 us, parallelism: 0.59x
[14.797s][info][gc,stats    ]   CSR: <total>                       61 us
[14.797s][info][gc,stats    ]   CSR: VM Strong Roots                4 us, workers (us):   4, ---, ---, 
[14.797s][info][gc,stats    ]   CSR: CLDG Roots                    57 us, workers (us):  57, ---, ---, 
[14.797s][info][gc,stats    ] Concurrent Evacuation              2326 us
[14.797s][info][gc,stats    ] Pause Init Update Refs (G)         3990 us
[14.797s][info][gc,stats    ] Pause Init Update Refs (N)           70 us
[14.797s][info][gc,stats    ]   Manage GCLABs                       3 us
[14.797s][info][gc,stats    ] Concurrent Update Refs             8745 us
[14.797s][info][gc,stats    ] Concurrent Update Thread Roots      593 us
[14.797s][info][gc,stats    ] Pause Final Update Refs (G)        3973 us
[14.797s][info][gc,stats    ] Pause Final Update Refs (N)         120 us
[14.797s][info][gc,stats    ]   Update Region States               35 us
[14.797s][info][gc,stats    ]   Trash Collection Set                9 us
[14.797s][info][gc,stats    ]   Rebuild Free Set                   15 us
[14.797s][info][gc,stats    ] Concurrent Cleanup                   47 us
[14.797s][info][gc,stats    ] Pacing                            30859 us
[14.797s][info][gc,stats    ] 
[14.797s][info][gc,stats    ] Allocation pacing accrued:
[14.797s][info][gc,stats    ]       6 of   320 ms (  1.8%): Thread-18
[14.797s][info][gc,stats    ]       5 of   320 ms (  1.5%): Thread-19
[14.797s][info][gc,stats    ]       5 of   320 ms (  1.6%): Thread-20
[14.797s][info][gc,stats    ]       5 of   320 ms (  1.7%): Thread-21
[14.797s][info][gc,stats    ]       5 of   320 ms (  1.6%): Thread-22
[14.797s][info][gc,stats    ]       5 of   320 ms (  1.6%): Thread-23
[14.797s][info][gc,stats    ]      31 of   320 ms (  9.7%): <total>
[14.797s][info][gc,stats    ]       2 of   320 ms (  0.5%): <average total>
[14.797s][info][gc,stats    ]       5 of   320 ms (  1.6%): <average non-zero>
[14.797s][info][gc,stats    ] 
[14.798s][info][gc,metaspace] Metaspace: 6220K(6400K)->6220K(6400K) NonClass: 5614K(5696K)->5614K(5696K) Class: 606K(704K)->606K(704K)
[14.798s][info][gc,ergo     ] Pacer for Idle. Initial: 20971K, Alloc Tax Rate: 1.0x
[15.140s][info][gc          ] Trigger: Average GC time (67.70 ms) is above the time for average allocation rate (2022 MB/s) to deplete free headroom (122M) (margin of error = 1.80)
[15.140s][info][gc,ergo     ] Free headroom: 173M (free) - 52428K (spike) - 0B (penalties) = 122M
[15.140s][info][gc,ergo     ] Free: 173M, Max: 512K regular, 173M humongous, Frag: 0% external, 0% internal; Reserve: 52736K, Max: 512K
[15.140s][info][gc,start    ] GC(41) Concurrent reset
[15.140s][info][gc,task     ] GC(41) Using 1 of 3 workers for concurrent reset
[15.140s][info][gc,ergo     ] GC(41) Pacer for Reset. Non-Taxable: 1024M
[15.141s][info][gc          ] GC(41) Concurrent reset 0.605ms
[15.141s][info][gc,start    ] GC(41) Pause Init Mark (unload classes)
[15.141s][info][gc,task     ] GC(41) Using 3 of 3 workers for init marking
[15.141s][info][gc,ergo     ] GC(41) Pacer for Mark. Expected Live: 14291K, Free: 173M, Non-Taxable: 17715K, Alloc Tax Rate: 0.1x
[15.141s][info][gc          ] GC(41) Pause Init Mark (unload classes) 0.156ms
[15.143s][info][gc,start    ] GC(41) Concurrent marking roots
[15.143s][info][gc,task     ] GC(41) Using 1 of 3 workers for concurrent marking roots
[15.143s][info][gc          ] GC(41) Concurrent marking roots 0.597ms
[15.143s][info][gc,start    ] GC(41) Concurrent marking (unload classes)
[15.143s][info][gc,task     ] GC(41) Using 1 of 3 workers for concurrent marking
[15.156s][info][gc          ] GC(41) Concurrent marking (unload classes) 12.525ms
[15.156s][info][gc,start    ] GC(41) Pause Final Mark (unload classes)
[15.156s][info][gc,task     ] GC(41) Using 3 of 3 workers for final marking
[15.156s][info][gc,ergo     ] GC(41) Adaptive CSet Selection. Target Free: 145M, Actual Free: 850M, Max CSet: 43690K, Min Garbage: 0B
[15.156s][info][gc,ergo     ] GC(41) Collectable Garbage: 784M (99%), Immediate: 649M (82%), CSet: 134M (17%)
[15.156s][info][gc,ergo     ] GC(41) Pacer for Evacuation. Used CSet: 136M, Free: 798M, Non-Taxable: 81766K, Alloc Tax Rate: 1.1x
[15.156s][info][gc          ] GC(41) Pause Final Mark (unload classes) 0.247ms
[15.156s][info][gc,start    ] GC(41) Concurrent thread roots
[15.156s][info][gc,task     ] GC(41) Using 1 of 3 workers for Concurrent thread roots
[15.157s][info][gc          ] GC(41) Concurrent thread roots 0.540ms
[15.157s][info][gc,start    ] GC(41) Concurrent weak references
[15.157s][info][gc,task     ] GC(41) Using 1 of 3 workers for concurrent weak references
[15.157s][info][gc,ref      ] GC(41) Encountered references: Soft: 132, Weak: 434, Final: 9, Phantom: 21
[15.157s][info][gc,ref      ] GC(41) Discovered  references: Soft: 0, Weak: 234, Final: 7, Phantom: 14
[15.157s][info][gc,ref      ] GC(41) Enqueued    references: Soft: 0, Weak: 0, Final: 0, Phantom: 0
[15.157s][info][gc          ] GC(41) Concurrent weak references 0.058ms
[15.157s][info][gc,start    ] GC(41) Concurrent weak roots
[15.157s][info][gc,task     ] GC(41) Using 1 of 3 workers for concurrent weak root
[15.160s][info][gc          ] GC(41) Concurrent weak roots 3.193ms
[15.160s][info][gc,start    ] GC(41) Concurrent cleanup
[15.160s][info][gc          ] GC(41) Concurrent cleanup 828M->179M(1024M) 0.090ms
[15.160s][info][gc,ergo     ] GC(41) Free: 792M, Max: 512K regular, 489M humongous, Frag: 39% external, 0% internal; Reserve: 52362K, Max: 512K
[15.160s][info][gc,start    ] GC(41) Concurrent class unloading
[15.160s][info][gc,task     ] GC(41) Using 1 of 3 workers for concurrent class unloading
[15.164s][info][gc          ] GC(41) Concurrent class unloading 3.475ms
[15.164s][info][gc,start    ] GC(41) Concurrent strong roots
[15.164s][info][gc,task     ] GC(41) Using 1 of 3 workers for concurrent strong root
[15.164s][info][gc          ] GC(41) Concurrent strong roots 0.085ms
[15.164s][info][gc,start    ] GC(41) Concurrent evacuation
[15.164s][info][gc,task     ] GC(41) Using 1 of 3 workers for concurrent evacuation
[15.166s][info][gc          ] GC(41) Concurrent evacuation 1.964ms
[15.166s][info][gc,start    ] GC(41) Pause Init Update Refs
[15.166s][info][gc,ergo     ] GC(41) Pacer for Update Refs. Used: 188M, Free: 785M, Non-Taxable: 80435K, Alloc Tax Rate: 1.1x
[15.166s][info][gc          ] GC(41) Pause Init Update Refs 0.054ms
[15.170s][info][gc,start    ] GC(41) Concurrent update references
[15.170s][info][gc,task     ] GC(41) Using 1 of 3 workers for concurrent reference update
[15.176s][info][gc          ] GC(41) Concurrent update references 6.351ms
[15.176s][info][gc,start    ] GC(41) Concurrent update thread roots
[15.177s][info][gc          ] GC(41) Concurrent update thread roots 0.570ms
[15.177s][info][gc,start    ] GC(41) Pause Final Update Refs
[15.177s][info][gc,task     ] GC(41) Using 3 of 3 workers for final reference update
[15.177s][info][gc          ] GC(41) Pause Final Update Refs 0.084ms
[15.187s][info][gc,start    ] GC(41) Concurrent cleanup
[15.187s][info][gc          ] GC(41) Concurrent cleanup 215M->78M(1024M) 0.037ms
[15.187s][info][gc,ergo     ] Free: 892M, Max: 512K regular, 619M humongous, Frag: 31% external, 0% internal; Reserve: 52736K, Max: 512K
[15.187s][info][gc,stats    ] 
[15.187s][info][gc,stats    ] All times are wall-clock times, except per-root-class counters, that are sum over
[15.187s][info][gc,stats    ] all workers. Dividing the <total> over the root stage time estimates parallelism.
[15.187s][info][gc,stats    ] 
[15.187s][info][gc,stats    ] Concurrent Reset                    631 us
[15.187s][info][gc,stats    ] Pause Init Mark (G)                2044 us
[15.187s][info][gc,stats    ] Pause Init Mark (N)                 166 us
[15.187s][info][gc,stats    ]   Update Region States               54 us
[15.187s][info][gc,stats    ] Concurrent Mark Roots               608 us, parallelism: 0.84x
[15.187s][info][gc,stats    ]   CMR: <total>                      512 us
[15.187s][info][gc,stats    ]   CMR: Thread Roots                 461 us, workers (us): 461, ---, ---, 
[15.187s][info][gc,stats    ]   CMR: VM Strong Roots                6 us, workers (us):   6, ---, ---, 
[15.187s][info][gc,stats    ]   CMR: CLDG Roots                    46 us, workers (us):  46, ---, ---, 
[15.187s][info][gc,stats    ] Concurrent Marking                12587 us
[15.187s][info][gc,stats    ] Pause Final Mark (G)                333 us
[15.187s][info][gc,stats    ] Pause Final Mark (N)                256 us
[15.187s][info][gc,stats    ]   Finish Mark                        46 us
[15.187s][info][gc,stats    ]   Update Region States               42 us
[15.187s][info][gc,stats    ]   Choose Collection Set              86 us
[15.187s][info][gc,stats    ]   Rebuild Free Set                    8 us
[15.187s][info][gc,stats    ] Concurrent Thread Roots             551 us, parallelism: 0.91x
[15.187s][info][gc,stats    ]   CTR: <total>                      504 us
[15.187s][info][gc,stats    ]   CTR: Thread Roots                 504 us, workers (us): 504, ---, ---, 
[15.187s][info][gc,stats    ] Concurrent Weak References           65 us, parallelism: 0.21x
[15.187s][info][gc,stats    ]   CWRF: <total>                      14 us
[15.187s][info][gc,stats    ]   CWRF: Weak References              14 us, workers (us):  14, ---, ---, 
[15.187s][info][gc,stats    ] Concurrent Weak Roots              3218 us
[15.187s][info][gc,stats    ]   Roots                             452 us, parallelism: 0.96x
[15.187s][info][gc,stats    ]     CWR: <total>                    435 us
[15.187s][info][gc,stats    ]     CWR: Code Cache Roots           330 us, workers (us): 330, ---, ---, 
[15.187s][info][gc,stats    ]     CWR: VM Weak Roots              102 us, workers (us): 102, ---, ---, 
[15.187s][info][gc,stats    ]     CWR: CLDG Roots                   2 us, workers (us):   2, ---, ---, 
[15.187s][info][gc,stats    ]   Rendezvous                       2725 us
[15.187s][info][gc,stats    ] Concurrent Cleanup                  100 us
[15.187s][info][gc,stats    ] Concurrent Class Unloading         3500 us
[15.187s][info][gc,stats    ]   Unlink Stale                     1502 us
[15.187s][info][gc,stats    ]     System Dictionary                 2 us
[15.187s][info][gc,stats    ]     Weak Class Links                  0 us
[15.187s][info][gc,stats    ]     Code Roots                     1499 us
[15.187s][info][gc,stats    ]   Rendezvous                       1896 us
[15.187s][info][gc,stats    ]   Purge Unlinked                     60 us
[15.187s][info][gc,stats    ]     Code Roots                       56 us
[15.187s][info][gc,stats    ]     CLDG                              4 us
[15.187s][info][gc,stats    ]     Exception Caches                  0 us
[15.187s][info][gc,stats    ] Concurrent Strong Roots              93 us, parallelism: 0.58x
[15.187s][info][gc,stats    ]   CSR: <total>                       54 us
[15.187s][info][gc,stats    ]   CSR: VM Strong Roots                4 us, workers (us):   4, ---, ---, 
[15.187s][info][gc,stats    ]   CSR: CLDG Roots                    50 us, workers (us):  50, ---, ---, 
[15.187s][info][gc,stats    ] Concurrent Evacuation              2002 us
[15.187s][info][gc,stats    ] Pause Init Update Refs (G)         3955 us
[15.187s][info][gc,stats    ] Pause Init Update Refs (N)           62 us
[15.187s][info][gc,stats    ]   Manage GCLABs                       2 us
[15.187s][info][gc,stats    ] Concurrent Update Refs             6410 us
[15.187s][info][gc,stats    ] Concurrent Update Thread Roots      585 us
[15.187s][info][gc,stats    ] Pause Final Update Refs (G)       10019 us
[15.187s][info][gc,stats    ] Pause Final Update Refs (N)         111 us
[15.187s][info][gc,stats    ]   Update Region States               36 us
[15.187s][info][gc,stats    ]   Trash Collection Set                7 us
[15.187s][info][gc,stats    ]   Rebuild Free Set                   15 us
[15.187s][info][gc,stats    ] Concurrent Cleanup                   46 us
[15.187s][info][gc,stats    ] Pacing                            15650 us
[15.187s][info][gc,stats    ] 
[15.187s][info][gc,stats    ] Allocation pacing accrued:
[15.187s][info][gc,stats    ]       3 of   390 ms (  0.7%): Thread-18
[15.187s][info][gc,stats    ]       3 of   390 ms (  0.8%): Thread-19
[15.187s][info][gc,stats    ]       3 of   390 ms (  0.7%): Thread-20
[15.187s][info][gc,stats    ]       2 of   390 ms (  0.6%): Thread-21
[15.187s][info][gc,stats    ]       2 of   390 ms (  0.6%): Thread-22
[15.187s][info][gc,stats    ]       2 of   390 ms (  0.6%): Thread-23
[15.187s][info][gc,stats    ]      16 of   390 ms (  4.0%): <total>
[15.187s][info][gc,stats    ]       1 of   390 ms (  0.2%): <average total>
[15.187s][info][gc,stats    ]       3 of   390 ms (  0.7%): <average non-zero>
[15.187s][info][gc,stats    ] 
[15.187s][info][gc,metaspace] Metaspace: 6220K(6400K)->6220K(6400K) NonClass: 5614K(5696K)->5614K(5696K) Class: 606K(704K)->606K(704K)
[15.187s][info][gc,ergo     ] Pacer for Idle. Initial: 20971K, Alloc Tax Rate: 1.0x
[15.566s][info][gc          ] Trigger: Average GC time (61.36 ms) is above the time for average allocation rate (1930 MB/s) to deplete free headroom (102199K) (margin of error = 1.80)
[15.566s][info][gc,ergo     ] Free headroom: 151M (free) - 52428K (spike) - 0B (penalties) = 102199K
[15.566s][info][gc,ergo     ] Free: 151M, Max: 512K regular, 143M humongous, Frag: 6% external, 0% internal; Reserve: 52736K, Max: 512K
[15.566s][info][gc,start    ] GC(42) Concurrent reset
[15.566s][info][gc,task     ] GC(42) Using 1 of 3 workers for concurrent reset
[15.566s][info][gc,ergo     ] GC(42) Pacer for Reset. Non-Taxable: 1024M
[15.566s][info][gc          ] GC(42) Concurrent reset 0.606ms
[15.567s][info][gc,start    ] GC(42) Pause Init Mark (unload classes)
[15.567s][info][gc,task     ] GC(42) Using 3 of 3 workers for init marking
[15.567s][info][gc,ergo     ] GC(42) Pacer for Mark. Expected Live: 14276K, Free: 150M, Non-Taxable: 15411K, Alloc Tax Rate: 0.1x
[15.567s][info][gc          ] GC(42) Pause Init Mark (unload classes) 0.163ms
[15.571s][info][gc,start    ] GC(42) Concurrent marking roots
[15.571s][info][gc,task     ] GC(42) Using 1 of 3 workers for concurrent marking roots
[15.571s][info][gc          ] GC(42) Concurrent marking roots 0.553ms
[15.571s][info][gc,start    ] GC(42) Concurrent marking (unload classes)
[15.571s][info][gc,task     ] GC(42) Using 1 of 3 workers for concurrent marking
[15.577s][info][gc          ] GC(42) Concurrent marking (unload classes) 6.241ms
[15.578s][info][gc,start    ] GC(42) Pause Final Mark (unload classes)
[15.578s][info][gc,task     ] GC(42) Using 3 of 3 workers for final marking
[15.578s][info][gc,ergo     ] GC(42) Adaptive CSet Selection. Target Free: 145M, Actual Free: 914M, Max CSet: 43690K, Min Garbage: 0B
[15.578s][info][gc,ergo     ] GC(42) Collectable Garbage: 806M (99%), Immediate: 731M (90%), CSet: 77500K (9%)
[15.578s][info][gc,ergo     ] GC(42) Pacer for Evacuation. Used CSet: 79872K, Free: 863M, Non-Taxable: 88371K, Alloc Tax Rate: 1.1x
[15.578s][info][gc          ] GC(42) Pause Final Mark (unload classes) 0.243ms
[15.578s][info][gc,start    ] GC(42) Concurrent thread roots
[15.578s][info][gc,task     ] GC(42) Using 1 of 3 workers for Concurrent thread roots
[15.578s][info][gc          ] GC(42) Concurrent thread roots 0.518ms
[15.578s][info][gc,start    ] GC(42) Concurrent weak references
[15.578s][info][gc,task     ] GC(42) Using 1 of 3 workers for concurrent weak references
[15.578s][info][gc,ref      ] GC(42) Encountered references: Soft: 132, Weak: 434, Final: 9, Phantom: 21
[15.578s][info][gc,ref      ] GC(42) Discovered  references: Soft: 0, Weak: 234, Final: 7, Phantom: 14
[15.578s][info][gc,ref      ] GC(42) Enqueued    references: Soft: 0, Weak: 0, Final: 0, Phantom: 0
[15.578s][info][gc          ] GC(42) Concurrent weak references 0.062ms
[15.578s][info][gc,start    ] GC(42) Concurrent weak roots
[15.578s][info][gc,task     ] GC(42) Using 1 of 3 workers for concurrent weak root
[15.579s][info][gc          ] GC(42) Concurrent weak roots 0.504ms
[15.579s][info][gc,start    ] GC(42) Concurrent cleanup
[15.579s][info][gc          ] GC(42) Concurrent cleanup 841M->110M(1024M) 0.118ms
[15.579s][info][gc,ergo     ] GC(42) Free: 861M, Max: 512K regular, 602M humongous, Frag: 31% external, 0% internal; Reserve: 52337K, Max: 512K
[15.579s][info][gc,start    ] GC(42) Concurrent class unloading
[15.579s][info][gc,task     ] GC(42) Using 1 of 3 workers for concurrent class unloading
[15.581s][info][gc          ] GC(42) Concurrent class unloading 1.486ms
[15.581s][info][gc,start    ] GC(42) Concurrent strong roots
[15.581s][info][gc,task     ] GC(42) Using 1 of 3 workers for concurrent strong root
[15.581s][info][gc          ] GC(42) Concurrent strong roots 0.104ms
[15.581s][info][gc,start    ] GC(42) Concurrent evacuation
[15.581s][info][gc,task     ] GC(42) Using 1 of 3 workers for concurrent evacuation
[15.582s][info][gc          ] GC(42) Concurrent evacuation 1.512ms
[15.582s][info][gc,start    ] GC(42) Pause Init Update Refs
[15.582s][info][gc,ergo     ] GC(42) Pacer for Update Refs. Used: 117M, Free: 856M, Non-Taxable: 87706K, Alloc Tax Rate: 1.1x
[15.582s][info][gc          ] GC(42) Pause Init Update Refs 0.064ms
[15.586s][info][gc,start    ] GC(42) Concurrent update references
[15.586s][info][gc,task     ] GC(42) Using 1 of 3 workers for concurrent reference update
[15.592s][info][gc          ] GC(42) Concurrent update references 5.446ms
[15.592s][info][gc,start    ] GC(42) Concurrent update thread roots
[15.592s][info][gc          ] GC(42) Concurrent update thread roots 0.545ms
[15.592s][info][gc,start    ] GC(42) Pause Final Update Refs
[15.592s][info][gc,task     ] GC(42) Using 3 of 3 workers for final reference update
[15.592s][info][gc          ] GC(42) Pause Final Update Refs 0.080ms
[15.602s][info][gc,start    ] GC(42) Concurrent cleanup
[15.602s][info][gc          ] GC(42) Concurrent cleanup 153M->75M(1024M) 0.048ms
[15.602s][info][gc,ergo     ] Free: 896M, Max: 512K regular, 612M humongous, Frag: 32% external, 0% internal; Reserve: 52736K, Max: 512K
[15.602s][info][gc,stats    ] 
[15.602s][info][gc,stats    ] All times are wall-clock times, except per-root-class counters, that are sum over
[15.602s][info][gc,stats    ] all workers. Dividing the <total> over the root stage time estimates parallelism.
[15.602s][info][gc,stats    ] 
[15.602s][info][gc,stats    ] Concurrent Reset                    638 us
[15.602s][info][gc,stats    ] Pause Init Mark (G)                4090 us
[15.602s][info][gc,stats    ] Pause Init Mark (N)                 175 us
[15.602s][info][gc,stats    ]   Update Region States               45 us
[15.602s][info][gc,stats    ] Concurrent Mark Roots               569 us, parallelism: 0.85x
[15.602s][info][gc,stats    ]   CMR: <total>                      481 us
[15.602s][info][gc,stats    ]   CMR: Thread Roots                 430 us, workers (us): 430, ---, ---, 
[15.602s][info][gc,stats    ]   CMR: VM Strong Roots                5 us, workers (us):   5, ---, ---, 
[15.602s][info][gc,stats    ]   CMR: CLDG Roots                    46 us, workers (us):  46, ---, ---, 
[15.602s][info][gc,stats    ] Concurrent Marking                 6308 us
[15.602s][info][gc,stats    ] Pause Final Mark (G)                331 us
[15.602s][info][gc,stats    ] Pause Final Mark (N)                251 us
[15.602s][info][gc,stats    ]   Finish Mark                        45 us
[15.602s][info][gc,stats    ]   Update Region States               35 us
[15.602s][info][gc,stats    ]   Choose Collection Set              73 us
[15.602s][info][gc,stats    ]   Rebuild Free Set                    8 us
[15.602s][info][gc,stats    ] Concurrent Thread Roots             527 us, parallelism: 0.87x
[15.603s][info][gc,stats    ]   CTR: <total>                      456 us
[15.603s][info][gc,stats    ]   CTR: Thread Roots                 456 us, workers (us): 456, ---, ---, 
[15.603s][info][gc,stats    ] Concurrent Weak References           68 us, parallelism: 0.14x
[15.603s][info][gc,stats    ]   CWRF: <total>                      10 us
[15.603s][info][gc,stats    ]   CWRF: Weak References              10 us, workers (us):  10, ---, ---, 
[15.603s][info][gc,stats    ] Concurrent Weak Roots               514 us
[15.603s][info][gc,stats    ]   Roots                             444 us, parallelism: 0.95x
[15.603s][info][gc,stats    ]     CWR: <total>                    422 us
[15.603s][info][gc,stats    ]     CWR: Code Cache Roots           321 us, workers (us): 321, ---, ---, 
[15.603s][info][gc,stats    ]     CWR: VM Weak Roots               99 us, workers (us):  99, ---, ---, 
[15.603s][info][gc,stats    ]     CWR: CLDG Roots                   2 us, workers (us):   2, ---, ---, 
[15.603s][info][gc,stats    ]   Rendezvous                         46 us
[15.603s][info][gc,stats    ] Concurrent Cleanup                  126 us
[15.603s][info][gc,stats    ] Concurrent Class Unloading         1510 us
[15.603s][info][gc,stats    ]   Unlink Stale                     1376 us
[15.603s][info][gc,stats    ]     System Dictionary                 2 us
[15.603s][info][gc,stats    ]     Weak Class Links                  0 us
[15.603s][info][gc,stats    ]     Code Roots                     1373 us
[15.603s][info][gc,stats    ]   Rendezvous                         44 us
[15.603s][info][gc,stats    ]   Purge Unlinked                     50 us
[15.603s][info][gc,stats    ]     Code Roots                       43 us
[15.603s][info][gc,stats    ]     CLDG                              6 us
[15.603s][info][gc,stats    ]     Exception Caches                  0 us
[15.603s][info][gc,stats    ] Concurrent Strong Roots             122 us, parallelism: 0.38x
[15.603s][info][gc,stats    ]   CSR: <total>                       47 us
[15.603s][info][gc,stats    ]   CSR: VM Strong Roots                3 us, workers (us):   3, ---, ---, 
[15.603s][info][gc,stats    ]   CSR: CLDG Roots                    43 us, workers (us):  43, ---, ---, 
[15.603s][info][gc,stats    ] Concurrent Evacuation              1546 us
[15.603s][info][gc,stats    ] Pause Init Update Refs (G)         3965 us
[15.603s][info][gc,stats    ] Pause Init Update Refs (N)           81 us
[15.603s][info][gc,stats    ]   Manage GCLABs                       3 us
[15.603s][info][gc,stats    ] Concurrent Update Refs             5491 us
[15.603s][info][gc,stats    ] Concurrent Update Thread Roots      561 us
[15.603s][info][gc,stats    ] Pause Final Update Refs (G)        9975 us
[15.603s][info][gc,stats    ] Pause Final Update Refs (N)          99 us
[15.603s][info][gc,stats    ]   Update Region States               37 us
[15.603s][info][gc,stats    ]   Trash Collection Set                5 us
[15.603s][info][gc,stats    ]   Rebuild Free Set                   14 us
[15.603s][info][gc,stats    ] Concurrent Cleanup                   58 us
[15.603s][info][gc,stats    ] Pacing                            38760 us
[15.603s][info][gc,stats    ] 
[15.603s][info][gc,stats    ] Allocation pacing accrued:
[15.603s][info][gc,stats    ]       2 of   415 ms (  0.5%): Thread-18
[15.603s][info][gc,stats    ]      12 of   415 ms (  2.8%): Thread-19
[15.603s][info][gc,stats    ]      10 of   415 ms (  2.4%): Thread-20
[15.603s][info][gc,stats    ]       2 of   415 ms (  0.6%): Thread-21
[15.603s][info][gc,stats    ]       3 of   415 ms (  0.7%): Thread-22
[15.603s][info][gc,stats    ]      10 of   415 ms (  2.3%): Thread-23
[15.603s][info][gc,stats    ]      39 of   415 ms (  9.3%): <total>
[15.603s][info][gc,stats    ]       2 of   415 ms (  0.5%): <average total>
[15.603s][info][gc,stats    ]       6 of   415 ms (  1.6%): <average non-zero>
[15.603s][info][gc,stats    ] 
[15.603s][info][gc,metaspace] Metaspace: 6220K(6400K)->6220K(6400K) NonClass: 5614K(5696K)->5614K(5696K) Class: 606K(704K)->606K(704K)
[15.603s][info][gc,ergo     ] Pacer for Idle. Initial: 20971K, Alloc Tax Rate: 1.0x
[15.944s][info][gc          ] Trigger: Average GC time (57.15 ms) is above the time for average allocation rate (2100 MB/s) to deplete free headroom (97079K) (margin of error = 1.80)
[15.944s][info][gc,ergo     ] Free headroom: 146M (free) - 52428K (spike) - 0B (penalties) = 97079K
[15.944s][info][gc,ergo     ] Free: 146M, Max: 512K regular, 130M humongous, Frag: 11% external, 0% internal; Reserve: 52736K, Max: 512K
[15.944s][info][gc,start    ] GC(43) Concurrent reset
[15.944s][info][gc,task     ] GC(43) Using 1 of 3 workers for concurrent reset
[15.944s][info][gc,ergo     ] GC(43) Pacer for Reset. Non-Taxable: 1024M
[15.945s][info][gc          ] GC(43) Concurrent reset 0.418ms
[15.945s][info][gc,start    ] GC(43) Pause Init Mark (unload classes)
[15.945s][info][gc,task     ] GC(43) Using 3 of 3 workers for init marking
[15.945s][info][gc,ergo     ] GC(43) Pacer for Mark. Expected Live: 14261K, Free: 146M, Non-Taxable: 14950K, Alloc Tax Rate: 0.1x
[15.945s][info][gc          ] GC(43) Pause Init Mark (unload classes) 0.128ms
[15.952s][info][gc,start    ] GC(43) Concurrent marking roots
[15.952s][info][gc,task     ] GC(43) Using 1 of 3 workers for concurrent marking roots
[15.953s][info][gc          ] GC(43) Concurrent marking roots 0.587ms
[15.953s][info][gc,start    ] GC(43) Concurrent marking (unload classes)
[15.953s][info][gc,task     ] GC(43) Using 1 of 3 workers for concurrent marking
[15.960s][info][gc          ] GC(43) Concurrent marking (unload classes) 7.265ms
[15.960s][info][gc,start    ] GC(43) Pause Final Mark (unload classes)
[15.960s][info][gc,task     ] GC(43) Using 3 of 3 workers for final marking
[15.960s][info][gc,ergo     ] GC(43) Adaptive CSet Selection. Target Free: 145M, Actual Free: 844M, Max CSet: 43690K, Min Garbage: 0B
[15.961s][info][gc,ergo     ] GC(43) Collectable Garbage: 811M (99%), Immediate: 661M (81%), CSet: 149M (18%)
[15.961s][info][gc,ergo     ] GC(43) Pacer for Evacuation. Used CSet: 152M, Free: 793M, Non-Taxable: 81203K, Alloc Tax Rate: 1.1x
[15.961s][info][gc          ] GC(43) Pause Final Mark (unload classes) 0.323ms
[15.961s][info][gc,start    ] GC(43) Concurrent thread roots
[15.961s][info][gc,task     ] GC(43) Using 1 of 3 workers for Concurrent thread roots
[15.962s][info][gc          ] GC(43) Concurrent thread roots 0.987ms
[15.962s][info][gc,start    ] GC(43) Concurrent weak references
[15.962s][info][gc,task     ] GC(43) Using 1 of 3 workers for concurrent weak references
[15.962s][info][gc,ref      ] GC(43) Encountered references: Soft: 132, Weak: 434, Final: 9, Phantom: 21
[15.962s][info][gc,ref      ] GC(43) Discovered  references: Soft: 0, Weak: 234, Final: 7, Phantom: 14
[15.962s][info][gc,ref      ] GC(43) Enqueued    references: Soft: 0, Weak: 0, Final: 0, Phantom: 0
[15.962s][info][gc          ] GC(43) Concurrent weak references 0.133ms
[15.962s][info][gc,start    ] GC(43) Concurrent weak roots
[15.962s][info][gc,task     ] GC(43) Using 1 of 3 workers for concurrent weak root
[15.968s][info][gc          ] GC(43) Concurrent weak roots 6.484ms
[15.968s][info][gc,start    ] GC(43) Concurrent cleanup
[15.968s][info][gc          ] GC(43) Concurrent cleanup 851M->190M(1024M) 0.094ms
[15.968s][info][gc,ergo     ] GC(43) Free: 781M, Max: 512K regular, 510M humongous, Frag: 35% external, 0% internal; Reserve: 52224K, Max: 512K
[15.968s][info][gc,start    ] GC(43) Concurrent class unloading
[15.968s][info][gc,task     ] GC(43) Using 1 of 3 workers for concurrent class unloading
[15.976s][info][gc          ] GC(43) Concurrent class unloading 7.735ms
[15.976s][info][gc,start    ] GC(43) Concurrent strong roots
[15.976s][info][gc,task     ] GC(43) Using 1 of 3 workers for concurrent strong root
[15.976s][info][gc          ] GC(43) Concurrent strong roots 0.081ms
[15.976s][info][gc,start    ] GC(43) Concurrent evacuation
[15.976s][info][gc,task     ] GC(43) Using 1 of 3 workers for concurrent evacuation
[15.978s][info][gc          ] GC(43) Concurrent evacuation 2.113ms
[15.979s][info][gc,start    ] GC(43) Pause Init Update Refs
[15.979s][info][gc,ergo     ] GC(43) Pacer for Update Refs. Used: 206M, Free: 768M, Non-Taxable: 78643K, Alloc Tax Rate: 1.1x
[15.979s][info][gc          ] GC(43) Pause Init Update Refs 0.058ms
[15.984s][info][gc,start    ] GC(43) Concurrent update references
[15.985s][info][gc,task     ] GC(43) Using 1 of 3 workers for concurrent reference update
[15.990s][info][gc          ] GC(43) Concurrent update references 5.036ms
[15.990s][info][gc,start    ] GC(43) Concurrent update thread roots
[15.992s][info][gc          ] GC(43) Concurrent update thread roots 2.003ms
[15.992s][info][gc,start    ] GC(43) Pause Final Update Refs
[15.992s][info][gc,task     ] GC(43) Using 3 of 3 workers for final reference update
[15.992s][info][gc          ] GC(43) Pause Final Update Refs 0.097ms
[15.996s][info][gc,start    ] GC(43) Concurrent cleanup
[15.996s][info][gc          ] GC(43) Concurrent cleanup 228M->76M(1024M) 0.057ms
[15.996s][info][gc,ergo     ] Free: 894M, Max: 512K regular, 616M humongous, Frag: 32% external, 0% internal; Reserve: 52736K, Max: 512K
[15.996s][info][gc,stats    ] 
[15.996s][info][gc,stats    ] All times are wall-clock times, except per-root-class counters, that are sum over
[15.996s][info][gc,stats    ] all workers. Dividing the <total> over the root stage time estimates parallelism.
[15.996s][info][gc,stats    ] 
[15.996s][info][gc,stats    ] Concurrent Reset                    445 us
[15.996s][info][gc,stats    ] Pause Init Mark (G)                7451 us
[15.996s][info][gc,stats    ] Pause Init Mark (N)                 138 us
[15.996s][info][gc,stats    ]   Update Region States               41 us
[15.996s][info][gc,stats    ] Concurrent Mark Roots               599 us, parallelism: 0.83x
[15.996s][info][gc,stats    ]   CMR: <total>                      496 us
[15.996s][info][gc,stats    ]   CMR: Thread Roots                 447 us, workers (us): 447, ---, ---, 
[15.996s][info][gc,stats    ]   CMR: VM Strong Roots                6 us, workers (us):   6, ---, ---, 
[15.996s][info][gc,stats    ]   CMR: CLDG Roots                    44 us, workers (us):  44, ---, ---, 
[15.996s][info][gc,stats    ] Concurrent Marking                 7298 us
[15.996s][info][gc,stats    ] Pause Final Mark (G)                464 us
[15.996s][info][gc,stats    ] Pause Final Mark (N)                331 us
[15.996s][info][gc,stats    ]   Finish Mark                       115 us
[15.996s][info][gc,stats    ]   Update Region States               50 us
[15.996s][info][gc,stats    ]   Choose Collection Set              68 us
[15.996s][info][gc,stats    ]   Rebuild Free Set                    8 us
[15.996s][info][gc,stats    ] Concurrent Thread Roots            1023 us, parallelism: 0.88x
[15.996s][info][gc,stats    ]   CTR: <total>                      898 us
[15.996s][info][gc,stats    ]   CTR: Thread Roots                 898 us, workers (us): 898, ---, ---, 
[15.996s][info][gc,stats    ] Concurrent Weak References          148 us, parallelism: 0.09x
[15.996s][info][gc,stats    ]   CWRF: <total>                      14 us
[15.996s][info][gc,stats    ]   CWRF: Weak References              14 us, workers (us):  14, ---, ---, 
[15.996s][info][gc,stats    ] Concurrent Weak Roots              6520 us
[15.996s][info][gc,stats    ]   Roots                             592 us, parallelism: 0.95x
[15.996s][info][gc,stats    ]     CWR: <total>                    561 us
[15.996s][info][gc,stats    ]     CWR: Code Cache Roots           381 us, workers (us): 381, ---, ---, 
[15.996s][info][gc,stats    ]     CWR: VM Weak Roots              177 us, workers (us): 177, ---, ---, 
[15.996s][info][gc,stats    ]     CWR: CLDG Roots                   3 us, workers (us):   3, ---, ---, 
[15.996s][info][gc,stats    ]   Rendezvous                       5858 us
[15.996s][info][gc,stats    ] Concurrent Cleanup                  103 us
[15.996s][info][gc,stats    ] Concurrent Class Unloading         7778 us
[15.996s][info][gc,stats    ]   Unlink Stale                     1505 us
[15.996s][info][gc,stats    ]     System Dictionary                 2 us
[15.996s][info][gc,stats    ]     Weak Class Links                  0 us
[15.996s][info][gc,stats    ]     Code Roots                     1502 us
[15.996s][info][gc,stats    ]   Rendezvous                       6130 us
[15.996s][info][gc,stats    ]   Purge Unlinked                     80 us
[15.996s][info][gc,stats    ]     Code Roots                       75 us
[15.996s][info][gc,stats    ]     CLDG                              5 us
[15.996s][info][gc,stats    ]     Exception Caches                  0 us
[15.996s][info][gc,stats    ] Concurrent Strong Roots              91 us, parallelism: 0.55x
[15.996s][info][gc,stats    ]   CSR: <total>                       50 us
[15.996s][info][gc,stats    ]   CSR: VM Strong Roots                4 us, workers (us):   4, ---, ---, 
[15.996s][info][gc,stats    ]   CSR: CLDG Roots                    45 us, workers (us):  45, ---, ---, 
[15.996s][info][gc,stats    ] Concurrent Evacuation              2152 us
[15.996s][info][gc,stats    ] Pause Init Update Refs (G)         5961 us
[15.996s][info][gc,stats    ] Pause Init Update Refs (N)           68 us
[15.996s][info][gc,stats    ]   Manage GCLABs                       3 us
[15.996s][info][gc,stats    ] Concurrent Update Refs             5080 us
[15.996s][info][gc,stats    ] Concurrent Update Thread Roots     2021 us
[15.996s][info][gc,stats    ] Pause Final Update Refs (G)        3956 us
[15.996s][info][gc,stats    ] Pause Final Update Refs (N)         128 us
[15.996s][info][gc,stats    ]   Update Region States               41 us
[15.996s][info][gc,stats    ]   Trash Collection Set                6 us
[15.996s][info][gc,stats    ]   Rebuild Free Set                   13 us
[15.996s][info][gc,stats    ] Concurrent Cleanup                   66 us
[15.996s][info][gc,stats    ] Pacing                            52172 us
[15.996s][info][gc,stats    ] 
[15.996s][info][gc,stats    ] Allocation pacing accrued:
[15.996s][info][gc,stats    ]       9 of   393 ms (  2.2%): Thread-18
[15.996s][info][gc,stats    ]       9 of   393 ms (  2.2%): Thread-19
[15.996s][info][gc,stats    ]      10 of   393 ms (  2.6%): Thread-20
[15.996s][info][gc,stats    ]       8 of   393 ms (  2.0%): Thread-21
[15.996s][info][gc,stats    ]       8 of   393 ms (  2.1%): Thread-22
[15.996s][info][gc,stats    ]       9 of   393 ms (  2.3%): Thread-23
[15.996s][info][gc,stats    ]      52 of   393 ms ( 13.3%): <total>
[15.996s][info][gc,stats    ]       3 of   393 ms (  0.7%): <average total>
[15.996s][info][gc,stats    ]       9 of   393 ms (  2.2%): <average non-zero>
[15.996s][info][gc,stats    ] 
[15.996s][info][gc,metaspace] Metaspace: 6220K(6400K)->6220K(6400K) NonClass: 5614K(5696K)->5614K(5696K) Class: 606K(704K)->606K(704K)
[15.996s][info][gc,ergo     ] Pacer for Idle. Initial: 20971K, Alloc Tax Rate: 1.0x
[16.481s][info][gc          ] Trigger: Average GC time (59.65 ms) is above the time for average allocation rate (1604 MB/s) to deplete free headroom (87863K) (margin of error = 1.80)
[16.481s][info][gc,ergo     ] Free headroom: 137M (free) - 52428K (spike) - 0B (penalties) = 87863K
[16.481s][info][gc,ergo     ] Free: 137M, Max: 512K regular, 120M humongous, Frag: 13% external, 0% internal; Reserve: 52736K, Max: 512K
[16.481s][info][gc,start    ] GC(44) Concurrent reset
[16.481s][info][gc,task     ] GC(44) Using 1 of 3 workers for concurrent reset
[16.481s][info][gc,ergo     ] GC(44) Pacer for Reset. Non-Taxable: 1024M
[16.482s][info][gc          ] GC(44) Concurrent reset 0.664ms
[16.482s][info][gc,start    ] GC(44) Pause Init Mark (unload classes)
[16.482s][info][gc,task     ] GC(44) Using 3 of 3 workers for init marking
[16.482s][info][gc,ergo     ] GC(44) Pacer for Mark. Expected Live: 14290K, Free: 135M, Non-Taxable: 13875K, Alloc Tax Rate: 0.1x
[16.482s][info][gc          ] GC(44) Pause Init Mark (unload classes) 0.186ms
[16.488s][info][gc,start    ] GC(44) Concurrent marking roots
[16.488s][info][gc,task     ] GC(44) Using 1 of 3 workers for concurrent marking roots
[16.489s][info][gc          ] GC(44) Concurrent marking roots 0.550ms
[16.489s][info][gc,start    ] GC(44) Concurrent marking (unload classes)
[16.489s][info][gc,task     ] GC(44) Using 1 of 3 workers for concurrent marking
[16.496s][info][gc          ] GC(44) Concurrent marking (unload classes) 6.706ms
[16.496s][info][gc,start    ] GC(44) Pause Final Mark (unload classes)
[16.496s][info][gc,task     ] GC(44) Using 3 of 3 workers for final marking
[16.496s][info][gc,ergo     ] GC(44) Adaptive CSet Selection. Target Free: 145M, Actual Free: 860M, Max CSet: 43690K, Min Garbage: 0B
[16.496s][info][gc,ergo     ] GC(44) Collectable Garbage: 821M (99%), Immediate: 687M (83%), CSet: 134M (16%)
[16.496s][info][gc,ergo     ] GC(44) Pacer for Evacuation. Used CSet: 137M, Free: 809M, Non-Taxable: 82842K, Alloc Tax Rate: 1.1x
[16.496s][info][gc          ] GC(44) Pause Final Mark (unload classes) 0.428ms
[16.496s][info][gc,start    ] GC(44) Concurrent thread roots
[16.496s][info][gc,task     ] GC(44) Using 1 of 3 workers for Concurrent thread roots
[16.497s][info][gc          ] GC(44) Concurrent thread roots 0.557ms
[16.497s][info][gc,start    ] GC(44) Concurrent weak references
[16.497s][info][gc,task     ] GC(44) Using 1 of 3 workers for concurrent weak references
[16.497s][info][gc,ref      ] GC(44) Encountered references: Soft: 132, Weak: 434, Final: 9, Phantom: 21
[16.497s][info][gc,ref      ] GC(44) Discovered  references: Soft: 0, Weak: 234, Final: 7, Phantom: 14
[16.497s][info][gc,ref      ] GC(44) Enqueued    references: Soft: 0, Weak: 0, Final: 0, Phantom: 0
[16.497s][info][gc          ] GC(44) Concurrent weak references 0.064ms
[16.497s][info][gc,start    ] GC(44) Concurrent weak roots
[16.497s][info][gc,task     ] GC(44) Using 1 of 3 workers for concurrent weak root
[16.505s][info][gc          ] GC(44) Concurrent weak roots 8.132ms
[16.505s][info][gc,start    ] GC(44) Concurrent cleanup
[16.505s][info][gc          ] GC(44) Concurrent cleanup 864M->177M(1024M) 0.105ms
[16.505s][info][gc,ergo     ] GC(44) Free: 794M, Max: 512K regular, 414M humongous, Frag: 48% external, 0% internal; Reserve: 52014K, Max: 512K
[16.505s][info][gc,start    ] GC(44) Concurrent class unloading
[16.505s][info][gc,task     ] GC(44) Using 1 of 3 workers for concurrent class unloading
[16.509s][info][gc          ] GC(44) Concurrent class unloading 3.681ms
[16.509s][info][gc,start    ] GC(44) Concurrent strong roots
[16.509s][info][gc,task     ] GC(44) Using 1 of 3 workers for concurrent strong root
[16.509s][info][gc          ] GC(44) Concurrent strong roots 0.092ms
[16.509s][info][gc,start    ] GC(44) Concurrent evacuation
[16.509s][info][gc,task     ] GC(44) Using 1 of 3 workers for concurrent evacuation
[16.511s][info][gc          ] GC(44) Concurrent evacuation 1.772ms
[16.511s][info][gc,start    ] GC(44) Pause Init Update Refs
[16.511s][info][gc,ergo     ] GC(44) Pacer for Update Refs. Used: 187M, Free: 786M, Non-Taxable: 80538K, Alloc Tax Rate: 1.1x
[16.511s][info][gc          ] GC(44) Pause Init Update Refs 0.048ms
[16.515s][info][gc,start    ] GC(44) Concurrent update references
[16.515s][info][gc,task     ] GC(44) Using 1 of 3 workers for concurrent reference update
[16.519s][info][gc          ] GC(44) Concurrent update references 4.729ms
[16.519s][info][gc,start    ] GC(44) Concurrent update thread roots
[16.520s][info][gc          ] GC(44) Concurrent update thread roots 0.577ms
[16.520s][info][gc,start    ] GC(44) Pause Final Update Refs
[16.520s][info][gc,task     ] GC(44) Using 3 of 3 workers for final reference update
[16.520s][info][gc          ] GC(44) Pause Final Update Refs 0.099ms
[16.526s][info][gc,start    ] GC(44) Concurrent cleanup
[16.526s][info][gc          ] GC(44) Concurrent cleanup 212M->75M(1024M) 0.040ms
[16.526s][info][gc,ergo     ] Free: 895M, Max: 512K regular, 620M humongous, Frag: 31% external, 0% internal; Reserve: 52736K, Max: 512K
[16.526s][info][gc,stats    ] 
[16.526s][info][gc,stats    ] All times are wall-clock times, except per-root-class counters, that are sum over
[16.526s][info][gc,stats    ] all workers. Dividing the <total> over the root stage time estimates parallelism.
[16.526s][info][gc,stats    ] 
[16.526s][info][gc,stats    ] Concurrent Reset                    704 us
[16.526s][info][gc,stats    ] Pause Init Mark (G)                6394 us
[16.526s][info][gc,stats    ] Pause Init Mark (N)                 197 us
[16.526s][info][gc,stats    ]   Update Region States               49 us
[16.526s][info][gc,stats    ] Concurrent Mark Roots               565 us, parallelism: 0.85x
[16.526s][info][gc,stats    ]   CMR: <total>                      482 us
[16.526s][info][gc,stats    ]   CMR: Thread Roots                 434 us, workers (us): 434, ---, ---, 
[16.526s][info][gc,stats    ]   CMR: VM Strong Roots                4 us, workers (us):   4, ---, ---, 
[16.526s][info][gc,stats    ]   CMR: CLDG Roots                    44 us, workers (us):  44, ---, ---, 
[16.526s][info][gc,stats    ] Concurrent Marking                 6756 us
[16.526s][info][gc,stats    ] Pause Final Mark (G)                498 us
[16.526s][info][gc,stats    ] Pause Final Mark (N)                449 us
[16.526s][info][gc,stats    ]   Finish Mark                        85 us
[16.526s][info][gc,stats    ]   Update Region States               54 us
[16.526s][info][gc,stats    ]   Choose Collection Set             161 us
[16.526s][info][gc,stats    ]   Rebuild Free Set                   24 us
[16.526s][info][gc,stats    ] Concurrent Thread Roots             565 us, parallelism: 0.91x
[16.526s][info][gc,stats    ]   CTR: <total>                      514 us
[16.526s][info][gc,stats    ]   CTR: Thread Roots                 514 us, workers (us): 514, ---, ---, 
[16.526s][info][gc,stats    ] Concurrent Weak References           70 us, parallelism: 0.14x
[16.526s][info][gc,stats    ]   CWRF: <total>                      10 us
[16.526s][info][gc,stats    ]   CWRF: Weak References              10 us, workers (us):  10, ---, ---, 
[16.526s][info][gc,stats    ] Concurrent Weak Roots              8182 us
[16.526s][info][gc,stats    ]   Roots                             526 us, parallelism: 0.95x
[16.526s][info][gc,stats    ]     CWR: <total>                    501 us
[16.526s][info][gc,stats    ]     CWR: Code Cache Roots           396 us, workers (us): 396, ---, ---, 
[16.526s][info][gc,stats    ]     CWR: VM Weak Roots              102 us, workers (us): 102, ---, ---, 
[16.526s][info][gc,stats    ]     CWR: CLDG Roots                   2 us, workers (us):   2, ---, ---, 
[16.526s][info][gc,stats    ]   Rendezvous                       7586 us
[16.526s][info][gc,stats    ] Concurrent Cleanup                  115 us
[16.527s][info][gc,stats    ] Concurrent Class Unloading         3778 us
[16.527s][info][gc,stats    ]   Unlink Stale                     1540 us
[16.527s][info][gc,stats    ]     System Dictionary                 2 us
[16.527s][info][gc,stats    ]     Weak Class Links                  0 us
[16.527s][info][gc,stats    ]     Code Roots                     1535 us
[16.527s][info][gc,stats    ]   Rendezvous                       2059 us
[16.527s][info][gc,stats    ]   Purge Unlinked                     64 us
[16.527s][info][gc,stats    ]     Code Roots                       59 us
[16.527s][info][gc,stats    ]     CLDG                              4 us
[16.527s][info][gc,stats    ]     Exception Caches                  0 us
[16.527s][info][gc,stats    ] Concurrent Strong Roots             102 us, parallelism: 0.50x
[16.527s][info][gc,stats    ]   CSR: <total>                       51 us
[16.527s][info][gc,stats    ]   CSR: VM Strong Roots                4 us, workers (us):   4, ---, ---, 
[16.527s][info][gc,stats    ]   CSR: CLDG Roots                    47 us, workers (us):  47, ---, ---, 
[16.527s][info][gc,stats    ] Concurrent Evacuation              1812 us
[16.527s][info][gc,stats    ] Pause Init Update Refs (G)         3941 us
[16.527s][info][gc,stats    ] Pause Init Update Refs (N)           56 us
[16.527s][info][gc,stats    ]   Manage GCLABs                       3 us
[16.527s][info][gc,stats    ] Concurrent Update Refs             4772 us
[16.527s][info][gc,stats    ] Concurrent Update Thread Roots      592 us
[16.527s][info][gc,stats    ] Pause Final Update Refs (G)        6012 us
[16.527s][info][gc,stats    ] Pause Final Update Refs (N)         118 us
[16.527s][info][gc,stats    ]   Update Region States               39 us
[16.527s][info][gc,stats    ]   Trash Collection Set                8 us
[16.527s][info][gc,stats    ]   Rebuild Free Set                   14 us
[16.527s][info][gc,stats    ] Concurrent Cleanup                   51 us
[16.527s][info][gc,stats    ] Pacing                            33229 us
[16.527s][info][gc,stats    ] 
[16.527s][info][gc,stats    ] Allocation pacing accrued:
[16.527s][info][gc,stats    ]       5 of   531 ms (  1.0%): Thread-18
[16.527s][info][gc,stats    ]       5 of   531 ms (  1.0%): Thread-19
[16.527s][info][gc,stats    ]       6 of   531 ms (  1.2%): Thread-20
[16.527s][info][gc,stats    ]       6 of   531 ms (  1.1%): Thread-21
[16.527s][info][gc,stats    ]       6 of   531 ms (  1.0%): Thread-22
[16.527s][info][gc,stats    ]       5 of   531 ms (  1.0%): Thread-23
[16.527s][info][gc,stats    ]      33 of   531 ms (  6.3%): <total>
[16.527s][info][gc,stats    ]       2 of   531 ms (  0.3%): <average total>
[16.527s][info][gc,stats    ]       6 of   531 ms (  1.0%): <average non-zero>
[16.527s][info][gc,stats    ] 
[16.527s][info][gc,metaspace] Metaspace: 6220K(6400K)->6220K(6400K) NonClass: 5614K(5696K)->5614K(5696K) Class: 606K(704K)->606K(704K)
[16.527s][info][gc,ergo     ] Pacer for Idle. Initial: 20971K, Alloc Tax Rate: 1.0x
[16.860s][info][gc          ] Trigger: Average GC time (55.09 ms) is above the time for average allocation rate (2112 MB/s) to deplete free headroom (102200K) (margin of error = 1.80)
[16.860s][info][gc,ergo     ] Free headroom: 151M (free) - 52428K (spike) - 0B (penalties) = 102200K
[16.860s][info][gc,ergo     ] Free: 151M, Max: 512K regular, 107M humongous, Frag: 29% external, 0% internal; Reserve: 52736K, Max: 512K
[16.860s][info][gc,start    ] GC(45) Concurrent reset
[16.860s][info][gc,task     ] GC(45) Using 1 of 3 workers for concurrent reset
[16.860s][info][gc,ergo     ] GC(45) Pacer for Reset. Non-Taxable: 1024M
[16.860s][info][gc          ] GC(45) Concurrent reset 0.675ms
[16.861s][info][gc,start    ] GC(45) Pause Init Mark (unload classes)
[16.861s][info][gc,task     ] GC(45) Using 3 of 3 workers for init marking
[16.861s][info][gc,ergo     ] GC(45) Pacer for Mark. Expected Live: 14261K, Free: 149M, Non-Taxable: 15258K, Alloc Tax Rate: 0.1x
[16.861s][info][gc          ] GC(45) Pause Init Mark (unload classes) 0.142ms
[16.867s][info][gc,start    ] GC(45) Concurrent marking roots
[16.867s][info][gc,task     ] GC(45) Using 1 of 3 workers for concurrent marking roots
[16.867s][info][gc          ] GC(45) Concurrent marking roots 0.611ms
[16.867s][info][gc,start    ] GC(45) Concurrent marking (unload classes)
[16.867s][info][gc,task     ] GC(45) Using 1 of 3 workers for concurrent marking
[16.874s][info][gc          ] GC(45) Concurrent marking (unload classes) 6.738ms
[16.874s][info][gc,start    ] GC(45) Pause Final Mark (unload classes)
[16.874s][info][gc,task     ] GC(45) Using 3 of 3 workers for final marking
[16.874s][info][gc,ergo     ] GC(45) Adaptive CSet Selection. Target Free: 145M, Actual Free: 893M, Max CSet: 43690K, Min Garbage: 0B
[16.874s][info][gc,ergo     ] GC(45) Collectable Garbage: 808M (99%), Immediate: 707M (87%), CSet: 100M (12%)
[16.874s][info][gc,ergo     ] GC(45) Pacer for Evacuation. Used CSet: 102M, Free: 842M, Non-Taxable: 86221K, Alloc Tax Rate: 1.1x
[16.874s][info][gc          ] GC(45) Pause Final Mark (unload classes) 0.401ms
[16.874s][info][gc,start    ] GC(45) Concurrent thread roots
[16.874s][info][gc,task     ] GC(45) Using 1 of 3 workers for Concurrent thread roots
[16.876s][info][gc          ] GC(45) Concurrent thread roots 1.112ms
[16.876s][info][gc,start    ] GC(45) Concurrent weak references
[16.876s][info][gc,task     ] GC(45) Using 1 of 3 workers for concurrent weak references
[16.876s][info][gc,ref      ] GC(45) Encountered references: Soft: 132, Weak: 434, Final: 9, Phantom: 21
[16.876s][info][gc,ref      ] GC(45) Discovered  references: Soft: 0, Weak: 234, Final: 7, Phantom: 14
[16.876s][info][gc,ref      ] GC(45) Enqueued    references: Soft: 0, Weak: 0, Final: 0, Phantom: 0
[16.876s][info][gc          ] GC(45) Concurrent weak references 0.072ms
[16.876s][info][gc,start    ] GC(45) Concurrent weak roots
[16.876s][info][gc,task     ] GC(45) Using 1 of 3 workers for concurrent weak root
[16.891s][info][gc          ] GC(45) Concurrent weak roots 15.144ms
[16.891s][info][gc,start    ] GC(45) Concurrent cleanup
[16.891s][info][gc          ] GC(45) Concurrent cleanup 867M->160M(1024M) 0.106ms
[16.891s][info][gc,ergo     ] GC(45) Free: 812M, Max: 512K regular, 624M humongous, Frag: 24% external, 0% internal; Reserve: 51583K, Max: 512K
[16.891s][info][gc,start    ] GC(45) Concurrent class unloading
[16.891s][info][gc,task     ] GC(45) Using 1 of 3 workers for concurrent class unloading
[16.893s][info][gc          ] GC(45) Concurrent class unloading 2.135ms
[16.893s][info][gc,start    ] GC(45) Concurrent strong roots
[16.893s][info][gc,task     ] GC(45) Using 1 of 3 workers for concurrent strong root
[16.893s][info][gc          ] GC(45) Concurrent strong roots 0.081ms
[16.893s][info][gc,start    ] GC(45) Concurrent evacuation
[16.893s][info][gc,task     ] GC(45) Using 1 of 3 workers for concurrent evacuation
[16.895s][info][gc          ] GC(45) Concurrent evacuation 1.594ms
[16.895s][info][gc,start    ] GC(45) Pause Init Update Refs
[16.895s][info][gc,ergo     ] GC(45) Pacer for Update Refs. Used: 168M, Free: 806M, Non-Taxable: 82534K, Alloc Tax Rate: 1.1x
[16.895s][info][gc          ] GC(45) Pause Init Update Refs 0.049ms
[16.901s][info][gc,start    ] GC(45) Concurrent update references
[16.901s][info][gc,task     ] GC(45) Using 1 of 3 workers for concurrent reference update
[16.906s][info][gc          ] GC(45) Concurrent update references 5.046ms
[16.906s][info][gc,start    ] GC(45) Concurrent update thread roots
[16.906s][info][gc          ] GC(45) Concurrent update thread roots 0.576ms
[16.907s][info][gc,start    ] GC(45) Pause Final Update Refs
[16.907s][info][gc,task     ] GC(45) Using 3 of 3 workers for final reference update
[16.907s][info][gc          ] GC(45) Pause Final Update Refs 0.149ms
[16.908s][info][gc,start    ] GC(45) Concurrent cleanup
[16.909s][info][gc          ] GC(45) Concurrent cleanup 189M->86M(1024M) 0.032ms
[16.909s][info][gc,ergo     ] Free: 884M, Max: 512K regular, 625M humongous, Frag: 30% external, 0% internal; Reserve: 52736K, Max: 512K
[16.909s][info][gc,stats    ] 
[16.909s][info][gc,stats    ] All times are wall-clock times, except per-root-class counters, that are sum over
[16.909s][info][gc,stats    ] all workers. Dividing the <total> over the root stage time estimates parallelism.
[16.909s][info][gc,stats    ] 
[16.909s][info][gc,stats    ] Concurrent Reset                    821 us
[16.909s][info][gc,stats    ] Pause Init Mark (G)                6031 us
[16.909s][info][gc,stats    ] Pause Init Mark (N)                 153 us
[16.909s][info][gc,stats    ]   Update Region States               42 us
[16.909s][info][gc,stats    ] Concurrent Mark Roots               623 us, parallelism: 0.84x
[16.909s][info][gc,stats    ]   CMR: <total>                      522 us
[16.909s][info][gc,stats    ]   CMR: Thread Roots                 467 us, workers (us): 467, ---, ---, 
[16.909s][info][gc,stats    ]   CMR: VM Strong Roots                7 us, workers (us):   7, ---, ---, 
[16.909s][info][gc,stats    ]   CMR: CLDG Roots                    48 us, workers (us):  48, ---, ---, 
[16.909s][info][gc,stats    ] Concurrent Marking                 6791 us
[16.909s][info][gc,stats    ] Pause Final Mark (G)                479 us
[16.909s][info][gc,stats    ] Pause Final Mark (N)                422 us
[16.909s][info][gc,stats    ]   Finish Mark                        61 us
[16.909s][info][gc,stats    ]   Update Region States               52 us
[16.909s][info][gc,stats    ]   Choose Collection Set             148 us
[16.909s][info][gc,stats    ]   Rebuild Free Set                   21 us
[16.909s][info][gc,stats    ] Concurrent Thread Roots            1131 us, parallelism: 0.92x
[16.909s][info][gc,stats    ]   CTR: <total>                     1042 us
[16.909s][info][gc,stats    ]   CTR: Thread Roots                1042 us, workers (us): 1042, ---, ---, 
[16.909s][info][gc,stats    ] Concurrent Weak References           79 us, parallelism: 0.23x
[16.909s][info][gc,stats    ]   CWRF: <total>                      18 us
[16.909s][info][gc,stats    ]   CWRF: Weak References              18 us, workers (us):  18, ---, ---, 
[16.909s][info][gc,stats    ] Concurrent Weak Roots             15185 us
[16.909s][info][gc,stats    ]   Roots                             504 us, parallelism: 0.96x
[16.909s][info][gc,stats    ]     CWR: <total>                    484 us
[16.909s][info][gc,stats    ]     CWR: Code Cache Roots           316 us, workers (us): 316, ---, ---, 
[16.909s][info][gc,stats    ]     CWR: VM Weak Roots              166 us, workers (us): 166, ---, ---, 
[16.909s][info][gc,stats    ]     CWR: CLDG Roots                   2 us, workers (us):   2, ---, ---, 
[16.909s][info][gc,stats    ]   Rendezvous                      14622 us
[16.909s][info][gc,stats    ] Concurrent Cleanup                  115 us
[16.909s][info][gc,stats    ] Concurrent Class Unloading         2160 us
[16.909s][info][gc,stats    ]   Unlink Stale                     1628 us
[16.909s][info][gc,stats    ]     System Dictionary                 3 us
[16.909s][info][gc,stats    ]     Weak Class Links                  0 us
[16.909s][info][gc,stats    ]     Code Roots                     1624 us
[16.909s][info][gc,stats    ]   Rendezvous                        440 us
[16.909s][info][gc,stats    ]   Purge Unlinked                     48 us
[16.909s][info][gc,stats    ]     Code Roots                       44 us
[16.909s][info][gc,stats    ]     CLDG                              4 us
[16.909s][info][gc,stats    ]     Exception Caches                  0 us
[16.909s][info][gc,stats    ] Concurrent Strong Roots              89 us, parallelism: 0.57x
[16.909s][info][gc,stats    ]   CSR: <total>                       51 us
[16.909s][info][gc,stats    ]   CSR: VM Strong Roots                4 us, workers (us):   4, ---, ---, 
[16.909s][info][gc,stats    ]   CSR: CLDG Roots                    47 us, workers (us):  47, ---, ---, 
[16.909s][info][gc,stats    ] Concurrent Evacuation              1635 us
[16.909s][info][gc,stats    ] Pause Init Update Refs (G)         5951 us
[16.909s][info][gc,stats    ] Pause Init Update Refs (N)           58 us
[16.909s][info][gc,stats    ]   Manage GCLABs                       3 us
[16.909s][info][gc,stats    ] Concurrent Update Refs             5092 us
[16.909s][info][gc,stats    ] Concurrent Update Thread Roots      591 us
[16.909s][info][gc,stats    ] Pause Final Update Refs (G)        1997 us
[16.909s][info][gc,stats    ] Pause Final Update Refs (N)         177 us
[16.909s][info][gc,stats    ]   Update Region States               37 us
[16.909s][info][gc,stats    ]   Trash Collection Set                5 us
[16.909s][info][gc,stats    ]   Rebuild Free Set                   14 us
[16.909s][info][gc,stats    ] Concurrent Cleanup                   42 us
[16.909s][info][gc,stats    ] Pacing                            48273 us
[16.909s][info][gc,stats    ] 
[16.909s][info][gc,stats    ] Allocation pacing accrued:
[16.909s][info][gc,stats    ]       8 of   382 ms (  2.0%): Thread-18
[16.909s][info][gc,stats    ]       8 of   382 ms (  2.2%): Thread-19
[16.909s][info][gc,stats    ]       8 of   382 ms (  2.0%): Thread-20
[16.909s][info][gc,stats    ]       9 of   382 ms (  2.3%): Thread-21
[16.909s][info][gc,stats    ]       8 of   382 ms (  2.0%): Thread-22
[16.909s][info][gc,stats    ]       8 of   382 ms (  2.1%): Thread-23
[16.909s][info][gc,stats    ]      48 of   382 ms ( 12.6%): <total>
[16.909s][info][gc,stats    ]       3 of   382 ms (  0.7%): <average total>
[16.909s][info][gc,stats    ]       8 of   382 ms (  2.1%): <average non-zero>
[16.909s][info][gc,stats    ] 
[16.909s][info][gc,metaspace] Metaspace: 6220K(6400K)->6220K(6400K) NonClass: 5614K(5696K)->5614K(5696K) Class: 606K(704K)->606K(704K)
[16.909s][info][gc,ergo     ] Pacer for Idle. Initial: 20971K, Alloc Tax Rate: 1.0x
[17.302s][info][gc          ] Trigger: Average GC time (54.35 ms) is above the time for average allocation rate (2007 MB/s) to deplete free headroom (81207K) (margin of error = 1.80)
[17.302s][info][gc,ergo     ] Free headroom: 130M (free) - 52428K (spike) - 0B (penalties) = 81207K
[17.302s][info][gc,ergo     ] Free: 130M, Max: 512K regular, 105M humongous, Frag: 20% external, 0% internal; Reserve: 52736K, Max: 512K
[17.302s][info][gc,start    ] GC(46) Concurrent reset
[17.302s][info][gc,task     ] GC(46) Using 1 of 3 workers for concurrent reset
[17.302s][info][gc,ergo     ] GC(46) Pacer for Reset. Non-Taxable: 1024M
[17.302s][info][gc          ] GC(46) Concurrent reset 0.463ms
[17.302s][info][gc,start    ] GC(46) Pause Init Mark (unload classes)
[17.302s][info][gc,task     ] GC(46) Using 3 of 3 workers for init marking
[17.302s][info][gc,ergo     ] GC(46) Pacer for Mark. Expected Live: 14231K, Free: 128M, Non-Taxable: 13158K, Alloc Tax Rate: 0.1x
[17.302s][info][gc          ] GC(46) Pause Init Mark (unload classes) 0.124ms
[17.306s][info][gc,start    ] GC(46) Concurrent marking roots
[17.306s][info][gc,task     ] GC(46) Using 1 of 3 workers for concurrent marking roots
[17.307s][info][gc          ] GC(46) Concurrent marking roots 0.565ms
[17.307s][info][gc,start    ] GC(46) Concurrent marking (unload classes)
[17.307s][info][gc,task     ] GC(46) Using 1 of 3 workers for concurrent marking
[17.313s][info][gc          ] GC(46) Concurrent marking (unload classes) 6.053ms
[17.313s][info][gc,start    ] GC(46) Pause Final Mark (unload classes)
[17.313s][info][gc,task     ] GC(46) Using 3 of 3 workers for final marking
[17.313s][info][gc,ergo     ] GC(46) Collectable Garbage: 759M (91%), Immediate: 759M (91%), CSet: 0B (0%)
[17.313s][info][gc          ] GC(46) Pause Final Mark (unload classes) 0.299ms
[17.313s][info][gc,start    ] GC(46) Concurrent weak references
[17.313s][info][gc,task     ] GC(46) Using 1 of 3 workers for concurrent weak references
[17.314s][info][gc,ref      ] GC(46) Encountered references: Soft: 132, Weak: 434, Final: 9, Phantom: 21
[17.314s][info][gc,ref      ] GC(46) Discovered  references: Soft: 0, Weak: 234, Final: 7, Phantom: 14
[17.314s][info][gc,ref      ] GC(46) Enqueued    references: Soft: 0, Weak: 0, Final: 0, Phantom: 0
[17.314s][info][gc          ] GC(46) Concurrent weak references 0.237ms
[17.314s][info][gc,start    ] GC(46) Concurrent weak roots
[17.314s][info][gc,task     ] GC(46) Using 1 of 3 workers for concurrent weak root
[17.314s][info][gc          ] GC(46) Concurrent weak roots 0.474ms
[17.314s][info][gc,start    ] GC(46) Concurrent cleanup
[17.314s][info][gc          ] GC(46) Concurrent cleanup 855M->96M(1024M) 0.091ms
[17.314s][info][gc,ergo     ] GC(46) Free: 875M, Max: 512K regular, 650M humongous, Frag: 26% external, 0% internal; Reserve: 52736K, Max: 512K
[17.314s][info][gc,start    ] GC(46) Concurrent class unloading
[17.314s][info][gc,task     ] GC(46) Using 1 of 3 workers for concurrent class unloading
[17.316s][info][gc          ] GC(46) Concurrent class unloading 1.557ms
[17.316s][info][gc,start    ] GC(46) Pause Final Roots
[17.316s][info][gc          ] GC(46) Pause Final Roots 0.013ms
[17.316s][info][gc,ergo     ] Free: 875M, Max: 512K regular, 650M humongous, Frag: 26% external, 0% internal; Reserve: 52736K, Max: 512K
[17.316s][info][gc,stats    ] 
[17.316s][info][gc,stats    ] All times are wall-clock times, except per-root-class counters, that are sum over
[17.316s][info][gc,stats    ] all workers. Dividing the <total> over the root stage time estimates parallelism.
[17.316s][info][gc,stats    ] 
[17.316s][info][gc,stats    ] Concurrent Reset                    489 us
[17.316s][info][gc,stats    ] Pause Init Mark (G)                4103 us
[17.316s][info][gc,stats    ] Pause Init Mark (N)                 133 us
[17.316s][info][gc,stats    ]   Update Region States               46 us
[17.316s][info][gc,stats    ] Concurrent Mark Roots               576 us, parallelism: 0.86x
[17.316s][info][gc,stats    ]   CMR: <total>                      495 us
[17.316s][info][gc,stats    ]   CMR: Thread Roots                 443 us, workers (us): 443, ---, ---, 
[17.316s][info][gc,stats    ]   CMR: VM Strong Roots                6 us, workers (us):   6, ---, ---, 
[17.316s][info][gc,stats    ]   CMR: CLDG Roots                    46 us, workers (us):  46, ---, ---, 
[17.316s][info][gc,stats    ] Concurrent Marking                 6121 us
[17.316s][info][gc,stats    ] Pause Final Mark (G)                375 us
[17.316s][info][gc,stats    ] Pause Final Mark (N)                321 us
[17.316s][info][gc,stats    ]   Finish Mark                        62 us
[17.316s][info][gc,stats    ]   Update Region States               55 us
[17.316s][info][gc,stats    ]   Choose Collection Set              77 us
[17.316s][info][gc,stats    ]   Rebuild Free Set                   22 us
[17.316s][info][gc,stats    ] Concurrent Weak References          253 us, parallelism: 0.03x
[17.316s][info][gc,stats    ]   CWRF: <total>                       8 us
[17.316s][info][gc,stats    ]   CWRF: Weak References               8 us, workers (us):   8, ---, ---, 
[17.316s][info][gc,stats    ] Concurrent Weak Roots               483 us
[17.316s][info][gc,stats    ]   Roots                             407 us, parallelism: 0.94x
[17.316s][info][gc,stats    ]     CWR: <total>                    382 us
[17.316s][info][gc,stats    ]     CWR: Code Cache Roots           320 us, workers (us): 320, ---, ---, 
[17.316s][info][gc,stats    ]     CWR: VM Weak Roots               60 us, workers (us):  60, ---, ---, 
[17.316s][info][gc,stats    ]     CWR: CLDG Roots                   2 us, workers (us):   2, ---, ---, 
[17.316s][info][gc,stats    ]   Rendezvous                         38 us
[17.316s][info][gc,stats    ] Concurrent Cleanup                   98 us
[17.316s][info][gc,stats    ] Concurrent Class Unloading         1579 us
[17.316s][info][gc,stats    ]   Unlink Stale                     1465 us
[17.316s][info][gc,stats    ]     System Dictionary                 2 us
[17.316s][info][gc,stats    ]     Weak Class Links                  0 us
[17.317s][info][gc,stats    ]     Code Roots                     1462 us
[17.317s][info][gc,stats    ]   Rendezvous                         30 us
[17.317s][info][gc,stats    ]   Purge Unlinked                     46 us
[17.317s][info][gc,stats    ]     Code Roots                       39 us
[17.317s][info][gc,stats    ]     CLDG                              6 us
[17.317s][info][gc,stats    ]     Exception Caches                  0 us
[17.317s][info][gc,stats    ] Pause Final Roots (G)                48 us
[17.317s][info][gc,stats    ] Pause Final Roots (N)                20 us
[17.317s][info][gc,stats    ] Pacing                            12975 us
[17.317s][info][gc,stats    ] 
[17.317s][info][gc,stats    ] Allocation pacing accrued:
[17.317s][info][gc,stats    ]       1 of   408 ms (  0.3%): Thread-18
[17.317s][info][gc,stats    ]       3 of   408 ms (  0.6%): Thread-19
[17.317s][info][gc,stats    ]       2 of   408 ms (  0.5%): Thread-20
[17.317s][info][gc,stats    ]       3 of   408 ms (  0.6%): Thread-21
[17.317s][info][gc,stats    ]       2 of   408 ms (  0.5%): Thread-22
[17.317s][info][gc,stats    ]       3 of   408 ms (  0.6%): Thread-23
[17.317s][info][gc,stats    ]      13 of   408 ms (  3.2%): <total>
[17.317s][info][gc,stats    ]       1 of   408 ms (  0.2%): <average total>
[17.317s][info][gc,stats    ]       2 of   408 ms (  0.5%): <average non-zero>
[17.317s][info][gc,stats    ] 
[17.317s][info][gc,metaspace] Metaspace: 6220K(6400K)->6220K(6400K) NonClass: 5614K(5696K)->5614K(5696K) Class: 606K(704K)->606K(704K)
[17.317s][info][gc,ergo     ] Pacer for Idle. Initial: 20971K, Alloc Tax Rate: 1.0x
[17.681s][info][gc          ] Trigger: Average GC time (61.07 ms) is above the time for average allocation rate (2068 MB/s) to deplete free headroom (91959K) (margin of error = 1.80)
[17.681s][info][gc,ergo     ] Free headroom: 141M (free) - 52428K (spike) - 0B (penalties) = 91959K
[17.681s][info][gc,ergo     ] Free: 141M, Max: 512K regular, 119M humongous, Frag: 16% external, 0% internal; Reserve: 52736K, Max: 512K
[17.681s][info][gc,start    ] GC(47) Concurrent reset
[17.681s][info][gc,task     ] GC(47) Using 1 of 3 workers for concurrent reset
[17.681s][info][gc,ergo     ] GC(47) Pacer for Reset. Non-Taxable: 1024M
[17.682s][info][gc          ] GC(47) Concurrent reset 0.387ms
[17.682s][info][gc,start    ] GC(47) Pause Init Mark (unload classes)
[17.682s][info][gc,task     ] GC(47) Using 3 of 3 workers for init marking
[17.682s][info][gc,ergo     ] GC(47) Pacer for Mark. Expected Live: 14220K, Free: 141M, Non-Taxable: 14438K, Alloc Tax Rate: 0.1x
[17.682s][info][gc          ] GC(47) Pause Init Mark (unload classes) 0.107ms
[17.682s][info][gc,start    ] GC(47) Concurrent marking roots
[17.682s][info][gc,task     ] GC(47) Using 1 of 3 workers for concurrent marking roots
[17.683s][info][gc          ] GC(47) Concurrent marking roots 0.873ms
[17.683s][info][gc,start    ] GC(47) Concurrent marking (unload classes)
[17.683s][info][gc,task     ] GC(47) Using 1 of 3 workers for concurrent marking
[17.689s][info][gc          ] GC(47) Concurrent marking (unload classes) 6.111ms
[17.689s][info][gc,start    ] GC(47) Pause Final Mark (unload classes)
[17.689s][info][gc,task     ] GC(47) Using 3 of 3 workers for final marking
[17.689s][info][gc,ergo     ] GC(47) Adaptive CSet Selection. Target Free: 145M, Actual Free: 858M, Max CSet: 43690K, Min Garbage: 0B
[17.689s][info][gc,ergo     ] GC(47) Collectable Garbage: 816M (99%), Immediate: 666M (81%), CSet: 150M (18%)
[17.689s][info][gc,ergo     ] GC(47) Pacer for Evacuation. Used CSet: 152M, Free: 807M, Non-Taxable: 82637K, Alloc Tax Rate: 1.1x
[17.689s][info][gc          ] GC(47) Pause Final Mark (unload classes) 0.365ms
[17.689s][info][gc,start    ] GC(47) Concurrent thread roots
[17.689s][info][gc,task     ] GC(47) Using 1 of 3 workers for Concurrent thread roots
[17.690s][info][gc          ] GC(47) Concurrent thread roots 0.590ms
[17.690s][info][gc,start    ] GC(47) Concurrent weak references
[17.690s][info][gc,task     ] GC(47) Using 1 of 3 workers for concurrent weak references
[17.690s][info][gc,ref      ] GC(47) Encountered references: Soft: 132, Weak: 434, Final: 9, Phantom: 21
[17.690s][info][gc,ref      ] GC(47) Discovered  references: Soft: 0, Weak: 234, Final: 7, Phantom: 14
[17.690s][info][gc,ref      ] GC(47) Enqueued    references: Soft: 0, Weak: 0, Final: 0, Phantom: 0
[17.690s][info][gc          ] GC(47) Concurrent weak references 0.081ms
[17.690s][info][gc,start    ] GC(47) Concurrent weak roots
[17.690s][info][gc,task     ] GC(47) Using 1 of 3 workers for concurrent weak root
[17.691s][info][gc          ] GC(47) Concurrent weak roots 0.649ms
[17.691s][info][gc,start    ] GC(47) Concurrent cleanup
[17.691s][info][gc          ] GC(47) Concurrent cleanup 830M->164M(1024M) 0.083ms
[17.691s][info][gc,ergo     ] GC(47) Free: 807M, Max: 512K regular, 375M humongous, Frag: 54% external, 0% internal; Reserve: 52336K, Max: 512K
[17.691s][info][gc,start    ] GC(47) Concurrent class unloading
[17.691s][info][gc,task     ] GC(47) Using 1 of 3 workers for concurrent class unloading
[17.692s][info][gc          ] GC(47) Concurrent class unloading 1.414ms
[17.692s][info][gc,start    ] GC(47) Concurrent strong roots
[17.692s][info][gc,task     ] GC(47) Using 1 of 3 workers for concurrent strong root
[17.692s][info][gc          ] GC(47) Concurrent strong roots 0.088ms
[17.692s][info][gc,start    ] GC(47) Concurrent evacuation
[17.692s][info][gc,task     ] GC(47) Using 1 of 3 workers for concurrent evacuation
[17.694s][info][gc          ] GC(47) Concurrent evacuation 1.913ms
[17.694s][info][gc,start    ] GC(47) Pause Init Update Refs
[17.694s][info][gc,ergo     ] GC(47) Pacer for Update Refs. Used: 166M, Free: 807M, Non-Taxable: 82637K, Alloc Tax Rate: 1.1x
[17.694s][info][gc          ] GC(47) Pause Init Update Refs 0.058ms
[17.695s][info][gc,start    ] GC(47) Concurrent update references
[17.695s][info][gc,task     ] GC(47) Using 1 of 3 workers for concurrent reference update
[17.698s][info][gc          ] GC(47) Concurrent update references 3.431ms
[17.698s][info][gc,start    ] GC(47) Concurrent update thread roots
[17.701s][info][gc          ] GC(47) Concurrent update thread roots 3.147ms
[17.701s][info][gc,start    ] GC(47) Pause Final Update Refs
[17.701s][info][gc,task     ] GC(47) Using 3 of 3 workers for final reference update
[17.701s][info][gc          ] GC(47) Pause Final Update Refs 0.118ms
[17.703s][info][gc,start    ] GC(47) Concurrent cleanup
[17.703s][info][gc          ] GC(47) Concurrent cleanup 178M->26M(1024M) 0.044ms
[17.703s][info][gc,ergo     ] Free: 945M, Max: 512K regular, 641M humongous, Frag: 33% external, 0% internal; Reserve: 52736K, Max: 512K
[17.703s][info][gc,stats    ] 
[17.703s][info][gc,stats    ] All times are wall-clock times, except per-root-class counters, that are sum over
[17.703s][info][gc,stats    ] all workers. Dividing the <total> over the root stage time estimates parallelism.
[17.703s][info][gc,stats    ] 
[17.703s][info][gc,stats    ] Concurrent Reset                    404 us
[17.703s][info][gc,stats    ] Pause Init Mark (G)                 173 us
[17.703s][info][gc,stats    ] Pause Init Mark (N)                 115 us
[17.703s][info][gc,stats    ]   Update Region States               38 us
[17.703s][info][gc,stats    ] Concurrent Mark Roots               884 us, parallelism: 0.88x
[17.703s][info][gc,stats    ]   CMR: <total>                      777 us
[17.703s][info][gc,stats    ]   CMR: Thread Roots                 733 us, workers (us): 733, ---, ---, 
[17.703s][info][gc,stats    ]   CMR: VM Strong Roots                4 us, workers (us):   4, ---, ---, 
[17.703s][info][gc,stats    ]   CMR: CLDG Roots                    41 us, workers (us):  41, ---, ---, 
[17.703s][info][gc,stats    ] Concurrent Marking                 6138 us
[17.703s][info][gc,stats    ] Pause Final Mark (G)                430 us
[17.703s][info][gc,stats    ] Pause Final Mark (N)                385 us
[17.703s][info][gc,stats    ]   Finish Mark                        47 us
[17.703s][info][gc,stats    ]   Update Region States               52 us
[17.703s][info][gc,stats    ]   Choose Collection Set             163 us
[17.704s][info][gc,stats    ]   Rebuild Free Set                   25 us
[17.704s][info][gc,stats    ] Concurrent Thread Roots             604 us, parallelism: 0.81x
[17.704s][info][gc,stats    ]   CTR: <total>                      489 us
[17.704s][info][gc,stats    ]   CTR: Thread Roots                 489 us, workers (us): 489, ---, ---, 
[17.704s][info][gc,stats    ] Concurrent Weak References           88 us, parallelism: 0.22x
[17.704s][info][gc,stats    ]   CWRF: <total>                      20 us
[17.704s][info][gc,stats    ]   CWRF: Weak References              20 us, workers (us):  20, ---, ---, 
[17.704s][info][gc,stats    ] Concurrent Weak Roots               659 us
[17.704s][info][gc,stats    ]   Roots                             607 us, parallelism: 0.95x
[17.704s][info][gc,stats    ]     CWR: <total>                    578 us
[17.704s][info][gc,stats    ]     CWR: Code Cache Roots           372 us, workers (us): 372, ---, ---, 
[17.704s][info][gc,stats    ]     CWR: VM Weak Roots              203 us, workers (us): 203, ---, ---, 
[17.704s][info][gc,stats    ]     CWR: CLDG Roots                   3 us, workers (us):   3, ---, ---, 
[17.704s][info][gc,stats    ]   Rendezvous                         28 us
[17.704s][info][gc,stats    ] Concurrent Cleanup                   91 us
[17.704s][info][gc,stats    ] Concurrent Class Unloading         1426 us
[17.704s][info][gc,stats    ]   Unlink Stale                     1340 us
[17.704s][info][gc,stats    ]     System Dictionary                 2 us
[17.704s][info][gc,stats    ]     Weak Class Links                  0 us
[17.704s][info][gc,stats    ]     Code Roots                     1337 us
[17.704s][info][gc,stats    ]   Rendezvous                         21 us
[17.704s][info][gc,stats    ]   Purge Unlinked                     37 us
[17.704s][info][gc,stats    ]     Code Roots                       33 us
[17.704s][info][gc,stats    ]     CLDG                              3 us
[17.704s][info][gc,stats    ]     Exception Caches                  0 us
[17.704s][info][gc,stats    ] Concurrent Strong Roots             106 us, parallelism: 0.46x
[17.704s][info][gc,stats    ]   CSR: <total>                       49 us
[17.704s][info][gc,stats    ]   CSR: VM Strong Roots                3 us, workers (us):   3, ---, ---, 
[17.704s][info][gc,stats    ]   CSR: CLDG Roots                    45 us, workers (us):  45, ---, ---, 
[17.704s][info][gc,stats    ] Concurrent Evacuation              1937 us
[17.704s][info][gc,stats    ] Pause Init Update Refs (G)          125 us
[17.704s][info][gc,stats    ] Pause Init Update Refs (N)           77 us
[17.704s][info][gc,stats    ]   Manage GCLABs                       3 us
[17.704s][info][gc,stats    ] Concurrent Update Refs             3483 us
[17.704s][info][gc,stats    ] Concurrent Update Thread Roots     3203 us
[17.704s][info][gc,stats    ] Pause Final Update Refs (G)        2008 us
[17.704s][info][gc,stats    ] Pause Final Update Refs (N)         136 us
[17.704s][info][gc,stats    ]   Update Region States               50 us
[17.704s][info][gc,stats    ]   Trash Collection Set               10 us
[17.704s][info][gc,stats    ]   Rebuild Free Set                   15 us
[17.704s][info][gc,stats    ] Concurrent Cleanup                   54 us
[17.704s][info][gc,stats    ] Pacing                           620902 us
[17.704s][info][gc,stats    ] 
[17.704s][info][gc,stats    ] Allocation pacing accrued:
[17.704s][info][gc,stats    ]     101 of   387 ms ( 26.1%): Thread-18
[17.704s][info][gc,stats    ]     103 of   387 ms ( 26.7%): Thread-19
[17.704s][info][gc,stats    ]     104 of   387 ms ( 26.8%): Thread-20
[17.704s][info][gc,stats    ]     105 of   387 ms ( 27.1%): Thread-21
[17.704s][info][gc,stats    ]     103 of   387 ms ( 26.6%): Thread-22
[17.704s][info][gc,stats    ]     104 of   387 ms ( 27.0%): Thread-23
[17.704s][info][gc,stats    ]     621 of   387 ms (160.4%): <total>
[17.704s][info][gc,stats    ]      33 of   387 ms (  8.4%): <average total>
[17.704s][info][gc,stats    ]     103 of   387 ms ( 26.7%): <average non-zero>
[17.704s][info][gc,stats    ] 
[17.704s][info][gc,metaspace] Metaspace: 6220K(6400K)->6220K(6400K) NonClass: 5614K(5696K)->5614K(5696K) Class: 606K(704K)->606K(704K)
[17.704s][info][gc,ergo     ] Pacer for Idle. Initial: 20971K, Alloc Tax Rate: 1.0x
[18.220s][info][gc          ] Trigger: Average GC time (48.91 ms) is above the time for average allocation rate (1576 MB/s) to deplete free headroom (72503K) (margin of error = 1.78)
[18.220s][info][gc,ergo     ] Free headroom: 122M (free) - 52428K (spike) - 0B (penalties) = 72503K
[18.220s][info][gc,ergo     ] Free: 122M, Max: 512K regular, 122M humongous, Frag: 0% external, 0% internal; Reserve: 52736K, Max: 512K
[18.220s][info][gc,start    ] GC(48) Concurrent reset
[18.220s][info][gc,task     ] GC(48) Using 1 of 3 workers for concurrent reset
[18.220s][info][gc,ergo     ] GC(48) Pacer for Reset. Non-Taxable: 1024M
[18.220s][info][gc          ] GC(48) Concurrent reset 0.619ms
[18.220s][info][gc,start    ] GC(48) Pause Init Mark (unload classes)
[18.221s][info][gc,task     ] GC(48) Using 3 of 3 workers for init marking
[18.221s][info][gc,ergo     ] GC(48) Pacer for Mark. Expected Live: 14232K, Free: 121M, Non-Taxable: 12442K, Alloc Tax Rate: 0.1x
[18.221s][info][gc          ] GC(48) Pause Init Mark (unload classes) 0.105ms
[18.221s][info][gc,start    ] GC(48) Concurrent marking roots
[18.221s][info][gc,task     ] GC(48) Using 1 of 3 workers for concurrent marking roots
[18.221s][info][gc          ] GC(48) Concurrent marking roots 0.592ms
[18.221s][info][gc,start    ] GC(48) Concurrent marking (unload classes)
[18.221s][info][gc,task     ] GC(48) Using 1 of 3 workers for concurrent marking
[18.227s][info][gc          ] GC(48) Concurrent marking (unload classes) 5.635ms
[18.227s][info][gc,start    ] GC(48) Pause Final Mark (unload classes)
[18.227s][info][gc,task     ] GC(48) Using 3 of 3 workers for final marking
[18.227s][info][gc,ergo     ] GC(48) Adaptive CSet Selection. Target Free: 145M, Actual Free: 858M, Max CSet: 43690K, Min Garbage: 0B
[18.227s][info][gc,ergo     ] GC(48) Collectable Garbage: 835M (99%), Immediate: 688M (82%), CSet: 147M (17%)
[18.227s][info][gc,ergo     ] GC(48) Pacer for Evacuation. Used CSet: 150M, Free: 807M, Non-Taxable: 82637K, Alloc Tax Rate: 1.1x
[18.227s][info][gc          ] GC(48) Pause Final Mark (unload classes) 0.293ms
[18.227s][info][gc,start    ] GC(48) Concurrent thread roots
[18.227s][info][gc,task     ] GC(48) Using 1 of 3 workers for Concurrent thread roots
[18.228s][info][gc          ] GC(48) Concurrent thread roots 0.973ms
[18.228s][info][gc,start    ] GC(48) Concurrent weak references
[18.228s][info][gc,task     ] GC(48) Using 1 of 3 workers for concurrent weak references
[18.228s][info][gc,ref      ] GC(48) Encountered references: Soft: 132, Weak: 434, Final: 9, Phantom: 21
[18.228s][info][gc,ref      ] GC(48) Discovered  references: Soft: 0, Weak: 234, Final: 7, Phantom: 14
[18.228s][info][gc,ref      ] GC(48) Enqueued    references: Soft: 0, Weak: 0, Final: 0, Phantom: 0
[18.228s][info][gc          ] GC(48) Concurrent weak references 0.062ms
[18.228s][info][gc,start    ] GC(48) Concurrent weak roots
[18.228s][info][gc,task     ] GC(48) Using 1 of 3 workers for concurrent weak root
[18.229s][info][gc          ] GC(48) Concurrent weak roots 0.501ms
[18.229s][info][gc,start    ] GC(48) Concurrent cleanup
[18.229s][info][gc          ] GC(48) Concurrent cleanup 853M->165M(1024M) 0.166ms
[18.229s][info][gc,ergo     ] GC(48) Free: 806M, Max: 512K regular, 517M humongous, Frag: 36% external, 0% internal; Reserve: 52287K, Max: 512K
[18.229s][info][gc,start    ] GC(48) Concurrent class unloading
[18.229s][info][gc,task     ] GC(48) Using 1 of 3 workers for concurrent class unloading
[18.231s][info][gc          ] GC(48) Concurrent class unloading 1.615ms
[18.231s][info][gc,start    ] GC(48) Concurrent strong roots
[18.231s][info][gc,task     ] GC(48) Using 1 of 3 workers for concurrent strong root
[18.231s][info][gc          ] GC(48) Concurrent strong roots 0.105ms
[18.231s][info][gc,start    ] GC(48) Concurrent evacuation
[18.231s][info][gc,task     ] GC(48) Using 1 of 3 workers for concurrent evacuation
[18.232s][info][gc          ] GC(48) Concurrent evacuation 1.667ms
[18.233s][info][gc,start    ] GC(48) Pause Init Update Refs
[18.233s][info][gc,ergo     ] GC(48) Pacer for Update Refs. Used: 169M, Free: 805M, Non-Taxable: 82432K, Alloc Tax Rate: 1.1x
[18.233s][info][gc          ] GC(48) Pause Init Update Refs 0.049ms
[18.233s][info][gc,start    ] GC(48) Concurrent update references
[18.233s][info][gc,task     ] GC(48) Using 1 of 3 workers for concurrent reference update
[18.236s][info][gc          ] GC(48) Concurrent update references 3.579ms
[18.236s][info][gc,start    ] GC(48) Concurrent update thread roots
[18.240s][info][gc          ] GC(48) Concurrent update thread roots 3.980ms
[18.240s][info][gc,start    ] GC(48) Pause Final Update Refs
[18.240s][info][gc,task     ] GC(48) Using 3 of 3 workers for final reference update
[18.240s][info][gc          ] GC(48) Pause Final Update Refs 0.082ms
[18.254s][info][gc,start    ] GC(48) Concurrent cleanup
[18.254s][info][gc          ] GC(48) Concurrent cleanup 211M->61M(1024M) 0.049ms
[18.254s][info][gc,ergo     ] Free: 910M, Max: 512K regular, 609M humongous, Frag: 34% external, 0% internal; Reserve: 52736K, Max: 512K
[18.254s][info][gc,stats    ] 
[18.254s][info][gc,stats    ] All times are wall-clock times, except per-root-class counters, that are sum over
[18.254s][info][gc,stats    ] all workers. Dividing the <total> over the root stage time estimates parallelism.
[18.254s][info][gc,stats    ] 
[18.254s][info][gc,stats    ] Concurrent Reset                    640 us
[18.254s][info][gc,stats    ] Pause Init Mark (G)                 224 us
[18.254s][info][gc,stats    ] Pause Init Mark (N)                 113 us
[18.254s][info][gc,stats    ]   Update Region States               36 us
[18.254s][info][gc,stats    ] Concurrent Mark Roots               611 us, parallelism: 0.86x
[18.254s][info][gc,stats    ]   CMR: <total>                      528 us
[18.254s][info][gc,stats    ]   CMR: Thread Roots                 475 us, workers (us): 475, ---, ---, 
[18.254s][info][gc,stats    ]   CMR: VM Strong Roots                6 us, workers (us):   6, ---, ---, 
[18.254s][info][gc,stats    ]   CMR: CLDG Roots                    48 us, workers (us):  48, ---, ---, 
[18.254s][info][gc,stats    ] Concurrent Marking                 5662 us
[18.254s][info][gc,stats    ] Pause Final Mark (G)                368 us
[18.254s][info][gc,stats    ] Pause Final Mark (N)                309 us
[18.254s][info][gc,stats    ]   Finish Mark                        47 us
[18.254s][info][gc,stats    ]   Update Region States               43 us
[18.254s][info][gc,stats    ]   Choose Collection Set             125 us
[18.254s][info][gc,stats    ]   Rebuild Free Set                   17 us
[18.254s][info][gc,stats    ] Concurrent Thread Roots             981 us, parallelism: 0.92x
[18.255s][info][gc,stats    ]   CTR: <total>                      907 us
[18.255s][info][gc,stats    ]   CTR: Thread Roots                 907 us, workers (us): 907, ---, ---, 
[18.255s][info][gc,stats    ] Concurrent Weak References           69 us, parallelism: 0.15x
[18.255s][info][gc,stats    ]   CWRF: <total>                      10 us
[18.255s][info][gc,stats    ]   CWRF: Weak References              10 us, workers (us):  10, ---, ---, 
[18.255s][info][gc,stats    ] Concurrent Weak Roots               521 us
[18.255s][info][gc,stats    ]   Roots                             448 us, parallelism: 0.94x
[18.255s][info][gc,stats    ]     CWR: <total>                    420 us
[18.255s][info][gc,stats    ]     CWR: Code Cache Roots           312 us, workers (us): 312, ---, ---, 
[18.255s][info][gc,stats    ]     CWR: VM Weak Roots              106 us, workers (us): 106, ---, ---, 
[18.255s][info][gc,stats    ]     CWR: CLDG Roots                   2 us, workers (us):   2, ---, ---, 
[18.255s][info][gc,stats    ]   Rendezvous                         38 us
[18.255s][info][gc,stats    ] Concurrent Cleanup                  183 us
[18.255s][info][gc,stats    ] Concurrent Class Unloading         1640 us
[18.255s][info][gc,stats    ]   Unlink Stale                     1389 us
[18.255s][info][gc,stats    ]     System Dictionary                 3 us
[18.255s][info][gc,stats    ]     Weak Class Links                  0 us
[18.255s][info][gc,stats    ]     Code Roots                     1384 us
[18.255s][info][gc,stats    ]   Rendezvous                         57 us
[18.255s][info][gc,stats    ]   Purge Unlinked                     49 us
[18.255s][info][gc,stats    ]     Code Roots                       43 us
[18.255s][info][gc,stats    ]     CLDG                              5 us
[18.255s][info][gc,stats    ]     Exception Caches                  0 us
[18.255s][info][gc,stats    ] Concurrent Strong Roots             123 us, parallelism: 0.39x
[18.255s][info][gc,stats    ]   CSR: <total>                       48 us
[18.255s][info][gc,stats    ]   CSR: VM Strong Roots                4 us, workers (us):   4, ---, ---, 
[18.255s][info][gc,stats    ]   CSR: CLDG Roots                    44 us, workers (us):  44, ---, ---, 
[18.255s][info][gc,stats    ] Concurrent Evacuation              1690 us
[18.255s][info][gc,stats    ] Pause Init Update Refs (G)          126 us
[18.255s][info][gc,stats    ] Pause Init Update Refs (N)           65 us
[18.255s][info][gc,stats    ]   Manage GCLABs                       3 us
[18.255s][info][gc,stats    ] Concurrent Update Refs             3612 us
[18.255s][info][gc,stats    ] Concurrent Update Thread Roots     3995 us
[18.255s][info][gc,stats    ] Pause Final Update Refs (G)       13999 us
[18.255s][info][gc,stats    ] Pause Final Update Refs (N)         114 us
[18.255s][info][gc,stats    ]   Update Region States               37 us
[18.255s][info][gc,stats    ]   Trash Collection Set                7 us
[18.255s][info][gc,stats    ]   Rebuild Free Set                   14 us
[18.255s][info][gc,stats    ] Concurrent Cleanup                   59 us
[18.255s][info][gc,stats    ] Pacing                          1088987 us
[18.255s][info][gc,stats    ] 
[18.255s][info][gc,stats    ] Allocation pacing accrued:
[18.255s][info][gc,stats    ]     204 of   551 ms ( 36.9%): Thread-18
[18.255s][info][gc,stats    ]     156 of   551 ms ( 28.2%): Thread-19
[18.255s][info][gc,stats    ]     190 of   551 ms ( 34.4%): Thread-20
[18.255s][info][gc,stats    ]     191 of   551 ms ( 34.7%): Thread-21
[18.255s][info][gc,stats    ]     158 of   551 ms ( 28.7%): Thread-22
[18.255s][info][gc,stats    ]     191 of   551 ms ( 34.6%): Thread-23
[18.255s][info][gc,stats    ]    1089 of   551 ms (197.6%): <total>
[18.255s][info][gc,stats    ]      57 of   551 ms ( 10.4%): <average total>
[18.255s][info][gc,stats    ]     181 of   551 ms ( 32.9%): <average non-zero>
[18.255s][info][gc,stats    ] 
[18.255s][info][gc,metaspace] Metaspace: 6220K(6400K)->6220K(6400K) NonClass: 5614K(5696K)->5614K(5696K) Class: 606K(704K)->606K(704K)
[18.255s][info][gc,ergo     ] Pacer for Idle. Initial: 20971K, Alloc Tax Rate: 1.0x
[18.583s][info][gc          ] Trigger: Average GC time (47.93 ms) is above the time for average allocation rate (2266 MB/s) to deplete free headroom (74551K) (margin of error = 1.77)
[18.583s][info][gc,ergo     ] Free headroom: 124M (free) - 52428K (spike) - 0B (penalties) = 74551K
[18.583s][info][gc,ergo     ] Free: 124M, Max: 512K regular, 118M humongous, Frag: 5% external, 0% internal; Reserve: 52736K, Max: 512K
[18.583s][info][gc,start    ] GC(49) Concurrent reset
[18.583s][info][gc,task     ] GC(49) Using 1 of 3 workers for concurrent reset
[18.583s][info][gc,ergo     ] GC(49) Pacer for Reset. Non-Taxable: 1024M
[18.584s][info][gc          ] GC(49) Concurrent reset 0.758ms
[18.584s][info][gc,start    ] GC(49) Pause Init Mark (unload classes)
[18.584s][info][gc,task     ] GC(49) Using 3 of 3 workers for init marking
[18.584s][info][gc,ergo     ] GC(49) Pacer for Mark. Expected Live: 14202K, Free: 122M, Non-Taxable: 12493K, Alloc Tax Rate: 0.1x
[18.584s][info][gc          ] GC(49) Pause Init Mark (unload classes) 0.154ms
[18.586s][info][gc,start    ] GC(49) Concurrent marking roots
[18.586s][info][gc,task     ] GC(49) Using 1 of 3 workers for concurrent marking roots
[18.586s][info][gc          ] GC(49) Concurrent marking roots 0.585ms
[18.586s][info][gc,start    ] GC(49) Concurrent marking (unload classes)
[18.586s][info][gc,task     ] GC(49) Using 1 of 3 workers for concurrent marking
[18.592s][info][gc          ] GC(49) Concurrent marking (unload classes) 5.880ms
[18.592s][info][gc,start    ] GC(49) Pause Final Mark (unload classes)
[18.592s][info][gc,task     ] GC(49) Using 3 of 3 workers for final marking
[18.593s][info][gc,ergo     ] GC(49) Collectable Garbage: 787M (94%), Immediate: 787M (94%), CSet: 0B (0%)
[18.593s][info][gc          ] GC(49) Pause Final Mark (unload classes) 0.181ms
[18.593s][info][gc,start    ] GC(49) Concurrent weak references
[18.593s][info][gc,task     ] GC(49) Using 1 of 3 workers for concurrent weak references
[18.593s][info][gc,ref      ] GC(49) Encountered references: Soft: 132, Weak: 434, Final: 9, Phantom: 21
[18.593s][info][gc,ref      ] GC(49) Discovered  references: Soft: 0, Weak: 234, Final: 7, Phantom: 14
[18.593s][info][gc,ref      ] GC(49) Enqueued    references: Soft: 0, Weak: 0, Final: 0, Phantom: 0
[18.593s][info][gc          ] GC(49) Concurrent weak references 0.079ms
[18.593s][info][gc,start    ] GC(49) Concurrent weak roots
[18.593s][info][gc,task     ] GC(49) Using 1 of 3 workers for concurrent weak root
[18.593s][info][gc          ] GC(49) Concurrent weak roots 0.482ms
[18.593s][info][gc,start    ] GC(49) Concurrent cleanup
[18.593s][info][gc          ] GC(49) Concurrent cleanup 866M->79M(1024M) 0.108ms
[18.593s][info][gc,ergo     ] GC(49) Free: 892M, Max: 512K regular, 650M humongous, Frag: 28% external, 0% internal; Reserve: 52736K, Max: 512K
[18.593s][info][gc,start    ] GC(49) Concurrent class unloading
[18.593s][info][gc,task     ] GC(49) Using 1 of 3 workers for concurrent class unloading
[18.595s][info][gc          ] GC(49) Concurrent class unloading 1.640ms
[18.595s][info][gc,start    ] GC(49) Pause Final Roots
[18.595s][info][gc          ] GC(49) Pause Final Roots 0.041ms
[18.595s][info][gc,ergo     ] Free: 889M, Max: 512K regular, 650M humongous, Frag: 27% external, 0% internal; Reserve: 52736K, Max: 512K
[18.595s][info][gc,stats    ] 
[18.595s][info][gc,stats    ] All times are wall-clock times, except per-root-class counters, that are sum over
[18.595s][info][gc,stats    ] all workers. Dividing the <total> over the root stage time estimates parallelism.
[18.595s][info][gc,stats    ] 
[18.595s][info][gc,stats    ] Concurrent Reset                    797 us
[18.595s][info][gc,stats    ] Pause Init Mark (G)                2120 us
[18.595s][info][gc,stats    ] Pause Init Mark (N)                 165 us
[18.595s][info][gc,stats    ]   Update Region States               54 us
[18.595s][info][gc,stats    ] Concurrent Mark Roots               596 us, parallelism: 0.87x
[18.595s][info][gc,stats    ]   CMR: <total>                      518 us
[18.595s][info][gc,stats    ]   CMR: Thread Roots                 465 us, workers (us): 465, ---, ---, 
[18.595s][info][gc,stats    ]   CMR: VM Strong Roots                5 us, workers (us):   5, ---, ---, 
[18.595s][info][gc,stats    ]   CMR: CLDG Roots                    48 us, workers (us):  48, ---, ---, 
[18.595s][info][gc,stats    ] Concurrent Marking                 5925 us
[18.595s][info][gc,stats    ] Pause Final Mark (G)                248 us
[18.595s][info][gc,stats    ] Pause Final Mark (N)                190 us
[18.596s][info][gc,stats    ]   Finish Mark                        47 us
[18.596s][info][gc,stats    ]   Update Region States               40 us
[18.596s][info][gc,stats    ]   Choose Collection Set              41 us
[18.596s][info][gc,stats    ]   Rebuild Free Set                    8 us
[18.596s][info][gc,stats    ] Concurrent Weak References           87 us, parallelism: 0.09x
[18.596s][info][gc,stats    ]   CWRF: <total>                       7 us
[18.596s][info][gc,stats    ]   CWRF: Weak References               7 us, workers (us):   7, ---, ---, 
[18.596s][info][gc,stats    ] Concurrent Weak Roots               491 us
[18.596s][info][gc,stats    ]   Roots                             430 us, parallelism: 0.94x
[18.596s][info][gc,stats    ]     CWR: <total>                    405 us
[18.596s][info][gc,stats    ]     CWR: Code Cache Roots           340 us, workers (us): 340, ---, ---, 
[18.596s][info][gc,stats    ]     CWR: VM Weak Roots               63 us, workers (us):  63, ---, ---, 
[18.596s][info][gc,stats    ]     CWR: CLDG Roots                   2 us, workers (us):   2, ---, ---, 
[18.596s][info][gc,stats    ]   Rendezvous                         37 us
[18.596s][info][gc,stats    ] Concurrent Cleanup                  116 us
[18.596s][info][gc,stats    ] Concurrent Class Unloading         1651 us
[18.596s][info][gc,stats    ]   Unlink Stale                     1524 us
[18.596s][info][gc,stats    ]     System Dictionary                 3 us
[18.596s][info][gc,stats    ]     Weak Class Links                  0 us
[18.596s][info][gc,stats    ]     Code Roots                     1520 us
[18.596s][info][gc,stats    ]   Rendezvous                         49 us
[18.596s][info][gc,stats    ]   Purge Unlinked                     53 us
[18.596s][info][gc,stats    ]     Code Roots                       49 us
[18.596s][info][gc,stats    ]     CLDG                              4 us
[18.596s][info][gc,stats    ]     Exception Caches                  0 us
[18.596s][info][gc,stats    ] Pause Final Roots (G)               124 us
[18.596s][info][gc,stats    ] Pause Final Roots (N)                51 us
[18.596s][info][gc,stats    ] Pacing                            24834 us
[18.596s][info][gc,stats    ] 
[18.596s][info][gc,stats    ] Allocation pacing accrued:
[18.596s][info][gc,stats    ]       3 of   341 ms (  1.0%): Thread-18
[18.596s][info][gc,stats    ]       4 of   341 ms (  1.2%): Thread-19
[18.596s][info][gc,stats    ]       6 of   341 ms (  1.8%): Thread-20
[18.596s][info][gc,stats    ]       3 of   341 ms (  1.0%): Thread-21
[18.596s][info][gc,stats    ]       3 of   341 ms (  1.0%): Thread-22
[18.596s][info][gc,stats    ]       4 of   341 ms (  1.2%): Thread-23
[18.596s][info][gc,stats    ]      25 of   341 ms (  7.3%): <total>
[18.596s][info][gc,stats    ]       1 of   341 ms (  0.4%): <average total>
[18.596s][info][gc,stats    ]       4 of   341 ms (  1.2%): <average non-zero>
[18.596s][info][gc,stats    ] 
[18.596s][info][gc,metaspace] Metaspace: 6220K(6400K)->6220K(6400K) NonClass: 5614K(5696K)->5614K(5696K) Class: 606K(704K)->606K(704K)
[18.596s][info][gc,ergo     ] Pacer for Idle. Initial: 20971K, Alloc Tax Rate: 1.0x
[18.883s][info][gc          ] Trigger: Average GC time (41.64 ms) is above the time for average allocation rate (2594 MB/s) to deplete free headroom (71479K) (margin of error = 1.77)
[18.883s][info][gc,ergo     ] Free headroom: 121M (free) - 52428K (spike) - 0B (penalties) = 71479K
[18.883s][info][gc,ergo     ] Free: 121M, Max: 512K regular, 105M humongous, Frag: 13% external, 0% internal; Reserve: 52736K, Max: 512K
[18.883s][info][gc,start    ] GC(50) Concurrent reset
[18.883s][info][gc,task     ] GC(50) Using 1 of 3 workers for concurrent reset
[18.883s][info][gc,ergo     ] GC(50) Pacer for Reset. Non-Taxable: 1024M
[18.884s][info][gc          ] GC(50) Concurrent reset 0.319ms
[18.884s][info][gc,start    ] GC(50) Pause Init Mark (unload classes)
[18.884s][info][gc,task     ] GC(50) Using 3 of 3 workers for init marking
[18.884s][info][gc,ergo     ] GC(50) Pacer for Mark. Expected Live: 14204K, Free: 120M, Non-Taxable: 12339K, Alloc Tax Rate: 0.1x
[18.884s][info][gc          ] GC(50) Pause Init Mark (unload classes) 0.205ms
[18.886s][info][gc,start    ] GC(50) Concurrent marking roots
[18.886s][info][gc,task     ] GC(50) Using 1 of 3 workers for concurrent marking roots
[18.886s][info][gc          ] GC(50) Concurrent marking roots 0.615ms
[18.886s][info][gc,start    ] GC(50) Concurrent marking (unload classes)
[18.886s][info][gc,task     ] GC(50) Using 1 of 3 workers for concurrent marking
[18.892s][info][gc          ] GC(50) Concurrent marking (unload classes) 5.980ms
[18.892s][info][gc,start    ] GC(50) Pause Final Mark (unload classes)
[18.893s][info][gc,task     ] GC(50) Using 3 of 3 workers for final marking
[18.893s][info][gc,ergo     ] GC(50) Collectable Garbage: 801M (95%), Immediate: 801M (95%), CSet: 0B (0%)
[18.893s][info][gc          ] GC(50) Pause Final Mark (unload classes) 0.169ms
[18.893s][info][gc,start    ] GC(50) Concurrent weak references
[18.893s][info][gc,task     ] GC(50) Using 1 of 3 workers for concurrent weak references
[18.893s][info][gc,ref      ] GC(50) Encountered references: Soft: 132, Weak: 434, Final: 9, Phantom: 21
[18.893s][info][gc,ref      ] GC(50) Discovered  references: Soft: 0, Weak: 234, Final: 7, Phantom: 14
[18.893s][info][gc,ref      ] GC(50) Enqueued    references: Soft: 0, Weak: 0, Final: 0, Phantom: 0
[18.893s][info][gc          ] GC(50) Concurrent weak references 0.124ms
[18.893s][info][gc,start    ] GC(50) Concurrent weak roots
[18.893s][info][gc,task     ] GC(50) Using 1 of 3 workers for concurrent weak root
[18.893s][info][gc          ] GC(50) Concurrent weak roots 0.513ms
[18.893s][info][gc,start    ] GC(50) Concurrent cleanup
[18.894s][info][gc          ] GC(50) Concurrent cleanup 862M->61M(1024M) 0.176ms
[18.894s][info][gc,ergo     ] GC(50) Free: 910M, Max: 512K regular, 650M humongous, Frag: 29% external, 0% internal; Reserve: 52736K, Max: 512K
[18.894s][info][gc,start    ] GC(50) Concurrent class unloading
[18.894s][info][gc,task     ] GC(50) Using 1 of 3 workers for concurrent class unloading
[18.895s][info][gc          ] GC(50) Concurrent class unloading 1.451ms
[18.895s][info][gc,start    ] GC(50) Pause Final Roots
[18.895s][info][gc          ] GC(50) Pause Final Roots 0.013ms
[18.895s][info][gc,ergo     ] Free: 910M, Max: 512K regular, 650M humongous, Frag: 29% external, 0% internal; Reserve: 52736K, Max: 512K
[18.895s][info][gc,stats    ] 
[18.895s][info][gc,stats    ] All times are wall-clock times, except per-root-class counters, that are sum over
[18.895s][info][gc,stats    ] all workers. Dividing the <total> over the root stage time estimates parallelism.
[18.895s][info][gc,stats    ] 
[18.895s][info][gc,stats    ] Concurrent Reset                    335 us
[18.895s][info][gc,stats    ] Pause Init Mark (G)                2119 us
[18.895s][info][gc,stats    ] Pause Init Mark (N)                 215 us
[18.895s][info][gc,stats    ]   Update Region States               42 us
[18.895s][info][gc,stats    ] Concurrent Mark Roots               633 us, parallelism: 0.84x
[18.895s][info][gc,stats    ]   CMR: <total>                      531 us
[18.895s][info][gc,stats    ]   CMR: Thread Roots                 480 us, workers (us): 480, ---, ---, 
[18.895s][info][gc,stats    ]   CMR: VM Strong Roots                6 us, workers (us):   6, ---, ---, 
[18.895s][info][gc,stats    ]   CMR: CLDG Roots                    45 us, workers (us):  45, ---, ---, 
[18.895s][info][gc,stats    ] Concurrent Marking                 6037 us
[18.895s][info][gc,stats    ] Pause Final Mark (G)                213 us
[18.895s][info][gc,stats    ] Pause Final Mark (N)                178 us
[18.895s][info][gc,stats    ]   Finish Mark                        40 us
[18.895s][info][gc,stats    ]   Update Region States               34 us
[18.895s][info][gc,stats    ]   Choose Collection Set              40 us
[18.895s][info][gc,stats    ]   Rebuild Free Set                    8 us
[18.895s][info][gc,stats    ] Concurrent Weak References          139 us, parallelism: 0.04x
[18.895s][info][gc,stats    ]   CWRF: <total>                       5 us
[18.895s][info][gc,stats    ]   CWRF: Weak References               5 us, workers (us):   5, ---, ---, 
[18.895s][info][gc,stats    ] Concurrent Weak Roots               532 us
[18.895s][info][gc,stats    ]   Roots                             424 us, parallelism: 0.92x
[18.895s][info][gc,stats    ]     CWR: <total>                    392 us
[18.895s][info][gc,stats    ]     CWR: Code Cache Roots           328 us, workers (us): 328, ---, ---, 
[18.895s][info][gc,stats    ]     CWR: VM Weak Roots               62 us, workers (us):  62, ---, ---, 
[18.895s][info][gc,stats    ]     CWR: CLDG Roots                   2 us, workers (us):   2, ---, ---, 
[18.895s][info][gc,stats    ]   Rendezvous                         57 us
[18.895s][info][gc,stats    ] Concurrent Cleanup                  193 us
[18.895s][info][gc,stats    ] Concurrent Class Unloading         1464 us
[18.895s][info][gc,stats    ]   Unlink Stale                     1362 us
[18.895s][info][gc,stats    ]     System Dictionary                 3 us
[18.895s][info][gc,stats    ]     Weak Class Links                  0 us
[18.895s][info][gc,stats    ]     Code Roots                     1358 us
[18.895s][info][gc,stats    ]   Rendezvous                         21 us
[18.895s][info][gc,stats    ]   Purge Unlinked                     36 us
[18.895s][info][gc,stats    ]     Code Roots                       32 us
[18.895s][info][gc,stats    ]     CLDG                              3 us
[18.895s][info][gc,stats    ]     Exception Caches                  0 us
[18.895s][info][gc,stats    ] Pause Final Roots (G)                40 us
[18.895s][info][gc,stats    ] Pause Final Roots (N)                20 us
[18.895s][info][gc,stats    ] Pacing                            51775 us
[18.895s][info][gc,stats    ] 
[18.896s][info][gc,stats    ] Allocation pacing accrued:
[18.896s][info][gc,stats    ]      26 of   300 ms (  8.5%): Thread-20
[18.896s][info][gc,stats    ]       0 of   300 ms (  0.1%): Thread-21
[18.896s][info][gc,stats    ]      26 of   300 ms (  8.6%): Thread-22
[18.896s][info][gc,stats    ]      52 of   300 ms ( 17.3%): <total>
[18.896s][info][gc,stats    ]       3 of   300 ms (  0.9%): <average total>
[18.896s][info][gc,stats    ]      17 of   300 ms (  5.8%): <average non-zero>
[18.896s][info][gc,stats    ] 
[18.896s][info][gc,metaspace] Metaspace: 6220K(6400K)->6220K(6400K) NonClass: 5614K(5696K)->5614K(5696K) Class: 606K(704K)->606K(704K)
[18.896s][info][gc,ergo     ] Pacer for Idle. Initial: 20971K, Alloc Tax Rate: 1.0x
[19.343s][info][gc          ] Trigger: Free (99332K) is below minimum threshold (102M)
[19.343s][info][gc,ergo     ] Free: 99332K, Max: 512K regular, 99328K humongous, Frag: 0% external, 0% internal; Reserve: 52736K, Max: 512K
[19.343s][info][gc,start    ] GC(51) Concurrent reset
[19.343s][info][gc,task     ] GC(51) Using 1 of 3 workers for concurrent reset
[19.343s][info][gc,ergo     ] GC(51) Pacer for Reset. Non-Taxable: 1024M
[19.343s][info][gc          ] GC(51) Concurrent reset 0.475ms
[19.344s][info][gc,start    ] GC(51) Pause Init Mark (unload classes)
[19.344s][info][gc,task     ] GC(51) Using 3 of 3 workers for init marking
[19.344s][info][gc,ergo     ] GC(51) Pacer for Mark. Expected Live: 14240K, Free: 99332K, Non-Taxable: 9933K, Alloc Tax Rate: 0.2x
[19.344s][info][gc          ] GC(51) Pause Init Mark (unload classes) 0.215ms
[19.344s][info][gc,start    ] GC(51) Concurrent marking roots
[19.344s][info][gc,task     ] GC(51) Using 1 of 3 workers for concurrent marking roots
[19.345s][info][gc          ] GC(51) Concurrent marking roots 1.024ms
[19.345s][info][gc,start    ] GC(51) Concurrent marking (unload classes)
[19.345s][info][gc,task     ] GC(51) Using 1 of 3 workers for concurrent marking
[19.350s][info][gc          ] GC(51) Concurrent marking (unload classes) 5.477ms
[19.350s][info][gc,start    ] GC(51) Pause Final Mark (unload classes)
[19.351s][info][gc,task     ] GC(51) Using 3 of 3 workers for final marking
[19.351s][info][gc,ergo     ] GC(51) Collectable Garbage: 810M (94%), Immediate: 810M (94%), CSet: 0B (0%)
[19.351s][info][gc          ] GC(51) Pause Final Mark (unload classes) 0.357ms
[19.351s][info][gc,start    ] GC(51) Concurrent weak references
[19.351s][info][gc,task     ] GC(51) Using 1 of 3 workers for concurrent weak references
[19.351s][info][gc,ref      ] GC(51) Encountered references: Soft: 132, Weak: 434, Final: 9, Phantom: 21
[19.351s][info][gc,ref      ] GC(51) Discovered  references: Soft: 0, Weak: 234, Final: 7, Phantom: 14
[19.351s][info][gc,ref      ] GC(51) Enqueued    references: Soft: 0, Weak: 0, Final: 0, Phantom: 0
[19.351s][info][gc          ] GC(51) Concurrent weak references 0.130ms
[19.351s][info][gc,start    ] GC(51) Concurrent weak roots
[19.351s][info][gc,task     ] GC(51) Using 1 of 3 workers for concurrent weak root
[19.352s][info][gc          ] GC(51) Concurrent weak roots 0.610ms
[19.352s][info][gc,start    ] GC(51) Concurrent cleanup
[19.352s][info][gc          ] GC(51) Concurrent cleanup 874M->63M(1024M) 0.115ms
[19.352s][info][gc,ergo     ] GC(51) Free: 907M, Max: 512K regular, 650M humongous, Frag: 29% external, 0% internal; Reserve: 52736K, Max: 512K
[19.352s][info][gc,start    ] GC(51) Concurrent class unloading
[19.352s][info][gc,task     ] GC(51) Using 1 of 3 workers for concurrent class unloading
[19.353s][info][gc          ] GC(51) Concurrent class unloading 1.403ms
[19.353s][info][gc,start    ] GC(51) Pause Final Roots
[19.353s][info][gc          ] GC(51) Pause Final Roots 0.013ms
[19.353s][info][gc,ergo     ] Free: 907M, Max: 512K regular, 650M humongous, Frag: 29% external, 0% internal; Reserve: 52736K, Max: 512K
[19.353s][info][gc,stats    ] 
[19.353s][info][gc,stats    ] All times are wall-clock times, except per-root-class counters, that are sum over
[19.353s][info][gc,stats    ] all workers. Dividing the <total> over the root stage time estimates parallelism.
[19.353s][info][gc,stats    ] 
[19.353s][info][gc,stats    ] Concurrent Reset                    537 us
[19.353s][info][gc,stats    ] Pause Init Mark (G)                 473 us
[19.353s][info][gc,stats    ] Pause Init Mark (N)                 234 us
[19.353s][info][gc,stats    ]   Update Region States               63 us
[19.353s][info][gc,stats    ] Concurrent Mark Roots              1033 us, parallelism: 0.89x
[19.353s][info][gc,stats    ]   CMR: <total>                      921 us
[19.353s][info][gc,stats    ]   CMR: Thread Roots                 813 us, workers (us): 813, ---, ---, 
[19.353s][info][gc,stats    ]   CMR: VM Strong Roots                8 us, workers (us):   8, ---, ---, 
[19.353s][info][gc,stats    ]   CMR: CLDG Roots                   100 us, workers (us): 100, ---, ---, 
[19.353s][info][gc,stats    ] Concurrent Marking                 5502 us
[19.353s][info][gc,stats    ] Pause Final Mark (G)                429 us
[19.353s][info][gc,stats    ] Pause Final Mark (N)                379 us
[19.353s][info][gc,stats    ]   Finish Mark                        60 us
[19.353s][info][gc,stats    ]   Update Region States               52 us
[19.353s][info][gc,stats    ]   Choose Collection Set              76 us
[19.353s][info][gc,stats    ]   Rebuild Free Set                   21 us
[19.353s][info][gc,stats    ] Concurrent Weak References          145 us, parallelism: 0.06x
[19.353s][info][gc,stats    ]   CWRF: <total>                       8 us
[19.353s][info][gc,stats    ]   CWRF: Weak References               8 us, workers (us):   8, ---, ---, 
[19.353s][info][gc,stats    ] Concurrent Weak Roots               620 us
[19.353s][info][gc,stats    ]   Roots                             530 us, parallelism: 0.94x
[19.353s][info][gc,stats    ]     CWR: <total>                    497 us
[19.353s][info][gc,stats    ]     CWR: Code Cache Roots           382 us, workers (us): 382, ---, ---, 
[19.353s][info][gc,stats    ]     CWR: VM Weak Roots              113 us, workers (us): 113, ---, ---, 
[19.354s][info][gc,stats    ]     CWR: CLDG Roots                   2 us, workers (us):   2, ---, ---, 
[19.354s][info][gc,stats    ]   Rendezvous                         49 us
[19.354s][info][gc,stats    ] Concurrent Cleanup                  123 us
[19.354s][info][gc,stats    ] Concurrent Class Unloading         1415 us
[19.354s][info][gc,stats    ]   Unlink Stale                     1332 us
[19.354s][info][gc,stats    ]     System Dictionary                 2 us
[19.354s][info][gc,stats    ]     Weak Class Links                  0 us
[19.354s][info][gc,stats    ]     Code Roots                     1329 us
[19.354s][info][gc,stats    ]   Rendezvous                         21 us
[19.354s][info][gc,stats    ]   Purge Unlinked                     35 us
[19.354s][info][gc,stats    ]     Code Roots                       32 us
[19.354s][info][gc,stats    ]     CLDG                              3 us
[19.354s][info][gc,stats    ]     Exception Caches                  0 us
[19.354s][info][gc,stats    ] Pause Final Roots (G)                40 us
[19.354s][info][gc,stats    ] Pause Final Roots (N)                20 us
[19.354s][info][gc,stats    ] Pacing                           610742 us
[19.354s][info][gc,stats    ] 
[19.354s][info][gc,stats    ] Allocation pacing accrued:
[19.354s][info][gc,stats    ]      95 of   458 ms ( 20.8%): Thread-18
[19.354s][info][gc,stats    ]     111 of   458 ms ( 24.3%): Thread-19
[19.354s][info][gc,stats    ]      99 of   458 ms ( 21.5%): Thread-20
[19.354s][info][gc,stats    ]      96 of   458 ms ( 21.0%): Thread-21
[19.354s][info][gc,stats    ]     113 of   458 ms ( 24.6%): Thread-22
[19.354s][info][gc,stats    ]      96 of   458 ms ( 20.9%): Thread-23
[19.354s][info][gc,stats    ]     611 of   458 ms (133.3%): <total>
[19.354s][info][gc,stats    ]      32 of   458 ms (  7.0%): <average total>
[19.354s][info][gc,stats    ]     102 of   458 ms ( 22.2%): <average non-zero>
[19.354s][info][gc,stats    ] 
[19.354s][info][gc,metaspace] Metaspace: 6220K(6400K)->6220K(6400K) NonClass: 5614K(5696K)->5614K(5696K) Class: 606K(704K)->606K(704K)
[19.354s][info][gc,ergo     ] Pacer for Idle. Initial: 20971K, Alloc Tax Rate: 1.0x
[20.067s][info][gc          ] Trigger: Free (90628K) is below minimum threshold (102M)
[20.067s][info][gc,ergo     ] Free: 90628K, Max: 512K regular, 90624K humongous, Frag: 0% external, 0% internal; Reserve: 52736K, Max: 512K
[20.067s][info][gc,start    ] GC(52) Concurrent reset
[20.068s][info][gc,task     ] GC(52) Using 1 of 3 workers for concurrent reset
[20.068s][info][gc,ergo     ] GC(52) Pacer for Reset. Non-Taxable: 1024M
[20.068s][info][gc          ] GC(52) Concurrent reset 0.716ms
[20.068s][info][gc,start    ] GC(52) Pause Init Mark (unload classes)
[20.068s][info][gc,task     ] GC(52) Using 3 of 3 workers for init marking
[20.068s][info][gc,ergo     ] GC(52) Pacer for Mark. Expected Live: 14250K, Free: 90628K, Non-Taxable: 9062K, Alloc Tax Rate: 0.2x
[20.068s][info][gc          ] GC(52) Pause Init Mark (unload classes) 0.137ms
[20.069s][info][gc,start    ] GC(52) Concurrent marking roots
[20.069s][info][gc,task     ] GC(52) Using 1 of 3 workers for concurrent marking roots
[20.069s][info][gc          ] GC(52) Concurrent marking roots 0.725ms
[20.069s][info][gc,start    ] GC(52) Concurrent marking (unload classes)
[20.069s][info][gc,task     ] GC(52) Using 1 of 3 workers for concurrent marking
[20.075s][info][gc          ] GC(52) Concurrent marking (unload classes) 5.404ms
[20.075s][info][gc,start    ] GC(52) Pause Final Mark (unload classes)
[20.075s][info][gc,task     ] GC(52) Using 3 of 3 workers for final marking
[20.075s][info][gc,ergo     ] GC(52) Collectable Garbage: 840M (96%), Immediate: 840M (96%), CSet: 0B (0%)
[20.075s][info][gc          ] GC(52) Pause Final Mark (unload classes) 0.252ms
[20.075s][info][gc,start    ] GC(52) Concurrent weak references
[20.075s][info][gc,task     ] GC(52) Using 1 of 3 workers for concurrent weak references
[20.075s][info][gc,ref      ] GC(52) Encountered references: Soft: 132, Weak: 434, Final: 9, Phantom: 21
[20.075s][info][gc,ref      ] GC(52) Discovered  references: Soft: 0, Weak: 234, Final: 7, Phantom: 14
[20.075s][info][gc,ref      ] GC(52) Enqueued    references: Soft: 0, Weak: 0, Final: 0, Phantom: 0
[20.075s][info][gc          ] GC(52) Concurrent weak references 0.126ms
[20.075s][info][gc,start    ] GC(52) Concurrent weak roots
[20.075s][info][gc,task     ] GC(52) Using 1 of 3 workers for concurrent weak root
[20.076s][info][gc          ] GC(52) Concurrent weak roots 0.513ms
[20.076s][info][gc,start    ] GC(52) Concurrent cleanup
[20.076s][info][gc          ] GC(52) Concurrent cleanup 882M->42M(1024M) 0.100ms
[20.076s][info][gc,ergo     ] GC(52) Free: 929M, Max: 512K regular, 650M humongous, Frag: 30% external, 0% internal; Reserve: 52736K, Max: 512K
[20.076s][info][gc,start    ] GC(52) Concurrent class unloading
[20.076s][info][gc,task     ] GC(52) Using 1 of 3 workers for concurrent class unloading
[20.077s][info][gc          ] GC(52) Concurrent class unloading 1.627ms
[20.078s][info][gc,start    ] GC(52) Pause Final Roots
[20.078s][info][gc          ] GC(52) Pause Final Roots 0.021ms
[20.078s][info][gc,ergo     ] Free: 929M, Max: 512K regular, 650M humongous, Frag: 30% external, 0% internal; Reserve: 52736K, Max: 512K
[20.078s][info][gc,stats    ] 
[20.078s][info][gc,stats    ] All times are wall-clock times, except per-root-class counters, that are sum over
[20.078s][info][gc,stats    ] all workers. Dividing the <total> over the root stage time estimates parallelism.
[20.078s][info][gc,stats    ] 
[20.078s][info][gc,stats    ] Concurrent Reset                    800 us
[20.078s][info][gc,stats    ] Pause Init Mark (G)                 237 us
[20.078s][info][gc,stats    ] Pause Init Mark (N)                 148 us
[20.078s][info][gc,stats    ]   Update Region States               61 us
[20.078s][info][gc,stats    ] Concurrent Mark Roots               749 us, parallelism: 0.84x
[20.078s][info][gc,stats    ]   CMR: <total>                      630 us
[20.078s][info][gc,stats    ]   CMR: Thread Roots                 571 us, workers (us): 571, ---, ---, 
[20.078s][info][gc,stats    ]   CMR: VM Strong Roots                7 us, workers (us):   7, ---, ---, 
[20.078s][info][gc,stats    ]   CMR: CLDG Roots                    52 us, workers (us):  52, ---, ---, 
[20.078s][info][gc,stats    ] Concurrent Marking                 5453 us
[20.078s][info][gc,stats    ] Pause Final Mark (G)                346 us
[20.078s][info][gc,stats    ] Pause Final Mark (N)                262 us
[20.078s][info][gc,stats    ]   Finish Mark                        89 us
[20.078s][info][gc,stats    ]   Update Region States               49 us
[20.078s][info][gc,stats    ]   Choose Collection Set              50 us
[20.078s][info][gc,stats    ]   Rebuild Free Set                    9 us
[20.078s][info][gc,stats    ] Concurrent Weak References          133 us, parallelism: 0.04x
[20.078s][info][gc,stats    ]   CWRF: <total>                       6 us
[20.078s][info][gc,stats    ]   CWRF: Weak References               6 us, workers (us):   6, ---, ---, 
[20.078s][info][gc,stats    ] Concurrent Weak Roots               533 us
[20.078s][info][gc,stats    ]   Roots                             440 us, parallelism: 0.88x
[20.078s][info][gc,stats    ]     CWR: <total>                    388 us
[20.078s][info][gc,stats    ]     CWR: Code Cache Roots           326 us, workers (us): 326, ---, ---, 
[20.078s][info][gc,stats    ]     CWR: VM Weak Roots               60 us, workers (us):  60, ---, ---, 
[20.078s][info][gc,stats    ]     CWR: CLDG Roots                   2 us, workers (us):   2, ---, ---, 
[20.078s][info][gc,stats    ]   Rendezvous                         56 us
[20.078s][info][gc,stats    ] Concurrent Cleanup                  109 us
[20.078s][info][gc,stats    ] Concurrent Class Unloading         1659 us
[20.078s][info][gc,stats    ]   Unlink Stale                     1473 us
[20.078s][info][gc,stats    ]     System Dictionary                 2 us
[20.078s][info][gc,stats    ]     Weak Class Links                  0 us
[20.078s][info][gc,stats    ]     Code Roots                     1470 us
[20.078s][info][gc,stats    ]   Rendezvous                         55 us
[20.078s][info][gc,stats    ]   Purge Unlinked                     81 us
[20.078s][info][gc,stats    ]     Code Roots                       75 us
[20.078s][info][gc,stats    ]     CLDG                              6 us
[20.078s][info][gc,stats    ]     Exception Caches                  0 us
[20.078s][info][gc,stats    ] Pause Final Roots (G)                80 us
[20.078s][info][gc,stats    ] Pause Final Roots (N)                29 us
[20.078s][info][gc,stats    ] Pacing                          2569233 us
[20.078s][info][gc,stats    ] 
[20.078s][info][gc,stats    ] Allocation pacing accrued:
[20.078s][info][gc,stats    ]     431 of   724 ms ( 59.6%): Thread-18
[20.078s][info][gc,stats    ]     430 of   724 ms ( 59.4%): Thread-19
[20.078s][info][gc,stats    ]     416 of   724 ms ( 57.5%): Thread-20
[20.078s][info][gc,stats    ]     430 of   724 ms ( 59.4%): Thread-21
[20.078s][info][gc,stats    ]     433 of   724 ms ( 59.7%): Thread-22
[20.078s][info][gc,stats    ]     428 of   724 ms ( 59.1%): Thread-23
[20.078s][info][gc,stats    ]    2569 of   724 ms (354.7%): <total>
[20.078s][info][gc,stats    ]     135 of   724 ms ( 18.7%): <average total>
[20.078s][info][gc,stats    ]     428 of   724 ms ( 59.1%): <average non-zero>
[20.078s][info][gc,stats    ] 
[20.078s][info][gc,metaspace] Metaspace: 6220K(6400K)->6220K(6400K) NonClass: 5614K(5696K)->5614K(5696K) Class: 606K(704K)->606K(704K)
[20.078s][info][gc,ergo     ] Pacer for Idle. Initial: 20971K, Alloc Tax Rate: 1.0x
[20.388s][info][gc          ] Trigger: Explicit GC request (System.gc())
[20.388s][info][gc,ergo     ] Free: 641M, Max: 512K regular, 365M humongous, Frag: 44% external, 0% internal; Reserve: 52736K, Max: 512K
[20.388s][info][gc,start    ] GC(53) Concurrent reset
[20.388s][info][gc,task     ] GC(53) Using 1 of 3 workers for concurrent reset
[20.388s][info][gc,ergo     ] GC(53) Pacer for Reset. Non-Taxable: 1024M
[20.388s][info][gc          ] GC(53) Concurrent reset 0.571ms
[20.389s][info][gc,start    ] GC(53) Pause Init Mark (unload classes)
[20.389s][info][gc,task     ] GC(53) Using 3 of 3 workers for init marking
[20.389s][info][gc,ref      ] GC(53) Clearing All SoftReferences
[20.389s][info][gc,ergo     ] GC(53) Pacer for Mark. Expected Live: 14255K, Free: 641M, Non-Taxable: 65638K, Alloc Tax Rate: 0.0x
[20.389s][info][gc          ] GC(53) Pause Init Mark (unload classes) 0.368ms
[20.389s][info][gc,start    ] GC(53) Concurrent marking roots
[20.389s][info][gc,task     ] GC(53) Using 1 of 3 workers for concurrent marking roots
[20.389s][info][gc          ] GC(53) Concurrent marking roots 0.391ms
[20.389s][info][gc,start    ] GC(53) Concurrent marking (unload classes)
[20.389s][info][gc,task     ] GC(53) Using 1 of 3 workers for concurrent marking
[20.394s][info][gc          ] GC(53) Concurrent marking (unload classes) 4.139ms
[20.394s][info][gc,start    ] GC(53) Pause Final Mark (unload classes)
[20.394s][info][gc,task     ] GC(53) Using 3 of 3 workers for final marking
[20.394s][info][gc,ergo     ] GC(53) Collectable Garbage: 315M (99%), Immediate: 315M (99%), CSet: 0B (0%)
[20.394s][info][gc          ] GC(53) Pause Final Mark (unload classes) 0.424ms
[20.394s][info][gc,start    ] GC(53) Concurrent weak references
[20.394s][info][gc,task     ] GC(53) Using 1 of 3 workers for concurrent weak references
[20.394s][info][gc,ref      ] GC(53) Encountered references: Soft: 135, Weak: 434, Final: 9, Phantom: 20
[20.394s][info][gc,ref      ] GC(53) Discovered  references: Soft: 90, Weak: 248, Final: 7, Phantom: 16
[20.394s][info][gc,ref      ] GC(53) Enqueued    references: Soft: 11, Weak: 0, Final: 0, Phantom: 1
[20.394s][info][gc          ] GC(53) Concurrent weak references 0.249ms
[20.394s][info][gc,start    ] GC(53) Concurrent weak roots
[20.394s][info][gc,task     ] GC(53) Using 1 of 3 workers for concurrent weak root
[20.395s][info][gc          ] GC(53) Concurrent weak roots 0.554ms
[20.395s][info][gc,start    ] GC(53) Concurrent cleanup
[20.395s][info][gc          ] GC(53) Concurrent cleanup 328M->13M(1024M) 0.049ms
[20.395s][info][gc,ergo     ] GC(53) Free: 957M, Max: 512K regular, 679M humongous, Frag: 30% external, 0% internal; Reserve: 52736K, Max: 512K
[20.395s][info][gc,start    ] GC(53) Concurrent class unloading
[20.395s][info][gc,task     ] GC(53) Using 1 of 3 workers for concurrent class unloading
[20.397s][info][gc          ] GC(53) Concurrent class unloading 1.594ms
[20.397s][info][gc,start    ] GC(53) Pause Final Roots
[20.397s][info][gc          ] GC(53) Pause Final Roots 0.056ms
[20.397s][info][gc,ergo     ] Free: 957M, Max: 512K regular, 679M humongous, Frag: 30% external, 0% internal; Reserve: 52736K, Max: 512K
[20.397s][info][gc,stats    ] 
[20.397s][info][gc,stats    ] All times are wall-clock times, except per-root-class counters, that are sum over
[20.397s][info][gc,stats    ] all workers. Dividing the <total> over the root stage time estimates parallelism.
[20.397s][info][gc,stats    ] 
[20.397s][info][gc,stats    ] Concurrent Reset                    630 us
[20.397s][info][gc,stats    ] Pause Init Mark (G)                 542 us
[20.397s][info][gc,stats    ] Pause Init Mark (N)                 387 us
[20.397s][info][gc,stats    ]   Update Region States              147 us
[20.397s][info][gc,stats    ] Concurrent Mark Roots               410 us, parallelism: 0.71x
[20.397s][info][gc,stats    ]   CMR: <total>                      291 us
[20.397s][info][gc,stats    ]   CMR: Thread Roots                 249 us, workers (us): 249, ---, ---, 
[20.397s][info][gc,stats    ]   CMR: VM Strong Roots                3 us, workers (us):   3, ---, ---, 
[20.397s][info][gc,stats    ]   CMR: CLDG Roots                    39 us, workers (us):  39, ---, ---, 
[20.397s][info][gc,stats    ] Concurrent Marking                 4197 us
[20.397s][info][gc,stats    ] Pause Final Mark (G)                566 us
[20.397s][info][gc,stats    ] Pause Final Mark (N)                449 us
[20.397s][info][gc,stats    ]   Finish Mark                       149 us
[20.397s][info][gc,stats    ]   Update Region States               78 us
[20.397s][info][gc,stats    ]   Choose Collection Set              90 us
[20.397s][info][gc,stats    ]   Rebuild Free Set                   22 us
[20.397s][info][gc,stats    ] Concurrent Weak References          266 us, parallelism: 0.06x
[20.397s][info][gc,stats    ]   CWRF: <total>                      15 us
[20.397s][info][gc,stats    ]   CWRF: Weak References              15 us, workers (us):  15, ---, ---, 
[20.397s][info][gc,stats    ] Concurrent Weak Roots               574 us
[20.397s][info][gc,stats    ]   Roots                             455 us, parallelism: 0.88x
[20.397s][info][gc,stats    ]     CWR: <total>                    400 us
[20.397s][info][gc,stats    ]     CWR: Code Cache Roots           335 us, workers (us): 335, ---, ---, 
[20.397s][info][gc,stats    ]     CWR: VM Weak Roots               62 us, workers (us):  62, ---, ---, 
[20.397s][info][gc,stats    ]     CWR: CLDG Roots                   2 us, workers (us):   2, ---, ---, 
[20.397s][info][gc,stats    ]   Rendezvous                         56 us
[20.397s][info][gc,stats    ] Concurrent Cleanup                   58 us
[20.397s][info][gc,stats    ] Concurrent Class Unloading         1627 us
[20.397s][info][gc,stats    ]   Unlink Stale                     1409 us
[20.397s][info][gc,stats    ]     System Dictionary                 2 us
[20.397s][info][gc,stats    ]     Weak Class Links                  0 us
[20.397s][info][gc,stats    ]     Code Roots                     1407 us
[20.397s][info][gc,stats    ]   Rendezvous                         56 us
[20.397s][info][gc,stats    ]   Purge Unlinked                    112 us
[20.398s][info][gc,stats    ]     Code Roots                      105 us
[20.398s][info][gc,stats    ]     CLDG                              6 us
[20.398s][info][gc,stats    ]     Exception Caches                  0 us
[20.398s][info][gc,stats    ] Pause Final Roots (G)               164 us
[20.398s][info][gc,stats    ] Pause Final Roots (N)                80 us
[20.398s][info][gc,stats    ] 
[20.398s][info][gc,stats    ] Allocation pacing accrued:
[20.398s][info][gc,stats    ]       0 of   320 ms (  0.0%): <total>
[20.398s][info][gc,stats    ]       0 of   320 ms (  0.0%): <average total>
[20.398s][info][gc,stats    ] 
[20.398s][info][gc,metaspace] Metaspace: 6225K(6400K)->6226K(6400K) NonClass: 5619K(5696K)->5620K(5696K) Class: 606K(704K)->606K(704K)
[20.398s][info][gc,ergo     ] Pacer for Idle. Initial: 20971K, Alloc Tax Rate: 1.0x
[20.663s][info][gc          ] Trigger: Learning 2 of 5. Free (699M) is below initial threshold (716M)
[20.663s][info][gc,ergo     ] Free: 699M, Max: 512K regular, 679M humongous, Frag: 3% external, 0% internal; Reserve: 52736K, Max: 512K
[20.663s][info][gc,start    ] GC(54) Concurrent reset
[20.663s][info][gc,task     ] GC(54) Using 1 of 3 workers for concurrent reset
[20.663s][info][gc,ergo     ] GC(54) Pacer for Reset. Non-Taxable: 1024M
[20.664s][info][gc          ] GC(54) Concurrent reset 0.320ms
[20.664s][info][gc,start    ] GC(54) Pause Init Mark (unload classes)
[20.664s][info][gc,task     ] GC(54) Using 3 of 3 workers for init marking
[20.664s][info][gc,ergo     ] GC(54) Pacer for Mark. Expected Live: 13695K, Free: 699M, Non-Taxable: 71629K, Alloc Tax Rate: 0.0x
[20.664s][info][gc          ] GC(54) Pause Init Mark (unload classes) 0.279ms
[20.664s][info][gc,start    ] GC(54) Concurrent marking roots
[20.664s][info][gc,task     ] GC(54) Using 1 of 3 workers for concurrent marking roots
[20.665s][info][gc          ] GC(54) Concurrent marking roots 1.143ms
[20.665s][info][gc,start    ] GC(54) Concurrent marking (unload classes)
[20.665s][info][gc,task     ] GC(54) Using 1 of 3 workers for concurrent marking
[20.671s][info][gc          ] GC(54) Concurrent marking (unload classes) 5.375ms
[20.671s][info][gc,start    ] GC(54) Pause Final Mark (unload classes)
[20.671s][info][gc,task     ] GC(54) Using 3 of 3 workers for final marking
[20.671s][info][gc,ergo     ] GC(54) Adaptive CSet Selection. Target Free: 145M, Actual Free: 951M, Max CSet: 43690K, Min Garbage: 0B
[20.671s][info][gc,ergo     ] GC(54) Collectable Garbage: 257M (99%), Immediate: 200M (77%), CSet: 59191K (22%)
[20.671s][info][gc,ergo     ] GC(54) Pacer for Evacuation. Used CSet: 62464K, Free: 899M, Non-Taxable: 92109K, Alloc Tax Rate: 1.1x
[20.671s][info][gc          ] GC(54) Pause Final Mark (unload classes) 0.525ms
[20.671s][info][gc,start    ] GC(54) Concurrent thread roots
[20.671s][info][gc,task     ] GC(54) Using 1 of 3 workers for Concurrent thread roots
[20.672s][info][gc          ] GC(54) Concurrent thread roots 0.573ms
[20.672s][info][gc,start    ] GC(54) Concurrent weak references
[20.672s][info][gc,task     ] GC(54) Using 1 of 3 workers for concurrent weak references
[20.672s][info][gc,ref      ] GC(54) Encountered references: Soft: 132, Weak: 434, Final: 9, Phantom: 21
[20.672s][info][gc,ref      ] GC(54) Discovered  references: Soft: 0, Weak: 234, Final: 7, Phantom: 14
[20.672s][info][gc,ref      ] GC(54) Enqueued    references: Soft: 0, Weak: 0, Final: 0, Phantom: 0
[20.672s][info][gc          ] GC(54) Concurrent weak references 0.069ms
[20.672s][info][gc,start    ] GC(54) Concurrent weak roots
[20.672s][info][gc,task     ] GC(54) Using 1 of 3 workers for concurrent weak root
[20.673s][info][gc          ] GC(54) Concurrent weak roots 0.631ms
[20.673s][info][gc,start    ] GC(54) Concurrent cleanup
[20.673s][info][gc          ] GC(54) Concurrent cleanup 272M->72M(1024M) 0.039ms
[20.673s][info][gc,ergo     ] GC(54) Free: 899M, Max: 512K regular, 679M humongous, Frag: 25% external, 0% internal; Reserve: 52336K, Max: 512K
[20.673s][info][gc,start    ] GC(54) Concurrent class unloading
[20.673s][info][gc,task     ] GC(54) Using 1 of 3 workers for concurrent class unloading
[20.675s][info][gc          ] GC(54) Concurrent class unloading 1.834ms
[20.675s][info][gc,start    ] GC(54) Concurrent strong roots
[20.675s][info][gc,task     ] GC(54) Using 1 of 3 workers for concurrent strong root
[20.675s][info][gc          ] GC(54) Concurrent strong roots 0.273ms
[20.675s][info][gc,start    ] GC(54) Concurrent evacuation
[20.675s][info][gc,task     ] GC(54) Using 1 of 3 workers for concurrent evacuation
[20.677s][info][gc          ] GC(54) Concurrent evacuation 1.666ms
[20.677s][info][gc,start    ] GC(54) Pause Init Update Refs
[20.677s][info][gc,ergo     ] GC(54) Pacer for Update Refs. Used: 77307K, Free: 899M, Non-Taxable: 92109K, Alloc Tax Rate: 1.1x
[20.677s][info][gc          ] GC(54) Pause Init Update Refs 0.086ms
[20.677s][info][gc,start    ] GC(54) Concurrent update references
[20.677s][info][gc,task     ] GC(54) Using 1 of 3 workers for concurrent reference update
[20.680s][info][gc          ] GC(54) Concurrent update references 2.864ms
[20.680s][info][gc,start    ] GC(54) Concurrent update thread roots
[20.681s][info][gc          ] GC(54) Concurrent update thread roots 0.948ms
[20.681s][info][gc,start    ] GC(54) Pause Final Update Refs
[20.681s][info][gc,task     ] GC(54) Using 3 of 3 workers for final reference update
[20.681s][info][gc          ] GC(54) Pause Final Update Refs 0.153ms
[20.685s][info][gc,start    ] GC(54) Concurrent cleanup
[20.685s][info][gc          ] GC(54) Concurrent cleanup 82M->28M(1024M) 0.030ms
[20.685s][info][gc,ergo     ] Free: 942M, Max: 512K regular, 678M humongous, Frag: 29% external, 0% internal; Reserve: 52736K, Max: 512K
[20.685s][info][gc,stats    ] 
[20.685s][info][gc,stats    ] All times are wall-clock times, except per-root-class counters, that are sum over
[20.685s][info][gc,stats    ] all workers. Dividing the <total> over the root stage time estimates parallelism.
[20.685s][info][gc,stats    ] 
[20.685s][info][gc,stats    ] Concurrent Reset                    361 us
[20.685s][info][gc,stats    ] Pause Init Mark (G)                 475 us
[20.685s][info][gc,stats    ] Pause Init Mark (N)                 302 us
[20.685s][info][gc,stats    ]   Update Region States               95 us
[20.685s][info][gc,stats    ] Concurrent Mark Roots              1162 us, parallelism: 0.89x
[20.685s][info][gc,stats    ]   CMR: <total>                     1030 us
[20.685s][info][gc,stats    ]   CMR: Thread Roots                 949 us, workers (us): 949, ---, ---, 
[20.685s][info][gc,stats    ]   CMR: VM Strong Roots                6 us, workers (us):   6, ---, ---, 
[20.685s][info][gc,stats    ]   CMR: CLDG Roots                    75 us, workers (us):  75, ---, ---, 
[20.685s][info][gc,stats    ] Concurrent Marking                 5446 us
[20.685s][info][gc,stats    ] Pause Final Mark (G)                651 us
[20.685s][info][gc,stats    ] Pause Final Mark (N)                546 us
[20.685s][info][gc,stats    ]   Finish Mark                       153 us
[20.685s][info][gc,stats    ]   Update Region States              106 us
[20.685s][info][gc,stats    ]   Choose Collection Set             136 us
[20.685s][info][gc,stats    ]   Rebuild Free Set                   22 us
[20.685s][info][gc,stats    ] Concurrent Thread Roots             592 us, parallelism: 0.86x
[20.685s][info][gc,stats    ]   CTR: <total>                      506 us
[20.685s][info][gc,stats    ]   CTR: Thread Roots                 506 us, workers (us): 506, ---, ---, 
[20.685s][info][gc,stats    ] Concurrent Weak References           76 us, parallelism: 0.12x
[20.685s][info][gc,stats    ]   CWRF: <total>                       9 us
[20.685s][info][gc,stats    ]   CWRF: Weak References               9 us, workers (us):   9, ---, ---, 
[20.685s][info][gc,stats    ] Concurrent Weak Roots               652 us
[20.685s][info][gc,stats    ]   Roots                             556 us, parallelism: 0.88x
[20.685s][info][gc,stats    ]     CWR: <total>                    491 us
[20.685s][info][gc,stats    ]     CWR: Code Cache Roots           322 us, workers (us): 322, ---, ---, 
[20.685s][info][gc,stats    ]     CWR: VM Weak Roots              167 us, workers (us): 167, ---, ---, 
[20.685s][info][gc,stats    ]     CWR: CLDG Roots                   2 us, workers (us):   2, ---, ---, 
[20.685s][info][gc,stats    ]   Rendezvous                         58 us
[20.685s][info][gc,stats    ] Concurrent Cleanup                   48 us
[20.685s][info][gc,stats    ] Concurrent Class Unloading         1895 us
[20.685s][info][gc,stats    ]   Unlink Stale                     1491 us
[20.685s][info][gc,stats    ]     System Dictionary                 2 us
[20.685s][info][gc,stats    ]     Weak Class Links                  0 us
[20.685s][info][gc,stats    ]     Code Roots                     1488 us
[20.685s][info][gc,stats    ]   Rendezvous                        227 us
[20.685s][info][gc,stats    ]   Purge Unlinked                     96 us
[20.685s][info][gc,stats    ]     Code Roots                       85 us
[20.685s][info][gc,stats    ]     CLDG                             11 us
[20.685s][info][gc,stats    ]     Exception Caches                  0 us
[20.685s][info][gc,stats    ] Concurrent Strong Roots             313 us, parallelism: 0.46x
[20.685s][info][gc,stats    ]   CSR: <total>                      143 us
[20.685s][info][gc,stats    ]   CSR: VM Strong Roots                7 us, workers (us):   7, ---, ---, 
[20.685s][info][gc,stats    ]   CSR: CLDG Roots                   136 us, workers (us): 136, ---, ---, 
[20.685s][info][gc,stats    ] Concurrent Evacuation              1738 us
[20.685s][info][gc,stats    ] Pause Init Update Refs (G)          293 us
[20.685s][info][gc,stats    ] Pause Init Update Refs (N)          107 us
[20.685s][info][gc,stats    ]   Manage GCLABs                       4 us
[20.685s][info][gc,stats    ] Concurrent Update Refs             2935 us
[20.685s][info][gc,stats    ] Concurrent Update Thread Roots      967 us
[20.685s][info][gc,stats    ] Pause Final Update Refs (G)        4072 us
[20.685s][info][gc,stats    ] Pause Final Update Refs (N)         174 us
[20.685s][info][gc,stats    ]   Update Region States               58 us
[20.685s][info][gc,stats    ]   Trash Collection Set                8 us
[20.685s][info][gc,stats    ]   Rebuild Free Set                   19 us
[20.685s][info][gc,stats    ] Concurrent Cleanup                   39 us
[20.685s][info][gc,stats    ] Pacing                           979452 us
[20.685s][info][gc,stats    ] 
[20.685s][info][gc,stats    ] Allocation pacing accrued:
[20.685s][info][gc,stats    ]     173 of   288 ms ( 60.0%): Thread-30
[20.685s][info][gc,stats    ]     159 of   288 ms ( 55.2%): Thread-31
[20.685s][info][gc,stats    ]     163 of   288 ms ( 56.8%): Thread-32
[20.686s][info][gc,stats    ]     162 of   288 ms ( 56.2%): Thread-33
[20.686s][info][gc,stats    ]     161 of   288 ms ( 56.1%): Thread-34
[20.686s][info][gc,stats    ]     161 of   288 ms ( 56.0%): Thread-35
[20.686s][info][gc,stats    ]     979 of   288 ms (340.2%): <total>
[20.686s][info][gc,stats    ]      49 of   288 ms ( 17.0%): <average total>
[20.686s][info][gc,stats    ]     163 of   288 ms ( 56.7%): <average non-zero>
[20.686s][info][gc,stats    ] 
[20.686s][info][gc,metaspace] Metaspace: 6245K(6400K)->6245K(6400K) NonClass: 5639K(5696K)->5639K(5696K) Class: 606K(704K)->606K(704K)
[20.686s][info][gc,ergo     ] Pacer for Idle. Initial: 20971K, Alloc Tax Rate: 1.0x
[20.790s][info][gc          ] Trigger: Learning 3 of 5. Free (705M) is below initial threshold (716M)
[20.790s][info][gc,ergo     ] Free: 705M, Max: 512K regular, 678M humongous, Frag: 4% external, 0% internal; Reserve: 52736K, Max: 512K
[20.790s][info][gc,start    ] GC(55) Concurrent reset
[20.790s][info][gc,task     ] GC(55) Using 1 of 3 workers for concurrent reset
[20.790s][info][gc,ergo     ] GC(55) Pacer for Reset. Non-Taxable: 1024M
[20.790s][info][gc          ] GC(55) Concurrent reset 0.297ms
[20.790s][info][gc,start    ] GC(55) Pause Init Mark (unload classes)
[20.790s][info][gc,task     ] GC(55) Using 3 of 3 workers for init marking
[20.790s][info][gc,ergo     ] GC(55) Pacer for Mark. Expected Live: 13695K, Free: 705M, Non-Taxable: 72192K, Alloc Tax Rate: 0.0x
[20.790s][info][gc          ] GC(55) Pause Init Mark (unload classes) 0.115ms
[20.790s][info][gc,start    ] GC(55) Concurrent marking roots
[20.790s][info][gc,task     ] GC(55) Using 1 of 3 workers for concurrent marking roots
[20.791s][info][gc          ] GC(55) Concurrent marking roots 1.011ms
[20.791s][info][gc,start    ] GC(55) Concurrent marking (unload classes)
[20.791s][info][gc,task     ] GC(55) Using 1 of 3 workers for concurrent marking
[20.797s][info][gc          ] GC(55) Concurrent marking (unload classes) 5.528ms
[20.797s][info][gc,start    ] GC(55) Pause Final Mark (unload classes)
[20.797s][info][gc,task     ] GC(55) Using 3 of 3 workers for final marking
[20.797s][info][gc,ergo     ] GC(55) Adaptive CSet Selection. Target Free: 145M, Actual Free: 959M, Max CSet: 43690K, Min Garbage: 0B
[20.797s][info][gc,ergo     ] GC(55) Collectable Garbage: 252M (99%), Immediate: 202M (80%), CSet: 50878K (19%)
[20.797s][info][gc,ergo     ] GC(55) Pacer for Evacuation. Used CSet: 53248K, Free: 907M, Non-Taxable: 92928K, Alloc Tax Rate: 1.1x
[20.797s][info][gc          ] GC(55) Pause Final Mark (unload classes) 0.310ms
[20.797s][info][gc,start    ] GC(55) Concurrent thread roots
[20.797s][info][gc,task     ] GC(55) Using 1 of 3 workers for Concurrent thread roots
[20.798s][info][gc          ] GC(55) Concurrent thread roots 0.559ms
[20.798s][info][gc,start    ] GC(55) Concurrent weak references
[20.798s][info][gc,task     ] GC(55) Using 1 of 3 workers for concurrent weak references
[20.798s][info][gc,ref      ] GC(55) Encountered references: Soft: 132, Weak: 434, Final: 9, Phantom: 21
[20.798s][info][gc,ref      ] GC(55) Discovered  references: Soft: 0, Weak: 234, Final: 7, Phantom: 14
[20.798s][info][gc,ref      ] GC(55) Enqueued    references: Soft: 0, Weak: 0, Final: 0, Phantom: 0
[20.798s][info][gc          ] GC(55) Concurrent weak references 0.084ms
[20.798s][info][gc,start    ] GC(55) Concurrent weak roots
[20.798s][info][gc,task     ] GC(55) Using 1 of 3 workers for concurrent weak root
[20.798s][info][gc          ] GC(55) Concurrent weak roots 0.660ms
[20.798s][info][gc,start    ] GC(55) Concurrent cleanup
[20.799s][info][gc          ] GC(55) Concurrent cleanup 266M->64M(1024M) 0.035ms
[20.799s][info][gc,ergo     ] GC(55) Free: 907M, Max: 512K regular, 679M humongous, Frag: 26% external, 0% internal; Reserve: 52328K, Max: 512K
[20.799s][info][gc,start    ] GC(55) Concurrent class unloading
[20.799s][info][gc,task     ] GC(55) Using 1 of 3 workers for concurrent class unloading
[20.800s][info][gc          ] GC(55) Concurrent class unloading 1.457ms
[20.800s][info][gc,start    ] GC(55) Concurrent strong roots
[20.800s][info][gc,task     ] GC(55) Using 1 of 3 workers for concurrent strong root
[20.800s][info][gc          ] GC(55) Concurrent strong roots 0.076ms
[20.800s][info][gc,start    ] GC(55) Concurrent evacuation
[20.800s][info][gc,task     ] GC(55) Using 1 of 3 workers for concurrent evacuation
[20.801s][info][gc          ] GC(55) Concurrent evacuation 1.275ms
[20.801s][info][gc,start    ] GC(55) Pause Init Update Refs
[20.801s][info][gc,ergo     ] GC(55) Pacer for Update Refs. Used: 68603K, Free: 907M, Non-Taxable: 92928K, Alloc Tax Rate: 1.1x
[20.801s][info][gc          ] GC(55) Pause Init Update Refs 0.058ms
[20.802s][info][gc,start    ] GC(55) Concurrent update references
[20.802s][info][gc,task     ] GC(55) Using 1 of 3 workers for concurrent reference update
[20.805s][info][gc          ] GC(55) Concurrent update references 2.999ms
[20.805s][info][gc,start    ] GC(55) Concurrent update thread roots
[20.806s][info][gc          ] GC(55) Concurrent update thread roots 1.013ms
[20.806s][info][gc,start    ] GC(55) Pause Final Update Refs
[20.806s][info][gc,task     ] GC(55) Using 3 of 3 workers for final reference update
[20.806s][info][gc          ] GC(55) Pause Final Update Refs 0.117ms
[20.814s][info][gc,start    ] GC(55) Concurrent cleanup
[20.814s][info][gc          ] GC(55) Concurrent cleanup 83M->31M(1024M) 0.044ms
[20.814s][info][gc,ergo     ] Free: 939M, Max: 512K regular, 677M humongous, Frag: 28% external, 0% internal; Reserve: 52736K, Max: 512K
[20.814s][info][gc,stats    ] 
[20.814s][info][gc,stats    ] All times are wall-clock times, except per-root-class counters, that are sum over
[20.814s][info][gc,stats    ] all workers. Dividing the <total> over the root stage time estimates parallelism.
[20.814s][info][gc,stats    ] 
[20.814s][info][gc,stats    ] Concurrent Reset                    341 us
[20.814s][info][gc,stats    ] Pause Init Mark (G)                 178 us
[20.814s][info][gc,stats    ] Pause Init Mark (N)                 124 us
[20.814s][info][gc,stats    ]   Update Region States               36 us
[20.814s][info][gc,stats    ] Concurrent Mark Roots              1019 us, parallelism: 0.92x
[20.814s][info][gc,stats    ]   CMR: <total>                      939 us
[20.814s][info][gc,stats    ]   CMR: Thread Roots                 895 us, workers (us): 895, ---, ---, 
[20.814s][info][gc,stats    ]   CMR: VM Strong Roots                4 us, workers (us):   4, ---, ---, 
[20.814s][info][gc,stats    ]   CMR: CLDG Roots                    41 us, workers (us):  41, ---, ---, 
[20.814s][info][gc,stats    ] Concurrent Marking                 5554 us
[20.814s][info][gc,stats    ] Pause Final Mark (G)                381 us
[20.814s][info][gc,stats    ] Pause Final Mark (N)                330 us
[20.814s][info][gc,stats    ]   Finish Mark                        56 us
[20.814s][info][gc,stats    ]   Update Region States               48 us
[20.814s][info][gc,stats    ]   Choose Collection Set             105 us
[20.814s][info][gc,stats    ]   Rebuild Free Set                   21 us
[20.814s][info][gc,stats    ] Concurrent Thread Roots             567 us, parallelism: 0.88x
[20.814s][info][gc,stats    ]   CTR: <total>                      499 us
[20.814s][info][gc,stats    ]   CTR: Thread Roots                 499 us, workers (us): 499, ---, ---, 
[20.814s][info][gc,stats    ] Concurrent Weak References           91 us, parallelism: 0.22x
[20.814s][info][gc,stats    ]   CWRF: <total>                      20 us
[20.814s][info][gc,stats    ]   CWRF: Weak References              20 us, workers (us):  20, ---, ---, 
[20.814s][info][gc,stats    ] Concurrent Weak Roots               670 us
[20.814s][info][gc,stats    ]   Roots                             617 us, parallelism: 0.95x
[20.814s][info][gc,stats    ]     CWR: <total>                    590 us
[20.814s][info][gc,stats    ]     CWR: Code Cache Roots           384 us, workers (us): 384, ---, ---, 
[20.814s][info][gc,stats    ]     CWR: VM Weak Roots              203 us, workers (us): 203, ---, ---, 
[20.814s][info][gc,stats    ]     CWR: CLDG Roots                   3 us, workers (us):   3, ---, ---, 
[20.814s][info][gc,stats    ]   Rendezvous                         28 us
[20.814s][info][gc,stats    ] Concurrent Cleanup                   43 us
[20.814s][info][gc,stats    ] Concurrent Class Unloading         1470 us
[20.814s][info][gc,stats    ]   Unlink Stale                     1382 us
[20.814s][info][gc,stats    ]     System Dictionary                 2 us
[20.814s][info][gc,stats    ]     Weak Class Links                  0 us
[20.814s][info][gc,stats    ]     Code Roots                     1379 us
[20.814s][info][gc,stats    ]   Rendezvous                         22 us
[20.814s][info][gc,stats    ]   Purge Unlinked                     38 us
[20.814s][info][gc,stats    ]     Code Roots                       35 us
[20.814s][info][gc,stats    ]     CLDG                              3 us
[20.814s][info][gc,stats    ]     Exception Caches                  0 us
[20.814s][info][gc,stats    ] Concurrent Strong Roots              85 us, parallelism: 0.53x
[20.814s][info][gc,stats    ]   CSR: <total>                       45 us
[20.814s][info][gc,stats    ]   CSR: VM Strong Roots                4 us, workers (us):   4, ---, ---, 
[20.814s][info][gc,stats    ]   CSR: CLDG Roots                    41 us, workers (us):  41, ---, ---, 
[20.814s][info][gc,stats    ] Concurrent Evacuation              1299 us
[20.814s][info][gc,stats    ] Pause Init Update Refs (G)          127 us
[20.814s][info][gc,stats    ] Pause Init Update Refs (N)           78 us
[20.814s][info][gc,stats    ]   Manage GCLABs                       4 us
[20.814s][info][gc,stats    ] Concurrent Update Refs             3020 us
[20.814s][info][gc,stats    ] Concurrent Update Thread Roots     1037 us
[20.814s][info][gc,stats    ] Pause Final Update Refs (G)        7917 us
[20.814s][info][gc,stats    ] Pause Final Update Refs (N)         158 us
[20.814s][info][gc,stats    ]   Update Region States               51 us
[20.814s][info][gc,stats    ]   Trash Collection Set                7 us
[20.814s][info][gc,stats    ]   Rebuild Free Set                   25 us
[20.814s][info][gc,stats    ] Concurrent Cleanup                   53 us
[20.814s][info][gc,stats    ] Pacing                           165824 us
[20.814s][info][gc,stats    ] 
[20.814s][info][gc,stats    ] Allocation pacing accrued:
[20.814s][info][gc,stats    ]      29 of   129 ms ( 22.8%): Thread-30
[20.814s][info][gc,stats    ]      26 of   129 ms ( 20.5%): Thread-31
[20.814s][info][gc,stats    ]      27 of   129 ms ( 20.8%): Thread-32
[20.814s][info][gc,stats    ]      28 of   129 ms ( 21.7%): Thread-33
[20.814s][info][gc,stats    ]      28 of   129 ms ( 21.9%): Thread-34
[20.814s][info][gc,stats    ]      27 of   129 ms ( 21.3%): Thread-35
[20.814s][info][gc,stats    ]     166 of   129 ms (129.0%): <total>
[20.814s][info][gc,stats    ]       8 of   129 ms (  6.5%): <average total>
[20.814s][info][gc,stats    ]      28 of   129 ms ( 21.5%): <average non-zero>
[20.814s][info][gc,stats    ] 
[20.814s][info][gc,metaspace] Metaspace: 6245K(6400K)->6245K(6400K) NonClass: 5639K(5696K)->5639K(5696K) Class: 606K(704K)->606K(704K)
[20.814s][info][gc,ergo     ] Pacer for Idle. Initial: 20971K, Alloc Tax Rate: 1.0x
[20.931s][info][gc          ] Trigger: Learning 4 of 5. Free (704M) is below initial threshold (716M)
[20.931s][info][gc,ergo     ] Free: 704M, Max: 512K regular, 677M humongous, Frag: 4% external, 0% internal; Reserve: 52736K, Max: 512K
[20.931s][info][gc,start    ] GC(56) Concurrent reset
[20.932s][info][gc,task     ] GC(56) Using 1 of 3 workers for concurrent reset
[20.932s][info][gc,ergo     ] GC(56) Pacer for Reset. Non-Taxable: 1024M
[20.932s][info][gc          ] GC(56) Concurrent reset 0.290ms
[20.932s][info][gc,start    ] GC(56) Pause Init Mark (unload classes)
[20.932s][info][gc,task     ] GC(56) Using 3 of 3 workers for init marking
[20.932s][info][gc,ergo     ] GC(56) Pacer for Mark. Expected Live: 13651K, Free: 703M, Non-Taxable: 71990K, Alloc Tax Rate: 0.0x
[20.932s][info][gc          ] GC(56) Pause Init Mark (unload classes) 0.124ms
[20.934s][info][gc,start    ] GC(56) Concurrent marking roots
[20.934s][info][gc,task     ] GC(56) Using 1 of 3 workers for concurrent marking roots
[20.934s][info][gc          ] GC(56) Concurrent marking roots 0.541ms
[20.934s][info][gc,start    ] GC(56) Concurrent marking (unload classes)
[20.934s][info][gc,task     ] GC(56) Using 1 of 3 workers for concurrent marking
[20.942s][info][gc          ] GC(56) Concurrent marking (unload classes) 7.387ms
[20.942s][info][gc,start    ] GC(56) Pause Final Mark (unload classes)
[20.942s][info][gc,task     ] GC(56) Using 3 of 3 workers for final marking
[20.942s][info][gc,ergo     ] GC(56) Adaptive CSet Selection. Target Free: 145M, Actual Free: 834M, Max CSet: 43690K, Min Garbage: 0B
[20.942s][info][gc,ergo     ] GC(56) Collectable Garbage: 253M (99%), Immediate: 100864K (38%), CSet: 155M (61%)
[20.942s][info][gc,ergo     ] GC(56) Pacer for Evacuation. Used CSet: 158M, Free: 783M, Non-Taxable: 80185K, Alloc Tax Rate: 1.1x
[20.942s][info][gc          ] GC(56) Pause Final Mark (unload classes) 0.187ms
[20.942s][info][gc,start    ] GC(56) Concurrent thread roots
[20.942s][info][gc,task     ] GC(56) Using 1 of 3 workers for Concurrent thread roots
[20.943s][info][gc          ] GC(56) Concurrent thread roots 0.479ms
[20.943s][info][gc,start    ] GC(56) Concurrent weak references
[20.943s][info][gc,task     ] GC(56) Using 1 of 3 workers for concurrent weak references
[20.943s][info][gc,ref      ] GC(56) Encountered references: Soft: 132, Weak: 434, Final: 9, Phantom: 21
[20.943s][info][gc,ref      ] GC(56) Discovered  references: Soft: 0, Weak: 234, Final: 7, Phantom: 14
[20.943s][info][gc,ref      ] GC(56) Enqueued    references: Soft: 0, Weak: 0, Final: 0, Phantom: 0
[20.943s][info][gc          ] GC(56) Concurrent weak references 0.058ms
[20.943s][info][gc,start    ] GC(56) Concurrent weak roots
[20.943s][info][gc,task     ] GC(56) Using 1 of 3 workers for concurrent weak root
[20.947s][info][gc          ] GC(56) Concurrent weak roots 4.761ms
[20.947s][info][gc,start    ] GC(56) Concurrent cleanup
[20.947s][info][gc          ] GC(56) Concurrent cleanup 299M->201M(1024M) 0.036ms
[20.948s][info][gc,ergo     ] GC(56) Free: 770M, Max: 512K regular, 673M humongous, Frag: 13% external, 0% internal; Reserve: 51901K, Max: 512K
[20.948s][info][gc,start    ] GC(56) Concurrent class unloading
[20.948s][info][gc,task     ] GC(56) Using 1 of 3 workers for concurrent class unloading
[20.952s][info][gc          ] GC(56) Concurrent class unloading 4.412ms
[20.952s][info][gc,start    ] GC(56) Concurrent strong roots
[20.952s][info][gc,task     ] GC(56) Using 1 of 3 workers for concurrent strong root
[20.952s][info][gc          ] GC(56) Concurrent strong roots 0.082ms
[20.952s][info][gc,start    ] GC(56) Concurrent evacuation
[20.952s][info][gc,task     ] GC(56) Using 1 of 3 workers for concurrent evacuation
[20.954s][info][gc          ] GC(56) Concurrent evacuation 1.868ms
[20.954s][info][gc,start    ] GC(56) Pause Init Update Refs
[20.954s][info][gc,ergo     ] GC(56) Pacer for Update Refs. Used: 215M, Free: 759M, Non-Taxable: 77731K, Alloc Tax Rate: 1.1x
[20.954s][info][gc          ] GC(56) Pause Init Update Refs 0.060ms
[20.958s][info][gc,start    ] GC(56) Concurrent update references
[20.958s][info][gc,task     ] GC(56) Using 1 of 3 workers for concurrent reference update
[20.963s][info][gc          ] GC(56) Concurrent update references 5.046ms
[20.963s][info][gc,start    ] GC(56) Concurrent update thread roots
[20.964s][info][gc          ] GC(56) Concurrent update thread roots 0.573ms
[20.964s][info][gc,start    ] GC(56) Pause Final Update Refs
[20.964s][info][gc,task     ] GC(56) Using 3 of 3 workers for final reference update
[20.964s][info][gc          ] GC(56) Pause Final Update Refs 0.104ms
[20.970s][info][gc,start    ] GC(56) Concurrent cleanup
[20.970s][info][gc          ] GC(56) Concurrent cleanup 241M->90M(1024M) 0.051ms
[20.970s][info][gc,ergo     ] Free: 881M, Max: 512K regular, 672M humongous, Frag: 24% external, 2% internal; Reserve: 52736K, Max: 512K
[20.970s][info][gc,stats    ] 
[20.970s][info][gc,stats    ] All times are wall-clock times, except per-root-class counters, that are sum over
[20.970s][info][gc,stats    ] all workers. Dividing the <total> over the root stage time estimates parallelism.
[20.970s][info][gc,stats    ] 
[20.970s][info][gc,stats    ] Concurrent Reset                    304 us
[20.970s][info][gc,stats    ] Pause Init Mark (G)                2022 us
[20.970s][info][gc,stats    ] Pause Init Mark (N)                 133 us
[20.970s][info][gc,stats    ]   Update Region States               40 us
[20.970s][info][gc,stats    ] Concurrent Mark Roots               550 us, parallelism: 0.87x
[20.970s][info][gc,stats    ]   CMR: <total>                      480 us
[20.970s][info][gc,stats    ]   CMR: Thread Roots                 432 us, workers (us): 432, ---, ---, 
[20.970s][info][gc,stats    ]   CMR: VM Strong Roots                6 us, workers (us):   6, ---, ---, 
[20.970s][info][gc,stats    ]   CMR: CLDG Roots                    42 us, workers (us):  42, ---, ---, 
[20.970s][info][gc,stats    ] Concurrent Marking                 7427 us
[20.970s][info][gc,stats    ] Pause Final Mark (G)                317 us
[20.970s][info][gc,stats    ] Pause Final Mark (N)                194 us
[20.970s][info][gc,stats    ]   Finish Mark                        43 us
[20.970s][info][gc,stats    ]   Update Region States               32 us
[20.970s][info][gc,stats    ]   Choose Collection Set              66 us
[20.970s][info][gc,stats    ]   Rebuild Free Set                    8 us
[20.970s][info][gc,stats    ] Concurrent Thread Roots             490 us, parallelism: 0.88x
[20.970s][info][gc,stats    ]   CTR: <total>                      433 us
[20.970s][info][gc,stats    ]   CTR: Thread Roots                 433 us, workers (us): 433, ---, ---, 
[20.970s][info][gc,stats    ] Concurrent Weak References           66 us, parallelism: 0.15x
[20.970s][info][gc,stats    ]   CWRF: <total>                      10 us
[20.970s][info][gc,stats    ]   CWRF: Weak References              10 us, workers (us):  10, ---, ---, 
[20.970s][info][gc,stats    ] Concurrent Weak Roots              4786 us
[20.970s][info][gc,stats    ]   Roots                             483 us, parallelism: 0.96x
[20.970s][info][gc,stats    ]     CWR: <total>                    464 us
[20.970s][info][gc,stats    ]     CWR: Code Cache Roots           359 us, workers (us): 359, ---, ---, 
[20.970s][info][gc,stats    ]     CWR: VM Weak Roots              103 us, workers (us): 103, ---, ---, 
[20.970s][info][gc,stats    ]     CWR: CLDG Roots                   3 us, workers (us):   3, ---, ---, 
[20.970s][info][gc,stats    ]   Rendezvous                       4263 us
[20.970s][info][gc,stats    ] Concurrent Cleanup                   44 us
[20.970s][info][gc,stats    ] Concurrent Class Unloading         4445 us
[20.970s][info][gc,stats    ]   Unlink Stale                     1584 us
[20.970s][info][gc,stats    ]     System Dictionary                 3 us
[20.970s][info][gc,stats    ]     Weak Class Links                  0 us
[20.970s][info][gc,stats    ]     Code Roots                     1580 us
[20.970s][info][gc,stats    ]   Rendezvous                       2727 us
[20.970s][info][gc,stats    ]   Purge Unlinked                     82 us
[20.970s][info][gc,stats    ]     Code Roots                       77 us
[20.970s][info][gc,stats    ]     CLDG                              4 us
[20.970s][info][gc,stats    ]     Exception Caches                  0 us
[20.970s][info][gc,stats    ] Concurrent Strong Roots              90 us, parallelism: 0.55x
[20.970s][info][gc,stats    ]   CSR: <total>                       49 us
[20.970s][info][gc,stats    ]   CSR: VM Strong Roots                4 us, workers (us):   4, ---, ---, 
[20.970s][info][gc,stats    ]   CSR: CLDG Roots                    46 us, workers (us):  46, ---, ---, 
[20.970s][info][gc,stats    ] Concurrent Evacuation              1914 us
[20.970s][info][gc,stats    ] Pause Init Update Refs (G)         3923 us
[20.970s][info][gc,stats    ] Pause Init Update Refs (N)           69 us
[20.970s][info][gc,stats    ]   Manage GCLABs                       3 us
[20.970s][info][gc,stats    ] Concurrent Update Refs             5087 us
[20.970s][info][gc,stats    ] Concurrent Update Thread Roots      591 us
[20.970s][info][gc,stats    ] Pause Final Update Refs (G)        6000 us
[20.970s][info][gc,stats    ] Pause Final Update Refs (N)         136 us
[20.970s][info][gc,stats    ]   Update Region States               45 us
[20.970s][info][gc,stats    ]   Trash Collection Set                8 us
[20.970s][info][gc,stats    ]   Rebuild Free Set                   11 us
[20.970s][info][gc,stats    ] Concurrent Cleanup                   61 us
[20.970s][info][gc,stats    ] 
[20.970s][info][gc,stats    ] Allocation pacing accrued:
[20.970s][info][gc,stats    ]       0 of   156 ms (  0.0%): <total>
[20.970s][info][gc,stats    ]       0 of   156 ms (  0.0%): <average total>
[20.970s][info][gc,stats    ] 
[20.970s][info][gc,metaspace] Metaspace: 6245K(6400K)->6245K(6400K) NonClass: 5639K(5696K)->5639K(5696K) Class: 606K(704K)->606K(704K)
[20.970s][info][gc,ergo     ] Pacer for Idle. Initial: 20971K, Alloc Tax Rate: 1.0x
[21.043s][info][gc          ] Trigger: Learning 5 of 5. Free (698M) is below initial threshold (716M)
[21.043s][info][gc,ergo     ] Free: 698M, Max: 512K regular, 672M humongous, Frag: 4% external, 2% internal; Reserve: 52736K, Max: 512K
[21.043s][info][gc,start    ] GC(57) Concurrent reset
[21.043s][info][gc,task     ] GC(57) Using 1 of 3 workers for concurrent reset
[21.043s][info][gc,ergo     ] GC(57) Pacer for Reset. Non-Taxable: 1024M
[21.044s][info][gc          ] GC(57) Concurrent reset 0.819ms
[21.044s][info][gc,start    ] GC(57) Pause Init Mark (unload classes)
[21.044s][info][gc,task     ] GC(57) Using 3 of 3 workers for init marking
[21.044s][info][gc,ergo     ] GC(57) Pacer for Mark. Expected Live: 13668K, Free: 695M, Non-Taxable: 71243K, Alloc Tax Rate: 0.0x
[21.044s][info][gc          ] GC(57) Pause Init Mark (unload classes) 0.122ms
[21.046s][info][gc,start    ] GC(57) Concurrent marking roots
[21.046s][info][gc,task     ] GC(57) Using 1 of 3 workers for concurrent marking roots
[21.046s][info][gc          ] GC(57) Concurrent marking roots 0.589ms
[21.046s][info][gc,start    ] GC(57) Concurrent marking (unload classes)
[21.046s][info][gc,task     ] GC(57) Using 1 of 3 workers for concurrent marking
[21.058s][info][gc          ] GC(57) Concurrent marking (unload classes) 11.475ms
[21.058s][info][gc,start    ] GC(57) Pause Final Mark (unload classes)
[21.058s][info][gc,task     ] GC(57) Using 3 of 3 workers for final marking
[21.058s][info][gc,ergo     ] GC(57) Adaptive CSet Selection. Target Free: 145M, Actual Free: 931M, Max CSet: 43690K, Min Garbage: 0B
[21.058s][info][gc,ergo     ] GC(57) Collectable Garbage: 261M (99%), Immediate: 215M (82%), CSet: 47433K (17%)
[21.058s][info][gc,ergo     ] GC(57) Pacer for Evacuation. Used CSet: 49664K, Free: 880M, Non-Taxable: 90115K, Alloc Tax Rate: 1.1x
[21.058s][info][gc          ] GC(57) Pause Final Mark (unload classes) 0.202ms
[21.062s][info][gc,start    ] GC(57) Concurrent thread roots
[21.062s][info][gc,task     ] GC(57) Using 1 of 3 workers for Concurrent thread roots
[21.062s][info][gc          ] GC(57) Concurrent thread roots 0.475ms
[21.062s][info][gc,start    ] GC(57) Concurrent weak references
[21.062s][info][gc,task     ] GC(57) Using 1 of 3 workers for concurrent weak references
[21.063s][info][gc,ref      ] GC(57) Encountered references: Soft: 132, Weak: 434, Final: 9, Phantom: 21
[21.063s][info][gc,ref      ] GC(57) Discovered  references: Soft: 0, Weak: 234, Final: 7, Phantom: 14
[21.063s][info][gc,ref      ] GC(57) Enqueued    references: Soft: 0, Weak: 0, Final: 0, Phantom: 0
[21.063s][info][gc          ] GC(57) Concurrent weak references 0.060ms
[21.063s][info][gc,start    ] GC(57) Concurrent weak roots
[21.063s][info][gc,task     ] GC(57) Using 1 of 3 workers for concurrent weak root
[21.068s][info][gc          ] GC(57) Concurrent weak roots 5.312ms
[21.068s][info][gc,start    ] GC(57) Concurrent cleanup
[21.068s][info][gc          ] GC(57) Concurrent cleanup 326M->110M(1024M) 0.054ms
[21.068s][info][gc,ergo     ] GC(57) Free: 861M, Max: 512K regular, 647M humongous, Frag: 25% external, 0% internal; Reserve: 51712K, Max: 512K
[21.068s][info][gc,start    ] GC(57) Concurrent class unloading
[21.068s][info][gc,task     ] GC(57) Using 1 of 3 workers for concurrent class unloading
[21.074s][info][gc          ] GC(57) Concurrent class unloading 5.929ms
[21.074s][info][gc,start    ] GC(57) Concurrent strong roots
[21.074s][info][gc,task     ] GC(57) Using 1 of 3 workers for concurrent strong root
[21.074s][info][gc          ] GC(57) Concurrent strong roots 0.115ms
[21.074s][info][gc,start    ] GC(57) Concurrent evacuation
[21.074s][info][gc,task     ] GC(57) Using 1 of 3 workers for concurrent evacuation
[21.075s][info][gc          ] GC(57) Concurrent evacuation 1.065ms
[21.075s][info][gc,start    ] GC(57) Pause Init Update Refs
[21.075s][info][gc,ergo     ] GC(57) Pacer for Update Refs. Used: 124M, Free: 849M, Non-Taxable: 86946K, Alloc Tax Rate: 1.1x
[21.075s][info][gc          ] GC(57) Pause Init Update Refs 0.082ms
[21.077s][info][gc,start    ] GC(57) Concurrent update references
[21.077s][info][gc,task     ] GC(57) Using 1 of 3 workers for concurrent reference update
[21.084s][info][gc          ] GC(57) Concurrent update references 6.492ms
[21.084s][info][gc,start    ] GC(57) Concurrent update thread roots
[21.084s][info][gc          ] GC(57) Concurrent update thread roots 0.558ms
[21.084s][info][gc,start    ] GC(57) Pause Final Update Refs
[21.084s][info][gc,task     ] GC(57) Using 3 of 3 workers for final reference update
[21.085s][info][gc          ] GC(57) Pause Final Update Refs 0.531ms
[21.092s][info][gc,start    ] GC(57) Concurrent cleanup
[21.092s][info][gc          ] GC(57) Concurrent cleanup 153M->105M(1024M) 0.079ms
[21.092s][info][gc,ergo     ] Free: 866M, Max: 512K regular, 646M humongous, Frag: 26% external, 0% internal; Reserve: 52736K, Max: 512K
[21.092s][info][gc,stats    ] 
[21.092s][info][gc,stats    ] All times are wall-clock times, except per-root-class counters, that are sum over
[21.092s][info][gc,stats    ] all workers. Dividing the <total> over the root stage time estimates parallelism.
[21.092s][info][gc,stats    ] 
[21.092s][info][gc,stats    ] Concurrent Reset                    857 us
[21.092s][info][gc,stats    ] Pause Init Mark (G)                2069 us
[21.092s][info][gc,stats    ] Pause Init Mark (N)                 132 us
[21.092s][info][gc,stats    ]   Update Region States               43 us
[21.092s][info][gc,stats    ] Concurrent Mark Roots               600 us, parallelism: 0.86x
[21.093s][info][gc,stats    ]   CMR: <total>                      518 us
[21.093s][info][gc,stats    ]   CMR: Thread Roots                 466 us, workers (us): 466, ---, ---, 
[21.093s][info][gc,stats    ]   CMR: VM Strong Roots                5 us, workers (us):   5, ---, ---, 
[21.093s][info][gc,stats    ]   CMR: CLDG Roots                    47 us, workers (us):  47, ---, ---, 
[21.093s][info][gc,stats    ] Concurrent Marking                11518 us
[21.093s][info][gc,stats    ] Pause Final Mark (G)               4046 us
[21.093s][info][gc,stats    ] Pause Final Mark (N)                211 us
[21.093s][info][gc,stats    ]   Finish Mark                        35 us
[21.093s][info][gc,stats    ]   Update Region States               34 us
[21.093s][info][gc,stats    ]   Choose Collection Set              77 us
[21.093s][info][gc,stats    ]   Rebuild Free Set                    8 us
[21.093s][info][gc,stats    ] Concurrent Thread Roots             485 us, parallelism: 0.89x
[21.093s][info][gc,stats    ]   CTR: <total>                      432 us
[21.093s][info][gc,stats    ]   CTR: Thread Roots                 432 us, workers (us): 432, ---, ---, 
[21.093s][info][gc,stats    ] Concurrent Weak References           67 us, parallelism: 0.17x
[21.093s][info][gc,stats    ]   CWRF: <total>                      11 us
[21.093s][info][gc,stats    ]   CWRF: Weak References              11 us, workers (us):  11, ---, ---, 
[21.093s][info][gc,stats    ] Concurrent Weak Roots              5334 us
[21.093s][info][gc,stats    ]   Roots                             509 us, parallelism: 0.96x
[21.093s][info][gc,stats    ]     CWR: <total>                    490 us
[21.093s][info][gc,stats    ]     CWR: Code Cache Roots           381 us, workers (us): 381, ---, ---, 
[21.093s][info][gc,stats    ]     CWR: VM Weak Roots              106 us, workers (us): 106, ---, ---, 
[21.093s][info][gc,stats    ]     CWR: CLDG Roots                   2 us, workers (us):   2, ---, ---, 
[21.093s][info][gc,stats    ]   Rendezvous                       4787 us
[21.093s][info][gc,stats    ] Concurrent Cleanup                   63 us
[21.093s][info][gc,stats    ] Concurrent Class Unloading         5971 us
[21.093s][info][gc,stats    ]   Unlink Stale                     1632 us
[21.093s][info][gc,stats    ]     System Dictionary                 4 us
[21.093s][info][gc,stats    ]     Weak Class Links                  0 us
[21.093s][info][gc,stats    ]     Code Roots                     1627 us
[21.093s][info][gc,stats    ]   Rendezvous                       4177 us
[21.093s][info][gc,stats    ]   Purge Unlinked                    101 us
[21.093s][info][gc,stats    ]     Code Roots                       97 us
[21.093s][info][gc,stats    ]     CLDG                              4 us
[21.093s][info][gc,stats    ]     Exception Caches                  0 us
[21.093s][info][gc,stats    ] Concurrent Strong Roots             136 us, parallelism: 0.54x
[21.093s][info][gc,stats    ]   CSR: <total>                       73 us
[21.093s][info][gc,stats    ]   CSR: VM Strong Roots                6 us, workers (us):   6, ---, ---, 
[21.093s][info][gc,stats    ]   CSR: CLDG Roots                    68 us, workers (us):  68, ---, ---, 
[21.093s][info][gc,stats    ] Concurrent Evacuation              1101 us
[21.093s][info][gc,stats    ] Pause Init Update Refs (G)         1958 us
[21.093s][info][gc,stats    ] Pause Init Update Refs (N)           90 us
[21.093s][info][gc,stats    ]   Manage GCLABs                       5 us
[21.093s][info][gc,stats    ] Concurrent Update Refs             6561 us
[21.093s][info][gc,stats    ] Concurrent Update Thread Roots      572 us
[21.093s][info][gc,stats    ] Pause Final Update Refs (G)        8035 us
[21.093s][info][gc,stats    ] Pause Final Update Refs (N)         563 us
[21.093s][info][gc,stats    ]   Update Region States              454 us
[21.093s][info][gc,stats    ]   Trash Collection Set                5 us
[21.093s][info][gc,stats    ]   Rebuild Free Set                   16 us
[21.093s][info][gc,stats    ] Concurrent Cleanup                   91 us
[21.093s][info][gc,stats    ] Pacing                            10019 us
[21.093s][info][gc,stats    ] 
[21.093s][info][gc,stats    ] Allocation pacing accrued:
[21.093s][info][gc,stats    ]       1 of   123 ms (  0.9%): Thread-30
[21.093s][info][gc,stats    ]       1 of   123 ms (  0.8%): Thread-31
[21.093s][info][gc,stats    ]       2 of   123 ms (  1.8%): Thread-32
[21.093s][info][gc,stats    ]       3 of   123 ms (  2.6%): Thread-33
[21.093s][info][gc,stats    ]       1 of   123 ms (  1.2%): Thread-34
[21.093s][info][gc,stats    ]       1 of   123 ms (  0.9%): Thread-35
[21.093s][info][gc,stats    ]      10 of   123 ms (  8.2%): <total>
[21.093s][info][gc,stats    ]       1 of   123 ms (  0.4%): <average total>
[21.093s][info][gc,stats    ]       2 of   123 ms (  1.4%): <average non-zero>
[21.093s][info][gc,stats    ] 
[21.093s][info][gc,metaspace] Metaspace: 6245K(6400K)->6245K(6400K) NonClass: 5639K(5696K)->5639K(5696K) Class: 606K(704K)->606K(704K)
[21.093s][info][gc,ergo     ] Pacer for Idle. Initial: 20971K, Alloc Tax Rate: 1.0x
[21.374s][info][gc          ] Trigger: Average GC time (61.19 ms) is above the time for average allocation rate (2348 MB/s) to deplete free headroom (140M) (margin of error = 1.76)
[21.374s][info][gc,ergo     ] Free headroom: 191M (free) - 52428K (spike) - 0B (penalties) = 140M
[21.374s][info][gc,ergo     ] Free: 191M, Max: 512K regular, 191M humongous, Frag: 0% external, 0% internal; Reserve: 52736K, Max: 512K
[21.374s][info][gc,start    ] GC(58) Concurrent reset
[21.374s][info][gc,task     ] GC(58) Using 1 of 3 workers for concurrent reset
[21.374s][info][gc,ergo     ] GC(58) Pacer for Reset. Non-Taxable: 1024M
[21.374s][info][gc          ] GC(58) Concurrent reset 0.256ms
[21.374s][info][gc,start    ] GC(58) Pause Init Mark (unload classes)
[21.374s][info][gc,task     ] GC(58) Using 3 of 3 workers for init marking
[21.374s][info][gc,ergo     ] GC(58) Pacer for Mark. Expected Live: 13586K, Free: 190M, Non-Taxable: 19511K, Alloc Tax Rate: 0.1x
[21.374s][info][gc          ] GC(58) Pause Init Mark (unload classes) 0.130ms
[21.380s][info][gc,start    ] GC(58) Concurrent marking roots
[21.380s][info][gc,task     ] GC(58) Using 1 of 3 workers for concurrent marking roots
[21.381s][info][gc          ] GC(58) Concurrent marking roots 0.578ms
[21.381s][info][gc,start    ] GC(58) Concurrent marking (unload classes)
[21.381s][info][gc,task     ] GC(58) Using 1 of 3 workers for concurrent marking
[21.390s][info][gc          ] GC(58) Concurrent marking (unload classes) 8.963ms
[21.390s][info][gc,start    ] GC(58) Pause Final Mark (unload classes)
[21.390s][info][gc,task     ] GC(58) Using 3 of 3 workers for final marking
[21.390s][info][gc,ergo     ] GC(58) Collectable Garbage: 699M (91%), Immediate: 699M (91%), CSet: 0B (0%)
[21.390s][info][gc          ] GC(58) Pause Final Mark (unload classes) 0.180ms
[21.400s][info][gc,start    ] GC(58) Concurrent weak references
[21.400s][info][gc,task     ] GC(58) Using 1 of 3 workers for concurrent weak references
[21.400s][info][gc,ref      ] GC(58) Encountered references: Soft: 132, Weak: 434, Final: 9, Phantom: 21
[21.400s][info][gc,ref      ] GC(58) Discovered  references: Soft: 0, Weak: 234, Final: 7, Phantom: 14
[21.400s][info][gc,ref      ] GC(58) Enqueued    references: Soft: 0, Weak: 0, Final: 0, Phantom: 0
[21.400s][info][gc          ] GC(58) Concurrent weak references 0.119ms
[21.400s][info][gc,start    ] GC(58) Concurrent weak roots
[21.400s][info][gc,task     ] GC(58) Using 1 of 3 workers for concurrent weak root
[21.404s][info][gc          ] GC(58) Concurrent weak roots 3.943ms
[21.404s][info][gc,start    ] GC(58) Concurrent cleanup
[21.404s][info][gc          ] GC(58) Concurrent cleanup 841M->142M(1024M) 0.100ms
[21.404s][info][gc,ergo     ] GC(58) Free: 829M, Max: 512K regular, 252M humongous, Frag: 70% external, 0% internal; Reserve: 52736K, Max: 512K
[21.404s][info][gc,start    ] GC(58) Concurrent class unloading
[21.404s][info][gc,task     ] GC(58) Using 1 of 3 workers for concurrent class unloading
[21.408s][info][gc          ] GC(58) Concurrent class unloading 3.878ms
[21.408s][info][gc,start    ] GC(58) Pause Final Roots
[21.408s][info][gc          ] GC(58) Pause Final Roots 0.041ms
[21.418s][info][gc,ergo     ] Free: 799M, Max: 512K regular, 225M humongous, Frag: 72% external, 0% internal; Reserve: 52736K, Max: 512K
[21.418s][info][gc,stats    ] 
[21.418s][info][gc,stats    ] All times are wall-clock times, except per-root-class counters, that are sum over
[21.418s][info][gc,stats    ] all workers. Dividing the <total> over the root stage time estimates parallelism.
[21.418s][info][gc,stats    ] 
[21.418s][info][gc,stats    ] Concurrent Reset                    270 us
[21.418s][info][gc,stats    ] Pause Init Mark (G)                6079 us
[21.418s][info][gc,stats    ] Pause Init Mark (N)                 140 us
[21.418s][info][gc,stats    ]   Update Region States               44 us
[21.418s][info][gc,stats    ] Concurrent Mark Roots               590 us, parallelism: 0.85x
[21.418s][info][gc,stats    ]   CMR: <total>                      502 us
[21.418s][info][gc,stats    ]   CMR: Thread Roots                 451 us, workers (us): 451, ---, ---, 
[21.418s][info][gc,stats    ]   CMR: VM Strong Roots                6 us, workers (us):   6, ---, ---, 
[21.418s][info][gc,stats    ]   CMR: CLDG Roots                    46 us, workers (us):  46, ---, ---, 
[21.418s][info][gc,stats    ] Concurrent Marking                 9015 us
[21.418s][info][gc,stats    ] Pause Final Mark (G)               9971 us
[21.418s][info][gc,stats    ] Pause Final Mark (N)                190 us
[21.418s][info][gc,stats    ]   Finish Mark                        40 us
[21.418s][info][gc,stats    ]   Update Region States               35 us
[21.418s][info][gc,stats    ]   Choose Collection Set              45 us
[21.418s][info][gc,stats    ]   Rebuild Free Set                    9 us
[21.418s][info][gc,stats    ] Concurrent Weak References          128 us, parallelism: 0.08x
[21.418s][info][gc,stats    ]   CWRF: <total>                      10 us
[21.418s][info][gc,stats    ]   CWRF: Weak References              10 us, workers (us):  10, ---, ---, 
[21.418s][info][gc,stats    ] Concurrent Weak Roots              3968 us
[21.418s][info][gc,stats    ]   Roots                             482 us, parallelism: 0.95x
[21.418s][info][gc,stats    ]     CWR: <total>                    460 us
[21.418s][info][gc,stats    ]     CWR: Code Cache Roots           393 us, workers (us): 393, ---, ---, 
[21.418s][info][gc,stats    ]     CWR: VM Weak Roots               65 us, workers (us):  65, ---, ---, 
[21.418s][info][gc,stats    ]     CWR: CLDG Roots                   2 us, workers (us):   2, ---, ---, 
[21.418s][info][gc,stats    ]   Rendezvous                       3445 us
[21.418s][info][gc,stats    ] Concurrent Cleanup                  110 us
[21.418s][info][gc,stats    ] Concurrent Class Unloading         3920 us
[21.418s][info][gc,stats    ]   Unlink Stale                     1590 us
[21.418s][info][gc,stats    ]     System Dictionary                 2 us
[21.418s][info][gc,stats    ]     Weak Class Links                  0 us
[21.418s][info][gc,stats    ]     Code Roots                     1587 us
[21.418s][info][gc,stats    ]   Rendezvous                       2173 us
[21.418s][info][gc,stats    ]   Purge Unlinked                     95 us
[21.418s][info][gc,stats    ]     Code Roots                       91 us
[21.418s][info][gc,stats    ]     CLDG                              4 us
[21.418s][info][gc,stats    ]     Exception Caches                  0 us
[21.418s][info][gc,stats    ] Pause Final Roots (G)              9964 us
[21.418s][info][gc,stats    ] Pause Final Roots (N)                50 us
[21.418s][info][gc,stats    ] Pacing                            26444 us
[21.418s][info][gc,stats    ] 
[21.418s][info][gc,stats    ] Allocation pacing accrued:
[21.418s][info][gc,stats    ]       4 of   325 ms (  1.1%): Thread-30
[21.418s][info][gc,stats    ]       8 of   325 ms (  2.4%): Thread-31
[21.418s][info][gc,stats    ]       4 of   325 ms (  1.2%): Thread-32
[21.418s][info][gc,stats    ]       3 of   325 ms (  1.0%): Thread-33
[21.418s][info][gc,stats    ]       5 of   325 ms (  1.4%): Thread-34
[21.418s][info][gc,stats    ]       3 of   325 ms (  1.0%): Thread-35
[21.418s][info][gc,stats    ]      26 of   325 ms (  8.1%): <total>
[21.418s][info][gc,stats    ]       1 of   325 ms (  0.4%): <average total>
[21.418s][info][gc,stats    ]       4 of   325 ms (  1.4%): <average non-zero>
[21.418s][info][gc,stats    ] 
[21.418s][info][gc,metaspace] Metaspace: 6245K(6400K)->6245K(6400K) NonClass: 5639K(5696K)->5639K(5696K) Class: 606K(704K)->606K(704K)
[21.418s][info][gc,ergo     ] Pacer for Idle. Initial: 20971K, Alloc Tax Rate: 1.0x
[21.737s][info][gc          ] Trigger: Average GC time (57.92 ms) is above the time for average allocation rate (2129 MB/s) to deplete free headroom (98103K) (margin of error = 1.78)
[21.737s][info][gc,ergo     ] Free headroom: 147M (free) - 52428K (spike) - 0B (penalties) = 98103K
[21.737s][info][gc,ergo     ] Free: 147M, Max: 512K regular, 130M humongous, Frag: 12% external, 0% internal; Reserve: 52736K, Max: 512K
[21.738s][info][gc,start    ] GC(59) Concurrent reset
[21.738s][info][gc,task     ] GC(59) Using 1 of 3 workers for concurrent reset
[21.738s][info][gc,ergo     ] GC(59) Pacer for Reset. Non-Taxable: 1024M
[21.738s][info][gc          ] GC(59) Concurrent reset 0.377ms
[21.738s][info][gc,start    ] GC(59) Pause Init Mark (unload classes)
[21.738s][info][gc,task     ] GC(59) Using 3 of 3 workers for init marking
[21.738s][info][gc,ergo     ] GC(59) Pacer for Mark. Expected Live: 14135K, Free: 146M, Non-Taxable: 15002K, Alloc Tax Rate: 0.1x
[21.738s][info][gc          ] GC(59) Pause Init Mark (unload classes) 0.117ms
[21.746s][info][gc,start    ] GC(59) Concurrent marking roots
[21.746s][info][gc,task     ] GC(59) Using 1 of 3 workers for concurrent marking roots
[21.747s][info][gc          ] GC(59) Concurrent marking roots 0.596ms
[21.747s][info][gc,start    ] GC(59) Concurrent marking (unload classes)
[21.747s][info][gc,task     ] GC(59) Using 1 of 3 workers for concurrent marking
[21.763s][info][gc          ] GC(59) Concurrent marking (unload classes) 16.466ms
[21.763s][info][gc,start    ] GC(59) Pause Final Mark (unload classes)
[21.763s][info][gc,task     ] GC(59) Using 3 of 3 workers for final marking
[21.763s][info][gc,ergo     ] GC(59) Adaptive CSet Selection. Target Free: 145M, Actual Free: 834M, Max CSet: 43690K, Min Garbage: 0B
[21.763s][info][gc,ergo     ] GC(59) Collectable Garbage: 810M (99%), Immediate: 675M (83%), CSet: 135M (16%)
[21.763s][info][gc,ergo     ] GC(59) Pacer for Evacuation. Used CSet: 137M, Free: 782M, Non-Taxable: 80128K, Alloc Tax Rate: 1.1x
[21.763s][info][gc          ] GC(59) Pause Final Mark (unload classes) 0.264ms
[21.763s][info][gc,start    ] GC(59) Concurrent thread roots
[21.764s][info][gc,task     ] GC(59) Using 1 of 3 workers for Concurrent thread roots
[21.764s][info][gc          ] GC(59) Concurrent thread roots 0.496ms
[21.764s][info][gc,start    ] GC(59) Concurrent weak references
[21.764s][info][gc,task     ] GC(59) Using 1 of 3 workers for concurrent weak references
[21.764s][info][gc,ref      ] GC(59) Encountered references: Soft: 132, Weak: 434, Final: 9, Phantom: 21
[21.764s][info][gc,ref      ] GC(59) Discovered  references: Soft: 0, Weak: 234, Final: 7, Phantom: 14
[21.764s][info][gc,ref      ] GC(59) Enqueued    references: Soft: 0, Weak: 0, Final: 0, Phantom: 0
[21.764s][info][gc          ] GC(59) Concurrent weak references 0.064ms
[21.764s][info][gc,start    ] GC(59) Concurrent weak roots
[21.764s][info][gc,task     ] GC(59) Using 1 of 3 workers for concurrent weak root
[21.769s][info][gc          ] GC(59) Concurrent weak roots 4.977ms
[21.769s][info][gc,start    ] GC(59) Concurrent cleanup
[21.769s][info][gc          ] GC(59) Concurrent cleanup 875M->199M(1024M) 0.100ms
[21.769s][info][gc,ergo     ] GC(59) Free: 772M, Max: 512K regular, 252M humongous, Frag: 68% external, 0% internal; Reserve: 52420K, Max: 512K
[21.769s][info][gc,start    ] GC(59) Concurrent class unloading
[21.769s][info][gc,task     ] GC(59) Using 1 of 3 workers for concurrent class unloading
[21.781s][info][gc          ] GC(59) Concurrent class unloading 11.951ms
[21.781s][info][gc,start    ] GC(59) Concurrent strong roots
[21.781s][info][gc,task     ] GC(59) Using 1 of 3 workers for concurrent strong root
[21.781s][info][gc          ] GC(59) Concurrent strong roots 0.085ms
[21.781s][info][gc,start    ] GC(59) Concurrent evacuation
[21.781s][info][gc,task     ] GC(59) Using 1 of 3 workers for concurrent evacuation
[21.784s][info][gc          ] GC(59) Concurrent evacuation 2.198ms
[21.784s][info][gc,start    ] GC(59) Pause Init Update Refs
[21.784s][info][gc,ergo     ] GC(59) Pacer for Update Refs. Used: 230M, Free: 743M, Non-Taxable: 76134K, Alloc Tax Rate: 1.1x
[21.784s][info][gc          ] GC(59) Pause Init Update Refs 0.059ms
[21.785s][info][gc,start    ] GC(59) Concurrent update references
[21.785s][info][gc,task     ] GC(59) Using 1 of 3 workers for concurrent reference update
[21.794s][info][gc          ] GC(59) Concurrent update references 8.803ms
[21.794s][info][gc,start    ] GC(59) Concurrent update thread roots
[21.794s][info][gc          ] GC(59) Concurrent update thread roots 0.598ms
[21.794s][info][gc,start    ] GC(59) Pause Final Update Refs
[21.794s][info][gc,task     ] GC(59) Using 3 of 3 workers for final reference update
[21.794s][info][gc          ] GC(59) Pause Final Update Refs 0.113ms
[21.800s][info][gc,start    ] GC(59) Concurrent cleanup
[21.800s][info][gc          ] GC(59) Concurrent cleanup 264M->127M(1024M) 0.041ms
[21.800s][info][gc,ergo     ] Free: 844M, Max: 512K regular, 448M humongous, Frag: 47% external, 0% internal; Reserve: 52736K, Max: 512K
[21.800s][info][gc,stats    ] 
[21.800s][info][gc,stats    ] All times are wall-clock times, except per-root-class counters, that are sum over
[21.800s][info][gc,stats    ] all workers. Dividing the <total> over the root stage time estimates parallelism.
[21.800s][info][gc,stats    ] 
[21.800s][info][gc,stats    ] Concurrent Reset                    398 us
[21.800s][info][gc,stats    ] Pause Init Mark (G)                8006 us
[21.800s][info][gc,stats    ] Pause Init Mark (N)                 127 us
[21.800s][info][gc,stats    ]   Update Region States               30 us
[21.800s][info][gc,stats    ] Concurrent Mark Roots               616 us, parallelism: 0.80x
[21.800s][info][gc,stats    ]   CMR: <total>                      491 us
[21.800s][info][gc,stats    ]   CMR: Thread Roots                 440 us, workers (us): 440, ---, ---, 
[21.800s][info][gc,stats    ]   CMR: VM Strong Roots                5 us, workers (us):   5, ---, ---, 
[21.800s][info][gc,stats    ]   CMR: CLDG Roots                    46 us, workers (us):  46, ---, ---, 
[21.800s][info][gc,stats    ] Concurrent Marking                16534 us
[21.800s][info][gc,stats    ] Pause Final Mark (G)                416 us
[21.800s][info][gc,stats    ] Pause Final Mark (N)                273 us
[21.800s][info][gc,stats    ]   Finish Mark                        46 us
[21.800s][info][gc,stats    ]   Update Region States               45 us
[21.800s][info][gc,stats    ]   Choose Collection Set             100 us
[21.800s][info][gc,stats    ]   Rebuild Free Set                   10 us
[21.800s][info][gc,stats    ] Concurrent Thread Roots             507 us, parallelism: 0.90x
[21.800s][info][gc,stats    ]   CTR: <total>                      456 us
[21.800s][info][gc,stats    ]   CTR: Thread Roots                 456 us, workers (us): 456, ---, ---, 
[21.800s][info][gc,stats    ] Concurrent Weak References           71 us, parallelism: 0.20x
[21.800s][info][gc,stats    ]   CWRF: <total>                      14 us
[21.800s][info][gc,stats    ]   CWRF: Weak References              14 us, workers (us):  14, ---, ---, 
[21.800s][info][gc,stats    ] Concurrent Weak Roots              5018 us
[21.800s][info][gc,stats    ]   Roots                             526 us, parallelism: 0.96x
[21.800s][info][gc,stats    ]     CWR: <total>                    506 us
[21.800s][info][gc,stats    ]     CWR: Code Cache Roots           395 us, workers (us): 395, ---, ---, 
[21.800s][info][gc,stats    ]     CWR: VM Weak Roots              108 us, workers (us): 108, ---, ---, 
[21.800s][info][gc,stats    ]     CWR: CLDG Roots                   2 us, workers (us):   2, ---, ---, 
[21.800s][info][gc,stats    ]   Rendezvous                       4433 us
[21.800s][info][gc,stats    ] Concurrent Cleanup                  110 us
[21.800s][info][gc,stats    ] Concurrent Class Unloading        12000 us
[21.800s][info][gc,stats    ]   Unlink Stale                     1644 us
[21.800s][info][gc,stats    ]     System Dictionary                 3 us
[21.800s][info][gc,stats    ]     Weak Class Links                  0 us
[21.800s][info][gc,stats    ]     Code Roots                     1640 us
[21.800s][info][gc,stats    ]   Rendezvous                      10186 us
[21.800s][info][gc,stats    ]   Purge Unlinked                    102 us
[21.800s][info][gc,stats    ]     Code Roots                       97 us
[21.800s][info][gc,stats    ]     CLDG                              5 us
[21.800s][info][gc,stats    ]     Exception Caches                  0 us
[21.800s][info][gc,stats    ] Concurrent Strong Roots              95 us, parallelism: 0.54x
[21.800s][info][gc,stats    ]   CSR: <total>                       51 us
[21.800s][info][gc,stats    ]   CSR: VM Strong Roots                5 us, workers (us):   5, ---, ---, 
[21.800s][info][gc,stats    ]   CSR: CLDG Roots                    46 us, workers (us):  46, ---, ---, 
[21.800s][info][gc,stats    ] Concurrent Evacuation              2242 us
[21.800s][info][gc,stats    ] Pause Init Update Refs (G)         1261 us
[21.800s][info][gc,stats    ] Pause Init Update Refs (N)           67 us
[21.800s][info][gc,stats    ]   Manage GCLABs                       3 us
[21.800s][info][gc,stats    ] Concurrent Update Refs             8859 us
[21.800s][info][gc,stats    ] Concurrent Update Thread Roots      619 us
[21.801s][info][gc,stats    ] Pause Final Update Refs (G)        5645 us
[21.801s][info][gc,stats    ] Pause Final Update Refs (N)         133 us
[21.801s][info][gc,stats    ]   Update Region States               54 us
[21.801s][info][gc,stats    ]   Trash Collection Set                5 us
[21.801s][info][gc,stats    ]   Rebuild Free Set                   10 us
[21.801s][info][gc,stats    ] Concurrent Cleanup                   51 us
[21.801s][info][gc,stats    ] Pacing                            41504 us
[21.801s][info][gc,stats    ] 
[21.801s][info][gc,stats    ] Allocation pacing accrued:
[21.801s][info][gc,stats    ]       6 of   382 ms (  1.7%): Thread-30
[21.801s][info][gc,stats    ]       7 of   382 ms (  1.8%): Thread-31
[21.801s][info][gc,stats    ]       7 of   382 ms (  1.7%): Thread-32
[21.801s][info][gc,stats    ]       6 of   382 ms (  1.7%): Thread-33
[21.801s][info][gc,stats    ]       8 of   382 ms (  2.0%): Thread-34
[21.801s][info][gc,stats    ]       8 of   382 ms (  2.1%): Thread-35
[21.801s][info][gc,stats    ]      42 of   382 ms ( 10.9%): <total>
[21.801s][info][gc,stats    ]       2 of   382 ms (  0.5%): <average total>
[21.801s][info][gc,stats    ]       7 of   382 ms (  1.8%): <average non-zero>
[21.801s][info][gc,stats    ] 
[21.801s][info][gc,metaspace] Metaspace: 6245K(6400K)->6245K(6400K) NonClass: 5639K(5696K)->5639K(5696K) Class: 606K(704K)->606K(704K)
[21.801s][info][gc,ergo     ] Pacer for Idle. Initial: 20971K, Alloc Tax Rate: 1.0x
[22.037s][info][gc          ] Trigger: Average GC time (74.07 ms) is above the time for average allocation rate (2442 MB/s) to deplete free headroom (161M) (margin of error = 1.80)
[22.037s][info][gc,ergo     ] Free headroom: 212M (free) - 52428K (spike) - 0B (penalties) = 161M
[22.037s][info][gc,ergo     ] Free: 212M, Max: 512K regular, 97792K humongous, Frag: 56% external, 0% internal; Reserve: 52736K, Max: 512K
[22.037s][info][gc,start    ] GC(60) Concurrent reset
[22.037s][info][gc,task     ] GC(60) Using 1 of 3 workers for concurrent reset
[22.037s][info][gc,ergo     ] GC(60) Pacer for Reset. Non-Taxable: 1024M
[22.038s][info][gc          ] GC(60) Concurrent reset 0.633ms
[22.038s][info][gc,start    ] GC(60) Pause Init Mark (unload classes)
[22.038s][info][gc,task     ] GC(60) Using 3 of 3 workers for init marking
[22.038s][info][gc,ergo     ] GC(60) Pacer for Mark. Expected Live: 14165K, Free: 210M, Non-Taxable: 21555K, Alloc Tax Rate: 0.1x
[22.038s][info][gc          ] GC(60) Pause Init Mark (unload classes) 0.141ms
[22.039s][info][gc,start    ] GC(60) Concurrent marking roots
[22.039s][info][gc,task     ] GC(60) Using 1 of 3 workers for concurrent marking roots
[22.040s][info][gc          ] GC(60) Concurrent marking roots 0.571ms
[22.040s][info][gc,start    ] GC(60) Concurrent marking (unload classes)
[22.040s][info][gc,task     ] GC(60) Using 1 of 3 workers for concurrent marking
[22.053s][info][gc          ] GC(60) Concurrent marking (unload classes) 13.123ms
[22.053s][info][gc,start    ] GC(60) Pause Final Mark (unload classes)
[22.053s][info][gc,task     ] GC(60) Using 3 of 3 workers for final marking
[22.053s][info][gc,ergo     ] GC(60) Collectable Garbage: 708M (94%), Immediate: 708M (94%), CSet: 0B (0%)
[22.053s][info][gc          ] GC(60) Pause Final Mark (unload classes) 0.206ms
[22.053s][info][gc,start    ] GC(60) Concurrent weak references
[22.053s][info][gc,task     ] GC(60) Using 1 of 3 workers for concurrent weak references
[22.053s][info][gc,ref      ] GC(60) Encountered references: Soft: 132, Weak: 434, Final: 9, Phantom: 21
[22.053s][info][gc,ref      ] GC(60) Discovered  references: Soft: 0, Weak: 234, Final: 7, Phantom: 14
[22.053s][info][gc,ref      ] GC(60) Enqueued    references: Soft: 0, Weak: 0, Final: 0, Phantom: 0
[22.053s][info][gc          ] GC(60) Concurrent weak references 0.083ms
[22.053s][info][gc,start    ] GC(60) Concurrent weak roots
[22.053s][info][gc,task     ] GC(60) Using 1 of 3 workers for concurrent weak root
[22.056s][info][gc          ] GC(60) Concurrent weak roots 2.952ms
[22.056s][info][gc,start    ] GC(60) Concurrent cleanup
[22.056s][info][gc          ] GC(60) Concurrent cleanup 803M->95M(1024M) 0.106ms
[22.056s][info][gc,ergo     ] GC(60) Free: 876M, Max: 512K regular, 358M humongous, Frag: 60% external, 0% internal; Reserve: 52736K, Max: 512K
[22.056s][info][gc,start    ] GC(60) Concurrent class unloading
[22.057s][info][gc,task     ] GC(60) Using 1 of 3 workers for concurrent class unloading
[22.069s][info][gc          ] GC(60) Concurrent class unloading 12.663ms
[22.069s][info][gc,start    ] GC(60) Pause Final Roots
[22.069s][info][gc          ] GC(60) Pause Final Roots 0.044ms
[22.074s][info][gc,ergo     ] Free: 836M, Max: 512K regular, 358M humongous, Frag: 58% external, 0% internal; Reserve: 52736K, Max: 512K
[22.075s][info][gc,stats    ] 
[22.075s][info][gc,stats    ] All times are wall-clock times, except per-root-class counters, that are sum over
[22.075s][info][gc,stats    ] all workers. Dividing the <total> over the root stage time estimates parallelism.
[22.075s][info][gc,stats    ] 
[22.075s][info][gc,stats    ] Concurrent Reset                    667 us
[22.075s][info][gc,stats    ] Pause Init Mark (G)                1018 us
[22.075s][info][gc,stats    ] Pause Init Mark (N)                 151 us
[22.075s][info][gc,stats    ]   Update Region States               42 us
[22.075s][info][gc,stats    ] Concurrent Mark Roots               582 us, parallelism: 0.86x
[22.075s][info][gc,stats    ]   CMR: <total>                      501 us
[22.075s][info][gc,stats    ]   CMR: Thread Roots                 439 us, workers (us): 439, ---, ---, 
[22.075s][info][gc,stats    ]   CMR: VM Strong Roots                6 us, workers (us):   6, ---, ---, 
[22.075s][info][gc,stats    ]   CMR: CLDG Roots                    56 us, workers (us):  56, ---, ---, 
[22.075s][info][gc,stats    ] Concurrent Marking                13188 us
[22.075s][info][gc,stats    ] Pause Final Mark (G)                449 us
[22.075s][info][gc,stats    ] Pause Final Mark (N)                217 us
[22.075s][info][gc,stats    ]   Finish Mark                        46 us
[22.075s][info][gc,stats    ]   Update Region States               48 us
[22.075s][info][gc,stats    ]   Choose Collection Set              52 us
[22.075s][info][gc,stats    ]   Rebuild Free Set                    9 us
[22.075s][info][gc,stats    ] Concurrent Weak References           91 us, parallelism: 0.10x
[22.075s][info][gc,stats    ]   CWRF: <total>                       9 us
[22.075s][info][gc,stats    ]   CWRF: Weak References               9 us, workers (us):   9, ---, ---, 
[22.075s][info][gc,stats    ] Concurrent Weak Roots              2973 us
[22.075s][info][gc,stats    ]   Roots                             466 us, parallelism: 0.96x
[22.075s][info][gc,stats    ]     CWR: <total>                    445 us
[22.075s][info][gc,stats    ]     CWR: Code Cache Roots           377 us, workers (us): 377, ---, ---, 
[22.075s][info][gc,stats    ]     CWR: VM Weak Roots               65 us, workers (us):  65, ---, ---, 
[22.075s][info][gc,stats    ]     CWR: CLDG Roots                   2 us, workers (us):   2, ---, ---, 
[22.075s][info][gc,stats    ]   Rendezvous                       2470 us
[22.075s][info][gc,stats    ] Concurrent Cleanup                  115 us
[22.075s][info][gc,stats    ] Concurrent Class Unloading        12718 us
[22.075s][info][gc,stats    ]   Unlink Stale                     1623 us
[22.075s][info][gc,stats    ]     System Dictionary                 2 us
[22.075s][info][gc,stats    ]     Weak Class Links                  0 us
[22.075s][info][gc,stats    ]     Code Roots                     1619 us
[22.075s][info][gc,stats    ]   Rendezvous                      10841 us
[22.075s][info][gc,stats    ]   Purge Unlinked                    172 us
[22.075s][info][gc,stats    ]     Code Roots                      164 us
[22.075s][info][gc,stats    ]     CLDG                              7 us
[22.075s][info][gc,stats    ]     Exception Caches                  0 us
[22.075s][info][gc,stats    ] Pause Final Roots (G)              5149 us
[22.075s][info][gc,stats    ] Pause Final Roots (N)                54 us
[22.075s][info][gc,stats    ] Pacing                            43068 us
[22.075s][info][gc,stats    ] 
[22.075s][info][gc,stats    ] Allocation pacing accrued:
[22.075s][info][gc,stats    ]       7 of   274 ms (  2.5%): Thread-30
[22.075s][info][gc,stats    ]       9 of   274 ms (  3.2%): Thread-31
[22.075s][info][gc,stats    ]       7 of   274 ms (  2.5%): Thread-32
[22.075s][info][gc,stats    ]       7 of   274 ms (  2.4%): Thread-33
[22.075s][info][gc,stats    ]       7 of   274 ms (  2.6%): Thread-34
[22.075s][info][gc,stats    ]       7 of   274 ms (  2.5%): Thread-35
[22.075s][info][gc,stats    ]      43 of   274 ms ( 15.7%): <total>
[22.075s][info][gc,stats    ]       2 of   274 ms (  0.8%): <average total>
[22.075s][info][gc,stats    ]       7 of   274 ms (  2.6%): <average non-zero>
[22.075s][info][gc,stats    ] 
[22.075s][info][gc,metaspace] Metaspace: 6245K(6400K)->6245K(6400K) NonClass: 5639K(5696K)->5639K(5696K) Class: 606K(704K)->606K(704K)
[22.075s][info][gc,ergo     ] Pacer for Idle. Initial: 20971K, Alloc Tax Rate: 1.0x
[22.385s][info][gc          ] Trigger: Average GC time (65.29 ms) is above the time for average allocation rate (2157 MB/s) to deplete free headroom (115M) (margin of error = 1.81)
[22.385s][info][gc,ergo     ] Free headroom: 166M (free) - 52428K (spike) - 0B (penalties) = 115M
[22.385s][info][gc,ergo     ] Free: 166M, Max: 512K regular, 166M humongous, Frag: 0% external, 0% internal; Reserve: 52736K, Max: 512K
[22.385s][info][gc,start    ] GC(61) Concurrent reset
[22.385s][info][gc,task     ] GC(61) Using 1 of 3 workers for concurrent reset
[22.385s][info][gc,ergo     ] GC(61) Pacer for Reset. Non-Taxable: 1024M
[22.385s][info][gc          ] GC(61) Concurrent reset 0.262ms
[22.385s][info][gc,start    ] GC(61) Pause Init Mark (unload classes)
[22.385s][info][gc,task     ] GC(61) Using 3 of 3 workers for init marking
[22.385s][info][gc,ergo     ] GC(61) Pacer for Mark. Expected Live: 14199K, Free: 166M, Non-Taxable: 16998K, Alloc Tax Rate: 0.1x
[22.385s][info][gc          ] GC(61) Pause Init Mark (unload classes) 0.124ms
[22.393s][info][gc,start    ] GC(61) Concurrent marking roots
[22.393s][info][gc,task     ] GC(61) Using 1 of 3 workers for concurrent marking roots
[22.394s][info][gc          ] GC(61) Concurrent marking roots 0.639ms
[22.394s][info][gc,start    ] GC(61) Concurrent marking (unload classes)
[22.394s][info][gc,task     ] GC(61) Using 1 of 3 workers for concurrent marking
[22.406s][info][gc          ] GC(61) Concurrent marking (unload classes) 12.574ms
[22.406s][info][gc,start    ] GC(61) Pause Final Mark (unload classes)
[22.406s][info][gc,task     ] GC(61) Using 3 of 3 workers for final marking
[22.407s][info][gc,ergo     ] GC(61) Adaptive CSet Selection. Target Free: 145M, Actual Free: 816M, Max CSet: 43690K, Min Garbage: 0B
[22.407s][info][gc,ergo     ] GC(61) Collectable Garbage: 791M (99%), Immediate: 630M (79%), CSet: 161M (20%)
[22.407s][info][gc,ergo     ] GC(61) Pacer for Evacuation. Used CSet: 163M, Free: 765M, Non-Taxable: 78336K, Alloc Tax Rate: 1.1x
[22.407s][info][gc          ] GC(61) Pause Final Mark (unload classes) 0.249ms
[22.407s][info][gc,start    ] GC(61) Concurrent thread roots
[22.407s][info][gc,task     ] GC(61) Using 1 of 3 workers for Concurrent thread roots
[22.407s][info][gc          ] GC(61) Concurrent thread roots 0.515ms
[22.407s][info][gc,start    ] GC(61) Concurrent weak references
[22.407s][info][gc,task     ] GC(61) Using 1 of 3 workers for concurrent weak references
[22.407s][info][gc,ref      ] GC(61) Encountered references: Soft: 132, Weak: 434, Final: 9, Phantom: 21
[22.407s][info][gc,ref      ] GC(61) Discovered  references: Soft: 0, Weak: 234, Final: 7, Phantom: 14
[22.407s][info][gc,ref      ] GC(61) Enqueued    references: Soft: 0, Weak: 0, Final: 0, Phantom: 0
[22.407s][info][gc          ] GC(61) Concurrent weak references 0.083ms
[22.407s][info][gc,start    ] GC(61) Concurrent weak roots
[22.407s][info][gc,task     ] GC(61) Using 1 of 3 workers for concurrent weak root
[22.416s][info][gc          ] GC(61) Concurrent weak roots 8.857ms
[22.416s][info][gc,start    ] GC(61) Concurrent cleanup
[22.416s][info][gc          ] GC(61) Concurrent cleanup 854M->224M(1024M) 0.107ms
[22.416s][info][gc,ergo     ] GC(61) Free: 747M, Max: 512K regular, 252M humongous, Frag: 67% external, 0% internal; Reserve: 51772K, Max: 512K
[22.416s][info][gc,start    ] GC(61) Concurrent class unloading
[22.416s][info][gc,task     ] GC(61) Using 1 of 3 workers for concurrent class unloading
[22.418s][info][gc          ] GC(61) Concurrent class unloading 1.835ms
[22.418s][info][gc,start    ] GC(61) Concurrent strong roots
[22.418s][info][gc,task     ] GC(61) Using 1 of 3 workers for concurrent strong root
[22.418s][info][gc          ] GC(61) Concurrent strong roots 0.084ms
[22.418s][info][gc,start    ] GC(61) Concurrent evacuation
[22.418s][info][gc,task     ] GC(61) Using 1 of 3 workers for concurrent evacuation
[22.420s][info][gc          ] GC(61) Concurrent evacuation 2.122ms
[22.421s][info][gc,start    ] GC(61) Pause Init Update Refs
[22.421s][info][gc,ergo     ] GC(61) Pacer for Update Refs. Used: 233M, Free: 740M, Non-Taxable: 75827K, Alloc Tax Rate: 1.1x
[22.421s][info][gc          ] GC(61) Pause Init Update Refs 0.031ms
[22.429s][info][gc,start    ] GC(61) Concurrent update references
[22.429s][info][gc,task     ] GC(61) Using 1 of 3 workers for concurrent reference update
[22.436s][info][gc          ] GC(61) Concurrent update references 7.210ms
[22.436s][info][gc,start    ] GC(61) Concurrent update thread roots
[22.437s][info][gc          ] GC(61) Concurrent update thread roots 0.779ms
[22.437s][info][gc,start    ] GC(61) Pause Final Update Refs
[22.437s][info][gc,task     ] GC(61) Using 3 of 3 workers for final reference update
[22.437s][info][gc          ] GC(61) Pause Final Update Refs 0.113ms
[22.447s][info][gc,start    ] GC(61) Concurrent cleanup
[22.447s][info][gc          ] GC(61) Concurrent cleanup 271M->108M(1024M) 0.054ms
[22.447s][info][gc,ergo     ] Free: 863M, Max: 512K regular, 513M humongous, Frag: 41% external, 0% internal; Reserve: 52736K, Max: 512K
[22.447s][info][gc,stats    ] 
[22.447s][info][gc,stats    ] All times are wall-clock times, except per-root-class counters, that are sum over
[22.447s][info][gc,stats    ] all workers. Dividing the <total> over the root stage time estimates parallelism.
[22.447s][info][gc,stats    ] 
[22.447s][info][gc,stats    ] Concurrent Reset                    290 us
[22.447s][info][gc,stats    ] Pause Init Mark (G)                7884 us
[22.447s][info][gc,stats    ] Pause Init Mark (N)                 134 us
[22.447s][info][gc,stats    ]   Update Region States               37 us
[22.447s][info][gc,stats    ] Concurrent Mark Roots               667 us, parallelism: 0.80x
[22.447s][info][gc,stats    ]   CMR: <total>                      536 us
[22.447s][info][gc,stats    ]   CMR: Thread Roots                 472 us, workers (us): 472, ---, ---, 
[22.447s][info][gc,stats    ]   CMR: VM Strong Roots                5 us, workers (us):   5, ---, ---, 
[22.447s][info][gc,stats    ]   CMR: CLDG Roots                    58 us, workers (us):  58, ---, ---, 
[22.447s][info][gc,stats    ] Concurrent Marking                12637 us
[22.447s][info][gc,stats    ] Pause Final Mark (G)                404 us
[22.447s][info][gc,stats    ] Pause Final Mark (N)                259 us
[22.447s][info][gc,stats    ]   Finish Mark                        45 us
[22.447s][info][gc,stats    ]   Update Region States               41 us
[22.447s][info][gc,stats    ]   Choose Collection Set             100 us
[22.447s][info][gc,stats    ]   Rebuild Free Set                    9 us
[22.447s][info][gc,stats    ] Concurrent Thread Roots             532 us, parallelism: 0.88x
[22.447s][info][gc,stats    ]   CTR: <total>                      467 us
[22.447s][info][gc,stats    ]   CTR: Thread Roots                 467 us, workers (us): 467, ---, ---, 
[22.447s][info][gc,stats    ] Concurrent Weak References           91 us, parallelism: 0.18x
[22.447s][info][gc,stats    ]   CWRF: <total>                      16 us
[22.447s][info][gc,stats    ]   CWRF: Weak References              16 us, workers (us):  16, ---, ---, 
[22.447s][info][gc,stats    ] Concurrent Weak Roots              8911 us
[22.447s][info][gc,stats    ]   Roots                             503 us, parallelism: 0.95x
[22.447s][info][gc,stats    ]     CWR: <total>                    478 us
[22.447s][info][gc,stats    ]     CWR: Code Cache Roots           369 us, workers (us): 369, ---, ---, 
[22.447s][info][gc,stats    ]     CWR: VM Weak Roots              108 us, workers (us): 108, ---, ---, 
[22.447s][info][gc,stats    ]     CWR: CLDG Roots                   2 us, workers (us):   2, ---, ---, 
[22.447s][info][gc,stats    ]   Rendezvous                       8333 us
[22.447s][info][gc,stats    ] Concurrent Cleanup                  122 us
[22.447s][info][gc,stats    ] Concurrent Class Unloading         1870 us
[22.447s][info][gc,stats    ]   Unlink Stale                     1676 us
[22.447s][info][gc,stats    ]     System Dictionary                 3 us
[22.447s][info][gc,stats    ]     Weak Class Links                  0 us
[22.447s][info][gc,stats    ]     Code Roots                     1671 us
[22.447s][info][gc,stats    ]   Rendezvous                         82 us
[22.447s][info][gc,stats    ]   Purge Unlinked                     59 us
[22.447s][info][gc,stats    ]     Code Roots                       54 us
[22.447s][info][gc,stats    ]     CLDG                              4 us
[22.447s][info][gc,stats    ]     Exception Caches                  0 us
[22.447s][info][gc,stats    ] Concurrent Strong Roots              92 us, parallelism: 0.55x
[22.447s][info][gc,stats    ]   CSR: <total>                       51 us
[22.447s][info][gc,stats    ]   CSR: VM Strong Roots                4 us, workers (us):   4, ---, ---, 
[22.447s][info][gc,stats    ]   CSR: CLDG Roots                    47 us, workers (us):  47, ---, ---, 
[22.447s][info][gc,stats    ] Concurrent Evacuation              2168 us
[22.447s][info][gc,stats    ] Pause Init Update Refs (G)         8179 us
[22.447s][info][gc,stats    ] Pause Init Update Refs (N)           40 us
[22.447s][info][gc,stats    ]   Manage GCLABs                       4 us
[22.447s][info][gc,stats    ] Concurrent Update Refs             7275 us
[22.447s][info][gc,stats    ] Concurrent Update Thread Roots      799 us
[22.447s][info][gc,stats    ] Pause Final Update Refs (G)        9984 us
[22.447s][info][gc,stats    ] Pause Final Update Refs (N)         148 us
[22.447s][info][gc,stats    ]   Update Region States               53 us
[22.447s][info][gc,stats    ]   Trash Collection Set                5 us
[22.447s][info][gc,stats    ]   Rebuild Free Set                    9 us
[22.447s][info][gc,stats    ] Concurrent Cleanup                   64 us
[22.447s][info][gc,stats    ] Pacing                            43380 us
[22.447s][info][gc,stats    ] 
[22.447s][info][gc,stats    ] Allocation pacing accrued:
[22.447s][info][gc,stats    ]       7 of   372 ms (  1.9%): Thread-30
[22.447s][info][gc,stats    ]       8 of   372 ms (  2.2%): Thread-31
[22.447s][info][gc,stats    ]       7 of   372 ms (  1.9%): Thread-32
[22.447s][info][gc,stats    ]       6 of   372 ms (  1.7%): Thread-33
[22.447s][info][gc,stats    ]       8 of   372 ms (  2.1%): Thread-34
[22.447s][info][gc,stats    ]       7 of   372 ms (  1.8%): Thread-35
[22.447s][info][gc,stats    ]      43 of   372 ms ( 11.6%): <total>
[22.447s][info][gc,stats    ]       2 of   372 ms (  0.6%): <average total>
[22.447s][info][gc,stats    ]       7 of   372 ms (  1.9%): <average non-zero>
[22.447s][info][gc,stats    ] 
[22.447s][info][gc,metaspace] Metaspace: 6245K(6400K)->6245K(6400K) NonClass: 5639K(5696K)->5639K(5696K) Class: 606K(704K)->606K(704K)
[22.447s][info][gc,ergo     ] Pacer for Idle. Initial: 20971K, Alloc Tax Rate: 1.0x
[22.796s][info][gc          ] Trigger: Average GC time (74.83 ms) is above the time for average allocation rate (1963 MB/s) to deplete free headroom (146M) (margin of error = 1.81)
[22.796s][info][gc,ergo     ] Free headroom: 197M (free) - 52428K (spike) - 0B (penalties) = 146M
[22.796s][info][gc,ergo     ] Free: 197M, Max: 512K regular, 115M humongous, Frag: 42% external, 0% internal; Reserve: 52736K, Max: 512K
[22.796s][info][gc,start    ] GC(62) Concurrent reset
[22.796s][info][gc,task     ] GC(62) Using 1 of 3 workers for concurrent reset
[22.796s][info][gc,ergo     ] GC(62) Pacer for Reset. Non-Taxable: 1024M
[22.797s][info][gc          ] GC(62) Concurrent reset 0.750ms
[22.797s][info][gc,start    ] GC(62) Pause Init Mark (unload classes)
[22.797s][info][gc,task     ] GC(62) Using 3 of 3 workers for init marking
[22.797s][info][gc,ergo     ] GC(62) Pacer for Mark. Expected Live: 14192K, Free: 195M, Non-Taxable: 20019K, Alloc Tax Rate: 0.1x
[22.797s][info][gc          ] GC(62) Pause Init Mark (unload classes) 0.132ms
[22.800s][info][gc,start    ] GC(62) Concurrent marking roots
[22.800s][info][gc,task     ] GC(62) Using 1 of 3 workers for concurrent marking roots
[22.801s][info][gc          ] GC(62) Concurrent marking roots 0.589ms
[22.801s][info][gc,start    ] GC(62) Concurrent marking (unload classes)
[22.801s][info][gc,task     ] GC(62) Using 1 of 3 workers for concurrent marking
[22.812s][info][gc          ] GC(62) Concurrent marking (unload classes) 10.547ms
[22.812s][info][gc,start    ] GC(62) Pause Final Mark (unload classes)
[22.812s][info][gc,task     ] GC(62) Using 3 of 3 workers for final marking
[22.812s][info][gc,ergo     ] GC(62) Adaptive CSet Selection. Target Free: 145M, Actual Free: 861M, Max CSet: 43690K, Min Garbage: 0B
[22.812s][info][gc,ergo     ] GC(62) Collectable Garbage: 761M (99%), Immediate: 643M (84%), CSet: 118M (15%)
[22.812s][info][gc,ergo     ] GC(62) Pacer for Evacuation. Used CSet: 121M, Free: 810M, Non-Taxable: 82944K, Alloc Tax Rate: 1.1x
[22.812s][info][gc          ] GC(62) Pause Final Mark (unload classes) 0.244ms
[22.812s][info][gc,start    ] GC(62) Concurrent thread roots
[22.812s][info][gc,task     ] GC(62) Using 1 of 3 workers for Concurrent thread roots
[22.812s][info][gc          ] GC(62) Concurrent thread roots 0.513ms
[22.812s][info][gc,start    ] GC(62) Concurrent weak references
[22.813s][info][gc,task     ] GC(62) Using 1 of 3 workers for concurrent weak references
[22.813s][info][gc,ref      ] GC(62) Encountered references: Soft: 132, Weak: 434, Final: 9, Phantom: 21
[22.813s][info][gc,ref      ] GC(62) Discovered  references: Soft: 0, Weak: 234, Final: 7, Phantom: 14
[22.813s][info][gc,ref      ] GC(62) Enqueued    references: Soft: 0, Weak: 0, Final: 0, Phantom: 0
[22.813s][info][gc          ] GC(62) Concurrent weak references 0.060ms
[22.813s][info][gc,start    ] GC(62) Concurrent weak roots
[22.813s][info][gc,task     ] GC(62) Using 1 of 3 workers for concurrent weak root
[22.819s][info][gc          ] GC(62) Concurrent weak roots 6.453ms
[22.819s][info][gc,start    ] GC(62) Concurrent cleanup
[22.819s][info][gc          ] GC(62) Concurrent cleanup 817M->174M(1024M) 0.091ms
[22.819s][info][gc,ergo     ] GC(62) Free: 797M, Max: 512K regular, 252M humongous, Frag: 69% external, 0% internal; Reserve: 52224K, Max: 512K
[22.819s][info][gc,start    ] GC(62) Concurrent class unloading
[22.819s][info][gc,task     ] GC(62) Using 1 of 3 workers for concurrent class unloading
[22.827s][info][gc          ] GC(62) Concurrent class unloading 7.984ms
[22.827s][info][gc,start    ] GC(62) Concurrent strong roots
[22.827s][info][gc,task     ] GC(62) Using 1 of 3 workers for concurrent strong root
[22.827s][info][gc          ] GC(62) Concurrent strong roots 0.086ms
[22.827s][info][gc,start    ] GC(62) Concurrent evacuation
[22.827s][info][gc,task     ] GC(62) Using 1 of 3 workers for concurrent evacuation
[22.829s][info][gc          ] GC(62) Concurrent evacuation 1.602ms
[22.829s][info][gc,start    ] GC(62) Pause Init Update Refs
[22.829s][info][gc,ergo     ] GC(62) Pacer for Update Refs. Used: 192M, Free: 782M, Non-Taxable: 80077K, Alloc Tax Rate: 1.1x
[22.829s][info][gc          ] GC(62) Pause Init Update Refs 0.054ms
[22.843s][info][gc,start    ] GC(62) Concurrent update references
[22.843s][info][gc,task     ] GC(62) Using 1 of 3 workers for concurrent reference update
[22.849s][info][gc          ] GC(62) Concurrent update references 6.382ms
[22.849s][info][gc,start    ] GC(62) Concurrent update thread roots
[22.850s][info][gc          ] GC(62) Concurrent update thread roots 0.575ms
[22.850s][info][gc,start    ] GC(62) Pause Final Update Refs
[22.850s][info][gc,task     ] GC(62) Using 3 of 3 workers for final reference update
[22.850s][info][gc          ] GC(62) Pause Final Update Refs 0.117ms
[22.859s][info][gc,start    ] GC(62) Concurrent cleanup
[22.859s][info][gc          ] GC(62) Concurrent cleanup 242M->121M(1024M) 0.042ms
[22.859s][info][gc,ergo     ] Free: 849M, Max: 512K regular, 433M humongous, Frag: 49% external, 0% internal; Reserve: 52736K, Max: 512K
[22.859s][info][gc,stats    ] 
[22.859s][info][gc,stats    ] All times are wall-clock times, except per-root-class counters, that are sum over
[22.859s][info][gc,stats    ] all workers. Dividing the <total> over the root stage time estimates parallelism.
[22.859s][info][gc,stats    ] 
[22.859s][info][gc,stats    ] Concurrent Reset                    783 us
[22.859s][info][gc,stats    ] Pause Init Mark (G)                3783 us
[22.859s][info][gc,stats    ] Pause Init Mark (N)                 142 us
[22.859s][info][gc,stats    ]   Update Region States               33 us
[22.859s][info][gc,stats    ] Concurrent Mark Roots               600 us, parallelism: 0.86x
[22.859s][info][gc,stats    ]   CMR: <total>                      519 us
[22.859s][info][gc,stats    ]   CMR: Thread Roots                 465 us, workers (us): 465, ---, ---, 
[22.859s][info][gc,stats    ]   CMR: VM Strong Roots                5 us, workers (us):   5, ---, ---, 
[22.859s][info][gc,stats    ]   CMR: CLDG Roots                    49 us, workers (us):  49, ---, ---, 
[22.859s][info][gc,stats    ] Concurrent Marking                10610 us
[22.859s][info][gc,stats    ] Pause Final Mark (G)                375 us
[22.859s][info][gc,stats    ] Pause Final Mark (N)                254 us
[22.859s][info][gc,stats    ]   Finish Mark                        38 us
[22.859s][info][gc,stats    ]   Update Region States               42 us
[22.859s][info][gc,stats    ]   Choose Collection Set              82 us
[22.859s][info][gc,stats    ]   Rebuild Free Set                    9 us
[22.859s][info][gc,stats    ] Concurrent Thread Roots             531 us, parallelism: 0.87x
[22.859s][info][gc,stats    ]   CTR: <total>                      462 us
[22.859s][info][gc,stats    ]   CTR: Thread Roots                 462 us, workers (us): 462, ---, ---, 
[22.859s][info][gc,stats    ] Concurrent Weak References           67 us, parallelism: 0.17x
[22.859s][info][gc,stats    ]   CWRF: <total>                      11 us
[22.859s][info][gc,stats    ]   CWRF: Weak References              11 us, workers (us):  11, ---, ---, 
[22.859s][info][gc,stats    ] Concurrent Weak Roots              6481 us
[22.859s][info][gc,stats    ]   Roots                             456 us, parallelism: 0.96x
[22.859s][info][gc,stats    ]     CWR: <total>                    440 us
[22.859s][info][gc,stats    ]     CWR: Code Cache Roots           337 us, workers (us): 337, ---, ---, 
[22.859s][info][gc,stats    ]     CWR: VM Weak Roots              101 us, workers (us): 101, ---, ---, 
[22.859s][info][gc,stats    ]     CWR: CLDG Roots                   2 us, workers (us):   2, ---, ---, 
[22.859s][info][gc,stats    ]   Rendezvous                       5979 us
[22.859s][info][gc,stats    ] Concurrent Cleanup                  101 us
[22.859s][info][gc,stats    ] Concurrent Class Unloading         8018 us
[22.859s][info][gc,stats    ]   Unlink Stale                     1615 us
[22.859s][info][gc,stats    ]     System Dictionary                 3 us
[22.859s][info][gc,stats    ]     Weak Class Links                  0 us
[22.859s][info][gc,stats    ]     Code Roots                     1612 us
[22.859s][info][gc,stats    ]   Rendezvous                       6263 us
[22.859s][info][gc,stats    ]   Purge Unlinked                     88 us
[22.859s][info][gc,stats    ]     Code Roots                       83 us
[22.859s][info][gc,stats    ]     CLDG                              4 us
[22.859s][info][gc,stats    ]     Exception Caches                  0 us
[22.859s][info][gc,stats    ] Concurrent Strong Roots              94 us, parallelism: 0.56x
[22.859s][info][gc,stats    ]   CSR: <total>                       53 us
[22.859s][info][gc,stats    ]   CSR: VM Strong Roots                4 us, workers (us):   4, ---, ---, 
[22.859s][info][gc,stats    ]   CSR: CLDG Roots                    49 us, workers (us):  49, ---, ---, 
[22.859s][info][gc,stats    ] Concurrent Evacuation              1639 us
[22.859s][info][gc,stats    ] Pause Init Update Refs (G)        13947 us
[22.859s][info][gc,stats    ] Pause Init Update Refs (N)           63 us
[22.859s][info][gc,stats    ]   Manage GCLABs                       4 us
[22.859s][info][gc,stats    ] Concurrent Update Refs             6433 us
[22.859s][info][gc,stats    ] Concurrent Update Thread Roots      593 us
[22.859s][info][gc,stats    ] Pause Final Update Refs (G)        8757 us
[22.859s][info][gc,stats    ] Pause Final Update Refs (N)         138 us
[22.859s][info][gc,stats    ]   Update Region States               40 us
[22.859s][info][gc,stats    ]   Trash Collection Set                8 us
[22.859s][info][gc,stats    ]   Rebuild Free Set                   15 us
[22.859s][info][gc,stats    ] Concurrent Cleanup                   52 us
[22.859s][info][gc,stats    ] Pacing                           124591 us
[22.859s][info][gc,stats    ] 
[22.859s][info][gc,stats    ] Allocation pacing accrued:
[22.859s][info][gc,stats    ]      21 of   412 ms (  5.1%): Thread-30
[22.859s][info][gc,stats    ]      20 of   412 ms (  4.9%): Thread-31
[22.859s][info][gc,stats    ]      20 of   412 ms (  4.9%): Thread-32
[22.859s][info][gc,stats    ]      21 of   412 ms (  5.0%): Thread-33
[22.859s][info][gc,stats    ]      21 of   412 ms (  5.1%): Thread-34
[22.859s][info][gc,stats    ]      21 of   412 ms (  5.1%): Thread-35
[22.859s][info][gc,stats    ]     125 of   412 ms ( 30.2%): <total>
[22.859s][info][gc,stats    ]       6 of   412 ms (  1.5%): <average total>
[22.859s][info][gc,stats    ]      21 of   412 ms (  5.0%): <average non-zero>
[22.859s][info][gc,stats    ] 
[22.859s][info][gc,metaspace] Metaspace: 6245K(6400K)->6245K(6400K) NonClass: 5639K(5696K)->5639K(5696K) Class: 606K(704K)->606K(704K)
[22.859s][info][gc,ergo     ] Pacer for Idle. Initial: 20971K, Alloc Tax Rate: 1.0x
[23.159s][info][gc          ] Trigger: Average GC time (75.69 ms) is above the time for average allocation rate (2148 MB/s) to deplete free headroom (137M) (margin of error = 1.81)
[23.159s][info][gc,ergo     ] Free headroom: 188M (free) - 52428K (spike) - 0B (penalties) = 137M
[23.159s][info][gc,ergo     ] Free: 188M, Max: 512K regular, 188M humongous, Frag: 0% external, 0% internal; Reserve: 52736K, Max: 512K
[23.159s][info][gc,start    ] GC(63) Concurrent reset
[23.159s][info][gc,task     ] GC(63) Using 1 of 3 workers for concurrent reset
[23.159s][info][gc,ergo     ] GC(63) Pacer for Reset. Non-Taxable: 1024M
[23.160s][info][gc          ] GC(63) Concurrent reset 0.589ms
[23.160s][info][gc,start    ] GC(63) Pause Init Mark (unload classes)
[23.160s][info][gc,task     ] GC(63) Using 3 of 3 workers for init marking
[23.160s][info][gc,ergo     ] GC(63) Pacer for Mark. Expected Live: 14261K, Free: 186M, Non-Taxable: 19098K, Alloc Tax Rate: 0.1x
[23.160s][info][gc          ] GC(63) Pause Init Mark (unload classes) 0.124ms
[23.164s][info][gc,start    ] GC(63) Concurrent marking roots
[23.164s][info][gc,task     ] GC(63) Using 1 of 3 workers for concurrent marking roots
[23.165s][info][gc          ] GC(63) Concurrent marking roots 0.564ms
[23.165s][info][gc,start    ] GC(63) Concurrent marking (unload classes)
[23.165s][info][gc,task     ] GC(63) Using 1 of 3 workers for concurrent marking
[23.173s][info][gc          ] GC(63) Concurrent marking (unload classes) 8.110ms
[23.173s][info][gc,start    ] GC(63) Pause Final Mark (unload classes)
[23.173s][info][gc,task     ] GC(63) Using 3 of 3 workers for final marking
[23.173s][info][gc,ergo     ] GC(63) Adaptive CSet Selection. Target Free: 145M, Actual Free: 788M, Max CSet: 43690K, Min Garbage: 0B
[23.173s][info][gc,ergo     ] GC(63) Collectable Garbage: 770M (99%), Immediate: 568M (73%), CSet: 201M (26%)
[23.173s][info][gc,ergo     ] GC(63) Pacer for Evacuation. Used CSet: 204M, Free: 736M, Non-Taxable: 75418K, Alloc Tax Rate: 1.1x
[23.173s][info][gc          ] GC(63) Pause Final Mark (unload classes) 0.209ms
[23.173s][info][gc,start    ] GC(63) Concurrent thread roots
[23.173s][info][gc,task     ] GC(63) Using 1 of 3 workers for Concurrent thread roots
[23.173s][info][gc          ] GC(63) Concurrent thread roots 0.533ms
[23.174s][info][gc,start    ] GC(63) Concurrent weak references
[23.174s][info][gc,task     ] GC(63) Using 1 of 3 workers for concurrent weak references
[23.174s][info][gc,ref      ] GC(63) Encountered references: Soft: 132, Weak: 434, Final: 9, Phantom: 21
[23.174s][info][gc,ref      ] GC(63) Discovered  references: Soft: 0, Weak: 234, Final: 7, Phantom: 14
[23.174s][info][gc,ref      ] GC(63) Enqueued    references: Soft: 0, Weak: 0, Final: 0, Phantom: 0
[23.174s][info][gc          ] GC(63) Concurrent weak references 0.072ms
[23.174s][info][gc,start    ] GC(63) Concurrent weak roots
[23.174s][info][gc,task     ] GC(63) Using 1 of 3 workers for concurrent weak root
[23.174s][info][gc          ] GC(63) Concurrent weak roots 0.556ms
[23.174s][info][gc,start    ] GC(63) Concurrent cleanup
[23.174s][info][gc          ] GC(63) Concurrent cleanup 803M->235M(1024M) 0.064ms
[23.174s][info][gc,ergo     ] GC(63) Free: 736M, Max: 512K regular, 238M humongous, Frag: 68% external, 0% internal; Reserve: 52465K, Max: 512K
[23.174s][info][gc,start    ] GC(63) Concurrent class unloading
[23.174s][info][gc,task     ] GC(63) Using 1 of 3 workers for concurrent class unloading
[23.176s][info][gc          ] GC(63) Concurrent class unloading 1.642ms
[23.176s][info][gc,start    ] GC(63) Concurrent strong roots
[23.176s][info][gc,task     ] GC(63) Using 1 of 3 workers for concurrent strong root
[23.176s][info][gc          ] GC(63) Concurrent strong roots 0.079ms
[23.176s][info][gc,start    ] GC(63) Concurrent evacuation
[23.176s][info][gc,task     ] GC(63) Using 1 of 3 workers for concurrent evacuation
[23.179s][info][gc          ] GC(63) Concurrent evacuation 2.522ms
[23.179s][info][gc,start    ] GC(63) Pause Init Update Refs
[23.179s][info][gc,ergo     ] GC(63) Pacer for Update Refs. Used: 244M, Free: 729M, Non-Taxable: 74701K, Alloc Tax Rate: 1.1x
[23.179s][info][gc          ] GC(63) Pause Init Update Refs 0.061ms
[23.183s][info][gc,start    ] GC(63) Concurrent update references
[23.183s][info][gc,task     ] GC(63) Using 1 of 3 workers for concurrent reference update
[23.189s][info][gc          ] GC(63) Concurrent update references 6.238ms
[23.189s][info][gc,start    ] GC(63) Concurrent update thread roots
[23.191s][info][gc          ] GC(63) Concurrent update thread roots 2.037ms
[23.191s][info][gc,start    ] GC(63) Pause Final Update Refs
[23.191s][info][gc,task     ] GC(63) Using 3 of 3 workers for final reference update
[23.191s][info][gc          ] GC(63) Pause Final Update Refs 0.128ms
[23.199s][info][gc,start    ] GC(63) Concurrent cleanup
[23.199s][info][gc          ] GC(63) Concurrent cleanup 278M->73M(1024M) 0.090ms
[23.199s][info][gc,ergo     ] Free: 897M, Max: 512K regular, 491M humongous, Frag: 46% external, 0% internal; Reserve: 52736K, Max: 512K
[23.199s][info][gc,stats    ] 
[23.199s][info][gc,stats    ] All times are wall-clock times, except per-root-class counters, that are sum over
[23.199s][info][gc,stats    ] all workers. Dividing the <total> over the root stage time estimates parallelism.
[23.199s][info][gc,stats    ] 
[23.199s][info][gc,stats    ] Concurrent Reset                    635 us
[23.199s][info][gc,stats    ] Pause Init Mark (G)                4318 us
[23.199s][info][gc,stats    ] Pause Init Mark (N)                 134 us
[23.199s][info][gc,stats    ]   Update Region States               30 us
[23.199s][info][gc,stats    ] Concurrent Mark Roots               575 us, parallelism: 0.83x
[23.199s][info][gc,stats    ]   CMR: <total>                      476 us
[23.199s][info][gc,stats    ]   CMR: Thread Roots                 421 us, workers (us): 421, ---, ---, 
[23.199s][info][gc,stats    ]   CMR: VM Strong Roots                5 us, workers (us):   5, ---, ---, 
[23.199s][info][gc,stats    ]   CMR: CLDG Roots                    50 us, workers (us):  50, ---, ---, 
[23.199s][info][gc,stats    ] Concurrent Marking                 8166 us
[23.199s][info][gc,stats    ] Pause Final Mark (G)                246 us
[23.199s][info][gc,stats    ] Pause Final Mark (N)                218 us
[23.199s][info][gc,stats    ]   Finish Mark                        34 us
[23.199s][info][gc,stats    ]   Update Region States               29 us
[23.199s][info][gc,stats    ]   Choose Collection Set              80 us
[23.199s][info][gc,stats    ]   Rebuild Free Set                   10 us
[23.199s][info][gc,stats    ] Concurrent Thread Roots             552 us, parallelism: 0.90x
[23.199s][info][gc,stats    ]   CTR: <total>                      496 us
[23.199s][info][gc,stats    ]   CTR: Thread Roots                 496 us, workers (us): 496, ---, ---, 
[23.199s][info][gc,stats    ] Concurrent Weak References           80 us, parallelism: 0.12x
[23.199s][info][gc,stats    ]   CWRF: <total>                      10 us
[23.199s][info][gc,stats    ]   CWRF: Weak References              10 us, workers (us):  10, ---, ---, 
[23.199s][info][gc,stats    ] Concurrent Weak Roots               574 us
[23.199s][info][gc,stats    ]   Roots                             484 us, parallelism: 0.95x
[23.199s][info][gc,stats    ]     CWR: <total>                    458 us
[23.199s][info][gc,stats    ]     CWR: Code Cache Roots           356 us, workers (us): 356, ---, ---, 
[23.199s][info][gc,stats    ]     CWR: VM Weak Roots              101 us, workers (us): 101, ---, ---, 
[23.199s][info][gc,stats    ]     CWR: CLDG Roots                   2 us, workers (us):   2, ---, ---, 
[23.199s][info][gc,stats    ]   Rendezvous                         56 us
[23.199s][info][gc,stats    ] Concurrent Cleanup                   73 us
[23.199s][info][gc,stats    ] Concurrent Class Unloading         1677 us
[23.199s][info][gc,stats    ]   Unlink Stale                     1507 us
[23.199s][info][gc,stats    ]     System Dictionary                 2 us
[23.200s][info][gc,stats    ]     Weak Class Links                  0 us
[23.200s][info][gc,stats    ]     Code Roots                     1504 us
[23.200s][info][gc,stats    ]   Rendezvous                         70 us
[23.200s][info][gc,stats    ]   Purge Unlinked                     49 us
[23.200s][info][gc,stats    ]     Code Roots                       45 us
[23.200s][info][gc,stats    ]     CLDG                              3 us
[23.200s][info][gc,stats    ]     Exception Caches                  0 us
[23.200s][info][gc,stats    ] Concurrent Strong Roots              87 us, parallelism: 0.56x
[23.200s][info][gc,stats    ]   CSR: <total>                       48 us
[23.200s][info][gc,stats    ]   CSR: VM Strong Roots                4 us, workers (us):   4, ---, ---, 
[23.200s][info][gc,stats    ]   CSR: CLDG Roots                    44 us, workers (us):  44, ---, ---, 
[23.200s][info][gc,stats    ] Concurrent Evacuation              2571 us
[23.200s][info][gc,stats    ] Pause Init Update Refs (G)         4176 us
[23.200s][info][gc,stats    ] Pause Init Update Refs (N)           70 us
[23.200s][info][gc,stats    ]   Manage GCLABs                       4 us
[23.200s][info][gc,stats    ] Concurrent Update Refs             6286 us
[23.200s][info][gc,stats    ] Concurrent Update Thread Roots     2080 us
[23.200s][info][gc,stats    ] Pause Final Update Refs (G)        7949 us
[23.200s][info][gc,stats    ] Pause Final Update Refs (N)         148 us
[23.200s][info][gc,stats    ]   Update Region States               54 us
[23.200s][info][gc,stats    ]   Trash Collection Set                6 us
[23.200s][info][gc,stats    ]   Rebuild Free Set                   11 us
[23.200s][info][gc,stats    ] Concurrent Cleanup                  101 us
[23.200s][info][gc,stats    ] Pacing                            74073 us
[23.200s][info][gc,stats    ] 
[23.200s][info][gc,stats    ] Allocation pacing accrued:
[23.200s][info][gc,stats    ]      11 of   340 ms (  3.2%): Thread-30
[23.200s][info][gc,stats    ]      14 of   340 ms (  4.1%): Thread-31
[23.200s][info][gc,stats    ]      11 of   340 ms (  3.2%): Thread-32
[23.200s][info][gc,stats    ]      10 of   340 ms (  2.9%): Thread-33
[23.200s][info][gc,stats    ]      17 of   340 ms (  4.9%): Thread-34
[23.200s][info][gc,stats    ]      12 of   340 ms (  3.5%): Thread-35
[23.200s][info][gc,stats    ]      74 of   340 ms ( 21.8%): <total>
[23.200s][info][gc,stats    ]       4 of   340 ms (  1.1%): <average total>
[23.200s][info][gc,stats    ]      12 of   340 ms (  3.6%): <average non-zero>
[23.200s][info][gc,stats    ] 
[23.200s][info][gc,metaspace] Metaspace: 6245K(6400K)->6245K(6400K) NonClass: 5639K(5696K)->5639K(5696K) Class: 606K(704K)->606K(704K)
[23.200s][info][gc,ergo     ] Pacer for Idle. Initial: 20971K, Alloc Tax Rate: 1.0x
[23.490s][info][gc          ] Trigger: Average GC time (69.52 ms) is above the time for average allocation rate (2398 MB/s) to deplete free headroom (148M) (margin of error = 1.81)
[23.491s][info][gc,ergo     ] Free headroom: 199M (free) - 52428K (spike) - 0B (penalties) = 148M
[23.491s][info][gc,ergo     ] Free: 198M, Max: 512K regular, 168M humongous, Frag: 16% external, 0% internal; Reserve: 52736K, Max: 512K
[23.491s][info][gc,start    ] GC(64) Concurrent reset
[23.491s][info][gc,task     ] GC(64) Using 1 of 3 workers for concurrent reset
[23.491s][info][gc,ergo     ] GC(64) Pacer for Reset. Non-Taxable: 1024M
[23.492s][info][gc          ] GC(64) Concurrent reset 0.942ms
[23.492s][info][gc,start    ] GC(64) Pause Init Mark (unload classes)
[23.492s][info][gc,task     ] GC(64) Using 3 of 3 workers for init marking
[23.492s][info][gc,ergo     ] GC(64) Pacer for Mark. Expected Live: 14327K, Free: 196M, Non-Taxable: 20122K, Alloc Tax Rate: 0.1x
[23.492s][info][gc          ] GC(64) Pause Init Mark (unload classes) 0.192ms
[23.499s][info][gc,start    ] GC(64) Concurrent marking roots
[23.499s][info][gc,task     ] GC(64) Using 1 of 3 workers for concurrent marking roots
[23.500s][info][gc          ] GC(64) Concurrent marking roots 0.585ms
[23.500s][info][gc,start    ] GC(64) Concurrent marking (unload classes)
[23.500s][info][gc,task     ] GC(64) Using 1 of 3 workers for concurrent marking
[23.510s][info][gc          ] GC(64) Concurrent marking (unload classes) 9.852ms
[23.510s][info][gc,start    ] GC(64) Pause Final Mark (unload classes)
[23.510s][info][gc,task     ] GC(64) Using 3 of 3 workers for final marking
[23.510s][info][gc,ergo     ] GC(64) Adaptive CSet Selection. Target Free: 145M, Actual Free: 816M, Max CSet: 43690K, Min Garbage: 0B
[23.510s][info][gc,ergo     ] GC(64) Collectable Garbage: 760M (99%), Immediate: 596M (78%), CSet: 164M (21%)
[23.510s][info][gc,ergo     ] GC(64) Pacer for Evacuation. Used CSet: 167M, Free: 764M, Non-Taxable: 78285K, Alloc Tax Rate: 1.1x
[23.510s][info][gc          ] GC(64) Pause Final Mark (unload classes) 0.228ms
[23.510s][info][gc,start    ] GC(64) Concurrent thread roots
[23.510s][info][gc,task     ] GC(64) Using 1 of 3 workers for Concurrent thread roots
[23.511s][info][gc          ] GC(64) Concurrent thread roots 0.487ms
[23.511s][info][gc,start    ] GC(64) Concurrent weak references
[23.511s][info][gc,task     ] GC(64) Using 1 of 3 workers for concurrent weak references
[23.511s][info][gc,ref      ] GC(64) Encountered references: Soft: 132, Weak: 434, Final: 9, Phantom: 21
[23.511s][info][gc,ref      ] GC(64) Discovered  references: Soft: 0, Weak: 234, Final: 7, Phantom: 14
[23.511s][info][gc,ref      ] GC(64) Enqueued    references: Soft: 0, Weak: 0, Final: 0, Phantom: 0
[23.511s][info][gc          ] GC(64) Concurrent weak references 0.076ms
[23.511s][info][gc,start    ] GC(64) Concurrent weak roots
[23.511s][info][gc,task     ] GC(64) Using 1 of 3 workers for concurrent weak root
[23.520s][info][gc          ] GC(64) Concurrent weak roots 8.715ms
[23.520s][info][gc,start    ] GC(64) Concurrent cleanup
[23.520s][info][gc          ] GC(64) Concurrent cleanup 831M->235M(1024M) 0.101ms
[23.520s][info][gc,ergo     ] GC(64) Free: 736M, Max: 512K regular, 143M humongous, Frag: 81% external, 0% internal; Reserve: 51869K, Max: 512K
[23.520s][info][gc,start    ] GC(64) Concurrent class unloading
[23.520s][info][gc,task     ] GC(64) Using 1 of 3 workers for concurrent class unloading
[23.522s][info][gc          ] GC(64) Concurrent class unloading 1.990ms
[23.522s][info][gc,start    ] GC(64) Concurrent strong roots
[23.522s][info][gc,task     ] GC(64) Using 1 of 3 workers for concurrent strong root
[23.522s][info][gc          ] GC(64) Concurrent strong roots 0.096ms
[23.522s][info][gc,start    ] GC(64) Concurrent evacuation
[23.522s][info][gc,task     ] GC(64) Using 1 of 3 workers for concurrent evacuation
[23.524s][info][gc          ] GC(64) Concurrent evacuation 2.214ms
[23.524s][info][gc,start    ] GC(64) Pause Init Update Refs
[23.524s][info][gc,ergo     ] GC(64) Pacer for Update Refs. Used: 247M, Free: 726M, Non-Taxable: 74394K, Alloc Tax Rate: 1.1x
[23.524s][info][gc          ] GC(64) Pause Init Update Refs 0.052ms
[23.528s][info][gc,start    ] GC(64) Concurrent update references
[23.528s][info][gc,task     ] GC(64) Using 1 of 3 workers for concurrent reference update
[23.536s][info][gc          ] GC(64) Concurrent update references 7.573ms
[23.536s][info][gc,start    ] GC(64) Concurrent update thread roots
[23.536s][info][gc          ] GC(64) Concurrent update thread roots 0.589ms
[23.536s][info][gc,start    ] GC(64) Pause Final Update Refs
[23.536s][info][gc,task     ] GC(64) Using 3 of 3 workers for final reference update
[23.537s][info][gc          ] GC(64) Pause Final Update Refs 0.100ms
[23.540s][info][gc,start    ] GC(64) Concurrent cleanup
[23.540s][info][gc          ] GC(64) Concurrent cleanup 286M->119M(1024M) 0.064ms
[23.540s][info][gc,ergo     ] Free: 851M, Max: 512K regular, 462M humongous, Frag: 46% external, 0% internal; Reserve: 52736K, Max: 512K
[23.540s][info][gc,stats    ] 
[23.540s][info][gc,stats    ] All times are wall-clock times, except per-root-class counters, that are sum over
[23.540s][info][gc,stats    ] all workers. Dividing the <total> over the root stage time estimates parallelism.
[23.540s][info][gc,stats    ] 
[23.540s][info][gc,stats    ] Concurrent Reset                    983 us
[23.540s][info][gc,stats    ] Pause Init Mark (G)                7850 us
[23.540s][info][gc,stats    ] Pause Init Mark (N)                 202 us
[23.541s][info][gc,stats    ]   Update Region States               82 us
[23.541s][info][gc,stats    ] Concurrent Mark Roots               597 us, parallelism: 0.81x
[23.541s][info][gc,stats    ]   CMR: <total>                      484 us
[23.541s][info][gc,stats    ]   CMR: Thread Roots                 428 us, workers (us): 428, ---, ---, 
[23.541s][info][gc,stats    ]   CMR: VM Strong Roots                6 us, workers (us):   6, ---, ---, 
[23.541s][info][gc,stats    ]   CMR: CLDG Roots                    50 us, workers (us):  50, ---, ---, 
[23.541s][info][gc,stats    ] Concurrent Marking                 9869 us
[23.541s][info][gc,stats    ] Pause Final Mark (G)                413 us
[23.541s][info][gc,stats    ] Pause Final Mark (N)                236 us
[23.541s][info][gc,stats    ]   Finish Mark                        43 us
[23.541s][info][gc,stats    ]   Update Region States               34 us
[23.541s][info][gc,stats    ]   Choose Collection Set              75 us
[23.541s][info][gc,stats    ]   Rebuild Free Set                    8 us
[23.541s][info][gc,stats    ] Concurrent Thread Roots             498 us, parallelism: 0.90x
[23.541s][info][gc,stats    ]   CTR: <total>                      447 us
[23.541s][info][gc,stats    ]   CTR: Thread Roots                 447 us, workers (us): 447, ---, ---, 
[23.541s][info][gc,stats    ] Concurrent Weak References           84 us, parallelism: 0.17x
[23.541s][info][gc,stats    ]   CWRF: <total>                      14 us
[23.541s][info][gc,stats    ]   CWRF: Weak References              14 us, workers (us):  14, ---, ---, 
[23.541s][info][gc,stats    ] Concurrent Weak Roots              8745 us
[23.541s][info][gc,stats    ]   Roots                             585 us, parallelism: 0.97x
[23.541s][info][gc,stats    ]     CWR: <total>                    566 us
[23.541s][info][gc,stats    ]     CWR: Code Cache Roots           409 us, workers (us): 409, ---, ---, 
[23.541s][info][gc,stats    ]     CWR: VM Weak Roots              155 us, workers (us): 155, ---, ---, 
[23.541s][info][gc,stats    ]     CWR: CLDG Roots                   2 us, workers (us):   2, ---, ---, 
[23.541s][info][gc,stats    ]   Rendezvous                       8113 us
[23.541s][info][gc,stats    ] Concurrent Cleanup                  110 us
[23.541s][info][gc,stats    ] Concurrent Class Unloading         2028 us
[23.541s][info][gc,stats    ]   Unlink Stale                     1727 us
[23.541s][info][gc,stats    ]     System Dictionary                 3 us
[23.541s][info][gc,stats    ]     Weak Class Links                  0 us
[23.541s][info][gc,stats    ]     Code Roots                     1723 us
[23.541s][info][gc,stats    ]   Rendezvous                        170 us
[23.541s][info][gc,stats    ]   Purge Unlinked                     75 us
[23.541s][info][gc,stats    ]     Code Roots                       70 us
[23.541s][info][gc,stats    ]     CLDG                              4 us
[23.541s][info][gc,stats    ]     Exception Caches                  0 us
[23.541s][info][gc,stats    ] Concurrent Strong Roots             113 us, parallelism: 0.51x
[23.541s][info][gc,stats    ]   CSR: <total>                       58 us
[23.541s][info][gc,stats    ]   CSR: VM Strong Roots                5 us, workers (us):   5, ---, ---, 
[23.541s][info][gc,stats    ]   CSR: CLDG Roots                    53 us, workers (us):  53, ---, ---, 
[23.541s][info][gc,stats    ] Concurrent Evacuation              2260 us
[23.541s][info][gc,stats    ] Pause Init Update Refs (G)         3973 us
[23.541s][info][gc,stats    ] Pause Init Update Refs (N)           61 us
[23.541s][info][gc,stats    ]   Manage GCLABs                       2 us
[23.541s][info][gc,stats    ] Concurrent Update Refs             7623 us
[23.541s][info][gc,stats    ] Concurrent Update Thread Roots      605 us
[23.541s][info][gc,stats    ] Pause Final Update Refs (G)        3943 us
[23.541s][info][gc,stats    ] Pause Final Update Refs (N)         119 us
[23.541s][info][gc,stats    ]   Update Region States               43 us
[23.541s][info][gc,stats    ]   Trash Collection Set               10 us
[23.541s][info][gc,stats    ]   Rebuild Free Set                   15 us
[23.541s][info][gc,stats    ] Concurrent Cleanup                   74 us
[23.541s][info][gc,stats    ] Pacing                            40164 us
[23.541s][info][gc,stats    ] 
[23.541s][info][gc,stats    ] Allocation pacing accrued:
[23.541s][info][gc,stats    ]       6 of   341 ms (  1.8%): Thread-30
[23.541s][info][gc,stats    ]       6 of   341 ms (  1.8%): Thread-31
[23.541s][info][gc,stats    ]       6 of   341 ms (  1.7%): Thread-32
[23.541s][info][gc,stats    ]       9 of   341 ms (  2.5%): Thread-33
[23.541s][info][gc,stats    ]       7 of   341 ms (  2.0%): Thread-34
[23.541s][info][gc,stats    ]       7 of   341 ms (  2.0%): Thread-35
[23.541s][info][gc,stats    ]      40 of   341 ms ( 11.8%): <total>
[23.541s][info][gc,stats    ]       2 of   341 ms (  0.6%): <average total>
[23.541s][info][gc,stats    ]       7 of   341 ms (  2.0%): <average non-zero>
[23.541s][info][gc,stats    ] 
[23.541s][info][gc,metaspace] Metaspace: 6245K(6400K)->6245K(6400K) NonClass: 5639K(5696K)->5639K(5696K) Class: 606K(704K)->606K(704K)
[23.541s][info][gc,ergo     ] Pacer for Idle. Initial: 20971K, Alloc Tax Rate: 1.0x
[23.759s][info][gc          ] Trigger: Average GC time (63.90 ms) is above the time for average allocation rate (2784 MB/s) to deplete free headroom (156M) (margin of error = 1.81)
[23.759s][info][gc,ergo     ] Free headroom: 208M (free) - 52428K (spike) - 0B (penalties) = 156M
[23.759s][info][gc,ergo     ] Free: 208M, Max: 512K regular, 141M humongous, Frag: 33% external, 0% internal; Reserve: 52736K, Max: 512K
[23.759s][info][gc,start    ] GC(65) Concurrent reset
[23.759s][info][gc,task     ] GC(65) Using 1 of 3 workers for concurrent reset
[23.759s][info][gc,ergo     ] GC(65) Pacer for Reset. Non-Taxable: 1024M
[23.760s][info][gc          ] GC(65) Concurrent reset 0.728ms
[23.760s][info][gc,start    ] GC(65) Pause Init Mark (unload classes)
[23.760s][info][gc,task     ] GC(65) Using 3 of 3 workers for init marking
[23.760s][info][gc,ergo     ] GC(65) Pacer for Mark. Expected Live: 14320K, Free: 206M, Non-Taxable: 21094K, Alloc Tax Rate: 0.1x
[23.760s][info][gc          ] GC(65) Pause Init Mark (unload classes) 0.141ms
[23.767s][info][gc,start    ] GC(65) Concurrent marking roots
[23.767s][info][gc,task     ] GC(65) Using 1 of 3 workers for concurrent marking roots
[23.768s][info][gc          ] GC(65) Concurrent marking roots 0.625ms
[23.768s][info][gc,start    ] GC(65) Concurrent marking (unload classes)
[23.768s][info][gc,task     ] GC(65) Using 1 of 3 workers for concurrent marking
[23.779s][info][gc          ] GC(65) Concurrent marking (unload classes) 10.805ms
[23.779s][info][gc,start    ] GC(65) Pause Final Mark (unload classes)
[23.779s][info][gc,task     ] GC(65) Using 3 of 3 workers for final marking
[23.779s][info][gc,ergo     ] GC(65) Adaptive CSet Selection. Target Free: 145M, Actual Free: 789M, Max CSet: 43690K, Min Garbage: 0B
[23.779s][info][gc,ergo     ] GC(65) Collectable Garbage: 751M (99%), Immediate: 561M (74%), CSet: 189M (25%)
[23.779s][info][gc,ergo     ] GC(65) Pacer for Evacuation. Used CSet: 192M, Free: 738M, Non-Taxable: 75571K, Alloc Tax Rate: 1.1x
[23.779s][info][gc          ] GC(65) Pause Final Mark (unload classes) 0.222ms
[23.779s][info][gc,start    ] GC(65) Concurrent thread roots
[23.779s][info][gc,task     ] GC(65) Using 1 of 3 workers for Concurrent thread roots
[23.779s][info][gc          ] GC(65) Concurrent thread roots 0.481ms
[23.780s][info][gc,start    ] GC(65) Concurrent weak references
[23.780s][info][gc,task     ] GC(65) Using 1 of 3 workers for concurrent weak references
[23.780s][info][gc,ref      ] GC(65) Encountered references: Soft: 132, Weak: 434, Final: 9, Phantom: 21
[23.780s][info][gc,ref      ] GC(65) Discovered  references: Soft: 0, Weak: 234, Final: 7, Phantom: 14
[23.780s][info][gc,ref      ] GC(65) Enqueued    references: Soft: 0, Weak: 0, Final: 0, Phantom: 0
[23.780s][info][gc          ] GC(65) Concurrent weak references 0.056ms
[23.780s][info][gc,start    ] GC(65) Concurrent weak roots
[23.780s][info][gc,task     ] GC(65) Using 1 of 3 workers for concurrent weak root
[23.785s][info][gc          ] GC(65) Concurrent weak roots 5.208ms
[23.785s][info][gc,start    ] GC(65) Concurrent cleanup
[23.785s][info][gc          ] GC(65) Concurrent cleanup 807M->246M(1024M) 0.081ms
[23.785s][info][gc,ergo     ] GC(65) Free: 725M, Max: 512K regular, 252M humongous, Frag: 66% external, 0% internal; Reserve: 52291K, Max: 512K
[23.785s][info][gc,start    ] GC(65) Concurrent class unloading
[23.785s][info][gc,task     ] GC(65) Using 1 of 3 workers for concurrent class unloading
[23.791s][info][gc          ] GC(65) Concurrent class unloading 6.066ms
[23.791s][info][gc,start    ] GC(65) Concurrent strong roots
[23.791s][info][gc,task     ] GC(65) Using 1 of 3 workers for concurrent strong root
[23.791s][info][gc          ] GC(65) Concurrent strong roots 0.082ms
[23.791s][info][gc,start    ] GC(65) Concurrent evacuation
[23.791s][info][gc,task     ] GC(65) Using 1 of 3 workers for concurrent evacuation
[23.793s][info][gc          ] GC(65) Concurrent evacuation 2.316ms
[23.794s][info][gc,start    ] GC(65) Pause Init Update Refs
[23.794s][info][gc,ergo     ] GC(65) Pacer for Update Refs. Used: 265M, Free: 709M, Non-Taxable: 72602K, Alloc Tax Rate: 1.1x
[23.794s][info][gc          ] GC(65) Pause Init Update Refs 0.044ms
[23.795s][info][gc,start    ] GC(65) Concurrent update references
[23.795s][info][gc,task     ] GC(65) Using 1 of 3 workers for concurrent reference update
[23.803s][info][gc          ] GC(65) Concurrent update references 7.405ms
[23.803s][info][gc,start    ] GC(65) Concurrent update thread roots
[23.803s][info][gc          ] GC(65) Concurrent update thread roots 0.569ms
[23.804s][info][gc,start    ] GC(65) Pause Final Update Refs
[23.804s][info][gc,task     ] GC(65) Using 3 of 3 workers for final reference update
[23.804s][info][gc          ] GC(65) Pause Final Update Refs 0.095ms
[23.807s][info][gc,start    ] GC(65) Concurrent cleanup
[23.807s][info][gc          ] GC(65) Concurrent cleanup 289M->97M(1024M) 0.048ms
[23.807s][info][gc,ergo     ] Free: 874M, Max: 512K regular, 416M humongous, Frag: 53% external, 0% internal; Reserve: 52736K, Max: 512K
[23.807s][info][gc,stats    ] 
[23.807s][info][gc,stats    ] All times are wall-clock times, except per-root-class counters, that are sum over
[23.807s][info][gc,stats    ] all workers. Dividing the <total> over the root stage time estimates parallelism.
[23.807s][info][gc,stats    ] 
[23.807s][info][gc,stats    ] Concurrent Reset                    763 us
[23.807s][info][gc,stats    ] Pause Init Mark (G)                7219 us
[23.807s][info][gc,stats    ] Pause Init Mark (N)                 151 us
[23.807s][info][gc,stats    ]   Update Region States               47 us
[23.807s][info][gc,stats    ] Concurrent Mark Roots               648 us, parallelism: 0.81x
[23.807s][info][gc,stats    ]   CMR: <total>                      527 us
[23.807s][info][gc,stats    ]   CMR: Thread Roots                 472 us, workers (us): 472, ---, ---, 
[23.807s][info][gc,stats    ]   CMR: VM Strong Roots                6 us, workers (us):   6, ---, ---, 
[23.807s][info][gc,stats    ]   CMR: CLDG Roots                    49 us, workers (us):  49, ---, ---, 
[23.807s][info][gc,stats    ] Concurrent Marking                10836 us
[23.807s][info][gc,stats    ] Pause Final Mark (G)                367 us
[23.807s][info][gc,stats    ] Pause Final Mark (N)                231 us
[23.807s][info][gc,stats    ]   Finish Mark                        39 us
[23.807s][info][gc,stats    ]   Update Region States               33 us
[23.807s][info][gc,stats    ]   Choose Collection Set              97 us
[23.807s][info][gc,stats    ]   Rebuild Free Set                    8 us
[23.807s][info][gc,stats    ] Concurrent Thread Roots             492 us, parallelism: 0.90x
[23.807s][info][gc,stats    ]   CTR: <total>                      445 us
[23.807s][info][gc,stats    ]   CTR: Thread Roots                 445 us, workers (us): 445, ---, ---, 
[23.807s][info][gc,stats    ] Concurrent Weak References           63 us, parallelism: 0.15x
[23.807s][info][gc,stats    ]   CWRF: <total>                       9 us
[23.807s][info][gc,stats    ]   CWRF: Weak References               9 us, workers (us):   9, ---, ---, 
[23.807s][info][gc,stats    ] Concurrent Weak Roots              5232 us
[23.807s][info][gc,stats    ]   Roots                             467 us, parallelism: 0.96x
[23.807s][info][gc,stats    ]     CWR: <total>                    449 us
[23.807s][info][gc,stats    ]     CWR: Code Cache Roots           346 us, workers (us): 346, ---, ---, 
[23.807s][info][gc,stats    ]     CWR: VM Weak Roots              101 us, workers (us): 101, ---, ---, 
[23.807s][info][gc,stats    ]     CWR: CLDG Roots                   2 us, workers (us):   2, ---, ---, 
[23.807s][info][gc,stats    ]   Rendezvous                       4723 us
[23.807s][info][gc,stats    ] Concurrent Cleanup                   90 us
[23.807s][info][gc,stats    ] Concurrent Class Unloading         6104 us
[23.807s][info][gc,stats    ]   Unlink Stale                     1555 us
[23.807s][info][gc,stats    ]     System Dictionary                 3 us
[23.807s][info][gc,stats    ]     Weak Class Links                  0 us
[23.807s][info][gc,stats    ]     Code Roots                     1551 us
[23.807s][info][gc,stats    ]   Rendezvous                       4392 us
[23.807s][info][gc,stats    ]   Purge Unlinked                    101 us
[23.807s][info][gc,stats    ]     Code Roots                       97 us
[23.807s][info][gc,stats    ]     CLDG                              5 us
[23.807s][info][gc,stats    ]     Exception Caches                  0 us
[23.808s][info][gc,stats    ] Concurrent Strong Roots              90 us, parallelism: 0.56x
[23.808s][info][gc,stats    ]   CSR: <total>                       50 us
[23.808s][info][gc,stats    ]   CSR: VM Strong Roots                4 us, workers (us):   4, ---, ---, 
[23.808s][info][gc,stats    ]   CSR: CLDG Roots                    46 us, workers (us):  46, ---, ---, 
[23.808s][info][gc,stats    ] Concurrent Evacuation              2373 us
[23.808s][info][gc,stats    ] Pause Init Update Refs (G)         1981 us
[23.808s][info][gc,stats    ] Pause Init Update Refs (N)           52 us
[23.808s][info][gc,stats    ]   Manage GCLABs                       3 us
[23.808s][info][gc,stats    ] Concurrent Update Refs             7456 us
[23.808s][info][gc,stats    ] Concurrent Update Thread Roots      584 us
[23.808s][info][gc,stats    ] Pause Final Update Refs (G)        3524 us
[23.808s][info][gc,stats    ] Pause Final Update Refs (N)         113 us
[23.808s][info][gc,stats    ]   Update Region States               42 us
[23.808s][info][gc,stats    ]   Trash Collection Set                9 us
[23.808s][info][gc,stats    ]   Rebuild Free Set                   14 us
[23.808s][info][gc,stats    ] Concurrent Cleanup                   57 us
[23.808s][info][gc,stats    ] Pacing                            85032 us
[23.808s][info][gc,stats    ] 
[23.808s][info][gc,stats    ] Allocation pacing accrued:
[23.808s][info][gc,stats    ]      14 of   267 ms (  5.1%): Thread-30
[23.808s][info][gc,stats    ]      15 of   267 ms (  5.6%): Thread-31
[23.808s][info][gc,stats    ]      15 of   267 ms (  5.7%): Thread-32
[23.808s][info][gc,stats    ]      13 of   267 ms (  4.9%): Thread-33
[23.808s][info][gc,stats    ]      14 of   267 ms (  5.1%): Thread-34
[23.808s][info][gc,stats    ]      15 of   267 ms (  5.4%): Thread-35
[23.808s][info][gc,stats    ]      85 of   267 ms ( 31.9%): <total>
[23.808s][info][gc,stats    ]       4 of   267 ms (  1.6%): <average total>
[23.808s][info][gc,stats    ]      14 of   267 ms (  5.3%): <average non-zero>
[23.808s][info][gc,stats    ] 
[23.808s][info][gc,metaspace] Metaspace: 6245K(6400K)->6245K(6400K) NonClass: 5639K(5696K)->5639K(5696K) Class: 606K(704K)->606K(704K)
[23.808s][info][gc,ergo     ] Pacer for Idle. Initial: 20971K, Alloc Tax Rate: 1.0x
[24.139s][info][gc          ] Trigger: Average GC time (58.95 ms) is above the time for average allocation rate (2164 MB/s) to deplete free headroom (105M) (margin of error = 1.80)
[24.139s][info][gc,ergo     ] Free headroom: 156M (free) - 52428K (spike) - 0B (penalties) = 105M
[24.139s][info][gc,ergo     ] Free: 156M, Max: 512K regular, 156M humongous, Frag: 0% external, 0% internal; Reserve: 52736K, Max: 512K
[24.139s][info][gc,start    ] GC(66) Concurrent reset
[24.139s][info][gc,task     ] GC(66) Using 1 of 3 workers for concurrent reset
[24.139s][info][gc,ergo     ] GC(66) Pacer for Reset. Non-Taxable: 1024M
[24.140s][info][gc          ] GC(66) Concurrent reset 0.909ms
[24.140s][info][gc,start    ] GC(66) Pause Init Mark (unload classes)
[24.140s][info][gc,task     ] GC(66) Using 3 of 3 workers for init marking
[24.140s][info][gc,ergo     ] GC(66) Pacer for Mark. Expected Live: 14305K, Free: 154M, Non-Taxable: 15821K, Alloc Tax Rate: 0.1x
[24.140s][info][gc          ] GC(66) Pause Init Mark (unload classes) 0.138ms
[24.145s][info][gc,start    ] GC(66) Concurrent marking roots
[24.145s][info][gc,task     ] GC(66) Using 1 of 3 workers for concurrent marking roots
[24.146s][info][gc          ] GC(66) Concurrent marking roots 0.616ms
[24.146s][info][gc,start    ] GC(66) Concurrent marking (unload classes)
[24.146s][info][gc,task     ] GC(66) Using 1 of 3 workers for concurrent marking
[24.153s][info][gc          ] GC(66) Concurrent marking (unload classes) 7.502ms
[24.154s][info][gc,start    ] GC(66) Pause Final Mark (unload classes)
[24.154s][info][gc,task     ] GC(66) Using 3 of 3 workers for final marking
[24.154s][info][gc,ergo     ] GC(66) Adaptive CSet Selection. Target Free: 145M, Actual Free: 788M, Max CSet: 43690K, Min Garbage: 0B
[24.154s][info][gc,ergo     ] GC(66) Collectable Garbage: 802M (99%), Immediate: 597M (74%), CSet: 205M (25%)
[24.154s][info][gc,ergo     ] GC(66) Pacer for Evacuation. Used CSet: 207M, Free: 737M, Non-Taxable: 75469K, Alloc Tax Rate: 1.1x
[24.154s][info][gc          ] GC(66) Pause Final Mark (unload classes) 0.228ms
[24.154s][info][gc,start    ] GC(66) Concurrent thread roots
[24.154s][info][gc,task     ] GC(66) Using 1 of 3 workers for Concurrent thread roots
[24.154s][info][gc          ] GC(66) Concurrent thread roots 0.562ms
[24.154s][info][gc,start    ] GC(66) Concurrent weak references
[24.154s][info][gc,task     ] GC(66) Using 1 of 3 workers for concurrent weak references
[24.154s][info][gc,ref      ] GC(66) Encountered references: Soft: 132, Weak: 434, Final: 9, Phantom: 21
[24.154s][info][gc,ref      ] GC(66) Discovered  references: Soft: 0, Weak: 234, Final: 7, Phantom: 14
[24.154s][info][gc,ref      ] GC(66) Enqueued    references: Soft: 0, Weak: 0, Final: 0, Phantom: 0
[24.154s][info][gc          ] GC(66) Concurrent weak references 0.078ms
[24.154s][info][gc,start    ] GC(66) Concurrent weak roots
[24.154s][info][gc,task     ] GC(66) Using 1 of 3 workers for concurrent weak root
[24.155s][info][gc          ] GC(66) Concurrent weak roots 0.753ms
[24.155s][info][gc,start    ] GC(66) Concurrent cleanup
[24.155s][info][gc          ] GC(66) Concurrent cleanup 834M->237M(1024M) 0.085ms
[24.155s][info][gc,ergo     ] GC(66) Free: 734M, Max: 512K regular, 252M humongous, Frag: 66% external, 0% internal; Reserve: 52312K, Max: 512K
[24.155s][info][gc,start    ] GC(66) Concurrent class unloading
[24.155s][info][gc,task     ] GC(66) Using 1 of 3 workers for concurrent class unloading
[24.171s][info][gc          ] GC(66) Concurrent class unloading 15.402ms
[24.171s][info][gc,start    ] GC(66) Concurrent strong roots
[24.171s][info][gc,task     ] GC(66) Using 1 of 3 workers for concurrent strong root
[24.171s][info][gc          ] GC(66) Concurrent strong roots 0.085ms
[24.171s][info][gc,start    ] GC(66) Concurrent evacuation
[24.171s][info][gc,task     ] GC(66) Using 1 of 3 workers for concurrent evacuation
[24.173s][info][gc          ] GC(66) Concurrent evacuation 2.215ms
[24.173s][info][gc,start    ] GC(66) Pause Init Update Refs
[24.173s][info][gc,ergo     ] GC(66) Pacer for Update Refs. Used: 276M, Free: 698M, Non-Taxable: 71475K, Alloc Tax Rate: 1.1x
[24.173s][info][gc          ] GC(66) Pause Init Update Refs 0.055ms
[24.177s][info][gc,start    ] GC(66) Concurrent update references
[24.177s][info][gc,task     ] GC(66) Using 1 of 3 workers for concurrent reference update
[24.183s][info][gc          ] GC(66) Concurrent update references 5.540ms
[24.183s][info][gc,start    ] GC(66) Concurrent update thread roots
[24.186s][info][gc          ] GC(66) Concurrent update thread roots 3.839ms
[24.187s][info][gc,start    ] GC(66) Pause Final Update Refs
[24.187s][info][gc,task     ] GC(66) Using 3 of 3 workers for final reference update
[24.187s][info][gc          ] GC(66) Pause Final Update Refs 0.105ms
[24.188s][info][gc,start    ] GC(66) Concurrent cleanup
[24.188s][info][gc          ] GC(66) Concurrent cleanup 304M->97M(1024M) 0.044ms
[24.188s][info][gc,ergo     ] Free: 874M, Max: 512K regular, 523M humongous, Frag: 41% external, 0% internal; Reserve: 52736K, Max: 512K
[24.189s][info][gc,stats    ] 
[24.189s][info][gc,stats    ] All times are wall-clock times, except per-root-class counters, that are sum over
[24.189s][info][gc,stats    ] all workers. Dividing the <total> over the root stage time estimates parallelism.
[24.189s][info][gc,stats    ] 
[24.189s][info][gc,stats    ] Concurrent Reset                    974 us
[24.189s][info][gc,stats    ] Pause Init Mark (G)                5271 us
[24.189s][info][gc,stats    ] Pause Init Mark (N)                 217 us
[24.189s][info][gc,stats    ]   Update Region States               58 us
[24.189s][info][gc,stats    ] Concurrent Mark Roots               627 us, parallelism: 0.80x
[24.189s][info][gc,stats    ]   CMR: <total>                      499 us
[24.189s][info][gc,stats    ]   CMR: Thread Roots                 446 us, workers (us): 446, ---, ---, 
[24.189s][info][gc,stats    ]   CMR: VM Strong Roots                5 us, workers (us):   5, ---, ---, 
[24.189s][info][gc,stats    ]   CMR: CLDG Roots                    48 us, workers (us):  48, ---, ---, 
[24.189s][info][gc,stats    ] Concurrent Marking                 7559 us
[24.189s][info][gc,stats    ] Pause Final Mark (G)                270 us
[24.189s][info][gc,stats    ] Pause Final Mark (N)                236 us
[24.189s][info][gc,stats    ]   Finish Mark                        47 us
[24.189s][info][gc,stats    ]   Update Region States               30 us
[24.189s][info][gc,stats    ]   Choose Collection Set              81 us
[24.189s][info][gc,stats    ]   Rebuild Free Set                    9 us
[24.189s][info][gc,stats    ] Concurrent Thread Roots             571 us, parallelism: 0.88x
[24.189s][info][gc,stats    ]   CTR: <total>                      502 us
[24.189s][info][gc,stats    ]   CTR: Thread Roots                 502 us, workers (us): 502, ---, ---, 
[24.189s][info][gc,stats    ] Concurrent Weak References           85 us, parallelism: 0.23x
[24.189s][info][gc,stats    ]   CWRF: <total>                      19 us
[24.189s][info][gc,stats    ]   CWRF: Weak References              19 us, workers (us):  19, ---, ---, 
[24.189s][info][gc,stats    ] Concurrent Weak Roots               774 us
[24.189s][info][gc,stats    ]   Roots                             681 us, parallelism: 0.96x
[24.189s][info][gc,stats    ]     CWR: <total>                    652 us
[24.189s][info][gc,stats    ]     CWR: Code Cache Roots           450 us, workers (us): 450, ---, ---, 
[24.189s][info][gc,stats    ]     CWR: VM Weak Roots              199 us, workers (us): 199, ---, ---, 
[24.189s][info][gc,stats    ]     CWR: CLDG Roots                   3 us, workers (us):   3, ---, ---, 
[24.189s][info][gc,stats    ]   Rendezvous                         50 us
[24.189s][info][gc,stats    ] Concurrent Cleanup                   93 us
[24.189s][info][gc,stats    ] Concurrent Class Unloading        15456 us
[24.189s][info][gc,stats    ]   Unlink Stale                     1561 us
[24.189s][info][gc,stats    ]     System Dictionary                 2 us
[24.189s][info][gc,stats    ]     Weak Class Links                  0 us
[24.189s][info][gc,stats    ]     Code Roots                     1557 us
[24.189s][info][gc,stats    ]   Rendezvous                      13664 us
[24.189s][info][gc,stats    ]   Purge Unlinked                    158 us
[24.189s][info][gc,stats    ]     Code Roots                      152 us
[24.189s][info][gc,stats    ]     CLDG                              5 us
[24.189s][info][gc,stats    ]     Exception Caches                  0 us
[24.189s][info][gc,stats    ] Concurrent Strong Roots              93 us, parallelism: 0.54x
[24.189s][info][gc,stats    ]   CSR: <total>                       50 us
[24.189s][info][gc,stats    ]   CSR: VM Strong Roots                5 us, workers (us):   5, ---, ---, 
[24.189s][info][gc,stats    ]   CSR: CLDG Roots                    45 us, workers (us):  45, ---, ---, 
[24.189s][info][gc,stats    ] Concurrent Evacuation              2269 us
[24.189s][info][gc,stats    ] Pause Init Update Refs (G)         3875 us
[24.189s][info][gc,stats    ] Pause Init Update Refs (N)           64 us
[24.189s][info][gc,stats    ]   Manage GCLABs                       5 us
[24.189s][info][gc,stats    ] Concurrent Update Refs             5596 us
[24.189s][info][gc,stats    ] Concurrent Update Thread Roots     3869 us
[24.189s][info][gc,stats    ] Pause Final Update Refs (G)        1893 us
[24.189s][info][gc,stats    ] Pause Final Update Refs (N)         145 us
[24.189s][info][gc,stats    ]   Update Region States               45 us
[24.189s][info][gc,stats    ]   Trash Collection Set               12 us
[24.189s][info][gc,stats    ]   Rebuild Free Set                   16 us
[24.189s][info][gc,stats    ] Concurrent Cleanup                   53 us
[24.189s][info][gc,stats    ] Pacing                            75566 us
[24.189s][info][gc,stats    ] 
[24.189s][info][gc,stats    ] Allocation pacing accrued:
[24.189s][info][gc,stats    ]      13 of   381 ms (  3.5%): Thread-30
[24.189s][info][gc,stats    ]      12 of   381 ms (  3.2%): Thread-31
[24.189s][info][gc,stats    ]      13 of   381 ms (  3.5%): Thread-32
[24.189s][info][gc,stats    ]      12 of   381 ms (  3.3%): Thread-33
[24.189s][info][gc,stats    ]      12 of   381 ms (  3.2%): Thread-34
[24.189s][info][gc,stats    ]      12 of   381 ms (  3.2%): Thread-35
[24.189s][info][gc,stats    ]      76 of   381 ms ( 19.8%): <total>
[24.189s][info][gc,stats    ]       4 of   381 ms (  1.0%): <average total>
[24.189s][info][gc,stats    ]      13 of   381 ms (  3.3%): <average non-zero>
[24.189s][info][gc,stats    ] 
[24.189s][info][gc,metaspace] Metaspace: 6245K(6400K)->6245K(6400K) NonClass: 5639K(5696K)->5639K(5696K) Class: 606K(704K)->606K(704K)
[24.189s][info][gc,ergo     ] Pacer for Idle. Initial: 20971K, Alloc Tax Rate: 1.0x
[24.518s][info][gc          ] Trigger: Average GC time (56.28 ms) is above the time for average allocation rate (2075 MB/s) to deplete free headroom (109M) (margin of error = 1.79)
[24.518s][info][gc,ergo     ] Free headroom: 161M (free) - 52428K (spike) - 0B (penalties) = 109M
[24.518s][info][gc,ergo     ] Free: 161M, Max: 512K regular, 137M humongous, Frag: 15% external, 0% internal; Reserve: 52736K, Max: 512K
[24.518s][info][gc,start    ] GC(67) Concurrent reset
[24.518s][info][gc,task     ] GC(67) Using 1 of 3 workers for concurrent reset
[24.518s][info][gc,ergo     ] GC(67) Pacer for Reset. Non-Taxable: 1024M
[24.519s][info][gc          ] GC(67) Concurrent reset 0.871ms
[24.519s][info][gc,start    ] GC(67) Pause Init Mark (unload classes)
[24.519s][info][gc,task     ] GC(67) Using 3 of 3 workers for init marking
[24.519s][info][gc,ergo     ] GC(67) Pacer for Mark. Expected Live: 14291K, Free: 159M, Non-Taxable: 16333K, Alloc Tax Rate: 0.1x
[24.519s][info][gc          ] GC(67) Pause Init Mark (unload classes) 0.134ms
[24.521s][info][gc,start    ] GC(67) Concurrent marking roots
[24.521s][info][gc,task     ] GC(67) Using 1 of 3 workers for concurrent marking roots
[24.521s][info][gc          ] GC(67) Concurrent marking roots 0.589ms
[24.521s][info][gc,start    ] GC(67) Concurrent marking (unload classes)
[24.521s][info][gc,task     ] GC(67) Using 1 of 3 workers for concurrent marking
[24.534s][info][gc          ] GC(67) Concurrent marking (unload classes) 12.479ms
[24.534s][info][gc,start    ] GC(67) Pause Final Mark (unload classes)
[24.534s][info][gc,task     ] GC(67) Using 3 of 3 workers for final marking
[24.534s][info][gc,ergo     ] GC(67) Adaptive CSet Selection. Target Free: 145M, Actual Free: 751M, Max CSet: 43690K, Min Garbage: 0B
[24.534s][info][gc,ergo     ] GC(67) Collectable Garbage: 797M (99%), Immediate: 564M (70%), CSet: 233M (29%)
[24.534s][info][gc,ergo     ] GC(67) Pacer for Evacuation. Used CSet: 235M, Free: 700M, Non-Taxable: 71680K, Alloc Tax Rate: 1.1x
[24.534s][info][gc          ] GC(67) Pause Final Mark (unload classes) 0.234ms
[24.542s][info][gc,start    ] GC(67) Concurrent thread roots
[24.542s][info][gc,task     ] GC(67) Using 1 of 3 workers for Concurrent thread roots
[24.542s][info][gc          ] GC(67) Concurrent thread roots 0.551ms
[24.542s][info][gc,start    ] GC(67) Concurrent weak references
[24.542s][info][gc,task     ] GC(67) Using 1 of 3 workers for concurrent weak references
[24.542s][info][gc,ref      ] GC(67) Encountered references: Soft: 132, Weak: 434, Final: 9, Phantom: 21
[24.542s][info][gc,ref      ] GC(67) Discovered  references: Soft: 0, Weak: 234, Final: 7, Phantom: 14
[24.542s][info][gc,ref      ] GC(67) Enqueued    references: Soft: 0, Weak: 0, Final: 0, Phantom: 0
[24.542s][info][gc          ] GC(67) Concurrent weak references 0.062ms
[24.542s][info][gc,start    ] GC(67) Concurrent weak roots
[24.542s][info][gc,task     ] GC(67) Using 1 of 3 workers for concurrent weak root
[24.543s][info][gc          ] GC(67) Concurrent weak roots 1.108ms
[24.543s][info][gc,start    ] GC(67) Concurrent cleanup
[24.544s][info][gc          ] GC(67) Concurrent cleanup 849M->285M(1024M) 0.084ms
[24.544s][info][gc,ergo     ] GC(67) Free: 686M, Max: 512K regular, 252M humongous, Frag: 64% external, 0% internal; Reserve: 52346K, Max: 512K
[24.544s][info][gc,start    ] GC(67) Concurrent class unloading
[24.544s][info][gc,task     ] GC(67) Using 1 of 3 workers for concurrent class unloading
[24.546s][info][gc          ] GC(67) Concurrent class unloading 2.034ms
[24.546s][info][gc,start    ] GC(67) Concurrent strong roots
[24.546s][info][gc,task     ] GC(67) Using 1 of 3 workers for concurrent strong root
[24.546s][info][gc          ] GC(67) Concurrent strong roots 0.113ms
[24.546s][info][gc,start    ] GC(67) Concurrent evacuation
[24.546s][info][gc,task     ] GC(67) Using 1 of 3 workers for concurrent evacuation
[24.548s][info][gc          ] GC(67) Concurrent evacuation 2.605ms
[24.548s][info][gc,start    ] GC(67) Pause Init Update Refs
[24.549s][info][gc,ergo     ] GC(67) Pacer for Update Refs. Used: 294M, Free: 680M, Non-Taxable: 69632K, Alloc Tax Rate: 1.1x
[24.549s][info][gc          ] GC(67) Pause Init Update Refs 0.033ms
[24.556s][info][gc,start    ] GC(67) Concurrent update references
[24.556s][info][gc,task     ] GC(67) Using 1 of 3 workers for concurrent reference update
[24.562s][info][gc          ] GC(67) Concurrent update references 6.703ms
[24.562s][info][gc,start    ] GC(67) Concurrent update thread roots
[24.563s][info][gc          ] GC(67) Concurrent update thread roots 0.600ms
[24.563s][info][gc,start    ] GC(67) Pause Final Update Refs
[24.563s][info][gc,task     ] GC(67) Using 3 of 3 workers for final reference update
[24.563s][info][gc          ] GC(67) Pause Final Update Refs 0.104ms
[24.565s][info][gc,start    ] GC(67) Concurrent cleanup
[24.565s][info][gc          ] GC(67) Concurrent cleanup 316M->80M(1024M) 0.046ms
[24.565s][info][gc,ergo     ] Free: 890M, Max: 512K regular, 500M humongous, Frag: 44% external, 0% internal; Reserve: 52736K, Max: 512K
[24.565s][info][gc,stats    ] 
[24.565s][info][gc,stats    ] All times are wall-clock times, except per-root-class counters, that are sum over
[24.565s][info][gc,stats    ] all workers. Dividing the <total> over the root stage time estimates parallelism.
[24.565s][info][gc,stats    ] 
[24.565s][info][gc,stats    ] Concurrent Reset                    912 us
[24.565s][info][gc,stats    ] Pause Init Mark (G)                1634 us
[24.565s][info][gc,stats    ] Pause Init Mark (N)                 144 us
[24.565s][info][gc,stats    ]   Update Region States               43 us
[24.565s][info][gc,stats    ] Concurrent Mark Roots               599 us, parallelism: 0.86x
[24.565s][info][gc,stats    ]   CMR: <total>                      517 us
[24.565s][info][gc,stats    ]   CMR: Thread Roots                 469 us, workers (us): 469, ---, ---, 
[24.565s][info][gc,stats    ]   CMR: VM Strong Roots                6 us, workers (us):   6, ---, ---, 
[24.565s][info][gc,stats    ]   CMR: CLDG Roots                    42 us, workers (us):  42, ---, ---, 
[24.565s][info][gc,stats    ] Concurrent Marking                12535 us
[24.565s][info][gc,stats    ] Pause Final Mark (G)               8070 us
[24.565s][info][gc,stats    ] Pause Final Mark (N)                243 us
[24.565s][info][gc,stats    ]   Finish Mark                        49 us
[24.565s][info][gc,stats    ]   Update Region States               39 us
[24.565s][info][gc,stats    ]   Choose Collection Set              91 us
[24.565s][info][gc,stats    ]   Rebuild Free Set                    8 us
[24.565s][info][gc,stats    ] Concurrent Thread Roots             568 us, parallelism: 0.78x
[24.565s][info][gc,stats    ]   CTR: <total>                      441 us
[24.565s][info][gc,stats    ]   CTR: Thread Roots                 441 us, workers (us): 441, ---, ---, 
[24.565s][info][gc,stats    ] Concurrent Weak References           69 us, parallelism: 0.19x
[24.565s][info][gc,stats    ]   CWRF: <total>                      13 us
[24.565s][info][gc,stats    ]   CWRF: Weak References              13 us, workers (us):  13, ---, ---, 
[24.565s][info][gc,stats    ] Concurrent Weak Roots              1122 us
[24.565s][info][gc,stats    ]   Roots                             490 us, parallelism: 0.96x
[24.565s][info][gc,stats    ]     CWR: <total>                    472 us
[24.565s][info][gc,stats    ]     CWR: Code Cache Roots           364 us, workers (us): 364, ---, ---, 
[24.565s][info][gc,stats    ]     CWR: VM Weak Roots              106 us, workers (us): 106, ---, ---, 
[24.565s][info][gc,stats    ]     CWR: CLDG Roots                   2 us, workers (us):   2, ---, ---, 
[24.565s][info][gc,stats    ]   Rendezvous                        603 us
[24.565s][info][gc,stats    ] Concurrent Cleanup                   92 us
[24.565s][info][gc,stats    ] Concurrent Class Unloading         2059 us
[24.565s][info][gc,stats    ]   Unlink Stale                     1472 us
[24.565s][info][gc,stats    ]     System Dictionary                 2 us
[24.565s][info][gc,stats    ]     Weak Class Links                  0 us
[24.565s][info][gc,stats    ]     Code Roots                     1469 us
[24.565s][info][gc,stats    ]   Rendezvous                        500 us
[24.565s][info][gc,stats    ]   Purge Unlinked                     46 us
[24.565s][info][gc,stats    ]     Code Roots                       41 us
[24.565s][info][gc,stats    ]     CLDG                              4 us
[24.565s][info][gc,stats    ]     Exception Caches                  0 us
[24.565s][info][gc,stats    ] Concurrent Strong Roots             122 us, parallelism: 0.44x
[24.565s][info][gc,stats    ]   CSR: <total>                       54 us
[24.565s][info][gc,stats    ]   CSR: VM Strong Roots                4 us, workers (us):   4, ---, ---, 
[24.565s][info][gc,stats    ]   CSR: CLDG Roots                    50 us, workers (us):  50, ---, ---, 
[24.565s][info][gc,stats    ] Concurrent Evacuation              2648 us
[24.565s][info][gc,stats    ] Pause Init Update Refs (G)         7106 us
[24.565s][info][gc,stats    ] Pause Init Update Refs (N)           41 us
[24.565s][info][gc,stats    ]   Manage GCLABs                       3 us
[24.565s][info][gc,stats    ] Concurrent Update Refs             6750 us
[24.565s][info][gc,stats    ] Concurrent Update Thread Roots      615 us
[24.565s][info][gc,stats    ] Pause Final Update Refs (G)        2009 us
[24.565s][info][gc,stats    ] Pause Final Update Refs (N)         124 us
[24.565s][info][gc,stats    ]   Update Region States               41 us
[24.565s][info][gc,stats    ]   Trash Collection Set                9 us
[24.565s][info][gc,stats    ]   Rebuild Free Set                   14 us
[24.565s][info][gc,stats    ] Concurrent Cleanup                   55 us
[24.565s][info][gc,stats    ] Pacing                            32830 us
[24.565s][info][gc,stats    ] 
[24.565s][info][gc,stats    ] Allocation pacing accrued:
[24.566s][info][gc,stats    ]       5 of   376 ms (  1.4%): Thread-30
[24.566s][info][gc,stats    ]       6 of   376 ms (  1.6%): Thread-31
[24.566s][info][gc,stats    ]       6 of   376 ms (  1.5%): Thread-32
[24.566s][info][gc,stats    ]       5 of   376 ms (  1.4%): Thread-33
[24.566s][info][gc,stats    ]       5 of   376 ms (  1.4%): Thread-34
[24.566s][info][gc,stats    ]       6 of   376 ms (  1.5%): Thread-35
[24.566s][info][gc,stats    ]      33 of   376 ms (  8.7%): <total>
[24.566s][info][gc,stats    ]       2 of   376 ms (  0.4%): <average total>
[24.566s][info][gc,stats    ]       5 of   376 ms (  1.5%): <average non-zero>
[24.566s][info][gc,stats    ] 
[24.566s][info][gc,metaspace] Metaspace: 6245K(6400K)->6245K(6400K) NonClass: 5639K(5696K)->5639K(5696K) Class: 606K(704K)->606K(704K)
[24.566s][info][gc,ergo     ] Pacer for Idle. Initial: 20971K, Alloc Tax Rate: 1.0x
[24.959s][info][gc          ] Trigger: Average GC time (53.42 ms) is above the time for average allocation rate (1986 MB/s) to deplete free headroom (89399K) (margin of error = 1.78)
[24.960s][info][gc,ergo     ] Free headroom: 138M (free) - 52428K (spike) - 0B (penalties) = 89399K
[24.960s][info][gc,ergo     ] Free: 138M, Max: 512K regular, 122M humongous, Frag: 12% external, 0% internal; Reserve: 52736K, Max: 512K
[24.960s][info][gc,start    ] GC(68) Concurrent reset
[24.960s][info][gc,task     ] GC(68) Using 1 of 3 workers for concurrent reset
[24.960s][info][gc,ergo     ] GC(68) Pacer for Reset. Non-Taxable: 1024M
[24.961s][info][gc          ] GC(68) Concurrent reset 0.983ms
[24.961s][info][gc,start    ] GC(68) Pause Init Mark (unload classes)
[24.961s][info][gc,task     ] GC(68) Using 3 of 3 workers for init marking
[24.961s][info][gc,ergo     ] GC(68) Pacer for Mark. Expected Live: 14314K, Free: 136M, Non-Taxable: 13978K, Alloc Tax Rate: 0.1x
[24.961s][info][gc          ] GC(68) Pause Init Mark (unload classes) 0.127ms
[24.968s][info][gc,start    ] GC(68) Concurrent marking roots
[24.968s][info][gc,task     ] GC(68) Using 1 of 3 workers for concurrent marking roots
[24.968s][info][gc          ] GC(68) Concurrent marking roots 0.591ms
[24.968s][info][gc,start    ] GC(68) Concurrent marking (unload classes)
[24.968s][info][gc,task     ] GC(68) Using 1 of 3 workers for concurrent marking
[24.974s][info][gc          ] GC(68) Concurrent marking (unload classes) 6.019ms
[24.974s][info][gc,start    ] GC(68) Pause Final Mark (unload classes)
[24.974s][info][gc,task     ] GC(68) Using 3 of 3 workers for final marking
[24.974s][info][gc,ergo     ] GC(68) Collectable Garbage: 752M (91%), Immediate: 752M (91%), CSet: 0B (0%)
[24.975s][info][gc          ] GC(68) Pause Final Mark (unload classes) 0.279ms
[24.975s][info][gc,start    ] GC(68) Concurrent weak references
[24.975s][info][gc,task     ] GC(68) Using 1 of 3 workers for concurrent weak references
[24.975s][info][gc,ref      ] GC(68) Encountered references: Soft: 132, Weak: 434, Final: 9, Phantom: 21
[24.975s][info][gc,ref      ] GC(68) Discovered  references: Soft: 0, Weak: 234, Final: 7, Phantom: 14
[24.975s][info][gc,ref      ] GC(68) Enqueued    references: Soft: 0, Weak: 0, Final: 0, Phantom: 0
[24.975s][info][gc          ] GC(68) Concurrent weak references 0.067ms
[24.975s][info][gc,start    ] GC(68) Concurrent weak roots
[24.975s][info][gc,task     ] GC(68) Using 1 of 3 workers for concurrent weak root
[24.975s][info][gc          ] GC(68) Concurrent weak roots 0.811ms
[24.975s][info][gc,start    ] GC(68) Concurrent cleanup
[24.976s][info][gc          ] GC(68) Concurrent cleanup 850M->98M(1024M) 0.135ms
[24.976s][info][gc,ergo     ] GC(68) Free: 872M, Max: 512K regular, 385M humongous, Frag: 56% external, 0% internal; Reserve: 52736K, Max: 512K
[24.976s][info][gc,start    ] GC(68) Concurrent class unloading
[24.976s][info][gc,task     ] GC(68) Using 1 of 3 workers for concurrent class unloading
[24.979s][info][gc          ] GC(68) Concurrent class unloading 3.420ms
[24.979s][info][gc,start    ] GC(68) Pause Final Roots
[24.979s][info][gc          ] GC(68) Pause Final Roots 0.024ms
[24.981s][info][gc,ergo     ] Free: 863M, Max: 512K regular, 385M humongous, Frag: 56% external, 0% internal; Reserve: 52736K, Max: 512K
[24.981s][info][gc,stats    ] 
[24.981s][info][gc,stats    ] All times are wall-clock times, except per-root-class counters, that are sum over
[24.981s][info][gc,stats    ] all workers. Dividing the <total> over the root stage time estimates parallelism.
[24.981s][info][gc,stats    ] 
[24.981s][info][gc,stats    ] Concurrent Reset                   1020 us
[24.981s][info][gc,stats    ] Pause Init Mark (G)                6964 us
[24.981s][info][gc,stats    ] Pause Init Mark (N)                 137 us
[24.981s][info][gc,stats    ]   Update Region States               46 us
[24.981s][info][gc,stats    ] Concurrent Mark Roots               601 us, parallelism: 0.85x
[24.981s][info][gc,stats    ]   CMR: <total>                      509 us
[24.981s][info][gc,stats    ]   CMR: Thread Roots                 459 us, workers (us): 459, ---, ---, 
[24.981s][info][gc,stats    ]   CMR: VM Strong Roots                7 us, workers (us):   7, ---, ---, 
[24.981s][info][gc,stats    ]   CMR: CLDG Roots                    44 us, workers (us):  44, ---, ---, 
[24.981s][info][gc,stats    ] Concurrent Marking                 6068 us
[24.981s][info][gc,stats    ] Pause Final Mark (G)                351 us
[24.981s][info][gc,stats    ] Pause Final Mark (N)                301 us
[24.981s][info][gc,stats    ]   Finish Mark                        59 us
[24.981s][info][gc,stats    ]   Update Region States               50 us
[24.981s][info][gc,stats    ]   Choose Collection Set              75 us
[24.981s][info][gc,stats    ]   Rebuild Free Set                   22 us
[24.981s][info][gc,stats    ] Concurrent Weak References           74 us, parallelism: 0.06x
[24.981s][info][gc,stats    ]   CWRF: <total>                       4 us
[24.981s][info][gc,stats    ]   CWRF: Weak References               4 us, workers (us):   4, ---, ---, 
[24.981s][info][gc,stats    ] Concurrent Weak Roots               839 us
[24.981s][info][gc,stats    ]   Roots                             572 us, parallelism: 0.94x
[24.981s][info][gc,stats    ]     CWR: <total>                    539 us
[24.981s][info][gc,stats    ]     CWR: Code Cache Roots           423 us, workers (us): 423, ---, ---, 
[24.981s][info][gc,stats    ]     CWR: VM Weak Roots              114 us, workers (us): 114, ---, ---, 
[24.981s][info][gc,stats    ]     CWR: CLDG Roots                   2 us, workers (us):   2, ---, ---, 
[24.981s][info][gc,stats    ]   Rendezvous                        222 us
[24.981s][info][gc,stats    ] Concurrent Cleanup                  143 us
[24.981s][info][gc,stats    ] Concurrent Class Unloading         3449 us
[24.981s][info][gc,stats    ]   Unlink Stale                     1536 us
[24.981s][info][gc,stats    ]     System Dictionary                 2 us
[24.981s][info][gc,stats    ]     Weak Class Links                  0 us
[24.981s][info][gc,stats    ]     Code Roots                     1534 us
[24.981s][info][gc,stats    ]   Rendezvous                       1798 us
[24.981s][info][gc,stats    ]   Purge Unlinked                     68 us
[24.981s][info][gc,stats    ]     Code Roots                       64 us
[24.981s][info][gc,stats    ]     CLDG                              4 us
[24.981s][info][gc,stats    ]     Exception Caches                  0 us
[24.981s][info][gc,stats    ] Pause Final Roots (G)              1941 us
[24.981s][info][gc,stats    ] Pause Final Roots (N)                33 us
[24.981s][info][gc,stats    ] Pacing                            67315 us
[24.981s][info][gc,stats    ] 
[24.981s][info][gc,stats    ] Allocation pacing accrued:
[24.981s][info][gc,stats    ]      11 of   416 ms (  2.7%): Thread-30
[24.981s][info][gc,stats    ]      11 of   416 ms (  2.6%): Thread-31
[24.981s][info][gc,stats    ]      11 of   416 ms (  2.8%): Thread-32
[24.981s][info][gc,stats    ]      11 of   416 ms (  2.5%): Thread-33
[24.981s][info][gc,stats    ]      12 of   416 ms (  2.9%): Thread-34
[24.982s][info][gc,stats    ]      11 of   416 ms (  2.7%): Thread-35
[24.982s][info][gc,stats    ]      67 of   416 ms ( 16.2%): <total>
[24.982s][info][gc,stats    ]       3 of   416 ms (  0.8%): <average total>
[24.982s][info][gc,stats    ]      11 of   416 ms (  2.7%): <average non-zero>
[24.982s][info][gc,stats    ] 
[24.982s][info][gc,metaspace] Metaspace: 6245K(6400K)->6245K(6400K) NonClass: 5639K(5696K)->5639K(5696K) Class: 606K(704K)->606K(704K)
[24.982s][info][gc,ergo     ] Pacer for Idle. Initial: 20971K, Alloc Tax Rate: 1.0x
[25.291s][info][gc          ] Trigger: Average GC time (58.69 ms) is above the time for average allocation rate (2242 MB/s) to deplete free headroom (104M) (margin of error = 1.78)
[25.291s][info][gc,ergo     ] Free headroom: 155M (free) - 52428K (spike) - 0B (penalties) = 104M
[25.291s][info][gc,ergo     ] Free: 155M, Max: 512K regular, 122M humongous, Frag: 22% external, 0% internal; Reserve: 52736K, Max: 512K
[25.291s][info][gc,start    ] GC(69) Concurrent reset
[25.291s][info][gc,task     ] GC(69) Using 1 of 3 workers for concurrent reset
[25.291s][info][gc,ergo     ] GC(69) Pacer for Reset. Non-Taxable: 1024M
[25.291s][info][gc          ] GC(69) Concurrent reset 0.334ms
[25.291s][info][gc,start    ] GC(69) Pause Init Mark (unload classes)
[25.292s][info][gc,task     ] GC(69) Using 3 of 3 workers for init marking
[25.292s][info][gc,ergo     ] GC(69) Pacer for Mark. Expected Live: 14247K, Free: 154M, Non-Taxable: 15821K, Alloc Tax Rate: 0.1x
[25.292s][info][gc          ] GC(69) Pause Init Mark (unload classes) 0.130ms
[25.297s][info][gc,start    ] GC(69) Concurrent marking roots
[25.297s][info][gc,task     ] GC(69) Using 1 of 3 workers for concurrent marking roots
[25.298s][info][gc          ] GC(69) Concurrent marking roots 0.568ms
[25.298s][info][gc,start    ] GC(69) Concurrent marking (unload classes)
[25.298s][info][gc,task     ] GC(69) Using 1 of 3 workers for concurrent marking
[25.304s][info][gc          ] GC(69) Concurrent marking (unload classes) 6.142ms
[25.304s][info][gc,start    ] GC(69) Pause Final Mark (unload classes)
[25.304s][info][gc,task     ] GC(69) Using 3 of 3 workers for final marking
[25.304s][info][gc,ergo     ] GC(69) Collectable Garbage: 753M (93%), Immediate: 753M (93%), CSet: 0B (0%)
[25.304s][info][gc          ] GC(69) Pause Final Mark (unload classes) 0.285ms
[25.304s][info][gc,start    ] GC(69) Concurrent weak references
[25.304s][info][gc,task     ] GC(69) Using 1 of 3 workers for concurrent weak references
[25.304s][info][gc,ref      ] GC(69) Encountered references: Soft: 132, Weak: 434, Final: 9, Phantom: 21
[25.304s][info][gc,ref      ] GC(69) Discovered  references: Soft: 0, Weak: 234, Final: 7, Phantom: 14
[25.304s][info][gc,ref      ] GC(69) Enqueued    references: Soft: 0, Weak: 0, Final: 0, Phantom: 0
[25.304s][info][gc          ] GC(69) Concurrent weak references 0.135ms
[25.304s][info][gc,start    ] GC(69) Concurrent weak roots
[25.304s][info][gc,task     ] GC(69) Using 1 of 3 workers for concurrent weak root
[25.305s][info][gc          ] GC(69) Concurrent weak roots 0.517ms
[25.305s][info][gc,start    ] GC(69) Concurrent cleanup
[25.305s][info][gc          ] GC(69) Concurrent cleanup 831M->78M(1024M) 0.153ms
[25.305s][info][gc,ergo     ] GC(69) Free: 893M, Max: 512K regular, 346M humongous, Frag: 62% external, 0% internal; Reserve: 52736K, Max: 512K
[25.305s][info][gc,start    ] GC(69) Concurrent class unloading
[25.305s][info][gc,task     ] GC(69) Using 1 of 3 workers for concurrent class unloading
[25.307s][info][gc          ] GC(69) Concurrent class unloading 2.214ms
[25.307s][info][gc,start    ] GC(69) Pause Final Roots
[25.308s][info][gc          ] GC(69) Pause Final Roots 0.044ms
[25.315s][info][gc,ergo     ] Free: 876M, Max: 512K regular, 346M humongous, Frag: 61% external, 0% internal; Reserve: 52736K, Max: 512K
[25.315s][info][gc,stats    ] 
[25.315s][info][gc,stats    ] All times are wall-clock times, except per-root-class counters, that are sum over
[25.315s][info][gc,stats    ] all workers. Dividing the <total> over the root stage time estimates parallelism.
[25.315s][info][gc,stats    ] 
[25.315s][info][gc,stats    ] Concurrent Reset                    351 us
[25.315s][info][gc,stats    ] Pause Init Mark (G)                5774 us
[25.316s][info][gc,stats    ] Pause Init Mark (N)                 140 us
[25.316s][info][gc,stats    ]   Update Region States               42 us
[25.316s][info][gc,stats    ] Concurrent Mark Roots               590 us, parallelism: 0.82x
[25.316s][info][gc,stats    ]   CMR: <total>                      486 us
[25.316s][info][gc,stats    ]   CMR: Thread Roots                 434 us, workers (us): 434, ---, ---, 
[25.316s][info][gc,stats    ]   CMR: VM Strong Roots                6 us, workers (us):   6, ---, ---, 
[25.316s][info][gc,stats    ]   CMR: CLDG Roots                    46 us, workers (us):  46, ---, ---, 
[25.316s][info][gc,stats    ] Concurrent Marking                 6190 us
[25.316s][info][gc,stats    ] Pause Final Mark (G)                364 us
[25.316s][info][gc,stats    ] Pause Final Mark (N)                307 us
[25.316s][info][gc,stats    ]   Finish Mark                        64 us
[25.316s][info][gc,stats    ]   Update Region States               55 us
[25.316s][info][gc,stats    ]   Choose Collection Set              75 us
[25.316s][info][gc,stats    ]   Rebuild Free Set                   22 us
[25.316s][info][gc,stats    ] Concurrent Weak References          150 us, parallelism: 0.06x
[25.316s][info][gc,stats    ]   CWRF: <total>                       8 us
[25.316s][info][gc,stats    ]   CWRF: Weak References               8 us, workers (us):   8, ---, ---, 
[25.316s][info][gc,stats    ] Concurrent Weak Roots               537 us
[25.316s][info][gc,stats    ]   Roots                             429 us, parallelism: 0.92x
[25.316s][info][gc,stats    ]     CWR: <total>                    395 us
[25.316s][info][gc,stats    ]     CWR: Code Cache Roots           334 us, workers (us): 334, ---, ---, 
[25.316s][info][gc,stats    ]     CWR: VM Weak Roots               59 us, workers (us):  59, ---, ---, 
[25.316s][info][gc,stats    ]     CWR: CLDG Roots                   3 us, workers (us):   3, ---, ---, 
[25.316s][info][gc,stats    ]   Rendezvous                         55 us
[25.316s][info][gc,stats    ] Concurrent Cleanup                  161 us
[25.316s][info][gc,stats    ] Concurrent Class Unloading         2244 us
[25.316s][info][gc,stats    ]   Unlink Stale                     1782 us
[25.316s][info][gc,stats    ]     System Dictionary                 1 us
[25.316s][info][gc,stats    ]     Weak Class Links                  0 us
[25.316s][info][gc,stats    ]     Code Roots                     1779 us
[25.316s][info][gc,stats    ]   Rendezvous                        355 us
[25.316s][info][gc,stats    ]   Purge Unlinked                     61 us
[25.316s][info][gc,stats    ]     Code Roots                       57 us
[25.316s][info][gc,stats    ]     CLDG                              4 us
[25.316s][info][gc,stats    ]     Exception Caches                  0 us
[25.316s][info][gc,stats    ] Pause Final Roots (G)              7946 us
[25.316s][info][gc,stats    ] Pause Final Roots (N)                62 us
[25.316s][info][gc,stats    ] Pacing                            43788 us
[25.316s][info][gc,stats    ] 
[25.316s][info][gc,stats    ] Allocation pacing accrued:
[25.316s][info][gc,stats    ]       7 of   334 ms (  2.2%): Thread-30
[25.316s][info][gc,stats    ]       8 of   334 ms (  2.3%): Thread-31
[25.316s][info][gc,stats    ]       7 of   334 ms (  2.0%): Thread-32
[25.316s][info][gc,stats    ]       8 of   334 ms (  2.3%): Thread-33
[25.316s][info][gc,stats    ]       7 of   334 ms (  2.1%): Thread-34
[25.316s][info][gc,stats    ]       7 of   334 ms (  2.1%): Thread-35
[25.316s][info][gc,stats    ]      44 of   334 ms ( 13.1%): <total>
[25.316s][info][gc,stats    ]       2 of   334 ms (  0.7%): <average total>
[25.316s][info][gc,stats    ]       7 of   334 ms (  2.2%): <average non-zero>
[25.316s][info][gc,stats    ] 
[25.316s][info][gc,metaspace] Metaspace: 6245K(6400K)->6245K(6400K) NonClass: 5639K(5696K)->5639K(5696K) Class: 606K(704K)->606K(704K)
[25.316s][info][gc,ergo     ] Pacer for Idle. Initial: 20971K, Alloc Tax Rate: 1.0x
[25.717s][info][gc          ] Trigger: Average GC time (48.84 ms) is above the time for average allocation rate (1914 MB/s) to deplete free headroom (76087K) (margin of error = 1.78)
[25.717s][info][gc,ergo     ] Free headroom: 125M (free) - 52428K (spike) - 0B (penalties) = 76087K
[25.717s][info][gc,ergo     ] Free: 125M, Max: 512K regular, 125M humongous, Frag: 0% external, 0% internal; Reserve: 52736K, Max: 512K
[25.717s][info][gc,start    ] GC(70) Concurrent reset
[25.717s][info][gc,task     ] GC(70) Using 1 of 3 workers for concurrent reset
[25.717s][info][gc,ergo     ] GC(70) Pacer for Reset. Non-Taxable: 1024M
[25.717s][info][gc          ] GC(70) Concurrent reset 0.282ms
[25.718s][info][gc,start    ] GC(70) Pause Init Mark (unload classes)
[25.718s][info][gc,task     ] GC(70) Using 3 of 3 workers for init marking
[25.718s][info][gc,ergo     ] GC(70) Pacer for Mark. Expected Live: 14243K, Free: 125M, Non-Taxable: 12800K, Alloc Tax Rate: 0.1x
[25.718s][info][gc          ] GC(70) Pause Init Mark (unload classes) 0.114ms
[25.719s][info][gc,start    ] GC(70) Concurrent marking roots
[25.719s][info][gc,task     ] GC(70) Using 1 of 3 workers for concurrent marking roots
[25.720s][info][gc          ] GC(70) Concurrent marking roots 0.600ms
[25.720s][info][gc,start    ] GC(70) Concurrent marking (unload classes)
[25.720s][info][gc,task     ] GC(70) Using 1 of 3 workers for concurrent marking
[25.733s][info][gc          ] GC(70) Concurrent marking (unload classes) 13.033ms
[25.733s][info][gc,start    ] GC(70) Pause Final Mark (unload classes)
[25.733s][info][gc,task     ] GC(70) Using 3 of 3 workers for final marking
[25.733s][info][gc,ergo     ] GC(70) Collectable Garbage: 770M (92%), Immediate: 770M (92%), CSet: 0B (0%)
[25.733s][info][gc          ] GC(70) Pause Final Mark (unload classes) 0.189ms
[25.737s][info][gc,start    ] GC(70) Concurrent weak references
[25.737s][info][gc,task     ] GC(70) Using 1 of 3 workers for concurrent weak references
[25.737s][info][gc,ref      ] GC(70) Encountered references: Soft: 132, Weak: 434, Final: 9, Phantom: 21
[25.737s][info][gc,ref      ] GC(70) Discovered  references: Soft: 0, Weak: 234, Final: 7, Phantom: 14
[25.737s][info][gc,ref      ] GC(70) Enqueued    references: Soft: 0, Weak: 0, Final: 0, Phantom: 0
[25.737s][info][gc          ] GC(70) Concurrent weak references 0.073ms
[25.737s][info][gc,start    ] GC(70) Concurrent weak roots
[25.737s][info][gc,task     ] GC(70) Using 1 of 3 workers for concurrent weak root
[25.743s][info][gc          ] GC(70) Concurrent weak roots 5.929ms
[25.743s][info][gc,start    ] GC(70) Concurrent cleanup
[25.743s][info][gc          ] GC(70) Concurrent cleanup 889M->119M(1024M) 0.118ms
[25.743s][info][gc,ergo     ] GC(70) Free: 852M, Max: 512K regular, 358M humongous, Frag: 58% external, 0% internal; Reserve: 52736K, Max: 512K
[25.743s][info][gc,start    ] GC(70) Concurrent class unloading
[25.743s][info][gc,task     ] GC(70) Using 1 of 3 workers for concurrent class unloading
[25.747s][info][gc          ] GC(70) Concurrent class unloading 4.021ms
[25.747s][info][gc,start    ] GC(70) Pause Final Roots
[25.747s][info][gc          ] GC(70) Pause Final Roots 0.012ms
[25.755s][info][gc,ergo     ] Free: 833M, Max: 512K regular, 358M humongous, Frag: 57% external, 0% internal; Reserve: 52736K, Max: 512K
[25.755s][info][gc,stats    ] 
[25.755s][info][gc,stats    ] All times are wall-clock times, except per-root-class counters, that are sum over
[25.755s][info][gc,stats    ] all workers. Dividing the <total> over the root stage time estimates parallelism.
[25.755s][info][gc,stats    ] 
[25.755s][info][gc,stats    ] Concurrent Reset                    296 us
[25.755s][info][gc,stats    ] Pause Init Mark (G)                1954 us
[25.755s][info][gc,stats    ] Pause Init Mark (N)                 123 us
[25.755s][info][gc,stats    ]   Update Region States               41 us
[25.755s][info][gc,stats    ] Concurrent Mark Roots               610 us, parallelism: 0.85x
[25.755s][info][gc,stats    ]   CMR: <total>                      516 us
[25.755s][info][gc,stats    ]   CMR: Thread Roots                 468 us, workers (us): 468, ---, ---, 
[25.755s][info][gc,stats    ]   CMR: VM Strong Roots                5 us, workers (us):   5, ---, ---, 
[25.755s][info][gc,stats    ]   CMR: CLDG Roots                    43 us, workers (us):  43, ---, ---, 
[25.755s][info][gc,stats    ] Concurrent Marking                13083 us
[25.755s][info][gc,stats    ] Pause Final Mark (G)               3936 us
[25.755s][info][gc,stats    ] Pause Final Mark (N)                200 us
[25.755s][info][gc,stats    ]   Finish Mark                        48 us
[25.755s][info][gc,stats    ]   Update Region States               41 us
[25.755s][info][gc,stats    ]   Choose Collection Set              64 us
[25.755s][info][gc,stats    ]   Rebuild Free Set                    8 us
[25.755s][info][gc,stats    ] Concurrent Weak References           81 us, parallelism: 0.12x
[25.755s][info][gc,stats    ]   CWRF: <total>                       9 us
[25.755s][info][gc,stats    ]   CWRF: Weak References               9 us, workers (us):   9, ---, ---, 
[25.755s][info][gc,stats    ] Concurrent Weak Roots              5957 us
[25.755s][info][gc,stats    ]   Roots                             442 us, parallelism: 0.96x
[25.755s][info][gc,stats    ]     CWR: <total>                    426 us
[25.755s][info][gc,stats    ]     CWR: Code Cache Roots           360 us, workers (us): 360, ---, ---, 
[25.755s][info][gc,stats    ]     CWR: VM Weak Roots               63 us, workers (us):  63, ---, ---, 
[25.755s][info][gc,stats    ]     CWR: CLDG Roots                   3 us, workers (us):   3, ---, ---, 
[25.755s][info][gc,stats    ]   Rendezvous                       5464 us
[25.755s][info][gc,stats    ] Concurrent Cleanup                  127 us
[25.755s][info][gc,stats    ] Concurrent Class Unloading         4052 us
[25.755s][info][gc,stats    ]   Unlink Stale                     1594 us
[25.755s][info][gc,stats    ]     System Dictionary                 2 us
[25.755s][info][gc,stats    ]     Weak Class Links                  0 us
[25.755s][info][gc,stats    ]     Code Roots                     1590 us
[25.755s][info][gc,stats    ]   Rendezvous                       2335 us
[25.755s][info][gc,stats    ]   Purge Unlinked                     73 us
[25.755s][info][gc,stats    ]     Code Roots                       69 us
[25.755s][info][gc,stats    ]     CLDG                              4 us
[25.755s][info][gc,stats    ]     Exception Caches                  0 us
[25.756s][info][gc,stats    ] Pause Final Roots (G)              7870 us
[25.756s][info][gc,stats    ] Pause Final Roots (N)                20 us
[25.756s][info][gc,stats    ] 
[25.756s][info][gc,stats    ] Allocation pacing accrued:
[25.756s][info][gc,stats    ]       0 of   440 ms (  0.0%): <total>
[25.756s][info][gc,stats    ]       0 of   440 ms (  0.0%): <average total>
[25.756s][info][gc,stats    ] 
[25.756s][info][gc,metaspace] Metaspace: 6245K(6400K)->6245K(6400K) NonClass: 5639K(5696K)->5639K(5696K) Class: 606K(704K)->606K(704K)
[25.756s][info][gc,ergo     ] Pacer for Idle. Initial: 20971K, Alloc Tax Rate: 1.0x
[26.096s][info][gc          ] Trigger: Average GC time (49.52 ms) is above the time for average allocation rate (2034 MB/s) to deplete free headroom (98615K) (margin of error = 1.80)
[26.096s][info][gc,ergo     ] Free headroom: 147M (free) - 52428K (spike) - 0B (penalties) = 98615K
[26.096s][info][gc,ergo     ] Free: 147M, Max: 512K regular, 83456K humongous, Frag: 45% external, 0% internal; Reserve: 52736K, Max: 512K
[26.096s][info][gc,start    ] GC(71) Concurrent reset
[26.097s][info][gc,task     ] GC(71) Using 1 of 3 workers for concurrent reset
[26.097s][info][gc,ergo     ] GC(71) Pacer for Reset. Non-Taxable: 1024M
[26.097s][info][gc          ] GC(71) Concurrent reset 0.306ms
[26.097s][info][gc,start    ] GC(71) Pause Init Mark (unload classes)
[26.097s][info][gc,task     ] GC(71) Using 3 of 3 workers for init marking
[26.097s][info][gc,ergo     ] GC(71) Pacer for Mark. Expected Live: 14224K, Free: 147M, Non-Taxable: 15053K, Alloc Tax Rate: 0.1x
[26.097s][info][gc          ] GC(71) Pause Init Mark (unload classes) 0.508ms
[26.105s][info][gc,start    ] GC(71) Concurrent marking roots
[26.105s][info][gc,task     ] GC(71) Using 1 of 3 workers for concurrent marking roots
[26.105s][info][gc          ] GC(71) Concurrent marking roots 0.652ms
[26.105s][info][gc,start    ] GC(71) Concurrent marking (unload classes)
[26.105s][info][gc,task     ] GC(71) Using 1 of 3 workers for concurrent marking
[26.128s][info][gc          ] GC(71) Concurrent marking (unload classes) 22.740ms
[26.128s][info][gc,start    ] GC(71) Pause Final Mark (unload classes)
[26.128s][info][gc,task     ] GC(71) Using 3 of 3 workers for final marking
[26.128s][info][gc,ergo     ] GC(71) Adaptive CSet Selection. Target Free: 145M, Actual Free: 813M, Max CSet: 43690K, Min Garbage: 0B
[26.128s][info][gc,ergo     ] GC(71) Collectable Garbage: 810M (99%), Immediate: 660M (81%), CSet: 149M (18%)
[26.128s][info][gc,ergo     ] GC(71) Pacer for Evacuation. Used CSet: 152M, Free: 762M, Non-Taxable: 78029K, Alloc Tax Rate: 1.1x
[26.128s][info][gc          ] GC(71) Pause Final Mark (unload classes) 0.276ms
[26.129s][info][gc,start    ] GC(71) Concurrent thread roots
[26.129s][info][gc,task     ] GC(71) Using 1 of 3 workers for Concurrent thread roots
[26.129s][info][gc          ] GC(71) Concurrent thread roots 0.498ms
[26.129s][info][gc,start    ] GC(71) Concurrent weak references
[26.129s][info][gc,task     ] GC(71) Using 1 of 3 workers for concurrent weak references
[26.129s][info][gc,ref      ] GC(71) Encountered references: Soft: 132, Weak: 434, Final: 9, Phantom: 21
[26.129s][info][gc,ref      ] GC(71) Discovered  references: Soft: 0, Weak: 234, Final: 7, Phantom: 14
[26.129s][info][gc,ref      ] GC(71) Enqueued    references: Soft: 0, Weak: 0, Final: 0, Phantom: 0
[26.129s][info][gc          ] GC(71) Concurrent weak references 0.060ms
[26.129s][info][gc,start    ] GC(71) Concurrent weak roots
[26.129s][info][gc,task     ] GC(71) Using 1 of 3 workers for concurrent weak root
[26.144s][info][gc          ] GC(71) Concurrent weak roots 14.954ms
[26.144s][info][gc,start    ] GC(71) Concurrent cleanup
[26.144s][info][gc          ] GC(71) Concurrent cleanup 895M->234M(1024M) 0.096ms
[26.144s][info][gc,ergo     ] GC(71) Free: 737M, Max: 512K regular, 252M humongous, Frag: 66% external, 0% internal; Reserve: 52250K, Max: 512K
[26.144s][info][gc,start    ] GC(71) Concurrent class unloading
[26.144s][info][gc,task     ] GC(71) Using 1 of 3 workers for concurrent class unloading
[26.148s][info][gc          ] GC(71) Concurrent class unloading 4.086ms
[26.148s][info][gc,start    ] GC(71) Concurrent strong roots
[26.148s][info][gc,task     ] GC(71) Using 1 of 3 workers for concurrent strong root
[26.149s][info][gc          ] GC(71) Concurrent strong roots 0.083ms
[26.149s][info][gc,start    ] GC(71) Concurrent evacuation
[26.149s][info][gc,task     ] GC(71) Using 1 of 3 workers for concurrent evacuation
[26.151s][info][gc          ] GC(71) Concurrent evacuation 1.982ms
[26.151s][info][gc,start    ] GC(71) Pause Init Update Refs
[26.151s][info][gc,ergo     ] GC(71) Pacer for Update Refs. Used: 246M, Free: 727M, Non-Taxable: 74496K, Alloc Tax Rate: 1.1x
[26.151s][info][gc          ] GC(71) Pause Init Update Refs 0.058ms
[26.154s][info][gc,start    ] GC(71) Concurrent update references
[26.154s][info][gc,task     ] GC(71) Using 1 of 3 workers for concurrent reference update
[26.163s][info][gc          ] GC(71) Concurrent update references 8.948ms
[26.163s][info][gc,start    ] GC(71) Concurrent update thread roots
[26.164s][info][gc          ] GC(71) Concurrent update thread roots 0.630ms
[26.164s][info][gc,start    ] GC(71) Pause Final Update Refs
[26.164s][info][gc,task     ] GC(71) Using 3 of 3 workers for final reference update
[26.164s][info][gc          ] GC(71) Pause Final Update Refs 0.113ms
[26.169s][info][gc,start    ] GC(71) Concurrent cleanup
[26.169s][info][gc          ] GC(71) Concurrent cleanup 272M->121M(1024M) 0.059ms
[26.169s][info][gc,ergo     ] Free: 850M, Max: 512K regular, 442M humongous, Frag: 48% external, 0% internal; Reserve: 52736K, Max: 512K
[26.169s][info][gc,stats    ] 
[26.169s][info][gc,stats    ] All times are wall-clock times, except per-root-class counters, that are sum over
[26.169s][info][gc,stats    ] all workers. Dividing the <total> over the root stage time estimates parallelism.
[26.169s][info][gc,stats    ] 
[26.169s][info][gc,stats    ] Concurrent Reset                    321 us
[26.169s][info][gc,stats    ] Pause Init Mark (G)                7792 us
[26.169s][info][gc,stats    ] Pause Init Mark (N)                 519 us
[26.169s][info][gc,stats    ]   Update Region States              401 us
[26.169s][info][gc,stats    ] Concurrent Mark Roots               678 us, parallelism: 0.82x
[26.169s][info][gc,stats    ]   CMR: <total>                      555 us
[26.169s][info][gc,stats    ]   CMR: Thread Roots                 504 us, workers (us): 504, ---, ---, 
[26.169s][info][gc,stats    ]   CMR: VM Strong Roots                6 us, workers (us):   6, ---, ---, 
[26.169s][info][gc,stats    ]   CMR: CLDG Roots                    46 us, workers (us):  46, ---, ---, 
[26.169s][info][gc,stats    ] Concurrent Marking                22815 us
[26.169s][info][gc,stats    ] Pause Final Mark (G)                450 us
[26.169s][info][gc,stats    ] Pause Final Mark (N)                285 us
[26.169s][info][gc,stats    ]   Finish Mark                        50 us
[26.169s][info][gc,stats    ]   Update Region States               38 us
[26.169s][info][gc,stats    ]   Choose Collection Set             102 us
[26.169s][info][gc,stats    ]   Rebuild Free Set                    9 us
[26.169s][info][gc,stats    ] Concurrent Thread Roots             508 us, parallelism: 0.89x
[26.169s][info][gc,stats    ]   CTR: <total>                      452 us
[26.169s][info][gc,stats    ]   CTR: Thread Roots                 452 us, workers (us): 452, ---, ---, 
[26.169s][info][gc,stats    ] Concurrent Weak References           67 us, parallelism: 0.22x
[26.169s][info][gc,stats    ]   CWRF: <total>                      15 us
[26.169s][info][gc,stats    ]   CWRF: Weak References              15 us, workers (us):  15, ---, ---, 
[26.169s][info][gc,stats    ] Concurrent Weak Roots             15020 us
[26.169s][info][gc,stats    ]   Roots                             500 us, parallelism: 0.96x
[26.169s][info][gc,stats    ]     CWR: <total>                    482 us
[26.169s][info][gc,stats    ]     CWR: Code Cache Roots           376 us, workers (us): 376, ---, ---, 
[26.169s][info][gc,stats    ]     CWR: VM Weak Roots              104 us, workers (us): 104, ---, ---, 
[26.169s][info][gc,stats    ]     CWR: CLDG Roots                   2 us, workers (us):   2, ---, ---, 
[26.169s][info][gc,stats    ]   Rendezvous                      14434 us
[26.169s][info][gc,stats    ] Concurrent Cleanup                  105 us
[26.169s][info][gc,stats    ] Concurrent Class Unloading         4136 us
[26.169s][info][gc,stats    ]   Unlink Stale                     1649 us
[26.169s][info][gc,stats    ]     System Dictionary                 4 us
[26.169s][info][gc,stats    ]     Weak Class Links                  0 us
[26.169s][info][gc,stats    ]     Code Roots                     1644 us
[26.169s][info][gc,stats    ]   Rendezvous                       2347 us
[26.169s][info][gc,stats    ]   Purge Unlinked                     70 us
[26.169s][info][gc,stats    ]     Code Roots                       65 us
[26.169s][info][gc,stats    ]     CLDG                              4 us
[26.169s][info][gc,stats    ]     Exception Caches                  0 us
[26.169s][info][gc,stats    ] Concurrent Strong Roots              92 us, parallelism: 0.55x
[26.169s][info][gc,stats    ]   CSR: <total>                       50 us
[26.169s][info][gc,stats    ]   CSR: VM Strong Roots                4 us, workers (us):   4, ---, ---, 
[26.169s][info][gc,stats    ]   CSR: CLDG Roots                    46 us, workers (us):  46, ---, ---, 
[26.169s][info][gc,stats    ] Concurrent Evacuation              2017 us
[26.169s][info][gc,stats    ] Pause Init Update Refs (G)         3938 us
[26.169s][info][gc,stats    ] Pause Init Update Refs (N)           67 us
[26.169s][info][gc,stats    ]   Manage GCLABs                       3 us
[26.169s][info][gc,stats    ] Concurrent Update Refs             8997 us
[26.169s][info][gc,stats    ] Concurrent Update Thread Roots      651 us
[26.169s][info][gc,stats    ] Pause Final Update Refs (G)        4451 us
[26.169s][info][gc,stats    ] Pause Final Update Refs (N)         124 us
[26.169s][info][gc,stats    ]   Update Region States               41 us
[26.169s][info][gc,stats    ]   Trash Collection Set                8 us
[26.169s][info][gc,stats    ]   Rebuild Free Set                   16 us
[26.169s][info][gc,stats    ] Concurrent Cleanup                   74 us
[26.169s][info][gc,stats    ] Pacing                            39448 us
[26.169s][info][gc,stats    ] 
[26.169s][info][gc,stats    ] Allocation pacing accrued:
[26.169s][info][gc,stats    ]       6 of   414 ms (  1.5%): Thread-30
[26.169s][info][gc,stats    ]       7 of   414 ms (  1.6%): Thread-31
[26.169s][info][gc,stats    ]       6 of   414 ms (  1.5%): Thread-32
[26.169s][info][gc,stats    ]       8 of   414 ms (  1.8%): Thread-33
[26.169s][info][gc,stats    ]       7 of   414 ms (  1.7%): Thread-34
[26.169s][info][gc,stats    ]       6 of   414 ms (  1.4%): Thread-35
[26.169s][info][gc,stats    ]      39 of   414 ms (  9.5%): <total>
[26.169s][info][gc,stats    ]       2 of   414 ms (  0.5%): <average total>
[26.169s][info][gc,stats    ]       7 of   414 ms (  1.6%): <average non-zero>
[26.169s][info][gc,stats    ] 
[26.169s][info][gc,metaspace] Metaspace: 6245K(6400K)->6245K(6400K) NonClass: 5639K(5696K)->5639K(5696K) Class: 606K(704K)->606K(704K)
[26.169s][info][gc,ergo     ] Pacer for Idle. Initial: 20971K, Alloc Tax Rate: 1.0x
[26.491s][info][gc          ] Trigger: Average GC time (89.41 ms) is above the time for average allocation rate (1898 MB/s) to deplete free headroom (165M) (margin of error = 1.81)
[26.492s][info][gc,ergo     ] Free headroom: 216M (free) - 52428K (spike) - 0B (penalties) = 165M
[26.492s][info][gc,ergo     ] Free: 216M, Max: 512K regular, 76800K humongous, Frag: 66% external, 0% internal; Reserve: 52736K, Max: 512K
[26.492s][info][gc,start    ] GC(72) Concurrent reset
[26.492s][info][gc,task     ] GC(72) Using 1 of 3 workers for concurrent reset
[26.492s][info][gc,ergo     ] GC(72) Pacer for Reset. Non-Taxable: 1024M
[26.492s][info][gc          ] GC(72) Concurrent reset 0.626ms
[26.492s][info][gc,start    ] GC(72) Pause Init Mark (unload classes)
[26.492s][info][gc,task     ] GC(72) Using 3 of 3 workers for init marking
[26.493s][info][gc,ergo     ] GC(72) Pacer for Mark. Expected Live: 14228K, Free: 216M, Non-Taxable: 22118K, Alloc Tax Rate: 0.1x
[26.493s][info][gc          ] GC(72) Pause Init Mark (unload classes) 0.124ms
[26.498s][info][gc,start    ] GC(72) Concurrent marking roots
[26.498s][info][gc,task     ] GC(72) Using 1 of 3 workers for concurrent marking roots
[26.499s][info][gc          ] GC(72) Concurrent marking roots 0.587ms
[26.499s][info][gc,start    ] GC(72) Concurrent marking (unload classes)
[26.499s][info][gc,task     ] GC(72) Using 1 of 3 workers for concurrent marking
[26.508s][info][gc          ] GC(72) Concurrent marking (unload classes) 9.411ms
[26.508s][info][gc,start    ] GC(72) Pause Final Mark (unload classes)
[26.508s][info][gc,task     ] GC(72) Using 3 of 3 workers for final marking
[26.509s][info][gc,ergo     ] GC(72) Adaptive CSet Selection. Target Free: 145M, Actual Free: 902M, Max CSet: 43690K, Min Garbage: 0B
[26.509s][info][gc,ergo     ] GC(72) Collectable Garbage: 741M (99%), Immediate: 663M (89%), CSet: 79513K (10%)
[26.509s][info][gc,ergo     ] GC(72) Pacer for Evacuation. Used CSet: 81920K, Free: 850M, Non-Taxable: 87091K, Alloc Tax Rate: 1.1x
[26.509s][info][gc          ] GC(72) Pause Final Mark (unload classes) 0.243ms
[26.509s][info][gc,start    ] GC(72) Concurrent thread roots
[26.509s][info][gc,task     ] GC(72) Using 1 of 3 workers for Concurrent thread roots
[26.509s][info][gc          ] GC(72) Concurrent thread roots 0.498ms
[26.509s][info][gc,start    ] GC(72) Concurrent weak references
[26.509s][info][gc,task     ] GC(72) Using 1 of 3 workers for concurrent weak references
[26.509s][info][gc,ref      ] GC(72) Encountered references: Soft: 132, Weak: 434, Final: 9, Phantom: 21
[26.509s][info][gc,ref      ] GC(72) Discovered  references: Soft: 0, Weak: 234, Final: 7, Phantom: 14
[26.509s][info][gc,ref      ] GC(72) Enqueued    references: Soft: 0, Weak: 0, Final: 0, Phantom: 0
[26.509s][info][gc          ] GC(72) Concurrent weak references 0.057ms
[26.509s][info][gc,start    ] GC(72) Concurrent weak roots
[26.509s][info][gc,task     ] GC(72) Using 1 of 3 workers for concurrent weak root
[26.516s][info][gc          ] GC(72) Concurrent weak roots 6.930ms
[26.516s][info][gc,start    ] GC(72) Concurrent cleanup
[26.516s][info][gc          ] GC(72) Concurrent cleanup 797M->133M(1024M) 0.093ms
[26.516s][info][gc,ergo     ] GC(72) Free: 838M, Max: 512K regular, 299M humongous, Frag: 65% external, 0% internal; Reserve: 51998K, Max: 512K
[26.516s][info][gc,start    ] GC(72) Concurrent class unloading
[26.517s][info][gc,task     ] GC(72) Using 1 of 3 workers for concurrent class unloading
[26.523s][info][gc          ] GC(72) Concurrent class unloading 6.107ms
[26.523s][info][gc,start    ] GC(72) Concurrent strong roots
[26.523s][info][gc,task     ] GC(72) Using 1 of 3 workers for concurrent strong root
[26.523s][info][gc          ] GC(72) Concurrent strong roots 0.084ms
[26.523s][info][gc,start    ] GC(72) Concurrent evacuation
[26.523s][info][gc,task     ] GC(72) Using 1 of 3 workers for concurrent evacuation
[26.524s][info][gc          ] GC(72) Concurrent evacuation 1.396ms
[26.524s][info][gc,start    ] GC(72) Pause Init Update Refs
[26.524s][info][gc,ergo     ] GC(72) Pacer for Update Refs. Used: 146M, Free: 827M, Non-Taxable: 84736K, Alloc Tax Rate: 1.1x
[26.524s][info][gc          ] GC(72) Pause Init Update Refs 0.049ms
[26.526s][info][gc,start    ] GC(72) Concurrent update references
[26.526s][info][gc,task     ] GC(72) Using 1 of 3 workers for concurrent reference update
[26.533s][info][gc          ] GC(72) Concurrent update references 6.576ms
[26.533s][info][gc,start    ] GC(72) Concurrent update thread roots
[26.533s][info][gc          ] GC(72) Concurrent update thread roots 0.517ms
[26.533s][info][gc,start    ] GC(72) Pause Final Update Refs
[26.533s][info][gc,task     ] GC(72) Using 3 of 3 workers for final reference update
[26.533s][info][gc          ] GC(72) Pause Final Update Refs 0.091ms
[26.539s][info][gc,start    ] GC(72) Concurrent cleanup
[26.539s][info][gc          ] GC(72) Concurrent cleanup 167M->87M(1024M) 0.032ms
[26.539s][info][gc,ergo     ] Free: 883M, Max: 512K regular, 391M humongous, Frag: 56% external, 0% internal; Reserve: 52736K, Max: 512K
[26.539s][info][gc,stats    ] 
[26.539s][info][gc,stats    ] All times are wall-clock times, except per-root-class counters, that are sum over
[26.539s][info][gc,stats    ] all workers. Dividing the <total> over the root stage time estimates parallelism.
[26.539s][info][gc,stats    ] 
[26.539s][info][gc,stats    ] Concurrent Reset                    659 us
[26.539s][info][gc,stats    ] Pause Init Mark (G)                6038 us
[26.539s][info][gc,stats    ] Pause Init Mark (N)                 132 us
[26.539s][info][gc,stats    ]   Update Region States               44 us
[26.539s][info][gc,stats    ] Concurrent Mark Roots               597 us, parallelism: 0.82x
[26.539s][info][gc,stats    ]   CMR: <total>                      488 us
[26.539s][info][gc,stats    ]   CMR: Thread Roots                 435 us, workers (us): 435, ---, ---, 
[26.539s][info][gc,stats    ]   CMR: VM Strong Roots                6 us, workers (us):   6, ---, ---, 
[26.539s][info][gc,stats    ]   CMR: CLDG Roots                    47 us, workers (us):  47, ---, ---, 
[26.539s][info][gc,stats    ] Concurrent Marking                 9462 us
[26.539s][info][gc,stats    ] Pause Final Mark (G)                459 us
[26.539s][info][gc,stats    ] Pause Final Mark (N)                257 us
[26.539s][info][gc,stats    ]   Finish Mark                        50 us
[26.539s][info][gc,stats    ]   Update Region States               42 us
[26.539s][info][gc,stats    ]   Choose Collection Set              73 us
[26.539s][info][gc,stats    ]   Rebuild Free Set                    8 us
[26.539s][info][gc,stats    ] Concurrent Thread Roots             508 us, parallelism: 0.90x
[26.539s][info][gc,stats    ]   CTR: <total>                      457 us
[26.539s][info][gc,stats    ]   CTR: Thread Roots                 457 us, workers (us): 457, ---, ---, 
[26.539s][info][gc,stats    ] Concurrent Weak References           64 us, parallelism: 0.16x
[26.540s][info][gc,stats    ]   CWRF: <total>                      10 us
[26.540s][info][gc,stats    ]   CWRF: Weak References              10 us, workers (us):  10, ---, ---, 
[26.540s][info][gc,stats    ] Concurrent Weak Roots              6960 us
[26.540s][info][gc,stats    ]   Roots                             483 us, parallelism: 0.96x
[26.540s][info][gc,stats    ]     CWR: <total>                    465 us
[26.540s][info][gc,stats    ]     CWR: Code Cache Roots           359 us, workers (us): 359, ---, ---, 
[26.540s][info][gc,stats    ]     CWR: VM Weak Roots              104 us, workers (us): 104, ---, ---, 
[26.540s][info][gc,stats    ]     CWR: CLDG Roots                   2 us, workers (us):   2, ---, ---, 
[26.540s][info][gc,stats    ]   Rendezvous                       6430 us
[26.540s][info][gc,stats    ] Concurrent Cleanup                  102 us
[26.540s][info][gc,stats    ] Concurrent Class Unloading         6148 us
[26.540s][info][gc,stats    ]   Unlink Stale                     1660 us
[26.540s][info][gc,stats    ]     System Dictionary                 2 us
[26.540s][info][gc,stats    ]     Weak Class Links                  0 us
[26.540s][info][gc,stats    ]     Code Roots                     1656 us
[26.540s][info][gc,stats    ]   Rendezvous                       4343 us
[26.540s][info][gc,stats    ]   Purge Unlinked                     83 us
[26.540s][info][gc,stats    ]     Code Roots                       78 us
[26.540s][info][gc,stats    ]     CLDG                              5 us
[26.540s][info][gc,stats    ]     Exception Caches                  0 us
[26.540s][info][gc,stats    ] Concurrent Strong Roots              92 us, parallelism: 0.54x
[26.540s][info][gc,stats    ]   CSR: <total>                       50 us
[26.540s][info][gc,stats    ]   CSR: VM Strong Roots                5 us, workers (us):   5, ---, ---, 
[26.540s][info][gc,stats    ]   CSR: CLDG Roots                    45 us, workers (us):  45, ---, ---, 
[26.540s][info][gc,stats    ] Concurrent Evacuation              1434 us
[26.540s][info][gc,stats    ] Pause Init Update Refs (G)         1968 us
[26.540s][info][gc,stats    ] Pause Init Update Refs (N)           57 us
[26.540s][info][gc,stats    ]   Manage GCLABs                       4 us
[26.540s][info][gc,stats    ] Concurrent Update Refs             6621 us
[26.540s][info][gc,stats    ] Concurrent Update Thread Roots      536 us
[26.540s][info][gc,stats    ] Pause Final Update Refs (G)        5936 us
[26.540s][info][gc,stats    ] Pause Final Update Refs (N)         101 us
[26.540s][info][gc,stats    ]   Update Region States               39 us
[26.540s][info][gc,stats    ]   Trash Collection Set                4 us
[26.540s][info][gc,stats    ]   Rebuild Free Set                   14 us
[26.540s][info][gc,stats    ] Concurrent Cleanup                   41 us
[26.540s][info][gc,stats    ] 
[26.540s][info][gc,stats    ] Allocation pacing accrued:
[26.540s][info][gc,stats    ]       0 of   371 ms (  0.0%): <total>
[26.540s][info][gc,stats    ]       0 of   371 ms (  0.0%): <average total>
[26.540s][info][gc,stats    ] 
[26.540s][info][gc,metaspace] Metaspace: 6245K(6400K)->6245K(6400K) NonClass: 5639K(5696K)->5639K(5696K) Class: 606K(704K)->606K(704K)
[26.540s][info][gc,ergo     ] Pacer for Idle. Initial: 20971K, Alloc Tax Rate: 1.0x
[26.901s][info][gc          ] Trigger: Average GC time (76.42 ms) is above the time for average allocation rate (1897 MB/s) to deplete free headroom (126M) (margin of error = 1.80)
[26.902s][info][gc,ergo     ] Free headroom: 177M (free) - 52428K (spike) - 0B (penalties) = 126M
[26.902s][info][gc,ergo     ] Free: 177M, Max: 512K regular, 177M humongous, Frag: 0% external, 0% internal; Reserve: 52736K, Max: 512K
[26.902s][info][gc,start    ] GC(73) Concurrent reset
[26.902s][info][gc,task     ] GC(73) Using 1 of 3 workers for concurrent reset
[26.902s][info][gc,ergo     ] GC(73) Pacer for Reset. Non-Taxable: 1024M
[26.902s][info][gc          ] GC(73) Concurrent reset 0.388ms
[26.902s][info][gc,start    ] GC(73) Pause Init Mark (unload classes)
[26.902s][info][gc,task     ] GC(73) Using 3 of 3 workers for init marking
[26.902s][info][gc,ergo     ] GC(73) Pacer for Mark. Expected Live: 14209K, Free: 177M, Non-Taxable: 18125K, Alloc Tax Rate: 0.1x
[26.902s][info][gc          ] GC(73) Pause Init Mark (unload classes) 0.110ms
[26.906s][info][gc,start    ] GC(73) Concurrent marking roots
[26.906s][info][gc,task     ] GC(73) Using 1 of 3 workers for concurrent marking roots
[26.907s][info][gc          ] GC(73) Concurrent marking roots 0.567ms
[26.907s][info][gc,start    ] GC(73) Concurrent marking (unload classes)
[26.907s][info][gc,task     ] GC(73) Using 1 of 3 workers for concurrent marking
[26.913s][info][gc          ] GC(73) Concurrent marking (unload classes) 6.633ms
[26.913s][info][gc,start    ] GC(73) Pause Final Mark (unload classes)
[26.913s][info][gc,task     ] GC(73) Using 3 of 3 workers for final marking
[26.913s][info][gc,ergo     ] GC(73) Adaptive CSet Selection. Target Free: 145M, Actual Free: 895M, Max CSet: 43690K, Min Garbage: 0B
[26.914s][info][gc,ergo     ] GC(73) Collectable Garbage: 780M (99%), Immediate: 690M (88%), CSet: 92342K (11%)
[26.914s][info][gc,ergo     ] GC(73) Pacer for Evacuation. Used CSet: 94718K, Free: 844M, Non-Taxable: 86426K, Alloc Tax Rate: 1.1x
[26.914s][info][gc          ] GC(73) Pause Final Mark (unload classes) 0.290ms
[26.914s][info][gc,start    ] GC(73) Concurrent thread roots
[26.914s][info][gc,task     ] GC(73) Using 1 of 3 workers for Concurrent thread roots
[26.915s][info][gc          ] GC(73) Concurrent thread roots 0.971ms
[26.915s][info][gc,start    ] GC(73) Concurrent weak references
[26.915s][info][gc,task     ] GC(73) Using 1 of 3 workers for concurrent weak references
[26.915s][info][gc,ref      ] GC(73) Encountered references: Soft: 132, Weak: 434, Final: 9, Phantom: 21
[26.915s][info][gc,ref      ] GC(73) Discovered  references: Soft: 0, Weak: 234, Final: 7, Phantom: 14
[26.915s][info][gc,ref      ] GC(73) Enqueued    references: Soft: 0, Weak: 0, Final: 0, Phantom: 0
[26.915s][info][gc          ] GC(73) Concurrent weak references 0.088ms
[26.915s][info][gc,start    ] GC(73) Concurrent weak roots
[26.915s][info][gc,task     ] GC(73) Using 1 of 3 workers for concurrent weak root
[26.916s][info][gc          ] GC(73) Concurrent weak roots 0.767ms
[26.916s][info][gc,start    ] GC(73) Concurrent cleanup
[26.916s][info][gc          ] GC(73) Concurrent cleanup 821M->131M(1024M) 0.090ms
[26.916s][info][gc,ergo     ] GC(73) Free: 840M, Max: 512K regular, 252M humongous, Frag: 70% external, 0% internal; Reserve: 52350K, Max: 512K
[26.916s][info][gc,start    ] GC(73) Concurrent class unloading
[26.916s][info][gc,task     ] GC(73) Using 1 of 3 workers for concurrent class unloading
[26.917s][info][gc          ] GC(73) Concurrent class unloading 1.516ms
[26.917s][info][gc,start    ] GC(73) Concurrent strong roots
[26.917s][info][gc,task     ] GC(73) Using 1 of 3 workers for concurrent strong root
[26.917s][info][gc          ] GC(73) Concurrent strong roots 0.153ms
[26.917s][info][gc,start    ] GC(73) Concurrent evacuation
[26.917s][info][gc,task     ] GC(73) Using 1 of 3 workers for concurrent evacuation
[26.919s][info][gc          ] GC(73) Concurrent evacuation 1.579ms
[26.919s][info][gc,start    ] GC(73) Pause Init Update Refs
[26.919s][info][gc,ergo     ] GC(73) Pacer for Update Refs. Used: 140M, Free: 834M, Non-Taxable: 85402K, Alloc Tax Rate: 1.1x
[26.919s][info][gc          ] GC(73) Pause Init Update Refs 0.072ms
[26.921s][info][gc,start    ] GC(73) Concurrent update references
[26.921s][info][gc,task     ] GC(73) Using 1 of 3 workers for concurrent reference update
[26.927s][info][gc          ] GC(73) Concurrent update references 6.390ms
[26.927s][info][gc,start    ] GC(73) Concurrent update thread roots
[26.929s][info][gc          ] GC(73) Concurrent update thread roots 1.976ms
[26.929s][info][gc,start    ] GC(73) Pause Final Update Refs
[26.930s][info][gc,task     ] GC(73) Using 3 of 3 workers for final reference update
[26.930s][info][gc          ] GC(73) Pause Final Update Refs 0.099ms
[26.935s][info][gc,start    ] GC(73) Concurrent cleanup
[26.935s][info][gc          ] GC(73) Concurrent cleanup 171M->79M(1024M) 0.039ms
[26.935s][info][gc,ergo     ] Free: 892M, Max: 512K regular, 500M humongous, Frag: 44% external, 0% internal; Reserve: 52736K, Max: 512K
[26.935s][info][gc,stats    ] 
[26.935s][info][gc,stats    ] All times are wall-clock times, except per-root-class counters, that are sum over
[26.935s][info][gc,stats    ] all workers. Dividing the <total> over the root stage time estimates parallelism.
[26.935s][info][gc,stats    ] 
[26.935s][info][gc,stats    ] Concurrent Reset                    406 us
[26.935s][info][gc,stats    ] Pause Init Mark (G)                4050 us
[26.935s][info][gc,stats    ] Pause Init Mark (N)                 118 us
[26.935s][info][gc,stats    ]   Update Region States               40 us
[26.935s][info][gc,stats    ] Concurrent Mark Roots               577 us, parallelism: 0.86x
[26.935s][info][gc,stats    ]   CMR: <total>                      494 us
[26.935s][info][gc,stats    ]   CMR: Thread Roots                 440 us, workers (us): 440, ---, ---, 
[26.935s][info][gc,stats    ]   CMR: VM Strong Roots                6 us, workers (us):   6, ---, ---, 
[26.935s][info][gc,stats    ]   CMR: CLDG Roots                    49 us, workers (us):  49, ---, ---, 
[26.935s][info][gc,stats    ] Concurrent Marking                 6658 us
[26.935s][info][gc,stats    ] Pause Final Mark (G)                383 us
[26.935s][info][gc,stats    ] Pause Final Mark (N)                306 us
[26.935s][info][gc,stats    ]   Finish Mark                        41 us
[26.935s][info][gc,stats    ]   Update Region States               43 us
[26.935s][info][gc,stats    ]   Choose Collection Set             113 us
[26.935s][info][gc,stats    ]   Rebuild Free Set                   18 us
[26.935s][info][gc,stats    ] Concurrent Thread Roots             981 us, parallelism: 0.94x
[26.935s][info][gc,stats    ]   CTR: <total>                      917 us
[26.935s][info][gc,stats    ]   CTR: Thread Roots                 917 us, workers (us): 917, ---, ---, 
[26.935s][info][gc,stats    ] Concurrent Weak References           95 us, parallelism: 0.25x
[26.935s][info][gc,stats    ]   CWRF: <total>                      23 us
[26.935s][info][gc,stats    ]   CWRF: Weak References              23 us, workers (us):  23, ---, ---, 
[26.935s][info][gc,stats    ] Concurrent Weak Roots               777 us
[26.935s][info][gc,stats    ]   Roots                             708 us, parallelism: 0.96x
[26.935s][info][gc,stats    ]     CWR: <total>                    679 us
[26.935s][info][gc,stats    ]     CWR: Code Cache Roots           408 us, workers (us): 408, ---, ---, 
[26.935s][info][gc,stats    ]     CWR: VM Weak Roots              269 us, workers (us): 269, ---, ---, 
[26.935s][info][gc,stats    ]     CWR: CLDG Roots                   3 us, workers (us):   3, ---, ---, 
[26.935s][info][gc,stats    ]   Rendezvous                         45 us
[26.935s][info][gc,stats    ] Concurrent Cleanup                   98 us
[26.935s][info][gc,stats    ] Concurrent Class Unloading         1536 us
[26.935s][info][gc,stats    ]   Unlink Stale                     1392 us
[26.935s][info][gc,stats    ]     System Dictionary                 3 us
[26.935s][info][gc,stats    ]     Weak Class Links                  0 us
[26.935s][info][gc,stats    ]     Code Roots                     1388 us
[26.935s][info][gc,stats    ]   Rendezvous                         60 us
[26.935s][info][gc,stats    ]   Purge Unlinked                     48 us
[26.936s][info][gc,stats    ]     Code Roots                       42 us
[26.936s][info][gc,stats    ]     CLDG                              6 us
[26.936s][info][gc,stats    ]     Exception Caches                  0 us
[26.936s][info][gc,stats    ] Concurrent Strong Roots             182 us, parallelism: 0.33x
[26.936s][info][gc,stats    ]   CSR: <total>                       60 us
[26.936s][info][gc,stats    ]   CSR: VM Strong Roots                5 us, workers (us):   5, ---, ---, 
[26.936s][info][gc,stats    ]   CSR: CLDG Roots                    56 us, workers (us):  56, ---, ---, 
[26.936s][info][gc,stats    ] Concurrent Evacuation              1640 us
[26.936s][info][gc,stats    ] Pause Init Update Refs (G)         1979 us
[26.936s][info][gc,stats    ] Pause Init Update Refs (N)           82 us
[26.936s][info][gc,stats    ]   Manage GCLABs                       4 us
[26.936s][info][gc,stats    ] Concurrent Update Refs             6442 us
[26.936s][info][gc,stats    ] Concurrent Update Thread Roots     1998 us
[26.936s][info][gc,stats    ] Pause Final Update Refs (G)        5706 us
[26.936s][info][gc,stats    ] Pause Final Update Refs (N)         117 us
[26.936s][info][gc,stats    ]   Update Region States               42 us
[26.936s][info][gc,stats    ]   Trash Collection Set                6 us
[26.936s][info][gc,stats    ]   Rebuild Free Set                   15 us
[26.936s][info][gc,stats    ] Concurrent Cleanup                   48 us
[26.936s][info][gc,stats    ] Pacing                            22237 us
[26.936s][info][gc,stats    ] 
[26.936s][info][gc,stats    ] Allocation pacing accrued:
[26.936s][info][gc,stats    ]       2 of   396 ms (  0.5%): Thread-30
[26.936s][info][gc,stats    ]       1 of   396 ms (  0.1%): Thread-31
[26.936s][info][gc,stats    ]       2 of   396 ms (  0.4%): Thread-32
[26.936s][info][gc,stats    ]       8 of   396 ms (  2.1%): Thread-33
[26.936s][info][gc,stats    ]       2 of   396 ms (  0.5%): Thread-34
[26.936s][info][gc,stats    ]       8 of   396 ms (  2.0%): Thread-35
[26.936s][info][gc,stats    ]      22 of   396 ms (  5.6%): <total>
[26.936s][info][gc,stats    ]       1 of   396 ms (  0.3%): <average total>
[26.936s][info][gc,stats    ]       4 of   396 ms (  0.9%): <average non-zero>
[26.936s][info][gc,stats    ] 
[26.936s][info][gc,metaspace] Metaspace: 6245K(6400K)->6245K(6400K) NonClass: 5639K(5696K)->5639K(5696K) Class: 606K(704K)->606K(704K)
[26.936s][info][gc,ergo     ] Pacer for Idle. Initial: 20971K, Alloc Tax Rate: 1.0x
[27.280s][info][gc          ] Trigger: Average GC time (65.60 ms) is above the time for average allocation rate (2110 MB/s) to deplete free headroom (107M) (margin of error = 1.79)
[27.280s][info][gc,ergo     ] Free headroom: 159M (free) - 52428K (spike) - 0B (penalties) = 107M
[27.280s][info][gc,ergo     ] Free: 158M, Max: 512K regular, 150M humongous, Frag: 6% external, 0% internal; Reserve: 52736K, Max: 512K
[27.280s][info][gc,start    ] GC(74) Concurrent reset
[27.280s][info][gc,task     ] GC(74) Using 1 of 3 workers for concurrent reset
[27.280s][info][gc,ergo     ] GC(74) Pacer for Reset. Non-Taxable: 1024M
[27.281s][info][gc          ] GC(74) Concurrent reset 0.439ms
[27.281s][info][gc,start    ] GC(74) Pause Init Mark (unload classes)
[27.281s][info][gc,task     ] GC(74) Using 3 of 3 workers for init marking
[27.281s][info][gc,ergo     ] GC(74) Pacer for Mark. Expected Live: 14230K, Free: 157M, Non-Taxable: 16128K, Alloc Tax Rate: 0.1x
[27.281s][info][gc          ] GC(74) Pause Init Mark (unload classes) 0.134ms
[27.288s][info][gc,start    ] GC(74) Concurrent marking roots
[27.288s][info][gc,task     ] GC(74) Using 1 of 3 workers for concurrent marking roots
[27.288s][info][gc          ] GC(74) Concurrent marking roots 0.594ms
[27.288s][info][gc,start    ] GC(74) Concurrent marking (unload classes)
[27.288s][info][gc,task     ] GC(74) Using 1 of 3 workers for concurrent marking
[27.295s][info][gc          ] GC(74) Concurrent marking (unload classes) 6.398ms
[27.295s][info][gc,start    ] GC(74) Pause Final Mark (unload classes)
[27.295s][info][gc,task     ] GC(74) Using 3 of 3 workers for final marking
[27.295s][info][gc,ergo     ] GC(74) Adaptive CSet Selection. Target Free: 145M, Actual Free: 913M, Max CSet: 43690K, Min Garbage: 0B
[27.295s][info][gc,ergo     ] GC(74) Collectable Garbage: 799M (99%), Immediate: 719M (89%), CSet: 82027K (10%)
[27.295s][info][gc,ergo     ] GC(74) Pacer for Evacuation. Used CSet: 84480K, Free: 861M, Non-Taxable: 88218K, Alloc Tax Rate: 1.1x
[27.295s][info][gc          ] GC(74) Pause Final Mark (unload classes) 0.401ms
[27.295s][info][gc,start    ] GC(74) Concurrent thread roots
[27.295s][info][gc,task     ] GC(74) Using 1 of 3 workers for Concurrent thread roots
[27.296s][info][gc          ] GC(74) Concurrent thread roots 0.969ms
[27.296s][info][gc,start    ] GC(74) Concurrent weak references
[27.296s][info][gc,task     ] GC(74) Using 1 of 3 workers for concurrent weak references
[27.296s][info][gc,ref      ] GC(74) Encountered references: Soft: 132, Weak: 434, Final: 9, Phantom: 21
[27.296s][info][gc,ref      ] GC(74) Discovered  references: Soft: 0, Weak: 234, Final: 7, Phantom: 14
[27.296s][info][gc,ref      ] GC(74) Enqueued    references: Soft: 0, Weak: 0, Final: 0, Phantom: 0
[27.296s][info][gc          ] GC(74) Concurrent weak references 0.061ms
[27.296s][info][gc,start    ] GC(74) Concurrent weak roots
[27.296s][info][gc,task     ] GC(74) Using 1 of 3 workers for concurrent weak root
[27.302s][info][gc          ] GC(74) Concurrent weak roots 5.827ms
[27.302s][info][gc,start    ] GC(74) Concurrent cleanup
[27.302s][info][gc          ] GC(74) Concurrent cleanup 844M->124M(1024M) 0.105ms
[27.302s][info][gc,ergo     ] GC(74) Free: 848M, Max: 512K regular, 375M humongous, Frag: 56% external, 0% internal; Reserve: 51655K, Max: 512K
[27.302s][info][gc,start    ] GC(74) Concurrent class unloading
[27.302s][info][gc,task     ] GC(74) Using 1 of 3 workers for concurrent class unloading
[27.306s][info][gc          ] GC(74) Concurrent class unloading 3.888ms
[27.306s][info][gc,start    ] GC(74) Concurrent strong roots
[27.306s][info][gc,task     ] GC(74) Using 1 of 3 workers for concurrent strong root
[27.306s][info][gc          ] GC(74) Concurrent strong roots 0.083ms
[27.306s][info][gc,start    ] GC(74) Concurrent evacuation
[27.306s][info][gc,task     ] GC(74) Using 1 of 3 workers for concurrent evacuation
[27.308s][info][gc          ] GC(74) Concurrent evacuation 1.542ms
[27.308s][info][gc,start    ] GC(74) Pause Init Update Refs
[27.308s][info][gc,ergo     ] GC(74) Pacer for Update Refs. Used: 136M, Free: 838M, Non-Taxable: 85811K, Alloc Tax Rate: 1.1x
[27.308s][info][gc          ] GC(74) Pause Init Update Refs 0.061ms
[27.314s][info][gc,start    ] GC(74) Concurrent update references
[27.314s][info][gc,task     ] GC(74) Using 1 of 3 workers for concurrent reference update
[27.319s][info][gc          ] GC(74) Concurrent update references 5.265ms
[27.319s][info][gc,start    ] GC(74) Concurrent update thread roots
[27.320s][info][gc          ] GC(74) Concurrent update thread roots 0.587ms
[27.320s][info][gc,start    ] GC(74) Pause Final Update Refs
[27.320s][info][gc,task     ] GC(74) Using 3 of 3 workers for final reference update
[27.320s][info][gc          ] GC(74) Pause Final Update Refs 0.110ms
[27.323s][info][gc,start    ] GC(74) Concurrent cleanup
[27.323s][info][gc          ] GC(74) Concurrent cleanup 166M->83M(1024M) 0.041ms
[27.323s][info][gc,ergo     ] Free: 887M, Max: 512K regular, 493M humongous, Frag: 45% external, 0% internal; Reserve: 52736K, Max: 512K
[27.323s][info][gc,stats    ] 
[27.323s][info][gc,stats    ] All times are wall-clock times, except per-root-class counters, that are sum over
[27.323s][info][gc,stats    ] all workers. Dividing the <total> over the root stage time estimates parallelism.
[27.323s][info][gc,stats    ] 
[27.323s][info][gc,stats    ] Concurrent Reset                    463 us
[27.323s][info][gc,stats    ] Pause Init Mark (G)                6807 us
[27.323s][info][gc,stats    ] Pause Init Mark (N)                 150 us
[27.323s][info][gc,stats    ]   Update Region States               22 us
[27.323s][info][gc,stats    ] Concurrent Mark Roots               615 us, parallelism: 0.86x
[27.323s][info][gc,stats    ]   CMR: <total>                      527 us
[27.323s][info][gc,stats    ]   CMR: Thread Roots                 475 us, workers (us): 475, ---, ---, 
[27.323s][info][gc,stats    ]   CMR: VM Strong Roots                6 us, workers (us):   6, ---, ---, 
[27.323s][info][gc,stats    ]   CMR: CLDG Roots                    46 us, workers (us):  46, ---, ---, 
[27.323s][info][gc,stats    ] Concurrent Marking                 6429 us
[27.323s][info][gc,stats    ] Pause Final Mark (G)                475 us
[27.323s][info][gc,stats    ] Pause Final Mark (N)                422 us
[27.323s][info][gc,stats    ]   Finish Mark                        61 us
[27.323s][info][gc,stats    ]   Update Region States               49 us
[27.323s][info][gc,stats    ]   Choose Collection Set             140 us
[27.323s][info][gc,stats    ]   Rebuild Free Set                   21 us
[27.323s][info][gc,stats    ] Concurrent Thread Roots             977 us, parallelism: 0.95x
[27.323s][info][gc,stats    ]   CTR: <total>                      925 us
[27.323s][info][gc,stats    ]   CTR: Thread Roots                 925 us, workers (us): 925, ---, ---, 
[27.323s][info][gc,stats    ] Concurrent Weak References           68 us, parallelism: 0.14x
[27.323s][info][gc,stats    ]   CWRF: <total>                      10 us
[27.323s][info][gc,stats    ]   CWRF: Weak References              10 us, workers (us):  10, ---, ---, 
[27.323s][info][gc,stats    ] Concurrent Weak Roots              5863 us
[27.323s][info][gc,stats    ]   Roots                             801 us, parallelism: 0.95x
[27.323s][info][gc,stats    ]     CWR: <total>                    758 us
[27.323s][info][gc,stats    ]     CWR: Code Cache Roots           409 us, workers (us): 409, ---, ---, 
[27.323s][info][gc,stats    ]     CWR: VM Weak Roots              346 us, workers (us): 346, ---, ---, 
[27.323s][info][gc,stats    ]     CWR: CLDG Roots                   4 us, workers (us):   4, ---, ---, 
[27.323s][info][gc,stats    ]   Rendezvous                       5002 us
[27.323s][info][gc,stats    ] Concurrent Cleanup                  114 us
[27.323s][info][gc,stats    ] Concurrent Class Unloading         3921 us
[27.323s][info][gc,stats    ]   Unlink Stale                     1640 us
[27.323s][info][gc,stats    ]     System Dictionary                 3 us
[27.323s][info][gc,stats    ]     Weak Class Links                  0 us
[27.323s][info][gc,stats    ]     Code Roots                     1636 us
[27.323s][info][gc,stats    ]   Rendezvous                       2141 us
[27.323s][info][gc,stats    ]   Purge Unlinked                     85 us
[27.323s][info][gc,stats    ]     Code Roots                       80 us
[27.323s][info][gc,stats    ]     CLDG                              4 us
[27.323s][info][gc,stats    ]     Exception Caches                  0 us
[27.323s][info][gc,stats    ] Concurrent Strong Roots              99 us, parallelism: 0.54x
[27.323s][info][gc,stats    ]   CSR: <total>                       53 us
[27.323s][info][gc,stats    ]   CSR: VM Strong Roots                4 us, workers (us):   4, ---, ---, 
[27.323s][info][gc,stats    ]   CSR: CLDG Roots                    48 us, workers (us):  48, ---, ---, 
[27.323s][info][gc,stats    ] Concurrent Evacuation              1583 us
[27.323s][info][gc,stats    ] Pause Init Update Refs (G)         5999 us
[27.323s][info][gc,stats    ] Pause Init Update Refs (N)           70 us
[27.323s][info][gc,stats    ]   Manage GCLABs                       3 us
[27.323s][info][gc,stats    ] Concurrent Update Refs             5331 us
[27.323s][info][gc,stats    ] Concurrent Update Thread Roots      603 us
[27.323s][info][gc,stats    ] Pause Final Update Refs (G)        2967 us
[27.323s][info][gc,stats    ] Pause Final Update Refs (N)         121 us
[27.323s][info][gc,stats    ]   Update Region States               43 us
[27.323s][info][gc,stats    ]   Trash Collection Set                5 us
[27.323s][info][gc,stats    ]   Rebuild Free Set                   15 us
[27.323s][info][gc,stats    ] Concurrent Cleanup                   51 us
[27.323s][info][gc,stats    ] Pacing                            77195 us
[27.323s][info][gc,stats    ] 
[27.323s][info][gc,stats    ] Allocation pacing accrued:
[27.323s][info][gc,stats    ]      13 of   388 ms (  3.4%): Thread-30
[27.323s][info][gc,stats    ]      12 of   388 ms (  3.2%): Thread-31
[27.323s][info][gc,stats    ]      13 of   388 ms (  3.4%): Thread-32
[27.323s][info][gc,stats    ]      13 of   388 ms (  3.3%): Thread-33
[27.323s][info][gc,stats    ]      14 of   388 ms (  3.6%): Thread-34
[27.323s][info][gc,stats    ]      12 of   388 ms (  3.0%): Thread-35
[27.323s][info][gc,stats    ]      77 of   388 ms ( 19.9%): <total>
[27.323s][info][gc,stats    ]       4 of   388 ms (  1.0%): <average total>
[27.323s][info][gc,stats    ]      13 of   388 ms (  3.3%): <average non-zero>
[27.323s][info][gc,stats    ] 
[27.323s][info][gc,metaspace] Metaspace: 6245K(6400K)->6245K(6400K) NonClass: 5639K(5696K)->5639K(5696K) Class: 606K(704K)->606K(704K)
[27.323s][info][gc,ergo     ] Pacer for Idle. Initial: 20971K, Alloc Tax Rate: 1.0x
[27.659s][info][gc          ] Trigger: Average GC time (58.83 ms) is above the time for average allocation rate (2116 MB/s) to deplete free headroom (102M) (margin of error = 1.78)
[27.659s][info][gc,ergo     ] Free headroom: 154M (free) - 52428K (spike) - 0B (penalties) = 102M
[27.659s][info][gc,ergo     ] Free: 154M, Max: 512K regular, 128M humongous, Frag: 17% external, 0% internal; Reserve: 52736K, Max: 512K
[27.659s][info][gc,start    ] GC(75) Concurrent reset
[27.659s][info][gc,task     ] GC(75) Using 1 of 3 workers for concurrent reset
[27.659s][info][gc,ergo     ] GC(75) Pacer for Reset. Non-Taxable: 1024M
[27.660s][info][gc          ] GC(75) Concurrent reset 0.412ms
[27.660s][info][gc,start    ] GC(75) Pause Init Mark (unload classes)
[27.660s][info][gc,task     ] GC(75) Using 3 of 3 workers for init marking
[27.660s][info][gc,ergo     ] GC(75) Pacer for Mark. Expected Live: 14223K, Free: 153M, Non-Taxable: 15718K, Alloc Tax Rate: 0.1x
[27.660s][info][gc          ] GC(75) Pause Init Mark (unload classes) 0.137ms
[27.666s][info][gc,start    ] GC(75) Concurrent marking roots
[27.666s][info][gc,task     ] GC(75) Using 1 of 3 workers for concurrent marking roots
[27.666s][info][gc          ] GC(75) Concurrent marking roots 0.592ms
[27.666s][info][gc,start    ] GC(75) Concurrent marking (unload classes)
[27.666s][info][gc,task     ] GC(75) Using 1 of 3 workers for concurrent marking
[27.674s][info][gc          ] GC(75) Concurrent marking (unload classes) 7.634ms
[27.674s][info][gc,start    ] GC(75) Pause Final Mark (unload classes)
[27.674s][info][gc,task     ] GC(75) Using 3 of 3 workers for final marking
[27.674s][info][gc,ergo     ] GC(75) Adaptive CSet Selection. Target Free: 145M, Actual Free: 771M, Max CSet: 43690K, Min Garbage: 0B
[27.674s][info][gc,ergo     ] GC(75) Collectable Garbage: 803M (99%), Immediate: 581M (72%), CSet: 222M (27%)
[27.674s][info][gc,ergo     ] GC(75) Pacer for Evacuation. Used CSet: 225M, Free: 719M, Non-Taxable: 73677K, Alloc Tax Rate: 1.1x
[27.674s][info][gc          ] GC(75) Pause Final Mark (unload classes) 0.450ms
[27.674s][info][gc,start    ] GC(75) Concurrent thread roots
[27.675s][info][gc,task     ] GC(75) Using 1 of 3 workers for Concurrent thread roots
[27.675s][info][gc          ] GC(75) Concurrent thread roots 0.589ms
[27.675s][info][gc,start    ] GC(75) Concurrent weak references
[27.675s][info][gc,task     ] GC(75) Using 1 of 3 workers for concurrent weak references
[27.675s][info][gc,ref      ] GC(75) Encountered references: Soft: 132, Weak: 434, Final: 9, Phantom: 21
[27.675s][info][gc,ref      ] GC(75) Discovered  references: Soft: 0, Weak: 234, Final: 7, Phantom: 14
[27.675s][info][gc,ref      ] GC(75) Enqueued    references: Soft: 0, Weak: 0, Final: 0, Phantom: 0
[27.675s][info][gc          ] GC(75) Concurrent weak references 0.160ms
[27.675s][info][gc,start    ] GC(75) Concurrent weak roots
[27.675s][info][gc,task     ] GC(75) Using 1 of 3 workers for concurrent weak root
[27.676s][info][gc          ] GC(75) Concurrent weak roots 0.708ms
[27.676s][info][gc,start    ] GC(75) Concurrent cleanup
[27.676s][info][gc          ] GC(75) Concurrent cleanup 836M->255M(1024M) 0.084ms
[27.676s][info][gc,ergo     ] GC(75) Free: 716M, Max: 512K regular, 252M humongous, Frag: 65% external, 0% internal; Reserve: 52316K, Max: 512K
[27.676s][info][gc,start    ] GC(75) Concurrent class unloading
[27.676s][info][gc,task     ] GC(75) Using 1 of 3 workers for concurrent class unloading
[27.681s][info][gc          ] GC(75) Concurrent class unloading 4.875ms
[27.681s][info][gc,start    ] GC(75) Concurrent strong roots
[27.681s][info][gc,task     ] GC(75) Using 1 of 3 workers for concurrent strong root
[27.681s][info][gc          ] GC(75) Concurrent strong roots 0.080ms
[27.681s][info][gc,start    ] GC(75) Concurrent evacuation
[27.681s][info][gc,task     ] GC(75) Using 1 of 3 workers for concurrent evacuation
[27.684s][info][gc          ] GC(75) Concurrent evacuation 2.449ms
[27.684s][info][gc,start    ] GC(75) Pause Init Update Refs
[27.684s][info][gc,ergo     ] GC(75) Pacer for Update Refs. Used: 269M, Free: 705M, Non-Taxable: 72192K, Alloc Tax Rate: 1.1x
[27.684s][info][gc          ] GC(75) Pause Init Update Refs 0.033ms
[27.692s][info][gc,start    ] GC(75) Concurrent update references
[27.692s][info][gc,task     ] GC(75) Using 1 of 3 workers for concurrent reference update
[27.697s][info][gc          ] GC(75) Concurrent update references 5.096ms
[27.697s][info][gc,start    ] GC(75) Concurrent update thread roots
[27.697s][info][gc          ] GC(75) Concurrent update thread roots 0.594ms
[27.697s][info][gc,start    ] GC(75) Pause Final Update Refs
[27.697s][info][gc,task     ] GC(75) Using 3 of 3 workers for final reference update
[27.697s][info][gc          ] GC(75) Pause Final Update Refs 0.095ms
[27.703s][info][gc,start    ] GC(75) Concurrent cleanup
[27.703s][info][gc          ] GC(75) Concurrent cleanup 302M->77M(1024M) 0.049ms
[27.703s][info][gc,ergo     ] Free: 893M, Max: 512K regular, 502M humongous, Frag: 44% external, 0% internal; Reserve: 52736K, Max: 512K
[27.703s][info][gc,stats    ] 
[27.703s][info][gc,stats    ] All times are wall-clock times, except per-root-class counters, that are sum over
[27.703s][info][gc,stats    ] all workers. Dividing the <total> over the root stage time estimates parallelism.
[27.703s][info][gc,stats    ] 
[27.703s][info][gc,stats    ] Concurrent Reset                    455 us
[27.703s][info][gc,stats    ] Pause Init Mark (G)                5758 us
[27.703s][info][gc,stats    ] Pause Init Mark (N)                 148 us
[27.703s][info][gc,stats    ]   Update Region States               34 us
[27.703s][info][gc,stats    ] Concurrent Mark Roots               603 us, parallelism: 0.88x
[27.703s][info][gc,stats    ]   CMR: <total>                      530 us
[27.703s][info][gc,stats    ]   CMR: Thread Roots                 477 us, workers (us): 477, ---, ---, 
[27.703s][info][gc,stats    ]   CMR: VM Strong Roots                5 us, workers (us):   5, ---, ---, 
[27.703s][info][gc,stats    ]   CMR: CLDG Roots                    48 us, workers (us):  48, ---, ---, 
[27.703s][info][gc,stats    ] Concurrent Marking                 7701 us
[27.703s][info][gc,stats    ] Pause Final Mark (G)                526 us
[27.703s][info][gc,stats    ] Pause Final Mark (N)                471 us
[27.703s][info][gc,stats    ]   Finish Mark                        60 us
[27.703s][info][gc,stats    ]   Update Region States               51 us
[27.703s][info][gc,stats    ]   Choose Collection Set             201 us
[27.703s][info][gc,stats    ]   Rebuild Free Set                   25 us
[27.703s][info][gc,stats    ] Concurrent Thread Roots             598 us, parallelism: 0.85x
[27.703s][info][gc,stats    ]   CTR: <total>                      506 us
[27.703s][info][gc,stats    ]   CTR: Thread Roots                 506 us, workers (us): 506, ---, ---, 
[27.703s][info][gc,stats    ] Concurrent Weak References          182 us, parallelism: 0.06x
[27.703s][info][gc,stats    ]   CWRF: <total>                      10 us
[27.703s][info][gc,stats    ]   CWRF: Weak References              10 us, workers (us):  10, ---, ---, 
[27.704s][info][gc,stats    ] Concurrent Weak Roots               731 us
[27.704s][info][gc,stats    ]   Roots                             612 us, parallelism: 0.94x
[27.704s][info][gc,stats    ]     CWR: <total>                    575 us
[27.704s][info][gc,stats    ]     CWR: Code Cache Roots           363 us, workers (us): 363, ---, ---, 
[27.704s][info][gc,stats    ]     CWR: VM Weak Roots              209 us, workers (us): 209, ---, ---, 
[27.704s][info][gc,stats    ]     CWR: CLDG Roots                   3 us, workers (us):   3, ---, ---, 
[27.704s][info][gc,stats    ]   Rendezvous                         53 us
[27.704s][info][gc,stats    ] Concurrent Cleanup                   93 us
[27.704s][info][gc,stats    ] Concurrent Class Unloading         4904 us
[27.704s][info][gc,stats    ]   Unlink Stale                     1486 us
[27.704s][info][gc,stats    ]     System Dictionary                 2 us
[27.704s][info][gc,stats    ]     Weak Class Links                  0 us
[27.704s][info][gc,stats    ]     Code Roots                     1483 us
[27.704s][info][gc,stats    ]   Rendezvous                       3303 us
[27.704s][info][gc,stats    ]   Purge Unlinked                     69 us
[27.704s][info][gc,stats    ]     Code Roots                       64 us
[27.704s][info][gc,stats    ]     CLDG                              5 us
[27.704s][info][gc,stats    ]     Exception Caches                  0 us
[27.704s][info][gc,stats    ] Concurrent Strong Roots              94 us, parallelism: 0.52x
[27.704s][info][gc,stats    ]   CSR: <total>                       49 us
[27.704s][info][gc,stats    ]   CSR: VM Strong Roots                4 us, workers (us):   4, ---, ---, 
[27.704s][info][gc,stats    ]   CSR: CLDG Roots                    45 us, workers (us):  45, ---, ---, 
[27.704s][info][gc,stats    ] Concurrent Evacuation              2494 us
[27.704s][info][gc,stats    ] Pause Init Update Refs (G)         7942 us
[27.704s][info][gc,stats    ] Pause Init Update Refs (N)           41 us
[27.704s][info][gc,stats    ]   Manage GCLABs                       2 us
[27.704s][info][gc,stats    ] Concurrent Update Refs             5147 us
[27.704s][info][gc,stats    ] Concurrent Update Thread Roots      611 us
[27.704s][info][gc,stats    ] Pause Final Update Refs (G)        5870 us
[27.704s][info][gc,stats    ] Pause Final Update Refs (N)         121 us
[27.704s][info][gc,stats    ]   Update Region States               36 us
[27.704s][info][gc,stats    ]   Trash Collection Set               10 us
[27.704s][info][gc,stats    ]   Rebuild Free Set                   15 us
[27.704s][info][gc,stats    ] Concurrent Cleanup                   58 us
[27.704s][info][gc,stats    ] Pacing                            43191 us
[27.704s][info][gc,stats    ] 
[27.704s][info][gc,stats    ] Allocation pacing accrued:
[27.704s][info][gc,stats    ]       7 of   381 ms (  1.8%): Thread-30
[27.704s][info][gc,stats    ]       8 of   381 ms (  2.0%): Thread-31
[27.704s][info][gc,stats    ]       7 of   381 ms (  2.0%): Thread-32
[27.704s][info][gc,stats    ]       7 of   381 ms (  1.7%): Thread-33
[27.704s][info][gc,stats    ]       8 of   381 ms (  2.0%): Thread-34
[27.704s][info][gc,stats    ]       7 of   381 ms (  1.9%): Thread-35
[27.704s][info][gc,stats    ]      43 of   381 ms ( 11.4%): <total>
[27.704s][info][gc,stats    ]       2 of   381 ms (  0.6%): <average total>
[27.704s][info][gc,stats    ]       7 of   381 ms (  1.9%): <average non-zero>
[27.704s][info][gc,stats    ] 
[27.704s][info][gc,metaspace] Metaspace: 6245K(6400K)->6245K(6400K) NonClass: 5639K(5696K)->5639K(5696K) Class: 606K(704K)->606K(704K)
[27.704s][info][gc,ergo     ] Pacer for Idle. Initial: 20971K, Alloc Tax Rate: 1.0x
[28.039s][info][gc          ] Trigger: Average GC time (54.79 ms) is above the time for average allocation rate (2105 MB/s) to deplete free headroom (112M) (margin of error = 1.77)
[28.039s][info][gc,ergo     ] Free headroom: 163M (free) - 52428K (spike) - 0B (penalties) = 112M
[28.039s][info][gc,ergo     ] Free: 163M, Max: 512K regular, 157M humongous, Frag: 4% external, 0% internal; Reserve: 52736K, Max: 512K
[28.039s][info][gc,start    ] GC(76) Concurrent reset
[28.039s][info][gc,task     ] GC(76) Using 1 of 3 workers for concurrent reset
[28.039s][info][gc,ergo     ] GC(76) Pacer for Reset. Non-Taxable: 1024M
[28.040s][info][gc          ] GC(76) Concurrent reset 1.061ms
[28.040s][info][gc,start    ] GC(76) Pause Init Mark (unload classes)
[28.040s][info][gc,task     ] GC(76) Using 3 of 3 workers for init marking
[28.040s][info][gc,ergo     ] GC(76) Pacer for Mark. Expected Live: 14245K, Free: 161M, Non-Taxable: 16486K, Alloc Tax Rate: 0.1x
[28.040s][info][gc          ] GC(76) Pause Init Mark (unload classes) 0.153ms
[28.042s][info][gc,start    ] GC(76) Concurrent marking roots
[28.042s][info][gc,task     ] GC(76) Using 1 of 3 workers for concurrent marking roots
[28.042s][info][gc          ] GC(76) Concurrent marking roots 0.583ms
[28.042s][info][gc,start    ] GC(76) Concurrent marking (unload classes)
[28.042s][info][gc,task     ] GC(76) Using 1 of 3 workers for concurrent marking
[28.054s][info][gc          ] GC(76) Concurrent marking (unload classes) 11.502ms
[28.054s][info][gc,start    ] GC(76) Pause Final Mark (unload classes)
[28.054s][info][gc,task     ] GC(76) Using 3 of 3 workers for final marking
[28.054s][info][gc,ergo     ] GC(76) Collectable Garbage: 769M (96%), Immediate: 769M (96%), CSet: 0B (0%)
[28.054s][info][gc          ] GC(76) Pause Final Mark (unload classes) 0.185ms
[28.056s][info][gc,start    ] GC(76) Concurrent weak references
[28.056s][info][gc,task     ] GC(76) Using 1 of 3 workers for concurrent weak references
[28.056s][info][gc,ref      ] GC(76) Encountered references: Soft: 132, Weak: 434, Final: 9, Phantom: 21
[28.056s][info][gc,ref      ] GC(76) Discovered  references: Soft: 0, Weak: 234, Final: 7, Phantom: 14
[28.056s][info][gc,ref      ] GC(76) Enqueued    references: Soft: 0, Weak: 0, Final: 0, Phantom: 0
[28.056s][info][gc          ] GC(76) Concurrent weak references 0.068ms
[28.056s][info][gc,start    ] GC(76) Concurrent weak roots
[28.056s][info][gc,task     ] GC(76) Using 1 of 3 workers for concurrent weak root
[28.058s][info][gc          ] GC(76) Concurrent weak roots 1.786ms
[28.058s][info][gc,start    ] GC(76) Concurrent cleanup
[28.058s][info][gc          ] GC(76) Concurrent cleanup 850M->81M(1024M) 0.124ms
[28.058s][info][gc,ergo     ] GC(76) Free: 890M, Max: 512K regular, 463M humongous, Frag: 48% external, 0% internal; Reserve: 52736K, Max: 512K
[28.058s][info][gc,start    ] GC(76) Concurrent class unloading
[28.058s][info][gc,task     ] GC(76) Using 1 of 3 workers for concurrent class unloading
[28.064s][info][gc          ] GC(76) Concurrent class unloading 5.766ms
[28.064s][info][gc,start    ] GC(76) Pause Final Roots
[28.064s][info][gc          ] GC(76) Pause Final Roots 0.033ms
[28.074s][info][gc,ergo     ] Free: 857M, Max: 512K regular, 463M humongous, Frag: 46% external, 0% internal; Reserve: 52736K, Max: 512K
[28.074s][info][gc,stats    ] 
[28.074s][info][gc,stats    ] All times are wall-clock times, except per-root-class counters, that are sum over
[28.074s][info][gc,stats    ] all workers. Dividing the <total> over the root stage time estimates parallelism.
[28.074s][info][gc,stats    ] 
[28.074s][info][gc,stats    ] Concurrent Reset                   1102 us
[28.074s][info][gc,stats    ] Pause Init Mark (G)                2131 us
[28.074s][info][gc,stats    ] Pause Init Mark (N)                 163 us
[28.074s][info][gc,stats    ]   Update Region States               51 us
[28.074s][info][gc,stats    ] Concurrent Mark Roots               592 us, parallelism: 0.87x
[28.074s][info][gc,stats    ]   CMR: <total>                      517 us
[28.074s][info][gc,stats    ]   CMR: Thread Roots                 462 us, workers (us): 462, ---, ---, 
[28.074s][info][gc,stats    ]   CMR: VM Strong Roots                6 us, workers (us):   6, ---, ---, 
[28.074s][info][gc,stats    ]   CMR: CLDG Roots                    49 us, workers (us):  49, ---, ---, 
[28.074s][info][gc,stats    ] Concurrent Marking                11549 us
[28.074s][info][gc,stats    ] Pause Final Mark (G)               2055 us
[28.074s][info][gc,stats    ] Pause Final Mark (N)                195 us
[28.074s][info][gc,stats    ]   Finish Mark                        42 us
[28.074s][info][gc,stats    ]   Update Region States               42 us
[28.074s][info][gc,stats    ]   Choose Collection Set              65 us
[28.074s][info][gc,stats    ]   Rebuild Free Set                    8 us
[28.074s][info][gc,stats    ] Concurrent Weak References           76 us, parallelism: 0.08x
[28.074s][info][gc,stats    ]   CWRF: <total>                       6 us
[28.074s][info][gc,stats    ]   CWRF: Weak References               6 us, workers (us):   6, ---, ---, 
[28.074s][info][gc,stats    ] Concurrent Weak Roots              1820 us
[28.074s][info][gc,stats    ]   Roots                             507 us, parallelism: 0.96x
[28.074s][info][gc,stats    ]     CWR: <total>                    489 us
[28.074s][info][gc,stats    ]     CWR: Code Cache Roots           424 us, workers (us): 424, ---, ---, 
[28.074s][info][gc,stats    ]     CWR: VM Weak Roots               62 us, workers (us):  62, ---, ---, 
[28.074s][info][gc,stats    ]     CWR: CLDG Roots                   2 us, workers (us):   2, ---, ---, 
[28.074s][info][gc,stats    ]   Rendezvous                       1259 us
[28.074s][info][gc,stats    ] Concurrent Cleanup                  134 us
[28.074s][info][gc,stats    ] Concurrent Class Unloading         5808 us
[28.074s][info][gc,stats    ]   Unlink Stale                     1624 us
[28.074s][info][gc,stats    ]     System Dictionary                 2 us
[28.074s][info][gc,stats    ]     Weak Class Links                  0 us
[28.074s][info][gc,stats    ]     Code Roots                     1620 us
[28.074s][info][gc,stats    ]   Rendezvous                       4029 us
[28.074s][info][gc,stats    ]   Purge Unlinked                     92 us
[28.074s][info][gc,stats    ]     Code Roots                       87 us
[28.074s][info][gc,stats    ]     CLDG                              5 us
[28.074s][info][gc,stats    ]     Exception Caches                  0 us
[28.074s][info][gc,stats    ] Pause Final Roots (G)              9945 us
[28.074s][info][gc,stats    ] Pause Final Roots (N)                42 us
[28.074s][info][gc,stats    ] 
[28.074s][info][gc,stats    ] Allocation pacing accrued:
[28.074s][info][gc,stats    ]       0 of   371 ms (  0.0%): <total>
[28.074s][info][gc,stats    ]       0 of   371 ms (  0.0%): <average total>
[28.074s][info][gc,stats    ] 
[28.074s][info][gc,metaspace] Metaspace: 6245K(6400K)->6245K(6400K) NonClass: 5639K(5696K)->5639K(5696K) Class: 606K(704K)->606K(704K)
[28.074s][info][gc,ergo     ] Pacer for Idle. Initial: 20971K, Alloc Tax Rate: 1.0x
[28.401s][info][gc          ] Trigger: Average GC time (49.96 ms) is above the time for average allocation rate (2109 MB/s) to deplete free headroom (102M) (margin of error = 1.78)
[28.402s][info][gc,ergo     ] Free headroom: 153M (free) - 52428K (spike) - 0B (penalties) = 102M
[28.402s][info][gc,ergo     ] Free: 153M, Max: 512K regular, 122M humongous, Frag: 21% external, 0% internal; Reserve: 52736K, Max: 512K
[28.402s][info][gc,start    ] GC(77) Concurrent reset
[28.402s][info][gc,task     ] GC(77) Using 1 of 3 workers for concurrent reset
[28.402s][info][gc,ergo     ] GC(77) Pacer for Reset. Non-Taxable: 1024M
[28.402s][info][gc          ] GC(77) Concurrent reset 0.211ms
[28.402s][info][gc,start    ] GC(77) Pause Init Mark (unload classes)
[28.402s][info][gc,task     ] GC(77) Using 3 of 3 workers for init marking
[28.402s][info][gc,ergo     ] GC(77) Pacer for Mark. Expected Live: 14245K, Free: 153M, Non-Taxable: 15667K, Alloc Tax Rate: 0.1x
[28.402s][info][gc          ] GC(77) Pause Init Mark (unload classes) 0.112ms
[28.406s][info][gc,start    ] GC(77) Concurrent marking roots
[28.406s][info][gc,task     ] GC(77) Using 1 of 3 workers for concurrent marking roots
[28.406s][info][gc          ] GC(77) Concurrent marking roots 0.599ms
[28.406s][info][gc,start    ] GC(77) Concurrent marking (unload classes)
[28.406s][info][gc,task     ] GC(77) Using 1 of 3 workers for concurrent marking
[28.417s][info][gc          ] GC(77) Concurrent marking (unload classes) 11.027ms
[28.418s][info][gc,start    ] GC(77) Pause Final Mark (unload classes)
[28.418s][info][gc,task     ] GC(77) Using 3 of 3 workers for final marking
[28.418s][info][gc,ergo     ] GC(77) Adaptive CSet Selection. Target Free: 145M, Actual Free: 908M, Max CSet: 43690K, Min Garbage: 0B
[28.418s][info][gc,ergo     ] GC(77) Collectable Garbage: 804M (99%), Immediate: 730M (90%), CSet: 75523K (9%)
[28.418s][info][gc,ergo     ] GC(77) Pacer for Evacuation. Used CSet: 77824K, Free: 856M, Non-Taxable: 87706K, Alloc Tax Rate: 1.1x
[28.418s][info][gc          ] GC(77) Pause Final Mark (unload classes) 0.239ms
[28.418s][info][gc,start    ] GC(77) Concurrent thread roots
[28.418s][info][gc,task     ] GC(77) Using 1 of 3 workers for Concurrent thread roots
[28.418s][info][gc          ] GC(77) Concurrent thread roots 0.498ms
[28.418s][info][gc,start    ] GC(77) Concurrent weak references
[28.418s][info][gc,task     ] GC(77) Using 1 of 3 workers for concurrent weak references
[28.418s][info][gc,ref      ] GC(77) Encountered references: Soft: 132, Weak: 434, Final: 9, Phantom: 21
[28.418s][info][gc,ref      ] GC(77) Discovered  references: Soft: 0, Weak: 234, Final: 7, Phantom: 14
[28.418s][info][gc,ref      ] GC(77) Enqueued    references: Soft: 0, Weak: 0, Final: 0, Phantom: 0
[28.418s][info][gc          ] GC(77) Concurrent weak references 0.062ms
[28.418s][info][gc,start    ] GC(77) Concurrent weak roots
[28.418s][info][gc,task     ] GC(77) Using 1 of 3 workers for concurrent weak root
[28.420s][info][gc          ] GC(77) Concurrent weak roots 1.231ms
[28.420s][info][gc,start    ] GC(77) Concurrent cleanup
[28.420s][info][gc          ] GC(77) Concurrent cleanup 848M->118M(1024M) 0.179ms
[28.420s][info][gc,ergo     ] GC(77) Free: 853M, Max: 512K regular, 285M humongous, Frag: 67% external, 0% internal; Reserve: 52285K, Max: 512K
[28.420s][info][gc,start    ] GC(77) Concurrent class unloading
[28.420s][info][gc,task     ] GC(77) Using 1 of 3 workers for concurrent class unloading
[28.423s][info][gc          ] GC(77) Concurrent class unloading 2.779ms
[28.423s][info][gc,start    ] GC(77) Concurrent strong roots
[28.423s][info][gc,task     ] GC(77) Using 1 of 3 workers for concurrent strong root
[28.423s][info][gc          ] GC(77) Concurrent strong roots 0.084ms
[28.423s][info][gc,start    ] GC(77) Concurrent evacuation
[28.423s][info][gc,task     ] GC(77) Using 1 of 3 workers for concurrent evacuation
[28.424s][info][gc          ] GC(77) Concurrent evacuation 1.362ms
[28.424s][info][gc,start    ] GC(77) Pause Init Update Refs
[28.424s][info][gc,ergo     ] GC(77) Pacer for Update Refs. Used: 127M, Free: 846M, Non-Taxable: 86682K, Alloc Tax Rate: 1.1x
[28.424s][info][gc          ] GC(77) Pause Init Update Refs 0.056ms
[28.435s][info][gc,start    ] GC(77) Concurrent update references
[28.435s][info][gc,task     ] GC(77) Using 1 of 3 workers for concurrent reference update
[28.441s][info][gc          ] GC(77) Concurrent update references 6.278ms
[28.441s][info][gc,start    ] GC(77) Concurrent update thread roots
[28.442s][info][gc          ] GC(77) Concurrent update thread roots 0.565ms
[28.442s][info][gc,start    ] GC(77) Pause Final Update Refs
[28.442s][info][gc,task     ] GC(77) Using 3 of 3 workers for final reference update
[28.442s][info][gc          ] GC(77) Pause Final Update Refs 0.101ms
[28.449s][info][gc,start    ] GC(77) Concurrent cleanup
[28.449s][info][gc          ] GC(77) Concurrent cleanup 165M->89M(1024M) 0.038ms
[28.449s][info][gc,ergo     ] Free: 881M, Max: 512K regular, 458M humongous, Frag: 49% external, 0% internal; Reserve: 52736K, Max: 512K
[28.449s][info][gc,stats    ] 
[28.449s][info][gc,stats    ] All times are wall-clock times, except per-root-class counters, that are sum over
[28.449s][info][gc,stats    ] all workers. Dividing the <total> over the root stage time estimates parallelism.
[28.449s][info][gc,stats    ] 
[28.449s][info][gc,stats    ] Concurrent Reset                    222 us
[28.449s][info][gc,stats    ] Pause Init Mark (G)                3939 us
[28.449s][info][gc,stats    ] Pause Init Mark (N)                 122 us
[28.449s][info][gc,stats    ]   Update Region States               38 us
[28.449s][info][gc,stats    ] Concurrent Mark Roots               609 us, parallelism: 0.85x
[28.449s][info][gc,stats    ]   CMR: <total>                      518 us
[28.449s][info][gc,stats    ]   CMR: Thread Roots                 466 us, workers (us): 466, ---, ---, 
[28.449s][info][gc,stats    ]   CMR: VM Strong Roots                6 us, workers (us):   6, ---, ---, 
[28.449s][info][gc,stats    ]   CMR: CLDG Roots                    45 us, workers (us):  45, ---, ---, 
[28.449s][info][gc,stats    ] Concurrent Marking                11074 us
[28.449s][info][gc,stats    ] Pause Final Mark (G)                377 us
[28.449s][info][gc,stats    ] Pause Final Mark (N)                249 us
[28.449s][info][gc,stats    ]   Finish Mark                        48 us
[28.449s][info][gc,stats    ]   Update Region States               38 us
[28.449s][info][gc,stats    ]   Choose Collection Set              86 us
[28.449s][info][gc,stats    ]   Rebuild Free Set                    9 us
[28.449s][info][gc,stats    ] Concurrent Thread Roots             509 us, parallelism: 0.91x
[28.449s][info][gc,stats    ]   CTR: <total>                      461 us
[28.449s][info][gc,stats    ]   CTR: Thread Roots                 461 us, workers (us): 461, ---, ---, 
[28.449s][info][gc,stats    ] Concurrent Weak References           70 us, parallelism: 0.18x
[28.449s][info][gc,stats    ]   CWRF: <total>                      13 us
[28.449s][info][gc,stats    ]   CWRF: Weak References              13 us, workers (us):  13, ---, ---, 
[28.449s][info][gc,stats    ] Concurrent Weak Roots              1254 us
[28.449s][info][gc,stats    ]   Roots                             468 us, parallelism: 0.96x
[28.449s][info][gc,stats    ]     CWR: <total>                    450 us
[28.449s][info][gc,stats    ]     CWR: Code Cache Roots           341 us, workers (us): 341, ---, ---, 
[28.449s][info][gc,stats    ]     CWR: VM Weak Roots              107 us, workers (us): 107, ---, ---, 
[28.449s][info][gc,stats    ]     CWR: CLDG Roots                   2 us, workers (us):   2, ---, ---, 
[28.449s][info][gc,stats    ]   Rendezvous                        745 us
[28.449s][info][gc,stats    ] Concurrent Cleanup                  188 us
[28.449s][info][gc,stats    ] Concurrent Class Unloading         2814 us
[28.449s][info][gc,stats    ]   Unlink Stale                     1550 us
[28.449s][info][gc,stats    ]     System Dictionary                 2 us
[28.449s][info][gc,stats    ]     Weak Class Links                  0 us
[28.449s][info][gc,stats    ]     Code Roots                     1547 us
[28.450s][info][gc,stats    ]   Rendezvous                       1141 us
[28.450s][info][gc,stats    ]   Purge Unlinked                     68 us
[28.450s][info][gc,stats    ]     Code Roots                       63 us
[28.450s][info][gc,stats    ]     CLDG                              5 us
[28.450s][info][gc,stats    ]     Exception Caches                  0 us
[28.450s][info][gc,stats    ] Concurrent Strong Roots              93 us, parallelism: 0.55x
[28.450s][info][gc,stats    ]   CSR: <total>                       51 us
[28.450s][info][gc,stats    ]   CSR: VM Strong Roots                5 us, workers (us):   5, ---, ---, 
[28.450s][info][gc,stats    ]   CSR: CLDG Roots                    47 us, workers (us):  47, ---, ---, 
[28.450s][info][gc,stats    ] Concurrent Evacuation              1396 us
[28.450s][info][gc,stats    ] Pause Init Update Refs (G)        10972 us
[28.450s][info][gc,stats    ] Pause Init Update Refs (N)           75 us
[28.450s][info][gc,stats    ]   Manage GCLABs                       3 us
[28.450s][info][gc,stats    ] Concurrent Update Refs             6325 us
[28.450s][info][gc,stats    ] Concurrent Update Thread Roots      581 us
[28.450s][info][gc,stats    ] Pause Final Update Refs (G)        7011 us
[28.450s][info][gc,stats    ] Pause Final Update Refs (N)         113 us
[28.450s][info][gc,stats    ]   Update Region States               43 us
[28.450s][info][gc,stats    ]   Trash Collection Set                4 us
[28.450s][info][gc,stats    ]   Rebuild Free Set                   14 us
[28.450s][info][gc,stats    ] Concurrent Cleanup                   49 us
[28.450s][info][gc,stats    ] Pacing                             5479 us
[28.450s][info][gc,stats    ] 
[28.450s][info][gc,stats    ] Allocation pacing accrued:
[28.450s][info][gc,stats    ]       1 of   375 ms (  0.3%): Thread-30
[28.450s][info][gc,stats    ]       1 of   375 ms (  0.2%): Thread-31
[28.450s][info][gc,stats    ]       1 of   375 ms (  0.2%): Thread-32
[28.450s][info][gc,stats    ]       1 of   375 ms (  0.3%): Thread-33
[28.450s][info][gc,stats    ]       0 of   375 ms (  0.0%): Thread-34
[28.450s][info][gc,stats    ]       2 of   375 ms (  0.4%): Thread-35
[28.450s][info][gc,stats    ]       5 of   375 ms (  1.5%): <total>
[28.450s][info][gc,stats    ]       0 of   375 ms (  0.1%): <average total>
[28.450s][info][gc,stats    ]       1 of   375 ms (  0.2%): <average non-zero>
[28.450s][info][gc,stats    ] 
[28.450s][info][gc,metaspace] Metaspace: 6245K(6400K)->6245K(6400K) NonClass: 5639K(5696K)->5639K(5696K) Class: 606K(704K)->606K(704K)
[28.450s][info][gc,ergo     ] Pacer for Idle. Initial: 20971K, Alloc Tax Rate: 1.0x
[28.733s][info][gc          ] Trigger: Average GC time (53.98 ms) is above the time for average allocation rate (2487 MB/s) to deplete free headroom (116M) (margin of error = 1.77)
[28.733s][info][gc,ergo     ] Free headroom: 168M (free) - 52428K (spike) - 0B (penalties) = 116M
[28.733s][info][gc,ergo     ] Free: 167M, Max: 512K regular, 157M humongous, Frag: 7% external, 0% internal; Reserve: 52736K, Max: 512K
[28.733s][info][gc,start    ] GC(78) Concurrent reset
[28.733s][info][gc,task     ] GC(78) Using 1 of 3 workers for concurrent reset
[28.733s][info][gc,ergo     ] GC(78) Pacer for Reset. Non-Taxable: 1024M
[28.734s][info][gc          ] GC(78) Concurrent reset 0.411ms
[28.734s][info][gc,start    ] GC(78) Pause Init Mark (unload classes)
[28.734s][info][gc,task     ] GC(78) Using 3 of 3 workers for init marking
[28.734s][info][gc,ergo     ] GC(78) Pacer for Mark. Expected Live: 14224K, Free: 166M, Non-Taxable: 17050K, Alloc Tax Rate: 0.1x
[28.734s][info][gc          ] GC(78) Pause Init Mark (unload classes) 0.125ms
[28.738s][info][gc,start    ] GC(78) Concurrent marking roots
[28.738s][info][gc,task     ] GC(78) Using 1 of 3 workers for concurrent marking roots
[28.738s][info][gc          ] GC(78) Concurrent marking roots 0.610ms
[28.738s][info][gc,start    ] GC(78) Concurrent marking (unload classes)
[28.738s][info][gc,task     ] GC(78) Using 1 of 3 workers for concurrent marking
[28.745s][info][gc          ] GC(78) Concurrent marking (unload classes) 6.504ms
[28.745s][info][gc,start    ] GC(78) Pause Final Mark (unload classes)
[28.745s][info][gc,task     ] GC(78) Using 3 of 3 workers for final marking
[28.745s][info][gc,ergo     ] GC(78) Collectable Garbage: 745M (94%), Immediate: 745M (94%), CSet: 0B (0%)
[28.745s][info][gc          ] GC(78) Pause Final Mark (unload classes) 0.319ms
[28.745s][info][gc,start    ] GC(78) Concurrent weak references
[28.745s][info][gc,task     ] GC(78) Using 1 of 3 workers for concurrent weak references
[28.745s][info][gc,ref      ] GC(78) Encountered references: Soft: 132, Weak: 434, Final: 9, Phantom: 21
[28.745s][info][gc,ref      ] GC(78) Discovered  references: Soft: 0, Weak: 234, Final: 7, Phantom: 14
[28.745s][info][gc,ref      ] GC(78) Enqueued    references: Soft: 0, Weak: 0, Final: 0, Phantom: 0
[28.745s][info][gc          ] GC(78) Concurrent weak references 0.146ms
[28.745s][info][gc,start    ] GC(78) Concurrent weak roots
[28.745s][info][gc,task     ] GC(78) Using 1 of 3 workers for concurrent weak root
[28.746s][info][gc          ] GC(78) Concurrent weak roots 0.519ms
[28.746s][info][gc,start    ] GC(78) Concurrent cleanup
[28.746s][info][gc          ] GC(78) Concurrent cleanup 821M->75M(1024M) 0.110ms
[28.746s][info][gc,ergo     ] GC(78) Free: 895M, Max: 512K regular, 366M humongous, Frag: 60% external, 0% internal; Reserve: 52736K, Max: 512K
[28.746s][info][gc,start    ] GC(78) Concurrent class unloading
[28.746s][info][gc,task     ] GC(78) Using 1 of 3 workers for concurrent class unloading
[28.748s][info][gc          ] GC(78) Concurrent class unloading 1.771ms
[28.748s][info][gc,start    ] GC(78) Pause Final Roots
[28.748s][info][gc          ] GC(78) Pause Final Roots 0.013ms
[28.748s][info][gc,ergo     ] Free: 895M, Max: 512K regular, 366M humongous, Frag: 60% external, 0% internal; Reserve: 52736K, Max: 512K
[28.748s][info][gc,stats    ] 
[28.748s][info][gc,stats    ] All times are wall-clock times, except per-root-class counters, that are sum over
[28.748s][info][gc,stats    ] all workers. Dividing the <total> over the root stage time estimates parallelism.
[28.748s][info][gc,stats    ] 
[28.748s][info][gc,stats    ] Concurrent Reset                    440 us
[28.748s][info][gc,stats    ] Pause Init Mark (G)                4033 us
[28.748s][info][gc,stats    ] Pause Init Mark (N)                 134 us
[28.748s][info][gc,stats    ]   Update Region States               41 us
[28.748s][info][gc,stats    ] Concurrent Mark Roots               622 us, parallelism: 0.85x
[28.748s][info][gc,stats    ]   CMR: <total>                      526 us
[28.748s][info][gc,stats    ]   CMR: Thread Roots                 469 us, workers (us): 469, ---, ---, 
[28.748s][info][gc,stats    ]   CMR: VM Strong Roots                6 us, workers (us):   6, ---, ---, 
[28.748s][info][gc,stats    ]   CMR: CLDG Roots                    50 us, workers (us):  50, ---, ---, 
[28.748s][info][gc,stats    ] Concurrent Marking                 6576 us
[28.748s][info][gc,stats    ] Pause Final Mark (G)                403 us
[28.748s][info][gc,stats    ] Pause Final Mark (N)                343 us
[28.748s][info][gc,stats    ]   Finish Mark                        67 us
[28.748s][info][gc,stats    ]   Update Region States               54 us
[28.748s][info][gc,stats    ]   Choose Collection Set              75 us
[28.748s][info][gc,stats    ]   Rebuild Free Set                   21 us
[28.748s][info][gc,stats    ] Concurrent Weak References          163 us, parallelism: 0.06x
[28.748s][info][gc,stats    ]   CWRF: <total>                       9 us
[28.748s][info][gc,stats    ]   CWRF: Weak References               9 us, workers (us):   9, ---, ---, 
[28.748s][info][gc,stats    ] Concurrent Weak Roots               529 us
[28.748s][info][gc,stats    ]   Roots                             437 us, parallelism: 0.94x
[28.748s][info][gc,stats    ]     CWR: <total>                    409 us
[28.748s][info][gc,stats    ]     CWR: Code Cache Roots           344 us, workers (us): 344, ---, ---, 
[28.748s][info][gc,stats    ]     CWR: VM Weak Roots               63 us, workers (us):  63, ---, ---, 
[28.748s][info][gc,stats    ]     CWR: CLDG Roots                   2 us, workers (us):   2, ---, ---, 
[28.748s][info][gc,stats    ]   Rendezvous                         49 us
[28.748s][info][gc,stats    ] Concurrent Cleanup                  118 us
[28.748s][info][gc,stats    ] Concurrent Class Unloading         1793 us
[28.749s][info][gc,stats    ]   Unlink Stale                     1682 us
[28.749s][info][gc,stats    ]     System Dictionary                 2 us
[28.749s][info][gc,stats    ]     Weak Class Links                  0 us
[28.749s][info][gc,stats    ]     Code Roots                     1679 us
[28.749s][info][gc,stats    ]   Rendezvous                         23 us
[28.749s][info][gc,stats    ]   Purge Unlinked                     49 us
[28.749s][info][gc,stats    ]     Code Roots                       42 us
[28.749s][info][gc,stats    ]     CLDG                              6 us
[28.749s][info][gc,stats    ]     Exception Caches                  0 us
[28.749s][info][gc,stats    ] Pause Final Roots (G)                49 us
[28.749s][info][gc,stats    ] Pause Final Roots (N)                21 us
[28.749s][info][gc,stats    ] Pacing                            28677 us
[28.749s][info][gc,stats    ] 
[28.749s][info][gc,stats    ] Allocation pacing accrued:
[28.749s][info][gc,stats    ]       5 of   299 ms (  1.7%): Thread-30
[28.749s][info][gc,stats    ]       5 of   299 ms (  1.7%): Thread-31
[28.749s][info][gc,stats    ]       5 of   299 ms (  1.7%): Thread-32
[28.749s][info][gc,stats    ]       4 of   299 ms (  1.5%): Thread-33
[28.749s][info][gc,stats    ]       5 of   299 ms (  1.6%): Thread-34
[28.749s][info][gc,stats    ]       4 of   299 ms (  1.4%): Thread-35
[28.749s][info][gc,stats    ]      29 of   299 ms (  9.6%): <total>
[28.749s][info][gc,stats    ]       2 of   299 ms (  0.5%): <average total>
[28.749s][info][gc,stats    ]       5 of   299 ms (  1.6%): <average non-zero>
[28.749s][info][gc,stats    ] 
[28.749s][info][gc,metaspace] Metaspace: 6245K(6400K)->6245K(6400K) NonClass: 5639K(5696K)->5639K(5696K) Class: 606K(704K)->606K(704K)
[28.749s][info][gc,ergo     ] Pacer for Idle. Initial: 20971K, Alloc Tax Rate: 1.0x
[29.097s][info][gc          ] Trigger: Average GC time (55.28 ms) is above the time for average allocation rate (1994 MB/s) to deplete free headroom (88375K) (margin of error = 1.76)
[29.097s][info][gc,ergo     ] Free headroom: 137M (free) - 52428K (spike) - 0B (penalties) = 88375K
[29.097s][info][gc,ergo     ] Free: 137M, Max: 512K regular, 137M humongous, Frag: 0% external, 0% internal; Reserve: 52736K, Max: 512K
[29.097s][info][gc,start    ] GC(79) Concurrent reset
[29.097s][info][gc,task     ] GC(79) Using 1 of 3 workers for concurrent reset
[29.097s][info][gc,ergo     ] GC(79) Pacer for Reset. Non-Taxable: 1024M
[29.097s][info][gc          ] GC(79) Concurrent reset 0.289ms
[29.097s][info][gc,start    ] GC(79) Pause Init Mark (unload classes)
[29.097s][info][gc,task     ] GC(79) Using 3 of 3 workers for init marking
[29.097s][info][gc,ergo     ] GC(79) Pacer for Mark. Expected Live: 14249K, Free: 137M, Non-Taxable: 14080K, Alloc Tax Rate: 0.1x
[29.097s][info][gc          ] GC(79) Pause Init Mark (unload classes) 0.117ms
[29.097s][info][gc,start    ] GC(79) Concurrent marking roots
[29.097s][info][gc,task     ] GC(79) Using 1 of 3 workers for concurrent marking roots
[29.098s][info][gc          ] GC(79) Concurrent marking roots 0.566ms
[29.098s][info][gc,start    ] GC(79) Concurrent marking (unload classes)
[29.098s][info][gc,task     ] GC(79) Using 1 of 3 workers for concurrent marking
[29.103s][info][gc          ] GC(79) Concurrent marking (unload classes) 4.771ms
[29.103s][info][gc,start    ] GC(79) Pause Final Mark (unload classes)
[29.103s][info][gc,task     ] GC(79) Using 3 of 3 workers for final marking
[29.103s][info][gc,ergo     ] GC(79) Collectable Garbage: 793M (96%), Immediate: 793M (96%), CSet: 0B (0%)
[29.103s][info][gc          ] GC(79) Pause Final Mark (unload classes) 0.247ms
[29.103s][info][gc,start    ] GC(79) Concurrent weak references
[29.103s][info][gc,task     ] GC(79) Using 1 of 3 workers for concurrent weak references
[29.103s][info][gc,ref      ] GC(79) Encountered references: Soft: 132, Weak: 434, Final: 9, Phantom: 21
[29.103s][info][gc,ref      ] GC(79) Discovered  references: Soft: 0, Weak: 234, Final: 7, Phantom: 14
[29.103s][info][gc,ref      ] GC(79) Enqueued    references: Soft: 0, Weak: 0, Final: 0, Phantom: 0
[29.103s][info][gc          ] GC(79) Concurrent weak references 0.131ms
[29.103s][info][gc,start    ] GC(79) Concurrent weak roots
[29.103s][info][gc,task     ] GC(79) Using 1 of 3 workers for concurrent weak root
[29.104s][info][gc          ] GC(79) Concurrent weak roots 0.543ms
[29.104s][info][gc,start    ] GC(79) Concurrent cleanup
[29.104s][info][gc          ] GC(79) Concurrent cleanup 833M->40M(1024M) 0.173ms
[29.104s][info][gc,ergo     ] GC(79) Free: 930M, Max: 512K regular, 450M humongous, Frag: 52% external, 0% internal; Reserve: 52736K, Max: 512K
[29.104s][info][gc,start    ] GC(79) Concurrent class unloading
[29.104s][info][gc,task     ] GC(79) Using 1 of 3 workers for concurrent class unloading
[29.105s][info][gc          ] GC(79) Concurrent class unloading 1.532ms
[29.105s][info][gc,start    ] GC(79) Pause Final Roots
[29.105s][info][gc          ] GC(79) Pause Final Roots 0.052ms
[29.106s][info][gc,ergo     ] Free: 930M, Max: 512K regular, 450M humongous, Frag: 52% external, 0% internal; Reserve: 52736K, Max: 512K
[29.106s][info][gc,stats    ] 
[29.106s][info][gc,stats    ] All times are wall-clock times, except per-root-class counters, that are sum over
[29.106s][info][gc,stats    ] all workers. Dividing the <total> over the root stage time estimates parallelism.
[29.106s][info][gc,stats    ] 
[29.106s][info][gc,stats    ] Concurrent Reset                    309 us
[29.106s][info][gc,stats    ] Pause Init Mark (G)                 181 us
[29.106s][info][gc,stats    ] Pause Init Mark (N)                 128 us
[29.106s][info][gc,stats    ]   Update Region States               31 us
[29.106s][info][gc,stats    ] Concurrent Mark Roots               580 us, parallelism: 0.90x
[29.106s][info][gc,stats    ]   CMR: <total>                      519 us
[29.106s][info][gc,stats    ]   CMR: Thread Roots                 473 us, workers (us): 473, ---, ---, 
[29.106s][info][gc,stats    ]   CMR: VM Strong Roots                4 us, workers (us):   4, ---, ---, 
[29.106s][info][gc,stats    ]   CMR: CLDG Roots                    42 us, workers (us):  42, ---, ---, 
[29.106s][info][gc,stats    ] Concurrent Marking                 4796 us
[29.106s][info][gc,stats    ] Pause Final Mark (G)                311 us
[29.106s][info][gc,stats    ] Pause Final Mark (N)                265 us
[29.106s][info][gc,stats    ]   Finish Mark                        58 us
[29.106s][info][gc,stats    ]   Update Region States               47 us
[29.106s][info][gc,stats    ]   Choose Collection Set              63 us
[29.106s][info][gc,stats    ]   Rebuild Free Set                   17 us
[29.106s][info][gc,stats    ] Concurrent Weak References          146 us, parallelism: 0.06x
[29.106s][info][gc,stats    ]   CWRF: <total>                       9 us
[29.106s][info][gc,stats    ]   CWRF: Weak References               9 us, workers (us):   9, ---, ---, 
[29.106s][info][gc,stats    ] Concurrent Weak Roots               563 us
[29.106s][info][gc,stats    ]   Roots                             453 us, parallelism: 0.92x
[29.106s][info][gc,stats    ]     CWR: <total>                    415 us
[29.106s][info][gc,stats    ]     CWR: Code Cache Roots           352 us, workers (us): 352, ---, ---, 
[29.106s][info][gc,stats    ]     CWR: VM Weak Roots               60 us, workers (us):  60, ---, ---, 
[29.106s][info][gc,stats    ]     CWR: CLDG Roots                   3 us, workers (us):   3, ---, ---, 
[29.106s][info][gc,stats    ]   Rendezvous                         58 us
[29.106s][info][gc,stats    ] Concurrent Cleanup                  190 us
[29.106s][info][gc,stats    ] Concurrent Class Unloading         1545 us
[29.106s][info][gc,stats    ]   Unlink Stale                     1392 us
[29.106s][info][gc,stats    ]     System Dictionary                 3 us
[29.106s][info][gc,stats    ]     Weak Class Links                  0 us
[29.106s][info][gc,stats    ]     Code Roots                     1389 us
[29.106s][info][gc,stats    ]   Rendezvous                         49 us
[29.106s][info][gc,stats    ]   Purge Unlinked                     59 us
[29.106s][info][gc,stats    ]     Code Roots                       55 us
[29.106s][info][gc,stats    ]     CLDG                              3 us
[29.106s][info][gc,stats    ]     Exception Caches                  0 us
[29.106s][info][gc,stats    ] Pause Final Roots (G)               107 us
[29.106s][info][gc,stats    ] Pause Final Roots (N)                70 us
[29.106s][info][gc,stats    ] Pacing                           515437 us
[29.106s][info][gc,stats    ] 
[29.106s][info][gc,stats    ] Allocation pacing accrued:
[29.106s][info][gc,stats    ]      87 of   357 ms ( 24.3%): Thread-30
[29.106s][info][gc,stats    ]      85 of   357 ms ( 23.7%): Thread-31
[29.106s][info][gc,stats    ]      88 of   357 ms ( 24.5%): Thread-32
[29.106s][info][gc,stats    ]      86 of   357 ms ( 23.9%): Thread-33
[29.106s][info][gc,stats    ]      85 of   357 ms ( 23.8%): Thread-34
[29.106s][info][gc,stats    ]      86 of   357 ms ( 23.9%): Thread-35
[29.106s][info][gc,stats    ]     515 of   357 ms (144.2%): <total>
[29.106s][info][gc,stats    ]      27 of   357 ms (  7.6%): <average total>
[29.106s][info][gc,stats    ]      86 of   357 ms ( 24.0%): <average non-zero>
[29.106s][info][gc,stats    ] 
[29.106s][info][gc,metaspace] Metaspace: 6245K(6400K)->6245K(6400K) NonClass: 5639K(5696K)->5639K(5696K) Class: 606K(704K)->606K(704K)
[29.106s][info][gc,ergo     ] Pacer for Idle. Initial: 20971K, Alloc Tax Rate: 1.0x
[29.271s][info][gc          ] Trigger: Explicit GC request (System.gc())
[29.271s][info][gc,ergo     ] Free: 823M, Max: 512K regular, 450M humongous, Frag: 46% external, 0% internal; Reserve: 52736K, Max: 512K
[29.271s][info][gc,start    ] GC(80) Concurrent reset
[29.271s][info][gc,task     ] GC(80) Using 1 of 3 workers for concurrent reset
[29.271s][info][gc,ergo     ] GC(80) Pacer for Reset. Non-Taxable: 1024M
[29.272s][info][gc          ] GC(80) Concurrent reset 0.548ms
[29.272s][info][gc,start    ] GC(80) Pause Init Mark (unload classes)
[29.272s][info][gc,task     ] GC(80) Using 3 of 3 workers for init marking
[29.272s][info][gc,ref      ] GC(80) Clearing All SoftReferences
[29.272s][info][gc,ergo     ] GC(80) Pacer for Mark. Expected Live: 14210K, Free: 823M, Non-Taxable: 84326K, Alloc Tax Rate: 0.0x
[29.272s][info][gc          ] GC(80) Pause Init Mark (unload classes) 0.195ms
[29.272s][info][gc,start    ] GC(80) Concurrent marking roots
[29.272s][info][gc,task     ] GC(80) Using 1 of 3 workers for concurrent marking roots
[29.272s][info][gc          ] GC(80) Concurrent marking roots 0.428ms
[29.272s][info][gc,start    ] GC(80) Concurrent marking (unload classes)
[29.272s][info][gc,task     ] GC(80) Using 1 of 3 workers for concurrent marking
[29.276s][info][gc          ] GC(80) Concurrent marking (unload classes) 3.695ms
[29.276s][info][gc,start    ] GC(80) Pause Final Mark (unload classes)
[29.276s][info][gc,task     ] GC(80) Using 3 of 3 workers for final marking
[29.277s][info][gc,ergo     ] GC(80) Collectable Garbage: 132M (97%), Immediate: 132M (97%), CSet: 0B (0%)
[29.277s][info][gc          ] GC(80) Pause Final Mark (unload classes) 0.386ms
[29.277s][info][gc,start    ] GC(80) Concurrent weak references
[29.277s][info][gc,task     ] GC(80) Using 1 of 3 workers for concurrent weak references
[29.277s][info][gc,ref      ] GC(80) Encountered references: Soft: 135, Weak: 434, Final: 9, Phantom: 20
[29.277s][info][gc,ref      ] GC(80) Discovered  references: Soft: 90, Weak: 248, Final: 7, Phantom: 16
[29.277s][info][gc,ref      ] GC(80) Enqueued    references: Soft: 11, Weak: 0, Final: 0, Phantom: 1
[29.277s][info][gc          ] GC(80) Concurrent weak references 0.185ms
[29.277s][info][gc,start    ] GC(80) Concurrent weak roots
[29.277s][info][gc,task     ] GC(80) Using 1 of 3 workers for concurrent weak root
[29.277s][info][gc          ] GC(80) Concurrent weak roots 0.572ms
[29.277s][info][gc,start    ] GC(80) Concurrent cleanup
[29.277s][info][gc          ] GC(80) Concurrent cleanup 146M->13M(1024M) 0.032ms
[29.278s][info][gc,ergo     ] GC(80) Free: 957M, Max: 512K regular, 860M humongous, Frag: 11% external, 0% internal; Reserve: 52736K, Max: 512K
[29.278s][info][gc,start    ] GC(80) Concurrent class unloading
[29.278s][info][gc,task     ] GC(80) Using 1 of 3 workers for concurrent class unloading
[29.280s][info][gc          ] GC(80) Concurrent class unloading 2.441ms
[29.280s][info][gc,start    ] GC(80) Pause Final Roots
[29.280s][info][gc          ] GC(80) Pause Final Roots 0.025ms
[29.280s][info][gc,ergo     ] Free: 957M, Max: 512K regular, 860M humongous, Frag: 11% external, 0% internal; Reserve: 52736K, Max: 512K
[29.280s][info][gc,stats    ] 
[29.280s][info][gc,stats    ] All times are wall-clock times, except per-root-class counters, that are sum over
[29.280s][info][gc,stats    ] all workers. Dividing the <total> over the root stage time estimates parallelism.
[29.280s][info][gc,stats    ] 
[29.280s][info][gc,stats    ] Concurrent Reset                    603 us
[29.280s][info][gc,stats    ] Pause Init Mark (G)                 322 us
[29.280s][info][gc,stats    ] Pause Init Mark (N)                 203 us
[29.280s][info][gc,stats    ]   Update Region States               94 us
[29.280s][info][gc,stats    ] Concurrent Mark Roots               447 us, parallelism: 0.67x
[29.280s][info][gc,stats    ]   CMR: <total>                      300 us
[29.280s][info][gc,stats    ]   CMR: Thread Roots                 258 us, workers (us): 258, ---, ---, 
[29.280s][info][gc,stats    ]   CMR: VM Strong Roots                4 us, workers (us):   4, ---, ---, 
[29.280s][info][gc,stats    ]   CMR: CLDG Roots                    39 us, workers (us):  39, ---, ---, 
[29.280s][info][gc,stats    ] Concurrent Marking                 3751 us
[29.280s][info][gc,stats    ] Pause Final Mark (G)                531 us
[29.280s][info][gc,stats    ] Pause Final Mark (N)                411 us
[29.281s][info][gc,stats    ]   Finish Mark                        94 us
[29.281s][info][gc,stats    ]   Update Region States               95 us
[29.281s][info][gc,stats    ]   Choose Collection Set              87 us
[29.281s][info][gc,stats    ]   Rebuild Free Set                   23 us
[29.281s][info][gc,stats    ] Concurrent Weak References          201 us, parallelism: 0.04x
[29.281s][info][gc,stats    ]   CWRF: <total>                       7 us
[29.281s][info][gc,stats    ]   CWRF: Weak References               7 us, workers (us):   7, ---, ---, 
[29.281s][info][gc,stats    ] Concurrent Weak Roots               592 us
[29.281s][info][gc,stats    ]   Roots                             454 us, parallelism: 0.89x
[29.281s][info][gc,stats    ]     CWR: <total>                    402 us
[29.281s][info][gc,stats    ]     CWR: Code Cache Roots           333 us, workers (us): 333, ---, ---, 
[29.281s][info][gc,stats    ]     CWR: VM Weak Roots               67 us, workers (us):  67, ---, ---, 
[29.281s][info][gc,stats    ]     CWR: CLDG Roots                   2 us, workers (us):   2, ---, ---, 
[29.281s][info][gc,stats    ]   Rendezvous                         84 us
[29.281s][info][gc,stats    ] Concurrent Cleanup                   40 us
[29.281s][info][gc,stats    ] Concurrent Class Unloading         2492 us
[29.281s][info][gc,stats    ]   Unlink Stale                     2182 us
[29.281s][info][gc,stats    ]     System Dictionary                 2 us
[29.281s][info][gc,stats    ]     Weak Class Links                  0 us
[29.281s][info][gc,stats    ]     Code Roots                     2178 us
[29.281s][info][gc,stats    ]   Rendezvous                        127 us
[29.281s][info][gc,stats    ]   Purge Unlinked                    113 us
[29.281s][info][gc,stats    ]     Code Roots                      101 us
[29.281s][info][gc,stats    ]     CLDG                             11 us
[29.281s][info][gc,stats    ]     Exception Caches                  0 us
[29.281s][info][gc,stats    ] Pause Final Roots (G)               140 us
[29.281s][info][gc,stats    ] Pause Final Roots (N)                34 us
[29.281s][info][gc,stats    ] 
[29.281s][info][gc,stats    ] Allocation pacing accrued:
[29.281s][info][gc,stats    ]       0 of   175 ms (  0.0%): <total>
[29.281s][info][gc,stats    ]       0 of   175 ms (  0.0%): <average total>
[29.281s][info][gc,stats    ] 
[29.281s][info][gc,metaspace] Metaspace: 6250K(6400K)->6250K(6400K) NonClass: 5643K(5696K)->5643K(5696K) Class: 606K(704K)->606K(704K)
[29.281s][info][gc,ergo     ] Pacer for Idle. Initial: 20971K, Alloc Tax Rate: 1.0x
[29.556s][info][gc          ] Trigger: Learning 2 of 5. Free (714M) is below initial threshold (716M)
[29.556s][info][gc,ergo     ] Free: 714M, Max: 512K regular, 714M humongous, Frag: 0% external, 0% internal; Reserve: 52736K, Max: 512K
[29.556s][info][gc,start    ] GC(81) Concurrent reset
[29.556s][info][gc,task     ] GC(81) Using 1 of 3 workers for concurrent reset
[29.557s][info][gc,ergo     ] GC(81) Pacer for Reset. Non-Taxable: 1024M
[29.557s][info][gc          ] GC(81) Concurrent reset 0.459ms
[29.557s][info][gc,start    ] GC(81) Pause Init Mark (unload classes)
[29.557s][info][gc,task     ] GC(81) Using 3 of 3 workers for init marking
[29.557s][info][gc,ergo     ] GC(81) Pacer for Mark. Expected Live: 13619K, Free: 714M, Non-Taxable: 73114K, Alloc Tax Rate: 0.0x
[29.557s][info][gc          ] GC(81) Pause Init Mark (unload classes) 0.293ms
[29.557s][info][gc,start    ] GC(81) Concurrent marking roots
[29.557s][info][gc,task     ] GC(81) Using 1 of 3 workers for concurrent marking roots
[29.558s][info][gc          ] GC(81) Concurrent marking roots 0.735ms
[29.558s][info][gc,start    ] GC(81) Concurrent marking (unload classes)
[29.558s][info][gc,task     ] GC(81) Using 1 of 3 workers for concurrent marking
[29.564s][info][gc          ] GC(81) Concurrent marking (unload classes) 5.578ms
[29.564s][info][gc,start    ] GC(81) Pause Final Mark (unload classes)
[29.564s][info][gc,task     ] GC(81) Using 3 of 3 workers for final marking
[29.564s][info][gc,ergo     ] GC(81) Adaptive CSet Selection. Target Free: 145M, Actual Free: 947M, Max CSet: 43690K, Min Garbage: 0B
[29.564s][info][gc,ergo     ] GC(81) Collectable Garbage: 243M (99%), Immediate: 181M (74%), CSet: 63231K (25%)
[29.564s][info][gc,ergo     ] GC(81) Pacer for Evacuation. Used CSet: 66560K, Free: 895M, Non-Taxable: 91699K, Alloc Tax Rate: 1.1x
[29.564s][info][gc          ] GC(81) Pause Final Mark (unload classes) 0.472ms
[29.564s][info][gc,start    ] GC(81) Concurrent thread roots
[29.565s][info][gc,task     ] GC(81) Using 1 of 3 workers for Concurrent thread roots
[29.565s][info][gc          ] GC(81) Concurrent thread roots 0.593ms
[29.565s][info][gc,start    ] GC(81) Concurrent weak references
[29.565s][info][gc,task     ] GC(81) Using 1 of 3 workers for concurrent weak references
[29.565s][info][gc,ref      ] GC(81) Encountered references: Soft: 132, Weak: 434, Final: 9, Phantom: 21
[29.565s][info][gc,ref      ] GC(81) Discovered  references: Soft: 0, Weak: 234, Final: 7, Phantom: 14
[29.565s][info][gc,ref      ] GC(81) Enqueued    references: Soft: 0, Weak: 0, Final: 0, Phantom: 0
[29.565s][info][gc          ] GC(81) Concurrent weak references 0.105ms
[29.565s][info][gc,start    ] GC(81) Concurrent weak roots
[29.565s][info][gc,task     ] GC(81) Using 1 of 3 workers for concurrent weak root
[29.566s][info][gc          ] GC(81) Concurrent weak roots 0.736ms
[29.566s][info][gc,start    ] GC(81) Concurrent cleanup
[29.566s][info][gc          ] GC(81) Concurrent cleanup 257M->76M(1024M) 0.037ms
[29.566s][info][gc,ergo     ] GC(81) Free: 895M, Max: 512K regular, 714M humongous, Frag: 21% external, 0% internal; Reserve: 52336K, Max: 512K
[29.566s][info][gc,start    ] GC(81) Concurrent class unloading
[29.566s][info][gc,task     ] GC(81) Using 1 of 3 workers for concurrent class unloading
[29.568s][info][gc          ] GC(81) Concurrent class unloading 2.009ms
[29.568s][info][gc,start    ] GC(81) Concurrent strong roots
[29.568s][info][gc,task     ] GC(81) Using 1 of 3 workers for concurrent strong root
[29.568s][info][gc          ] GC(81) Concurrent strong roots 0.351ms
[29.569s][info][gc,start    ] GC(81) Concurrent evacuation
[29.569s][info][gc,task     ] GC(81) Using 1 of 3 workers for concurrent evacuation
[29.570s][info][gc          ] GC(81) Concurrent evacuation 1.585ms
[29.570s][info][gc,start    ] GC(81) Pause Init Update Refs
[29.570s][info][gc,ergo     ] GC(81) Pacer for Update Refs. Used: 81403K, Free: 895M, Non-Taxable: 91699K, Alloc Tax Rate: 1.1x
[29.570s][info][gc          ] GC(81) Pause Init Update Refs 0.086ms
[29.570s][info][gc,start    ] GC(81) Concurrent update references
[29.570s][info][gc,task     ] GC(81) Using 1 of 3 workers for concurrent reference update
[29.573s][info][gc          ] GC(81) Concurrent update references 2.754ms
[29.573s][info][gc,start    ] GC(81) Concurrent update thread roots
[29.587s][info][gc          ] GC(81) Concurrent update thread roots 14.244ms
[29.588s][info][gc,start    ] GC(81) Pause Final Update Refs
[29.588s][info][gc,task     ] GC(81) Using 3 of 3 workers for final reference update
[29.588s][info][gc          ] GC(81) Pause Final Update Refs 0.120ms
[29.590s][info][gc,start    ] GC(81) Concurrent cleanup
[29.590s][info][gc          ] GC(81) Concurrent cleanup 110M->48M(1024M) 0.044ms
[29.590s][info][gc,ergo     ] Free: 922M, Max: 512K regular, 859M humongous, Frag: 7% external, 0% internal; Reserve: 52736K, Max: 512K
[29.590s][info][gc,stats    ] 
[29.590s][info][gc,stats    ] All times are wall-clock times, except per-root-class counters, that are sum over
[29.590s][info][gc,stats    ] all workers. Dividing the <total> over the root stage time estimates parallelism.
[29.590s][info][gc,stats    ] 
[29.590s][info][gc,stats    ] Concurrent Reset                    518 us
[29.590s][info][gc,stats    ] Pause Init Mark (G)                 492 us
[29.590s][info][gc,stats    ] Pause Init Mark (N)                 306 us
[29.590s][info][gc,stats    ]   Update Region States              115 us
[29.590s][info][gc,stats    ] Concurrent Mark Roots               756 us, parallelism: 0.84x
[29.590s][info][gc,stats    ]   CMR: <total>                      637 us
[29.590s][info][gc,stats    ]   CMR: Thread Roots                 578 us, workers (us): 578, ---, ---, 
[29.590s][info][gc,stats    ]   CMR: VM Strong Roots                6 us, workers (us):   6, ---, ---, 
[29.590s][info][gc,stats    ]   CMR: CLDG Roots                    53 us, workers (us):  53, ---, ---, 
[29.590s][info][gc,stats    ] Concurrent Marking                 5649 us
[29.590s][info][gc,stats    ] Pause Final Mark (G)                611 us
[29.590s][info][gc,stats    ] Pause Final Mark (N)                493 us
[29.590s][info][gc,stats    ]   Finish Mark                        87 us
[29.590s][info][gc,stats    ]   Update Region States              118 us
[29.590s][info][gc,stats    ]   Choose Collection Set             135 us
[29.590s][info][gc,stats    ]   Rebuild Free Set                   23 us
[29.590s][info][gc,stats    ] Concurrent Thread Roots             613 us, parallelism: 0.83x
[29.590s][info][gc,stats    ]   CTR: <total>                      510 us
[29.590s][info][gc,stats    ]   CTR: Thread Roots                 510 us, workers (us): 510, ---, ---, 
[29.590s][info][gc,stats    ] Concurrent Weak References          113 us, parallelism: 0.09x
[29.590s][info][gc,stats    ]   CWRF: <total>                      10 us
[29.590s][info][gc,stats    ]   CWRF: Weak References              10 us, workers (us):  10, ---, ---, 
[29.590s][info][gc,stats    ] Concurrent Weak Roots               757 us
[29.590s][info][gc,stats    ]   Roots                             680 us, parallelism: 0.89x
[29.590s][info][gc,stats    ]     CWR: <total>                    607 us
[29.590s][info][gc,stats    ]     CWR: Code Cache Roots           402 us, workers (us): 402, ---, ---, 
[29.590s][info][gc,stats    ]     CWR: VM Weak Roots              202 us, workers (us): 202, ---, ---, 
[29.590s][info][gc,stats    ]     CWR: CLDG Roots                   3 us, workers (us):   3, ---, ---, 
[29.590s][info][gc,stats    ]   Rendezvous                         40 us
[29.590s][info][gc,stats    ] Concurrent Cleanup                   54 us
[29.590s][info][gc,stats    ] Concurrent Class Unloading         2074 us
[29.590s][info][gc,stats    ]   Unlink Stale                     1732 us
[29.590s][info][gc,stats    ]     System Dictionary                 3 us
[29.590s][info][gc,stats    ]     Weak Class Links                  0 us
[29.590s][info][gc,stats    ]     Code Roots                     1727 us
[29.590s][info][gc,stats    ]   Rendezvous                         64 us
[29.590s][info][gc,stats    ]   Purge Unlinked                    191 us
[29.590s][info][gc,stats    ]     Code Roots                      175 us
[29.590s][info][gc,stats    ]     CLDG                             15 us
[29.590s][info][gc,stats    ]     Exception Caches                  0 us
[29.590s][info][gc,stats    ] Concurrent Strong Roots             404 us, parallelism: 0.44x
[29.590s][info][gc,stats    ]   CSR: <total>                      179 us
[29.590s][info][gc,stats    ]   CSR: VM Strong Roots                9 us, workers (us):   9, ---, ---, 
[29.590s][info][gc,stats    ]   CSR: CLDG Roots                   170 us, workers (us): 170, ---, ---, 
[29.590s][info][gc,stats    ] Concurrent Evacuation              1643 us
[29.590s][info][gc,stats    ] Pause Init Update Refs (G)          210 us
[29.590s][info][gc,stats    ] Pause Init Update Refs (N)          107 us
[29.590s][info][gc,stats    ]   Manage GCLABs                       4 us
[29.590s][info][gc,stats    ] Concurrent Update Refs             2825 us
[29.590s][info][gc,stats    ] Concurrent Update Thread Roots    14290 us
[29.590s][info][gc,stats    ] Pause Final Update Refs (G)        2020 us
[29.590s][info][gc,stats    ] Pause Final Update Refs (N)         158 us
[29.590s][info][gc,stats    ]   Update Region States               57 us
[29.590s][info][gc,stats    ]   Trash Collection Set                7 us
[29.590s][info][gc,stats    ]   Rebuild Free Set                   13 us
[29.590s][info][gc,stats    ] Concurrent Cleanup                   55 us
[29.590s][info][gc,stats    ] Pacing                          1078285 us
[29.590s][info][gc,stats    ] 
[29.590s][info][gc,stats    ] Allocation pacing accrued:
[29.590s][info][gc,stats    ]     178 of   309 ms ( 57.6%): Thread-42
[29.590s][info][gc,stats    ]     179 of   309 ms ( 57.9%): Thread-43
[29.590s][info][gc,stats    ]     185 of   309 ms ( 59.9%): Thread-44
[29.590s][info][gc,stats    ]     194 of   309 ms ( 62.9%): Thread-45
[29.590s][info][gc,stats    ]     164 of   309 ms ( 52.9%): Thread-46
[29.590s][info][gc,stats    ]     178 of   309 ms ( 57.6%): Thread-47
[29.590s][info][gc,stats    ]    1078 of   309 ms (348.8%): <total>
[29.590s][info][gc,stats    ]      57 of   309 ms ( 18.4%): <average total>
[29.590s][info][gc,stats    ]     180 of   309 ms ( 58.1%): <average non-zero>
[29.590s][info][gc,stats    ] 
[29.590s][info][gc,metaspace] Metaspace: 6311K(6528K)->6311K(6528K) NonClass: 5705K(5824K)->5705K(5824K) Class: 606K(704K)->606K(704K)
[29.590s][info][gc,ergo     ] Pacer for Idle. Initial: 20971K, Alloc Tax Rate: 1.0x
[29.698s][info][gc          ] Trigger: Learning 3 of 5. Free (680M) is below initial threshold (716M)
[29.698s][info][gc,ergo     ] Free: 680M, Max: 512K regular, 680M humongous, Frag: 0% external, 0% internal; Reserve: 52736K, Max: 512K
[29.698s][info][gc,start    ] GC(82) Concurrent reset
[29.698s][info][gc,task     ] GC(82) Using 1 of 3 workers for concurrent reset
[29.698s][info][gc,ergo     ] GC(82) Pacer for Reset. Non-Taxable: 1024M
[29.698s][info][gc          ] GC(82) Concurrent reset 0.436ms
[29.698s][info][gc,start    ] GC(82) Pause Init Mark (unload classes)
[29.698s][info][gc,task     ] GC(82) Using 3 of 3 workers for init marking
[29.698s][info][gc,ergo     ] GC(82) Pacer for Mark. Expected Live: 13615K, Free: 679M, Non-Taxable: 69533K, Alloc Tax Rate: 0.0x
[29.698s][info][gc          ] GC(82) Pause Init Mark (unload classes) 0.130ms
[29.708s][info][gc,start    ] GC(82) Concurrent marking roots
[29.708s][info][gc,task     ] GC(82) Using 1 of 3 workers for concurrent marking roots
[29.709s][info][gc          ] GC(82) Concurrent marking roots 0.537ms
[29.709s][info][gc,start    ] GC(82) Concurrent marking (unload classes)
[29.709s][info][gc,task     ] GC(82) Using 1 of 3 workers for concurrent marking
[29.722s][info][gc          ] GC(82) Concurrent marking (unload classes) 13.459ms
[29.722s][info][gc,start    ] GC(82) Pause Final Mark (unload classes)
[29.722s][info][gc,task     ] GC(82) Using 3 of 3 workers for final marking
[29.723s][info][gc,ergo     ] GC(82) Adaptive CSet Selection. Target Free: 145M, Actual Free: 891M, Max CSet: 43690K, Min Garbage: 0B
[29.723s][info][gc,ergo     ] GC(82) Collectable Garbage: 278M (99%), Immediate: 211M (75%), CSet: 68125K (23%)
[29.723s][info][gc,ergo     ] GC(82) Pacer for Evacuation. Used CSet: 70656K, Free: 840M, Non-Taxable: 86016K, Alloc Tax Rate: 1.1x
[29.723s][info][gc          ] GC(82) Pause Final Mark (unload classes) 0.223ms
[29.723s][info][gc,start    ] GC(82) Concurrent thread roots
[29.723s][info][gc,task     ] GC(82) Using 1 of 3 workers for Concurrent thread roots
[29.723s][info][gc          ] GC(82) Concurrent thread roots 0.476ms
[29.723s][info][gc,start    ] GC(82) Concurrent weak references
[29.723s][info][gc,task     ] GC(82) Using 1 of 3 workers for concurrent weak references
[29.723s][info][gc,ref      ] GC(82) Encountered references: Soft: 132, Weak: 434, Final: 9, Phantom: 21
[29.723s][info][gc,ref      ] GC(82) Discovered  references: Soft: 0, Weak: 234, Final: 7, Phantom: 14
[29.723s][info][gc,ref      ] GC(82) Enqueued    references: Soft: 0, Weak: 0, Final: 0, Phantom: 0
[29.723s][info][gc          ] GC(82) Concurrent weak references 0.055ms
[29.723s][info][gc,start    ] GC(82) Concurrent weak roots
[29.723s][info][gc,task     ] GC(82) Using 1 of 3 workers for concurrent weak root
[29.724s][info][gc          ] GC(82) Concurrent weak roots 1.229ms
[29.724s][info][gc,start    ] GC(82) Concurrent cleanup
[29.724s][info][gc          ] GC(82) Concurrent cleanup 348M->136M(1024M) 0.046ms
[29.725s][info][gc,ergo     ] GC(82) Free: 835M, Max: 512K regular, 624M humongous, Frag: 26% external, 0% internal; Reserve: 52546K, Max: 512K
[29.725s][info][gc,start    ] GC(82) Concurrent class unloading
[29.725s][info][gc,task     ] GC(82) Using 1 of 3 workers for concurrent class unloading
[29.728s][info][gc          ] GC(82) Concurrent class unloading 3.946ms
[29.729s][info][gc,start    ] GC(82) Concurrent strong roots
[29.729s][info][gc,task     ] GC(82) Using 1 of 3 workers for concurrent strong root
[29.729s][info][gc          ] GC(82) Concurrent strong roots 0.083ms
[29.729s][info][gc,start    ] GC(82) Concurrent evacuation
[29.729s][info][gc,task     ] GC(82) Using 1 of 3 workers for concurrent evacuation
[29.730s][info][gc          ] GC(82) Concurrent evacuation 1.566ms
[29.730s][info][gc,start    ] GC(82) Pause Init Update Refs
[29.730s][info][gc,ergo     ] GC(82) Pacer for Update Refs. Used: 150M, Free: 823M, Non-Taxable: 84333K, Alloc Tax Rate: 1.1x
[29.730s][info][gc          ] GC(82) Pause Init Update Refs 0.062ms
[29.740s][info][gc,start    ] GC(82) Concurrent update references
[29.740s][info][gc,task     ] GC(82) Using 1 of 3 workers for concurrent reference update
[29.750s][info][gc          ] GC(82) Concurrent update references 9.681ms
[29.750s][info][gc,start    ] GC(82) Concurrent update thread roots
[29.751s][info][gc          ] GC(82) Concurrent update thread roots 0.625ms
[29.751s][info][gc,start    ] GC(82) Pause Final Update Refs
[29.751s][info][gc,task     ] GC(82) Using 3 of 3 workers for final reference update
[29.751s][info][gc          ] GC(82) Pause Final Update Refs 0.093ms
[29.757s][info][gc,start    ] GC(82) Concurrent cleanup
[29.757s][info][gc          ] GC(82) Concurrent cleanup 209M->140M(1024M) 0.053ms
[29.757s][info][gc,ergo     ] Free: 831M, Max: 512K regular, 623M humongous, Frag: 26% external, 0% internal; Reserve: 52736K, Max: 512K
[29.757s][info][gc,stats    ] 
[29.757s][info][gc,stats    ] All times are wall-clock times, except per-root-class counters, that are sum over
[29.757s][info][gc,stats    ] all workers. Dividing the <total> over the root stage time estimates parallelism.
[29.757s][info][gc,stats    ] 
[29.757s][info][gc,stats    ] Concurrent Reset                    473 us
[29.757s][info][gc,stats    ] Pause Init Mark (G)               10067 us
[29.757s][info][gc,stats    ] Pause Init Mark (N)                 145 us
[29.757s][info][gc,stats    ]   Update Region States               47 us
[29.757s][info][gc,stats    ] Concurrent Mark Roots               548 us, parallelism: 0.78x
[29.757s][info][gc,stats    ]   CMR: <total>                      429 us
[29.757s][info][gc,stats    ]   CMR: Thread Roots                 382 us, workers (us): 382, ---, ---, 
[29.757s][info][gc,stats    ]   CMR: VM Strong Roots                5 us, workers (us):   5, ---, ---, 
[29.757s][info][gc,stats    ]   CMR: CLDG Roots                    43 us, workers (us):  43, ---, ---, 
[29.757s][info][gc,stats    ] Concurrent Marking                13513 us
[29.757s][info][gc,stats    ] Pause Final Mark (G)                354 us
[29.757s][info][gc,stats    ] Pause Final Mark (N)                233 us
[29.757s][info][gc,stats    ]   Finish Mark                        51 us
[29.757s][info][gc,stats    ]   Update Region States               33 us
[29.757s][info][gc,stats    ]   Choose Collection Set              68 us
[29.757s][info][gc,stats    ]   Rebuild Free Set                    8 us
[29.757s][info][gc,stats    ] Concurrent Thread Roots             486 us, parallelism: 0.90x
[29.757s][info][gc,stats    ]   CTR: <total>                      438 us
[29.757s][info][gc,stats    ]   CTR: Thread Roots                 438 us, workers (us): 438, ---, ---, 
[29.757s][info][gc,stats    ] Concurrent Weak References           62 us, parallelism: 0.16x
[29.757s][info][gc,stats    ]   CWRF: <total>                      10 us
[29.757s][info][gc,stats    ]   CWRF: Weak References              10 us, workers (us):  10, ---, ---, 
[29.757s][info][gc,stats    ] Concurrent Weak Roots              1245 us
[29.757s][info][gc,stats    ]   Roots                             494 us, parallelism: 0.96x
[29.757s][info][gc,stats    ]     CWR: <total>                    477 us
[29.757s][info][gc,stats    ]     CWR: Code Cache Roots           370 us, workers (us): 370, ---, ---, 
[29.757s][info][gc,stats    ]     CWR: VM Weak Roots              103 us, workers (us): 103, ---, ---, 
[29.757s][info][gc,stats    ]     CWR: CLDG Roots                   3 us, workers (us):   3, ---, ---, 
[29.757s][info][gc,stats    ]   Rendezvous                        720 us
[29.757s][info][gc,stats    ] Concurrent Cleanup                   55 us
[29.757s][info][gc,stats    ] Concurrent Class Unloading         3973 us
[29.757s][info][gc,stats    ]   Unlink Stale                     1618 us
[29.757s][info][gc,stats    ]     System Dictionary                 3 us
[29.757s][info][gc,stats    ]     Weak Class Links                  0 us
[29.757s][info][gc,stats    ]     Code Roots                     1614 us
[29.757s][info][gc,stats    ]   Rendezvous                       2237 us
[29.757s][info][gc,stats    ]   Purge Unlinked                     73 us
[29.757s][info][gc,stats    ]     Code Roots                       68 us
[29.757s][info][gc,stats    ]     CLDG                              5 us
[29.757s][info][gc,stats    ]     Exception Caches                  0 us
[29.757s][info][gc,stats    ] Concurrent Strong Roots              92 us, parallelism: 0.57x
[29.757s][info][gc,stats    ]   CSR: <total>                       52 us
[29.757s][info][gc,stats    ]   CSR: VM Strong Roots                5 us, workers (us):   5, ---, ---, 
[29.757s][info][gc,stats    ]   CSR: CLDG Roots                    48 us, workers (us):  48, ---, ---, 
[29.757s][info][gc,stats    ] Concurrent Evacuation              1607 us
[29.757s][info][gc,stats    ] Pause Init Update Refs (G)         9942 us
[29.757s][info][gc,stats    ] Pause Init Update Refs (N)           71 us
[29.757s][info][gc,stats    ]   Manage GCLABs                       3 us
[29.757s][info][gc,stats    ] Concurrent Update Refs             9736 us
[29.757s][info][gc,stats    ] Concurrent Update Thread Roots      640 us
[29.757s][info][gc,stats    ] Pause Final Update Refs (G)        5993 us
[29.757s][info][gc,stats    ] Pause Final Update Refs (N)         128 us
[29.757s][info][gc,stats    ]   Update Region States               36 us
[29.757s][info][gc,stats    ]   Trash Collection Set                5 us
[29.757s][info][gc,stats    ]   Rebuild Free Set                   15 us
[29.757s][info][gc,stats    ] Concurrent Cleanup                   64 us
[29.757s][info][gc,stats    ] Pacing                            25838 us
[29.757s][info][gc,stats    ] 
[29.757s][info][gc,stats    ] Allocation pacing accrued:
[29.757s][info][gc,stats    ]       4 of   167 ms (  2.6%): Thread-42
[29.757s][info][gc,stats    ]       5 of   167 ms (  2.8%): Thread-43
[29.757s][info][gc,stats    ]       4 of   167 ms (  2.4%): Thread-44
[29.757s][info][gc,stats    ]       4 of   167 ms (  2.6%): Thread-45
[29.757s][info][gc,stats    ]       4 of   167 ms (  2.3%): Thread-46
[29.757s][info][gc,stats    ]       5 of   167 ms (  2.9%): Thread-47
[29.757s][info][gc,stats    ]      26 of   167 ms ( 15.5%): <total>
[29.757s][info][gc,stats    ]       1 of   167 ms (  0.8%): <average total>
[29.757s][info][gc,stats    ]       4 of   167 ms (  2.6%): <average non-zero>
[29.757s][info][gc,stats    ] 
[29.757s][info][gc,metaspace] Metaspace: 6311K(6528K)->6311K(6528K) NonClass: 5705K(5824K)->5705K(5824K) Class: 606K(704K)->606K(704K)
[29.757s][info][gc,ergo     ] Pacer for Idle. Initial: 20971K, Alloc Tax Rate: 1.0x
[29.808s][info][gc          ] Trigger: Learning 4 of 5. Free (683M) is below initial threshold (716M)
[29.808s][info][gc,ergo     ] Free: 683M, Max: 512K regular, 623M humongous, Frag: 9% external, 0% internal; Reserve: 52736K, Max: 512K
[29.808s][info][gc,start    ] GC(83) Concurrent reset
[29.808s][info][gc,task     ] GC(83) Using 1 of 3 workers for concurrent reset
[29.808s][info][gc,ergo     ] GC(83) Pacer for Reset. Non-Taxable: 1024M
[29.808s][info][gc          ] GC(83) Concurrent reset 0.359ms
[29.808s][info][gc,start    ] GC(83) Pause Init Mark (unload classes)
[29.808s][info][gc,task     ] GC(83) Using 3 of 3 workers for init marking
[29.809s][info][gc,ergo     ] GC(83) Pacer for Mark. Expected Live: 13654K, Free: 682M, Non-Taxable: 69888K, Alloc Tax Rate: 0.0x
[29.809s][info][gc          ] GC(83) Pause Init Mark (unload classes) 0.144ms
[29.816s][info][gc,start    ] GC(83) Concurrent marking roots
[29.816s][info][gc,task     ] GC(83) Using 1 of 3 workers for concurrent marking roots
[29.817s][info][gc          ] GC(83) Concurrent marking roots 0.586ms
[29.817s][info][gc,start    ] GC(83) Concurrent marking (unload classes)
[29.817s][info][gc,task     ] GC(83) Using 1 of 3 workers for concurrent marking
[29.828s][info][gc          ] GC(83) Concurrent marking (unload classes) 11.462ms
[29.829s][info][gc,start    ] GC(83) Pause Final Mark (unload classes)
[29.829s][info][gc,task     ] GC(83) Using 3 of 3 workers for final marking
[29.829s][info][gc,ergo     ] GC(83) Adaptive CSet Selection. Target Free: 145M, Actual Free: 827M, Max CSet: 43690K, Min Garbage: 0B
[29.829s][info][gc,ergo     ] GC(83) Collectable Garbage: 274M (99%), Immediate: 143M (52%), CSet: 131M (47%)
[29.829s][info][gc,ergo     ] GC(83) Pacer for Evacuation. Used CSet: 134M, Free: 775M, Non-Taxable: 79417K, Alloc Tax Rate: 1.1x
[29.829s][info][gc          ] GC(83) Pause Final Mark (unload classes) 0.243ms
[29.839s][info][gc,start    ] GC(83) Concurrent thread roots
[29.839s][info][gc,task     ] GC(83) Using 1 of 3 workers for Concurrent thread roots
[29.839s][info][gc          ] GC(83) Concurrent thread roots 0.462ms
[29.839s][info][gc,start    ] GC(83) Concurrent weak references
[29.839s][info][gc,task     ] GC(83) Using 1 of 3 workers for concurrent weak references
[29.839s][info][gc,ref      ] GC(83) Encountered references: Soft: 132, Weak: 434, Final: 9, Phantom: 21
[29.839s][info][gc,ref      ] GC(83) Discovered  references: Soft: 0, Weak: 234, Final: 7, Phantom: 14
[29.839s][info][gc,ref      ] GC(83) Enqueued    references: Soft: 0, Weak: 0, Final: 0, Phantom: 0
[29.839s][info][gc          ] GC(83) Concurrent weak references 0.069ms
[29.839s][info][gc,start    ] GC(83) Concurrent weak roots
[29.839s][info][gc,task     ] GC(83) Using 1 of 3 workers for concurrent weak root
[29.841s][info][gc          ] GC(83) Concurrent weak roots 2.171ms
[29.841s][info][gc,start    ] GC(83) Concurrent cleanup
[29.842s][info][gc          ] GC(83) Concurrent cleanup 364M->221M(1024M) 0.045ms
[29.842s][info][gc,ergo     ] GC(83) Free: 750M, Max: 512K regular, 609M humongous, Frag: 19% external, 0% internal; Reserve: 52358K, Max: 512K
[29.842s][info][gc,start    ] GC(83) Concurrent class unloading
[29.842s][info][gc,task     ] GC(83) Using 1 of 3 workers for concurrent class unloading
[29.847s][info][gc          ] GC(83) Concurrent class unloading 5.011ms
[29.847s][info][gc,start    ] GC(83) Concurrent strong roots
[29.847s][info][gc,task     ] GC(83) Using 1 of 3 workers for concurrent strong root
[29.847s][info][gc          ] GC(83) Concurrent strong roots 0.088ms
[29.847s][info][gc,start    ] GC(83) Concurrent evacuation
[29.847s][info][gc,task     ] GC(83) Using 1 of 3 workers for concurrent evacuation
[29.849s][info][gc          ] GC(83) Concurrent evacuation 2.005ms
[29.849s][info][gc,start    ] GC(83) Pause Init Update Refs
[29.849s][info][gc,ergo     ] GC(83) Pacer for Update Refs. Used: 237M, Free: 736M, Non-Taxable: 75437K, Alloc Tax Rate: 1.1x
[29.849s][info][gc          ] GC(83) Pause Init Update Refs 0.064ms
[29.859s][info][gc,start    ] GC(83) Concurrent update references
[29.859s][info][gc,task     ] GC(83) Using 1 of 3 workers for concurrent reference update
[29.868s][info][gc          ] GC(83) Concurrent update references 9.572ms
[29.868s][info][gc,start    ] GC(83) Concurrent update thread roots
[29.870s][info][gc          ] GC(83) Concurrent update thread roots 2.019ms
[29.871s][info][gc,start    ] GC(83) Pause Final Update Refs
[29.871s][info][gc,task     ] GC(83) Using 3 of 3 workers for final reference update
[29.871s][info][gc          ] GC(83) Pause Final Update Refs 0.134ms
[29.874s][info][gc,start    ] GC(83) Concurrent cleanup
[29.875s][info][gc          ] GC(83) Concurrent cleanup 276M->151M(1024M) 0.044ms
[29.875s][info][gc,ergo     ] Free: 820M, Max: 512K regular, 607M humongous, Frag: 26% external, 0% internal; Reserve: 52736K, Max: 512K
[29.875s][info][gc,stats    ] 
[29.875s][info][gc,stats    ] All times are wall-clock times, except per-root-class counters, that are sum over
[29.875s][info][gc,stats    ] all workers. Dividing the <total> over the root stage time estimates parallelism.
[29.875s][info][gc,stats    ] 
[29.875s][info][gc,stats    ] Concurrent Reset                    376 us
[29.875s][info][gc,stats    ] Pause Init Mark (G)                8092 us
[29.875s][info][gc,stats    ] Pause Init Mark (N)                 156 us
[29.875s][info][gc,stats    ]   Update Region States               44 us
[29.875s][info][gc,stats    ] Concurrent Mark Roots               599 us, parallelism: 0.79x
[29.875s][info][gc,stats    ]   CMR: <total>                      474 us
[29.875s][info][gc,stats    ]   CMR: Thread Roots                 419 us, workers (us): 419, ---, ---, 
[29.875s][info][gc,stats    ]   CMR: VM Strong Roots                5 us, workers (us):   5, ---, ---, 
[29.875s][info][gc,stats    ]   CMR: CLDG Roots                    49 us, workers (us):  49, ---, ---, 
[29.875s][info][gc,stats    ] Concurrent Marking                11547 us
[29.875s][info][gc,stats    ] Pause Final Mark (G)              10179 us
[29.875s][info][gc,stats    ] Pause Final Mark (N)                252 us
[29.875s][info][gc,stats    ]   Finish Mark                        41 us
[29.875s][info][gc,stats    ]   Update Region States               37 us
[29.875s][info][gc,stats    ]   Choose Collection Set             106 us
[29.875s][info][gc,stats    ]   Rebuild Free Set                    9 us
[29.875s][info][gc,stats    ] Concurrent Thread Roots             481 us, parallelism: 0.80x
[29.875s][info][gc,stats    ]   CTR: <total>                      387 us
[29.875s][info][gc,stats    ]   CTR: Thread Roots                 387 us, workers (us): 387, ---, ---, 
[29.875s][info][gc,stats    ] Concurrent Weak References           76 us, parallelism: 0.20x
[29.875s][info][gc,stats    ]   CWRF: <total>                      15 us
[29.875s][info][gc,stats    ]   CWRF: Weak References              15 us, workers (us):  15, ---, ---, 
[29.875s][info][gc,stats    ] Concurrent Weak Roots              2205 us
[29.875s][info][gc,stats    ]   Roots                             553 us, parallelism: 0.96x
[29.875s][info][gc,stats    ]     CWR: <total>                    531 us
[29.875s][info][gc,stats    ]     CWR: Code Cache Roots           424 us, workers (us): 424, ---, ---, 
[29.875s][info][gc,stats    ]     CWR: VM Weak Roots              106 us, workers (us): 106, ---, ---, 
[29.875s][info][gc,stats    ]     CWR: CLDG Roots                   2 us, workers (us):   2, ---, ---, 
[29.875s][info][gc,stats    ]   Rendezvous                       1600 us
[29.875s][info][gc,stats    ] Concurrent Cleanup                   54 us
[29.875s][info][gc,stats    ] Concurrent Class Unloading         5060 us
[29.875s][info][gc,stats    ]   Unlink Stale                     1690 us
[29.875s][info][gc,stats    ]     System Dictionary                 3 us
[29.875s][info][gc,stats    ]     Weak Class Links                  0 us
[29.875s][info][gc,stats    ]     Code Roots                     1686 us
[29.875s][info][gc,stats    ]   Rendezvous                       3171 us
[29.875s][info][gc,stats    ]   Purge Unlinked                    129 us
[29.875s][info][gc,stats    ]     Code Roots                      124 us
[29.875s][info][gc,stats    ]     CLDG                              5 us
[29.875s][info][gc,stats    ]     Exception Caches                  0 us
[29.875s][info][gc,stats    ] Concurrent Strong Roots              97 us, parallelism: 0.55x
[29.875s][info][gc,stats    ]   CSR: <total>                       54 us
[29.875s][info][gc,stats    ]   CSR: VM Strong Roots                5 us, workers (us):   5, ---, ---, 
[29.875s][info][gc,stats    ]   CSR: CLDG Roots                    49 us, workers (us):  49, ---, ---, 
[29.875s][info][gc,stats    ] Concurrent Evacuation              2052 us
[29.875s][info][gc,stats    ] Pause Init Update Refs (G)        10017 us
[29.875s][info][gc,stats    ] Pause Init Update Refs (N)           74 us
[29.875s][info][gc,stats    ]   Manage GCLABs                       4 us
[29.875s][info][gc,stats    ] Concurrent Update Refs             9634 us
[29.875s][info][gc,stats    ] Concurrent Update Thread Roots     2044 us
[29.875s][info][gc,stats    ] Pause Final Update Refs (G)        3994 us
[29.875s][info][gc,stats    ] Pause Final Update Refs (N)         157 us
[29.875s][info][gc,stats    ]   Update Region States               51 us
[29.875s][info][gc,stats    ]   Trash Collection Set                9 us
[29.875s][info][gc,stats    ]   Rebuild Free Set                   17 us
[29.875s][info][gc,stats    ] Concurrent Cleanup                   55 us
[29.875s][info][gc,stats    ] 
[29.875s][info][gc,stats    ] Allocation pacing accrued:
[29.875s][info][gc,stats    ]       0 of   118 ms (  0.0%): <total>
[29.875s][info][gc,stats    ]       0 of   118 ms (  0.0%): <average total>
[29.875s][info][gc,stats    ] 
[29.875s][info][gc,metaspace] Metaspace: 6311K(6528K)->6311K(6528K) NonClass: 5705K(5824K)->5705K(5824K) Class: 606K(704K)->606K(704K)
[29.875s][info][gc,ergo     ] Pacer for Idle. Initial: 20971K, Alloc Tax Rate: 1.0x
[29.918s][info][gc          ] Trigger: Learning 5 of 5. Free (714M) is below initial threshold (716M)
[29.918s][info][gc,ergo     ] Free: 714M, Max: 512K regular, 607M humongous, Frag: 15% external, 0% internal; Reserve: 52736K, Max: 512K
[29.918s][info][gc,start    ] GC(84) Concurrent reset
[29.918s][info][gc,task     ] GC(84) Using 1 of 3 workers for concurrent reset
[29.918s][info][gc,ergo     ] GC(84) Pacer for Reset. Non-Taxable: 1024M
[29.919s][info][gc          ] GC(84) Concurrent reset 0.615ms
[29.919s][info][gc,start    ] GC(84) Pause Init Mark (unload classes)
[29.919s][info][gc,task     ] GC(84) Using 3 of 3 workers for init marking
[29.919s][info][gc,ergo     ] GC(84) Pacer for Mark. Expected Live: 13668K, Free: 712M, Non-Taxable: 72979K, Alloc Tax Rate: 0.0x
[29.919s][info][gc          ] GC(84) Pause Init Mark (unload classes) 0.143ms
[29.923s][info][gc,start    ] GC(84) Concurrent marking roots
[29.923s][info][gc,task     ] GC(84) Using 1 of 3 workers for concurrent marking roots
[29.924s][info][gc          ] GC(84) Concurrent marking roots 0.608ms
[29.924s][info][gc,start    ] GC(84) Concurrent marking (unload classes)
[29.924s][info][gc,task     ] GC(84) Using 1 of 3 workers for concurrent marking
[29.931s][info][gc          ] GC(84) Concurrent marking (unload classes) 7.470ms
[29.931s][info][gc,start    ] GC(84) Pause Final Mark (unload classes)
[29.931s][info][gc,task     ] GC(84) Using 3 of 3 workers for final marking
[29.931s][info][gc,ergo     ] GC(84) Adaptive CSet Selection. Target Free: 145M, Actual Free: 944M, Max CSet: 43690K, Min Garbage: 0B
[29.931s][info][gc,ergo     ] GC(84) Collectable Garbage: 244M (99%), Immediate: 205M (83%), CSet: 40056K (15%)
[29.931s][info][gc,ergo     ] GC(84) Pacer for Evacuation. Used CSet: 42496K, Free: 893M, Non-Taxable: 91450K, Alloc Tax Rate: 1.1x
[29.931s][info][gc          ] GC(84) Pause Final Mark (unload classes) 0.192ms
[29.939s][info][gc,start    ] GC(84) Concurrent thread roots
[29.939s][info][gc,task     ] GC(84) Using 1 of 3 workers for Concurrent thread roots
[29.940s][info][gc          ] GC(84) Concurrent thread roots 0.508ms
[29.940s][info][gc,start    ] GC(84) Concurrent weak references
[29.940s][info][gc,task     ] GC(84) Using 1 of 3 workers for concurrent weak references
[29.940s][info][gc,ref      ] GC(84) Encountered references: Soft: 132, Weak: 434, Final: 9, Phantom: 21
[29.940s][info][gc,ref      ] GC(84) Discovered  references: Soft: 0, Weak: 234, Final: 7, Phantom: 14
[29.940s][info][gc,ref      ] GC(84) Enqueued    references: Soft: 0, Weak: 0, Final: 0, Phantom: 0
[29.940s][info][gc          ] GC(84) Concurrent weak references 0.072ms
[29.940s][info][gc,start    ] GC(84) Concurrent weak roots
[29.940s][info][gc,task     ] GC(84) Using 1 of 3 workers for concurrent weak root
[29.941s][info][gc          ] GC(84) Concurrent weak roots 1.391ms
[29.941s][info][gc,start    ] GC(84) Concurrent cleanup
[29.941s][info][gc          ] GC(84) Concurrent cleanup 303M->98M(1024M) 0.053ms
[29.941s][info][gc,ergo     ] GC(84) Free: 874M, Max: 512K regular, 745M humongous, Frag: 15% external, 0% internal; Reserve: 51071K, Max: 512K
[29.941s][info][gc,start    ] GC(84) Concurrent class unloading
[29.941s][info][gc,task     ] GC(84) Using 1 of 3 workers for concurrent class unloading
[29.947s][info][gc          ] GC(84) Concurrent class unloading 5.740ms
[29.947s][info][gc,start    ] GC(84) Concurrent strong roots
[29.947s][info][gc,task     ] GC(84) Using 1 of 3 workers for concurrent strong root
[29.947s][info][gc          ] GC(84) Concurrent strong roots 0.083ms
[29.947s][info][gc,start    ] GC(84) Concurrent evacuation
[29.947s][info][gc,task     ] GC(84) Using 1 of 3 workers for concurrent evacuation
[29.948s][info][gc          ] GC(84) Concurrent evacuation 1.034ms
[29.948s][info][gc,start    ] GC(84) Pause Init Update Refs
[29.948s][info][gc,ergo     ] GC(84) Pacer for Update Refs. Used: 113M, Free: 861M, Non-Taxable: 88170K, Alloc Tax Rate: 1.1x
[29.948s][info][gc          ] GC(84) Pause Init Update Refs 0.062ms
[29.950s][info][gc,start    ] GC(84) Concurrent update references
[29.950s][info][gc,task     ] GC(84) Using 1 of 3 workers for concurrent reference update
[29.956s][info][gc          ] GC(84) Concurrent update references 5.727ms
[29.956s][info][gc,start    ] GC(84) Concurrent update thread roots
[29.956s][info][gc          ] GC(84) Concurrent update thread roots 0.593ms
[29.956s][info][gc,start    ] GC(84) Pause Final Update Refs
[29.956s][info][gc,task     ] GC(84) Using 3 of 3 workers for final reference update
[29.956s][info][gc          ] GC(84) Pause Final Update Refs 0.098ms
[29.958s][info][gc,start    ] GC(84) Concurrent cleanup
[29.958s][info][gc          ] GC(84) Concurrent cleanup 132M->91M(1024M) 0.058ms
[29.958s][info][gc,ergo     ] Free: 879M, Max: 512K regular, 743M humongous, Frag: 16% external, 0% internal; Reserve: 52736K, Max: 512K
[29.958s][info][gc,stats    ] 
[29.958s][info][gc,stats    ] All times are wall-clock times, except per-root-class counters, that are sum over
[29.958s][info][gc,stats    ] all workers. Dividing the <total> over the root stage time estimates parallelism.
[29.958s][info][gc,stats    ] 
[29.958s][info][gc,stats    ] Concurrent Reset                    642 us
[29.958s][info][gc,stats    ] Pause Init Mark (G)                3998 us
[29.958s][info][gc,stats    ] Pause Init Mark (N)                 152 us
[29.958s][info][gc,stats    ]   Update Region States               53 us
[29.958s][info][gc,stats    ] Concurrent Mark Roots               619 us, parallelism: 0.83x
[29.958s][info][gc,stats    ]   CMR: <total>                      513 us
[29.958s][info][gc,stats    ]   CMR: Thread Roots                 460 us, workers (us): 460, ---, ---, 
[29.958s][info][gc,stats    ]   CMR: VM Strong Roots                5 us, workers (us):   5, ---, ---, 
[29.958s][info][gc,stats    ]   CMR: CLDG Roots                    48 us, workers (us):  48, ---, ---, 
[29.958s][info][gc,stats    ] Concurrent Marking                 7521 us
[29.958s][info][gc,stats    ] Pause Final Mark (G)               8053 us
[29.958s][info][gc,stats    ] Pause Final Mark (N)                201 us
[29.958s][info][gc,stats    ]   Finish Mark                        45 us
[29.958s][info][gc,stats    ]   Update Region States               38 us
[29.958s][info][gc,stats    ]   Choose Collection Set              56 us
[29.958s][info][gc,stats    ]   Rebuild Free Set                    8 us
[29.958s][info][gc,stats    ] Concurrent Thread Roots             518 us, parallelism: 0.86x
[29.958s][info][gc,stats    ]   CTR: <total>                      444 us
[29.958s][info][gc,stats    ]   CTR: Thread Roots                 444 us, workers (us): 444, ---, ---, 
[29.958s][info][gc,stats    ] Concurrent Weak References           80 us, parallelism: 0.28x
[29.958s][info][gc,stats    ]   CWRF: <total>                      22 us
[29.958s][info][gc,stats    ]   CWRF: Weak References              22 us, workers (us):  22, ---, ---, 
[29.958s][info][gc,stats    ] Concurrent Weak Roots              1415 us
[29.958s][info][gc,stats    ]   Roots                             561 us, parallelism: 0.96x
[29.958s][info][gc,stats    ]     CWR: <total>                    537 us
[29.958s][info][gc,stats    ]     CWR: Code Cache Roots           423 us, workers (us): 423, ---, ---, 
[29.958s][info][gc,stats    ]     CWR: VM Weak Roots              111 us, workers (us): 111, ---, ---, 
[29.958s][info][gc,stats    ]     CWR: CLDG Roots                   3 us, workers (us):   3, ---, ---, 
[29.958s][info][gc,stats    ]   Rendezvous                        812 us
[29.959s][info][gc,stats    ] Concurrent Cleanup                   62 us
[29.959s][info][gc,stats    ] Concurrent Class Unloading         5771 us
[29.959s][info][gc,stats    ]   Unlink Stale                     1662 us
[29.959s][info][gc,stats    ]     System Dictionary                 3 us
[29.959s][info][gc,stats    ]     Weak Class Links                  0 us
[29.959s][info][gc,stats    ]     Code Roots                     1658 us
[29.959s][info][gc,stats    ]   Rendezvous                       3980 us
[29.959s][info][gc,stats    ]   Purge Unlinked                     80 us
[29.959s][info][gc,stats    ]     Code Roots                       75 us
[29.959s][info][gc,stats    ]     CLDG                              5 us
[29.959s][info][gc,stats    ]     Exception Caches                  0 us
[29.959s][info][gc,stats    ] Concurrent Strong Roots              92 us, parallelism: 0.56x
[29.959s][info][gc,stats    ]   CSR: <total>                       51 us
[29.959s][info][gc,stats    ]   CSR: VM Strong Roots                5 us, workers (us):   5, ---, ---, 
[29.959s][info][gc,stats    ]   CSR: CLDG Roots                    46 us, workers (us):  46, ---, ---, 
[29.959s][info][gc,stats    ] Concurrent Evacuation              1066 us
[29.959s][info][gc,stats    ] Pause Init Update Refs (G)         1686 us
[29.959s][info][gc,stats    ] Pause Init Update Refs (N)           72 us
[29.959s][info][gc,stats    ]   Manage GCLABs                       3 us
[29.959s][info][gc,stats    ] Concurrent Update Refs             5771 us
[29.959s][info][gc,stats    ] Concurrent Update Thread Roots      609 us
[29.959s][info][gc,stats    ] Pause Final Update Refs (G)        1864 us
[29.959s][info][gc,stats    ] Pause Final Update Refs (N)         119 us
[29.959s][info][gc,stats    ]   Update Region States               41 us
[29.959s][info][gc,stats    ]   Trash Collection Set                4 us
[29.959s][info][gc,stats    ]   Rebuild Free Set                   15 us
[29.959s][info][gc,stats    ] Concurrent Cleanup                   69 us
[29.959s][info][gc,stats    ] Pacing                            23223 us
[29.959s][info][gc,stats    ] 
[29.959s][info][gc,stats    ] Allocation pacing accrued:
[29.959s][info][gc,stats    ]       3 of    84 ms (  3.7%): Thread-42
[29.959s][info][gc,stats    ]       3 of    84 ms (  3.9%): Thread-43
[29.959s][info][gc,stats    ]       4 of    84 ms (  4.5%): Thread-44
[29.959s][info][gc,stats    ]       6 of    84 ms (  7.6%): Thread-45
[29.959s][info][gc,stats    ]       4 of    84 ms (  4.2%): Thread-46
[29.959s][info][gc,stats    ]       3 of    84 ms (  3.8%): Thread-47
[29.959s][info][gc,stats    ]      23 of    84 ms ( 27.7%): <total>
[29.959s][info][gc,stats    ]       1 of    84 ms (  1.5%): <average total>
[29.959s][info][gc,stats    ]       4 of    84 ms (  4.6%): <average non-zero>
[29.959s][info][gc,stats    ] 
[29.959s][info][gc,metaspace] Metaspace: 6311K(6528K)->6311K(6528K) NonClass: 5705K(5824K)->5705K(5824K) Class: 606K(704K)->606K(704K)
[29.959s][info][gc,ergo     ] Pacer for Idle. Initial: 20971K, Alloc Tax Rate: 1.0x
[30.202s][info][gc          ] Trigger: Average GC time (73.16 ms) is above the time for average allocation rate (2497 MB/s) to deplete free headroom (175M) (margin of error = 1.74)
[30.202s][info][gc,ergo     ] Free headroom: 226M (free) - 52428K (spike) - 0B (penalties) = 175M
[30.202s][info][gc,ergo     ] Free: 226M, Max: 512K regular, 226M humongous, Frag: 0% external, 0% internal; Reserve: 52736K, Max: 512K
[30.202s][info][gc,start    ] GC(85) Concurrent reset
[30.202s][info][gc,task     ] GC(85) Using 1 of 3 workers for concurrent reset
[30.202s][info][gc,ergo     ] GC(85) Pacer for Reset. Non-Taxable: 1024M
[30.203s][info][gc          ] GC(85) Concurrent reset 0.293ms
[30.203s][info][gc,start    ] GC(85) Pause Init Mark (unload classes)
[30.203s][info][gc,task     ] GC(85) Using 3 of 3 workers for init marking
[30.203s][info][gc,ergo     ] GC(85) Pacer for Mark. Expected Live: 13684K, Free: 225M, Non-Taxable: 23095K, Alloc Tax Rate: 0.1x
[30.203s][info][gc          ] GC(85) Pause Init Mark (unload classes) 0.183ms
[30.213s][info][gc,start    ] GC(85) Concurrent marking roots
[30.213s][info][gc,task     ] GC(85) Using 1 of 3 workers for concurrent marking roots
[30.213s][info][gc          ] GC(85) Concurrent marking roots 0.610ms
[30.213s][info][gc,start    ] GC(85) Concurrent marking (unload classes)
[30.213s][info][gc,task     ] GC(85) Using 1 of 3 workers for concurrent marking
[30.221s][info][gc          ] GC(85) Concurrent marking (unload classes) 7.293ms
[30.221s][info][gc,start    ] GC(85) Pause Final Mark (unload classes)
[30.221s][info][gc,task     ] GC(85) Using 3 of 3 workers for final marking
[30.221s][info][gc,ergo     ] GC(85) Adaptive CSet Selection. Target Free: 145M, Actual Free: 890M, Max CSet: 43690K, Min Garbage: 0B
[30.221s][info][gc,ergo     ] GC(85) Collectable Garbage: 731M (99%), Immediate: 639M (87%), CSet: 94690K (12%)
[30.221s][info][gc,ergo     ] GC(85) Pacer for Evacuation. Used CSet: 97280K, Free: 838M, Non-Taxable: 85862K, Alloc Tax Rate: 1.1x
[30.221s][info][gc          ] GC(85) Pause Final Mark (unload classes) 0.247ms
[30.221s][info][gc,start    ] GC(85) Concurrent thread roots
[30.221s][info][gc,task     ] GC(85) Using 1 of 3 workers for Concurrent thread roots
[30.222s][info][gc          ] GC(85) Concurrent thread roots 0.551ms
[30.222s][info][gc,start    ] GC(85) Concurrent weak references
[30.222s][info][gc,task     ] GC(85) Using 1 of 3 workers for concurrent weak references
[30.222s][info][gc,ref      ] GC(85) Encountered references: Soft: 132, Weak: 434, Final: 9, Phantom: 21
[30.222s][info][gc,ref      ] GC(85) Discovered  references: Soft: 0, Weak: 234, Final: 7, Phantom: 14
[30.222s][info][gc,ref      ] GC(85) Enqueued    references: Soft: 0, Weak: 0, Final: 0, Phantom: 0
[30.222s][info][gc          ] GC(85) Concurrent weak references 0.061ms
[30.222s][info][gc,start    ] GC(85) Concurrent weak roots
[30.222s][info][gc,task     ] GC(85) Using 1 of 3 workers for concurrent weak root
[30.225s][info][gc          ] GC(85) Concurrent weak roots 3.089ms
[30.225s][info][gc,start    ] GC(85) Concurrent cleanup
[30.225s][info][gc          ] GC(85) Concurrent cleanup 779M->140M(1024M) 0.095ms
[30.225s][info][gc,ergo     ] GC(85) Free: 831M, Max: 512K regular, 390M humongous, Frag: 54% external, 0% internal; Reserve: 52424K, Max: 512K
[30.225s][info][gc,start    ] GC(85) Concurrent class unloading
[30.225s][info][gc,task     ] GC(85) Using 1 of 3 workers for concurrent class unloading
[30.234s][info][gc          ] GC(85) Concurrent class unloading 9.407ms
[30.234s][info][gc,start    ] GC(85) Concurrent strong roots
[30.234s][info][gc,task     ] GC(85) Using 1 of 3 workers for concurrent strong root
[30.234s][info][gc          ] GC(85) Concurrent strong roots 0.091ms
[30.234s][info][gc,start    ] GC(85) Concurrent evacuation
[30.234s][info][gc,task     ] GC(85) Using 1 of 3 workers for concurrent evacuation
[30.236s][info][gc          ] GC(85) Concurrent evacuation 1.503ms
[30.236s][info][gc,start    ] GC(85) Pause Init Update Refs
[30.236s][info][gc,ergo     ] GC(85) Pacer for Update Refs. Used: 160M, Free: 814M, Non-Taxable: 83354K, Alloc Tax Rate: 1.1x
[30.236s][info][gc          ] GC(85) Pause Init Update Refs 0.033ms
[30.238s][info][gc,start    ] GC(85) Concurrent update references
[30.238s][info][gc,task     ] GC(85) Using 1 of 3 workers for concurrent reference update
[30.244s][info][gc          ] GC(85) Concurrent update references 6.177ms
[30.244s][info][gc,start    ] GC(85) Concurrent update thread roots
[30.245s][info][gc          ] GC(85) Concurrent update thread roots 0.568ms
[30.245s][info][gc,start    ] GC(85) Pause Final Update Refs
[30.245s][info][gc,task     ] GC(85) Using 3 of 3 workers for final reference update
[30.245s][info][gc          ] GC(85) Pause Final Update Refs 0.120ms
[30.258s][info][gc,start    ] GC(85) Concurrent cleanup
[30.258s][info][gc          ] GC(85) Concurrent cleanup 196M->101M(1024M) 0.041ms
[30.259s][info][gc,ergo     ] Free: 869M, Max: 512K regular, 632M humongous, Frag: 28% external, 0% internal; Reserve: 52736K, Max: 512K
[30.259s][info][gc,stats    ] 
[30.259s][info][gc,stats    ] All times are wall-clock times, except per-root-class counters, that are sum over
[30.259s][info][gc,stats    ] all workers. Dividing the <total> over the root stage time estimates parallelism.
[30.259s][info][gc,stats    ] 
[30.259s][info][gc,stats    ] Concurrent Reset                    322 us
[30.259s][info][gc,stats    ] Pause Init Mark (G)                9913 us
[30.259s][info][gc,stats    ] Pause Init Mark (N)                 198 us
[30.259s][info][gc,stats    ]   Update Region States               35 us
[30.259s][info][gc,stats    ] Concurrent Mark Roots               623 us, parallelism: 0.75x
[30.259s][info][gc,stats    ]   CMR: <total>                      469 us
[30.259s][info][gc,stats    ]   CMR: Thread Roots                 409 us, workers (us): 409, ---, ---, 
[30.259s][info][gc,stats    ]   CMR: VM Strong Roots                6 us, workers (us):   6, ---, ---, 
[30.259s][info][gc,stats    ]   CMR: CLDG Roots                    54 us, workers (us):  54, ---, ---, 
[30.259s][info][gc,stats    ] Concurrent Marking                 7350 us
[30.259s][info][gc,stats    ] Pause Final Mark (G)                347 us
[30.259s][info][gc,stats    ] Pause Final Mark (N)                256 us
[30.259s][info][gc,stats    ]   Finish Mark                        56 us
[30.259s][info][gc,stats    ]   Update Region States               42 us
[30.259s][info][gc,stats    ]   Choose Collection Set              74 us
[30.259s][info][gc,stats    ]   Rebuild Free Set                    8 us
[30.259s][info][gc,stats    ] Concurrent Thread Roots             570 us, parallelism: 0.89x
[30.259s][info][gc,stats    ]   CTR: <total>                      510 us
[30.259s][info][gc,stats    ]   CTR: Thread Roots                 510 us, workers (us): 510, ---, ---, 
[30.259s][info][gc,stats    ] Concurrent Weak References           68 us, parallelism: 0.21x
[30.259s][info][gc,stats    ]   CWRF: <total>                      14 us
[30.259s][info][gc,stats    ]   CWRF: Weak References              14 us, workers (us):  14, ---, ---, 
[30.259s][info][gc,stats    ] Concurrent Weak Roots              3106 us
[30.259s][info][gc,stats    ]   Roots                             496 us, parallelism: 0.96x
[30.259s][info][gc,stats    ]     CWR: <total>                    479 us
[30.259s][info][gc,stats    ]     CWR: Code Cache Roots           366 us, workers (us): 366, ---, ---, 
[30.259s][info][gc,stats    ]     CWR: VM Weak Roots              110 us, workers (us): 110, ---, ---, 
[30.259s][info][gc,stats    ]     CWR: CLDG Roots                   3 us, workers (us):   3, ---, ---, 
[30.259s][info][gc,stats    ]   Rendezvous                       2577 us
[30.259s][info][gc,stats    ] Concurrent Cleanup                  103 us
[30.259s][info][gc,stats    ] Concurrent Class Unloading         9445 us
[30.259s][info][gc,stats    ]   Unlink Stale                     1573 us
[30.259s][info][gc,stats    ]     System Dictionary                 3 us
[30.259s][info][gc,stats    ]     Weak Class Links                  0 us
[30.259s][info][gc,stats    ]     Code Roots                     1569 us
[30.259s][info][gc,stats    ]   Rendezvous                       7736 us
[30.259s][info][gc,stats    ]   Purge Unlinked                     81 us
[30.259s][info][gc,stats    ]     Code Roots                       76 us
[30.259s][info][gc,stats    ]     CLDG                              5 us
[30.259s][info][gc,stats    ]     Exception Caches                  0 us
[30.259s][info][gc,stats    ] Concurrent Strong Roots              99 us, parallelism: 0.57x
[30.259s][info][gc,stats    ]   CSR: <total>                       56 us
[30.259s][info][gc,stats    ]   CSR: VM Strong Roots                4 us, workers (us):   4, ---, ---, 
[30.259s][info][gc,stats    ]   CSR: CLDG Roots                    51 us, workers (us):  51, ---, ---, 
[30.259s][info][gc,stats    ] Concurrent Evacuation              1543 us
[30.259s][info][gc,stats    ] Pause Init Update Refs (G)         1948 us
[30.259s][info][gc,stats    ] Pause Init Update Refs (N)           42 us
[30.259s][info][gc,stats    ]   Manage GCLABs                       4 us
[30.259s][info][gc,stats    ] Concurrent Update Refs             6225 us
[30.259s][info][gc,stats    ] Concurrent Update Thread Roots      585 us
[30.259s][info][gc,stats    ] Pause Final Update Refs (G)       13723 us
[30.259s][info][gc,stats    ] Pause Final Update Refs (N)         140 us
[30.259s][info][gc,stats    ]   Update Region States               44 us
[30.259s][info][gc,stats    ]   Trash Collection Set                6 us
[30.259s][info][gc,stats    ]   Rebuild Free Set                   15 us
[30.259s][info][gc,stats    ] Concurrent Cleanup                   50 us
[30.259s][info][gc,stats    ] Pacing                            25112 us
[30.259s][info][gc,stats    ] 
[30.259s][info][gc,stats    ] Allocation pacing accrued:
[30.259s][info][gc,stats    ]       4 of   300 ms (  1.2%): Thread-42
[30.259s][info][gc,stats    ]       4 of   300 ms (  1.3%): Thread-43
[30.259s][info][gc,stats    ]       4 of   300 ms (  1.3%): Thread-44
[30.259s][info][gc,stats    ]       4 of   300 ms (  1.3%): Thread-45
[30.259s][info][gc,stats    ]       4 of   300 ms (  1.2%): Thread-46
[30.259s][info][gc,stats    ]       6 of   300 ms (  2.1%): Thread-47
[30.259s][info][gc,stats    ]      25 of   300 ms (  8.4%): <total>
[30.259s][info][gc,stats    ]       1 of   300 ms (  0.4%): <average total>
[30.259s][info][gc,stats    ]       4 of   300 ms (  1.4%): <average non-zero>
[30.259s][info][gc,stats    ] 
[30.259s][info][gc,metaspace] Metaspace: 6311K(6528K)->6311K(6528K) NonClass: 5705K(5824K)->5705K(5824K) Class: 606K(704K)->606K(704K)
[30.259s][info][gc,ergo     ] Pacer for Idle. Initial: 20971K, Alloc Tax Rate: 1.0x
[30.629s][info][gc          ] Trigger: Average GC time (71.69 ms) is above the time for average allocation rate (1934 MB/s) to deplete free headroom (128M) (margin of error = 1.74)
[30.629s][info][gc,ergo     ] Free headroom: 180M (free) - 52428K (spike) - 0B (penalties) = 128M
[30.629s][info][gc,ergo     ] Free: 180M, Max: 512K regular, 180M humongous, Frag: 0% external, 0% internal; Reserve: 52736K, Max: 512K
[30.629s][info][gc,start    ] GC(86) Concurrent reset
[30.629s][info][gc,task     ] GC(86) Using 1 of 3 workers for concurrent reset
[30.629s][info][gc,ergo     ] GC(86) Pacer for Reset. Non-Taxable: 1024M
[30.629s][info][gc          ] GC(86) Concurrent reset 0.441ms
[30.630s][info][gc,start    ] GC(86) Pause Init Mark (unload classes)
[30.630s][info][gc,task     ] GC(86) Using 3 of 3 workers for init marking
[30.630s][info][gc,ergo     ] GC(86) Pacer for Mark. Expected Live: 14289K, Free: 179M, Non-Taxable: 18381K, Alloc Tax Rate: 0.1x
[30.630s][info][gc          ] GC(86) Pause Init Mark (unload classes) 0.128ms
[30.632s][info][gc,start    ] GC(86) Concurrent marking roots
[30.632s][info][gc,task     ] GC(86) Using 1 of 3 workers for concurrent marking roots
[30.632s][info][gc          ] GC(86) Concurrent marking roots 0.582ms
[30.632s][info][gc,start    ] GC(86) Concurrent marking (unload classes)
[30.632s][info][gc,task     ] GC(86) Using 1 of 3 workers for concurrent marking
[30.645s][info][gc          ] GC(86) Concurrent marking (unload classes) 12.925ms
[30.645s][info][gc,start    ] GC(86) Pause Final Mark (unload classes)
[30.645s][info][gc,task     ] GC(86) Using 3 of 3 workers for final marking
[30.645s][info][gc,ergo     ] GC(86) Adaptive CSet Selection. Target Free: 145M, Actual Free: 887M, Max CSet: 43690K, Min Garbage: 0B
[30.645s][info][gc,ergo     ] GC(86) Collectable Garbage: 777M (99%), Immediate: 687M (88%), CSet: 92332K (11%)
[30.645s][info][gc,ergo     ] GC(86) Pacer for Evacuation. Used CSet: 94720K, Free: 836M, Non-Taxable: 85606K, Alloc Tax Rate: 1.1x
[30.645s][info][gc          ] GC(86) Pause Final Mark (unload classes) 0.218ms
[30.645s][info][gc,start    ] GC(86) Concurrent thread roots
[30.646s][info][gc,task     ] GC(86) Using 1 of 3 workers for Concurrent thread roots
[30.646s][info][gc          ] GC(86) Concurrent thread roots 0.537ms
[30.646s][info][gc,start    ] GC(86) Concurrent weak references
[30.646s][info][gc,task     ] GC(86) Using 1 of 3 workers for concurrent weak references
[30.646s][info][gc,ref      ] GC(86) Encountered references: Soft: 132, Weak: 434, Final: 9, Phantom: 21
[30.646s][info][gc,ref      ] GC(86) Discovered  references: Soft: 0, Weak: 234, Final: 7, Phantom: 14
[30.646s][info][gc,ref      ] GC(86) Enqueued    references: Soft: 0, Weak: 0, Final: 0, Phantom: 0
[30.646s][info][gc          ] GC(86) Concurrent weak references 0.060ms
[30.646s][info][gc,start    ] GC(86) Concurrent weak roots
[30.646s][info][gc,task     ] GC(86) Using 1 of 3 workers for concurrent weak root
[30.651s][info][gc          ] GC(86) Concurrent weak roots 5.125ms
[30.651s][info][gc,start    ] GC(86) Concurrent cleanup
[30.651s][info][gc          ] GC(86) Concurrent cleanup 836M->149M(1024M) 0.191ms
[30.651s][info][gc,ergo     ] GC(86) Free: 822M, Max: 512K regular, 391M humongous, Frag: 53% external, 0% internal; Reserve: 52224K, Max: 512K
[30.651s][info][gc,start    ] GC(86) Concurrent class unloading
[30.651s][info][gc,task     ] GC(86) Using 1 of 3 workers for concurrent class unloading
[30.655s][info][gc          ] GC(86) Concurrent class unloading 3.700ms
[30.655s][info][gc,start    ] GC(86) Concurrent strong roots
[30.655s][info][gc,task     ] GC(86) Using 1 of 3 workers for concurrent strong root
[30.655s][info][gc          ] GC(86) Concurrent strong roots 0.089ms
[30.655s][info][gc,start    ] GC(86) Concurrent evacuation
[30.655s][info][gc,task     ] GC(86) Using 1 of 3 workers for concurrent evacuation
[30.657s][info][gc          ] GC(86) Concurrent evacuation 1.525ms
[30.657s][info][gc,start    ] GC(86) Pause Init Update Refs
[30.657s][info][gc,ergo     ] GC(86) Pacer for Update Refs. Used: 162M, Free: 811M, Non-Taxable: 83098K, Alloc Tax Rate: 1.1x
[30.657s][info][gc          ] GC(86) Pause Init Update Refs 0.069ms
[30.659s][info][gc,start    ] GC(86) Concurrent update references
[30.659s][info][gc,task     ] GC(86) Using 1 of 3 workers for concurrent reference update
[30.666s][info][gc          ] GC(86) Concurrent update references 7.052ms
[30.666s][info][gc,start    ] GC(86) Concurrent update thread roots
[30.667s][info][gc          ] GC(86) Concurrent update thread roots 0.629ms
[30.667s][info][gc,start    ] GC(86) Pause Final Update Refs
[30.667s][info][gc,task     ] GC(86) Using 3 of 3 workers for final reference update
[30.667s][info][gc          ] GC(86) Pause Final Update Refs 0.110ms
[30.669s][info][gc,start    ] GC(86) Concurrent cleanup
[30.669s][info][gc          ] GC(86) Concurrent cleanup 185M->93M(1024M) 0.070ms
[30.669s][info][gc,ergo     ] Free: 878M, Max: 512K regular, 678M humongous, Frag: 23% external, 0% internal; Reserve: 52736K, Max: 512K
[30.669s][info][gc,stats    ] 
[30.669s][info][gc,stats    ] All times are wall-clock times, except per-root-class counters, that are sum over
[30.669s][info][gc,stats    ] all workers. Dividing the <total> over the root stage time estimates parallelism.
[30.669s][info][gc,stats    ] 
[30.669s][info][gc,stats    ] Concurrent Reset                    462 us
[30.669s][info][gc,stats    ] Pause Init Mark (G)                2037 us
[30.669s][info][gc,stats    ] Pause Init Mark (N)                 137 us
[30.669s][info][gc,stats    ]   Update Region States               38 us
[30.669s][info][gc,stats    ] Concurrent Mark Roots               592 us, parallelism: 0.87x
[30.669s][info][gc,stats    ]   CMR: <total>                      513 us
[30.669s][info][gc,stats    ]   CMR: Thread Roots                 462 us, workers (us): 462, ---, ---, 
[30.669s][info][gc,stats    ]   CMR: VM Strong Roots                5 us, workers (us):   5, ---, ---, 
[30.669s][info][gc,stats    ]   CMR: CLDG Roots                    45 us, workers (us):  45, ---, ---, 
[30.669s][info][gc,stats    ] Concurrent Marking                12972 us
[30.669s][info][gc,stats    ] Pause Final Mark (G)                352 us
[30.669s][info][gc,stats    ] Pause Final Mark (N)                227 us
[30.669s][info][gc,stats    ]   Finish Mark                        40 us
[30.669s][info][gc,stats    ]   Update Region States               40 us
[30.669s][info][gc,stats    ]   Choose Collection Set              90 us
[30.669s][info][gc,stats    ]   Rebuild Free Set                    9 us
[30.669s][info][gc,stats    ] Concurrent Thread Roots             548 us, parallelism: 0.79x
[30.669s][info][gc,stats    ]   CTR: <total>                      431 us
[30.669s][info][gc,stats    ]   CTR: Thread Roots                 431 us, workers (us): 431, ---, ---, 
[30.669s][info][gc,stats    ] Concurrent Weak References           67 us, parallelism: 0.19x
[30.669s][info][gc,stats    ]   CWRF: <total>                      13 us
[30.669s][info][gc,stats    ]   CWRF: Weak References              13 us, workers (us):  13, ---, ---, 
[30.669s][info][gc,stats    ] Concurrent Weak Roots              5148 us
[30.669s][info][gc,stats    ]   Roots                             489 us, parallelism: 0.96x
[30.669s][info][gc,stats    ]     CWR: <total>                    469 us
[30.669s][info][gc,stats    ]     CWR: Code Cache Roots           363 us, workers (us): 363, ---, ---, 
[30.669s][info][gc,stats    ]     CWR: VM Weak Roots              103 us, workers (us): 103, ---, ---, 
[30.669s][info][gc,stats    ]     CWR: CLDG Roots                   3 us, workers (us):   3, ---, ---, 
[30.669s][info][gc,stats    ]   Rendezvous                       4620 us
[30.669s][info][gc,stats    ] Concurrent Cleanup                  200 us
[30.669s][info][gc,stats    ] Concurrent Class Unloading         3736 us
[30.669s][info][gc,stats    ]   Unlink Stale                     1743 us
[30.669s][info][gc,stats    ]     System Dictionary                 3 us
[30.669s][info][gc,stats    ]     Weak Class Links                  0 us
[30.669s][info][gc,stats    ]     Code Roots                     1739 us
[30.669s][info][gc,stats    ]   Rendezvous                       1856 us
[30.669s][info][gc,stats    ]   Purge Unlinked                     82 us
[30.669s][info][gc,stats    ]     Code Roots                       76 us
[30.669s][info][gc,stats    ]     CLDG                              5 us
[30.669s][info][gc,stats    ]     Exception Caches                  0 us
[30.669s][info][gc,stats    ] Concurrent Strong Roots              98 us, parallelism: 0.53x
[30.669s][info][gc,stats    ]   CSR: <total>                       52 us
[30.669s][info][gc,stats    ]   CSR: VM Strong Roots                4 us, workers (us):   4, ---, ---, 
[30.669s][info][gc,stats    ]   CSR: CLDG Roots                    48 us, workers (us):  48, ---, ---, 
[30.669s][info][gc,stats    ] Concurrent Evacuation              1565 us
[30.669s][info][gc,stats    ] Pause Init Update Refs (G)         1938 us
[30.669s][info][gc,stats    ] Pause Init Update Refs (N)           78 us
[30.669s][info][gc,stats    ]   Manage GCLABs                       3 us
[30.669s][info][gc,stats    ] Concurrent Update Refs             7101 us
[30.669s][info][gc,stats    ] Concurrent Update Thread Roots      650 us
[30.669s][info][gc,stats    ] Pause Final Update Refs (G)        1965 us
[30.669s][info][gc,stats    ] Pause Final Update Refs (N)         128 us
[30.669s][info][gc,stats    ]   Update Region States               44 us
[30.669s][info][gc,stats    ]   Trash Collection Set                4 us
[30.669s][info][gc,stats    ]   Rebuild Free Set                   14 us
[30.669s][info][gc,stats    ] Concurrent Cleanup                   80 us
[30.669s][info][gc,stats    ] 
[30.669s][info][gc,stats    ] Allocation pacing accrued:
[30.669s][info][gc,stats    ]       0 of   410 ms (  0.0%): <total>
[30.669s][info][gc,stats    ]       0 of   410 ms (  0.0%): <average total>
[30.669s][info][gc,stats    ] 
[30.669s][info][gc,metaspace] Metaspace: 6311K(6528K)->6311K(6528K) NonClass: 5705K(5824K)->5705K(5824K) Class: 606K(704K)->606K(704K)
[30.669s][info][gc,ergo     ] Pacer for Idle. Initial: 20971K, Alloc Tax Rate: 1.0x
[30.913s][info][gc          ] Trigger: Average GC time (63.18 ms) is above the time for average allocation rate (2501 MB/s) to deplete free headroom (156M) (margin of error = 1.74)
[30.913s][info][gc,ergo     ] Free headroom: 208M (free) - 52428K (spike) - 0B (penalties) = 156M
[30.914s][info][gc,ergo     ] Free: 208M, Max: 512K regular, 135M humongous, Frag: 35% external, 0% internal; Reserve: 52736K, Max: 512K
[30.914s][info][gc,start    ] GC(87) Concurrent reset
[30.914s][info][gc,task     ] GC(87) Using 1 of 3 workers for concurrent reset
[30.914s][info][gc,ergo     ] GC(87) Pacer for Reset. Non-Taxable: 1024M
[30.914s][info][gc          ] GC(87) Concurrent reset 0.488ms
[30.914s][info][gc,start    ] GC(87) Pause Init Mark (unload classes)
[30.914s][info][gc,task     ] GC(87) Using 3 of 3 workers for init marking
[30.914s][info][gc,ergo     ] GC(87) Pacer for Mark. Expected Live: 14277K, Free: 206M, Non-Taxable: 21094K, Alloc Tax Rate: 0.1x
[30.914s][info][gc          ] GC(87) Pause Init Mark (unload classes) 0.170ms
[30.918s][info][gc,start    ] GC(87) Concurrent marking roots
[30.918s][info][gc,task     ] GC(87) Using 1 of 3 workers for concurrent marking roots
[30.919s][info][gc          ] GC(87) Concurrent marking roots 0.550ms
[30.919s][info][gc,start    ] GC(87) Concurrent marking (unload classes)
[30.919s][info][gc,task     ] GC(87) Using 1 of 3 workers for concurrent marking
[30.926s][info][gc          ] GC(87) Concurrent marking (unload classes) 6.942ms
[30.926s][info][gc,start    ] GC(87) Pause Final Mark (unload classes)
[30.926s][info][gc,task     ] GC(87) Using 3 of 3 workers for final marking
[30.926s][info][gc,ergo     ] GC(87) Collectable Garbage: 714M (95%), Immediate: 714M (95%), CSet: 0B (0%)
[30.926s][info][gc          ] GC(87) Pause Final Mark (unload classes) 0.204ms
[30.929s][info][gc,start    ] GC(87) Concurrent weak references
[30.929s][info][gc,task     ] GC(87) Using 1 of 3 workers for concurrent weak references
[30.929s][info][gc,ref      ] GC(87) Encountered references: Soft: 132, Weak: 434, Final: 9, Phantom: 21
[30.929s][info][gc,ref      ] GC(87) Discovered  references: Soft: 0, Weak: 234, Final: 7, Phantom: 14
[30.929s][info][gc,ref      ] GC(87) Enqueued    references: Soft: 0, Weak: 0, Final: 0, Phantom: 0
[30.929s][info][gc          ] GC(87) Concurrent weak references 0.084ms
[30.929s][info][gc,start    ] GC(87) Concurrent weak roots
[30.929s][info][gc,task     ] GC(87) Using 1 of 3 workers for concurrent weak root
[30.939s][info][gc          ] GC(87) Concurrent weak roots 9.881ms
[30.939s][info][gc,start    ] GC(87) Concurrent cleanup
[30.939s][info][gc          ] GC(87) Concurrent cleanup 822M->107M(1024M) 0.105ms
[30.939s][info][gc,ergo     ] GC(87) Free: 863M, Max: 512K regular, 560M humongous, Frag: 36% external, 0% internal; Reserve: 52736K, Max: 512K
[30.940s][info][gc,start    ] GC(87) Concurrent class unloading
[30.940s][info][gc,task     ] GC(87) Using 1 of 3 workers for concurrent class unloading
[30.942s][info][gc          ] GC(87) Concurrent class unloading 2.447ms
[30.942s][info][gc,start    ] GC(87) Pause Final Roots
[30.942s][info][gc          ] GC(87) Pause Final Roots 0.024ms
[30.946s][info][gc,ergo     ] Free: 851M, Max: 512K regular, 560M humongous, Frag: 35% external, 0% internal; Reserve: 52736K, Max: 512K
[30.946s][info][gc,stats    ] 
[30.946s][info][gc,stats    ] All times are wall-clock times, except per-root-class counters, that are sum over
[30.946s][info][gc,stats    ] all workers. Dividing the <total> over the root stage time estimates parallelism.
[30.946s][info][gc,stats    ] 
[30.946s][info][gc,stats    ] Concurrent Reset                    514 us
[30.946s][info][gc,stats    ] Pause Init Mark (G)                4099 us
[30.946s][info][gc,stats    ] Pause Init Mark (N)                 181 us
[30.946s][info][gc,stats    ]   Update Region States               57 us
[30.946s][info][gc,stats    ] Concurrent Mark Roots               561 us, parallelism: 0.86x
[30.946s][info][gc,stats    ]   CMR: <total>                      485 us
[30.946s][info][gc,stats    ]   CMR: Thread Roots                 439 us, workers (us): 439, ---, ---, 
[30.946s][info][gc,stats    ]   CMR: VM Strong Roots                5 us, workers (us):   5, ---, ---, 
[30.946s][info][gc,stats    ]   CMR: CLDG Roots                    41 us, workers (us):  41, ---, ---, 
[30.946s][info][gc,stats    ] Concurrent Marking                 7001 us
[30.946s][info][gc,stats    ] Pause Final Mark (G)               3624 us
[30.946s][info][gc,stats    ] Pause Final Mark (N)                215 us
[30.946s][info][gc,stats    ]   Finish Mark                        45 us
[30.946s][info][gc,stats    ]   Update Region States               43 us
[30.946s][info][gc,stats    ]   Choose Collection Set              47 us
[30.946s][info][gc,stats    ]   Rebuild Free Set                    8 us
[30.946s][info][gc,stats    ] Concurrent Weak References           92 us, parallelism: 0.08x
[30.946s][info][gc,stats    ]   CWRF: <total>                       7 us
[30.946s][info][gc,stats    ]   CWRF: Weak References               7 us, workers (us):   7, ---, ---, 
[30.946s][info][gc,stats    ] Concurrent Weak Roots              9929 us
[30.946s][info][gc,stats    ]   Roots                             506 us, parallelism: 0.96x
[30.946s][info][gc,stats    ]     CWR: <total>                    486 us
[30.946s][info][gc,stats    ]     CWR: Code Cache Roots           415 us, workers (us): 415, ---, ---, 
[30.946s][info][gc,stats    ]     CWR: VM Weak Roots               69 us, workers (us):  69, ---, ---, 
[30.946s][info][gc,stats    ]     CWR: CLDG Roots                   2 us, workers (us):   2, ---, ---, 
[30.946s][info][gc,stats    ]   Rendezvous                       9355 us
[30.946s][info][gc,stats    ] Concurrent Cleanup                  115 us
[30.946s][info][gc,stats    ] Concurrent Class Unloading         2493 us
[30.946s][info][gc,stats    ]   Unlink Stale                     1754 us
[30.946s][info][gc,stats    ]     System Dictionary                 3 us
[30.946s][info][gc,stats    ]     Weak Class Links                  0 us
[30.946s][info][gc,stats    ]     Code Roots                     1749 us
[30.946s][info][gc,stats    ]   Rendezvous                        572 us
[30.946s][info][gc,stats    ]   Purge Unlinked                    100 us
[30.946s][info][gc,stats    ]     Code Roots                       93 us
[30.946s][info][gc,stats    ]     CLDG                              6 us
[30.946s][info][gc,stats    ]     Exception Caches                  0 us
[30.946s][info][gc,stats    ] Pause Final Roots (G)              3895 us
[30.946s][info][gc,stats    ] Pause Final Roots (N)                35 us
[30.946s][info][gc,stats    ] 
[30.946s][info][gc,stats    ] Allocation pacing accrued:
[30.946s][info][gc,stats    ]       0 of   277 ms (  0.0%): <total>
[30.946s][info][gc,stats    ]       0 of   277 ms (  0.0%): <average total>
[30.946s][info][gc,stats    ] 
[30.946s][info][gc,metaspace] Metaspace: 6311K(6528K)->6311K(6528K) NonClass: 5705K(5824K)->5705K(5824K) Class: 606K(704K)->606K(704K)
[30.946s][info][gc,ergo     ] Pacer for Idle. Initial: 20971K, Alloc Tax Rate: 1.0x
[31.277s][info][gc          ] Trigger: Average GC time (55.96 ms) is above the time for average allocation rate (2116 MB/s) to deplete free headroom (100151K) (margin of error = 1.75)
[31.277s][info][gc,ergo     ] Free headroom: 149M (free) - 52428K (spike) - 0B (penalties) = 100151K
[31.277s][info][gc,ergo     ] Free: 149M, Max: 512K regular, 149M humongous, Frag: 0% external, 0% internal; Reserve: 52736K, Max: 512K
[31.277s][info][gc,start    ] GC(88) Concurrent reset
[31.277s][info][gc,task     ] GC(88) Using 1 of 3 workers for concurrent reset
[31.277s][info][gc,ergo     ] GC(88) Pacer for Reset. Non-Taxable: 1024M
[31.278s][info][gc          ] GC(88) Concurrent reset 0.248ms
[31.278s][info][gc,start    ] GC(88) Pause Init Mark (unload classes)
[31.278s][info][gc,task     ] GC(88) Using 3 of 3 workers for init marking
[31.278s][info][gc,ergo     ] GC(88) Pacer for Mark. Expected Live: 14277K, Free: 148M, Non-Taxable: 15155K, Alloc Tax Rate: 0.1x
[31.278s][info][gc          ] GC(88) Pause Init Mark (unload classes) 0.207ms
[31.280s][info][gc,start    ] GC(88) Concurrent marking roots
[31.280s][info][gc,task     ] GC(88) Using 1 of 3 workers for concurrent marking roots
[31.280s][info][gc          ] GC(88) Concurrent marking roots 0.610ms
[31.280s][info][gc,start    ] GC(88) Concurrent marking (unload classes)
[31.280s][info][gc,task     ] GC(88) Using 1 of 3 workers for concurrent marking
[31.288s][info][gc          ] GC(88) Concurrent marking (unload classes) 7.871ms
[31.288s][info][gc,start    ] GC(88) Pause Final Mark (unload classes)
[31.288s][info][gc,task     ] GC(88) Using 3 of 3 workers for final marking
[31.289s][info][gc,ergo     ] GC(88) Adaptive CSet Selection. Target Free: 145M, Actual Free: 807M, Max CSet: 43690K, Min Garbage: 0B
[31.289s][info][gc,ergo     ] GC(88) Collectable Garbage: 809M (99%), Immediate: 624M (77%), CSet: 185M (22%)
[31.289s][info][gc,ergo     ] GC(88) Pacer for Evacuation. Used CSet: 187M, Free: 755M, Non-Taxable: 77363K, Alloc Tax Rate: 1.1x
[31.289s][info][gc          ] GC(88) Pause Final Mark (unload classes) 0.438ms
[31.289s][info][gc,start    ] GC(88) Concurrent thread roots
[31.289s][info][gc,task     ] GC(88) Using 1 of 3 workers for Concurrent thread roots
[31.290s][info][gc          ] GC(88) Concurrent thread roots 1.101ms
[31.290s][info][gc,start    ] GC(88) Concurrent weak references
[31.290s][info][gc,task     ] GC(88) Using 1 of 3 workers for concurrent weak references
[31.290s][info][gc,ref      ] GC(88) Encountered references: Soft: 132, Weak: 434, Final: 9, Phantom: 21
[31.290s][info][gc,ref      ] GC(88) Discovered  references: Soft: 0, Weak: 234, Final: 7, Phantom: 14
[31.290s][info][gc,ref      ] GC(88) Enqueued    references: Soft: 0, Weak: 0, Final: 0, Phantom: 0
[31.290s][info][gc          ] GC(88) Concurrent weak references 0.123ms
[31.290s][info][gc,start    ] GC(88) Concurrent weak roots
[31.290s][info][gc,task     ] GC(88) Using 1 of 3 workers for concurrent weak root
[31.291s][info][gc          ] GC(88) Concurrent weak roots 0.640ms
[31.291s][info][gc,start    ] GC(88) Concurrent cleanup
[31.291s][info][gc          ] GC(88) Concurrent cleanup 842M->218M(1024M) 0.113ms
[31.291s][info][gc,ergo     ] GC(88) Free: 753M, Max: 512K regular, 306M humongous, Frag: 60% external, 0% internal; Reserve: 52279K, Max: 512K
[31.291s][info][gc,start    ] GC(88) Concurrent class unloading
[31.291s][info][gc,task     ] GC(88) Using 1 of 3 workers for concurrent class unloading
[31.292s][info][gc          ] GC(88) Concurrent class unloading 1.487ms
[31.292s][info][gc,start    ] GC(88) Concurrent strong roots
[31.292s][info][gc,task     ] GC(88) Using 1 of 3 workers for concurrent strong root
[31.292s][info][gc          ] GC(88) Concurrent strong roots 0.091ms
[31.292s][info][gc,start    ] GC(88) Concurrent evacuation
[31.292s][info][gc,task     ] GC(88) Using 1 of 3 workers for concurrent evacuation
[31.295s][info][gc          ] GC(88) Concurrent evacuation 2.333ms
[31.295s][info][gc,start    ] GC(88) Pause Init Update Refs
[31.295s][info][gc,ergo     ] GC(88) Pacer for Update Refs. Used: 225M, Free: 749M, Non-Taxable: 76698K, Alloc Tax Rate: 1.1x
[31.295s][info][gc          ] GC(88) Pause Init Update Refs 0.029ms
[31.305s][info][gc,start    ] GC(88) Concurrent update references
[31.305s][info][gc,task     ] GC(88) Using 1 of 3 workers for concurrent reference update
[31.311s][info][gc          ] GC(88) Concurrent update references 5.335ms
[31.311s][info][gc,start    ] GC(88) Concurrent update thread roots
[31.311s][info][gc          ] GC(88) Concurrent update thread roots 0.627ms
[31.311s][info][gc,start    ] GC(88) Pause Final Update Refs
[31.311s][info][gc,task     ] GC(88) Using 3 of 3 workers for final reference update
[31.311s][info][gc          ] GC(88) Pause Final Update Refs 0.117ms
[31.313s][info][gc,start    ] GC(88) Concurrent cleanup
[31.313s][info][gc          ] GC(88) Concurrent cleanup 251M->63M(1024M) 0.079ms
[31.313s][info][gc,ergo     ] Free: 907M, Max: 512K regular, 711M humongous, Frag: 22% external, 0% internal; Reserve: 52736K, Max: 512K
[31.313s][info][gc,stats    ] 
[31.313s][info][gc,stats    ] All times are wall-clock times, except per-root-class counters, that are sum over
[31.313s][info][gc,stats    ] all workers. Dividing the <total> over the root stage time estimates parallelism.
[31.313s][info][gc,stats    ] 
[31.313s][info][gc,stats    ] Concurrent Reset                    261 us
[31.313s][info][gc,stats    ] Pause Init Mark (G)                2033 us
[31.313s][info][gc,stats    ] Pause Init Mark (N)                 217 us
[31.313s][info][gc,stats    ]   Update Region States               27 us
[31.313s][info][gc,stats    ] Concurrent Mark Roots               622 us, parallelism: 0.83x
[31.313s][info][gc,stats    ]   CMR: <total>                      516 us
[31.313s][info][gc,stats    ]   CMR: Thread Roots                 467 us, workers (us): 467, ---, ---, 
[31.313s][info][gc,stats    ]   CMR: VM Strong Roots                5 us, workers (us):   5, ---, ---, 
[31.313s][info][gc,stats    ]   CMR: CLDG Roots                    44 us, workers (us):  44, ---, ---, 
[31.313s][info][gc,stats    ] Concurrent Marking                 7922 us
[31.314s][info][gc,stats    ] Pause Final Mark (G)                541 us
[31.314s][info][gc,stats    ] Pause Final Mark (N)                459 us
[31.314s][info][gc,stats    ]   Finish Mark                        62 us
[31.314s][info][gc,stats    ]   Update Region States               52 us
[31.314s][info][gc,stats    ]   Choose Collection Set             189 us
[31.314s][info][gc,stats    ]   Rebuild Free Set                   23 us
[31.314s][info][gc,stats    ] Concurrent Thread Roots            1121 us, parallelism: 0.92x
[31.314s][info][gc,stats    ]   CTR: <total>                     1028 us
[31.314s][info][gc,stats    ]   CTR: Thread Roots                1028 us, workers (us): 1028, ---, ---, 
[31.314s][info][gc,stats    ] Concurrent Weak References          138 us, parallelism: 0.09x
[31.314s][info][gc,stats    ]   CWRF: <total>                      12 us
[31.314s][info][gc,stats    ]   CWRF: Weak References              12 us, workers (us):  12, ---, ---, 
[31.314s][info][gc,stats    ] Concurrent Weak Roots               659 us
[31.314s][info][gc,stats    ]   Roots                             567 us, parallelism: 0.94x
[31.314s][info][gc,stats    ]     CWR: <total>                    532 us
[31.314s][info][gc,stats    ]     CWR: Code Cache Roots           364 us, workers (us): 364, ---, ---, 
[31.314s][info][gc,stats    ]     CWR: VM Weak Roots              165 us, workers (us): 165, ---, ---, 
[31.314s][info][gc,stats    ]     CWR: CLDG Roots                   3 us, workers (us):   3, ---, ---, 
[31.314s][info][gc,stats    ]   Rendezvous                         40 us
[31.314s][info][gc,stats    ] Concurrent Cleanup                  121 us
[31.314s][info][gc,stats    ] Concurrent Class Unloading         1497 us
[31.314s][info][gc,stats    ]   Unlink Stale                     1400 us
[31.314s][info][gc,stats    ]     System Dictionary                 3 us
[31.314s][info][gc,stats    ]     Weak Class Links                  0 us
[31.314s][info][gc,stats    ]     Code Roots                     1396 us
[31.314s][info][gc,stats    ]   Rendezvous                         35 us
[31.314s][info][gc,stats    ]   Purge Unlinked                     38 us
[31.314s][info][gc,stats    ]     Code Roots                       34 us
[31.314s][info][gc,stats    ]     CLDG                              4 us
[31.314s][info][gc,stats    ]     Exception Caches                  0 us
[31.314s][info][gc,stats    ] Concurrent Strong Roots              99 us, parallelism: 0.58x
[31.314s][info][gc,stats    ]   CSR: <total>                       58 us
[31.314s][info][gc,stats    ]   CSR: VM Strong Roots                4 us, workers (us):   4, ---, ---, 
[31.314s][info][gc,stats    ]   CSR: CLDG Roots                    54 us, workers (us):  54, ---, ---, 
[31.314s][info][gc,stats    ] Concurrent Evacuation              2351 us
[31.314s][info][gc,stats    ] Pause Init Update Refs (G)        10531 us
[31.314s][info][gc,stats    ] Pause Init Update Refs (N)           36 us
[31.314s][info][gc,stats    ]   Manage GCLABs                       5 us
[31.314s][info][gc,stats    ] Concurrent Update Refs             5380 us
[31.314s][info][gc,stats    ] Concurrent Update Thread Roots      646 us
[31.314s][info][gc,stats    ] Pause Final Update Refs (G)        1925 us
[31.314s][info][gc,stats    ] Pause Final Update Refs (N)         187 us
[31.314s][info][gc,stats    ]   Update Region States               41 us
[31.314s][info][gc,stats    ]   Trash Collection Set                9 us
[31.314s][info][gc,stats    ]   Rebuild Free Set                   15 us
[31.314s][info][gc,stats    ] Concurrent Cleanup                   89 us
[31.314s][info][gc,stats    ] Pacing                            75147 us
[31.314s][info][gc,stats    ] 
[31.314s][info][gc,stats    ] Allocation pacing accrued:
[31.314s][info][gc,stats    ]       7 of   368 ms (  2.0%): Thread-42
[31.314s][info][gc,stats    ]      14 of   368 ms (  3.9%): Thread-43
[31.314s][info][gc,stats    ]      14 of   368 ms (  3.9%): Thread-44
[31.314s][info][gc,stats    ]      17 of   368 ms (  4.7%): Thread-45
[31.314s][info][gc,stats    ]      15 of   368 ms (  4.1%): Thread-46
[31.314s][info][gc,stats    ]       7 of   368 ms (  1.9%): Thread-47
[31.314s][info][gc,stats    ]      75 of   368 ms ( 20.4%): <total>
[31.314s][info][gc,stats    ]       4 of   368 ms (  1.1%): <average total>
[31.314s][info][gc,stats    ]      13 of   368 ms (  3.4%): <average non-zero>
[31.314s][info][gc,stats    ] 
[31.314s][info][gc,metaspace] Metaspace: 6311K(6528K)->6311K(6528K) NonClass: 5705K(5824K)->5705K(5824K) Class: 606K(704K)->606K(704K)
[31.314s][info][gc,ergo     ] Pacer for Idle. Initial: 20971K, Alloc Tax Rate: 1.0x
[31.688s][info][gc          ] Trigger: Average GC time (49.73 ms) is above the time for average allocation rate (2057 MB/s) to deplete free headroom (84279K) (margin of error = 1.74)
[31.688s][info][gc,ergo     ] Free headroom: 133M (free) - 52428K (spike) - 0B (penalties) = 84279K
[31.688s][info][gc,ergo     ] Free: 133M, Max: 512K regular, 128M humongous, Frag: 4% external, 0% internal; Reserve: 52736K, Max: 512K
[31.688s][info][gc,start    ] GC(89) Concurrent reset
[31.688s][info][gc,task     ] GC(89) Using 1 of 3 workers for concurrent reset
[31.688s][info][gc,ergo     ] GC(89) Pacer for Reset. Non-Taxable: 1024M
[31.689s][info][gc          ] GC(89) Concurrent reset 0.833ms
[31.689s][info][gc,start    ] GC(89) Pause Init Mark (unload classes)
[31.689s][info][gc,task     ] GC(89) Using 3 of 3 workers for init marking
[31.689s][info][gc,ergo     ] GC(89) Pacer for Mark. Expected Live: 14269K, Free: 132M, Non-Taxable: 13517K, Alloc Tax Rate: 0.1x
[31.689s][info][gc          ] GC(89) Pause Init Mark (unload classes) 0.149ms
[31.696s][info][gc,start    ] GC(89) Concurrent marking roots
[31.696s][info][gc,task     ] GC(89) Using 1 of 3 workers for concurrent marking roots
[31.697s][info][gc          ] GC(89) Concurrent marking roots 0.582ms
[31.697s][info][gc,start    ] GC(89) Concurrent marking (unload classes)
[31.697s][info][gc,task     ] GC(89) Using 1 of 3 workers for concurrent marking
[31.704s][info][gc          ] GC(89) Concurrent marking (unload classes) 7.088ms
[31.704s][info][gc,start    ] GC(89) Pause Final Mark (unload classes)
[31.704s][info][gc,task     ] GC(89) Using 3 of 3 workers for final marking
[31.704s][info][gc,ergo     ] GC(89) Adaptive CSet Selection. Target Free: 145M, Actual Free: 861M, Max CSet: 43690K, Min Garbage: 0B
[31.704s][info][gc,ergo     ] GC(89) Collectable Garbage: 825M (99%), Immediate: 693M (83%), CSet: 132M (16%)
[31.704s][info][gc,ergo     ] GC(89) Pacer for Evacuation. Used CSet: 134M, Free: 809M, Non-Taxable: 82893K, Alloc Tax Rate: 1.1x
[31.704s][info][gc          ] GC(89) Pause Final Mark (unload classes) 0.306ms
[31.704s][info][gc,start    ] GC(89) Concurrent thread roots
[31.704s][info][gc,task     ] GC(89) Using 1 of 3 workers for Concurrent thread roots
[31.705s][info][gc          ] GC(89) Concurrent thread roots 0.723ms
[31.705s][info][gc,start    ] GC(89) Concurrent weak references
[31.705s][info][gc,task     ] GC(89) Using 1 of 3 workers for concurrent weak references
[31.705s][info][gc,ref      ] GC(89) Encountered references: Soft: 132, Weak: 434, Final: 9, Phantom: 21
[31.705s][info][gc,ref      ] GC(89) Discovered  references: Soft: 0, Weak: 234, Final: 7, Phantom: 14
[31.705s][info][gc,ref      ] GC(89) Enqueued    references: Soft: 0, Weak: 0, Final: 0, Phantom: 0
[31.705s][info][gc          ] GC(89) Concurrent weak references 0.107ms
[31.705s][info][gc,start    ] GC(89) Concurrent weak roots
[31.705s][info][gc,task     ] GC(89) Using 1 of 3 workers for concurrent weak root
[31.714s][info][gc          ] GC(89) Concurrent weak roots 8.861ms
[31.714s][info][gc,start    ] GC(89) Concurrent cleanup
[31.714s][info][gc          ] GC(89) Concurrent cleanup 873M->180M(1024M) 0.096ms
[31.714s][info][gc,ergo     ] GC(89) Free: 792M, Max: 512K regular, 455M humongous, Frag: 43% external, 0% internal; Reserve: 52111K, Max: 512K
[31.714s][info][gc,start    ] GC(89) Concurrent class unloading
[31.714s][info][gc,task     ] GC(89) Using 1 of 3 workers for concurrent class unloading
[31.718s][info][gc          ] GC(89) Concurrent class unloading 3.915ms
[31.718s][info][gc,start    ] GC(89) Concurrent strong roots
[31.718s][info][gc,task     ] GC(89) Using 1 of 3 workers for concurrent strong root
[31.718s][info][gc          ] GC(89) Concurrent strong roots 0.079ms
[31.718s][info][gc,start    ] GC(89) Concurrent evacuation
[31.718s][info][gc,task     ] GC(89) Using 1 of 3 workers for concurrent evacuation
[31.720s][info][gc          ] GC(89) Concurrent evacuation 1.802ms
[31.720s][info][gc,start    ] GC(89) Pause Init Update Refs
[31.720s][info][gc,ergo     ] GC(89) Pacer for Update Refs. Used: 191M, Free: 782M, Non-Taxable: 80128K, Alloc Tax Rate: 1.1x
[31.720s][info][gc          ] GC(89) Pause Init Update Refs 0.054ms
[31.722s][info][gc,start    ] GC(89) Concurrent update references
[31.722s][info][gc,task     ] GC(89) Using 1 of 3 workers for concurrent reference update
[31.727s][info][gc          ] GC(89) Concurrent update references 4.943ms
[31.727s][info][gc,start    ] GC(89) Concurrent update thread roots
[31.733s][info][gc          ] GC(89) Concurrent update thread roots 5.935ms
[31.733s][info][gc,start    ] GC(89) Pause Final Update Refs
[31.733s][info][gc,task     ] GC(89) Using 3 of 3 workers for final reference update
[31.733s][info][gc          ] GC(89) Pause Final Update Refs 0.084ms
[31.735s][info][gc,start    ] GC(89) Concurrent cleanup
[31.735s][info][gc          ] GC(89) Concurrent cleanup 214M->81M(1024M) 0.060ms
[31.735s][info][gc,ergo     ] Free: 890M, Max: 512K regular, 708M humongous, Frag: 21% external, 0% internal; Reserve: 52736K, Max: 512K
[31.735s][info][gc,stats    ] 
[31.735s][info][gc,stats    ] All times are wall-clock times, except per-root-class counters, that are sum over
[31.735s][info][gc,stats    ] all workers. Dividing the <total> over the root stage time estimates parallelism.
[31.735s][info][gc,stats    ] 
[31.735s][info][gc,stats    ] Concurrent Reset                    895 us
[31.735s][info][gc,stats    ] Pause Init Mark (G)                7238 us
[31.735s][info][gc,stats    ] Pause Init Mark (N)                 158 us
[31.735s][info][gc,stats    ]   Update Region States               54 us
[31.735s][info][gc,stats    ] Concurrent Mark Roots               593 us, parallelism: 0.84x
[31.735s][info][gc,stats    ]   CMR: <total>                      500 us
[31.735s][info][gc,stats    ]   CMR: Thread Roots                 450 us, workers (us): 450, ---, ---, 
[31.735s][info][gc,stats    ]   CMR: VM Strong Roots                6 us, workers (us):   6, ---, ---, 
[31.735s][info][gc,stats    ]   CMR: CLDG Roots                    44 us, workers (us):  44, ---, ---, 
[31.735s][info][gc,stats    ] Concurrent Marking                 7117 us
[31.735s][info][gc,stats    ] Pause Final Mark (G)                443 us
[31.735s][info][gc,stats    ] Pause Final Mark (N)                318 us
[31.735s][info][gc,stats    ]   Finish Mark                        56 us
[31.735s][info][gc,stats    ]   Update Region States               49 us
[31.735s][info][gc,stats    ]   Choose Collection Set              90 us
[31.735s][info][gc,stats    ]   Rebuild Free Set                    8 us
[31.735s][info][gc,stats    ] Concurrent Thread Roots             744 us, parallelism: 0.87x
[31.735s][info][gc,stats    ]   CTR: <total>                      644 us
[31.735s][info][gc,stats    ]   CTR: Thread Roots                 644 us, workers (us): 644, ---, ---, 
[31.735s][info][gc,stats    ] Concurrent Weak References          123 us, parallelism: 0.12x
[31.735s][info][gc,stats    ]   CWRF: <total>                      14 us
[31.735s][info][gc,stats    ]   CWRF: Weak References              14 us, workers (us):  14, ---, ---, 
[31.735s][info][gc,stats    ] Concurrent Weak Roots              8883 us
[31.735s][info][gc,stats    ]   Roots                             490 us, parallelism: 0.96x
[31.735s][info][gc,stats    ]     CWR: <total>                    470 us
[31.735s][info][gc,stats    ]     CWR: Code Cache Roots           355 us, workers (us): 355, ---, ---, 
[31.735s][info][gc,stats    ]     CWR: VM Weak Roots              113 us, workers (us): 113, ---, ---, 
[31.735s][info][gc,stats    ]     CWR: CLDG Roots                   2 us, workers (us):   2, ---, ---, 
[31.735s][info][gc,stats    ]   Rendezvous                       8336 us
[31.735s][info][gc,stats    ] Concurrent Cleanup                  105 us
[31.735s][info][gc,stats    ] Concurrent Class Unloading         3939 us
[31.735s][info][gc,stats    ]   Unlink Stale                     1622 us
[31.735s][info][gc,stats    ]     System Dictionary                 2 us
[31.735s][info][gc,stats    ]     Weak Class Links                  0 us
[31.735s][info][gc,stats    ]     Code Roots                     1619 us
[31.735s][info][gc,stats    ]   Rendezvous                       2212 us
[31.735s][info][gc,stats    ]   Purge Unlinked                     64 us
[31.735s][info][gc,stats    ]     Code Roots                       60 us
[31.735s][info][gc,stats    ]     CLDG                              4 us
[31.735s][info][gc,stats    ]     Exception Caches                  0 us
[31.735s][info][gc,stats    ] Concurrent Strong Roots              87 us, parallelism: 0.57x
[31.735s][info][gc,stats    ]   CSR: <total>                       49 us
[31.735s][info][gc,stats    ]   CSR: VM Strong Roots                4 us, workers (us):   4, ---, ---, 
[31.735s][info][gc,stats    ]   CSR: CLDG Roots                    45 us, workers (us):  45, ---, ---, 
[31.735s][info][gc,stats    ] Concurrent Evacuation              1858 us
[31.735s][info][gc,stats    ] Pause Init Update Refs (G)         1920 us
[31.735s][info][gc,stats    ] Pause Init Update Refs (N)           63 us
[31.735s][info][gc,stats    ]   Manage GCLABs                       3 us
[31.735s][info][gc,stats    ] Concurrent Update Refs             4986 us
[31.735s][info][gc,stats    ] Concurrent Update Thread Roots     5984 us
[31.735s][info][gc,stats    ] Pause Final Update Refs (G)        2068 us
[31.735s][info][gc,stats    ] Pause Final Update Refs (N)         108 us
[31.735s][info][gc,stats    ]   Update Region States               38 us
[31.735s][info][gc,stats    ]   Trash Collection Set                8 us
[31.735s][info][gc,stats    ]   Rebuild Free Set                   15 us
[31.735s][info][gc,stats    ] Concurrent Cleanup                   70 us
[31.735s][info][gc,stats    ] Pacing                            42710 us
[31.735s][info][gc,stats    ] 
[31.735s][info][gc,stats    ] Allocation pacing accrued:
[31.735s][info][gc,stats    ]       7 of   422 ms (  1.8%): Thread-42
[31.735s][info][gc,stats    ]       6 of   422 ms (  1.5%): Thread-43
[31.735s][info][gc,stats    ]       7 of   422 ms (  1.7%): Thread-44
[31.735s][info][gc,stats    ]       6 of   422 ms (  1.5%): Thread-45
[31.735s][info][gc,stats    ]       7 of   422 ms (  1.7%): Thread-46
[31.735s][info][gc,stats    ]       8 of   422 ms (  1.9%): Thread-47
[31.736s][info][gc,stats    ]      43 of   422 ms ( 10.1%): <total>
[31.736s][info][gc,stats    ]       2 of   422 ms (  0.5%): <average total>
[31.736s][info][gc,stats    ]       7 of   422 ms (  1.7%): <average non-zero>
[31.736s][info][gc,stats    ] 
[31.736s][info][gc,metaspace] Metaspace: 6311K(6528K)->6311K(6528K) NonClass: 5705K(5824K)->5705K(5824K) Class: 606K(704K)->606K(704K)
[31.736s][info][gc,ergo     ] Pacer for Idle. Initial: 20971K, Alloc Tax Rate: 1.0x
[32.066s][info][gc          ] Trigger: Average GC time (54.35 ms) is above the time for average allocation rate (2181 MB/s) to deplete free headroom (112M) (margin of error = 1.74)
[32.067s][info][gc,ergo     ] Free headroom: 164M (free) - 52428K (spike) - 0B (penalties) = 112M
[32.067s][info][gc,ergo     ] Free: 163M, Max: 512K regular, 101376K humongous, Frag: 40% external, 0% internal; Reserve: 52736K, Max: 512K
[32.067s][info][gc,start    ] GC(90) Concurrent reset
[32.067s][info][gc,task     ] GC(90) Using 1 of 3 workers for concurrent reset
[32.067s][info][gc,ergo     ] GC(90) Pacer for Reset. Non-Taxable: 1024M
[32.067s][info][gc          ] GC(90) Concurrent reset 0.651ms
[32.067s][info][gc,start    ] GC(90) Pause Init Mark (unload classes)
[32.067s][info][gc,task     ] GC(90) Using 3 of 3 workers for init marking
[32.067s][info][gc,ergo     ] GC(90) Pacer for Mark. Expected Live: 14274K, Free: 163M, Non-Taxable: 16691K, Alloc Tax Rate: 0.1x
[32.068s][info][gc          ] GC(90) Pause Init Mark (unload classes) 0.139ms
[32.070s][info][gc,start    ] GC(90) Concurrent marking roots
[32.070s][info][gc,task     ] GC(90) Using 1 of 3 workers for concurrent marking roots
[32.071s][info][gc          ] GC(90) Concurrent marking roots 0.571ms
[32.071s][info][gc,start    ] GC(90) Concurrent marking (unload classes)
[32.071s][info][gc,task     ] GC(90) Using 1 of 3 workers for concurrent marking
[32.099s][info][gc          ] GC(90) Concurrent marking (unload classes) 28.000ms
[32.099s][info][gc,start    ] GC(90) Pause Final Mark (unload classes)
[32.099s][info][gc,task     ] GC(90) Using 3 of 3 workers for final marking
[32.099s][info][gc,ergo     ] GC(90) Adaptive CSet Selection. Target Free: 145M, Actual Free: 849M, Max CSet: 43690K, Min Garbage: 0B
[32.099s][info][gc,ergo     ] GC(90) Collectable Garbage: 794M (99%), Immediate: 697M (87%), CSet: 99035K (12%)
[32.099s][info][gc,ergo     ] GC(90) Pacer for Evacuation. Used CSet: 101376K, Free: 797M, Non-Taxable: 81664K, Alloc Tax Rate: 1.1x
[32.099s][info][gc          ] GC(90) Pause Final Mark (unload classes) 0.254ms
[32.099s][info][gc,start    ] GC(90) Concurrent thread roots
[32.099s][info][gc,task     ] GC(90) Using 1 of 3 workers for Concurrent thread roots
[32.100s][info][gc          ] GC(90) Concurrent thread roots 0.560ms
[32.100s][info][gc,start    ] GC(90) Concurrent weak references
[32.100s][info][gc,task     ] GC(90) Using 1 of 3 workers for concurrent weak references
[32.100s][info][gc,ref      ] GC(90) Encountered references: Soft: 132, Weak: 434, Final: 9, Phantom: 21
[32.100s][info][gc,ref      ] GC(90) Discovered  references: Soft: 0, Weak: 234, Final: 7, Phantom: 14
[32.100s][info][gc,ref      ] GC(90) Enqueued    references: Soft: 0, Weak: 0, Final: 0, Phantom: 0
[32.100s][info][gc          ] GC(90) Concurrent weak references 0.061ms
[32.100s][info][gc,start    ] GC(90) Concurrent weak roots
[32.100s][info][gc,task     ] GC(90) Using 1 of 3 workers for concurrent weak root
[32.101s][info][gc          ] GC(90) Concurrent weak roots 1.589ms
[32.101s][info][gc,start    ] GC(90) Concurrent cleanup
[32.101s][info][gc          ] GC(90) Concurrent cleanup 875M->178M(1024M) 0.102ms
[32.102s][info][gc,ergo     ] GC(90) Free: 793M, Max: 512K regular, 506M humongous, Frag: 37% external, 0% internal; Reserve: 52411K, Max: 512K
[32.102s][info][gc,start    ] GC(90) Concurrent class unloading
[32.102s][info][gc,task     ] GC(90) Using 1 of 3 workers for concurrent class unloading
[32.109s][info][gc          ] GC(90) Concurrent class unloading 7.418ms
[32.109s][info][gc,start    ] GC(90) Concurrent strong roots
[32.109s][info][gc,task     ] GC(90) Using 1 of 3 workers for concurrent strong root
[32.109s][info][gc          ] GC(90) Concurrent strong roots 0.083ms
[32.109s][info][gc,start    ] GC(90) Concurrent evacuation
[32.109s][info][gc,task     ] GC(90) Using 1 of 3 workers for concurrent evacuation
[32.111s][info][gc          ] GC(90) Concurrent evacuation 1.540ms
[32.111s][info][gc,start    ] GC(90) Pause Init Update Refs
[32.111s][info][gc,ergo     ] GC(90) Pacer for Update Refs. Used: 196M, Free: 777M, Non-Taxable: 79616K, Alloc Tax Rate: 1.1x
[32.111s][info][gc          ] GC(90) Pause Init Update Refs 0.067ms
[32.117s][info][gc,start    ] GC(90) Concurrent update references
[32.117s][info][gc,task     ] GC(90) Using 1 of 3 workers for concurrent reference update
[32.128s][info][gc          ] GC(90) Concurrent update references 11.715ms
[32.128s][info][gc,start    ] GC(90) Concurrent update thread roots
[32.130s][info][gc          ] GC(90) Concurrent update thread roots 1.833ms
[32.130s][info][gc,start    ] GC(90) Pause Final Update Refs
[32.130s][info][gc,task     ] GC(90) Using 3 of 3 workers for final reference update
[32.130s][info][gc          ] GC(90) Pause Final Update Refs 0.088ms
[32.131s][info][gc,start    ] GC(90) Concurrent cleanup
[32.131s][info][gc          ] GC(90) Concurrent cleanup 223M->124M(1024M) 0.037ms
[32.131s][info][gc,ergo     ] Free: 846M, Max: 512K regular, 662M humongous, Frag: 22% external, 0% internal; Reserve: 52736K, Max: 512K
[32.131s][info][gc,stats    ] 
[32.131s][info][gc,stats    ] All times are wall-clock times, except per-root-class counters, that are sum over
[32.131s][info][gc,stats    ] all workers. Dividing the <total> over the root stage time estimates parallelism.
[32.131s][info][gc,stats    ] 
[32.131s][info][gc,stats    ] Concurrent Reset                    685 us
[32.131s][info][gc,stats    ] Pause Init Mark (G)                2788 us
[32.131s][info][gc,stats    ] Pause Init Mark (N)                 149 us
[32.131s][info][gc,stats    ]   Update Region States               43 us
[32.131s][info][gc,stats    ] Concurrent Mark Roots               581 us, parallelism: 0.85x
[32.131s][info][gc,stats    ]   CMR: <total>                      495 us
[32.131s][info][gc,stats    ]   CMR: Thread Roots                 446 us, workers (us): 446, ---, ---, 
[32.131s][info][gc,stats    ]   CMR: VM Strong Roots                5 us, workers (us):   5, ---, ---, 
[32.131s][info][gc,stats    ]   CMR: CLDG Roots                    44 us, workers (us):  44, ---, ---, 
[32.131s][info][gc,stats    ] Concurrent Marking                28066 us
[32.131s][info][gc,stats    ] Pause Final Mark (G)                404 us
[32.131s][info][gc,stats    ] Pause Final Mark (N)                264 us
[32.131s][info][gc,stats    ]   Finish Mark                        38 us
[32.131s][info][gc,stats    ]   Update Region States               34 us
[32.131s][info][gc,stats    ]   Choose Collection Set              98 us
[32.131s][info][gc,stats    ]   Rebuild Free Set                    8 us
[32.131s][info][gc,stats    ] Concurrent Thread Roots             579 us, parallelism: 0.87x
[32.131s][info][gc,stats    ]   CTR: <total>                      506 us
[32.131s][info][gc,stats    ]   CTR: Thread Roots                 506 us, workers (us): 506, ---, ---, 
[32.131s][info][gc,stats    ] Concurrent Weak References           68 us, parallelism: 0.20x
[32.131s][info][gc,stats    ]   CWRF: <total>                      14 us
[32.131s][info][gc,stats    ]   CWRF: Weak References              14 us, workers (us):  14, ---, ---, 
[32.131s][info][gc,stats    ] Concurrent Weak Roots              1626 us
[32.131s][info][gc,stats    ]   Roots                             505 us, parallelism: 0.96x
[32.131s][info][gc,stats    ]     CWR: <total>                    486 us
[32.131s][info][gc,stats    ]     CWR: Code Cache Roots           381 us, workers (us): 381, ---, ---, 
[32.131s][info][gc,stats    ]     CWR: VM Weak Roots              103 us, workers (us): 103, ---, ---, 
[32.131s][info][gc,stats    ]     CWR: CLDG Roots                   2 us, workers (us):   2, ---, ---, 
[32.131s][info][gc,stats    ]   Rendezvous                       1067 us
[32.131s][info][gc,stats    ] Concurrent Cleanup                  120 us
[32.131s][info][gc,stats    ] Concurrent Class Unloading         7465 us
[32.131s][info][gc,stats    ]   Unlink Stale                     1783 us
[32.131s][info][gc,stats    ]     System Dictionary                 4 us
[32.131s][info][gc,stats    ]     Weak Class Links                  0 us
[32.131s][info][gc,stats    ]     Code Roots                     1777 us
[32.131s][info][gc,stats    ]   Rendezvous                       5539 us
[32.131s][info][gc,stats    ]   Purge Unlinked                     75 us
[32.131s][info][gc,stats    ]     Code Roots                       71 us
[32.131s][info][gc,stats    ]     CLDG                              4 us
[32.131s][info][gc,stats    ]     Exception Caches                  0 us
[32.131s][info][gc,stats    ] Concurrent Strong Roots              91 us, parallelism: 0.55x
[32.131s][info][gc,stats    ]   CSR: <total>                       50 us
[32.131s][info][gc,stats    ]   CSR: VM Strong Roots                4 us, workers (us):   4, ---, ---, 
[32.131s][info][gc,stats    ]   CSR: CLDG Roots                    46 us, workers (us):  46, ---, ---, 
[32.131s][info][gc,stats    ] Concurrent Evacuation              1578 us
[32.131s][info][gc,stats    ] Pause Init Update Refs (G)         6004 us
[32.131s][info][gc,stats    ] Pause Init Update Refs (N)           77 us
[32.131s][info][gc,stats    ]   Manage GCLABs                       4 us
[32.131s][info][gc,stats    ] Concurrent Update Refs            11789 us
[32.131s][info][gc,stats    ] Concurrent Update Thread Roots     1854 us
[32.131s][info][gc,stats    ] Pause Final Update Refs (G)         271 us
[32.131s][info][gc,stats    ] Pause Final Update Refs (N)         131 us
[32.131s][info][gc,stats    ]   Update Region States               41 us
[32.131s][info][gc,stats    ]   Trash Collection Set                6 us
[32.131s][info][gc,stats    ]   Rebuild Free Set                   16 us
[32.131s][info][gc,stats    ] Concurrent Cleanup                   46 us
[32.131s][info][gc,stats    ] Pacing                            32116 us
[32.131s][info][gc,stats    ] 
[32.131s][info][gc,stats    ] Allocation pacing accrued:
[32.131s][info][gc,stats    ]       5 of   396 ms (  1.2%): Thread-42
[32.131s][info][gc,stats    ]       5 of   396 ms (  1.2%): Thread-43
[32.131s][info][gc,stats    ]       6 of   396 ms (  1.5%): Thread-44
[32.131s][info][gc,stats    ]       6 of   396 ms (  1.5%): Thread-45
[32.131s][info][gc,stats    ]       6 of   396 ms (  1.4%): Thread-46
[32.131s][info][gc,stats    ]       5 of   396 ms (  1.4%): Thread-47
[32.131s][info][gc,stats    ]      32 of   396 ms (  8.1%): <total>
[32.131s][info][gc,stats    ]       2 of   396 ms (  0.4%): <average total>
[32.131s][info][gc,stats    ]       5 of   396 ms (  1.4%): <average non-zero>
[32.131s][info][gc,stats    ] 
[32.131s][info][gc,metaspace] Metaspace: 6311K(6528K)->6311K(6528K) NonClass: 5705K(5824K)->5705K(5824K) Class: 606K(704K)->606K(704K)
[32.131s][info][gc,ergo     ] Pacer for Idle. Initial: 20971K, Alloc Tax Rate: 1.0x
[32.400s][info][gc          ] Trigger: Average GC time (74.09 ms) is above the time for average allocation rate (2406 MB/s) to deplete free headroom (157M) (margin of error = 1.75)
[32.400s][info][gc,ergo     ] Free headroom: 209M (free) - 52428K (spike) - 0B (penalties) = 157M
[32.400s][info][gc,ergo     ] Free: 209M, Max: 512K regular, 98304K humongous, Frag: 55% external, 0% internal; Reserve: 52736K, Max: 512K
[32.400s][info][gc,start    ] GC(91) Concurrent reset
[32.400s][info][gc,task     ] GC(91) Using 1 of 3 workers for concurrent reset
[32.400s][info][gc,ergo     ] GC(91) Pacer for Reset. Non-Taxable: 1024M
[32.400s][info][gc          ] GC(91) Concurrent reset 0.494ms
[32.400s][info][gc,start    ] GC(91) Pause Init Mark (unload classes)
[32.401s][info][gc,task     ] GC(91) Using 3 of 3 workers for init marking
[32.401s][info][gc,ergo     ] GC(91) Pacer for Mark. Expected Live: 14231K, Free: 208M, Non-Taxable: 21350K, Alloc Tax Rate: 0.1x
[32.401s][info][gc          ] GC(91) Pause Init Mark (unload classes) 0.128ms
[32.408s][info][gc,start    ] GC(91) Concurrent marking roots
[32.409s][info][gc,task     ] GC(91) Using 1 of 3 workers for concurrent marking roots
[32.409s][info][gc          ] GC(91) Concurrent marking roots 0.572ms
[32.409s][info][gc,start    ] GC(91) Concurrent marking (unload classes)
[32.409s][info][gc,task     ] GC(91) Using 1 of 3 workers for concurrent marking
[32.417s][info][gc          ] GC(91) Concurrent marking (unload classes) 8.336ms
[32.417s][info][gc,start    ] GC(91) Pause Final Mark (unload classes)
[32.418s][info][gc,task     ] GC(91) Using 3 of 3 workers for final marking
[32.418s][info][gc,ergo     ] GC(91) Adaptive CSet Selection. Target Free: 145M, Actual Free: 852M, Max CSet: 43690K, Min Garbage: 0B
[32.418s][info][gc,ergo     ] GC(91) Collectable Garbage: 748M (99%), Immediate: 616M (82%), CSet: 132M (17%)
[32.418s][info][gc,ergo     ] GC(91) Pacer for Evacuation. Used CSet: 135M, Free: 800M, Non-Taxable: 81971K, Alloc Tax Rate: 1.1x
[32.418s][info][gc          ] GC(91) Pause Final Mark (unload classes) 0.339ms
[32.418s][info][gc,start    ] GC(91) Concurrent thread roots
[32.418s][info][gc,task     ] GC(91) Using 1 of 3 workers for Concurrent thread roots
[32.418s][info][gc          ] GC(91) Concurrent thread roots 0.489ms
[32.418s][info][gc,start    ] GC(91) Concurrent weak references
[32.418s][info][gc,task     ] GC(91) Using 1 of 3 workers for concurrent weak references
[32.418s][info][gc,ref      ] GC(91) Encountered references: Soft: 132, Weak: 434, Final: 9, Phantom: 21
[32.418s][info][gc,ref      ] GC(91) Discovered  references: Soft: 0, Weak: 234, Final: 7, Phantom: 14
[32.418s][info][gc,ref      ] GC(91) Enqueued    references: Soft: 0, Weak: 0, Final: 0, Phantom: 0
[32.418s][info][gc          ] GC(91) Concurrent weak references 0.055ms
[32.418s][info][gc,start    ] GC(91) Concurrent weak roots
[32.418s][info][gc,task     ] GC(91) Using 1 of 3 workers for concurrent weak root
[32.419s][info][gc          ] GC(91) Concurrent weak roots 0.595ms
[32.419s][info][gc,start    ] GC(91) Concurrent cleanup
[32.419s][info][gc          ] GC(91) Concurrent cleanup 792M->176M(1024M) 0.087ms
[32.419s][info][gc,ergo     ] GC(91) Free: 795M, Max: 512K regular, 342M humongous, Frag: 57% external, 0% internal; Reserve: 52326K, Max: 512K
[32.419s][info][gc,start    ] GC(91) Concurrent class unloading
[32.419s][info][gc,task     ] GC(91) Using 1 of 3 workers for concurrent class unloading
[32.422s][info][gc          ] GC(91) Concurrent class unloading 2.508ms
[32.422s][info][gc,start    ] GC(91) Concurrent strong roots
[32.422s][info][gc,task     ] GC(91) Using 1 of 3 workers for concurrent strong root
[32.422s][info][gc          ] GC(91) Concurrent strong roots 0.078ms
[32.422s][info][gc,start    ] GC(91) Concurrent evacuation
[32.422s][info][gc,task     ] GC(91) Using 1 of 3 workers for concurrent evacuation
[32.424s][info][gc          ] GC(91) Concurrent evacuation 2.150ms
[32.424s][info][gc,start    ] GC(91) Pause Init Update Refs
[32.424s][info][gc,ergo     ] GC(91) Pacer for Update Refs. Used: 191M, Free: 783M, Non-Taxable: 80179K, Alloc Tax Rate: 1.1x
[32.424s][info][gc          ] GC(91) Pause Init Update Refs 0.048ms
[32.431s][info][gc,start    ] GC(91) Concurrent update references
[32.431s][info][gc,task     ] GC(91) Using 1 of 3 workers for concurrent reference update
[32.438s][info][gc          ] GC(91) Concurrent update references 6.174ms
[32.438s][info][gc,start    ] GC(91) Concurrent update thread roots
[32.438s][info][gc          ] GC(91) Concurrent update thread roots 0.612ms
[32.438s][info][gc,start    ] GC(91) Pause Final Update Refs
[32.438s][info][gc,task     ] GC(91) Using 3 of 3 workers for final reference update
[32.438s][info][gc          ] GC(91) Pause Final Update Refs 0.117ms
[32.446s][info][gc,start    ] GC(91) Concurrent cleanup
[32.446s][info][gc          ] GC(91) Concurrent cleanup 253M->118M(1024M) 0.055ms
[32.446s][info][gc,ergo     ] Free: 853M, Max: 512K regular, 583M humongous, Frag: 32% external, 0% internal; Reserve: 52736K, Max: 512K
[32.446s][info][gc,stats    ] 
[32.446s][info][gc,stats    ] All times are wall-clock times, except per-root-class counters, that are sum over
[32.446s][info][gc,stats    ] all workers. Dividing the <total> over the root stage time estimates parallelism.
[32.446s][info][gc,stats    ] 
[32.446s][info][gc,stats    ] Concurrent Reset                    517 us
[32.446s][info][gc,stats    ] Pause Init Mark (G)                8098 us
[32.446s][info][gc,stats    ] Pause Init Mark (N)                 137 us
[32.446s][info][gc,stats    ]   Update Region States               47 us
[32.446s][info][gc,stats    ] Concurrent Mark Roots               583 us, parallelism: 0.83x
[32.446s][info][gc,stats    ]   CMR: <total>                      486 us
[32.446s][info][gc,stats    ]   CMR: Thread Roots                 435 us, workers (us): 435, ---, ---, 
[32.446s][info][gc,stats    ]   CMR: VM Strong Roots                5 us, workers (us):   5, ---, ---, 
[32.447s][info][gc,stats    ]   CMR: CLDG Roots                    46 us, workers (us):  46, ---, ---, 
[32.447s][info][gc,stats    ] Concurrent Marking                 8389 us
[32.447s][info][gc,stats    ] Pause Final Mark (G)                487 us
[32.447s][info][gc,stats    ] Pause Final Mark (N)                357 us
[32.447s][info][gc,stats    ]   Finish Mark                        63 us
[32.447s][info][gc,stats    ]   Update Region States               50 us
[32.447s][info][gc,stats    ]   Choose Collection Set             143 us
[32.447s][info][gc,stats    ]   Rebuild Free Set                   19 us
[32.447s][info][gc,stats    ] Concurrent Thread Roots             499 us, parallelism: 0.87x
[32.447s][info][gc,stats    ]   CTR: <total>                      432 us
[32.447s][info][gc,stats    ]   CTR: Thread Roots                 432 us, workers (us): 432, ---, ---, 
[32.447s][info][gc,stats    ] Concurrent Weak References           62 us, parallelism: 0.17x
[32.447s][info][gc,stats    ]   CWRF: <total>                      10 us
[32.447s][info][gc,stats    ]   CWRF: Weak References              10 us, workers (us):  10, ---, ---, 
[32.447s][info][gc,stats    ] Concurrent Weak Roots               620 us
[32.447s][info][gc,stats    ]   Roots                             527 us, parallelism: 0.97x
[32.447s][info][gc,stats    ]     CWR: <total>                    509 us
[32.447s][info][gc,stats    ]     CWR: Code Cache Roots           404 us, workers (us): 404, ---, ---, 
[32.447s][info][gc,stats    ]     CWR: VM Weak Roots              102 us, workers (us): 102, ---, ---, 
[32.447s][info][gc,stats    ]     CWR: CLDG Roots                   3 us, workers (us):   3, ---, ---, 
[32.447s][info][gc,stats    ]   Rendezvous                         52 us
[32.447s][info][gc,stats    ] Concurrent Cleanup                   95 us
[32.447s][info][gc,stats    ] Concurrent Class Unloading         2538 us
[32.447s][info][gc,stats    ]   Unlink Stale                     1621 us
[32.447s][info][gc,stats    ]     System Dictionary                 2 us
[32.447s][info][gc,stats    ]     Weak Class Links                  0 us
[32.447s][info][gc,stats    ]     Code Roots                     1617 us
[32.447s][info][gc,stats    ]   Rendezvous                        805 us
[32.447s][info][gc,stats    ]   Purge Unlinked                     65 us
[32.447s][info][gc,stats    ]     Code Roots                       59 us
[32.447s][info][gc,stats    ]     CLDG                              5 us
[32.447s][info][gc,stats    ]     Exception Caches                  0 us
[32.447s][info][gc,stats    ] Concurrent Strong Roots              86 us, parallelism: 0.56x
[32.447s][info][gc,stats    ]   CSR: <total>                       48 us
[32.447s][info][gc,stats    ]   CSR: VM Strong Roots                5 us, workers (us):   5, ---, ---, 
[32.447s][info][gc,stats    ]   CSR: CLDG Roots                    44 us, workers (us):  44, ---, ---, 
[32.447s][info][gc,stats    ] Concurrent Evacuation              2196 us
[32.447s][info][gc,stats    ] Pause Init Update Refs (G)         7386 us
[32.447s][info][gc,stats    ] Pause Init Update Refs (N)           56 us
[32.447s][info][gc,stats    ]   Manage GCLABs                       3 us
[32.447s][info][gc,stats    ] Concurrent Update Refs             6238 us
[32.447s][info][gc,stats    ] Concurrent Update Thread Roots      629 us
[32.447s][info][gc,stats    ] Pause Final Update Refs (G)        8016 us
[32.447s][info][gc,stats    ] Pause Final Update Refs (N)         138 us
[32.447s][info][gc,stats    ]   Update Region States               43 us
[32.447s][info][gc,stats    ]   Trash Collection Set                9 us
[32.447s][info][gc,stats    ]   Rebuild Free Set                   16 us
[32.447s][info][gc,stats    ] Concurrent Cleanup                   64 us
[32.447s][info][gc,stats    ] Pacing                            62696 us
[32.447s][info][gc,stats    ] 
[32.447s][info][gc,stats    ] Allocation pacing accrued:
[32.447s][info][gc,stats    ]      10 of   316 ms (  3.1%): Thread-42
[32.447s][info][gc,stats    ]      10 of   316 ms (  3.1%): Thread-43
[32.447s][info][gc,stats    ]      11 of   316 ms (  3.3%): Thread-44
[32.447s][info][gc,stats    ]      11 of   316 ms (  3.6%): Thread-45
[32.447s][info][gc,stats    ]       9 of   316 ms (  3.0%): Thread-46
[32.447s][info][gc,stats    ]      12 of   316 ms (  3.7%): Thread-47
[32.447s][info][gc,stats    ]      63 of   316 ms ( 19.9%): <total>
[32.447s][info][gc,stats    ]       3 of   316 ms (  1.0%): <average total>
[32.447s][info][gc,stats    ]      10 of   316 ms (  3.3%): <average non-zero>
[32.447s][info][gc,stats    ] 
[32.447s][info][gc,metaspace] Metaspace: 6311K(6528K)->6311K(6528K) NonClass: 5705K(5824K)->5705K(5824K) Class: 606K(704K)->606K(704K)
[32.447s][info][gc,ergo     ] Pacer for Idle. Initial: 20971K, Alloc Tax Rate: 1.0x
[32.683s][info][gc          ] Trigger: Average GC time (65.75 ms) is above the time for average allocation rate (2626 MB/s) to deplete free headroom (132M) (margin of error = 1.75)
[32.683s][info][gc,ergo     ] Free headroom: 184M (free) - 52428K (spike) - 0B (penalties) = 132M
[32.683s][info][gc,ergo     ] Free: 184M, Max: 512K regular, 184M humongous, Frag: 0% external, 0% internal; Reserve: 52736K, Max: 512K
[32.683s][info][gc,start    ] GC(92) Concurrent reset
[32.683s][info][gc,task     ] GC(92) Using 1 of 3 workers for concurrent reset
[32.683s][info][gc,ergo     ] GC(92) Pacer for Reset. Non-Taxable: 1024M
[32.684s][info][gc          ] GC(92) Concurrent reset 0.614ms
[32.684s][info][gc,start    ] GC(92) Pause Init Mark (unload classes)
[32.684s][info][gc,task     ] GC(92) Using 3 of 3 workers for init marking
[32.684s][info][gc,ergo     ] GC(92) Pacer for Mark. Expected Live: 14257K, Free: 182M, Non-Taxable: 18688K, Alloc Tax Rate: 0.1x
[32.684s][info][gc          ] GC(92) Pause Init Mark (unload classes) 0.127ms
[32.688s][info][gc,start    ] GC(92) Concurrent marking roots
[32.688s][info][gc,task     ] GC(92) Using 1 of 3 workers for concurrent marking roots
[32.688s][info][gc          ] GC(92) Concurrent marking roots 0.563ms
[32.688s][info][gc,start    ] GC(92) Concurrent marking (unload classes)
[32.688s][info][gc,task     ] GC(92) Using 1 of 3 workers for concurrent marking
[32.697s][info][gc          ] GC(92) Concurrent marking (unload classes) 8.373ms
[32.697s][info][gc,start    ] GC(92) Pause Final Mark (unload classes)
[32.697s][info][gc,task     ] GC(92) Using 3 of 3 workers for final marking
[32.697s][info][gc,ergo     ] GC(92) Adaptive CSet Selection. Target Free: 145M, Actual Free: 743M, Max CSet: 43690K, Min Garbage: 0B
[32.697s][info][gc,ergo     ] GC(92) Collectable Garbage: 774M (99%), Immediate: 527M (68%), CSet: 246M (31%)
[32.697s][info][gc,ergo     ] GC(92) Pacer for Evacuation. Used CSet: 249M, Free: 692M, Non-Taxable: 70861K, Alloc Tax Rate: 1.1x
[32.697s][info][gc          ] GC(92) Pause Final Mark (unload classes) 0.430ms
[32.697s][info][gc,start    ] GC(92) Concurrent thread roots
[32.697s][info][gc,task     ] GC(92) Using 1 of 3 workers for Concurrent thread roots
[32.698s][info][gc          ] GC(92) Concurrent thread roots 1.062ms
[32.698s][info][gc,start    ] GC(92) Concurrent weak references
[32.698s][info][gc,task     ] GC(92) Using 1 of 3 workers for concurrent weak references
[32.698s][info][gc,ref      ] GC(92) Encountered references: Soft: 132, Weak: 434, Final: 9, Phantom: 21
[32.698s][info][gc,ref      ] GC(92) Discovered  references: Soft: 0, Weak: 234, Final: 7, Phantom: 14
[32.698s][info][gc,ref      ] GC(92) Enqueued    references: Soft: 0, Weak: 0, Final: 0, Phantom: 0
[32.698s][info][gc          ] GC(92) Concurrent weak references 0.062ms
[32.698s][info][gc,start    ] GC(92) Concurrent weak roots
[32.698s][info][gc,task     ] GC(92) Using 1 of 3 workers for concurrent weak root
[32.706s][info][gc          ] GC(92) Concurrent weak roots 8.067ms
[32.707s][info][gc,start    ] GC(92) Concurrent cleanup
[32.707s][info][gc          ] GC(92) Concurrent cleanup 827M->299M(1024M) 0.087ms
[32.707s][info][gc,ergo     ] GC(92) Free: 672M, Max: 512K regular, 157M humongous, Frag: 77% external, 0% internal; Reserve: 51712K, Max: 512K
[32.707s][info][gc,start    ] GC(92) Concurrent class unloading
[32.707s][info][gc,task     ] GC(92) Using 1 of 3 workers for concurrent class unloading
[32.715s][info][gc          ] GC(92) Concurrent class unloading 7.929ms
[32.715s][info][gc,start    ] GC(92) Concurrent strong roots
[32.715s][info][gc,task     ] GC(92) Using 1 of 3 workers for concurrent strong root
[32.715s][info][gc          ] GC(92) Concurrent strong roots 0.096ms
[32.715s][info][gc,start    ] GC(92) Concurrent evacuation
[32.715s][info][gc,task     ] GC(92) Using 1 of 3 workers for concurrent evacuation
[32.717s][info][gc          ] GC(92) Concurrent evacuation 2.666ms
[32.718s][info][gc,start    ] GC(92) Pause Init Update Refs
[32.718s][info][gc,ergo     ] GC(92) Pacer for Update Refs. Used: 325M, Free: 648M, Non-Taxable: 66406K, Alloc Tax Rate: 1.1x
[32.718s][info][gc          ] GC(92) Pause Init Update Refs 0.060ms
[32.727s][info][gc,start    ] GC(92) Concurrent update references
[32.728s][info][gc,task     ] GC(92) Using 1 of 3 workers for concurrent reference update
[32.734s][info][gc          ] GC(92) Concurrent update references 6.286ms
[32.734s][info][gc,start    ] GC(92) Concurrent update thread roots
[32.734s][info][gc          ] GC(92) Concurrent update thread roots 0.590ms
[32.734s][info][gc,start    ] GC(92) Pause Final Update Refs
[32.734s][info][gc,task     ] GC(92) Using 3 of 3 workers for final reference update
[32.735s][info][gc          ] GC(92) Pause Final Update Refs 0.112ms
[32.738s][info][gc,start    ] GC(92) Concurrent cleanup
[32.738s][info][gc          ] GC(92) Concurrent cleanup 367M->118M(1024M) 0.048ms
[32.738s][info][gc,ergo     ] Free: 853M, Max: 512K regular, 676M humongous, Frag: 21% external, 0% internal; Reserve: 52736K, Max: 512K
[32.738s][info][gc,stats    ] 
[32.738s][info][gc,stats    ] All times are wall-clock times, except per-root-class counters, that are sum over
[32.738s][info][gc,stats    ] all workers. Dividing the <total> over the root stage time estimates parallelism.
[32.738s][info][gc,stats    ] 
[32.738s][info][gc,stats    ] Concurrent Reset                    649 us
[32.738s][info][gc,stats    ] Pause Init Mark (G)                4089 us
[32.739s][info][gc,stats    ] Pause Init Mark (N)                 136 us
[32.739s][info][gc,stats    ]   Update Region States               47 us
[32.739s][info][gc,stats    ] Concurrent Mark Roots               579 us, parallelism: 0.83x
[32.739s][info][gc,stats    ]   CMR: <total>                      480 us
[32.739s][info][gc,stats    ]   CMR: Thread Roots                 431 us, workers (us): 431, ---, ---, 
[32.739s][info][gc,stats    ]   CMR: VM Strong Roots                6 us, workers (us):   6, ---, ---, 
[32.739s][info][gc,stats    ]   CMR: CLDG Roots                    44 us, workers (us):  44, ---, ---, 
[32.739s][info][gc,stats    ] Concurrent Marking                 8440 us
[32.739s][info][gc,stats    ] Pause Final Mark (G)                501 us
[32.739s][info][gc,stats    ] Pause Final Mark (N)                451 us
[32.739s][info][gc,stats    ]   Finish Mark                        56 us
[32.739s][info][gc,stats    ]   Update Region States               47 us
[32.739s][info][gc,stats    ]   Choose Collection Set             201 us
[32.739s][info][gc,stats    ]   Rebuild Free Set                   25 us
[32.739s][info][gc,stats    ] Concurrent Thread Roots            1071 us, parallelism: 0.93x
[32.739s][info][gc,stats    ]   CTR: <total>                      991 us
[32.739s][info][gc,stats    ]   CTR: Thread Roots                 991 us, workers (us): 991, ---, ---, 
[32.739s][info][gc,stats    ] Concurrent Weak References           69 us, parallelism: 0.14x
[32.739s][info][gc,stats    ]   CWRF: <total>                      10 us
[32.739s][info][gc,stats    ]   CWRF: Weak References              10 us, workers (us):  10, ---, ---, 
[32.739s][info][gc,stats    ] Concurrent Weak Roots              8114 us
[32.739s][info][gc,stats    ]   Roots                             563 us, parallelism: 0.95x
[32.739s][info][gc,stats    ]     CWR: <total>                    537 us
[32.739s][info][gc,stats    ]     CWR: Code Cache Roots           430 us, workers (us): 430, ---, ---, 
[32.739s][info][gc,stats    ]     CWR: VM Weak Roots              105 us, workers (us): 105, ---, ---, 
[32.739s][info][gc,stats    ]     CWR: CLDG Roots                   2 us, workers (us):   2, ---, ---, 
[32.739s][info][gc,stats    ]   Rendezvous                       7486 us
[32.739s][info][gc,stats    ] Concurrent Cleanup                   97 us
[32.739s][info][gc,stats    ] Concurrent Class Unloading         7979 us
[32.739s][info][gc,stats    ]   Unlink Stale                     1718 us
[32.739s][info][gc,stats    ]     System Dictionary                 3 us
[32.739s][info][gc,stats    ]     Weak Class Links                  0 us
[32.739s][info][gc,stats    ]     Code Roots                     1714 us
[32.739s][info][gc,stats    ]   Rendezvous                       6095 us
[32.739s][info][gc,stats    ]   Purge Unlinked                     96 us
[32.739s][info][gc,stats    ]     Code Roots                       90 us
[32.739s][info][gc,stats    ]     CLDG                              6 us
[32.739s][info][gc,stats    ]     Exception Caches                  0 us
[32.739s][info][gc,stats    ] Concurrent Strong Roots             104 us, parallelism: 0.56x
[32.739s][info][gc,stats    ]   CSR: <total>                       58 us
[32.739s][info][gc,stats    ]   CSR: VM Strong Roots                4 us, workers (us):   4, ---, ---, 
[32.739s][info][gc,stats    ]   CSR: CLDG Roots                    54 us, workers (us):  54, ---, ---, 
[32.739s][info][gc,stats    ] Concurrent Evacuation              2719 us
[32.739s][info][gc,stats    ] Pause Init Update Refs (G)        10016 us
[32.739s][info][gc,stats    ] Pause Init Update Refs (N)           70 us
[32.739s][info][gc,stats    ]   Manage GCLABs                       3 us
[32.739s][info][gc,stats    ] Concurrent Update Refs             6331 us
[32.739s][info][gc,stats    ] Concurrent Update Thread Roots      606 us
[32.739s][info][gc,stats    ] Pause Final Update Refs (G)        3949 us
[32.739s][info][gc,stats    ] Pause Final Update Refs (N)         123 us
[32.739s][info][gc,stats    ]   Update Region States               41 us
[32.739s][info][gc,stats    ]   Trash Collection Set               12 us
[32.739s][info][gc,stats    ]   Rebuild Free Set                   15 us
[32.739s][info][gc,stats    ] Concurrent Cleanup                   58 us
[32.739s][info][gc,stats    ] Pacing                           101176 us
[32.739s][info][gc,stats    ] 
[32.739s][info][gc,stats    ] Allocation pacing accrued:
[32.739s][info][gc,stats    ]      17 of   292 ms (  5.7%): Thread-42
[32.739s][info][gc,stats    ]      17 of   292 ms (  5.9%): Thread-43
[32.739s][info][gc,stats    ]      18 of   292 ms (  6.0%): Thread-44
[32.739s][info][gc,stats    ]      16 of   292 ms (  5.5%): Thread-45
[32.739s][info][gc,stats    ]      16 of   292 ms (  5.6%): Thread-46
[32.739s][info][gc,stats    ]      17 of   292 ms (  5.9%): Thread-47
[32.739s][info][gc,stats    ]     101 of   292 ms ( 34.6%): <total>
[32.739s][info][gc,stats    ]       5 of   292 ms (  1.8%): <average total>
[32.739s][info][gc,stats    ]      17 of   292 ms (  5.8%): <average non-zero>
[32.739s][info][gc,stats    ] 
[32.739s][info][gc,metaspace] Metaspace: 6311K(6528K)->6311K(6528K) NonClass: 5705K(5824K)->5705K(5824K) Class: 606K(704K)->606K(704K)
[32.739s][info][gc,ergo     ] Pacer for Idle. Initial: 20971K, Alloc Tax Rate: 1.0x
[33.015s][info][gc          ] Trigger: Average GC time (64.88 ms) is above the time for average allocation rate (2517 MB/s) to deplete free headroom (123M) (margin of error = 1.75)
[33.015s][info][gc,ergo     ] Free headroom: 174M (free) - 52428K (spike) - 0B (penalties) = 123M
[33.015s][info][gc,ergo     ] Free: 174M, Max: 512K regular, 145M humongous, Frag: 17% external, 0% internal; Reserve: 52736K, Max: 512K
[33.015s][info][gc,start    ] GC(93) Concurrent reset
[33.015s][info][gc,task     ] GC(93) Using 1 of 3 workers for concurrent reset
[33.015s][info][gc,ergo     ] GC(93) Pacer for Reset. Non-Taxable: 1024M
[33.016s][info][gc          ] GC(93) Concurrent reset 1.131ms
[33.016s][info][gc,start    ] GC(93) Pause Init Mark (unload classes)
[33.016s][info][gc,task     ] GC(93) Using 3 of 3 workers for init marking
[33.016s][info][gc,ergo     ] GC(93) Pacer for Mark. Expected Live: 14274K, Free: 170M, Non-Taxable: 17459K, Alloc Tax Rate: 0.1x
[33.016s][info][gc          ] GC(93) Pause Init Mark (unload classes) 0.123ms
[33.020s][info][gc,start    ] GC(93) Concurrent marking roots
[33.020s][info][gc,task     ] GC(93) Using 1 of 3 workers for concurrent marking roots
[33.021s][info][gc          ] GC(93) Concurrent marking roots 0.567ms
[33.021s][info][gc,start    ] GC(93) Concurrent marking (unload classes)
[33.021s][info][gc,task     ] GC(93) Using 1 of 3 workers for concurrent marking
[33.029s][info][gc          ] GC(93) Concurrent marking (unload classes) 7.970ms
[33.029s][info][gc,start    ] GC(93) Pause Final Mark (unload classes)
[33.029s][info][gc,task     ] GC(93) Using 3 of 3 workers for final marking
[33.029s][info][gc,ergo     ] GC(93) Adaptive CSet Selection. Target Free: 145M, Actual Free: 775M, Max CSet: 43690K, Min Garbage: 0B
[33.029s][info][gc,ergo     ] GC(93) Collectable Garbage: 786M (99%), Immediate: 570M (72%), CSet: 216M (27%)
[33.029s][info][gc,ergo     ] GC(93) Pacer for Evacuation. Used CSet: 218M, Free: 724M, Non-Taxable: 74138K, Alloc Tax Rate: 1.1x
[33.029s][info][gc          ] GC(93) Pause Final Mark (unload classes) 0.450ms
[33.029s][info][gc,start    ] GC(93) Concurrent thread roots
[33.029s][info][gc,task     ] GC(93) Using 1 of 3 workers for Concurrent thread roots
[33.030s][info][gc          ] GC(93) Concurrent thread roots 0.540ms
[33.030s][info][gc,start    ] GC(93) Concurrent weak references
[33.030s][info][gc,task     ] GC(93) Using 1 of 3 workers for concurrent weak references
[33.030s][info][gc,ref      ] GC(93) Encountered references: Soft: 132, Weak: 434, Final: 9, Phantom: 21
[33.030s][info][gc,ref      ] GC(93) Discovered  references: Soft: 0, Weak: 234, Final: 7, Phantom: 14
[33.030s][info][gc,ref      ] GC(93) Enqueued    references: Soft: 0, Weak: 0, Final: 0, Phantom: 0
[33.030s][info][gc          ] GC(93) Concurrent weak references 0.155ms
[33.030s][info][gc,start    ] GC(93) Concurrent weak roots
[33.030s][info][gc,task     ] GC(93) Using 1 of 3 workers for concurrent weak root
[33.031s][info][gc          ] GC(93) Concurrent weak roots 0.548ms
[33.031s][info][gc,start    ] GC(93) Concurrent cleanup
[33.031s][info][gc          ] GC(93) Concurrent cleanup 818M->250M(1024M) 0.116ms
[33.031s][info][gc,ergo     ] GC(93) Free: 721M, Max: 512K regular, 192M humongous, Frag: 74% external, 0% internal; Reserve: 52328K, Max: 512K
[33.031s][info][gc,start    ] GC(93) Concurrent class unloading
[33.031s][info][gc,task     ] GC(93) Using 1 of 3 workers for concurrent class unloading
[33.033s][info][gc          ] GC(93) Concurrent class unloading 1.746ms
[33.033s][info][gc,start    ] GC(93) Concurrent strong roots
[33.033s][info][gc,task     ] GC(93) Using 1 of 3 workers for concurrent strong root
[33.033s][info][gc          ] GC(93) Concurrent strong roots 0.085ms
[33.033s][info][gc,start    ] GC(93) Concurrent evacuation
[33.033s][info][gc,task     ] GC(93) Using 1 of 3 workers for concurrent evacuation
[33.035s][info][gc          ] GC(93) Concurrent evacuation 2.513ms
[33.035s][info][gc,start    ] GC(93) Pause Init Update Refs
[33.035s][info][gc,ergo     ] GC(93) Pacer for Update Refs. Used: 258M, Free: 715M, Non-Taxable: 73267K, Alloc Tax Rate: 1.1x
[33.035s][info][gc          ] GC(93) Pause Init Update Refs 0.048ms
[33.043s][info][gc,start    ] GC(93) Concurrent update references
[33.043s][info][gc,task     ] GC(93) Using 1 of 3 workers for concurrent reference update
[33.049s][info][gc          ] GC(93) Concurrent update references 5.630ms
[33.049s][info][gc,start    ] GC(93) Concurrent update thread roots
[33.049s][info][gc          ] GC(93) Concurrent update thread roots 0.547ms
[33.049s][info][gc,start    ] GC(93) Pause Final Update Refs
[33.050s][info][gc,task     ] GC(93) Using 3 of 3 workers for final reference update
[33.050s][info][gc          ] GC(93) Pause Final Update Refs 0.094ms
[33.051s][info][gc,start    ] GC(93) Concurrent cleanup
[33.051s][info][gc          ] GC(93) Concurrent cleanup 287M->69M(1024M) 0.046ms
[33.051s][info][gc,ergo     ] Free: 902M, Max: 512K regular, 650M humongous, Frag: 28% external, 0% internal; Reserve: 52736K, Max: 512K
[33.052s][info][gc,stats    ] 
[33.052s][info][gc,stats    ] All times are wall-clock times, except per-root-class counters, that are sum over
[33.052s][info][gc,stats    ] all workers. Dividing the <total> over the root stage time estimates parallelism.
[33.052s][info][gc,stats    ] 
[33.052s][info][gc,stats    ] Concurrent Reset                   1176 us
[33.052s][info][gc,stats    ] Pause Init Mark (G)                4006 us
[33.052s][info][gc,stats    ] Pause Init Mark (N)                 132 us
[33.052s][info][gc,stats    ]   Update Region States               53 us
[33.052s][info][gc,stats    ] Concurrent Mark Roots               578 us, parallelism: 0.86x
[33.052s][info][gc,stats    ]   CMR: <total>                      495 us
[33.052s][info][gc,stats    ]   CMR: Thread Roots                 446 us, workers (us): 446, ---, ---, 
[33.052s][info][gc,stats    ]   CMR: VM Strong Roots                6 us, workers (us):   6, ---, ---, 
[33.052s][info][gc,stats    ]   CMR: CLDG Roots                    43 us, workers (us):  43, ---, ---, 
[33.052s][info][gc,stats    ] Concurrent Marking                 8035 us
[33.052s][info][gc,stats    ] Pause Final Mark (G)                525 us
[33.052s][info][gc,stats    ] Pause Final Mark (N)                468 us
[33.052s][info][gc,stats    ]   Finish Mark                        67 us
[33.052s][info][gc,stats    ]   Update Region States               58 us
[33.052s][info][gc,stats    ]   Choose Collection Set             184 us
[33.052s][info][gc,stats    ]   Rebuild Free Set                   19 us
[33.052s][info][gc,stats    ] Concurrent Thread Roots             557 us, parallelism: 0.88x
[33.052s][info][gc,stats    ]   CTR: <total>                      492 us
[33.052s][info][gc,stats    ]   CTR: Thread Roots                 492 us, workers (us): 492, ---, ---, 
[33.052s][info][gc,stats    ] Concurrent Weak References          172 us, parallelism: 0.11x
[33.052s][info][gc,stats    ]   CWRF: <total>                      19 us
[33.052s][info][gc,stats    ]   CWRF: Weak References              19 us, workers (us):  19, ---, ---, 
[33.052s][info][gc,stats    ] Concurrent Weak Roots               569 us
[33.052s][info][gc,stats    ]   Roots                             479 us, parallelism: 0.93x
[33.052s][info][gc,stats    ]     CWR: <total>                    445 us
[33.052s][info][gc,stats    ]     CWR: Code Cache Roots           328 us, workers (us): 328, ---, ---, 
[33.052s][info][gc,stats    ]     CWR: VM Weak Roots              115 us, workers (us): 115, ---, ---, 
[33.052s][info][gc,stats    ]     CWR: CLDG Roots                   2 us, workers (us):   2, ---, ---, 
[33.052s][info][gc,stats    ]   Rendezvous                         36 us
[33.052s][info][gc,stats    ] Concurrent Cleanup                  125 us
[33.052s][info][gc,stats    ] Concurrent Class Unloading         1780 us
[33.052s][info][gc,stats    ]   Unlink Stale                     1588 us
[33.052s][info][gc,stats    ]     System Dictionary                 2 us
[33.052s][info][gc,stats    ]     Weak Class Links                  0 us
[33.052s][info][gc,stats    ]     Code Roots                     1584 us
[33.052s][info][gc,stats    ]   Rendezvous                         90 us
[33.052s][info][gc,stats    ]   Purge Unlinked                     51 us
[33.052s][info][gc,stats    ]     Code Roots                       47 us
[33.052s][info][gc,stats    ]     CLDG                              4 us
[33.052s][info][gc,stats    ]     Exception Caches                  0 us
[33.052s][info][gc,stats    ] Concurrent Strong Roots              93 us, parallelism: 0.54x
[33.052s][info][gc,stats    ]   CSR: <total>                       50 us
[33.052s][info][gc,stats    ]   CSR: VM Strong Roots                4 us, workers (us):   4, ---, ---, 
[33.052s][info][gc,stats    ]   CSR: CLDG Roots                    46 us, workers (us):  46, ---, ---, 
[33.052s][info][gc,stats    ] Concurrent Evacuation              2555 us
[33.052s][info][gc,stats    ] Pause Init Update Refs (G)         7957 us
[33.052s][info][gc,stats    ] Pause Init Update Refs (N)           58 us
[33.052s][info][gc,stats    ]   Manage GCLABs                       5 us
[33.052s][info][gc,stats    ] Concurrent Update Refs             5687 us
[33.052s][info][gc,stats    ] Concurrent Update Thread Roots      568 us
[33.052s][info][gc,stats    ] Pause Final Update Refs (G)        1975 us
[33.052s][info][gc,stats    ] Pause Final Update Refs (N)         134 us
[33.052s][info][gc,stats    ]   Update Region States               36 us
[33.052s][info][gc,stats    ]   Trash Collection Set               11 us
[33.052s][info][gc,stats    ]   Rebuild Free Set                   15 us
[33.052s][info][gc,stats    ] Concurrent Cleanup                   55 us
[33.052s][info][gc,stats    ] Pacing                            39442 us
[33.052s][info][gc,stats    ] 
[33.052s][info][gc,stats    ] Allocation pacing accrued:
[33.052s][info][gc,stats    ]       7 of   313 ms (  2.2%): Thread-42
[33.052s][info][gc,stats    ]       6 of   313 ms (  2.0%): Thread-43
[33.052s][info][gc,stats    ]       6 of   313 ms (  2.0%): Thread-44
[33.052s][info][gc,stats    ]       7 of   313 ms (  2.1%): Thread-45
[33.052s][info][gc,stats    ]       7 of   313 ms (  2.2%): Thread-46
[33.052s][info][gc,stats    ]       7 of   313 ms (  2.1%): Thread-47
[33.052s][info][gc,stats    ]      39 of   313 ms ( 12.6%): <total>
[33.052s][info][gc,stats    ]       2 of   313 ms (  0.7%): <average total>
[33.052s][info][gc,stats    ]       7 of   313 ms (  2.1%): <average non-zero>
[33.052s][info][gc,stats    ] 
[33.052s][info][gc,metaspace] Metaspace: 6311K(6528K)->6311K(6528K) NonClass: 5705K(5824K)->5705K(5824K) Class: 606K(704K)->606K(704K)
[33.052s][info][gc,ergo     ] Pacer for Idle. Initial: 20971K, Alloc Tax Rate: 1.0x
[33.505s][info][gc          ] Trigger: Average GC time (61.02 ms) is above the time for average allocation rate (1660 MB/s) to deplete free headroom (87351K) (margin of error = 1.74)
[33.505s][info][gc,ergo     ] Free headroom: 136M (free) - 52428K (spike) - 0B (penalties) = 87351K
[33.505s][info][gc,ergo     ] Free: 136M, Max: 512K regular, 136M humongous, Frag: 0% external, 0% internal; Reserve: 52736K, Max: 512K
[33.505s][info][gc,start    ] GC(94) Concurrent reset
[33.505s][info][gc,task     ] GC(94) Using 1 of 3 workers for concurrent reset
[33.505s][info][gc,ergo     ] GC(94) Pacer for Reset. Non-Taxable: 1024M
[33.506s][info][gc          ] GC(94) Concurrent reset 0.879ms
[33.506s][info][gc,start    ] GC(94) Pause Init Mark (unload classes)
[33.506s][info][gc,task     ] GC(94) Using 3 of 3 workers for init marking
[33.506s][info][gc,ergo     ] GC(94) Pacer for Mark. Expected Live: 14275K, Free: 135M, Non-Taxable: 13824K, Alloc Tax Rate: 0.1x
[33.506s][info][gc          ] GC(94) Pause Init Mark (unload classes) 0.155ms
[33.514s][info][gc,start    ] GC(94) Concurrent marking roots
[33.514s][info][gc,task     ] GC(94) Using 1 of 3 workers for concurrent marking roots
[33.515s][info][gc          ] GC(94) Concurrent marking roots 0.608ms
[33.515s][info][gc,start    ] GC(94) Concurrent marking (unload classes)
[33.515s][info][gc,task     ] GC(94) Using 1 of 3 workers for concurrent marking
[33.536s][info][gc          ] GC(94) Concurrent marking (unload classes) 21.740ms
[33.537s][info][gc,start    ] GC(94) Pause Final Mark (unload classes)
[33.537s][info][gc,task     ] GC(94) Using 3 of 3 workers for final marking
[33.537s][info][gc,ergo     ] GC(94) Adaptive CSet Selection. Target Free: 145M, Actual Free: 776M, Max CSet: 43690K, Min Garbage: 0B
[33.537s][info][gc,ergo     ] GC(94) Collectable Garbage: 822M (99%), Immediate: 627M (76%), CSet: 194M (23%)
[33.537s][info][gc,ergo     ] GC(94) Pacer for Evacuation. Used CSet: 197M, Free: 725M, Non-Taxable: 74240K, Alloc Tax Rate: 1.1x
[33.537s][info][gc          ] GC(94) Pause Final Mark (unload classes) 0.218ms
[33.537s][info][gc,start    ] GC(94) Concurrent thread roots
[33.537s][info][gc,task     ] GC(94) Using 1 of 3 workers for Concurrent thread roots
[33.537s][info][gc          ] GC(94) Concurrent thread roots 0.504ms
[33.537s][info][gc,start    ] GC(94) Concurrent weak references
[33.537s][info][gc,task     ] GC(94) Using 1 of 3 workers for concurrent weak references
[33.537s][info][gc,ref      ] GC(94) Encountered references: Soft: 132, Weak: 434, Final: 9, Phantom: 21
[33.537s][info][gc,ref      ] GC(94) Discovered  references: Soft: 0, Weak: 234, Final: 7, Phantom: 14
[33.537s][info][gc,ref      ] GC(94) Enqueued    references: Soft: 0, Weak: 0, Final: 0, Phantom: 0
[33.537s][info][gc          ] GC(94) Concurrent weak references 0.062ms
[33.537s][info][gc,start    ] GC(94) Concurrent weak roots
[33.537s][info][gc,task     ] GC(94) Using 1 of 3 workers for concurrent weak root
[33.547s][info][gc          ] GC(94) Concurrent weak roots 9.157ms
[33.547s][info][gc,start    ] GC(94) Concurrent cleanup
[33.547s][info][gc          ] GC(94) Concurrent cleanup 890M->263M(1024M) 0.091ms
[33.547s][info][gc,ergo     ] GC(94) Free: 709M, Max: 512K regular, 269M humongous, Frag: 63% external, 0% internal; Reserve: 51869K, Max: 512K
[33.547s][info][gc,start    ] GC(94) Concurrent class unloading
[33.547s][info][gc,task     ] GC(94) Using 1 of 3 workers for concurrent class unloading
[33.552s][info][gc          ] GC(94) Concurrent class unloading 5.636ms
[33.552s][info][gc,start    ] GC(94) Concurrent strong roots
[33.552s][info][gc,task     ] GC(94) Using 1 of 3 workers for concurrent strong root
[33.552s][info][gc          ] GC(94) Concurrent strong roots 0.089ms
[33.552s][info][gc,start    ] GC(94) Concurrent evacuation
[33.552s][info][gc,task     ] GC(94) Using 1 of 3 workers for concurrent evacuation
[33.555s][info][gc          ] GC(94) Concurrent evacuation 2.079ms
[33.555s][info][gc,start    ] GC(94) Pause Init Update Refs
[33.555s][info][gc,ergo     ] GC(94) Pacer for Update Refs. Used: 276M, Free: 698M, Non-Taxable: 71475K, Alloc Tax Rate: 1.1x
[33.555s][info][gc          ] GC(94) Pause Init Update Refs 0.064ms
[33.559s][info][gc,start    ] GC(94) Concurrent update references
[33.559s][info][gc,task     ] GC(94) Using 1 of 3 workers for concurrent reference update
[33.567s][info][gc          ] GC(94) Concurrent update references 7.918ms
[33.567s][info][gc,start    ] GC(94) Concurrent update thread roots
[33.567s][info][gc          ] GC(94) Concurrent update thread roots 0.600ms
[33.567s][info][gc,start    ] GC(94) Pause Final Update Refs
[33.567s][info][gc,task     ] GC(94) Using 3 of 3 workers for final reference update
[33.567s][info][gc          ] GC(94) Pause Final Update Refs 0.104ms
[33.571s][info][gc,start    ] GC(94) Concurrent cleanup
[33.571s][info][gc          ] GC(94) Concurrent cleanup 298M->101M(1024M) 0.043ms
[33.571s][info][gc,ergo     ] Free: 870M, Max: 512K regular, 723M humongous, Frag: 17% external, 0% internal; Reserve: 52736K, Max: 512K
[33.571s][info][gc,stats    ] 
[33.571s][info][gc,stats    ] All times are wall-clock times, except per-root-class counters, that are sum over
[33.571s][info][gc,stats    ] all workers. Dividing the <total> over the root stage time estimates parallelism.
[33.571s][info][gc,stats    ] 
[33.571s][info][gc,stats    ] Concurrent Reset                    932 us
[33.571s][info][gc,stats    ] Pause Init Mark (G)                8001 us
[33.571s][info][gc,stats    ] Pause Init Mark (N)                 165 us
[33.571s][info][gc,stats    ]   Update Region States               60 us
[33.571s][info][gc,stats    ] Concurrent Mark Roots               640 us, parallelism: 0.82x
[33.571s][info][gc,stats    ]   CMR: <total>                      528 us
[33.571s][info][gc,stats    ]   CMR: Thread Roots                 473 us, workers (us): 473, ---, ---, 
[33.571s][info][gc,stats    ]   CMR: VM Strong Roots                5 us, workers (us):   5, ---, ---, 
[33.571s][info][gc,stats    ]   CMR: CLDG Roots                    50 us, workers (us):  50, ---, ---, 
[33.571s][info][gc,stats    ] Concurrent Marking                21797 us
[33.571s][info][gc,stats    ] Pause Final Mark (G)                343 us
[33.571s][info][gc,stats    ] Pause Final Mark (N)                227 us
[33.571s][info][gc,stats    ]   Finish Mark                        38 us
[33.571s][info][gc,stats    ]   Update Region States               32 us
[33.571s][info][gc,stats    ]   Choose Collection Set              75 us
[33.571s][info][gc,stats    ]   Rebuild Free Set                    9 us
[33.571s][info][gc,stats    ] Concurrent Thread Roots             521 us, parallelism: 0.89x
[33.571s][info][gc,stats    ]   CTR: <total>                      463 us
[33.571s][info][gc,stats    ]   CTR: Thread Roots                 463 us, workers (us): 463, ---, ---, 
[33.571s][info][gc,stats    ] Concurrent Weak References           69 us, parallelism: 0.19x
[33.571s][info][gc,stats    ]   CWRF: <total>                      13 us
[33.571s][info][gc,stats    ]   CWRF: Weak References              13 us, workers (us):  13, ---, ---, 
[33.571s][info][gc,stats    ] Concurrent Weak Roots              9186 us
[33.571s][info][gc,stats    ]   Roots                             472 us, parallelism: 0.97x
[33.571s][info][gc,stats    ]     CWR: <total>                    456 us
[33.571s][info][gc,stats    ]     CWR: Code Cache Roots           350 us, workers (us): 350, ---, ---, 
[33.571s][info][gc,stats    ]     CWR: VM Weak Roots              103 us, workers (us): 103, ---, ---, 
[33.571s][info][gc,stats    ]     CWR: CLDG Roots                   3 us, workers (us):   3, ---, ---, 
[33.571s][info][gc,stats    ]   Rendezvous                       8668 us
[33.571s][info][gc,stats    ] Concurrent Cleanup                  100 us
[33.571s][info][gc,stats    ] Concurrent Class Unloading         5673 us
[33.571s][info][gc,stats    ]   Unlink Stale                     1606 us
[33.571s][info][gc,stats    ]     System Dictionary                 3 us
[33.571s][info][gc,stats    ]     Weak Class Links                  0 us
[33.572s][info][gc,stats    ]     Code Roots                     1603 us
[33.572s][info][gc,stats    ]   Rendezvous                       3917 us
[33.572s][info][gc,stats    ]   Purge Unlinked                     94 us
[33.572s][info][gc,stats    ]     Code Roots                       89 us
[33.572s][info][gc,stats    ]     CLDG                              4 us
[33.572s][info][gc,stats    ]     Exception Caches                  0 us
[33.572s][info][gc,stats    ] Concurrent Strong Roots              97 us, parallelism: 0.57x
[33.572s][info][gc,stats    ]   CSR: <total>                       56 us
[33.572s][info][gc,stats    ]   CSR: VM Strong Roots                5 us, workers (us):   5, ---, ---, 
[33.572s][info][gc,stats    ]   CSR: CLDG Roots                    51 us, workers (us):  51, ---, ---, 
[33.572s][info][gc,stats    ] Concurrent Evacuation              2155 us
[33.572s][info][gc,stats    ] Pause Init Update Refs (G)         3954 us
[33.572s][info][gc,stats    ] Pause Init Update Refs (N)           73 us
[33.572s][info][gc,stats    ]   Manage GCLABs                       3 us
[33.572s][info][gc,stats    ] Concurrent Update Refs             7969 us
[33.572s][info][gc,stats    ] Concurrent Update Thread Roots      617 us
[33.572s][info][gc,stats    ] Pause Final Update Refs (G)        3933 us
[33.572s][info][gc,stats    ] Pause Final Update Refs (N)         114 us
[33.572s][info][gc,stats    ]   Update Region States               39 us
[33.572s][info][gc,stats    ]   Trash Collection Set               11 us
[33.572s][info][gc,stats    ]   Rebuild Free Set                   16 us
[33.572s][info][gc,stats    ] Concurrent Cleanup                   53 us
[33.572s][info][gc,stats    ] Pacing                            43357 us
[33.572s][info][gc,stats    ] 
[33.572s][info][gc,stats    ] Allocation pacing accrued:
[33.572s][info][gc,stats    ]       7 of   520 ms (  1.3%): Thread-42
[33.572s][info][gc,stats    ]       7 of   520 ms (  1.3%): Thread-43
[33.572s][info][gc,stats    ]       6 of   520 ms (  1.2%): Thread-44
[33.572s][info][gc,stats    ]       8 of   520 ms (  1.6%): Thread-45
[33.572s][info][gc,stats    ]       7 of   520 ms (  1.4%): Thread-46
[33.572s][info][gc,stats    ]       8 of   520 ms (  1.6%): Thread-47
[33.572s][info][gc,stats    ]      43 of   520 ms (  8.3%): <total>
[33.572s][info][gc,stats    ]       2 of   520 ms (  0.4%): <average total>
[33.572s][info][gc,stats    ]       7 of   520 ms (  1.4%): <average non-zero>
[33.572s][info][gc,stats    ] 
[33.572s][info][gc,metaspace] Metaspace: 6311K(6528K)->6311K(6528K) NonClass: 5705K(5824K)->5705K(5824K) Class: 606K(704K)->606K(704K)
[33.572s][info][gc,ergo     ] Pacer for Idle. Initial: 20971K, Alloc Tax Rate: 1.0x
[33.900s][info][gc          ] Trigger: Average GC time (77.37 ms) is above the time for average allocation rate (2002 MB/s) to deplete free headroom (123M) (margin of error = 1.74)
[33.900s][info][gc,ergo     ] Free headroom: 174M (free) - 52428K (spike) - 0B (penalties) = 123M
[33.900s][info][gc,ergo     ] Free: 174M, Max: 512K regular, 94720K humongous, Frag: 47% external, 0% internal; Reserve: 52736K, Max: 512K
[33.900s][info][gc,start    ] GC(95) Concurrent reset
[33.900s][info][gc,task     ] GC(95) Using 1 of 3 workers for concurrent reset
[33.900s][info][gc,ergo     ] GC(95) Pacer for Reset. Non-Taxable: 1024M
[33.901s][info][gc          ] GC(95) Concurrent reset 0.885ms
[33.901s][info][gc,start    ] GC(95) Pause Init Mark (unload classes)
[33.901s][info][gc,task     ] GC(95) Using 3 of 3 workers for init marking
[33.901s][info][gc,ergo     ] GC(95) Pacer for Mark. Expected Live: 14286K, Free: 172M, Non-Taxable: 17613K, Alloc Tax Rate: 0.1x
[33.901s][info][gc          ] GC(95) Pause Init Mark (unload classes) 0.122ms
[33.907s][info][gc,start    ] GC(95) Concurrent marking roots
[33.907s][info][gc,task     ] GC(95) Using 1 of 3 workers for concurrent marking roots
[33.908s][info][gc          ] GC(95) Concurrent marking roots 0.610ms
[33.908s][info][gc,start    ] GC(95) Concurrent marking (unload classes)
[33.908s][info][gc,task     ] GC(95) Using 1 of 3 workers for concurrent marking
[33.915s][info][gc          ] GC(95) Concurrent marking (unload classes) 7.545ms
[33.915s][info][gc,start    ] GC(95) Pause Final Mark (unload classes)
[33.915s][info][gc,task     ] GC(95) Using 3 of 3 workers for final marking
[33.916s][info][gc,ergo     ] GC(95) Adaptive CSet Selection. Target Free: 145M, Actual Free: 867M, Max CSet: 43690K, Min Garbage: 0B
[33.916s][info][gc,ergo     ] GC(95) Collectable Garbage: 785M (99%), Immediate: 661M (84%), CSet: 124M (15%)
[33.916s][info][gc,ergo     ] GC(95) Pacer for Evacuation. Used CSet: 126M, Free: 816M, Non-Taxable: 83558K, Alloc Tax Rate: 1.1x
[33.916s][info][gc          ] GC(95) Pause Final Mark (unload classes) 0.408ms
[33.916s][info][gc,start    ] GC(95) Concurrent thread roots
[33.916s][info][gc,task     ] GC(95) Using 1 of 3 workers for Concurrent thread roots
[33.917s][info][gc          ] GC(95) Concurrent thread roots 0.970ms
[33.917s][info][gc,start    ] GC(95) Concurrent weak references
[33.917s][info][gc,task     ] GC(95) Using 1 of 3 workers for concurrent weak references
[33.917s][info][gc,ref      ] GC(95) Encountered references: Soft: 132, Weak: 434, Final: 9, Phantom: 21
[33.917s][info][gc,ref      ] GC(95) Discovered  references: Soft: 0, Weak: 234, Final: 7, Phantom: 14
[33.917s][info][gc,ref      ] GC(95) Enqueued    references: Soft: 0, Weak: 0, Final: 0, Phantom: 0
[33.917s][info][gc          ] GC(95) Concurrent weak references 0.066ms
[33.917s][info][gc,start    ] GC(95) Concurrent weak roots
[33.917s][info][gc,task     ] GC(95) Using 1 of 3 workers for concurrent weak root
[33.923s][info][gc          ] GC(95) Concurrent weak roots 6.521ms
[33.923s][info][gc,start    ] GC(95) Concurrent cleanup
[33.924s][info][gc          ] GC(95) Concurrent cleanup 832M->171M(1024M) 0.139ms
[33.924s][info][gc,ergo     ] GC(95) Free: 801M, Max: 512K regular, 421M humongous, Frag: 48% external, 0% internal; Reserve: 51292K, Max: 512K
[33.924s][info][gc,start    ] GC(95) Concurrent class unloading
[33.924s][info][gc,task     ] GC(95) Using 1 of 3 workers for concurrent class unloading
[33.929s][info][gc          ] GC(95) Concurrent class unloading 5.032ms
[33.929s][info][gc,start    ] GC(95) Concurrent strong roots
[33.929s][info][gc,task     ] GC(95) Using 1 of 3 workers for concurrent strong root
[33.929s][info][gc          ] GC(95) Concurrent strong roots 0.089ms
[33.929s][info][gc,start    ] GC(95) Concurrent evacuation
[33.929s][info][gc,task     ] GC(95) Using 1 of 3 workers for concurrent evacuation
[33.931s][info][gc          ] GC(95) Concurrent evacuation 1.793ms
[33.931s][info][gc,start    ] GC(95) Pause Init Update Refs
[33.931s][info][gc,ergo     ] GC(95) Pacer for Update Refs. Used: 185M, Free: 789M, Non-Taxable: 80794K, Alloc Tax Rate: 1.1x
[33.931s][info][gc          ] GC(95) Pause Init Update Refs 0.044ms
[33.932s][info][gc,start    ] GC(95) Concurrent update references
[33.932s][info][gc,task     ] GC(95) Using 1 of 3 workers for concurrent reference update
[33.937s][info][gc          ] GC(95) Concurrent update references 5.543ms
[33.937s][info][gc,start    ] GC(95) Concurrent update thread roots
[33.938s][info][gc          ] GC(95) Concurrent update thread roots 0.575ms
[33.938s][info][gc,start    ] GC(95) Pause Final Update Refs
[33.938s][info][gc,task     ] GC(95) Using 3 of 3 workers for final reference update
[33.938s][info][gc          ] GC(95) Pause Final Update Refs 0.085ms
[33.940s][info][gc,start    ] GC(95) Concurrent cleanup
[33.940s][info][gc          ] GC(95) Concurrent cleanup 201M->75M(1024M) 0.045ms
[33.940s][info][gc,ergo     ] Free: 896M, Max: 512K regular, 633M humongous, Frag: 30% external, 0% internal; Reserve: 52736K, Max: 512K
[33.940s][info][gc,stats    ] 
[33.940s][info][gc,stats    ] All times are wall-clock times, except per-root-class counters, that are sum over
[33.940s][info][gc,stats    ] all workers. Dividing the <total> over the root stage time estimates parallelism.
[33.940s][info][gc,stats    ] 
[33.940s][info][gc,stats    ] Concurrent Reset                    935 us
[33.940s][info][gc,stats    ] Pause Init Mark (G)                6071 us
[33.940s][info][gc,stats    ] Pause Init Mark (N)                 142 us
[33.940s][info][gc,stats    ]   Update Region States               47 us
[33.940s][info][gc,stats    ] Concurrent Mark Roots               622 us, parallelism: 0.84x
[33.940s][info][gc,stats    ]   CMR: <total>                      520 us
[33.940s][info][gc,stats    ]   CMR: Thread Roots                 470 us, workers (us): 470, ---, ---, 
[33.940s][info][gc,stats    ]   CMR: VM Strong Roots                6 us, workers (us):   6, ---, ---, 
[33.940s][info][gc,stats    ]   CMR: CLDG Roots                    45 us, workers (us):  45, ---, ---, 
[33.940s][info][gc,stats    ] Concurrent Marking                 7616 us
[33.940s][info][gc,stats    ] Pause Final Mark (G)                560 us
[33.940s][info][gc,stats    ] Pause Final Mark (N)                428 us
[33.940s][info][gc,stats    ]   Finish Mark                        53 us
[33.940s][info][gc,stats    ]   Update Region States               47 us
[33.940s][info][gc,stats    ]   Choose Collection Set             194 us
[33.940s][info][gc,stats    ]   Rebuild Free Set                   22 us
[33.940s][info][gc,stats    ] Concurrent Thread Roots             981 us, parallelism: 0.94x
[33.940s][info][gc,stats    ]   CTR: <total>                      918 us
[33.940s][info][gc,stats    ]   CTR: Thread Roots                 918 us, workers (us): 918, ---, ---, 
[33.940s][info][gc,stats    ] Concurrent Weak References           74 us, parallelism: 0.18x
[33.940s][info][gc,stats    ]   CWRF: <total>                      13 us
[33.940s][info][gc,stats    ]   CWRF: Weak References              13 us, workers (us):  13, ---, ---, 
[33.940s][info][gc,stats    ] Concurrent Weak Roots              6565 us
[33.940s][info][gc,stats    ]   Roots                             486 us, parallelism: 0.96x
[33.940s][info][gc,stats    ]     CWR: <total>                    468 us
[33.940s][info][gc,stats    ]     CWR: Code Cache Roots           362 us, workers (us): 362, ---, ---, 
[33.940s][info][gc,stats    ]     CWR: VM Weak Roots              104 us, workers (us): 104, ---, ---, 
[33.940s][info][gc,stats    ]     CWR: CLDG Roots                   2 us, workers (us):   2, ---, ---, 
[33.940s][info][gc,stats    ]   Rendezvous                       6016 us
[33.940s][info][gc,stats    ] Concurrent Cleanup                  149 us
[33.940s][info][gc,stats    ] Concurrent Class Unloading         5073 us
[33.940s][info][gc,stats    ]   Unlink Stale                     1777 us
[33.940s][info][gc,stats    ]     System Dictionary                 5 us
[33.940s][info][gc,stats    ]     Weak Class Links                  0 us
[33.940s][info][gc,stats    ]     Code Roots                     1772 us
[33.940s][info][gc,stats    ]   Rendezvous                       3158 us
[33.940s][info][gc,stats    ]   Purge Unlinked                     77 us
[33.940s][info][gc,stats    ]     Code Roots                       71 us
[33.940s][info][gc,stats    ]     CLDG                              5 us
[33.940s][info][gc,stats    ]     Exception Caches                  0 us
[33.940s][info][gc,stats    ] Concurrent Strong Roots              98 us, parallelism: 0.56x
[33.940s][info][gc,stats    ]   CSR: <total>                       54 us
[33.940s][info][gc,stats    ]   CSR: VM Strong Roots                4 us, workers (us):   4, ---, ---, 
[33.940s][info][gc,stats    ]   CSR: CLDG Roots                    51 us, workers (us):  51, ---, ---, 
[33.940s][info][gc,stats    ] Concurrent Evacuation              1837 us
[33.940s][info][gc,stats    ] Pause Init Update Refs (G)          974 us
[33.940s][info][gc,stats    ] Pause Init Update Refs (N)           53 us
[33.940s][info][gc,stats    ]   Manage GCLABs                       3 us
[33.940s][info][gc,stats    ] Concurrent Update Refs             5611 us
[33.940s][info][gc,stats    ] Concurrent Update Thread Roots      594 us
[33.940s][info][gc,stats    ] Pause Final Update Refs (G)        1944 us
[33.940s][info][gc,stats    ] Pause Final Update Refs (N)         122 us
[33.940s][info][gc,stats    ]   Update Region States               42 us
[33.940s][info][gc,stats    ]   Trash Collection Set                5 us
[33.940s][info][gc,stats    ]   Rebuild Free Set                   14 us
[33.940s][info][gc,stats    ] Concurrent Cleanup                   56 us
[33.940s][info][gc,stats    ] Pacing                            40022 us
[33.940s][info][gc,stats    ] 
[33.940s][info][gc,stats    ] Allocation pacing accrued:
[33.940s][info][gc,stats    ]       7 of   369 ms (  2.0%): Thread-42
[33.940s][info][gc,stats    ]       7 of   369 ms (  2.0%): Thread-43
[33.940s][info][gc,stats    ]       7 of   369 ms (  2.0%): Thread-44
[33.940s][info][gc,stats    ]       6 of   369 ms (  1.7%): Thread-45
[33.940s][info][gc,stats    ]       6 of   369 ms (  1.6%): Thread-46
[33.940s][info][gc,stats    ]       5 of   369 ms (  1.5%): Thread-47
[33.940s][info][gc,stats    ]      40 of   369 ms ( 10.9%): <total>
[33.940s][info][gc,stats    ]       2 of   369 ms (  0.6%): <average total>
[33.940s][info][gc,stats    ]       7 of   369 ms (  1.8%): <average non-zero>
[33.940s][info][gc,stats    ] 
[33.940s][info][gc,metaspace] Metaspace: 6311K(6528K)->6311K(6528K) NonClass: 5705K(5824K)->5705K(5824K) Class: 606K(704K)->606K(704K)
[33.940s][info][gc,ergo     ] Pacer for Idle. Initial: 20971K, Alloc Tax Rate: 1.0x
[34.279s][info][gc          ] Trigger: Average GC time (68.06 ms) is above the time for average allocation rate (2079 MB/s) to deplete free headroom (130M) (margin of error = 1.73)
[34.279s][info][gc,ergo     ] Free headroom: 182M (free) - 52428K (spike) - 0B (penalties) = 130M
[34.279s][info][gc,ergo     ] Free: 182M, Max: 512K regular, 182M humongous, Frag: 0% external, 0% internal; Reserve: 52736K, Max: 512K
[34.279s][info][gc,start    ] GC(96) Concurrent reset
[34.279s][info][gc,task     ] GC(96) Using 1 of 3 workers for concurrent reset
[34.279s][info][gc,ergo     ] GC(96) Pacer for Reset. Non-Taxable: 1024M
[34.280s][info][gc          ] GC(96) Concurrent reset 0.571ms
[34.280s][info][gc,start    ] GC(96) Pause Init Mark (unload classes)
[34.280s][info][gc,task     ] GC(96) Using 3 of 3 workers for init marking
[34.280s][info][gc,ergo     ] GC(96) Pacer for Mark. Expected Live: 14316K, Free: 180M, Non-Taxable: 18432K, Alloc Tax Rate: 0.1x
[34.280s][info][gc          ] GC(96) Pause Init Mark (unload classes) 0.131ms
[34.290s][info][gc,start    ] GC(96) Concurrent marking roots
[34.290s][info][gc,task     ] GC(96) Using 1 of 3 workers for concurrent marking roots
[34.290s][info][gc          ] GC(96) Concurrent marking roots 0.602ms
[34.290s][info][gc,start    ] GC(96) Concurrent marking (unload classes)
[34.290s][info][gc,task     ] GC(96) Using 1 of 3 workers for concurrent marking
[34.298s][info][gc          ] GC(96) Concurrent marking (unload classes) 8.202ms
[34.298s][info][gc,start    ] GC(96) Pause Final Mark (unload classes)
[34.299s][info][gc,task     ] GC(96) Using 3 of 3 workers for final marking
[34.299s][info][gc,ergo     ] GC(96) Adaptive CSet Selection. Target Free: 145M, Actual Free: 902M, Max CSet: 43690K, Min Garbage: 0B
[34.299s][info][gc,ergo     ] GC(96) Collectable Garbage: 777M (99%), Immediate: 694M (89%), CSet: 84587K (10%)
[34.299s][info][gc,ergo     ] GC(96) Pacer for Evacuation. Used CSet: 87040K, Free: 850M, Non-Taxable: 87091K, Alloc Tax Rate: 1.1x
[34.299s][info][gc          ] GC(96) Pause Final Mark (unload classes) 0.233ms
[34.299s][info][gc,start    ] GC(96) Concurrent thread roots
[34.299s][info][gc,task     ] GC(96) Using 1 of 3 workers for Concurrent thread roots
[34.299s][info][gc          ] GC(96) Concurrent thread roots 0.495ms
[34.299s][info][gc,start    ] GC(96) Concurrent weak references
[34.299s][info][gc,task     ] GC(96) Using 1 of 3 workers for concurrent weak references
[34.299s][info][gc,ref      ] GC(96) Encountered references: Soft: 132, Weak: 434, Final: 9, Phantom: 21
[34.299s][info][gc,ref      ] GC(96) Discovered  references: Soft: 0, Weak: 234, Final: 7, Phantom: 14
[34.299s][info][gc,ref      ] GC(96) Enqueued    references: Soft: 0, Weak: 0, Final: 0, Phantom: 0
[34.299s][info][gc          ] GC(96) Concurrent weak references 0.058ms
[34.299s][info][gc,start    ] GC(96) Concurrent weak roots
[34.299s][info][gc,task     ] GC(96) Using 1 of 3 workers for concurrent weak root
[34.300s][info][gc          ] GC(96) Concurrent weak roots 1.137ms
[34.301s][info][gc,start    ] GC(96) Concurrent cleanup
[34.301s][info][gc          ] GC(96) Concurrent cleanup 818M->124M(1024M) 0.097ms
[34.301s][info][gc,ergo     ] GC(96) Free: 847M, Max: 512K regular, 506M humongous, Frag: 41% external, 0% internal; Reserve: 52368K, Max: 512K
[34.301s][info][gc,start    ] GC(96) Concurrent class unloading
[34.301s][info][gc,task     ] GC(96) Using 1 of 3 workers for concurrent class unloading
[34.303s][info][gc          ] GC(96) Concurrent class unloading 1.907ms
[34.303s][info][gc,start    ] GC(96) Concurrent strong roots
[34.303s][info][gc,task     ] GC(96) Using 1 of 3 workers for concurrent strong root
[34.303s][info][gc          ] GC(96) Concurrent strong roots 0.085ms
[34.303s][info][gc,start    ] GC(96) Concurrent evacuation
[34.303s][info][gc,task     ] GC(96) Using 1 of 3 workers for concurrent evacuation
[34.304s][info][gc          ] GC(96) Concurrent evacuation 1.659ms
[34.304s][info][gc,start    ] GC(96) Pause Init Update Refs
[34.304s][info][gc,ergo     ] GC(96) Pacer for Update Refs. Used: 131M, Free: 842M, Non-Taxable: 86272K, Alloc Tax Rate: 1.1x
[34.304s][info][gc          ] GC(96) Pause Init Update Refs 0.035ms
[34.308s][info][gc,start    ] GC(96) Concurrent update references
[34.308s][info][gc,task     ] GC(96) Using 1 of 3 workers for concurrent reference update
[34.314s][info][gc          ] GC(96) Concurrent update references 6.011ms
[34.314s][info][gc,start    ] GC(96) Concurrent update thread roots
[34.315s][info][gc          ] GC(96) Concurrent update thread roots 0.558ms
[34.315s][info][gc,start    ] GC(96) Pause Final Update Refs
[34.315s][info][gc,task     ] GC(96) Using 3 of 3 workers for final reference update
[34.315s][info][gc          ] GC(96) Pause Final Update Refs 0.094ms
[34.317s][info][gc,start    ] GC(96) Concurrent cleanup
[34.317s][info][gc          ] GC(96) Concurrent cleanup 148M->63M(1024M) 0.030ms
[34.317s][info][gc,ergo     ] Free: 908M, Max: 512K regular, 678M humongous, Frag: 26% external, 0% internal; Reserve: 52736K, Max: 512K
[34.317s][info][gc,stats    ] 
[34.317s][info][gc,stats    ] All times are wall-clock times, except per-root-class counters, that are sum over
[34.317s][info][gc,stats    ] all workers. Dividing the <total> over the root stage time estimates parallelism.
[34.317s][info][gc,stats    ] 
[34.317s][info][gc,stats    ] Concurrent Reset                    605 us
[34.317s][info][gc,stats    ] Pause Init Mark (G)                9589 us
[34.317s][info][gc,stats    ] Pause Init Mark (N)                 141 us
[34.317s][info][gc,stats    ]   Update Region States               43 us
[34.317s][info][gc,stats    ] Concurrent Mark Roots               613 us, parallelism: 0.81x
[34.317s][info][gc,stats    ]   CMR: <total>                      499 us
[34.317s][info][gc,stats    ]   CMR: Thread Roots                 448 us, workers (us): 448, ---, ---, 
[34.317s][info][gc,stats    ]   CMR: VM Strong Roots                5 us, workers (us):   5, ---, ---, 
[34.317s][info][gc,stats    ]   CMR: CLDG Roots                    47 us, workers (us):  47, ---, ---, 
[34.317s][info][gc,stats    ] Concurrent Marking                 8251 us
[34.317s][info][gc,stats    ] Pause Final Mark (G)                369 us
[34.317s][info][gc,stats    ] Pause Final Mark (N)                242 us
[34.317s][info][gc,stats    ]   Finish Mark                        47 us
[34.317s][info][gc,stats    ]   Update Region States               37 us
[34.317s][info][gc,stats    ]   Choose Collection Set              75 us
[34.317s][info][gc,stats    ]   Rebuild Free Set                    8 us
[34.317s][info][gc,stats    ] Concurrent Thread Roots             510 us, parallelism: 0.87x
[34.317s][info][gc,stats    ]   CTR: <total>                      446 us
[34.317s][info][gc,stats    ]   CTR: Thread Roots                 446 us, workers (us): 446, ---, ---, 
[34.317s][info][gc,stats    ] Concurrent Weak References           65 us, parallelism: 0.15x
[34.317s][info][gc,stats    ]   CWRF: <total>                      10 us
[34.317s][info][gc,stats    ]   CWRF: Weak References              10 us, workers (us):  10, ---, ---, 
[34.317s][info][gc,stats    ] Concurrent Weak Roots              1150 us
[34.317s][info][gc,stats    ]   Roots                             476 us, parallelism: 0.96x
[34.317s][info][gc,stats    ]     CWR: <total>                    459 us
[34.317s][info][gc,stats    ]     CWR: Code Cache Roots           353 us, workers (us): 353, ---, ---, 
[34.317s][info][gc,stats    ]     CWR: VM Weak Roots              104 us, workers (us): 104, ---, ---, 
[34.317s][info][gc,stats    ]     CWR: CLDG Roots                   2 us, workers (us):   2, ---, ---, 
[34.317s][info][gc,stats    ]   Rendezvous                        646 us
[34.317s][info][gc,stats    ] Concurrent Cleanup                  105 us
[34.317s][info][gc,stats    ] Concurrent Class Unloading         1927 us
[34.317s][info][gc,stats    ]   Unlink Stale                     1556 us
[34.317s][info][gc,stats    ]     System Dictionary                 2 us
[34.317s][info][gc,stats    ]     Weak Class Links                  0 us
[34.317s][info][gc,stats    ]     Code Roots                     1553 us
[34.317s][info][gc,stats    ]   Rendezvous                        293 us
[34.317s][info][gc,stats    ]   Purge Unlinked                     42 us
[34.317s][info][gc,stats    ]     Code Roots                       38 us
[34.317s][info][gc,stats    ]     CLDG                              3 us
[34.317s][info][gc,stats    ]     Exception Caches                  0 us
[34.317s][info][gc,stats    ] Concurrent Strong Roots              93 us, parallelism: 0.60x
[34.317s][info][gc,stats    ]   CSR: <total>                       56 us
[34.317s][info][gc,stats    ]   CSR: VM Strong Roots                4 us, workers (us):   4, ---, ---, 
[34.317s][info][gc,stats    ]   CSR: CLDG Roots                    52 us, workers (us):  52, ---, ---, 
[34.317s][info][gc,stats    ] Concurrent Evacuation              1693 us
[34.317s][info][gc,stats    ] Pause Init Update Refs (G)         3917 us
[34.317s][info][gc,stats    ] Pause Init Update Refs (N)           43 us
[34.317s][info][gc,stats    ]   Manage GCLABs                       4 us
[34.317s][info][gc,stats    ] Concurrent Update Refs             6073 us
[34.317s][info][gc,stats    ] Concurrent Update Thread Roots      575 us
[34.317s][info][gc,stats    ] Pause Final Update Refs (G)        1984 us
[34.317s][info][gc,stats    ] Pause Final Update Refs (N)         114 us
[34.317s][info][gc,stats    ]   Update Region States               40 us
[34.317s][info][gc,stats    ]   Trash Collection Set                5 us
[34.317s][info][gc,stats    ]   Rebuild Free Set                   15 us
[34.317s][info][gc,stats    ] Concurrent Cleanup                   39 us
[34.317s][info][gc,stats    ] Pacing                            27362 us
[34.317s][info][gc,stats    ] 
[34.317s][info][gc,stats    ] Allocation pacing accrued:
[34.317s][info][gc,stats    ]       4 of   377 ms (  1.1%): Thread-42
[34.317s][info][gc,stats    ]       4 of   377 ms (  1.0%): Thread-43
[34.317s][info][gc,stats    ]       4 of   377 ms (  1.1%): Thread-44
[34.317s][info][gc,stats    ]       5 of   377 ms (  1.2%): Thread-45
[34.318s][info][gc,stats    ]       6 of   377 ms (  1.7%): Thread-46
[34.318s][info][gc,stats    ]       5 of   377 ms (  1.2%): Thread-47
[34.318s][info][gc,stats    ]      27 of   377 ms (  7.3%): <total>
[34.318s][info][gc,stats    ]       1 of   377 ms (  0.4%): <average total>
[34.318s][info][gc,stats    ]       5 of   377 ms (  1.2%): <average non-zero>
[34.318s][info][gc,stats    ] 
[34.318s][info][gc,metaspace] Metaspace: 6311K(6528K)->6311K(6528K) NonClass: 5705K(5824K)->5705K(5824K) Class: 606K(704K)->606K(704K)
[34.318s][info][gc,ergo     ] Pacer for Idle. Initial: 20971K, Alloc Tax Rate: 1.0x
[34.753s][info][gc          ] Trigger: Average GC time (59.31 ms) is above the time for average allocation rate (1781 MB/s) to deplete free headroom (92486K) (margin of error = 1.72)
[34.753s][info][gc,ergo     ] Free headroom: 141M (free) - 52428K (spike) - 0B (penalties) = 92486K
[34.753s][info][gc,ergo     ] Free: 141M, Max: 512K regular, 141M humongous, Frag: 0% external, 0% internal; Reserve: 52736K, Max: 512K
[34.753s][info][gc,start    ] GC(97) Concurrent reset
[34.753s][info][gc,task     ] GC(97) Using 1 of 3 workers for concurrent reset
[34.753s][info][gc,ergo     ] GC(97) Pacer for Reset. Non-Taxable: 1024M
[34.753s][info][gc          ] GC(97) Concurrent reset 0.395ms
[34.753s][info][gc,start    ] GC(97) Pause Init Mark (unload classes)
[34.753s][info][gc,task     ] GC(97) Using 3 of 3 workers for init marking
[34.753s][info][gc,ergo     ] GC(97) Pacer for Mark. Expected Live: 14304K, Free: 140M, Non-Taxable: 14389K, Alloc Tax Rate: 0.1x
[34.754s][info][gc          ] GC(97) Pause Init Mark (unload classes) 0.118ms
[34.759s][info][gc,start    ] GC(97) Concurrent marking roots
[34.759s][info][gc,task     ] GC(97) Using 1 of 3 workers for concurrent marking roots
[34.760s][info][gc          ] GC(97) Concurrent marking roots 0.584ms
[34.760s][info][gc,start    ] GC(97) Concurrent marking (unload classes)
[34.760s][info][gc,task     ] GC(97) Using 1 of 3 workers for concurrent marking
[34.767s][info][gc          ] GC(97) Concurrent marking (unload classes) 6.784ms
[34.767s][info][gc,start    ] GC(97) Pause Final Mark (unload classes)
[34.767s][info][gc,task     ] GC(97) Using 3 of 3 workers for final marking
[34.767s][info][gc,ergo     ] GC(97) Adaptive CSet Selection. Target Free: 145M, Actual Free: 857M, Max CSet: 43690K, Min Garbage: 0B
[34.767s][info][gc,ergo     ] GC(97) Collectable Garbage: 816M (99%), Immediate: 679M (83%), CSet: 137M (16%)
[34.767s][info][gc,ergo     ] GC(97) Pacer for Evacuation. Used CSet: 139M, Free: 805M, Non-Taxable: 82483K, Alloc Tax Rate: 1.1x
[34.767s][info][gc          ] GC(97) Pause Final Mark (unload classes) 0.413ms
[34.767s][info][gc,start    ] GC(97) Concurrent thread roots
[34.767s][info][gc,task     ] GC(97) Using 1 of 3 workers for Concurrent thread roots
[34.768s][info][gc          ] GC(97) Concurrent thread roots 1.090ms
[34.768s][info][gc,start    ] GC(97) Concurrent weak references
[34.768s][info][gc,task     ] GC(97) Using 1 of 3 workers for concurrent weak references
[34.768s][info][gc,ref      ] GC(97) Encountered references: Soft: 132, Weak: 434, Final: 9, Phantom: 21
[34.768s][info][gc,ref      ] GC(97) Discovered  references: Soft: 0, Weak: 234, Final: 7, Phantom: 14
[34.768s][info][gc,ref      ] GC(97) Enqueued    references: Soft: 0, Weak: 0, Final: 0, Phantom: 0
[34.768s][info][gc          ] GC(97) Concurrent weak references 0.063ms
[34.768s][info][gc,start    ] GC(97) Concurrent weak roots
[34.768s][info][gc,task     ] GC(97) Using 1 of 3 workers for concurrent weak root
[34.775s][info][gc          ] GC(97) Concurrent weak roots 6.083ms
[34.775s][info][gc,start    ] GC(97) Concurrent cleanup
[34.775s][info][gc          ] GC(97) Concurrent cleanup 857M->178M(1024M) 0.096ms
[34.775s][info][gc,ergo     ] GC(97) Free: 794M, Max: 512K regular, 452M humongous, Frag: 44% external, 0% internal; Reserve: 51200K, Max: 512K
[34.775s][info][gc,start    ] GC(97) Concurrent class unloading
[34.775s][info][gc,task     ] GC(97) Using 1 of 3 workers for concurrent class unloading
[34.785s][info][gc          ] GC(97) Concurrent class unloading 10.076ms
[34.785s][info][gc,start    ] GC(97) Concurrent strong roots
[34.785s][info][gc,task     ] GC(97) Using 1 of 3 workers for concurrent strong root
[34.785s][info][gc          ] GC(97) Concurrent strong roots 0.086ms
[34.785s][info][gc,start    ] GC(97) Concurrent evacuation
[34.785s][info][gc,task     ] GC(97) Using 1 of 3 workers for concurrent evacuation
[34.786s][info][gc          ] GC(97) Concurrent evacuation 1.536ms
[34.787s][info][gc,start    ] GC(97) Pause Init Update Refs
[34.787s][info][gc,ergo     ] GC(97) Pacer for Update Refs. Used: 199M, Free: 775M, Non-Taxable: 79411K, Alloc Tax Rate: 1.1x
[34.787s][info][gc          ] GC(97) Pause Init Update Refs 0.060ms
[34.788s][info][gc,start    ] GC(97) Concurrent update references
[34.788s][info][gc,task     ] GC(97) Using 1 of 3 workers for concurrent reference update
[34.793s][info][gc          ] GC(97) Concurrent update references 4.628ms
[34.793s][info][gc,start    ] GC(97) Concurrent update thread roots
[34.794s][info][gc          ] GC(97) Concurrent update thread roots 0.573ms
[34.794s][info][gc,start    ] GC(97) Pause Final Update Refs
[34.794s][info][gc,task     ] GC(97) Using 3 of 3 workers for final reference update
[34.794s][info][gc          ] GC(97) Pause Final Update Refs 0.091ms
[34.801s][info][gc,start    ] GC(97) Concurrent cleanup
[34.801s][info][gc          ] GC(97) Concurrent cleanup 223M->83M(1024M) 0.049ms
[34.801s][info][gc,ergo     ] Free: 888M, Max: 512K regular, 718M humongous, Frag: 20% external, 0% internal; Reserve: 52736K, Max: 512K
[34.801s][info][gc,stats    ] 
[34.801s][info][gc,stats    ] All times are wall-clock times, except per-root-class counters, that are sum over
[34.801s][info][gc,stats    ] all workers. Dividing the <total> over the root stage time estimates parallelism.
[34.801s][info][gc,stats    ] 
[34.801s][info][gc,stats    ] Concurrent Reset                    416 us
[34.801s][info][gc,stats    ] Pause Init Mark (G)                6046 us
[34.801s][info][gc,stats    ] Pause Init Mark (N)                 127 us
[34.801s][info][gc,stats    ]   Update Region States               41 us
[34.801s][info][gc,stats    ] Concurrent Mark Roots               595 us, parallelism: 0.86x
[34.801s][info][gc,stats    ]   CMR: <total>                      510 us
[34.801s][info][gc,stats    ]   CMR: Thread Roots                 459 us, workers (us): 459, ---, ---, 
[34.801s][info][gc,stats    ]   CMR: VM Strong Roots                6 us, workers (us):   6, ---, ---, 
[34.801s][info][gc,stats    ]   CMR: CLDG Roots                    45 us, workers (us):  45, ---, ---, 
[34.801s][info][gc,stats    ] Concurrent Marking                 6852 us
[34.801s][info][gc,stats    ] Pause Final Mark (G)                484 us
[34.801s][info][gc,stats    ] Pause Final Mark (N)                434 us
[34.801s][info][gc,stats    ]   Finish Mark                        65 us
[34.801s][info][gc,stats    ]   Update Region States               51 us
[34.801s][info][gc,stats    ]   Choose Collection Set             162 us
[34.801s][info][gc,stats    ]   Rebuild Free Set                   24 us
[34.801s][info][gc,stats    ] Concurrent Thread Roots            1099 us, parallelism: 0.92x
[34.801s][info][gc,stats    ]   CTR: <total>                     1016 us
[34.801s][info][gc,stats    ]   CTR: Thread Roots                1016 us, workers (us): 1016, ---, ---, 
[34.801s][info][gc,stats    ] Concurrent Weak References           70 us, parallelism: 0.14x
[34.801s][info][gc,stats    ]   CWRF: <total>                      10 us
[34.801s][info][gc,stats    ]   CWRF: Weak References              10 us, workers (us):  10, ---, ---, 
[34.801s][info][gc,stats    ] Concurrent Weak Roots              6125 us
[34.801s][info][gc,stats    ]   Roots                             547 us, parallelism: 0.94x
[34.801s][info][gc,stats    ]     CWR: <total>                    515 us
[34.801s][info][gc,stats    ]     CWR: Code Cache Roots           389 us, workers (us): 389, ---, ---, 
[34.801s][info][gc,stats    ]     CWR: VM Weak Roots              123 us, workers (us): 123, ---, ---, 
[34.801s][info][gc,stats    ]     CWR: CLDG Roots                   3 us, workers (us):   3, ---, ---, 
[34.801s][info][gc,stats    ]   Rendezvous                       5519 us
[34.801s][info][gc,stats    ] Concurrent Cleanup                  105 us
[34.801s][info][gc,stats    ] Concurrent Class Unloading        10145 us
[34.801s][info][gc,stats    ]   Unlink Stale                     1689 us
[34.801s][info][gc,stats    ]     System Dictionary                 3 us
[34.801s][info][gc,stats    ]     Weak Class Links                  0 us
[34.801s][info][gc,stats    ]     Code Roots                     1685 us
[34.801s][info][gc,stats    ]   Rendezvous                       8256 us
[34.801s][info][gc,stats    ]   Purge Unlinked                    100 us
[34.801s][info][gc,stats    ]     Code Roots                       95 us
[34.801s][info][gc,stats    ]     CLDG                              4 us
[34.801s][info][gc,stats    ]     Exception Caches                  0 us
[34.801s][info][gc,stats    ] Concurrent Strong Roots              95 us, parallelism: 0.54x
[34.801s][info][gc,stats    ]   CSR: <total>                       52 us
[34.801s][info][gc,stats    ]   CSR: VM Strong Roots                4 us, workers (us):   4, ---, ---, 
[34.801s][info][gc,stats    ]   CSR: CLDG Roots                    47 us, workers (us):  47, ---, ---, 
[34.801s][info][gc,stats    ] Concurrent Evacuation              1575 us
[34.801s][info][gc,stats    ] Pause Init Update Refs (G)         1957 us
[34.801s][info][gc,stats    ] Pause Init Update Refs (N)           68 us
[34.801s][info][gc,stats    ]   Manage GCLABs                       3 us
[34.801s][info][gc,stats    ] Concurrent Update Refs             4664 us
[34.801s][info][gc,stats    ] Concurrent Update Thread Roots      589 us
[34.801s][info][gc,stats    ] Pause Final Update Refs (G)        6946 us
[34.801s][info][gc,stats    ] Pause Final Update Refs (N)         110 us
[34.801s][info][gc,stats    ]   Update Region States               40 us
[34.801s][info][gc,stats    ]   Trash Collection Set                7 us
[34.801s][info][gc,stats    ]   Rebuild Free Set                   15 us
[34.801s][info][gc,stats    ] Concurrent Cleanup                   59 us
[34.801s][info][gc,stats    ] Pacing                            43813 us
[34.801s][info][gc,stats    ] 
[34.801s][info][gc,stats    ] Allocation pacing accrued:
[34.801s][info][gc,stats    ]       8 of   484 ms (  1.6%): Thread-42
[34.801s][info][gc,stats    ]       7 of   484 ms (  1.4%): Thread-43
[34.801s][info][gc,stats    ]       7 of   484 ms (  1.5%): Thread-44
[34.801s][info][gc,stats    ]       7 of   484 ms (  1.5%): Thread-45
[34.801s][info][gc,stats    ]       7 of   484 ms (  1.5%): Thread-46
[34.801s][info][gc,stats    ]       8 of   484 ms (  1.6%): Thread-47
[34.801s][info][gc,stats    ]      44 of   484 ms (  9.1%): <total>
[34.801s][info][gc,stats    ]       2 of   484 ms (  0.5%): <average total>
[34.801s][info][gc,stats    ]       7 of   484 ms (  1.5%): <average non-zero>
[34.801s][info][gc,stats    ] 
[34.801s][info][gc,metaspace] Metaspace: 6311K(6528K)->6311K(6528K) NonClass: 5705K(5824K)->5705K(5824K) Class: 606K(704K)->606K(704K)
[34.801s][info][gc,ergo     ] Pacer for Idle. Initial: 20971K, Alloc Tax Rate: 1.0x
[35.164s][info][gc          ] Trigger: Average GC time (57.89 ms) is above the time for average allocation rate (1960 MB/s) to deplete free headroom (91447K) (margin of error = 1.72)
[35.164s][info][gc,ergo     ] Free headroom: 140M (free) - 52428K (spike) - 0B (penalties) = 91447K
[35.164s][info][gc,ergo     ] Free: 140M, Max: 512K regular, 114M humongous, Frag: 19% external, 0% internal; Reserve: 52736K, Max: 512K
[35.164s][info][gc,start    ] GC(98) Concurrent reset
[35.164s][info][gc,task     ] GC(98) Using 1 of 3 workers for concurrent reset
[35.164s][info][gc,ergo     ] GC(98) Pacer for Reset. Non-Taxable: 1024M
[35.165s][info][gc          ] GC(98) Concurrent reset 0.683ms
[35.165s][info][gc,start    ] GC(98) Pause Init Mark (unload classes)
[35.165s][info][gc,task     ] GC(98) Using 3 of 3 workers for init marking
[35.165s][info][gc,ergo     ] GC(98) Pacer for Mark. Expected Live: 14281K, Free: 139M, Non-Taxable: 14285K, Alloc Tax Rate: 0.1x
[35.165s][info][gc          ] GC(98) Pause Init Mark (unload classes) 0.195ms
[35.170s][info][gc,start    ] GC(98) Concurrent marking roots
[35.170s][info][gc,task     ] GC(98) Using 1 of 3 workers for concurrent marking roots
[35.171s][info][gc          ] GC(98) Concurrent marking roots 0.597ms
[35.171s][info][gc,start    ] GC(98) Concurrent marking (unload classes)
[35.171s][info][gc,task     ] GC(98) Using 1 of 3 workers for concurrent marking
[35.177s][info][gc          ] GC(98) Concurrent marking (unload classes) 6.006ms
[35.177s][info][gc,start    ] GC(98) Pause Final Mark (unload classes)
[35.177s][info][gc,task     ] GC(98) Using 3 of 3 workers for final marking
[35.177s][info][gc,ergo     ] GC(98) Collectable Garbage: 795M (97%), Immediate: 795M (97%), CSet: 0B (0%)
[35.177s][info][gc          ] GC(98) Pause Final Mark (unload classes) 0.307ms
[35.177s][info][gc,start    ] GC(98) Concurrent weak references
[35.177s][info][gc,task     ] GC(98) Using 1 of 3 workers for concurrent weak references
[35.177s][info][gc,ref      ] GC(98) Encountered references: Soft: 132, Weak: 434, Final: 9, Phantom: 21
[35.177s][info][gc,ref      ] GC(98) Discovered  references: Soft: 0, Weak: 234, Final: 7, Phantom: 14
[35.178s][info][gc,ref      ] GC(98) Enqueued    references: Soft: 0, Weak: 0, Final: 0, Phantom: 0
[35.178s][info][gc          ] GC(98) Concurrent weak references 0.072ms
[35.178s][info][gc,start    ] GC(98) Concurrent weak roots
[35.178s][info][gc,task     ] GC(98) Using 1 of 3 workers for concurrent weak root
[35.178s][info][gc          ] GC(98) Concurrent weak roots 0.503ms
[35.178s][info][gc,start    ] GC(98) Concurrent cleanup
[35.178s][info][gc          ] GC(98) Concurrent cleanup 845M->50M(1024M) 0.113ms
[35.178s][info][gc,ergo     ] GC(98) Free: 921M, Max: 512K regular, 645M humongous, Frag: 30% external, 0% internal; Reserve: 52736K, Max: 512K
[35.178s][info][gc,start    ] GC(98) Concurrent class unloading
[35.178s][info][gc,task     ] GC(98) Using 1 of 3 workers for concurrent class unloading
[35.180s][info][gc          ] GC(98) Concurrent class unloading 1.517ms
[35.180s][info][gc,start    ] GC(98) Pause Final Roots
[35.180s][info][gc          ] GC(98) Pause Final Roots 0.022ms
[35.180s][info][gc,ergo     ] Free: 921M, Max: 512K regular, 645M humongous, Frag: 30% external, 0% internal; Reserve: 52736K, Max: 512K
[35.180s][info][gc,stats    ] 
[35.180s][info][gc,stats    ] All times are wall-clock times, except per-root-class counters, that are sum over
[35.180s][info][gc,stats    ] all workers. Dividing the <total> over the root stage time estimates parallelism.
[35.180s][info][gc,stats    ] 
[35.180s][info][gc,stats    ] Concurrent Reset                    724 us
[35.180s][info][gc,stats    ] Pause Init Mark (G)                5456 us
[35.180s][info][gc,stats    ] Pause Init Mark (N)                 207 us
[35.180s][info][gc,stats    ]   Update Region States               49 us
[35.180s][info][gc,stats    ] Concurrent Mark Roots               624 us, parallelism: 0.81x
[35.180s][info][gc,stats    ]   CMR: <total>                      503 us
[35.180s][info][gc,stats    ]   CMR: Thread Roots                 447 us, workers (us): 447, ---, ---, 
[35.180s][info][gc,stats    ]   CMR: VM Strong Roots                6 us, workers (us):   6, ---, ---, 
[35.180s][info][gc,stats    ]   CMR: CLDG Roots                    51 us, workers (us):  51, ---, ---, 
[35.180s][info][gc,stats    ] Concurrent Marking                 6052 us
[35.180s][info][gc,stats    ] Pause Final Mark (G)                382 us
[35.180s][info][gc,stats    ] Pause Final Mark (N)                330 us
[35.180s][info][gc,stats    ]   Finish Mark                        59 us
[35.180s][info][gc,stats    ]   Update Region States               51 us
[35.180s][info][gc,stats    ]   Choose Collection Set              76 us
[35.180s][info][gc,stats    ]   Rebuild Free Set                   21 us
[35.180s][info][gc,stats    ] Concurrent Weak References           79 us, parallelism: 0.06x
[35.180s][info][gc,stats    ]   CWRF: <total>                       5 us
[35.180s][info][gc,stats    ]   CWRF: Weak References               5 us, workers (us):   5, ---, ---, 
[35.180s][info][gc,stats    ] Concurrent Weak Roots               513 us
[35.180s][info][gc,stats    ]   Roots                             438 us, parallelism: 0.94x
[35.180s][info][gc,stats    ]     CWR: <total>                    414 us
[35.180s][info][gc,stats    ]     CWR: Code Cache Roots           352 us, workers (us): 352, ---, ---, 
[35.180s][info][gc,stats    ]     CWR: VM Weak Roots               60 us, workers (us):  60, ---, ---, 
[35.180s][info][gc,stats    ]     CWR: CLDG Roots                   2 us, workers (us):   2, ---, ---, 
[35.180s][info][gc,stats    ]   Rendezvous                         49 us
[35.180s][info][gc,stats    ] Concurrent Cleanup                  121 us
[35.180s][info][gc,stats    ] Concurrent Class Unloading         1529 us
[35.180s][info][gc,stats    ]   Unlink Stale                     1440 us
[35.180s][info][gc,stats    ]     System Dictionary                 2 us
[35.180s][info][gc,stats    ]     Weak Class Links                  0 us
[35.180s][info][gc,stats    ]     Code Roots                     1437 us
[35.180s][info][gc,stats    ]   Rendezvous                         23 us
[35.180s][info][gc,stats    ]   Purge Unlinked                     39 us
[35.180s][info][gc,stats    ]     Code Roots                       35 us
[35.180s][info][gc,stats    ]     CLDG                              3 us
[35.180s][info][gc,stats    ]     Exception Caches                  0 us
[35.180s][info][gc,stats    ] Pause Final Roots (G)                52 us
[35.180s][info][gc,stats    ] Pause Final Roots (N)                30 us
[35.180s][info][gc,stats    ] Pacing                            30958 us
[35.180s][info][gc,stats    ] 
[35.180s][info][gc,stats    ] Allocation pacing accrued:
[35.180s][info][gc,stats    ]      15 of   379 ms (  3.9%): Thread-42
[35.180s][info][gc,stats    ]       5 of   379 ms (  1.3%): Thread-43
[35.180s][info][gc,stats    ]      14 of   379 ms (  3.7%): Thread-44
[35.180s][info][gc,stats    ]       6 of   379 ms (  1.6%): Thread-45
[35.180s][info][gc,stats    ]      14 of   379 ms (  3.7%): Thread-46
[35.180s][info][gc,stats    ]      14 of   379 ms (  3.6%): Thread-47
[35.180s][info][gc,stats    ]      68 of   379 ms ( 17.8%): <total>
[35.180s][info][gc,stats    ]       4 of   379 ms (  0.9%): <average total>
[35.180s][info][gc,stats    ]      11 of   379 ms (  3.0%): <average non-zero>
[35.180s][info][gc,stats    ] 
[35.180s][info][gc,metaspace] Metaspace: 6311K(6528K)->6311K(6528K) NonClass: 5705K(5824K)->5705K(5824K) Class: 606K(704K)->606K(704K)
[35.180s][info][gc,ergo     ] Pacer for Idle. Initial: 20971K, Alloc Tax Rate: 1.0x
[35.558s][info][gc          ] Trigger: Average GC time (57.12 ms) is above the time for average allocation rate (1978 MB/s) to deplete free headroom (101M) (margin of error = 1.70)
[35.558s][info][gc,ergo     ] Free headroom: 152M (free) - 52428K (spike) - 0B (penalties) = 101M
[35.558s][info][gc,ergo     ] Free: 152M, Max: 512K regular, 152M humongous, Frag: 0% external, 0% internal; Reserve: 52736K, Max: 512K
[35.558s][info][gc,start    ] GC(99) Concurrent reset
[35.558s][info][gc,task     ] GC(99) Using 1 of 3 workers for concurrent reset
[35.558s][info][gc,ergo     ] GC(99) Pacer for Reset. Non-Taxable: 1024M
[35.558s][info][gc          ] GC(99) Concurrent reset 0.200ms
[35.558s][info][gc,start    ] GC(99) Pause Init Mark (unload classes)
[35.558s][info][gc,task     ] GC(99) Using 3 of 3 workers for init marking
[35.558s][info][gc,ergo     ] GC(99) Pacer for Mark. Expected Live: 14259K, Free: 152M, Non-Taxable: 15565K, Alloc Tax Rate: 0.1x
[35.558s][info][gc          ] GC(99) Pause Init Mark (unload classes) 0.141ms
[35.564s][info][gc,start    ] GC(99) Concurrent marking roots
[35.564s][info][gc,task     ] GC(99) Using 1 of 3 workers for concurrent marking roots
[35.565s][info][gc          ] GC(99) Concurrent marking roots 0.607ms
[35.565s][info][gc,start    ] GC(99) Concurrent marking (unload classes)
[35.565s][info][gc,task     ] GC(99) Using 1 of 3 workers for concurrent marking
[35.572s][info][gc          ] GC(99) Concurrent marking (unload classes) 7.083ms
[35.572s][info][gc,start    ] GC(99) Pause Final Mark (unload classes)
[35.572s][info][gc,task     ] GC(99) Using 3 of 3 workers for final marking
[35.572s][info][gc,ergo     ] GC(99) Adaptive CSet Selection. Target Free: 145M, Actual Free: 873M, Max CSet: 43690K, Min Garbage: 0B
[35.572s][info][gc,ergo     ] GC(99) Collectable Garbage: 805M (99%), Immediate: 685M (85%), CSet: 120M (14%)
[35.572s][info][gc,ergo     ] GC(99) Pacer for Evacuation. Used CSet: 122M, Free: 822M, Non-Taxable: 84173K, Alloc Tax Rate: 1.1x
[35.572s][info][gc          ] GC(99) Pause Final Mark (unload classes) 0.382ms
[35.572s][info][gc,start    ] GC(99) Concurrent thread roots
[35.572s][info][gc,task     ] GC(99) Using 1 of 3 workers for Concurrent thread roots
[35.573s][info][gc          ] GC(99) Concurrent thread roots 0.949ms
[35.573s][info][gc,start    ] GC(99) Concurrent weak references
[35.573s][info][gc,task     ] GC(99) Using 1 of 3 workers for concurrent weak references
[35.573s][info][gc,ref      ] GC(99) Encountered references: Soft: 132, Weak: 434, Final: 9, Phantom: 21
[35.573s][info][gc,ref      ] GC(99) Discovered  references: Soft: 0, Weak: 234, Final: 7, Phantom: 14
[35.573s][info][gc,ref      ] GC(99) Enqueued    references: Soft: 0, Weak: 0, Final: 0, Phantom: 0
[35.573s][info][gc          ] GC(99) Concurrent weak references 0.067ms
[35.573s][info][gc,start    ] GC(99) Concurrent weak roots
[35.573s][info][gc,task     ] GC(99) Using 1 of 3 workers for concurrent weak root
[35.579s][info][gc          ] GC(99) Concurrent weak roots 5.819ms
[35.579s][info][gc,start    ] GC(99) Concurrent cleanup
[35.579s][info][gc          ] GC(99) Concurrent cleanup 851M->167M(1024M) 0.175ms
[35.579s][info][gc,ergo     ] GC(99) Free: 805M, Max: 512K regular, 320M humongous, Frag: 61% external, 0% internal; Reserve: 51865K, Max: 512K
[35.579s][info][gc,start    ] GC(99) Concurrent class unloading
[35.579s][info][gc,task     ] GC(99) Using 1 of 3 workers for concurrent class unloading
[35.589s][info][gc          ] GC(99) Concurrent class unloading 9.941ms
[35.589s][info][gc,start    ] GC(99) Concurrent strong roots
[35.589s][info][gc,task     ] GC(99) Using 1 of 3 workers for concurrent strong root
[35.589s][info][gc          ] GC(99) Concurrent strong roots 0.088ms
[35.589s][info][gc,start    ] GC(99) Concurrent evacuation
[35.589s][info][gc,task     ] GC(99) Using 1 of 3 workers for concurrent evacuation
[35.591s][info][gc          ] GC(99) Concurrent evacuation 1.883ms
[35.591s][info][gc,start    ] GC(99) Pause Init Update Refs
[35.591s][info][gc,ergo     ] GC(99) Pacer for Update Refs. Used: 194M, Free: 779M, Non-Taxable: 79821K, Alloc Tax Rate: 1.1x
[35.591s][info][gc          ] GC(99) Pause Init Update Refs 0.060ms
[35.595s][info][gc,start    ] GC(99) Concurrent update references
[35.595s][info][gc,task     ] GC(99) Using 1 of 3 workers for concurrent reference update
[35.600s][info][gc          ] GC(99) Concurrent update references 5.047ms
[35.600s][info][gc,start    ] GC(99) Concurrent update thread roots
[35.602s][info][gc          ] GC(99) Concurrent update thread roots 1.179ms
[35.602s][info][gc,start    ] GC(99) Pause Final Update Refs
[35.602s][info][gc,task     ] GC(99) Using 3 of 3 workers for final reference update
[35.602s][info][gc          ] GC(99) Pause Final Update Refs 0.109ms
[35.610s][info][gc,start    ] GC(99) Concurrent cleanup
[35.610s][info][gc          ] GC(99) Concurrent cleanup 231M->108M(1024M) 0.044ms
[35.610s][info][gc,ergo     ] Free: 862M, Max: 512K regular, 707M humongous, Frag: 18% external, 0% internal; Reserve: 52736K, Max: 512K
[35.610s][info][gc,stats    ] 
[35.610s][info][gc,stats    ] All times are wall-clock times, except per-root-class counters, that are sum over
[35.610s][info][gc,stats    ] all workers. Dividing the <total> over the root stage time estimates parallelism.
[35.610s][info][gc,stats    ] 
[35.610s][info][gc,stats    ] Concurrent Reset                    211 us
[35.610s][info][gc,stats    ] Pause Init Mark (G)                6075 us
[35.610s][info][gc,stats    ] Pause Init Mark (N)                 155 us
[35.610s][info][gc,stats    ]   Update Region States               48 us
[35.610s][info][gc,stats    ] Concurrent Mark Roots               619 us, parallelism: 0.82x
[35.610s][info][gc,stats    ]   CMR: <total>                      504 us
[35.610s][info][gc,stats    ]   CMR: Thread Roots                 451 us, workers (us): 451, ---, ---, 
[35.610s][info][gc,stats    ]   CMR: VM Strong Roots                6 us, workers (us):   6, ---, ---, 
[35.610s][info][gc,stats    ]   CMR: CLDG Roots                    47 us, workers (us):  47, ---, ---, 
[35.610s][info][gc,stats    ] Concurrent Marking                 7132 us
[35.610s][info][gc,stats    ] Pause Final Mark (G)                440 us
[35.610s][info][gc,stats    ] Pause Final Mark (N)                399 us
[35.610s][info][gc,stats    ]   Finish Mark                        63 us
[35.610s][info][gc,stats    ]   Update Region States               51 us
[35.610s][info][gc,stats    ]   Choose Collection Set             133 us
[35.610s][info][gc,stats    ]   Rebuild Free Set                   19 us
[35.610s][info][gc,stats    ] Concurrent Thread Roots             957 us, parallelism: 0.94x
[35.610s][info][gc,stats    ]   CTR: <total>                      904 us
[35.610s][info][gc,stats    ]   CTR: Thread Roots                 904 us, workers (us): 904, ---, ---, 
[35.610s][info][gc,stats    ] Concurrent Weak References           74 us, parallelism: 0.20x
[35.610s][info][gc,stats    ]   CWRF: <total>                      14 us
[35.610s][info][gc,stats    ]   CWRF: Weak References              14 us, workers (us):  14, ---, ---, 
[35.610s][info][gc,stats    ] Concurrent Weak Roots              5864 us
[35.610s][info][gc,stats    ]   Roots                             590 us, parallelism: 0.96x
[35.610s][info][gc,stats    ]     CWR: <total>                    566 us
[35.610s][info][gc,stats    ]     CWR: Code Cache Roots           346 us, workers (us): 346, ---, ---, 
[35.610s][info][gc,stats    ]     CWR: VM Weak Roots              218 us, workers (us): 218, ---, ---, 
[35.610s][info][gc,stats    ]     CWR: CLDG Roots                   2 us, workers (us):   2, ---, ---, 
[35.610s][info][gc,stats    ]   Rendezvous                       5211 us
[35.610s][info][gc,stats    ] Concurrent Cleanup                  184 us
[35.610s][info][gc,stats    ] Concurrent Class Unloading         9985 us
[35.610s][info][gc,stats    ]   Unlink Stale                     1814 us
[35.610s][info][gc,stats    ]     System Dictionary                 3 us
[35.610s][info][gc,stats    ]     Weak Class Links                  0 us
[35.610s][info][gc,stats    ]     Code Roots                     1810 us
[35.610s][info][gc,stats    ]   Rendezvous                       7995 us
[35.610s][info][gc,stats    ]   Purge Unlinked                    112 us
[35.610s][info][gc,stats    ]     Code Roots                      106 us
[35.610s][info][gc,stats    ]     CLDG                              6 us
[35.610s][info][gc,stats    ]     Exception Caches                  0 us
[35.610s][info][gc,stats    ] Concurrent Strong Roots              97 us, parallelism: 0.56x
[35.610s][info][gc,stats    ]   CSR: <total>                       54 us
[35.610s][info][gc,stats    ]   CSR: VM Strong Roots                5 us, workers (us):   5, ---, ---, 
[35.610s][info][gc,stats    ]   CSR: CLDG Roots                    49 us, workers (us):  49, ---, ---, 
[35.610s][info][gc,stats    ] Concurrent Evacuation              1927 us
[35.610s][info][gc,stats    ] Pause Init Update Refs (G)         3959 us
[35.610s][info][gc,stats    ] Pause Init Update Refs (N)           69 us
[35.610s][info][gc,stats    ]   Manage GCLABs                       4 us
[35.610s][info][gc,stats    ] Concurrent Update Refs             5097 us
[35.610s][info][gc,stats    ] Concurrent Update Thread Roots     1207 us
[35.610s][info][gc,stats    ] Pause Final Update Refs (G)        7986 us
[35.610s][info][gc,stats    ] Pause Final Update Refs (N)         120 us
[35.610s][info][gc,stats    ]   Update Region States               43 us
[35.610s][info][gc,stats    ]   Trash Collection Set                9 us
[35.610s][info][gc,stats    ]   Rebuild Free Set                   15 us
[35.610s][info][gc,stats    ] Concurrent Cleanup                   66 us
[35.610s][info][gc,stats    ] Pacing                           112935 us
[35.610s][info][gc,stats    ] 
[35.610s][info][gc,stats    ] Allocation pacing accrued:
[35.610s][info][gc,stats    ]      14 of   430 ms (  3.4%): Thread-42
[35.610s][info][gc,stats    ]      25 of   430 ms (  5.8%): Thread-43
[35.610s][info][gc,stats    ]      14 of   430 ms (  3.3%): Thread-44
[35.610s][info][gc,stats    ]      27 of   430 ms (  6.2%): Thread-45
[35.610s][info][gc,stats    ]      17 of   430 ms (  3.9%): Thread-46
[35.610s][info][gc,stats    ]      16 of   430 ms (  3.7%): Thread-47
[35.610s][info][gc,stats    ]     113 of   430 ms ( 26.3%): <total>
[35.610s][info][gc,stats    ]       6 of   430 ms (  1.4%): <average total>
[35.610s][info][gc,stats    ]      19 of   430 ms (  4.4%): <average non-zero>
[35.610s][info][gc,stats    ] 
[35.610s][info][gc,metaspace] Metaspace: 6311K(6528K)->6311K(6528K) NonClass: 5705K(5824K)->5705K(5824K) Class: 606K(704K)->606K(704K)
[35.610s][info][gc,ergo     ] Pacer for Idle. Initial: 20971K, Alloc Tax Rate: 1.0x
[35.842s][info][gc          ] Trigger: Average GC time (67.57 ms) is above the time for average allocation rate (2609 MB/s) to deplete free headroom (155M) (margin of error = 1.71)
[35.842s][info][gc,ergo     ] Free headroom: 207M (free) - 52428K (spike) - 0B (penalties) = 155M
[35.842s][info][gc,ergo     ] Free: 206M, Max: 512K regular, 120M humongous, Frag: 42% external, 0% internal; Reserve: 52736K, Max: 512K
[35.842s][info][gc,start    ] GC(100) Concurrent reset
[35.842s][info][gc,task     ] GC(100) Using 1 of 3 workers for concurrent reset
[35.842s][info][gc,ergo     ] GC(100) Pacer for Reset. Non-Taxable: 1024M
[35.843s][info][gc          ] GC(100) Concurrent reset 0.590ms
[35.843s][info][gc,start    ] GC(100) Pause Init Mark (unload classes)
[35.843s][info][gc,task     ] GC(100) Using 3 of 3 workers for init marking
[35.843s][info][gc,ergo     ] GC(100) Pacer for Mark. Expected Live: 14259K, Free: 204M, Non-Taxable: 20941K, Alloc Tax Rate: 0.1x
[35.843s][info][gc          ] GC(100) Pause Init Mark (unload classes) 0.131ms
[35.849s][info][gc,start    ] GC(100) Concurrent marking roots
[35.849s][info][gc,task     ] GC(100) Using 1 of 3 workers for concurrent marking roots
[35.849s][info][gc          ] GC(100) Concurrent marking roots 0.587ms
[35.849s][info][gc,start    ] GC(100) Concurrent marking (unload classes)
[35.849s][info][gc,task     ] GC(100) Using 1 of 3 workers for concurrent marking
[35.857s][info][gc          ] GC(100) Concurrent marking (unload classes) 7.248ms
[35.857s][info][gc,start    ] GC(100) Pause Final Mark (unload classes)
[35.857s][info][gc,task     ] GC(100) Using 3 of 3 workers for final marking
[35.857s][info][gc,ergo     ] GC(100) Adaptive CSet Selection. Target Free: 145M, Actual Free: 818M, Max CSet: 43690K, Min Garbage: 0B
[35.857s][info][gc,ergo     ] GC(100) Collectable Garbage: 752M (99%), Immediate: 582M (77%), CSet: 170M (22%)
[35.857s][info][gc,ergo     ] GC(100) Pacer for Evacuation. Used CSet: 172M, Free: 767M, Non-Taxable: 78541K, Alloc Tax Rate: 1.1x
[35.857s][info][gc          ] GC(100) Pause Final Mark (unload classes) 0.393ms
[35.857s][info][gc,start    ] GC(100) Concurrent thread roots
[35.857s][info][gc,task     ] GC(100) Using 1 of 3 workers for Concurrent thread roots
[35.858s][info][gc          ] GC(100) Concurrent thread roots 1.194ms
[35.858s][info][gc,start    ] GC(100) Concurrent weak references
[35.858s][info][gc,task     ] GC(100) Using 1 of 3 workers for concurrent weak references
[35.858s][info][gc,ref      ] GC(100) Encountered references: Soft: 132, Weak: 434, Final: 9, Phantom: 21
[35.858s][info][gc,ref      ] GC(100) Discovered  references: Soft: 0, Weak: 234, Final: 7, Phantom: 14
[35.858s][info][gc,ref      ] GC(100) Enqueued    references: Soft: 0, Weak: 0, Final: 0, Phantom: 0
[35.858s][info][gc          ] GC(100) Concurrent weak references 0.073ms
[35.858s][info][gc,start    ] GC(100) Concurrent weak roots
[35.858s][info][gc,task     ] GC(100) Using 1 of 3 workers for concurrent weak root
[35.866s][info][gc          ] GC(100) Concurrent weak roots 7.540ms
[35.866s][info][gc,start    ] GC(100) Concurrent cleanup
[35.866s][info][gc          ] GC(100) Concurrent cleanup 803M->220M(1024M) 0.084ms
[35.866s][info][gc,ergo     ] GC(100) Free: 751M, Max: 512K regular, 344M humongous, Frag: 55% external, 0% internal; Reserve: 52357K, Max: 512K
[35.866s][info][gc,start    ] GC(100) Concurrent class unloading
[35.866s][info][gc,task     ] GC(100) Using 1 of 3 workers for concurrent class unloading
[35.873s][info][gc          ] GC(100) Concurrent class unloading 7.209ms
[35.873s][info][gc,start    ] GC(100) Concurrent strong roots
[35.873s][info][gc,task     ] GC(100) Using 1 of 3 workers for concurrent strong root
[35.873s][info][gc          ] GC(100) Concurrent strong roots 0.081ms
[35.873s][info][gc,start    ] GC(100) Concurrent evacuation
[35.873s][info][gc,task     ] GC(100) Using 1 of 3 workers for concurrent evacuation
[35.875s][info][gc          ] GC(100) Concurrent evacuation 2.110ms
[35.876s][info][gc,start    ] GC(100) Pause Init Update Refs
[35.876s][info][gc,ergo     ] GC(100) Pacer for Update Refs. Used: 240M, Free: 733M, Non-Taxable: 75110K, Alloc Tax Rate: 1.1x
[35.876s][info][gc          ] GC(100) Pause Init Update Refs 0.050ms
[35.877s][info][gc,start    ] GC(100) Concurrent update references
[35.878s][info][gc,task     ] GC(100) Using 1 of 3 workers for concurrent reference update
[35.884s][info][gc          ] GC(100) Concurrent update references 6.305ms
[35.884s][info][gc,start    ] GC(100) Concurrent update thread roots
[35.884s][info][gc          ] GC(100) Concurrent update thread roots 0.570ms
[35.884s][info][gc,start    ] GC(100) Pause Final Update Refs
[35.884s][info][gc,task     ] GC(100) Using 3 of 3 workers for final reference update
[35.885s][info][gc          ] GC(100) Pause Final Update Refs 0.094ms
[35.890s][info][gc,start    ] GC(100) Concurrent cleanup
[35.890s][info][gc          ] GC(100) Concurrent cleanup 267M->94M(1024M) 0.043ms
[35.890s][info][gc,ergo     ] Free: 876M, Max: 512K regular, 623M humongous, Frag: 29% external, 0% internal; Reserve: 52736K, Max: 512K
[35.890s][info][gc,stats    ] 
[35.890s][info][gc,stats    ] All times are wall-clock times, except per-root-class counters, that are sum over
[35.890s][info][gc,stats    ] all workers. Dividing the <total> over the root stage time estimates parallelism.
[35.890s][info][gc,stats    ] 
[35.890s][info][gc,stats    ] Concurrent Reset                    626 us
[35.890s][info][gc,stats    ] Pause Init Mark (G)                6095 us
[35.891s][info][gc,stats    ] Pause Init Mark (N)                 141 us
[35.891s][info][gc,stats    ]   Update Region States               46 us
[35.891s][info][gc,stats    ] Concurrent Mark Roots               599 us, parallelism: 0.84x
[35.891s][info][gc,stats    ]   CMR: <total>                      504 us
[35.891s][info][gc,stats    ]   CMR: Thread Roots                 451 us, workers (us): 451, ---, ---, 
[35.891s][info][gc,stats    ]   CMR: VM Strong Roots                6 us, workers (us):   6, ---, ---, 
[35.891s][info][gc,stats    ]   CMR: CLDG Roots                    47 us, workers (us):  47, ---, ---, 
[35.891s][info][gc,stats    ] Concurrent Marking                 7315 us
[35.891s][info][gc,stats    ] Pause Final Mark (G)                481 us
[35.891s][info][gc,stats    ] Pause Final Mark (N)                431 us
[35.891s][info][gc,stats    ]   Finish Mark                        57 us
[35.891s][info][gc,stats    ]   Update Region States               48 us
[35.891s][info][gc,stats    ]   Choose Collection Set             173 us
[35.891s][info][gc,stats    ]   Rebuild Free Set                   22 us
[35.891s][info][gc,stats    ] Concurrent Thread Roots            1215 us, parallelism: 0.91x
[35.891s][info][gc,stats    ]   CTR: <total>                     1112 us
[35.891s][info][gc,stats    ]   CTR: Thread Roots                1112 us, workers (us): 1112, ---, ---, 
[35.891s][info][gc,stats    ] Concurrent Weak References           81 us, parallelism: 0.25x
[35.891s][info][gc,stats    ]   CWRF: <total>                      20 us
[35.891s][info][gc,stats    ]   CWRF: Weak References              20 us, workers (us):  20, ---, ---, 
[35.891s][info][gc,stats    ] Concurrent Weak Roots              7568 us
[35.891s][info][gc,stats    ]   Roots                             592 us, parallelism: 0.97x
[35.891s][info][gc,stats    ]     CWR: <total>                    572 us
[35.891s][info][gc,stats    ]     CWR: Code Cache Roots           359 us, workers (us): 359, ---, ---, 
[35.891s][info][gc,stats    ]     CWR: VM Weak Roots              210 us, workers (us): 210, ---, ---, 
[35.891s][info][gc,stats    ]     CWR: CLDG Roots                   4 us, workers (us):   4, ---, ---, 
[35.891s][info][gc,stats    ]   Rendezvous                       6931 us
[35.891s][info][gc,stats    ] Concurrent Cleanup                   93 us
[35.891s][info][gc,stats    ] Concurrent Class Unloading         7241 us
[35.891s][info][gc,stats    ]   Unlink Stale                     1651 us
[35.891s][info][gc,stats    ]     System Dictionary                 2 us
[35.891s][info][gc,stats    ]     Weak Class Links                  0 us
[35.891s][info][gc,stats    ]     Code Roots                     1648 us
[35.891s][info][gc,stats    ]   Rendezvous                       5467 us
[35.891s][info][gc,stats    ]   Purge Unlinked                     73 us
[35.891s][info][gc,stats    ]     Code Roots                       68 us
[35.891s][info][gc,stats    ]     CLDG                              5 us
[35.891s][info][gc,stats    ]     Exception Caches                  0 us
[35.891s][info][gc,stats    ] Concurrent Strong Roots              90 us, parallelism: 0.54x
[35.891s][info][gc,stats    ]   CSR: <total>                       49 us
[35.891s][info][gc,stats    ]   CSR: VM Strong Roots                4 us, workers (us):   4, ---, ---, 
[35.891s][info][gc,stats    ]   CSR: CLDG Roots                    45 us, workers (us):  45, ---, ---, 
[35.891s][info][gc,stats    ] Concurrent Evacuation              2160 us
[35.891s][info][gc,stats    ] Pause Init Update Refs (G)         1955 us
[35.891s][info][gc,stats    ] Pause Init Update Refs (N)           59 us
[35.891s][info][gc,stats    ]   Manage GCLABs                       3 us
[35.891s][info][gc,stats    ] Concurrent Update Refs             6350 us
[35.891s][info][gc,stats    ] Concurrent Update Thread Roots      591 us
[35.891s][info][gc,stats    ] Pause Final Update Refs (G)        5942 us
[35.891s][info][gc,stats    ] Pause Final Update Refs (N)         113 us
[35.891s][info][gc,stats    ]   Update Region States               42 us
[35.891s][info][gc,stats    ]   Trash Collection Set                8 us
[35.891s][info][gc,stats    ]   Rebuild Free Set                   14 us
[35.891s][info][gc,stats    ] Concurrent Cleanup                   52 us
[35.891s][info][gc,stats    ] Pacing                            46341 us
[35.891s][info][gc,stats    ] 
[35.891s][info][gc,stats    ] Allocation pacing accrued:
[35.891s][info][gc,stats    ]       9 of   281 ms (  3.1%): Thread-42
[35.891s][info][gc,stats    ]       7 of   281 ms (  2.6%): Thread-43
[35.891s][info][gc,stats    ]       7 of   281 ms (  2.7%): Thread-44
[35.891s][info][gc,stats    ]       8 of   281 ms (  3.0%): Thread-45
[35.891s][info][gc,stats    ]       7 of   281 ms (  2.4%): Thread-46
[35.891s][info][gc,stats    ]       8 of   281 ms (  2.8%): Thread-47
[35.891s][info][gc,stats    ]      46 of   281 ms ( 16.5%): <total>
[35.891s][info][gc,stats    ]       2 of   281 ms (  0.9%): <average total>
[35.891s][info][gc,stats    ]       8 of   281 ms (  2.8%): <average non-zero>
[35.891s][info][gc,stats    ] 
[35.891s][info][gc,metaspace] Metaspace: 6311K(6528K)->6311K(6528K) NonClass: 5705K(5824K)->5705K(5824K) Class: 606K(704K)->606K(704K)
[35.891s][info][gc,ergo     ] Pacer for Idle. Initial: 20971K, Alloc Tax Rate: 1.0x
[36.190s][info][gc          ] Trigger: Average GC time (64.52 ms) is above the time for average allocation rate (2302 MB/s) to deplete free headroom (144M) (margin of error = 1.71)
[36.190s][info][gc,ergo     ] Free headroom: 196M (free) - 52428K (spike) - 0B (penalties) = 144M
[36.190s][info][gc,ergo     ] Free: 195M, Max: 512K regular, 195M humongous, Frag: 0% external, 0% internal; Reserve: 52736K, Max: 512K
[36.190s][info][gc,start    ] GC(101) Concurrent reset
[36.190s][info][gc,task     ] GC(101) Using 1 of 3 workers for concurrent reset
[36.190s][info][gc,ergo     ] GC(101) Pacer for Reset. Non-Taxable: 1024M
[36.191s][info][gc          ] GC(101) Concurrent reset 0.774ms
[36.191s][info][gc,start    ] GC(101) Pause Init Mark (unload classes)
[36.191s][info][gc,task     ] GC(101) Using 3 of 3 workers for init marking
[36.191s][info][gc,ergo     ] GC(101) Pacer for Mark. Expected Live: 14249K, Free: 194M, Non-Taxable: 19866K, Alloc Tax Rate: 0.1x
[36.191s][info][gc          ] GC(101) Pause Init Mark (unload classes) 0.171ms
[36.202s][info][gc,start    ] GC(101) Concurrent marking roots
[36.202s][info][gc,task     ] GC(101) Using 1 of 3 workers for concurrent marking roots
[36.202s][info][gc          ] GC(101) Concurrent marking roots 0.700ms
[36.202s][info][gc,start    ] GC(101) Concurrent marking (unload classes)
[36.202s][info][gc,task     ] GC(101) Using 1 of 3 workers for concurrent marking
[36.209s][info][gc          ] GC(101) Concurrent marking (unload classes) 6.275ms
[36.209s][info][gc,start    ] GC(101) Pause Final Mark (unload classes)
[36.209s][info][gc,task     ] GC(101) Using 3 of 3 workers for final marking
[36.209s][info][gc,ergo     ] GC(101) Collectable Garbage: 702M (91%), Immediate: 702M (91%), CSet: 0B (0%)
[36.209s][info][gc          ] GC(101) Pause Final Mark (unload classes) 0.310ms
[36.209s][info][gc,start    ] GC(101) Concurrent weak references
[36.209s][info][gc,task     ] GC(101) Using 1 of 3 workers for concurrent weak references
[36.209s][info][gc,ref      ] GC(101) Encountered references: Soft: 132, Weak: 434, Final: 9, Phantom: 21
[36.209s][info][gc,ref      ] GC(101) Discovered  references: Soft: 0, Weak: 234, Final: 7, Phantom: 14
[36.209s][info][gc,ref      ] GC(101) Enqueued    references: Soft: 0, Weak: 0, Final: 0, Phantom: 0
[36.209s][info][gc          ] GC(101) Concurrent weak references 0.079ms
[36.209s][info][gc,start    ] GC(101) Concurrent weak roots
[36.209s][info][gc,task     ] GC(101) Using 1 of 3 workers for concurrent weak root
[36.210s][info][gc          ] GC(101) Concurrent weak roots 0.617ms
[36.210s][info][gc,start    ] GC(101) Concurrent cleanup
[36.210s][info][gc          ] GC(101) Concurrent cleanup 796M->93M(1024M) 0.101ms
[36.210s][info][gc,ergo     ] GC(101) Free: 877M, Max: 512K regular, 492M humongous, Frag: 44% external, 0% internal; Reserve: 52736K, Max: 512K
[36.210s][info][gc,start    ] GC(101) Concurrent class unloading
[36.210s][info][gc,task     ] GC(101) Using 1 of 3 workers for concurrent class unloading
[36.212s][info][gc          ] GC(101) Concurrent class unloading 1.635ms
[36.212s][info][gc,start    ] GC(101) Pause Final Roots
[36.212s][info][gc          ] GC(101) Pause Final Roots 0.013ms
[36.212s][info][gc,ergo     ] Free: 877M, Max: 512K regular, 492M humongous, Frag: 44% external, 0% internal; Reserve: 52736K, Max: 512K
[36.212s][info][gc,stats    ] 
[36.212s][info][gc,stats    ] All times are wall-clock times, except per-root-class counters, that are sum over
[36.212s][info][gc,stats    ] all workers. Dividing the <total> over the root stage time estimates parallelism.
[36.212s][info][gc,stats    ] 
[36.212s][info][gc,stats    ] Concurrent Reset                    822 us
[36.212s][info][gc,stats    ] Pause Init Mark (G)               11158 us
[36.212s][info][gc,stats    ] Pause Init Mark (N)                 182 us
[36.212s][info][gc,stats    ]   Update Region States               54 us
[36.212s][info][gc,stats    ] Concurrent Mark Roots               720 us, parallelism: 0.77x
[36.212s][info][gc,stats    ]   CMR: <total>                      551 us
[36.212s][info][gc,stats    ]   CMR: Thread Roots                 496 us, workers (us): 496, ---, ---, 
[36.212s][info][gc,stats    ]   CMR: VM Strong Roots                7 us, workers (us):   7, ---, ---, 
[36.212s][info][gc,stats    ]   CMR: CLDG Roots                    49 us, workers (us):  49, ---, ---, 
[36.212s][info][gc,stats    ] Concurrent Marking                 6309 us
[36.212s][info][gc,stats    ] Pause Final Mark (G)                386 us
[36.212s][info][gc,stats    ] Pause Final Mark (N)                334 us
[36.212s][info][gc,stats    ]   Finish Mark                        58 us
[36.212s][info][gc,stats    ]   Update Region States               51 us
[36.212s][info][gc,stats    ]   Choose Collection Set              74 us
[36.212s][info][gc,stats    ]   Rebuild Free Set                   23 us
[36.212s][info][gc,stats    ] Concurrent Weak References           86 us, parallelism: 0.10x
[36.212s][info][gc,stats    ]   CWRF: <total>                       9 us
[36.212s][info][gc,stats    ]   CWRF: Weak References               9 us, workers (us):   9, ---, ---, 
[36.212s][info][gc,stats    ] Concurrent Weak Roots               628 us
[36.212s][info][gc,stats    ]   Roots                             556 us, parallelism: 0.94x
[36.212s][info][gc,stats    ]     CWR: <total>                    524 us
[36.212s][info][gc,stats    ]     CWR: Code Cache Roots           408 us, workers (us): 408, ---, ---, 
[36.212s][info][gc,stats    ]     CWR: VM Weak Roots              114 us, workers (us): 114, ---, ---, 
[36.212s][info][gc,stats    ]     CWR: CLDG Roots                   2 us, workers (us):   2, ---, ---, 
[36.212s][info][gc,stats    ]   Rendezvous                         47 us
[36.212s][info][gc,stats    ] Concurrent Cleanup                  108 us
[36.212s][info][gc,stats    ] Concurrent Class Unloading         1658 us
[36.212s][info][gc,stats    ]   Unlink Stale                     1538 us
[36.212s][info][gc,stats    ]     System Dictionary                 2 us
[36.212s][info][gc,stats    ]     Weak Class Links                  0 us
[36.212s][info][gc,stats    ]     Code Roots                     1535 us
[36.212s][info][gc,stats    ]   Rendezvous                         31 us
[36.212s][info][gc,stats    ]   Purge Unlinked                     51 us
[36.212s][info][gc,stats    ]     Code Roots                       44 us
[36.212s][info][gc,stats    ]     CLDG                              6 us
[36.212s][info][gc,stats    ]     Exception Caches                  0 us
[36.212s][info][gc,stats    ] Pause Final Roots (G)                56 us
[36.212s][info][gc,stats    ] Pause Final Roots (N)                29 us
[36.212s][info][gc,stats    ] Pacing                            28731 us
[36.212s][info][gc,stats    ] 
[36.212s][info][gc,stats    ] Allocation pacing accrued:
[36.212s][info][gc,stats    ]       5 of   321 ms (  1.6%): Thread-42
[36.212s][info][gc,stats    ]       5 of   321 ms (  1.6%): Thread-43
[36.212s][info][gc,stats    ]       5 of   321 ms (  1.6%): Thread-44
[36.212s][info][gc,stats    ]       4 of   321 ms (  1.3%): Thread-45
[36.212s][info][gc,stats    ]       5 of   321 ms (  1.5%): Thread-46
[36.212s][info][gc,stats    ]       4 of   321 ms (  1.4%): Thread-47
[36.212s][info][gc,stats    ]      29 of   321 ms (  8.9%): <total>
[36.212s][info][gc,stats    ]       2 of   321 ms (  0.5%): <average total>
[36.212s][info][gc,stats    ]       5 of   321 ms (  1.5%): <average non-zero>
[36.212s][info][gc,stats    ] 
[36.212s][info][gc,metaspace] Metaspace: 6311K(6528K)->6311K(6528K) NonClass: 5705K(5824K)->5705K(5824K) Class: 606K(704K)->606K(704K)
[36.213s][info][gc,ergo     ] Pacer for Idle. Initial: 20971K, Alloc Tax Rate: 1.0x
[36.569s][info][gc          ] Trigger: Average GC time (57.37 ms) is above the time for average allocation rate (2043 MB/s) to deplete free headroom (108M) (margin of error = 1.71)
[36.569s][info][gc,ergo     ] Free headroom: 160M (free) - 52428K (spike) - 0B (penalties) = 108M
[36.569s][info][gc,ergo     ] Free: 159M, Max: 512K regular, 159M humongous, Frag: 0% external, 0% internal; Reserve: 52736K, Max: 512K
[36.569s][info][gc,start    ] GC(102) Concurrent reset
[36.569s][info][gc,task     ] GC(102) Using 1 of 3 workers for concurrent reset
[36.569s][info][gc,ergo     ] GC(102) Pacer for Reset. Non-Taxable: 1024M
[36.570s][info][gc          ] GC(102) Concurrent reset 0.317ms
[36.570s][info][gc,start    ] GC(102) Pause Init Mark (unload classes)
[36.570s][info][gc,task     ] GC(102) Using 3 of 3 workers for init marking
[36.570s][info][gc,ergo     ] GC(102) Pacer for Mark. Expected Live: 14223K, Free: 159M, Non-Taxable: 16282K, Alloc Tax Rate: 0.1x
[36.570s][info][gc          ] GC(102) Pause Init Mark (unload classes) 0.116ms
[36.576s][info][gc,start    ] GC(102) Concurrent marking roots
[36.576s][info][gc,task     ] GC(102) Using 1 of 3 workers for concurrent marking roots
[36.576s][info][gc          ] GC(102) Concurrent marking roots 0.580ms
[36.576s][info][gc,start    ] GC(102) Concurrent marking (unload classes)
[36.576s][info][gc,task     ] GC(102) Using 1 of 3 workers for concurrent marking
[36.584s][info][gc          ] GC(102) Concurrent marking (unload classes) 7.311ms
[36.584s][info][gc,start    ] GC(102) Pause Final Mark (unload classes)
[36.584s][info][gc,task     ] GC(102) Using 3 of 3 workers for final marking
[36.584s][info][gc,ergo     ] GC(102) Adaptive CSet Selection. Target Free: 145M, Actual Free: 826M, Max CSet: 43690K, Min Garbage: 0B
[36.584s][info][gc,ergo     ] GC(102) Collectable Garbage: 798M (99%), Immediate: 631M (79%), CSet: 167M (20%)
[36.584s][info][gc,ergo     ] GC(102) Pacer for Evacuation. Used CSet: 169M, Free: 774M, Non-Taxable: 79309K, Alloc Tax Rate: 1.1x
[36.584s][info][gc          ] GC(102) Pause Final Mark (unload classes) 0.388ms
[36.584s][info][gc,start    ] GC(102) Concurrent thread roots
[36.584s][info][gc,task     ] GC(102) Using 1 of 3 workers for Concurrent thread roots
[36.585s][info][gc          ] GC(102) Concurrent thread roots 1.031ms
[36.585s][info][gc,start    ] GC(102) Concurrent weak references
[36.585s][info][gc,task     ] GC(102) Using 1 of 3 workers for concurrent weak references
[36.585s][info][gc,ref      ] GC(102) Encountered references: Soft: 132, Weak: 434, Final: 9, Phantom: 21
[36.585s][info][gc,ref      ] GC(102) Discovered  references: Soft: 0, Weak: 234, Final: 7, Phantom: 14
[36.585s][info][gc,ref      ] GC(102) Enqueued    references: Soft: 0, Weak: 0, Final: 0, Phantom: 0
[36.585s][info][gc          ] GC(102) Concurrent weak references 0.062ms
[36.585s][info][gc,start    ] GC(102) Concurrent weak roots
[36.585s][info][gc,task     ] GC(102) Using 1 of 3 workers for concurrent weak root
[36.599s][info][gc          ] GC(102) Concurrent weak roots 13.527ms
[36.599s][info][gc,start    ] GC(102) Concurrent cleanup
[36.599s][info][gc          ] GC(102) Concurrent cleanup 854M->223M(1024M) 0.096ms
[36.599s][info][gc,ergo     ] GC(102) Free: 748M, Max: 512K regular, 244M humongous, Frag: 68% external, 0% internal; Reserve: 52038K, Max: 512K
[36.599s][info][gc,start    ] GC(102) Concurrent class unloading
[36.599s][info][gc,task     ] GC(102) Using 1 of 3 workers for concurrent class unloading
[36.601s][info][gc          ] GC(102) Concurrent class unloading 1.901ms
[36.601s][info][gc,start    ] GC(102) Concurrent strong roots
[36.601s][info][gc,task     ] GC(102) Using 1 of 3 workers for concurrent strong root
[36.601s][info][gc          ] GC(102) Concurrent strong roots 0.084ms
[36.601s][info][gc,start    ] GC(102) Concurrent evacuation
[36.601s][info][gc,task     ] GC(102) Using 1 of 3 workers for concurrent evacuation
[36.603s][info][gc          ] GC(102) Concurrent evacuation 2.049ms
[36.603s][info][gc,start    ] GC(102) Pause Init Update Refs
[36.603s][info][gc,ergo     ] GC(102) Pacer for Update Refs. Used: 231M, Free: 742M, Non-Taxable: 76032K, Alloc Tax Rate: 1.1x
[36.603s][info][gc          ] GC(102) Pause Init Update Refs 0.052ms
[36.607s][info][gc,start    ] GC(102) Concurrent update references
[36.607s][info][gc,task     ] GC(102) Using 1 of 3 workers for concurrent reference update
[36.612s][info][gc          ] GC(102) Concurrent update references 5.440ms
[36.612s][info][gc,start    ] GC(102) Concurrent update thread roots
[36.613s][info][gc          ] GC(102) Concurrent update thread roots 0.747ms
[36.613s][info][gc,start    ] GC(102) Pause Final Update Refs
[36.613s][info][gc,task     ] GC(102) Using 3 of 3 workers for final reference update
[36.613s][info][gc          ] GC(102) Pause Final Update Refs 0.102ms
[36.619s][info][gc,start    ] GC(102) Concurrent cleanup
[36.619s][info][gc          ] GC(102) Concurrent cleanup 257M->87M(1024M) 0.065ms
[36.619s][info][gc,ergo     ] Free: 883M, Max: 512K regular, 701M humongous, Frag: 21% external, 0% internal; Reserve: 52736K, Max: 512K
[36.619s][info][gc,stats    ] 
[36.619s][info][gc,stats    ] All times are wall-clock times, except per-root-class counters, that are sum over
[36.619s][info][gc,stats    ] all workers. Dividing the <total> over the root stage time estimates parallelism.
[36.619s][info][gc,stats    ] 
[36.619s][info][gc,stats    ] Concurrent Reset                    334 us
[36.619s][info][gc,stats    ] Pause Init Mark (G)                6029 us
[36.619s][info][gc,stats    ] Pause Init Mark (N)                 125 us
[36.619s][info][gc,stats    ]   Update Region States               39 us
[36.619s][info][gc,stats    ] Concurrent Mark Roots               591 us, parallelism: 0.85x
[36.619s][info][gc,stats    ]   CMR: <total>                      505 us
[36.619s][info][gc,stats    ]   CMR: Thread Roots                 454 us, workers (us): 454, ---, ---, 
[36.619s][info][gc,stats    ]   CMR: VM Strong Roots                6 us, workers (us):   6, ---, ---, 
[36.619s][info][gc,stats    ]   CMR: CLDG Roots                    44 us, workers (us):  44, ---, ---, 
[36.619s][info][gc,stats    ] Concurrent Marking                 7380 us
[36.619s][info][gc,stats    ] Pause Final Mark (G)                451 us
[36.619s][info][gc,stats    ] Pause Final Mark (N)                408 us
[36.619s][info][gc,stats    ]   Finish Mark                        53 us
[36.619s][info][gc,stats    ]   Update Region States               48 us
[36.619s][info][gc,stats    ]   Choose Collection Set             173 us
[36.619s][info][gc,stats    ]   Rebuild Free Set                   25 us
[36.619s][info][gc,stats    ] Concurrent Thread Roots            1050 us, parallelism: 0.94x
[36.619s][info][gc,stats    ]   CTR: <total>                      984 us
[36.619s][info][gc,stats    ]   CTR: Thread Roots                 984 us, workers (us): 984, ---, ---, 
[36.619s][info][gc,stats    ] Concurrent Weak References           69 us, parallelism: 0.15x
[36.619s][info][gc,stats    ]   CWRF: <total>                      10 us
[36.619s][info][gc,stats    ]   CWRF: Weak References              10 us, workers (us):  10, ---, ---, 
[36.619s][info][gc,stats    ] Concurrent Weak Roots             13558 us
[36.619s][info][gc,stats    ]   Roots                             461 us, parallelism: 0.96x
[36.619s][info][gc,stats    ]     CWR: <total>                    442 us
[36.619s][info][gc,stats    ]     CWR: Code Cache Roots           340 us, workers (us): 340, ---, ---, 
[36.619s][info][gc,stats    ]     CWR: VM Weak Roots              100 us, workers (us): 100, ---, ---, 
[36.619s][info][gc,stats    ]     CWR: CLDG Roots                   2 us, workers (us):   2, ---, ---, 
[36.619s][info][gc,stats    ]   Rendezvous                      13047 us
[36.619s][info][gc,stats    ] Concurrent Cleanup                  105 us
[36.619s][info][gc,stats    ] Concurrent Class Unloading         1938 us
[36.619s][info][gc,stats    ]   Unlink Stale                     1675 us
[36.619s][info][gc,stats    ]     System Dictionary                 4 us
[36.619s][info][gc,stats    ]     Weak Class Links                  0 us
[36.619s][info][gc,stats    ]     Code Roots                     1670 us
[36.619s][info][gc,stats    ]   Rendezvous                        133 us
[36.620s][info][gc,stats    ]   Purge Unlinked                     59 us
[36.620s][info][gc,stats    ]     Code Roots                       55 us
[36.620s][info][gc,stats    ]     CLDG                              4 us
[36.620s][info][gc,stats    ]     Exception Caches                  0 us
[36.620s][info][gc,stats    ] Concurrent Strong Roots              93 us, parallelism: 0.56x
[36.620s][info][gc,stats    ]   CSR: <total>                       52 us
[36.620s][info][gc,stats    ]   CSR: VM Strong Roots                4 us, workers (us):   4, ---, ---, 
[36.620s][info][gc,stats    ]   CSR: CLDG Roots                    48 us, workers (us):  48, ---, ---, 
[36.620s][info][gc,stats    ] Concurrent Evacuation              2095 us
[36.620s][info][gc,stats    ] Pause Init Update Refs (G)         3949 us
[36.620s][info][gc,stats    ] Pause Init Update Refs (N)           60 us
[36.620s][info][gc,stats    ]   Manage GCLABs                       3 us
[36.620s][info][gc,stats    ] Concurrent Update Refs             5484 us
[36.620s][info][gc,stats    ] Concurrent Update Thread Roots      762 us
[36.620s][info][gc,stats    ] Pause Final Update Refs (G)        5885 us
[36.620s][info][gc,stats    ] Pause Final Update Refs (N)         112 us
[36.620s][info][gc,stats    ]   Update Region States               41 us
[36.620s][info][gc,stats    ]   Trash Collection Set                7 us
[36.620s][info][gc,stats    ]   Rebuild Free Set                   13 us
[36.620s][info][gc,stats    ] Concurrent Cleanup                   76 us
[36.620s][info][gc,stats    ] Pacing                           154863 us
[36.620s][info][gc,stats    ] 
[36.620s][info][gc,stats    ] Allocation pacing accrued:
[36.620s][info][gc,stats    ]      25 of   407 ms (  6.1%): Thread-42
[36.620s][info][gc,stats    ]      26 of   407 ms (  6.3%): Thread-43
[36.620s][info][gc,stats    ]      27 of   407 ms (  6.6%): Thread-44
[36.620s][info][gc,stats    ]      27 of   407 ms (  6.5%): Thread-45
[36.620s][info][gc,stats    ]      26 of   407 ms (  6.3%): Thread-46
[36.620s][info][gc,stats    ]      25 of   407 ms (  6.1%): Thread-47
[36.620s][info][gc,stats    ]     155 of   407 ms ( 38.0%): <total>
[36.620s][info][gc,stats    ]       8 of   407 ms (  2.0%): <average total>
[36.620s][info][gc,stats    ]      26 of   407 ms (  6.3%): <average non-zero>
[36.620s][info][gc,stats    ] 
[36.620s][info][gc,metaspace] Metaspace: 6311K(6528K)->6311K(6528K) NonClass: 5705K(5824K)->5705K(5824K) Class: 606K(704K)->606K(704K)
[36.620s][info][gc,ergo     ] Pacer for Idle. Initial: 20971K, Alloc Tax Rate: 1.0x
[36.932s][info][gc          ] Trigger: Average GC time (63.67 ms) is above the time for average allocation rate (2193 MB/s) to deplete free headroom (138M) (margin of error = 1.71)
[36.932s][info][gc,ergo     ] Free headroom: 190M (free) - 52428K (spike) - 0B (penalties) = 138M
[36.932s][info][gc,ergo     ] Free: 190M, Max: 512K regular, 116M humongous, Frag: 39% external, 0% internal; Reserve: 52736K, Max: 512K
[36.932s][info][gc,start    ] GC(103) Concurrent reset
[36.933s][info][gc,task     ] GC(103) Using 1 of 3 workers for concurrent reset
[36.933s][info][gc,ergo     ] GC(103) Pacer for Reset. Non-Taxable: 1024M
[36.933s][info][gc          ] GC(103) Concurrent reset 0.826ms
[36.934s][info][gc,start    ] GC(103) Pause Init Mark (unload classes)
[36.934s][info][gc,task     ] GC(103) Using 3 of 3 workers for init marking
[36.934s][info][gc,ergo     ] GC(103) Pacer for Mark. Expected Live: 14221K, Free: 188M, Non-Taxable: 19251K, Alloc Tax Rate: 0.1x
[36.934s][info][gc          ] GC(103) Pause Init Mark (unload classes) 0.118ms
[36.942s][info][gc,start    ] GC(103) Concurrent marking roots
[36.942s][info][gc,task     ] GC(103) Using 1 of 3 workers for concurrent marking roots
[36.943s][info][gc          ] GC(103) Concurrent marking roots 0.591ms
[36.943s][info][gc,start    ] GC(103) Concurrent marking (unload classes)
[36.943s][info][gc,task     ] GC(103) Using 1 of 3 workers for concurrent marking
[36.960s][info][gc          ] GC(103) Concurrent marking (unload classes) 17.248ms
[36.960s][info][gc,start    ] GC(103) Pause Final Mark (unload classes)
[36.960s][info][gc,task     ] GC(103) Using 3 of 3 workers for final marking
[36.960s][info][gc,ergo     ] GC(103) Collectable Garbage: 733M (95%), Immediate: 733M (95%), CSet: 0B (0%)
[36.960s][info][gc          ] GC(103) Pause Final Mark (unload classes) 0.199ms
[36.962s][info][gc,start    ] GC(103) Concurrent weak references
[36.962s][info][gc,task     ] GC(103) Using 1 of 3 workers for concurrent weak references
[36.962s][info][gc,ref      ] GC(103) Encountered references: Soft: 132, Weak: 434, Final: 9, Phantom: 21
[36.962s][info][gc,ref      ] GC(103) Discovered  references: Soft: 0, Weak: 234, Final: 7, Phantom: 14
[36.962s][info][gc,ref      ] GC(103) Enqueued    references: Soft: 0, Weak: 0, Final: 0, Phantom: 0
[36.962s][info][gc          ] GC(103) Concurrent weak references 0.072ms
[36.962s][info][gc,start    ] GC(103) Concurrent weak roots
[36.962s][info][gc,task     ] GC(103) Using 1 of 3 workers for concurrent weak root
[36.964s][info][gc          ] GC(103) Concurrent weak roots 1.935ms
[36.964s][info][gc,start    ] GC(103) Concurrent cleanup
[36.964s][info][gc          ] GC(103) Concurrent cleanup 840M->107M(1024M) 0.103ms
[36.964s][info][gc,ergo     ] GC(103) Free: 864M, Max: 512K regular, 569M humongous, Frag: 35% external, 0% internal; Reserve: 52736K, Max: 512K
[36.964s][info][gc,start    ] GC(103) Concurrent class unloading
[36.964s][info][gc,task     ] GC(103) Using 1 of 3 workers for concurrent class unloading
[36.972s][info][gc          ] GC(103) Concurrent class unloading 7.741ms
[36.972s][info][gc,start    ] GC(103) Pause Final Roots
[36.972s][info][gc          ] GC(103) Pause Final Roots 0.038ms
[36.976s][info][gc,ergo     ] Free: 838M, Max: 512K regular, 569M humongous, Frag: 33% external, 0% internal; Reserve: 52736K, Max: 512K
[36.976s][info][gc,stats    ] 
[36.976s][info][gc,stats    ] All times are wall-clock times, except per-root-class counters, that are sum over
[36.976s][info][gc,stats    ] all workers. Dividing the <total> over the root stage time estimates parallelism.
[36.976s][info][gc,stats    ] 
[36.976s][info][gc,stats    ] Concurrent Reset                    876 us
[36.976s][info][gc,stats    ] Pause Init Mark (G)                8775 us
[36.976s][info][gc,stats    ] Pause Init Mark (N)                 129 us
[36.976s][info][gc,stats    ]   Update Region States               40 us
[36.976s][info][gc,stats    ] Concurrent Mark Roots               603 us, parallelism: 0.78x
[36.976s][info][gc,stats    ]   CMR: <total>                      470 us
[36.976s][info][gc,stats    ]   CMR: Thread Roots                 418 us, workers (us): 418, ---, ---, 
[36.976s][info][gc,stats    ]   CMR: VM Strong Roots                6 us, workers (us):   6, ---, ---, 
[36.976s][info][gc,stats    ]   CMR: CLDG Roots                    46 us, workers (us):  46, ---, ---, 
[36.976s][info][gc,stats    ] Concurrent Marking                17278 us
[36.976s][info][gc,stats    ] Pause Final Mark (G)               2053 us
[36.976s][info][gc,stats    ] Pause Final Mark (N)                209 us
[36.976s][info][gc,stats    ]   Finish Mark                        48 us
[36.976s][info][gc,stats    ]   Update Region States               37 us
[36.976s][info][gc,stats    ]   Choose Collection Set              49 us
[36.976s][info][gc,stats    ]   Rebuild Free Set                    8 us
[36.976s][info][gc,stats    ] Concurrent Weak References           80 us, parallelism: 0.14x
[36.976s][info][gc,stats    ]   CWRF: <total>                      11 us
[36.976s][info][gc,stats    ]   CWRF: Weak References              11 us, workers (us):  11, ---, ---, 
[36.976s][info][gc,stats    ] Concurrent Weak Roots              1958 us
[36.976s][info][gc,stats    ]   Roots                             477 us, parallelism: 0.96x
[36.976s][info][gc,stats    ]     CWR: <total>                    458 us
[36.976s][info][gc,stats    ]     CWR: Code Cache Roots           391 us, workers (us): 391, ---, ---, 
[36.976s][info][gc,stats    ]     CWR: VM Weak Roots               65 us, workers (us):  65, ---, ---, 
[36.976s][info][gc,stats    ]     CWR: CLDG Roots                   3 us, workers (us):   3, ---, ---, 
[36.976s][info][gc,stats    ]   Rendezvous                       1441 us
[36.976s][info][gc,stats    ] Concurrent Cleanup                  112 us
[36.976s][info][gc,stats    ] Concurrent Class Unloading         7786 us
[36.976s][info][gc,stats    ]   Unlink Stale                     1653 us
[36.976s][info][gc,stats    ]     System Dictionary                 3 us
[36.976s][info][gc,stats    ]     Weak Class Links                  0 us
[36.976s][info][gc,stats    ]     Code Roots                     1649 us
[36.976s][info][gc,stats    ]   Rendezvous                       5931 us
[36.976s][info][gc,stats    ]   Purge Unlinked                    138 us
[36.977s][info][gc,stats    ]     Code Roots                      133 us
[36.977s][info][gc,stats    ]     CLDG                              5 us
[36.977s][info][gc,stats    ]     Exception Caches                  0 us
[36.977s][info][gc,stats    ] Pause Final Roots (G)              3920 us
[36.977s][info][gc,stats    ] Pause Final Roots (N)                48 us
[36.977s][info][gc,stats    ] Pacing                            51396 us
[36.977s][info][gc,stats    ] 
[36.977s][info][gc,stats    ] Allocation pacing accrued:
[36.977s][info][gc,stats    ]       8 of   357 ms (  2.4%): Thread-42
[36.977s][info][gc,stats    ]       8 of   357 ms (  2.3%): Thread-43
[36.977s][info][gc,stats    ]       8 of   357 ms (  2.3%): Thread-44
[36.977s][info][gc,stats    ]       9 of   357 ms (  2.5%): Thread-45
[36.977s][info][gc,stats    ]       9 of   357 ms (  2.6%): Thread-46
[36.977s][info][gc,stats    ]       8 of   357 ms (  2.3%): Thread-47
[36.977s][info][gc,stats    ]      51 of   357 ms ( 14.4%): <total>
[36.977s][info][gc,stats    ]       3 of   357 ms (  0.8%): <average total>
[36.977s][info][gc,stats    ]       9 of   357 ms (  2.4%): <average non-zero>
[36.977s][info][gc,stats    ] 
[36.977s][info][gc,metaspace] Metaspace: 6311K(6528K)->6311K(6528K) NonClass: 5705K(5824K)->5705K(5824K) Class: 606K(704K)->606K(704K)
[36.977s][info][gc,ergo     ] Pacer for Idle. Initial: 20971K, Alloc Tax Rate: 1.0x
[37.311s][info][gc          ] Trigger: Average GC time (58.40 ms) is above the time for average allocation rate (1961 MB/s) to deplete free headroom (108M) (margin of error = 1.73)
[37.311s][info][gc,ergo     ] Free headroom: 160M (free) - 52428K (spike) - 0B (penalties) = 108M
[37.311s][info][gc,ergo     ] Free: 160M, Max: 512K regular, 160M humongous, Frag: 0% external, 0% internal; Reserve: 52736K, Max: 512K
[37.311s][info][gc,start    ] GC(104) Concurrent reset
[37.311s][info][gc,task     ] GC(104) Using 1 of 3 workers for concurrent reset
[37.311s][info][gc,ergo     ] GC(104) Pacer for Reset. Non-Taxable: 1024M
[37.312s][info][gc          ] GC(104) Concurrent reset 0.264ms
[37.312s][info][gc,start    ] GC(104) Pause Init Mark (unload classes)
[37.312s][info][gc,task     ] GC(104) Using 3 of 3 workers for init marking
[37.312s][info][gc,ergo     ] GC(104) Pacer for Mark. Expected Live: 14252K, Free: 159M, Non-Taxable: 16282K, Alloc Tax Rate: 0.1x
[37.312s][info][gc          ] GC(104) Pause Init Mark (unload classes) 0.203ms
[37.318s][info][gc,start    ] GC(104) Concurrent marking roots
[37.318s][info][gc,task     ] GC(104) Using 1 of 3 workers for concurrent marking roots
[37.318s][info][gc          ] GC(104) Concurrent marking roots 0.589ms
[37.318s][info][gc,start    ] GC(104) Concurrent marking (unload classes)
[37.318s][info][gc,task     ] GC(104) Using 1 of 3 workers for concurrent marking
[37.326s][info][gc          ] GC(104) Concurrent marking (unload classes) 7.411ms
[37.326s][info][gc,start    ] GC(104) Pause Final Mark (unload classes)
[37.326s][info][gc,task     ] GC(104) Using 3 of 3 workers for final marking
[37.326s][info][gc,ergo     ] GC(104) Adaptive CSet Selection. Target Free: 145M, Actual Free: 875M, Max CSet: 43690K, Min Garbage: 0B
[37.326s][info][gc,ergo     ] GC(104) Collectable Garbage: 798M (99%), Immediate: 680M (85%), CSet: 118M (14%)
[37.326s][info][gc,ergo     ] GC(104) Pacer for Evacuation. Used CSet: 120M, Free: 823M, Non-Taxable: 84326K, Alloc Tax Rate: 1.1x
[37.326s][info][gc          ] GC(104) Pause Final Mark (unload classes) 0.361ms
[37.326s][info][gc,start    ] GC(104) Concurrent thread roots
[37.326s][info][gc,task     ] GC(104) Using 1 of 3 workers for Concurrent thread roots
[37.327s][info][gc          ] GC(104) Concurrent thread roots 0.698ms
[37.327s][info][gc,start    ] GC(104) Concurrent weak references
[37.327s][info][gc,task     ] GC(104) Using 1 of 3 workers for concurrent weak references
[37.327s][info][gc,ref      ] GC(104) Encountered references: Soft: 132, Weak: 434, Final: 9, Phantom: 21
[37.327s][info][gc,ref      ] GC(104) Discovered  references: Soft: 0, Weak: 234, Final: 7, Phantom: 14
[37.327s][info][gc,ref      ] GC(104) Enqueued    references: Soft: 0, Weak: 0, Final: 0, Phantom: 0
[37.327s][info][gc          ] GC(104) Concurrent weak references 0.121ms
[37.327s][info][gc,start    ] GC(104) Concurrent weak roots
[37.327s][info][gc,task     ] GC(104) Using 1 of 3 workers for concurrent weak root
[37.329s][info][gc          ] GC(104) Concurrent weak roots 2.149ms
[37.329s][info][gc,start    ] GC(104) Concurrent cleanup
[37.329s][info][gc          ] GC(104) Concurrent cleanup 832M->152M(1024M) 0.098ms
[37.329s][info][gc,ergo     ] GC(104) Free: 819M, Max: 512K regular, 315M humongous, Frag: 62% external, 0% internal; Reserve: 52239K, Max: 512K
[37.329s][info][gc,start    ] GC(104) Concurrent class unloading
[37.329s][info][gc,task     ] GC(104) Using 1 of 3 workers for concurrent class unloading
[37.339s][info][gc          ] GC(104) Concurrent class unloading 9.219ms
[37.339s][info][gc,start    ] GC(104) Concurrent strong roots
[37.339s][info][gc,task     ] GC(104) Using 1 of 3 workers for concurrent strong root
[37.339s][info][gc          ] GC(104) Concurrent strong roots 0.091ms
[37.339s][info][gc,start    ] GC(104) Concurrent evacuation
[37.339s][info][gc,task     ] GC(104) Using 1 of 3 workers for concurrent evacuation
[37.341s][info][gc          ] GC(104) Concurrent evacuation 1.730ms
[37.341s][info][gc,start    ] GC(104) Pause Init Update Refs
[37.341s][info][gc,ergo     ] GC(104) Pacer for Update Refs. Used: 171M, Free: 803M, Non-Taxable: 82227K, Alloc Tax Rate: 1.1x
[37.341s][info][gc          ] GC(104) Pause Init Update Refs 0.068ms
[37.351s][info][gc,start    ] GC(104) Concurrent update references
[37.351s][info][gc,task     ] GC(104) Using 1 of 3 workers for concurrent reference update
[37.355s][info][gc          ] GC(104) Concurrent update references 4.828ms
[37.355s][info][gc,start    ] GC(104) Concurrent update thread roots
[37.356s][info][gc          ] GC(104) Concurrent update thread roots 0.592ms
[37.356s][info][gc,start    ] GC(104) Pause Final Update Refs
[37.356s][info][gc,task     ] GC(104) Using 3 of 3 workers for final reference update
[37.356s][info][gc          ] GC(104) Pause Final Update Refs 0.097ms
[37.364s][info][gc,start    ] GC(104) Concurrent cleanup
[37.364s][info][gc          ] GC(104) Concurrent cleanup 203M->82M(1024M) 0.039ms
[37.364s][info][gc,ergo     ] Free: 888M, Max: 512K regular, 701M humongous, Frag: 22% external, 0% internal; Reserve: 52736K, Max: 512K
[37.364s][info][gc,stats    ] 
[37.364s][info][gc,stats    ] All times are wall-clock times, except per-root-class counters, that are sum over
[37.364s][info][gc,stats    ] all workers. Dividing the <total> over the root stage time estimates parallelism.
[37.364s][info][gc,stats    ] 
[37.364s][info][gc,stats    ] Concurrent Reset                    278 us
[37.364s][info][gc,stats    ] Pause Init Mark (G)                6117 us
[37.364s][info][gc,stats    ] Pause Init Mark (N)                 213 us
[37.364s][info][gc,stats    ]   Update Region States               40 us
[37.364s][info][gc,stats    ] Concurrent Mark Roots               601 us, parallelism: 0.85x
[37.364s][info][gc,stats    ]   CMR: <total>                      508 us
[37.364s][info][gc,stats    ]   CMR: Thread Roots                 459 us, workers (us): 459, ---, ---, 
[37.364s][info][gc,stats    ]   CMR: VM Strong Roots                6 us, workers (us):   6, ---, ---, 
[37.364s][info][gc,stats    ]   CMR: CLDG Roots                    43 us, workers (us):  43, ---, ---, 
[37.364s][info][gc,stats    ] Concurrent Marking                 7457 us
[37.364s][info][gc,stats    ] Pause Final Mark (G)                434 us
[37.364s][info][gc,stats    ] Pause Final Mark (N)                379 us
[37.364s][info][gc,stats    ]   Finish Mark                        67 us
[37.364s][info][gc,stats    ]   Update Region States               44 us
[37.364s][info][gc,stats    ]   Choose Collection Set             125 us
[37.364s][info][gc,stats    ]   Rebuild Free Set                   20 us
[37.364s][info][gc,stats    ] Concurrent Thread Roots             715 us, parallelism: 0.88x
[37.364s][info][gc,stats    ]   CTR: <total>                      627 us
[37.364s][info][gc,stats    ]   CTR: Thread Roots                 627 us, workers (us): 627, ---, ---, 
[37.364s][info][gc,stats    ] Concurrent Weak References          129 us, parallelism: 0.15x
[37.364s][info][gc,stats    ]   CWRF: <total>                      19 us
[37.364s][info][gc,stats    ]   CWRF: Weak References              19 us, workers (us):  19, ---, ---, 
[37.364s][info][gc,stats    ] Concurrent Weak Roots              2205 us
[37.364s][info][gc,stats    ]   Roots                             858 us, parallelism: 0.96x
[37.364s][info][gc,stats    ]     CWR: <total>                    819 us
[37.364s][info][gc,stats    ]     CWR: Code Cache Roots           392 us, workers (us): 392, ---, ---, 
[37.364s][info][gc,stats    ]     CWR: VM Weak Roots              425 us, workers (us): 425, ---, ---, 
[37.364s][info][gc,stats    ]     CWR: CLDG Roots                   3 us, workers (us):   3, ---, ---, 
[37.364s][info][gc,stats    ]   Rendezvous                       1271 us
[37.364s][info][gc,stats    ] Concurrent Cleanup                  107 us
[37.364s][info][gc,stats    ] Concurrent Class Unloading         9276 us
[37.364s][info][gc,stats    ]   Unlink Stale                     1745 us
[37.364s][info][gc,stats    ]     System Dictionary                 4 us
[37.364s][info][gc,stats    ]     Weak Class Links                  0 us
[37.364s][info][gc,stats    ]     Code Roots                     1740 us
[37.364s][info][gc,stats    ]   Rendezvous                       7354 us
[37.364s][info][gc,stats    ]   Purge Unlinked                     99 us
[37.364s][info][gc,stats    ]     Code Roots                       94 us
[37.364s][info][gc,stats    ]     CLDG                              5 us
[37.364s][info][gc,stats    ]     Exception Caches                  0 us
[37.364s][info][gc,stats    ] Concurrent Strong Roots             100 us, parallelism: 0.55x
[37.364s][info][gc,stats    ]   CSR: <total>                       55 us
[37.364s][info][gc,stats    ]   CSR: VM Strong Roots                5 us, workers (us):   5, ---, ---, 
[37.365s][info][gc,stats    ]   CSR: CLDG Roots                    50 us, workers (us):  50, ---, ---, 
[37.365s][info][gc,stats    ] Concurrent Evacuation              1781 us
[37.365s][info][gc,stats    ] Pause Init Update Refs (G)         9988 us
[37.365s][info][gc,stats    ] Pause Init Update Refs (N)           77 us
[37.365s][info][gc,stats    ]   Manage GCLABs                       3 us
[37.365s][info][gc,stats    ] Concurrent Update Refs             4871 us
[37.365s][info][gc,stats    ] Concurrent Update Thread Roots      608 us
[37.365s][info][gc,stats    ] Pause Final Update Refs (G)        8043 us
[37.365s][info][gc,stats    ] Pause Final Update Refs (N)         192 us
[37.365s][info][gc,stats    ]   Update Region States               38 us
[37.365s][info][gc,stats    ]   Trash Collection Set                9 us
[37.365s][info][gc,stats    ]   Rebuild Free Set                   16 us
[37.365s][info][gc,stats    ] Concurrent Cleanup                   49 us
[37.365s][info][gc,stats    ] Pacing                            42667 us
[37.365s][info][gc,stats    ] 
[37.365s][info][gc,stats    ] Allocation pacing accrued:
[37.365s][info][gc,stats    ]      10 of   388 ms (  2.7%): Thread-42
[37.365s][info][gc,stats    ]       6 of   388 ms (  1.6%): Thread-43
[37.365s][info][gc,stats    ]       6 of   388 ms (  1.6%): Thread-44
[37.365s][info][gc,stats    ]       5 of   388 ms (  1.4%): Thread-45
[37.365s][info][gc,stats    ]       6 of   388 ms (  1.6%): Thread-46
[37.365s][info][gc,stats    ]       8 of   388 ms (  2.0%): Thread-47
[37.365s][info][gc,stats    ]      43 of   388 ms ( 11.0%): <total>
[37.365s][info][gc,stats    ]       2 of   388 ms (  0.6%): <average total>
[37.365s][info][gc,stats    ]       7 of   388 ms (  1.8%): <average non-zero>
[37.365s][info][gc,stats    ] 
[37.365s][info][gc,metaspace] Metaspace: 6311K(6528K)->6311K(6528K) NonClass: 5705K(5824K)->5705K(5824K) Class: 606K(704K)->606K(704K)
[37.365s][info][gc,ergo     ] Pacer for Idle. Initial: 20971K, Alloc Tax Rate: 1.0x
[37.721s][info][gc          ] Trigger: Average GC time (61.95 ms) is above the time for average allocation rate (2001 MB/s) to deplete free headroom (101175K) (margin of error = 1.73)
[37.721s][info][gc,ergo     ] Free headroom: 150M (free) - 52428K (spike) - 0B (penalties) = 101175K
[37.721s][info][gc,ergo     ] Free: 149M, Max: 512K regular, 138M humongous, Frag: 8% external, 0% internal; Reserve: 52736K, Max: 512K
[37.721s][info][gc,start    ] GC(105) Concurrent reset
[37.721s][info][gc,task     ] GC(105) Using 1 of 3 workers for concurrent reset
[37.721s][info][gc,ergo     ] GC(105) Pacer for Reset. Non-Taxable: 1024M
[37.721s][info][gc          ] GC(105) Concurrent reset 0.573ms
[37.722s][info][gc,start    ] GC(105) Pause Init Mark (unload classes)
[37.722s][info][gc,task     ] GC(105) Using 3 of 3 workers for init marking
[37.722s][info][gc,ergo     ] GC(105) Pacer for Mark. Expected Live: 14259K, Free: 149M, Non-Taxable: 15258K, Alloc Tax Rate: 0.1x
[37.722s][info][gc          ] GC(105) Pause Init Mark (unload classes) 0.131ms
[37.729s][info][gc,start    ] GC(105) Concurrent marking roots
[37.729s][info][gc,task     ] GC(105) Using 1 of 3 workers for concurrent marking roots
[37.730s][info][gc          ] GC(105) Concurrent marking roots 0.584ms
[37.730s][info][gc,start    ] GC(105) Concurrent marking (unload classes)
[37.730s][info][gc,task     ] GC(105) Using 1 of 3 workers for concurrent marking
[37.735s][info][gc          ] GC(105) Concurrent marking (unload classes) 5.827ms
[37.736s][info][gc,start    ] GC(105) Pause Final Mark (unload classes)
[37.736s][info][gc,task     ] GC(105) Using 3 of 3 workers for final marking
[37.736s][info][gc,ergo     ] GC(105) Collectable Garbage: 786M (97%), Immediate: 786M (97%), CSet: 0B (0%)
[37.736s][info][gc          ] GC(105) Pause Final Mark (unload classes) 0.287ms
[37.736s][info][gc,start    ] GC(105) Concurrent weak references
[37.736s][info][gc,task     ] GC(105) Using 1 of 3 workers for concurrent weak references
[37.736s][info][gc,ref      ] GC(105) Encountered references: Soft: 132, Weak: 434, Final: 9, Phantom: 21
[37.736s][info][gc,ref      ] GC(105) Discovered  references: Soft: 0, Weak: 234, Final: 7, Phantom: 14
[37.736s][info][gc,ref      ] GC(105) Enqueued    references: Soft: 0, Weak: 0, Final: 0, Phantom: 0
[37.736s][info][gc          ] GC(105) Concurrent weak references 0.206ms
[37.736s][info][gc,start    ] GC(105) Concurrent weak roots
[37.736s][info][gc,task     ] GC(105) Using 1 of 3 workers for concurrent weak root
[37.737s][info][gc          ] GC(105) Concurrent weak roots 0.768ms
[37.737s][info][gc,start    ] GC(105) Concurrent cleanup
[37.737s][info][gc          ] GC(105) Concurrent cleanup 839M->53M(1024M) 0.199ms
[37.737s][info][gc,ergo     ] GC(105) Free: 917M, Max: 512K regular, 649M humongous, Frag: 30% external, 0% internal; Reserve: 52736K, Max: 512K
[37.737s][info][gc,start    ] GC(105) Concurrent class unloading
[37.737s][info][gc,task     ] GC(105) Using 1 of 3 workers for concurrent class unloading
[37.740s][info][gc          ] GC(105) Concurrent class unloading 3.278ms
[37.740s][info][gc,start    ] GC(105) Pause Final Roots
[37.741s][info][gc          ] GC(105) Pause Final Roots 0.027ms
[37.750s][info][gc,ergo     ] Free: 894M, Max: 512K regular, 649M humongous, Frag: 28% external, 0% internal; Reserve: 52736K, Max: 512K
[37.750s][info][gc,stats    ] 
[37.750s][info][gc,stats    ] All times are wall-clock times, except per-root-class counters, that are sum over
[37.750s][info][gc,stats    ] all workers. Dividing the <total> over the root stage time estimates parallelism.
[37.750s][info][gc,stats    ] 
[37.750s][info][gc,stats    ] Concurrent Reset                    600 us
[37.750s][info][gc,stats    ] Pause Init Mark (G)                7530 us
[37.750s][info][gc,stats    ] Pause Init Mark (N)                 140 us
[37.750s][info][gc,stats    ]   Update Region States               44 us
[37.750s][info][gc,stats    ] Concurrent Mark Roots               595 us, parallelism: 0.81x
[37.750s][info][gc,stats    ]   CMR: <total>                      484 us
[37.751s][info][gc,stats    ]   CMR: Thread Roots                 434 us, workers (us): 434, ---, ---, 
[37.751s][info][gc,stats    ]   CMR: VM Strong Roots                5 us, workers (us):   5, ---, ---, 
[37.751s][info][gc,stats    ]   CMR: CLDG Roots                    44 us, workers (us):  44, ---, ---, 
[37.751s][info][gc,stats    ] Concurrent Marking                 5856 us
[37.751s][info][gc,stats    ] Pause Final Mark (G)                359 us
[37.751s][info][gc,stats    ] Pause Final Mark (N)                310 us
[37.751s][info][gc,stats    ]   Finish Mark                        54 us
[37.751s][info][gc,stats    ]   Update Region States               47 us
[37.751s][info][gc,stats    ]   Choose Collection Set              74 us
[37.751s][info][gc,stats    ]   Rebuild Free Set                   21 us
[37.751s][info][gc,stats    ] Concurrent Weak References          221 us, parallelism: 0.02x
[37.751s][info][gc,stats    ]   CWRF: <total>                       4 us
[37.751s][info][gc,stats    ]   CWRF: Weak References               4 us, workers (us):   4, ---, ---, 
[37.751s][info][gc,stats    ] Concurrent Weak Roots               807 us
[37.751s][info][gc,stats    ]   Roots                             428 us, parallelism: 0.94x
[37.751s][info][gc,stats    ]     CWR: <total>                    402 us
[37.751s][info][gc,stats    ]     CWR: Code Cache Roots           340 us, workers (us): 340, ---, ---, 
[37.751s][info][gc,stats    ]     CWR: VM Weak Roots               60 us, workers (us):  60, ---, ---, 
[37.751s][info][gc,stats    ]     CWR: CLDG Roots                   2 us, workers (us):   2, ---, ---, 
[37.751s][info][gc,stats    ]   Rendezvous                        307 us
[37.751s][info][gc,stats    ] Concurrent Cleanup                  217 us
[37.751s][info][gc,stats    ] Concurrent Class Unloading         3303 us
[37.751s][info][gc,stats    ]   Unlink Stale                     1616 us
[37.751s][info][gc,stats    ]     System Dictionary                 4 us
[37.751s][info][gc,stats    ]     Weak Class Links                  0 us
[37.751s][info][gc,stats    ]     Code Roots                     1611 us
[37.751s][info][gc,stats    ]   Rendezvous                       1562 us
[37.751s][info][gc,stats    ]   Purge Unlinked                     67 us
[37.751s][info][gc,stats    ]     Code Roots                       63 us
[37.751s][info][gc,stats    ]     CLDG                              3 us
[37.751s][info][gc,stats    ]     Exception Caches                  0 us
[37.751s][info][gc,stats    ] Pause Final Roots (G)              9917 us
[37.751s][info][gc,stats    ] Pause Final Roots (N)                35 us
[37.751s][info][gc,stats    ] Pacing                            44642 us
[37.751s][info][gc,stats    ] 
[37.751s][info][gc,stats    ] Allocation pacing accrued:
[37.751s][info][gc,stats    ]       7 of   386 ms (  1.9%): Thread-42
[37.751s][info][gc,stats    ]       8 of   386 ms (  2.0%): Thread-43
[37.751s][info][gc,stats    ]       8 of   386 ms (  2.0%): Thread-44
[37.751s][info][gc,stats    ]       8 of   386 ms (  2.0%): Thread-45
[37.751s][info][gc,stats    ]       7 of   386 ms (  1.8%): Thread-46
[37.751s][info][gc,stats    ]       8 of   386 ms (  2.0%): Thread-47
[37.751s][info][gc,stats    ]      45 of   386 ms ( 11.6%): <total>
[37.751s][info][gc,stats    ]       2 of   386 ms (  0.6%): <average total>
[37.751s][info][gc,stats    ]       7 of   386 ms (  1.9%): <average non-zero>
[37.751s][info][gc,stats    ] 
[37.751s][info][gc,metaspace] Metaspace: 6311K(6528K)->6311K(6528K) NonClass: 5705K(5824K)->5705K(5824K) Class: 606K(704K)->606K(704K)
[37.751s][info][gc,ergo     ] Pacer for Idle. Initial: 20971K, Alloc Tax Rate: 1.0x
[38.163s][info][gc          ] Trigger: Explicit GC request (System.gc())
[38.163s][info][gc,ergo     ] Free: 194M, Max: 512K regular, 132M humongous, Frag: 32% external, 0% internal; Reserve: 52736K, Max: 512K
[38.163s][info][gc,start    ] GC(106) Concurrent reset
[38.163s][info][gc,task     ] GC(106) Using 1 of 3 workers for concurrent reset
[38.163s][info][gc,ergo     ] GC(106) Pacer for Reset. Non-Taxable: 1024M
[38.163s][info][gc          ] GC(106) Concurrent reset 0.531ms
[38.163s][info][gc,start    ] GC(106) Pause Init Mark (unload classes)
[38.163s][info][gc,task     ] GC(106) Using 3 of 3 workers for init marking
[38.164s][info][gc,ref      ] GC(106) Clearing All SoftReferences
[38.164s][info][gc,ergo     ] GC(106) Pacer for Mark. Expected Live: 14240K, Free: 194M, Non-Taxable: 19866K, Alloc Tax Rate: 0.1x
[38.164s][info][gc          ] GC(106) Pause Init Mark (unload classes) 0.157ms
[38.164s][info][gc,start    ] GC(106) Concurrent marking roots
[38.164s][info][gc,task     ] GC(106) Using 1 of 3 workers for concurrent marking roots
[38.164s][info][gc          ] GC(106) Concurrent marking roots 0.427ms
[38.164s][info][gc,start    ] GC(106) Concurrent marking (unload classes)
[38.164s][info][gc,task     ] GC(106) Using 1 of 3 workers for concurrent marking
[38.168s][info][gc          ] GC(106) Concurrent marking (unload classes) 3.524ms
[38.168s][info][gc,start    ] GC(106) Pause Final Mark (unload classes)
[38.168s][info][gc,task     ] GC(106) Using 3 of 3 workers for final marking
[38.168s][info][gc,ergo     ] GC(106) Collectable Garbage: 762M (99%), Immediate: 762M (99%), CSet: 0B (0%)
[38.168s][info][gc          ] GC(106) Pause Final Mark (unload classes) 0.349ms
[38.168s][info][gc,start    ] GC(106) Concurrent weak references
[38.168s][info][gc,task     ] GC(106) Using 1 of 3 workers for concurrent weak references
[38.168s][info][gc,ref      ] GC(106) Encountered references: Soft: 135, Weak: 434, Final: 9, Phantom: 20
[38.168s][info][gc,ref      ] GC(106) Discovered  references: Soft: 90, Weak: 248, Final: 7, Phantom: 16
[38.168s][info][gc,ref      ] GC(106) Enqueued    references: Soft: 11, Weak: 0, Final: 0, Phantom: 1
[38.168s][info][gc          ] GC(106) Concurrent weak references 0.151ms
[38.168s][info][gc,start    ] GC(106) Concurrent weak roots
[38.168s][info][gc,task     ] GC(106) Using 1 of 3 workers for concurrent weak root
[38.169s][info][gc          ] GC(106) Concurrent weak roots 0.573ms
[38.169s][info][gc,start    ] GC(106) Concurrent cleanup
[38.169s][info][gc          ] GC(106) Concurrent cleanup 775M->13M(1024M) 0.109ms
[38.169s][info][gc,ergo     ] GC(106) Free: 958M, Max: 512K regular, 690M humongous, Frag: 28% external, 0% internal; Reserve: 52736K, Max: 512K
[38.169s][info][gc,start    ] GC(106) Concurrent class unloading
[38.169s][info][gc,task     ] GC(106) Using 1 of 3 workers for concurrent class unloading
[38.172s][info][gc          ] GC(106) Concurrent class unloading 2.598ms
[38.172s][info][gc,start    ] GC(106) Pause Final Roots
[38.172s][info][gc          ] GC(106) Pause Final Roots 0.021ms
[38.172s][info][gc,ergo     ] Free: 958M, Max: 512K regular, 690M humongous, Frag: 28% external, 0% internal; Reserve: 52736K, Max: 512K
[38.172s][info][gc,stats    ] 
[38.172s][info][gc,stats    ] All times are wall-clock times, except per-root-class counters, that are sum over
[38.172s][info][gc,stats    ] all workers. Dividing the <total> over the root stage time estimates parallelism.
[38.172s][info][gc,stats    ] 
[38.172s][info][gc,stats    ] Concurrent Reset                    582 us
[38.172s][info][gc,stats    ] Pause Init Mark (G)                 265 us
[38.172s][info][gc,stats    ] Pause Init Mark (N)                 166 us
[38.172s][info][gc,stats    ]   Update Region States               70 us
[38.172s][info][gc,stats    ] Concurrent Mark Roots               466 us, parallelism: 0.62x
[38.172s][info][gc,stats    ]   CMR: <total>                      290 us
[38.172s][info][gc,stats    ]   CMR: Thread Roots                 248 us, workers (us): 248, ---, ---, 
[38.172s][info][gc,stats    ]   CMR: VM Strong Roots                3 us, workers (us):   3, ---, ---, 
[38.172s][info][gc,stats    ]   CMR: CLDG Roots                    39 us, workers (us):  39, ---, ---, 
[38.172s][info][gc,stats    ] Concurrent Marking                 3580 us
[38.172s][info][gc,stats    ] Pause Final Mark (G)                497 us
[38.172s][info][gc,stats    ] Pause Final Mark (N)                371 us
[38.172s][info][gc,stats    ]   Finish Mark                        99 us
[38.172s][info][gc,stats    ]   Update Region States               69 us
[38.172s][info][gc,stats    ]   Choose Collection Set              76 us
[38.172s][info][gc,stats    ]   Rebuild Free Set                   22 us
[38.172s][info][gc,stats    ] Concurrent Weak References          216 us, parallelism: 0.04x
[38.172s][info][gc,stats    ]   CWRF: <total>                       9 us
[38.172s][info][gc,stats    ]   CWRF: Weak References               9 us, workers (us):   9, ---, ---, 
[38.172s][info][gc,stats    ] Concurrent Weak Roots               593 us
[38.172s][info][gc,stats    ]   Roots                             463 us, parallelism: 0.88x
[38.172s][info][gc,stats    ]     CWR: <total>                    408 us
[38.172s][info][gc,stats    ]     CWR: Code Cache Roots           344 us, workers (us): 344, ---, ---, 
[38.172s][info][gc,stats    ]     CWR: VM Weak Roots               61 us, workers (us):  61, ---, ---, 
[38.172s][info][gc,stats    ]     CWR: CLDG Roots                   3 us, workers (us):   3, ---, ---, 
[38.172s][info][gc,stats    ]   Rendezvous                         92 us
[38.172s][info][gc,stats    ] Concurrent Cleanup                  117 us
[38.172s][info][gc,stats    ] Concurrent Class Unloading         2647 us
[38.172s][info][gc,stats    ]   Unlink Stale                     2384 us
[38.172s][info][gc,stats    ]     System Dictionary                 2 us
[38.172s][info][gc,stats    ]     Weak Class Links                  0 us
[38.172s][info][gc,stats    ]     Code Roots                     2381 us
[38.172s][info][gc,stats    ]   Rendezvous                         53 us
[38.172s][info][gc,stats    ]   Purge Unlinked                    142 us
[38.172s][info][gc,stats    ]     Code Roots                      130 us
[38.172s][info][gc,stats    ]     CLDG                             11 us
[38.172s][info][gc,stats    ]     Exception Caches                  0 us
[38.172s][info][gc,stats    ] Pause Final Roots (G)                97 us
[38.172s][info][gc,stats    ] Pause Final Roots (N)                29 us
[38.172s][info][gc,stats    ] 
[38.172s][info][gc,stats    ] Allocation pacing accrued:
[38.172s][info][gc,stats    ]       0 of   422 ms (  0.0%): <total>
[38.172s][info][gc,stats    ]       0 of   422 ms (  0.0%): <average total>
[38.172s][info][gc,stats    ] 
[38.173s][info][gc,metaspace] Metaspace: 6314K(6528K)->6314K(6528K) NonClass: 5707K(5824K)->5707K(5824K) Class: 606K(704K)->606K(704K)
[38.173s][info][gc,ergo     ] Pacer for Idle. Initial: 20971K, Alloc Tax Rate: 1.0x
[38.428s][info][gc          ] Trigger: Learning 2 of 5. Free (711M) is below initial threshold (716M)
[38.428s][info][gc,ergo     ] Free: 711M, Max: 512K regular, 445M humongous, Frag: 38% external, 0% internal; Reserve: 52736K, Max: 512K
[38.428s][info][gc,start    ] GC(107) Concurrent reset
[38.428s][info][gc,task     ] GC(107) Using 1 of 3 workers for concurrent reset
[38.428s][info][gc,ergo     ] GC(107) Pacer for Reset. Non-Taxable: 1024M
[38.429s][info][gc          ] GC(107) Concurrent reset 0.476ms
[38.429s][info][gc,start    ] GC(107) Pause Init Mark (unload classes)
[38.429s][info][gc,task     ] GC(107) Using 3 of 3 workers for init marking
[38.429s][info][gc,ergo     ] GC(107) Pacer for Mark. Expected Live: 13682K, Free: 711M, Non-Taxable: 72806K, Alloc Tax Rate: 0.0x
[38.429s][info][gc          ] GC(107) Pause Init Mark (unload classes) 0.186ms
[38.429s][info][gc,start    ] GC(107) Concurrent marking roots
[38.429s][info][gc,task     ] GC(107) Using 1 of 3 workers for concurrent marking roots
[38.430s][info][gc          ] GC(107) Concurrent marking roots 0.712ms
[38.430s][info][gc,start    ] GC(107) Concurrent marking (unload classes)
[38.430s][info][gc,task     ] GC(107) Using 1 of 3 workers for concurrent marking
[38.436s][info][gc          ] GC(107) Concurrent marking (unload classes) 5.792ms
[38.436s][info][gc,start    ] GC(107) Pause Final Mark (unload classes)
[38.436s][info][gc,task     ] GC(107) Using 3 of 3 workers for final marking
[38.436s][info][gc,ergo     ] GC(107) Adaptive CSet Selection. Target Free: 145M, Actual Free: 945M, Max CSet: 43690K, Min Garbage: 0B
[38.436s][info][gc,ergo     ] GC(107) Collectable Garbage: 246M (99%), Immediate: 182M (74%), CSet: 65223K (25%)
[38.436s][info][gc,ergo     ] GC(107) Pacer for Evacuation. Used CSet: 68608K, Free: 893M, Non-Taxable: 91494K, Alloc Tax Rate: 1.1x
[38.436s][info][gc          ] GC(107) Pause Final Mark (unload classes) 0.472ms
[38.436s][info][gc,start    ] GC(107) Concurrent thread roots
[38.436s][info][gc,task     ] GC(107) Using 1 of 3 workers for Concurrent thread roots
[38.437s][info][gc          ] GC(107) Concurrent thread roots 1.149ms
[38.437s][info][gc,start    ] GC(107) Concurrent weak references
[38.437s][info][gc,task     ] GC(107) Using 1 of 3 workers for concurrent weak references
[38.438s][info][gc,ref      ] GC(107) Encountered references: Soft: 132, Weak: 434, Final: 9, Phantom: 21
[38.438s][info][gc,ref      ] GC(107) Discovered  references: Soft: 0, Weak: 234, Final: 7, Phantom: 14
[38.438s][info][gc,ref      ] GC(107) Enqueued    references: Soft: 0, Weak: 0, Final: 0, Phantom: 0
[38.438s][info][gc          ] GC(107) Concurrent weak references 0.145ms
[38.438s][info][gc,start    ] GC(107) Concurrent weak roots
[38.438s][info][gc,task     ] GC(107) Using 1 of 3 workers for concurrent weak root
[38.439s][info][gc          ] GC(107) Concurrent weak roots 0.876ms
[38.439s][info][gc,start    ] GC(107) Concurrent cleanup
[38.439s][info][gc          ] GC(107) Concurrent cleanup 260M->78M(1024M) 0.083ms
[38.439s][info][gc,ergo     ] GC(107) Free: 893M, Max: 512K regular, 445M humongous, Frag: 51% external, 0% internal; Reserve: 52336K, Max: 512K
[38.439s][info][gc,start    ] GC(107) Concurrent class unloading
[38.439s][info][gc,task     ] GC(107) Using 1 of 3 workers for concurrent class unloading
[38.441s][info][gc          ] GC(107) Concurrent class unloading 1.913ms
[38.441s][info][gc,start    ] GC(107) Concurrent strong roots
[38.441s][info][gc,task     ] GC(107) Using 1 of 3 workers for concurrent strong root
[38.441s][info][gc          ] GC(107) Concurrent strong roots 0.259ms
[38.441s][info][gc,start    ] GC(107) Concurrent evacuation
[38.441s][info][gc,task     ] GC(107) Using 1 of 3 workers for concurrent evacuation
[38.443s][info][gc          ] GC(107) Concurrent evacuation 1.634ms
[38.443s][info][gc,start    ] GC(107) Pause Init Update Refs
[38.443s][info][gc,ergo     ] GC(107) Pacer for Update Refs. Used: 83451K, Free: 893M, Non-Taxable: 91494K, Alloc Tax Rate: 1.1x
[38.443s][info][gc          ] GC(107) Pause Init Update Refs 0.034ms
[38.443s][info][gc,start    ] GC(107) Concurrent update references
[38.443s][info][gc,task     ] GC(107) Using 1 of 3 workers for concurrent reference update
[38.446s][info][gc          ] GC(107) Concurrent update references 2.861ms
[38.446s][info][gc,start    ] GC(107) Concurrent update thread roots
[38.456s][info][gc          ] GC(107) Concurrent update thread roots 9.986ms
[38.456s][info][gc,start    ] GC(107) Pause Final Update Refs
[38.456s][info][gc,task     ] GC(107) Using 3 of 3 workers for final reference update
[38.456s][info][gc          ] GC(107) Pause Final Update Refs 0.102ms
[38.460s][info][gc,start    ] GC(107) Concurrent cleanup
[38.460s][info][gc          ] GC(107) Concurrent cleanup 102M->42M(1024M) 0.042ms
[38.460s][info][gc,ergo     ] Free: 929M, Max: 512K regular, 670M humongous, Frag: 28% external, 0% internal; Reserve: 52736K, Max: 512K
[38.460s][info][gc,stats    ] 
[38.460s][info][gc,stats    ] All times are wall-clock times, except per-root-class counters, that are sum over
[38.460s][info][gc,stats    ] all workers. Dividing the <total> over the root stage time estimates parallelism.
[38.460s][info][gc,stats    ] 
[38.460s][info][gc,stats    ] Concurrent Reset                    536 us
[38.460s][info][gc,stats    ] Pause Init Mark (G)                 354 us
[38.460s][info][gc,stats    ] Pause Init Mark (N)                 196 us
[38.460s][info][gc,stats    ]   Update Region States               55 us
[38.460s][info][gc,stats    ] Concurrent Mark Roots               733 us, parallelism: 0.84x
[38.460s][info][gc,stats    ]   CMR: <total>                      615 us
[38.460s][info][gc,stats    ]   CMR: Thread Roots                 558 us, workers (us): 558, ---, ---, 
[38.460s][info][gc,stats    ]   CMR: VM Strong Roots                6 us, workers (us):   6, ---, ---, 
[38.460s][info][gc,stats    ]   CMR: CLDG Roots                    51 us, workers (us):  51, ---, ---, 
[38.460s][info][gc,stats    ] Concurrent Marking                 5864 us
[38.460s][info][gc,stats    ] Pause Final Mark (G)                622 us
[38.460s][info][gc,stats    ] Pause Final Mark (N)                493 us
[38.460s][info][gc,stats    ]   Finish Mark                        87 us
[38.460s][info][gc,stats    ]   Update Region States              118 us
[38.460s][info][gc,stats    ]   Choose Collection Set             136 us
[38.460s][info][gc,stats    ]   Rebuild Free Set                   23 us
[38.460s][info][gc,stats    ] Concurrent Thread Roots            1172 us, parallelism: 0.87x
[38.460s][info][gc,stats    ]   CTR: <total>                     1017 us
[38.460s][info][gc,stats    ]   CTR: Thread Roots                1017 us, workers (us): 1017, ---, ---, 
[38.460s][info][gc,stats    ] Concurrent Weak References          152 us, parallelism: 0.13x
[38.460s][info][gc,stats    ]   CWRF: <total>                      20 us
[38.460s][info][gc,stats    ]   CWRF: Weak References              20 us, workers (us):  20, ---, ---, 
[38.460s][info][gc,stats    ] Concurrent Weak Roots               931 us
[38.460s][info][gc,stats    ]   Roots                             789 us, parallelism: 0.88x
[38.460s][info][gc,stats    ]     CWR: <total>                    698 us
[38.460s][info][gc,stats    ]     CWR: Code Cache Roots           535 us, workers (us): 535, ---, ---, 
[38.460s][info][gc,stats    ]     CWR: VM Weak Roots              158 us, workers (us): 158, ---, ---, 
[38.460s][info][gc,stats    ]     CWR: CLDG Roots                   5 us, workers (us):   5, ---, ---, 
[38.460s][info][gc,stats    ]   Rendezvous                         67 us
[38.460s][info][gc,stats    ] Concurrent Cleanup                  107 us
[38.460s][info][gc,stats    ] Concurrent Class Unloading         1946 us
[38.460s][info][gc,stats    ]   Unlink Stale                     1631 us
[38.460s][info][gc,stats    ]     System Dictionary                 3 us
[38.460s][info][gc,stats    ]     Weak Class Links                  0 us
[38.460s][info][gc,stats    ]     Code Roots                     1627 us
[38.460s][info][gc,stats    ]   Rendezvous                         95 us
[38.460s][info][gc,stats    ]   Purge Unlinked                     85 us
[38.460s][info][gc,stats    ]     Code Roots                       78 us
[38.460s][info][gc,stats    ]     CLDG                              6 us
[38.460s][info][gc,stats    ]     Exception Caches                  0 us
[38.460s][info][gc,stats    ] Concurrent Strong Roots             301 us, parallelism: 0.47x
[38.460s][info][gc,stats    ]   CSR: <total>                      141 us
[38.460s][info][gc,stats    ]   CSR: VM Strong Roots                7 us, workers (us):   7, ---, ---, 
[38.460s][info][gc,stats    ]   CSR: CLDG Roots                   134 us, workers (us): 134, ---, ---, 
[38.460s][info][gc,stats    ] Concurrent Evacuation              1689 us
[38.460s][info][gc,stats    ] Pause Init Update Refs (G)          118 us
[38.460s][info][gc,stats    ] Pause Init Update Refs (N)           41 us
[38.460s][info][gc,stats    ]   Manage GCLABs                       2 us
[38.460s][info][gc,stats    ] Concurrent Update Refs             2926 us
[38.460s][info][gc,stats    ] Concurrent Update Thread Roots    10020 us
[38.460s][info][gc,stats    ] Pause Final Update Refs (G)        4044 us
[38.460s][info][gc,stats    ] Pause Final Update Refs (N)         132 us
[38.460s][info][gc,stats    ]   Update Region States               59 us
[38.460s][info][gc,stats    ]   Trash Collection Set                4 us
[38.460s][info][gc,stats    ]   Rebuild Free Set                   11 us
[38.460s][info][gc,stats    ] Concurrent Cleanup                   52 us
[38.460s][info][gc,stats    ] Pacing                          1038612 us
[38.460s][info][gc,stats    ] 
[38.460s][info][gc,stats    ] Allocation pacing accrued:
[38.460s][info][gc,stats    ]     177 of   288 ms ( 61.6%): Thread-54
[38.460s][info][gc,stats    ]     173 of   288 ms ( 60.3%): Thread-55
[38.460s][info][gc,stats    ]     176 of   288 ms ( 61.0%): Thread-56
[38.460s][info][gc,stats    ]     174 of   288 ms ( 60.5%): Thread-57
[38.460s][info][gc,stats    ]     179 of   288 ms ( 62.2%): Thread-58
[38.460s][info][gc,stats    ]     159 of   288 ms ( 55.3%): Thread-59
[38.460s][info][gc,stats    ]    1039 of   288 ms (360.9%): <total>
[38.460s][info][gc,stats    ]      55 of   288 ms ( 19.0%): <average total>
[38.460s][info][gc,stats    ]     173 of   288 ms ( 60.1%): <average non-zero>
[38.460s][info][gc,stats    ] 
[38.460s][info][gc,metaspace] Metaspace: 6333K(6528K)->6333K(6528K) NonClass: 5727K(5824K)->5727K(5824K) Class: 606K(704K)->606K(704K)
[38.460s][info][gc,ergo     ] Pacer for Idle. Initial: 20971K, Alloc Tax Rate: 1.0x
[38.586s][info][gc          ] Trigger: Learning 3 of 5. Free (685M) is below initial threshold (716M)
[38.586s][info][gc,ergo     ] Free: 685M, Max: 512K regular, 427M humongous, Frag: 38% external, 0% internal; Reserve: 52736K, Max: 512K
[38.586s][info][gc,start    ] GC(108) Concurrent reset
[38.586s][info][gc,task     ] GC(108) Using 1 of 3 workers for concurrent reset
[38.586s][info][gc,ergo     ] GC(108) Pacer for Reset. Non-Taxable: 1024M
[38.587s][info][gc          ] GC(108) Concurrent reset 0.338ms
[38.587s][info][gc,start    ] GC(108) Pause Init Mark (unload classes)
[38.587s][info][gc,task     ] GC(108) Using 3 of 3 workers for init marking
[38.587s][info][gc,ergo     ] GC(108) Pacer for Mark. Expected Live: 13690K, Free: 684M, Non-Taxable: 70096K, Alloc Tax Rate: 0.0x
[38.587s][info][gc          ] GC(108) Pause Init Mark (unload classes) 0.110ms
[38.591s][info][gc,start    ] GC(108) Concurrent marking roots
[38.591s][info][gc,task     ] GC(108) Using 1 of 3 workers for concurrent marking roots
[38.591s][info][gc          ] GC(108) Concurrent marking roots 0.526ms
[38.591s][info][gc,start    ] GC(108) Concurrent marking (unload classes)
[38.591s][info][gc,task     ] GC(108) Using 1 of 3 workers for concurrent marking
[38.601s][info][gc          ] GC(108) Concurrent marking (unload classes) 9.408ms
[38.601s][info][gc,start    ] GC(108) Pause Final Mark (unload classes)
[38.601s][info][gc,task     ] GC(108) Using 3 of 3 workers for final marking
[38.601s][info][gc,ergo     ] GC(108) Adaptive CSet Selection. Target Free: 145M, Actual Free: 908M, Max CSet: 43690K, Min Garbage: 0B
[38.601s][info][gc,ergo     ] GC(108) Collectable Garbage: 272M (99%), Immediate: 198M (72%), CSet: 76209K (27%)
[38.601s][info][gc,ergo     ] GC(108) Pacer for Evacuation. Used CSet: 78848K, Free: 857M, Non-Taxable: 87758K, Alloc Tax Rate: 1.1x
[38.601s][info][gc          ] GC(108) Pause Final Mark (unload classes) 0.207ms
[38.601s][info][gc,start    ] GC(108) Concurrent thread roots
[38.601s][info][gc,task     ] GC(108) Using 1 of 3 workers for Concurrent thread roots
[38.602s][info][gc          ] GC(108) Concurrent thread roots 0.461ms
[38.602s][info][gc,start    ] GC(108) Concurrent weak references
[38.602s][info][gc,task     ] GC(108) Using 1 of 3 workers for concurrent weak references
[38.602s][info][gc,ref      ] GC(108) Encountered references: Soft: 132, Weak: 434, Final: 9, Phantom: 21
[38.602s][info][gc,ref      ] GC(108) Discovered  references: Soft: 0, Weak: 234, Final: 7, Phantom: 14
[38.602s][info][gc,ref      ] GC(108) Enqueued    references: Soft: 0, Weak: 0, Final: 0, Phantom: 0
[38.602s][info][gc          ] GC(108) Concurrent weak references 0.057ms
[38.602s][info][gc,start    ] GC(108) Concurrent weak roots
[38.602s][info][gc,task     ] GC(108) Using 1 of 3 workers for concurrent weak root
[38.602s][info][gc          ] GC(108) Concurrent weak roots 0.715ms
[38.602s][info][gc,start    ] GC(108) Concurrent cleanup
[38.602s][info][gc          ] GC(108) Concurrent cleanup 315M->117M(1024M) 0.041ms
[38.602s][info][gc,ergo     ] GC(108) Free: 854M, Max: 512K regular, 399M humongous, Frag: 54% external, 0% internal; Reserve: 52501K, Max: 512K
[38.602s][info][gc,start    ] GC(108) Concurrent class unloading
[38.602s][info][gc,task     ] GC(108) Using 1 of 3 workers for concurrent class unloading
[38.609s][info][gc          ] GC(108) Concurrent class unloading 6.356ms
[38.609s][info][gc,start    ] GC(108) Concurrent strong roots
[38.609s][info][gc,task     ] GC(108) Using 1 of 3 workers for concurrent strong root
[38.609s][info][gc          ] GC(108) Concurrent strong roots 0.084ms
[38.609s][info][gc,start    ] GC(108) Concurrent evacuation
[38.609s][info][gc,task     ] GC(108) Using 1 of 3 workers for concurrent evacuation
[38.611s][info][gc          ] GC(108) Concurrent evacuation 1.761ms
[38.611s][info][gc,start    ] GC(108) Pause Init Update Refs
[38.611s][info][gc,ergo     ] GC(108) Pacer for Update Refs. Used: 136M, Free: 838M, Non-Taxable: 85811K, Alloc Tax Rate: 1.1x
[38.611s][info][gc          ] GC(108) Pause Init Update Refs 0.048ms
[38.615s][info][gc,start    ] GC(108) Concurrent update references
[38.615s][info][gc,task     ] GC(108) Using 1 of 3 workers for concurrent reference update
[38.621s][info][gc          ] GC(108) Concurrent update references 6.421ms
[38.621s][info][gc,start    ] GC(108) Concurrent update thread roots
[38.622s][info][gc          ] GC(108) Concurrent update thread roots 1.164ms
[38.622s][info][gc,start    ] GC(108) Pause Final Update Refs
[38.622s][info][gc,task     ] GC(108) Using 3 of 3 workers for final reference update
[38.622s][info][gc          ] GC(108) Pause Final Update Refs 0.123ms
[38.628s][info][gc,start    ] GC(108) Concurrent cleanup
[38.628s][info][gc          ] GC(108) Concurrent cleanup 171M->94M(1024M) 0.036ms
[38.628s][info][gc,ergo     ] Free: 876M, Max: 512K regular, 399M humongous, Frag: 55% external, 0% internal; Reserve: 52736K, Max: 512K
[38.628s][info][gc,stats    ] 
[38.628s][info][gc,stats    ] All times are wall-clock times, except per-root-class counters, that are sum over
[38.628s][info][gc,stats    ] all workers. Dividing the <total> over the root stage time estimates parallelism.
[38.628s][info][gc,stats    ] 
[38.628s][info][gc,stats    ] Concurrent Reset                    364 us
[38.628s][info][gc,stats    ] Pause Init Mark (G)                4033 us
[38.628s][info][gc,stats    ] Pause Init Mark (N)                 119 us
[38.628s][info][gc,stats    ]   Update Region States               40 us
[38.628s][info][gc,stats    ] Concurrent Mark Roots               537 us, parallelism: 0.84x
[38.628s][info][gc,stats    ]   CMR: <total>                      449 us
[38.628s][info][gc,stats    ]   CMR: Thread Roots                 398 us, workers (us): 398, ---, ---, 
[38.628s][info][gc,stats    ]   CMR: VM Strong Roots                5 us, workers (us):   5, ---, ---, 
[38.628s][info][gc,stats    ]   CMR: CLDG Roots                    46 us, workers (us):  46, ---, ---, 
[38.628s][info][gc,stats    ] Concurrent Marking                 9459 us
[38.628s][info][gc,stats    ] Pause Final Mark (G)                345 us
[38.628s][info][gc,stats    ] Pause Final Mark (N)                216 us
[38.628s][info][gc,stats    ]   Finish Mark                        46 us
[38.629s][info][gc,stats    ]   Update Region States               34 us
[38.629s][info][gc,stats    ]   Choose Collection Set              72 us
[38.629s][info][gc,stats    ]   Rebuild Free Set                    8 us
[38.629s][info][gc,stats    ] Concurrent Thread Roots             471 us, parallelism: 0.90x
[38.629s][info][gc,stats    ]   CTR: <total>                      425 us
[38.629s][info][gc,stats    ]   CTR: Thread Roots                 425 us, workers (us): 425, ---, ---, 
[38.629s][info][gc,stats    ] Concurrent Weak References           64 us, parallelism: 0.17x
[38.629s][info][gc,stats    ]   CWRF: <total>                      11 us
[38.629s][info][gc,stats    ]   CWRF: Weak References              11 us, workers (us):  11, ---, ---, 
[38.629s][info][gc,stats    ] Concurrent Weak Roots               732 us
[38.629s][info][gc,stats    ]   Roots                             501 us, parallelism: 0.97x
[38.629s][info][gc,stats    ]     CWR: <total>                    484 us
[38.629s][info][gc,stats    ]     CWR: Code Cache Roots           377 us, workers (us): 377, ---, ---, 
[38.629s][info][gc,stats    ]     CWR: VM Weak Roots              104 us, workers (us): 104, ---, ---, 
[38.629s][info][gc,stats    ]     CWR: CLDG Roots                   2 us, workers (us):   2, ---, ---, 
[38.629s][info][gc,stats    ]   Rendezvous                        199 us
[38.629s][info][gc,stats    ] Concurrent Cleanup                   50 us
[38.629s][info][gc,stats    ] Concurrent Class Unloading         6394 us
[38.629s][info][gc,stats    ]   Unlink Stale                     1693 us
[38.629s][info][gc,stats    ]     System Dictionary                 3 us
[38.629s][info][gc,stats    ]     Weak Class Links                  0 us
[38.629s][info][gc,stats    ]     Code Roots                     1689 us
[38.629s][info][gc,stats    ]   Rendezvous                       4570 us
[38.629s][info][gc,stats    ]   Purge Unlinked                     74 us
[38.629s][info][gc,stats    ]     Code Roots                       69 us
[38.629s][info][gc,stats    ]     CLDG                              4 us
[38.629s][info][gc,stats    ]     Exception Caches                  0 us
[38.629s][info][gc,stats    ] Concurrent Strong Roots              93 us, parallelism: 0.55x
[38.629s][info][gc,stats    ]   CSR: <total>                       51 us
[38.629s][info][gc,stats    ]   CSR: VM Strong Roots                5 us, workers (us):   5, ---, ---, 
[38.629s][info][gc,stats    ]   CSR: CLDG Roots                    47 us, workers (us):  47, ---, ---, 
[38.629s][info][gc,stats    ] Concurrent Evacuation              1808 us
[38.629s][info][gc,stats    ] Pause Init Update Refs (G)         3952 us
[38.629s][info][gc,stats    ] Pause Init Update Refs (N)           57 us
[38.629s][info][gc,stats    ]   Manage GCLABs                       3 us
[38.629s][info][gc,stats    ] Concurrent Update Refs             6486 us
[38.629s][info][gc,stats    ] Concurrent Update Thread Roots     1184 us
[38.629s][info][gc,stats    ] Pause Final Update Refs (G)        5993 us
[38.629s][info][gc,stats    ] Pause Final Update Refs (N)         135 us
[38.629s][info][gc,stats    ]   Update Region States               48 us
[38.629s][info][gc,stats    ]   Trash Collection Set                5 us
[38.629s][info][gc,stats    ]   Rebuild Free Set                   15 us
[38.629s][info][gc,stats    ] Concurrent Cleanup                   45 us
[38.629s][info][gc,stats    ] Pacing                            31404 us
[38.629s][info][gc,stats    ] 
[38.629s][info][gc,stats    ] Allocation pacing accrued:
[38.629s][info][gc,stats    ]       6 of   169 ms (  3.3%): Thread-54
[38.629s][info][gc,stats    ]       5 of   169 ms (  2.7%): Thread-55
[38.629s][info][gc,stats    ]       5 of   169 ms (  2.9%): Thread-56
[38.629s][info][gc,stats    ]       6 of   169 ms (  3.5%): Thread-57
[38.629s][info][gc,stats    ]       5 of   169 ms (  3.1%): Thread-58
[38.629s][info][gc,stats    ]       5 of   169 ms (  3.1%): Thread-59
[38.629s][info][gc,stats    ]      31 of   169 ms ( 18.6%): <total>
[38.629s][info][gc,stats    ]       2 of   169 ms (  1.0%): <average total>
[38.629s][info][gc,stats    ]       5 of   169 ms (  3.1%): <average non-zero>
[38.629s][info][gc,stats    ] 
[38.629s][info][gc,metaspace] Metaspace: 6333K(6528K)->6333K(6528K) NonClass: 5727K(5824K)->5727K(5824K) Class: 606K(704K)->606K(704K)
[38.629s][info][gc,ergo     ] Pacer for Idle. Initial: 20971K, Alloc Tax Rate: 1.0x
[38.697s][info][gc          ] Trigger: Learning 4 of 5. Free (704M) is below initial threshold (716M)
[38.698s][info][gc,ergo     ] Free: 704M, Max: 512K regular, 399M humongous, Frag: 44% external, 0% internal; Reserve: 52736K, Max: 512K
[38.698s][info][gc,start    ] GC(109) Concurrent reset
[38.698s][info][gc,task     ] GC(109) Using 1 of 3 workers for concurrent reset
[38.698s][info][gc,ergo     ] GC(109) Pacer for Reset. Non-Taxable: 1024M
[38.698s][info][gc          ] GC(109) Concurrent reset 0.455ms
[38.698s][info][gc,start    ] GC(109) Pause Init Mark (unload classes)
[38.698s][info][gc,task     ] GC(109) Using 3 of 3 workers for init marking
[38.698s][info][gc,ergo     ] GC(109) Pacer for Mark. Expected Live: 13697K, Free: 703M, Non-Taxable: 71992K, Alloc Tax Rate: 0.0x
[38.698s][info][gc          ] GC(109) Pause Init Mark (unload classes) 0.121ms
[38.704s][info][gc,start    ] GC(109) Concurrent marking roots
[38.704s][info][gc,task     ] GC(109) Using 1 of 3 workers for concurrent marking roots
[38.705s][info][gc          ] GC(109) Concurrent marking roots 0.551ms
[38.705s][info][gc,start    ] GC(109) Concurrent marking (unload classes)
[38.705s][info][gc,task     ] GC(109) Using 1 of 3 workers for concurrent marking
[38.713s][info][gc          ] GC(109) Concurrent marking (unload classes) 8.502ms
[38.713s][info][gc,start    ] GC(109) Pause Final Mark (unload classes)
[38.713s][info][gc,task     ] GC(109) Using 3 of 3 workers for final marking
[38.713s][info][gc,ergo     ] GC(109) Adaptive CSet Selection. Target Free: 145M, Actual Free: 858M, Max CSet: 43690K, Min Garbage: 0B
[38.714s][info][gc,ergo     ] GC(109) Collectable Garbage: 253M (99%), Immediate: 136M (53%), CSet: 117M (46%)
[38.714s][info][gc,ergo     ] GC(109) Pacer for Evacuation. Used CSet: 120M, Free: 807M, Non-Taxable: 82637K, Alloc Tax Rate: 1.1x
[38.714s][info][gc          ] GC(109) Pause Final Mark (unload classes) 0.238ms
[38.719s][info][gc,start    ] GC(109) Concurrent thread roots
[38.719s][info][gc,task     ] GC(109) Using 1 of 3 workers for Concurrent thread roots
[38.720s][info][gc          ] GC(109) Concurrent thread roots 0.513ms
[38.720s][info][gc,start    ] GC(109) Concurrent weak references
[38.720s][info][gc,task     ] GC(109) Using 1 of 3 workers for concurrent weak references
[38.720s][info][gc,ref      ] GC(109) Encountered references: Soft: 132, Weak: 434, Final: 9, Phantom: 21
[38.720s][info][gc,ref      ] GC(109) Discovered  references: Soft: 0, Weak: 234, Final: 7, Phantom: 14
[38.720s][info][gc,ref      ] GC(109) Enqueued    references: Soft: 0, Weak: 0, Final: 0, Phantom: 0
[38.720s][info][gc          ] GC(109) Concurrent weak references 0.062ms
[38.720s][info][gc,start    ] GC(109) Concurrent weak roots
[38.720s][info][gc,task     ] GC(109) Using 1 of 3 workers for concurrent weak root
[38.727s][info][gc          ] GC(109) Concurrent weak roots 7.246ms
[38.727s][info][gc,start    ] GC(109) Concurrent cleanup
[38.727s][info][gc          ] GC(109) Concurrent cleanup 329M->193M(1024M) 0.041ms
[38.727s][info][gc,ergo     ] GC(109) Free: 779M, Max: 512K regular, 386M humongous, Frag: 51% external, 0% internal; Reserve: 51679K, Max: 512K
[38.727s][info][gc,start    ] GC(109) Concurrent class unloading
[38.727s][info][gc,task     ] GC(109) Using 1 of 3 workers for concurrent class unloading
[38.729s][info][gc          ] GC(109) Concurrent class unloading 2.102ms
[38.729s][info][gc,start    ] GC(109) Concurrent strong roots
[38.729s][info][gc,task     ] GC(109) Using 1 of 3 workers for concurrent strong root
[38.730s][info][gc          ] GC(109) Concurrent strong roots 0.088ms
[38.730s][info][gc,start    ] GC(109) Concurrent evacuation
[38.730s][info][gc,task     ] GC(109) Using 1 of 3 workers for concurrent evacuation
[38.731s][info][gc          ] GC(109) Concurrent evacuation 1.767ms
[38.731s][info][gc,start    ] GC(109) Pause Init Update Refs
[38.732s][info][gc,ergo     ] GC(109) Pacer for Update Refs. Used: 202M, Free: 772M, Non-Taxable: 79061K, Alloc Tax Rate: 1.1x
[38.732s][info][gc          ] GC(109) Pause Init Update Refs 0.057ms
[38.745s][info][gc,start    ] GC(109) Concurrent update references
[38.745s][info][gc,task     ] GC(109) Using 1 of 3 workers for concurrent reference update
[38.752s][info][gc          ] GC(109) Concurrent update references 6.946ms
[38.752s][info][gc,start    ] GC(109) Concurrent update thread roots
[38.755s][info][gc          ] GC(109) Concurrent update thread roots 2.661ms
[38.755s][info][gc,start    ] GC(109) Pause Final Update Refs
[38.755s][info][gc,task     ] GC(109) Using 3 of 3 workers for final reference update
[38.755s][info][gc          ] GC(109) Pause Final Update Refs 0.098ms
[38.765s][info][gc,start    ] GC(109) Concurrent cleanup
[38.765s][info][gc          ] GC(109) Concurrent cleanup 262M->149M(1024M) 0.064ms
[38.765s][info][gc,ergo     ] Free: 822M, Max: 512K regular, 386M humongous, Frag: 53% external, 0% internal; Reserve: 52736K, Max: 512K
[38.765s][info][gc,stats    ] 
[38.765s][info][gc,stats    ] All times are wall-clock times, except per-root-class counters, that are sum over
[38.765s][info][gc,stats    ] all workers. Dividing the <total> over the root stage time estimates parallelism.
[38.765s][info][gc,stats    ] 
[38.765s][info][gc,stats    ] Concurrent Reset                    496 us
[38.765s][info][gc,stats    ] Pause Init Mark (G)                6044 us
[38.765s][info][gc,stats    ] Pause Init Mark (N)                 131 us
[38.765s][info][gc,stats    ]   Update Region States               42 us
[38.765s][info][gc,stats    ] Concurrent Mark Roots               568 us, parallelism: 0.82x
[38.765s][info][gc,stats    ]   CMR: <total>                      464 us
[38.765s][info][gc,stats    ]   CMR: Thread Roots                 414 us, workers (us): 414, ---, ---, 
[38.765s][info][gc,stats    ]   CMR: VM Strong Roots                5 us, workers (us):   5, ---, ---, 
[38.765s][info][gc,stats    ]   CMR: CLDG Roots                    46 us, workers (us):  46, ---, ---, 
[38.765s][info][gc,stats    ] Concurrent Marking                 8563 us
[38.765s][info][gc,stats    ] Pause Final Mark (G)               6117 us
[38.765s][info][gc,stats    ] Pause Final Mark (N)                248 us
[38.765s][info][gc,stats    ]   Finish Mark                        48 us
[38.765s][info][gc,stats    ]   Update Region States               35 us
[38.765s][info][gc,stats    ]   Choose Collection Set              83 us
[38.765s][info][gc,stats    ]   Rebuild Free Set                    9 us
[38.765s][info][gc,stats    ] Concurrent Thread Roots             523 us, parallelism: 0.87x
[38.765s][info][gc,stats    ]   CTR: <total>                      456 us
[38.765s][info][gc,stats    ]   CTR: Thread Roots                 456 us, workers (us): 456, ---, ---, 
[38.765s][info][gc,stats    ] Concurrent Weak References           69 us, parallelism: 0.18x
[38.765s][info][gc,stats    ]   CWRF: <total>                      13 us
[38.765s][info][gc,stats    ]   CWRF: Weak References              13 us, workers (us):  13, ---, ---, 
[38.765s][info][gc,stats    ] Concurrent Weak Roots              7286 us
[38.765s][info][gc,stats    ]   Roots                             531 us, parallelism: 0.97x
[38.765s][info][gc,stats    ]     CWR: <total>                    513 us
[38.765s][info][gc,stats    ]     CWR: Code Cache Roots           402 us, workers (us): 402, ---, ---, 
[38.765s][info][gc,stats    ]     CWR: VM Weak Roots              108 us, workers (us): 108, ---, ---, 
[38.765s][info][gc,stats    ]     CWR: CLDG Roots                   2 us, workers (us):   2, ---, ---, 
[38.765s][info][gc,stats    ]   Rendezvous                       6696 us
[38.765s][info][gc,stats    ] Concurrent Cleanup                   50 us
[38.765s][info][gc,stats    ] Concurrent Class Unloading         2133 us
[38.765s][info][gc,stats    ]   Unlink Stale                     1895 us
[38.765s][info][gc,stats    ]     System Dictionary                 7 us
[38.765s][info][gc,stats    ]     Weak Class Links                  1 us
[38.765s][info][gc,stats    ]     Code Roots                     1886 us
[38.765s][info][gc,stats    ]   Rendezvous                        129 us
[38.765s][info][gc,stats    ]   Purge Unlinked                     59 us
[38.765s][info][gc,stats    ]     Code Roots                       55 us
[38.765s][info][gc,stats    ]     CLDG                              4 us
[38.765s][info][gc,stats    ]     Exception Caches                  0 us
[38.765s][info][gc,stats    ] Concurrent Strong Roots              96 us, parallelism: 0.56x
[38.765s][info][gc,stats    ]   CSR: <total>                       54 us
[38.765s][info][gc,stats    ]   CSR: VM Strong Roots                5 us, workers (us):   5, ---, ---, 
[38.765s][info][gc,stats    ]   CSR: CLDG Roots                    49 us, workers (us):  49, ---, ---, 
[38.765s][info][gc,stats    ] Concurrent Evacuation              1813 us
[38.765s][info][gc,stats    ] Pause Init Update Refs (G)        13780 us
[38.765s][info][gc,stats    ] Pause Init Update Refs (N)           67 us
[38.765s][info][gc,stats    ]   Manage GCLABs                       4 us
[38.765s][info][gc,stats    ] Concurrent Update Refs             7002 us
[38.765s][info][gc,stats    ] Concurrent Update Thread Roots     2680 us
[38.765s][info][gc,stats    ] Pause Final Update Refs (G)       10013 us
[38.765s][info][gc,stats    ] Pause Final Update Refs (N)         135 us
[38.765s][info][gc,stats    ]   Update Region States               40 us
[38.765s][info][gc,stats    ]   Trash Collection Set                7 us
[38.765s][info][gc,stats    ]   Rebuild Free Set                   14 us
[38.765s][info][gc,stats    ] Concurrent Cleanup                   74 us
[38.765s][info][gc,stats    ] 
[38.765s][info][gc,stats    ] Allocation pacing accrued:
[38.765s][info][gc,stats    ]       0 of   137 ms (  0.0%): <total>
[38.765s][info][gc,stats    ]       0 of   137 ms (  0.0%): <average total>
[38.765s][info][gc,stats    ] 
[38.765s][info][gc,metaspace] Metaspace: 6333K(6528K)->6333K(6528K) NonClass: 5727K(5824K)->5727K(5824K) Class: 606K(704K)->606K(704K)
[38.765s][info][gc,ergo     ] Pacer for Idle. Initial: 20971K, Alloc Tax Rate: 1.0x
[38.808s][info][gc          ] Trigger: Learning 5 of 5. Free (716M) is below initial threshold (716M)
[38.809s][info][gc,ergo     ] Free: 715M, Max: 512K regular, 386M humongous, Frag: 46% external, 0% internal; Reserve: 52736K, Max: 512K
[38.809s][info][gc,start    ] GC(110) Concurrent reset
[38.809s][info][gc,task     ] GC(110) Using 1 of 3 workers for concurrent reset
[38.809s][info][gc,ergo     ] GC(110) Pacer for Reset. Non-Taxable: 1024M
[38.809s][info][gc          ] GC(110) Concurrent reset 0.557ms
[38.809s][info][gc,start    ] GC(110) Pause Init Mark (unload classes)
[38.809s][info][gc,task     ] GC(110) Using 3 of 3 workers for init marking
[38.809s][info][gc,ergo     ] GC(110) Pacer for Mark. Expected Live: 13723K, Free: 715M, Non-Taxable: 73216K, Alloc Tax Rate: 0.0x
[38.809s][info][gc          ] GC(110) Pause Init Mark (unload classes) 0.128ms
[38.815s][info][gc,start    ] GC(110) Concurrent marking roots
[38.815s][info][gc,task     ] GC(110) Using 1 of 3 workers for concurrent marking roots
[38.816s][info][gc          ] GC(110) Concurrent marking roots 0.571ms
[38.816s][info][gc,start    ] GC(110) Concurrent marking (unload classes)
[38.816s][info][gc,task     ] GC(110) Using 1 of 3 workers for concurrent marking
[38.824s][info][gc          ] GC(110) Concurrent marking (unload classes) 8.616ms
[38.824s][info][gc,start    ] GC(110) Pause Final Mark (unload classes)
[38.824s][info][gc,task     ] GC(110) Using 3 of 3 workers for final marking
[38.825s][info][gc,ergo     ] GC(110) Adaptive CSet Selection. Target Free: 145M, Actual Free: 935M, Max CSet: 43690K, Min Garbage: 0B
[38.825s][info][gc,ergo     ] GC(110) Collectable Garbage: 242M (99%), Immediate: 203M (83%), CSet: 40043K (16%)
[38.825s][info][gc,ergo     ] GC(110) Pacer for Evacuation. Used CSet: 42496K, Free: 883M, Non-Taxable: 90470K, Alloc Tax Rate: 1.1x
[38.825s][info][gc          ] GC(110) Pause Final Mark (unload classes) 0.199ms
[38.826s][info][gc,start    ] GC(110) Concurrent thread roots
[38.826s][info][gc,task     ] GC(110) Using 1 of 3 workers for Concurrent thread roots
[38.827s][info][gc          ] GC(110) Concurrent thread roots 0.494ms
[38.827s][info][gc,start    ] GC(110) Concurrent weak references
[38.827s][info][gc,task     ] GC(110) Using 1 of 3 workers for concurrent weak references
[38.827s][info][gc,ref      ] GC(110) Encountered references: Soft: 132, Weak: 434, Final: 9, Phantom: 21
[38.827s][info][gc,ref      ] GC(110) Discovered  references: Soft: 0, Weak: 234, Final: 7, Phantom: 14
[38.827s][info][gc,ref      ] GC(110) Enqueued    references: Soft: 0, Weak: 0, Final: 0, Phantom: 0
[38.827s][info][gc          ] GC(110) Concurrent weak references 0.056ms
[38.827s][info][gc,start    ] GC(110) Concurrent weak roots
[38.827s][info][gc,task     ] GC(110) Using 1 of 3 workers for concurrent weak root
[38.831s][info][gc          ] GC(110) Concurrent weak roots 4.473ms
[38.831s][info][gc,start    ] GC(110) Concurrent cleanup
[38.832s][info][gc          ] GC(110) Concurrent cleanup 305M->102M(1024M) 0.047ms
[38.832s][info][gc,ergo     ] GC(110) Free: 869M, Max: 512K regular, 422M humongous, Frag: 52% external, 0% internal; Reserve: 52224K, Max: 512K
[38.832s][info][gc,start    ] GC(110) Concurrent class unloading
[38.832s][info][gc,task     ] GC(110) Using 1 of 3 workers for concurrent class unloading
[38.834s][info][gc          ] GC(110) Concurrent class unloading 1.941ms
[38.834s][info][gc,start    ] GC(110) Concurrent strong roots
[38.834s][info][gc,task     ] GC(110) Using 1 of 3 workers for concurrent strong root
[38.834s][info][gc          ] GC(110) Concurrent strong roots 0.084ms
[38.834s][info][gc,start    ] GC(110) Concurrent evacuation
[38.834s][info][gc,task     ] GC(110) Using 1 of 3 workers for concurrent evacuation
[38.835s][info][gc          ] GC(110) Concurrent evacuation 1.280ms
[38.835s][info][gc,start    ] GC(110) Pause Init Update Refs
[38.835s][info][gc,ergo     ] GC(110) Pacer for Update Refs. Used: 109M, Free: 864M, Non-Taxable: 88529K, Alloc Tax Rate: 1.1x
[38.835s][info][gc          ] GC(110) Pause Init Update Refs 0.044ms
[38.836s][info][gc,start    ] GC(110) Concurrent update references
[38.836s][info][gc,task     ] GC(110) Using 1 of 3 workers for concurrent reference update
[38.844s][info][gc          ] GC(110) Concurrent update references 7.427ms
[38.844s][info][gc,start    ] GC(110) Concurrent update thread roots
[38.850s][info][gc          ] GC(110) Concurrent update thread roots 5.953ms
[38.850s][info][gc,start    ] GC(110) Pause Final Update Refs
[38.850s][info][gc,task     ] GC(110) Using 3 of 3 workers for final reference update
[38.850s][info][gc          ] GC(110) Pause Final Update Refs 0.108ms
[38.852s][info][gc,start    ] GC(110) Concurrent cleanup
[38.852s][info][gc          ] GC(110) Concurrent cleanup 139M->97M(1024M) 0.030ms
[38.852s][info][gc,ergo     ] Free: 873M, Max: 512K regular, 422M humongous, Frag: 52% external, 0% internal; Reserve: 52736K, Max: 512K
[38.852s][info][gc,stats    ] 
[38.852s][info][gc,stats    ] All times are wall-clock times, except per-root-class counters, that are sum over
[38.852s][info][gc,stats    ] all workers. Dividing the <total> over the root stage time estimates parallelism.
[38.852s][info][gc,stats    ] 
[38.852s][info][gc,stats    ] Concurrent Reset                    581 us
[38.852s][info][gc,stats    ] Pause Init Mark (G)                5989 us
[38.852s][info][gc,stats    ] Pause Init Mark (N)                 137 us
[38.852s][info][gc,stats    ]   Update Region States               42 us
[38.852s][info][gc,stats    ] Concurrent Mark Roots               583 us, parallelism: 0.77x
[38.852s][info][gc,stats    ]   CMR: <total>                      448 us
[38.852s][info][gc,stats    ]   CMR: Thread Roots                 393 us, workers (us): 393, ---, ---, 
[38.852s][info][gc,stats    ]   CMR: VM Strong Roots                6 us, workers (us):   6, ---, ---, 
[38.852s][info][gc,stats    ]   CMR: CLDG Roots                    49 us, workers (us):  49, ---, ---, 
[38.852s][info][gc,stats    ] Concurrent Marking                 8667 us
[38.852s][info][gc,stats    ] Pause Final Mark (G)               2051 us
[38.852s][info][gc,stats    ] Pause Final Mark (N)                207 us
[38.852s][info][gc,stats    ]   Finish Mark                        48 us
[38.852s][info][gc,stats    ]   Update Region States               34 us
[38.852s][info][gc,stats    ]   Choose Collection Set              51 us
[38.852s][info][gc,stats    ]   Rebuild Free Set                    8 us
[38.852s][info][gc,stats    ] Concurrent Thread Roots             504 us, parallelism: 0.89x
[38.852s][info][gc,stats    ]   CTR: <total>                      448 us
[38.852s][info][gc,stats    ]   CTR: Thread Roots                 448 us, workers (us): 448, ---, ---, 
[38.852s][info][gc,stats    ] Concurrent Weak References           64 us, parallelism: 0.15x
[38.852s][info][gc,stats    ]   CWRF: <total>                      10 us
[38.852s][info][gc,stats    ]   CWRF: Weak References              10 us, workers (us):  10, ---, ---, 
[38.852s][info][gc,stats    ] Concurrent Weak Roots              4495 us
[38.852s][info][gc,stats    ]   Roots                             510 us, parallelism: 0.96x
[38.852s][info][gc,stats    ]     CWR: <total>                    492 us
[38.852s][info][gc,stats    ]     CWR: Code Cache Roots           385 us, workers (us): 385, ---, ---, 
[38.852s][info][gc,stats    ]     CWR: VM Weak Roots              105 us, workers (us): 105, ---, ---, 
[38.852s][info][gc,stats    ]     CWR: CLDG Roots                   2 us, workers (us):   2, ---, ---, 
[38.852s][info][gc,stats    ]   Rendezvous                       3948 us
[38.852s][info][gc,stats    ] Concurrent Cleanup                   56 us
[38.852s][info][gc,stats    ] Concurrent Class Unloading         1966 us
[38.852s][info][gc,stats    ]   Unlink Stale                     1698 us
[38.852s][info][gc,stats    ]     System Dictionary                 3 us
[38.852s][info][gc,stats    ]     Weak Class Links                  0 us
[38.852s][info][gc,stats    ]     Code Roots                     1695 us
[38.852s][info][gc,stats    ]   Rendezvous                        176 us
[38.852s][info][gc,stats    ]   Purge Unlinked                     50 us
[38.852s][info][gc,stats    ]     Code Roots                       46 us
[38.852s][info][gc,stats    ]     CLDG                              4 us
[38.852s][info][gc,stats    ]     Exception Caches                  0 us
[38.852s][info][gc,stats    ] Concurrent Strong Roots              92 us, parallelism: 0.57x
[38.852s][info][gc,stats    ]   CSR: <total>                       52 us
[38.852s][info][gc,stats    ]   CSR: VM Strong Roots                4 us, workers (us):   4, ---, ---, 
[38.852s][info][gc,stats    ]   CSR: CLDG Roots                    48 us, workers (us):  48, ---, ---, 
[38.852s][info][gc,stats    ] Concurrent Evacuation              1314 us
[38.852s][info][gc,stats    ] Pause Init Update Refs (G)         1502 us
[38.852s][info][gc,stats    ] Pause Init Update Refs (N)           53 us
[38.852s][info][gc,stats    ]   Manage GCLABs                       3 us
[38.852s][info][gc,stats    ] Concurrent Update Refs             7520 us
[38.852s][info][gc,stats    ] Concurrent Update Thread Roots     5999 us
[38.852s][info][gc,stats    ] Pause Final Update Refs (G)        1998 us
[38.852s][info][gc,stats    ] Pause Final Update Refs (N)         129 us
[38.852s][info][gc,stats    ]   Update Region States               43 us
[38.852s][info][gc,stats    ]   Trash Collection Set                4 us
[38.852s][info][gc,stats    ]   Rebuild Free Set                   15 us
[38.853s][info][gc,stats    ] Concurrent Cleanup                   41 us
[38.853s][info][gc,stats    ] Pacing                            18539 us
[38.853s][info][gc,stats    ] 
[38.853s][info][gc,stats    ] Allocation pacing accrued:
[38.853s][info][gc,stats    ]       4 of    87 ms (  4.0%): Thread-54
[38.853s][info][gc,stats    ]       3 of    87 ms (  3.6%): Thread-55
[38.853s][info][gc,stats    ]       3 of    87 ms (  3.2%): Thread-56
[38.853s][info][gc,stats    ]       3 of    87 ms (  3.1%): Thread-57
[38.853s][info][gc,stats    ]       3 of    87 ms (  3.4%): Thread-58
[38.853s][info][gc,stats    ]       3 of    87 ms (  4.0%): Thread-59
[38.853s][info][gc,stats    ]      19 of    87 ms ( 21.3%): <total>
[38.853s][info][gc,stats    ]       1 of    87 ms (  1.1%): <average total>
[38.853s][info][gc,stats    ]       3 of    87 ms (  3.5%): <average non-zero>
[38.853s][info][gc,stats    ] 
[38.853s][info][gc,metaspace] Metaspace: 6333K(6528K)->6333K(6528K) NonClass: 5727K(5824K)->5727K(5824K) Class: 606K(704K)->606K(704K)
[38.853s][info][gc,ergo     ] Pacer for Idle. Initial: 20971K, Alloc Tax Rate: 1.0x
[39.124s][info][gc          ] Trigger: Average GC time (70.35 ms) is above the time for average allocation rate (2351 MB/s) to deplete free headroom (158M) (margin of error = 1.73)
[39.124s][info][gc,ergo     ] Free headroom: 209M (free) - 52428K (spike) - 0B (penalties) = 158M
[39.124s][info][gc,ergo     ] Free: 209M, Max: 512K regular, 209M humongous, Frag: 0% external, 0% internal; Reserve: 52736K, Max: 512K
[39.124s][info][gc,start    ] GC(111) Concurrent reset
[39.124s][info][gc,task     ] GC(111) Using 1 of 3 workers for concurrent reset
[39.125s][info][gc,ergo     ] GC(111) Pacer for Reset. Non-Taxable: 1024M
[39.125s][info][gc          ] GC(111) Concurrent reset 0.241ms
[39.125s][info][gc,start    ] GC(111) Pause Init Mark (unload classes)
[39.125s][info][gc,task     ] GC(111) Using 3 of 3 workers for init marking
[39.125s][info][gc,ergo     ] GC(111) Pacer for Mark. Expected Live: 13745K, Free: 209M, Non-Taxable: 21453K, Alloc Tax Rate: 0.1x
[39.125s][info][gc          ] GC(111) Pause Init Mark (unload classes) 0.140ms
[39.128s][info][gc,start    ] GC(111) Concurrent marking roots
[39.128s][info][gc,task     ] GC(111) Using 1 of 3 workers for concurrent marking roots
[39.129s][info][gc          ] GC(111) Concurrent marking roots 0.615ms
[39.129s][info][gc,start    ] GC(111) Concurrent marking (unload classes)
[39.129s][info][gc,task     ] GC(111) Using 1 of 3 workers for concurrent marking
[39.140s][info][gc          ] GC(111) Concurrent marking (unload classes) 11.198ms
[39.140s][info][gc,start    ] GC(111) Pause Final Mark (unload classes)
[39.140s][info][gc,task     ] GC(111) Using 3 of 3 workers for final marking
[39.140s][info][gc,ergo     ] GC(111) Adaptive CSet Selection. Target Free: 145M, Actual Free: 882M, Max CSet: 43690K, Min Garbage: 0B
[39.140s][info][gc,ergo     ] GC(111) Collectable Garbage: 747M (99%), Immediate: 652M (87%), CSet: 97921K (12%)
[39.140s][info][gc,ergo     ] GC(111) Pacer for Evacuation. Used CSet: 100352K, Free: 831M, Non-Taxable: 85094K, Alloc Tax Rate: 1.1x
[39.140s][info][gc          ] GC(111) Pause Final Mark (unload classes) 0.242ms
[39.140s][info][gc,start    ] GC(111) Concurrent thread roots
[39.140s][info][gc,task     ] GC(111) Using 1 of 3 workers for Concurrent thread roots
[39.141s][info][gc          ] GC(111) Concurrent thread roots 0.636ms
[39.141s][info][gc,start    ] GC(111) Concurrent weak references
[39.141s][info][gc,task     ] GC(111) Using 1 of 3 workers for concurrent weak references
[39.141s][info][gc,ref      ] GC(111) Encountered references: Soft: 132, Weak: 434, Final: 9, Phantom: 21
[39.141s][info][gc,ref      ] GC(111) Discovered  references: Soft: 0, Weak: 234, Final: 7, Phantom: 14
[39.141s][info][gc,ref      ] GC(111) Enqueued    references: Soft: 0, Weak: 0, Final: 0, Phantom: 0
[39.141s][info][gc          ] GC(111) Concurrent weak references 0.067ms
[39.141s][info][gc,start    ] GC(111) Concurrent weak roots
[39.141s][info][gc,task     ] GC(111) Using 1 of 3 workers for concurrent weak root
[39.145s][info][gc          ] GC(111) Concurrent weak roots 3.572ms
[39.145s][info][gc,start    ] GC(111) Concurrent cleanup
[39.145s][info][gc          ] GC(111) Concurrent cleanup 800M->148M(1024M) 0.096ms
[39.145s][info][gc,ergo     ] GC(111) Free: 823M, Max: 512K regular, 501M humongous, Frag: 40% external, 0% internal; Reserve: 52364K, Max: 512K
[39.145s][info][gc,start    ] GC(111) Concurrent class unloading
[39.145s][info][gc,task     ] GC(111) Using 1 of 3 workers for concurrent class unloading
[39.151s][info][gc          ] GC(111) Concurrent class unloading 5.823ms
[39.151s][info][gc,start    ] GC(111) Concurrent strong roots
[39.151s][info][gc,task     ] GC(111) Using 1 of 3 workers for concurrent strong root
[39.151s][info][gc          ] GC(111) Concurrent strong roots 0.082ms
[39.151s][info][gc,start    ] GC(111) Concurrent evacuation
[39.151s][info][gc,task     ] GC(111) Using 1 of 3 workers for concurrent evacuation
[39.152s][info][gc          ] GC(111) Concurrent evacuation 1.423ms
[39.152s][info][gc,start    ] GC(111) Pause Init Update Refs
[39.152s][info][gc,ergo     ] GC(111) Pacer for Update Refs. Used: 162M, Free: 812M, Non-Taxable: 83149K, Alloc Tax Rate: 1.1x
[39.152s][info][gc          ] GC(111) Pause Init Update Refs 0.079ms
[39.156s][info][gc,start    ] GC(111) Concurrent update references
[39.156s][info][gc,task     ] GC(111) Using 1 of 3 workers for concurrent reference update
[39.163s][info][gc          ] GC(111) Concurrent update references 6.653ms
[39.163s][info][gc,start    ] GC(111) Concurrent update thread roots
[39.167s][info][gc          ] GC(111) Concurrent update thread roots 4.324ms
[39.167s][info][gc,start    ] GC(111) Pause Final Update Refs
[39.167s][info][gc,task     ] GC(111) Using 3 of 3 workers for final reference update
[39.167s][info][gc          ] GC(111) Pause Final Update Refs 0.117ms
[39.176s][info][gc,start    ] GC(111) Concurrent cleanup
[39.176s][info][gc          ] GC(111) Concurrent cleanup 193M->95M(1024M) 0.045ms
[39.176s][info][gc,ergo     ] Free: 875M, Max: 512K regular, 657M humongous, Frag: 25% external, 0% internal; Reserve: 52736K, Max: 512K
[39.176s][info][gc,stats    ] 
[39.176s][info][gc,stats    ] All times are wall-clock times, except per-root-class counters, that are sum over
[39.176s][info][gc,stats    ] all workers. Dividing the <total> over the root stage time estimates parallelism.
[39.176s][info][gc,stats    ] 
[39.176s][info][gc,stats    ] Concurrent Reset                    253 us
[39.176s][info][gc,stats    ] Pause Init Mark (G)                3158 us
[39.176s][info][gc,stats    ] Pause Init Mark (N)                 156 us
[39.176s][info][gc,stats    ]   Update Region States               29 us
[39.176s][info][gc,stats    ] Concurrent Mark Roots               627 us, parallelism: 0.85x
[39.176s][info][gc,stats    ]   CMR: <total>                      531 us
[39.176s][info][gc,stats    ]   CMR: Thread Roots                 477 us, workers (us): 477, ---, ---, 
[39.176s][info][gc,stats    ]   CMR: VM Strong Roots                5 us, workers (us):   5, ---, ---, 
[39.176s][info][gc,stats    ]   CMR: CLDG Roots                    49 us, workers (us):  49, ---, ---, 
[39.176s][info][gc,stats    ] Concurrent Marking                11254 us
[39.176s][info][gc,stats    ] Pause Final Mark (G)                442 us
[39.176s][info][gc,stats    ] Pause Final Mark (N)                252 us
[39.176s][info][gc,stats    ]   Finish Mark                        43 us
[39.176s][info][gc,stats    ]   Update Region States               35 us
[39.176s][info][gc,stats    ]   Choose Collection Set              86 us
[39.176s][info][gc,stats    ]   Rebuild Free Set                    9 us
[39.176s][info][gc,stats    ] Concurrent Thread Roots             659 us, parallelism: 0.88x
[39.176s][info][gc,stats    ]   CTR: <total>                      580 us
[39.176s][info][gc,stats    ]   CTR: Thread Roots                 580 us, workers (us): 580, ---, ---, 
[39.176s][info][gc,stats    ] Concurrent Weak References           75 us, parallelism: 0.19x
[39.176s][info][gc,stats    ]   CWRF: <total>                      14 us
[39.176s][info][gc,stats    ]   CWRF: Weak References              14 us, workers (us):  14, ---, ---, 
[39.176s][info][gc,stats    ] Concurrent Weak Roots              3595 us
[39.176s][info][gc,stats    ]   Roots                             508 us, parallelism: 0.96x
[39.176s][info][gc,stats    ]     CWR: <total>                    489 us
[39.176s][info][gc,stats    ]     CWR: Code Cache Roots           376 us, workers (us): 376, ---, ---, 
[39.176s][info][gc,stats    ]     CWR: VM Weak Roots              110 us, workers (us): 110, ---, ---, 
[39.176s][info][gc,stats    ]     CWR: CLDG Roots                   3 us, workers (us):   3, ---, ---, 
[39.176s][info][gc,stats    ]   Rendezvous                       3047 us
[39.176s][info][gc,stats    ] Concurrent Cleanup                  105 us
[39.176s][info][gc,stats    ] Concurrent Class Unloading         5874 us
[39.176s][info][gc,stats    ]   Unlink Stale                     1915 us
[39.176s][info][gc,stats    ]     System Dictionary                 3 us
[39.176s][info][gc,stats    ]     Weak Class Links                  1 us
[39.176s][info][gc,stats    ]     Code Roots                     1909 us
[39.176s][info][gc,stats    ]   Rendezvous                       3789 us
[39.176s][info][gc,stats    ]   Purge Unlinked                     99 us
[39.176s][info][gc,stats    ]     Code Roots                       94 us
[39.176s][info][gc,stats    ]     CLDG                              5 us
[39.176s][info][gc,stats    ]     Exception Caches                  0 us
[39.176s][info][gc,stats    ] Concurrent Strong Roots              90 us, parallelism: 0.54x
[39.176s][info][gc,stats    ]   CSR: <total>                       49 us
[39.176s][info][gc,stats    ]   CSR: VM Strong Roots                4 us, workers (us):   4, ---, ---, 
[39.176s][info][gc,stats    ]   CSR: CLDG Roots                    45 us, workers (us):  45, ---, ---, 
[39.176s][info][gc,stats    ] Concurrent Evacuation              1460 us
[39.176s][info][gc,stats    ] Pause Init Update Refs (G)         4112 us
[39.176s][info][gc,stats    ] Pause Init Update Refs (N)           89 us
[39.176s][info][gc,stats    ]   Manage GCLABs                       3 us
[39.176s][info][gc,stats    ] Concurrent Update Refs             6705 us
[39.176s][info][gc,stats    ] Concurrent Update Thread Roots     4347 us
[39.176s][info][gc,stats    ] Pause Final Update Refs (G)        8234 us
[39.176s][info][gc,stats    ] Pause Final Update Refs (N)         128 us
[39.176s][info][gc,stats    ]   Update Region States               45 us
[39.176s][info][gc,stats    ]   Trash Collection Set                7 us
[39.176s][info][gc,stats    ]   Rebuild Free Set                   16 us
[39.176s][info][gc,stats    ] Concurrent Cleanup                   69 us
[39.176s][info][gc,stats    ] 
[39.176s][info][gc,stats    ] Allocation pacing accrued:
[39.176s][info][gc,stats    ]       0 of   324 ms (  0.0%): <total>
[39.176s][info][gc,stats    ]       0 of   324 ms (  0.0%): <average total>
[39.176s][info][gc,stats    ] 
[39.176s][info][gc,metaspace] Metaspace: 6333K(6528K)->6333K(6528K) NonClass: 5727K(5824K)->5727K(5824K) Class: 606K(704K)->606K(704K)
[39.176s][info][gc,ergo     ] Pacer for Idle. Initial: 20971K, Alloc Tax Rate: 1.0x
[39.583s][info][gc          ] Trigger: Average GC time (65.83 ms) is above the time for average allocation rate (1841 MB/s) to deplete free headroom (104M) (margin of error = 1.73)
[39.583s][info][gc,ergo     ] Free headroom: 155M (free) - 52428K (spike) - 0B (penalties) = 104M
[39.583s][info][gc,ergo     ] Free: 154M, Max: 512K regular, 154M humongous, Frag: 0% external, 0% internal; Reserve: 52736K, Max: 512K
[39.583s][info][gc,start    ] GC(112) Concurrent reset
[39.583s][info][gc,task     ] GC(112) Using 1 of 3 workers for concurrent reset
[39.583s][info][gc,ergo     ] GC(112) Pacer for Reset. Non-Taxable: 1024M
[39.583s][info][gc          ] GC(112) Concurrent reset 0.451ms
[39.584s][info][gc,start    ] GC(112) Pause Init Mark (unload classes)
[39.584s][info][gc,task     ] GC(112) Using 3 of 3 workers for init marking
[39.584s][info][gc,ergo     ] GC(112) Pacer for Mark. Expected Live: 14325K, Free: 154M, Non-Taxable: 15808K, Alloc Tax Rate: 0.1x
[39.584s][info][gc          ] GC(112) Pause Init Mark (unload classes) 0.137ms
[39.590s][info][gc,start    ] GC(112) Concurrent marking roots
[39.590s][info][gc,task     ] GC(112) Using 1 of 3 workers for concurrent marking roots
[39.591s][info][gc          ] GC(112) Concurrent marking roots 0.575ms
[39.591s][info][gc,start    ] GC(112) Concurrent marking (unload classes)
[39.591s][info][gc,task     ] GC(112) Using 1 of 3 workers for concurrent marking
[39.597s][info][gc          ] GC(112) Concurrent marking (unload classes) 5.833ms
[39.597s][info][gc,start    ] GC(112) Pause Final Mark (unload classes)
[39.597s][info][gc,task     ] GC(112) Using 3 of 3 workers for final marking
[39.597s][info][gc,ergo     ] GC(112) Adaptive CSet Selection. Target Free: 145M, Actual Free: 918M, Max CSet: 43690K, Min Garbage: 0B
[39.597s][info][gc,ergo     ] GC(112) Collectable Garbage: 802M (99%), Immediate: 728M (90%), CSet: 76527K (9%)
[39.597s][info][gc,ergo     ] GC(112) Pacer for Evacuation. Used CSet: 78848K, Free: 867M, Non-Taxable: 88832K, Alloc Tax Rate: 1.1x
[39.597s][info][gc          ] GC(112) Pause Final Mark (unload classes) 0.383ms
[39.597s][info][gc,start    ] GC(112) Concurrent thread roots
[39.597s][info][gc,task     ] GC(112) Using 1 of 3 workers for Concurrent thread roots
[39.598s][info][gc          ] GC(112) Concurrent thread roots 1.067ms
[39.598s][info][gc,start    ] GC(112) Concurrent weak references
[39.598s][info][gc,task     ] GC(112) Using 1 of 3 workers for concurrent weak references
[39.598s][info][gc,ref      ] GC(112) Encountered references: Soft: 132, Weak: 434, Final: 9, Phantom: 21
[39.598s][info][gc,ref      ] GC(112) Discovered  references: Soft: 0, Weak: 234, Final: 7, Phantom: 14
[39.598s][info][gc,ref      ] GC(112) Enqueued    references: Soft: 0, Weak: 0, Final: 0, Phantom: 0
[39.599s][info][gc          ] GC(112) Concurrent weak references 0.077ms
[39.599s][info][gc,start    ] GC(112) Concurrent weak roots
[39.599s][info][gc,task     ] GC(112) Using 1 of 3 workers for concurrent weak root
[39.601s][info][gc          ] GC(112) Concurrent weak roots 2.142ms
[39.601s][info][gc,start    ] GC(112) Concurrent cleanup
[39.601s][info][gc          ] GC(112) Concurrent cleanup 835M->108M(1024M) 0.166ms
[39.601s][info][gc,ergo     ] GC(112) Free: 863M, Max: 512K regular, 476M humongous, Frag: 45% external, 0% internal; Reserve: 52229K, Max: 512K
[39.601s][info][gc,start    ] GC(112) Concurrent class unloading
[39.601s][info][gc,task     ] GC(112) Using 1 of 3 workers for concurrent class unloading
[39.607s][info][gc          ] GC(112) Concurrent class unloading 5.671ms
[39.607s][info][gc,start    ] GC(112) Concurrent strong roots
[39.607s][info][gc,task     ] GC(112) Using 1 of 3 workers for concurrent strong root
[39.607s][info][gc          ] GC(112) Concurrent strong roots 0.086ms
[39.607s][info][gc,start    ] GC(112) Concurrent evacuation
[39.607s][info][gc,task     ] GC(112) Using 1 of 3 workers for concurrent evacuation
[39.608s][info][gc          ] GC(112) Concurrent evacuation 1.328ms
[39.608s][info][gc,start    ] GC(112) Pause Init Update Refs
[39.608s][info][gc,ergo     ] GC(112) Pacer for Update Refs. Used: 123M, Free: 851M, Non-Taxable: 87142K, Alloc Tax Rate: 1.1x
[39.608s][info][gc          ] GC(112) Pause Init Update Refs 0.027ms
[39.614s][info][gc,start    ] GC(112) Concurrent update references
[39.614s][info][gc,task     ] GC(112) Using 1 of 3 workers for concurrent reference update
[39.619s][info][gc          ] GC(112) Concurrent update references 4.777ms
[39.619s][info][gc,start    ] GC(112) Concurrent update thread roots
[39.619s][info][gc          ] GC(112) Concurrent update thread roots 0.570ms
[39.620s][info][gc,start    ] GC(112) Pause Final Update Refs
[39.620s][info][gc,task     ] GC(112) Using 3 of 3 workers for final reference update
[39.620s][info][gc          ] GC(112) Pause Final Update Refs 0.109ms
[39.623s][info][gc,start    ] GC(112) Concurrent cleanup
[39.623s][info][gc          ] GC(112) Concurrent cleanup 148M->71M(1024M) 0.037ms
[39.624s][info][gc,ergo     ] Free: 899M, Max: 512K regular, 660M humongous, Frag: 27% external, 0% internal; Reserve: 52736K, Max: 512K
[39.624s][info][gc,stats    ] 
[39.624s][info][gc,stats    ] All times are wall-clock times, except per-root-class counters, that are sum over
[39.624s][info][gc,stats    ] all workers. Dividing the <total> over the root stage time estimates parallelism.
[39.624s][info][gc,stats    ] 
[39.624s][info][gc,stats    ] Concurrent Reset                    472 us
[39.624s][info][gc,stats    ] Pause Init Mark (G)                7001 us
[39.624s][info][gc,stats    ] Pause Init Mark (N)                 147 us
[39.624s][info][gc,stats    ]   Update Region States               37 us
[39.624s][info][gc,stats    ] Concurrent Mark Roots               586 us, parallelism: 0.83x
[39.624s][info][gc,stats    ]   CMR: <total>                      487 us
[39.624s][info][gc,stats    ]   CMR: Thread Roots                 436 us, workers (us): 436, ---, ---, 
[39.624s][info][gc,stats    ]   CMR: VM Strong Roots                6 us, workers (us):   6, ---, ---, 
[39.624s][info][gc,stats    ]   CMR: CLDG Roots                    45 us, workers (us):  45, ---, ---, 
[39.624s][info][gc,stats    ] Concurrent Marking                 5885 us
[39.624s][info][gc,stats    ] Pause Final Mark (G)                462 us
[39.624s][info][gc,stats    ] Pause Final Mark (N)                404 us
[39.624s][info][gc,stats    ]   Finish Mark                        61 us
[39.624s][info][gc,stats    ]   Update Region States               51 us
[39.624s][info][gc,stats    ]   Choose Collection Set             137 us
[39.624s][info][gc,stats    ]   Rebuild Free Set                   22 us
[39.624s][info][gc,stats    ] Concurrent Thread Roots            1076 us, parallelism: 0.93x
[39.624s][info][gc,stats    ]   CTR: <total>                      996 us
[39.624s][info][gc,stats    ]   CTR: Thread Roots                 996 us, workers (us): 996, ---, ---, 
[39.624s][info][gc,stats    ] Concurrent Weak References           85 us, parallelism: 0.12x
[39.624s][info][gc,stats    ]   CWRF: <total>                      10 us
[39.624s][info][gc,stats    ]   CWRF: Weak References              10 us, workers (us):  10, ---, ---, 
[39.624s][info][gc,stats    ] Concurrent Weak Roots              2176 us
[39.624s][info][gc,stats    ]   Roots                             648 us, parallelism: 0.94x
[39.624s][info][gc,stats    ]     CWR: <total>                    609 us
[39.624s][info][gc,stats    ]     CWR: Code Cache Roots           386 us, workers (us): 386, ---, ---, 
[39.624s][info][gc,stats    ]     CWR: VM Weak Roots              219 us, workers (us): 219, ---, ---, 
[39.624s][info][gc,stats    ]     CWR: CLDG Roots                   4 us, workers (us):   4, ---, ---, 
[39.624s][info][gc,stats    ]   Rendezvous                       1475 us
[39.624s][info][gc,stats    ] Concurrent Cleanup                  174 us
[39.624s][info][gc,stats    ] Concurrent Class Unloading         5711 us
[39.624s][info][gc,stats    ]   Unlink Stale                     1665 us
[39.624s][info][gc,stats    ]     System Dictionary                 3 us
[39.624s][info][gc,stats    ]     Weak Class Links                  0 us
[39.624s][info][gc,stats    ]     Code Roots                     1661 us
[39.624s][info][gc,stats    ]   Rendezvous                       3889 us
[39.624s][info][gc,stats    ]   Purge Unlinked                     97 us
[39.624s][info][gc,stats    ]     Code Roots                       92 us
[39.624s][info][gc,stats    ]     CLDG                              5 us
[39.624s][info][gc,stats    ]     Exception Caches                  0 us
[39.624s][info][gc,stats    ] Concurrent Strong Roots              95 us, parallelism: 0.56x
[39.624s][info][gc,stats    ]   CSR: <total>                       53 us
[39.624s][info][gc,stats    ]   CSR: VM Strong Roots                4 us, workers (us):   4, ---, ---, 
[39.624s][info][gc,stats    ]   CSR: CLDG Roots                    50 us, workers (us):  50, ---, ---, 
[39.624s][info][gc,stats    ] Concurrent Evacuation              1375 us
[39.624s][info][gc,stats    ] Pause Init Update Refs (G)         6002 us
[39.624s][info][gc,stats    ] Pause Init Update Refs (N)           35 us
[39.624s][info][gc,stats    ]   Manage GCLABs                       4 us
[39.624s][info][gc,stats    ] Concurrent Update Refs             4831 us
[39.624s][info][gc,stats    ] Concurrent Update Thread Roots      594 us
[39.624s][info][gc,stats    ] Pause Final Update Refs (G)        3873 us
[39.624s][info][gc,stats    ] Pause Final Update Refs (N)         129 us
[39.624s][info][gc,stats    ]   Update Region States               41 us
[39.624s][info][gc,stats    ]   Trash Collection Set                6 us
[39.624s][info][gc,stats    ]   Rebuild Free Set                   15 us
[39.624s][info][gc,stats    ] Concurrent Cleanup                   48 us
[39.624s][info][gc,stats    ] Pacing                            47387 us
[39.624s][info][gc,stats    ] 
[39.624s][info][gc,stats    ] Allocation pacing accrued:
[39.624s][info][gc,stats    ]       7 of   448 ms (  1.7%): Thread-54
[39.624s][info][gc,stats    ]       8 of   448 ms (  1.9%): Thread-55
[39.624s][info][gc,stats    ]       9 of   448 ms (  1.9%): Thread-56
[39.624s][info][gc,stats    ]       7 of   448 ms (  1.6%): Thread-57
[39.624s][info][gc,stats    ]       8 of   448 ms (  1.7%): Thread-58
[39.624s][info][gc,stats    ]       8 of   448 ms (  1.8%): Thread-59
[39.624s][info][gc,stats    ]      47 of   448 ms ( 10.6%): <total>
[39.624s][info][gc,stats    ]       2 of   448 ms (  0.6%): <average total>
[39.624s][info][gc,stats    ]       8 of   448 ms (  1.8%): <average non-zero>
[39.624s][info][gc,stats    ] 
[39.624s][info][gc,metaspace] Metaspace: 6333K(6528K)->6333K(6528K) NonClass: 5727K(5824K)->5727K(5824K) Class: 606K(704K)->606K(704K)
[39.624s][info][gc,ergo     ] Pacer for Idle. Initial: 20971K, Alloc Tax Rate: 1.0x
[40.040s][info][gc          ] Trigger: Average GC time (58.80 ms) is above the time for average allocation rate (1807 MB/s) to deplete free headroom (83768K) (margin of error = 1.73)
[40.040s][info][gc,ergo     ] Free headroom: 133M (free) - 52428K (spike) - 0B (penalties) = 83768K
[40.040s][info][gc,ergo     ] Free: 133M, Max: 512K regular, 133M humongous, Frag: 0% external, 0% internal; Reserve: 52736K, Max: 512K
[40.040s][info][gc,start    ] GC(113) Concurrent reset
[40.040s][info][gc,task     ] GC(113) Using 1 of 3 workers for concurrent reset
[40.040s][info][gc,ergo     ] GC(113) Pacer for Reset. Non-Taxable: 1024M
[40.040s][info][gc          ] GC(113) Concurrent reset 0.407ms
[40.040s][info][gc,start    ] GC(113) Pause Init Mark (unload classes)
[40.040s][info][gc,task     ] GC(113) Using 3 of 3 workers for init marking
[40.041s][info][gc,ergo     ] GC(113) Pacer for Mark. Expected Live: 14288K, Free: 133M, Non-Taxable: 13619K, Alloc Tax Rate: 0.1x
[40.041s][info][gc          ] GC(113) Pause Init Mark (unload classes) 0.117ms
[40.048s][info][gc,start    ] GC(113) Concurrent marking roots
[40.048s][info][gc,task     ] GC(113) Using 1 of 3 workers for concurrent marking roots
[40.049s][info][gc          ] GC(113) Concurrent marking roots 0.588ms
[40.049s][info][gc,start    ] GC(113) Concurrent marking (unload classes)
[40.049s][info][gc,task     ] GC(113) Using 1 of 3 workers for concurrent marking
[40.054s][info][gc          ] GC(113) Concurrent marking (unload classes) 5.827ms
[40.055s][info][gc,start    ] GC(113) Pause Final Mark (unload classes)
[40.055s][info][gc,task     ] GC(113) Using 3 of 3 workers for final marking
[40.055s][info][gc,ergo     ] GC(113) Collectable Garbage: 793M (96%), Immediate: 793M (96%), CSet: 0B (0%)
[40.055s][info][gc          ] GC(113) Pause Final Mark (unload classes) 0.283ms
[40.055s][info][gc,start    ] GC(113) Concurrent weak references
[40.055s][info][gc,task     ] GC(113) Using 1 of 3 workers for concurrent weak references
[40.055s][info][gc,ref      ] GC(113) Encountered references: Soft: 132, Weak: 434, Final: 9, Phantom: 21
[40.055s][info][gc,ref      ] GC(113) Discovered  references: Soft: 0, Weak: 234, Final: 7, Phantom: 14
[40.055s][info][gc,ref      ] GC(113) Enqueued    references: Soft: 0, Weak: 0, Final: 0, Phantom: 0
[40.055s][info][gc          ] GC(113) Concurrent weak references 0.133ms
[40.055s][info][gc,start    ] GC(113) Concurrent weak roots
[40.055s][info][gc,task     ] GC(113) Using 1 of 3 workers for concurrent weak root
[40.056s][info][gc          ] GC(113) Concurrent weak roots 0.663ms
[40.056s][info][gc,start    ] GC(113) Concurrent cleanup
[40.056s][info][gc          ] GC(113) Concurrent cleanup 851M->60M(1024M) 0.223ms
[40.056s][info][gc,ergo     ] GC(113) Free: 911M, Max: 512K regular, 697M humongous, Frag: 24% external, 0% internal; Reserve: 52736K, Max: 512K
[40.056s][info][gc,start    ] GC(113) Concurrent class unloading
[40.056s][info][gc,task     ] GC(113) Using 1 of 3 workers for concurrent class unloading
[40.062s][info][gc          ] GC(113) Concurrent class unloading 5.699ms
[40.062s][info][gc,start    ] GC(113) Pause Final Roots
[40.062s][info][gc          ] GC(113) Pause Final Roots 0.032ms
[40.072s][info][gc,ergo     ] Free: 884M, Max: 512K regular, 670M humongous, Frag: 25% external, 0% internal; Reserve: 52736K, Max: 512K
[40.072s][info][gc,stats    ] 
[40.072s][info][gc,stats    ] All times are wall-clock times, except per-root-class counters, that are sum over
[40.072s][info][gc,stats    ] all workers. Dividing the <total> over the root stage time estimates parallelism.
[40.072s][info][gc,stats    ] 
[40.072s][info][gc,stats    ] Concurrent Reset                    428 us
[40.072s][info][gc,stats    ] Pause Init Mark (G)                7729 us
[40.072s][info][gc,stats    ] Pause Init Mark (N)                 126 us
[40.072s][info][gc,stats    ]   Update Region States               34 us
[40.072s][info][gc,stats    ] Concurrent Mark Roots               599 us, parallelism: 0.81x
[40.072s][info][gc,stats    ]   CMR: <total>                      487 us
[40.072s][info][gc,stats    ]   CMR: Thread Roots                 440 us, workers (us): 440, ---, ---, 
[40.072s][info][gc,stats    ]   CMR: VM Strong Roots                5 us, workers (us):   5, ---, ---, 
[40.072s][info][gc,stats    ]   CMR: CLDG Roots                    42 us, workers (us):  42, ---, ---, 
[40.072s][info][gc,stats    ] Concurrent Marking                 5855 us
[40.072s][info][gc,stats    ] Pause Final Mark (G)                363 us
[40.072s][info][gc,stats    ] Pause Final Mark (N)                306 us
[40.072s][info][gc,stats    ]   Finish Mark                        63 us
[40.072s][info][gc,stats    ]   Update Region States               53 us
[40.072s][info][gc,stats    ]   Choose Collection Set              75 us
[40.072s][info][gc,stats    ]   Rebuild Free Set                   21 us
[40.072s][info][gc,stats    ] Concurrent Weak References          149 us, parallelism: 0.06x
[40.072s][info][gc,stats    ]   CWRF: <total>                       8 us
[40.072s][info][gc,stats    ]   CWRF: Weak References               8 us, workers (us):   8, ---, ---, 
[40.072s][info][gc,stats    ] Concurrent Weak Roots               683 us
[40.072s][info][gc,stats    ]   Roots                             575 us, parallelism: 0.93x
[40.072s][info][gc,stats    ]     CWR: <total>                    535 us
[40.072s][info][gc,stats    ]     CWR: Code Cache Roots           418 us, workers (us): 418, ---, ---, 
[40.072s][info][gc,stats    ]     CWR: VM Weak Roots              114 us, workers (us): 114, ---, ---, 
[40.072s][info][gc,stats    ]     CWR: CLDG Roots                   3 us, workers (us):   3, ---, ---, 
[40.072s][info][gc,stats    ]   Rendezvous                         56 us
[40.072s][info][gc,stats    ] Concurrent Cleanup                  231 us
[40.072s][info][gc,stats    ] Concurrent Class Unloading         5750 us
[40.072s][info][gc,stats    ]   Unlink Stale                     1960 us
[40.072s][info][gc,stats    ]     System Dictionary                 2 us
[40.072s][info][gc,stats    ]     Weak Class Links                  0 us
[40.072s][info][gc,stats    ]     Code Roots                     1957 us
[40.072s][info][gc,stats    ]   Rendezvous                       3612 us
[40.072s][info][gc,stats    ]   Purge Unlinked                    107 us
[40.072s][info][gc,stats    ]     Code Roots                      102 us
[40.072s][info][gc,stats    ]     CLDG                              4 us
[40.072s][info][gc,stats    ]     Exception Caches                  0 us
[40.072s][info][gc,stats    ] Pause Final Roots (G)              9957 us
[40.072s][info][gc,stats    ] Pause Final Roots (N)                41 us
[40.072s][info][gc,stats    ] Pacing                            44512 us
[40.072s][info][gc,stats    ] 
[40.072s][info][gc,stats    ] Allocation pacing accrued:
[40.072s][info][gc,stats    ]       7 of   448 ms (  1.6%): Thread-54
[40.072s][info][gc,stats    ]       8 of   448 ms (  1.7%): Thread-55
[40.072s][info][gc,stats    ]       8 of   448 ms (  1.7%): Thread-56
[40.072s][info][gc,stats    ]       7 of   448 ms (  1.5%): Thread-57
[40.072s][info][gc,stats    ]       8 of   448 ms (  1.7%): Thread-58
[40.072s][info][gc,stats    ]       8 of   448 ms (  1.7%): Thread-59
[40.072s][info][gc,stats    ]      45 of   448 ms (  9.9%): <total>
[40.072s][info][gc,stats    ]       2 of   448 ms (  0.5%): <average total>
[40.072s][info][gc,stats    ]       7 of   448 ms (  1.7%): <average non-zero>
[40.072s][info][gc,stats    ] 
[40.072s][info][gc,metaspace] Metaspace: 6333K(6528K)->6333K(6528K) NonClass: 5727K(5824K)->5727K(5824K) Class: 606K(704K)->606K(704K)
[40.072s][info][gc,ergo     ] Pacer for Idle. Initial: 20971K, Alloc Tax Rate: 1.0x
[40.545s][info][gc          ] Trigger: Average GC time (53.30 ms) is above the time for average allocation rate (1591 MB/s) to deplete free headroom (86840K) (margin of error = 1.73)
[40.545s][info][gc,ergo     ] Free headroom: 136M (free) - 52428K (spike) - 0B (penalties) = 86840K
[40.545s][info][gc,ergo     ] Free: 136M, Max: 512K regular, 120M humongous, Frag: 12% external, 0% internal; Reserve: 52736K, Max: 512K
[40.545s][info][gc,start    ] GC(114) Concurrent reset
[40.545s][info][gc,task     ] GC(114) Using 1 of 3 workers for concurrent reset
[40.545s][info][gc,ergo     ] GC(114) Pacer for Reset. Non-Taxable: 1024M
[40.545s][info][gc          ] GC(114) Concurrent reset 0.221ms
[40.545s][info][gc,start    ] GC(114) Pause Init Mark (unload classes)
[40.546s][info][gc,task     ] GC(114) Using 3 of 3 workers for init marking
[40.546s][info][gc,ergo     ] GC(114) Pacer for Mark. Expected Live: 14253K, Free: 135M, Non-Taxable: 13824K, Alloc Tax Rate: 0.1x
[40.546s][info][gc          ] GC(114) Pause Init Mark (unload classes) 0.141ms
[40.549s][info][gc,start    ] GC(114) Concurrent marking roots
[40.549s][info][gc,task     ] GC(114) Using 1 of 3 workers for concurrent marking roots
[40.550s][info][gc          ] GC(114) Concurrent marking roots 0.534ms
[40.550s][info][gc,start    ] GC(114) Concurrent marking (unload classes)
[40.550s][info][gc,task     ] GC(114) Using 1 of 3 workers for concurrent marking
[40.563s][info][gc          ] GC(114) Concurrent marking (unload classes) 13.886ms
[40.564s][info][gc,start    ] GC(114) Pause Final Mark (unload classes)
[40.564s][info][gc,task     ] GC(114) Using 3 of 3 workers for final marking
[40.564s][info][gc,ergo     ] GC(114) Adaptive CSet Selection. Target Free: 145M, Actual Free: 875M, Max CSet: 43690K, Min Garbage: 0B
[40.564s][info][gc,ergo     ] GC(114) Collectable Garbage: 822M (99%), Immediate: 714M (86%), CSet: 108M (13%)
[40.564s][info][gc,ergo     ] GC(114) Pacer for Evacuation. Used CSet: 110M, Free: 823M, Non-Taxable: 84326K, Alloc Tax Rate: 1.1x
[40.564s][info][gc          ] GC(114) Pause Final Mark (unload classes) 0.226ms
[40.564s][info][gc,start    ] GC(114) Concurrent thread roots
[40.564s][info][gc,task     ] GC(114) Using 1 of 3 workers for Concurrent thread roots
[40.564s][info][gc          ] GC(114) Concurrent thread roots 0.495ms
[40.564s][info][gc,start    ] GC(114) Concurrent weak references
[40.564s][info][gc,task     ] GC(114) Using 1 of 3 workers for concurrent weak references
[40.564s][info][gc,ref      ] GC(114) Encountered references: Soft: 132, Weak: 434, Final: 9, Phantom: 21
[40.564s][info][gc,ref      ] GC(114) Discovered  references: Soft: 0, Weak: 234, Final: 7, Phantom: 14
[40.564s][info][gc,ref      ] GC(114) Enqueued    references: Soft: 0, Weak: 0, Final: 0, Phantom: 0
[40.564s][info][gc          ] GC(114) Concurrent weak references 0.063ms
[40.564s][info][gc,start    ] GC(114) Concurrent weak roots
[40.564s][info][gc,task     ] GC(114) Using 1 of 3 workers for concurrent weak root
[40.565s][info][gc          ] GC(114) Concurrent weak roots 0.548ms
[40.565s][info][gc,start    ] GC(114) Concurrent cleanup
[40.565s][info][gc          ] GC(114) Concurrent cleanup 865M->151M(1024M) 0.106ms
[40.565s][info][gc,ergo     ] GC(114) Free: 820M, Max: 512K regular, 523M humongous, Frag: 37% external, 0% internal; Reserve: 52354K, Max: 512K
[40.565s][info][gc,start    ] GC(114) Concurrent class unloading
[40.565s][info][gc,task     ] GC(114) Using 1 of 3 workers for concurrent class unloading
[40.573s][info][gc          ] GC(114) Concurrent class unloading 8.248ms
[40.573s][info][gc,start    ] GC(114) Concurrent strong roots
[40.573s][info][gc,task     ] GC(114) Using 1 of 3 workers for concurrent strong root
[40.573s][info][gc          ] GC(114) Concurrent strong roots 0.083ms
[40.573s][info][gc,start    ] GC(114) Concurrent evacuation
[40.573s][info][gc,task     ] GC(114) Using 1 of 3 workers for concurrent evacuation
[40.575s][info][gc          ] GC(114) Concurrent evacuation 1.661ms
[40.575s][info][gc,start    ] GC(114) Pause Init Update Refs
[40.575s][info][gc,ergo     ] GC(114) Pacer for Update Refs. Used: 166M, Free: 807M, Non-Taxable: 82688K, Alloc Tax Rate: 1.1x
[40.575s][info][gc          ] GC(114) Pause Init Update Refs 0.056ms
[40.581s][info][gc,start    ] GC(114) Concurrent update references
[40.581s][info][gc,task     ] GC(114) Using 1 of 3 workers for concurrent reference update
[40.587s][info][gc          ] GC(114) Concurrent update references 6.185ms
[40.587s][info][gc,start    ] GC(114) Concurrent update thread roots
[40.588s][info][gc          ] GC(114) Concurrent update thread roots 0.578ms
[40.588s][info][gc,start    ] GC(114) Pause Final Update Refs
[40.588s][info][gc,task     ] GC(114) Using 3 of 3 workers for final reference update
[40.588s][info][gc          ] GC(114) Pause Final Update Refs 0.094ms
[40.590s][info][gc,start    ] GC(114) Concurrent cleanup
[40.590s][info][gc          ] GC(114) Concurrent cleanup 184M->73M(1024M) 0.034ms
[40.590s][info][gc,ergo     ] Free: 897M, Max: 512K regular, 669M humongous, Frag: 26% external, 0% internal; Reserve: 52736K, Max: 512K
[40.590s][info][gc,stats    ] 
[40.590s][info][gc,stats    ] All times are wall-clock times, except per-root-class counters, that are sum over
[40.590s][info][gc,stats    ] all workers. Dividing the <total> over the root stage time estimates parallelism.
[40.590s][info][gc,stats    ] 
[40.590s][info][gc,stats    ] Concurrent Reset                    232 us
[40.590s][info][gc,stats    ] Pause Init Mark (G)                3617 us
[40.590s][info][gc,stats    ] Pause Init Mark (N)                 151 us
[40.590s][info][gc,stats    ]   Update Region States               28 us
[40.590s][info][gc,stats    ] Concurrent Mark Roots               543 us, parallelism: 0.90x
[40.590s][info][gc,stats    ]   CMR: <total>                      487 us
[40.590s][info][gc,stats    ]   CMR: Thread Roots                 441 us, workers (us): 441, ---, ---, 
[40.590s][info][gc,stats    ]   CMR: VM Strong Roots                6 us, workers (us):   6, ---, ---, 
[40.590s][info][gc,stats    ]   CMR: CLDG Roots                    41 us, workers (us):  41, ---, ---, 
[40.590s][info][gc,stats    ] Concurrent Marking                13937 us
[40.590s][info][gc,stats    ] Pause Final Mark (G)                365 us
[40.590s][info][gc,stats    ] Pause Final Mark (N)                236 us
[40.590s][info][gc,stats    ]   Finish Mark                        44 us
[40.590s][info][gc,stats    ]   Update Region States               37 us
[40.590s][info][gc,stats    ]   Choose Collection Set              75 us
[40.590s][info][gc,stats    ]   Rebuild Free Set                    8 us
[40.590s][info][gc,stats    ] Concurrent Thread Roots             505 us, parallelism: 0.91x
[40.590s][info][gc,stats    ]   CTR: <total>                      458 us
[40.590s][info][gc,stats    ]   CTR: Thread Roots                 458 us, workers (us): 458, ---, ---, 
[40.590s][info][gc,stats    ] Concurrent Weak References           71 us, parallelism: 0.22x
[40.590s][info][gc,stats    ]   CWRF: <total>                      15 us
[40.590s][info][gc,stats    ]   CWRF: Weak References              15 us, workers (us):  15, ---, ---, 
[40.590s][info][gc,stats    ] Concurrent Weak Roots               570 us
[40.590s][info][gc,stats    ]   Roots                             492 us, parallelism: 0.96x
[40.590s][info][gc,stats    ]     CWR: <total>                    474 us
[40.590s][info][gc,stats    ]     CWR: Code Cache Roots           365 us, workers (us): 365, ---, ---, 
[40.590s][info][gc,stats    ]     CWR: VM Weak Roots              107 us, workers (us): 107, ---, ---, 
[40.590s][info][gc,stats    ]     CWR: CLDG Roots                   3 us, workers (us):   3, ---, ---, 
[40.590s][info][gc,stats    ]   Rendezvous                         41 us
[40.590s][info][gc,stats    ] Concurrent Cleanup                  115 us
[40.590s][info][gc,stats    ] Concurrent Class Unloading         8277 us
[40.590s][info][gc,stats    ]   Unlink Stale                     1630 us
[40.590s][info][gc,stats    ]     System Dictionary                 2 us
[40.590s][info][gc,stats    ]     Weak Class Links                  0 us
[40.590s][info][gc,stats    ]     Code Roots                     1627 us
[40.590s][info][gc,stats    ]   Rendezvous                       6530 us
[40.590s][info][gc,stats    ]   Purge Unlinked                     69 us
[40.590s][info][gc,stats    ]     Code Roots                       65 us
[40.590s][info][gc,stats    ]     CLDG                              4 us
[40.590s][info][gc,stats    ]     Exception Caches                  0 us
[40.590s][info][gc,stats    ] Concurrent Strong Roots              91 us, parallelism: 0.55x
[40.590s][info][gc,stats    ]   CSR: <total>                       51 us
[40.590s][info][gc,stats    ]   CSR: VM Strong Roots                4 us, workers (us):   4, ---, ---, 
[40.590s][info][gc,stats    ]   CSR: CLDG Roots                    46 us, workers (us):  46, ---, ---, 
[40.590s][info][gc,stats    ] Concurrent Evacuation              1692 us
[40.590s][info][gc,stats    ] Pause Init Update Refs (G)         5906 us
[40.590s][info][gc,stats    ] Pause Init Update Refs (N)           65 us
[40.590s][info][gc,stats    ]   Manage GCLABs                       3 us
[40.590s][info][gc,stats    ] Concurrent Update Refs             6231 us
[40.590s][info][gc,stats    ] Concurrent Update Thread Roots      594 us
[40.590s][info][gc,stats    ] Pause Final Update Refs (G)        1939 us
[40.590s][info][gc,stats    ] Pause Final Update Refs (N)         113 us
[40.590s][info][gc,stats    ]   Update Region States               38 us
[40.590s][info][gc,stats    ]   Trash Collection Set                6 us
[40.590s][info][gc,stats    ]   Rebuild Free Set                   14 us
[40.590s][info][gc,stats    ] Concurrent Cleanup                   43 us
[40.590s][info][gc,stats    ] Pacing                             7461 us
[40.590s][info][gc,stats    ] 
[40.590s][info][gc,stats    ] Allocation pacing accrued:
[40.590s][info][gc,stats    ]       2 of   518 ms (  0.3%): Thread-54
[40.590s][info][gc,stats    ]       2 of   518 ms (  0.3%): Thread-55
[40.590s][info][gc,stats    ]       1 of   518 ms (  0.1%): Thread-56
[40.590s][info][gc,stats    ]       1 of   518 ms (  0.2%): Thread-57
[40.590s][info][gc,stats    ]       1 of   518 ms (  0.2%): Thread-58
[40.590s][info][gc,stats    ]       1 of   518 ms (  0.2%): Thread-59
[40.590s][info][gc,stats    ]       7 of   518 ms (  1.4%): <total>
[40.590s][info][gc,stats    ]       0 of   518 ms (  0.1%): <average total>
[40.590s][info][gc,stats    ]       1 of   518 ms (  0.2%): <average non-zero>
[40.590s][info][gc,stats    ] 
[40.590s][info][gc,metaspace] Metaspace: 6333K(6528K)->6333K(6528K) NonClass: 5727K(5824K)->5727K(5824K) Class: 606K(704K)->606K(704K)
[40.590s][info][gc,ergo     ] Pacer for Idle. Initial: 20971K, Alloc Tax Rate: 1.0x
[41.035s][info][gc          ] Trigger: Average GC time (53.51 ms) is above the time for average allocation rate (1700 MB/s) to deplete free headroom (81719K) (margin of error = 1.73)
[41.035s][info][gc,ergo     ] Free headroom: 131M (free) - 52428K (spike) - 0B (penalties) = 81719K
[41.035s][info][gc,ergo     ] Free: 131M, Max: 512K regular, 106M humongous, Frag: 20% external, 0% internal; Reserve: 52736K, Max: 512K
[41.035s][info][gc,start    ] GC(115) Concurrent reset
[41.035s][info][gc,task     ] GC(115) Using 1 of 3 workers for concurrent reset
[41.035s][info][gc,ergo     ] GC(115) Pacer for Reset. Non-Taxable: 1024M
[41.036s][info][gc          ] GC(115) Concurrent reset 0.493ms
[41.036s][info][gc,start    ] GC(115) Pause Init Mark (unload classes)
[41.036s][info][gc,task     ] GC(115) Using 3 of 3 workers for init marking
[41.036s][info][gc,ergo     ] GC(115) Pacer for Mark. Expected Live: 14199K, Free: 130M, Non-Taxable: 13312K, Alloc Tax Rate: 0.1x
[41.036s][info][gc          ] GC(115) Pause Init Mark (unload classes) 0.110ms
[41.044s][info][gc,start    ] GC(115) Concurrent marking roots
[41.044s][info][gc,task     ] GC(115) Using 1 of 3 workers for concurrent marking roots
[41.044s][info][gc          ] GC(115) Concurrent marking roots 0.569ms
[41.044s][info][gc,start    ] GC(115) Concurrent marking (unload classes)
[41.044s][info][gc,task     ] GC(115) Using 1 of 3 workers for concurrent marking
[41.051s][info][gc          ] GC(115) Concurrent marking (unload classes) 7.053ms
[41.051s][info][gc,start    ] GC(115) Pause Final Mark (unload classes)
[41.051s][info][gc,task     ] GC(115) Using 3 of 3 workers for final marking
[41.052s][info][gc,ergo     ] GC(115) Adaptive CSet Selection. Target Free: 145M, Actual Free: 855M, Max CSet: 43690K, Min Garbage: 0B
[41.052s][info][gc,ergo     ] GC(115) Collectable Garbage: 827M (99%), Immediate: 690M (83%), CSet: 137M (16%)
[41.052s][info][gc,ergo     ] GC(115) Pacer for Evacuation. Used CSet: 139M, Free: 804M, Non-Taxable: 82330K, Alloc Tax Rate: 1.1x
[41.052s][info][gc          ] GC(115) Pause Final Mark (unload classes) 0.385ms
[41.052s][info][gc,start    ] GC(115) Concurrent thread roots
[41.052s][info][gc,task     ] GC(115) Using 1 of 3 workers for Concurrent thread roots
[41.053s][info][gc          ] GC(115) Concurrent thread roots 0.661ms
[41.053s][info][gc,start    ] GC(115) Concurrent weak references
[41.053s][info][gc,task     ] GC(115) Using 1 of 3 workers for concurrent weak references
[41.053s][info][gc,ref      ] GC(115) Encountered references: Soft: 132, Weak: 434, Final: 9, Phantom: 21
[41.053s][info][gc,ref      ] GC(115) Discovered  references: Soft: 0, Weak: 234, Final: 7, Phantom: 14
[41.053s][info][gc,ref      ] GC(115) Enqueued    references: Soft: 0, Weak: 0, Final: 0, Phantom: 0
[41.053s][info][gc          ] GC(115) Concurrent weak references 0.087ms
[41.053s][info][gc,start    ] GC(115) Concurrent weak roots
[41.053s][info][gc,task     ] GC(115) Using 1 of 3 workers for concurrent weak root
[41.067s][info][gc          ] GC(115) Concurrent weak roots 14.478ms
[41.067s][info][gc,start    ] GC(115) Concurrent cleanup
[41.067s][info][gc          ] GC(115) Concurrent cleanup 888M->198M(1024M) 0.099ms
[41.067s][info][gc,ergo     ] GC(115) Free: 773M, Max: 512K regular, 409M humongous, Frag: 48% external, 0% internal; Reserve: 52095K, Max: 512K
[41.067s][info][gc,start    ] GC(115) Concurrent class unloading
[41.067s][info][gc,task     ] GC(115) Using 1 of 3 workers for concurrent class unloading
[41.083s][info][gc          ] GC(115) Concurrent class unloading 15.801ms
[41.083s][info][gc,start    ] GC(115) Concurrent strong roots
[41.083s][info][gc,task     ] GC(115) Using 1 of 3 workers for concurrent strong root
[41.083s][info][gc          ] GC(115) Concurrent strong roots 0.088ms
[41.083s][info][gc,start    ] GC(115) Concurrent evacuation
[41.083s][info][gc,task     ] GC(115) Using 1 of 3 workers for concurrent evacuation
[41.085s][info][gc          ] GC(115) Concurrent evacuation 1.879ms
[41.085s][info][gc,start    ] GC(115) Pause Init Update Refs
[41.085s][info][gc,ergo     ] GC(115) Pacer for Update Refs. Used: 230M, Free: 744M, Non-Taxable: 76186K, Alloc Tax Rate: 1.1x
[41.085s][info][gc          ] GC(115) Pause Init Update Refs 0.047ms
[41.094s][info][gc,start    ] GC(115) Concurrent update references
[41.094s][info][gc,task     ] GC(115) Using 1 of 3 workers for concurrent reference update
[41.099s][info][gc          ] GC(115) Concurrent update references 4.947ms
[41.099s][info][gc,start    ] GC(115) Concurrent update thread roots
[41.103s][info][gc          ] GC(115) Concurrent update thread roots 4.734ms
[41.104s][info][gc,start    ] GC(115) Pause Final Update Refs
[41.104s][info][gc,task     ] GC(115) Using 3 of 3 workers for final reference update
[41.104s][info][gc          ] GC(115) Pause Final Update Refs 0.485ms
[41.108s][info][gc,start    ] GC(115) Concurrent cleanup
[41.108s][info][gc          ] GC(115) Concurrent cleanup 269M->129M(1024M) 0.069ms
[41.108s][info][gc,ergo     ] Free: 841M, Max: 512K regular, 631M humongous, Frag: 26% external, 0% internal; Reserve: 52736K, Max: 512K
[41.108s][info][gc,stats    ] 
[41.108s][info][gc,stats    ] All times are wall-clock times, except per-root-class counters, that are sum over
[41.108s][info][gc,stats    ] all workers. Dividing the <total> over the root stage time estimates parallelism.
[41.108s][info][gc,stats    ] 
[41.108s][info][gc,stats    ] Concurrent Reset                    515 us
[41.108s][info][gc,stats    ] Pause Init Mark (G)                7896 us
[41.108s][info][gc,stats    ] Pause Init Mark (N)                 118 us
[41.108s][info][gc,stats    ]   Update Region States               40 us
[41.108s][info][gc,stats    ] Concurrent Mark Roots               586 us, parallelism: 0.79x
[41.108s][info][gc,stats    ]   CMR: <total>                      463 us
[41.108s][info][gc,stats    ]   CMR: Thread Roots                 416 us, workers (us): 416, ---, ---, 
[41.108s][info][gc,stats    ]   CMR: VM Strong Roots                5 us, workers (us):   5, ---, ---, 
[41.108s][info][gc,stats    ]   CMR: CLDG Roots                    42 us, workers (us):  42, ---, ---, 
[41.108s][info][gc,stats    ] Concurrent Marking                 7099 us
[41.108s][info][gc,stats    ] Pause Final Mark (G)                552 us
[41.108s][info][gc,stats    ] Pause Final Mark (N)                403 us
[41.108s][info][gc,stats    ]   Finish Mark                        64 us
[41.108s][info][gc,stats    ]   Update Region States               59 us
[41.108s][info][gc,stats    ]   Choose Collection Set             154 us
[41.108s][info][gc,stats    ]   Rebuild Free Set                   19 us
[41.108s][info][gc,stats    ] Concurrent Thread Roots             680 us, parallelism: 0.86x
[41.108s][info][gc,stats    ]   CTR: <total>                      585 us
[41.108s][info][gc,stats    ]   CTR: Thread Roots                 585 us, workers (us): 585, ---, ---, 
[41.108s][info][gc,stats    ] Concurrent Weak References           95 us, parallelism: 0.24x
[41.108s][info][gc,stats    ]   CWRF: <total>                      23 us
[41.108s][info][gc,stats    ]   CWRF: Weak References              23 us, workers (us):  23, ---, ---, 
[41.108s][info][gc,stats    ] Concurrent Weak Roots             14531 us
[41.108s][info][gc,stats    ]   Roots                             608 us, parallelism: 0.95x
[41.108s][info][gc,stats    ]     CWR: <total>                    576 us
[41.108s][info][gc,stats    ]     CWR: Code Cache Roots           438 us, workers (us): 438, ---, ---, 
[41.108s][info][gc,stats    ]     CWR: VM Weak Roots              136 us, workers (us): 136, ---, ---, 
[41.108s][info][gc,stats    ]     CWR: CLDG Roots                   2 us, workers (us):   2, ---, ---, 
[41.108s][info][gc,stats    ]   Rendezvous                      13848 us
[41.108s][info][gc,stats    ] Concurrent Cleanup                  109 us
[41.108s][info][gc,stats    ] Concurrent Class Unloading        15857 us
[41.108s][info][gc,stats    ]   Unlink Stale                     1936 us
[41.108s][info][gc,stats    ]     System Dictionary                 4 us
[41.108s][info][gc,stats    ]     Weak Class Links                  0 us
[41.108s][info][gc,stats    ]     Code Roots                     1931 us
[41.108s][info][gc,stats    ]   Rendezvous                      13673 us
[41.108s][info][gc,stats    ]   Purge Unlinked                    165 us
[41.108s][info][gc,stats    ]     Code Roots                      160 us
[41.108s][info][gc,stats    ]     CLDG                              5 us
[41.108s][info][gc,stats    ]     Exception Caches                  0 us
[41.108s][info][gc,stats    ] Concurrent Strong Roots              97 us, parallelism: 0.54x
[41.108s][info][gc,stats    ]   CSR: <total>                       52 us
[41.108s][info][gc,stats    ]   CSR: VM Strong Roots                5 us, workers (us):   5, ---, ---, 
[41.108s][info][gc,stats    ]   CSR: CLDG Roots                    47 us, workers (us):  47, ---, ---, 
[41.108s][info][gc,stats    ] Concurrent Evacuation              1926 us
[41.108s][info][gc,stats    ] Pause Init Update Refs (G)         8466 us
[41.108s][info][gc,stats    ] Pause Init Update Refs (N)           56 us
[41.108s][info][gc,stats    ]   Manage GCLABs                       5 us
[41.108s][info][gc,stats    ] Concurrent Update Refs             5017 us
[41.108s][info][gc,stats    ] Concurrent Update Thread Roots     4776 us
[41.108s][info][gc,stats    ] Pause Final Update Refs (G)        4400 us
[41.108s][info][gc,stats    ] Pause Final Update Refs (N)         505 us
[41.108s][info][gc,stats    ]   Update Region States              402 us
[41.108s][info][gc,stats    ]   Trash Collection Set               11 us
[41.108s][info][gc,stats    ]   Rebuild Free Set                   17 us
[41.108s][info][gc,stats    ] Concurrent Cleanup                   80 us
[41.108s][info][gc,stats    ] Pacing                            41084 us
[41.108s][info][gc,stats    ] 
[41.108s][info][gc,stats    ] Allocation pacing accrued:
[41.108s][info][gc,stats    ]       6 of   518 ms (  1.3%): Thread-54
[41.108s][info][gc,stats    ]       6 of   518 ms (  1.2%): Thread-55
[41.108s][info][gc,stats    ]       8 of   518 ms (  1.5%): Thread-56
[41.109s][info][gc,stats    ]       6 of   518 ms (  1.3%): Thread-57
[41.109s][info][gc,stats    ]       7 of   518 ms (  1.3%): Thread-58
[41.109s][info][gc,stats    ]       7 of   518 ms (  1.4%): Thread-59
[41.109s][info][gc,stats    ]      41 of   518 ms (  7.9%): <total>
[41.109s][info][gc,stats    ]       2 of   518 ms (  0.4%): <average total>
[41.109s][info][gc,stats    ]       7 of   518 ms (  1.3%): <average non-zero>
[41.109s][info][gc,stats    ] 
[41.109s][info][gc,metaspace] Metaspace: 6333K(6528K)->6333K(6528K) NonClass: 5727K(5824K)->5727K(5824K) Class: 606K(704K)->606K(704K)
[41.109s][info][gc,ergo     ] Pacer for Idle. Initial: 20971K, Alloc Tax Rate: 1.0x
[41.367s][info][gc          ] Trigger: Average GC time (85.56 ms) is above the time for average allocation rate (2235 MB/s) to deplete free headroom (188M) (margin of error = 1.74)
[41.367s][info][gc,ergo     ] Free headroom: 240M (free) - 52428K (spike) - 0B (penalties) = 188M
[41.367s][info][gc,ergo     ] Free: 240M, Max: 512K regular, 85504K humongous, Frag: 66% external, 0% internal; Reserve: 52736K, Max: 512K
[41.367s][info][gc,start    ] GC(116) Concurrent reset
[41.367s][info][gc,task     ] GC(116) Using 1 of 3 workers for concurrent reset
[41.367s][info][gc,ergo     ] GC(116) Pacer for Reset. Non-Taxable: 1024M
[41.367s][info][gc          ] GC(116) Concurrent reset 0.639ms
[41.367s][info][gc,start    ] GC(116) Pause Init Mark (unload classes)
[41.368s][info][gc,task     ] GC(116) Using 3 of 3 workers for init marking
[41.368s][info][gc,ergo     ] GC(116) Pacer for Mark. Expected Live: 14199K, Free: 238M, Non-Taxable: 24422K, Alloc Tax Rate: 0.1x
[41.368s][info][gc          ] GC(116) Pause Init Mark (unload classes) 0.126ms
[41.375s][info][gc,start    ] GC(116) Concurrent marking roots
[41.375s][info][gc,task     ] GC(116) Using 1 of 3 workers for concurrent marking roots
[41.376s][info][gc          ] GC(116) Concurrent marking roots 0.584ms
[41.376s][info][gc,start    ] GC(116) Concurrent marking (unload classes)
[41.376s][info][gc,task     ] GC(116) Using 1 of 3 workers for concurrent marking
[41.394s][info][gc          ] GC(116) Concurrent marking (unload classes) 18.245ms
[41.394s][info][gc,start    ] GC(116) Pause Final Mark (unload classes)
[41.394s][info][gc,task     ] GC(116) Using 3 of 3 workers for final marking
[41.395s][info][gc,ergo     ] GC(116) Adaptive CSet Selection. Target Free: 145M, Actual Free: 823M, Max CSet: 43690K, Min Garbage: 0B
[41.395s][info][gc,ergo     ] GC(116) Collectable Garbage: 718M (99%), Immediate: 585M (81%), CSet: 133M (18%)
[41.395s][info][gc,ergo     ] GC(116) Pacer for Evacuation. Used CSet: 136M, Free: 772M, Non-Taxable: 79053K, Alloc Tax Rate: 1.1x
[41.395s][info][gc          ] GC(116) Pause Final Mark (unload classes) 0.231ms
[41.395s][info][gc,start    ] GC(116) Concurrent thread roots
[41.395s][info][gc,task     ] GC(116) Using 1 of 3 workers for Concurrent thread roots
[41.395s][info][gc          ] GC(116) Concurrent thread roots 0.501ms
[41.395s][info][gc,start    ] GC(116) Concurrent weak references
[41.395s][info][gc,task     ] GC(116) Using 1 of 3 workers for concurrent weak references
[41.395s][info][gc,ref      ] GC(116) Encountered references: Soft: 132, Weak: 434, Final: 9, Phantom: 21
[41.395s][info][gc,ref      ] GC(116) Discovered  references: Soft: 0, Weak: 234, Final: 7, Phantom: 14
[41.395s][info][gc,ref      ] GC(116) Enqueued    references: Soft: 0, Weak: 0, Final: 0, Phantom: 0
[41.395s][info][gc          ] GC(116) Concurrent weak references 0.065ms
[41.395s][info][gc,start    ] GC(116) Concurrent weak roots
[41.395s][info][gc,task     ] GC(116) Using 1 of 3 workers for concurrent weak root
[41.398s][info][gc          ] GC(116) Concurrent weak roots 2.860ms
[41.398s][info][gc,start    ] GC(116) Concurrent cleanup
[41.398s][info][gc          ] GC(116) Concurrent cleanup 793M->208M(1024M) 0.085ms
[41.398s][info][gc,ergo     ] GC(116) Free: 763M, Max: 512K regular, 496M humongous, Frag: 36% external, 0% internal; Reserve: 52394K, Max: 512K
[41.398s][info][gc,start    ] GC(116) Concurrent class unloading
[41.398s][info][gc,task     ] GC(116) Using 1 of 3 workers for concurrent class unloading
[41.404s][info][gc          ] GC(116) Concurrent class unloading 5.944ms
[41.404s][info][gc,start    ] GC(116) Concurrent strong roots
[41.404s][info][gc,task     ] GC(116) Using 1 of 3 workers for concurrent strong root
[41.404s][info][gc          ] GC(116) Concurrent strong roots 0.082ms
[41.404s][info][gc,start    ] GC(116) Concurrent evacuation
[41.404s][info][gc,task     ] GC(116) Using 1 of 3 workers for concurrent evacuation
[41.406s][info][gc          ] GC(116) Concurrent evacuation 2.058ms
[41.407s][info][gc,start    ] GC(116) Pause Init Update Refs
[41.407s][info][gc,ergo     ] GC(116) Pacer for Update Refs. Used: 224M, Free: 749M, Non-Taxable: 76749K, Alloc Tax Rate: 1.1x
[41.407s][info][gc          ] GC(116) Pause Init Update Refs 0.040ms
[41.414s][info][gc,start    ] GC(116) Concurrent update references
[41.415s][info][gc,task     ] GC(116) Using 1 of 3 workers for concurrent reference update
[41.425s][info][gc          ] GC(116) Concurrent update references 10.795ms
[41.425s][info][gc,start    ] GC(116) Concurrent update thread roots
[41.426s][info][gc          ] GC(116) Concurrent update thread roots 0.854ms
[41.426s][info][gc,start    ] GC(116) Pause Final Update Refs
[41.426s][info][gc,task     ] GC(116) Using 3 of 3 workers for final reference update
[41.426s][info][gc          ] GC(116) Pause Final Update Refs 0.109ms
[41.430s][info][gc,start    ] GC(116) Concurrent cleanup
[41.430s][info][gc          ] GC(116) Concurrent cleanup 265M->129M(1024M) 0.038ms
[41.430s][info][gc,ergo     ] Free: 842M, Max: 512K regular, 617M humongous, Frag: 27% external, 0% internal; Reserve: 52736K, Max: 512K
[41.430s][info][gc,stats    ] 
[41.430s][info][gc,stats    ] All times are wall-clock times, except per-root-class counters, that are sum over
[41.430s][info][gc,stats    ] all workers. Dividing the <total> over the root stage time estimates parallelism.
[41.430s][info][gc,stats    ] 
[41.430s][info][gc,stats    ] Concurrent Reset                    675 us
[41.430s][info][gc,stats    ] Pause Init Mark (G)                8102 us
[41.430s][info][gc,stats    ] Pause Init Mark (N)                 136 us
[41.430s][info][gc,stats    ]   Update Region States               44 us
[41.430s][info][gc,stats    ] Concurrent Mark Roots               596 us, parallelism: 0.84x
[41.430s][info][gc,stats    ]   CMR: <total>                      500 us
[41.430s][info][gc,stats    ]   CMR: Thread Roots                 446 us, workers (us): 446, ---, ---, 
[41.430s][info][gc,stats    ]   CMR: VM Strong Roots                6 us, workers (us):   6, ---, ---, 
[41.430s][info][gc,stats    ]   CMR: CLDG Roots                    48 us, workers (us):  48, ---, ---, 
[41.430s][info][gc,stats    ] Concurrent Marking                18304 us
[41.430s][info][gc,stats    ] Pause Final Mark (G)                385 us
[41.430s][info][gc,stats    ] Pause Final Mark (N)                240 us
[41.430s][info][gc,stats    ]   Finish Mark                        42 us
[41.430s][info][gc,stats    ]   Update Region States               34 us
[41.430s][info][gc,stats    ]   Choose Collection Set              85 us
[41.430s][info][gc,stats    ]   Rebuild Free Set                    8 us
[41.430s][info][gc,stats    ] Concurrent Thread Roots             524 us, parallelism: 0.88x
[41.430s][info][gc,stats    ]   CTR: <total>                      460 us
[41.430s][info][gc,stats    ]   CTR: Thread Roots                 460 us, workers (us): 460, ---, ---, 
[41.430s][info][gc,stats    ] Concurrent Weak References           72 us, parallelism: 0.16x
[41.430s][info][gc,stats    ]   CWRF: <total>                      11 us
[41.430s][info][gc,stats    ]   CWRF: Weak References              11 us, workers (us):  11, ---, ---, 
[41.430s][info][gc,stats    ] Concurrent Weak Roots              2889 us
[41.430s][info][gc,stats    ]   Roots                             509 us, parallelism: 0.96x
[41.430s][info][gc,stats    ]     CWR: <total>                    490 us
[41.430s][info][gc,stats    ]     CWR: Code Cache Roots           381 us, workers (us): 381, ---, ---, 
[41.430s][info][gc,stats    ]     CWR: VM Weak Roots              107 us, workers (us): 107, ---, ---, 
[41.430s][info][gc,stats    ]     CWR: CLDG Roots                   2 us, workers (us):   2, ---, ---, 
[41.430s][info][gc,stats    ]   Rendezvous                       2334 us
[41.430s][info][gc,stats    ] Concurrent Cleanup                   95 us
[41.430s][info][gc,stats    ] Concurrent Class Unloading         5979 us
[41.430s][info][gc,stats    ]   Unlink Stale                     1678 us
[41.430s][info][gc,stats    ]     System Dictionary                 2 us
[41.430s][info][gc,stats    ]     Weak Class Links                  0 us
[41.430s][info][gc,stats    ]     Code Roots                     1674 us
[41.430s][info][gc,stats    ]   Rendezvous                       4165 us
[41.430s][info][gc,stats    ]   Purge Unlinked                     82 us
[41.430s][info][gc,stats    ]     Code Roots                       77 us
[41.430s][info][gc,stats    ]     CLDG                              5 us
[41.430s][info][gc,stats    ]     Exception Caches                  0 us
[41.430s][info][gc,stats    ] Concurrent Strong Roots              91 us, parallelism: 0.56x
[41.430s][info][gc,stats    ]   CSR: <total>                       51 us
[41.430s][info][gc,stats    ]   CSR: VM Strong Roots                4 us, workers (us):   4, ---, ---, 
[41.430s][info][gc,stats    ]   CSR: CLDG Roots                    47 us, workers (us):  47, ---, ---, 
[41.430s][info][gc,stats    ] Concurrent Evacuation              2104 us
[41.430s][info][gc,stats    ] Pause Init Update Refs (G)         7974 us
[41.431s][info][gc,stats    ] Pause Init Update Refs (N)           49 us
[41.431s][info][gc,stats    ]   Manage GCLABs                       3 us
[41.431s][info][gc,stats    ] Concurrent Update Refs            10859 us
[41.431s][info][gc,stats    ] Concurrent Update Thread Roots      869 us
[41.431s][info][gc,stats    ] Pause Final Update Refs (G)        3747 us
[41.431s][info][gc,stats    ] Pause Final Update Refs (N)         130 us
[41.431s][info][gc,stats    ]   Update Region States               44 us
[41.431s][info][gc,stats    ]   Trash Collection Set                6 us
[41.431s][info][gc,stats    ]   Rebuild Free Set                   14 us
[41.431s][info][gc,stats    ] Concurrent Cleanup                   48 us
[41.431s][info][gc,stats    ] Pacing                            25525 us
[41.431s][info][gc,stats    ] 
[41.431s][info][gc,stats    ] Allocation pacing accrued:
[41.431s][info][gc,stats    ]       5 of   322 ms (  1.5%): Thread-54
[41.431s][info][gc,stats    ]       5 of   322 ms (  1.7%): Thread-55
[41.431s][info][gc,stats    ]       4 of   322 ms (  1.1%): Thread-56
[41.431s][info][gc,stats    ]       4 of   322 ms (  1.1%): Thread-57
[41.431s][info][gc,stats    ]       4 of   322 ms (  1.2%): Thread-58
[41.431s][info][gc,stats    ]       4 of   322 ms (  1.4%): Thread-59
[41.431s][info][gc,stats    ]      26 of   322 ms (  7.9%): <total>
[41.431s][info][gc,stats    ]       1 of   322 ms (  0.4%): <average total>
[41.431s][info][gc,stats    ]       4 of   322 ms (  1.3%): <average non-zero>
[41.431s][info][gc,stats    ] 
[41.431s][info][gc,metaspace] Metaspace: 6333K(6528K)->6333K(6528K) NonClass: 5727K(5824K)->5727K(5824K) Class: 606K(704K)->606K(704K)
[41.431s][info][gc,ergo     ] Pacer for Idle. Initial: 20971K, Alloc Tax Rate: 1.0x
[41.651s][info][gc          ] Trigger: Average GC time (81.19 ms) is above the time for average allocation rate (2443 MB/s) to deplete free headroom (195M) (margin of error = 1.75)
[41.651s][info][gc,ergo     ] Free headroom: 247M (free) - 52428K (spike) - 0B (penalties) = 195M
[41.651s][info][gc,ergo     ] Free: 246M, Max: 512K regular, 225M humongous, Frag: 9% external, 0% internal; Reserve: 52736K, Max: 512K
[41.651s][info][gc,start    ] GC(117) Concurrent reset
[41.651s][info][gc,task     ] GC(117) Using 1 of 3 workers for concurrent reset
[41.651s][info][gc,ergo     ] GC(117) Pacer for Reset. Non-Taxable: 1024M
[41.652s][info][gc          ] GC(117) Concurrent reset 0.651ms
[41.652s][info][gc,start    ] GC(117) Pause Init Mark (unload classes)
[41.652s][info][gc,task     ] GC(117) Using 3 of 3 workers for init marking
[41.652s][info][gc,ergo     ] GC(117) Pacer for Mark. Expected Live: 14202K, Free: 245M, Non-Taxable: 25139K, Alloc Tax Rate: 0.1x
[41.652s][info][gc          ] GC(117) Pause Init Mark (unload classes) 0.140ms
[41.661s][info][gc,start    ] GC(117) Concurrent marking roots
[41.661s][info][gc,task     ] GC(117) Using 1 of 3 workers for concurrent marking roots
[41.662s][info][gc          ] GC(117) Concurrent marking roots 0.597ms
[41.662s][info][gc,start    ] GC(117) Concurrent marking (unload classes)
[41.662s][info][gc,task     ] GC(117) Using 1 of 3 workers for concurrent marking
[41.675s][info][gc          ] GC(117) Concurrent marking (unload classes) 13.384ms
[41.675s][info][gc,start    ] GC(117) Pause Final Mark (unload classes)
[41.675s][info][gc,task     ] GC(117) Using 3 of 3 workers for final marking
[41.675s][info][gc,ergo     ] GC(117) Adaptive CSet Selection. Target Free: 145M, Actual Free: 828M, Max CSet: 43690K, Min Garbage: 0B
[41.675s][info][gc,ergo     ] GC(117) Collectable Garbage: 711M (99%), Immediate: 577M (81%), CSet: 134M (18%)
[41.675s][info][gc,ergo     ] GC(117) Pacer for Evacuation. Used CSet: 136M, Free: 776M, Non-Taxable: 79514K, Alloc Tax Rate: 1.1x
[41.675s][info][gc          ] GC(117) Pause Final Mark (unload classes) 0.239ms
[41.676s][info][gc,start    ] GC(117) Concurrent thread roots
[41.676s][info][gc,task     ] GC(117) Using 1 of 3 workers for Concurrent thread roots
[41.676s][info][gc          ] GC(117) Concurrent thread roots 0.494ms
[41.676s][info][gc,start    ] GC(117) Concurrent weak references
[41.676s][info][gc,task     ] GC(117) Using 1 of 3 workers for concurrent weak references
[41.676s][info][gc,ref      ] GC(117) Encountered references: Soft: 132, Weak: 434, Final: 9, Phantom: 21
[41.676s][info][gc,ref      ] GC(117) Discovered  references: Soft: 0, Weak: 234, Final: 7, Phantom: 14
[41.676s][info][gc,ref      ] GC(117) Enqueued    references: Soft: 0, Weak: 0, Final: 0, Phantom: 0
[41.676s][info][gc          ] GC(117) Concurrent weak references 0.057ms
[41.676s][info][gc,start    ] GC(117) Concurrent weak roots
[41.676s][info][gc,task     ] GC(117) Using 1 of 3 workers for concurrent weak root
[41.683s][info][gc          ] GC(117) Concurrent weak roots 6.978ms
[41.683s][info][gc,start    ] GC(117) Concurrent cleanup
[41.683s][info][gc          ] GC(117) Concurrent cleanup 791M->213M(1024M) 0.084ms
[41.683s][info][gc,ergo     ] GC(117) Free: 758M, Max: 512K regular, 427M humongous, Frag: 44% external, 0% internal; Reserve: 51712K, Max: 512K
[41.683s][info][gc,start    ] GC(117) Concurrent class unloading
[41.683s][info][gc,task     ] GC(117) Using 1 of 3 workers for concurrent class unloading
[41.685s][info][gc          ] GC(117) Concurrent class unloading 1.948ms
[41.685s][info][gc,start    ] GC(117) Concurrent strong roots
[41.685s][info][gc,task     ] GC(117) Using 1 of 3 workers for concurrent strong root
[41.685s][info][gc          ] GC(117) Concurrent strong roots 0.091ms
[41.685s][info][gc,start    ] GC(117) Concurrent evacuation
[41.685s][info][gc,task     ] GC(117) Using 1 of 3 workers for concurrent evacuation
[41.687s][info][gc          ] GC(117) Concurrent evacuation 2.122ms
[41.688s][info][gc,start    ] GC(117) Pause Init Update Refs
[41.688s][info][gc,ergo     ] GC(117) Pacer for Update Refs. Used: 225M, Free: 748M, Non-Taxable: 76646K, Alloc Tax Rate: 1.1x
[41.688s][info][gc          ] GC(117) Pause Init Update Refs 0.061ms
[41.691s][info][gc,start    ] GC(117) Concurrent update references
[41.691s][info][gc,task     ] GC(117) Using 1 of 3 workers for concurrent reference update
[41.701s][info][gc          ] GC(117) Concurrent update references 9.801ms
[41.701s][info][gc,start    ] GC(117) Concurrent update thread roots
[41.702s][info][gc          ] GC(117) Concurrent update thread roots 0.581ms
[41.702s][info][gc,start    ] GC(117) Pause Final Update Refs
[41.702s][info][gc,task     ] GC(117) Using 3 of 3 workers for final reference update
[41.702s][info][gc          ] GC(117) Pause Final Update Refs 0.115ms
[41.710s][info][gc,start    ] GC(117) Concurrent cleanup
[41.710s][info][gc          ] GC(117) Concurrent cleanup 266M->129M(1024M) 0.040ms
[41.710s][info][gc,ergo     ] Free: 841M, Max: 512K regular, 600M humongous, Frag: 29% external, 0% internal; Reserve: 52736K, Max: 512K
[41.710s][info][gc,stats    ] 
[41.710s][info][gc,stats    ] All times are wall-clock times, except per-root-class counters, that are sum over
[41.710s][info][gc,stats    ] all workers. Dividing the <total> over the root stage time estimates parallelism.
[41.710s][info][gc,stats    ] 
[41.710s][info][gc,stats    ] Concurrent Reset                    686 us
[41.710s][info][gc,stats    ] Pause Init Mark (G)                8973 us
[41.710s][info][gc,stats    ] Pause Init Mark (N)                 150 us
[41.710s][info][gc,stats    ]   Update Region States               41 us
[41.710s][info][gc,stats    ] Concurrent Mark Roots               611 us, parallelism: 0.80x
[41.710s][info][gc,stats    ]   CMR: <total>                      488 us
[41.710s][info][gc,stats    ]   CMR: Thread Roots                 434 us, workers (us): 434, ---, ---, 
[41.710s][info][gc,stats    ]   CMR: VM Strong Roots                6 us, workers (us):   6, ---, ---, 
[41.710s][info][gc,stats    ]   CMR: CLDG Roots                    48 us, workers (us):  48, ---, ---, 
[41.710s][info][gc,stats    ] Concurrent Marking                13438 us
[41.710s][info][gc,stats    ] Pause Final Mark (G)                393 us
[41.710s][info][gc,stats    ] Pause Final Mark (N)                248 us
[41.710s][info][gc,stats    ]   Finish Mark                        42 us
[41.710s][info][gc,stats    ]   Update Region States               38 us
[41.710s][info][gc,stats    ]   Choose Collection Set             102 us
[41.710s][info][gc,stats    ]   Rebuild Free Set                    9 us
[41.710s][info][gc,stats    ] Concurrent Thread Roots             505 us, parallelism: 0.90x
[41.710s][info][gc,stats    ]   CTR: <total>                      452 us
[41.710s][info][gc,stats    ]   CTR: Thread Roots                 452 us, workers (us): 452, ---, ---, 
[41.710s][info][gc,stats    ] Concurrent Weak References           64 us, parallelism: 0.17x
[41.710s][info][gc,stats    ]   CWRF: <total>                      11 us
[41.710s][info][gc,stats    ]   CWRF: Weak References              11 us, workers (us):  11, ---, ---, 
[41.710s][info][gc,stats    ] Concurrent Weak Roots              7013 us
[41.710s][info][gc,stats    ]   Roots                             503 us, parallelism: 0.97x
[41.710s][info][gc,stats    ]     CWR: <total>                    486 us
[41.710s][info][gc,stats    ]     CWR: Code Cache Roots           381 us, workers (us): 381, ---, ---, 
[41.710s][info][gc,stats    ]     CWR: VM Weak Roots              103 us, workers (us): 103, ---, ---, 
[41.710s][info][gc,stats    ]     CWR: CLDG Roots                   2 us, workers (us):   2, ---, ---, 
[41.710s][info][gc,stats    ]   Rendezvous                       6456 us
[41.710s][info][gc,stats    ] Concurrent Cleanup                   94 us
[41.710s][info][gc,stats    ] Concurrent Class Unloading         1980 us
[41.710s][info][gc,stats    ]   Unlink Stale                     1793 us
[41.710s][info][gc,stats    ]     System Dictionary                 8 us
[41.710s][info][gc,stats    ]     Weak Class Links                  0 us
[41.710s][info][gc,stats    ]     Code Roots                     1783 us
[41.710s][info][gc,stats    ]   Rendezvous                         72 us
[41.710s][info][gc,stats    ]   Purge Unlinked                     51 us
[41.710s][info][gc,stats    ]     Code Roots                       47 us
[41.710s][info][gc,stats    ]     CLDG                              4 us
[41.710s][info][gc,stats    ]     Exception Caches                  0 us
[41.710s][info][gc,stats    ] Concurrent Strong Roots             100 us, parallelism: 0.60x
[41.710s][info][gc,stats    ]   CSR: <total>                       60 us
[41.710s][info][gc,stats    ]   CSR: VM Strong Roots                4 us, workers (us):   4, ---, ---, 
[41.710s][info][gc,stats    ]   CSR: CLDG Roots                    56 us, workers (us):  56, ---, ---, 
[41.710s][info][gc,stats    ] Concurrent Evacuation              2167 us
[41.710s][info][gc,stats    ] Pause Init Update Refs (G)         3962 us
[41.710s][info][gc,stats    ] Pause Init Update Refs (N)           70 us
[41.710s][info][gc,stats    ]   Manage GCLABs                       3 us
[41.710s][info][gc,stats    ] Concurrent Update Refs             9867 us
[41.710s][info][gc,stats    ] Concurrent Update Thread Roots      596 us
[41.710s][info][gc,stats    ] Pause Final Update Refs (G)        7976 us
[41.710s][info][gc,stats    ] Pause Final Update Refs (N)         126 us
[41.710s][info][gc,stats    ]   Update Region States               43 us
[41.710s][info][gc,stats    ]   Trash Collection Set                8 us
[41.710s][info][gc,stats    ]   Rebuild Free Set                   16 us
[41.710s][info][gc,stats    ] Concurrent Cleanup                   49 us
[41.710s][info][gc,stats    ] Pacing                            72669 us
[41.710s][info][gc,stats    ] 
[41.710s][info][gc,stats    ] Allocation pacing accrued:
[41.710s][info][gc,stats    ]      12 of   280 ms (  4.2%): Thread-54
[41.710s][info][gc,stats    ]      11 of   280 ms (  3.9%): Thread-55
[41.710s][info][gc,stats    ]      12 of   280 ms (  4.4%): Thread-56
[41.710s][info][gc,stats    ]      14 of   280 ms (  5.0%): Thread-57
[41.710s][info][gc,stats    ]      12 of   280 ms (  4.4%): Thread-58
[41.710s][info][gc,stats    ]      11 of   280 ms (  4.0%): Thread-59
[41.710s][info][gc,stats    ]      73 of   280 ms ( 26.0%): <total>
[41.710s][info][gc,stats    ]       4 of   280 ms (  1.4%): <average total>
[41.711s][info][gc,stats    ]      12 of   280 ms (  4.3%): <average non-zero>
[41.711s][info][gc,stats    ] 
[41.711s][info][gc,metaspace] Metaspace: 6333K(6528K)->6333K(6528K) NonClass: 5727K(5824K)->5727K(5824K) Class: 606K(704K)->606K(704K)
[41.711s][info][gc,ergo     ] Pacer for Idle. Initial: 20971K, Alloc Tax Rate: 1.0x
[42.015s][info][gc          ] Trigger: Average GC time (74.35 ms) is above the time for average allocation rate (2148 MB/s) to deplete free headroom (135M) (margin of error = 1.76)
[42.015s][info][gc,ergo     ] Free headroom: 187M (free) - 52428K (spike) - 0B (penalties) = 135M
[42.015s][info][gc,ergo     ] Free: 187M, Max: 512K regular, 181M humongous, Frag: 4% external, 0% internal; Reserve: 52736K, Max: 512K
[42.015s][info][gc,start    ] GC(118) Concurrent reset
[42.015s][info][gc,task     ] GC(118) Using 1 of 3 workers for concurrent reset
[42.015s][info][gc,ergo     ] GC(118) Pacer for Reset. Non-Taxable: 1024M
[42.016s][info][gc          ] GC(118) Concurrent reset 0.639ms
[42.016s][info][gc,start    ] GC(118) Pause Init Mark (unload classes)
[42.016s][info][gc,task     ] GC(118) Using 3 of 3 workers for init marking
[42.016s][info][gc,ergo     ] GC(118) Pacer for Mark. Expected Live: 14246K, Free: 184M, Non-Taxable: 18893K, Alloc Tax Rate: 0.1x
[42.016s][info][gc          ] GC(118) Pause Init Mark (unload classes) 0.121ms
[42.020s][info][gc,start    ] GC(118) Concurrent marking roots
[42.020s][info][gc,task     ] GC(118) Using 1 of 3 workers for concurrent marking roots
[42.020s][info][gc          ] GC(118) Concurrent marking roots 0.588ms
[42.020s][info][gc,start    ] GC(118) Concurrent marking (unload classes)
[42.020s][info][gc,task     ] GC(118) Using 1 of 3 workers for concurrent marking
[42.028s][info][gc          ] GC(118) Concurrent marking (unload classes) 7.671ms
[42.028s][info][gc,start    ] GC(118) Pause Final Mark (unload classes)
[42.028s][info][gc,task     ] GC(118) Using 3 of 3 workers for final marking
[42.028s][info][gc,ergo     ] GC(118) Adaptive CSet Selection. Target Free: 145M, Actual Free: 805M, Max CSet: 43690K, Min Garbage: 0B
[42.028s][info][gc,ergo     ] GC(118) Collectable Garbage: 772M (99%), Immediate: 587M (75%), CSet: 185M (24%)
[42.028s][info][gc,ergo     ] GC(118) Pacer for Evacuation. Used CSet: 188M, Free: 753M, Non-Taxable: 77158K, Alloc Tax Rate: 1.1x
[42.028s][info][gc          ] GC(118) Pause Final Mark (unload classes) 0.409ms
[42.029s][info][gc,start    ] GC(118) Concurrent thread roots
[42.029s][info][gc,task     ] GC(118) Using 1 of 3 workers for Concurrent thread roots
[42.029s][info][gc          ] GC(118) Concurrent thread roots 0.575ms
[42.029s][info][gc,start    ] GC(118) Concurrent weak references
[42.029s][info][gc,task     ] GC(118) Using 1 of 3 workers for concurrent weak references
[42.029s][info][gc,ref      ] GC(118) Encountered references: Soft: 132, Weak: 434, Final: 9, Phantom: 21
[42.029s][info][gc,ref      ] GC(118) Discovered  references: Soft: 0, Weak: 234, Final: 7, Phantom: 14
[42.029s][info][gc,ref      ] GC(118) Enqueued    references: Soft: 0, Weak: 0, Final: 0, Phantom: 0
[42.029s][info][gc          ] GC(118) Concurrent weak references 0.080ms
[42.029s][info][gc,start    ] GC(118) Concurrent weak roots
[42.029s][info][gc,task     ] GC(118) Using 1 of 3 workers for concurrent weak root
[42.030s][info][gc          ] GC(118) Concurrent weak roots 0.652ms
[42.030s][info][gc,start    ] GC(118) Concurrent cleanup
[42.030s][info][gc          ] GC(118) Concurrent cleanup 805M->218M(1024M) 0.074ms
[42.030s][info][gc,ergo     ] GC(118) Free: 753M, Max: 512K regular, 253M humongous, Frag: 67% external, 0% internal; Reserve: 52336K, Max: 512K
[42.030s][info][gc,start    ] GC(118) Concurrent class unloading
[42.030s][info][gc,task     ] GC(118) Using 1 of 3 workers for concurrent class unloading
[42.033s][info][gc          ] GC(118) Concurrent class unloading 2.810ms
[42.033s][info][gc,start    ] GC(118) Concurrent strong roots
[42.033s][info][gc,task     ] GC(118) Using 1 of 3 workers for concurrent strong root
[42.033s][info][gc          ] GC(118) Concurrent strong roots 0.079ms
[42.033s][info][gc,start    ] GC(118) Concurrent evacuation
[42.033s][info][gc,task     ] GC(118) Using 1 of 3 workers for concurrent evacuation
[42.035s][info][gc          ] GC(118) Concurrent evacuation 2.162ms
[42.035s][info][gc,start    ] GC(118) Pause Init Update Refs
[42.035s][info][gc,ergo     ] GC(118) Pacer for Update Refs. Used: 230M, Free: 744M, Non-Taxable: 76186K, Alloc Tax Rate: 1.1x
[42.035s][info][gc          ] GC(118) Pause Init Update Refs 0.050ms
[42.037s][info][gc,start    ] GC(118) Concurrent update references
[42.037s][info][gc,task     ] GC(118) Using 1 of 3 workers for concurrent reference update
[42.043s][info][gc          ] GC(118) Concurrent update references 5.899ms
[42.043s][info][gc,start    ] GC(118) Concurrent update thread roots
[42.047s][info][gc          ] GC(118) Concurrent update thread roots 3.721ms
[42.047s][info][gc,start    ] GC(118) Pause Final Update Refs
[42.047s][info][gc,task     ] GC(118) Using 3 of 3 workers for final reference update
[42.047s][info][gc          ] GC(118) Pause Final Update Refs 0.123ms
[42.051s][info][gc,start    ] GC(118) Concurrent cleanup
[42.051s][info][gc          ] GC(118) Concurrent cleanup 263M->75M(1024M) 0.044ms
[42.051s][info][gc,ergo     ] Free: 896M, Max: 512K regular, 657M humongous, Frag: 27% external, 0% internal; Reserve: 52736K, Max: 512K
[42.051s][info][gc,stats    ] 
[42.051s][info][gc,stats    ] All times are wall-clock times, except per-root-class counters, that are sum over
[42.051s][info][gc,stats    ] all workers. Dividing the <total> over the root stage time estimates parallelism.
[42.051s][info][gc,stats    ] 
[42.051s][info][gc,stats    ] Concurrent Reset                    680 us
[42.051s][info][gc,stats    ] Pause Init Mark (G)                4077 us
[42.051s][info][gc,stats    ] Pause Init Mark (N)                 130 us
[42.051s][info][gc,stats    ]   Update Region States               43 us
[42.051s][info][gc,stats    ] Concurrent Mark Roots               599 us, parallelism: 0.85x
[42.051s][info][gc,stats    ]   CMR: <total>                      510 us
[42.051s][info][gc,stats    ]   CMR: Thread Roots                 456 us, workers (us): 456, ---, ---, 
[42.051s][info][gc,stats    ]   CMR: VM Strong Roots                7 us, workers (us):   7, ---, ---, 
[42.051s][info][gc,stats    ]   CMR: CLDG Roots                    47 us, workers (us):  47, ---, ---, 
[42.051s][info][gc,stats    ] Concurrent Marking                 7742 us
[42.051s][info][gc,stats    ] Pause Final Mark (G)                482 us
[42.051s][info][gc,stats    ] Pause Final Mark (N)                429 us
[42.051s][info][gc,stats    ]   Finish Mark                        59 us
[42.051s][info][gc,stats    ]   Update Region States               51 us
[42.051s][info][gc,stats    ]   Choose Collection Set             176 us
[42.051s][info][gc,stats    ]   Rebuild Free Set                   26 us
[42.051s][info][gc,stats    ] Concurrent Thread Roots             584 us, parallelism: 0.87x
[42.051s][info][gc,stats    ]   CTR: <total>                      510 us
[42.051s][info][gc,stats    ]   CTR: Thread Roots                 510 us, workers (us): 510, ---, ---, 
[42.051s][info][gc,stats    ] Concurrent Weak References           87 us, parallelism: 0.22x
[42.051s][info][gc,stats    ]   CWRF: <total>                      19 us
[42.051s][info][gc,stats    ]   CWRF: Weak References              19 us, workers (us):  19, ---, ---, 
[42.051s][info][gc,stats    ] Concurrent Weak Roots               662 us
[42.051s][info][gc,stats    ]   Roots                             608 us, parallelism: 0.96x
[42.051s][info][gc,stats    ]     CWR: <total>                    581 us
[42.051s][info][gc,stats    ]     CWR: Code Cache Roots           373 us, workers (us): 373, ---, ---, 
[42.051s][info][gc,stats    ]     CWR: VM Weak Roots              205 us, workers (us): 205, ---, ---, 
[42.051s][info][gc,stats    ]     CWR: CLDG Roots                   3 us, workers (us):   3, ---, ---, 
[42.051s][info][gc,stats    ]   Rendezvous                         29 us
[42.051s][info][gc,stats    ] Concurrent Cleanup                   82 us
[42.051s][info][gc,stats    ] Concurrent Class Unloading         2838 us
[42.051s][info][gc,stats    ]   Unlink Stale                     1508 us
[42.051s][info][gc,stats    ]     System Dictionary                 2 us
[42.051s][info][gc,stats    ]     Weak Class Links                  0 us
[42.051s][info][gc,stats    ]     Code Roots                     1506 us
[42.051s][info][gc,stats    ]   Rendezvous                       1207 us
[42.051s][info][gc,stats    ]   Purge Unlinked                     76 us
[42.051s][info][gc,stats    ]     Code Roots                       73 us
[42.051s][info][gc,stats    ]     CLDG                              3 us
[42.051s][info][gc,stats    ]     Exception Caches                  0 us
[42.051s][info][gc,stats    ] Concurrent Strong Roots              87 us, parallelism: 0.55x
[42.051s][info][gc,stats    ]   CSR: <total>                       48 us
[42.051s][info][gc,stats    ]   CSR: VM Strong Roots                4 us, workers (us):   4, ---, ---, 
[42.051s][info][gc,stats    ]   CSR: CLDG Roots                    44 us, workers (us):  44, ---, ---, 
[42.051s][info][gc,stats    ] Concurrent Evacuation              2211 us
[42.051s][info][gc,stats    ] Pause Init Update Refs (G)         1942 us
[42.051s][info][gc,stats    ] Pause Init Update Refs (N)           58 us
[42.051s][info][gc,stats    ]   Manage GCLABs                       3 us
[42.051s][info][gc,stats    ] Concurrent Update Refs             5950 us
[42.051s][info][gc,stats    ] Concurrent Update Thread Roots     3757 us
[42.051s][info][gc,stats    ] Pause Final Update Refs (G)        3987 us
[42.051s][info][gc,stats    ] Pause Final Update Refs (N)         134 us
[42.051s][info][gc,stats    ]   Update Region States               49 us
[42.051s][info][gc,stats    ]   Trash Collection Set               11 us
[42.051s][info][gc,stats    ]   Rebuild Free Set                   16 us
[42.051s][info][gc,stats    ] Concurrent Cleanup                   54 us
[42.051s][info][gc,stats    ] Pacing                            42067 us
[42.051s][info][gc,stats    ] 
[42.051s][info][gc,stats    ] Allocation pacing accrued:
[42.051s][info][gc,stats    ]       7 of   341 ms (  1.9%): Thread-54
[42.051s][info][gc,stats    ]       7 of   341 ms (  2.1%): Thread-55
[42.051s][info][gc,stats    ]       8 of   341 ms (  2.3%): Thread-56
[42.051s][info][gc,stats    ]       6 of   341 ms (  1.7%): Thread-57
[42.051s][info][gc,stats    ]       8 of   341 ms (  2.3%): Thread-58
[42.051s][info][gc,stats    ]       7 of   341 ms (  2.0%): Thread-59
[42.051s][info][gc,stats    ]      42 of   341 ms ( 12.3%): <total>
[42.051s][info][gc,stats    ]       2 of   341 ms (  0.6%): <average total>
[42.051s][info][gc,stats    ]       7 of   341 ms (  2.1%): <average non-zero>
[42.051s][info][gc,stats    ] 
[42.051s][info][gc,metaspace] Metaspace: 6333K(6528K)->6333K(6528K) NonClass: 5727K(5824K)->5727K(5824K) Class: 606K(704K)->606K(704K)
[42.051s][info][gc,ergo     ] Pacer for Idle. Initial: 20971K, Alloc Tax Rate: 1.0x
[42.378s][info][gc          ] Trigger: Average GC time (70.71 ms) is above the time for average allocation rate (2190 MB/s) to deplete free headroom (123M) (margin of error = 1.75)
[42.378s][info][gc,ergo     ] Free headroom: 174M (free) - 52428K (spike) - 0B (penalties) = 123M
[42.378s][info][gc,ergo     ] Free: 174M, Max: 512K regular, 166M humongous, Frag: 5% external, 0% internal; Reserve: 52736K, Max: 512K
[42.378s][info][gc,start    ] GC(119) Concurrent reset
[42.378s][info][gc,task     ] GC(119) Using 1 of 3 workers for concurrent reset
[42.378s][info][gc,ergo     ] GC(119) Pacer for Reset. Non-Taxable: 1024M
[42.379s][info][gc          ] GC(119) Concurrent reset 0.878ms
[42.379s][info][gc,start    ] GC(119) Pause Init Mark (unload classes)
[42.379s][info][gc,task     ] GC(119) Using 3 of 3 workers for init marking
[42.379s][info][gc,ergo     ] GC(119) Pacer for Mark. Expected Live: 14248K, Free: 171M, Non-Taxable: 17510K, Alloc Tax Rate: 0.1x
[42.379s][info][gc          ] GC(119) Pause Init Mark (unload classes) 0.173ms
[42.384s][info][gc,start    ] GC(119) Concurrent marking roots
[42.384s][info][gc,task     ] GC(119) Using 1 of 3 workers for concurrent marking roots
[42.385s][info][gc          ] GC(119) Concurrent marking roots 0.589ms
[42.385s][info][gc,start    ] GC(119) Concurrent marking (unload classes)
[42.385s][info][gc,task     ] GC(119) Using 1 of 3 workers for concurrent marking
[42.392s][info][gc          ] GC(119) Concurrent marking (unload classes) 7.439ms
[42.392s][info][gc,start    ] GC(119) Pause Final Mark (unload classes)
[42.392s][info][gc,task     ] GC(119) Using 3 of 3 workers for final marking
[42.393s][info][gc,ergo     ] GC(119) Adaptive CSet Selection. Target Free: 145M, Actual Free: 864M, Max CSet: 43690K, Min Garbage: 0B
[42.393s][info][gc,ergo     ] GC(119) Collectable Garbage: 786M (99%), Immediate: 658M (83%), CSet: 127M (16%)
[42.393s][info][gc,ergo     ] GC(119) Pacer for Evacuation. Used CSet: 130M, Free: 812M, Non-Taxable: 83200K, Alloc Tax Rate: 1.1x
[42.393s][info][gc          ] GC(119) Pause Final Mark (unload classes) 0.474ms
[42.393s][info][gc,start    ] GC(119) Concurrent thread roots
[42.393s][info][gc,task     ] GC(119) Using 1 of 3 workers for Concurrent thread roots
[42.394s][info][gc          ] GC(119) Concurrent thread roots 1.082ms
[42.394s][info][gc,start    ] GC(119) Concurrent weak references
[42.394s][info][gc,task     ] GC(119) Using 1 of 3 workers for concurrent weak references
[42.394s][info][gc,ref      ] GC(119) Encountered references: Soft: 132, Weak: 434, Final: 9, Phantom: 21
[42.394s][info][gc,ref      ] GC(119) Discovered  references: Soft: 0, Weak: 234, Final: 7, Phantom: 14
[42.394s][info][gc,ref      ] GC(119) Enqueued    references: Soft: 0, Weak: 0, Final: 0, Phantom: 0
[42.394s][info][gc          ] GC(119) Concurrent weak references 0.157ms
[42.394s][info][gc,start    ] GC(119) Concurrent weak roots
[42.394s][info][gc,task     ] GC(119) Using 1 of 3 workers for concurrent weak root
[42.396s][info][gc          ] GC(119) Concurrent weak roots 1.679ms
[42.396s][info][gc,start    ] GC(119) Concurrent cleanup
[42.396s][info][gc          ] GC(119) Concurrent cleanup 823M->165M(1024M) 0.094ms
[42.396s][info][gc,ergo     ] GC(119) Free: 806M, Max: 512K regular, 564M humongous, Frag: 31% external, 0% internal; Reserve: 52282K, Max: 512K
[42.396s][info][gc,start    ] GC(119) Concurrent class unloading
[42.396s][info][gc,task     ] GC(119) Using 1 of 3 workers for concurrent class unloading
[42.410s][info][gc          ] GC(119) Concurrent class unloading 13.833ms
[42.410s][info][gc,start    ] GC(119) Concurrent strong roots
[42.410s][info][gc,task     ] GC(119) Using 1 of 3 workers for concurrent strong root
[42.410s][info][gc          ] GC(119) Concurrent strong roots 0.085ms
[42.410s][info][gc,start    ] GC(119) Concurrent evacuation
[42.410s][info][gc,task     ] GC(119) Using 1 of 3 workers for concurrent evacuation
[42.412s][info][gc          ] GC(119) Concurrent evacuation 2.036ms
[42.412s][info][gc,start    ] GC(119) Pause Init Update Refs
[42.412s][info][gc,ergo     ] GC(119) Pacer for Update Refs. Used: 209M, Free: 765M, Non-Taxable: 78336K, Alloc Tax Rate: 1.1x
[42.412s][info][gc          ] GC(119) Pause Init Update Refs 0.055ms
[42.414s][info][gc,start    ] GC(119) Concurrent update references
[42.414s][info][gc,task     ] GC(119) Using 1 of 3 workers for concurrent reference update
[42.420s][info][gc          ] GC(119) Concurrent update references 5.776ms
[42.420s][info][gc,start    ] GC(119) Concurrent update thread roots
[42.422s][info][gc          ] GC(119) Concurrent update thread roots 1.946ms
[42.422s][info][gc,start    ] GC(119) Pause Final Update Refs
[42.422s][info][gc,task     ] GC(119) Using 3 of 3 workers for final reference update
[42.422s][info][gc          ] GC(119) Pause Final Update Refs 0.093ms
[42.429s][info][gc,start    ] GC(119) Concurrent cleanup
[42.429s][info][gc          ] GC(119) Concurrent cleanup 250M->120M(1024M) 0.046ms
[42.430s][info][gc,ergo     ] Free: 850M, Max: 512K regular, 616M humongous, Frag: 28% external, 0% internal; Reserve: 52736K, Max: 512K
[42.430s][info][gc,stats    ] 
[42.430s][info][gc,stats    ] All times are wall-clock times, except per-root-class counters, that are sum over
[42.430s][info][gc,stats    ] all workers. Dividing the <total> over the root stage time estimates parallelism.
[42.430s][info][gc,stats    ] 
[42.430s][info][gc,stats    ] Concurrent Reset                    926 us
[42.430s][info][gc,stats    ] Pause Init Mark (G)                4976 us
[42.430s][info][gc,stats    ] Pause Init Mark (N)                 184 us
[42.430s][info][gc,stats    ]   Update Region States               46 us
[42.430s][info][gc,stats    ] Concurrent Mark Roots               600 us, parallelism: 0.81x
[42.430s][info][gc,stats    ]   CMR: <total>                      486 us
[42.430s][info][gc,stats    ]   CMR: Thread Roots                 438 us, workers (us): 438, ---, ---, 
[42.430s][info][gc,stats    ]   CMR: VM Strong Roots                5 us, workers (us):   5, ---, ---, 
[42.430s][info][gc,stats    ]   CMR: CLDG Roots                    43 us, workers (us):  43, ---, ---, 
[42.430s][info][gc,stats    ] Concurrent Marking                 7510 us
[42.430s][info][gc,stats    ] Pause Final Mark (G)                578 us
[42.430s][info][gc,stats    ] Pause Final Mark (N)                496 us
[42.430s][info][gc,stats    ]   Finish Mark                        69 us
[42.430s][info][gc,stats    ]   Update Region States               55 us
[42.430s][info][gc,stats    ]   Choose Collection Set             204 us
[42.430s][info][gc,stats    ]   Rebuild Free Set                   22 us
[42.430s][info][gc,stats    ] Concurrent Thread Roots            1100 us, parallelism: 0.93x
[42.430s][info][gc,stats    ]   CTR: <total>                     1027 us
[42.430s][info][gc,stats    ]   CTR: Thread Roots                1027 us, workers (us): 1027, ---, ---, 
[42.430s][info][gc,stats    ] Concurrent Weak References          174 us, parallelism: 0.27x
[42.430s][info][gc,stats    ]   CWRF: <total>                      47 us
[42.430s][info][gc,stats    ]   CWRF: Weak References              47 us, workers (us):  47, ---, ---, 
[42.430s][info][gc,stats    ] Concurrent Weak Roots              1709 us
[42.430s][info][gc,stats    ]   Roots                             506 us, parallelism: 0.95x
[42.430s][info][gc,stats    ]     CWR: <total>                    481 us
[42.430s][info][gc,stats    ]     CWR: Code Cache Roots           376 us, workers (us): 376, ---, ---, 
[42.430s][info][gc,stats    ]     CWR: VM Weak Roots              103 us, workers (us): 103, ---, ---, 
[42.430s][info][gc,stats    ]     CWR: CLDG Roots                   3 us, workers (us):   3, ---, ---, 
[42.430s][info][gc,stats    ]   Rendezvous                       1138 us
[42.430s][info][gc,stats    ] Concurrent Cleanup                  103 us
[42.430s][info][gc,stats    ] Concurrent Class Unloading        13881 us
[42.430s][info][gc,stats    ]   Unlink Stale                     1758 us
[42.430s][info][gc,stats    ]     System Dictionary                 4 us
[42.430s][info][gc,stats    ]     Weak Class Links                  0 us
[42.430s][info][gc,stats    ]     Code Roots                     1753 us
[42.430s][info][gc,stats    ]   Rendezvous                      11932 us
[42.430s][info][gc,stats    ]   Purge Unlinked                    123 us
[42.430s][info][gc,stats    ]     Code Roots                      118 us
[42.430s][info][gc,stats    ]     CLDG                              5 us
[42.430s][info][gc,stats    ]     Exception Caches                  0 us
[42.430s][info][gc,stats    ] Concurrent Strong Roots              94 us, parallelism: 0.55x
[42.430s][info][gc,stats    ]   CSR: <total>                       52 us
[42.430s][info][gc,stats    ]   CSR: VM Strong Roots                4 us, workers (us):   4, ---, ---, 
[42.430s][info][gc,stats    ]   CSR: CLDG Roots                    48 us, workers (us):  48, ---, ---, 
[42.430s][info][gc,stats    ] Concurrent Evacuation              2098 us
[42.430s][info][gc,stats    ] Pause Init Update Refs (G)         1910 us
[42.430s][info][gc,stats    ] Pause Init Update Refs (N)           65 us
[42.430s][info][gc,stats    ]   Manage GCLABs                       3 us
[42.430s][info][gc,stats    ] Concurrent Update Refs             5838 us
[42.430s][info][gc,stats    ] Concurrent Update Thread Roots     1981 us
[42.430s][info][gc,stats    ] Pause Final Update Refs (G)        7754 us
[42.430s][info][gc,stats    ] Pause Final Update Refs (N)         129 us
[42.430s][info][gc,stats    ]   Update Region States               40 us
[42.430s][info][gc,stats    ]   Trash Collection Set                4 us
[42.430s][info][gc,stats    ]   Rebuild Free Set                   14 us
[42.430s][info][gc,stats    ] Concurrent Cleanup                   56 us
[42.430s][info][gc,stats    ] Pacing                            65573 us
[42.430s][info][gc,stats    ] 
[42.430s][info][gc,stats    ] Allocation pacing accrued:
[42.430s][info][gc,stats    ]      11 of   379 ms (  2.8%): Thread-54
[42.430s][info][gc,stats    ]      11 of   379 ms (  2.8%): Thread-55
[42.430s][info][gc,stats    ]      12 of   379 ms (  3.1%): Thread-56
[42.430s][info][gc,stats    ]      11 of   379 ms (  2.8%): Thread-57
[42.430s][info][gc,stats    ]      11 of   379 ms (  2.9%): Thread-58
[42.430s][info][gc,stats    ]      11 of   379 ms (  2.9%): Thread-59
[42.430s][info][gc,stats    ]      66 of   379 ms ( 17.3%): <total>
[42.430s][info][gc,stats    ]       3 of   379 ms (  0.9%): <average total>
[42.430s][info][gc,stats    ]      11 of   379 ms (  2.9%): <average non-zero>
[42.430s][info][gc,stats    ] 
[42.430s][info][gc,metaspace] Metaspace: 6333K(6528K)->6333K(6528K) NonClass: 5727K(5824K)->5727K(5824K) Class: 606K(704K)->606K(704K)
[42.430s][info][gc,ergo     ] Pacer for Idle. Initial: 20971K, Alloc Tax Rate: 1.0x
[42.741s][info][gc          ] Trigger: Average GC time (66.21 ms) is above the time for average allocation rate (2089 MB/s) to deplete free headroom (127M) (margin of error = 1.76)
[42.741s][info][gc,ergo     ] Free headroom: 179M (free) - 52428K (spike) - 0B (penalties) = 127M
[42.741s][info][gc,ergo     ] Free: 179M, Max: 512K regular, 148M humongous, Frag: 18% external, 0% internal; Reserve: 52736K, Max: 512K
[42.741s][info][gc,start    ] GC(120) Concurrent reset
[42.741s][info][gc,task     ] GC(120) Using 1 of 3 workers for concurrent reset
[42.741s][info][gc,ergo     ] GC(120) Pacer for Reset. Non-Taxable: 1024M
[42.742s][info][gc          ] GC(120) Concurrent reset 0.566ms
[42.742s][info][gc,start    ] GC(120) Pause Init Mark (unload classes)
[42.742s][info][gc,task     ] GC(120) Using 3 of 3 workers for init marking
[42.742s][info][gc,ergo     ] GC(120) Pacer for Mark. Expected Live: 14281K, Free: 178M, Non-Taxable: 18278K, Alloc Tax Rate: 0.1x
[42.742s][info][gc          ] GC(120) Pause Init Mark (unload classes) 0.151ms
[42.744s][info][gc,start    ] GC(120) Concurrent marking roots
[42.744s][info][gc,task     ] GC(120) Using 1 of 3 workers for concurrent marking roots
[42.744s][info][gc          ] GC(120) Concurrent marking roots 0.580ms
[42.744s][info][gc,start    ] GC(120) Concurrent marking (unload classes)
[42.745s][info][gc,task     ] GC(120) Using 1 of 3 workers for concurrent marking
[42.752s][info][gc          ] GC(120) Concurrent marking (unload classes) 7.841ms
[42.752s][info][gc,start    ] GC(120) Pause Final Mark (unload classes)
[42.752s][info][gc,task     ] GC(120) Using 3 of 3 workers for final marking
[42.753s][info][gc,ergo     ] GC(120) Adaptive CSet Selection. Target Free: 145M, Actual Free: 769M, Max CSet: 43690K, Min Garbage: 0B
[42.753s][info][gc,ergo     ] GC(120) Collectable Garbage: 778M (99%), Immediate: 556M (71%), CSet: 222M (28%)
[42.753s][info][gc,ergo     ] GC(120) Pacer for Evacuation. Used CSet: 224M, Free: 718M, Non-Taxable: 73523K, Alloc Tax Rate: 1.1x
[42.753s][info][gc          ] GC(120) Pause Final Mark (unload classes) 0.239ms
[42.753s][info][gc,start    ] GC(120) Concurrent thread roots
[42.753s][info][gc,task     ] GC(120) Using 1 of 3 workers for Concurrent thread roots
[42.753s][info][gc          ] GC(120) Concurrent thread roots 0.509ms
[42.753s][info][gc,start    ] GC(120) Concurrent weak references
[42.753s][info][gc,task     ] GC(120) Using 1 of 3 workers for concurrent weak references
[42.753s][info][gc,ref      ] GC(120) Encountered references: Soft: 132, Weak: 434, Final: 9, Phantom: 21
[42.753s][info][gc,ref      ] GC(120) Discovered  references: Soft: 0, Weak: 234, Final: 7, Phantom: 14
[42.753s][info][gc,ref      ] GC(120) Enqueued    references: Soft: 0, Weak: 0, Final: 0, Phantom: 0
[42.753s][info][gc          ] GC(120) Concurrent weak references 0.058ms
[42.753s][info][gc,start    ] GC(120) Concurrent weak roots
[42.753s][info][gc,task     ] GC(120) Using 1 of 3 workers for concurrent weak root
[42.757s][info][gc          ] GC(120) Concurrent weak roots 3.214ms
[42.757s][info][gc,start    ] GC(120) Concurrent cleanup
[42.757s][info][gc          ] GC(120) Concurrent cleanup 816M->260M(1024M) 0.082ms
[42.757s][info][gc,ergo     ] GC(120) Free: 711M, Max: 512K regular, 345M humongous, Frag: 52% external, 0% internal; Reserve: 52378K, Max: 512K
[42.757s][info][gc,start    ] GC(120) Concurrent class unloading
[42.757s][info][gc,task     ] GC(120) Using 1 of 3 workers for concurrent class unloading
[42.769s][info][gc          ] GC(120) Concurrent class unloading 11.933ms
[42.769s][info][gc,start    ] GC(120) Concurrent strong roots
[42.769s][info][gc,task     ] GC(120) Using 1 of 3 workers for concurrent strong root
[42.769s][info][gc          ] GC(120) Concurrent strong roots 0.083ms
[42.769s][info][gc,start    ] GC(120) Concurrent evacuation
[42.769s][info][gc,task     ] GC(120) Using 1 of 3 workers for concurrent evacuation
[42.771s][info][gc          ] GC(120) Concurrent evacuation 2.470ms
[42.771s][info][gc,start    ] GC(120) Pause Init Update Refs
[42.771s][info][gc,ergo     ] GC(120) Pacer for Update Refs. Used: 284M, Free: 690M, Non-Taxable: 70656K, Alloc Tax Rate: 1.1x
[42.771s][info][gc          ] GC(120) Pause Init Update Refs 0.050ms
[42.777s][info][gc,start    ] GC(120) Concurrent update references
[42.777s][info][gc,task     ] GC(120) Using 1 of 3 workers for concurrent reference update
[42.783s][info][gc          ] GC(120) Concurrent update references 5.775ms
[42.783s][info][gc,start    ] GC(120) Concurrent update thread roots
[42.784s][info][gc          ] GC(120) Concurrent update thread roots 0.598ms
[42.784s][info][gc,start    ] GC(120) Pause Final Update Refs
[42.784s][info][gc,task     ] GC(120) Using 3 of 3 workers for final reference update
[42.784s][info][gc          ] GC(120) Pause Final Update Refs 0.112ms
[42.786s][info][gc,start    ] GC(120) Concurrent cleanup
[42.786s][info][gc          ] GC(120) Concurrent cleanup 302M->78M(1024M) 0.068ms
[42.786s][info][gc,ergo     ] Free: 893M, Max: 512K regular, 659M humongous, Frag: 27% external, 0% internal; Reserve: 52736K, Max: 512K
[42.786s][info][gc,stats    ] 
[42.786s][info][gc,stats    ] All times are wall-clock times, except per-root-class counters, that are sum over
[42.786s][info][gc,stats    ] all workers. Dividing the <total> over the root stage time estimates parallelism.
[42.786s][info][gc,stats    ] 
[42.786s][info][gc,stats    ] Concurrent Reset                    599 us
[42.786s][info][gc,stats    ] Pause Init Mark (G)                2113 us
[42.786s][info][gc,stats    ] Pause Init Mark (N)                 161 us
[42.786s][info][gc,stats    ]   Update Region States               37 us
[42.786s][info][gc,stats    ] Concurrent Mark Roots               592 us, parallelism: 0.86x
[42.786s][info][gc,stats    ]   CMR: <total>                      512 us
[42.786s][info][gc,stats    ]   CMR: Thread Roots                 459 us, workers (us): 459, ---, ---, 
[42.786s][info][gc,stats    ]   CMR: VM Strong Roots                5 us, workers (us):   5, ---, ---, 
[42.786s][info][gc,stats    ]   CMR: CLDG Roots                    48 us, workers (us):  48, ---, ---, 
[42.786s][info][gc,stats    ] Concurrent Marking                 7876 us
[42.786s][info][gc,stats    ] Pause Final Mark (G)                375 us
[42.786s][info][gc,stats    ] Pause Final Mark (N)                248 us
[42.786s][info][gc,stats    ]   Finish Mark                        45 us
[42.786s][info][gc,stats    ]   Update Region States               35 us
[42.786s][info][gc,stats    ]   Choose Collection Set              99 us
[42.786s][info][gc,stats    ]   Rebuild Free Set                    9 us
[42.786s][info][gc,stats    ] Concurrent Thread Roots             519 us, parallelism: 0.91x
[42.786s][info][gc,stats    ]   CTR: <total>                      471 us
[42.786s][info][gc,stats    ]   CTR: Thread Roots                 471 us, workers (us): 471, ---, ---, 
[42.786s][info][gc,stats    ] Concurrent Weak References           77 us, parallelism: 0.13x
[42.786s][info][gc,stats    ]   CWRF: <total>                      10 us
[42.786s][info][gc,stats    ]   CWRF: Weak References              10 us, workers (us):  10, ---, ---, 
[42.786s][info][gc,stats    ] Concurrent Weak Roots              3239 us
[42.786s][info][gc,stats    ]   Roots                             485 us, parallelism: 0.96x
[42.786s][info][gc,stats    ]     CWR: <total>                    467 us
[42.786s][info][gc,stats    ]     CWR: Code Cache Roots           357 us, workers (us): 357, ---, ---, 
[42.786s][info][gc,stats    ]     CWR: VM Weak Roots              108 us, workers (us): 108, ---, ---, 
[42.786s][info][gc,stats    ]     CWR: CLDG Roots                   2 us, workers (us):   2, ---, ---, 
[42.786s][info][gc,stats    ]   Rendezvous                       2706 us
[42.786s][info][gc,stats    ] Concurrent Cleanup                   91 us
[42.786s][info][gc,stats    ] Concurrent Class Unloading        11973 us
[42.786s][info][gc,stats    ]   Unlink Stale                     1709 us
[42.786s][info][gc,stats    ]     System Dictionary                 4 us
[42.786s][info][gc,stats    ]     Weak Class Links                  0 us
[42.786s][info][gc,stats    ]     Code Roots                     1704 us
[42.786s][info][gc,stats    ]   Rendezvous                      10093 us
[42.786s][info][gc,stats    ]   Purge Unlinked                    110 us
[42.786s][info][gc,stats    ]     Code Roots                      106 us
[42.786s][info][gc,stats    ]     CLDG                              4 us
[42.786s][info][gc,stats    ]     Exception Caches                  0 us
[42.786s][info][gc,stats    ] Concurrent Strong Roots              92 us, parallelism: 0.55x
[42.786s][info][gc,stats    ]   CSR: <total>                       51 us
[42.786s][info][gc,stats    ]   CSR: VM Strong Roots                4 us, workers (us):   4, ---, ---, 
[42.786s][info][gc,stats    ]   CSR: CLDG Roots                    48 us, workers (us):  48, ---, ---, 
[42.786s][info][gc,stats    ] Concurrent Evacuation              2514 us
[42.786s][info][gc,stats    ] Pause Init Update Refs (G)         5953 us
[42.786s][info][gc,stats    ] Pause Init Update Refs (N)           59 us
[42.786s][info][gc,stats    ]   Manage GCLABs                       3 us
[42.786s][info][gc,stats    ] Concurrent Update Refs             5832 us
[42.786s][info][gc,stats    ] Concurrent Update Thread Roots      618 us
[42.786s][info][gc,stats    ] Pause Final Update Refs (G)        1873 us
[42.786s][info][gc,stats    ] Pause Final Update Refs (N)         132 us
[42.786s][info][gc,stats    ]   Update Region States               41 us
[42.786s][info][gc,stats    ]   Trash Collection Set               11 us
[42.786s][info][gc,stats    ]   Rebuild Free Set                   15 us
[42.786s][info][gc,stats    ] Concurrent Cleanup                   78 us
[42.786s][info][gc,stats    ] Pacing                            28114 us
[42.786s][info][gc,stats    ] 
[42.786s][info][gc,stats    ] Allocation pacing accrued:
[42.786s][info][gc,stats    ]       4 of   356 ms (  1.2%): Thread-54
[42.786s][info][gc,stats    ]       5 of   356 ms (  1.4%): Thread-55
[42.786s][info][gc,stats    ]       5 of   356 ms (  1.5%): Thread-56
[42.786s][info][gc,stats    ]       4 of   356 ms (  1.2%): Thread-57
[42.786s][info][gc,stats    ]       5 of   356 ms (  1.4%): Thread-58
[42.786s][info][gc,stats    ]       5 of   356 ms (  1.3%): Thread-59
[42.786s][info][gc,stats    ]      28 of   356 ms (  7.9%): <total>
[42.786s][info][gc,stats    ]       1 of   356 ms (  0.4%): <average total>
[42.786s][info][gc,stats    ]       5 of   356 ms (  1.3%): <average non-zero>
[42.786s][info][gc,stats    ] 
[42.786s][info][gc,metaspace] Metaspace: 6333K(6528K)->6333K(6528K) NonClass: 5727K(5824K)->5727K(5824K) Class: 606K(704K)->606K(704K)
[42.786s][info][gc,ergo     ] Pacer for Idle. Initial: 20971K, Alloc Tax Rate: 1.0x
[43.167s][info][gc          ] Trigger: Average GC time (59.53 ms) is above the time for average allocation rate (1958 MB/s) to deplete free headroom (104M) (margin of error = 1.75)
[43.167s][info][gc,ergo     ] Free headroom: 155M (free) - 52428K (spike) - 0B (penalties) = 104M
[43.167s][info][gc,ergo     ] Free: 155M, Max: 512K regular, 155M humongous, Frag: 0% external, 0% internal; Reserve: 52736K, Max: 512K
[43.167s][info][gc,start    ] GC(121) Concurrent reset
[43.167s][info][gc,task     ] GC(121) Using 1 of 3 workers for concurrent reset
[43.167s][info][gc,ergo     ] GC(121) Pacer for Reset. Non-Taxable: 1024M
[43.168s][info][gc          ] GC(121) Concurrent reset 0.952ms
[43.168s][info][gc,start    ] GC(121) Pause Init Mark (unload classes)
[43.168s][info][gc,task     ] GC(121) Using 3 of 3 workers for init marking
[43.168s][info][gc,ergo     ] GC(121) Pacer for Mark. Expected Live: 14281K, Free: 153M, Non-Taxable: 15667K, Alloc Tax Rate: 0.1x
[43.168s][info][gc          ] GC(121) Pause Init Mark (unload classes) 0.125ms
[43.174s][info][gc,start    ] GC(121) Concurrent marking roots
[43.174s][info][gc,task     ] GC(121) Using 1 of 3 workers for concurrent marking roots
[43.175s][info][gc          ] GC(121) Concurrent marking roots 0.591ms
[43.175s][info][gc,start    ] GC(121) Concurrent marking (unload classes)
[43.175s][info][gc,task     ] GC(121) Using 1 of 3 workers for concurrent marking
[43.182s][info][gc          ] GC(121) Concurrent marking (unload classes) 6.960ms
[43.182s][info][gc,start    ] GC(121) Pause Final Mark (unload classes)
[43.182s][info][gc,task     ] GC(121) Using 3 of 3 workers for final marking
[43.182s][info][gc,ergo     ] GC(121) Adaptive CSet Selection. Target Free: 145M, Actual Free: 894M, Max CSet: 43690K, Min Garbage: 0B
[43.182s][info][gc,ergo     ] GC(121) Collectable Garbage: 804M (99%), Immediate: 705M (87%), CSet: 101502K (12%)
[43.182s][info][gc,ergo     ] GC(121) Pacer for Evacuation. Used CSet: 101M, Free: 843M, Non-Taxable: 86323K, Alloc Tax Rate: 1.1x
[43.182s][info][gc          ] GC(121) Pause Final Mark (unload classes) 0.382ms
[43.182s][info][gc,start    ] GC(121) Concurrent thread roots
[43.182s][info][gc,task     ] GC(121) Using 1 of 3 workers for Concurrent thread roots
[43.183s][info][gc          ] GC(121) Concurrent thread roots 1.024ms
[43.183s][info][gc,start    ] GC(121) Concurrent weak references
[43.183s][info][gc,task     ] GC(121) Using 1 of 3 workers for concurrent weak references
[43.183s][info][gc,ref      ] GC(121) Encountered references: Soft: 132, Weak: 434, Final: 9, Phantom: 21
[43.183s][info][gc,ref      ] GC(121) Discovered  references: Soft: 0, Weak: 234, Final: 7, Phantom: 14
[43.183s][info][gc,ref      ] GC(121) Enqueued    references: Soft: 0, Weak: 0, Final: 0, Phantom: 0
[43.183s][info][gc          ] GC(121) Concurrent weak references 0.073ms
[43.183s][info][gc,start    ] GC(121) Concurrent weak roots
[43.183s][info][gc,task     ] GC(121) Using 1 of 3 workers for concurrent weak root
[43.199s][info][gc          ] GC(121) Concurrent weak roots 15.191ms
[43.199s][info][gc,start    ] GC(121) Concurrent cleanup
[43.199s][info][gc          ] GC(121) Concurrent cleanup 858M->153M(1024M) 0.100ms
[43.199s][info][gc,ergo     ] GC(121) Free: 818M, Max: 512K regular, 563M humongous, Frag: 32% external, 0% internal; Reserve: 52226K, Max: 512K
[43.199s][info][gc,start    ] GC(121) Concurrent class unloading
[43.199s][info][gc,task     ] GC(121) Using 1 of 3 workers for concurrent class unloading
[43.203s][info][gc          ] GC(121) Concurrent class unloading 3.852ms
[43.203s][info][gc,start    ] GC(121) Concurrent strong roots
[43.203s][info][gc,task     ] GC(121) Using 1 of 3 workers for concurrent strong root
[43.203s][info][gc          ] GC(121) Concurrent strong roots 0.083ms
[43.203s][info][gc,start    ] GC(121) Concurrent evacuation
[43.203s][info][gc,task     ] GC(121) Using 1 of 3 workers for concurrent evacuation
[43.204s][info][gc          ] GC(121) Concurrent evacuation 1.703ms
[43.205s][info][gc,start    ] GC(121) Pause Init Update Refs
[43.205s][info][gc,ergo     ] GC(121) Pacer for Update Refs. Used: 165M, Free: 808M, Non-Taxable: 82790K, Alloc Tax Rate: 1.1x
[43.205s][info][gc          ] GC(121) Pause Init Update Refs 0.064ms
[43.219s][info][gc,start    ] GC(121) Concurrent update references
[43.219s][info][gc,task     ] GC(121) Using 1 of 3 workers for concurrent reference update
[43.224s][info][gc          ] GC(121) Concurrent update references 5.283ms
[43.224s][info][gc,start    ] GC(121) Concurrent update thread roots
[43.224s][info][gc          ] GC(121) Concurrent update thread roots 0.551ms
[43.225s][info][gc,start    ] GC(121) Pause Final Update Refs
[43.225s][info][gc,task     ] GC(121) Using 3 of 3 workers for final reference update
[43.225s][info][gc          ] GC(121) Pause Final Update Refs 0.112ms
[43.226s][info][gc,start    ] GC(121) Concurrent cleanup
[43.226s][info][gc          ] GC(121) Concurrent cleanup 197M->96M(1024M) 0.032ms
[43.227s][info][gc,ergo     ] Free: 875M, Max: 512K regular, 658M humongous, Frag: 25% external, 0% internal; Reserve: 52736K, Max: 512K
[43.227s][info][gc,stats    ] 
[43.227s][info][gc,stats    ] All times are wall-clock times, except per-root-class counters, that are sum over
[43.227s][info][gc,stats    ] all workers. Dividing the <total> over the root stage time estimates parallelism.
[43.227s][info][gc,stats    ] 
[43.227s][info][gc,stats    ] Concurrent Reset                    993 us
[43.227s][info][gc,stats    ] Pause Init Mark (G)                6078 us
[43.227s][info][gc,stats    ] Pause Init Mark (N)                 134 us
[43.227s][info][gc,stats    ]   Update Region States               41 us
[43.227s][info][gc,stats    ] Concurrent Mark Roots               602 us, parallelism: 0.85x
[43.227s][info][gc,stats    ]   CMR: <total>                      512 us
[43.227s][info][gc,stats    ]   CMR: Thread Roots                 462 us, workers (us): 462, ---, ---, 
[43.227s][info][gc,stats    ]   CMR: VM Strong Roots                5 us, workers (us):   5, ---, ---, 
[43.227s][info][gc,stats    ]   CMR: CLDG Roots                    44 us, workers (us):  44, ---, ---, 
[43.227s][info][gc,stats    ] Concurrent Marking                 7011 us
[43.227s][info][gc,stats    ] Pause Final Mark (G)                452 us
[43.227s][info][gc,stats    ] Pause Final Mark (N)                403 us
[43.227s][info][gc,stats    ]   Finish Mark                        57 us
[43.227s][info][gc,stats    ]   Update Region States               45 us
[43.227s][info][gc,stats    ]   Choose Collection Set             147 us
[43.227s][info][gc,stats    ]   Rebuild Free Set                   23 us
[43.227s][info][gc,stats    ] Concurrent Thread Roots            1044 us, parallelism: 0.94x
[43.227s][info][gc,stats    ]   CTR: <total>                      976 us
[43.227s][info][gc,stats    ]   CTR: Thread Roots                 976 us, workers (us): 976, ---, ---, 
[43.227s][info][gc,stats    ] Concurrent Weak References           80 us, parallelism: 0.24x
[43.227s][info][gc,stats    ]   CWRF: <total>                      19 us
[43.227s][info][gc,stats    ]   CWRF: Weak References              19 us, workers (us):  19, ---, ---, 
[43.227s][info][gc,stats    ] Concurrent Weak Roots             15256 us
[43.227s][info][gc,stats    ]   Roots                             662 us, parallelism: 0.97x
[43.227s][info][gc,stats    ]     CWR: <total>                    642 us
[43.227s][info][gc,stats    ]     CWR: Code Cache Roots           436 us, workers (us): 436, ---, ---, 
[43.227s][info][gc,stats    ]     CWR: VM Weak Roots              204 us, workers (us): 204, ---, ---, 
[43.227s][info][gc,stats    ]     CWR: CLDG Roots                   3 us, workers (us):   3, ---, ---, 
[43.227s][info][gc,stats    ]   Rendezvous                      14510 us
[43.227s][info][gc,stats    ] Concurrent Cleanup                  109 us
[43.227s][info][gc,stats    ] Concurrent Class Unloading         3887 us
[43.227s][info][gc,stats    ]   Unlink Stale                     1796 us
[43.227s][info][gc,stats    ]     System Dictionary                 3 us
[43.227s][info][gc,stats    ]     Weak Class Links                  0 us
[43.227s][info][gc,stats    ]     Code Roots                     1791 us
[43.227s][info][gc,stats    ]   Rendezvous                       1954 us
[43.227s][info][gc,stats    ]   Purge Unlinked                     83 us
[43.227s][info][gc,stats    ]     Code Roots                       79 us
[43.227s][info][gc,stats    ]     CLDG                              4 us
[43.227s][info][gc,stats    ]     Exception Caches                  0 us
[43.227s][info][gc,stats    ] Concurrent Strong Roots              91 us, parallelism: 0.55x
[43.227s][info][gc,stats    ]   CSR: <total>                       50 us
[43.227s][info][gc,stats    ]   CSR: VM Strong Roots                4 us, workers (us):   4, ---, ---, 
[43.227s][info][gc,stats    ]   CSR: CLDG Roots                    46 us, workers (us):  46, ---, ---, 
[43.227s][info][gc,stats    ] Concurrent Evacuation              1763 us
[43.227s][info][gc,stats    ] Pause Init Update Refs (G)        14025 us
[43.227s][info][gc,stats    ] Pause Init Update Refs (N)           73 us
[43.227s][info][gc,stats    ]   Manage GCLABs                       3 us
[43.227s][info][gc,stats    ] Concurrent Update Refs             5331 us
[43.227s][info][gc,stats    ] Concurrent Update Thread Roots      567 us
[43.227s][info][gc,stats    ] Pause Final Update Refs (G)        2011 us
[43.227s][info][gc,stats    ] Pause Final Update Refs (N)         133 us
[43.227s][info][gc,stats    ]   Update Region States               41 us
[43.227s][info][gc,stats    ]   Trash Collection Set                7 us
[43.227s][info][gc,stats    ]   Rebuild Free Set                   16 us
[43.227s][info][gc,stats    ] Concurrent Cleanup                   42 us
[43.227s][info][gc,stats    ] Pacing                            43321 us
[43.227s][info][gc,stats    ] 
[43.227s][info][gc,stats    ] Allocation pacing accrued:
[43.227s][info][gc,stats    ]       6 of   441 ms (  1.4%): Thread-54
[43.227s][info][gc,stats    ]       7 of   441 ms (  1.6%): Thread-55
[43.227s][info][gc,stats    ]      11 of   441 ms (  2.4%): Thread-56
[43.227s][info][gc,stats    ]       6 of   441 ms (  1.4%): Thread-57
[43.227s][info][gc,stats    ]       7 of   441 ms (  1.5%): Thread-58
[43.227s][info][gc,stats    ]       6 of   441 ms (  1.5%): Thread-59
[43.227s][info][gc,stats    ]      43 of   441 ms (  9.8%): <total>
[43.227s][info][gc,stats    ]       2 of   441 ms (  0.5%): <average total>
[43.227s][info][gc,stats    ]       7 of   441 ms (  1.6%): <average non-zero>
[43.227s][info][gc,stats    ] 
[43.227s][info][gc,metaspace] Metaspace: 6333K(6528K)->6333K(6528K) NonClass: 5727K(5824K)->5727K(5824K) Class: 606K(704K)->606K(704K)
[43.227s][info][gc,ergo     ] Pacer for Idle. Initial: 20971K, Alloc Tax Rate: 1.0x
[43.609s][info][gc          ] Trigger: Average GC time (67.20 ms) is above the time for average allocation rate (1808 MB/s) to deplete free headroom (116M) (margin of error = 1.75)
[43.609s][info][gc,ergo     ] Free headroom: 167M (free) - 52428K (spike) - 0B (penalties) = 116M
[43.609s][info][gc,ergo     ] Free: 167M, Max: 512K regular, 113M humongous, Frag: 33% external, 0% internal; Reserve: 52736K, Max: 512K
[43.609s][info][gc,start    ] GC(122) Concurrent reset
[43.609s][info][gc,task     ] GC(122) Using 1 of 3 workers for concurrent reset
[43.609s][info][gc,ergo     ] GC(122) Pacer for Reset. Non-Taxable: 1024M
[43.610s][info][gc          ] GC(122) Concurrent reset 0.474ms
[43.610s][info][gc,start    ] GC(122) Pause Init Mark (unload classes)
[43.610s][info][gc,task     ] GC(122) Using 3 of 3 workers for init marking
[43.610s][info][gc,ergo     ] GC(122) Pacer for Mark. Expected Live: 14279K, Free: 166M, Non-Taxable: 17050K, Alloc Tax Rate: 0.1x
[43.610s][info][gc          ] GC(122) Pause Init Mark (unload classes) 0.137ms
[43.614s][info][gc,start    ] GC(122) Concurrent marking roots
[43.614s][info][gc,task     ] GC(122) Using 1 of 3 workers for concurrent marking roots
[43.614s][info][gc          ] GC(122) Concurrent marking roots 0.595ms
[43.614s][info][gc,start    ] GC(122) Concurrent marking (unload classes)
[43.614s][info][gc,task     ] GC(122) Using 1 of 3 workers for concurrent marking
[43.631s][info][gc          ] GC(122) Concurrent marking (unload classes) 16.444ms
[43.631s][info][gc,start    ] GC(122) Pause Final Mark (unload classes)
[43.631s][info][gc,task     ] GC(122) Using 3 of 3 workers for final marking
[43.631s][info][gc,ergo     ] GC(122) Adaptive CSet Selection. Target Free: 145M, Actual Free: 905M, Max CSet: 43690K, Min Garbage: 0B
[43.631s][info][gc,ergo     ] GC(122) Collectable Garbage: 790M (99%), Immediate: 719M (90%), CSet: 73368K (9%)
[43.631s][info][gc,ergo     ] GC(122) Pacer for Evacuation. Used CSet: 75776K, Free: 854M, Non-Taxable: 87450K, Alloc Tax Rate: 1.1x
[43.631s][info][gc          ] GC(122) Pause Final Mark (unload classes) 0.198ms
[43.631s][info][gc,start    ] GC(122) Concurrent thread roots
[43.631s][info][gc,task     ] GC(122) Using 1 of 3 workers for Concurrent thread roots
[43.632s][info][gc          ] GC(122) Concurrent thread roots 0.494ms
[43.632s][info][gc,start    ] GC(122) Concurrent weak references
[43.632s][info][gc,task     ] GC(122) Using 1 of 3 workers for concurrent weak references
[43.632s][info][gc,ref      ] GC(122) Encountered references: Soft: 132, Weak: 434, Final: 9, Phantom: 21
[43.632s][info][gc,ref      ] GC(122) Discovered  references: Soft: 0, Weak: 234, Final: 7, Phantom: 14
[43.632s][info][gc,ref      ] GC(122) Enqueued    references: Soft: 0, Weak: 0, Final: 0, Phantom: 0
[43.632s][info][gc          ] GC(122) Concurrent weak references 0.059ms
[43.632s][info][gc,start    ] GC(122) Concurrent weak roots
[43.632s][info][gc,task     ] GC(122) Using 1 of 3 workers for concurrent weak root
[43.636s][info][gc          ] GC(122) Concurrent weak roots 4.173ms
[43.636s][info][gc,start    ] GC(122) Concurrent cleanup
[43.636s][info][gc          ] GC(122) Concurrent cleanup 846M->127M(1024M) 0.102ms
[43.636s][info][gc,ergo     ] GC(122) Free: 844M, Max: 512K regular, 617M humongous, Frag: 27% external, 0% internal; Reserve: 52304K, Max: 512K
[43.636s][info][gc,start    ] GC(122) Concurrent class unloading
[43.636s][info][gc,task     ] GC(122) Using 1 of 3 workers for concurrent class unloading
[43.641s][info][gc          ] GC(122) Concurrent class unloading 4.982ms
[43.641s][info][gc,start    ] GC(122) Concurrent strong roots
[43.641s][info][gc,task     ] GC(122) Using 1 of 3 workers for concurrent strong root
[43.641s][info][gc          ] GC(122) Concurrent strong roots 0.082ms
[43.641s][info][gc,start    ] GC(122) Concurrent evacuation
[43.641s][info][gc,task     ] GC(122) Using 1 of 3 workers for concurrent evacuation
[43.643s][info][gc          ] GC(122) Concurrent evacuation 1.548ms
[43.643s][info][gc,start    ] GC(122) Pause Init Update Refs
[43.643s][info][gc,ergo     ] GC(122) Pacer for Update Refs. Used: 139M, Free: 835M, Non-Taxable: 85504K, Alloc Tax Rate: 1.1x
[43.643s][info][gc          ] GC(122) Pause Init Update Refs 0.053ms
[43.651s][info][gc,start    ] GC(122) Concurrent update references
[43.651s][info][gc,task     ] GC(122) Using 1 of 3 workers for concurrent reference update
[43.658s][info][gc          ] GC(122) Concurrent update references 7.064ms
[43.658s][info][gc,start    ] GC(122) Concurrent update thread roots
[43.658s][info][gc          ] GC(122) Concurrent update thread roots 0.551ms
[43.658s][info][gc,start    ] GC(122) Pause Final Update Refs
[43.658s][info][gc,task     ] GC(122) Using 3 of 3 workers for final reference update
[43.659s][info][gc          ] GC(122) Pause Final Update Refs 0.103ms
[43.668s][info][gc,start    ] GC(122) Concurrent cleanup
[43.668s][info][gc          ] GC(122) Concurrent cleanup 181M->107M(1024M) 0.033ms
[43.668s][info][gc,ergo     ] Free: 864M, Max: 512K regular, 648M humongous, Frag: 25% external, 0% internal; Reserve: 52736K, Max: 512K
[43.669s][info][gc,stats    ] 
[43.669s][info][gc,stats    ] All times are wall-clock times, except per-root-class counters, that are sum over
[43.669s][info][gc,stats    ] all workers. Dividing the <total> over the root stage time estimates parallelism.
[43.669s][info][gc,stats    ] 
[43.669s][info][gc,stats    ] Concurrent Reset                    495 us
[43.669s][info][gc,stats    ] Pause Init Mark (G)                4080 us
[43.669s][info][gc,stats    ] Pause Init Mark (N)                 147 us
[43.669s][info][gc,stats    ]   Update Region States               40 us
[43.669s][info][gc,stats    ] Concurrent Mark Roots               606 us, parallelism: 0.84x
[43.669s][info][gc,stats    ]   CMR: <total>                      507 us
[43.669s][info][gc,stats    ]   CMR: Thread Roots                 451 us, workers (us): 451, ---, ---, 
[43.669s][info][gc,stats    ]   CMR: VM Strong Roots                9 us, workers (us):   9, ---, ---, 
[43.669s][info][gc,stats    ]   CMR: CLDG Roots                    47 us, workers (us):  47, ---, ---, 
[43.669s][info][gc,stats    ] Concurrent Marking                16490 us
[43.669s][info][gc,stats    ] Pause Final Mark (G)                311 us
[43.669s][info][gc,stats    ] Pause Final Mark (N)                207 us
[43.669s][info][gc,stats    ]   Finish Mark                        48 us
[43.669s][info][gc,stats    ]   Update Region States               35 us
[43.669s][info][gc,stats    ]   Choose Collection Set              58 us
[43.669s][info][gc,stats    ]   Rebuild Free Set                    8 us
[43.669s][info][gc,stats    ] Concurrent Thread Roots             504 us, parallelism: 0.90x
[43.669s][info][gc,stats    ]   CTR: <total>                      455 us
[43.669s][info][gc,stats    ]   CTR: Thread Roots                 455 us, workers (us): 455, ---, ---, 
[43.669s][info][gc,stats    ] Concurrent Weak References           66 us, parallelism: 0.16x
[43.669s][info][gc,stats    ]   CWRF: <total>                      11 us
[43.669s][info][gc,stats    ]   CWRF: Weak References              11 us, workers (us):  11, ---, ---, 
[43.669s][info][gc,stats    ] Concurrent Weak Roots              4195 us
[43.669s][info][gc,stats    ]   Roots                             497 us, parallelism: 0.96x
[43.669s][info][gc,stats    ]     CWR: <total>                    478 us
[43.669s][info][gc,stats    ]     CWR: Code Cache Roots           366 us, workers (us): 366, ---, ---, 
[43.669s][info][gc,stats    ]     CWR: VM Weak Roots              110 us, workers (us): 110, ---, ---, 
[43.669s][info][gc,stats    ]     CWR: CLDG Roots                   2 us, workers (us):   2, ---, ---, 
[43.669s][info][gc,stats    ]   Rendezvous                       3661 us
[43.669s][info][gc,stats    ] Concurrent Cleanup                  111 us
[43.669s][info][gc,stats    ] Concurrent Class Unloading         5015 us
[43.669s][info][gc,stats    ]   Unlink Stale                     1664 us
[43.669s][info][gc,stats    ]     System Dictionary                 3 us
[43.669s][info][gc,stats    ]     Weak Class Links                  0 us
[43.669s][info][gc,stats    ]     Code Roots                     1660 us
[43.669s][info][gc,stats    ]   Rendezvous                       3222 us
[43.669s][info][gc,stats    ]   Purge Unlinked                     77 us
[43.669s][info][gc,stats    ]     Code Roots                       71 us
[43.669s][info][gc,stats    ]     CLDG                              6 us
[43.669s][info][gc,stats    ]     Exception Caches                  0 us
[43.669s][info][gc,stats    ] Concurrent Strong Roots              91 us, parallelism: 0.55x
[43.669s][info][gc,stats    ]   CSR: <total>                       50 us
[43.669s][info][gc,stats    ]   CSR: VM Strong Roots                4 us, workers (us):   4, ---, ---, 
[43.669s][info][gc,stats    ]   CSR: CLDG Roots                    46 us, workers (us):  46, ---, ---, 
[43.669s][info][gc,stats    ] Concurrent Evacuation              1590 us
[43.669s][info][gc,stats    ] Pause Init Update Refs (G)         7967 us
[43.669s][info][gc,stats    ] Pause Init Update Refs (N)           62 us
[43.669s][info][gc,stats    ]   Manage GCLABs                      10 us
[43.669s][info][gc,stats    ] Concurrent Update Refs             7130 us
[43.669s][info][gc,stats    ] Concurrent Update Thread Roots      566 us
[43.669s][info][gc,stats    ] Pause Final Update Refs (G)        9977 us
[43.669s][info][gc,stats    ] Pause Final Update Refs (N)         124 us
[43.669s][info][gc,stats    ]   Update Region States               44 us
[43.669s][info][gc,stats    ]   Trash Collection Set                5 us
[43.669s][info][gc,stats    ]   Rebuild Free Set                   15 us
[43.669s][info][gc,stats    ] Concurrent Cleanup                   43 us
[43.669s][info][gc,stats    ] 
[43.669s][info][gc,stats    ] Allocation pacing accrued:
[43.669s][info][gc,stats    ]       0 of   442 ms (  0.0%): <total>
[43.669s][info][gc,stats    ]       0 of   442 ms (  0.0%): <average total>
[43.669s][info][gc,stats    ] 
[43.669s][info][gc,metaspace] Metaspace: 6333K(6528K)->6333K(6528K) NonClass: 5727K(5824K)->5727K(5824K) Class: 606K(704K)->606K(704K)
[43.669s][info][gc,ergo     ] Pacer for Idle. Initial: 20971K, Alloc Tax Rate: 1.0x
[44.004s][info][gc          ] Trigger: Average GC time (67.48 ms) is above the time for average allocation rate (1966 MB/s) to deplete free headroom (122M) (margin of error = 1.75)
[44.004s][info][gc,ergo     ] Free headroom: 173M (free) - 52428K (spike) - 0B (penalties) = 122M
[44.004s][info][gc,ergo     ] Free: 173M, Max: 512K regular, 165M humongous, Frag: 5% external, 0% internal; Reserve: 52736K, Max: 512K
[44.004s][info][gc,start    ] GC(123) Concurrent reset
[44.004s][info][gc,task     ] GC(123) Using 1 of 3 workers for concurrent reset
[44.004s][info][gc,ergo     ] GC(123) Pacer for Reset. Non-Taxable: 1024M
[44.005s][info][gc          ] GC(123) Concurrent reset 0.363ms
[44.005s][info][gc,start    ] GC(123) Pause Init Mark (unload classes)
[44.005s][info][gc,task     ] GC(123) Using 3 of 3 workers for init marking
[44.005s][info][gc,ergo     ] GC(123) Pacer for Mark. Expected Live: 14252K, Free: 173M, Non-Taxable: 17766K, Alloc Tax Rate: 0.1x
[44.005s][info][gc          ] GC(123) Pause Init Mark (unload classes) 0.123ms
[44.011s][info][gc,start    ] GC(123) Concurrent marking roots
[44.011s][info][gc,task     ] GC(123) Using 1 of 3 workers for concurrent marking roots
[44.011s][info][gc          ] GC(123) Concurrent marking roots 0.606ms
[44.011s][info][gc,start    ] GC(123) Concurrent marking (unload classes)
[44.011s][info][gc,task     ] GC(123) Using 1 of 3 workers for concurrent marking
[44.018s][info][gc          ] GC(123) Concurrent marking (unload classes) 7.099ms
[44.018s][info][gc,start    ] GC(123) Pause Final Mark (unload classes)
[44.018s][info][gc,task     ] GC(123) Using 3 of 3 workers for final marking
[44.019s][info][gc,ergo     ] GC(123) Adaptive CSet Selection. Target Free: 145M, Actual Free: 849M, Max CSet: 43690K, Min Garbage: 0B
[44.019s][info][gc,ergo     ] GC(123) Collectable Garbage: 783M (99%), Immediate: 641M (81%), CSet: 142M (18%)
[44.019s][info][gc,ergo     ] GC(123) Pacer for Evacuation. Used CSet: 145M, Free: 797M, Non-Taxable: 81664K, Alloc Tax Rate: 1.1x
[44.019s][info][gc          ] GC(123) Pause Final Mark (unload classes) 0.406ms
[44.019s][info][gc,start    ] GC(123) Concurrent thread roots
[44.019s][info][gc,task     ] GC(123) Using 1 of 3 workers for Concurrent thread roots
[44.019s][info][gc          ] GC(123) Concurrent thread roots 0.595ms
[44.019s][info][gc,start    ] GC(123) Concurrent weak references
[44.019s][info][gc,task     ] GC(123) Using 1 of 3 workers for concurrent weak references
[44.019s][info][gc,ref      ] GC(123) Encountered references: Soft: 132, Weak: 434, Final: 9, Phantom: 21
[44.019s][info][gc,ref      ] GC(123) Discovered  references: Soft: 0, Weak: 234, Final: 7, Phantom: 14
[44.020s][info][gc,ref      ] GC(123) Enqueued    references: Soft: 0, Weak: 0, Final: 0, Phantom: 0
[44.020s][info][gc          ] GC(123) Concurrent weak references 0.126ms
[44.020s][info][gc,start    ] GC(123) Concurrent weak roots
[44.020s][info][gc,task     ] GC(123) Using 1 of 3 workers for concurrent weak root
[44.024s][info][gc          ] GC(123) Concurrent weak roots 4.076ms
[44.024s][info][gc,start    ] GC(123) Concurrent cleanup
[44.024s][info][gc          ] GC(123) Concurrent cleanup 822M->181M(1024M) 0.094ms
[44.024s][info][gc,ergo     ] GC(123) Free: 790M, Max: 512K regular, 549M humongous, Frag: 31% external, 0% internal; Reserve: 52263K, Max: 512K
[44.024s][info][gc,start    ] GC(123) Concurrent class unloading
[44.024s][info][gc,task     ] GC(123) Using 1 of 3 workers for concurrent class unloading
[44.034s][info][gc          ] GC(123) Concurrent class unloading 10.191ms
[44.034s][info][gc,start    ] GC(123) Concurrent strong roots
[44.034s][info][gc,task     ] GC(123) Using 1 of 3 workers for concurrent strong root
[44.034s][info][gc          ] GC(123) Concurrent strong roots 0.080ms
[44.034s][info][gc,start    ] GC(123) Concurrent evacuation
[44.034s][info][gc,task     ] GC(123) Using 1 of 3 workers for concurrent evacuation
[44.036s][info][gc          ] GC(123) Concurrent evacuation 2.025ms
[44.036s][info][gc,start    ] GC(123) Pause Init Update Refs
[44.036s][info][gc,ergo     ] GC(123) Pacer for Update Refs. Used: 203M, Free: 770M, Non-Taxable: 78899K, Alloc Tax Rate: 1.1x
[44.036s][info][gc          ] GC(123) Pause Init Update Refs 0.049ms
[44.038s][info][gc,start    ] GC(123) Concurrent update references
[44.038s][info][gc,task     ] GC(123) Using 1 of 3 workers for concurrent reference update
[44.043s][info][gc          ] GC(123) Concurrent update references 5.369ms
[44.043s][info][gc,start    ] GC(123) Concurrent update thread roots
[44.044s][info][gc          ] GC(123) Concurrent update thread roots 0.586ms
[44.044s][info][gc,start    ] GC(123) Pause Final Update Refs
[44.044s][info][gc,task     ] GC(123) Using 3 of 3 workers for final reference update
[44.044s][info][gc          ] GC(123) Pause Final Update Refs 0.101ms
[44.052s][info][gc,start    ] GC(123) Concurrent cleanup
[44.052s][info][gc          ] GC(123) Concurrent cleanup 229M->84M(1024M) 0.041ms
[44.052s][info][gc,ergo     ] Free: 886M, Max: 512K regular, 653M humongous, Frag: 27% external, 0% internal; Reserve: 52736K, Max: 512K
[44.052s][info][gc,stats    ] 
[44.052s][info][gc,stats    ] All times are wall-clock times, except per-root-class counters, that are sum over
[44.052s][info][gc,stats    ] all workers. Dividing the <total> over the root stage time estimates parallelism.
[44.052s][info][gc,stats    ] 
[44.052s][info][gc,stats    ] Concurrent Reset                    384 us
[44.052s][info][gc,stats    ] Pause Init Mark (G)                5964 us
[44.052s][info][gc,stats    ] Pause Init Mark (N)                 133 us
[44.052s][info][gc,stats    ]   Update Region States               39 us
[44.052s][info][gc,stats    ] Concurrent Mark Roots               617 us, parallelism: 0.84x
[44.052s][info][gc,stats    ]   CMR: <total>                      520 us
[44.052s][info][gc,stats    ]   CMR: Thread Roots                 464 us, workers (us): 464, ---, ---, 
[44.052s][info][gc,stats    ]   CMR: VM Strong Roots                7 us, workers (us):   7, ---, ---, 
[44.052s][info][gc,stats    ]   CMR: CLDG Roots                    49 us, workers (us):  49, ---, ---, 
[44.052s][info][gc,stats    ] Concurrent Marking                 7168 us
[44.052s][info][gc,stats    ] Pause Final Mark (G)                484 us
[44.052s][info][gc,stats    ] Pause Final Mark (N)                427 us
[44.052s][info][gc,stats    ]   Finish Mark                        65 us
[44.052s][info][gc,stats    ]   Update Region States               52 us
[44.052s][info][gc,stats    ]   Choose Collection Set             164 us
[44.052s][info][gc,stats    ]   Rebuild Free Set                   22 us
[44.052s][info][gc,stats    ] Concurrent Thread Roots             611 us, parallelism: 0.85x
[44.052s][info][gc,stats    ]   CTR: <total>                      521 us
[44.052s][info][gc,stats    ]   CTR: Thread Roots                 521 us, workers (us): 521, ---, ---, 
[44.052s][info][gc,stats    ] Concurrent Weak References          139 us, parallelism: 0.07x
[44.052s][info][gc,stats    ]   CWRF: <total>                       9 us
[44.052s][info][gc,stats    ]   CWRF: Weak References               9 us, workers (us):   9, ---, ---, 
[44.052s][info][gc,stats    ] Concurrent Weak Roots              4114 us
[44.052s][info][gc,stats    ]   Roots                             720 us, parallelism: 0.96x
[44.052s][info][gc,stats    ]     CWR: <total>                    687 us
[44.052s][info][gc,stats    ]     CWR: Code Cache Roots           477 us, workers (us): 477, ---, ---, 
[44.052s][info][gc,stats    ]     CWR: VM Weak Roots              207 us, workers (us): 207, ---, ---, 
[44.052s][info][gc,stats    ]     CWR: CLDG Roots                   3 us, workers (us):   3, ---, ---, 
[44.052s][info][gc,stats    ]   Rendezvous                       3338 us
[44.052s][info][gc,stats    ] Concurrent Cleanup                  103 us
[44.052s][info][gc,stats    ] Concurrent Class Unloading        10226 us
[44.052s][info][gc,stats    ]   Unlink Stale                     1678 us
[44.052s][info][gc,stats    ]     System Dictionary                 3 us
[44.052s][info][gc,stats    ]     Weak Class Links                  0 us
[44.052s][info][gc,stats    ]     Code Roots                     1674 us
[44.052s][info][gc,stats    ]   Rendezvous                       8409 us
[44.052s][info][gc,stats    ]   Purge Unlinked                     82 us
[44.052s][info][gc,stats    ]     Code Roots                       78 us
[44.052s][info][gc,stats    ]     CLDG                              4 us
[44.052s][info][gc,stats    ]     Exception Caches                  0 us
[44.052s][info][gc,stats    ] Concurrent Strong Roots              88 us, parallelism: 0.56x
[44.052s][info][gc,stats    ]   CSR: <total>                       49 us
[44.052s][info][gc,stats    ]   CSR: VM Strong Roots                4 us, workers (us):   4, ---, ---, 
[44.052s][info][gc,stats    ]   CSR: CLDG Roots                    46 us, workers (us):  46, ---, ---, 
[44.052s][info][gc,stats    ] Concurrent Evacuation              2069 us
[44.052s][info][gc,stats    ] Pause Init Update Refs (G)         1488 us
[44.052s][info][gc,stats    ] Pause Init Update Refs (N)           58 us
[44.052s][info][gc,stats    ]   Manage GCLABs                       3 us
[44.052s][info][gc,stats    ] Concurrent Update Refs             5414 us
[44.052s][info][gc,stats    ] Concurrent Update Thread Roots      602 us
[44.052s][info][gc,stats    ] Pause Final Update Refs (G)        7877 us
[44.052s][info][gc,stats    ] Pause Final Update Refs (N)         118 us
[44.052s][info][gc,stats    ]   Update Region States               41 us
[44.052s][info][gc,stats    ]   Trash Collection Set                7 us
[44.052s][info][gc,stats    ]   Rebuild Free Set                   14 us
[44.052s][info][gc,stats    ] Concurrent Cleanup                   51 us
[44.052s][info][gc,stats    ] Pacing                            39326 us
[44.052s][info][gc,stats    ] 
[44.052s][info][gc,stats    ] Allocation pacing accrued:
[44.052s][info][gc,stats    ]       7 of   383 ms (  1.8%): Thread-54
[44.052s][info][gc,stats    ]       6 of   383 ms (  1.6%): Thread-55
[44.052s][info][gc,stats    ]       6 of   383 ms (  1.6%): Thread-56
[44.052s][info][gc,stats    ]       6 of   383 ms (  1.6%): Thread-57
[44.052s][info][gc,stats    ]       7 of   383 ms (  1.9%): Thread-58
[44.052s][info][gc,stats    ]       7 of   383 ms (  1.8%): Thread-59
[44.052s][info][gc,stats    ]      39 of   383 ms ( 10.3%): <total>
[44.052s][info][gc,stats    ]       2 of   383 ms (  0.5%): <average total>
[44.052s][info][gc,stats    ]       7 of   383 ms (  1.7%): <average non-zero>
[44.052s][info][gc,stats    ] 
[44.052s][info][gc,metaspace] Metaspace: 6333K(6528K)->6333K(6528K) NonClass: 5727K(5824K)->5727K(5824K) Class: 606K(704K)->606K(704K)
[44.052s][info][gc,ergo     ] Pacer for Idle. Initial: 20971K, Alloc Tax Rate: 1.0x
[44.430s][info][gc          ] Trigger: Average GC time (62.84 ms) is above the time for average allocation rate (1874 MB/s) to deplete free headroom (114M) (margin of error = 1.74)
[44.430s][info][gc,ergo     ] Free headroom: 165M (free) - 52428K (spike) - 0B (penalties) = 114M
[44.430s][info][gc,ergo     ] Free: 165M, Max: 512K regular, 149M humongous, Frag: 10% external, 0% internal; Reserve: 52736K, Max: 512K
[44.430s][info][gc,start    ] GC(124) Concurrent reset
[44.430s][info][gc,task     ] GC(124) Using 1 of 3 workers for concurrent reset
[44.430s][info][gc,ergo     ] GC(124) Pacer for Reset. Non-Taxable: 1024M
[44.430s][info][gc          ] GC(124) Concurrent reset 0.669ms
[44.431s][info][gc,start    ] GC(124) Pause Init Mark (unload classes)
[44.431s][info][gc,task     ] GC(124) Using 3 of 3 workers for init marking
[44.431s][info][gc,ergo     ] GC(124) Pacer for Mark. Expected Live: 14264K, Free: 163M, Non-Taxable: 16742K, Alloc Tax Rate: 0.1x
[44.431s][info][gc          ] GC(124) Pause Init Mark (unload classes) 0.133ms
[44.436s][info][gc,start    ] GC(124) Concurrent marking roots
[44.436s][info][gc,task     ] GC(124) Using 1 of 3 workers for concurrent marking roots
[44.437s][info][gc          ] GC(124) Concurrent marking roots 0.579ms
[44.437s][info][gc,start    ] GC(124) Concurrent marking (unload classes)
[44.437s][info][gc,task     ] GC(124) Using 1 of 3 workers for concurrent marking
[44.444s][info][gc          ] GC(124) Concurrent marking (unload classes) 6.958ms
[44.444s][info][gc,start    ] GC(124) Pause Final Mark (unload classes)
[44.444s][info][gc,task     ] GC(124) Using 3 of 3 workers for final marking
[44.444s][info][gc,ergo     ] GC(124) Adaptive CSet Selection. Target Free: 145M, Actual Free: 911M, Max CSet: 43690K, Min Garbage: 0B
[44.444s][info][gc,ergo     ] GC(124) Collectable Garbage: 793M (99%), Immediate: 712M (89%), CSet: 83473K (10%)
[44.444s][info][gc,ergo     ] GC(124) Pacer for Evacuation. Used CSet: 86016K, Free: 859M, Non-Taxable: 88013K, Alloc Tax Rate: 1.1x
[44.444s][info][gc          ] GC(124) Pause Final Mark (unload classes) 0.395ms
[44.444s][info][gc,start    ] GC(124) Concurrent thread roots
[44.444s][info][gc,task     ] GC(124) Using 1 of 3 workers for Concurrent thread roots
[44.445s][info][gc          ] GC(124) Concurrent thread roots 0.541ms
[44.445s][info][gc,start    ] GC(124) Concurrent weak references
[44.445s][info][gc,task     ] GC(124) Using 1 of 3 workers for concurrent weak references
[44.445s][info][gc,ref      ] GC(124) Encountered references: Soft: 132, Weak: 434, Final: 9, Phantom: 21
[44.445s][info][gc,ref      ] GC(124) Discovered  references: Soft: 0, Weak: 234, Final: 7, Phantom: 14
[44.445s][info][gc,ref      ] GC(124) Enqueued    references: Soft: 0, Weak: 0, Final: 0, Phantom: 0
[44.445s][info][gc          ] GC(124) Concurrent weak references 0.064ms
[44.445s][info][gc,start    ] GC(124) Concurrent weak roots
[44.445s][info][gc,task     ] GC(124) Using 1 of 3 workers for concurrent weak root
[44.446s][info][gc          ] GC(124) Concurrent weak roots 0.752ms
[44.446s][info][gc,start    ] GC(124) Concurrent cleanup
[44.446s][info][gc          ] GC(124) Concurrent cleanup 827M->115M(1024M) 0.186ms
[44.446s][info][gc,ergo     ] GC(124) Free: 856M, Max: 512K regular, 435M humongous, Frag: 50% external, 0% internal; Reserve: 52511K, Max: 512K
[44.446s][info][gc,start    ] GC(124) Concurrent class unloading
[44.446s][info][gc,task     ] GC(124) Using 1 of 3 workers for concurrent class unloading
[44.449s][info][gc          ] GC(124) Concurrent class unloading 3.236ms
[44.449s][info][gc,start    ] GC(124) Concurrent strong roots
[44.449s][info][gc,task     ] GC(124) Using 1 of 3 workers for concurrent strong root
[44.449s][info][gc          ] GC(124) Concurrent strong roots 0.085ms
[44.449s][info][gc,start    ] GC(124) Concurrent evacuation
[44.449s][info][gc,task     ] GC(124) Using 1 of 3 workers for concurrent evacuation
[44.451s][info][gc          ] GC(124) Concurrent evacuation 1.753ms
[44.451s][info][gc,start    ] GC(124) Pause Init Update Refs
[44.451s][info][gc,ergo     ] GC(124) Pacer for Update Refs. Used: 123M, Free: 851M, Non-Taxable: 87142K, Alloc Tax Rate: 1.1x
[44.451s][info][gc          ] GC(124) Pause Init Update Refs 0.047ms
[44.459s][info][gc,start    ] GC(124) Concurrent update references
[44.459s][info][gc,task     ] GC(124) Using 1 of 3 workers for concurrent reference update
[44.464s][info][gc          ] GC(124) Concurrent update references 5.268ms
[44.464s][info][gc,start    ] GC(124) Concurrent update thread roots
[44.465s][info][gc          ] GC(124) Concurrent update thread roots 0.588ms
[44.465s][info][gc,start    ] GC(124) Pause Final Update Refs
[44.465s][info][gc,task     ] GC(124) Using 3 of 3 workers for final reference update
[44.465s][info][gc          ] GC(124) Pause Final Update Refs 0.101ms
[44.467s][info][gc,start    ] GC(124) Concurrent cleanup
[44.467s][info][gc          ] GC(124) Concurrent cleanup 144M->60M(1024M) 0.031ms
[44.467s][info][gc,ergo     ] Free: 910M, Max: 512K regular, 672M humongous, Frag: 27% external, 0% internal; Reserve: 52736K, Max: 512K
[44.467s][info][gc,stats    ] 
[44.467s][info][gc,stats    ] All times are wall-clock times, except per-root-class counters, that are sum over
[44.467s][info][gc,stats    ] all workers. Dividing the <total> over the root stage time estimates parallelism.
[44.467s][info][gc,stats    ] 
[44.467s][info][gc,stats    ] Concurrent Reset                    702 us
[44.467s][info][gc,stats    ] Pause Init Mark (G)                5772 us
[44.467s][info][gc,stats    ] Pause Init Mark (N)                 143 us
[44.467s][info][gc,stats    ]   Update Region States               44 us
[44.467s][info][gc,stats    ] Concurrent Mark Roots               596 us, parallelism: 0.83x
[44.467s][info][gc,stats    ]   CMR: <total>                      493 us
[44.467s][info][gc,stats    ]   CMR: Thread Roots                 443 us, workers (us): 443, ---, ---, 
[44.467s][info][gc,stats    ]   CMR: VM Strong Roots                5 us, workers (us):   5, ---, ---, 
[44.467s][info][gc,stats    ]   CMR: CLDG Roots                    44 us, workers (us):  44, ---, ---, 
[44.467s][info][gc,stats    ] Concurrent Marking                 7006 us
[44.467s][info][gc,stats    ] Pause Final Mark (G)                469 us
[44.467s][info][gc,stats    ] Pause Final Mark (N)                416 us
[44.467s][info][gc,stats    ]   Finish Mark                        63 us
[44.467s][info][gc,stats    ]   Update Region States               53 us
[44.467s][info][gc,stats    ]   Choose Collection Set             141 us
[44.467s][info][gc,stats    ]   Rebuild Free Set                   22 us
[44.467s][info][gc,stats    ] Concurrent Thread Roots             550 us, parallelism: 0.91x
[44.467s][info][gc,stats    ]   CTR: <total>                      498 us
[44.467s][info][gc,stats    ]   CTR: Thread Roots                 498 us, workers (us): 498, ---, ---, 
[44.467s][info][gc,stats    ] Concurrent Weak References           71 us, parallelism: 0.14x
[44.467s][info][gc,stats    ]   CWRF: <total>                      10 us
[44.467s][info][gc,stats    ]   CWRF: Weak References              10 us, workers (us):  10, ---, ---, 
[44.467s][info][gc,stats    ] Concurrent Weak Roots               788 us
[44.467s][info][gc,stats    ]   Roots                             683 us, parallelism: 0.95x
[44.467s][info][gc,stats    ]     CWR: <total>                    651 us
[44.467s][info][gc,stats    ]     CWR: Code Cache Roots           439 us, workers (us): 439, ---, ---, 
[44.467s][info][gc,stats    ]     CWR: VM Weak Roots              209 us, workers (us): 209, ---, ---, 
[44.467s][info][gc,stats    ]     CWR: CLDG Roots                   3 us, workers (us):   3, ---, ---, 
[44.467s][info][gc,stats    ]   Rendezvous                         52 us
[44.467s][info][gc,stats    ] Concurrent Cleanup                  204 us
[44.467s][info][gc,stats    ] Concurrent Class Unloading         3273 us
[44.467s][info][gc,stats    ]   Unlink Stale                     1613 us
[44.467s][info][gc,stats    ]     System Dictionary                 3 us
[44.467s][info][gc,stats    ]     Weak Class Links                  0 us
[44.467s][info][gc,stats    ]     Code Roots                     1609 us
[44.467s][info][gc,stats    ]   Rendezvous                       1521 us
[44.467s][info][gc,stats    ]   Purge Unlinked                     68 us
[44.467s][info][gc,stats    ]     Code Roots                       63 us
[44.467s][info][gc,stats    ]     CLDG                              4 us
[44.467s][info][gc,stats    ]     Exception Caches                  0 us
[44.467s][info][gc,stats    ] Concurrent Strong Roots              94 us, parallelism: 0.57x
[44.467s][info][gc,stats    ]   CSR: <total>                       53 us
[44.467s][info][gc,stats    ]   CSR: VM Strong Roots                4 us, workers (us):   4, ---, ---, 
[44.467s][info][gc,stats    ]   CSR: CLDG Roots                    50 us, workers (us):  50, ---, ---, 
[44.467s][info][gc,stats    ] Concurrent Evacuation              1829 us
[44.467s][info][gc,stats    ] Pause Init Update Refs (G)         7972 us
[44.467s][info][gc,stats    ] Pause Init Update Refs (N)           56 us
[44.468s][info][gc,stats    ]   Manage GCLABs                       3 us
[44.468s][info][gc,stats    ] Concurrent Update Refs             5327 us
[44.468s][info][gc,stats    ] Concurrent Update Thread Roots      603 us
[44.468s][info][gc,stats    ] Pause Final Update Refs (G)        1866 us
[44.468s][info][gc,stats    ] Pause Final Update Refs (N)         122 us
[44.468s][info][gc,stats    ]   Update Region States               40 us
[44.468s][info][gc,stats    ]   Trash Collection Set                6 us
[44.468s][info][gc,stats    ]   Rebuild Free Set                   15 us
[44.468s][info][gc,stats    ] Concurrent Cleanup                   62 us
[44.468s][info][gc,stats    ] Pacing                            69322 us
[44.468s][info][gc,stats    ] 
[44.468s][info][gc,stats    ] Allocation pacing accrued:
[44.468s][info][gc,stats    ]      11 of   415 ms (  2.7%): Thread-54
[44.468s][info][gc,stats    ]      11 of   415 ms (  2.7%): Thread-55
[44.468s][info][gc,stats    ]      11 of   415 ms (  2.7%): Thread-56
[44.468s][info][gc,stats    ]      14 of   415 ms (  3.3%): Thread-57
[44.468s][info][gc,stats    ]      11 of   415 ms (  2.7%): Thread-58
[44.468s][info][gc,stats    ]      11 of   415 ms (  2.6%): Thread-59
[44.468s][info][gc,stats    ]      69 of   415 ms ( 16.7%): <total>
[44.468s][info][gc,stats    ]       4 of   415 ms (  0.9%): <average total>
[44.468s][info][gc,stats    ]      12 of   415 ms (  2.8%): <average non-zero>
[44.468s][info][gc,stats    ] 
[44.468s][info][gc,metaspace] Metaspace: 6333K(6528K)->6333K(6528K) NonClass: 5727K(5824K)->5727K(5824K) Class: 606K(704K)->606K(704K)
[44.468s][info][gc,ergo     ] Pacer for Idle. Initial: 20971K, Alloc Tax Rate: 1.0x
[44.935s][info][gc          ] Trigger: Average GC time (59.29 ms) is above the time for average allocation rate (1662 MB/s) to deplete free headroom (78135K) (margin of error = 1.72)
[44.935s][info][gc,ergo     ] Free headroom: 127M (free) - 52428K (spike) - 0B (penalties) = 78135K
[44.935s][info][gc,ergo     ] Free: 126M, Max: 512K regular, 126M humongous, Frag: 0% external, 0% internal; Reserve: 52736K, Max: 512K
[44.935s][info][gc,start    ] GC(125) Concurrent reset
[44.935s][info][gc,task     ] GC(125) Using 1 of 3 workers for concurrent reset
[44.935s][info][gc,ergo     ] GC(125) Pacer for Reset. Non-Taxable: 1024M
[44.935s][info][gc          ] GC(125) Concurrent reset 0.397ms
[44.935s][info][gc,start    ] GC(125) Pause Init Mark (unload classes)
[44.935s][info][gc,task     ] GC(125) Using 3 of 3 workers for init marking
[44.936s][info][gc,ergo     ] GC(125) Pacer for Mark. Expected Live: 14275K, Free: 126M, Non-Taxable: 12954K, Alloc Tax Rate: 0.1x
[44.936s][info][gc          ] GC(125) Pause Init Mark (unload classes) 0.132ms
[44.943s][info][gc,start    ] GC(125) Concurrent marking roots
[44.943s][info][gc,task     ] GC(125) Using 1 of 3 workers for concurrent marking roots
[44.943s][info][gc          ] GC(125) Concurrent marking roots 0.591ms
[44.943s][info][gc,start    ] GC(125) Concurrent marking (unload classes)
[44.943s][info][gc,task     ] GC(125) Using 1 of 3 workers for concurrent marking
[44.950s][info][gc          ] GC(125) Concurrent marking (unload classes) 6.503ms
[44.950s][info][gc,start    ] GC(125) Pause Final Mark (unload classes)
[44.950s][info][gc,task     ] GC(125) Using 3 of 3 workers for final marking
[44.950s][info][gc,ergo     ] GC(125) Adaptive CSet Selection. Target Free: 145M, Actual Free: 900M, Max CSet: 43690K, Min Garbage: 0B
[44.950s][info][gc,ergo     ] GC(125) Collectable Garbage: 830M (99%), Immediate: 735M (88%), CSet: 98007K (11%)
[44.950s][info][gc,ergo     ] GC(125) Pacer for Evacuation. Used CSet: 100352K, Free: 849M, Non-Taxable: 86938K, Alloc Tax Rate: 1.1x
[44.950s][info][gc          ] GC(125) Pause Final Mark (unload classes) 0.370ms
[44.950s][info][gc,start    ] GC(125) Concurrent thread roots
[44.950s][info][gc,task     ] GC(125) Using 1 of 3 workers for Concurrent thread roots
[44.951s][info][gc          ] GC(125) Concurrent thread roots 0.661ms
[44.951s][info][gc,start    ] GC(125) Concurrent weak references
[44.951s][info][gc,task     ] GC(125) Using 1 of 3 workers for concurrent weak references
[44.951s][info][gc,ref      ] GC(125) Encountered references: Soft: 132, Weak: 434, Final: 9, Phantom: 21
[44.951s][info][gc,ref      ] GC(125) Discovered  references: Soft: 0, Weak: 234, Final: 7, Phantom: 14
[44.951s][info][gc,ref      ] GC(125) Enqueued    references: Soft: 0, Weak: 0, Final: 0, Phantom: 0
[44.951s][info][gc          ] GC(125) Concurrent weak references 0.057ms
[44.951s][info][gc,start    ] GC(125) Concurrent weak roots
[44.951s][info][gc,task     ] GC(125) Using 1 of 3 workers for concurrent weak root
[44.958s][info][gc          ] GC(125) Concurrent weak roots 7.559ms
[44.959s][info][gc,start    ] GC(125) Concurrent cleanup
[44.959s][info][gc          ] GC(125) Concurrent cleanup 876M->142M(1024M) 0.109ms
[44.959s][info][gc,ergo     ] GC(125) Free: 830M, Max: 512K regular, 573M humongous, Frag: 32% external, 0% internal; Reserve: 51558K, Max: 512K
[44.959s][info][gc,start    ] GC(125) Concurrent class unloading
[44.959s][info][gc,task     ] GC(125) Using 1 of 3 workers for concurrent class unloading
[44.963s][info][gc          ] GC(125) Concurrent class unloading 4.141ms
[44.963s][info][gc,start    ] GC(125) Concurrent strong roots
[44.963s][info][gc,task     ] GC(125) Using 1 of 3 workers for concurrent strong root
[44.963s][info][gc          ] GC(125) Concurrent strong roots 0.084ms
[44.963s][info][gc,start    ] GC(125) Concurrent evacuation
[44.963s][info][gc,task     ] GC(125) Using 1 of 3 workers for concurrent evacuation
[44.965s][info][gc          ] GC(125) Concurrent evacuation 1.609ms
[44.965s][info][gc,start    ] GC(125) Pause Init Update Refs
[44.965s][info][gc,ergo     ] GC(125) Pacer for Update Refs. Used: 155M, Free: 818M, Non-Taxable: 83814K, Alloc Tax Rate: 1.1x
[44.965s][info][gc          ] GC(125) Pause Init Update Refs 0.038ms
[44.969s][info][gc,start    ] GC(125) Concurrent update references
[44.969s][info][gc,task     ] GC(125) Using 1 of 3 workers for concurrent reference update
[44.973s][info][gc          ] GC(125) Concurrent update references 4.875ms
[44.973s][info][gc,start    ] GC(125) Concurrent update thread roots
[44.975s][info][gc          ] GC(125) Concurrent update thread roots 1.979ms
[44.976s][info][gc,start    ] GC(125) Pause Final Update Refs
[44.976s][info][gc,task     ] GC(125) Using 3 of 3 workers for final reference update
[44.976s][info][gc          ] GC(125) Pause Final Update Refs 0.105ms
[44.979s][info][gc,start    ] GC(125) Concurrent cleanup
[44.980s][info][gc          ] GC(125) Concurrent cleanup 185M->87M(1024M) 0.042ms
[44.980s][info][gc,ergo     ] Free: 883M, Max: 512K regular, 657M humongous, Frag: 26% external, 0% internal; Reserve: 52736K, Max: 512K
[44.980s][info][gc,stats    ] 
[44.980s][info][gc,stats    ] All times are wall-clock times, except per-root-class counters, that are sum over
[44.980s][info][gc,stats    ] all workers. Dividing the <total> over the root stage time estimates parallelism.
[44.980s][info][gc,stats    ] 
[44.980s][info][gc,stats    ] Concurrent Reset                    416 us
[44.980s][info][gc,stats    ] Pause Init Mark (G)                7267 us
[44.980s][info][gc,stats    ] Pause Init Mark (N)                 154 us
[44.980s][info][gc,stats    ]   Update Region States               43 us
[44.980s][info][gc,stats    ] Concurrent Mark Roots               602 us, parallelism: 0.83x
[44.980s][info][gc,stats    ]   CMR: <total>                      500 us
[44.980s][info][gc,stats    ]   CMR: Thread Roots                 451 us, workers (us): 451, ---, ---, 
[44.980s][info][gc,stats    ]   CMR: VM Strong Roots                7 us, workers (us):   7, ---, ---, 
[44.980s][info][gc,stats    ]   CMR: CLDG Roots                    43 us, workers (us):  43, ---, ---, 
[44.980s][info][gc,stats    ] Concurrent Marking                 6552 us
[44.980s][info][gc,stats    ] Pause Final Mark (G)                464 us
[44.980s][info][gc,stats    ] Pause Final Mark (N)                391 us
[44.980s][info][gc,stats    ]   Finish Mark                        56 us
[44.980s][info][gc,stats    ]   Update Region States               53 us
[44.980s][info][gc,stats    ]   Choose Collection Set             146 us
[44.980s][info][gc,stats    ]   Rebuild Free Set                   23 us
[44.980s][info][gc,stats    ] Concurrent Thread Roots             680 us, parallelism: 0.89x
[44.980s][info][gc,stats    ]   CTR: <total>                      603 us
[44.980s][info][gc,stats    ]   CTR: Thread Roots                 603 us, workers (us): 603, ---, ---, 
[44.980s][info][gc,stats    ] Concurrent Weak References           64 us, parallelism: 0.15x
[44.980s][info][gc,stats    ]   CWRF: <total>                      10 us
[44.980s][info][gc,stats    ]   CWRF: Weak References              10 us, workers (us):  10, ---, ---, 
[44.980s][info][gc,stats    ] Concurrent Weak Roots              7610 us
[44.980s][info][gc,stats    ]   Roots                            3986 us, parallelism: 0.99x
[44.980s][info][gc,stats    ]     CWR: <total>                   3958 us
[44.980s][info][gc,stats    ]     CWR: Code Cache Roots           419 us, workers (us): 419, ---, ---, 
[44.980s][info][gc,stats    ]     CWR: VM Weak Roots             3536 us, workers (us): 3536, ---, ---, 
[44.980s][info][gc,stats    ]     CWR: CLDG Roots                   3 us, workers (us):   3, ---, ---, 
[44.980s][info][gc,stats    ]   Rendezvous                       3552 us
[44.980s][info][gc,stats    ] Concurrent Cleanup                  118 us
[44.980s][info][gc,stats    ] Concurrent Class Unloading         4181 us
[44.980s][info][gc,stats    ]   Unlink Stale                     1906 us
[44.980s][info][gc,stats    ]     System Dictionary                 3 us
[44.980s][info][gc,stats    ]     Weak Class Links                  0 us
[44.980s][info][gc,stats    ]     Code Roots                     1901 us
[44.980s][info][gc,stats    ]   Rendezvous                       2131 us
[44.980s][info][gc,stats    ]   Purge Unlinked                     83 us
[44.980s][info][gc,stats    ]     Code Roots                       79 us
[44.980s][info][gc,stats    ]     CLDG                              4 us
[44.980s][info][gc,stats    ]     Exception Caches                  0 us
[44.980s][info][gc,stats    ] Concurrent Strong Roots              93 us, parallelism: 0.54x
[44.980s][info][gc,stats    ]   CSR: <total>                       50 us
[44.980s][info][gc,stats    ]   CSR: VM Strong Roots                5 us, workers (us):   5, ---, ---, 
[44.980s][info][gc,stats    ]   CSR: CLDG Roots                    45 us, workers (us):  45, ---, ---, 
[44.980s][info][gc,stats    ] Concurrent Evacuation              1648 us
[44.980s][info][gc,stats    ] Pause Init Update Refs (G)         3931 us
[44.980s][info][gc,stats    ] Pause Init Update Refs (N)           47 us
[44.980s][info][gc,stats    ]   Manage GCLABs                       3 us
[44.980s][info][gc,stats    ] Concurrent Update Refs             4926 us
[44.980s][info][gc,stats    ] Concurrent Update Thread Roots     2007 us
[44.980s][info][gc,stats    ] Pause Final Update Refs (G)        3986 us
[44.980s][info][gc,stats    ] Pause Final Update Refs (N)         124 us
[44.980s][info][gc,stats    ]   Update Region States               42 us
[44.980s][info][gc,stats    ]   Trash Collection Set                7 us
[44.980s][info][gc,stats    ]   Rebuild Free Set                   15 us
[44.980s][info][gc,stats    ] Concurrent Cleanup                   52 us
[44.980s][info][gc,stats    ] Pacing                            45147 us
[44.980s][info][gc,stats    ] 
[44.980s][info][gc,stats    ] Allocation pacing accrued:
[44.980s][info][gc,stats    ]       7 of   512 ms (  1.3%): Thread-54
[44.980s][info][gc,stats    ]       7 of   512 ms (  1.4%): Thread-55
[44.980s][info][gc,stats    ]       7 of   512 ms (  1.4%): Thread-56
[44.980s][info][gc,stats    ]       7 of   512 ms (  1.5%): Thread-57
[44.980s][info][gc,stats    ]       8 of   512 ms (  1.6%): Thread-58
[44.980s][info][gc,stats    ]       8 of   512 ms (  1.6%): Thread-59
[44.980s][info][gc,stats    ]      45 of   512 ms (  8.8%): <total>
[44.980s][info][gc,stats    ]       2 of   512 ms (  0.5%): <average total>
[44.980s][info][gc,stats    ]       8 of   512 ms (  1.5%): <average non-zero>
[44.980s][info][gc,stats    ] 
[44.980s][info][gc,metaspace] Metaspace: 6333K(6528K)->6333K(6528K) NonClass: 5727K(5824K)->5727K(5824K) Class: 606K(704K)->606K(704K)
[44.980s][info][gc,ergo     ] Pacer for Idle. Initial: 20971K, Alloc Tax Rate: 1.0x
[45.251s][info][gc          ] Trigger: Average GC time (55.02 ms) is above the time for average allocation rate (2326 MB/s) to deplete free headroom (121M) (margin of error = 1.72)
[45.251s][info][gc,ergo     ] Free headroom: 173M (free) - 52428K (spike) - 0B (penalties) = 121M
[45.251s][info][gc,ergo     ] Free: 173M, Max: 512K regular, 98304K humongous, Frag: 45% external, 0% internal; Reserve: 52736K, Max: 512K
[45.251s][info][gc,start    ] GC(126) Concurrent reset
[45.251s][info][gc,task     ] GC(126) Using 1 of 3 workers for concurrent reset
[45.251s][info][gc,ergo     ] GC(126) Pacer for Reset. Non-Taxable: 1024M
[45.251s][info][gc          ] GC(126) Concurrent reset 0.434ms
[45.251s][info][gc,start    ] GC(126) Pause Init Mark (unload classes)
[45.252s][info][gc,task     ] GC(126) Using 3 of 3 workers for init marking
[45.252s][info][gc,ergo     ] GC(126) Pacer for Mark. Expected Live: 14253K, Free: 171M, Non-Taxable: 17562K, Alloc Tax Rate: 0.1x
[45.252s][info][gc          ] GC(126) Pause Init Mark (unload classes) 0.130ms
[45.256s][info][gc,start    ] GC(126) Concurrent marking roots
[45.256s][info][gc,task     ] GC(126) Using 1 of 3 workers for concurrent marking roots
[45.257s][info][gc          ] GC(126) Concurrent marking roots 0.571ms
[45.257s][info][gc,start    ] GC(126) Concurrent marking (unload classes)
[45.257s][info][gc,task     ] GC(126) Using 1 of 3 workers for concurrent marking
[45.264s][info][gc          ] GC(126) Concurrent marking (unload classes) 7.107ms
[45.264s][info][gc,start    ] GC(126) Pause Final Mark (unload classes)
[45.264s][info][gc,task     ] GC(126) Using 3 of 3 workers for final marking
[45.264s][info][gc,ergo     ] GC(126) Adaptive CSet Selection. Target Free: 145M, Actual Free: 808M, Max CSet: 43690K, Min Garbage: 0B
[45.264s][info][gc,ergo     ] GC(126) Collectable Garbage: 785M (99%), Immediate: 602M (76%), CSet: 183M (23%)
[45.265s][info][gc,ergo     ] GC(126) Pacer for Evacuation. Used CSet: 186M, Free: 756M, Non-Taxable: 77466K, Alloc Tax Rate: 1.1x
[45.265s][info][gc          ] GC(126) Pause Final Mark (unload classes) 0.463ms
[45.265s][info][gc,start    ] GC(126) Concurrent thread roots
[45.265s][info][gc,task     ] GC(126) Using 1 of 3 workers for Concurrent thread roots
[45.266s][info][gc          ] GC(126) Concurrent thread roots 1.105ms
[45.266s][info][gc,start    ] GC(126) Concurrent weak references
[45.266s][info][gc,task     ] GC(126) Using 1 of 3 workers for concurrent weak references
[45.266s][info][gc,ref      ] GC(126) Encountered references: Soft: 132, Weak: 434, Final: 9, Phantom: 21
[45.266s][info][gc,ref      ] GC(126) Discovered  references: Soft: 0, Weak: 234, Final: 7, Phantom: 14
[45.266s][info][gc,ref      ] GC(126) Enqueued    references: Soft: 0, Weak: 0, Final: 0, Phantom: 0
[45.266s][info][gc          ] GC(126) Concurrent weak references 0.081ms
[45.266s][info][gc,start    ] GC(126) Concurrent weak roots
[45.266s][info][gc,task     ] GC(126) Using 1 of 3 workers for concurrent weak root
[45.266s][info][gc          ] GC(126) Concurrent weak roots 0.530ms
[45.266s][info][gc,start    ] GC(126) Concurrent cleanup
[45.267s][info][gc          ] GC(126) Concurrent cleanup 817M->215M(1024M) 0.139ms
[45.267s][info][gc,ergo     ] GC(126) Free: 756M, Max: 512K regular, 445M humongous, Frag: 42% external, 0% internal; Reserve: 52336K, Max: 512K
[45.267s][info][gc,start    ] GC(126) Concurrent class unloading
[45.267s][info][gc,task     ] GC(126) Using 1 of 3 workers for concurrent class unloading
[45.268s][info][gc          ] GC(126) Concurrent class unloading 1.792ms
[45.268s][info][gc,start    ] GC(126) Concurrent strong roots
[45.268s][info][gc,task     ] GC(126) Using 1 of 3 workers for concurrent strong root
[45.268s][info][gc          ] GC(126) Concurrent strong roots 0.080ms
[45.268s][info][gc,start    ] GC(126) Concurrent evacuation
[45.268s][info][gc,task     ] GC(126) Using 1 of 3 workers for concurrent evacuation
[45.271s][info][gc          ] GC(126) Concurrent evacuation 2.212ms
[45.271s][info][gc,start    ] GC(126) Pause Init Update Refs
[45.271s][info][gc,ergo     ] GC(126) Pacer for Update Refs. Used: 224M, Free: 749M, Non-Taxable: 76749K, Alloc Tax Rate: 1.1x
[45.271s][info][gc          ] GC(126) Pause Init Update Refs 0.043ms
[45.273s][info][gc,start    ] GC(126) Concurrent update references
[45.273s][info][gc,task     ] GC(126) Using 1 of 3 workers for concurrent reference update
[45.279s][info][gc          ] GC(126) Concurrent update references 5.697ms
[45.279s][info][gc,start    ] GC(126) Concurrent update thread roots
[45.283s][info][gc          ] GC(126) Concurrent update thread roots 3.999ms
[45.283s][info][gc,start    ] GC(126) Pause Final Update Refs
[45.283s][info][gc,task     ] GC(126) Using 3 of 3 workers for final reference update
[45.283s][info][gc          ] GC(126) Pause Final Update Refs 0.088ms
[45.287s][info][gc,start    ] GC(126) Concurrent cleanup
[45.287s][info][gc          ] GC(126) Concurrent cleanup 249M->63M(1024M) 0.052ms
[45.287s][info][gc,ergo     ] Free: 908M, Max: 512K regular, 668M humongous, Frag: 27% external, 0% internal; Reserve: 52736K, Max: 512K
[45.287s][info][gc,stats    ] 
[45.287s][info][gc,stats    ] All times are wall-clock times, except per-root-class counters, that are sum over
[45.287s][info][gc,stats    ] all workers. Dividing the <total> over the root stage time estimates parallelism.
[45.287s][info][gc,stats    ] 
[45.287s][info][gc,stats    ] Concurrent Reset                    457 us
[45.287s][info][gc,stats    ] Pause Init Mark (G)                4992 us
[45.287s][info][gc,stats    ] Pause Init Mark (N)                 141 us
[45.287s][info][gc,stats    ]   Update Region States               26 us
[45.287s][info][gc,stats    ] Concurrent Mark Roots               582 us, parallelism: 0.84x
[45.287s][info][gc,stats    ]   CMR: <total>                      487 us
[45.287s][info][gc,stats    ]   CMR: Thread Roots                 438 us, workers (us): 438, ---, ---, 
[45.287s][info][gc,stats    ]   CMR: VM Strong Roots                6 us, workers (us):   6, ---, ---, 
[45.287s][info][gc,stats    ]   CMR: CLDG Roots                    44 us, workers (us):  44, ---, ---, 
[45.287s][info][gc,stats    ] Concurrent Marking                 7178 us
[45.287s][info][gc,stats    ] Pause Final Mark (G)                543 us
[45.287s][info][gc,stats    ] Pause Final Mark (N)                484 us
[45.287s][info][gc,stats    ]   Finish Mark                        89 us
[45.287s][info][gc,stats    ]   Update Region States               52 us
[45.287s][info][gc,stats    ]   Choose Collection Set             183 us
[45.287s][info][gc,stats    ]   Rebuild Free Set                   23 us
[45.287s][info][gc,stats    ] Concurrent Thread Roots            1114 us, parallelism: 0.91x
[45.287s][info][gc,stats    ]   CTR: <total>                     1010 us
[45.287s][info][gc,stats    ]   CTR: Thread Roots                1010 us, workers (us): 1010, ---, ---, 
[45.287s][info][gc,stats    ] Concurrent Weak References           88 us, parallelism: 0.22x
[45.287s][info][gc,stats    ]   CWRF: <total>                      19 us
[45.287s][info][gc,stats    ]   CWRF: Weak References              19 us, workers (us):  19, ---, ---, 
[45.287s][info][gc,stats    ] Concurrent Weak Roots               549 us
[45.287s][info][gc,stats    ]   Roots                             478 us, parallelism: 0.94x
[45.287s][info][gc,stats    ]     CWR: <total>                    449 us
[45.287s][info][gc,stats    ]     CWR: Code Cache Roots           343 us, workers (us): 343, ---, ---, 
[45.287s][info][gc,stats    ]     CWR: VM Weak Roots              104 us, workers (us): 104, ---, ---, 
[45.287s][info][gc,stats    ]     CWR: CLDG Roots                   2 us, workers (us):   2, ---, ---, 
[45.287s][info][gc,stats    ]   Rendezvous                         36 us
[45.287s][info][gc,stats    ] Concurrent Cleanup                  157 us
[45.287s][info][gc,stats    ] Concurrent Class Unloading         1827 us
[45.287s][info][gc,stats    ]   Unlink Stale                     1628 us
[45.287s][info][gc,stats    ]     System Dictionary                 3 us
[45.287s][info][gc,stats    ]     Weak Class Links                  0 us
[45.287s][info][gc,stats    ]     Code Roots                     1624 us
[45.287s][info][gc,stats    ]   Rendezvous                         64 us
[45.287s][info][gc,stats    ]   Purge Unlinked                     56 us
[45.287s][info][gc,stats    ]     Code Roots                       52 us
[45.287s][info][gc,stats    ]     CLDG                              3 us
[45.287s][info][gc,stats    ]     Exception Caches                  0 us
[45.287s][info][gc,stats    ] Concurrent Strong Roots              89 us, parallelism: 0.54x
[45.287s][info][gc,stats    ]   CSR: <total>                       48 us
[45.287s][info][gc,stats    ]   CSR: VM Strong Roots                5 us, workers (us):   5, ---, ---, 
[45.287s][info][gc,stats    ]   CSR: CLDG Roots                    44 us, workers (us):  44, ---, ---, 
[45.287s][info][gc,stats    ] Concurrent Evacuation              2256 us
[45.287s][info][gc,stats    ] Pause Init Update Refs (G)         2182 us
[45.287s][info][gc,stats    ] Pause Init Update Refs (N)           52 us
[45.287s][info][gc,stats    ]   Manage GCLABs                       3 us
[45.287s][info][gc,stats    ] Concurrent Update Refs             5755 us
[45.287s][info][gc,stats    ] Concurrent Update Thread Roots     4026 us
[45.287s][info][gc,stats    ] Pause Final Update Refs (G)        4011 us
[45.287s][info][gc,stats    ] Pause Final Update Refs (N)         121 us
[45.287s][info][gc,stats    ]   Update Region States               36 us
[45.287s][info][gc,stats    ]   Trash Collection Set               11 us
[45.287s][info][gc,stats    ]   Rebuild Free Set                   17 us
[45.287s][info][gc,stats    ] Concurrent Cleanup                   62 us
[45.287s][info][gc,stats    ] Pacing                            48254 us
[45.287s][info][gc,stats    ] 
[45.287s][info][gc,stats    ] Allocation pacing accrued:
[45.287s][info][gc,stats    ]       9 of   307 ms (  2.8%): Thread-54
[45.287s][info][gc,stats    ]       7 of   307 ms (  2.4%): Thread-55
[45.287s][info][gc,stats    ]       9 of   307 ms (  2.8%): Thread-56
[45.287s][info][gc,stats    ]       8 of   307 ms (  2.5%): Thread-57
[45.287s][info][gc,stats    ]       8 of   307 ms (  2.6%): Thread-58
[45.287s][info][gc,stats    ]       8 of   307 ms (  2.5%): Thread-59
[45.287s][info][gc,stats    ]      48 of   307 ms ( 15.7%): <total>
[45.287s][info][gc,stats    ]       3 of   307 ms (  0.8%): <average total>
[45.287s][info][gc,stats    ]       8 of   307 ms (  2.6%): <average non-zero>
[45.287s][info][gc,stats    ] 
[45.287s][info][gc,metaspace] Metaspace: 6333K(6528K)->6333K(6528K) NonClass: 5727K(5824K)->5727K(5824K) Class: 606K(704K)->606K(704K)
[45.287s][info][gc,ergo     ] Pacer for Idle. Initial: 20971K, Alloc Tax Rate: 1.0x
[45.677s][info][gc          ] Trigger: Average GC time (50.68 ms) is above the time for average allocation rate (1997 MB/s) to deplete free headroom (102199K) (margin of error = 1.71)
[45.678s][info][gc,ergo     ] Free headroom: 151M (free) - 52428K (spike) - 0B (penalties) = 102199K
[45.678s][info][gc,ergo     ] Free: 150M, Max: 512K regular, 150M humongous, Frag: 0% external, 0% internal; Reserve: 52736K, Max: 512K
[45.678s][info][gc,start    ] GC(127) Concurrent reset
[45.678s][info][gc,task     ] GC(127) Using 1 of 3 workers for concurrent reset
[45.678s][info][gc,ergo     ] GC(127) Pacer for Reset. Non-Taxable: 1024M
[45.678s][info][gc          ] GC(127) Concurrent reset 0.780ms
[45.679s][info][gc,start    ] GC(127) Pause Init Mark (unload classes)
[45.679s][info][gc,task     ] GC(127) Using 3 of 3 workers for init marking
[45.679s][info][gc,ergo     ] GC(127) Pacer for Mark. Expected Live: 14259K, Free: 149M, Non-Taxable: 15258K, Alloc Tax Rate: 0.1x
[45.679s][info][gc          ] GC(127) Pause Init Mark (unload classes) 0.128ms
[45.687s][info][gc,start    ] GC(127) Concurrent marking roots
[45.687s][info][gc,task     ] GC(127) Using 1 of 3 workers for concurrent marking roots
[45.687s][info][gc          ] GC(127) Concurrent marking roots 0.571ms
[45.687s][info][gc,start    ] GC(127) Concurrent marking (unload classes)
[45.687s][info][gc,task     ] GC(127) Using 1 of 3 workers for concurrent marking
[45.693s][info][gc          ] GC(127) Concurrent marking (unload classes) 6.411ms
[45.694s][info][gc,start    ] GC(127) Pause Final Mark (unload classes)
[45.694s][info][gc,task     ] GC(127) Using 3 of 3 workers for final marking
[45.694s][info][gc,ergo     ] GC(127) Adaptive CSet Selection. Target Free: 145M, Actual Free: 893M, Max CSet: 43690K, Min Garbage: 0B
[45.694s][info][gc,ergo     ] GC(127) Collectable Garbage: 808M (99%), Immediate: 709M (87%), CSet: 101017K (12%)
[45.694s][info][gc,ergo     ] GC(127) Pacer for Evacuation. Used CSet: 101M, Free: 841M, Non-Taxable: 86170K, Alloc Tax Rate: 1.1x
[45.694s][info][gc          ] GC(127) Pause Final Mark (unload classes) 0.372ms
[45.694s][info][gc,start    ] GC(127) Concurrent thread roots
[45.694s][info][gc,task     ] GC(127) Using 1 of 3 workers for Concurrent thread roots
[45.695s][info][gc          ] GC(127) Concurrent thread roots 0.487ms
[45.695s][info][gc,start    ] GC(127) Concurrent weak references
[45.695s][info][gc,task     ] GC(127) Using 1 of 3 workers for concurrent weak references
[45.695s][info][gc,ref      ] GC(127) Encountered references: Soft: 132, Weak: 434, Final: 9, Phantom: 21
[45.695s][info][gc,ref      ] GC(127) Discovered  references: Soft: 0, Weak: 234, Final: 7, Phantom: 14
[45.695s][info][gc,ref      ] GC(127) Enqueued    references: Soft: 0, Weak: 0, Final: 0, Phantom: 0
[45.695s][info][gc          ] GC(127) Concurrent weak references 0.103ms
[45.695s][info][gc,start    ] GC(127) Concurrent weak roots
[45.695s][info][gc,task     ] GC(127) Using 1 of 3 workers for concurrent weak root
[45.709s][info][gc          ] GC(127) Concurrent weak roots 14.720ms
[45.709s][info][gc,start    ] GC(127) Concurrent cleanup
[45.710s][info][gc          ] GC(127) Concurrent cleanup 865M->155M(1024M) 0.103ms
[45.710s][info][gc,ergo     ] GC(127) Free: 816M, Max: 512K regular, 603M humongous, Frag: 27% external, 0% internal; Reserve: 51838K, Max: 512K
[45.710s][info][gc,start    ] GC(127) Concurrent class unloading
[45.710s][info][gc,task     ] GC(127) Using 1 of 3 workers for concurrent class unloading
[45.712s][info][gc          ] GC(127) Concurrent class unloading 2.325ms
[45.712s][info][gc,start    ] GC(127) Concurrent strong roots
[45.712s][info][gc,task     ] GC(127) Using 1 of 3 workers for concurrent strong root
[45.712s][info][gc          ] GC(127) Concurrent strong roots 0.081ms
[45.712s][info][gc,start    ] GC(127) Concurrent evacuation
[45.712s][info][gc,task     ] GC(127) Using 1 of 3 workers for concurrent evacuation
[45.714s][info][gc          ] GC(127) Concurrent evacuation 1.540ms
[45.714s][info][gc,start    ] GC(127) Pause Init Update Refs
[45.714s][info][gc,ergo     ] GC(127) Pacer for Update Refs. Used: 163M, Free: 811M, Non-Taxable: 83046K, Alloc Tax Rate: 1.1x
[45.714s][info][gc          ] GC(127) Pause Init Update Refs 0.058ms
[45.724s][info][gc,start    ] GC(127) Concurrent update references
[45.724s][info][gc,task     ] GC(127) Using 1 of 3 workers for concurrent reference update
[45.728s][info][gc          ] GC(127) Concurrent update references 4.908ms
[45.729s][info][gc,start    ] GC(127) Concurrent update thread roots
[45.729s][info][gc          ] GC(127) Concurrent update thread roots 0.599ms
[45.729s][info][gc,start    ] GC(127) Pause Final Update Refs
[45.729s][info][gc,task     ] GC(127) Using 3 of 3 workers for final reference update
[45.729s][info][gc          ] GC(127) Pause Final Update Refs 0.108ms
[45.737s][info][gc,start    ] GC(127) Concurrent cleanup
[45.737s][info][gc          ] GC(127) Concurrent cleanup 198M->97M(1024M) 0.035ms
[45.737s][info][gc,ergo     ] Free: 874M, Max: 512K regular, 659M humongous, Frag: 25% external, 0% internal; Reserve: 52736K, Max: 512K
[45.737s][info][gc,stats    ] 
[45.737s][info][gc,stats    ] All times are wall-clock times, except per-root-class counters, that are sum over
[45.737s][info][gc,stats    ] all workers. Dividing the <total> over the root stage time estimates parallelism.
[45.737s][info][gc,stats    ] 
[45.737s][info][gc,stats    ] Concurrent Reset                    837 us
[45.737s][info][gc,stats    ] Pause Init Mark (G)                8065 us
[45.737s][info][gc,stats    ] Pause Init Mark (N)                 138 us
[45.737s][info][gc,stats    ]   Update Region States               47 us
[45.737s][info][gc,stats    ] Concurrent Mark Roots               583 us, parallelism: 0.85x
[45.737s][info][gc,stats    ]   CMR: <total>                      494 us
[45.737s][info][gc,stats    ]   CMR: Thread Roots                 447 us, workers (us): 447, ---, ---, 
[45.737s][info][gc,stats    ]   CMR: VM Strong Roots                5 us, workers (us):   5, ---, ---, 
[45.737s][info][gc,stats    ]   CMR: CLDG Roots                    41 us, workers (us):  41, ---, ---, 
[45.737s][info][gc,stats    ] Concurrent Marking                 6441 us
[45.737s][info][gc,stats    ] Pause Final Mark (G)                519 us
[45.737s][info][gc,stats    ] Pause Final Mark (N)                388 us
[45.737s][info][gc,stats    ]   Finish Mark                        62 us
[45.737s][info][gc,stats    ]   Update Region States               45 us
[45.737s][info][gc,stats    ]   Choose Collection Set             128 us
[45.737s][info][gc,stats    ]   Rebuild Free Set                   18 us
[45.737s][info][gc,stats    ] Concurrent Thread Roots             507 us, parallelism: 0.84x
[45.737s][info][gc,stats    ]   CTR: <total>                      427 us
[45.737s][info][gc,stats    ]   CTR: Thread Roots                 427 us, workers (us): 427, ---, ---, 
[45.737s][info][gc,stats    ] Concurrent Weak References          118 us, parallelism: 0.08x
[45.737s][info][gc,stats    ]   CWRF: <total>                       9 us
[45.737s][info][gc,stats    ]   CWRF: Weak References               9 us, workers (us):   9, ---, ---, 
[45.737s][info][gc,stats    ] Concurrent Weak Roots             14749 us
[45.737s][info][gc,stats    ]   Roots                             501 us, parallelism: 0.96x
[45.737s][info][gc,stats    ]     CWR: <total>                    480 us
[45.737s][info][gc,stats    ]     CWR: Code Cache Roots           373 us, workers (us): 373, ---, ---, 
[45.737s][info][gc,stats    ]     CWR: VM Weak Roots              105 us, workers (us): 105, ---, ---, 
[45.737s][info][gc,stats    ]     CWR: CLDG Roots                   2 us, workers (us):   2, ---, ---, 
[45.737s][info][gc,stats    ]   Rendezvous                      14183 us
[45.737s][info][gc,stats    ] Concurrent Cleanup                  117 us
[45.737s][info][gc,stats    ] Concurrent Class Unloading         2364 us
[45.737s][info][gc,stats    ]   Unlink Stale                     1765 us
[45.737s][info][gc,stats    ]     System Dictionary                 4 us
[45.737s][info][gc,stats    ]     Weak Class Links                  0 us
[45.737s][info][gc,stats    ]     Code Roots                     1759 us
[45.737s][info][gc,stats    ]   Rendezvous                        460 us
[45.737s][info][gc,stats    ]   Purge Unlinked                     76 us
[45.737s][info][gc,stats    ]     Code Roots                       72 us
[45.737s][info][gc,stats    ]     CLDG                              3 us
[45.737s][info][gc,stats    ]     Exception Caches                  0 us
[45.737s][info][gc,stats    ] Concurrent Strong Roots              90 us, parallelism: 0.55x
[45.737s][info][gc,stats    ]   CSR: <total>                       49 us
[45.737s][info][gc,stats    ]   CSR: VM Strong Roots                4 us, workers (us):   4, ---, ---, 
[45.737s][info][gc,stats    ]   CSR: CLDG Roots                    45 us, workers (us):  45, ---, ---, 
[45.737s][info][gc,stats    ] Concurrent Evacuation              1577 us
[45.737s][info][gc,stats    ] Pause Init Update Refs (G)         9965 us
[45.737s][info][gc,stats    ] Pause Init Update Refs (N)           67 us
[45.737s][info][gc,stats    ]   Manage GCLABs                       4 us
[45.737s][info][gc,stats    ] Concurrent Update Refs             4954 us
[45.737s][info][gc,stats    ] Concurrent Update Thread Roots      614 us
[45.737s][info][gc,stats    ] Pause Final Update Refs (G)        7477 us
[45.737s][info][gc,stats    ] Pause Final Update Refs (N)         119 us
[45.737s][info][gc,stats    ]   Update Region States               41 us
[45.737s][info][gc,stats    ]   Trash Collection Set                7 us
[45.737s][info][gc,stats    ]   Rebuild Free Set                   15 us
[45.737s][info][gc,stats    ] Concurrent Cleanup                   44 us
[45.737s][info][gc,stats    ] Pacing                            37195 us
[45.737s][info][gc,stats    ] 
[45.737s][info][gc,stats    ] Allocation pacing accrued:
[45.737s][info][gc,stats    ]       6 of   450 ms (  1.3%): Thread-54
[45.737s][info][gc,stats    ]       6 of   450 ms (  1.4%): Thread-55
[45.737s][info][gc,stats    ]       6 of   450 ms (  1.4%): Thread-56
[45.737s][info][gc,stats    ]       5 of   450 ms (  1.2%): Thread-57
[45.737s][info][gc,stats    ]       6 of   450 ms (  1.4%): Thread-58
[45.737s][info][gc,stats    ]       7 of   450 ms (  1.6%): Thread-59
[45.737s][info][gc,stats    ]      37 of   450 ms (  8.3%): <total>
[45.737s][info][gc,stats    ]       2 of   450 ms (  0.4%): <average total>
[45.737s][info][gc,stats    ]       6 of   450 ms (  1.4%): <average non-zero>
[45.737s][info][gc,stats    ] 
[45.737s][info][gc,metaspace] Metaspace: 6333K(6528K)->6333K(6528K) NonClass: 5727K(5824K)->5727K(5824K) Class: 606K(704K)->606K(704K)
[45.737s][info][gc,ergo     ] Pacer for Idle. Initial: 20971K, Alloc Tax Rate: 1.0x
[46.151s][info][gc          ] Trigger: Average GC time (67.43 ms) is above the time for average allocation rate (1758 MB/s) to deplete free headroom (96567K) (margin of error = 1.72)
[46.151s][info][gc,ergo     ] Free headroom: 145M (free) - 52428K (spike) - 0B (penalties) = 96567K
[46.151s][info][gc,ergo     ] Free: 145M, Max: 512K regular, 107M humongous, Frag: 27% external, 0% internal; Reserve: 52736K, Max: 512K
[46.151s][info][gc,start    ] GC(128) Concurrent reset
[46.151s][info][gc,task     ] GC(128) Using 1 of 3 workers for concurrent reset
[46.151s][info][gc,ergo     ] GC(128) Pacer for Reset. Non-Taxable: 1024M
[46.151s][info][gc          ] GC(128) Concurrent reset 0.449ms
[46.151s][info][gc,start    ] GC(128) Pause Init Mark (unload classes)
[46.152s][info][gc,task     ] GC(128) Using 3 of 3 workers for init marking
[46.152s][info][gc,ergo     ] GC(128) Pacer for Mark. Expected Live: 14259K, Free: 144M, Non-Taxable: 14797K, Alloc Tax Rate: 0.1x
[46.152s][info][gc          ] GC(128) Pause Init Mark (unload classes) 0.129ms
[46.155s][info][gc,start    ] GC(128) Concurrent marking roots
[46.155s][info][gc,task     ] GC(128) Using 1 of 3 workers for concurrent marking roots
[46.155s][info][gc          ] GC(128) Concurrent marking roots 0.563ms
[46.155s][info][gc,start    ] GC(128) Concurrent marking (unload classes)
[46.155s][info][gc,task     ] GC(128) Using 1 of 3 workers for concurrent marking
[46.163s][info][gc          ] GC(128) Concurrent marking (unload classes) 7.997ms
[46.163s][info][gc,start    ] GC(128) Pause Final Mark (unload classes)
[46.163s][info][gc,task     ] GC(128) Using 3 of 3 workers for final marking
[46.164s][info][gc,ergo     ] GC(128) Adaptive CSet Selection. Target Free: 145M, Actual Free: 854M, Max CSet: 43690K, Min Garbage: 0B
[46.164s][info][gc,ergo     ] GC(128) Collectable Garbage: 812M (99%), Immediate: 679M (83%), CSet: 133M (16%)
[46.164s][info][gc,ergo     ] GC(128) Pacer for Evacuation. Used CSet: 135M, Free: 802M, Non-Taxable: 82176K, Alloc Tax Rate: 1.1x
[46.164s][info][gc          ] GC(128) Pause Final Mark (unload classes) 0.234ms
[46.164s][info][gc,start    ] GC(128) Concurrent thread roots
[46.164s][info][gc,task     ] GC(128) Using 1 of 3 workers for Concurrent thread roots
[46.164s][info][gc          ] GC(128) Concurrent thread roots 0.545ms
[46.164s][info][gc,start    ] GC(128) Concurrent weak references
[46.164s][info][gc,task     ] GC(128) Using 1 of 3 workers for concurrent weak references
[46.164s][info][gc,ref      ] GC(128) Encountered references: Soft: 132, Weak: 434, Final: 9, Phantom: 21
[46.164s][info][gc,ref      ] GC(128) Discovered  references: Soft: 0, Weak: 234, Final: 7, Phantom: 14
[46.164s][info][gc,ref      ] GC(128) Enqueued    references: Soft: 0, Weak: 0, Final: 0, Phantom: 0
[46.164s][info][gc          ] GC(128) Concurrent weak references 0.064ms
[46.164s][info][gc,start    ] GC(128) Concurrent weak roots
[46.164s][info][gc,task     ] GC(128) Using 1 of 3 workers for concurrent weak root
[46.166s][info][gc          ] GC(128) Concurrent weak roots 2.144ms
[46.167s][info][gc,start    ] GC(128) Concurrent cleanup
[46.167s][info][gc          ] GC(128) Concurrent cleanup 853M->174M(1024M) 0.093ms
[46.167s][info][gc,ergo     ] GC(128) Free: 797M, Max: 512K regular, 336M humongous, Frag: 58% external, 0% internal; Reserve: 52379K, Max: 512K
[46.167s][info][gc,start    ] GC(128) Concurrent class unloading
[46.167s][info][gc,task     ] GC(128) Using 1 of 3 workers for concurrent class unloading
[46.182s][info][gc          ] GC(128) Concurrent class unloading 15.751ms
[46.182s][info][gc,start    ] GC(128) Concurrent strong roots
[46.182s][info][gc,task     ] GC(128) Using 1 of 3 workers for concurrent strong root
[46.183s][info][gc          ] GC(128) Concurrent strong roots 0.120ms
[46.183s][info][gc,start    ] GC(128) Concurrent evacuation
[46.183s][info][gc,task     ] GC(128) Using 1 of 3 workers for concurrent evacuation
[46.184s][info][gc          ] GC(128) Concurrent evacuation 1.851ms
[46.185s][info][gc,start    ] GC(128) Pause Init Update Refs
[46.185s][info][gc,ergo     ] GC(128) Pacer for Update Refs. Used: 199M, Free: 775M, Non-Taxable: 79360K, Alloc Tax Rate: 1.1x
[46.185s][info][gc          ] GC(128) Pause Init Update Refs 0.063ms
[46.196s][info][gc,start    ] GC(128) Concurrent update references
[46.196s][info][gc,task     ] GC(128) Using 1 of 3 workers for concurrent reference update
[46.202s][info][gc          ] GC(128) Concurrent update references 5.831ms
[46.202s][info][gc,start    ] GC(128) Concurrent update thread roots
[46.203s][info][gc          ] GC(128) Concurrent update thread roots 0.686ms
[46.203s][info][gc,start    ] GC(128) Pause Final Update Refs
[46.203s][info][gc,task     ] GC(128) Using 3 of 3 workers for final reference update
[46.203s][info][gc          ] GC(128) Pause Final Update Refs 0.092ms
[46.205s][info][gc,start    ] GC(128) Concurrent cleanup
[46.205s][info][gc          ] GC(128) Concurrent cleanup 225M->90M(1024M) 0.046ms
[46.205s][info][gc,ergo     ] Free: 881M, Max: 512K regular, 650M humongous, Frag: 27% external, 0% internal; Reserve: 52736K, Max: 512K
[46.205s][info][gc,stats    ] 
[46.205s][info][gc,stats    ] All times are wall-clock times, except per-root-class counters, that are sum over
[46.205s][info][gc,stats    ] all workers. Dividing the <total> over the root stage time estimates parallelism.
[46.205s][info][gc,stats    ] 
[46.205s][info][gc,stats    ] Concurrent Reset                    478 us
[46.205s][info][gc,stats    ] Pause Init Mark (G)                3367 us
[46.205s][info][gc,stats    ] Pause Init Mark (N)                 138 us
[46.205s][info][gc,stats    ]   Update Region States               34 us
[46.205s][info][gc,stats    ] Concurrent Mark Roots               574 us, parallelism: 0.86x
[46.205s][info][gc,stats    ]   CMR: <total>                      494 us
[46.205s][info][gc,stats    ]   CMR: Thread Roots                 444 us, workers (us): 444, ---, ---, 
[46.205s][info][gc,stats    ]   CMR: VM Strong Roots                5 us, workers (us):   5, ---, ---, 
[46.205s][info][gc,stats    ]   CMR: CLDG Roots                    45 us, workers (us):  45, ---, ---, 
[46.205s][info][gc,stats    ] Concurrent Marking                 8042 us
[46.205s][info][gc,stats    ] Pause Final Mark (G)                345 us
[46.205s][info][gc,stats    ] Pause Final Mark (N)                243 us
[46.205s][info][gc,stats    ]   Finish Mark                        41 us
[46.205s][info][gc,stats    ]   Update Region States               42 us
[46.205s][info][gc,stats    ]   Choose Collection Set              80 us
[46.205s][info][gc,stats    ]   Rebuild Free Set                    9 us
[46.205s][info][gc,stats    ] Concurrent Thread Roots             558 us, parallelism: 0.91x
[46.205s][info][gc,stats    ]   CTR: <total>                      506 us
[46.205s][info][gc,stats    ]   CTR: Thread Roots                 506 us, workers (us): 506, ---, ---, 
[46.205s][info][gc,stats    ] Concurrent Weak References           71 us, parallelism: 0.22x
[46.205s][info][gc,stats    ]   CWRF: <total>                      15 us
[46.205s][info][gc,stats    ]   CWRF: Weak References              15 us, workers (us):  15, ---, ---, 
[46.205s][info][gc,stats    ] Concurrent Weak Roots              2164 us
[46.205s][info][gc,stats    ]   Roots                             509 us, parallelism: 0.96x
[46.205s][info][gc,stats    ]     CWR: <total>                    490 us
[46.205s][info][gc,stats    ]     CWR: Code Cache Roots           381 us, workers (us): 381, ---, ---, 
[46.205s][info][gc,stats    ]     CWR: VM Weak Roots              106 us, workers (us): 106, ---, ---, 
[46.205s][info][gc,stats    ]     CWR: CLDG Roots                   3 us, workers (us):   3, ---, ---, 
[46.205s][info][gc,stats    ]   Rendezvous                       1619 us
[46.205s][info][gc,stats    ] Concurrent Cleanup                  102 us
[46.205s][info][gc,stats    ] Concurrent Class Unloading        15803 us
[46.205s][info][gc,stats    ]   Unlink Stale                     1659 us
[46.205s][info][gc,stats    ]     System Dictionary                 2 us
[46.205s][info][gc,stats    ]     Weak Class Links                  0 us
[46.205s][info][gc,stats    ]     Code Roots                     1656 us
[46.205s][info][gc,stats    ]   Rendezvous                      13953 us
[46.205s][info][gc,stats    ]   Purge Unlinked                    118 us
[46.205s][info][gc,stats    ]     Code Roots                      112 us
[46.205s][info][gc,stats    ]     CLDG                              5 us
[46.205s][info][gc,stats    ]     Exception Caches                  0 us
[46.205s][info][gc,stats    ] Concurrent Strong Roots             129 us, parallelism: 0.39x
[46.205s][info][gc,stats    ]   CSR: <total>                       50 us
[46.205s][info][gc,stats    ]   CSR: VM Strong Roots                4 us, workers (us):   4, ---, ---, 
[46.205s][info][gc,stats    ]   CSR: CLDG Roots                    46 us, workers (us):  46, ---, ---, 
[46.205s][info][gc,stats    ] Concurrent Evacuation              1895 us
[46.205s][info][gc,stats    ] Pause Init Update Refs (G)        11976 us
[46.205s][info][gc,stats    ] Pause Init Update Refs (N)           72 us
[46.205s][info][gc,stats    ]   Manage GCLABs                       3 us
[46.205s][info][gc,stats    ] Concurrent Update Refs             5910 us
[46.205s][info][gc,stats    ] Concurrent Update Thread Roots      712 us
[46.205s][info][gc,stats    ] Pause Final Update Refs (G)        1861 us
[46.205s][info][gc,stats    ] Pause Final Update Refs (N)         133 us
[46.205s][info][gc,stats    ]   Update Region States               42 us
[46.205s][info][gc,stats    ]   Trash Collection Set               10 us
[46.205s][info][gc,stats    ]   Rebuild Free Set                   15 us
[46.205s][info][gc,stats    ] Concurrent Cleanup                   56 us
[46.205s][info][gc,stats    ] 
[46.205s][info][gc,stats    ] Allocation pacing accrued:
[46.205s][info][gc,stats    ]       0 of   468 ms (  0.0%): <total>
[46.205s][info][gc,stats    ]       0 of   468 ms (  0.0%): <average total>
[46.206s][info][gc,stats    ] 
[46.206s][info][gc,metaspace] Metaspace: 6333K(6528K)->6333K(6528K) NonClass: 5727K(5824K)->5727K(5824K) Class: 606K(704K)->606K(704K)
[46.206s][info][gc,ergo     ] Pacer for Idle. Initial: 20971K, Alloc Tax Rate: 1.0x
[46.593s][info][gc          ] Trigger: Average GC time (65.00 ms) is above the time for average allocation rate (1894 MB/s) to deplete free headroom (108M) (margin of error = 1.72)
[46.593s][info][gc,ergo     ] Free headroom: 159M (free) - 52428K (spike) - 0B (penalties) = 108M
[46.593s][info][gc,ergo     ] Free: 159M, Max: 512K regular, 159M humongous, Frag: 0% external, 0% internal; Reserve: 52736K, Max: 512K
[46.593s][info][gc,start    ] GC(129) Concurrent reset
[46.593s][info][gc,task     ] GC(129) Using 1 of 3 workers for concurrent reset
[46.593s][info][gc,ergo     ] GC(129) Pacer for Reset. Non-Taxable: 1024M
[46.594s][info][gc          ] GC(129) Concurrent reset 0.705ms
[46.594s][info][gc,start    ] GC(129) Pause Init Mark (unload classes)
[46.594s][info][gc,task     ] GC(129) Using 3 of 3 workers for init marking
[46.594s][info][gc,ergo     ] GC(129) Pacer for Mark. Expected Live: 14258K, Free: 158M, Non-Taxable: 16179K, Alloc Tax Rate: 0.1x
[46.594s][info][gc          ] GC(129) Pause Init Mark (unload classes) 0.140ms
[46.602s][info][gc,start    ] GC(129) Concurrent marking roots
[46.602s][info][gc,task     ] GC(129) Using 1 of 3 workers for concurrent marking roots
[46.602s][info][gc          ] GC(129) Concurrent marking roots 0.552ms
[46.602s][info][gc,start    ] GC(129) Concurrent marking (unload classes)
[46.602s][info][gc,task     ] GC(129) Using 1 of 3 workers for concurrent marking
[46.608s][info][gc          ] GC(129) Concurrent marking (unload classes) 6.237ms
[46.608s][info][gc,start    ] GC(129) Pause Final Mark (unload classes)
[46.608s][info][gc,task     ] GC(129) Using 3 of 3 workers for final marking
[46.609s][info][gc,ergo     ] GC(129) Collectable Garbage: 761M (95%), Immediate: 761M (95%), CSet: 0B (0%)
[46.609s][info][gc          ] GC(129) Pause Final Mark (unload classes) 0.288ms
[46.609s][info][gc,start    ] GC(129) Concurrent weak references
[46.609s][info][gc,task     ] GC(129) Using 1 of 3 workers for concurrent weak references
[46.609s][info][gc,ref      ] GC(129) Encountered references: Soft: 132, Weak: 434, Final: 9, Phantom: 21
[46.609s][info][gc,ref      ] GC(129) Discovered  references: Soft: 0, Weak: 234, Final: 7, Phantom: 14
[46.609s][info][gc,ref      ] GC(129) Enqueued    references: Soft: 0, Weak: 0, Final: 0, Phantom: 0
[46.609s][info][gc          ] GC(129) Concurrent weak references 0.154ms
[46.609s][info][gc,start    ] GC(129) Concurrent weak roots
[46.609s][info][gc,task     ] GC(129) Using 1 of 3 workers for concurrent weak root
[46.613s][info][gc          ] GC(129) Concurrent weak roots 4.243ms
[46.613s][info][gc,start    ] GC(129) Concurrent cleanup
[46.613s][info][gc          ] GC(129) Concurrent cleanup 837M->75M(1024M) 0.107ms
[46.613s][info][gc,ergo     ] GC(129) Free: 895M, Max: 512K regular, 697M humongous, Frag: 23% external, 0% internal; Reserve: 52736K, Max: 512K
[46.613s][info][gc,start    ] GC(129) Concurrent class unloading
[46.613s][info][gc,task     ] GC(129) Using 1 of 3 workers for concurrent class unloading
[46.622s][info][gc          ] GC(129) Concurrent class unloading 8.622ms
[46.622s][info][gc,start    ] GC(129) Pause Final Roots
[46.622s][info][gc          ] GC(129) Pause Final Roots 0.013ms
[46.625s][info][gc,ergo     ] Free: 873M, Max: 512K regular, 677M humongous, Frag: 23% external, 0% internal; Reserve: 52736K, Max: 512K
[46.625s][info][gc,stats    ] 
[46.625s][info][gc,stats    ] All times are wall-clock times, except per-root-class counters, that are sum over
[46.625s][info][gc,stats    ] all workers. Dividing the <total> over the root stage time estimates parallelism.
[46.625s][info][gc,stats    ] 
[46.625s][info][gc,stats    ] Concurrent Reset                    767 us
[46.625s][info][gc,stats    ] Pause Init Mark (G)                7552 us
[46.625s][info][gc,stats    ] Pause Init Mark (N)                 149 us
[46.625s][info][gc,stats    ]   Update Region States               41 us
[46.625s][info][gc,stats    ] Concurrent Mark Roots               563 us, parallelism: 0.83x
[46.625s][info][gc,stats    ]   CMR: <total>                      468 us
[46.625s][info][gc,stats    ]   CMR: Thread Roots                 421 us, workers (us): 421, ---, ---, 
[46.625s][info][gc,stats    ]   CMR: VM Strong Roots                5 us, workers (us):   5, ---, ---, 
[46.625s][info][gc,stats    ]   CMR: CLDG Roots                    42 us, workers (us):  42, ---, ---, 
[46.625s][info][gc,stats    ] Concurrent Marking                 6285 us
[46.625s][info][gc,stats    ] Pause Final Mark (G)                366 us
[46.625s][info][gc,stats    ] Pause Final Mark (N)                310 us
[46.625s][info][gc,stats    ]   Finish Mark                        65 us
[46.625s][info][gc,stats    ]   Update Region States               53 us
[46.625s][info][gc,stats    ]   Choose Collection Set              75 us
[46.625s][info][gc,stats    ]   Rebuild Free Set                   21 us
[46.625s][info][gc,stats    ] Concurrent Weak References          170 us, parallelism: 0.05x
[46.625s][info][gc,stats    ]   CWRF: <total>                       9 us
[46.625s][info][gc,stats    ]   CWRF: Weak References               9 us, workers (us):   9, ---, ---, 
[46.625s][info][gc,stats    ] Concurrent Weak Roots              4286 us
[46.625s][info][gc,stats    ]   Roots                             483 us, parallelism: 0.94x
[46.625s][info][gc,stats    ]     CWR: <total>                    453 us
[46.625s][info][gc,stats    ]     CWR: Code Cache Roots           391 us, workers (us): 391, ---, ---, 
[46.625s][info][gc,stats    ]     CWR: VM Weak Roots               60 us, workers (us):  60, ---, ---, 
[46.625s][info][gc,stats    ]     CWR: CLDG Roots                   2 us, workers (us):   2, ---, ---, 
[46.625s][info][gc,stats    ]   Rendezvous                       3725 us
[46.625s][info][gc,stats    ] Concurrent Cleanup                  116 us
[46.625s][info][gc,stats    ] Concurrent Class Unloading         8664 us
[46.625s][info][gc,stats    ]   Unlink Stale                     1756 us
[46.625s][info][gc,stats    ]     System Dictionary                 2 us
[46.625s][info][gc,stats    ]     Weak Class Links                  0 us
[46.625s][info][gc,stats    ]     Code Roots                     1752 us
[46.625s][info][gc,stats    ]   Rendezvous                       6764 us
[46.625s][info][gc,stats    ]   Purge Unlinked                     82 us
[46.625s][info][gc,stats    ]     Code Roots                       77 us
[46.625s][info][gc,stats    ]     CLDG                              4 us
[46.625s][info][gc,stats    ]     Exception Caches                  0 us
[46.625s][info][gc,stats    ] Pause Final Roots (G)              2895 us
[46.625s][info][gc,stats    ] Pause Final Roots (N)                20 us
[46.625s][info][gc,stats    ] Pacing                            39026 us
[46.625s][info][gc,stats    ] 
[46.625s][info][gc,stats    ] Allocation pacing accrued:
[46.625s][info][gc,stats    ]       6 of   420 ms (  1.4%): Thread-54
[46.625s][info][gc,stats    ]       6 of   420 ms (  1.5%): Thread-55
[46.625s][info][gc,stats    ]       6 of   420 ms (  1.5%): Thread-56
[46.625s][info][gc,stats    ]       7 of   420 ms (  1.6%): Thread-57
[46.625s][info][gc,stats    ]       8 of   420 ms (  1.9%): Thread-58
[46.625s][info][gc,stats    ]       6 of   420 ms (  1.5%): Thread-59
[46.625s][info][gc,stats    ]      39 of   420 ms (  9.3%): <total>
[46.625s][info][gc,stats    ]       2 of   420 ms (  0.5%): <average total>
[46.625s][info][gc,stats    ]       7 of   420 ms (  1.5%): <average non-zero>
[46.625s][info][gc,stats    ] 
[46.625s][info][gc,metaspace] Metaspace: 6333K(6528K)->6333K(6528K) NonClass: 5727K(5824K)->5727K(5824K) Class: 606K(704K)->606K(704K)
[46.625s][info][gc,ergo     ] Pacer for Idle. Initial: 20971K, Alloc Tax Rate: 1.0x
[47.051s][info][gc          ] Trigger: Average GC time (61.53 ms) is above the time for average allocation rate (1687 MB/s) to deplete free headroom (103M) (margin of error = 1.73)
[47.051s][info][gc,ergo     ] Free headroom: 154M (free) - 52428K (spike) - 0B (penalties) = 103M
[47.051s][info][gc,ergo     ] Free: 154M, Max: 512K regular, 135M humongous, Frag: 13% external, 0% internal; Reserve: 52736K, Max: 512K
[47.051s][info][gc,start    ] GC(130) Concurrent reset
[47.051s][info][gc,task     ] GC(130) Using 1 of 3 workers for concurrent reset
[47.051s][info][gc,ergo     ] GC(130) Pacer for Reset. Non-Taxable: 1024M
[47.051s][info][gc          ] GC(130) Concurrent reset 0.247ms
[47.052s][info][gc,start    ] GC(130) Pause Init Mark (unload classes)
[47.052s][info][gc,task     ] GC(130) Using 3 of 3 workers for init marking
[47.052s][info][gc,ergo     ] GC(130) Pacer for Mark. Expected Live: 14248K, Free: 153M, Non-Taxable: 15719K, Alloc Tax Rate: 0.1x
[47.052s][info][gc          ] GC(130) Pause Init Mark (unload classes) 0.121ms
[47.059s][info][gc,start    ] GC(130) Concurrent marking roots
[47.059s][info][gc,task     ] GC(130) Using 1 of 3 workers for concurrent marking roots
[47.060s][info][gc          ] GC(130) Concurrent marking roots 0.576ms
[47.060s][info][gc,start    ] GC(130) Concurrent marking (unload classes)
[47.060s][info][gc,task     ] GC(130) Using 1 of 3 workers for concurrent marking
[47.066s][info][gc          ] GC(130) Concurrent marking (unload classes) 5.742ms
[47.066s][info][gc,start    ] GC(130) Pause Final Mark (unload classes)
[47.066s][info][gc,task     ] GC(130) Using 3 of 3 workers for final marking
[47.066s][info][gc,ergo     ] GC(130) Collectable Garbage: 780M (97%), Immediate: 780M (97%), CSet: 0B (0%)
[47.066s][info][gc          ] GC(130) Pause Final Mark (unload classes) 0.225ms
[47.066s][info][gc,start    ] GC(130) Concurrent weak references
[47.066s][info][gc,task     ] GC(130) Using 1 of 3 workers for concurrent weak references
[47.066s][info][gc,ref      ] GC(130) Encountered references: Soft: 132, Weak: 434, Final: 9, Phantom: 21
[47.066s][info][gc,ref      ] GC(130) Discovered  references: Soft: 0, Weak: 234, Final: 7, Phantom: 14
[47.066s][info][gc,ref      ] GC(130) Enqueued    references: Soft: 0, Weak: 0, Final: 0, Phantom: 0
[47.066s][info][gc          ] GC(130) Concurrent weak references 0.174ms
[47.066s][info][gc,start    ] GC(130) Concurrent weak roots
[47.066s][info][gc,task     ] GC(130) Using 1 of 3 workers for concurrent weak root
[47.067s][info][gc          ] GC(130) Concurrent weak roots 0.661ms
[47.067s][info][gc,start    ] GC(130) Concurrent cleanup
[47.067s][info][gc          ] GC(130) Concurrent cleanup 832M->52M(1024M) 0.092ms
[47.067s][info][gc,ergo     ] GC(130) Free: 919M, Max: 512K regular, 595M humongous, Frag: 36% external, 0% internal; Reserve: 52736K, Max: 512K
[47.067s][info][gc,start    ] GC(130) Concurrent class unloading
[47.067s][info][gc,task     ] GC(130) Using 1 of 3 workers for concurrent class unloading
[47.069s][info][gc          ] GC(130) Concurrent class unloading 2.071ms
[47.069s][info][gc,start    ] GC(130) Pause Final Roots
[47.069s][info][gc          ] GC(130) Pause Final Roots 0.051ms
[47.072s][info][gc,ergo     ] Free: 910M, Max: 512K regular, 595M humongous, Frag: 35% external, 0% internal; Reserve: 52736K, Max: 512K
[47.072s][info][gc,stats    ] 
[47.072s][info][gc,stats    ] All times are wall-clock times, except per-root-class counters, that are sum over
[47.072s][info][gc,stats    ] all workers. Dividing the <total> over the root stage time estimates parallelism.
[47.072s][info][gc,stats    ] 
[47.072s][info][gc,stats    ] Concurrent Reset                    257 us
[47.072s][info][gc,stats    ] Pause Init Mark (G)                7934 us
[47.072s][info][gc,stats    ] Pause Init Mark (N)                 130 us
[47.072s][info][gc,stats    ]   Update Region States               35 us
[47.072s][info][gc,stats    ] Concurrent Mark Roots               588 us, parallelism: 0.82x
[47.072s][info][gc,stats    ]   CMR: <total>                      482 us
[47.072s][info][gc,stats    ]   CMR: Thread Roots                 429 us, workers (us): 429, ---, ---, 
[47.072s][info][gc,stats    ]   CMR: VM Strong Roots                5 us, workers (us):   5, ---, ---, 
[47.072s][info][gc,stats    ]   CMR: CLDG Roots                    47 us, workers (us):  47, ---, ---, 
[47.072s][info][gc,stats    ] Concurrent Marking                 5795 us
[47.072s][info][gc,stats    ] Pause Final Mark (G)                277 us
[47.072s][info][gc,stats    ] Pause Final Mark (N)                235 us
[47.072s][info][gc,stats    ]   Finish Mark                        57 us
[47.072s][info][gc,stats    ]   Update Region States               53 us
[47.072s][info][gc,stats    ]   Choose Collection Set              44 us
[47.072s][info][gc,stats    ]   Rebuild Free Set                    8 us
[47.072s][info][gc,stats    ] Concurrent Weak References          210 us, parallelism: 0.07x
[47.072s][info][gc,stats    ]   CWRF: <total>                      14 us
[47.072s][info][gc,stats    ]   CWRF: Weak References              14 us, workers (us):  14, ---, ---, 
[47.072s][info][gc,stats    ] Concurrent Weak Roots               671 us
[47.072s][info][gc,stats    ]   Roots                             589 us, parallelism: 0.93x
[47.072s][info][gc,stats    ]     CWR: <total>                    549 us
[47.072s][info][gc,stats    ]     CWR: Code Cache Roots           416 us, workers (us): 416, ---, ---, 
[47.072s][info][gc,stats    ]     CWR: VM Weak Roots              131 us, workers (us): 131, ---, ---, 
[47.072s][info][gc,stats    ]     CWR: CLDG Roots                   2 us, workers (us):   2, ---, ---, 
[47.072s][info][gc,stats    ]   Rendezvous                         26 us
[47.072s][info][gc,stats    ] Concurrent Cleanup                  100 us
[47.072s][info][gc,stats    ] Concurrent Class Unloading         2108 us
[47.072s][info][gc,stats    ]   Unlink Stale                     1741 us
[47.072s][info][gc,stats    ]     System Dictionary                 2 us
[47.072s][info][gc,stats    ]     Weak Class Links                  0 us
[47.072s][info][gc,stats    ]     Code Roots                     1738 us
[47.072s][info][gc,stats    ]   Rendezvous                        245 us
[47.072s][info][gc,stats    ]   Purge Unlinked                     68 us
[47.072s][info][gc,stats    ]     Code Roots                       65 us
[47.072s][info][gc,stats    ]     CLDG                              3 us
[47.072s][info][gc,stats    ]     Exception Caches                  0 us
[47.072s][info][gc,stats    ] Pause Final Roots (G)              2666 us
[47.072s][info][gc,stats    ] Pause Final Roots (N)                73 us
[47.072s][info][gc,stats    ] Pacing                            72560 us
[47.072s][info][gc,stats    ] 
[47.072s][info][gc,stats    ] Allocation pacing accrued:
[47.072s][info][gc,stats    ]      14 of   447 ms (  3.2%): Thread-54
[47.072s][info][gc,stats    ]      12 of   447 ms (  2.7%): Thread-55
[47.072s][info][gc,stats    ]      12 of   447 ms (  2.7%): Thread-56
[47.072s][info][gc,stats    ]      12 of   447 ms (  2.8%): Thread-57
[47.072s][info][gc,stats    ]      11 of   447 ms (  2.5%): Thread-58
[47.072s][info][gc,stats    ]      10 of   447 ms (  2.3%): Thread-59
[47.072s][info][gc,stats    ]      73 of   447 ms ( 16.2%): <total>
[47.072s][info][gc,stats    ]       4 of   447 ms (  0.9%): <average total>
[47.072s][info][gc,stats    ]      12 of   447 ms (  2.7%): <average non-zero>
[47.072s][info][gc,stats    ] 
[47.072s][info][gc,metaspace] Metaspace: 6333K(6528K)->6333K(6528K) NonClass: 5727K(5824K)->5727K(5824K) Class: 606K(704K)->606K(704K)
[47.072s][info][gc,ergo     ] Pacer for Idle. Initial: 20971K, Alloc Tax Rate: 1.0x
[47.509s][info][gc          ] Trigger: Average GC time (53.99 ms) is above the time for average allocation rate (1767 MB/s) to deplete free headroom (78137K) (margin of error = 1.71)
[47.509s][info][gc,ergo     ] Free headroom: 127M (free) - 52428K (spike) - 0B (penalties) = 78137K
[47.509s][info][gc,ergo     ] Free: 127M, Max: 512K regular, 127M humongous, Frag: 0% external, 0% internal; Reserve: 52736K, Max: 512K
[47.509s][info][gc,start    ] GC(131) Concurrent reset
[47.509s][info][gc,task     ] GC(131) Using 1 of 3 workers for concurrent reset
[47.509s][info][gc,ergo     ] GC(131) Pacer for Reset. Non-Taxable: 1024M
[47.509s][info][gc          ] GC(131) Concurrent reset 0.220ms
[47.509s][info][gc,start    ] GC(131) Pause Init Mark (unload classes)
[47.509s][info][gc,task     ] GC(131) Using 3 of 3 workers for init marking
[47.510s][info][gc,ergo     ] GC(131) Pacer for Mark. Expected Live: 14251K, Free: 126M, Non-Taxable: 12954K, Alloc Tax Rate: 0.1x
[47.510s][info][gc          ] GC(131) Pause Init Mark (unload classes) 0.137ms
[47.511s][info][gc,start    ] GC(131) Concurrent marking roots
[47.511s][info][gc,task     ] GC(131) Using 1 of 3 workers for concurrent marking roots
[47.512s][info][gc          ] GC(131) Concurrent marking roots 0.593ms
[47.512s][info][gc,start    ] GC(131) Concurrent marking (unload classes)
[47.512s][info][gc,task     ] GC(131) Using 1 of 3 workers for concurrent marking
[47.523s][info][gc          ] GC(131) Concurrent marking (unload classes) 11.363ms
[47.523s][info][gc,start    ] GC(131) Pause Final Mark (unload classes)
[47.523s][info][gc,task     ] GC(131) Using 3 of 3 workers for final marking
[47.524s][info][gc,ergo     ] GC(131) Collectable Garbage: 794M (95%), Immediate: 794M (95%), CSet: 0B (0%)
[47.524s][info][gc          ] GC(131) Pause Final Mark (unload classes) 0.187ms
[47.535s][info][gc,start    ] GC(131) Concurrent weak references
[47.535s][info][gc,task     ] GC(131) Using 1 of 3 workers for concurrent weak references
[47.535s][info][gc,ref      ] GC(131) Encountered references: Soft: 132, Weak: 434, Final: 9, Phantom: 21
[47.535s][info][gc,ref      ] GC(131) Discovered  references: Soft: 0, Weak: 234, Final: 7, Phantom: 14
[47.535s][info][gc,ref      ] GC(131) Enqueued    references: Soft: 0, Weak: 0, Final: 0, Phantom: 0
[47.535s][info][gc          ] GC(131) Concurrent weak references 0.084ms
[47.535s][info][gc,start    ] GC(131) Concurrent weak roots
[47.535s][info][gc,task     ] GC(131) Using 1 of 3 workers for concurrent weak root
[47.537s][info][gc          ] GC(131) Concurrent weak roots 2.574ms
[47.537s][info][gc,start    ] GC(131) Concurrent cleanup
[47.538s][info][gc          ] GC(131) Concurrent cleanup 895M->101M(1024M) 0.119ms
[47.538s][info][gc,ergo     ] GC(131) Free: 869M, Max: 512K regular, 595M humongous, Frag: 32% external, 0% internal; Reserve: 52736K, Max: 512K
[47.538s][info][gc,start    ] GC(131) Concurrent class unloading
[47.538s][info][gc,task     ] GC(131) Using 1 of 3 workers for concurrent class unloading
[47.541s][info][gc          ] GC(131) Concurrent class unloading 3.299ms
[47.541s][info][gc,start    ] GC(131) Pause Final Roots
[47.541s][info][gc          ] GC(131) Pause Final Roots 0.037ms
[47.543s][info][gc,ergo     ] Free: 861M, Max: 512K regular, 595M humongous, Frag: 31% external, 0% internal; Reserve: 52736K, Max: 512K
[47.543s][info][gc,stats    ] 
[47.543s][info][gc,stats    ] All times are wall-clock times, except per-root-class counters, that are sum over
[47.543s][info][gc,stats    ] all workers. Dividing the <total> over the root stage time estimates parallelism.
[47.543s][info][gc,stats    ] 
[47.543s][info][gc,stats    ] Concurrent Reset                    231 us
[47.543s][info][gc,stats    ] Pause Init Mark (G)                2005 us
[47.543s][info][gc,stats    ] Pause Init Mark (N)                 146 us
[47.543s][info][gc,stats    ]   Update Region States               46 us
[47.543s][info][gc,stats    ] Concurrent Mark Roots               604 us, parallelism: 0.88x
[47.543s][info][gc,stats    ]   CMR: <total>                      534 us
[47.543s][info][gc,stats    ]   CMR: Thread Roots                 486 us, workers (us): 486, ---, ---, 
[47.543s][info][gc,stats    ]   CMR: VM Strong Roots                5 us, workers (us):   5, ---, ---, 
[47.543s][info][gc,stats    ]   CMR: CLDG Roots                    42 us, workers (us):  42, ---, ---, 
[47.543s][info][gc,stats    ] Concurrent Marking                11421 us
[47.543s][info][gc,stats    ] Pause Final Mark (G)              11379 us
[47.543s][info][gc,stats    ] Pause Final Mark (N)                196 us
[47.543s][info][gc,stats    ]   Finish Mark                        51 us
[47.543s][info][gc,stats    ]   Update Region States               37 us
[47.543s][info][gc,stats    ]   Choose Collection Set              35 us
[47.543s][info][gc,stats    ]   Rebuild Free Set                    8 us
[47.543s][info][gc,stats    ] Concurrent Weak References           92 us, parallelism: 0.09x
[47.543s][info][gc,stats    ]   CWRF: <total>                       8 us
[47.543s][info][gc,stats    ]   CWRF: Weak References               8 us, workers (us):   8, ---, ---, 
[47.543s][info][gc,stats    ] Concurrent Weak Roots              2598 us
[47.543s][info][gc,stats    ]   Roots                             467 us, parallelism: 0.96x
[47.543s][info][gc,stats    ]     CWR: <total>                    446 us
[47.543s][info][gc,stats    ]     CWR: Code Cache Roots           380 us, workers (us): 380, ---, ---, 
[47.543s][info][gc,stats    ]     CWR: VM Weak Roots               64 us, workers (us):  64, ---, ---, 
[47.543s][info][gc,stats    ]     CWR: CLDG Roots                   2 us, workers (us):   2, ---, ---, 
[47.543s][info][gc,stats    ]   Rendezvous                       2091 us
[47.543s][info][gc,stats    ] Concurrent Cleanup                  133 us
[47.543s][info][gc,stats    ] Concurrent Class Unloading         3329 us
[47.543s][info][gc,stats    ]   Unlink Stale                     1649 us
[47.543s][info][gc,stats    ]     System Dictionary                 3 us
[47.543s][info][gc,stats    ]     Weak Class Links                  0 us
[47.543s][info][gc,stats    ]     Code Roots                     1645 us
[47.543s][info][gc,stats    ]   Rendezvous                       1552 us
[47.543s][info][gc,stats    ]   Purge Unlinked                     80 us
[47.543s][info][gc,stats    ]     Code Roots                       75 us
[47.543s][info][gc,stats    ]     CLDG                              4 us
[47.543s][info][gc,stats    ]     Exception Caches                  0 us
[47.543s][info][gc,stats    ] Pause Final Roots (G)              1935 us
[47.543s][info][gc,stats    ] Pause Final Roots (N)                47 us
[47.543s][info][gc,stats    ] 
[47.543s][info][gc,stats    ] Allocation pacing accrued:
[47.543s][info][gc,stats    ]       0 of   471 ms (  0.0%): <total>
[47.543s][info][gc,stats    ]       0 of   471 ms (  0.0%): <average total>
[47.543s][info][gc,stats    ] 
[47.543s][info][gc,metaspace] Metaspace: 6333K(6528K)->6333K(6528K) NonClass: 5727K(5824K)->5727K(5824K) Class: 606K(704K)->606K(704K)
[47.543s][info][gc,ergo     ] Pacer for Idle. Initial: 20971K, Alloc Tax Rate: 1.0x
[47.905s][info][gc          ] Trigger: Explicit GC request (System.gc())
[47.905s][info][gc,ergo     ] Free: 341M, Max: 512K regular, 170M humongous, Frag: 51% external, 0% internal; Reserve: 52736K, Max: 512K
[47.905s][info][gc,start    ] GC(132) Concurrent reset
[47.905s][info][gc,task     ] GC(132) Using 1 of 3 workers for concurrent reset
[47.905s][info][gc,ergo     ] GC(132) Pacer for Reset. Non-Taxable: 1024M
[47.906s][info][gc          ] GC(132) Concurrent reset 0.607ms
[47.906s][info][gc,start    ] GC(132) Pause Init Mark (unload classes)
[47.906s][info][gc,task     ] GC(132) Using 3 of 3 workers for init marking
[47.906s][info][gc,ref      ] GC(132) Clearing All SoftReferences
[47.906s][info][gc,ergo     ] GC(132) Pacer for Mark. Expected Live: 14234K, Free: 341M, Non-Taxable: 34970K, Alloc Tax Rate: 0.0x
[47.906s][info][gc          ] GC(132) Pause Init Mark (unload classes) 0.248ms
[47.906s][info][gc,start    ] GC(132) Concurrent marking roots
[47.906s][info][gc,task     ] GC(132) Using 1 of 3 workers for concurrent marking roots
[47.907s][info][gc          ] GC(132) Concurrent marking roots 0.701ms
[47.907s][info][gc,start    ] GC(132) Concurrent marking (unload classes)
[47.907s][info][gc,task     ] GC(132) Using 1 of 3 workers for concurrent marking
[47.910s][info][gc          ] GC(132) Concurrent marking (unload classes) 3.787ms
[47.911s][info][gc,start    ] GC(132) Pause Final Mark (unload classes)
[47.911s][info][gc,task     ] GC(132) Using 3 of 3 workers for final marking
[47.911s][info][gc,ergo     ] GC(132) Collectable Garbage: 612M (99%), Immediate: 612M (99%), CSet: 0B (0%)
[47.911s][info][gc          ] GC(132) Pause Final Mark (unload classes) 0.409ms
[47.911s][info][gc,start    ] GC(132) Concurrent weak references
[47.911s][info][gc,task     ] GC(132) Using 1 of 3 workers for concurrent weak references
[47.911s][info][gc,ref      ] GC(132) Encountered references: Soft: 135, Weak: 434, Final: 9, Phantom: 20
[47.911s][info][gc,ref      ] GC(132) Discovered  references: Soft: 90, Weak: 248, Final: 7, Phantom: 16
[47.911s][info][gc,ref      ] GC(132) Enqueued    references: Soft: 11, Weak: 0, Final: 0, Phantom: 1
[47.911s][info][gc          ] GC(132) Concurrent weak references 0.139ms
[47.911s][info][gc,start    ] GC(132) Concurrent weak roots
[47.911s][info][gc,task     ] GC(132) Using 1 of 3 workers for concurrent weak root
[47.912s][info][gc          ] GC(132) Concurrent weak roots 0.565ms
[47.912s][info][gc,start    ] GC(132) Concurrent cleanup
[47.912s][info][gc          ] GC(132) Concurrent cleanup 628M->15M(1024M) 0.091ms
[47.912s][info][gc,ergo     ] GC(132) Free: 955M, Max: 512K regular, 438M humongous, Frag: 55% external, 0% internal; Reserve: 52736K, Max: 512K
[47.912s][info][gc,start    ] GC(132) Concurrent class unloading
[47.912s][info][gc,task     ] GC(132) Using 1 of 3 workers for concurrent class unloading
[47.915s][info][gc          ] GC(132) Concurrent class unloading 2.830ms
[47.915s][info][gc,start    ] GC(132) Pause Final Roots
[47.915s][info][gc          ] GC(132) Pause Final Roots 0.060ms
[47.915s][info][gc,ergo     ] Free: 955M, Max: 512K regular, 438M humongous, Frag: 55% external, 0% internal; Reserve: 52736K, Max: 512K
[47.915s][info][gc,stats    ] 
[47.915s][info][gc,stats    ] All times are wall-clock times, except per-root-class counters, that are sum over
[47.915s][info][gc,stats    ] all workers. Dividing the <total> over the root stage time estimates parallelism.
[47.915s][info][gc,stats    ] 
[47.915s][info][gc,stats    ] Concurrent Reset                    640 us
[47.915s][info][gc,stats    ] Pause Init Mark (G)                 396 us
[47.915s][info][gc,stats    ] Pause Init Mark (N)                 266 us
[47.915s][info][gc,stats    ]   Update Region States               84 us
[47.915s][info][gc,stats    ] Concurrent Mark Roots               710 us, parallelism: 0.86x
[47.915s][info][gc,stats    ]   CMR: <total>                      612 us
[47.915s][info][gc,stats    ]   CMR: Thread Roots                 524 us, workers (us): 524, ---, ---, 
[47.915s][info][gc,stats    ]   CMR: VM Strong Roots                6 us, workers (us):   6, ---, ---, 
[47.915s][info][gc,stats    ]   CMR: CLDG Roots                    81 us, workers (us):  81, ---, ---, 
[47.915s][info][gc,stats    ] Concurrent Marking                 3809 us
[47.915s][info][gc,stats    ] Pause Final Mark (G)                494 us
[47.915s][info][gc,stats    ] Pause Final Mark (N)                434 us
[47.915s][info][gc,stats    ]   Finish Mark                       124 us
[47.915s][info][gc,stats    ]   Update Region States               77 us
[47.915s][info][gc,stats    ]   Choose Collection Set              96 us
[47.915s][info][gc,stats    ]   Rebuild Free Set                   22 us
[47.915s][info][gc,stats    ] Concurrent Weak References          146 us, parallelism: 0.09x
[47.915s][info][gc,stats    ]   CWRF: <total>                      13 us
[47.915s][info][gc,stats    ]   CWRF: Weak References              13 us, workers (us):  13, ---, ---, 
[47.915s][info][gc,stats    ] Concurrent Weak Roots               575 us
[47.915s][info][gc,stats    ]   Roots                             457 us, parallelism: 0.92x
[47.915s][info][gc,stats    ]     CWR: <total>                    419 us
[47.915s][info][gc,stats    ]     CWR: Code Cache Roots           357 us, workers (us): 357, ---, ---, 
[47.915s][info][gc,stats    ]     CWR: VM Weak Roots               60 us, workers (us):  60, ---, ---, 
[47.915s][info][gc,stats    ]     CWR: CLDG Roots                   2 us, workers (us):   2, ---, ---, 
[47.915s][info][gc,stats    ]   Rendezvous                         93 us
[47.915s][info][gc,stats    ] Concurrent Cleanup                   99 us
[47.915s][info][gc,stats    ] Concurrent Class Unloading         2855 us
[47.915s][info][gc,stats    ]   Unlink Stale                     2573 us
[47.915s][info][gc,stats    ]     System Dictionary                 2 us
[47.915s][info][gc,stats    ]     Weak Class Links                  1 us
[47.915s][info][gc,stats    ]     Code Roots                     2569 us
[47.915s][info][gc,stats    ]   Rendezvous                        107 us
[47.915s][info][gc,stats    ]   Purge Unlinked                    134 us
[47.915s][info][gc,stats    ]     Code Roots                      127 us
[47.915s][info][gc,stats    ]     CLDG                              6 us
[47.915s][info][gc,stats    ]     Exception Caches                  0 us
[47.915s][info][gc,stats    ] Pause Final Roots (G)               175 us
[47.915s][info][gc,stats    ] Pause Final Roots (N)                82 us
[47.915s][info][gc,stats    ] 
[47.915s][info][gc,stats    ] Allocation pacing accrued:
[47.915s][info][gc,stats    ]       0 of   372 ms (  0.0%): <total>
[47.915s][info][gc,stats    ]       0 of   372 ms (  0.0%): <average total>
[47.915s][info][gc,stats    ] 
[47.915s][info][gc,metaspace] Metaspace: 6337K(6528K)->6337K(6528K) NonClass: 5731K(5824K)->5731K(5824K) Class: 606K(704K)->606K(704K)
[47.915s][info][gc,ergo     ] Pacer for Idle. Initial: 20971K, Alloc Tax Rate: 1.0x
[48.161s][info][gc          ] Trigger: Learning 2 of 5. Free (712M) is below initial threshold (716M)
[48.162s][info][gc,ergo     ] Free: 712M, Max: 512K regular, 438M humongous, Frag: 39% external, 0% internal; Reserve: 52736K, Max: 512K
[48.162s][info][gc,start    ] GC(133) Concurrent reset
[48.162s][info][gc,task     ] GC(133) Using 1 of 3 workers for concurrent reset
[48.162s][info][gc,ergo     ] GC(133) Pacer for Reset. Non-Taxable: 1024M
[48.162s][info][gc          ] GC(133) Concurrent reset 0.505ms
[48.162s][info][gc,start    ] GC(133) Pause Init Mark (unload classes)
[48.162s][info][gc,task     ] GC(133) Using 3 of 3 workers for init marking
[48.163s][info][gc,ergo     ] GC(133) Pacer for Mark. Expected Live: 13659K, Free: 712M, Non-Taxable: 72909K, Alloc Tax Rate: 0.0x
[48.163s][info][gc          ] GC(133) Pause Init Mark (unload classes) 0.254ms
[48.163s][info][gc,start    ] GC(133) Concurrent marking roots
[48.163s][info][gc,task     ] GC(133) Using 1 of 3 workers for concurrent marking roots
[48.163s][info][gc          ] GC(133) Concurrent marking roots 0.643ms
[48.163s][info][gc,start    ] GC(133) Concurrent marking (unload classes)
[48.163s][info][gc,task     ] GC(133) Using 1 of 3 workers for concurrent marking
[48.170s][info][gc          ] GC(133) Concurrent marking (unload classes) 6.421ms
[48.170s][info][gc,start    ] GC(133) Pause Final Mark (unload classes)
[48.170s][info][gc,task     ] GC(133) Using 3 of 3 workers for final marking
[48.170s][info][gc,ergo     ] GC(133) Adaptive CSet Selection. Target Free: 145M, Actual Free: 937M, Max CSet: 43690K, Min Garbage: 0B
[48.170s][info][gc,ergo     ] GC(133) Collectable Garbage: 245M (99%), Immediate: 173M (70%), CSet: 73323K (29%)
[48.170s][info][gc,ergo     ] GC(133) Pacer for Evacuation. Used CSet: 76798K, Free: 885M, Non-Taxable: 90675K, Alloc Tax Rate: 1.1x
[48.170s][info][gc          ] GC(133) Pause Final Mark (unload classes) 0.470ms
[48.170s][info][gc,start    ] GC(133) Concurrent thread roots
[48.170s][info][gc,task     ] GC(133) Using 1 of 3 workers for Concurrent thread roots
[48.171s][info][gc          ] GC(133) Concurrent thread roots 0.627ms
[48.171s][info][gc,start    ] GC(133) Concurrent weak references
[48.171s][info][gc,task     ] GC(133) Using 1 of 3 workers for concurrent weak references
[48.171s][info][gc,ref      ] GC(133) Encountered references: Soft: 132, Weak: 434, Final: 9, Phantom: 21
[48.171s][info][gc,ref      ] GC(133) Discovered  references: Soft: 0, Weak: 234, Final: 7, Phantom: 14
[48.171s][info][gc,ref      ] GC(133) Enqueued    references: Soft: 0, Weak: 0, Final: 0, Phantom: 0
[48.171s][info][gc          ] GC(133) Concurrent weak references 0.138ms
[48.171s][info][gc,start    ] GC(133) Concurrent weak roots
[48.171s][info][gc,task     ] GC(133) Using 1 of 3 workers for concurrent weak root
[48.172s][info][gc          ] GC(133) Concurrent weak roots 0.744ms
[48.172s][info][gc,start    ] GC(133) Concurrent cleanup
[48.172s][info][gc          ] GC(133) Concurrent cleanup 259M->86M(1024M) 0.036ms
[48.172s][info][gc,ergo     ] GC(133) Free: 885M, Max: 512K regular, 438M humongous, Frag: 51% external, 0% internal; Reserve: 52336K, Max: 512K
[48.172s][info][gc,start    ] GC(133) Concurrent class unloading
[48.172s][info][gc,task     ] GC(133) Using 1 of 3 workers for concurrent class unloading
[48.174s][info][gc          ] GC(133) Concurrent class unloading 1.913ms
[48.174s][info][gc,start    ] GC(133) Concurrent strong roots
[48.174s][info][gc,task     ] GC(133) Using 1 of 3 workers for concurrent strong root
[48.174s][info][gc          ] GC(133) Concurrent strong roots 0.179ms
[48.174s][info][gc,start    ] GC(133) Concurrent evacuation
[48.174s][info][gc,task     ] GC(133) Using 1 of 3 workers for concurrent evacuation
[48.176s][info][gc          ] GC(133) Concurrent evacuation 1.776ms
[48.176s][info][gc,start    ] GC(133) Pause Init Update Refs
[48.176s][info][gc,ergo     ] GC(133) Pacer for Update Refs. Used: 92153K, Free: 885M, Non-Taxable: 90675K, Alloc Tax Rate: 1.1x
[48.176s][info][gc          ] GC(133) Pause Init Update Refs 0.089ms
[48.176s][info][gc,start    ] GC(133) Concurrent update references
[48.176s][info][gc,task     ] GC(133) Using 1 of 3 workers for concurrent reference update
[48.180s][info][gc          ] GC(133) Concurrent update references 3.848ms
[48.180s][info][gc,start    ] GC(133) Concurrent update thread roots
[48.188s][info][gc          ] GC(133) Concurrent update thread roots 8.133ms
[48.188s][info][gc,start    ] GC(133) Pause Final Update Refs
[48.189s][info][gc,task     ] GC(133) Using 3 of 3 workers for final reference update
[48.189s][info][gc          ] GC(133) Pause Final Update Refs 0.109ms
[48.190s][info][gc,start    ] GC(133) Concurrent cleanup
[48.191s][info][gc          ] GC(133) Concurrent cleanup 114M->44M(1024M) 0.043ms
[48.191s][info][gc,ergo     ] Free: 926M, Max: 512K regular, 463M humongous, Frag: 50% external, 0% internal; Reserve: 52736K, Max: 512K
[48.191s][info][gc,stats    ] 
[48.191s][info][gc,stats    ] All times are wall-clock times, except per-root-class counters, that are sum over
[48.191s][info][gc,stats    ] all workers. Dividing the <total> over the root stage time estimates parallelism.
[48.191s][info][gc,stats    ] 
[48.191s][info][gc,stats    ] Concurrent Reset                    574 us
[48.191s][info][gc,stats    ] Pause Init Mark (G)                 436 us
[48.191s][info][gc,stats    ] Pause Init Mark (N)                 266 us
[48.191s][info][gc,stats    ]   Update Region States              105 us
[48.191s][info][gc,stats    ] Concurrent Mark Roots               663 us, parallelism: 0.80x
[48.191s][info][gc,stats    ]   CMR: <total>                      532 us
[48.191s][info][gc,stats    ]   CMR: Thread Roots                 482 us, workers (us): 482, ---, ---, 
[48.191s][info][gc,stats    ]   CMR: VM Strong Roots                4 us, workers (us):   4, ---, ---, 
[48.191s][info][gc,stats    ]   CMR: CLDG Roots                    45 us, workers (us):  45, ---, ---, 
[48.191s][info][gc,stats    ] Concurrent Marking                 6493 us
[48.191s][info][gc,stats    ] Pause Final Mark (G)                615 us
[48.191s][info][gc,stats    ] Pause Final Mark (N)                492 us
[48.191s][info][gc,stats    ]   Finish Mark                        97 us
[48.191s][info][gc,stats    ]   Update Region States               96 us
[48.191s][info][gc,stats    ]   Choose Collection Set             146 us
[48.191s][info][gc,stats    ]   Rebuild Free Set                   23 us
[48.191s][info][gc,stats    ] Concurrent Thread Roots             648 us, parallelism: 0.80x
[48.191s][info][gc,stats    ]   CTR: <total>                      515 us
[48.191s][info][gc,stats    ]   CTR: Thread Roots                 515 us, workers (us): 515, ---, ---, 
[48.191s][info][gc,stats    ] Concurrent Weak References          145 us, parallelism: 0.14x
[48.191s][info][gc,stats    ]   CWRF: <total>                      20 us
[48.191s][info][gc,stats    ]   CWRF: Weak References              20 us, workers (us):  20, ---, ---, 
[48.191s][info][gc,stats    ] Concurrent Weak Roots               766 us
[48.191s][info][gc,stats    ]   Roots                             667 us, parallelism: 0.90x
[48.191s][info][gc,stats    ]     CWR: <total>                    599 us
[48.191s][info][gc,stats    ]     CWR: Code Cache Roots           389 us, workers (us): 389, ---, ---, 
[48.191s][info][gc,stats    ]     CWR: VM Weak Roots              207 us, workers (us): 207, ---, ---, 
[48.191s][info][gc,stats    ]     CWR: CLDG Roots                   3 us, workers (us):   3, ---, ---, 
[48.191s][info][gc,stats    ]   Rendezvous                         61 us
[48.191s][info][gc,stats    ] Concurrent Cleanup                   45 us
[48.191s][info][gc,stats    ] Concurrent Class Unloading         1967 us
[48.191s][info][gc,stats    ]   Unlink Stale                     1655 us
[48.191s][info][gc,stats    ]     System Dictionary                 2 us
[48.191s][info][gc,stats    ]     Weak Class Links                  0 us
[48.191s][info][gc,stats    ]     Code Roots                     1650 us
[48.191s][info][gc,stats    ]   Rendezvous                        123 us
[48.191s][info][gc,stats    ]   Purge Unlinked                    116 us
[48.191s][info][gc,stats    ]     Code Roots                      104 us
[48.191s][info][gc,stats    ]     CLDG                             11 us
[48.191s][info][gc,stats    ]     Exception Caches                  0 us
[48.191s][info][gc,stats    ] Concurrent Strong Roots             218 us, parallelism: 0.35x
[48.191s][info][gc,stats    ]   CSR: <total>                       75 us
[48.191s][info][gc,stats    ]   CSR: VM Strong Roots                4 us, workers (us):   4, ---, ---, 
[48.191s][info][gc,stats    ]   CSR: CLDG Roots                    71 us, workers (us):  71, ---, ---, 
[48.191s][info][gc,stats    ] Concurrent Evacuation              1845 us
[48.191s][info][gc,stats    ] Pause Init Update Refs (G)          231 us
[48.191s][info][gc,stats    ] Pause Init Update Refs (N)          110 us
[48.191s][info][gc,stats    ]   Manage GCLABs                       4 us
[48.191s][info][gc,stats    ] Concurrent Update Refs             3919 us
[48.191s][info][gc,stats    ] Concurrent Update Thread Roots     8179 us
[48.191s][info][gc,stats    ] Pause Final Update Refs (G)        2062 us
[48.191s][info][gc,stats    ] Pause Final Update Refs (N)         147 us
[48.191s][info][gc,stats    ]   Update Region States               54 us
[48.191s][info][gc,stats    ]   Trash Collection Set                6 us
[48.191s][info][gc,stats    ]   Rebuild Free Set                   12 us
[48.191s][info][gc,stats    ] Concurrent Cleanup                   54 us
[48.191s][info][gc,stats    ] Pacing                           991717 us
[48.191s][info][gc,stats    ] 
[48.191s][info][gc,stats    ] Allocation pacing accrued:
[48.191s][info][gc,stats    ]     165 of   276 ms ( 59.7%): Thread-66
[48.191s][info][gc,stats    ]     168 of   276 ms ( 61.0%): Thread-67
[48.191s][info][gc,stats    ]     168 of   276 ms ( 60.9%): Thread-68
[48.191s][info][gc,stats    ]     168 of   276 ms ( 60.8%): Thread-69
[48.191s][info][gc,stats    ]     165 of   276 ms ( 59.7%): Thread-70
[48.191s][info][gc,stats    ]     159 of   276 ms ( 57.6%): Thread-71
[48.191s][info][gc,stats    ]     992 of   276 ms (359.7%): <total>
[48.191s][info][gc,stats    ]      52 of   276 ms ( 18.9%): <average total>
[48.191s][info][gc,stats    ]     165 of   276 ms ( 59.9%): <average non-zero>
[48.191s][info][gc,stats    ] 
[48.191s][info][gc,metaspace] Metaspace: 6357K(6528K)->6357K(6528K) NonClass: 5750K(5824K)->5750K(5824K) Class: 606K(704K)->606K(704K)
[48.191s][info][gc,ergo     ] Pacer for Idle. Initial: 20971K, Alloc Tax Rate: 1.0x
[48.287s][info][gc          ] Trigger: Learning 3 of 5. Free (676M) is below initial threshold (716M)
[48.287s][info][gc,ergo     ] Free: 676M, Max: 512K regular, 436M humongous, Frag: 36% external, 0% internal; Reserve: 52736K, Max: 512K
[48.287s][info][gc,start    ] GC(134) Concurrent reset
[48.287s][info][gc,task     ] GC(134) Using 1 of 3 workers for concurrent reset
[48.287s][info][gc,ergo     ] GC(134) Pacer for Reset. Non-Taxable: 1024M
[48.288s][info][gc          ] GC(134) Concurrent reset 0.369ms
[48.288s][info][gc,start    ] GC(134) Pause Init Mark (unload classes)
[48.288s][info][gc,task     ] GC(134) Using 3 of 3 workers for init marking
[48.288s][info][gc,ergo     ] GC(134) Pacer for Mark. Expected Live: 13680K, Free: 675M, Non-Taxable: 69175K, Alloc Tax Rate: 0.0x
[48.288s][info][gc          ] GC(134) Pause Init Mark (unload classes) 0.136ms
[48.292s][info][gc,start    ] GC(134) Concurrent marking roots
[48.292s][info][gc,task     ] GC(134) Using 1 of 3 workers for concurrent marking roots
[48.292s][info][gc          ] GC(134) Concurrent marking roots 0.545ms
[48.292s][info][gc,start    ] GC(134) Concurrent marking (unload classes)
[48.292s][info][gc,task     ] GC(134) Using 1 of 3 workers for concurrent marking
[48.300s][info][gc          ] GC(134) Concurrent marking (unload classes) 7.437ms
[48.300s][info][gc,start    ] GC(134) Pause Final Mark (unload classes)
[48.300s][info][gc,task     ] GC(134) Using 3 of 3 workers for final marking
[48.300s][info][gc,ergo     ] GC(134) Adaptive CSet Selection. Target Free: 145M, Actual Free: 918M, Max CSet: 43690K, Min Garbage: 0B
[48.300s][info][gc,ergo     ] GC(134) Collectable Garbage: 281M (99%), Immediate: 218M (77%), CSet: 65122K (22%)
[48.300s][info][gc,ergo     ] GC(134) Pacer for Evacuation. Used CSet: 67584K, Free: 867M, Non-Taxable: 88782K, Alloc Tax Rate: 1.1x
[48.300s][info][gc          ] GC(134) Pause Final Mark (unload classes) 0.203ms
[48.306s][info][gc,start    ] GC(134) Concurrent thread roots
[48.306s][info][gc,task     ] GC(134) Using 1 of 3 workers for Concurrent thread roots
[48.306s][info][gc          ] GC(134) Concurrent thread roots 0.507ms
[48.306s][info][gc,start    ] GC(134) Concurrent weak references
[48.306s][info][gc,task     ] GC(134) Using 1 of 3 workers for concurrent weak references
[48.306s][info][gc,ref      ] GC(134) Encountered references: Soft: 132, Weak: 434, Final: 9, Phantom: 21
[48.306s][info][gc,ref      ] GC(134) Discovered  references: Soft: 0, Weak: 234, Final: 7, Phantom: 14
[48.306s][info][gc,ref      ] GC(134) Enqueued    references: Soft: 0, Weak: 0, Final: 0, Phantom: 0
[48.306s][info][gc          ] GC(134) Concurrent weak references 0.060ms
[48.307s][info][gc,start    ] GC(134) Concurrent weak roots
[48.307s][info][gc,task     ] GC(134) Using 1 of 3 workers for concurrent weak root
[48.309s][info][gc          ] GC(134) Concurrent weak roots 2.392ms
[48.309s][info][gc,start    ] GC(134) Concurrent cleanup
[48.309s][info][gc          ] GC(134) Concurrent cleanup 341M->123M(1024M) 0.065ms
[48.309s][info][gc,ergo     ] GC(134) Free: 848M, Max: 512K regular, 438M humongous, Frag: 49% external, 0% internal; Reserve: 52042K, Max: 512K
[48.309s][info][gc,start    ] GC(134) Concurrent class unloading
[48.309s][info][gc,task     ] GC(134) Using 1 of 3 workers for concurrent class unloading
[48.316s][info][gc          ] GC(134) Concurrent class unloading 6.730ms
[48.316s][info][gc,start    ] GC(134) Concurrent strong roots
[48.316s][info][gc,task     ] GC(134) Using 1 of 3 workers for concurrent strong root
[48.316s][info][gc          ] GC(134) Concurrent strong roots 0.089ms
[48.316s][info][gc,start    ] GC(134) Concurrent evacuation
[48.316s][info][gc,task     ] GC(134) Using 1 of 3 workers for concurrent evacuation
[48.317s][info][gc          ] GC(134) Concurrent evacuation 1.370ms
[48.317s][info][gc,start    ] GC(134) Pause Init Update Refs
[48.317s][info][gc,ergo     ] GC(134) Pacer for Update Refs. Used: 142M, Free: 832M, Non-Taxable: 85197K, Alloc Tax Rate: 1.1x
[48.317s][info][gc          ] GC(134) Pause Init Update Refs 0.050ms
[48.319s][info][gc,start    ] GC(134) Concurrent update references
[48.319s][info][gc,task     ] GC(134) Using 1 of 3 workers for concurrent reference update
[48.325s][info][gc          ] GC(134) Concurrent update references 6.370ms
[48.325s][info][gc,start    ] GC(134) Concurrent update thread roots
[48.335s][info][gc          ] GC(134) Concurrent update thread roots 9.391ms
[48.335s][info][gc,start    ] GC(134) Pause Final Update Refs
[48.335s][info][gc,task     ] GC(134) Using 3 of 3 workers for final reference update
[48.335s][info][gc          ] GC(134) Pause Final Update Refs 0.091ms
[48.336s][info][gc,start    ] GC(134) Concurrent cleanup
[48.337s][info][gc          ] GC(134) Concurrent cleanup 180M->114M(1024M) 0.036ms
[48.337s][info][gc,ergo     ] Free: 856M, Max: 512K regular, 436M humongous, Frag: 50% external, 0% internal; Reserve: 52736K, Max: 512K
[48.337s][info][gc,stats    ] 
[48.337s][info][gc,stats    ] All times are wall-clock times, except per-root-class counters, that are sum over
[48.337s][info][gc,stats    ] all workers. Dividing the <total> over the root stage time estimates parallelism.
[48.337s][info][gc,stats    ] 
[48.337s][info][gc,stats    ] Concurrent Reset                    389 us
[48.337s][info][gc,stats    ] Pause Init Mark (G)                4067 us
[48.337s][info][gc,stats    ] Pause Init Mark (N)                 146 us
[48.337s][info][gc,stats    ]   Update Region States               41 us
[48.337s][info][gc,stats    ] Concurrent Mark Roots               556 us, parallelism: 0.83x
[48.337s][info][gc,stats    ]   CMR: <total>                      462 us
[48.337s][info][gc,stats    ]   CMR: Thread Roots                 411 us, workers (us): 411, ---, ---, 
[48.337s][info][gc,stats    ]   CMR: VM Strong Roots                5 us, workers (us):   5, ---, ---, 
[48.337s][info][gc,stats    ]   CMR: CLDG Roots                    45 us, workers (us):  45, ---, ---, 
[48.337s][info][gc,stats    ] Concurrent Marking                 7501 us
[48.337s][info][gc,stats    ] Pause Final Mark (G)               6079 us
[48.337s][info][gc,stats    ] Pause Final Mark (N)                211 us
[48.337s][info][gc,stats    ]   Finish Mark                        47 us
[48.337s][info][gc,stats    ]   Update Region States               34 us
[48.337s][info][gc,stats    ]   Choose Collection Set              67 us
[48.337s][info][gc,stats    ]   Rebuild Free Set                    8 us
[48.337s][info][gc,stats    ] Concurrent Thread Roots             519 us, parallelism: 0.85x
[48.337s][info][gc,stats    ]   CTR: <total>                      440 us
[48.337s][info][gc,stats    ]   CTR: Thread Roots                 440 us, workers (us): 440, ---, ---, 
[48.337s][info][gc,stats    ] Concurrent Weak References           68 us, parallelism: 0.17x
[48.337s][info][gc,stats    ]   CWRF: <total>                      12 us
[48.337s][info][gc,stats    ]   CWRF: Weak References              12 us, workers (us):  12, ---, ---, 
[48.337s][info][gc,stats    ] Concurrent Weak Roots              2426 us
[48.337s][info][gc,stats    ]   Roots                             581 us, parallelism: 0.96x
[48.337s][info][gc,stats    ]     CWR: <total>                    559 us
[48.337s][info][gc,stats    ]     CWR: Code Cache Roots           446 us, workers (us): 446, ---, ---, 
[48.337s][info][gc,stats    ]     CWR: VM Weak Roots              111 us, workers (us): 111, ---, ---, 
[48.337s][info][gc,stats    ]     CWR: CLDG Roots                   3 us, workers (us):   3, ---, ---, 
[48.337s][info][gc,stats    ]   Rendezvous                       1793 us
[48.337s][info][gc,stats    ] Concurrent Cleanup                   75 us
[48.337s][info][gc,stats    ] Concurrent Class Unloading         6780 us
[48.337s][info][gc,stats    ]   Unlink Stale                     1782 us
[48.337s][info][gc,stats    ]     System Dictionary                 3 us
[48.337s][info][gc,stats    ]     Weak Class Links                  0 us
[48.337s][info][gc,stats    ]     Code Roots                     1777 us
[48.337s][info][gc,stats    ]   Rendezvous                       4824 us
[48.337s][info][gc,stats    ]   Purge Unlinked                    102 us
[48.337s][info][gc,stats    ]     Code Roots                       97 us
[48.337s][info][gc,stats    ]     CLDG                              4 us
[48.337s][info][gc,stats    ]     Exception Caches                  0 us
[48.337s][info][gc,stats    ] Concurrent Strong Roots             103 us, parallelism: 0.51x
[48.337s][info][gc,stats    ]   CSR: <total>                       53 us
[48.337s][info][gc,stats    ]   CSR: VM Strong Roots                4 us, workers (us):   4, ---, ---, 
[48.337s][info][gc,stats    ]   CSR: CLDG Roots                    49 us, workers (us):  49, ---, ---, 
[48.337s][info][gc,stats    ] Concurrent Evacuation              1408 us
[48.337s][info][gc,stats    ] Pause Init Update Refs (G)         1397 us
[48.337s][info][gc,stats    ] Pause Init Update Refs (N)           59 us
[48.337s][info][gc,stats    ]   Manage GCLABs                       3 us
[48.337s][info][gc,stats    ] Concurrent Update Refs             6417 us
[48.337s][info][gc,stats    ] Concurrent Update Thread Roots     9430 us
[48.337s][info][gc,stats    ] Pause Final Update Refs (G)        1905 us
[48.337s][info][gc,stats    ] Pause Final Update Refs (N)         130 us
[48.337s][info][gc,stats    ]   Update Region States               46 us
[48.337s][info][gc,stats    ]   Trash Collection Set                5 us
[48.337s][info][gc,stats    ]   Rebuild Free Set                   13 us
[48.337s][info][gc,stats    ] Concurrent Cleanup                   47 us
[48.337s][info][gc,stats    ] 
[48.337s][info][gc,stats    ] Allocation pacing accrued:
[48.337s][info][gc,stats    ]       0 of   146 ms (  0.0%): <total>
[48.337s][info][gc,stats    ]       0 of   146 ms (  0.0%): <average total>
[48.337s][info][gc,stats    ] 
[48.337s][info][gc,metaspace] Metaspace: 6357K(6528K)->6357K(6528K) NonClass: 5750K(5824K)->5750K(5824K) Class: 606K(704K)->606K(704K)
[48.337s][info][gc,ergo     ] Pacer for Idle. Initial: 20971K, Alloc Tax Rate: 1.0x
[48.398s][info][gc          ] Trigger: Learning 4 of 5. Free (702M) is below initial threshold (716M)
[48.398s][info][gc,ergo     ] Free: 702M, Max: 512K regular, 436M humongous, Frag: 38% external, 0% internal; Reserve: 52736K, Max: 512K
[48.398s][info][gc,start    ] GC(135) Concurrent reset
[48.398s][info][gc,task     ] GC(135) Using 1 of 3 workers for concurrent reset
[48.398s][info][gc,ergo     ] GC(135) Pacer for Reset. Non-Taxable: 1024M
[48.398s][info][gc          ] GC(135) Concurrent reset 0.371ms
[48.398s][info][gc,start    ] GC(135) Pause Init Mark (unload classes)
[48.398s][info][gc,task     ] GC(135) Using 3 of 3 workers for init marking
[48.398s][info][gc,ergo     ] GC(135) Pacer for Mark. Expected Live: 13667K, Free: 701M, Non-Taxable: 71782K, Alloc Tax Rate: 0.0x
[48.398s][info][gc          ] GC(135) Pause Init Mark (unload classes) 0.129ms
[48.406s][info][gc,start    ] GC(135) Concurrent marking roots
[48.406s][info][gc,task     ] GC(135) Using 1 of 3 workers for concurrent marking roots
[48.407s][info][gc          ] GC(135) Concurrent marking roots 0.609ms
[48.407s][info][gc,start    ] GC(135) Concurrent marking (unload classes)
[48.407s][info][gc,task     ] GC(135) Using 1 of 3 workers for concurrent marking
[48.420s][info][gc          ] GC(135) Concurrent marking (unload classes) 12.677ms
[48.420s][info][gc,start    ] GC(135) Pause Final Mark (unload classes)
[48.420s][info][gc,task     ] GC(135) Using 3 of 3 workers for final marking
[48.420s][info][gc,ergo     ] GC(135) Adaptive CSet Selection. Target Free: 145M, Actual Free: 840M, Max CSet: 43690K, Min Garbage: 0B
[48.420s][info][gc,ergo     ] GC(135) Collectable Garbage: 256M (99%), Immediate: 142M (55%), CSet: 114M (44%)
[48.420s][info][gc,ergo     ] GC(135) Pacer for Evacuation. Used CSet: 116M, Free: 788M, Non-Taxable: 80747K, Alloc Tax Rate: 1.1x
[48.420s][info][gc          ] GC(135) Pause Final Mark (unload classes) 0.235ms
[48.422s][info][gc,start    ] GC(135) Concurrent thread roots
[48.422s][info][gc,task     ] GC(135) Using 1 of 3 workers for Concurrent thread roots
[48.423s][info][gc          ] GC(135) Concurrent thread roots 0.496ms
[48.423s][info][gc,start    ] GC(135) Concurrent weak references
[48.423s][info][gc,task     ] GC(135) Using 1 of 3 workers for concurrent weak references
[48.423s][info][gc,ref      ] GC(135) Encountered references: Soft: 132, Weak: 434, Final: 9, Phantom: 21
[48.423s][info][gc,ref      ] GC(135) Discovered  references: Soft: 0, Weak: 234, Final: 7, Phantom: 14
[48.423s][info][gc,ref      ] GC(135) Enqueued    references: Soft: 0, Weak: 0, Final: 0, Phantom: 0
[48.423s][info][gc          ] GC(135) Concurrent weak references 0.062ms
[48.423s][info][gc,start    ] GC(135) Concurrent weak roots
[48.423s][info][gc,task     ] GC(135) Using 1 of 3 workers for concurrent weak root
[48.423s][info][gc          ] GC(135) Concurrent weak roots 0.642ms
[48.423s][info][gc,start    ] GC(135) Concurrent cleanup
[48.423s][info][gc          ] GC(135) Concurrent cleanup 332M->190M(1024M) 0.039ms
[48.423s][info][gc,ergo     ] GC(135) Free: 781M, Max: 512K regular, 437M humongous, Frag: 45% external, 0% internal; Reserve: 52525K, Max: 512K
[48.423s][info][gc,start    ] GC(135) Concurrent class unloading
[48.423s][info][gc,task     ] GC(135) Using 1 of 3 workers for concurrent class unloading
[48.430s][info][gc          ] GC(135) Concurrent class unloading 6.275ms
[48.430s][info][gc,start    ] GC(135) Concurrent strong roots
[48.430s][info][gc,task     ] GC(135) Using 1 of 3 workers for concurrent strong root
[48.430s][info][gc          ] GC(135) Concurrent strong roots 0.090ms
[48.430s][info][gc,start    ] GC(135) Concurrent evacuation
[48.430s][info][gc,task     ] GC(135) Using 1 of 3 workers for concurrent evacuation
[48.432s][info][gc          ] GC(135) Concurrent evacuation 1.744ms
[48.432s][info][gc,start    ] GC(135) Pause Init Update Refs
[48.432s][info][gc,ergo     ] GC(135) Pacer for Update Refs. Used: 210M, Free: 764M, Non-Taxable: 78234K, Alloc Tax Rate: 1.1x
[48.432s][info][gc          ] GC(135) Pause Init Update Refs 0.056ms
[48.434s][info][gc,start    ] GC(135) Concurrent update references
[48.434s][info][gc,task     ] GC(135) Using 1 of 3 workers for concurrent reference update
[48.444s][info][gc          ] GC(135) Concurrent update references 10.018ms
[48.444s][info][gc,start    ] GC(135) Concurrent update thread roots
[48.444s][info][gc          ] GC(135) Concurrent update thread roots 0.568ms
[48.444s][info][gc,start    ] GC(135) Pause Final Update Refs
[48.444s][info][gc,task     ] GC(135) Using 3 of 3 workers for final reference update
[48.444s][info][gc          ] GC(135) Pause Final Update Refs 0.094ms
[48.446s][info][gc,start    ] GC(135) Concurrent cleanup
[48.446s][info][gc          ] GC(135) Concurrent cleanup 234M->122M(1024M) 0.044ms
[48.446s][info][gc,ergo     ] Free: 849M, Max: 512K regular, 436M humongous, Frag: 49% external, 0% internal; Reserve: 52736K, Max: 512K
[48.446s][info][gc,stats    ] 
[48.446s][info][gc,stats    ] All times are wall-clock times, except per-root-class counters, that are sum over
[48.446s][info][gc,stats    ] all workers. Dividing the <total> over the root stage time estimates parallelism.
[48.446s][info][gc,stats    ] 
[48.446s][info][gc,stats    ] Concurrent Reset                    389 us
[48.446s][info][gc,stats    ] Pause Init Mark (G)                7969 us
[48.446s][info][gc,stats    ] Pause Init Mark (N)                 139 us
[48.446s][info][gc,stats    ]   Update Region States               39 us
[48.446s][info][gc,stats    ] Concurrent Mark Roots               621 us, parallelism: 0.80x
[48.446s][info][gc,stats    ]   CMR: <total>                      495 us
[48.446s][info][gc,stats    ]   CMR: Thread Roots                 442 us, workers (us): 442, ---, ---, 
[48.446s][info][gc,stats    ]   CMR: VM Strong Roots                6 us, workers (us):   6, ---, ---, 
[48.446s][info][gc,stats    ]   CMR: CLDG Roots                    47 us, workers (us):  47, ---, ---, 
[48.446s][info][gc,stats    ] Concurrent Marking                12733 us
[48.446s][info][gc,stats    ] Pause Final Mark (G)               2493 us
[48.446s][info][gc,stats    ] Pause Final Mark (N)                244 us
[48.446s][info][gc,stats    ]   Finish Mark                        50 us
[48.446s][info][gc,stats    ]   Update Region States               37 us
[48.446s][info][gc,stats    ]   Choose Collection Set              65 us
[48.446s][info][gc,stats    ]   Rebuild Free Set                    9 us
[48.446s][info][gc,stats    ] Concurrent Thread Roots             507 us, parallelism: 0.89x
[48.446s][info][gc,stats    ]   CTR: <total>                      450 us
[48.446s][info][gc,stats    ]   CTR: Thread Roots                 450 us, workers (us): 450, ---, ---, 
[48.446s][info][gc,stats    ] Concurrent Weak References           69 us, parallelism: 0.18x
[48.446s][info][gc,stats    ]   CWRF: <total>                      12 us
[48.446s][info][gc,stats    ]   CWRF: Weak References              12 us, workers (us):  12, ---, ---, 
[48.446s][info][gc,stats    ] Concurrent Weak Roots               656 us
[48.446s][info][gc,stats    ]   Roots                             567 us, parallelism: 0.96x
[48.446s][info][gc,stats    ]     CWR: <total>                    545 us
[48.446s][info][gc,stats    ]     CWR: Code Cache Roots           432 us, workers (us): 432, ---, ---, 
[48.446s][info][gc,stats    ]     CWR: VM Weak Roots              110 us, workers (us): 110, ---, ---, 
[48.446s][info][gc,stats    ]     CWR: CLDG Roots                   3 us, workers (us):   3, ---, ---, 
[48.446s][info][gc,stats    ]   Rendezvous                         60 us
[48.447s][info][gc,stats    ] Concurrent Cleanup                   48 us
[48.447s][info][gc,stats    ] Concurrent Class Unloading         6321 us
[48.447s][info][gc,stats    ]   Unlink Stale                     1750 us
[48.447s][info][gc,stats    ]     System Dictionary                 2 us
[48.447s][info][gc,stats    ]     Weak Class Links                  0 us
[48.447s][info][gc,stats    ]     Code Roots                     1746 us
[48.447s][info][gc,stats    ]   Rendezvous                       4415 us
[48.447s][info][gc,stats    ]   Purge Unlinked                     91 us
[48.447s][info][gc,stats    ]     Code Roots                       87 us
[48.447s][info][gc,stats    ]     CLDG                              4 us
[48.447s][info][gc,stats    ]     Exception Caches                  0 us
[48.447s][info][gc,stats    ] Concurrent Strong Roots             111 us, parallelism: 0.50x
[48.447s][info][gc,stats    ]   CSR: <total>                       55 us
[48.447s][info][gc,stats    ]   CSR: VM Strong Roots                5 us, workers (us):   5, ---, ---, 
[48.447s][info][gc,stats    ]   CSR: CLDG Roots                    51 us, workers (us):  51, ---, ---, 
[48.447s][info][gc,stats    ] Concurrent Evacuation              1787 us
[48.447s][info][gc,stats    ] Pause Init Update Refs (G)         1946 us
[48.447s][info][gc,stats    ] Pause Init Update Refs (N)           65 us
[48.447s][info][gc,stats    ]   Manage GCLABs                       3 us
[48.447s][info][gc,stats    ] Concurrent Update Refs            10076 us
[48.447s][info][gc,stats    ] Concurrent Update Thread Roots      583 us
[48.447s][info][gc,stats    ] Pause Final Update Refs (G)        1924 us
[48.447s][info][gc,stats    ] Pause Final Update Refs (N)         114 us
[48.447s][info][gc,stats    ]   Update Region States               42 us
[48.447s][info][gc,stats    ]   Trash Collection Set                7 us
[48.447s][info][gc,stats    ]   Rebuild Free Set                   11 us
[48.447s][info][gc,stats    ] Concurrent Cleanup                   53 us
[48.447s][info][gc,stats    ] Pacing                            31175 us
[48.447s][info][gc,stats    ] 
[48.447s][info][gc,stats    ] Allocation pacing accrued:
[48.447s][info][gc,stats    ]       5 of   110 ms (  4.4%): Thread-66
[48.447s][info][gc,stats    ]       5 of   110 ms (  4.5%): Thread-67
[48.447s][info][gc,stats    ]       5 of   110 ms (  4.9%): Thread-68
[48.447s][info][gc,stats    ]       5 of   110 ms (  4.4%): Thread-69
[48.447s][info][gc,stats    ]       6 of   110 ms (  5.1%): Thread-70
[48.447s][info][gc,stats    ]       6 of   110 ms (  5.1%): Thread-71
[48.447s][info][gc,stats    ]      31 of   110 ms ( 28.4%): <total>
[48.447s][info][gc,stats    ]       2 of   110 ms (  1.5%): <average total>
[48.447s][info][gc,stats    ]       5 of   110 ms (  4.7%): <average non-zero>
[48.447s][info][gc,stats    ] 
[48.447s][info][gc,metaspace] Metaspace: 6357K(6528K)->6357K(6528K) NonClass: 5750K(5824K)->5750K(5824K) Class: 606K(704K)->606K(704K)
[48.447s][info][gc,ergo     ] Pacer for Idle. Initial: 20971K, Alloc Tax Rate: 1.0x
[48.509s][info][gc          ] Trigger: Learning 5 of 5. Free (687M) is below initial threshold (716M)
[48.509s][info][gc,ergo     ] Free: 687M, Max: 512K regular, 436M humongous, Frag: 37% external, 0% internal; Reserve: 52736K, Max: 512K
[48.509s][info][gc,start    ] GC(136) Concurrent reset
[48.509s][info][gc,task     ] GC(136) Using 1 of 3 workers for concurrent reset
[48.509s][info][gc,ergo     ] GC(136) Pacer for Reset. Non-Taxable: 1024M
[48.509s][info][gc          ] GC(136) Concurrent reset 0.559ms
[48.509s][info][gc,start    ] GC(136) Pause Init Mark (unload classes)
[48.509s][info][gc,task     ] GC(136) Using 3 of 3 workers for init marking
[48.509s][info][gc,ergo     ] GC(136) Pacer for Mark. Expected Live: 13692K, Free: 686M, Non-Taxable: 70255K, Alloc Tax Rate: 0.0x
[48.510s][info][gc          ] GC(136) Pause Init Mark (unload classes) 0.136ms
[48.513s][info][gc,start    ] GC(136) Concurrent marking roots
[48.513s][info][gc,task     ] GC(136) Using 1 of 3 workers for concurrent marking roots
[48.514s][info][gc          ] GC(136) Concurrent marking roots 0.619ms
[48.514s][info][gc,start    ] GC(136) Concurrent marking (unload classes)
[48.514s][info][gc,task     ] GC(136) Using 1 of 3 workers for concurrent marking
[48.524s][info][gc          ] GC(136) Concurrent marking (unload classes) 10.473ms
[48.525s][info][gc,start    ] GC(136) Pause Final Mark (unload classes)
[48.525s][info][gc,task     ] GC(136) Using 3 of 3 workers for final marking
[48.525s][info][gc,ergo     ] GC(136) Adaptive CSet Selection. Target Free: 145M, Actual Free: 935M, Max CSet: 43690K, Min Garbage: 0B
[48.525s][info][gc,ergo     ] GC(136) Collectable Garbage: 271M (99%), Immediate: 234M (86%), CSet: 37474K (13%)
[48.525s][info][gc,ergo     ] GC(136) Pacer for Evacuation. Used CSet: 39936K, Free: 884M, Non-Taxable: 90527K, Alloc Tax Rate: 1.1x
[48.525s][info][gc          ] GC(136) Pause Final Mark (unload classes) 0.206ms
[48.531s][info][gc,start    ] GC(136) Concurrent thread roots
[48.531s][info][gc,task     ] GC(136) Using 1 of 3 workers for Concurrent thread roots
[48.531s][info][gc          ] GC(136) Concurrent thread roots 0.505ms
[48.531s][info][gc,start    ] GC(136) Concurrent weak references
[48.531s][info][gc,task     ] GC(136) Using 1 of 3 workers for concurrent weak references
[48.531s][info][gc,ref      ] GC(136) Encountered references: Soft: 132, Weak: 434, Final: 9, Phantom: 21
[48.531s][info][gc,ref      ] GC(136) Discovered  references: Soft: 0, Weak: 234, Final: 7, Phantom: 14
[48.531s][info][gc,ref      ] GC(136) Enqueued    references: Soft: 0, Weak: 0, Final: 0, Phantom: 0
[48.531s][info][gc          ] GC(136) Concurrent weak references 0.079ms
[48.531s][info][gc,start    ] GC(136) Concurrent weak roots
[48.531s][info][gc,task     ] GC(136) Using 1 of 3 workers for concurrent weak root
[48.532s][info][gc          ] GC(136) Concurrent weak roots 1.100ms
[48.532s][info][gc,start    ] GC(136) Concurrent cleanup
[48.532s][info][gc          ] GC(136) Concurrent cleanup 337M->102M(1024M) 0.048ms
[48.532s][info][gc,ergo     ] GC(136) Free: 869M, Max: 512K regular, 438M humongous, Frag: 50% external, 0% internal; Reserve: 51712K, Max: 512K
[48.532s][info][gc,start    ] GC(136) Concurrent class unloading
[48.532s][info][gc,task     ] GC(136) Using 1 of 3 workers for concurrent class unloading
[48.537s][info][gc          ] GC(136) Concurrent class unloading 4.290ms
[48.537s][info][gc,start    ] GC(136) Concurrent strong roots
[48.537s][info][gc,task     ] GC(136) Using 1 of 3 workers for concurrent strong root
[48.537s][info][gc          ] GC(136) Concurrent strong roots 0.089ms
[48.537s][info][gc,start    ] GC(136) Concurrent evacuation
[48.537s][info][gc,task     ] GC(136) Using 1 of 3 workers for concurrent evacuation
[48.538s][info][gc          ] GC(136) Concurrent evacuation 1.097ms
[48.538s][info][gc,start    ] GC(136) Pause Init Update Refs
[48.538s][info][gc,ergo     ] GC(136) Pacer for Update Refs. Used: 114M, Free: 859M, Non-Taxable: 88020K, Alloc Tax Rate: 1.1x
[48.538s][info][gc          ] GC(136) Pause Init Update Refs 0.043ms
[48.548s][info][gc,start    ] GC(136) Concurrent update references
[48.548s][info][gc,task     ] GC(136) Using 1 of 3 workers for concurrent reference update
[48.555s][info][gc          ] GC(136) Concurrent update references 7.424ms
[48.555s][info][gc,start    ] GC(136) Concurrent update thread roots
[48.557s][info][gc          ] GC(136) Concurrent update thread roots 1.039ms
[48.557s][info][gc,start    ] GC(136) Pause Final Update Refs
[48.557s][info][gc,task     ] GC(136) Using 3 of 3 workers for final reference update
[48.557s][info][gc          ] GC(136) Pause Final Update Refs 0.088ms
[48.565s][info][gc,start    ] GC(136) Concurrent cleanup
[48.565s][info][gc          ] GC(136) Concurrent cleanup 161M->122M(1024M) 0.050ms
[48.565s][info][gc,ergo     ] Free: 849M, Max: 512K regular, 436M humongous, Frag: 49% external, 0% internal; Reserve: 52736K, Max: 512K
[48.565s][info][gc,stats    ] 
[48.565s][info][gc,stats    ] All times are wall-clock times, except per-root-class counters, that are sum over
[48.565s][info][gc,stats    ] all workers. Dividing the <total> over the root stage time estimates parallelism.
[48.565s][info][gc,stats    ] 
[48.565s][info][gc,stats    ] Concurrent Reset                    584 us
[48.565s][info][gc,stats    ] Pause Init Mark (G)                4078 us
[48.565s][info][gc,stats    ] Pause Init Mark (N)                 146 us
[48.565s][info][gc,stats    ]   Update Region States               42 us
[48.565s][info][gc,stats    ] Concurrent Mark Roots               631 us, parallelism: 0.84x
[48.565s][info][gc,stats    ]   CMR: <total>                      530 us
[48.565s][info][gc,stats    ]   CMR: Thread Roots                 477 us, workers (us): 477, ---, ---, 
[48.565s][info][gc,stats    ]   CMR: VM Strong Roots                6 us, workers (us):   6, ---, ---, 
[48.565s][info][gc,stats    ]   CMR: CLDG Roots                    47 us, workers (us):  47, ---, ---, 
[48.565s][info][gc,stats    ] Concurrent Marking                10548 us
[48.565s][info][gc,stats    ] Pause Final Mark (G)               6107 us
[48.565s][info][gc,stats    ] Pause Final Mark (N)                215 us
[48.565s][info][gc,stats    ]   Finish Mark                        43 us
[48.565s][info][gc,stats    ]   Update Region States               34 us
[48.565s][info][gc,stats    ]   Choose Collection Set              57 us
[48.565s][info][gc,stats    ]   Rebuild Free Set                    8 us
[48.565s][info][gc,stats    ] Concurrent Thread Roots             515 us, parallelism: 0.86x
[48.565s][info][gc,stats    ]   CTR: <total>                      442 us
[48.565s][info][gc,stats    ]   CTR: Thread Roots                 442 us, workers (us): 442, ---, ---, 
[48.565s][info][gc,stats    ] Concurrent Weak References           87 us, parallelism: 0.33x
[48.565s][info][gc,stats    ]   CWRF: <total>                      29 us
[48.565s][info][gc,stats    ]   CWRF: Weak References              29 us, workers (us):  29, ---, ---, 
[48.565s][info][gc,stats    ] Concurrent Weak Roots              1115 us
[48.565s][info][gc,stats    ]   Roots                             556 us, parallelism: 0.96x
[48.565s][info][gc,stats    ]     CWR: <total>                    534 us
[48.565s][info][gc,stats    ]     CWR: Code Cache Roots           418 us, workers (us): 418, ---, ---, 
[48.565s][info][gc,stats    ]     CWR: VM Weak Roots              113 us, workers (us): 113, ---, ---, 
[48.565s][info][gc,stats    ]     CWR: CLDG Roots                   3 us, workers (us):   3, ---, ---, 
[48.565s][info][gc,stats    ]   Rendezvous                        528 us
[48.565s][info][gc,stats    ] Concurrent Cleanup                   56 us
[48.565s][info][gc,stats    ] Concurrent Class Unloading         4321 us
[48.565s][info][gc,stats    ]   Unlink Stale                     1715 us
[48.565s][info][gc,stats    ]     System Dictionary                 2 us
[48.565s][info][gc,stats    ]     Weak Class Links                  0 us
[48.565s][info][gc,stats    ]     Code Roots                     1711 us
[48.565s][info][gc,stats    ]   Rendezvous                       2482 us
[48.565s][info][gc,stats    ]   Purge Unlinked                     75 us
[48.565s][info][gc,stats    ]     Code Roots                       72 us
[48.565s][info][gc,stats    ]     CLDG                              3 us
[48.565s][info][gc,stats    ]     Exception Caches                  0 us
[48.565s][info][gc,stats    ] Concurrent Strong Roots             111 us, parallelism: 0.46x
[48.565s][info][gc,stats    ]   CSR: <total>                       51 us
[48.565s][info][gc,stats    ]   CSR: VM Strong Roots                4 us, workers (us):   4, ---, ---, 
[48.565s][info][gc,stats    ]   CSR: CLDG Roots                    46 us, workers (us):  46, ---, ---, 
[48.565s][info][gc,stats    ] Concurrent Evacuation              1123 us
[48.565s][info][gc,stats    ] Pause Init Update Refs (G)         9984 us
[48.565s][info][gc,stats    ] Pause Init Update Refs (N)           53 us
[48.565s][info][gc,stats    ]   Manage GCLABs                       3 us
[48.565s][info][gc,stats    ] Concurrent Update Refs             7473 us
[48.565s][info][gc,stats    ] Concurrent Update Thread Roots     1067 us
[48.565s][info][gc,stats    ] Pause Final Update Refs (G)        8018 us
[48.565s][info][gc,stats    ] Pause Final Update Refs (N)         126 us
[48.565s][info][gc,stats    ]   Update Region States               40 us
[48.565s][info][gc,stats    ]   Trash Collection Set                4 us
[48.565s][info][gc,stats    ]   Rebuild Free Set                   15 us
[48.565s][info][gc,stats    ] Concurrent Cleanup                   60 us
[48.565s][info][gc,stats    ] Pacing                            37335 us
[48.565s][info][gc,stats    ] 
[48.565s][info][gc,stats    ] Allocation pacing accrued:
[48.565s][info][gc,stats    ]       7 of   118 ms (  5.7%): Thread-66
[48.565s][info][gc,stats    ]       6 of   118 ms (  5.0%): Thread-67
[48.565s][info][gc,stats    ]       6 of   118 ms (  5.3%): Thread-68
[48.565s][info][gc,stats    ]       6 of   118 ms (  5.5%): Thread-69
[48.565s][info][gc,stats    ]       6 of   118 ms (  4.9%): Thread-70
[48.565s][info][gc,stats    ]       6 of   118 ms (  5.3%): Thread-71
[48.565s][info][gc,stats    ]      37 of   118 ms ( 31.5%): <total>
[48.565s][info][gc,stats    ]       2 of   118 ms (  1.7%): <average total>
[48.565s][info][gc,stats    ]       6 of   118 ms (  5.3%): <average non-zero>
[48.565s][info][gc,stats    ] 
[48.565s][info][gc,metaspace] Metaspace: 6357K(6528K)->6357K(6528K) NonClass: 5750K(5824K)->5750K(5824K) Class: 606K(704K)->606K(704K)
[48.565s][info][gc,ergo     ] Pacer for Idle. Initial: 20971K, Alloc Tax Rate: 1.0x
[48.824s][info][gc          ] Trigger: Average GC time (67.26 ms) is above the time for average allocation rate (2441 MB/s) to deplete free headroom (141M) (margin of error = 1.72)
[48.824s][info][gc,ergo     ] Free headroom: 193M (free) - 52428K (spike) - 0B (penalties) = 141M
[48.824s][info][gc,ergo     ] Free: 193M, Max: 512K regular, 193M humongous, Frag: 0% external, 0% internal; Reserve: 52736K, Max: 512K
[48.824s][info][gc,start    ] GC(137) Concurrent reset
[48.824s][info][gc,task     ] GC(137) Using 1 of 3 workers for concurrent reset
[48.824s][info][gc,ergo     ] GC(137) Pacer for Reset. Non-Taxable: 1024M
[48.825s][info][gc          ] GC(137) Concurrent reset 0.277ms
[48.825s][info][gc,start    ] GC(137) Pause Init Mark (unload classes)
[48.825s][info][gc,task     ] GC(137) Using 3 of 3 workers for init marking
[48.825s][info][gc,ergo     ] GC(137) Pacer for Mark. Expected Live: 13691K, Free: 192M, Non-Taxable: 19716K, Alloc Tax Rate: 0.1x
[48.825s][info][gc          ] GC(137) Pause Init Mark (unload classes) 0.124ms
[48.829s][info][gc,start    ] GC(137) Concurrent marking roots
[48.829s][info][gc,task     ] GC(137) Using 1 of 3 workers for concurrent marking roots
[48.829s][info][gc          ] GC(137) Concurrent marking roots 0.553ms
[48.829s][info][gc,start    ] GC(137) Concurrent marking (unload classes)
[48.829s][info][gc,task     ] GC(137) Using 1 of 3 workers for concurrent marking
[48.840s][info][gc          ] GC(137) Concurrent marking (unload classes) 10.788ms
[48.840s][info][gc,start    ] GC(137) Pause Final Mark (unload classes)
[48.840s][info][gc,task     ] GC(137) Using 3 of 3 workers for final marking
[48.840s][info][gc,ergo     ] GC(137) Collectable Garbage: 730M (95%), Immediate: 730M (95%), CSet: 0B (0%)
[48.840s][info][gc          ] GC(137) Pause Final Mark (unload classes) 0.160ms
[48.846s][info][gc,start    ] GC(137) Concurrent weak references
[48.846s][info][gc,task     ] GC(137) Using 1 of 3 workers for concurrent weak references
[48.846s][info][gc,ref      ] GC(137) Encountered references: Soft: 132, Weak: 434, Final: 9, Phantom: 21
[48.846s][info][gc,ref      ] GC(137) Discovered  references: Soft: 0, Weak: 234, Final: 7, Phantom: 14
[48.846s][info][gc,ref      ] GC(137) Enqueued    references: Soft: 0, Weak: 0, Final: 0, Phantom: 0
[48.846s][info][gc          ] GC(137) Concurrent weak references 0.113ms
[48.846s][info][gc,start    ] GC(137) Concurrent weak roots
[48.846s][info][gc,task     ] GC(137) Using 1 of 3 workers for concurrent weak root
[48.848s][info][gc          ] GC(137) Concurrent weak roots 1.802ms
[48.848s][info][gc,start    ] GC(137) Concurrent cleanup
[48.848s][info][gc          ] GC(137) Concurrent cleanup 828M->98M(1024M) 0.135ms
[48.848s][info][gc,ergo     ] GC(137) Free: 872M, Max: 512K regular, 493M humongous, Frag: 44% external, 0% internal; Reserve: 52736K, Max: 512K
[48.848s][info][gc,start    ] GC(137) Concurrent class unloading
[48.848s][info][gc,task     ] GC(137) Using 1 of 3 workers for concurrent class unloading
[48.856s][info][gc          ] GC(137) Concurrent class unloading 7.848ms
[48.856s][info][gc,start    ] GC(137) Pause Final Roots
[48.856s][info][gc          ] GC(137) Pause Final Roots 0.037ms
[48.866s][info][gc,ergo     ] Free: 839M, Max: 512K regular, 462M humongous, Frag: 45% external, 0% internal; Reserve: 52736K, Max: 512K
[48.866s][info][gc,stats    ] 
[48.866s][info][gc,stats    ] All times are wall-clock times, except per-root-class counters, that are sum over
[48.866s][info][gc,stats    ] all workers. Dividing the <total> over the root stage time estimates parallelism.
[48.866s][info][gc,stats    ] 
[48.866s][info][gc,stats    ] Concurrent Reset                    293 us
[48.866s][info][gc,stats    ] Pause Init Mark (G)                4031 us
[48.866s][info][gc,stats    ] Pause Init Mark (N)                 133 us
[48.866s][info][gc,stats    ]   Update Region States               43 us
[48.866s][info][gc,stats    ] Concurrent Mark Roots               565 us, parallelism: 0.84x
[48.866s][info][gc,stats    ]   CMR: <total>                      474 us
[48.866s][info][gc,stats    ]   CMR: Thread Roots                 420 us, workers (us): 420, ---, ---, 
[48.866s][info][gc,stats    ]   CMR: VM Strong Roots                5 us, workers (us):   5, ---, ---, 
[48.866s][info][gc,stats    ]   CMR: CLDG Roots                    48 us, workers (us):  48, ---, ---, 
[48.866s][info][gc,stats    ] Concurrent Marking                10840 us
[48.866s][info][gc,stats    ] Pause Final Mark (G)               6005 us
[48.866s][info][gc,stats    ] Pause Final Mark (N)                169 us
[48.866s][info][gc,stats    ]   Finish Mark                        50 us
[48.866s][info][gc,stats    ]   Update Region States               34 us
[48.866s][info][gc,stats    ]   Choose Collection Set              33 us
[48.866s][info][gc,stats    ]   Rebuild Free Set                    8 us
[48.866s][info][gc,stats    ] Concurrent Weak References          121 us, parallelism: 0.08x
[48.866s][info][gc,stats    ]   CWRF: <total>                      10 us
[48.866s][info][gc,stats    ]   CWRF: Weak References              10 us, workers (us):  10, ---, ---, 
[48.866s][info][gc,stats    ] Concurrent Weak Roots              1822 us
[48.866s][info][gc,stats    ]   Roots                             501 us, parallelism: 0.96x
[48.866s][info][gc,stats    ]     CWR: <total>                    481 us
[48.866s][info][gc,stats    ]     CWR: Code Cache Roots           411 us, workers (us): 411, ---, ---, 
[48.866s][info][gc,stats    ]     CWR: VM Weak Roots               67 us, workers (us):  67, ---, ---, 
[48.866s][info][gc,stats    ]     CWR: CLDG Roots                   2 us, workers (us):   2, ---, ---, 
[48.866s][info][gc,stats    ]   Rendezvous                       1284 us
[48.866s][info][gc,stats    ] Concurrent Cleanup                  144 us
[48.866s][info][gc,stats    ] Concurrent Class Unloading         7898 us
[48.866s][info][gc,stats    ]   Unlink Stale                     1707 us
[48.866s][info][gc,stats    ]     System Dictionary                 3 us
[48.866s][info][gc,stats    ]     Weak Class Links                  0 us
[48.866s][info][gc,stats    ]     Code Roots                     1703 us
[48.866s][info][gc,stats    ]   Rendezvous                       6006 us
[48.866s][info][gc,stats    ]   Purge Unlinked                    116 us
[48.866s][info][gc,stats    ]     Code Roots                      110 us
[48.866s][info][gc,stats    ]     CLDG                              5 us
[48.866s][info][gc,stats    ]     Exception Caches                  0 us
[48.866s][info][gc,stats    ] Pause Final Roots (G)              9966 us
[48.866s][info][gc,stats    ] Pause Final Roots (N)                46 us
[48.866s][info][gc,stats    ] 
[48.866s][info][gc,stats    ] Allocation pacing accrued:
[48.866s][info][gc,stats    ]       0 of   301 ms (  0.0%): <total>
[48.866s][info][gc,stats    ]       0 of   301 ms (  0.0%): <average total>
[48.866s][info][gc,stats    ] 
[48.866s][info][gc,metaspace] Metaspace: 6357K(6528K)->6357K(6528K) NonClass: 5750K(5824K)->5750K(5824K) Class: 606K(704K)->606K(704K)
[48.866s][info][gc,ergo     ] Pacer for Idle. Initial: 20971K, Alloc Tax Rate: 1.0x
[49.203s][info][gc          ] Trigger: Average GC time (59.89 ms) is above the time for average allocation rate (2102 MB/s) to deplete free headroom (97079K) (margin of error = 1.74)
[49.203s][info][gc,ergo     ] Free headroom: 146M (free) - 52428K (spike) - 0B (penalties) = 97079K
[49.203s][info][gc,ergo     ] Free: 146M, Max: 512K regular, 144M humongous, Frag: 2% external, 0% internal; Reserve: 52736K, Max: 512K
[49.203s][info][gc,start    ] GC(138) Concurrent reset
[49.203s][info][gc,task     ] GC(138) Using 1 of 3 workers for concurrent reset
[49.203s][info][gc,ergo     ] GC(138) Pacer for Reset. Non-Taxable: 1024M
[49.204s][info][gc          ] GC(138) Concurrent reset 0.231ms
[49.204s][info][gc,start    ] GC(138) Pause Init Mark (unload classes)
[49.204s][info][gc,task     ] GC(138) Using 3 of 3 workers for init marking
[49.204s][info][gc,ergo     ] GC(138) Pacer for Mark. Expected Live: 14193K, Free: 145M, Non-Taxable: 14899K, Alloc Tax Rate: 0.1x
[49.204s][info][gc          ] GC(138) Pause Init Mark (unload classes) 0.087ms
[49.208s][info][gc,start    ] GC(138) Concurrent marking roots
[49.208s][info][gc,task     ] GC(138) Using 1 of 3 workers for concurrent marking roots
[49.208s][info][gc          ] GC(138) Concurrent marking roots 0.583ms
[49.208s][info][gc,start    ] GC(138) Concurrent marking (unload classes)
[49.208s][info][gc,task     ] GC(138) Using 1 of 3 workers for concurrent marking
[49.215s][info][gc          ] GC(138) Concurrent marking (unload classes) 6.996ms
[49.215s][info][gc,start    ] GC(138) Pause Final Mark (unload classes)
[49.215s][info][gc,task     ] GC(138) Using 3 of 3 workers for final marking
[49.216s][info][gc,ergo     ] GC(138) Adaptive CSet Selection. Target Free: 145M, Actual Free: 871M, Max CSet: 43690K, Min Garbage: 0B
[49.216s][info][gc,ergo     ] GC(138) Collectable Garbage: 811M (99%), Immediate: 689M (84%), CSet: 122M (15%)
[49.216s][info][gc,ergo     ] GC(138) Pacer for Evacuation. Used CSet: 125M, Free: 820M, Non-Taxable: 83968K, Alloc Tax Rate: 1.1x
[49.216s][info][gc          ] GC(138) Pause Final Mark (unload classes) 0.428ms
[49.216s][info][gc,start    ] GC(138) Concurrent thread roots
[49.216s][info][gc,task     ] GC(138) Using 1 of 3 workers for Concurrent thread roots
[49.216s][info][gc          ] GC(138) Concurrent thread roots 0.546ms
[49.216s][info][gc,start    ] GC(138) Concurrent weak references
[49.216s][info][gc,task     ] GC(138) Using 1 of 3 workers for concurrent weak references
[49.216s][info][gc,ref      ] GC(138) Encountered references: Soft: 132, Weak: 434, Final: 9, Phantom: 21
[49.216s][info][gc,ref      ] GC(138) Discovered  references: Soft: 0, Weak: 234, Final: 7, Phantom: 14
[49.216s][info][gc,ref      ] GC(138) Enqueued    references: Soft: 0, Weak: 0, Final: 0, Phantom: 0
[49.216s][info][gc          ] GC(138) Concurrent weak references 0.064ms
[49.216s][info][gc,start    ] GC(138) Concurrent weak roots
[49.216s][info][gc,task     ] GC(138) Using 1 of 3 workers for concurrent weak root
[49.217s][info][gc          ] GC(138) Concurrent weak roots 0.613ms
[49.217s][info][gc,start    ] GC(138) Concurrent cleanup
[49.217s][info][gc          ] GC(138) Concurrent cleanup 840M->151M(1024M) 0.089ms
[49.217s][info][gc,ergo     ] GC(138) Free: 820M, Max: 512K regular, 421M humongous, Frag: 49% external, 0% internal; Reserve: 52336K, Max: 512K
[49.217s][info][gc,start    ] GC(138) Concurrent class unloading
[49.217s][info][gc,task     ] GC(138) Using 1 of 3 workers for concurrent class unloading
[49.219s][info][gc          ] GC(138) Concurrent class unloading 1.666ms
[49.219s][info][gc,start    ] GC(138) Concurrent strong roots
[49.219s][info][gc,task     ] GC(138) Using 1 of 3 workers for concurrent strong root
[49.219s][info][gc          ] GC(138) Concurrent strong roots 0.106ms
[49.219s][info][gc,start    ] GC(138) Concurrent evacuation
[49.219s][info][gc,task     ] GC(138) Using 1 of 3 workers for concurrent evacuation
[49.221s][info][gc          ] GC(138) Concurrent evacuation 1.978ms
[49.221s][info][gc,start    ] GC(138) Pause Init Update Refs
[49.221s][info][gc,ergo     ] GC(138) Pacer for Update Refs. Used: 157M, Free: 816M, Non-Taxable: 83558K, Alloc Tax Rate: 1.1x
[49.221s][info][gc          ] GC(138) Pause Init Update Refs 0.061ms
[49.229s][info][gc,start    ] GC(138) Concurrent update references
[49.229s][info][gc,task     ] GC(138) Using 1 of 3 workers for concurrent reference update
[49.234s][info][gc          ] GC(138) Concurrent update references 5.223ms
[49.234s][info][gc,start    ] GC(138) Concurrent update thread roots
[49.236s][info][gc          ] GC(138) Concurrent update thread roots 2.324ms
[49.237s][info][gc,start    ] GC(138) Pause Final Update Refs
[49.237s][info][gc,task     ] GC(138) Using 3 of 3 workers for final reference update
[49.237s][info][gc          ] GC(138) Pause Final Update Refs 0.094ms
[49.239s][info][gc,start    ] GC(138) Concurrent cleanup
[49.239s][info][gc          ] GC(138) Concurrent cleanup 190M->65M(1024M) 0.040ms
[49.239s][info][gc,ergo     ] Free: 905M, Max: 512K regular, 459M humongous, Frag: 50% external, 0% internal; Reserve: 52736K, Max: 512K
[49.239s][info][gc,stats    ] 
[49.239s][info][gc,stats    ] All times are wall-clock times, except per-root-class counters, that are sum over
[49.239s][info][gc,stats    ] all workers. Dividing the <total> over the root stage time estimates parallelism.
[49.239s][info][gc,stats    ] 
[49.239s][info][gc,stats    ] Concurrent Reset                    245 us
[49.239s][info][gc,stats    ] Pause Init Mark (G)                3990 us
[49.239s][info][gc,stats    ] Pause Init Mark (N)                  97 us
[49.239s][info][gc,stats    ]   Update Region States               21 us
[49.239s][info][gc,stats    ] Concurrent Mark Roots               595 us, parallelism: 0.80x
[49.239s][info][gc,stats    ]   CMR: <total>                      479 us
[49.239s][info][gc,stats    ]   CMR: Thread Roots                 428 us, workers (us): 428, ---, ---, 
[49.239s][info][gc,stats    ]   CMR: VM Strong Roots                5 us, workers (us):   5, ---, ---, 
[49.239s][info][gc,stats    ]   CMR: CLDG Roots                    46 us, workers (us):  46, ---, ---, 
[49.239s][info][gc,stats    ] Concurrent Marking                 7062 us
[49.239s][info][gc,stats    ] Pause Final Mark (G)                502 us
[49.239s][info][gc,stats    ] Pause Final Mark (N)                449 us
[49.239s][info][gc,stats    ]   Finish Mark                        62 us
[49.239s][info][gc,stats    ]   Update Region States               51 us
[49.239s][info][gc,stats    ]   Choose Collection Set             159 us
[49.239s][info][gc,stats    ]   Rebuild Free Set                   23 us
[49.239s][info][gc,stats    ] Concurrent Thread Roots             555 us, parallelism: 0.91x
[49.239s][info][gc,stats    ]   CTR: <total>                      502 us
[49.239s][info][gc,stats    ]   CTR: Thread Roots                 502 us, workers (us): 502, ---, ---, 
[49.239s][info][gc,stats    ] Concurrent Weak References           71 us, parallelism: 0.14x
[49.239s][info][gc,stats    ]   CWRF: <total>                      10 us
[49.239s][info][gc,stats    ]   CWRF: Weak References              10 us, workers (us):  10, ---, ---, 
[49.239s][info][gc,stats    ] Concurrent Weak Roots               635 us
[49.239s][info][gc,stats    ]   Roots                             569 us, parallelism: 0.95x
[49.239s][info][gc,stats    ]     CWR: <total>                    541 us
[49.239s][info][gc,stats    ]     CWR: Code Cache Roots           350 us, workers (us): 350, ---, ---, 
[49.239s][info][gc,stats    ]     CWR: VM Weak Roots              188 us, workers (us): 188, ---, ---, 
[49.239s][info][gc,stats    ]     CWR: CLDG Roots                   3 us, workers (us):   3, ---, ---, 
[49.239s][info][gc,stats    ]   Rendezvous                         28 us
[49.239s][info][gc,stats    ] Concurrent Cleanup                   97 us
[49.239s][info][gc,stats    ] Concurrent Class Unloading         1689 us
[49.239s][info][gc,stats    ]   Unlink Stale                     1565 us
[49.239s][info][gc,stats    ]     System Dictionary                 2 us
[49.239s][info][gc,stats    ]     Weak Class Links                  0 us
[49.239s][info][gc,stats    ]     Code Roots                     1561 us
[49.239s][info][gc,stats    ]   Rendezvous                         32 us
[49.239s][info][gc,stats    ]   Purge Unlinked                     53 us
[49.239s][info][gc,stats    ]     Code Roots                       46 us
[49.239s][info][gc,stats    ]     CLDG                              6 us
[49.239s][info][gc,stats    ]     Exception Caches                  0 us
[49.239s][info][gc,stats    ] Concurrent Strong Roots             124 us, parallelism: 0.38x
[49.239s][info][gc,stats    ]   CSR: <total>                       47 us
[49.239s][info][gc,stats    ]   CSR: VM Strong Roots                4 us, workers (us):   4, ---, ---, 
[49.239s][info][gc,stats    ]   CSR: CLDG Roots                    43 us, workers (us):  43, ---, ---, 
[49.239s][info][gc,stats    ] Concurrent Evacuation              2024 us
[49.239s][info][gc,stats    ] Pause Init Update Refs (G)         7787 us
[49.239s][info][gc,stats    ] Pause Init Update Refs (N)           70 us
[49.239s][info][gc,stats    ]   Manage GCLABs                       4 us
[49.239s][info][gc,stats    ] Concurrent Update Refs             5291 us
[49.239s][info][gc,stats    ] Concurrent Update Thread Roots     2345 us
[49.239s][info][gc,stats    ] Pause Final Update Refs (G)        2082 us
[49.239s][info][gc,stats    ] Pause Final Update Refs (N)         133 us
[49.239s][info][gc,stats    ]   Update Region States               43 us
[49.239s][info][gc,stats    ]   Trash Collection Set                8 us
[49.239s][info][gc,stats    ]   Rebuild Free Set                   16 us
[49.239s][info][gc,stats    ] Concurrent Cleanup                   50 us
[49.239s][info][gc,stats    ] Pacing                            56943 us
[49.239s][info][gc,stats    ] 
[49.239s][info][gc,stats    ] Allocation pacing accrued:
[49.239s][info][gc,stats    ]       8 of   373 ms (  2.2%): Thread-66
[49.239s][info][gc,stats    ]       7 of   373 ms (  1.9%): Thread-67
[49.239s][info][gc,stats    ]       8 of   373 ms (  2.2%): Thread-68
[49.239s][info][gc,stats    ]       7 of   373 ms (  2.0%): Thread-69
[49.239s][info][gc,stats    ]      18 of   373 ms (  4.9%): Thread-70
[49.239s][info][gc,stats    ]       8 of   373 ms (  2.2%): Thread-71
[49.239s][info][gc,stats    ]      57 of   373 ms ( 15.3%): <total>
[49.239s][info][gc,stats    ]       3 of   373 ms (  0.8%): <average total>
[49.239s][info][gc,stats    ]       9 of   373 ms (  2.5%): <average non-zero>
[49.239s][info][gc,stats    ] 
[49.239s][info][gc,metaspace] Metaspace: 6357K(6528K)->6357K(6528K) NonClass: 5750K(5824K)->5750K(5824K) Class: 606K(704K)->606K(704K)
[49.239s][info][gc,ergo     ] Pacer for Idle. Initial: 20971K, Alloc Tax Rate: 1.0x
[49.551s][info][gc          ] Trigger: Average GC time (53.86 ms) is above the time for average allocation rate (2324 MB/s) to deplete free headroom (108M) (margin of error = 1.73)
[49.551s][info][gc,ergo     ] Free headroom: 160M (free) - 52428K (spike) - 0B (penalties) = 108M
[49.551s][info][gc,ergo     ] Free: 159M, Max: 512K regular, 130M humongous, Frag: 18% external, 0% internal; Reserve: 52736K, Max: 512K
[49.551s][info][gc,start    ] GC(139) Concurrent reset
[49.551s][info][gc,task     ] GC(139) Using 1 of 3 workers for concurrent reset
[49.551s][info][gc,ergo     ] GC(139) Pacer for Reset. Non-Taxable: 1024M
[49.551s][info][gc          ] GC(139) Concurrent reset 0.613ms
[49.551s][info][gc,start    ] GC(139) Pause Init Mark (unload classes)
[49.551s][info][gc,task     ] GC(139) Using 3 of 3 workers for init marking
[49.552s][info][gc,ergo     ] GC(139) Pacer for Mark. Expected Live: 14166K, Free: 158M, Non-Taxable: 16230K, Alloc Tax Rate: 0.1x
[49.552s][info][gc          ] GC(139) Pause Init Mark (unload classes) 0.142ms
[49.559s][info][gc,start    ] GC(139) Concurrent marking roots
[49.559s][info][gc,task     ] GC(139) Using 1 of 3 workers for concurrent marking roots
[49.560s][info][gc          ] GC(139) Concurrent marking roots 0.631ms
[49.560s][info][gc,start    ] GC(139) Concurrent marking (unload classes)
[49.560s][info][gc,task     ] GC(139) Using 1 of 3 workers for concurrent marking
[49.566s][info][gc          ] GC(139) Concurrent marking (unload classes) 6.313ms
[49.566s][info][gc,start    ] GC(139) Pause Final Mark (unload classes)
[49.566s][info][gc,task     ] GC(139) Using 3 of 3 workers for final marking
[49.567s][info][gc,ergo     ] GC(139) Collectable Garbage: 756M (94%), Immediate: 756M (94%), CSet: 0B (0%)
[49.567s][info][gc          ] GC(139) Pause Final Mark (unload classes) 0.315ms
[49.567s][info][gc,start    ] GC(139) Concurrent weak references
[49.567s][info][gc,task     ] GC(139) Using 1 of 3 workers for concurrent weak references
[49.567s][info][gc,ref      ] GC(139) Encountered references: Soft: 132, Weak: 434, Final: 9, Phantom: 21
[49.567s][info][gc,ref      ] GC(139) Discovered  references: Soft: 0, Weak: 234, Final: 7, Phantom: 14
[49.567s][info][gc,ref      ] GC(139) Enqueued    references: Soft: 0, Weak: 0, Final: 0, Phantom: 0
[49.567s][info][gc          ] GC(139) Concurrent weak references 0.080ms
[49.567s][info][gc,start    ] GC(139) Concurrent weak roots
[49.567s][info][gc,task     ] GC(139) Using 1 of 3 workers for concurrent weak root
[49.572s][info][gc          ] GC(139) Concurrent weak roots 5.478ms
[49.572s][info][gc,start    ] GC(139) Concurrent cleanup
[49.573s][info][gc          ] GC(139) Concurrent cleanup 842M->86M(1024M) 0.147ms
[49.573s][info][gc,ergo     ] GC(139) Free: 884M, Max: 512K regular, 493M humongous, Frag: 45% external, 0% internal; Reserve: 52736K, Max: 512K
[49.573s][info][gc,start    ] GC(139) Concurrent class unloading
[49.573s][info][gc,task     ] GC(139) Using 1 of 3 workers for concurrent class unloading
[49.582s][info][gc          ] GC(139) Concurrent class unloading 9.953ms
[49.583s][info][gc,start    ] GC(139) Pause Final Roots
[49.583s][info][gc          ] GC(139) Pause Final Roots 0.040ms
[49.584s][info][gc,ergo     ] Free: 857M, Max: 512K regular, 468M humongous, Frag: 46% external, 0% internal; Reserve: 52736K, Max: 512K
[49.585s][info][gc,stats    ] 
[49.585s][info][gc,stats    ] All times are wall-clock times, except per-root-class counters, that are sum over
[49.585s][info][gc,stats    ] all workers. Dividing the <total> over the root stage time estimates parallelism.
[49.585s][info][gc,stats    ] 
[49.585s][info][gc,stats    ] Concurrent Reset                    641 us
[49.585s][info][gc,stats    ] Pause Init Mark (G)                7966 us
[49.585s][info][gc,stats    ] Pause Init Mark (N)                 152 us
[49.585s][info][gc,stats    ]   Update Region States               45 us
[49.585s][info][gc,stats    ] Concurrent Mark Roots               653 us, parallelism: 0.75x
[49.585s][info][gc,stats    ]   CMR: <total>                      487 us
[49.585s][info][gc,stats    ]   CMR: Thread Roots                 431 us, workers (us): 431, ---, ---, 
[49.585s][info][gc,stats    ]   CMR: VM Strong Roots                6 us, workers (us):   6, ---, ---, 
[49.585s][info][gc,stats    ]   CMR: CLDG Roots                    50 us, workers (us):  50, ---, ---, 
[49.585s][info][gc,stats    ] Concurrent Marking                 6343 us
[49.585s][info][gc,stats    ] Pause Final Mark (G)                449 us
[49.585s][info][gc,stats    ] Pause Final Mark (N)                338 us
[49.585s][info][gc,stats    ]   Finish Mark                        61 us
[49.585s][info][gc,stats    ]   Update Region States               54 us
[49.585s][info][gc,stats    ]   Choose Collection Set              76 us
[49.585s][info][gc,stats    ]   Rebuild Free Set                   21 us
[49.585s][info][gc,stats    ] Concurrent Weak References           88 us, parallelism: 0.10x
[49.585s][info][gc,stats    ]   CWRF: <total>                       9 us
[49.585s][info][gc,stats    ]   CWRF: Weak References               9 us, workers (us):   9, ---, ---, 
[49.585s][info][gc,stats    ] Concurrent Weak Roots              5507 us
[49.585s][info][gc,stats    ]   Roots                             574 us, parallelism: 0.96x
[49.585s][info][gc,stats    ]     CWR: <total>                    551 us
[49.585s][info][gc,stats    ]     CWR: Code Cache Roots           435 us, workers (us): 435, ---, ---, 
[49.585s][info][gc,stats    ]     CWR: VM Weak Roots              114 us, workers (us): 114, ---, ---, 
[49.585s][info][gc,stats    ]     CWR: CLDG Roots                   2 us, workers (us):   2, ---, ---, 
[49.585s][info][gc,stats    ]   Rendezvous                       4887 us
[49.585s][info][gc,stats    ] Concurrent Cleanup                  156 us
[49.585s][info][gc,stats    ] Concurrent Class Unloading         9997 us
[49.585s][info][gc,stats    ]   Unlink Stale                     1777 us
[49.585s][info][gc,stats    ]     System Dictionary                 2 us
[49.585s][info][gc,stats    ]     Weak Class Links                  0 us
[49.585s][info][gc,stats    ]     Code Roots                     1774 us
[49.585s][info][gc,stats    ]   Rendezvous                       8016 us
[49.585s][info][gc,stats    ]   Purge Unlinked                    139 us
[49.585s][info][gc,stats    ]     Code Roots                      131 us
[49.585s][info][gc,stats    ]     CLDG                              8 us
[49.585s][info][gc,stats    ]     Exception Caches                  0 us
[49.585s][info][gc,stats    ] Pause Final Roots (G)              1921 us
[49.585s][info][gc,stats    ] Pause Final Roots (N)                50 us
[49.585s][info][gc,stats    ] Pacing                            57731 us
[49.585s][info][gc,stats    ] 
[49.585s][info][gc,stats    ] Allocation pacing accrued:
[49.585s][info][gc,stats    ]      10 of   346 ms (  2.8%): Thread-66
[49.585s][info][gc,stats    ]       9 of   346 ms (  2.5%): Thread-67
[49.585s][info][gc,stats    ]      10 of   346 ms (  2.9%): Thread-68
[49.585s][info][gc,stats    ]      10 of   346 ms (  2.9%): Thread-69
[49.585s][info][gc,stats    ]      10 of   346 ms (  3.0%): Thread-70
[49.585s][info][gc,stats    ]       9 of   346 ms (  2.6%): Thread-71
[49.585s][info][gc,stats    ]      58 of   346 ms ( 16.7%): <total>
[49.585s][info][gc,stats    ]       3 of   346 ms (  0.9%): <average total>
[49.585s][info][gc,stats    ]      10 of   346 ms (  2.8%): <average non-zero>
[49.585s][info][gc,stats    ] 
[49.585s][info][gc,metaspace] Metaspace: 6357K(6528K)->6357K(6528K) NonClass: 5750K(5824K)->5750K(5824K) Class: 606K(704K)->606K(704K)
[49.585s][info][gc,ergo     ] Pacer for Idle. Initial: 20971K, Alloc Tax Rate: 1.0x
[49.961s][info][gc          ] Trigger: Average GC time (48.22 ms) is above the time for average allocation rate (1945 MB/s) to deplete free headroom (79671K) (margin of error = 1.74)
[49.961s][info][gc,ergo     ] Free headroom: 129M (free) - 52428K (spike) - 0B (penalties) = 79671K
[49.961s][info][gc,ergo     ] Free: 128M, Max: 512K regular, 128M humongous, Frag: 0% external, 0% internal; Reserve: 52736K, Max: 512K
[49.961s][info][gc,start    ] GC(140) Concurrent reset
[49.961s][info][gc,task     ] GC(140) Using 1 of 3 workers for concurrent reset
[49.961s][info][gc,ergo     ] GC(140) Pacer for Reset. Non-Taxable: 1024M
[49.962s][info][gc          ] GC(140) Concurrent reset 0.268ms
[49.962s][info][gc,start    ] GC(140) Pause Init Mark (unload classes)
[49.962s][info][gc,task     ] GC(140) Using 3 of 3 workers for init marking
[49.962s][info][gc,ergo     ] GC(140) Pacer for Mark. Expected Live: 14198K, Free: 128M, Non-Taxable: 13158K, Alloc Tax Rate: 0.1x
[49.962s][info][gc          ] GC(140) Pause Init Mark (unload classes) 0.124ms
[49.968s][info][gc,start    ] GC(140) Concurrent marking roots
[49.968s][info][gc,task     ] GC(140) Using 1 of 3 workers for concurrent marking roots
[49.968s][info][gc          ] GC(140) Concurrent marking roots 0.582ms
[49.968s][info][gc,start    ] GC(140) Concurrent marking (unload classes)
[49.968s][info][gc,task     ] GC(140) Using 1 of 3 workers for concurrent marking
[49.975s][info][gc          ] GC(140) Concurrent marking (unload classes) 6.367ms
[49.975s][info][gc,start    ] GC(140) Pause Final Mark (unload classes)
[49.975s][info][gc,task     ] GC(140) Using 3 of 3 workers for final marking
[49.975s][info][gc,ergo     ] GC(140) Adaptive CSet Selection. Target Free: 145M, Actual Free: 892M, Max CSet: 43690K, Min Garbage: 0B
[49.975s][info][gc,ergo     ] GC(140) Collectable Garbage: 828M (99%), Immediate: 724M (87%), CSet: 104M (12%)
[49.975s][info][gc,ergo     ] GC(140) Pacer for Evacuation. Used CSet: 106M, Free: 840M, Non-Taxable: 86067K, Alloc Tax Rate: 1.1x
[49.975s][info][gc          ] GC(140) Pause Final Mark (unload classes) 0.372ms
[49.975s][info][gc,start    ] GC(140) Concurrent thread roots
[49.975s][info][gc,task     ] GC(140) Using 1 of 3 workers for Concurrent thread roots
[49.976s][info][gc          ] GC(140) Concurrent thread roots 0.970ms
[49.976s][info][gc,start    ] GC(140) Concurrent weak references
[49.976s][info][gc,task     ] GC(140) Using 1 of 3 workers for concurrent weak references
[49.976s][info][gc,ref      ] GC(140) Encountered references: Soft: 132, Weak: 434, Final: 9, Phantom: 21
[49.976s][info][gc,ref      ] GC(140) Discovered  references: Soft: 0, Weak: 234, Final: 7, Phantom: 14
[49.976s][info][gc,ref      ] GC(140) Enqueued    references: Soft: 0, Weak: 0, Final: 0, Phantom: 0
[49.976s][info][gc          ] GC(140) Concurrent weak references 0.062ms
[49.976s][info][gc,start    ] GC(140) Concurrent weak roots
[49.976s][info][gc,task     ] GC(140) Using 1 of 3 workers for concurrent weak root
[49.977s][info][gc          ] GC(140) Concurrent weak roots 0.521ms
[49.977s][info][gc,start    ] GC(140) Concurrent cleanup
[49.977s][info][gc          ] GC(140) Concurrent cleanup 855M->131M(1024M) 0.089ms
[49.977s][info][gc,ergo     ] GC(140) Free: 840M, Max: 512K regular, 461M humongous, Frag: 46% external, 0% internal; Reserve: 52336K, Max: 512K
[49.977s][info][gc,start    ] GC(140) Concurrent class unloading
[49.977s][info][gc,task     ] GC(140) Using 1 of 3 workers for concurrent class unloading
[49.979s][info][gc          ] GC(140) Concurrent class unloading 1.758ms
[49.979s][info][gc,start    ] GC(140) Concurrent strong roots
[49.979s][info][gc,task     ] GC(140) Using 1 of 3 workers for concurrent strong root
[49.979s][info][gc          ] GC(140) Concurrent strong roots 0.088ms
[49.979s][info][gc,start    ] GC(140) Concurrent evacuation
[49.979s][info][gc,task     ] GC(140) Using 1 of 3 workers for concurrent evacuation
[49.980s][info][gc          ] GC(140) Concurrent evacuation 1.523ms
[49.980s][info][gc,start    ] GC(140) Pause Init Update Refs
[49.980s][info][gc,ergo     ] GC(140) Pacer for Update Refs. Used: 138M, Free: 836M, Non-Taxable: 85606K, Alloc Tax Rate: 1.1x
[49.980s][info][gc          ] GC(140) Pause Init Update Refs 0.027ms
[49.984s][info][gc,start    ] GC(140) Concurrent update references
[49.984s][info][gc,task     ] GC(140) Using 1 of 3 workers for concurrent reference update
[49.989s][info][gc          ] GC(140) Concurrent update references 4.604ms
[49.989s][info][gc,start    ] GC(140) Concurrent update thread roots
[49.989s][info][gc          ] GC(140) Concurrent update thread roots 0.540ms
[49.990s][info][gc,start    ] GC(140) Pause Final Update Refs
[49.990s][info][gc,task     ] GC(140) Using 3 of 3 workers for final reference update
[49.990s][info][gc          ] GC(140) Pause Final Update Refs 0.102ms
[49.991s][info][gc,start    ] GC(140) Concurrent cleanup
[49.992s][info][gc          ] GC(140) Concurrent cleanup 152M->46M(1024M) 0.042ms
[49.992s][info][gc,ergo     ] Free: 925M, Max: 512K regular, 477M humongous, Frag: 49% external, 0% internal; Reserve: 52736K, Max: 512K
[49.992s][info][gc,stats    ] 
[49.992s][info][gc,stats    ] All times are wall-clock times, except per-root-class counters, that are sum over
[49.992s][info][gc,stats    ] all workers. Dividing the <total> over the root stage time estimates parallelism.
[49.992s][info][gc,stats    ] 
[49.992s][info][gc,stats    ] Concurrent Reset                    283 us
[49.992s][info][gc,stats    ] Pause Init Mark (G)                6015 us
[49.992s][info][gc,stats    ] Pause Init Mark (N)                 134 us
[49.992s][info][gc,stats    ]   Update Region States               42 us
[49.992s][info][gc,stats    ] Concurrent Mark Roots               594 us, parallelism: 0.86x
[49.992s][info][gc,stats    ]   CMR: <total>                      509 us
[49.992s][info][gc,stats    ]   CMR: Thread Roots                 458 us, workers (us): 458, ---, ---, 
[49.992s][info][gc,stats    ]   CMR: VM Strong Roots                5 us, workers (us):   5, ---, ---, 
[49.992s][info][gc,stats    ]   CMR: CLDG Roots                    46 us, workers (us):  46, ---, ---, 
[49.992s][info][gc,stats    ] Concurrent Marking                 6437 us
[49.992s][info][gc,stats    ] Pause Final Mark (G)                439 us
[49.992s][info][gc,stats    ] Pause Final Mark (N)                392 us
[49.992s][info][gc,stats    ]   Finish Mark                        60 us
[49.992s][info][gc,stats    ]   Update Region States               53 us
[49.992s][info][gc,stats    ]   Choose Collection Set             149 us
[49.992s][info][gc,stats    ]   Rebuild Free Set                   23 us
[49.992s][info][gc,stats    ] Concurrent Thread Roots             979 us, parallelism: 0.94x
[49.992s][info][gc,stats    ]   CTR: <total>                      922 us
[49.992s][info][gc,stats    ]   CTR: Thread Roots                 922 us, workers (us): 922, ---, ---, 
[49.992s][info][gc,stats    ] Concurrent Weak References           69 us, parallelism: 0.15x
[49.992s][info][gc,stats    ]   CWRF: <total>                      10 us
[49.992s][info][gc,stats    ]   CWRF: Weak References              10 us, workers (us):  10, ---, ---, 
[49.992s][info][gc,stats    ] Concurrent Weak Roots               531 us
[49.992s][info][gc,stats    ]   Roots                             478 us, parallelism: 0.95x
[49.992s][info][gc,stats    ]     CWR: <total>                    454 us
[49.992s][info][gc,stats    ]     CWR: Code Cache Roots           348 us, workers (us): 348, ---, ---, 
[49.992s][info][gc,stats    ]     CWR: VM Weak Roots              104 us, workers (us): 104, ---, ---, 
[49.992s][info][gc,stats    ]     CWR: CLDG Roots                   2 us, workers (us):   2, ---, ---, 
[49.992s][info][gc,stats    ]   Rendezvous                         28 us
[49.992s][info][gc,stats    ] Concurrent Cleanup                   97 us
[49.992s][info][gc,stats    ] Concurrent Class Unloading         1806 us
[49.992s][info][gc,stats    ]   Unlink Stale                     1626 us
[49.992s][info][gc,stats    ]     System Dictionary                 2 us
[49.992s][info][gc,stats    ]     Weak Class Links                  0 us
[49.992s][info][gc,stats    ]     Code Roots                     1622 us
[49.992s][info][gc,stats    ]   Rendezvous                         64 us
[49.992s][info][gc,stats    ]   Purge Unlinked                     51 us
[49.992s][info][gc,stats    ]     Code Roots                       48 us
[49.992s][info][gc,stats    ]     CLDG                              3 us
[49.992s][info][gc,stats    ]     Exception Caches                  0 us
[49.992s][info][gc,stats    ] Concurrent Strong Roots              97 us, parallelism: 0.53x
[49.992s][info][gc,stats    ]   CSR: <total>                       51 us
[49.992s][info][gc,stats    ]   CSR: VM Strong Roots                4 us, workers (us):   4, ---, ---, 
[49.992s][info][gc,stats    ]   CSR: CLDG Roots                    47 us, workers (us):  47, ---, ---, 
[49.992s][info][gc,stats    ] Concurrent Evacuation              1560 us
[49.992s][info][gc,stats    ] Pause Init Update Refs (G)         3946 us
[49.992s][info][gc,stats    ] Pause Init Update Refs (N)           35 us
[49.992s][info][gc,stats    ]   Manage GCLABs                       4 us
[49.992s][info][gc,stats    ] Concurrent Update Refs             4663 us
[49.992s][info][gc,stats    ] Concurrent Update Thread Roots      556 us
[49.992s][info][gc,stats    ] Pause Final Update Refs (G)        1976 us
[49.992s][info][gc,stats    ] Pause Final Update Refs (N)         121 us
[49.992s][info][gc,stats    ]   Update Region States               40 us
[49.992s][info][gc,stats    ]   Trash Collection Set                7 us
[49.992s][info][gc,stats    ]   Rebuild Free Set                   14 us
[49.992s][info][gc,stats    ] Concurrent Cleanup                   52 us
[49.992s][info][gc,stats    ] Pacing                            68299 us
[49.992s][info][gc,stats    ] 
[49.992s][info][gc,stats    ] Allocation pacing accrued:
[49.992s][info][gc,stats    ]      12 of   407 ms (  2.9%): Thread-66
[49.992s][info][gc,stats    ]      11 of   407 ms (  2.8%): Thread-67
[49.992s][info][gc,stats    ]      13 of   407 ms (  3.1%): Thread-68
[49.992s][info][gc,stats    ]      11 of   407 ms (  2.7%): Thread-69
[49.992s][info][gc,stats    ]      10 of   407 ms (  2.5%): Thread-70
[49.992s][info][gc,stats    ]      11 of   407 ms (  2.8%): Thread-71
[49.992s][info][gc,stats    ]      68 of   407 ms ( 16.8%): <total>
[49.992s][info][gc,stats    ]       4 of   407 ms (  0.9%): <average total>
[49.992s][info][gc,stats    ]      11 of   407 ms (  2.8%): <average non-zero>
[49.992s][info][gc,stats    ] 
[49.992s][info][gc,metaspace] Metaspace: 6357K(6528K)->6357K(6528K) NonClass: 5750K(5824K)->5750K(5824K) Class: 606K(704K)->606K(704K)
[49.992s][info][gc,ergo     ] Pacer for Idle. Initial: 20971K, Alloc Tax Rate: 1.0x
[50.466s][info][gc          ] Trigger: Average GC time (43.45 ms) is above the time for average allocation rate (1758 MB/s) to deplete free headroom (55095K) (margin of error = 1.72)
[50.467s][info][gc,ergo     ] Free headroom: 105M (free) - 52428K (spike) - 0B (penalties) = 55095K
[50.467s][info][gc,ergo     ] Free: 105M, Max: 512K regular, 105M humongous, Frag: 0% external, 0% internal; Reserve: 52736K, Max: 512K
[50.467s][info][gc,start    ] GC(141) Concurrent reset
[50.467s][info][gc,task     ] GC(141) Using 1 of 3 workers for concurrent reset
[50.467s][info][gc,ergo     ] GC(141) Pacer for Reset. Non-Taxable: 1024M
[50.467s][info][gc          ] GC(141) Concurrent reset 0.490ms
[50.467s][info][gc,start    ] GC(141) Pause Init Mark (unload classes)
[50.467s][info][gc,task     ] GC(141) Using 3 of 3 workers for init marking
[50.467s][info][gc,ergo     ] GC(141) Pacer for Mark. Expected Live: 14166K, Free: 105M, Non-Taxable: 10752K, Alloc Tax Rate: 0.2x
[50.467s][info][gc          ] GC(141) Pause Init Mark (unload classes) 0.145ms
[50.471s][info][gc,start    ] GC(141) Concurrent marking roots
[50.471s][info][gc,task     ] GC(141) Using 1 of 3 workers for concurrent marking roots
[50.472s][info][gc          ] GC(141) Concurrent marking roots 0.565ms
[50.472s][info][gc,start    ] GC(141) Concurrent marking (unload classes)
[50.472s][info][gc,task     ] GC(141) Using 1 of 3 workers for concurrent marking
[50.478s][info][gc          ] GC(141) Concurrent marking (unload classes) 6.017ms
[50.478s][info][gc,start    ] GC(141) Pause Final Mark (unload classes)
[50.478s][info][gc,task     ] GC(141) Using 3 of 3 workers for final marking
[50.478s][info][gc,ergo     ] GC(141) Adaptive CSet Selection. Target Free: 145M, Actual Free: 915M, Max CSet: 43690K, Min Garbage: 0B
[50.478s][info][gc,ergo     ] GC(141) Collectable Garbage: 852M (99%), Immediate: 769M (90%), CSet: 85214K (9%)
[50.478s][info][gc,ergo     ] GC(141) Pacer for Evacuation. Used CSet: 87552K, Free: 863M, Non-Taxable: 88422K, Alloc Tax Rate: 1.1x
[50.478s][info][gc          ] GC(141) Pause Final Mark (unload classes) 0.339ms
[50.478s][info][gc,start    ] GC(141) Concurrent thread roots
[50.478s][info][gc,task     ] GC(141) Using 1 of 3 workers for Concurrent thread roots
[50.479s][info][gc          ] GC(141) Concurrent thread roots 0.575ms
[50.479s][info][gc,start    ] GC(141) Concurrent weak references
[50.479s][info][gc,task     ] GC(141) Using 1 of 3 workers for concurrent weak references
[50.479s][info][gc,ref      ] GC(141) Encountered references: Soft: 132, Weak: 434, Final: 9, Phantom: 21
[50.479s][info][gc,ref      ] GC(141) Discovered  references: Soft: 0, Weak: 234, Final: 7, Phantom: 14
[50.479s][info][gc,ref      ] GC(141) Enqueued    references: Soft: 0, Weak: 0, Final: 0, Phantom: 0
[50.479s][info][gc          ] GC(141) Concurrent weak references 0.120ms
[50.479s][info][gc,start    ] GC(141) Concurrent weak roots
[50.479s][info][gc,task     ] GC(141) Using 1 of 3 workers for concurrent weak root
[50.480s][info][gc          ] GC(141) Concurrent weak roots 0.738ms
[50.480s][info][gc,start    ] GC(141) Concurrent cleanup
[50.480s][info][gc          ] GC(141) Concurrent cleanup 877M->108M(1024M) 0.113ms
[50.480s][info][gc,ergo     ] GC(141) Free: 863M, Max: 512K regular, 493M humongous, Frag: 43% external, 0% internal; Reserve: 52336K, Max: 512K
[50.480s][info][gc,start    ] GC(141) Concurrent class unloading
[50.480s][info][gc,task     ] GC(141) Using 1 of 3 workers for concurrent class unloading
[50.482s][info][gc          ] GC(141) Concurrent class unloading 1.662ms
[50.482s][info][gc,start    ] GC(141) Concurrent strong roots
[50.482s][info][gc,task     ] GC(141) Using 1 of 3 workers for concurrent strong root
[50.482s][info][gc          ] GC(141) Concurrent strong roots 0.082ms
[50.482s][info][gc,start    ] GC(141) Concurrent evacuation
[50.482s][info][gc,task     ] GC(141) Using 1 of 3 workers for concurrent evacuation
[50.483s][info][gc          ] GC(141) Concurrent evacuation 1.454ms
[50.483s][info][gc,start    ] GC(141) Pause Init Update Refs
[50.483s][info][gc,ergo     ] GC(141) Pacer for Update Refs. Used: 112M, Free: 861M, Non-Taxable: 88166K, Alloc Tax Rate: 1.1x
[50.483s][info][gc          ] GC(141) Pause Init Update Refs 0.028ms
[50.485s][info][gc,start    ] GC(141) Concurrent update references
[50.485s][info][gc,task     ] GC(141) Using 1 of 3 workers for concurrent reference update
[50.489s][info][gc          ] GC(141) Concurrent update references 4.030ms
[50.489s][info][gc,start    ] GC(141) Concurrent update thread roots
[50.490s][info][gc          ] GC(141) Concurrent update thread roots 0.555ms
[50.490s][info][gc,start    ] GC(141) Pause Final Update Refs
[50.490s][info][gc,task     ] GC(141) Using 3 of 3 workers for final reference update
[50.490s][info][gc          ] GC(141) Pause Final Update Refs 0.085ms
[50.494s][info][gc,start    ] GC(141) Concurrent cleanup
[50.494s][info][gc          ] GC(141) Concurrent cleanup 128M->42M(1024M) 0.031ms
[50.494s][info][gc,ergo     ] Free: 928M, Max: 512K regular, 478M humongous, Frag: 49% external, 0% internal; Reserve: 52736K, Max: 512K
[50.494s][info][gc,stats    ] 
[50.494s][info][gc,stats    ] All times are wall-clock times, except per-root-class counters, that are sum over
[50.494s][info][gc,stats    ] all workers. Dividing the <total> over the root stage time estimates parallelism.
[50.494s][info][gc,stats    ] 
[50.494s][info][gc,stats    ] Concurrent Reset                    517 us
[50.494s][info][gc,stats    ] Pause Init Mark (G)                4077 us
[50.494s][info][gc,stats    ] Pause Init Mark (N)                 154 us
[50.494s][info][gc,stats    ]   Update Region States               55 us
[50.494s][info][gc,stats    ] Concurrent Mark Roots               585 us, parallelism: 0.84x
[50.494s][info][gc,stats    ]   CMR: <total>                      491 us
[50.494s][info][gc,stats    ]   CMR: Thread Roots                 443 us, workers (us): 443, ---, ---, 
[50.494s][info][gc,stats    ]   CMR: VM Strong Roots                6 us, workers (us):   6, ---, ---, 
[50.494s][info][gc,stats    ]   CMR: CLDG Roots                    42 us, workers (us):  42, ---, ---, 
[50.494s][info][gc,stats    ] Concurrent Marking                 6065 us
[50.494s][info][gc,stats    ] Pause Final Mark (G)                403 us
[50.494s][info][gc,stats    ] Pause Final Mark (N)                361 us
[50.494s][info][gc,stats    ]   Finish Mark                        42 us
[50.494s][info][gc,stats    ]   Update Region States               37 us
[50.494s][info][gc,stats    ]   Choose Collection Set             162 us
[50.494s][info][gc,stats    ]   Rebuild Free Set                   23 us
[50.494s][info][gc,stats    ] Concurrent Thread Roots             603 us, parallelism: 0.84x
[50.494s][info][gc,stats    ]   CTR: <total>                      505 us
[50.494s][info][gc,stats    ]   CTR: Thread Roots                 505 us, workers (us): 505, ---, ---, 
[50.494s][info][gc,stats    ] Concurrent Weak References          135 us, parallelism: 0.07x
[50.494s][info][gc,stats    ]   CWRF: <total>                       9 us
[50.494s][info][gc,stats    ]   CWRF: Weak References               9 us, workers (us):   9, ---, ---, 
[50.494s][info][gc,stats    ] Concurrent Weak Roots               748 us
[50.494s][info][gc,stats    ]   Roots                             670 us, parallelism: 0.95x
[50.494s][info][gc,stats    ]     CWR: <total>                    634 us
[50.494s][info][gc,stats    ]     CWR: Code Cache Roots           426 us, workers (us): 426, ---, ---, 
[50.494s][info][gc,stats    ]     CWR: VM Weak Roots              205 us, workers (us): 205, ---, ---, 
[50.494s][info][gc,stats    ]     CWR: CLDG Roots                   3 us, workers (us):   3, ---, ---, 
[50.494s][info][gc,stats    ]   Rendezvous                         53 us
[50.494s][info][gc,stats    ] Concurrent Cleanup                  122 us
[50.494s][info][gc,stats    ] Concurrent Class Unloading         1679 us
[50.494s][info][gc,stats    ]   Unlink Stale                     1559 us
[50.494s][info][gc,stats    ]     System Dictionary                 2 us
[50.494s][info][gc,stats    ]     Weak Class Links                  0 us
[50.494s][info][gc,stats    ]     Code Roots                     1557 us
[50.494s][info][gc,stats    ]   Rendezvous                         43 us
[50.494s][info][gc,stats    ]   Purge Unlinked                     44 us
[50.494s][info][gc,stats    ]     Code Roots                       40 us
[50.495s][info][gc,stats    ]     CLDG                              4 us
[50.495s][info][gc,stats    ]     Exception Caches                  0 us
[50.495s][info][gc,stats    ] Concurrent Strong Roots              91 us, parallelism: 0.53x
[50.495s][info][gc,stats    ]   CSR: <total>                       48 us
[50.495s][info][gc,stats    ]   CSR: VM Strong Roots                5 us, workers (us):   5, ---, ---, 
[50.495s][info][gc,stats    ]   CSR: CLDG Roots                    43 us, workers (us):  43, ---, ---, 
[50.495s][info][gc,stats    ] Concurrent Evacuation              1520 us
[50.495s][info][gc,stats    ] Pause Init Update Refs (G)         1894 us
[50.495s][info][gc,stats    ] Pause Init Update Refs (N)           36 us
[50.495s][info][gc,stats    ]   Manage GCLABs                       4 us
[50.495s][info][gc,stats    ] Concurrent Update Refs             4083 us
[50.495s][info][gc,stats    ] Concurrent Update Thread Roots      570 us
[50.495s][info][gc,stats    ] Pause Final Update Refs (G)        4418 us
[50.495s][info][gc,stats    ] Pause Final Update Refs (N)         110 us
[50.495s][info][gc,stats    ]   Update Region States               33 us
[50.495s][info][gc,stats    ]   Trash Collection Set                5 us
[50.495s][info][gc,stats    ]   Rebuild Free Set                   14 us
[50.495s][info][gc,stats    ] Concurrent Cleanup                   40 us
[50.495s][info][gc,stats    ] Pacing                            75672 us
[50.495s][info][gc,stats    ] 
[50.495s][info][gc,stats    ] Allocation pacing accrued:
[50.495s][info][gc,stats    ]      15 of   503 ms (  3.0%): Thread-66
[50.495s][info][gc,stats    ]      13 of   503 ms (  2.6%): Thread-67
[50.495s][info][gc,stats    ]      12 of   503 ms (  2.4%): Thread-68
[50.495s][info][gc,stats    ]      12 of   503 ms (  2.4%): Thread-69
[50.495s][info][gc,stats    ]      11 of   503 ms (  2.2%): Thread-70
[50.495s][info][gc,stats    ]      12 of   503 ms (  2.4%): Thread-71
[50.495s][info][gc,stats    ]      76 of   503 ms ( 15.1%): <total>
[50.495s][info][gc,stats    ]       4 of   503 ms (  0.8%): <average total>
[50.495s][info][gc,stats    ]      13 of   503 ms (  2.5%): <average non-zero>
[50.495s][info][gc,stats    ] 
[50.495s][info][gc,metaspace] Metaspace: 6357K(6528K)->6357K(6528K) NonClass: 5750K(5824K)->5750K(5824K) Class: 606K(704K)->606K(704K)
[50.495s][info][gc,ergo     ] Pacer for Idle. Initial: 20971K, Alloc Tax Rate: 1.0x
[50.908s][info][gc          ] Trigger: Average GC time (39.23 ms) is above the time for average allocation rate (1966 MB/s) to deplete free headroom (72503K) (margin of error = 1.72)
[50.908s][info][gc,ergo     ] Free headroom: 122M (free) - 52428K (spike) - 0B (penalties) = 72503K
[50.908s][info][gc,ergo     ] Free: 122M, Max: 512K regular, 97280K humongous, Frag: 23% external, 0% internal; Reserve: 52736K, Max: 512K
[50.908s][info][gc,start    ] GC(142) Concurrent reset
[50.908s][info][gc,task     ] GC(142) Using 1 of 3 workers for concurrent reset
[50.908s][info][gc,ergo     ] GC(142) Pacer for Reset. Non-Taxable: 1024M
[50.908s][info][gc          ] GC(142) Concurrent reset 0.412ms
[50.908s][info][gc,start    ] GC(142) Pause Init Mark (unload classes)
[50.908s][info][gc,task     ] GC(142) Using 3 of 3 workers for init marking
[50.908s][info][gc,ergo     ] GC(142) Pacer for Mark. Expected Live: 14159K, Free: 120M, Non-Taxable: 12339K, Alloc Tax Rate: 0.1x
[50.908s][info][gc          ] GC(142) Pause Init Mark (unload classes) 0.130ms
[50.910s][info][gc,start    ] GC(142) Concurrent marking roots
[50.910s][info][gc,task     ] GC(142) Using 1 of 3 workers for concurrent marking roots
[50.911s][info][gc          ] GC(142) Concurrent marking roots 0.564ms
[50.911s][info][gc,start    ] GC(142) Concurrent marking (unload classes)
[50.911s][info][gc,task     ] GC(142) Using 1 of 3 workers for concurrent marking
[50.918s][info][gc          ] GC(142) Concurrent marking (unload classes) 7.605ms
[50.919s][info][gc,start    ] GC(142) Pause Final Mark (unload classes)
[50.919s][info][gc,task     ] GC(142) Using 3 of 3 workers for final marking
[50.919s][info][gc,ergo     ] GC(142) Adaptive CSet Selection. Target Free: 145M, Actual Free: 783M, Max CSet: 43690K, Min Garbage: 0B
[50.919s][info][gc,ergo     ] GC(142) Collectable Garbage: 836M (99%), Immediate: 627M (74%), CSet: 209M (25%)
[50.919s][info][gc,ergo     ] GC(142) Pacer for Evacuation. Used CSet: 212M, Free: 731M, Non-Taxable: 74906K, Alloc Tax Rate: 1.1x
[50.919s][info][gc          ] GC(142) Pause Final Mark (unload classes) 0.231ms
[50.919s][info][gc,start    ] GC(142) Concurrent thread roots
[50.919s][info][gc,task     ] GC(142) Using 1 of 3 workers for Concurrent thread roots
[50.919s][info][gc          ] GC(142) Concurrent thread roots 0.498ms
[50.919s][info][gc,start    ] GC(142) Concurrent weak references
[50.919s][info][gc,task     ] GC(142) Using 1 of 3 workers for concurrent weak references
[50.919s][info][gc,ref      ] GC(142) Encountered references: Soft: 132, Weak: 434, Final: 9, Phantom: 21
[50.919s][info][gc,ref      ] GC(142) Discovered  references: Soft: 0, Weak: 234, Final: 7, Phantom: 14
[50.919s][info][gc,ref      ] GC(142) Enqueued    references: Soft: 0, Weak: 0, Final: 0, Phantom: 0
[50.919s][info][gc          ] GC(142) Concurrent weak references 0.145ms
[50.919s][info][gc,start    ] GC(142) Concurrent weak roots
[50.919s][info][gc,task     ] GC(142) Using 1 of 3 workers for concurrent weak root
[50.920s][info][gc          ] GC(142) Concurrent weak roots 0.663ms
[50.920s][info][gc,start    ] GC(142) Concurrent cleanup
[50.920s][info][gc          ] GC(142) Concurrent cleanup 869M->242M(1024M) 0.084ms
[50.920s][info][gc,ergo     ] GC(142) Free: 729M, Max: 512K regular, 493M humongous, Frag: 33% external, 0% internal; Reserve: 52394K, Max: 512K
[50.920s][info][gc,start    ] GC(142) Concurrent class unloading
[50.920s][info][gc,task     ] GC(142) Using 1 of 3 workers for concurrent class unloading
[50.922s][info][gc          ] GC(142) Concurrent class unloading 1.777ms
[50.922s][info][gc,start    ] GC(142) Concurrent strong roots
[50.922s][info][gc,task     ] GC(142) Using 1 of 3 workers for concurrent strong root
[50.922s][info][gc          ] GC(142) Concurrent strong roots 0.094ms
[50.922s][info][gc,start    ] GC(142) Concurrent evacuation
[50.922s][info][gc,task     ] GC(142) Using 1 of 3 workers for concurrent evacuation
[50.925s][info][gc          ] GC(142) Concurrent evacuation 2.479ms
[50.925s][info][gc,start    ] GC(142) Pause Init Update Refs
[50.925s][info][gc,ergo     ] GC(142) Pacer for Update Refs. Used: 252M, Free: 721M, Non-Taxable: 73882K, Alloc Tax Rate: 1.1x
[50.925s][info][gc          ] GC(142) Pause Init Update Refs 0.030ms
[50.933s][info][gc,start    ] GC(142) Concurrent update references
[50.933s][info][gc,task     ] GC(142) Using 1 of 3 workers for concurrent reference update
[50.938s][info][gc          ] GC(142) Concurrent update references 5.967ms
[50.939s][info][gc,start    ] GC(142) Concurrent update thread roots
[50.939s][info][gc          ] GC(142) Concurrent update thread roots 0.587ms
[50.939s][info][gc,start    ] GC(142) Pause Final Update Refs
[50.939s][info][gc,task     ] GC(142) Using 3 of 3 workers for final reference update
[50.939s][info][gc          ] GC(142) Pause Final Update Refs 0.120ms
[50.940s][info][gc,start    ] GC(142) Concurrent cleanup
[50.940s][info][gc          ] GC(142) Concurrent cleanup 280M->68M(1024M) 0.041ms
[50.940s][info][gc,ergo     ] Free: 902M, Max: 512K regular, 460M humongous, Frag: 49% external, 0% internal; Reserve: 52736K, Max: 512K
[50.940s][info][gc,stats    ] 
[50.940s][info][gc,stats    ] All times are wall-clock times, except per-root-class counters, that are sum over
[50.940s][info][gc,stats    ] all workers. Dividing the <total> over the root stage time estimates parallelism.
[50.940s][info][gc,stats    ] 
[50.940s][info][gc,stats    ] Concurrent Reset                    433 us
[50.940s][info][gc,stats    ] Pause Init Mark (G)                2031 us
[50.940s][info][gc,stats    ] Pause Init Mark (N)                 140 us
[50.940s][info][gc,stats    ]   Update Region States               44 us
[50.940s][info][gc,stats    ] Concurrent Mark Roots               574 us, parallelism: 0.87x
[50.940s][info][gc,stats    ]   CMR: <total>                      497 us
[50.940s][info][gc,stats    ]   CMR: Thread Roots                 447 us, workers (us): 447, ---, ---, 
[50.940s][info][gc,stats    ]   CMR: VM Strong Roots                5 us, workers (us):   5, ---, ---, 
[50.940s][info][gc,stats    ]   CMR: CLDG Roots                    44 us, workers (us):  44, ---, ---, 
[50.940s][info][gc,stats    ] Concurrent Marking                 7646 us
[50.940s][info][gc,stats    ] Pause Final Mark (G)                312 us
[50.940s][info][gc,stats    ] Pause Final Mark (N)                240 us
[50.940s][info][gc,stats    ]   Finish Mark                        37 us
[50.940s][info][gc,stats    ]   Update Region States               33 us
[50.940s][info][gc,stats    ]   Choose Collection Set              88 us
[50.940s][info][gc,stats    ]   Rebuild Free Set                    8 us
[50.940s][info][gc,stats    ] Concurrent Thread Roots             508 us, parallelism: 0.89x
[50.940s][info][gc,stats    ]   CTR: <total>                      452 us
[50.940s][info][gc,stats    ]   CTR: Thread Roots                 452 us, workers (us): 452, ---, ---, 
[50.940s][info][gc,stats    ] Concurrent Weak References          152 us, parallelism: 0.09x
[50.940s][info][gc,stats    ]   CWRF: <total>                      13 us
[50.940s][info][gc,stats    ]   CWRF: Weak References              13 us, workers (us):  13, ---, ---, 
[50.940s][info][gc,stats    ] Concurrent Weak Roots               674 us
[50.940s][info][gc,stats    ]   Roots                             588 us, parallelism: 0.95x
[50.940s][info][gc,stats    ]     CWR: <total>                    561 us
[50.940s][info][gc,stats    ]     CWR: Code Cache Roots           398 us, workers (us): 398, ---, ---, 
[50.940s][info][gc,stats    ]     CWR: VM Weak Roots              160 us, workers (us): 160, ---, ---, 
[50.940s][info][gc,stats    ]     CWR: CLDG Roots                   3 us, workers (us):   3, ---, ---, 
[50.940s][info][gc,stats    ]   Rendezvous                         60 us
[50.940s][info][gc,stats    ] Concurrent Cleanup                   93 us
[50.940s][info][gc,stats    ] Concurrent Class Unloading         1787 us
[50.940s][info][gc,stats    ]   Unlink Stale                     1655 us
[50.940s][info][gc,stats    ]     System Dictionary                 3 us
[50.940s][info][gc,stats    ]     Weak Class Links                  0 us
[50.940s][info][gc,stats    ]     Code Roots                     1651 us
[50.940s][info][gc,stats    ]   Rendezvous                         54 us
[50.940s][info][gc,stats    ]   Purge Unlinked                     53 us
[50.940s][info][gc,stats    ]     Code Roots                       49 us
[50.940s][info][gc,stats    ]     CLDG                              4 us
[50.940s][info][gc,stats    ]     Exception Caches                  0 us
[50.940s][info][gc,stats    ] Concurrent Strong Roots             103 us, parallelism: 0.56x
[50.940s][info][gc,stats    ]   CSR: <total>                       57 us
[50.940s][info][gc,stats    ]   CSR: VM Strong Roots                5 us, workers (us):   5, ---, ---, 
[50.940s][info][gc,stats    ]   CSR: CLDG Roots                    52 us, workers (us):  52, ---, ---, 
[50.940s][info][gc,stats    ] Concurrent Evacuation              2491 us
[50.940s][info][gc,stats    ] Pause Init Update Refs (G)         7922 us
[50.940s][info][gc,stats    ] Pause Init Update Refs (N)           38 us
[50.940s][info][gc,stats    ]   Manage GCLABs                       5 us
[50.940s][info][gc,stats    ] Concurrent Update Refs             6046 us
[50.940s][info][gc,stats    ] Concurrent Update Thread Roots      605 us
[50.940s][info][gc,stats    ] Pause Final Update Refs (G)         410 us
[50.940s][info][gc,stats    ] Pause Final Update Refs (N)         141 us
[50.940s][info][gc,stats    ]   Update Region States               42 us
[50.940s][info][gc,stats    ]   Trash Collection Set                9 us
[50.940s][info][gc,stats    ]   Rebuild Free Set                   15 us
[50.940s][info][gc,stats    ] Concurrent Cleanup                   50 us
[50.940s][info][gc,stats    ] Pacing                            16742 us
[50.940s][info][gc,stats    ] 
[50.940s][info][gc,stats    ] Allocation pacing accrued:
[50.940s][info][gc,stats    ]       8 of   446 ms (  1.8%): Thread-68
[50.940s][info][gc,stats    ]       9 of   446 ms (  2.0%): Thread-69
[50.940s][info][gc,stats    ]      17 of   446 ms (  3.8%): <total>
[50.940s][info][gc,stats    ]       1 of   446 ms (  0.2%): <average total>
[50.940s][info][gc,stats    ]       8 of   446 ms (  1.9%): <average non-zero>
[50.940s][info][gc,stats    ] 
[50.940s][info][gc,metaspace] Metaspace: 6357K(6528K)->6357K(6528K) NonClass: 5750K(5824K)->5750K(5824K) Class: 606K(704K)->606K(704K)
[50.940s][info][gc,ergo     ] Pacer for Idle. Initial: 20971K, Alloc Tax Rate: 1.0x
[51.176s][info][gc          ] Trigger: Average GC time (37.42 ms) is above the time for average allocation rate (2829 MB/s) to deplete free headroom (85815K) (margin of error = 1.71)
[51.177s][info][gc,ergo     ] Free headroom: 135M (free) - 52428K (spike) - 0B (penalties) = 85815K
[51.177s][info][gc,ergo     ] Free: 135M, Max: 512K regular, 112M humongous, Frag: 18% external, 0% internal; Reserve: 52736K, Max: 512K
[51.177s][info][gc,start    ] GC(143) Concurrent reset
[51.177s][info][gc,task     ] GC(143) Using 1 of 3 workers for concurrent reset
[51.177s][info][gc,ergo     ] GC(143) Pacer for Reset. Non-Taxable: 1024M
[51.178s][info][gc          ] GC(143) Concurrent reset 0.973ms
[51.178s][info][gc,start    ] GC(143) Pause Init Mark (unload classes)
[51.178s][info][gc,task     ] GC(143) Using 3 of 3 workers for init marking
[51.178s][info][gc,ergo     ] GC(143) Pacer for Mark. Expected Live: 14250K, Free: 131M, Non-Taxable: 13466K, Alloc Tax Rate: 0.1x
[51.178s][info][gc          ] GC(143) Pause Init Mark (unload classes) 0.141ms
[51.182s][info][gc,start    ] GC(143) Concurrent marking roots
[51.182s][info][gc,task     ] GC(143) Using 1 of 3 workers for concurrent marking roots
[51.182s][info][gc          ] GC(143) Concurrent marking roots 0.583ms
[51.182s][info][gc,start    ] GC(143) Concurrent marking (unload classes)
[51.182s][info][gc,task     ] GC(143) Using 1 of 3 workers for concurrent marking
[51.190s][info][gc          ] GC(143) Concurrent marking (unload classes) 7.419ms
[51.190s][info][gc,start    ] GC(143) Pause Final Mark (unload classes)
[51.190s][info][gc,task     ] GC(143) Using 3 of 3 workers for final marking
[51.190s][info][gc,ergo     ] GC(143) Adaptive CSet Selection. Target Free: 145M, Actual Free: 822M, Max CSet: 43690K, Min Garbage: 0B
[51.190s][info][gc,ergo     ] GC(143) Collectable Garbage: 825M (99%), Immediate: 652M (78%), CSet: 173M (20%)
[51.190s][info][gc,ergo     ] GC(143) Pacer for Evacuation. Used CSet: 175M, Free: 771M, Non-Taxable: 78950K, Alloc Tax Rate: 1.1x
[51.190s][info][gc          ] GC(143) Pause Final Mark (unload classes) 0.438ms
[51.190s][info][gc,start    ] GC(143) Concurrent thread roots
[51.190s][info][gc,task     ] GC(143) Using 1 of 3 workers for Concurrent thread roots
[51.191s][info][gc          ] GC(143) Concurrent thread roots 0.527ms
[51.191s][info][gc,start    ] GC(143) Concurrent weak references
[51.191s][info][gc,task     ] GC(143) Using 1 of 3 workers for concurrent weak references
[51.191s][info][gc,ref      ] GC(143) Encountered references: Soft: 132, Weak: 434, Final: 9, Phantom: 21
[51.191s][info][gc,ref      ] GC(143) Discovered  references: Soft: 0, Weak: 234, Final: 7, Phantom: 14
[51.191s][info][gc,ref      ] GC(143) Enqueued    references: Soft: 0, Weak: 0, Final: 0, Phantom: 0
[51.191s][info][gc          ] GC(143) Concurrent weak references 0.061ms
[51.191s][info][gc,start    ] GC(143) Concurrent weak roots
[51.191s][info][gc,task     ] GC(143) Using 1 of 3 workers for concurrent weak root
[51.192s][info][gc          ] GC(143) Concurrent weak roots 0.530ms
[51.192s][info][gc,start    ] GC(143) Concurrent cleanup
[51.192s][info][gc          ] GC(143) Concurrent cleanup 853M->200M(1024M) 0.079ms
[51.192s][info][gc,ergo     ] GC(143) Free: 771M, Max: 512K regular, 493M humongous, Frag: 36% external, 0% internal; Reserve: 52336K, Max: 512K
[51.192s][info][gc,start    ] GC(143) Concurrent class unloading
[51.192s][info][gc,task     ] GC(143) Using 1 of 3 workers for concurrent class unloading
[51.195s][info][gc          ] GC(143) Concurrent class unloading 3.008ms
[51.195s][info][gc,start    ] GC(143) Concurrent strong roots
[51.195s][info][gc,task     ] GC(143) Using 1 of 3 workers for concurrent strong root
[51.195s][info][gc          ] GC(143) Concurrent strong roots 0.081ms
[51.195s][info][gc,start    ] GC(143) Concurrent evacuation
[51.195s][info][gc,task     ] GC(143) Using 1 of 3 workers for concurrent evacuation
[51.197s][info][gc          ] GC(143) Concurrent evacuation 2.376ms
[51.197s][info][gc,start    ] GC(143) Pause Init Update Refs
[51.197s][info][gc,ergo     ] GC(143) Pacer for Update Refs. Used: 215M, Free: 759M, Non-Taxable: 77722K, Alloc Tax Rate: 1.1x
[51.197s][info][gc          ] GC(143) Pause Init Update Refs 0.104ms
[51.199s][info][gc,start    ] GC(143) Concurrent update references
[51.199s][info][gc,task     ] GC(143) Using 1 of 3 workers for concurrent reference update
[51.205s][info][gc          ] GC(143) Concurrent update references 5.476ms
[51.205s][info][gc,start    ] GC(143) Concurrent update thread roots
[51.205s][info][gc          ] GC(143) Concurrent update thread roots 0.602ms
[51.205s][info][gc,start    ] GC(143) Pause Final Update Refs
[51.205s][info][gc,task     ] GC(143) Using 3 of 3 workers for final reference update
[51.206s][info][gc          ] GC(143) Pause Final Update Refs 0.119ms
[51.207s][info][gc,start    ] GC(143) Concurrent cleanup
[51.208s][info][gc          ] GC(143) Concurrent cleanup 235M->59M(1024M) 0.043ms
[51.208s][info][gc,ergo     ] Free: 911M, Max: 512K regular, 464M humongous, Frag: 50% external, 0% internal; Reserve: 52736K, Max: 512K
[51.208s][info][gc,stats    ] 
[51.208s][info][gc,stats    ] All times are wall-clock times, except per-root-class counters, that are sum over
[51.208s][info][gc,stats    ] all workers. Dividing the <total> over the root stage time estimates parallelism.
[51.208s][info][gc,stats    ] 
[51.208s][info][gc,stats    ] Concurrent Reset                   1014 us
[51.208s][info][gc,stats    ] Pause Init Mark (G)                4089 us
[51.208s][info][gc,stats    ] Pause Init Mark (N)                 150 us
[51.208s][info][gc,stats    ]   Update Region States               47 us
[51.208s][info][gc,stats    ] Concurrent Mark Roots               597 us, parallelism: 0.84x
[51.208s][info][gc,stats    ]   CMR: <total>                      499 us
[51.208s][info][gc,stats    ]   CMR: Thread Roots                 446 us, workers (us): 446, ---, ---, 
[51.208s][info][gc,stats    ]   CMR: VM Strong Roots                5 us, workers (us):   5, ---, ---, 
[51.208s][info][gc,stats    ]   CMR: CLDG Roots                    48 us, workers (us):  48, ---, ---, 
[51.208s][info][gc,stats    ] Concurrent Marking                 7488 us
[51.208s][info][gc,stats    ] Pause Final Mark (G)                519 us
[51.208s][info][gc,stats    ] Pause Final Mark (N)                460 us
[51.208s][info][gc,stats    ]   Finish Mark                        61 us
[51.208s][info][gc,stats    ]   Update Region States               47 us
[51.208s][info][gc,stats    ]   Choose Collection Set             182 us
[51.208s][info][gc,stats    ]   Rebuild Free Set                   22 us
[51.208s][info][gc,stats    ] Concurrent Thread Roots             536 us, parallelism: 0.91x
[51.208s][info][gc,stats    ]   CTR: <total>                      488 us
[51.208s][info][gc,stats    ]   CTR: Thread Roots                 488 us, workers (us): 488, ---, ---, 
[51.208s][info][gc,stats    ] Concurrent Weak References           68 us, parallelism: 0.14x
[51.208s][info][gc,stats    ]   CWRF: <total>                       9 us
[51.208s][info][gc,stats    ]   CWRF: Weak References               9 us, workers (us):   9, ---, ---, 
[51.208s][info][gc,stats    ] Concurrent Weak Roots               540 us
[51.208s][info][gc,stats    ]   Roots                             480 us, parallelism: 0.95x
[51.208s][info][gc,stats    ]     CWR: <total>                    458 us
[51.208s][info][gc,stats    ]     CWR: Code Cache Roots           354 us, workers (us): 354, ---, ---, 
[51.208s][info][gc,stats    ]     CWR: VM Weak Roots              102 us, workers (us): 102, ---, ---, 
[51.208s][info][gc,stats    ]     CWR: CLDG Roots                   2 us, workers (us):   2, ---, ---, 
[51.208s][info][gc,stats    ]   Rendezvous                         36 us
[51.208s][info][gc,stats    ] Concurrent Cleanup                   87 us
[51.208s][info][gc,stats    ] Concurrent Class Unloading         3056 us
[51.208s][info][gc,stats    ]   Unlink Stale                     1653 us
[51.208s][info][gc,stats    ]     System Dictionary                 2 us
[51.208s][info][gc,stats    ]     Weak Class Links                  0 us
[51.208s][info][gc,stats    ]     Code Roots                     1650 us
[51.208s][info][gc,stats    ]   Rendezvous                       1245 us
[51.208s][info][gc,stats    ]   Purge Unlinked                     93 us
[51.208s][info][gc,stats    ]     Code Roots                       87 us
[51.208s][info][gc,stats    ]     CLDG                              5 us
[51.208s][info][gc,stats    ]     Exception Caches                  0 us
[51.208s][info][gc,stats    ] Concurrent Strong Roots              89 us, parallelism: 0.56x
[51.208s][info][gc,stats    ]   CSR: <total>                       50 us
[51.208s][info][gc,stats    ]   CSR: VM Strong Roots                4 us, workers (us):   4, ---, ---, 
[51.208s][info][gc,stats    ]   CSR: CLDG Roots                    46 us, workers (us):  46, ---, ---, 
[51.208s][info][gc,stats    ] Concurrent Evacuation              2425 us
[51.208s][info][gc,stats    ] Pause Init Update Refs (G)         2032 us
[51.208s][info][gc,stats    ] Pause Init Update Refs (N)          118 us
[51.208s][info][gc,stats    ]   Manage GCLABs                       4 us
[51.208s][info][gc,stats    ] Concurrent Update Refs             5540 us
[51.208s][info][gc,stats    ] Concurrent Update Thread Roots      616 us
[51.208s][info][gc,stats    ] Pause Final Update Refs (G)        2066 us
[51.208s][info][gc,stats    ] Pause Final Update Refs (N)         139 us
[51.208s][info][gc,stats    ]   Update Region States               41 us
[51.208s][info][gc,stats    ]   Trash Collection Set                7 us
[51.208s][info][gc,stats    ]   Rebuild Free Set                   14 us
[51.208s][info][gc,stats    ] Concurrent Cleanup                   53 us
[51.208s][info][gc,stats    ] Pacing                           105491 us
[51.208s][info][gc,stats    ] 
[51.208s][info][gc,stats    ] Allocation pacing accrued:
[51.208s][info][gc,stats    ]      19 of   268 ms (  6.9%): Thread-66
[51.208s][info][gc,stats    ]      18 of   268 ms (  6.7%): Thread-67
[51.208s][info][gc,stats    ]      17 of   268 ms (  6.5%): Thread-68
[51.208s][info][gc,stats    ]      17 of   268 ms (  6.4%): Thread-69
[51.208s][info][gc,stats    ]      17 of   268 ms (  6.4%): Thread-70
[51.208s][info][gc,stats    ]      17 of   268 ms (  6.4%): Thread-71
[51.208s][info][gc,stats    ]     105 of   268 ms ( 39.4%): <total>
[51.208s][info][gc,stats    ]       6 of   268 ms (  2.1%): <average total>
[51.208s][info][gc,stats    ]      18 of   268 ms (  6.6%): <average non-zero>
[51.208s][info][gc,stats    ] 
[51.208s][info][gc,metaspace] Metaspace: 6357K(6528K)->6357K(6528K) NonClass: 5750K(5824K)->5750K(5824K) Class: 606K(704K)->606K(704K)
[51.208s][info][gc,ergo     ] Pacer for Idle. Initial: 20971K, Alloc Tax Rate: 1.0x
[51.539s][info][gc          ] Trigger: Average GC time (35.41 ms) is above the time for average allocation rate (2484 MB/s) to deplete free headroom (75063K) (margin of error = 1.70)
[51.539s][info][gc,ergo     ] Free headroom: 124M (free) - 52428K (spike) - 0B (penalties) = 75063K
[51.539s][info][gc,ergo     ] Free: 124M, Max: 512K regular, 124M humongous, Frag: 0% external, 0% internal; Reserve: 52736K, Max: 512K
[51.539s][info][gc,start    ] GC(144) Concurrent reset
[51.539s][info][gc,task     ] GC(144) Using 1 of 3 workers for concurrent reset
[51.539s][info][gc,ergo     ] GC(144) Pacer for Reset. Non-Taxable: 1024M
[51.540s][info][gc          ] GC(144) Concurrent reset 0.751ms
[51.540s][info][gc,start    ] GC(144) Pause Init Mark (unload classes)
[51.540s][info][gc,task     ] GC(144) Using 3 of 3 workers for init marking
[51.540s][info][gc,ergo     ] GC(144) Pacer for Mark. Expected Live: 14262K, Free: 122M, Non-Taxable: 12544K, Alloc Tax Rate: 0.1x
[51.540s][info][gc          ] GC(144) Pause Init Mark (unload classes) 0.166ms
[51.547s][info][gc,start    ] GC(144) Concurrent marking roots
[51.547s][info][gc,task     ] GC(144) Using 1 of 3 workers for concurrent marking roots
[51.548s][info][gc          ] GC(144) Concurrent marking roots 0.744ms
[51.548s][info][gc,start    ] GC(144) Concurrent marking (unload classes)
[51.548s][info][gc,task     ] GC(144) Using 1 of 3 workers for concurrent marking
[51.555s][info][gc          ] GC(144) Concurrent marking (unload classes) 7.025ms
[51.555s][info][gc,start    ] GC(144) Pause Final Mark (unload classes)
[51.555s][info][gc,task     ] GC(144) Using 3 of 3 workers for final marking
[51.555s][info][gc,ergo     ] GC(144) Adaptive CSet Selection. Target Free: 145M, Actual Free: 859M, Max CSet: 43690K, Min Garbage: 0B
[51.555s][info][gc,ergo     ] GC(144) Collectable Garbage: 834M (99%), Immediate: 697M (83%), CSet: 137M (16%)
[51.555s][info][gc,ergo     ] GC(144) Pacer for Evacuation. Used CSet: 139M, Free: 808M, Non-Taxable: 82739K, Alloc Tax Rate: 1.1x
[51.555s][info][gc          ] GC(144) Pause Final Mark (unload classes) 0.308ms
[51.566s][info][gc,start    ] GC(144) Concurrent thread roots
[51.566s][info][gc,task     ] GC(144) Using 1 of 3 workers for Concurrent thread roots
[51.566s][info][gc          ] GC(144) Concurrent thread roots 0.482ms
[51.566s][info][gc,start    ] GC(144) Concurrent weak references
[51.566s][info][gc,task     ] GC(144) Using 1 of 3 workers for concurrent weak references
[51.566s][info][gc,ref      ] GC(144) Encountered references: Soft: 132, Weak: 434, Final: 9, Phantom: 21
[51.566s][info][gc,ref      ] GC(144) Discovered  references: Soft: 0, Weak: 234, Final: 7, Phantom: 14
[51.566s][info][gc,ref      ] GC(144) Enqueued    references: Soft: 0, Weak: 0, Final: 0, Phantom: 0
[51.566s][info][gc          ] GC(144) Concurrent weak references 0.060ms
[51.566s][info][gc,start    ] GC(144) Concurrent weak roots
[51.566s][info][gc,task     ] GC(144) Using 1 of 3 workers for concurrent weak root
[51.568s][info][gc          ] GC(144) Concurrent weak roots 1.587ms
[51.568s][info][gc,start    ] GC(144) Concurrent cleanup
[51.568s][info][gc          ] GC(144) Concurrent cleanup 881M->184M(1024M) 0.107ms
[51.568s][info][gc,ergo     ] GC(144) Free: 787M, Max: 512K regular, 493M humongous, Frag: 38% external, 0% internal; Reserve: 52295K, Max: 512K
[51.568s][info][gc,start    ] GC(144) Concurrent class unloading
[51.568s][info][gc,task     ] GC(144) Using 1 of 3 workers for concurrent class unloading
[51.571s][info][gc          ] GC(144) Concurrent class unloading 2.712ms
[51.571s][info][gc,start    ] GC(144) Concurrent strong roots
[51.571s][info][gc,task     ] GC(144) Using 1 of 3 workers for concurrent strong root
[51.571s][info][gc          ] GC(144) Concurrent strong roots 0.084ms
[51.571s][info][gc,start    ] GC(144) Concurrent evacuation
[51.571s][info][gc,task     ] GC(144) Using 1 of 3 workers for concurrent evacuation
[51.573s][info][gc          ] GC(144) Concurrent evacuation 1.808ms
[51.573s][info][gc,start    ] GC(144) Pause Init Update Refs
[51.573s][info][gc,ergo     ] GC(144) Pacer for Update Refs. Used: 192M, Free: 781M, Non-Taxable: 80026K, Alloc Tax Rate: 1.1x
[51.573s][info][gc          ] GC(144) Pause Init Update Refs 0.059ms
[51.573s][info][gc,start    ] GC(144) Concurrent update references
[51.573s][info][gc,task     ] GC(144) Using 1 of 3 workers for concurrent reference update
[51.578s][info][gc          ] GC(144) Concurrent update references 4.736ms
[51.578s][info][gc,start    ] GC(144) Concurrent update thread roots
[51.578s][info][gc          ] GC(144) Concurrent update thread roots 0.566ms
[51.578s][info][gc,start    ] GC(144) Pause Final Update Refs
[51.578s][info][gc,task     ] GC(144) Using 3 of 3 workers for final reference update
[51.579s][info][gc          ] GC(144) Pause Final Update Refs 0.101ms
[51.585s][info][gc,start    ] GC(144) Concurrent cleanup
[51.585s][info][gc          ] GC(144) Concurrent cleanup 210M->70M(1024M) 0.037ms
[51.585s][info][gc,ergo     ] Free: 900M, Max: 512K regular, 472M humongous, Frag: 48% external, 0% internal; Reserve: 52736K, Max: 512K
[51.585s][info][gc,stats    ] 
[51.585s][info][gc,stats    ] All times are wall-clock times, except per-root-class counters, that are sum over
[51.585s][info][gc,stats    ] all workers. Dividing the <total> over the root stage time estimates parallelism.
[51.585s][info][gc,stats    ] 
[51.585s][info][gc,stats    ] Concurrent Reset                    787 us
[51.585s][info][gc,stats    ] Pause Init Mark (G)                6742 us
[51.585s][info][gc,stats    ] Pause Init Mark (N)                 178 us
[51.585s][info][gc,stats    ]   Update Region States               56 us
[51.585s][info][gc,stats    ] Concurrent Mark Roots               792 us, parallelism: 0.70x
[51.585s][info][gc,stats    ]   CMR: <total>                      552 us
[51.585s][info][gc,stats    ]   CMR: Thread Roots                 489 us, workers (us): 489, ---, ---, 
[51.585s][info][gc,stats    ]   CMR: VM Strong Roots                6 us, workers (us):   6, ---, ---, 
[51.585s][info][gc,stats    ]   CMR: CLDG Roots                    57 us, workers (us):  57, ---, ---, 
[51.585s][info][gc,stats    ] Concurrent Marking                 7093 us
[51.585s][info][gc,stats    ] Pause Final Mark (G)              10990 us
[51.585s][info][gc,stats    ] Pause Final Mark (N)                326 us
[51.585s][info][gc,stats    ]   Finish Mark                        99 us
[51.585s][info][gc,stats    ]   Update Region States               32 us
[51.585s][info][gc,stats    ]   Choose Collection Set              81 us
[51.585s][info][gc,stats    ]   Rebuild Free Set                   18 us
[51.585s][info][gc,stats    ] Concurrent Thread Roots             493 us, parallelism: 0.90x
[51.585s][info][gc,stats    ]   CTR: <total>                      442 us
[51.585s][info][gc,stats    ]   CTR: Thread Roots                 442 us, workers (us): 442, ---, ---, 
[51.585s][info][gc,stats    ] Concurrent Weak References           67 us, parallelism: 0.18x
[51.585s][info][gc,stats    ]   CWRF: <total>                      12 us
[51.585s][info][gc,stats    ]   CWRF: Weak References              12 us, workers (us):  12, ---, ---, 
[51.585s][info][gc,stats    ] Concurrent Weak Roots              1607 us
[51.585s][info][gc,stats    ]   Roots                             506 us, parallelism: 0.97x
[51.585s][info][gc,stats    ]     CWR: <total>                    489 us
[51.585s][info][gc,stats    ]     CWR: Code Cache Roots           382 us, workers (us): 382, ---, ---, 
[51.585s][info][gc,stats    ]     CWR: VM Weak Roots              105 us, workers (us): 105, ---, ---, 
[51.585s][info][gc,stats    ]     CWR: CLDG Roots                   2 us, workers (us):   2, ---, ---, 
[51.585s][info][gc,stats    ]   Rendezvous                       1066 us
[51.585s][info][gc,stats    ] Concurrent Cleanup                  115 us
[51.585s][info][gc,stats    ] Concurrent Class Unloading         2752 us
[51.585s][info][gc,stats    ]   Unlink Stale                     1662 us
[51.585s][info][gc,stats    ]     System Dictionary                 2 us
[51.585s][info][gc,stats    ]     Weak Class Links                  0 us
[51.585s][info][gc,stats    ]     Code Roots                     1659 us
[51.585s][info][gc,stats    ]   Rendezvous                        951 us
[51.585s][info][gc,stats    ]   Purge Unlinked                     81 us
[51.585s][info][gc,stats    ]     Code Roots                       76 us
[51.585s][info][gc,stats    ]     CLDG                              5 us
[51.585s][info][gc,stats    ]     Exception Caches                  0 us
[51.585s][info][gc,stats    ] Concurrent Strong Roots              93 us, parallelism: 0.53x
[51.585s][info][gc,stats    ]   CSR: <total>                       50 us
[51.585s][info][gc,stats    ]   CSR: VM Strong Roots                4 us, workers (us):   4, ---, ---, 
[51.585s][info][gc,stats    ]   CSR: CLDG Roots                    46 us, workers (us):  46, ---, ---, 
[51.585s][info][gc,stats    ] Concurrent Evacuation              1867 us
[51.585s][info][gc,stats    ] Pause Init Update Refs (G)          281 us
[51.585s][info][gc,stats    ] Pause Init Update Refs (N)           68 us
[51.585s][info][gc,stats    ]   Manage GCLABs                       3 us
[51.585s][info][gc,stats    ] Concurrent Update Refs             4776 us
[51.585s][info][gc,stats    ] Concurrent Update Thread Roots      582 us
[51.585s][info][gc,stats    ] Pause Final Update Refs (G)        6139 us
[51.585s][info][gc,stats    ] Pause Final Update Refs (N)         118 us
[51.585s][info][gc,stats    ]   Update Region States               42 us
[51.585s][info][gc,stats    ]   Trash Collection Set                8 us
[51.585s][info][gc,stats    ]   Rebuild Free Set                   15 us
[51.585s][info][gc,stats    ] Concurrent Cleanup                   46 us
[51.585s][info][gc,stats    ] Pacing                            91652 us
[51.585s][info][gc,stats    ] 
[51.585s][info][gc,stats    ] Allocation pacing accrued:
[51.585s][info][gc,stats    ]      16 of   377 ms (  4.3%): Thread-66
[51.585s][info][gc,stats    ]      14 of   377 ms (  3.8%): Thread-67
[51.585s][info][gc,stats    ]      15 of   377 ms (  4.1%): Thread-68
[51.585s][info][gc,stats    ]      15 of   377 ms (  3.9%): Thread-69
[51.585s][info][gc,stats    ]      16 of   377 ms (  4.1%): Thread-70
[51.585s][info][gc,stats    ]      16 of   377 ms (  4.2%): Thread-71
[51.585s][info][gc,stats    ]      92 of   377 ms ( 24.3%): <total>
[51.585s][info][gc,stats    ]       5 of   377 ms (  1.3%): <average total>
[51.585s][info][gc,stats    ]      15 of   377 ms (  4.1%): <average non-zero>
[51.585s][info][gc,stats    ] 
[51.585s][info][gc,metaspace] Metaspace: 6357K(6528K)->6357K(6528K) NonClass: 5750K(5824K)->5750K(5824K) Class: 606K(704K)->606K(704K)
[51.585s][info][gc,ergo     ] Pacer for Idle. Initial: 20971K, Alloc Tax Rate: 1.0x
[51.949s][info][gc          ] Trigger: Average GC time (50.64 ms) is above the time for average allocation rate (2174 MB/s) to deplete free headroom (96567K) (margin of error = 1.70)
[51.950s][info][gc,ergo     ] Free headroom: 145M (free) - 52428K (spike) - 0B (penalties) = 96567K
[51.950s][info][gc,ergo     ] Free: 145M, Max: 512K regular, 92672K humongous, Frag: 38% external, 0% internal; Reserve: 52736K, Max: 512K
[51.950s][info][gc,start    ] GC(145) Concurrent reset
[51.950s][info][gc,task     ] GC(145) Using 1 of 3 workers for concurrent reset
[51.950s][info][gc,ergo     ] GC(145) Pacer for Reset. Non-Taxable: 1024M
[51.950s][info][gc          ] GC(145) Concurrent reset 0.625ms
[51.950s][info][gc,start    ] GC(145) Pause Init Mark (unload classes)
[51.950s][info][gc,task     ] GC(145) Using 3 of 3 workers for init marking
[51.950s][info][gc,ergo     ] GC(145) Pacer for Mark. Expected Live: 14219K, Free: 144M, Non-Taxable: 14746K, Alloc Tax Rate: 0.1x
[51.950s][info][gc          ] GC(145) Pause Init Mark (unload classes) 0.133ms
[51.954s][info][gc,start    ] GC(145) Concurrent marking roots
[51.954s][info][gc,task     ] GC(145) Using 1 of 3 workers for concurrent marking roots
[51.955s][info][gc          ] GC(145) Concurrent marking roots 0.557ms
[51.955s][info][gc,start    ] GC(145) Concurrent marking (unload classes)
[51.955s][info][gc,task     ] GC(145) Using 1 of 3 workers for concurrent marking
[51.961s][info][gc          ] GC(145) Concurrent marking (unload classes) 6.396ms
[51.961s][info][gc,start    ] GC(145) Pause Final Mark (unload classes)
[51.961s][info][gc,task     ] GC(145) Using 3 of 3 workers for final marking
[51.962s][info][gc,ergo     ] GC(145) Collectable Garbage: 755M (92%), Immediate: 755M (92%), CSet: 0B (0%)
[51.962s][info][gc          ] GC(145) Pause Final Mark (unload classes) 0.283ms
[51.962s][info][gc,start    ] GC(145) Concurrent weak references
[51.962s][info][gc,task     ] GC(145) Using 1 of 3 workers for concurrent weak references
[51.962s][info][gc,ref      ] GC(145) Encountered references: Soft: 132, Weak: 434, Final: 9, Phantom: 21
[51.962s][info][gc,ref      ] GC(145) Discovered  references: Soft: 0, Weak: 234, Final: 7, Phantom: 14
[51.962s][info][gc,ref      ] GC(145) Enqueued    references: Soft: 0, Weak: 0, Final: 0, Phantom: 0
[51.962s][info][gc          ] GC(145) Concurrent weak references 0.137ms
[51.962s][info][gc,start    ] GC(145) Concurrent weak roots
[51.962s][info][gc,task     ] GC(145) Using 1 of 3 workers for concurrent weak root
[51.962s][info][gc          ] GC(145) Concurrent weak roots 0.507ms
[51.962s][info][gc,start    ] GC(145) Concurrent cleanup
[51.963s][info][gc          ] GC(145) Concurrent cleanup 841M->85M(1024M) 0.091ms
[51.963s][info][gc,ergo     ] GC(145) Free: 885M, Max: 512K regular, 493M humongous, Frag: 45% external, 0% internal; Reserve: 52736K, Max: 512K
[51.963s][info][gc,start    ] GC(145) Concurrent class unloading
[51.963s][info][gc,task     ] GC(145) Using 1 of 3 workers for concurrent class unloading
[51.964s][info][gc          ] GC(145) Concurrent class unloading 1.747ms
[51.964s][info][gc,start    ] GC(145) Pause Final Roots
[51.964s][info][gc          ] GC(145) Pause Final Roots 0.014ms
[51.964s][info][gc,ergo     ] Free: 885M, Max: 512K regular, 493M humongous, Frag: 45% external, 0% internal; Reserve: 52736K, Max: 512K
[51.964s][info][gc,stats    ] 
[51.964s][info][gc,stats    ] All times are wall-clock times, except per-root-class counters, that are sum over
[51.964s][info][gc,stats    ] all workers. Dividing the <total> over the root stage time estimates parallelism.
[51.964s][info][gc,stats    ] 
[51.964s][info][gc,stats    ] Concurrent Reset                    650 us
[51.965s][info][gc,stats    ] Pause Init Mark (G)                4109 us
[51.965s][info][gc,stats    ] Pause Init Mark (N)                 143 us
[51.965s][info][gc,stats    ]   Update Region States               38 us
[51.965s][info][gc,stats    ] Concurrent Mark Roots               568 us, parallelism: 0.85x
[51.965s][info][gc,stats    ]   CMR: <total>                      480 us
[51.965s][info][gc,stats    ]   CMR: Thread Roots                 431 us, workers (us): 431, ---, ---, 
[51.965s][info][gc,stats    ]   CMR: VM Strong Roots                5 us, workers (us):   5, ---, ---, 
[51.965s][info][gc,stats    ]   CMR: CLDG Roots                    45 us, workers (us):  45, ---, ---, 
[51.965s][info][gc,stats    ] Concurrent Marking                 6462 us
[51.965s][info][gc,stats    ] Pause Final Mark (G)                361 us
[51.965s][info][gc,stats    ] Pause Final Mark (N)                305 us
[51.965s][info][gc,stats    ]   Finish Mark                        61 us
[51.965s][info][gc,stats    ]   Update Region States               53 us
[51.965s][info][gc,stats    ]   Choose Collection Set              75 us
[51.965s][info][gc,stats    ]   Rebuild Free Set                   21 us
[51.965s][info][gc,stats    ] Concurrent Weak References          165 us, parallelism: 0.05x
[51.965s][info][gc,stats    ]   CWRF: <total>                       8 us
[51.965s][info][gc,stats    ]   CWRF: Weak References               8 us, workers (us):   8, ---, ---, 
[51.965s][info][gc,stats    ] Concurrent Weak Roots               516 us
[51.965s][info][gc,stats    ]   Roots                             448 us, parallelism: 0.95x
[51.965s][info][gc,stats    ]     CWR: <total>                    425 us
[51.965s][info][gc,stats    ]     CWR: Code Cache Roots           362 us, workers (us): 362, ---, ---, 
[51.965s][info][gc,stats    ]     CWR: VM Weak Roots               61 us, workers (us):  61, ---, ---, 
[51.965s][info][gc,stats    ]     CWR: CLDG Roots                   2 us, workers (us):   2, ---, ---, 
[51.965s][info][gc,stats    ]   Rendezvous                         38 us
[51.965s][info][gc,stats    ] Concurrent Cleanup                   99 us
[51.965s][info][gc,stats    ] Concurrent Class Unloading         1771 us
[51.965s][info][gc,stats    ]   Unlink Stale                     1647 us
[51.965s][info][gc,stats    ]     System Dictionary                 2 us
[51.965s][info][gc,stats    ]     Weak Class Links                  0 us
[51.965s][info][gc,stats    ]     Code Roots                     1644 us
[51.965s][info][gc,stats    ]   Rendezvous                         31 us
[51.965s][info][gc,stats    ]   Purge Unlinked                     53 us
[51.965s][info][gc,stats    ]     Code Roots                       46 us
[51.965s][info][gc,stats    ]     CLDG                              6 us
[51.965s][info][gc,stats    ]     Exception Caches                  0 us
[51.965s][info][gc,stats    ] Pause Final Roots (G)                49 us
[51.965s][info][gc,stats    ] Pause Final Roots (N)                21 us
[51.965s][info][gc,stats    ] 
[51.965s][info][gc,stats    ] Allocation pacing accrued:
[51.965s][info][gc,stats    ]       0 of   380 ms (  0.0%): <total>
[51.965s][info][gc,stats    ]       0 of   380 ms (  0.0%): <average total>
[51.965s][info][gc,stats    ] 
[51.965s][info][gc,metaspace] Metaspace: 6357K(6528K)->6357K(6528K) NonClass: 5750K(5824K)->5750K(5824K) Class: 606K(704K)->606K(704K)
[51.965s][info][gc,ergo     ] Pacer for Idle. Initial: 20971K, Alloc Tax Rate: 1.0x
[52.470s][info][gc          ] Trigger: Average GC time (48.22 ms) is above the time for average allocation rate (1584 MB/s) to deplete free headroom (54583K) (margin of error = 1.70)
[52.471s][info][gc,ergo     ] Free headroom: 104M (free) - 52428K (spike) - 0B (penalties) = 54583K
[52.471s][info][gc,ergo     ] Free: 104M, Max: 512K regular, 104M humongous, Frag: 0% external, 0% internal; Reserve: 52736K, Max: 512K
[52.471s][info][gc,start    ] GC(146) Concurrent reset
[52.471s][info][gc,task     ] GC(146) Using 1 of 3 workers for concurrent reset
[52.471s][info][gc,ergo     ] GC(146) Pacer for Reset. Non-Taxable: 1024M
[52.471s][info][gc          ] GC(146) Concurrent reset 0.292ms
[52.471s][info][gc,start    ] GC(146) Pause Init Mark (unload classes)
[52.471s][info][gc,task     ] GC(146) Using 3 of 3 workers for init marking
[52.471s][info][gc,ergo     ] GC(146) Pacer for Mark. Expected Live: 14263K, Free: 103M, Non-Taxable: 10598K, Alloc Tax Rate: 0.2x
[52.471s][info][gc          ] GC(146) Pause Init Mark (unload classes) 0.126ms
[52.477s][info][gc,start    ] GC(146) Concurrent marking roots
[52.477s][info][gc,task     ] GC(146) Using 1 of 3 workers for concurrent marking roots
[52.478s][info][gc          ] GC(146) Concurrent marking roots 0.577ms
[52.478s][info][gc,start    ] GC(146) Concurrent marking (unload classes)
[52.478s][info][gc,task     ] GC(146) Using 1 of 3 workers for concurrent marking
[52.484s][info][gc          ] GC(146) Concurrent marking (unload classes) 6.562ms
[52.485s][info][gc,start    ] GC(146) Pause Final Mark (unload classes)
[52.485s][info][gc,task     ] GC(146) Using 3 of 3 workers for final marking
[52.485s][info][gc,ergo     ] GC(146) Adaptive CSet Selection. Target Free: 145M, Actual Free: 888M, Max CSet: 43690K, Min Garbage: 0B
[52.485s][info][gc,ergo     ] GC(146) Collectable Garbage: 853M (99%), Immediate: 743M (87%), CSet: 110M (12%)
[52.485s][info][gc,ergo     ] GC(146) Pacer for Evacuation. Used CSet: 112M, Free: 837M, Non-Taxable: 85709K, Alloc Tax Rate: 1.1x
[52.485s][info][gc          ] GC(146) Pause Final Mark (unload classes) 0.382ms
[52.485s][info][gc,start    ] GC(146) Concurrent thread roots
[52.485s][info][gc,task     ] GC(146) Using 1 of 3 workers for Concurrent thread roots
[52.486s][info][gc          ] GC(146) Concurrent thread roots 0.997ms
[52.486s][info][gc,start    ] GC(146) Concurrent weak references
[52.486s][info][gc,task     ] GC(146) Using 1 of 3 workers for concurrent weak references
[52.486s][info][gc,ref      ] GC(146) Encountered references: Soft: 132, Weak: 434, Final: 9, Phantom: 21
[52.486s][info][gc,ref      ] GC(146) Discovered  references: Soft: 0, Weak: 234, Final: 7, Phantom: 14
[52.486s][info][gc,ref      ] GC(146) Enqueued    references: Soft: 0, Weak: 0, Final: 0, Phantom: 0
[52.486s][info][gc          ] GC(146) Concurrent weak references 0.062ms
[52.486s][info][gc,start    ] GC(146) Concurrent weak roots
[52.486s][info][gc,task     ] GC(146) Using 1 of 3 workers for concurrent weak root
[52.502s][info][gc          ] GC(146) Concurrent weak roots 15.957ms
[52.502s][info][gc,start    ] GC(146) Concurrent cleanup
[52.502s][info][gc          ] GC(146) Concurrent cleanup 904M->161M(1024M) 0.102ms
[52.502s][info][gc,ergo     ] GC(146) Free: 811M, Max: 512K regular, 493M humongous, Frag: 40% external, 0% internal; Reserve: 51695K, Max: 512K
[52.502s][info][gc,start    ] GC(146) Concurrent class unloading
[52.502s][info][gc,task     ] GC(146) Using 1 of 3 workers for concurrent class unloading
[52.508s][info][gc          ] GC(146) Concurrent class unloading 5.355ms
[52.508s][info][gc,start    ] GC(146) Concurrent strong roots
[52.508s][info][gc,task     ] GC(146) Using 1 of 3 workers for concurrent strong root
[52.508s][info][gc          ] GC(146) Concurrent strong roots 0.085ms
[52.508s][info][gc,start    ] GC(146) Concurrent evacuation
[52.508s][info][gc,task     ] GC(146) Using 1 of 3 workers for concurrent evacuation
[52.509s][info][gc          ] GC(146) Concurrent evacuation 1.590ms
[52.509s][info][gc,start    ] GC(146) Pause Init Update Refs
[52.509s][info][gc,ergo     ] GC(146) Pacer for Update Refs. Used: 172M, Free: 801M, Non-Taxable: 82022K, Alloc Tax Rate: 1.1x
[52.510s][info][gc          ] GC(146) Pause Init Update Refs 0.056ms
[52.511s][info][gc,start    ] GC(146) Concurrent update references
[52.511s][info][gc,task     ] GC(146) Using 1 of 3 workers for concurrent reference update
[52.516s][info][gc          ] GC(146) Concurrent update references 4.232ms
[52.516s][info][gc,start    ] GC(146) Concurrent update thread roots
[52.516s][info][gc          ] GC(146) Concurrent update thread roots 0.550ms
[52.516s][info][gc,start    ] GC(146) Pause Final Update Refs
[52.516s][info][gc,task     ] GC(146) Using 3 of 3 workers for final reference update
[52.516s][info][gc          ] GC(146) Pause Final Update Refs 0.091ms
[52.518s][info][gc,start    ] GC(146) Concurrent cleanup
[52.518s][info][gc          ] GC(146) Concurrent cleanup 183M->70M(1024M) 0.034ms
[52.518s][info][gc,ergo     ] Free: 900M, Max: 512K regular, 475M humongous, Frag: 48% external, 0% internal; Reserve: 52736K, Max: 512K
[52.518s][info][gc,stats    ] 
[52.518s][info][gc,stats    ] All times are wall-clock times, except per-root-class counters, that are sum over
[52.518s][info][gc,stats    ] all workers. Dividing the <total> over the root stage time estimates parallelism.
[52.518s][info][gc,stats    ] 
[52.518s][info][gc,stats    ] Concurrent Reset                    306 us
[52.518s][info][gc,stats    ] Pause Init Mark (G)                6446 us
[52.518s][info][gc,stats    ] Pause Init Mark (N)                 136 us
[52.518s][info][gc,stats    ]   Update Region States               40 us
[52.518s][info][gc,stats    ] Concurrent Mark Roots               598 us, parallelism: 0.83x
[52.518s][info][gc,stats    ]   CMR: <total>                      499 us
[52.518s][info][gc,stats    ]   CMR: Thread Roots                 451 us, workers (us): 451, ---, ---, 
[52.518s][info][gc,stats    ]   CMR: VM Strong Roots                5 us, workers (us):   5, ---, ---, 
[52.518s][info][gc,stats    ]   CMR: CLDG Roots                    43 us, workers (us):  43, ---, ---, 
[52.518s][info][gc,stats    ] Concurrent Marking                 6591 us
[52.518s][info][gc,stats    ] Pause Final Mark (G)                468 us
[52.518s][info][gc,stats    ] Pause Final Mark (N)                403 us
[52.518s][info][gc,stats    ]   Finish Mark                        61 us
[52.518s][info][gc,stats    ]   Update Region States               53 us
[52.518s][info][gc,stats    ]   Choose Collection Set             150 us
[52.518s][info][gc,stats    ]   Rebuild Free Set                   23 us
[52.518s][info][gc,stats    ] Concurrent Thread Roots            1008 us, parallelism: 0.94x
[52.518s][info][gc,stats    ]   CTR: <total>                      945 us
[52.518s][info][gc,stats    ]   CTR: Thread Roots                 945 us, workers (us): 945, ---, ---, 
[52.518s][info][gc,stats    ] Concurrent Weak References           70 us, parallelism: 0.14x
[52.518s][info][gc,stats    ]   CWRF: <total>                       9 us
[52.518s][info][gc,stats    ]   CWRF: Weak References               9 us, workers (us):   9, ---, ---, 
[52.518s][info][gc,stats    ] Concurrent Weak Roots             16021 us
[52.518s][info][gc,stats    ]   Roots                             568 us, parallelism: 0.95x
[52.518s][info][gc,stats    ]     CWR: <total>                    539 us
[52.518s][info][gc,stats    ]     CWR: Code Cache Roots           435 us, workers (us): 435, ---, ---, 
[52.518s][info][gc,stats    ]     CWR: VM Weak Roots              102 us, workers (us): 102, ---, ---, 
[52.518s][info][gc,stats    ]     CWR: CLDG Roots                   2 us, workers (us):   2, ---, ---, 
[52.518s][info][gc,stats    ]   Rendezvous                      15368 us
[52.518s][info][gc,stats    ] Concurrent Cleanup                  120 us
[52.518s][info][gc,stats    ] Concurrent Class Unloading         5403 us
[52.518s][info][gc,stats    ]   Unlink Stale                     1862 us
[52.518s][info][gc,stats    ]     System Dictionary                 3 us
[52.518s][info][gc,stats    ]     Weak Class Links                  0 us
[52.518s][info][gc,stats    ]     Code Roots                     1857 us
[52.518s][info][gc,stats    ]   Rendezvous                       3391 us
[52.518s][info][gc,stats    ]   Purge Unlinked                     79 us
[52.518s][info][gc,stats    ]     Code Roots                       75 us
[52.518s][info][gc,stats    ]     CLDG                              4 us
[52.518s][info][gc,stats    ]     Exception Caches                  0 us
[52.518s][info][gc,stats    ] Concurrent Strong Roots              93 us, parallelism: 0.55x
[52.518s][info][gc,stats    ]   CSR: <total>                       51 us
[52.518s][info][gc,stats    ]   CSR: VM Strong Roots                5 us, workers (us):   5, ---, ---, 
[52.518s][info][gc,stats    ]   CSR: CLDG Roots                    46 us, workers (us):  46, ---, ---, 
[52.518s][info][gc,stats    ] Concurrent Evacuation              1633 us
[52.518s][info][gc,stats    ] Pause Init Update Refs (G)         1945 us
[52.518s][info][gc,stats    ] Pause Init Update Refs (N)           65 us
[52.518s][info][gc,stats    ]   Manage GCLABs                       3 us
[52.518s][info][gc,stats    ] Concurrent Update Refs             4270 us
[52.518s][info][gc,stats    ] Concurrent Update Thread Roots      565 us
[52.518s][info][gc,stats    ] Pause Final Update Refs (G)        1599 us
[52.518s][info][gc,stats    ] Pause Final Update Refs (N)         111 us
[52.518s][info][gc,stats    ]   Update Region States               41 us
[52.518s][info][gc,stats    ]   Trash Collection Set                6 us
[52.518s][info][gc,stats    ]   Rebuild Free Set                   15 us
[52.518s][info][gc,stats    ] Concurrent Cleanup                   43 us
[52.518s][info][gc,stats    ] Pacing                           223386 us
[52.518s][info][gc,stats    ] 
[52.518s][info][gc,stats    ] Allocation pacing accrued:
[52.518s][info][gc,stats    ]      36 of   553 ms (  6.5%): Thread-66
[52.518s][info][gc,stats    ]      38 of   553 ms (  6.9%): Thread-67
[52.518s][info][gc,stats    ]      37 of   553 ms (  6.7%): Thread-68
[52.518s][info][gc,stats    ]      37 of   553 ms (  6.7%): Thread-69
[52.518s][info][gc,stats    ]      38 of   553 ms (  6.9%): Thread-70
[52.518s][info][gc,stats    ]      37 of   553 ms (  6.6%): Thread-71
[52.518s][info][gc,stats    ]     223 of   553 ms ( 40.4%): <total>
[52.518s][info][gc,stats    ]      12 of   553 ms (  2.1%): <average total>
[52.518s][info][gc,stats    ]      37 of   553 ms (  6.7%): <average non-zero>
[52.518s][info][gc,stats    ] 
[52.518s][info][gc,metaspace] Metaspace: 6357K(6528K)->6357K(6528K) NonClass: 5750K(5824K)->5750K(5824K) Class: 606K(704K)->606K(704K)
[52.518s][info][gc,ergo     ] Pacer for Idle. Initial: 20971K, Alloc Tax Rate: 1.0x
[52.881s][info][gc          ] Trigger: Average GC time (60.26 ms) is above the time for average allocation rate (1969 MB/s) to deplete free headroom (117M) (margin of error = 1.70)
[52.881s][info][gc,ergo     ] Free headroom: 168M (free) - 52428K (spike) - 0B (penalties) = 117M
[52.881s][info][gc,ergo     ] Free: 168M, Max: 512K regular, 101M humongous, Frag: 40% external, 0% internal; Reserve: 52736K, Max: 512K
[52.881s][info][gc,start    ] GC(147) Concurrent reset
[52.881s][info][gc,task     ] GC(147) Using 1 of 3 workers for concurrent reset
[52.881s][info][gc,ergo     ] GC(147) Pacer for Reset. Non-Taxable: 1024M
[52.882s][info][gc          ] GC(147) Concurrent reset 0.534ms
[52.882s][info][gc,start    ] GC(147) Pause Init Mark (unload classes)
[52.882s][info][gc,task     ] GC(147) Using 3 of 3 workers for init marking
[52.882s][info][gc,ergo     ] GC(147) Pacer for Mark. Expected Live: 14273K, Free: 167M, Non-Taxable: 17101K, Alloc Tax Rate: 0.1x
[52.882s][info][gc          ] GC(147) Pause Init Mark (unload classes) 0.153ms
[52.892s][info][gc,start    ] GC(147) Concurrent marking roots
[52.892s][info][gc,task     ] GC(147) Using 1 of 3 workers for concurrent marking roots
[52.892s][info][gc          ] GC(147) Concurrent marking roots 0.625ms
[52.892s][info][gc,start    ] GC(147) Concurrent marking (unload classes)
[52.892s][info][gc,task     ] GC(147) Using 1 of 3 workers for concurrent marking
[52.909s][info][gc          ] GC(147) Concurrent marking (unload classes) 16.781ms
[52.909s][info][gc,start    ] GC(147) Pause Final Mark (unload classes)
[52.909s][info][gc,task     ] GC(147) Using 3 of 3 workers for final marking
[52.909s][info][gc,ergo     ] GC(147) Adaptive CSet Selection. Target Free: 145M, Actual Free: 838M, Max CSet: 43690K, Min Garbage: 0B
[52.909s][info][gc,ergo     ] GC(147) Collectable Garbage: 790M (99%), Immediate: 661M (83%), CSet: 129M (16%)
[52.909s][info][gc,ergo     ] GC(147) Pacer for Evacuation. Used CSet: 131M, Free: 787M, Non-Taxable: 80589K, Alloc Tax Rate: 1.1x
[52.909s][info][gc          ] GC(147) Pause Final Mark (unload classes) 0.234ms
[52.909s][info][gc,start    ] GC(147) Concurrent thread roots
[52.909s][info][gc,task     ] GC(147) Using 1 of 3 workers for Concurrent thread roots
[52.910s][info][gc          ] GC(147) Concurrent thread roots 0.492ms
[52.910s][info][gc,start    ] GC(147) Concurrent weak references
[52.910s][info][gc,task     ] GC(147) Using 1 of 3 workers for concurrent weak references
[52.910s][info][gc,ref      ] GC(147) Encountered references: Soft: 132, Weak: 434, Final: 9, Phantom: 21
[52.910s][info][gc,ref      ] GC(147) Discovered  references: Soft: 0, Weak: 234, Final: 7, Phantom: 14
[52.910s][info][gc,ref      ] GC(147) Enqueued    references: Soft: 0, Weak: 0, Final: 0, Phantom: 0
[52.910s][info][gc          ] GC(147) Concurrent weak references 0.059ms
[52.910s][info][gc,start    ] GC(147) Concurrent weak roots
[52.910s][info][gc,task     ] GC(147) Using 1 of 3 workers for concurrent weak root
[52.911s][info][gc          ] GC(147) Concurrent weak roots 1.152ms
[52.911s][info][gc,start    ] GC(147) Concurrent cleanup
[52.911s][info][gc          ] GC(147) Concurrent cleanup 851M->190M(1024M) 0.093ms
[52.911s][info][gc,ergo     ] GC(147) Free: 782M, Max: 512K regular, 493M humongous, Frag: 37% external, 0% internal; Reserve: 51804K, Max: 512K
[52.911s][info][gc,start    ] GC(147) Concurrent class unloading
[52.911s][info][gc,task     ] GC(147) Using 1 of 3 workers for concurrent class unloading
[52.917s][info][gc          ] GC(147) Concurrent class unloading 5.991ms
[52.917s][info][gc,start    ] GC(147) Concurrent strong roots
[52.917s][info][gc,task     ] GC(147) Using 1 of 3 workers for concurrent strong root
[52.917s][info][gc          ] GC(147) Concurrent strong roots 0.082ms
[52.917s][info][gc,start    ] GC(147) Concurrent evacuation
[52.917s][info][gc,task     ] GC(147) Using 1 of 3 workers for concurrent evacuation
[52.919s][info][gc          ] GC(147) Concurrent evacuation 2.035ms
[52.920s][info][gc,start    ] GC(147) Pause Init Update Refs
[52.920s][info][gc,ergo     ] GC(147) Pacer for Update Refs. Used: 208M, Free: 765M, Non-Taxable: 78387K, Alloc Tax Rate: 1.1x
[52.920s][info][gc          ] GC(147) Pause Init Update Refs 0.058ms
[52.927s][info][gc,start    ] GC(147) Concurrent update references
[52.927s][info][gc,task     ] GC(147) Using 1 of 3 workers for concurrent reference update
[52.935s][info][gc          ] GC(147) Concurrent update references 8.351ms
[52.935s][info][gc,start    ] GC(147) Concurrent update thread roots
[52.940s][info][gc          ] GC(147) Concurrent update thread roots 4.983ms
[52.941s][info][gc,start    ] GC(147) Pause Final Update Refs
[52.941s][info][gc,task     ] GC(147) Using 3 of 3 workers for final reference update
[52.941s][info][gc          ] GC(147) Pause Final Update Refs 0.115ms
[52.941s][info][gc,start    ] GC(147) Concurrent cleanup
[52.941s][info][gc          ] GC(147) Concurrent cleanup 250M->119M(1024M) 0.045ms
[52.941s][info][gc,ergo     ] Free: 852M, Max: 512K regular, 437M humongous, Frag: 49% external, 0% internal; Reserve: 52736K, Max: 512K
[52.941s][info][gc,stats    ] 
[52.941s][info][gc,stats    ] All times are wall-clock times, except per-root-class counters, that are sum over
[52.941s][info][gc,stats    ] all workers. Dividing the <total> over the root stage time estimates parallelism.
[52.941s][info][gc,stats    ] 
[52.941s][info][gc,stats    ] Concurrent Reset                    571 us
[52.941s][info][gc,stats    ] Pause Init Mark (G)                9766 us
[52.941s][info][gc,stats    ] Pause Init Mark (N)                 162 us
[52.941s][info][gc,stats    ]   Update Region States               44 us
[52.941s][info][gc,stats    ] Concurrent Mark Roots               636 us, parallelism: 0.82x
[52.941s][info][gc,stats    ]   CMR: <total>                      525 us
[52.941s][info][gc,stats    ]   CMR: Thread Roots                 474 us, workers (us): 474, ---, ---, 
[52.941s][info][gc,stats    ]   CMR: VM Strong Roots                5 us, workers (us):   5, ---, ---, 
[52.941s][info][gc,stats    ]   CMR: CLDG Roots                    46 us, workers (us):  46, ---, ---, 
[52.941s][info][gc,stats    ] Concurrent Marking                16828 us
[52.941s][info][gc,stats    ] Pause Final Mark (G)                353 us
[52.941s][info][gc,stats    ] Pause Final Mark (N)                243 us
[52.941s][info][gc,stats    ]   Finish Mark                        48 us
[52.941s][info][gc,stats    ]   Update Region States               34 us
[52.941s][info][gc,stats    ]   Choose Collection Set              84 us
[52.941s][info][gc,stats    ]   Rebuild Free Set                    8 us
[52.941s][info][gc,stats    ] Concurrent Thread Roots             503 us, parallelism: 0.90x
[52.941s][info][gc,stats    ]   CTR: <total>                      455 us
[52.941s][info][gc,stats    ]   CTR: Thread Roots                 455 us, workers (us): 455, ---, ---, 
[52.941s][info][gc,stats    ] Concurrent Weak References           66 us, parallelism: 0.17x
[52.941s][info][gc,stats    ]   CWRF: <total>                      11 us
[52.941s][info][gc,stats    ]   CWRF: Weak References              11 us, workers (us):  11, ---, ---, 
[52.941s][info][gc,stats    ] Concurrent Weak Roots              1168 us
[52.941s][info][gc,stats    ]   Roots                             543 us, parallelism: 0.96x
[52.941s][info][gc,stats    ]     CWR: <total>                    524 us
[52.941s][info][gc,stats    ]     CWR: Code Cache Roots           415 us, workers (us): 415, ---, ---, 
[52.941s][info][gc,stats    ]     CWR: VM Weak Roots              107 us, workers (us): 107, ---, ---, 
[52.941s][info][gc,stats    ]     CWR: CLDG Roots                   2 us, workers (us):   2, ---, ---, 
[52.941s][info][gc,stats    ]   Rendezvous                        593 us
[52.941s][info][gc,stats    ] Concurrent Cleanup                  101 us
[52.941s][info][gc,stats    ] Concurrent Class Unloading         6027 us
[52.941s][info][gc,stats    ]   Unlink Stale                     1683 us
[52.941s][info][gc,stats    ]     System Dictionary                 2 us
[52.941s][info][gc,stats    ]     Weak Class Links                  0 us
[52.941s][info][gc,stats    ]     Code Roots                     1680 us
[52.941s][info][gc,stats    ]   Rendezvous                       4200 us
[52.941s][info][gc,stats    ]   Purge Unlinked                     90 us
[52.941s][info][gc,stats    ]     Code Roots                       85 us
[52.941s][info][gc,stats    ]     CLDG                              4 us
[52.941s][info][gc,stats    ]     Exception Caches                  0 us
[52.941s][info][gc,stats    ] Concurrent Strong Roots              91 us, parallelism: 0.54x
[52.941s][info][gc,stats    ]   CSR: <total>                       49 us
[52.941s][info][gc,stats    ]   CSR: VM Strong Roots                4 us, workers (us):   4, ---, ---, 
[52.941s][info][gc,stats    ]   CSR: CLDG Roots                    46 us, workers (us):  46, ---, ---, 
[52.941s][info][gc,stats    ] Concurrent Evacuation              2077 us
[52.941s][info][gc,stats    ] Pause Init Update Refs (G)         7571 us
[52.941s][info][gc,stats    ] Pause Init Update Refs (N)           69 us
[52.941s][info][gc,stats    ]   Manage GCLABs                       4 us
[52.941s][info][gc,stats    ] Concurrent Update Refs             8445 us
[52.941s][info][gc,stats    ] Concurrent Update Thread Roots     5012 us
[52.941s][info][gc,stats    ] Pause Final Update Refs (G)         230 us
[52.941s][info][gc,stats    ] Pause Final Update Refs (N)         134 us
[52.941s][info][gc,stats    ]   Update Region States               35 us
[52.941s][info][gc,stats    ]   Trash Collection Set                4 us
[52.941s][info][gc,stats    ]   Rebuild Free Set                   14 us
[52.941s][info][gc,stats    ] Concurrent Cleanup                   55 us
[52.941s][info][gc,stats    ] Pacing                            56377 us
[52.941s][info][gc,stats    ] 
[52.941s][info][gc,stats    ] Allocation pacing accrued:
[52.941s][info][gc,stats    ]       9 of   423 ms (  2.1%): Thread-66
[52.941s][info][gc,stats    ]       9 of   423 ms (  2.0%): Thread-67
[52.941s][info][gc,stats    ]       9 of   423 ms (  2.2%): Thread-68
[52.941s][info][gc,stats    ]      12 of   423 ms (  2.9%): Thread-69
[52.941s][info][gc,stats    ]       9 of   423 ms (  2.1%): Thread-70
[52.941s][info][gc,stats    ]       9 of   423 ms (  2.1%): Thread-71
[52.941s][info][gc,stats    ]      56 of   423 ms ( 13.3%): <total>
[52.941s][info][gc,stats    ]       3 of   423 ms (  0.7%): <average total>
[52.941s][info][gc,stats    ]       9 of   423 ms (  2.2%): <average non-zero>
[52.941s][info][gc,stats    ] 
[52.941s][info][gc,metaspace] Metaspace: 6357K(6528K)->6357K(6528K) NonClass: 5750K(5824K)->5750K(5824K) Class: 606K(704K)->606K(704K)
[52.941s][info][gc,ergo     ] Pacer for Idle. Initial: 20971K, Alloc Tax Rate: 1.0x
[53.244s][info][gc          ] Trigger: Average GC time (73.90 ms) is above the time for average allocation rate (2115 MB/s) to deplete free headroom (144M) (margin of error = 1.72)
[53.245s][info][gc,ergo     ] Free headroom: 196M (free) - 52428K (spike) - 0B (penalties) = 144M
[53.245s][info][gc,ergo     ] Free: 196M, Max: 512K regular, 156M humongous, Frag: 21% external, 0% internal; Reserve: 52736K, Max: 512K
[53.245s][info][gc,start    ] GC(148) Concurrent reset
[53.245s][info][gc,task     ] GC(148) Using 1 of 3 workers for concurrent reset
[53.245s][info][gc,ergo     ] GC(148) Pacer for Reset. Non-Taxable: 1024M
[53.245s][info][gc          ] GC(148) Concurrent reset 0.545ms
[53.245s][info][gc,start    ] GC(148) Pause Init Mark (unload classes)
[53.245s][info][gc,task     ] GC(148) Using 3 of 3 workers for init marking
[53.245s][info][gc,ergo     ] GC(148) Pacer for Mark. Expected Live: 14270K, Free: 195M, Non-Taxable: 19968K, Alloc Tax Rate: 0.1x
[53.245s][info][gc          ] GC(148) Pause Init Mark (unload classes) 0.145ms
[53.255s][info][gc,start    ] GC(148) Concurrent marking roots
[53.255s][info][gc,task     ] GC(148) Using 1 of 3 workers for concurrent marking roots
[53.256s][info][gc          ] GC(148) Concurrent marking roots 0.598ms
[53.256s][info][gc,start    ] GC(148) Concurrent marking (unload classes)
[53.256s][info][gc,task     ] GC(148) Using 1 of 3 workers for concurrent marking
[53.263s][info][gc          ] GC(148) Concurrent marking (unload classes) 7.118ms
[53.263s][info][gc,start    ] GC(148) Pause Final Mark (unload classes)
[53.263s][info][gc,task     ] GC(148) Using 3 of 3 workers for final marking
[53.263s][info][gc,ergo     ] GC(148) Adaptive CSet Selection. Target Free: 145M, Actual Free: 907M, Max CSet: 43690K, Min Garbage: 0B
[53.263s][info][gc,ergo     ] GC(148) Collectable Garbage: 762M (99%), Immediate: 680M (89%), CSet: 84034K (10%)
[53.263s][info][gc,ergo     ] GC(148) Pacer for Evacuation. Used CSet: 86528K, Free: 855M, Non-Taxable: 87603K, Alloc Tax Rate: 1.1x
[53.263s][info][gc          ] GC(148) Pause Final Mark (unload classes) 0.201ms
[53.263s][info][gc,start    ] GC(148) Concurrent thread roots
[53.263s][info][gc,task     ] GC(148) Using 1 of 3 workers for Concurrent thread roots
[53.264s][info][gc          ] GC(148) Concurrent thread roots 0.986ms
[53.264s][info][gc,start    ] GC(148) Concurrent weak references
[53.264s][info][gc,task     ] GC(148) Using 1 of 3 workers for concurrent weak references
[53.264s][info][gc,ref      ] GC(148) Encountered references: Soft: 132, Weak: 434, Final: 9, Phantom: 21
[53.264s][info][gc,ref      ] GC(148) Discovered  references: Soft: 0, Weak: 234, Final: 7, Phantom: 14
[53.264s][info][gc,ref      ] GC(148) Enqueued    references: Soft: 0, Weak: 0, Final: 0, Phantom: 0
[53.264s][info][gc          ] GC(148) Concurrent weak references 0.066ms
[53.264s][info][gc,start    ] GC(148) Concurrent weak roots
[53.264s][info][gc,task     ] GC(148) Using 1 of 3 workers for concurrent weak root
[53.265s][info][gc          ] GC(148) Concurrent weak roots 0.571ms
[53.265s][info][gc,start    ] GC(148) Concurrent cleanup
[53.265s][info][gc          ] GC(148) Concurrent cleanup 796M->116M(1024M) 0.084ms
[53.265s][info][gc,ergo     ] GC(148) Free: 855M, Max: 512K regular, 493M humongous, Frag: 43% external, 0% internal; Reserve: 52336K, Max: 512K
[53.265s][info][gc,start    ] GC(148) Concurrent class unloading
[53.265s][info][gc,task     ] GC(148) Using 1 of 3 workers for concurrent class unloading
[53.267s][info][gc          ] GC(148) Concurrent class unloading 1.688ms
[53.267s][info][gc,start    ] GC(148) Concurrent strong roots
[53.267s][info][gc,task     ] GC(148) Using 1 of 3 workers for concurrent strong root
[53.267s][info][gc          ] GC(148) Concurrent strong roots 0.104ms
[53.267s][info][gc,start    ] GC(148) Concurrent evacuation
[53.267s][info][gc,task     ] GC(148) Using 1 of 3 workers for concurrent evacuation
[53.268s][info][gc          ] GC(148) Concurrent evacuation 1.604ms
[53.268s][info][gc,start    ] GC(148) Pause Init Update Refs
[53.269s][info][gc,ergo     ] GC(148) Pacer for Update Refs. Used: 118M, Free: 855M, Non-Taxable: 87603K, Alloc Tax Rate: 1.1x
[53.269s][info][gc          ] GC(148) Pause Init Update Refs 0.025ms
[53.269s][info][gc,start    ] GC(148) Concurrent update references
[53.269s][info][gc,task     ] GC(148) Using 1 of 3 workers for concurrent reference update
[53.275s][info][gc          ] GC(148) Concurrent update references 6.125ms
[53.275s][info][gc,start    ] GC(148) Concurrent update thread roots
[53.276s][info][gc          ] GC(148) Concurrent update thread roots 1.220ms
[53.276s][info][gc,start    ] GC(148) Pause Final Update Refs
[53.276s][info][gc,task     ] GC(148) Using 3 of 3 workers for final reference update
[53.276s][info][gc          ] GC(148) Pause Final Update Refs 0.188ms
[53.280s][info][gc,start    ] GC(148) Concurrent cleanup
[53.280s][info][gc          ] GC(148) Concurrent cleanup 125M->41M(1024M) 0.074ms
[53.280s][info][gc,ergo     ] Free: 930M, Max: 512K regular, 488M humongous, Frag: 48% external, 0% internal; Reserve: 52736K, Max: 512K
[53.280s][info][gc,stats    ] 
[53.280s][info][gc,stats    ] All times are wall-clock times, except per-root-class counters, that are sum over
[53.280s][info][gc,stats    ] all workers. Dividing the <total> over the root stage time estimates parallelism.
[53.280s][info][gc,stats    ] 
[53.280s][info][gc,stats    ] Concurrent Reset                    576 us
[53.280s][info][gc,stats    ] Pause Init Mark (G)               10067 us
[53.280s][info][gc,stats    ] Pause Init Mark (N)                 155 us
[53.280s][info][gc,stats    ]   Update Region States               42 us
[53.280s][info][gc,stats    ] Concurrent Mark Roots               611 us, parallelism: 0.83x
[53.280s][info][gc,stats    ]   CMR: <total>                      508 us
[53.280s][info][gc,stats    ]   CMR: Thread Roots                 453 us, workers (us): 453, ---, ---, 
[53.280s][info][gc,stats    ]   CMR: VM Strong Roots                6 us, workers (us):   6, ---, ---, 
[53.280s][info][gc,stats    ]   CMR: CLDG Roots                    48 us, workers (us):  48, ---, ---, 
[53.280s][info][gc,stats    ] Concurrent Marking                 7189 us
[53.280s][info][gc,stats    ] Pause Final Mark (G)                244 us
[53.280s][info][gc,stats    ] Pause Final Mark (N)                209 us
[53.280s][info][gc,stats    ]   Finish Mark                        41 us
[53.280s][info][gc,stats    ]   Update Region States               33 us
[53.280s][info][gc,stats    ]   Choose Collection Set              64 us
[53.280s][info][gc,stats    ]   Rebuild Free Set                    9 us
[53.280s][info][gc,stats    ] Concurrent Thread Roots             995 us, parallelism: 0.92x
[53.280s][info][gc,stats    ]   CTR: <total>                      917 us
[53.280s][info][gc,stats    ]   CTR: Thread Roots                 917 us, workers (us): 917, ---, ---, 
[53.280s][info][gc,stats    ] Concurrent Weak References           73 us, parallelism: 0.14x
[53.280s][info][gc,stats    ]   CWRF: <total>                      11 us
[53.280s][info][gc,stats    ]   CWRF: Weak References              11 us, workers (us):  11, ---, ---, 
[53.280s][info][gc,stats    ] Concurrent Weak Roots               581 us
[53.280s][info][gc,stats    ]   Roots                             526 us, parallelism: 0.94x
[53.280s][info][gc,stats    ]     CWR: <total>                    495 us
[53.280s][info][gc,stats    ]     CWR: Code Cache Roots           350 us, workers (us): 350, ---, ---, 
[53.280s][info][gc,stats    ]     CWR: VM Weak Roots              143 us, workers (us): 143, ---, ---, 
[53.280s][info][gc,stats    ]     CWR: CLDG Roots                   3 us, workers (us):   3, ---, ---, 
[53.280s][info][gc,stats    ]   Rendezvous                         30 us
[53.280s][info][gc,stats    ] Concurrent Cleanup                   92 us
[53.280s][info][gc,stats    ] Concurrent Class Unloading         1712 us
[53.280s][info][gc,stats    ]   Unlink Stale                     1567 us
[53.280s][info][gc,stats    ]     System Dictionary                 2 us
[53.280s][info][gc,stats    ]     Weak Class Links                  0 us
[53.280s][info][gc,stats    ]     Code Roots                     1564 us
[53.281s][info][gc,stats    ]   Rendezvous                         31 us
[53.281s][info][gc,stats    ]   Purge Unlinked                     74 us
[53.281s][info][gc,stats    ]     Code Roots                       67 us
[53.281s][info][gc,stats    ]     CLDG                              7 us
[53.281s][info][gc,stats    ]     Exception Caches                  0 us
[53.281s][info][gc,stats    ] Concurrent Strong Roots             122 us, parallelism: 0.38x
[53.281s][info][gc,stats    ]   CSR: <total>                       46 us
[53.281s][info][gc,stats    ]   CSR: VM Strong Roots                4 us, workers (us):   4, ---, ---, 
[53.281s][info][gc,stats    ]   CSR: CLDG Roots                    43 us, workers (us):  43, ---, ---, 
[53.281s][info][gc,stats    ] Concurrent Evacuation              1626 us
[53.281s][info][gc,stats    ] Pause Init Update Refs (G)           62 us
[53.281s][info][gc,stats    ] Pause Init Update Refs (N)           32 us
[53.281s][info][gc,stats    ]   Manage GCLABs                       2 us
[53.281s][info][gc,stats    ] Concurrent Update Refs             6149 us
[53.281s][info][gc,stats    ] Concurrent Update Thread Roots     1262 us
[53.281s][info][gc,stats    ] Pause Final Update Refs (G)        4138 us
[53.281s][info][gc,stats    ] Pause Final Update Refs (N)         236 us
[53.281s][info][gc,stats    ]   Update Region States               65 us
[53.281s][info][gc,stats    ]   Trash Collection Set               11 us
[53.281s][info][gc,stats    ]   Rebuild Free Set                   28 us
[53.281s][info][gc,stats    ] Concurrent Cleanup                   86 us
[53.281s][info][gc,stats    ] Pacing                           112464 us
[53.281s][info][gc,stats    ] 
[53.281s][info][gc,stats    ] Allocation pacing accrued:
[53.281s][info][gc,stats    ]      20 of   339 ms (  5.8%): Thread-66
[53.281s][info][gc,stats    ]      18 of   339 ms (  5.4%): Thread-67
[53.281s][info][gc,stats    ]      18 of   339 ms (  5.4%): Thread-68
[53.281s][info][gc,stats    ]      18 of   339 ms (  5.2%): Thread-69
[53.281s][info][gc,stats    ]      19 of   339 ms (  5.6%): Thread-70
[53.281s][info][gc,stats    ]      20 of   339 ms (  5.8%): Thread-71
[53.281s][info][gc,stats    ]     112 of   339 ms ( 33.1%): <total>
[53.281s][info][gc,stats    ]       6 of   339 ms (  1.7%): <average total>
[53.281s][info][gc,stats    ]      19 of   339 ms (  5.5%): <average non-zero>
[53.281s][info][gc,stats    ] 
[53.281s][info][gc,metaspace] Metaspace: 6357K(6528K)->6357K(6528K) NonClass: 5750K(5824K)->5750K(5824K) Class: 606K(704K)->606K(704K)
[53.281s][info][gc,ergo     ] Pacer for Idle. Initial: 20971K, Alloc Tax Rate: 1.0x
[53.702s][info][gc          ] Trigger: Average GC time (62.91 ms) is above the time for average allocation rate (1890 MB/s) to deplete free headroom (91959K) (margin of error = 1.71)
[53.702s][info][gc,ergo     ] Free headroom: 141M (free) - 52428K (spike) - 0B (penalties) = 91959K
[53.702s][info][gc,ergo     ] Free: 140M, Max: 512K regular, 140M humongous, Frag: 0% external, 0% internal; Reserve: 52736K, Max: 512K
[53.702s][info][gc,start    ] GC(149) Concurrent reset
[53.702s][info][gc,task     ] GC(149) Using 1 of 3 workers for concurrent reset
[53.702s][info][gc,ergo     ] GC(149) Pacer for Reset. Non-Taxable: 1024M
[53.703s][info][gc          ] GC(149) Concurrent reset 0.511ms
[53.703s][info][gc,start    ] GC(149) Pause Init Mark (unload classes)
[53.703s][info][gc,task     ] GC(149) Using 3 of 3 workers for init marking
[53.703s][info][gc,ergo     ] GC(149) Pacer for Mark. Expected Live: 14264K, Free: 140M, Non-Taxable: 14336K, Alloc Tax Rate: 0.1x
[53.703s][info][gc          ] GC(149) Pause Init Mark (unload classes) 0.141ms
[53.711s][info][gc,start    ] GC(149) Concurrent marking roots
[53.711s][info][gc,task     ] GC(149) Using 1 of 3 workers for concurrent marking roots
[53.711s][info][gc          ] GC(149) Concurrent marking roots 0.575ms
[53.711s][info][gc,start    ] GC(149) Concurrent marking (unload classes)
[53.711s][info][gc,task     ] GC(149) Using 1 of 3 workers for concurrent marking
[53.717s][info][gc          ] GC(149) Concurrent marking (unload classes) 6.023ms
[53.717s][info][gc,start    ] GC(149) Pause Final Mark (unload classes)
[53.717s][info][gc,task     ] GC(149) Using 3 of 3 workers for final marking
[53.718s][info][gc,ergo     ] GC(149) Collectable Garbage: 777M (95%), Immediate: 777M (95%), CSet: 0B (0%)
[53.718s][info][gc          ] GC(149) Pause Final Mark (unload classes) 0.316ms
[53.718s][info][gc,start    ] GC(149) Concurrent weak references
[53.718s][info][gc,task     ] GC(149) Using 1 of 3 workers for concurrent weak references
[53.718s][info][gc,ref      ] GC(149) Encountered references: Soft: 132, Weak: 434, Final: 9, Phantom: 21
[53.718s][info][gc,ref      ] GC(149) Discovered  references: Soft: 0, Weak: 234, Final: 7, Phantom: 14
[53.718s][info][gc,ref      ] GC(149) Enqueued    references: Soft: 0, Weak: 0, Final: 0, Phantom: 0
[53.718s][info][gc          ] GC(149) Concurrent weak references 0.154ms
[53.718s][info][gc,start    ] GC(149) Concurrent weak roots
[53.718s][info][gc,task     ] GC(149) Using 1 of 3 workers for concurrent weak root
[53.722s][info][gc          ] GC(149) Concurrent weak roots 3.653ms
[53.722s][info][gc,start    ] GC(149) Concurrent cleanup
[53.722s][info][gc          ] GC(149) Concurrent cleanup 852M->75M(1024M) 0.123ms
[53.722s][info][gc,ergo     ] GC(149) Free: 895M, Max: 512K regular, 493M humongous, Frag: 45% external, 0% internal; Reserve: 52736K, Max: 512K
[53.722s][info][gc,start    ] GC(149) Concurrent class unloading
[53.722s][info][gc,task     ] GC(149) Using 1 of 3 workers for concurrent class unloading
[53.724s][info][gc          ] GC(149) Concurrent class unloading 2.069ms
[53.724s][info][gc,start    ] GC(149) Pause Final Roots
[53.724s][info][gc          ] GC(149) Pause Final Roots 0.025ms
[53.734s][info][gc,ergo     ] Free: 873M, Max: 512K regular, 473M humongous, Frag: 46% external, 0% internal; Reserve: 52736K, Max: 512K
[53.734s][info][gc,stats    ] 
[53.734s][info][gc,stats    ] All times are wall-clock times, except per-root-class counters, that are sum over
[53.734s][info][gc,stats    ] all workers. Dividing the <total> over the root stage time estimates parallelism.
[53.734s][info][gc,stats    ] 
[53.734s][info][gc,stats    ] Concurrent Reset                    556 us
[53.734s][info][gc,stats    ] Pause Init Mark (G)                8110 us
[53.734s][info][gc,stats    ] Pause Init Mark (N)                 151 us
[53.734s][info][gc,stats    ]   Update Region States               42 us
[53.734s][info][gc,stats    ] Concurrent Mark Roots               586 us, parallelism: 0.82x
[53.734s][info][gc,stats    ]   CMR: <total>                      483 us
[53.734s][info][gc,stats    ]   CMR: Thread Roots                 435 us, workers (us): 435, ---, ---, 
[53.734s][info][gc,stats    ]   CMR: VM Strong Roots                4 us, workers (us):   4, ---, ---, 
[53.734s][info][gc,stats    ]   CMR: CLDG Roots                    44 us, workers (us):  44, ---, ---, 
[53.734s][info][gc,stats    ] Concurrent Marking                 6056 us
[53.734s][info][gc,stats    ] Pause Final Mark (G)                391 us
[53.734s][info][gc,stats    ] Pause Final Mark (N)                339 us
[53.734s][info][gc,stats    ]   Finish Mark                        60 us
[53.734s][info][gc,stats    ]   Update Region States               53 us
[53.734s][info][gc,stats    ]   Choose Collection Set              76 us
[53.734s][info][gc,stats    ]   Rebuild Free Set                   21 us
[53.734s][info][gc,stats    ] Concurrent Weak References          175 us, parallelism: 0.05x
[53.734s][info][gc,stats    ]   CWRF: <total>                       9 us
[53.734s][info][gc,stats    ]   CWRF: Weak References               9 us, workers (us):   9, ---, ---, 
[53.734s][info][gc,stats    ] Concurrent Weak Roots              3690 us
[53.734s][info][gc,stats    ]   Roots                             589 us, parallelism: 0.93x
[53.734s][info][gc,stats    ]     CWR: <total>                    550 us
[53.734s][info][gc,stats    ]     CWR: Code Cache Roots           432 us, workers (us): 432, ---, ---, 
[53.734s][info][gc,stats    ]     CWR: VM Weak Roots              116 us, workers (us): 116, ---, ---, 
[53.734s][info][gc,stats    ]     CWR: CLDG Roots                   2 us, workers (us):   2, ---, ---, 
[53.734s][info][gc,stats    ]   Rendezvous                       3020 us
[53.734s][info][gc,stats    ] Concurrent Cleanup                  132 us
[53.734s][info][gc,stats    ] Concurrent Class Unloading         2089 us
[53.734s][info][gc,stats    ]   Unlink Stale                     1677 us
[53.734s][info][gc,stats    ]     System Dictionary                 2 us
[53.734s][info][gc,stats    ]     Weak Class Links                  0 us
[53.734s][info][gc,stats    ]     Code Roots                     1675 us
[53.734s][info][gc,stats    ]   Rendezvous                        324 us
[53.734s][info][gc,stats    ]   Purge Unlinked                     51 us
[53.734s][info][gc,stats    ]     Code Roots                       48 us
[53.734s][info][gc,stats    ]     CLDG                              3 us
[53.734s][info][gc,stats    ]     Exception Caches                  0 us
[53.734s][info][gc,stats    ] Pause Final Roots (G)              9744 us
[53.734s][info][gc,stats    ] Pause Final Roots (N)                33 us
[53.734s][info][gc,stats    ] Pacing                            40936 us
[53.734s][info][gc,stats    ] 
[53.734s][info][gc,stats    ] Allocation pacing accrued:
[53.734s][info][gc,stats    ]       7 of   453 ms (  1.5%): Thread-66
[53.734s][info][gc,stats    ]       7 of   453 ms (  1.6%): Thread-67
[53.734s][info][gc,stats    ]       7 of   453 ms (  1.6%): Thread-68
[53.734s][info][gc,stats    ]       6 of   453 ms (  1.4%): Thread-69
[53.734s][info][gc,stats    ]       6 of   453 ms (  1.4%): Thread-70
[53.734s][info][gc,stats    ]       7 of   453 ms (  1.6%): Thread-71
[53.734s][info][gc,stats    ]      41 of   453 ms (  9.0%): <total>
[53.734s][info][gc,stats    ]       2 of   453 ms (  0.5%): <average total>
[53.734s][info][gc,stats    ]       7 of   453 ms (  1.5%): <average non-zero>
[53.734s][info][gc,stats    ] 
[53.734s][info][gc,metaspace] Metaspace: 6357K(6528K)->6357K(6528K) NonClass: 5750K(5824K)->5750K(5824K) Class: 606K(704K)->606K(704K)
[53.734s][info][gc,ergo     ] Pacer for Idle. Initial: 20971K, Alloc Tax Rate: 1.0x
[54.097s][info][gc          ] Trigger: Average GC time (54.13 ms) is above the time for average allocation rate (2041 MB/s) to deplete free headroom (101M) (margin of error = 1.72)
[54.097s][info][gc,ergo     ] Free headroom: 153M (free) - 52428K (spike) - 0B (penalties) = 101M
[54.097s][info][gc,ergo     ] Free: 153M, Max: 512K regular, 120M humongous, Frag: 22% external, 0% internal; Reserve: 52736K, Max: 512K
[54.097s][info][gc,start    ] GC(150) Concurrent reset
[54.097s][info][gc,task     ] GC(150) Using 1 of 3 workers for concurrent reset
[54.097s][info][gc,ergo     ] GC(150) Pacer for Reset. Non-Taxable: 1024M
[54.097s][info][gc          ] GC(150) Concurrent reset 0.243ms
[54.097s][info][gc,start    ] GC(150) Pause Init Mark (unload classes)
[54.098s][info][gc,task     ] GC(150) Using 3 of 3 workers for init marking
[54.098s][info][gc,ergo     ] GC(150) Pacer for Mark. Expected Live: 14256K, Free: 153M, Non-Taxable: 15667K, Alloc Tax Rate: 0.1x
[54.098s][info][gc          ] GC(150) Pause Init Mark (unload classes) 0.491ms
[54.099s][info][gc,start    ] GC(150) Concurrent marking roots
[54.099s][info][gc,task     ] GC(150) Using 1 of 3 workers for concurrent marking roots
[54.100s][info][gc          ] GC(150) Concurrent marking roots 0.632ms
[54.100s][info][gc,start    ] GC(150) Concurrent marking (unload classes)
[54.100s][info][gc,task     ] GC(150) Using 1 of 3 workers for concurrent marking
[54.110s][info][gc          ] GC(150) Concurrent marking (unload classes) 9.839ms
[54.110s][info][gc,start    ] GC(150) Pause Final Mark (unload classes)
[54.110s][info][gc,task     ] GC(150) Using 3 of 3 workers for final marking
[54.110s][info][gc,ergo     ] GC(150) Collectable Garbage: 746M (92%), Immediate: 746M (92%), CSet: 0B (0%)
[54.110s][info][gc          ] GC(150) Pause Final Mark (unload classes) 0.178ms
[54.114s][info][gc,start    ] GC(150) Concurrent weak references
[54.114s][info][gc,task     ] GC(150) Using 1 of 3 workers for concurrent weak references
[54.114s][info][gc,ref      ] GC(150) Encountered references: Soft: 132, Weak: 434, Final: 9, Phantom: 21
[54.114s][info][gc,ref      ] GC(150) Discovered  references: Soft: 0, Weak: 234, Final: 7, Phantom: 14
[54.114s][info][gc,ref      ] GC(150) Enqueued    references: Soft: 0, Weak: 0, Final: 0, Phantom: 0
[54.114s][info][gc          ] GC(150) Concurrent weak references 0.100ms
[54.114s][info][gc,start    ] GC(150) Concurrent weak roots
[54.114s][info][gc,task     ] GC(150) Using 1 of 3 workers for concurrent weak root
[54.116s][info][gc          ] GC(150) Concurrent weak roots 1.970ms
[54.116s][info][gc,start    ] GC(150) Concurrent cleanup
[54.116s][info][gc          ] GC(150) Concurrent cleanup 845M->99M(1024M) 0.108ms
[54.116s][info][gc,ergo     ] GC(150) Free: 872M, Max: 512K regular, 493M humongous, Frag: 44% external, 0% internal; Reserve: 52736K, Max: 512K
[54.116s][info][gc,start    ] GC(150) Concurrent class unloading
[54.116s][info][gc,task     ] GC(150) Using 1 of 3 workers for concurrent class unloading
[54.124s][info][gc          ] GC(150) Concurrent class unloading 7.865ms
[54.124s][info][gc,start    ] GC(150) Pause Final Roots
[54.124s][info][gc          ] GC(150) Pause Final Roots 0.048ms
[54.126s][info][gc,ergo     ] Free: 856M, Max: 512K regular, 479M humongous, Frag: 44% external, 0% internal; Reserve: 52736K, Max: 512K
[54.126s][info][gc,stats    ] 
[54.126s][info][gc,stats    ] All times are wall-clock times, except per-root-class counters, that are sum over
[54.126s][info][gc,stats    ] all workers. Dividing the <total> over the root stage time estimates parallelism.
[54.126s][info][gc,stats    ] 
[54.126s][info][gc,stats    ] Concurrent Reset                    254 us
[54.126s][info][gc,stats    ] Pause Init Mark (G)                1862 us
[54.126s][info][gc,stats    ] Pause Init Mark (N)                 501 us
[54.126s][info][gc,stats    ]   Update Region States              405 us
[54.126s][info][gc,stats    ] Concurrent Mark Roots               650 us, parallelism: 0.87x
[54.126s][info][gc,stats    ]   CMR: <total>                      564 us
[54.126s][info][gc,stats    ]   CMR: Thread Roots                 511 us, workers (us): 511, ---, ---, 
[54.126s][info][gc,stats    ]   CMR: VM Strong Roots                6 us, workers (us):   6, ---, ---, 
[54.126s][info][gc,stats    ]   CMR: CLDG Roots                    47 us, workers (us):  47, ---, ---, 
[54.126s][info][gc,stats    ] Concurrent Marking                 9891 us
[54.126s][info][gc,stats    ] Pause Final Mark (G)               4020 us
[54.126s][info][gc,stats    ] Pause Final Mark (N)                188 us
[54.126s][info][gc,stats    ]   Finish Mark                        45 us
[54.126s][info][gc,stats    ]   Update Region States               35 us
[54.126s][info][gc,stats    ]   Choose Collection Set              43 us
[54.126s][info][gc,stats    ]   Rebuild Free Set                    8 us
[54.126s][info][gc,stats    ] Concurrent Weak References          109 us, parallelism: 0.06x
[54.126s][info][gc,stats    ]   CWRF: <total>                       7 us
[54.126s][info][gc,stats    ]   CWRF: Weak References               7 us, workers (us):   7, ---, ---, 
[54.126s][info][gc,stats    ] Concurrent Weak Roots              1999 us
[54.126s][info][gc,stats    ]   Roots                             482 us, parallelism: 0.95x
[54.126s][info][gc,stats    ]     CWR: <total>                    456 us
[54.126s][info][gc,stats    ]     CWR: Code Cache Roots           388 us, workers (us): 388, ---, ---, 
[54.126s][info][gc,stats    ]     CWR: VM Weak Roots               66 us, workers (us):  66, ---, ---, 
[54.126s][info][gc,stats    ]     CWR: CLDG Roots                   3 us, workers (us):   3, ---, ---, 
[54.126s][info][gc,stats    ]   Rendezvous                       1470 us
[54.126s][info][gc,stats    ] Concurrent Cleanup                  117 us
[54.126s][info][gc,stats    ] Concurrent Class Unloading         7903 us
[54.126s][info][gc,stats    ]   Unlink Stale                     1767 us
[54.126s][info][gc,stats    ]     System Dictionary                 3 us
[54.126s][info][gc,stats    ]     Weak Class Links                  0 us
[54.126s][info][gc,stats    ]     Code Roots                     1764 us
[54.126s][info][gc,stats    ]   Rendezvous                       5996 us
[54.126s][info][gc,stats    ]   Purge Unlinked                     77 us
[54.126s][info][gc,stats    ]     Code Roots                       72 us
[54.126s][info][gc,stats    ]     CLDG                              5 us
[54.126s][info][gc,stats    ]     Exception Caches                  0 us
[54.126s][info][gc,stats    ] Pause Final Roots (G)              1872 us
[54.126s][info][gc,stats    ] Pause Final Roots (N)                57 us
[54.126s][info][gc,stats    ] Pacing                            25301 us
[54.126s][info][gc,stats    ] 
[54.126s][info][gc,stats    ] Allocation pacing accrued:
[54.126s][info][gc,stats    ]       4 of   392 ms (  1.0%): Thread-66
[54.126s][info][gc,stats    ]       4 of   392 ms (  1.0%): Thread-67
[54.126s][info][gc,stats    ]       4 of   392 ms (  1.1%): Thread-68
[54.126s][info][gc,stats    ]       4 of   392 ms (  0.9%): Thread-69
[54.126s][info][gc,stats    ]       4 of   392 ms (  1.0%): Thread-70
[54.126s][info][gc,stats    ]       5 of   392 ms (  1.3%): Thread-71
[54.126s][info][gc,stats    ]      25 of   392 ms (  6.5%): <total>
[54.126s][info][gc,stats    ]       1 of   392 ms (  0.3%): <average total>
[54.126s][info][gc,stats    ]       4 of   392 ms (  1.1%): <average non-zero>
[54.126s][info][gc,stats    ] 
[54.126s][info][gc,metaspace] Metaspace: 6357K(6528K)->6357K(6528K) NonClass: 5750K(5824K)->5750K(5824K) Class: 606K(704K)->606K(704K)
[54.126s][info][gc,ergo     ] Pacer for Idle. Initial: 20971K, Alloc Tax Rate: 1.0x
[54.492s][info][gc          ] Trigger: Average GC time (46.95 ms) is above the time for average allocation rate (1989 MB/s) to deplete free headroom (76087K) (margin of error = 1.73)
[54.492s][info][gc,ergo     ] Free headroom: 125M (free) - 52428K (spike) - 0B (penalties) = 76087K
[54.492s][info][gc,ergo     ] Free: 125M, Max: 512K regular, 125M humongous, Frag: 0% external, 0% internal; Reserve: 52736K, Max: 512K
[54.492s][info][gc,start    ] GC(151) Concurrent reset
[54.492s][info][gc,task     ] GC(151) Using 1 of 3 workers for concurrent reset
[54.492s][info][gc,ergo     ] GC(151) Pacer for Reset. Non-Taxable: 1024M
[54.492s][info][gc          ] GC(151) Concurrent reset 0.348ms
[54.492s][info][gc,start    ] GC(151) Pause Init Mark (unload classes)
[54.492s][info][gc,task     ] GC(151) Using 3 of 3 workers for init marking
[54.492s][info][gc,ergo     ] GC(151) Pacer for Mark. Expected Live: 14202K, Free: 124M, Non-Taxable: 12749K, Alloc Tax Rate: 0.1x
[54.492s][info][gc          ] GC(151) Pause Init Mark (unload classes) 0.159ms
[54.497s][info][gc,start    ] GC(151) Concurrent marking roots
[54.497s][info][gc,task     ] GC(151) Using 1 of 3 workers for concurrent marking roots
[54.497s][info][gc          ] GC(151) Concurrent marking roots 0.601ms
[54.497s][info][gc,start    ] GC(151) Concurrent marking (unload classes)
[54.497s][info][gc,task     ] GC(151) Using 1 of 3 workers for concurrent marking
[54.504s][info][gc          ] GC(151) Concurrent marking (unload classes) 6.199ms
[54.504s][info][gc,start    ] GC(151) Pause Final Mark (unload classes)
[54.504s][info][gc,task     ] GC(151) Using 3 of 3 workers for final marking
[54.504s][info][gc,ergo     ] GC(151) Adaptive CSet Selection. Target Free: 145M, Actual Free: 914M, Max CSet: 43690K, Min Garbage: 0B
[54.504s][info][gc,ergo     ] GC(151) Collectable Garbage: 832M (99%), Immediate: 750M (90%), CSet: 84191K (9%)
[54.504s][info][gc,ergo     ] GC(151) Pacer for Evacuation. Used CSet: 86528K, Free: 863M, Non-Taxable: 88371K, Alloc Tax Rate: 1.1x
[54.504s][info][gc          ] GC(151) Pause Final Mark (unload classes) 0.369ms
[54.504s][info][gc,start    ] GC(151) Concurrent thread roots
[54.504s][info][gc,task     ] GC(151) Using 1 of 3 workers for Concurrent thread roots
[54.505s][info][gc          ] GC(151) Concurrent thread roots 1.076ms
[54.505s][info][gc,start    ] GC(151) Concurrent weak references
[54.505s][info][gc,task     ] GC(151) Using 1 of 3 workers for concurrent weak references
[54.505s][info][gc,ref      ] GC(151) Encountered references: Soft: 132, Weak: 434, Final: 9, Phantom: 21
[54.505s][info][gc,ref      ] GC(151) Discovered  references: Soft: 0, Weak: 234, Final: 7, Phantom: 14
[54.505s][info][gc,ref      ] GC(151) Enqueued    references: Soft: 0, Weak: 0, Final: 0, Phantom: 0
[54.505s][info][gc          ] GC(151) Concurrent weak references 0.080ms
[54.505s][info][gc,start    ] GC(151) Concurrent weak roots
[54.505s][info][gc,task     ] GC(151) Using 1 of 3 workers for concurrent weak root
[54.506s][info][gc          ] GC(151) Concurrent weak roots 0.525ms
[54.506s][info][gc,start    ] GC(151) Concurrent cleanup
[54.506s][info][gc          ] GC(151) Concurrent cleanup 859M->108M(1024M) 0.096ms
[54.506s][info][gc,ergo     ] GC(151) Free: 863M, Max: 512K regular, 493M humongous, Frag: 43% external, 0% internal; Reserve: 52336K, Max: 512K
[54.506s][info][gc,start    ] GC(151) Concurrent class unloading
[54.506s][info][gc,task     ] GC(151) Using 1 of 3 workers for concurrent class unloading
[54.508s][info][gc          ] GC(151) Concurrent class unloading 1.832ms
[54.508s][info][gc,start    ] GC(151) Concurrent strong roots
[54.508s][info][gc,task     ] GC(151) Using 1 of 3 workers for concurrent strong root
[54.508s][info][gc          ] GC(151) Concurrent strong roots 0.075ms
[54.508s][info][gc,start    ] GC(151) Concurrent evacuation
[54.508s][info][gc,task     ] GC(151) Using 1 of 3 workers for concurrent evacuation
[54.509s][info][gc          ] GC(151) Concurrent evacuation 1.485ms
[54.510s][info][gc,start    ] GC(151) Pause Init Update Refs
[54.510s][info][gc,ergo     ] GC(151) Pacer for Update Refs. Used: 115M, Free: 859M, Non-Taxable: 87962K, Alloc Tax Rate: 1.1x
[54.510s][info][gc          ] GC(151) Pause Init Update Refs 0.065ms
[54.517s][info][gc,start    ] GC(151) Concurrent update references
[54.518s][info][gc,task     ] GC(151) Using 1 of 3 workers for concurrent reference update
[54.522s][info][gc          ] GC(151) Concurrent update references 4.728ms
[54.522s][info][gc,start    ] GC(151) Concurrent update thread roots
[54.523s][info][gc          ] GC(151) Concurrent update thread roots 0.551ms
[54.523s][info][gc,start    ] GC(151) Pause Final Update Refs
[54.523s][info][gc,task     ] GC(151) Using 3 of 3 workers for final reference update
[54.523s][info][gc          ] GC(151) Pause Final Update Refs 0.098ms
[54.523s][info][gc,start    ] GC(151) Concurrent cleanup
[54.523s][info][gc          ] GC(151) Concurrent cleanup 137M->53M(1024M) 0.028ms
[54.523s][info][gc,ergo     ] Free: 918M, Max: 512K regular, 469M humongous, Frag: 49% external, 0% internal; Reserve: 52736K, Max: 512K
[54.523s][info][gc,stats    ] 
[54.523s][info][gc,stats    ] All times are wall-clock times, except per-root-class counters, that are sum over
[54.523s][info][gc,stats    ] all workers. Dividing the <total> over the root stage time estimates parallelism.
[54.523s][info][gc,stats    ] 
[54.523s][info][gc,stats    ] Concurrent Reset                    368 us
[54.523s][info][gc,stats    ] Pause Init Mark (G)                4749 us
[54.523s][info][gc,stats    ] Pause Init Mark (N)                 169 us
[54.523s][info][gc,stats    ]   Update Region States               55 us
[54.523s][info][gc,stats    ] Concurrent Mark Roots               625 us, parallelism: 0.83x
[54.523s][info][gc,stats    ]   CMR: <total>                      517 us
[54.523s][info][gc,stats    ]   CMR: Thread Roots                 464 us, workers (us): 464, ---, ---, 
[54.523s][info][gc,stats    ]   CMR: VM Strong Roots                5 us, workers (us):   5, ---, ---, 
[54.523s][info][gc,stats    ]   CMR: CLDG Roots                    48 us, workers (us):  48, ---, ---, 
[54.523s][info][gc,stats    ] Concurrent Marking                 6276 us
[54.523s][info][gc,stats    ] Pause Final Mark (G)                445 us
[54.523s][info][gc,stats    ] Pause Final Mark (N)                390 us
[54.523s][info][gc,stats    ]   Finish Mark                        63 us
[54.523s][info][gc,stats    ]   Update Region States               53 us
[54.523s][info][gc,stats    ]   Choose Collection Set             140 us
[54.523s][info][gc,stats    ]   Rebuild Free Set                   22 us
[54.523s][info][gc,stats    ] Concurrent Thread Roots            1085 us, parallelism: 0.93x
[54.523s][info][gc,stats    ]   CTR: <total>                     1003 us
[54.523s][info][gc,stats    ]   CTR: Thread Roots                1003 us, workers (us): 1003, ---, ---, 
[54.523s][info][gc,stats    ] Concurrent Weak References           87 us, parallelism: 0.21x
[54.523s][info][gc,stats    ]   CWRF: <total>                      19 us
[54.523s][info][gc,stats    ]   CWRF: Weak References              19 us, workers (us):  19, ---, ---, 
[54.524s][info][gc,stats    ] Concurrent Weak Roots               546 us
[54.524s][info][gc,stats    ]   Roots                             480 us, parallelism: 0.95x
[54.524s][info][gc,stats    ]     CWR: <total>                    456 us
[54.524s][info][gc,stats    ]     CWR: Code Cache Roots           351 us, workers (us): 351, ---, ---, 
[54.524s][info][gc,stats    ]     CWR: VM Weak Roots              102 us, workers (us): 102, ---, ---, 
[54.524s][info][gc,stats    ]     CWR: CLDG Roots                   2 us, workers (us):   2, ---, ---, 
[54.524s][info][gc,stats    ]   Rendezvous                         30 us
[54.524s][info][gc,stats    ] Concurrent Cleanup                  105 us
[54.524s][info][gc,stats    ] Concurrent Class Unloading         1859 us
[54.524s][info][gc,stats    ]   Unlink Stale                     1587 us
[54.524s][info][gc,stats    ]     System Dictionary                 2 us
[54.524s][info][gc,stats    ]     Weak Class Links                  0 us
[54.524s][info][gc,stats    ]     Code Roots                     1584 us
[54.524s][info][gc,stats    ]   Rendezvous                        161 us
[54.524s][info][gc,stats    ]   Purge Unlinked                     68 us
[54.524s][info][gc,stats    ]     Code Roots                       64 us
[54.524s][info][gc,stats    ]     CLDG                              4 us
[54.524s][info][gc,stats    ]     Exception Caches                  0 us
[54.524s][info][gc,stats    ] Concurrent Strong Roots              84 us, parallelism: 0.56x
[54.524s][info][gc,stats    ]   CSR: <total>                       47 us
[54.524s][info][gc,stats    ]   CSR: VM Strong Roots                4 us, workers (us):   4, ---, ---, 
[54.524s][info][gc,stats    ]   CSR: CLDG Roots                    43 us, workers (us):  43, ---, ---, 
[54.524s][info][gc,stats    ] Concurrent Evacuation              1523 us
[54.524s][info][gc,stats    ] Pause Init Update Refs (G)         7984 us
[54.524s][info][gc,stats    ] Pause Init Update Refs (N)           82 us
[54.524s][info][gc,stats    ]   Manage GCLABs                       3 us
[54.524s][info][gc,stats    ] Concurrent Update Refs             4773 us
[54.524s][info][gc,stats    ] Concurrent Update Thread Roots      567 us
[54.524s][info][gc,stats    ] Pause Final Update Refs (G)         413 us
[54.524s][info][gc,stats    ] Pause Final Update Refs (N)         117 us
[54.524s][info][gc,stats    ]   Update Region States               41 us
[54.524s][info][gc,stats    ]   Trash Collection Set                5 us
[54.524s][info][gc,stats    ]   Rebuild Free Set                   15 us
[54.524s][info][gc,stats    ] Concurrent Cleanup                   37 us
[54.524s][info][gc,stats    ] Pacing                            61237 us
[54.524s][info][gc,stats    ] 
[54.524s][info][gc,stats    ] Allocation pacing accrued:
[54.524s][info][gc,stats    ]      11 of   397 ms (  2.8%): Thread-66
[54.524s][info][gc,stats    ]      10 of   397 ms (  2.5%): Thread-67
[54.524s][info][gc,stats    ]      10 of   397 ms (  2.6%): Thread-68
[54.524s][info][gc,stats    ]      10 of   397 ms (  2.5%): Thread-69
[54.524s][info][gc,stats    ]      10 of   397 ms (  2.5%): Thread-70
[54.524s][info][gc,stats    ]      10 of   397 ms (  2.5%): Thread-71
[54.524s][info][gc,stats    ]      61 of   397 ms ( 15.4%): <total>
[54.524s][info][gc,stats    ]       3 of   397 ms (  0.8%): <average total>
[54.524s][info][gc,stats    ]      10 of   397 ms (  2.6%): <average non-zero>
[54.524s][info][gc,stats    ] 
[54.524s][info][gc,metaspace] Metaspace: 6357K(6528K)->6357K(6528K) NonClass: 5750K(5824K)->5750K(5824K) Class: 606K(704K)->606K(704K)
[54.524s][info][gc,ergo     ] Pacer for Idle. Initial: 20971K, Alloc Tax Rate: 1.0x
[54.839s][info][gc          ] Trigger: Average GC time (42.19 ms) is above the time for average allocation rate (2416 MB/s) to deplete free headroom (71479K) (margin of error = 1.72)
[54.839s][info][gc,ergo     ] Free headroom: 121M (free) - 52428K (spike) - 0B (penalties) = 71479K
[54.839s][info][gc,ergo     ] Free: 121M, Max: 512K regular, 110M humongous, Frag: 9% external, 0% internal; Reserve: 52736K, Max: 512K
[54.839s][info][gc,start    ] GC(152) Concurrent reset
[54.839s][info][gc,task     ] GC(152) Using 1 of 3 workers for concurrent reset
[54.839s][info][gc,ergo     ] GC(152) Pacer for Reset. Non-Taxable: 1024M
[54.840s][info][gc          ] GC(152) Concurrent reset 0.412ms
[54.840s][info][gc,start    ] GC(152) Pause Init Mark (unload classes)
[54.840s][info][gc,task     ] GC(152) Using 3 of 3 workers for init marking
[54.840s][info][gc,ergo     ] GC(152) Pacer for Mark. Expected Live: 14192K, Free: 120M, Non-Taxable: 12288K, Alloc Tax Rate: 0.1x
[54.840s][info][gc          ] GC(152) Pause Init Mark (unload classes) 0.126ms
[54.845s][info][gc,start    ] GC(152) Concurrent marking roots
[54.845s][info][gc,task     ] GC(152) Using 1 of 3 workers for concurrent marking roots
[54.845s][info][gc          ] GC(152) Concurrent marking roots 0.588ms
[54.845s][info][gc,start    ] GC(152) Concurrent marking (unload classes)
[54.845s][info][gc,task     ] GC(152) Using 1 of 3 workers for concurrent marking
[54.852s][info][gc          ] GC(152) Concurrent marking (unload classes) 6.484ms
[54.852s][info][gc,start    ] GC(152) Pause Final Mark (unload classes)
[54.852s][info][gc,task     ] GC(152) Using 3 of 3 workers for final marking
[54.852s][info][gc,ergo     ] GC(152) Adaptive CSet Selection. Target Free: 145M, Actual Free: 894M, Max CSet: 43690K, Min Garbage: 0B
[54.852s][info][gc,ergo     ] GC(152) Collectable Garbage: 837M (99%), Immediate: 734M (87%), CSet: 102M (12%)
[54.852s][info][gc,ergo     ] GC(152) Pacer for Evacuation. Used CSet: 105M, Free: 842M, Non-Taxable: 86272K, Alloc Tax Rate: 1.1x
[54.852s][info][gc          ] GC(152) Pause Final Mark (unload classes) 0.259ms
[54.852s][info][gc,start    ] GC(152) Concurrent thread roots
[54.852s][info][gc,task     ] GC(152) Using 1 of 3 workers for Concurrent thread roots
[54.853s][info][gc          ] GC(152) Concurrent thread roots 1.094ms
[54.853s][info][gc,start    ] GC(152) Concurrent weak references
[54.853s][info][gc,task     ] GC(152) Using 1 of 3 workers for concurrent weak references
[54.853s][info][gc,ref      ] GC(152) Encountered references: Soft: 132, Weak: 434, Final: 9, Phantom: 21
[54.853s][info][gc,ref      ] GC(152) Discovered  references: Soft: 0, Weak: 234, Final: 7, Phantom: 14
[54.853s][info][gc,ref      ] GC(152) Enqueued    references: Soft: 0, Weak: 0, Final: 0, Phantom: 0
[54.853s][info][gc          ] GC(152) Concurrent weak references 0.084ms
[54.853s][info][gc,start    ] GC(152) Concurrent weak roots
[54.853s][info][gc,task     ] GC(152) Using 1 of 3 workers for concurrent weak root
[54.854s][info][gc          ] GC(152) Concurrent weak roots 0.659ms
[54.854s][info][gc,start    ] GC(152) Concurrent cleanup
[54.854s][info][gc          ] GC(152) Concurrent cleanup 863M->129M(1024M) 0.161ms
[54.854s][info][gc,ergo     ] GC(152) Free: 842M, Max: 512K regular, 302M humongous, Frag: 65% external, 0% internal; Reserve: 52465K, Max: 512K
[54.854s][info][gc,start    ] GC(152) Concurrent class unloading
[54.854s][info][gc,task     ] GC(152) Using 1 of 3 workers for concurrent class unloading
[54.861s][info][gc          ] GC(152) Concurrent class unloading 6.386ms
[54.861s][info][gc,start    ] GC(152) Concurrent strong roots
[54.861s][info][gc,task     ] GC(152) Using 1 of 3 workers for concurrent strong root
[54.861s][info][gc          ] GC(152) Concurrent strong roots 0.095ms
[54.861s][info][gc,start    ] GC(152) Concurrent evacuation
[54.861s][info][gc,task     ] GC(152) Using 1 of 3 workers for concurrent evacuation
[54.862s][info][gc          ] GC(152) Concurrent evacuation 1.603ms
[54.863s][info][gc,start    ] GC(152) Pause Init Update Refs
[54.863s][info][gc,ergo     ] GC(152) Pacer for Update Refs. Used: 147M, Free: 826M, Non-Taxable: 84634K, Alloc Tax Rate: 1.1x
[54.863s][info][gc          ] GC(152) Pause Init Update Refs 0.048ms
[54.867s][info][gc,start    ] GC(152) Concurrent update references
[54.867s][info][gc,task     ] GC(152) Using 1 of 3 workers for concurrent reference update
[54.871s][info][gc          ] GC(152) Concurrent update references 4.928ms
[54.872s][info][gc,start    ] GC(152) Concurrent update thread roots
[54.872s][info][gc          ] GC(152) Concurrent update thread roots 0.573ms
[54.872s][info][gc,start    ] GC(152) Pause Final Update Refs
[54.872s][info][gc,task     ] GC(152) Using 3 of 3 workers for final reference update
[54.872s][info][gc          ] GC(152) Pause Final Update Refs 0.095ms
[54.878s][info][gc,start    ] GC(152) Concurrent cleanup
[54.878s][info][gc          ] GC(152) Concurrent cleanup 175M->70M(1024M) 0.038ms
[54.878s][info][gc,ergo     ] Free: 900M, Max: 512K regular, 452M humongous, Frag: 50% external, 0% internal; Reserve: 52736K, Max: 512K
[54.878s][info][gc,stats    ] 
[54.878s][info][gc,stats    ] All times are wall-clock times, except per-root-class counters, that are sum over
[54.878s][info][gc,stats    ] all workers. Dividing the <total> over the root stage time estimates parallelism.
[54.878s][info][gc,stats    ] 
[54.878s][info][gc,stats    ] Concurrent Reset                    432 us
[54.878s][info][gc,stats    ] Pause Init Mark (G)                5238 us
[54.878s][info][gc,stats    ] Pause Init Mark (N)                 136 us
[54.878s][info][gc,stats    ]   Update Region States               43 us
[54.878s][info][gc,stats    ] Concurrent Mark Roots               600 us, parallelism: 0.82x
[54.878s][info][gc,stats    ]   CMR: <total>                      490 us
[54.878s][info][gc,stats    ]   CMR: Thread Roots                 439 us, workers (us): 439, ---, ---, 
[54.878s][info][gc,stats    ]   CMR: VM Strong Roots                6 us, workers (us):   6, ---, ---, 
[54.878s][info][gc,stats    ]   CMR: CLDG Roots                    45 us, workers (us):  45, ---, ---, 
[54.878s][info][gc,stats    ] Concurrent Marking                 6536 us
[54.878s][info][gc,stats    ] Pause Final Mark (G)                308 us
[54.878s][info][gc,stats    ] Pause Final Mark (N)                268 us
[54.878s][info][gc,stats    ]   Finish Mark                        52 us
[54.878s][info][gc,stats    ]   Update Region States               52 us
[54.878s][info][gc,stats    ]   Choose Collection Set              72 us
[54.878s][info][gc,stats    ]   Rebuild Free Set                    9 us
[54.878s][info][gc,stats    ] Concurrent Thread Roots            1103 us, parallelism: 0.92x
[54.878s][info][gc,stats    ]   CTR: <total>                     1011 us
[54.878s][info][gc,stats    ]   CTR: Thread Roots                1011 us, workers (us): 1011, ---, ---, 
[54.878s][info][gc,stats    ] Concurrent Weak References           91 us, parallelism: 0.26x
[54.878s][info][gc,stats    ]   CWRF: <total>                      23 us
[54.878s][info][gc,stats    ]   CWRF: Weak References              23 us, workers (us):  23, ---, ---, 
[54.878s][info][gc,stats    ] Concurrent Weak Roots               678 us
[54.878s][info][gc,stats    ]   Roots                             608 us, parallelism: 0.94x
[54.878s][info][gc,stats    ]     CWR: <total>                    573 us
[54.878s][info][gc,stats    ]     CWR: Code Cache Roots           351 us, workers (us): 351, ---, ---, 
[54.878s][info][gc,stats    ]     CWR: VM Weak Roots              221 us, workers (us): 221, ---, ---, 
[54.878s][info][gc,stats    ]     CWR: CLDG Roots                   2 us, workers (us):   2, ---, ---, 
[54.878s][info][gc,stats    ]   Rendezvous                         35 us
[54.878s][info][gc,stats    ] Concurrent Cleanup                  178 us
[54.878s][info][gc,stats    ] Concurrent Class Unloading         6424 us
[54.878s][info][gc,stats    ]   Unlink Stale                     1664 us
[54.878s][info][gc,stats    ]     System Dictionary                 3 us
[54.878s][info][gc,stats    ]     Weak Class Links                  0 us
[54.878s][info][gc,stats    ]     Code Roots                     1660 us
[54.878s][info][gc,stats    ]   Rendezvous                       4575 us
[54.878s][info][gc,stats    ]   Purge Unlinked                    112 us
[54.878s][info][gc,stats    ]     Code Roots                      107 us
[54.878s][info][gc,stats    ]     CLDG                              5 us
[54.879s][info][gc,stats    ]     Exception Caches                  0 us
[54.879s][info][gc,stats    ] Concurrent Strong Roots             104 us, parallelism: 0.60x
[54.879s][info][gc,stats    ]   CSR: <total>                       62 us
[54.879s][info][gc,stats    ]   CSR: VM Strong Roots                7 us, workers (us):   7, ---, ---, 
[54.879s][info][gc,stats    ]   CSR: CLDG Roots                    55 us, workers (us):  55, ---, ---, 
[54.879s][info][gc,stats    ] Concurrent Evacuation              1645 us
[54.879s][info][gc,stats    ] Pause Init Update Refs (G)         4005 us
[54.879s][info][gc,stats    ] Pause Init Update Refs (N)           61 us
[54.879s][info][gc,stats    ]   Manage GCLABs                       3 us
[54.879s][info][gc,stats    ] Concurrent Update Refs             4976 us
[54.879s][info][gc,stats    ] Concurrent Update Thread Roots      590 us
[54.879s][info][gc,stats    ] Pause Final Update Refs (G)        5990 us
[54.879s][info][gc,stats    ] Pause Final Update Refs (N)         122 us
[54.879s][info][gc,stats    ]   Update Region States               38 us
[54.879s][info][gc,stats    ]   Trash Collection Set                8 us
[54.879s][info][gc,stats    ]   Rebuild Free Set                   15 us
[54.879s][info][gc,stats    ] Concurrent Cleanup                   48 us
[54.879s][info][gc,stats    ] Pacing                           100357 us
[54.879s][info][gc,stats    ] 
[54.879s][info][gc,stats    ] Allocation pacing accrued:
[54.879s][info][gc,stats    ]      18 of   355 ms (  5.1%): Thread-66
[54.879s][info][gc,stats    ]      16 of   355 ms (  4.4%): Thread-67
[54.879s][info][gc,stats    ]      16 of   355 ms (  4.6%): Thread-68
[54.879s][info][gc,stats    ]      17 of   355 ms (  4.7%): Thread-69
[54.879s][info][gc,stats    ]      16 of   355 ms (  4.4%): Thread-70
[54.879s][info][gc,stats    ]      18 of   355 ms (  5.1%): Thread-71
[54.879s][info][gc,stats    ]     100 of   355 ms ( 28.3%): <total>
[54.879s][info][gc,stats    ]       5 of   355 ms (  1.5%): <average total>
[54.879s][info][gc,stats    ]      17 of   355 ms (  4.7%): <average non-zero>
[54.879s][info][gc,stats    ] 
[54.879s][info][gc,metaspace] Metaspace: 6357K(6528K)->6357K(6528K) NonClass: 5750K(5824K)->5750K(5824K) Class: 606K(704K)->606K(704K)
[54.879s][info][gc,ergo     ] Pacer for Idle. Initial: 20971K, Alloc Tax Rate: 1.0x
[55.218s][info][gc          ] Trigger: Average GC time (44.82 ms) is above the time for average allocation rate (2158 MB/s) to deplete free headroom (98615K) (margin of error = 1.72)
[55.218s][info][gc,ergo     ] Free headroom: 147M (free) - 52428K (spike) - 0B (penalties) = 98615K
[55.218s][info][gc,ergo     ] Free: 147M, Max: 512K regular, 108M humongous, Frag: 27% external, 0% internal; Reserve: 52736K, Max: 512K
[55.218s][info][gc,start    ] GC(153) Concurrent reset
[55.218s][info][gc,task     ] GC(153) Using 1 of 3 workers for concurrent reset
[55.218s][info][gc,ergo     ] GC(153) Pacer for Reset. Non-Taxable: 1024M
[55.218s][info][gc          ] GC(153) Concurrent reset 0.455ms
[55.218s][info][gc,start    ] GC(153) Pause Init Mark (unload classes)
[55.218s][info][gc,task     ] GC(153) Using 3 of 3 workers for init marking
[55.218s][info][gc,ergo     ] GC(153) Pacer for Mark. Expected Live: 14189K, Free: 146M, Non-Taxable: 15002K, Alloc Tax Rate: 0.1x
[55.219s][info][gc          ] GC(153) Pause Init Mark (unload classes) 0.124ms
[55.225s][info][gc,start    ] GC(153) Concurrent marking roots
[55.225s][info][gc,task     ] GC(153) Using 1 of 3 workers for concurrent marking roots
[55.226s][info][gc          ] GC(153) Concurrent marking roots 0.595ms
[55.226s][info][gc,start    ] GC(153) Concurrent marking (unload classes)
[55.226s][info][gc,task     ] GC(153) Using 1 of 3 workers for concurrent marking
[55.233s][info][gc          ] GC(153) Concurrent marking (unload classes) 7.267ms
[55.233s][info][gc,start    ] GC(153) Pause Final Mark (unload classes)
[55.233s][info][gc,task     ] GC(153) Using 3 of 3 workers for final marking
[55.233s][info][gc,ergo     ] GC(153) Adaptive CSet Selection. Target Free: 145M, Actual Free: 814M, Max CSet: 43690K, Min Garbage: 0B
[55.234s][info][gc,ergo     ] GC(153) Collectable Garbage: 810M (99%), Immediate: 631M (77%), CSet: 179M (22%)
[55.234s][info][gc,ergo     ] GC(153) Pacer for Evacuation. Used CSet: 182M, Free: 763M, Non-Taxable: 78131K, Alloc Tax Rate: 1.1x
[55.234s][info][gc          ] GC(153) Pause Final Mark (unload classes) 0.247ms
[55.234s][info][gc,start    ] GC(153) Concurrent thread roots
[55.234s][info][gc,task     ] GC(153) Using 1 of 3 workers for Concurrent thread roots
[55.234s][info][gc          ] GC(153) Concurrent thread roots 0.804ms
[55.234s][info][gc,start    ] GC(153) Concurrent weak references
[55.234s][info][gc,task     ] GC(153) Using 1 of 3 workers for concurrent weak references
[55.235s][info][gc,ref      ] GC(153) Encountered references: Soft: 132, Weak: 434, Final: 9, Phantom: 21
[55.235s][info][gc,ref      ] GC(153) Discovered  references: Soft: 0, Weak: 234, Final: 7, Phantom: 14
[55.235s][info][gc,ref      ] GC(153) Enqueued    references: Soft: 0, Weak: 0, Final: 0, Phantom: 0
[55.235s][info][gc          ] GC(153) Concurrent weak references 0.057ms
[55.235s][info][gc,start    ] GC(153) Concurrent weak roots
[55.235s][info][gc,task     ] GC(153) Using 1 of 3 workers for concurrent weak root
[55.240s][info][gc          ] GC(153) Concurrent weak roots 5.848ms
[55.240s][info][gc,start    ] GC(153) Concurrent cleanup
[55.241s][info][gc          ] GC(153) Concurrent cleanup 852M->221M(1024M) 0.091ms
[55.241s][info][gc,ergo     ] GC(153) Free: 751M, Max: 512K regular, 493M humongous, Frag: 35% external, 0% internal; Reserve: 52207K, Max: 512K
[55.241s][info][gc,start    ] GC(153) Concurrent class unloading
[55.241s][info][gc,task     ] GC(153) Using 1 of 3 workers for concurrent class unloading
[55.248s][info][gc          ] GC(153) Concurrent class unloading 7.841ms
[55.248s][info][gc,start    ] GC(153) Concurrent strong roots
[55.248s][info][gc,task     ] GC(153) Using 1 of 3 workers for concurrent strong root
[55.248s][info][gc          ] GC(153) Concurrent strong roots 0.081ms
[55.249s][info][gc,start    ] GC(153) Concurrent evacuation
[55.249s][info][gc,task     ] GC(153) Using 1 of 3 workers for concurrent evacuation
[55.251s][info][gc          ] GC(153) Concurrent evacuation 2.056ms
[55.251s][info][gc,start    ] GC(153) Pause Init Update Refs
[55.251s][info][gc,ergo     ] GC(153) Pacer for Update Refs. Used: 237M, Free: 736M, Non-Taxable: 75418K, Alloc Tax Rate: 1.1x
[55.251s][info][gc          ] GC(153) Pause Init Update Refs 0.053ms
[55.255s][info][gc,start    ] GC(153) Concurrent update references
[55.255s][info][gc,task     ] GC(153) Using 1 of 3 workers for concurrent reference update
[55.260s][info][gc          ] GC(153) Concurrent update references 5.241ms
[55.260s][info][gc,start    ] GC(153) Concurrent update thread roots
[55.260s][info][gc          ] GC(153) Concurrent update thread roots 0.546ms
[55.260s][info][gc,start    ] GC(153) Pause Final Update Refs
[55.260s][info][gc,task     ] GC(153) Using 3 of 3 workers for final reference update
[55.261s][info][gc          ] GC(153) Pause Final Update Refs 0.093ms
[55.265s][info][gc,start    ] GC(153) Concurrent cleanup
[55.265s][info][gc          ] GC(153) Concurrent cleanup 258M->76M(1024M) 0.043ms
[55.265s][info][gc,ergo     ] Free: 895M, Max: 512K regular, 460M humongous, Frag: 49% external, 0% internal; Reserve: 52736K, Max: 512K
[55.265s][info][gc,stats    ] 
[55.265s][info][gc,stats    ] All times are wall-clock times, except per-root-class counters, that are sum over
[55.265s][info][gc,stats    ] all workers. Dividing the <total> over the root stage time estimates parallelism.
[55.265s][info][gc,stats    ] 
[55.265s][info][gc,stats    ] Concurrent Reset                    480 us
[55.265s][info][gc,stats    ] Pause Init Mark (G)                7028 us
[55.265s][info][gc,stats    ] Pause Init Mark (N)                 135 us
[55.265s][info][gc,stats    ]   Update Region States               24 us
[55.265s][info][gc,stats    ] Concurrent Mark Roots               616 us, parallelism: 0.84x
[55.265s][info][gc,stats    ]   CMR: <total>                      517 us
[55.265s][info][gc,stats    ]   CMR: Thread Roots                 466 us, workers (us): 466, ---, ---, 
[55.265s][info][gc,stats    ]   CMR: VM Strong Roots                5 us, workers (us):   5, ---, ---, 
[55.265s][info][gc,stats    ]   CMR: CLDG Roots                    46 us, workers (us):  46, ---, ---, 
[55.265s][info][gc,stats    ] Concurrent Marking                 7333 us
[55.265s][info][gc,stats    ] Pause Final Mark (G)                392 us
[55.265s][info][gc,stats    ] Pause Final Mark (N)                255 us
[55.265s][info][gc,stats    ]   Finish Mark                        45 us
[55.265s][info][gc,stats    ]   Update Region States               39 us
[55.265s][info][gc,stats    ]   Choose Collection Set              83 us
[55.265s][info][gc,stats    ]   Rebuild Free Set                    9 us
[55.265s][info][gc,stats    ] Concurrent Thread Roots             814 us, parallelism: 0.93x
[55.265s][info][gc,stats    ]   CTR: <total>                      756 us
[55.265s][info][gc,stats    ]   CTR: Thread Roots                 756 us, workers (us): 756, ---, ---, 
[55.265s][info][gc,stats    ] Concurrent Weak References           64 us, parallelism: 0.14x
[55.265s][info][gc,stats    ]   CWRF: <total>                       9 us
[55.265s][info][gc,stats    ]   CWRF: Weak References               9 us, workers (us):   9, ---, ---, 
[55.265s][info][gc,stats    ] Concurrent Weak Roots              5872 us
[55.265s][info][gc,stats    ]   Roots                             490 us, parallelism: 0.96x
[55.265s][info][gc,stats    ]     CWR: <total>                    473 us
[55.265s][info][gc,stats    ]     CWR: Code Cache Roots           364 us, workers (us): 364, ---, ---, 
[55.265s][info][gc,stats    ]     CWR: VM Weak Roots              106 us, workers (us): 106, ---, ---, 
[55.265s][info][gc,stats    ]     CWR: CLDG Roots                   3 us, workers (us):   3, ---, ---, 
[55.265s][info][gc,stats    ]   Rendezvous                       5341 us
[55.265s][info][gc,stats    ] Concurrent Cleanup                  100 us
[55.265s][info][gc,stats    ] Concurrent Class Unloading         7880 us
[55.265s][info][gc,stats    ]   Unlink Stale                     1719 us
[55.265s][info][gc,stats    ]     System Dictionary                 3 us
[55.265s][info][gc,stats    ]     Weak Class Links                  0 us
[55.265s][info][gc,stats    ]     Code Roots                     1715 us
[55.265s][info][gc,stats    ]   Rendezvous                       6018 us
[55.265s][info][gc,stats    ]   Purge Unlinked                     85 us
[55.265s][info][gc,stats    ]     Code Roots                       80 us
[55.265s][info][gc,stats    ]     CLDG                              4 us
[55.265s][info][gc,stats    ]     Exception Caches                  0 us
[55.265s][info][gc,stats    ] Concurrent Strong Roots              89 us, parallelism: 0.54x
[55.265s][info][gc,stats    ]   CSR: <total>                       48 us
[55.265s][info][gc,stats    ]   CSR: VM Strong Roots                4 us, workers (us):   4, ---, ---, 
[55.265s][info][gc,stats    ]   CSR: CLDG Roots                    45 us, workers (us):  45, ---, ---, 
[55.265s][info][gc,stats    ] Concurrent Evacuation              2102 us
[55.265s][info][gc,stats    ] Pause Init Update Refs (G)         3956 us
[55.265s][info][gc,stats    ] Pause Init Update Refs (N)           61 us
[55.265s][info][gc,stats    ]   Manage GCLABs                       3 us
[55.265s][info][gc,stats    ] Concurrent Update Refs             5283 us
[55.265s][info][gc,stats    ] Concurrent Update Thread Roots      561 us
[55.265s][info][gc,stats    ] Pause Final Update Refs (G)        4528 us
[55.265s][info][gc,stats    ] Pause Final Update Refs (N)         112 us
[55.265s][info][gc,stats    ]   Update Region States               41 us
[55.265s][info][gc,stats    ]   Trash Collection Set                9 us
[55.265s][info][gc,stats    ]   Rebuild Free Set                   14 us
[55.265s][info][gc,stats    ] Concurrent Cleanup                   52 us
[55.265s][info][gc,stats    ] Pacing                            43558 us
[55.265s][info][gc,stats    ] 
[55.265s][info][gc,stats    ] Allocation pacing accrued:
[55.265s][info][gc,stats    ]       7 of   387 ms (  1.8%): Thread-66
[55.265s][info][gc,stats    ]       7 of   387 ms (  1.8%): Thread-67
[55.266s][info][gc,stats    ]       8 of   387 ms (  2.1%): Thread-68
[55.266s][info][gc,stats    ]       7 of   387 ms (  1.9%): Thread-69
[55.266s][info][gc,stats    ]       7 of   387 ms (  1.9%): Thread-70
[55.266s][info][gc,stats    ]       7 of   387 ms (  1.9%): Thread-71
[55.266s][info][gc,stats    ]      44 of   387 ms ( 11.3%): <total>
[55.266s][info][gc,stats    ]       2 of   387 ms (  0.6%): <average total>
[55.266s][info][gc,stats    ]       7 of   387 ms (  1.9%): <average non-zero>
[55.266s][info][gc,stats    ] 
[55.266s][info][gc,metaspace] Metaspace: 6357K(6528K)->6357K(6528K) NonClass: 5750K(5824K)->5750K(5824K) Class: 606K(704K)->606K(704K)
[55.266s][info][gc,ergo     ] Pacer for Idle. Initial: 20971K, Alloc Tax Rate: 1.0x
[55.690s][info][gc          ] Trigger: Average GC time (53.34 ms) is above the time for average allocation rate (1837 MB/s) to deplete free headroom (70967K) (margin of error = 1.72)
[55.690s][info][gc,ergo     ] Free headroom: 120M (free) - 52428K (spike) - 0B (penalties) = 70967K
[55.690s][info][gc,ergo     ] Free: 120M, Max: 512K regular, 120M humongous, Frag: 0% external, 0% internal; Reserve: 52736K, Max: 512K
[55.690s][info][gc,start    ] GC(154) Concurrent reset
[55.690s][info][gc,task     ] GC(154) Using 1 of 3 workers for concurrent reset
[55.690s][info][gc,ergo     ] GC(154) Pacer for Reset. Non-Taxable: 1024M
[55.690s][info][gc          ] GC(154) Concurrent reset 0.808ms
[55.691s][info][gc,start    ] GC(154) Pause Init Mark (unload classes)
[55.691s][info][gc,task     ] GC(154) Using 3 of 3 workers for init marking
[55.691s][info][gc,ergo     ] GC(154) Pacer for Mark. Expected Live: 14170K, Free: 118M, Non-Taxable: 12134K, Alloc Tax Rate: 0.1x
[55.691s][info][gc          ] GC(154) Pause Init Mark (unload classes) 0.135ms
[55.695s][info][gc,start    ] GC(154) Concurrent marking roots
[55.695s][info][gc,task     ] GC(154) Using 1 of 3 workers for concurrent marking roots
[55.695s][info][gc          ] GC(154) Concurrent marking roots 0.556ms
[55.695s][info][gc,start    ] GC(154) Concurrent marking (unload classes)
[55.695s][info][gc,task     ] GC(154) Using 1 of 3 workers for concurrent marking
[55.701s][info][gc          ] GC(154) Concurrent marking (unload classes) 5.986ms
[55.701s][info][gc,start    ] GC(154) Pause Final Mark (unload classes)
[55.701s][info][gc,task     ] GC(154) Using 3 of 3 workers for final marking
[55.701s][info][gc,ergo     ] GC(154) Collectable Garbage: 796M (94%), Immediate: 796M (94%), CSet: 0B (0%)
[55.702s][info][gc          ] GC(154) Pause Final Mark (unload classes) 0.286ms
[55.702s][info][gc,start    ] GC(154) Concurrent weak references
[55.702s][info][gc,task     ] GC(154) Using 1 of 3 workers for concurrent weak references
[55.702s][info][gc,ref      ] GC(154) Encountered references: Soft: 132, Weak: 434, Final: 9, Phantom: 21
[55.702s][info][gc,ref      ] GC(154) Discovered  references: Soft: 0, Weak: 234, Final: 7, Phantom: 14
[55.702s][info][gc,ref      ] GC(154) Enqueued    references: Soft: 0, Weak: 0, Final: 0, Phantom: 0
[55.702s][info][gc          ] GC(154) Concurrent weak references 0.140ms
[55.702s][info][gc,start    ] GC(154) Concurrent weak roots
[55.702s][info][gc,task     ] GC(154) Using 1 of 3 workers for concurrent weak root
[55.702s][info][gc          ] GC(154) Concurrent weak roots 0.678ms
[55.702s][info][gc,start    ] GC(154) Concurrent cleanup
[55.703s][info][gc          ] GC(154) Concurrent cleanup 864M->67M(1024M) 0.113ms
[55.703s][info][gc,ergo     ] GC(154) Free: 903M, Max: 512K regular, 493M humongous, Frag: 46% external, 0% internal; Reserve: 52736K, Max: 512K
[55.703s][info][gc,start    ] GC(154) Concurrent class unloading
[55.703s][info][gc,task     ] GC(154) Using 1 of 3 workers for concurrent class unloading
[55.704s][info][gc          ] GC(154) Concurrent class unloading 1.645ms
[55.704s][info][gc,start    ] GC(154) Pause Final Roots
[55.704s][info][gc          ] GC(154) Pause Final Roots 0.013ms
[55.704s][info][gc,ergo     ] Free: 903M, Max: 512K regular, 493M humongous, Frag: 46% external, 0% internal; Reserve: 52736K, Max: 512K
[55.704s][info][gc,stats    ] 
[55.704s][info][gc,stats    ] All times are wall-clock times, except per-root-class counters, that are sum over
[55.704s][info][gc,stats    ] all workers. Dividing the <total> over the root stage time estimates parallelism.
[55.704s][info][gc,stats    ] 
[55.704s][info][gc,stats    ] Concurrent Reset                    842 us
[55.704s][info][gc,stats    ] Pause Init Mark (G)                4087 us
[55.704s][info][gc,stats    ] Pause Init Mark (N)                 146 us
[55.704s][info][gc,stats    ]   Update Region States               42 us
[55.704s][info][gc,stats    ] Concurrent Mark Roots               567 us, parallelism: 0.85x
[55.705s][info][gc,stats    ]   CMR: <total>                      482 us
[55.705s][info][gc,stats    ]   CMR: Thread Roots                 433 us, workers (us): 433, ---, ---, 
[55.705s][info][gc,stats    ]   CMR: VM Strong Roots                6 us, workers (us):   6, ---, ---, 
[55.705s][info][gc,stats    ]   CMR: CLDG Roots                    43 us, workers (us):  43, ---, ---, 
[55.705s][info][gc,stats    ] Concurrent Marking                 6053 us
[55.705s][info][gc,stats    ] Pause Final Mark (G)                365 us
[55.705s][info][gc,stats    ] Pause Final Mark (N)                309 us
[55.705s][info][gc,stats    ]   Finish Mark                        62 us
[55.705s][info][gc,stats    ]   Update Region States               54 us
[55.705s][info][gc,stats    ]   Choose Collection Set              76 us
[55.705s][info][gc,stats    ]   Rebuild Free Set                   21 us
[55.705s][info][gc,stats    ] Concurrent Weak References          156 us, parallelism: 0.05x
[55.705s][info][gc,stats    ]   CWRF: <total>                       8 us
[55.705s][info][gc,stats    ]   CWRF: Weak References               8 us, workers (us):   8, ---, ---, 
[55.705s][info][gc,stats    ] Concurrent Weak Roots               693 us
[55.705s][info][gc,stats    ]   Roots                             585 us, parallelism: 0.94x
[55.705s][info][gc,stats    ]     CWR: <total>                    551 us
[55.705s][info][gc,stats    ]     CWR: Code Cache Roots           431 us, workers (us): 431, ---, ---, 
[55.705s][info][gc,stats    ]     CWR: VM Weak Roots              117 us, workers (us): 117, ---, ---, 
[55.705s][info][gc,stats    ]     CWR: CLDG Roots                   3 us, workers (us):   3, ---, ---, 
[55.705s][info][gc,stats    ]   Rendezvous                         49 us
[55.705s][info][gc,stats    ] Concurrent Cleanup                  121 us
[55.705s][info][gc,stats    ] Concurrent Class Unloading         1669 us
[55.705s][info][gc,stats    ]   Unlink Stale                     1546 us
[55.705s][info][gc,stats    ]     System Dictionary                 2 us
[55.705s][info][gc,stats    ]     Weak Class Links                  0 us
[55.705s][info][gc,stats    ]     Code Roots                     1543 us
[55.705s][info][gc,stats    ]   Rendezvous                         29 us
[55.705s][info][gc,stats    ]   Purge Unlinked                     54 us
[55.705s][info][gc,stats    ]     Code Roots                       47 us
[55.705s][info][gc,stats    ]     CLDG                              6 us
[55.705s][info][gc,stats    ]     Exception Caches                  0 us
[55.705s][info][gc,stats    ] Pause Final Roots (G)                48 us
[55.705s][info][gc,stats    ] Pause Final Roots (N)                20 us
[55.705s][info][gc,stats    ] Pacing                            26277 us
[55.705s][info][gc,stats    ] 
[55.705s][info][gc,stats    ] Allocation pacing accrued:
[55.705s][info][gc,stats    ]       4 of   440 ms (  1.0%): Thread-66
[55.705s][info][gc,stats    ]       4 of   440 ms (  0.9%): Thread-67
[55.705s][info][gc,stats    ]       6 of   440 ms (  1.3%): Thread-68
[55.705s][info][gc,stats    ]       4 of   440 ms (  0.8%): Thread-69
[55.705s][info][gc,stats    ]       4 of   440 ms (  0.9%): Thread-70
[55.705s][info][gc,stats    ]       5 of   440 ms (  1.1%): Thread-71
[55.705s][info][gc,stats    ]      26 of   440 ms (  6.0%): <total>
[55.705s][info][gc,stats    ]       1 of   440 ms (  0.3%): <average total>
[55.705s][info][gc,stats    ]       4 of   440 ms (  1.0%): <average non-zero>
[55.705s][info][gc,stats    ] 
[55.705s][info][gc,metaspace] Metaspace: 6357K(6528K)->6357K(6528K) NonClass: 5750K(5824K)->5750K(5824K) Class: 606K(704K)->606K(704K)
[55.705s][info][gc,ergo     ] Pacer for Idle. Initial: 20971K, Alloc Tax Rate: 1.0x
[56.117s][info][gc          ] Trigger: Average GC time (52.50 ms) is above the time for average allocation rate (1951 MB/s) to deplete free headroom (81719K) (margin of error = 1.72)
[56.117s][info][gc,ergo     ] Free headroom: 131M (free) - 52428K (spike) - 0B (penalties) = 81719K
[56.117s][info][gc,ergo     ] Free: 131M, Max: 512K regular, 108M humongous, Frag: 18% external, 0% internal; Reserve: 52736K, Max: 512K
[56.117s][info][gc,start    ] GC(155) Concurrent reset
[56.117s][info][gc,task     ] GC(155) Using 1 of 3 workers for concurrent reset
[56.117s][info][gc,ergo     ] GC(155) Pacer for Reset. Non-Taxable: 1024M
[56.117s][info][gc          ] GC(155) Concurrent reset 0.263ms
[56.117s][info][gc,start    ] GC(155) Pause Init Mark (unload classes)
[56.118s][info][gc,task     ] GC(155) Using 3 of 3 workers for init marking
[56.118s][info][gc,ergo     ] GC(155) Pacer for Mark. Expected Live: 14198K, Free: 131M, Non-Taxable: 13414K, Alloc Tax Rate: 0.1x
[56.118s][info][gc          ] GC(155) Pause Init Mark (unload classes) 0.094ms
[56.120s][info][gc,start    ] GC(155) Concurrent marking roots
[56.120s][info][gc,task     ] GC(155) Using 1 of 3 workers for concurrent marking roots
[56.120s][info][gc          ] GC(155) Concurrent marking roots 0.526ms
[56.120s][info][gc,start    ] GC(155) Concurrent marking (unload classes)
[56.120s][info][gc,task     ] GC(155) Using 1 of 3 workers for concurrent marking
[56.135s][info][gc          ] GC(155) Concurrent marking (unload classes) 14.912ms
[56.135s][info][gc,start    ] GC(155) Pause Final Mark (unload classes)
[56.135s][info][gc,task     ] GC(155) Using 3 of 3 workers for final marking
[56.136s][info][gc,ergo     ] GC(155) Collectable Garbage: 785M (95%), Immediate: 785M (95%), CSet: 0B (0%)
[56.136s][info][gc          ] GC(155) Pause Final Mark (unload classes) 0.174ms
[56.141s][info][gc,start    ] GC(155) Concurrent weak references
[56.141s][info][gc,task     ] GC(155) Using 1 of 3 workers for concurrent weak references
[56.141s][info][gc,ref      ] GC(155) Encountered references: Soft: 132, Weak: 434, Final: 9, Phantom: 21
[56.141s][info][gc,ref      ] GC(155) Discovered  references: Soft: 0, Weak: 234, Final: 7, Phantom: 14
[56.141s][info][gc,ref      ] GC(155) Enqueued    references: Soft: 0, Weak: 0, Final: 0, Phantom: 0
[56.141s][info][gc          ] GC(155) Concurrent weak references 0.085ms
[56.141s][info][gc,start    ] GC(155) Concurrent weak roots
[56.142s][info][gc,task     ] GC(155) Using 1 of 3 workers for concurrent weak root
[56.143s][info][gc          ] GC(155) Concurrent weak roots 1.561ms
[56.143s][info][gc,start    ] GC(155) Concurrent cleanup
[56.143s][info][gc          ] GC(155) Concurrent cleanup 876M->90M(1024M) 0.121ms
[56.143s][info][gc,ergo     ] GC(155) Free: 880M, Max: 512K regular, 493M humongous, Frag: 44% external, 0% internal; Reserve: 52736K, Max: 512K
[56.143s][info][gc,start    ] GC(155) Concurrent class unloading
[56.143s][info][gc,task     ] GC(155) Using 1 of 3 workers for concurrent class unloading
[56.148s][info][gc          ] GC(155) Concurrent class unloading 4.356ms
[56.148s][info][gc,start    ] GC(155) Pause Final Roots
[56.148s][info][gc          ] GC(155) Pause Final Roots 0.033ms
[56.152s][info][gc,ergo     ] Free: 869M, Max: 512K regular, 484M humongous, Frag: 45% external, 0% internal; Reserve: 52736K, Max: 512K
[56.152s][info][gc,stats    ] 
[56.152s][info][gc,stats    ] All times are wall-clock times, except per-root-class counters, that are sum over
[56.152s][info][gc,stats    ] all workers. Dividing the <total> over the root stage time estimates parallelism.
[56.152s][info][gc,stats    ] 
[56.152s][info][gc,stats    ] Concurrent Reset                    275 us
[56.152s][info][gc,stats    ] Pause Init Mark (G)                2411 us
[56.152s][info][gc,stats    ] Pause Init Mark (N)                 104 us
[56.152s][info][gc,stats    ]   Update Region States               20 us
[56.152s][info][gc,stats    ] Concurrent Mark Roots               548 us, parallelism: 0.86x
[56.152s][info][gc,stats    ]   CMR: <total>                      473 us
[56.152s][info][gc,stats    ]   CMR: Thread Roots                 427 us, workers (us): 427, ---, ---, 
[56.152s][info][gc,stats    ]   CMR: VM Strong Roots                5 us, workers (us):   5, ---, ---, 
[56.152s][info][gc,stats    ]   CMR: CLDG Roots                    41 us, workers (us):  41, ---, ---, 
[56.152s][info][gc,stats    ] Concurrent Marking                14976 us
[56.152s][info][gc,stats    ] Pause Final Mark (G)               6039 us
[56.152s][info][gc,stats    ] Pause Final Mark (N)                183 us
[56.152s][info][gc,stats    ]   Finish Mark                        44 us
[56.152s][info][gc,stats    ]   Update Region States               32 us
[56.152s][info][gc,stats    ]   Choose Collection Set              32 us
[56.152s][info][gc,stats    ]   Rebuild Free Set                    8 us
[56.152s][info][gc,stats    ] Concurrent Weak References           96 us, parallelism: 0.10x
[56.152s][info][gc,stats    ]   CWRF: <total>                      10 us
[56.152s][info][gc,stats    ]   CWRF: Weak References              10 us, workers (us):  10, ---, ---, 
[56.152s][info][gc,stats    ] Concurrent Weak Roots              1589 us
[56.152s][info][gc,stats    ]   Roots                             472 us, parallelism: 0.95x
[56.152s][info][gc,stats    ]     CWR: <total>                    451 us
[56.152s][info][gc,stats    ]     CWR: Code Cache Roots           382 us, workers (us): 382, ---, ---, 
[56.152s][info][gc,stats    ]     CWR: VM Weak Roots               66 us, workers (us):  66, ---, ---, 
[56.152s][info][gc,stats    ]     CWR: CLDG Roots                   2 us, workers (us):   2, ---, ---, 
[56.152s][info][gc,stats    ]   Rendezvous                       1071 us
[56.152s][info][gc,stats    ] Concurrent Cleanup                  237 us
[56.152s][info][gc,stats    ] Concurrent Class Unloading         4388 us
[56.152s][info][gc,stats    ]   Unlink Stale                     1774 us
[56.152s][info][gc,stats    ]     System Dictionary                 3 us
[56.152s][info][gc,stats    ]     Weak Class Links                  0 us
[56.152s][info][gc,stats    ]     Code Roots                     1770 us
[56.152s][info][gc,stats    ]   Rendezvous                       2478 us
[56.152s][info][gc,stats    ]   Purge Unlinked                     82 us
[56.152s][info][gc,stats    ]     Code Roots                       78 us
[56.152s][info][gc,stats    ]     CLDG                              4 us
[56.152s][info][gc,stats    ]     Exception Caches                  0 us
[56.152s][info][gc,stats    ] Pause Final Roots (G)              3863 us
[56.152s][info][gc,stats    ] Pause Final Roots (N)                42 us
[56.152s][info][gc,stats    ] Pacing                           179696 us
[56.152s][info][gc,stats    ] 
[56.152s][info][gc,stats    ] Allocation pacing accrued:
[56.152s][info][gc,stats    ]      30 of   447 ms (  6.7%): Thread-66
[56.152s][info][gc,stats    ]      30 of   447 ms (  6.6%): Thread-67
[56.152s][info][gc,stats    ]      30 of   447 ms (  6.7%): Thread-68
[56.152s][info][gc,stats    ]      30 of   447 ms (  6.7%): Thread-69
[56.152s][info][gc,stats    ]      30 of   447 ms (  6.7%): Thread-70
[56.152s][info][gc,stats    ]      30 of   447 ms (  6.7%): Thread-71
[56.152s][info][gc,stats    ]     180 of   447 ms ( 40.2%): <total>
[56.152s][info][gc,stats    ]       9 of   447 ms (  2.1%): <average total>
[56.152s][info][gc,stats    ]      30 of   447 ms (  6.7%): <average non-zero>
[56.152s][info][gc,stats    ] 
[56.152s][info][gc,metaspace] Metaspace: 6357K(6528K)->6357K(6528K) NonClass: 5750K(5824K)->5750K(5824K) Class: 606K(704K)->606K(704K)
[56.152s][info][gc,ergo     ] Pacer for Idle. Initial: 20971K, Alloc Tax Rate: 1.0x
[56.559s][info][gc          ] Trigger: Average GC time (49.50 ms) is above the time for average allocation rate (1921 MB/s) to deplete free headroom (71991K) (margin of error = 1.73)
[56.559s][info][gc,ergo     ] Free headroom: 121M (free) - 52428K (spike) - 0B (penalties) = 71991K
[56.559s][info][gc,ergo     ] Free: 121M, Max: 512K regular, 97280K humongous, Frag: 22% external, 0% internal; Reserve: 52736K, Max: 512K
[56.559s][info][gc,start    ] GC(156) Concurrent reset
[56.559s][info][gc,task     ] GC(156) Using 1 of 3 workers for concurrent reset
[56.559s][info][gc,ergo     ] GC(156) Pacer for Reset. Non-Taxable: 1024M
[56.560s][info][gc          ] GC(156) Concurrent reset 0.273ms
[56.560s][info][gc,start    ] GC(156) Pause Init Mark (unload classes)
[56.560s][info][gc,task     ] GC(156) Using 3 of 3 workers for init marking
[56.560s][info][gc,ergo     ] GC(156) Pacer for Mark. Expected Live: 14215K, Free: 121M, Non-Taxable: 12442K, Alloc Tax Rate: 0.1x
[56.560s][info][gc          ] GC(156) Pause Init Mark (unload classes) 0.133ms
[56.566s][info][gc,start    ] GC(156) Concurrent marking roots
[56.566s][info][gc,task     ] GC(156) Using 1 of 3 workers for concurrent marking roots
[56.567s][info][gc          ] GC(156) Concurrent marking roots 0.561ms
[56.567s][info][gc,start    ] GC(156) Concurrent marking (unload classes)
[56.567s][info][gc,task     ] GC(156) Using 1 of 3 workers for concurrent marking
[56.572s][info][gc          ] GC(156) Concurrent marking (unload classes) 5.700ms
[56.572s][info][gc,start    ] GC(156) Pause Final Mark (unload classes)
[56.573s][info][gc,task     ] GC(156) Using 3 of 3 workers for final marking
[56.573s][info][gc,ergo     ] GC(156) Collectable Garbage: 803M (96%), Immediate: 803M (96%), CSet: 0B (0%)
[56.573s][info][gc          ] GC(156) Pause Final Mark (unload classes) 0.327ms
[56.573s][info][gc,start    ] GC(156) Concurrent weak references
[56.573s][info][gc,task     ] GC(156) Using 1 of 3 workers for concurrent weak references
[56.573s][info][gc,ref      ] GC(156) Encountered references: Soft: 132, Weak: 434, Final: 9, Phantom: 21
[56.573s][info][gc,ref      ] GC(156) Discovered  references: Soft: 0, Weak: 234, Final: 7, Phantom: 14
[56.573s][info][gc,ref      ] GC(156) Enqueued    references: Soft: 0, Weak: 0, Final: 0, Phantom: 0
[56.573s][info][gc          ] GC(156) Concurrent weak references 0.079ms
[56.573s][info][gc,start    ] GC(156) Concurrent weak roots
[56.573s][info][gc,task     ] GC(156) Using 1 of 3 workers for concurrent weak root
[56.573s][info][gc          ] GC(156) Concurrent weak roots 0.513ms
[56.573s][info][gc,start    ] GC(156) Concurrent cleanup
[56.574s][info][gc          ] GC(156) Concurrent cleanup 861M->58M(1024M) 0.113ms
[56.574s][info][gc,ergo     ] GC(156) Free: 912M, Max: 512K regular, 493M humongous, Frag: 46% external, 0% internal; Reserve: 52736K, Max: 512K
[56.574s][info][gc,start    ] GC(156) Concurrent class unloading
[56.574s][info][gc,task     ] GC(156) Using 1 of 3 workers for concurrent class unloading
[56.581s][info][gc          ] GC(156) Concurrent class unloading 7.227ms
[56.581s][info][gc,start    ] GC(156) Pause Final Roots
[56.581s][info][gc          ] GC(156) Pause Final Roots 0.024ms
[56.585s][info][gc,ergo     ] Free: 892M, Max: 512K regular, 476M humongous, Frag: 47% external, 0% internal; Reserve: 52736K, Max: 512K
[56.585s][info][gc,stats    ] 
[56.585s][info][gc,stats    ] All times are wall-clock times, except per-root-class counters, that are sum over
[56.585s][info][gc,stats    ] all workers. Dividing the <total> over the root stage time estimates parallelism.
[56.585s][info][gc,stats    ] 
[56.585s][info][gc,stats    ] Concurrent Reset                    284 us
[56.585s][info][gc,stats    ] Pause Init Mark (G)                6413 us
[56.585s][info][gc,stats    ] Pause Init Mark (N)                 143 us
[56.585s][info][gc,stats    ]   Update Region States               41 us
[56.585s][info][gc,stats    ] Concurrent Mark Roots               583 us, parallelism: 0.79x
[56.585s][info][gc,stats    ]   CMR: <total>                      462 us
[56.585s][info][gc,stats    ]   CMR: Thread Roots                 414 us, workers (us): 414, ---, ---, 
[56.585s][info][gc,stats    ]   CMR: VM Strong Roots                6 us, workers (us):   6, ---, ---, 
[56.585s][info][gc,stats    ]   CMR: CLDG Roots                    43 us, workers (us):  43, ---, ---, 
[56.585s][info][gc,stats    ] Concurrent Marking                 5731 us
[56.585s][info][gc,stats    ] Pause Final Mark (G)                401 us
[56.585s][info][gc,stats    ] Pause Final Mark (N)                351 us
[56.585s][info][gc,stats    ]   Finish Mark                        84 us
[56.585s][info][gc,stats    ]   Update Region States               54 us
[56.585s][info][gc,stats    ]   Choose Collection Set              76 us
[56.585s][info][gc,stats    ]   Rebuild Free Set                   22 us
[56.585s][info][gc,stats    ] Concurrent Weak References           86 us, parallelism: 0.10x
[56.585s][info][gc,stats    ]   CWRF: <total>                       9 us
[56.585s][info][gc,stats    ]   CWRF: Weak References               9 us, workers (us):   9, ---, ---, 
[56.585s][info][gc,stats    ] Concurrent Weak Roots               523 us
[56.585s][info][gc,stats    ]   Roots                             450 us, parallelism: 0.95x
[56.585s][info][gc,stats    ]     CWR: <total>                    427 us
[56.585s][info][gc,stats    ]     CWR: Code Cache Roots           365 us, workers (us): 365, ---, ---, 
[56.585s][info][gc,stats    ]     CWR: VM Weak Roots               60 us, workers (us):  60, ---, ---, 
[56.585s][info][gc,stats    ]     CWR: CLDG Roots                   2 us, workers (us):   2, ---, ---, 
[56.585s][info][gc,stats    ]   Rendezvous                         49 us
[56.585s][info][gc,stats    ] Concurrent Cleanup                  122 us
[56.585s][info][gc,stats    ] Concurrent Class Unloading         7259 us
[56.585s][info][gc,stats    ]   Unlink Stale                     1561 us
[56.585s][info][gc,stats    ]     System Dictionary                 2 us
[56.585s][info][gc,stats    ]     Weak Class Links                  0 us
[56.585s][info][gc,stats    ]     Code Roots                     1558 us
[56.585s][info][gc,stats    ]   Rendezvous                       5551 us
[56.585s][info][gc,stats    ]   Purge Unlinked                     90 us
[56.585s][info][gc,stats    ]     Code Roots                       84 us
[56.585s][info][gc,stats    ]     CLDG                              6 us
[56.585s][info][gc,stats    ]     Exception Caches                  0 us
[56.585s][info][gc,stats    ] Pause Final Roots (G)              3870 us
[56.585s][info][gc,stats    ] Pause Final Roots (N)                33 us
[56.585s][info][gc,stats    ] Pacing                            51501 us
[56.585s][info][gc,stats    ] 
[56.585s][info][gc,stats    ] Allocation pacing accrued:
[56.585s][info][gc,stats    ]       9 of   433 ms (  2.1%): Thread-66
[56.585s][info][gc,stats    ]       8 of   433 ms (  1.9%): Thread-67
[56.585s][info][gc,stats    ]       8 of   433 ms (  1.9%): Thread-68
[56.585s][info][gc,stats    ]       9 of   433 ms (  2.0%): Thread-69
[56.585s][info][gc,stats    ]       9 of   433 ms (  2.0%): Thread-70
[56.585s][info][gc,stats    ]       8 of   433 ms (  2.0%): Thread-71
[56.585s][info][gc,stats    ]      52 of   433 ms ( 11.9%): <total>
[56.585s][info][gc,stats    ]       3 of   433 ms (  0.6%): <average total>
[56.585s][info][gc,stats    ]       9 of   433 ms (  2.0%): <average non-zero>
[56.585s][info][gc,stats    ] 
[56.585s][info][gc,metaspace] Metaspace: 6357K(6528K)->6357K(6528K) NonClass: 5750K(5824K)->5750K(5824K) Class: 606K(704K)->606K(704K)
[56.585s][info][gc,ergo     ] Pacer for Idle. Initial: 20971K, Alloc Tax Rate: 1.0x
[56.954s][info][gc          ] Trigger: Average GC time (42.17 ms) is above the time for average allocation rate (2019 MB/s) to deplete free headroom (85815K) (margin of error = 1.73)
[56.954s][info][gc,ergo     ] Free headroom: 135M (free) - 52428K (spike) - 0B (penalties) = 85815K
[56.954s][info][gc,ergo     ] Free: 134M, Max: 512K regular, 122M humongous, Frag: 9% external, 0% internal; Reserve: 52736K, Max: 512K
[56.954s][info][gc,start    ] GC(157) Concurrent reset
[56.954s][info][gc,task     ] GC(157) Using 1 of 3 workers for concurrent reset
[56.954s][info][gc,ergo     ] GC(157) Pacer for Reset. Non-Taxable: 1024M
[56.955s][info][gc          ] GC(157) Concurrent reset 0.248ms
[56.955s][info][gc,start    ] GC(157) Pause Init Mark (unload classes)
[56.955s][info][gc,task     ] GC(157) Using 3 of 3 workers for init marking
[56.955s][info][gc,ergo     ] GC(157) Pacer for Mark. Expected Live: 14223K, Free: 134M, Non-Taxable: 13722K, Alloc Tax Rate: 0.1x
[56.955s][info][gc          ] GC(157) Pause Init Mark (unload classes) 0.123ms
[56.957s][info][gc,start    ] GC(157) Concurrent marking roots
[56.957s][info][gc,task     ] GC(157) Using 1 of 3 workers for concurrent marking roots
[56.957s][info][gc          ] GC(157) Concurrent marking roots 0.542ms
[56.957s][info][gc,start    ] GC(157) Concurrent marking (unload classes)
[56.957s][info][gc,task     ] GC(157) Using 1 of 3 workers for concurrent marking
[56.970s][info][gc          ] GC(157) Concurrent marking (unload classes) 13.008ms
[56.970s][info][gc,start    ] GC(157) Pause Final Mark (unload classes)
[56.970s][info][gc,task     ] GC(157) Using 3 of 3 workers for final marking
[56.970s][info][gc,ergo     ] GC(157) Collectable Garbage: 804M (97%), Immediate: 804M (97%), CSet: 0B (0%)
[56.970s][info][gc          ] GC(157) Pause Final Mark (unload classes) 0.200ms
[56.980s][info][gc,start    ] GC(157) Concurrent weak references
[56.980s][info][gc,task     ] GC(157) Using 1 of 3 workers for concurrent weak references
[56.980s][info][gc,ref      ] GC(157) Encountered references: Soft: 132, Weak: 434, Final: 9, Phantom: 21
[56.980s][info][gc,ref      ] GC(157) Discovered  references: Soft: 0, Weak: 234, Final: 7, Phantom: 14
[56.980s][info][gc,ref      ] GC(157) Enqueued    references: Soft: 0, Weak: 0, Final: 0, Phantom: 0
[56.980s][info][gc          ] GC(157) Concurrent weak references 0.122ms
[56.980s][info][gc,start    ] GC(157) Concurrent weak roots
[56.980s][info][gc,task     ] GC(157) Using 1 of 3 workers for concurrent weak root
[56.982s][info][gc          ] GC(157) Concurrent weak roots 1.251ms
[56.982s][info][gc,start    ] GC(157) Concurrent cleanup
[56.982s][info][gc          ] GC(157) Concurrent cleanup 889M->85M(1024M) 0.110ms
[56.982s][info][gc,ergo     ] GC(157) Free: 886M, Max: 512K regular, 493M humongous, Frag: 45% external, 0% internal; Reserve: 52736K, Max: 512K
[56.982s][info][gc,start    ] GC(157) Concurrent class unloading
[56.982s][info][gc,task     ] GC(157) Using 1 of 3 workers for concurrent class unloading
[56.986s][info][gc          ] GC(157) Concurrent class unloading 4.391ms
[56.986s][info][gc,start    ] GC(157) Pause Final Roots
[56.986s][info][gc          ] GC(157) Pause Final Roots 0.025ms
[56.990s][info][gc,ergo     ] Free: 870M, Max: 512K regular, 480M humongous, Frag: 45% external, 0% internal; Reserve: 52736K, Max: 512K
[56.990s][info][gc,stats    ] 
[56.990s][info][gc,stats    ] All times are wall-clock times, except per-root-class counters, that are sum over
[56.990s][info][gc,stats    ] all workers. Dividing the <total> over the root stage time estimates parallelism.
[56.990s][info][gc,stats    ] 
[56.990s][info][gc,stats    ] Concurrent Reset                    259 us
[56.990s][info][gc,stats    ] Pause Init Mark (G)                2028 us
[56.990s][info][gc,stats    ] Pause Init Mark (N)                 132 us
[56.990s][info][gc,stats    ]   Update Region States               37 us
[56.990s][info][gc,stats    ] Concurrent Mark Roots               552 us, parallelism: 0.88x
[56.990s][info][gc,stats    ]   CMR: <total>                      483 us
[56.990s][info][gc,stats    ]   CMR: Thread Roots                 433 us, workers (us): 433, ---, ---, 
[56.990s][info][gc,stats    ]   CMR: VM Strong Roots                5 us, workers (us):   5, ---, ---, 
[56.990s][info][gc,stats    ]   CMR: CLDG Roots                    45 us, workers (us):  45, ---, ---, 
[56.990s][info][gc,stats    ] Concurrent Marking                13069 us
[56.990s][info][gc,stats    ] Pause Final Mark (G)              10065 us
[56.990s][info][gc,stats    ] Pause Final Mark (N)                210 us
[56.990s][info][gc,stats    ]   Finish Mark                        49 us
[56.990s][info][gc,stats    ]   Update Region States               40 us
[56.990s][info][gc,stats    ]   Choose Collection Set              52 us
[56.990s][info][gc,stats    ]   Rebuild Free Set                    8 us
[56.990s][info][gc,stats    ] Concurrent Weak References          130 us, parallelism: 0.08x
[56.990s][info][gc,stats    ]   CWRF: <total>                      10 us
[56.990s][info][gc,stats    ]   CWRF: Weak References              10 us, workers (us):  10, ---, ---, 
[56.990s][info][gc,stats    ] Concurrent Weak Roots              1268 us
[56.990s][info][gc,stats    ]   Roots                             490 us, parallelism: 0.96x
[56.990s][info][gc,stats    ]     CWR: <total>                    469 us
[56.990s][info][gc,stats    ]     CWR: Code Cache Roots           398 us, workers (us): 398, ---, ---, 
[56.990s][info][gc,stats    ]     CWR: VM Weak Roots               68 us, workers (us):  68, ---, ---, 
[56.990s][info][gc,stats    ]     CWR: CLDG Roots                   3 us, workers (us):   3, ---, ---, 
[56.990s][info][gc,stats    ]   Rendezvous                        746 us
[56.990s][info][gc,stats    ] Concurrent Cleanup                  118 us
[56.990s][info][gc,stats    ] Concurrent Class Unloading         4435 us
[56.990s][info][gc,stats    ]   Unlink Stale                     1723 us
[56.990s][info][gc,stats    ]     System Dictionary                 2 us
[56.990s][info][gc,stats    ]     Weak Class Links                  0 us
[56.990s][info][gc,stats    ]     Code Roots                     1720 us
[56.990s][info][gc,stats    ]   Rendezvous                       2555 us
[56.990s][info][gc,stats    ]   Purge Unlinked                     94 us
[56.991s][info][gc,stats    ]     Code Roots                       89 us
[56.991s][info][gc,stats    ]     CLDG                              5 us
[56.991s][info][gc,stats    ]     Exception Caches                  0 us
[56.991s][info][gc,stats    ] Pause Final Roots (G)              3895 us
[56.991s][info][gc,stats    ] Pause Final Roots (N)                34 us
[56.991s][info][gc,stats    ] 
[56.991s][info][gc,stats    ] Allocation pacing accrued:
[56.991s][info][gc,stats    ]       0 of   405 ms (  0.0%): <total>
[56.991s][info][gc,stats    ]       0 of   405 ms (  0.0%): <average total>
[56.991s][info][gc,stats    ] 
[56.991s][info][gc,metaspace] Metaspace: 6357K(6528K)->6357K(6528K) NonClass: 5750K(5824K)->5750K(5824K) Class: 606K(704K)->606K(704K)
[56.991s][info][gc,ergo     ] Pacer for Idle. Initial: 20971K, Alloc Tax Rate: 1.0x
[57.128s][info][gc          ] Trigger: Explicit GC request (System.gc())
[57.129s][info][gc,ergo     ] Free: 719M, Max: 512K regular, 329M humongous, Frag: 55% external, 0% internal; Reserve: 52736K, Max: 512K
[57.129s][info][gc,start    ] GC(158) Concurrent reset
[57.129s][info][gc,task     ] GC(158) Using 1 of 3 workers for concurrent reset
[57.129s][info][gc,ergo     ] GC(158) Pacer for Reset. Non-Taxable: 1024M
[57.129s][info][gc          ] GC(158) Concurrent reset 0.493ms
[57.129s][info][gc,start    ] GC(158) Pause Init Mark (unload classes)
[57.129s][info][gc,task     ] GC(158) Using 3 of 3 workers for init marking
[57.129s][info][gc,ref      ] GC(158) Clearing All SoftReferences
[57.129s][info][gc,ergo     ] GC(158) Pacer for Mark. Expected Live: 14195K, Free: 719M, Non-Taxable: 73626K, Alloc Tax Rate: 0.0x
[57.129s][info][gc          ] GC(158) Pause Init Mark (unload classes) 0.254ms
[57.130s][info][gc,start    ] GC(158) Concurrent marking roots
[57.130s][info][gc,task     ] GC(158) Using 1 of 3 workers for concurrent marking roots
[57.130s][info][gc          ] GC(158) Concurrent marking roots 0.429ms
[57.130s][info][gc,start    ] GC(158) Concurrent marking (unload classes)
[57.130s][info][gc,task     ] GC(158) Using 1 of 3 workers for concurrent marking
[57.134s][info][gc          ] GC(158) Concurrent marking (unload classes) 3.682ms
[57.134s][info][gc,start    ] GC(158) Pause Final Mark (unload classes)
[57.134s][info][gc,task     ] GC(158) Using 3 of 3 workers for final marking
[57.134s][info][gc,ergo     ] GC(158) Collectable Garbage: 237M (98%), Immediate: 237M (98%), CSet: 0B (0%)
[57.134s][info][gc          ] GC(158) Pause Final Mark (unload classes) 0.395ms
[57.134s][info][gc,start    ] GC(158) Concurrent weak references
[57.134s][info][gc,task     ] GC(158) Using 1 of 3 workers for concurrent weak references
[57.134s][info][gc,ref      ] GC(158) Encountered references: Soft: 135, Weak: 434, Final: 9, Phantom: 20
[57.134s][info][gc,ref      ] GC(158) Discovered  references: Soft: 90, Weak: 248, Final: 7, Phantom: 16
[57.134s][info][gc,ref      ] GC(158) Enqueued    references: Soft: 11, Weak: 0, Final: 0, Phantom: 1
[57.134s][info][gc          ] GC(158) Concurrent weak references 0.252ms
[57.135s][info][gc,start    ] GC(158) Concurrent weak roots
[57.135s][info][gc,task     ] GC(158) Using 1 of 3 workers for concurrent weak root
[57.135s][info][gc          ] GC(158) Concurrent weak roots 0.607ms
[57.135s][info][gc,start    ] GC(158) Concurrent cleanup
[57.135s][info][gc          ] GC(158) Concurrent cleanup 250M->13M(1024M) 0.041ms
[57.135s][info][gc,ergo     ] GC(158) Free: 958M, Max: 512K regular, 800M humongous, Frag: 17% external, 0% internal; Reserve: 52736K, Max: 512K
[57.135s][info][gc,start    ] GC(158) Concurrent class unloading
[57.135s][info][gc,task     ] GC(158) Using 1 of 3 workers for concurrent class unloading
[57.137s][info][gc          ] GC(158) Concurrent class unloading 1.794ms
[57.137s][info][gc,start    ] GC(158) Pause Final Roots
[57.137s][info][gc          ] GC(158) Pause Final Roots 0.055ms
[57.137s][info][gc,ergo     ] Free: 958M, Max: 512K regular, 800M humongous, Frag: 17% external, 0% internal; Reserve: 52736K, Max: 512K
[57.137s][info][gc,stats    ] 
[57.137s][info][gc,stats    ] All times are wall-clock times, except per-root-class counters, that are sum over
[57.137s][info][gc,stats    ] all workers. Dividing the <total> over the root stage time estimates parallelism.
[57.137s][info][gc,stats    ] 
[57.137s][info][gc,stats    ] Concurrent Reset                    522 us
[57.137s][info][gc,stats    ] Pause Init Mark (G)                 428 us
[57.137s][info][gc,stats    ] Pause Init Mark (N)                 272 us
[57.137s][info][gc,stats    ]   Update Region States               81 us
[57.137s][info][gc,stats    ] Concurrent Mark Roots               449 us, parallelism: 0.75x
[57.137s][info][gc,stats    ]   CMR: <total>                      336 us
[57.137s][info][gc,stats    ]   CMR: Thread Roots                 285 us, workers (us): 285, ---, ---, 
[57.138s][info][gc,stats    ]   CMR: VM Strong Roots                5 us, workers (us):   5, ---, ---, 
[57.138s][info][gc,stats    ]   CMR: CLDG Roots                    46 us, workers (us):  46, ---, ---, 
[57.138s][info][gc,stats    ] Concurrent Marking                 3751 us
[57.138s][info][gc,stats    ] Pause Final Mark (G)                522 us
[57.138s][info][gc,stats    ] Pause Final Mark (N)                406 us
[57.138s][info][gc,stats    ]   Finish Mark                       160 us
[57.138s][info][gc,stats    ]   Update Region States               78 us
[57.138s][info][gc,stats    ]   Choose Collection Set              42 us
[57.138s][info][gc,stats    ]   Rebuild Free Set                    8 us
[57.138s][info][gc,stats    ] Concurrent Weak References          269 us, parallelism: 0.06x
[57.138s][info][gc,stats    ]   CWRF: <total>                      15 us
[57.138s][info][gc,stats    ]   CWRF: Weak References              15 us, workers (us):  15, ---, ---, 
[57.138s][info][gc,stats    ] Concurrent Weak Roots               626 us
[57.138s][info][gc,stats    ]   Roots                             490 us, parallelism: 0.86x
[57.138s][info][gc,stats    ]     CWR: <total>                    422 us
[57.138s][info][gc,stats    ]     CWR: Code Cache Roots           358 us, workers (us): 358, ---, ---, 
[57.138s][info][gc,stats    ]     CWR: VM Weak Roots               61 us, workers (us):  61, ---, ---, 
[57.138s][info][gc,stats    ]     CWR: CLDG Roots                   2 us, workers (us):   2, ---, ---, 
[57.138s][info][gc,stats    ]   Rendezvous                         83 us
[57.138s][info][gc,stats    ] Concurrent Cleanup                   50 us
[57.138s][info][gc,stats    ] Concurrent Class Unloading         1831 us
[57.138s][info][gc,stats    ]   Unlink Stale                     1600 us
[57.138s][info][gc,stats    ]     System Dictionary                 2 us
[57.138s][info][gc,stats    ]     Weak Class Links                  0 us
[57.138s][info][gc,stats    ]     Code Roots                     1598 us
[57.138s][info][gc,stats    ]   Rendezvous                         56 us
[57.138s][info][gc,stats    ]   Purge Unlinked                    119 us
[57.138s][info][gc,stats    ]     Code Roots                      113 us
[57.138s][info][gc,stats    ]     CLDG                              6 us
[57.138s][info][gc,stats    ]     Exception Caches                  0 us
[57.138s][info][gc,stats    ] Pause Final Roots (G)               193 us
[57.138s][info][gc,stats    ] Pause Final Roots (N)                78 us
[57.138s][info][gc,stats    ] 
[57.138s][info][gc,stats    ] Allocation pacing accrued:
[57.138s][info][gc,stats    ]       0 of   147 ms (  0.0%): <total>
[57.138s][info][gc,stats    ]       0 of   147 ms (  0.0%): <average total>
[57.138s][info][gc,stats    ] 
[57.138s][info][gc,metaspace] Metaspace: 6358K(6528K)->6358K(6528K) NonClass: 5752K(5824K)->5752K(5824K) Class: 606K(704K)->606K(704K)
[57.138s][info][gc,ergo     ] Pacer for Idle. Initial: 20971K, Alloc Tax Rate: 1.0x
[57.415s][info][gc          ] Trigger: Learning 2 of 5. Free (697M) is below initial threshold (716M)
[57.415s][info][gc,ergo     ] Free: 697M, Max: 512K regular, 697M humongous, Frag: 0% external, 0% internal; Reserve: 52736K, Max: 512K
[57.415s][info][gc,start    ] GC(159) Concurrent reset
[57.415s][info][gc,task     ] GC(159) Using 1 of 3 workers for concurrent reset
[57.415s][info][gc,ergo     ] GC(159) Pacer for Reset. Non-Taxable: 1024M
[57.415s][info][gc          ] GC(159) Concurrent reset 0.434ms
[57.415s][info][gc,start    ] GC(159) Pause Init Mark (unload classes)
[57.415s][info][gc,task     ] GC(159) Using 3 of 3 workers for init marking
[57.416s][info][gc,ergo     ] GC(159) Pacer for Mark. Expected Live: 13622K, Free: 697M, Non-Taxable: 71373K, Alloc Tax Rate: 0.0x
[57.416s][info][gc          ] GC(159) Pause Init Mark (unload classes) 0.342ms
[57.416s][info][gc,start    ] GC(159) Concurrent marking roots
[57.416s][info][gc,task     ] GC(159) Using 1 of 3 workers for concurrent marking roots
[57.416s][info][gc          ] GC(159) Concurrent marking roots 0.687ms
[57.416s][info][gc,start    ] GC(159) Concurrent marking (unload classes)
[57.416s][info][gc,task     ] GC(159) Using 1 of 3 workers for concurrent marking
[57.422s][info][gc          ] GC(159) Concurrent marking (unload classes) 5.521ms
[57.422s][info][gc,start    ] GC(159) Pause Final Mark (unload classes)
[57.422s][info][gc,task     ] GC(159) Using 3 of 3 workers for final marking
[57.422s][info][gc,ergo     ] GC(159) Adaptive CSet Selection. Target Free: 145M, Actual Free: 981M, Max CSet: 43690K, Min Garbage: 0B
[57.423s][info][gc,ergo     ] GC(159) Collectable Garbage: 260M (99%), Immediate: 233M (89%), CSet: 28281K (10%)
[57.423s][info][gc,ergo     ] GC(159) Pacer for Evacuation. Used CSet: 31232K, Free: 930M, Non-Taxable: 95232K, Alloc Tax Rate: 1.1x
[57.423s][info][gc          ] GC(159) Pause Final Mark (unload classes) 0.454ms
[57.423s][info][gc,start    ] GC(159) Concurrent thread roots
[57.423s][info][gc,task     ] GC(159) Using 1 of 3 workers for Concurrent thread roots
[57.423s][info][gc          ] GC(159) Concurrent thread roots 0.589ms
[57.423s][info][gc,start    ] GC(159) Concurrent weak references
[57.423s][info][gc,task     ] GC(159) Using 1 of 3 workers for concurrent weak references
[57.423s][info][gc,ref      ] GC(159) Encountered references: Soft: 132, Weak: 434, Final: 9, Phantom: 21
[57.423s][info][gc,ref      ] GC(159) Discovered  references: Soft: 0, Weak: 234, Final: 7, Phantom: 14
[57.423s][info][gc,ref      ] GC(159) Enqueued    references: Soft: 0, Weak: 0, Final: 0, Phantom: 0
[57.423s][info][gc          ] GC(159) Concurrent weak references 0.138ms
[57.423s][info][gc,start    ] GC(159) Concurrent weak roots
[57.423s][info][gc,task     ] GC(159) Using 1 of 3 workers for concurrent weak root
[57.424s][info][gc          ] GC(159) Concurrent weak roots 0.595ms
[57.424s][info][gc,start    ] GC(159) Concurrent cleanup
[57.424s][info][gc          ] GC(159) Concurrent cleanup 274M->41M(1024M) 0.044ms
[57.424s][info][gc,ergo     ] GC(159) Free: 930M, Max: 512K regular, 697M humongous, Frag: 26% external, 0% internal; Reserve: 52336K, Max: 512K
[57.424s][info][gc,start    ] GC(159) Concurrent class unloading
[57.424s][info][gc,task     ] GC(159) Using 1 of 3 workers for concurrent class unloading
[57.426s][info][gc          ] GC(159) Concurrent class unloading 2.032ms
[57.426s][info][gc,start    ] GC(159) Concurrent strong roots
[57.426s][info][gc,task     ] GC(159) Using 1 of 3 workers for concurrent strong root
[57.426s][info][gc          ] GC(159) Concurrent strong roots 0.181ms
[57.426s][info][gc,start    ] GC(159) Concurrent evacuation
[57.426s][info][gc,task     ] GC(159) Using 1 of 3 workers for concurrent evacuation
[57.428s][info][gc          ] GC(159) Concurrent evacuation 1.282ms
[57.428s][info][gc,start    ] GC(159) Pause Init Update Refs
[57.428s][info][gc,ergo     ] GC(159) Pacer for Update Refs. Used: 46075K, Free: 930M, Non-Taxable: 95232K, Alloc Tax Rate: 1.1x
[57.428s][info][gc          ] GC(159) Pause Init Update Refs 0.088ms
[57.428s][info][gc,start    ] GC(159) Concurrent update references
[57.428s][info][gc,task     ] GC(159) Using 1 of 3 workers for concurrent reference update
[57.431s][info][gc          ] GC(159) Concurrent update references 2.648ms
[57.431s][info][gc,start    ] GC(159) Concurrent update thread roots
[57.432s][info][gc          ] GC(159) Concurrent update thread roots 0.998ms
[57.432s][info][gc,start    ] GC(159) Pause Final Update Refs
[57.432s][info][gc,task     ] GC(159) Using 3 of 3 workers for final reference update
[57.432s][info][gc          ] GC(159) Pause Final Update Refs 0.182ms
[57.442s][info][gc,start    ] GC(159) Concurrent cleanup
[57.442s][info][gc          ] GC(159) Concurrent cleanup 59M->36M(1024M) 0.043ms
[57.442s][info][gc,ergo     ] Free: 935M, Max: 512K regular, 799M humongous, Frag: 15% external, 0% internal; Reserve: 52736K, Max: 512K
[57.442s][info][gc,stats    ] 
[57.442s][info][gc,stats    ] All times are wall-clock times, except per-root-class counters, that are sum over
[57.442s][info][gc,stats    ] all workers. Dividing the <total> over the root stage time estimates parallelism.
[57.442s][info][gc,stats    ] 
[57.442s][info][gc,stats    ] Concurrent Reset                    492 us
[57.442s][info][gc,stats    ] Pause Init Mark (G)                 529 us
[57.442s][info][gc,stats    ] Pause Init Mark (N)                 363 us
[57.442s][info][gc,stats    ]   Update Region States              143 us
[57.442s][info][gc,stats    ] Concurrent Mark Roots               707 us, parallelism: 0.82x
[57.442s][info][gc,stats    ]   CMR: <total>                      581 us
[57.442s][info][gc,stats    ]   CMR: Thread Roots                 530 us, workers (us): 530, ---, ---, 
[57.442s][info][gc,stats    ]   CMR: VM Strong Roots                5 us, workers (us):   5, ---, ---, 
[57.442s][info][gc,stats    ]   CMR: CLDG Roots                    46 us, workers (us):  46, ---, ---, 
[57.442s][info][gc,stats    ] Concurrent Marking                 5589 us
[57.442s][info][gc,stats    ] Pause Final Mark (G)                569 us
[57.442s][info][gc,stats    ] Pause Final Mark (N)                471 us
[57.442s][info][gc,stats    ]   Finish Mark                       132 us
[57.442s][info][gc,stats    ]   Update Region States               76 us
[57.442s][info][gc,stats    ]   Choose Collection Set             122 us
[57.442s][info][gc,stats    ]   Rebuild Free Set                   19 us
[57.442s][info][gc,stats    ] Concurrent Thread Roots             609 us, parallelism: 0.84x
[57.442s][info][gc,stats    ]   CTR: <total>                      512 us
[57.442s][info][gc,stats    ]   CTR: Thread Roots                 512 us, workers (us): 512, ---, ---, 
[57.442s][info][gc,stats    ] Concurrent Weak References          145 us, parallelism: 0.14x
[57.442s][info][gc,stats    ]   CWRF: <total>                      20 us
[57.442s][info][gc,stats    ]   CWRF: Weak References              20 us, workers (us):  20, ---, ---, 
[57.442s][info][gc,stats    ] Concurrent Weak Roots               617 us
[57.442s][info][gc,stats    ]   Roots                             514 us, parallelism: 0.90x
[57.442s][info][gc,stats    ]     CWR: <total>                    462 us
[57.442s][info][gc,stats    ]     CWR: Code Cache Roots           357 us, workers (us): 357, ---, ---, 
[57.442s][info][gc,stats    ]     CWR: VM Weak Roots              102 us, workers (us): 102, ---, ---, 
[57.442s][info][gc,stats    ]     CWR: CLDG Roots                   3 us, workers (us):   3, ---, ---, 
[57.442s][info][gc,stats    ]   Rendezvous                         63 us
[57.442s][info][gc,stats    ] Concurrent Cleanup                   53 us
[57.442s][info][gc,stats    ] Concurrent Class Unloading         2087 us
[57.442s][info][gc,stats    ]   Unlink Stale                     1687 us
[57.442s][info][gc,stats    ]     System Dictionary                 2 us
[57.442s][info][gc,stats    ]     Weak Class Links                  0 us
[57.442s][info][gc,stats    ]     Code Roots                     1683 us
[57.442s][info][gc,stats    ]   Rendezvous                        173 us
[57.442s][info][gc,stats    ]   Purge Unlinked                    153 us
[57.442s][info][gc,stats    ]     Code Roots                      140 us
[57.442s][info][gc,stats    ]     CLDG                             12 us
[57.442s][info][gc,stats    ]     Exception Caches                  0 us
[57.442s][info][gc,stats    ] Concurrent Strong Roots             220 us, parallelism: 0.35x
[57.442s][info][gc,stats    ]   CSR: <total>                       77 us
[57.442s][info][gc,stats    ]   CSR: VM Strong Roots                4 us, workers (us):   4, ---, ---, 
[57.442s][info][gc,stats    ]   CSR: CLDG Roots                    73 us, workers (us):  73, ---, ---, 
[57.442s][info][gc,stats    ] Concurrent Evacuation              1344 us
[57.442s][info][gc,stats    ] Pause Init Update Refs (G)          214 us
[57.442s][info][gc,stats    ] Pause Init Update Refs (N)          109 us
[57.442s][info][gc,stats    ]   Manage GCLABs                       4 us
[57.442s][info][gc,stats    ] Concurrent Update Refs             2711 us
[57.442s][info][gc,stats    ] Concurrent Update Thread Roots     1023 us
[57.442s][info][gc,stats    ] Pause Final Update Refs (G)       10135 us
[57.442s][info][gc,stats    ] Pause Final Update Refs (N)         222 us
[57.442s][info][gc,stats    ]   Update Region States               90 us
[57.442s][info][gc,stats    ]   Trash Collection Set                6 us
[57.442s][info][gc,stats    ]   Rebuild Free Set                   20 us
[57.442s][info][gc,stats    ] Concurrent Cleanup                   54 us
[57.442s][info][gc,stats    ] Pacing                          1160450 us
[57.442s][info][gc,stats    ] 
[57.442s][info][gc,stats    ] Allocation pacing accrued:
[57.442s][info][gc,stats    ]     193 of   304 ms ( 63.3%): Thread-78
[57.442s][info][gc,stats    ]     193 of   304 ms ( 63.3%): Thread-79
[57.442s][info][gc,stats    ]     191 of   304 ms ( 62.9%): Thread-80
[57.442s][info][gc,stats    ]     196 of   304 ms ( 64.3%): Thread-81
[57.442s][info][gc,stats    ]     194 of   304 ms ( 63.6%): Thread-82
[57.442s][info][gc,stats    ]     195 of   304 ms ( 64.0%): Thread-83
[57.442s][info][gc,stats    ]    1160 of   304 ms (381.3%): <total>
[57.442s][info][gc,stats    ]      61 of   304 ms ( 20.1%): <average total>
[57.442s][info][gc,stats    ]     193 of   304 ms ( 63.5%): <average non-zero>
[57.442s][info][gc,stats    ] 
[57.442s][info][gc,metaspace] Metaspace: 6366K(6528K)->6366K(6528K) NonClass: 5759K(5824K)->5759K(5824K) Class: 606K(704K)->606K(704K)
[57.442s][info][gc,ergo     ] Pacer for Idle. Initial: 20971K, Alloc Tax Rate: 1.0x
[57.540s][info][gc          ] Trigger: Learning 3 of 5. Free (714M) is below initial threshold (716M)
[57.541s][info][gc,ergo     ] Free: 714M, Max: 512K regular, 714M humongous, Frag: 0% external, 0% internal; Reserve: 52736K, Max: 512K
[57.541s][info][gc,start    ] GC(160) Concurrent reset
[57.541s][info][gc,task     ] GC(160) Using 1 of 3 workers for concurrent reset
[57.541s][info][gc,ergo     ] GC(160) Pacer for Reset. Non-Taxable: 1024M
[57.541s][info][gc          ] GC(160) Concurrent reset 0.225ms
[57.541s][info][gc,start    ] GC(160) Pause Init Mark (unload classes)
[57.541s][info][gc,task     ] GC(160) Using 3 of 3 workers for init marking
[57.541s][info][gc,ergo     ] GC(160) Pacer for Mark. Expected Live: 13543K, Free: 713M, Non-Taxable: 73064K, Alloc Tax Rate: 0.0x
[57.541s][info][gc          ] GC(160) Pause Init Mark (unload classes) 0.149ms
[57.542s][info][gc,start    ] GC(160) Concurrent marking roots
[57.542s][info][gc,task     ] GC(160) Using 1 of 3 workers for concurrent marking roots
[57.543s][info][gc          ] GC(160) Concurrent marking roots 0.549ms
[57.543s][info][gc,start    ] GC(160) Concurrent marking (unload classes)
[57.543s][info][gc,task     ] GC(160) Using 1 of 3 workers for concurrent marking
[57.556s][info][gc          ] GC(160) Concurrent marking (unload classes) 13.525ms
[57.556s][info][gc,start    ] GC(160) Pause Final Mark (unload classes)
[57.556s][info][gc,task     ] GC(160) Using 3 of 3 workers for final marking
[57.556s][info][gc,ergo     ] GC(160) Adaptive CSet Selection. Target Free: 145M, Actual Free: 935M, Max CSet: 43690K, Min Garbage: 0B
[57.556s][info][gc,ergo     ] GC(160) Collectable Garbage: 243M (99%), Immediate: 202M (82%), CSet: 42197K (16%)
[57.556s][info][gc,ergo     ] GC(160) Pacer for Evacuation. Used CSet: 44544K, Free: 884M, Non-Taxable: 90522K, Alloc Tax Rate: 1.1x
[57.556s][info][gc          ] GC(160) Pause Final Mark (unload classes) 0.208ms
[57.556s][info][gc,start    ] GC(160) Concurrent thread roots
[57.556s][info][gc,task     ] GC(160) Using 1 of 3 workers for Concurrent thread roots
[57.557s][info][gc          ] GC(160) Concurrent thread roots 0.497ms
[57.557s][info][gc,start    ] GC(160) Concurrent weak references
[57.557s][info][gc,task     ] GC(160) Using 1 of 3 workers for concurrent weak references
[57.557s][info][gc,ref      ] GC(160) Encountered references: Soft: 132, Weak: 434, Final: 9, Phantom: 21
[57.557s][info][gc,ref      ] GC(160) Discovered  references: Soft: 0, Weak: 234, Final: 7, Phantom: 14
[57.557s][info][gc,ref      ] GC(160) Enqueued    references: Soft: 0, Weak: 0, Final: 0, Phantom: 0
[57.557s][info][gc          ] GC(160) Concurrent weak references 0.073ms
[57.557s][info][gc,start    ] GC(160) Concurrent weak roots
[57.557s][info][gc,task     ] GC(160) Using 1 of 3 workers for concurrent weak root
[57.562s][info][gc          ] GC(160) Concurrent weak roots 4.800ms
[57.562s][info][gc,start    ] GC(160) Concurrent cleanup
[57.562s][info][gc          ] GC(160) Concurrent cleanup 300M->97M(1024M) 0.052ms
[57.562s][info][gc,ergo     ] GC(160) Free: 874M, Max: 512K regular, 673M humongous, Frag: 24% external, 0% internal; Reserve: 51772K, Max: 512K
[57.562s][info][gc,start    ] GC(160) Concurrent class unloading
[57.562s][info][gc,task     ] GC(160) Using 1 of 3 workers for concurrent class unloading
[57.566s][info][gc          ] GC(160) Concurrent class unloading 4.307ms
[57.566s][info][gc,start    ] GC(160) Concurrent strong roots
[57.566s][info][gc,task     ] GC(160) Using 1 of 3 workers for concurrent strong root
[57.566s][info][gc          ] GC(160) Concurrent strong roots 0.080ms
[57.566s][info][gc,start    ] GC(160) Concurrent evacuation
[57.566s][info][gc,task     ] GC(160) Using 1 of 3 workers for concurrent evacuation
[57.567s][info][gc          ] GC(160) Concurrent evacuation 1.024ms
[57.568s][info][gc,start    ] GC(160) Pause Init Update Refs
[57.568s][info][gc,ergo     ] GC(160) Pacer for Update Refs. Used: 108M, Free: 865M, Non-Taxable: 88631K, Alloc Tax Rate: 1.1x
[57.568s][info][gc          ] GC(160) Pause Init Update Refs 0.063ms
[57.572s][info][gc,start    ] GC(160) Concurrent update references
[57.572s][info][gc,task     ] GC(160) Using 1 of 3 workers for concurrent reference update
[57.579s][info][gc          ] GC(160) Concurrent update references 6.500ms
[57.579s][info][gc,start    ] GC(160) Concurrent update thread roots
[57.579s][info][gc          ] GC(160) Concurrent update thread roots 0.564ms
[57.579s][info][gc,start    ] GC(160) Pause Final Update Refs
[57.579s][info][gc,task     ] GC(160) Using 3 of 3 workers for final reference update
[57.579s][info][gc          ] GC(160) Pause Final Update Refs 0.099ms
[57.589s][info][gc,start    ] GC(160) Concurrent cleanup
[57.589s][info][gc          ] GC(160) Concurrent cleanup 140M->97M(1024M) 0.050ms
[57.589s][info][gc,ergo     ] Free: 874M, Max: 512K regular, 671M humongous, Frag: 24% external, 0% internal; Reserve: 52736K, Max: 512K
[57.589s][info][gc,stats    ] 
[57.589s][info][gc,stats    ] All times are wall-clock times, except per-root-class counters, that are sum over
[57.589s][info][gc,stats    ] all workers. Dividing the <total> over the root stage time estimates parallelism.
[57.589s][info][gc,stats    ] 
[57.589s][info][gc,stats    ] Concurrent Reset                    235 us
[57.589s][info][gc,stats    ] Pause Init Mark (G)                1094 us
[57.589s][info][gc,stats    ] Pause Init Mark (N)                 159 us
[57.589s][info][gc,stats    ]   Update Region States               45 us
[57.589s][info][gc,stats    ] Concurrent Mark Roots               558 us, parallelism: 0.89x
[57.589s][info][gc,stats    ]   CMR: <total>                      497 us
[57.589s][info][gc,stats    ]   CMR: Thread Roots                 447 us, workers (us): 447, ---, ---, 
[57.589s][info][gc,stats    ]   CMR: VM Strong Roots                5 us, workers (us):   5, ---, ---, 
[57.589s][info][gc,stats    ]   CMR: CLDG Roots                    45 us, workers (us):  45, ---, ---, 
[57.589s][info][gc,stats    ] Concurrent Marking                13578 us
[57.589s][info][gc,stats    ] Pause Final Mark (G)                328 us
[57.589s][info][gc,stats    ] Pause Final Mark (N)                218 us
[57.589s][info][gc,stats    ]   Finish Mark                        49 us
[57.589s][info][gc,stats    ]   Update Region States               34 us
[57.589s][info][gc,stats    ]   Choose Collection Set              59 us
[57.589s][info][gc,stats    ]   Rebuild Free Set                    8 us
[57.589s][info][gc,stats    ] Concurrent Thread Roots             514 us, parallelism: 0.88x
[57.589s][info][gc,stats    ]   CTR: <total>                      453 us
[57.589s][info][gc,stats    ]   CTR: Thread Roots                 453 us, workers (us): 453, ---, ---, 
[57.589s][info][gc,stats    ] Concurrent Weak References           80 us, parallelism: 0.17x
[57.589s][info][gc,stats    ]   CWRF: <total>                      14 us
[57.589s][info][gc,stats    ]   CWRF: Weak References              14 us, workers (us):  14, ---, ---, 
[57.589s][info][gc,stats    ] Concurrent Weak Roots              4825 us
[57.589s][info][gc,stats    ]   Roots                             549 us, parallelism: 0.95x
[57.589s][info][gc,stats    ]     CWR: <total>                    525 us
[57.589s][info][gc,stats    ]     CWR: Code Cache Roots           419 us, workers (us): 419, ---, ---, 
[57.589s][info][gc,stats    ]     CWR: VM Weak Roots              102 us, workers (us): 102, ---, ---, 
[57.589s][info][gc,stats    ]     CWR: CLDG Roots                   3 us, workers (us):   3, ---, ---, 
[57.589s][info][gc,stats    ]   Rendezvous                       4236 us
[57.589s][info][gc,stats    ] Concurrent Cleanup                   61 us
[57.589s][info][gc,stats    ] Concurrent Class Unloading         4342 us
[57.589s][info][gc,stats    ]   Unlink Stale                     1837 us
[57.589s][info][gc,stats    ]     System Dictionary                 3 us
[57.589s][info][gc,stats    ]     Weak Class Links                  0 us
[57.589s][info][gc,stats    ]     Code Roots                     1833 us
[57.589s][info][gc,stats    ]   Rendezvous                       2384 us
[57.589s][info][gc,stats    ]   Purge Unlinked                     68 us
[57.589s][info][gc,stats    ]     Code Roots                       64 us
[57.589s][info][gc,stats    ]     CLDG                              4 us
[57.589s][info][gc,stats    ]     Exception Caches                  0 us
[57.590s][info][gc,stats    ] Concurrent Strong Roots              88 us, parallelism: 0.55x
[57.590s][info][gc,stats    ]   CSR: <total>                       49 us
[57.590s][info][gc,stats    ]   CSR: VM Strong Roots                4 us, workers (us):   4, ---, ---, 
[57.590s][info][gc,stats    ]   CSR: CLDG Roots                    45 us, workers (us):  45, ---, ---, 
[57.590s][info][gc,stats    ] Concurrent Evacuation              1055 us
[57.590s][info][gc,stats    ] Pause Init Update Refs (G)         4574 us
[57.590s][info][gc,stats    ] Pause Init Update Refs (N)           73 us
[57.590s][info][gc,stats    ]   Manage GCLABs                       3 us
[57.590s][info][gc,stats    ] Concurrent Update Refs             6542 us
[57.590s][info][gc,stats    ] Concurrent Update Thread Roots      579 us
[57.590s][info][gc,stats    ] Pause Final Update Refs (G)        9969 us
[57.590s][info][gc,stats    ] Pause Final Update Refs (N)         121 us
[57.590s][info][gc,stats    ]   Update Region States               40 us
[57.590s][info][gc,stats    ]   Trash Collection Set                4 us
[57.590s][info][gc,stats    ]   Rebuild Free Set                   12 us
[57.590s][info][gc,stats    ] Concurrent Cleanup                   60 us
[57.590s][info][gc,stats    ] 
[57.590s][info][gc,stats    ] Allocation pacing accrued:
[57.590s][info][gc,stats    ]       0 of   147 ms (  0.0%): <total>
[57.590s][info][gc,stats    ]       0 of   147 ms (  0.0%): <average total>
[57.590s][info][gc,stats    ] 
[57.590s][info][gc,metaspace] Metaspace: 6366K(6528K)->6366K(6528K) NonClass: 5759K(5824K)->5759K(5824K) Class: 606K(704K)->606K(704K)
[57.590s][info][gc,ergo     ] Pacer for Idle. Initial: 20971K, Alloc Tax Rate: 1.0x
[57.682s][info][gc          ] Trigger: Learning 4 of 5. Free (703M) is below initial threshold (716M)
[57.682s][info][gc,ergo     ] Free: 703M, Max: 512K regular, 671M humongous, Frag: 5% external, 0% internal; Reserve: 52736K, Max: 512K
[57.682s][info][gc,start    ] GC(161) Concurrent reset
[57.682s][info][gc,task     ] GC(161) Using 1 of 3 workers for concurrent reset
[57.682s][info][gc,ergo     ] GC(161) Pacer for Reset. Non-Taxable: 1024M
[57.682s][info][gc          ] GC(161) Concurrent reset 0.251ms
[57.682s][info][gc,start    ] GC(161) Pause Init Mark (unload classes)
[57.682s][info][gc,task     ] GC(161) Using 3 of 3 workers for init marking
[57.682s][info][gc,ergo     ] GC(161) Pacer for Mark. Expected Live: 13537K, Free: 702M, Non-Taxable: 71889K, Alloc Tax Rate: 0.0x
[57.682s][info][gc          ] GC(161) Pause Init Mark (unload classes) 0.119ms
[57.690s][info][gc,start    ] GC(161) Concurrent marking roots
[57.690s][info][gc,task     ] GC(161) Using 1 of 3 workers for concurrent marking roots
[57.691s][info][gc          ] GC(161) Concurrent marking roots 0.544ms
[57.691s][info][gc,start    ] GC(161) Concurrent marking (unload classes)
[57.691s][info][gc,task     ] GC(161) Using 1 of 3 workers for concurrent marking
[57.698s][info][gc          ] GC(161) Concurrent marking (unload classes) 7.163ms
[57.698s][info][gc,start    ] GC(161) Pause Final Mark (unload classes)
[57.698s][info][gc,task     ] GC(161) Using 3 of 3 workers for final marking
[57.698s][info][gc,ergo     ] GC(161) Adaptive CSet Selection. Target Free: 145M, Actual Free: 879M, Max CSet: 43690K, Min Garbage: 0B
[57.698s][info][gc,ergo     ] GC(161) Collectable Garbage: 255M (99%), Immediate: 153M (59%), CSet: 102M (39%)
[57.698s][info][gc,ergo     ] GC(161) Pacer for Evacuation. Used CSet: 104M, Free: 827M, Non-Taxable: 84740K, Alloc Tax Rate: 1.1x
[57.698s][info][gc          ] GC(161) Pause Final Mark (unload classes) 0.213ms
[57.708s][info][gc,start    ] GC(161) Concurrent thread roots
[57.708s][info][gc,task     ] GC(161) Using 1 of 3 workers for Concurrent thread roots
[57.709s][info][gc          ] GC(161) Concurrent thread roots 0.490ms
[57.709s][info][gc,start    ] GC(161) Concurrent weak references
[57.709s][info][gc,task     ] GC(161) Using 1 of 3 workers for concurrent weak references
[57.709s][info][gc,ref      ] GC(161) Encountered references: Soft: 132, Weak: 434, Final: 9, Phantom: 21
[57.709s][info][gc,ref      ] GC(161) Discovered  references: Soft: 0, Weak: 234, Final: 7, Phantom: 14
[57.709s][info][gc,ref      ] GC(161) Enqueued    references: Soft: 0, Weak: 0, Final: 0, Phantom: 0
[57.709s][info][gc          ] GC(161) Concurrent weak references 0.067ms
[57.709s][info][gc,start    ] GC(161) Concurrent weak roots
[57.709s][info][gc,task     ] GC(161) Using 1 of 3 workers for concurrent weak root
[57.710s][info][gc          ] GC(161) Concurrent weak roots 1.413ms
[57.710s][info][gc,start    ] GC(161) Concurrent cleanup
[57.710s][info][gc          ] GC(161) Concurrent cleanup 324M->171M(1024M) 0.044ms
[57.710s][info][gc,ergo     ] GC(161) Free: 801M, Max: 512K regular, 649M humongous, Frag: 19% external, 0% internal; Reserve: 51500K, Max: 512K
[57.710s][info][gc,start    ] GC(161) Concurrent class unloading
[57.710s][info][gc,task     ] GC(161) Using 1 of 3 workers for concurrent class unloading
[57.714s][info][gc          ] GC(161) Concurrent class unloading 3.584ms
[57.714s][info][gc,start    ] GC(161) Concurrent strong roots
[57.714s][info][gc,task     ] GC(161) Using 1 of 3 workers for concurrent strong root
[57.714s][info][gc          ] GC(161) Concurrent strong roots 0.091ms
[57.714s][info][gc,start    ] GC(161) Concurrent evacuation
[57.714s][info][gc,task     ] GC(161) Using 1 of 3 workers for concurrent evacuation
[57.715s][info][gc          ] GC(161) Concurrent evacuation 1.464ms
[57.715s][info][gc,start    ] GC(161) Pause Init Update Refs
[57.716s][info][gc,ergo     ] GC(161) Pacer for Update Refs. Used: 182M, Free: 791M, Non-Taxable: 81056K, Alloc Tax Rate: 1.1x
[57.716s][info][gc          ] GC(161) Pause Init Update Refs 0.068ms
[57.725s][info][gc,start    ] GC(161) Concurrent update references
[57.725s][info][gc,task     ] GC(161) Using 1 of 3 workers for concurrent reference update
[57.732s][info][gc          ] GC(161) Concurrent update references 6.244ms
[57.732s][info][gc,start    ] GC(161) Concurrent update thread roots
[57.732s][info][gc          ] GC(161) Concurrent update thread roots 0.569ms
[57.732s][info][gc,start    ] GC(161) Pause Final Update Refs
[57.732s][info][gc,task     ] GC(161) Using 3 of 3 workers for final reference update
[57.732s][info][gc          ] GC(161) Pause Final Update Refs 0.103ms
[57.742s][info][gc,start    ] GC(161) Concurrent cleanup
[57.742s][info][gc          ] GC(161) Concurrent cleanup 236M->134M(1024M) 0.048ms
[57.742s][info][gc,ergo     ] Free: 836M, Max: 512K regular, 648M humongous, Frag: 23% external, 0% internal; Reserve: 52736K, Max: 512K
[57.742s][info][gc,stats    ] 
[57.742s][info][gc,stats    ] All times are wall-clock times, except per-root-class counters, that are sum over
[57.742s][info][gc,stats    ] all workers. Dividing the <total> over the root stage time estimates parallelism.
[57.742s][info][gc,stats    ] 
[57.742s][info][gc,stats    ] Concurrent Reset                    261 us
[57.742s][info][gc,stats    ] Pause Init Mark (G)                8049 us
[57.742s][info][gc,stats    ] Pause Init Mark (N)                 128 us
[57.742s][info][gc,stats    ]   Update Region States               39 us
[57.742s][info][gc,stats    ] Concurrent Mark Roots               554 us, parallelism: 0.83x
[57.742s][info][gc,stats    ]   CMR: <total>                      459 us
[57.742s][info][gc,stats    ]   CMR: Thread Roots                 407 us, workers (us): 407, ---, ---, 
[57.742s][info][gc,stats    ]   CMR: VM Strong Roots                5 us, workers (us):   5, ---, ---, 
[57.742s][info][gc,stats    ]   CMR: CLDG Roots                    46 us, workers (us):  46, ---, ---, 
[57.742s][info][gc,stats    ] Concurrent Marking                 7225 us
[57.742s][info][gc,stats    ] Pause Final Mark (G)              10269 us
[57.742s][info][gc,stats    ] Pause Final Mark (N)                222 us
[57.742s][info][gc,stats    ]   Finish Mark                        42 us
[57.742s][info][gc,stats    ]   Update Region States               33 us
[57.742s][info][gc,stats    ]   Choose Collection Set              84 us
[57.742s][info][gc,stats    ]   Rebuild Free Set                    8 us
[57.742s][info][gc,stats    ] Concurrent Thread Roots             501 us, parallelism: 0.86x
[57.742s][info][gc,stats    ]   CTR: <total>                      430 us
[57.742s][info][gc,stats    ]   CTR: Thread Roots                 430 us, workers (us): 430, ---, ---, 
[57.742s][info][gc,stats    ] Concurrent Weak References           75 us, parallelism: 0.22x
[57.742s][info][gc,stats    ]   CWRF: <total>                      16 us
[57.742s][info][gc,stats    ]   CWRF: Weak References              16 us, workers (us):  16, ---, ---, 
[57.742s][info][gc,stats    ] Concurrent Weak Roots              1440 us
[57.742s][info][gc,stats    ]   Roots                             581 us, parallelism: 0.96x
[57.742s][info][gc,stats    ]     CWR: <total>                    558 us
[57.742s][info][gc,stats    ]     CWR: Code Cache Roots           442 us, workers (us): 442, ---, ---, 
[57.742s][info][gc,stats    ]     CWR: VM Weak Roots              114 us, workers (us): 114, ---, ---, 
[57.742s][info][gc,stats    ]     CWR: CLDG Roots                   3 us, workers (us):   3, ---, ---, 
[57.742s][info][gc,stats    ]   Rendezvous                        815 us
[57.742s][info][gc,stats    ] Concurrent Cleanup                   53 us
[57.742s][info][gc,stats    ] Concurrent Class Unloading         3625 us
[57.742s][info][gc,stats    ]   Unlink Stale                     1821 us
[57.742s][info][gc,stats    ]     System Dictionary                 3 us
[57.742s][info][gc,stats    ]     Weak Class Links                  0 us
[57.742s][info][gc,stats    ]     Code Roots                     1817 us
[57.742s][info][gc,stats    ]   Rendezvous                       1659 us
[57.742s][info][gc,stats    ]   Purge Unlinked                     86 us
[57.742s][info][gc,stats    ]     Code Roots                       81 us
[57.742s][info][gc,stats    ]     CLDG                              4 us
[57.742s][info][gc,stats    ]     Exception Caches                  0 us
[57.742s][info][gc,stats    ] Concurrent Strong Roots             101 us, parallelism: 0.57x
[57.742s][info][gc,stats    ]   CSR: <total>                       57 us
[57.742s][info][gc,stats    ]   CSR: VM Strong Roots                5 us, workers (us):   5, ---, ---, 
[57.742s][info][gc,stats    ]   CSR: CLDG Roots                    52 us, workers (us):  52, ---, ---, 
[57.742s][info][gc,stats    ] Concurrent Evacuation              1509 us
[57.742s][info][gc,stats    ] Pause Init Update Refs (G)        10030 us
[57.742s][info][gc,stats    ] Pause Init Update Refs (N)           78 us
[57.742s][info][gc,stats    ]   Manage GCLABs                       4 us
[57.742s][info][gc,stats    ] Concurrent Update Refs             6294 us
[57.742s][info][gc,stats    ] Concurrent Update Thread Roots      590 us
[57.743s][info][gc,stats    ] Pause Final Update Refs (G)        9693 us
[57.743s][info][gc,stats    ] Pause Final Update Refs (N)         114 us
[57.743s][info][gc,stats    ]   Update Region States               39 us
[57.743s][info][gc,stats    ]   Trash Collection Set                6 us
[57.743s][info][gc,stats    ]   Rebuild Free Set                   14 us
[57.743s][info][gc,stats    ] Concurrent Cleanup                   59 us
[57.743s][info][gc,stats    ] Pacing                            13243 us
[57.743s][info][gc,stats    ] 
[57.743s][info][gc,stats    ] Allocation pacing accrued:
[57.743s][info][gc,stats    ]       2 of   153 ms (  1.4%): Thread-78
[57.743s][info][gc,stats    ]       2 of   153 ms (  1.3%): Thread-79
[57.743s][info][gc,stats    ]       2 of   153 ms (  1.6%): Thread-80
[57.743s][info][gc,stats    ]       2 of   153 ms (  1.4%): Thread-81
[57.743s][info][gc,stats    ]       2 of   153 ms (  1.6%): Thread-82
[57.743s][info][gc,stats    ]       2 of   153 ms (  1.4%): Thread-83
[57.743s][info][gc,stats    ]      13 of   153 ms (  8.7%): <total>
[57.743s][info][gc,stats    ]       1 of   153 ms (  0.5%): <average total>
[57.743s][info][gc,stats    ]       2 of   153 ms (  1.4%): <average non-zero>
[57.743s][info][gc,stats    ] 
[57.743s][info][gc,metaspace] Metaspace: 6366K(6528K)->6366K(6528K) NonClass: 5759K(5824K)->5759K(5824K) Class: 606K(704K)->606K(704K)
[57.743s][info][gc,ergo     ] Pacer for Idle. Initial: 20971K, Alloc Tax Rate: 1.0x
[57.793s][info][gc          ] Trigger: Learning 5 of 5. Free (703M) is below initial threshold (716M)
[57.793s][info][gc,ergo     ] Free: 702M, Max: 512K regular, 648M humongous, Frag: 8% external, 0% internal; Reserve: 52736K, Max: 512K
[57.793s][info][gc,start    ] GC(162) Concurrent reset
[57.793s][info][gc,task     ] GC(162) Using 1 of 3 workers for concurrent reset
[57.793s][info][gc,ergo     ] GC(162) Pacer for Reset. Non-Taxable: 1024M
[57.793s][info][gc          ] GC(162) Concurrent reset 0.523ms
[57.793s][info][gc,start    ] GC(162) Pause Init Mark (unload classes)
[57.793s][info][gc,task     ] GC(162) Using 3 of 3 workers for init marking
[57.794s][info][gc,ergo     ] GC(162) Pacer for Mark. Expected Live: 13548K, Free: 701M, Non-Taxable: 71847K, Alloc Tax Rate: 0.0x
[57.794s][info][gc          ] GC(162) Pause Init Mark (unload classes) 0.124ms
[57.806s][info][gc,start    ] GC(162) Concurrent marking roots
[57.806s][info][gc,task     ] GC(162) Using 1 of 3 workers for concurrent marking roots
[57.806s][info][gc          ] GC(162) Concurrent marking roots 0.586ms
[57.806s][info][gc,start    ] GC(162) Concurrent marking (unload classes)
[57.806s][info][gc,task     ] GC(162) Using 1 of 3 workers for concurrent marking
[57.814s][info][gc          ] GC(162) Concurrent marking (unload classes) 8.097ms
[57.815s][info][gc,start    ] GC(162) Pause Final Mark (unload classes)
[57.815s][info][gc,task     ] GC(162) Using 3 of 3 workers for final marking
[57.815s][info][gc,ergo     ] GC(162) Adaptive CSet Selection. Target Free: 145M, Actual Free: 929M, Max CSet: 43690K, Min Garbage: 0B
[57.815s][info][gc,ergo     ] GC(162) Collectable Garbage: 255M (99%), Immediate: 223M (87%), CSet: 32756K (12%)
[57.815s][info][gc,ergo     ] GC(162) Pacer for Evacuation. Used CSet: 35328K, Free: 878M, Non-Taxable: 89907K, Alloc Tax Rate: 1.1x
[57.815s][info][gc          ] GC(162) Pause Final Mark (unload classes) 0.229ms
[57.825s][info][gc,start    ] GC(162) Concurrent thread roots
[57.825s][info][gc,task     ] GC(162) Using 1 of 3 workers for Concurrent thread roots
[57.825s][info][gc          ] GC(162) Concurrent thread roots 0.473ms
[57.825s][info][gc,start    ] GC(162) Concurrent weak references
[57.825s][info][gc,task     ] GC(162) Using 1 of 3 workers for concurrent weak references
[57.825s][info][gc,ref      ] GC(162) Encountered references: Soft: 132, Weak: 434, Final: 9, Phantom: 21
[57.825s][info][gc,ref      ] GC(162) Discovered  references: Soft: 0, Weak: 234, Final: 7, Phantom: 14
[57.825s][info][gc,ref      ] GC(162) Enqueued    references: Soft: 0, Weak: 0, Final: 0, Phantom: 0
[57.825s][info][gc          ] GC(162) Concurrent weak references 0.060ms
[57.825s][info][gc,start    ] GC(162) Concurrent weak roots
[57.825s][info][gc,task     ] GC(162) Using 1 of 3 workers for concurrent weak root
[57.828s][info][gc          ] GC(162) Concurrent weak roots 2.780ms
[57.828s][info][gc,start    ] GC(162) Concurrent cleanup
[57.828s][info][gc          ] GC(162) Concurrent cleanup 335M->112M(1024M) 0.051ms
[57.828s][info][gc,ergo     ] GC(162) Free: 859M, Max: 512K regular, 636M humongous, Frag: 26% external, 0% internal; Reserve: 52536K, Max: 512K
[57.828s][info][gc,start    ] GC(162) Concurrent class unloading
[57.828s][info][gc,task     ] GC(162) Using 1 of 3 workers for concurrent class unloading
[57.831s][info][gc          ] GC(162) Concurrent class unloading 2.603ms
[57.831s][info][gc,start    ] GC(162) Concurrent strong roots
[57.831s][info][gc,task     ] GC(162) Using 1 of 3 workers for concurrent strong root
[57.831s][info][gc          ] GC(162) Concurrent strong roots 0.079ms
[57.831s][info][gc,start    ] GC(162) Concurrent evacuation
[57.831s][info][gc,task     ] GC(162) Using 1 of 3 workers for concurrent evacuation
[57.832s][info][gc          ] GC(162) Concurrent evacuation 1.308ms
[57.832s][info][gc,start    ] GC(162) Pause Init Update Refs
[57.832s][info][gc,ergo     ] GC(162) Pacer for Update Refs. Used: 119M, Free: 854M, Non-Taxable: 87509K, Alloc Tax Rate: 1.1x
[57.832s][info][gc          ] GC(162) Pause Init Update Refs 0.042ms
[57.836s][info][gc,start    ] GC(162) Concurrent update references
[57.836s][info][gc,task     ] GC(162) Using 1 of 3 workers for concurrent reference update
[57.845s][info][gc          ] GC(162) Concurrent update references 8.865ms
[57.845s][info][gc,start    ] GC(162) Concurrent update thread roots
[57.846s][info][gc          ] GC(162) Concurrent update thread roots 0.574ms
[57.846s][info][gc,start    ] GC(162) Pause Final Update Refs
[57.846s][info][gc,task     ] GC(162) Using 3 of 3 workers for final reference update
[57.846s][info][gc          ] GC(162) Pause Final Update Refs 0.098ms
[57.847s][info][gc,start    ] GC(162) Concurrent cleanup
[57.848s][info][gc          ] GC(162) Concurrent cleanup 139M->105M(1024M) 0.028ms
[57.848s][info][gc,ergo     ] Free: 866M, Max: 512K regular, 636M humongous, Frag: 27% external, 0% internal; Reserve: 52736K, Max: 512K
[57.848s][info][gc,stats    ] 
[57.848s][info][gc,stats    ] All times are wall-clock times, except per-root-class counters, that are sum over
[57.848s][info][gc,stats    ] all workers. Dividing the <total> over the root stage time estimates parallelism.
[57.848s][info][gc,stats    ] 
[57.848s][info][gc,stats    ] Concurrent Reset                    548 us
[57.848s][info][gc,stats    ] Pause Init Mark (G)               12413 us
[57.848s][info][gc,stats    ] Pause Init Mark (N)                 133 us
[57.848s][info][gc,stats    ]   Update Region States               41 us
[57.848s][info][gc,stats    ] Concurrent Mark Roots               599 us, parallelism: 0.79x
[57.848s][info][gc,stats    ]   CMR: <total>                      473 us
[57.848s][info][gc,stats    ]   CMR: Thread Roots                 414 us, workers (us): 414, ---, ---, 
[57.848s][info][gc,stats    ]   CMR: VM Strong Roots                6 us, workers (us):   6, ---, ---, 
[57.848s][info][gc,stats    ]   CMR: CLDG Roots                    53 us, workers (us):  53, ---, ---, 
[57.848s][info][gc,stats    ] Concurrent Marking                 8153 us
[57.848s][info][gc,stats    ] Pause Final Mark (G)              10119 us
[57.848s][info][gc,stats    ] Pause Final Mark (N)                238 us
[57.848s][info][gc,stats    ]   Finish Mark                        50 us
[57.848s][info][gc,stats    ]   Update Region States               35 us
[57.848s][info][gc,stats    ]   Choose Collection Set              68 us
[57.848s][info][gc,stats    ]   Rebuild Free Set                    8 us
[57.848s][info][gc,stats    ] Concurrent Thread Roots             483 us, parallelism: 0.86x
[57.848s][info][gc,stats    ]   CTR: <total>                      414 us
[57.848s][info][gc,stats    ]   CTR: Thread Roots                 414 us, workers (us): 414, ---, ---, 
[57.848s][info][gc,stats    ] Concurrent Weak References           67 us, parallelism: 0.19x
[57.848s][info][gc,stats    ]   CWRF: <total>                      13 us
[57.848s][info][gc,stats    ]   CWRF: Weak References              13 us, workers (us):  13, ---, ---, 
[57.848s][info][gc,stats    ] Concurrent Weak Roots              2799 us
[57.848s][info][gc,stats    ]   Roots                             537 us, parallelism: 0.96x
[57.848s][info][gc,stats    ]     CWR: <total>                    517 us
[57.848s][info][gc,stats    ]     CWR: Code Cache Roots           406 us, workers (us): 406, ---, ---, 
[57.848s][info][gc,stats    ]     CWR: VM Weak Roots              109 us, workers (us): 109, ---, ---, 
[57.848s][info][gc,stats    ]     CWR: CLDG Roots                   3 us, workers (us):   3, ---, ---, 
[57.848s][info][gc,stats    ]   Rendezvous                       2227 us
[57.848s][info][gc,stats    ] Concurrent Cleanup                   60 us
[57.848s][info][gc,stats    ] Concurrent Class Unloading         2631 us
[57.848s][info][gc,stats    ]   Unlink Stale                     1722 us
[57.848s][info][gc,stats    ]     System Dictionary                 3 us
[57.848s][info][gc,stats    ]     Weak Class Links                  0 us
[57.848s][info][gc,stats    ]     Code Roots                     1719 us
[57.848s][info][gc,stats    ]   Rendezvous                        806 us
[57.848s][info][gc,stats    ]   Purge Unlinked                     59 us
[57.848s][info][gc,stats    ]     Code Roots                       56 us
[57.848s][info][gc,stats    ]     CLDG                              3 us
[57.848s][info][gc,stats    ]     Exception Caches                  0 us
[57.848s][info][gc,stats    ] Concurrent Strong Roots              87 us, parallelism: 0.55x
[57.848s][info][gc,stats    ]   CSR: <total>                       48 us
[57.848s][info][gc,stats    ]   CSR: VM Strong Roots                4 us, workers (us):   4, ---, ---, 
[57.848s][info][gc,stats    ]   CSR: CLDG Roots                    44 us, workers (us):  44, ---, ---, 
[57.848s][info][gc,stats    ] Concurrent Evacuation              1340 us
[57.848s][info][gc,stats    ] Pause Init Update Refs (G)         3935 us
[57.848s][info][gc,stats    ] Pause Init Update Refs (N)           51 us
[57.848s][info][gc,stats    ]   Manage GCLABs                       3 us
[57.848s][info][gc,stats    ] Concurrent Update Refs             8913 us
[57.848s][info][gc,stats    ] Concurrent Update Thread Roots      595 us
[57.848s][info][gc,stats    ] Pause Final Update Refs (G)        1940 us
[57.848s][info][gc,stats    ] Pause Final Update Refs (N)         120 us
[57.848s][info][gc,stats    ]   Update Region States               39 us
[57.848s][info][gc,stats    ]   Trash Collection Set                4 us
[57.848s][info][gc,stats    ]   Rebuild Free Set                   14 us
[57.848s][info][gc,stats    ] Concurrent Cleanup                   37 us
[57.848s][info][gc,stats    ] 
[57.848s][info][gc,stats    ] Allocation pacing accrued:
[57.848s][info][gc,stats    ]       0 of   106 ms (  0.0%): <total>
[57.848s][info][gc,stats    ]       0 of   106 ms (  0.0%): <average total>
[57.848s][info][gc,stats    ] 
[57.848s][info][gc,metaspace] Metaspace: 6366K(6528K)->6366K(6528K) NonClass: 5759K(5824K)->5759K(5824K) Class: 606K(704K)->606K(704K)
[57.848s][info][gc,ergo     ] Pacer for Idle. Initial: 20971K, Alloc Tax Rate: 1.0x
[58.250s][info][gc          ] Trigger: Average GC time (71.59 ms) is above the time for average allocation rate (1769 MB/s) to deplete free headroom (106M) (margin of error = 1.74)
[58.250s][info][gc,ergo     ] Free headroom: 158M (free) - 52428K (spike) - 0B (penalties) = 106M
[58.250s][info][gc,ergo     ] Free: 158M, Max: 512K regular, 158M humongous, Frag: 0% external, 0% internal; Reserve: 52736K, Max: 512K
[58.250s][info][gc,start    ] GC(163) Concurrent reset
[58.250s][info][gc,task     ] GC(163) Using 1 of 3 workers for concurrent reset
[58.250s][info][gc,ergo     ] GC(163) Pacer for Reset. Non-Taxable: 1024M
[58.250s][info][gc          ] GC(163) Concurrent reset 0.225ms
[58.250s][info][gc,start    ] GC(163) Pause Init Mark (unload classes)
[58.250s][info][gc,task     ] GC(163) Using 3 of 3 workers for init marking
[58.250s][info][gc,ergo     ] GC(163) Pacer for Mark. Expected Live: 13581K, Free: 157M, Non-Taxable: 16081K, Alloc Tax Rate: 0.1x
[58.250s][info][gc          ] GC(163) Pause Init Mark (unload classes) 0.109ms
[58.258s][info][gc,start    ] GC(163) Concurrent marking roots
[58.258s][info][gc,task     ] GC(163) Using 1 of 3 workers for concurrent marking roots
[58.259s][info][gc          ] GC(163) Concurrent marking roots 0.536ms
[58.259s][info][gc,start    ] GC(163) Concurrent marking (unload classes)
[58.259s][info][gc,task     ] GC(163) Using 1 of 3 workers for concurrent marking
[58.264s][info][gc          ] GC(163) Concurrent marking (unload classes) 5.597ms
[58.264s][info][gc,start    ] GC(163) Pause Final Mark (unload classes)
[58.265s][info][gc,task     ] GC(163) Using 3 of 3 workers for final marking
[58.265s][info][gc,ergo     ] GC(163) Collectable Garbage: 767M (95%), Immediate: 767M (95%), CSet: 0B (0%)
[58.265s][info][gc          ] GC(163) Pause Final Mark (unload classes) 0.305ms
[58.265s][info][gc,start    ] GC(163) Concurrent weak references
[58.265s][info][gc,task     ] GC(163) Using 1 of 3 workers for concurrent weak references
[58.265s][info][gc,ref      ] GC(163) Encountered references: Soft: 132, Weak: 434, Final: 9, Phantom: 21
[58.265s][info][gc,ref      ] GC(163) Discovered  references: Soft: 0, Weak: 234, Final: 7, Phantom: 14
[58.265s][info][gc,ref      ] GC(163) Enqueued    references: Soft: 0, Weak: 0, Final: 0, Phantom: 0
[58.265s][info][gc          ] GC(163) Concurrent weak references 0.080ms
[58.265s][info][gc,start    ] GC(163) Concurrent weak roots
[58.265s][info][gc,task     ] GC(163) Using 1 of 3 workers for concurrent weak root
[58.266s][info][gc          ] GC(163) Concurrent weak roots 0.658ms
[58.266s][info][gc,start    ] GC(163) Concurrent cleanup
[58.266s][info][gc          ] GC(163) Concurrent cleanup 831M->64M(1024M) 0.211ms
[58.266s][info][gc,ergo     ] GC(163) Free: 907M, Max: 512K regular, 598M humongous, Frag: 35% external, 0% internal; Reserve: 52736K, Max: 512K
[58.266s][info][gc,start    ] GC(163) Concurrent class unloading
[58.266s][info][gc,task     ] GC(163) Using 1 of 3 workers for concurrent class unloading
[58.269s][info][gc          ] GC(163) Concurrent class unloading 3.545ms
[58.270s][info][gc,start    ] GC(163) Pause Final Roots
[58.270s][info][gc          ] GC(163) Pause Final Roots 0.027ms
[58.279s][info][gc,ergo     ] Free: 887M, Max: 512K regular, 598M humongous, Frag: 33% external, 0% internal; Reserve: 52736K, Max: 512K
[58.279s][info][gc,stats    ] 
[58.279s][info][gc,stats    ] All times are wall-clock times, except per-root-class counters, that are sum over
[58.280s][info][gc,stats    ] all workers. Dividing the <total> over the root stage time estimates parallelism.
[58.280s][info][gc,stats    ] 
[58.280s][info][gc,stats    ] Concurrent Reset                    235 us
[58.280s][info][gc,stats    ] Pause Init Mark (G)                8077 us
[58.280s][info][gc,stats    ] Pause Init Mark (N)                 119 us
[58.280s][info][gc,stats    ]   Update Region States               38 us
[58.280s][info][gc,stats    ] Concurrent Mark Roots               547 us, parallelism: 0.85x
[58.280s][info][gc,stats    ]   CMR: <total>                      465 us
[58.280s][info][gc,stats    ]   CMR: Thread Roots                 417 us, workers (us): 417, ---, ---, 
[58.280s][info][gc,stats    ]   CMR: VM Strong Roots                5 us, workers (us):   5, ---, ---, 
[58.280s][info][gc,stats    ]   CMR: CLDG Roots                    44 us, workers (us):  44, ---, ---, 
[58.280s][info][gc,stats    ] Concurrent Marking                 5648 us
[58.280s][info][gc,stats    ] Pause Final Mark (G)                376 us
[58.280s][info][gc,stats    ] Pause Final Mark (N)                327 us
[58.280s][info][gc,stats    ]   Finish Mark                        59 us
[58.280s][info][gc,stats    ]   Update Region States               55 us
[58.280s][info][gc,stats    ]   Choose Collection Set              75 us
[58.280s][info][gc,stats    ]   Rebuild Free Set                   20 us
[58.280s][info][gc,stats    ] Concurrent Weak References           87 us, parallelism: 0.10x
[58.280s][info][gc,stats    ]   CWRF: <total>                       8 us
[58.280s][info][gc,stats    ]   CWRF: Weak References               8 us, workers (us):   8, ---, ---, 
[58.280s][info][gc,stats    ] Concurrent Weak Roots               698 us
[58.280s][info][gc,stats    ]   Roots                             585 us, parallelism: 0.95x
[58.280s][info][gc,stats    ]     CWR: <total>                    553 us
[58.280s][info][gc,stats    ]     CWR: Code Cache Roots           436 us, workers (us): 436, ---, ---, 
[58.280s][info][gc,stats    ]     CWR: VM Weak Roots              114 us, workers (us): 114, ---, ---, 
[58.280s][info][gc,stats    ]     CWR: CLDG Roots                   3 us, workers (us):   3, ---, ---, 
[58.280s][info][gc,stats    ]   Rendezvous                         56 us
[58.280s][info][gc,stats    ] Concurrent Cleanup                  230 us
[58.280s][info][gc,stats    ] Concurrent Class Unloading         3579 us
[58.280s][info][gc,stats    ]   Unlink Stale                     1707 us
[58.280s][info][gc,stats    ]     System Dictionary                 3 us
[58.280s][info][gc,stats    ]     Weak Class Links                  0 us
[58.280s][info][gc,stats    ]     Code Roots                     1702 us
[58.280s][info][gc,stats    ]   Rendezvous                       1736 us
[58.280s][info][gc,stats    ]   Purge Unlinked                     68 us
[58.280s][info][gc,stats    ]     Code Roots                       64 us
[58.280s][info][gc,stats    ]     CLDG                              4 us
[58.280s][info][gc,stats    ]     Exception Caches                  0 us
[58.280s][info][gc,stats    ] Pause Final Roots (G)              9884 us
[58.280s][info][gc,stats    ] Pause Final Roots (N)                35 us
[58.280s][info][gc,stats    ] Pacing                            32408 us
[58.280s][info][gc,stats    ] 
[58.280s][info][gc,stats    ] Allocation pacing accrued:
[58.280s][info][gc,stats    ]       6 of   432 ms (  1.4%): Thread-78
[58.280s][info][gc,stats    ]       5 of   432 ms (  1.2%): Thread-79
[58.280s][info][gc,stats    ]       7 of   432 ms (  1.5%): Thread-80
[58.280s][info][gc,stats    ]       5 of   432 ms (  1.1%): Thread-81
[58.280s][info][gc,stats    ]       5 of   432 ms (  1.2%): Thread-82
[58.280s][info][gc,stats    ]       5 of   432 ms (  1.2%): Thread-83
[58.280s][info][gc,stats    ]      32 of   432 ms (  7.5%): <total>
[58.280s][info][gc,stats    ]       2 of   432 ms (  0.4%): <average total>
[58.280s][info][gc,stats    ]       5 of   432 ms (  1.3%): <average non-zero>
[58.280s][info][gc,stats    ] 
[58.280s][info][gc,metaspace] Metaspace: 6366K(6528K)->6366K(6528K) NonClass: 5759K(5824K)->5759K(5824K) Class: 606K(704K)->606K(704K)
[58.280s][info][gc,ergo     ] Pacer for Idle. Initial: 20971K, Alloc Tax Rate: 1.0x
[58.723s][info][gc          ] Trigger: Average GC time (64.33 ms) is above the time for average allocation rate (1677 MB/s) to deplete free headroom (94007K) (margin of error = 1.74)
[58.723s][info][gc,ergo     ] Free headroom: 143M (free) - 52428K (spike) - 0B (penalties) = 94007K
[58.723s][info][gc,ergo     ] Free: 143M, Max: 512K regular, 141M humongous, Frag: 2% external, 0% internal; Reserve: 52736K, Max: 512K
[58.723s][info][gc,start    ] GC(164) Concurrent reset
[58.723s][info][gc,task     ] GC(164) Using 1 of 3 workers for concurrent reset
[58.723s][info][gc,ergo     ] GC(164) Pacer for Reset. Non-Taxable: 1024M
[58.724s][info][gc          ] GC(164) Concurrent reset 0.226ms
[58.724s][info][gc,start    ] GC(164) Pause Init Mark (unload classes)
[58.724s][info][gc,task     ] GC(164) Using 3 of 3 workers for init marking
[58.724s][info][gc,ergo     ] GC(164) Pacer for Mark. Expected Live: 14132K, Free: 142M, Non-Taxable: 14592K, Alloc Tax Rate: 0.1x
[58.724s][info][gc          ] GC(164) Pause Init Mark (unload classes) 0.122ms
[58.726s][info][gc,start    ] GC(164) Concurrent marking roots
[58.726s][info][gc,task     ] GC(164) Using 1 of 3 workers for concurrent marking roots
[58.727s][info][gc          ] GC(164) Concurrent marking roots 0.546ms
[58.727s][info][gc,start    ] GC(164) Concurrent marking (unload classes)
[58.727s][info][gc,task     ] GC(164) Using 1 of 3 workers for concurrent marking
[58.734s][info][gc          ] GC(164) Concurrent marking (unload classes) 6.720ms
[58.734s][info][gc,start    ] GC(164) Pause Final Mark (unload classes)
[58.734s][info][gc,task     ] GC(164) Using 3 of 3 workers for final marking
[58.734s][info][gc,ergo     ] GC(164) Adaptive CSet Selection. Target Free: 145M, Actual Free: 894M, Max CSet: 43690K, Min Garbage: 0B
[58.734s][info][gc,ergo     ] GC(164) Collectable Garbage: 814M (99%), Immediate: 717M (87%), CSet: 99977K (11%)
[58.734s][info][gc,ergo     ] GC(164) Pacer for Evacuation. Used CSet: 100M, Free: 843M, Non-Taxable: 86323K, Alloc Tax Rate: 1.1x
[58.734s][info][gc          ] GC(164) Pause Final Mark (unload classes) 0.199ms
[58.734s][info][gc,start    ] GC(164) Concurrent thread roots
[58.734s][info][gc,task     ] GC(164) Using 1 of 3 workers for Concurrent thread roots
[58.734s][info][gc          ] GC(164) Concurrent thread roots 0.483ms
[58.734s][info][gc,start    ] GC(164) Concurrent weak references
[58.734s][info][gc,task     ] GC(164) Using 1 of 3 workers for concurrent weak references
[58.734s][info][gc,ref      ] GC(164) Encountered references: Soft: 132, Weak: 434, Final: 9, Phantom: 21
[58.734s][info][gc,ref      ] GC(164) Discovered  references: Soft: 0, Weak: 234, Final: 7, Phantom: 14
[58.734s][info][gc,ref      ] GC(164) Enqueued    references: Soft: 0, Weak: 0, Final: 0, Phantom: 0
[58.734s][info][gc          ] GC(164) Concurrent weak references 0.056ms
[58.734s][info][gc,start    ] GC(164) Concurrent weak roots
[58.734s][info][gc,task     ] GC(164) Using 1 of 3 workers for concurrent weak root
[58.739s][info][gc          ] GC(164) Concurrent weak roots 4.747ms
[58.739s][info][gc,start    ] GC(164) Concurrent cleanup
[58.739s][info][gc          ] GC(164) Concurrent cleanup 858M->141M(1024M) 0.100ms
[58.739s][info][gc,ergo     ] GC(164) Free: 831M, Max: 512K regular, 303M humongous, Frag: 64% external, 0% internal; Reserve: 52167K, Max: 512K
[58.739s][info][gc,start    ] GC(164) Concurrent class unloading
[58.739s][info][gc,task     ] GC(164) Using 1 of 3 workers for concurrent class unloading
[58.743s][info][gc          ] GC(164) Concurrent class unloading 3.377ms
[58.743s][info][gc,start    ] GC(164) Concurrent strong roots
[58.743s][info][gc,task     ] GC(164) Using 1 of 3 workers for concurrent strong root
[58.743s][info][gc          ] GC(164) Concurrent strong roots 0.177ms
[58.743s][info][gc,start    ] GC(164) Concurrent evacuation
[58.743s][info][gc,task     ] GC(164) Using 1 of 3 workers for concurrent evacuation
[58.745s][info][gc          ] GC(164) Concurrent evacuation 1.592ms
[58.745s][info][gc,start    ] GC(164) Pause Init Update Refs
[58.745s][info][gc,ergo     ] GC(164) Pacer for Update Refs. Used: 153M, Free: 821M, Non-Taxable: 84070K, Alloc Tax Rate: 1.1x
[58.745s][info][gc          ] GC(164) Pause Init Update Refs 0.068ms
[58.751s][info][gc,start    ] GC(164) Concurrent update references
[58.751s][info][gc,task     ] GC(164) Using 1 of 3 workers for concurrent reference update
[58.756s][info][gc          ] GC(164) Concurrent update references 5.013ms
[58.756s][info][gc,start    ] GC(164) Concurrent update thread roots
[58.757s][info][gc          ] GC(164) Concurrent update thread roots 0.984ms
[58.757s][info][gc,start    ] GC(164) Pause Final Update Refs
[58.757s][info][gc,task     ] GC(164) Using 3 of 3 workers for final reference update
[58.757s][info][gc          ] GC(164) Pause Final Update Refs 0.112ms
[58.761s][info][gc,start    ] GC(164) Concurrent cleanup
[58.761s][info][gc          ] GC(164) Concurrent cleanup 187M->87M(1024M) 0.033ms
[58.761s][info][gc,ergo     ] Free: 883M, Max: 512K regular, 621M humongous, Frag: 30% external, 0% internal; Reserve: 52736K, Max: 512K
[58.761s][info][gc,stats    ] 
[58.761s][info][gc,stats    ] All times are wall-clock times, except per-root-class counters, that are sum over
[58.761s][info][gc,stats    ] all workers. Dividing the <total> over the root stage time estimates parallelism.
[58.761s][info][gc,stats    ] 
[58.761s][info][gc,stats    ] Concurrent Reset                    238 us
[58.761s][info][gc,stats    ] Pause Init Mark (G)                2734 us
[58.761s][info][gc,stats    ] Pause Init Mark (N)                 132 us
[58.761s][info][gc,stats    ]   Update Region States               37 us
[58.761s][info][gc,stats    ] Concurrent Mark Roots               556 us, parallelism: 0.87x
[58.761s][info][gc,stats    ]   CMR: <total>                      483 us
[58.761s][info][gc,stats    ]   CMR: Thread Roots                 437 us, workers (us): 437, ---, ---, 
[58.761s][info][gc,stats    ]   CMR: VM Strong Roots                5 us, workers (us):   5, ---, ---, 
[58.761s][info][gc,stats    ]   CMR: CLDG Roots                    41 us, workers (us):  41, ---, ---, 
[58.761s][info][gc,stats    ] Concurrent Marking                 6756 us
[58.761s][info][gc,stats    ] Pause Final Mark (G)                295 us
[58.761s][info][gc,stats    ] Pause Final Mark (N)                206 us
[58.761s][info][gc,stats    ]   Finish Mark                        46 us
[58.761s][info][gc,stats    ]   Update Region States               37 us
[58.761s][info][gc,stats    ]   Choose Collection Set              65 us
[58.761s][info][gc,stats    ]   Rebuild Free Set                    9 us
[58.761s][info][gc,stats    ] Concurrent Thread Roots             493 us, parallelism: 0.90x
[58.761s][info][gc,stats    ]   CTR: <total>                      444 us
[58.761s][info][gc,stats    ]   CTR: Thread Roots                 444 us, workers (us): 444, ---, ---, 
[58.761s][info][gc,stats    ] Concurrent Weak References           63 us, parallelism: 0.15x
[58.761s][info][gc,stats    ]   CWRF: <total>                       9 us
[58.761s][info][gc,stats    ]   CWRF: Weak References               9 us, workers (us):   9, ---, ---, 
[58.761s][info][gc,stats    ] Concurrent Weak Roots              4772 us
[58.761s][info][gc,stats    ]   Roots                             507 us, parallelism: 0.96x
[58.761s][info][gc,stats    ]     CWR: <total>                    488 us
[58.761s][info][gc,stats    ]     CWR: Code Cache Roots           385 us, workers (us): 385, ---, ---, 
[58.761s][info][gc,stats    ]     CWR: VM Weak Roots              101 us, workers (us): 101, ---, ---, 
[58.761s][info][gc,stats    ]     CWR: CLDG Roots                   2 us, workers (us):   2, ---, ---, 
[58.761s][info][gc,stats    ]   Rendezvous                       4224 us
[58.761s][info][gc,stats    ] Concurrent Cleanup                  110 us
[58.761s][info][gc,stats    ] Concurrent Class Unloading         3414 us
[58.761s][info][gc,stats    ]   Unlink Stale                     1873 us
[58.761s][info][gc,stats    ]     System Dictionary                 3 us
[58.761s][info][gc,stats    ]     Weak Class Links                  0 us
[58.761s][info][gc,stats    ]     Code Roots                     1868 us
[58.761s][info][gc,stats    ]   Rendezvous                       1409 us
[58.761s][info][gc,stats    ]   Purge Unlinked                     75 us
[58.761s][info][gc,stats    ]     Code Roots                       71 us
[58.761s][info][gc,stats    ]     CLDG                              4 us
[58.761s][info][gc,stats    ]     Exception Caches                  0 us
[58.761s][info][gc,stats    ] Concurrent Strong Roots             186 us, parallelism: 0.27x
[58.761s][info][gc,stats    ]   CSR: <total>                       51 us
[58.761s][info][gc,stats    ]   CSR: VM Strong Roots                4 us, workers (us):   4, ---, ---, 
[58.761s][info][gc,stats    ]   CSR: CLDG Roots                    47 us, workers (us):  47, ---, ---, 
[58.761s][info][gc,stats    ] Concurrent Evacuation              1635 us
[58.761s][info][gc,stats    ] Pause Init Update Refs (G)         5952 us
[58.761s][info][gc,stats    ] Pause Init Update Refs (N)           77 us
[58.761s][info][gc,stats    ]   Manage GCLABs                       4 us
[58.761s][info][gc,stats    ] Concurrent Update Refs             5061 us
[58.761s][info][gc,stats    ] Concurrent Update Thread Roots     1009 us
[58.761s][info][gc,stats    ] Pause Final Update Refs (G)        3982 us
[58.761s][info][gc,stats    ] Pause Final Update Refs (N)         130 us
[58.761s][info][gc,stats    ]   Update Region States               43 us
[58.761s][info][gc,stats    ]   Trash Collection Set                7 us
[58.761s][info][gc,stats    ]   Rebuild Free Set                   15 us
[58.761s][info][gc,stats    ] Concurrent Cleanup                   43 us
[58.761s][info][gc,stats    ] 
[58.761s][info][gc,stats    ] Allocation pacing accrued:
[58.761s][info][gc,stats    ]       0 of   481 ms (  0.0%): <total>
[58.761s][info][gc,stats    ]       0 of   481 ms (  0.0%): <average total>
[58.761s][info][gc,stats    ] 
[58.761s][info][gc,metaspace] Metaspace: 6366K(6528K)->6366K(6528K) NonClass: 5759K(5824K)->5759K(5824K) Class: 606K(704K)->606K(704K)
[58.761s][info][gc,ergo     ] Pacer for Idle. Initial: 20971K, Alloc Tax Rate: 1.0x
[59.023s][info][gc          ] Trigger: Average GC time (55.99 ms) is above the time for average allocation rate (2409 MB/s) to deplete free headroom (122M) (margin of error = 1.74)
[59.023s][info][gc,ergo     ] Free headroom: 173M (free) - 52428K (spike) - 0B (penalties) = 122M
[59.023s][info][gc,ergo     ] Free: 173M, Max: 512K regular, 112M humongous, Frag: 35% external, 0% internal; Reserve: 52736K, Max: 512K
[59.023s][info][gc,start    ] GC(165) Concurrent reset
[59.023s][info][gc,task     ] GC(165) Using 1 of 3 workers for concurrent reset
[59.023s][info][gc,ergo     ] GC(165) Pacer for Reset. Non-Taxable: 1024M
[59.024s][info][gc          ] GC(165) Concurrent reset 0.519ms
[59.024s][info][gc,start    ] GC(165) Pause Init Mark (unload classes)
[59.024s][info][gc,task     ] GC(165) Using 3 of 3 workers for init marking
[59.024s][info][gc,ergo     ] GC(165) Pacer for Mark. Expected Live: 14201K, Free: 171M, Non-Taxable: 17562K, Alloc Tax Rate: 0.1x
[59.024s][info][gc          ] GC(165) Pause Init Mark (unload classes) 0.136ms
[59.028s][info][gc,start    ] GC(165) Concurrent marking roots
[59.028s][info][gc,task     ] GC(165) Using 1 of 3 workers for concurrent marking roots
[59.029s][info][gc          ] GC(165) Concurrent marking roots 0.566ms
[59.029s][info][gc,start    ] GC(165) Concurrent marking (unload classes)
[59.029s][info][gc,task     ] GC(165) Using 1 of 3 workers for concurrent marking
[59.038s][info][gc          ] GC(165) Concurrent marking (unload classes) 9.469ms
[59.038s][info][gc,start    ] GC(165) Pause Final Mark (unload classes)
[59.038s][info][gc,task     ] GC(165) Using 3 of 3 workers for final marking
[59.038s][info][gc,ergo     ] GC(165) Collectable Garbage: 754M (95%), Immediate: 754M (95%), CSet: 0B (0%)
[59.038s][info][gc          ] GC(165) Pause Final Mark (unload classes) 0.170ms
[59.044s][info][gc,start    ] GC(165) Concurrent weak references
[59.044s][info][gc,task     ] GC(165) Using 1 of 3 workers for concurrent weak references
[59.044s][info][gc,ref      ] GC(165) Encountered references: Soft: 132, Weak: 434, Final: 9, Phantom: 21
[59.044s][info][gc,ref      ] GC(165) Discovered  references: Soft: 0, Weak: 234, Final: 7, Phantom: 14
[59.044s][info][gc,ref      ] GC(165) Enqueued    references: Soft: 0, Weak: 0, Final: 0, Phantom: 0
[59.044s][info][gc          ] GC(165) Concurrent weak references 0.093ms
[59.044s][info][gc,start    ] GC(165) Concurrent weak roots
[59.044s][info][gc,task     ] GC(165) Using 1 of 3 workers for concurrent weak root
[59.047s][info][gc          ] GC(165) Concurrent weak roots 2.287ms
[59.047s][info][gc,start    ] GC(165) Concurrent cleanup
[59.047s][info][gc          ] GC(165) Concurrent cleanup 849M->95M(1024M) 0.114ms
[59.047s][info][gc,ergo     ] GC(165) Free: 876M, Max: 512K regular, 543M humongous, Frag: 38% external, 0% internal; Reserve: 52736K, Max: 512K
[59.047s][info][gc,start    ] GC(165) Concurrent class unloading
[59.047s][info][gc,task     ] GC(165) Using 1 of 3 workers for concurrent class unloading
[59.050s][info][gc          ] GC(165) Concurrent class unloading 3.549ms
[59.050s][info][gc,start    ] GC(165) Pause Final Roots
[59.050s][info][gc          ] GC(165) Pause Final Roots 0.038ms
[59.055s][info][gc,ergo     ] Free: 856M, Max: 512K regular, 543M humongous, Frag: 37% external, 0% internal; Reserve: 52736K, Max: 512K
[59.055s][info][gc,stats    ] 
[59.055s][info][gc,stats    ] All times are wall-clock times, except per-root-class counters, that are sum over
[59.055s][info][gc,stats    ] all workers. Dividing the <total> over the root stage time estimates parallelism.
[59.055s][info][gc,stats    ] 
[59.055s][info][gc,stats    ] Concurrent Reset                    543 us
[59.055s][info][gc,stats    ] Pause Init Mark (G)                4088 us
[59.055s][info][gc,stats    ] Pause Init Mark (N)                 146 us
[59.055s][info][gc,stats    ]   Update Region States               45 us
[59.055s][info][gc,stats    ] Concurrent Mark Roots               580 us, parallelism: 0.86x
[59.055s][info][gc,stats    ]   CMR: <total>                      496 us
[59.055s][info][gc,stats    ]   CMR: Thread Roots                 445 us, workers (us): 445, ---, ---, 
[59.055s][info][gc,stats    ]   CMR: VM Strong Roots                5 us, workers (us):   5, ---, ---, 
[59.055s][info][gc,stats    ]   CMR: CLDG Roots                    45 us, workers (us):  45, ---, ---, 
[59.055s][info][gc,stats    ] Concurrent Marking                 9531 us
[59.055s][info][gc,stats    ] Pause Final Mark (G)               6008 us
[59.055s][info][gc,stats    ] Pause Final Mark (N)                179 us
[59.055s][info][gc,stats    ]   Finish Mark                        47 us
[59.055s][info][gc,stats    ]   Update Region States               34 us
[59.055s][info][gc,stats    ]   Choose Collection Set              40 us
[59.055s][info][gc,stats    ]   Rebuild Free Set                    8 us
[59.055s][info][gc,stats    ] Concurrent Weak References          101 us, parallelism: 0.09x
[59.055s][info][gc,stats    ]   CWRF: <total>                       9 us
[59.055s][info][gc,stats    ]   CWRF: Weak References               9 us, workers (us):   9, ---, ---, 
[59.055s][info][gc,stats    ] Concurrent Weak Roots              2312 us
[59.055s][info][gc,stats    ]   Roots                             532 us, parallelism: 0.96x
[59.055s][info][gc,stats    ]     CWR: <total>                    510 us
[59.055s][info][gc,stats    ]     CWR: Code Cache Roots           440 us, workers (us): 440, ---, ---, 
[59.055s][info][gc,stats    ]     CWR: VM Weak Roots               67 us, workers (us):  67, ---, ---, 
[59.055s][info][gc,stats    ]     CWR: CLDG Roots                   3 us, workers (us):   3, ---, ---, 
[59.055s][info][gc,stats    ]   Rendezvous                       1738 us
[59.055s][info][gc,stats    ] Concurrent Cleanup                  123 us
[59.055s][info][gc,stats    ] Concurrent Class Unloading         3580 us
[59.055s][info][gc,stats    ]   Unlink Stale                     1876 us
[59.055s][info][gc,stats    ]     System Dictionary                 3 us
[59.055s][info][gc,stats    ]     Weak Class Links                  0 us
[59.055s][info][gc,stats    ]     Code Roots                     1872 us
[59.055s][info][gc,stats    ]   Rendezvous                       1575 us
[59.055s][info][gc,stats    ]   Purge Unlinked                     80 us
[59.055s][info][gc,stats    ]     Code Roots                       75 us
[59.055s][info][gc,stats    ]     CLDG                              4 us
[59.055s][info][gc,stats    ]     Exception Caches                  0 us
[59.055s][info][gc,stats    ] Pause Final Roots (G)              4328 us
[59.055s][info][gc,stats    ] Pause Final Roots (N)                48 us
[59.055s][info][gc,stats    ] Pacing                             5375 us
[59.055s][info][gc,stats    ] 
[59.055s][info][gc,stats    ] Allocation pacing accrued:
[59.055s][info][gc,stats    ]       0 of   294 ms (  0.2%): Thread-78
[59.055s][info][gc,stats    ]       0 of   294 ms (  0.2%): Thread-79
[59.055s][info][gc,stats    ]       2 of   294 ms (  0.5%): Thread-80
[59.055s][info][gc,stats    ]       1 of   294 ms (  0.4%): Thread-81
[59.055s][info][gc,stats    ]       1 of   294 ms (  0.3%): Thread-82
[59.055s][info][gc,stats    ]       1 of   294 ms (  0.2%): Thread-83
[59.055s][info][gc,stats    ]       5 of   294 ms (  1.8%): <total>
[59.055s][info][gc,stats    ]       0 of   294 ms (  0.1%): <average total>
[59.055s][info][gc,stats    ]       1 of   294 ms (  0.3%): <average non-zero>
[59.055s][info][gc,stats    ] 
[59.055s][info][gc,metaspace] Metaspace: 6366K(6528K)->6366K(6528K) NonClass: 5759K(5824K)->5759K(5824K) Class: 606K(704K)->606K(704K)
[59.055s][info][gc,ergo     ] Pacer for Idle. Initial: 20971K, Alloc Tax Rate: 1.0x
[59.402s][info][gc          ] Trigger: Average GC time (48.93 ms) is above the time for average allocation rate (2132 MB/s) to deplete free headroom (91447K) (margin of error = 1.75)
[59.402s][info][gc,ergo     ] Free headroom: 140M (free) - 52428K (spike) - 0B (penalties) = 91447K
[59.402s][info][gc,ergo     ] Free: 140M, Max: 512K regular, 140M humongous, Frag: 0% external, 0% internal; Reserve: 52736K, Max: 512K
[59.402s][info][gc,start    ] GC(166) Concurrent reset
[59.402s][info][gc,task     ] GC(166) Using 1 of 3 workers for concurrent reset
[59.402s][info][gc,ergo     ] GC(166) Pacer for Reset. Non-Taxable: 1024M
[59.402s][info][gc          ] GC(166) Concurrent reset 0.206ms
[59.402s][info][gc,start    ] GC(166) Pause Init Mark (unload classes)
[59.402s][info][gc,task     ] GC(166) Using 3 of 3 workers for init marking
[59.403s][info][gc,ergo     ] GC(166) Pacer for Mark. Expected Live: 14220K, Free: 140M, Non-Taxable: 14336K, Alloc Tax Rate: 0.1x
[59.403s][info][gc          ] GC(166) Pause Init Mark (unload classes) 0.129ms
[59.406s][info][gc,start    ] GC(166) Concurrent marking roots
[59.406s][info][gc,task     ] GC(166) Using 1 of 3 workers for concurrent marking roots
[59.407s][info][gc          ] GC(166) Concurrent marking roots 0.572ms
[59.407s][info][gc,start    ] GC(166) Concurrent marking (unload classes)
[59.407s][info][gc,task     ] GC(166) Using 1 of 3 workers for concurrent marking
[59.413s][info][gc          ] GC(166) Concurrent marking (unload classes) 6.239ms
[59.413s][info][gc,start    ] GC(166) Pause Final Mark (unload classes)
[59.413s][info][gc,task     ] GC(166) Using 3 of 3 workers for final marking
[59.413s][info][gc,ergo     ] GC(166) Adaptive CSet Selection. Target Free: 145M, Actual Free: 900M, Max CSet: 43690K, Min Garbage: 0B
[59.413s][info][gc,ergo     ] GC(166) Collectable Garbage: 817M (99%), Immediate: 724M (88%), CSet: 95495K (11%)
[59.414s][info][gc,ergo     ] GC(166) Pacer for Evacuation. Used CSet: 97792K, Free: 849M, Non-Taxable: 86938K, Alloc Tax Rate: 1.1x
[59.414s][info][gc          ] GC(166) Pause Final Mark (unload classes) 0.210ms
[59.414s][info][gc,start    ] GC(166) Concurrent thread roots
[59.414s][info][gc,task     ] GC(166) Using 1 of 3 workers for Concurrent thread roots
[59.415s][info][gc          ] GC(166) Concurrent thread roots 1.053ms
[59.415s][info][gc,start    ] GC(166) Concurrent weak references
[59.415s][info][gc,task     ] GC(166) Using 1 of 3 workers for concurrent weak references
[59.415s][info][gc,ref      ] GC(166) Encountered references: Soft: 132, Weak: 434, Final: 9, Phantom: 21
[59.415s][info][gc,ref      ] GC(166) Discovered  references: Soft: 0, Weak: 234, Final: 7, Phantom: 14
[59.415s][info][gc,ref      ] GC(166) Enqueued    references: Soft: 0, Weak: 0, Final: 0, Phantom: 0
[59.415s][info][gc          ] GC(166) Concurrent weak references 0.080ms
[59.415s][info][gc,start    ] GC(166) Concurrent weak roots
[59.415s][info][gc,task     ] GC(166) Using 1 of 3 workers for concurrent weak root
[59.415s][info][gc          ] GC(166) Concurrent weak roots 0.545ms
[59.415s][info][gc,start    ] GC(166) Concurrent cleanup
[59.415s][info][gc          ] GC(166) Concurrent cleanup 847M->123M(1024M) 0.092ms
[59.415s][info][gc,ergo     ] GC(166) Free: 848M, Max: 512K regular, 299M humongous, Frag: 65% external, 0% internal; Reserve: 52095K, Max: 512K
[59.415s][info][gc,start    ] GC(166) Concurrent class unloading
[59.415s][info][gc,task     ] GC(166) Using 1 of 3 workers for concurrent class unloading
[59.417s][info][gc          ] GC(166) Concurrent class unloading 1.695ms
[59.417s][info][gc,start    ] GC(166) Concurrent strong roots
[59.417s][info][gc,task     ] GC(166) Using 1 of 3 workers for concurrent strong root
[59.417s][info][gc          ] GC(166) Concurrent strong roots 0.080ms
[59.417s][info][gc,start    ] GC(166) Concurrent evacuation
[59.417s][info][gc,task     ] GC(166) Using 1 of 3 workers for concurrent evacuation
[59.419s][info][gc          ] GC(166) Concurrent evacuation 1.451ms
[59.419s][info][gc,start    ] GC(166) Pause Init Update Refs
[59.419s][info][gc,ergo     ] GC(166) Pacer for Update Refs. Used: 129M, Free: 845M, Non-Taxable: 86528K, Alloc Tax Rate: 1.1x
[59.419s][info][gc          ] GC(166) Pause Init Update Refs 0.063ms
[59.425s][info][gc,start    ] GC(166) Concurrent update references
[59.425s][info][gc,task     ] GC(166) Using 1 of 3 workers for concurrent reference update
[59.430s][info][gc          ] GC(166) Concurrent update references 4.888ms
[59.430s][info][gc,start    ] GC(166) Concurrent update thread roots
[59.434s][info][gc          ] GC(166) Concurrent update thread roots 3.987ms
[59.434s][info][gc,start    ] GC(166) Pause Final Update Refs
[59.434s][info][gc,task     ] GC(166) Using 3 of 3 workers for final reference update
[59.434s][info][gc          ] GC(166) Pause Final Update Refs 0.101ms
[59.436s][info][gc,start    ] GC(166) Concurrent cleanup
[59.436s][info][gc          ] GC(166) Concurrent cleanup 153M->58M(1024M) 0.044ms
[59.436s][info][gc,ergo     ] Free: 913M, Max: 512K regular, 659M humongous, Frag: 28% external, 0% internal; Reserve: 52736K, Max: 512K
[59.436s][info][gc,stats    ] 
[59.436s][info][gc,stats    ] All times are wall-clock times, except per-root-class counters, that are sum over
[59.436s][info][gc,stats    ] all workers. Dividing the <total> over the root stage time estimates parallelism.
[59.436s][info][gc,stats    ] 
[59.436s][info][gc,stats    ] Concurrent Reset                    217 us
[59.436s][info][gc,stats    ] Pause Init Mark (G)                4031 us
[59.436s][info][gc,stats    ] Pause Init Mark (N)                 139 us
[59.436s][info][gc,stats    ]   Update Region States               42 us
[59.436s][info][gc,stats    ] Concurrent Mark Roots               583 us, parallelism: 0.87x
[59.436s][info][gc,stats    ]   CMR: <total>                      507 us
[59.436s][info][gc,stats    ]   CMR: Thread Roots                 459 us, workers (us): 459, ---, ---, 
[59.436s][info][gc,stats    ]   CMR: VM Strong Roots                5 us, workers (us):   5, ---, ---, 
[59.436s][info][gc,stats    ]   CMR: CLDG Roots                    43 us, workers (us):  43, ---, ---, 
[59.436s][info][gc,stats    ] Concurrent Marking                 6300 us
[59.436s][info][gc,stats    ] Pause Final Mark (G)                284 us
[59.436s][info][gc,stats    ] Pause Final Mark (N)                217 us
[59.436s][info][gc,stats    ]   Finish Mark                        41 us
[59.436s][info][gc,stats    ]   Update Region States               38 us
[59.436s][info][gc,stats    ]   Choose Collection Set              66 us
[59.436s][info][gc,stats    ]   Rebuild Free Set                    8 us
[59.436s][info][gc,stats    ] Concurrent Thread Roots            1062 us, parallelism: 0.93x
[59.436s][info][gc,stats    ]   CTR: <total>                      984 us
[59.436s][info][gc,stats    ]   CTR: Thread Roots                 984 us, workers (us): 984, ---, ---, 
[59.436s][info][gc,stats    ] Concurrent Weak References           87 us, parallelism: 0.22x
[59.436s][info][gc,stats    ]   CWRF: <total>                      19 us
[59.436s][info][gc,stats    ]   CWRF: Weak References              19 us, workers (us):  19, ---, ---, 
[59.436s][info][gc,stats    ] Concurrent Weak Roots               555 us
[59.436s][info][gc,stats    ]   Roots                             488 us, parallelism: 0.95x
[59.436s][info][gc,stats    ]     CWR: <total>                    466 us
[59.436s][info][gc,stats    ]     CWR: Code Cache Roots           361 us, workers (us): 361, ---, ---, 
[59.436s][info][gc,stats    ]     CWR: VM Weak Roots              102 us, workers (us): 102, ---, ---, 
[59.436s][info][gc,stats    ]     CWR: CLDG Roots                   2 us, workers (us):   2, ---, ---, 
[59.436s][info][gc,stats    ]   Rendezvous                         42 us
[59.436s][info][gc,stats    ] Concurrent Cleanup                  100 us
[59.436s][info][gc,stats    ] Concurrent Class Unloading         1709 us
[59.436s][info][gc,stats    ]   Unlink Stale                     1599 us
[59.436s][info][gc,stats    ]     System Dictionary                 2 us
[59.436s][info][gc,stats    ]     Weak Class Links                  0 us
[59.436s][info][gc,stats    ]     Code Roots                     1596 us
[59.436s][info][gc,stats    ]   Rendezvous                         34 us
[59.436s][info][gc,stats    ]   Purge Unlinked                     45 us
[59.436s][info][gc,stats    ]     Code Roots                       41 us
[59.436s][info][gc,stats    ]     CLDG                              3 us
[59.436s][info][gc,stats    ]     Exception Caches                  0 us
[59.436s][info][gc,stats    ] Concurrent Strong Roots              89 us, parallelism: 0.52x
[59.436s][info][gc,stats    ]   CSR: <total>                       46 us
[59.436s][info][gc,stats    ]   CSR: VM Strong Roots                4 us, workers (us):   4, ---, ---, 
[59.436s][info][gc,stats    ]   CSR: CLDG Roots                    42 us, workers (us):  42, ---, ---, 
[59.436s][info][gc,stats    ] Concurrent Evacuation              1487 us
[59.436s][info][gc,stats    ] Pause Init Update Refs (G)         5964 us
[59.436s][info][gc,stats    ] Pause Init Update Refs (N)           80 us
[59.436s][info][gc,stats    ]   Manage GCLABs                       3 us
[59.436s][info][gc,stats    ] Concurrent Update Refs             4935 us
[59.436s][info][gc,stats    ] Concurrent Update Thread Roots     4012 us
[59.436s][info][gc,stats    ] Pause Final Update Refs (G)        2121 us
[59.436s][info][gc,stats    ] Pause Final Update Refs (N)         120 us
[59.436s][info][gc,stats    ]   Update Region States               45 us
[59.436s][info][gc,stats    ]   Trash Collection Set                5 us
[59.436s][info][gc,stats    ]   Rebuild Free Set                   13 us
[59.436s][info][gc,stats    ] Concurrent Cleanup                   54 us
[59.436s][info][gc,stats    ] Pacing                            87492 us
[59.436s][info][gc,stats    ] 
[59.436s][info][gc,stats    ] Allocation pacing accrued:
[59.436s][info][gc,stats    ]      16 of   381 ms (  4.2%): Thread-78
[59.436s][info][gc,stats    ]      18 of   381 ms (  4.7%): Thread-79
[59.436s][info][gc,stats    ]       7 of   381 ms (  1.8%): Thread-80
[59.436s][info][gc,stats    ]      15 of   381 ms (  4.0%): Thread-81
[59.436s][info][gc,stats    ]      16 of   381 ms (  4.1%): Thread-82
[59.436s][info][gc,stats    ]      16 of   381 ms (  4.2%): Thread-83
[59.436s][info][gc,stats    ]      87 of   381 ms ( 23.0%): <total>
[59.436s][info][gc,stats    ]       5 of   381 ms (  1.2%): <average total>
[59.436s][info][gc,stats    ]      15 of   381 ms (  3.8%): <average non-zero>
[59.436s][info][gc,stats    ] 
[59.436s][info][gc,metaspace] Metaspace: 6366K(6528K)->6366K(6528K) NonClass: 5759K(5824K)->5759K(5824K) Class: 606K(704K)->606K(704K)
[59.436s][info][gc,ergo     ] Pacer for Idle. Initial: 20971K, Alloc Tax Rate: 1.0x
[59.781s][info][gc          ] Trigger: Average GC time (44.19 ms) is above the time for average allocation rate (2269 MB/s) to deplete free headroom (70967K) (margin of error = 1.74)
[59.781s][info][gc,ergo     ] Free headroom: 120M (free) - 52428K (spike) - 0B (penalties) = 70967K
[59.781s][info][gc,ergo     ] Free: 120M, Max: 512K regular, 120M humongous, Frag: 0% external, 0% internal; Reserve: 52736K, Max: 512K
[59.781s][info][gc,start    ] GC(167) Concurrent reset
[59.781s][info][gc,task     ] GC(167) Using 1 of 3 workers for concurrent reset
[59.781s][info][gc,ergo     ] GC(167) Pacer for Reset. Non-Taxable: 1024M
[59.781s][info][gc          ] GC(167) Concurrent reset 0.440ms
[59.782s][info][gc,start    ] GC(167) Pause Init Mark (unload classes)
[59.782s][info][gc,task     ] GC(167) Using 3 of 3 workers for init marking
[59.782s][info][gc,ergo     ] GC(167) Pacer for Mark. Expected Live: 14192K, Free: 120M, Non-Taxable: 12288K, Alloc Tax Rate: 0.1x
[59.782s][info][gc          ] GC(167) Pause Init Mark (unload classes) 0.131ms
[59.787s][info][gc,start    ] GC(167) Concurrent marking roots
[59.787s][info][gc,task     ] GC(167) Using 1 of 3 workers for concurrent marking roots
[59.788s][info][gc          ] GC(167) Concurrent marking roots 0.578ms
[59.788s][info][gc,start    ] GC(167) Concurrent marking (unload classes)
[59.788s][info][gc,task     ] GC(167) Using 1 of 3 workers for concurrent marking
[59.794s][info][gc          ] GC(167) Concurrent marking (unload classes) 6.780ms
[59.795s][info][gc,start    ] GC(167) Pause Final Mark (unload classes)
[59.795s][info][gc,task     ] GC(167) Using 3 of 3 workers for final marking
[59.795s][info][gc,ergo     ] GC(167) Adaptive CSet Selection. Target Free: 145M, Actual Free: 867M, Max CSet: 43690K, Min Garbage: 0B
[59.795s][info][gc,ergo     ] GC(167) Collectable Garbage: 837M (99%), Immediate: 707M (84%), CSet: 129M (15%)
[59.795s][info][gc,ergo     ] GC(167) Pacer for Evacuation. Used CSet: 132M, Free: 815M, Non-Taxable: 83507K, Alloc Tax Rate: 1.1x
[59.795s][info][gc          ] GC(167) Pause Final Mark (unload classes) 0.385ms
[59.795s][info][gc,start    ] GC(167) Concurrent thread roots
[59.795s][info][gc,task     ] GC(167) Using 1 of 3 workers for Concurrent thread roots
[59.796s][info][gc          ] GC(167) Concurrent thread roots 0.563ms
[59.796s][info][gc,start    ] GC(167) Concurrent weak references
[59.796s][info][gc,task     ] GC(167) Using 1 of 3 workers for concurrent weak references
[59.796s][info][gc,ref      ] GC(167) Encountered references: Soft: 132, Weak: 434, Final: 9, Phantom: 21
[59.796s][info][gc,ref      ] GC(167) Discovered  references: Soft: 0, Weak: 234, Final: 7, Phantom: 14
[59.796s][info][gc,ref      ] GC(167) Enqueued    references: Soft: 0, Weak: 0, Final: 0, Phantom: 0
[59.796s][info][gc          ] GC(167) Concurrent weak references 0.090ms
[59.796s][info][gc,start    ] GC(167) Concurrent weak roots
[59.796s][info][gc,task     ] GC(167) Using 1 of 3 workers for concurrent weak root
[59.796s][info][gc          ] GC(167) Concurrent weak roots 0.670ms
[59.796s][info][gc,start    ] GC(167) Concurrent cleanup
[59.796s][info][gc          ] GC(167) Concurrent cleanup 863M->156M(1024M) 0.087ms
[59.796s][info][gc,ergo     ] GC(167) Free: 815M, Max: 512K regular, 449M humongous, Frag: 45% external, 0% internal; Reserve: 52336K, Max: 512K
[59.796s][info][gc,start    ] GC(167) Concurrent class unloading
[59.796s][info][gc,task     ] GC(167) Using 1 of 3 workers for concurrent class unloading
[59.798s][info][gc          ] GC(167) Concurrent class unloading 1.817ms
[59.798s][info][gc,start    ] GC(167) Concurrent strong roots
[59.798s][info][gc,task     ] GC(167) Using 1 of 3 workers for concurrent strong root
[59.798s][info][gc          ] GC(167) Concurrent strong roots 0.081ms
[59.798s][info][gc,start    ] GC(167) Concurrent evacuation
[59.798s][info][gc,task     ] GC(167) Using 1 of 3 workers for concurrent evacuation
[59.800s][info][gc          ] GC(167) Concurrent evacuation 1.912ms
[59.800s][info][gc,start    ] GC(167) Pause Init Update Refs
[59.800s][info][gc,ergo     ] GC(167) Pacer for Update Refs. Used: 165M, Free: 808M, Non-Taxable: 82790K, Alloc Tax Rate: 1.1x
[59.800s][info][gc          ] GC(167) Pause Init Update Refs 0.038ms
[59.804s][info][gc,start    ] GC(167) Concurrent update references
[59.804s][info][gc,task     ] GC(167) Using 1 of 3 workers for concurrent reference update
[59.809s][info][gc          ] GC(167) Concurrent update references 4.856ms
[59.809s][info][gc,start    ] GC(167) Concurrent update thread roots
[59.811s][info][gc          ] GC(167) Concurrent update thread roots 1.988ms
[59.811s][info][gc,start    ] GC(167) Pause Final Update Refs
[59.811s][info][gc,task     ] GC(167) Using 3 of 3 workers for final reference update
[59.811s][info][gc          ] GC(167) Pause Final Update Refs 0.101ms
[59.813s][info][gc,start    ] GC(167) Concurrent cleanup
[59.813s][info][gc          ] GC(167) Concurrent cleanup 185M->53M(1024M) 0.036ms
[59.813s][info][gc,ergo     ] Free: 918M, Max: 512K regular, 678M humongous, Frag: 27% external, 0% internal; Reserve: 52736K, Max: 512K
[59.813s][info][gc,stats    ] 
[59.813s][info][gc,stats    ] All times are wall-clock times, except per-root-class counters, that are sum over
[59.813s][info][gc,stats    ] all workers. Dividing the <total> over the root stage time estimates parallelism.
[59.813s][info][gc,stats    ] 
[59.813s][info][gc,stats    ] Concurrent Reset                    464 us
[59.813s][info][gc,stats    ] Pause Init Mark (G)                5529 us
[59.813s][info][gc,stats    ] Pause Init Mark (N)                 141 us
[59.813s][info][gc,stats    ]   Update Region States               46 us
[59.813s][info][gc,stats    ] Concurrent Mark Roots               616 us, parallelism: 0.82x
[59.813s][info][gc,stats    ]   CMR: <total>                      502 us
[59.813s][info][gc,stats    ]   CMR: Thread Roots                 454 us, workers (us): 454, ---, ---, 
[59.813s][info][gc,stats    ]   CMR: VM Strong Roots                4 us, workers (us):   4, ---, ---, 
[59.813s][info][gc,stats    ]   CMR: CLDG Roots                    44 us, workers (us):  44, ---, ---, 
[59.813s][info][gc,stats    ] Concurrent Marking                 6830 us
[59.813s][info][gc,stats    ] Pause Final Mark (G)                458 us
[59.813s][info][gc,stats    ] Pause Final Mark (N)                405 us
[59.813s][info][gc,stats    ]   Finish Mark                        59 us
[59.813s][info][gc,stats    ]   Update Region States               52 us
[59.813s][info][gc,stats    ]   Choose Collection Set             159 us
[59.813s][info][gc,stats    ]   Rebuild Free Set                   23 us
[59.813s][info][gc,stats    ] Concurrent Thread Roots             572 us, parallelism: 0.87x
[59.813s][info][gc,stats    ]   CTR: <total>                      499 us
[59.813s][info][gc,stats    ]   CTR: Thread Roots                 499 us, workers (us): 499, ---, ---, 
[59.813s][info][gc,stats    ] Concurrent Weak References          102 us, parallelism: 0.18x
[59.813s][info][gc,stats    ]   CWRF: <total>                      19 us
[59.813s][info][gc,stats    ]   CWRF: Weak References              19 us, workers (us):  19, ---, ---, 
[59.813s][info][gc,stats    ] Concurrent Weak Roots               681 us
[59.813s][info][gc,stats    ]   Roots                             627 us, parallelism: 0.96x
[59.813s][info][gc,stats    ]     CWR: <total>                    599 us
[59.813s][info][gc,stats    ]     CWR: Code Cache Roots           391 us, workers (us): 391, ---, ---, 
[59.813s][info][gc,stats    ]     CWR: VM Weak Roots              206 us, workers (us): 206, ---, ---, 
[59.813s][info][gc,stats    ]     CWR: CLDG Roots                   3 us, workers (us):   3, ---, ---, 
[59.813s][info][gc,stats    ]   Rendezvous                         28 us
[59.813s][info][gc,stats    ] Concurrent Cleanup                   95 us
[59.813s][info][gc,stats    ] Concurrent Class Unloading         1852 us
[59.813s][info][gc,stats    ]   Unlink Stale                     1671 us
[59.813s][info][gc,stats    ]     System Dictionary                 2 us
[59.813s][info][gc,stats    ]     Weak Class Links                  0 us
[59.813s][info][gc,stats    ]     Code Roots                     1668 us
[59.813s][info][gc,stats    ]   Rendezvous                         66 us
[59.813s][info][gc,stats    ]   Purge Unlinked                     63 us
[59.813s][info][gc,stats    ]     Code Roots                       60 us
[59.813s][info][gc,stats    ]     CLDG                              3 us
[59.813s][info][gc,stats    ]     Exception Caches                  0 us
[59.813s][info][gc,stats    ] Concurrent Strong Roots              97 us, parallelism: 0.52x
[59.813s][info][gc,stats    ]   CSR: <total>                       50 us
[59.813s][info][gc,stats    ]   CSR: VM Strong Roots                5 us, workers (us):   5, ---, ---, 
[59.813s][info][gc,stats    ]   CSR: CLDG Roots                    46 us, workers (us):  46, ---, ---, 
[59.813s][info][gc,stats    ] Concurrent Evacuation              1957 us
[59.813s][info][gc,stats    ] Pause Init Update Refs (G)         3968 us
[59.813s][info][gc,stats    ] Pause Init Update Refs (N)           46 us
[59.813s][info][gc,stats    ]   Manage GCLABs                       3 us
[59.813s][info][gc,stats    ] Concurrent Update Refs             4905 us
[59.813s][info][gc,stats    ] Concurrent Update Thread Roots     2005 us
[59.813s][info][gc,stats    ] Pause Final Update Refs (G)        1521 us
[59.813s][info][gc,stats    ] Pause Final Update Refs (N)         120 us
[59.813s][info][gc,stats    ]   Update Region States               43 us
[59.813s][info][gc,stats    ]   Trash Collection Set                8 us
[59.813s][info][gc,stats    ]   Rebuild Free Set                   15 us
[59.813s][info][gc,stats    ] Concurrent Cleanup                   45 us
[59.813s][info][gc,stats    ] Pacing                            74902 us
[59.813s][info][gc,stats    ] 
[59.813s][info][gc,stats    ] Allocation pacing accrued:
[59.813s][info][gc,stats    ]      12 of   377 ms (  3.1%): Thread-78
[59.813s][info][gc,stats    ]      12 of   377 ms (  3.3%): Thread-79
[59.813s][info][gc,stats    ]      15 of   377 ms (  4.0%): Thread-80
[59.813s][info][gc,stats    ]      12 of   377 ms (  3.1%): Thread-81
[59.813s][info][gc,stats    ]      12 of   377 ms (  3.2%): Thread-82
[59.813s][info][gc,stats    ]      12 of   377 ms (  3.1%): Thread-83
[59.813s][info][gc,stats    ]      75 of   377 ms ( 19.9%): <total>
[59.813s][info][gc,stats    ]       4 of   377 ms (  1.0%): <average total>
[59.813s][info][gc,stats    ]      12 of   377 ms (  3.3%): <average non-zero>
[59.813s][info][gc,stats    ] 
[59.813s][info][gc,metaspace] Metaspace: 6366K(6528K)->6366K(6528K) NonClass: 5759K(5824K)->5759K(5824K) Class: 606K(704K)->606K(704K)
[59.813s][info][gc,ergo     ] Pacer for Idle. Initial: 20971K, Alloc Tax Rate: 1.0x
[60.192s][info][gc          ] Trigger: Average GC time (40.33 ms) is above the time for average allocation rate (2154 MB/s) to deplete free headroom (67895K) (margin of error = 1.73)
[60.192s][info][gc,ergo     ] Free headroom: 117M (free) - 52428K (spike) - 0B (penalties) = 67895K
[60.192s][info][gc,ergo     ] Free: 117M, Max: 512K regular, 108M humongous, Frag: 9% external, 0% internal; Reserve: 52736K, Max: 512K
[60.192s][info][gc,start    ] GC(168) Concurrent reset
[60.192s][info][gc,task     ] GC(168) Using 1 of 3 workers for concurrent reset
[60.192s][info][gc,ergo     ] GC(168) Pacer for Reset. Non-Taxable: 1024M
[60.192s][info][gc          ] GC(168) Concurrent reset 0.592ms
[60.193s][info][gc,start    ] GC(168) Pause Init Mark (unload classes)
[60.193s][info][gc,task     ] GC(168) Using 3 of 3 workers for init marking
[60.193s][info][gc,ergo     ] GC(168) Pacer for Mark. Expected Live: 14190K, Free: 116M, Non-Taxable: 11878K, Alloc Tax Rate: 0.1x
[60.193s][info][gc          ] GC(168) Pause Init Mark (unload classes) 0.150ms
[60.198s][info][gc,start    ] GC(168) Concurrent marking roots
[60.198s][info][gc,task     ] GC(168) Using 1 of 3 workers for concurrent marking roots
[60.199s][info][gc          ] GC(168) Concurrent marking roots 0.592ms
[60.199s][info][gc,start    ] GC(168) Concurrent marking (unload classes)
[60.199s][info][gc,task     ] GC(168) Using 1 of 3 workers for concurrent marking
[60.207s][info][gc          ] GC(168) Concurrent marking (unload classes) 8.035ms
[60.207s][info][gc,start    ] GC(168) Pause Final Mark (unload classes)
[60.207s][info][gc,task     ] GC(168) Using 3 of 3 workers for final marking
[60.207s][info][gc,ergo     ] GC(168) Adaptive CSet Selection. Target Free: 145M, Actual Free: 768M, Max CSet: 43690K, Min Garbage: 0B
[60.207s][info][gc,ergo     ] GC(168) Collectable Garbage: 841M (99%), Immediate: 612M (72%), CSet: 228M (27%)
[60.207s][info][gc,ergo     ] GC(168) Pacer for Evacuation. Used CSet: 231M, Free: 717M, Non-Taxable: 73421K, Alloc Tax Rate: 1.1x
[60.207s][info][gc          ] GC(168) Pause Final Mark (unload classes) 0.472ms
[60.208s][info][gc,start    ] GC(168) Concurrent thread roots
[60.208s][info][gc,task     ] GC(168) Using 1 of 3 workers for Concurrent thread roots
[60.208s][info][gc          ] GC(168) Concurrent thread roots 0.673ms
[60.208s][info][gc,start    ] GC(168) Concurrent weak references
[60.208s][info][gc,task     ] GC(168) Using 1 of 3 workers for concurrent weak references
[60.208s][info][gc,ref      ] GC(168) Encountered references: Soft: 132, Weak: 434, Final: 9, Phantom: 21
[60.208s][info][gc,ref      ] GC(168) Discovered  references: Soft: 0, Weak: 234, Final: 7, Phantom: 14
[60.208s][info][gc,ref      ] GC(168) Enqueued    references: Soft: 0, Weak: 0, Final: 0, Phantom: 0
[60.208s][info][gc          ] GC(168) Concurrent weak references 0.057ms
[60.208s][info][gc,start    ] GC(168) Concurrent weak roots
[60.208s][info][gc,task     ] GC(168) Using 1 of 3 workers for concurrent weak root
[60.211s][info][gc          ] GC(168) Concurrent weak roots 2.810ms
[60.211s][info][gc,start    ] GC(168) Concurrent cleanup
[60.211s][info][gc          ] GC(168) Concurrent cleanup 873M->261M(1024M) 0.084ms
[60.211s][info][gc,ergo     ] GC(168) Free: 710M, Max: 512K regular, 350M humongous, Frag: 51% external, 0% internal; Reserve: 52291K, Max: 512K
[60.211s][info][gc,start    ] GC(168) Concurrent class unloading
[60.211s][info][gc,task     ] GC(168) Using 1 of 3 workers for concurrent class unloading
[60.216s][info][gc          ] GC(168) Concurrent class unloading 4.308ms
[60.216s][info][gc,start    ] GC(168) Concurrent strong roots
[60.216s][info][gc,task     ] GC(168) Using 1 of 3 workers for concurrent strong root
[60.216s][info][gc          ] GC(168) Concurrent strong roots 0.086ms
[60.216s][info][gc,start    ] GC(168) Concurrent evacuation
[60.216s][info][gc,task     ] GC(168) Using 1 of 3 workers for concurrent evacuation
[60.218s][info][gc          ] GC(168) Concurrent evacuation 2.495ms
[60.218s][info][gc,start    ] GC(168) Pause Init Update Refs
[60.218s][info][gc,ergo     ] GC(168) Pacer for Update Refs. Used: 275M, Free: 698M, Non-Taxable: 71526K, Alloc Tax Rate: 1.1x
[60.218s][info][gc          ] GC(168) Pause Init Update Refs 0.059ms
[60.226s][info][gc,start    ] GC(168) Concurrent update references
[60.226s][info][gc,task     ] GC(168) Using 1 of 3 workers for concurrent reference update
[60.231s][info][gc          ] GC(168) Concurrent update references 4.841ms
[60.231s][info][gc,start    ] GC(168) Concurrent update thread roots
[60.232s][info][gc          ] GC(168) Concurrent update thread roots 0.589ms
[60.232s][info][gc,start    ] GC(168) Pause Final Update Refs
[60.232s][info][gc,task     ] GC(168) Using 3 of 3 workers for final reference update
[60.232s][info][gc          ] GC(168) Pause Final Update Refs 0.109ms
[60.234s][info][gc,start    ] GC(168) Concurrent cleanup
[60.234s][info][gc          ] GC(168) Concurrent cleanup 301M->70M(1024M) 0.051ms
[60.234s][info][gc,ergo     ] Free: 900M, Max: 512K regular, 670M humongous, Frag: 26% external, 0% internal; Reserve: 52736K, Max: 512K
[60.234s][info][gc,stats    ] 
[60.234s][info][gc,stats    ] All times are wall-clock times, except per-root-class counters, that are sum over
[60.234s][info][gc,stats    ] all workers. Dividing the <total> over the root stage time estimates parallelism.
[60.234s][info][gc,stats    ] 
[60.234s][info][gc,stats    ] Concurrent Reset                    622 us
[60.234s][info][gc,stats    ] Pause Init Mark (G)                5894 us
[60.234s][info][gc,stats    ] Pause Init Mark (N)                 160 us
[60.234s][info][gc,stats    ]   Update Region States               38 us
[60.234s][info][gc,stats    ] Concurrent Mark Roots               604 us, parallelism: 0.82x
[60.234s][info][gc,stats    ]   CMR: <total>                      496 us
[60.234s][info][gc,stats    ]   CMR: Thread Roots                 448 us, workers (us): 448, ---, ---, 
[60.234s][info][gc,stats    ]   CMR: VM Strong Roots                6 us, workers (us):   6, ---, ---, 
[60.234s][info][gc,stats    ]   CMR: CLDG Roots                    43 us, workers (us):  43, ---, ---, 
[60.234s][info][gc,stats    ] Concurrent Marking                 8101 us
[60.234s][info][gc,stats    ] Pause Final Mark (G)                552 us
[60.234s][info][gc,stats    ] Pause Final Mark (N)                494 us
[60.234s][info][gc,stats    ]   Finish Mark                        64 us
[60.234s][info][gc,stats    ]   Update Region States               52 us
[60.234s][info][gc,stats    ]   Choose Collection Set             199 us
[60.234s][info][gc,stats    ]   Rebuild Free Set                   23 us
[60.234s][info][gc,stats    ] Concurrent Thread Roots             691 us, parallelism: 0.88x
[60.234s][info][gc,stats    ]   CTR: <total>                      611 us
[60.234s][info][gc,stats    ]   CTR: Thread Roots                 611 us, workers (us): 611, ---, ---, 
[60.234s][info][gc,stats    ] Concurrent Weak References           64 us, parallelism: 0.16x
[60.234s][info][gc,stats    ]   CWRF: <total>                      10 us
[60.234s][info][gc,stats    ]   CWRF: Weak References              10 us, workers (us):  10, ---, ---, 
[60.234s][info][gc,stats    ] Concurrent Weak Roots              2831 us
[60.234s][info][gc,stats    ]   Roots                             488 us, parallelism: 0.96x
[60.234s][info][gc,stats    ]     CWR: <total>                    469 us
[60.234s][info][gc,stats    ]     CWR: Code Cache Roots           366 us, workers (us): 366, ---, ---, 
[60.234s][info][gc,stats    ]     CWR: VM Weak Roots              101 us, workers (us): 101, ---, ---, 
[60.234s][info][gc,stats    ]     CWR: CLDG Roots                   3 us, workers (us):   3, ---, ---, 
[60.234s][info][gc,stats    ]   Rendezvous                       2307 us
[60.234s][info][gc,stats    ] Concurrent Cleanup                   93 us
[60.234s][info][gc,stats    ] Concurrent Class Unloading         4361 us
[60.234s][info][gc,stats    ]   Unlink Stale                     1827 us
[60.234s][info][gc,stats    ]     System Dictionary                 3 us
[60.234s][info][gc,stats    ]     Weak Class Links                  0 us
[60.234s][info][gc,stats    ]     Code Roots                     1823 us
[60.234s][info][gc,stats    ]   Rendezvous                       2357 us
[60.234s][info][gc,stats    ]   Purge Unlinked                    104 us
[60.234s][info][gc,stats    ]     Code Roots                      100 us
[60.234s][info][gc,stats    ]     CLDG                              4 us
[60.234s][info][gc,stats    ]     Exception Caches                  0 us
[60.234s][info][gc,stats    ] Concurrent Strong Roots              94 us, parallelism: 0.53x
[60.234s][info][gc,stats    ]   CSR: <total>                       50 us
[60.234s][info][gc,stats    ]   CSR: VM Strong Roots                5 us, workers (us):   5, ---, ---, 
[60.234s][info][gc,stats    ]   CSR: CLDG Roots                    45 us, workers (us):  45, ---, ---, 
[60.234s][info][gc,stats    ] Concurrent Evacuation              2543 us
[60.234s][info][gc,stats    ] Pause Init Update Refs (G)         7994 us
[60.234s][info][gc,stats    ] Pause Init Update Refs (N)           68 us
[60.234s][info][gc,stats    ]   Manage GCLABs                       3 us
[60.234s][info][gc,stats    ] Concurrent Update Refs             4882 us
[60.234s][info][gc,stats    ] Concurrent Update Thread Roots      606 us
[60.234s][info][gc,stats    ] Pause Final Update Refs (G)        1971 us
[60.234s][info][gc,stats    ] Pause Final Update Refs (N)         129 us
[60.234s][info][gc,stats    ]   Update Region States               41 us
[60.234s][info][gc,stats    ]   Trash Collection Set               10 us
[60.234s][info][gc,stats    ]   Rebuild Free Set                   14 us
[60.234s][info][gc,stats    ] Concurrent Cleanup                   61 us
[60.234s][info][gc,stats    ] Pacing                            87521 us
[60.234s][info][gc,stats    ] 
[60.234s][info][gc,stats    ] Allocation pacing accrued:
[60.234s][info][gc,stats    ]      15 of   421 ms (  3.6%): Thread-78
[60.234s][info][gc,stats    ]      15 of   421 ms (  3.6%): Thread-79
[60.234s][info][gc,stats    ]      16 of   421 ms (  3.7%): Thread-80
[60.234s][info][gc,stats    ]      14 of   421 ms (  3.3%): Thread-81
[60.234s][info][gc,stats    ]      14 of   421 ms (  3.3%): Thread-82
[60.234s][info][gc,stats    ]      14 of   421 ms (  3.3%): Thread-83
[60.234s][info][gc,stats    ]      88 of   421 ms ( 20.8%): <total>
[60.234s][info][gc,stats    ]       5 of   421 ms (  1.1%): <average total>
[60.234s][info][gc,stats    ]      15 of   421 ms (  3.5%): <average non-zero>
[60.234s][info][gc,stats    ] 
[60.234s][info][gc,metaspace] Metaspace: 6366K(6528K)->6366K(6528K) NonClass: 5759K(5824K)->5759K(5824K) Class: 606K(704K)->606K(704K)
[60.234s][info][gc,ergo     ] Pacer for Idle. Initial: 20971K, Alloc Tax Rate: 1.0x
[60.524s][info][gc          ] Trigger: Average GC time (46.84 ms) is above the time for average allocation rate (2479 MB/s) to deplete free headroom (111M) (margin of error = 1.73)
[60.524s][info][gc,ergo     ] Free headroom: 163M (free) - 52428K (spike) - 0B (penalties) = 111M
[60.524s][info][gc,ergo     ] Free: 163M, Max: 512K regular, 100352K humongous, Frag: 40% external, 0% internal; Reserve: 52736K, Max: 512K
[60.524s][info][gc,start    ] GC(169) Concurrent reset
[60.524s][info][gc,task     ] GC(169) Using 1 of 3 workers for concurrent reset
[60.524s][info][gc,ergo     ] GC(169) Pacer for Reset. Non-Taxable: 1024M
[60.525s][info][gc          ] GC(169) Concurrent reset 0.996ms
[60.525s][info][gc,start    ] GC(169) Pause Init Mark (unload classes)
[60.525s][info][gc,task     ] GC(169) Using 3 of 3 workers for init marking
[60.525s][info][gc,ergo     ] GC(169) Pacer for Mark. Expected Live: 14243K, Free: 161M, Non-Taxable: 16538K, Alloc Tax Rate: 0.1x
[60.525s][info][gc          ] GC(169) Pause Init Mark (unload classes) 0.155ms
[60.531s][info][gc,start    ] GC(169) Concurrent marking roots
[60.531s][info][gc,task     ] GC(169) Using 1 of 3 workers for concurrent marking roots
[60.531s][info][gc          ] GC(169) Concurrent marking roots 0.582ms
[60.531s][info][gc,start    ] GC(169) Concurrent marking (unload classes)
[60.531s][info][gc,task     ] GC(169) Using 1 of 3 workers for concurrent marking
[60.539s][info][gc          ] GC(169) Concurrent marking (unload classes) 7.301ms
[60.539s][info][gc,start    ] GC(169) Pause Final Mark (unload classes)
[60.539s][info][gc,task     ] GC(169) Using 3 of 3 workers for final marking
[60.539s][info][gc,ergo     ] GC(169) Adaptive CSet Selection. Target Free: 145M, Actual Free: 831M, Max CSet: 43690K, Min Garbage: 0B
[60.539s][info][gc,ergo     ] GC(169) Collectable Garbage: 795M (99%), Immediate: 634M (79%), CSet: 161M (20%)
[60.539s][info][gc,ergo     ] GC(169) Pacer for Evacuation. Used CSet: 164M, Free: 779M, Non-Taxable: 79821K, Alloc Tax Rate: 1.1x
[60.539s][info][gc          ] GC(169) Pause Final Mark (unload classes) 0.409ms
[60.539s][info][gc,start    ] GC(169) Concurrent thread roots
[60.539s][info][gc,task     ] GC(169) Using 1 of 3 workers for Concurrent thread roots
[60.540s][info][gc          ] GC(169) Concurrent thread roots 0.546ms
[60.540s][info][gc,start    ] GC(169) Concurrent weak references
[60.540s][info][gc,task     ] GC(169) Using 1 of 3 workers for concurrent weak references
[60.549s][info][gc,ref      ] GC(169) Encountered references: Soft: 132, Weak: 434, Final: 9, Phantom: 21
[60.549s][info][gc,ref      ] GC(169) Discovered  references: Soft: 0, Weak: 234, Final: 7, Phantom: 14
[60.549s][info][gc,ref      ] GC(169) Enqueued    references: Soft: 0, Weak: 0, Final: 0, Phantom: 0
[60.549s][info][gc          ] GC(169) Concurrent weak references 9.280ms
[60.549s][info][gc,start    ] GC(169) Concurrent weak roots
[60.549s][info][gc,task     ] GC(169) Using 1 of 3 workers for concurrent weak root
[60.555s][info][gc          ] GC(169) Concurrent weak roots 5.826ms
[60.555s][info][gc,start    ] GC(169) Concurrent cleanup
[60.555s][info][gc          ] GC(169) Concurrent cleanup 858M->224M(1024M) 0.092ms
[60.555s][info][gc,ergo     ] GC(169) Free: 747M, Max: 512K regular, 427M humongous, Frag: 43% external, 0% internal; Reserve: 52224K, Max: 512K
[60.555s][info][gc,start    ] GC(169) Concurrent class unloading
[60.555s][info][gc,task     ] GC(169) Using 1 of 3 workers for concurrent class unloading
[60.561s][info][gc          ] GC(169) Concurrent class unloading 5.691ms
[60.561s][info][gc,start    ] GC(169) Concurrent strong roots
[60.561s][info][gc,task     ] GC(169) Using 1 of 3 workers for concurrent strong root
[60.561s][info][gc          ] GC(169) Concurrent strong roots 0.085ms
[60.561s][info][gc,start    ] GC(169) Concurrent evacuation
[60.561s][info][gc,task     ] GC(169) Using 1 of 3 workers for concurrent evacuation
[60.563s][info][gc          ] GC(169) Concurrent evacuation 2.168ms
[60.563s][info][gc,start    ] GC(169) Pause Init Update Refs
[60.563s][info][gc,ergo     ] GC(169) Pacer for Update Refs. Used: 242M, Free: 731M, Non-Taxable: 74906K, Alloc Tax Rate: 1.1x
[60.563s][info][gc          ] GC(169) Pause Init Update Refs 0.056ms
[60.567s][info][gc,start    ] GC(169) Concurrent update references
[60.567s][info][gc,task     ] GC(169) Using 1 of 3 workers for concurrent reference update
[60.573s][info][gc          ] GC(169) Concurrent update references 5.604ms
[60.573s][info][gc,start    ] GC(169) Concurrent update thread roots
[60.573s][info][gc          ] GC(169) Concurrent update thread roots 0.578ms
[60.573s][info][gc,start    ] GC(169) Pause Final Update Refs
[60.574s][info][gc,task     ] GC(169) Using 3 of 3 workers for final reference update
[60.574s][info][gc          ] GC(169) Pause Final Update Refs 0.099ms
[60.579s][info][gc,start    ] GC(169) Concurrent cleanup
[60.579s][info][gc          ] GC(169) Concurrent cleanup 269M->105M(1024M) 0.041ms
[60.580s][info][gc,ergo     ] Free: 865M, Max: 512K regular, 619M humongous, Frag: 29% external, 0% internal; Reserve: 52736K, Max: 512K
[60.580s][info][gc,stats    ] 
[60.580s][info][gc,stats    ] All times are wall-clock times, except per-root-class counters, that are sum over
[60.580s][info][gc,stats    ] all workers. Dividing the <total> over the root stage time estimates parallelism.
[60.580s][info][gc,stats    ] 
[60.580s][info][gc,stats    ] Concurrent Reset                   1035 us
[60.580s][info][gc,stats    ] Pause Init Mark (G)                6138 us
[60.580s][info][gc,stats    ] Pause Init Mark (N)                 170 us
[60.580s][info][gc,stats    ]   Update Region States               46 us
[60.580s][info][gc,stats    ] Concurrent Mark Roots               613 us, parallelism: 0.80x
[60.580s][info][gc,stats    ]   CMR: <total>                      492 us
[60.580s][info][gc,stats    ]   CMR: Thread Roots                 439 us, workers (us): 439, ---, ---, 
[60.580s][info][gc,stats    ]   CMR: VM Strong Roots                6 us, workers (us):   6, ---, ---, 
[60.580s][info][gc,stats    ]   CMR: CLDG Roots                    48 us, workers (us):  48, ---, ---, 
[60.580s][info][gc,stats    ] Concurrent Marking                 7351 us
[60.580s][info][gc,stats    ] Pause Final Mark (G)                485 us
[60.580s][info][gc,stats    ] Pause Final Mark (N)                430 us
[60.580s][info][gc,stats    ]   Finish Mark                        65 us
[60.580s][info][gc,stats    ]   Update Region States               55 us
[60.580s][info][gc,stats    ]   Choose Collection Set             174 us
[60.580s][info][gc,stats    ]   Rebuild Free Set                   21 us
[60.580s][info][gc,stats    ] Concurrent Thread Roots             589 us, parallelism: 0.81x
[60.580s][info][gc,stats    ]   CTR: <total>                      478 us
[60.580s][info][gc,stats    ]   CTR: Thread Roots                 478 us, workers (us): 478, ---, ---, 
[60.580s][info][gc,stats    ] Concurrent Weak References         9287 us, parallelism: 0.99x
[60.580s][info][gc,stats    ]   CWRF: <total>                    9196 us
[60.580s][info][gc,stats    ]   CWRF: Weak References            9196 us, workers (us): 9196, ---, ---, 
[60.580s][info][gc,stats    ] Concurrent Weak Roots              5863 us
[60.580s][info][gc,stats    ]   Roots                             511 us, parallelism: 0.95x
[60.580s][info][gc,stats    ]     CWR: <total>                    487 us
[60.580s][info][gc,stats    ]     CWR: Code Cache Roots           381 us, workers (us): 381, ---, ---, 
[60.580s][info][gc,stats    ]     CWR: VM Weak Roots              104 us, workers (us): 104, ---, ---, 
[60.580s][info][gc,stats    ]     CWR: CLDG Roots                   2 us, workers (us):   2, ---, ---, 
[60.580s][info][gc,stats    ]   Rendezvous                       5292 us
[60.580s][info][gc,stats    ] Concurrent Cleanup                  101 us
[60.580s][info][gc,stats    ] Concurrent Class Unloading         5730 us
[60.580s][info][gc,stats    ]   Unlink Stale                     1769 us
[60.580s][info][gc,stats    ]     System Dictionary                 3 us
[60.580s][info][gc,stats    ]     Weak Class Links                  0 us
[60.580s][info][gc,stats    ]     Code Roots                     1766 us
[60.580s][info][gc,stats    ]   Rendezvous                       3808 us
[60.580s][info][gc,stats    ]   Purge Unlinked                     96 us
[60.580s][info][gc,stats    ]     Code Roots                       91 us
[60.580s][info][gc,stats    ]     CLDG                              5 us
[60.580s][info][gc,stats    ]     Exception Caches                  0 us
[60.580s][info][gc,stats    ] Concurrent Strong Roots              94 us, parallelism: 0.57x
[60.580s][info][gc,stats    ]   CSR: <total>                       53 us
[60.580s][info][gc,stats    ]   CSR: VM Strong Roots                4 us, workers (us):   4, ---, ---, 
[60.580s][info][gc,stats    ]   CSR: CLDG Roots                    49 us, workers (us):  49, ---, ---, 
[60.580s][info][gc,stats    ] Concurrent Evacuation              2214 us
[60.580s][info][gc,stats    ] Pause Init Update Refs (G)         4016 us
[60.580s][info][gc,stats    ] Pause Init Update Refs (N)           65 us
[60.580s][info][gc,stats    ]   Manage GCLABs                       3 us
[60.580s][info][gc,stats    ] Concurrent Update Refs             5656 us
[60.580s][info][gc,stats    ] Concurrent Update Thread Roots      593 us
[60.580s][info][gc,stats    ] Pause Final Update Refs (G)        5959 us
[60.580s][info][gc,stats    ] Pause Final Update Refs (N)         119 us
[60.580s][info][gc,stats    ]   Update Region States               40 us
[60.580s][info][gc,stats    ]   Trash Collection Set                7 us
[60.580s][info][gc,stats    ]   Rebuild Free Set                   14 us
[60.580s][info][gc,stats    ] Concurrent Cleanup                   63 us
[60.580s][info][gc,stats    ] Pacing                            47885 us
[60.580s][info][gc,stats    ] 
[60.580s][info][gc,stats    ] Allocation pacing accrued:
[60.580s][info][gc,stats    ]       7 of   346 ms (  2.1%): Thread-78
[60.580s][info][gc,stats    ]       9 of   346 ms (  2.5%): Thread-79
[60.580s][info][gc,stats    ]       8 of   346 ms (  2.4%): Thread-80
[60.580s][info][gc,stats    ]       8 of   346 ms (  2.2%): Thread-81
[60.580s][info][gc,stats    ]       8 of   346 ms (  2.4%): Thread-82
[60.580s][info][gc,stats    ]       8 of   346 ms (  2.4%): Thread-83
[60.580s][info][gc,stats    ]      48 of   346 ms ( 13.9%): <total>
[60.580s][info][gc,stats    ]       3 of   346 ms (  0.7%): <average total>
[60.580s][info][gc,stats    ]       8 of   346 ms (  2.3%): <average non-zero>
[60.580s][info][gc,stats    ] 
[60.580s][info][gc,metaspace] Metaspace: 6366K(6528K)->6366K(6528K) NonClass: 5759K(5824K)->5759K(5824K) Class: 606K(704K)->606K(704K)
[60.580s][info][gc,ergo     ] Pacer for Idle. Initial: 20971K, Alloc Tax Rate: 1.0x
[60.949s][info][gc          ] Trigger: Average GC time (63.89 ms) is above the time for average allocation rate (2004 MB/s) to deplete free headroom (101M) (margin of error = 1.74)
[60.949s][info][gc,ergo     ] Free headroom: 152M (free) - 52428K (spike) - 0B (penalties) = 101M
[60.949s][info][gc,ergo     ] Free: 152M, Max: 512K regular, 131M humongous, Frag: 14% external, 0% internal; Reserve: 52736K, Max: 512K
[60.949s][info][gc,start    ] GC(170) Concurrent reset
[60.949s][info][gc,task     ] GC(170) Using 1 of 3 workers for concurrent reset
[60.949s][info][gc,ergo     ] GC(170) Pacer for Reset. Non-Taxable: 1024M
[60.949s][info][gc          ] GC(170) Concurrent reset 0.677ms
[60.949s][info][gc,start    ] GC(170) Pause Init Mark (unload classes)
[60.950s][info][gc,task     ] GC(170) Using 3 of 3 workers for init marking
[60.950s][info][gc,ergo     ] GC(170) Pacer for Mark. Expected Live: 14262K, Free: 151M, Non-Taxable: 15514K, Alloc Tax Rate: 0.1x
[60.950s][info][gc          ] GC(170) Pause Init Mark (unload classes) 0.145ms
[60.951s][info][gc,start    ] GC(170) Concurrent marking roots
[60.951s][info][gc,task     ] GC(170) Using 1 of 3 workers for concurrent marking roots
[60.952s][info][gc          ] GC(170) Concurrent marking roots 0.559ms
[60.952s][info][gc,start    ] GC(170) Concurrent marking (unload classes)
[60.952s][info][gc,task     ] GC(170) Using 1 of 3 workers for concurrent marking
[60.965s][info][gc          ] GC(170) Concurrent marking (unload classes) 12.502ms
[60.965s][info][gc,start    ] GC(170) Pause Final Mark (unload classes)
[60.965s][info][gc,task     ] GC(170) Using 3 of 3 workers for final marking
[60.965s][info][gc,ergo     ] GC(170) Collectable Garbage: 749M (92%), Immediate: 749M (92%), CSet: 0B (0%)
[60.965s][info][gc          ] GC(170) Pause Final Mark (unload classes) 0.184ms
[60.967s][info][gc,start    ] GC(170) Concurrent weak references
[60.967s][info][gc,task     ] GC(170) Using 1 of 3 workers for concurrent weak references
[60.967s][info][gc,ref      ] GC(170) Encountered references: Soft: 132, Weak: 434, Final: 9, Phantom: 21
[60.967s][info][gc,ref      ] GC(170) Discovered  references: Soft: 0, Weak: 234, Final: 7, Phantom: 14
[60.967s][info][gc,ref      ] GC(170) Enqueued    references: Soft: 0, Weak: 0, Final: 0, Phantom: 0
[60.967s][info][gc          ] GC(170) Concurrent weak references 0.082ms
[60.967s][info][gc,start    ] GC(170) Concurrent weak roots
[60.967s][info][gc,task     ] GC(170) Using 1 of 3 workers for concurrent weak root
[60.969s][info][gc          ] GC(170) Concurrent weak roots 1.802ms
[60.969s][info][gc,start    ] GC(170) Concurrent cleanup
[60.969s][info][gc          ] GC(170) Concurrent cleanup 849M->100M(1024M) 0.143ms
[60.969s][info][gc,ergo     ] GC(170) Free: 870M, Max: 512K regular, 479M humongous, Frag: 45% external, 0% internal; Reserve: 52736K, Max: 512K
[60.969s][info][gc,start    ] GC(170) Concurrent class unloading
[60.969s][info][gc,task     ] GC(170) Using 1 of 3 workers for concurrent class unloading
[60.971s][info][gc          ] GC(170) Concurrent class unloading 1.973ms
[60.971s][info][gc,start    ] GC(170) Pause Final Roots
[60.971s][info][gc          ] GC(170) Pause Final Roots 0.023ms
[60.975s][info][gc,ergo     ] Free: 862M, Max: 512K regular, 479M humongous, Frag: 45% external, 0% internal; Reserve: 52736K, Max: 512K
[60.975s][info][gc,stats    ] 
[60.975s][info][gc,stats    ] All times are wall-clock times, except per-root-class counters, that are sum over
[60.975s][info][gc,stats    ] all workers. Dividing the <total> over the root stage time estimates parallelism.
[60.975s][info][gc,stats    ] 
[60.975s][info][gc,stats    ] Concurrent Reset                    708 us
[60.975s][info][gc,stats    ] Pause Init Mark (G)                2068 us
[60.975s][info][gc,stats    ] Pause Init Mark (N)                 156 us
[60.975s][info][gc,stats    ]   Update Region States               41 us
[60.975s][info][gc,stats    ] Concurrent Mark Roots               569 us, parallelism: 0.89x
[60.975s][info][gc,stats    ]   CMR: <total>                      505 us
[60.975s][info][gc,stats    ]   CMR: Thread Roots                 458 us, workers (us): 458, ---, ---, 
[60.975s][info][gc,stats    ]   CMR: VM Strong Roots                6 us, workers (us):   6, ---, ---, 
[60.975s][info][gc,stats    ]   CMR: CLDG Roots                    41 us, workers (us):  41, ---, ---, 
[60.975s][info][gc,stats    ] Concurrent Marking                12541 us
[60.975s][info][gc,stats    ] Pause Final Mark (G)               2068 us
[60.975s][info][gc,stats    ] Pause Final Mark (N)                194 us
[60.975s][info][gc,stats    ]   Finish Mark                        41 us
[60.975s][info][gc,stats    ]   Update Region States               39 us
[60.975s][info][gc,stats    ]   Choose Collection Set              55 us
[60.975s][info][gc,stats    ]   Rebuild Free Set                    8 us
[60.975s][info][gc,stats    ] Concurrent Weak References           91 us, parallelism: 0.07x
[60.975s][info][gc,stats    ]   CWRF: <total>                       6 us
[60.975s][info][gc,stats    ]   CWRF: Weak References               6 us, workers (us):   6, ---, ---, 
[60.975s][info][gc,stats    ] Concurrent Weak Roots              1820 us
[60.975s][info][gc,stats    ]   Roots                             482 us, parallelism: 0.96x
[60.975s][info][gc,stats    ]     CWR: <total>                    464 us
[60.975s][info][gc,stats    ]     CWR: Code Cache Roots           398 us, workers (us): 398, ---, ---, 
[60.975s][info][gc,stats    ]     CWR: VM Weak Roots               64 us, workers (us):  64, ---, ---, 
[60.975s][info][gc,stats    ]     CWR: CLDG Roots                   2 us, workers (us):   2, ---, ---, 
[60.975s][info][gc,stats    ]   Rendezvous                       1304 us
[60.975s][info][gc,stats    ] Concurrent Cleanup                  152 us
[60.975s][info][gc,stats    ] Concurrent Class Unloading         1994 us
[60.975s][info][gc,stats    ]   Unlink Stale                     1683 us
[60.975s][info][gc,stats    ]     System Dictionary                 2 us
[60.975s][info][gc,stats    ]     Weak Class Links                  0 us
[60.975s][info][gc,stats    ]     Code Roots                     1680 us
[60.975s][info][gc,stats    ]   Rendezvous                        227 us
[60.975s][info][gc,stats    ]   Purge Unlinked                     47 us
[60.975s][info][gc,stats    ]     Code Roots                       43 us
[60.975s][info][gc,stats    ]     CLDG                              3 us
[60.975s][info][gc,stats    ]     Exception Caches                  0 us
[60.975s][info][gc,stats    ] Pause Final Roots (G)              3941 us
[60.975s][info][gc,stats    ] Pause Final Roots (N)                32 us
[60.975s][info][gc,stats    ] 
[60.975s][info][gc,stats    ] Allocation pacing accrued:
[60.975s][info][gc,stats    ]       0 of   395 ms (  0.0%): <total>
[60.975s][info][gc,stats    ]       0 of   395 ms (  0.0%): <average total>
[60.975s][info][gc,stats    ] 
[60.975s][info][gc,metaspace] Metaspace: 6366K(6528K)->6366K(6528K) NonClass: 5759K(5824K)->5759K(5824K) Class: 606K(704K)->606K(704K)
[60.975s][info][gc,ergo     ] Pacer for Idle. Initial: 20971K, Alloc Tax Rate: 1.0x
[61.328s][info][gc          ] Trigger: Average GC time (58.12 ms) is above the time for average allocation rate (2015 MB/s) to deplete free headroom (114M) (margin of error = 1.74)
[61.328s][info][gc,ergo     ] Free headroom: 166M (free) - 52428K (spike) - 0B (penalties) = 114M
[61.328s][info][gc,ergo     ] Free: 166M, Max: 512K regular, 123M humongous, Frag: 26% external, 0% internal; Reserve: 52736K, Max: 512K
[61.328s][info][gc,start    ] GC(171) Concurrent reset
[61.328s][info][gc,task     ] GC(171) Using 1 of 3 workers for concurrent reset
[61.328s][info][gc,ergo     ] GC(171) Pacer for Reset. Non-Taxable: 1024M
[61.328s][info][gc          ] GC(171) Concurrent reset 0.325ms
[61.329s][info][gc,start    ] GC(171) Pause Init Mark (unload classes)
[61.329s][info][gc,task     ] GC(171) Using 3 of 3 workers for init marking
[61.329s][info][gc,ergo     ] GC(171) Pacer for Mark. Expected Live: 14222K, Free: 166M, Non-Taxable: 16998K, Alloc Tax Rate: 0.1x
[61.329s][info][gc          ] GC(171) Pause Init Mark (unload classes) 0.108ms
[61.333s][info][gc,start    ] GC(171) Concurrent marking roots
[61.333s][info][gc,task     ] GC(171) Using 1 of 3 workers for concurrent marking roots
[61.333s][info][gc          ] GC(171) Concurrent marking roots 0.566ms
[61.333s][info][gc,start    ] GC(171) Concurrent marking (unload classes)
[61.333s][info][gc,task     ] GC(171) Using 1 of 3 workers for concurrent marking
[61.339s][info][gc          ] GC(171) Concurrent marking (unload classes) 5.672ms
[61.339s][info][gc,start    ] GC(171) Pause Final Mark (unload classes)
[61.339s][info][gc,task     ] GC(171) Using 3 of 3 workers for final marking
[61.339s][info][gc,ergo     ] GC(171) Collectable Garbage: 743M (93%), Immediate: 743M (93%), CSet: 0B (0%)
[61.339s][info][gc          ] GC(171) Pause Final Mark (unload classes) 0.164ms
[61.339s][info][gc,start    ] GC(171) Concurrent weak references
[61.339s][info][gc,task     ] GC(171) Using 1 of 3 workers for concurrent weak references
[61.339s][info][gc,ref      ] GC(171) Encountered references: Soft: 132, Weak: 434, Final: 9, Phantom: 21
[61.339s][info][gc,ref      ] GC(171) Discovered  references: Soft: 0, Weak: 234, Final: 7, Phantom: 14
[61.339s][info][gc,ref      ] GC(171) Enqueued    references: Soft: 0, Weak: 0, Final: 0, Phantom: 0
[61.339s][info][gc          ] GC(171) Concurrent weak references 0.073ms
[61.339s][info][gc,start    ] GC(171) Concurrent weak roots
[61.339s][info][gc,task     ] GC(171) Using 1 of 3 workers for concurrent weak root
[61.340s][info][gc          ] GC(171) Concurrent weak roots 0.515ms
[61.340s][info][gc,start    ] GC(171) Concurrent cleanup
[61.340s][info][gc          ] GC(171) Concurrent cleanup 827M->84M(1024M) 0.103ms
[61.340s][info][gc,ergo     ] GC(171) Free: 887M, Max: 512K regular, 285M humongous, Frag: 68% external, 0% internal; Reserve: 52736K, Max: 512K
[61.340s][info][gc,start    ] GC(171) Concurrent class unloading
[61.340s][info][gc,task     ] GC(171) Using 1 of 3 workers for concurrent class unloading
[61.342s][info][gc          ] GC(171) Concurrent class unloading 1.828ms
[61.342s][info][gc,start    ] GC(171) Pause Final Roots
[61.342s][info][gc          ] GC(171) Pause Final Roots 0.029ms
[61.342s][info][gc,ergo     ] Free: 883M, Max: 512K regular, 285M humongous, Frag: 68% external, 0% internal; Reserve: 52736K, Max: 512K
[61.342s][info][gc,stats    ] 
[61.342s][info][gc,stats    ] All times are wall-clock times, except per-root-class counters, that are sum over
[61.342s][info][gc,stats    ] all workers. Dividing the <total> over the root stage time estimates parallelism.
[61.342s][info][gc,stats    ] 
[61.342s][info][gc,stats    ] Concurrent Reset                    339 us
[61.342s][info][gc,stats    ] Pause Init Mark (G)                4063 us
[61.342s][info][gc,stats    ] Pause Init Mark (N)                 117 us
[61.342s][info][gc,stats    ]   Update Region States               39 us
[61.342s][info][gc,stats    ] Concurrent Mark Roots               577 us, parallelism: 0.84x
[61.342s][info][gc,stats    ]   CMR: <total>                      488 us
[61.342s][info][gc,stats    ]   CMR: Thread Roots                 438 us, workers (us): 438, ---, ---, 
[61.342s][info][gc,stats    ]   CMR: VM Strong Roots                6 us, workers (us):   6, ---, ---, 
[61.342s][info][gc,stats    ]   CMR: CLDG Roots                    45 us, workers (us):  45, ---, ---, 
[61.342s][info][gc,stats    ] Concurrent Marking                 5714 us
[61.342s][info][gc,stats    ] Pause Final Mark (G)                231 us
[61.342s][info][gc,stats    ] Pause Final Mark (N)                173 us
[61.342s][info][gc,stats    ]   Finish Mark                        42 us
[61.342s][info][gc,stats    ]   Update Region States               34 us
[61.342s][info][gc,stats    ]   Choose Collection Set              43 us
[61.342s][info][gc,stats    ]   Rebuild Free Set                    8 us
[61.342s][info][gc,stats    ] Concurrent Weak References           80 us, parallelism: 0.05x
[61.342s][info][gc,stats    ]   CWRF: <total>                       4 us
[61.342s][info][gc,stats    ]   CWRF: Weak References               4 us, workers (us):   4, ---, ---, 
[61.342s][info][gc,stats    ] Concurrent Weak Roots               527 us
[61.342s][info][gc,stats    ]   Roots                             466 us, parallelism: 0.95x
[61.342s][info][gc,stats    ]     CWR: <total>                    444 us
[61.342s][info][gc,stats    ]     CWR: Code Cache Roots           380 us, workers (us): 380, ---, ---, 
[61.342s][info][gc,stats    ]     CWR: VM Weak Roots               62 us, workers (us):  62, ---, ---, 
[61.342s][info][gc,stats    ]     CWR: CLDG Roots                   2 us, workers (us):   2, ---, ---, 
[61.342s][info][gc,stats    ]   Rendezvous                         34 us
[61.342s][info][gc,stats    ] Concurrent Cleanup                  111 us
[61.342s][info][gc,stats    ] Concurrent Class Unloading         1853 us
[61.342s][info][gc,stats    ]   Unlink Stale                     1683 us
[61.342s][info][gc,stats    ]     System Dictionary                 2 us
[61.342s][info][gc,stats    ]     Weak Class Links                  0 us
[61.342s][info][gc,stats    ]     Code Roots                     1680 us
[61.342s][info][gc,stats    ]   Rendezvous                         56 us
[61.342s][info][gc,stats    ]   Purge Unlinked                     55 us
[61.342s][info][gc,stats    ]     Code Roots                       51 us
[61.342s][info][gc,stats    ]     CLDG                              3 us
[61.342s][info][gc,stats    ]     Exception Caches                  0 us
[61.342s][info][gc,stats    ] Pause Final Roots (G)               122 us
[61.342s][info][gc,stats    ] Pause Final Roots (N)                37 us
[61.342s][info][gc,stats    ] 
[61.342s][info][gc,stats    ] Allocation pacing accrued:
[61.342s][info][gc,stats    ]       0 of   367 ms (  0.0%): <total>
[61.342s][info][gc,stats    ]       0 of   367 ms (  0.0%): <average total>
[61.342s][info][gc,stats    ] 
[61.342s][info][gc,metaspace] Metaspace: 6366K(6528K)->6366K(6528K) NonClass: 5759K(5824K)->5759K(5824K) Class: 606K(704K)->606K(704K)
[61.342s][info][gc,ergo     ] Pacer for Idle. Initial: 20971K, Alloc Tax Rate: 1.0x
[61.818s][info][gc          ] Trigger: Average GC time (50.06 ms) is above the time for average allocation rate (1609 MB/s) to deplete free headroom (58679K) (margin of error = 1.74)
[61.818s][info][gc,ergo     ] Free headroom: 108M (free) - 52428K (spike) - 0B (penalties) = 58679K
[61.818s][info][gc,ergo     ] Free: 108M, Max: 512K regular, 108M humongous, Frag: 0% external, 0% internal; Reserve: 52736K, Max: 512K
[61.818s][info][gc,start    ] GC(172) Concurrent reset
[61.818s][info][gc,task     ] GC(172) Using 1 of 3 workers for concurrent reset
[61.818s][info][gc,ergo     ] GC(172) Pacer for Reset. Non-Taxable: 1024M
[61.818s][info][gc          ] GC(172) Concurrent reset 0.295ms
[61.818s][info][gc,start    ] GC(172) Pause Init Mark (unload classes)
[61.818s][info][gc,task     ] GC(172) Using 3 of 3 workers for init marking
[61.818s][info][gc,ergo     ] GC(172) Pacer for Mark. Expected Live: 14219K, Free: 107M, Non-Taxable: 11008K, Alloc Tax Rate: 0.2x
[61.818s][info][gc          ] GC(172) Pause Init Mark (unload classes) 0.141ms
[61.825s][info][gc,start    ] GC(172) Concurrent marking roots
[61.825s][info][gc,task     ] GC(172) Using 1 of 3 workers for concurrent marking roots
[61.825s][info][gc          ] GC(172) Concurrent marking roots 0.547ms
[61.825s][info][gc,start    ] GC(172) Concurrent marking (unload classes)
[61.825s][info][gc,task     ] GC(172) Using 1 of 3 workers for concurrent marking
[61.833s][info][gc          ] GC(172) Concurrent marking (unload classes) 8.024ms
[61.833s][info][gc,start    ] GC(172) Pause Final Mark (unload classes)
[61.833s][info][gc,task     ] GC(172) Using 3 of 3 workers for final marking
[61.834s][info][gc,ergo     ] GC(172) Adaptive CSet Selection. Target Free: 145M, Actual Free: 777M, Max CSet: 43690K, Min Garbage: 0B
[61.834s][info][gc,ergo     ] GC(172) Collectable Garbage: 849M (99%), Immediate: 628M (73%), CSet: 220M (25%)
[61.834s][info][gc,ergo     ] GC(172) Pacer for Evacuation. Used CSet: 223M, Free: 725M, Non-Taxable: 74291K, Alloc Tax Rate: 1.1x
[61.834s][info][gc          ] GC(172) Pause Final Mark (unload classes) 0.485ms
[61.834s][info][gc,start    ] GC(172) Concurrent thread roots
[61.834s][info][gc,task     ] GC(172) Using 1 of 3 workers for Concurrent thread roots
[61.835s][info][gc          ] GC(172) Concurrent thread roots 0.936ms
[61.835s][info][gc,start    ] GC(172) Concurrent weak references
[61.835s][info][gc,task     ] GC(172) Using 1 of 3 workers for concurrent weak references
[61.835s][info][gc,ref      ] GC(172) Encountered references: Soft: 132, Weak: 434, Final: 9, Phantom: 21
[61.835s][info][gc,ref      ] GC(172) Discovered  references: Soft: 0, Weak: 234, Final: 7, Phantom: 14
[61.835s][info][gc,ref      ] GC(172) Enqueued    references: Soft: 0, Weak: 0, Final: 0, Phantom: 0
[61.835s][info][gc          ] GC(172) Concurrent weak references 0.070ms
[61.835s][info][gc,start    ] GC(172) Concurrent weak roots
[61.835s][info][gc,task     ] GC(172) Using 1 of 3 workers for concurrent weak root
[61.842s][info][gc          ] GC(172) Concurrent weak roots 6.673ms
[61.842s][info][gc,start    ] GC(172) Concurrent cleanup
[61.842s][info][gc          ] GC(172) Concurrent cleanup 887M->259M(1024M) 0.092ms
[61.842s][info][gc,ergo     ] GC(172) Free: 712M, Max: 512K regular, 131M humongous, Frag: 82% external, 0% internal; Reserve: 52369K, Max: 512K
[61.842s][info][gc,start    ] GC(172) Concurrent class unloading
[61.842s][info][gc,task     ] GC(172) Using 1 of 3 workers for concurrent class unloading
[61.845s][info][gc          ] GC(172) Concurrent class unloading 2.944ms
[61.845s][info][gc,start    ] GC(172) Concurrent strong roots
[61.845s][info][gc,task     ] GC(172) Using 1 of 3 workers for concurrent strong root
[61.845s][info][gc          ] GC(172) Concurrent strong roots 0.080ms
[61.845s][info][gc,start    ] GC(172) Concurrent evacuation
[61.845s][info][gc,task     ] GC(172) Using 1 of 3 workers for concurrent evacuation
[61.847s][info][gc          ] GC(172) Concurrent evacuation 2.572ms
[61.847s][info][gc,start    ] GC(172) Pause Init Update Refs
[61.848s][info][gc,ergo     ] GC(172) Pacer for Update Refs. Used: 269M, Free: 704M, Non-Taxable: 72141K, Alloc Tax Rate: 1.1x
[61.848s][info][gc          ] GC(172) Pause Init Update Refs 0.042ms
[61.851s][info][gc,start    ] GC(172) Concurrent update references
[61.851s][info][gc,task     ] GC(172) Using 1 of 3 workers for concurrent reference update
[61.856s][info][gc          ] GC(172) Concurrent update references 4.789ms
[61.856s][info][gc,start    ] GC(172) Concurrent update thread roots
[61.857s][info][gc          ] GC(172) Concurrent update thread roots 0.593ms
[61.857s][info][gc,start    ] GC(172) Pause Final Update Refs
[61.857s][info][gc,task     ] GC(172) Using 3 of 3 workers for final reference update
[61.857s][info][gc          ] GC(172) Pause Final Update Refs 0.102ms
[61.859s][info][gc,start    ] GC(172) Concurrent cleanup
[61.859s][info][gc          ] GC(172) Concurrent cleanup 283M->59M(1024M) 0.047ms
[61.859s][info][gc,ergo     ] Free: 911M, Max: 512K regular, 692M humongous, Frag: 25% external, 0% internal; Reserve: 52736K, Max: 512K
[61.859s][info][gc,stats    ] 
[61.859s][info][gc,stats    ] All times are wall-clock times, except per-root-class counters, that are sum over
[61.859s][info][gc,stats    ] all workers. Dividing the <total> over the root stage time estimates parallelism.
[61.859s][info][gc,stats    ] 
[61.859s][info][gc,stats    ] Concurrent Reset                    311 us
[61.859s][info][gc,stats    ] Pause Init Mark (G)                6489 us
[61.859s][info][gc,stats    ] Pause Init Mark (N)                 151 us
[61.859s][info][gc,stats    ]   Update Region States               35 us
[61.859s][info][gc,stats    ] Concurrent Mark Roots               558 us, parallelism: 0.83x
[61.859s][info][gc,stats    ]   CMR: <total>                      462 us
[61.859s][info][gc,stats    ]   CMR: Thread Roots                 414 us, workers (us): 414, ---, ---, 
[61.859s][info][gc,stats    ]   CMR: VM Strong Roots                5 us, workers (us):   5, ---, ---, 
[61.859s][info][gc,stats    ]   CMR: CLDG Roots                    43 us, workers (us):  43, ---, ---, 
[61.859s][info][gc,stats    ] Concurrent Marking                 8092 us
[61.859s][info][gc,stats    ] Pause Final Mark (G)                665 us
[61.859s][info][gc,stats    ] Pause Final Mark (N)                506 us
[61.859s][info][gc,stats    ]   Finish Mark                        64 us
[61.859s][info][gc,stats    ]   Update Region States               53 us
[61.859s][info][gc,stats    ]   Choose Collection Set             199 us
[61.859s][info][gc,stats    ]   Rebuild Free Set                   26 us
[61.859s][info][gc,stats    ] Concurrent Thread Roots             946 us, parallelism: 0.94x
[61.859s][info][gc,stats    ]   CTR: <total>                      886 us
[61.859s][info][gc,stats    ]   CTR: Thread Roots                 886 us, workers (us): 886, ---, ---, 
[61.859s][info][gc,stats    ] Concurrent Weak References           77 us, parallelism: 0.25x
[61.859s][info][gc,stats    ]   CWRF: <total>                      19 us
[61.859s][info][gc,stats    ]   CWRF: Weak References              19 us, workers (us):  19, ---, ---, 
[61.859s][info][gc,stats    ] Concurrent Weak Roots              6708 us
[61.859s][info][gc,stats    ]   Roots                             572 us, parallelism: 0.97x
[61.859s][info][gc,stats    ]     CWR: <total>                    552 us
[61.859s][info][gc,stats    ]     CWR: Code Cache Roots           379 us, workers (us): 379, ---, ---, 
[61.859s][info][gc,stats    ]     CWR: VM Weak Roots              170 us, workers (us): 170, ---, ---, 
[61.859s][info][gc,stats    ]     CWR: CLDG Roots                   3 us, workers (us):   3, ---, ---, 
[61.859s][info][gc,stats    ]   Rendezvous                       6085 us
[61.859s][info][gc,stats    ] Concurrent Cleanup                  101 us
[61.859s][info][gc,stats    ] Concurrent Class Unloading         2970 us
[61.859s][info][gc,stats    ]   Unlink Stale                     1743 us
[61.859s][info][gc,stats    ]     System Dictionary                 2 us
[61.859s][info][gc,stats    ]     Weak Class Links                  1 us
[61.859s][info][gc,stats    ]     Code Roots                     1740 us
[61.859s][info][gc,stats    ]   Rendezvous                       1109 us
[61.859s][info][gc,stats    ]   Purge Unlinked                     73 us
[61.859s][info][gc,stats    ]     Code Roots                       69 us
[61.859s][info][gc,stats    ]     CLDG                              4 us
[61.859s][info][gc,stats    ]     Exception Caches                  0 us
[61.859s][info][gc,stats    ] Concurrent Strong Roots             101 us, parallelism: 0.49x
[61.859s][info][gc,stats    ]   CSR: <total>                       50 us
[61.859s][info][gc,stats    ]   CSR: VM Strong Roots                4 us, workers (us):   4, ---, ---, 
[61.859s][info][gc,stats    ]   CSR: CLDG Roots                    46 us, workers (us):  46, ---, ---, 
[61.859s][info][gc,stats    ] Concurrent Evacuation              2614 us
[61.859s][info][gc,stats    ] Pause Init Update Refs (G)         3939 us
[61.859s][info][gc,stats    ] Pause Init Update Refs (N)           50 us
[61.859s][info][gc,stats    ]   Manage GCLABs                       3 us
[61.859s][info][gc,stats    ] Concurrent Update Refs             4837 us
[61.859s][info][gc,stats    ] Concurrent Update Thread Roots      608 us
[61.859s][info][gc,stats    ] Pause Final Update Refs (G)        1960 us
[61.859s][info][gc,stats    ] Pause Final Update Refs (N)         123 us
[61.859s][info][gc,stats    ]   Update Region States               42 us
[61.859s][info][gc,stats    ]   Trash Collection Set               12 us
[61.859s][info][gc,stats    ]   Rebuild Free Set                   15 us
[61.859s][info][gc,stats    ] Concurrent Cleanup                   57 us
[61.859s][info][gc,stats    ] Pacing                            58607 us
[61.859s][info][gc,stats    ] 
[61.859s][info][gc,stats    ] Allocation pacing accrued:
[61.859s][info][gc,stats    ]       8 of   517 ms (  1.5%): Thread-78
[61.859s][info][gc,stats    ]       9 of   517 ms (  1.8%): Thread-79
[61.859s][info][gc,stats    ]       8 of   517 ms (  1.6%): Thread-80
[61.859s][info][gc,stats    ]       8 of   517 ms (  1.6%): Thread-81
[61.859s][info][gc,stats    ]       9 of   517 ms (  1.8%): Thread-82
[61.859s][info][gc,stats    ]      16 of   517 ms (  3.1%): Thread-83
[61.859s][info][gc,stats    ]      59 of   517 ms ( 11.3%): <total>
[61.859s][info][gc,stats    ]       3 of   517 ms (  0.6%): <average total>
[61.859s][info][gc,stats    ]      10 of   517 ms (  1.9%): <average non-zero>
[61.859s][info][gc,stats    ] 
[61.859s][info][gc,metaspace] Metaspace: 6366K(6528K)->6366K(6528K) NonClass: 5759K(5824K)->5759K(5824K) Class: 606K(704K)->606K(704K)
[61.859s][info][gc,ergo     ] Pacer for Idle. Initial: 20971K, Alloc Tax Rate: 1.0x
[62.196s][info][gc          ] Trigger: Average GC time (55.49 ms) is above the time for average allocation rate (2101 MB/s) to deplete free headroom (95031K) (margin of error = 1.73)
[62.196s][info][gc,ergo     ] Free headroom: 144M (free) - 52428K (spike) - 0B (penalties) = 95031K
[62.196s][info][gc,ergo     ] Free: 144M, Max: 512K regular, 84480K humongous, Frag: 43% external, 0% internal; Reserve: 52736K, Max: 512K
[62.196s][info][gc,start    ] GC(173) Concurrent reset
[62.196s][info][gc,task     ] GC(173) Using 1 of 3 workers for concurrent reset
[62.196s][info][gc,ergo     ] GC(173) Pacer for Reset. Non-Taxable: 1024M
[62.197s][info][gc          ] GC(173) Concurrent reset 0.991ms
[62.197s][info][gc,start    ] GC(173) Pause Init Mark (unload classes)
[62.197s][info][gc,task     ] GC(173) Using 3 of 3 workers for init marking
[62.197s][info][gc,ergo     ] GC(173) Pacer for Mark. Expected Live: 14239K, Free: 142M, Non-Taxable: 14541K, Alloc Tax Rate: 0.1x
[62.198s][info][gc          ] GC(173) Pause Init Mark (unload classes) 0.169ms
[62.204s][info][gc,start    ] GC(173) Concurrent marking roots
[62.204s][info][gc,task     ] GC(173) Using 1 of 3 workers for concurrent marking roots
[62.205s][info][gc          ] GC(173) Concurrent marking roots 0.623ms
[62.205s][info][gc,start    ] GC(173) Concurrent marking (unload classes)
[62.205s][info][gc,task     ] GC(173) Using 1 of 3 workers for concurrent marking
[62.220s][info][gc          ] GC(173) Concurrent marking (unload classes) 15.117ms
[62.220s][info][gc,start    ] GC(173) Pause Final Mark (unload classes)
[62.220s][info][gc,task     ] GC(173) Using 3 of 3 workers for final marking
[62.220s][info][gc,ergo     ] GC(173) Adaptive CSet Selection. Target Free: 145M, Actual Free: 856M, Max CSet: 43690K, Min Garbage: 0B
[62.220s][info][gc,ergo     ] GC(173) Collectable Garbage: 815M (99%), Immediate: 697M (85%), CSet: 118M (14%)
[62.220s][info][gc,ergo     ] GC(173) Pacer for Evacuation. Used CSet: 120M, Free: 804M, Non-Taxable: 82381K, Alloc Tax Rate: 1.1x
[62.220s][info][gc          ] GC(173) Pause Final Mark (unload classes) 0.227ms
[62.220s][info][gc,start    ] GC(173) Concurrent thread roots
[62.220s][info][gc,task     ] GC(173) Using 1 of 3 workers for Concurrent thread roots
[62.221s][info][gc          ] GC(173) Concurrent thread roots 0.486ms
[62.221s][info][gc,start    ] GC(173) Concurrent weak references
[62.221s][info][gc,task     ] GC(173) Using 1 of 3 workers for concurrent weak references
[62.221s][info][gc,ref      ] GC(173) Encountered references: Soft: 132, Weak: 434, Final: 9, Phantom: 21
[62.221s][info][gc,ref      ] GC(173) Discovered  references: Soft: 0, Weak: 234, Final: 7, Phantom: 14
[62.221s][info][gc,ref      ] GC(173) Enqueued    references: Soft: 0, Weak: 0, Final: 0, Phantom: 0
[62.221s][info][gc          ] GC(173) Concurrent weak references 0.062ms
[62.221s][info][gc,start    ] GC(173) Concurrent weak roots
[62.221s][info][gc,task     ] GC(173) Using 1 of 3 workers for concurrent weak root
[62.222s][info][gc          ] GC(173) Concurrent weak roots 0.994ms
[62.222s][info][gc,start    ] GC(173) Concurrent cleanup
[62.222s][info][gc          ] GC(173) Concurrent cleanup 868M->171M(1024M) 0.140ms
[62.222s][info][gc,ergo     ] GC(173) Free: 800M, Max: 512K regular, 397M humongous, Frag: 51% external, 0% internal; Reserve: 52379K, Max: 512K
[62.222s][info][gc,start    ] GC(173) Concurrent class unloading
[62.222s][info][gc,task     ] GC(173) Using 1 of 3 workers for concurrent class unloading
[62.228s][info][gc          ] GC(173) Concurrent class unloading 5.917ms
[62.228s][info][gc,start    ] GC(173) Concurrent strong roots
[62.228s][info][gc,task     ] GC(173) Using 1 of 3 workers for concurrent strong root
[62.228s][info][gc          ] GC(173) Concurrent strong roots 0.093ms
[62.228s][info][gc,start    ] GC(173) Concurrent evacuation
[62.228s][info][gc,task     ] GC(173) Using 1 of 3 workers for concurrent evacuation
[62.230s][info][gc          ] GC(173) Concurrent evacuation 1.952ms
[62.230s][info][gc,start    ] GC(173) Pause Init Update Refs
[62.230s][info][gc,ergo     ] GC(173) Pacer for Update Refs. Used: 187M, Free: 786M, Non-Taxable: 80538K, Alloc Tax Rate: 1.1x
[62.230s][info][gc          ] GC(173) Pause Init Update Refs 0.051ms
[62.234s][info][gc,start    ] GC(173) Concurrent update references
[62.234s][info][gc,task     ] GC(173) Using 1 of 3 workers for concurrent reference update
[62.242s][info][gc          ] GC(173) Concurrent update references 7.717ms
[62.242s][info][gc,start    ] GC(173) Concurrent update thread roots
[62.242s][info][gc          ] GC(173) Concurrent update thread roots 0.601ms
[62.242s][info][gc,start    ] GC(173) Pause Final Update Refs
[62.242s][info][gc,task     ] GC(173) Using 3 of 3 workers for final reference update
[62.242s][info][gc          ] GC(173) Pause Final Update Refs 0.088ms
[62.243s][info][gc,start    ] GC(173) Concurrent cleanup
[62.244s][info][gc          ] GC(173) Concurrent cleanup 209M->88M(1024M) 0.052ms
[62.244s][info][gc,ergo     ] Free: 882M, Max: 512K regular, 633M humongous, Frag: 29% external, 0% internal; Reserve: 52736K, Max: 512K
[62.244s][info][gc,stats    ] 
[62.244s][info][gc,stats    ] All times are wall-clock times, except per-root-class counters, that are sum over
[62.244s][info][gc,stats    ] all workers. Dividing the <total> over the root stage time estimates parallelism.
[62.244s][info][gc,stats    ] 
[62.244s][info][gc,stats    ] Concurrent Reset                   1041 us
[62.244s][info][gc,stats    ] Pause Init Mark (G)                6722 us
[62.244s][info][gc,stats    ] Pause Init Mark (N)                 184 us
[62.244s][info][gc,stats    ]   Update Region States               53 us
[62.244s][info][gc,stats    ] Concurrent Mark Roots               645 us, parallelism: 0.83x
[62.244s][info][gc,stats    ]   CMR: <total>                      538 us
[62.244s][info][gc,stats    ]   CMR: Thread Roots                 486 us, workers (us): 486, ---, ---, 
[62.244s][info][gc,stats    ]   CMR: VM Strong Roots                6 us, workers (us):   6, ---, ---, 
[62.244s][info][gc,stats    ]   CMR: CLDG Roots                    46 us, workers (us):  46, ---, ---, 
[62.244s][info][gc,stats    ] Concurrent Marking                15168 us
[62.244s][info][gc,stats    ] Pause Final Mark (G)                389 us
[62.244s][info][gc,stats    ] Pause Final Mark (N)                236 us
[62.244s][info][gc,stats    ]   Finish Mark                        31 us
[62.244s][info][gc,stats    ]   Update Region States               36 us
[62.244s][info][gc,stats    ]   Choose Collection Set             104 us
[62.244s][info][gc,stats    ]   Rebuild Free Set                    8 us
[62.244s][info][gc,stats    ] Concurrent Thread Roots             497 us, parallelism: 0.89x
[62.244s][info][gc,stats    ]   CTR: <total>                      443 us
[62.244s][info][gc,stats    ]   CTR: Thread Roots                 443 us, workers (us): 443, ---, ---, 
[62.244s][info][gc,stats    ] Concurrent Weak References           69 us, parallelism: 0.20x
[62.244s][info][gc,stats    ]   CWRF: <total>                      14 us
[62.244s][info][gc,stats    ]   CWRF: Weak References              14 us, workers (us):  14, ---, ---, 
[62.244s][info][gc,stats    ] Concurrent Weak Roots              1010 us
[62.244s][info][gc,stats    ]   Roots                             518 us, parallelism: 0.96x
[62.244s][info][gc,stats    ]     CWR: <total>                    499 us
[62.244s][info][gc,stats    ]     CWR: Code Cache Roots           387 us, workers (us): 387, ---, ---, 
[62.244s][info][gc,stats    ]     CWR: VM Weak Roots              109 us, workers (us): 109, ---, ---, 
[62.244s][info][gc,stats    ]     CWR: CLDG Roots                   3 us, workers (us):   3, ---, ---, 
[62.244s][info][gc,stats    ]   Rendezvous                        460 us
[62.244s][info][gc,stats    ] Concurrent Cleanup                  148 us
[62.244s][info][gc,stats    ] Concurrent Class Unloading         5956 us
[62.244s][info][gc,stats    ]   Unlink Stale                     1719 us
[62.244s][info][gc,stats    ]     System Dictionary                 2 us
[62.244s][info][gc,stats    ]     Weak Class Links                  0 us
[62.244s][info][gc,stats    ]     Code Roots                     1716 us
[62.244s][info][gc,stats    ]   Rendezvous                       4098 us
[62.244s][info][gc,stats    ]   Purge Unlinked                     81 us
[62.244s][info][gc,stats    ]     Code Roots                       76 us
[62.244s][info][gc,stats    ]     CLDG                              4 us
[62.244s][info][gc,stats    ]     Exception Caches                  0 us
[62.244s][info][gc,stats    ] Concurrent Strong Roots             102 us, parallelism: 0.53x
[62.244s][info][gc,stats    ]   CSR: <total>                       55 us
[62.244s][info][gc,stats    ]   CSR: VM Strong Roots                5 us, workers (us):   5, ---, ---, 
[62.244s][info][gc,stats    ]   CSR: CLDG Roots                    50 us, workers (us):  50, ---, ---, 
[62.244s][info][gc,stats    ] Concurrent Evacuation              1996 us
[62.244s][info][gc,stats    ] Pause Init Update Refs (G)         3945 us
[62.244s][info][gc,stats    ] Pause Init Update Refs (N)           60 us
[62.244s][info][gc,stats    ]   Manage GCLABs                       3 us
[62.244s][info][gc,stats    ] Concurrent Update Refs             7763 us
[62.244s][info][gc,stats    ] Concurrent Update Thread Roots      618 us
[62.244s][info][gc,stats    ] Pause Final Update Refs (G)        1198 us
[62.244s][info][gc,stats    ] Pause Final Update Refs (N)         111 us
[62.244s][info][gc,stats    ]   Update Region States               36 us
[62.244s][info][gc,stats    ]   Trash Collection Set                7 us
[62.244s][info][gc,stats    ]   Rebuild Free Set                   14 us
[62.244s][info][gc,stats    ] Concurrent Cleanup                   67 us
[62.244s][info][gc,stats    ] Pacing                            44122 us
[62.244s][info][gc,stats    ] 
[62.244s][info][gc,stats    ] Allocation pacing accrued:
[62.244s][info][gc,stats    ]       7 of   385 ms (  1.8%): Thread-78
[62.244s][info][gc,stats    ]       7 of   385 ms (  1.9%): Thread-79
[62.244s][info][gc,stats    ]       8 of   385 ms (  2.0%): Thread-80
[62.244s][info][gc,stats    ]       7 of   385 ms (  1.9%): Thread-81
[62.244s][info][gc,stats    ]       7 of   385 ms (  1.9%): Thread-82
[62.244s][info][gc,stats    ]       8 of   385 ms (  2.0%): Thread-83
[62.244s][info][gc,stats    ]      44 of   385 ms ( 11.5%): <total>
[62.244s][info][gc,stats    ]       2 of   385 ms (  0.6%): <average total>
[62.244s][info][gc,stats    ]       7 of   385 ms (  1.9%): <average non-zero>
[62.244s][info][gc,stats    ] 
[62.244s][info][gc,metaspace] Metaspace: 6366K(6528K)->6366K(6528K) NonClass: 5759K(5824K)->5759K(5824K) Class: 606K(704K)->606K(704K)
[62.244s][info][gc,ergo     ] Pacer for Idle. Initial: 20971K, Alloc Tax Rate: 1.0x
[62.591s][info][gc          ] Trigger: Average GC time (60.37 ms) is above the time for average allocation rate (2039 MB/s) to deplete free headroom (108M) (margin of error = 1.73)
[62.591s][info][gc,ergo     ] Free headroom: 160M (free) - 52428K (spike) - 0B (penalties) = 108M
[62.591s][info][gc,ergo     ] Free: 160M, Max: 512K regular, 127M humongous, Frag: 21% external, 0% internal; Reserve: 52736K, Max: 512K
[62.591s][info][gc,start    ] GC(174) Concurrent reset
[62.591s][info][gc,task     ] GC(174) Using 1 of 3 workers for concurrent reset
[62.591s][info][gc,ergo     ] GC(174) Pacer for Reset. Non-Taxable: 1024M
[62.591s][info][gc          ] GC(174) Concurrent reset 0.518ms
[62.591s][info][gc,start    ] GC(174) Pause Init Mark (unload classes)
[62.591s][info][gc,task     ] GC(174) Using 3 of 3 workers for init marking
[62.591s][info][gc,ergo     ] GC(174) Pacer for Mark. Expected Live: 14221K, Free: 159M, Non-Taxable: 16333K, Alloc Tax Rate: 0.1x
[62.592s][info][gc          ] GC(174) Pause Init Mark (unload classes) 0.134ms
[62.595s][info][gc,start    ] GC(174) Concurrent marking roots
[62.595s][info][gc,task     ] GC(174) Using 1 of 3 workers for concurrent marking roots
[62.596s][info][gc          ] GC(174) Concurrent marking roots 0.581ms
[62.596s][info][gc,start    ] GC(174) Concurrent marking (unload classes)
[62.596s][info][gc,task     ] GC(174) Using 1 of 3 workers for concurrent marking
[62.606s][info][gc          ] GC(174) Concurrent marking (unload classes) 10.500ms
[62.607s][info][gc,start    ] GC(174) Pause Final Mark (unload classes)
[62.607s][info][gc,task     ] GC(174) Using 3 of 3 workers for final marking
[62.607s][info][gc,ergo     ] GC(174) Adaptive CSet Selection. Target Free: 145M, Actual Free: 859M, Max CSet: 43690K, Min Garbage: 0B
[62.607s][info][gc,ergo     ] GC(174) Collectable Garbage: 797M (99%), Immediate: 673M (84%), CSet: 124M (15%)
[62.607s][info][gc,ergo     ] GC(174) Pacer for Evacuation. Used CSet: 127M, Free: 807M, Non-Taxable: 82688K, Alloc Tax Rate: 1.1x
[62.607s][info][gc          ] GC(174) Pause Final Mark (unload classes) 0.208ms
[62.607s][info][gc,start    ] GC(174) Concurrent thread roots
[62.607s][info][gc,task     ] GC(174) Using 1 of 3 workers for Concurrent thread roots
[62.607s][info][gc          ] GC(174) Concurrent thread roots 0.615ms
[62.607s][info][gc,start    ] GC(174) Concurrent weak references
[62.607s][info][gc,task     ] GC(174) Using 1 of 3 workers for concurrent weak references
[62.608s][info][gc,ref      ] GC(174) Encountered references: Soft: 132, Weak: 434, Final: 9, Phantom: 21
[62.608s][info][gc,ref      ] GC(174) Discovered  references: Soft: 0, Weak: 234, Final: 7, Phantom: 14
[62.608s][info][gc,ref      ] GC(174) Enqueued    references: Soft: 0, Weak: 0, Final: 0, Phantom: 0
[62.608s][info][gc          ] GC(174) Concurrent weak references 0.087ms
[62.608s][info][gc,start    ] GC(174) Concurrent weak roots
[62.608s][info][gc,task     ] GC(174) Using 1 of 3 workers for concurrent weak root
[62.622s][info][gc          ] GC(174) Concurrent weak roots 14.821ms
[62.622s][info][gc,start    ] GC(174) Concurrent cleanup
[62.623s][info][gc          ] GC(174) Concurrent cleanup 861M->188M(1024M) 0.101ms
[62.623s][info][gc,ergo     ] GC(174) Free: 784M, Max: 512K regular, 336M humongous, Frag: 58% external, 0% internal; Reserve: 51357K, Max: 512K
[62.623s][info][gc,start    ] GC(174) Concurrent class unloading
[62.623s][info][gc,task     ] GC(174) Using 1 of 3 workers for concurrent class unloading
[62.625s][info][gc          ] GC(174) Concurrent class unloading 2.356ms
[62.625s][info][gc,start    ] GC(174) Concurrent strong roots
[62.625s][info][gc,task     ] GC(174) Using 1 of 3 workers for concurrent strong root
[62.625s][info][gc          ] GC(174) Concurrent strong roots 0.087ms
[62.625s][info][gc,start    ] GC(174) Concurrent evacuation
[62.625s][info][gc,task     ] GC(174) Using 1 of 3 workers for concurrent evacuation
[62.627s][info][gc          ] GC(174) Concurrent evacuation 1.587ms
[62.627s][info][gc,start    ] GC(174) Pause Init Update Refs
[62.627s][info][gc,ergo     ] GC(174) Pacer for Update Refs. Used: 195M, Free: 779M, Non-Taxable: 79770K, Alloc Tax Rate: 1.1x
[62.627s][info][gc          ] GC(174) Pause Init Update Refs 0.064ms
[62.631s][info][gc,start    ] GC(174) Concurrent update references
[62.631s][info][gc,task     ] GC(174) Using 1 of 3 workers for concurrent reference update
[62.637s][info][gc          ] GC(174) Concurrent update references 6.008ms
[62.637s][info][gc,start    ] GC(174) Concurrent update thread roots
[62.638s][info][gc          ] GC(174) Concurrent update thread roots 1.467ms
[62.638s][info][gc,start    ] GC(174) Pause Final Update Refs
[62.638s][info][gc,task     ] GC(174) Using 3 of 3 workers for final reference update
[62.638s][info][gc          ] GC(174) Pause Final Update Refs 0.109ms
[62.648s][info][gc,start    ] GC(174) Concurrent cleanup
[62.648s][info][gc          ] GC(174) Concurrent cleanup 225M->98M(1024M) 0.048ms
[62.648s][info][gc,ergo     ] Free: 872M, Max: 512K regular, 600M humongous, Frag: 32% external, 0% internal; Reserve: 52736K, Max: 512K
[62.648s][info][gc,stats    ] 
[62.648s][info][gc,stats    ] All times are wall-clock times, except per-root-class counters, that are sum over
[62.648s][info][gc,stats    ] all workers. Dividing the <total> over the root stage time estimates parallelism.
[62.648s][info][gc,stats    ] 
[62.648s][info][gc,stats    ] Concurrent Reset                    542 us
[62.648s][info][gc,stats    ] Pause Init Mark (G)                4055 us
[62.648s][info][gc,stats    ] Pause Init Mark (N)                 145 us
[62.648s][info][gc,stats    ]   Update Region States               44 us
[62.648s][info][gc,stats    ] Concurrent Mark Roots               593 us, parallelism: 0.88x
[62.648s][info][gc,stats    ]   CMR: <total>                      520 us
[62.648s][info][gc,stats    ]   CMR: Thread Roots                 469 us, workers (us): 469, ---, ---, 
[62.648s][info][gc,stats    ]   CMR: VM Strong Roots                6 us, workers (us):   6, ---, ---, 
[62.648s][info][gc,stats    ]   CMR: CLDG Roots                    45 us, workers (us):  45, ---, ---, 
[62.648s][info][gc,stats    ] Concurrent Marking                10561 us
[62.648s][info][gc,stats    ] Pause Final Mark (G)                352 us
[62.648s][info][gc,stats    ] Pause Final Mark (N)                221 us
[62.648s][info][gc,stats    ]   Finish Mark                        30 us
[62.648s][info][gc,stats    ]   Update Region States               35 us
[62.648s][info][gc,stats    ]   Choose Collection Set              68 us
[62.648s][info][gc,stats    ]   Rebuild Free Set                    9 us
[62.648s][info][gc,stats    ] Concurrent Thread Roots             635 us, parallelism: 0.89x
[62.648s][info][gc,stats    ]   CTR: <total>                      566 us
[62.648s][info][gc,stats    ]   CTR: Thread Roots                 566 us, workers (us): 566, ---, ---, 
[62.648s][info][gc,stats    ] Concurrent Weak References           95 us, parallelism: 0.29x
[62.648s][info][gc,stats    ]   CWRF: <total>                      27 us
[62.648s][info][gc,stats    ]   CWRF: Weak References              27 us, workers (us):  27, ---, ---, 
[62.648s][info][gc,stats    ] Concurrent Weak Roots             14868 us
[62.648s][info][gc,stats    ]   Roots                             532 us, parallelism: 0.95x
[62.648s][info][gc,stats    ]     CWR: <total>                    508 us
[62.649s][info][gc,stats    ]     CWR: Code Cache Roots           396 us, workers (us): 396, ---, ---, 
[62.649s][info][gc,stats    ]     CWR: VM Weak Roots              109 us, workers (us): 109, ---, ---, 
[62.649s][info][gc,stats    ]     CWR: CLDG Roots                   3 us, workers (us):   3, ---, ---, 
[62.649s][info][gc,stats    ]   Rendezvous                      14269 us
[62.649s][info][gc,stats    ] Concurrent Cleanup                  111 us
[62.649s][info][gc,stats    ] Concurrent Class Unloading         2392 us
[62.649s][info][gc,stats    ]   Unlink Stale                     1889 us
[62.649s][info][gc,stats    ]     System Dictionary                 5 us
[62.649s][info][gc,stats    ]     Weak Class Links                  0 us
[62.649s][info][gc,stats    ]     Code Roots                     1883 us
[62.649s][info][gc,stats    ]   Rendezvous                        378 us
[62.649s][info][gc,stats    ]   Purge Unlinked                     68 us
[62.649s][info][gc,stats    ]     Code Roots                       64 us
[62.649s][info][gc,stats    ]     CLDG                              4 us
[62.649s][info][gc,stats    ]     Exception Caches                  0 us
[62.649s][info][gc,stats    ] Concurrent Strong Roots              96 us, parallelism: 0.56x
[62.649s][info][gc,stats    ]   CSR: <total>                       54 us
[62.649s][info][gc,stats    ]   CSR: VM Strong Roots                5 us, workers (us):   5, ---, ---, 
[62.649s][info][gc,stats    ]   CSR: CLDG Roots                    48 us, workers (us):  48, ---, ---, 
[62.649s][info][gc,stats    ] Concurrent Evacuation              1626 us
[62.649s][info][gc,stats    ] Pause Init Update Refs (G)         3966 us
[62.649s][info][gc,stats    ] Pause Init Update Refs (N)           73 us
[62.649s][info][gc,stats    ]   Manage GCLABs                       3 us
[62.649s][info][gc,stats    ] Concurrent Update Refs             6054 us
[62.649s][info][gc,stats    ] Concurrent Update Thread Roots     1485 us
[62.649s][info][gc,stats    ] Pause Final Update Refs (G)        9992 us
[62.649s][info][gc,stats    ] Pause Final Update Refs (N)         130 us
[62.649s][info][gc,stats    ]   Update Region States               48 us
[62.649s][info][gc,stats    ]   Trash Collection Set                8 us
[62.649s][info][gc,stats    ]   Rebuild Free Set                   16 us
[62.649s][info][gc,stats    ] Concurrent Cleanup                   58 us
[62.649s][info][gc,stats    ] Pacing                            35832 us
[62.649s][info][gc,stats    ] 
[62.649s][info][gc,stats    ] Allocation pacing accrued:
[62.649s][info][gc,stats    ]       6 of   405 ms (  1.5%): Thread-78
[62.649s][info][gc,stats    ]       6 of   405 ms (  1.4%): Thread-79
[62.649s][info][gc,stats    ]       6 of   405 ms (  1.6%): Thread-80
[62.649s][info][gc,stats    ]       6 of   405 ms (  1.6%): Thread-81
[62.649s][info][gc,stats    ]       6 of   405 ms (  1.4%): Thread-82
[62.649s][info][gc,stats    ]       6 of   405 ms (  1.4%): Thread-83
[62.649s][info][gc,stats    ]      36 of   405 ms (  8.9%): <total>
[62.649s][info][gc,stats    ]       2 of   405 ms (  0.5%): <average total>
[62.649s][info][gc,stats    ]       6 of   405 ms (  1.5%): <average non-zero>
[62.649s][info][gc,stats    ] 
[62.649s][info][gc,metaspace] Metaspace: 6366K(6528K)->6366K(6528K) NonClass: 5759K(5824K)->5759K(5824K) Class: 606K(704K)->606K(704K)
[62.649s][info][gc,ergo     ] Pacer for Idle. Initial: 20971K, Alloc Tax Rate: 1.0x
[63.017s][info][gc          ] Trigger: Average GC time (69.64 ms) is above the time for average allocation rate (1924 MB/s) to deplete free headroom (101M) (margin of error = 1.74)
[63.017s][info][gc,ergo     ] Free headroom: 152M (free) - 52428K (spike) - 0B (penalties) = 101M
[63.017s][info][gc,ergo     ] Free: 152M, Max: 512K regular, 111M humongous, Frag: 27% external, 0% internal; Reserve: 52736K, Max: 512K
[63.017s][info][gc,start    ] GC(175) Concurrent reset
[63.017s][info][gc,task     ] GC(175) Using 1 of 3 workers for concurrent reset
[63.017s][info][gc,ergo     ] GC(175) Pacer for Reset. Non-Taxable: 1024M
[63.017s][info][gc          ] GC(175) Concurrent reset 0.584ms
[63.018s][info][gc,start    ] GC(175) Pause Init Mark (unload classes)
[63.018s][info][gc,task     ] GC(175) Using 3 of 3 workers for init marking
[63.018s][info][gc,ergo     ] GC(175) Pacer for Mark. Expected Live: 14196K, Free: 151M, Non-Taxable: 15529K, Alloc Tax Rate: 0.1x
[63.018s][info][gc          ] GC(175) Pause Init Mark (unload classes) 0.136ms
[63.022s][info][gc,start    ] GC(175) Concurrent marking roots
[63.022s][info][gc,task     ] GC(175) Using 1 of 3 workers for concurrent marking roots
[63.022s][info][gc          ] GC(175) Concurrent marking roots 0.585ms
[63.022s][info][gc,start    ] GC(175) Concurrent marking (unload classes)
[63.022s][info][gc,task     ] GC(175) Using 1 of 3 workers for concurrent marking
[63.030s][info][gc          ] GC(175) Concurrent marking (unload classes) 7.357ms
[63.030s][info][gc,start    ] GC(175) Pause Final Mark (unload classes)
[63.030s][info][gc,task     ] GC(175) Using 3 of 3 workers for final marking
[63.030s][info][gc,ergo     ] GC(175) Adaptive CSet Selection. Target Free: 145M, Actual Free: 867M, Max CSet: 43690K, Min Garbage: 0B
[63.030s][info][gc,ergo     ] GC(175) Collectable Garbage: 805M (99%), Immediate: 679M (84%), CSet: 125M (15%)
[63.030s][info][gc,ergo     ] GC(175) Pacer for Evacuation. Used CSet: 128M, Free: 816M, Non-Taxable: 83558K, Alloc Tax Rate: 1.1x
[63.030s][info][gc          ] GC(175) Pause Final Mark (unload classes) 0.398ms
[63.030s][info][gc,start    ] GC(175) Concurrent thread roots
[63.030s][info][gc,task     ] GC(175) Using 1 of 3 workers for Concurrent thread roots
[63.031s][info][gc          ] GC(175) Concurrent thread roots 0.584ms
[63.031s][info][gc,start    ] GC(175) Concurrent weak references
[63.031s][info][gc,task     ] GC(175) Using 1 of 3 workers for concurrent weak references
[63.031s][info][gc,ref      ] GC(175) Encountered references: Soft: 132, Weak: 434, Final: 9, Phantom: 21
[63.031s][info][gc,ref      ] GC(175) Discovered  references: Soft: 0, Weak: 234, Final: 7, Phantom: 14
[63.031s][info][gc,ref      ] GC(175) Enqueued    references: Soft: 0, Weak: 0, Final: 0, Phantom: 0
[63.031s][info][gc          ] GC(175) Concurrent weak references 0.082ms
[63.031s][info][gc,start    ] GC(175) Concurrent weak roots
[63.031s][info][gc,task     ] GC(175) Using 1 of 3 workers for concurrent weak root
[63.031s][info][gc          ] GC(175) Concurrent weak roots 0.709ms
[63.032s][info][gc,start    ] GC(175) Concurrent cleanup
[63.032s][info][gc          ] GC(175) Concurrent cleanup 835M->155M(1024M) 0.097ms
[63.032s][info][gc,ergo     ] GC(175) Free: 816M, Max: 512K regular, 221M humongous, Frag: 73% external, 0% internal; Reserve: 52336K, Max: 512K
[63.032s][info][gc,start    ] GC(175) Concurrent class unloading
[63.032s][info][gc,task     ] GC(175) Using 1 of 3 workers for concurrent class unloading
[63.045s][info][gc          ] GC(175) Concurrent class unloading 13.231ms
[63.045s][info][gc,start    ] GC(175) Concurrent strong roots
[63.045s][info][gc,task     ] GC(175) Using 1 of 3 workers for concurrent strong root
[63.045s][info][gc          ] GC(175) Concurrent strong roots 0.092ms
[63.045s][info][gc,start    ] GC(175) Concurrent evacuation
[63.045s][info][gc,task     ] GC(175) Using 1 of 3 workers for concurrent evacuation
[63.047s][info][gc          ] GC(175) Concurrent evacuation 1.959ms
[63.047s][info][gc,start    ] GC(175) Pause Init Update Refs
[63.047s][info][gc,ergo     ] GC(175) Pacer for Update Refs. Used: 182M, Free: 792M, Non-Taxable: 81152K, Alloc Tax Rate: 1.1x
[63.047s][info][gc          ] GC(175) Pause Init Update Refs 0.045ms
[63.049s][info][gc,start    ] GC(175) Concurrent update references
[63.049s][info][gc,task     ] GC(175) Using 1 of 3 workers for concurrent reference update
[63.054s][info][gc          ] GC(175) Concurrent update references 4.947ms
[63.054s][info][gc,start    ] GC(175) Concurrent update thread roots
[63.054s][info][gc          ] GC(175) Concurrent update thread roots 0.618ms
[63.054s][info][gc,start    ] GC(175) Pause Final Update Refs
[63.054s][info][gc,task     ] GC(175) Using 3 of 3 workers for final reference update
[63.054s][info][gc          ] GC(175) Pause Final Update Refs 0.113ms
[63.060s][info][gc,start    ] GC(175) Concurrent cleanup
[63.060s][info][gc          ] GC(175) Concurrent cleanup 204M->76M(1024M) 0.037ms
[63.060s][info][gc,ergo     ] Free: 895M, Max: 512K regular, 599M humongous, Frag: 34% external, 0% internal; Reserve: 52736K, Max: 512K
[63.060s][info][gc,stats    ] 
[63.060s][info][gc,stats    ] All times are wall-clock times, except per-root-class counters, that are sum over
[63.060s][info][gc,stats    ] all workers. Dividing the <total> over the root stage time estimates parallelism.
[63.060s][info][gc,stats    ] 
[63.060s][info][gc,stats    ] Concurrent Reset                    615 us
[63.060s][info][gc,stats    ] Pause Init Mark (G)                4084 us
[63.060s][info][gc,stats    ] Pause Init Mark (N)                 146 us
[63.060s][info][gc,stats    ]   Update Region States               43 us
[63.060s][info][gc,stats    ] Concurrent Mark Roots               595 us, parallelism: 0.87x
[63.060s][info][gc,stats    ]   CMR: <total>                      518 us
[63.060s][info][gc,stats    ]   CMR: Thread Roots                 468 us, workers (us): 468, ---, ---, 
[63.060s][info][gc,stats    ]   CMR: VM Strong Roots                6 us, workers (us):   6, ---, ---, 
[63.060s][info][gc,stats    ]   CMR: CLDG Roots                    45 us, workers (us):  45, ---, ---, 
[63.060s][info][gc,stats    ] Concurrent Marking                 7415 us
[63.060s][info][gc,stats    ] Pause Final Mark (G)                475 us
[63.060s][info][gc,stats    ] Pause Final Mark (N)                419 us
[63.060s][info][gc,stats    ]   Finish Mark                        61 us
[63.060s][info][gc,stats    ]   Update Region States               53 us
[63.060s][info][gc,stats    ]   Choose Collection Set             162 us
[63.060s][info][gc,stats    ]   Rebuild Free Set                   22 us
[63.060s][info][gc,stats    ] Concurrent Thread Roots             593 us, parallelism: 0.87x
[63.060s][info][gc,stats    ]   CTR: <total>                      518 us
[63.060s][info][gc,stats    ]   CTR: Thread Roots                 518 us, workers (us): 518, ---, ---, 
[63.061s][info][gc,stats    ] Concurrent Weak References           90 us, parallelism: 0.23x
[63.061s][info][gc,stats    ]   CWRF: <total>                      21 us
[63.061s][info][gc,stats    ]   CWRF: Weak References              21 us, workers (us):  21, ---, ---, 
[63.061s][info][gc,stats    ] Concurrent Weak Roots               720 us
[63.061s][info][gc,stats    ]   Roots                             664 us, parallelism: 0.96x
[63.061s][info][gc,stats    ]     CWR: <total>                    636 us
[63.061s][info][gc,stats    ]     CWR: Code Cache Roots           420 us, workers (us): 420, ---, ---, 
[63.061s][info][gc,stats    ]     CWR: VM Weak Roots              213 us, workers (us): 213, ---, ---, 
[63.061s][info][gc,stats    ]     CWR: CLDG Roots                   3 us, workers (us):   3, ---, ---, 
[63.061s][info][gc,stats    ]   Rendezvous                         30 us
[63.061s][info][gc,stats    ] Concurrent Cleanup                  110 us
[63.061s][info][gc,stats    ] Concurrent Class Unloading        13284 us
[63.061s][info][gc,stats    ]   Unlink Stale                     1642 us
[63.061s][info][gc,stats    ]     System Dictionary                 2 us
[63.061s][info][gc,stats    ]     Weak Class Links                  0 us
[63.061s][info][gc,stats    ]     Code Roots                     1640 us
[63.061s][info][gc,stats    ]   Rendezvous                      11424 us
[63.061s][info][gc,stats    ]   Purge Unlinked                    142 us
[63.061s][info][gc,stats    ]     Code Roots                      136 us
[63.061s][info][gc,stats    ]     CLDG                              6 us
[63.061s][info][gc,stats    ]     Exception Caches                  1 us
[63.061s][info][gc,stats    ] Concurrent Strong Roots             100 us, parallelism: 0.54x
[63.061s][info][gc,stats    ]   CSR: <total>                       54 us
[63.061s][info][gc,stats    ]   CSR: VM Strong Roots                6 us, workers (us):   6, ---, ---, 
[63.061s][info][gc,stats    ]   CSR: CLDG Roots                    49 us, workers (us):  49, ---, ---, 
[63.061s][info][gc,stats    ] Concurrent Evacuation              1999 us
[63.061s][info][gc,stats    ] Pause Init Update Refs (G)         1629 us
[63.061s][info][gc,stats    ] Pause Init Update Refs (N)           54 us
[63.061s][info][gc,stats    ]   Manage GCLABs                       3 us
[63.061s][info][gc,stats    ] Concurrent Update Refs             4996 us
[63.061s][info][gc,stats    ] Concurrent Update Thread Roots      634 us
[63.061s][info][gc,stats    ] Pause Final Update Refs (G)        5975 us
[63.061s][info][gc,stats    ] Pause Final Update Refs (N)         125 us
[63.061s][info][gc,stats    ]   Update Region States               42 us
[63.061s][info][gc,stats    ]   Trash Collection Set                8 us
[63.061s][info][gc,stats    ]   Rebuild Free Set                   16 us
[63.061s][info][gc,stats    ] Concurrent Cleanup                   46 us
[63.061s][info][gc,stats    ] Pacing                            40212 us
[63.061s][info][gc,stats    ] 
[63.061s][info][gc,stats    ] Allocation pacing accrued:
[63.061s][info][gc,stats    ]       6 of   412 ms (  1.5%): Thread-78
[63.061s][info][gc,stats    ]       7 of   412 ms (  1.7%): Thread-79
[63.061s][info][gc,stats    ]       7 of   412 ms (  1.6%): Thread-80
[63.061s][info][gc,stats    ]       7 of   412 ms (  1.6%): Thread-81
[63.061s][info][gc,stats    ]       6 of   412 ms (  1.6%): Thread-82
[63.061s][info][gc,stats    ]       7 of   412 ms (  1.7%): Thread-83
[63.061s][info][gc,stats    ]      40 of   412 ms (  9.8%): <total>
[63.061s][info][gc,stats    ]       2 of   412 ms (  0.5%): <average total>
[63.061s][info][gc,stats    ]       7 of   412 ms (  1.6%): <average non-zero>
[63.061s][info][gc,stats    ] 
[63.061s][info][gc,metaspace] Metaspace: 6366K(6528K)->6366K(6528K) NonClass: 5759K(5824K)->5759K(5824K) Class: 606K(704K)->606K(704K)
[63.061s][info][gc,ergo     ] Pacer for Idle. Initial: 20971K, Alloc Tax Rate: 1.0x
[63.491s][info][gc          ] Trigger: Average GC time (61.57 ms) is above the time for average allocation rate (1775 MB/s) to deplete free headroom (106M) (margin of error = 1.74)
[63.491s][info][gc,ergo     ] Free headroom: 158M (free) - 52428K (spike) - 0B (penalties) = 106M
[63.491s][info][gc,ergo     ] Free: 157M, Max: 512K regular, 151M humongous, Frag: 4% external, 0% internal; Reserve: 52736K, Max: 512K
[63.491s][info][gc,start    ] GC(176) Concurrent reset
[63.491s][info][gc,task     ] GC(176) Using 1 of 3 workers for concurrent reset
[63.491s][info][gc,ergo     ] GC(176) Pacer for Reset. Non-Taxable: 1024M
[63.492s][info][gc          ] GC(176) Concurrent reset 0.600ms
[63.492s][info][gc,start    ] GC(176) Pause Init Mark (unload classes)
[63.492s][info][gc,task     ] GC(176) Using 3 of 3 workers for init marking
[63.492s][info][gc,ergo     ] GC(176) Pacer for Mark. Expected Live: 14265K, Free: 156M, Non-Taxable: 15974K, Alloc Tax Rate: 0.1x
[63.492s][info][gc          ] GC(176) Pause Init Mark (unload classes) 0.141ms
[63.498s][info][gc,start    ] GC(176) Concurrent marking roots
[63.498s][info][gc,task     ] GC(176) Using 1 of 3 workers for concurrent marking roots
[63.498s][info][gc          ] GC(176) Concurrent marking roots 0.566ms
[63.498s][info][gc,start    ] GC(176) Concurrent marking (unload classes)
[63.498s][info][gc,task     ] GC(176) Using 1 of 3 workers for concurrent marking
[63.505s][info][gc          ] GC(176) Concurrent marking (unload classes) 6.936ms
[63.505s][info][gc,start    ] GC(176) Pause Final Mark (unload classes)
[63.505s][info][gc,task     ] GC(176) Using 3 of 3 workers for final marking
[63.506s][info][gc,ergo     ] GC(176) Adaptive CSet Selection. Target Free: 145M, Actual Free: 876M, Max CSet: 43690K, Min Garbage: 0B
[63.506s][info][gc,ergo     ] GC(176) Collectable Garbage: 801M (99%), Immediate: 684M (85%), CSet: 116M (14%)
[63.506s][info][gc,ergo     ] GC(176) Pacer for Evacuation. Used CSet: 119M, Free: 825M, Non-Taxable: 84480K, Alloc Tax Rate: 1.1x
[63.506s][info][gc          ] GC(176) Pause Final Mark (unload classes) 0.390ms
[63.506s][info][gc,start    ] GC(176) Concurrent thread roots
[63.506s][info][gc,task     ] GC(176) Using 1 of 3 workers for Concurrent thread roots
[63.507s][info][gc          ] GC(176) Concurrent thread roots 1.130ms
[63.507s][info][gc,start    ] GC(176) Concurrent weak references
[63.507s][info][gc,task     ] GC(176) Using 1 of 3 workers for concurrent weak references
[63.507s][info][gc,ref      ] GC(176) Encountered references: Soft: 132, Weak: 434, Final: 9, Phantom: 21
[63.507s][info][gc,ref      ] GC(176) Discovered  references: Soft: 0, Weak: 234, Final: 7, Phantom: 14
[63.507s][info][gc,ref      ] GC(176) Enqueued    references: Soft: 0, Weak: 0, Final: 0, Phantom: 0
[63.507s][info][gc          ] GC(176) Concurrent weak references 0.073ms
[63.507s][info][gc,start    ] GC(176) Concurrent weak roots
[63.507s][info][gc,task     ] GC(176) Using 1 of 3 workers for concurrent weak root
[63.509s][info][gc          ] GC(176) Concurrent weak roots 1.664ms
[63.509s][info][gc,start    ] GC(176) Concurrent cleanup
[63.509s][info][gc          ] GC(176) Concurrent cleanup 835M->151M(1024M) 0.098ms
[63.509s][info][gc,ergo     ] GC(176) Free: 820M, Max: 512K regular, 423M humongous, Frag: 49% external, 0% internal; Reserve: 52245K, Max: 512K
[63.509s][info][gc,start    ] GC(176) Concurrent class unloading
[63.509s][info][gc,task     ] GC(176) Using 1 of 3 workers for concurrent class unloading
[63.523s][info][gc          ] GC(176) Concurrent class unloading 13.834ms
[63.523s][info][gc,start    ] GC(176) Concurrent strong roots
[63.523s][info][gc,task     ] GC(176) Using 1 of 3 workers for concurrent strong root
[63.523s][info][gc          ] GC(176) Concurrent strong roots 0.081ms
[63.523s][info][gc,start    ] GC(176) Concurrent evacuation
[63.523s][info][gc,task     ] GC(176) Using 1 of 3 workers for concurrent evacuation
[63.525s][info][gc          ] GC(176) Concurrent evacuation 1.773ms
[63.525s][info][gc,start    ] GC(176) Pause Init Update Refs
[63.525s][info][gc,ergo     ] GC(176) Pacer for Update Refs. Used: 180M, Free: 793M, Non-Taxable: 81203K, Alloc Tax Rate: 1.1x
[63.525s][info][gc          ] GC(176) Pause Init Update Refs 0.042ms
[63.538s][info][gc,start    ] GC(176) Concurrent update references
[63.539s][info][gc,task     ] GC(176) Using 1 of 3 workers for concurrent reference update
[63.543s][info][gc          ] GC(176) Concurrent update references 4.846ms
[63.543s][info][gc,start    ] GC(176) Concurrent update thread roots
[63.544s][info][gc          ] GC(176) Concurrent update thread roots 0.584ms
[63.544s][info][gc,start    ] GC(176) Pause Final Update Refs
[63.544s][info][gc,task     ] GC(176) Using 3 of 3 workers for final reference update
[63.544s][info][gc          ] GC(176) Pause Final Update Refs 0.119ms
[63.546s][info][gc,start    ] GC(176) Concurrent cleanup
[63.546s][info][gc          ] GC(176) Concurrent cleanup 212M->93M(1024M) 0.034ms
[63.546s][info][gc,ergo     ] Free: 877M, Max: 512K regular, 628M humongous, Frag: 29% external, 0% internal; Reserve: 52736K, Max: 512K
[63.546s][info][gc,stats    ] 
[63.546s][info][gc,stats    ] All times are wall-clock times, except per-root-class counters, that are sum over
[63.546s][info][gc,stats    ] all workers. Dividing the <total> over the root stage time estimates parallelism.
[63.546s][info][gc,stats    ] 
[63.546s][info][gc,stats    ] Concurrent Reset                    631 us
[63.546s][info][gc,stats    ] Pause Init Mark (G)                6051 us
[63.546s][info][gc,stats    ] Pause Init Mark (N)                 150 us
[63.546s][info][gc,stats    ]   Update Region States               51 us
[63.546s][info][gc,stats    ] Concurrent Mark Roots               578 us, parallelism: 0.84x
[63.546s][info][gc,stats    ]   CMR: <total>                      488 us
[63.546s][info][gc,stats    ]   CMR: Thread Roots                 442 us, workers (us): 442, ---, ---, 
[63.546s][info][gc,stats    ]   CMR: VM Strong Roots                5 us, workers (us):   5, ---, ---, 
[63.546s][info][gc,stats    ]   CMR: CLDG Roots                    41 us, workers (us):  41, ---, ---, 
[63.546s][info][gc,stats    ] Concurrent Marking                 7003 us
[63.546s][info][gc,stats    ] Pause Final Mark (G)                464 us
[63.546s][info][gc,stats    ] Pause Final Mark (N)                411 us
[63.546s][info][gc,stats    ]   Finish Mark                        63 us
[63.546s][info][gc,stats    ]   Update Region States               53 us
[63.546s][info][gc,stats    ]   Choose Collection Set             156 us
[63.546s][info][gc,stats    ]   Rebuild Free Set                   23 us
[63.546s][info][gc,stats    ] Concurrent Thread Roots            1149 us, parallelism: 0.92x
[63.546s][info][gc,stats    ]   CTR: <total>                     1061 us
[63.546s][info][gc,stats    ]   CTR: Thread Roots                1061 us, workers (us): 1061, ---, ---, 
[63.546s][info][gc,stats    ] Concurrent Weak References           80 us, parallelism: 0.25x
[63.546s][info][gc,stats    ]   CWRF: <total>                      20 us
[63.546s][info][gc,stats    ]   CWRF: Weak References              20 us, workers (us):  20, ---, ---, 
[63.546s][info][gc,stats    ] Concurrent Weak Roots              1688 us
[63.546s][info][gc,stats    ]   Roots                             599 us, parallelism: 0.97x
[63.546s][info][gc,stats    ]     CWR: <total>                    579 us
[63.546s][info][gc,stats    ]     CWR: Code Cache Roots           374 us, workers (us): 374, ---, ---, 
[63.546s][info][gc,stats    ]     CWR: VM Weak Roots              203 us, workers (us): 203, ---, ---, 
[63.546s][info][gc,stats    ]     CWR: CLDG Roots                   3 us, workers (us):   3, ---, ---, 
[63.546s][info][gc,stats    ]   Rendezvous                       1049 us
[63.546s][info][gc,stats    ] Concurrent Cleanup                  106 us
[63.546s][info][gc,stats    ] Concurrent Class Unloading        13868 us
[63.546s][info][gc,stats    ]   Unlink Stale                     1719 us
[63.546s][info][gc,stats    ]     System Dictionary                 3 us
[63.546s][info][gc,stats    ]     Weak Class Links                  0 us
[63.546s][info][gc,stats    ]     Code Roots                     1714 us
[63.546s][info][gc,stats    ]   Rendezvous                      11999 us
[63.546s][info][gc,stats    ]   Purge Unlinked                     99 us
[63.546s][info][gc,stats    ]     Code Roots                       94 us
[63.546s][info][gc,stats    ]     CLDG                              4 us
[63.546s][info][gc,stats    ]     Exception Caches                  0 us
[63.546s][info][gc,stats    ] Concurrent Strong Roots              90 us, parallelism: 0.56x
[63.546s][info][gc,stats    ]   CSR: <total>                       51 us
[63.546s][info][gc,stats    ]   CSR: VM Strong Roots                4 us, workers (us):   4, ---, ---, 
[63.546s][info][gc,stats    ]   CSR: CLDG Roots                    47 us, workers (us):  47, ---, ---, 
[63.546s][info][gc,stats    ] Concurrent Evacuation              1819 us
[63.546s][info][gc,stats    ] Pause Init Update Refs (G)        13794 us
[63.546s][info][gc,stats    ] Pause Init Update Refs (N)           63 us
[63.546s][info][gc,stats    ]   Manage GCLABs                       4 us
[63.546s][info][gc,stats    ] Concurrent Update Refs             4909 us
[63.546s][info][gc,stats    ] Concurrent Update Thread Roots      605 us
[63.546s][info][gc,stats    ] Pause Final Update Refs (G)        1955 us
[63.546s][info][gc,stats    ] Pause Final Update Refs (N)         141 us
[63.546s][info][gc,stats    ]   Update Region States               43 us
[63.546s][info][gc,stats    ]   Trash Collection Set                7 us
[63.546s][info][gc,stats    ]   Rebuild Free Set                   16 us
[63.546s][info][gc,stats    ] Concurrent Cleanup                   43 us
[63.546s][info][gc,stats    ] Pacing                            30070 us
[63.546s][info][gc,stats    ] 
[63.546s][info][gc,stats    ] Allocation pacing accrued:
[63.546s][info][gc,stats    ]       5 of   486 ms (  0.9%): Thread-78
[63.546s][info][gc,stats    ]       6 of   486 ms (  1.2%): Thread-79
[63.546s][info][gc,stats    ]       5 of   486 ms (  1.0%): Thread-80
[63.547s][info][gc,stats    ]       6 of   486 ms (  1.2%): Thread-81
[63.547s][info][gc,stats    ]       5 of   486 ms (  1.0%): Thread-82
[63.547s][info][gc,stats    ]       4 of   486 ms (  0.9%): Thread-83
[63.547s][info][gc,stats    ]      30 of   486 ms (  6.2%): <total>
[63.547s][info][gc,stats    ]       2 of   486 ms (  0.3%): <average total>
[63.547s][info][gc,stats    ]       5 of   486 ms (  1.0%): <average non-zero>
[63.547s][info][gc,stats    ] 
[63.547s][info][gc,metaspace] Metaspace: 6366K(6528K)->6366K(6528K) NonClass: 5759K(5824K)->5759K(5824K) Class: 606K(704K)->606K(704K)
[63.547s][info][gc,ergo     ] Pacer for Idle. Initial: 20971K, Alloc Tax Rate: 1.0x
[63.871s][info][gc          ] Trigger: Average GC time (63.84 ms) is above the time for average allocation rate (2081 MB/s) to deplete free headroom (120M) (margin of error = 1.74)
[63.871s][info][gc,ergo     ] Free headroom: 172M (free) - 52428K (spike) - 0B (penalties) = 120M
[63.871s][info][gc,ergo     ] Free: 172M, Max: 512K regular, 137M humongous, Frag: 21% external, 0% internal; Reserve: 52736K, Max: 512K
[63.871s][info][gc,start    ] GC(177) Concurrent reset
[63.871s][info][gc,task     ] GC(177) Using 1 of 3 workers for concurrent reset
[63.871s][info][gc,ergo     ] GC(177) Pacer for Reset. Non-Taxable: 1024M
[63.871s][info][gc          ] GC(177) Concurrent reset 0.539ms
[63.871s][info][gc,start    ] GC(177) Pause Init Mark (unload classes)
[63.871s][info][gc,task     ] GC(177) Using 3 of 3 workers for init marking
[63.871s][info][gc,ergo     ] GC(177) Pacer for Mark. Expected Live: 14287K, Free: 171M, Non-Taxable: 17510K, Alloc Tax Rate: 0.1x
[63.871s][info][gc          ] GC(177) Pause Init Mark (unload classes) 0.121ms
[63.877s][info][gc,start    ] GC(177) Concurrent marking roots
[63.877s][info][gc,task     ] GC(177) Using 1 of 3 workers for concurrent marking roots
[63.878s][info][gc          ] GC(177) Concurrent marking roots 0.581ms
[63.878s][info][gc,start    ] GC(177) Concurrent marking (unload classes)
[63.878s][info][gc,task     ] GC(177) Using 1 of 3 workers for concurrent marking
[63.884s][info][gc          ] GC(177) Concurrent marking (unload classes) 6.615ms
[63.885s][info][gc,start    ] GC(177) Pause Final Mark (unload classes)
[63.885s][info][gc,task     ] GC(177) Using 3 of 3 workers for final marking
[63.885s][info][gc,ergo     ] GC(177) Adaptive CSet Selection. Target Free: 145M, Actual Free: 914M, Max CSet: 43690K, Min Garbage: 0B
[63.885s][info][gc,ergo     ] GC(177) Collectable Garbage: 786M (99%), Immediate: 708M (90%), CSet: 79452K (9%)
[63.885s][info][gc,ergo     ] GC(177) Pacer for Evacuation. Used CSet: 81920K, Free: 862M, Non-Taxable: 88320K, Alloc Tax Rate: 1.1x
[63.885s][info][gc          ] GC(177) Pause Final Mark (unload classes) 0.382ms
[63.885s][info][gc,start    ] GC(177) Concurrent thread roots
[63.885s][info][gc,task     ] GC(177) Using 1 of 3 workers for Concurrent thread roots
[63.886s][info][gc          ] GC(177) Concurrent thread roots 0.564ms
[63.886s][info][gc,start    ] GC(177) Concurrent weak references
[63.886s][info][gc,task     ] GC(177) Using 1 of 3 workers for concurrent weak references
[63.886s][info][gc,ref      ] GC(177) Encountered references: Soft: 132, Weak: 434, Final: 9, Phantom: 21
[63.886s][info][gc,ref      ] GC(177) Discovered  references: Soft: 0, Weak: 234, Final: 7, Phantom: 14
[63.886s][info][gc,ref      ] GC(177) Enqueued    references: Soft: 0, Weak: 0, Final: 0, Phantom: 0
[63.886s][info][gc          ] GC(177) Concurrent weak references 0.064ms
[63.886s][info][gc,start    ] GC(177) Concurrent weak roots
[63.886s][info][gc,task     ] GC(177) Using 1 of 3 workers for concurrent weak root
[63.886s][info][gc          ] GC(177) Concurrent weak roots 0.736ms
[63.886s][info][gc,start    ] GC(177) Concurrent cleanup
[63.887s][info][gc          ] GC(177) Concurrent cleanup 819M->111M(1024M) 0.106ms
[63.887s][info][gc,ergo     ] GC(177) Free: 859M, Max: 512K regular, 470M humongous, Frag: 46% external, 0% internal; Reserve: 52451K, Max: 512K
[63.887s][info][gc,start    ] GC(177) Concurrent class unloading
[63.887s][info][gc,task     ] GC(177) Using 1 of 3 workers for concurrent class unloading
[63.894s][info][gc          ] GC(177) Concurrent class unloading 7.663ms
[63.894s][info][gc,start    ] GC(177) Concurrent strong roots
[63.894s][info][gc,task     ] GC(177) Using 1 of 3 workers for concurrent strong root
[63.894s][info][gc          ] GC(177) Concurrent strong roots 0.088ms
[63.894s][info][gc,start    ] GC(177) Concurrent evacuation
[63.894s][info][gc,task     ] GC(177) Using 1 of 3 workers for concurrent evacuation
[63.896s][info][gc          ] GC(177) Concurrent evacuation 1.624ms
[63.896s][info][gc,start    ] GC(177) Pause Init Update Refs
[63.896s][info][gc,ergo     ] GC(177) Pacer for Update Refs. Used: 131M, Free: 842M, Non-Taxable: 86272K, Alloc Tax Rate: 1.1x
[63.896s][info][gc          ] GC(177) Pause Init Update Refs 0.043ms
[63.900s][info][gc,start    ] GC(177) Concurrent update references
[63.900s][info][gc,task     ] GC(177) Using 1 of 3 workers for concurrent reference update
[63.906s][info][gc          ] GC(177) Concurrent update references 5.652ms
[63.906s][info][gc,start    ] GC(177) Concurrent update thread roots
[63.906s][info][gc          ] GC(177) Concurrent update thread roots 0.597ms
[63.906s][info][gc,start    ] GC(177) Pause Final Update Refs
[63.906s][info][gc,task     ] GC(177) Using 3 of 3 workers for final reference update
[63.906s][info][gc          ] GC(177) Pause Final Update Refs 0.089ms
[63.910s][info][gc,start    ] GC(177) Concurrent cleanup
[63.910s][info][gc          ] GC(177) Concurrent cleanup 160M->80M(1024M) 0.034ms
[63.910s][info][gc,ergo     ] Free: 891M, Max: 512K regular, 608M humongous, Frag: 32% external, 0% internal; Reserve: 52736K, Max: 512K
[63.910s][info][gc,stats    ] 
[63.910s][info][gc,stats    ] All times are wall-clock times, except per-root-class counters, that are sum over
[63.910s][info][gc,stats    ] all workers. Dividing the <total> over the root stage time estimates parallelism.
[63.910s][info][gc,stats    ] 
[63.910s][info][gc,stats    ] Concurrent Reset                    568 us
[63.910s][info][gc,stats    ] Pause Init Mark (G)                6049 us
[63.910s][info][gc,stats    ] Pause Init Mark (N)                 130 us
[63.910s][info][gc,stats    ]   Update Region States               43 us
[63.910s][info][gc,stats    ] Concurrent Mark Roots               592 us, parallelism: 0.83x
[63.910s][info][gc,stats    ]   CMR: <total>                      490 us
[63.910s][info][gc,stats    ]   CMR: Thread Roots                 438 us, workers (us): 438, ---, ---, 
[63.910s][info][gc,stats    ]   CMR: VM Strong Roots                5 us, workers (us):   5, ---, ---, 
[63.910s][info][gc,stats    ]   CMR: CLDG Roots                    46 us, workers (us):  46, ---, ---, 
[63.910s][info][gc,stats    ] Concurrent Marking                 6684 us
[63.910s][info][gc,stats    ] Pause Final Mark (G)                454 us
[63.910s][info][gc,stats    ] Pause Final Mark (N)                402 us
[63.910s][info][gc,stats    ]   Finish Mark                        62 us
[63.910s][info][gc,stats    ]   Update Region States               55 us
[63.911s][info][gc,stats    ]   Choose Collection Set             137 us
[63.911s][info][gc,stats    ]   Rebuild Free Set                   22 us
[63.911s][info][gc,stats    ] Concurrent Thread Roots             574 us, parallelism: 0.90x
[63.911s][info][gc,stats    ]   CTR: <total>                      519 us
[63.911s][info][gc,stats    ]   CTR: Thread Roots                 519 us, workers (us): 519, ---, ---, 
[63.911s][info][gc,stats    ] Concurrent Weak References           72 us, parallelism: 0.13x
[63.911s][info][gc,stats    ]   CWRF: <total>                       9 us
[63.911s][info][gc,stats    ]   CWRF: Weak References               9 us, workers (us):   9, ---, ---, 
[63.911s][info][gc,stats    ] Concurrent Weak Roots               758 us
[63.911s][info][gc,stats    ]   Roots                             655 us, parallelism: 0.96x
[63.911s][info][gc,stats    ]     CWR: <total>                    626 us
[63.911s][info][gc,stats    ]     CWR: Code Cache Roots           412 us, workers (us): 412, ---, ---, 
[63.911s][info][gc,stats    ]     CWR: VM Weak Roots              211 us, workers (us): 211, ---, ---, 
[63.911s][info][gc,stats    ]     CWR: CLDG Roots                   3 us, workers (us):   3, ---, ---, 
[63.911s][info][gc,stats    ]   Rendezvous                         65 us
[63.911s][info][gc,stats    ] Concurrent Cleanup                  114 us
[63.911s][info][gc,stats    ] Concurrent Class Unloading         7700 us
[63.911s][info][gc,stats    ]   Unlink Stale                     1786 us
[63.911s][info][gc,stats    ]     System Dictionary                 3 us
[63.911s][info][gc,stats    ]     Weak Class Links                  0 us
[63.911s][info][gc,stats    ]     Code Roots                     1783 us
[63.911s][info][gc,stats    ]   Rendezvous                       5774 us
[63.911s][info][gc,stats    ]   Purge Unlinked                     83 us
[63.911s][info][gc,stats    ]     Code Roots                       80 us
[63.911s][info][gc,stats    ]     CLDG                              3 us
[63.911s][info][gc,stats    ]     Exception Caches                  0 us
[63.911s][info][gc,stats    ] Concurrent Strong Roots             111 us, parallelism: 0.45x
[63.911s][info][gc,stats    ]   CSR: <total>                       51 us
[63.911s][info][gc,stats    ]   CSR: VM Strong Roots                5 us, workers (us):   5, ---, ---, 
[63.911s][info][gc,stats    ]   CSR: CLDG Roots                    46 us, workers (us):  46, ---, ---, 
[63.911s][info][gc,stats    ] Concurrent Evacuation              1668 us
[63.911s][info][gc,stats    ] Pause Init Update Refs (G)         3958 us
[63.911s][info][gc,stats    ] Pause Init Update Refs (N)           52 us
[63.911s][info][gc,stats    ]   Manage GCLABs                       3 us
[63.911s][info][gc,stats    ] Concurrent Update Refs             5703 us
[63.911s][info][gc,stats    ] Concurrent Update Thread Roots      613 us
[63.911s][info][gc,stats    ] Pause Final Update Refs (G)        3967 us
[63.911s][info][gc,stats    ] Pause Final Update Refs (N)         116 us
[63.911s][info][gc,stats    ]   Update Region States               36 us
[63.911s][info][gc,stats    ]   Trash Collection Set                5 us
[63.911s][info][gc,stats    ]   Rebuild Free Set                   14 us
[63.911s][info][gc,stats    ] Concurrent Cleanup                   45 us
[63.911s][info][gc,stats    ] Pacing                            38381 us
[63.911s][info][gc,stats    ] 
[63.911s][info][gc,stats    ] Allocation pacing accrued:
[63.911s][info][gc,stats    ]       7 of   364 ms (  1.9%): Thread-78
[63.911s][info][gc,stats    ]       7 of   364 ms (  1.8%): Thread-79
[63.911s][info][gc,stats    ]       6 of   364 ms (  1.7%): Thread-80
[63.911s][info][gc,stats    ]       6 of   364 ms (  1.7%): Thread-81
[63.911s][info][gc,stats    ]       7 of   364 ms (  1.8%): Thread-82
[63.911s][info][gc,stats    ]       6 of   364 ms (  1.6%): Thread-83
[63.911s][info][gc,stats    ]      38 of   364 ms ( 10.5%): <total>
[63.911s][info][gc,stats    ]       2 of   364 ms (  0.6%): <average total>
[63.911s][info][gc,stats    ]       6 of   364 ms (  1.8%): <average non-zero>
[63.911s][info][gc,stats    ] 
[63.911s][info][gc,metaspace] Metaspace: 6366K(6528K)->6366K(6528K) NonClass: 5759K(5824K)->5759K(5824K) Class: 606K(704K)->606K(704K)
[63.911s][info][gc,ergo     ] Pacer for Idle. Initial: 20971K, Alloc Tax Rate: 1.0x
[64.202s][info][gc          ] Trigger: Average GC time (58.44 ms) is above the time for average allocation rate (2416 MB/s) to deplete free headroom (101M) (margin of error = 1.74)
[64.202s][info][gc,ergo     ] Free headroom: 152M (free) - 52428K (spike) - 0B (penalties) = 101M
[64.202s][info][gc,ergo     ] Free: 152M, Max: 512K regular, 152M humongous, Frag: 0% external, 0% internal; Reserve: 52736K, Max: 512K
[64.202s][info][gc,start    ] GC(178) Concurrent reset
[64.202s][info][gc,task     ] GC(178) Using 1 of 3 workers for concurrent reset
[64.202s][info][gc,ergo     ] GC(178) Pacer for Reset. Non-Taxable: 1024M
[64.203s][info][gc          ] GC(178) Concurrent reset 0.400ms
[64.203s][info][gc,start    ] GC(178) Pause Init Mark (unload classes)
[64.203s][info][gc,task     ] GC(178) Using 3 of 3 workers for init marking
[64.203s][info][gc,ergo     ] GC(178) Pacer for Mark. Expected Live: 14263K, Free: 151M, Non-Taxable: 15561K, Alloc Tax Rate: 0.1x
[64.203s][info][gc          ] GC(178) Pause Init Mark (unload classes) 0.149ms
[64.210s][info][gc,start    ] GC(178) Concurrent marking roots
[64.210s][info][gc,task     ] GC(178) Using 1 of 3 workers for concurrent marking roots
[64.210s][info][gc          ] GC(178) Concurrent marking roots 0.644ms
[64.210s][info][gc,start    ] GC(178) Concurrent marking (unload classes)
[64.210s][info][gc,task     ] GC(178) Using 1 of 3 workers for concurrent marking
[64.218s][info][gc          ] GC(178) Concurrent marking (unload classes) 7.292ms
[64.218s][info][gc,start    ] GC(178) Pause Final Mark (unload classes)
[64.218s][info][gc,task     ] GC(178) Using 3 of 3 workers for final marking
[64.218s][info][gc,ergo     ] GC(178) Adaptive CSet Selection. Target Free: 145M, Actual Free: 823M, Max CSet: 43690K, Min Garbage: 0B
[64.218s][info][gc,ergo     ] GC(178) Collectable Garbage: 805M (99%), Immediate: 635M (78%), CSet: 170M (21%)
[64.218s][info][gc,ergo     ] GC(178) Pacer for Evacuation. Used CSet: 172M, Free: 772M, Non-Taxable: 79053K, Alloc Tax Rate: 1.1x
[64.218s][info][gc          ] GC(178) Pause Final Mark (unload classes) 0.463ms
[64.218s][info][gc,start    ] GC(178) Concurrent thread roots
[64.218s][info][gc,task     ] GC(178) Using 1 of 3 workers for Concurrent thread roots
[64.219s][info][gc          ] GC(178) Concurrent thread roots 0.978ms
[64.219s][info][gc,start    ] GC(178) Concurrent weak references
[64.219s][info][gc,task     ] GC(178) Using 1 of 3 workers for concurrent weak references
[64.219s][info][gc,ref      ] GC(178) Encountered references: Soft: 132, Weak: 434, Final: 9, Phantom: 21
[64.219s][info][gc,ref      ] GC(178) Discovered  references: Soft: 0, Weak: 234, Final: 7, Phantom: 14
[64.219s][info][gc,ref      ] GC(178) Enqueued    references: Soft: 0, Weak: 0, Final: 0, Phantom: 0
[64.219s][info][gc          ] GC(178) Concurrent weak references 0.090ms
[64.219s][info][gc,start    ] GC(178) Concurrent weak roots
[64.219s][info][gc,task     ] GC(178) Using 1 of 3 workers for concurrent weak root
[64.220s][info][gc          ] GC(178) Concurrent weak roots 0.749ms
[64.220s][info][gc,start    ] GC(178) Concurrent cleanup
[64.220s][info][gc          ] GC(178) Concurrent cleanup 839M->204M(1024M) 0.089ms
[64.220s][info][gc,ergo     ] GC(178) Free: 767M, Max: 512K regular, 239M humongous, Frag: 69% external, 0% internal; Reserve: 52287K, Max: 512K
[64.220s][info][gc,start    ] GC(178) Concurrent class unloading
[64.220s][info][gc,task     ] GC(178) Using 1 of 3 workers for concurrent class unloading
[64.225s][info][gc          ] GC(178) Concurrent class unloading 4.471ms
[64.225s][info][gc,start    ] GC(178) Concurrent strong roots
[64.225s][info][gc,task     ] GC(178) Using 1 of 3 workers for concurrent strong root
[64.225s][info][gc          ] GC(178) Concurrent strong roots 0.086ms
[64.225s][info][gc,start    ] GC(178) Concurrent evacuation
[64.225s][info][gc,task     ] GC(178) Using 1 of 3 workers for concurrent evacuation
[64.227s][info][gc          ] GC(178) Concurrent evacuation 2.130ms
[64.227s][info][gc,start    ] GC(178) Pause Init Update Refs
[64.227s][info][gc,ergo     ] GC(178) Pacer for Update Refs. Used: 221M, Free: 752M, Non-Taxable: 77056K, Alloc Tax Rate: 1.1x
[64.227s][info][gc          ] GC(178) Pause Init Update Refs 0.059ms
[64.234s][info][gc,start    ] GC(178) Concurrent update references
[64.234s][info][gc,task     ] GC(178) Using 1 of 3 workers for concurrent reference update
[64.239s][info][gc          ] GC(178) Concurrent update references 5.242ms
[64.239s][info][gc,start    ] GC(178) Concurrent update thread roots
[64.240s][info][gc          ] GC(178) Concurrent update thread roots 0.609ms
[64.240s][info][gc,start    ] GC(178) Pause Final Update Refs
[64.240s][info][gc,task     ] GC(178) Using 3 of 3 workers for final reference update
[64.240s][info][gc          ] GC(178) Pause Final Update Refs 0.119ms
[64.252s][info][gc,start    ] GC(178) Concurrent cleanup
[64.252s][info][gc          ] GC(178) Concurrent cleanup 279M->107M(1024M) 0.048ms
[64.252s][info][gc,ergo     ] Free: 864M, Max: 512K regular, 647M humongous, Frag: 26% external, 0% internal; Reserve: 52736K, Max: 512K
[64.252s][info][gc,stats    ] 
[64.252s][info][gc,stats    ] All times are wall-clock times, except per-root-class counters, that are sum over
[64.252s][info][gc,stats    ] all workers. Dividing the <total> over the root stage time estimates parallelism.
[64.252s][info][gc,stats    ] 
[64.252s][info][gc,stats    ] Concurrent Reset                    421 us
[64.252s][info][gc,stats    ] Pause Init Mark (G)                6772 us
[64.252s][info][gc,stats    ] Pause Init Mark (N)                 161 us
[64.252s][info][gc,stats    ]   Update Region States               44 us
[64.252s][info][gc,stats    ] Concurrent Mark Roots               666 us, parallelism: 0.79x
[64.252s][info][gc,stats    ]   CMR: <total>                      526 us
[64.252s][info][gc,stats    ]   CMR: Thread Roots                 472 us, workers (us): 472, ---, ---, 
[64.252s][info][gc,stats    ]   CMR: VM Strong Roots                6 us, workers (us):   6, ---, ---, 
[64.252s][info][gc,stats    ]   CMR: CLDG Roots                    48 us, workers (us):  48, ---, ---, 
[64.252s][info][gc,stats    ] Concurrent Marking                 7342 us
[64.252s][info][gc,stats    ] Pause Final Mark (G)                642 us
[64.252s][info][gc,stats    ] Pause Final Mark (N)                485 us
[64.252s][info][gc,stats    ]   Finish Mark                        63 us
[64.252s][info][gc,stats    ]   Update Region States               50 us
[64.252s][info][gc,stats    ]   Choose Collection Set             195 us
[64.252s][info][gc,stats    ]   Rebuild Free Set                   26 us
[64.252s][info][gc,stats    ] Concurrent Thread Roots             989 us, parallelism: 0.90x
[64.252s][info][gc,stats    ]   CTR: <total>                      890 us
[64.252s][info][gc,stats    ]   CTR: Thread Roots                 890 us, workers (us): 890, ---, ---, 
[64.252s][info][gc,stats    ] Concurrent Weak References           97 us, parallelism: 0.20x
[64.252s][info][gc,stats    ]   CWRF: <total>                      20 us
[64.252s][info][gc,stats    ]   CWRF: Weak References              20 us, workers (us):  20, ---, ---, 
[64.252s][info][gc,stats    ] Concurrent Weak Roots               773 us
[64.252s][info][gc,stats    ]   Roots                             681 us, parallelism: 0.97x
[64.252s][info][gc,stats    ]     CWR: <total>                    662 us
[64.252s][info][gc,stats    ]     CWR: Code Cache Roots           456 us, workers (us): 456, ---, ---, 
[64.252s][info][gc,stats    ]     CWR: VM Weak Roots              203 us, workers (us): 203, ---, ---, 
[64.252s][info][gc,stats    ]     CWR: CLDG Roots                   3 us, workers (us):   3, ---, ---, 
[64.252s][info][gc,stats    ]   Rendezvous                         51 us
[64.252s][info][gc,stats    ] Concurrent Cleanup                   97 us
[64.252s][info][gc,stats    ] Concurrent Class Unloading         4511 us
[64.252s][info][gc,stats    ]   Unlink Stale                     1711 us
[64.252s][info][gc,stats    ]     System Dictionary                 2 us
[64.252s][info][gc,stats    ]     Weak Class Links                  0 us
[64.252s][info][gc,stats    ]     Code Roots                     1708 us
[64.252s][info][gc,stats    ]   Rendezvous                       2623 us
[64.252s][info][gc,stats    ]   Purge Unlinked                    119 us
[64.252s][info][gc,stats    ]     Code Roots                      114 us
[64.252s][info][gc,stats    ]     CLDG                              5 us
[64.252s][info][gc,stats    ]     Exception Caches                  0 us
[64.252s][info][gc,stats    ] Concurrent Strong Roots              94 us, parallelism: 0.54x
[64.252s][info][gc,stats    ]   CSR: <total>                       51 us
[64.252s][info][gc,stats    ]   CSR: VM Strong Roots                4 us, workers (us):   4, ---, ---, 
[64.252s][info][gc,stats    ]   CSR: CLDG Roots                    47 us, workers (us):  47, ---, ---, 
[64.252s][info][gc,stats    ] Concurrent Evacuation              2199 us
[64.252s][info][gc,stats    ] Pause Init Update Refs (G)         6986 us
[64.252s][info][gc,stats    ] Pause Init Update Refs (N)           68 us
[64.252s][info][gc,stats    ]   Manage GCLABs                       4 us
[64.252s][info][gc,stats    ] Concurrent Update Refs             5305 us
[64.252s][info][gc,stats    ] Concurrent Update Thread Roots      629 us
[64.252s][info][gc,stats    ] Pause Final Update Refs (G)       12000 us
[64.252s][info][gc,stats    ] Pause Final Update Refs (N)         130 us
[64.252s][info][gc,stats    ]   Update Region States               43 us
[64.252s][info][gc,stats    ]   Trash Collection Set               11 us
[64.252s][info][gc,stats    ]   Rebuild Free Set                   16 us
[64.252s][info][gc,stats    ] Concurrent Cleanup                   58 us
[64.252s][info][gc,stats    ] Pacing                            47252 us
[64.252s][info][gc,stats    ] 
[64.253s][info][gc,stats    ] Allocation pacing accrued:
[64.253s][info][gc,stats    ]       8 of   342 ms (  2.2%): Thread-78
[64.253s][info][gc,stats    ]       8 of   342 ms (  2.5%): Thread-79
[64.253s][info][gc,stats    ]       7 of   342 ms (  2.1%): Thread-80
[64.253s][info][gc,stats    ]       8 of   342 ms (  2.2%): Thread-81
[64.253s][info][gc,stats    ]       8 of   342 ms (  2.4%): Thread-82
[64.253s][info][gc,stats    ]       8 of   342 ms (  2.5%): Thread-83
[64.253s][info][gc,stats    ]      47 of   342 ms ( 13.8%): <total>
[64.253s][info][gc,stats    ]       2 of   342 ms (  0.7%): <average total>
[64.253s][info][gc,stats    ]       8 of   342 ms (  2.3%): <average non-zero>
[64.253s][info][gc,stats    ] 
[64.253s][info][gc,metaspace] Metaspace: 6366K(6528K)->6366K(6528K) NonClass: 5759K(5824K)->5759K(5824K) Class: 606K(704K)->606K(704K)
[64.253s][info][gc,ergo     ] Pacer for Idle. Initial: 20971K, Alloc Tax Rate: 1.0x
[64.566s][info][gc          ] Trigger: Average GC time (57.66 ms) is above the time for average allocation rate (2209 MB/s) to deplete free headroom (114M) (margin of error = 1.76)
[64.566s][info][gc,ergo     ] Free headroom: 166M (free) - 52428K (spike) - 0B (penalties) = 114M
[64.566s][info][gc,ergo     ] Free: 166M, Max: 512K regular, 131M humongous, Frag: 21% external, 0% internal; Reserve: 52736K, Max: 512K
[64.566s][info][gc,start    ] GC(179) Concurrent reset
[64.566s][info][gc,task     ] GC(179) Using 1 of 3 workers for concurrent reset
[64.566s][info][gc,ergo     ] GC(179) Pacer for Reset. Non-Taxable: 1024M
[64.567s][info][gc          ] GC(179) Concurrent reset 0.711ms
[64.567s][info][gc,start    ] GC(179) Pause Init Mark (unload classes)
[64.567s][info][gc,task     ] GC(179) Using 3 of 3 workers for init marking
[64.567s][info][gc,ergo     ] GC(179) Pacer for Mark. Expected Live: 14264K, Free: 164M, Non-Taxable: 16845K, Alloc Tax Rate: 0.1x
[64.567s][info][gc          ] GC(179) Pause Init Mark (unload classes) 0.150ms
[64.569s][info][gc,start    ] GC(179) Concurrent marking roots
[64.569s][info][gc,task     ] GC(179) Using 1 of 3 workers for concurrent marking roots
[64.569s][info][gc          ] GC(179) Concurrent marking roots 0.595ms
[64.569s][info][gc,start    ] GC(179) Concurrent marking (unload classes)
[64.569s][info][gc,task     ] GC(179) Using 1 of 3 workers for concurrent marking
[64.585s][info][gc          ] GC(179) Concurrent marking (unload classes) 15.429ms
[64.585s][info][gc,start    ] GC(179) Pause Final Mark (unload classes)
[64.585s][info][gc,task     ] GC(179) Using 3 of 3 workers for final marking
[64.585s][info][gc,ergo     ] GC(179) Adaptive CSet Selection. Target Free: 145M, Actual Free: 803M, Max CSet: 43690K, Min Garbage: 0B
[64.585s][info][gc,ergo     ] GC(179) Collectable Garbage: 792M (99%), Immediate: 620M (78%), CSet: 172M (21%)
[64.585s][info][gc,ergo     ] GC(179) Pacer for Evacuation. Used CSet: 174M, Free: 752M, Non-Taxable: 77005K, Alloc Tax Rate: 1.1x
[64.585s][info][gc          ] GC(179) Pause Final Mark (unload classes) 0.244ms
[64.585s][info][gc,start    ] GC(179) Concurrent thread roots
[64.585s][info][gc,task     ] GC(179) Using 1 of 3 workers for Concurrent thread roots
[64.586s][info][gc          ] GC(179) Concurrent thread roots 0.503ms
[64.586s][info][gc,start    ] GC(179) Concurrent weak references
[64.586s][info][gc,task     ] GC(179) Using 1 of 3 workers for concurrent weak references
[64.586s][info][gc,ref      ] GC(179) Encountered references: Soft: 132, Weak: 434, Final: 9, Phantom: 21
[64.586s][info][gc,ref      ] GC(179) Discovered  references: Soft: 0, Weak: 234, Final: 7, Phantom: 14
[64.586s][info][gc,ref      ] GC(179) Enqueued    references: Soft: 0, Weak: 0, Final: 0, Phantom: 0
[64.586s][info][gc          ] GC(179) Concurrent weak references 0.058ms
[64.586s][info][gc,start    ] GC(179) Concurrent weak roots
[64.586s][info][gc,task     ] GC(179) Using 1 of 3 workers for concurrent weak root
[64.589s][info][gc          ] GC(179) Concurrent weak roots 2.995ms
[64.589s][info][gc,start    ] GC(179) Concurrent cleanup
[64.589s][info][gc          ] GC(179) Concurrent cleanup 849M->228M(1024M) 0.091ms
[64.589s][info][gc,ergo     ] GC(179) Free: 743M, Max: 512K regular, 282M humongous, Frag: 62% external, 0% internal; Reserve: 52340K, Max: 512K
[64.589s][info][gc,start    ] GC(179) Concurrent class unloading
[64.589s][info][gc,task     ] GC(179) Using 1 of 3 workers for concurrent class unloading
[64.598s][info][gc          ] GC(179) Concurrent class unloading 9.171ms
[64.598s][info][gc,start    ] GC(179) Concurrent strong roots
[64.598s][info][gc,task     ] GC(179) Using 1 of 3 workers for concurrent strong root
[64.598s][info][gc          ] GC(179) Concurrent strong roots 0.098ms
[64.598s][info][gc,start    ] GC(179) Concurrent evacuation
[64.598s][info][gc,task     ] GC(179) Using 1 of 3 workers for concurrent evacuation
[64.600s][info][gc          ] GC(179) Concurrent evacuation 2.089ms
[64.600s][info][gc,start    ] GC(179) Pause Init Update Refs
[64.600s][info][gc,ergo     ] GC(179) Pacer for Update Refs. Used: 251M, Free: 723M, Non-Taxable: 74035K, Alloc Tax Rate: 1.1x
[64.600s][info][gc          ] GC(179) Pause Init Update Refs 0.051ms
[64.606s][info][gc,start    ] GC(179) Concurrent update references
[64.606s][info][gc,task     ] GC(179) Using 1 of 3 workers for concurrent reference update
[64.614s][info][gc          ] GC(179) Concurrent update references 7.622ms
[64.614s][info][gc,start    ] GC(179) Concurrent update thread roots
[64.622s][info][gc          ] GC(179) Concurrent update thread roots 7.971ms
[64.622s][info][gc,start    ] GC(179) Pause Final Update Refs
[64.622s][info][gc,task     ] GC(179) Using 3 of 3 workers for final reference update
[64.622s][info][gc          ] GC(179) Pause Final Update Refs 0.098ms
[64.624s][info][gc,start    ] GC(179) Concurrent cleanup
[64.624s][info][gc          ] GC(179) Concurrent cleanup 291M->116M(1024M) 0.040ms
[64.624s][info][gc,ergo     ] Free: 854M, Max: 512K regular, 614M humongous, Frag: 29% external, 0% internal; Reserve: 52736K, Max: 512K
[64.624s][info][gc,stats    ] 
[64.624s][info][gc,stats    ] All times are wall-clock times, except per-root-class counters, that are sum over
[64.624s][info][gc,stats    ] all workers. Dividing the <total> over the root stage time estimates parallelism.
[64.624s][info][gc,stats    ] 
[64.624s][info][gc,stats    ] Concurrent Reset                    745 us
[64.624s][info][gc,stats    ] Pause Init Mark (G)                1994 us
[64.624s][info][gc,stats    ] Pause Init Mark (N)                 161 us
[64.624s][info][gc,stats    ]   Update Region States               51 us
[64.624s][info][gc,stats    ] Concurrent Mark Roots               605 us, parallelism: 0.88x
[64.624s][info][gc,stats    ]   CMR: <total>                      533 us
[64.624s][info][gc,stats    ]   CMR: Thread Roots                 465 us, workers (us): 465, ---, ---, 
[64.624s][info][gc,stats    ]   CMR: VM Strong Roots               13 us, workers (us):  13, ---, ---, 
[64.624s][info][gc,stats    ]   CMR: CLDG Roots                    55 us, workers (us):  55, ---, ---, 
[64.624s][info][gc,stats    ] Concurrent Marking                15490 us
[64.624s][info][gc,stats    ] Pause Final Mark (G)                404 us
[64.624s][info][gc,stats    ] Pause Final Mark (N)                253 us
[64.624s][info][gc,stats    ]   Finish Mark                        49 us
[64.624s][info][gc,stats    ]   Update Region States               36 us
[64.624s][info][gc,stats    ]   Choose Collection Set              92 us
[64.624s][info][gc,stats    ]   Rebuild Free Set                    9 us
[64.624s][info][gc,stats    ] Concurrent Thread Roots             514 us, parallelism: 0.90x
[64.624s][info][gc,stats    ]   CTR: <total>                      463 us
[64.624s][info][gc,stats    ]   CTR: Thread Roots                 463 us, workers (us): 463, ---, ---, 
[64.624s][info][gc,stats    ] Concurrent Weak References           66 us, parallelism: 0.16x
[64.624s][info][gc,stats    ]   CWRF: <total>                      10 us
[64.624s][info][gc,stats    ]   CWRF: Weak References              10 us, workers (us):  10, ---, ---, 
[64.624s][info][gc,stats    ] Concurrent Weak Roots              3013 us
[64.624s][info][gc,stats    ]   Roots                             513 us, parallelism: 0.96x
[64.624s][info][gc,stats    ]     CWR: <total>                    495 us
[64.624s][info][gc,stats    ]     CWR: Code Cache Roots           388 us, workers (us): 388, ---, ---, 
[64.624s][info][gc,stats    ]     CWR: VM Weak Roots              105 us, workers (us): 105, ---, ---, 
[64.624s][info][gc,stats    ]     CWR: CLDG Roots                   2 us, workers (us):   2, ---, ---, 
[64.624s][info][gc,stats    ]   Rendezvous                       2466 us
[64.624s][info][gc,stats    ] Concurrent Cleanup                  100 us
[64.624s][info][gc,stats    ] Concurrent Class Unloading         9203 us
[64.624s][info][gc,stats    ]   Unlink Stale                     1764 us
[64.624s][info][gc,stats    ]     System Dictionary                 3 us
[64.624s][info][gc,stats    ]     Weak Class Links                  0 us
[64.624s][info][gc,stats    ]     Code Roots                     1760 us
[64.624s][info][gc,stats    ]   Rendezvous                       7294 us
[64.624s][info][gc,stats    ]   Purge Unlinked                     94 us
[64.624s][info][gc,stats    ]     Code Roots                       89 us
[64.624s][info][gc,stats    ]     CLDG                              4 us
[64.624s][info][gc,stats    ]     Exception Caches                  0 us
[64.624s][info][gc,stats    ] Concurrent Strong Roots             112 us, parallelism: 0.46x
[64.624s][info][gc,stats    ]   CSR: <total>                       51 us
[64.624s][info][gc,stats    ]   CSR: VM Strong Roots                4 us, workers (us):   4, ---, ---, 
[64.624s][info][gc,stats    ]   CSR: CLDG Roots                    47 us, workers (us):  47, ---, ---, 
[64.624s][info][gc,stats    ] Concurrent Evacuation              2134 us
[64.624s][info][gc,stats    ] Pause Init Update Refs (G)         5943 us
[64.624s][info][gc,stats    ] Pause Init Update Refs (N)           61 us
[64.624s][info][gc,stats    ]   Manage GCLABs                       3 us
[64.624s][info][gc,stats    ] Concurrent Update Refs             7668 us
[64.624s][info][gc,stats    ] Concurrent Update Thread Roots     7999 us
[64.624s][info][gc,stats    ] Pause Final Update Refs (G)        1992 us
[64.624s][info][gc,stats    ] Pause Final Update Refs (N)         127 us
[64.624s][info][gc,stats    ]   Update Region States               38 us
[64.624s][info][gc,stats    ]   Trash Collection Set                9 us
[64.624s][info][gc,stats    ]   Rebuild Free Set                   14 us
[64.624s][info][gc,stats    ] Concurrent Cleanup                   49 us
[64.624s][info][gc,stats    ] Pacing                            28526 us
[64.624s][info][gc,stats    ] 
[64.624s][info][gc,stats    ] Allocation pacing accrued:
[64.624s][info][gc,stats    ]       5 of   372 ms (  1.3%): Thread-78
[64.624s][info][gc,stats    ]       4 of   372 ms (  1.1%): Thread-79
[64.624s][info][gc,stats    ]       5 of   372 ms (  1.2%): Thread-80
[64.624s][info][gc,stats    ]       4 of   372 ms (  1.1%): Thread-81
[64.624s][info][gc,stats    ]       5 of   372 ms (  1.5%): Thread-82
[64.624s][info][gc,stats    ]       5 of   372 ms (  1.4%): Thread-83
[64.624s][info][gc,stats    ]      29 of   372 ms (  7.7%): <total>
[64.624s][info][gc,stats    ]       2 of   372 ms (  0.4%): <average total>
[64.625s][info][gc,stats    ]       5 of   372 ms (  1.3%): <average non-zero>
[64.625s][info][gc,stats    ] 
[64.625s][info][gc,metaspace] Metaspace: 6366K(6528K)->6366K(6528K) NonClass: 5759K(5824K)->5759K(5824K) Class: 606K(704K)->606K(704K)
[64.625s][info][gc,ergo     ] Pacer for Idle. Initial: 20971K, Alloc Tax Rate: 1.0x
[64.914s][info][gc          ] Trigger: Average GC time (64.72 ms) is above the time for average allocation rate (2307 MB/s) to deplete free headroom (117M) (margin of error = 1.77)
[64.914s][info][gc,ergo     ] Free headroom: 168M (free) - 52428K (spike) - 0B (penalties) = 117M
[64.914s][info][gc,ergo     ] Free: 168M, Max: 512K regular, 122M humongous, Frag: 28% external, 0% internal; Reserve: 52736K, Max: 512K
[64.914s][info][gc,start    ] GC(180) Concurrent reset
[64.914s][info][gc,task     ] GC(180) Using 1 of 3 workers for concurrent reset
[64.914s][info][gc,ergo     ] GC(180) Pacer for Reset. Non-Taxable: 1024M
[64.915s][info][gc          ] GC(180) Concurrent reset 0.788ms
[64.915s][info][gc,start    ] GC(180) Pause Init Mark (unload classes)
[64.915s][info][gc,task     ] GC(180) Using 3 of 3 workers for init marking
[64.915s][info][gc,ergo     ] GC(180) Pacer for Mark. Expected Live: 14265K, Free: 167M, Non-Taxable: 17101K, Alloc Tax Rate: 0.1x
[64.915s][info][gc          ] GC(180) Pause Init Mark (unload classes) 0.159ms
[64.919s][info][gc,start    ] GC(180) Concurrent marking roots
[64.919s][info][gc,task     ] GC(180) Using 1 of 3 workers for concurrent marking roots
[64.919s][info][gc          ] GC(180) Concurrent marking roots 0.581ms
[64.919s][info][gc,start    ] GC(180) Concurrent marking (unload classes)
[64.919s][info][gc,task     ] GC(180) Using 1 of 3 workers for concurrent marking
[64.929s][info][gc          ] GC(180) Concurrent marking (unload classes) 9.063ms
[64.929s][info][gc,start    ] GC(180) Pause Final Mark (unload classes)
[64.929s][info][gc,task     ] GC(180) Using 3 of 3 workers for final marking
[64.929s][info][gc,ergo     ] GC(180) Adaptive CSet Selection. Target Free: 145M, Actual Free: 905M, Max CSet: 43690K, Min Garbage: 0B
[64.929s][info][gc,ergo     ] GC(180) Collectable Garbage: 790M (99%), Immediate: 714M (90%), CSet: 77383K (9%)
[64.929s][info][gc,ergo     ] GC(180) Pacer for Evacuation. Used CSet: 79872K, Free: 854M, Non-Taxable: 87450K, Alloc Tax Rate: 1.1x
[64.929s][info][gc          ] GC(180) Pause Final Mark (unload classes) 0.236ms
[64.929s][info][gc,start    ] GC(180) Concurrent thread roots
[64.929s][info][gc,task     ] GC(180) Using 1 of 3 workers for Concurrent thread roots
[64.929s][info][gc          ] GC(180) Concurrent thread roots 0.515ms
[64.929s][info][gc,start    ] GC(180) Concurrent weak references
[64.930s][info][gc,task     ] GC(180) Using 1 of 3 workers for concurrent weak references
[64.930s][info][gc,ref      ] GC(180) Encountered references: Soft: 132, Weak: 434, Final: 9, Phantom: 21
[64.930s][info][gc,ref      ] GC(180) Discovered  references: Soft: 0, Weak: 234, Final: 7, Phantom: 14
[64.930s][info][gc,ref      ] GC(180) Enqueued    references: Soft: 0, Weak: 0, Final: 0, Phantom: 0
[64.930s][info][gc          ] GC(180) Concurrent weak references 0.060ms
[64.930s][info][gc,start    ] GC(180) Concurrent weak roots
[64.930s][info][gc,task     ] GC(180) Using 1 of 3 workers for concurrent weak root
[64.936s][info][gc          ] GC(180) Concurrent weak roots 6.748ms
[64.936s][info][gc,start    ] GC(180) Concurrent cleanup
[64.936s][info][gc          ] GC(180) Concurrent cleanup 842M->127M(1024M) 0.104ms
[64.936s][info][gc,ergo     ] GC(180) Free: 844M, Max: 512K regular, 354M humongous, Frag: 58% external, 0% internal; Reserve: 52339K, Max: 512K
[64.936s][info][gc,start    ] GC(180) Concurrent class unloading
[64.936s][info][gc,task     ] GC(180) Using 1 of 3 workers for concurrent class unloading
[64.940s][info][gc          ] GC(180) Concurrent class unloading 3.352ms
[64.940s][info][gc,start    ] GC(180) Concurrent strong roots
[64.940s][info][gc,task     ] GC(180) Using 1 of 3 workers for concurrent strong root
[64.940s][info][gc          ] GC(180) Concurrent strong roots 0.083ms
[64.940s][info][gc,start    ] GC(180) Concurrent evacuation
[64.940s][info][gc,task     ] GC(180) Using 1 of 3 workers for concurrent evacuation
[64.942s][info][gc          ] GC(180) Concurrent evacuation 1.543ms
[64.942s][info][gc,start    ] GC(180) Pause Init Update Refs
[64.942s][info][gc,ergo     ] GC(180) Pacer for Update Refs. Used: 135M, Free: 838M, Non-Taxable: 85862K, Alloc Tax Rate: 1.1x
[64.942s][info][gc          ] GC(180) Pause Init Update Refs 0.061ms
[64.946s][info][gc,start    ] GC(180) Concurrent update references
[64.946s][info][gc,task     ] GC(180) Using 1 of 3 workers for concurrent reference update
[64.952s][info][gc          ] GC(180) Concurrent update references 6.598ms
[64.952s][info][gc,start    ] GC(180) Concurrent update thread roots
[64.953s][info][gc          ] GC(180) Concurrent update thread roots 0.569ms
[64.953s][info][gc,start    ] GC(180) Pause Final Update Refs
[64.953s][info][gc,task     ] GC(180) Using 3 of 3 workers for final reference update
[64.953s][info][gc          ] GC(180) Pause Final Update Refs 0.113ms
[64.955s][info][gc,start    ] GC(180) Concurrent cleanup
[64.955s][info][gc          ] GC(180) Concurrent cleanup 149M->71M(1024M) 0.029ms
[64.955s][info][gc,ergo     ] Free: 899M, Max: 512K regular, 589M humongous, Frag: 35% external, 0% internal; Reserve: 52736K, Max: 512K
[64.955s][info][gc,stats    ] 
[64.955s][info][gc,stats    ] All times are wall-clock times, except per-root-class counters, that are sum over
[64.955s][info][gc,stats    ] all workers. Dividing the <total> over the root stage time estimates parallelism.
[64.955s][info][gc,stats    ] 
[64.955s][info][gc,stats    ] Concurrent Reset                    845 us
[64.955s][info][gc,stats    ] Pause Init Mark (G)                4127 us
[64.955s][info][gc,stats    ] Pause Init Mark (N)                 169 us
[64.955s][info][gc,stats    ]   Update Region States               44 us
[64.955s][info][gc,stats    ] Concurrent Mark Roots               593 us, parallelism: 0.85x
[64.955s][info][gc,stats    ]   CMR: <total>                      505 us
[64.955s][info][gc,stats    ]   CMR: Thread Roots                 452 us, workers (us): 452, ---, ---, 
[64.955s][info][gc,stats    ]   CMR: VM Strong Roots                5 us, workers (us):   5, ---, ---, 
[64.955s][info][gc,stats    ]   CMR: CLDG Roots                    48 us, workers (us):  48, ---, ---, 
[64.955s][info][gc,stats    ] Concurrent Marking                 9113 us
[64.955s][info][gc,stats    ] Pause Final Mark (G)                373 us
[64.955s][info][gc,stats    ] Pause Final Mark (N)                245 us
[64.955s][info][gc,stats    ]   Finish Mark                        54 us
[64.955s][info][gc,stats    ]   Update Region States               38 us
[64.955s][info][gc,stats    ]   Choose Collection Set              75 us
[64.955s][info][gc,stats    ]   Rebuild Free Set                    9 us
[64.955s][info][gc,stats    ] Concurrent Thread Roots             526 us, parallelism: 0.90x
[64.955s][info][gc,stats    ]   CTR: <total>                      475 us
[64.955s][info][gc,stats    ]   CTR: Thread Roots                 475 us, workers (us): 475, ---, ---, 
[64.955s][info][gc,stats    ] Concurrent Weak References           68 us, parallelism: 0.16x
[64.955s][info][gc,stats    ]   CWRF: <total>                      11 us
[64.955s][info][gc,stats    ]   CWRF: Weak References              11 us, workers (us):  11, ---, ---, 
[64.955s][info][gc,stats    ] Concurrent Weak Roots              6788 us
[64.955s][info][gc,stats    ]   Roots                             554 us, parallelism: 0.97x
[64.955s][info][gc,stats    ]     CWR: <total>                    536 us
[64.955s][info][gc,stats    ]     CWR: Code Cache Roots           423 us, workers (us): 423, ---, ---, 
[64.955s][info][gc,stats    ]     CWR: VM Weak Roots              110 us, workers (us): 110, ---, ---, 
[64.955s][info][gc,stats    ]     CWR: CLDG Roots                   3 us, workers (us):   3, ---, ---, 
[64.955s][info][gc,stats    ]   Rendezvous                       6175 us
[64.955s][info][gc,stats    ] Concurrent Cleanup                  113 us
[64.955s][info][gc,stats    ] Concurrent Class Unloading         3382 us
[64.955s][info][gc,stats    ]   Unlink Stale                     1810 us
[64.955s][info][gc,stats    ]     System Dictionary                 3 us
[64.955s][info][gc,stats    ]     Weak Class Links                  0 us
[64.955s][info][gc,stats    ]     Code Roots                     1806 us
[64.955s][info][gc,stats    ]   Rendezvous                       1455 us
[64.955s][info][gc,stats    ]   Purge Unlinked                     68 us
[64.955s][info][gc,stats    ]     Code Roots                       64 us
[64.955s][info][gc,stats    ]     CLDG                              4 us
[64.955s][info][gc,stats    ]     Exception Caches                  0 us
[64.955s][info][gc,stats    ] Concurrent Strong Roots              92 us, parallelism: 0.54x
[64.955s][info][gc,stats    ]   CSR: <total>                       50 us
[64.955s][info][gc,stats    ]   CSR: VM Strong Roots                4 us, workers (us):   4, ---, ---, 
[64.955s][info][gc,stats    ]   CSR: CLDG Roots                    46 us, workers (us):  46, ---, ---, 
[64.955s][info][gc,stats    ] Concurrent Evacuation              1581 us
[64.955s][info][gc,stats    ] Pause Init Update Refs (G)         3974 us
[64.955s][info][gc,stats    ] Pause Init Update Refs (N)           70 us
[64.955s][info][gc,stats    ]   Manage GCLABs                       3 us
[64.955s][info][gc,stats    ] Concurrent Update Refs             6642 us
[64.955s][info][gc,stats    ] Concurrent Update Thread Roots      585 us
[64.955s][info][gc,stats    ] Pause Final Update Refs (G)        1873 us
[64.955s][info][gc,stats    ] Pause Final Update Refs (N)         137 us
[64.955s][info][gc,stats    ]   Update Region States               40 us
[64.955s][info][gc,stats    ]   Trash Collection Set                5 us
[64.955s][info][gc,stats    ]   Rebuild Free Set                   15 us
[64.955s][info][gc,stats    ] Concurrent Cleanup                   39 us
[64.955s][info][gc,stats    ] 
[64.955s][info][gc,stats    ] Allocation pacing accrued:
[64.955s][info][gc,stats    ]       0 of   331 ms (  0.0%): <total>
[64.955s][info][gc,stats    ]       0 of   331 ms (  0.0%): <average total>
[64.955s][info][gc,stats    ] 
[64.955s][info][gc,metaspace] Metaspace: 6366K(6528K)->6366K(6528K) NonClass: 5759K(5824K)->5759K(5824K) Class: 606K(704K)->606K(704K)
[64.955s][info][gc,ergo     ] Pacer for Idle. Initial: 20971K, Alloc Tax Rate: 1.0x
[65.545s][info][gc          ] Trigger: Average GC time (60.23 ms) is above the time for average allocation rate (1356 MB/s) to deplete free headroom (82743K) (margin of error = 1.76)
[65.545s][info][gc,ergo     ] Free headroom: 132M (free) - 52428K (spike) - 0B (penalties) = 82743K
[65.545s][info][gc,ergo     ] Free: 132M, Max: 512K regular, 132M humongous, Frag: 0% external, 0% internal; Reserve: 52736K, Max: 512K
[65.545s][info][gc,start    ] GC(181) Concurrent reset
[65.545s][info][gc,task     ] GC(181) Using 1 of 3 workers for concurrent reset
[65.545s][info][gc,ergo     ] GC(181) Pacer for Reset. Non-Taxable: 1024M
[65.545s][info][gc          ] GC(181) Concurrent reset 0.377ms
[65.545s][info][gc,start    ] GC(181) Pause Init Mark (unload classes)
[65.545s][info][gc,task     ] GC(181) Using 3 of 3 workers for init marking
[65.545s][info][gc,ergo     ] GC(181) Pacer for Mark. Expected Live: 14248K, Free: 131M, Non-Taxable: 13414K, Alloc Tax Rate: 0.1x
[65.545s][info][gc          ] GC(181) Pause Init Mark (unload classes) 0.115ms
[65.547s][info][gc,start    ] GC(181) Concurrent marking roots
[65.547s][info][gc,task     ] GC(181) Using 1 of 3 workers for concurrent marking roots
[65.548s][info][gc          ] GC(181) Concurrent marking roots 0.601ms
[65.548s][info][gc,start    ] GC(181) Concurrent marking (unload classes)
[65.548s][info][gc,task     ] GC(181) Using 1 of 3 workers for concurrent marking
[65.553s][info][gc          ] GC(181) Concurrent marking (unload classes) 5.437ms
[65.553s][info][gc,start    ] GC(181) Pause Final Mark (unload classes)
[65.553s][info][gc,task     ] GC(181) Using 3 of 3 workers for final marking
[65.553s][info][gc,ergo     ] GC(181) Collectable Garbage: 809M (97%), Immediate: 809M (97%), CSet: 0B (0%)
[65.553s][info][gc          ] GC(181) Pause Final Mark (unload classes) 0.154ms
[65.561s][info][gc,start    ] GC(181) Concurrent weak references
[65.561s][info][gc,task     ] GC(181) Using 1 of 3 workers for concurrent weak references
[65.561s][info][gc,ref      ] GC(181) Encountered references: Soft: 132, Weak: 434, Final: 9, Phantom: 21
[65.561s][info][gc,ref      ] GC(181) Discovered  references: Soft: 0, Weak: 234, Final: 7, Phantom: 14
[65.561s][info][gc,ref      ] GC(181) Enqueued    references: Soft: 0, Weak: 0, Final: 0, Phantom: 0
[65.561s][info][gc          ] GC(181) Concurrent weak references 0.074ms
[65.561s][info][gc,start    ] GC(181) Concurrent weak roots
[65.561s][info][gc,task     ] GC(181) Using 1 of 3 workers for concurrent weak root
[65.563s][info][gc          ] GC(181) Concurrent weak roots 2.313ms
[65.563s][info][gc,start    ] GC(181) Concurrent cleanup
[65.563s][info][gc          ] GC(181) Concurrent cleanup 861M->52M(1024M) 0.115ms
[65.563s][info][gc,ergo     ] GC(181) Free: 918M, Max: 512K regular, 631M humongous, Frag: 32% external, 0% internal; Reserve: 52736K, Max: 512K
[65.563s][info][gc,start    ] GC(181) Concurrent class unloading
[65.563s][info][gc,task     ] GC(181) Using 1 of 3 workers for concurrent class unloading
[65.573s][info][gc          ] GC(181) Concurrent class unloading 10.039ms
[65.573s][info][gc,start    ] GC(181) Pause Final Roots
[65.574s][info][gc          ] GC(181) Pause Final Roots 0.042ms
[65.577s][info][gc,ergo     ] Free: 901M, Max: 512K regular, 631M humongous, Frag: 31% external, 0% internal; Reserve: 52736K, Max: 512K
[65.577s][info][gc,stats    ] 
[65.577s][info][gc,stats    ] All times are wall-clock times, except per-root-class counters, that are sum over
[65.577s][info][gc,stats    ] all workers. Dividing the <total> over the root stage time estimates parallelism.
[65.577s][info][gc,stats    ] 
[65.577s][info][gc,stats    ] Concurrent Reset                    394 us
[65.577s][info][gc,stats    ] Pause Init Mark (G)                1925 us
[65.577s][info][gc,stats    ] Pause Init Mark (N)                 125 us
[65.577s][info][gc,stats    ]   Update Region States               32 us
[65.577s][info][gc,stats    ] Concurrent Mark Roots               612 us, parallelism: 0.80x
[65.577s][info][gc,stats    ]   CMR: <total>                      490 us
[65.577s][info][gc,stats    ]   CMR: Thread Roots                 445 us, workers (us): 445, ---, ---, 
[65.577s][info][gc,stats    ]   CMR: VM Strong Roots                4 us, workers (us):   4, ---, ---, 
[65.577s][info][gc,stats    ]   CMR: CLDG Roots                    41 us, workers (us):  41, ---, ---, 
[65.577s][info][gc,stats    ] Concurrent Marking                 5475 us
[65.577s][info][gc,stats    ] Pause Final Mark (G)               7519 us
[65.577s][info][gc,stats    ] Pause Final Mark (N)                162 us
[65.577s][info][gc,stats    ]   Finish Mark                        45 us
[65.577s][info][gc,stats    ]   Update Region States               35 us
[65.577s][info][gc,stats    ]   Choose Collection Set              34 us
[65.577s][info][gc,stats    ]   Rebuild Free Set                    7 us
[65.577s][info][gc,stats    ] Concurrent Weak References           82 us, parallelism: 0.08x
[65.577s][info][gc,stats    ]   CWRF: <total>                       6 us
[65.577s][info][gc,stats    ]   CWRF: Weak References               6 us, workers (us):   6, ---, ---, 
[65.577s][info][gc,stats    ] Concurrent Weak Roots              2338 us
[65.577s][info][gc,stats    ]   Roots                             484 us, parallelism: 0.96x
[65.577s][info][gc,stats    ]     CWR: <total>                    462 us
[65.577s][info][gc,stats    ]     CWR: Code Cache Roots           390 us, workers (us): 390, ---, ---, 
[65.577s][info][gc,stats    ]     CWR: VM Weak Roots               70 us, workers (us):  70, ---, ---, 
[65.577s][info][gc,stats    ]     CWR: CLDG Roots                   2 us, workers (us):   2, ---, ---, 
[65.577s][info][gc,stats    ]   Rendezvous                       1799 us
[65.577s][info][gc,stats    ] Concurrent Cleanup                  124 us
[65.577s][info][gc,stats    ] Concurrent Class Unloading        10090 us
[65.577s][info][gc,stats    ]   Unlink Stale                     1709 us
[65.577s][info][gc,stats    ]     System Dictionary                 2 us
[65.577s][info][gc,stats    ]     Weak Class Links                  0 us
[65.577s][info][gc,stats    ]     Code Roots                     1705 us
[65.577s][info][gc,stats    ]   Rendezvous                       8201 us
[65.577s][info][gc,stats    ]   Purge Unlinked                    109 us
[65.577s][info][gc,stats    ]     Code Roots                      103 us
[65.577s][info][gc,stats    ]     CLDG                              5 us
[65.577s][info][gc,stats    ]     Exception Caches                  0 us
[65.577s][info][gc,stats    ] Pause Final Roots (G)              3149 us
[65.577s][info][gc,stats    ] Pause Final Roots (N)                52 us
[65.577s][info][gc,stats    ] 
[65.577s][info][gc,stats    ] Allocation pacing accrued:
[65.577s][info][gc,stats    ]       0 of   622 ms (  0.0%): <total>
[65.577s][info][gc,stats    ]       0 of   622 ms (  0.0%): <average total>
[65.577s][info][gc,stats    ] 
[65.577s][info][gc,metaspace] Metaspace: 6366K(6528K)->6366K(6528K) NonClass: 5759K(5824K)->5759K(5824K) Class: 606K(704K)->606K(704K)
[65.577s][info][gc,ergo     ] Pacer for Idle. Initial: 20971K, Alloc Tax Rate: 1.0x
[66.192s][info][gc          ] Trigger: Average GC time (55.44 ms) is above the time for average allocation rate (1303 MB/s) to deplete free headroom (72503K) (margin of error = 1.75)
[66.192s][info][gc,ergo     ] Free headroom: 122M (free) - 52428K (spike) - 0B (penalties) = 72503K
[66.192s][info][gc,ergo     ] Free: 122M, Max: 512K regular, 110M humongous, Frag: 10% external, 0% internal; Reserve: 52736K, Max: 512K
[66.192s][info][gc,start    ] GC(182) Concurrent reset
[66.192s][info][gc,task     ] GC(182) Using 1 of 3 workers for concurrent reset
[66.192s][info][gc,ergo     ] GC(182) Pacer for Reset. Non-Taxable: 1024M
[66.192s][info][gc          ] GC(182) Concurrent reset 0.234ms
[66.193s][info][gc,start    ] GC(182) Pause Init Mark (unload classes)
[66.193s][info][gc,task     ] GC(182) Using 3 of 3 workers for init marking
[66.193s][info][gc,ergo     ] GC(182) Pacer for Mark. Expected Live: 14230K, Free: 122M, Non-Taxable: 12493K, Alloc Tax Rate: 0.1x
[66.193s][info][gc          ] GC(182) Pause Init Mark (unload classes) 0.115ms
[66.202s][info][gc,start    ] GC(182) Concurrent marking roots
[66.202s][info][gc,task     ] GC(182) Using 1 of 3 workers for concurrent marking roots
[66.202s][info][gc          ] GC(182) Concurrent marking roots 0.582ms
[66.202s][info][gc,start    ] GC(182) Concurrent marking (unload classes)
[66.202s][info][gc,task     ] GC(182) Using 1 of 3 workers for concurrent marking
[66.208s][info][gc          ] GC(182) Concurrent marking (unload classes) 5.909ms
[66.208s][info][gc,start    ] GC(182) Pause Final Mark (unload classes)
[66.208s][info][gc,task     ] GC(182) Using 3 of 3 workers for final marking
[66.208s][info][gc,ergo     ] GC(182) Collectable Garbage: 789M (94%), Immediate: 789M (94%), CSet: 0B (0%)
[66.208s][info][gc          ] GC(182) Pause Final Mark (unload classes) 0.226ms
[66.208s][info][gc,start    ] GC(182) Concurrent weak references
[66.208s][info][gc,task     ] GC(182) Using 1 of 3 workers for concurrent weak references
[66.208s][info][gc,ref      ] GC(182) Encountered references: Soft: 132, Weak: 434, Final: 9, Phantom: 21
[66.209s][info][gc,ref      ] GC(182) Discovered  references: Soft: 0, Weak: 234, Final: 7, Phantom: 14
[66.209s][info][gc,ref      ] GC(182) Enqueued    references: Soft: 0, Weak: 0, Final: 0, Phantom: 0
[66.209s][info][gc          ] GC(182) Concurrent weak references 0.115ms
[66.209s][info][gc,start    ] GC(182) Concurrent weak roots
[66.209s][info][gc,task     ] GC(182) Using 1 of 3 workers for concurrent weak root
[66.224s][info][gc          ] GC(182) Concurrent weak roots 15.397ms
[66.224s][info][gc,start    ] GC(182) Concurrent cleanup
[66.224s][info][gc          ] GC(182) Concurrent cleanup 882M->92M(1024M) 0.109ms
[66.224s][info][gc,ergo     ] GC(182) Free: 878M, Max: 512K regular, 512M humongous, Frag: 42% external, 0% internal; Reserve: 52736K, Max: 512K
[66.224s][info][gc,start    ] GC(182) Concurrent class unloading
[66.224s][info][gc,task     ] GC(182) Using 1 of 3 workers for concurrent class unloading
[66.232s][info][gc          ] GC(182) Concurrent class unloading 7.838ms
[66.232s][info][gc,start    ] GC(182) Pause Final Roots
[66.232s][info][gc          ] GC(182) Pause Final Roots 0.048ms
[66.240s][info][gc,ergo     ] Free: 859M, Max: 512K regular, 512M humongous, Frag: 41% external, 0% internal; Reserve: 52736K, Max: 512K
[66.240s][info][gc,stats    ] 
[66.240s][info][gc,stats    ] All times are wall-clock times, except per-root-class counters, that are sum over
[66.240s][info][gc,stats    ] all workers. Dividing the <total> over the root stage time estimates parallelism.
[66.240s][info][gc,stats    ] 
[66.240s][info][gc,stats    ] Concurrent Reset                    247 us
[66.240s][info][gc,stats    ] Pause Init Mark (G)                9042 us
[66.240s][info][gc,stats    ] Pause Init Mark (N)                 124 us
[66.240s][info][gc,stats    ]   Update Region States               26 us
[66.240s][info][gc,stats    ] Concurrent Mark Roots               593 us, parallelism: 0.84x
[66.240s][info][gc,stats    ]   CMR: <total>                      498 us
[66.240s][info][gc,stats    ]   CMR: Thread Roots                 439 us, workers (us): 439, ---, ---, 
[66.240s][info][gc,stats    ]   CMR: VM Strong Roots                7 us, workers (us):   7, ---, ---, 
[66.240s][info][gc,stats    ]   CMR: CLDG Roots                    51 us, workers (us):  51, ---, ---, 
[66.240s][info][gc,stats    ] Concurrent Marking                 5975 us
[66.240s][info][gc,stats    ] Pause Final Mark (G)                339 us
[66.240s][info][gc,stats    ] Pause Final Mark (N)                235 us
[66.240s][info][gc,stats    ]   Finish Mark                        46 us
[66.240s][info][gc,stats    ]   Update Region States               41 us
[66.240s][info][gc,stats    ]   Choose Collection Set              49 us
[66.240s][info][gc,stats    ]   Rebuild Free Set                    8 us
[66.240s][info][gc,stats    ] Concurrent Weak References          131 us, parallelism: 0.03x
[66.240s][info][gc,stats    ]   CWRF: <total>                       4 us
[66.240s][info][gc,stats    ]   CWRF: Weak References               4 us, workers (us):   4, ---, ---, 
[66.240s][info][gc,stats    ] Concurrent Weak Roots             15434 us
[66.240s][info][gc,stats    ]   Roots                             496 us, parallelism: 0.95x
[66.240s][info][gc,stats    ]     CWR: <total>                    473 us
[66.240s][info][gc,stats    ]     CWR: Code Cache Roots           399 us, workers (us): 399, ---, ---, 
[66.240s][info][gc,stats    ]     CWR: VM Weak Roots               72 us, workers (us):  72, ---, ---, 
[66.240s][info][gc,stats    ]     CWR: CLDG Roots                   3 us, workers (us):   3, ---, ---, 
[66.240s][info][gc,stats    ]   Rendezvous                      14867 us
[66.240s][info][gc,stats    ] Concurrent Cleanup                  118 us
[66.240s][info][gc,stats    ] Concurrent Class Unloading         7876 us
[66.240s][info][gc,stats    ]   Unlink Stale                     1885 us
[66.240s][info][gc,stats    ]     System Dictionary                 3 us
[66.240s][info][gc,stats    ]     Weak Class Links                  0 us
[66.240s][info][gc,stats    ]     Code Roots                     1881 us
[66.240s][info][gc,stats    ]   Rendezvous                       5812 us
[66.240s][info][gc,stats    ]   Purge Unlinked                    123 us
[66.240s][info][gc,stats    ]     Code Roots                      118 us
[66.240s][info][gc,stats    ]     CLDG                              4 us
[66.240s][info][gc,stats    ]     Exception Caches                  0 us
[66.240s][info][gc,stats    ] Pause Final Roots (G)              7503 us
[66.240s][info][gc,stats    ] Pause Final Roots (N)                57 us
[66.240s][info][gc,stats    ] Pacing                            36669 us
[66.240s][info][gc,stats    ] 
[66.240s][info][gc,stats    ] Allocation pacing accrued:
[66.240s][info][gc,stats    ]       6 of   663 ms (  0.8%): Thread-78
[66.240s][info][gc,stats    ]       7 of   663 ms (  1.0%): Thread-79
[66.240s][info][gc,stats    ]       7 of   663 ms (  1.0%): Thread-80
[66.240s][info][gc,stats    ]       7 of   663 ms (  1.0%): Thread-81
[66.240s][info][gc,stats    ]       5 of   663 ms (  0.8%): Thread-82
[66.240s][info][gc,stats    ]       5 of   663 ms (  0.8%): Thread-83
[66.240s][info][gc,stats    ]      37 of   663 ms (  5.5%): <total>
[66.240s][info][gc,stats    ]       2 of   663 ms (  0.3%): <average total>
[66.240s][info][gc,stats    ]       6 of   663 ms (  0.9%): <average non-zero>
[66.240s][info][gc,stats    ] 
[66.240s][info][gc,metaspace] Metaspace: 6366K(6528K)->6366K(6528K) NonClass: 5759K(5824K)->5759K(5824K) Class: 606K(704K)->606K(704K)
[66.240s][info][gc,ergo     ] Pacer for Idle. Initial: 20971K, Alloc Tax Rate: 1.0x
[66.855s][info][gc          ] Trigger: Average GC time (56.82 ms) is above the time for average allocation rate (1280 MB/s) to deplete free headroom (53559K) (margin of error = 1.76)
[66.855s][info][gc,ergo     ] Free headroom: 103M (free) - 52428K (spike) - 0B (penalties) = 53559K
[66.855s][info][gc,ergo     ] Free: 103M, Max: 512K regular, 91136K humongous, Frag: 14% external, 0% internal; Reserve: 52736K, Max: 512K
[66.855s][info][gc,start    ] GC(183) Concurrent reset
[66.855s][info][gc,task     ] GC(183) Using 1 of 3 workers for concurrent reset
[66.855s][info][gc,ergo     ] GC(183) Pacer for Reset. Non-Taxable: 1024M
[66.856s][info][gc          ] GC(183) Concurrent reset 0.308ms
[66.856s][info][gc,start    ] GC(183) Pause Init Mark (unload classes)
[66.856s][info][gc,task     ] GC(183) Using 3 of 3 workers for init marking
[66.856s][info][gc,ergo     ] GC(183) Pacer for Mark. Expected Live: 14224K, Free: 102M, Non-Taxable: 10496K, Alloc Tax Rate: 0.2x
[66.856s][info][gc          ] GC(183) Pause Init Mark (unload classes) 0.136ms
[66.862s][info][gc,start    ] GC(183) Concurrent marking roots
[66.862s][info][gc,task     ] GC(183) Using 1 of 3 workers for concurrent marking roots
[66.863s][info][gc          ] GC(183) Concurrent marking roots 0.554ms
[66.863s][info][gc,start    ] GC(183) Concurrent marking (unload classes)
[66.863s][info][gc,task     ] GC(183) Using 1 of 3 workers for concurrent marking
[66.868s][info][gc          ] GC(183) Concurrent marking (unload classes) 5.636ms
[66.869s][info][gc,start    ] GC(183) Pause Final Mark (unload classes)
[66.869s][info][gc,task     ] GC(183) Using 3 of 3 workers for final marking
[66.869s][info][gc,ergo     ] GC(183) Collectable Garbage: 821M (96%), Immediate: 821M (96%), CSet: 0B (0%)
[66.869s][info][gc          ] GC(183) Pause Final Mark (unload classes) 0.287ms
[66.869s][info][gc,start    ] GC(183) Concurrent weak references
[66.869s][info][gc,task     ] GC(183) Using 1 of 3 workers for concurrent weak references
[66.869s][info][gc,ref      ] GC(183) Encountered references: Soft: 132, Weak: 434, Final: 9, Phantom: 21
[66.869s][info][gc,ref      ] GC(183) Discovered  references: Soft: 0, Weak: 234, Final: 7, Phantom: 14
[66.869s][info][gc,ref      ] GC(183) Enqueued    references: Soft: 0, Weak: 0, Final: 0, Phantom: 0
[66.869s][info][gc          ] GC(183) Concurrent weak references 0.081ms
[66.869s][info][gc,start    ] GC(183) Concurrent weak roots
[66.869s][info][gc,task     ] GC(183) Using 1 of 3 workers for concurrent weak root
[66.870s][info][gc          ] GC(183) Concurrent weak roots 0.515ms
[66.870s][info][gc,start    ] GC(183) Concurrent cleanup
[66.870s][info][gc          ] GC(183) Concurrent cleanup 878M->57M(1024M) 0.116ms
[66.870s][info][gc,ergo     ] GC(183) Free: 913M, Max: 512K regular, 552M humongous, Frag: 40% external, 0% internal; Reserve: 52736K, Max: 512K
[66.870s][info][gc,start    ] GC(183) Concurrent class unloading
[66.870s][info][gc,task     ] GC(183) Using 1 of 3 workers for concurrent class unloading
[66.871s][info][gc          ] GC(183) Concurrent class unloading 1.828ms
[66.872s][info][gc,start    ] GC(183) Pause Final Roots
[66.872s][info][gc          ] GC(183) Pause Final Roots 0.021ms
[66.877s][info][gc,ergo     ] Free: 904M, Max: 512K regular, 552M humongous, Frag: 39% external, 0% internal; Reserve: 52736K, Max: 512K
[66.877s][info][gc,stats    ] 
[66.877s][info][gc,stats    ] All times are wall-clock times, except per-root-class counters, that are sum over
[66.877s][info][gc,stats    ] all workers. Dividing the <total> over the root stage time estimates parallelism.
[66.878s][info][gc,stats    ] 
[66.878s][info][gc,stats    ] Concurrent Reset                    324 us
[66.878s][info][gc,stats    ] Pause Init Mark (G)                6620 us
[66.878s][info][gc,stats    ] Pause Init Mark (N)                 146 us
[66.878s][info][gc,stats    ]   Update Region States               42 us
[66.878s][info][gc,stats    ] Concurrent Mark Roots               566 us, parallelism: 0.85x
[66.878s][info][gc,stats    ]   CMR: <total>                      481 us
[66.878s][info][gc,stats    ]   CMR: Thread Roots                 429 us, workers (us): 429, ---, ---, 
[66.878s][info][gc,stats    ]   CMR: VM Strong Roots                6 us, workers (us):   6, ---, ---, 
[66.878s][info][gc,stats    ]   CMR: CLDG Roots                    46 us, workers (us):  46, ---, ---, 
[66.878s][info][gc,stats    ] Concurrent Marking                 5688 us
[66.878s][info][gc,stats    ] Pause Final Mark (G)                378 us
[66.878s][info][gc,stats    ] Pause Final Mark (N)                309 us
[66.878s][info][gc,stats    ]   Finish Mark                        61 us
[66.878s][info][gc,stats    ]   Update Region States               55 us
[66.878s][info][gc,stats    ]   Choose Collection Set              76 us
[66.878s][info][gc,stats    ]   Rebuild Free Set                   21 us
[66.878s][info][gc,stats    ] Concurrent Weak References           89 us, parallelism: 0.05x
[66.878s][info][gc,stats    ]   CWRF: <total>                       5 us
[66.878s][info][gc,stats    ]   CWRF: Weak References               5 us, workers (us):   5, ---, ---, 
[66.878s][info][gc,stats    ] Concurrent Weak Roots               525 us
[66.878s][info][gc,stats    ]   Roots                             451 us, parallelism: 0.95x
[66.878s][info][gc,stats    ]     CWR: <total>                    428 us
[66.878s][info][gc,stats    ]     CWR: Code Cache Roots           365 us, workers (us): 365, ---, ---, 
[66.878s][info][gc,stats    ]     CWR: VM Weak Roots               61 us, workers (us):  61, ---, ---, 
[66.878s][info][gc,stats    ]     CWR: CLDG Roots                   2 us, workers (us):   2, ---, ---, 
[66.878s][info][gc,stats    ]   Rendezvous                         48 us
[66.878s][info][gc,stats    ] Concurrent Cleanup                  124 us
[66.878s][info][gc,stats    ] Concurrent Class Unloading         1849 us
[66.878s][info][gc,stats    ]   Unlink Stale                     1598 us
[66.878s][info][gc,stats    ]     System Dictionary                 1 us
[66.878s][info][gc,stats    ]     Weak Class Links                  0 us
[66.878s][info][gc,stats    ]     Code Roots                     1596 us
[66.878s][info][gc,stats    ]   Rendezvous                        161 us
[66.878s][info][gc,stats    ]   Purge Unlinked                     54 us
[66.878s][info][gc,stats    ]     Code Roots                       51 us
[66.878s][info][gc,stats    ]     CLDG                              2 us
[66.878s][info][gc,stats    ]     Exception Caches                  0 us
[66.878s][info][gc,stats    ] Pause Final Roots (G)              5866 us
[66.878s][info][gc,stats    ] Pause Final Roots (N)                29 us
[66.878s][info][gc,stats    ] Pacing                            48246 us
[66.878s][info][gc,stats    ] 
[66.878s][info][gc,stats    ] Allocation pacing accrued:
[66.878s][info][gc,stats    ]       9 of   638 ms (  1.4%): Thread-78
[66.878s][info][gc,stats    ]       8 of   638 ms (  1.2%): Thread-79
[66.878s][info][gc,stats    ]       8 of   638 ms (  1.2%): Thread-80
[66.878s][info][gc,stats    ]       7 of   638 ms (  1.2%): Thread-81
[66.878s][info][gc,stats    ]       7 of   638 ms (  1.2%): Thread-82
[66.878s][info][gc,stats    ]       9 of   638 ms (  1.4%): Thread-83
[66.878s][info][gc,stats    ]      48 of   638 ms (  7.6%): <total>
[66.878s][info][gc,stats    ]       3 of   638 ms (  0.4%): <average total>
[66.878s][info][gc,stats    ]       8 of   638 ms (  1.3%): <average non-zero>
[66.878s][info][gc,stats    ] 
[66.878s][info][gc,metaspace] Metaspace: 6366K(6528K)->6366K(6528K) NonClass: 5759K(5824K)->5759K(5824K) Class: 606K(704K)->606K(704K)
[66.878s][info][gc,ergo     ] Pacer for Idle. Initial: 20971K, Alloc Tax Rate: 1.0x
[67.140s][info][gc          ] Trigger: Explicit GC request (System.gc())
[67.140s][info][gc,ergo     ] Free: 627M, Max: 512K regular, 423M humongous, Frag: 33% external, 0% internal; Reserve: 52736K, Max: 512K
[67.140s][info][gc,start    ] GC(184) Concurrent reset
[67.140s][info][gc,task     ] GC(184) Using 1 of 3 workers for concurrent reset
[67.140s][info][gc,ergo     ] GC(184) Pacer for Reset. Non-Taxable: 1024M
[67.141s][info][gc          ] GC(184) Concurrent reset 0.482ms
[67.141s][info][gc,start    ] GC(184) Pause Init Mark (unload classes)
[67.141s][info][gc,task     ] GC(184) Using 3 of 3 workers for init marking
[67.141s][info][gc,ref      ] GC(184) Clearing All SoftReferences
[67.141s][info][gc,ergo     ] GC(184) Pacer for Mark. Expected Live: 14222K, Free: 627M, Non-Taxable: 64205K, Alloc Tax Rate: 0.0x
[67.141s][info][gc          ] GC(184) Pause Init Mark (unload classes) 0.142ms
[67.141s][info][gc,start    ] GC(184) Concurrent marking roots
[67.141s][info][gc,task     ] GC(184) Using 1 of 3 workers for concurrent marking roots
[67.142s][info][gc          ] GC(184) Concurrent marking roots 0.503ms
[67.142s][info][gc,start    ] GC(184) Concurrent marking (unload classes)
[67.142s][info][gc,task     ] GC(184) Using 1 of 3 workers for concurrent marking
[67.145s][info][gc          ] GC(184) Concurrent marking (unload classes) 3.560ms
[67.145s][info][gc,start    ] GC(184) Pause Final Mark (unload classes)
[67.145s][info][gc,task     ] GC(184) Using 3 of 3 workers for final marking
[67.146s][info][gc,ergo     ] GC(184) Collectable Garbage: 329M (99%), Immediate: 329M (99%), CSet: 0B (0%)
[67.146s][info][gc          ] GC(184) Pause Final Mark (unload classes) 0.278ms
[67.146s][info][gc,start    ] GC(184) Concurrent weak references
[67.146s][info][gc,task     ] GC(184) Using 1 of 3 workers for concurrent weak references
[67.146s][info][gc,ref      ] GC(184) Encountered references: Soft: 136, Weak: 435, Final: 9, Phantom: 20
[67.146s][info][gc,ref      ] GC(184) Discovered  references: Soft: 91, Weak: 248, Final: 7, Phantom: 16
[67.146s][info][gc,ref      ] GC(184) Enqueued    references: Soft: 12, Weak: 0, Final: 0, Phantom: 1
[67.146s][info][gc          ] GC(184) Concurrent weak references 0.250ms
[67.146s][info][gc,start    ] GC(184) Concurrent weak roots
[67.146s][info][gc,task     ] GC(184) Using 1 of 3 workers for concurrent weak root
[67.147s][info][gc          ] GC(184) Concurrent weak roots 0.583ms
[67.147s][info][gc,start    ] GC(184) Concurrent cleanup
[67.147s][info][gc          ] GC(184) Concurrent cleanup 342M->13M(1024M) 0.052ms
[67.147s][info][gc,ergo     ] GC(184) Free: 958M, Max: 512K regular, 672M humongous, Frag: 30% external, 0% internal; Reserve: 52736K, Max: 512K
[67.147s][info][gc,start    ] GC(184) Concurrent class unloading
[67.147s][info][gc,task     ] GC(184) Using 1 of 3 workers for concurrent class unloading
[67.148s][info][gc          ] GC(184) Concurrent class unloading 1.828ms
[67.149s][info][gc,start    ] GC(184) Pause Final Roots
[67.149s][info][gc          ] GC(184) Pause Final Roots 0.013ms
[67.149s][info][gc,ergo     ] Free: 958M, Max: 512K regular, 672M humongous, Frag: 30% external, 0% internal; Reserve: 52736K, Max: 512K
[67.149s][info][gc,stats    ] 
[67.149s][info][gc,stats    ] All times are wall-clock times, except per-root-class counters, that are sum over
[67.149s][info][gc,stats    ] all workers. Dividing the <total> over the root stage time estimates parallelism.
[67.149s][info][gc,stats    ] 
[67.149s][info][gc,stats    ] Concurrent Reset                    535 us
[67.149s][info][gc,stats    ] Pause Init Mark (G)                 241 us
[67.149s][info][gc,stats    ] Pause Init Mark (N)                 150 us
[67.149s][info][gc,stats    ]   Update Region States               58 us
[67.149s][info][gc,stats    ] Concurrent Mark Roots               528 us, parallelism: 0.69x
[67.149s][info][gc,stats    ]   CMR: <total>                      362 us
[67.149s][info][gc,stats    ]   CMR: Thread Roots                 278 us, workers (us): 278, ---, ---, 
[67.149s][info][gc,stats    ]   CMR: VM Strong Roots                7 us, workers (us):   7, ---, ---, 
[67.149s][info][gc,stats    ]   CMR: CLDG Roots                    77 us, workers (us):  77, ---, ---, 
[67.149s][info][gc,stats    ] Concurrent Marking                 3611 us
[67.149s][info][gc,stats    ] Pause Final Mark (G)                363 us
[67.149s][info][gc,stats    ] Pause Final Mark (N)                300 us
[67.149s][info][gc,stats    ]   Finish Mark                        88 us
[67.149s][info][gc,stats    ]   Update Region States               67 us
[67.149s][info][gc,stats    ]   Choose Collection Set              66 us
[67.149s][info][gc,stats    ]   Rebuild Free Set                   23 us
[67.149s][info][gc,stats    ] Concurrent Weak References          268 us, parallelism: 0.06x
[67.149s][info][gc,stats    ]   CWRF: <total>                      15 us
[67.149s][info][gc,stats    ]   CWRF: Weak References              15 us, workers (us):  15, ---, ---, 
[67.149s][info][gc,stats    ] Concurrent Weak Roots               603 us
[67.149s][info][gc,stats    ]   Roots                             495 us, parallelism: 0.89x
[67.149s][info][gc,stats    ]     CWR: <total>                    439 us
[67.149s][info][gc,stats    ]     CWR: Code Cache Roots           377 us, workers (us): 377, ---, ---, 
[67.149s][info][gc,stats    ]     CWR: VM Weak Roots               60 us, workers (us):  60, ---, ---, 
[67.149s][info][gc,stats    ]     CWR: CLDG Roots                   2 us, workers (us):   2, ---, ---, 
[67.149s][info][gc,stats    ]   Rendezvous                         54 us
[67.149s][info][gc,stats    ] Concurrent Cleanup                   60 us
[67.149s][info][gc,stats    ] Concurrent Class Unloading         1880 us
[67.149s][info][gc,stats    ]   Unlink Stale                     1636 us
[67.149s][info][gc,stats    ]     System Dictionary                 2 us
[67.149s][info][gc,stats    ]     Weak Class Links                  0 us
[67.149s][info][gc,stats    ]     Code Roots                     1633 us
[67.149s][info][gc,stats    ]   Rendezvous                         28 us
[67.149s][info][gc,stats    ]   Purge Unlinked                    145 us
[67.149s][info][gc,stats    ]     Code Roots                      132 us
[67.149s][info][gc,stats    ]     CLDG                             12 us
[67.149s][info][gc,stats    ]     Exception Caches                  0 us
[67.149s][info][gc,stats    ] Pause Final Roots (G)                51 us
[67.149s][info][gc,stats    ] Pause Final Roots (N)                20 us
[67.149s][info][gc,stats    ] 
[67.149s][info][gc,stats    ] Allocation pacing accrued:
[67.149s][info][gc,stats    ]       0 of   271 ms (  0.0%): <total>
[67.149s][info][gc,stats    ]       0 of   271 ms (  0.0%): <average total>
[67.149s][info][gc,stats    ] 
[67.149s][info][gc,metaspace] Metaspace: 6453K(6656K)->6453K(6656K) NonClass: 5838K(5952K)->5838K(5952K) Class: 614K(704K)->614K(704K)
[67.149s][info][gc,ergo     ] Pacer for Idle. Initial: 20971K, Alloc Tax Rate: 1.0x
[67.403s][info][gc          ] Trigger: Learning 2 of 5. Free (701M) is below initial threshold (716M)
[67.403s][info][gc,ergo     ] Free: 701M, Max: 512K regular, 672M humongous, Frag: 5% external, 0% internal; Reserve: 52736K, Max: 512K
[67.405s][info][gc,start    ] GC(185) Concurrent reset
[67.405s][info][gc,task     ] GC(185) Using 1 of 3 workers for concurrent reset
[67.405s][info][gc,ergo     ] GC(185) Pacer for Reset. Non-Taxable: 1024M
[67.406s][info][gc          ] GC(185) Concurrent reset 0.272ms
[67.406s][info][gc,start    ] GC(185) Pause Init Mark (unload classes)
[67.406s][info][gc,task     ] GC(185) Using 3 of 3 workers for init marking
[67.406s][info][gc,ergo     ] GC(185) Pacer for Mark. Expected Live: 13651K, Free: 701M, Non-Taxable: 71782K, Alloc Tax Rate: 0.0x
[67.406s][info][gc          ] GC(185) Pause Init Mark (unload classes) 0.159ms
[67.406s][info][gc,start    ] GC(185) Concurrent marking roots
[67.406s][info][gc,task     ] GC(185) Using 1 of 3 workers for concurrent marking roots
[67.406s][info][gc          ] GC(185) Concurrent marking roots 0.633ms
[67.407s][info][gc,start    ] GC(185) Concurrent marking (unload classes)
[67.407s][info][gc,task     ] GC(185) Using 1 of 3 workers for concurrent marking
[67.411s][info][gc          ] GC(185) Concurrent marking (unload classes) 4.738ms
[67.411s][info][gc,start    ] GC(185) Pause Final Mark (unload classes)
[67.411s][info][gc,task     ] GC(185) Using 3 of 3 workers for final marking
[67.412s][info][gc,ergo     ] GC(185) Adaptive CSet Selection. Target Free: 145M, Actual Free: 985M, Max CSet: 43690K, Min Garbage: 0B
[67.412s][info][gc,ergo     ] GC(185) Collectable Garbage: 256M (99%), Immediate: 233M (90%), CSet: 24161K (9%)
[67.412s][info][gc,ergo     ] GC(185) Pacer for Evacuation. Used CSet: 27136K, Free: 934M, Non-Taxable: 95642K, Alloc Tax Rate: 1.1x
[67.412s][info][gc          ] GC(185) Pause Final Mark (unload classes) 0.478ms
[67.412s][info][gc,start    ] GC(185) Concurrent thread roots
[67.412s][info][gc,task     ] GC(185) Using 1 of 3 workers for Concurrent thread roots
[67.413s][info][gc          ] GC(185) Concurrent thread roots 0.619ms
[67.413s][info][gc,start    ] GC(185) Concurrent weak references
[67.413s][info][gc,task     ] GC(185) Using 1 of 3 workers for concurrent weak references
[67.413s][info][gc,ref      ] GC(185) Encountered references: Soft: 132, Weak: 435, Final: 9, Phantom: 21
[67.413s][info][gc,ref      ] GC(185) Discovered  references: Soft: 0, Weak: 234, Final: 7, Phantom: 14
[67.413s][info][gc,ref      ] GC(185) Enqueued    references: Soft: 0, Weak: 0, Final: 0, Phantom: 0
[67.413s][info][gc          ] GC(185) Concurrent weak references 0.137ms
[67.413s][info][gc,start    ] GC(185) Concurrent weak roots
[67.413s][info][gc,task     ] GC(185) Using 1 of 3 workers for concurrent weak root
[67.413s][info][gc          ] GC(185) Concurrent weak roots 0.605ms
[67.413s][info][gc,start    ] GC(185) Concurrent cleanup
[67.413s][info][gc          ] GC(185) Concurrent cleanup 270M->37M(1024M) 0.042ms
[67.413s][info][gc,ergo     ] GC(185) Free: 934M, Max: 512K regular, 672M humongous, Frag: 29% external, 0% internal; Reserve: 52336K, Max: 512K
[67.413s][info][gc,start    ] GC(185) Concurrent class unloading
[67.413s][info][gc,task     ] GC(185) Using 1 of 3 workers for concurrent class unloading
[67.415s][info][gc          ] GC(185) Concurrent class unloading 2.063ms
[67.416s][info][gc,start    ] GC(185) Concurrent strong roots
[67.416s][info][gc,task     ] GC(185) Using 1 of 3 workers for concurrent strong root
[67.416s][info][gc          ] GC(185) Concurrent strong roots 0.180ms
[67.416s][info][gc,start    ] GC(185) Concurrent evacuation
[67.416s][info][gc,task     ] GC(185) Using 1 of 3 workers for concurrent evacuation
[67.417s][info][gc          ] GC(185) Concurrent evacuation 1.073ms
[67.417s][info][gc,start    ] GC(185) Pause Init Update Refs
[67.417s][info][gc,ergo     ] GC(185) Pacer for Update Refs. Used: 41979K, Free: 934M, Non-Taxable: 95642K, Alloc Tax Rate: 1.1x
[67.417s][info][gc          ] GC(185) Pause Init Update Refs 0.089ms
[67.417s][info][gc,start    ] GC(185) Concurrent update references
[67.417s][info][gc,task     ] GC(185) Using 1 of 3 workers for concurrent reference update
[67.420s][info][gc          ] GC(185) Concurrent update references 2.757ms
[67.420s][info][gc,start    ] GC(185) Concurrent update thread roots
[67.421s][info][gc          ] GC(185) Concurrent update thread roots 0.629ms
[67.421s][info][gc,start    ] GC(185) Pause Final Update Refs
[67.421s][info][gc,task     ] GC(185) Using 3 of 3 workers for final reference update
[67.421s][info][gc          ] GC(185) Pause Final Update Refs 0.091ms
[67.434s][info][gc,start    ] GC(185) Concurrent cleanup
[67.434s][info][gc          ] GC(185) Concurrent cleanup 67M->48M(1024M) 0.045ms
[67.434s][info][gc,ergo     ] Free: 923M, Max: 512K regular, 670M humongous, Frag: 28% external, 0% internal; Reserve: 52736K, Max: 512K
[67.434s][info][gc,stats    ] 
[67.434s][info][gc,stats    ] All times are wall-clock times, except per-root-class counters, that are sum over
[67.434s][info][gc,stats    ] all workers. Dividing the <total> over the root stage time estimates parallelism.
[67.434s][info][gc,stats    ] 
[67.434s][info][gc,stats    ] Concurrent Reset                    311 us
[67.434s][info][gc,stats    ] Pause Init Mark (G)                 268 us
[67.434s][info][gc,stats    ] Pause Init Mark (N)                 169 us
[67.434s][info][gc,stats    ]   Update Region States               69 us
[67.434s][info][gc,stats    ] Concurrent Mark Roots               653 us, parallelism: 0.79x
[67.434s][info][gc,stats    ]   CMR: <total>                      515 us
[67.434s][info][gc,stats    ]   CMR: Thread Roots                 471 us, workers (us): 471, ---, ---, 
[67.435s][info][gc,stats    ]   CMR: VM Strong Roots                4 us, workers (us):   4, ---, ---, 
[67.435s][info][gc,stats    ]   CMR: CLDG Roots                    40 us, workers (us):  40, ---, ---, 
[67.435s][info][gc,stats    ] Concurrent Marking                 4808 us
[67.435s][info][gc,stats    ] Pause Final Mark (G)                617 us
[67.435s][info][gc,stats    ] Pause Final Mark (N)                499 us
[67.435s][info][gc,stats    ]   Finish Mark                       150 us
[67.435s][info][gc,stats    ]   Update Region States               76 us
[67.435s][info][gc,stats    ]   Choose Collection Set             117 us
[67.435s][info][gc,stats    ]   Rebuild Free Set                   22 us
[67.435s][info][gc,stats    ] Concurrent Thread Roots             639 us, parallelism: 0.79x
[67.435s][info][gc,stats    ]   CTR: <total>                      508 us
[67.435s][info][gc,stats    ]   CTR: Thread Roots                 508 us, workers (us): 508, ---, ---, 
[67.435s][info][gc,stats    ] Concurrent Weak References          144 us, parallelism: 0.13x
[67.435s][info][gc,stats    ]   CWRF: <total>                      19 us
[67.435s][info][gc,stats    ]   CWRF: Weak References              19 us, workers (us):  19, ---, ---, 
[67.435s][info][gc,stats    ] Concurrent Weak Roots               627 us
[67.435s][info][gc,stats    ]   Roots                             528 us, parallelism: 0.90x
[67.435s][info][gc,stats    ]     CWR: <total>                    477 us
[67.435s][info][gc,stats    ]     CWR: Code Cache Roots           370 us, workers (us): 370, ---, ---, 
[67.435s][info][gc,stats    ]     CWR: VM Weak Roots              104 us, workers (us): 104, ---, ---, 
[67.435s][info][gc,stats    ]     CWR: CLDG Roots                   3 us, workers (us):   3, ---, ---, 
[67.435s][info][gc,stats    ]   Rendezvous                         59 us
[67.435s][info][gc,stats    ] Concurrent Cleanup                   51 us
[67.435s][info][gc,stats    ] Concurrent Class Unloading         2118 us
[67.435s][info][gc,stats    ]   Unlink Stale                     1709 us
[67.435s][info][gc,stats    ]     System Dictionary                 2 us
[67.435s][info][gc,stats    ]     Weak Class Links                  0 us
[67.435s][info][gc,stats    ]     Code Roots                     1705 us
[67.435s][info][gc,stats    ]   Rendezvous                        179 us
[67.435s][info][gc,stats    ]   Purge Unlinked                    155 us
[67.435s][info][gc,stats    ]     Code Roots                      142 us
[67.435s][info][gc,stats    ]     CLDG                             12 us
[67.435s][info][gc,stats    ]     Exception Caches                  0 us
[67.435s][info][gc,stats    ] Concurrent Strong Roots             219 us, parallelism: 0.35x
[67.435s][info][gc,stats    ]   CSR: <total>                       78 us
[67.435s][info][gc,stats    ]   CSR: VM Strong Roots                5 us, workers (us):   5, ---, ---, 
[67.435s][info][gc,stats    ]   CSR: CLDG Roots                    73 us, workers (us):  73, ---, ---, 
[67.435s][info][gc,stats    ] Concurrent Evacuation              1131 us
[67.435s][info][gc,stats    ] Pause Init Update Refs (G)          216 us
[67.435s][info][gc,stats    ] Pause Init Update Refs (N)          110 us
[67.435s][info][gc,stats    ]   Manage GCLABs                       4 us
[67.435s][info][gc,stats    ] Concurrent Update Refs             2823 us
[67.435s][info][gc,stats    ] Concurrent Update Thread Roots      648 us
[67.435s][info][gc,stats    ] Pause Final Update Refs (G)       13727 us
[67.435s][info][gc,stats    ] Pause Final Update Refs (N)         113 us
[67.435s][info][gc,stats    ]   Update Region States               42 us
[67.435s][info][gc,stats    ]   Trash Collection Set                3 us
[67.435s][info][gc,stats    ]   Rebuild Free Set                    9 us
[67.435s][info][gc,stats    ] Concurrent Cleanup                   67 us
[67.435s][info][gc,stats    ] Pacing                          1014046 us
[67.435s][info][gc,stats    ] 
[67.435s][info][gc,stats    ] Allocation pacing accrued:
[67.435s][info][gc,stats    ]     169 of   286 ms ( 59.3%): Thread-90
[67.435s][info][gc,stats    ]     172 of   286 ms ( 60.2%): Thread-91
[67.435s][info][gc,stats    ]     168 of   286 ms ( 58.8%): Thread-92
[67.435s][info][gc,stats    ]     168 of   286 ms ( 58.9%): Thread-93
[67.435s][info][gc,stats    ]     168 of   286 ms ( 58.8%): Thread-94
[67.435s][info][gc,stats    ]     169 of   286 ms ( 59.1%): Thread-95
[67.435s][info][gc,stats    ]    1014 of   286 ms (355.1%): <total>
[67.435s][info][gc,stats    ]      53 of   286 ms ( 18.7%): <average total>
[67.435s][info][gc,stats    ]     169 of   286 ms ( 59.2%): <average non-zero>
[67.435s][info][gc,stats    ] 
[67.435s][info][gc,metaspace] Metaspace: 6471K(6656K)->6471K(6656K) NonClass: 5856K(5952K)->5856K(5952K) Class: 614K(704K)->614K(704K)
[67.435s][info][gc,ergo     ] Pacer for Idle. Initial: 20971K, Alloc Tax Rate: 1.0x
[67.545s][info][gc          ] Trigger: Learning 3 of 5. Free (685M) is below initial threshold (716M)
[67.545s][info][gc,ergo     ] Free: 684M, Max: 512K regular, 670M humongous, Frag: 3% external, 0% internal; Reserve: 52736K, Max: 512K
[67.545s][info][gc,start    ] GC(186) Concurrent reset
[67.545s][info][gc,task     ] GC(186) Using 1 of 3 workers for concurrent reset
[67.545s][info][gc,ergo     ] GC(186) Pacer for Reset. Non-Taxable: 1024M
[67.545s][info][gc          ] GC(186) Concurrent reset 0.212ms
[67.545s][info][gc,start    ] GC(186) Pause Init Mark (unload classes)
[67.545s][info][gc,task     ] GC(186) Using 3 of 3 workers for init marking
[67.545s][info][gc,ergo     ] GC(186) Pacer for Mark. Expected Live: 13573K, Free: 684M, Non-Taxable: 70043K, Alloc Tax Rate: 0.0x
[67.546s][info][gc          ] GC(186) Pause Init Mark (unload classes) 0.118ms
[67.548s][info][gc,start    ] GC(186) Concurrent marking roots
[67.548s][info][gc,task     ] GC(186) Using 1 of 3 workers for concurrent marking roots
[67.549s][info][gc          ] GC(186) Concurrent marking roots 0.540ms
[67.549s][info][gc,start    ] GC(186) Concurrent marking (unload classes)
[67.549s][info][gc,task     ] GC(186) Using 1 of 3 workers for concurrent marking
[67.554s][info][gc          ] GC(186) Concurrent marking (unload classes) 5.781ms
[67.554s][info][gc,start    ] GC(186) Pause Final Mark (unload classes)
[67.554s][info][gc,task     ] GC(186) Using 3 of 3 workers for final marking
[67.555s][info][gc,ergo     ] GC(186) Adaptive CSet Selection. Target Free: 145M, Actual Free: 933M, Max CSet: 43690K, Min Garbage: 0B
[67.555s][info][gc,ergo     ] GC(186) Collectable Garbage: 273M (99%), Immediate: 216M (79%), CSet: 57975K (20%)
[67.555s][info][gc,ergo     ] GC(186) Pacer for Evacuation. Used CSet: 60416K, Free: 882M, Non-Taxable: 90317K, Alloc Tax Rate: 1.1x
[67.555s][info][gc          ] GC(186) Pause Final Mark (unload classes) 0.212ms
[67.555s][info][gc,start    ] GC(186) Concurrent thread roots
[67.555s][info][gc,task     ] GC(186) Using 1 of 3 workers for Concurrent thread roots
[67.555s][info][gc          ] GC(186) Concurrent thread roots 0.507ms
[67.555s][info][gc,start    ] GC(186) Concurrent weak references
[67.555s][info][gc,task     ] GC(186) Using 1 of 3 workers for concurrent weak references
[67.555s][info][gc,ref      ] GC(186) Encountered references: Soft: 132, Weak: 435, Final: 9, Phantom: 21
[67.555s][info][gc,ref      ] GC(186) Discovered  references: Soft: 0, Weak: 234, Final: 7, Phantom: 14
[67.555s][info][gc,ref      ] GC(186) Enqueued    references: Soft: 0, Weak: 0, Final: 0, Phantom: 0
[67.555s][info][gc          ] GC(186) Concurrent weak references 0.054ms
[67.555s][info][gc,start    ] GC(186) Concurrent weak roots
[67.555s][info][gc,task     ] GC(186) Using 1 of 3 workers for concurrent weak root
[67.561s][info][gc          ] GC(186) Concurrent weak roots 5.239ms
[67.561s][info][gc,start    ] GC(186) Concurrent cleanup
[67.561s][info][gc          ] GC(186) Concurrent cleanup 320M->104M(1024M) 0.051ms
[67.561s][info][gc,ergo     ] GC(186) Free: 869M, Max: 512K regular, 653M humongous, Frag: 25% external, 0% internal; Reserve: 51167K, Max: 512K
[67.561s][info][gc,start    ] GC(186) Concurrent class unloading
[67.561s][info][gc,task     ] GC(186) Using 1 of 3 workers for concurrent class unloading
[67.571s][info][gc          ] GC(186) Concurrent class unloading 10.013ms
[67.571s][info][gc,start    ] GC(186) Concurrent strong roots
[67.571s][info][gc,task     ] GC(186) Using 1 of 3 workers for concurrent strong root
[67.571s][info][gc          ] GC(186) Concurrent strong roots 0.094ms
[67.571s][info][gc,start    ] GC(186) Concurrent evacuation
[67.571s][info][gc,task     ] GC(186) Using 1 of 3 workers for concurrent evacuation
[67.572s][info][gc          ] GC(186) Concurrent evacuation 1.110ms
[67.572s][info][gc,start    ] GC(186) Pause Init Update Refs
[67.572s][info][gc,ergo     ] GC(186) Pacer for Update Refs. Used: 127M, Free: 847M, Non-Taxable: 86788K, Alloc Tax Rate: 1.1x
[67.572s][info][gc          ] GC(186) Pause Init Update Refs 0.045ms
[67.580s][info][gc,start    ] GC(186) Concurrent update references
[67.580s][info][gc,task     ] GC(186) Using 1 of 3 workers for concurrent reference update
[67.585s][info][gc          ] GC(186) Concurrent update references 4.849ms
[67.585s][info][gc,start    ] GC(186) Concurrent update thread roots
[67.587s][info][gc          ] GC(186) Concurrent update thread roots 2.259ms
[67.588s][info][gc,start    ] GC(186) Pause Final Update Refs
[67.588s][info][gc,task     ] GC(186) Using 3 of 3 workers for final reference update
[67.588s][info][gc          ] GC(186) Pause Final Update Refs 0.130ms
[67.589s][info][gc,start    ] GC(186) Concurrent cleanup
[67.590s][info][gc          ] GC(186) Concurrent cleanup 156M->97M(1024M) 0.052ms
[67.590s][info][gc,ergo     ] Free: 873M, Max: 512K regular, 651M humongous, Frag: 26% external, 0% internal; Reserve: 52736K, Max: 512K
[67.590s][info][gc,stats    ] 
[67.590s][info][gc,stats    ] All times are wall-clock times, except per-root-class counters, that are sum over
[67.590s][info][gc,stats    ] all workers. Dividing the <total> over the root stage time estimates parallelism.
[67.590s][info][gc,stats    ] 
[67.590s][info][gc,stats    ] Concurrent Reset                    222 us
[67.590s][info][gc,stats    ] Pause Init Mark (G)                2741 us
[67.590s][info][gc,stats    ] Pause Init Mark (N)                 130 us
[67.590s][info][gc,stats    ]   Update Region States               30 us
[67.590s][info][gc,stats    ] Concurrent Mark Roots               550 us, parallelism: 0.86x
[67.590s][info][gc,stats    ]   CMR: <total>                      474 us
[67.590s][info][gc,stats    ]   CMR: Thread Roots                 423 us, workers (us): 423, ---, ---, 
[67.590s][info][gc,stats    ]   CMR: VM Strong Roots                6 us, workers (us):   6, ---, ---, 
[67.590s][info][gc,stats    ]   CMR: CLDG Roots                    45 us, workers (us):  45, ---, ---, 
[67.590s][info][gc,stats    ] Concurrent Marking                 5817 us
[67.590s][info][gc,stats    ] Pause Final Mark (G)                323 us
[67.590s][info][gc,stats    ] Pause Final Mark (N)                221 us
[67.590s][info][gc,stats    ]   Finish Mark                        46 us
[67.590s][info][gc,stats    ]   Update Region States               40 us
[67.590s][info][gc,stats    ]   Choose Collection Set              66 us
[67.590s][info][gc,stats    ]   Rebuild Free Set                    8 us
[67.590s][info][gc,stats    ] Concurrent Thread Roots             518 us, parallelism: 0.87x
[67.590s][info][gc,stats    ]   CTR: <total>                      451 us
[67.590s][info][gc,stats    ]   CTR: Thread Roots                 451 us, workers (us): 451, ---, ---, 
[67.590s][info][gc,stats    ] Concurrent Weak References           61 us, parallelism: 0.15x
[67.590s][info][gc,stats    ]   CWRF: <total>                       9 us
[67.590s][info][gc,stats    ]   CWRF: Weak References               9 us, workers (us):   9, ---, ---, 
[67.590s][info][gc,stats    ] Concurrent Weak Roots              5265 us
[67.590s][info][gc,stats    ]   Roots                             527 us, parallelism: 0.97x
[67.590s][info][gc,stats    ]     CWR: <total>                    510 us
[67.590s][info][gc,stats    ]     CWR: Code Cache Roots           404 us, workers (us): 404, ---, ---, 
[67.590s][info][gc,stats    ]     CWR: VM Weak Roots              104 us, workers (us): 104, ---, ---, 
[67.590s][info][gc,stats    ]     CWR: CLDG Roots                   2 us, workers (us):   2, ---, ---, 
[67.590s][info][gc,stats    ]   Rendezvous                       4696 us
[67.590s][info][gc,stats    ] Concurrent Cleanup                   59 us
[67.590s][info][gc,stats    ] Concurrent Class Unloading        10067 us
[67.590s][info][gc,stats    ]   Unlink Stale                     1925 us
[67.590s][info][gc,stats    ]     System Dictionary                 4 us
[67.590s][info][gc,stats    ]     Weak Class Links                  0 us
[67.590s][info][gc,stats    ]     Code Roots                     1920 us
[67.590s][info][gc,stats    ]   Rendezvous                       7895 us
[67.590s][info][gc,stats    ]   Purge Unlinked                    172 us
[67.590s][info][gc,stats    ]     Code Roots                      166 us
[67.590s][info][gc,stats    ]     CLDG                              6 us
[67.590s][info][gc,stats    ]     Exception Caches                  0 us
[67.590s][info][gc,stats    ] Concurrent Strong Roots             112 us, parallelism: 0.47x
[67.590s][info][gc,stats    ]   CSR: <total>                       53 us
[67.590s][info][gc,stats    ]   CSR: VM Strong Roots                5 us, workers (us):   5, ---, ---, 
[67.590s][info][gc,stats    ]   CSR: CLDG Roots                    48 us, workers (us):  48, ---, ---, 
[67.590s][info][gc,stats    ] Concurrent Evacuation              1205 us
[67.590s][info][gc,stats    ] Pause Init Update Refs (G)         8259 us
[67.590s][info][gc,stats    ] Pause Init Update Refs (N)           54 us
[67.590s][info][gc,stats    ]   Manage GCLABs                       4 us
[67.590s][info][gc,stats    ] Concurrent Update Refs             4916 us
[67.590s][info][gc,stats    ] Concurrent Update Thread Roots     2295 us
[67.590s][info][gc,stats    ] Pause Final Update Refs (G)        1959 us
[67.590s][info][gc,stats    ] Pause Final Update Refs (N)         149 us
[67.590s][info][gc,stats    ]   Update Region States               49 us
[67.590s][info][gc,stats    ]   Trash Collection Set                5 us
[67.590s][info][gc,stats    ]   Rebuild Free Set                   17 us
[67.590s][info][gc,stats    ] Concurrent Cleanup                   63 us
[67.590s][info][gc,stats    ] Pacing                            39230 us
[67.590s][info][gc,stats    ] 
[67.590s][info][gc,stats    ] Allocation pacing accrued:
[67.590s][info][gc,stats    ]       6 of   155 ms (  4.1%): Thread-90
[67.590s][info][gc,stats    ]       6 of   155 ms (  4.1%): Thread-91
[67.590s][info][gc,stats    ]       6 of   155 ms (  4.2%): Thread-92
[67.590s][info][gc,stats    ]       6 of   155 ms (  4.1%): Thread-93
[67.590s][info][gc,stats    ]       7 of   155 ms (  4.6%): Thread-94
[67.590s][info][gc,stats    ]       7 of   155 ms (  4.2%): Thread-95
[67.590s][info][gc,stats    ]      39 of   155 ms ( 25.3%): <total>
[67.590s][info][gc,stats    ]       2 of   155 ms (  1.3%): <average total>
[67.590s][info][gc,stats    ]       7 of   155 ms (  4.2%): <average non-zero>
[67.590s][info][gc,stats    ] 
[67.590s][info][gc,metaspace] Metaspace: 6471K(6656K)->6471K(6656K) NonClass: 5856K(5952K)->5856K(5952K) Class: 614K(704K)->614K(704K)
[67.590s][info][gc,ergo     ] Pacer for Idle. Initial: 20971K, Alloc Tax Rate: 1.0x
[67.670s][info][gc          ] Trigger: Learning 4 of 5. Free (677M) is below initial threshold (716M)
[67.670s][info][gc,ergo     ] Free: 677M, Max: 512K regular, 651M humongous, Frag: 4% external, 0% internal; Reserve: 52736K, Max: 512K
[67.670s][info][gc,start    ] GC(187) Concurrent reset
[67.670s][info][gc,task     ] GC(187) Using 1 of 3 workers for concurrent reset
[67.670s][info][gc,ergo     ] GC(187) Pacer for Reset. Non-Taxable: 1024M
[67.671s][info][gc          ] GC(187) Concurrent reset 0.324ms
[67.671s][info][gc,start    ] GC(187) Pause Init Mark (unload classes)
[67.671s][info][gc,task     ] GC(187) Using 3 of 3 workers for init marking
[67.671s][info][gc,ergo     ] GC(187) Pacer for Mark. Expected Live: 13599K, Free: 676M, Non-Taxable: 69274K, Alloc Tax Rate: 0.0x
[67.671s][info][gc          ] GC(187) Pause Init Mark (unload classes) 0.144ms
[67.673s][info][gc,start    ] GC(187) Concurrent marking roots
[67.673s][info][gc,task     ] GC(187) Using 1 of 3 workers for concurrent marking roots
[67.673s][info][gc          ] GC(187) Concurrent marking roots 0.599ms
[67.673s][info][gc,start    ] GC(187) Concurrent marking (unload classes)
[67.673s][info][gc,task     ] GC(187) Using 1 of 3 workers for concurrent marking
[67.686s][info][gc          ] GC(187) Concurrent marking (unload classes) 12.511ms
[67.686s][info][gc,start    ] GC(187) Pause Final Mark (unload classes)
[67.686s][info][gc,task     ] GC(187) Using 3 of 3 workers for final marking
[67.686s][info][gc,ergo     ] GC(187) Adaptive CSet Selection. Target Free: 145M, Actual Free: 855M, Max CSet: 43690K, Min Garbage: 0B
[67.686s][info][gc,ergo     ] GC(187) Collectable Garbage: 280M (99%), Immediate: 160M (56%), CSet: 120M (42%)
[67.686s][info][gc,ergo     ] GC(187) Pacer for Evacuation. Used CSet: 123M, Free: 803M, Non-Taxable: 82278K, Alloc Tax Rate: 1.1x
[67.686s][info][gc          ] GC(187) Pause Final Mark (unload classes) 0.243ms
[67.688s][info][gc,start    ] GC(187) Concurrent thread roots
[67.688s][info][gc,task     ] GC(187) Using 1 of 3 workers for Concurrent thread roots
[67.689s][info][gc          ] GC(187) Concurrent thread roots 0.507ms
[67.689s][info][gc,start    ] GC(187) Concurrent weak references
[67.689s][info][gc,task     ] GC(187) Using 1 of 3 workers for concurrent weak references
[67.689s][info][gc,ref      ] GC(187) Encountered references: Soft: 132, Weak: 435, Final: 9, Phantom: 21
[67.689s][info][gc,ref      ] GC(187) Discovered  references: Soft: 0, Weak: 234, Final: 7, Phantom: 14
[67.689s][info][gc,ref      ] GC(187) Enqueued    references: Soft: 0, Weak: 0, Final: 0, Phantom: 0
[67.689s][info][gc          ] GC(187) Concurrent weak references 0.059ms
[67.689s][info][gc,start    ] GC(187) Concurrent weak roots
[67.689s][info][gc,task     ] GC(187) Using 1 of 3 workers for concurrent weak root
[67.692s][info][gc          ] GC(187) Concurrent weak roots 3.469ms
[67.692s][info][gc,start    ] GC(187) Concurrent cleanup
[67.692s][info][gc          ] GC(187) Concurrent cleanup 339M->179M(1024M) 0.041ms
[67.692s][info][gc,ergo     ] GC(187) Free: 792M, Max: 512K regular, 634M humongous, Frag: 20% external, 0% internal; Reserve: 51933K, Max: 512K
[67.692s][info][gc,start    ] GC(187) Concurrent class unloading
[67.692s][info][gc,task     ] GC(187) Using 1 of 3 workers for concurrent class unloading
[67.696s][info][gc          ] GC(187) Concurrent class unloading 3.961ms
[67.696s][info][gc,start    ] GC(187) Concurrent strong roots
[67.696s][info][gc,task     ] GC(187) Using 1 of 3 workers for concurrent strong root
[67.696s][info][gc          ] GC(187) Concurrent strong roots 0.085ms
[67.696s][info][gc,start    ] GC(187) Concurrent evacuation
[67.696s][info][gc,task     ] GC(187) Using 1 of 3 workers for concurrent evacuation
[67.698s][info][gc          ] GC(187) Concurrent evacuation 1.646ms
[67.698s][info][gc,start    ] GC(187) Pause Init Update Refs
[67.698s][info][gc,ergo     ] GC(187) Pacer for Update Refs. Used: 192M, Free: 782M, Non-Taxable: 80085K, Alloc Tax Rate: 1.1x
[67.698s][info][gc          ] GC(187) Pause Init Update Refs 0.055ms
[67.706s][info][gc,start    ] GC(187) Concurrent update references
[67.706s][info][gc,task     ] GC(187) Using 1 of 3 workers for concurrent reference update
[67.713s][info][gc          ] GC(187) Concurrent update references 7.150ms
[67.713s][info][gc,start    ] GC(187) Concurrent update thread roots
[67.714s][info][gc          ] GC(187) Concurrent update thread roots 0.557ms
[67.714s][info][gc,start    ] GC(187) Pause Final Update Refs
[67.714s][info][gc,task     ] GC(187) Using 3 of 3 workers for final reference update
[67.714s][info][gc          ] GC(187) Pause Final Update Refs 0.117ms
[67.718s][info][gc,start    ] GC(187) Concurrent cleanup
[67.718s][info][gc          ] GC(187) Concurrent cleanup 226M->103M(1024M) 0.036ms
[67.718s][info][gc,ergo     ] Free: 867M, Max: 512K regular, 633M humongous, Frag: 28% external, 0% internal; Reserve: 52736K, Max: 512K
[67.718s][info][gc,stats    ] 
[67.718s][info][gc,stats    ] All times are wall-clock times, except per-root-class counters, that are sum over
[67.718s][info][gc,stats    ] all workers. Dividing the <total> over the root stage time estimates parallelism.
[67.718s][info][gc,stats    ] 
[67.718s][info][gc,stats    ] Concurrent Reset                    353 us
[67.718s][info][gc,stats    ] Pause Init Mark (G)                2047 us
[67.718s][info][gc,stats    ] Pause Init Mark (N)                 154 us
[67.718s][info][gc,stats    ]   Update Region States               45 us
[67.718s][info][gc,stats    ] Concurrent Mark Roots               617 us, parallelism: 0.86x
[67.718s][info][gc,stats    ]   CMR: <total>                      530 us
[67.718s][info][gc,stats    ]   CMR: Thread Roots                 476 us, workers (us): 476, ---, ---, 
[67.718s][info][gc,stats    ]   CMR: VM Strong Roots                6 us, workers (us):   6, ---, ---, 
[67.718s][info][gc,stats    ]   CMR: CLDG Roots                    48 us, workers (us):  48, ---, ---, 
[67.718s][info][gc,stats    ] Concurrent Marking                12574 us
[67.718s][info][gc,stats    ] Pause Final Mark (G)               2116 us
[67.718s][info][gc,stats    ] Pause Final Mark (N)                253 us
[67.718s][info][gc,stats    ]   Finish Mark                        49 us
[67.718s][info][gc,stats    ]   Update Region States               41 us
[67.718s][info][gc,stats    ]   Choose Collection Set              94 us
[67.718s][info][gc,stats    ]   Rebuild Free Set                    9 us
[67.718s][info][gc,stats    ] Concurrent Thread Roots             517 us, parallelism: 0.89x
[67.718s][info][gc,stats    ]   CTR: <total>                      461 us
[67.718s][info][gc,stats    ]   CTR: Thread Roots                 461 us, workers (us): 461, ---, ---, 
[67.718s][info][gc,stats    ] Concurrent Weak References           66 us, parallelism: 0.20x
[67.718s][info][gc,stats    ]   CWRF: <total>                      14 us
[67.718s][info][gc,stats    ]   CWRF: Weak References              14 us, workers (us):  14, ---, ---, 
[67.718s][info][gc,stats    ] Concurrent Weak Roots              3495 us
[67.718s][info][gc,stats    ]   Roots                             561 us, parallelism: 0.97x
[67.718s][info][gc,stats    ]     CWR: <total>                    542 us
[67.718s][info][gc,stats    ]     CWR: Code Cache Roots           434 us, workers (us): 434, ---, ---, 
[67.718s][info][gc,stats    ]     CWR: VM Weak Roots              105 us, workers (us): 105, ---, ---, 
[67.718s][info][gc,stats    ]     CWR: CLDG Roots                   2 us, workers (us):   2, ---, ---, 
[67.718s][info][gc,stats    ]   Rendezvous                       2891 us
[67.718s][info][gc,stats    ] Concurrent Cleanup                   50 us
[67.718s][info][gc,stats    ] Concurrent Class Unloading         4004 us
[67.718s][info][gc,stats    ]   Unlink Stale                     1885 us
[67.718s][info][gc,stats    ]     System Dictionary                 2 us
[67.718s][info][gc,stats    ]     Weak Class Links                  0 us
[67.718s][info][gc,stats    ]     Code Roots                     1882 us
[67.718s][info][gc,stats    ]   Rendezvous                       1975 us
[67.718s][info][gc,stats    ]   Purge Unlinked                     82 us
[67.718s][info][gc,stats    ]     Code Roots                       76 us
[67.718s][info][gc,stats    ]     CLDG                              5 us
[67.718s][info][gc,stats    ]     Exception Caches                  0 us
[67.718s][info][gc,stats    ] Concurrent Strong Roots              94 us, parallelism: 0.57x
[67.718s][info][gc,stats    ]   CSR: <total>                       54 us
[67.718s][info][gc,stats    ]   CSR: VM Strong Roots                4 us, workers (us):   4, ---, ---, 
[67.718s][info][gc,stats    ]   CSR: CLDG Roots                    50 us, workers (us):  50, ---, ---, 
[67.718s][info][gc,stats    ] Concurrent Evacuation              1691 us
[67.718s][info][gc,stats    ] Pause Init Update Refs (G)         7998 us
[67.718s][info][gc,stats    ] Pause Init Update Refs (N)           64 us
[67.718s][info][gc,stats    ]   Manage GCLABs                       3 us
[67.718s][info][gc,stats    ] Concurrent Update Refs             7199 us
[67.718s][info][gc,stats    ] Concurrent Update Thread Roots      581 us
[67.718s][info][gc,stats    ] Pause Final Update Refs (G)        4032 us
[67.718s][info][gc,stats    ] Pause Final Update Refs (N)         139 us
[67.718s][info][gc,stats    ]   Update Region States               44 us
[67.718s][info][gc,stats    ]   Trash Collection Set                7 us
[67.718s][info][gc,stats    ]   Rebuild Free Set                   16 us
[67.718s][info][gc,stats    ] Concurrent Cleanup                   46 us
[67.718s][info][gc,stats    ] 
[67.718s][info][gc,stats    ] Allocation pacing accrued:
[67.718s][info][gc,stats    ]       0 of   128 ms (  0.0%): <total>
[67.718s][info][gc,stats    ]       0 of   128 ms (  0.0%): <average total>
[67.718s][info][gc,stats    ] 
[67.718s][info][gc,metaspace] Metaspace: 6471K(6656K)->6471K(6656K) NonClass: 5856K(5952K)->5856K(5952K) Class: 614K(704K)->614K(704K)
[67.718s][info][gc,ergo     ] Pacer for Idle. Initial: 20971K, Alloc Tax Rate: 1.0x
[67.797s][info][gc          ] Trigger: Learning 5 of 5. Free (700M) is below initial threshold (716M)
[67.797s][info][gc,ergo     ] Free: 699M, Max: 512K regular, 633M humongous, Frag: 10% external, 0% internal; Reserve: 52736K, Max: 512K
[67.797s][info][gc,start    ] GC(188) Concurrent reset
[67.797s][info][gc,task     ] GC(188) Using 1 of 3 workers for concurrent reset
[67.797s][info][gc,ergo     ] GC(188) Pacer for Reset. Non-Taxable: 1024M
[67.798s][info][gc          ] GC(188) Concurrent reset 0.568ms
[67.798s][info][gc,start    ] GC(188) Pause Init Mark (unload classes)
[67.798s][info][gc,task     ] GC(188) Using 3 of 3 workers for init marking
[67.798s][info][gc,ergo     ] GC(188) Pacer for Mark. Expected Live: 13601K, Free: 698M, Non-Taxable: 71543K, Alloc Tax Rate: 0.0x
[67.798s][info][gc          ] GC(188) Pause Init Mark (unload classes) 0.130ms
[67.806s][info][gc,start    ] GC(188) Concurrent marking roots
[67.806s][info][gc,task     ] GC(188) Using 1 of 3 workers for concurrent marking roots
[67.806s][info][gc          ] GC(188) Concurrent marking roots 0.573ms
[67.806s][info][gc,start    ] GC(188) Concurrent marking (unload classes)
[67.806s][info][gc,task     ] GC(188) Using 1 of 3 workers for concurrent marking
[67.813s][info][gc          ] GC(188) Concurrent marking (unload classes) 6.473ms
[67.813s][info][gc,start    ] GC(188) Pause Final Mark (unload classes)
[67.813s][info][gc,task     ] GC(188) Using 3 of 3 workers for final marking
[67.813s][info][gc,ergo     ] GC(188) Adaptive CSet Selection. Target Free: 145M, Actual Free: 950M, Max CSet: 43690K, Min Garbage: 0B
[67.813s][info][gc,ergo     ] GC(188) Collectable Garbage: 258M (99%), Immediate: 226M (87%), CSet: 32401K (12%)
[67.813s][info][gc,ergo     ] GC(188) Pacer for Evacuation. Used CSet: 34816K, Free: 899M, Non-Taxable: 92062K, Alloc Tax Rate: 1.1x
[67.813s][info][gc          ] GC(188) Pause Final Mark (unload classes) 0.187ms
[67.815s][info][gc,start    ] GC(188) Concurrent thread roots
[67.815s][info][gc,task     ] GC(188) Using 1 of 3 workers for Concurrent thread roots
[67.815s][info][gc          ] GC(188) Concurrent thread roots 0.494ms
[67.815s][info][gc,start    ] GC(188) Concurrent weak references
[67.815s][info][gc,task     ] GC(188) Using 1 of 3 workers for concurrent weak references
[67.815s][info][gc,ref      ] GC(188) Encountered references: Soft: 132, Weak: 435, Final: 9, Phantom: 21
[67.815s][info][gc,ref      ] GC(188) Discovered  references: Soft: 0, Weak: 234, Final: 7, Phantom: 14
[67.815s][info][gc,ref      ] GC(188) Enqueued    references: Soft: 0, Weak: 0, Final: 0, Phantom: 0
[67.815s][info][gc          ] GC(188) Concurrent weak references 0.057ms
[67.815s][info][gc,start    ] GC(188) Concurrent weak roots
[67.815s][info][gc,task     ] GC(188) Using 1 of 3 workers for concurrent weak root
[67.817s][info][gc          ] GC(188) Concurrent weak roots 1.412ms
[67.817s][info][gc,start    ] GC(188) Concurrent cleanup
[67.817s][info][gc          ] GC(188) Concurrent cleanup 307M->80M(1024M) 0.049ms
[67.817s][info][gc,ergo     ] GC(188) Free: 891M, Max: 512K regular, 671M humongous, Frag: 25% external, 0% internal; Reserve: 52276K, Max: 512K
[67.817s][info][gc,start    ] GC(188) Concurrent class unloading
[67.817s][info][gc,task     ] GC(188) Using 1 of 3 workers for concurrent class unloading
[67.827s][info][gc          ] GC(188) Concurrent class unloading 9.952ms
[67.827s][info][gc,start    ] GC(188) Concurrent strong roots
[67.827s][info][gc,task     ] GC(188) Using 1 of 3 workers for concurrent strong root
[67.827s][info][gc          ] GC(188) Concurrent strong roots 0.089ms
[67.827s][info][gc,start    ] GC(188) Concurrent evacuation
[67.827s][info][gc,task     ] GC(188) Using 1 of 3 workers for concurrent evacuation
[67.828s][info][gc          ] GC(188) Concurrent evacuation 0.967ms
[67.828s][info][gc,start    ] GC(188) Pause Init Update Refs
[67.828s][info][gc,ergo     ] GC(188) Pacer for Update Refs. Used: 103M, Free: 871M, Non-Taxable: 89197K, Alloc Tax Rate: 1.1x
[67.828s][info][gc          ] GC(188) Pause Init Update Refs 0.044ms
[67.832s][info][gc,start    ] GC(188) Concurrent update references
[67.832s][info][gc,task     ] GC(188) Using 1 of 3 workers for concurrent reference update
[67.838s][info][gc          ] GC(188) Concurrent update references 5.834ms
[67.838s][info][gc,start    ] GC(188) Concurrent update thread roots
[67.844s][info][gc          ] GC(188) Concurrent update thread roots 6.034ms
[67.844s][info][gc,start    ] GC(188) Pause Final Update Refs
[67.844s][info][gc,task     ] GC(188) Using 3 of 3 workers for final reference update
[67.844s][info][gc          ] GC(188) Pause Final Update Refs 0.103ms
[67.848s][info][gc,start    ] GC(188) Concurrent cleanup
[67.848s][info][gc          ] GC(188) Concurrent cleanup 138M->104M(1024M) 0.031ms
[67.848s][info][gc,ergo     ] Free: 866M, Max: 512K regular, 670M humongous, Frag: 23% external, 0% internal; Reserve: 52736K, Max: 512K
[67.848s][info][gc,stats    ] 
[67.848s][info][gc,stats    ] All times are wall-clock times, except per-root-class counters, that are sum over
[67.848s][info][gc,stats    ] all workers. Dividing the <total> over the root stage time estimates parallelism.
[67.848s][info][gc,stats    ] 
[67.848s][info][gc,stats    ] Concurrent Reset                    594 us
[67.848s][info][gc,stats    ] Pause Init Mark (G)                8083 us
[67.848s][info][gc,stats    ] Pause Init Mark (N)                 140 us
[67.848s][info][gc,stats    ]   Update Region States               42 us
[67.848s][info][gc,stats    ] Concurrent Mark Roots               583 us, parallelism: 0.83x
[67.848s][info][gc,stats    ]   CMR: <total>                      484 us
[67.848s][info][gc,stats    ]   CMR: Thread Roots                 434 us, workers (us): 434, ---, ---, 
[67.848s][info][gc,stats    ]   CMR: VM Strong Roots                5 us, workers (us):   5, ---, ---, 
[67.848s][info][gc,stats    ]   CMR: CLDG Roots                    45 us, workers (us):  45, ---, ---, 
[67.848s][info][gc,stats    ] Concurrent Marking                 6521 us
[67.848s][info][gc,stats    ] Pause Final Mark (G)               2024 us
[67.848s][info][gc,stats    ] Pause Final Mark (N)                195 us
[67.848s][info][gc,stats    ]   Finish Mark                        43 us
[67.848s][info][gc,stats    ]   Update Region States               36 us
[67.848s][info][gc,stats    ]   Choose Collection Set              58 us
[67.848s][info][gc,stats    ]   Rebuild Free Set                    8 us
[67.848s][info][gc,stats    ] Concurrent Thread Roots             504 us, parallelism: 0.89x
[67.848s][info][gc,stats    ]   CTR: <total>                      447 us
[67.848s][info][gc,stats    ]   CTR: Thread Roots                 447 us, workers (us): 447, ---, ---, 
[67.848s][info][gc,stats    ] Concurrent Weak References           64 us, parallelism: 0.15x
[67.848s][info][gc,stats    ]   CWRF: <total>                      10 us
[67.848s][info][gc,stats    ]   CWRF: Weak References              10 us, workers (us):  10, ---, ---, 
[67.848s][info][gc,stats    ] Concurrent Weak Roots              1441 us
[67.848s][info][gc,stats    ]   Roots                             541 us, parallelism: 0.97x
[67.848s][info][gc,stats    ]     CWR: <total>                    523 us
[67.848s][info][gc,stats    ]     CWR: Code Cache Roots           412 us, workers (us): 412, ---, ---, 
[67.848s][info][gc,stats    ]     CWR: VM Weak Roots              108 us, workers (us): 108, ---, ---, 
[67.848s][info][gc,stats    ]     CWR: CLDG Roots                   2 us, workers (us):   2, ---, ---, 
[67.848s][info][gc,stats    ]   Rendezvous                        855 us
[67.848s][info][gc,stats    ] Concurrent Cleanup                   58 us
[67.848s][info][gc,stats    ] Concurrent Class Unloading        10000 us
[67.848s][info][gc,stats    ]   Unlink Stale                     1817 us
[67.848s][info][gc,stats    ]     System Dictionary                 3 us
[67.848s][info][gc,stats    ]     Weak Class Links                  0 us
[67.848s][info][gc,stats    ]     Code Roots                     1813 us
[67.848s][info][gc,stats    ]   Rendezvous                       7983 us
[67.848s][info][gc,stats    ]   Purge Unlinked                    129 us
[67.848s][info][gc,stats    ]     Code Roots                      124 us
[67.848s][info][gc,stats    ]     CLDG                              4 us
[67.848s][info][gc,stats    ]     Exception Caches                  0 us
[67.848s][info][gc,stats    ] Concurrent Strong Roots              98 us, parallelism: 0.53x
[67.848s][info][gc,stats    ]   CSR: <total>                       52 us
[67.848s][info][gc,stats    ]   CSR: VM Strong Roots                5 us, workers (us):   5, ---, ---, 
[67.848s][info][gc,stats    ]   CSR: CLDG Roots                    47 us, workers (us):  47, ---, ---, 
[67.848s][info][gc,stats    ] Concurrent Evacuation               996 us
[67.848s][info][gc,stats    ] Pause Init Update Refs (G)         3946 us
[67.848s][info][gc,stats    ] Pause Init Update Refs (N)           53 us
[67.848s][info][gc,stats    ]   Manage GCLABs                       3 us
[67.848s][info][gc,stats    ] Concurrent Update Refs             5883 us
[67.848s][info][gc,stats    ] Concurrent Update Thread Roots     6059 us
[67.848s][info][gc,stats    ] Pause Final Update Refs (G)        3973 us
[67.848s][info][gc,stats    ] Pause Final Update Refs (N)         125 us
[67.848s][info][gc,stats    ]   Update Region States               41 us
[67.848s][info][gc,stats    ]   Trash Collection Set                4 us
[67.848s][info][gc,stats    ]   Rebuild Free Set                   15 us
[67.848s][info][gc,stats    ] Concurrent Cleanup                   41 us
[67.848s][info][gc,stats    ] Pacing                            34044 us
[67.848s][info][gc,stats    ] 
[67.848s][info][gc,stats    ] Allocation pacing accrued:
[67.848s][info][gc,stats    ]       5 of   130 ms (  4.0%): Thread-90
[67.848s][info][gc,stats    ]       6 of   130 ms (  4.8%): Thread-91
[67.848s][info][gc,stats    ]       5 of   130 ms (  4.1%): Thread-92
[67.848s][info][gc,stats    ]       6 of   130 ms (  4.4%): Thread-93
[67.849s][info][gc,stats    ]       6 of   130 ms (  4.6%): Thread-94
[67.849s][info][gc,stats    ]       6 of   130 ms (  4.3%): Thread-95
[67.849s][info][gc,stats    ]      34 of   130 ms ( 26.2%): <total>
[67.849s][info][gc,stats    ]       2 of   130 ms (  1.4%): <average total>
[67.849s][info][gc,stats    ]       6 of   130 ms (  4.4%): <average non-zero>
[67.849s][info][gc,stats    ] 
[67.849s][info][gc,metaspace] Metaspace: 6471K(6656K)->6471K(6656K) NonClass: 5856K(5952K)->5856K(5952K) Class: 614K(704K)->614K(704K)
[67.849s][info][gc,ergo     ] Pacer for Idle. Initial: 20971K, Alloc Tax Rate: 1.0x
[68.144s][info][gc          ] Trigger: Average GC time (62.18 ms) is above the time for average allocation rate (2280 MB/s) to deplete free headroom (119M) (margin of error = 1.75)
[68.144s][info][gc,ergo     ] Free headroom: 170M (free) - 52428K (spike) - 0B (penalties) = 119M
[68.144s][info][gc,ergo     ] Free: 170M, Max: 512K regular, 170M humongous, Frag: 0% external, 0% internal; Reserve: 52736K, Max: 512K
[68.144s][info][gc,start    ] GC(189) Concurrent reset
[68.144s][info][gc,task     ] GC(189) Using 1 of 3 workers for concurrent reset
[68.144s][info][gc,ergo     ] GC(189) Pacer for Reset. Non-Taxable: 1024M
[68.144s][info][gc          ] GC(189) Concurrent reset 0.261ms
[68.175s][info][gc,start    ] GC(189) Pause Init Mark (unload classes)
[68.175s][info][gc,task     ] GC(189) Using 3 of 3 workers for init marking
[68.175s][info][gc,ergo     ] GC(189) Pacer for Mark. Expected Live: 13577K, Free: 169M, Non-Taxable: 17357K, Alloc Tax Rate: 0.1x
[68.175s][info][gc          ] GC(189) Pause Init Mark (unload classes) 0.239ms
[68.185s][info][gc,start    ] GC(189) Concurrent marking roots
[68.185s][info][gc,task     ] GC(189) Using 1 of 3 workers for concurrent marking roots
[68.186s][info][gc          ] GC(189) Concurrent marking roots 0.581ms
[68.186s][info][gc,start    ] GC(189) Concurrent marking (unload classes)
[68.186s][info][gc,task     ] GC(189) Using 1 of 3 workers for concurrent marking
[68.199s][info][gc          ] GC(189) Concurrent marking (unload classes) 13.818ms
[68.200s][info][gc,start    ] GC(189) Pause Final Mark (unload classes)
[68.200s][info][gc,task     ] GC(189) Using 3 of 3 workers for final marking
[68.200s][info][gc,ergo     ] GC(189) Collectable Garbage: 723M (91%), Immediate: 723M (91%), CSet: 0B (0%)
[68.200s][info][gc          ] GC(189) Pause Final Mark (unload classes) 0.207ms
[68.213s][info][gc,start    ] GC(189) Concurrent weak references
[68.213s][info][gc,task     ] GC(189) Using 1 of 3 workers for concurrent weak references
[68.213s][info][gc,ref      ] GC(189) Encountered references: Soft: 132, Weak: 435, Final: 9, Phantom: 21
[68.213s][info][gc,ref      ] GC(189) Discovered  references: Soft: 0, Weak: 234, Final: 7, Phantom: 14
[68.213s][info][gc,ref      ] GC(189) Enqueued    references: Soft: 0, Weak: 0, Final: 0, Phantom: 0
[68.213s][info][gc          ] GC(189) Concurrent weak references 0.111ms
[68.213s][info][gc,start    ] GC(189) Concurrent weak roots
[68.213s][info][gc,task     ] GC(189) Using 1 of 3 workers for concurrent weak root
[68.217s][info][gc          ] GC(189) Concurrent weak roots 3.383ms
[68.217s][info][gc,start    ] GC(189) Concurrent cleanup
[68.217s][info][gc          ] GC(189) Concurrent cleanup 865M->142M(1024M) 0.108ms
[68.217s][info][gc,ergo     ] GC(189) Free: 829M, Max: 512K regular, 419M humongous, Frag: 50% external, 0% internal; Reserve: 52736K, Max: 512K
[68.217s][info][gc,start    ] GC(189) Concurrent class unloading
[68.217s][info][gc,task     ] GC(189) Using 1 of 3 workers for concurrent class unloading
[68.221s][info][gc          ] GC(189) Concurrent class unloading 4.563ms
[68.221s][info][gc,start    ] GC(189) Pause Final Roots
[68.221s][info][gc          ] GC(189) Pause Final Roots 0.030ms
[68.229s][info][gc,ergo     ] Free: 807M, Max: 512K regular, 419M humongous, Frag: 49% external, 0% internal; Reserve: 52736K, Max: 512K
[68.229s][info][gc,stats    ] 
[68.229s][info][gc,stats    ] All times are wall-clock times, except per-root-class counters, that are sum over
[68.229s][info][gc,stats    ] all workers. Dividing the <total> over the root stage time estimates parallelism.
[68.229s][info][gc,stats    ] 
[68.229s][info][gc,stats    ] Concurrent Reset                    276 us
[68.229s][info][gc,stats    ] Pause Init Mark (G)               40780 us
[68.229s][info][gc,stats    ] Pause Init Mark (N)                 249 us
[68.229s][info][gc,stats    ]   Update Region States               83 us
[68.229s][info][gc,stats    ] Concurrent Mark Roots               592 us, parallelism: 0.79x
[68.229s][info][gc,stats    ]   CMR: <total>                      469 us
[68.229s][info][gc,stats    ]   CMR: Thread Roots                 413 us, workers (us): 413, ---, ---, 
[68.229s][info][gc,stats    ]   CMR: VM Strong Roots                6 us, workers (us):   6, ---, ---, 
[68.229s][info][gc,stats    ]   CMR: CLDG Roots                    50 us, workers (us):  50, ---, ---, 
[68.229s][info][gc,stats    ] Concurrent Marking                13853 us
[68.229s][info][gc,stats    ] Pause Final Mark (G)              13590 us
[68.229s][info][gc,stats    ] Pause Final Mark (N)                217 us
[68.229s][info][gc,stats    ]   Finish Mark                        53 us
[68.229s][info][gc,stats    ]   Update Region States               36 us
[68.229s][info][gc,stats    ]   Choose Collection Set              50 us
[68.229s][info][gc,stats    ]   Rebuild Free Set                    8 us
[68.230s][info][gc,stats    ] Concurrent Weak References          119 us, parallelism: 0.10x
[68.230s][info][gc,stats    ]   CWRF: <total>                      12 us
[68.230s][info][gc,stats    ]   CWRF: Weak References              12 us, workers (us):  12, ---, ---, 
[68.230s][info][gc,stats    ] Concurrent Weak Roots              3423 us
[68.230s][info][gc,stats    ]   Roots                             514 us, parallelism: 0.96x
[68.230s][info][gc,stats    ]     CWR: <total>                    492 us
[68.230s][info][gc,stats    ]     CWR: Code Cache Roots           425 us, workers (us): 425, ---, ---, 
[68.230s][info][gc,stats    ]     CWR: VM Weak Roots               65 us, workers (us):  65, ---, ---, 
[68.230s][info][gc,stats    ]     CWR: CLDG Roots                   2 us, workers (us):   2, ---, ---, 
[68.230s][info][gc,stats    ]   Rendezvous                       2852 us
[68.230s][info][gc,stats    ] Concurrent Cleanup                  117 us
[68.230s][info][gc,stats    ] Concurrent Class Unloading         4596 us
[68.230s][info][gc,stats    ]   Unlink Stale                     1784 us
[68.230s][info][gc,stats    ]     System Dictionary                 3 us
[68.230s][info][gc,stats    ]     Weak Class Links                  0 us
[68.230s][info][gc,stats    ]     Code Roots                     1780 us
[68.230s][info][gc,stats    ]   Rendezvous                       2681 us
[68.230s][info][gc,stats    ]   Purge Unlinked                     75 us
[68.230s][info][gc,stats    ]     Code Roots                       71 us
[68.230s][info][gc,stats    ]     CLDG                              4 us
[68.230s][info][gc,stats    ]     Exception Caches                  0 us
[68.230s][info][gc,stats    ] Pause Final Roots (G)              7898 us
[68.230s][info][gc,stats    ] Pause Final Roots (N)                40 us
[68.230s][info][gc,stats    ] Pacing                            43810 us
[68.230s][info][gc,stats    ] 
[68.230s][info][gc,stats    ] Allocation pacing accrued:
[68.230s][info][gc,stats    ]       9 of   381 ms (  2.4%): Thread-90
[68.230s][info][gc,stats    ]       7 of   381 ms (  1.8%): Thread-91
[68.230s][info][gc,stats    ]       7 of   381 ms (  1.8%): Thread-92
[68.230s][info][gc,stats    ]       7 of   381 ms (  1.8%): Thread-93
[68.230s][info][gc,stats    ]       7 of   381 ms (  1.7%): Thread-94
[68.230s][info][gc,stats    ]       7 of   381 ms (  1.9%): Thread-95
[68.230s][info][gc,stats    ]      44 of   381 ms ( 11.5%): <total>
[68.230s][info][gc,stats    ]       2 of   381 ms (  0.6%): <average total>
[68.230s][info][gc,stats    ]       7 of   381 ms (  1.9%): <average non-zero>
[68.230s][info][gc,stats    ] 
[68.230s][info][gc,metaspace] Metaspace: 6471K(6656K)->6471K(6656K) NonClass: 5856K(5952K)->5856K(5952K) Class: 614K(704K)->614K(704K)
[68.230s][info][gc,ergo     ] Pacer for Idle. Initial: 20971K, Alloc Tax Rate: 1.0x
[68.507s][info][gc          ] Trigger: Average GC time (102.31 ms) is above the time for average allocation rate (1970 MB/s) to deplete free headroom (200M) (margin of error = 1.77)
[68.507s][info][gc,ergo     ] Free headroom: 251M (free) - 52428K (spike) - 0B (penalties) = 200M
[68.507s][info][gc,ergo     ] Free: 251M, Max: 512K regular, 128M humongous, Frag: 50% external, 0% internal; Reserve: 52736K, Max: 512K
[68.507s][info][gc,start    ] GC(190) Concurrent reset
[68.507s][info][gc,task     ] GC(190) Using 1 of 3 workers for concurrent reset
[68.507s][info][gc,ergo     ] GC(190) Pacer for Reset. Non-Taxable: 1024M
[68.507s][info][gc          ] GC(190) Concurrent reset 0.340ms
[68.507s][info][gc,start    ] GC(190) Pause Init Mark (unload classes)
[68.507s][info][gc,task     ] GC(190) Using 3 of 3 workers for init marking
[68.507s][info][gc,ergo     ] GC(190) Pacer for Mark. Expected Live: 14168K, Free: 251M, Non-Taxable: 25702K, Alloc Tax Rate: 0.1x
[68.507s][info][gc          ] GC(190) Pause Init Mark (unload classes) 0.138ms
[68.513s][info][gc,start    ] GC(190) Concurrent marking roots
[68.513s][info][gc,task     ] GC(190) Using 1 of 3 workers for concurrent marking roots
[68.514s][info][gc          ] GC(190) Concurrent marking roots 0.593ms
[68.514s][info][gc,start    ] GC(190) Concurrent marking (unload classes)
[68.514s][info][gc,task     ] GC(190) Using 1 of 3 workers for concurrent marking
[68.525s][info][gc          ] GC(190) Concurrent marking (unload classes) 11.189ms
[68.525s][info][gc,start    ] GC(190) Pause Final Mark (unload classes)
[68.525s][info][gc,task     ] GC(190) Using 3 of 3 workers for final marking
[68.525s][info][gc,ergo     ] GC(190) Adaptive CSet Selection. Target Free: 145M, Actual Free: 873M, Max CSet: 43690K, Min Garbage: 0B
[68.525s][info][gc,ergo     ] GC(190) Collectable Garbage: 706M (99%), Immediate: 606M (85%), CSet: 100M (14%)
[68.525s][info][gc,ergo     ] GC(190) Pacer for Evacuation. Used CSet: 102M, Free: 821M, Non-Taxable: 84122K, Alloc Tax Rate: 1.1x
[68.525s][info][gc          ] GC(190) Pause Final Mark (unload classes) 0.237ms
[68.526s][info][gc,start    ] GC(190) Concurrent thread roots
[68.526s][info][gc,task     ] GC(190) Using 1 of 3 workers for Concurrent thread roots
[68.526s][info][gc          ] GC(190) Concurrent thread roots 0.499ms
[68.526s][info][gc,start    ] GC(190) Concurrent weak references
[68.526s][info][gc,task     ] GC(190) Using 1 of 3 workers for concurrent weak references
[68.526s][info][gc,ref      ] GC(190) Encountered references: Soft: 132, Weak: 435, Final: 9, Phantom: 21
[68.526s][info][gc,ref      ] GC(190) Discovered  references: Soft: 0, Weak: 234, Final: 7, Phantom: 14
[68.526s][info][gc,ref      ] GC(190) Enqueued    references: Soft: 0, Weak: 0, Final: 0, Phantom: 0
[68.526s][info][gc          ] GC(190) Concurrent weak references 0.060ms
[68.526s][info][gc,start    ] GC(190) Concurrent weak roots
[68.526s][info][gc,task     ] GC(190) Using 1 of 3 workers for concurrent weak root
[68.539s][info][gc          ] GC(190) Concurrent weak roots 12.742ms
[68.539s][info][gc,start    ] GC(190) Concurrent cleanup
[68.539s][info][gc          ] GC(190) Concurrent cleanup 784M->178M(1024M) 0.105ms
[68.539s][info][gc,ergo     ] GC(190) Free: 794M, Max: 512K regular, 316M humongous, Frag: 61% external, 0% internal; Reserve: 51325K, Max: 512K
[68.539s][info][gc,start    ] GC(190) Concurrent class unloading
[68.539s][info][gc,task     ] GC(190) Using 1 of 3 workers for concurrent class unloading
[68.543s][info][gc          ] GC(190) Concurrent class unloading 3.873ms
[68.543s][info][gc,start    ] GC(190) Concurrent strong roots
[68.543s][info][gc,task     ] GC(190) Using 1 of 3 workers for concurrent strong root
[68.543s][info][gc          ] GC(190) Concurrent strong roots 0.087ms
[68.543s][info][gc,start    ] GC(190) Concurrent evacuation
[68.543s][info][gc,task     ] GC(190) Using 1 of 3 workers for concurrent evacuation
[68.545s][info][gc          ] GC(190) Concurrent evacuation 1.562ms
[68.545s][info][gc,start    ] GC(190) Pause Init Update Refs
[68.545s][info][gc,ergo     ] GC(190) Pacer for Update Refs. Used: 190M, Free: 784M, Non-Taxable: 80282K, Alloc Tax Rate: 1.1x
[68.545s][info][gc          ] GC(190) Pause Init Update Refs 0.069ms
[68.553s][info][gc,start    ] GC(190) Concurrent update references
[68.553s][info][gc,task     ] GC(190) Using 1 of 3 workers for concurrent reference update
[68.560s][info][gc          ] GC(190) Concurrent update references 7.497ms
[68.560s][info][gc,start    ] GC(190) Concurrent update thread roots
[68.561s][info][gc          ] GC(190) Concurrent update thread roots 0.514ms
[68.561s][info][gc,start    ] GC(190) Pause Final Update Refs
[68.561s][info][gc,task     ] GC(190) Using 3 of 3 workers for final reference update
[68.561s][info][gc          ] GC(190) Pause Final Update Refs 0.101ms
[68.571s][info][gc,start    ] GC(190) Concurrent cleanup
[68.571s][info][gc          ] GC(190) Concurrent cleanup 241M->139M(1024M) 0.047ms
[68.571s][info][gc,ergo     ] Free: 832M, Max: 512K regular, 315M humongous, Frag: 63% external, 0% internal; Reserve: 52736K, Max: 512K
[68.571s][info][gc,stats    ] 
[68.571s][info][gc,stats    ] All times are wall-clock times, except per-root-class counters, that are sum over
[68.571s][info][gc,stats    ] all workers. Dividing the <total> over the root stage time estimates parallelism.
[68.571s][info][gc,stats    ] 
[68.571s][info][gc,stats    ] Concurrent Reset                    357 us
[68.571s][info][gc,stats    ] Pause Init Mark (G)                6046 us
[68.571s][info][gc,stats    ] Pause Init Mark (N)                 148 us
[68.571s][info][gc,stats    ]   Update Region States               40 us
[68.571s][info][gc,stats    ] Concurrent Mark Roots               605 us, parallelism: 0.85x
[68.571s][info][gc,stats    ]   CMR: <total>                      516 us
[68.571s][info][gc,stats    ]   CMR: Thread Roots                 465 us, workers (us): 465, ---, ---, 
[68.571s][info][gc,stats    ]   CMR: VM Strong Roots                5 us, workers (us):   5, ---, ---, 
[68.571s][info][gc,stats    ]   CMR: CLDG Roots                    45 us, workers (us):  45, ---, ---, 
[68.571s][info][gc,stats    ] Concurrent Marking                11239 us
[68.571s][info][gc,stats    ] Pause Final Mark (G)                363 us
[68.571s][info][gc,stats    ] Pause Final Mark (N)                246 us
[68.571s][info][gc,stats    ]   Finish Mark                        49 us
[68.571s][info][gc,stats    ]   Update Region States               37 us
[68.571s][info][gc,stats    ]   Choose Collection Set              78 us
[68.571s][info][gc,stats    ]   Rebuild Free Set                    9 us
[68.571s][info][gc,stats    ] Concurrent Thread Roots             511 us, parallelism: 0.90x
[68.571s][info][gc,stats    ]   CTR: <total>                      460 us
[68.571s][info][gc,stats    ]   CTR: Thread Roots                 460 us, workers (us): 460, ---, ---, 
[68.571s][info][gc,stats    ] Concurrent Weak References           77 us, parallelism: 0.14x
[68.571s][info][gc,stats    ]   CWRF: <total>                      11 us
[68.571s][info][gc,stats    ]   CWRF: Weak References              11 us, workers (us):  11, ---, ---, 
[68.571s][info][gc,stats    ] Concurrent Weak Roots             12771 us
[68.571s][info][gc,stats    ]   Roots                             529 us, parallelism: 0.96x
[68.571s][info][gc,stats    ]     CWR: <total>                    510 us
[68.571s][info][gc,stats    ]     CWR: Code Cache Roots           401 us, workers (us): 401, ---, ---, 
[68.571s][info][gc,stats    ]     CWR: VM Weak Roots              106 us, workers (us): 106, ---, ---, 
[68.571s][info][gc,stats    ]     CWR: CLDG Roots                   2 us, workers (us):   2, ---, ---, 
[68.571s][info][gc,stats    ]   Rendezvous                      12192 us
[68.571s][info][gc,stats    ] Concurrent Cleanup                  115 us
[68.571s][info][gc,stats    ] Concurrent Class Unloading         3913 us
[68.571s][info][gc,stats    ]   Unlink Stale                     1893 us
[68.571s][info][gc,stats    ]     System Dictionary                 3 us
[68.571s][info][gc,stats    ]     Weak Class Links                  0 us
[68.571s][info][gc,stats    ]     Code Roots                     1888 us
[68.571s][info][gc,stats    ]   Rendezvous                       1859 us
[68.571s][info][gc,stats    ]   Purge Unlinked                    100 us
[68.571s][info][gc,stats    ]     Code Roots                       93 us
[68.571s][info][gc,stats    ]     CLDG                              7 us
[68.571s][info][gc,stats    ]     Exception Caches                  0 us
[68.571s][info][gc,stats    ] Concurrent Strong Roots              97 us, parallelism: 0.53x
[68.571s][info][gc,stats    ]   CSR: <total>                       51 us
[68.571s][info][gc,stats    ]   CSR: VM Strong Roots                4 us, workers (us):   4, ---, ---, 
[68.571s][info][gc,stats    ]   CSR: CLDG Roots                    47 us, workers (us):  47, ---, ---, 
[68.571s][info][gc,stats    ] Concurrent Evacuation              1614 us
[68.571s][info][gc,stats    ] Pause Init Update Refs (G)         8022 us
[68.571s][info][gc,stats    ] Pause Init Update Refs (N)           78 us
[68.571s][info][gc,stats    ]   Manage GCLABs                       4 us
[68.571s][info][gc,stats    ] Concurrent Update Refs             7543 us
[68.571s][info][gc,stats    ] Concurrent Update Thread Roots      538 us
[68.571s][info][gc,stats    ] Pause Final Update Refs (G)        9780 us
[68.571s][info][gc,stats    ] Pause Final Update Refs (N)         113 us
[68.571s][info][gc,stats    ]   Update Region States               45 us
[68.571s][info][gc,stats    ]   Trash Collection Set                6 us
[68.571s][info][gc,stats    ]   Rebuild Free Set                   13 us
[68.571s][info][gc,stats    ] Concurrent Cleanup                   57 us
[68.571s][info][gc,stats    ] 
[68.571s][info][gc,stats    ] Allocation pacing accrued:
[68.571s][info][gc,stats    ]       0 of   341 ms (  0.0%): <total>
[68.571s][info][gc,stats    ]       0 of   341 ms (  0.0%): <average total>
[68.571s][info][gc,stats    ] 
[68.571s][info][gc,metaspace] Metaspace: 6471K(6656K)->6471K(6656K) NonClass: 5856K(5952K)->5856K(5952K) Class: 614K(704K)->614K(704K)
[68.571s][info][gc,ergo     ] Pacer for Idle. Initial: 20971K, Alloc Tax Rate: 1.0x
[68.792s][info][gc          ] Trigger: Average GC time (90.82 ms) is above the time for average allocation rate (2407 MB/s) to deplete free headroom (202M) (margin of error = 1.78)
[68.792s][info][gc,ergo     ] Free headroom: 254M (free) - 52428K (spike) - 0B (penalties) = 202M
[68.792s][info][gc,ergo     ] Free: 254M, Max: 512K regular, 254M humongous, Frag: 0% external, 0% internal; Reserve: 52736K, Max: 512K
[68.792s][info][gc,start    ] GC(191) Concurrent reset
[68.792s][info][gc,task     ] GC(191) Using 1 of 3 workers for concurrent reset
[68.792s][info][gc,ergo     ] GC(191) Pacer for Reset. Non-Taxable: 1024M
[68.792s][info][gc          ] GC(191) Concurrent reset 0.545ms
[68.792s][info][gc,start    ] GC(191) Pause Init Mark (unload classes)
[68.792s][info][gc,task     ] GC(191) Using 3 of 3 workers for init marking
[68.792s][info][gc,ergo     ] GC(191) Pacer for Mark. Expected Live: 14245K, Free: 253M, Non-Taxable: 25958K, Alloc Tax Rate: 0.1x
[68.793s][info][gc          ] GC(191) Pause Init Mark (unload classes) 0.142ms
[68.798s][info][gc,start    ] GC(191) Concurrent marking roots
[68.798s][info][gc,task     ] GC(191) Using 1 of 3 workers for concurrent marking roots
[68.799s][info][gc          ] GC(191) Concurrent marking roots 0.569ms
[68.799s][info][gc,start    ] GC(191) Concurrent marking (unload classes)
[68.799s][info][gc,task     ] GC(191) Using 1 of 3 workers for concurrent marking
[68.806s][info][gc          ] GC(191) Concurrent marking (unload classes) 7.399ms
[68.806s][info][gc,start    ] GC(191) Pause Final Mark (unload classes)
[68.806s][info][gc,task     ] GC(191) Using 3 of 3 workers for final marking
[68.807s][info][gc,ergo     ] GC(191) Collectable Garbage: 675M (95%), Immediate: 675M (95%), CSet: 0B (0%)
[68.807s][info][gc          ] GC(191) Pause Final Mark (unload classes) 0.180ms
[68.812s][info][gc,start    ] GC(191) Concurrent weak references
[68.812s][info][gc,task     ] GC(191) Using 1 of 3 workers for concurrent weak references
[68.812s][info][gc,ref      ] GC(191) Encountered references: Soft: 132, Weak: 435, Final: 9, Phantom: 21
[68.813s][info][gc,ref      ] GC(191) Discovered  references: Soft: 0, Weak: 234, Final: 7, Phantom: 14
[68.813s][info][gc,ref      ] GC(191) Enqueued    references: Soft: 0, Weak: 0, Final: 0, Phantom: 0
[68.813s][info][gc          ] GC(191) Concurrent weak references 0.078ms
[68.813s][info][gc,start    ] GC(191) Concurrent weak roots
[68.813s][info][gc,task     ] GC(191) Using 1 of 3 workers for concurrent weak root
[68.815s][info][gc          ] GC(191) Concurrent weak roots 2.819ms
[68.815s][info][gc,start    ] GC(191) Concurrent cleanup
[68.816s][info][gc          ] GC(191) Concurrent cleanup 773M->98M(1024M) 0.157ms
[68.816s][info][gc,ergo     ] GC(191) Free: 872M, Max: 512K regular, 368M humongous, Frag: 58% external, 0% internal; Reserve: 52736K, Max: 512K
[68.816s][info][gc,start    ] GC(191) Concurrent class unloading
[68.816s][info][gc,task     ] GC(191) Using 1 of 3 workers for concurrent class unloading
[68.823s][info][gc          ] GC(191) Concurrent class unloading 7.746ms
[68.823s][info][gc,start    ] GC(191) Pause Final Roots
[68.823s][info][gc          ] GC(191) Pause Final Roots 0.047ms
[68.829s][info][gc,ergo     ] Free: 836M, Max: 512K regular, 368M humongous, Frag: 56% external, 0% internal; Reserve: 52736K, Max: 512K
[68.829s][info][gc,stats    ] 
[68.829s][info][gc,stats    ] All times are wall-clock times, except per-root-class counters, that are sum over
[68.829s][info][gc,stats    ] all workers. Dividing the <total> over the root stage time estimates parallelism.
[68.829s][info][gc,stats    ] 
[68.829s][info][gc,stats    ] Concurrent Reset                    572 us
[68.829s][info][gc,stats    ] Pause Init Mark (G)                6122 us
[68.829s][info][gc,stats    ] Pause Init Mark (N)                 153 us
[68.829s][info][gc,stats    ]   Update Region States               44 us
[68.829s][info][gc,stats    ] Concurrent Mark Roots               581 us, parallelism: 0.83x
[68.829s][info][gc,stats    ]   CMR: <total>                      484 us
[68.829s][info][gc,stats    ]   CMR: Thread Roots                 431 us, workers (us): 431, ---, ---, 
[68.829s][info][gc,stats    ]   CMR: VM Strong Roots                7 us, workers (us):   7, ---, ---, 
[68.829s][info][gc,stats    ]   CMR: CLDG Roots                    46 us, workers (us):  46, ---, ---, 
[68.829s][info][gc,stats    ] Concurrent Marking                 7456 us
[68.829s][info][gc,stats    ] Pause Final Mark (G)               6047 us
[68.830s][info][gc,stats    ] Pause Final Mark (N)                189 us
[68.830s][info][gc,stats    ]   Finish Mark                        46 us
[68.830s][info][gc,stats    ]   Update Region States               39 us
[68.830s][info][gc,stats    ]   Choose Collection Set              42 us
[68.830s][info][gc,stats    ]   Rebuild Free Set                    8 us
[68.830s][info][gc,stats    ] Concurrent Weak References           86 us, parallelism: 0.08x
[68.830s][info][gc,stats    ]   CWRF: <total>                       7 us
[68.830s][info][gc,stats    ]   CWRF: Weak References               7 us, workers (us):   7, ---, ---, 
[68.830s][info][gc,stats    ] Concurrent Weak Roots              2841 us
[68.830s][info][gc,stats    ]   Roots                             529 us, parallelism: 0.96x
[68.830s][info][gc,stats    ]     CWR: <total>                    509 us
[68.830s][info][gc,stats    ]     CWR: Code Cache Roots           437 us, workers (us): 437, ---, ---, 
[68.830s][info][gc,stats    ]     CWR: VM Weak Roots               69 us, workers (us):  69, ---, ---, 
[68.830s][info][gc,stats    ]     CWR: CLDG Roots                   2 us, workers (us):   2, ---, ---, 
[68.830s][info][gc,stats    ]   Rendezvous                       2273 us
[68.830s][info][gc,stats    ] Concurrent Cleanup                  166 us
[68.830s][info][gc,stats    ] Concurrent Class Unloading         7797 us
[68.830s][info][gc,stats    ]   Unlink Stale                     1939 us
[68.830s][info][gc,stats    ]     System Dictionary                 3 us
[68.830s][info][gc,stats    ]     Weak Class Links                  0 us
[68.830s][info][gc,stats    ]     Code Roots                     1935 us
[68.830s][info][gc,stats    ]   Rendezvous                       5663 us
[68.830s][info][gc,stats    ]   Purge Unlinked                    124 us
[68.830s][info][gc,stats    ]     Code Roots                      119 us
[68.830s][info][gc,stats    ]     CLDG                              5 us
[68.830s][info][gc,stats    ]     Exception Caches                  0 us
[68.830s][info][gc,stats    ] Pause Final Roots (G)              5940 us
[68.830s][info][gc,stats    ] Pause Final Roots (N)                57 us
[68.830s][info][gc,stats    ] Pacing                            43824 us
[68.830s][info][gc,stats    ] 
[68.830s][info][gc,stats    ] Allocation pacing accrued:
[68.830s][info][gc,stats    ]       7 of   259 ms (  2.9%): Thread-90
[68.830s][info][gc,stats    ]       7 of   259 ms (  2.7%): Thread-91
[68.830s][info][gc,stats    ]       7 of   259 ms (  2.6%): Thread-92
[68.830s][info][gc,stats    ]       8 of   259 ms (  3.1%): Thread-93
[68.830s][info][gc,stats    ]       7 of   259 ms (  2.9%): Thread-94
[68.830s][info][gc,stats    ]       8 of   259 ms (  2.9%): Thread-95
[68.830s][info][gc,stats    ]      44 of   259 ms ( 16.9%): <total>
[68.830s][info][gc,stats    ]       2 of   259 ms (  0.9%): <average total>
[68.830s][info][gc,stats    ]       7 of   259 ms (  2.8%): <average non-zero>
[68.830s][info][gc,stats    ] 
[68.830s][info][gc,metaspace] Metaspace: 6471K(6656K)->6471K(6656K) NonClass: 5856K(5952K)->5856K(5952K) Class: 614K(704K)->614K(704K)
[68.830s][info][gc,ergo     ] Pacer for Idle. Initial: 20971K, Alloc Tax Rate: 1.0x
[69.092s][info][gc          ] Trigger: Average GC time (81.67 ms) is above the time for average allocation rate (2379 MB/s) to deplete free headroom (188M) (margin of error = 1.79)
[69.092s][info][gc,ergo     ] Free headroom: 240M (free) - 52428K (spike) - 0B (penalties) = 188M
[69.092s][info][gc,ergo     ] Free: 240M, Max: 512K regular, 199M humongous, Frag: 18% external, 0% internal; Reserve: 52736K, Max: 512K
[69.092s][info][gc,start    ] GC(192) Concurrent reset
[69.092s][info][gc,task     ] GC(192) Using 1 of 3 workers for concurrent reset
[69.092s][info][gc,ergo     ] GC(192) Pacer for Reset. Non-Taxable: 1024M
[69.092s][info][gc          ] GC(192) Concurrent reset 0.217ms
[69.092s][info][gc,start    ] GC(192) Pause Init Mark (unload classes)
[69.092s][info][gc,task     ] GC(192) Using 3 of 3 workers for init marking
[69.092s][info][gc,ergo     ] GC(192) Pacer for Mark. Expected Live: 14244K, Free: 239M, Non-Taxable: 24525K, Alloc Tax Rate: 0.1x
[69.092s][info][gc          ] GC(192) Pause Init Mark (unload classes) 0.102ms
[69.096s][info][gc,start    ] GC(192) Concurrent marking roots
[69.096s][info][gc,task     ] GC(192) Using 1 of 3 workers for concurrent marking roots
[69.097s][info][gc          ] GC(192) Concurrent marking roots 0.554ms
[69.097s][info][gc,start    ] GC(192) Concurrent marking (unload classes)
[69.097s][info][gc,task     ] GC(192) Using 1 of 3 workers for concurrent marking
[69.108s][info][gc          ] GC(192) Concurrent marking (unload classes) 11.293ms
[69.108s][info][gc,start    ] GC(192) Pause Final Mark (unload classes)
[69.108s][info][gc,task     ] GC(192) Using 3 of 3 workers for final marking
[69.108s][info][gc,ergo     ] GC(192) Adaptive CSet Selection. Target Free: 145M, Actual Free: 806M, Max CSet: 43690K, Min Garbage: 0B
[69.108s][info][gc,ergo     ] GC(192) Collectable Garbage: 717M (99%), Immediate: 543M (75%), CSet: 174M (24%)
[69.108s][info][gc,ergo     ] GC(192) Pacer for Evacuation. Used CSet: 176M, Free: 754M, Non-Taxable: 77261K, Alloc Tax Rate: 1.1x
[69.108s][info][gc          ] GC(192) Pause Final Mark (unload classes) 0.242ms
[69.108s][info][gc,start    ] GC(192) Concurrent thread roots
[69.108s][info][gc,task     ] GC(192) Using 1 of 3 workers for Concurrent thread roots
[69.109s][info][gc          ] GC(192) Concurrent thread roots 0.596ms
[69.109s][info][gc,start    ] GC(192) Concurrent weak references
[69.109s][info][gc,task     ] GC(192) Using 1 of 3 workers for concurrent weak references
[69.109s][info][gc,ref      ] GC(192) Encountered references: Soft: 132, Weak: 435, Final: 9, Phantom: 21
[69.109s][info][gc,ref      ] GC(192) Discovered  references: Soft: 0, Weak: 234, Final: 7, Phantom: 14
[69.109s][info][gc,ref      ] GC(192) Enqueued    references: Soft: 0, Weak: 0, Final: 0, Phantom: 0
[69.109s][info][gc          ] GC(192) Concurrent weak references 0.074ms
[69.109s][info][gc,start    ] GC(192) Concurrent weak roots
[69.109s][info][gc,task     ] GC(192) Using 1 of 3 workers for concurrent weak root
[69.110s][info][gc          ] GC(192) Concurrent weak roots 0.809ms
[69.110s][info][gc,start    ] GC(192) Concurrent cleanup
[69.110s][info][gc          ] GC(192) Concurrent cleanup 763M->220M(1024M) 0.124ms
[69.110s][info][gc,ergo     ] GC(192) Free: 751M, Max: 512K regular, 281M humongous, Frag: 63% external, 0% internal; Reserve: 52397K, Max: 512K
[69.110s][info][gc,start    ] GC(192) Concurrent class unloading
[69.110s][info][gc,task     ] GC(192) Using 1 of 3 workers for concurrent class unloading
[69.120s][info][gc          ] GC(192) Concurrent class unloading 9.782ms
[69.120s][info][gc,start    ] GC(192) Concurrent strong roots
[69.120s][info][gc,task     ] GC(192) Using 1 of 3 workers for concurrent strong root
[69.120s][info][gc          ] GC(192) Concurrent strong roots 0.083ms
[69.120s][info][gc,start    ] GC(192) Concurrent evacuation
[69.120s][info][gc,task     ] GC(192) Using 1 of 3 workers for concurrent evacuation
[69.122s][info][gc          ] GC(192) Concurrent evacuation 2.185ms
[69.122s][info][gc,start    ] GC(192) Pause Init Update Refs
[69.122s][info][gc,ergo     ] GC(192) Pacer for Update Refs. Used: 240M, Free: 734M, Non-Taxable: 75162K, Alloc Tax Rate: 1.1x
[69.122s][info][gc          ] GC(192) Pause Init Update Refs 0.059ms
[69.126s][info][gc,start    ] GC(192) Concurrent update references
[69.126s][info][gc,task     ] GC(192) Using 1 of 3 workers for concurrent reference update
[69.133s][info][gc          ] GC(192) Concurrent update references 7.138ms
[69.133s][info][gc,start    ] GC(192) Concurrent update thread roots
[69.134s][info][gc          ] GC(192) Concurrent update thread roots 0.653ms
[69.134s][info][gc,start    ] GC(192) Pause Final Update Refs
[69.134s][info][gc,task     ] GC(192) Using 3 of 3 workers for final reference update
[69.134s][info][gc          ] GC(192) Pause Final Update Refs 0.133ms
[69.139s][info][gc,start    ] GC(192) Concurrent cleanup
[69.139s][info][gc          ] GC(192) Concurrent cleanup 260M->84M(1024M) 0.083ms
[69.139s][info][gc,ergo     ] Free: 887M, Max: 512K regular, 347M humongous, Frag: 61% external, 0% internal; Reserve: 52736K, Max: 512K
[69.139s][info][gc,stats    ] 
[69.139s][info][gc,stats    ] All times are wall-clock times, except per-root-class counters, that are sum over
[69.139s][info][gc,stats    ] all workers. Dividing the <total> over the root stage time estimates parallelism.
[69.139s][info][gc,stats    ] 
[69.139s][info][gc,stats    ] Concurrent Reset                    227 us
[69.139s][info][gc,stats    ] Pause Init Mark (G)                3935 us
[69.139s][info][gc,stats    ] Pause Init Mark (N)                 111 us
[69.139s][info][gc,stats    ]   Update Region States               24 us
[69.139s][info][gc,stats    ] Concurrent Mark Roots               566 us, parallelism: 0.88x
[69.139s][info][gc,stats    ]   CMR: <total>                      497 us
[69.139s][info][gc,stats    ]   CMR: Thread Roots                 448 us, workers (us): 448, ---, ---, 
[69.139s][info][gc,stats    ]   CMR: VM Strong Roots                5 us, workers (us):   5, ---, ---, 
[69.139s][info][gc,stats    ]   CMR: CLDG Roots                    44 us, workers (us):  44, ---, ---, 
[69.139s][info][gc,stats    ] Concurrent Marking                11359 us
[69.139s][info][gc,stats    ] Pause Final Mark (G)                426 us
[69.139s][info][gc,stats    ] Pause Final Mark (N)                252 us
[69.139s][info][gc,stats    ]   Finish Mark                        26 us
[69.139s][info][gc,stats    ]   Update Region States               32 us
[69.139s][info][gc,stats    ]   Choose Collection Set             124 us
[69.139s][info][gc,stats    ]   Rebuild Free Set                   10 us
[69.139s][info][gc,stats    ] Concurrent Thread Roots             618 us, parallelism: 0.88x
[69.139s][info][gc,stats    ]   CTR: <total>                      546 us
[69.139s][info][gc,stats    ]   CTR: Thread Roots                 546 us, workers (us): 546, ---, ---, 
[69.139s][info][gc,stats    ] Concurrent Weak References           83 us, parallelism: 0.19x
[69.139s][info][gc,stats    ]   CWRF: <total>                      16 us
[69.139s][info][gc,stats    ]   CWRF: Weak References              16 us, workers (us):  16, ---, ---, 
[69.139s][info][gc,stats    ] Concurrent Weak Roots               834 us
[69.139s][info][gc,stats    ]   Roots                             528 us, parallelism: 0.95x
[69.139s][info][gc,stats    ]     CWR: <total>                    503 us
[69.139s][info][gc,stats    ]     CWR: Code Cache Roots           388 us, workers (us): 388, ---, ---, 
[69.139s][info][gc,stats    ]     CWR: VM Weak Roots              112 us, workers (us): 112, ---, ---, 
[69.139s][info][gc,stats    ]     CWR: CLDG Roots                   3 us, workers (us):   3, ---, ---, 
[69.139s][info][gc,stats    ]   Rendezvous                        263 us
[69.139s][info][gc,stats    ] Concurrent Cleanup                  140 us
[69.139s][info][gc,stats    ] Concurrent Class Unloading         9818 us
[69.139s][info][gc,stats    ]   Unlink Stale                     1822 us
[69.139s][info][gc,stats    ]     System Dictionary                 3 us
[69.139s][info][gc,stats    ]     Weak Class Links                  0 us
[69.139s][info][gc,stats    ]     Code Roots                     1818 us
[69.139s][info][gc,stats    ]   Rendezvous                       7858 us
[69.139s][info][gc,stats    ]   Purge Unlinked                     83 us
[69.139s][info][gc,stats    ]     Code Roots                       78 us
[69.139s][info][gc,stats    ]     CLDG                              5 us
[69.139s][info][gc,stats    ]     Exception Caches                  0 us
[69.139s][info][gc,stats    ] Concurrent Strong Roots              92 us, parallelism: 0.55x
[69.139s][info][gc,stats    ]   CSR: <total>                       51 us
[69.139s][info][gc,stats    ]   CSR: VM Strong Roots                5 us, workers (us):   5, ---, ---, 
[69.139s][info][gc,stats    ]   CSR: CLDG Roots                    46 us, workers (us):  46, ---, ---, 
[69.139s][info][gc,stats    ] Concurrent Evacuation              2229 us
[69.139s][info][gc,stats    ] Pause Init Update Refs (G)         3964 us
[69.139s][info][gc,stats    ] Pause Init Update Refs (N)           68 us
[69.139s][info][gc,stats    ]   Manage GCLABs                       3 us
[69.139s][info][gc,stats    ] Concurrent Update Refs             7213 us
[69.139s][info][gc,stats    ] Concurrent Update Thread Roots      673 us
[69.139s][info][gc,stats    ] Pause Final Update Refs (G)        4557 us
[69.139s][info][gc,stats    ] Pause Final Update Refs (N)         149 us
[69.139s][info][gc,stats    ]   Update Region States               46 us
[69.139s][info][gc,stats    ]   Trash Collection Set               10 us
[69.139s][info][gc,stats    ]   Rebuild Free Set                   16 us
[69.139s][info][gc,stats    ] Concurrent Cleanup                   94 us
[69.139s][info][gc,stats    ] Pacing                             2216 us
[69.139s][info][gc,stats    ] 
[69.139s][info][gc,stats    ] Allocation pacing accrued:
[69.139s][info][gc,stats    ]       1 of   309 ms (  0.3%): Thread-91
[69.139s][info][gc,stats    ]       0 of   309 ms (  0.1%): Thread-92
[69.139s][info][gc,stats    ]       1 of   309 ms (  0.3%): Thread-93
[69.139s][info][gc,stats    ]       0 of   309 ms (  0.0%): Thread-94
[69.139s][info][gc,stats    ]       2 of   309 ms (  0.7%): <total>
[69.139s][info][gc,stats    ]       0 of   309 ms (  0.0%): <average total>
[69.139s][info][gc,stats    ]       1 of   309 ms (  0.2%): <average non-zero>
[69.139s][info][gc,stats    ] 
[69.139s][info][gc,metaspace] Metaspace: 6471K(6656K)->6471K(6656K) NonClass: 5856K(5952K)->5856K(5952K) Class: 614K(704K)->614K(704K)
[69.139s][info][gc,ergo     ] Pacer for Idle. Initial: 20971K, Alloc Tax Rate: 1.0x
[69.519s][info][gc          ] Trigger: Average GC time (70.93 ms) is above the time for average allocation rate (1976 MB/s) to deplete free headroom (111M) (margin of error = 1.79)
[69.519s][info][gc,ergo     ] Free headroom: 162M (free) - 52428K (spike) - 0B (penalties) = 111M
[69.519s][info][gc,ergo     ] Free: 162M, Max: 512K regular, 162M humongous, Frag: 0% external, 0% internal; Reserve: 52736K, Max: 512K
[69.519s][info][gc,start    ] GC(193) Concurrent reset
[69.519s][info][gc,task     ] GC(193) Using 1 of 3 workers for concurrent reset
[69.519s][info][gc,ergo     ] GC(193) Pacer for Reset. Non-Taxable: 1024M
[69.520s][info][gc          ] GC(193) Concurrent reset 0.773ms
[69.520s][info][gc,start    ] GC(193) Pause Init Mark (unload classes)
[69.520s][info][gc,task     ] GC(193) Using 3 of 3 workers for init marking
[69.520s][info][gc,ergo     ] GC(193) Pacer for Mark. Expected Live: 14251K, Free: 161M, Non-Taxable: 16486K, Alloc Tax Rate: 0.1x
[69.520s][info][gc          ] GC(193) Pause Init Mark (unload classes) 0.127ms
[69.528s][info][gc,start    ] GC(193) Concurrent marking roots
[69.528s][info][gc,task     ] GC(193) Using 1 of 3 workers for concurrent marking roots
[69.529s][info][gc          ] GC(193) Concurrent marking roots 0.585ms
[69.529s][info][gc,start    ] GC(193) Concurrent marking (unload classes)
[69.529s][info][gc,task     ] GC(193) Using 1 of 3 workers for concurrent marking
[69.541s][info][gc          ] GC(193) Concurrent marking (unload classes) 11.751ms
[69.541s][info][gc,start    ] GC(193) Pause Final Mark (unload classes)
[69.541s][info][gc,task     ] GC(193) Using 3 of 3 workers for final marking
[69.541s][info][gc,ergo     ] GC(193) Adaptive CSet Selection. Target Free: 145M, Actual Free: 899M, Max CSet: 43690K, Min Garbage: 0B
[69.541s][info][gc,ergo     ] GC(193) Collectable Garbage: 796M (99%), Immediate: 716M (89%), CSet: 82101K (10%)
[69.541s][info][gc,ergo     ] GC(193) Pacer for Evacuation. Used CSet: 84480K, Free: 848M, Non-Taxable: 86835K, Alloc Tax Rate: 1.1x
[69.541s][info][gc          ] GC(193) Pause Final Mark (unload classes) 0.206ms
[69.541s][info][gc,start    ] GC(193) Concurrent thread roots
[69.541s][info][gc,task     ] GC(193) Using 1 of 3 workers for Concurrent thread roots
[69.541s][info][gc          ] GC(193) Concurrent thread roots 0.474ms
[69.541s][info][gc,start    ] GC(193) Concurrent weak references
[69.541s][info][gc,task     ] GC(193) Using 1 of 3 workers for concurrent weak references
[69.541s][info][gc,ref      ] GC(193) Encountered references: Soft: 132, Weak: 435, Final: 9, Phantom: 21
[69.541s][info][gc,ref      ] GC(193) Discovered  references: Soft: 0, Weak: 234, Final: 7, Phantom: 14
[69.541s][info][gc,ref      ] GC(193) Enqueued    references: Soft: 0, Weak: 0, Final: 0, Phantom: 0
[69.541s][info][gc          ] GC(193) Concurrent weak references 0.057ms
[69.541s][info][gc,start    ] GC(193) Concurrent weak roots
[69.542s][info][gc,task     ] GC(193) Using 1 of 3 workers for concurrent weak root
[69.551s][info][gc          ] GC(193) Concurrent weak roots 9.276ms
[69.551s][info][gc,start    ] GC(193) Concurrent cleanup
[69.551s][info][gc          ] GC(193) Concurrent cleanup 860M->144M(1024M) 0.101ms
[69.551s][info][gc,ergo     ] GC(193) Free: 827M, Max: 512K regular, 270M humongous, Frag: 68% external, 0% internal; Reserve: 52267K, Max: 512K
[69.551s][info][gc,start    ] GC(193) Concurrent class unloading
[69.551s][info][gc,task     ] GC(193) Using 1 of 3 workers for concurrent class unloading
[69.557s][info][gc          ] GC(193) Concurrent class unloading 5.916ms
[69.557s][info][gc,start    ] GC(193) Concurrent strong roots
[69.557s][info][gc,task     ] GC(193) Using 1 of 3 workers for concurrent strong root
[69.557s][info][gc          ] GC(193) Concurrent strong roots 0.085ms
[69.557s][info][gc,start    ] GC(193) Concurrent evacuation
[69.557s][info][gc,task     ] GC(193) Using 1 of 3 workers for concurrent evacuation
[69.559s][info][gc          ] GC(193) Concurrent evacuation 1.510ms
[69.559s][info][gc,start    ] GC(193) Pause Init Update Refs
[69.559s][info][gc,ergo     ] GC(193) Pacer for Update Refs. Used: 160M, Free: 813M, Non-Taxable: 83302K, Alloc Tax Rate: 1.1x
[69.559s][info][gc          ] GC(193) Pause Init Update Refs 0.051ms
[69.565s][info][gc,start    ] GC(193) Concurrent update references
[69.565s][info][gc,task     ] GC(193) Using 1 of 3 workers for concurrent reference update
[69.571s][info][gc          ] GC(193) Concurrent update references 6.769ms
[69.571s][info][gc,start    ] GC(193) Concurrent update thread roots
[69.573s][info][gc          ] GC(193) Concurrent update thread roots 1.910ms
[69.573s][info][gc,start    ] GC(193) Pause Final Update Refs
[69.573s][info][gc,task     ] GC(193) Using 3 of 3 workers for final reference update
[69.573s][info][gc          ] GC(193) Pause Final Update Refs 0.111ms
[69.574s][info][gc,start    ] GC(193) Concurrent cleanup
[69.574s][info][gc          ] GC(193) Concurrent cleanup 184M->102M(1024M) 0.029ms
[69.574s][info][gc,ergo     ] Free: 869M, Max: 512K regular, 509M humongous, Frag: 42% external, 0% internal; Reserve: 52736K, Max: 512K
[69.574s][info][gc,stats    ] 
[69.574s][info][gc,stats    ] All times are wall-clock times, except per-root-class counters, that are sum over
[69.574s][info][gc,stats    ] all workers. Dividing the <total> over the root stage time estimates parallelism.
[69.574s][info][gc,stats    ] 
[69.574s][info][gc,stats    ] Concurrent Reset                    812 us
[69.574s][info][gc,stats    ] Pause Init Mark (G)                8617 us
[69.574s][info][gc,stats    ] Pause Init Mark (N)                 136 us
[69.574s][info][gc,stats    ]   Update Region States               44 us
[69.574s][info][gc,stats    ] Concurrent Mark Roots               597 us, parallelism: 0.82x
[69.574s][info][gc,stats    ]   CMR: <total>                      488 us
[69.574s][info][gc,stats    ]   CMR: Thread Roots                 436 us, workers (us): 436, ---, ---, 
[69.574s][info][gc,stats    ]   CMR: VM Strong Roots                6 us, workers (us):   6, ---, ---, 
[69.574s][info][gc,stats    ]   CMR: CLDG Roots                    46 us, workers (us):  46, ---, ---, 
[69.574s][info][gc,stats    ] Concurrent Marking                11793 us
[69.574s][info][gc,stats    ] Pause Final Mark (G)                351 us
[69.574s][info][gc,stats    ] Pause Final Mark (N)                226 us
[69.574s][info][gc,stats    ]   Finish Mark                        36 us
[69.574s][info][gc,stats    ]   Update Region States               34 us
[69.574s][info][gc,stats    ]   Choose Collection Set              83 us
[69.574s][info][gc,stats    ]   Rebuild Free Set                    8 us
[69.574s][info][gc,stats    ] Concurrent Thread Roots             484 us, parallelism: 0.89x
[69.574s][info][gc,stats    ]   CTR: <total>                      433 us
[69.574s][info][gc,stats    ]   CTR: Thread Roots                 433 us, workers (us): 433, ---, ---, 
[69.574s][info][gc,stats    ] Concurrent Weak References           64 us, parallelism: 0.17x
[69.574s][info][gc,stats    ]   CWRF: <total>                      11 us
[69.574s][info][gc,stats    ]   CWRF: Weak References              11 us, workers (us):  11, ---, ---, 
[69.574s][info][gc,stats    ] Concurrent Weak Roots              9322 us
[69.574s][info][gc,stats    ]   Roots                             513 us, parallelism: 0.96x
[69.574s][info][gc,stats    ]     CWR: <total>                    494 us
[69.574s][info][gc,stats    ]     CWR: Code Cache Roots           388 us, workers (us): 388, ---, ---, 
[69.574s][info][gc,stats    ]     CWR: VM Weak Roots              104 us, workers (us): 104, ---, ---, 
[69.574s][info][gc,stats    ]     CWR: CLDG Roots                   2 us, workers (us):   2, ---, ---, 
[69.574s][info][gc,stats    ]   Rendezvous                       8744 us
[69.574s][info][gc,stats    ] Concurrent Cleanup                  111 us
[69.574s][info][gc,stats    ] Concurrent Class Unloading         5954 us
[69.574s][info][gc,stats    ]   Unlink Stale                     1925 us
[69.574s][info][gc,stats    ]     System Dictionary                 3 us
[69.574s][info][gc,stats    ]     Weak Class Links                  0 us
[69.574s][info][gc,stats    ]     Code Roots                     1921 us
[69.574s][info][gc,stats    ]   Rendezvous                       3878 us
[69.574s][info][gc,stats    ]   Purge Unlinked                     92 us
[69.574s][info][gc,stats    ]     Code Roots                       87 us
[69.574s][info][gc,stats    ]     CLDG                              5 us
[69.574s][info][gc,stats    ]     Exception Caches                  0 us
[69.574s][info][gc,stats    ] Concurrent Strong Roots              94 us, parallelism: 0.54x
[69.574s][info][gc,stats    ]   CSR: <total>                       51 us
[69.574s][info][gc,stats    ]   CSR: VM Strong Roots                4 us, workers (us):   4, ---, ---, 
[69.574s][info][gc,stats    ]   CSR: CLDG Roots                    47 us, workers (us):  47, ---, ---, 
[69.574s][info][gc,stats    ] Concurrent Evacuation              1551 us
[69.574s][info][gc,stats    ] Pause Init Update Refs (G)         5980 us
[69.574s][info][gc,stats    ] Pause Init Update Refs (N)           60 us
[69.574s][info][gc,stats    ]   Manage GCLABs                       3 us
[69.574s][info][gc,stats    ] Concurrent Update Refs             6815 us
[69.574s][info][gc,stats    ] Concurrent Update Thread Roots     1929 us
[69.574s][info][gc,stats    ] Pause Final Update Refs (G)         222 us
[69.574s][info][gc,stats    ] Pause Final Update Refs (N)         132 us
[69.574s][info][gc,stats    ]   Update Region States               43 us
[69.574s][info][gc,stats    ]   Trash Collection Set                6 us
[69.574s][info][gc,stats    ]   Rebuild Free Set                   16 us
[69.574s][info][gc,stats    ] Concurrent Cleanup                   38 us
[69.574s][info][gc,stats    ] Pacing                           156750 us
[69.574s][info][gc,stats    ] 
[69.574s][info][gc,stats    ] Allocation pacing accrued:
[69.574s][info][gc,stats    ]      26 of   435 ms (  5.9%): Thread-90
[69.574s][info][gc,stats    ]      25 of   435 ms (  5.8%): Thread-91
[69.574s][info][gc,stats    ]      28 of   435 ms (  6.4%): Thread-92
[69.574s][info][gc,stats    ]      25 of   435 ms (  5.8%): Thread-93
[69.574s][info][gc,stats    ]      26 of   435 ms (  6.0%): Thread-94
[69.574s][info][gc,stats    ]      26 of   435 ms (  6.1%): Thread-95
[69.574s][info][gc,stats    ]     157 of   435 ms ( 36.0%): <total>
[69.574s][info][gc,stats    ]       8 of   435 ms (  1.9%): <average total>
[69.574s][info][gc,stats    ]      26 of   435 ms (  6.0%): <average non-zero>
[69.574s][info][gc,stats    ] 
[69.574s][info][gc,metaspace] Metaspace: 6471K(6656K)->6471K(6656K) NonClass: 5856K(5952K)->5856K(5952K) Class: 614K(704K)->614K(704K)
[69.574s][info][gc,ergo     ] Pacer for Idle. Initial: 20971K, Alloc Tax Rate: 1.0x
[69.850s][info][gc          ] Trigger: Average GC time (68.23 ms) is above the time for average allocation rate (2388 MB/s) to deplete free headroom (140M) (margin of error = 1.79)
[69.850s][info][gc,ergo     ] Free headroom: 191M (free) - 52428K (spike) - 0B (penalties) = 140M
[69.850s][info][gc,ergo     ] Free: 191M, Max: 512K regular, 112M humongous, Frag: 42% external, 0% internal; Reserve: 52736K, Max: 512K
[69.850s][info][gc,start    ] GC(194) Concurrent reset
[69.850s][info][gc,task     ] GC(194) Using 1 of 3 workers for concurrent reset
[69.850s][info][gc,ergo     ] GC(194) Pacer for Reset. Non-Taxable: 1024M
[69.850s][info][gc          ] GC(194) Concurrent reset 0.433ms
[69.850s][info][gc,start    ] GC(194) Pause Init Mark (unload classes)
[69.850s][info][gc,task     ] GC(194) Using 3 of 3 workers for init marking
[69.850s][info][gc,ergo     ] GC(194) Pacer for Mark. Expected Live: 14260K, Free: 189M, Non-Taxable: 19354K, Alloc Tax Rate: 0.1x
[69.850s][info][gc          ] GC(194) Pause Init Mark (unload classes) 0.128ms
[69.856s][info][gc,start    ] GC(194) Concurrent marking roots
[69.856s][info][gc,task     ] GC(194) Using 1 of 3 workers for concurrent marking roots
[69.857s][info][gc          ] GC(194) Concurrent marking roots 0.593ms
[69.857s][info][gc,start    ] GC(194) Concurrent marking (unload classes)
[69.857s][info][gc,task     ] GC(194) Using 1 of 3 workers for concurrent marking
[69.865s][info][gc          ] GC(194) Concurrent marking (unload classes) 8.136ms
[69.865s][info][gc,start    ] GC(194) Pause Final Mark (unload classes)
[69.865s][info][gc,task     ] GC(194) Using 3 of 3 workers for final marking
[69.865s][info][gc,ergo     ] GC(194) Adaptive CSet Selection. Target Free: 145M, Actual Free: 774M, Max CSet: 43690K, Min Garbage: 0B
[69.865s][info][gc,ergo     ] GC(194) Collectable Garbage: 768M (99%), Immediate: 552M (71%), CSet: 215M (28%)
[69.865s][info][gc,ergo     ] GC(194) Pacer for Evacuation. Used CSet: 218M, Free: 723M, Non-Taxable: 74035K, Alloc Tax Rate: 1.1x
[69.866s][info][gc          ] GC(194) Pause Final Mark (unload classes) 0.427ms
[69.869s][info][gc,start    ] GC(194) Concurrent thread roots
[69.869s][info][gc,task     ] GC(194) Using 1 of 3 workers for Concurrent thread roots
[69.870s][info][gc          ] GC(194) Concurrent thread roots 0.483ms
[69.870s][info][gc,start    ] GC(194) Concurrent weak references
[69.870s][info][gc,task     ] GC(194) Using 1 of 3 workers for concurrent weak references
[69.870s][info][gc,ref      ] GC(194) Encountered references: Soft: 132, Weak: 435, Final: 9, Phantom: 21
[69.870s][info][gc,ref      ] GC(194) Discovered  references: Soft: 0, Weak: 234, Final: 7, Phantom: 14
[69.870s][info][gc,ref      ] GC(194) Enqueued    references: Soft: 0, Weak: 0, Final: 0, Phantom: 0
[69.870s][info][gc          ] GC(194) Concurrent weak references 0.066ms
[69.870s][info][gc,start    ] GC(194) Concurrent weak roots
[69.870s][info][gc,task     ] GC(194) Using 1 of 3 workers for concurrent weak root
[69.881s][info][gc          ] GC(194) Concurrent weak roots 11.446ms
[69.881s][info][gc,start    ] GC(194) Concurrent cleanup
[69.881s][info][gc          ] GC(194) Concurrent cleanup 827M->275M(1024M) 0.090ms
[69.881s][info][gc,ergo     ] GC(194) Free: 696M, Max: 512K regular, 260M humongous, Frag: 63% external, 0% internal; Reserve: 51999K, Max: 512K
[69.881s][info][gc,start    ] GC(194) Concurrent class unloading
[69.881s][info][gc,task     ] GC(194) Using 1 of 3 workers for concurrent class unloading
[69.897s][info][gc          ] GC(194) Concurrent class unloading 15.761ms
[69.897s][info][gc,start    ] GC(194) Concurrent strong roots
[69.897s][info][gc,task     ] GC(194) Using 1 of 3 workers for concurrent strong root
[69.897s][info][gc          ] GC(194) Concurrent strong roots 0.093ms
[69.897s][info][gc,start    ] GC(194) Concurrent evacuation
[69.897s][info][gc,task     ] GC(194) Using 1 of 3 workers for concurrent evacuation
[69.900s][info][gc          ] GC(194) Concurrent evacuation 2.340ms
[69.900s][info][gc,start    ] GC(194) Pause Init Update Refs
[69.900s][info][gc,ergo     ] GC(194) Pacer for Update Refs. Used: 306M, Free: 668M, Non-Taxable: 68403K, Alloc Tax Rate: 1.1x
[69.900s][info][gc          ] GC(194) Pause Init Update Refs 0.063ms
[69.904s][info][gc,start    ] GC(194) Concurrent update references
[69.904s][info][gc,task     ] GC(194) Using 1 of 3 workers for concurrent reference update
[69.909s][info][gc          ] GC(194) Concurrent update references 5.493ms
[69.909s][info][gc,start    ] GC(194) Concurrent update thread roots
[69.910s][info][gc          ] GC(194) Concurrent update thread roots 0.582ms
[69.910s][info][gc,start    ] GC(194) Pause Final Update Refs
[69.910s][info][gc,task     ] GC(194) Using 3 of 3 workers for final reference update
[69.910s][info][gc          ] GC(194) Pause Final Update Refs 0.103ms
[69.914s][info][gc,start    ] GC(194) Concurrent cleanup
[69.914s][info][gc          ] GC(194) Concurrent cleanup 328M->110M(1024M) 0.045ms
[69.914s][info][gc,ergo     ] Free: 860M, Max: 512K regular, 432M humongous, Frag: 50% external, 0% internal; Reserve: 52736K, Max: 512K
[69.914s][info][gc,stats    ] 
[69.914s][info][gc,stats    ] All times are wall-clock times, except per-root-class counters, that are sum over
[69.914s][info][gc,stats    ] all workers. Dividing the <total> over the root stage time estimates parallelism.
[69.914s][info][gc,stats    ] 
[69.914s][info][gc,stats    ] Concurrent Reset                    471 us
[69.914s][info][gc,stats    ] Pause Init Mark (G)                6042 us
[69.914s][info][gc,stats    ] Pause Init Mark (N)                 137 us
[69.914s][info][gc,stats    ]   Update Region States               42 us
[69.914s][info][gc,stats    ] Concurrent Mark Roots               605 us, parallelism: 0.85x
[69.914s][info][gc,stats    ]   CMR: <total>                      517 us
[69.914s][info][gc,stats    ]   CMR: Thread Roots                 465 us, workers (us): 465, ---, ---, 
[69.914s][info][gc,stats    ]   CMR: VM Strong Roots                6 us, workers (us):   6, ---, ---, 
[69.914s][info][gc,stats    ]   CMR: CLDG Roots                    46 us, workers (us):  46, ---, ---, 
[69.914s][info][gc,stats    ] Concurrent Marking                 8195 us
[69.914s][info][gc,stats    ] Pause Final Mark (G)               4020 us
[69.914s][info][gc,stats    ] Pause Final Mark (N)                449 us
[69.914s][info][gc,stats    ]   Finish Mark                        65 us
[69.914s][info][gc,stats    ]   Update Region States               53 us
[69.914s][info][gc,stats    ]   Choose Collection Set             193 us
[69.914s][info][gc,stats    ]   Rebuild Free Set                   25 us
[69.914s][info][gc,stats    ] Concurrent Thread Roots             501 us, parallelism: 0.82x
[69.914s][info][gc,stats    ]   CTR: <total>                      412 us
[69.914s][info][gc,stats    ]   CTR: Thread Roots                 412 us, workers (us): 412, ---, ---, 
[69.914s][info][gc,stats    ] Concurrent Weak References           74 us, parallelism: 0.21x
[69.914s][info][gc,stats    ]   CWRF: <total>                      15 us
[69.914s][info][gc,stats    ]   CWRF: Weak References              15 us, workers (us):  15, ---, ---, 
[69.914s][info][gc,stats    ] Concurrent Weak Roots             11484 us
[69.914s][info][gc,stats    ]   Roots                             532 us, parallelism: 0.96x
[69.914s][info][gc,stats    ]     CWR: <total>                    512 us
[69.914s][info][gc,stats    ]     CWR: Code Cache Roots           407 us, workers (us): 407, ---, ---, 
[69.914s][info][gc,stats    ]     CWR: VM Weak Roots              103 us, workers (us): 103, ---, ---, 
[69.914s][info][gc,stats    ]     CWR: CLDG Roots                   3 us, workers (us):   3, ---, ---, 
[69.914s][info][gc,stats    ]   Rendezvous                      10895 us
[69.914s][info][gc,stats    ] Concurrent Cleanup                  111 us
[69.914s][info][gc,stats    ] Concurrent Class Unloading        15811 us
[69.914s][info][gc,stats    ]   Unlink Stale                     1842 us
[69.914s][info][gc,stats    ]     System Dictionary                 2 us
[69.914s][info][gc,stats    ]     Weak Class Links                  0 us
[69.914s][info][gc,stats    ]     Code Roots                     1838 us
[69.914s][info][gc,stats    ]   Rendezvous                      13761 us
[69.914s][info][gc,stats    ]   Purge Unlinked                    138 us
[69.914s][info][gc,stats    ]     Code Roots                      133 us
[69.914s][info][gc,stats    ]     CLDG                              5 us
[69.914s][info][gc,stats    ]     Exception Caches                  0 us
[69.914s][info][gc,stats    ] Concurrent Strong Roots             102 us, parallelism: 0.58x
[69.914s][info][gc,stats    ]   CSR: <total>                       59 us
[69.914s][info][gc,stats    ]   CSR: VM Strong Roots                6 us, workers (us):   6, ---, ---, 
[69.914s][info][gc,stats    ]   CSR: CLDG Roots                    53 us, workers (us):  53, ---, ---, 
[69.914s][info][gc,stats    ] Concurrent Evacuation              2386 us
[69.914s][info][gc,stats    ] Pause Init Update Refs (G)         3976 us
[69.914s][info][gc,stats    ] Pause Init Update Refs (N)           72 us
[69.914s][info][gc,stats    ]   Manage GCLABs                       3 us
[69.914s][info][gc,stats    ] Concurrent Update Refs             5531 us
[69.914s][info][gc,stats    ] Concurrent Update Thread Roots      598 us
[69.914s][info][gc,stats    ] Pause Final Update Refs (G)        3932 us
[69.914s][info][gc,stats    ] Pause Final Update Refs (N)         113 us
[69.914s][info][gc,stats    ]   Update Region States               42 us
[69.914s][info][gc,stats    ]   Trash Collection Set               11 us
[69.914s][info][gc,stats    ]   Rebuild Free Set                   15 us
[69.914s][info][gc,stats    ] Concurrent Cleanup                   54 us
[69.914s][info][gc,stats    ] Pacing                            44408 us
[69.914s][info][gc,stats    ] 
[69.914s][info][gc,stats    ] Allocation pacing accrued:
[69.914s][info][gc,stats    ]       6 of   340 ms (  1.8%): Thread-90
[69.914s][info][gc,stats    ]       8 of   340 ms (  2.2%): Thread-91
[69.914s][info][gc,stats    ]       7 of   340 ms (  1.9%): Thread-92
[69.914s][info][gc,stats    ]      10 of   340 ms (  2.9%): Thread-93
[69.914s][info][gc,stats    ]       8 of   340 ms (  2.2%): Thread-94
[69.914s][info][gc,stats    ]       7 of   340 ms (  2.0%): Thread-95
[69.914s][info][gc,stats    ]      44 of   340 ms ( 13.1%): <total>
[69.914s][info][gc,stats    ]       2 of   340 ms (  0.7%): <average total>
[69.914s][info][gc,stats    ]       7 of   340 ms (  2.2%): <average non-zero>
[69.914s][info][gc,stats    ] 
[69.914s][info][gc,metaspace] Metaspace: 6471K(6656K)->6471K(6656K) NonClass: 5856K(5952K)->5856K(5952K) Class: 614K(704K)->614K(704K)
[69.914s][info][gc,ergo     ] Pacer for Idle. Initial: 20971K, Alloc Tax Rate: 1.0x
[70.276s][info][gc          ] Trigger: Average GC time (73.72 ms) is above the time for average allocation rate (1906 MB/s) to deplete free headroom (127M) (margin of error = 1.79)
[70.276s][info][gc,ergo     ] Free headroom: 178M (free) - 52428K (spike) - 0B (penalties) = 127M
[70.276s][info][gc,ergo     ] Free: 178M, Max: 512K regular, 178M humongous, Frag: 0% external, 0% internal; Reserve: 52736K, Max: 512K
[70.276s][info][gc,start    ] GC(195) Concurrent reset
[70.276s][info][gc,task     ] GC(195) Using 1 of 3 workers for concurrent reset
[70.276s][info][gc,ergo     ] GC(195) Pacer for Reset. Non-Taxable: 1024M
[70.277s][info][gc          ] GC(195) Concurrent reset 0.928ms
[70.277s][info][gc,start    ] GC(195) Pause Init Mark (unload classes)
[70.277s][info][gc,task     ] GC(195) Using 3 of 3 workers for init marking
[70.277s][info][gc,ergo     ] GC(195) Pacer for Mark. Expected Live: 14272K, Free: 177M, Non-Taxable: 18176K, Alloc Tax Rate: 0.1x
[70.277s][info][gc          ] GC(195) Pause Init Mark (unload classes) 0.144ms
[70.285s][info][gc,start    ] GC(195) Concurrent marking roots
[70.285s][info][gc,task     ] GC(195) Using 1 of 3 workers for concurrent marking roots
[70.285s][info][gc          ] GC(195) Concurrent marking roots 0.580ms
[70.285s][info][gc,start    ] GC(195) Concurrent marking (unload classes)
[70.285s][info][gc,task     ] GC(195) Using 1 of 3 workers for concurrent marking
[70.291s][info][gc          ] GC(195) Concurrent marking (unload classes) 5.609ms
[70.291s][info][gc,start    ] GC(195) Pause Final Mark (unload classes)
[70.291s][info][gc,task     ] GC(195) Using 3 of 3 workers for final marking
[70.291s][info][gc,ergo     ] GC(195) Collectable Garbage: 757M (97%), Immediate: 757M (97%), CSet: 0B (0%)
[70.291s][info][gc          ] GC(195) Pause Final Mark (unload classes) 0.297ms
[70.292s][info][gc,start    ] GC(195) Concurrent weak references
[70.292s][info][gc,task     ] GC(195) Using 1 of 3 workers for concurrent weak references
[70.292s][info][gc,ref      ] GC(195) Encountered references: Soft: 132, Weak: 435, Final: 9, Phantom: 21
[70.292s][info][gc,ref      ] GC(195) Discovered  references: Soft: 0, Weak: 234, Final: 7, Phantom: 14
[70.292s][info][gc,ref      ] GC(195) Enqueued    references: Soft: 0, Weak: 0, Final: 0, Phantom: 0
[70.292s][info][gc          ] GC(195) Concurrent weak references 0.115ms
[70.292s][info][gc,start    ] GC(195) Concurrent weak roots
[70.292s][info][gc,task     ] GC(195) Using 1 of 3 workers for concurrent weak root
[70.297s][info][gc          ] GC(195) Concurrent weak roots 5.461ms
[70.297s][info][gc,start    ] GC(195) Concurrent cleanup
[70.297s][info][gc          ] GC(195) Concurrent cleanup 824M->67M(1024M) 0.134ms
[70.297s][info][gc,ergo     ] GC(195) Free: 903M, Max: 512K regular, 411M humongous, Frag: 55% external, 0% internal; Reserve: 52736K, Max: 512K
[70.297s][info][gc,start    ] GC(195) Concurrent class unloading
[70.297s][info][gc,task     ] GC(195) Using 1 of 3 workers for concurrent class unloading
[70.303s][info][gc          ] GC(195) Concurrent class unloading 5.598ms
[70.303s][info][gc,start    ] GC(195) Pause Final Roots
[70.303s][info][gc          ] GC(195) Pause Final Roots 0.025ms
[70.309s][info][gc,ergo     ] Free: 881M, Max: 512K regular, 411M humongous, Frag: 54% external, 0% internal; Reserve: 52736K, Max: 512K
[70.309s][info][gc,stats    ] 
[70.309s][info][gc,stats    ] All times are wall-clock times, except per-root-class counters, that are sum over
[70.309s][info][gc,stats    ] all workers. Dividing the <total> over the root stage time estimates parallelism.
[70.309s][info][gc,stats    ] 
[70.309s][info][gc,stats    ] Concurrent Reset                    970 us
[70.309s][info][gc,stats    ] Pause Init Mark (G)                8078 us
[70.309s][info][gc,stats    ] Pause Init Mark (N)                 155 us
[70.309s][info][gc,stats    ]   Update Region States               43 us
[70.309s][info][gc,stats    ] Concurrent Mark Roots               592 us, parallelism: 0.80x
[70.309s][info][gc,stats    ]   CMR: <total>                      475 us
[70.309s][info][gc,stats    ]   CMR: Thread Roots                 426 us, workers (us): 426, ---, ---, 
[70.309s][info][gc,stats    ]   CMR: VM Strong Roots                6 us, workers (us):   6, ---, ---, 
[70.309s][info][gc,stats    ]   CMR: CLDG Roots                    43 us, workers (us):  43, ---, ---, 
[70.309s][info][gc,stats    ] Concurrent Marking                 5660 us
[70.309s][info][gc,stats    ] Pause Final Mark (G)                494 us
[70.309s][info][gc,stats    ] Pause Final Mark (N)                320 us
[70.309s][info][gc,stats    ]   Finish Mark                        59 us
[70.309s][info][gc,stats    ]   Update Region States               56 us
[70.309s][info][gc,stats    ]   Choose Collection Set              87 us
[70.309s][info][gc,stats    ]   Rebuild Free Set                   21 us
[70.309s][info][gc,stats    ] Concurrent Weak References          130 us, parallelism: 0.03x
[70.309s][info][gc,stats    ]   CWRF: <total>                       5 us
[70.309s][info][gc,stats    ]   CWRF: Weak References               5 us, workers (us):   5, ---, ---, 
[70.309s][info][gc,stats    ] Concurrent Weak Roots              5488 us
[70.309s][info][gc,stats    ]   Roots                             468 us, parallelism: 0.95x
[70.309s][info][gc,stats    ]     CWR: <total>                    445 us
[70.309s][info][gc,stats    ]     CWR: Code Cache Roots           383 us, workers (us): 383, ---, ---, 
[70.309s][info][gc,stats    ]     CWR: VM Weak Roots               60 us, workers (us):  60, ---, ---, 
[70.309s][info][gc,stats    ]     CWR: CLDG Roots                   2 us, workers (us):   2, ---, ---, 
[70.309s][info][gc,stats    ]   Rendezvous                       4959 us
[70.309s][info][gc,stats    ] Concurrent Cleanup                  142 us
[70.309s][info][gc,stats    ] Concurrent Class Unloading         5636 us
[70.309s][info][gc,stats    ]   Unlink Stale                     1794 us
[70.309s][info][gc,stats    ]     System Dictionary                 2 us
[70.309s][info][gc,stats    ]     Weak Class Links                  0 us
[70.309s][info][gc,stats    ]     Code Roots                     1791 us
[70.309s][info][gc,stats    ]   Rendezvous                       3707 us
[70.309s][info][gc,stats    ]   Purge Unlinked                     80 us
[70.309s][info][gc,stats    ]     Code Roots                       75 us
[70.309s][info][gc,stats    ]     CLDG                              5 us
[70.309s][info][gc,stats    ]     Exception Caches                  0 us
[70.309s][info][gc,stats    ] Pause Final Roots (G)              5900 us
[70.309s][info][gc,stats    ] Pause Final Roots (N)                33 us
[70.309s][info][gc,stats    ] Pacing                            61356 us
[70.309s][info][gc,stats    ] 
[70.309s][info][gc,stats    ] Allocation pacing accrued:
[70.309s][info][gc,stats    ]      10 of   395 ms (  2.4%): Thread-90
[70.309s][info][gc,stats    ]      11 of   395 ms (  2.7%): Thread-91
[70.309s][info][gc,stats    ]      10 of   395 ms (  2.6%): Thread-92
[70.309s][info][gc,stats    ]       9 of   395 ms (  2.3%): Thread-93
[70.309s][info][gc,stats    ]      11 of   395 ms (  2.7%): Thread-94
[70.309s][info][gc,stats    ]      11 of   395 ms (  2.8%): Thread-95
[70.309s][info][gc,stats    ]      61 of   395 ms ( 15.5%): <total>
[70.309s][info][gc,stats    ]       3 of   395 ms (  0.8%): <average total>
[70.309s][info][gc,stats    ]      10 of   395 ms (  2.6%): <average non-zero>
[70.309s][info][gc,stats    ] 
[70.309s][info][gc,metaspace] Metaspace: 6471K(6656K)->6471K(6656K) NonClass: 5856K(5952K)->5856K(5952K) Class: 614K(704K)->614K(704K)
[70.309s][info][gc,ergo     ] Pacer for Idle. Initial: 20971K, Alloc Tax Rate: 1.0x
[70.655s][info][gc          ] Trigger: Average GC time (70.24 ms) is above the time for average allocation rate (1984 MB/s) to deplete free headroom (134M) (margin of error = 1.78)
[70.655s][info][gc,ergo     ] Free headroom: 186M (free) - 52428K (spike) - 0B (penalties) = 134M
[70.655s][info][gc,ergo     ] Free: 185M, Max: 512K regular, 148M humongous, Frag: 21% external, 0% internal; Reserve: 52736K, Max: 512K
[70.655s][info][gc,start    ] GC(196) Concurrent reset
[70.655s][info][gc,task     ] GC(196) Using 1 of 3 workers for concurrent reset
[70.655s][info][gc,ergo     ] GC(196) Pacer for Reset. Non-Taxable: 1024M
[70.655s][info][gc          ] GC(196) Concurrent reset 0.233ms
[70.655s][info][gc,start    ] GC(196) Pause Init Mark (unload classes)
[70.655s][info][gc,task     ] GC(196) Using 3 of 3 workers for init marking
[70.655s][info][gc,ergo     ] GC(196) Pacer for Mark. Expected Live: 14229K, Free: 185M, Non-Taxable: 18995K, Alloc Tax Rate: 0.1x
[70.655s][info][gc          ] GC(196) Pause Init Mark (unload classes) 0.120ms
[70.663s][info][gc,start    ] GC(196) Concurrent marking roots
[70.663s][info][gc,task     ] GC(196) Using 1 of 3 workers for concurrent marking roots
[70.663s][info][gc          ] GC(196) Concurrent marking roots 0.590ms
[70.663s][info][gc,start    ] GC(196) Concurrent marking (unload classes)
[70.663s][info][gc,task     ] GC(196) Using 1 of 3 workers for concurrent marking
[70.670s][info][gc          ] GC(196) Concurrent marking (unload classes) 6.711ms
[70.670s][info][gc,start    ] GC(196) Pause Final Mark (unload classes)
[70.670s][info][gc,task     ] GC(196) Using 3 of 3 workers for final marking
[70.670s][info][gc,ergo     ] GC(196) Adaptive CSet Selection. Target Free: 145M, Actual Free: 872M, Max CSet: 43690K, Min Garbage: 0B
[70.671s][info][gc,ergo     ] GC(196) Collectable Garbage: 771M (99%), Immediate: 655M (84%), CSet: 116M (15%)
[70.671s][info][gc,ergo     ] GC(196) Pacer for Evacuation. Used CSet: 119M, Free: 820M, Non-Taxable: 84019K, Alloc Tax Rate: 1.1x
[70.671s][info][gc          ] GC(196) Pause Final Mark (unload classes) 0.334ms
[70.672s][info][gc,start    ] GC(196) Concurrent thread roots
[70.672s][info][gc,task     ] GC(196) Using 1 of 3 workers for Concurrent thread roots
[70.673s][info][gc          ] GC(196) Concurrent thread roots 0.563ms
[70.673s][info][gc,start    ] GC(196) Concurrent weak references
[70.673s][info][gc,task     ] GC(196) Using 1 of 3 workers for concurrent weak references
[70.673s][info][gc,ref      ] GC(196) Encountered references: Soft: 132, Weak: 435, Final: 9, Phantom: 21
[70.673s][info][gc,ref      ] GC(196) Discovered  references: Soft: 0, Weak: 234, Final: 7, Phantom: 14
[70.673s][info][gc,ref      ] GC(196) Enqueued    references: Soft: 0, Weak: 0, Final: 0, Phantom: 0
[70.673s][info][gc          ] GC(196) Concurrent weak references 0.063ms
[70.673s][info][gc,start    ] GC(196) Concurrent weak roots
[70.673s][info][gc,task     ] GC(196) Using 1 of 3 workers for concurrent weak root
[70.686s][info][gc          ] GC(196) Concurrent weak roots 13.655ms
[70.686s][info][gc,start    ] GC(196) Concurrent cleanup
[70.686s][info][gc          ] GC(196) Concurrent cleanup 837M->183M(1024M) 0.098ms
[70.686s][info][gc,ergo     ] GC(196) Free: 789M, Max: 512K regular, 260M humongous, Frag: 68% external, 0% internal; Reserve: 52159K, Max: 512K
[70.686s][info][gc,start    ] GC(196) Concurrent class unloading
[70.686s][info][gc,task     ] GC(196) Using 1 of 3 workers for concurrent class unloading
[70.702s][info][gc          ] GC(196) Concurrent class unloading 15.818ms
[70.702s][info][gc,start    ] GC(196) Concurrent strong roots
[70.702s][info][gc,task     ] GC(196) Using 1 of 3 workers for concurrent strong root
[70.702s][info][gc          ] GC(196) Concurrent strong roots 0.092ms
[70.702s][info][gc,start    ] GC(196) Concurrent evacuation
[70.702s][info][gc,task     ] GC(196) Using 1 of 3 workers for concurrent evacuation
[70.704s][info][gc          ] GC(196) Concurrent evacuation 1.667ms
[70.704s][info][gc,start    ] GC(196) Pause Init Update Refs
[70.704s][info][gc,ergo     ] GC(196) Pacer for Update Refs. Used: 218M, Free: 755M, Non-Taxable: 77363K, Alloc Tax Rate: 1.1x
[70.704s][info][gc          ] GC(196) Pause Init Update Refs 0.071ms
[70.706s][info][gc,start    ] GC(196) Concurrent update references
[70.706s][info][gc,task     ] GC(196) Using 1 of 3 workers for concurrent reference update
[70.712s][info][gc          ] GC(196) Concurrent update references 5.874ms
[70.712s][info][gc,start    ] GC(196) Concurrent update thread roots
[70.713s][info][gc          ] GC(196) Concurrent update thread roots 0.547ms
[70.713s][info][gc,start    ] GC(196) Pause Final Update Refs
[70.713s][info][gc,task     ] GC(196) Using 3 of 3 workers for final reference update
[70.713s][info][gc          ] GC(196) Pause Final Update Refs 0.139ms
[70.718s][info][gc,start    ] GC(196) Concurrent cleanup
[70.718s][info][gc          ] GC(196) Concurrent cleanup 242M->123M(1024M) 0.048ms
[70.718s][info][gc,ergo     ] Free: 847M, Max: 512K regular, 442M humongous, Frag: 48% external, 0% internal; Reserve: 52736K, Max: 512K
[70.718s][info][gc,stats    ] 
[70.718s][info][gc,stats    ] All times are wall-clock times, except per-root-class counters, that are sum over
[70.718s][info][gc,stats    ] all workers. Dividing the <total> over the root stage time estimates parallelism.
[70.718s][info][gc,stats    ] 
[70.718s][info][gc,stats    ] Concurrent Reset                    248 us
[70.718s][info][gc,stats    ] Pause Init Mark (G)                7959 us
[70.718s][info][gc,stats    ] Pause Init Mark (N)                 130 us
[70.718s][info][gc,stats    ]   Update Region States               32 us
[70.718s][info][gc,stats    ] Concurrent Mark Roots               601 us, parallelism: 0.85x
[70.718s][info][gc,stats    ]   CMR: <total>                      508 us
[70.718s][info][gc,stats    ]   CMR: Thread Roots                 443 us, workers (us): 443, ---, ---, 
[70.718s][info][gc,stats    ]   CMR: VM Strong Roots               19 us, workers (us):  19, ---, ---, 
[70.718s][info][gc,stats    ]   CMR: CLDG Roots                    46 us, workers (us):  46, ---, ---, 
[70.718s][info][gc,stats    ] Concurrent Marking                 6777 us
[70.718s][info][gc,stats    ] Pause Final Mark (G)               1718 us
[70.718s][info][gc,stats    ] Pause Final Mark (N)                350 us
[70.718s][info][gc,stats    ]   Finish Mark                        57 us
[70.718s][info][gc,stats    ]   Update Region States               48 us
[70.718s][info][gc,stats    ]   Choose Collection Set             122 us
[70.718s][info][gc,stats    ]   Rebuild Free Set                   19 us
[70.718s][info][gc,stats    ] Concurrent Thread Roots             575 us, parallelism: 0.79x
[70.718s][info][gc,stats    ]   CTR: <total>                      456 us
[70.718s][info][gc,stats    ]   CTR: Thread Roots                 456 us, workers (us): 456, ---, ---, 
[70.718s][info][gc,stats    ] Concurrent Weak References           70 us, parallelism: 0.19x
[70.718s][info][gc,stats    ]   CWRF: <total>                      14 us
[70.718s][info][gc,stats    ]   CWRF: Weak References              14 us, workers (us):  14, ---, ---, 
[70.718s][info][gc,stats    ] Concurrent Weak Roots             13695 us
[70.718s][info][gc,stats    ]   Roots                             531 us, parallelism: 0.96x
[70.718s][info][gc,stats    ]     CWR: <total>                    512 us
[70.718s][info][gc,stats    ]     CWR: Code Cache Roots           403 us, workers (us): 403, ---, ---, 
[70.718s][info][gc,stats    ]     CWR: VM Weak Roots              106 us, workers (us): 106, ---, ---, 
[70.718s][info][gc,stats    ]     CWR: CLDG Roots                   3 us, workers (us):   3, ---, ---, 
[70.718s][info][gc,stats    ]   Rendezvous                      13105 us
[70.718s][info][gc,stats    ] Concurrent Cleanup                  107 us
[70.718s][info][gc,stats    ] Concurrent Class Unloading        15878 us
[70.718s][info][gc,stats    ]   Unlink Stale                     1949 us
[70.718s][info][gc,stats    ]     System Dictionary                 4 us
[70.718s][info][gc,stats    ]     Weak Class Links                  0 us
[70.718s][info][gc,stats    ]     Code Roots                     1943 us
[70.718s][info][gc,stats    ]   Rendezvous                      13672 us
[70.718s][info][gc,stats    ]   Purge Unlinked                    172 us
[70.718s][info][gc,stats    ]     Code Roots                      165 us
[70.718s][info][gc,stats    ]     CLDG                              6 us
[70.718s][info][gc,stats    ]     Exception Caches                  0 us
[70.718s][info][gc,stats    ] Concurrent Strong Roots             110 us, parallelism: 0.49x
[70.718s][info][gc,stats    ]   CSR: <total>                       54 us
[70.718s][info][gc,stats    ]   CSR: VM Strong Roots                5 us, workers (us):   5, ---, ---, 
[70.718s][info][gc,stats    ]   CSR: CLDG Roots                    49 us, workers (us):  49, ---, ---, 
[70.718s][info][gc,stats    ] Concurrent Evacuation              1709 us
[70.718s][info][gc,stats    ] Pause Init Update Refs (G)         1975 us
[70.718s][info][gc,stats    ] Pause Init Update Refs (N)           81 us
[70.718s][info][gc,stats    ]   Manage GCLABs                       5 us
[70.718s][info][gc,stats    ] Concurrent Update Refs             5931 us
[70.718s][info][gc,stats    ] Concurrent Update Thread Roots      578 us
[70.718s][info][gc,stats    ] Pause Final Update Refs (G)        5081 us
[70.718s][info][gc,stats    ] Pause Final Update Refs (N)         161 us
[70.718s][info][gc,stats    ]   Update Region States               51 us
[70.718s][info][gc,stats    ]   Trash Collection Set                8 us
[70.718s][info][gc,stats    ]   Rebuild Free Set                   16 us
[70.718s][info][gc,stats    ] Concurrent Cleanup                   58 us
[70.718s][info][gc,stats    ] Pacing                            47469 us
[70.718s][info][gc,stats    ] 
[70.718s][info][gc,stats    ] Allocation pacing accrued:
[70.718s][info][gc,stats    ]       9 of   409 ms (  2.1%): Thread-90
[70.718s][info][gc,stats    ]       8 of   409 ms (  2.1%): Thread-91
[70.718s][info][gc,stats    ]       5 of   409 ms (  1.2%): Thread-92
[70.718s][info][gc,stats    ]       8 of   409 ms (  2.1%): Thread-93
[70.718s][info][gc,stats    ]       8 of   409 ms (  2.0%): Thread-94
[70.718s][info][gc,stats    ]       9 of   409 ms (  2.3%): Thread-95
[70.718s][info][gc,stats    ]      47 of   409 ms ( 11.6%): <total>
[70.718s][info][gc,stats    ]       2 of   409 ms (  0.6%): <average total>
[70.718s][info][gc,stats    ]       8 of   409 ms (  1.9%): <average non-zero>
[70.718s][info][gc,stats    ] 
[70.718s][info][gc,metaspace] Metaspace: 6471K(6656K)->6471K(6656K) NonClass: 5856K(5952K)->5856K(5952K) Class: 614K(704K)->614K(704K)
[70.718s][info][gc,ergo     ] Pacer for Idle. Initial: 20971K, Alloc Tax Rate: 1.0x
[71.018s][info][gc          ] Trigger: Average GC time (77.80 ms) is above the time for average allocation rate (2127 MB/s) to deplete free headroom (133M) (margin of error = 1.78)
[71.018s][info][gc,ergo     ] Free headroom: 185M (free) - 52428K (spike) - 0B (penalties) = 133M
[71.018s][info][gc,ergo     ] Free: 185M, Max: 512K regular, 133M humongous, Frag: 28% external, 0% internal; Reserve: 52736K, Max: 512K
[71.018s][info][gc,start    ] GC(197) Concurrent reset
[71.018s][info][gc,task     ] GC(197) Using 1 of 3 workers for concurrent reset
[71.018s][info][gc,ergo     ] GC(197) Pacer for Reset. Non-Taxable: 1024M
[71.018s][info][gc          ] GC(197) Concurrent reset 0.550ms
[71.019s][info][gc,start    ] GC(197) Pause Init Mark (unload classes)
[71.019s][info][gc,task     ] GC(197) Using 3 of 3 workers for init marking
[71.019s][info][gc,ergo     ] GC(197) Pacer for Mark. Expected Live: 14222K, Free: 184M, Non-Taxable: 18842K, Alloc Tax Rate: 0.1x
[71.019s][info][gc          ] GC(197) Pause Init Mark (unload classes) 0.115ms
[71.025s][info][gc,start    ] GC(197) Concurrent marking roots
[71.025s][info][gc,task     ] GC(197) Using 1 of 3 workers for concurrent marking roots
[71.025s][info][gc          ] GC(197) Concurrent marking roots 0.579ms
[71.025s][info][gc,start    ] GC(197) Concurrent marking (unload classes)
[71.025s][info][gc,task     ] GC(197) Using 1 of 3 workers for concurrent marking
[71.036s][info][gc          ] GC(197) Concurrent marking (unload classes) 10.500ms
[71.036s][info][gc,start    ] GC(197) Pause Final Mark (unload classes)
[71.036s][info][gc,task     ] GC(197) Using 3 of 3 workers for final marking
[71.036s][info][gc,ergo     ] GC(197) Adaptive CSet Selection. Target Free: 145M, Actual Free: 676M, Max CSet: 43690K, Min Garbage: 0B
[71.036s][info][gc,ergo     ] GC(197) Collectable Garbage: 772M (99%), Immediate: 463M (59%), CSet: 309M (40%)
[71.036s][info][gc,ergo     ] GC(197) Pacer for Evacuation. Used CSet: 312M, Free: 625M, Non-Taxable: 64000K, Alloc Tax Rate: 1.2x
[71.036s][info][gc          ] GC(197) Pause Final Mark (unload classes) 0.296ms
[71.036s][info][gc,start    ] GC(197) Concurrent thread roots
[71.036s][info][gc,task     ] GC(197) Using 1 of 3 workers for Concurrent thread roots
[71.037s][info][gc          ] GC(197) Concurrent thread roots 0.474ms
[71.037s][info][gc,start    ] GC(197) Concurrent weak references
[71.037s][info][gc,task     ] GC(197) Using 1 of 3 workers for concurrent weak references
[71.037s][info][gc,ref      ] GC(197) Encountered references: Soft: 132, Weak: 435, Final: 9, Phantom: 21
[71.037s][info][gc,ref      ] GC(197) Discovered  references: Soft: 0, Weak: 234, Final: 7, Phantom: 14
[71.037s][info][gc,ref      ] GC(197) Enqueued    references: Soft: 0, Weak: 0, Final: 0, Phantom: 0
[71.037s][info][gc          ] GC(197) Concurrent weak references 0.056ms
[71.037s][info][gc,start    ] GC(197) Concurrent weak roots
[71.037s][info][gc,task     ] GC(197) Using 1 of 3 workers for concurrent weak root
[71.038s][info][gc          ] GC(197) Concurrent weak roots 1.224ms
[71.038s][info][gc,start    ] GC(197) Concurrent cleanup
[71.038s][info][gc          ] GC(197) Concurrent cleanup 814M->351M(1024M) 0.067ms
[71.038s][info][gc,ergo     ] GC(197) Free: 620M, Max: 512K regular, 260M humongous, Frag: 59% external, 0% internal; Reserve: 52312K, Max: 512K
[71.038s][info][gc,start    ] GC(197) Concurrent class unloading
[71.038s][info][gc,task     ] GC(197) Using 1 of 3 workers for concurrent class unloading
[71.050s][info][gc          ] GC(197) Concurrent class unloading 11.823ms
[71.050s][info][gc,start    ] GC(197) Concurrent strong roots
[71.050s][info][gc,task     ] GC(197) Using 1 of 3 workers for concurrent strong root
[71.050s][info][gc          ] GC(197) Concurrent strong roots 0.093ms
[71.050s][info][gc,start    ] GC(197) Concurrent evacuation
[71.050s][info][gc,task     ] GC(197) Using 1 of 3 workers for concurrent evacuation
[71.053s][info][gc          ] GC(197) Concurrent evacuation 3.119ms
[71.053s][info][gc,start    ] GC(197) Pause Init Update Refs
[71.053s][info][gc,ergo     ] GC(197) Pacer for Update Refs. Used: 382M, Free: 592M, Non-Taxable: 60672K, Alloc Tax Rate: 1.1x
[71.053s][info][gc          ] GC(197) Pause Init Update Refs 0.041ms
[71.057s][info][gc,start    ] GC(197) Concurrent update references
[71.057s][info][gc,task     ] GC(197) Using 1 of 3 workers for concurrent reference update
[71.064s][info][gc          ] GC(197) Concurrent update references 6.719ms
[71.064s][info][gc,start    ] GC(197) Concurrent update thread roots
[71.064s][info][gc          ] GC(197) Concurrent update thread roots 0.580ms
[71.065s][info][gc,start    ] GC(197) Pause Final Update Refs
[71.065s][info][gc,task     ] GC(197) Using 3 of 3 workers for final reference update
[71.065s][info][gc          ] GC(197) Pause Final Update Refs 0.097ms
[71.066s][info][gc,start    ] GC(197) Concurrent cleanup
[71.066s][info][gc          ] GC(197) Concurrent cleanup 400M->87M(1024M) 0.053ms
[71.066s][info][gc,ergo     ] Free: 883M, Max: 512K regular, 435M humongous, Frag: 51% external, 0% internal; Reserve: 52736K, Max: 512K
[71.066s][info][gc,stats    ] 
[71.066s][info][gc,stats    ] All times are wall-clock times, except per-root-class counters, that are sum over
[71.066s][info][gc,stats    ] all workers. Dividing the <total> over the root stage time estimates parallelism.
[71.066s][info][gc,stats    ] 
[71.066s][info][gc,stats    ] Concurrent Reset                    577 us
[71.066s][info][gc,stats    ] Pause Init Mark (G)                6058 us
[71.066s][info][gc,stats    ] Pause Init Mark (N)                 124 us
[71.066s][info][gc,stats    ]   Update Region States               40 us
[71.066s][info][gc,stats    ] Concurrent Mark Roots               591 us, parallelism: 0.86x
[71.066s][info][gc,stats    ]   CMR: <total>                      507 us
[71.066s][info][gc,stats    ]   CMR: Thread Roots                 453 us, workers (us): 453, ---, ---, 
[71.066s][info][gc,stats    ]   CMR: VM Strong Roots                5 us, workers (us):   5, ---, ---, 
[71.066s][info][gc,stats    ]   CMR: CLDG Roots                    49 us, workers (us):  49, ---, ---, 
[71.066s][info][gc,stats    ] Concurrent Marking                10554 us
[71.066s][info][gc,stats    ] Pause Final Mark (G)                413 us
[71.066s][info][gc,stats    ] Pause Final Mark (N)                304 us
[71.066s][info][gc,stats    ]   Finish Mark                        52 us
[71.066s][info][gc,stats    ]   Update Region States               36 us
[71.066s][info][gc,stats    ]   Choose Collection Set             119 us
[71.066s][info][gc,stats    ]   Rebuild Free Set                    8 us
[71.066s][info][gc,stats    ] Concurrent Thread Roots             484 us, parallelism: 0.90x
[71.066s][info][gc,stats    ]   CTR: <total>                      433 us
[71.066s][info][gc,stats    ]   CTR: Thread Roots                 433 us, workers (us): 433, ---, ---, 
[71.066s][info][gc,stats    ] Concurrent Weak References           63 us, parallelism: 0.16x
[71.066s][info][gc,stats    ]   CWRF: <total>                      10 us
[71.066s][info][gc,stats    ]   CWRF: Weak References              10 us, workers (us):  10, ---, ---, 
[71.066s][info][gc,stats    ] Concurrent Weak Roots              1242 us
[71.066s][info][gc,stats    ]   Roots                             530 us, parallelism: 0.97x
[71.066s][info][gc,stats    ]     CWR: <total>                    512 us
[71.066s][info][gc,stats    ]     CWR: Code Cache Roots           405 us, workers (us): 405, ---, ---, 
[71.066s][info][gc,stats    ]     CWR: VM Weak Roots              105 us, workers (us): 105, ---, ---, 
[71.066s][info][gc,stats    ]     CWR: CLDG Roots                   3 us, workers (us):   3, ---, ---, 
[71.066s][info][gc,stats    ]   Rendezvous                        679 us
[71.066s][info][gc,stats    ] Concurrent Cleanup                   76 us
[71.066s][info][gc,stats    ] Concurrent Class Unloading        11863 us
[71.066s][info][gc,stats    ]   Unlink Stale                     1757 us
[71.066s][info][gc,stats    ]     System Dictionary                 3 us
[71.066s][info][gc,stats    ]     Weak Class Links                  0 us
[71.066s][info][gc,stats    ]     Code Roots                     1753 us
[71.066s][info][gc,stats    ]   Rendezvous                       9905 us
[71.066s][info][gc,stats    ]   Purge Unlinked                    144 us
[71.066s][info][gc,stats    ]     Code Roots                      139 us
[71.066s][info][gc,stats    ]     CLDG                              4 us
[71.066s][info][gc,stats    ]     Exception Caches                  0 us
[71.066s][info][gc,stats    ] Concurrent Strong Roots             115 us, parallelism: 0.45x
[71.066s][info][gc,stats    ]   CSR: <total>                       52 us
[71.066s][info][gc,stats    ]   CSR: VM Strong Roots                4 us, workers (us):   4, ---, ---, 
[71.066s][info][gc,stats    ]   CSR: CLDG Roots                    47 us, workers (us):  47, ---, ---, 
[71.066s][info][gc,stats    ] Concurrent Evacuation              3207 us
[71.066s][info][gc,stats    ] Pause Init Update Refs (G)         3936 us
[71.066s][info][gc,stats    ] Pause Init Update Refs (N)           50 us
[71.066s][info][gc,stats    ]   Manage GCLABs                       3 us
[71.066s][info][gc,stats    ] Concurrent Update Refs             6765 us
[71.066s][info][gc,stats    ] Concurrent Update Thread Roots      595 us
[71.066s][info][gc,stats    ] Pause Final Update Refs (G)        1054 us
[71.066s][info][gc,stats    ] Pause Final Update Refs (N)         116 us
[71.066s][info][gc,stats    ]   Update Region States               42 us
[71.066s][info][gc,stats    ]   Trash Collection Set               12 us
[71.066s][info][gc,stats    ]   Rebuild Free Set                   13 us
[71.066s][info][gc,stats    ] Concurrent Cleanup                   61 us
[71.066s][info][gc,stats    ] Pacing                            68691 us
[71.066s][info][gc,stats    ] 
[71.066s][info][gc,stats    ] Allocation pacing accrued:
[71.066s][info][gc,stats    ]      12 of   348 ms (  3.4%): Thread-90
[71.066s][info][gc,stats    ]      10 of   348 ms (  2.8%): Thread-91
[71.066s][info][gc,stats    ]      11 of   348 ms (  3.2%): Thread-92
[71.066s][info][gc,stats    ]      12 of   348 ms (  3.5%): Thread-93
[71.066s][info][gc,stats    ]      12 of   348 ms (  3.5%): Thread-94
[71.066s][info][gc,stats    ]      12 of   348 ms (  3.3%): Thread-95
[71.066s][info][gc,stats    ]      69 of   348 ms ( 19.7%): <total>
[71.066s][info][gc,stats    ]       4 of   348 ms (  1.0%): <average total>
[71.066s][info][gc,stats    ]      11 of   348 ms (  3.3%): <average non-zero>
[71.066s][info][gc,stats    ] 
[71.066s][info][gc,metaspace] Metaspace: 6471K(6656K)->6471K(6656K) NonClass: 5856K(5952K)->5856K(5952K) Class: 614K(704K)->614K(704K)
[71.066s][info][gc,ergo     ] Pacer for Idle. Initial: 20971K, Alloc Tax Rate: 1.0x
[71.444s][info][gc          ] Trigger: Average GC time (68.52 ms) is above the time for average allocation rate (1951 MB/s) to deplete free headroom (123M) (margin of error = 1.77)
[71.444s][info][gc,ergo     ] Free headroom: 175M (free) - 52428K (spike) - 0B (penalties) = 123M
[71.444s][info][gc,ergo     ] Free: 174M, Max: 512K regular, 170M humongous, Frag: 3% external, 0% internal; Reserve: 52736K, Max: 512K
[71.445s][info][gc,start    ] GC(198) Concurrent reset
[71.445s][info][gc,task     ] GC(198) Using 1 of 3 workers for concurrent reset
[71.445s][info][gc,ergo     ] GC(198) Pacer for Reset. Non-Taxable: 1024M
[71.446s][info][gc          ] GC(198) Concurrent reset 1.286ms
[71.446s][info][gc,start    ] GC(198) Pause Init Mark (unload classes)
[71.446s][info][gc,task     ] GC(198) Using 3 of 3 workers for init marking
[71.446s][info][gc,ergo     ] GC(198) Pacer for Mark. Expected Live: 14257K, Free: 173M, Non-Taxable: 17715K, Alloc Tax Rate: 0.1x
[71.446s][info][gc          ] GC(198) Pause Init Mark (unload classes) 0.133ms
[71.448s][info][gc,start    ] GC(198) Concurrent marking roots
[71.448s][info][gc,task     ] GC(198) Using 1 of 3 workers for concurrent marking roots
[71.448s][info][gc          ] GC(198) Concurrent marking roots 0.566ms
[71.448s][info][gc,start    ] GC(198) Concurrent marking (unload classes)
[71.448s][info][gc,task     ] GC(198) Using 1 of 3 workers for concurrent marking
[71.460s][info][gc          ] GC(198) Concurrent marking (unload classes) 11.982ms
[71.461s][info][gc,start    ] GC(198) Pause Final Mark (unload classes)
[71.461s][info][gc,task     ] GC(198) Using 3 of 3 workers for final marking
[71.461s][info][gc,ergo     ] GC(198) Adaptive CSet Selection. Target Free: 145M, Actual Free: 838M, Max CSet: 43690K, Min Garbage: 0B
[71.461s][info][gc,ergo     ] GC(198) Collectable Garbage: 784M (99%), Immediate: 635M (80%), CSet: 148M (18%)
[71.461s][info][gc,ergo     ] GC(198) Pacer for Evacuation. Used CSet: 151M, Free: 786M, Non-Taxable: 80538K, Alloc Tax Rate: 1.1x
[71.461s][info][gc          ] GC(198) Pause Final Mark (unload classes) 0.215ms
[71.461s][info][gc,start    ] GC(198) Concurrent thread roots
[71.461s][info][gc,task     ] GC(198) Using 1 of 3 workers for Concurrent thread roots
[71.461s][info][gc          ] GC(198) Concurrent thread roots 0.501ms
[71.461s][info][gc,start    ] GC(198) Concurrent weak references
[71.461s][info][gc,task     ] GC(198) Using 1 of 3 workers for concurrent weak references
[71.461s][info][gc,ref      ] GC(198) Encountered references: Soft: 132, Weak: 435, Final: 9, Phantom: 21
[71.461s][info][gc,ref      ] GC(198) Discovered  references: Soft: 0, Weak: 234, Final: 7, Phantom: 14
[71.461s][info][gc,ref      ] GC(198) Enqueued    references: Soft: 0, Weak: 0, Final: 0, Phantom: 0
[71.461s][info][gc          ] GC(198) Concurrent weak references 0.059ms
[71.461s][info][gc,start    ] GC(198) Concurrent weak roots
[71.461s][info][gc,task     ] GC(198) Using 1 of 3 workers for concurrent weak root
[71.463s][info][gc          ] GC(198) Concurrent weak roots 1.125ms
[71.463s][info][gc,start    ] GC(198) Concurrent cleanup
[71.463s][info][gc          ] GC(198) Concurrent cleanup 823M->188M(1024M) 0.085ms
[71.463s][info][gc,ergo     ] GC(198) Free: 783M, Max: 512K regular, 303M humongous, Frag: 62% external, 0% internal; Reserve: 52368K, Max: 512K
[71.463s][info][gc,start    ] GC(198) Concurrent class unloading
[71.463s][info][gc,task     ] GC(198) Using 1 of 3 workers for concurrent class unloading
[71.467s][info][gc          ] GC(198) Concurrent class unloading 3.962ms
[71.467s][info][gc,start    ] GC(198) Concurrent strong roots
[71.467s][info][gc,task     ] GC(198) Using 1 of 3 workers for concurrent strong root
[71.467s][info][gc          ] GC(198) Concurrent strong roots 0.077ms
[71.467s][info][gc,start    ] GC(198) Concurrent evacuation
[71.467s][info][gc,task     ] GC(198) Using 1 of 3 workers for concurrent evacuation
[71.469s][info][gc          ] GC(198) Concurrent evacuation 1.927ms
[71.469s][info][gc,start    ] GC(198) Pause Init Update Refs
[71.469s][info][gc,ergo     ] GC(198) Pacer for Update Refs. Used: 198M, Free: 775M, Non-Taxable: 79411K, Alloc Tax Rate: 1.1x
[71.469s][info][gc          ] GC(198) Pause Init Update Refs 0.039ms
[71.475s][info][gc,start    ] GC(198) Concurrent update references
[71.475s][info][gc,task     ] GC(198) Using 1 of 3 workers for concurrent reference update
[71.480s][info][gc          ] GC(198) Concurrent update references 5.741ms
[71.480s][info][gc,start    ] GC(198) Concurrent update thread roots
[71.481s][info][gc          ] GC(198) Concurrent update thread roots 0.561ms
[71.481s][info][gc,start    ] GC(198) Pause Final Update Refs
[71.481s][info][gc,task     ] GC(198) Using 3 of 3 workers for final reference update
[71.481s][info][gc          ] GC(198) Pause Final Update Refs 0.085ms
[71.485s][info][gc,start    ] GC(198) Concurrent cleanup
[71.485s][info][gc          ] GC(198) Concurrent cleanup 217M->66M(1024M) 0.039ms
[71.485s][info][gc,ergo     ] Free: 905M, Max: 512K regular, 477M humongous, Frag: 48% external, 0% internal; Reserve: 52736K, Max: 512K
[71.485s][info][gc,stats    ] 
[71.485s][info][gc,stats    ] All times are wall-clock times, except per-root-class counters, that are sum over
[71.485s][info][gc,stats    ] all workers. Dividing the <total> over the root stage time estimates parallelism.
[71.485s][info][gc,stats    ] 
[71.485s][info][gc,stats    ] Concurrent Reset                   1324 us
[71.485s][info][gc,stats    ] Pause Init Mark (G)                2081 us
[71.485s][info][gc,stats    ] Pause Init Mark (N)                 143 us
[71.485s][info][gc,stats    ]   Update Region States               40 us
[71.485s][info][gc,stats    ] Concurrent Mark Roots               576 us, parallelism: 0.87x
[71.485s][info][gc,stats    ]   CMR: <total>                      500 us
[71.485s][info][gc,stats    ]   CMR: Thread Roots                 445 us, workers (us): 445, ---, ---, 
[71.485s][info][gc,stats    ]   CMR: VM Strong Roots                5 us, workers (us):   5, ---, ---, 
[71.485s][info][gc,stats    ]   CMR: CLDG Roots                    49 us, workers (us):  49, ---, ---, 
[71.485s][info][gc,stats    ] Concurrent Marking                12033 us
[71.485s][info][gc,stats    ] Pause Final Mark (G)                313 us
[71.485s][info][gc,stats    ] Pause Final Mark (N)                224 us
[71.485s][info][gc,stats    ]   Finish Mark                        47 us
[71.485s][info][gc,stats    ]   Update Region States               37 us
[71.485s][info][gc,stats    ]   Choose Collection Set              77 us
[71.485s][info][gc,stats    ]   Rebuild Free Set                    8 us
[71.485s][info][gc,stats    ] Concurrent Thread Roots             512 us, parallelism: 0.90x
[71.485s][info][gc,stats    ]   CTR: <total>                      461 us
[71.485s][info][gc,stats    ]   CTR: Thread Roots                 461 us, workers (us): 461, ---, ---, 
[71.485s][info][gc,stats    ] Concurrent Weak References           76 us, parallelism: 0.13x
[71.485s][info][gc,stats    ]   CWRF: <total>                      10 us
[71.485s][info][gc,stats    ]   CWRF: Weak References              10 us, workers (us):  10, ---, ---, 
[71.485s][info][gc,stats    ] Concurrent Weak Roots              1141 us
[71.485s][info][gc,stats    ]   Roots                             509 us, parallelism: 0.97x
[71.485s][info][gc,stats    ]     CWR: <total>                    491 us
[71.485s][info][gc,stats    ]     CWR: Code Cache Roots           383 us, workers (us): 383, ---, ---, 
[71.485s][info][gc,stats    ]     CWR: VM Weak Roots              106 us, workers (us): 106, ---, ---, 
[71.485s][info][gc,stats    ]     CWR: CLDG Roots                   2 us, workers (us):   2, ---, ---, 
[71.485s][info][gc,stats    ]   Rendezvous                        597 us
[71.485s][info][gc,stats    ] Concurrent Cleanup                   93 us
[71.485s][info][gc,stats    ] Concurrent Class Unloading         3990 us
[71.485s][info][gc,stats    ]   Unlink Stale                     1708 us
[71.485s][info][gc,stats    ]     System Dictionary                 2 us
[71.485s][info][gc,stats    ]     Weak Class Links                  0 us
[71.485s][info][gc,stats    ]     Code Roots                     1704 us
[71.485s][info][gc,stats    ]   Rendezvous                       2171 us
[71.485s][info][gc,stats    ]   Purge Unlinked                     66 us
[71.485s][info][gc,stats    ]     Code Roots                       62 us
[71.485s][info][gc,stats    ]     CLDG                              4 us
[71.485s][info][gc,stats    ]     Exception Caches                  0 us
[71.485s][info][gc,stats    ] Concurrent Strong Roots              86 us, parallelism: 0.56x
[71.485s][info][gc,stats    ]   CSR: <total>                       48 us
[71.485s][info][gc,stats    ]   CSR: VM Strong Roots                4 us, workers (us):   4, ---, ---, 
[71.485s][info][gc,stats    ]   CSR: CLDG Roots                    44 us, workers (us):  44, ---, ---, 
[71.485s][info][gc,stats    ] Concurrent Evacuation              1961 us
[71.485s][info][gc,stats    ] Pause Init Update Refs (G)         5865 us
[71.485s][info][gc,stats    ] Pause Init Update Refs (N)           47 us
[71.485s][info][gc,stats    ]   Manage GCLABs                       3 us
[71.485s][info][gc,stats    ] Concurrent Update Refs             5806 us
[71.485s][info][gc,stats    ] Concurrent Update Thread Roots      576 us
[71.485s][info][gc,stats    ] Pause Final Update Refs (G)        3853 us
[71.485s][info][gc,stats    ] Pause Final Update Refs (N)         110 us
[71.485s][info][gc,stats    ]   Update Region States               35 us
[71.485s][info][gc,stats    ]   Trash Collection Set                6 us
[71.485s][info][gc,stats    ]   Rebuild Free Set                   14 us
[71.485s][info][gc,stats    ] Concurrent Cleanup                   48 us
[71.485s][info][gc,stats    ] Pacing                            30873 us
[71.485s][info][gc,stats    ] 
[71.485s][info][gc,stats    ] Allocation pacing accrued:
[71.485s][info][gc,stats    ]       6 of   419 ms (  1.3%): Thread-90
[71.485s][info][gc,stats    ]       5 of   419 ms (  1.2%): Thread-91
[71.485s][info][gc,stats    ]       6 of   419 ms (  1.4%): Thread-92
[71.485s][info][gc,stats    ]       4 of   419 ms (  1.0%): Thread-93
[71.485s][info][gc,stats    ]       5 of   419 ms (  1.3%): Thread-94
[71.485s][info][gc,stats    ]       5 of   419 ms (  1.3%): Thread-95
[71.485s][info][gc,stats    ]      31 of   419 ms (  7.4%): <total>
[71.485s][info][gc,stats    ]       2 of   419 ms (  0.4%): <average total>
[71.485s][info][gc,stats    ]       5 of   419 ms (  1.2%): <average non-zero>
[71.485s][info][gc,stats    ] 
[71.485s][info][gc,metaspace] Metaspace: 6471K(6656K)->6471K(6656K) NonClass: 5856K(5952K)->5856K(5952K) Class: 614K(704K)->614K(704K)
[71.485s][info][gc,ergo     ] Pacer for Idle. Initial: 20971K, Alloc Tax Rate: 1.0x
[71.997s][info][gc          ] Trigger: Average GC time (61.11 ms) is above the time for average allocation rate (1537 MB/s) to deplete free headroom (91959K) (margin of error = 1.76)
[71.997s][info][gc,ergo     ] Free headroom: 141M (free) - 52428K (spike) - 0B (penalties) = 91959K
[71.997s][info][gc,ergo     ] Free: 141M, Max: 512K regular, 141M humongous, Frag: 0% external, 0% internal; Reserve: 52736K, Max: 512K
[71.997s][info][gc,start    ] GC(199) Concurrent reset
[71.997s][info][gc,task     ] GC(199) Using 1 of 3 workers for concurrent reset
[71.997s][info][gc,ergo     ] GC(199) Pacer for Reset. Non-Taxable: 1024M
[71.998s][info][gc          ] GC(199) Concurrent reset 0.649ms
[71.998s][info][gc,start    ] GC(199) Pause Init Mark (unload classes)
[71.998s][info][gc,task     ] GC(199) Using 3 of 3 workers for init marking
[71.998s][info][gc,ergo     ] GC(199) Pacer for Mark. Expected Live: 14255K, Free: 140M, Non-Taxable: 14336K, Alloc Tax Rate: 0.1x
[71.998s][info][gc          ] GC(199) Pause Init Mark (unload classes) 0.143ms
[72.002s][info][gc,start    ] GC(199) Concurrent marking roots
[72.002s][info][gc,task     ] GC(199) Using 1 of 3 workers for concurrent marking roots
[72.002s][info][gc          ] GC(199) Concurrent marking roots 0.571ms
[72.002s][info][gc,start    ] GC(199) Concurrent marking (unload classes)
[72.002s][info][gc,task     ] GC(199) Using 1 of 3 workers for concurrent marking
[72.011s][info][gc          ] GC(199) Concurrent marking (unload classes) 8.457ms
[72.011s][info][gc,start    ] GC(199) Pause Final Mark (unload classes)
[72.011s][info][gc,task     ] GC(199) Using 3 of 3 workers for final marking
[72.011s][info][gc,ergo     ] GC(199) Adaptive CSet Selection. Target Free: 145M, Actual Free: 751M, Max CSet: 43690K, Min Garbage: 0B
[72.011s][info][gc,ergo     ] GC(199) Collectable Garbage: 816M (99%), Immediate: 575M (70%), CSet: 241M (29%)
[72.011s][info][gc,ergo     ] GC(199) Pacer for Evacuation. Used CSet: 244M, Free: 700M, Non-Taxable: 71680K, Alloc Tax Rate: 1.1x
[72.011s][info][gc          ] GC(199) Pause Final Mark (unload classes) 0.269ms
[72.011s][info][gc,start    ] GC(199) Concurrent thread roots
[72.011s][info][gc,task     ] GC(199) Using 1 of 3 workers for Concurrent thread roots
[72.012s][info][gc          ] GC(199) Concurrent thread roots 1.036ms
[72.012s][info][gc,start    ] GC(199) Concurrent weak references
[72.012s][info][gc,task     ] GC(199) Using 1 of 3 workers for concurrent weak references
[72.012s][info][gc,ref      ] GC(199) Encountered references: Soft: 132, Weak: 435, Final: 9, Phantom: 21
[72.012s][info][gc,ref      ] GC(199) Discovered  references: Soft: 0, Weak: 234, Final: 7, Phantom: 14
[72.012s][info][gc,ref      ] GC(199) Enqueued    references: Soft: 0, Weak: 0, Final: 0, Phantom: 0
[72.012s][info][gc          ] GC(199) Concurrent weak references 0.062ms
[72.012s][info][gc,start    ] GC(199) Concurrent weak roots
[72.012s][info][gc,task     ] GC(199) Using 1 of 3 workers for concurrent weak root
[72.013s][info][gc          ] GC(199) Concurrent weak roots 0.719ms
[72.013s][info][gc,start    ] GC(199) Concurrent cleanup
[72.013s][info][gc          ] GC(199) Concurrent cleanup 847M->273M(1024M) 0.113ms
[72.013s][info][gc,ergo     ] GC(199) Free: 698M, Max: 512K regular, 260M humongous, Frag: 63% external, 0% internal; Reserve: 52406K, Max: 512K
[72.013s][info][gc,start    ] GC(199) Concurrent class unloading
[72.013s][info][gc,task     ] GC(199) Using 1 of 3 workers for concurrent class unloading
[72.017s][info][gc          ] GC(199) Concurrent class unloading 4.006ms
[72.017s][info][gc,start    ] GC(199) Concurrent strong roots
[72.017s][info][gc,task     ] GC(199) Using 1 of 3 workers for concurrent strong root
[72.017s][info][gc          ] GC(199) Concurrent strong roots 0.084ms
[72.017s][info][gc,start    ] GC(199) Concurrent evacuation
[72.017s][info][gc,task     ] GC(199) Using 1 of 3 workers for concurrent evacuation
[72.020s][info][gc          ] GC(199) Concurrent evacuation 2.622ms
[72.020s][info][gc,start    ] GC(199) Pause Init Update Refs
[72.020s][info][gc,ergo     ] GC(199) Pacer for Update Refs. Used: 288M, Free: 685M, Non-Taxable: 70195K, Alloc Tax Rate: 1.1x
[72.020s][info][gc          ] GC(199) Pause Init Update Refs 0.059ms
[72.022s][info][gc,start    ] GC(199) Concurrent update references
[72.022s][info][gc,task     ] GC(199) Using 1 of 3 workers for concurrent reference update
[72.027s][info][gc          ] GC(199) Concurrent update references 5.404ms
[72.027s][info][gc,start    ] GC(199) Concurrent update thread roots
[72.028s][info][gc          ] GC(199) Concurrent update thread roots 0.579ms
[72.028s][info][gc,start    ] GC(199) Pause Final Update Refs
[72.028s][info][gc,task     ] GC(199) Using 3 of 3 workers for final reference update
[72.028s][info][gc          ] GC(199) Pause Final Update Refs 0.092ms
[72.029s][info][gc,start    ] GC(199) Concurrent cleanup
[72.029s][info][gc          ] GC(199) Concurrent cleanup 303M->59M(1024M) 0.048ms
[72.029s][info][gc,ergo     ] Free: 911M, Max: 512K regular, 530M humongous, Frag: 42% external, 0% internal; Reserve: 52736K, Max: 512K
[72.029s][info][gc,stats    ] 
[72.029s][info][gc,stats    ] All times are wall-clock times, except per-root-class counters, that are sum over
[72.029s][info][gc,stats    ] all workers. Dividing the <total> over the root stage time estimates parallelism.
[72.029s][info][gc,stats    ] 
[72.029s][info][gc,stats    ] Concurrent Reset                    679 us
[72.029s][info][gc,stats    ] Pause Init Mark (G)                3992 us
[72.029s][info][gc,stats    ] Pause Init Mark (N)                 152 us
[72.029s][info][gc,stats    ]   Update Region States               41 us
[72.029s][info][gc,stats    ] Concurrent Mark Roots               581 us, parallelism: 0.82x
[72.029s][info][gc,stats    ]   CMR: <total>                      475 us
[72.029s][info][gc,stats    ]   CMR: Thread Roots                 424 us, workers (us): 424, ---, ---, 
[72.029s][info][gc,stats    ]   CMR: VM Strong Roots                6 us, workers (us):   6, ---, ---, 
[72.029s][info][gc,stats    ]   CMR: CLDG Roots                    45 us, workers (us):  45, ---, ---, 
[72.029s][info][gc,stats    ] Concurrent Marking                 8505 us
[72.029s][info][gc,stats    ] Pause Final Mark (G)                342 us
[72.029s][info][gc,stats    ] Pause Final Mark (N)                277 us
[72.029s][info][gc,stats    ]   Finish Mark                        56 us
[72.029s][info][gc,stats    ]   Update Region States               41 us
[72.029s][info][gc,stats    ]   Choose Collection Set              96 us
[72.029s][info][gc,stats    ]   Rebuild Free Set                    9 us
[72.029s][info][gc,stats    ] Concurrent Thread Roots            1045 us, parallelism: 0.93x
[72.029s][info][gc,stats    ]   CTR: <total>                      968 us
[72.029s][info][gc,stats    ]   CTR: Thread Roots                 968 us, workers (us): 968, ---, ---, 
[72.029s][info][gc,stats    ] Concurrent Weak References           70 us, parallelism: 0.14x
[72.029s][info][gc,stats    ]   CWRF: <total>                      10 us
[72.029s][info][gc,stats    ]   CWRF: Weak References              10 us, workers (us):  10, ---, ---, 
[72.029s][info][gc,stats    ] Concurrent Weak Roots               729 us
[72.029s][info][gc,stats    ]   Roots                             674 us, parallelism: 0.96x
[72.029s][info][gc,stats    ]     CWR: <total>                    644 us
[72.029s][info][gc,stats    ]     CWR: Code Cache Roots           434 us, workers (us): 434, ---, ---, 
[72.029s][info][gc,stats    ]     CWR: VM Weak Roots              207 us, workers (us): 207, ---, ---, 
[72.029s][info][gc,stats    ]     CWR: CLDG Roots                   3 us, workers (us):   3, ---, ---, 
[72.029s][info][gc,stats    ]   Rendezvous                         30 us
[72.029s][info][gc,stats    ] Concurrent Cleanup                  122 us
[72.029s][info][gc,stats    ] Concurrent Class Unloading         4050 us
[72.029s][info][gc,stats    ]   Unlink Stale                     1783 us
[72.029s][info][gc,stats    ]     System Dictionary                 3 us
[72.029s][info][gc,stats    ]     Weak Class Links                  0 us
[72.029s][info][gc,stats    ]     Code Roots                     1779 us
[72.029s][info][gc,stats    ]   Rendezvous                       2116 us
[72.029s][info][gc,stats    ]   Purge Unlinked                     88 us
[72.029s][info][gc,stats    ]     Code Roots                       84 us
[72.029s][info][gc,stats    ]     CLDG                              3 us
[72.029s][info][gc,stats    ]     Exception Caches                  0 us
[72.029s][info][gc,stats    ] Concurrent Strong Roots             106 us, parallelism: 0.46x
[72.029s][info][gc,stats    ]   CSR: <total>                       49 us
[72.029s][info][gc,stats    ]   CSR: VM Strong Roots                4 us, workers (us):   4, ---, ---, 
[72.029s][info][gc,stats    ]   CSR: CLDG Roots                    45 us, workers (us):  45, ---, ---, 
[72.029s][info][gc,stats    ] Concurrent Evacuation              2685 us
[72.029s][info][gc,stats    ] Pause Init Update Refs (G)         1947 us
[72.029s][info][gc,stats    ] Pause Init Update Refs (N)           68 us
[72.029s][info][gc,stats    ]   Manage GCLABs                       4 us
[72.030s][info][gc,stats    ] Concurrent Update Refs             5447 us
[72.030s][info][gc,stats    ] Concurrent Update Thread Roots      595 us
[72.030s][info][gc,stats    ] Pause Final Update Refs (G)        1118 us
[72.030s][info][gc,stats    ] Pause Final Update Refs (N)         113 us
[72.030s][info][gc,stats    ]   Update Region States               36 us
[72.030s][info][gc,stats    ]   Trash Collection Set               10 us
[72.030s][info][gc,stats    ]   Rebuild Free Set                   15 us
[72.030s][info][gc,stats    ] Concurrent Cleanup                   57 us
[72.030s][info][gc,stats    ] Pacing                            27297 us
[72.030s][info][gc,stats    ] 
[72.030s][info][gc,stats    ] Allocation pacing accrued:
[72.030s][info][gc,stats    ]       5 of   544 ms (  1.0%): Thread-90
[72.030s][info][gc,stats    ]       6 of   544 ms (  1.1%): Thread-92
[72.030s][info][gc,stats    ]       5 of   544 ms (  0.9%): Thread-93
[72.030s][info][gc,stats    ]       5 of   544 ms (  1.0%): Thread-94
[72.030s][info][gc,stats    ]       5 of   544 ms (  1.0%): Thread-95
[72.030s][info][gc,stats    ]      27 of   544 ms (  5.0%): <total>
[72.030s][info][gc,stats    ]       1 of   544 ms (  0.3%): <average total>
[72.030s][info][gc,stats    ]       5 of   544 ms (  1.0%): <average non-zero>
[72.030s][info][gc,stats    ] 
[72.030s][info][gc,metaspace] Metaspace: 6471K(6656K)->6471K(6656K) NonClass: 5856K(5952K)->5856K(5952K) Class: 614K(704K)->614K(704K)
[72.030s][info][gc,ergo     ] Pacer for Idle. Initial: 20971K, Alloc Tax Rate: 1.0x
[72.329s][info][gc          ] Trigger: Average GC time (54.91 ms) is above the time for average allocation rate (2362 MB/s) to deplete free headroom (127M) (margin of error = 1.74)
[72.329s][info][gc,ergo     ] Free headroom: 178M (free) - 52428K (spike) - 0B (penalties) = 127M
[72.329s][info][gc,ergo     ] Free: 177M, Max: 512K regular, 124M humongous, Frag: 31% external, 0% internal; Reserve: 52736K, Max: 512K
[72.329s][info][gc,start    ] GC(200) Concurrent reset
[72.329s][info][gc,task     ] GC(200) Using 1 of 3 workers for concurrent reset
[72.329s][info][gc,ergo     ] GC(200) Pacer for Reset. Non-Taxable: 1024M
[72.330s][info][gc          ] GC(200) Concurrent reset 1.096ms
[72.330s][info][gc,start    ] GC(200) Pause Init Mark (unload classes)
[72.330s][info][gc,task     ] GC(200) Using 3 of 3 workers for init marking
[72.330s][info][gc,ergo     ] GC(200) Pacer for Mark. Expected Live: 14270K, Free: 175M, Non-Taxable: 17920K, Alloc Tax Rate: 0.1x
[72.331s][info][gc          ] GC(200) Pause Init Mark (unload classes) 0.184ms
[72.336s][info][gc,start    ] GC(200) Concurrent marking roots
[72.336s][info][gc,task     ] GC(200) Using 1 of 3 workers for concurrent marking roots
[72.337s][info][gc          ] GC(200) Concurrent marking roots 0.611ms
[72.337s][info][gc,start    ] GC(200) Concurrent marking (unload classes)
[72.337s][info][gc,task     ] GC(200) Using 1 of 3 workers for concurrent marking
[72.344s][info][gc          ] GC(200) Concurrent marking (unload classes) 7.221ms
[72.344s][info][gc,start    ] GC(200) Pause Final Mark (unload classes)
[72.344s][info][gc,task     ] GC(200) Using 3 of 3 workers for final marking
[72.345s][info][gc,ergo     ] GC(200) Adaptive CSet Selection. Target Free: 145M, Actual Free: 911M, Max CSet: 43690K, Min Garbage: 0B
[72.345s][info][gc,ergo     ] GC(200) Collectable Garbage: 781M (99%), Immediate: 702M (89%), CSet: 81912K (10%)
[72.345s][info][gc,ergo     ] GC(200) Pacer for Evacuation. Used CSet: 84480K, Free: 859M, Non-Taxable: 88013K, Alloc Tax Rate: 1.1x
[72.345s][info][gc          ] GC(200) Pause Final Mark (unload classes) 0.402ms
[72.345s][info][gc,start    ] GC(200) Concurrent thread roots
[72.345s][info][gc,task     ] GC(200) Using 1 of 3 workers for Concurrent thread roots
[72.349s][info][gc          ] GC(200) Concurrent thread roots 4.160ms
[72.349s][info][gc,start    ] GC(200) Concurrent weak references
[72.349s][info][gc,task     ] GC(200) Using 1 of 3 workers for concurrent weak references
[72.349s][info][gc,ref      ] GC(200) Encountered references: Soft: 132, Weak: 435, Final: 9, Phantom: 21
[72.349s][info][gc,ref      ] GC(200) Discovered  references: Soft: 0, Weak: 234, Final: 7, Phantom: 14
[72.349s][info][gc,ref      ] GC(200) Enqueued    references: Soft: 0, Weak: 0, Final: 0, Phantom: 0
[72.349s][info][gc          ] GC(200) Concurrent weak references 0.070ms
[72.349s][info][gc,start    ] GC(200) Concurrent weak roots
[72.349s][info][gc,task     ] GC(200) Using 1 of 3 workers for concurrent weak root
[72.352s][info][gc          ] GC(200) Concurrent weak roots 2.829ms
[72.352s][info][gc,start    ] GC(200) Concurrent cleanup
[72.352s][info][gc          ] GC(200) Concurrent cleanup 827M->125M(1024M) 0.100ms
[72.352s][info][gc,ergo     ] GC(200) Free: 848M, Max: 512K regular, 316M humongous, Frag: 63% external, 0% internal; Reserve: 50623K, Max: 512K
[72.352s][info][gc,start    ] GC(200) Concurrent class unloading
[72.352s][info][gc,task     ] GC(200) Using 1 of 3 workers for concurrent class unloading
[72.355s][info][gc          ] GC(200) Concurrent class unloading 2.672ms
[72.355s][info][gc,start    ] GC(200) Concurrent strong roots
[72.355s][info][gc,task     ] GC(200) Using 1 of 3 workers for concurrent strong root
[72.355s][info][gc          ] GC(200) Concurrent strong roots 0.078ms
[72.355s][info][gc,start    ] GC(200) Concurrent evacuation
[72.355s][info][gc,task     ] GC(200) Using 1 of 3 workers for concurrent evacuation
[72.356s][info][gc          ] GC(200) Concurrent evacuation 1.368ms
[72.356s][info][gc,start    ] GC(200) Pause Init Update Refs
[72.356s][info][gc,ergo     ] GC(200) Pacer for Update Refs. Used: 133M, Free: 841M, Non-Taxable: 86170K, Alloc Tax Rate: 1.1x
[72.356s][info][gc          ] GC(200) Pause Init Update Refs 0.064ms
[72.360s][info][gc,start    ] GC(200) Concurrent update references
[72.360s][info][gc,task     ] GC(200) Using 1 of 3 workers for concurrent reference update
[72.365s][info][gc          ] GC(200) Concurrent update references 4.894ms
[72.365s][info][gc,start    ] GC(200) Concurrent update thread roots
[72.366s][info][gc          ] GC(200) Concurrent update thread roots 0.586ms
[72.366s][info][gc,start    ] GC(200) Pause Final Update Refs
[72.366s][info][gc,task     ] GC(200) Using 3 of 3 workers for final reference update
[72.366s][info][gc          ] GC(200) Pause Final Update Refs 0.108ms
[72.372s][info][gc,start    ] GC(200) Concurrent cleanup
[72.372s][info][gc          ] GC(200) Concurrent cleanup 156M->73M(1024M) 0.040ms
[72.372s][info][gc,ergo     ] Free: 897M, Max: 512K regular, 479M humongous, Frag: 47% external, 0% internal; Reserve: 52736K, Max: 512K
[72.372s][info][gc,stats    ] 
[72.372s][info][gc,stats    ] All times are wall-clock times, except per-root-class counters, that are sum over
[72.372s][info][gc,stats    ] all workers. Dividing the <total> over the root stage time estimates parallelism.
[72.372s][info][gc,stats    ] 
[72.372s][info][gc,stats    ] Concurrent Reset                   1136 us
[72.372s][info][gc,stats    ] Pause Init Mark (G)                6148 us
[72.372s][info][gc,stats    ] Pause Init Mark (N)                 195 us
[72.372s][info][gc,stats    ]   Update Region States               43 us
[72.372s][info][gc,stats    ] Concurrent Mark Roots               628 us, parallelism: 0.80x
[72.372s][info][gc,stats    ]   CMR: <total>                      504 us
[72.372s][info][gc,stats    ]   CMR: Thread Roots                 454 us, workers (us): 454, ---, ---, 
[72.372s][info][gc,stats    ]   CMR: VM Strong Roots                5 us, workers (us):   5, ---, ---, 
[72.372s][info][gc,stats    ]   CMR: CLDG Roots                    45 us, workers (us):  45, ---, ---, 
[72.372s][info][gc,stats    ] Concurrent Marking                 7292 us
[72.372s][info][gc,stats    ] Pause Final Mark (G)                483 us
[72.372s][info][gc,stats    ] Pause Final Mark (N)                423 us
[72.372s][info][gc,stats    ]   Finish Mark                        68 us
[72.372s][info][gc,stats    ]   Update Region States               56 us
[72.372s][info][gc,stats    ]   Choose Collection Set             141 us
[72.372s][info][gc,stats    ]   Rebuild Free Set                   22 us
[72.372s][info][gc,stats    ] Concurrent Thread Roots            4208 us, parallelism: 0.97x
[72.372s][info][gc,stats    ]   CTR: <total>                     4084 us
[72.372s][info][gc,stats    ]   CTR: Thread Roots                4084 us, workers (us): 4084, ---, ---, 
[72.372s][info][gc,stats    ] Concurrent Weak References           78 us, parallelism: 0.18x
[72.372s][info][gc,stats    ]   CWRF: <total>                      14 us
[72.372s][info][gc,stats    ]   CWRF: Weak References              14 us, workers (us):  14, ---, ---, 
[72.372s][info][gc,stats    ] Concurrent Weak Roots              2851 us
[72.372s][info][gc,stats    ]   Roots                             572 us, parallelism: 0.96x
[72.372s][info][gc,stats    ]     CWR: <total>                    551 us
[72.372s][info][gc,stats    ]     CWR: Code Cache Roots           440 us, workers (us): 440, ---, ---, 
[72.372s][info][gc,stats    ]     CWR: VM Weak Roots              108 us, workers (us): 108, ---, ---, 
[72.372s][info][gc,stats    ]     CWR: CLDG Roots                   3 us, workers (us):   3, ---, ---, 
[72.372s][info][gc,stats    ]   Rendezvous                       2241 us
[72.372s][info][gc,stats    ] Concurrent Cleanup                  109 us
[72.372s][info][gc,stats    ] Concurrent Class Unloading         2701 us
[72.372s][info][gc,stats    ]   Unlink Stale                     1755 us
[72.372s][info][gc,stats    ]     System Dictionary                 3 us
[72.372s][info][gc,stats    ]     Weak Class Links                  1 us
[72.372s][info][gc,stats    ]     Code Roots                     1751 us
[72.372s][info][gc,stats    ]   Rendezvous                        833 us
[72.372s][info][gc,stats    ]   Purge Unlinked                     66 us
[72.372s][info][gc,stats    ]     Code Roots                       61 us
[72.372s][info][gc,stats    ]     CLDG                              4 us
[72.372s][info][gc,stats    ]     Exception Caches                  0 us
[72.372s][info][gc,stats    ] Concurrent Strong Roots              86 us, parallelism: 0.54x
[72.372s][info][gc,stats    ]   CSR: <total>                       47 us
[72.372s][info][gc,stats    ]   CSR: VM Strong Roots                3 us, workers (us):   3, ---, ---, 
[72.372s][info][gc,stats    ]   CSR: CLDG Roots                    44 us, workers (us):  44, ---, ---, 
[72.372s][info][gc,stats    ] Concurrent Evacuation              1401 us
[72.372s][info][gc,stats    ] Pause Init Update Refs (G)         4018 us
[72.372s][info][gc,stats    ] Pause Init Update Refs (N)           73 us
[72.372s][info][gc,stats    ]   Manage GCLABs                       3 us
[72.372s][info][gc,stats    ] Concurrent Update Refs             4936 us
[72.372s][info][gc,stats    ] Concurrent Update Thread Roots      602 us
[72.372s][info][gc,stats    ] Pause Final Update Refs (G)        5971 us
[72.372s][info][gc,stats    ] Pause Final Update Refs (N)         130 us
[72.372s][info][gc,stats    ]   Update Region States               40 us
[72.372s][info][gc,stats    ]   Trash Collection Set                6 us
[72.372s][info][gc,stats    ]   Rebuild Free Set                   15 us
[72.372s][info][gc,stats    ] Concurrent Cleanup                   50 us
[72.372s][info][gc,stats    ] Pacing                            80958 us
[72.372s][info][gc,stats    ] 
[72.372s][info][gc,stats    ] Allocation pacing accrued:
[72.372s][info][gc,stats    ]      13 of   343 ms (  3.8%): Thread-90
[72.372s][info][gc,stats    ]      14 of   343 ms (  4.0%): Thread-91
[72.372s][info][gc,stats    ]      14 of   343 ms (  4.1%): Thread-92
[72.372s][info][gc,stats    ]      13 of   343 ms (  3.9%): Thread-93
[72.372s][info][gc,stats    ]      13 of   343 ms (  3.9%): Thread-94
[72.372s][info][gc,stats    ]      14 of   343 ms (  3.9%): Thread-95
[72.372s][info][gc,stats    ]      81 of   343 ms ( 23.6%): <total>
