[0.007s][info][gc,init] Initializing The Z Garbage Collector
[0.007s][info][gc,init] Version: 17.0.12+7-adhoc..jdk17u (release)
[0.007s][info][gc,init] NUMA Support: Disabled
[0.007s][info][gc,init] CPUs: 6 total, 6 available
[0.007s][info][gc,init] Memory: 15591M
[0.007s][info][gc,init] Large Page Support: Disabled
[0.007s][info][gc,init] GC Workers: 2 (dynamic)
[0.008s][info][gc,init] Address Space Type: Contiguous/Unrestricted/Complete
[0.008s][info][gc,init] Address Space Size: 16384M x 3 = 49152M
[0.008s][info][gc,init] Min Capacity: 1024M
[0.008s][info][gc,init] Initial Capacity: 1024M
[0.008s][info][gc,init] Max Capacity: 1024M
[0.010s][info][gc,init] Medium Page Size: 32M
[0.010s][info][gc,init] Pre-touch: Disabled
[0.010s][info][gc,init] Uncommit: Implicitly Disabled (-Xms equals -Xmx)
[0.046s][info][gc,init] Runtime Workers: 4
[0.047s][info][gc     ] Using The Z Garbage Collector
[0.055s][info][gc,metaspace] CDS archive(s) mapped at: [0x000001bcdc000000-0x000001bcdcbc0000-0x000001bcdcbc0000), size 12320768, SharedBaseAddress: 0x000001bcdc000000, ArchiveRelocationMode: 1.
[0.055s][info][gc,metaspace] Compressed class space mapped at: 0x000001bcdd000000-0x000001bd1d000000, reserved size: 1073741824
[0.055s][info][gc,metaspace] Narrow klass base: 0x000001bcdc000000, Narrow klass shift: 0, Narrow klass range: 0x100000000
[0.991s][info][gc,start    ] GC(0) Garbage Collection (System.gc())
[0.991s][info][gc,task     ] GC(0) Using 2 workers
[0.991s][info][gc,phases   ] GC(0) Pause Mark Start 0.007ms
[1.045s][info][gc,phases   ] GC(0) Concurrent Mark 53.581ms
[1.045s][info][gc,phases   ] GC(0) Pause Mark End 0.033ms
[1.045s][info][gc,phases   ] GC(0) Concurrent Mark Free 0.002ms
[1.047s][info][gc,phases   ] GC(0) Concurrent Process Non-Strong References 1.770ms
[1.047s][info][gc,phases   ] GC(0) Concurrent Reset Relocation Set 0.006ms
[1.053s][info][gc,phases   ] GC(0) Concurrent Select Relocation Set 6.396ms
[1.053s][info][gc,phases   ] GC(0) Pause Relocate Start 0.011ms
[1.057s][info][gc,phases   ] GC(0) Concurrent Relocate 3.330ms
[1.057s][info][gc,load     ] GC(0) Load: 0.00/0.00/0.00
[1.057s][info][gc,mmu      ] GC(0) MMU: 2ms/98.3%, 5ms/99.3%, 10ms/99.6%, 20ms/99.8%, 50ms/99.9%, 100ms/99.9%
[1.057s][info][gc,marking  ] GC(0) Mark: 2 stripe(s), 2 proactive flush(es), 1 terminate flush(es), 0 completion(s), 0 continuation(s) 
[1.057s][info][gc,marking  ] GC(0) Mark Stack Usage: 32M
[1.057s][info][gc,nmethod  ] GC(0) NMethods: 1143 registered, 0 unregistered
[1.057s][info][gc,metaspace] GC(0) Metaspace: 11M used, 11M committed, 1088M reserved
[1.057s][info][gc,ref      ] GC(0) Soft: 248 encountered, 0 discovered, 0 enqueued
[1.057s][info][gc,ref      ] GC(0) Weak: 783 encountered, 184 discovered, 181 enqueued
[1.057s][info][gc,ref      ] GC(0) Final: 0 encountered, 0 discovered, 0 enqueued
[1.057s][info][gc,ref      ] GC(0) Phantom: 231 encountered, 223 discovered, 198 enqueued
[1.057s][info][gc,reloc    ] GC(0) Small Pages: 36 / 72M, Empty: 0M, Relocated: 4M, In-Place: 0
[1.057s][info][gc,reloc    ] GC(0) Medium Pages: 0 / 0M, Empty: 0M, Relocated: 0M, In-Place: 0
[1.057s][info][gc,reloc    ] GC(0) Large Pages: 0 / 0M, Empty: 0M, Relocated: 0M, In-Place: 0
[1.057s][info][gc,reloc    ] GC(0) Forwarding Usage: 1M
[1.057s][info][gc,heap     ] GC(0) Min Capacity: 1024M(100%)
[1.057s][info][gc,heap     ] GC(0) Max Capacity: 1024M(100%)
[1.057s][info][gc,heap     ] GC(0) Soft Max Capacity: 1024M(100%)
[1.057s][info][gc,heap     ] GC(0)                Mark Start          Mark End        Relocate Start      Relocate End           High               Low         
[1.057s][info][gc,heap     ] GC(0)  Capacity:     1024M (100%)       1024M (100%)       1024M (100%)       1024M (100%)       1024M (100%)       1024M (100%)   
[1.057s][info][gc,heap     ] GC(0)      Free:      952M (93%)         952M (93%)         952M (93%)         980M (96%)         980M (96%)         948M (93%)    
[1.057s][info][gc,heap     ] GC(0)      Used:       72M (7%)           72M (7%)           72M (7%)           44M (4%)           76M (7%)           44M (4%)     
[1.057s][info][gc,heap     ] GC(0)      Live:         -                32M (3%)           32M (3%)           32M (3%)             -                  -          
[1.057s][info][gc,heap     ] GC(0) Allocated:         -                 0M (0%)            0M (0%)            0M (0%)             -                  -          
[1.057s][info][gc,heap     ] GC(0)   Garbage:         -                39M (4%)           39M (4%)           11M (1%)             -                  -          
[1.057s][info][gc,heap     ] GC(0) Reclaimed:         -                  -                 0M (0%)           28M (3%)             -                  -          
[1.057s][info][gc          ] GC(0) Garbage Collection (System.gc()) 72M(7%)->44M(4%)
[1.280s][info][gc,start    ] GC(1) Garbage Collection (Warmup)
[1.280s][info][gc,task     ] GC(1) Using 2 workers
[1.280s][info][gc,phases   ] GC(1) Pause Mark Start 0.012ms
[1.311s][info][gc,phases   ] GC(1) Concurrent Mark 30.778ms
[1.312s][info][gc,phases   ] GC(1) Pause Mark End 0.017ms
[1.312s][info][gc,phases   ] GC(1) Concurrent Mark Free 0.001ms
[1.313s][info][gc,phases   ] GC(1) Concurrent Process Non-Strong References 1.476ms
[1.313s][info][gc,phases   ] GC(1) Concurrent Reset Relocation Set 0.002ms
[1.315s][info][gc,phases   ] GC(1) Concurrent Select Relocation Set 1.483ms
[1.315s][info][gc,phases   ] GC(1) Pause Relocate Start 0.007ms
[1.315s][info][gc,phases   ] GC(1) Concurrent Relocate 0.590ms
[1.315s][info][gc,load     ] GC(1) Load: 0.00/0.00/0.00
[1.315s][info][gc,mmu      ] GC(1) MMU: 2ms/98.3%, 5ms/99.3%, 10ms/99.6%, 20ms/99.8%, 50ms/99.9%, 100ms/99.9%
[1.315s][info][gc,marking  ] GC(1) Mark: 2 stripe(s), 2 proactive flush(es), 1 terminate flush(es), 0 completion(s), 0 continuation(s) 
[1.316s][info][gc,marking  ] GC(1) Mark Stack Usage: 32M
[1.316s][info][gc,nmethod  ] GC(1) NMethods: 1276 registered, 0 unregistered
[1.316s][info][gc,metaspace] GC(1) Metaspace: 11M used, 12M committed, 1088M reserved
[1.316s][info][gc,ref      ] GC(1) Soft: 258 encountered, 0 discovered, 0 enqueued
[1.316s][info][gc,ref      ] GC(1) Weak: 659 encountered, 499 discovered, 14 enqueued
[1.316s][info][gc,ref      ] GC(1) Final: 0 encountered, 0 discovered, 0 enqueued
[1.316s][info][gc,ref      ] GC(1) Phantom: 41 encountered, 29 discovered, 8 enqueued
[1.316s][info][gc,reloc    ] GC(1) Small Pages: 62 / 124M, Empty: 62M, Relocated: 1M, In-Place: 0
[1.316s][info][gc,reloc    ] GC(1) Medium Pages: 0 / 0M, Empty: 0M, Relocated: 0M, In-Place: 0
[1.316s][info][gc,reloc    ] GC(1) Large Pages: 0 / 0M, Empty: 0M, Relocated: 0M, In-Place: 0
[1.316s][info][gc,reloc    ] GC(1) Forwarding Usage: 0M
[1.316s][info][gc,heap     ] GC(1) Min Capacity: 1024M(100%)
[1.316s][info][gc,heap     ] GC(1) Max Capacity: 1024M(100%)
[1.316s][info][gc,heap     ] GC(1) Soft Max Capacity: 1024M(100%)
[1.316s][info][gc,heap     ] GC(1)                Mark Start          Mark End        Relocate Start      Relocate End           High               Low         
[1.316s][info][gc,heap     ] GC(1)  Capacity:     1024M (100%)       1024M (100%)       1024M (100%)       1024M (100%)       1024M (100%)       1024M (100%)   
[1.316s][info][gc,heap     ] GC(1)      Free:      900M (88%)         884M (86%)         944M (92%)         962M (94%)         962M (94%)         882M (86%)    
[1.316s][info][gc,heap     ] GC(1)      Used:      124M (12%)         140M (14%)          80M (8%)           62M (6%)          142M (14%)          62M (6%)     
[1.316s][info][gc,heap     ] GC(1)      Live:         -                33M (3%)           33M (3%)           33M (3%)             -                  -          
[1.316s][info][gc,heap     ] GC(1) Allocated:         -                16M (2%)           18M (2%)           17M (2%)             -                  -          
[1.316s][info][gc,heap     ] GC(1)   Garbage:         -                90M (9%)           28M (3%)           10M (1%)             -                  -          
[1.316s][info][gc,heap     ] GC(1) Reclaimed:         -                  -                62M (6%)           79M (8%)             -                  -          
[1.316s][info][gc          ] GC(1) Garbage Collection (Warmup) 124M(12%)->62M(6%)
[1.368s][info][gc,start    ] GC(2) Garbage Collection (System.gc())
[1.368s][info][gc,task     ] GC(2) Using 2 workers
[1.368s][info][gc,phases   ] GC(2) Pause Mark Start 0.006ms
[1.407s][info][gc,phases   ] GC(2) Concurrent Mark 38.640ms
[1.407s][info][gc,phases   ] GC(2) Pause Mark End 0.033ms
[1.407s][info][gc,phases   ] GC(2) Concurrent Mark Free 0.002ms
[1.408s][info][gc,phases   ] GC(2) Concurrent Process Non-Strong References 1.579ms
[1.408s][info][gc,phases   ] GC(2) Concurrent Reset Relocation Set 0.001ms
[1.410s][info][gc,phases   ] GC(2) Concurrent Select Relocation Set 1.223ms
[1.410s][info][gc,phases   ] GC(2) Pause Relocate Start 0.010ms
[1.410s][info][gc,phases   ] GC(2) Concurrent Relocate 0.581ms
[1.410s][info][gc,load     ] GC(2) Load: 0.00/0.00/0.00
[1.410s][info][gc,mmu      ] GC(2) MMU: 2ms/98.3%, 5ms/99.2%, 10ms/99.6%, 20ms/99.8%, 50ms/99.9%, 100ms/99.9%
[1.410s][info][gc,marking  ] GC(2) Mark: 2 stripe(s), 1 proactive flush(es), 1 terminate flush(es), 0 completion(s), 0 continuation(s) 
[1.411s][info][gc,marking  ] GC(2) Mark Stack Usage: 32M
[1.411s][info][gc,nmethod  ] GC(2) NMethods: 1323 registered, 0 unregistered
[1.411s][info][gc,metaspace] GC(2) Metaspace: 11M used, 12M committed, 1088M reserved
[1.411s][info][gc,ref      ] GC(2) Soft: 291 encountered, 0 discovered, 0 enqueued
[1.411s][info][gc,ref      ] GC(2) Weak: 747 encountered, 504 discovered, 23 enqueued
[1.411s][info][gc,ref      ] GC(2) Final: 0 encountered, 0 discovered, 0 enqueued
[1.411s][info][gc,ref      ] GC(2) Phantom: 39 encountered, 26 discovered, 6 enqueued
[1.411s][info][gc,reloc    ] GC(2) Small Pages: 41 / 82M, Empty: 32M, Relocated: 1M, In-Place: 0
[1.411s][info][gc,reloc    ] GC(2) Medium Pages: 0 / 0M, Empty: 0M, Relocated: 0M, In-Place: 0
[1.411s][info][gc,reloc    ] GC(2) Large Pages: 0 / 0M, Empty: 0M, Relocated: 0M, In-Place: 0
[1.411s][info][gc,reloc    ] GC(2) Forwarding Usage: 0M
[1.411s][info][gc,heap     ] GC(2) Min Capacity: 1024M(100%)
[1.411s][info][gc,heap     ] GC(2) Max Capacity: 1024M(100%)
[1.411s][info][gc,heap     ] GC(2) Soft Max Capacity: 1024M(100%)
[1.411s][info][gc,heap     ] GC(2)                Mark Start          Mark End        Relocate Start      Relocate End           High               Low         
[1.411s][info][gc,heap     ] GC(2)  Capacity:     1024M (100%)       1024M (100%)       1024M (100%)       1024M (100%)       1024M (100%)       1024M (100%)   
[1.411s][info][gc,heap     ] GC(2)      Free:      942M (92%)         942M (92%)         974M (95%)         980M (96%)         980M (96%)         942M (92%)    
[1.411s][info][gc,heap     ] GC(2)      Used:       82M (8%)           82M (8%)           50M (5%)           44M (4%)           82M (8%)           44M (4%)     
[1.411s][info][gc,heap     ] GC(2)      Live:         -                32M (3%)           32M (3%)           32M (3%)             -                  -          
[1.411s][info][gc,heap     ] GC(2) Allocated:         -                 0M (0%)            0M (0%)            0M (0%)             -                  -          
[1.411s][info][gc,heap     ] GC(2)   Garbage:         -                49M (5%)           17M (2%)           11M (1%)             -                  -          
[1.411s][info][gc,heap     ] GC(2) Reclaimed:         -                  -                32M (3%)           38M (4%)             -                  -          
[1.411s][info][gc          ] GC(2) Garbage Collection (System.gc()) 82M(8%)->44M(4%)
[1.604s][info][gc,start    ] GC(3) Garbage Collection (System.gc())
[1.604s][info][gc,task     ] GC(3) Using 2 workers
[1.604s][info][gc,phases   ] GC(3) Pause Mark Start 0.007ms
[1.643s][info][gc,phases   ] GC(3) Concurrent Mark 38.139ms
[1.643s][info][gc,phases   ] GC(3) Pause Mark End 0.021ms
[1.643s][info][gc,phases   ] GC(3) Concurrent Mark Free 0.001ms
[1.645s][info][gc,phases   ] GC(3) Concurrent Process Non-Strong References 2.136ms
[1.645s][info][gc,phases   ] GC(3) Concurrent Reset Relocation Set 0.001ms
[1.646s][info][gc,phases   ] GC(3) Concurrent Select Relocation Set 1.253ms
[1.646s][info][gc,phases   ] GC(3) Pause Relocate Start 0.007ms
[1.647s][info][gc,phases   ] GC(3) Concurrent Relocate 0.588ms
[1.647s][info][gc,load     ] GC(3) Load: 0.00/0.00/0.00
[1.647s][info][gc,mmu      ] GC(3) MMU: 2ms/98.3%, 5ms/99.2%, 10ms/99.6%, 20ms/99.8%, 50ms/99.9%, 100ms/99.9%
[1.647s][info][gc,marking  ] GC(3) Mark: 2 stripe(s), 1 proactive flush(es), 1 terminate flush(es), 0 completion(s), 0 continuation(s) 
[1.647s][info][gc,marking  ] GC(3) Mark Stack Usage: 32M
[1.647s][info][gc,nmethod  ] GC(3) NMethods: 1348 registered, 0 unregistered
[1.647s][info][gc,metaspace] GC(3) Metaspace: 11M used, 12M committed, 1088M reserved
[1.647s][info][gc,ref      ] GC(3) Soft: 291 encountered, 0 discovered, 0 enqueued
[1.647s][info][gc,ref      ] GC(3) Weak: 724 encountered, 3 discovered, 0 enqueued
[1.647s][info][gc,ref      ] GC(3) Final: 0 encountered, 0 discovered, 0 enqueued
[1.647s][info][gc,ref      ] GC(3) Phantom: 33 encountered, 21 discovered, 0 enqueued
[1.647s][info][gc,reloc    ] GC(3) Small Pages: 82 / 164M, Empty: 116M, Relocated: 1M, In-Place: 0
[1.647s][info][gc,reloc    ] GC(3) Medium Pages: 0 / 0M, Empty: 0M, Relocated: 0M, In-Place: 0
[1.647s][info][gc,reloc    ] GC(3) Large Pages: 0 / 0M, Empty: 0M, Relocated: 0M, In-Place: 0
[1.647s][info][gc,reloc    ] GC(3) Forwarding Usage: 0M
[1.647s][info][gc,heap     ] GC(3) Min Capacity: 1024M(100%)
[1.647s][info][gc,heap     ] GC(3) Max Capacity: 1024M(100%)
[1.647s][info][gc,heap     ] GC(3) Soft Max Capacity: 1024M(100%)
[1.647s][info][gc,heap     ] GC(3)                Mark Start          Mark End        Relocate Start      Relocate End           High               Low         
[1.647s][info][gc,heap     ] GC(3)  Capacity:     1024M (100%)       1024M (100%)       1024M (100%)       1024M (100%)       1024M (100%)       1024M (100%)   
[1.647s][info][gc,heap     ] GC(3)      Free:      860M (84%)         860M (84%)         976M (95%)         980M (96%)         980M (96%)         860M (84%)    
[1.647s][info][gc,heap     ] GC(3)      Used:      164M (16%)         164M (16%)          48M (5%)           44M (4%)          164M (16%)          44M (4%)     
[1.647s][info][gc,heap     ] GC(3)      Live:         -                32M (3%)           32M (3%)           32M (3%)             -                  -          
[1.647s][info][gc,heap     ] GC(3) Allocated:         -                 0M (0%)            0M (0%)            0M (0%)             -                  -          
[1.647s][info][gc,heap     ] GC(3)   Garbage:         -               131M (13%)          15M (1%)           11M (1%)             -                  -          
[1.647s][info][gc,heap     ] GC(3) Reclaimed:         -                  -               116M (11%)         120M (12%)            -                  -          
[1.647s][info][gc          ] GC(3) Garbage Collection (System.gc()) 164M(16%)->44M(4%)
[1.835s][info][gc,start    ] GC(4) Garbage Collection (System.gc())
[1.835s][info][gc,task     ] GC(4) Using 2 workers
[1.835s][info][gc,phases   ] GC(4) Pause Mark Start 0.005ms
[1.863s][info][gc,phases   ] GC(4) Concurrent Mark 27.581ms
[1.863s][info][gc,phases   ] GC(4) Pause Mark End 0.021ms
[1.863s][info][gc,phases   ] GC(4) Concurrent Mark Free 0.001ms
[1.865s][info][gc,phases   ] GC(4) Concurrent Process Non-Strong References 2.011ms
[1.865s][info][gc,phases   ] GC(4) Concurrent Reset Relocation Set 0.001ms
[1.867s][info][gc,phases   ] GC(4) Concurrent Select Relocation Set 1.754ms
[1.867s][info][gc,phases   ] GC(4) Pause Relocate Start 0.007ms
[1.867s][info][gc,phases   ] GC(4) Concurrent Relocate 0.368ms
[1.868s][info][gc,load     ] GC(4) Load: 0.00/0.00/0.00
[1.868s][info][gc,mmu      ] GC(4) MMU: 2ms/98.3%, 5ms/99.2%, 10ms/99.6%, 20ms/99.8%, 50ms/99.9%, 100ms/99.9%
[1.868s][info][gc,marking  ] GC(4) Mark: 2 stripe(s), 2 proactive flush(es), 1 terminate flush(es), 0 completion(s), 0 continuation(s) 
[1.868s][info][gc,marking  ] GC(4) Mark Stack Usage: 32M
[1.868s][info][gc,nmethod  ] GC(4) NMethods: 1372 registered, 0 unregistered
[1.868s][info][gc,metaspace] GC(4) Metaspace: 11M used, 12M committed, 1088M reserved
[1.868s][info][gc,ref      ] GC(4) Soft: 291 encountered, 0 discovered, 0 enqueued
[1.868s][info][gc,ref      ] GC(4) Weak: 724 encountered, 520 discovered, 0 enqueued
[1.868s][info][gc,ref      ] GC(4) Final: 0 encountered, 0 discovered, 0 enqueued
[1.868s][info][gc,ref      ] GC(4) Phantom: 33 encountered, 22 discovered, 0 enqueued
[1.868s][info][gc,reloc    ] GC(4) Small Pages: 75 / 150M, Empty: 104M, Relocated: 1M, In-Place: 0
[1.868s][info][gc,reloc    ] GC(4) Medium Pages: 0 / 0M, Empty: 0M, Relocated: 0M, In-Place: 0
[1.868s][info][gc,reloc    ] GC(4) Large Pages: 0 / 0M, Empty: 0M, Relocated: 0M, In-Place: 0
[1.868s][info][gc,reloc    ] GC(4) Forwarding Usage: 0M
[1.868s][info][gc,heap     ] GC(4) Min Capacity: 1024M(100%)
[1.868s][info][gc,heap     ] GC(4) Max Capacity: 1024M(100%)
[1.868s][info][gc,heap     ] GC(4) Soft Max Capacity: 1024M(100%)
[1.868s][info][gc,heap     ] GC(4)                Mark Start          Mark End        Relocate Start      Relocate End           High               Low         
[1.868s][info][gc,heap     ] GC(4)  Capacity:     1024M (100%)       1024M (100%)       1024M (100%)       1024M (100%)       1024M (100%)       1024M (100%)   
[1.868s][info][gc,heap     ] GC(4)      Free:      874M (85%)         874M (85%)         978M (96%)         980M (96%)         980M (96%)         874M (85%)    
[1.868s][info][gc,heap     ] GC(4)      Used:      150M (15%)         150M (15%)          46M (4%)           44M (4%)          150M (15%)          44M (4%)     
[1.868s][info][gc,heap     ] GC(4)      Live:         -                32M (3%)           32M (3%)           32M (3%)             -                  -          
[1.868s][info][gc,heap     ] GC(4) Allocated:         -                 0M (0%)            0M (0%)            0M (0%)             -                  -          
[1.868s][info][gc,heap     ] GC(4)   Garbage:         -               117M (11%)          13M (1%)           11M (1%)             -                  -          
[1.868s][info][gc,heap     ] GC(4) Reclaimed:         -                  -               104M (10%)         106M (10%)            -                  -          
[1.868s][info][gc          ] GC(4) Garbage Collection (System.gc()) 150M(15%)->44M(4%)
[2.047s][info][gc,start    ] GC(5) Garbage Collection (System.gc())
[2.048s][info][gc,task     ] GC(5) Using 2 workers
[2.048s][info][gc,phases   ] GC(5) Pause Mark Start 0.008ms
[2.082s][info][gc,phases   ] GC(5) Concurrent Mark 34.328ms
[2.082s][info][gc,phases   ] GC(5) Pause Mark End 0.013ms
[2.082s][info][gc,phases   ] GC(5) Concurrent Mark Free 0.001ms
[2.084s][info][gc,phases   ] GC(5) Concurrent Process Non-Strong References 1.874ms
[2.084s][info][gc,phases   ] GC(5) Concurrent Reset Relocation Set 0.001ms
[2.085s][info][gc,phases   ] GC(5) Concurrent Select Relocation Set 1.353ms
[2.086s][info][gc,phases   ] GC(5) Pause Relocate Start 0.009ms
[2.086s][info][gc,phases   ] GC(5) Concurrent Relocate 0.588ms
[2.086s][info][gc,load     ] GC(5) Load: 0.00/0.00/0.00
[2.086s][info][gc,mmu      ] GC(5) MMU: 2ms/98.3%, 5ms/99.2%, 10ms/99.6%, 20ms/99.8%, 50ms/99.9%, 100ms/99.9%
[2.086s][info][gc,marking  ] GC(5) Mark: 2 stripe(s), 2 proactive flush(es), 1 terminate flush(es), 0 completion(s), 0 continuation(s) 
[2.086s][info][gc,marking  ] GC(5) Mark Stack Usage: 32M
[2.086s][info][gc,nmethod  ] GC(5) NMethods: 1399 registered, 0 unregistered
[2.086s][info][gc,metaspace] GC(5) Metaspace: 11M used, 12M committed, 1088M reserved
[2.086s][info][gc,ref      ] GC(5) Soft: 291 encountered, 0 discovered, 0 enqueued
[2.086s][info][gc,ref      ] GC(5) Weak: 724 encountered, 509 discovered, 0 enqueued
[2.086s][info][gc,ref      ] GC(5) Final: 0 encountered, 0 discovered, 0 enqueued
[2.086s][info][gc,ref      ] GC(5) Phantom: 33 encountered, 22 discovered, 0 enqueued
[2.086s][info][gc,reloc    ] GC(5) Small Pages: 64 / 128M, Empty: 80M, Relocated: 1M, In-Place: 0
[2.086s][info][gc,reloc    ] GC(5) Medium Pages: 0 / 0M, Empty: 0M, Relocated: 0M, In-Place: 0
[2.086s][info][gc,reloc    ] GC(5) Large Pages: 0 / 0M, Empty: 0M, Relocated: 0M, In-Place: 0
[2.086s][info][gc,reloc    ] GC(5) Forwarding Usage: 0M
[2.086s][info][gc,heap     ] GC(5) Min Capacity: 1024M(100%)
[2.087s][info][gc,heap     ] GC(5) Max Capacity: 1024M(100%)
[2.087s][info][gc,heap     ] GC(5) Soft Max Capacity: 1024M(100%)
[2.087s][info][gc,heap     ] GC(5)                Mark Start          Mark End        Relocate Start      Relocate End           High               Low         
[2.087s][info][gc,heap     ] GC(5)  Capacity:     1024M (100%)       1024M (100%)       1024M (100%)       1024M (100%)       1024M (100%)       1024M (100%)   
[2.087s][info][gc,heap     ] GC(5)      Free:      896M (88%)         896M (88%)         976M (95%)         980M (96%)         980M (96%)         896M (88%)    
[2.087s][info][gc,heap     ] GC(5)      Used:      128M (12%)         128M (12%)          48M (5%)           44M (4%)          128M (12%)          44M (4%)     
[2.087s][info][gc,heap     ] GC(5)      Live:         -                32M (3%)           32M (3%)           32M (3%)             -                  -          
[2.087s][info][gc,heap     ] GC(5) Allocated:         -                 0M (0%)            0M (0%)            0M (0%)             -                  -          
[2.087s][info][gc,heap     ] GC(5)   Garbage:         -                95M (9%)           15M (1%)           11M (1%)             -                  -          
[2.087s][info][gc,heap     ] GC(5) Reclaimed:         -                  -                80M (8%)           84M (8%)             -                  -          
[2.087s][info][gc          ] GC(5) Garbage Collection (System.gc()) 128M(12%)->44M(4%)
[2.266s][info][gc,start    ] GC(6) Garbage Collection (System.gc())
[2.266s][info][gc,task     ] GC(6) Using 2 workers
[2.266s][info][gc,phases   ] GC(6) Pause Mark Start 0.005ms
[2.287s][info][gc,phases   ] GC(6) Concurrent Mark 20.298ms
[2.287s][info][gc,phases   ] GC(6) Pause Mark End 0.022ms
[2.287s][info][gc,phases   ] GC(6) Concurrent Mark Free 0.003ms
[2.289s][info][gc,phases   ] GC(6) Concurrent Process Non-Strong References 1.900ms
[2.289s][info][gc,phases   ] GC(6) Concurrent Reset Relocation Set 0.001ms
[2.291s][info][gc,phases   ] GC(6) Concurrent Select Relocation Set 2.070ms
[2.291s][info][gc,phases   ] GC(6) Pause Relocate Start 0.011ms
[2.292s][info][gc,phases   ] GC(6) Concurrent Relocate 0.519ms
[2.292s][info][gc,load     ] GC(6) Load: 0.00/0.00/0.00
[2.292s][info][gc,mmu      ] GC(6) MMU: 2ms/98.3%, 5ms/99.2%, 10ms/99.6%, 20ms/99.8%, 50ms/99.9%, 100ms/99.9%
[2.292s][info][gc,marking  ] GC(6) Mark: 2 stripe(s), 1 proactive flush(es), 1 terminate flush(es), 0 completion(s), 0 continuation(s) 
[2.292s][info][gc,marking  ] GC(6) Mark Stack Usage: 32M
[2.292s][info][gc,nmethod  ] GC(6) NMethods: 1408 registered, 0 unregistered
[2.292s][info][gc,metaspace] GC(6) Metaspace: 11M used, 12M committed, 1088M reserved
[2.292s][info][gc,ref      ] GC(6) Soft: 291 encountered, 0 discovered, 0 enqueued
[2.292s][info][gc,ref      ] GC(6) Weak: 724 encountered, 503 discovered, 0 enqueued
[2.292s][info][gc,ref      ] GC(6) Final: 0 encountered, 0 discovered, 0 enqueued
[2.292s][info][gc,ref      ] GC(6) Phantom: 33 encountered, 21 discovered, 0 enqueued
[2.292s][info][gc,reloc    ] GC(6) Small Pages: 63 / 126M, Empty: 80M, Relocated: 1M, In-Place: 0
[2.292s][info][gc,reloc    ] GC(6) Medium Pages: 0 / 0M, Empty: 0M, Relocated: 0M, In-Place: 0
[2.292s][info][gc,reloc    ] GC(6) Large Pages: 0 / 0M, Empty: 0M, Relocated: 0M, In-Place: 0
[2.292s][info][gc,reloc    ] GC(6) Forwarding Usage: 0M
[2.292s][info][gc,heap     ] GC(6) Min Capacity: 1024M(100%)
[2.292s][info][gc,heap     ] GC(6) Max Capacity: 1024M(100%)
[2.292s][info][gc,heap     ] GC(6) Soft Max Capacity: 1024M(100%)
[2.292s][info][gc,heap     ] GC(6)                Mark Start          Mark End        Relocate Start      Relocate End           High               Low         
[2.292s][info][gc,heap     ] GC(6)  Capacity:     1024M (100%)       1024M (100%)       1024M (100%)       1024M (100%)       1024M (100%)       1024M (100%)   
[2.292s][info][gc,heap     ] GC(6)      Free:      898M (88%)         898M (88%)         978M (96%)         980M (96%)         980M (96%)         898M (88%)    
[2.292s][info][gc,heap     ] GC(6)      Used:      126M (12%)         126M (12%)          46M (4%)           44M (4%)          126M (12%)          44M (4%)     
[2.292s][info][gc,heap     ] GC(6)      Live:         -                32M (3%)           32M (3%)           32M (3%)             -                  -          
[2.292s][info][gc,heap     ] GC(6) Allocated:         -                 0M (0%)            0M (0%)            0M (0%)             -                  -          
[2.292s][info][gc,heap     ] GC(6)   Garbage:         -                93M (9%)           13M (1%)           11M (1%)             -                  -          
[2.292s][info][gc,heap     ] GC(6) Reclaimed:         -                  -                80M (8%)           82M (8%)             -                  -          
[2.292s][info][gc          ] GC(6) Garbage Collection (System.gc()) 126M(12%)->44M(4%)
[2.470s][info][gc,start    ] GC(7) Garbage Collection (System.gc())
[2.470s][info][gc,task     ] GC(7) Using 2 workers
[2.470s][info][gc,phases   ] GC(7) Pause Mark Start 0.005ms
[2.491s][info][gc,phases   ] GC(7) Concurrent Mark 20.847ms
[2.491s][info][gc,phases   ] GC(7) Pause Mark End 0.023ms
[2.491s][info][gc,phases   ] GC(7) Concurrent Mark Free 0.003ms
[2.493s][info][gc,phases   ] GC(7) Concurrent Process Non-Strong References 1.869ms
[2.493s][info][gc,phases   ] GC(7) Concurrent Reset Relocation Set 0.001ms
[2.494s][info][gc,phases   ] GC(7) Concurrent Select Relocation Set 1.180ms
[2.494s][info][gc,phases   ] GC(7) Pause Relocate Start 0.007ms
[2.495s][info][gc,phases   ] GC(7) Concurrent Relocate 0.363ms
[2.495s][info][gc,load     ] GC(7) Load: 0.00/0.00/0.00
[2.495s][info][gc,mmu      ] GC(7) MMU: 2ms/98.3%, 5ms/99.2%, 10ms/99.6%, 20ms/99.8%, 50ms/99.9%, 100ms/99.9%
[2.495s][info][gc,marking  ] GC(7) Mark: 2 stripe(s), 2 proactive flush(es), 1 terminate flush(es), 0 completion(s), 0 continuation(s) 
[2.495s][info][gc,marking  ] GC(7) Mark Stack Usage: 32M
[2.495s][info][gc,nmethod  ] GC(7) NMethods: 1425 registered, 0 unregistered
[2.495s][info][gc,metaspace] GC(7) Metaspace: 11M used, 12M committed, 1088M reserved
[2.495s][info][gc,ref      ] GC(7) Soft: 291 encountered, 0 discovered, 0 enqueued
[2.495s][info][gc,ref      ] GC(7) Weak: 724 encountered, 522 discovered, 0 enqueued
[2.495s][info][gc,ref      ] GC(7) Final: 0 encountered, 0 discovered, 0 enqueued
[2.495s][info][gc,ref      ] GC(7) Phantom: 33 encountered, 21 discovered, 0 enqueued
[2.495s][info][gc,reloc    ] GC(7) Small Pages: 63 / 126M, Empty: 80M, Relocated: 1M, In-Place: 0
[2.495s][info][gc,reloc    ] GC(7) Medium Pages: 0 / 0M, Empty: 0M, Relocated: 0M, In-Place: 0
[2.495s][info][gc,reloc    ] GC(7) Large Pages: 0 / 0M, Empty: 0M, Relocated: 0M, In-Place: 0
[2.495s][info][gc,reloc    ] GC(7) Forwarding Usage: 0M
[2.495s][info][gc,heap     ] GC(7) Min Capacity: 1024M(100%)
[2.495s][info][gc,heap     ] GC(7) Max Capacity: 1024M(100%)
[2.495s][info][gc,heap     ] GC(7) Soft Max Capacity: 1024M(100%)
[2.495s][info][gc,heap     ] GC(7)                Mark Start          Mark End        Relocate Start      Relocate End           High               Low         
[2.495s][info][gc,heap     ] GC(7)  Capacity:     1024M (100%)       1024M (100%)       1024M (100%)       1024M (100%)       1024M (100%)       1024M (100%)   
[2.495s][info][gc,heap     ] GC(7)      Free:      898M (88%)         898M (88%)         978M (96%)         980M (96%)         980M (96%)         898M (88%)    
[2.495s][info][gc,heap     ] GC(7)      Used:      126M (12%)         126M (12%)          46M (4%)           44M (4%)          126M (12%)          44M (4%)     
[2.495s][info][gc,heap     ] GC(7)      Live:         -                32M (3%)           32M (3%)           32M (3%)             -                  -          
[2.495s][info][gc,heap     ] GC(7) Allocated:         -                 0M (0%)            0M (0%)            0M (0%)             -                  -          
[2.495s][info][gc,heap     ] GC(7)   Garbage:         -                93M (9%)           13M (1%)           11M (1%)             -                  -          
[2.495s][info][gc,heap     ] GC(7) Reclaimed:         -                  -                80M (8%)           82M (8%)             -                  -          
[2.495s][info][gc          ] GC(7) Garbage Collection (System.gc()) 126M(12%)->44M(4%)
[2.675s][info][gc,start    ] GC(8) Garbage Collection (System.gc())
[2.675s][info][gc,task     ] GC(8) Using 2 workers
[2.675s][info][gc,phases   ] GC(8) Pause Mark Start 0.007ms
[2.711s][info][gc,phases   ] GC(8) Concurrent Mark 35.843ms
[2.711s][info][gc,phases   ] GC(8) Pause Mark End 0.023ms
[2.711s][info][gc,phases   ] GC(8) Concurrent Mark Free 0.002ms
[2.713s][info][gc,phases   ] GC(8) Concurrent Process Non-Strong References 2.023ms
[2.713s][info][gc,phases   ] GC(8) Concurrent Reset Relocation Set 0.001ms
[2.715s][info][gc,phases   ] GC(8) Concurrent Select Relocation Set 1.852ms
[2.715s][info][gc,phases   ] GC(8) Pause Relocate Start 0.011ms
[2.716s][info][gc,phases   ] GC(8) Concurrent Relocate 0.592ms
[2.716s][info][gc,load     ] GC(8) Load: 0.00/0.00/0.00
[2.716s][info][gc,mmu      ] GC(8) MMU: 2ms/98.3%, 5ms/99.2%, 10ms/99.6%, 20ms/99.8%, 50ms/99.9%, 100ms/99.9%
[2.716s][info][gc,marking  ] GC(8) Mark: 2 stripe(s), 2 proactive flush(es), 1 terminate flush(es), 0 completion(s), 0 continuation(s) 
[2.716s][info][gc,marking  ] GC(8) Mark Stack Usage: 32M
[2.716s][info][gc,nmethod  ] GC(8) NMethods: 1432 registered, 0 unregistered
[2.716s][info][gc,metaspace] GC(8) Metaspace: 11M used, 12M committed, 1088M reserved
[2.716s][info][gc,ref      ] GC(8) Soft: 291 encountered, 0 discovered, 0 enqueued
[2.716s][info][gc,ref      ] GC(8) Weak: 724 encountered, 493 discovered, 0 enqueued
[2.716s][info][gc,ref      ] GC(8) Final: 0 encountered, 0 discovered, 0 enqueued
[2.716s][info][gc,ref      ] GC(8) Phantom: 33 encountered, 22 discovered, 0 enqueued
[2.716s][info][gc,reloc    ] GC(8) Small Pages: 64 / 128M, Empty: 80M, Relocated: 1M, In-Place: 0
[2.716s][info][gc,reloc    ] GC(8) Medium Pages: 0 / 0M, Empty: 0M, Relocated: 0M, In-Place: 0
[2.716s][info][gc,reloc    ] GC(8) Large Pages: 0 / 0M, Empty: 0M, Relocated: 0M, In-Place: 0
[2.716s][info][gc,reloc    ] GC(8) Forwarding Usage: 0M
[2.716s][info][gc,heap     ] GC(8) Min Capacity: 1024M(100%)
[2.716s][info][gc,heap     ] GC(8) Max Capacity: 1024M(100%)
[2.716s][info][gc,heap     ] GC(8) Soft Max Capacity: 1024M(100%)
[2.716s][info][gc,heap     ] GC(8)                Mark Start          Mark End        Relocate Start      Relocate End           High               Low         
[2.716s][info][gc,heap     ] GC(8)  Capacity:     1024M (100%)       1024M (100%)       1024M (100%)       1024M (100%)       1024M (100%)       1024M (100%)   
[2.716s][info][gc,heap     ] GC(8)      Free:      896M (88%)         896M (88%)         976M (95%)         980M (96%)         980M (96%)         896M (88%)    
[2.716s][info][gc,heap     ] GC(8)      Used:      128M (12%)         128M (12%)          48M (5%)           44M (4%)          128M (12%)          44M (4%)     
[2.716s][info][gc,heap     ] GC(8)      Live:         -                32M (3%)           32M (3%)           32M (3%)             -                  -          
[2.716s][info][gc,heap     ] GC(8) Allocated:         -                 0M (0%)            0M (0%)            0M (0%)             -                  -          
[2.716s][info][gc,heap     ] GC(8)   Garbage:         -                95M (9%)           15M (1%)           11M (1%)             -                  -          
[2.716s][info][gc,heap     ] GC(8) Reclaimed:         -                  -                80M (8%)           84M (8%)             -                  -          
[2.716s][info][gc          ] GC(8) Garbage Collection (System.gc()) 128M(12%)->44M(4%)
[2.896s][info][gc,start    ] GC(9) Garbage Collection (System.gc())
[2.896s][info][gc,task     ] GC(9) Using 2 workers
[2.896s][info][gc,phases   ] GC(9) Pause Mark Start 0.014ms
[2.915s][info][gc,phases   ] GC(9) Concurrent Mark 19.195ms
[2.915s][info][gc,phases   ] GC(9) Pause Mark End 0.015ms
[2.916s][info][gc,phases   ] GC(9) Concurrent Mark Free 0.002ms
[2.917s][info][gc,phases   ] GC(9) Concurrent Process Non-Strong References 1.772ms
[2.917s][info][gc,phases   ] GC(9) Concurrent Reset Relocation Set 0.001ms
[2.919s][info][gc,phases   ] GC(9) Concurrent Select Relocation Set 1.204ms
[2.919s][info][gc,phases   ] GC(9) Pause Relocate Start 0.008ms
[2.919s][info][gc,phases   ] GC(9) Concurrent Relocate 0.439ms
[2.919s][info][gc,load     ] GC(9) Load: 0.00/0.00/0.00
[2.919s][info][gc,mmu      ] GC(9) MMU: 2ms/98.3%, 5ms/99.2%, 10ms/99.6%, 20ms/99.8%, 50ms/99.9%, 100ms/99.9%
[2.919s][info][gc,marking  ] GC(9) Mark: 2 stripe(s), 1 proactive flush(es), 1 terminate flush(es), 0 completion(s), 0 continuation(s) 
[2.919s][info][gc,marking  ] GC(9) Mark Stack Usage: 32M
[2.919s][info][gc,nmethod  ] GC(9) NMethods: 1439 registered, 0 unregistered
[2.919s][info][gc,metaspace] GC(9) Metaspace: 11M used, 12M committed, 1088M reserved
[2.919s][info][gc,ref      ] GC(9) Soft: 291 encountered, 0 discovered, 0 enqueued
[2.919s][info][gc,ref      ] GC(9) Weak: 724 encountered, 502 discovered, 0 enqueued
[2.919s][info][gc,ref      ] GC(9) Final: 0 encountered, 0 discovered, 0 enqueued
[2.919s][info][gc,ref      ] GC(9) Phantom: 33 encountered, 21 discovered, 0 enqueued
[2.919s][info][gc,reloc    ] GC(9) Small Pages: 63 / 126M, Empty: 80M, Relocated: 1M, In-Place: 0
[2.919s][info][gc,reloc    ] GC(9) Medium Pages: 0 / 0M, Empty: 0M, Relocated: 0M, In-Place: 0
[2.919s][info][gc,reloc    ] GC(9) Large Pages: 0 / 0M, Empty: 0M, Relocated: 0M, In-Place: 0
[2.919s][info][gc,reloc    ] GC(9) Forwarding Usage: 0M
[2.919s][info][gc,heap     ] GC(9) Min Capacity: 1024M(100%)
[2.919s][info][gc,heap     ] GC(9) Max Capacity: 1024M(100%)
[2.919s][info][gc,heap     ] GC(9) Soft Max Capacity: 1024M(100%)
[2.919s][info][gc,heap     ] GC(9)                Mark Start          Mark End        Relocate Start      Relocate End           High               Low         
[2.919s][info][gc,heap     ] GC(9)  Capacity:     1024M (100%)       1024M (100%)       1024M (100%)       1024M (100%)       1024M (100%)       1024M (100%)   
[2.919s][info][gc,heap     ] GC(9)      Free:      898M (88%)         898M (88%)         978M (96%)         980M (96%)         980M (96%)         898M (88%)    
[2.919s][info][gc,heap     ] GC(9)      Used:      126M (12%)         126M (12%)          46M (4%)           44M (4%)          126M (12%)          44M (4%)     
[2.919s][info][gc,heap     ] GC(9)      Live:         -                32M (3%)           32M (3%)           32M (3%)             -                  -          
[2.919s][info][gc,heap     ] GC(9) Allocated:         -                 0M (0%)            0M (0%)            0M (0%)             -                  -          
[2.919s][info][gc,heap     ] GC(9)   Garbage:         -                93M (9%)           13M (1%)           11M (1%)             -                  -          
[2.919s][info][gc,heap     ] GC(9) Reclaimed:         -                  -                80M (8%)           82M (8%)             -                  -          
[2.919s][info][gc          ] GC(9) Garbage Collection (System.gc()) 126M(12%)->44M(4%)
[3.100s][info][gc,start    ] GC(10) Garbage Collection (System.gc())
[3.100s][info][gc,task     ] GC(10) Using 2 workers
[3.101s][info][gc,phases   ] GC(10) Pause Mark Start 0.006ms
[3.119s][info][gc,phases   ] GC(10) Concurrent Mark 18.693ms
[3.119s][info][gc,phases   ] GC(10) Pause Mark End 0.020ms
[3.120s][info][gc,phases   ] GC(10) Concurrent Mark Free 0.002ms
[3.121s][info][gc,phases   ] GC(10) Concurrent Process Non-Strong References 1.442ms
[3.121s][info][gc,phases   ] GC(10) Concurrent Reset Relocation Set 0.001ms
[3.123s][info][gc,phases   ] GC(10) Concurrent Select Relocation Set 1.502ms
[3.123s][info][gc,phases   ] GC(10) Pause Relocate Start 0.010ms
[3.123s][info][gc,phases   ] GC(10) Concurrent Relocate 0.720ms
[3.123s][info][gc,load     ] GC(10) Load: 0.00/0.00/0.00
[3.123s][info][gc,mmu      ] GC(10) MMU: 2ms/98.3%, 5ms/99.2%, 10ms/99.6%, 20ms/99.8%, 50ms/99.9%, 100ms/99.9%
[3.123s][info][gc,marking  ] GC(10) Mark: 2 stripe(s), 2 proactive flush(es), 1 terminate flush(es), 0 completion(s), 0 continuation(s) 
[3.123s][info][gc,marking  ] GC(10) Mark Stack Usage: 32M
[3.123s][info][gc,nmethod  ] GC(10) NMethods: 1445 registered, 0 unregistered
[3.123s][info][gc,metaspace] GC(10) Metaspace: 11M used, 12M committed, 1088M reserved
[3.124s][info][gc,ref      ] GC(10) Soft: 291 encountered, 0 discovered, 0 enqueued
[3.124s][info][gc,ref      ] GC(10) Weak: 724 encountered, 59 discovered, 0 enqueued
[3.124s][info][gc,ref      ] GC(10) Final: 0 encountered, 0 discovered, 0 enqueued
[3.124s][info][gc,ref      ] GC(10) Phantom: 33 encountered, 21 discovered, 0 enqueued
[3.124s][info][gc,reloc    ] GC(10) Small Pages: 64 / 128M, Empty: 80M, Relocated: 1M, In-Place: 0
[3.124s][info][gc,reloc    ] GC(10) Medium Pages: 0 / 0M, Empty: 0M, Relocated: 0M, In-Place: 0
[3.124s][info][gc,reloc    ] GC(10) Large Pages: 0 / 0M, Empty: 0M, Relocated: 0M, In-Place: 0
[3.124s][info][gc,reloc    ] GC(10) Forwarding Usage: 0M
[3.124s][info][gc,heap     ] GC(10) Min Capacity: 1024M(100%)
[3.124s][info][gc,heap     ] GC(10) Max Capacity: 1024M(100%)
[3.124s][info][gc,heap     ] GC(10) Soft Max Capacity: 1024M(100%)
[3.124s][info][gc,heap     ] GC(10)                Mark Start          Mark End        Relocate Start      Relocate End           High               Low         
[3.124s][info][gc,heap     ] GC(10)  Capacity:     1024M (100%)       1024M (100%)       1024M (100%)       1024M (100%)       1024M (100%)       1024M (100%)   
[3.124s][info][gc,heap     ] GC(10)      Free:      896M (88%)         896M (88%)         976M (95%)         980M (96%)         980M (96%)         896M (88%)    
[3.124s][info][gc,heap     ] GC(10)      Used:      128M (12%)         128M (12%)          48M (5%)           44M (4%)          128M (12%)          44M (4%)     
[3.124s][info][gc,heap     ] GC(10)      Live:         -                32M (3%)           32M (3%)           32M (3%)             -                  -          
[3.124s][info][gc,heap     ] GC(10) Allocated:         -                 0M (0%)            0M (0%)            0M (0%)             -                  -          
[3.124s][info][gc,heap     ] GC(10)   Garbage:         -                95M (9%)           15M (1%)           11M (1%)             -                  -          
[3.124s][info][gc,heap     ] GC(10) Reclaimed:         -                  -                80M (8%)           84M (8%)             -                  -          
[3.124s][info][gc          ] GC(10) Garbage Collection (System.gc()) 128M(12%)->44M(4%)
[3.304s][info][gc,start    ] GC(11) Garbage Collection (System.gc())
[3.304s][info][gc,task     ] GC(11) Using 2 workers
[3.304s][info][gc,phases   ] GC(11) Pause Mark Start 0.007ms
[3.340s][info][gc,phases   ] GC(11) Concurrent Mark 36.031ms
[3.340s][info][gc,phases   ] GC(11) Pause Mark End 0.025ms
[3.340s][info][gc,phases   ] GC(11) Concurrent Mark Free 0.001ms
[3.342s][info][gc,phases   ] GC(11) Concurrent Process Non-Strong References 1.925ms
[3.342s][info][gc,phases   ] GC(11) Concurrent Reset Relocation Set 0.001ms
[3.343s][info][gc,phases   ] GC(11) Concurrent Select Relocation Set 1.174ms
[3.343s][info][gc,phases   ] GC(11) Pause Relocate Start 0.007ms
[3.344s][info][gc,phases   ] GC(11) Concurrent Relocate 0.358ms
[3.344s][info][gc,load     ] GC(11) Load: 0.00/0.00/0.00
[3.344s][info][gc,mmu      ] GC(11) MMU: 2ms/98.3%, 5ms/99.2%, 10ms/99.6%, 20ms/99.8%, 50ms/99.9%, 100ms/99.9%
[3.344s][info][gc,marking  ] GC(11) Mark: 2 stripe(s), 1 proactive flush(es), 1 terminate flush(es), 0 completion(s), 0 continuation(s) 
[3.344s][info][gc,marking  ] GC(11) Mark Stack Usage: 32M
[3.344s][info][gc,nmethod  ] GC(11) NMethods: 1450 registered, 0 unregistered
[3.344s][info][gc,metaspace] GC(11) Metaspace: 11M used, 12M committed, 1088M reserved
[3.344s][info][gc,ref      ] GC(11) Soft: 291 encountered, 0 discovered, 0 enqueued
[3.344s][info][gc,ref      ] GC(11) Weak: 724 encountered, 12 discovered, 0 enqueued
[3.344s][info][gc,ref      ] GC(11) Final: 0 encountered, 0 discovered, 0 enqueued
[3.344s][info][gc,ref      ] GC(11) Phantom: 33 encountered, 28 discovered, 0 enqueued
[3.344s][info][gc,reloc    ] GC(11) Small Pages: 63 / 126M, Empty: 80M, Relocated: 1M, In-Place: 0
[3.344s][info][gc,reloc    ] GC(11) Medium Pages: 0 / 0M, Empty: 0M, Relocated: 0M, In-Place: 0
[3.344s][info][gc,reloc    ] GC(11) Large Pages: 0 / 0M, Empty: 0M, Relocated: 0M, In-Place: 0
[3.344s][info][gc,reloc    ] GC(11) Forwarding Usage: 0M
[3.344s][info][gc,heap     ] GC(11) Min Capacity: 1024M(100%)
[3.344s][info][gc,heap     ] GC(11) Max Capacity: 1024M(100%)
[3.344s][info][gc,heap     ] GC(11) Soft Max Capacity: 1024M(100%)
[3.344s][info][gc,heap     ] GC(11)                Mark Start          Mark End        Relocate Start      Relocate End           High               Low         
[3.344s][info][gc,heap     ] GC(11)  Capacity:     1024M (100%)       1024M (100%)       1024M (100%)       1024M (100%)       1024M (100%)       1024M (100%)   
[3.344s][info][gc,heap     ] GC(11)      Free:      898M (88%)         898M (88%)         978M (96%)         980M (96%)         980M (96%)         898M (88%)    
[3.344s][info][gc,heap     ] GC(11)      Used:      126M (12%)         126M (12%)          46M (4%)           44M (4%)          126M (12%)          44M (4%)     
[3.344s][info][gc,heap     ] GC(11)      Live:         -                32M (3%)           32M (3%)           32M (3%)             -                  -          
[3.344s][info][gc,heap     ] GC(11) Allocated:         -                 0M (0%)            0M (0%)            0M (0%)             -                  -          
[3.344s][info][gc,heap     ] GC(11)   Garbage:         -                93M (9%)           13M (1%)           11M (1%)             -                  -          
[3.344s][info][gc,heap     ] GC(11) Reclaimed:         -                  -                80M (8%)           82M (8%)             -                  -          
[3.344s][info][gc          ] GC(11) Garbage Collection (System.gc()) 126M(12%)->44M(4%)
[3.522s][info][gc,start    ] GC(12) Garbage Collection (System.gc())
[3.523s][info][gc,task     ] GC(12) Using 2 workers
[3.523s][info][gc,phases   ] GC(12) Pause Mark Start 0.005ms
[3.560s][info][gc,phases   ] GC(12) Concurrent Mark 37.341ms
[3.560s][info][gc,phases   ] GC(12) Pause Mark End 0.032ms
[3.560s][info][gc,phases   ] GC(12) Concurrent Mark Free 0.002ms
[3.562s][info][gc,phases   ] GC(12) Concurrent Process Non-Strong References 2.124ms
[3.562s][info][gc,phases   ] GC(12) Concurrent Reset Relocation Set 0.001ms
[3.564s][info][gc,phases   ] GC(12) Concurrent Select Relocation Set 1.399ms
[3.564s][info][gc,phases   ] GC(12) Pause Relocate Start 0.005ms
[3.565s][info][gc,phases   ] GC(12) Concurrent Relocate 0.585ms
[3.565s][info][gc,load     ] GC(12) Load: 0.00/0.00/0.00
[3.565s][info][gc,mmu      ] GC(12) MMU: 2ms/98.3%, 5ms/99.2%, 10ms/99.6%, 20ms/99.8%, 50ms/99.9%, 100ms/99.9%
[3.565s][info][gc,marking  ] GC(12) Mark: 2 stripe(s), 2 proactive flush(es), 1 terminate flush(es), 0 completion(s), 0 continuation(s) 
[3.565s][info][gc,marking  ] GC(12) Mark Stack Usage: 32M
[3.565s][info][gc,nmethod  ] GC(12) NMethods: 1459 registered, 0 unregistered
[3.565s][info][gc,metaspace] GC(12) Metaspace: 11M used, 12M committed, 1088M reserved
[3.565s][info][gc,ref      ] GC(12) Soft: 291 encountered, 0 discovered, 0 enqueued
[3.565s][info][gc,ref      ] GC(12) Weak: 724 encountered, 59 discovered, 0 enqueued
[3.565s][info][gc,ref      ] GC(12) Final: 0 encountered, 0 discovered, 0 enqueued
[3.565s][info][gc,ref      ] GC(12) Phantom: 33 encountered, 21 discovered, 0 enqueued
[3.565s][info][gc,reloc    ] GC(12) Small Pages: 64 / 128M, Empty: 80M, Relocated: 1M, In-Place: 0
[3.565s][info][gc,reloc    ] GC(12) Medium Pages: 0 / 0M, Empty: 0M, Relocated: 0M, In-Place: 0
[3.565s][info][gc,reloc    ] GC(12) Large Pages: 0 / 0M, Empty: 0M, Relocated: 0M, In-Place: 0
[3.565s][info][gc,reloc    ] GC(12) Forwarding Usage: 0M
[3.565s][info][gc,heap     ] GC(12) Min Capacity: 1024M(100%)
[3.565s][info][gc,heap     ] GC(12) Max Capacity: 1024M(100%)
[3.565s][info][gc,heap     ] GC(12) Soft Max Capacity: 1024M(100%)
[3.565s][info][gc,heap     ] GC(12)                Mark Start          Mark End        Relocate Start      Relocate End           High               Low         
[3.565s][info][gc,heap     ] GC(12)  Capacity:     1024M (100%)       1024M (100%)       1024M (100%)       1024M (100%)       1024M (100%)       1024M (100%)   
[3.565s][info][gc,heap     ] GC(12)      Free:      896M (88%)         896M (88%)         976M (95%)         980M (96%)         980M (96%)         896M (88%)    
[3.565s][info][gc,heap     ] GC(12)      Used:      128M (12%)         128M (12%)          48M (5%)           44M (4%)          128M (12%)          44M (4%)     
[3.565s][info][gc,heap     ] GC(12)      Live:         -                32M (3%)           32M (3%)           32M (3%)             -                  -          
[3.565s][info][gc,heap     ] GC(12) Allocated:         -                 0M (0%)            0M (0%)            0M (0%)             -                  -          
[3.565s][info][gc,heap     ] GC(12)   Garbage:         -                95M (9%)           15M (1%)           11M (1%)             -                  -          
[3.565s][info][gc,heap     ] GC(12) Reclaimed:         -                  -                80M (8%)           84M (8%)             -                  -          
[3.565s][info][gc          ] GC(12) Garbage Collection (System.gc()) 128M(12%)->44M(4%)
[3.746s][info][gc,start    ] GC(13) Garbage Collection (System.gc())
[3.746s][info][gc,task     ] GC(13) Using 2 workers
[3.746s][info][gc,phases   ] GC(13) Pause Mark Start 0.005ms
[3.780s][info][gc,phases   ] GC(13) Concurrent Mark 33.969ms
[3.780s][info][gc,phases   ] GC(13) Pause Mark End 0.017ms
[3.780s][info][gc,phases   ] GC(13) Concurrent Mark Free 0.002ms
[3.782s][info][gc,phases   ] GC(13) Concurrent Process Non-Strong References 1.527ms
[3.782s][info][gc,phases   ] GC(13) Concurrent Reset Relocation Set 0.001ms
[3.783s][info][gc,phases   ] GC(13) Concurrent Select Relocation Set 1.539ms
[3.784s][info][gc,phases   ] GC(13) Pause Relocate Start 0.007ms
[3.784s][info][gc,phases   ] GC(13) Concurrent Relocate 0.565ms
[3.784s][info][gc,load     ] GC(13) Load: 0.00/0.00/0.00
[3.784s][info][gc,mmu      ] GC(13) MMU: 2ms/98.3%, 5ms/99.2%, 10ms/99.6%, 20ms/99.8%, 50ms/99.9%, 100ms/99.9%
[3.784s][info][gc,marking  ] GC(13) Mark: 2 stripe(s), 2 proactive flush(es), 1 terminate flush(es), 0 completion(s), 0 continuation(s) 
[3.784s][info][gc,marking  ] GC(13) Mark Stack Usage: 32M
[3.784s][info][gc,nmethod  ] GC(13) NMethods: 1467 registered, 0 unregistered
[3.784s][info][gc,metaspace] GC(13) Metaspace: 11M used, 12M committed, 1088M reserved
[3.784s][info][gc,ref      ] GC(13) Soft: 291 encountered, 0 discovered, 0 enqueued
[3.784s][info][gc,ref      ] GC(13) Weak: 724 encountered, 3 discovered, 0 enqueued
[3.784s][info][gc,ref      ] GC(13) Final: 0 encountered, 0 discovered, 0 enqueued
[3.784s][info][gc,ref      ] GC(13) Phantom: 33 encountered, 21 discovered, 0 enqueued
[3.784s][info][gc,reloc    ] GC(13) Small Pages: 63 / 126M, Empty: 80M, Relocated: 1M, In-Place: 0
[3.784s][info][gc,reloc    ] GC(13) Medium Pages: 0 / 0M, Empty: 0M, Relocated: 0M, In-Place: 0
[3.784s][info][gc,reloc    ] GC(13) Large Pages: 0 / 0M, Empty: 0M, Relocated: 0M, In-Place: 0
[3.784s][info][gc,reloc    ] GC(13) Forwarding Usage: 0M
[3.784s][info][gc,heap     ] GC(13) Min Capacity: 1024M(100%)
[3.784s][info][gc,heap     ] GC(13) Max Capacity: 1024M(100%)
[3.784s][info][gc,heap     ] GC(13) Soft Max Capacity: 1024M(100%)
[3.784s][info][gc,heap     ] GC(13)                Mark Start          Mark End        Relocate Start      Relocate End           High               Low         
[3.784s][info][gc,heap     ] GC(13)  Capacity:     1024M (100%)       1024M (100%)       1024M (100%)       1024M (100%)       1024M (100%)       1024M (100%)   
[3.784s][info][gc,heap     ] GC(13)      Free:      898M (88%)         898M (88%)         978M (96%)         980M (96%)         980M (96%)         898M (88%)    
[3.784s][info][gc,heap     ] GC(13)      Used:      126M (12%)         126M (12%)          46M (4%)           44M (4%)          126M (12%)          44M (4%)     
[3.784s][info][gc,heap     ] GC(13)      Live:         -                32M (3%)           32M (3%)           32M (3%)             -                  -          
[3.784s][info][gc,heap     ] GC(13) Allocated:         -                 0M (0%)            0M (0%)            0M (0%)             -                  -          
[3.784s][info][gc,heap     ] GC(13)   Garbage:         -                93M (9%)           13M (1%)           11M (1%)             -                  -          
[3.784s][info][gc,heap     ] GC(13) Reclaimed:         -                  -                80M (8%)           82M (8%)             -                  -          
[3.784s][info][gc          ] GC(13) Garbage Collection (System.gc()) 126M(12%)->44M(4%)
[3.964s][info][gc,start    ] GC(14) Garbage Collection (System.gc())
[3.964s][info][gc,task     ] GC(14) Using 2 workers
[3.964s][info][gc,phases   ] GC(14) Pause Mark Start 0.006ms
[3.985s][info][gc,phases   ] GC(14) Concurrent Mark 20.399ms
[3.985s][info][gc,phases   ] GC(14) Pause Mark End 0.019ms
[3.985s][info][gc,phases   ] GC(14) Concurrent Mark Free 0.001ms
[3.987s][info][gc,phases   ] GC(14) Concurrent Process Non-Strong References 1.899ms
[3.987s][info][gc,phases   ] GC(14) Concurrent Reset Relocation Set 0.001ms
[3.988s][info][gc,phases   ] GC(14) Concurrent Select Relocation Set 1.484ms
[3.989s][info][gc,phases   ] GC(14) Pause Relocate Start 0.010ms
[3.989s][info][gc,phases   ] GC(14) Concurrent Relocate 0.571ms
[3.989s][info][gc,load     ] GC(14) Load: 0.00/0.00/0.00
[3.989s][info][gc,mmu      ] GC(14) MMU: 2ms/98.3%, 5ms/99.2%, 10ms/99.6%, 20ms/99.8%, 50ms/99.9%, 100ms/99.9%
[3.989s][info][gc,marking  ] GC(14) Mark: 2 stripe(s), 1 proactive flush(es), 1 terminate flush(es), 0 completion(s), 0 continuation(s) 
[3.989s][info][gc,marking  ] GC(14) Mark Stack Usage: 32M
[3.989s][info][gc,nmethod  ] GC(14) NMethods: 1474 registered, 0 unregistered
[3.989s][info][gc,metaspace] GC(14) Metaspace: 11M used, 12M committed, 1088M reserved
[3.989s][info][gc,ref      ] GC(14) Soft: 291 encountered, 0 discovered, 0 enqueued
[3.989s][info][gc,ref      ] GC(14) Weak: 724 encountered, 129 discovered, 0 enqueued
[3.989s][info][gc,ref      ] GC(14) Final: 0 encountered, 0 discovered, 0 enqueued
[3.989s][info][gc,ref      ] GC(14) Phantom: 33 encountered, 21 discovered, 0 enqueued
[3.989s][info][gc,reloc    ] GC(14) Small Pages: 63 / 126M, Empty: 80M, Relocated: 1M, In-Place: 0
[3.989s][info][gc,reloc    ] GC(14) Medium Pages: 0 / 0M, Empty: 0M, Relocated: 0M, In-Place: 0
[3.989s][info][gc,reloc    ] GC(14) Large Pages: 0 / 0M, Empty: 0M, Relocated: 0M, In-Place: 0
[3.989s][info][gc,reloc    ] GC(14) Forwarding Usage: 0M
[3.989s][info][gc,heap     ] GC(14) Min Capacity: 1024M(100%)
[3.989s][info][gc,heap     ] GC(14) Max Capacity: 1024M(100%)
[3.989s][info][gc,heap     ] GC(14) Soft Max Capacity: 1024M(100%)
[3.989s][info][gc,heap     ] GC(14)                Mark Start          Mark End        Relocate Start      Relocate End           High               Low         
[3.989s][info][gc,heap     ] GC(14)  Capacity:     1024M (100%)       1024M (100%)       1024M (100%)       1024M (100%)       1024M (100%)       1024M (100%)   
[3.989s][info][gc,heap     ] GC(14)      Free:      898M (88%)         898M (88%)         978M (96%)         980M (96%)         980M (96%)         898M (88%)    
[3.989s][info][gc,heap     ] GC(14)      Used:      126M (12%)         126M (12%)          46M (4%)           44M (4%)          126M (12%)          44M (4%)     
[3.989s][info][gc,heap     ] GC(14)      Live:         -                32M (3%)           32M (3%)           32M (3%)             -                  -          
[3.989s][info][gc,heap     ] GC(14) Allocated:         -                 0M (0%)            0M (0%)            0M (0%)             -                  -          
[3.989s][info][gc,heap     ] GC(14)   Garbage:         -                93M (9%)           13M (1%)           11M (1%)             -                  -          
[3.989s][info][gc,heap     ] GC(14) Reclaimed:         -                  -                80M (8%)           82M (8%)             -                  -          
[3.989s][info][gc          ] GC(14) Garbage Collection (System.gc()) 126M(12%)->44M(4%)
[4.167s][info][gc,start    ] GC(15) Garbage Collection (System.gc())
[4.167s][info][gc,task     ] GC(15) Using 2 workers
[4.167s][info][gc,phases   ] GC(15) Pause Mark Start 0.005ms
[4.189s][info][gc,phases   ] GC(15) Concurrent Mark 21.556ms
[4.189s][info][gc,phases   ] GC(15) Pause Mark End 0.023ms
[4.189s][info][gc,phases   ] GC(15) Concurrent Mark Free 0.003ms
[4.192s][info][gc,phases   ] GC(15) Concurrent Process Non-Strong References 2.024ms
[4.192s][info][gc,phases   ] GC(15) Concurrent Reset Relocation Set 0.002ms
[4.193s][info][gc,phases   ] GC(15) Concurrent Select Relocation Set 1.552ms
[4.193s][info][gc,phases   ] GC(15) Pause Relocate Start 0.007ms
[4.194s][info][gc,phases   ] GC(15) Concurrent Relocate 0.512ms
[4.194s][info][gc,load     ] GC(15) Load: 0.00/0.00/0.00
[4.194s][info][gc,mmu      ] GC(15) MMU: 2ms/98.3%, 5ms/99.2%, 10ms/99.6%, 20ms/99.8%, 50ms/99.9%, 100ms/99.9%
[4.194s][info][gc,marking  ] GC(15) Mark: 2 stripe(s), 2 proactive flush(es), 1 terminate flush(es), 0 completion(s), 0 continuation(s) 
[4.194s][info][gc,marking  ] GC(15) Mark Stack Usage: 32M
[4.194s][info][gc,nmethod  ] GC(15) NMethods: 1482 registered, 0 unregistered
[4.194s][info][gc,metaspace] GC(15) Metaspace: 11M used, 12M committed, 1088M reserved
[4.194s][info][gc,ref      ] GC(15) Soft: 291 encountered, 0 discovered, 0 enqueued
[4.194s][info][gc,ref      ] GC(15) Weak: 724 encountered, 496 discovered, 0 enqueued
[4.194s][info][gc,ref      ] GC(15) Final: 0 encountered, 0 discovered, 0 enqueued
[4.194s][info][gc,ref      ] GC(15) Phantom: 33 encountered, 22 discovered, 0 enqueued
[4.194s][info][gc,reloc    ] GC(15) Small Pages: 63 / 126M, Empty: 80M, Relocated: 1M, In-Place: 0
[4.194s][info][gc,reloc    ] GC(15) Medium Pages: 0 / 0M, Empty: 0M, Relocated: 0M, In-Place: 0
[4.194s][info][gc,reloc    ] GC(15) Large Pages: 0 / 0M, Empty: 0M, Relocated: 0M, In-Place: 0
[4.194s][info][gc,reloc    ] GC(15) Forwarding Usage: 0M
[4.194s][info][gc,heap     ] GC(15) Min Capacity: 1024M(100%)
[4.194s][info][gc,heap     ] GC(15) Max Capacity: 1024M(100%)
[4.194s][info][gc,heap     ] GC(15) Soft Max Capacity: 1024M(100%)
[4.194s][info][gc,heap     ] GC(15)                Mark Start          Mark End        Relocate Start      Relocate End           High               Low         
[4.194s][info][gc,heap     ] GC(15)  Capacity:     1024M (100%)       1024M (100%)       1024M (100%)       1024M (100%)       1024M (100%)       1024M (100%)   
[4.194s][info][gc,heap     ] GC(15)      Free:      898M (88%)         898M (88%)         978M (96%)         980M (96%)         980M (96%)         898M (88%)    
[4.194s][info][gc,heap     ] GC(15)      Used:      126M (12%)         126M (12%)          46M (4%)           44M (4%)          126M (12%)          44M (4%)     
[4.194s][info][gc,heap     ] GC(15)      Live:         -                32M (3%)           32M (3%)           32M (3%)             -                  -          
[4.194s][info][gc,heap     ] GC(15) Allocated:         -                 0M (0%)            0M (0%)            0M (0%)             -                  -          
[4.194s][info][gc,heap     ] GC(15)   Garbage:         -                93M (9%)           13M (1%)           11M (1%)             -                  -          
[4.194s][info][gc,heap     ] GC(15) Reclaimed:         -                  -                80M (8%)           82M (8%)             -                  -          
[4.194s][info][gc          ] GC(15) Garbage Collection (System.gc()) 126M(12%)->44M(4%)
[4.374s][info][gc,start    ] GC(16) Garbage Collection (System.gc())
[4.374s][info][gc,task     ] GC(16) Using 2 workers
[4.374s][info][gc,phases   ] GC(16) Pause Mark Start 0.008ms
[4.409s][info][gc,phases   ] GC(16) Concurrent Mark 34.585ms
[4.409s][info][gc,phases   ] GC(16) Pause Mark End 0.021ms
[4.409s][info][gc,phases   ] GC(16) Concurrent Mark Free 0.002ms
[4.412s][info][gc,phases   ] GC(16) Concurrent Process Non-Strong References 2.388ms
[4.412s][info][gc,phases   ] GC(16) Concurrent Reset Relocation Set 0.001ms
[4.413s][info][gc,phases   ] GC(16) Concurrent Select Relocation Set 1.796ms
[4.414s][info][gc,phases   ] GC(16) Pause Relocate Start 0.010ms
[4.414s][info][gc,phases   ] GC(16) Concurrent Relocate 0.381ms
[4.414s][info][gc,load     ] GC(16) Load: 0.00/0.00/0.00
[4.414s][info][gc,mmu      ] GC(16) MMU: 2ms/98.3%, 5ms/99.2%, 10ms/99.6%, 20ms/99.8%, 50ms/99.9%, 100ms/99.9%
[4.414s][info][gc,marking  ] GC(16) Mark: 2 stripe(s), 2 proactive flush(es), 1 terminate flush(es), 0 completion(s), 0 continuation(s) 
[4.414s][info][gc,marking  ] GC(16) Mark Stack Usage: 32M
[4.414s][info][gc,nmethod  ] GC(16) NMethods: 1492 registered, 0 unregistered
[4.414s][info][gc,metaspace] GC(16) Metaspace: 11M used, 12M committed, 1088M reserved
[4.414s][info][gc,ref      ] GC(16) Soft: 291 encountered, 0 discovered, 0 enqueued
[4.414s][info][gc,ref      ] GC(16) Weak: 724 encountered, 3 discovered, 0 enqueued
[4.414s][info][gc,ref      ] GC(16) Final: 0 encountered, 0 discovered, 0 enqueued
[4.414s][info][gc,ref      ] GC(16) Phantom: 33 encountered, 21 discovered, 0 enqueued
[4.414s][info][gc,reloc    ] GC(16) Small Pages: 63 / 126M, Empty: 80M, Relocated: 1M, In-Place: 0
[4.414s][info][gc,reloc    ] GC(16) Medium Pages: 0 / 0M, Empty: 0M, Relocated: 0M, In-Place: 0
[4.414s][info][gc,reloc    ] GC(16) Large Pages: 0 / 0M, Empty: 0M, Relocated: 0M, In-Place: 0
[4.414s][info][gc,reloc    ] GC(16) Forwarding Usage: 0M
[4.414s][info][gc,heap     ] GC(16) Min Capacity: 1024M(100%)
[4.414s][info][gc,heap     ] GC(16) Max Capacity: 1024M(100%)
[4.414s][info][gc,heap     ] GC(16) Soft Max Capacity: 1024M(100%)
[4.414s][info][gc,heap     ] GC(16)                Mark Start          Mark End        Relocate Start      Relocate End           High               Low         
[4.414s][info][gc,heap     ] GC(16)  Capacity:     1024M (100%)       1024M (100%)       1024M (100%)       1024M (100%)       1024M (100%)       1024M (100%)   
[4.414s][info][gc,heap     ] GC(16)      Free:      898M (88%)         898M (88%)         978M (96%)         980M (96%)         980M (96%)         898M (88%)    
[4.414s][info][gc,heap     ] GC(16)      Used:      126M (12%)         126M (12%)          46M (4%)           44M (4%)          126M (12%)          44M (4%)     
[4.414s][info][gc,heap     ] GC(16)      Live:         -                32M (3%)           32M (3%)           32M (3%)             -                  -          
[4.414s][info][gc,heap     ] GC(16) Allocated:         -                 0M (0%)            0M (0%)            0M (0%)             -                  -          
[4.414s][info][gc,heap     ] GC(16)   Garbage:         -                93M (9%)           13M (1%)           11M (1%)             -                  -          
[4.414s][info][gc,heap     ] GC(16) Reclaimed:         -                  -                80M (8%)           82M (8%)             -                  -          
[4.414s][info][gc          ] GC(16) Garbage Collection (System.gc()) 126M(12%)->44M(4%)
[4.594s][info][gc,start    ] GC(17) Garbage Collection (System.gc())
[4.594s][info][gc,task     ] GC(17) Using 2 workers
[4.594s][info][gc,phases   ] GC(17) Pause Mark Start 0.005ms
[4.613s][info][gc,phases   ] GC(17) Concurrent Mark 18.845ms
[4.613s][info][gc,phases   ] GC(17) Pause Mark End 0.016ms
[4.613s][info][gc,phases   ] GC(17) Concurrent Mark Free 0.001ms
[4.615s][info][gc,phases   ] GC(17) Concurrent Process Non-Strong References 1.705ms
[4.615s][info][gc,phases   ] GC(17) Concurrent Reset Relocation Set 0.001ms
[4.616s][info][gc,phases   ] GC(17) Concurrent Select Relocation Set 1.519ms
[4.616s][info][gc,phases   ] GC(17) Pause Relocate Start 0.007ms
[4.617s][info][gc,phases   ] GC(17) Concurrent Relocate 0.586ms
[4.617s][info][gc,load     ] GC(17) Load: 0.00/0.00/0.00
[4.617s][info][gc,mmu      ] GC(17) MMU: 2ms/98.3%, 5ms/99.2%, 10ms/99.6%, 20ms/99.8%, 50ms/99.9%, 100ms/99.9%
[4.617s][info][gc,marking  ] GC(17) Mark: 2 stripe(s), 2 proactive flush(es), 1 terminate flush(es), 0 completion(s), 0 continuation(s) 
[4.617s][info][gc,marking  ] GC(17) Mark Stack Usage: 32M
[4.617s][info][gc,nmethod  ] GC(17) NMethods: 1493 registered, 0 unregistered
[4.617s][info][gc,metaspace] GC(17) Metaspace: 11M used, 12M committed, 1088M reserved
[4.617s][info][gc,ref      ] GC(17) Soft: 291 encountered, 0 discovered, 0 enqueued
[4.617s][info][gc,ref      ] GC(17) Weak: 724 encountered, 59 discovered, 0 enqueued
[4.617s][info][gc,ref      ] GC(17) Final: 0 encountered, 0 discovered, 0 enqueued
[4.617s][info][gc,ref      ] GC(17) Phantom: 33 encountered, 21 discovered, 0 enqueued
[4.617s][info][gc,reloc    ] GC(17) Small Pages: 63 / 126M, Empty: 80M, Relocated: 1M, In-Place: 0
[4.617s][info][gc,reloc    ] GC(17) Medium Pages: 0 / 0M, Empty: 0M, Relocated: 0M, In-Place: 0
[4.617s][info][gc,reloc    ] GC(17) Large Pages: 0 / 0M, Empty: 0M, Relocated: 0M, In-Place: 0
[4.617s][info][gc,reloc    ] GC(17) Forwarding Usage: 0M
[4.617s][info][gc,heap     ] GC(17) Min Capacity: 1024M(100%)
[4.617s][info][gc,heap     ] GC(17) Max Capacity: 1024M(100%)
[4.617s][info][gc,heap     ] GC(17) Soft Max Capacity: 1024M(100%)
[4.617s][info][gc,heap     ] GC(17)                Mark Start          Mark End        Relocate Start      Relocate End           High               Low         
[4.617s][info][gc,heap     ] GC(17)  Capacity:     1024M (100%)       1024M (100%)       1024M (100%)       1024M (100%)       1024M (100%)       1024M (100%)   
[4.617s][info][gc,heap     ] GC(17)      Free:      898M (88%)         898M (88%)         978M (96%)         980M (96%)         980M (96%)         898M (88%)    
[4.617s][info][gc,heap     ] GC(17)      Used:      126M (12%)         126M (12%)          46M (4%)           44M (4%)          126M (12%)          44M (4%)     
[4.617s][info][gc,heap     ] GC(17)      Live:         -                32M (3%)           32M (3%)           32M (3%)             -                  -          
[4.617s][info][gc,heap     ] GC(17) Allocated:         -                 0M (0%)            0M (0%)            0M (0%)             -                  -          
[4.617s][info][gc,heap     ] GC(17)   Garbage:         -                93M (9%)           13M (1%)           11M (1%)             -                  -          
[4.617s][info][gc,heap     ] GC(17) Reclaimed:         -                  -                80M (8%)           82M (8%)             -                  -          
[4.617s][info][gc          ] GC(17) Garbage Collection (System.gc()) 126M(12%)->44M(4%)
[4.799s][info][gc,start    ] GC(18) Garbage Collection (System.gc())
[4.799s][info][gc,task     ] GC(18) Using 2 workers
[4.799s][info][gc,phases   ] GC(18) Pause Mark Start 0.007ms
[4.832s][info][gc,phases   ] GC(18) Concurrent Mark 33.156ms
[4.832s][info][gc,phases   ] GC(18) Pause Mark End 0.013ms
[4.832s][info][gc,phases   ] GC(18) Concurrent Mark Free 0.002ms
[4.834s][info][gc,phases   ] GC(18) Concurrent Process Non-Strong References 1.645ms
[4.834s][info][gc,phases   ] GC(18) Concurrent Reset Relocation Set 0.001ms
[4.835s][info][gc,phases   ] GC(18) Concurrent Select Relocation Set 1.162ms
[4.836s][info][gc,phases   ] GC(18) Pause Relocate Start 0.008ms
[4.836s][info][gc,phases   ] GC(18) Concurrent Relocate 0.365ms
[4.836s][info][gc,load     ] GC(18) Load: 0.00/0.00/0.00
[4.836s][info][gc,mmu      ] GC(18) MMU: 2ms/98.3%, 5ms/99.2%, 10ms/99.6%, 20ms/99.8%, 50ms/99.9%, 100ms/99.9%
[4.836s][info][gc,marking  ] GC(18) Mark: 2 stripe(s), 1 proactive flush(es), 1 terminate flush(es), 0 completion(s), 0 continuation(s) 
[4.836s][info][gc,marking  ] GC(18) Mark Stack Usage: 32M
[4.836s][info][gc,nmethod  ] GC(18) NMethods: 1499 registered, 0 unregistered
[4.836s][info][gc,metaspace] GC(18) Metaspace: 11M used, 12M committed, 1088M reserved
[4.836s][info][gc,ref      ] GC(18) Soft: 291 encountered, 0 discovered, 0 enqueued
[4.836s][info][gc,ref      ] GC(18) Weak: 724 encountered, 3 discovered, 0 enqueued
[4.836s][info][gc,ref      ] GC(18) Final: 0 encountered, 0 discovered, 0 enqueued
[4.836s][info][gc,ref      ] GC(18) Phantom: 33 encountered, 21 discovered, 0 enqueued
[4.836s][info][gc,reloc    ] GC(18) Small Pages: 63 / 126M, Empty: 78M, Relocated: 1M, In-Place: 0
[4.836s][info][gc,reloc    ] GC(18) Medium Pages: 0 / 0M, Empty: 0M, Relocated: 0M, In-Place: 0
[4.836s][info][gc,reloc    ] GC(18) Large Pages: 0 / 0M, Empty: 0M, Relocated: 0M, In-Place: 0
[4.836s][info][gc,reloc    ] GC(18) Forwarding Usage: 0M
[4.836s][info][gc,heap     ] GC(18) Min Capacity: 1024M(100%)
[4.836s][info][gc,heap     ] GC(18) Max Capacity: 1024M(100%)
[4.836s][info][gc,heap     ] GC(18) Soft Max Capacity: 1024M(100%)
[4.836s][info][gc,heap     ] GC(18)                Mark Start          Mark End        Relocate Start      Relocate End           High               Low         
[4.836s][info][gc,heap     ] GC(18)  Capacity:     1024M (100%)       1024M (100%)       1024M (100%)       1024M (100%)       1024M (100%)       1024M (100%)   
[4.836s][info][gc,heap     ] GC(18)      Free:      898M (88%)         898M (88%)         976M (95%)         980M (96%)         980M (96%)         898M (88%)    
[4.836s][info][gc,heap     ] GC(18)      Used:      126M (12%)         126M (12%)          48M (5%)           44M (4%)          126M (12%)          44M (4%)     
[4.836s][info][gc,heap     ] GC(18)      Live:         -                32M (3%)           32M (3%)           32M (3%)             -                  -          
[4.836s][info][gc,heap     ] GC(18) Allocated:         -                 0M (0%)            0M (0%)            0M (0%)             -                  -          
[4.836s][info][gc,heap     ] GC(18)   Garbage:         -                93M (9%)           15M (1%)           11M (1%)             -                  -          
[4.836s][info][gc,heap     ] GC(18) Reclaimed:         -                  -                78M (8%)           82M (8%)             -                  -          
[4.836s][info][gc          ] GC(18) Garbage Collection (System.gc()) 126M(12%)->44M(4%)
[5.015s][info][gc,start    ] GC(19) Garbage Collection (System.gc())
[5.015s][info][gc,task     ] GC(19) Using 2 workers
[5.015s][info][gc,phases   ] GC(19) Pause Mark Start 0.006ms
[5.037s][info][gc,phases   ] GC(19) Concurrent Mark 21.035ms
[5.037s][info][gc,phases   ] GC(19) Pause Mark End 0.019ms
[5.037s][info][gc,phases   ] GC(19) Concurrent Mark Free 0.002ms
[5.039s][info][gc,phases   ] GC(19) Concurrent Process Non-Strong References 1.746ms
[5.039s][info][gc,phases   ] GC(19) Concurrent Reset Relocation Set 0.002ms
[5.040s][info][gc,phases   ] GC(19) Concurrent Select Relocation Set 1.243ms
[5.040s][info][gc,phases   ] GC(19) Pause Relocate Start 0.010ms
[5.041s][info][gc,phases   ] GC(19) Concurrent Relocate 0.725ms
[5.041s][info][gc,load     ] GC(19) Load: 0.00/0.00/0.00
[5.041s][info][gc,mmu      ] GC(19) MMU: 2ms/98.3%, 5ms/99.2%, 10ms/99.6%, 20ms/99.8%, 50ms/99.9%, 100ms/99.9%
[5.041s][info][gc,marking  ] GC(19) Mark: 2 stripe(s), 2 proactive flush(es), 1 terminate flush(es), 0 completion(s), 0 continuation(s) 
[5.041s][info][gc,marking  ] GC(19) Mark Stack Usage: 32M
[5.041s][info][gc,nmethod  ] GC(19) NMethods: 1505 registered, 0 unregistered
[5.041s][info][gc,metaspace] GC(19) Metaspace: 11M used, 12M committed, 1088M reserved
[5.041s][info][gc,ref      ] GC(19) Soft: 291 encountered, 0 discovered, 0 enqueued
[5.041s][info][gc,ref      ] GC(19) Weak: 724 encountered, 59 discovered, 0 enqueued
[5.041s][info][gc,ref      ] GC(19) Final: 0 encountered, 0 discovered, 0 enqueued
[5.041s][info][gc,ref      ] GC(19) Phantom: 33 encountered, 21 discovered, 0 enqueued
[5.041s][info][gc,reloc    ] GC(19) Small Pages: 63 / 126M, Empty: 80M, Relocated: 1M, In-Place: 0
[5.041s][info][gc,reloc    ] GC(19) Medium Pages: 0 / 0M, Empty: 0M, Relocated: 0M, In-Place: 0
[5.041s][info][gc,reloc    ] GC(19) Large Pages: 0 / 0M, Empty: 0M, Relocated: 0M, In-Place: 0
[5.041s][info][gc,reloc    ] GC(19) Forwarding Usage: 0M
[5.041s][info][gc,heap     ] GC(19) Min Capacity: 1024M(100%)
[5.041s][info][gc,heap     ] GC(19) Max Capacity: 1024M(100%)
[5.041s][info][gc,heap     ] GC(19) Soft Max Capacity: 1024M(100%)
[5.041s][info][gc,heap     ] GC(19)                Mark Start          Mark End        Relocate Start      Relocate End           High               Low         
[5.041s][info][gc,heap     ] GC(19)  Capacity:     1024M (100%)       1024M (100%)       1024M (100%)       1024M (100%)       1024M (100%)       1024M (100%)   
[5.041s][info][gc,heap     ] GC(19)      Free:      898M (88%)         898M (88%)         978M (96%)         980M (96%)         980M (96%)         898M (88%)    
[5.041s][info][gc,heap     ] GC(19)      Used:      126M (12%)         126M (12%)          46M (4%)           44M (4%)          126M (12%)          44M (4%)     
[5.041s][info][gc,heap     ] GC(19)      Live:         -                32M (3%)           32M (3%)           32M (3%)             -                  -          
[5.041s][info][gc,heap     ] GC(19) Allocated:         -                 0M (0%)            0M (0%)            0M (0%)             -                  -          
[5.041s][info][gc,heap     ] GC(19)   Garbage:         -                93M (9%)           13M (1%)           11M (1%)             -                  -          
[5.041s][info][gc,heap     ] GC(19) Reclaimed:         -                  -                80M (8%)           82M (8%)             -                  -          
[5.041s][info][gc          ] GC(19) Garbage Collection (System.gc()) 126M(12%)->44M(4%)
[5.223s][info][gc,start    ] GC(20) Garbage Collection (System.gc())
[5.223s][info][gc,task     ] GC(20) Using 2 workers
[5.223s][info][gc,phases   ] GC(20) Pause Mark Start 0.006ms
[5.257s][info][gc,phases   ] GC(20) Concurrent Mark 34.161ms
[5.257s][info][gc,phases   ] GC(20) Pause Mark End 0.022ms
[5.257s][info][gc,phases   ] GC(20) Concurrent Mark Free 0.003ms
[5.259s][info][gc,phases   ] GC(20) Concurrent Process Non-Strong References 2.038ms
[5.259s][info][gc,phases   ] GC(20) Concurrent Reset Relocation Set 0.001ms
[5.261s][info][gc,phases   ] GC(20) Concurrent Select Relocation Set 1.683ms
[5.261s][info][gc,phases   ] GC(20) Pause Relocate Start 0.007ms
[5.262s][info][gc,phases   ] GC(20) Concurrent Relocate 0.361ms
[5.262s][info][gc,load     ] GC(20) Load: 0.00/0.00/0.00
[5.262s][info][gc,mmu      ] GC(20) MMU: 2ms/98.3%, 5ms/99.2%, 10ms/99.6%, 20ms/99.8%, 50ms/99.9%, 100ms/99.9%
[5.262s][info][gc,marking  ] GC(20) Mark: 2 stripe(s), 2 proactive flush(es), 1 terminate flush(es), 0 completion(s), 0 continuation(s) 
[5.262s][info][gc,marking  ] GC(20) Mark Stack Usage: 32M
[5.262s][info][gc,nmethod  ] GC(20) NMethods: 1509 registered, 0 unregistered
[5.262s][info][gc,metaspace] GC(20) Metaspace: 11M used, 12M committed, 1088M reserved
[5.262s][info][gc,ref      ] GC(20) Soft: 291 encountered, 0 discovered, 0 enqueued
[5.262s][info][gc,ref      ] GC(20) Weak: 724 encountered, 3 discovered, 0 enqueued
[5.262s][info][gc,ref      ] GC(20) Final: 0 encountered, 0 discovered, 0 enqueued
[5.262s][info][gc,ref      ] GC(20) Phantom: 33 encountered, 21 discovered, 0 enqueued
[5.262s][info][gc,reloc    ] GC(20) Small Pages: 63 / 126M, Empty: 80M, Relocated: 1M, In-Place: 0
[5.262s][info][gc,reloc    ] GC(20) Medium Pages: 0 / 0M, Empty: 0M, Relocated: 0M, In-Place: 0
[5.262s][info][gc,reloc    ] GC(20) Large Pages: 0 / 0M, Empty: 0M, Relocated: 0M, In-Place: 0
[5.262s][info][gc,reloc    ] GC(20) Forwarding Usage: 0M
[5.262s][info][gc,heap     ] GC(20) Min Capacity: 1024M(100%)
[5.262s][info][gc,heap     ] GC(20) Max Capacity: 1024M(100%)
[5.262s][info][gc,heap     ] GC(20) Soft Max Capacity: 1024M(100%)
[5.262s][info][gc,heap     ] GC(20)                Mark Start          Mark End        Relocate Start      Relocate End           High               Low         
[5.262s][info][gc,heap     ] GC(20)  Capacity:     1024M (100%)       1024M (100%)       1024M (100%)       1024M (100%)       1024M (100%)       1024M (100%)   
[5.262s][info][gc,heap     ] GC(20)      Free:      898M (88%)         898M (88%)         978M (96%)         980M (96%)         980M (96%)         898M (88%)    
[5.262s][info][gc,heap     ] GC(20)      Used:      126M (12%)         126M (12%)          46M (4%)           44M (4%)          126M (12%)          44M (4%)     
[5.262s][info][gc,heap     ] GC(20)      Live:         -                32M (3%)           32M (3%)           32M (3%)             -                  -          
[5.262s][info][gc,heap     ] GC(20) Allocated:         -                 0M (0%)            0M (0%)            0M (0%)             -                  -          
[5.262s][info][gc,heap     ] GC(20)   Garbage:         -                93M (9%)           13M (1%)           11M (1%)             -                  -          
[5.262s][info][gc,heap     ] GC(20) Reclaimed:         -                  -                80M (8%)           82M (8%)             -                  -          
[5.262s][info][gc          ] GC(20) Garbage Collection (System.gc()) 126M(12%)->44M(4%)
[5.441s][info][gc,start    ] GC(21) Garbage Collection (System.gc())
[5.441s][info][gc,task     ] GC(21) Using 2 workers
[5.441s][info][gc,phases   ] GC(21) Pause Mark Start 0.006ms
[5.476s][info][gc,phases   ] GC(21) Concurrent Mark 35.074ms
[5.477s][info][gc,phases   ] GC(21) Pause Mark End 0.020ms
[5.477s][info][gc,phases   ] GC(21) Concurrent Mark Free 0.002ms
[5.479s][info][gc,phases   ] GC(21) Concurrent Process Non-Strong References 2.127ms
[5.479s][info][gc,phases   ] GC(21) Concurrent Reset Relocation Set 0.001ms
[5.481s][info][gc,phases   ] GC(21) Concurrent Select Relocation Set 1.960ms
[5.481s][info][gc,phases   ] GC(21) Pause Relocate Start 0.007ms
[5.482s][info][gc,phases   ] GC(21) Concurrent Relocate 0.614ms
[5.482s][info][gc,load     ] GC(21) Load: 0.00/0.00/0.00
[5.482s][info][gc,mmu      ] GC(21) MMU: 2ms/98.3%, 5ms/99.2%, 10ms/99.6%, 20ms/99.8%, 50ms/99.9%, 100ms/99.9%
[5.482s][info][gc,marking  ] GC(21) Mark: 2 stripe(s), 1 proactive flush(es), 1 terminate flush(es), 0 completion(s), 0 continuation(s) 
[5.482s][info][gc,marking  ] GC(21) Mark Stack Usage: 32M
[5.482s][info][gc,nmethod  ] GC(21) NMethods: 1510 registered, 0 unregistered
[5.482s][info][gc,metaspace] GC(21) Metaspace: 11M used, 12M committed, 1088M reserved
[5.482s][info][gc,ref      ] GC(21) Soft: 291 encountered, 0 discovered, 0 enqueued
[5.482s][info][gc,ref      ] GC(21) Weak: 724 encountered, 556 discovered, 0 enqueued
[5.482s][info][gc,ref      ] GC(21) Final: 0 encountered, 0 discovered, 0 enqueued
[5.482s][info][gc,ref      ] GC(21) Phantom: 33 encountered, 22 discovered, 0 enqueued
[5.482s][info][gc,reloc    ] GC(21) Small Pages: 63 / 126M, Empty: 80M, Relocated: 1M, In-Place: 0
[5.482s][info][gc,reloc    ] GC(21) Medium Pages: 0 / 0M, Empty: 0M, Relocated: 0M, In-Place: 0
[5.482s][info][gc,reloc    ] GC(21) Large Pages: 0 / 0M, Empty: 0M, Relocated: 0M, In-Place: 0
[5.482s][info][gc,reloc    ] GC(21) Forwarding Usage: 0M
[5.482s][info][gc,heap     ] GC(21) Min Capacity: 1024M(100%)
[5.482s][info][gc,heap     ] GC(21) Max Capacity: 1024M(100%)
[5.482s][info][gc,heap     ] GC(21) Soft Max Capacity: 1024M(100%)
[5.482s][info][gc,heap     ] GC(21)                Mark Start          Mark End        Relocate Start      Relocate End           High               Low         
[5.482s][info][gc,heap     ] GC(21)  Capacity:     1024M (100%)       1024M (100%)       1024M (100%)       1024M (100%)       1024M (100%)       1024M (100%)   
[5.482s][info][gc,heap     ] GC(21)      Free:      898M (88%)         898M (88%)         978M (96%)         980M (96%)         980M (96%)         898M (88%)    
[5.482s][info][gc,heap     ] GC(21)      Used:      126M (12%)         126M (12%)          46M (4%)           44M (4%)          126M (12%)          44M (4%)     
[5.482s][info][gc,heap     ] GC(21)      Live:         -                32M (3%)           32M (3%)           32M (3%)             -                  -          
[5.482s][info][gc,heap     ] GC(21) Allocated:         -                 0M (0%)            0M (0%)            0M (0%)             -                  -          
[5.482s][info][gc,heap     ] GC(21)   Garbage:         -                93M (9%)           13M (1%)           11M (1%)             -                  -          
[5.482s][info][gc,heap     ] GC(21) Reclaimed:         -                  -                80M (8%)           82M (8%)             -                  -          
[5.482s][info][gc          ] GC(21) Garbage Collection (System.gc()) 126M(12%)->44M(4%)
[5.660s][info][gc,start    ] GC(22) Garbage Collection (System.gc())
[5.660s][info][gc,task     ] GC(22) Using 2 workers
[5.660s][info][gc,phases   ] GC(22) Pause Mark Start 0.007ms
[5.696s][info][gc,phases   ] GC(22) Concurrent Mark 35.521ms
[5.696s][info][gc,phases   ] GC(22) Pause Mark End 0.011ms
[5.696s][info][gc,phases   ] GC(22) Concurrent Mark Free 0.001ms
[5.698s][info][gc,phases   ] GC(22) Concurrent Process Non-Strong References 1.842ms
[5.698s][info][gc,phases   ] GC(22) Concurrent Reset Relocation Set 0.002ms
[5.699s][info][gc,phases   ] GC(22) Concurrent Select Relocation Set 1.550ms
[5.699s][info][gc,phases   ] GC(22) Pause Relocate Start 0.008ms
[5.700s][info][gc,phases   ] GC(22) Concurrent Relocate 0.547ms
[5.700s][info][gc,load     ] GC(22) Load: 0.00/0.00/0.00
[5.700s][info][gc,mmu      ] GC(22) MMU: 2ms/98.3%, 5ms/99.2%, 10ms/99.6%, 20ms/99.8%, 50ms/99.9%, 100ms/99.9%
[5.700s][info][gc,marking  ] GC(22) Mark: 2 stripe(s), 1 proactive flush(es), 1 terminate flush(es), 0 completion(s), 0 continuation(s) 
[5.700s][info][gc,marking  ] GC(22) Mark Stack Usage: 32M
[5.700s][info][gc,nmethod  ] GC(22) NMethods: 1514 registered, 0 unregistered
[5.700s][info][gc,metaspace] GC(22) Metaspace: 11M used, 12M committed, 1088M reserved
[5.700s][info][gc,ref      ] GC(22) Soft: 291 encountered, 0 discovered, 0 enqueued
[5.700s][info][gc,ref      ] GC(22) Weak: 724 encountered, 12 discovered, 0 enqueued
[5.700s][info][gc,ref      ] GC(22) Final: 0 encountered, 0 discovered, 0 enqueued
[5.700s][info][gc,ref      ] GC(22) Phantom: 33 encountered, 21 discovered, 0 enqueued
[5.700s][info][gc,reloc    ] GC(22) Small Pages: 63 / 126M, Empty: 78M, Relocated: 1M, In-Place: 0
[5.700s][info][gc,reloc    ] GC(22) Medium Pages: 0 / 0M, Empty: 0M, Relocated: 0M, In-Place: 0
[5.700s][info][gc,reloc    ] GC(22) Large Pages: 0 / 0M, Empty: 0M, Relocated: 0M, In-Place: 0
[5.700s][info][gc,reloc    ] GC(22) Forwarding Usage: 0M
[5.700s][info][gc,heap     ] GC(22) Min Capacity: 1024M(100%)
[5.700s][info][gc,heap     ] GC(22) Max Capacity: 1024M(100%)
[5.700s][info][gc,heap     ] GC(22) Soft Max Capacity: 1024M(100%)
[5.700s][info][gc,heap     ] GC(22)                Mark Start          Mark End        Relocate Start      Relocate End           High               Low         
[5.700s][info][gc,heap     ] GC(22)  Capacity:     1024M (100%)       1024M (100%)       1024M (100%)       1024M (100%)       1024M (100%)       1024M (100%)   
[5.700s][info][gc,heap     ] GC(22)      Free:      898M (88%)         898M (88%)         976M (95%)         980M (96%)         980M (96%)         898M (88%)    
[5.700s][info][gc,heap     ] GC(22)      Used:      126M (12%)         126M (12%)          48M (5%)           44M (4%)          126M (12%)          44M (4%)     
[5.700s][info][gc,heap     ] GC(22)      Live:         -                32M (3%)           32M (3%)           32M (3%)             -                  -          
[5.700s][info][gc,heap     ] GC(22) Allocated:         -                 0M (0%)            0M (0%)            0M (0%)             -                  -          
[5.700s][info][gc,heap     ] GC(22)   Garbage:         -                93M (9%)           15M (1%)           11M (1%)             -                  -          
[5.700s][info][gc,heap     ] GC(22) Reclaimed:         -                  -                78M (8%)           82M (8%)             -                  -          
[5.700s][info][gc          ] GC(22) Garbage Collection (System.gc()) 126M(12%)->44M(4%)
[5.878s][info][gc,start    ] GC(23) Garbage Collection (System.gc())
[5.878s][info][gc,task     ] GC(23) Using 2 workers
[5.878s][info][gc,phases   ] GC(23) Pause Mark Start 0.006ms
[5.900s][info][gc,phases   ] GC(23) Concurrent Mark 21.955ms
[5.901s][info][gc,phases   ] GC(23) Pause Mark End 0.019ms
[5.901s][info][gc,phases   ] GC(23) Concurrent Mark Free 0.001ms
[5.902s][info][gc,phases   ] GC(23) Concurrent Process Non-Strong References 1.523ms
[5.902s][info][gc,phases   ] GC(23) Concurrent Reset Relocation Set 0.001ms
[5.904s][info][gc,phases   ] GC(23) Concurrent Select Relocation Set 1.388ms
[5.904s][info][gc,phases   ] GC(23) Pause Relocate Start 0.010ms
[5.905s][info][gc,phases   ] GC(23) Concurrent Relocate 0.859ms
[5.905s][info][gc,load     ] GC(23) Load: 0.00/0.00/0.00
[5.905s][info][gc,mmu      ] GC(23) MMU: 2ms/98.3%, 5ms/99.2%, 10ms/99.6%, 20ms/99.8%, 50ms/99.9%, 100ms/99.9%
[5.905s][info][gc,marking  ] GC(23) Mark: 2 stripe(s), 1 proactive flush(es), 1 terminate flush(es), 0 completion(s), 0 continuation(s) 
[5.905s][info][gc,marking  ] GC(23) Mark Stack Usage: 32M
[5.905s][info][gc,nmethod  ] GC(23) NMethods: 1528 registered, 0 unregistered
[5.905s][info][gc,metaspace] GC(23) Metaspace: 11M used, 12M committed, 1088M reserved
[5.905s][info][gc,ref      ] GC(23) Soft: 291 encountered, 0 discovered, 0 enqueued
[5.905s][info][gc,ref      ] GC(23) Weak: 724 encountered, 3 discovered, 0 enqueued
[5.905s][info][gc,ref      ] GC(23) Final: 0 encountered, 0 discovered, 0 enqueued
[5.905s][info][gc,ref      ] GC(23) Phantom: 33 encountered, 20 discovered, 0 enqueued
[5.905s][info][gc,reloc    ] GC(23) Small Pages: 64 / 128M, Empty: 80M, Relocated: 1M, In-Place: 0
[5.905s][info][gc,reloc    ] GC(23) Medium Pages: 0 / 0M, Empty: 0M, Relocated: 0M, In-Place: 0
[5.905s][info][gc,reloc    ] GC(23) Large Pages: 0 / 0M, Empty: 0M, Relocated: 0M, In-Place: 0
[5.905s][info][gc,reloc    ] GC(23) Forwarding Usage: 0M
[5.905s][info][gc,heap     ] GC(23) Min Capacity: 1024M(100%)
[5.905s][info][gc,heap     ] GC(23) Max Capacity: 1024M(100%)
[5.905s][info][gc,heap     ] GC(23) Soft Max Capacity: 1024M(100%)
[5.905s][info][gc,heap     ] GC(23)                Mark Start          Mark End        Relocate Start      Relocate End           High               Low         
[5.905s][info][gc,heap     ] GC(23)  Capacity:     1024M (100%)       1024M (100%)       1024M (100%)       1024M (100%)       1024M (100%)       1024M (100%)   
[5.905s][info][gc,heap     ] GC(23)      Free:      896M (88%)         896M (88%)         976M (95%)         980M (96%)         980M (96%)         896M (88%)    
[5.905s][info][gc,heap     ] GC(23)      Used:      128M (12%)         128M (12%)          48M (5%)           44M (4%)          128M (12%)          44M (4%)     
[5.905s][info][gc,heap     ] GC(23)      Live:         -                32M (3%)           32M (3%)           32M (3%)             -                  -          
[5.905s][info][gc,heap     ] GC(23) Allocated:         -                 0M (0%)            0M (0%)            0M (0%)             -                  -          
[5.905s][info][gc,heap     ] GC(23)   Garbage:         -                95M (9%)           15M (1%)           11M (1%)             -                  -          
[5.905s][info][gc,heap     ] GC(23) Reclaimed:         -                  -                80M (8%)           84M (8%)             -                  -          
[5.905s][info][gc          ] GC(23) Garbage Collection (System.gc()) 128M(12%)->44M(4%)
[6.082s][info][gc,start    ] GC(24) Garbage Collection (System.gc())
[6.082s][info][gc,task     ] GC(24) Using 2 workers
[6.082s][info][gc,phases   ] GC(24) Pause Mark Start 0.005ms
[6.120s][info][gc,phases   ] GC(24) Concurrent Mark 37.445ms
[6.120s][info][gc,phases   ] GC(24) Pause Mark End 0.023ms
[6.120s][info][gc,phases   ] GC(24) Concurrent Mark Free 0.002ms
[6.122s][info][gc,phases   ] GC(24) Concurrent Process Non-Strong References 2.096ms
[6.122s][info][gc,phases   ] GC(24) Concurrent Reset Relocation Set 0.001ms
[6.124s][info][gc,phases   ] GC(24) Concurrent Select Relocation Set 1.450ms
[6.124s][info][gc,phases   ] GC(24) Pause Relocate Start 0.007ms
[6.124s][info][gc,phases   ] GC(24) Concurrent Relocate 0.366ms
[6.124s][info][gc,load     ] GC(24) Load: 0.00/0.00/0.00
[6.124s][info][gc,mmu      ] GC(24) MMU: 2ms/98.3%, 5ms/99.2%, 10ms/99.6%, 20ms/99.8%, 50ms/99.9%, 100ms/99.9%
[6.124s][info][gc,marking  ] GC(24) Mark: 2 stripe(s), 1 proactive flush(es), 1 terminate flush(es), 0 completion(s), 0 continuation(s) 
[6.124s][info][gc,marking  ] GC(24) Mark Stack Usage: 32M
[6.124s][info][gc,nmethod  ] GC(24) NMethods: 1544 registered, 0 unregistered
[6.124s][info][gc,metaspace] GC(24) Metaspace: 12M used, 12M committed, 1088M reserved
[6.124s][info][gc,ref      ] GC(24) Soft: 291 encountered, 0 discovered, 0 enqueued
[6.124s][info][gc,ref      ] GC(24) Weak: 724 encountered, 516 discovered, 0 enqueued
[6.124s][info][gc,ref      ] GC(24) Final: 0 encountered, 0 discovered, 0 enqueued
[6.124s][info][gc,ref      ] GC(24) Phantom: 33 encountered, 21 discovered, 0 enqueued
[6.124s][info][gc,reloc    ] GC(24) Small Pages: 63 / 126M, Empty: 80M, Relocated: 1M, In-Place: 0
[6.124s][info][gc,reloc    ] GC(24) Medium Pages: 0 / 0M, Empty: 0M, Relocated: 0M, In-Place: 0
[6.124s][info][gc,reloc    ] GC(24) Large Pages: 0 / 0M, Empty: 0M, Relocated: 0M, In-Place: 0
[6.124s][info][gc,reloc    ] GC(24) Forwarding Usage: 0M
[6.124s][info][gc,heap     ] GC(24) Min Capacity: 1024M(100%)
[6.124s][info][gc,heap     ] GC(24) Max Capacity: 1024M(100%)
[6.124s][info][gc,heap     ] GC(24) Soft Max Capacity: 1024M(100%)
[6.124s][info][gc,heap     ] GC(24)                Mark Start          Mark End        Relocate Start      Relocate End           High               Low         
[6.124s][info][gc,heap     ] GC(24)  Capacity:     1024M (100%)       1024M (100%)       1024M (100%)       1024M (100%)       1024M (100%)       1024M (100%)   
[6.124s][info][gc,heap     ] GC(24)      Free:      898M (88%)         898M (88%)         978M (96%)         980M (96%)         980M (96%)         898M (88%)    
[6.124s][info][gc,heap     ] GC(24)      Used:      126M (12%)         126M (12%)          46M (4%)           44M (4%)          126M (12%)          44M (4%)     
[6.124s][info][gc,heap     ] GC(24)      Live:         -                32M (3%)           32M (3%)           32M (3%)             -                  -          
[6.124s][info][gc,heap     ] GC(24) Allocated:         -                 0M (0%)            0M (0%)            0M (0%)             -                  -          
[6.124s][info][gc,heap     ] GC(24)   Garbage:         -                93M (9%)           13M (1%)           11M (1%)             -                  -          
[6.124s][info][gc,heap     ] GC(24) Reclaimed:         -                  -                80M (8%)           82M (8%)             -                  -          
[6.124s][info][gc          ] GC(24) Garbage Collection (System.gc()) 126M(12%)->44M(4%)
[6.304s][info][gc,start    ] GC(25) Garbage Collection (System.gc())
[6.304s][info][gc,task     ] GC(25) Using 2 workers
[6.304s][info][gc,phases   ] GC(25) Pause Mark Start 0.008ms
[6.339s][info][gc,phases   ] GC(25) Concurrent Mark 35.072ms
[6.340s][info][gc,phases   ] GC(25) Pause Mark End 0.025ms
[6.340s][info][gc,phases   ] GC(25) Concurrent Mark Free 0.002ms
[6.342s][info][gc,phases   ] GC(25) Concurrent Process Non-Strong References 2.470ms
[6.342s][info][gc,phases   ] GC(25) Concurrent Reset Relocation Set 0.001ms
[6.344s][info][gc,phases   ] GC(25) Concurrent Select Relocation Set 1.779ms
[6.344s][info][gc,phases   ] GC(25) Pause Relocate Start 0.008ms
[6.345s][info][gc,phases   ] GC(25) Concurrent Relocate 0.365ms
[6.345s][info][gc,load     ] GC(25) Load: 0.00/0.00/0.00
[6.345s][info][gc,mmu      ] GC(25) MMU: 2ms/98.3%, 5ms/99.2%, 10ms/99.6%, 20ms/99.8%, 50ms/99.9%, 100ms/99.9%
[6.345s][info][gc,marking  ] GC(25) Mark: 2 stripe(s), 3 proactive flush(es), 1 terminate flush(es), 0 completion(s), 0 continuation(s) 
[6.345s][info][gc,marking  ] GC(25) Mark Stack Usage: 32M
[6.345s][info][gc,nmethod  ] GC(25) NMethods: 1548 registered, 0 unregistered
[6.345s][info][gc,metaspace] GC(25) Metaspace: 12M used, 12M committed, 1088M reserved
[6.345s][info][gc,ref      ] GC(25) Soft: 291 encountered, 0 discovered, 0 enqueued
[6.345s][info][gc,ref      ] GC(25) Weak: 724 encountered, 511 discovered, 0 enqueued
[6.345s][info][gc,ref      ] GC(25) Final: 0 encountered, 0 discovered, 0 enqueued
[6.345s][info][gc,ref      ] GC(25) Phantom: 33 encountered, 21 discovered, 0 enqueued
[6.345s][info][gc,reloc    ] GC(25) Small Pages: 63 / 126M, Empty: 80M, Relocated: 1M, In-Place: 0
[6.345s][info][gc,reloc    ] GC(25) Medium Pages: 0 / 0M, Empty: 0M, Relocated: 0M, In-Place: 0
[6.345s][info][gc,reloc    ] GC(25) Large Pages: 0 / 0M, Empty: 0M, Relocated: 0M, In-Place: 0
[6.345s][info][gc,reloc    ] GC(25) Forwarding Usage: 0M
[6.345s][info][gc,heap     ] GC(25) Min Capacity: 1024M(100%)
[6.345s][info][gc,heap     ] GC(25) Max Capacity: 1024M(100%)
[6.345s][info][gc,heap     ] GC(25) Soft Max Capacity: 1024M(100%)
[6.345s][info][gc,heap     ] GC(25)                Mark Start          Mark End        Relocate Start      Relocate End           High               Low         
[6.345s][info][gc,heap     ] GC(25)  Capacity:     1024M (100%)       1024M (100%)       1024M (100%)       1024M (100%)       1024M (100%)       1024M (100%)   
[6.345s][info][gc,heap     ] GC(25)      Free:      898M (88%)         898M (88%)         978M (96%)         980M (96%)         980M (96%)         898M (88%)    
[6.345s][info][gc,heap     ] GC(25)      Used:      126M (12%)         126M (12%)          46M (4%)           44M (4%)          126M (12%)          44M (4%)     
[6.345s][info][gc,heap     ] GC(25)      Live:         -                32M (3%)           32M (3%)           32M (3%)             -                  -          
[6.345s][info][gc,heap     ] GC(25) Allocated:         -                 0M (0%)            0M (0%)            0M (0%)             -                  -          
[6.345s][info][gc,heap     ] GC(25)   Garbage:         -                93M (9%)           13M (1%)           11M (1%)             -                  -          
[6.345s][info][gc,heap     ] GC(25) Reclaimed:         -                  -                80M (8%)           82M (8%)             -                  -          
[6.345s][info][gc          ] GC(25) Garbage Collection (System.gc()) 126M(12%)->44M(4%)
[6.522s][info][gc,start    ] GC(26) Garbage Collection (System.gc())
[6.522s][info][gc,task     ] GC(26) Using 2 workers
[6.522s][info][gc,phases   ] GC(26) Pause Mark Start 0.005ms
[6.544s][info][gc,phases   ] GC(26) Concurrent Mark 21.425ms
[6.544s][info][gc,phases   ] GC(26) Pause Mark End 0.017ms
[6.544s][info][gc,phases   ] GC(26) Concurrent Mark Free 0.001ms
[6.546s][info][gc,phases   ] GC(26) Concurrent Process Non-Strong References 2.065ms
[6.546s][info][gc,phases   ] GC(26) Concurrent Reset Relocation Set 0.001ms
[6.548s][info][gc,phases   ] GC(26) Concurrent Select Relocation Set 1.608ms
[6.548s][info][gc,phases   ] GC(26) Pause Relocate Start 0.009ms
[6.548s][info][gc,phases   ] GC(26) Concurrent Relocate 0.421ms
[6.548s][info][gc,load     ] GC(26) Load: 0.00/0.00/0.00
[6.548s][info][gc,mmu      ] GC(26) MMU: 2ms/98.3%, 5ms/99.2%, 10ms/99.6%, 20ms/99.8%, 50ms/99.9%, 100ms/99.9%
[6.548s][info][gc,marking  ] GC(26) Mark: 2 stripe(s), 2 proactive flush(es), 1 terminate flush(es), 0 completion(s), 0 continuation(s) 
[6.548s][info][gc,marking  ] GC(26) Mark Stack Usage: 32M
[6.548s][info][gc,nmethod  ] GC(26) NMethods: 1549 registered, 0 unregistered
[6.548s][info][gc,metaspace] GC(26) Metaspace: 12M used, 12M committed, 1088M reserved
[6.548s][info][gc,ref      ] GC(26) Soft: 291 encountered, 0 discovered, 0 enqueued
[6.548s][info][gc,ref      ] GC(26) Weak: 724 encountered, 493 discovered, 0 enqueued
[6.548s][info][gc,ref      ] GC(26) Final: 0 encountered, 0 discovered, 0 enqueued
[6.548s][info][gc,ref      ] GC(26) Phantom: 33 encountered, 22 discovered, 0 enqueued
[6.548s][info][gc,reloc    ] GC(26) Small Pages: 63 / 126M, Empty: 80M, Relocated: 1M, In-Place: 0
[6.548s][info][gc,reloc    ] GC(26) Medium Pages: 0 / 0M, Empty: 0M, Relocated: 0M, In-Place: 0
[6.548s][info][gc,reloc    ] GC(26) Large Pages: 0 / 0M, Empty: 0M, Relocated: 0M, In-Place: 0
[6.548s][info][gc,reloc    ] GC(26) Forwarding Usage: 0M
[6.548s][info][gc,heap     ] GC(26) Min Capacity: 1024M(100%)
[6.548s][info][gc,heap     ] GC(26) Max Capacity: 1024M(100%)
[6.548s][info][gc,heap     ] GC(26) Soft Max Capacity: 1024M(100%)
[6.548s][info][gc,heap     ] GC(26)                Mark Start          Mark End        Relocate Start      Relocate End           High               Low         
[6.548s][info][gc,heap     ] GC(26)  Capacity:     1024M (100%)       1024M (100%)       1024M (100%)       1024M (100%)       1024M (100%)       1024M (100%)   
[6.548s][info][gc,heap     ] GC(26)      Free:      898M (88%)         898M (88%)         978M (96%)         980M (96%)         980M (96%)         898M (88%)    
[6.548s][info][gc,heap     ] GC(26)      Used:      126M (12%)         126M (12%)          46M (4%)           44M (4%)          126M (12%)          44M (4%)     
[6.548s][info][gc,heap     ] GC(26)      Live:         -                32M (3%)           32M (3%)           32M (3%)             -                  -          
[6.548s][info][gc,heap     ] GC(26) Allocated:         -                 0M (0%)            0M (0%)            0M (0%)             -                  -          
[6.548s][info][gc,heap     ] GC(26)   Garbage:         -                93M (9%)           13M (1%)           11M (1%)             -                  -          
[6.548s][info][gc,heap     ] GC(26) Reclaimed:         -                  -                80M (8%)           82M (8%)             -                  -          
[6.548s][info][gc          ] GC(26) Garbage Collection (System.gc()) 126M(12%)->44M(4%)
[6.726s][info][gc,start    ] GC(27) Garbage Collection (System.gc())
[6.726s][info][gc,task     ] GC(27) Using 2 workers
[6.727s][info][gc,phases   ] GC(27) Pause Mark Start 0.007ms
[6.764s][info][gc,phases   ] GC(27) Concurrent Mark 37.104ms
[6.764s][info][gc,phases   ] GC(27) Pause Mark End 0.016ms
[6.764s][info][gc,phases   ] GC(27) Concurrent Mark Free 0.002ms
[6.766s][info][gc,phases   ] GC(27) Concurrent Process Non-Strong References 1.500ms
[6.766s][info][gc,phases   ] GC(27) Concurrent Reset Relocation Set 0.001ms
[6.767s][info][gc,phases   ] GC(27) Concurrent Select Relocation Set 1.403ms
[6.767s][info][gc,phases   ] GC(27) Pause Relocate Start 0.013ms
[6.768s][info][gc,phases   ] GC(27) Concurrent Relocate 0.366ms
[6.768s][info][gc,load     ] GC(27) Load: 0.00/0.00/0.00
[6.768s][info][gc,mmu      ] GC(27) MMU: 2ms/98.3%, 5ms/99.2%, 10ms/99.6%, 20ms/99.8%, 50ms/99.9%, 100ms/99.9%
[6.768s][info][gc,marking  ] GC(27) Mark: 2 stripe(s), 1 proactive flush(es), 1 terminate flush(es), 0 completion(s), 0 continuation(s) 
[6.768s][info][gc,marking  ] GC(27) Mark Stack Usage: 32M
[6.768s][info][gc,nmethod  ] GC(27) NMethods: 1553 registered, 0 unregistered
[6.768s][info][gc,metaspace] GC(27) Metaspace: 12M used, 12M committed, 1088M reserved
[6.768s][info][gc,ref      ] GC(27) Soft: 291 encountered, 0 discovered, 0 enqueued
[6.768s][info][gc,ref      ] GC(27) Weak: 724 encountered, 6 discovered, 0 enqueued
[6.768s][info][gc,ref      ] GC(27) Final: 0 encountered, 0 discovered, 0 enqueued
[6.768s][info][gc,ref      ] GC(27) Phantom: 33 encountered, 21 discovered, 0 enqueued
[6.768s][info][gc,reloc    ] GC(27) Small Pages: 63 / 126M, Empty: 80M, Relocated: 1M, In-Place: 0
[6.768s][info][gc,reloc    ] GC(27) Medium Pages: 0 / 0M, Empty: 0M, Relocated: 0M, In-Place: 0
[6.768s][info][gc,reloc    ] GC(27) Large Pages: 0 / 0M, Empty: 0M, Relocated: 0M, In-Place: 0
[6.768s][info][gc,reloc    ] GC(27) Forwarding Usage: 0M
[6.768s][info][gc,heap     ] GC(27) Min Capacity: 1024M(100%)
[6.768s][info][gc,heap     ] GC(27) Max Capacity: 1024M(100%)
[6.768s][info][gc,heap     ] GC(27) Soft Max Capacity: 1024M(100%)
[6.768s][info][gc,heap     ] GC(27)                Mark Start          Mark End        Relocate Start      Relocate End           High               Low         
[6.768s][info][gc,heap     ] GC(27)  Capacity:     1024M (100%)       1024M (100%)       1024M (100%)       1024M (100%)       1024M (100%)       1024M (100%)   
[6.768s][info][gc,heap     ] GC(27)      Free:      898M (88%)         898M (88%)         978M (96%)         980M (96%)         980M (96%)         898M (88%)    
[6.768s][info][gc,heap     ] GC(27)      Used:      126M (12%)         126M (12%)          46M (4%)           44M (4%)          126M (12%)          44M (4%)     
[6.768s][info][gc,heap     ] GC(27)      Live:         -                32M (3%)           32M (3%)           32M (3%)             -                  -          
[6.768s][info][gc,heap     ] GC(27) Allocated:         -                 0M (0%)            0M (0%)            0M (0%)             -                  -          
[6.768s][info][gc,heap     ] GC(27)   Garbage:         -                93M (9%)           13M (1%)           11M (1%)             -                  -          
[6.768s][info][gc,heap     ] GC(27) Reclaimed:         -                  -                80M (8%)           82M (8%)             -                  -          
[6.768s][info][gc          ] GC(27) Garbage Collection (System.gc()) 126M(12%)->44M(4%)
[6.945s][info][gc,start    ] GC(28) Garbage Collection (System.gc())
[6.945s][info][gc,task     ] GC(28) Using 2 workers
[6.945s][info][gc,phases   ] GC(28) Pause Mark Start 0.008ms
[6.984s][info][gc,phases   ] GC(28) Concurrent Mark 38.204ms
[6.984s][info][gc,phases   ] GC(28) Pause Mark End 0.023ms
[6.984s][info][gc,phases   ] GC(28) Concurrent Mark Free 0.002ms
[6.986s][info][gc,phases   ] GC(28) Concurrent Process Non-Strong References 2.073ms
[6.986s][info][gc,phases   ] GC(28) Concurrent Reset Relocation Set 0.001ms
[6.988s][info][gc,phases   ] GC(28) Concurrent Select Relocation Set 1.395ms
[6.988s][info][gc,phases   ] GC(28) Pause Relocate Start 0.007ms
[6.988s][info][gc,phases   ] GC(28) Concurrent Relocate 0.500ms
[6.988s][info][gc,load     ] GC(28) Load: 0.00/0.00/0.00
[6.988s][info][gc,mmu      ] GC(28) MMU: 2ms/98.3%, 5ms/99.2%, 10ms/99.6%, 20ms/99.8%, 50ms/99.9%, 100ms/99.9%
[6.988s][info][gc,marking  ] GC(28) Mark: 2 stripe(s), 2 proactive flush(es), 1 terminate flush(es), 0 completion(s), 0 continuation(s) 
[6.988s][info][gc,marking  ] GC(28) Mark Stack Usage: 32M
[6.988s][info][gc,nmethod  ] GC(28) NMethods: 1554 registered, 0 unregistered
[6.988s][info][gc,metaspace] GC(28) Metaspace: 12M used, 12M committed, 1088M reserved
[6.988s][info][gc,ref      ] GC(28) Soft: 291 encountered, 0 discovered, 0 enqueued
[6.988s][info][gc,ref      ] GC(28) Weak: 724 encountered, 558 discovered, 0 enqueued
[6.988s][info][gc,ref      ] GC(28) Final: 0 encountered, 0 discovered, 0 enqueued
[6.988s][info][gc,ref      ] GC(28) Phantom: 33 encountered, 20 discovered, 0 enqueued
[6.988s][info][gc,reloc    ] GC(28) Small Pages: 63 / 126M, Empty: 80M, Relocated: 1M, In-Place: 0
[6.988s][info][gc,reloc    ] GC(28) Medium Pages: 0 / 0M, Empty: 0M, Relocated: 0M, In-Place: 0
[6.988s][info][gc,reloc    ] GC(28) Large Pages: 0 / 0M, Empty: 0M, Relocated: 0M, In-Place: 0
[6.988s][info][gc,reloc    ] GC(28) Forwarding Usage: 0M
[6.988s][info][gc,heap     ] GC(28) Min Capacity: 1024M(100%)
[6.988s][info][gc,heap     ] GC(28) Max Capacity: 1024M(100%)
[6.988s][info][gc,heap     ] GC(28) Soft Max Capacity: 1024M(100%)
[6.988s][info][gc,heap     ] GC(28)                Mark Start          Mark End        Relocate Start      Relocate End           High               Low         
[6.988s][info][gc,heap     ] GC(28)  Capacity:     1024M (100%)       1024M (100%)       1024M (100%)       1024M (100%)       1024M (100%)       1024M (100%)   
[6.988s][info][gc,heap     ] GC(28)      Free:      898M (88%)         898M (88%)         978M (96%)         980M (96%)         980M (96%)         898M (88%)    
[6.988s][info][gc,heap     ] GC(28)      Used:      126M (12%)         126M (12%)          46M (4%)           44M (4%)          126M (12%)          44M (4%)     
[6.988s][info][gc,heap     ] GC(28)      Live:         -                32M (3%)           32M (3%)           32M (3%)             -                  -          
[6.988s][info][gc,heap     ] GC(28) Allocated:         -                 0M (0%)            0M (0%)            0M (0%)             -                  -          
[6.988s][info][gc,heap     ] GC(28)   Garbage:         -                93M (9%)           13M (1%)           11M (1%)             -                  -          
[6.988s][info][gc,heap     ] GC(28) Reclaimed:         -                  -                80M (8%)           82M (8%)             -                  -          
[6.988s][info][gc          ] GC(28) Garbage Collection (System.gc()) 126M(12%)->44M(4%)
[7.166s][info][gc,start    ] GC(29) Garbage Collection (System.gc())
[7.166s][info][gc,task     ] GC(29) Using 2 workers
[7.166s][info][gc,phases   ] GC(29) Pause Mark Start 0.005ms
[7.188s][info][gc,phases   ] GC(29) Concurrent Mark 21.413ms
[7.188s][info][gc,phases   ] GC(29) Pause Mark End 0.025ms
[7.188s][info][gc,phases   ] GC(29) Concurrent Mark Free 0.003ms
[7.190s][info][gc,phases   ] GC(29) Concurrent Process Non-Strong References 1.851ms
[7.190s][info][gc,phases   ] GC(29) Concurrent Reset Relocation Set 0.001ms
[7.192s][info][gc,phases   ] GC(29) Concurrent Select Relocation Set 1.486ms
[7.192s][info][gc,phases   ] GC(29) Pause Relocate Start 0.007ms
[7.192s][info][gc,phases   ] GC(29) Concurrent Relocate 0.574ms
[7.192s][info][gc,load     ] GC(29) Load: 0.00/0.00/0.00
[7.192s][info][gc,mmu      ] GC(29) MMU: 2ms/98.3%, 5ms/99.2%, 10ms/99.6%, 20ms/99.8%, 50ms/99.9%, 100ms/99.9%
[7.192s][info][gc,marking  ] GC(29) Mark: 2 stripe(s), 2 proactive flush(es), 1 terminate flush(es), 0 completion(s), 0 continuation(s) 
[7.192s][info][gc,marking  ] GC(29) Mark Stack Usage: 32M
[7.192s][info][gc,nmethod  ] GC(29) NMethods: 1555 registered, 0 unregistered
[7.192s][info][gc,metaspace] GC(29) Metaspace: 12M used, 12M committed, 1088M reserved
[7.192s][info][gc,ref      ] GC(29) Soft: 291 encountered, 0 discovered, 0 enqueued
[7.192s][info][gc,ref      ] GC(29) Weak: 724 encountered, 12 discovered, 0 enqueued
[7.192s][info][gc,ref      ] GC(29) Final: 0 encountered, 0 discovered, 0 enqueued
[7.192s][info][gc,ref      ] GC(29) Phantom: 33 encountered, 21 discovered, 0 enqueued
[7.192s][info][gc,reloc    ] GC(29) Small Pages: 63 / 126M, Empty: 80M, Relocated: 1M, In-Place: 0
[7.192s][info][gc,reloc    ] GC(29) Medium Pages: 0 / 0M, Empty: 0M, Relocated: 0M, In-Place: 0
[7.192s][info][gc,reloc    ] GC(29) Large Pages: 0 / 0M, Empty: 0M, Relocated: 0M, In-Place: 0
[7.192s][info][gc,reloc    ] GC(29) Forwarding Usage: 0M
[7.192s][info][gc,heap     ] GC(29) Min Capacity: 1024M(100%)
[7.192s][info][gc,heap     ] GC(29) Max Capacity: 1024M(100%)
[7.192s][info][gc,heap     ] GC(29) Soft Max Capacity: 1024M(100%)
[7.192s][info][gc,heap     ] GC(29)                Mark Start          Mark End        Relocate Start      Relocate End           High               Low         
[7.192s][info][gc,heap     ] GC(29)  Capacity:     1024M (100%)       1024M (100%)       1024M (100%)       1024M (100%)       1024M (100%)       1024M (100%)   
[7.193s][info][gc,heap     ] GC(29)      Free:      898M (88%)         898M (88%)         978M (96%)         980M (96%)         980M (96%)         898M (88%)    
[7.193s][info][gc,heap     ] GC(29)      Used:      126M (12%)         126M (12%)          46M (4%)           44M (4%)          126M (12%)          44M (4%)     
[7.193s][info][gc,heap     ] GC(29)      Live:         -                32M (3%)           32M (3%)           32M (3%)             -                  -          
[7.193s][info][gc,heap     ] GC(29) Allocated:         -                 0M (0%)            0M (0%)            0M (0%)             -                  -          
[7.193s][info][gc,heap     ] GC(29)   Garbage:         -                93M (9%)           13M (1%)           11M (1%)             -                  -          
[7.193s][info][gc,heap     ] GC(29) Reclaimed:         -                  -                80M (8%)           82M (8%)             -                  -          
[7.193s][info][gc          ] GC(29) Garbage Collection (System.gc()) 126M(12%)->44M(4%)
[7.371s][info][gc,start    ] GC(30) Garbage Collection (System.gc())
[7.371s][info][gc,task     ] GC(30) Using 2 workers
[7.371s][info][gc,phases   ] GC(30) Pause Mark Start 0.005ms
[7.392s][info][gc,phases   ] GC(30) Concurrent Mark 21.432ms
[7.392s][info][gc,phases   ] GC(30) Pause Mark End 0.022ms
[7.393s][info][gc,phases   ] GC(30) Concurrent Mark Free 0.004ms
[7.395s][info][gc,phases   ] GC(30) Concurrent Process Non-Strong References 1.871ms
[7.395s][info][gc,phases   ] GC(30) Concurrent Reset Relocation Set 0.001ms
[7.398s][info][gc,phases   ] GC(30) Concurrent Select Relocation Set 3.412ms
[7.398s][info][gc,phases   ] GC(30) Pause Relocate Start 0.008ms
[7.399s][info][gc,phases   ] GC(30) Concurrent Relocate 0.734ms
[7.399s][info][gc,load     ] GC(30) Load: 0.00/0.00/0.00
[7.399s][info][gc,mmu      ] GC(30) MMU: 2ms/98.3%, 5ms/99.2%, 10ms/99.6%, 20ms/99.8%, 50ms/99.9%, 100ms/99.9%
[7.399s][info][gc,marking  ] GC(30) Mark: 2 stripe(s), 1 proactive flush(es), 1 terminate flush(es), 0 completion(s), 0 continuation(s) 
[7.399s][info][gc,marking  ] GC(30) Mark Stack Usage: 32M
[7.399s][info][gc,nmethod  ] GC(30) NMethods: 1566 registered, 0 unregistered
[7.399s][info][gc,metaspace] GC(30) Metaspace: 12M used, 12M committed, 1088M reserved
[7.399s][info][gc,ref      ] GC(30) Soft: 291 encountered, 0 discovered, 0 enqueued
[7.399s][info][gc,ref      ] GC(30) Weak: 724 encountered, 545 discovered, 0 enqueued
[7.399s][info][gc,ref      ] GC(30) Final: 0 encountered, 0 discovered, 0 enqueued
[7.399s][info][gc,ref      ] GC(30) Phantom: 33 encountered, 21 discovered, 0 enqueued
[7.399s][info][gc,reloc    ] GC(30) Small Pages: 64 / 128M, Empty: 78M, Relocated: 1M, In-Place: 0
[7.399s][info][gc,reloc    ] GC(30) Medium Pages: 0 / 0M, Empty: 0M, Relocated: 0M, In-Place: 0
[7.399s][info][gc,reloc    ] GC(30) Large Pages: 0 / 0M, Empty: 0M, Relocated: 0M, In-Place: 0
[7.399s][info][gc,reloc    ] GC(30) Forwarding Usage: 0M
[7.399s][info][gc,heap     ] GC(30) Min Capacity: 1024M(100%)
[7.399s][info][gc,heap     ] GC(30) Max Capacity: 1024M(100%)
[7.399s][info][gc,heap     ] GC(30) Soft Max Capacity: 1024M(100%)
[7.399s][info][gc,heap     ] GC(30)                Mark Start          Mark End        Relocate Start      Relocate End           High               Low         
[7.399s][info][gc,heap     ] GC(30)  Capacity:     1024M (100%)       1024M (100%)       1024M (100%)       1024M (100%)       1024M (100%)       1024M (100%)   
[7.399s][info][gc,heap     ] GC(30)      Free:      896M (88%)         896M (88%)         974M (95%)         980M (96%)         980M (96%)         896M (88%)    
[7.399s][info][gc,heap     ] GC(30)      Used:      128M (12%)         128M (12%)          50M (5%)           44M (4%)          128M (12%)          44M (4%)     
[7.399s][info][gc,heap     ] GC(30)      Live:         -                32M (3%)           32M (3%)           32M (3%)             -                  -          
[7.399s][info][gc,heap     ] GC(30) Allocated:         -                 0M (0%)            0M (0%)            0M (0%)             -                  -          
[7.399s][info][gc,heap     ] GC(30)   Garbage:         -                95M (9%)           17M (2%)           11M (1%)             -                  -          
[7.399s][info][gc,heap     ] GC(30) Reclaimed:         -                  -                78M (8%)           84M (8%)             -                  -          
[7.399s][info][gc          ] GC(30) Garbage Collection (System.gc()) 128M(12%)->44M(4%)
[7.577s][info][gc,start    ] GC(31) Garbage Collection (System.gc())
[7.577s][info][gc,task     ] GC(31) Using 2 workers
[7.577s][info][gc,phases   ] GC(31) Pause Mark Start 0.005ms
[7.596s][info][gc,phases   ] GC(31) Concurrent Mark 19.132ms
[7.596s][info][gc,phases   ] GC(31) Pause Mark End 0.010ms
[7.596s][info][gc,phases   ] GC(31) Concurrent Mark Free 0.001ms
[7.598s][info][gc,phases   ] GC(31) Concurrent Process Non-Strong References 2.072ms
[7.598s][info][gc,phases   ] GC(31) Concurrent Reset Relocation Set 0.001ms
[7.600s][info][gc,phases   ] GC(31) Concurrent Select Relocation Set 1.485ms
[7.600s][info][gc,phases   ] GC(31) Pause Relocate Start 0.006ms
[7.600s][info][gc,phases   ] GC(31) Concurrent Relocate 0.365ms
[7.600s][info][gc,load     ] GC(31) Load: 0.00/0.00/0.00
[7.600s][info][gc,mmu      ] GC(31) MMU: 2ms/98.3%, 5ms/99.2%, 10ms/99.6%, 20ms/99.8%, 50ms/99.9%, 100ms/99.9%
[7.600s][info][gc,marking  ] GC(31) Mark: 2 stripe(s), 2 proactive flush(es), 1 terminate flush(es), 0 completion(s), 0 continuation(s) 
[7.600s][info][gc,marking  ] GC(31) Mark Stack Usage: 32M
[7.600s][info][gc,nmethod  ] GC(31) NMethods: 1582 registered, 0 unregistered
[7.600s][info][gc,metaspace] GC(31) Metaspace: 12M used, 12M committed, 1088M reserved
[7.600s][info][gc,ref      ] GC(31) Soft: 291 encountered, 0 discovered, 0 enqueued
[7.600s][info][gc,ref      ] GC(31) Weak: 724 encountered, 3 discovered, 0 enqueued
[7.600s][info][gc,ref      ] GC(31) Final: 0 encountered, 0 discovered, 0 enqueued
[7.600s][info][gc,ref      ] GC(31) Phantom: 33 encountered, 21 discovered, 0 enqueued
[7.600s][info][gc,reloc    ] GC(31) Small Pages: 64 / 128M, Empty: 80M, Relocated: 1M, In-Place: 0
[7.600s][info][gc,reloc    ] GC(31) Medium Pages: 0 / 0M, Empty: 0M, Relocated: 0M, In-Place: 0
[7.600s][info][gc,reloc    ] GC(31) Large Pages: 0 / 0M, Empty: 0M, Relocated: 0M, In-Place: 0
[7.600s][info][gc,reloc    ] GC(31) Forwarding Usage: 0M
[7.600s][info][gc,heap     ] GC(31) Min Capacity: 1024M(100%)
[7.600s][info][gc,heap     ] GC(31) Max Capacity: 1024M(100%)
[7.600s][info][gc,heap     ] GC(31) Soft Max Capacity: 1024M(100%)
[7.600s][info][gc,heap     ] GC(31)                Mark Start          Mark End        Relocate Start      Relocate End           High               Low         
[7.600s][info][gc,heap     ] GC(31)  Capacity:     1024M (100%)       1024M (100%)       1024M (100%)       1024M (100%)       1024M (100%)       1024M (100%)   
[7.600s][info][gc,heap     ] GC(31)      Free:      896M (88%)         896M (88%)         976M (95%)         980M (96%)         980M (96%)         896M (88%)    
[7.600s][info][gc,heap     ] GC(31)      Used:      128M (12%)         128M (12%)          48M (5%)           44M (4%)          128M (12%)          44M (4%)     
[7.600s][info][gc,heap     ] GC(31)      Live:         -                32M (3%)           32M (3%)           32M (3%)             -                  -          
[7.600s][info][gc,heap     ] GC(31) Allocated:         -                 0M (0%)            0M (0%)            0M (0%)             -                  -          
[7.600s][info][gc,heap     ] GC(31)   Garbage:         -                95M (9%)           15M (1%)           11M (1%)             -                  -          
[7.600s][info][gc,heap     ] GC(31) Reclaimed:         -                  -                80M (8%)           84M (8%)             -                  -          
[7.600s][info][gc          ] GC(31) Garbage Collection (System.gc()) 128M(12%)->44M(4%)
[7.778s][info][gc,start    ] GC(32) Garbage Collection (System.gc())
[7.778s][info][gc,task     ] GC(32) Using 2 workers
[7.778s][info][gc,phases   ] GC(32) Pause Mark Start 0.008ms
[7.800s][info][gc,phases   ] GC(32) Concurrent Mark 21.542ms
[7.800s][info][gc,phases   ] GC(32) Pause Mark End 0.022ms
[7.800s][info][gc,phases   ] GC(32) Concurrent Mark Free 0.002ms
[7.803s][info][gc,phases   ] GC(32) Concurrent Process Non-Strong References 2.439ms
[7.803s][info][gc,phases   ] GC(32) Concurrent Reset Relocation Set 0.001ms
[7.804s][info][gc,phases   ] GC(32) Concurrent Select Relocation Set 1.314ms
[7.804s][info][gc,phases   ] GC(32) Pause Relocate Start 0.008ms
[7.805s][info][gc,phases   ] GC(32) Concurrent Relocate 0.420ms
[7.805s][info][gc,load     ] GC(32) Load: 0.00/0.00/0.00
[7.805s][info][gc,mmu      ] GC(32) MMU: 2ms/98.3%, 5ms/99.2%, 10ms/99.6%, 20ms/99.8%, 50ms/99.9%, 100ms/99.9%
[7.805s][info][gc,marking  ] GC(32) Mark: 2 stripe(s), 2 proactive flush(es), 1 terminate flush(es), 0 completion(s), 0 continuation(s) 
[7.805s][info][gc,marking  ] GC(32) Mark Stack Usage: 32M
[7.805s][info][gc,nmethod  ] GC(32) NMethods: 1588 registered, 0 unregistered
[7.805s][info][gc,metaspace] GC(32) Metaspace: 12M used, 12M committed, 1088M reserved
[7.805s][info][gc,ref      ] GC(32) Soft: 291 encountered, 0 discovered, 0 enqueued
[7.805s][info][gc,ref      ] GC(32) Weak: 724 encountered, 493 discovered, 0 enqueued
[7.805s][info][gc,ref      ] GC(32) Final: 0 encountered, 0 discovered, 0 enqueued
[7.805s][info][gc,ref      ] GC(32) Phantom: 33 encountered, 22 discovered, 0 enqueued
[7.805s][info][gc,reloc    ] GC(32) Small Pages: 63 / 126M, Empty: 80M, Relocated: 1M, In-Place: 0
[7.805s][info][gc,reloc    ] GC(32) Medium Pages: 0 / 0M, Empty: 0M, Relocated: 0M, In-Place: 0
[7.805s][info][gc,reloc    ] GC(32) Large Pages: 0 / 0M, Empty: 0M, Relocated: 0M, In-Place: 0
[7.805s][info][gc,reloc    ] GC(32) Forwarding Usage: 0M
[7.805s][info][gc,heap     ] GC(32) Min Capacity: 1024M(100%)
[7.805s][info][gc,heap     ] GC(32) Max Capacity: 1024M(100%)
[7.805s][info][gc,heap     ] GC(32) Soft Max Capacity: 1024M(100%)
[7.805s][info][gc,heap     ] GC(32)                Mark Start          Mark End        Relocate Start      Relocate End           High               Low         
[7.805s][info][gc,heap     ] GC(32)  Capacity:     1024M (100%)       1024M (100%)       1024M (100%)       1024M (100%)       1024M (100%)       1024M (100%)   
[7.805s][info][gc,heap     ] GC(32)      Free:      898M (88%)         898M (88%)         978M (96%)         980M (96%)         980M (96%)         898M (88%)    
[7.805s][info][gc,heap     ] GC(32)      Used:      126M (12%)         126M (12%)          46M (4%)           44M (4%)          126M (12%)          44M (4%)     
[7.805s][info][gc,heap     ] GC(32)      Live:         -                32M (3%)           32M (3%)           32M (3%)             -                  -          
[7.805s][info][gc,heap     ] GC(32) Allocated:         -                 0M (0%)            0M (0%)            0M (0%)             -                  -          
[7.805s][info][gc,heap     ] GC(32)   Garbage:         -                93M (9%)           13M (1%)           11M (1%)             -                  -          
[7.805s][info][gc,heap     ] GC(32) Reclaimed:         -                  -                80M (8%)           82M (8%)             -                  -          
[7.805s][info][gc          ] GC(32) Garbage Collection (System.gc()) 126M(12%)->44M(4%)
[7.982s][info][gc,start    ] GC(33) Garbage Collection (System.gc())
[7.983s][info][gc,task     ] GC(33) Using 2 workers
[7.983s][info][gc,phases   ] GC(33) Pause Mark Start 0.005ms
[8.020s][info][gc,phases   ] GC(33) Concurrent Mark 37.096ms
[8.020s][info][gc,phases   ] GC(33) Pause Mark End 0.021ms
[8.020s][info][gc,phases   ] GC(33) Concurrent Mark Free 0.002ms
[8.022s][info][gc,phases   ] GC(33) Concurrent Process Non-Strong References 2.141ms
[8.022s][info][gc,phases   ] GC(33) Concurrent Reset Relocation Set 0.001ms
[8.024s][info][gc,phases   ] GC(33) Concurrent Select Relocation Set 1.337ms
[8.024s][info][gc,phases   ] GC(33) Pause Relocate Start 0.008ms
[8.024s][info][gc,phases   ] GC(33) Concurrent Relocate 0.528ms
[8.024s][info][gc,load     ] GC(33) Load: 0.00/0.00/0.00
[8.024s][info][gc,mmu      ] GC(33) MMU: 2ms/98.3%, 5ms/99.2%, 10ms/99.6%, 20ms/99.8%, 50ms/99.9%, 100ms/99.9%
[8.024s][info][gc,marking  ] GC(33) Mark: 2 stripe(s), 2 proactive flush(es), 1 terminate flush(es), 0 completion(s), 0 continuation(s) 
[8.024s][info][gc,marking  ] GC(33) Mark Stack Usage: 32M
[8.024s][info][gc,nmethod  ] GC(33) NMethods: 1596 registered, 0 unregistered
[8.024s][info][gc,metaspace] GC(33) Metaspace: 12M used, 12M committed, 1088M reserved
[8.024s][info][gc,ref      ] GC(33) Soft: 291 encountered, 0 discovered, 0 enqueued
[8.024s][info][gc,ref      ] GC(33) Weak: 724 encountered, 59 discovered, 0 enqueued
[8.024s][info][gc,ref      ] GC(33) Final: 0 encountered, 0 discovered, 0 enqueued
[8.024s][info][gc,ref      ] GC(33) Phantom: 33 encountered, 28 discovered, 0 enqueued
[8.024s][info][gc,reloc    ] GC(33) Small Pages: 63 / 126M, Empty: 80M, Relocated: 1M, In-Place: 0
[8.025s][info][gc,reloc    ] GC(33) Medium Pages: 0 / 0M, Empty: 0M, Relocated: 0M, In-Place: 0
[8.025s][info][gc,reloc    ] GC(33) Large Pages: 0 / 0M, Empty: 0M, Relocated: 0M, In-Place: 0
[8.025s][info][gc,reloc    ] GC(33) Forwarding Usage: 0M
[8.025s][info][gc,heap     ] GC(33) Min Capacity: 1024M(100%)
[8.025s][info][gc,heap     ] GC(33) Max Capacity: 1024M(100%)
[8.025s][info][gc,heap     ] GC(33) Soft Max Capacity: 1024M(100%)
[8.025s][info][gc,heap     ] GC(33)                Mark Start          Mark End        Relocate Start      Relocate End           High               Low         
[8.025s][info][gc,heap     ] GC(33)  Capacity:     1024M (100%)       1024M (100%)       1024M (100%)       1024M (100%)       1024M (100%)       1024M (100%)   
[8.025s][info][gc,heap     ] GC(33)      Free:      898M (88%)         898M (88%)         978M (96%)         980M (96%)         980M (96%)         898M (88%)    
[8.025s][info][gc,heap     ] GC(33)      Used:      126M (12%)         126M (12%)          46M (4%)           44M (4%)          126M (12%)          44M (4%)     
[8.025s][info][gc,heap     ] GC(33)      Live:         -                32M (3%)           32M (3%)           32M (3%)             -                  -          
[8.025s][info][gc,heap     ] GC(33) Allocated:         -                 0M (0%)            0M (0%)            0M (0%)             -                  -          
[8.025s][info][gc,heap     ] GC(33)   Garbage:         -                93M (9%)           13M (1%)           11M (1%)             -                  -          
[8.025s][info][gc,heap     ] GC(33) Reclaimed:         -                  -                80M (8%)           82M (8%)             -                  -          
[8.025s][info][gc          ] GC(33) Garbage Collection (System.gc()) 126M(12%)->44M(4%)
[8.204s][info][gc,start    ] GC(34) Garbage Collection (System.gc())
[8.204s][info][gc,task     ] GC(34) Using 2 workers
[8.204s][info][gc,phases   ] GC(34) Pause Mark Start 0.005ms
[8.224s][info][gc,phases   ] GC(34) Concurrent Mark 20.299ms
[8.224s][info][gc,phases   ] GC(34) Pause Mark End 0.026ms
[8.224s][info][gc,phases   ] GC(34) Concurrent Mark Free 0.001ms
[8.227s][info][gc,phases   ] GC(34) Concurrent Process Non-Strong References 2.397ms
[8.227s][info][gc,phases   ] GC(34) Concurrent Reset Relocation Set 0.001ms
[8.229s][info][gc,phases   ] GC(34) Concurrent Select Relocation Set 1.906ms
[8.229s][info][gc,phases   ] GC(34) Pause Relocate Start 0.012ms
[8.229s][info][gc,phases   ] GC(34) Concurrent Relocate 0.400ms
[8.229s][info][gc,load     ] GC(34) Load: 0.00/0.00/0.00
[8.229s][info][gc,mmu      ] GC(34) MMU: 2ms/98.3%, 5ms/99.2%, 10ms/99.6%, 20ms/99.8%, 50ms/99.9%, 100ms/99.9%
[8.229s][info][gc,marking  ] GC(34) Mark: 2 stripe(s), 1 proactive flush(es), 1 terminate flush(es), 0 completion(s), 0 continuation(s) 
[8.229s][info][gc,marking  ] GC(34) Mark Stack Usage: 32M
[8.229s][info][gc,nmethod  ] GC(34) NMethods: 1598 registered, 0 unregistered
[8.229s][info][gc,metaspace] GC(34) Metaspace: 12M used, 12M committed, 1088M reserved
[8.229s][info][gc,ref      ] GC(34) Soft: 291 encountered, 0 discovered, 0 enqueued
[8.229s][info][gc,ref      ] GC(34) Weak: 724 encountered, 568 discovered, 0 enqueued
[8.229s][info][gc,ref      ] GC(34) Final: 0 encountered, 0 discovered, 0 enqueued
[8.229s][info][gc,ref      ] GC(34) Phantom: 33 encountered, 22 discovered, 0 enqueued
[8.229s][info][gc,reloc    ] GC(34) Small Pages: 63 / 126M, Empty: 80M, Relocated: 1M, In-Place: 0
[8.229s][info][gc,reloc    ] GC(34) Medium Pages: 0 / 0M, Empty: 0M, Relocated: 0M, In-Place: 0
[8.229s][info][gc,reloc    ] GC(34) Large Pages: 0 / 0M, Empty: 0M, Relocated: 0M, In-Place: 0
[8.229s][info][gc,reloc    ] GC(34) Forwarding Usage: 0M
[8.229s][info][gc,heap     ] GC(34) Min Capacity: 1024M(100%)
[8.229s][info][gc,heap     ] GC(34) Max Capacity: 1024M(100%)
[8.230s][info][gc,heap     ] GC(34) Soft Max Capacity: 1024M(100%)
[8.230s][info][gc,heap     ] GC(34)                Mark Start          Mark End        Relocate Start      Relocate End           High               Low         
[8.230s][info][gc,heap     ] GC(34)  Capacity:     1024M (100%)       1024M (100%)       1024M (100%)       1024M (100%)       1024M (100%)       1024M (100%)   
[8.230s][info][gc,heap     ] GC(34)      Free:      898M (88%)         898M (88%)         978M (96%)         980M (96%)         980M (96%)         898M (88%)    
[8.230s][info][gc,heap     ] GC(34)      Used:      126M (12%)         126M (12%)          46M (4%)           44M (4%)          126M (12%)          44M (4%)     
[8.230s][info][gc,heap     ] GC(34)      Live:         -                32M (3%)           32M (3%)           32M (3%)             -                  -          
[8.230s][info][gc,heap     ] GC(34) Allocated:         -                 0M (0%)            0M (0%)            0M (0%)             -                  -          
[8.230s][info][gc,heap     ] GC(34)   Garbage:         -                93M (9%)           13M (1%)           11M (1%)             -                  -          
[8.230s][info][gc,heap     ] GC(34) Reclaimed:         -                  -                80M (8%)           82M (8%)             -                  -          
[8.230s][info][gc          ] GC(34) Garbage Collection (System.gc()) 126M(12%)->44M(4%)
[8.411s][info][gc,start    ] GC(35) Garbage Collection (System.gc())
[8.411s][info][gc,task     ] GC(35) Using 2 workers
[8.411s][info][gc,phases   ] GC(35) Pause Mark Start 0.010ms
[8.445s][info][gc,phases   ] GC(35) Concurrent Mark 33.589ms
[8.445s][info][gc,phases   ] GC(35) Pause Mark End 0.019ms
[8.445s][info][gc,phases   ] GC(35) Concurrent Mark Free 0.002ms
[8.447s][info][gc,phases   ] GC(35) Concurrent Process Non-Strong References 1.682ms
[8.447s][info][gc,phases   ] GC(35) Concurrent Reset Relocation Set 0.001ms
[8.448s][info][gc,phases   ] GC(35) Concurrent Select Relocation Set 1.511ms
[8.448s][info][gc,phases   ] GC(35) Pause Relocate Start 0.010ms
[8.449s][info][gc,phases   ] GC(35) Concurrent Relocate 0.358ms
[8.449s][info][gc,load     ] GC(35) Load: 0.00/0.00/0.00
[8.449s][info][gc,mmu      ] GC(35) MMU: 2ms/98.3%, 5ms/99.2%, 10ms/99.6%, 20ms/99.8%, 50ms/99.9%, 100ms/99.9%
[8.449s][info][gc,marking  ] GC(35) Mark: 2 stripe(s), 2 proactive flush(es), 1 terminate flush(es), 0 completion(s), 0 continuation(s) 
[8.449s][info][gc,marking  ] GC(35) Mark Stack Usage: 32M
[8.449s][info][gc,nmethod  ] GC(35) NMethods: 1599 registered, 0 unregistered
[8.449s][info][gc,metaspace] GC(35) Metaspace: 12M used, 12M committed, 1088M reserved
[8.449s][info][gc,ref      ] GC(35) Soft: 291 encountered, 0 discovered, 0 enqueued
[8.449s][info][gc,ref      ] GC(35) Weak: 724 encountered, 3 discovered, 0 enqueued
[8.449s][info][gc,ref      ] GC(35) Final: 0 encountered, 0 discovered, 0 enqueued
[8.449s][info][gc,ref      ] GC(35) Phantom: 33 encountered, 21 discovered, 0 enqueued
[8.449s][info][gc,reloc    ] GC(35) Small Pages: 63 / 126M, Empty: 80M, Relocated: 1M, In-Place: 0
[8.449s][info][gc,reloc    ] GC(35) Medium Pages: 0 / 0M, Empty: 0M, Relocated: 0M, In-Place: 0
[8.449s][info][gc,reloc    ] GC(35) Large Pages: 0 / 0M, Empty: 0M, Relocated: 0M, In-Place: 0
[8.449s][info][gc,reloc    ] GC(35) Forwarding Usage: 0M
[8.449s][info][gc,heap     ] GC(35) Min Capacity: 1024M(100%)
[8.449s][info][gc,heap     ] GC(35) Max Capacity: 1024M(100%)
[8.449s][info][gc,heap     ] GC(35) Soft Max Capacity: 1024M(100%)
[8.449s][info][gc,heap     ] GC(35)                Mark Start          Mark End        Relocate Start      Relocate End           High               Low         
[8.449s][info][gc,heap     ] GC(35)  Capacity:     1024M (100%)       1024M (100%)       1024M (100%)       1024M (100%)       1024M (100%)       1024M (100%)   
[8.449s][info][gc,heap     ] GC(35)      Free:      898M (88%)         898M (88%)         978M (96%)         980M (96%)         980M (96%)         898M (88%)    
[8.449s][info][gc,heap     ] GC(35)      Used:      126M (12%)         126M (12%)          46M (4%)           44M (4%)          126M (12%)          44M (4%)     
[8.449s][info][gc,heap     ] GC(35)      Live:         -                32M (3%)           32M (3%)           32M (3%)             -                  -          
[8.449s][info][gc,heap     ] GC(35) Allocated:         -                 0M (0%)            0M (0%)            0M (0%)             -                  -          
[8.449s][info][gc,heap     ] GC(35)   Garbage:         -                93M (9%)           13M (1%)           11M (1%)             -                  -          
[8.449s][info][gc,heap     ] GC(35) Reclaimed:         -                  -                80M (8%)           82M (8%)             -                  -          
[8.449s][info][gc          ] GC(35) Garbage Collection (System.gc()) 126M(12%)->44M(4%)
[8.628s][info][gc,start    ] GC(36) Garbage Collection (System.gc())
[8.628s][info][gc,task     ] GC(36) Using 2 workers
[8.628s][info][gc,phases   ] GC(36) Pause Mark Start 0.008ms
[8.649s][info][gc,phases   ] GC(36) Concurrent Mark 21.044ms
[8.649s][info][gc,phases   ] GC(36) Pause Mark End 0.029ms
[8.649s][info][gc,phases   ] GC(36) Concurrent Mark Free 0.003ms
[8.652s][info][gc,phases   ] GC(36) Concurrent Process Non-Strong References 2.202ms
[8.652s][info][gc,phases   ] GC(36) Concurrent Reset Relocation Set 0.001ms
[8.653s][info][gc,phases   ] GC(36) Concurrent Select Relocation Set 1.218ms
[8.653s][info][gc,phases   ] GC(36) Pause Relocate Start 0.007ms
[8.653s][info][gc,phases   ] GC(36) Concurrent Relocate 0.370ms
[8.654s][info][gc,load     ] GC(36) Load: 0.00/0.00/0.00
[8.654s][info][gc,mmu      ] GC(36) MMU: 2ms/98.3%, 5ms/99.2%, 10ms/99.6%, 20ms/99.8%, 50ms/99.9%, 100ms/99.9%
[8.654s][info][gc,marking  ] GC(36) Mark: 2 stripe(s), 1 proactive flush(es), 1 terminate flush(es), 0 completion(s), 0 continuation(s) 
[8.654s][info][gc,marking  ] GC(36) Mark Stack Usage: 32M
[8.654s][info][gc,nmethod  ] GC(36) NMethods: 1604 registered, 0 unregistered
[8.654s][info][gc,metaspace] GC(36) Metaspace: 12M used, 12M committed, 1088M reserved
[8.654s][info][gc,ref      ] GC(36) Soft: 291 encountered, 0 discovered, 0 enqueued
[8.654s][info][gc,ref      ] GC(36) Weak: 724 encountered, 550 discovered, 0 enqueued
[8.654s][info][gc,ref      ] GC(36) Final: 0 encountered, 0 discovered, 0 enqueued
[8.654s][info][gc,ref      ] GC(36) Phantom: 33 encountered, 20 discovered, 0 enqueued
[8.654s][info][gc,reloc    ] GC(36) Small Pages: 63 / 126M, Empty: 80M, Relocated: 1M, In-Place: 0
[8.654s][info][gc,reloc    ] GC(36) Medium Pages: 0 / 0M, Empty: 0M, Relocated: 0M, In-Place: 0
[8.654s][info][gc,reloc    ] GC(36) Large Pages: 0 / 0M, Empty: 0M, Relocated: 0M, In-Place: 0
[8.654s][info][gc,reloc    ] GC(36) Forwarding Usage: 0M
[8.654s][info][gc,heap     ] GC(36) Min Capacity: 1024M(100%)
[8.654s][info][gc,heap     ] GC(36) Max Capacity: 1024M(100%)
[8.654s][info][gc,heap     ] GC(36) Soft Max Capacity: 1024M(100%)
[8.654s][info][gc,heap     ] GC(36)                Mark Start          Mark End        Relocate Start      Relocate End           High               Low         
[8.654s][info][gc,heap     ] GC(36)  Capacity:     1024M (100%)       1024M (100%)       1024M (100%)       1024M (100%)       1024M (100%)       1024M (100%)   
[8.654s][info][gc,heap     ] GC(36)      Free:      898M (88%)         898M (88%)         978M (96%)         980M (96%)         980M (96%)         898M (88%)    
[8.654s][info][gc,heap     ] GC(36)      Used:      126M (12%)         126M (12%)          46M (4%)           44M (4%)          126M (12%)          44M (4%)     
[8.654s][info][gc,heap     ] GC(36)      Live:         -                32M (3%)           32M (3%)           32M (3%)             -                  -          
[8.654s][info][gc,heap     ] GC(36) Allocated:         -                 0M (0%)            0M (0%)            0M (0%)             -                  -          
[8.654s][info][gc,heap     ] GC(36)   Garbage:         -                93M (9%)           13M (1%)           11M (1%)             -                  -          
[8.654s][info][gc,heap     ] GC(36) Reclaimed:         -                  -                80M (8%)           82M (8%)             -                  -          
[8.654s][info][gc          ] GC(36) Garbage Collection (System.gc()) 126M(12%)->44M(4%)
[8.834s][info][gc,start    ] GC(37) Garbage Collection (System.gc())
[8.834s][info][gc,task     ] GC(37) Using 2 workers
[8.834s][info][gc,phases   ] GC(37) Pause Mark Start 0.007ms
[8.869s][info][gc,phases   ] GC(37) Concurrent Mark 34.869ms
[8.869s][info][gc,phases   ] GC(37) Pause Mark End 0.024ms
[8.869s][info][gc,phases   ] GC(37) Concurrent Mark Free 0.003ms
[8.871s][info][gc,phases   ] GC(37) Concurrent Process Non-Strong References 1.781ms
[8.871s][info][gc,phases   ] GC(37) Concurrent Reset Relocation Set 0.001ms
[8.872s][info][gc,phases   ] GC(37) Concurrent Select Relocation Set 1.159ms
[8.872s][info][gc,phases   ] GC(37) Pause Relocate Start 0.008ms
[8.873s][info][gc,phases   ] GC(37) Concurrent Relocate 0.567ms
[8.873s][info][gc,load     ] GC(37) Load: 0.00/0.00/0.00
[8.873s][info][gc,mmu      ] GC(37) MMU: 2ms/98.3%, 5ms/99.2%, 10ms/99.6%, 20ms/99.8%, 50ms/99.9%, 100ms/99.9%
[8.873s][info][gc,marking  ] GC(37) Mark: 2 stripe(s), 2 proactive flush(es), 1 terminate flush(es), 0 completion(s), 0 continuation(s) 
[8.873s][info][gc,marking  ] GC(37) Mark Stack Usage: 32M
[8.873s][info][gc,nmethod  ] GC(37) NMethods: 1614 registered, 0 unregistered
[8.873s][info][gc,metaspace] GC(37) Metaspace: 12M used, 12M committed, 1088M reserved
[8.873s][info][gc,ref      ] GC(37) Soft: 291 encountered, 0 discovered, 0 enqueued
[8.873s][info][gc,ref      ] GC(37) Weak: 724 encountered, 506 discovered, 0 enqueued
[8.873s][info][gc,ref      ] GC(37) Final: 0 encountered, 0 discovered, 0 enqueued
[8.873s][info][gc,ref      ] GC(37) Phantom: 33 encountered, 21 discovered, 0 enqueued
[8.873s][info][gc,reloc    ] GC(37) Small Pages: 63 / 126M, Empty: 80M, Relocated: 1M, In-Place: 0
[8.873s][info][gc,reloc    ] GC(37) Medium Pages: 0 / 0M, Empty: 0M, Relocated: 0M, In-Place: 0
[8.873s][info][gc,reloc    ] GC(37) Large Pages: 0 / 0M, Empty: 0M, Relocated: 0M, In-Place: 0
[8.873s][info][gc,reloc    ] GC(37) Forwarding Usage: 0M
[8.873s][info][gc,heap     ] GC(37) Min Capacity: 1024M(100%)
[8.873s][info][gc,heap     ] GC(37) Max Capacity: 1024M(100%)
[8.873s][info][gc,heap     ] GC(37) Soft Max Capacity: 1024M(100%)
[8.873s][info][gc,heap     ] GC(37)                Mark Start          Mark End        Relocate Start      Relocate End           High               Low         
[8.873s][info][gc,heap     ] GC(37)  Capacity:     1024M (100%)       1024M (100%)       1024M (100%)       1024M (100%)       1024M (100%)       1024M (100%)   
[8.873s][info][gc,heap     ] GC(37)      Free:      898M (88%)         898M (88%)         978M (96%)         980M (96%)         980M (96%)         898M (88%)    
[8.873s][info][gc,heap     ] GC(37)      Used:      126M (12%)         126M (12%)          46M (4%)           44M (4%)          126M (12%)          44M (4%)     
[8.873s][info][gc,heap     ] GC(37)      Live:         -                32M (3%)           32M (3%)           32M (3%)             -                  -          
[8.873s][info][gc,heap     ] GC(37) Allocated:         -                 0M (0%)            0M (0%)            0M (0%)             -                  -          
[8.873s][info][gc,heap     ] GC(37)   Garbage:         -                93M (9%)           13M (1%)           11M (1%)             -                  -          
[8.873s][info][gc,heap     ] GC(37) Reclaimed:         -                  -                80M (8%)           82M (8%)             -                  -          
[8.873s][info][gc          ] GC(37) Garbage Collection (System.gc()) 126M(12%)->44M(4%)
[9.052s][info][gc,start    ] GC(38) Garbage Collection (System.gc())
[9.052s][info][gc,task     ] GC(38) Using 2 workers
[9.052s][info][gc,phases   ] GC(38) Pause Mark Start 0.005ms
[9.089s][info][gc,phases   ] GC(38) Concurrent Mark 36.803ms
[9.089s][info][gc,phases   ] GC(38) Pause Mark End 0.021ms
[9.089s][info][gc,phases   ] GC(38) Concurrent Mark Free 0.002ms
[9.092s][info][gc,phases   ] GC(38) Concurrent Process Non-Strong References 2.517ms
[9.092s][info][gc,phases   ] GC(38) Concurrent Reset Relocation Set 0.001ms
[9.093s][info][gc,phases   ] GC(38) Concurrent Select Relocation Set 1.446ms
[9.093s][info][gc,phases   ] GC(38) Pause Relocate Start 0.010ms
[9.094s][info][gc,phases   ] GC(38) Concurrent Relocate 0.762ms
[9.094s][info][gc,load     ] GC(38) Load: 0.00/0.00/0.00
[9.094s][info][gc,mmu      ] GC(38) MMU: 2ms/98.3%, 5ms/99.2%, 10ms/99.6%, 20ms/99.8%, 50ms/99.9%, 100ms/99.9%
[9.094s][info][gc,marking  ] GC(38) Mark: 2 stripe(s), 2 proactive flush(es), 1 terminate flush(es), 0 completion(s), 0 continuation(s) 
[9.094s][info][gc,marking  ] GC(38) Mark Stack Usage: 32M
[9.094s][info][gc,nmethod  ] GC(38) NMethods: 1619 registered, 0 unregistered
[9.094s][info][gc,metaspace] GC(38) Metaspace: 12M used, 12M committed, 1088M reserved
[9.094s][info][gc,ref      ] GC(38) Soft: 291 encountered, 0 discovered, 0 enqueued
[9.094s][info][gc,ref      ] GC(38) Weak: 724 encountered, 491 discovered, 0 enqueued
[9.094s][info][gc,ref      ] GC(38) Final: 0 encountered, 0 discovered, 0 enqueued
[9.094s][info][gc,ref      ] GC(38) Phantom: 33 encountered, 22 discovered, 0 enqueued
[9.094s][info][gc,reloc    ] GC(38) Small Pages: 63 / 126M, Empty: 80M, Relocated: 1M, In-Place: 0
[9.094s][info][gc,reloc    ] GC(38) Medium Pages: 0 / 0M, Empty: 0M, Relocated: 0M, In-Place: 0
[9.094s][info][gc,reloc    ] GC(38) Large Pages: 0 / 0M, Empty: 0M, Relocated: 0M, In-Place: 0
[9.094s][info][gc,reloc    ] GC(38) Forwarding Usage: 0M
[9.094s][info][gc,heap     ] GC(38) Min Capacity: 1024M(100%)
[9.094s][info][gc,heap     ] GC(38) Max Capacity: 1024M(100%)
[9.094s][info][gc,heap     ] GC(38) Soft Max Capacity: 1024M(100%)
[9.094s][info][gc,heap     ] GC(38)                Mark Start          Mark End        Relocate Start      Relocate End           High               Low         
[9.094s][info][gc,heap     ] GC(38)  Capacity:     1024M (100%)       1024M (100%)       1024M (100%)       1024M (100%)       1024M (100%)       1024M (100%)   
[9.094s][info][gc,heap     ] GC(38)      Free:      898M (88%)         898M (88%)         978M (96%)         980M (96%)         980M (96%)         898M (88%)    
[9.094s][info][gc,heap     ] GC(38)      Used:      126M (12%)         126M (12%)          46M (4%)           44M (4%)          126M (12%)          44M (4%)     
[9.094s][info][gc,heap     ] GC(38)      Live:         -                32M (3%)           32M (3%)           32M (3%)             -                  -          
[9.094s][info][gc,heap     ] GC(38) Allocated:         -                 0M (0%)            0M (0%)            0M (0%)             -                  -          
[9.094s][info][gc,heap     ] GC(38)   Garbage:         -                93M (9%)           13M (1%)           11M (1%)             -                  -          
[9.094s][info][gc,heap     ] GC(38) Reclaimed:         -                  -                80M (8%)           82M (8%)             -                  -          
[9.094s][info][gc          ] GC(38) Garbage Collection (System.gc()) 126M(12%)->44M(4%)
[9.272s][info][gc,start    ] GC(39) Garbage Collection (System.gc())
[9.272s][info][gc,task     ] GC(39) Using 2 workers
[9.272s][info][gc,phases   ] GC(39) Pause Mark Start 0.005ms
[9.293s][info][gc,phases   ] GC(39) Concurrent Mark 20.591ms
[9.293s][info][gc,phases   ] GC(39) Pause Mark End 0.017ms
[9.293s][info][gc,phases   ] GC(39) Concurrent Mark Free 0.001ms
[9.295s][info][gc,phases   ] GC(39) Concurrent Process Non-Strong References 1.854ms
[9.295s][info][gc,phases   ] GC(39) Concurrent Reset Relocation Set 0.001ms
[9.296s][info][gc,phases   ] GC(39) Concurrent Select Relocation Set 1.397ms
[9.296s][info][gc,phases   ] GC(39) Pause Relocate Start 0.005ms
[9.297s][info][gc,phases   ] GC(39) Concurrent Relocate 0.385ms
[9.297s][info][gc,load     ] GC(39) Load: 0.00/0.00/0.00
[9.297s][info][gc,mmu      ] GC(39) MMU: 2ms/98.3%, 5ms/99.2%, 10ms/99.6%, 20ms/99.8%, 50ms/99.9%, 100ms/99.9%
[9.297s][info][gc,marking  ] GC(39) Mark: 2 stripe(s), 1 proactive flush(es), 1 terminate flush(es), 0 completion(s), 0 continuation(s) 
[9.297s][info][gc,marking  ] GC(39) Mark Stack Usage: 32M
[9.297s][info][gc,nmethod  ] GC(39) NMethods: 1623 registered, 0 unregistered
[9.297s][info][gc,metaspace] GC(39) Metaspace: 12M used, 12M committed, 1088M reserved
[9.297s][info][gc,ref      ] GC(39) Soft: 291 encountered, 0 discovered, 0 enqueued
[9.297s][info][gc,ref      ] GC(39) Weak: 724 encountered, 59 discovered, 0 enqueued
[9.297s][info][gc,ref      ] GC(39) Final: 0 encountered, 0 discovered, 0 enqueued
[9.297s][info][gc,ref      ] GC(39) Phantom: 33 encountered, 21 discovered, 0 enqueued
[9.297s][info][gc,reloc    ] GC(39) Small Pages: 63 / 126M, Empty: 80M, Relocated: 1M, In-Place: 0
[9.297s][info][gc,reloc    ] GC(39) Medium Pages: 0 / 0M, Empty: 0M, Relocated: 0M, In-Place: 0
[9.297s][info][gc,reloc    ] GC(39) Large Pages: 0 / 0M, Empty: 0M, Relocated: 0M, In-Place: 0
[9.297s][info][gc,reloc    ] GC(39) Forwarding Usage: 0M
[9.297s][info][gc,heap     ] GC(39) Min Capacity: 1024M(100%)
[9.297s][info][gc,heap     ] GC(39) Max Capacity: 1024M(100%)
[9.297s][info][gc,heap     ] GC(39) Soft Max Capacity: 1024M(100%)
[9.297s][info][gc,heap     ] GC(39)                Mark Start          Mark End        Relocate Start      Relocate End           High               Low         
[9.297s][info][gc,heap     ] GC(39)  Capacity:     1024M (100%)       1024M (100%)       1024M (100%)       1024M (100%)       1024M (100%)       1024M (100%)   
[9.297s][info][gc,heap     ] GC(39)      Free:      898M (88%)         898M (88%)         978M (96%)         980M (96%)         980M (96%)         898M (88%)    
[9.297s][info][gc,heap     ] GC(39)      Used:      126M (12%)         126M (12%)          46M (4%)           44M (4%)          126M (12%)          44M (4%)     
[9.297s][info][gc,heap     ] GC(39)      Live:         -                32M (3%)           32M (3%)           32M (3%)             -                  -          
[9.297s][info][gc,heap     ] GC(39) Allocated:         -                 0M (0%)            0M (0%)            0M (0%)             -                  -          
[9.297s][info][gc,heap     ] GC(39)   Garbage:         -                93M (9%)           13M (1%)           11M (1%)             -                  -          
[9.297s][info][gc,heap     ] GC(39) Reclaimed:         -                  -                80M (8%)           82M (8%)             -                  -          
[9.297s][info][gc          ] GC(39) Garbage Collection (System.gc()) 126M(12%)->44M(4%)
[9.474s][info][gc,start    ] GC(40) Garbage Collection (System.gc())
[9.474s][info][gc,task     ] GC(40) Using 2 workers
[9.474s][info][gc,phases   ] GC(40) Pause Mark Start 0.006ms
[9.497s][info][gc,phases   ] GC(40) Concurrent Mark 23.323ms
[9.498s][info][gc,phases   ] GC(40) Pause Mark End 0.021ms
[9.498s][info][gc,phases   ] GC(40) Concurrent Mark Free 0.002ms
[9.500s][info][gc,phases   ] GC(40) Concurrent Process Non-Strong References 1.870ms
[9.500s][info][gc,phases   ] GC(40) Concurrent Reset Relocation Set 0.001ms
[9.501s][info][gc,phases   ] GC(40) Concurrent Select Relocation Set 1.843ms
[9.501s][info][gc,phases   ] GC(40) Pause Relocate Start 0.010ms
[9.502s][info][gc,phases   ] GC(40) Concurrent Relocate 0.665ms
[9.502s][info][gc,load     ] GC(40) Load: 0.00/0.00/0.00
[9.502s][info][gc,mmu      ] GC(40) MMU: 2ms/98.3%, 5ms/99.2%, 10ms/99.6%, 20ms/99.8%, 50ms/99.9%, 100ms/99.9%
[9.502s][info][gc,marking  ] GC(40) Mark: 2 stripe(s), 1 proactive flush(es), 1 terminate flush(es), 0 completion(s), 0 continuation(s) 
[9.502s][info][gc,marking  ] GC(40) Mark Stack Usage: 32M
[9.502s][info][gc,nmethod  ] GC(40) NMethods: 1627 registered, 0 unregistered
[9.502s][info][gc,metaspace] GC(40) Metaspace: 12M used, 12M committed, 1088M reserved
[9.502s][info][gc,ref      ] GC(40) Soft: 291 encountered, 0 discovered, 0 enqueued
[9.502s][info][gc,ref      ] GC(40) Weak: 724 encountered, 559 discovered, 0 enqueued
[9.502s][info][gc,ref      ] GC(40) Final: 0 encountered, 0 discovered, 0 enqueued
[9.502s][info][gc,ref      ] GC(40) Phantom: 33 encountered, 21 discovered, 0 enqueued
[9.502s][info][gc,reloc    ] GC(40) Small Pages: 63 / 126M, Empty: 80M, Relocated: 1M, In-Place: 0
[9.502s][info][gc,reloc    ] GC(40) Medium Pages: 0 / 0M, Empty: 0M, Relocated: 0M, In-Place: 0
[9.502s][info][gc,reloc    ] GC(40) Large Pages: 0 / 0M, Empty: 0M, Relocated: 0M, In-Place: 0
[9.502s][info][gc,reloc    ] GC(40) Forwarding Usage: 0M
[9.502s][info][gc,heap     ] GC(40) Min Capacity: 1024M(100%)
[9.502s][info][gc,heap     ] GC(40) Max Capacity: 1024M(100%)
[9.502s][info][gc,heap     ] GC(40) Soft Max Capacity: 1024M(100%)
[9.502s][info][gc,heap     ] GC(40)                Mark Start          Mark End        Relocate Start      Relocate End           High               Low         
[9.502s][info][gc,heap     ] GC(40)  Capacity:     1024M (100%)       1024M (100%)       1024M (100%)       1024M (100%)       1024M (100%)       1024M (100%)   
[9.502s][info][gc,heap     ] GC(40)      Free:      898M (88%)         898M (88%)         978M (96%)         980M (96%)         980M (96%)         898M (88%)    
[9.502s][info][gc,heap     ] GC(40)      Used:      126M (12%)         126M (12%)          46M (4%)           44M (4%)          126M (12%)          44M (4%)     
[9.502s][info][gc,heap     ] GC(40)      Live:         -                32M (3%)           32M (3%)           32M (3%)             -                  -          
[9.502s][info][gc,heap     ] GC(40) Allocated:         -                 0M (0%)            0M (0%)            0M (0%)             -                  -          
[9.502s][info][gc,heap     ] GC(40)   Garbage:         -                93M (9%)           13M (1%)           11M (1%)             -                  -          
[9.502s][info][gc,heap     ] GC(40) Reclaimed:         -                  -                80M (8%)           82M (8%)             -                  -          
[9.502s][info][gc          ] GC(40) Garbage Collection (System.gc()) 126M(12%)->44M(4%)
[9.682s][info][gc,start    ] GC(41) Garbage Collection (System.gc())
[9.682s][info][gc,task     ] GC(41) Using 2 workers
[9.682s][info][gc,phases   ] GC(41) Pause Mark Start 0.005ms
[9.718s][info][gc,phases   ] GC(41) Concurrent Mark 35.571ms
[9.718s][info][gc,phases   ] GC(41) Pause Mark End 0.022ms
[9.718s][info][gc,phases   ] GC(41) Concurrent Mark Free 0.001ms
[9.720s][info][gc,phases   ] GC(41) Concurrent Process Non-Strong References 1.940ms
[9.720s][info][gc,phases   ] GC(41) Concurrent Reset Relocation Set 0.001ms
[9.721s][info][gc,phases   ] GC(41) Concurrent Select Relocation Set 1.160ms
[9.721s][info][gc,phases   ] GC(41) Pause Relocate Start 0.008ms
[9.722s][info][gc,phases   ] GC(41) Concurrent Relocate 0.498ms
[9.722s][info][gc,load     ] GC(41) Load: 0.00/0.00/0.00
[9.722s][info][gc,mmu      ] GC(41) MMU: 2ms/98.3%, 5ms/99.2%, 10ms/99.6%, 20ms/99.8%, 50ms/99.9%, 100ms/99.9%
[9.722s][info][gc,marking  ] GC(41) Mark: 2 stripe(s), 1 proactive flush(es), 1 terminate flush(es), 0 completion(s), 0 continuation(s) 
[9.722s][info][gc,marking  ] GC(41) Mark Stack Usage: 32M
[9.722s][info][gc,nmethod  ] GC(41) NMethods: 1628 registered, 0 unregistered
[9.722s][info][gc,metaspace] GC(41) Metaspace: 12M used, 12M committed, 1088M reserved
[9.722s][info][gc,ref      ] GC(41) Soft: 291 encountered, 0 discovered, 0 enqueued
[9.722s][info][gc,ref      ] GC(41) Weak: 724 encountered, 59 discovered, 0 enqueued
[9.722s][info][gc,ref      ] GC(41) Final: 0 encountered, 0 discovered, 0 enqueued
[9.722s][info][gc,ref      ] GC(41) Phantom: 33 encountered, 21 discovered, 0 enqueued
[9.722s][info][gc,reloc    ] GC(41) Small Pages: 63 / 126M, Empty: 80M, Relocated: 1M, In-Place: 0
[9.722s][info][gc,reloc    ] GC(41) Medium Pages: 0 / 0M, Empty: 0M, Relocated: 0M, In-Place: 0
[9.722s][info][gc,reloc    ] GC(41) Large Pages: 0 / 0M, Empty: 0M, Relocated: 0M, In-Place: 0
[9.722s][info][gc,reloc    ] GC(41) Forwarding Usage: 0M
[9.722s][info][gc,heap     ] GC(41) Min Capacity: 1024M(100%)
[9.722s][info][gc,heap     ] GC(41) Max Capacity: 1024M(100%)
[9.722s][info][gc,heap     ] GC(41) Soft Max Capacity: 1024M(100%)
[9.722s][info][gc,heap     ] GC(41)                Mark Start          Mark End        Relocate Start      Relocate End           High               Low         
[9.722s][info][gc,heap     ] GC(41)  Capacity:     1024M (100%)       1024M (100%)       1024M (100%)       1024M (100%)       1024M (100%)       1024M (100%)   
[9.722s][info][gc,heap     ] GC(41)      Free:      898M (88%)         898M (88%)         978M (96%)         980M (96%)         980M (96%)         898M (88%)    
[9.722s][info][gc,heap     ] GC(41)      Used:      126M (12%)         126M (12%)          46M (4%)           44M (4%)          126M (12%)          44M (4%)     
[9.722s][info][gc,heap     ] GC(41)      Live:         -                32M (3%)           32M (3%)           32M (3%)             -                  -          
[9.722s][info][gc,heap     ] GC(41) Allocated:         -                 0M (0%)            0M (0%)            0M (0%)             -                  -          
[9.722s][info][gc,heap     ] GC(41)   Garbage:         -                93M (9%)           13M (1%)           11M (1%)             -                  -          
[9.722s][info][gc,heap     ] GC(41) Reclaimed:         -                  -                80M (8%)           82M (8%)             -                  -          
[9.722s][info][gc          ] GC(41) Garbage Collection (System.gc()) 126M(12%)->44M(4%)
[9.900s][info][gc,start    ] GC(42) Garbage Collection (System.gc())
[9.900s][info][gc,task     ] GC(42) Using 2 workers
[9.900s][info][gc,phases   ] GC(42) Pause Mark Start 0.005ms
[9.922s][info][gc,phases   ] GC(42) Concurrent Mark 21.744ms
[9.922s][info][gc,phases   ] GC(42) Pause Mark End 0.028ms
[9.922s][info][gc,phases   ] GC(42) Concurrent Mark Free 0.003ms
[9.925s][info][gc,phases   ] GC(42) Concurrent Process Non-Strong References 2.239ms
[9.925s][info][gc,phases   ] GC(42) Concurrent Reset Relocation Set 0.001ms
[9.926s][info][gc,phases   ] GC(42) Concurrent Select Relocation Set 1.439ms
[9.926s][info][gc,phases   ] GC(42) Pause Relocate Start 0.008ms
[9.927s][info][gc,phases   ] GC(42) Concurrent Relocate 0.659ms
[9.927s][info][gc,load     ] GC(42) Load: 0.00/0.00/0.00
[9.927s][info][gc,mmu      ] GC(42) MMU: 2ms/98.3%, 5ms/99.2%, 10ms/99.6%, 20ms/99.8%, 50ms/99.9%, 100ms/99.9%
[9.927s][info][gc,marking  ] GC(42) Mark: 2 stripe(s), 2 proactive flush(es), 1 terminate flush(es), 0 completion(s), 0 continuation(s) 
[9.927s][info][gc,marking  ] GC(42) Mark Stack Usage: 32M
[9.927s][info][gc,nmethod  ] GC(42) NMethods: 1630 registered, 0 unregistered
[9.927s][info][gc,metaspace] GC(42) Metaspace: 12M used, 12M committed, 1088M reserved
[9.927s][info][gc,ref      ] GC(42) Soft: 291 encountered, 0 discovered, 0 enqueued
[9.927s][info][gc,ref      ] GC(42) Weak: 724 encountered, 511 discovered, 0 enqueued
[9.927s][info][gc,ref      ] GC(42) Final: 0 encountered, 0 discovered, 0 enqueued
[9.927s][info][gc,ref      ] GC(42) Phantom: 33 encountered, 20 discovered, 0 enqueued
[9.927s][info][gc,reloc    ] GC(42) Small Pages: 63 / 126M, Empty: 80M, Relocated: 1M, In-Place: 0
[9.927s][info][gc,reloc    ] GC(42) Medium Pages: 0 / 0M, Empty: 0M, Relocated: 0M, In-Place: 0
[9.927s][info][gc,reloc    ] GC(42) Large Pages: 0 / 0M, Empty: 0M, Relocated: 0M, In-Place: 0
[9.927s][info][gc,reloc    ] GC(42) Forwarding Usage: 0M
[9.927s][info][gc,heap     ] GC(42) Min Capacity: 1024M(100%)
[9.927s][info][gc,heap     ] GC(42) Max Capacity: 1024M(100%)
[9.927s][info][gc,heap     ] GC(42) Soft Max Capacity: 1024M(100%)
[9.927s][info][gc,heap     ] GC(42)                Mark Start          Mark End        Relocate Start      Relocate End           High               Low         
[9.927s][info][gc,heap     ] GC(42)  Capacity:     1024M (100%)       1024M (100%)       1024M (100%)       1024M (100%)       1024M (100%)       1024M (100%)   
[9.927s][info][gc,heap     ] GC(42)      Free:      898M (88%)         898M (88%)         978M (96%)         980M (96%)         980M (96%)         898M (88%)    
[9.927s][info][gc,heap     ] GC(42)      Used:      126M (12%)         126M (12%)          46M (4%)           44M (4%)          126M (12%)          44M (4%)     
[9.927s][info][gc,heap     ] GC(42)      Live:         -                32M (3%)           32M (3%)           32M (3%)             -                  -          
[9.927s][info][gc,heap     ] GC(42) Allocated:         -                 0M (0%)            0M (0%)            0M (0%)             -                  -          
[9.927s][info][gc,heap     ] GC(42)   Garbage:         -                93M (9%)           13M (1%)           11M (1%)             -                  -          
[9.927s][info][gc,heap     ] GC(42) Reclaimed:         -                  -                80M (8%)           82M (8%)             -                  -          
[9.927s][info][gc          ] GC(42) Garbage Collection (System.gc()) 126M(12%)->44M(4%)
[10.079s][info][gc,stats    ] === Garbage Collection Statistics =======================================================================================================================
[10.079s][info][gc,stats    ]                                                              Last 10s              Last 10m              Last 10h                Total
[10.079s][info][gc,stats    ]                                                              Avg / Max             Avg / Max             Avg / Max             Avg / Max
[10.079s][info][gc,stats    ]   Collector: Garbage Collection Cycle                     34.222 / 66.002       34.222 / 66.002       34.222 / 66.002       34.222 / 66.002      ms
[10.079s][info][gc,stats    ]  Contention: Mark Segment Reset Contention                     0 / 2                 0 / 2                 0 / 2                 0 / 2           ops/s
[10.079s][info][gc,stats    ]  Contention: Mark SeqNum Reset Contention                      0 / 2                 0 / 2                 0 / 2                 0 / 2           ops/s
[10.079s][info][gc,stats    ]    Critical: Allocation Stall                                  0 / 0                 0 / 0                 0 / 0                 0 / 0           ops/s
[10.079s][info][gc,stats    ]    Critical: Allocation Stall                              0.000 / 0.000         0.000 / 0.000         0.000 / 0.000         0.000 / 0.000       ms
[10.079s][info][gc,stats    ]    Critical: GC Locker Stall                                   0 / 0                 0 / 0                 0 / 0                 0 / 0           ops/s
[10.079s][info][gc,stats    ]    Critical: GC Locker Stall                               0.000 / 0.000         0.000 / 0.000         0.000 / 0.000         0.000 / 0.000       ms
[10.079s][info][gc,stats    ]    Critical: Relocation Stall                                  0 / 0                 0 / 0                 0 / 0                 0 / 0           ops/s
[10.079s][info][gc,stats    ]    Critical: Relocation Stall                              0.000 / 0.000         0.000 / 0.000         0.000 / 0.000         0.000 / 0.000       ms
[10.079s][info][gc,stats    ]      Memory: Allocation Rate                                 361 / 426             361 / 426             361 / 426             361 / 426         MB/s
[10.079s][info][gc,stats    ]      Memory: Out Of Memory                                     0 / 0                 0 / 0                 0 / 0                 0 / 0           ops/s
[10.079s][info][gc,stats    ]      Memory: Page Cache Flush                                  0 / 0                 0 / 0                 0 / 0                 0 / 0           MB/s
[10.079s][info][gc,stats    ]      Memory: Page Cache Hit L1                               181 / 213             181 / 213             181 / 213             181 / 213         ops/s
[10.079s][info][gc,stats    ]      Memory: Page Cache Hit L2                                 0 / 0                 0 / 0                 0 / 0                 0 / 0           ops/s
[10.079s][info][gc,stats    ]      Memory: Page Cache Hit L3                                 8 / 44                8 / 44                8 / 44                8 / 44          ops/s
[10.079s][info][gc,stats    ]      Memory: Page Cache Miss                                   0 / 1                 0 / 1                 0 / 1                 0 / 1           ops/s
[10.079s][info][gc,stats    ]      Memory: Uncommit                                          0 / 0                 0 / 0                 0 / 0                 0 / 0           MB/s
[10.079s][info][gc,stats    ]      Memory: Undo Object Allocation Failed                     0 / 0                 0 / 0                 0 / 0                 0 / 0           ops/s
[10.079s][info][gc,stats    ]      Memory: Undo Object Allocation Succeeded                  0 / 0                 0 / 0                 0 / 0                 0 / 0           ops/s
[10.079s][info][gc,stats    ]      Memory: Undo Page Allocation                              0 / 0                 0 / 0                 0 / 0                 0 / 0           ops/s
[10.079s][info][gc,stats    ]       Phase: Concurrent Mark                              29.285 / 53.581       29.285 / 53.581       29.285 / 53.581       29.285 / 53.581      ms
[10.079s][info][gc,stats    ]       Phase: Concurrent Mark Continue                      0.000 / 0.000         0.000 / 0.000         0.000 / 0.000         0.000 / 0.000       ms
[10.079s][info][gc,stats    ]       Phase: Concurrent Mark Free                          0.002 / 0.004         0.002 / 0.004         0.002 / 0.004         0.002 / 0.004       ms
[10.079s][info][gc,stats    ]       Phase: Concurrent Process Non-Strong References      1.940 / 2.517         1.940 / 2.517         1.940 / 2.517         1.940 / 2.517       ms
[10.079s][info][gc,stats    ]       Phase: Concurrent Relocate                           0.582 / 3.330         0.582 / 3.330         0.582 / 3.330         0.582 / 3.330       ms
[10.079s][info][gc,stats    ]       Phase: Concurrent Reset Relocation Set               0.001 / 0.006         0.001 / 0.006         0.001 / 0.006         0.001 / 0.006       ms
[10.080s][info][gc,stats    ]       Phase: Concurrent Select Relocation Set              1.639 / 6.396         1.639 / 6.396         1.639 / 6.396         1.639 / 6.396       ms
[10.080s][info][gc,stats    ]       Phase: Pause Mark End                                0.021 / 0.033         0.021 / 0.033         0.021 / 0.033         0.021 / 0.033       ms
[10.080s][info][gc,stats    ]       Phase: Pause Mark Start                              0.006 / 0.014         0.006 / 0.014         0.006 / 0.014         0.006 / 0.014       ms
[10.080s][info][gc,stats    ]       Phase: Pause Relocate Start                          0.008 / 0.013         0.008 / 0.013         0.008 / 0.013         0.008 / 0.013       ms
[10.080s][info][gc,stats    ]    Subphase: Concurrent Classes Purge                      0.080 / 0.137         0.080 / 0.137         0.080 / 0.137         0.080 / 0.137       ms
[10.080s][info][gc,stats    ]    Subphase: Concurrent Classes Unlink                     1.344 / 1.864         1.344 / 1.864         1.344 / 1.864         1.344 / 1.864       ms
[10.080s][info][gc,stats    ]    Subphase: Concurrent Mark                              25.200 / 52.934       25.200 / 52.934       25.200 / 52.934       25.200 / 52.934      ms
[10.080s][info][gc,stats    ]    Subphase: Concurrent Mark Try Flush                     0.106 / 0.455         0.106 / 0.455         0.106 / 0.455         0.106 / 0.455       ms
[10.080s][info][gc,stats    ]    Subphase: Concurrent Mark Try Terminate                 4.191 / 16.853        4.191 / 16.853        4.191 / 16.853        4.191 / 16.853      ms
[10.080s][info][gc,stats    ]    Subphase: Concurrent References Enqueue                 0.001 / 0.005         0.001 / 0.005         0.001 / 0.005         0.001 / 0.005       ms
[10.080s][info][gc,stats    ]    Subphase: Concurrent References Process                 0.141 / 0.307         0.141 / 0.307         0.141 / 0.307         0.141 / 0.307       ms
[10.080s][info][gc,stats    ]    Subphase: Concurrent Roots ClassLoaderDataGraph         0.050 / 0.207         0.050 / 0.207         0.050 / 0.207         0.050 / 0.207       ms
[10.080s][info][gc,stats    ]    Subphase: Concurrent Roots CodeCache                    0.000 / 0.000         0.000 / 0.000         0.000 / 0.000         0.000 / 0.000       ms
[10.080s][info][gc,stats    ]    Subphase: Concurrent Roots JavaThreads                  0.240 / 0.610         0.240 / 0.610         0.240 / 0.610         0.240 / 0.610       ms
[10.080s][info][gc,stats    ]    Subphase: Concurrent Roots OopStorageSet                0.012 / 0.041         0.012 / 0.041         0.012 / 0.041         0.012 / 0.041       ms
[10.080s][info][gc,stats    ]    Subphase: Concurrent Weak Roots OopStorageSet           0.221 / 0.324         0.221 / 0.324         0.221 / 0.324         0.221 / 0.324       ms
[10.080s][info][gc,stats    ]    Subphase: Pause Mark Try Complete                       0.000 / 0.000         0.000 / 0.000         0.000 / 0.000         0.000 / 0.000       ms
[10.080s][info][gc,stats    ]      System: Java Threads                                     12 / 13               12 / 13               12 / 13               12 / 13          threads
[10.080s][info][gc,stats    ] =========================================================================================================================================================
[10.105s][info][gc,start    ] GC(43) Garbage Collection (System.gc())
[10.105s][info][gc,task     ] GC(43) Using 2 workers
[10.106s][info][gc,phases   ] GC(43) Pause Mark Start 0.007ms
[10.141s][info][gc,phases   ] GC(43) Concurrent Mark 35.678ms
[10.141s][info][gc,phases   ] GC(43) Pause Mark End 0.020ms
[10.142s][info][gc,phases   ] GC(43) Concurrent Mark Free 0.002ms
[10.143s][info][gc,phases   ] GC(43) Concurrent Process Non-Strong References 1.849ms
[10.143s][info][gc,phases   ] GC(43) Concurrent Reset Relocation Set 0.001ms
[10.145s][info][gc,phases   ] GC(43) Concurrent Select Relocation Set 1.531ms
[10.145s][info][gc,phases   ] GC(43) Pause Relocate Start 0.009ms
[10.146s][info][gc,phases   ] GC(43) Concurrent Relocate 0.578ms
[10.146s][info][gc,load     ] GC(43) Load: 0.00/0.00/0.00
[10.146s][info][gc,mmu      ] GC(43) MMU: 2ms/98.3%, 5ms/99.2%, 10ms/99.6%, 20ms/99.8%, 50ms/99.9%, 100ms/99.9%
[10.146s][info][gc,marking  ] GC(43) Mark: 2 stripe(s), 2 proactive flush(es), 1 terminate flush(es), 0 completion(s), 0 continuation(s) 
[10.146s][info][gc,marking  ] GC(43) Mark Stack Usage: 32M
[10.146s][info][gc,nmethod  ] GC(43) NMethods: 1635 registered, 0 unregistered
[10.146s][info][gc,metaspace] GC(43) Metaspace: 12M used, 12M committed, 1088M reserved
[10.146s][info][gc,ref      ] GC(43) Soft: 291 encountered, 0 discovered, 0 enqueued
[10.146s][info][gc,ref      ] GC(43) Weak: 724 encountered, 66 discovered, 0 enqueued
[10.146s][info][gc,ref      ] GC(43) Final: 0 encountered, 0 discovered, 0 enqueued
[10.146s][info][gc,ref      ] GC(43) Phantom: 33 encountered, 28 discovered, 0 enqueued
[10.146s][info][gc,reloc    ] GC(43) Small Pages: 63 / 126M, Empty: 80M, Relocated: 1M, In-Place: 0
[10.146s][info][gc,reloc    ] GC(43) Medium Pages: 0 / 0M, Empty: 0M, Relocated: 0M, In-Place: 0
[10.146s][info][gc,reloc    ] GC(43) Large Pages: 0 / 0M, Empty: 0M, Relocated: 0M, In-Place: 0
[10.146s][info][gc,reloc    ] GC(43) Forwarding Usage: 0M
[10.146s][info][gc,heap     ] GC(43) Min Capacity: 1024M(100%)
[10.146s][info][gc,heap     ] GC(43) Max Capacity: 1024M(100%)
[10.146s][info][gc,heap     ] GC(43) Soft Max Capacity: 1024M(100%)
[10.146s][info][gc,heap     ] GC(43)                Mark Start          Mark End        Relocate Start      Relocate End           High               Low         
[10.146s][info][gc,heap     ] GC(43)  Capacity:     1024M (100%)       1024M (100%)       1024M (100%)       1024M (100%)       1024M (100%)       1024M (100%)   
[10.146s][info][gc,heap     ] GC(43)      Free:      898M (88%)         898M (88%)         978M (96%)         980M (96%)         980M (96%)         898M (88%)    
[10.146s][info][gc,heap     ] GC(43)      Used:      126M (12%)         126M (12%)          46M (4%)           44M (4%)          126M (12%)          44M (4%)     
[10.146s][info][gc,heap     ] GC(43)      Live:         -                32M (3%)           32M (3%)           32M (3%)             -                  -          
[10.146s][info][gc,heap     ] GC(43) Allocated:         -                 0M (0%)            0M (0%)            0M (0%)             -                  -          
[10.146s][info][gc,heap     ] GC(43)   Garbage:         -                93M (9%)           13M (1%)           11M (1%)             -                  -          
[10.146s][info][gc,heap     ] GC(43) Reclaimed:         -                  -                80M (8%)           82M (8%)             -                  -          
[10.146s][info][gc          ] GC(43) Garbage Collection (System.gc()) 126M(12%)->44M(4%)
[10.324s][info][gc,start    ] GC(44) Garbage Collection (System.gc())
[10.324s][info][gc,task     ] GC(44) Using 2 workers
[10.324s][info][gc,phases   ] GC(44) Pause Mark Start 0.005ms
[10.345s][info][gc,phases   ] GC(44) Concurrent Mark 20.803ms
[10.345s][info][gc,phases   ] GC(44) Pause Mark End 0.018ms
[10.346s][info][gc,phases   ] GC(44) Concurrent Mark Free 0.002ms
[10.348s][info][gc,phases   ] GC(44) Concurrent Process Non-Strong References 2.148ms
[10.348s][info][gc,phases   ] GC(44) Concurrent Reset Relocation Set 0.001ms
[10.349s][info][gc,phases   ] GC(44) Concurrent Select Relocation Set 1.355ms
[10.349s][info][gc,phases   ] GC(44) Pause Relocate Start 0.007ms
[10.350s][info][gc,phases   ] GC(44) Concurrent Relocate 0.421ms
[10.350s][info][gc,load     ] GC(44) Load: 0.00/0.00/0.00
[10.350s][info][gc,mmu      ] GC(44) MMU: 2ms/98.3%, 5ms/99.2%, 10ms/99.6%, 20ms/99.8%, 50ms/99.9%, 100ms/99.9%
[10.350s][info][gc,marking  ] GC(44) Mark: 2 stripe(s), 2 proactive flush(es), 1 terminate flush(es), 0 completion(s), 0 continuation(s) 
[10.350s][info][gc,marking  ] GC(44) Mark Stack Usage: 32M
[10.350s][info][gc,nmethod  ] GC(44) NMethods: 1641 registered, 0 unregistered
[10.350s][info][gc,metaspace] GC(44) Metaspace: 12M used, 12M committed, 1088M reserved
[10.350s][info][gc,ref      ] GC(44) Soft: 291 encountered, 0 discovered, 0 enqueued
[10.350s][info][gc,ref      ] GC(44) Weak: 724 encountered, 491 discovered, 0 enqueued
[10.350s][info][gc,ref      ] GC(44) Final: 0 encountered, 0 discovered, 0 enqueued
[10.350s][info][gc,ref      ] GC(44) Phantom: 33 encountered, 20 discovered, 0 enqueued
[10.350s][info][gc,reloc    ] GC(44) Small Pages: 63 / 126M, Empty: 80M, Relocated: 1M, In-Place: 0
[10.350s][info][gc,reloc    ] GC(44) Medium Pages: 0 / 0M, Empty: 0M, Relocated: 0M, In-Place: 0
[10.350s][info][gc,reloc    ] GC(44) Large Pages: 0 / 0M, Empty: 0M, Relocated: 0M, In-Place: 0
[10.350s][info][gc,reloc    ] GC(44) Forwarding Usage: 0M
[10.350s][info][gc,heap     ] GC(44) Min Capacity: 1024M(100%)
[10.350s][info][gc,heap     ] GC(44) Max Capacity: 1024M(100%)
[10.350s][info][gc,heap     ] GC(44) Soft Max Capacity: 1024M(100%)
[10.350s][info][gc,heap     ] GC(44)                Mark Start          Mark End        Relocate Start      Relocate End           High               Low         
[10.350s][info][gc,heap     ] GC(44)  Capacity:     1024M (100%)       1024M (100%)       1024M (100%)       1024M (100%)       1024M (100%)       1024M (100%)   
[10.350s][info][gc,heap     ] GC(44)      Free:      898M (88%)         898M (88%)         978M (96%)         980M (96%)         980M (96%)         898M (88%)    
[10.350s][info][gc,heap     ] GC(44)      Used:      126M (12%)         126M (12%)          46M (4%)           44M (4%)          126M (12%)          44M (4%)     
[10.350s][info][gc,heap     ] GC(44)      Live:         -                32M (3%)           32M (3%)           32M (3%)             -                  -          
[10.350s][info][gc,heap     ] GC(44) Allocated:         -                 0M (0%)            0M (0%)            0M (0%)             -                  -          
[10.350s][info][gc,heap     ] GC(44)   Garbage:         -                93M (9%)           13M (1%)           11M (1%)             -                  -          
[10.350s][info][gc,heap     ] GC(44) Reclaimed:         -                  -                80M (8%)           82M (8%)             -                  -          
[10.350s][info][gc          ] GC(44) Garbage Collection (System.gc()) 126M(12%)->44M(4%)
[10.527s][info][gc,start    ] GC(45) Garbage Collection (System.gc())
[10.527s][info][gc,task     ] GC(45) Using 2 workers
[10.527s][info][gc,phases   ] GC(45) Pause Mark Start 0.007ms
[10.565s][info][gc,phases   ] GC(45) Concurrent Mark 38.284ms
[10.566s][info][gc,phases   ] GC(45) Pause Mark End 0.020ms
[10.566s][info][gc,phases   ] GC(45) Concurrent Mark Free 0.002ms
[10.568s][info][gc,phases   ] GC(45) Concurrent Process Non-Strong References 2.061ms
[10.568s][info][gc,phases   ] GC(45) Concurrent Reset Relocation Set 0.001ms
[10.570s][info][gc,phases   ] GC(45) Concurrent Select Relocation Set 1.653ms
[10.570s][info][gc,phases   ] GC(45) Pause Relocate Start 0.007ms
[10.570s][info][gc,phases   ] GC(45) Concurrent Relocate 0.448ms
[10.570s][info][gc,load     ] GC(45) Load: 0.00/0.00/0.00
[10.570s][info][gc,mmu      ] GC(45) MMU: 2ms/98.3%, 5ms/99.2%, 10ms/99.6%, 20ms/99.8%, 50ms/99.9%, 100ms/99.9%
[10.570s][info][gc,marking  ] GC(45) Mark: 2 stripe(s), 2 proactive flush(es), 1 terminate flush(es), 0 completion(s), 0 continuation(s) 
[10.570s][info][gc,marking  ] GC(45) Mark Stack Usage: 32M
[10.570s][info][gc,nmethod  ] GC(45) NMethods: 1642 registered, 0 unregistered
[10.570s][info][gc,metaspace] GC(45) Metaspace: 12M used, 12M committed, 1088M reserved
[10.570s][info][gc,ref      ] GC(45) Soft: 291 encountered, 0 discovered, 0 enqueued
[10.570s][info][gc,ref      ] GC(45) Weak: 724 encountered, 523 discovered, 0 enqueued
[10.570s][info][gc,ref      ] GC(45) Final: 0 encountered, 0 discovered, 0 enqueued
[10.570s][info][gc,ref      ] GC(45) Phantom: 33 encountered, 21 discovered, 0 enqueued
[10.570s][info][gc,reloc    ] GC(45) Small Pages: 63 / 126M, Empty: 80M, Relocated: 1M, In-Place: 0
[10.570s][info][gc,reloc    ] GC(45) Medium Pages: 0 / 0M, Empty: 0M, Relocated: 0M, In-Place: 0
[10.570s][info][gc,reloc    ] GC(45) Large Pages: 0 / 0M, Empty: 0M, Relocated: 0M, In-Place: 0
[10.570s][info][gc,reloc    ] GC(45) Forwarding Usage: 0M
[10.570s][info][gc,heap     ] GC(45) Min Capacity: 1024M(100%)
[10.570s][info][gc,heap     ] GC(45) Max Capacity: 1024M(100%)
[10.570s][info][gc,heap     ] GC(45) Soft Max Capacity: 1024M(100%)
[10.570s][info][gc,heap     ] GC(45)                Mark Start          Mark End        Relocate Start      Relocate End           High               Low         
[10.570s][info][gc,heap     ] GC(45)  Capacity:     1024M (100%)       1024M (100%)       1024M (100%)       1024M (100%)       1024M (100%)       1024M (100%)   
[10.570s][info][gc,heap     ] GC(45)      Free:      898M (88%)         898M (88%)         978M (96%)         980M (96%)         980M (96%)         898M (88%)    
[10.570s][info][gc,heap     ] GC(45)      Used:      126M (12%)         126M (12%)          46M (4%)           44M (4%)          126M (12%)          44M (4%)     
[10.570s][info][gc,heap     ] GC(45)      Live:         -                32M (3%)           32M (3%)           32M (3%)             -                  -          
[10.570s][info][gc,heap     ] GC(45) Allocated:         -                 0M (0%)            0M (0%)            0M (0%)             -                  -          
[10.570s][info][gc,heap     ] GC(45)   Garbage:         -                93M (9%)           13M (1%)           11M (1%)             -                  -          
[10.570s][info][gc,heap     ] GC(45) Reclaimed:         -                  -                80M (8%)           82M (8%)             -                  -          
[10.570s][info][gc          ] GC(45) Garbage Collection (System.gc()) 126M(12%)->44M(4%)
[10.749s][info][gc,start    ] GC(46) Garbage Collection (System.gc())
[10.749s][info][gc,task     ] GC(46) Using 2 workers
[10.749s][info][gc,phases   ] GC(46) Pause Mark Start 0.006ms
[10.786s][info][gc,phases   ] GC(46) Concurrent Mark 36.799ms
[10.786s][info][gc,phases   ] GC(46) Pause Mark End 0.029ms
[10.786s][info][gc,phases   ] GC(46) Concurrent Mark Free 0.002ms
[10.789s][info][gc,phases   ] GC(46) Concurrent Process Non-Strong References 2.436ms
[10.789s][info][gc,phases   ] GC(46) Concurrent Reset Relocation Set 0.001ms
[10.790s][info][gc,phases   ] GC(46) Concurrent Select Relocation Set 1.332ms
[10.790s][info][gc,phases   ] GC(46) Pause Relocate Start 0.008ms
[10.791s][info][gc,phases   ] GC(46) Concurrent Relocate 0.639ms
[10.791s][info][gc,load     ] GC(46) Load: 0.00/0.00/0.00
[10.791s][info][gc,mmu      ] GC(46) MMU: 2ms/98.3%, 5ms/99.2%, 10ms/99.6%, 20ms/99.8%, 50ms/99.9%, 100ms/99.9%
[10.791s][info][gc,marking  ] GC(46) Mark: 2 stripe(s), 1 proactive flush(es), 1 terminate flush(es), 0 completion(s), 0 continuation(s) 
[10.791s][info][gc,marking  ] GC(46) Mark Stack Usage: 32M
[10.791s][info][gc,nmethod  ] GC(46) NMethods: 1644 registered, 0 unregistered
[10.791s][info][gc,metaspace] GC(46) Metaspace: 12M used, 12M committed, 1088M reserved
[10.791s][info][gc,ref      ] GC(46) Soft: 291 encountered, 0 discovered, 0 enqueued
[10.791s][info][gc,ref      ] GC(46) Weak: 724 encountered, 556 discovered, 0 enqueued
[10.791s][info][gc,ref      ] GC(46) Final: 0 encountered, 0 discovered, 0 enqueued
[10.791s][info][gc,ref      ] GC(46) Phantom: 33 encountered, 21 discovered, 0 enqueued
[10.791s][info][gc,reloc    ] GC(46) Small Pages: 63 / 126M, Empty: 80M, Relocated: 1M, In-Place: 0
[10.791s][info][gc,reloc    ] GC(46) Medium Pages: 0 / 0M, Empty: 0M, Relocated: 0M, In-Place: 0
[10.791s][info][gc,reloc    ] GC(46) Large Pages: 0 / 0M, Empty: 0M, Relocated: 0M, In-Place: 0
[10.791s][info][gc,reloc    ] GC(46) Forwarding Usage: 0M
[10.791s][info][gc,heap     ] GC(46) Min Capacity: 1024M(100%)
[10.791s][info][gc,heap     ] GC(46) Max Capacity: 1024M(100%)
[10.791s][info][gc,heap     ] GC(46) Soft Max Capacity: 1024M(100%)
[10.791s][info][gc,heap     ] GC(46)                Mark Start          Mark End        Relocate Start      Relocate End           High               Low         
[10.791s][info][gc,heap     ] GC(46)  Capacity:     1024M (100%)       1024M (100%)       1024M (100%)       1024M (100%)       1024M (100%)       1024M (100%)   
[10.791s][info][gc,heap     ] GC(46)      Free:      898M (88%)         898M (88%)         978M (96%)         980M (96%)         980M (96%)         898M (88%)    
[10.791s][info][gc,heap     ] GC(46)      Used:      126M (12%)         126M (12%)          46M (4%)           44M (4%)          126M (12%)          44M (4%)     
[10.791s][info][gc,heap     ] GC(46)      Live:         -                32M (3%)           32M (3%)           32M (3%)             -                  -          
[10.791s][info][gc,heap     ] GC(46) Allocated:         -                 0M (0%)            0M (0%)            0M (0%)             -                  -          
[10.791s][info][gc,heap     ] GC(46)   Garbage:         -                93M (9%)           13M (1%)           11M (1%)             -                  -          
[10.791s][info][gc,heap     ] GC(46) Reclaimed:         -                  -                80M (8%)           82M (8%)             -                  -          
[10.791s][info][gc          ] GC(46) Garbage Collection (System.gc()) 126M(12%)->44M(4%)
[10.970s][info][gc,start    ] GC(47) Garbage Collection (System.gc())
[10.970s][info][gc,task     ] GC(47) Using 2 workers
[10.970s][info][gc,phases   ] GC(47) Pause Mark Start 0.007ms
[10.990s][info][gc,phases   ] GC(47) Concurrent Mark 19.719ms
[10.990s][info][gc,phases   ] GC(47) Pause Mark End 0.018ms
[10.992s][info][gc,phases   ] GC(47) Concurrent Mark Free 0.001ms
[10.994s][info][gc,phases   ] GC(47) Concurrent Process Non-Strong References 1.673ms
[10.994s][info][gc,phases   ] GC(47) Concurrent Reset Relocation Set 0.001ms
[10.995s][info][gc,phases   ] GC(47) Concurrent Select Relocation Set 1.185ms
[10.995s][info][gc,phases   ] GC(47) Pause Relocate Start 0.008ms
[10.996s][info][gc,phases   ] GC(47) Concurrent Relocate 0.359ms
[10.996s][info][gc,load     ] GC(47) Load: 0.00/0.00/0.00
[10.996s][info][gc,mmu      ] GC(47) MMU: 2ms/98.3%, 5ms/99.2%, 10ms/99.6%, 20ms/99.8%, 50ms/99.9%, 100ms/99.9%
[10.996s][info][gc,marking  ] GC(47) Mark: 2 stripe(s), 1 proactive flush(es), 1 terminate flush(es), 0 completion(s), 0 continuation(s) 
[10.996s][info][gc,marking  ] GC(47) Mark Stack Usage: 32M
[10.996s][info][gc,nmethod  ] GC(47) NMethods: 1648 registered, 0 unregistered
[10.996s][info][gc,metaspace] GC(47) Metaspace: 12M used, 12M committed, 1088M reserved
[10.996s][info][gc,ref      ] GC(47) Soft: 291 encountered, 0 discovered, 0 enqueued
[10.996s][info][gc,ref      ] GC(47) Weak: 724 encountered, 7 discovered, 0 enqueued
[10.996s][info][gc,ref      ] GC(47) Final: 0 encountered, 0 discovered, 0 enqueued
[10.996s][info][gc,ref      ] GC(47) Phantom: 33 encountered, 20 discovered, 0 enqueued
[10.996s][info][gc,reloc    ] GC(47) Small Pages: 63 / 126M, Empty: 80M, Relocated: 1M, In-Place: 0
[10.996s][info][gc,reloc    ] GC(47) Medium Pages: 0 / 0M, Empty: 0M, Relocated: 0M, In-Place: 0
[10.996s][info][gc,reloc    ] GC(47) Large Pages: 0 / 0M, Empty: 0M, Relocated: 0M, In-Place: 0
[10.996s][info][gc,reloc    ] GC(47) Forwarding Usage: 0M
[10.996s][info][gc,heap     ] GC(47) Min Capacity: 1024M(100%)
[10.996s][info][gc,heap     ] GC(47) Max Capacity: 1024M(100%)
[10.996s][info][gc,heap     ] GC(47) Soft Max Capacity: 1024M(100%)
[10.996s][info][gc,heap     ] GC(47)                Mark Start          Mark End        Relocate Start      Relocate End           High               Low         
[10.996s][info][gc,heap     ] GC(47)  Capacity:     1024M (100%)       1024M (100%)       1024M (100%)       1024M (100%)       1024M (100%)       1024M (100%)   
[10.996s][info][gc,heap     ] GC(47)      Free:      898M (88%)         898M (88%)         978M (96%)         980M (96%)         980M (96%)         898M (88%)    
[10.996s][info][gc,heap     ] GC(47)      Used:      126M (12%)         126M (12%)          46M (4%)           44M (4%)          126M (12%)          44M (4%)     
[10.996s][info][gc,heap     ] GC(47)      Live:         -                32M (3%)           32M (3%)           32M (3%)             -                  -          
[10.996s][info][gc,heap     ] GC(47) Allocated:         -                 0M (0%)            0M (0%)            0M (0%)             -                  -          
[10.996s][info][gc,heap     ] GC(47)   Garbage:         -                93M (9%)           13M (1%)           11M (1%)             -                  -          
[10.996s][info][gc,heap     ] GC(47) Reclaimed:         -                  -                80M (8%)           82M (8%)             -                  -          
[10.996s][info][gc          ] GC(47) Garbage Collection (System.gc()) 126M(12%)->44M(4%)
[11.174s][info][gc,start    ] GC(48) Garbage Collection (System.gc())
[11.174s][info][gc,task     ] GC(48) Using 2 workers
[11.174s][info][gc,phases   ] GC(48) Pause Mark Start 0.005ms
[11.209s][info][gc,phases   ] GC(48) Concurrent Mark 35.215ms
[11.210s][info][gc,phases   ] GC(48) Pause Mark End 0.015ms
[11.210s][info][gc,phases   ] GC(48) Concurrent Mark Free 0.002ms
[11.212s][info][gc,phases   ] GC(48) Concurrent Process Non-Strong References 1.855ms
[11.212s][info][gc,phases   ] GC(48) Concurrent Reset Relocation Set 0.001ms
[11.213s][info][gc,phases   ] GC(48) Concurrent Select Relocation Set 1.167ms
[11.213s][info][gc,phases   ] GC(48) Pause Relocate Start 0.008ms
[11.214s][info][gc,phases   ] GC(48) Concurrent Relocate 0.570ms
[11.214s][info][gc,load     ] GC(48) Load: 0.00/0.00/0.00
[11.214s][info][gc,mmu      ] GC(48) MMU: 2ms/98.3%, 5ms/99.2%, 10ms/99.6%, 20ms/99.8%, 50ms/99.9%, 100ms/99.9%
[11.214s][info][gc,marking  ] GC(48) Mark: 2 stripe(s), 1 proactive flush(es), 1 terminate flush(es), 0 completion(s), 0 continuation(s) 
[11.214s][info][gc,marking  ] GC(48) Mark Stack Usage: 32M
[11.214s][info][gc,nmethod  ] GC(48) NMethods: 1649 registered, 0 unregistered
[11.214s][info][gc,metaspace] GC(48) Metaspace: 12M used, 12M committed, 1088M reserved
[11.214s][info][gc,ref      ] GC(48) Soft: 291 encountered, 0 discovered, 0 enqueued
[11.214s][info][gc,ref      ] GC(48) Weak: 724 encountered, 507 discovered, 0 enqueued
[11.214s][info][gc,ref      ] GC(48) Final: 0 encountered, 0 discovered, 0 enqueued
[11.214s][info][gc,ref      ] GC(48) Phantom: 33 encountered, 20 discovered, 0 enqueued
[11.214s][info][gc,reloc    ] GC(48) Small Pages: 63 / 126M, Empty: 78M, Relocated: 1M, In-Place: 0
[11.214s][info][gc,reloc    ] GC(48) Medium Pages: 0 / 0M, Empty: 0M, Relocated: 0M, In-Place: 0
[11.214s][info][gc,reloc    ] GC(48) Large Pages: 0 / 0M, Empty: 0M, Relocated: 0M, In-Place: 0
[11.214s][info][gc,reloc    ] GC(48) Forwarding Usage: 0M
[11.214s][info][gc,heap     ] GC(48) Min Capacity: 1024M(100%)
[11.214s][info][gc,heap     ] GC(48) Max Capacity: 1024M(100%)
[11.214s][info][gc,heap     ] GC(48) Soft Max Capacity: 1024M(100%)
[11.214s][info][gc,heap     ] GC(48)                Mark Start          Mark End        Relocate Start      Relocate End           High               Low         
[11.214s][info][gc,heap     ] GC(48)  Capacity:     1024M (100%)       1024M (100%)       1024M (100%)       1024M (100%)       1024M (100%)       1024M (100%)   
[11.214s][info][gc,heap     ] GC(48)      Free:      898M (88%)         898M (88%)         976M (95%)         980M (96%)         980M (96%)         898M (88%)    
[11.214s][info][gc,heap     ] GC(48)      Used:      126M (12%)         126M (12%)          48M (5%)           44M (4%)          126M (12%)          44M (4%)     
[11.214s][info][gc,heap     ] GC(48)      Live:         -                32M (3%)           32M (3%)           32M (3%)             -                  -          
[11.214s][info][gc,heap     ] GC(48) Allocated:         -                 0M (0%)            0M (0%)            0M (0%)             -                  -          
[11.214s][info][gc,heap     ] GC(48)   Garbage:         -                93M (9%)           15M (1%)           11M (1%)             -                  -          
[11.214s][info][gc,heap     ] GC(48) Reclaimed:         -                  -                78M (8%)           82M (8%)             -                  -          
[11.214s][info][gc          ] GC(48) Garbage Collection (System.gc()) 126M(12%)->44M(4%)
[11.394s][info][gc,start    ] GC(49) Garbage Collection (System.gc())
[11.394s][info][gc,task     ] GC(49) Using 2 workers
[11.394s][info][gc,phases   ] GC(49) Pause Mark Start 0.006ms
[11.414s][info][gc,phases   ] GC(49) Concurrent Mark 19.804ms
[11.414s][info][gc,phases   ] GC(49) Pause Mark End 0.018ms
[11.414s][info][gc,phases   ] GC(49) Concurrent Mark Free 0.002ms
[11.416s][info][gc,phases   ] GC(49) Concurrent Process Non-Strong References 2.421ms
[11.416s][info][gc,phases   ] GC(49) Concurrent Reset Relocation Set 0.001ms
[11.418s][info][gc,phases   ] GC(49) Concurrent Select Relocation Set 1.507ms
[11.418s][info][gc,phases   ] GC(49) Pause Relocate Start 0.008ms
[11.418s][info][gc,phases   ] GC(49) Concurrent Relocate 0.363ms
[11.418s][info][gc,load     ] GC(49) Load: 0.00/0.00/0.00
[11.418s][info][gc,mmu      ] GC(49) MMU: 2ms/98.3%, 5ms/99.2%, 10ms/99.6%, 20ms/99.8%, 50ms/99.9%, 100ms/99.9%
[11.418s][info][gc,marking  ] GC(49) Mark: 2 stripe(s), 1 proactive flush(es), 1 terminate flush(es), 0 completion(s), 0 continuation(s) 
[11.418s][info][gc,marking  ] GC(49) Mark Stack Usage: 32M
[11.418s][info][gc,nmethod  ] GC(49) NMethods: 1649 registered, 0 unregistered
[11.418s][info][gc,metaspace] GC(49) Metaspace: 12M used, 12M committed, 1088M reserved
[11.418s][info][gc,ref      ] GC(49) Soft: 291 encountered, 0 discovered, 0 enqueued
[11.418s][info][gc,ref      ] GC(49) Weak: 724 encountered, 81 discovered, 0 enqueued
[11.418s][info][gc,ref      ] GC(49) Final: 0 encountered, 0 discovered, 0 enqueued
[11.418s][info][gc,ref      ] GC(49) Phantom: 33 encountered, 20 discovered, 0 enqueued
[11.418s][info][gc,reloc    ] GC(49) Small Pages: 63 / 126M, Empty: 80M, Relocated: 1M, In-Place: 0
[11.418s][info][gc,reloc    ] GC(49) Medium Pages: 0 / 0M, Empty: 0M, Relocated: 0M, In-Place: 0
[11.418s][info][gc,reloc    ] GC(49) Large Pages: 0 / 0M, Empty: 0M, Relocated: 0M, In-Place: 0
[11.418s][info][gc,reloc    ] GC(49) Forwarding Usage: 0M
[11.419s][info][gc,heap     ] GC(49) Min Capacity: 1024M(100%)
[11.419s][info][gc,heap     ] GC(49) Max Capacity: 1024M(100%)
[11.419s][info][gc,heap     ] GC(49) Soft Max Capacity: 1024M(100%)
[11.419s][info][gc,heap     ] GC(49)                Mark Start          Mark End        Relocate Start      Relocate End           High               Low         
[11.419s][info][gc,heap     ] GC(49)  Capacity:     1024M (100%)       1024M (100%)       1024M (100%)       1024M (100%)       1024M (100%)       1024M (100%)   
[11.419s][info][gc,heap     ] GC(49)      Free:      898M (88%)         898M (88%)         978M (96%)         980M (96%)         980M (96%)         898M (88%)    
[11.419s][info][gc,heap     ] GC(49)      Used:      126M (12%)         126M (12%)          46M (4%)           44M (4%)          126M (12%)          44M (4%)     
[11.419s][info][gc,heap     ] GC(49)      Live:         -                32M (3%)           32M (3%)           32M (3%)             -                  -          
[11.419s][info][gc,heap     ] GC(49) Allocated:         -                 0M (0%)            0M (0%)            0M (0%)             -                  -          
[11.419s][info][gc,heap     ] GC(49)   Garbage:         -                93M (9%)           13M (1%)           11M (1%)             -                  -          
[11.419s][info][gc,heap     ] GC(49) Reclaimed:         -                  -                80M (8%)           82M (8%)             -                  -          
[11.419s][info][gc          ] GC(49) Garbage Collection (System.gc()) 126M(12%)->44M(4%)
[11.596s][info][gc,start    ] GC(50) Garbage Collection (System.gc())
[11.596s][info][gc,task     ] GC(50) Using 2 workers
[11.596s][info][gc,phases   ] GC(50) Pause Mark Start 0.004ms
[11.618s][info][gc,phases   ] GC(50) Concurrent Mark 21.542ms
[11.618s][info][gc,phases   ] GC(50) Pause Mark End 0.017ms
[11.618s][info][gc,phases   ] GC(50) Concurrent Mark Free 0.002ms
[11.620s][info][gc,phases   ] GC(50) Concurrent Process Non-Strong References 2.041ms
[11.620s][info][gc,phases   ] GC(50) Concurrent Reset Relocation Set 0.001ms
[11.622s][info][gc,phases   ] GC(50) Concurrent Select Relocation Set 1.346ms
[11.622s][info][gc,phases   ] GC(50) Pause Relocate Start 0.007ms
[11.622s][info][gc,phases   ] GC(50) Concurrent Relocate 0.392ms
[11.622s][info][gc,load     ] GC(50) Load: 0.00/0.00/0.00
[11.622s][info][gc,mmu      ] GC(50) MMU: 2ms/98.3%, 5ms/99.2%, 10ms/99.6%, 20ms/99.8%, 50ms/99.9%, 100ms/99.9%
[11.622s][info][gc,marking  ] GC(50) Mark: 2 stripe(s), 1 proactive flush(es), 1 terminate flush(es), 0 completion(s), 0 continuation(s) 
[11.622s][info][gc,marking  ] GC(50) Mark Stack Usage: 32M
[11.622s][info][gc,nmethod  ] GC(50) NMethods: 1649 registered, 0 unregistered
[11.622s][info][gc,metaspace] GC(50) Metaspace: 12M used, 12M committed, 1088M reserved
[11.622s][info][gc,ref      ] GC(50) Soft: 291 encountered, 0 discovered, 0 enqueued
[11.622s][info][gc,ref      ] GC(50) Weak: 724 encountered, 10 discovered, 0 enqueued
[11.622s][info][gc,ref      ] GC(50) Final: 0 encountered, 0 discovered, 0 enqueued
[11.622s][info][gc,ref      ] GC(50) Phantom: 33 encountered, 21 discovered, 0 enqueued
[11.622s][info][gc,reloc    ] GC(50) Small Pages: 63 / 126M, Empty: 80M, Relocated: 1M, In-Place: 0
[11.622s][info][gc,reloc    ] GC(50) Medium Pages: 0 / 0M, Empty: 0M, Relocated: 0M, In-Place: 0
[11.622s][info][gc,reloc    ] GC(50) Large Pages: 0 / 0M, Empty: 0M, Relocated: 0M, In-Place: 0
[11.622s][info][gc,reloc    ] GC(50) Forwarding Usage: 0M
[11.622s][info][gc,heap     ] GC(50) Min Capacity: 1024M(100%)
[11.622s][info][gc,heap     ] GC(50) Max Capacity: 1024M(100%)
[11.622s][info][gc,heap     ] GC(50) Soft Max Capacity: 1024M(100%)
[11.622s][info][gc,heap     ] GC(50)                Mark Start          Mark End        Relocate Start      Relocate End           High               Low         
[11.622s][info][gc,heap     ] GC(50)  Capacity:     1024M (100%)       1024M (100%)       1024M (100%)       1024M (100%)       1024M (100%)       1024M (100%)   
[11.622s][info][gc,heap     ] GC(50)      Free:      898M (88%)         898M (88%)         978M (96%)         980M (96%)         980M (96%)         898M (88%)    
[11.622s][info][gc,heap     ] GC(50)      Used:      126M (12%)         126M (12%)          46M (4%)           44M (4%)          126M (12%)          44M (4%)     
[11.622s][info][gc,heap     ] GC(50)      Live:         -                32M (3%)           32M (3%)           32M (3%)             -                  -          
[11.622s][info][gc,heap     ] GC(50) Allocated:         -                 0M (0%)            0M (0%)            0M (0%)             -                  -          
[11.622s][info][gc,heap     ] GC(50)   Garbage:         -                93M (9%)           13M (1%)           11M (1%)             -                  -          
[11.622s][info][gc,heap     ] GC(50) Reclaimed:         -                  -                80M (8%)           82M (8%)             -                  -          
[11.622s][info][gc          ] GC(50) Garbage Collection (System.gc()) 126M(12%)->44M(4%)
[11.801s][info][gc,start    ] GC(51) Garbage Collection (System.gc())
[11.801s][info][gc,task     ] GC(51) Using 2 workers
[11.801s][info][gc,phases   ] GC(51) Pause Mark Start 0.005ms
[11.838s][info][gc,phases   ] GC(51) Concurrent Mark 36.287ms
[11.838s][info][gc,phases   ] GC(51) Pause Mark End 0.023ms
[11.838s][info][gc,phases   ] GC(51) Concurrent Mark Free 0.002ms
[11.840s][info][gc,phases   ] GC(51) Concurrent Process Non-Strong References 2.100ms
[11.840s][info][gc,phases   ] GC(51) Concurrent Reset Relocation Set 0.001ms
[11.842s][info][gc,phases   ] GC(51) Concurrent Select Relocation Set 1.725ms
[11.842s][info][gc,phases   ] GC(51) Pause Relocate Start 0.010ms
[11.843s][info][gc,phases   ] GC(51) Concurrent Relocate 0.660ms
[11.843s][info][gc,load     ] GC(51) Load: 0.00/0.00/0.00
[11.843s][info][gc,mmu      ] GC(51) MMU: 2ms/98.3%, 5ms/99.2%, 10ms/99.6%, 20ms/99.8%, 50ms/99.9%, 100ms/99.9%
[11.843s][info][gc,marking  ] GC(51) Mark: 2 stripe(s), 2 proactive flush(es), 1 terminate flush(es), 0 completion(s), 0 continuation(s) 
[11.843s][info][gc,marking  ] GC(51) Mark Stack Usage: 32M
[11.843s][info][gc,nmethod  ] GC(51) NMethods: 1649 registered, 0 unregistered
[11.843s][info][gc,metaspace] GC(51) Metaspace: 12M used, 12M committed, 1088M reserved
[11.843s][info][gc,ref      ] GC(51) Soft: 291 encountered, 0 discovered, 0 enqueued
[11.843s][info][gc,ref      ] GC(51) Weak: 724 encountered, 522 discovered, 0 enqueued
[11.843s][info][gc,ref      ] GC(51) Final: 0 encountered, 0 discovered, 0 enqueued
[11.843s][info][gc,ref      ] GC(51) Phantom: 33 encountered, 22 discovered, 0 enqueued
[11.843s][info][gc,reloc    ] GC(51) Small Pages: 63 / 126M, Empty: 80M, Relocated: 1M, In-Place: 0
[11.843s][info][gc,reloc    ] GC(51) Medium Pages: 0 / 0M, Empty: 0M, Relocated: 0M, In-Place: 0
[11.843s][info][gc,reloc    ] GC(51) Large Pages: 0 / 0M, Empty: 0M, Relocated: 0M, In-Place: 0
[11.843s][info][gc,reloc    ] GC(51) Forwarding Usage: 0M
[11.843s][info][gc,heap     ] GC(51) Min Capacity: 1024M(100%)
[11.843s][info][gc,heap     ] GC(51) Max Capacity: 1024M(100%)
[11.843s][info][gc,heap     ] GC(51) Soft Max Capacity: 1024M(100%)
[11.843s][info][gc,heap     ] GC(51)                Mark Start          Mark End        Relocate Start      Relocate End           High               Low         
[11.843s][info][gc,heap     ] GC(51)  Capacity:     1024M (100%)       1024M (100%)       1024M (100%)       1024M (100%)       1024M (100%)       1024M (100%)   
[11.843s][info][gc,heap     ] GC(51)      Free:      898M (88%)         898M (88%)         978M (96%)         980M (96%)         980M (96%)         898M (88%)    
[11.843s][info][gc,heap     ] GC(51)      Used:      126M (12%)         126M (12%)          46M (4%)           44M (4%)          126M (12%)          44M (4%)     
[11.843s][info][gc,heap     ] GC(51)      Live:         -                32M (3%)           32M (3%)           32M (3%)             -                  -          
[11.843s][info][gc,heap     ] GC(51) Allocated:         -                 0M (0%)            0M (0%)            0M (0%)             -                  -          
[11.843s][info][gc,heap     ] GC(51)   Garbage:         -                93M (9%)           13M (1%)           11M (1%)             -                  -          
[11.843s][info][gc,heap     ] GC(51) Reclaimed:         -                  -                80M (8%)           82M (8%)             -                  -          
[11.843s][info][gc          ] GC(51) Garbage Collection (System.gc()) 126M(12%)->44M(4%)
[12.021s][info][gc,start    ] GC(52) Garbage Collection (System.gc())
[12.021s][info][gc,task     ] GC(52) Using 2 workers
[12.021s][info][gc,phases   ] GC(52) Pause Mark Start 0.007ms
[12.041s][info][gc,phases   ] GC(52) Concurrent Mark 19.820ms
[12.041s][info][gc,phases   ] GC(52) Pause Mark End 0.016ms
[12.042s][info][gc,phases   ] GC(52) Concurrent Mark Free 0.001ms
[12.043s][info][gc,phases   ] GC(52) Concurrent Process Non-Strong References 1.632ms
[12.043s][info][gc,phases   ] GC(52) Concurrent Reset Relocation Set 0.001ms
[12.045s][info][gc,phases   ] GC(52) Concurrent Select Relocation Set 1.871ms
[12.045s][info][gc,phases   ] GC(52) Pause Relocate Start 0.010ms
[12.046s][info][gc,phases   ] GC(52) Concurrent Relocate 0.588ms
[12.046s][info][gc,load     ] GC(52) Load: 0.00/0.00/0.00
[12.046s][info][gc,mmu      ] GC(52) MMU: 2ms/98.3%, 5ms/99.2%, 10ms/99.6%, 20ms/99.8%, 50ms/99.9%, 100ms/99.9%
[12.046s][info][gc,marking  ] GC(52) Mark: 2 stripe(s), 2 proactive flush(es), 1 terminate flush(es), 0 completion(s), 0 continuation(s) 
[12.046s][info][gc,marking  ] GC(52) Mark Stack Usage: 32M
[12.046s][info][gc,nmethod  ] GC(52) NMethods: 1653 registered, 0 unregistered
[12.046s][info][gc,metaspace] GC(52) Metaspace: 12M used, 12M committed, 1088M reserved
[12.046s][info][gc,ref      ] GC(52) Soft: 291 encountered, 0 discovered, 0 enqueued
[12.046s][info][gc,ref      ] GC(52) Weak: 724 encountered, 547 discovered, 0 enqueued
[12.046s][info][gc,ref      ] GC(52) Final: 0 encountered, 0 discovered, 0 enqueued
[12.046s][info][gc,ref      ] GC(52) Phantom: 33 encountered, 20 discovered, 0 enqueued
[12.046s][info][gc,reloc    ] GC(52) Small Pages: 63 / 126M, Empty: 80M, Relocated: 1M, In-Place: 0
[12.046s][info][gc,reloc    ] GC(52) Medium Pages: 0 / 0M, Empty: 0M, Relocated: 0M, In-Place: 0
[12.046s][info][gc,reloc    ] GC(52) Large Pages: 0 / 0M, Empty: 0M, Relocated: 0M, In-Place: 0
[12.046s][info][gc,reloc    ] GC(52) Forwarding Usage: 0M
[12.046s][info][gc,heap     ] GC(52) Min Capacity: 1024M(100%)
[12.046s][info][gc,heap     ] GC(52) Max Capacity: 1024M(100%)
[12.046s][info][gc,heap     ] GC(52) Soft Max Capacity: 1024M(100%)
[12.046s][info][gc,heap     ] GC(52)                Mark Start          Mark End        Relocate Start      Relocate End           High               Low         
[12.046s][info][gc,heap     ] GC(52)  Capacity:     1024M (100%)       1024M (100%)       1024M (100%)       1024M (100%)       1024M (100%)       1024M (100%)   
[12.046s][info][gc,heap     ] GC(52)      Free:      898M (88%)         898M (88%)         978M (96%)         980M (96%)         980M (96%)         898M (88%)    
[12.046s][info][gc,heap     ] GC(52)      Used:      126M (12%)         126M (12%)          46M (4%)           44M (4%)          126M (12%)          44M (4%)     
[12.046s][info][gc,heap     ] GC(52)      Live:         -                32M (3%)           32M (3%)           32M (3%)             -                  -          
[12.046s][info][gc,heap     ] GC(52) Allocated:         -                 0M (0%)            0M (0%)            0M (0%)             -                  -          
[12.046s][info][gc,heap     ] GC(52)   Garbage:         -                93M (9%)           13M (1%)           11M (1%)             -                  -          
[12.046s][info][gc,heap     ] GC(52) Reclaimed:         -                  -                80M (8%)           82M (8%)             -                  -          
[12.046s][info][gc          ] GC(52) Garbage Collection (System.gc()) 126M(12%)->44M(4%)
[12.223s][info][gc,start    ] GC(53) Garbage Collection (System.gc())
[12.223s][info][gc,task     ] GC(53) Using 2 workers
[12.223s][info][gc,phases   ] GC(53) Pause Mark Start 0.005ms
[12.245s][info][gc,phases   ] GC(53) Concurrent Mark 22.066ms
[12.245s][info][gc,phases   ] GC(53) Pause Mark End 0.020ms
[12.246s][info][gc,phases   ] GC(53) Concurrent Mark Free 0.003ms
[12.248s][info][gc,phases   ] GC(53) Concurrent Process Non-Strong References 2.457ms
[12.248s][info][gc,phases   ] GC(53) Concurrent Reset Relocation Set 0.001ms
[12.249s][info][gc,phases   ] GC(53) Concurrent Select Relocation Set 1.182ms
[12.249s][info][gc,phases   ] GC(53) Pause Relocate Start 0.007ms
[12.250s][info][gc,phases   ] GC(53) Concurrent Relocate 0.582ms
[12.250s][info][gc,load     ] GC(53) Load: 0.00/0.00/0.00
[12.250s][info][gc,mmu      ] GC(53) MMU: 2ms/98.3%, 5ms/99.2%, 10ms/99.6%, 20ms/99.8%, 50ms/99.9%, 100ms/99.9%
[12.250s][info][gc,marking  ] GC(53) Mark: 2 stripe(s), 1 proactive flush(es), 1 terminate flush(es), 0 completion(s), 0 continuation(s) 
[12.250s][info][gc,marking  ] GC(53) Mark Stack Usage: 32M
[12.250s][info][gc,nmethod  ] GC(53) NMethods: 1653 registered, 0 unregistered
[12.250s][info][gc,metaspace] GC(53) Metaspace: 12M used, 12M committed, 1088M reserved
[12.250s][info][gc,ref      ] GC(53) Soft: 291 encountered, 0 discovered, 0 enqueued
[12.250s][info][gc,ref      ] GC(53) Weak: 724 encountered, 3 discovered, 0 enqueued
[12.250s][info][gc,ref      ] GC(53) Final: 0 encountered, 0 discovered, 0 enqueued
[12.250s][info][gc,ref      ] GC(53) Phantom: 33 encountered, 28 discovered, 0 enqueued
[12.250s][info][gc,reloc    ] GC(53) Small Pages: 63 / 126M, Empty: 80M, Relocated: 1M, In-Place: 0
[12.250s][info][gc,reloc    ] GC(53) Medium Pages: 0 / 0M, Empty: 0M, Relocated: 0M, In-Place: 0
[12.250s][info][gc,reloc    ] GC(53) Large Pages: 0 / 0M, Empty: 0M, Relocated: 0M, In-Place: 0
[12.250s][info][gc,reloc    ] GC(53) Forwarding Usage: 0M
[12.250s][info][gc,heap     ] GC(53) Min Capacity: 1024M(100%)
[12.250s][info][gc,heap     ] GC(53) Max Capacity: 1024M(100%)
[12.250s][info][gc,heap     ] GC(53) Soft Max Capacity: 1024M(100%)
[12.250s][info][gc,heap     ] GC(53)                Mark Start          Mark End        Relocate Start      Relocate End           High               Low         
[12.250s][info][gc,heap     ] GC(53)  Capacity:     1024M (100%)       1024M (100%)       1024M (100%)       1024M (100%)       1024M (100%)       1024M (100%)   
[12.250s][info][gc,heap     ] GC(53)      Free:      898M (88%)         898M (88%)         978M (96%)         980M (96%)         980M (96%)         898M (88%)    
[12.250s][info][gc,heap     ] GC(53)      Used:      126M (12%)         126M (12%)          46M (4%)           44M (4%)          126M (12%)          44M (4%)     
[12.250s][info][gc,heap     ] GC(53)      Live:         -                32M (3%)           32M (3%)           32M (3%)             -                  -          
[12.250s][info][gc,heap     ] GC(53) Allocated:         -                 0M (0%)            0M (0%)            0M (0%)             -                  -          
[12.250s][info][gc,heap     ] GC(53)   Garbage:         -                93M (9%)           13M (1%)           11M (1%)             -                  -          
[12.250s][info][gc,heap     ] GC(53) Reclaimed:         -                  -                80M (8%)           82M (8%)             -                  -          
[12.250s][info][gc          ] GC(53) Garbage Collection (System.gc()) 126M(12%)->44M(4%)
[12.430s][info][gc,start    ] GC(54) Garbage Collection (System.gc())
[12.430s][info][gc,task     ] GC(54) Using 2 workers
[12.430s][info][gc,phases   ] GC(54) Pause Mark Start 0.005ms
[12.465s][info][gc,phases   ] GC(54) Concurrent Mark 34.839ms
[12.465s][info][gc,phases   ] GC(54) Pause Mark End 0.020ms
[12.465s][info][gc,phases   ] GC(54) Concurrent Mark Free 0.001ms
[12.468s][info][gc,phases   ] GC(54) Concurrent Process Non-Strong References 2.364ms
[12.468s][info][gc,phases   ] GC(54) Concurrent Reset Relocation Set 0.001ms
[12.469s][info][gc,phases   ] GC(54) Concurrent Select Relocation Set 1.445ms
[12.469s][info][gc,phases   ] GC(54) Pause Relocate Start 0.007ms
[12.470s][info][gc,phases   ] GC(54) Concurrent Relocate 0.480ms
[12.470s][info][gc,load     ] GC(54) Load: 0.00/0.00/0.00
[12.470s][info][gc,mmu      ] GC(54) MMU: 2ms/98.3%, 5ms/99.2%, 10ms/99.6%, 20ms/99.8%, 50ms/99.9%, 100ms/99.9%
[12.470s][info][gc,marking  ] GC(54) Mark: 2 stripe(s), 1 proactive flush(es), 1 terminate flush(es), 0 completion(s), 0 continuation(s) 
[12.470s][info][gc,marking  ] GC(54) Mark Stack Usage: 32M
[12.470s][info][gc,nmethod  ] GC(54) NMethods: 1654 registered, 0 unregistered
[12.470s][info][gc,metaspace] GC(54) Metaspace: 12M used, 12M committed, 1088M reserved
[12.470s][info][gc,ref      ] GC(54) Soft: 291 encountered, 0 discovered, 0 enqueued
[12.470s][info][gc,ref      ] GC(54) Weak: 724 encountered, 512 discovered, 0 enqueued
[12.470s][info][gc,ref      ] GC(54) Final: 0 encountered, 0 discovered, 0 enqueued
[12.470s][info][gc,ref      ] GC(54) Phantom: 33 encountered, 20 discovered, 0 enqueued
[12.470s][info][gc,reloc    ] GC(54) Small Pages: 63 / 126M, Empty: 80M, Relocated: 1M, In-Place: 0
[12.470s][info][gc,reloc    ] GC(54) Medium Pages: 0 / 0M, Empty: 0M, Relocated: 0M, In-Place: 0
[12.470s][info][gc,reloc    ] GC(54) Large Pages: 0 / 0M, Empty: 0M, Relocated: 0M, In-Place: 0
[12.470s][info][gc,reloc    ] GC(54) Forwarding Usage: 0M
[12.470s][info][gc,heap     ] GC(54) Min Capacity: 1024M(100%)
[12.470s][info][gc,heap     ] GC(54) Max Capacity: 1024M(100%)
[12.470s][info][gc,heap     ] GC(54) Soft Max Capacity: 1024M(100%)
[12.470s][info][gc,heap     ] GC(54)                Mark Start          Mark End        Relocate Start      Relocate End           High               Low         
[12.470s][info][gc,heap     ] GC(54)  Capacity:     1024M (100%)       1024M (100%)       1024M (100%)       1024M (100%)       1024M (100%)       1024M (100%)   
[12.470s][info][gc,heap     ] GC(54)      Free:      898M (88%)         898M (88%)         978M (96%)         980M (96%)         980M (96%)         898M (88%)    
[12.470s][info][gc,heap     ] GC(54)      Used:      126M (12%)         126M (12%)          46M (4%)           44M (4%)          126M (12%)          44M (4%)     
[12.470s][info][gc,heap     ] GC(54)      Live:         -                32M (3%)           32M (3%)           32M (3%)             -                  -          
[12.470s][info][gc,heap     ] GC(54) Allocated:         -                 0M (0%)            0M (0%)            0M (0%)             -                  -          
[12.470s][info][gc,heap     ] GC(54)   Garbage:         -                93M (9%)           13M (1%)           11M (1%)             -                  -          
[12.470s][info][gc,heap     ] GC(54) Reclaimed:         -                  -                80M (8%)           82M (8%)             -                  -          
[12.470s][info][gc          ] GC(54) Garbage Collection (System.gc()) 126M(12%)->44M(4%)
[12.649s][info][gc,start    ] GC(55) Garbage Collection (System.gc())
[12.649s][info][gc,task     ] GC(55) Using 2 workers
[12.649s][info][gc,phases   ] GC(55) Pause Mark Start 0.011ms
[12.685s][info][gc,phases   ] GC(55) Concurrent Mark 35.554ms
[12.685s][info][gc,phases   ] GC(55) Pause Mark End 0.014ms
[12.685s][info][gc,phases   ] GC(55) Concurrent Mark Free 0.001ms
[12.687s][info][gc,phases   ] GC(55) Concurrent Process Non-Strong References 1.640ms
[12.687s][info][gc,phases   ] GC(55) Concurrent Reset Relocation Set 0.001ms
[12.688s][info][gc,phases   ] GC(55) Concurrent Select Relocation Set 1.601ms
[12.688s][info][gc,phases   ] GC(55) Pause Relocate Start 0.008ms
[12.689s][info][gc,phases   ] GC(55) Concurrent Relocate 0.366ms
[12.689s][info][gc,load     ] GC(55) Load: 0.00/0.00/0.00
[12.689s][info][gc,mmu      ] GC(55) MMU: 2ms/98.3%, 5ms/99.2%, 10ms/99.6%, 20ms/99.8%, 50ms/99.9%, 100ms/99.9%
[12.689s][info][gc,marking  ] GC(55) Mark: 2 stripe(s), 3 proactive flush(es), 1 terminate flush(es), 0 completion(s), 0 continuation(s) 
[12.689s][info][gc,marking  ] GC(55) Mark Stack Usage: 32M
[12.689s][info][gc,nmethod  ] GC(55) NMethods: 1656 registered, 0 unregistered
[12.689s][info][gc,metaspace] GC(55) Metaspace: 12M used, 12M committed, 1088M reserved
[12.689s][info][gc,ref      ] GC(55) Soft: 291 encountered, 0 discovered, 0 enqueued
[12.689s][info][gc,ref      ] GC(55) Weak: 724 encountered, 504 discovered, 0 enqueued
[12.689s][info][gc,ref      ] GC(55) Final: 0 encountered, 0 discovered, 0 enqueued
[12.689s][info][gc,ref      ] GC(55) Phantom: 33 encountered, 22 discovered, 0 enqueued
[12.689s][info][gc,reloc    ] GC(55) Small Pages: 63 / 126M, Empty: 80M, Relocated: 1M, In-Place: 0
[12.689s][info][gc,reloc    ] GC(55) Medium Pages: 0 / 0M, Empty: 0M, Relocated: 0M, In-Place: 0
[12.689s][info][gc,reloc    ] GC(55) Large Pages: 0 / 0M, Empty: 0M, Relocated: 0M, In-Place: 0
[12.689s][info][gc,reloc    ] GC(55) Forwarding Usage: 0M
[12.689s][info][gc,heap     ] GC(55) Min Capacity: 1024M(100%)
[12.689s][info][gc,heap     ] GC(55) Max Capacity: 1024M(100%)
[12.689s][info][gc,heap     ] GC(55) Soft Max Capacity: 1024M(100%)
[12.689s][info][gc,heap     ] GC(55)                Mark Start          Mark End        Relocate Start      Relocate End           High               Low         
[12.689s][info][gc,heap     ] GC(55)  Capacity:     1024M (100%)       1024M (100%)       1024M (100%)       1024M (100%)       1024M (100%)       1024M (100%)   
[12.689s][info][gc,heap     ] GC(55)      Free:      898M (88%)         898M (88%)         978M (96%)         980M (96%)         980M (96%)         898M (88%)    
[12.689s][info][gc,heap     ] GC(55)      Used:      126M (12%)         126M (12%)          46M (4%)           44M (4%)          126M (12%)          44M (4%)     
[12.689s][info][gc,heap     ] GC(55)      Live:         -                32M (3%)           32M (3%)           32M (3%)             -                  -          
[12.689s][info][gc,heap     ] GC(55) Allocated:         -                 0M (0%)            0M (0%)            0M (0%)             -                  -          
[12.689s][info][gc,heap     ] GC(55)   Garbage:         -                93M (9%)           13M (1%)           11M (1%)             -                  -          
[12.689s][info][gc,heap     ] GC(55) Reclaimed:         -                  -                80M (8%)           82M (8%)             -                  -          
[12.689s][info][gc          ] GC(55) Garbage Collection (System.gc()) 126M(12%)->44M(4%)
[12.868s][info][gc,start    ] GC(56) Garbage Collection (System.gc())
[12.868s][info][gc,task     ] GC(56) Using 2 workers
[12.868s][info][gc,phases   ] GC(56) Pause Mark Start 0.007ms
[12.905s][info][gc,phases   ] GC(56) Concurrent Mark 36.354ms
[12.905s][info][gc,phases   ] GC(56) Pause Mark End 0.027ms
[12.905s][info][gc,phases   ] GC(56) Concurrent Mark Free 0.004ms
[12.908s][info][gc,phases   ] GC(56) Concurrent Process Non-Strong References 2.239ms
[12.908s][info][gc,phases   ] GC(56) Concurrent Reset Relocation Set 0.001ms
[12.909s][info][gc,phases   ] GC(56) Concurrent Select Relocation Set 1.656ms
[12.909s][info][gc,phases   ] GC(56) Pause Relocate Start 0.007ms
[12.910s][info][gc,phases   ] GC(56) Concurrent Relocate 0.944ms
[12.910s][info][gc,load     ] GC(56) Load: 0.00/0.00/0.00
[12.910s][info][gc,mmu      ] GC(56) MMU: 2ms/98.3%, 5ms/99.2%, 10ms/99.6%, 20ms/99.8%, 50ms/99.9%, 100ms/99.9%
[12.910s][info][gc,marking  ] GC(56) Mark: 2 stripe(s), 1 proactive flush(es), 1 terminate flush(es), 0 completion(s), 0 continuation(s) 
[12.910s][info][gc,marking  ] GC(56) Mark Stack Usage: 32M
[12.910s][info][gc,nmethod  ] GC(56) NMethods: 1657 registered, 0 unregistered
[12.910s][info][gc,metaspace] GC(56) Metaspace: 12M used, 12M committed, 1088M reserved
[12.910s][info][gc,ref      ] GC(56) Soft: 291 encountered, 0 discovered, 0 enqueued
[12.910s][info][gc,ref      ] GC(56) Weak: 724 encountered, 511 discovered, 0 enqueued
[12.910s][info][gc,ref      ] GC(56) Final: 0 encountered, 0 discovered, 0 enqueued
[12.910s][info][gc,ref      ] GC(56) Phantom: 33 encountered, 22 discovered, 0 enqueued
[12.910s][info][gc,reloc    ] GC(56) Small Pages: 63 / 126M, Empty: 80M, Relocated: 1M, In-Place: 0
[12.910s][info][gc,reloc    ] GC(56) Medium Pages: 0 / 0M, Empty: 0M, Relocated: 0M, In-Place: 0
[12.910s][info][gc,reloc    ] GC(56) Large Pages: 0 / 0M, Empty: 0M, Relocated: 0M, In-Place: 0
[12.910s][info][gc,reloc    ] GC(56) Forwarding Usage: 0M
[12.910s][info][gc,heap     ] GC(56) Min Capacity: 1024M(100%)
[12.910s][info][gc,heap     ] GC(56) Max Capacity: 1024M(100%)
[12.910s][info][gc,heap     ] GC(56) Soft Max Capacity: 1024M(100%)
[12.910s][info][gc,heap     ] GC(56)                Mark Start          Mark End        Relocate Start      Relocate End           High               Low         
[12.910s][info][gc,heap     ] GC(56)  Capacity:     1024M (100%)       1024M (100%)       1024M (100%)       1024M (100%)       1024M (100%)       1024M (100%)   
[12.910s][info][gc,heap     ] GC(56)      Free:      898M (88%)         898M (88%)         978M (96%)         980M (96%)         980M (96%)         898M (88%)    
[12.910s][info][gc,heap     ] GC(56)      Used:      126M (12%)         126M (12%)          46M (4%)           44M (4%)          126M (12%)          44M (4%)     
[12.910s][info][gc,heap     ] GC(56)      Live:         -                32M (3%)           32M (3%)           32M (3%)             -                  -          
[12.911s][info][gc,heap     ] GC(56) Allocated:         -                 0M (0%)            0M (0%)            0M (0%)             -                  -          
[12.911s][info][gc,heap     ] GC(56)   Garbage:         -                93M (9%)           13M (1%)           11M (1%)             -                  -          
[12.911s][info][gc,heap     ] GC(56) Reclaimed:         -                  -                80M (8%)           82M (8%)             -                  -          
[12.911s][info][gc          ] GC(56) Garbage Collection (System.gc()) 126M(12%)->44M(4%)
[13.090s][info][gc,start    ] GC(57) Garbage Collection (System.gc())
[13.090s][info][gc,task     ] GC(57) Using 2 workers
[13.090s][info][gc,phases   ] GC(57) Pause Mark Start 0.006ms
[13.109s][info][gc,phases   ] GC(57) Concurrent Mark 19.013ms
[13.109s][info][gc,phases   ] GC(57) Pause Mark End 0.013ms
[13.109s][info][gc,phases   ] GC(57) Concurrent Mark Free 0.001ms
[13.111s][info][gc,phases   ] GC(57) Concurrent Process Non-Strong References 1.893ms
[13.111s][info][gc,phases   ] GC(57) Concurrent Reset Relocation Set 0.001ms
[13.113s][info][gc,phases   ] GC(57) Concurrent Select Relocation Set 1.357ms
[13.113s][info][gc,phases   ] GC(57) Pause Relocate Start 0.007ms
[13.113s][info][gc,phases   ] GC(57) Concurrent Relocate 0.709ms
[13.114s][info][gc,load     ] GC(57) Load: 0.00/0.00/0.00
[13.114s][info][gc,mmu      ] GC(57) MMU: 2ms/98.3%, 5ms/99.2%, 10ms/99.6%, 20ms/99.8%, 50ms/99.9%, 100ms/99.9%
[13.114s][info][gc,marking  ] GC(57) Mark: 2 stripe(s), 2 proactive flush(es), 1 terminate flush(es), 0 completion(s), 0 continuation(s) 
[13.114s][info][gc,marking  ] GC(57) Mark Stack Usage: 32M
[13.114s][info][gc,nmethod  ] GC(57) NMethods: 1660 registered, 0 unregistered
[13.114s][info][gc,metaspace] GC(57) Metaspace: 12M used, 12M committed, 1088M reserved
[13.114s][info][gc,ref      ] GC(57) Soft: 291 encountered, 0 discovered, 0 enqueued
[13.114s][info][gc,ref      ] GC(57) Weak: 724 encountered, 3 discovered, 0 enqueued
[13.114s][info][gc,ref      ] GC(57) Final: 0 encountered, 0 discovered, 0 enqueued
[13.114s][info][gc,ref      ] GC(57) Phantom: 33 encountered, 29 discovered, 0 enqueued
[13.114s][info][gc,reloc    ] GC(57) Small Pages: 63 / 126M, Empty: 80M, Relocated: 1M, In-Place: 0
[13.114s][info][gc,reloc    ] GC(57) Medium Pages: 0 / 0M, Empty: 0M, Relocated: 0M, In-Place: 0
[13.114s][info][gc,reloc    ] GC(57) Large Pages: 0 / 0M, Empty: 0M, Relocated: 0M, In-Place: 0
[13.114s][info][gc,reloc    ] GC(57) Forwarding Usage: 0M
[13.114s][info][gc,heap     ] GC(57) Min Capacity: 1024M(100%)
[13.114s][info][gc,heap     ] GC(57) Max Capacity: 1024M(100%)
[13.114s][info][gc,heap     ] GC(57) Soft Max Capacity: 1024M(100%)
[13.114s][info][gc,heap     ] GC(57)                Mark Start          Mark End        Relocate Start      Relocate End           High               Low         
[13.114s][info][gc,heap     ] GC(57)  Capacity:     1024M (100%)       1024M (100%)       1024M (100%)       1024M (100%)       1024M (100%)       1024M (100%)   
[13.114s][info][gc,heap     ] GC(57)      Free:      898M (88%)         898M (88%)         978M (96%)         980M (96%)         980M (96%)         898M (88%)    
[13.114s][info][gc,heap     ] GC(57)      Used:      126M (12%)         126M (12%)          46M (4%)           44M (4%)          126M (12%)          44M (4%)     
[13.114s][info][gc,heap     ] GC(57)      Live:         -                32M (3%)           32M (3%)           32M (3%)             -                  -          
[13.114s][info][gc,heap     ] GC(57) Allocated:         -                 0M (0%)            0M (0%)            0M (0%)             -                  -          
[13.114s][info][gc,heap     ] GC(57)   Garbage:         -                93M (9%)           13M (1%)           11M (1%)             -                  -          
[13.114s][info][gc,heap     ] GC(57) Reclaimed:         -                  -                80M (8%)           82M (8%)             -                  -          
[13.114s][info][gc          ] GC(57) Garbage Collection (System.gc()) 126M(12%)->44M(4%)
[13.291s][info][gc,start    ] GC(58) Garbage Collection (System.gc())
[13.291s][info][gc,task     ] GC(58) Using 2 workers
[13.291s][info][gc,phases   ] GC(58) Pause Mark Start 0.005ms
[13.313s][info][gc,phases   ] GC(58) Concurrent Mark 22.094ms
[13.313s][info][gc,phases   ] GC(58) Pause Mark End 0.023ms
[13.314s][info][gc,phases   ] GC(58) Concurrent Mark Free 0.004ms
[13.316s][info][gc,phases   ] GC(58) Concurrent Process Non-Strong References 2.372ms
[13.316s][info][gc,phases   ] GC(58) Concurrent Reset Relocation Set 0.001ms
[13.318s][info][gc,phases   ] GC(58) Concurrent Select Relocation Set 1.653ms
[13.318s][info][gc,phases   ] GC(58) Pause Relocate Start 0.007ms
[13.318s][info][gc,phases   ] GC(58) Concurrent Relocate 0.623ms
[13.318s][info][gc,load     ] GC(58) Load: 0.00/0.00/0.00
[13.318s][info][gc,mmu      ] GC(58) MMU: 2ms/98.3%, 5ms/99.2%, 10ms/99.6%, 20ms/99.8%, 50ms/99.9%, 100ms/99.9%
[13.318s][info][gc,marking  ] GC(58) Mark: 2 stripe(s), 1 proactive flush(es), 1 terminate flush(es), 0 completion(s), 0 continuation(s) 
[13.318s][info][gc,marking  ] GC(58) Mark Stack Usage: 32M
[13.318s][info][gc,nmethod  ] GC(58) NMethods: 1661 registered, 0 unregistered
[13.318s][info][gc,metaspace] GC(58) Metaspace: 12M used, 12M committed, 1088M reserved
[13.318s][info][gc,ref      ] GC(58) Soft: 291 encountered, 0 discovered, 0 enqueued
[13.318s][info][gc,ref      ] GC(58) Weak: 724 encountered, 558 discovered, 0 enqueued
[13.318s][info][gc,ref      ] GC(58) Final: 0 encountered, 0 discovered, 0 enqueued
[13.319s][info][gc,ref      ] GC(58) Phantom: 33 encountered, 21 discovered, 0 enqueued
[13.319s][info][gc,reloc    ] GC(58) Small Pages: 63 / 126M, Empty: 80M, Relocated: 1M, In-Place: 0
[13.319s][info][gc,reloc    ] GC(58) Medium Pages: 0 / 0M, Empty: 0M, Relocated: 0M, In-Place: 0
[13.319s][info][gc,reloc    ] GC(58) Large Pages: 0 / 0M, Empty: 0M, Relocated: 0M, In-Place: 0
[13.319s][info][gc,reloc    ] GC(58) Forwarding Usage: 0M
[13.319s][info][gc,heap     ] GC(58) Min Capacity: 1024M(100%)
[13.319s][info][gc,heap     ] GC(58) Max Capacity: 1024M(100%)
[13.319s][info][gc,heap     ] GC(58) Soft Max Capacity: 1024M(100%)
[13.319s][info][gc,heap     ] GC(58)                Mark Start          Mark End        Relocate Start      Relocate End           High               Low         
[13.319s][info][gc,heap     ] GC(58)  Capacity:     1024M (100%)       1024M (100%)       1024M (100%)       1024M (100%)       1024M (100%)       1024M (100%)   
[13.319s][info][gc,heap     ] GC(58)      Free:      898M (88%)         898M (88%)         978M (96%)         980M (96%)         980M (96%)         898M (88%)    
[13.319s][info][gc,heap     ] GC(58)      Used:      126M (12%)         126M (12%)          46M (4%)           44M (4%)          126M (12%)          44M (4%)     
[13.319s][info][gc,heap     ] GC(58)      Live:         -                32M (3%)           32M (3%)           32M (3%)             -                  -          
[13.319s][info][gc,heap     ] GC(58) Allocated:         -                 0M (0%)            0M (0%)            0M (0%)             -                  -          
[13.319s][info][gc,heap     ] GC(58)   Garbage:         -                93M (9%)           13M (1%)           11M (1%)             -                  -          
[13.319s][info][gc,heap     ] GC(58) Reclaimed:         -                  -                80M (8%)           82M (8%)             -                  -          
[13.319s][info][gc          ] GC(58) Garbage Collection (System.gc()) 126M(12%)->44M(4%)
[13.497s][info][gc,start    ] GC(59) Garbage Collection (System.gc())
[13.497s][info][gc,task     ] GC(59) Using 2 workers
[13.497s][info][gc,phases   ] GC(59) Pause Mark Start 0.005ms
[13.519s][info][gc,phases   ] GC(59) Concurrent Mark 21.462ms
[13.519s][info][gc,phases   ] GC(59) Pause Mark End 0.018ms
[13.519s][info][gc,phases   ] GC(59) Concurrent Mark Free 0.001ms
[13.521s][info][gc,phases   ] GC(59) Concurrent Process Non-Strong References 1.832ms
[13.521s][info][gc,phases   ] GC(59) Concurrent Reset Relocation Set 0.002ms
[13.523s][info][gc,phases   ] GC(59) Concurrent Select Relocation Set 1.467ms
[13.523s][info][gc,phases   ] GC(59) Pause Relocate Start 0.010ms
[13.523s][info][gc,phases   ] GC(59) Concurrent Relocate 0.769ms
[13.523s][info][gc,load     ] GC(59) Load: 0.00/0.00/0.00
[13.523s][info][gc,mmu      ] GC(59) MMU: 2ms/98.3%, 5ms/99.2%, 10ms/99.6%, 20ms/99.8%, 50ms/99.9%, 100ms/99.9%
[13.523s][info][gc,marking  ] GC(59) Mark: 2 stripe(s), 1 proactive flush(es), 1 terminate flush(es), 0 completion(s), 0 continuation(s) 
[13.523s][info][gc,marking  ] GC(59) Mark Stack Usage: 32M
[13.523s][info][gc,nmethod  ] GC(59) NMethods: 1666 registered, 0 unregistered
[13.523s][info][gc,metaspace] GC(59) Metaspace: 12M used, 12M committed, 1088M reserved
[13.523s][info][gc,ref      ] GC(59) Soft: 291 encountered, 0 discovered, 0 enqueued
[13.524s][info][gc,ref      ] GC(59) Weak: 724 encountered, 15 discovered, 0 enqueued
[13.524s][info][gc,ref      ] GC(59) Final: 0 encountered, 0 discovered, 0 enqueued
[13.524s][info][gc,ref      ] GC(59) Phantom: 33 encountered, 21 discovered, 0 enqueued
[13.524s][info][gc,reloc    ] GC(59) Small Pages: 63 / 126M, Empty: 76M, Relocated: 1M, In-Place: 0
[13.524s][info][gc,reloc    ] GC(59) Medium Pages: 0 / 0M, Empty: 0M, Relocated: 0M, In-Place: 0
[13.524s][info][gc,reloc    ] GC(59) Large Pages: 0 / 0M, Empty: 0M, Relocated: 0M, In-Place: 0
[13.524s][info][gc,reloc    ] GC(59) Forwarding Usage: 0M
[13.524s][info][gc,heap     ] GC(59) Min Capacity: 1024M(100%)
[13.524s][info][gc,heap     ] GC(59) Max Capacity: 1024M(100%)
[13.524s][info][gc,heap     ] GC(59) Soft Max Capacity: 1024M(100%)
[13.524s][info][gc,heap     ] GC(59)                Mark Start          Mark End        Relocate Start      Relocate End           High               Low         
[13.524s][info][gc,heap     ] GC(59)  Capacity:     1024M (100%)       1024M (100%)       1024M (100%)       1024M (100%)       1024M (100%)       1024M (100%)   
[13.524s][info][gc,heap     ] GC(59)      Free:      898M (88%)         898M (88%)         974M (95%)         980M (96%)         980M (96%)         898M (88%)    
[13.524s][info][gc,heap     ] GC(59)      Used:      126M (12%)         126M (12%)          50M (5%)           44M (4%)          126M (12%)          44M (4%)     
[13.524s][info][gc,heap     ] GC(59)      Live:         -                32M (3%)           32M (3%)           32M (3%)             -                  -          
[13.524s][info][gc,heap     ] GC(59) Allocated:         -                 0M (0%)            0M (0%)            0M (0%)             -                  -          
[13.524s][info][gc,heap     ] GC(59)   Garbage:         -                93M (9%)           17M (2%)           11M (1%)             -                  -          
[13.524s][info][gc,heap     ] GC(59) Reclaimed:         -                  -                76M (7%)           82M (8%)             -                  -          
[13.524s][info][gc          ] GC(59) Garbage Collection (System.gc()) 126M(12%)->44M(4%)
[13.700s][info][gc,start    ] GC(60) Garbage Collection (System.gc())
[13.701s][info][gc,task     ] GC(60) Using 2 workers
[13.701s][info][gc,phases   ] GC(60) Pause Mark Start 0.005ms
[13.738s][info][gc,phases   ] GC(60) Concurrent Mark 37.650ms
[13.738s][info][gc,phases   ] GC(60) Pause Mark End 0.022ms
[13.739s][info][gc,phases   ] GC(60) Concurrent Mark Free 0.003ms
[13.741s][info][gc,phases   ] GC(60) Concurrent Process Non-Strong References 1.985ms
[13.741s][info][gc,phases   ] GC(60) Concurrent Reset Relocation Set 0.001ms
[13.742s][info][gc,phases   ] GC(60) Concurrent Select Relocation Set 1.514ms
[13.742s][info][gc,phases   ] GC(60) Pause Relocate Start 0.010ms
[13.743s][info][gc,phases   ] GC(60) Concurrent Relocate 0.585ms
[13.743s][info][gc,load     ] GC(60) Load: 0.00/0.00/0.00
[13.743s][info][gc,mmu      ] GC(60) MMU: 2ms/98.3%, 5ms/99.2%, 10ms/99.6%, 20ms/99.8%, 50ms/99.9%, 100ms/99.9%
[13.743s][info][gc,marking  ] GC(60) Mark: 2 stripe(s), 4 proactive flush(es), 1 terminate flush(es), 0 completion(s), 0 continuation(s) 
[13.743s][info][gc,marking  ] GC(60) Mark Stack Usage: 32M
[13.743s][info][gc,nmethod  ] GC(60) NMethods: 1667 registered, 0 unregistered
[13.743s][info][gc,metaspace] GC(60) Metaspace: 12M used, 12M committed, 1088M reserved
[13.743s][info][gc,ref      ] GC(60) Soft: 291 encountered, 0 discovered, 0 enqueued
[13.743s][info][gc,ref      ] GC(60) Weak: 724 encountered, 486 discovered, 0 enqueued
[13.743s][info][gc,ref      ] GC(60) Final: 0 encountered, 0 discovered, 0 enqueued
[13.743s][info][gc,ref      ] GC(60) Phantom: 33 encountered, 21 discovered, 0 enqueued
[13.743s][info][gc,reloc    ] GC(60) Small Pages: 63 / 126M, Empty: 80M, Relocated: 1M, In-Place: 0
[13.743s][info][gc,reloc    ] GC(60) Medium Pages: 0 / 0M, Empty: 0M, Relocated: 0M, In-Place: 0
[13.743s][info][gc,reloc    ] GC(60) Large Pages: 0 / 0M, Empty: 0M, Relocated: 0M, In-Place: 0
[13.743s][info][gc,reloc    ] GC(60) Forwarding Usage: 0M
[13.743s][info][gc,heap     ] GC(60) Min Capacity: 1024M(100%)
[13.743s][info][gc,heap     ] GC(60) Max Capacity: 1024M(100%)
[13.743s][info][gc,heap     ] GC(60) Soft Max Capacity: 1024M(100%)
[13.743s][info][gc,heap     ] GC(60)                Mark Start          Mark End        Relocate Start      Relocate End           High               Low         
[13.743s][info][gc,heap     ] GC(60)  Capacity:     1024M (100%)       1024M (100%)       1024M (100%)       1024M (100%)       1024M (100%)       1024M (100%)   
[13.743s][info][gc,heap     ] GC(60)      Free:      898M (88%)         898M (88%)         978M (96%)         980M (96%)         980M (96%)         898M (88%)    
[13.743s][info][gc,heap     ] GC(60)      Used:      126M (12%)         126M (12%)          46M (4%)           44M (4%)          126M (12%)          44M (4%)     
[13.743s][info][gc,heap     ] GC(60)      Live:         -                32M (3%)           32M (3%)           32M (3%)             -                  -          
[13.743s][info][gc,heap     ] GC(60) Allocated:         -                 0M (0%)            0M (0%)            0M (0%)             -                  -          
[13.743s][info][gc,heap     ] GC(60)   Garbage:         -                93M (9%)           13M (1%)           11M (1%)             -                  -          
[13.743s][info][gc,heap     ] GC(60) Reclaimed:         -                  -                80M (8%)           82M (8%)             -                  -          
[13.743s][info][gc          ] GC(60) Garbage Collection (System.gc()) 126M(12%)->44M(4%)
[13.921s][info][gc,start    ] GC(61) Garbage Collection (System.gc())
[13.922s][info][gc,task     ] GC(61) Using 2 workers
[13.922s][info][gc,phases   ] GC(61) Pause Mark Start 0.005ms
[13.943s][info][gc,phases   ] GC(61) Concurrent Mark 21.247ms
[13.943s][info][gc,phases   ] GC(61) Pause Mark End 0.015ms
[13.943s][info][gc,phases   ] GC(61) Concurrent Mark Free 0.002ms
[13.945s][info][gc,phases   ] GC(61) Concurrent Process Non-Strong References 1.943ms
[13.945s][info][gc,phases   ] GC(61) Concurrent Reset Relocation Set 0.001ms
[13.947s][info][gc,phases   ] GC(61) Concurrent Select Relocation Set 1.651ms
[13.947s][info][gc,phases   ] GC(61) Pause Relocate Start 0.010ms
[13.948s][info][gc,phases   ] GC(61) Concurrent Relocate 0.945ms
[13.948s][info][gc,load     ] GC(61) Load: 0.00/0.00/0.00
[13.948s][info][gc,mmu      ] GC(61) MMU: 2ms/98.3%, 5ms/99.2%, 10ms/99.6%, 20ms/99.8%, 50ms/99.9%, 100ms/99.9%
[13.948s][info][gc,marking  ] GC(61) Mark: 2 stripe(s), 1 proactive flush(es), 1 terminate flush(es), 0 completion(s), 0 continuation(s) 
[13.948s][info][gc,marking  ] GC(61) Mark Stack Usage: 32M
[13.948s][info][gc,nmethod  ] GC(61) NMethods: 1668 registered, 0 unregistered
[13.948s][info][gc,metaspace] GC(61) Metaspace: 12M used, 12M committed, 1088M reserved
[13.948s][info][gc,ref      ] GC(61) Soft: 291 encountered, 0 discovered, 0 enqueued
[13.948s][info][gc,ref      ] GC(61) Weak: 724 encountered, 80 discovered, 0 enqueued
[13.948s][info][gc,ref      ] GC(61) Final: 0 encountered, 0 discovered, 0 enqueued
[13.948s][info][gc,ref      ] GC(61) Phantom: 33 encountered, 21 discovered, 0 enqueued
[13.948s][info][gc,reloc    ] GC(61) Small Pages: 63 / 126M, Empty: 80M, Relocated: 1M, In-Place: 0
[13.948s][info][gc,reloc    ] GC(61) Medium Pages: 0 / 0M, Empty: 0M, Relocated: 0M, In-Place: 0
[13.948s][info][gc,reloc    ] GC(61) Large Pages: 0 / 0M, Empty: 0M, Relocated: 0M, In-Place: 0
[13.948s][info][gc,reloc    ] GC(61) Forwarding Usage: 0M
[13.948s][info][gc,heap     ] GC(61) Min Capacity: 1024M(100%)
[13.948s][info][gc,heap     ] GC(61) Max Capacity: 1024M(100%)
[13.948s][info][gc,heap     ] GC(61) Soft Max Capacity: 1024M(100%)
[13.948s][info][gc,heap     ] GC(61)                Mark Start          Mark End        Relocate Start      Relocate End           High               Low         
[13.948s][info][gc,heap     ] GC(61)  Capacity:     1024M (100%)       1024M (100%)       1024M (100%)       1024M (100%)       1024M (100%)       1024M (100%)   
[13.948s][info][gc,heap     ] GC(61)      Free:      898M (88%)         898M (88%)         978M (96%)         980M (96%)         980M (96%)         898M (88%)    
[13.948s][info][gc,heap     ] GC(61)      Used:      126M (12%)         126M (12%)          46M (4%)           44M (4%)          126M (12%)          44M (4%)     
[13.948s][info][gc,heap     ] GC(61)      Live:         -                32M (3%)           32M (3%)           32M (3%)             -                  -          
[13.948s][info][gc,heap     ] GC(61) Allocated:         -                 0M (0%)            0M (0%)            0M (0%)             -                  -          
[13.948s][info][gc,heap     ] GC(61)   Garbage:         -                93M (9%)           13M (1%)           11M (1%)             -                  -          
[13.948s][info][gc,heap     ] GC(61) Reclaimed:         -                  -                80M (8%)           82M (8%)             -                  -          
[13.948s][info][gc          ] GC(61) Garbage Collection (System.gc()) 126M(12%)->44M(4%)
[14.127s][info][gc,start    ] GC(62) Garbage Collection (System.gc())
[14.127s][info][gc,task     ] GC(62) Using 2 workers
[14.127s][info][gc,phases   ] GC(62) Pause Mark Start 0.008ms
[14.147s][info][gc,phases   ] GC(62) Concurrent Mark 19.899ms
[14.147s][info][gc,phases   ] GC(62) Pause Mark End 0.016ms
[14.147s][info][gc,phases   ] GC(62) Concurrent Mark Free 0.003ms
[14.149s][info][gc,phases   ] GC(62) Concurrent Process Non-Strong References 1.858ms
[14.149s][info][gc,phases   ] GC(62) Concurrent Reset Relocation Set 0.001ms
[14.150s][info][gc,phases   ] GC(62) Concurrent Select Relocation Set 1.451ms
[14.150s][info][gc,phases   ] GC(62) Pause Relocate Start 0.010ms
[14.151s][info][gc,phases   ] GC(62) Concurrent Relocate 0.374ms
[14.151s][info][gc,load     ] GC(62) Load: 0.00/0.00/0.00
[14.151s][info][gc,mmu      ] GC(62) MMU: 2ms/98.3%, 5ms/99.2%, 10ms/99.6%, 20ms/99.8%, 50ms/99.9%, 100ms/99.9%
[14.151s][info][gc,marking  ] GC(62) Mark: 2 stripe(s), 1 proactive flush(es), 1 terminate flush(es), 0 completion(s), 0 continuation(s) 
[14.151s][info][gc,marking  ] GC(62) Mark Stack Usage: 32M
[14.151s][info][gc,nmethod  ] GC(62) NMethods: 1672 registered, 0 unregistered
[14.151s][info][gc,metaspace] GC(62) Metaspace: 12M used, 12M committed, 1088M reserved
[14.151s][info][gc,ref      ] GC(62) Soft: 291 encountered, 0 discovered, 0 enqueued
[14.151s][info][gc,ref      ] GC(62) Weak: 724 encountered, 3 discovered, 0 enqueued
[14.151s][info][gc,ref      ] GC(62) Final: 0 encountered, 0 discovered, 0 enqueued
[14.151s][info][gc,ref      ] GC(62) Phantom: 33 encountered, 29 discovered, 0 enqueued
[14.151s][info][gc,reloc    ] GC(62) Small Pages: 63 / 126M, Empty: 80M, Relocated: 1M, In-Place: 0
[14.151s][info][gc,reloc    ] GC(62) Medium Pages: 0 / 0M, Empty: 0M, Relocated: 0M, In-Place: 0
[14.151s][info][gc,reloc    ] GC(62) Large Pages: 0 / 0M, Empty: 0M, Relocated: 0M, In-Place: 0
[14.151s][info][gc,reloc    ] GC(62) Forwarding Usage: 0M
[14.151s][info][gc,heap     ] GC(62) Min Capacity: 1024M(100%)
[14.151s][info][gc,heap     ] GC(62) Max Capacity: 1024M(100%)
[14.151s][info][gc,heap     ] GC(62) Soft Max Capacity: 1024M(100%)
[14.151s][info][gc,heap     ] GC(62)                Mark Start          Mark End        Relocate Start      Relocate End           High               Low         
[14.151s][info][gc,heap     ] GC(62)  Capacity:     1024M (100%)       1024M (100%)       1024M (100%)       1024M (100%)       1024M (100%)       1024M (100%)   
[14.151s][info][gc,heap     ] GC(62)      Free:      898M (88%)         898M (88%)         978M (96%)         980M (96%)         980M (96%)         898M (88%)    
[14.151s][info][gc,heap     ] GC(62)      Used:      126M (12%)         126M (12%)          46M (4%)           44M (4%)          126M (12%)          44M (4%)     
[14.151s][info][gc,heap     ] GC(62)      Live:         -                32M (3%)           32M (3%)           32M (3%)             -                  -          
[14.151s][info][gc,heap     ] GC(62) Allocated:         -                 0M (0%)            0M (0%)            0M (0%)             -                  -          
[14.151s][info][gc,heap     ] GC(62)   Garbage:         -                93M (9%)           13M (1%)           11M (1%)             -                  -          
[14.151s][info][gc,heap     ] GC(62) Reclaimed:         -                  -                80M (8%)           82M (8%)             -                  -          
[14.151s][info][gc          ] GC(62) Garbage Collection (System.gc()) 126M(12%)->44M(4%)
[14.329s][info][gc,start    ] GC(63) Garbage Collection (System.gc())
[14.329s][info][gc,task     ] GC(63) Using 2 workers
[14.329s][info][gc,phases   ] GC(63) Pause Mark Start 0.004ms
[14.367s][info][gc,phases   ] GC(63) Concurrent Mark 38.180ms
[14.367s][info][gc,phases   ] GC(63) Pause Mark End 0.023ms
[14.367s][info][gc,phases   ] GC(63) Concurrent Mark Free 0.003ms
[14.370s][info][gc,phases   ] GC(63) Concurrent Process Non-Strong References 2.407ms
[14.370s][info][gc,phases   ] GC(63) Concurrent Reset Relocation Set 0.001ms
[14.372s][info][gc,phases   ] GC(63) Concurrent Select Relocation Set 1.664ms
[14.372s][info][gc,phases   ] GC(63) Pause Relocate Start 0.010ms
[14.372s][info][gc,phases   ] GC(63) Concurrent Relocate 0.576ms
[14.372s][info][gc,load     ] GC(63) Load: 0.00/0.00/0.00
[14.372s][info][gc,mmu      ] GC(63) MMU: 2ms/98.3%, 5ms/99.2%, 10ms/99.6%, 20ms/99.8%, 50ms/99.9%, 100ms/99.9%
[14.372s][info][gc,marking  ] GC(63) Mark: 2 stripe(s), 4 proactive flush(es), 1 terminate flush(es), 0 completion(s), 0 continuation(s) 
[14.372s][info][gc,marking  ] GC(63) Mark Stack Usage: 32M
[14.372s][info][gc,nmethod  ] GC(63) NMethods: 1679 registered, 0 unregistered
[14.372s][info][gc,metaspace] GC(63) Metaspace: 12M used, 12M committed, 1088M reserved
[14.372s][info][gc,ref      ] GC(63) Soft: 291 encountered, 0 discovered, 0 enqueued
[14.372s][info][gc,ref      ] GC(63) Weak: 724 encountered, 480 discovered, 0 enqueued
[14.372s][info][gc,ref      ] GC(63) Final: 0 encountered, 0 discovered, 0 enqueued
[14.372s][info][gc,ref      ] GC(63) Phantom: 33 encountered, 20 discovered, 0 enqueued
[14.372s][info][gc,reloc    ] GC(63) Small Pages: 63 / 126M, Empty: 80M, Relocated: 1M, In-Place: 0
[14.372s][info][gc,reloc    ] GC(63) Medium Pages: 0 / 0M, Empty: 0M, Relocated: 0M, In-Place: 0
[14.372s][info][gc,reloc    ] GC(63) Large Pages: 0 / 0M, Empty: 0M, Relocated: 0M, In-Place: 0
[14.372s][info][gc,reloc    ] GC(63) Forwarding Usage: 0M
[14.372s][info][gc,heap     ] GC(63) Min Capacity: 1024M(100%)
[14.372s][info][gc,heap     ] GC(63) Max Capacity: 1024M(100%)
[14.372s][info][gc,heap     ] GC(63) Soft Max Capacity: 1024M(100%)
[14.372s][info][gc,heap     ] GC(63)                Mark Start          Mark End        Relocate Start      Relocate End           High               Low         
[14.372s][info][gc,heap     ] GC(63)  Capacity:     1024M (100%)       1024M (100%)       1024M (100%)       1024M (100%)       1024M (100%)       1024M (100%)   
[14.372s][info][gc,heap     ] GC(63)      Free:      898M (88%)         898M (88%)         978M (96%)         980M (96%)         980M (96%)         898M (88%)    
[14.372s][info][gc,heap     ] GC(63)      Used:      126M (12%)         126M (12%)          46M (4%)           44M (4%)          126M (12%)          44M (4%)     
[14.372s][info][gc,heap     ] GC(63)      Live:         -                32M (3%)           32M (3%)           32M (3%)             -                  -          
[14.372s][info][gc,heap     ] GC(63) Allocated:         -                 0M (0%)            0M (0%)            0M (0%)             -                  -          
[14.372s][info][gc,heap     ] GC(63)   Garbage:         -                93M (9%)           13M (1%)           11M (1%)             -                  -          
[14.372s][info][gc,heap     ] GC(63) Reclaimed:         -                  -                80M (8%)           82M (8%)             -                  -          
[14.372s][info][gc          ] GC(63) Garbage Collection (System.gc()) 126M(12%)->44M(4%)
[14.551s][info][gc,start    ] GC(64) Garbage Collection (System.gc())
[14.551s][info][gc,task     ] GC(64) Using 2 workers
[14.551s][info][gc,phases   ] GC(64) Pause Mark Start 0.008ms
[14.571s][info][gc,phases   ] GC(64) Concurrent Mark 19.997ms
[14.571s][info][gc,phases   ] GC(64) Pause Mark End 0.017ms
[14.571s][info][gc,phases   ] GC(64) Concurrent Mark Free 0.001ms
[14.573s][info][gc,phases   ] GC(64) Concurrent Process Non-Strong References 1.971ms
[14.573s][info][gc,phases   ] GC(64) Concurrent Reset Relocation Set 0.001ms
[14.575s][info][gc,phases   ] GC(64) Concurrent Select Relocation Set 1.653ms
[14.575s][info][gc,phases   ] GC(64) Pause Relocate Start 0.010ms
[14.575s][info][gc,phases   ] GC(64) Concurrent Relocate 0.376ms
[14.575s][info][gc,load     ] GC(64) Load: 0.00/0.00/0.00
[14.575s][info][gc,mmu      ] GC(64) MMU: 2ms/98.3%, 5ms/99.2%, 10ms/99.6%, 20ms/99.8%, 50ms/99.9%, 100ms/99.9%
[14.575s][info][gc,marking  ] GC(64) Mark: 2 stripe(s), 1 proactive flush(es), 1 terminate flush(es), 0 completion(s), 0 continuation(s) 
[14.575s][info][gc,marking  ] GC(64) Mark Stack Usage: 32M
[14.575s][info][gc,nmethod  ] GC(64) NMethods: 1683 registered, 0 unregistered
[14.575s][info][gc,metaspace] GC(64) Metaspace: 12M used, 12M committed, 1088M reserved
[14.575s][info][gc,ref      ] GC(64) Soft: 291 encountered, 0 discovered, 0 enqueued
[14.575s][info][gc,ref      ] GC(64) Weak: 724 encountered, 553 discovered, 0 enqueued
[14.575s][info][gc,ref      ] GC(64) Final: 0 encountered, 0 discovered, 0 enqueued
[14.575s][info][gc,ref      ] GC(64) Phantom: 33 encountered, 20 discovered, 0 enqueued
[14.575s][info][gc,reloc    ] GC(64) Small Pages: 63 / 126M, Empty: 80M, Relocated: 1M, In-Place: 0
[14.575s][info][gc,reloc    ] GC(64) Medium Pages: 0 / 0M, Empty: 0M, Relocated: 0M, In-Place: 0
[14.575s][info][gc,reloc    ] GC(64) Large Pages: 0 / 0M, Empty: 0M, Relocated: 0M, In-Place: 0
[14.575s][info][gc,reloc    ] GC(64) Forwarding Usage: 0M
[14.575s][info][gc,heap     ] GC(64) Min Capacity: 1024M(100%)
[14.575s][info][gc,heap     ] GC(64) Max Capacity: 1024M(100%)
[14.575s][info][gc,heap     ] GC(64) Soft Max Capacity: 1024M(100%)
[14.575s][info][gc,heap     ] GC(64)                Mark Start          Mark End        Relocate Start      Relocate End           High               Low         
[14.575s][info][gc,heap     ] GC(64)  Capacity:     1024M (100%)       1024M (100%)       1024M (100%)       1024M (100%)       1024M (100%)       1024M (100%)   
[14.575s][info][gc,heap     ] GC(64)      Free:      898M (88%)         898M (88%)         978M (96%)         980M (96%)         980M (96%)         898M (88%)    
[14.575s][info][gc,heap     ] GC(64)      Used:      126M (12%)         126M (12%)          46M (4%)           44M (4%)          126M (12%)          44M (4%)     
[14.576s][info][gc,heap     ] GC(64)      Live:         -                32M (3%)           32M (3%)           32M (3%)             -                  -          
[14.576s][info][gc,heap     ] GC(64) Allocated:         -                 0M (0%)            0M (0%)            0M (0%)             -                  -          
[14.576s][info][gc,heap     ] GC(64)   Garbage:         -                93M (9%)           13M (1%)           11M (1%)             -                  -          
[14.576s][info][gc,heap     ] GC(64) Reclaimed:         -                  -                80M (8%)           82M (8%)             -                  -          
[14.576s][info][gc          ] GC(64) Garbage Collection (System.gc()) 126M(12%)->44M(4%)
[14.754s][info][gc,start    ] GC(65) Garbage Collection (System.gc())
[14.754s][info][gc,task     ] GC(65) Using 2 workers
[14.754s][info][gc,phases   ] GC(65) Pause Mark Start 0.004ms
[14.775s][info][gc,phases   ] GC(65) Concurrent Mark 20.741ms
[14.775s][info][gc,phases   ] GC(65) Pause Mark End 0.017ms
[14.775s][info][gc,phases   ] GC(65) Concurrent Mark Free 0.002ms
[14.777s][info][gc,phases   ] GC(65) Concurrent Process Non-Strong References 1.931ms
[14.777s][info][gc,phases   ] GC(65) Concurrent Reset Relocation Set 0.001ms
[14.778s][info][gc,phases   ] GC(65) Concurrent Select Relocation Set 1.460ms
[14.779s][info][gc,phases   ] GC(65) Pause Relocate Start 0.010ms
[14.779s][info][gc,phases   ] GC(65) Concurrent Relocate 0.366ms
[14.779s][info][gc,load     ] GC(65) Load: 0.00/0.00/0.00
[14.779s][info][gc,mmu      ] GC(65) MMU: 2ms/98.3%, 5ms/99.2%, 10ms/99.6%, 20ms/99.8%, 50ms/99.9%, 100ms/99.9%
[14.779s][info][gc,marking  ] GC(65) Mark: 2 stripe(s), 2 proactive flush(es), 1 terminate flush(es), 0 completion(s), 0 continuation(s) 
[14.779s][info][gc,marking  ] GC(65) Mark Stack Usage: 32M
[14.779s][info][gc,nmethod  ] GC(65) NMethods: 1691 registered, 0 unregistered
[14.779s][info][gc,metaspace] GC(65) Metaspace: 12M used, 12M committed, 1088M reserved
[14.779s][info][gc,ref      ] GC(65) Soft: 291 encountered, 0 discovered, 0 enqueued
[14.779s][info][gc,ref      ] GC(65) Weak: 724 encountered, 57 discovered, 0 enqueued
[14.779s][info][gc,ref      ] GC(65) Final: 0 encountered, 0 discovered, 0 enqueued
[14.779s][info][gc,ref      ] GC(65) Phantom: 33 encountered, 21 discovered, 0 enqueued
[14.779s][info][gc,reloc    ] GC(65) Small Pages: 64 / 128M, Empty: 80M, Relocated: 1M, In-Place: 0
[14.779s][info][gc,reloc    ] GC(65) Medium Pages: 0 / 0M, Empty: 0M, Relocated: 0M, In-Place: 0
[14.779s][info][gc,reloc    ] GC(65) Large Pages: 0 / 0M, Empty: 0M, Relocated: 0M, In-Place: 0
[14.779s][info][gc,reloc    ] GC(65) Forwarding Usage: 0M
[14.779s][info][gc,heap     ] GC(65) Min Capacity: 1024M(100%)
[14.779s][info][gc,heap     ] GC(65) Max Capacity: 1024M(100%)
[14.779s][info][gc,heap     ] GC(65) Soft Max Capacity: 1024M(100%)
[14.779s][info][gc,heap     ] GC(65)                Mark Start          Mark End        Relocate Start      Relocate End           High               Low         
[14.779s][info][gc,heap     ] GC(65)  Capacity:     1024M (100%)       1024M (100%)       1024M (100%)       1024M (100%)       1024M (100%)       1024M (100%)   
[14.779s][info][gc,heap     ] GC(65)      Free:      896M (88%)         896M (88%)         976M (95%)         980M (96%)         980M (96%)         896M (88%)    
[14.779s][info][gc,heap     ] GC(65)      Used:      128M (12%)         128M (12%)          48M (5%)           44M (4%)          128M (12%)          44M (4%)     
[14.779s][info][gc,heap     ] GC(65)      Live:         -                32M (3%)           32M (3%)           32M (3%)             -                  -          
[14.779s][info][gc,heap     ] GC(65) Allocated:         -                 0M (0%)            0M (0%)            0M (0%)             -                  -          
[14.779s][info][gc,heap     ] GC(65)   Garbage:         -                95M (9%)           15M (1%)           11M (1%)             -                  -          
[14.779s][info][gc,heap     ] GC(65) Reclaimed:         -                  -                80M (8%)           84M (8%)             -                  -          
[14.779s][info][gc          ] GC(65) Garbage Collection (System.gc()) 128M(12%)->44M(4%)
[14.958s][info][gc,start    ] GC(66) Garbage Collection (System.gc())
[14.958s][info][gc,task     ] GC(66) Using 2 workers
[14.958s][info][gc,phases   ] GC(66) Pause Mark Start 0.007ms
[14.979s][info][gc,phases   ] GC(66) Concurrent Mark 21.151ms
[14.979s][info][gc,phases   ] GC(66) Pause Mark End 0.032ms
[14.979s][info][gc,phases   ] GC(66) Concurrent Mark Free 0.002ms
[14.982s][info][gc,phases   ] GC(66) Concurrent Process Non-Strong References 2.609ms
[14.982s][info][gc,phases   ] GC(66) Concurrent Reset Relocation Set 0.001ms
[14.984s][info][gc,phases   ] GC(66) Concurrent Select Relocation Set 1.701ms
[14.984s][info][gc,phases   ] GC(66) Pause Relocate Start 0.010ms
[14.985s][info][gc,phases   ] GC(66) Concurrent Relocate 0.828ms
[14.985s][info][gc,load     ] GC(66) Load: 0.00/0.00/0.00
[14.985s][info][gc,mmu      ] GC(66) MMU: 2ms/98.3%, 5ms/99.2%, 10ms/99.6%, 20ms/99.8%, 50ms/99.9%, 100ms/99.9%
[14.985s][info][gc,marking  ] GC(66) Mark: 2 stripe(s), 1 proactive flush(es), 1 terminate flush(es), 0 completion(s), 0 continuation(s) 
[14.985s][info][gc,marking  ] GC(66) Mark Stack Usage: 32M
[14.985s][info][gc,nmethod  ] GC(66) NMethods: 1691 registered, 0 unregistered
[14.985s][info][gc,metaspace] GC(66) Metaspace: 12M used, 12M committed, 1088M reserved
[14.985s][info][gc,ref      ] GC(66) Soft: 291 encountered, 0 discovered, 0 enqueued
[14.985s][info][gc,ref      ] GC(66) Weak: 724 encountered, 105 discovered, 0 enqueued
[14.985s][info][gc,ref      ] GC(66) Final: 0 encountered, 0 discovered, 0 enqueued
[14.985s][info][gc,ref      ] GC(66) Phantom: 33 encountered, 28 discovered, 0 enqueued
[14.985s][info][gc,reloc    ] GC(66) Small Pages: 63 / 126M, Empty: 80M, Relocated: 1M, In-Place: 0
[14.985s][info][gc,reloc    ] GC(66) Medium Pages: 0 / 0M, Empty: 0M, Relocated: 0M, In-Place: 0
[14.985s][info][gc,reloc    ] GC(66) Large Pages: 0 / 0M, Empty: 0M, Relocated: 0M, In-Place: 0
[14.985s][info][gc,reloc    ] GC(66) Forwarding Usage: 0M
[14.985s][info][gc,heap     ] GC(66) Min Capacity: 1024M(100%)
[14.985s][info][gc,heap     ] GC(66) Max Capacity: 1024M(100%)
[14.985s][info][gc,heap     ] GC(66) Soft Max Capacity: 1024M(100%)
[14.985s][info][gc,heap     ] GC(66)                Mark Start          Mark End        Relocate Start      Relocate End           High               Low         
[14.985s][info][gc,heap     ] GC(66)  Capacity:     1024M (100%)       1024M (100%)       1024M (100%)       1024M (100%)       1024M (100%)       1024M (100%)   
[14.985s][info][gc,heap     ] GC(66)      Free:      898M (88%)         898M (88%)         978M (96%)         980M (96%)         980M (96%)         898M (88%)    
[14.985s][info][gc,heap     ] GC(66)      Used:      126M (12%)         126M (12%)          46M (4%)           44M (4%)          126M (12%)          44M (4%)     
[14.985s][info][gc,heap     ] GC(66)      Live:         -                32M (3%)           32M (3%)           32M (3%)             -                  -          
[14.985s][info][gc,heap     ] GC(66) Allocated:         -                 0M (0%)            0M (0%)            0M (0%)             -                  -          
[14.985s][info][gc,heap     ] GC(66)   Garbage:         -                93M (9%)           13M (1%)           11M (1%)             -                  -          
[14.985s][info][gc,heap     ] GC(66) Reclaimed:         -                  -                80M (8%)           82M (8%)             -                  -          
[14.985s][info][gc          ] GC(66) Garbage Collection (System.gc()) 126M(12%)->44M(4%)
[15.163s][info][gc,start    ] GC(67) Garbage Collection (System.gc())
[15.163s][info][gc,task     ] GC(67) Using 2 workers
[15.163s][info][gc,phases   ] GC(67) Pause Mark Start 0.005ms
[15.183s][info][gc,phases   ] GC(67) Concurrent Mark 19.890ms
[15.183s][info][gc,phases   ] GC(67) Pause Mark End 0.017ms
[15.183s][info][gc,phases   ] GC(67) Concurrent Mark Free 0.002ms
[15.186s][info][gc,phases   ] GC(67) Concurrent Process Non-Strong References 2.138ms
[15.186s][info][gc,phases   ] GC(67) Concurrent Reset Relocation Set 0.001ms
[15.187s][info][gc,phases   ] GC(67) Concurrent Select Relocation Set 1.604ms
[15.187s][info][gc,phases   ] GC(67) Pause Relocate Start 0.005ms
[15.188s][info][gc,phases   ] GC(67) Concurrent Relocate 0.645ms
[15.188s][info][gc,load     ] GC(67) Load: 0.00/0.00/0.00
[15.188s][info][gc,mmu      ] GC(67) MMU: 2ms/98.3%, 5ms/99.2%, 10ms/99.6%, 20ms/99.8%, 50ms/99.9%, 100ms/99.9%
[15.188s][info][gc,marking  ] GC(67) Mark: 2 stripe(s), 1 proactive flush(es), 1 terminate flush(es), 0 completion(s), 0 continuation(s) 
[15.188s][info][gc,marking  ] GC(67) Mark Stack Usage: 32M
[15.188s][info][gc,nmethod  ] GC(67) NMethods: 1691 registered, 0 unregistered
[15.188s][info][gc,metaspace] GC(67) Metaspace: 12M used, 12M committed, 1088M reserved
[15.188s][info][gc,ref      ] GC(67) Soft: 291 encountered, 0 discovered, 0 enqueued
[15.188s][info][gc,ref      ] GC(67) Weak: 724 encountered, 3 discovered, 0 enqueued
[15.188s][info][gc,ref      ] GC(67) Final: 0 encountered, 0 discovered, 0 enqueued
[15.188s][info][gc,ref      ] GC(67) Phantom: 33 encountered, 28 discovered, 0 enqueued
[15.188s][info][gc,reloc    ] GC(67) Small Pages: 63 / 126M, Empty: 80M, Relocated: 1M, In-Place: 0
[15.188s][info][gc,reloc    ] GC(67) Medium Pages: 0 / 0M, Empty: 0M, Relocated: 0M, In-Place: 0
[15.188s][info][gc,reloc    ] GC(67) Large Pages: 0 / 0M, Empty: 0M, Relocated: 0M, In-Place: 0
[15.188s][info][gc,reloc    ] GC(67) Forwarding Usage: 0M
[15.188s][info][gc,heap     ] GC(67) Min Capacity: 1024M(100%)
[15.188s][info][gc,heap     ] GC(67) Max Capacity: 1024M(100%)
[15.188s][info][gc,heap     ] GC(67) Soft Max Capacity: 1024M(100%)
[15.188s][info][gc,heap     ] GC(67)                Mark Start          Mark End        Relocate Start      Relocate End           High               Low         
[15.188s][info][gc,heap     ] GC(67)  Capacity:     1024M (100%)       1024M (100%)       1024M (100%)       1024M (100%)       1024M (100%)       1024M (100%)   
[15.188s][info][gc,heap     ] GC(67)      Free:      898M (88%)         898M (88%)         978M (96%)         980M (96%)         980M (96%)         898M (88%)    
[15.188s][info][gc,heap     ] GC(67)      Used:      126M (12%)         126M (12%)          46M (4%)           44M (4%)          126M (12%)          44M (4%)     
[15.188s][info][gc,heap     ] GC(67)      Live:         -                32M (3%)           32M (3%)           32M (3%)             -                  -          
[15.188s][info][gc,heap     ] GC(67) Allocated:         -                 0M (0%)            0M (0%)            0M (0%)             -                  -          
[15.188s][info][gc,heap     ] GC(67)   Garbage:         -                93M (9%)           13M (1%)           11M (1%)             -                  -          
[15.188s][info][gc,heap     ] GC(67) Reclaimed:         -                  -                80M (8%)           82M (8%)             -                  -          
[15.188s][info][gc          ] GC(67) Garbage Collection (System.gc()) 126M(12%)->44M(4%)
[15.367s][info][gc,start    ] GC(68) Garbage Collection (System.gc())
[15.367s][info][gc,task     ] GC(68) Using 2 workers
[15.367s][info][gc,phases   ] GC(68) Pause Mark Start 0.006ms
[15.388s][info][gc,phases   ] GC(68) Concurrent Mark 20.323ms
[15.388s][info][gc,phases   ] GC(68) Pause Mark End 0.013ms
[15.388s][info][gc,phases   ] GC(68) Concurrent Mark Free 0.001ms
[15.390s][info][gc,phases   ] GC(68) Concurrent Process Non-Strong References 2.019ms
[15.390s][info][gc,phases   ] GC(68) Concurrent Reset Relocation Set 0.001ms
[15.391s][info][gc,phases   ] GC(68) Concurrent Select Relocation Set 1.582ms
[15.392s][info][gc,phases   ] GC(68) Pause Relocate Start 0.009ms
[15.392s][info][gc,phases   ] GC(68) Concurrent Relocate 0.749ms
[15.392s][info][gc,load     ] GC(68) Load: 0.00/0.00/0.00
[15.392s][info][gc,mmu      ] GC(68) MMU: 2ms/98.3%, 5ms/99.2%, 10ms/99.6%, 20ms/99.8%, 50ms/99.9%, 100ms/99.9%
[15.392s][info][gc,marking  ] GC(68) Mark: 2 stripe(s), 1 proactive flush(es), 1 terminate flush(es), 0 completion(s), 0 continuation(s) 
[15.392s][info][gc,marking  ] GC(68) Mark Stack Usage: 32M
[15.392s][info][gc,nmethod  ] GC(68) NMethods: 1691 registered, 0 unregistered
[15.392s][info][gc,metaspace] GC(68) Metaspace: 12M used, 12M committed, 1088M reserved
[15.392s][info][gc,ref      ] GC(68) Soft: 291 encountered, 0 discovered, 0 enqueued
[15.392s][info][gc,ref      ] GC(68) Weak: 724 encountered, 531 discovered, 0 enqueued
[15.392s][info][gc,ref      ] GC(68) Final: 0 encountered, 0 discovered, 0 enqueued
[15.392s][info][gc,ref      ] GC(68) Phantom: 33 encountered, 21 discovered, 0 enqueued
[15.393s][info][gc,reloc    ] GC(68) Small Pages: 63 / 126M, Empty: 80M, Relocated: 1M, In-Place: 0
[15.393s][info][gc,reloc    ] GC(68) Medium Pages: 0 / 0M, Empty: 0M, Relocated: 0M, In-Place: 0
[15.393s][info][gc,reloc    ] GC(68) Large Pages: 0 / 0M, Empty: 0M, Relocated: 0M, In-Place: 0
[15.393s][info][gc,reloc    ] GC(68) Forwarding Usage: 0M
[15.393s][info][gc,heap     ] GC(68) Min Capacity: 1024M(100%)
[15.393s][info][gc,heap     ] GC(68) Max Capacity: 1024M(100%)
[15.393s][info][gc,heap     ] GC(68) Soft Max Capacity: 1024M(100%)
[15.393s][info][gc,heap     ] GC(68)                Mark Start          Mark End        Relocate Start      Relocate End           High               Low         
[15.393s][info][gc,heap     ] GC(68)  Capacity:     1024M (100%)       1024M (100%)       1024M (100%)       1024M (100%)       1024M (100%)       1024M (100%)   
[15.393s][info][gc,heap     ] GC(68)      Free:      898M (88%)         898M (88%)         978M (96%)         980M (96%)         980M (96%)         898M (88%)    
[15.393s][info][gc,heap     ] GC(68)      Used:      126M (12%)         126M (12%)          46M (4%)           44M (4%)          126M (12%)          44M (4%)     
[15.393s][info][gc,heap     ] GC(68)      Live:         -                32M (3%)           32M (3%)           32M (3%)             -                  -          
[15.393s][info][gc,heap     ] GC(68) Allocated:         -                 0M (0%)            0M (0%)            0M (0%)             -                  -          
[15.393s][info][gc,heap     ] GC(68)   Garbage:         -                93M (9%)           13M (1%)           11M (1%)             -                  -          
[15.393s][info][gc,heap     ] GC(68) Reclaimed:         -                  -                80M (8%)           82M (8%)             -                  -          
[15.393s][info][gc          ] GC(68) Garbage Collection (System.gc()) 126M(12%)->44M(4%)
[15.572s][info][gc,start    ] GC(69) Garbage Collection (System.gc())
[15.572s][info][gc,task     ] GC(69) Using 2 workers
[15.572s][info][gc,phases   ] GC(69) Pause Mark Start 0.008ms
[15.591s][info][gc,phases   ] GC(69) Concurrent Mark 18.869ms
[15.591s][info][gc,phases   ] GC(69) Pause Mark End 0.017ms
[15.591s][info][gc,phases   ] GC(69) Concurrent Mark Free 0.001ms
[15.593s][info][gc,phases   ] GC(69) Concurrent Process Non-Strong References 1.792ms
[15.593s][info][gc,phases   ] GC(69) Concurrent Reset Relocation Set 0.001ms
[15.594s][info][gc,phases   ] GC(69) Concurrent Select Relocation Set 1.188ms
[15.594s][info][gc,phases   ] GC(69) Pause Relocate Start 0.008ms
[15.595s][info][gc,phases   ] GC(69) Concurrent Relocate 0.574ms
[15.595s][info][gc,load     ] GC(69) Load: 0.00/0.00/0.00
[15.595s][info][gc,mmu      ] GC(69) MMU: 2ms/98.3%, 5ms/99.2%, 10ms/99.6%, 20ms/99.8%, 50ms/99.9%, 100ms/99.9%
[15.595s][info][gc,marking  ] GC(69) Mark: 2 stripe(s), 1 proactive flush(es), 1 terminate flush(es), 0 completion(s), 0 continuation(s) 
[15.595s][info][gc,marking  ] GC(69) Mark Stack Usage: 32M
[15.595s][info][gc,nmethod  ] GC(69) NMethods: 1693 registered, 0 unregistered
[15.595s][info][gc,metaspace] GC(69) Metaspace: 12M used, 12M committed, 1088M reserved
[15.595s][info][gc,ref      ] GC(69) Soft: 291 encountered, 0 discovered, 0 enqueued
[15.595s][info][gc,ref      ] GC(69) Weak: 724 encountered, 4 discovered, 0 enqueued
[15.595s][info][gc,ref      ] GC(69) Final: 0 encountered, 0 discovered, 0 enqueued
[15.595s][info][gc,ref      ] GC(69) Phantom: 33 encountered, 21 discovered, 0 enqueued
[15.595s][info][gc,reloc    ] GC(69) Small Pages: 63 / 126M, Empty: 80M, Relocated: 1M, In-Place: 0
[15.595s][info][gc,reloc    ] GC(69) Medium Pages: 0 / 0M, Empty: 0M, Relocated: 0M, In-Place: 0
[15.595s][info][gc,reloc    ] GC(69) Large Pages: 0 / 0M, Empty: 0M, Relocated: 0M, In-Place: 0
[15.595s][info][gc,reloc    ] GC(69) Forwarding Usage: 0M
[15.595s][info][gc,heap     ] GC(69) Min Capacity: 1024M(100%)
[15.595s][info][gc,heap     ] GC(69) Max Capacity: 1024M(100%)
[15.595s][info][gc,heap     ] GC(69) Soft Max Capacity: 1024M(100%)
[15.595s][info][gc,heap     ] GC(69)                Mark Start          Mark End        Relocate Start      Relocate End           High               Low         
[15.595s][info][gc,heap     ] GC(69)  Capacity:     1024M (100%)       1024M (100%)       1024M (100%)       1024M (100%)       1024M (100%)       1024M (100%)   
[15.595s][info][gc,heap     ] GC(69)      Free:      898M (88%)         898M (88%)         978M (96%)         980M (96%)         980M (96%)         898M (88%)    
[15.595s][info][gc,heap     ] GC(69)      Used:      126M (12%)         126M (12%)          46M (4%)           44M (4%)          126M (12%)          44M (4%)     
[15.595s][info][gc,heap     ] GC(69)      Live:         -                32M (3%)           32M (3%)           32M (3%)             -                  -          
[15.595s][info][gc,heap     ] GC(69) Allocated:         -                 0M (0%)            0M (0%)            0M (0%)             -                  -          
[15.595s][info][gc,heap     ] GC(69)   Garbage:         -                93M (9%)           13M (1%)           11M (1%)             -                  -          
[15.595s][info][gc,heap     ] GC(69) Reclaimed:         -                  -                80M (8%)           82M (8%)             -                  -          
[15.595s][info][gc          ] GC(69) Garbage Collection (System.gc()) 126M(12%)->44M(4%)
[15.773s][info][gc,start    ] GC(70) Garbage Collection (System.gc())
[15.774s][info][gc,task     ] GC(70) Using 2 workers
[15.774s][info][gc,phases   ] GC(70) Pause Mark Start 0.008ms
[15.795s][info][gc,phases   ] GC(70) Concurrent Mark 21.256ms
[15.795s][info][gc,phases   ] GC(70) Pause Mark End 0.025ms
[15.795s][info][gc,phases   ] GC(70) Concurrent Mark Free 0.002ms
[15.797s][info][gc,phases   ] GC(70) Concurrent Process Non-Strong References 1.699ms
[15.797s][info][gc,phases   ] GC(70) Concurrent Reset Relocation Set 0.002ms
[15.799s][info][gc,phases   ] GC(70) Concurrent Select Relocation Set 2.249ms
[15.799s][info][gc,phases   ] GC(70) Pause Relocate Start 0.010ms
[15.800s][info][gc,phases   ] GC(70) Concurrent Relocate 0.548ms
[15.800s][info][gc,load     ] GC(70) Load: 0.00/0.00/0.00
[15.800s][info][gc,mmu      ] GC(70) MMU: 2ms/98.3%, 5ms/99.2%, 10ms/99.6%, 20ms/99.8%, 50ms/99.9%, 100ms/99.9%
[15.800s][info][gc,marking  ] GC(70) Mark: 2 stripe(s), 1 proactive flush(es), 1 terminate flush(es), 0 completion(s), 0 continuation(s) 
[15.800s][info][gc,marking  ] GC(70) Mark Stack Usage: 32M
[15.800s][info][gc,nmethod  ] GC(70) NMethods: 1693 registered, 0 unregistered
[15.800s][info][gc,metaspace] GC(70) Metaspace: 12M used, 12M committed, 1088M reserved
[15.800s][info][gc,ref      ] GC(70) Soft: 291 encountered, 0 discovered, 0 enqueued
[15.800s][info][gc,ref      ] GC(70) Weak: 724 encountered, 62 discovered, 0 enqueued
[15.800s][info][gc,ref      ] GC(70) Final: 0 encountered, 0 discovered, 0 enqueued
[15.800s][info][gc,ref      ] GC(70) Phantom: 33 encountered, 20 discovered, 0 enqueued
[15.800s][info][gc,reloc    ] GC(70) Small Pages: 63 / 126M, Empty: 80M, Relocated: 1M, In-Place: 0
[15.800s][info][gc,reloc    ] GC(70) Medium Pages: 0 / 0M, Empty: 0M, Relocated: 0M, In-Place: 0
[15.800s][info][gc,reloc    ] GC(70) Large Pages: 0 / 0M, Empty: 0M, Relocated: 0M, In-Place: 0
[15.800s][info][gc,reloc    ] GC(70) Forwarding Usage: 0M
[15.800s][info][gc,heap     ] GC(70) Min Capacity: 1024M(100%)
[15.800s][info][gc,heap     ] GC(70) Max Capacity: 1024M(100%)
[15.800s][info][gc,heap     ] GC(70) Soft Max Capacity: 1024M(100%)
[15.800s][info][gc,heap     ] GC(70)                Mark Start          Mark End        Relocate Start      Relocate End           High               Low         
[15.800s][info][gc,heap     ] GC(70)  Capacity:     1024M (100%)       1024M (100%)       1024M (100%)       1024M (100%)       1024M (100%)       1024M (100%)   
[15.800s][info][gc,heap     ] GC(70)      Free:      898M (88%)         898M (88%)         978M (96%)         980M (96%)         980M (96%)         898M (88%)    
[15.800s][info][gc,heap     ] GC(70)      Used:      126M (12%)         126M (12%)          46M (4%)           44M (4%)          126M (12%)          44M (4%)     
[15.800s][info][gc,heap     ] GC(70)      Live:         -                32M (3%)           32M (3%)           32M (3%)             -                  -          
[15.800s][info][gc,heap     ] GC(70) Allocated:         -                 0M (0%)            0M (0%)            0M (0%)             -                  -          
[15.800s][info][gc,heap     ] GC(70)   Garbage:         -                93M (9%)           13M (1%)           11M (1%)             -                  -          
[15.800s][info][gc,heap     ] GC(70) Reclaimed:         -                  -                80M (8%)           82M (8%)             -                  -          
[15.800s][info][gc          ] GC(70) Garbage Collection (System.gc()) 126M(12%)->44M(4%)
[15.977s][info][gc,start    ] GC(71) Garbage Collection (System.gc())
[15.977s][info][gc,task     ] GC(71) Using 2 workers
[15.977s][info][gc,phases   ] GC(71) Pause Mark Start 0.006ms
[15.999s][info][gc,phases   ] GC(71) Concurrent Mark 21.924ms
[15.999s][info][gc,phases   ] GC(71) Pause Mark End 0.024ms
[15.999s][info][gc,phases   ] GC(71) Concurrent Mark Free 0.003ms
[16.002s][info][gc,phases   ] GC(71) Concurrent Process Non-Strong References 2.361ms
[16.002s][info][gc,phases   ] GC(71) Concurrent Reset Relocation Set 0.001ms
[16.003s][info][gc,phases   ] GC(71) Concurrent Select Relocation Set 1.466ms
[16.003s][info][gc,phases   ] GC(71) Pause Relocate Start 0.011ms
[16.004s][info][gc,phases   ] GC(71) Concurrent Relocate 0.790ms
[16.004s][info][gc,load     ] GC(71) Load: 0.00/0.00/0.00
[16.004s][info][gc,mmu      ] GC(71) MMU: 2ms/98.3%, 5ms/99.2%, 10ms/99.6%, 20ms/99.8%, 50ms/99.9%, 100ms/99.9%
[16.004s][info][gc,marking  ] GC(71) Mark: 2 stripe(s), 1 proactive flush(es), 1 terminate flush(es), 0 completion(s), 0 continuation(s) 
[16.004s][info][gc,marking  ] GC(71) Mark Stack Usage: 32M
[16.004s][info][gc,nmethod  ] GC(71) NMethods: 1694 registered, 0 unregistered
[16.004s][info][gc,metaspace] GC(71) Metaspace: 12M used, 12M committed, 1088M reserved
[16.004s][info][gc,ref      ] GC(71) Soft: 291 encountered, 0 discovered, 0 enqueued
[16.004s][info][gc,ref      ] GC(71) Weak: 724 encountered, 3 discovered, 0 enqueued
[16.004s][info][gc,ref      ] GC(71) Final: 0 encountered, 0 discovered, 0 enqueued
[16.004s][info][gc,ref      ] GC(71) Phantom: 33 encountered, 21 discovered, 0 enqueued
[16.004s][info][gc,reloc    ] GC(71) Small Pages: 63 / 126M, Empty: 80M, Relocated: 1M, In-Place: 0
[16.004s][info][gc,reloc    ] GC(71) Medium Pages: 0 / 0M, Empty: 0M, Relocated: 0M, In-Place: 0
[16.004s][info][gc,reloc    ] GC(71) Large Pages: 0 / 0M, Empty: 0M, Relocated: 0M, In-Place: 0
[16.004s][info][gc,reloc    ] GC(71) Forwarding Usage: 0M
[16.004s][info][gc,heap     ] GC(71) Min Capacity: 1024M(100%)
[16.004s][info][gc,heap     ] GC(71) Max Capacity: 1024M(100%)
[16.004s][info][gc,heap     ] GC(71) Soft Max Capacity: 1024M(100%)
[16.004s][info][gc,heap     ] GC(71)                Mark Start          Mark End        Relocate Start      Relocate End           High               Low         
[16.004s][info][gc,heap     ] GC(71)  Capacity:     1024M (100%)       1024M (100%)       1024M (100%)       1024M (100%)       1024M (100%)       1024M (100%)   
[16.004s][info][gc,heap     ] GC(71)      Free:      898M (88%)         898M (88%)         978M (96%)         980M (96%)         980M (96%)         898M (88%)    
[16.004s][info][gc,heap     ] GC(71)      Used:      126M (12%)         126M (12%)          46M (4%)           44M (4%)          126M (12%)          44M (4%)     
[16.004s][info][gc,heap     ] GC(71)      Live:         -                32M (3%)           32M (3%)           32M (3%)             -                  -          
[16.005s][info][gc,heap     ] GC(71) Allocated:         -                 0M (0%)            0M (0%)            0M (0%)             -                  -          
[16.005s][info][gc,heap     ] GC(71)   Garbage:         -                93M (9%)           13M (1%)           11M (1%)             -                  -          
[16.005s][info][gc,heap     ] GC(71) Reclaimed:         -                  -                80M (8%)           82M (8%)             -                  -          
[16.005s][info][gc          ] GC(71) Garbage Collection (System.gc()) 126M(12%)->44M(4%)
[16.181s][info][gc,start    ] GC(72) Garbage Collection (System.gc())
[16.182s][info][gc,task     ] GC(72) Using 2 workers
[16.182s][info][gc,phases   ] GC(72) Pause Mark Start 0.005ms
[16.203s][info][gc,phases   ] GC(72) Concurrent Mark 21.334ms
[16.203s][info][gc,phases   ] GC(72) Pause Mark End 0.026ms
[16.203s][info][gc,phases   ] GC(72) Concurrent Mark Free 0.001ms
[16.205s][info][gc,phases   ] GC(72) Concurrent Process Non-Strong References 1.852ms
[16.205s][info][gc,phases   ] GC(72) Concurrent Reset Relocation Set 0.001ms
[16.207s][info][gc,phases   ] GC(72) Concurrent Select Relocation Set 1.700ms
[16.207s][info][gc,phases   ] GC(72) Pause Relocate Start 0.009ms
[16.208s][info][gc,phases   ] GC(72) Concurrent Relocate 0.900ms
[16.208s][info][gc,load     ] GC(72) Load: 0.00/0.00/0.00
[16.208s][info][gc,mmu      ] GC(72) MMU: 2ms/98.3%, 5ms/99.2%, 10ms/99.6%, 20ms/99.8%, 50ms/99.9%, 100ms/99.9%
[16.208s][info][gc,marking  ] GC(72) Mark: 2 stripe(s), 1 proactive flush(es), 1 terminate flush(es), 0 completion(s), 0 continuation(s) 
[16.208s][info][gc,marking  ] GC(72) Mark Stack Usage: 32M
[16.208s][info][gc,nmethod  ] GC(72) NMethods: 1695 registered, 0 unregistered
[16.208s][info][gc,metaspace] GC(72) Metaspace: 12M used, 12M committed, 1088M reserved
[16.208s][info][gc,ref      ] GC(72) Soft: 291 encountered, 0 discovered, 0 enqueued
[16.208s][info][gc,ref      ] GC(72) Weak: 724 encountered, 515 discovered, 0 enqueued
[16.208s][info][gc,ref      ] GC(72) Final: 0 encountered, 0 discovered, 0 enqueued
[16.208s][info][gc,ref      ] GC(72) Phantom: 33 encountered, 21 discovered, 0 enqueued
[16.208s][info][gc,reloc    ] GC(72) Small Pages: 63 / 126M, Empty: 78M, Relocated: 1M, In-Place: 0
[16.208s][info][gc,reloc    ] GC(72) Medium Pages: 0 / 0M, Empty: 0M, Relocated: 0M, In-Place: 0
[16.208s][info][gc,reloc    ] GC(72) Large Pages: 0 / 0M, Empty: 0M, Relocated: 0M, In-Place: 0
[16.208s][info][gc,reloc    ] GC(72) Forwarding Usage: 0M
[16.208s][info][gc,heap     ] GC(72) Min Capacity: 1024M(100%)
[16.208s][info][gc,heap     ] GC(72) Max Capacity: 1024M(100%)
[16.208s][info][gc,heap     ] GC(72) Soft Max Capacity: 1024M(100%)
[16.208s][info][gc,heap     ] GC(72)                Mark Start          Mark End        Relocate Start      Relocate End           High               Low         
[16.208s][info][gc,heap     ] GC(72)  Capacity:     1024M (100%)       1024M (100%)       1024M (100%)       1024M (100%)       1024M (100%)       1024M (100%)   
[16.208s][info][gc,heap     ] GC(72)      Free:      898M (88%)         898M (88%)         976M (95%)         980M (96%)         980M (96%)         898M (88%)    
[16.208s][info][gc,heap     ] GC(72)      Used:      126M (12%)         126M (12%)          48M (5%)           44M (4%)          126M (12%)          44M (4%)     
[16.208s][info][gc,heap     ] GC(72)      Live:         -                32M (3%)           32M (3%)           32M (3%)             -                  -          
[16.208s][info][gc,heap     ] GC(72) Allocated:         -                 0M (0%)            0M (0%)            0M (0%)             -                  -          
[16.208s][info][gc,heap     ] GC(72)   Garbage:         -                93M (9%)           15M (1%)           11M (1%)             -                  -          
[16.208s][info][gc,heap     ] GC(72) Reclaimed:         -                  -                78M (8%)           82M (8%)             -                  -          
[16.208s][info][gc          ] GC(72) Garbage Collection (System.gc()) 126M(12%)->44M(4%)
[16.387s][info][gc,start    ] GC(73) Garbage Collection (System.gc())
[16.387s][info][gc,task     ] GC(73) Using 2 workers
[16.387s][info][gc,phases   ] GC(73) Pause Mark Start 0.005ms
[16.423s][info][gc,phases   ] GC(73) Concurrent Mark 35.280ms
[16.423s][info][gc,phases   ] GC(73) Pause Mark End 0.016ms
[16.423s][info][gc,phases   ] GC(73) Concurrent Mark Free 0.002ms
[16.426s][info][gc,phases   ] GC(73) Concurrent Process Non-Strong References 2.343ms
[16.426s][info][gc,phases   ] GC(73) Concurrent Reset Relocation Set 0.001ms
[16.427s][info][gc,phases   ] GC(73) Concurrent Select Relocation Set 1.350ms
[16.427s][info][gc,phases   ] GC(73) Pause Relocate Start 0.008ms
[16.427s][info][gc,phases   ] GC(73) Concurrent Relocate 0.360ms
[16.427s][info][gc,load     ] GC(73) Load: 0.00/0.00/0.00
[16.427s][info][gc,mmu      ] GC(73) MMU: 2ms/98.3%, 5ms/99.2%, 10ms/99.6%, 20ms/99.8%, 50ms/99.9%, 100ms/99.9%
[16.427s][info][gc,marking  ] GC(73) Mark: 2 stripe(s), 1 proactive flush(es), 1 terminate flush(es), 0 completion(s), 0 continuation(s) 
[16.427s][info][gc,marking  ] GC(73) Mark Stack Usage: 32M
[16.427s][info][gc,nmethod  ] GC(73) NMethods: 1695 registered, 0 unregistered
[16.427s][info][gc,metaspace] GC(73) Metaspace: 12M used, 12M committed, 1088M reserved
[16.427s][info][gc,ref      ] GC(73) Soft: 291 encountered, 0 discovered, 0 enqueued
[16.428s][info][gc,ref      ] GC(73) Weak: 724 encountered, 86 discovered, 0 enqueued
[16.428s][info][gc,ref      ] GC(73) Final: 0 encountered, 0 discovered, 0 enqueued
[16.428s][info][gc,ref      ] GC(73) Phantom: 33 encountered, 21 discovered, 0 enqueued
[16.428s][info][gc,reloc    ] GC(73) Small Pages: 63 / 126M, Empty: 80M, Relocated: 1M, In-Place: 0
[16.428s][info][gc,reloc    ] GC(73) Medium Pages: 0 / 0M, Empty: 0M, Relocated: 0M, In-Place: 0
[16.428s][info][gc,reloc    ] GC(73) Large Pages: 0 / 0M, Empty: 0M, Relocated: 0M, In-Place: 0
[16.428s][info][gc,reloc    ] GC(73) Forwarding Usage: 0M
[16.428s][info][gc,heap     ] GC(73) Min Capacity: 1024M(100%)
[16.428s][info][gc,heap     ] GC(73) Max Capacity: 1024M(100%)
[16.428s][info][gc,heap     ] GC(73) Soft Max Capacity: 1024M(100%)
[16.428s][info][gc,heap     ] GC(73)                Mark Start          Mark End        Relocate Start      Relocate End           High               Low         
[16.428s][info][gc,heap     ] GC(73)  Capacity:     1024M (100%)       1024M (100%)       1024M (100%)       1024M (100%)       1024M (100%)       1024M (100%)   
[16.428s][info][gc,heap     ] GC(73)      Free:      898M (88%)         898M (88%)         978M (96%)         980M (96%)         980M (96%)         898M (88%)    
[16.428s][info][gc,heap     ] GC(73)      Used:      126M (12%)         126M (12%)          46M (4%)           44M (4%)          126M (12%)          44M (4%)     
[16.428s][info][gc,heap     ] GC(73)      Live:         -                32M (3%)           32M (3%)           32M (3%)             -                  -          
[16.428s][info][gc,heap     ] GC(73) Allocated:         -                 0M (0%)            0M (0%)            0M (0%)             -                  -          
[16.428s][info][gc,heap     ] GC(73)   Garbage:         -                93M (9%)           13M (1%)           11M (1%)             -                  -          
[16.428s][info][gc,heap     ] GC(73) Reclaimed:         -                  -                80M (8%)           82M (8%)             -                  -          
[16.428s][info][gc          ] GC(73) Garbage Collection (System.gc()) 126M(12%)->44M(4%)
[16.607s][info][gc,start    ] GC(74) Garbage Collection (System.gc())
[16.607s][info][gc,task     ] GC(74) Using 2 workers
[16.607s][info][gc,phases   ] GC(74) Pause Mark Start 0.009ms
[16.642s][info][gc,phases   ] GC(74) Concurrent Mark 34.993ms
[16.643s][info][gc,phases   ] GC(74) Pause Mark End 0.023ms
[16.643s][info][gc,phases   ] GC(74) Concurrent Mark Free 0.002ms
[16.645s][info][gc,phases   ] GC(74) Concurrent Process Non-Strong References 2.109ms
[16.645s][info][gc,phases   ] GC(74) Concurrent Reset Relocation Set 0.001ms
[16.646s][info][gc,phases   ] GC(74) Concurrent Select Relocation Set 1.345ms
[16.647s][info][gc,phases   ] GC(74) Pause Relocate Start 0.008ms
[16.647s][info][gc,phases   ] GC(74) Concurrent Relocate 0.365ms
[16.647s][info][gc,load     ] GC(74) Load: 0.00/0.00/0.00
[16.647s][info][gc,mmu      ] GC(74) MMU: 2ms/98.3%, 5ms/99.2%, 10ms/99.6%, 20ms/99.8%, 50ms/99.9%, 100ms/99.9%
[16.647s][info][gc,marking  ] GC(74) Mark: 2 stripe(s), 2 proactive flush(es), 1 terminate flush(es), 0 completion(s), 0 continuation(s) 
[16.647s][info][gc,marking  ] GC(74) Mark Stack Usage: 32M
[16.647s][info][gc,nmethod  ] GC(74) NMethods: 1695 registered, 0 unregistered
[16.647s][info][gc,metaspace] GC(74) Metaspace: 12M used, 12M committed, 1088M reserved
[16.647s][info][gc,ref      ] GC(74) Soft: 291 encountered, 0 discovered, 0 enqueued
[16.647s][info][gc,ref      ] GC(74) Weak: 724 encountered, 509 discovered, 0 enqueued
[16.647s][info][gc,ref      ] GC(74) Final: 0 encountered, 0 discovered, 0 enqueued
[16.647s][info][gc,ref      ] GC(74) Phantom: 33 encountered, 20 discovered, 0 enqueued
[16.647s][info][gc,reloc    ] GC(74) Small Pages: 63 / 126M, Empty: 80M, Relocated: 1M, In-Place: 0
[16.647s][info][gc,reloc    ] GC(74) Medium Pages: 0 / 0M, Empty: 0M, Relocated: 0M, In-Place: 0
[16.647s][info][gc,reloc    ] GC(74) Large Pages: 0 / 0M, Empty: 0M, Relocated: 0M, In-Place: 0
[16.647s][info][gc,reloc    ] GC(74) Forwarding Usage: 0M
[16.647s][info][gc,heap     ] GC(74) Min Capacity: 1024M(100%)
[16.647s][info][gc,heap     ] GC(74) Max Capacity: 1024M(100%)
[16.647s][info][gc,heap     ] GC(74) Soft Max Capacity: 1024M(100%)
[16.647s][info][gc,heap     ] GC(74)                Mark Start          Mark End        Relocate Start      Relocate End           High               Low         
[16.647s][info][gc,heap     ] GC(74)  Capacity:     1024M (100%)       1024M (100%)       1024M (100%)       1024M (100%)       1024M (100%)       1024M (100%)   
[16.647s][info][gc,heap     ] GC(74)      Free:      898M (88%)         898M (88%)         978M (96%)         980M (96%)         980M (96%)         898M (88%)    
[16.647s][info][gc,heap     ] GC(74)      Used:      126M (12%)         126M (12%)          46M (4%)           44M (4%)          126M (12%)          44M (4%)     
[16.647s][info][gc,heap     ] GC(74)      Live:         -                32M (3%)           32M (3%)           32M (3%)             -                  -          
[16.647s][info][gc,heap     ] GC(74) Allocated:         -                 0M (0%)            0M (0%)            0M (0%)             -                  -          
[16.647s][info][gc,heap     ] GC(74)   Garbage:         -                93M (9%)           13M (1%)           11M (1%)             -                  -          
[16.647s][info][gc,heap     ] GC(74) Reclaimed:         -                  -                80M (8%)           82M (8%)             -                  -          
[16.647s][info][gc          ] GC(74) Garbage Collection (System.gc()) 126M(12%)->44M(4%)
[16.826s][info][gc,start    ] GC(75) Garbage Collection (System.gc())
[16.826s][info][gc,task     ] GC(75) Using 2 workers
[16.826s][info][gc,phases   ] GC(75) Pause Mark Start 0.013ms
[16.862s][info][gc,phases   ] GC(75) Concurrent Mark 36.147ms
[16.862s][info][gc,phases   ] GC(75) Pause Mark End 0.021ms
[16.863s][info][gc,phases   ] GC(75) Concurrent Mark Free 0.001ms
[16.865s][info][gc,phases   ] GC(75) Concurrent Process Non-Strong References 2.062ms
[16.865s][info][gc,phases   ] GC(75) Concurrent Reset Relocation Set 0.001ms
[16.866s][info][gc,phases   ] GC(75) Concurrent Select Relocation Set 1.175ms
[16.866s][info][gc,phases   ] GC(75) Pause Relocate Start 0.008ms
[16.867s][info][gc,phases   ] GC(75) Concurrent Relocate 0.606ms
[16.867s][info][gc,load     ] GC(75) Load: 0.00/0.00/0.00
[16.867s][info][gc,mmu      ] GC(75) MMU: 2ms/98.3%, 5ms/99.2%, 10ms/99.6%, 20ms/99.8%, 50ms/99.9%, 100ms/99.9%
[16.867s][info][gc,marking  ] GC(75) Mark: 2 stripe(s), 1 proactive flush(es), 1 terminate flush(es), 0 completion(s), 0 continuation(s) 
[16.867s][info][gc,marking  ] GC(75) Mark Stack Usage: 32M
[16.867s][info][gc,nmethod  ] GC(75) NMethods: 1697 registered, 0 unregistered
[16.867s][info][gc,metaspace] GC(75) Metaspace: 12M used, 12M committed, 1088M reserved
[16.867s][info][gc,ref      ] GC(75) Soft: 291 encountered, 0 discovered, 0 enqueued
[16.867s][info][gc,ref      ] GC(75) Weak: 724 encountered, 12 discovered, 0 enqueued
[16.867s][info][gc,ref      ] GC(75) Final: 0 encountered, 0 discovered, 0 enqueued
[16.867s][info][gc,ref      ] GC(75) Phantom: 33 encountered, 27 discovered, 0 enqueued
[16.867s][info][gc,reloc    ] GC(75) Small Pages: 63 / 126M, Empty: 80M, Relocated: 1M, In-Place: 0
[16.867s][info][gc,reloc    ] GC(75) Medium Pages: 0 / 0M, Empty: 0M, Relocated: 0M, In-Place: 0
[16.867s][info][gc,reloc    ] GC(75) Large Pages: 0 / 0M, Empty: 0M, Relocated: 0M, In-Place: 0
[16.867s][info][gc,reloc    ] GC(75) Forwarding Usage: 0M
[16.867s][info][gc,heap     ] GC(75) Min Capacity: 1024M(100%)
[16.867s][info][gc,heap     ] GC(75) Max Capacity: 1024M(100%)
[16.867s][info][gc,heap     ] GC(75) Soft Max Capacity: 1024M(100%)
[16.867s][info][gc,heap     ] GC(75)                Mark Start          Mark End        Relocate Start      Relocate End           High               Low         
[16.867s][info][gc,heap     ] GC(75)  Capacity:     1024M (100%)       1024M (100%)       1024M (100%)       1024M (100%)       1024M (100%)       1024M (100%)   
[16.867s][info][gc,heap     ] GC(75)      Free:      898M (88%)         898M (88%)         978M (96%)         980M (96%)         980M (96%)         898M (88%)    
[16.867s][info][gc,heap     ] GC(75)      Used:      126M (12%)         126M (12%)          46M (4%)           44M (4%)          126M (12%)          44M (4%)     
[16.867s][info][gc,heap     ] GC(75)      Live:         -                32M (3%)           32M (3%)           32M (3%)             -                  -          
[16.867s][info][gc,heap     ] GC(75) Allocated:         -                 0M (0%)            0M (0%)            0M (0%)             -                  -          
[16.867s][info][gc,heap     ] GC(75)   Garbage:         -                93M (9%)           13M (1%)           11M (1%)             -                  -          
[16.867s][info][gc,heap     ] GC(75) Reclaimed:         -                  -                80M (8%)           82M (8%)             -                  -          
[16.867s][info][gc          ] GC(75) Garbage Collection (System.gc()) 126M(12%)->44M(4%)
[17.045s][info][gc,start    ] GC(76) Garbage Collection (System.gc())
[17.046s][info][gc,task     ] GC(76) Using 2 workers
[17.046s][info][gc,phases   ] GC(76) Pause Mark Start 0.005ms
[17.083s][info][gc,phases   ] GC(76) Concurrent Mark 37.195ms
[17.083s][info][gc,phases   ] GC(76) Pause Mark End 0.022ms
[17.083s][info][gc,phases   ] GC(76) Concurrent Mark Free 0.002ms
[17.086s][info][gc,phases   ] GC(76) Concurrent Process Non-Strong References 2.594ms
[17.086s][info][gc,phases   ] GC(76) Concurrent Reset Relocation Set 0.001ms
[17.088s][info][gc,phases   ] GC(76) Concurrent Select Relocation Set 2.224ms
[17.088s][info][gc,phases   ] GC(76) Pause Relocate Start 0.011ms
[17.089s][info][gc,phases   ] GC(76) Concurrent Relocate 0.715ms
[17.089s][info][gc,load     ] GC(76) Load: 0.00/0.00/0.00
[17.089s][info][gc,mmu      ] GC(76) MMU: 2ms/98.3%, 5ms/99.2%, 10ms/99.6%, 20ms/99.8%, 50ms/99.9%, 100ms/99.9%
[17.089s][info][gc,marking  ] GC(76) Mark: 2 stripe(s), 5 proactive flush(es), 1 terminate flush(es), 0 completion(s), 0 continuation(s) 
[17.089s][info][gc,marking  ] GC(76) Mark Stack Usage: 32M
[17.089s][info][gc,nmethod  ] GC(76) NMethods: 1697 registered, 0 unregistered
[17.089s][info][gc,metaspace] GC(76) Metaspace: 12M used, 12M committed, 1088M reserved
[17.089s][info][gc,ref      ] GC(76) Soft: 291 encountered, 0 discovered, 0 enqueued
[17.089s][info][gc,ref      ] GC(76) Weak: 724 encountered, 576 discovered, 0 enqueued
[17.089s][info][gc,ref      ] GC(76) Final: 0 encountered, 0 discovered, 0 enqueued
[17.089s][info][gc,ref      ] GC(76) Phantom: 33 encountered, 21 discovered, 0 enqueued
[17.089s][info][gc,reloc    ] GC(76) Small Pages: 63 / 126M, Empty: 80M, Relocated: 1M, In-Place: 0
[17.089s][info][gc,reloc    ] GC(76) Medium Pages: 0 / 0M, Empty: 0M, Relocated: 0M, In-Place: 0
[17.089s][info][gc,reloc    ] GC(76) Large Pages: 0 / 0M, Empty: 0M, Relocated: 0M, In-Place: 0
[17.089s][info][gc,reloc    ] GC(76) Forwarding Usage: 0M
[17.089s][info][gc,heap     ] GC(76) Min Capacity: 1024M(100%)
[17.089s][info][gc,heap     ] GC(76) Max Capacity: 1024M(100%)
[17.089s][info][gc,heap     ] GC(76) Soft Max Capacity: 1024M(100%)
[17.089s][info][gc,heap     ] GC(76)                Mark Start          Mark End        Relocate Start      Relocate End           High               Low         
[17.089s][info][gc,heap     ] GC(76)  Capacity:     1024M (100%)       1024M (100%)       1024M (100%)       1024M (100%)       1024M (100%)       1024M (100%)   
[17.089s][info][gc,heap     ] GC(76)      Free:      898M (88%)         898M (88%)         978M (96%)         980M (96%)         980M (96%)         898M (88%)    
[17.089s][info][gc,heap     ] GC(76)      Used:      126M (12%)         126M (12%)          46M (4%)           44M (4%)          126M (12%)          44M (4%)     
[17.089s][info][gc,heap     ] GC(76)      Live:         -                32M (3%)           32M (3%)           32M (3%)             -                  -          
[17.089s][info][gc,heap     ] GC(76) Allocated:         -                 0M (0%)            0M (0%)            0M (0%)             -                  -          
[17.089s][info][gc,heap     ] GC(76)   Garbage:         -                93M (9%)           13M (1%)           11M (1%)             -                  -          
[17.089s][info][gc,heap     ] GC(76) Reclaimed:         -                  -                80M (8%)           82M (8%)             -                  -          
[17.089s][info][gc          ] GC(76) Garbage Collection (System.gc()) 126M(12%)->44M(4%)
[17.266s][info][gc,start    ] GC(77) Garbage Collection (System.gc())
[17.267s][info][gc,task     ] GC(77) Using 2 workers
[17.267s][info][gc,phases   ] GC(77) Pause Mark Start 0.005ms
[17.302s][info][gc,phases   ] GC(77) Concurrent Mark 35.515ms
[17.302s][info][gc,phases   ] GC(77) Pause Mark End 0.014ms
[17.302s][info][gc,phases   ] GC(77) Concurrent Mark Free 0.002ms
[17.304s][info][gc,phases   ] GC(77) Concurrent Process Non-Strong References 1.909ms
[17.304s][info][gc,phases   ] GC(77) Concurrent Reset Relocation Set 0.001ms
[17.306s][info][gc,phases   ] GC(77) Concurrent Select Relocation Set 1.543ms
[17.306s][info][gc,phases   ] GC(77) Pause Relocate Start 0.009ms
[17.307s][info][gc,phases   ] GC(77) Concurrent Relocate 0.580ms
[17.307s][info][gc,load     ] GC(77) Load: 0.00/0.00/0.00
[17.307s][info][gc,mmu      ] GC(77) MMU: 2ms/98.3%, 5ms/99.2%, 10ms/99.6%, 20ms/99.8%, 50ms/99.9%, 100ms/99.9%
[17.307s][info][gc,marking  ] GC(77) Mark: 2 stripe(s), 2 proactive flush(es), 1 terminate flush(es), 0 completion(s), 0 continuation(s) 
[17.307s][info][gc,marking  ] GC(77) Mark Stack Usage: 32M
[17.307s][info][gc,nmethod  ] GC(77) NMethods: 1698 registered, 0 unregistered
[17.307s][info][gc,metaspace] GC(77) Metaspace: 12M used, 12M committed, 1088M reserved
[17.307s][info][gc,ref      ] GC(77) Soft: 291 encountered, 0 discovered, 0 enqueued
[17.307s][info][gc,ref      ] GC(77) Weak: 724 encountered, 4 discovered, 0 enqueued
[17.307s][info][gc,ref      ] GC(77) Final: 0 encountered, 0 discovered, 0 enqueued
[17.307s][info][gc,ref      ] GC(77) Phantom: 33 encountered, 20 discovered, 0 enqueued
[17.307s][info][gc,reloc    ] GC(77) Small Pages: 63 / 126M, Empty: 80M, Relocated: 1M, In-Place: 0
[17.307s][info][gc,reloc    ] GC(77) Medium Pages: 0 / 0M, Empty: 0M, Relocated: 0M, In-Place: 0
[17.307s][info][gc,reloc    ] GC(77) Large Pages: 0 / 0M, Empty: 0M, Relocated: 0M, In-Place: 0
[17.307s][info][gc,reloc    ] GC(77) Forwarding Usage: 0M
[17.307s][info][gc,heap     ] GC(77) Min Capacity: 1024M(100%)
[17.307s][info][gc,heap     ] GC(77) Max Capacity: 1024M(100%)
[17.307s][info][gc,heap     ] GC(77) Soft Max Capacity: 1024M(100%)
[17.307s][info][gc,heap     ] GC(77)                Mark Start          Mark End        Relocate Start      Relocate End           High               Low         
[17.307s][info][gc,heap     ] GC(77)  Capacity:     1024M (100%)       1024M (100%)       1024M (100%)       1024M (100%)       1024M (100%)       1024M (100%)   
[17.307s][info][gc,heap     ] GC(77)      Free:      898M (88%)         898M (88%)         978M (96%)         980M (96%)         980M (96%)         898M (88%)    
[17.307s][info][gc,heap     ] GC(77)      Used:      126M (12%)         126M (12%)          46M (4%)           44M (4%)          126M (12%)          44M (4%)     
[17.307s][info][gc,heap     ] GC(77)      Live:         -                32M (3%)           32M (3%)           32M (3%)             -                  -          
[17.307s][info][gc,heap     ] GC(77) Allocated:         -                 0M (0%)            0M (0%)            0M (0%)             -                  -          
[17.307s][info][gc,heap     ] GC(77)   Garbage:         -                93M (9%)           13M (1%)           11M (1%)             -                  -          
[17.307s][info][gc,heap     ] GC(77) Reclaimed:         -                  -                80M (8%)           82M (8%)             -                  -          
[17.307s][info][gc          ] GC(77) Garbage Collection (System.gc()) 126M(12%)->44M(4%)
[17.484s][info][gc,start    ] GC(78) Garbage Collection (System.gc())
[17.484s][info][gc,task     ] GC(78) Using 2 workers
[17.484s][info][gc,phases   ] GC(78) Pause Mark Start 0.006ms
[17.507s][info][gc,phases   ] GC(78) Concurrent Mark 22.485ms
[17.507s][info][gc,phases   ] GC(78) Pause Mark End 0.018ms
[17.507s][info][gc,phases   ] GC(78) Concurrent Mark Free 0.001ms
[17.509s][info][gc,phases   ] GC(78) Concurrent Process Non-Strong References 1.701ms
[17.509s][info][gc,phases   ] GC(78) Concurrent Reset Relocation Set 0.001ms
[17.510s][info][gc,phases   ] GC(78) Concurrent Select Relocation Set 1.298ms
[17.510s][info][gc,phases   ] GC(78) Pause Relocate Start 0.010ms
[17.511s][info][gc,phases   ] GC(78) Concurrent Relocate 0.859ms
[17.511s][info][gc,load     ] GC(78) Load: 0.00/0.00/0.00
[17.511s][info][gc,mmu      ] GC(78) MMU: 2ms/98.3%, 5ms/99.2%, 10ms/99.6%, 20ms/99.8%, 50ms/99.9%, 100ms/99.9%
[17.511s][info][gc,marking  ] GC(78) Mark: 2 stripe(s), 2 proactive flush(es), 1 terminate flush(es), 0 completion(s), 0 continuation(s) 
[17.511s][info][gc,marking  ] GC(78) Mark Stack Usage: 32M
[17.511s][info][gc,nmethod  ] GC(78) NMethods: 1698 registered, 0 unregistered
[17.511s][info][gc,metaspace] GC(78) Metaspace: 12M used, 12M committed, 1088M reserved
[17.511s][info][gc,ref      ] GC(78) Soft: 291 encountered, 0 discovered, 0 enqueued
[17.511s][info][gc,ref      ] GC(78) Weak: 724 encountered, 508 discovered, 0 enqueued
[17.511s][info][gc,ref      ] GC(78) Final: 0 encountered, 0 discovered, 0 enqueued
[17.511s][info][gc,ref      ] GC(78) Phantom: 33 encountered, 21 discovered, 0 enqueued
[17.511s][info][gc,reloc    ] GC(78) Small Pages: 63 / 126M, Empty: 80M, Relocated: 1M, In-Place: 0
[17.511s][info][gc,reloc    ] GC(78) Medium Pages: 0 / 0M, Empty: 0M, Relocated: 0M, In-Place: 0
[17.511s][info][gc,reloc    ] GC(78) Large Pages: 0 / 0M, Empty: 0M, Relocated: 0M, In-Place: 0
[17.511s][info][gc,reloc    ] GC(78) Forwarding Usage: 0M
[17.511s][info][gc,heap     ] GC(78) Min Capacity: 1024M(100%)
[17.511s][info][gc,heap     ] GC(78) Max Capacity: 1024M(100%)
[17.511s][info][gc,heap     ] GC(78) Soft Max Capacity: 1024M(100%)
[17.511s][info][gc,heap     ] GC(78)                Mark Start          Mark End        Relocate Start      Relocate End           High               Low         
[17.511s][info][gc,heap     ] GC(78)  Capacity:     1024M (100%)       1024M (100%)       1024M (100%)       1024M (100%)       1024M (100%)       1024M (100%)   
[17.511s][info][gc,heap     ] GC(78)      Free:      898M (88%)         898M (88%)         978M (96%)         980M (96%)         980M (96%)         898M (88%)    
[17.511s][info][gc,heap     ] GC(78)      Used:      126M (12%)         126M (12%)          46M (4%)           44M (4%)          126M (12%)          44M (4%)     
[17.511s][info][gc,heap     ] GC(78)      Live:         -                32M (3%)           32M (3%)           32M (3%)             -                  -          
[17.511s][info][gc,heap     ] GC(78) Allocated:         -                 0M (0%)            0M (0%)            0M (0%)             -                  -          
[17.511s][info][gc,heap     ] GC(78)   Garbage:         -                93M (9%)           13M (1%)           11M (1%)             -                  -          
[17.511s][info][gc,heap     ] GC(78) Reclaimed:         -                  -                80M (8%)           82M (8%)             -                  -          
[17.511s][info][gc          ] GC(78) Garbage Collection (System.gc()) 126M(12%)->44M(4%)
[17.690s][info][gc,start    ] GC(79) Garbage Collection (System.gc())
[17.690s][info][gc,task     ] GC(79) Using 2 workers
[17.690s][info][gc,phases   ] GC(79) Pause Mark Start 0.005ms
[17.710s][info][gc,phases   ] GC(79) Concurrent Mark 20.650ms
[17.711s][info][gc,phases   ] GC(79) Pause Mark End 0.010ms
[17.711s][info][gc,phases   ] GC(79) Concurrent Mark Free 0.002ms
[17.712s][info][gc,phases   ] GC(79) Concurrent Process Non-Strong References 1.786ms
[17.712s][info][gc,phases   ] GC(79) Concurrent Reset Relocation Set 0.001ms
[17.714s][info][gc,phases   ] GC(79) Concurrent Select Relocation Set 1.514ms
[17.714s][info][gc,phases   ] GC(79) Pause Relocate Start 0.011ms
[17.715s][info][gc,phases   ] GC(79) Concurrent Relocate 0.568ms
[17.715s][info][gc,load     ] GC(79) Load: 0.00/0.00/0.00
[17.715s][info][gc,mmu      ] GC(79) MMU: 2ms/98.3%, 5ms/99.2%, 10ms/99.6%, 20ms/99.8%, 50ms/99.9%, 100ms/99.9%
[17.715s][info][gc,marking  ] GC(79) Mark: 2 stripe(s), 1 proactive flush(es), 1 terminate flush(es), 0 completion(s), 0 continuation(s) 
[17.715s][info][gc,marking  ] GC(79) Mark Stack Usage: 32M
[17.715s][info][gc,nmethod  ] GC(79) NMethods: 1699 registered, 0 unregistered
[17.715s][info][gc,metaspace] GC(79) Metaspace: 12M used, 12M committed, 1088M reserved
[17.715s][info][gc,ref      ] GC(79) Soft: 291 encountered, 0 discovered, 0 enqueued
[17.715s][info][gc,ref      ] GC(79) Weak: 724 encountered, 3 discovered, 0 enqueued
[17.715s][info][gc,ref      ] GC(79) Final: 0 encountered, 0 discovered, 0 enqueued
[17.715s][info][gc,ref      ] GC(79) Phantom: 33 encountered, 21 discovered, 0 enqueued
[17.715s][info][gc,reloc    ] GC(79) Small Pages: 63 / 126M, Empty: 80M, Relocated: 1M, In-Place: 0
[17.715s][info][gc,reloc    ] GC(79) Medium Pages: 0 / 0M, Empty: 0M, Relocated: 0M, In-Place: 0
[17.715s][info][gc,reloc    ] GC(79) Large Pages: 0 / 0M, Empty: 0M, Relocated: 0M, In-Place: 0
[17.715s][info][gc,reloc    ] GC(79) Forwarding Usage: 0M
[17.715s][info][gc,heap     ] GC(79) Min Capacity: 1024M(100%)
[17.715s][info][gc,heap     ] GC(79) Max Capacity: 1024M(100%)
[17.715s][info][gc,heap     ] GC(79) Soft Max Capacity: 1024M(100%)
[17.715s][info][gc,heap     ] GC(79)                Mark Start          Mark End        Relocate Start      Relocate End           High               Low         
[17.715s][info][gc,heap     ] GC(79)  Capacity:     1024M (100%)       1024M (100%)       1024M (100%)       1024M (100%)       1024M (100%)       1024M (100%)   
[17.715s][info][gc,heap     ] GC(79)      Free:      898M (88%)         898M (88%)         978M (96%)         980M (96%)         980M (96%)         898M (88%)    
[17.715s][info][gc,heap     ] GC(79)      Used:      126M (12%)         126M (12%)          46M (4%)           44M (4%)          126M (12%)          44M (4%)     
[17.715s][info][gc,heap     ] GC(79)      Live:         -                32M (3%)           32M (3%)           32M (3%)             -                  -          
[17.715s][info][gc,heap     ] GC(79) Allocated:         -                 0M (0%)            0M (0%)            0M (0%)             -                  -          
[17.715s][info][gc,heap     ] GC(79)   Garbage:         -                93M (9%)           13M (1%)           11M (1%)             -                  -          
[17.715s][info][gc,heap     ] GC(79) Reclaimed:         -                  -                80M (8%)           82M (8%)             -                  -          
[17.715s][info][gc          ] GC(79) Garbage Collection (System.gc()) 126M(12%)->44M(4%)
[17.892s][info][gc,start    ] GC(80) Garbage Collection (System.gc())
[17.892s][info][gc,task     ] GC(80) Using 2 workers
[17.892s][info][gc,phases   ] GC(80) Pause Mark Start 0.005ms
[17.930s][info][gc,phases   ] GC(80) Concurrent Mark 38.207ms
[17.931s][info][gc,phases   ] GC(80) Pause Mark End 0.024ms
[17.931s][info][gc,phases   ] GC(80) Concurrent Mark Free 0.004ms
[17.933s][info][gc,phases   ] GC(80) Concurrent Process Non-Strong References 2.153ms
[17.933s][info][gc,phases   ] GC(80) Concurrent Reset Relocation Set 0.001ms
[17.935s][info][gc,phases   ] GC(80) Concurrent Select Relocation Set 1.630ms
[17.935s][info][gc,phases   ] GC(80) Pause Relocate Start 0.007ms
[17.935s][info][gc,phases   ] GC(80) Concurrent Relocate 0.366ms
[17.935s][info][gc,load     ] GC(80) Load: 0.00/0.00/0.00
[17.935s][info][gc,mmu      ] GC(80) MMU: 2ms/98.3%, 5ms/99.2%, 10ms/99.6%, 20ms/99.8%, 50ms/99.9%, 100ms/99.9%
[17.935s][info][gc,marking  ] GC(80) Mark: 2 stripe(s), 2 proactive flush(es), 1 terminate flush(es), 0 completion(s), 0 continuation(s) 
[17.935s][info][gc,marking  ] GC(80) Mark Stack Usage: 32M
[17.935s][info][gc,nmethod  ] GC(80) NMethods: 1699 registered, 0 unregistered
[17.935s][info][gc,metaspace] GC(80) Metaspace: 12M used, 12M committed, 1088M reserved
[17.935s][info][gc,ref      ] GC(80) Soft: 291 encountered, 0 discovered, 0 enqueued
[17.935s][info][gc,ref      ] GC(80) Weak: 724 encountered, 512 discovered, 0 enqueued
[17.935s][info][gc,ref      ] GC(80) Final: 0 encountered, 0 discovered, 0 enqueued
[17.935s][info][gc,ref      ] GC(80) Phantom: 33 encountered, 21 discovered, 0 enqueued
[17.935s][info][gc,reloc    ] GC(80) Small Pages: 63 / 126M, Empty: 80M, Relocated: 1M, In-Place: 0
[17.935s][info][gc,reloc    ] GC(80) Medium Pages: 0 / 0M, Empty: 0M, Relocated: 0M, In-Place: 0
[17.935s][info][gc,reloc    ] GC(80) Large Pages: 0 / 0M, Empty: 0M, Relocated: 0M, In-Place: 0
[17.935s][info][gc,reloc    ] GC(80) Forwarding Usage: 0M
[17.935s][info][gc,heap     ] GC(80) Min Capacity: 1024M(100%)
[17.935s][info][gc,heap     ] GC(80) Max Capacity: 1024M(100%)
[17.935s][info][gc,heap     ] GC(80) Soft Max Capacity: 1024M(100%)
[17.935s][info][gc,heap     ] GC(80)                Mark Start          Mark End        Relocate Start      Relocate End           High               Low         
[17.935s][info][gc,heap     ] GC(80)  Capacity:     1024M (100%)       1024M (100%)       1024M (100%)       1024M (100%)       1024M (100%)       1024M (100%)   
[17.935s][info][gc,heap     ] GC(80)      Free:      898M (88%)         898M (88%)         978M (96%)         980M (96%)         980M (96%)         898M (88%)    
[17.935s][info][gc,heap     ] GC(80)      Used:      126M (12%)         126M (12%)          46M (4%)           44M (4%)          126M (12%)          44M (4%)     
[17.935s][info][gc,heap     ] GC(80)      Live:         -                32M (3%)           32M (3%)           32M (3%)             -                  -          
[17.935s][info][gc,heap     ] GC(80) Allocated:         -                 0M (0%)            0M (0%)            0M (0%)             -                  -          
[17.935s][info][gc,heap     ] GC(80)   Garbage:         -                93M (9%)           13M (1%)           11M (1%)             -                  -          
[17.935s][info][gc,heap     ] GC(80) Reclaimed:         -                  -                80M (8%)           82M (8%)             -                  -          
[17.935s][info][gc          ] GC(80) Garbage Collection (System.gc()) 126M(12%)->44M(4%)
[18.112s][info][gc,start    ] GC(81) Garbage Collection (System.gc())
[18.112s][info][gc,task     ] GC(81) Using 2 workers
[18.112s][info][gc,phases   ] GC(81) Pause Mark Start 0.004ms
[18.134s][info][gc,phases   ] GC(81) Concurrent Mark 21.444ms
[18.134s][info][gc,phases   ] GC(81) Pause Mark End 0.023ms
[18.134s][info][gc,phases   ] GC(81) Concurrent Mark Free 0.003ms
[18.136s][info][gc,phases   ] GC(81) Concurrent Process Non-Strong References 1.927ms
[18.136s][info][gc,phases   ] GC(81) Concurrent Reset Relocation Set 0.001ms
[18.138s][info][gc,phases   ] GC(81) Concurrent Select Relocation Set 1.708ms
[18.138s][info][gc,phases   ] GC(81) Pause Relocate Start 0.009ms
[18.139s][info][gc,phases   ] GC(81) Concurrent Relocate 0.422ms
[18.139s][info][gc,load     ] GC(81) Load: 0.00/0.00/0.00
[18.139s][info][gc,mmu      ] GC(81) MMU: 2ms/98.3%, 5ms/99.2%, 10ms/99.6%, 20ms/99.8%, 50ms/99.9%, 100ms/99.9%
[18.139s][info][gc,marking  ] GC(81) Mark: 2 stripe(s), 2 proactive flush(es), 1 terminate flush(es), 0 completion(s), 0 continuation(s) 
[18.139s][info][gc,marking  ] GC(81) Mark Stack Usage: 32M
[18.139s][info][gc,nmethod  ] GC(81) NMethods: 1701 registered, 0 unregistered
[18.139s][info][gc,metaspace] GC(81) Metaspace: 12M used, 12M committed, 1088M reserved
[18.139s][info][gc,ref      ] GC(81) Soft: 291 encountered, 0 discovered, 0 enqueued
[18.139s][info][gc,ref      ] GC(81) Weak: 724 encountered, 520 discovered, 0 enqueued
[18.139s][info][gc,ref      ] GC(81) Final: 0 encountered, 0 discovered, 0 enqueued
[18.139s][info][gc,ref      ] GC(81) Phantom: 33 encountered, 21 discovered, 0 enqueued
[18.139s][info][gc,reloc    ] GC(81) Small Pages: 63 / 126M, Empty: 80M, Relocated: 1M, In-Place: 0
[18.139s][info][gc,reloc    ] GC(81) Medium Pages: 0 / 0M, Empty: 0M, Relocated: 0M, In-Place: 0
[18.139s][info][gc,reloc    ] GC(81) Large Pages: 0 / 0M, Empty: 0M, Relocated: 0M, In-Place: 0
[18.139s][info][gc,reloc    ] GC(81) Forwarding Usage: 0M
[18.139s][info][gc,heap     ] GC(81) Min Capacity: 1024M(100%)
[18.139s][info][gc,heap     ] GC(81) Max Capacity: 1024M(100%)
[18.139s][info][gc,heap     ] GC(81) Soft Max Capacity: 1024M(100%)
[18.139s][info][gc,heap     ] GC(81)                Mark Start          Mark End        Relocate Start      Relocate End           High               Low         
[18.139s][info][gc,heap     ] GC(81)  Capacity:     1024M (100%)       1024M (100%)       1024M (100%)       1024M (100%)       1024M (100%)       1024M (100%)   
[18.139s][info][gc,heap     ] GC(81)      Free:      898M (88%)         898M (88%)         978M (96%)         980M (96%)         980M (96%)         898M (88%)    
[18.139s][info][gc,heap     ] GC(81)      Used:      126M (12%)         126M (12%)          46M (4%)           44M (4%)          126M (12%)          44M (4%)     
[18.139s][info][gc,heap     ] GC(81)      Live:         -                32M (3%)           32M (3%)           32M (3%)             -                  -          
[18.139s][info][gc,heap     ] GC(81) Allocated:         -                 0M (0%)            0M (0%)            0M (0%)             -                  -          
[18.139s][info][gc,heap     ] GC(81)   Garbage:         -                93M (9%)           13M (1%)           11M (1%)             -                  -          
[18.139s][info][gc,heap     ] GC(81) Reclaimed:         -                  -                80M (8%)           82M (8%)             -                  -          
[18.139s][info][gc          ] GC(81) Garbage Collection (System.gc()) 126M(12%)->44M(4%)
[18.316s][info][gc,start    ] GC(82) Garbage Collection (System.gc())
[18.316s][info][gc,task     ] GC(82) Using 2 workers
[18.316s][info][gc,phases   ] GC(82) Pause Mark Start 0.005ms
[18.338s][info][gc,phases   ] GC(82) Concurrent Mark 22.029ms
[18.338s][info][gc,phases   ] GC(82) Pause Mark End 0.017ms
[18.338s][info][gc,phases   ] GC(82) Concurrent Mark Free 0.002ms
[18.340s][info][gc,phases   ] GC(82) Concurrent Process Non-Strong References 1.955ms
[18.340s][info][gc,phases   ] GC(82) Concurrent Reset Relocation Set 0.001ms
[18.342s][info][gc,phases   ] GC(82) Concurrent Select Relocation Set 1.222ms
[18.342s][info][gc,phases   ] GC(82) Pause Relocate Start 0.008ms
[18.342s][info][gc,phases   ] GC(82) Concurrent Relocate 0.464ms
[18.342s][info][gc,load     ] GC(82) Load: 0.00/0.00/0.00
[18.342s][info][gc,mmu      ] GC(82) MMU: 2ms/98.3%, 5ms/99.2%, 10ms/99.6%, 20ms/99.8%, 50ms/99.9%, 100ms/99.9%
[18.342s][info][gc,marking  ] GC(82) Mark: 2 stripe(s), 1 proactive flush(es), 1 terminate flush(es), 0 completion(s), 0 continuation(s) 
[18.342s][info][gc,marking  ] GC(82) Mark Stack Usage: 32M
[18.342s][info][gc,nmethod  ] GC(82) NMethods: 1701 registered, 0 unregistered
[18.342s][info][gc,metaspace] GC(82) Metaspace: 12M used, 12M committed, 1088M reserved
[18.342s][info][gc,ref      ] GC(82) Soft: 291 encountered, 0 discovered, 0 enqueued
[18.342s][info][gc,ref      ] GC(82) Weak: 724 encountered, 3 discovered, 0 enqueued
[18.342s][info][gc,ref      ] GC(82) Final: 0 encountered, 0 discovered, 0 enqueued
[18.342s][info][gc,ref      ] GC(82) Phantom: 33 encountered, 21 discovered, 0 enqueued
[18.342s][info][gc,reloc    ] GC(82) Small Pages: 63 / 126M, Empty: 80M, Relocated: 1M, In-Place: 0
[18.342s][info][gc,reloc    ] GC(82) Medium Pages: 0 / 0M, Empty: 0M, Relocated: 0M, In-Place: 0
[18.342s][info][gc,reloc    ] GC(82) Large Pages: 0 / 0M, Empty: 0M, Relocated: 0M, In-Place: 0
[18.342s][info][gc,reloc    ] GC(82) Forwarding Usage: 0M
[18.342s][info][gc,heap     ] GC(82) Min Capacity: 1024M(100%)
[18.342s][info][gc,heap     ] GC(82) Max Capacity: 1024M(100%)
[18.342s][info][gc,heap     ] GC(82) Soft Max Capacity: 1024M(100%)
[18.342s][info][gc,heap     ] GC(82)                Mark Start          Mark End        Relocate Start      Relocate End           High               Low         
[18.342s][info][gc,heap     ] GC(82)  Capacity:     1024M (100%)       1024M (100%)       1024M (100%)       1024M (100%)       1024M (100%)       1024M (100%)   
[18.342s][info][gc,heap     ] GC(82)      Free:      898M (88%)         898M (88%)         978M (96%)         980M (96%)         980M (96%)         898M (88%)    
[18.342s][info][gc,heap     ] GC(82)      Used:      126M (12%)         126M (12%)          46M (4%)           44M (4%)          126M (12%)          44M (4%)     
[18.342s][info][gc,heap     ] GC(82)      Live:         -                32M (3%)           32M (3%)           32M (3%)             -                  -          
[18.342s][info][gc,heap     ] GC(82) Allocated:         -                 0M (0%)            0M (0%)            0M (0%)             -                  -          
[18.342s][info][gc,heap     ] GC(82)   Garbage:         -                93M (9%)           13M (1%)           11M (1%)             -                  -          
[18.342s][info][gc,heap     ] GC(82) Reclaimed:         -                  -                80M (8%)           82M (8%)             -                  -          
[18.342s][info][gc          ] GC(82) Garbage Collection (System.gc()) 126M(12%)->44M(4%)
[18.521s][info][gc,start    ] GC(83) Garbage Collection (System.gc())
[18.521s][info][gc,task     ] GC(83) Using 2 workers
[18.521s][info][gc,phases   ] GC(83) Pause Mark Start 0.005ms
[18.542s][info][gc,phases   ] GC(83) Concurrent Mark 20.369ms
[18.542s][info][gc,phases   ] GC(83) Pause Mark End 0.019ms
[18.542s][info][gc,phases   ] GC(83) Concurrent Mark Free 0.002ms
[18.544s][info][gc,phases   ] GC(83) Concurrent Process Non-Strong References 2.053ms
[18.544s][info][gc,phases   ] GC(83) Concurrent Reset Relocation Set 0.001ms
[18.546s][info][gc,phases   ] GC(83) Concurrent Select Relocation Set 1.711ms
[18.546s][info][gc,phases   ] GC(83) Pause Relocate Start 0.007ms
[18.547s][info][gc,phases   ] GC(83) Concurrent Relocate 0.665ms
[18.547s][info][gc,load     ] GC(83) Load: 0.00/0.00/0.00
[18.547s][info][gc,mmu      ] GC(83) MMU: 2ms/98.3%, 5ms/99.2%, 10ms/99.6%, 20ms/99.8%, 50ms/99.9%, 100ms/99.9%
[18.547s][info][gc,marking  ] GC(83) Mark: 2 stripe(s), 1 proactive flush(es), 1 terminate flush(es), 0 completion(s), 0 continuation(s) 
[18.547s][info][gc,marking  ] GC(83) Mark Stack Usage: 32M
[18.547s][info][gc,nmethod  ] GC(83) NMethods: 1702 registered, 0 unregistered
[18.547s][info][gc,metaspace] GC(83) Metaspace: 12M used, 12M committed, 1088M reserved
[18.547s][info][gc,ref      ] GC(83) Soft: 291 encountered, 0 discovered, 0 enqueued
[18.547s][info][gc,ref      ] GC(83) Weak: 724 encountered, 59 discovered, 0 enqueued
[18.547s][info][gc,ref      ] GC(83) Final: 0 encountered, 0 discovered, 0 enqueued
[18.547s][info][gc,ref      ] GC(83) Phantom: 33 encountered, 29 discovered, 0 enqueued
[18.547s][info][gc,reloc    ] GC(83) Small Pages: 63 / 126M, Empty: 80M, Relocated: 1M, In-Place: 0
[18.547s][info][gc,reloc    ] GC(83) Medium Pages: 0 / 0M, Empty: 0M, Relocated: 0M, In-Place: 0
[18.547s][info][gc,reloc    ] GC(83) Large Pages: 0 / 0M, Empty: 0M, Relocated: 0M, In-Place: 0
[18.547s][info][gc,reloc    ] GC(83) Forwarding Usage: 0M
[18.547s][info][gc,heap     ] GC(83) Min Capacity: 1024M(100%)
[18.547s][info][gc,heap     ] GC(83) Max Capacity: 1024M(100%)
[18.547s][info][gc,heap     ] GC(83) Soft Max Capacity: 1024M(100%)
[18.547s][info][gc,heap     ] GC(83)                Mark Start          Mark End        Relocate Start      Relocate End           High               Low         
[18.547s][info][gc,heap     ] GC(83)  Capacity:     1024M (100%)       1024M (100%)       1024M (100%)       1024M (100%)       1024M (100%)       1024M (100%)   
[18.547s][info][gc,heap     ] GC(83)      Free:      898M (88%)         898M (88%)         978M (96%)         980M (96%)         980M (96%)         898M (88%)    
[18.547s][info][gc,heap     ] GC(83)      Used:      126M (12%)         126M (12%)          46M (4%)           44M (4%)          126M (12%)          44M (4%)     
[18.547s][info][gc,heap     ] GC(83)      Live:         -                32M (3%)           32M (3%)           32M (3%)             -                  -          
[18.547s][info][gc,heap     ] GC(83) Allocated:         -                 0M (0%)            0M (0%)            0M (0%)             -                  -          
[18.547s][info][gc,heap     ] GC(83)   Garbage:         -                93M (9%)           13M (1%)           11M (1%)             -                  -          
[18.547s][info][gc,heap     ] GC(83) Reclaimed:         -                  -                80M (8%)           82M (8%)             -                  -          
[18.547s][info][gc          ] GC(83) Garbage Collection (System.gc()) 126M(12%)->44M(4%)
[18.725s][info][gc,start    ] GC(84) Garbage Collection (System.gc())
[18.725s][info][gc,task     ] GC(84) Using 2 workers
[18.725s][info][gc,phases   ] GC(84) Pause Mark Start 0.008ms
[18.746s][info][gc,phases   ] GC(84) Concurrent Mark 20.684ms
[18.746s][info][gc,phases   ] GC(84) Pause Mark End 0.015ms
[18.746s][info][gc,phases   ] GC(84) Concurrent Mark Free 0.001ms
[18.748s][info][gc,phases   ] GC(84) Concurrent Process Non-Strong References 1.730ms
[18.748s][info][gc,phases   ] GC(84) Concurrent Reset Relocation Set 0.001ms
[18.749s][info][gc,phases   ] GC(84) Concurrent Select Relocation Set 1.274ms
[18.749s][info][gc,phases   ] GC(84) Pause Relocate Start 0.008ms
[18.750s][info][gc,phases   ] GC(84) Concurrent Relocate 0.366ms
[18.750s][info][gc,load     ] GC(84) Load: 0.00/0.00/0.00
[18.750s][info][gc,mmu      ] GC(84) MMU: 2ms/98.3%, 5ms/99.2%, 10ms/99.6%, 20ms/99.8%, 50ms/99.9%, 100ms/99.9%
[18.750s][info][gc,marking  ] GC(84) Mark: 2 stripe(s), 2 proactive flush(es), 1 terminate flush(es), 0 completion(s), 0 continuation(s) 
[18.750s][info][gc,marking  ] GC(84) Mark Stack Usage: 32M
[18.750s][info][gc,nmethod  ] GC(84) NMethods: 1703 registered, 0 unregistered
[18.750s][info][gc,metaspace] GC(84) Metaspace: 12M used, 12M committed, 1088M reserved
[18.750s][info][gc,ref      ] GC(84) Soft: 291 encountered, 0 discovered, 0 enqueued
[18.750s][info][gc,ref      ] GC(84) Weak: 724 encountered, 497 discovered, 0 enqueued
[18.750s][info][gc,ref      ] GC(84) Final: 0 encountered, 0 discovered, 0 enqueued
[18.750s][info][gc,ref      ] GC(84) Phantom: 33 encountered, 21 discovered, 0 enqueued
[18.750s][info][gc,reloc    ] GC(84) Small Pages: 63 / 126M, Empty: 80M, Relocated: 1M, In-Place: 0
[18.750s][info][gc,reloc    ] GC(84) Medium Pages: 0 / 0M, Empty: 0M, Relocated: 0M, In-Place: 0
[18.750s][info][gc,reloc    ] GC(84) Large Pages: 0 / 0M, Empty: 0M, Relocated: 0M, In-Place: 0
[18.750s][info][gc,reloc    ] GC(84) Forwarding Usage: 0M
[18.750s][info][gc,heap     ] GC(84) Min Capacity: 1024M(100%)
[18.750s][info][gc,heap     ] GC(84) Max Capacity: 1024M(100%)
[18.750s][info][gc,heap     ] GC(84) Soft Max Capacity: 1024M(100%)
[18.750s][info][gc,heap     ] GC(84)                Mark Start          Mark End        Relocate Start      Relocate End           High               Low         
[18.750s][info][gc,heap     ] GC(84)  Capacity:     1024M (100%)       1024M (100%)       1024M (100%)       1024M (100%)       1024M (100%)       1024M (100%)   
[18.750s][info][gc,heap     ] GC(84)      Free:      898M (88%)         898M (88%)         978M (96%)         980M (96%)         980M (96%)         898M (88%)    
[18.750s][info][gc,heap     ] GC(84)      Used:      126M (12%)         126M (12%)          46M (4%)           44M (4%)          126M (12%)          44M (4%)     
[18.750s][info][gc,heap     ] GC(84)      Live:         -                32M (3%)           32M (3%)           32M (3%)             -                  -          
[18.750s][info][gc,heap     ] GC(84) Allocated:         -                 0M (0%)            0M (0%)            0M (0%)             -                  -          
[18.750s][info][gc,heap     ] GC(84)   Garbage:         -                93M (9%)           13M (1%)           11M (1%)             -                  -          
[18.750s][info][gc,heap     ] GC(84) Reclaimed:         -                  -                80M (8%)           82M (8%)             -                  -          
[18.750s][info][gc          ] GC(84) Garbage Collection (System.gc()) 126M(12%)->44M(4%)
[18.929s][info][gc,start    ] GC(85) Garbage Collection (System.gc())
[18.929s][info][gc,task     ] GC(85) Using 2 workers
[18.929s][info][gc,phases   ] GC(85) Pause Mark Start 0.005ms
[18.966s][info][gc,phases   ] GC(85) Concurrent Mark 36.839ms
[18.966s][info][gc,phases   ] GC(85) Pause Mark End 0.025ms
[18.966s][info][gc,phases   ] GC(85) Concurrent Mark Free 0.003ms
[18.969s][info][gc,phases   ] GC(85) Concurrent Process Non-Strong References 2.312ms
[18.969s][info][gc,phases   ] GC(85) Concurrent Reset Relocation Set 0.001ms
[18.971s][info][gc,phases   ] GC(85) Concurrent Select Relocation Set 1.907ms
[18.971s][info][gc,phases   ] GC(85) Pause Relocate Start 0.010ms
[18.972s][info][gc,phases   ] GC(85) Concurrent Relocate 0.627ms
[18.972s][info][gc,load     ] GC(85) Load: 0.00/0.00/0.00
[18.972s][info][gc,mmu      ] GC(85) MMU: 2ms/98.3%, 5ms/99.2%, 10ms/99.6%, 20ms/99.8%, 50ms/99.9%, 100ms/99.9%
[18.972s][info][gc,marking  ] GC(85) Mark: 2 stripe(s), 1 proactive flush(es), 1 terminate flush(es), 0 completion(s), 0 continuation(s) 
[18.972s][info][gc,marking  ] GC(85) Mark Stack Usage: 32M
[18.972s][info][gc,nmethod  ] GC(85) NMethods: 1703 registered, 0 unregistered
[18.972s][info][gc,metaspace] GC(85) Metaspace: 12M used, 12M committed, 1088M reserved
[18.972s][info][gc,ref      ] GC(85) Soft: 291 encountered, 0 discovered, 0 enqueued
[18.972s][info][gc,ref      ] GC(85) Weak: 724 encountered, 7 discovered, 0 enqueued
[18.972s][info][gc,ref      ] GC(85) Final: 0 encountered, 0 discovered, 0 enqueued
[18.972s][info][gc,ref      ] GC(85) Phantom: 33 encountered, 20 discovered, 0 enqueued
[18.972s][info][gc,reloc    ] GC(85) Small Pages: 63 / 126M, Empty: 80M, Relocated: 1M, In-Place: 0
[18.972s][info][gc,reloc    ] GC(85) Medium Pages: 0 / 0M, Empty: 0M, Relocated: 0M, In-Place: 0
[18.972s][info][gc,reloc    ] GC(85) Large Pages: 0 / 0M, Empty: 0M, Relocated: 0M, In-Place: 0
[18.972s][info][gc,reloc    ] GC(85) Forwarding Usage: 0M
[18.972s][info][gc,heap     ] GC(85) Min Capacity: 1024M(100%)
[18.972s][info][gc,heap     ] GC(85) Max Capacity: 1024M(100%)
[18.972s][info][gc,heap     ] GC(85) Soft Max Capacity: 1024M(100%)
[18.972s][info][gc,heap     ] GC(85)                Mark Start          Mark End        Relocate Start      Relocate End           High               Low         
[18.972s][info][gc,heap     ] GC(85)  Capacity:     1024M (100%)       1024M (100%)       1024M (100%)       1024M (100%)       1024M (100%)       1024M (100%)   
[18.972s][info][gc,heap     ] GC(85)      Free:      898M (88%)         898M (88%)         978M (96%)         980M (96%)         980M (96%)         898M (88%)    
[18.972s][info][gc,heap     ] GC(85)      Used:      126M (12%)         126M (12%)          46M (4%)           44M (4%)          126M (12%)          44M (4%)     
[18.972s][info][gc,heap     ] GC(85)      Live:         -                32M (3%)           32M (3%)           32M (3%)             -                  -          
[18.972s][info][gc,heap     ] GC(85) Allocated:         -                 0M (0%)            0M (0%)            0M (0%)             -                  -          
[18.972s][info][gc,heap     ] GC(85)   Garbage:         -                93M (9%)           13M (1%)           11M (1%)             -                  -          
[18.972s][info][gc,heap     ] GC(85) Reclaimed:         -                  -                80M (8%)           82M (8%)             -                  -          
[18.972s][info][gc          ] GC(85) Garbage Collection (System.gc()) 126M(12%)->44M(4%)
[19.150s][info][gc,start    ] GC(86) Garbage Collection (System.gc())
[19.150s][info][gc,task     ] GC(86) Using 2 workers
[19.150s][info][gc,phases   ] GC(86) Pause Mark Start 0.005ms
[19.170s][info][gc,phases   ] GC(86) Concurrent Mark 20.342ms
[19.173s][info][gc,phases   ] GC(86) Pause Mark End 0.013ms
[19.173s][info][gc,phases   ] GC(86) Concurrent Mark Free 0.001ms
[19.174s][info][gc,phases   ] GC(86) Concurrent Process Non-Strong References 1.671ms
[19.174s][info][gc,phases   ] GC(86) Concurrent Reset Relocation Set 0.001ms
[19.176s][info][gc,phases   ] GC(86) Concurrent Select Relocation Set 1.623ms
[19.176s][info][gc,phases   ] GC(86) Pause Relocate Start 0.010ms
[19.177s][info][gc,phases   ] GC(86) Concurrent Relocate 0.362ms
[19.177s][info][gc,load     ] GC(86) Load: 0.00/0.00/0.00
[19.177s][info][gc,mmu      ] GC(86) MMU: 2ms/98.3%, 5ms/99.2%, 10ms/99.6%, 20ms/99.8%, 50ms/99.9%, 100ms/99.9%
[19.177s][info][gc,marking  ] GC(86) Mark: 2 stripe(s), 1 proactive flush(es), 1 terminate flush(es), 0 completion(s), 0 continuation(s) 
[19.177s][info][gc,marking  ] GC(86) Mark Stack Usage: 32M
[19.177s][info][gc,nmethod  ] GC(86) NMethods: 1703 registered, 0 unregistered
[19.177s][info][gc,metaspace] GC(86) Metaspace: 12M used, 12M committed, 1088M reserved
[19.177s][info][gc,ref      ] GC(86) Soft: 291 encountered, 0 discovered, 0 enqueued
[19.177s][info][gc,ref      ] GC(86) Weak: 724 encountered, 534 discovered, 0 enqueued
[19.177s][info][gc,ref      ] GC(86) Final: 0 encountered, 0 discovered, 0 enqueued
[19.177s][info][gc,ref      ] GC(86) Phantom: 33 encountered, 20 discovered, 0 enqueued
[19.177s][info][gc,reloc    ] GC(86) Small Pages: 63 / 126M, Empty: 80M, Relocated: 1M, In-Place: 0
[19.177s][info][gc,reloc    ] GC(86) Medium Pages: 0 / 0M, Empty: 0M, Relocated: 0M, In-Place: 0
[19.177s][info][gc,reloc    ] GC(86) Large Pages: 0 / 0M, Empty: 0M, Relocated: 0M, In-Place: 0
[19.177s][info][gc,reloc    ] GC(86) Forwarding Usage: 0M
[19.177s][info][gc,heap     ] GC(86) Min Capacity: 1024M(100%)
[19.177s][info][gc,heap     ] GC(86) Max Capacity: 1024M(100%)
[19.177s][info][gc,heap     ] GC(86) Soft Max Capacity: 1024M(100%)
[19.177s][info][gc,heap     ] GC(86)                Mark Start          Mark End        Relocate Start      Relocate End           High               Low         
[19.177s][info][gc,heap     ] GC(86)  Capacity:     1024M (100%)       1024M (100%)       1024M (100%)       1024M (100%)       1024M (100%)       1024M (100%)   
[19.177s][info][gc,heap     ] GC(86)      Free:      898M (88%)         898M (88%)         978M (96%)         980M (96%)         980M (96%)         898M (88%)    
[19.177s][info][gc,heap     ] GC(86)      Used:      126M (12%)         126M (12%)          46M (4%)           44M (4%)          126M (12%)          44M (4%)     
[19.177s][info][gc,heap     ] GC(86)      Live:         -                32M (3%)           32M (3%)           32M (3%)             -                  -          
[19.177s][info][gc,heap     ] GC(86) Allocated:         -                 0M (0%)            0M (0%)            0M (0%)             -                  -          
[19.177s][info][gc,heap     ] GC(86)   Garbage:         -                93M (9%)           13M (1%)           11M (1%)             -                  -          
[19.177s][info][gc,heap     ] GC(86) Reclaimed:         -                  -                80M (8%)           82M (8%)             -                  -          
[19.177s][info][gc          ] GC(86) Garbage Collection (System.gc()) 126M(12%)->44M(4%)
[19.355s][info][gc,start    ] GC(87) Garbage Collection (System.gc())
[19.355s][info][gc,task     ] GC(87) Using 2 workers
[19.355s][info][gc,phases   ] GC(87) Pause Mark Start 0.005ms
[19.375s][info][gc,phases   ] GC(87) Concurrent Mark 20.510ms
[19.375s][info][gc,phases   ] GC(87) Pause Mark End 0.019ms
[19.376s][info][gc,phases   ] GC(87) Concurrent Mark Free 0.003ms
[19.378s][info][gc,phases   ] GC(87) Concurrent Process Non-Strong References 1.986ms
[19.378s][info][gc,phases   ] GC(87) Concurrent Reset Relocation Set 0.001ms
[19.379s][info][gc,phases   ] GC(87) Concurrent Select Relocation Set 1.707ms
[19.380s][info][gc,phases   ] GC(87) Pause Relocate Start 0.010ms
[19.380s][info][gc,phases   ] GC(87) Concurrent Relocate 0.626ms
[19.380s][info][gc,load     ] GC(87) Load: 0.00/0.00/0.00
[19.380s][info][gc,mmu      ] GC(87) MMU: 2ms/98.3%, 5ms/99.2%, 10ms/99.6%, 20ms/99.8%, 50ms/99.9%, 100ms/99.9%
[19.380s][info][gc,marking  ] GC(87) Mark: 2 stripe(s), 1 proactive flush(es), 1 terminate flush(es), 0 completion(s), 0 continuation(s) 
[19.380s][info][gc,marking  ] GC(87) Mark Stack Usage: 32M
[19.380s][info][gc,nmethod  ] GC(87) NMethods: 1714 registered, 0 unregistered
[19.380s][info][gc,metaspace] GC(87) Metaspace: 12M used, 12M committed, 1088M reserved
[19.380s][info][gc,ref      ] GC(87) Soft: 291 encountered, 0 discovered, 0 enqueued
[19.380s][info][gc,ref      ] GC(87) Weak: 724 encountered, 122 discovered, 0 enqueued
[19.380s][info][gc,ref      ] GC(87) Final: 0 encountered, 0 discovered, 0 enqueued
[19.380s][info][gc,ref      ] GC(87) Phantom: 33 encountered, 28 discovered, 0 enqueued
[19.380s][info][gc,reloc    ] GC(87) Small Pages: 63 / 126M, Empty: 80M, Relocated: 1M, In-Place: 0
[19.380s][info][gc,reloc    ] GC(87) Medium Pages: 0 / 0M, Empty: 0M, Relocated: 0M, In-Place: 0
[19.380s][info][gc,reloc    ] GC(87) Large Pages: 0 / 0M, Empty: 0M, Relocated: 0M, In-Place: 0
[19.380s][info][gc,reloc    ] GC(87) Forwarding Usage: 0M
[19.380s][info][gc,heap     ] GC(87) Min Capacity: 1024M(100%)
[19.380s][info][gc,heap     ] GC(87) Max Capacity: 1024M(100%)
[19.380s][info][gc,heap     ] GC(87) Soft Max Capacity: 1024M(100%)
[19.380s][info][gc,heap     ] GC(87)                Mark Start          Mark End        Relocate Start      Relocate End           High               Low         
[19.380s][info][gc,heap     ] GC(87)  Capacity:     1024M (100%)       1024M (100%)       1024M (100%)       1024M (100%)       1024M (100%)       1024M (100%)   
[19.380s][info][gc,heap     ] GC(87)      Free:      898M (88%)         898M (88%)         978M (96%)         980M (96%)         980M (96%)         898M (88%)    
[19.380s][info][gc,heap     ] GC(87)      Used:      126M (12%)         126M (12%)          46M (4%)           44M (4%)          126M (12%)          44M (4%)     
[19.380s][info][gc,heap     ] GC(87)      Live:         -                32M (3%)           32M (3%)           32M (3%)             -                  -          
[19.380s][info][gc,heap     ] GC(87) Allocated:         -                 0M (0%)            0M (0%)            0M (0%)             -                  -          
[19.380s][info][gc,heap     ] GC(87)   Garbage:         -                93M (9%)           13M (1%)           11M (1%)             -                  -          
[19.380s][info][gc,heap     ] GC(87) Reclaimed:         -                  -                80M (8%)           82M (8%)             -                  -          
[19.380s][info][gc          ] GC(87) Garbage Collection (System.gc()) 126M(12%)->44M(4%)
[19.558s][info][gc,start    ] GC(88) Garbage Collection (System.gc())
[19.558s][info][gc,task     ] GC(88) Using 2 workers
[19.558s][info][gc,phases   ] GC(88) Pause Mark Start 0.008ms
[19.579s][info][gc,phases   ] GC(88) Concurrent Mark 20.909ms
[19.579s][info][gc,phases   ] GC(88) Pause Mark End 0.023ms
[19.579s][info][gc,phases   ] GC(88) Concurrent Mark Free 0.002ms
[19.582s][info][gc,phases   ] GC(88) Concurrent Process Non-Strong References 2.294ms
[19.582s][info][gc,phases   ] GC(88) Concurrent Reset Relocation Set 0.001ms
[19.583s][info][gc,phases   ] GC(88) Concurrent Select Relocation Set 1.531ms
[19.584s][info][gc,phases   ] GC(88) Pause Relocate Start 0.010ms
[19.584s][info][gc,phases   ] GC(88) Concurrent Relocate 0.782ms
[19.584s][info][gc,load     ] GC(88) Load: 0.00/0.00/0.00
[19.584s][info][gc,mmu      ] GC(88) MMU: 2ms/98.3%, 5ms/99.2%, 10ms/99.6%, 20ms/99.8%, 50ms/99.9%, 100ms/99.9%
[19.584s][info][gc,marking  ] GC(88) Mark: 2 stripe(s), 2 proactive flush(es), 1 terminate flush(es), 0 completion(s), 0 continuation(s) 
[19.584s][info][gc,marking  ] GC(88) Mark Stack Usage: 32M
[19.584s][info][gc,nmethod  ] GC(88) NMethods: 1714 registered, 0 unregistered
[19.584s][info][gc,metaspace] GC(88) Metaspace: 12M used, 12M committed, 1088M reserved
[19.584s][info][gc,ref      ] GC(88) Soft: 291 encountered, 0 discovered, 0 enqueued
[19.584s][info][gc,ref      ] GC(88) Weak: 724 encountered, 516 discovered, 0 enqueued
[19.584s][info][gc,ref      ] GC(88) Final: 0 encountered, 0 discovered, 0 enqueued
[19.584s][info][gc,ref      ] GC(88) Phantom: 33 encountered, 20 discovered, 0 enqueued
[19.584s][info][gc,reloc    ] GC(88) Small Pages: 63 / 126M, Empty: 80M, Relocated: 1M, In-Place: 0
[19.585s][info][gc,reloc    ] GC(88) Medium Pages: 0 / 0M, Empty: 0M, Relocated: 0M, In-Place: 0
[19.585s][info][gc,reloc    ] GC(88) Large Pages: 0 / 0M, Empty: 0M, Relocated: 0M, In-Place: 0
[19.585s][info][gc,reloc    ] GC(88) Forwarding Usage: 0M
[19.585s][info][gc,heap     ] GC(88) Min Capacity: 1024M(100%)
[19.585s][info][gc,heap     ] GC(88) Max Capacity: 1024M(100%)
[19.585s][info][gc,heap     ] GC(88) Soft Max Capacity: 1024M(100%)
[19.585s][info][gc,heap     ] GC(88)                Mark Start          Mark End        Relocate Start      Relocate End           High               Low         
[19.585s][info][gc,heap     ] GC(88)  Capacity:     1024M (100%)       1024M (100%)       1024M (100%)       1024M (100%)       1024M (100%)       1024M (100%)   
[19.585s][info][gc,heap     ] GC(88)      Free:      898M (88%)         898M (88%)         978M (96%)         980M (96%)         980M (96%)         898M (88%)    
[19.585s][info][gc,heap     ] GC(88)      Used:      126M (12%)         126M (12%)          46M (4%)           44M (4%)          126M (12%)          44M (4%)     
[19.585s][info][gc,heap     ] GC(88)      Live:         -                32M (3%)           32M (3%)           32M (3%)             -                  -          
[19.585s][info][gc,heap     ] GC(88) Allocated:         -                 0M (0%)            0M (0%)            0M (0%)             -                  -          
[19.585s][info][gc,heap     ] GC(88)   Garbage:         -                93M (9%)           13M (1%)           11M (1%)             -                  -          
[19.585s][info][gc,heap     ] GC(88) Reclaimed:         -                  -                80M (8%)           82M (8%)             -                  -          
[19.585s][info][gc          ] GC(88) Garbage Collection (System.gc()) 126M(12%)->44M(4%)
[19.765s][info][gc,start    ] GC(89) Garbage Collection (System.gc())
[19.765s][info][gc,task     ] GC(89) Using 2 workers
[19.765s][info][gc,phases   ] GC(89) Pause Mark Start 0.007ms
[19.798s][info][gc,phases   ] GC(89) Concurrent Mark 33.005ms
[19.799s][info][gc,phases   ] GC(89) Pause Mark End 0.027ms
[19.799s][info][gc,phases   ] GC(89) Concurrent Mark Free 0.002ms
[19.802s][info][gc,phases   ] GC(89) Concurrent Process Non-Strong References 2.872ms
[19.802s][info][gc,phases   ] GC(89) Concurrent Reset Relocation Set 0.001ms
[19.804s][info][gc,phases   ] GC(89) Concurrent Select Relocation Set 2.014ms
[19.804s][info][gc,phases   ] GC(89) Pause Relocate Start 0.008ms
[19.805s][info][gc,phases   ] GC(89) Concurrent Relocate 0.952ms
[19.805s][info][gc,load     ] GC(89) Load: 0.00/0.00/0.00
[19.805s][info][gc,mmu      ] GC(89) MMU: 2ms/98.3%, 5ms/99.2%, 10ms/99.6%, 20ms/99.8%, 50ms/99.9%, 100ms/99.9%
[19.805s][info][gc,marking  ] GC(89) Mark: 2 stripe(s), 1 proactive flush(es), 1 terminate flush(es), 0 completion(s), 0 continuation(s) 
[19.805s][info][gc,marking  ] GC(89) Mark Stack Usage: 32M
[19.805s][info][gc,nmethod  ] GC(89) NMethods: 1714 registered, 0 unregistered
[19.805s][info][gc,metaspace] GC(89) Metaspace: 12M used, 12M committed, 1088M reserved
[19.805s][info][gc,ref      ] GC(89) Soft: 291 encountered, 0 discovered, 0 enqueued
[19.805s][info][gc,ref      ] GC(89) Weak: 724 encountered, 526 discovered, 0 enqueued
[19.805s][info][gc,ref      ] GC(89) Final: 0 encountered, 0 discovered, 0 enqueued
[19.805s][info][gc,ref      ] GC(89) Phantom: 33 encountered, 21 discovered, 0 enqueued
[19.805s][info][gc,reloc    ] GC(89) Small Pages: 63 / 126M, Empty: 80M, Relocated: 1M, In-Place: 0
[19.805s][info][gc,reloc    ] GC(89) Medium Pages: 0 / 0M, Empty: 0M, Relocated: 0M, In-Place: 0
[19.805s][info][gc,reloc    ] GC(89) Large Pages: 0 / 0M, Empty: 0M, Relocated: 0M, In-Place: 0
[19.805s][info][gc,reloc    ] GC(89) Forwarding Usage: 0M
[19.805s][info][gc,heap     ] GC(89) Min Capacity: 1024M(100%)
[19.805s][info][gc,heap     ] GC(89) Max Capacity: 1024M(100%)
[19.805s][info][gc,heap     ] GC(89) Soft Max Capacity: 1024M(100%)
[19.805s][info][gc,heap     ] GC(89)                Mark Start          Mark End        Relocate Start      Relocate End           High               Low         
[19.805s][info][gc,heap     ] GC(89)  Capacity:     1024M (100%)       1024M (100%)       1024M (100%)       1024M (100%)       1024M (100%)       1024M (100%)   
[19.805s][info][gc,heap     ] GC(89)      Free:      898M (88%)         898M (88%)         978M (96%)         980M (96%)         980M (96%)         898M (88%)    
[19.805s][info][gc,heap     ] GC(89)      Used:      126M (12%)         126M (12%)          46M (4%)           44M (4%)          126M (12%)          44M (4%)     
[19.805s][info][gc,heap     ] GC(89)      Live:         -                32M (3%)           32M (3%)           32M (3%)             -                  -          
[19.805s][info][gc,heap     ] GC(89) Allocated:         -                 0M (0%)            0M (0%)            0M (0%)             -                  -          
[19.805s][info][gc,heap     ] GC(89)   Garbage:         -                93M (9%)           13M (1%)           11M (1%)             -                  -          
[19.805s][info][gc,heap     ] GC(89) Reclaimed:         -                  -                80M (8%)           82M (8%)             -                  -          
[19.805s][info][gc          ] GC(89) Garbage Collection (System.gc()) 126M(12%)->44M(4%)
[19.983s][info][gc,start    ] GC(90) Garbage Collection (System.gc())
[19.983s][info][gc,task     ] GC(90) Using 2 workers
[19.983s][info][gc,phases   ] GC(90) Pause Mark Start 0.008ms
[20.002s][info][gc,phases   ] GC(90) Concurrent Mark 18.711ms
[20.002s][info][gc,phases   ] GC(90) Pause Mark End 0.016ms
[20.002s][info][gc,phases   ] GC(90) Concurrent Mark Free 0.002ms
[20.004s][info][gc,phases   ] GC(90) Concurrent Process Non-Strong References 2.030ms
[20.004s][info][gc,phases   ] GC(90) Concurrent Reset Relocation Set 0.001ms
[20.006s][info][gc,phases   ] GC(90) Concurrent Select Relocation Set 1.444ms
[20.006s][info][gc,phases   ] GC(90) Pause Relocate Start 0.007ms
[20.006s][info][gc,phases   ] GC(90) Concurrent Relocate 0.367ms
[20.006s][info][gc,load     ] GC(90) Load: 0.00/0.00/0.00
[20.006s][info][gc,mmu      ] GC(90) MMU: 2ms/98.3%, 5ms/99.2%, 10ms/99.6%, 20ms/99.8%, 50ms/99.9%, 100ms/99.9%
[20.006s][info][gc,marking  ] GC(90) Mark: 2 stripe(s), 1 proactive flush(es), 1 terminate flush(es), 0 completion(s), 0 continuation(s) 
[20.006s][info][gc,marking  ] GC(90) Mark Stack Usage: 32M
[20.006s][info][gc,nmethod  ] GC(90) NMethods: 1717 registered, 0 unregistered
[20.006s][info][gc,metaspace] GC(90) Metaspace: 12M used, 12M committed, 1088M reserved
[20.006s][info][gc,ref      ] GC(90) Soft: 291 encountered, 0 discovered, 0 enqueued
[20.006s][info][gc,ref      ] GC(90) Weak: 724 encountered, 3 discovered, 0 enqueued
[20.006s][info][gc,ref      ] GC(90) Final: 0 encountered, 0 discovered, 0 enqueued
[20.006s][info][gc,ref      ] GC(90) Phantom: 33 encountered, 21 discovered, 0 enqueued
[20.006s][info][gc,reloc    ] GC(90) Small Pages: 63 / 126M, Empty: 78M, Relocated: 1M, In-Place: 0
[20.006s][info][gc,reloc    ] GC(90) Medium Pages: 0 / 0M, Empty: 0M, Relocated: 0M, In-Place: 0
[20.006s][info][gc,reloc    ] GC(90) Large Pages: 0 / 0M, Empty: 0M, Relocated: 0M, In-Place: 0
[20.006s][info][gc,reloc    ] GC(90) Forwarding Usage: 0M
[20.006s][info][gc,heap     ] GC(90) Min Capacity: 1024M(100%)
[20.006s][info][gc,heap     ] GC(90) Max Capacity: 1024M(100%)
[20.006s][info][gc,heap     ] GC(90) Soft Max Capacity: 1024M(100%)
[20.006s][info][gc,heap     ] GC(90)                Mark Start          Mark End        Relocate Start      Relocate End           High               Low         
[20.006s][info][gc,heap     ] GC(90)  Capacity:     1024M (100%)       1024M (100%)       1024M (100%)       1024M (100%)       1024M (100%)       1024M (100%)   
[20.006s][info][gc,heap     ] GC(90)      Free:      898M (88%)         898M (88%)         976M (95%)         980M (96%)         980M (96%)         898M (88%)    
[20.006s][info][gc,heap     ] GC(90)      Used:      126M (12%)         126M (12%)          48M (5%)           44M (4%)          126M (12%)          44M (4%)     
[20.006s][info][gc,heap     ] GC(90)      Live:         -                32M (3%)           32M (3%)           32M (3%)             -                  -          
[20.006s][info][gc,heap     ] GC(90) Allocated:         -                 0M (0%)            0M (0%)            0M (0%)             -                  -          
[20.006s][info][gc,heap     ] GC(90)   Garbage:         -                93M (9%)           15M (1%)           11M (1%)             -                  -          
[20.006s][info][gc,heap     ] GC(90) Reclaimed:         -                  -                78M (8%)           82M (8%)             -                  -          
[20.006s][info][gc          ] GC(90) Garbage Collection (System.gc()) 126M(12%)->44M(4%)
[20.080s][info][gc,stats    ] === Garbage Collection Statistics =======================================================================================================================
[20.081s][info][gc,stats    ]                                                              Last 10s              Last 10m              Last 10h                Total
[20.081s][info][gc,stats    ]                                                              Avg / Max             Avg / Max             Avg / Max             Avg / Max
[20.081s][info][gc,stats    ]   Collector: Garbage Collection Cycle                     31.568 / 43.688       32.822 / 66.002       32.822 / 66.002       32.822 / 66.002      ms
[20.081s][info][gc,stats    ]  Contention: Mark Segment Reset Contention                     0 / 2                 0 / 2                 0 / 2                 0 / 2           ops/s
[20.081s][info][gc,stats    ]  Contention: Mark SeqNum Reset Contention                      0 / 2                 0 / 2                 0 / 2                 0 / 2           ops/s
[20.081s][info][gc,stats    ]    Critical: Allocation Stall                                  0 / 0                 0 / 0                 0 / 0                 0 / 0           ops/s
[20.081s][info][gc,stats    ]    Critical: Allocation Stall                              0.000 / 0.000         0.000 / 0.000         0.000 / 0.000         0.000 / 0.000       ms
[20.081s][info][gc,stats    ]    Critical: GC Locker Stall                                   0 / 0                 0 / 0                 0 / 0                 0 / 0           ops/s
[20.081s][info][gc,stats    ]    Critical: GC Locker Stall                               0.000 / 0.000         0.000 / 0.000         0.000 / 0.000         0.000 / 0.000       ms
[20.081s][info][gc,stats    ]    Critical: Relocation Stall                                  0 / 0                 0 / 0                 0 / 0                 0 / 0           ops/s
[20.081s][info][gc,stats    ]    Critical: Relocation Stall                              0.000 / 0.000         0.000 / 0.000         0.000 / 0.000         0.000 / 0.000       ms
[20.081s][info][gc,stats    ]      Memory: Allocation Rate                                 390 / 402             375 / 426             375 / 426             375 / 426         MB/s
[20.081s][info][gc,stats    ]      Memory: Out Of Memory                                     0 / 0                 0 / 0                 0 / 0                 0 / 0           ops/s
[20.081s][info][gc,stats    ]      Memory: Page Cache Flush                                  0 / 0                 0 / 0                 0 / 0                 0 / 0           MB/s
[20.081s][info][gc,stats    ]      Memory: Page Cache Hit L1                               204 / 211             193 / 213             193 / 213             193 / 213         ops/s
[20.081s][info][gc,stats    ]      Memory: Page Cache Hit L2                                 0 / 0                 0 / 0                 0 / 0                 0 / 0           ops/s
[20.081s][info][gc,stats    ]      Memory: Page Cache Hit L3                                 0 / 0                 4 / 44                4 / 44                4 / 44          ops/s
[20.081s][info][gc,stats    ]      Memory: Page Cache Miss                                   0 / 0                 0 / 1                 0 / 1                 0 / 1           ops/s
[20.081s][info][gc,stats    ]      Memory: Uncommit                                          0 / 0                 0 / 0                 0 / 0                 0 / 0           MB/s
[20.081s][info][gc,stats    ]      Memory: Undo Object Allocation Failed                     0 / 0                 0 / 0                 0 / 0                 0 / 0           ops/s
[20.081s][info][gc,stats    ]      Memory: Undo Object Allocation Succeeded                  0 / 0                 0 / 0                 0 / 0                 0 / 0           ops/s
[20.081s][info][gc,stats    ]      Memory: Undo Page Allocation                              0 / 0                 0 / 0                 0 / 0                 0 / 0           ops/s
[20.081s][info][gc,stats    ]       Phase: Concurrent Mark                              26.523 / 38.284       27.828 / 53.581       27.828 / 53.581       27.828 / 53.581      ms
[20.081s][info][gc,stats    ]       Phase: Concurrent Mark Continue                      0.000 / 0.000         0.000 / 0.000         0.000 / 0.000         0.000 / 0.000       ms
[20.081s][info][gc,stats    ]       Phase: Concurrent Mark Free                          0.002 / 0.004         0.002 / 0.004         0.002 / 0.004         0.002 / 0.004       ms
[20.081s][info][gc,stats    ]       Phase: Concurrent Process Non-Strong References      2.064 / 2.872         2.005 / 2.872         2.005 / 2.872         2.005 / 2.872       ms
[20.081s][info][gc,stats    ]       Phase: Concurrent Relocate                           0.579 / 0.952         0.580 / 3.330         0.580 / 3.330         0.580 / 3.330       ms
[20.081s][info][gc,stats    ]       Phase: Concurrent Reset Relocation Set               0.001 / 0.002         0.001 / 0.006         0.001 / 0.006         0.001 / 0.006       ms
[20.081s][info][gc,stats    ]       Phase: Concurrent Select Relocation Set              1.544 / 2.249         1.589 / 6.396         1.589 / 6.396         1.589 / 6.396       ms
[20.081s][info][gc,stats    ]       Phase: Pause Mark End                                0.019 / 0.032         0.020 / 0.033         0.020 / 0.033         0.020 / 0.033       ms
[20.081s][info][gc,stats    ]       Phase: Pause Mark Start                              0.006 / 0.013         0.006 / 0.014         0.006 / 0.014         0.006 / 0.014       ms
[20.081s][info][gc,stats    ]       Phase: Pause Relocate Start                          0.009 / 0.011         0.008 / 0.013         0.008 / 0.013         0.008 / 0.013       ms
[20.081s][info][gc,stats    ]    Subphase: Concurrent Classes Purge                      0.088 / 0.142         0.084 / 0.142         0.084 / 0.142         0.084 / 0.142       ms
[20.081s][info][gc,stats    ]    Subphase: Concurrent Classes Unlink                     1.459 / 2.006         1.405 / 2.006         1.405 / 2.006         1.405 / 2.006       ms
[20.081s][info][gc,stats    ]    Subphase: Concurrent Mark                              23.033 / 37.582       24.057 / 52.934       24.057 / 52.934       24.057 / 52.934      ms
[20.081s][info][gc,stats    ]    Subphase: Concurrent Mark Try Flush                     0.102 / 0.356         0.104 / 0.455         0.104 / 0.455         0.104 / 0.455       ms
[20.081s][info][gc,stats    ]    Subphase: Concurrent Mark Try Terminate                 3.540 / 16.870        3.852 / 16.870        3.852 / 16.870        3.852 / 16.870      ms
[20.081s][info][gc,stats    ]    Subphase: Concurrent References Enqueue                 0.000 / 0.001         0.000 / 0.005         0.000 / 0.005         0.000 / 0.005       ms
[20.081s][info][gc,stats    ]    Subphase: Concurrent References Process                 0.134 / 0.228         0.137 / 0.307         0.137 / 0.307         0.137 / 0.307       ms
[20.081s][info][gc,stats    ]    Subphase: Concurrent Roots ClassLoaderDataGraph         0.055 / 0.168         0.053 / 0.207         0.053 / 0.207         0.053 / 0.207       ms
[20.081s][info][gc,stats    ]    Subphase: Concurrent Roots CodeCache                    0.000 / 0.000         0.000 / 0.000         0.000 / 0.000         0.000 / 0.000       ms
[20.081s][info][gc,stats    ]    Subphase: Concurrent Roots JavaThreads                  0.259 / 0.560         0.250 / 0.610         0.250 / 0.610         0.250 / 0.610       ms
[20.081s][info][gc,stats    ]    Subphase: Concurrent Roots OopStorageSet                0.013 / 0.024         0.012 / 0.041         0.012 / 0.041         0.012 / 0.041       ms
[20.081s][info][gc,stats    ]    Subphase: Concurrent Weak Roots OopStorageSet           0.219 / 0.333         0.220 / 0.333         0.220 / 0.333         0.220 / 0.333       ms
[20.081s][info][gc,stats    ]    Subphase: Pause Mark Try Complete                       0.000 / 0.000         0.000 / 0.000         0.000 / 0.000         0.000 / 0.000       ms
[20.082s][info][gc,stats    ]      System: Java Threads                                     12 / 12               12 / 13               12 / 13               12 / 13          threads
[20.082s][info][gc,stats    ] =========================================================================================================================================================
[20.184s][info][gc,start    ] GC(91) Garbage Collection (System.gc())
[20.184s][info][gc,task     ] GC(91) Using 2 workers
[20.184s][info][gc,phases   ] GC(91) Pause Mark Start 0.005ms
[20.206s][info][gc,phases   ] GC(91) Concurrent Mark 21.284ms
[20.206s][info][gc,phases   ] GC(91) Pause Mark End 0.024ms
[20.206s][info][gc,phases   ] GC(91) Concurrent Mark Free 0.003ms
[20.208s][info][gc,phases   ] GC(91) Concurrent Process Non-Strong References 2.204ms
[20.208s][info][gc,phases   ] GC(91) Concurrent Reset Relocation Set 0.001ms
[20.210s][info][gc,phases   ] GC(91) Concurrent Select Relocation Set 1.551ms
[20.210s][info][gc,phases   ] GC(91) Pause Relocate Start 0.008ms
[20.211s][info][gc,phases   ] GC(91) Concurrent Relocate 0.613ms
[20.211s][info][gc,load     ] GC(91) Load: 0.00/0.00/0.00
[20.211s][info][gc,mmu      ] GC(91) MMU: 2ms/98.3%, 5ms/99.2%, 10ms/99.6%, 20ms/99.8%, 50ms/99.9%, 100ms/99.9%
[20.211s][info][gc,marking  ] GC(91) Mark: 2 stripe(s), 2 proactive flush(es), 1 terminate flush(es), 0 completion(s), 0 continuation(s) 
[20.211s][info][gc,marking  ] GC(91) Mark Stack Usage: 32M
[20.211s][info][gc,nmethod  ] GC(91) NMethods: 1717 registered, 0 unregistered
[20.211s][info][gc,metaspace] GC(91) Metaspace: 12M used, 12M committed, 1088M reserved
[20.211s][info][gc,ref      ] GC(91) Soft: 291 encountered, 0 discovered, 0 enqueued
[20.211s][info][gc,ref      ] GC(91) Weak: 724 encountered, 59 discovered, 0 enqueued
[20.211s][info][gc,ref      ] GC(91) Final: 0 encountered, 0 discovered, 0 enqueued
[20.211s][info][gc,ref      ] GC(91) Phantom: 33 encountered, 20 discovered, 0 enqueued
[20.211s][info][gc,reloc    ] GC(91) Small Pages: 63 / 126M, Empty: 80M, Relocated: 1M, In-Place: 0
[20.211s][info][gc,reloc    ] GC(91) Medium Pages: 0 / 0M, Empty: 0M, Relocated: 0M, In-Place: 0
[20.211s][info][gc,reloc    ] GC(91) Large Pages: 0 / 0M, Empty: 0M, Relocated: 0M, In-Place: 0
[20.211s][info][gc,reloc    ] GC(91) Forwarding Usage: 0M
[20.211s][info][gc,heap     ] GC(91) Min Capacity: 1024M(100%)
[20.211s][info][gc,heap     ] GC(91) Max Capacity: 1024M(100%)
[20.211s][info][gc,heap     ] GC(91) Soft Max Capacity: 1024M(100%)
[20.211s][info][gc,heap     ] GC(91)                Mark Start          Mark End        Relocate Start      Relocate End           High               Low         
[20.211s][info][gc,heap     ] GC(91)  Capacity:     1024M (100%)       1024M (100%)       1024M (100%)       1024M (100%)       1024M (100%)       1024M (100%)   
[20.211s][info][gc,heap     ] GC(91)      Free:      898M (88%)         898M (88%)         978M (96%)         980M (96%)         980M (96%)         898M (88%)    
[20.211s][info][gc,heap     ] GC(91)      Used:      126M (12%)         126M (12%)          46M (4%)           44M (4%)          126M (12%)          44M (4%)     
[20.211s][info][gc,heap     ] GC(91)      Live:         -                32M (3%)           32M (3%)           32M (3%)             -                  -          
[20.211s][info][gc,heap     ] GC(91) Allocated:         -                 0M (0%)            0M (0%)            0M (0%)             -                  -          
[20.211s][info][gc,heap     ] GC(91)   Garbage:         -                93M (9%)           13M (1%)           11M (1%)             -                  -          
[20.211s][info][gc,heap     ] GC(91) Reclaimed:         -                  -                80M (8%)           82M (8%)             -                  -          
[20.211s][info][gc          ] GC(91) Garbage Collection (System.gc()) 126M(12%)->44M(4%)
[20.388s][info][gc,start    ] GC(92) Garbage Collection (System.gc())
[20.388s][info][gc,task     ] GC(92) Using 2 workers
[20.388s][info][gc,phases   ] GC(92) Pause Mark Start 0.005ms
[20.426s][info][gc,phases   ] GC(92) Concurrent Mark 37.554ms
[20.426s][info][gc,phases   ] GC(92) Pause Mark End 0.029ms
[20.426s][info][gc,phases   ] GC(92) Concurrent Mark Free 0.001ms
[20.428s][info][gc,phases   ] GC(92) Concurrent Process Non-Strong References 1.924ms
[20.428s][info][gc,phases   ] GC(92) Concurrent Reset Relocation Set 0.001ms
[20.430s][info][gc,phases   ] GC(92) Concurrent Select Relocation Set 1.888ms
[20.430s][info][gc,phases   ] GC(92) Pause Relocate Start 0.010ms
[20.431s][info][gc,phases   ] GC(92) Concurrent Relocate 0.691ms
[20.431s][info][gc,load     ] GC(92) Load: 0.00/0.00/0.00
[20.431s][info][gc,mmu      ] GC(92) MMU: 2ms/98.3%, 5ms/99.2%, 10ms/99.6%, 20ms/99.8%, 50ms/99.9%, 100ms/99.9%
[20.431s][info][gc,marking  ] GC(92) Mark: 2 stripe(s), 1 proactive flush(es), 1 terminate flush(es), 0 completion(s), 0 continuation(s) 
[20.431s][info][gc,marking  ] GC(92) Mark Stack Usage: 32M
[20.431s][info][gc,nmethod  ] GC(92) NMethods: 1717 registered, 0 unregistered
[20.431s][info][gc,metaspace] GC(92) Metaspace: 12M used, 12M committed, 1088M reserved
[20.431s][info][gc,ref      ] GC(92) Soft: 291 encountered, 0 discovered, 0 enqueued
[20.431s][info][gc,ref      ] GC(92) Weak: 724 encountered, 508 discovered, 0 enqueued
[20.431s][info][gc,ref      ] GC(92) Final: 0 encountered, 0 discovered, 0 enqueued
[20.431s][info][gc,ref      ] GC(92) Phantom: 33 encountered, 20 discovered, 0 enqueued
[20.431s][info][gc,reloc    ] GC(92) Small Pages: 63 / 126M, Empty: 80M, Relocated: 1M, In-Place: 0
[20.431s][info][gc,reloc    ] GC(92) Medium Pages: 0 / 0M, Empty: 0M, Relocated: 0M, In-Place: 0
[20.431s][info][gc,reloc    ] GC(92) Large Pages: 0 / 0M, Empty: 0M, Relocated: 0M, In-Place: 0
[20.431s][info][gc,reloc    ] GC(92) Forwarding Usage: 0M
[20.431s][info][gc,heap     ] GC(92) Min Capacity: 1024M(100%)
[20.431s][info][gc,heap     ] GC(92) Max Capacity: 1024M(100%)
[20.431s][info][gc,heap     ] GC(92) Soft Max Capacity: 1024M(100%)
[20.431s][info][gc,heap     ] GC(92)                Mark Start          Mark End        Relocate Start      Relocate End           High               Low         
[20.431s][info][gc,heap     ] GC(92)  Capacity:     1024M (100%)       1024M (100%)       1024M (100%)       1024M (100%)       1024M (100%)       1024M (100%)   
[20.431s][info][gc,heap     ] GC(92)      Free:      898M (88%)         898M (88%)         978M (96%)         980M (96%)         980M (96%)         898M (88%)    
[20.431s][info][gc,heap     ] GC(92)      Used:      126M (12%)         126M (12%)          46M (4%)           44M (4%)          126M (12%)          44M (4%)     
[20.431s][info][gc,heap     ] GC(92)      Live:         -                32M (3%)           32M (3%)           32M (3%)             -                  -          
[20.431s][info][gc,heap     ] GC(92) Allocated:         -                 0M (0%)            0M (0%)            0M (0%)             -                  -          
[20.431s][info][gc,heap     ] GC(92)   Garbage:         -                93M (9%)           13M (1%)           11M (1%)             -                  -          
[20.431s][info][gc,heap     ] GC(92) Reclaimed:         -                  -                80M (8%)           82M (8%)             -                  -          
[20.431s][info][gc          ] GC(92) Garbage Collection (System.gc()) 126M(12%)->44M(4%)
[20.610s][info][gc,start    ] GC(93) Garbage Collection (System.gc())
[20.610s][info][gc,task     ] GC(93) Using 2 workers
[20.610s][info][gc,phases   ] GC(93) Pause Mark Start 0.006ms
[20.645s][info][gc,phases   ] GC(93) Concurrent Mark 34.970ms
[20.646s][info][gc,phases   ] GC(93) Pause Mark End 0.026ms
[20.646s][info][gc,phases   ] GC(93) Concurrent Mark Free 0.001ms
[20.648s][info][gc,phases   ] GC(93) Concurrent Process Non-Strong References 2.215ms
[20.648s][info][gc,phases   ] GC(93) Concurrent Reset Relocation Set 0.001ms
[20.649s][info][gc,phases   ] GC(93) Concurrent Select Relocation Set 1.355ms
[20.650s][info][gc,phases   ] GC(93) Pause Relocate Start 0.010ms
[20.650s][info][gc,phases   ] GC(93) Concurrent Relocate 0.644ms
[20.651s][info][gc,load     ] GC(93) Load: 0.00/0.00/0.00
[20.651s][info][gc,mmu      ] GC(93) MMU: 2ms/98.3%, 5ms/99.2%, 10ms/99.6%, 20ms/99.8%, 50ms/99.9%, 100ms/99.9%
[20.651s][info][gc,marking  ] GC(93) Mark: 2 stripe(s), 1 proactive flush(es), 1 terminate flush(es), 0 completion(s), 0 continuation(s) 
[20.651s][info][gc,marking  ] GC(93) Mark Stack Usage: 32M
[20.651s][info][gc,nmethod  ] GC(93) NMethods: 1717 registered, 0 unregistered
[20.651s][info][gc,metaspace] GC(93) Metaspace: 12M used, 12M committed, 1088M reserved
[20.651s][info][gc,ref      ] GC(93) Soft: 291 encountered, 0 discovered, 0 enqueued
[20.651s][info][gc,ref      ] GC(93) Weak: 724 encountered, 22 discovered, 0 enqueued
[20.651s][info][gc,ref      ] GC(93) Final: 0 encountered, 0 discovered, 0 enqueued
[20.651s][info][gc,ref      ] GC(93) Phantom: 33 encountered, 21 discovered, 0 enqueued
[20.651s][info][gc,reloc    ] GC(93) Small Pages: 63 / 126M, Empty: 80M, Relocated: 1M, In-Place: 0
[20.651s][info][gc,reloc    ] GC(93) Medium Pages: 0 / 0M, Empty: 0M, Relocated: 0M, In-Place: 0
[20.651s][info][gc,reloc    ] GC(93) Large Pages: 0 / 0M, Empty: 0M, Relocated: 0M, In-Place: 0
[20.651s][info][gc,reloc    ] GC(93) Forwarding Usage: 0M
[20.651s][info][gc,heap     ] GC(93) Min Capacity: 1024M(100%)
[20.651s][info][gc,heap     ] GC(93) Max Capacity: 1024M(100%)
[20.651s][info][gc,heap     ] GC(93) Soft Max Capacity: 1024M(100%)
[20.651s][info][gc,heap     ] GC(93)                Mark Start          Mark End        Relocate Start      Relocate End           High               Low         
[20.651s][info][gc,heap     ] GC(93)  Capacity:     1024M (100%)       1024M (100%)       1024M (100%)       1024M (100%)       1024M (100%)       1024M (100%)   
[20.651s][info][gc,heap     ] GC(93)      Free:      898M (88%)         898M (88%)         978M (96%)         980M (96%)         980M (96%)         898M (88%)    
[20.651s][info][gc,heap     ] GC(93)      Used:      126M (12%)         126M (12%)          46M (4%)           44M (4%)          126M (12%)          44M (4%)     
[20.651s][info][gc,heap     ] GC(93)      Live:         -                32M (3%)           32M (3%)           32M (3%)             -                  -          
[20.651s][info][gc,heap     ] GC(93) Allocated:         -                 0M (0%)            0M (0%)            0M (0%)             -                  -          
[20.651s][info][gc,heap     ] GC(93)   Garbage:         -                93M (9%)           13M (1%)           11M (1%)             -                  -          
[20.651s][info][gc,heap     ] GC(93) Reclaimed:         -                  -                80M (8%)           82M (8%)             -                  -          
[20.651s][info][gc          ] GC(93) Garbage Collection (System.gc()) 126M(12%)->44M(4%)
[20.830s][info][gc,start    ] GC(94) Garbage Collection (System.gc())
[20.830s][info][gc,task     ] GC(94) Using 2 workers
[20.830s][info][gc,phases   ] GC(94) Pause Mark Start 0.008ms
[20.849s][info][gc,phases   ] GC(94) Concurrent Mark 19.085ms
[20.849s][info][gc,phases   ] GC(94) Pause Mark End 0.016ms
[20.849s][info][gc,phases   ] GC(94) Concurrent Mark Free 0.002ms
[20.851s][info][gc,phases   ] GC(94) Concurrent Process Non-Strong References 1.826ms
[20.851s][info][gc,phases   ] GC(94) Concurrent Reset Relocation Set 0.001ms
[20.853s][info][gc,phases   ] GC(94) Concurrent Select Relocation Set 1.632ms
[20.853s][info][gc,phases   ] GC(94) Pause Relocate Start 0.009ms
[20.854s][info][gc,phases   ] GC(94) Concurrent Relocate 0.576ms
[20.854s][info][gc,load     ] GC(94) Load: 0.00/0.00/0.00
[20.854s][info][gc,mmu      ] GC(94) MMU: 2ms/98.3%, 5ms/99.2%, 10ms/99.6%, 20ms/99.8%, 50ms/99.9%, 100ms/99.9%
[20.854s][info][gc,marking  ] GC(94) Mark: 2 stripe(s), 1 proactive flush(es), 1 terminate flush(es), 0 completion(s), 0 continuation(s) 
[20.854s][info][gc,marking  ] GC(94) Mark Stack Usage: 32M
[20.854s][info][gc,nmethod  ] GC(94) NMethods: 1718 registered, 0 unregistered
[20.854s][info][gc,metaspace] GC(94) Metaspace: 12M used, 12M committed, 1088M reserved
[20.854s][info][gc,ref      ] GC(94) Soft: 291 encountered, 0 discovered, 0 enqueued
[20.854s][info][gc,ref      ] GC(94) Weak: 724 encountered, 3 discovered, 0 enqueued
[20.854s][info][gc,ref      ] GC(94) Final: 0 encountered, 0 discovered, 0 enqueued
[20.854s][info][gc,ref      ] GC(94) Phantom: 33 encountered, 21 discovered, 0 enqueued
[20.854s][info][gc,reloc    ] GC(94) Small Pages: 63 / 126M, Empty: 80M, Relocated: 1M, In-Place: 0
[20.854s][info][gc,reloc    ] GC(94) Medium Pages: 0 / 0M, Empty: 0M, Relocated: 0M, In-Place: 0
[20.854s][info][gc,reloc    ] GC(94) Large Pages: 0 / 0M, Empty: 0M, Relocated: 0M, In-Place: 0
[20.854s][info][gc,reloc    ] GC(94) Forwarding Usage: 0M
[20.854s][info][gc,heap     ] GC(94) Min Capacity: 1024M(100%)
[20.854s][info][gc,heap     ] GC(94) Max Capacity: 1024M(100%)
[20.854s][info][gc,heap     ] GC(94) Soft Max Capacity: 1024M(100%)
[20.854s][info][gc,heap     ] GC(94)                Mark Start          Mark End        Relocate Start      Relocate End           High               Low         
[20.854s][info][gc,heap     ] GC(94)  Capacity:     1024M (100%)       1024M (100%)       1024M (100%)       1024M (100%)       1024M (100%)       1024M (100%)   
[20.854s][info][gc,heap     ] GC(94)      Free:      898M (88%)         898M (88%)         978M (96%)         980M (96%)         980M (96%)         898M (88%)    
[20.854s][info][gc,heap     ] GC(94)      Used:      126M (12%)         126M (12%)          46M (4%)           44M (4%)          126M (12%)          44M (4%)     
[20.854s][info][gc,heap     ] GC(94)      Live:         -                32M (3%)           32M (3%)           32M (3%)             -                  -          
[20.854s][info][gc,heap     ] GC(94) Allocated:         -                 0M (0%)            0M (0%)            0M (0%)             -                  -          
[20.854s][info][gc,heap     ] GC(94)   Garbage:         -                93M (9%)           13M (1%)           11M (1%)             -                  -          
[20.854s][info][gc,heap     ] GC(94) Reclaimed:         -                  -                80M (8%)           82M (8%)             -                  -          
[20.854s][info][gc          ] GC(94) Garbage Collection (System.gc()) 126M(12%)->44M(4%)
[21.034s][info][gc,start    ] GC(95) Garbage Collection (System.gc())
[21.034s][info][gc,task     ] GC(95) Using 2 workers
[21.034s][info][gc,phases   ] GC(95) Pause Mark Start 0.007ms
[21.054s][info][gc,phases   ] GC(95) Concurrent Mark 20.112ms
[21.054s][info][gc,phases   ] GC(95) Pause Mark End 0.025ms
[21.054s][info][gc,phases   ] GC(95) Concurrent Mark Free 0.001ms
[21.056s][info][gc,phases   ] GC(95) Concurrent Process Non-Strong References 2.044ms
[21.056s][info][gc,phases   ] GC(95) Concurrent Reset Relocation Set 0.001ms
[21.058s][info][gc,phases   ] GC(95) Concurrent Select Relocation Set 1.483ms
[21.058s][info][gc,phases   ] GC(95) Pause Relocate Start 0.009ms
[21.058s][info][gc,phases   ] GC(95) Concurrent Relocate 0.374ms
[21.058s][info][gc,load     ] GC(95) Load: 0.00/0.00/0.00
[21.058s][info][gc,mmu      ] GC(95) MMU: 2ms/98.3%, 5ms/99.2%, 10ms/99.6%, 20ms/99.8%, 50ms/99.9%, 100ms/99.9%
[21.058s][info][gc,marking  ] GC(95) Mark: 2 stripe(s), 1 proactive flush(es), 1 terminate flush(es), 0 completion(s), 0 continuation(s) 
[21.058s][info][gc,marking  ] GC(95) Mark Stack Usage: 32M
[21.058s][info][gc,nmethod  ] GC(95) NMethods: 1724 registered, 0 unregistered
[21.058s][info][gc,metaspace] GC(95) Metaspace: 12M used, 12M committed, 1088M reserved
[21.058s][info][gc,ref      ] GC(95) Soft: 291 encountered, 0 discovered, 0 enqueued
[21.058s][info][gc,ref      ] GC(95) Weak: 724 encountered, 4 discovered, 0 enqueued
[21.058s][info][gc,ref      ] GC(95) Final: 0 encountered, 0 discovered, 0 enqueued
[21.058s][info][gc,ref      ] GC(95) Phantom: 33 encountered, 20 discovered, 0 enqueued
[21.058s][info][gc,reloc    ] GC(95) Small Pages: 63 / 126M, Empty: 80M, Relocated: 1M, In-Place: 0
[21.058s][info][gc,reloc    ] GC(95) Medium Pages: 0 / 0M, Empty: 0M, Relocated: 0M, In-Place: 0
[21.058s][info][gc,reloc    ] GC(95) Large Pages: 0 / 0M, Empty: 0M, Relocated: 0M, In-Place: 0
[21.058s][info][gc,reloc    ] GC(95) Forwarding Usage: 0M
[21.058s][info][gc,heap     ] GC(95) Min Capacity: 1024M(100%)
[21.058s][info][gc,heap     ] GC(95) Max Capacity: 1024M(100%)
[21.058s][info][gc,heap     ] GC(95) Soft Max Capacity: 1024M(100%)
[21.058s][info][gc,heap     ] GC(95)                Mark Start          Mark End        Relocate Start      Relocate End           High               Low         
[21.058s][info][gc,heap     ] GC(95)  Capacity:     1024M (100%)       1024M (100%)       1024M (100%)       1024M (100%)       1024M (100%)       1024M (100%)   
[21.058s][info][gc,heap     ] GC(95)      Free:      898M (88%)         898M (88%)         978M (96%)         980M (96%)         980M (96%)         898M (88%)    
[21.058s][info][gc,heap     ] GC(95)      Used:      126M (12%)         126M (12%)          46M (4%)           44M (4%)          126M (12%)          44M (4%)     
[21.058s][info][gc,heap     ] GC(95)      Live:         -                32M (3%)           32M (3%)           32M (3%)             -                  -          
[21.058s][info][gc,heap     ] GC(95) Allocated:         -                 0M (0%)            0M (0%)            0M (0%)             -                  -          
[21.058s][info][gc,heap     ] GC(95)   Garbage:         -                93M (9%)           13M (1%)           11M (1%)             -                  -          
[21.058s][info][gc,heap     ] GC(95) Reclaimed:         -                  -                80M (8%)           82M (8%)             -                  -          
[21.058s][info][gc          ] GC(95) Garbage Collection (System.gc()) 126M(12%)->44M(4%)
[21.236s][info][gc,start    ] GC(96) Garbage Collection (System.gc())
[21.236s][info][gc,task     ] GC(96) Using 2 workers
[21.236s][info][gc,phases   ] GC(96) Pause Mark Start 0.005ms
[21.257s][info][gc,phases   ] GC(96) Concurrent Mark 21.629ms
[21.257s][info][gc,phases   ] GC(96) Pause Mark End 0.015ms
[21.258s][info][gc,phases   ] GC(96) Concurrent Mark Free 0.001ms
[21.260s][info][gc,phases   ] GC(96) Concurrent Process Non-Strong References 2.475ms
[21.260s][info][gc,phases   ] GC(96) Concurrent Reset Relocation Set 0.001ms
[21.261s][info][gc,phases   ] GC(96) Concurrent Select Relocation Set 1.311ms
[21.261s][info][gc,phases   ] GC(96) Pause Relocate Start 0.007ms
[21.262s][info][gc,phases   ] GC(96) Concurrent Relocate 0.519ms
[21.262s][info][gc,load     ] GC(96) Load: 0.00/0.00/0.00
[21.262s][info][gc,mmu      ] GC(96) MMU: 2ms/98.3%, 5ms/99.2%, 10ms/99.6%, 20ms/99.8%, 50ms/99.9%, 100ms/99.9%
[21.262s][info][gc,marking  ] GC(96) Mark: 2 stripe(s), 3 proactive flush(es), 1 terminate flush(es), 0 completion(s), 0 continuation(s) 
[21.262s][info][gc,marking  ] GC(96) Mark Stack Usage: 32M
[21.262s][info][gc,nmethod  ] GC(96) NMethods: 1725 registered, 0 unregistered
[21.262s][info][gc,metaspace] GC(96) Metaspace: 12M used, 12M committed, 1088M reserved
[21.262s][info][gc,ref      ] GC(96) Soft: 291 encountered, 0 discovered, 0 enqueued
[21.262s][info][gc,ref      ] GC(96) Weak: 724 encountered, 506 discovered, 0 enqueued
[21.262s][info][gc,ref      ] GC(96) Final: 0 encountered, 0 discovered, 0 enqueued
[21.262s][info][gc,ref      ] GC(96) Phantom: 33 encountered, 21 discovered, 0 enqueued
[21.262s][info][gc,reloc    ] GC(96) Small Pages: 63 / 126M, Empty: 80M, Relocated: 1M, In-Place: 0
[21.262s][info][gc,reloc    ] GC(96) Medium Pages: 0 / 0M, Empty: 0M, Relocated: 0M, In-Place: 0
[21.262s][info][gc,reloc    ] GC(96) Large Pages: 0 / 0M, Empty: 0M, Relocated: 0M, In-Place: 0
[21.262s][info][gc,reloc    ] GC(96) Forwarding Usage: 0M
[21.262s][info][gc,heap     ] GC(96) Min Capacity: 1024M(100%)
[21.262s][info][gc,heap     ] GC(96) Max Capacity: 1024M(100%)
[21.262s][info][gc,heap     ] GC(96) Soft Max Capacity: 1024M(100%)
[21.262s][info][gc,heap     ] GC(96)                Mark Start          Mark End        Relocate Start      Relocate End           High               Low         
[21.262s][info][gc,heap     ] GC(96)  Capacity:     1024M (100%)       1024M (100%)       1024M (100%)       1024M (100%)       1024M (100%)       1024M (100%)   
[21.262s][info][gc,heap     ] GC(96)      Free:      898M (88%)         898M (88%)         978M (96%)         980M (96%)         980M (96%)         898M (88%)    
[21.262s][info][gc,heap     ] GC(96)      Used:      126M (12%)         126M (12%)          46M (4%)           44M (4%)          126M (12%)          44M (4%)     
[21.262s][info][gc,heap     ] GC(96)      Live:         -                32M (3%)           32M (3%)           32M (3%)             -                  -          
[21.262s][info][gc,heap     ] GC(96) Allocated:         -                 0M (0%)            0M (0%)            0M (0%)             -                  -          
[21.262s][info][gc,heap     ] GC(96)   Garbage:         -                93M (9%)           13M (1%)           11M (1%)             -                  -          
[21.262s][info][gc,heap     ] GC(96) Reclaimed:         -                  -                80M (8%)           82M (8%)             -                  -          
[21.262s][info][gc          ] GC(96) Garbage Collection (System.gc()) 126M(12%)->44M(4%)
[21.440s][info][gc,start    ] GC(97) Garbage Collection (System.gc())
[21.440s][info][gc,task     ] GC(97) Using 2 workers
[21.440s][info][gc,phases   ] GC(97) Pause Mark Start 0.005ms
[21.462s][info][gc,phases   ] GC(97) Concurrent Mark 21.332ms
[21.462s][info][gc,phases   ] GC(97) Pause Mark End 0.029ms
[21.462s][info][gc,phases   ] GC(97) Concurrent Mark Free 0.002ms
[21.464s][info][gc,phases   ] GC(97) Concurrent Process Non-Strong References 2.109ms
[21.464s][info][gc,phases   ] GC(97) Concurrent Reset Relocation Set 0.001ms
[21.466s][info][gc,phases   ] GC(97) Concurrent Select Relocation Set 1.514ms
[21.466s][info][gc,phases   ] GC(97) Pause Relocate Start 0.005ms
[21.466s][info][gc,phases   ] GC(97) Concurrent Relocate 0.497ms
[21.466s][info][gc,load     ] GC(97) Load: 0.00/0.00/0.00
[21.466s][info][gc,mmu      ] GC(97) MMU: 2ms/98.3%, 5ms/99.2%, 10ms/99.6%, 20ms/99.8%, 50ms/99.9%, 100ms/99.9%
[21.466s][info][gc,marking  ] GC(97) Mark: 2 stripe(s), 2 proactive flush(es), 1 terminate flush(es), 0 completion(s), 0 continuation(s) 
[21.466s][info][gc,marking  ] GC(97) Mark Stack Usage: 32M
[21.466s][info][gc,nmethod  ] GC(97) NMethods: 1731 registered, 0 unregistered
[21.466s][info][gc,metaspace] GC(97) Metaspace: 12M used, 12M committed, 1088M reserved
[21.466s][info][gc,ref      ] GC(97) Soft: 291 encountered, 0 discovered, 0 enqueued
[21.466s][info][gc,ref      ] GC(97) Weak: 724 encountered, 3 discovered, 0 enqueued
[21.466s][info][gc,ref      ] GC(97) Final: 0 encountered, 0 discovered, 0 enqueued
[21.466s][info][gc,ref      ] GC(97) Phantom: 33 encountered, 29 discovered, 0 enqueued
[21.466s][info][gc,reloc    ] GC(97) Small Pages: 63 / 126M, Empty: 80M, Relocated: 1M, In-Place: 0
[21.466s][info][gc,reloc    ] GC(97) Medium Pages: 0 / 0M, Empty: 0M, Relocated: 0M, In-Place: 0
[21.466s][info][gc,reloc    ] GC(97) Large Pages: 0 / 0M, Empty: 0M, Relocated: 0M, In-Place: 0
[21.466s][info][gc,reloc    ] GC(97) Forwarding Usage: 0M
[21.466s][info][gc,heap     ] GC(97) Min Capacity: 1024M(100%)
[21.466s][info][gc,heap     ] GC(97) Max Capacity: 1024M(100%)
[21.467s][info][gc,heap     ] GC(97) Soft Max Capacity: 1024M(100%)
[21.467s][info][gc,heap     ] GC(97)                Mark Start          Mark End        Relocate Start      Relocate End           High               Low         
[21.467s][info][gc,heap     ] GC(97)  Capacity:     1024M (100%)       1024M (100%)       1024M (100%)       1024M (100%)       1024M (100%)       1024M (100%)   
[21.467s][info][gc,heap     ] GC(97)      Free:      898M (88%)         898M (88%)         978M (96%)         980M (96%)         980M (96%)         898M (88%)    
[21.467s][info][gc,heap     ] GC(97)      Used:      126M (12%)         126M (12%)          46M (4%)           44M (4%)          126M (12%)          44M (4%)     
[21.467s][info][gc,heap     ] GC(97)      Live:         -                32M (3%)           32M (3%)           32M (3%)             -                  -          
[21.467s][info][gc,heap     ] GC(97) Allocated:         -                 0M (0%)            0M (0%)            0M (0%)             -                  -          
[21.467s][info][gc,heap     ] GC(97)   Garbage:         -                93M (9%)           13M (1%)           11M (1%)             -                  -          
[21.467s][info][gc,heap     ] GC(97) Reclaimed:         -                  -                80M (8%)           82M (8%)             -                  -          
[21.467s][info][gc          ] GC(97) Garbage Collection (System.gc()) 126M(12%)->44M(4%)
[21.646s][info][gc,start    ] GC(98) Garbage Collection (System.gc())
[21.646s][info][gc,task     ] GC(98) Using 2 workers
[21.646s][info][gc,phases   ] GC(98) Pause Mark Start 0.005ms
[21.682s][info][gc,phases   ] GC(98) Concurrent Mark 35.471ms
[21.682s][info][gc,phases   ] GC(98) Pause Mark End 0.019ms
[21.682s][info][gc,phases   ] GC(98) Concurrent Mark Free 0.002ms
[21.684s][info][gc,phases   ] GC(98) Concurrent Process Non-Strong References 2.074ms
[21.684s][info][gc,phases   ] GC(98) Concurrent Reset Relocation Set 0.001ms
[21.686s][info][gc,phases   ] GC(98) Concurrent Select Relocation Set 1.639ms
[21.686s][info][gc,phases   ] GC(98) Pause Relocate Start 0.007ms
[21.687s][info][gc,phases   ] GC(98) Concurrent Relocate 0.382ms
[21.687s][info][gc,load     ] GC(98) Load: 0.00/0.00/0.00
[21.687s][info][gc,mmu      ] GC(98) MMU: 2ms/98.3%, 5ms/99.2%, 10ms/99.6%, 20ms/99.8%, 50ms/99.9%, 100ms/99.9%
[21.687s][info][gc,marking  ] GC(98) Mark: 2 stripe(s), 1 proactive flush(es), 1 terminate flush(es), 0 completion(s), 0 continuation(s) 
[21.687s][info][gc,marking  ] GC(98) Mark Stack Usage: 32M
[21.687s][info][gc,nmethod  ] GC(98) NMethods: 1731 registered, 0 unregistered
[21.687s][info][gc,metaspace] GC(98) Metaspace: 12M used, 12M committed, 1088M reserved
[21.687s][info][gc,ref      ] GC(98) Soft: 291 encountered, 0 discovered, 0 enqueued
[21.687s][info][gc,ref      ] GC(98) Weak: 724 encountered, 499 discovered, 0 enqueued
[21.687s][info][gc,ref      ] GC(98) Final: 0 encountered, 0 discovered, 0 enqueued
[21.687s][info][gc,ref      ] GC(98) Phantom: 33 encountered, 20 discovered, 0 enqueued
[21.687s][info][gc,reloc    ] GC(98) Small Pages: 63 / 126M, Empty: 80M, Relocated: 1M, In-Place: 0
[21.687s][info][gc,reloc    ] GC(98) Medium Pages: 0 / 0M, Empty: 0M, Relocated: 0M, In-Place: 0
[21.687s][info][gc,reloc    ] GC(98) Large Pages: 0 / 0M, Empty: 0M, Relocated: 0M, In-Place: 0
[21.687s][info][gc,reloc    ] GC(98) Forwarding Usage: 0M
[21.687s][info][gc,heap     ] GC(98) Min Capacity: 1024M(100%)
[21.687s][info][gc,heap     ] GC(98) Max Capacity: 1024M(100%)
[21.687s][info][gc,heap     ] GC(98) Soft Max Capacity: 1024M(100%)
[21.687s][info][gc,heap     ] GC(98)                Mark Start          Mark End        Relocate Start      Relocate End           High               Low         
[21.687s][info][gc,heap     ] GC(98)  Capacity:     1024M (100%)       1024M (100%)       1024M (100%)       1024M (100%)       1024M (100%)       1024M (100%)   
[21.687s][info][gc,heap     ] GC(98)      Free:      898M (88%)         898M (88%)         978M (96%)         980M (96%)         980M (96%)         898M (88%)    
[21.687s][info][gc,heap     ] GC(98)      Used:      126M (12%)         126M (12%)          46M (4%)           44M (4%)          126M (12%)          44M (4%)     
[21.687s][info][gc,heap     ] GC(98)      Live:         -                32M (3%)           32M (3%)           32M (3%)             -                  -          
[21.687s][info][gc,heap     ] GC(98) Allocated:         -                 0M (0%)            0M (0%)            0M (0%)             -                  -          
[21.687s][info][gc,heap     ] GC(98)   Garbage:         -                93M (9%)           13M (1%)           11M (1%)             -                  -          
[21.687s][info][gc,heap     ] GC(98) Reclaimed:         -                  -                80M (8%)           82M (8%)             -                  -          
[21.687s][info][gc          ] GC(98) Garbage Collection (System.gc()) 126M(12%)->44M(4%)
[21.866s][info][gc,start    ] GC(99) Garbage Collection (System.gc())
[21.866s][info][gc,task     ] GC(99) Using 2 workers
[21.866s][info][gc,phases   ] GC(99) Pause Mark Start 0.009ms
[21.886s][info][gc,phases   ] GC(99) Concurrent Mark 20.325ms
[21.886s][info][gc,phases   ] GC(99) Pause Mark End 0.018ms
[21.887s][info][gc,phases   ] GC(99) Concurrent Mark Free 0.002ms
[21.888s][info][gc,phases   ] GC(99) Concurrent Process Non-Strong References 1.861ms
[21.889s][info][gc,phases   ] GC(99) Concurrent Reset Relocation Set 0.001ms
[21.890s][info][gc,phases   ] GC(99) Concurrent Select Relocation Set 1.593ms
[21.890s][info][gc,phases   ] GC(99) Pause Relocate Start 0.009ms
[21.891s][info][gc,phases   ] GC(99) Concurrent Relocate 0.638ms
[21.891s][info][gc,load     ] GC(99) Load: 0.00/0.00/0.00
[21.891s][info][gc,mmu      ] GC(99) MMU: 2ms/98.3%, 5ms/99.2%, 10ms/99.6%, 20ms/99.8%, 50ms/99.9%, 100ms/99.9%
[21.891s][info][gc,marking  ] GC(99) Mark: 2 stripe(s), 1 proactive flush(es), 1 terminate flush(es), 0 completion(s), 0 continuation(s) 
[21.891s][info][gc,marking  ] GC(99) Mark Stack Usage: 32M
[21.891s][info][gc,nmethod  ] GC(99) NMethods: 1732 registered, 0 unregistered
[21.891s][info][gc,metaspace] GC(99) Metaspace: 12M used, 12M committed, 1088M reserved
[21.891s][info][gc,ref      ] GC(99) Soft: 291 encountered, 0 discovered, 0 enqueued
[21.891s][info][gc,ref      ] GC(99) Weak: 724 encountered, 3 discovered, 0 enqueued
[21.891s][info][gc,ref      ] GC(99) Final: 0 encountered, 0 discovered, 0 enqueued
[21.891s][info][gc,ref      ] GC(99) Phantom: 33 encountered, 20 discovered, 0 enqueued
[21.891s][info][gc,reloc    ] GC(99) Small Pages: 63 / 126M, Empty: 78M, Relocated: 1M, In-Place: 0
[21.891s][info][gc,reloc    ] GC(99) Medium Pages: 0 / 0M, Empty: 0M, Relocated: 0M, In-Place: 0
[21.891s][info][gc,reloc    ] GC(99) Large Pages: 0 / 0M, Empty: 0M, Relocated: 0M, In-Place: 0
[21.891s][info][gc,reloc    ] GC(99) Forwarding Usage: 0M
[21.891s][info][gc,heap     ] GC(99) Min Capacity: 1024M(100%)
[21.891s][info][gc,heap     ] GC(99) Max Capacity: 1024M(100%)
[21.891s][info][gc,heap     ] GC(99) Soft Max Capacity: 1024M(100%)
[21.891s][info][gc,heap     ] GC(99)                Mark Start          Mark End        Relocate Start      Relocate End           High               Low         
[21.891s][info][gc,heap     ] GC(99)  Capacity:     1024M (100%)       1024M (100%)       1024M (100%)       1024M (100%)       1024M (100%)       1024M (100%)   
[21.891s][info][gc,heap     ] GC(99)      Free:      898M (88%)         898M (88%)         976M (95%)         980M (96%)         980M (96%)         898M (88%)    
[21.891s][info][gc,heap     ] GC(99)      Used:      126M (12%)         126M (12%)          48M (5%)           44M (4%)          126M (12%)          44M (4%)     
[21.891s][info][gc,heap     ] GC(99)      Live:         -                32M (3%)           32M (3%)           32M (3%)             -                  -          
[21.891s][info][gc,heap     ] GC(99) Allocated:         -                 0M (0%)            0M (0%)            0M (0%)             -                  -          
[21.891s][info][gc,heap     ] GC(99)   Garbage:         -                93M (9%)           15M (1%)           11M (1%)             -                  -          
[21.891s][info][gc,heap     ] GC(99) Reclaimed:         -                  -                78M (8%)           82M (8%)             -                  -          
[21.891s][info][gc          ] GC(99) Garbage Collection (System.gc()) 126M(12%)->44M(4%)
[22.069s][info][gc,start    ] GC(100) Garbage Collection (System.gc())
[22.069s][info][gc,task     ] GC(100) Using 2 workers
[22.069s][info][gc,phases   ] GC(100) Pause Mark Start 0.006ms
[22.105s][info][gc,phases   ] GC(100) Concurrent Mark 35.829ms
[22.105s][info][gc,phases   ] GC(100) Pause Mark End 0.021ms
[22.105s][info][gc,phases   ] GC(100) Concurrent Mark Free 0.003ms
[22.108s][info][gc,phases   ] GC(100) Concurrent Process Non-Strong References 2.076ms
[22.108s][info][gc,phases   ] GC(100) Concurrent Reset Relocation Set 0.001ms
[22.109s][info][gc,phases   ] GC(100) Concurrent Select Relocation Set 1.164ms
[22.109s][info][gc,phases   ] GC(100) Pause Relocate Start 0.008ms
[22.110s][info][gc,phases   ] GC(100) Concurrent Relocate 0.588ms
[22.110s][info][gc,load     ] GC(100) Load: 0.00/0.00/0.00
[22.110s][info][gc,mmu      ] GC(100) MMU: 2ms/98.3%, 5ms/99.2%, 10ms/99.6%, 20ms/99.8%, 50ms/99.9%, 100ms/99.9%
[22.110s][info][gc,marking  ] GC(100) Mark: 2 stripe(s), 2 proactive flush(es), 1 terminate flush(es), 0 completion(s), 0 continuation(s) 
[22.110s][info][gc,marking  ] GC(100) Mark Stack Usage: 32M
[22.110s][info][gc,nmethod  ] GC(100) NMethods: 1733 registered, 0 unregistered
[22.110s][info][gc,metaspace] GC(100) Metaspace: 12M used, 12M committed, 1088M reserved
[22.110s][info][gc,ref      ] GC(100) Soft: 291 encountered, 0 discovered, 0 enqueued
[22.110s][info][gc,ref      ] GC(100) Weak: 724 encountered, 536 discovered, 0 enqueued
[22.110s][info][gc,ref      ] GC(100) Final: 0 encountered, 0 discovered, 0 enqueued
[22.110s][info][gc,ref      ] GC(100) Phantom: 33 encountered, 22 discovered, 0 enqueued
[22.110s][info][gc,reloc    ] GC(100) Small Pages: 63 / 126M, Empty: 80M, Relocated: 1M, In-Place: 0
[22.110s][info][gc,reloc    ] GC(100) Medium Pages: 0 / 0M, Empty: 0M, Relocated: 0M, In-Place: 0
[22.110s][info][gc,reloc    ] GC(100) Large Pages: 0 / 0M, Empty: 0M, Relocated: 0M, In-Place: 0
[22.110s][info][gc,reloc    ] GC(100) Forwarding Usage: 0M
[22.110s][info][gc,heap     ] GC(100) Min Capacity: 1024M(100%)
[22.110s][info][gc,heap     ] GC(100) Max Capacity: 1024M(100%)
[22.110s][info][gc,heap     ] GC(100) Soft Max Capacity: 1024M(100%)
[22.110s][info][gc,heap     ] GC(100)                Mark Start          Mark End        Relocate Start      Relocate End           High               Low         
[22.110s][info][gc,heap     ] GC(100)  Capacity:     1024M (100%)       1024M (100%)       1024M (100%)       1024M (100%)       1024M (100%)       1024M (100%)   
[22.110s][info][gc,heap     ] GC(100)      Free:      898M (88%)         898M (88%)         978M (96%)         980M (96%)         980M (96%)         898M (88%)    
[22.110s][info][gc,heap     ] GC(100)      Used:      126M (12%)         126M (12%)          46M (4%)           44M (4%)          126M (12%)          44M (4%)     
[22.110s][info][gc,heap     ] GC(100)      Live:         -                32M (3%)           32M (3%)           32M (3%)             -                  -          
[22.110s][info][gc,heap     ] GC(100) Allocated:         -                 0M (0%)            0M (0%)            0M (0%)             -                  -          
[22.110s][info][gc,heap     ] GC(100)   Garbage:         -                93M (9%)           13M (1%)           11M (1%)             -                  -          
[22.110s][info][gc,heap     ] GC(100) Reclaimed:         -                  -                80M (8%)           82M (8%)             -                  -          
[22.110s][info][gc          ] GC(100) Garbage Collection (System.gc()) 126M(12%)->44M(4%)
[22.292s][info][gc,heap,exit] Heap
[22.292s][info][gc,heap,exit]  ZHeap           used 132M, capacity 1024M, max capacity 1024M
[22.292s][info][gc,heap,exit]  Metaspace       used 12497K, committed 12736K, reserved 1114112K
[22.292s][info][gc,heap,exit]   class space    used 1667K, committed 1792K, reserved 1048576K
