[0.007s][info][gc,heap] Heap region size: 2M
[0.059s][info][gc     ] Using G1
[0.059s][info][gc,heap,coops] Heap address: 0x0000000700000000, size: 4096 MB, Compressed Oops mode: Zero based, Oop shift amount: 3
[2.559s][info][gc,start     ] GC(0) Pause Young (Concurrent Start) (Metadata GC Threshold)
[2.560s][info][gc,task      ] GC(0) Using 6 workers of 6 for evacuation
[2.565s][info][gc,phases    ] GC(0)   Pre Evacuate Collection Set: 0.0ms
[2.565s][info][gc,phases    ] GC(0)   Evacuate Collection Set: 4.5ms
[2.565s][info][gc,phases    ] GC(0)   Post Evacuate Collection Set: 0.5ms
[2.565s][info][gc,phases    ] GC(0)   Other: 0.7ms
[2.568s][info][gc,heap      ] GC(0) Eden regions: 22->0(99)
[2.568s][info][gc,heap      ] GC(0) Survivor regions: 0->3(13)
[2.568s][info][gc,heap      ] GC(0) Old regions: 0->0
[2.568s][info][gc,heap      ] GC(0) Humongous regions: 0->0
[2.568s][info][gc,metaspace ] GC(0) Metaspace: 20783K(21296K)->20783K(21296K) NonClass: 18304K(18608K)->18304K(18608K) Class: 2478K(2688K)->2478K(2688K)
[2.568s][info][gc           ] GC(0) Pause Young (Concurrent Start) (Metadata GC Threshold) 44M->4M(4096M) 8.193ms
[2.568s][info][gc,cpu       ] GC(0) User=0.00s Sys=0.00s Real=0.00s
[2.568s][info][gc           ] GC(1) Concurrent Cycle
[2.568s][info][gc,marking   ] GC(1) Concurrent Clear Claimed Marks
[2.568s][info][gc,marking   ] GC(1) Concurrent Clear Claimed Marks 0.030ms
[2.568s][info][gc,marking   ] GC(1) Concurrent Scan Root Regions
[2.570s][info][gc,marking   ] GC(1) Concurrent Scan Root Regions 2.026ms
[2.570s][info][gc,marking   ] GC(1) Concurrent Mark (2.570s)
[2.570s][info][gc,marking   ] GC(1) Concurrent Mark From Roots
[2.570s][info][gc,task      ] GC(1) Using 2 workers of 2 for marking
[2.571s][info][gc,marking   ] GC(1) Concurrent Mark From Roots 1.470ms
[2.571s][info][gc,marking   ] GC(1) Concurrent Preclean
[2.572s][info][gc,marking   ] GC(1) Concurrent Preclean 0.032ms
[2.572s][info][gc,marking   ] GC(1) Concurrent Mark (2.570s, 2.572s) 1.545ms
[2.572s][info][gc,start     ] GC(1) Pause Remark
[2.573s][info][gc,stringtable] GC(1) Cleaned string and symbol table, strings: 5537 processed, 0 removed, symbols: 52832 processed, 10 removed
[2.573s][info][gc            ] GC(1) Pause Remark 5M->5M(4096M) 1.531ms
[2.573s][info][gc,cpu        ] GC(1) User=0.00s Sys=0.00s Real=0.00s
[2.573s][info][gc,marking    ] GC(1) Concurrent Rebuild Remembered Sets
[2.573s][info][gc,marking    ] GC(1) Concurrent Rebuild Remembered Sets 0.116ms
[2.573s][info][gc,start      ] GC(1) Pause Cleanup
[2.574s][info][gc            ] GC(1) Pause Cleanup 5M->5M(4096M) 0.128ms
[2.574s][info][gc,cpu        ] GC(1) User=0.00s Sys=0.00s Real=0.00s
[2.574s][info][gc,marking    ] GC(1) Concurrent Cleanup for Next Mark
[2.580s][info][gc,marking    ] GC(1) Concurrent Cleanup for Next Mark 6.256ms
[2.580s][info][gc            ] GC(1) Concurrent Cycle 12.195ms
[12.760s][info][gc,start      ] GC(2) Pause Young (Concurrent Start) (Metadata GC Threshold)
[12.760s][info][gc,task       ] GC(2) Using 6 workers of 6 for evacuation
[12.770s][info][gc,phases     ] GC(2)   Pre Evacuate Collection Set: 0.1ms
[12.770s][info][gc,phases     ] GC(2)   Evacuate Collection Set: 9.1ms
[12.770s][info][gc,phases     ] GC(2)   Post Evacuate Collection Set: 0.7ms
[12.770s][info][gc,phases     ] GC(2)   Other: 0.3ms
[12.770s][info][gc,heap       ] GC(2) Eden regions: 37->0(93)
[12.770s][info][gc,heap       ] GC(2) Survivor regions: 3->9(13)
[12.770s][info][gc,heap       ] GC(2) Old regions: 0->0
[12.770s][info][gc,heap       ] GC(2) Humongous regions: 3->3
[12.770s][info][gc,metaspace  ] GC(2) Metaspace: 34999K(35964K)->34999K(35964K) NonClass: 30673K(31152K)->30673K(31152K) Class: 4326K(4812K)->4326K(4812K)
[12.770s][info][gc            ] GC(2) Pause Young (Concurrent Start) (Metadata GC Threshold) 83M->22M(4096M) 10.282ms
[12.770s][info][gc,cpu        ] GC(2) User=0.00s Sys=0.00s Real=0.00s
[12.770s][info][gc            ] GC(3) Concurrent Cycle
[12.770s][info][gc,marking    ] GC(3) Concurrent Clear Claimed Marks
[12.770s][info][gc,marking    ] GC(3) Concurrent Clear Claimed Marks 0.118ms
[12.771s][info][gc,marking    ] GC(3) Concurrent Scan Root Regions
[12.773s][info][gc,marking    ] GC(3) Concurrent Scan Root Regions 2.129ms
[12.773s][info][gc,marking    ] GC(3) Concurrent Mark (12.773s)
[12.773s][info][gc,marking    ] GC(3) Concurrent Mark From Roots
[12.773s][info][gc,task       ] GC(3) Using 2 workers of 2 for marking
[12.775s][info][gc,marking    ] GC(3) Concurrent Mark From Roots 2.131ms
[12.775s][info][gc,marking    ] GC(3) Concurrent Preclean
[12.775s][info][gc,marking    ] GC(3) Concurrent Preclean 0.031ms
[12.775s][info][gc,marking    ] GC(3) Concurrent Mark (12.773s, 12.775s) 2.212ms
[12.775s][info][gc,start      ] GC(3) Pause Remark
[12.777s][info][gc,stringtable] GC(3) Cleaned string and symbol table, strings: 11056 processed, 0 removed, symbols: 93124 processed, 31 removed
[12.777s][info][gc            ] GC(3) Pause Remark 23M->23M(4096M) 1.950ms
[12.777s][info][gc,cpu        ] GC(3) User=0.00s Sys=0.00s Real=0.00s
[12.777s][info][gc,marking    ] GC(3) Concurrent Rebuild Remembered Sets
[12.777s][info][gc,marking    ] GC(3) Concurrent Rebuild Remembered Sets 0.095ms
[12.777s][info][gc,start      ] GC(3) Pause Cleanup
[12.777s][info][gc            ] GC(3) Pause Cleanup 23M->23M(4096M) 0.112ms
[12.777s][info][gc,cpu        ] GC(3) User=0.00s Sys=0.00s Real=0.00s
[12.777s][info][gc,marking    ] GC(3) Concurrent Cleanup for Next Mark
[12.785s][info][gc,marking    ] GC(3) Concurrent Cleanup for Next Mark 7.544ms
[12.785s][info][gc            ] GC(3) Concurrent Cycle 14.584ms
[14.311s][info][gc,start      ] GC(4) Pause Young (Concurrent Start) (Metadata GC Threshold)
[14.312s][info][gc,task       ] GC(4) Using 6 workers of 6 for evacuation
[14.324s][info][gc,phases     ] GC(4)   Pre Evacuate Collection Set: 0.1ms
[14.324s][info][gc,phases     ] GC(4)   Evacuate Collection Set: 11.4ms
[14.324s][info][gc,phases     ] GC(4)   Post Evacuate Collection Set: 1.2ms
[14.325s][info][gc,phases     ] GC(4)   Other: 0.3ms
[14.325s][info][gc,heap       ] GC(4) Eden regions: 66->0(92)
[14.325s][info][gc,heap       ] GC(4) Survivor regions: 9->10(13)
[14.325s][info][gc,heap       ] GC(4) Old regions: 0->3
[14.325s][info][gc,heap       ] GC(4) Humongous regions: 3->3
[14.325s][info][gc,metaspace  ] GC(4) Metaspace: 58362K(60284K)->58362K(60284K) NonClass: 50986K(51888K)->50986K(51888K) Class: 7376K(8396K)->7376K(8396K)
[14.325s][info][gc            ] GC(4) Pause Young (Concurrent Start) (Metadata GC Threshold) 153M->28M(4096M) 13.099ms
[14.325s][info][gc,cpu        ] GC(4) User=0.02s Sys=0.00s Real=0.02s
[14.325s][info][gc            ] GC(5) Concurrent Cycle
[14.325s][info][gc,marking    ] GC(5) Concurrent Clear Claimed Marks
[14.325s][info][gc,marking    ] GC(5) Concurrent Clear Claimed Marks 0.092ms
[14.325s][info][gc,marking    ] GC(5) Concurrent Scan Root Regions
[14.328s][info][gc,marking    ] GC(5) Concurrent Scan Root Regions 3.056ms
[14.328s][info][gc,marking    ] GC(5) Concurrent Mark (14.328s)
[14.328s][info][gc,marking    ] GC(5) Concurrent Mark From Roots
[14.328s][info][gc,task       ] GC(5) Using 2 workers of 2 for marking
[14.331s][info][gc,marking    ] GC(5) Concurrent Mark From Roots 3.602ms
[14.332s][info][gc,marking    ] GC(5) Concurrent Preclean
[14.332s][info][gc,marking    ] GC(5) Concurrent Preclean 0.038ms
[14.332s][info][gc,marking    ] GC(5) Concurrent Mark (14.328s, 14.332s) 3.707ms
[14.332s][info][gc,start      ] GC(5) Pause Remark
[14.335s][info][gc,stringtable] GC(5) Cleaned string and symbol table, strings: 19893 processed, 0 removed, symbols: 157146 processed, 51 removed
[14.335s][info][gc            ] GC(5) Pause Remark 30M->30M(4096M) 3.710ms
[14.335s][info][gc,cpu        ] GC(5) User=0.00s Sys=0.00s Real=0.00s
[14.335s][info][gc,marking    ] GC(5) Concurrent Rebuild Remembered Sets
[14.337s][info][gc,marking    ] GC(5) Concurrent Rebuild Remembered Sets 1.198ms
[14.337s][info][gc,start      ] GC(5) Pause Cleanup
[14.337s][info][gc            ] GC(5) Pause Cleanup 30M->30M(4096M) 0.203ms
[14.337s][info][gc,cpu        ] GC(5) User=0.00s Sys=0.00s Real=0.00s
[14.337s][info][gc,marking    ] GC(5) Concurrent Cleanup for Next Mark
[14.346s][info][gc,marking    ] GC(5) Concurrent Cleanup for Next Mark 8.634ms
[14.346s][info][gc            ] GC(5) Concurrent Cycle 21.343ms
[14.850s][info][gc,task       ] GC(6) Using 6 workers of 6 for full compaction
[14.850s][info][gc,start      ] GC(6) Pause Full (System.gc())
[14.851s][info][gc,phases,start] GC(6) Phase 1: Mark live objects
[14.862s][info][gc,stringtable ] GC(6) Cleaned string and symbol table, strings: 21365 processed, 250 removed, symbols: 169075 processed, 20 removed
[14.862s][info][gc,phases      ] GC(6) Phase 1: Mark live objects 11.498ms
[14.862s][info][gc,phases,start] GC(6) Phase 2: Prepare for compaction
[14.865s][info][gc,phases      ] GC(6) Phase 2: Prepare for compaction 3.338ms
[14.865s][info][gc,phases,start] GC(6) Phase 3: Adjust pointers
[14.870s][info][gc,phases      ] GC(6) Phase 3: Adjust pointers 4.022ms
[14.870s][info][gc,phases,start] GC(6) Phase 4: Compact heap
[14.874s][info][gc,phases      ] GC(6) Phase 4: Compact heap 4.591ms
[14.877s][info][gc,heap        ] GC(6) Eden regions: 29->0(102)
[14.877s][info][gc,heap        ] GC(6) Survivor regions: 10->0(13)
[14.877s][info][gc,heap        ] GC(6) Old regions: 3->16
[14.877s][info][gc,heap        ] GC(6) Humongous regions: 6->3
[14.877s][info][gc,metaspace   ] GC(6) Metaspace: 64690K(67196K)->64671K(67196K) NonClass: 56304K(57520K)->56291K(57520K) Class: 8385K(9676K)->8380K(9676K)
[14.877s][info][gc             ] GC(6) Pause Full (System.gc()) 92M->28M(4096M) 27.084ms
[14.877s][info][gc,cpu         ] GC(6) User=0.02s Sys=0.00s Real=0.02s
[17.077s][info][gc,start       ] GC(7) Pause Young (Normal) (G1 Evacuation Pause)
[17.077s][info][gc,task        ] GC(7) Using 6 workers of 6 for evacuation
[17.085s][info][gc,phases      ] GC(7)   Pre Evacuate Collection Set: 0.0ms
[17.085s][info][gc,phases      ] GC(7)   Evacuate Collection Set: 5.8ms
[17.085s][info][gc,phases      ] GC(7)   Post Evacuate Collection Set: 1.4ms
[17.085s][info][gc,phases      ] GC(7)   Other: 0.2ms
[17.085s][info][gc,heap        ] GC(7) Eden regions: 102->0(107)
[17.085s][info][gc,heap        ] GC(7) Survivor regions: 0->4(13)
[17.085s][info][gc,heap        ] GC(7) Old regions: 16->16
[17.085s][info][gc,heap        ] GC(7) Humongous regions: 15->3
[17.085s][info][gc,metaspace   ] GC(7) Metaspace: 98118K(101608K)->98118K(101608K) NonClass: 86988K(88752K)->86988K(88752K) Class: 11129K(12856K)->11129K(12856K)
[17.085s][info][gc             ] GC(7) Pause Young (Normal) (G1 Evacuation Pause) 256M->36M(4096M) 7.583ms
[17.085s][info][gc,cpu         ] GC(7) User=0.00s Sys=0.00s Real=0.00s
[17.617s][info][gc,start       ] GC(8) Pause Young (Normal) (G1 Evacuation Pause)
[17.617s][info][gc,task        ] GC(8) Using 6 workers of 6 for evacuation
[17.622s][info][gc,phases      ] GC(8)   Pre Evacuate Collection Set: 0.0ms
[17.622s][info][gc,phases      ] GC(8)   Evacuate Collection Set: 4.1ms
[17.622s][info][gc,phases      ] GC(8)   Post Evacuate Collection Set: 0.9ms
[17.622s][info][gc,phases      ] GC(8)   Other: 0.2ms
[17.622s][info][gc,heap        ] GC(8) Eden regions: 98->0(112)
[17.622s][info][gc,heap        ] GC(8) Survivor regions: 4->4(13)
[17.622s][info][gc,heap        ] GC(8) Old regions: 16->16
[17.622s][info][gc,heap        ] GC(8) Humongous regions: 19->3
[17.622s][info][gc,metaspace   ] GC(8) Metaspace: 102467K(106344K)->102467K(106344K) NonClass: 90860K(92848K)->90860K(92848K) Class: 11606K(13496K)->11606K(13496K)
[17.623s][info][gc             ] GC(8) Pause Young (Normal) (G1 Evacuation Pause) 264M->36M(4096M) 5.348ms
[17.623s][info][gc,cpu         ] GC(8) User=0.00s Sys=0.00s Real=0.00s
[17.844s][info][gc,start       ] GC(9) Pause Young (Normal) (G1 Evacuation Pause)
[17.844s][info][gc,task        ] GC(9) Using 6 workers of 6 for evacuation
[17.849s][info][gc,phases      ] GC(9)   Pre Evacuate Collection Set: 0.1ms
[17.849s][info][gc,phases      ] GC(9)   Evacuate Collection Set: 3.9ms
[17.849s][info][gc,phases      ] GC(9)   Post Evacuate Collection Set: 0.9ms
[17.849s][info][gc,phases      ] GC(9)   Other: 0.2ms
[17.849s][info][gc,heap        ] GC(9) Eden regions: 107->0(112)
[17.849s][info][gc,heap        ] GC(9) Survivor regions: 4->4(14)
[17.849s][info][gc,heap        ] GC(9) Old regions: 16->16
[17.849s][info][gc,heap        ] GC(9) Humongous regions: 27->3
[17.849s][info][gc,metaspace   ] GC(9) Metaspace: 102683K(106600K)->102683K(106600K) NonClass: 91076K(93104K)->91076K(93104K) Class: 11607K(13496K)->11607K(13496K)
[17.849s][info][gc             ] GC(9) Pause Young (Normal) (G1 Evacuation Pause) 298M->36M(4096M) 5.180ms
[17.849s][info][gc,cpu         ] GC(9) User=0.02s Sys=0.00s Real=0.02s
[18.054s][info][gc,start       ] GC(10) Pause Young (Normal) (G1 Evacuation Pause)
[18.054s][info][gc,task        ] GC(10) Using 6 workers of 6 for evacuation
[18.060s][info][gc,phases      ] GC(10)   Pre Evacuate Collection Set: 0.1ms
[18.060s][info][gc,phases      ] GC(10)   Evacuate Collection Set: 4.6ms
[18.060s][info][gc,phases      ] GC(10)   Post Evacuate Collection Set: 0.8ms
[18.060s][info][gc,phases      ] GC(10)   Other: 0.3ms
[18.060s][info][gc,heap        ] GC(10) Eden regions: 112->0(118)
[18.060s][info][gc,heap        ] GC(10) Survivor regions: 4->4(15)
[18.060s][info][gc,heap        ] GC(10) Old regions: 16->16
[18.060s][info][gc,heap        ] GC(10) Humongous regions: 27->3
[18.060s][info][gc,metaspace   ] GC(10) Metaspace: 102877K(106600K)->102877K(106600K) NonClass: 91260K(93104K)->91260K(93104K) Class: 11616K(13496K)->11616K(13496K)
[18.060s][info][gc             ] GC(10) Pause Young (Normal) (G1 Evacuation Pause) 308M->36M(4096M) 5.892ms
[18.060s][info][gc,cpu         ] GC(10) User=0.00s Sys=0.00s Real=0.00s
[18.279s][info][gc,start       ] GC(11) Pause Young (Normal) (G1 Evacuation Pause)
[18.279s][info][gc,task        ] GC(11) Using 6 workers of 6 for evacuation
[18.283s][info][gc,phases      ] GC(11)   Pre Evacuate Collection Set: 0.0ms
[18.283s][info][gc,phases      ] GC(11)   Evacuate Collection Set: 3.6ms
[18.283s][info][gc,phases      ] GC(11)   Post Evacuate Collection Set: 0.8ms
[18.283s][info][gc,phases      ] GC(11)   Other: 0.2ms
[18.283s][info][gc,heap        ] GC(11) Eden regions: 118->0(126)
[18.283s][info][gc,heap        ] GC(11) Survivor regions: 4->5(16)
[18.283s][info][gc,heap        ] GC(11) Old regions: 16->16
[18.283s][info][gc,heap        ] GC(11) Humongous regions: 27->3
[18.283s][info][gc,metaspace   ] GC(11) Metaspace: 103047K(106856K)->103047K(106856K) NonClass: 91428K(93360K)->91428K(93360K) Class: 11619K(13496K)->11619K(13496K)
[18.283s][info][gc             ] GC(11) Pause Young (Normal) (G1 Evacuation Pause) 320M->36M(4096M) 4.743ms
[18.283s][info][gc,cpu         ] GC(11) User=0.00s Sys=0.00s Real=0.00s
[18.454s][info][gc,start       ] GC(12) Pause Young (Normal) (G1 Evacuation Pause)
[18.454s][info][gc,task        ] GC(12) Using 6 workers of 6 for evacuation
[18.459s][info][gc,phases      ] GC(12)   Pre Evacuate Collection Set: 0.0ms
[18.459s][info][gc,phases      ] GC(12)   Evacuate Collection Set: 4.4ms
[18.459s][info][gc,phases      ] GC(12)   Post Evacuate Collection Set: 0.7ms
[18.459s][info][gc,phases      ] GC(12)   Other: 0.3ms
[18.459s][info][gc,heap        ] GC(12) Eden regions: 126->0(899)
[18.459s][info][gc,heap        ] GC(12) Survivor regions: 5->4(17)
[18.459s][info][gc,heap        ] GC(12) Old regions: 16->16
[18.459s][info][gc,heap        ] GC(12) Humongous regions: 27->3
[18.459s][info][gc,metaspace   ] GC(12) Metaspace: 103177K(107112K)->103177K(107112K) NonClass: 91557K(93616K)->91557K(93616K) Class: 11620K(13496K)->11620K(13496K)
[18.459s][info][gc             ] GC(12) Pause Young (Normal) (G1 Evacuation Pause) 336M->36M(4096M) 5.539ms
[18.459s][info][gc,cpu         ] GC(12) User=0.02s Sys=0.00s Real=0.02s
[18.544s][info][gc,task        ] GC(13) Using 6 workers of 6 for full compaction
[18.544s][info][gc,start       ] GC(13) Pause Full (System.gc())
[18.546s][info][gc,phases,start] GC(13) Phase 1: Mark live objects
[18.565s][info][gc,stringtable ] GC(13) Cleaned string and symbol table, strings: 27409 processed, 214 removed, symbols: 235302 processed, 22 removed
[18.565s][info][gc,phases      ] GC(13) Phase 1: Mark live objects 18.721ms
[18.565s][info][gc,phases,start] GC(13) Phase 2: Prepare for compaction
[18.569s][info][gc,phases      ] GC(13) Phase 2: Prepare for compaction 4.380ms
[18.569s][info][gc,phases,start] GC(13) Phase 3: Adjust pointers
[18.577s][info][gc,phases      ] GC(13) Phase 3: Adjust pointers 7.147ms
[18.577s][info][gc,phases,start] GC(13) Phase 4: Compact heap
[18.581s][info][gc,phases      ] GC(13) Phase 4: Compact heap 4.542ms
[18.586s][info][gc,heap        ] GC(13) Eden regions: 68->0(1194)
[18.586s][info][gc,heap        ] GC(13) Survivor regions: 4->0(17)
[18.586s][info][gc,heap        ] GC(13) Old regions: 16->17
[18.586s][info][gc,heap        ] GC(13) Humongous regions: 13->3
[18.586s][info][gc,metaspace   ] GC(13) Metaspace: 103449K(107240K)->103318K(107240K) NonClass: 91765K(93616K)->91680K(93616K) Class: 11683K(13624K)->11638K(13624K)
[18.586s][info][gc             ] GC(13) Pause Full (System.gc()) 192M->34M(4096M) 41.796ms
[18.586s][info][gc,cpu         ] GC(13) User=0.02s Sys=0.00s Real=0.05s
[19.656s][info][gc,task        ] GC(14) Using 6 workers of 6 for full compaction
[19.656s][info][gc,start       ] GC(14) Pause Full (System.gc())
[19.658s][info][gc,phases,start] GC(14) Phase 1: Mark live objects
[19.676s][info][gc,stringtable ] GC(14) Cleaned string and symbol table, strings: 27289 processed, 12 removed, symbols: 235284 processed, 47 removed
[19.676s][info][gc,phases      ] GC(14) Phase 1: Mark live objects 18.422ms
[19.676s][info][gc,phases,start] GC(14) Phase 2: Prepare for compaction
[19.681s][info][gc,phases      ] GC(14) Phase 2: Prepare for compaction 4.517ms
[19.681s][info][gc,phases,start] GC(14) Phase 3: Adjust pointers
[19.688s][info][gc,phases      ] GC(14) Phase 3: Adjust pointers 7.087ms
[19.688s][info][gc,phases,start] GC(14) Phase 4: Compact heap
[19.694s][info][gc,phases      ] GC(14) Phase 4: Compact heap 5.517ms
[19.699s][info][gc,heap        ] GC(14) Eden regions: 605->0(1194)
[19.699s][info][gc,heap        ] GC(14) Survivor regions: 0->0(17)
[19.699s][info][gc,heap        ] GC(14) Old regions: 17->19
[19.699s][info][gc,heap        ] GC(14) Humongous regions: 137->3
[19.699s][info][gc,metaspace   ] GC(14) Metaspace: 103572K(107496K)->103570K(107496K) NonClass: 91929K(93872K)->91928K(93872K) Class: 11642K(13624K)->11642K(13624K)
[19.699s][info][gc             ] GC(14) Pause Full (System.gc()) 1511M->35M(4096M) 43.464ms
[19.700s][info][gc,cpu         ] GC(14) User=0.03s Sys=0.00s Real=0.05s
[20.494s][info][gc,task        ] GC(15) Using 6 workers of 6 for full compaction
[20.494s][info][gc,start       ] GC(15) Pause Full (System.gc())
[20.496s][info][gc,phases,start] GC(15) Phase 1: Mark live objects
[20.509s][info][gc,stringtable ] GC(15) Cleaned string and symbol table, strings: 27351 processed, 12 removed, symbols: 235238 processed, 1 removed
[20.509s][info][gc,phases      ] GC(15) Phase 1: Mark live objects 12.783ms
[20.509s][info][gc,phases,start] GC(15) Phase 2: Prepare for compaction
[20.513s][info][gc,phases      ] GC(15) Phase 2: Prepare for compaction 4.373ms
[20.513s][info][gc,phases,start] GC(15) Phase 3: Adjust pointers
[20.521s][info][gc,phases      ] GC(15) Phase 3: Adjust pointers 7.519ms
[20.521s][info][gc,phases,start] GC(15) Phase 4: Compact heap
[20.524s][info][gc,phases      ] GC(15) Phase 4: Compact heap 3.646ms
[20.530s][info][gc,heap        ] GC(15) Eden regions: 620->0(1194)
[20.530s][info][gc,heap        ] GC(15) Survivor regions: 0->0(17)
[20.530s][info][gc,heap        ] GC(15) Old regions: 19->20
[20.530s][info][gc,heap        ] GC(15) Humongous regions: 137->3
[20.530s][info][gc,metaspace   ] GC(15) Metaspace: 103899K(107752K)->103899K(107752K) NonClass: 92257K(94128K)->92257K(94128K) Class: 11642K(13624K)->11642K(13624K)
[20.530s][info][gc             ] GC(15) Pause Full (System.gc()) 1542M->35M(4096M) 36.292ms
[20.531s][info][gc,cpu         ] GC(15) User=0.02s Sys=0.00s Real=0.05s
[21.256s][info][gc,task        ] GC(16) Using 6 workers of 6 for full compaction
[21.256s][info][gc,start       ] GC(16) Pause Full (System.gc())
[21.258s][info][gc,phases,start] GC(16) Phase 1: Mark live objects
[21.277s][info][gc,stringtable ] GC(16) Cleaned string and symbol table, strings: 27420 processed, 12 removed, symbols: 235237 processed, 0 removed
[21.277s][info][gc,phases      ] GC(16) Phase 1: Mark live objects 19.142ms
[21.277s][info][gc,phases,start] GC(16) Phase 2: Prepare for compaction
[21.281s][info][gc,phases      ] GC(16) Phase 2: Prepare for compaction 4.198ms
[21.281s][info][gc,phases,start] GC(16) Phase 3: Adjust pointers
[21.289s][info][gc,phases      ] GC(16) Phase 3: Adjust pointers 8.245ms
[21.289s][info][gc,phases,start] GC(16) Phase 4: Compact heap
[21.293s][info][gc,phases      ] GC(16) Phase 4: Compact heap 3.379ms
[21.299s][info][gc,heap        ] GC(16) Eden regions: 609->0(1194)
[21.299s][info][gc,heap        ] GC(16) Survivor regions: 0->0(17)
[21.299s][info][gc,heap        ] GC(16) Old regions: 20->19
[21.299s][info][gc,heap        ] GC(16) Humongous regions: 137->3
[21.299s][info][gc,metaspace   ] GC(16) Metaspace: 104195K(108008K)->104193K(108008K) NonClass: 92550K(94384K)->92549K(94384K) Class: 11644K(13624K)->11644K(13624K)
[21.299s][info][gc             ] GC(16) Pause Full (System.gc()) 1520M->36M(4096M) 43.296ms
[21.299s][info][gc,cpu         ] GC(16) User=0.02s Sys=0.00s Real=0.05s
[22.010s][info][gc,task        ] GC(17) Using 6 workers of 6 for full compaction
[22.010s][info][gc,start       ] GC(17) Pause Full (System.gc())
[22.012s][info][gc,phases,start] GC(17) Phase 1: Mark live objects
[22.025s][info][gc,stringtable ] GC(17) Cleaned string and symbol table, strings: 27447 processed, 12 removed, symbols: 235237 processed, 0 removed
[22.025s][info][gc,phases      ] GC(17) Phase 1: Mark live objects 13.198ms
[22.025s][info][gc,phases,start] GC(17) Phase 2: Prepare for compaction
[22.030s][info][gc,phases      ] GC(17) Phase 2: Prepare for compaction 4.528ms
[22.030s][info][gc,phases,start] GC(17) Phase 3: Adjust pointers
[22.038s][info][gc,phases      ] GC(17) Phase 3: Adjust pointers 8.470ms
[22.038s][info][gc,phases,start] GC(17) Phase 4: Compact heap
[22.042s][info][gc,phases      ] GC(17) Phase 4: Compact heap 4.124ms
[22.049s][info][gc,heap        ] GC(17) Eden regions: 600->0(1194)
[22.049s][info][gc,heap        ] GC(17) Survivor regions: 0->0(17)
[22.049s][info][gc,heap        ] GC(17) Old regions: 19->20
[22.049s][info][gc,heap        ] GC(17) Humongous regions: 137->3
[22.049s][info][gc,metaspace   ] GC(17) Metaspace: 104407K(108264K)->104407K(108264K) NonClass: 92759K(94640K)->92759K(94640K) Class: 11647K(13624K)->11647K(13624K)
[22.049s][info][gc             ] GC(17) Pause Full (System.gc()) 1502M->36M(4096M) 38.617ms
[22.049s][info][gc,cpu         ] GC(17) User=0.03s Sys=0.00s Real=0.03s
[22.761s][info][gc,task        ] GC(18) Using 6 workers of 6 for full compaction
[22.761s][info][gc,start       ] GC(18) Pause Full (System.gc())
[22.763s][info][gc,phases,start] GC(18) Phase 1: Mark live objects
[22.778s][info][gc,stringtable ] GC(18) Cleaned string and symbol table, strings: 27538 processed, 12 removed, symbols: 235239 processed, 0 removed
[22.778s][info][gc,phases      ] GC(18) Phase 1: Mark live objects 14.173ms
[22.778s][info][gc,phases,start] GC(18) Phase 2: Prepare for compaction
[22.782s][info][gc,phases      ] GC(18) Phase 2: Prepare for compaction 4.438ms
[22.782s][info][gc,phases,start] GC(18) Phase 3: Adjust pointers
[22.791s][info][gc,phases      ] GC(18) Phase 3: Adjust pointers 9.019ms
[22.791s][info][gc,phases,start] GC(18) Phase 4: Compact heap
[22.795s][info][gc,phases      ] GC(18) Phase 4: Compact heap 3.470ms
[22.801s][info][gc,heap        ] GC(18) Eden regions: 592->0(1194)
[22.801s][info][gc,heap        ] GC(18) Survivor regions: 0->0(17)
[22.801s][info][gc,heap        ] GC(18) Old regions: 20->19
[22.801s][info][gc,heap        ] GC(18) Humongous regions: 137->3
[22.801s][info][gc,metaspace   ] GC(18) Metaspace: 104760K(108776K)->104760K(108776K) NonClass: 93112K(95152K)->93112K(95152K) Class: 11648K(13624K)->11648K(13624K)
[22.801s][info][gc             ] GC(18) Pause Full (System.gc()) 1487M->36M(4096M) 40.000ms
[22.802s][info][gc,cpu         ] GC(18) User=0.02s Sys=0.00s Real=0.03s
[23.485s][info][gc,task        ] GC(19) Using 6 workers of 6 for full compaction
[23.485s][info][gc,start       ] GC(19) Pause Full (System.gc())
[23.487s][info][gc,phases,start] GC(19) Phase 1: Mark live objects
[23.502s][info][gc,stringtable ] GC(19) Cleaned string and symbol table, strings: 27614 processed, 12 removed, symbols: 235239 processed, 0 removed
[23.502s][info][gc,phases      ] GC(19) Phase 1: Mark live objects 14.647ms
[23.502s][info][gc,phases,start] GC(19) Phase 2: Prepare for compaction
[23.506s][info][gc,phases      ] GC(19) Phase 2: Prepare for compaction 4.554ms
[23.506s][info][gc,phases,start] GC(19) Phase 3: Adjust pointers
[23.515s][info][gc,phases      ] GC(19) Phase 3: Adjust pointers 8.726ms
[23.515s][info][gc,phases,start] GC(19) Phase 4: Compact heap
[23.519s][info][gc,phases      ] GC(19) Phase 4: Compact heap 4.015ms
[23.526s][info][gc,heap        ] GC(19) Eden regions: 592->0(1194)
[23.526s][info][gc,heap        ] GC(19) Survivor regions: 0->0(17)
[23.526s][info][gc,heap        ] GC(19) Old regions: 19->20
[23.526s][info][gc,heap        ] GC(19) Humongous regions: 137->3
[23.526s][info][gc,metaspace   ] GC(19) Metaspace: 104881K(108776K)->104881K(108776K) NonClass: 93232K(95152K)->93232K(95152K) Class: 11648K(13624K)->11648K(13624K)
[23.526s][info][gc             ] GC(19) Pause Full (System.gc()) 1488M->36M(4096M) 40.831ms
[23.526s][info][gc,cpu         ] GC(19) User=0.02s Sys=0.00s Real=0.05s
[24.205s][info][gc,task        ] GC(20) Using 6 workers of 6 for full compaction
[24.206s][info][gc,start       ] GC(20) Pause Full (System.gc())
[24.207s][info][gc,phases,start] GC(20) Phase 1: Mark live objects
[24.222s][info][gc,stringtable ] GC(20) Cleaned string and symbol table, strings: 27669 processed, 12 removed, symbols: 235243 processed, 0 removed
[24.222s][info][gc,phases      ] GC(20) Phase 1: Mark live objects 14.691ms
[24.222s][info][gc,phases,start] GC(20) Phase 2: Prepare for compaction
[24.226s][info][gc,phases      ] GC(20) Phase 2: Prepare for compaction 4.390ms
[24.226s][info][gc,phases,start] GC(20) Phase 3: Adjust pointers
[24.236s][info][gc,phases      ] GC(20) Phase 3: Adjust pointers 9.253ms
[24.236s][info][gc,phases,start] GC(20) Phase 4: Compact heap
[24.240s][info][gc,phases      ] GC(20) Phase 4: Compact heap 3.795ms
[24.247s][info][gc,heap        ] GC(20) Eden regions: 592->0(1194)
[24.247s][info][gc,heap        ] GC(20) Survivor regions: 0->0(17)
[24.247s][info][gc,heap        ] GC(20) Old regions: 20->20
[24.247s][info][gc,heap        ] GC(20) Humongous regions: 137->3
[24.247s][info][gc,metaspace   ] GC(20) Metaspace: 105284K(109288K)->105284K(109288K) NonClass: 93635K(95664K)->93635K(95664K) Class: 11649K(13624K)->11649K(13624K)
[24.247s][info][gc             ] GC(20) Pause Full (System.gc()) 1488M->36M(4096M) 41.327ms
[24.247s][info][gc,cpu         ] GC(20) User=0.02s Sys=0.00s Real=0.04s
[24.908s][info][gc,task        ] GC(21) Using 6 workers of 6 for full compaction
[24.908s][info][gc,start       ] GC(21) Pause Full (System.gc())
[24.910s][info][gc,phases,start] GC(21) Phase 1: Mark live objects
[24.923s][info][gc,stringtable ] GC(21) Cleaned string and symbol table, strings: 27865 processed, 12 removed, symbols: 235243 processed, 0 removed
[24.923s][info][gc,phases      ] GC(21) Phase 1: Mark live objects 13.027ms
[24.923s][info][gc,phases,start] GC(21) Phase 2: Prepare for compaction
[24.928s][info][gc,phases      ] GC(21) Phase 2: Prepare for compaction 4.986ms
[24.928s][info][gc,phases,start] GC(21) Phase 3: Adjust pointers
[24.938s][info][gc,phases      ] GC(21) Phase 3: Adjust pointers 9.713ms
[24.938s][info][gc,phases,start] GC(21) Phase 4: Compact heap
[24.942s][info][gc,phases      ] GC(21) Phase 4: Compact heap 4.465ms
[24.950s][info][gc,heap        ] GC(21) Eden regions: 592->0(1194)
[24.950s][info][gc,heap        ] GC(21) Survivor regions: 0->0(17)
[24.950s][info][gc,heap        ] GC(21) Old regions: 20->20
[24.950s][info][gc,heap        ] GC(21) Humongous regions: 137->3
[24.950s][info][gc,metaspace   ] GC(21) Metaspace: 105339K(109288K)->105339K(109288K) NonClass: 93689K(95664K)->93689K(95664K) Class: 11649K(13624K)->11649K(13624K)
[24.950s][info][gc             ] GC(21) Pause Full (System.gc()) 1487M->36M(4096M) 41.653ms
[24.950s][info][gc,cpu         ] GC(21) User=0.02s Sys=0.00s Real=0.03s
[25.614s][info][gc,task        ] GC(22) Using 6 workers of 6 for full compaction
[25.614s][info][gc,start       ] GC(22) Pause Full (System.gc())
[25.618s][info][gc,phases,start] GC(22) Phase 1: Mark live objects
[25.632s][info][gc,stringtable ] GC(22) Cleaned string and symbol table, strings: 27894 processed, 12 removed, symbols: 235243 processed, 0 removed
[25.632s][info][gc,phases      ] GC(22) Phase 1: Mark live objects 14.174ms
[25.632s][info][gc,phases,start] GC(22) Phase 2: Prepare for compaction
[25.636s][info][gc,phases      ] GC(22) Phase 2: Prepare for compaction 4.343ms
[25.636s][info][gc,phases,start] GC(22) Phase 3: Adjust pointers
[25.645s][info][gc,phases      ] GC(22) Phase 3: Adjust pointers 9.048ms
[25.645s][info][gc,phases,start] GC(22) Phase 4: Compact heap
[25.650s][info][gc,phases      ] GC(22) Phase 4: Compact heap 4.224ms
[25.657s][info][gc,heap        ] GC(22) Eden regions: 591->0(1194)
[25.657s][info][gc,heap        ] GC(22) Survivor regions: 0->0(17)
[25.657s][info][gc,heap        ] GC(22) Old regions: 20->20
[25.657s][info][gc,heap        ] GC(22) Humongous regions: 137->3
[25.657s][info][gc,metaspace   ] GC(22) Metaspace: 105478K(109544K)->105478K(109544K) NonClass: 93828K(95920K)->93828K(95920K) Class: 11649K(13624K)->11649K(13624K)
[25.657s][info][gc             ] GC(22) Pause Full (System.gc()) 1486M->36M(4096M) 42.811ms
[25.657s][info][gc,cpu         ] GC(22) User=0.02s Sys=0.00s Real=0.05s
[26.312s][info][gc,task        ] GC(23) Using 6 workers of 6 for full compaction
[26.312s][info][gc,start       ] GC(23) Pause Full (System.gc())
[26.314s][info][gc,phases,start] GC(23) Phase 1: Mark live objects
[26.326s][info][gc,stringtable ] GC(23) Cleaned string and symbol table, strings: 28033 processed, 12 removed, symbols: 235243 processed, 0 removed
[26.326s][info][gc,phases      ] GC(23) Phase 1: Mark live objects 12.677ms
[26.326s][info][gc,phases,start] GC(23) Phase 2: Prepare for compaction
[26.332s][info][gc,phases      ] GC(23) Phase 2: Prepare for compaction 5.596ms
[26.332s][info][gc,phases,start] GC(23) Phase 3: Adjust pointers
[26.341s][info][gc,phases      ] GC(23) Phase 3: Adjust pointers 9.316ms
[26.341s][info][gc,phases,start] GC(23) Phase 4: Compact heap
[26.345s][info][gc,phases      ] GC(23) Phase 4: Compact heap 4.076ms
[26.354s][info][gc,heap        ] GC(23) Eden regions: 592->0(1194)
[26.354s][info][gc,heap        ] GC(23) Survivor regions: 0->0(17)
[26.354s][info][gc,heap        ] GC(23) Old regions: 20->21
[26.354s][info][gc,heap        ] GC(23) Humongous regions: 137->3
[26.354s][info][gc,metaspace   ] GC(23) Metaspace: 105613K(109544K)->105613K(109544K) NonClass: 93964K(95920K)->93964K(95920K) Class: 11649K(13624K)->11649K(13624K)
[26.354s][info][gc             ] GC(23) Pause Full (System.gc()) 1488M->37M(4096M) 41.769ms
[26.354s][info][gc,cpu         ] GC(23) User=0.03s Sys=0.00s Real=0.05s
[27.006s][info][gc,task        ] GC(24) Using 6 workers of 6 for full compaction
[27.006s][info][gc,start       ] GC(24) Pause Full (System.gc())
[27.008s][info][gc,phases,start] GC(24) Phase 1: Mark live objects
[27.022s][info][gc,stringtable ] GC(24) Cleaned string and symbol table, strings: 28122 processed, 12 removed, symbols: 235244 processed, 0 removed
[27.022s][info][gc,phases      ] GC(24) Phase 1: Mark live objects 14.379ms
[27.022s][info][gc,phases,start] GC(24) Phase 2: Prepare for compaction
[27.027s][info][gc,phases      ] GC(24) Phase 2: Prepare for compaction 4.537ms
[27.027s][info][gc,phases,start] GC(24) Phase 3: Adjust pointers
[27.037s][info][gc,phases      ] GC(24) Phase 3: Adjust pointers 9.841ms
[27.037s][info][gc,phases,start] GC(24) Phase 4: Compact heap
[27.040s][info][gc,phases      ] GC(24) Phase 4: Compact heap 3.622ms
[27.048s][info][gc,heap        ] GC(24) Eden regions: 592->0(1194)
[27.048s][info][gc,heap        ] GC(24) Survivor regions: 0->0(17)
[27.048s][info][gc,heap        ] GC(24) Old regions: 21->21
[27.048s][info][gc,heap        ] GC(24) Humongous regions: 137->3
[27.048s][info][gc,metaspace   ] GC(24) Metaspace: 105754K(109800K)->105754K(109800K) NonClass: 94104K(96176K)->94104K(96176K) Class: 11650K(13624K)->11650K(13624K)
[27.048s][info][gc             ] GC(24) Pause Full (System.gc()) 1487M->37M(4096M) 42.604ms
[27.048s][info][gc,cpu         ] GC(24) User=0.03s Sys=0.00s Real=0.05s
[27.691s][info][gc,task        ] GC(25) Using 6 workers of 6 for full compaction
[27.691s][info][gc,start       ] GC(25) Pause Full (System.gc())
[27.693s][info][gc,phases,start] GC(25) Phase 1: Mark live objects
[27.708s][info][gc,stringtable ] GC(25) Cleaned string and symbol table, strings: 28124 processed, 12 removed, symbols: 235244 processed, 0 removed
[27.708s][info][gc,phases      ] GC(25) Phase 1: Mark live objects 14.703ms
[27.708s][info][gc,phases,start] GC(25) Phase 2: Prepare for compaction
[27.713s][info][gc,phases      ] GC(25) Phase 2: Prepare for compaction 4.932ms
[27.713s][info][gc,phases,start] GC(25) Phase 3: Adjust pointers
[27.723s][info][gc,phases      ] GC(25) Phase 3: Adjust pointers 9.827ms
[27.723s][info][gc,phases,start] GC(25) Phase 4: Compact heap
[27.726s][info][gc,phases      ] GC(25) Phase 4: Compact heap 3.699ms
[27.734s][info][gc,heap        ] GC(25) Eden regions: 592->0(1194)
[27.734s][info][gc,heap        ] GC(25) Survivor regions: 0->0(17)
[27.734s][info][gc,heap        ] GC(25) Old regions: 21->20
[27.734s][info][gc,heap        ] GC(25) Humongous regions: 137->3
[27.734s][info][gc,metaspace   ] GC(25) Metaspace: 105802K(109800K)->105802K(109800K) NonClass: 94152K(96176K)->94152K(96176K) Class: 11650K(13624K)->11650K(13624K)
[27.734s][info][gc             ] GC(25) Pause Full (System.gc()) 1488M->37M(4096M) 43.277ms
[27.735s][info][gc,cpu         ] GC(25) User=0.02s Sys=0.00s Real=0.03s
[28.372s][info][gc,task        ] GC(26) Using 6 workers of 6 for full compaction
[28.373s][info][gc,start       ] GC(26) Pause Full (System.gc())
[28.374s][info][gc,phases,start] GC(26) Phase 1: Mark live objects
[28.389s][info][gc,stringtable ] GC(26) Cleaned string and symbol table, strings: 28165 processed, 12 removed, symbols: 235244 processed, 0 removed
[28.389s][info][gc,phases      ] GC(26) Phase 1: Mark live objects 14.582ms
[28.389s][info][gc,phases,start] GC(26) Phase 2: Prepare for compaction
[28.394s][info][gc,phases      ] GC(26) Phase 2: Prepare for compaction 4.627ms
[28.394s][info][gc,phases,start] GC(26) Phase 3: Adjust pointers
[28.404s][info][gc,phases      ] GC(26) Phase 3: Adjust pointers 10.367ms
[28.404s][info][gc,phases,start] GC(26) Phase 4: Compact heap
[28.408s][info][gc,phases      ] GC(26) Phase 4: Compact heap 3.742ms
[28.416s][info][gc,heap        ] GC(26) Eden regions: 592->0(1194)
[28.416s][info][gc,heap        ] GC(26) Survivor regions: 0->0(17)
[28.416s][info][gc,heap        ] GC(26) Old regions: 20->21
[28.416s][info][gc,heap        ] GC(26) Humongous regions: 137->3
[28.416s][info][gc,metaspace   ] GC(26) Metaspace: 105874K(109800K)->105874K(109800K) NonClass: 94223K(96176K)->94223K(96176K) Class: 11650K(13624K)->11650K(13624K)
[28.416s][info][gc             ] GC(26) Pause Full (System.gc()) 1489M->37M(4096M) 43.599ms
[28.416s][info][gc,cpu         ] GC(26) User=0.02s Sys=0.00s Real=0.05s
[29.060s][info][gc,task        ] GC(27) Using 6 workers of 6 for full compaction
[29.061s][info][gc,start       ] GC(27) Pause Full (System.gc())
[29.062s][info][gc,phases,start] GC(27) Phase 1: Mark live objects
[29.078s][info][gc,stringtable ] GC(27) Cleaned string and symbol table, strings: 28175 processed, 12 removed, symbols: 235244 processed, 0 removed
[29.078s][info][gc,phases      ] GC(27) Phase 1: Mark live objects 15.793ms
[29.078s][info][gc,phases,start] GC(27) Phase 2: Prepare for compaction
[29.084s][info][gc,phases      ] GC(27) Phase 2: Prepare for compaction 5.315ms
[29.084s][info][gc,phases,start] GC(27) Phase 3: Adjust pointers
[29.094s][info][gc,phases      ] GC(27) Phase 3: Adjust pointers 10.695ms
[29.094s][info][gc,phases,start] GC(27) Phase 4: Compact heap
[29.099s][info][gc,phases      ] GC(27) Phase 4: Compact heap 4.147ms
[29.107s][info][gc,heap        ] GC(27) Eden regions: 592->0(1194)
[29.107s][info][gc,heap        ] GC(27) Survivor regions: 0->0(17)
[29.107s][info][gc,heap        ] GC(27) Old regions: 21->20
[29.107s][info][gc,heap        ] GC(27) Humongous regions: 137->3
[29.107s][info][gc,metaspace   ] GC(27) Metaspace: 106074K(110056K)->106074K(110056K) NonClass: 94424K(96432K)->94424K(96432K) Class: 11650K(13624K)->11650K(13624K)
[29.107s][info][gc             ] GC(27) Pause Full (System.gc()) 1489M->37M(4096M) 46.318ms
[29.107s][info][gc,cpu         ] GC(27) User=0.03s Sys=0.00s Real=0.05s
[29.740s][info][gc,task        ] GC(28) Using 6 workers of 6 for full compaction
[29.740s][info][gc,start       ] GC(28) Pause Full (System.gc())
[29.742s][info][gc,phases,start] GC(28) Phase 1: Mark live objects
[29.756s][info][gc,stringtable ] GC(28) Cleaned string and symbol table, strings: 28258 processed, 12 removed, symbols: 235244 processed, 0 removed
[29.756s][info][gc,phases      ] GC(28) Phase 1: Mark live objects 14.398ms
[29.756s][info][gc,phases,start] GC(28) Phase 2: Prepare for compaction
[29.761s][info][gc,phases      ] GC(28) Phase 2: Prepare for compaction 4.907ms
[29.761s][info][gc,phases,start] GC(28) Phase 3: Adjust pointers
[29.772s][info][gc,phases      ] GC(28) Phase 3: Adjust pointers 10.354ms
[29.772s][info][gc,phases,start] GC(28) Phase 4: Compact heap
[29.776s][info][gc,phases      ] GC(28) Phase 4: Compact heap 4.154ms
[29.784s][info][gc,heap        ] GC(28) Eden regions: 592->0(1194)
[29.784s][info][gc,heap        ] GC(28) Survivor regions: 0->0(17)
[29.784s][info][gc,heap        ] GC(28) Old regions: 20->20
[29.784s][info][gc,heap        ] GC(28) Humongous regions: 137->3
[29.784s][info][gc,metaspace   ] GC(28) Metaspace: 106128K(110312K)->106128K(110312K) NonClass: 94478K(96688K)->94478K(96688K) Class: 11650K(13624K)->11650K(13624K)
[29.784s][info][gc             ] GC(28) Pause Full (System.gc()) 1488M->37M(4096M) 44.326ms
[29.784s][info][gc,cpu         ] GC(28) User=0.03s Sys=0.00s Real=0.05s
[30.420s][info][gc,task        ] GC(29) Using 6 workers of 6 for full compaction
[30.420s][info][gc,start       ] GC(29) Pause Full (System.gc())
[30.422s][info][gc,phases,start] GC(29) Phase 1: Mark live objects
[30.438s][info][gc,stringtable ] GC(29) Cleaned string and symbol table, strings: 28264 processed, 12 removed, symbols: 235244 processed, 0 removed
[30.438s][info][gc,phases      ] GC(29) Phase 1: Mark live objects 16.043ms
[30.438s][info][gc,phases,start] GC(29) Phase 2: Prepare for compaction
[30.443s][info][gc,phases      ] GC(29) Phase 2: Prepare for compaction 4.891ms
[30.443s][info][gc,phases,start] GC(29) Phase 3: Adjust pointers
[30.453s][info][gc,phases      ] GC(29) Phase 3: Adjust pointers 10.548ms
[30.453s][info][gc,phases,start] GC(29) Phase 4: Compact heap
[30.457s][info][gc,phases      ] GC(29) Phase 4: Compact heap 3.803ms
[30.466s][info][gc,heap        ] GC(29) Eden regions: 592->0(1194)
[30.466s][info][gc,heap        ] GC(29) Survivor regions: 0->0(17)
[30.466s][info][gc,heap        ] GC(29) Old regions: 20->21
[30.466s][info][gc,heap        ] GC(29) Humongous regions: 137->3
[30.466s][info][gc,metaspace   ] GC(29) Metaspace: 106137K(110312K)->106137K(110312K) NonClass: 94487K(96688K)->94487K(96688K) Class: 11650K(13624K)->11650K(13624K)
[30.466s][info][gc             ] GC(29) Pause Full (System.gc()) 1488M->37M(4096M) 45.641ms
[30.466s][info][gc,cpu         ] GC(29) User=0.02s Sys=0.00s Real=0.05s
[31.107s][info][gc,task        ] GC(30) Using 6 workers of 6 for full compaction
[31.107s][info][gc,start       ] GC(30) Pause Full (System.gc())
[31.110s][info][gc,phases,start] GC(30) Phase 1: Mark live objects
[31.124s][info][gc,stringtable ] GC(30) Cleaned string and symbol table, strings: 28267 processed, 12 removed, symbols: 235244 processed, 0 removed
[31.124s][info][gc,phases      ] GC(30) Phase 1: Mark live objects 13.859ms
[31.124s][info][gc,phases,start] GC(30) Phase 2: Prepare for compaction
[31.129s][info][gc,phases      ] GC(30) Phase 2: Prepare for compaction 4.935ms
[31.129s][info][gc,phases,start] GC(30) Phase 3: Adjust pointers
[31.139s][info][gc,phases      ] GC(30) Phase 3: Adjust pointers 9.860ms
[31.139s][info][gc,phases,start] GC(30) Phase 4: Compact heap
[31.143s][info][gc,phases      ] GC(30) Phase 4: Compact heap 3.954ms
[31.151s][info][gc,heap        ] GC(30) Eden regions: 592->0(1194)
[31.152s][info][gc,heap        ] GC(30) Survivor regions: 0->0(17)
[31.152s][info][gc,heap        ] GC(30) Old regions: 21->21
[31.152s][info][gc,heap        ] GC(30) Humongous regions: 137->3
[31.152s][info][gc,metaspace   ] GC(30) Metaspace: 106167K(110312K)->106167K(110312K) NonClass: 94517K(96688K)->94517K(96688K) Class: 11650K(13624K)->11650K(13624K)
[31.152s][info][gc             ] GC(30) Pause Full (System.gc()) 1488M->37M(4096M) 44.342ms
[31.152s][info][gc,cpu         ] GC(30) User=0.03s Sys=0.00s Real=0.05s
[31.790s][info][gc,task        ] GC(31) Using 6 workers of 6 for full compaction
[31.790s][info][gc,start       ] GC(31) Pause Full (System.gc())
[31.792s][info][gc,phases,start] GC(31) Phase 1: Mark live objects
[31.807s][info][gc,stringtable ] GC(31) Cleaned string and symbol table, strings: 28305 processed, 14 removed, symbols: 235584 processed, 0 removed
[31.807s][info][gc,phases      ] GC(31) Phase 1: Mark live objects 14.529ms
[31.807s][info][gc,phases,start] GC(31) Phase 2: Prepare for compaction
[31.812s][info][gc,phases      ] GC(31) Phase 2: Prepare for compaction 5.418ms
[31.812s][info][gc,phases,start] GC(31) Phase 3: Adjust pointers
[31.822s][info][gc,phases      ] GC(31) Phase 3: Adjust pointers 10.202ms
[31.822s][info][gc,phases,start] GC(31) Phase 4: Compact heap
[31.827s][info][gc,phases      ] GC(31) Phase 4: Compact heap 4.900ms
[31.836s][info][gc,heap        ] GC(31) Eden regions: 593->0(1194)
[31.836s][info][gc,heap        ] GC(31) Survivor regions: 0->0(17)
[31.836s][info][gc,heap        ] GC(31) Old regions: 21->21
[31.836s][info][gc,heap        ] GC(31) Humongous regions: 137->3
[31.836s][info][gc,metaspace   ] GC(31) Metaspace: 106458K(110568K)->106458K(110568K) NonClass: 94740K(96944K)->94740K(96944K) Class: 11717K(13624K)->11717K(13624K)
[31.836s][info][gc             ] GC(31) Pause Full (System.gc()) 1490M->37M(4096M) 45.395ms
[31.836s][info][gc,cpu         ] GC(31) User=0.00s Sys=0.00s Real=0.05s
[32.476s][info][gc,task        ] GC(32) Using 6 workers of 6 for full compaction
[32.477s][info][gc,start       ] GC(32) Pause Full (System.gc())
[32.478s][info][gc,phases,start] GC(32) Phase 1: Mark live objects
[32.493s][info][gc,stringtable ] GC(32) Cleaned string and symbol table, strings: 28499 processed, 12 removed, symbols: 235588 processed, 0 removed
[32.494s][info][gc,phases      ] GC(32) Phase 1: Mark live objects 15.255ms
[32.494s][info][gc,phases,start] GC(32) Phase 2: Prepare for compaction
[32.498s][info][gc,phases      ] GC(32) Phase 2: Prepare for compaction 4.468ms
[32.498s][info][gc,phases,start] GC(32) Phase 3: Adjust pointers
[32.508s][info][gc,phases      ] GC(32) Phase 3: Adjust pointers 10.347ms
[32.508s][info][gc,phases,start] GC(32) Phase 4: Compact heap
[32.512s][info][gc,phases      ] GC(32) Phase 4: Compact heap 3.757ms
[32.521s][info][gc,heap        ] GC(32) Eden regions: 592->0(1194)
[32.521s][info][gc,heap        ] GC(32) Survivor regions: 0->0(17)
[32.521s][info][gc,heap        ] GC(32) Old regions: 21->21
[32.521s][info][gc,heap        ] GC(32) Humongous regions: 137->3
[32.521s][info][gc,metaspace   ] GC(32) Metaspace: 106476K(110568K)->106476K(110568K) NonClass: 94756K(96944K)->94756K(96944K) Class: 11719K(13624K)->11719K(13624K)
[32.521s][info][gc             ] GC(32) Pause Full (System.gc()) 1489M->38M(4096M) 44.193ms
[32.521s][info][gc,cpu         ] GC(32) User=0.05s Sys=0.00s Real=0.05s
[33.150s][info][gc,task        ] GC(33) Using 6 workers of 6 for full compaction
[33.150s][info][gc,start       ] GC(33) Pause Full (System.gc())
[33.152s][info][gc,phases,start] GC(33) Phase 1: Mark live objects
[33.167s][info][gc,stringtable ] GC(33) Cleaned string and symbol table, strings: 29239 processed, 12 removed, symbols: 235588 processed, 0 removed
[33.167s][info][gc,phases      ] GC(33) Phase 1: Mark live objects 15.092ms
[33.167s][info][gc,phases,start] GC(33) Phase 2: Prepare for compaction
[33.172s][info][gc,phases      ] GC(33) Phase 2: Prepare for compaction 4.603ms
[33.172s][info][gc,phases,start] GC(33) Phase 3: Adjust pointers
[33.182s][info][gc,phases      ] GC(33) Phase 3: Adjust pointers 10.669ms
[33.182s][info][gc,phases,start] GC(33) Phase 4: Compact heap
[33.186s][info][gc,phases      ] GC(33) Phase 4: Compact heap 4.010ms
[33.195s][info][gc,heap        ] GC(33) Eden regions: 592->0(1194)
[33.195s][info][gc,heap        ] GC(33) Survivor regions: 0->0(17)
[33.195s][info][gc,heap        ] GC(33) Old regions: 21->21
[33.195s][info][gc,heap        ] GC(33) Humongous regions: 137->3
[33.195s][info][gc,metaspace   ] GC(33) Metaspace: 106510K(110568K)->106510K(110568K) NonClass: 94790K(96944K)->94790K(96944K) Class: 11719K(13624K)->11719K(13624K)
[33.195s][info][gc             ] GC(33) Pause Full (System.gc()) 1489M->38M(4096M) 44.755ms
[33.195s][info][gc,cpu         ] GC(33) User=0.02s Sys=0.00s Real=0.05s
[33.833s][info][gc,task        ] GC(34) Using 6 workers of 6 for full compaction
[33.833s][info][gc,start       ] GC(34) Pause Full (System.gc())
[33.835s][info][gc,phases,start] GC(34) Phase 1: Mark live objects
[33.850s][info][gc,stringtable ] GC(34) Cleaned string and symbol table, strings: 29255 processed, 12 removed, symbols: 235588 processed, 0 removed
[33.850s][info][gc,phases      ] GC(34) Phase 1: Mark live objects 15.484ms
[33.850s][info][gc,phases,start] GC(34) Phase 2: Prepare for compaction
[33.855s][info][gc,phases      ] GC(34) Phase 2: Prepare for compaction 4.644ms
[33.855s][info][gc,phases,start] GC(34) Phase 3: Adjust pointers
[33.866s][info][gc,phases      ] GC(34) Phase 3: Adjust pointers 10.662ms
[33.866s][info][gc,phases,start] GC(34) Phase 4: Compact heap
[33.869s][info][gc,phases      ] GC(34) Phase 4: Compact heap 3.879ms
[33.878s][info][gc,heap        ] GC(34) Eden regions: 592->0(1194)
[33.878s][info][gc,heap        ] GC(34) Survivor regions: 0->0(17)
[33.878s][info][gc,heap        ] GC(34) Old regions: 21->21
[33.878s][info][gc,heap        ] GC(34) Humongous regions: 137->3
[33.878s][info][gc,metaspace   ] GC(34) Metaspace: 106574K(110568K)->106574K(110568K) NonClass: 94855K(96944K)->94855K(96944K) Class: 11719K(13624K)->11719K(13624K)
[33.878s][info][gc             ] GC(34) Pause Full (System.gc()) 1490M->38M(4096M) 45.040ms
[33.878s][info][gc,cpu         ] GC(34) User=0.00s Sys=0.00s Real=0.03s
[34.510s][info][gc,task        ] GC(35) Using 6 workers of 6 for full compaction
[34.510s][info][gc,start       ] GC(35) Pause Full (System.gc())
[34.512s][info][gc,phases,start] GC(35) Phase 1: Mark live objects
[34.527s][info][gc,stringtable ] GC(35) Cleaned string and symbol table, strings: 29259 processed, 12 removed, symbols: 235588 processed, 0 removed
[34.527s][info][gc,phases      ] GC(35) Phase 1: Mark live objects 15.633ms
[34.527s][info][gc,phases,start] GC(35) Phase 2: Prepare for compaction
[34.532s][info][gc,phases      ] GC(35) Phase 2: Prepare for compaction 4.513ms
[34.532s][info][gc,phases,start] GC(35) Phase 3: Adjust pointers
[34.543s][info][gc,phases      ] GC(35) Phase 3: Adjust pointers 11.131ms
[34.543s][info][gc,phases,start] GC(35) Phase 4: Compact heap
[34.547s][info][gc,phases      ] GC(35) Phase 4: Compact heap 3.643ms
[34.555s][info][gc,heap        ] GC(35) Eden regions: 592->0(1194)
[34.555s][info][gc,heap        ] GC(35) Survivor regions: 0->0(17)
[34.555s][info][gc,heap        ] GC(35) Old regions: 21->20
[34.555s][info][gc,heap        ] GC(35) Humongous regions: 137->3
[34.555s][info][gc,metaspace   ] GC(35) Metaspace: 106585K(110568K)->106585K(110568K) NonClass: 94865K(96944K)->94865K(96944K) Class: 11719K(13624K)->11719K(13624K)
[34.555s][info][gc             ] GC(35) Pause Full (System.gc()) 1489M->38M(4096M) 45.310ms
[34.555s][info][gc,cpu         ] GC(35) User=0.02s Sys=0.00s Real=0.05s
[35.184s][info][gc,task        ] GC(36) Using 6 workers of 6 for full compaction
[35.184s][info][gc,start       ] GC(36) Pause Full (System.gc())
[35.186s][info][gc,phases,start] GC(36) Phase 1: Mark live objects
[35.201s][info][gc,stringtable ] GC(36) Cleaned string and symbol table, strings: 29265 processed, 12 removed, symbols: 235588 processed, 0 removed
[35.201s][info][gc,phases      ] GC(36) Phase 1: Mark live objects 15.296ms
[35.201s][info][gc,phases,start] GC(36) Phase 2: Prepare for compaction
[35.207s][info][gc,phases      ] GC(36) Phase 2: Prepare for compaction 5.536ms
[35.207s][info][gc,phases,start] GC(36) Phase 3: Adjust pointers
[35.218s][info][gc,phases      ] GC(36) Phase 3: Adjust pointers 10.701ms
[35.218s][info][gc,phases,start] GC(36) Phase 4: Compact heap
[35.222s][info][gc,phases      ] GC(36) Phase 4: Compact heap 4.038ms
[35.230s][info][gc,heap        ] GC(36) Eden regions: 592->0(1194)
[35.231s][info][gc,heap        ] GC(36) Survivor regions: 0->0(17)
[35.231s][info][gc,heap        ] GC(36) Old regions: 20->20
[35.231s][info][gc,heap        ] GC(36) Humongous regions: 137->3
[35.231s][info][gc,metaspace   ] GC(36) Metaspace: 106588K(110568K)->106588K(110568K) NonClass: 94869K(96944K)->94869K(96944K) Class: 11719K(13624K)->11719K(13624K)
[35.231s][info][gc             ] GC(36) Pause Full (System.gc()) 1489M->38M(4096M) 46.605ms
[35.231s][info][gc,cpu         ] GC(36) User=0.02s Sys=0.00s Real=0.05s
[35.851s][info][gc,task        ] GC(37) Using 6 workers of 6 for full compaction
[35.852s][info][gc,start       ] GC(37) Pause Full (System.gc())
[35.857s][info][gc,phases,start] GC(37) Phase 1: Mark live objects
[35.873s][info][gc,stringtable ] GC(37) Cleaned string and symbol table, strings: 29265 processed, 12 removed, symbols: 235588 processed, 0 removed
[35.873s][info][gc,phases      ] GC(37) Phase 1: Mark live objects 15.880ms
[35.873s][info][gc,phases,start] GC(37) Phase 2: Prepare for compaction
[35.877s][info][gc,phases      ] GC(37) Phase 2: Prepare for compaction 4.604ms
[35.877s][info][gc,phases,start] GC(37) Phase 3: Adjust pointers
[35.888s][info][gc,phases      ] GC(37) Phase 3: Adjust pointers 10.360ms
[35.888s][info][gc,phases,start] GC(37) Phase 4: Compact heap
[35.892s][info][gc,phases      ] GC(37) Phase 4: Compact heap 3.966ms
[35.900s][info][gc,heap        ] GC(37) Eden regions: 591->0(1194)
[35.900s][info][gc,heap        ] GC(37) Survivor regions: 0->0(17)
[35.900s][info][gc,heap        ] GC(37) Old regions: 20->20
[35.900s][info][gc,heap        ] GC(37) Humongous regions: 137->3
[35.900s][info][gc,metaspace   ] GC(37) Metaspace: 106588K(110568K)->106588K(110568K) NonClass: 94869K(96944K)->94869K(96944K) Class: 11719K(13624K)->11719K(13624K)
[35.900s][info][gc             ] GC(37) Pause Full (System.gc()) 1488M->38M(4096M) 48.896ms
[35.901s][info][gc,cpu         ] GC(37) User=0.03s Sys=0.00s Real=0.05s
[36.524s][info][gc,task        ] GC(38) Using 6 workers of 6 for full compaction
[36.524s][info][gc,start       ] GC(38) Pause Full (System.gc())
[36.526s][info][gc,phases,start] GC(38) Phase 1: Mark live objects
[36.542s][info][gc,stringtable ] GC(38) Cleaned string and symbol table, strings: 29279 processed, 12 removed, symbols: 235588 processed, 0 removed
[36.542s][info][gc,phases      ] GC(38) Phase 1: Mark live objects 15.808ms
[36.542s][info][gc,phases,start] GC(38) Phase 2: Prepare for compaction
[36.546s][info][gc,phases      ] GC(38) Phase 2: Prepare for compaction 4.406ms
[36.546s][info][gc,phases,start] GC(38) Phase 3: Adjust pointers
[36.556s][info][gc,phases      ] GC(38) Phase 3: Adjust pointers 10.206ms
[36.556s][info][gc,phases,start] GC(38) Phase 4: Compact heap
[36.560s][info][gc,phases      ] GC(38) Phase 4: Compact heap 3.563ms
[36.568s][info][gc,heap        ] GC(38) Eden regions: 592->0(1194)
[36.568s][info][gc,heap        ] GC(38) Survivor regions: 0->0(17)
[36.568s][info][gc,heap        ] GC(38) Old regions: 20->21
[36.568s][info][gc,heap        ] GC(38) Humongous regions: 137->3
[36.568s][info][gc,metaspace   ] GC(38) Metaspace: 106601K(110824K)->106601K(110824K) NonClass: 94881K(97200K)->94881K(97200K) Class: 11720K(13624K)->11720K(13624K)
[36.568s][info][gc             ] GC(38) Pause Full (System.gc()) 1489M->38M(4096M) 43.908ms
[36.568s][info][gc,cpu         ] GC(38) User=0.02s Sys=0.00s Real=0.04s
[37.191s][info][gc,task        ] GC(39) Using 6 workers of 6 for full compaction
[37.191s][info][gc,start       ] GC(39) Pause Full (System.gc())
[37.193s][info][gc,phases,start] GC(39) Phase 1: Mark live objects
[37.208s][info][gc,stringtable ] GC(39) Cleaned string and symbol table, strings: 29292 processed, 12 removed, symbols: 235588 processed, 0 removed
[37.208s][info][gc,phases      ] GC(39) Phase 1: Mark live objects 15.226ms
[37.208s][info][gc,phases,start] GC(39) Phase 2: Prepare for compaction
[37.213s][info][gc,phases      ] GC(39) Phase 2: Prepare for compaction 4.432ms
[37.213s][info][gc,phases,start] GC(39) Phase 3: Adjust pointers
[37.223s][info][gc,phases      ] GC(39) Phase 3: Adjust pointers 10.327ms
[37.223s][info][gc,phases,start] GC(39) Phase 4: Compact heap
[37.227s][info][gc,phases      ] GC(39) Phase 4: Compact heap 3.405ms
[37.235s][info][gc,heap        ] GC(39) Eden regions: 592->0(1194)
[37.235s][info][gc,heap        ] GC(39) Survivor regions: 0->0(17)
[37.235s][info][gc,heap        ] GC(39) Old regions: 21->21
[37.235s][info][gc,heap        ] GC(39) Humongous regions: 137->3
[37.235s][info][gc,metaspace   ] GC(39) Metaspace: 106602K(110824K)->106602K(110824K) NonClass: 94882K(97200K)->94882K(97200K) Class: 11720K(13624K)->11720K(13624K)
[37.235s][info][gc             ] GC(39) Pause Full (System.gc()) 1490M->38M(4096M) 43.788ms
[37.235s][info][gc,cpu         ] GC(39) User=0.02s Sys=0.00s Real=0.05s
[37.859s][info][gc,task        ] GC(40) Using 6 workers of 6 for full compaction
[37.859s][info][gc,start       ] GC(40) Pause Full (System.gc())
[37.861s][info][gc,phases,start] GC(40) Phase 1: Mark live objects
[37.877s][info][gc,stringtable ] GC(40) Cleaned string and symbol table, strings: 29300 processed, 12 removed, symbols: 235592 processed, 0 removed
[37.877s][info][gc,phases      ] GC(40) Phase 1: Mark live objects 15.821ms
[37.877s][info][gc,phases,start] GC(40) Phase 2: Prepare for compaction
[37.881s][info][gc,phases      ] GC(40) Phase 2: Prepare for compaction 4.495ms
[37.881s][info][gc,phases,start] GC(40) Phase 3: Adjust pointers
[37.893s][info][gc,phases      ] GC(40) Phase 3: Adjust pointers 11.985ms
[37.893s][info][gc,phases,start] GC(40) Phase 4: Compact heap
[37.897s][info][gc,phases      ] GC(40) Phase 4: Compact heap 3.657ms
[37.905s][info][gc,heap        ] GC(40) Eden regions: 592->0(1194)
[37.905s][info][gc,heap        ] GC(40) Survivor regions: 0->0(17)
[37.905s][info][gc,heap        ] GC(40) Old regions: 21->21
[37.905s][info][gc,heap        ] GC(40) Humongous regions: 137->3
[37.905s][info][gc,metaspace   ] GC(40) Metaspace: 106633K(110824K)->106633K(110824K) NonClass: 94912K(97200K)->94912K(97200K) Class: 11720K(13624K)->11720K(13624K)
[37.905s][info][gc             ] GC(40) Pause Full (System.gc()) 1489M->38M(4096M) 46.121ms
[37.906s][info][gc,cpu         ] GC(40) User=0.00s Sys=0.00s Real=0.05s
[38.533s][info][gc,task        ] GC(41) Using 6 workers of 6 for full compaction
[38.533s][info][gc,start       ] GC(41) Pause Full (System.gc())
[38.534s][info][gc,phases,start] GC(41) Phase 1: Mark live objects
[38.549s][info][gc,stringtable ] GC(41) Cleaned string and symbol table, strings: 29312 processed, 12 removed, symbols: 235609 processed, 1 removed
[38.549s][info][gc,phases      ] GC(41) Phase 1: Mark live objects 14.654ms
[38.549s][info][gc,phases,start] GC(41) Phase 2: Prepare for compaction
[38.554s][info][gc,phases      ] GC(41) Phase 2: Prepare for compaction 4.957ms
[38.554s][info][gc,phases,start] GC(41) Phase 3: Adjust pointers
[38.564s][info][gc,phases      ] GC(41) Phase 3: Adjust pointers 10.327ms
[38.564s][info][gc,phases,start] GC(41) Phase 4: Compact heap
[38.568s][info][gc,phases      ] GC(41) Phase 4: Compact heap 3.928ms
[38.577s][info][gc,heap        ] GC(41) Eden regions: 592->0(1194)
[38.577s][info][gc,heap        ] GC(41) Survivor regions: 0->0(17)
[38.577s][info][gc,heap        ] GC(41) Old regions: 21->20
[38.577s][info][gc,heap        ] GC(41) Humongous regions: 137->3
[38.577s][info][gc,metaspace   ] GC(41) Metaspace: 106820K(110824K)->106820K(110824K) NonClass: 95098K(97200K)->95098K(97200K) Class: 11721K(13624K)->11721K(13624K)
[38.577s][info][gc             ] GC(41) Pause Full (System.gc()) 1489M->39M(4096M) 44.504ms
[38.577s][info][gc,cpu         ] GC(41) User=0.00s Sys=0.02s Real=0.04s
[39.200s][info][gc,task        ] GC(42) Using 6 workers of 6 for full compaction
[39.200s][info][gc,start       ] GC(42) Pause Full (System.gc())
[39.202s][info][gc,phases,start] GC(42) Phase 1: Mark live objects
[39.218s][info][gc,stringtable ] GC(42) Cleaned string and symbol table, strings: 29327 processed, 12 removed, symbols: 235608 processed, 0 removed
[39.218s][info][gc,phases      ] GC(42) Phase 1: Mark live objects 15.526ms
[39.218s][info][gc,phases,start] GC(42) Phase 2: Prepare for compaction
[39.222s][info][gc,phases      ] GC(42) Phase 2: Prepare for compaction 4.832ms
[39.222s][info][gc,phases,start] GC(42) Phase 3: Adjust pointers
[39.232s][info][gc,phases      ] GC(42) Phase 3: Adjust pointers 9.917ms
[39.232s][info][gc,phases,start] GC(42) Phase 4: Compact heap
[39.237s][info][gc,phases      ] GC(42) Phase 4: Compact heap 4.892ms
[39.246s][info][gc,heap        ] GC(42) Eden regions: 591->0(1194)
[39.246s][info][gc,heap        ] GC(42) Survivor regions: 0->0(17)
[39.246s][info][gc,heap        ] GC(42) Old regions: 20->21
[39.246s][info][gc,heap        ] GC(42) Humongous regions: 137->3
[39.246s][info][gc,metaspace   ] GC(42) Metaspace: 106826K(110824K)->106826K(110824K) NonClass: 95104K(97200K)->95104K(97200K) Class: 11721K(13624K)->11721K(13624K)
[39.246s][info][gc             ] GC(42) Pause Full (System.gc()) 1488M->39M(4096M) 45.690ms
[39.246s][info][gc,cpu         ] GC(42) User=0.03s Sys=0.00s Real=0.05s
[39.870s][info][gc,task        ] GC(43) Using 6 workers of 6 for full compaction
[39.871s][info][gc,start       ] GC(43) Pause Full (System.gc())
[39.872s][info][gc,phases,start] GC(43) Phase 1: Mark live objects
[39.887s][info][gc,stringtable ] GC(43) Cleaned string and symbol table, strings: 29334 processed, 12 removed, symbols: 235608 processed, 0 removed
[39.887s][info][gc,phases      ] GC(43) Phase 1: Mark live objects 14.118ms
[39.887s][info][gc,phases,start] GC(43) Phase 2: Prepare for compaction
[39.891s][info][gc,phases      ] GC(43) Phase 2: Prepare for compaction 4.465ms
[39.891s][info][gc,phases,start] GC(43) Phase 3: Adjust pointers
[39.901s][info][gc,phases      ] GC(43) Phase 3: Adjust pointers 9.916ms
[39.901s][info][gc,phases,start] GC(43) Phase 4: Compact heap
[39.905s][info][gc,phases      ] GC(43) Phase 4: Compact heap 3.967ms
[39.913s][info][gc,heap        ] GC(43) Eden regions: 592->0(1194)
[39.913s][info][gc,heap        ] GC(43) Survivor regions: 0->0(17)
[39.913s][info][gc,heap        ] GC(43) Old regions: 21->21
[39.913s][info][gc,heap        ] GC(43) Humongous regions: 137->3
[39.913s][info][gc,metaspace   ] GC(43) Metaspace: 106826K(110824K)->106826K(110824K) NonClass: 95104K(97200K)->95104K(97200K) Class: 11721K(13624K)->11721K(13624K)
[39.913s][info][gc             ] GC(43) Pause Full (System.gc()) 1489M->39M(4096M) 42.692ms
[39.913s][info][gc,cpu         ] GC(43) User=0.00s Sys=0.00s Real=0.03s
[40.535s][info][gc,task        ] GC(44) Using 6 workers of 6 for full compaction
[40.535s][info][gc,start       ] GC(44) Pause Full (System.gc())
[40.537s][info][gc,phases,start] GC(44) Phase 1: Mark live objects
[40.551s][info][gc,stringtable ] GC(44) Cleaned string and symbol table, strings: 30090 processed, 12 removed, symbols: 235609 processed, 1 removed
[40.552s][info][gc,phases      ] GC(44) Phase 1: Mark live objects 14.460ms
[40.552s][info][gc,phases,start] GC(44) Phase 2: Prepare for compaction
[40.556s][info][gc,phases      ] GC(44) Phase 2: Prepare for compaction 4.701ms
[40.556s][info][gc,phases,start] GC(44) Phase 3: Adjust pointers
[40.566s][info][gc,phases      ] GC(44) Phase 3: Adjust pointers 9.847ms
[40.566s][info][gc,phases,start] GC(44) Phase 4: Compact heap
[40.571s][info][gc,phases      ] GC(44) Phase 4: Compact heap 4.586ms
[40.579s][info][gc,heap        ] GC(44) Eden regions: 591->0(1194)
[40.579s][info][gc,heap        ] GC(44) Survivor regions: 0->0(17)
[40.579s][info][gc,heap        ] GC(44) Old regions: 21->21
[40.579s][info][gc,heap        ] GC(44) Humongous regions: 137->3
[40.579s][info][gc,metaspace   ] GC(44) Metaspace: 106829K(110824K)->106829K(110824K) NonClass: 95107K(97200K)->95107K(97200K) Class: 11721K(13624K)->11721K(13624K)
[40.579s][info][gc             ] GC(44) Pause Full (System.gc()) 1487M->39M(4096M) 44.233ms
[40.579s][info][gc,cpu         ] GC(44) User=0.03s Sys=0.00s Real=0.05s
[41.201s][info][gc,task        ] GC(45) Using 6 workers of 6 for full compaction
[41.201s][info][gc,start       ] GC(45) Pause Full (System.gc())
[41.203s][info][gc,phases,start] GC(45) Phase 1: Mark live objects
[41.218s][info][gc,stringtable ] GC(45) Cleaned string and symbol table, strings: 30110 processed, 12 removed, symbols: 235610 processed, 0 removed
[41.218s][info][gc,phases      ] GC(45) Phase 1: Mark live objects 15.125ms
[41.218s][info][gc,phases,start] GC(45) Phase 2: Prepare for compaction
[41.223s][info][gc,phases      ] GC(45) Phase 2: Prepare for compaction 4.517ms
[41.223s][info][gc,phases,start] GC(45) Phase 3: Adjust pointers
[41.233s][info][gc,phases      ] GC(45) Phase 3: Adjust pointers 10.297ms
[41.233s][info][gc,phases,start] GC(45) Phase 4: Compact heap
[41.237s][info][gc,phases      ] GC(45) Phase 4: Compact heap 3.991ms
[41.245s][info][gc,heap        ] GC(45) Eden regions: 591->0(1194)
[41.245s][info][gc,heap        ] GC(45) Survivor regions: 0->0(17)
[41.245s][info][gc,heap        ] GC(45) Old regions: 21->21
[41.245s][info][gc,heap        ] GC(45) Humongous regions: 137->3
[41.245s][info][gc,metaspace   ] GC(45) Metaspace: 106832K(110824K)->106832K(110824K) NonClass: 95110K(97200K)->95110K(97200K) Class: 11722K(13624K)->11722K(13624K)
[41.245s][info][gc             ] GC(45) Pause Full (System.gc()) 1488M->39M(4096M) 44.159ms
[41.246s][info][gc,cpu         ] GC(45) User=0.02s Sys=0.00s Real=0.05s
[41.864s][info][gc,task        ] GC(46) Using 6 workers of 6 for full compaction
[41.864s][info][gc,start       ] GC(46) Pause Full (System.gc())
[41.866s][info][gc,phases,start] GC(46) Phase 1: Mark live objects
[41.881s][info][gc,stringtable ] GC(46) Cleaned string and symbol table, strings: 30130 processed, 12 removed, symbols: 235610 processed, 0 removed
[41.881s][info][gc,phases      ] GC(46) Phase 1: Mark live objects 15.222ms
[41.881s][info][gc,phases,start] GC(46) Phase 2: Prepare for compaction
[41.887s][info][gc,phases      ] GC(46) Phase 2: Prepare for compaction 5.595ms
[41.887s][info][gc,phases,start] GC(46) Phase 3: Adjust pointers
[41.897s][info][gc,phases      ] GC(46) Phase 3: Adjust pointers 10.099ms
[41.897s][info][gc,phases,start] GC(46) Phase 4: Compact heap
[41.902s][info][gc,phases      ] GC(46) Phase 4: Compact heap 4.519ms
[41.910s][info][gc,heap        ] GC(46) Eden regions: 592->0(1194)
[41.910s][info][gc,heap        ] GC(46) Survivor regions: 0->0(17)
[41.910s][info][gc,heap        ] GC(46) Old regions: 21->21
[41.910s][info][gc,heap        ] GC(46) Humongous regions: 137->3
[41.910s][info][gc,metaspace   ] GC(46) Metaspace: 106850K(111080K)->106850K(111080K) NonClass: 95128K(97456K)->95128K(97456K) Class: 11722K(13624K)->11722K(13624K)
[41.910s][info][gc             ] GC(46) Pause Full (System.gc()) 1491M->39M(4096M) 46.263ms
[41.910s][info][gc,cpu         ] GC(46) User=0.02s Sys=0.00s Real=0.05s
[42.531s][info][gc,task        ] GC(47) Using 6 workers of 6 for full compaction
[42.531s][info][gc,start       ] GC(47) Pause Full (System.gc())
[42.533s][info][gc,phases,start] GC(47) Phase 1: Mark live objects
[42.549s][info][gc,stringtable ] GC(47) Cleaned string and symbol table, strings: 30143 processed, 12 removed, symbols: 235610 processed, 0 removed
[42.549s][info][gc,phases      ] GC(47) Phase 1: Mark live objects 15.686ms
[42.549s][info][gc,phases,start] GC(47) Phase 2: Prepare for compaction
[42.554s][info][gc,phases      ] GC(47) Phase 2: Prepare for compaction 4.921ms
[42.554s][info][gc,phases,start] GC(47) Phase 3: Adjust pointers
[42.565s][info][gc,phases      ] GC(47) Phase 3: Adjust pointers 10.447ms
[42.565s][info][gc,phases,start] GC(47) Phase 4: Compact heap
[42.570s][info][gc,phases      ] GC(47) Phase 4: Compact heap 4.958ms
[42.578s][info][gc,heap        ] GC(47) Eden regions: 592->0(1194)
[42.578s][info][gc,heap        ] GC(47) Survivor regions: 0->0(17)
[42.578s][info][gc,heap        ] GC(47) Old regions: 21->21
[42.578s][info][gc,heap        ] GC(47) Humongous regions: 137->3
[42.578s][info][gc,metaspace   ] GC(47) Metaspace: 106870K(111080K)->106870K(111080K) NonClass: 95148K(97456K)->95148K(97456K) Class: 11722K(13624K)->11722K(13624K)
[42.578s][info][gc             ] GC(47) Pause Full (System.gc()) 1490M->39M(4096M) 46.487ms
[42.578s][info][gc,cpu         ] GC(47) User=0.05s Sys=0.00s Real=0.06s
[43.197s][info][gc,task        ] GC(48) Using 6 workers of 6 for full compaction
[43.197s][info][gc,start       ] GC(48) Pause Full (System.gc())
[43.199s][info][gc,phases,start] GC(48) Phase 1: Mark live objects
[43.214s][info][gc,stringtable ] GC(48) Cleaned string and symbol table, strings: 30170 processed, 12 removed, symbols: 235610 processed, 0 removed
[43.214s][info][gc,phases      ] GC(48) Phase 1: Mark live objects 14.835ms
[43.214s][info][gc,phases,start] GC(48) Phase 2: Prepare for compaction
[43.219s][info][gc,phases      ] GC(48) Phase 2: Prepare for compaction 5.523ms
[43.219s][info][gc,phases,start] GC(48) Phase 3: Adjust pointers
[43.229s][info][gc,phases      ] GC(48) Phase 3: Adjust pointers 10.045ms
[43.229s][info][gc,phases,start] GC(48) Phase 4: Compact heap
[43.234s][info][gc,phases      ] GC(48) Phase 4: Compact heap 4.386ms
[43.242s][info][gc,heap        ] GC(48) Eden regions: 592->0(1194)
[43.242s][info][gc,heap        ] GC(48) Survivor regions: 0->0(17)
[43.242s][info][gc,heap        ] GC(48) Old regions: 21->21
[43.242s][info][gc,heap        ] GC(48) Humongous regions: 137->3
[43.242s][info][gc,metaspace   ] GC(48) Metaspace: 106885K(111080K)->106885K(111080K) NonClass: 95162K(97456K)->95162K(97456K) Class: 11722K(13624K)->11722K(13624K)
[43.242s][info][gc             ] GC(48) Pause Full (System.gc()) 1490M->39M(4096M) 45.361ms
[43.243s][info][gc,cpu         ] GC(48) User=0.00s Sys=0.00s Real=0.05s
[43.854s][info][gc,task        ] GC(49) Using 6 workers of 6 for full compaction
[43.854s][info][gc,start       ] GC(49) Pause Full (System.gc())
[43.856s][info][gc,phases,start] GC(49) Phase 1: Mark live objects
[43.871s][info][gc,stringtable ] GC(49) Cleaned string and symbol table, strings: 30182 processed, 12 removed, symbols: 235610 processed, 0 removed
[43.871s][info][gc,phases      ] GC(49) Phase 1: Mark live objects 15.457ms
[43.871s][info][gc,phases,start] GC(49) Phase 2: Prepare for compaction
[43.876s][info][gc,phases      ] GC(49) Phase 2: Prepare for compaction 4.717ms
[43.876s][info][gc,phases,start] GC(49) Phase 3: Adjust pointers
[43.887s][info][gc,phases      ] GC(49) Phase 3: Adjust pointers 11.387ms
[43.887s][info][gc,phases,start] GC(49) Phase 4: Compact heap
[43.892s][info][gc,phases      ] GC(49) Phase 4: Compact heap 4.309ms
[43.900s][info][gc,heap        ] GC(49) Eden regions: 591->0(1194)
[43.900s][info][gc,heap        ] GC(49) Survivor regions: 0->0(17)
[43.900s][info][gc,heap        ] GC(49) Old regions: 21->21
[43.900s][info][gc,heap        ] GC(49) Humongous regions: 137->3
[43.900s][info][gc,metaspace   ] GC(49) Metaspace: 106885K(111080K)->106885K(111080K) NonClass: 95163K(97456K)->95163K(97456K) Class: 11722K(13624K)->11722K(13624K)
[43.900s][info][gc             ] GC(49) Pause Full (System.gc()) 1488M->39M(4096M) 46.187ms
[43.900s][info][gc,cpu         ] GC(49) User=0.03s Sys=0.02s Real=0.05s
[44.514s][info][gc,task        ] GC(50) Using 6 workers of 6 for full compaction
[44.514s][info][gc,start       ] GC(50) Pause Full (System.gc())
[44.515s][info][gc,phases,start] GC(50) Phase 1: Mark live objects
[44.530s][info][gc,stringtable ] GC(50) Cleaned string and symbol table, strings: 30205 processed, 12 removed, symbols: 235610 processed, 0 removed
[44.530s][info][gc,phases      ] GC(50) Phase 1: Mark live objects 15.087ms
[44.530s][info][gc,phases,start] GC(50) Phase 2: Prepare for compaction
[44.535s][info][gc,phases      ] GC(50) Phase 2: Prepare for compaction 4.932ms
[44.535s][info][gc,phases,start] GC(50) Phase 3: Adjust pointers
[44.546s][info][gc,phases      ] GC(50) Phase 3: Adjust pointers 10.465ms
[44.546s][info][gc,phases,start] GC(50) Phase 4: Compact heap
[44.551s][info][gc,phases      ] GC(50) Phase 4: Compact heap 5.165ms
[44.560s][info][gc,heap        ] GC(50) Eden regions: 591->0(1194)
[44.560s][info][gc,heap        ] GC(50) Survivor regions: 0->0(17)
[44.560s][info][gc,heap        ] GC(50) Old regions: 21->21
[44.560s][info][gc,heap        ] GC(50) Humongous regions: 137->3
[44.560s][info][gc,metaspace   ] GC(50) Metaspace: 106885K(111080K)->106885K(111080K) NonClass: 95163K(97456K)->95163K(97456K) Class: 11722K(13624K)->11722K(13624K)
[44.560s][info][gc             ] GC(50) Pause Full (System.gc()) 1489M->39M(4096M) 45.894ms
[44.560s][info][gc,cpu         ] GC(50) User=0.09s Sys=0.00s Real=0.05s
[45.175s][info][gc,task        ] GC(51) Using 6 workers of 6 for full compaction
[45.175s][info][gc,start       ] GC(51) Pause Full (System.gc())
[45.177s][info][gc,phases,start] GC(51) Phase 1: Mark live objects
[45.192s][info][gc,stringtable ] GC(51) Cleaned string and symbol table, strings: 30213 processed, 12 removed, symbols: 235610 processed, 0 removed
[45.192s][info][gc,phases      ] GC(51) Phase 1: Mark live objects 15.006ms
[45.192s][info][gc,phases,start] GC(51) Phase 2: Prepare for compaction
[45.197s][info][gc,phases      ] GC(51) Phase 2: Prepare for compaction 4.879ms
[45.197s][info][gc,phases,start] GC(51) Phase 3: Adjust pointers
[45.208s][info][gc,phases      ] GC(51) Phase 3: Adjust pointers 10.803ms
[45.208s][info][gc,phases,start] GC(51) Phase 4: Compact heap
[45.212s][info][gc,phases      ] GC(51) Phase 4: Compact heap 4.111ms
[45.221s][info][gc,heap        ] GC(51) Eden regions: 591->0(1194)
[45.221s][info][gc,heap        ] GC(51) Survivor regions: 0->0(17)
[45.221s][info][gc,heap        ] GC(51) Old regions: 21->21
[45.221s][info][gc,heap        ] GC(51) Humongous regions: 137->3
[45.221s][info][gc,metaspace   ] GC(51) Metaspace: 106885K(111080K)->106885K(111080K) NonClass: 95163K(97456K)->95163K(97456K) Class: 11722K(13624K)->11722K(13624K)
[45.221s][info][gc             ] GC(51) Pause Full (System.gc()) 1489M->40M(4096M) 46.049ms
[45.221s][info][gc,cpu         ] GC(51) User=0.05s Sys=0.00s Real=0.05s
[45.837s][info][gc,task        ] GC(52) Using 6 workers of 6 for full compaction
[45.837s][info][gc,start       ] GC(52) Pause Full (System.gc())
[45.841s][info][gc,phases,start] GC(52) Phase 1: Mark live objects
[45.856s][info][gc,stringtable ] GC(52) Cleaned string and symbol table, strings: 30218 processed, 12 removed, symbols: 235610 processed, 0 removed
[45.856s][info][gc,phases      ] GC(52) Phase 1: Mark live objects 15.316ms
[45.856s][info][gc,phases,start] GC(52) Phase 2: Prepare for compaction
[45.861s][info][gc,phases      ] GC(52) Phase 2: Prepare for compaction 5.071ms
[45.862s][info][gc,phases,start] GC(52) Phase 3: Adjust pointers
[45.873s][info][gc,phases      ] GC(52) Phase 3: Adjust pointers 11.267ms
[45.873s][info][gc,phases,start] GC(52) Phase 4: Compact heap
[45.877s][info][gc,phases      ] GC(52) Phase 4: Compact heap 4.139ms
[45.887s][info][gc,heap        ] GC(52) Eden regions: 591->0(1194)
[45.887s][info][gc,heap        ] GC(52) Survivor regions: 0->0(17)
[45.887s][info][gc,heap        ] GC(52) Old regions: 21->21
[45.887s][info][gc,heap        ] GC(52) Humongous regions: 137->3
[45.887s][info][gc,metaspace   ] GC(52) Metaspace: 106885K(111080K)->106885K(111080K) NonClass: 95163K(97456K)->95163K(97456K) Class: 11722K(13624K)->11722K(13624K)
[45.887s][info][gc             ] GC(52) Pause Full (System.gc()) 1489M->40M(4096M) 50.059ms
[45.887s][info][gc,cpu         ] GC(52) User=0.03s Sys=0.02s Real=0.06s
[46.501s][info][gc,task        ] GC(53) Using 6 workers of 6 for full compaction
[46.501s][info][gc,start       ] GC(53) Pause Full (System.gc())
[46.503s][info][gc,phases,start] GC(53) Phase 1: Mark live objects
[46.520s][info][gc,stringtable ] GC(53) Cleaned string and symbol table, strings: 30256 processed, 12 removed, symbols: 235610 processed, 0 removed
[46.520s][info][gc,phases      ] GC(53) Phase 1: Mark live objects 16.562ms
[46.520s][info][gc,phases,start] GC(53) Phase 2: Prepare for compaction
[46.525s][info][gc,phases      ] GC(53) Phase 2: Prepare for compaction 4.546ms
[46.525s][info][gc,phases,start] GC(53) Phase 3: Adjust pointers
[46.535s][info][gc,phases      ] GC(53) Phase 3: Adjust pointers 10.645ms
[46.535s][info][gc,phases,start] GC(53) Phase 4: Compact heap
[46.539s][info][gc,phases      ] GC(53) Phase 4: Compact heap 3.724ms
[46.548s][info][gc,heap        ] GC(53) Eden regions: 591->0(1194)
[46.548s][info][gc,heap        ] GC(53) Survivor regions: 0->0(17)
[46.548s][info][gc,heap        ] GC(53) Old regions: 21->21
[46.548s][info][gc,heap        ] GC(53) Humongous regions: 137->3
[46.548s][info][gc,metaspace   ] GC(53) Metaspace: 106885K(111080K)->106885K(111080K) NonClass: 95163K(97456K)->95163K(97456K) Class: 11722K(13624K)->11722K(13624K)
[46.548s][info][gc             ] GC(53) Pause Full (System.gc()) 1489M->40M(4096M) 46.526ms
[46.548s][info][gc,cpu         ] GC(53) User=0.02s Sys=0.00s Real=0.05s
[47.164s][info][gc,task        ] GC(54) Using 6 workers of 6 for full compaction
[47.164s][info][gc,start       ] GC(54) Pause Full (System.gc())
[47.166s][info][gc,phases,start] GC(54) Phase 1: Mark live objects
[47.182s][info][gc,stringtable ] GC(54) Cleaned string and symbol table, strings: 30261 processed, 12 removed, symbols: 235610 processed, 0 removed
[47.182s][info][gc,phases      ] GC(54) Phase 1: Mark live objects 15.855ms
[47.182s][info][gc,phases,start] GC(54) Phase 2: Prepare for compaction
[47.187s][info][gc,phases      ] GC(54) Phase 2: Prepare for compaction 4.598ms
[47.187s][info][gc,phases,start] GC(54) Phase 3: Adjust pointers
[47.197s][info][gc,phases      ] GC(54) Phase 3: Adjust pointers 10.166ms
[47.197s][info][gc,phases,start] GC(54) Phase 4: Compact heap
[47.200s][info][gc,phases      ] GC(54) Phase 4: Compact heap 3.498ms
[47.209s][info][gc,heap        ] GC(54) Eden regions: 592->0(1194)
[47.209s][info][gc,heap        ] GC(54) Survivor regions: 0->0(17)
[47.209s][info][gc,heap        ] GC(54) Old regions: 21->21
[47.209s][info][gc,heap        ] GC(54) Humongous regions: 137->3
[47.209s][info][gc,metaspace   ] GC(54) Metaspace: 106891K(111080K)->106891K(111080K) NonClass: 95169K(97456K)->95169K(97456K) Class: 11722K(13624K)->11722K(13624K)
[47.209s][info][gc             ] GC(54) Pause Full (System.gc()) 1491M->40M(4096M) 44.589ms
[47.209s][info][gc,cpu         ] GC(54) User=0.02s Sys=0.00s Real=0.05s
[47.824s][info][gc,task        ] GC(55) Using 6 workers of 6 for full compaction
[47.825s][info][gc,start       ] GC(55) Pause Full (System.gc())
[47.826s][info][gc,phases,start] GC(55) Phase 1: Mark live objects
[47.842s][info][gc,stringtable ] GC(55) Cleaned string and symbol table, strings: 30320 processed, 12 removed, symbols: 235610 processed, 0 removed
[47.842s][info][gc,phases      ] GC(55) Phase 1: Mark live objects 15.403ms
[47.842s][info][gc,phases,start] GC(55) Phase 2: Prepare for compaction
[47.847s][info][gc,phases      ] GC(55) Phase 2: Prepare for compaction 5.470ms
[47.847s][info][gc,phases,start] GC(55) Phase 3: Adjust pointers
[47.858s][info][gc,phases      ] GC(55) Phase 3: Adjust pointers 10.805ms
[47.858s][info][gc,phases,start] GC(55) Phase 4: Compact heap
[47.862s][info][gc,phases      ] GC(55) Phase 4: Compact heap 4.345ms
[47.871s][info][gc,heap        ] GC(55) Eden regions: 591->0(1194)
[47.871s][info][gc,heap        ] GC(55) Survivor regions: 0->0(17)
[47.871s][info][gc,heap        ] GC(55) Old regions: 21->20
[47.871s][info][gc,heap        ] GC(55) Humongous regions: 137->3
[47.872s][info][gc,metaspace   ] GC(55) Metaspace: 106901K(111080K)->106901K(111080K) NonClass: 95179K(97456K)->95179K(97456K) Class: 11722K(13624K)->11722K(13624K)
[47.872s][info][gc             ] GC(55) Pause Full (System.gc()) 1490M->40M(4096M) 47.015ms
[47.872s][info][gc,cpu         ] GC(55) User=0.05s Sys=0.00s Real=0.05s
[48.486s][info][gc,task        ] GC(56) Using 6 workers of 6 for full compaction
[48.486s][info][gc,start       ] GC(56) Pause Full (System.gc())
[48.488s][info][gc,phases,start] GC(56) Phase 1: Mark live objects
[48.504s][info][gc,stringtable ] GC(56) Cleaned string and symbol table, strings: 30320 processed, 12 removed, symbols: 235610 processed, 0 removed
[48.504s][info][gc,phases      ] GC(56) Phase 1: Mark live objects 16.149ms
[48.504s][info][gc,phases,start] GC(56) Phase 2: Prepare for compaction
[48.509s][info][gc,phases      ] GC(56) Phase 2: Prepare for compaction 4.635ms
[48.509s][info][gc,phases,start] GC(56) Phase 3: Adjust pointers
[48.519s][info][gc,phases      ] GC(56) Phase 3: Adjust pointers 10.726ms
[48.519s][info][gc,phases,start] GC(56) Phase 4: Compact heap
[48.523s][info][gc,phases      ] GC(56) Phase 4: Compact heap 3.810ms
[48.532s][info][gc,heap        ] GC(56) Eden regions: 592->0(1194)
[48.532s][info][gc,heap        ] GC(56) Survivor regions: 0->0(17)
[48.532s][info][gc,heap        ] GC(56) Old regions: 20->21
[48.532s][info][gc,heap        ] GC(56) Humongous regions: 137->3
[48.532s][info][gc,metaspace   ] GC(56) Metaspace: 106907K(111080K)->106907K(111080K) NonClass: 95185K(97456K)->95185K(97456K) Class: 11722K(13624K)->11722K(13624K)
[48.532s][info][gc             ] GC(56) Pause Full (System.gc()) 1491M->40M(4096M) 45.830ms
[48.532s][info][gc,cpu         ] GC(56) User=0.02s Sys=0.00s Real=0.05s
[49.141s][info][gc,task        ] GC(57) Using 6 workers of 6 for full compaction
[49.141s][info][gc,start       ] GC(57) Pause Full (System.gc())
[49.143s][info][gc,phases,start] GC(57) Phase 1: Mark live objects
[49.158s][info][gc,stringtable ] GC(57) Cleaned string and symbol table, strings: 30329 processed, 12 removed, symbols: 235610 processed, 0 removed
[49.158s][info][gc,phases      ] GC(57) Phase 1: Mark live objects 14.814ms
[49.158s][info][gc,phases,start] GC(57) Phase 2: Prepare for compaction
[49.163s][info][gc,phases      ] GC(57) Phase 2: Prepare for compaction 5.452ms
[49.163s][info][gc,phases,start] GC(57) Phase 3: Adjust pointers
[49.174s][info][gc,phases      ] GC(57) Phase 3: Adjust pointers 10.838ms
[49.174s][info][gc,phases,start] GC(57) Phase 4: Compact heap
[49.178s][info][gc,phases      ] GC(57) Phase 4: Compact heap 4.099ms
[49.187s][info][gc,heap        ] GC(57) Eden regions: 592->0(1194)
[49.187s][info][gc,heap        ] GC(57) Survivor regions: 0->0(17)
[49.187s][info][gc,heap        ] GC(57) Old regions: 21->21
[49.187s][info][gc,heap        ] GC(57) Humongous regions: 137->3
[49.187s][info][gc,metaspace   ] GC(57) Metaspace: 106908K(111080K)->106908K(111080K) NonClass: 95185K(97456K)->95185K(97456K) Class: 11722K(13624K)->11722K(13624K)
[49.187s][info][gc             ] GC(57) Pause Full (System.gc()) 1491M->40M(4096M) 46.032ms
[49.187s][info][gc,cpu         ] GC(57) User=0.02s Sys=0.00s Real=0.05s
[49.796s][info][gc,task        ] GC(58) Using 6 workers of 6 for full compaction
[49.796s][info][gc,start       ] GC(58) Pause Full (System.gc())
[49.797s][info][gc,phases,start] GC(58) Phase 1: Mark live objects
[49.813s][info][gc,stringtable ] GC(58) Cleaned string and symbol table, strings: 30332 processed, 12 removed, symbols: 235610 processed, 0 removed
[49.813s][info][gc,phases      ] GC(58) Phase 1: Mark live objects 15.445ms
[49.813s][info][gc,phases,start] GC(58) Phase 2: Prepare for compaction
[49.818s][info][gc,phases      ] GC(58) Phase 2: Prepare for compaction 4.667ms
[49.818s][info][gc,phases,start] GC(58) Phase 3: Adjust pointers
[49.828s][info][gc,phases      ] GC(58) Phase 3: Adjust pointers 10.433ms
[49.828s][info][gc,phases,start] GC(58) Phase 4: Compact heap
[49.832s][info][gc,phases      ] GC(58) Phase 4: Compact heap 3.816ms
[49.840s][info][gc,heap        ] GC(58) Eden regions: 592->0(1194)
[49.840s][info][gc,heap        ] GC(58) Survivor regions: 0->0(17)
[49.840s][info][gc,heap        ] GC(58) Old regions: 21->21
[49.840s][info][gc,heap        ] GC(58) Humongous regions: 137->3
[49.840s][info][gc,metaspace   ] GC(58) Metaspace: 106908K(111080K)->106908K(111080K) NonClass: 95185K(97456K)->95185K(97456K) Class: 11722K(13624K)->11722K(13624K)
[49.841s][info][gc             ] GC(58) Pause Full (System.gc()) 1491M->40M(4096M) 44.762ms
[49.841s][info][gc,cpu         ] GC(58) User=0.03s Sys=0.00s Real=0.04s
[50.450s][info][gc,task        ] GC(59) Using 6 workers of 6 for full compaction
[50.450s][info][gc,start       ] GC(59) Pause Full (System.gc())
[50.452s][info][gc,phases,start] GC(59) Phase 1: Mark live objects
[50.468s][info][gc,stringtable ] GC(59) Cleaned string and symbol table, strings: 30332 processed, 12 removed, symbols: 235610 processed, 0 removed
[50.468s][info][gc,phases      ] GC(59) Phase 1: Mark live objects 15.736ms
[50.468s][info][gc,phases,start] GC(59) Phase 2: Prepare for compaction
[50.473s][info][gc,phases      ] GC(59) Phase 2: Prepare for compaction 4.814ms
[50.473s][info][gc,phases,start] GC(59) Phase 3: Adjust pointers
[50.484s][info][gc,phases      ] GC(59) Phase 3: Adjust pointers 11.160ms
[50.484s][info][gc,phases,start] GC(59) Phase 4: Compact heap
[50.488s][info][gc,phases      ] GC(59) Phase 4: Compact heap 3.883ms
[50.497s][info][gc,heap        ] GC(59) Eden regions: 592->0(1194)
[50.497s][info][gc,heap        ] GC(59) Survivor regions: 0->0(17)
[50.497s][info][gc,heap        ] GC(59) Old regions: 21->21
[50.497s][info][gc,heap        ] GC(59) Humongous regions: 137->3
[50.497s][info][gc,metaspace   ] GC(59) Metaspace: 106908K(111080K)->106908K(111080K) NonClass: 95185K(97456K)->95185K(97456K) Class: 11722K(13624K)->11722K(13624K)
[50.497s][info][gc             ] GC(59) Pause Full (System.gc()) 1491M->40M(4096M) 46.787ms
[50.497s][info][gc,cpu         ] GC(59) User=0.03s Sys=0.00s Real=0.05s
[51.112s][info][gc,task        ] GC(60) Using 6 workers of 6 for full compaction
[51.113s][info][gc,start       ] GC(60) Pause Full (System.gc())
[51.116s][info][gc,phases,start] GC(60) Phase 1: Mark live objects
[51.131s][info][gc,stringtable ] GC(60) Cleaned string and symbol table, strings: 30347 processed, 12 removed, symbols: 235610 processed, 0 removed
[51.131s][info][gc,phases      ] GC(60) Phase 1: Mark live objects 15.531ms
[51.131s][info][gc,phases,start] GC(60) Phase 2: Prepare for compaction
[51.136s][info][gc,phases      ] GC(60) Phase 2: Prepare for compaction 5.050ms
[51.136s][info][gc,phases,start] GC(60) Phase 3: Adjust pointers
[51.147s][info][gc,phases      ] GC(60) Phase 3: Adjust pointers 10.913ms
[51.147s][info][gc,phases,start] GC(60) Phase 4: Compact heap
[51.152s][info][gc,phases      ] GC(60) Phase 4: Compact heap 4.336ms
[51.161s][info][gc,heap        ] GC(60) Eden regions: 592->0(1194)
[51.161s][info][gc,heap        ] GC(60) Survivor regions: 0->0(17)
[51.161s][info][gc,heap        ] GC(60) Old regions: 21->20
[51.161s][info][gc,heap        ] GC(60) Humongous regions: 137->3
[51.161s][info][gc,metaspace   ] GC(60) Metaspace: 106908K(111080K)->106908K(111080K) NonClass: 95185K(97456K)->95185K(97456K) Class: 11722K(13624K)->11722K(13624K)
[51.161s][info][gc             ] GC(60) Pause Full (System.gc()) 1491M->41M(4096M) 48.115ms
[51.161s][info][gc,cpu         ] GC(60) User=0.03s Sys=0.00s Real=0.05s
[51.775s][info][gc,task        ] GC(61) Using 6 workers of 6 for full compaction
[51.775s][info][gc,start       ] GC(61) Pause Full (System.gc())
[51.776s][info][gc,phases,start] GC(61) Phase 1: Mark live objects
[51.791s][info][gc,stringtable ] GC(61) Cleaned string and symbol table, strings: 30348 processed, 12 removed, symbols: 235612 processed, 0 removed
[51.792s][info][gc,phases      ] GC(61) Phase 1: Mark live objects 15.078ms
[51.792s][info][gc,phases,start] GC(61) Phase 2: Prepare for compaction
[51.796s][info][gc,phases      ] GC(61) Phase 2: Prepare for compaction 4.817ms
[51.796s][info][gc,phases,start] GC(61) Phase 3: Adjust pointers
[51.807s][info][gc,phases      ] GC(61) Phase 3: Adjust pointers 10.450ms
[51.807s][info][gc,phases,start] GC(61) Phase 4: Compact heap
[51.812s][info][gc,phases      ] GC(61) Phase 4: Compact heap 4.646ms
[51.820s][info][gc,heap        ] GC(61) Eden regions: 593->0(1194)
[51.820s][info][gc,heap        ] GC(61) Survivor regions: 0->0(17)
[51.820s][info][gc,heap        ] GC(61) Old regions: 20->20
[51.821s][info][gc,heap        ] GC(61) Humongous regions: 137->3
[51.821s][info][gc,metaspace   ] GC(61) Metaspace: 106912K(111080K)->106912K(111080K) NonClass: 95189K(97456K)->95189K(97456K) Class: 11722K(13624K)->11722K(13624K)
[51.821s][info][gc             ] GC(61) Pause Full (System.gc()) 1493M->41M(4096M) 45.853ms
[51.821s][info][gc,cpu         ] GC(61) User=0.05s Sys=0.00s Real=0.05s
[52.439s][info][gc,task        ] GC(62) Using 6 workers of 6 for full compaction
[52.439s][info][gc,start       ] GC(62) Pause Full (System.gc())
[52.441s][info][gc,phases,start] GC(62) Phase 1: Mark live objects
[52.456s][info][gc,stringtable ] GC(62) Cleaned string and symbol table, strings: 30350 processed, 12 removed, symbols: 235612 processed, 0 removed
[52.456s][info][gc,phases      ] GC(62) Phase 1: Mark live objects 14.532ms
[52.456s][info][gc,phases,start] GC(62) Phase 2: Prepare for compaction
[52.461s][info][gc,phases      ] GC(62) Phase 2: Prepare for compaction 5.411ms
[52.461s][info][gc,phases,start] GC(62) Phase 3: Adjust pointers
[52.472s][info][gc,phases      ] GC(62) Phase 3: Adjust pointers 10.863ms
[52.472s][info][gc,phases,start] GC(62) Phase 4: Compact heap
[52.477s][info][gc,phases      ] GC(62) Phase 4: Compact heap 5.160ms
[52.486s][info][gc,heap        ] GC(62) Eden regions: 592->0(1194)
[52.486s][info][gc,heap        ] GC(62) Survivor regions: 0->0(17)
[52.486s][info][gc,heap        ] GC(62) Old regions: 20->21
[52.486s][info][gc,heap        ] GC(62) Humongous regions: 137->3
[52.486s][info][gc,metaspace   ] GC(62) Metaspace: 106920K(111080K)->106920K(111080K) NonClass: 95197K(97456K)->95197K(97456K) Class: 11722K(13624K)->11722K(13624K)
[52.486s][info][gc             ] GC(62) Pause Full (System.gc()) 1492M->41M(4096M) 47.146ms
[52.486s][info][gc,cpu         ] GC(62) User=0.02s Sys=0.00s Real=0.05s
[53.096s][info][gc,task        ] GC(63) Using 6 workers of 6 for full compaction
[53.096s][info][gc,start       ] GC(63) Pause Full (System.gc())
[53.098s][info][gc,phases,start] GC(63) Phase 1: Mark live objects
[53.114s][info][gc,stringtable ] GC(63) Cleaned string and symbol table, strings: 30409 processed, 12 removed, symbols: 235612 processed, 0 removed
[53.114s][info][gc,phases      ] GC(63) Phase 1: Mark live objects 15.747ms
[53.114s][info][gc,phases,start] GC(63) Phase 2: Prepare for compaction
[53.118s][info][gc,phases      ] GC(63) Phase 2: Prepare for compaction 4.559ms
[53.118s][info][gc,phases,start] GC(63) Phase 3: Adjust pointers
[53.130s][info][gc,phases      ] GC(63) Phase 3: Adjust pointers 11.341ms
[53.130s][info][gc,phases,start] GC(63) Phase 4: Compact heap
[53.133s][info][gc,phases      ] GC(63) Phase 4: Compact heap 3.776ms
[53.142s][info][gc,heap        ] GC(63) Eden regions: 592->0(1194)
[53.142s][info][gc,heap        ] GC(63) Survivor regions: 0->0(17)
[53.142s][info][gc,heap        ] GC(63) Old regions: 21->21
[53.142s][info][gc,heap        ] GC(63) Humongous regions: 137->3
[53.142s][info][gc,metaspace   ] GC(63) Metaspace: 106922K(111080K)->106922K(111080K) NonClass: 95199K(97456K)->95199K(97456K) Class: 11722K(13624K)->11722K(13624K)
[53.142s][info][gc             ] GC(63) Pause Full (System.gc()) 1492M->41M(4096M) 46.205ms
[53.143s][info][gc,cpu         ] GC(63) User=0.03s Sys=0.00s Real=0.05s
[53.755s][info][gc,task        ] GC(64) Using 6 workers of 6 for full compaction
[53.756s][info][gc,start       ] GC(64) Pause Full (System.gc())
[53.757s][info][gc,phases,start] GC(64) Phase 1: Mark live objects
[53.772s][info][gc,stringtable ] GC(64) Cleaned string and symbol table, strings: 30434 processed, 12 removed, symbols: 235612 processed, 0 removed
[53.772s][info][gc,phases      ] GC(64) Phase 1: Mark live objects 15.229ms
[53.772s][info][gc,phases,start] GC(64) Phase 2: Prepare for compaction
[53.777s][info][gc,phases      ] GC(64) Phase 2: Prepare for compaction 5.015ms
[53.778s][info][gc,phases,start] GC(64) Phase 3: Adjust pointers
[53.788s][info][gc,phases      ] GC(64) Phase 3: Adjust pointers 10.607ms
[53.788s][info][gc,phases,start] GC(64) Phase 4: Compact heap
[53.793s][info][gc,phases      ] GC(64) Phase 4: Compact heap 4.866ms
[53.802s][info][gc,heap        ] GC(64) Eden regions: 591->0(1194)
[53.802s][info][gc,heap        ] GC(64) Survivor regions: 0->0(17)
[53.802s][info][gc,heap        ] GC(64) Old regions: 21->21
[53.802s][info][gc,heap        ] GC(64) Humongous regions: 137->3
[53.802s][info][gc,metaspace   ] GC(64) Metaspace: 106929K(111080K)->106929K(111080K) NonClass: 95206K(97456K)->95206K(97456K) Class: 11722K(13624K)->11722K(13624K)
[53.802s][info][gc             ] GC(64) Pause Full (System.gc()) 1491M->41M(4096M) 46.237ms
[53.802s][info][gc,cpu         ] GC(64) User=0.03s Sys=0.00s Real=0.05s
[54.413s][info][gc,task        ] GC(65) Using 6 workers of 6 for full compaction
[54.413s][info][gc,start       ] GC(65) Pause Full (System.gc())
[54.414s][info][gc,phases,start] GC(65) Phase 1: Mark live objects
[54.431s][info][gc,stringtable ] GC(65) Cleaned string and symbol table, strings: 30451 processed, 12 removed, symbols: 235612 processed, 0 removed
[54.431s][info][gc,phases      ] GC(65) Phase 1: Mark live objects 16.336ms
[54.431s][info][gc,phases,start] GC(65) Phase 2: Prepare for compaction
[54.436s][info][gc,phases      ] GC(65) Phase 2: Prepare for compaction 4.827ms
[54.436s][info][gc,phases,start] GC(65) Phase 3: Adjust pointers
[54.447s][info][gc,phases      ] GC(65) Phase 3: Adjust pointers 11.376ms
[54.447s][info][gc,phases,start] GC(65) Phase 4: Compact heap
[54.451s][info][gc,phases      ] GC(65) Phase 4: Compact heap 3.708ms
[54.460s][info][gc,heap        ] GC(65) Eden regions: 592->0(1194)
[54.460s][info][gc,heap        ] GC(65) Survivor regions: 0->0(17)
[54.460s][info][gc,heap        ] GC(65) Old regions: 21->22
[54.460s][info][gc,heap        ] GC(65) Humongous regions: 137->3
[54.460s][info][gc,metaspace   ] GC(65) Metaspace: 106929K(111080K)->106929K(111080K) NonClass: 95206K(97456K)->95206K(97456K) Class: 11722K(13624K)->11722K(13624K)
[54.460s][info][gc             ] GC(65) Pause Full (System.gc()) 1492M->41M(4096M) 47.372ms
[54.460s][info][gc,cpu         ] GC(65) User=0.03s Sys=0.00s Real=0.05s
[55.074s][info][gc,task        ] GC(66) Using 6 workers of 6 for full compaction
[55.074s][info][gc,start       ] GC(66) Pause Full (System.gc())
[55.075s][info][gc,phases,start] GC(66) Phase 1: Mark live objects
[55.092s][info][gc,stringtable ] GC(66) Cleaned string and symbol table, strings: 30461 processed, 12 removed, symbols: 235612 processed, 0 removed
[55.092s][info][gc,phases      ] GC(66) Phase 1: Mark live objects 16.718ms
[55.092s][info][gc,phases,start] GC(66) Phase 2: Prepare for compaction
[55.097s][info][gc,phases      ] GC(66) Phase 2: Prepare for compaction 4.924ms
[55.097s][info][gc,phases,start] GC(66) Phase 3: Adjust pointers
[55.108s][info][gc,phases      ] GC(66) Phase 3: Adjust pointers 10.905ms
[55.108s][info][gc,phases,start] GC(66) Phase 4: Compact heap
[55.112s][info][gc,phases      ] GC(66) Phase 4: Compact heap 4.139ms
[55.121s][info][gc,heap        ] GC(66) Eden regions: 591->0(1194)
[55.121s][info][gc,heap        ] GC(66) Survivor regions: 0->0(17)
[55.121s][info][gc,heap        ] GC(66) Old regions: 22->20
[55.121s][info][gc,heap        ] GC(66) Humongous regions: 137->3
[55.121s][info][gc,metaspace   ] GC(66) Metaspace: 106929K(111080K)->106929K(111080K) NonClass: 95207K(97456K)->95207K(97456K) Class: 11722K(13624K)->11722K(13624K)
[55.121s][info][gc             ] GC(66) Pause Full (System.gc()) 1490M->41M(4096M) 47.623ms
[55.121s][info][gc,cpu         ] GC(66) User=0.02s Sys=0.00s Real=0.05s
[55.729s][info][gc,task        ] GC(67) Using 6 workers of 6 for full compaction
[55.729s][info][gc,start       ] GC(67) Pause Full (System.gc())
[55.731s][info][gc,phases,start] GC(67) Phase 1: Mark live objects
[55.753s][info][gc,stringtable ] GC(67) Cleaned string and symbol table, strings: 30464 processed, 12 removed, symbols: 235612 processed, 0 removed
[55.753s][info][gc,phases      ] GC(67) Phase 1: Mark live objects 21.576ms
[55.753s][info][gc,phases,start] GC(67) Phase 2: Prepare for compaction
[55.758s][info][gc,phases      ] GC(67) Phase 2: Prepare for compaction 5.492ms
[55.758s][info][gc,phases,start] GC(67) Phase 3: Adjust pointers
[55.769s][info][gc,phases      ] GC(67) Phase 3: Adjust pointers 10.589ms
[55.769s][info][gc,phases,start] GC(67) Phase 4: Compact heap
[55.773s][info][gc,phases      ] GC(67) Phase 4: Compact heap 3.913ms
[55.782s][info][gc,heap        ] GC(67) Eden regions: 591->0(1194)
[55.782s][info][gc,heap        ] GC(67) Survivor regions: 0->0(17)
[55.782s][info][gc,heap        ] GC(67) Old regions: 20->21
[55.782s][info][gc,heap        ] GC(67) Humongous regions: 137->3
[55.782s][info][gc,metaspace   ] GC(67) Metaspace: 106929K(111080K)->106929K(111080K) NonClass: 95207K(97456K)->95207K(97456K) Class: 11722K(13624K)->11722K(13624K)
[55.782s][info][gc             ] GC(67) Pause Full (System.gc()) 1491M->41M(4096M) 52.237ms
[55.782s][info][gc,cpu         ] GC(67) User=0.03s Sys=0.00s Real=0.05s
[56.386s][info][gc,task        ] GC(68) Using 6 workers of 6 for full compaction
[56.386s][info][gc,start       ] GC(68) Pause Full (System.gc())
[56.389s][info][gc,phases,start] GC(68) Phase 1: Mark live objects
[56.403s][info][gc,stringtable ] GC(68) Cleaned string and symbol table, strings: 30479 processed, 14 removed, symbols: 235665 processed, 0 removed
[56.403s][info][gc,phases      ] GC(68) Phase 1: Mark live objects 14.465ms
[56.403s][info][gc,phases,start] GC(68) Phase 2: Prepare for compaction
[56.409s][info][gc,phases      ] GC(68) Phase 2: Prepare for compaction 6.001ms
[56.409s][info][gc,phases,start] GC(68) Phase 3: Adjust pointers
[56.421s][info][gc,phases      ] GC(68) Phase 3: Adjust pointers 11.441ms
[56.421s][info][gc,phases,start] GC(68) Phase 4: Compact heap
[56.426s][info][gc,phases      ] GC(68) Phase 4: Compact heap 4.574ms
[56.434s][info][gc,heap        ] GC(68) Eden regions: 592->0(1194)
[56.434s][info][gc,heap        ] GC(68) Survivor regions: 0->0(17)
[56.434s][info][gc,heap        ] GC(68) Old regions: 21->21
[56.434s][info][gc,heap        ] GC(68) Humongous regions: 137->3
[56.434s][info][gc,metaspace   ] GC(68) Metaspace: 107067K(111208K)->107067K(111208K) NonClass: 95314K(97456K)->95314K(97456K) Class: 11753K(13752K)->11753K(13752K)
[56.434s][info][gc             ] GC(68) Pause Full (System.gc()) 1492M->41M(4096M) 48.509ms
[56.435s][info][gc,cpu         ] GC(68) User=0.00s Sys=0.00s Real=0.06s
[57.039s][info][gc,task        ] GC(69) Using 6 workers of 6 for full compaction
[57.039s][info][gc,start       ] GC(69) Pause Full (System.gc())
[57.041s][info][gc,phases,start] GC(69) Phase 1: Mark live objects
[57.057s][info][gc,stringtable ] GC(69) Cleaned string and symbol table, strings: 30485 processed, 12 removed, symbols: 235667 processed, 0 removed
[57.057s][info][gc,phases      ] GC(69) Phase 1: Mark live objects 16.441ms
[57.057s][info][gc,phases,start] GC(69) Phase 2: Prepare for compaction
[57.062s][info][gc,phases      ] GC(69) Phase 2: Prepare for compaction 4.802ms
[57.062s][info][gc,phases,start] GC(69) Phase 3: Adjust pointers
[57.073s][info][gc,phases      ] GC(69) Phase 3: Adjust pointers 10.969ms
[57.073s][info][gc,phases,start] GC(69) Phase 4: Compact heap
[57.077s][info][gc,phases      ] GC(69) Phase 4: Compact heap 4.022ms
[57.086s][info][gc,heap        ] GC(69) Eden regions: 592->0(1194)
[57.086s][info][gc,heap        ] GC(69) Survivor regions: 0->0(17)
[57.086s][info][gc,heap        ] GC(69) Old regions: 21->21
[57.086s][info][gc,heap        ] GC(69) Humongous regions: 137->3
[57.086s][info][gc,metaspace   ] GC(69) Metaspace: 107075K(111208K)->107075K(111208K) NonClass: 95321K(97456K)->95321K(97456K) Class: 11754K(13752K)->11754K(13752K)
[57.086s][info][gc             ] GC(69) Pause Full (System.gc()) 1492M->41M(4096M) 47.256ms
[57.087s][info][gc,cpu         ] GC(69) User=0.02s Sys=0.00s Real=0.05s
[57.690s][info][gc,task        ] GC(70) Using 6 workers of 6 for full compaction
[57.690s][info][gc,start       ] GC(70) Pause Full (System.gc())
[57.691s][info][gc,phases,start] GC(70) Phase 1: Mark live objects
[57.708s][info][gc,stringtable ] GC(70) Cleaned string and symbol table, strings: 30486 processed, 12 removed, symbols: 235667 processed, 0 removed
[57.708s][info][gc,phases      ] GC(70) Phase 1: Mark live objects 16.404ms
[57.708s][info][gc,phases,start] GC(70) Phase 2: Prepare for compaction
[57.713s][info][gc,phases      ] GC(70) Phase 2: Prepare for compaction 4.705ms
[57.713s][info][gc,phases,start] GC(70) Phase 3: Adjust pointers
[57.724s][info][gc,phases      ] GC(70) Phase 3: Adjust pointers 11.418ms
[57.724s][info][gc,phases,start] GC(70) Phase 4: Compact heap
[57.728s][info][gc,phases      ] GC(70) Phase 4: Compact heap 3.780ms
[57.737s][info][gc,heap        ] GC(70) Eden regions: 591->0(1194)
[57.737s][info][gc,heap        ] GC(70) Survivor regions: 0->0(17)
[57.737s][info][gc,heap        ] GC(70) Old regions: 21->21
[57.737s][info][gc,heap        ] GC(70) Humongous regions: 137->3
[57.737s][info][gc,metaspace   ] GC(70) Metaspace: 107075K(111208K)->107075K(111208K) NonClass: 95321K(97456K)->95321K(97456K) Class: 11754K(13752K)->11754K(13752K)
[57.737s][info][gc             ] GC(70) Pause Full (System.gc()) 1490M->41M(4096M) 47.148ms
[57.737s][info][gc,cpu         ] GC(70) User=0.05s Sys=0.00s Real=0.05s
[58.342s][info][gc,task        ] GC(71) Using 6 workers of 6 for full compaction
[58.342s][info][gc,start       ] GC(71) Pause Full (System.gc())
[58.344s][info][gc,phases,start] GC(71) Phase 1: Mark live objects
[58.360s][info][gc,stringtable ] GC(71) Cleaned string and symbol table, strings: 30495 processed, 12 removed, symbols: 235667 processed, 0 removed
[58.360s][info][gc,phases      ] GC(71) Phase 1: Mark live objects 16.215ms
[58.360s][info][gc,phases,start] GC(71) Phase 2: Prepare for compaction
[58.365s][info][gc,phases      ] GC(71) Phase 2: Prepare for compaction 4.706ms
[58.365s][info][gc,phases,start] GC(71) Phase 3: Adjust pointers
[58.376s][info][gc,phases      ] GC(71) Phase 3: Adjust pointers 11.210ms
[58.376s][info][gc,phases,start] GC(71) Phase 4: Compact heap
[58.380s][info][gc,phases      ] GC(71) Phase 4: Compact heap 3.864ms
[58.389s][info][gc,heap        ] GC(71) Eden regions: 592->0(1194)
[58.389s][info][gc,heap        ] GC(71) Survivor regions: 0->0(17)
[58.389s][info][gc,heap        ] GC(71) Old regions: 21->21
[58.389s][info][gc,heap        ] GC(71) Humongous regions: 137->3
[58.389s][info][gc,metaspace   ] GC(71) Metaspace: 107075K(111208K)->107075K(111208K) NonClass: 95321K(97456K)->95321K(97456K) Class: 11754K(13752K)->11754K(13752K)
[58.389s][info][gc             ] GC(71) Pause Full (System.gc()) 1492M->41M(4096M) 46.831ms
[58.389s][info][gc,cpu         ] GC(71) User=0.02s Sys=0.00s Real=0.05s
[58.995s][info][gc,task        ] GC(72) Using 6 workers of 6 for full compaction
[58.995s][info][gc,start       ] GC(72) Pause Full (System.gc())
[58.996s][info][gc,phases,start] GC(72) Phase 1: Mark live objects
[59.012s][info][gc,stringtable ] GC(72) Cleaned string and symbol table, strings: 30498 processed, 12 removed, symbols: 235667 processed, 0 removed
[59.012s][info][gc,phases      ] GC(72) Phase 1: Mark live objects 16.081ms
[59.012s][info][gc,phases,start] GC(72) Phase 2: Prepare for compaction
[59.017s][info][gc,phases      ] GC(72) Phase 2: Prepare for compaction 4.757ms
[59.017s][info][gc,phases,start] GC(72) Phase 3: Adjust pointers
[59.028s][info][gc,phases      ] GC(72) Phase 3: Adjust pointers 11.255ms
[59.029s][info][gc,phases,start] GC(72) Phase 4: Compact heap
[59.032s][info][gc,phases      ] GC(72) Phase 4: Compact heap 3.863ms
[59.042s][info][gc,heap        ] GC(72) Eden regions: 591->0(1194)
[59.042s][info][gc,heap        ] GC(72) Survivor regions: 0->0(17)
[59.042s][info][gc,heap        ] GC(72) Old regions: 21->21
[59.042s][info][gc,heap        ] GC(72) Humongous regions: 137->3
[59.042s][info][gc,metaspace   ] GC(72) Metaspace: 107075K(111208K)->107075K(111208K) NonClass: 95321K(97456K)->95321K(97456K) Class: 11754K(13752K)->11754K(13752K)
[59.042s][info][gc             ] GC(72) Pause Full (System.gc()) 1491M->41M(4096M) 46.988ms
[59.042s][info][gc,cpu         ] GC(72) User=0.03s Sys=0.00s Real=0.05s
[59.648s][info][gc,task        ] GC(73) Using 6 workers of 6 for full compaction
[59.649s][info][gc,start       ] GC(73) Pause Full (System.gc())
[59.651s][info][gc,phases,start] GC(73) Phase 1: Mark live objects
[59.666s][info][gc,stringtable ] GC(73) Cleaned string and symbol table, strings: 30498 processed, 12 removed, symbols: 235667 processed, 0 removed
[59.666s][info][gc,phases      ] GC(73) Phase 1: Mark live objects 15.754ms
[59.666s][info][gc,phases,start] GC(73) Phase 2: Prepare for compaction
[59.672s][info][gc,phases      ] GC(73) Phase 2: Prepare for compaction 5.425ms
[59.672s][info][gc,phases,start] GC(73) Phase 3: Adjust pointers
[59.683s][info][gc,phases      ] GC(73) Phase 3: Adjust pointers 11.145ms
[59.683s][info][gc,phases,start] GC(73) Phase 4: Compact heap
[59.687s][info][gc,phases      ] GC(73) Phase 4: Compact heap 4.231ms
[59.697s][info][gc,heap        ] GC(73) Eden regions: 592->0(1194)
[59.697s][info][gc,heap        ] GC(73) Survivor regions: 0->0(17)
[59.697s][info][gc,heap        ] GC(73) Old regions: 21->21
[59.697s][info][gc,heap        ] GC(73) Humongous regions: 137->3
[59.697s][info][gc,metaspace   ] GC(73) Metaspace: 107076K(111208K)->107076K(111208K) NonClass: 95322K(97456K)->95322K(97456K) Class: 11754K(13752K)->11754K(13752K)
[59.697s][info][gc             ] GC(73) Pause Full (System.gc()) 1492M->41M(4096M) 48.144ms
[59.697s][info][gc,cpu         ] GC(73) User=0.03s Sys=0.00s Real=0.05s
[60.304s][info][gc,task        ] GC(74) Using 6 workers of 6 for full compaction
[60.304s][info][gc,start       ] GC(74) Pause Full (System.gc())
[60.306s][info][gc,phases,start] GC(74) Phase 1: Mark live objects
[60.322s][info][gc,stringtable ] GC(74) Cleaned string and symbol table, strings: 30516 processed, 12 removed, symbols: 235667 processed, 0 removed
[60.322s][info][gc,phases      ] GC(74) Phase 1: Mark live objects 16.044ms
[60.322s][info][gc,phases,start] GC(74) Phase 2: Prepare for compaction
[60.327s][info][gc,phases      ] GC(74) Phase 2: Prepare for compaction 4.714ms
[60.327s][info][gc,phases,start] GC(74) Phase 3: Adjust pointers
[60.338s][info][gc,phases      ] GC(74) Phase 3: Adjust pointers 10.845ms
[60.338s][info][gc,phases,start] GC(74) Phase 4: Compact heap
[60.341s][info][gc,phases      ] GC(74) Phase 4: Compact heap 3.739ms
[60.350s][info][gc,heap        ] GC(74) Eden regions: 592->0(1194)
[60.351s][info][gc,heap        ] GC(74) Survivor regions: 0->0(17)
[60.351s][info][gc,heap        ] GC(74) Old regions: 21->20
[60.351s][info][gc,heap        ] GC(74) Humongous regions: 137->3
[60.351s][info][gc,metaspace   ] GC(74) Metaspace: 107080K(111208K)->107080K(111208K) NonClass: 95326K(97456K)->95326K(97456K) Class: 11754K(13752K)->11754K(13752K)
[60.351s][info][gc             ] GC(74) Pause Full (System.gc()) 1492M->41M(4096M) 46.256ms
[60.351s][info][gc,cpu         ] GC(74) User=0.02s Sys=0.00s Real=0.05s
[60.960s][info][gc,task        ] GC(75) Using 6 workers of 6 for full compaction
[60.960s][info][gc,start       ] GC(75) Pause Full (System.gc())
[60.962s][info][gc,phases,start] GC(75) Phase 1: Mark live objects
[60.978s][info][gc,stringtable ] GC(75) Cleaned string and symbol table, strings: 30519 processed, 12 removed, symbols: 235667 processed, 0 removed
[60.978s][info][gc,phases      ] GC(75) Phase 1: Mark live objects 16.009ms
[60.978s][info][gc,phases,start] GC(75) Phase 2: Prepare for compaction
[60.983s][info][gc,phases      ] GC(75) Phase 2: Prepare for compaction 4.686ms
[60.983s][info][gc,phases,start] GC(75) Phase 3: Adjust pointers
[60.994s][info][gc,phases      ] GC(75) Phase 3: Adjust pointers 11.282ms
[60.994s][info][gc,phases,start] GC(75) Phase 4: Compact heap
[60.998s][info][gc,phases      ] GC(75) Phase 4: Compact heap 3.893ms
[61.007s][info][gc,heap        ] GC(75) Eden regions: 592->0(1194)
[61.007s][info][gc,heap        ] GC(75) Survivor regions: 0->0(17)
[61.007s][info][gc,heap        ] GC(75) Old regions: 20->21
[61.007s][info][gc,heap        ] GC(75) Humongous regions: 137->3
[61.007s][info][gc,metaspace   ] GC(75) Metaspace: 107080K(111208K)->107080K(111208K) NonClass: 95326K(97456K)->95326K(97456K) Class: 11754K(13752K)->11754K(13752K)
[61.007s][info][gc             ] GC(75) Pause Full (System.gc()) 1491M->41M(4096M) 47.394ms
[61.007s][info][gc,cpu         ] GC(75) User=0.03s Sys=0.00s Real=0.05s
[61.613s][info][gc,task        ] GC(76) Using 6 workers of 6 for full compaction
[61.613s][info][gc,start       ] GC(76) Pause Full (System.gc())
[61.615s][info][gc,phases,start] GC(76) Phase 1: Mark live objects
[61.630s][info][gc,stringtable ] GC(76) Cleaned string and symbol table, strings: 30528 processed, 12 removed, symbols: 235667 processed, 0 removed
[61.630s][info][gc,phases      ] GC(76) Phase 1: Mark live objects 15.561ms
[61.630s][info][gc,phases,start] GC(76) Phase 2: Prepare for compaction
[61.635s][info][gc,phases      ] GC(76) Phase 2: Prepare for compaction 5.220ms
[61.635s][info][gc,phases,start] GC(76) Phase 3: Adjust pointers
[61.647s][info][gc,phases      ] GC(76) Phase 3: Adjust pointers 11.229ms
[61.647s][info][gc,phases,start] GC(76) Phase 4: Compact heap
[61.651s][info][gc,phases      ] GC(76) Phase 4: Compact heap 4.018ms
[61.660s][info][gc,heap        ] GC(76) Eden regions: 593->0(1194)
[61.660s][info][gc,heap        ] GC(76) Survivor regions: 0->0(17)
[61.660s][info][gc,heap        ] GC(76) Old regions: 21->19
[61.660s][info][gc,heap        ] GC(76) Humongous regions: 137->3
[61.660s][info][gc,metaspace   ] GC(76) Metaspace: 107089K(111208K)->107089K(111208K) NonClass: 95333K(97456K)->95333K(97456K) Class: 11755K(13752K)->11755K(13752K)
[61.660s][info][gc             ] GC(76) Pause Full (System.gc()) 1494M->41M(4096M) 47.326ms
[61.660s][info][gc,cpu         ] GC(76) User=0.02s Sys=0.00s Real=0.05s
[62.262s][info][gc,task        ] GC(77) Using 6 workers of 6 for full compaction
[62.262s][info][gc,start       ] GC(77) Pause Full (System.gc())
[62.264s][info][gc,phases,start] GC(77) Phase 1: Mark live objects
[62.281s][info][gc,stringtable ] GC(77) Cleaned string and symbol table, strings: 30531 processed, 12 removed, symbols: 235669 processed, 0 removed
[62.281s][info][gc,phases      ] GC(77) Phase 1: Mark live objects 16.891ms
[62.281s][info][gc,phases,start] GC(77) Phase 2: Prepare for compaction
[62.286s][info][gc,phases      ] GC(77) Phase 2: Prepare for compaction 5.439ms
[62.286s][info][gc,phases,start] GC(77) Phase 3: Adjust pointers
[62.297s][info][gc,phases      ] GC(77) Phase 3: Adjust pointers 10.740ms
[62.297s][info][gc,phases,start] GC(77) Phase 4: Compact heap
[62.302s][info][gc,phases      ] GC(77) Phase 4: Compact heap 4.488ms
[62.311s][info][gc,heap        ] GC(77) Eden regions: 592->0(1194)
[62.311s][info][gc,heap        ] GC(77) Survivor regions: 0->0(17)
[62.311s][info][gc,heap        ] GC(77) Old regions: 19->21
[62.311s][info][gc,heap        ] GC(77) Humongous regions: 137->3
[62.311s][info][gc,metaspace   ] GC(77) Metaspace: 107097K(111208K)->107097K(111208K) NonClass: 95341K(97456K)->95341K(97456K) Class: 11755K(13752K)->11755K(13752K)
[62.311s][info][gc             ] GC(77) Pause Full (System.gc()) 1492M->41M(4096M) 48.768ms
[62.311s][info][gc,cpu         ] GC(77) User=0.02s Sys=0.00s Real=0.05s
[62.915s][info][gc,task        ] GC(78) Using 6 workers of 6 for full compaction
[62.915s][info][gc,start       ] GC(78) Pause Full (System.gc())
[62.917s][info][gc,phases,start] GC(78) Phase 1: Mark live objects
[62.937s][info][gc,stringtable ] GC(78) Cleaned string and symbol table, strings: 30535 processed, 12 removed, symbols: 235669 processed, 0 removed
[62.937s][info][gc,phases      ] GC(78) Phase 1: Mark live objects 20.114ms
[62.937s][info][gc,phases,start] GC(78) Phase 2: Prepare for compaction
[62.942s][info][gc,phases      ] GC(78) Phase 2: Prepare for compaction 5.057ms
[62.942s][info][gc,phases,start] GC(78) Phase 3: Adjust pointers
[62.954s][info][gc,phases      ] GC(78) Phase 3: Adjust pointers 11.688ms
[62.954s][info][gc,phases,start] GC(78) Phase 4: Compact heap
[62.958s][info][gc,phases      ] GC(78) Phase 4: Compact heap 4.337ms
[62.968s][info][gc,heap        ] GC(78) Eden regions: 591->0(1194)
[62.968s][info][gc,heap        ] GC(78) Survivor regions: 0->0(17)
[62.968s][info][gc,heap        ] GC(78) Old regions: 21->20
[62.968s][info][gc,heap        ] GC(78) Humongous regions: 137->3
[62.968s][info][gc,metaspace   ] GC(78) Metaspace: 107097K(111208K)->107097K(111208K) NonClass: 95341K(97456K)->95341K(97456K) Class: 11755K(13752K)->11755K(13752K)
[62.968s][info][gc             ] GC(78) Pause Full (System.gc()) 1491M->41M(4096M) 53.123ms
[62.968s][info][gc,cpu         ] GC(78) User=0.02s Sys=0.02s Real=0.07s
[63.575s][info][gc,task        ] GC(79) Using 6 workers of 6 for full compaction
[63.575s][info][gc,start       ] GC(79) Pause Full (System.gc())
[63.577s][info][gc,phases,start] GC(79) Phase 1: Mark live objects
[63.593s][info][gc,stringtable ] GC(79) Cleaned string and symbol table, strings: 30541 processed, 12 removed, symbols: 235674 processed, 0 removed
[63.593s][info][gc,phases      ] GC(79) Phase 1: Mark live objects 16.352ms
[63.593s][info][gc,phases,start] GC(79) Phase 2: Prepare for compaction
[63.598s][info][gc,phases      ] GC(79) Phase 2: Prepare for compaction 5.050ms
[63.598s][info][gc,phases,start] GC(79) Phase 3: Adjust pointers
[63.610s][info][gc,phases      ] GC(79) Phase 3: Adjust pointers 11.782ms
[63.610s][info][gc,phases,start] GC(79) Phase 4: Compact heap
[63.614s][info][gc,phases      ] GC(79) Phase 4: Compact heap 3.867ms
[63.623s][info][gc,heap        ] GC(79) Eden regions: 592->0(1194)
[63.623s][info][gc,heap        ] GC(79) Survivor regions: 0->0(17)
[63.623s][info][gc,heap        ] GC(79) Old regions: 20->19
[63.623s][info][gc,heap        ] GC(79) Humongous regions: 137->3
[63.623s][info][gc,metaspace   ] GC(79) Metaspace: 107109K(111208K)->107109K(111208K) NonClass: 95353K(97456K)->95353K(97456K) Class: 11756K(13752K)->11756K(13752K)
[63.623s][info][gc             ] GC(79) Pause Full (System.gc()) 1493M->41M(4096M) 48.225ms
[63.624s][info][gc,cpu         ] GC(79) User=0.03s Sys=0.00s Real=0.06s
[64.226s][info][gc,task        ] GC(80) Using 6 workers of 6 for full compaction
[64.226s][info][gc,start       ] GC(80) Pause Full (System.gc())
[64.228s][info][gc,phases,start] GC(80) Phase 1: Mark live objects
[64.244s][info][gc,stringtable ] GC(80) Cleaned string and symbol table, strings: 30541 processed, 12 removed, symbols: 235674 processed, 0 removed
[64.244s][info][gc,phases      ] GC(80) Phase 1: Mark live objects 16.094ms
[64.244s][info][gc,phases,start] GC(80) Phase 2: Prepare for compaction
[64.249s][info][gc,phases      ] GC(80) Phase 2: Prepare for compaction 4.693ms
[64.249s][info][gc,phases,start] GC(80) Phase 3: Adjust pointers
[64.260s][info][gc,phases      ] GC(80) Phase 3: Adjust pointers 11.135ms
[64.260s][info][gc,phases,start] GC(80) Phase 4: Compact heap
[64.264s][info][gc,phases      ] GC(80) Phase 4: Compact heap 3.943ms
[64.273s][info][gc,heap        ] GC(80) Eden regions: 592->0(1194)
[64.273s][info][gc,heap        ] GC(80) Survivor regions: 0->0(17)
[64.273s][info][gc,heap        ] GC(80) Old regions: 19->20
[64.273s][info][gc,heap        ] GC(80) Humongous regions: 137->3
[64.273s][info][gc,metaspace   ] GC(80) Metaspace: 107109K(111208K)->107109K(111208K) NonClass: 95353K(97456K)->95353K(97456K) Class: 11756K(13752K)->11756K(13752K)
[64.273s][info][gc             ] GC(80) Pause Full (System.gc()) 1492M->41M(4096M) 47.041ms
[64.273s][info][gc,cpu         ] GC(80) User=0.02s Sys=0.00s Real=0.05s
[64.874s][info][gc,task        ] GC(81) Using 6 workers of 6 for full compaction
[64.874s][info][gc,start       ] GC(81) Pause Full (System.gc())
[64.876s][info][gc,phases,start] GC(81) Phase 1: Mark live objects
[64.892s][info][gc,stringtable ] GC(81) Cleaned string and symbol table, strings: 30541 processed, 12 removed, symbols: 235674 processed, 0 removed
[64.892s][info][gc,phases      ] GC(81) Phase 1: Mark live objects 16.699ms
[64.892s][info][gc,phases,start] GC(81) Phase 2: Prepare for compaction
[64.897s][info][gc,phases      ] GC(81) Phase 2: Prepare for compaction 4.672ms
[64.897s][info][gc,phases,start] GC(81) Phase 3: Adjust pointers
[64.908s][info][gc,phases      ] GC(81) Phase 3: Adjust pointers 11.291ms
[64.908s][info][gc,phases,start] GC(81) Phase 4: Compact heap
[64.912s][info][gc,phases      ] GC(81) Phase 4: Compact heap 3.934ms
[64.921s][info][gc,heap        ] GC(81) Eden regions: 591->0(1194)
[64.921s][info][gc,heap        ] GC(81) Survivor regions: 0->0(17)
[64.921s][info][gc,heap        ] GC(81) Old regions: 20->21
[64.921s][info][gc,heap        ] GC(81) Humongous regions: 137->3
[64.921s][info][gc,metaspace   ] GC(81) Metaspace: 107109K(111208K)->107109K(111208K) NonClass: 95353K(97456K)->95353K(97456K) Class: 11756K(13752K)->11756K(13752K)
[64.921s][info][gc             ] GC(81) Pause Full (System.gc()) 1491M->41M(4096M) 47.593ms
[64.922s][info][gc,cpu         ] GC(81) User=0.02s Sys=0.00s Real=0.05s
[65.519s][info][gc,task        ] GC(82) Using 6 workers of 6 for full compaction
[65.519s][info][gc,start       ] GC(82) Pause Full (System.gc())
[65.521s][info][gc,phases,start] GC(82) Phase 1: Mark live objects
[65.537s][info][gc,stringtable ] GC(82) Cleaned string and symbol table, strings: 30541 processed, 12 removed, symbols: 235674 processed, 0 removed
[65.537s][info][gc,phases      ] GC(82) Phase 1: Mark live objects 16.473ms
[65.537s][info][gc,phases,start] GC(82) Phase 2: Prepare for compaction
[65.542s][info][gc,phases      ] GC(82) Phase 2: Prepare for compaction 4.627ms
[65.542s][info][gc,phases,start] GC(82) Phase 3: Adjust pointers
[65.554s][info][gc,phases      ] GC(82) Phase 3: Adjust pointers 11.443ms
[65.554s][info][gc,phases,start] GC(82) Phase 4: Compact heap
[65.557s][info][gc,phases      ] GC(82) Phase 4: Compact heap 3.718ms
[65.566s][info][gc,heap        ] GC(82) Eden regions: 591->0(1194)
[65.566s][info][gc,heap        ] GC(82) Survivor regions: 0->0(17)
[65.566s][info][gc,heap        ] GC(82) Old regions: 21->20
[65.566s][info][gc,heap        ] GC(82) Humongous regions: 137->3
[65.566s][info][gc,metaspace   ] GC(82) Metaspace: 107109K(111208K)->107109K(111208K) NonClass: 95353K(97456K)->95353K(97456K) Class: 11756K(13752K)->11756K(13752K)
[65.566s][info][gc             ] GC(82) Pause Full (System.gc()) 1489M->41M(4096M) 47.118ms
[65.566s][info][gc,cpu         ] GC(82) User=0.02s Sys=0.00s Real=0.05s
[66.168s][info][gc,task        ] GC(83) Using 6 workers of 6 for full compaction
[66.168s][info][gc,start       ] GC(83) Pause Full (System.gc())
[66.172s][info][gc,phases,start] GC(83) Phase 1: Mark live objects
[66.187s][info][gc,stringtable ] GC(83) Cleaned string and symbol table, strings: 30555 processed, 12 removed, symbols: 235674 processed, 0 removed
[66.187s][info][gc,phases      ] GC(83) Phase 1: Mark live objects 15.245ms
[66.187s][info][gc,phases,start] GC(83) Phase 2: Prepare for compaction
[66.192s][info][gc,phases      ] GC(83) Phase 2: Prepare for compaction 4.706ms
[66.192s][info][gc,phases,start] GC(83) Phase 3: Adjust pointers
[66.203s][info][gc,phases      ] GC(83) Phase 3: Adjust pointers 11.078ms
[66.203s][info][gc,phases,start] GC(83) Phase 4: Compact heap
[66.207s][info][gc,phases      ] GC(83) Phase 4: Compact heap 3.771ms
[66.216s][info][gc,heap        ] GC(83) Eden regions: 592->0(1194)
[66.216s][info][gc,heap        ] GC(83) Survivor regions: 0->0(17)
[66.216s][info][gc,heap        ] GC(83) Old regions: 20->21
[66.216s][info][gc,heap        ] GC(83) Humongous regions: 137->3
[66.216s][info][gc,metaspace   ] GC(83) Metaspace: 107110K(111208K)->107110K(111208K) NonClass: 95353K(97456K)->95353K(97456K) Class: 11756K(13752K)->11756K(13752K)
[66.216s][info][gc             ] GC(83) Pause Full (System.gc()) 1492M->41M(4096M) 47.761ms
[66.216s][info][gc,cpu         ] GC(83) User=0.03s Sys=0.00s Real=0.05s
[66.815s][info][gc,task        ] GC(84) Using 6 workers of 6 for full compaction
[66.815s][info][gc,start       ] GC(84) Pause Full (System.gc())
[66.817s][info][gc,phases,start] GC(84) Phase 1: Mark live objects
[66.833s][info][gc,stringtable ] GC(84) Cleaned string and symbol table, strings: 30555 processed, 12 removed, symbols: 235674 processed, 0 removed
[66.833s][info][gc,phases      ] GC(84) Phase 1: Mark live objects 16.210ms
[66.833s][info][gc,phases,start] GC(84) Phase 2: Prepare for compaction
[66.838s][info][gc,phases      ] GC(84) Phase 2: Prepare for compaction 4.830ms
[66.838s][info][gc,phases,start] GC(84) Phase 3: Adjust pointers
[66.849s][info][gc,phases      ] GC(84) Phase 3: Adjust pointers 11.196ms
[66.849s][info][gc,phases,start] GC(84) Phase 4: Compact heap
[66.853s][info][gc,phases      ] GC(84) Phase 4: Compact heap 3.617ms
[66.862s][info][gc,heap        ] GC(84) Eden regions: 592->0(1194)
[66.862s][info][gc,heap        ] GC(84) Survivor regions: 0->0(17)
[66.862s][info][gc,heap        ] GC(84) Old regions: 21->21
[66.862s][info][gc,heap        ] GC(84) Humongous regions: 137->3
[66.862s][info][gc,metaspace   ] GC(84) Metaspace: 107110K(111208K)->107110K(111208K) NonClass: 95353K(97456K)->95353K(97456K) Class: 11756K(13752K)->11756K(13752K)
[66.862s][info][gc             ] GC(84) Pause Full (System.gc()) 1492M->41M(4096M) 46.783ms
[66.862s][info][gc,cpu         ] GC(84) User=0.03s Sys=0.00s Real=0.05s
[67.465s][info][gc,task        ] GC(85) Using 6 workers of 6 for full compaction
[67.466s][info][gc,start       ] GC(85) Pause Full (System.gc())
[67.467s][info][gc,phases,start] GC(85) Phase 1: Mark live objects
[67.484s][info][gc,stringtable ] GC(85) Cleaned string and symbol table, strings: 30563 processed, 12 removed, symbols: 235674 processed, 0 removed
[67.484s][info][gc,phases      ] GC(85) Phase 1: Mark live objects 16.716ms
[67.484s][info][gc,phases,start] GC(85) Phase 2: Prepare for compaction
[67.489s][info][gc,phases      ] GC(85) Phase 2: Prepare for compaction 4.595ms
[67.489s][info][gc,phases,start] GC(85) Phase 3: Adjust pointers
[67.500s][info][gc,phases      ] GC(85) Phase 3: Adjust pointers 11.074ms
[67.500s][info][gc,phases,start] GC(85) Phase 4: Compact heap
[67.504s][info][gc,phases      ] GC(85) Phase 4: Compact heap 3.798ms
[67.512s][info][gc,heap        ] GC(85) Eden regions: 592->0(1194)
[67.513s][info][gc,heap        ] GC(85) Survivor regions: 0->0(17)
[67.513s][info][gc,heap        ] GC(85) Old regions: 21->20
[67.513s][info][gc,heap        ] GC(85) Humongous regions: 137->3
[67.513s][info][gc,metaspace   ] GC(85) Metaspace: 107123K(111208K)->107123K(111208K) NonClass: 95366K(97456K)->95366K(97456K) Class: 11756K(13752K)->11756K(13752K)
[67.513s][info][gc             ] GC(85) Pause Full (System.gc()) 1492M->41M(4096M) 47.022ms
[67.513s][info][gc,cpu         ] GC(85) User=0.00s Sys=0.00s Real=0.05s
[68.112s][info][gc,task        ] GC(86) Using 6 workers of 6 for full compaction
[68.112s][info][gc,start       ] GC(86) Pause Full (System.gc())
[68.114s][info][gc,phases,start] GC(86) Phase 1: Mark live objects
[68.129s][info][gc,stringtable ] GC(86) Cleaned string and symbol table, strings: 30563 processed, 12 removed, symbols: 235674 processed, 0 removed
[68.130s][info][gc,phases      ] GC(86) Phase 1: Mark live objects 15.724ms
[68.130s][info][gc,phases,start] GC(86) Phase 2: Prepare for compaction
[68.134s][info][gc,phases      ] GC(86) Phase 2: Prepare for compaction 4.577ms
[68.134s][info][gc,phases,start] GC(86) Phase 3: Adjust pointers
[68.145s][info][gc,phases      ] GC(86) Phase 3: Adjust pointers 10.903ms
[68.145s][info][gc,phases,start] GC(86) Phase 4: Compact heap
[68.149s][info][gc,phases      ] GC(86) Phase 4: Compact heap 4.167ms
[68.158s][info][gc,heap        ] GC(86) Eden regions: 592->0(1194)
[68.158s][info][gc,heap        ] GC(86) Survivor regions: 0->0(17)
[68.158s][info][gc,heap        ] GC(86) Old regions: 20->21
[68.158s][info][gc,heap        ] GC(86) Humongous regions: 137->3
[68.158s][info][gc,metaspace   ] GC(86) Metaspace: 107123K(111208K)->107123K(111208K) NonClass: 95366K(97456K)->95366K(97456K) Class: 11756K(13752K)->11756K(13752K)
[68.158s][info][gc             ] GC(86) Pause Full (System.gc()) 1491M->41M(4096M) 46.260ms
[68.159s][info][gc,cpu         ] GC(86) User=0.03s Sys=0.00s Real=0.05s
[68.759s][info][gc,task        ] GC(87) Using 6 workers of 6 for full compaction
[68.760s][info][gc,start       ] GC(87) Pause Full (System.gc())
[68.761s][info][gc,phases,start] GC(87) Phase 1: Mark live objects
[68.777s][info][gc,stringtable ] GC(87) Cleaned string and symbol table, strings: 30566 processed, 12 removed, symbols: 235674 processed, 0 removed
[68.777s][info][gc,phases      ] GC(87) Phase 1: Mark live objects 15.849ms
[68.777s][info][gc,phases,start] GC(87) Phase 2: Prepare for compaction
[68.782s][info][gc,phases      ] GC(87) Phase 2: Prepare for compaction 5.229ms
[68.782s][info][gc,phases,start] GC(87) Phase 3: Adjust pointers
[68.793s][info][gc,phases      ] GC(87) Phase 3: Adjust pointers 10.919ms
[68.793s][info][gc,phases,start] GC(87) Phase 4: Compact heap
[68.798s][info][gc,phases      ] GC(87) Phase 4: Compact heap 4.536ms
[68.807s][info][gc,heap        ] GC(87) Eden regions: 592->0(1194)
[68.807s][info][gc,heap        ] GC(87) Survivor regions: 0->0(17)
[68.807s][info][gc,heap        ] GC(87) Old regions: 21->20
[68.807s][info][gc,heap        ] GC(87) Humongous regions: 137->3
[68.807s][info][gc,metaspace   ] GC(87) Metaspace: 107123K(111208K)->107123K(111208K) NonClass: 95366K(97456K)->95366K(97456K) Class: 11756K(13752K)->11756K(13752K)
[68.807s][info][gc             ] GC(87) Pause Full (System.gc()) 1492M->41M(4096M) 47.764ms
[68.808s][info][gc,cpu         ] GC(87) User=0.03s Sys=0.00s Real=0.05s
[69.412s][info][gc,task        ] GC(88) Using 6 workers of 6 for full compaction
[69.413s][info][gc,start       ] GC(88) Pause Full (System.gc())
[69.415s][info][gc,phases,start] GC(88) Phase 1: Mark live objects
[69.430s][info][gc,stringtable ] GC(88) Cleaned string and symbol table, strings: 30566 processed, 12 removed, symbols: 235674 processed, 0 removed
[69.430s][info][gc,phases      ] GC(88) Phase 1: Mark live objects 15.238ms
[69.430s][info][gc,phases,start] GC(88) Phase 2: Prepare for compaction
[69.435s][info][gc,phases      ] GC(88) Phase 2: Prepare for compaction 4.649ms
[69.435s][info][gc,phases,start] GC(88) Phase 3: Adjust pointers
[69.446s][info][gc,phases      ] GC(88) Phase 3: Adjust pointers 11.128ms
[69.446s][info][gc,phases,start] GC(88) Phase 4: Compact heap
[69.450s][info][gc,phases      ] GC(88) Phase 4: Compact heap 3.714ms
[69.459s][info][gc,heap        ] GC(88) Eden regions: 592->0(1194)
[69.459s][info][gc,heap        ] GC(88) Survivor regions: 0->0(17)
[69.459s][info][gc,heap        ] GC(88) Old regions: 20->20
[69.459s][info][gc,heap        ] GC(88) Humongous regions: 137->3
[69.459s][info][gc,metaspace   ] GC(88) Metaspace: 107123K(111208K)->107123K(111208K) NonClass: 95366K(97456K)->95366K(97456K) Class: 11756K(13752K)->11756K(13752K)
[69.459s][info][gc             ] GC(88) Pause Full (System.gc()) 1492M->41M(4096M) 46.100ms
[69.459s][info][gc,cpu         ] GC(88) User=0.03s Sys=0.00s Real=0.05s
[70.060s][info][gc,task        ] GC(89) Using 6 workers of 6 for full compaction
[70.060s][info][gc,start       ] GC(89) Pause Full (System.gc())
[70.062s][info][gc,phases,start] GC(89) Phase 1: Mark live objects
[70.077s][info][gc,stringtable ] GC(89) Cleaned string and symbol table, strings: 30572 processed, 12 removed, symbols: 235674 processed, 0 removed
[70.077s][info][gc,phases      ] GC(89) Phase 1: Mark live objects 15.331ms
[70.077s][info][gc,phases,start] GC(89) Phase 2: Prepare for compaction
[70.083s][info][gc,phases      ] GC(89) Phase 2: Prepare for compaction 5.565ms
[70.083s][info][gc,phases,start] GC(89) Phase 3: Adjust pointers
[70.095s][info][gc,phases      ] GC(89) Phase 3: Adjust pointers 11.613ms
[70.095s][info][gc,phases,start] GC(89) Phase 4: Compact heap
[70.099s][info][gc,phases      ] GC(89) Phase 4: Compact heap 4.544ms
[70.109s][info][gc,heap        ] GC(89) Eden regions: 592->0(1194)
[70.109s][info][gc,heap        ] GC(89) Survivor regions: 0->0(17)
[70.109s][info][gc,heap        ] GC(89) Old regions: 20->20
[70.109s][info][gc,heap        ] GC(89) Humongous regions: 137->3
[70.109s][info][gc,metaspace   ] GC(89) Metaspace: 107123K(111208K)->107123K(111208K) NonClass: 95367K(97456K)->95367K(97456K) Class: 11756K(13752K)->11756K(13752K)
[70.109s][info][gc             ] GC(89) Pause Full (System.gc()) 1492M->41M(4096M) 48.216ms
[70.109s][info][gc,cpu         ] GC(89) User=0.02s Sys=0.00s Real=0.05s
[70.711s][info][gc,task        ] GC(90) Using 6 workers of 6 for full compaction
[70.711s][info][gc,start       ] GC(90) Pause Full (System.gc())
[70.714s][info][gc,phases,start] GC(90) Phase 1: Mark live objects
[70.732s][info][gc,stringtable ] GC(90) Cleaned string and symbol table, strings: 30577 processed, 12 removed, symbols: 235674 processed, 0 removed
[70.732s][info][gc,phases      ] GC(90) Phase 1: Mark live objects 18.430ms
[70.732s][info][gc,phases,start] GC(90) Phase 2: Prepare for compaction
[70.737s][info][gc,phases      ] GC(90) Phase 2: Prepare for compaction 5.185ms
[70.737s][info][gc,phases,start] GC(90) Phase 3: Adjust pointers
[70.749s][info][gc,phases      ] GC(90) Phase 3: Adjust pointers 11.279ms
[70.749s][info][gc,phases,start] GC(90) Phase 4: Compact heap
[70.753s][info][gc,phases      ] GC(90) Phase 4: Compact heap 4.423ms
[70.762s][info][gc,heap        ] GC(90) Eden regions: 591->0(1194)
[70.762s][info][gc,heap        ] GC(90) Survivor regions: 0->0(17)
[70.762s][info][gc,heap        ] GC(90) Old regions: 20->20
[70.762s][info][gc,heap        ] GC(90) Humongous regions: 137->3
[70.762s][info][gc,metaspace   ] GC(90) Metaspace: 107129K(111464K)->107129K(111464K) NonClass: 95372K(97712K)->95372K(97712K) Class: 11756K(13752K)->11756K(13752K)
[70.762s][info][gc             ] GC(90) Pause Full (System.gc()) 1491M->41M(4096M) 51.453ms
[70.763s][info][gc,cpu         ] GC(90) User=0.05s Sys=0.00s Real=0.05s
[71.368s][info][gc,task        ] GC(91) Using 6 workers of 6 for full compaction
[71.368s][info][gc,start       ] GC(91) Pause Full (System.gc())
[71.370s][info][gc,phases,start] GC(91) Phase 1: Mark live objects
[71.385s][info][gc,stringtable ] GC(91) Cleaned string and symbol table, strings: 30600 processed, 12 removed, symbols: 235674 processed, 0 removed
[71.385s][info][gc,phases      ] GC(91) Phase 1: Mark live objects 15.558ms
[71.385s][info][gc,phases,start] GC(91) Phase 2: Prepare for compaction
[71.390s][info][gc,phases      ] GC(91) Phase 2: Prepare for compaction 4.554ms
[71.390s][info][gc,phases,start] GC(91) Phase 3: Adjust pointers
[71.400s][info][gc,phases      ] GC(91) Phase 3: Adjust pointers 10.594ms
[71.401s][info][gc,phases,start] GC(91) Phase 4: Compact heap
[71.404s][info][gc,phases      ] GC(91) Phase 4: Compact heap 3.648ms
[71.413s][info][gc,heap        ] GC(91) Eden regions: 592->0(1194)
[71.413s][info][gc,heap        ] GC(91) Survivor regions: 0->0(17)
[71.413s][info][gc,heap        ] GC(91) Old regions: 20->21
[71.413s][info][gc,heap        ] GC(91) Humongous regions: 137->3
[71.413s][info][gc,metaspace   ] GC(91) Metaspace: 107129K(111464K)->107129K(111464K) NonClass: 95372K(97712K)->95372K(97712K) Class: 11756K(13752K)->11756K(13752K)
[71.413s][info][gc             ] GC(91) Pause Full (System.gc()) 1492M->41M(4096M) 45.126ms
[71.413s][info][gc,cpu         ] GC(91) User=0.03s Sys=0.00s Real=0.05s
[72.012s][info][gc,task        ] GC(92) Using 6 workers of 6 for full compaction
[72.012s][info][gc,start       ] GC(92) Pause Full (System.gc())
[72.014s][info][gc,phases,start] GC(92) Phase 1: Mark live objects
[72.030s][info][gc,stringtable ] GC(92) Cleaned string and symbol table, strings: 30603 processed, 12 removed, symbols: 235674 processed, 0 removed
[72.030s][info][gc,phases      ] GC(92) Phase 1: Mark live objects 16.233ms
[72.030s][info][gc,phases,start] GC(92) Phase 2: Prepare for compaction
[72.035s][info][gc,phases      ] GC(92) Phase 2: Prepare for compaction 4.622ms
[72.035s][info][gc,phases,start] GC(92) Phase 3: Adjust pointers
[72.045s][info][gc,phases      ] GC(92) Phase 3: Adjust pointers 10.326ms
[72.045s][info][gc,phases,start] GC(92) Phase 4: Compact heap
[72.049s][info][gc,phases      ] GC(92) Phase 4: Compact heap 3.883ms
[72.058s][info][gc,heap        ] GC(92) Eden regions: 594->0(1194)
[72.058s][info][gc,heap        ] GC(92) Survivor regions: 0->0(17)
[72.058s][info][gc,heap        ] GC(92) Old regions: 21->21
[72.058s][info][gc,heap        ] GC(92) Humongous regions: 137->3
[72.058s][info][gc,metaspace   ] GC(92) Metaspace: 107130K(111464K)->107130K(111464K) NonClass: 95373K(97712K)->95373K(97712K) Class: 11756K(13752K)->11756K(13752K)
[72.058s][info][gc             ] GC(92) Pause Full (System.gc()) 1496M->41M(4096M) 45.913ms
[72.058s][info][gc,cpu         ] GC(92) User=0.05s Sys=0.00s Real=0.05s
[72.654s][info][gc,task        ] GC(93) Using 6 workers of 6 for full compaction
[72.654s][info][gc,start       ] GC(93) Pause Full (System.gc())
[72.656s][info][gc,phases,start] GC(93) Phase 1: Mark live objects
[72.671s][info][gc,stringtable ] GC(93) Cleaned string and symbol table, strings: 30605 processed, 12 removed, symbols: 235674 processed, 0 removed
[72.671s][info][gc,phases      ] GC(93) Phase 1: Mark live objects 15.349ms
[72.671s][info][gc,phases,start] GC(93) Phase 2: Prepare for compaction
[72.677s][info][gc,phases      ] GC(93) Phase 2: Prepare for compaction 5.463ms
[72.677s][info][gc,phases,start] GC(93) Phase 3: Adjust pointers
[72.687s][info][gc,phases      ] GC(93) Phase 3: Adjust pointers 10.322ms
[72.687s][info][gc,phases,start] GC(93) Phase 4: Compact heap
[72.691s][info][gc,phases      ] GC(93) Phase 4: Compact heap 3.816ms
[72.700s][info][gc,heap        ] GC(93) Eden regions: 592->0(1194)
[72.700s][info][gc,heap        ] GC(93) Survivor regions: 0->0(17)
[72.700s][info][gc,heap        ] GC(93) Old regions: 21->20
[72.700s][info][gc,heap        ] GC(93) Humongous regions: 137->3
[72.700s][info][gc,metaspace   ] GC(93) Metaspace: 107130K(111464K)->107130K(111464K) NonClass: 95373K(97712K)->95373K(97712K) Class: 11756K(13752K)->11756K(13752K)
[72.700s][info][gc             ] GC(93) Pause Full (System.gc()) 1492M->41M(4096M) 45.774ms
[72.700s][info][gc,cpu         ] GC(93) User=0.03s Sys=0.00s Real=0.05s
[73.299s][info][gc,task        ] GC(94) Using 6 workers of 6 for full compaction
[73.300s][info][gc,start       ] GC(94) Pause Full (System.gc())
[73.301s][info][gc,phases,start] GC(94) Phase 1: Mark live objects
[73.316s][info][gc,stringtable ] GC(94) Cleaned string and symbol table, strings: 30610 processed, 12 removed, symbols: 235674 processed, 0 removed
[73.316s][info][gc,phases      ] GC(94) Phase 1: Mark live objects 15.252ms
[73.316s][info][gc,phases,start] GC(94) Phase 2: Prepare for compaction
[73.321s][info][gc,phases      ] GC(94) Phase 2: Prepare for compaction 4.665ms
[73.321s][info][gc,phases,start] GC(94) Phase 3: Adjust pointers
[73.332s][info][gc,phases      ] GC(94) Phase 3: Adjust pointers 10.965ms
[73.332s][info][gc,phases,start] GC(94) Phase 4: Compact heap
[73.336s][info][gc,phases      ] GC(94) Phase 4: Compact heap 3.851ms
[73.345s][info][gc,heap        ] GC(94) Eden regions: 592->0(1194)
[73.345s][info][gc,heap        ] GC(94) Survivor regions: 0->0(17)
[73.345s][info][gc,heap        ] GC(94) Old regions: 20->21
[73.345s][info][gc,heap        ] GC(94) Humongous regions: 137->3
[73.345s][info][gc,metaspace   ] GC(94) Metaspace: 107130K(111464K)->107130K(111464K) NonClass: 95373K(97712K)->95373K(97712K) Class: 11756K(13752K)->11756K(13752K)
[73.345s][info][gc             ] GC(94) Pause Full (System.gc()) 1492M->41M(4096M) 45.330ms
[73.345s][info][gc,cpu         ] GC(94) User=0.03s Sys=0.00s Real=0.05s
[73.940s][info][gc,task        ] GC(95) Using 6 workers of 6 for full compaction
[73.940s][info][gc,start       ] GC(95) Pause Full (System.gc())
[73.942s][info][gc,phases,start] GC(95) Phase 1: Mark live objects
[73.956s][info][gc,stringtable ] GC(95) Cleaned string and symbol table, strings: 30610 processed, 12 removed, symbols: 235674 processed, 0 removed
[73.956s][info][gc,phases      ] GC(95) Phase 1: Mark live objects 13.936ms
[73.956s][info][gc,phases,start] GC(95) Phase 2: Prepare for compaction
[73.962s][info][gc,phases      ] GC(95) Phase 2: Prepare for compaction 5.479ms
[73.962s][info][gc,phases,start] GC(95) Phase 3: Adjust pointers
[73.972s][info][gc,phases      ] GC(95) Phase 3: Adjust pointers 10.300ms
[73.972s][info][gc,phases,start] GC(95) Phase 4: Compact heap
[73.977s][info][gc,phases      ] GC(95) Phase 4: Compact heap 4.965ms
[73.985s][info][gc,heap        ] GC(95) Eden regions: 593->0(1194)
[73.986s][info][gc,heap        ] GC(95) Survivor regions: 0->0(17)
[73.986s][info][gc,heap        ] GC(95) Old regions: 21->21
[73.986s][info][gc,heap        ] GC(95) Humongous regions: 137->3
[73.986s][info][gc,metaspace   ] GC(95) Metaspace: 107130K(111464K)->107130K(111464K) NonClass: 95374K(97712K)->95374K(97712K) Class: 11756K(13752K)->11756K(13752K)
[73.986s][info][gc             ] GC(95) Pause Full (System.gc()) 1495M->41M(4096M) 45.388ms
[73.986s][info][gc,cpu         ] GC(95) User=0.00s Sys=0.00s Real=0.03s
[74.586s][info][gc,task        ] GC(96) Using 6 workers of 6 for full compaction
[74.586s][info][gc,start       ] GC(96) Pause Full (System.gc())
[74.588s][info][gc,phases,start] GC(96) Phase 1: Mark live objects
[74.602s][info][gc,stringtable ] GC(96) Cleaned string and symbol table, strings: 30631 processed, 12 removed, symbols: 235674 processed, 0 removed
[74.602s][info][gc,phases      ] GC(96) Phase 1: Mark live objects 14.967ms
[74.602s][info][gc,phases,start] GC(96) Phase 2: Prepare for compaction
[74.607s][info][gc,phases      ] GC(96) Phase 2: Prepare for compaction 4.759ms
[74.607s][info][gc,phases,start] GC(96) Phase 3: Adjust pointers
[74.618s][info][gc,phases      ] GC(96) Phase 3: Adjust pointers 10.645ms
[74.618s][info][gc,phases,start] GC(96) Phase 4: Compact heap
[74.622s][info][gc,phases      ] GC(96) Phase 4: Compact heap 3.956ms
[74.631s][info][gc,heap        ] GC(96) Eden regions: 592->0(1194)
[74.631s][info][gc,heap        ] GC(96) Survivor regions: 0->0(17)
[74.631s][info][gc,heap        ] GC(96) Old regions: 21->21
[74.631s][info][gc,heap        ] GC(96) Humongous regions: 137->3
[74.631s][info][gc,metaspace   ] GC(96) Metaspace: 107142K(111464K)->107142K(111464K) NonClass: 95386K(97712K)->95386K(97712K) Class: 11756K(13752K)->11756K(13752K)
[74.631s][info][gc             ] GC(96) Pause Full (System.gc()) 1493M->41M(4096M) 45.126ms
[74.631s][info][gc,cpu         ] GC(96) User=0.03s Sys=0.00s Real=0.05s
[75.226s][info][gc,task        ] GC(97) Using 6 workers of 6 for full compaction
[75.226s][info][gc,start       ] GC(97) Pause Full (System.gc())
[75.228s][info][gc,phases,start] GC(97) Phase 1: Mark live objects
[75.243s][info][gc,stringtable ] GC(97) Cleaned string and symbol table, strings: 30633 processed, 12 removed, symbols: 235674 processed, 0 removed
[75.243s][info][gc,phases      ] GC(97) Phase 1: Mark live objects 15.485ms
[75.243s][info][gc,phases,start] GC(97) Phase 2: Prepare for compaction
[75.248s][info][gc,phases      ] GC(97) Phase 2: Prepare for compaction 4.669ms
[75.248s][info][gc,phases,start] GC(97) Phase 3: Adjust pointers
[75.258s][info][gc,phases      ] GC(97) Phase 3: Adjust pointers 10.567ms
[75.258s][info][gc,phases,start] GC(97) Phase 4: Compact heap
[75.262s][info][gc,phases      ] GC(97) Phase 4: Compact heap 3.753ms
[75.271s][info][gc,heap        ] GC(97) Eden regions: 593->0(1194)
[75.271s][info][gc,heap        ] GC(97) Survivor regions: 0->0(17)
[75.271s][info][gc,heap        ] GC(97) Old regions: 21->20
[75.271s][info][gc,heap        ] GC(97) Humongous regions: 137->3
[75.271s][info][gc,metaspace   ] GC(97) Metaspace: 107142K(111464K)->107142K(111464K) NonClass: 95386K(97712K)->95386K(97712K) Class: 11756K(13752K)->11756K(13752K)
[75.271s][info][gc             ] GC(97) Pause Full (System.gc()) 1493M->41M(4096M) 44.978ms
[75.271s][info][gc,cpu         ] GC(97) User=0.03s Sys=0.00s Real=0.05s
[75.867s][info][gc,task        ] GC(98) Using 6 workers of 6 for full compaction
[75.868s][info][gc,start       ] GC(98) Pause Full (System.gc())
[75.869s][info][gc,phases,start] GC(98) Phase 1: Mark live objects
[75.884s][info][gc,stringtable ] GC(98) Cleaned string and symbol table, strings: 30642 processed, 12 removed, symbols: 235674 processed, 0 removed
[75.884s][info][gc,phases      ] GC(98) Phase 1: Mark live objects 15.014ms
[75.884s][info][gc,phases,start] GC(98) Phase 2: Prepare for compaction
[75.889s][info][gc,phases      ] GC(98) Phase 2: Prepare for compaction 4.825ms
[75.889s][info][gc,phases,start] GC(98) Phase 3: Adjust pointers
[75.900s][info][gc,phases      ] GC(98) Phase 3: Adjust pointers 10.785ms
[75.900s][info][gc,phases,start] GC(98) Phase 4: Compact heap
[75.904s][info][gc,phases      ] GC(98) Phase 4: Compact heap 3.840ms
[75.913s][info][gc,heap        ] GC(98) Eden regions: 592->0(1194)
[75.913s][info][gc,heap        ] GC(98) Survivor regions: 0->0(17)
[75.913s][info][gc,heap        ] GC(98) Old regions: 20->21
[75.913s][info][gc,heap        ] GC(98) Humongous regions: 137->3
[75.913s][info][gc,metaspace   ] GC(98) Metaspace: 107155K(111464K)->107155K(111464K) NonClass: 95398K(97712K)->95398K(97712K) Class: 11756K(13752K)->11756K(13752K)
[75.913s][info][gc             ] GC(98) Pause Full (System.gc()) 1492M->41M(4096M) 45.373ms
[75.913s][info][gc,cpu         ] GC(98) User=0.03s Sys=0.00s Real=0.05s
[76.510s][info][gc,task        ] GC(99) Using 6 workers of 6 for full compaction
[76.510s][info][gc,start       ] GC(99) Pause Full (System.gc())
[76.513s][info][gc,phases,start] GC(99) Phase 1: Mark live objects
[76.529s][info][gc,stringtable ] GC(99) Cleaned string and symbol table, strings: 30644 processed, 12 removed, symbols: 235674 processed, 0 removed
[76.529s][info][gc,phases      ] GC(99) Phase 1: Mark live objects 15.296ms
[76.529s][info][gc,phases,start] GC(99) Phase 2: Prepare for compaction
[76.533s][info][gc,phases      ] GC(99) Phase 2: Prepare for compaction 4.673ms
[76.533s][info][gc,phases,start] GC(99) Phase 3: Adjust pointers
[76.544s][info][gc,phases      ] GC(99) Phase 3: Adjust pointers 10.422ms
[76.544s][info][gc,phases,start] GC(99) Phase 4: Compact heap
[76.548s][info][gc,phases      ] GC(99) Phase 4: Compact heap 3.680ms
[76.556s][info][gc,heap        ] GC(99) Eden regions: 592->0(1194)
[76.556s][info][gc,heap        ] GC(99) Survivor regions: 0->0(17)
[76.556s][info][gc,heap        ] GC(99) Old regions: 21->21
[76.556s][info][gc,heap        ] GC(99) Humongous regions: 137->3
[76.556s][info][gc,metaspace   ] GC(99) Metaspace: 107155K(111464K)->107155K(111464K) NonClass: 95399K(97712K)->95399K(97712K) Class: 11756K(13752K)->11756K(13752K)
[76.556s][info][gc             ] GC(99) Pause Full (System.gc()) 1492M->41M(4096M) 46.571ms
[76.556s][info][gc,cpu         ] GC(99) User=0.05s Sys=0.00s Real=0.05s
[77.147s][info][gc,task        ] GC(100) Using 6 workers of 6 for full compaction
[77.147s][info][gc,start       ] GC(100) Pause Full (System.gc())
[77.149s][info][gc,phases,start] GC(100) Phase 1: Mark live objects
[77.165s][info][gc,stringtable ] GC(100) Cleaned string and symbol table, strings: 30654 processed, 12 removed, symbols: 235674 processed, 0 removed
[77.165s][info][gc,phases      ] GC(100) Phase 1: Mark live objects 15.780ms
[77.165s][info][gc,phases,start] GC(100) Phase 2: Prepare for compaction
[77.170s][info][gc,phases      ] GC(100) Phase 2: Prepare for compaction 4.774ms
[77.170s][info][gc,phases,start] GC(100) Phase 3: Adjust pointers
[77.180s][info][gc,phases      ] GC(100) Phase 3: Adjust pointers 10.743ms
[77.180s][info][gc,phases,start] GC(100) Phase 4: Compact heap
[77.184s][info][gc,phases      ] GC(100) Phase 4: Compact heap 4.036ms
[77.193s][info][gc,heap        ] GC(100) Eden regions: 591->0(1194)
[77.193s][info][gc,heap        ] GC(100) Survivor regions: 0->0(17)
[77.193s][info][gc,heap        ] GC(100) Old regions: 21->21
[77.193s][info][gc,heap        ] GC(100) Humongous regions: 137->3
[77.193s][info][gc,metaspace   ] GC(100) Metaspace: 107158K(111464K)->107158K(111464K) NonClass: 95402K(97712K)->95402K(97712K) Class: 11756K(13752K)->11756K(13752K)
[77.193s][info][gc             ] GC(100) Pause Full (System.gc()) 1490M->41M(4096M) 46.128ms
[77.194s][info][gc,cpu         ] GC(100) User=0.02s Sys=0.00s Real=0.05s
[77.785s][info][gc,task        ] GC(101) Using 6 workers of 6 for full compaction
[77.785s][info][gc,start       ] GC(101) Pause Full (System.gc())
[77.787s][info][gc,phases,start] GC(101) Phase 1: Mark live objects
[77.802s][info][gc,stringtable ] GC(101) Cleaned string and symbol table, strings: 30658 processed, 12 removed, symbols: 235674 processed, 0 removed
[77.802s][info][gc,phases      ] GC(101) Phase 1: Mark live objects 14.960ms
[77.802s][info][gc,phases,start] GC(101) Phase 2: Prepare for compaction
[77.807s][info][gc,phases      ] GC(101) Phase 2: Prepare for compaction 5.384ms
[77.808s][info][gc,phases,start] GC(101) Phase 3: Adjust pointers
[77.818s][info][gc,phases      ] GC(101) Phase 3: Adjust pointers 10.573ms
[77.818s][info][gc,phases,start] GC(101) Phase 4: Compact heap
[77.823s][info][gc,phases      ] GC(101) Phase 4: Compact heap 4.314ms
[77.831s][info][gc,heap        ] GC(101) Eden regions: 593->0(1194)
[77.831s][info][gc,heap        ] GC(101) Survivor regions: 0->0(17)
[77.831s][info][gc,heap        ] GC(101) Old regions: 21->21
[77.832s][info][gc,heap        ] GC(101) Humongous regions: 137->3
[77.832s][info][gc,metaspace   ] GC(101) Metaspace: 107158K(111464K)->107158K(111464K) NonClass: 95402K(97712K)->95402K(97712K) Class: 11756K(13752K)->11756K(13752K)
[77.832s][info][gc             ] GC(101) Pause Full (System.gc()) 1494M->41M(4096M) 46.112ms
[77.832s][info][gc,cpu         ] GC(101) User=0.03s Sys=0.00s Real=0.05s
[78.426s][info][gc,task        ] GC(102) Using 6 workers of 6 for full compaction
[78.427s][info][gc,start       ] GC(102) Pause Full (System.gc())
[78.428s][info][gc,phases,start] GC(102) Phase 1: Mark live objects
[78.443s][info][gc,stringtable ] GC(102) Cleaned string and symbol table, strings: 30658 processed, 12 removed, symbols: 235674 processed, 0 removed
[78.444s][info][gc,phases      ] GC(102) Phase 1: Mark live objects 15.344ms
[78.444s][info][gc,phases,start] GC(102) Phase 2: Prepare for compaction
[78.448s][info][gc,phases      ] GC(102) Phase 2: Prepare for compaction 4.619ms
[78.448s][info][gc,phases,start] GC(102) Phase 3: Adjust pointers
[78.459s][info][gc,phases      ] GC(102) Phase 3: Adjust pointers 10.865ms
[78.459s][info][gc,phases,start] GC(102) Phase 4: Compact heap
[78.463s][info][gc,phases      ] GC(102) Phase 4: Compact heap 3.698ms
[78.472s][info][gc,heap        ] GC(102) Eden regions: 591->0(1194)
[78.472s][info][gc,heap        ] GC(102) Survivor regions: 0->0(17)
[78.472s][info][gc,heap        ] GC(102) Old regions: 21->21
[78.472s][info][gc,heap        ] GC(102) Humongous regions: 137->3
[78.472s][info][gc,metaspace   ] GC(102) Metaspace: 107162K(111464K)->107162K(111464K) NonClass: 95406K(97712K)->95406K(97712K) Class: 11756K(13752K)->11756K(13752K)
[78.472s][info][gc             ] GC(102) Pause Full (System.gc()) 1491M->41M(4096M) 45.039ms
[78.472s][info][gc,cpu         ] GC(102) User=0.03s Sys=0.00s Real=0.05s
[79.063s][info][gc,task        ] GC(103) Using 6 workers of 6 for full compaction
[79.063s][info][gc,start       ] GC(103) Pause Full (System.gc())
[79.065s][info][gc,phases,start] GC(103) Phase 1: Mark live objects
[79.080s][info][gc,stringtable ] GC(103) Cleaned string and symbol table, strings: 30659 processed, 12 removed, symbols: 235674 processed, 0 removed
[79.080s][info][gc,phases      ] GC(103) Phase 1: Mark live objects 14.630ms
[79.080s][info][gc,phases,start] GC(103) Phase 2: Prepare for compaction
[79.084s][info][gc,phases      ] GC(103) Phase 2: Prepare for compaction 4.634ms
[79.084s][info][gc,phases,start] GC(103) Phase 3: Adjust pointers
[79.096s][info][gc,phases      ] GC(103) Phase 3: Adjust pointers 11.406ms
[79.096s][info][gc,phases,start] GC(103) Phase 4: Compact heap
[79.100s][info][gc,phases      ] GC(103) Phase 4: Compact heap 4.528ms
[79.109s][info][gc,heap        ] GC(103) Eden regions: 591->0(1194)
[79.109s][info][gc,heap        ] GC(103) Survivor regions: 0->0(17)
[79.109s][info][gc,heap        ] GC(103) Old regions: 21->21
[79.109s][info][gc,heap        ] GC(103) Humongous regions: 137->3
[79.109s][info][gc,metaspace   ] GC(103) Metaspace: 107163K(111464K)->107163K(111464K) NonClass: 95407K(97712K)->95407K(97712K) Class: 11756K(13752K)->11756K(13752K)
[79.109s][info][gc             ] GC(103) Pause Full (System.gc()) 1491M->41M(4096M) 46.184ms
[79.110s][info][gc,cpu         ] GC(103) User=0.05s Sys=0.00s Real=0.05s
[79.705s][info][gc,task        ] GC(104) Using 6 workers of 6 for full compaction
[79.705s][info][gc,start       ] GC(104) Pause Full (System.gc())
[79.707s][info][gc,phases,start] GC(104) Phase 1: Mark live objects
[79.724s][info][gc,stringtable ] GC(104) Cleaned string and symbol table, strings: 30663 processed, 12 removed, symbols: 235674 processed, 0 removed
[79.724s][info][gc,phases      ] GC(104) Phase 1: Mark live objects 16.701ms
[79.724s][info][gc,phases,start] GC(104) Phase 2: Prepare for compaction
[79.729s][info][gc,phases      ] GC(104) Phase 2: Prepare for compaction 5.061ms
[79.731s][info][gc,phases,start] GC(104) Phase 3: Adjust pointers
[79.744s][info][gc,phases      ] GC(104) Phase 3: Adjust pointers 13.262ms
[79.744s][info][gc,phases,start] GC(104) Phase 4: Compact heap
[79.748s][info][gc,phases      ] GC(104) Phase 4: Compact heap 3.830ms
[79.757s][info][gc,heap        ] GC(104) Eden regions: 592->0(1194)
[79.757s][info][gc,heap        ] GC(104) Survivor regions: 0->0(17)
[79.757s][info][gc,heap        ] GC(104) Old regions: 21->20
[79.757s][info][gc,heap        ] GC(104) Humongous regions: 137->3
[79.757s][info][gc,metaspace   ] GC(104) Metaspace: 107164K(111464K)->107164K(111464K) NonClass: 95408K(97712K)->95408K(97712K) Class: 11756K(13752K)->11756K(13752K)
[79.757s][info][gc             ] GC(104) Pause Full (System.gc()) 1491M->41M(4096M) 52.299ms
[79.757s][info][gc,cpu         ] GC(104) User=0.05s Sys=0.00s Real=0.06s
[80.350s][info][gc,task        ] GC(105) Using 6 workers of 6 for full compaction
[80.350s][info][gc,start       ] GC(105) Pause Full (System.gc())
[80.352s][info][gc,phases,start] GC(105) Phase 1: Mark live objects
[80.367s][info][gc,stringtable ] GC(105) Cleaned string and symbol table, strings: 30665 processed, 12 removed, symbols: 235674 processed, 0 removed
[80.367s][info][gc,phases      ] GC(105) Phase 1: Mark live objects 15.010ms
[80.367s][info][gc,phases,start] GC(105) Phase 2: Prepare for compaction
[80.372s][info][gc,phases      ] GC(105) Phase 2: Prepare for compaction 5.333ms
[80.373s][info][gc,phases,start] GC(105) Phase 3: Adjust pointers
[80.383s][info][gc,phases      ] GC(105) Phase 3: Adjust pointers 10.601ms
[80.383s][info][gc,phases,start] GC(105) Phase 4: Compact heap
[80.388s][info][gc,phases      ] GC(105) Phase 4: Compact heap 4.682ms
[80.396s][info][gc,heap        ] GC(105) Eden regions: 592->0(1194)
[80.397s][info][gc,heap        ] GC(105) Survivor regions: 0->0(17)
[80.397s][info][gc,heap        ] GC(105) Old regions: 20->21
[80.397s][info][gc,heap        ] GC(105) Humongous regions: 137->3
[80.397s][info][gc,metaspace   ] GC(105) Metaspace: 107164K(111464K)->107164K(111464K) NonClass: 95408K(97712K)->95408K(97712K) Class: 11756K(13752K)->11756K(13752K)
[80.397s][info][gc             ] GC(105) Pause Full (System.gc()) 1492M->41M(4096M) 46.173ms
[80.397s][info][gc,cpu         ] GC(105) User=0.05s Sys=0.00s Real=0.05s
[80.990s][info][gc,task        ] GC(106) Using 6 workers of 6 for full compaction
[80.990s][info][gc,start       ] GC(106) Pause Full (System.gc())
[80.992s][info][gc,phases,start] GC(106) Phase 1: Mark live objects
[81.009s][info][gc,stringtable ] GC(106) Cleaned string and symbol table, strings: 30665 processed, 12 removed, symbols: 235674 processed, 0 removed
[81.009s][info][gc,phases      ] GC(106) Phase 1: Mark live objects 17.459ms
[81.009s][info][gc,phases,start] GC(106) Phase 2: Prepare for compaction
[81.014s][info][gc,phases      ] GC(106) Phase 2: Prepare for compaction 4.659ms
[81.014s][info][gc,phases,start] GC(106) Phase 3: Adjust pointers
[81.025s][info][gc,phases      ] GC(106) Phase 3: Adjust pointers 10.746ms
[81.025s][info][gc,phases,start] GC(106) Phase 4: Compact heap
[81.029s][info][gc,phases      ] GC(106) Phase 4: Compact heap 3.864ms
[81.037s][info][gc,heap        ] GC(106) Eden regions: 592->0(1194)
[81.037s][info][gc,heap        ] GC(106) Survivor regions: 0->0(17)
[81.037s][info][gc,heap        ] GC(106) Old regions: 21->21
[81.037s][info][gc,heap        ] GC(106) Humongous regions: 137->3
[81.037s][info][gc,metaspace   ] GC(106) Metaspace: 107164K(111464K)->107164K(111464K) NonClass: 95408K(97712K)->95408K(97712K) Class: 11756K(13752K)->11756K(13752K)
[81.037s][info][gc             ] GC(106) Pause Full (System.gc()) 1492M->41M(4096M) 47.300ms
[81.038s][info][gc,cpu         ] GC(106) User=0.02s Sys=0.00s Real=0.05s
[81.643s][info][gc,task        ] GC(107) Using 6 workers of 6 for full compaction
[81.643s][info][gc,start       ] GC(107) Pause Full (System.gc())
[81.645s][info][gc,phases,start] GC(107) Phase 1: Mark live objects
[81.661s][info][gc,stringtable ] GC(107) Cleaned string and symbol table, strings: 30680 processed, 12 removed, symbols: 235674 processed, 0 removed
[81.661s][info][gc,phases      ] GC(107) Phase 1: Mark live objects 16.867ms
[81.661s][info][gc,phases,start] GC(107) Phase 2: Prepare for compaction
[81.666s][info][gc,phases      ] GC(107) Phase 2: Prepare for compaction 4.732ms
[81.666s][info][gc,phases,start] GC(107) Phase 3: Adjust pointers
[81.677s][info][gc,phases      ] GC(107) Phase 3: Adjust pointers 10.634ms
[81.677s][info][gc,phases,start] GC(107) Phase 4: Compact heap
[81.681s][info][gc,phases      ] GC(107) Phase 4: Compact heap 3.791ms
[81.689s][info][gc,heap        ] GC(107) Eden regions: 593->0(1194)
[81.689s][info][gc,heap        ] GC(107) Survivor regions: 0->0(17)
[81.689s][info][gc,heap        ] GC(107) Old regions: 21->21
[81.689s][info][gc,heap        ] GC(107) Humongous regions: 137->3
[81.689s][info][gc,metaspace   ] GC(107) Metaspace: 107174K(111464K)->107174K(111464K) NonClass: 95418K(97712K)->95418K(97712K) Class: 11756K(13752K)->11756K(13752K)
[81.689s][info][gc             ] GC(107) Pause Full (System.gc()) 1494M->41M(4096M) 46.387ms
[81.689s][info][gc,cpu         ] GC(107) User=0.02s Sys=0.00s Real=0.03s
[82.281s][info][gc,task        ] GC(108) Using 6 workers of 6 for full compaction
[82.281s][info][gc,start       ] GC(108) Pause Full (System.gc())
[82.283s][info][gc,phases,start] GC(108) Phase 1: Mark live objects
[82.298s][info][gc,stringtable ] GC(108) Cleaned string and symbol table, strings: 30699 processed, 12 removed, symbols: 235674 processed, 0 removed
[82.298s][info][gc,phases      ] GC(108) Phase 1: Mark live objects 15.081ms
[82.298s][info][gc,phases,start] GC(108) Phase 2: Prepare for compaction
[82.304s][info][gc,phases      ] GC(108) Phase 2: Prepare for compaction 5.470ms
[82.304s][info][gc,phases,start] GC(108) Phase 3: Adjust pointers
[82.314s][info][gc,phases      ] GC(108) Phase 3: Adjust pointers 10.404ms
[82.314s][info][gc,phases,start] GC(108) Phase 4: Compact heap
[82.318s][info][gc,phases      ] GC(108) Phase 4: Compact heap 4.113ms
[82.327s][info][gc,heap        ] GC(108) Eden regions: 592->0(1194)
[82.328s][info][gc,heap        ] GC(108) Survivor regions: 0->0(17)
[82.328s][info][gc,heap        ] GC(108) Old regions: 21->20
[82.328s][info][gc,heap        ] GC(108) Humongous regions: 137->3
[82.328s][info][gc,metaspace   ] GC(108) Metaspace: 107176K(111464K)->107176K(111464K) NonClass: 95419K(97712K)->95419K(97712K) Class: 11756K(13752K)->11756K(13752K)
[82.328s][info][gc             ] GC(108) Pause Full (System.gc()) 1491M->41M(4096M) 46.130ms
[82.328s][info][gc,cpu         ] GC(108) User=0.03s Sys=0.00s Real=0.05s
[82.924s][info][gc,task        ] GC(109) Using 6 workers of 6 for full compaction
[82.924s][info][gc,start       ] GC(109) Pause Full (System.gc())
[82.926s][info][gc,phases,start] GC(109) Phase 1: Mark live objects
[82.941s][info][gc,stringtable ] GC(109) Cleaned string and symbol table, strings: 30701 processed, 12 removed, symbols: 235674 processed, 0 removed
[82.941s][info][gc,phases      ] GC(109) Phase 1: Mark live objects 15.406ms
[82.941s][info][gc,phases,start] GC(109) Phase 2: Prepare for compaction
[82.946s][info][gc,phases      ] GC(109) Phase 2: Prepare for compaction 4.524ms
[82.946s][info][gc,phases,start] GC(109) Phase 3: Adjust pointers
[82.956s][info][gc,phases      ] GC(109) Phase 3: Adjust pointers 10.653ms
[82.956s][info][gc,phases,start] GC(109) Phase 4: Compact heap
[82.960s][info][gc,phases      ] GC(109) Phase 4: Compact heap 3.894ms
[82.969s][info][gc,heap        ] GC(109) Eden regions: 592->0(1194)
[82.969s][info][gc,heap        ] GC(109) Survivor regions: 0->0(17)
[82.969s][info][gc,heap        ] GC(109) Old regions: 20->21
[82.969s][info][gc,heap        ] GC(109) Humongous regions: 137->3
[82.969s][info][gc,metaspace   ] GC(109) Metaspace: 107176K(111464K)->107176K(111464K) NonClass: 95419K(97712K)->95419K(97712K) Class: 11756K(13752K)->11756K(13752K)
[82.969s][info][gc             ] GC(109) Pause Full (System.gc()) 1492M->41M(4096M) 45.036ms
[82.969s][info][gc,cpu         ] GC(109) User=0.00s Sys=0.00s Real=0.05s
[83.563s][info][gc,task        ] GC(110) Using 6 workers of 6 for full compaction
[83.563s][info][gc,start       ] GC(110) Pause Full (System.gc())
[83.565s][info][gc,phases,start] GC(110) Phase 1: Mark live objects
[83.580s][info][gc,stringtable ] GC(110) Cleaned string and symbol table, strings: 30701 processed, 12 removed, symbols: 235674 processed, 0 removed
[83.580s][info][gc,phases      ] GC(110) Phase 1: Mark live objects 14.842ms
[83.580s][info][gc,phases,start] GC(110) Phase 2: Prepare for compaction
[83.585s][info][gc,phases      ] GC(110) Phase 2: Prepare for compaction 5.366ms
[83.585s][info][gc,phases,start] GC(110) Phase 3: Adjust pointers
[83.596s][info][gc,phases      ] GC(110) Phase 3: Adjust pointers 10.539ms
[83.596s][info][gc,phases,start] GC(110) Phase 4: Compact heap
[83.600s][info][gc,phases      ] GC(110) Phase 4: Compact heap 4.153ms
[83.609s][info][gc,heap        ] GC(110) Eden regions: 592->0(1194)
[83.609s][info][gc,heap        ] GC(110) Survivor regions: 0->0(17)
[83.609s][info][gc,heap        ] GC(110) Old regions: 21->20
[83.609s][info][gc,heap        ] GC(110) Humongous regions: 137->3
[83.609s][info][gc,metaspace   ] GC(110) Metaspace: 107176K(111464K)->107176K(111464K) NonClass: 95419K(97712K)->95419K(97712K) Class: 11756K(13752K)->11756K(13752K)
[83.609s][info][gc             ] GC(110) Pause Full (System.gc()) 1493M->41M(4096M) 45.965ms
[83.609s][info][gc,cpu         ] GC(110) User=0.03s Sys=0.00s Real=0.05s
[84.204s][info][gc,task        ] GC(111) Using 6 workers of 6 for full compaction
[84.204s][info][gc,start       ] GC(111) Pause Full (System.gc())
[84.206s][info][gc,phases,start] GC(111) Phase 1: Mark live objects
[84.222s][info][gc,stringtable ] GC(111) Cleaned string and symbol table, strings: 30701 processed, 12 removed, symbols: 235674 processed, 0 removed
[84.222s][info][gc,phases      ] GC(111) Phase 1: Mark live objects 16.105ms
[84.222s][info][gc,phases,start] GC(111) Phase 2: Prepare for compaction
[84.227s][info][gc,phases      ] GC(111) Phase 2: Prepare for compaction 4.639ms
[84.227s][info][gc,phases,start] GC(111) Phase 3: Adjust pointers
[84.237s][info][gc,phases      ] GC(111) Phase 3: Adjust pointers 10.501ms
[84.237s][info][gc,phases,start] GC(111) Phase 4: Compact heap
[84.241s][info][gc,phases      ] GC(111) Phase 4: Compact heap 3.855ms
[84.250s][info][gc,heap        ] GC(111) Eden regions: 591->0(1194)
[84.250s][info][gc,heap        ] GC(111) Survivor regions: 0->0(17)
[84.250s][info][gc,heap        ] GC(111) Old regions: 20->21
[84.250s][info][gc,heap        ] GC(111) Humongous regions: 137->3
[84.250s][info][gc,metaspace   ] GC(111) Metaspace: 107176K(111464K)->107176K(111464K) NonClass: 95419K(97712K)->95419K(97712K) Class: 11756K(13752K)->11756K(13752K)
[84.250s][info][gc             ] GC(111) Pause Full (System.gc()) 1490M->41M(4096M) 45.627ms
[84.250s][info][gc,cpu         ] GC(111) User=0.06s Sys=0.00s Real=0.05s
[84.927s][info][gc,heap,exit   ] Heap
[84.927s][info][gc,heap,exit   ]  garbage-first heap   total 4194304K, used 1543849K [0x0000000700000000, 0x0000000800000000)
[84.927s][info][gc,heap,exit   ]   region size 2048K, 601 young (1230848K), 0 survivors (0K)
[84.927s][info][gc,heap,exit   ]  Metaspace       used 107695K, capacity 111789K, committed 112104K, reserved 1146880K
[84.927s][info][gc,heap,exit   ]   class space    used 11872K, capacity 13789K, committed 13880K, reserved 1048576K
