[0.014s][info][gc,init] CardTable entry size: 512
[0.015s][info][gc     ] Using Parallel
[0.035s][info][gc,init] Version: 21.0.4+7-adhoc.Administrator.jdk21u (release)
[0.036s][info][gc,init] CPUs: 6 total, 6 available
[0.036s][info][gc,init] Memory: 15591M
[0.036s][info][gc,init] Large Page Support: Disabled
[0.036s][info][gc,init] NUMA Support: Disabled
[0.036s][info][gc,init] Compressed Oops: Enabled (Zero based)
[0.036s][info][gc,init] Alignments: Space 512K, Generation 512K, Heap 2M
[0.036s][info][gc,init] Heap Min Capacity: 8G
[0.036s][info][gc,init] Heap Initial Capacity: 8G
[0.036s][info][gc,init] Heap Max Capacity: 8G
[0.036s][info][gc,init] Pre-touch: Disabled
[0.036s][info][gc,init] Parallel Workers: 6
[0.043s][info][gc,metaspace] CDS archive(s) mapped at: [0x0000020a4d000000-0x0000020a4dc90000-0x0000020a4dc90000), size 13172736, SharedBaseAddress: 0x0000020a4d000000, ArchiveRelocationMode: 1.
[0.043s][info][gc,metaspace] Compressed class space mapped at: 0x0000020a4e000000-0x0000020a8e000000, reserved size: 1073741824
[0.043s][info][gc,metaspace] Narrow klass base: 0x0000020a4d000000, Narrow klass shift: 0, Narrow klass range: 0x100000000
[0.487s][info][gc,start    ] GC(0) Pause Young (System.gc())
[0.490s][info][gc,heap     ] GC(0) PSYoungGen: 209766K(2446848K)->3236K(2446848K) Eden: 209766K(2097664K)->0K(2097664K) From: 0K(349184K)->3236K(349184K)
[0.490s][info][gc,heap     ] GC(0) ParOldGen: 0K(5592576K)->136K(5592576K)
[0.490s][info][gc,metaspace] GC(0) Metaspace: 6031K(6272K)->6031K(6272K) NonClass: 5219K(5376K)->5219K(5376K) Class: 812K(896K)->812K(896K)
[0.490s][info][gc          ] GC(0) Pause Young (System.gc()) 204M->3M(7851M) 3.328ms
[0.490s][info][gc,cpu      ] GC(0) User=0.08s Sys=0.02s Real=0.01s
[0.490s][info][gc,start    ] GC(1) Pause Full (System.gc())
[0.490s][info][gc,phases,start] GC(1) Marking Phase
[0.493s][info][gc,phases      ] GC(1) Marking Phase 2.908ms
[0.493s][info][gc,phases,start] GC(1) Summary Phase
[0.493s][info][gc,phases      ] GC(1) Summary Phase 0.009ms
[0.493s][info][gc,phases,start] GC(1) Adjust Roots
[0.494s][info][gc,phases      ] GC(1) Adjust Roots 1.178ms
[0.494s][info][gc,phases,start] GC(1) Compaction Phase
[0.497s][info][gc,phases      ] GC(1) Compaction Phase 2.737ms
[0.497s][info][gc,phases,start] GC(1) Post Compact
[0.498s][info][gc,phases      ] GC(1) Post Compact 0.627ms
[0.498s][info][gc,heap        ] GC(1) PSYoungGen: 3236K(2446848K)->0K(2446848K) Eden: 0K(2097664K)->0K(2097664K) From: 3236K(349184K)->0K(349184K)
[0.498s][info][gc,heap        ] GC(1) ParOldGen: 136K(5592576K)->3227K(5592576K)
[0.498s][info][gc,metaspace   ] GC(1) Metaspace: 6031K(6272K)->6031K(6272K) NonClass: 5219K(5376K)->5219K(5376K) Class: 812K(896K)->812K(896K)
[0.498s][info][gc             ] GC(1) Pause Full (System.gc()) 3M->3M(7851M) 7.627ms
[0.498s][info][gc,cpu         ] GC(1) User=0.00s Sys=0.00s Real=0.01s
[3.241s][info][gc,start       ] GC(2) Pause Young (Allocation Failure)
[3.243s][info][gc,heap        ] GC(2) PSYoungGen: 2097664K(2446848K)->1808K(2446848K) Eden: 2097664K(2097664K)->0K(2097664K) From: 0K(349184K)->1808K(349184K)
[3.243s][info][gc,heap        ] GC(2) ParOldGen: 3227K(5592576K)->3235K(5592576K)
[3.243s][info][gc,metaspace   ] GC(2) Metaspace: 8041K(8256K)->8041K(8256K) NonClass: 7091K(7232K)->7091K(7232K) Class: 950K(1024K)->950K(1024K)
[3.243s][info][gc             ] GC(2) Pause Young (Allocation Failure) 2051M->4M(7851M) 1.406ms
[3.243s][info][gc,cpu         ] GC(2) User=0.00s Sys=0.00s Real=0.00s
[4.667s][info][gc,start       ] GC(3) Pause Young (Allocation Failure)
[4.668s][info][gc,heap        ] GC(3) PSYoungGen: 2099472K(2446848K)->2032K(2446848K) Eden: 2097664K(2097664K)->0K(2097664K) From: 1808K(349184K)->2032K(349184K)
[4.668s][info][gc,heap        ] GC(3) ParOldGen: 3235K(5592576K)->3243K(5592576K)
[4.668s][info][gc,metaspace   ] GC(3) Metaspace: 8050K(8256K)->8050K(8256K) NonClass: 7099K(7232K)->7099K(7232K) Class: 950K(1024K)->950K(1024K)
[4.668s][info][gc             ] GC(3) Pause Young (Allocation Failure) 2053M->5M(7851M) 1.159ms
[4.668s][info][gc,cpu         ] GC(3) User=0.00s Sys=0.00s Real=0.00s
[5.260s][info][gc,start       ] GC(4) Pause Young (System.gc())
[5.261s][info][gc,heap        ] GC(4) PSYoungGen: 967025K(2446848K)->608K(2446848K) Eden: 964993K(2097664K)->0K(2097664K) From: 2032K(349184K)->608K(349184K)
[5.262s][info][gc,heap        ] GC(4) ParOldGen: 3243K(5592576K)->3251K(5592576K)
[5.262s][info][gc,metaspace   ] GC(4) Metaspace: 8160K(8384K)->8160K(8384K) NonClass: 7200K(7360K)->7200K(7360K) Class: 960K(1024K)->960K(1024K)
[5.262s][info][gc             ] GC(4) Pause Young (System.gc()) 947M->3M(7851M) 1.616ms
[5.262s][info][gc,cpu         ] GC(4) User=0.00s Sys=0.00s Real=0.00s
[5.262s][info][gc,start       ] GC(5) Pause Full (System.gc())
[5.262s][info][gc,phases,start] GC(5) Marking Phase
[5.271s][info][gc,phases      ] GC(5) Marking Phase 9.356ms
[5.271s][info][gc,phases,start] GC(5) Summary Phase
[5.271s][info][gc,phases      ] GC(5) Summary Phase 0.010ms
[5.271s][info][gc,phases,start] GC(5) Adjust Roots
[5.275s][info][gc,phases      ] GC(5) Adjust Roots 4.035ms
[5.275s][info][gc,phases,start] GC(5) Compaction Phase
[5.279s][info][gc,phases      ] GC(5) Compaction Phase 3.385ms
[5.279s][info][gc,phases,start] GC(5) Post Compact
[5.280s][info][gc,phases      ] GC(5) Post Compact 0.959ms
[5.280s][info][gc,heap        ] GC(5) PSYoungGen: 608K(2446848K)->0K(2446848K) Eden: 0K(2097664K)->0K(2097664K) From: 608K(349184K)->0K(349184K)
[5.280s][info][gc,heap        ] GC(5) ParOldGen: 3251K(5592576K)->3690K(5592576K)
[5.280s][info][gc,metaspace   ] GC(5) Metaspace: 8160K(8384K)->8155K(8384K) NonClass: 7200K(7360K)->7196K(7360K) Class: 960K(1024K)->958K(1024K)
[5.280s][info][gc             ] GC(5) Pause Full (System.gc()) 3M->3M(7851M) 17.991ms
[5.280s][info][gc,cpu         ] GC(5) User=0.02s Sys=0.00s Real=0.02s
[6.405s][info][gc,start       ] GC(6) Pause Young (Allocation Failure)
[6.405s][info][gc,heap        ] GC(6) PSYoungGen: 2097664K(2446848K)->1504K(2446848K) Eden: 2097664K(2097664K)->0K(2097664K) From: 0K(349184K)->1504K(349184K)
[6.405s][info][gc,heap        ] GC(6) ParOldGen: 3690K(5592576K)->3698K(5592576K)
[6.405s][info][gc,metaspace   ] GC(6) Metaspace: 8157K(8384K)->8157K(8384K) NonClass: 7199K(7360K)->7199K(7360K) Class: 958K(1024K)->958K(1024K)
[6.405s][info][gc             ] GC(6) Pause Young (Allocation Failure) 2052M->5M(7851M) 0.432ms
[6.405s][info][gc,cpu         ] GC(6) User=0.00s Sys=0.00s Real=0.00s
[7.410s][info][gc,start       ] GC(7) Pause Young (Allocation Failure)
[7.410s][info][gc,heap        ] GC(7) PSYoungGen: 2099168K(2446848K)->1616K(2446848K) Eden: 2097664K(2097664K)->0K(2097664K) From: 1504K(349184K)->1616K(349184K)
[7.410s][info][gc,heap        ] GC(7) ParOldGen: 3698K(5592576K)->3706K(5592576K)
[7.410s][info][gc,metaspace   ] GC(7) Metaspace: 8159K(8384K)->8159K(8384K) NonClass: 7201K(7360K)->7201K(7360K) Class: 958K(1024K)->958K(1024K)
[7.410s][info][gc             ] GC(7) Pause Young (Allocation Failure) 2053M->5M(7851M) 0.631ms
[7.410s][info][gc,cpu         ] GC(7) User=0.00s Sys=0.00s Real=0.00s
[7.819s][info][gc,start       ] GC(8) Pause Young (System.gc())
[7.819s][info][gc,heap        ] GC(8) PSYoungGen: 845630K(2446848K)->160K(2446848K) Eden: 844014K(2097664K)->0K(2097664K) From: 1616K(349184K)->160K(349184K)
[7.819s][info][gc,heap        ] GC(8) ParOldGen: 3706K(5592576K)->3706K(5592576K)
[7.819s][info][gc,metaspace   ] GC(8) Metaspace: 8161K(8384K)->8161K(8384K) NonClass: 7202K(7360K)->7202K(7360K) Class: 958K(1024K)->958K(1024K)
[7.820s][info][gc             ] GC(8) Pause Young (System.gc()) 829M->3M(7851M) 0.233ms
[7.820s][info][gc,cpu         ] GC(8) User=0.00s Sys=0.00s Real=0.00s
[7.820s][info][gc,start       ] GC(9) Pause Full (System.gc())
[7.820s][info][gc,phases,start] GC(9) Marking Phase
[7.829s][info][gc,phases      ] GC(9) Marking Phase 9.105ms
[7.829s][info][gc,phases,start] GC(9) Summary Phase
[7.829s][info][gc,phases      ] GC(9) Summary Phase 0.009ms
[7.829s][info][gc,phases,start] GC(9) Adjust Roots
[7.831s][info][gc,phases      ] GC(9) Adjust Roots 2.708ms
[7.832s][info][gc,phases,start] GC(9) Compaction Phase
[7.834s][info][gc,phases      ] GC(9) Compaction Phase 2.689ms
[7.834s][info][gc,phases,start] GC(9) Post Compact
[7.835s][info][gc,phases      ] GC(9) Post Compact 0.518ms
[7.835s][info][gc,heap        ] GC(9) PSYoungGen: 160K(2446848K)->0K(2446848K) Eden: 0K(2097664K)->0K(2097664K) From: 160K(349184K)->0K(349184K)
[7.835s][info][gc,heap        ] GC(9) ParOldGen: 3706K(5592576K)->3693K(5592576K)
[7.835s][info][gc,metaspace   ] GC(9) Metaspace: 8161K(8384K)->8161K(8384K) NonClass: 7202K(7360K)->7202K(7360K) Class: 958K(1024K)->958K(1024K)
[7.835s][info][gc             ] GC(9) Pause Full (System.gc()) 3M->3M(7851M) 15.260ms
[7.835s][info][gc,cpu         ] GC(9) User=0.02s Sys=0.08s Real=0.02s
[8.813s][info][gc,start       ] GC(10) Pause Young (Allocation Failure)
[8.813s][info][gc,heap        ] GC(10) PSYoungGen: 2097664K(2446848K)->1808K(2792448K) Eden: 2097664K(2097664K)->0K(2443264K) From: 0K(349184K)->1808K(349184K)
[8.813s][info][gc,heap        ] GC(10) ParOldGen: 3693K(5592576K)->3693K(5592576K)
[8.813s][info][gc,metaspace   ] GC(10) Metaspace: 8165K(8384K)->8165K(8384K) NonClass: 7207K(7360K)->7207K(7360K) Class: 958K(1024K)->958K(1024K)
[8.813s][info][gc             ] GC(10) Pause Young (Allocation Failure) 2052M->5M(8188M) 0.470ms
[8.813s][info][gc,cpu         ] GC(10) User=0.00s Sys=0.00s Real=0.00s
[9.988s][info][gc,start       ] GC(11) Pause Young (Allocation Failure)
[9.989s][info][gc,heap        ] GC(11) PSYoungGen: 2445072K(2792448K)->1360K(2446848K) Eden: 2443264K(2443264K)->0K(2443264K) From: 1808K(349184K)->1360K(3584K)
[9.989s][info][gc,heap        ] GC(11) ParOldGen: 3693K(5592576K)->3693K(5592576K)
[9.989s][info][gc,metaspace   ] GC(11) Metaspace: 8165K(8384K)->8165K(8384K) NonClass: 7207K(7360K)->7207K(7360K) Class: 958K(1024K)->958K(1024K)
[9.989s][info][gc             ] GC(11) Pause Young (Allocation Failure) 2391M->4M(7851M) 0.595ms
[9.989s][info][gc,cpu         ] GC(11) User=0.09s Sys=0.00s Real=0.00s
[10.243s][info][gc,start       ] GC(12) Pause Young (System.gc())
[10.243s][info][gc,heap        ] GC(12) PSYoungGen: 442543K(2446848K)->192K(2792448K) Eden: 441183K(2443264K)->0K(2788864K) From: 1360K(3584K)->192K(3584K)
[10.243s][info][gc,heap        ] GC(12) ParOldGen: 3693K(5592576K)->3693K(5592576K)
[10.243s][info][gc,metaspace   ] GC(12) Metaspace: 8166K(8384K)->8166K(8384K) NonClass: 7207K(7360K)->7207K(7360K) Class: 958K(1024K)->958K(1024K)
[10.243s][info][gc             ] GC(12) Pause Young (System.gc()) 435M->3M(8188M) 0.268ms
[10.243s][info][gc,cpu         ] GC(12) User=0.00s Sys=0.00s Real=0.00s
[10.243s][info][gc,start       ] GC(13) Pause Full (System.gc())
[10.243s][info][gc,phases,start] GC(13) Marking Phase
[10.249s][info][gc,phases      ] GC(13) Marking Phase 5.648ms
[10.249s][info][gc,phases,start] GC(13) Summary Phase
[10.249s][info][gc,phases      ] GC(13) Summary Phase 0.009ms
[10.249s][info][gc,phases,start] GC(13) Adjust Roots
[10.251s][info][gc,phases      ] GC(13) Adjust Roots 2.695ms
[10.251s][info][gc,phases,start] GC(13) Compaction Phase
[10.253s][info][gc,phases      ] GC(13) Compaction Phase 1.985ms
[10.253s][info][gc,phases,start] GC(13) Post Compact
[10.254s][info][gc,phases      ] GC(13) Post Compact 0.559ms
[10.254s][info][gc,heap        ] GC(13) PSYoungGen: 192K(2792448K)->0K(2792448K) Eden: 0K(2788864K)->0K(2788864K) From: 192K(3584K)->0K(3584K)
[10.254s][info][gc,heap        ] GC(13) ParOldGen: 3693K(5592576K)->3694K(5592576K)
[10.254s][info][gc,metaspace   ] GC(13) Metaspace: 8166K(8384K)->8166K(8384K) NonClass: 7207K(7360K)->7207K(7360K) Class: 958K(1024K)->958K(1024K)
[10.254s][info][gc             ] GC(13) Pause Full (System.gc()) 3M->3M(8188M) 11.117ms
[10.254s][info][gc,cpu         ] GC(13) User=0.00s Sys=0.00s Real=0.01s
[11.866s][info][gc,start       ] GC(14) Pause Young (Allocation Failure)
[11.866s][info][gc,heap        ] GC(14) PSYoungGen: 2788864K(2792448K)->1680K(2792448K) Eden: 2788864K(2788864K)->0K(2788864K) From: 0K(3584K)->1680K(3584K)
[11.866s][info][gc,heap        ] GC(14) ParOldGen: 3694K(5592576K)->3694K(5592576K)
[11.866s][info][gc,metaspace   ] GC(14) Metaspace: 8168K(8384K)->8168K(8384K) NonClass: 7209K(7360K)->7209K(7360K) Class: 958K(1024K)->958K(1024K)
[11.866s][info][gc             ] GC(14) Pause Young (Allocation Failure) 2727M->5M(8188M) 0.922ms
[11.867s][info][gc,cpu         ] GC(14) User=0.00s Sys=0.00s Real=0.00s
[13.034s][info][gc,start       ] GC(15) Pause Young (System.gc())
[13.035s][info][gc,heap        ] GC(15) PSYoungGen: 2176750K(2792448K)->128K(2792448K) Eden: 2175069K(2788864K)->0K(2788864K) From: 1680K(3584K)->128K(3584K)
[13.035s][info][gc,heap        ] GC(15) ParOldGen: 3694K(5592576K)->3694K(5592576K)
[13.035s][info][gc,metaspace   ] GC(15) Metaspace: 8168K(8384K)->8168K(8384K) NonClass: 7209K(7360K)->7209K(7360K) Class: 958K(1024K)->958K(1024K)
[13.035s][info][gc             ] GC(15) Pause Young (System.gc()) 2129M->3M(8188M) 0.348ms
[13.035s][info][gc,cpu         ] GC(15) User=0.00s Sys=0.00s Real=0.00s
[13.035s][info][gc,start       ] GC(16) Pause Full (System.gc())
[13.035s][info][gc,phases,start] GC(16) Marking Phase
[13.039s][info][gc,phases      ] GC(16) Marking Phase 4.629ms
[13.040s][info][gc,phases,start] GC(16) Summary Phase
[13.040s][info][gc,phases      ] GC(16) Summary Phase 0.010ms
[13.040s][info][gc,phases,start] GC(16) Adjust Roots
[13.041s][info][gc,phases      ] GC(16) Adjust Roots 1.875ms
[13.041s][info][gc,phases,start] GC(16) Compaction Phase
[13.043s][info][gc,phases      ] GC(16) Compaction Phase 1.465ms
[13.043s][info][gc,phases,start] GC(16) Post Compact
[13.043s][info][gc,phases      ] GC(16) Post Compact 0.405ms
[13.043s][info][gc,heap        ] GC(16) PSYoungGen: 128K(2792448K)->0K(2792448K) Eden: 0K(2788864K)->0K(2788864K) From: 128K(3584K)->0K(3584K)
[13.043s][info][gc,heap        ] GC(16) ParOldGen: 3694K(5592576K)->3694K(5592576K)
[13.043s][info][gc,metaspace   ] GC(16) Metaspace: 8168K(8384K)->8168K(8384K) NonClass: 7209K(7360K)->7209K(7360K) Class: 958K(1024K)->958K(1024K)
[13.043s][info][gc             ] GC(16) Pause Full (System.gc()) 3M->3M(8188M) 8.597ms
[13.043s][info][gc,cpu         ] GC(16) User=0.06s Sys=0.03s Real=0.02s
[14.336s][info][gc,start       ] GC(17) Pause Young (Allocation Failure)
[14.336s][info][gc,heap        ] GC(17) PSYoungGen: 2788864K(2792448K)->1344K(2792448K) Eden: 2788864K(2788864K)->0K(2788864K) From: 0K(3584K)->1344K(3584K)
[14.336s][info][gc,heap        ] GC(17) ParOldGen: 3694K(5592576K)->3694K(5592576K)
[14.336s][info][gc,metaspace   ] GC(17) Metaspace: 8168K(8384K)->8168K(8384K) NonClass: 7210K(7360K)->7210K(7360K) Class: 958K(1024K)->958K(1024K)
[14.336s][info][gc             ] GC(17) Pause Young (Allocation Failure) 2727M->4M(8188M) 0.445ms
[14.337s][info][gc,cpu         ] GC(17) User=0.00s Sys=0.00s Real=0.00s
[15.362s][info][gc,start       ] GC(18) Pause Young (System.gc())
[15.362s][info][gc,heap        ] GC(18) PSYoungGen: 2180317K(2792448K)->192K(2792960K) Eden: 2178973K(2788864K)->0K(2789888K) From: 1344K(3584K)->192K(3072K)
[15.362s][info][gc,heap        ] GC(18) ParOldGen: 3694K(5592576K)->3718K(5592576K)
[15.362s][info][gc,metaspace   ] GC(18) Metaspace: 8169K(8384K)->8169K(8384K) NonClass: 7211K(7360K)->7211K(7360K) Class: 958K(1024K)->958K(1024K)
[15.362s][info][gc             ] GC(18) Pause Young (System.gc()) 2132M->3M(8189M) 0.259ms
[15.362s][info][gc,cpu         ] GC(18) User=0.00s Sys=0.00s Real=0.00s
[15.362s][info][gc,start       ] GC(19) Pause Full (System.gc())
[15.362s][info][gc,phases,start] GC(19) Marking Phase
[15.366s][info][gc,phases      ] GC(19) Marking Phase 4.348ms
[15.366s][info][gc,phases,start] GC(19) Summary Phase
[15.366s][info][gc,phases      ] GC(19) Summary Phase 0.009ms
[15.366s][info][gc,phases,start] GC(19) Adjust Roots
[15.369s][info][gc,phases      ] GC(19) Adjust Roots 2.229ms
[15.369s][info][gc,phases,start] GC(19) Compaction Phase
[15.370s][info][gc,phases      ] GC(19) Compaction Phase 1.453ms
[15.370s][info][gc,phases,start] GC(19) Post Compact
[15.371s][info][gc,phases      ] GC(19) Post Compact 0.680ms
[15.371s][info][gc,heap        ] GC(19) PSYoungGen: 192K(2792960K)->0K(2792960K) Eden: 0K(2789888K)->0K(2789888K) From: 192K(3072K)->0K(3072K)
[15.371s][info][gc,heap        ] GC(19) ParOldGen: 3718K(5592576K)->3695K(5592576K)
[15.371s][info][gc,metaspace   ] GC(19) Metaspace: 8169K(8384K)->8169K(8384K) NonClass: 7211K(7360K)->7211K(7360K) Class: 958K(1024K)->958K(1024K)
[15.371s][info][gc             ] GC(19) Pause Full (System.gc()) 3M->3M(8189M) 8.910ms
[15.371s][info][gc,cpu         ] GC(19) User=0.02s Sys=0.00s Real=0.02s
[16.757s][info][gc,start       ] GC(20) Pause Young (Allocation Failure)
[16.758s][info][gc,heap        ] GC(20) PSYoungGen: 2789888K(2792960K)->1648K(2792960K) Eden: 2789888K(2789888K)->0K(2789888K) From: 0K(3072K)->1648K(3072K)
[16.758s][info][gc,heap        ] GC(20) ParOldGen: 3695K(5592576K)->3695K(5592576K)
[16.758s][info][gc,metaspace   ] GC(20) Metaspace: 8176K(8384K)->8176K(8384K) NonClass: 7217K(7360K)->7217K(7360K) Class: 958K(1024K)->958K(1024K)
[16.758s][info][gc             ] GC(20) Pause Young (Allocation Failure) 2728M->5M(8189M) 0.678ms
[16.758s][info][gc,cpu         ] GC(20) User=0.00s Sys=0.00s Real=0.00s
[17.844s][info][gc,start       ] GC(21) Pause Young (System.gc())
[17.844s][info][gc,heap        ] GC(21) PSYoungGen: 2154637K(2792960K)->128K(2792960K) Eden: 2152989K(2789888K)->0K(2789888K) From: 1648K(3072K)->128K(3072K)
[17.844s][info][gc,heap        ] GC(21) ParOldGen: 3695K(5592576K)->3735K(5592576K)
[17.844s][info][gc,metaspace   ] GC(21) Metaspace: 8176K(8384K)->8176K(8384K) NonClass: 7217K(7360K)->7217K(7360K) Class: 958K(1024K)->958K(1024K)
[17.845s][info][gc             ] GC(21) Pause Young (System.gc()) 2107M->3M(8189M) 0.391ms
[17.845s][info][gc,cpu         ] GC(21) User=0.00s Sys=0.00s Real=0.00s
[17.845s][info][gc,start       ] GC(22) Pause Full (System.gc())
[17.845s][info][gc,phases,start] GC(22) Marking Phase
[17.849s][info][gc,phases      ] GC(22) Marking Phase 4.407ms
[17.849s][info][gc,phases,start] GC(22) Summary Phase
[17.849s][info][gc,phases      ] GC(22) Summary Phase 0.008ms
[17.849s][info][gc,phases,start] GC(22) Adjust Roots
[17.851s][info][gc,phases      ] GC(22) Adjust Roots 1.869ms
[17.851s][info][gc,phases,start] GC(22) Compaction Phase
[17.852s][info][gc,phases      ] GC(22) Compaction Phase 1.269ms
[17.852s][info][gc,phases,start] GC(22) Post Compact
[17.853s][info][gc,phases      ] GC(22) Post Compact 0.615ms
[17.853s][info][gc,heap        ] GC(22) PSYoungGen: 128K(2792960K)->0K(2792960K) Eden: 0K(2789888K)->0K(2789888K) From: 128K(3072K)->0K(3072K)
[17.853s][info][gc,heap        ] GC(22) ParOldGen: 3735K(5592576K)->3695K(5592576K)
[17.853s][info][gc,metaspace   ] GC(22) Metaspace: 8176K(8384K)->8176K(8384K) NonClass: 7217K(7360K)->7217K(7360K) Class: 958K(1024K)->958K(1024K)
[17.853s][info][gc             ] GC(22) Pause Full (System.gc()) 3M->3M(8189M) 8.370ms
[17.853s][info][gc,cpu         ] GC(22) User=0.02s Sys=0.00s Real=0.01s
[19.159s][info][gc,start       ] GC(23) Pause Young (Allocation Failure)
[19.160s][info][gc,heap        ] GC(23) PSYoungGen: 2789888K(2792960K)->1648K(2792960K) Eden: 2789888K(2789888K)->0K(2789888K) From: 0K(3072K)->1648K(3072K)
[19.160s][info][gc,heap        ] GC(23) ParOldGen: 3695K(5592576K)->3695K(5592576K)
[19.160s][info][gc,metaspace   ] GC(23) Metaspace: 8179K(8384K)->8179K(8384K) NonClass: 7221K(7360K)->7221K(7360K) Class: 958K(1024K)->958K(1024K)
[19.160s][info][gc             ] GC(23) Pause Young (Allocation Failure) 2728M->5M(8189M) 0.449ms
[19.160s][info][gc,cpu         ] GC(23) User=0.00s Sys=0.00s Real=0.00s
[20.191s][info][gc,start       ] GC(24) Pause Young (System.gc())
[20.191s][info][gc,heap        ] GC(24) PSYoungGen: 2144012K(2792960K)->64K(2792960K) Eden: 2142364K(2789888K)->0K(2789888K) From: 1648K(3072K)->64K(3072K)
[20.191s][info][gc,heap        ] GC(24) ParOldGen: 3695K(5592576K)->3735K(5592576K)
[20.191s][info][gc,metaspace   ] GC(24) Metaspace: 8183K(8384K)->8183K(8384K) NonClass: 7224K(7360K)->7224K(7360K) Class: 958K(1024K)->958K(1024K)
[20.191s][info][gc             ] GC(24) Pause Young (System.gc()) 2097M->3M(8189M) 0.252ms
[20.191s][info][gc,cpu         ] GC(24) User=0.00s Sys=0.00s Real=0.00s
[20.191s][info][gc,start       ] GC(25) Pause Full (System.gc())
[20.191s][info][gc,phases,start] GC(25) Marking Phase
[20.196s][info][gc,phases      ] GC(25) Marking Phase 4.423ms
[20.196s][info][gc,phases,start] GC(25) Summary Phase
[20.196s][info][gc,phases      ] GC(25) Summary Phase 0.008ms
[20.196s][info][gc,phases,start] GC(25) Adjust Roots
[20.197s][info][gc,phases      ] GC(25) Adjust Roots 1.772ms
[20.198s][info][gc,phases,start] GC(25) Compaction Phase
[20.199s][info][gc,phases      ] GC(25) Compaction Phase 1.485ms
[20.199s][info][gc,phases,start] GC(25) Post Compact
[20.200s][info][gc,phases      ] GC(25) Post Compact 0.512ms
[20.200s][info][gc,heap        ] GC(25) PSYoungGen: 64K(2792960K)->0K(2792960K) Eden: 0K(2789888K)->0K(2789888K) From: 64K(3072K)->0K(3072K)
[20.200s][info][gc,heap        ] GC(25) ParOldGen: 3735K(5592576K)->3696K(5592576K)
[20.200s][info][gc,metaspace   ] GC(25) Metaspace: 8183K(8384K)->8183K(8384K) NonClass: 7224K(7360K)->7224K(7360K) Class: 958K(1024K)->958K(1024K)
[20.200s][info][gc             ] GC(25) Pause Full (System.gc()) 3M->3M(8189M) 8.380ms
[20.200s][info][gc,cpu         ] GC(25) User=0.05s Sys=0.05s Real=0.01s
[21.510s][info][gc,start       ] GC(26) Pause Young (Allocation Failure)
[21.510s][info][gc,heap        ] GC(26) PSYoungGen: 2789888K(2792960K)->1552K(2792960K) Eden: 2789888K(2789888K)->0K(2789888K) From: 0K(3072K)->1552K(3072K)
[21.510s][info][gc,heap        ] GC(26) ParOldGen: 3696K(5592576K)->3696K(5592576K)
[21.510s][info][gc,metaspace   ] GC(26) Metaspace: 8183K(8384K)->8183K(8384K) NonClass: 7224K(7360K)->7224K(7360K) Class: 958K(1024K)->958K(1024K)
[21.510s][info][gc             ] GC(26) Pause Young (Allocation Failure) 2728M->5M(8189M) 0.450ms
[21.510s][info][gc,cpu         ] GC(26) User=0.00s Sys=0.00s Real=0.00s
[22.527s][info][gc,start       ] GC(27) Pause Young (System.gc())
[22.527s][info][gc,heap        ] GC(27) PSYoungGen: 2178218K(2792960K)->64K(2792960K) Eden: 2176665K(2789888K)->0K(2789888K) From: 1552K(3072K)->64K(3072K)
[22.527s][info][gc,heap        ] GC(27) ParOldGen: 3696K(5592576K)->3728K(5592576K)
[22.527s][info][gc,metaspace   ] GC(27) Metaspace: 8185K(8384K)->8185K(8384K) NonClass: 7227K(7360K)->7227K(7360K) Class: 958K(1024K)->958K(1024K)
[22.527s][info][gc             ] GC(27) Pause Young (System.gc()) 2130M->3M(8189M) 0.362ms
[22.527s][info][gc,cpu         ] GC(27) User=0.00s Sys=0.00s Real=0.00s
[22.527s][info][gc,start       ] GC(28) Pause Full (System.gc())
[22.527s][info][gc,phases,start] GC(28) Marking Phase
[22.532s][info][gc,phases      ] GC(28) Marking Phase 4.404ms
[22.532s][info][gc,phases,start] GC(28) Summary Phase
[22.532s][info][gc,phases      ] GC(28) Summary Phase 0.009ms
[22.532s][info][gc,phases,start] GC(28) Adjust Roots
[22.534s][info][gc,phases      ] GC(28) Adjust Roots 1.853ms
[22.534s][info][gc,phases,start] GC(28) Compaction Phase
[22.535s][info][gc,phases      ] GC(28) Compaction Phase 1.215ms
[22.535s][info][gc,phases,start] GC(28) Post Compact
[22.536s][info][gc,phases      ] GC(28) Post Compact 0.399ms
[22.536s][info][gc,heap        ] GC(28) PSYoungGen: 64K(2792960K)->0K(2792960K) Eden: 0K(2789888K)->0K(2789888K) From: 64K(3072K)->0K(3072K)
[22.536s][info][gc,heap        ] GC(28) ParOldGen: 3728K(5592576K)->3696K(5592576K)
[22.536s][info][gc,metaspace   ] GC(28) Metaspace: 8185K(8384K)->8185K(8384K) NonClass: 7227K(7360K)->7227K(7360K) Class: 958K(1024K)->958K(1024K)
[22.536s][info][gc             ] GC(28) Pause Full (System.gc()) 3M->3M(8189M) 8.063ms
[22.536s][info][gc,cpu         ] GC(28) User=0.00s Sys=0.00s Real=0.02s
[23.838s][info][gc,start       ] GC(29) Pause Young (Allocation Failure)
[23.839s][info][gc,heap        ] GC(29) PSYoungGen: 2789888K(2792960K)->1392K(2792960K) Eden: 2789888K(2789888K)->0K(2789888K) From: 0K(3072K)->1392K(3072K)
[23.839s][info][gc,heap        ] GC(29) ParOldGen: 3696K(5592576K)->3696K(5592576K)
[23.839s][info][gc,metaspace   ] GC(29) Metaspace: 8189K(8384K)->8189K(8384K) NonClass: 7231K(7360K)->7231K(7360K) Class: 958K(1024K)->958K(1024K)
[23.839s][info][gc             ] GC(29) Pause Young (Allocation Failure) 2728M->4M(8189M) 0.438ms
[23.839s][info][gc,cpu         ] GC(29) User=0.00s Sys=0.00s Real=0.00s
[24.877s][info][gc,start       ] GC(30) Pause Young (System.gc())
[24.878s][info][gc,heap        ] GC(30) PSYoungGen: 2189445K(2792960K)->64K(2792960K) Eden: 2188053K(2789888K)->0K(2789888K) From: 1392K(3072K)->64K(3072K)
[24.878s][info][gc,heap        ] GC(30) ParOldGen: 3696K(5592576K)->3736K(5592576K)
[24.878s][info][gc,metaspace   ] GC(30) Metaspace: 8192K(8384K)->8192K(8384K) NonClass: 7234K(7360K)->7234K(7360K) Class: 958K(1024K)->958K(1024K)
[24.878s][info][gc             ] GC(30) Pause Young (System.gc()) 2141M->3M(8189M) 0.289ms
[24.878s][info][gc,cpu         ] GC(30) User=0.00s Sys=0.00s Real=0.00s
[24.878s][info][gc,start       ] GC(31) Pause Full (System.gc())
[24.878s][info][gc,phases,start] GC(31) Marking Phase
[24.882s][info][gc,phases      ] GC(31) Marking Phase 4.760ms
[24.882s][info][gc,phases,start] GC(31) Summary Phase
[24.882s][info][gc,phases      ] GC(31) Summary Phase 0.009ms
[24.882s][info][gc,phases,start] GC(31) Adjust Roots
[24.885s][info][gc,phases      ] GC(31) Adjust Roots 2.392ms
[24.885s][info][gc,phases,start] GC(31) Compaction Phase
[24.886s][info][gc,phases      ] GC(31) Compaction Phase 1.465ms
[24.886s][info][gc,phases,start] GC(31) Post Compact
[24.887s][info][gc,phases      ] GC(31) Post Compact 0.400ms
[24.887s][info][gc,heap        ] GC(31) PSYoungGen: 64K(2792960K)->0K(2792960K) Eden: 0K(2789888K)->0K(2789888K) From: 64K(3072K)->0K(3072K)
[24.887s][info][gc,heap        ] GC(31) ParOldGen: 3736K(5592576K)->3696K(5592576K)
[24.887s][info][gc,metaspace   ] GC(31) Metaspace: 8192K(8384K)->8192K(8384K) NonClass: 7234K(7360K)->7234K(7360K) Class: 958K(1024K)->958K(1024K)
[24.887s][info][gc             ] GC(31) Pause Full (System.gc()) 3M->3M(8189M) 9.167ms
[24.887s][info][gc,cpu         ] GC(31) User=0.02s Sys=0.06s Real=0.00s
[26.212s][info][gc,start       ] GC(32) Pause Young (Allocation Failure)
[26.212s][info][gc,heap        ] GC(32) PSYoungGen: 2789888K(2792960K)->1552K(2792960K) Eden: 2789888K(2789888K)->0K(2789888K) From: 0K(3072K)->1552K(3072K)
[26.212s][info][gc,heap        ] GC(32) ParOldGen: 3696K(5592576K)->3696K(5592576K)
[26.212s][info][gc,metaspace   ] GC(32) Metaspace: 8199K(8384K)->8199K(8384K) NonClass: 7240K(7360K)->7240K(7360K) Class: 958K(1024K)->958K(1024K)
[26.212s][info][gc             ] GC(32) Pause Young (Allocation Failure) 2728M->5M(8189M) 0.422ms
[26.212s][info][gc,cpu         ] GC(32) User=0.00s Sys=0.00s Real=0.00s
[27.250s][info][gc,heap,exit   ] Heap
[27.250s][info][gc,heap,exit   ]  PSYoungGen      total 2792960K, used 2183844K [0x0000000755580000, 0x0000000800000000, 0x0000000800000000)
[27.251s][info][gc,heap,exit   ]   eden space 2789888K, 78% used [0x0000000755580000,0x00000007da8a4e88,0x00000007ffa00000)
[27.251s][info][gc,heap,exit   ]   from space 3072K, 50% used [0x00000007ffa00000,0x00000007ffb84230,0x00000007ffd00000)
[27.251s][info][gc,heap,exit   ]   to   space 3072K, 0% used [0x00000007ffd00000,0x00000007ffd00000,0x0000000800000000)
[27.251s][info][gc,heap,exit   ]  ParOldGen       total 5592576K, used 3696K [0x0000000600000000, 0x0000000755580000, 0x0000000755580000)
[27.251s][info][gc,heap,exit   ]   object space 5592576K, 0% used [0x0000000600000000,0x000000060039c310,0x0000000755580000)
[27.251s][info][gc,heap,exit   ]  Metaspace       used 8275K, committed 8448K, reserved 1114112K
[27.251s][info][gc,heap,exit   ]   class space    used 966K, committed 1024K, reserved 1048576K
