[0.004s][info][gc] Min heap equals to max heap, disabling ShenandoahUncommit
[0.007s][info][gc] Heuristics ergonomically sets -XX:+ExplicitGCInvokesConcurrent
[0.007s][info][gc] Heuristics ergonomically sets -XX:+ShenandoahImplicitGCInvokesConcurrent
[0.007s][info][gc] Using Shenandoah
[0.029s][info][gc,ergo] Pacer for Idle. Initial: 163M, Alloc Tax Rate: 1.0x
[0.030s][info][gc,init] Version: 17.0.12+7-adhoc..jdk17u (release)
[0.030s][info][gc,init] CPUs: 6 total, 6 available
[0.030s][info][gc,init] Memory: 15591M
[0.030s][info][gc,init] Large Page Support: Disabled
[0.030s][info][gc,init] NUMA Support: Disabled
[0.032s][info][gc,init] Compressed Oops: Enabled (Zero based)
[0.032s][info][gc,init] Heap Min Capacity: 8G
[0.032s][info][gc,init] Heap Initial Capacity: 8G
[0.032s][info][gc,init] Heap Max Capacity: 8G
[0.032s][info][gc,init] Pre-touch: Disabled
[0.032s][info][gc,init] Mode: Snapshot-At-The-Beginning (SATB)
[0.032s][info][gc,init] Heuristics: Adaptive
[0.032s][info][gc,init] Heap Region Count: 2048
[0.032s][info][gc,init] Heap Region Size: 4M
[0.032s][info][gc,init] TLAB Size Max: 4M
[0.032s][info][gc,init] Humongous Object Threshold: 4M
[0.032s][info][gc,init] Parallel Workers: 3
[0.032s][info][gc,init] Concurrent Workers: 1
[0.040s][info][gc,metaspace] CDS archive(s) mapped at: [0x0000027c4c000000-0x0000027c4cbc0000-0x0000027c4cbc0000), size 12320768, SharedBaseAddress: 0x0000027c4c000000, ArchiveRelocationMode: 1.
[0.040s][info][gc,metaspace] Compressed class space mapped at: 0x0000027c4d000000-0x0000027c8d000000, reserved size: 1073741824
[0.040s][info][gc,metaspace] Narrow klass base: 0x0000027c4c000000, Narrow klass shift: 0, Narrow klass range: 0x100000000
[1.085s][info][gc          ] Trigger: Explicit GC request (System.gc())
[1.085s][info][gc,ergo     ] Free: 7708M, Max: 4096K regular, 7708M humongous, Frag: 0% external, 0% internal; Reserve: 412M, Max: 4096K
[1.085s][info][gc,start    ] GC(0) Concurrent reset
[1.085s][info][gc,task     ] GC(0) Using 1 of 3 workers for concurrent reset
[1.085s][info][gc,ergo     ] GC(0) Pacer for Reset. Non-Taxable: 8192M
[1.085s][info][gc          ] GC(0) Concurrent reset 0.335ms
[1.086s][info][gc,start    ] GC(0) Pause Init Mark (unload classes)
[1.086s][info][gc,task     ] GC(0) Using 3 of 3 workers for init marking
[1.086s][info][gc,ref      ] GC(0) Clearing All SoftReferences
[1.086s][info][gc,ergo     ] GC(0) Pacer for Mark. Expected Live: 819M, Free: 7708M, Non-Taxable: 770M, Alloc Tax Rate: 0.1x
[1.086s][info][gc          ] GC(0) Pause Init Mark (unload classes) 0.436ms
[1.086s][info][gc,start    ] GC(0) Concurrent marking roots
[1.086s][info][gc,task     ] GC(0) Using 1 of 3 workers for concurrent marking roots
[1.087s][info][gc          ] GC(0) Concurrent marking roots 0.785ms
[1.087s][info][gc,start    ] GC(0) Concurrent marking (unload classes)
[1.087s][info][gc,task     ] GC(0) Using 1 of 3 workers for concurrent marking
[1.109s][info][gc          ] GC(0) Concurrent marking (unload classes) 22.226ms
[1.109s][info][gc,start    ] GC(0) Pause Final Mark (unload classes)
[1.109s][info][gc,task     ] GC(0) Using 3 of 3 workers for final marking
[1.110s][info][gc,ergo     ] GC(0) Adaptive CSet Selection. Target Free: 1160M, Actual Free: 8120M, Max CSet: 341M, Min Garbage: 0B
[1.110s][info][gc,ergo     ] GC(0) Collectable Garbage: 48448K (100%), Immediate: 0B (0%), CSet: 48448K (100%)
[1.110s][info][gc,ergo     ] GC(0) Pacer for Evacuation. Used CSet: 73728K, Free: 7708M, Non-Taxable: 770M, Alloc Tax Rate: 1.1x
[1.110s][info][gc          ] GC(0) Pause Final Mark (unload classes) 0.444ms
[1.110s][info][gc,start    ] GC(0) Concurrent thread roots
[1.110s][info][gc,task     ] GC(0) Using 1 of 3 workers for Concurrent thread roots
[1.110s][info][gc          ] GC(0) Concurrent thread roots 0.383ms
[1.110s][info][gc,start    ] GC(0) Concurrent weak references
[1.110s][info][gc,task     ] GC(0) Using 1 of 3 workers for concurrent weak references
[1.110s][info][gc,ref      ] GC(0) Encountered references: Soft: 248, Weak: 783, Final: 0, Phantom: 231
[1.110s][info][gc,ref      ] GC(0) Discovered  references: Soft: 202, Weak: 340, Final: 0, Phantom: 229
[1.110s][info][gc,ref      ] GC(0) Enqueued    references: Soft: 132, Weak: 182, Final: 0, Phantom: 198
[1.110s][info][gc          ] GC(0) Concurrent weak references 0.260ms
[1.110s][info][gc,start    ] GC(0) Concurrent weak roots
[1.110s][info][gc,task     ] GC(0) Using 1 of 3 workers for concurrent weak root
[1.111s][info][gc          ] GC(0) Concurrent weak roots 0.667ms
[1.111s][info][gc,start    ] GC(0) Concurrent cleanup
[1.111s][info][gc          ] GC(0) Concurrent cleanup 72M->72M(8192M) 0.026ms
[1.111s][info][gc,ergo     ] GC(0) Free: 7708M, Max: 4096K regular, 7708M humongous, Frag: 0% external, 0% internal; Reserve: 411M, Max: 4096K
[1.111s][info][gc,start    ] GC(0) Concurrent class unloading
[1.111s][info][gc,task     ] GC(0) Using 1 of 3 workers for concurrent class unloading
[1.114s][info][gc          ] GC(0) Concurrent class unloading 2.898ms
[1.114s][info][gc,start    ] GC(0) Concurrent strong roots
[1.114s][info][gc,task     ] GC(0) Using 1 of 3 workers for concurrent strong root
[1.115s][info][gc          ] GC(0) Concurrent strong roots 0.436ms
[1.115s][info][gc,start    ] GC(0) Concurrent evacuation
[1.115s][info][gc,task     ] GC(0) Using 1 of 3 workers for concurrent evacuation
[1.131s][info][gc          ] GC(0) Concurrent evacuation 16.860ms
[1.132s][info][gc,start    ] GC(0) Pause Init Update Refs
[1.132s][info][gc,ergo     ] GC(0) Pacer for Update Refs. Used: 100M, Free: 7708M, Non-Taxable: 770M, Alloc Tax Rate: 1.1x
[1.132s][info][gc          ] GC(0) Pause Init Update Refs 0.105ms
[1.132s][info][gc,start    ] GC(0) Concurrent update references
[1.132s][info][gc,task     ] GC(0) Using 1 of 3 workers for concurrent reference update
[1.142s][info][gc          ] GC(0) Concurrent update references 10.443ms
[1.142s][info][gc,start    ] GC(0) Concurrent update thread roots
[1.143s][info][gc          ] GC(0) Concurrent update thread roots 0.564ms
[1.143s][info][gc,start    ] GC(0) Pause Final Update Refs
[1.143s][info][gc,task     ] GC(0) Using 3 of 3 workers for final reference update
[1.143s][info][gc          ] GC(0) Pause Final Update Refs 0.107ms
[1.143s][info][gc,start    ] GC(0) Concurrent cleanup
[1.143s][info][gc          ] GC(0) Concurrent cleanup 100M->28M(8192M) 0.028ms
[1.143s][info][gc,ergo     ] Free: 7752M, Max: 4096K regular, 7752M humongous, Frag: 0% external, 0% internal; Reserve: 412M, Max: 4096K
[1.143s][info][gc,stats    ] 
[1.143s][info][gc,stats    ] All times are wall-clock times, except per-root-class counters, that are sum over
[1.143s][info][gc,stats    ] all workers. Dividing the <total> over the root stage time estimates parallelism.
[1.143s][info][gc,stats    ] 
[1.143s][info][gc,stats    ] Concurrent Reset                    445 us
[1.143s][info][gc,stats    ] Pause Init Mark (G)                 626 us
[1.143s][info][gc,stats    ] Pause Init Mark (N)                 454 us
[1.143s][info][gc,stats    ]   Update Region States               79 us
[1.143s][info][gc,stats    ] Concurrent Mark Roots               803 us, parallelism: 0.81x
[1.143s][info][gc,stats    ]   CMR: <total>                      650 us
[1.143s][info][gc,stats    ]   CMR: Thread Roots                 425 us, workers (us): 425, ---, ---, 
[1.143s][info][gc,stats    ]   CMR: VM Strong Roots               45 us, workers (us):  45, ---, ---, 
[1.143s][info][gc,stats    ]   CMR: CLDG Roots                   180 us, workers (us): 180, ---, ---, 
[1.143s][info][gc,stats    ] Concurrent Marking                22297 us
[1.143s][info][gc,stats    ] Pause Final Mark (G)                571 us
[1.143s][info][gc,stats    ] Pause Final Mark (N)                466 us
[1.143s][info][gc,stats    ]   Finish Mark                       129 us
[1.143s][info][gc,stats    ]   Update Region States               76 us
[1.143s][info][gc,stats    ]   Choose Collection Set             103 us
[1.143s][info][gc,stats    ]   Rebuild Free Set                   21 us
[1.143s][info][gc,stats    ] Concurrent Thread Roots             401 us, parallelism: 0.79x
[1.143s][info][gc,stats    ]   CTR: <total>                      315 us
[1.143s][info][gc,stats    ]   CTR: Thread Roots                 315 us, workers (us): 315, ---, ---, 
[1.143s][info][gc,stats    ] Concurrent Weak References          268 us, parallelism: 0.40x
[1.143s][info][gc,stats    ]   CWRF: <total>                     106 us
[1.143s][info][gc,stats    ]   CWRF: Weak References             106 us, workers (us): 106, ---, ---, 
[1.143s][info][gc,stats    ] Concurrent Weak Roots               702 us
[1.143s][info][gc,stats    ]   Roots                             617 us, parallelism: 0.90x
[1.143s][info][gc,stats    ]     CWR: <total>                    556 us
[1.143s][info][gc,stats    ]     CWR: Code Cache Roots           243 us, workers (us): 243, ---, ---, 
[1.143s][info][gc,stats    ]     CWR: VM Weak Roots              306 us, workers (us): 306, ---, ---, 
[1.143s][info][gc,stats    ]     CWR: CLDG Roots                   6 us, workers (us):   6, ---, ---, 
[1.143s][info][gc,stats    ]   Rendezvous                         34 us
[1.143s][info][gc,stats    ] Concurrent Cleanup                   35 us
[1.143s][info][gc,stats    ] Concurrent Class Unloading         2960 us
[1.143s][info][gc,stats    ]   Unlink Stale                     2624 us
[1.143s][info][gc,stats    ]     System Dictionary                58 us
[1.143s][info][gc,stats    ]     Weak Class Links               1179 us
[1.143s][info][gc,stats    ]     Code Roots                     1386 us
[1.143s][info][gc,stats    ]   Rendezvous                        128 us
[1.143s][info][gc,stats    ]   Purge Unlinked                    126 us
[1.143s][info][gc,stats    ]     Code Roots                      101 us
[1.143s][info][gc,stats    ]     CLDG                             24 us
[1.143s][info][gc,stats    ]     Exception Caches                  0 us
[1.143s][info][gc,stats    ] Concurrent Strong Roots             479 us, parallelism: 0.69x
[1.143s][info][gc,stats    ]   CSR: <total>                      329 us
[1.143s][info][gc,stats    ]   CSR: VM Strong Roots               16 us, workers (us):  16, ---, ---, 
[1.143s][info][gc,stats    ]   CSR: CLDG Roots                   313 us, workers (us): 313, ---, ---, 
[1.143s][info][gc,stats    ] Concurrent Evacuation             16930 us
[1.144s][info][gc,stats    ] Pause Init Update Refs (G)          281 us
[1.144s][info][gc,stats    ] Pause Init Update Refs (N)          127 us
[1.144s][info][gc,stats    ]   Manage GCLABs                       5 us
[1.144s][info][gc,stats    ] Concurrent Update Refs            10510 us
[1.144s][info][gc,stats    ] Concurrent Update Thread Roots      581 us
[1.144s][info][gc,stats    ] Pause Final Update Refs (G)         176 us
[1.144s][info][gc,stats    ] Pause Final Update Refs (N)         124 us
[1.144s][info][gc,stats    ]   Update Region States               57 us
[1.144s][info][gc,stats    ]   Trash Collection Set                2 us
[1.144s][info][gc,stats    ]   Rebuild Free Set                   18 us
[1.144s][info][gc,stats    ] Concurrent Cleanup                   38 us
[1.144s][info][gc,stats    ] 
[1.144s][info][gc,stats    ] Allocation pacing accrued:
[1.144s][info][gc,stats    ]       0 of  1114 ms (  0.0%): <total>
[1.144s][info][gc,stats    ]       0 of  1114 ms (  0.0%): <average total>
[1.144s][info][gc,stats    ] 
[1.144s][info][gc,metaspace] Metaspace: 11669K(11904K)->11668K(11904K) NonClass: 10082K(10240K)->10081K(10240K) Class: 1586K(1664K)->1586K(1664K)
[1.144s][info][gc,ergo     ] Pacer for Idle. Initial: 163M, Alloc Tax Rate: 1.0x
[1.478s][info][gc          ] Trigger: Explicit GC request (System.gc())
[1.478s][info][gc,ergo     ] Free: 7672M, Max: 4096K regular, 7672M humongous, Frag: 0% external, 0% internal; Reserve: 412M, Max: 4096K
[1.478s][info][gc,start    ] GC(1) Concurrent reset
[1.478s][info][gc,task     ] GC(1) Using 1 of 3 workers for concurrent reset
[1.478s][info][gc,ergo     ] GC(1) Pacer for Reset. Non-Taxable: 8192M
[1.479s][info][gc          ] GC(1) Concurrent reset 0.692ms
[1.479s][info][gc,start    ] GC(1) Pause Init Mark (unload classes)
[1.479s][info][gc,task     ] GC(1) Using 3 of 3 workers for init marking
[1.479s][info][gc,ref      ] GC(1) Clearing All SoftReferences
[1.479s][info][gc,ergo     ] GC(1) Pacer for Mark. Expected Live: 25279K, Free: 7672M, Non-Taxable: 767M, Alloc Tax Rate: 0.0x
[1.479s][info][gc          ] GC(1) Pause Init Mark (unload classes) 0.173ms
[1.479s][info][gc,start    ] GC(1) Concurrent marking roots
[1.479s][info][gc,task     ] GC(1) Using 1 of 3 workers for concurrent marking roots
[1.480s][info][gc          ] GC(1) Concurrent marking roots 0.601ms
[1.480s][info][gc,start    ] GC(1) Concurrent marking (unload classes)
[1.480s][info][gc,task     ] GC(1) Using 1 of 3 workers for concurrent marking
[1.500s][info][gc          ] GC(1) Concurrent marking (unload classes) 20.308ms
[1.500s][info][gc,start    ] GC(1) Pause Final Mark (unload classes)
[1.500s][info][gc,task     ] GC(1) Using 3 of 3 workers for final marking
[1.500s][info][gc,ergo     ] GC(1) Adaptive CSet Selection. Target Free: 1160M, Actual Free: 8144M, Max CSet: 341M, Min Garbage: 0B
[1.500s][info][gc,ergo     ] GC(1) Collectable Garbage: 84632K (99%), Immediate: 61440K (72%), CSet: 23192K (27%)
[1.500s][info][gc,ergo     ] GC(1) Pacer for Evacuation. Used CSet: 24538K, Free: 7732M, Non-Taxable: 773M, Alloc Tax Rate: 1.1x
[1.500s][info][gc          ] GC(1) Pause Final Mark (unload classes) 0.431ms
[1.500s][info][gc,start    ] GC(1) Concurrent thread roots
[1.500s][info][gc,task     ] GC(1) Using 1 of 3 workers for Concurrent thread roots
[1.501s][info][gc          ] GC(1) Concurrent thread roots 0.363ms
[1.501s][info][gc,start    ] GC(1) Concurrent weak references
[1.501s][info][gc,task     ] GC(1) Using 1 of 3 workers for concurrent weak references
[1.501s][info][gc,ref      ] GC(1) Encountered references: Soft: 166, Weak: 764, Final: 0, Phantom: 47
[1.501s][info][gc,ref      ] GC(1) Discovered  references: Soft: 108, Weak: 202, Final: 0, Phantom: 45
[1.501s][info][gc,ref      ] GC(1) Enqueued    references: Soft: 15, Weak: 44, Final: 0, Phantom: 14
[1.501s][info][gc          ] GC(1) Concurrent weak references 0.160ms
[1.501s][info][gc,start    ] GC(1) Concurrent weak roots
[1.501s][info][gc,task     ] GC(1) Using 1 of 3 workers for concurrent weak root
[1.502s][info][gc          ] GC(1) Concurrent weak roots 0.575ms
[1.502s][info][gc,start    ] GC(1) Concurrent cleanup
[1.502s][info][gc          ] GC(1) Concurrent cleanup 107M->47M(8192M) 0.021ms
[1.502s][info][gc,ergo     ] GC(1) Free: 7732M, Max: 4096K regular, 7672M humongous, Frag: 1% external, 0% internal; Reserve: 411M, Max: 4096K
[1.502s][info][gc,start    ] GC(1) Concurrent class unloading
[1.502s][info][gc,task     ] GC(1) Using 1 of 3 workers for concurrent class unloading
[1.505s][info][gc          ] GC(1) Concurrent class unloading 3.542ms
[1.505s][info][gc,start    ] GC(1) Concurrent strong roots
[1.505s][info][gc,task     ] GC(1) Using 1 of 3 workers for concurrent strong root
[1.505s][info][gc          ] GC(1) Concurrent strong roots 0.137ms
[1.505s][info][gc,start    ] GC(1) Concurrent evacuation
[1.505s][info][gc,task     ] GC(1) Using 1 of 3 workers for concurrent evacuation
[1.507s][info][gc          ] GC(1) Concurrent evacuation 1.127ms
[1.507s][info][gc,start    ] GC(1) Pause Init Update Refs
[1.507s][info][gc,ergo     ] GC(1) Pacer for Update Refs. Used: 51214K, Free: 7732M, Non-Taxable: 773M, Alloc Tax Rate: 1.1x
[1.507s][info][gc          ] GC(1) Pause Init Update Refs 0.081ms
[1.507s][info][gc,start    ] GC(1) Concurrent update references
[1.507s][info][gc,task     ] GC(1) Using 1 of 3 workers for concurrent reference update
[1.517s][info][gc          ] GC(1) Concurrent update references 9.887ms
[1.517s][info][gc,start    ] GC(1) Concurrent update thread roots
[1.518s][info][gc          ] GC(1) Concurrent update thread roots 0.824ms
[1.518s][info][gc,start    ] GC(1) Pause Final Update Refs
[1.518s][info][gc,task     ] GC(1) Using 3 of 3 workers for final reference update
[1.518s][info][gc          ] GC(1) Pause Final Update Refs 0.293ms
[1.518s][info][gc,start    ] GC(1) Concurrent cleanup
[1.518s][info][gc          ] GC(1) Concurrent cleanup 50M->26M(8192M) 0.031ms
[1.518s][info][gc,ergo     ] Free: 7753M, Max: 4096K regular, 7752M humongous, Frag: 0% external, 0% internal; Reserve: 412M, Max: 4096K
[1.518s][info][gc,stats    ] 
[1.518s][info][gc,stats    ] All times are wall-clock times, except per-root-class counters, that are sum over
[1.518s][info][gc,stats    ] all workers. Dividing the <total> over the root stage time estimates parallelism.
[1.518s][info][gc,stats    ] 
[1.518s][info][gc,stats    ] Concurrent Reset                    789 us
[1.518s][info][gc,stats    ] Pause Init Mark (G)                 315 us
[1.518s][info][gc,stats    ] Pause Init Mark (N)                 189 us
[1.518s][info][gc,stats    ]   Update Region States               74 us
[1.518s][info][gc,stats    ] Concurrent Mark Roots               622 us, parallelism: 0.80x
[1.518s][info][gc,stats    ]   CMR: <total>                      495 us
[1.518s][info][gc,stats    ]   CMR: Thread Roots                 411 us, workers (us): 411, ---, ---, 
[1.518s][info][gc,stats    ]   CMR: VM Strong Roots               19 us, workers (us):  19, ---, ---, 
[1.518s][info][gc,stats    ]   CMR: CLDG Roots                    64 us, workers (us):  64, ---, ---, 
[1.518s][info][gc,stats    ] Concurrent Marking                20373 us
[1.518s][info][gc,stats    ] Pause Final Mark (G)                555 us
[1.518s][info][gc,stats    ] Pause Final Mark (N)                452 us
[1.518s][info][gc,stats    ]   Finish Mark                       133 us
[1.518s][info][gc,stats    ]   Update Region States               74 us
[1.518s][info][gc,stats    ]   Choose Collection Set              96 us
[1.518s][info][gc,stats    ]   Rebuild Free Set                   22 us
[1.518s][info][gc,stats    ] Concurrent Thread Roots             382 us, parallelism: 0.75x
[1.518s][info][gc,stats    ]   CTR: <total>                      285 us
[1.518s][info][gc,stats    ]   CTR: Thread Roots                 285 us, workers (us): 285, ---, ---, 
[1.518s][info][gc,stats    ] Concurrent Weak References          167 us, parallelism: 0.22x
[1.518s][info][gc,stats    ]   CWRF: <total>                      38 us
[1.518s][info][gc,stats    ]   CWRF: Weak References              38 us, workers (us):  38, ---, ---, 
[1.518s][info][gc,stats    ] Concurrent Weak Roots               594 us
[1.518s][info][gc,stats    ]   Roots                             514 us, parallelism: 0.86x
[1.518s][info][gc,stats    ]     CWR: <total>                    443 us
[1.518s][info][gc,stats    ]     CWR: Code Cache Roots           299 us, workers (us): 299, ---, ---, 
[1.518s][info][gc,stats    ]     CWR: VM Weak Roots              137 us, workers (us): 137, ---, ---, 
[1.518s][info][gc,stats    ]     CWR: CLDG Roots                   7 us, workers (us):   7, ---, ---, 
[1.518s][info][gc,stats    ]   Rendezvous                         46 us
[1.518s][info][gc,stats    ] Concurrent Cleanup                   29 us
[1.518s][info][gc,stats    ] Concurrent Class Unloading         3591 us
[1.518s][info][gc,stats    ]   Unlink Stale                     3300 us
[1.518s][info][gc,stats    ]     System Dictionary                55 us
[1.518s][info][gc,stats    ]     Weak Class Links               1210 us
[1.518s][info][gc,stats    ]     Code Roots                     2034 us
[1.518s][info][gc,stats    ]   Rendezvous                        106 us
[1.518s][info][gc,stats    ]   Purge Unlinked                    120 us
[1.518s][info][gc,stats    ]     Code Roots                      101 us
[1.518s][info][gc,stats    ]     CLDG                             19 us
[1.518s][info][gc,stats    ]     Exception Caches                  0 us
[1.518s][info][gc,stats    ] Concurrent Strong Roots             174 us, parallelism: 0.28x
[1.518s][info][gc,stats    ]   CSR: <total>                       48 us
[1.518s][info][gc,stats    ]   CSR: VM Strong Roots                3 us, workers (us):   3, ---, ---, 
[1.518s][info][gc,stats    ]   CSR: CLDG Roots                    45 us, workers (us):  45, ---, ---, 
[1.518s][info][gc,stats    ] Concurrent Evacuation              1196 us
[1.518s][info][gc,stats    ] Pause Init Update Refs (G)          224 us
[1.519s][info][gc,stats    ] Pause Init Update Refs (N)          102 us
[1.519s][info][gc,stats    ]   Manage GCLABs                       4 us
[1.519s][info][gc,stats    ] Concurrent Update Refs             9953 us
[1.519s][info][gc,stats    ] Concurrent Update Thread Roots      842 us
[1.519s][info][gc,stats    ] Pause Final Update Refs (G)         388 us
[1.519s][info][gc,stats    ] Pause Final Update Refs (N)         321 us
[1.519s][info][gc,stats    ]   Update Region States               85 us
[1.519s][info][gc,stats    ]   Trash Collection Set                5 us
[1.519s][info][gc,stats    ]   Rebuild Free Set                   30 us
[1.519s][info][gc,stats    ] Concurrent Cleanup                   40 us
[1.519s][info][gc,stats    ] 
[1.519s][info][gc,stats    ] Allocation pacing accrued:
[1.519s][info][gc,stats    ]       0 of   375 ms (  0.0%): <total>
[1.519s][info][gc,stats    ]       0 of   375 ms (  0.0%): <average total>
[1.519s][info][gc,stats    ] 
[1.519s][info][gc,metaspace] Metaspace: 12154K(12416K)->12149K(12416K) NonClass: 10499K(10624K)->10495K(10624K) Class: 1654K(1792K)->1653K(1792K)
[1.519s][info][gc,ergo     ] Pacer for Idle. Initial: 163M, Alloc Tax Rate: 1.0x
[1.713s][info][gc          ] Trigger: Explicit GC request (System.gc())
[1.713s][info][gc,ergo     ] Free: 7629M, Max: 4096K regular, 7628M humongous, Frag: 0% external, 0% internal; Reserve: 412M, Max: 4096K
[1.713s][info][gc,start    ] GC(2) Concurrent reset
[1.713s][info][gc,task     ] GC(2) Using 1 of 3 workers for concurrent reset
[1.713s][info][gc,ergo     ] GC(2) Pacer for Reset. Non-Taxable: 8192M
[1.713s][info][gc          ] GC(2) Concurrent reset 0.420ms
[1.713s][info][gc,start    ] GC(2) Pause Init Mark (unload classes)
[1.713s][info][gc,task     ] GC(2) Using 3 of 3 workers for init marking
[1.714s][info][gc,ref      ] GC(2) Clearing All SoftReferences
[1.714s][info][gc,ergo     ] GC(2) Pacer for Mark. Expected Live: 25326K, Free: 7629M, Non-Taxable: 762M, Alloc Tax Rate: 0.0x
[1.714s][info][gc          ] GC(2) Pause Init Mark (unload classes) 0.134ms
[1.714s][info][gc,start    ] GC(2) Concurrent marking roots
[1.714s][info][gc,task     ] GC(2) Using 1 of 3 workers for concurrent marking roots
[1.714s][info][gc          ] GC(2) Concurrent marking roots 0.508ms
[1.714s][info][gc,start    ] GC(2) Concurrent marking (unload classes)
[1.714s][info][gc,task     ] GC(2) Using 1 of 3 workers for concurrent marking
[1.734s][info][gc          ] GC(2) Concurrent marking (unload classes) 20.027ms
[1.734s][info][gc,start    ] GC(2) Pause Final Mark (unload classes)
[1.734s][info][gc,task     ] GC(2) Using 3 of 3 workers for final marking
[1.735s][info][gc,ergo     ] GC(2) Adaptive CSet Selection. Target Free: 1160M, Actual Free: 8152M, Max CSet: 341M, Min Garbage: 0B
[1.735s][info][gc,ergo     ] GC(2) Collectable Garbage: 123M (98%), Immediate: 112M (89%), CSet: 12262K (9%)
[1.735s][info][gc,ergo     ] GC(2) Pacer for Evacuation. Used CSet: 12262K, Free: 7741M, Non-Taxable: 774M, Alloc Tax Rate: 1.1x
[1.735s][info][gc          ] GC(2) Pause Final Mark (unload classes) 0.446ms
[1.735s][info][gc,start    ] GC(2) Concurrent thread roots
[1.735s][info][gc,task     ] GC(2) Using 1 of 3 workers for Concurrent thread roots
[1.735s][info][gc          ] GC(2) Concurrent thread roots 0.363ms
[1.735s][info][gc,start    ] GC(2) Concurrent weak references
[1.735s][info][gc,task     ] GC(2) Using 1 of 3 workers for concurrent weak references
[1.735s][info][gc,ref      ] GC(2) Encountered references: Soft: 154, Weak: 720, Final: 0, Phantom: 33
[1.735s][info][gc,ref      ] GC(2) Discovered  references: Soft: 96, Weak: 158, Final: 0, Phantom: 31
[1.735s][info][gc,ref      ] GC(2) Enqueued    references: Soft: 3, Weak: 0, Final: 0, Phantom: 0
[1.735s][info][gc          ] GC(2) Concurrent weak references 0.116ms
[1.735s][info][gc,start    ] GC(2) Concurrent weak roots
[1.735s][info][gc,task     ] GC(2) Using 1 of 3 workers for concurrent weak root
[1.736s][info][gc          ] GC(2) Concurrent weak roots 0.543ms
[1.736s][info][gc,start    ] GC(2) Concurrent cleanup
[1.736s][info][gc          ] GC(2) Concurrent cleanup 150M->38M(8192M) 0.020ms
[1.736s][info][gc,ergo     ] GC(2) Free: 7741M, Max: 4096K regular, 7628M humongous, Frag: 2% external, 0% internal; Reserve: 411M, Max: 4096K
[1.736s][info][gc,start    ] GC(2) Concurrent class unloading
[1.736s][info][gc,task     ] GC(2) Using 1 of 3 workers for concurrent class unloading
[1.737s][info][gc          ] GC(2) Concurrent class unloading 1.440ms
[1.737s][info][gc,start    ] GC(2) Concurrent strong roots
[1.737s][info][gc,task     ] GC(2) Using 1 of 3 workers for concurrent strong root
[1.738s][info][gc          ] GC(2) Concurrent strong roots 0.092ms
[1.738s][info][gc,start    ] GC(2) Concurrent evacuation
[1.738s][info][gc,task     ] GC(2) Using 1 of 3 workers for concurrent evacuation
[1.738s][info][gc          ] GC(2) Concurrent evacuation 0.157ms
[1.738s][info][gc,start    ] GC(2) Pause Init Update Refs
[1.738s][info][gc,ergo     ] GC(2) Pacer for Update Refs. Used: 38945K, Free: 7741M, Non-Taxable: 774M, Alloc Tax Rate: 1.1x
[1.738s][info][gc          ] GC(2) Pause Init Update Refs 0.031ms
[1.738s][info][gc,start    ] GC(2) Concurrent update references
[1.738s][info][gc,task     ] GC(2) Using 1 of 3 workers for concurrent reference update
[1.747s][info][gc          ] GC(2) Concurrent update references 9.660ms
[1.748s][info][gc,start    ] GC(2) Concurrent update thread roots
[1.748s][info][gc          ] GC(2) Concurrent update thread roots 0.824ms
[1.748s][info][gc,start    ] GC(2) Pause Final Update Refs
[1.748s][info][gc,task     ] GC(2) Using 3 of 3 workers for final reference update
[1.749s][info][gc          ] GC(2) Pause Final Update Refs 0.176ms
[1.749s][info][gc,start    ] GC(2) Concurrent cleanup
[1.749s][info][gc          ] GC(2) Concurrent cleanup 38M->26M(8192M) 0.029ms
[1.749s][info][gc,ergo     ] Free: 7753M, Max: 4096K regular, 7748M humongous, Frag: 0% external, 0% internal; Reserve: 412M, Max: 4096K
[1.749s][info][gc,stats    ] 
[1.749s][info][gc,stats    ] All times are wall-clock times, except per-root-class counters, that are sum over
[1.749s][info][gc,stats    ] all workers. Dividing the <total> over the root stage time estimates parallelism.
[1.749s][info][gc,stats    ] 
[1.749s][info][gc,stats    ] Concurrent Reset                    476 us
[1.749s][info][gc,stats    ] Pause Init Mark (G)                 236 us
[1.749s][info][gc,stats    ] Pause Init Mark (N)                 142 us
[1.749s][info][gc,stats    ]   Update Region States               74 us
[1.749s][info][gc,stats    ] Concurrent Mark Roots               527 us, parallelism: 0.69x
[1.749s][info][gc,stats    ]   CMR: <total>                      365 us
[1.749s][info][gc,stats    ]   CMR: Thread Roots                 281 us, workers (us): 281, ---, ---, 
[1.749s][info][gc,stats    ]   CMR: VM Strong Roots               14 us, workers (us):  14, ---, ---, 
[1.749s][info][gc,stats    ]   CMR: CLDG Roots                    69 us, workers (us):  69, ---, ---, 
[1.749s][info][gc,stats    ] Concurrent Marking                20092 us
[1.749s][info][gc,stats    ] Pause Final Mark (G)                579 us
[1.749s][info][gc,stats    ] Pause Final Mark (N)                467 us
[1.749s][info][gc,stats    ]   Finish Mark                       141 us
[1.749s][info][gc,stats    ]   Update Region States               75 us
[1.749s][info][gc,stats    ]   Choose Collection Set              98 us
[1.749s][info][gc,stats    ]   Rebuild Free Set                   21 us
[1.749s][info][gc,stats    ] Concurrent Thread Roots             382 us, parallelism: 0.74x
[1.749s][info][gc,stats    ]   CTR: <total>                      283 us
[1.749s][info][gc,stats    ]   CTR: Thread Roots                 283 us, workers (us): 283, ---, ---, 
[1.749s][info][gc,stats    ] Concurrent Weak References          123 us, parallelism: 0.08x
[1.749s][info][gc,stats    ]   CWRF: <total>                       9 us
[1.749s][info][gc,stats    ]   CWRF: Weak References               9 us, workers (us):   9, ---, ---, 
[1.749s][info][gc,stats    ] Concurrent Weak Roots               561 us
[1.749s][info][gc,stats    ]   Roots                             470 us, parallelism: 0.91x
[1.749s][info][gc,stats    ]     CWR: <total>                    426 us
[1.749s][info][gc,stats    ]     CWR: Code Cache Roots           302 us, workers (us): 302, ---, ---, 
[1.749s][info][gc,stats    ]     CWR: VM Weak Roots              118 us, workers (us): 118, ---, ---, 
[1.749s][info][gc,stats    ]     CWR: CLDG Roots                   7 us, workers (us):   7, ---, ---, 
[1.749s][info][gc,stats    ]   Rendezvous                         58 us
[1.749s][info][gc,stats    ] Concurrent Cleanup                   28 us
[1.749s][info][gc,stats    ] Concurrent Class Unloading         1468 us
[1.749s][info][gc,stats    ]   Unlink Stale                     1275 us
[1.749s][info][gc,stats    ]     System Dictionary                 3 us
[1.749s][info][gc,stats    ]     Weak Class Links                  0 us
[1.749s][info][gc,stats    ]     Code Roots                     1271 us
[1.749s][info][gc,stats    ]   Rendezvous                         55 us
[1.749s][info][gc,stats    ]   Purge Unlinked                     94 us
[1.749s][info][gc,stats    ]     Code Roots                       89 us
[1.749s][info][gc,stats    ]     CLDG                              5 us
[1.749s][info][gc,stats    ]     Exception Caches                  0 us
[1.749s][info][gc,stats    ] Concurrent Strong Roots             109 us, parallelism: 0.23x
[1.749s][info][gc,stats    ]   CSR: <total>                       25 us
[1.749s][info][gc,stats    ]   CSR: VM Strong Roots                2 us, workers (us):   2, ---, ---, 
[1.749s][info][gc,stats    ]   CSR: CLDG Roots                    23 us, workers (us):  23, ---, ---, 
[1.749s][info][gc,stats    ] Concurrent Evacuation               175 us
[1.749s][info][gc,stats    ] Pause Init Update Refs (G)           96 us
[1.749s][info][gc,stats    ] Pause Init Update Refs (N)           38 us
[1.749s][info][gc,stats    ]   Manage GCLABs                       2 us
[1.749s][info][gc,stats    ] Concurrent Update Refs             9724 us
[1.749s][info][gc,stats    ] Concurrent Update Thread Roots      842 us
[1.749s][info][gc,stats    ] Pause Final Update Refs (G)         263 us
[1.749s][info][gc,stats    ] Pause Final Update Refs (N)         204 us
[1.749s][info][gc,stats    ]   Update Region States               62 us
[1.749s][info][gc,stats    ]   Trash Collection Set                6 us
[1.749s][info][gc,stats    ]   Rebuild Free Set                   29 us
[1.749s][info][gc,stats    ] Concurrent Cleanup                   39 us
[1.749s][info][gc,stats    ] 
[1.749s][info][gc,stats    ] Allocation pacing accrued:
[1.749s][info][gc,stats    ]       0 of   231 ms (  0.0%): <total>
[1.749s][info][gc,stats    ]       0 of   231 ms (  0.0%): <average total>
[1.749s][info][gc,stats    ] 
[1.749s][info][gc,metaspace] Metaspace: 12153K(12416K)->12153K(12416K) NonClass: 10499K(10624K)->10499K(10624K) Class: 1653K(1792K)->1653K(1792K)
[1.750s][info][gc,ergo     ] Pacer for Idle. Initial: 163M, Alloc Tax Rate: 1.0x
[1.932s][info][gc          ] Trigger: Explicit GC request (System.gc())
[1.932s][info][gc,ergo     ] Free: 7629M, Max: 4096K regular, 7624M humongous, Frag: 0% external, 0% internal; Reserve: 412M, Max: 4096K
[1.932s][info][gc,start    ] GC(3) Concurrent reset
[1.932s][info][gc,task     ] GC(3) Using 1 of 3 workers for concurrent reset
[1.932s][info][gc,ergo     ] GC(3) Pacer for Reset. Non-Taxable: 8192M
[1.933s][info][gc          ] GC(3) Concurrent reset 0.247ms
[1.933s][info][gc,start    ] GC(3) Pause Init Mark (unload classes)
[1.933s][info][gc,task     ] GC(3) Using 3 of 3 workers for init marking
[1.933s][info][gc,ref      ] GC(3) Clearing All SoftReferences
[1.933s][info][gc,ergo     ] GC(3) Pacer for Mark. Expected Live: 25342K, Free: 7629M, Non-Taxable: 762M, Alloc Tax Rate: 0.0x
[1.933s][info][gc          ] GC(3) Pause Init Mark (unload classes) 0.280ms
[1.933s][info][gc,start    ] GC(3) Concurrent marking roots
[1.933s][info][gc,task     ] GC(3) Using 1 of 3 workers for concurrent marking roots
[1.933s][info][gc          ] GC(3) Concurrent marking roots 0.407ms
[1.933s][info][gc,start    ] GC(3) Concurrent marking (unload classes)
[1.933s][info][gc,task     ] GC(3) Using 1 of 3 workers for concurrent marking
[1.954s][info][gc          ] GC(3) Concurrent marking (unload classes) 20.206ms
[1.954s][info][gc,start    ] GC(3) Pause Final Mark (unload classes)
[1.954s][info][gc,task     ] GC(3) Using 3 of 3 workers for final marking
[1.954s][info][gc,ergo     ] GC(3) Collectable Garbage: 116M (92%), Immediate: 116M (92%), CSet: 0B (0%)
[1.954s][info][gc          ] GC(3) Pause Final Mark (unload classes) 0.458ms
[1.954s][info][gc,start    ] GC(3) Concurrent weak references
[1.954s][info][gc,task     ] GC(3) Using 1 of 3 workers for concurrent weak references
[1.954s][info][gc,ref      ] GC(3) Encountered references: Soft: 154, Weak: 720, Final: 0, Phantom: 33
[1.954s][info][gc,ref      ] GC(3) Discovered  references: Soft: 96, Weak: 158, Final: 0, Phantom: 31
[1.954s][info][gc,ref      ] GC(3) Enqueued    references: Soft: 3, Weak: 0, Final: 0, Phantom: 0
[1.954s][info][gc          ] GC(3) Concurrent weak references 0.131ms
[1.954s][info][gc,start    ] GC(3) Concurrent weak roots
[1.954s][info][gc,task     ] GC(3) Using 1 of 3 workers for concurrent weak root
[1.955s][info][gc          ] GC(3) Concurrent weak roots 0.522ms
[1.955s][info][gc,start    ] GC(3) Concurrent cleanup
[1.955s][info][gc          ] GC(3) Concurrent cleanup 150M->34M(8192M) 0.030ms
[1.955s][info][gc,ergo     ] GC(3) Free: 7745M, Max: 4096K regular, 7624M humongous, Frag: 2% external, 0% internal; Reserve: 412M, Max: 4096K
[1.955s][info][gc,start    ] GC(3) Concurrent class unloading
[1.955s][info][gc,task     ] GC(3) Using 1 of 3 workers for concurrent class unloading
[1.957s][info][gc          ] GC(3) Concurrent class unloading 1.716ms
[1.957s][info][gc,start    ] GC(3) Pause Final Roots
[1.957s][info][gc          ] GC(3) Pause Final Roots 0.019ms
[1.957s][info][gc,ergo     ] Free: 7745M, Max: 4096K regular, 7624M humongous, Frag: 2% external, 0% internal; Reserve: 412M, Max: 4096K
[1.957s][info][gc,stats    ] 
[1.957s][info][gc,stats    ] All times are wall-clock times, except per-root-class counters, that are sum over
[1.957s][info][gc,stats    ] all workers. Dividing the <total> over the root stage time estimates parallelism.
[1.957s][info][gc,stats    ] 
[1.957s][info][gc,stats    ] Concurrent Reset                    286 us
[1.957s][info][gc,stats    ] Pause Init Mark (G)                 365 us
[1.957s][info][gc,stats    ] Pause Init Mark (N)                 287 us
[1.957s][info][gc,stats    ]   Update Region States              115 us
[1.957s][info][gc,stats    ] Concurrent Mark Roots               428 us, parallelism: 0.75x
[1.957s][info][gc,stats    ]   CMR: <total>                      321 us
[1.957s][info][gc,stats    ]   CMR: Thread Roots                 285 us, workers (us): 285, ---, ---, 
[1.957s][info][gc,stats    ]   CMR: VM Strong Roots                3 us, workers (us):   3, ---, ---, 
[1.957s][info][gc,stats    ]   CMR: CLDG Roots                    33 us, workers (us):  33, ---, ---, 
[1.957s][info][gc,stats    ] Concurrent Marking                20273 us
[1.957s][info][gc,stats    ] Pause Final Mark (G)                558 us
[1.957s][info][gc,stats    ] Pause Final Mark (N)                483 us
[1.957s][info][gc,stats    ]   Finish Mark                       156 us
[1.957s][info][gc,stats    ]   Update Region States              123 us
[1.957s][info][gc,stats    ]   Choose Collection Set              73 us
[1.957s][info][gc,stats    ]   Rebuild Free Set                   21 us
[1.957s][info][gc,stats    ] Concurrent Weak References          139 us, parallelism: 0.07x
[1.957s][info][gc,stats    ]   CWRF: <total>                       9 us
[1.957s][info][gc,stats    ]   CWRF: Weak References               9 us, workers (us):   9, ---, ---, 
[1.957s][info][gc,stats    ] Concurrent Weak Roots               555 us
[1.957s][info][gc,stats    ]   Roots                             399 us, parallelism: 0.85x
[1.957s][info][gc,stats    ]     CWR: <total>                    339 us
[1.957s][info][gc,stats    ]     CWR: Code Cache Roots           273 us, workers (us): 273, ---, ---, 
[1.957s][info][gc,stats    ]     CWR: VM Weak Roots               60 us, workers (us):  60, ---, ---, 
[1.957s][info][gc,stats    ]     CWR: CLDG Roots                   6 us, workers (us):   6, ---, ---, 
[1.957s][info][gc,stats    ]   Rendezvous                        105 us
[1.957s][info][gc,stats    ] Concurrent Cleanup                   39 us
[1.957s][info][gc,stats    ] Concurrent Class Unloading         1763 us
[1.957s][info][gc,stats    ]   Unlink Stale                     1533 us
[1.957s][info][gc,stats    ]     System Dictionary                 6 us
[1.957s][info][gc,stats    ]     Weak Class Links                  0 us
[1.957s][info][gc,stats    ]     Code Roots                     1526 us
[1.957s][info][gc,stats    ]   Rendezvous                         57 us
[1.957s][info][gc,stats    ]   Purge Unlinked                    107 us
[1.957s][info][gc,stats    ]     Code Roots                      101 us
[1.957s][info][gc,stats    ]     CLDG                              5 us
[1.957s][info][gc,stats    ]     Exception Caches                  0 us
[1.957s][info][gc,stats    ] Pause Final Roots (G)                78 us
[1.957s][info][gc,stats    ] Pause Final Roots (N)                28 us
[1.957s][info][gc,stats    ] 
[1.957s][info][gc,stats    ] Allocation pacing accrued:
[1.957s][info][gc,stats    ]       0 of   208 ms (  0.0%): <total>
[1.957s][info][gc,stats    ]       0 of   208 ms (  0.0%): <average total>
[1.957s][info][gc,stats    ] 
[1.957s][info][gc,metaspace] Metaspace: 12165K(12416K)->12165K(12416K) NonClass: 10511K(10624K)->10511K(10624K) Class: 1653K(1792K)->1653K(1792K)
[1.957s][info][gc,ergo     ] Pacer for Idle. Initial: 163M, Alloc Tax Rate: 1.0x
[2.152s][info][gc          ] Trigger: Explicit GC request (System.gc())
[2.153s][info][gc,ergo     ] Free: 7621M, Max: 4096K regular, 7616M humongous, Frag: 0% external, 0% internal; Reserve: 412M, Max: 4096K
[2.153s][info][gc,start    ] GC(4) Concurrent reset
[2.153s][info][gc,task     ] GC(4) Using 1 of 3 workers for concurrent reset
[2.153s][info][gc,ergo     ] GC(4) Pacer for Reset. Non-Taxable: 8192M
[2.153s][info][gc          ] GC(4) Concurrent reset 0.548ms
[2.153s][info][gc,start    ] GC(4) Pause Init Mark (unload classes)
[2.153s][info][gc,task     ] GC(4) Using 3 of 3 workers for init marking
[2.154s][info][gc,ref      ] GC(4) Clearing All SoftReferences
[2.154s][info][gc,ergo     ] GC(4) Pacer for Mark. Expected Live: 25350K, Free: 7621M, Non-Taxable: 762M, Alloc Tax Rate: 0.0x
[2.154s][info][gc          ] GC(4) Pause Init Mark (unload classes) 0.339ms
[2.154s][info][gc,start    ] GC(4) Concurrent marking roots
[2.154s][info][gc,task     ] GC(4) Using 1 of 3 workers for concurrent marking roots
[2.155s][info][gc          ] GC(4) Concurrent marking roots 0.780ms
[2.155s][info][gc,start    ] GC(4) Concurrent marking (unload classes)
[2.155s][info][gc,task     ] GC(4) Using 1 of 3 workers for concurrent marking
[2.174s][info][gc          ] GC(4) Concurrent marking (unload classes) 19.901ms
[2.175s][info][gc,start    ] GC(4) Pause Final Mark (unload classes)
[2.175s][info][gc,task     ] GC(4) Using 3 of 3 workers for final marking
[2.175s][info][gc,ergo     ] GC(4) Collectable Garbage: 124M (93%), Immediate: 124M (93%), CSet: 0B (0%)
[2.175s][info][gc          ] GC(4) Pause Final Mark (unload classes) 0.455ms
[2.175s][info][gc,start    ] GC(4) Concurrent weak references
[2.175s][info][gc,task     ] GC(4) Using 1 of 3 workers for concurrent weak references
[2.175s][info][gc,ref      ] GC(4) Encountered references: Soft: 154, Weak: 720, Final: 0, Phantom: 33
[2.175s][info][gc,ref      ] GC(4) Discovered  references: Soft: 96, Weak: 158, Final: 0, Phantom: 31
[2.175s][info][gc,ref      ] GC(4) Enqueued    references: Soft: 3, Weak: 0, Final: 0, Phantom: 0
[2.175s][info][gc          ] GC(4) Concurrent weak references 0.198ms
[2.175s][info][gc,start    ] GC(4) Concurrent weak roots
[2.175s][info][gc,task     ] GC(4) Using 1 of 3 workers for concurrent weak root
[2.176s][info][gc          ] GC(4) Concurrent weak roots 0.602ms
[2.176s][info][gc,start    ] GC(4) Concurrent cleanup
[2.176s][info][gc          ] GC(4) Concurrent cleanup 158M->34M(8192M) 0.025ms
[2.176s][info][gc,ergo     ] GC(4) Free: 7745M, Max: 4096K regular, 7616M humongous, Frag: 2% external, 0% internal; Reserve: 412M, Max: 4096K
[2.176s][info][gc,start    ] GC(4) Concurrent class unloading
[2.176s][info][gc,task     ] GC(4) Using 1 of 3 workers for concurrent class unloading
[2.178s][info][gc          ] GC(4) Concurrent class unloading 1.463ms
[2.178s][info][gc,start    ] GC(4) Pause Final Roots
[2.178s][info][gc          ] GC(4) Pause Final Roots 0.021ms
[2.178s][info][gc,ergo     ] Free: 7745M, Max: 4096K regular, 7616M humongous, Frag: 2% external, 0% internal; Reserve: 412M, Max: 4096K
[2.178s][info][gc,stats    ] 
[2.178s][info][gc,stats    ] All times are wall-clock times, except per-root-class counters, that are sum over
[2.178s][info][gc,stats    ] all workers. Dividing the <total> over the root stage time estimates parallelism.
[2.178s][info][gc,stats    ] 
[2.178s][info][gc,stats    ] Concurrent Reset                    656 us
[2.178s][info][gc,stats    ] Pause Init Mark (G)                 518 us
[2.178s][info][gc,stats    ] Pause Init Mark (N)                 360 us
[2.178s][info][gc,stats    ]   Update Region States              198 us
[2.178s][info][gc,stats    ] Concurrent Mark Roots               821 us, parallelism: 0.77x
[2.178s][info][gc,stats    ]   CMR: <total>                      631 us
[2.178s][info][gc,stats    ]   CMR: Thread Roots                 561 us, workers (us): 561, ---, ---, 
[2.178s][info][gc,stats    ]   CMR: VM Strong Roots                6 us, workers (us):   6, ---, ---, 
[2.178s][info][gc,stats    ]   CMR: CLDG Roots                    63 us, workers (us):  63, ---, ---, 
[2.178s][info][gc,stats    ] Concurrent Marking                19967 us
[2.178s][info][gc,stats    ] Pause Final Mark (G)                701 us
[2.178s][info][gc,stats    ] Pause Final Mark (N)                576 us
[2.178s][info][gc,stats    ]   Finish Mark                       162 us
[2.178s][info][gc,stats    ]   Update Region States              108 us
[2.178s][info][gc,stats    ]   Choose Collection Set              76 us
[2.178s][info][gc,stats    ]   Rebuild Free Set                   21 us
[2.178s][info][gc,stats    ] Concurrent Weak References          215 us, parallelism: 0.07x
[2.178s][info][gc,stats    ]   CWRF: <total>                      14 us
[2.178s][info][gc,stats    ]   CWRF: Weak References              14 us, workers (us):  14, ---, ---, 
[2.178s][info][gc,stats    ] Concurrent Weak Roots               621 us
[2.178s][info][gc,stats    ]   Roots                             488 us, parallelism: 0.92x
[2.178s][info][gc,stats    ]     CWR: <total>                    448 us
[2.178s][info][gc,stats    ]     CWR: Code Cache Roots           368 us, workers (us): 368, ---, ---, 
[2.178s][info][gc,stats    ]     CWR: VM Weak Roots               74 us, workers (us):  74, ---, ---, 
[2.178s][info][gc,stats    ]     CWR: CLDG Roots                   6 us, workers (us):   6, ---, ---, 
[2.178s][info][gc,stats    ]   Rendezvous                         83 us
[2.178s][info][gc,stats    ] Concurrent Cleanup                   33 us
[2.178s][info][gc,stats    ] Concurrent Class Unloading         1489 us
[2.178s][info][gc,stats    ]   Unlink Stale                     1317 us
[2.178s][info][gc,stats    ]     System Dictionary                 3 us
[2.178s][info][gc,stats    ]     Weak Class Links                  1 us
[2.178s][info][gc,stats    ]     Code Roots                     1312 us
[2.178s][info][gc,stats    ]   Rendezvous                         54 us
[2.178s][info][gc,stats    ]   Purge Unlinked                     77 us
[2.178s][info][gc,stats    ]     Code Roots                       72 us
[2.178s][info][gc,stats    ]     CLDG                              5 us
[2.178s][info][gc,stats    ]     Exception Caches                  0 us
[2.178s][info][gc,stats    ] Pause Final Roots (G)                82 us
[2.179s][info][gc,stats    ] Pause Final Roots (N)                30 us
[2.179s][info][gc,stats    ] 
[2.179s][info][gc,stats    ] Allocation pacing accrued:
[2.179s][info][gc,stats    ]       0 of   221 ms (  0.0%): <total>
[2.179s][info][gc,stats    ]       0 of   221 ms (  0.0%): <average total>
[2.179s][info][gc,stats    ] 
[2.179s][info][gc,metaspace] Metaspace: 12178K(12416K)->12179K(12416K) NonClass: 10525K(10624K)->10525K(10624K) Class: 1653K(1792K)->1653K(1792K)
[2.179s][info][gc,ergo     ] Pacer for Idle. Initial: 163M, Alloc Tax Rate: 1.0x
[2.372s][info][gc          ] Trigger: Explicit GC request (System.gc())
[2.372s][info][gc,ergo     ] Free: 7621M, Max: 4096K regular, 7616M humongous, Frag: 0% external, 0% internal; Reserve: 412M, Max: 4096K
[2.373s][info][gc,start    ] GC(5) Concurrent reset
[2.373s][info][gc,task     ] GC(5) Using 1 of 3 workers for concurrent reset
[2.373s][info][gc,ergo     ] GC(5) Pacer for Reset. Non-Taxable: 8192M
[2.373s][info][gc          ] GC(5) Concurrent reset 0.366ms
[2.373s][info][gc,start    ] GC(5) Pause Init Mark (unload classes)
[2.373s][info][gc,task     ] GC(5) Using 3 of 3 workers for init marking
[2.373s][info][gc,ref      ] GC(5) Clearing All SoftReferences
[2.373s][info][gc,ergo     ] GC(5) Pacer for Mark. Expected Live: 25354K, Free: 7621M, Non-Taxable: 762M, Alloc Tax Rate: 0.0x
[2.373s][info][gc          ] GC(5) Pause Init Mark (unload classes) 0.181ms
[2.373s][info][gc,start    ] GC(5) Concurrent marking roots
[2.373s][info][gc,task     ] GC(5) Using 1 of 3 workers for concurrent marking roots
[2.374s][info][gc          ] GC(5) Concurrent marking roots 0.709ms
[2.374s][info][gc,start    ] GC(5) Concurrent marking (unload classes)
[2.374s][info][gc,task     ] GC(5) Using 1 of 3 workers for concurrent marking
[2.395s][info][gc          ] GC(5) Concurrent marking (unload classes) 20.582ms
[2.395s][info][gc,start    ] GC(5) Pause Final Mark (unload classes)
[2.395s][info][gc,task     ] GC(5) Using 3 of 3 workers for final marking
[2.395s][info][gc,ergo     ] GC(5) Collectable Garbage: 123M (93%), Immediate: 123M (93%), CSet: 0B (0%)
[2.395s][info][gc          ] GC(5) Pause Final Mark (unload classes) 0.307ms
[2.395s][info][gc,start    ] GC(5) Concurrent weak references
[2.395s][info][gc,task     ] GC(5) Using 1 of 3 workers for concurrent weak references
[2.395s][info][gc,ref      ] GC(5) Encountered references: Soft: 154, Weak: 720, Final: 0, Phantom: 33
[2.395s][info][gc,ref      ] GC(5) Discovered  references: Soft: 96, Weak: 158, Final: 0, Phantom: 31
[2.395s][info][gc,ref      ] GC(5) Enqueued    references: Soft: 3, Weak: 0, Final: 0, Phantom: 0
[2.395s][info][gc          ] GC(5) Concurrent weak references 0.134ms
[2.395s][info][gc,start    ] GC(5) Concurrent weak roots
[2.395s][info][gc,task     ] GC(5) Using 1 of 3 workers for concurrent weak root
[2.396s][info][gc          ] GC(5) Concurrent weak roots 0.410ms
[2.396s][info][gc,start    ] GC(5) Concurrent cleanup
[2.396s][info][gc          ] GC(5) Concurrent cleanup 158M->34M(8192M) 0.019ms
[2.396s][info][gc,ergo     ] GC(5) Free: 7745M, Max: 4096K regular, 7620M humongous, Frag: 2% external, 0% internal; Reserve: 412M, Max: 4096K
[2.396s][info][gc,start    ] GC(5) Concurrent class unloading
[2.396s][info][gc,task     ] GC(5) Using 1 of 3 workers for concurrent class unloading
[2.398s][info][gc          ] GC(5) Concurrent class unloading 1.840ms
[2.398s][info][gc,start    ] GC(5) Pause Final Roots
[2.398s][info][gc          ] GC(5) Pause Final Roots 0.020ms
[2.398s][info][gc,ergo     ] Free: 7745M, Max: 4096K regular, 7620M humongous, Frag: 2% external, 0% internal; Reserve: 412M, Max: 4096K
[2.398s][info][gc,stats    ] 
[2.398s][info][gc,stats    ] All times are wall-clock times, except per-root-class counters, that are sum over
[2.398s][info][gc,stats    ] all workers. Dividing the <total> over the root stage time estimates parallelism.
[2.398s][info][gc,stats    ] 
[2.398s][info][gc,stats    ] Concurrent Reset                    429 us
[2.398s][info][gc,stats    ] Pause Init Mark (G)                 285 us
[2.398s][info][gc,stats    ] Pause Init Mark (N)                 198 us
[2.398s][info][gc,stats    ]   Update Region States               87 us
[2.398s][info][gc,stats    ] Concurrent Mark Roots               732 us, parallelism: 0.85x
[2.398s][info][gc,stats    ]   CMR: <total>                      622 us
[2.398s][info][gc,stats    ]   CMR: Thread Roots                 552 us, workers (us): 552, ---, ---, 
[2.398s][info][gc,stats    ]   CMR: VM Strong Roots                7 us, workers (us):   7, ---, ---, 
[2.398s][info][gc,stats    ]   CMR: CLDG Roots                    63 us, workers (us):  63, ---, ---, 
[2.398s][info][gc,stats    ] Concurrent Marking                20650 us
[2.398s][info][gc,stats    ] Pause Final Mark (G)                450 us
[2.398s][info][gc,stats    ] Pause Final Mark (N)                329 us
[2.398s][info][gc,stats    ]   Finish Mark                        87 us
[2.398s][info][gc,stats    ]   Update Region States               59 us
[2.398s][info][gc,stats    ]   Choose Collection Set              53 us
[2.398s][info][gc,stats    ]   Rebuild Free Set                   21 us
[2.398s][info][gc,stats    ] Concurrent Weak References          143 us, parallelism: 0.04x
[2.398s][info][gc,stats    ]   CWRF: <total>                       6 us
[2.398s][info][gc,stats    ]   CWRF: Weak References               6 us, workers (us):   6, ---, ---, 
[2.398s][info][gc,stats    ] Concurrent Weak Roots               428 us
[2.398s][info][gc,stats    ]   Roots                             352 us, parallelism: 0.90x
[2.398s][info][gc,stats    ]     CWR: <total>                    318 us
[2.398s][info][gc,stats    ]     CWR: Code Cache Roots           255 us, workers (us): 255, ---, ---, 
[2.398s][info][gc,stats    ]     CWR: VM Weak Roots               58 us, workers (us):  58, ---, ---, 
[2.398s][info][gc,stats    ]     CWR: CLDG Roots                   5 us, workers (us):   5, ---, ---, 
[2.398s][info][gc,stats    ]   Rendezvous                         44 us
[2.398s][info][gc,stats    ] Concurrent Cleanup                   27 us
[2.398s][info][gc,stats    ] Concurrent Class Unloading         1888 us
[2.398s][info][gc,stats    ]   Unlink Stale                     1514 us
[2.398s][info][gc,stats    ]     System Dictionary                 2 us
[2.398s][info][gc,stats    ]     Weak Class Links                  0 us
[2.398s][info][gc,stats    ]     Code Roots                     1511 us
[2.398s][info][gc,stats    ]   Rendezvous                        208 us
[2.398s][info][gc,stats    ]   Purge Unlinked                     95 us
[2.398s][info][gc,stats    ]     Code Roots                       86 us
[2.398s][info][gc,stats    ]     CLDG                              9 us
[2.398s][info][gc,stats    ]     Exception Caches                  0 us
[2.398s][info][gc,stats    ] Pause Final Roots (G)                97 us
[2.398s][info][gc,stats    ] Pause Final Roots (N)                28 us
[2.398s][info][gc,stats    ] 
[2.398s][info][gc,stats    ] Allocation pacing accrued:
[2.398s][info][gc,stats    ]       0 of   220 ms (  0.0%): <total>
[2.398s][info][gc,stats    ]       0 of   220 ms (  0.0%): <average total>
[2.398s][info][gc,stats    ] 
[2.398s][info][gc,metaspace] Metaspace: 12180K(12416K)->12180K(12416K) NonClass: 10527K(10624K)->10527K(10624K) Class: 1653K(1792K)->1653K(1792K)
[2.398s][info][gc,ergo     ] Pacer for Idle. Initial: 163M, Alloc Tax Rate: 1.0x
[2.592s][info][gc          ] Trigger: Explicit GC request (System.gc())
[2.592s][info][gc,ergo     ] Free: 7621M, Max: 4096K regular, 7616M humongous, Frag: 0% external, 0% internal; Reserve: 412M, Max: 4096K
[2.592s][info][gc,start    ] GC(6) Concurrent reset
[2.592s][info][gc,task     ] GC(6) Using 1 of 3 workers for concurrent reset
[2.592s][info][gc,ergo     ] GC(6) Pacer for Reset. Non-Taxable: 8192M
[2.592s][info][gc          ] GC(6) Concurrent reset 0.344ms
[2.592s][info][gc,start    ] GC(6) Pause Init Mark (unload classes)
[2.592s][info][gc,task     ] GC(6) Using 3 of 3 workers for init marking
[2.593s][info][gc,ref      ] GC(6) Clearing All SoftReferences
[2.593s][info][gc,ergo     ] GC(6) Pacer for Mark. Expected Live: 25373K, Free: 7621M, Non-Taxable: 762M, Alloc Tax Rate: 0.0x
[2.593s][info][gc          ] GC(6) Pause Init Mark (unload classes) 0.245ms
[2.593s][info][gc,start    ] GC(6) Concurrent marking roots
[2.593s][info][gc,task     ] GC(6) Using 1 of 3 workers for concurrent marking roots
[2.593s][info][gc          ] GC(6) Concurrent marking roots 0.469ms
[2.593s][info][gc,start    ] GC(6) Concurrent marking (unload classes)
[2.593s][info][gc,task     ] GC(6) Using 1 of 3 workers for concurrent marking
[2.613s][info][gc          ] GC(6) Concurrent marking (unload classes) 19.861ms
[2.613s][info][gc,start    ] GC(6) Pause Final Mark (unload classes)
[2.613s][info][gc,task     ] GC(6) Using 3 of 3 workers for final marking
[2.614s][info][gc,ergo     ] GC(6) Adaptive CSet Selection. Target Free: 1160M, Actual Free: 8148M, Max CSet: 341M, Min Garbage: 0B
[2.614s][info][gc,ergo     ] GC(6) Collectable Garbage: 131M (99%), Immediate: 120M (90%), CSet: 12269K (8%)
[2.614s][info][gc,ergo     ] GC(6) Pacer for Evacuation. Used CSet: 12270K, Free: 7741M, Non-Taxable: 774M, Alloc Tax Rate: 1.1x
[2.614s][info][gc          ] GC(6) Pause Final Mark (unload classes) 0.438ms
[2.614s][info][gc,start    ] GC(6) Concurrent thread roots
[2.614s][info][gc,task     ] GC(6) Using 1 of 3 workers for Concurrent thread roots
[2.614s][info][gc          ] GC(6) Concurrent thread roots 0.602ms
[2.614s][info][gc,start    ] GC(6) Concurrent weak references
[2.614s][info][gc,task     ] GC(6) Using 1 of 3 workers for concurrent weak references
[2.614s][info][gc,ref      ] GC(6) Encountered references: Soft: 154, Weak: 720, Final: 0, Phantom: 33
[2.614s][info][gc,ref      ] GC(6) Discovered  references: Soft: 96, Weak: 158, Final: 0, Phantom: 31
[2.614s][info][gc,ref      ] GC(6) Enqueued    references: Soft: 3, Weak: 0, Final: 0, Phantom: 0
[2.614s][info][gc          ] GC(6) Concurrent weak references 0.115ms
[2.614s][info][gc,start    ] GC(6) Concurrent weak roots
[2.614s][info][gc,task     ] GC(6) Using 1 of 3 workers for concurrent weak root
[2.615s][info][gc          ] GC(6) Concurrent weak roots 0.517ms
[2.615s][info][gc,start    ] GC(6) Concurrent cleanup
[2.615s][info][gc          ] GC(6) Concurrent cleanup 158M->38M(8192M) 0.023ms
[2.615s][info][gc,ergo     ] GC(6) Free: 7741M, Max: 4096K regular, 7616M humongous, Frag: 2% external, 0% internal; Reserve: 411M, Max: 4096K
[2.615s][info][gc,start    ] GC(6) Concurrent class unloading
[2.615s][info][gc,task     ] GC(6) Using 1 of 3 workers for concurrent class unloading
[2.617s][info][gc          ] GC(6) Concurrent class unloading 2.005ms
[2.617s][info][gc,start    ] GC(6) Concurrent strong roots
[2.617s][info][gc,task     ] GC(6) Using 1 of 3 workers for concurrent strong root
[2.617s][info][gc          ] GC(6) Concurrent strong roots 0.092ms
[2.617s][info][gc,start    ] GC(6) Concurrent evacuation
[2.617s][info][gc,task     ] GC(6) Using 1 of 3 workers for concurrent evacuation
[2.617s][info][gc          ] GC(6) Concurrent evacuation 0.123ms
[2.617s][info][gc,start    ] GC(6) Pause Init Update Refs
[2.618s][info][gc,ergo     ] GC(6) Pacer for Update Refs. Used: 38958K, Free: 7741M, Non-Taxable: 774M, Alloc Tax Rate: 1.1x
[2.618s][info][gc          ] GC(6) Pause Init Update Refs 0.087ms
[2.618s][info][gc,start    ] GC(6) Concurrent update references
[2.618s][info][gc,task     ] GC(6) Using 1 of 3 workers for concurrent reference update
[2.628s][info][gc          ] GC(6) Concurrent update references 10.267ms
[2.628s][info][gc,start    ] GC(6) Concurrent update thread roots
[2.629s][info][gc          ] GC(6) Concurrent update thread roots 0.798ms
[2.629s][info][gc,start    ] GC(6) Pause Final Update Refs
[2.629s][info][gc,task     ] GC(6) Using 3 of 3 workers for final reference update
[2.629s][info][gc          ] GC(6) Pause Final Update Refs 0.170ms
[2.629s][info][gc,start    ] GC(6) Concurrent cleanup
[2.629s][info][gc          ] GC(6) Concurrent cleanup 38M->26M(8192M) 0.029ms
[2.629s][info][gc,ergo     ] Free: 7753M, Max: 4096K regular, 7744M humongous, Frag: 0% external, 0% internal; Reserve: 412M, Max: 4096K
[2.629s][info][gc,stats    ] 
[2.629s][info][gc,stats    ] All times are wall-clock times, except per-root-class counters, that are sum over
[2.629s][info][gc,stats    ] all workers. Dividing the <total> over the root stage time estimates parallelism.
[2.629s][info][gc,stats    ] 
[2.629s][info][gc,stats    ] Concurrent Reset                    407 us
[2.629s][info][gc,stats    ] Pause Init Mark (G)                 399 us
[2.629s][info][gc,stats    ] Pause Init Mark (N)                 262 us
[2.629s][info][gc,stats    ]   Update Region States              104 us
[2.629s][info][gc,stats    ] Concurrent Mark Roots               507 us, parallelism: 0.68x
[2.629s][info][gc,stats    ]   CMR: <total>                      343 us
[2.629s][info][gc,stats    ]   CMR: Thread Roots                 303 us, workers (us): 303, ---, ---, 
[2.629s][info][gc,stats    ]   CMR: VM Strong Roots                3 us, workers (us):   3, ---, ---, 
[2.629s][info][gc,stats    ]   CMR: CLDG Roots                    36 us, workers (us):  36, ---, ---, 
[2.629s][info][gc,stats    ] Concurrent Marking                19926 us
[2.629s][info][gc,stats    ] Pause Final Mark (G)                563 us
[2.629s][info][gc,stats    ] Pause Final Mark (N)                460 us
[2.629s][info][gc,stats    ]   Finish Mark                       137 us
[2.629s][info][gc,stats    ]   Update Region States               76 us
[2.629s][info][gc,stats    ]   Choose Collection Set              97 us
[2.629s][info][gc,stats    ]   Rebuild Free Set                   21 us
[2.629s][info][gc,stats    ] Concurrent Thread Roots             621 us, parallelism: 0.86x
[2.629s][info][gc,stats    ]   CTR: <total>                      534 us
[2.629s][info][gc,stats    ]   CTR: Thread Roots                 534 us, workers (us): 534, ---, ---, 
[2.629s][info][gc,stats    ] Concurrent Weak References          122 us, parallelism: 0.15x
[2.629s][info][gc,stats    ]   CWRF: <total>                      18 us
[2.629s][info][gc,stats    ]   CWRF: Weak References              18 us, workers (us):  18, ---, ---, 
[2.629s][info][gc,stats    ] Concurrent Weak Roots               536 us
[2.629s][info][gc,stats    ]   Roots                             390 us, parallelism: 0.90x
[2.629s][info][gc,stats    ]     CWR: <total>                    350 us
[2.629s][info][gc,stats    ]     CWR: Code Cache Roots           258 us, workers (us): 258, ---, ---, 
[2.629s][info][gc,stats    ]     CWR: VM Weak Roots               85 us, workers (us):  85, ---, ---, 
[2.629s][info][gc,stats    ]     CWR: CLDG Roots                   6 us, workers (us):   6, ---, ---, 
[2.629s][info][gc,stats    ]   Rendezvous                        112 us
[2.629s][info][gc,stats    ] Concurrent Cleanup                   31 us
[2.629s][info][gc,stats    ] Concurrent Class Unloading         2050 us
[2.629s][info][gc,stats    ]   Unlink Stale                     1365 us
[2.629s][info][gc,stats    ]     System Dictionary                 3 us
[2.629s][info][gc,stats    ]     Weak Class Links                  0 us
[2.629s][info][gc,stats    ]     Code Roots                     1361 us
[2.629s][info][gc,stats    ]   Rendezvous                        505 us
[2.629s][info][gc,stats    ]   Purge Unlinked                    118 us
[2.629s][info][gc,stats    ]     Code Roots                      109 us
[2.629s][info][gc,stats    ]     CLDG                              8 us
[2.629s][info][gc,stats    ]     Exception Caches                  0 us
[2.629s][info][gc,stats    ] Concurrent Strong Roots             112 us, parallelism: 0.23x
[2.629s][info][gc,stats    ]   CSR: <total>                       26 us
[2.629s][info][gc,stats    ]   CSR: VM Strong Roots                2 us, workers (us):   2, ---, ---, 
[2.629s][info][gc,stats    ]   CSR: CLDG Roots                    24 us, workers (us):  24, ---, ---, 
[2.629s][info][gc,stats    ] Concurrent Evacuation               161 us
[2.629s][info][gc,stats    ] Pause Init Update Refs (G)          214 us
[2.629s][info][gc,stats    ] Pause Init Update Refs (N)          112 us
[2.629s][info][gc,stats    ]   Manage GCLABs                       3 us
[2.629s][info][gc,stats    ] Concurrent Update Refs            10332 us
[2.629s][info][gc,stats    ] Concurrent Update Thread Roots      815 us
[2.629s][info][gc,stats    ] Pause Final Update Refs (G)         259 us
[2.629s][info][gc,stats    ] Pause Final Update Refs (N)         198 us
[2.629s][info][gc,stats    ]   Update Region States               56 us
[2.629s][info][gc,stats    ]   Trash Collection Set                5 us
[2.629s][info][gc,stats    ]   Rebuild Free Set                   28 us
[2.629s][info][gc,stats    ] Concurrent Cleanup                   39 us
[2.629s][info][gc,stats    ] 
[2.629s][info][gc,stats    ] Allocation pacing accrued:
[2.630s][info][gc,stats    ]       0 of   231 ms (  0.0%): <total>
[2.630s][info][gc,stats    ]       0 of   231 ms (  0.0%): <average total>
[2.630s][info][gc,stats    ] 
[2.630s][info][gc,metaspace] Metaspace: 12196K(12416K)->12196K(12416K) NonClass: 10542K(10624K)->10542K(10624K) Class: 1653K(1792K)->1653K(1792K)
[2.630s][info][gc,ergo     ] Pacer for Idle. Initial: 163M, Alloc Tax Rate: 1.0x
[2.811s][info][gc          ] Trigger: Explicit GC request (System.gc())
[2.811s][info][gc,ergo     ] Free: 7629M, Max: 4096K regular, 7620M humongous, Frag: 0% external, 0% internal; Reserve: 412M, Max: 4096K
[2.812s][info][gc,start    ] GC(7) Concurrent reset
[2.812s][info][gc,task     ] GC(7) Using 1 of 3 workers for concurrent reset
[2.812s][info][gc,ergo     ] GC(7) Pacer for Reset. Non-Taxable: 8192M
[2.812s][info][gc          ] GC(7) Concurrent reset 0.322ms
[2.812s][info][gc,start    ] GC(7) Pause Init Mark (unload classes)
[2.812s][info][gc,task     ] GC(7) Using 3 of 3 workers for init marking
[2.812s][info][gc,ref      ] GC(7) Clearing All SoftReferences
[2.812s][info][gc,ergo     ] GC(7) Pacer for Mark. Expected Live: 25373K, Free: 7629M, Non-Taxable: 762M, Alloc Tax Rate: 0.0x
[2.812s][info][gc          ] GC(7) Pause Init Mark (unload classes) 0.178ms
[2.812s][info][gc,start    ] GC(7) Concurrent marking roots
[2.812s][info][gc,task     ] GC(7) Using 1 of 3 workers for concurrent marking roots
[2.813s][info][gc          ] GC(7) Concurrent marking roots 0.463ms
[2.813s][info][gc,start    ] GC(7) Concurrent marking (unload classes)
[2.813s][info][gc,task     ] GC(7) Using 1 of 3 workers for concurrent marking
[2.833s][info][gc          ] GC(7) Concurrent marking (unload classes) 20.088ms
[2.833s][info][gc,start    ] GC(7) Pause Final Mark (unload classes)
[2.833s][info][gc,task     ] GC(7) Using 3 of 3 workers for final marking
[2.833s][info][gc,ergo     ] GC(7) Collectable Garbage: 116M (92%), Immediate: 116M (92%), CSet: 0B (0%)
[2.833s][info][gc          ] GC(7) Pause Final Mark (unload classes) 0.167ms
[2.833s][info][gc,start    ] GC(7) Concurrent weak references
[2.833s][info][gc,task     ] GC(7) Using 1 of 3 workers for concurrent weak references
[2.833s][info][gc,ref      ] GC(7) Encountered references: Soft: 154, Weak: 720, Final: 0, Phantom: 33
[2.833s][info][gc,ref      ] GC(7) Discovered  references: Soft: 96, Weak: 158, Final: 0, Phantom: 31
[2.833s][info][gc,ref      ] GC(7) Enqueued    references: Soft: 3, Weak: 0, Final: 0, Phantom: 0
[2.833s][info][gc          ] GC(7) Concurrent weak references 0.129ms
[2.833s][info][gc,start    ] GC(7) Concurrent weak roots
[2.833s][info][gc,task     ] GC(7) Using 1 of 3 workers for concurrent weak root
[2.834s][info][gc          ] GC(7) Concurrent weak roots 0.473ms
[2.834s][info][gc,start    ] GC(7) Concurrent cleanup
[2.834s][info][gc          ] GC(7) Concurrent cleanup 150M->34M(8192M) 0.026ms
[2.834s][info][gc,ergo     ] GC(7) Free: 7745M, Max: 4096K regular, 7620M humongous, Frag: 2% external, 0% internal; Reserve: 412M, Max: 4096K
[2.834s][info][gc,start    ] GC(7) Concurrent class unloading
[2.834s][info][gc,task     ] GC(7) Using 1 of 3 workers for concurrent class unloading
[2.835s][info][gc          ] GC(7) Concurrent class unloading 1.651ms
[2.835s][info][gc,start    ] GC(7) Pause Final Roots
[2.836s][info][gc          ] GC(7) Pause Final Roots 0.026ms
[2.836s][info][gc,ergo     ] Free: 7745M, Max: 4096K regular, 7620M humongous, Frag: 2% external, 0% internal; Reserve: 412M, Max: 4096K
[2.836s][info][gc,stats    ] 
[2.836s][info][gc,stats    ] All times are wall-clock times, except per-root-class counters, that are sum over
[2.836s][info][gc,stats    ] all workers. Dividing the <total> over the root stage time estimates parallelism.
[2.836s][info][gc,stats    ] 
[2.836s][info][gc,stats    ] Concurrent Reset                    370 us
[2.836s][info][gc,stats    ] Pause Init Mark (G)                 301 us
[2.836s][info][gc,stats    ] Pause Init Mark (N)                 194 us
[2.836s][info][gc,stats    ]   Update Region States               75 us
[2.836s][info][gc,stats    ] Concurrent Mark Roots               505 us, parallelism: 0.63x
[2.836s][info][gc,stats    ]   CMR: <total>                      320 us
[2.836s][info][gc,stats    ]   CMR: Thread Roots                 282 us, workers (us): 282, ---, ---, 
[2.836s][info][gc,stats    ]   CMR: VM Strong Roots                4 us, workers (us):   4, ---, ---, 
[2.836s][info][gc,stats    ]   CMR: CLDG Roots                    34 us, workers (us):  34, ---, ---, 
[2.836s][info][gc,stats    ] Concurrent Marking                20139 us
[2.836s][info][gc,stats    ] Pause Final Mark (G)                219 us
[2.836s][info][gc,stats    ] Pause Final Mark (N)                175 us
[2.836s][info][gc,stats    ]   Finish Mark                        43 us
[2.836s][info][gc,stats    ]   Update Region States               34 us
[2.836s][info][gc,stats    ]   Choose Collection Set              32 us
[2.836s][info][gc,stats    ]   Rebuild Free Set                    8 us
[2.836s][info][gc,stats    ] Concurrent Weak References          136 us, parallelism: 0.07x
[2.836s][info][gc,stats    ]   CWRF: <total>                      10 us
[2.836s][info][gc,stats    ]   CWRF: Weak References              10 us, workers (us):  10, ---, ---, 
[2.836s][info][gc,stats    ] Concurrent Weak Roots               496 us
[2.836s][info][gc,stats    ]   Roots                             399 us, parallelism: 0.87x
[2.836s][info][gc,stats    ]     CWR: <total>                    346 us
[2.836s][info][gc,stats    ]     CWR: Code Cache Roots           279 us, workers (us): 279, ---, ---, 
[2.836s][info][gc,stats    ]     CWR: VM Weak Roots               60 us, workers (us):  60, ---, ---, 
[2.836s][info][gc,stats    ]     CWR: CLDG Roots                   6 us, workers (us):   6, ---, ---, 
[2.836s][info][gc,stats    ]   Rendezvous                         58 us
[2.836s][info][gc,stats    ] Concurrent Cleanup                   34 us
[2.836s][info][gc,stats    ] Concurrent Class Unloading         1691 us
[2.836s][info][gc,stats    ]   Unlink Stale                     1482 us
[2.836s][info][gc,stats    ]     System Dictionary                 4 us
[2.836s][info][gc,stats    ]     Weak Class Links                  0 us
[2.836s][info][gc,stats    ]     Code Roots                     1476 us
[2.836s][info][gc,stats    ]   Rendezvous                         57 us
[2.836s][info][gc,stats    ]   Purge Unlinked                     94 us
[2.836s][info][gc,stats    ]     Code Roots                       89 us
[2.836s][info][gc,stats    ]     CLDG                              5 us
[2.836s][info][gc,stats    ]     Exception Caches                  0 us
[2.836s][info][gc,stats    ] Pause Final Roots (G)                88 us
[2.836s][info][gc,stats    ] Pause Final Roots (N)                34 us
[2.836s][info][gc,stats    ] 
[2.836s][info][gc,stats    ] Allocation pacing accrued:
[2.836s][info][gc,stats    ]       0 of   206 ms (  0.0%): <total>
[2.836s][info][gc,stats    ]       0 of   206 ms (  0.0%): <average total>
[2.836s][info][gc,stats    ] 
[2.836s][info][gc,metaspace] Metaspace: 12196K(12416K)->12196K(12416K) NonClass: 10542K(10624K)->10542K(10624K) Class: 1653K(1792K)->1653K(1792K)
[2.836s][info][gc,ergo     ] Pacer for Idle. Initial: 163M, Alloc Tax Rate: 1.0x
[3.016s][info][gc          ] Trigger: Explicit GC request (System.gc())
[3.016s][info][gc,ergo     ] Free: 7621M, Max: 4096K regular, 7612M humongous, Frag: 0% external, 0% internal; Reserve: 412M, Max: 4096K
[3.016s][info][gc,start    ] GC(8) Concurrent reset
[3.016s][info][gc,task     ] GC(8) Using 1 of 3 workers for concurrent reset
[3.016s][info][gc,ergo     ] GC(8) Pacer for Reset. Non-Taxable: 8192M
[3.016s][info][gc          ] GC(8) Concurrent reset 0.328ms
[3.016s][info][gc,start    ] GC(8) Pause Init Mark (unload classes)
[3.016s][info][gc,task     ] GC(8) Using 3 of 3 workers for init marking
[3.016s][info][gc,ref      ] GC(8) Clearing All SoftReferences
[3.016s][info][gc,ergo     ] GC(8) Pacer for Mark. Expected Live: 25373K, Free: 7621M, Non-Taxable: 762M, Alloc Tax Rate: 0.0x
[3.016s][info][gc          ] GC(8) Pause Init Mark (unload classes) 0.176ms
[3.016s][info][gc,start    ] GC(8) Concurrent marking roots
[3.016s][info][gc,task     ] GC(8) Using 1 of 3 workers for concurrent marking roots
[3.017s][info][gc          ] GC(8) Concurrent marking roots 0.792ms
[3.017s][info][gc,start    ] GC(8) Concurrent marking (unload classes)
[3.017s][info][gc,task     ] GC(8) Using 1 of 3 workers for concurrent marking
[3.037s][info][gc          ] GC(8) Concurrent marking (unload classes) 19.620ms
[3.037s][info][gc,start    ] GC(8) Pause Final Mark (unload classes)
[3.037s][info][gc,task     ] GC(8) Using 3 of 3 workers for final marking
[3.037s][info][gc,ergo     ] GC(8) Adaptive CSet Selection. Target Free: 1160M, Actual Free: 8144M, Max CSet: 341M, Min Garbage: 0B
[3.037s][info][gc,ergo     ] GC(8) Collectable Garbage: 131M (99%), Immediate: 120M (90%), CSet: 12273K (8%)
[3.037s][info][gc,ergo     ] GC(8) Pacer for Evacuation. Used CSet: 12274K, Free: 7741M, Non-Taxable: 774M, Alloc Tax Rate: 1.1x
[3.037s][info][gc          ] GC(8) Pause Final Mark (unload classes) 0.515ms
[3.038s][info][gc,start    ] GC(8) Concurrent thread roots
[3.038s][info][gc,task     ] GC(8) Using 1 of 3 workers for Concurrent thread roots
[3.038s][info][gc          ] GC(8) Concurrent thread roots 0.379ms
[3.038s][info][gc,start    ] GC(8) Concurrent weak references
[3.038s][info][gc,task     ] GC(8) Using 1 of 3 workers for concurrent weak references
[3.038s][info][gc,ref      ] GC(8) Encountered references: Soft: 154, Weak: 720, Final: 0, Phantom: 33
[3.038s][info][gc,ref      ] GC(8) Discovered  references: Soft: 96, Weak: 158, Final: 0, Phantom: 31
[3.038s][info][gc,ref      ] GC(8) Enqueued    references: Soft: 3, Weak: 0, Final: 0, Phantom: 0
[3.038s][info][gc          ] GC(8) Concurrent weak references 0.125ms
[3.038s][info][gc,start    ] GC(8) Concurrent weak roots
[3.038s][info][gc,task     ] GC(8) Using 1 of 3 workers for concurrent weak root
[3.039s][info][gc          ] GC(8) Concurrent weak roots 0.487ms
[3.039s][info][gc,start    ] GC(8) Concurrent cleanup
[3.039s][info][gc          ] GC(8) Concurrent cleanup 158M->38M(8192M) 0.028ms
[3.039s][info][gc,ergo     ] GC(8) Free: 7741M, Max: 4096K regular, 7612M humongous, Frag: 2% external, 0% internal; Reserve: 411M, Max: 4096K
[3.039s][info][gc,start    ] GC(8) Concurrent class unloading
[3.039s][info][gc,task     ] GC(8) Using 1 of 3 workers for concurrent class unloading
[3.040s][info][gc          ] GC(8) Concurrent class unloading 1.834ms
[3.041s][info][gc,start    ] GC(8) Concurrent strong roots
[3.041s][info][gc,task     ] GC(8) Using 1 of 3 workers for concurrent strong root
[3.041s][info][gc          ] GC(8) Concurrent strong roots 0.102ms
[3.041s][info][gc,start    ] GC(8) Concurrent evacuation
[3.041s][info][gc,task     ] GC(8) Using 1 of 3 workers for concurrent evacuation
[3.041s][info][gc          ] GC(8) Concurrent evacuation 0.118ms
[3.041s][info][gc,start    ] GC(8) Pause Init Update Refs
[3.041s][info][gc,ergo     ] GC(8) Pacer for Update Refs. Used: 38968K, Free: 7741M, Non-Taxable: 774M, Alloc Tax Rate: 1.1x
[3.041s][info][gc          ] GC(8) Pause Init Update Refs 0.081ms
[3.041s][info][gc,start    ] GC(8) Concurrent update references
[3.041s][info][gc,task     ] GC(8) Using 1 of 3 workers for concurrent reference update
[3.051s][info][gc          ] GC(8) Concurrent update references 10.435ms
[3.052s][info][gc,start    ] GC(8) Concurrent update thread roots
[3.052s][info][gc          ] GC(8) Concurrent update thread roots 0.812ms
[3.052s][info][gc,start    ] GC(8) Pause Final Update Refs
[3.052s][info][gc,task     ] GC(8) Using 3 of 3 workers for final reference update
[3.053s][info][gc          ] GC(8) Pause Final Update Refs 0.184ms
[3.053s][info][gc,start    ] GC(8) Concurrent cleanup
[3.053s][info][gc          ] GC(8) Concurrent cleanup 38M->26M(8192M) 0.029ms
[3.053s][info][gc,ergo     ] Free: 7753M, Max: 4096K regular, 7740M humongous, Frag: 0% external, 0% internal; Reserve: 412M, Max: 4096K
[3.053s][info][gc,stats    ] 
[3.053s][info][gc,stats    ] All times are wall-clock times, except per-root-class counters, that are sum over
[3.053s][info][gc,stats    ] all workers. Dividing the <total> over the root stage time estimates parallelism.
[3.053s][info][gc,stats    ] 
[3.053s][info][gc,stats    ] Concurrent Reset                    372 us
[3.053s][info][gc,stats    ] Pause Init Mark (G)                 271 us
[3.053s][info][gc,stats    ] Pause Init Mark (N)                 193 us
[3.053s][info][gc,stats    ]   Update Region States               83 us
[3.053s][info][gc,stats    ] Concurrent Mark Roots               818 us, parallelism: 0.83x
[3.053s][info][gc,stats    ]   CMR: <total>                      680 us
[3.053s][info][gc,stats    ]   CMR: Thread Roots                 608 us, workers (us): 608, ---, ---, 
[3.053s][info][gc,stats    ]   CMR: VM Strong Roots                6 us, workers (us):   6, ---, ---, 
[3.053s][info][gc,stats    ]   CMR: CLDG Roots                    66 us, workers (us):  66, ---, ---, 
[3.053s][info][gc,stats    ] Concurrent Marking                19669 us
[3.053s][info][gc,stats    ] Pause Final Mark (G)                641 us
[3.053s][info][gc,stats    ] Pause Final Mark (N)                536 us
[3.053s][info][gc,stats    ]   Finish Mark                       159 us
[3.053s][info][gc,stats    ]   Update Region States              123 us
[3.053s][info][gc,stats    ]   Choose Collection Set              99 us
[3.053s][info][gc,stats    ]   Rebuild Free Set                   21 us
[3.053s][info][gc,stats    ] Concurrent Thread Roots             400 us, parallelism: 0.71x
[3.053s][info][gc,stats    ]   CTR: <total>                      282 us
[3.053s][info][gc,stats    ]   CTR: Thread Roots                 282 us, workers (us): 282, ---, ---, 
[3.053s][info][gc,stats    ] Concurrent Weak References          132 us, parallelism: 0.20x
[3.053s][info][gc,stats    ]   CWRF: <total>                      27 us
[3.053s][info][gc,stats    ]   CWRF: Weak References              27 us, workers (us):  27, ---, ---, 
[3.053s][info][gc,stats    ] Concurrent Weak Roots               520 us
[3.053s][info][gc,stats    ]   Roots                             413 us, parallelism: 0.85x
[3.053s][info][gc,stats    ]     CWR: <total>                    350 us
[3.053s][info][gc,stats    ]     CWR: Code Cache Roots           281 us, workers (us): 281, ---, ---, 
[3.053s][info][gc,stats    ]     CWR: VM Weak Roots               63 us, workers (us):  63, ---, ---, 
[3.053s][info][gc,stats    ]     CWR: CLDG Roots                   6 us, workers (us):   6, ---, ---, 
[3.053s][info][gc,stats    ]   Rendezvous                         58 us
[3.053s][info][gc,stats    ] Concurrent Cleanup                   36 us
[3.053s][info][gc,stats    ] Concurrent Class Unloading         1891 us
[3.053s][info][gc,stats    ]   Unlink Stale                     1589 us
[3.053s][info][gc,stats    ]     System Dictionary                 6 us
[3.053s][info][gc,stats    ]     Weak Class Links                  0 us
[3.053s][info][gc,stats    ]     Code Roots                     1581 us
[3.053s][info][gc,stats    ]   Rendezvous                         87 us
[3.053s][info][gc,stats    ]   Purge Unlinked                    135 us
[3.053s][info][gc,stats    ]     Code Roots                      128 us
[3.053s][info][gc,stats    ]     CLDG                              6 us
[3.053s][info][gc,stats    ]     Exception Caches                  0 us
[3.053s][info][gc,stats    ] Concurrent Strong Roots             122 us, parallelism: 0.24x
[3.053s][info][gc,stats    ]   CSR: <total>                       29 us
[3.053s][info][gc,stats    ]   CSR: VM Strong Roots                3 us, workers (us):   3, ---, ---, 
[3.053s][info][gc,stats    ]   CSR: CLDG Roots                    27 us, workers (us):  27, ---, ---, 
[3.053s][info][gc,stats    ] Concurrent Evacuation               135 us
[3.053s][info][gc,stats    ] Pause Init Update Refs (G)          202 us
[3.053s][info][gc,stats    ] Pause Init Update Refs (N)          102 us
[3.053s][info][gc,stats    ]   Manage GCLABs                       3 us
[3.053s][info][gc,stats    ] Concurrent Update Refs            10501 us
[3.053s][info][gc,stats    ] Concurrent Update Thread Roots      841 us
[3.053s][info][gc,stats    ] Pause Final Update Refs (G)         275 us
[3.053s][info][gc,stats    ] Pause Final Update Refs (N)         211 us
[3.053s][info][gc,stats    ]   Update Region States               71 us
[3.053s][info][gc,stats    ]   Trash Collection Set                6 us
[3.053s][info][gc,stats    ]   Rebuild Free Set                   28 us
[3.053s][info][gc,stats    ] Concurrent Cleanup                   38 us
[3.053s][info][gc,stats    ] 
[3.053s][info][gc,stats    ] Allocation pacing accrued:
[3.053s][info][gc,stats    ]       0 of   217 ms (  0.0%): <total>
[3.053s][info][gc,stats    ]       0 of   217 ms (  0.0%): <average total>
[3.053s][info][gc,stats    ] 
[3.053s][info][gc,metaspace] Metaspace: 12201K(12416K)->12201K(12416K) NonClass: 10547K(10624K)->10547K(10624K) Class: 1653K(1792K)->1653K(1792K)
[3.053s][info][gc,ergo     ] Pacer for Idle. Initial: 163M, Alloc Tax Rate: 1.0x
[3.236s][info][gc          ] Trigger: Explicit GC request (System.gc())
[3.236s][info][gc,ergo     ] Free: 7629M, Max: 4096K regular, 7616M humongous, Frag: 0% external, 0% internal; Reserve: 412M, Max: 4096K
[3.236s][info][gc,start    ] GC(9) Concurrent reset
[3.236s][info][gc,task     ] GC(9) Using 1 of 3 workers for concurrent reset
[3.236s][info][gc,ergo     ] GC(9) Pacer for Reset. Non-Taxable: 8192M
[3.237s][info][gc          ] GC(9) Concurrent reset 0.360ms
[3.237s][info][gc,start    ] GC(9) Pause Init Mark (unload classes)
[3.237s][info][gc,task     ] GC(9) Using 3 of 3 workers for init marking
[3.237s][info][gc,ref      ] GC(9) Clearing All SoftReferences
[3.237s][info][gc,ergo     ] GC(9) Pacer for Mark. Expected Live: 25373K, Free: 7629M, Non-Taxable: 762M, Alloc Tax Rate: 0.0x
[3.237s][info][gc          ] GC(9) Pause Init Mark (unload classes) 0.209ms
[3.237s][info][gc,start    ] GC(9) Concurrent marking roots
[3.237s][info][gc,task     ] GC(9) Using 1 of 3 workers for concurrent marking roots
[3.238s][info][gc          ] GC(9) Concurrent marking roots 0.469ms
[3.238s][info][gc,start    ] GC(9) Concurrent marking (unload classes)
[3.238s][info][gc,task     ] GC(9) Using 1 of 3 workers for concurrent marking
[3.257s][info][gc          ] GC(9) Concurrent marking (unload classes) 19.760ms
[3.258s][info][gc,start    ] GC(9) Pause Final Mark (unload classes)
[3.258s][info][gc,task     ] GC(9) Using 3 of 3 workers for final marking
[3.258s][info][gc,ergo     ] GC(9) Collectable Garbage: 116M (92%), Immediate: 116M (92%), CSet: 0B (0%)
[3.258s][info][gc          ] GC(9) Pause Final Mark (unload classes) 0.314ms
[3.258s][info][gc,start    ] GC(9) Concurrent weak references
[3.258s][info][gc,task     ] GC(9) Using 1 of 3 workers for concurrent weak references
[3.258s][info][gc,ref      ] GC(9) Encountered references: Soft: 154, Weak: 720, Final: 0, Phantom: 33
[3.258s][info][gc,ref      ] GC(9) Discovered  references: Soft: 96, Weak: 158, Final: 0, Phantom: 31
[3.258s][info][gc,ref      ] GC(9) Enqueued    references: Soft: 3, Weak: 0, Final: 0, Phantom: 0
[3.258s][info][gc          ] GC(9) Concurrent weak references 0.214ms
[3.258s][info][gc,start    ] GC(9) Concurrent weak roots
[3.258s][info][gc,task     ] GC(9) Using 1 of 3 workers for concurrent weak root
[3.259s][info][gc          ] GC(9) Concurrent weak roots 0.516ms
[3.259s][info][gc,start    ] GC(9) Concurrent cleanup
[3.259s][info][gc          ] GC(9) Concurrent cleanup 150M->34M(8192M) 0.040ms
[3.259s][info][gc,ergo     ] GC(9) Free: 7745M, Max: 4096K regular, 7616M humongous, Frag: 2% external, 0% internal; Reserve: 412M, Max: 4096K
[3.259s][info][gc,start    ] GC(9) Concurrent class unloading
[3.259s][info][gc,task     ] GC(9) Using 1 of 3 workers for concurrent class unloading
[3.260s][info][gc          ] GC(9) Concurrent class unloading 1.573ms
[3.260s][info][gc,start    ] GC(9) Pause Final Roots
[3.260s][info][gc          ] GC(9) Pause Final Roots 0.019ms
[3.261s][info][gc,ergo     ] Free: 7745M, Max: 4096K regular, 7616M humongous, Frag: 2% external, 0% internal; Reserve: 412M, Max: 4096K
[3.261s][info][gc,stats    ] 
[3.261s][info][gc,stats    ] All times are wall-clock times, except per-root-class counters, that are sum over
[3.261s][info][gc,stats    ] all workers. Dividing the <total> over the root stage time estimates parallelism.
[3.261s][info][gc,stats    ] 
[3.261s][info][gc,stats    ] Concurrent Reset                    411 us
[3.261s][info][gc,stats    ] Pause Init Mark (G)                 373 us
[3.261s][info][gc,stats    ] Pause Init Mark (N)                 231 us
[3.261s][info][gc,stats    ]   Update Region States               77 us
[3.261s][info][gc,stats    ] Concurrent Mark Roots               515 us, parallelism: 0.63x
[3.261s][info][gc,stats    ]   CMR: <total>                      325 us
[3.261s][info][gc,stats    ]   CMR: Thread Roots                 287 us, workers (us): 287, ---, ---, 
[3.261s][info][gc,stats    ]   CMR: VM Strong Roots                4 us, workers (us):   4, ---, ---, 
[3.261s][info][gc,stats    ]   CMR: CLDG Roots                    35 us, workers (us):  35, ---, ---, 
[3.261s][info][gc,stats    ] Concurrent Marking                19810 us
[3.261s][info][gc,stats    ] Pause Final Mark (G)                418 us
[3.261s][info][gc,stats    ] Pause Final Mark (N)                329 us
[3.261s][info][gc,stats    ]   Finish Mark                       102 us
[3.261s][info][gc,stats    ]   Update Region States               65 us
[3.261s][info][gc,stats    ]   Choose Collection Set              40 us
[3.261s][info][gc,stats    ]   Rebuild Free Set                    9 us
[3.261s][info][gc,stats    ] Concurrent Weak References          233 us, parallelism: 0.03x
[3.261s][info][gc,stats    ]   CWRF: <total>                       8 us
[3.261s][info][gc,stats    ]   CWRF: Weak References               8 us, workers (us):   8, ---, ---, 
[3.261s][info][gc,stats    ] Concurrent Weak Roots               554 us
[3.261s][info][gc,stats    ]   Roots                             430 us, parallelism: 0.83x
[3.261s][info][gc,stats    ]     CWR: <total>                    359 us
[3.261s][info][gc,stats    ]     CWR: Code Cache Roots           294 us, workers (us): 294, ---, ---, 
[3.261s][info][gc,stats    ]     CWR: VM Weak Roots               59 us, workers (us):  59, ---, ---, 
[3.261s][info][gc,stats    ]     CWR: CLDG Roots                   6 us, workers (us):   6, ---, ---, 
[3.261s][info][gc,stats    ]   Rendezvous                         51 us
[3.261s][info][gc,stats    ] Concurrent Cleanup                   61 us
[3.261s][info][gc,stats    ] Concurrent Class Unloading         1602 us
[3.261s][info][gc,stats    ]   Unlink Stale                     1439 us
[3.261s][info][gc,stats    ]     System Dictionary                 5 us
[3.261s][info][gc,stats    ]     Weak Class Links                  0 us
[3.261s][info][gc,stats    ]     Code Roots                     1433 us
[3.261s][info][gc,stats    ]   Rendezvous                         28 us
[3.261s][info][gc,stats    ]   Purge Unlinked                     71 us
[3.261s][info][gc,stats    ]     Code Roots                       65 us
[3.261s][info][gc,stats    ]     CLDG                              6 us
[3.261s][info][gc,stats    ]     Exception Caches                  0 us
[3.261s][info][gc,stats    ] Pause Final Roots (G)                58 us
[3.261s][info][gc,stats    ] Pause Final Roots (N)                28 us
[3.261s][info][gc,stats    ] 
[3.261s][info][gc,stats    ] Allocation pacing accrued:
[3.261s][info][gc,stats    ]       0 of   208 ms (  0.0%): <total>
[3.261s][info][gc,stats    ]       0 of   208 ms (  0.0%): <average total>
[3.261s][info][gc,stats    ] 
[3.261s][info][gc,metaspace] Metaspace: 12209K(12416K)->12209K(12416K) NonClass: 10553K(10624K)->10553K(10624K) Class: 1655K(1792K)->1655K(1792K)
[3.261s][info][gc,ergo     ] Pacer for Idle. Initial: 163M, Alloc Tax Rate: 1.0x
[3.440s][info][gc          ] Trigger: Explicit GC request (System.gc())
[3.440s][info][gc,ergo     ] Free: 7621M, Max: 4096K regular, 7608M humongous, Frag: 0% external, 0% internal; Reserve: 412M, Max: 4096K
[3.440s][info][gc,start    ] GC(10) Concurrent reset
[3.440s][info][gc,task     ] GC(10) Using 1 of 3 workers for concurrent reset
[3.440s][info][gc,ergo     ] GC(10) Pacer for Reset. Non-Taxable: 8192M
[3.441s][info][gc          ] GC(10) Concurrent reset 0.715ms
[3.441s][info][gc,start    ] GC(10) Pause Init Mark (unload classes)
[3.441s][info][gc,task     ] GC(10) Using 3 of 3 workers for init marking
[3.441s][info][gc,ref      ] GC(10) Clearing All SoftReferences
[3.441s][info][gc,ergo     ] GC(10) Pacer for Mark. Expected Live: 25373K, Free: 7621M, Non-Taxable: 762M, Alloc Tax Rate: 0.0x
[3.441s][info][gc          ] GC(10) Pause Init Mark (unload classes) 0.212ms
[3.441s][info][gc,start    ] GC(10) Concurrent marking roots
[3.441s][info][gc,task     ] GC(10) Using 1 of 3 workers for concurrent marking roots
[3.442s][info][gc          ] GC(10) Concurrent marking roots 0.794ms
[3.442s][info][gc,start    ] GC(10) Concurrent marking (unload classes)
[3.442s][info][gc,task     ] GC(10) Using 1 of 3 workers for concurrent marking
[3.462s][info][gc          ] GC(10) Concurrent marking (unload classes) 19.843ms
[3.462s][info][gc,start    ] GC(10) Pause Final Mark (unload classes)
[3.462s][info][gc,task     ] GC(10) Using 3 of 3 workers for final marking
[3.462s][info][gc,ergo     ] GC(10) Adaptive CSet Selection. Target Free: 1160M, Actual Free: 8140M, Max CSet: 341M, Min Garbage: 0B
[3.462s][info][gc,ergo     ] GC(10) Collectable Garbage: 131M (99%), Immediate: 120M (90%), CSet: 12273K (8%)
[3.462s][info][gc,ergo     ] GC(10) Pacer for Evacuation. Used CSet: 12274K, Free: 7741M, Non-Taxable: 774M, Alloc Tax Rate: 1.1x
[3.463s][info][gc          ] GC(10) Pause Final Mark (unload classes) 0.436ms
[3.463s][info][gc,start    ] GC(10) Concurrent thread roots
[3.463s][info][gc,task     ] GC(10) Using 1 of 3 workers for Concurrent thread roots
[3.463s][info][gc          ] GC(10) Concurrent thread roots 0.417ms
[3.463s][info][gc,start    ] GC(10) Concurrent weak references
[3.463s][info][gc,task     ] GC(10) Using 1 of 3 workers for concurrent weak references
[3.463s][info][gc,ref      ] GC(10) Encountered references: Soft: 154, Weak: 720, Final: 0, Phantom: 33
[3.463s][info][gc,ref      ] GC(10) Discovered  references: Soft: 96, Weak: 158, Final: 0, Phantom: 31
[3.463s][info][gc,ref      ] GC(10) Enqueued    references: Soft: 3, Weak: 0, Final: 0, Phantom: 0
[3.463s][info][gc          ] GC(10) Concurrent weak references 0.155ms
[3.463s][info][gc,start    ] GC(10) Concurrent weak roots
[3.463s][info][gc,task     ] GC(10) Using 1 of 3 workers for concurrent weak root
[3.464s][info][gc          ] GC(10) Concurrent weak roots 0.506ms
[3.464s][info][gc,start    ] GC(10) Concurrent cleanup
[3.464s][info][gc          ] GC(10) Concurrent cleanup 158M->38M(8192M) 0.024ms
[3.464s][info][gc,ergo     ] GC(10) Free: 7741M, Max: 4096K regular, 7608M humongous, Frag: 2% external, 0% internal; Reserve: 411M, Max: 4096K
[3.464s][info][gc,start    ] GC(10) Concurrent class unloading
[3.464s][info][gc,task     ] GC(10) Using 1 of 3 workers for concurrent class unloading
[3.466s][info][gc          ] GC(10) Concurrent class unloading 1.949ms
[3.466s][info][gc,start    ] GC(10) Concurrent strong roots
[3.466s][info][gc,task     ] GC(10) Using 1 of 3 workers for concurrent strong root
[3.466s][info][gc          ] GC(10) Concurrent strong roots 0.169ms
[3.466s][info][gc,start    ] GC(10) Concurrent evacuation
[3.466s][info][gc,task     ] GC(10) Using 1 of 3 workers for concurrent evacuation
[3.466s][info][gc          ] GC(10) Concurrent evacuation 0.146ms
[3.466s][info][gc,start    ] GC(10) Pause Init Update Refs
[3.466s][info][gc,ergo     ] GC(10) Pacer for Update Refs. Used: 38974K, Free: 7741M, Non-Taxable: 774M, Alloc Tax Rate: 1.1x
[3.466s][info][gc          ] GC(10) Pause Init Update Refs 0.085ms
[3.466s][info][gc,start    ] GC(10) Concurrent update references
[3.466s][info][gc,task     ] GC(10) Using 1 of 3 workers for concurrent reference update
[3.476s][info][gc          ] GC(10) Concurrent update references 9.644ms
[3.476s][info][gc,start    ] GC(10) Concurrent update thread roots
[3.477s][info][gc          ] GC(10) Concurrent update thread roots 0.709ms
[3.477s][info][gc,start    ] GC(10) Pause Final Update Refs
[3.477s][info][gc,task     ] GC(10) Using 3 of 3 workers for final reference update
[3.477s][info][gc          ] GC(10) Pause Final Update Refs 0.196ms
[3.477s][info][gc,start    ] GC(10) Concurrent cleanup
[3.477s][info][gc          ] GC(10) Concurrent cleanup 38M->26M(8192M) 0.056ms
[3.477s][info][gc,ergo     ] Free: 7753M, Max: 4096K regular, 7736M humongous, Frag: 0% external, 0% internal; Reserve: 412M, Max: 4096K
[3.477s][info][gc,stats    ] 
[3.477s][info][gc,stats    ] All times are wall-clock times, except per-root-class counters, that are sum over
[3.477s][info][gc,stats    ] all workers. Dividing the <total> over the root stage time estimates parallelism.
[3.477s][info][gc,stats    ] 
[3.477s][info][gc,stats    ] Concurrent Reset                    792 us
[3.477s][info][gc,stats    ] Pause Init Mark (G)                 330 us
[3.477s][info][gc,stats    ] Pause Init Mark (N)                 229 us
[3.477s][info][gc,stats    ]   Update Region States              102 us
[3.477s][info][gc,stats    ] Concurrent Mark Roots               821 us, parallelism: 0.81x
[3.477s][info][gc,stats    ]   CMR: <total>                      667 us
[3.477s][info][gc,stats    ]   CMR: Thread Roots                 587 us, workers (us): 587, ---, ---, 
[3.477s][info][gc,stats    ]   CMR: VM Strong Roots                8 us, workers (us):   8, ---, ---, 
[3.477s][info][gc,stats    ]   CMR: CLDG Roots                    72 us, workers (us):  72, ---, ---, 
[3.477s][info][gc,stats    ] Concurrent Marking                19909 us
[3.477s][info][gc,stats    ] Pause Final Mark (G)                583 us
[3.477s][info][gc,stats    ] Pause Final Mark (N)                457 us
[3.477s][info][gc,stats    ]   Finish Mark                        95 us
[3.477s][info][gc,stats    ]   Update Region States               97 us
[3.477s][info][gc,stats    ]   Choose Collection Set              98 us
[3.477s][info][gc,stats    ]   Rebuild Free Set                   21 us
[3.477s][info][gc,stats    ] Concurrent Thread Roots             456 us, parallelism: 0.63x
[3.477s][info][gc,stats    ]   CTR: <total>                      287 us
[3.477s][info][gc,stats    ]   CTR: Thread Roots                 287 us, workers (us): 287, ---, ---, 
[3.477s][info][gc,stats    ] Concurrent Weak References          163 us, parallelism: 0.10x
[3.477s][info][gc,stats    ]   CWRF: <total>                      16 us
[3.477s][info][gc,stats    ]   CWRF: Weak References              16 us, workers (us):  16, ---, ---, 
[3.477s][info][gc,stats    ] Concurrent Weak Roots               525 us
[3.477s][info][gc,stats    ]   Roots                             383 us, parallelism: 0.87x
[3.478s][info][gc,stats    ]     CWR: <total>                    333 us
[3.478s][info][gc,stats    ]     CWR: Code Cache Roots           264 us, workers (us): 264, ---, ---, 
[3.478s][info][gc,stats    ]     CWR: VM Weak Roots               63 us, workers (us):  63, ---, ---, 
[3.478s][info][gc,stats    ]     CWR: CLDG Roots                   6 us, workers (us):   6, ---, ---, 
[3.478s][info][gc,stats    ]   Rendezvous                        106 us
[3.478s][info][gc,stats    ] Concurrent Cleanup                   32 us
[3.478s][info][gc,stats    ] Concurrent Class Unloading         1993 us
[3.478s][info][gc,stats    ]   Unlink Stale                     1711 us
[3.478s][info][gc,stats    ]     System Dictionary                 3 us
[3.478s][info][gc,stats    ]     Weak Class Links                  0 us
[3.478s][info][gc,stats    ]     Code Roots                     1707 us
[3.478s][info][gc,stats    ]   Rendezvous                        108 us
[3.478s][info][gc,stats    ]   Purge Unlinked                    111 us
[3.478s][info][gc,stats    ]     Code Roots                      102 us
[3.478s][info][gc,stats    ]     CLDG                              8 us
[3.478s][info][gc,stats    ]     Exception Caches                  0 us
[3.478s][info][gc,stats    ] Concurrent Strong Roots             206 us, parallelism: 0.20x
[3.478s][info][gc,stats    ]   CSR: <total>                       42 us
[3.478s][info][gc,stats    ]   CSR: VM Strong Roots                4 us, workers (us):   4, ---, ---, 
[3.478s][info][gc,stats    ]   CSR: CLDG Roots                    38 us, workers (us):  38, ---, ---, 
[3.478s][info][gc,stats    ] Concurrent Evacuation               185 us
[3.478s][info][gc,stats    ] Pause Init Update Refs (G)          197 us
[3.478s][info][gc,stats    ] Pause Init Update Refs (N)          106 us
[3.478s][info][gc,stats    ]   Manage GCLABs                       4 us
[3.478s][info][gc,stats    ] Concurrent Update Refs             9708 us
[3.478s][info][gc,stats    ] Concurrent Update Thread Roots      747 us
[3.478s][info][gc,stats    ] Pause Final Update Refs (G)         341 us
[3.478s][info][gc,stats    ] Pause Final Update Refs (N)         225 us
[3.478s][info][gc,stats    ]   Update Region States               81 us
[3.478s][info][gc,stats    ]   Trash Collection Set                4 us
[3.478s][info][gc,stats    ]   Rebuild Free Set                   28 us
[3.478s][info][gc,stats    ] Concurrent Cleanup                   76 us
[3.478s][info][gc,stats    ] 
[3.478s][info][gc,stats    ] Allocation pacing accrued:
[3.478s][info][gc,stats    ]       0 of   217 ms (  0.0%): <total>
[3.478s][info][gc,stats    ]       0 of   217 ms (  0.0%): <average total>
[3.478s][info][gc,stats    ] 
[3.478s][info][gc,metaspace] Metaspace: 12212K(12416K)->12212K(12416K) NonClass: 10556K(10624K)->10556K(10624K) Class: 1655K(1792K)->1655K(1792K)
[3.478s][info][gc,ergo     ] Pacer for Idle. Initial: 163M, Alloc Tax Rate: 1.0x
[3.660s][info][gc          ] Trigger: Explicit GC request (System.gc())
[3.660s][info][gc,ergo     ] Free: 7629M, Max: 4096K regular, 7612M humongous, Frag: 0% external, 0% internal; Reserve: 412M, Max: 4096K
[3.660s][info][gc,start    ] GC(11) Concurrent reset
[3.660s][info][gc,task     ] GC(11) Using 1 of 3 workers for concurrent reset
[3.660s][info][gc,ergo     ] GC(11) Pacer for Reset. Non-Taxable: 8192M
[3.661s][info][gc          ] GC(11) Concurrent reset 0.385ms
[3.661s][info][gc,start    ] GC(11) Pause Init Mark (unload classes)
[3.661s][info][gc,task     ] GC(11) Using 3 of 3 workers for init marking
[3.661s][info][gc,ref      ] GC(11) Clearing All SoftReferences
[3.661s][info][gc,ergo     ] GC(11) Pacer for Mark. Expected Live: 25373K, Free: 7629M, Non-Taxable: 762M, Alloc Tax Rate: 0.0x
[3.661s][info][gc          ] GC(11) Pause Init Mark (unload classes) 0.212ms
[3.661s][info][gc,start    ] GC(11) Concurrent marking roots
[3.661s][info][gc,task     ] GC(11) Using 1 of 3 workers for concurrent marking roots
[3.662s][info][gc          ] GC(11) Concurrent marking roots 0.443ms
[3.662s][info][gc,start    ] GC(11) Concurrent marking (unload classes)
[3.662s][info][gc,task     ] GC(11) Using 1 of 3 workers for concurrent marking
[3.682s][info][gc          ] GC(11) Concurrent marking (unload classes) 20.274ms
[3.682s][info][gc,start    ] GC(11) Pause Final Mark (unload classes)
[3.682s][info][gc,task     ] GC(11) Using 3 of 3 workers for final marking
[3.682s][info][gc,ergo     ] GC(11) Collectable Garbage: 116M (92%), Immediate: 116M (92%), CSet: 0B (0%)
[3.683s][info][gc          ] GC(11) Pause Final Mark (unload classes) 0.372ms
[3.683s][info][gc,start    ] GC(11) Concurrent weak references
[3.683s][info][gc,task     ] GC(11) Using 1 of 3 workers for concurrent weak references
[3.683s][info][gc,ref      ] GC(11) Encountered references: Soft: 154, Weak: 720, Final: 0, Phantom: 33
[3.683s][info][gc,ref      ] GC(11) Discovered  references: Soft: 96, Weak: 158, Final: 0, Phantom: 31
[3.683s][info][gc,ref      ] GC(11) Enqueued    references: Soft: 3, Weak: 0, Final: 0, Phantom: 0
[3.683s][info][gc          ] GC(11) Concurrent weak references 0.129ms
[3.683s][info][gc,start    ] GC(11) Concurrent weak roots
[3.683s][info][gc,task     ] GC(11) Using 1 of 3 workers for concurrent weak root
[3.683s][info][gc          ] GC(11) Concurrent weak roots 0.503ms
[3.683s][info][gc,start    ] GC(11) Concurrent cleanup
[3.683s][info][gc          ] GC(11) Concurrent cleanup 150M->34M(8192M) 0.023ms
[3.683s][info][gc,ergo     ] GC(11) Free: 7745M, Max: 4096K regular, 7612M humongous, Frag: 2% external, 0% internal; Reserve: 412M, Max: 4096K
[3.683s][info][gc,start    ] GC(11) Concurrent class unloading
[3.683s][info][gc,task     ] GC(11) Using 1 of 3 workers for concurrent class unloading
[3.685s][info][gc          ] GC(11) Concurrent class unloading 2.029ms
[3.685s][info][gc,start    ] GC(11) Pause Final Roots
[3.685s][info][gc          ] GC(11) Pause Final Roots 0.021ms
[3.686s][info][gc,ergo     ] Free: 7745M, Max: 4096K regular, 7612M humongous, Frag: 2% external, 0% internal; Reserve: 412M, Max: 4096K
[3.686s][info][gc,stats    ] 
[3.686s][info][gc,stats    ] All times are wall-clock times, except per-root-class counters, that are sum over
[3.686s][info][gc,stats    ] all workers. Dividing the <total> over the root stage time estimates parallelism.
[3.686s][info][gc,stats    ] 
[3.686s][info][gc,stats    ] Concurrent Reset                    452 us
[3.686s][info][gc,stats    ] Pause Init Mark (G)                 369 us
[3.686s][info][gc,stats    ] Pause Init Mark (N)                 233 us
[3.686s][info][gc,stats    ]   Update Region States               79 us
[3.686s][info][gc,stats    ] Concurrent Mark Roots               460 us, parallelism: 0.69x
[3.686s][info][gc,stats    ]   CMR: <total>                      319 us
[3.686s][info][gc,stats    ]   CMR: Thread Roots                 281 us, workers (us): 281, ---, ---, 
[3.686s][info][gc,stats    ]   CMR: VM Strong Roots                3 us, workers (us):   3, ---, ---, 
[3.686s][info][gc,stats    ]   CMR: CLDG Roots                    34 us, workers (us):  34, ---, ---, 
[3.686s][info][gc,stats    ] Concurrent Marking                20340 us
[3.686s][info][gc,stats    ] Pause Final Mark (G)                520 us
[3.686s][info][gc,stats    ] Pause Final Mark (N)                397 us
[3.686s][info][gc,stats    ]   Finish Mark                        93 us
[3.686s][info][gc,stats    ]   Update Region States               99 us
[3.686s][info][gc,stats    ]   Choose Collection Set              73 us
[3.686s][info][gc,stats    ]   Rebuild Free Set                   21 us
[3.686s][info][gc,stats    ] Concurrent Weak References          136 us, parallelism: 0.05x
[3.686s][info][gc,stats    ]   CWRF: <total>                       7 us
[3.686s][info][gc,stats    ]   CWRF: Weak References               7 us, workers (us):   7, ---, ---, 
[3.686s][info][gc,stats    ] Concurrent Weak Roots               521 us
[3.686s][info][gc,stats    ]   Roots                             384 us, parallelism: 0.87x
[3.686s][info][gc,stats    ]     CWR: <total>                    332 us
[3.686s][info][gc,stats    ]     CWR: Code Cache Roots           268 us, workers (us): 268, ---, ---, 
[3.686s][info][gc,stats    ]     CWR: VM Weak Roots               59 us, workers (us):  59, ---, ---, 
[3.686s][info][gc,stats    ]     CWR: CLDG Roots                   5 us, workers (us):   5, ---, ---, 
[3.686s][info][gc,stats    ]   Rendezvous                        103 us
[3.686s][info][gc,stats    ] Concurrent Cleanup                   31 us
[3.686s][info][gc,stats    ] Concurrent Class Unloading         2090 us
[3.686s][info][gc,stats    ]   Unlink Stale                     1757 us
[3.686s][info][gc,stats    ]     System Dictionary                 3 us
[3.686s][info][gc,stats    ]     Weak Class Links                  0 us
[3.686s][info][gc,stats    ]     Code Roots                     1753 us
[3.686s][info][gc,stats    ]   Rendezvous                         60 us
[3.686s][info][gc,stats    ]   Purge Unlinked                    193 us
[3.686s][info][gc,stats    ]     Code Roots                      181 us
[3.686s][info][gc,stats    ]     CLDG                             11 us
[3.686s][info][gc,stats    ]     Exception Caches                  0 us
[3.686s][info][gc,stats    ] Pause Final Roots (G)                84 us
[3.686s][info][gc,stats    ] Pause Final Roots (N)                29 us
[3.686s][info][gc,stats    ] 
[3.686s][info][gc,stats    ] Allocation pacing accrued:
[3.686s][info][gc,stats    ]       0 of   208 ms (  0.0%): <total>
[3.686s][info][gc,stats    ]       0 of   208 ms (  0.0%): <average total>
[3.686s][info][gc,stats    ] 
[3.686s][info][gc,metaspace] Metaspace: 12219K(12480K)->12220K(12480K) NonClass: 10563K(10688K)->10564K(10688K) Class: 1655K(1792K)->1655K(1792K)
[3.686s][info][gc,ergo     ] Pacer for Idle. Initial: 163M, Alloc Tax Rate: 1.0x
[3.880s][info][gc          ] Trigger: Explicit GC request (System.gc())
[3.880s][info][gc,ergo     ] Free: 7621M, Max: 4096K regular, 7604M humongous, Frag: 0% external, 0% internal; Reserve: 412M, Max: 4096K
[3.880s][info][gc,start    ] GC(12) Concurrent reset
[3.880s][info][gc,task     ] GC(12) Using 1 of 3 workers for concurrent reset
[3.881s][info][gc,ergo     ] GC(12) Pacer for Reset. Non-Taxable: 8192M
[3.881s][info][gc          ] GC(12) Concurrent reset 0.483ms
[3.881s][info][gc,start    ] GC(12) Pause Init Mark (unload classes)
[3.881s][info][gc,task     ] GC(12) Using 3 of 3 workers for init marking
[3.881s][info][gc,ref      ] GC(12) Clearing All SoftReferences
[3.881s][info][gc,ergo     ] GC(12) Pacer for Mark. Expected Live: 25374K, Free: 7621M, Non-Taxable: 762M, Alloc Tax Rate: 0.0x
[3.881s][info][gc          ] GC(12) Pause Init Mark (unload classes) 0.178ms
[3.881s][info][gc,start    ] GC(12) Concurrent marking roots
[3.881s][info][gc,task     ] GC(12) Using 1 of 3 workers for concurrent marking roots
[3.882s][info][gc          ] GC(12) Concurrent marking roots 0.699ms
[3.882s][info][gc,start    ] GC(12) Concurrent marking (unload classes)
[3.882s][info][gc,task     ] GC(12) Using 1 of 3 workers for concurrent marking
[3.902s][info][gc          ] GC(12) Concurrent marking (unload classes) 19.995ms
[3.902s][info][gc,start    ] GC(12) Pause Final Mark (unload classes)
[3.902s][info][gc,task     ] GC(12) Using 3 of 3 workers for final marking
[3.903s][info][gc,ergo     ] GC(12) Adaptive CSet Selection. Target Free: 1160M, Actual Free: 8136M, Max CSet: 341M, Min Garbage: 0B
[3.903s][info][gc,ergo     ] GC(12) Collectable Garbage: 131M (99%), Immediate: 120M (90%), CSet: 12273K (8%)
[3.903s][info][gc,ergo     ] GC(12) Pacer for Evacuation. Used CSet: 12274K, Free: 7741M, Non-Taxable: 774M, Alloc Tax Rate: 1.1x
[3.903s][info][gc          ] GC(12) Pause Final Mark (unload classes) 0.507ms
[3.903s][info][gc,start    ] GC(12) Concurrent thread roots
[3.903s][info][gc,task     ] GC(12) Using 1 of 3 workers for Concurrent thread roots
[3.904s][info][gc          ] GC(12) Concurrent thread roots 0.712ms
[3.904s][info][gc,start    ] GC(12) Concurrent weak references
[3.904s][info][gc,task     ] GC(12) Using 1 of 3 workers for concurrent weak references
[3.904s][info][gc,ref      ] GC(12) Encountered references: Soft: 154, Weak: 720, Final: 0, Phantom: 33
[3.904s][info][gc,ref      ] GC(12) Discovered  references: Soft: 96, Weak: 158, Final: 0, Phantom: 31
[3.904s][info][gc,ref      ] GC(12) Enqueued    references: Soft: 3, Weak: 0, Final: 0, Phantom: 0
[3.904s][info][gc          ] GC(12) Concurrent weak references 0.159ms
[3.904s][info][gc,start    ] GC(12) Concurrent weak roots
[3.904s][info][gc,task     ] GC(12) Using 1 of 3 workers for concurrent weak root
[3.904s][info][gc          ] GC(12) Concurrent weak roots 0.603ms
[3.904s][info][gc,start    ] GC(12) Concurrent cleanup
[3.904s][info][gc          ] GC(12) Concurrent cleanup 158M->38M(8192M) 0.028ms
[3.904s][info][gc,ergo     ] GC(12) Free: 7741M, Max: 4096K regular, 7604M humongous, Frag: 2% external, 0% internal; Reserve: 411M, Max: 4096K
[3.904s][info][gc,start    ] GC(12) Concurrent class unloading
[3.904s][info][gc,task     ] GC(12) Using 1 of 3 workers for concurrent class unloading
[3.907s][info][gc          ] GC(12) Concurrent class unloading 2.338ms
[3.907s][info][gc,start    ] GC(12) Concurrent strong roots
[3.907s][info][gc,task     ] GC(12) Using 1 of 3 workers for concurrent strong root
[3.907s][info][gc          ] GC(12) Concurrent strong roots 0.141ms
[3.907s][info][gc,start    ] GC(12) Concurrent evacuation
[3.907s][info][gc,task     ] GC(12) Using 1 of 3 workers for concurrent evacuation
[3.907s][info][gc          ] GC(12) Concurrent evacuation 0.147ms
[3.907s][info][gc,start    ] GC(12) Pause Init Update Refs
[3.907s][info][gc,ergo     ] GC(12) Pacer for Update Refs. Used: 38980K, Free: 7741M, Non-Taxable: 774M, Alloc Tax Rate: 1.1x
[3.907s][info][gc          ] GC(12) Pause Init Update Refs 0.080ms
[3.907s][info][gc,start    ] GC(12) Concurrent update references
[3.907s][info][gc,task     ] GC(12) Using 1 of 3 workers for concurrent reference update
[3.917s][info][gc          ] GC(12) Concurrent update references 9.609ms
[3.917s][info][gc,start    ] GC(12) Concurrent update thread roots
[3.918s][info][gc          ] GC(12) Concurrent update thread roots 0.841ms
[3.918s][info][gc,start    ] GC(12) Pause Final Update Refs
[3.918s][info][gc,task     ] GC(12) Using 3 of 3 workers for final reference update
[3.918s][info][gc          ] GC(12) Pause Final Update Refs 0.195ms
[3.918s][info][gc,start    ] GC(12) Concurrent cleanup
[3.918s][info][gc          ] GC(12) Concurrent cleanup 38M->26M(8192M) 0.029ms
[3.918s][info][gc,ergo     ] Free: 7753M, Max: 4096K regular, 7732M humongous, Frag: 0% external, 0% internal; Reserve: 412M, Max: 4096K
[3.918s][info][gc,stats    ] 
[3.918s][info][gc,stats    ] All times are wall-clock times, except per-root-class counters, that are sum over
[3.918s][info][gc,stats    ] all workers. Dividing the <total> over the root stage time estimates parallelism.
[3.918s][info][gc,stats    ] 
[3.918s][info][gc,stats    ] Concurrent Reset                    590 us
[3.918s][info][gc,stats    ] Pause Init Mark (G)                 322 us
[3.918s][info][gc,stats    ] Pause Init Mark (N)                 194 us
[3.918s][info][gc,stats    ]   Update Region States               74 us
[3.918s][info][gc,stats    ] Concurrent Mark Roots               717 us, parallelism: 0.82x
[3.918s][info][gc,stats    ]   CMR: <total>                      591 us
[3.918s][info][gc,stats    ]   CMR: Thread Roots                 518 us, workers (us): 518, ---, ---, 
[3.918s][info][gc,stats    ]   CMR: VM Strong Roots                5 us, workers (us):   5, ---, ---, 
[3.918s][info][gc,stats    ]   CMR: CLDG Roots                    68 us, workers (us):  68, ---, ---, 
[3.918s][info][gc,stats    ] Concurrent Marking                20067 us
[3.918s][info][gc,stats    ] Pause Final Mark (G)                622 us
[3.918s][info][gc,stats    ] Pause Final Mark (N)                529 us
[3.918s][info][gc,stats    ]   Finish Mark                       199 us
[3.918s][info][gc,stats    ]   Update Region States               74 us
[3.918s][info][gc,stats    ]   Choose Collection Set              99 us
[3.918s][info][gc,stats    ]   Rebuild Free Set                   21 us
[3.918s][info][gc,stats    ] Concurrent Thread Roots             744 us, parallelism: 0.77x
[3.918s][info][gc,stats    ]   CTR: <total>                      569 us
[3.918s][info][gc,stats    ]   CTR: Thread Roots                 569 us, workers (us): 569, ---, ---, 
[3.918s][info][gc,stats    ] Concurrent Weak References          167 us, parallelism: 0.21x
[3.918s][info][gc,stats    ]   CWRF: <total>                      34 us
[3.918s][info][gc,stats    ]   CWRF: Weak References              34 us, workers (us):  34, ---, ---, 
[3.919s][info][gc,stats    ] Concurrent Weak Roots               637 us
[3.919s][info][gc,stats    ]   Roots                             527 us, parallelism: 0.84x
[3.919s][info][gc,stats    ]     CWR: <total>                    443 us
[3.919s][info][gc,stats    ]     CWR: Code Cache Roots           317 us, workers (us): 317, ---, ---, 
[3.919s][info][gc,stats    ]     CWR: VM Weak Roots              118 us, workers (us): 118, ---, ---, 
[3.919s][info][gc,stats    ]     CWR: CLDG Roots                   7 us, workers (us):   7, ---, ---, 
[3.919s][info][gc,stats    ]   Rendezvous                         58 us
[3.919s][info][gc,stats    ] Concurrent Cleanup                   36 us
[3.919s][info][gc,stats    ] Concurrent Class Unloading         2408 us
[3.919s][info][gc,stats    ]   Unlink Stale                     2044 us
[3.919s][info][gc,stats    ]     System Dictionary                 6 us
[3.919s][info][gc,stats    ]     Weak Class Links                  0 us
[3.919s][info][gc,stats    ]     Code Roots                     2036 us
[3.919s][info][gc,stats    ]   Rendezvous                        101 us
[3.919s][info][gc,stats    ]   Purge Unlinked                    171 us
[3.919s][info][gc,stats    ]     Code Roots                      161 us
[3.919s][info][gc,stats    ]     CLDG                              9 us
[3.919s][info][gc,stats    ]     Exception Caches                  0 us
[3.919s][info][gc,stats    ] Concurrent Strong Roots             178 us, parallelism: 0.18x
[3.919s][info][gc,stats    ]   CSR: <total>                       32 us
[3.919s][info][gc,stats    ]   CSR: VM Strong Roots                2 us, workers (us):   2, ---, ---, 
[3.919s][info][gc,stats    ]   CSR: CLDG Roots                    30 us, workers (us):  30, ---, ---, 
[3.919s][info][gc,stats    ] Concurrent Evacuation               165 us
[3.919s][info][gc,stats    ] Pause Init Update Refs (G)          210 us
[3.919s][info][gc,stats    ] Pause Init Update Refs (N)          101 us
[3.919s][info][gc,stats    ]   Manage GCLABs                       3 us
[3.919s][info][gc,stats    ] Concurrent Update Refs             9678 us
[3.919s][info][gc,stats    ] Concurrent Update Thread Roots      880 us
[3.919s][info][gc,stats    ] Pause Final Update Refs (G)         322 us
[3.919s][info][gc,stats    ] Pause Final Update Refs (N)         222 us
[3.919s][info][gc,stats    ]   Update Region States               78 us
[3.919s][info][gc,stats    ]   Trash Collection Set                6 us
[3.919s][info][gc,stats    ]   Rebuild Free Set                   28 us
[3.919s][info][gc,stats    ] Concurrent Cleanup                   38 us
[3.919s][info][gc,stats    ] 
[3.919s][info][gc,stats    ] Allocation pacing accrued:
[3.919s][info][gc,stats    ]       0 of   233 ms (  0.0%): <total>
[3.919s][info][gc,stats    ]       0 of   233 ms (  0.0%): <average total>
[3.919s][info][gc,stats    ] 
[3.919s][info][gc,metaspace] Metaspace: 12225K(12480K)->12225K(12480K) NonClass: 10569K(10688K)->10569K(10688K) Class: 1655K(1792K)->1655K(1792K)
[3.919s][info][gc,ergo     ] Pacer for Idle. Initial: 163M, Alloc Tax Rate: 1.0x
[4.100s][info][gc          ] Trigger: Explicit GC request (System.gc())
[4.100s][info][gc,ergo     ] Free: 7629M, Max: 4096K regular, 7608M humongous, Frag: 0% external, 0% internal; Reserve: 412M, Max: 4096K
[4.100s][info][gc,start    ] GC(13) Concurrent reset
[4.100s][info][gc,task     ] GC(13) Using 1 of 3 workers for concurrent reset
[4.100s][info][gc,ergo     ] GC(13) Pacer for Reset. Non-Taxable: 8192M
[4.100s][info][gc          ] GC(13) Concurrent reset 0.308ms
[4.100s][info][gc,start    ] GC(13) Pause Init Mark (unload classes)
[4.100s][info][gc,task     ] GC(13) Using 3 of 3 workers for init marking
[4.100s][info][gc,ref      ] GC(13) Clearing All SoftReferences
[4.100s][info][gc,ergo     ] GC(13) Pacer for Mark. Expected Live: 25374K, Free: 7629M, Non-Taxable: 762M, Alloc Tax Rate: 0.0x
[4.100s][info][gc          ] GC(13) Pause Init Mark (unload classes) 0.114ms
[4.100s][info][gc,start    ] GC(13) Concurrent marking roots
[4.101s][info][gc,task     ] GC(13) Using 1 of 3 workers for concurrent marking roots
[4.101s][info][gc          ] GC(13) Concurrent marking roots 0.418ms
[4.101s][info][gc,start    ] GC(13) Concurrent marking (unload classes)
[4.101s][info][gc,task     ] GC(13) Using 1 of 3 workers for concurrent marking
[4.121s][info][gc          ] GC(13) Concurrent marking (unload classes) 20.004ms
[4.121s][info][gc,start    ] GC(13) Pause Final Mark (unload classes)
[4.121s][info][gc,task     ] GC(13) Using 3 of 3 workers for final marking
[4.121s][info][gc,ergo     ] GC(13) Collectable Garbage: 116M (92%), Immediate: 116M (92%), CSet: 0B (0%)
[4.122s][info][gc          ] GC(13) Pause Final Mark (unload classes) 0.462ms
[4.122s][info][gc,start    ] GC(13) Concurrent weak references
[4.122s][info][gc,task     ] GC(13) Using 1 of 3 workers for concurrent weak references
[4.122s][info][gc,ref      ] GC(13) Encountered references: Soft: 154, Weak: 720, Final: 0, Phantom: 33
[4.122s][info][gc,ref      ] GC(13) Discovered  references: Soft: 96, Weak: 158, Final: 0, Phantom: 31
[4.122s][info][gc,ref      ] GC(13) Enqueued    references: Soft: 3, Weak: 0, Final: 0, Phantom: 0
[4.122s][info][gc          ] GC(13) Concurrent weak references 0.141ms
[4.122s][info][gc,start    ] GC(13) Concurrent weak roots
[4.122s][info][gc,task     ] GC(13) Using 1 of 3 workers for concurrent weak root
[4.122s][info][gc          ] GC(13) Concurrent weak roots 0.523ms
[4.122s][info][gc,start    ] GC(13) Concurrent cleanup
[4.122s][info][gc          ] GC(13) Concurrent cleanup 150M->34M(8192M) 0.031ms
[4.122s][info][gc,ergo     ] GC(13) Free: 7745M, Max: 4096K regular, 7608M humongous, Frag: 2% external, 0% internal; Reserve: 412M, Max: 4096K
[4.122s][info][gc,start    ] GC(13) Concurrent class unloading
[4.122s][info][gc,task     ] GC(13) Using 1 of 3 workers for concurrent class unloading
[4.124s][info][gc          ] GC(13) Concurrent class unloading 1.797ms
[4.124s][info][gc,start    ] GC(13) Pause Final Roots
[4.124s][info][gc          ] GC(13) Pause Final Roots 0.020ms
[4.124s][info][gc,ergo     ] Free: 7745M, Max: 4096K regular, 7608M humongous, Frag: 2% external, 0% internal; Reserve: 412M, Max: 4096K
[4.124s][info][gc,stats    ] 
[4.124s][info][gc,stats    ] All times are wall-clock times, except per-root-class counters, that are sum over
[4.124s][info][gc,stats    ] all workers. Dividing the <total> over the root stage time estimates parallelism.
[4.124s][info][gc,stats    ] 
[4.124s][info][gc,stats    ] Concurrent Reset                    348 us
[4.124s][info][gc,stats    ] Pause Init Mark (G)                 195 us
[4.124s][info][gc,stats    ] Pause Init Mark (N)                 122 us
[4.124s][info][gc,stats    ]   Update Region States               54 us
[4.124s][info][gc,stats    ] Concurrent Mark Roots               438 us, parallelism: 0.74x
[4.124s][info][gc,stats    ]   CMR: <total>                      325 us
[4.124s][info][gc,stats    ]   CMR: Thread Roots                 285 us, workers (us): 285, ---, ---, 
[4.124s][info][gc,stats    ]   CMR: VM Strong Roots                4 us, workers (us):   4, ---, ---, 
[4.124s][info][gc,stats    ]   CMR: CLDG Roots                    35 us, workers (us):  35, ---, ---, 
[4.124s][info][gc,stats    ] Concurrent Marking                20070 us
[4.124s][info][gc,stats    ] Pause Final Mark (G)                593 us
[4.124s][info][gc,stats    ] Pause Final Mark (N)                486 us
[4.124s][info][gc,stats    ]   Finish Mark                       159 us
[4.124s][info][gc,stats    ]   Update Region States              123 us
[4.124s][info][gc,stats    ]   Choose Collection Set              74 us
[4.124s][info][gc,stats    ]   Rebuild Free Set                   21 us
[4.124s][info][gc,stats    ] Concurrent Weak References          150 us, parallelism: 0.08x
[4.124s][info][gc,stats    ]   CWRF: <total>                      12 us
[4.124s][info][gc,stats    ]   CWRF: Weak References              12 us, workers (us):  12, ---, ---, 
[4.124s][info][gc,stats    ] Concurrent Weak Roots               566 us
[4.125s][info][gc,stats    ]   Roots                             423 us, parallelism: 0.85x
[4.125s][info][gc,stats    ]     CWR: <total>                    360 us
[4.125s][info][gc,stats    ]     CWR: Code Cache Roots           293 us, workers (us): 293, ---, ---, 
[4.125s][info][gc,stats    ]     CWR: VM Weak Roots               60 us, workers (us):  60, ---, ---, 
[4.125s][info][gc,stats    ]     CWR: CLDG Roots                   6 us, workers (us):   6, ---, ---, 
[4.125s][info][gc,stats    ]   Rendezvous                         81 us
[4.125s][info][gc,stats    ] Concurrent Cleanup                   39 us
[4.125s][info][gc,stats    ] Concurrent Class Unloading         1828 us
[4.125s][info][gc,stats    ]   Unlink Stale                     1662 us
[4.125s][info][gc,stats    ]     System Dictionary                 7 us
[4.125s][info][gc,stats    ]     Weak Class Links                  0 us
[4.125s][info][gc,stats    ]     Code Roots                     1654 us
[4.125s][info][gc,stats    ]   Rendezvous                         35 us
[4.125s][info][gc,stats    ]   Purge Unlinked                     82 us
[4.125s][info][gc,stats    ]     Code Roots                       77 us
[4.125s][info][gc,stats    ]     CLDG                              5 us
[4.125s][info][gc,stats    ]     Exception Caches                  0 us
[4.125s][info][gc,stats    ] Pause Final Roots (G)                79 us
[4.125s][info][gc,stats    ] Pause Final Roots (N)                28 us
[4.125s][info][gc,stats    ] 
[4.125s][info][gc,stats    ] Allocation pacing accrued:
[4.125s][info][gc,stats    ]       0 of   206 ms (  0.0%): <total>
[4.125s][info][gc,stats    ]       0 of   206 ms (  0.0%): <average total>
[4.125s][info][gc,stats    ] 
[4.125s][info][gc,metaspace] Metaspace: 12228K(12480K)->12228K(12480K) NonClass: 10573K(10688K)->10573K(10688K) Class: 1655K(1792K)->1655K(1792K)
[4.125s][info][gc,ergo     ] Pacer for Idle. Initial: 163M, Alloc Tax Rate: 1.0x
[4.320s][info][gc          ] Trigger: Explicit GC request (System.gc())
[4.320s][info][gc,ergo     ] Free: 7621M, Max: 4096K regular, 7600M humongous, Frag: 0% external, 0% internal; Reserve: 412M, Max: 4096K
[4.320s][info][gc,start    ] GC(14) Concurrent reset
[4.320s][info][gc,task     ] GC(14) Using 1 of 3 workers for concurrent reset
[4.320s][info][gc,ergo     ] GC(14) Pacer for Reset. Non-Taxable: 8192M
[4.320s][info][gc          ] GC(14) Concurrent reset 0.515ms
[4.320s][info][gc,start    ] GC(14) Pause Init Mark (unload classes)
[4.321s][info][gc,task     ] GC(14) Using 3 of 3 workers for init marking
[4.321s][info][gc,ref      ] GC(14) Clearing All SoftReferences
[4.321s][info][gc,ergo     ] GC(14) Pacer for Mark. Expected Live: 25374K, Free: 7621M, Non-Taxable: 762M, Alloc Tax Rate: 0.0x
[4.321s][info][gc          ] GC(14) Pause Init Mark (unload classes) 0.278ms
[4.321s][info][gc,start    ] GC(14) Concurrent marking roots
[4.321s][info][gc,task     ] GC(14) Using 1 of 3 workers for concurrent marking roots
[4.322s][info][gc          ] GC(14) Concurrent marking roots 0.787ms
[4.322s][info][gc,start    ] GC(14) Concurrent marking (unload classes)
[4.322s][info][gc,task     ] GC(14) Using 1 of 3 workers for concurrent marking
[4.342s][info][gc          ] GC(14) Concurrent marking (unload classes) 19.900ms
[4.342s][info][gc,start    ] GC(14) Pause Final Mark (unload classes)
[4.342s][info][gc,task     ] GC(14) Using 3 of 3 workers for final marking
[4.342s][info][gc,ergo     ] GC(14) Collectable Garbage: 124M (93%), Immediate: 124M (93%), CSet: 0B (0%)
[4.342s][info][gc          ] GC(14) Pause Final Mark (unload classes) 0.371ms
[4.342s][info][gc,start    ] GC(14) Concurrent weak references
[4.342s][info][gc,task     ] GC(14) Using 1 of 3 workers for concurrent weak references
[4.342s][info][gc,ref      ] GC(14) Encountered references: Soft: 154, Weak: 720, Final: 0, Phantom: 33
[4.342s][info][gc,ref      ] GC(14) Discovered  references: Soft: 96, Weak: 158, Final: 0, Phantom: 31
[4.342s][info][gc,ref      ] GC(14) Enqueued    references: Soft: 3, Weak: 0, Final: 0, Phantom: 0
[4.342s][info][gc          ] GC(14) Concurrent weak references 0.124ms
[4.342s][info][gc,start    ] GC(14) Concurrent weak roots
[4.342s][info][gc,task     ] GC(14) Using 1 of 3 workers for concurrent weak root
[4.343s][info][gc          ] GC(14) Concurrent weak roots 0.634ms
[4.343s][info][gc,start    ] GC(14) Concurrent cleanup
[4.343s][info][gc          ] GC(14) Concurrent cleanup 158M->34M(8192M) 0.022ms
[4.343s][info][gc,ergo     ] GC(14) Free: 7745M, Max: 4096K regular, 7600M humongous, Frag: 2% external, 0% internal; Reserve: 412M, Max: 4096K
[4.343s][info][gc,start    ] GC(14) Concurrent class unloading
[4.343s][info][gc,task     ] GC(14) Using 1 of 3 workers for concurrent class unloading
[4.345s][info][gc          ] GC(14) Concurrent class unloading 1.598ms
[4.345s][info][gc,start    ] GC(14) Pause Final Roots
[4.345s][info][gc          ] GC(14) Pause Final Roots 0.019ms
[4.345s][info][gc,ergo     ] Free: 7745M, Max: 4096K regular, 7600M humongous, Frag: 2% external, 0% internal; Reserve: 412M, Max: 4096K
[4.345s][info][gc,stats    ] 
[4.345s][info][gc,stats    ] All times are wall-clock times, except per-root-class counters, that are sum over
[4.345s][info][gc,stats    ] all workers. Dividing the <total> over the root stage time estimates parallelism.
[4.345s][info][gc,stats    ] 
[4.345s][info][gc,stats    ] Concurrent Reset                    558 us
[4.345s][info][gc,stats    ] Pause Init Mark (G)                 462 us
[4.345s][info][gc,stats    ] Pause Init Mark (N)                 300 us
[4.345s][info][gc,stats    ]   Update Region States              103 us
[4.345s][info][gc,stats    ] Concurrent Mark Roots               817 us, parallelism: 0.78x
[4.345s][info][gc,stats    ]   CMR: <total>                      640 us
[4.345s][info][gc,stats    ]   CMR: Thread Roots                 573 us, workers (us): 573, ---, ---, 
[4.345s][info][gc,stats    ]   CMR: VM Strong Roots                6 us, workers (us):   6, ---, ---, 
[4.345s][info][gc,stats    ]   CMR: CLDG Roots                    60 us, workers (us):  60, ---, ---, 
[4.345s][info][gc,stats    ] Concurrent Marking                19967 us
[4.345s][info][gc,stats    ] Pause Final Mark (G)                503 us
[4.345s][info][gc,stats    ] Pause Final Mark (N)                396 us
[4.345s][info][gc,stats    ]   Finish Mark                        90 us
[4.345s][info][gc,stats    ]   Update Region States              100 us
[4.345s][info][gc,stats    ]   Choose Collection Set              72 us
[4.345s][info][gc,stats    ]   Rebuild Free Set                   21 us
[4.345s][info][gc,stats    ] Concurrent Weak References          132 us, parallelism: 0.06x
[4.345s][info][gc,stats    ]   CWRF: <total>                       8 us
[4.345s][info][gc,stats    ]   CWRF: Weak References               8 us, workers (us):   8, ---, ---, 
[4.345s][info][gc,stats    ] Concurrent Weak Roots               655 us
[4.345s][info][gc,stats    ]   Roots                             521 us, parallelism: 0.87x
[4.345s][info][gc,stats    ]     CWR: <total>                    453 us
[4.345s][info][gc,stats    ]     CWR: Code Cache Roots           339 us, workers (us): 339, ---, ---, 
[4.345s][info][gc,stats    ]     CWR: VM Weak Roots              107 us, workers (us): 107, ---, ---, 
[4.345s][info][gc,stats    ]     CWR: CLDG Roots                   7 us, workers (us):   7, ---, ---, 
[4.345s][info][gc,stats    ]   Rendezvous                         97 us
[4.345s][info][gc,stats    ] Concurrent Cleanup                   30 us
[4.345s][info][gc,stats    ] Concurrent Class Unloading         1628 us
[4.345s][info][gc,stats    ]   Unlink Stale                     1439 us
[4.345s][info][gc,stats    ]     System Dictionary                 3 us
[4.345s][info][gc,stats    ]     Weak Class Links                  0 us
[4.345s][info][gc,stats    ]     Code Roots                     1434 us
[4.345s][info][gc,stats    ]   Rendezvous                         61 us
[4.345s][info][gc,stats    ]   Purge Unlinked                     82 us
[4.345s][info][gc,stats    ]     Code Roots                       77 us
[4.345s][info][gc,stats    ]     CLDG                              5 us
[4.345s][info][gc,stats    ]     Exception Caches                  0 us
[4.345s][info][gc,stats    ] Pause Final Roots (G)                78 us
[4.345s][info][gc,stats    ] Pause Final Roots (N)                28 us
[4.345s][info][gc,stats    ] 
[4.345s][info][gc,stats    ] Allocation pacing accrued:
[4.345s][info][gc,stats    ]       0 of   220 ms (  0.0%): <total>
[4.345s][info][gc,stats    ]       0 of   220 ms (  0.0%): <average total>
[4.345s][info][gc,stats    ] 
[4.345s][info][gc,metaspace] Metaspace: 12249K(12480K)->12249K(12480K) NonClass: 10593K(10688K)->10593K(10688K) Class: 1655K(1792K)->1655K(1792K)
[4.345s][info][gc,ergo     ] Pacer for Idle. Initial: 163M, Alloc Tax Rate: 1.0x
[4.539s][info][gc          ] Trigger: Explicit GC request (System.gc())
[4.539s][info][gc,ergo     ] Free: 7621M, Max: 4096K regular, 7600M humongous, Frag: 0% external, 0% internal; Reserve: 412M, Max: 4096K
[4.539s][info][gc,start    ] GC(15) Concurrent reset
[4.539s][info][gc,task     ] GC(15) Using 1 of 3 workers for concurrent reset
[4.539s][info][gc,ergo     ] GC(15) Pacer for Reset. Non-Taxable: 8192M
[4.540s][info][gc          ] GC(15) Concurrent reset 0.288ms
[4.540s][info][gc,start    ] GC(15) Pause Init Mark (unload classes)
[4.540s][info][gc,task     ] GC(15) Using 3 of 3 workers for init marking
[4.540s][info][gc,ref      ] GC(15) Clearing All SoftReferences
[4.540s][info][gc,ergo     ] GC(15) Pacer for Mark. Expected Live: 25374K, Free: 7621M, Non-Taxable: 762M, Alloc Tax Rate: 0.0x
[4.540s][info][gc          ] GC(15) Pause Init Mark (unload classes) 0.221ms
[4.540s][info][gc,start    ] GC(15) Concurrent marking roots
[4.540s][info][gc,task     ] GC(15) Using 1 of 3 workers for concurrent marking roots
[4.541s][info][gc          ] GC(15) Concurrent marking roots 0.762ms
[4.541s][info][gc,start    ] GC(15) Concurrent marking (unload classes)
[4.541s][info][gc,task     ] GC(15) Using 1 of 3 workers for concurrent marking
[4.561s][info][gc          ] GC(15) Concurrent marking (unload classes) 20.020ms
[4.561s][info][gc,start    ] GC(15) Pause Final Mark (unload classes)
[4.561s][info][gc,task     ] GC(15) Using 3 of 3 workers for final marking
[4.561s][info][gc,ergo     ] GC(15) Collectable Garbage: 123M (93%), Immediate: 123M (93%), CSet: 0B (0%)
[4.561s][info][gc          ] GC(15) Pause Final Mark (unload classes) 0.328ms
[4.561s][info][gc,start    ] GC(15) Concurrent weak references
[4.561s][info][gc,task     ] GC(15) Using 1 of 3 workers for concurrent weak references
[4.561s][info][gc,ref      ] GC(15) Encountered references: Soft: 154, Weak: 720, Final: 0, Phantom: 33
[4.561s][info][gc,ref      ] GC(15) Discovered  references: Soft: 96, Weak: 158, Final: 0, Phantom: 31
[4.561s][info][gc,ref      ] GC(15) Enqueued    references: Soft: 3, Weak: 0, Final: 0, Phantom: 0
[4.562s][info][gc          ] GC(15) Concurrent weak references 0.157ms
[4.562s][info][gc,start    ] GC(15) Concurrent weak roots
[4.562s][info][gc,task     ] GC(15) Using 1 of 3 workers for concurrent weak root
[4.562s][info][gc          ] GC(15) Concurrent weak roots 0.496ms
[4.562s][info][gc,start    ] GC(15) Concurrent cleanup
[4.562s][info][gc          ] GC(15) Concurrent cleanup 158M->34M(8192M) 0.021ms
[4.562s][info][gc,ergo     ] GC(15) Free: 7745M, Max: 4096K regular, 7604M humongous, Frag: 2% external, 0% internal; Reserve: 412M, Max: 4096K
[4.562s][info][gc,start    ] GC(15) Concurrent class unloading
[4.562s][info][gc,task     ] GC(15) Using 1 of 3 workers for concurrent class unloading
[4.564s][info][gc          ] GC(15) Concurrent class unloading 2.230ms
[4.564s][info][gc,start    ] GC(15) Pause Final Roots
[4.564s][info][gc          ] GC(15) Pause Final Roots 0.020ms
[4.565s][info][gc,ergo     ] Free: 7745M, Max: 4096K regular, 7604M humongous, Frag: 2% external, 0% internal; Reserve: 412M, Max: 4096K
[4.565s][info][gc,stats    ] 
[4.565s][info][gc,stats    ] All times are wall-clock times, except per-root-class counters, that are sum over
[4.565s][info][gc,stats    ] all workers. Dividing the <total> over the root stage time estimates parallelism.
[4.565s][info][gc,stats    ] 
[4.565s][info][gc,stats    ] Concurrent Reset                    316 us
[4.565s][info][gc,stats    ] Pause Init Mark (G)                 365 us
[4.565s][info][gc,stats    ] Pause Init Mark (N)                 242 us
[4.565s][info][gc,stats    ]   Update Region States               66 us
[4.565s][info][gc,stats    ] Concurrent Mark Roots               785 us, parallelism: 0.83x
[4.565s][info][gc,stats    ]   CMR: <total>                      650 us
[4.565s][info][gc,stats    ]   CMR: Thread Roots                 581 us, workers (us): 581, ---, ---, 
[4.565s][info][gc,stats    ]   CMR: VM Strong Roots                6 us, workers (us):   6, ---, ---, 
[4.565s][info][gc,stats    ]   CMR: CLDG Roots                    62 us, workers (us):  62, ---, ---, 
[4.565s][info][gc,stats    ] Concurrent Marking                20086 us
[4.565s][info][gc,stats    ] Pause Final Mark (G)                417 us
[4.565s][info][gc,stats    ] Pause Final Mark (N)                337 us
[4.565s][info][gc,stats    ]   Finish Mark                       108 us
[4.565s][info][gc,stats    ]   Update Region States               67 us
[4.565s][info][gc,stats    ]   Choose Collection Set              38 us
[4.565s][info][gc,stats    ]   Rebuild Free Set                    8 us
[4.565s][info][gc,stats    ] Concurrent Weak References          165 us, parallelism: 0.07x
[4.565s][info][gc,stats    ]   CWRF: <total>                      11 us
[4.565s][info][gc,stats    ]   CWRF: Weak References              11 us, workers (us):  11, ---, ---, 
[4.565s][info][gc,stats    ] Concurrent Weak Roots               515 us
[4.565s][info][gc,stats    ]   Roots                             378 us, parallelism: 0.90x
[4.565s][info][gc,stats    ]     CWR: <total>                    341 us
[4.565s][info][gc,stats    ]     CWR: Code Cache Roots           279 us, workers (us): 279, ---, ---, 
[4.565s][info][gc,stats    ]     CWR: VM Weak Roots               58 us, workers (us):  58, ---, ---, 
[4.565s][info][gc,stats    ]     CWR: CLDG Roots                   5 us, workers (us):   5, ---, ---, 
[4.565s][info][gc,stats    ]   Rendezvous                        103 us
[4.565s][info][gc,stats    ] Concurrent Cleanup                   29 us
[4.565s][info][gc,stats    ] Concurrent Class Unloading         2274 us
[4.565s][info][gc,stats    ]   Unlink Stale                     1948 us
[4.565s][info][gc,stats    ]     System Dictionary                 3 us
[4.565s][info][gc,stats    ]     Weak Class Links                  0 us
[4.565s][info][gc,stats    ]     Code Roots                     1944 us
[4.565s][info][gc,stats    ]   Rendezvous                        154 us
[4.565s][info][gc,stats    ]   Purge Unlinked                    110 us
[4.565s][info][gc,stats    ]     Code Roots                      101 us
[4.565s][info][gc,stats    ]     CLDG                              9 us
[4.565s][info][gc,stats    ]     Exception Caches                  0 us
[4.565s][info][gc,stats    ] Pause Final Roots (G)                97 us
[4.565s][info][gc,stats    ] Pause Final Roots (N)                28 us
[4.565s][info][gc,stats    ] 
[4.565s][info][gc,stats    ] Allocation pacing accrued:
[4.565s][info][gc,stats    ]       0 of   220 ms (  0.0%): <total>
[4.565s][info][gc,stats    ]       0 of   220 ms (  0.0%): <average total>
[4.565s][info][gc,stats    ] 
[4.565s][info][gc,metaspace] Metaspace: 12256K(12480K)->12256K(12480K) NonClass: 10601K(10688K)->10601K(10688K) Class: 1655K(1792K)->1655K(1792K)
[4.565s][info][gc,ergo     ] Pacer for Idle. Initial: 163M, Alloc Tax Rate: 1.0x
[4.743s][info][gc          ] Trigger: Explicit GC request (System.gc())
[4.743s][info][gc,ergo     ] Free: 7621M, Max: 4096K regular, 7600M humongous, Frag: 0% external, 0% internal; Reserve: 412M, Max: 4096K
[4.743s][info][gc,start    ] GC(16) Concurrent reset
[4.743s][info][gc,task     ] GC(16) Using 1 of 3 workers for concurrent reset
[4.743s][info][gc,ergo     ] GC(16) Pacer for Reset. Non-Taxable: 8192M
[4.744s][info][gc          ] GC(16) Concurrent reset 0.299ms
[4.744s][info][gc,start    ] GC(16) Pause Init Mark (unload classes)
[4.744s][info][gc,task     ] GC(16) Using 3 of 3 workers for init marking
[4.744s][info][gc,ref      ] GC(16) Clearing All SoftReferences
[4.744s][info][gc,ergo     ] GC(16) Pacer for Mark. Expected Live: 25374K, Free: 7621M, Non-Taxable: 762M, Alloc Tax Rate: 0.0x
[4.744s][info][gc          ] GC(16) Pause Init Mark (unload classes) 0.151ms
[4.744s][info][gc,start    ] GC(16) Concurrent marking roots
[4.744s][info][gc,task     ] GC(16) Using 1 of 3 workers for concurrent marking roots
[4.745s][info][gc          ] GC(16) Concurrent marking roots 0.773ms
[4.745s][info][gc,start    ] GC(16) Concurrent marking (unload classes)
[4.745s][info][gc,task     ] GC(16) Using 1 of 3 workers for concurrent marking
[4.765s][info][gc          ] GC(16) Concurrent marking (unload classes) 20.517ms
[4.765s][info][gc,start    ] GC(16) Pause Final Mark (unload classes)
[4.765s][info][gc,task     ] GC(16) Using 3 of 3 workers for final marking
[4.766s][info][gc,ergo     ] GC(16) Adaptive CSet Selection. Target Free: 1160M, Actual Free: 8132M, Max CSet: 341M, Min Garbage: 0B
[4.766s][info][gc,ergo     ] GC(16) Collectable Garbage: 131M (99%), Immediate: 120M (90%), CSet: 12269K (8%)
[4.766s][info][gc,ergo     ] GC(16) Pacer for Evacuation. Used CSet: 12270K, Free: 7741M, Non-Taxable: 774M, Alloc Tax Rate: 1.1x
[4.766s][info][gc          ] GC(16) Pause Final Mark (unload classes) 0.365ms
[4.766s][info][gc,start    ] GC(16) Concurrent thread roots
[4.766s][info][gc,task     ] GC(16) Using 1 of 3 workers for Concurrent thread roots
[4.766s][info][gc          ] GC(16) Concurrent thread roots 0.364ms
[4.766s][info][gc,start    ] GC(16) Concurrent weak references
[4.766s][info][gc,task     ] GC(16) Using 1 of 3 workers for concurrent weak references
[4.766s][info][gc,ref      ] GC(16) Encountered references: Soft: 154, Weak: 720, Final: 0, Phantom: 33
[4.766s][info][gc,ref      ] GC(16) Discovered  references: Soft: 96, Weak: 158, Final: 0, Phantom: 31
[4.766s][info][gc,ref      ] GC(16) Enqueued    references: Soft: 3, Weak: 0, Final: 0, Phantom: 0
[4.766s][info][gc          ] GC(16) Concurrent weak references 0.154ms
[4.766s][info][gc,start    ] GC(16) Concurrent weak roots
[4.766s][info][gc,task     ] GC(16) Using 1 of 3 workers for concurrent weak root
[4.767s][info][gc          ] GC(16) Concurrent weak roots 0.596ms
[4.767s][info][gc,start    ] GC(16) Concurrent cleanup
[4.767s][info][gc          ] GC(16) Concurrent cleanup 158M->38M(8192M) 0.020ms
[4.767s][info][gc,ergo     ] GC(16) Free: 7741M, Max: 4096K regular, 7600M humongous, Frag: 2% external, 0% internal; Reserve: 411M, Max: 4096K
[4.767s][info][gc,start    ] GC(16) Concurrent class unloading
[4.767s][info][gc,task     ] GC(16) Using 1 of 3 workers for concurrent class unloading
[4.769s][info][gc          ] GC(16) Concurrent class unloading 1.634ms
[4.769s][info][gc,start    ] GC(16) Concurrent strong roots
[4.769s][info][gc,task     ] GC(16) Using 1 of 3 workers for concurrent strong root
[4.769s][info][gc          ] GC(16) Concurrent strong roots 0.093ms
[4.769s][info][gc,start    ] GC(16) Concurrent evacuation
[4.769s][info][gc,task     ] GC(16) Using 1 of 3 workers for concurrent evacuation
[4.769s][info][gc          ] GC(16) Concurrent evacuation 0.109ms
[4.769s][info][gc,start    ] GC(16) Pause Init Update Refs
[4.769s][info][gc,ergo     ] GC(16) Pacer for Update Refs. Used: 38982K, Free: 7741M, Non-Taxable: 774M, Alloc Tax Rate: 1.1x
[4.769s][info][gc          ] GC(16) Pause Init Update Refs 0.080ms
[4.769s][info][gc,start    ] GC(16) Concurrent update references
[4.769s][info][gc,task     ] GC(16) Using 1 of 3 workers for concurrent reference update
[4.779s][info][gc          ] GC(16) Concurrent update references 9.711ms
[4.779s][info][gc,start    ] GC(16) Concurrent update thread roots
[4.780s][info][gc          ] GC(16) Concurrent update thread roots 0.902ms
[4.780s][info][gc,start    ] GC(16) Pause Final Update Refs
[4.780s][info][gc,task     ] GC(16) Using 3 of 3 workers for final reference update
[4.780s][info][gc          ] GC(16) Pause Final Update Refs 0.188ms
[4.780s][info][gc,start    ] GC(16) Concurrent cleanup
[4.780s][info][gc          ] GC(16) Concurrent cleanup 38M->26M(8192M) 0.030ms
[4.780s][info][gc,ergo     ] Free: 7753M, Max: 4096K regular, 7728M humongous, Frag: 0% external, 0% internal; Reserve: 412M, Max: 4096K
[4.780s][info][gc,stats    ] 
[4.780s][info][gc,stats    ] All times are wall-clock times, except per-root-class counters, that are sum over
[4.780s][info][gc,stats    ] all workers. Dividing the <total> over the root stage time estimates parallelism.
[4.780s][info][gc,stats    ] 
[4.780s][info][gc,stats    ] Concurrent Reset                    338 us
[4.780s][info][gc,stats    ] Pause Init Mark (G)                 249 us
[4.780s][info][gc,stats    ] Pause Init Mark (N)                 161 us
[4.780s][info][gc,stats    ]   Update Region States               72 us
[4.780s][info][gc,stats    ] Concurrent Mark Roots               814 us, parallelism: 0.76x
[4.780s][info][gc,stats    ]   CMR: <total>                      617 us
[4.780s][info][gc,stats    ]   CMR: Thread Roots                 549 us, workers (us): 549, ---, ---, 
[4.780s][info][gc,stats    ]   CMR: VM Strong Roots                5 us, workers (us):   5, ---, ---, 
[4.780s][info][gc,stats    ]   CMR: CLDG Roots                    63 us, workers (us):  63, ---, ---, 
[4.780s][info][gc,stats    ] Concurrent Marking                20580 us
[4.780s][info][gc,stats    ] Pause Final Mark (G)                496 us
[4.780s][info][gc,stats    ] Pause Final Mark (N)                386 us
[4.780s][info][gc,stats    ]   Finish Mark                        94 us
[4.780s][info][gc,stats    ]   Update Region States               57 us
[4.780s][info][gc,stats    ]   Choose Collection Set              77 us
[4.780s][info][gc,stats    ]   Rebuild Free Set                   21 us
[4.780s][info][gc,stats    ] Concurrent Thread Roots             381 us, parallelism: 0.74x
[4.780s][info][gc,stats    ]   CTR: <total>                      280 us
[4.780s][info][gc,stats    ]   CTR: Thread Roots                 280 us, workers (us): 280, ---, ---, 
[4.780s][info][gc,stats    ] Concurrent Weak References          161 us, parallelism: 0.15x
[4.780s][info][gc,stats    ]   CWRF: <total>                      25 us
[4.780s][info][gc,stats    ]   CWRF: Weak References              25 us, workers (us):  25, ---, ---, 
[4.780s][info][gc,stats    ] Concurrent Weak Roots               615 us
[4.780s][info][gc,stats    ]   Roots                             537 us, parallelism: 0.87x
[4.780s][info][gc,stats    ]     CWR: <total>                    465 us
[4.780s][info][gc,stats    ]     CWR: Code Cache Roots           340 us, workers (us): 340, ---, ---, 
[4.780s][info][gc,stats    ]     CWR: VM Weak Roots              118 us, workers (us): 118, ---, ---, 
[4.780s][info][gc,stats    ]     CWR: CLDG Roots                   7 us, workers (us):   7, ---, ---, 
[4.780s][info][gc,stats    ]   Rendezvous                         44 us
[4.780s][info][gc,stats    ] Concurrent Cleanup                   28 us
[4.780s][info][gc,stats    ] Concurrent Class Unloading         1672 us
[4.780s][info][gc,stats    ]   Unlink Stale                     1466 us
[4.780s][info][gc,stats    ]     System Dictionary                 3 us
[4.780s][info][gc,stats    ]     Weak Class Links                  0 us
[4.780s][info][gc,stats    ]     Code Roots                     1462 us
[4.780s][info][gc,stats    ]   Rendezvous                         55 us
[4.780s][info][gc,stats    ]   Purge Unlinked                     97 us
[4.780s][info][gc,stats    ]     Code Roots                       92 us
[4.780s][info][gc,stats    ]     CLDG                              5 us
[4.780s][info][gc,stats    ]     Exception Caches                  0 us
[4.780s][info][gc,stats    ] Concurrent Strong Roots             111 us, parallelism: 0.24x
[4.780s][info][gc,stats    ]   CSR: <total>                       26 us
[4.780s][info][gc,stats    ]   CSR: VM Strong Roots                2 us, workers (us):   2, ---, ---, 
[4.780s][info][gc,stats    ]   CSR: CLDG Roots                    24 us, workers (us):  24, ---, ---, 
[4.780s][info][gc,stats    ] Concurrent Evacuation               126 us
[4.780s][info][gc,stats    ] Pause Init Update Refs (G)          200 us
[4.780s][info][gc,stats    ] Pause Init Update Refs (N)          101 us
[4.780s][info][gc,stats    ]   Manage GCLABs                       4 us
[4.780s][info][gc,stats    ] Concurrent Update Refs             9778 us
[4.780s][info][gc,stats    ] Concurrent Update Thread Roots      920 us
[4.780s][info][gc,stats    ] Pause Final Update Refs (G)         285 us
[4.780s][info][gc,stats    ] Pause Final Update Refs (N)         226 us
[4.780s][info][gc,stats    ]   Update Region States               74 us
[4.780s][info][gc,stats    ]   Trash Collection Set                5 us
[4.780s][info][gc,stats    ]   Rebuild Free Set                   29 us
[4.780s][info][gc,stats    ] Concurrent Cleanup                   39 us
[4.781s][info][gc,stats    ] 
[4.781s][info][gc,stats    ] Allocation pacing accrued:
[4.781s][info][gc,stats    ]       0 of   215 ms (  0.0%): <total>
[4.781s][info][gc,stats    ]       0 of   215 ms (  0.0%): <average total>
[4.781s][info][gc,stats    ] 
[4.781s][info][gc,metaspace] Metaspace: 12258K(12480K)->12258K(12480K) NonClass: 10602K(10688K)->10602K(10688K) Class: 1655K(1792K)->1655K(1792K)
[4.781s][info][gc,ergo     ] Pacer for Idle. Initial: 163M, Alloc Tax Rate: 1.0x
[4.963s][info][gc          ] Trigger: Explicit GC request (System.gc())
[4.964s][info][gc,ergo     ] Free: 7629M, Max: 4096K regular, 7604M humongous, Frag: 0% external, 0% internal; Reserve: 412M, Max: 4096K
[4.964s][info][gc,start    ] GC(17) Concurrent reset
[4.964s][info][gc,task     ] GC(17) Using 1 of 3 workers for concurrent reset
[4.964s][info][gc,ergo     ] GC(17) Pacer for Reset. Non-Taxable: 8192M
[4.964s][info][gc          ] GC(17) Concurrent reset 0.343ms
[4.964s][info][gc,start    ] GC(17) Pause Init Mark (unload classes)
[4.964s][info][gc,task     ] GC(17) Using 3 of 3 workers for init marking
[4.964s][info][gc,ref      ] GC(17) Clearing All SoftReferences
[4.964s][info][gc,ergo     ] GC(17) Pacer for Mark. Expected Live: 25374K, Free: 7629M, Non-Taxable: 762M, Alloc Tax Rate: 0.0x
[4.964s][info][gc          ] GC(17) Pause Init Mark (unload classes) 0.201ms
[4.964s][info][gc,start    ] GC(17) Concurrent marking roots
[4.964s][info][gc,task     ] GC(17) Using 1 of 3 workers for concurrent marking roots
[4.965s][info][gc          ] GC(17) Concurrent marking roots 0.723ms
[4.965s][info][gc,start    ] GC(17) Concurrent marking (unload classes)
[4.965s][info][gc,task     ] GC(17) Using 1 of 3 workers for concurrent marking
[4.985s][info][gc          ] GC(17) Concurrent marking (unload classes) 19.811ms
[4.985s][info][gc,start    ] GC(17) Pause Final Mark (unload classes)
[4.985s][info][gc,task     ] GC(17) Using 3 of 3 workers for final marking
[4.985s][info][gc,ergo     ] GC(17) Collectable Garbage: 116M (92%), Immediate: 116M (92%), CSet: 0B (0%)
[4.985s][info][gc          ] GC(17) Pause Final Mark (unload classes) 0.321ms
[4.985s][info][gc,start    ] GC(17) Concurrent weak references
[4.985s][info][gc,task     ] GC(17) Using 1 of 3 workers for concurrent weak references
[4.986s][info][gc,ref      ] GC(17) Encountered references: Soft: 154, Weak: 720, Final: 0, Phantom: 33
[4.986s][info][gc,ref      ] GC(17) Discovered  references: Soft: 96, Weak: 158, Final: 0, Phantom: 31
[4.986s][info][gc,ref      ] GC(17) Enqueued    references: Soft: 3, Weak: 0, Final: 0, Phantom: 0
[4.986s][info][gc          ] GC(17) Concurrent weak references 0.249ms
[4.986s][info][gc,start    ] GC(17) Concurrent weak roots
[4.986s][info][gc,task     ] GC(17) Using 1 of 3 workers for concurrent weak root
[4.986s][info][gc          ] GC(17) Concurrent weak roots 0.707ms
[4.986s][info][gc,start    ] GC(17) Concurrent cleanup
[4.986s][info][gc          ] GC(17) Concurrent cleanup 150M->34M(8192M) 0.030ms
[4.986s][info][gc,ergo     ] GC(17) Free: 7745M, Max: 4096K regular, 7604M humongous, Frag: 2% external, 0% internal; Reserve: 412M, Max: 4096K
[4.986s][info][gc,start    ] GC(17) Concurrent class unloading
[4.986s][info][gc,task     ] GC(17) Using 1 of 3 workers for concurrent class unloading
[4.989s][info][gc          ] GC(17) Concurrent class unloading 2.127ms
[4.989s][info][gc,start    ] GC(17) Pause Final Roots
[4.989s][info][gc          ] GC(17) Pause Final Roots 0.020ms
[4.989s][info][gc,ergo     ] Free: 7745M, Max: 4096K regular, 7604M humongous, Frag: 2% external, 0% internal; Reserve: 412M, Max: 4096K
[4.989s][info][gc,stats    ] 
[4.989s][info][gc,stats    ] All times are wall-clock times, except per-root-class counters, that are sum over
[4.989s][info][gc,stats    ] all workers. Dividing the <total> over the root stage time estimates parallelism.
[4.989s][info][gc,stats    ] 
[4.989s][info][gc,stats    ] Concurrent Reset                    386 us
[4.989s][info][gc,stats    ] Pause Init Mark (G)                 339 us
[4.989s][info][gc,stats    ] Pause Init Mark (N)                 218 us
[4.989s][info][gc,stats    ]   Update Region States               74 us
[4.989s][info][gc,stats    ] Concurrent Mark Roots               746 us, parallelism: 0.83x
[4.989s][info][gc,stats    ]   CMR: <total>                      618 us
[4.989s][info][gc,stats    ]   CMR: Thread Roots                 551 us, workers (us): 551, ---, ---, 
[4.989s][info][gc,stats    ]   CMR: VM Strong Roots                5 us, workers (us):   5, ---, ---, 
[4.989s][info][gc,stats    ]   CMR: CLDG Roots                    62 us, workers (us):  62, ---, ---, 
[4.989s][info][gc,stats    ] Concurrent Marking                19881 us
[4.989s][info][gc,stats    ] Pause Final Mark (G)                461 us
[4.989s][info][gc,stats    ] Pause Final Mark (N)                344 us
[4.989s][info][gc,stats    ]   Finish Mark                        95 us
[4.989s][info][gc,stats    ]   Update Region States               66 us
[4.989s][info][gc,stats    ]   Choose Collection Set              51 us
[4.989s][info][gc,stats    ]   Rebuild Free Set                   21 us
[4.989s][info][gc,stats    ] Concurrent Weak References          266 us, parallelism: 0.06x
[4.989s][info][gc,stats    ]   CWRF: <total>                      15 us
[4.989s][info][gc,stats    ]   CWRF: Weak References              15 us, workers (us):  15, ---, ---, 
[4.989s][info][gc,stats    ] Concurrent Weak Roots               746 us
[4.989s][info][gc,stats    ]   Roots                             571 us, parallelism: 0.84x
[4.989s][info][gc,stats    ]     CWR: <total>                    482 us
[4.989s][info][gc,stats    ]     CWR: Code Cache Roots           364 us, workers (us): 364, ---, ---, 
[4.989s][info][gc,stats    ]     CWR: VM Weak Roots              110 us, workers (us): 110, ---, ---, 
[4.989s][info][gc,stats    ]     CWR: CLDG Roots                   8 us, workers (us):   8, ---, ---, 
[4.989s][info][gc,stats    ]   Rendezvous                        103 us
[4.989s][info][gc,stats    ] Concurrent Cleanup                   38 us
[4.989s][info][gc,stats    ] Concurrent Class Unloading         2179 us
[4.989s][info][gc,stats    ]   Unlink Stale                     1921 us
[4.989s][info][gc,stats    ]     System Dictionary                 7 us
[4.989s][info][gc,stats    ]     Weak Class Links                  0 us
[4.989s][info][gc,stats    ]     Code Roots                     1913 us
[4.989s][info][gc,stats    ]   Rendezvous                         49 us
[4.989s][info][gc,stats    ]   Purge Unlinked                    136 us
[4.989s][info][gc,stats    ]     Code Roots                      131 us
[4.989s][info][gc,stats    ]     CLDG                              5 us
[4.989s][info][gc,stats    ]     Exception Caches                  0 us
[4.989s][info][gc,stats    ] Pause Final Roots (G)                80 us
[4.989s][info][gc,stats    ] Pause Final Roots (N)                28 us
[4.989s][info][gc,stats    ] 
[4.989s][info][gc,stats    ] Allocation pacing accrued:
[4.989s][info][gc,stats    ]       0 of   209 ms (  0.0%): <total>
[4.989s][info][gc,stats    ]       0 of   209 ms (  0.0%): <average total>
[4.989s][info][gc,stats    ] 
[4.989s][info][gc,metaspace] Metaspace: 12260K(12480K)->12260K(12480K) NonClass: 10604K(10688K)->10604K(10688K) Class: 1655K(1792K)->1655K(1792K)
[4.989s][info][gc,ergo     ] Pacer for Idle. Initial: 163M, Alloc Tax Rate: 1.0x
[5.167s][info][gc          ] Trigger: Explicit GC request (System.gc())
[5.168s][info][gc,ergo     ] Free: 7621M, Max: 4096K regular, 7596M humongous, Frag: 0% external, 0% internal; Reserve: 412M, Max: 4096K
[5.168s][info][gc,start    ] GC(18) Concurrent reset
[5.168s][info][gc,task     ] GC(18) Using 1 of 3 workers for concurrent reset
[5.168s][info][gc,ergo     ] GC(18) Pacer for Reset. Non-Taxable: 8192M
[5.168s][info][gc          ] GC(18) Concurrent reset 0.316ms
[5.168s][info][gc,start    ] GC(18) Pause Init Mark (unload classes)
[5.168s][info][gc,task     ] GC(18) Using 3 of 3 workers for init marking
[5.168s][info][gc,ref      ] GC(18) Clearing All SoftReferences
[5.168s][info][gc,ergo     ] GC(18) Pacer for Mark. Expected Live: 25374K, Free: 7621M, Non-Taxable: 762M, Alloc Tax Rate: 0.0x
[5.168s][info][gc          ] GC(18) Pause Init Mark (unload classes) 0.130ms
[5.168s][info][gc,start    ] GC(18) Concurrent marking roots
[5.168s][info][gc,task     ] GC(18) Using 1 of 3 workers for concurrent marking roots
[5.169s][info][gc          ] GC(18) Concurrent marking roots 0.521ms
[5.169s][info][gc,start    ] GC(18) Concurrent marking (unload classes)
[5.169s][info][gc,task     ] GC(18) Using 1 of 3 workers for concurrent marking
[5.188s][info][gc          ] GC(18) Concurrent marking (unload classes) 19.728ms
[5.189s][info][gc,start    ] GC(18) Pause Final Mark (unload classes)
[5.189s][info][gc,task     ] GC(18) Using 3 of 3 workers for final marking
[5.189s][info][gc,ergo     ] GC(18) Collectable Garbage: 124M (93%), Immediate: 124M (93%), CSet: 0B (0%)
[5.189s][info][gc          ] GC(18) Pause Final Mark (unload classes) 0.396ms
[5.189s][info][gc,start    ] GC(18) Concurrent weak references
[5.189s][info][gc,task     ] GC(18) Using 1 of 3 workers for concurrent weak references
[5.189s][info][gc,ref      ] GC(18) Encountered references: Soft: 154, Weak: 720, Final: 0, Phantom: 33
[5.189s][info][gc,ref      ] GC(18) Discovered  references: Soft: 96, Weak: 158, Final: 0, Phantom: 31
[5.189s][info][gc,ref      ] GC(18) Enqueued    references: Soft: 3, Weak: 0, Final: 0, Phantom: 0
[5.189s][info][gc          ] GC(18) Concurrent weak references 0.153ms
[5.189s][info][gc,start    ] GC(18) Concurrent weak roots
[5.189s][info][gc,task     ] GC(18) Using 1 of 3 workers for concurrent weak root
[5.190s][info][gc          ] GC(18) Concurrent weak roots 0.525ms
[5.190s][info][gc,start    ] GC(18) Concurrent cleanup
[5.190s][info][gc          ] GC(18) Concurrent cleanup 158M->34M(8192M) 0.021ms
[5.190s][info][gc,ergo     ] GC(18) Free: 7745M, Max: 4096K regular, 7596M humongous, Frag: 2% external, 0% internal; Reserve: 412M, Max: 4096K
[5.190s][info][gc,start    ] GC(18) Concurrent class unloading
[5.190s][info][gc,task     ] GC(18) Using 1 of 3 workers for concurrent class unloading
[5.192s][info][gc          ] GC(18) Concurrent class unloading 2.177ms
[5.192s][info][gc,start    ] GC(18) Pause Final Roots
[5.192s][info][gc          ] GC(18) Pause Final Roots 0.021ms
[5.192s][info][gc,ergo     ] Free: 7745M, Max: 4096K regular, 7596M humongous, Frag: 2% external, 0% internal; Reserve: 412M, Max: 4096K
[5.192s][info][gc,stats    ] 
[5.192s][info][gc,stats    ] All times are wall-clock times, except per-root-class counters, that are sum over
[5.192s][info][gc,stats    ] all workers. Dividing the <total> over the root stage time estimates parallelism.
[5.192s][info][gc,stats    ] 
[5.192s][info][gc,stats    ] Concurrent Reset                    369 us
[5.192s][info][gc,stats    ] Pause Init Mark (G)                 227 us
[5.192s][info][gc,stats    ] Pause Init Mark (N)                 138 us
[5.192s][info][gc,stats    ]   Update Region States               70 us
[5.192s][info][gc,stats    ] Concurrent Mark Roots               560 us, parallelism: 0.66x
[5.192s][info][gc,stats    ]   CMR: <total>                      369 us
[5.192s][info][gc,stats    ]   CMR: Thread Roots                 318 us, workers (us): 318, ---, ---, 
[5.192s][info][gc,stats    ]   CMR: VM Strong Roots                5 us, workers (us):   5, ---, ---, 
[5.192s][info][gc,stats    ]   CMR: CLDG Roots                    46 us, workers (us):  46, ---, ---, 
[5.192s][info][gc,stats    ] Concurrent Marking                19815 us
[5.192s][info][gc,stats    ] Pause Final Mark (G)                535 us
[5.193s][info][gc,stats    ] Pause Final Mark (N)                429 us
[5.193s][info][gc,stats    ]   Finish Mark                       103 us
[5.193s][info][gc,stats    ]   Update Region States              100 us
[5.193s][info][gc,stats    ]   Choose Collection Set              85 us
[5.193s][info][gc,stats    ]   Rebuild Free Set                   21 us
[5.193s][info][gc,stats    ] Concurrent Weak References          160 us, parallelism: 0.09x
[5.193s][info][gc,stats    ]   CWRF: <total>                      14 us
[5.193s][info][gc,stats    ]   CWRF: Weak References              14 us, workers (us):  14, ---, ---, 
[5.193s][info][gc,stats    ] Concurrent Weak Roots               544 us
[5.193s][info][gc,stats    ]   Roots                             428 us, parallelism: 0.88x
[5.193s][info][gc,stats    ]     CWR: <total>                    376 us
[5.193s][info][gc,stats    ]     CWR: Code Cache Roots           311 us, workers (us): 311, ---, ---, 
[5.193s][info][gc,stats    ]     CWR: VM Weak Roots               59 us, workers (us):  59, ---, ---, 
[5.193s][info][gc,stats    ]     CWR: CLDG Roots                   6 us, workers (us):   6, ---, ---, 
[5.193s][info][gc,stats    ]   Rendezvous                         81 us
[5.193s][info][gc,stats    ] Concurrent Cleanup                   30 us
[5.193s][info][gc,stats    ] Concurrent Class Unloading         2225 us
[5.193s][info][gc,stats    ]   Unlink Stale                     1992 us
[5.193s][info][gc,stats    ]     System Dictionary                 3 us
[5.193s][info][gc,stats    ]     Weak Class Links                  1 us
[5.193s][info][gc,stats    ]     Code Roots                     1987 us
[5.193s][info][gc,stats    ]   Rendezvous                         52 us
[5.193s][info][gc,stats    ]   Purge Unlinked                    115 us
[5.193s][info][gc,stats    ]     Code Roots                      106 us
[5.193s][info][gc,stats    ]     CLDG                              8 us
[5.193s][info][gc,stats    ]     Exception Caches                  0 us
[5.193s][info][gc,stats    ] Pause Final Roots (G)                97 us
[5.193s][info][gc,stats    ] Pause Final Roots (N)                29 us
[5.193s][info][gc,stats    ] 
[5.193s][info][gc,stats    ] Allocation pacing accrued:
[5.193s][info][gc,stats    ]       0 of   203 ms (  0.0%): <total>
[5.193s][info][gc,stats    ]       0 of   203 ms (  0.0%): <average total>
[5.193s][info][gc,stats    ] 
[5.193s][info][gc,metaspace] Metaspace: 12260K(12480K)->12260K(12480K) NonClass: 10605K(10688K)->10605K(10688K) Class: 1655K(1792K)->1655K(1792K)
[5.193s][info][gc,ergo     ] Pacer for Idle. Initial: 163M, Alloc Tax Rate: 1.0x
[5.387s][info][gc          ] Trigger: Explicit GC request (System.gc())
[5.387s][info][gc,ergo     ] Free: 7621M, Max: 4096K regular, 7596M humongous, Frag: 0% external, 0% internal; Reserve: 412M, Max: 4096K
[5.387s][info][gc,start    ] GC(19) Concurrent reset
[5.387s][info][gc,task     ] GC(19) Using 1 of 3 workers for concurrent reset
[5.387s][info][gc,ergo     ] GC(19) Pacer for Reset. Non-Taxable: 8192M
[5.388s][info][gc          ] GC(19) Concurrent reset 0.316ms
[5.388s][info][gc,start    ] GC(19) Pause Init Mark (unload classes)
[5.388s][info][gc,task     ] GC(19) Using 3 of 3 workers for init marking
[5.388s][info][gc,ref      ] GC(19) Clearing All SoftReferences
[5.388s][info][gc,ergo     ] GC(19) Pacer for Mark. Expected Live: 25374K, Free: 7621M, Non-Taxable: 762M, Alloc Tax Rate: 0.0x
[5.388s][info][gc          ] GC(19) Pause Init Mark (unload classes) 0.262ms
[5.388s][info][gc,start    ] GC(19) Concurrent marking roots
[5.388s][info][gc,task     ] GC(19) Using 1 of 3 workers for concurrent marking roots
[5.389s][info][gc          ] GC(19) Concurrent marking roots 0.732ms
[5.389s][info][gc,start    ] GC(19) Concurrent marking (unload classes)
[5.389s][info][gc,task     ] GC(19) Using 1 of 3 workers for concurrent marking
[5.409s][info][gc          ] GC(19) Concurrent marking (unload classes) 20.035ms
[5.409s][info][gc,start    ] GC(19) Pause Final Mark (unload classes)
[5.409s][info][gc,task     ] GC(19) Using 3 of 3 workers for final marking
[5.409s][info][gc,ergo     ] GC(19) Collectable Garbage: 123M (93%), Immediate: 123M (93%), CSet: 0B (0%)
[5.409s][info][gc          ] GC(19) Pause Final Mark (unload classes) 0.247ms
[5.409s][info][gc,start    ] GC(19) Concurrent weak references
[5.409s][info][gc,task     ] GC(19) Using 1 of 3 workers for concurrent weak references
[5.410s][info][gc,ref      ] GC(19) Encountered references: Soft: 154, Weak: 720, Final: 0, Phantom: 33
[5.410s][info][gc,ref      ] GC(19) Discovered  references: Soft: 96, Weak: 158, Final: 0, Phantom: 31
[5.410s][info][gc,ref      ] GC(19) Enqueued    references: Soft: 3, Weak: 0, Final: 0, Phantom: 0
[5.410s][info][gc          ] GC(19) Concurrent weak references 0.237ms
[5.410s][info][gc,start    ] GC(19) Concurrent weak roots
[5.410s][info][gc,task     ] GC(19) Using 1 of 3 workers for concurrent weak root
[5.410s][info][gc          ] GC(19) Concurrent weak roots 0.666ms
[5.410s][info][gc,start    ] GC(19) Concurrent cleanup
[5.410s][info][gc          ] GC(19) Concurrent cleanup 158M->34M(8192M) 0.020ms
[5.410s][info][gc,ergo     ] GC(19) Free: 7745M, Max: 4096K regular, 7600M humongous, Frag: 2% external, 0% internal; Reserve: 412M, Max: 4096K
[5.410s][info][gc,start    ] GC(19) Concurrent class unloading
[5.410s][info][gc,task     ] GC(19) Using 1 of 3 workers for concurrent class unloading
[5.412s][info][gc          ] GC(19) Concurrent class unloading 1.904ms
[5.412s][info][gc,start    ] GC(19) Pause Final Roots
[5.412s][info][gc          ] GC(19) Pause Final Roots 0.052ms
[5.413s][info][gc,ergo     ] Free: 7745M, Max: 4096K regular, 7600M humongous, Frag: 2% external, 0% internal; Reserve: 412M, Max: 4096K
[5.413s][info][gc,stats    ] 
[5.413s][info][gc,stats    ] All times are wall-clock times, except per-root-class counters, that are sum over
[5.413s][info][gc,stats    ] all workers. Dividing the <total> over the root stage time estimates parallelism.
[5.413s][info][gc,stats    ] 
[5.413s][info][gc,stats    ] Concurrent Reset                    387 us
[5.413s][info][gc,stats    ] Pause Init Mark (G)                 409 us
[5.413s][info][gc,stats    ] Pause Init Mark (N)                 284 us
[5.413s][info][gc,stats    ]   Update Region States               95 us
[5.413s][info][gc,stats    ] Concurrent Mark Roots               762 us, parallelism: 0.80x
[5.413s][info][gc,stats    ]   CMR: <total>                      613 us
[5.413s][info][gc,stats    ]   CMR: Thread Roots                 546 us, workers (us): 546, ---, ---, 
[5.413s][info][gc,stats    ]   CMR: VM Strong Roots                6 us, workers (us):   6, ---, ---, 
[5.413s][info][gc,stats    ]   CMR: CLDG Roots                    61 us, workers (us):  61, ---, ---, 
[5.413s][info][gc,stats    ] Concurrent Marking                20100 us
[5.413s][info][gc,stats    ] Pause Final Mark (G)                367 us
[5.413s][info][gc,stats    ] Pause Final Mark (N)                256 us
[5.413s][info][gc,stats    ]   Finish Mark                        82 us
[5.413s][info][gc,stats    ]   Update Region States               50 us
[5.413s][info][gc,stats    ]   Choose Collection Set              37 us
[5.413s][info][gc,stats    ]   Rebuild Free Set                    8 us
[5.413s][info][gc,stats    ] Concurrent Weak References          254 us, parallelism: 0.05x
[5.413s][info][gc,stats    ]   CWRF: <total>                      13 us
[5.413s][info][gc,stats    ]   CWRF: Weak References              13 us, workers (us):  13, ---, ---, 
[5.413s][info][gc,stats    ] Concurrent Weak Roots               685 us
[5.413s][info][gc,stats    ]   Roots                             537 us, parallelism: 0.86x
[5.413s][info][gc,stats    ]     CWR: <total>                    461 us
[5.413s][info][gc,stats    ]     CWR: Code Cache Roots           346 us, workers (us): 346, ---, ---, 
[5.413s][info][gc,stats    ]     CWR: VM Weak Roots              109 us, workers (us): 109, ---, ---, 
[5.413s][info][gc,stats    ]     CWR: CLDG Roots                   6 us, workers (us):   6, ---, ---, 
[5.413s][info][gc,stats    ]   Rendezvous                         97 us
[5.413s][info][gc,stats    ] Concurrent Cleanup                   28 us
[5.413s][info][gc,stats    ] Concurrent Class Unloading         1951 us
[5.413s][info][gc,stats    ]   Unlink Stale                     1498 us
[5.413s][info][gc,stats    ]     System Dictionary                 3 us
[5.413s][info][gc,stats    ]     Weak Class Links                  0 us
[5.413s][info][gc,stats    ]     Code Roots                     1493 us
[5.413s][info][gc,stats    ]   Rendezvous                        231 us
[5.413s][info][gc,stats    ]   Purge Unlinked                    153 us
[5.413s][info][gc,stats    ]     Code Roots                      144 us
[5.413s][info][gc,stats    ]     CLDG                              8 us
[5.413s][info][gc,stats    ]     Exception Caches                  0 us
[5.413s][info][gc,stats    ] Pause Final Roots (G)               185 us
[5.413s][info][gc,stats    ] Pause Final Roots (N)                74 us
[5.413s][info][gc,stats    ] 
[5.413s][info][gc,stats    ] Allocation pacing accrued:
[5.413s][info][gc,stats    ]       0 of   220 ms (  0.0%): <total>
[5.413s][info][gc,stats    ]       0 of   220 ms (  0.0%): <average total>
[5.413s][info][gc,stats    ] 
[5.413s][info][gc,metaspace] Metaspace: 12261K(12480K)->12261K(12480K) NonClass: 10605K(10688K)->10605K(10688K) Class: 1655K(1792K)->1655K(1792K)
[5.413s][info][gc,ergo     ] Pacer for Idle. Initial: 163M, Alloc Tax Rate: 1.0x
[5.607s][info][gc          ] Trigger: Explicit GC request (System.gc())
[5.607s][info][gc,ergo     ] Free: 7621M, Max: 4096K regular, 7596M humongous, Frag: 0% external, 0% internal; Reserve: 412M, Max: 4096K
[5.607s][info][gc,start    ] GC(20) Concurrent reset
[5.607s][info][gc,task     ] GC(20) Using 1 of 3 workers for concurrent reset
[5.607s][info][gc,ergo     ] GC(20) Pacer for Reset. Non-Taxable: 8192M
[5.608s][info][gc          ] GC(20) Concurrent reset 0.437ms
[5.608s][info][gc,start    ] GC(20) Pause Init Mark (unload classes)
[5.608s][info][gc,task     ] GC(20) Using 3 of 3 workers for init marking
[5.608s][info][gc,ref      ] GC(20) Clearing All SoftReferences
[5.608s][info][gc,ergo     ] GC(20) Pacer for Mark. Expected Live: 25374K, Free: 7621M, Non-Taxable: 762M, Alloc Tax Rate: 0.0x
[5.608s][info][gc          ] GC(20) Pause Init Mark (unload classes) 0.149ms
[5.608s][info][gc,start    ] GC(20) Concurrent marking roots
[5.608s][info][gc,task     ] GC(20) Using 1 of 3 workers for concurrent marking roots
[5.609s][info][gc          ] GC(20) Concurrent marking roots 0.722ms
[5.609s][info][gc,start    ] GC(20) Concurrent marking (unload classes)
[5.609s][info][gc,task     ] GC(20) Using 1 of 3 workers for concurrent marking
[5.629s][info][gc          ] GC(20) Concurrent marking (unload classes) 19.963ms
[5.629s][info][gc,start    ] GC(20) Pause Final Mark (unload classes)
[5.629s][info][gc,task     ] GC(20) Using 3 of 3 workers for final marking
[5.629s][info][gc,ergo     ] GC(20) Collectable Garbage: 124M (93%), Immediate: 124M (93%), CSet: 0B (0%)
[5.629s][info][gc          ] GC(20) Pause Final Mark (unload classes) 0.389ms
[5.629s][info][gc,start    ] GC(20) Concurrent weak references
[5.629s][info][gc,task     ] GC(20) Using 1 of 3 workers for concurrent weak references
[5.629s][info][gc,ref      ] GC(20) Encountered references: Soft: 154, Weak: 720, Final: 0, Phantom: 33
[5.629s][info][gc,ref      ] GC(20) Discovered  references: Soft: 96, Weak: 158, Final: 0, Phantom: 31
[5.629s][info][gc,ref      ] GC(20) Enqueued    references: Soft: 3, Weak: 0, Final: 0, Phantom: 0
[5.629s][info][gc          ] GC(20) Concurrent weak references 0.125ms
[5.629s][info][gc,start    ] GC(20) Concurrent weak roots
[5.629s][info][gc,task     ] GC(20) Using 1 of 3 workers for concurrent weak root
[5.630s][info][gc          ] GC(20) Concurrent weak roots 0.515ms
[5.630s][info][gc,start    ] GC(20) Concurrent cleanup
[5.630s][info][gc          ] GC(20) Concurrent cleanup 158M->34M(8192M) 0.022ms
[5.630s][info][gc,ergo     ] GC(20) Free: 7745M, Max: 4096K regular, 7596M humongous, Frag: 2% external, 0% internal; Reserve: 412M, Max: 4096K
[5.630s][info][gc,start    ] GC(20) Concurrent class unloading
[5.630s][info][gc,task     ] GC(20) Using 1 of 3 workers for concurrent class unloading
[5.632s][info][gc          ] GC(20) Concurrent class unloading 1.918ms
[5.632s][info][gc,start    ] GC(20) Pause Final Roots
[5.632s][info][gc          ] GC(20) Pause Final Roots 0.020ms
[5.632s][info][gc,ergo     ] Free: 7745M, Max: 4096K regular, 7596M humongous, Frag: 2% external, 0% internal; Reserve: 412M, Max: 4096K
[5.632s][info][gc,stats    ] 
[5.632s][info][gc,stats    ] All times are wall-clock times, except per-root-class counters, that are sum over
[5.632s][info][gc,stats    ] all workers. Dividing the <total> over the root stage time estimates parallelism.
[5.632s][info][gc,stats    ] 
[5.632s][info][gc,stats    ] Concurrent Reset                    528 us
[5.632s][info][gc,stats    ] Pause Init Mark (G)                 273 us
[5.632s][info][gc,stats    ] Pause Init Mark (N)                 158 us
[5.632s][info][gc,stats    ]   Update Region States               79 us
[5.632s][info][gc,stats    ] Concurrent Mark Roots               741 us, parallelism: 0.81x
[5.632s][info][gc,stats    ]   CMR: <total>                      599 us
[5.632s][info][gc,stats    ]   CMR: Thread Roots                 550 us, workers (us): 550, ---, ---, 
[5.632s][info][gc,stats    ]   CMR: VM Strong Roots                5 us, workers (us):   5, ---, ---, 
[5.632s][info][gc,stats    ]   CMR: CLDG Roots                    44 us, workers (us):  44, ---, ---, 
[5.632s][info][gc,stats    ] Concurrent Marking                20028 us
[5.632s][info][gc,stats    ] Pause Final Mark (G)                536 us
[5.632s][info][gc,stats    ] Pause Final Mark (N)                414 us
[5.632s][info][gc,stats    ]   Finish Mark                       136 us
[5.632s][info][gc,stats    ]   Update Region States               76 us
[5.632s][info][gc,stats    ]   Choose Collection Set              72 us
[5.632s][info][gc,stats    ]   Rebuild Free Set                   21 us
[5.632s][info][gc,stats    ] Concurrent Weak References          133 us, parallelism: 0.09x
[5.632s][info][gc,stats    ]   CWRF: <total>                      13 us
[5.632s][info][gc,stats    ]   CWRF: Weak References              13 us, workers (us):  13, ---, ---, 
[5.633s][info][gc,stats    ] Concurrent Weak Roots               534 us
[5.633s][info][gc,stats    ]   Roots                             397 us, parallelism: 0.87x
[5.633s][info][gc,stats    ]     CWR: <total>                    344 us
[5.633s][info][gc,stats    ]     CWR: Code Cache Roots           281 us, workers (us): 281, ---, ---, 
[5.633s][info][gc,stats    ]     CWR: VM Weak Roots               59 us, workers (us):  59, ---, ---, 
[5.633s][info][gc,stats    ]     CWR: CLDG Roots                   5 us, workers (us):   5, ---, ---, 
[5.633s][info][gc,stats    ]   Rendezvous                        103 us
[5.633s][info][gc,stats    ] Concurrent Cleanup                   30 us
[5.633s][info][gc,stats    ] Concurrent Class Unloading         1964 us
[5.633s][info][gc,stats    ]   Unlink Stale                     1601 us
[5.633s][info][gc,stats    ]     System Dictionary                 3 us
[5.633s][info][gc,stats    ]     Weak Class Links                  0 us
[5.633s][info][gc,stats    ]     Code Roots                     1597 us
[5.633s][info][gc,stats    ]   Rendezvous                        200 us
[5.633s][info][gc,stats    ]   Purge Unlinked                     97 us
[5.633s][info][gc,stats    ]     Code Roots                       88 us
[5.633s][info][gc,stats    ]     CLDG                              9 us
[5.633s][info][gc,stats    ]     Exception Caches                  0 us
[5.633s][info][gc,stats    ] Pause Final Roots (G)                97 us
[5.633s][info][gc,stats    ] Pause Final Roots (N)                28 us
[5.633s][info][gc,stats    ] 
[5.633s][info][gc,stats    ] Allocation pacing accrued:
[5.633s][info][gc,stats    ]       0 of   220 ms (  0.0%): <total>
[5.633s][info][gc,stats    ]       0 of   220 ms (  0.0%): <average total>
[5.633s][info][gc,stats    ] 
[5.633s][info][gc,metaspace] Metaspace: 12263K(12480K)->12263K(12480K) NonClass: 10608K(10688K)->10608K(10688K) Class: 1655K(1792K)->1655K(1792K)
[5.633s][info][gc,ergo     ] Pacer for Idle. Initial: 163M, Alloc Tax Rate: 1.0x
[5.827s][info][gc          ] Trigger: Explicit GC request (System.gc())
[5.827s][info][gc,ergo     ] Free: 7621M, Max: 4096K regular, 7596M humongous, Frag: 0% external, 0% internal; Reserve: 412M, Max: 4096K
[5.827s][info][gc,start    ] GC(21) Concurrent reset
[5.827s][info][gc,task     ] GC(21) Using 1 of 3 workers for concurrent reset
[5.827s][info][gc,ergo     ] GC(21) Pacer for Reset. Non-Taxable: 8192M
[5.827s][info][gc          ] GC(21) Concurrent reset 0.491ms
[5.827s][info][gc,start    ] GC(21) Pause Init Mark (unload classes)
[5.827s][info][gc,task     ] GC(21) Using 3 of 3 workers for init marking
[5.827s][info][gc,ref      ] GC(21) Clearing All SoftReferences
[5.828s][info][gc,ergo     ] GC(21) Pacer for Mark. Expected Live: 25374K, Free: 7621M, Non-Taxable: 762M, Alloc Tax Rate: 0.0x
[5.828s][info][gc          ] GC(21) Pause Init Mark (unload classes) 0.217ms
[5.828s][info][gc,start    ] GC(21) Concurrent marking roots
[5.828s][info][gc,task     ] GC(21) Using 1 of 3 workers for concurrent marking roots
[5.828s][info][gc          ] GC(21) Concurrent marking roots 0.574ms
[5.828s][info][gc,start    ] GC(21) Concurrent marking (unload classes)
[5.828s][info][gc,task     ] GC(21) Using 1 of 3 workers for concurrent marking
[5.848s][info][gc          ] GC(21) Concurrent marking (unload classes) 19.944ms
[5.848s][info][gc,start    ] GC(21) Pause Final Mark (unload classes)
[5.848s][info][gc,task     ] GC(21) Using 3 of 3 workers for final marking
[5.849s][info][gc,ergo     ] GC(21) Adaptive CSet Selection. Target Free: 1160M, Actual Free: 8123M, Max CSet: 341M, Min Garbage: 0B
[5.849s][info][gc,ergo     ] GC(21) Collectable Garbage: 131M (99%), Immediate: 115M (87%), CSet: 16364K (11%)
[5.849s][info][gc,ergo     ] GC(21) Pacer for Evacuation. Used CSet: 16366K, Free: 7737M, Non-Taxable: 773M, Alloc Tax Rate: 1.1x
[5.849s][info][gc          ] GC(21) Pause Final Mark (unload classes) 0.356ms
[5.849s][info][gc,start    ] GC(21) Concurrent thread roots
[5.849s][info][gc,task     ] GC(21) Using 1 of 3 workers for Concurrent thread roots
[5.849s][info][gc          ] GC(21) Concurrent thread roots 0.680ms
[5.849s][info][gc,start    ] GC(21) Concurrent weak references
[5.849s][info][gc,task     ] GC(21) Using 1 of 3 workers for concurrent weak references
[5.850s][info][gc,ref      ] GC(21) Encountered references: Soft: 154, Weak: 720, Final: 0, Phantom: 33
[5.850s][info][gc,ref      ] GC(21) Discovered  references: Soft: 96, Weak: 158, Final: 0, Phantom: 31
[5.850s][info][gc,ref      ] GC(21) Enqueued    references: Soft: 3, Weak: 0, Final: 0, Phantom: 0
[5.850s][info][gc          ] GC(21) Concurrent weak references 0.142ms
[5.850s][info][gc,start    ] GC(21) Concurrent weak roots
[5.850s][info][gc,task     ] GC(21) Using 1 of 3 workers for concurrent weak root
[5.850s][info][gc          ] GC(21) Concurrent weak roots 0.466ms
[5.850s][info][gc,start    ] GC(21) Concurrent cleanup
[5.850s][info][gc          ] GC(21) Concurrent cleanup 158M->42M(8192M) 0.020ms
[5.850s][info][gc,ergo     ] GC(21) Free: 7737M, Max: 4096K regular, 7600M humongous, Frag: 2% external, 0% internal; Reserve: 411M, Max: 4096K
[5.850s][info][gc,start    ] GC(21) Concurrent class unloading
[5.850s][info][gc,task     ] GC(21) Using 1 of 3 workers for concurrent class unloading
[5.852s][info][gc          ] GC(21) Concurrent class unloading 2.083ms
[5.852s][info][gc,start    ] GC(21) Concurrent strong roots
[5.852s][info][gc,task     ] GC(21) Using 1 of 3 workers for concurrent strong root
[5.852s][info][gc          ] GC(21) Concurrent strong roots 0.123ms
[5.852s][info][gc,start    ] GC(21) Concurrent evacuation
[5.852s][info][gc,task     ] GC(21) Using 1 of 3 workers for concurrent evacuation
[5.853s][info][gc          ] GC(21) Concurrent evacuation 0.228ms
[5.853s][info][gc,start    ] GC(21) Pause Init Update Refs
[5.853s][info][gc,ergo     ] GC(21) Pacer for Update Refs. Used: 43084K, Free: 7737M, Non-Taxable: 773M, Alloc Tax Rate: 1.1x
[5.853s][info][gc          ] GC(21) Pause Init Update Refs 0.036ms
[5.853s][info][gc,start    ] GC(21) Concurrent update references
[5.853s][info][gc,task     ] GC(21) Using 1 of 3 workers for concurrent reference update
[5.863s][info][gc          ] GC(21) Concurrent update references 9.701ms
[5.863s][info][gc,start    ] GC(21) Concurrent update thread roots
[5.863s][info][gc          ] GC(21) Concurrent update thread roots 0.818ms
[5.863s][info][gc,start    ] GC(21) Pause Final Update Refs
[5.864s][info][gc,task     ] GC(21) Using 3 of 3 workers for final reference update
[5.864s][info][gc          ] GC(21) Pause Final Update Refs 0.195ms
[5.864s][info][gc,start    ] GC(21) Concurrent cleanup
[5.864s][info][gc          ] GC(21) Concurrent cleanup 42M->26M(8192M) 0.039ms
[5.864s][info][gc,ergo     ] Free: 7753M, Max: 4096K regular, 7724M humongous, Frag: 0% external, 0% internal; Reserve: 412M, Max: 4096K
[5.864s][info][gc,stats    ] 
[5.864s][info][gc,stats    ] All times are wall-clock times, except per-root-class counters, that are sum over
[5.864s][info][gc,stats    ] all workers. Dividing the <total> over the root stage time estimates parallelism.
[5.864s][info][gc,stats    ] 
[5.864s][info][gc,stats    ] Concurrent Reset                    542 us
[5.864s][info][gc,stats    ] Pause Init Mark (G)                 355 us
[5.864s][info][gc,stats    ] Pause Init Mark (N)                 246 us
[5.864s][info][gc,stats    ]   Update Region States               71 us
[5.864s][info][gc,stats    ] Concurrent Mark Roots               616 us, parallelism: 0.60x
[5.864s][info][gc,stats    ]   CMR: <total>                      368 us
[5.864s][info][gc,stats    ]   CMR: Thread Roots                 317 us, workers (us): 317, ---, ---, 
[5.864s][info][gc,stats    ]   CMR: VM Strong Roots                5 us, workers (us):   5, ---, ---, 
[5.864s][info][gc,stats    ]   CMR: CLDG Roots                    46 us, workers (us):  46, ---, ---, 
[5.864s][info][gc,stats    ] Concurrent Marking                20011 us
[5.864s][info][gc,stats    ] Pause Final Mark (G)                491 us
[5.864s][info][gc,stats    ] Pause Final Mark (N)                378 us
[5.864s][info][gc,stats    ]   Finish Mark                        85 us
[5.864s][info][gc,stats    ]   Update Region States               47 us
[5.864s][info][gc,stats    ]   Choose Collection Set              79 us
[5.864s][info][gc,stats    ]   Rebuild Free Set                   21 us
[5.864s][info][gc,stats    ] Concurrent Thread Roots             698 us, parallelism: 0.80x
[5.864s][info][gc,stats    ]   CTR: <total>                      559 us
[5.864s][info][gc,stats    ]   CTR: Thread Roots                 559 us, workers (us): 559, ---, ---, 
[5.864s][info][gc,stats    ] Concurrent Weak References          149 us, parallelism: 0.15x
[5.864s][info][gc,stats    ]   CWRF: <total>                      23 us
[5.864s][info][gc,stats    ]   CWRF: Weak References              23 us, workers (us):  23, ---, ---, 
[5.864s][info][gc,stats    ] Concurrent Weak Roots               486 us
[5.864s][info][gc,stats    ]   Roots                             396 us, parallelism: 0.88x
[5.864s][info][gc,stats    ]     CWR: <total>                    350 us
[5.864s][info][gc,stats    ]     CWR: Code Cache Roots           280 us, workers (us): 280, ---, ---, 
[5.864s][info][gc,stats    ]     CWR: VM Weak Roots               63 us, workers (us):  63, ---, ---, 
[5.864s][info][gc,stats    ]     CWR: CLDG Roots                   6 us, workers (us):   6, ---, ---, 
[5.864s][info][gc,stats    ]   Rendezvous                         54 us
[5.864s][info][gc,stats    ] Concurrent Cleanup                   28 us
[5.864s][info][gc,stats    ] Concurrent Class Unloading         2130 us
[5.864s][info][gc,stats    ]   Unlink Stale                     1840 us
[5.864s][info][gc,stats    ]     System Dictionary                 3 us
[5.864s][info][gc,stats    ]     Weak Class Links                  0 us
[5.864s][info][gc,stats    ]     Code Roots                     1835 us
[5.864s][info][gc,stats    ]   Rendezvous                         84 us
[5.864s][info][gc,stats    ]   Purge Unlinked                    141 us
[5.864s][info][gc,stats    ]     Code Roots                      135 us
[5.864s][info][gc,stats    ]     CLDG                              5 us
[5.864s][info][gc,stats    ]     Exception Caches                  0 us
[5.864s][info][gc,stats    ] Concurrent Strong Roots             147 us, parallelism: 0.27x
[5.864s][info][gc,stats    ]   CSR: <total>                       40 us
[5.864s][info][gc,stats    ]   CSR: VM Strong Roots                4 us, workers (us):   4, ---, ---, 
[5.864s][info][gc,stats    ]   CSR: CLDG Roots                    36 us, workers (us):  36, ---, ---, 
[5.864s][info][gc,stats    ] Concurrent Evacuation               251 us
[5.864s][info][gc,stats    ] Pause Init Update Refs (G)          116 us
[5.864s][info][gc,stats    ] Pause Init Update Refs (N)           45 us
[5.864s][info][gc,stats    ]   Manage GCLABs                       2 us
[5.864s][info][gc,stats    ] Concurrent Update Refs             9767 us
[5.864s][info][gc,stats    ] Concurrent Update Thread Roots      855 us
[5.864s][info][gc,stats    ] Pause Final Update Refs (G)         336 us
[5.864s][info][gc,stats    ] Pause Final Update Refs (N)         224 us
[5.864s][info][gc,stats    ]   Update Region States               73 us
[5.864s][info][gc,stats    ]   Trash Collection Set                4 us
[5.864s][info][gc,stats    ]   Rebuild Free Set                   31 us
[5.864s][info][gc,stats    ] Concurrent Cleanup                   50 us
[5.864s][info][gc,stats    ] 
[5.864s][info][gc,stats    ] Allocation pacing accrued:
[5.864s][info][gc,stats    ]       0 of   232 ms (  0.0%): <total>
[5.864s][info][gc,stats    ]       0 of   232 ms (  0.0%): <average total>
[5.864s][info][gc,stats    ] 
[5.864s][info][gc,metaspace] Metaspace: 12265K(12480K)->12267K(12480K) NonClass: 10609K(10688K)->10611K(10688K) Class: 1655K(1792K)->1655K(1792K)
[5.864s][info][gc,ergo     ] Pacer for Idle. Initial: 163M, Alloc Tax Rate: 1.0x
[6.046s][info][gc          ] Trigger: Explicit GC request (System.gc())
[6.046s][info][gc,ergo     ] Free: 7629M, Max: 4096K regular, 7600M humongous, Frag: 0% external, 0% internal; Reserve: 412M, Max: 4096K
[6.046s][info][gc,start    ] GC(22) Concurrent reset
[6.046s][info][gc,task     ] GC(22) Using 1 of 3 workers for concurrent reset
[6.046s][info][gc,ergo     ] GC(22) Pacer for Reset. Non-Taxable: 8192M
[6.046s][info][gc          ] GC(22) Concurrent reset 0.296ms
[6.046s][info][gc,start    ] GC(22) Pause Init Mark (unload classes)
[6.046s][info][gc,task     ] GC(22) Using 3 of 3 workers for init marking
[6.046s][info][gc,ref      ] GC(22) Clearing All SoftReferences
[6.046s][info][gc,ergo     ] GC(22) Pacer for Mark. Expected Live: 25374K, Free: 7629M, Non-Taxable: 762M, Alloc Tax Rate: 0.0x
[6.046s][info][gc          ] GC(22) Pause Init Mark (unload classes) 0.133ms
[6.046s][info][gc,start    ] GC(22) Concurrent marking roots
[6.046s][info][gc,task     ] GC(22) Using 1 of 3 workers for concurrent marking roots
[6.047s][info][gc          ] GC(22) Concurrent marking roots 0.407ms
[6.047s][info][gc,start    ] GC(22) Concurrent marking (unload classes)
[6.047s][info][gc,task     ] GC(22) Using 1 of 3 workers for concurrent marking
[6.067s][info][gc          ] GC(22) Concurrent marking (unload classes) 20.253ms
[6.067s][info][gc,start    ] GC(22) Pause Final Mark (unload classes)
[6.067s][info][gc,task     ] GC(22) Using 3 of 3 workers for final marking
[6.068s][info][gc,ergo     ] GC(22) Collectable Garbage: 116M (92%), Immediate: 116M (92%), CSet: 0B (0%)
[6.068s][info][gc          ] GC(22) Pause Final Mark (unload classes) 0.472ms
[6.068s][info][gc,start    ] GC(22) Concurrent weak references
[6.068s][info][gc,task     ] GC(22) Using 1 of 3 workers for concurrent weak references
[6.068s][info][gc,ref      ] GC(22) Encountered references: Soft: 154, Weak: 720, Final: 0, Phantom: 33
[6.068s][info][gc,ref      ] GC(22) Discovered  references: Soft: 96, Weak: 158, Final: 0, Phantom: 31
[6.068s][info][gc,ref      ] GC(22) Enqueued    references: Soft: 3, Weak: 0, Final: 0, Phantom: 0
[6.068s][info][gc          ] GC(22) Concurrent weak references 0.157ms
[6.068s][info][gc,start    ] GC(22) Concurrent weak roots
[6.068s][info][gc,task     ] GC(22) Using 1 of 3 workers for concurrent weak root
[6.069s][info][gc          ] GC(22) Concurrent weak roots 0.635ms
[6.069s][info][gc,start    ] GC(22) Concurrent cleanup
[6.069s][info][gc          ] GC(22) Concurrent cleanup 150M->34M(8192M) 0.029ms
[6.069s][info][gc,ergo     ] GC(22) Free: 7745M, Max: 4096K regular, 7600M humongous, Frag: 2% external, 0% internal; Reserve: 412M, Max: 4096K
[6.069s][info][gc,start    ] GC(22) Concurrent class unloading
[6.069s][info][gc,task     ] GC(22) Using 1 of 3 workers for concurrent class unloading
[6.071s][info][gc          ] GC(22) Concurrent class unloading 1.938ms
[6.071s][info][gc,start    ] GC(22) Pause Final Roots
[6.071s][info][gc          ] GC(22) Pause Final Roots 0.040ms
[6.071s][info][gc,ergo     ] Free: 7745M, Max: 4096K regular, 7600M humongous, Frag: 2% external, 0% internal; Reserve: 412M, Max: 4096K
[6.071s][info][gc,stats    ] 
[6.071s][info][gc,stats    ] All times are wall-clock times, except per-root-class counters, that are sum over
[6.071s][info][gc,stats    ] all workers. Dividing the <total> over the root stage time estimates parallelism.
[6.071s][info][gc,stats    ] 
[6.071s][info][gc,stats    ] Concurrent Reset                    343 us
[6.071s][info][gc,stats    ] Pause Init Mark (G)                 222 us
[6.071s][info][gc,stats    ] Pause Init Mark (N)                 142 us
[6.071s][info][gc,stats    ]   Update Region States               53 us
[6.071s][info][gc,stats    ] Concurrent Mark Roots               428 us, parallelism: 0.74x
[6.071s][info][gc,stats    ]   CMR: <total>                      318 us
[6.071s][info][gc,stats    ]   CMR: Thread Roots                 279 us, workers (us): 279, ---, ---, 
[6.071s][info][gc,stats    ]   CMR: VM Strong Roots                4 us, workers (us):   4, ---, ---, 
[6.071s][info][gc,stats    ]   CMR: CLDG Roots                    35 us, workers (us):  35, ---, ---, 
[6.071s][info][gc,stats    ] Concurrent Marking                20322 us
[6.071s][info][gc,stats    ] Pause Final Mark (G)                660 us
[6.071s][info][gc,stats    ] Pause Final Mark (N)                497 us
[6.071s][info][gc,stats    ]   Finish Mark                       162 us
[6.071s][info][gc,stats    ]   Update Region States              124 us
[6.071s][info][gc,stats    ]   Choose Collection Set              75 us
[6.071s][info][gc,stats    ]   Rebuild Free Set                   21 us
[6.071s][info][gc,stats    ] Concurrent Weak References          165 us, parallelism: 0.09x
[6.071s][info][gc,stats    ]   CWRF: <total>                      14 us
[6.071s][info][gc,stats    ]   CWRF: Weak References              14 us, workers (us):  14, ---, ---, 
[6.071s][info][gc,stats    ] Concurrent Weak Roots               667 us
[6.071s][info][gc,stats    ]   Roots                             530 us, parallelism: 0.85x
[6.071s][info][gc,stats    ]     CWR: <total>                    453 us
[6.071s][info][gc,stats    ]     CWR: Code Cache Roots           338 us, workers (us): 338, ---, ---, 
[6.071s][info][gc,stats    ]     CWR: VM Weak Roots              108 us, workers (us): 108, ---, ---, 
[6.071s][info][gc,stats    ]     CWR: CLDG Roots                   8 us, workers (us):   8, ---, ---, 
[6.071s][info][gc,stats    ]   Rendezvous                         87 us
[6.071s][info][gc,stats    ] Concurrent Cleanup                   37 us
[6.071s][info][gc,stats    ] Concurrent Class Unloading         1989 us
[6.071s][info][gc,stats    ]   Unlink Stale                     1714 us
[6.071s][info][gc,stats    ]     System Dictionary                 6 us
[6.071s][info][gc,stats    ]     Weak Class Links                  0 us
[6.071s][info][gc,stats    ]     Code Roots                     1706 us
[6.071s][info][gc,stats    ]   Rendezvous                         84 us
[6.071s][info][gc,stats    ]   Purge Unlinked                    115 us
[6.071s][info][gc,stats    ]     Code Roots                      110 us
[6.071s][info][gc,stats    ]     CLDG                              5 us
[6.071s][info][gc,stats    ]     Exception Caches                  0 us
[6.071s][info][gc,stats    ] Pause Final Roots (G)               135 us
[6.071s][info][gc,stats    ] Pause Final Roots (N)                57 us
[6.071s][info][gc,stats    ] 
[6.071s][info][gc,stats    ] Allocation pacing accrued:
[6.071s][info][gc,stats    ]       0 of   207 ms (  0.0%): <total>
[6.071s][info][gc,stats    ]       0 of   207 ms (  0.0%): <average total>
[6.071s][info][gc,stats    ] 
[6.071s][info][gc,metaspace] Metaspace: 12278K(12480K)->12278K(12480K) NonClass: 10623K(10688K)->10623K(10688K) Class: 1655K(1792K)->1655K(1792K)
[6.071s][info][gc,ergo     ] Pacer for Idle. Initial: 163M, Alloc Tax Rate: 1.0x
[6.267s][info][gc          ] Trigger: Explicit GC request (System.gc())
[6.267s][info][gc,ergo     ] Free: 7621M, Max: 4096K regular, 7592M humongous, Frag: 0% external, 0% internal; Reserve: 412M, Max: 4096K
[6.267s][info][gc,start    ] GC(23) Concurrent reset
[6.267s][info][gc,task     ] GC(23) Using 1 of 3 workers for concurrent reset
[6.267s][info][gc,ergo     ] GC(23) Pacer for Reset. Non-Taxable: 8192M
[6.268s][info][gc          ] GC(23) Concurrent reset 0.496ms
[6.268s][info][gc,start    ] GC(23) Pause Init Mark (unload classes)
[6.268s][info][gc,task     ] GC(23) Using 3 of 3 workers for init marking
[6.268s][info][gc,ref      ] GC(23) Clearing All SoftReferences
[6.268s][info][gc,ergo     ] GC(23) Pacer for Mark. Expected Live: 25374K, Free: 7621M, Non-Taxable: 762M, Alloc Tax Rate: 0.0x
[6.268s][info][gc          ] GC(23) Pause Init Mark (unload classes) 0.141ms
[6.268s][info][gc,start    ] GC(23) Concurrent marking roots
[6.268s][info][gc,task     ] GC(23) Using 1 of 3 workers for concurrent marking roots
[6.269s][info][gc          ] GC(23) Concurrent marking roots 0.786ms
[6.269s][info][gc,start    ] GC(23) Concurrent marking (unload classes)
[6.269s][info][gc,task     ] GC(23) Using 1 of 3 workers for concurrent marking
[6.289s][info][gc          ] GC(23) Concurrent marking (unload classes) 20.147ms
[6.289s][info][gc,start    ] GC(23) Pause Final Mark (unload classes)
[6.289s][info][gc,task     ] GC(23) Using 3 of 3 workers for final marking
[6.289s][info][gc,ergo     ] GC(23) Adaptive CSet Selection. Target Free: 1160M, Actual Free: 8124M, Max CSet: 341M, Min Garbage: 0B
[6.289s][info][gc,ergo     ] GC(23) Collectable Garbage: 131M (99%), Immediate: 120M (90%), CSet: 12273K (8%)
[6.289s][info][gc,ergo     ] GC(23) Pacer for Evacuation. Used CSet: 12274K, Free: 7741M, Non-Taxable: 774M, Alloc Tax Rate: 1.1x
[6.290s][info][gc          ] GC(23) Pause Final Mark (unload classes) 0.417ms
[6.290s][info][gc,start    ] GC(23) Concurrent thread roots
[6.290s][info][gc,task     ] GC(23) Using 1 of 3 workers for Concurrent thread roots
[6.290s][info][gc          ] GC(23) Concurrent thread roots 0.396ms
[6.290s][info][gc,start    ] GC(23) Concurrent weak references
[6.290s][info][gc,task     ] GC(23) Using 1 of 3 workers for concurrent weak references
[6.290s][info][gc,ref      ] GC(23) Encountered references: Soft: 154, Weak: 720, Final: 0, Phantom: 33
[6.290s][info][gc,ref      ] GC(23) Discovered  references: Soft: 96, Weak: 158, Final: 0, Phantom: 31
[6.290s][info][gc,ref      ] GC(23) Enqueued    references: Soft: 3, Weak: 0, Final: 0, Phantom: 0
[6.290s][info][gc          ] GC(23) Concurrent weak references 0.117ms
[6.290s][info][gc,start    ] GC(23) Concurrent weak roots
[6.290s][info][gc,task     ] GC(23) Using 1 of 3 workers for concurrent weak root
[6.291s][info][gc          ] GC(23) Concurrent weak roots 0.473ms
[6.291s][info][gc,start    ] GC(23) Concurrent cleanup
[6.291s][info][gc          ] GC(23) Concurrent cleanup 158M->38M(8192M) 0.022ms
[6.291s][info][gc,ergo     ] GC(23) Free: 7741M, Max: 4096K regular, 7592M humongous, Frag: 2% external, 0% internal; Reserve: 411M, Max: 4096K
[6.291s][info][gc,start    ] GC(23) Concurrent class unloading
[6.291s][info][gc,task     ] GC(23) Using 1 of 3 workers for concurrent class unloading
[6.292s][info][gc          ] GC(23) Concurrent class unloading 1.668ms
[6.292s][info][gc,start    ] GC(23) Concurrent strong roots
[6.292s][info][gc,task     ] GC(23) Using 1 of 3 workers for concurrent strong root
[6.292s][info][gc          ] GC(23) Concurrent strong roots 0.094ms
[6.292s][info][gc,start    ] GC(23) Concurrent evacuation
[6.292s][info][gc,task     ] GC(23) Using 1 of 3 workers for concurrent evacuation
[6.293s][info][gc          ] GC(23) Concurrent evacuation 0.103ms
[6.293s][info][gc,start    ] GC(23) Pause Init Update Refs
[6.293s][info][gc,ergo     ] GC(23) Pacer for Update Refs. Used: 38998K, Free: 7741M, Non-Taxable: 774M, Alloc Tax Rate: 1.1x
[6.293s][info][gc          ] GC(23) Pause Init Update Refs 0.084ms
[6.293s][info][gc,start    ] GC(23) Concurrent update references
[6.293s][info][gc,task     ] GC(23) Using 1 of 3 workers for concurrent reference update
[6.302s][info][gc          ] GC(23) Concurrent update references 9.577ms
[6.302s][info][gc,start    ] GC(23) Concurrent update thread roots
[6.303s][info][gc          ] GC(23) Concurrent update thread roots 0.636ms
[6.303s][info][gc,start    ] GC(23) Pause Final Update Refs
[6.303s][info][gc,task     ] GC(23) Using 3 of 3 workers for final reference update
[6.303s][info][gc          ] GC(23) Pause Final Update Refs 0.116ms
[6.303s][info][gc,start    ] GC(23) Concurrent cleanup
[6.303s][info][gc          ] GC(23) Concurrent cleanup 38M->26M(8192M) 0.027ms
[6.303s][info][gc,ergo     ] Free: 7753M, Max: 4096K regular, 7720M humongous, Frag: 0% external, 0% internal; Reserve: 412M, Max: 4096K
[6.303s][info][gc,stats    ] 
[6.303s][info][gc,stats    ] All times are wall-clock times, except per-root-class counters, that are sum over
[6.303s][info][gc,stats    ] all workers. Dividing the <total> over the root stage time estimates parallelism.
[6.303s][info][gc,stats    ] 
[6.303s][info][gc,stats    ] Concurrent Reset                    533 us
[6.303s][info][gc,stats    ] Pause Init Mark (G)                 259 us
[6.303s][info][gc,stats    ] Pause Init Mark (N)                 149 us
[6.303s][info][gc,stats    ]   Update Region States               74 us
[6.303s][info][gc,stats    ] Concurrent Mark Roots               807 us, parallelism: 0.73x
[6.303s][info][gc,stats    ]   CMR: <total>                      590 us
[6.303s][info][gc,stats    ]   CMR: Thread Roots                 508 us, workers (us): 508, ---, ---, 
[6.303s][info][gc,stats    ]   CMR: VM Strong Roots                8 us, workers (us):   8, ---, ---, 
[6.303s][info][gc,stats    ]   CMR: CLDG Roots                    74 us, workers (us):  74, ---, ---, 
[6.303s][info][gc,stats    ] Concurrent Marking                20212 us
[6.303s][info][gc,stats    ] Pause Final Mark (G)                563 us
[6.303s][info][gc,stats    ] Pause Final Mark (N)                439 us
[6.303s][info][gc,stats    ]   Finish Mark                        90 us
[6.303s][info][gc,stats    ]   Update Region States               97 us
[6.303s][info][gc,stats    ]   Choose Collection Set              99 us
[6.303s][info][gc,stats    ]   Rebuild Free Set                   23 us
[6.303s][info][gc,stats    ] Concurrent Thread Roots             415 us, parallelism: 0.69x
[6.303s][info][gc,stats    ]   CTR: <total>                      285 us
[6.303s][info][gc,stats    ]   CTR: Thread Roots                 285 us, workers (us): 285, ---, ---, 
[6.303s][info][gc,stats    ] Concurrent Weak References          125 us, parallelism: 0.15x
[6.303s][info][gc,stats    ]   CWRF: <total>                      19 us
[6.303s][info][gc,stats    ]   CWRF: Weak References              19 us, workers (us):  19, ---, ---, 
[6.303s][info][gc,stats    ] Concurrent Weak Roots               493 us
[6.303s][info][gc,stats    ]   Roots                             401 us, parallelism: 0.88x
[6.303s][info][gc,stats    ]     CWR: <total>                    352 us
[6.303s][info][gc,stats    ]     CWR: Code Cache Roots           283 us, workers (us): 283, ---, ---, 
[6.303s][info][gc,stats    ]     CWR: VM Weak Roots               63 us, workers (us):  63, ---, ---, 
[6.304s][info][gc,stats    ]     CWR: CLDG Roots                   6 us, workers (us):   6, ---, ---, 
[6.304s][info][gc,stats    ]   Rendezvous                         56 us
[6.304s][info][gc,stats    ] Concurrent Cleanup                   30 us
[6.304s][info][gc,stats    ] Concurrent Class Unloading         1699 us
[6.304s][info][gc,stats    ]   Unlink Stale                     1525 us
[6.304s][info][gc,stats    ]     System Dictionary                 3 us
[6.304s][info][gc,stats    ]     Weak Class Links                  0 us
[6.304s][info][gc,stats    ]     Code Roots                     1521 us
[6.304s][info][gc,stats    ]   Rendezvous                         43 us
[6.304s][info][gc,stats    ]   Purge Unlinked                     82 us
[6.304s][info][gc,stats    ]     Code Roots                       77 us
[6.304s][info][gc,stats    ]     CLDG                              5 us
[6.304s][info][gc,stats    ]     Exception Caches                  0 us
[6.304s][info][gc,stats    ] Concurrent Strong Roots             111 us, parallelism: 0.24x
[6.304s][info][gc,stats    ]   CSR: <total>                       27 us
[6.304s][info][gc,stats    ]   CSR: VM Strong Roots                2 us, workers (us):   2, ---, ---, 
[6.304s][info][gc,stats    ]   CSR: CLDG Roots                    25 us, workers (us):  25, ---, ---, 
[6.304s][info][gc,stats    ] Concurrent Evacuation               123 us
[6.304s][info][gc,stats    ] Pause Init Update Refs (G)          143 us
[6.304s][info][gc,stats    ] Pause Init Update Refs (N)           92 us
[6.304s][info][gc,stats    ]   Manage GCLABs                       2 us
[6.304s][info][gc,stats    ] Concurrent Update Refs             9644 us
[6.304s][info][gc,stats    ] Concurrent Update Thread Roots      653 us
[6.304s][info][gc,stats    ] Pause Final Update Refs (G)         185 us
[6.304s][info][gc,stats    ] Pause Final Update Refs (N)         134 us
[6.304s][info][gc,stats    ]   Update Region States               68 us
[6.304s][info][gc,stats    ]   Trash Collection Set                2 us
[6.304s][info][gc,stats    ]   Rebuild Free Set                   14 us
[6.304s][info][gc,stats    ] Concurrent Cleanup                   36 us
[6.304s][info][gc,stats    ] 
[6.304s][info][gc,stats    ] Allocation pacing accrued:
[6.304s][info][gc,stats    ]       0 of   233 ms (  0.0%): <total>
[6.304s][info][gc,stats    ]       0 of   233 ms (  0.0%): <average total>
[6.304s][info][gc,stats    ] 
[6.304s][info][gc,metaspace] Metaspace: 12283K(12480K)->12283K(12480K) NonClass: 10627K(10688K)->10628K(10688K) Class: 1655K(1792K)->1655K(1792K)
[6.304s][info][gc,ergo     ] Pacer for Idle. Initial: 163M, Alloc Tax Rate: 1.0x
[6.487s][info][gc          ] Trigger: Explicit GC request (System.gc())
[6.487s][info][gc,ergo     ] Free: 7629M, Max: 4096K regular, 7596M humongous, Frag: 0% external, 0% internal; Reserve: 412M, Max: 4096K
[6.487s][info][gc,start    ] GC(24) Concurrent reset
[6.487s][info][gc,task     ] GC(24) Using 1 of 3 workers for concurrent reset
[6.487s][info][gc,ergo     ] GC(24) Pacer for Reset. Non-Taxable: 8192M
[6.487s][info][gc          ] GC(24) Concurrent reset 0.346ms
[6.487s][info][gc,start    ] GC(24) Pause Init Mark (unload classes)
[6.487s][info][gc,task     ] GC(24) Using 3 of 3 workers for init marking
[6.487s][info][gc,ref      ] GC(24) Clearing All SoftReferences
[6.487s][info][gc,ergo     ] GC(24) Pacer for Mark. Expected Live: 25375K, Free: 7629M, Non-Taxable: 762M, Alloc Tax Rate: 0.0x
[6.487s][info][gc          ] GC(24) Pause Init Mark (unload classes) 0.214ms
[6.488s][info][gc,start    ] GC(24) Concurrent marking roots
[6.488s][info][gc,task     ] GC(24) Using 1 of 3 workers for concurrent marking roots
[6.488s][info][gc          ] GC(24) Concurrent marking roots 0.493ms
[6.488s][info][gc,start    ] GC(24) Concurrent marking (unload classes)
[6.488s][info][gc,task     ] GC(24) Using 1 of 3 workers for concurrent marking
[6.509s][info][gc          ] GC(24) Concurrent marking (unload classes) 20.534ms
[6.509s][info][gc,start    ] GC(24) Pause Final Mark (unload classes)
[6.509s][info][gc,task     ] GC(24) Using 3 of 3 workers for final marking
[6.509s][info][gc,ergo     ] GC(24) Collectable Garbage: 116M (92%), Immediate: 116M (92%), CSet: 0B (0%)
[6.509s][info][gc          ] GC(24) Pause Final Mark (unload classes) 0.386ms
[6.509s][info][gc,start    ] GC(24) Concurrent weak references
[6.509s][info][gc,task     ] GC(24) Using 1 of 3 workers for concurrent weak references
[6.509s][info][gc,ref      ] GC(24) Encountered references: Soft: 154, Weak: 720, Final: 0, Phantom: 33
[6.509s][info][gc,ref      ] GC(24) Discovered  references: Soft: 96, Weak: 158, Final: 0, Phantom: 31
[6.509s][info][gc,ref      ] GC(24) Enqueued    references: Soft: 3, Weak: 0, Final: 0, Phantom: 0
[6.509s][info][gc          ] GC(24) Concurrent weak references 0.132ms
[6.509s][info][gc,start    ] GC(24) Concurrent weak roots
[6.509s][info][gc,task     ] GC(24) Using 1 of 3 workers for concurrent weak root
[6.510s][info][gc          ] GC(24) Concurrent weak roots 0.653ms
[6.510s][info][gc,start    ] GC(24) Concurrent cleanup
[6.510s][info][gc          ] GC(24) Concurrent cleanup 150M->34M(8192M) 0.023ms
[6.510s][info][gc,ergo     ] GC(24) Free: 7745M, Max: 4096K regular, 7596M humongous, Frag: 2% external, 0% internal; Reserve: 412M, Max: 4096K
[6.510s][info][gc,start    ] GC(24) Concurrent class unloading
[6.510s][info][gc,task     ] GC(24) Using 1 of 3 workers for concurrent class unloading
[6.512s][info][gc          ] GC(24) Concurrent class unloading 1.993ms
[6.512s][info][gc,start    ] GC(24) Pause Final Roots
[6.512s][info][gc          ] GC(24) Pause Final Roots 0.052ms
[6.512s][info][gc,ergo     ] Free: 7745M, Max: 4096K regular, 7596M humongous, Frag: 2% external, 0% internal; Reserve: 412M, Max: 4096K
[6.512s][info][gc,stats    ] 
[6.512s][info][gc,stats    ] All times are wall-clock times, except per-root-class counters, that are sum over
[6.512s][info][gc,stats    ] all workers. Dividing the <total> over the root stage time estimates parallelism.
[6.512s][info][gc,stats    ] 
[6.512s][info][gc,stats    ] Concurrent Reset                    413 us
[6.512s][info][gc,stats    ] Pause Init Mark (G)                 376 us
[6.512s][info][gc,stats    ] Pause Init Mark (N)                 235 us
[6.512s][info][gc,stats    ]   Update Region States               81 us
[6.512s][info][gc,stats    ] Concurrent Mark Roots               531 us, parallelism: 0.62x
[6.513s][info][gc,stats    ]   CMR: <total>                      329 us
[6.513s][info][gc,stats    ]   CMR: Thread Roots                 288 us, workers (us): 288, ---, ---, 
[6.513s][info][gc,stats    ]   CMR: VM Strong Roots                4 us, workers (us):   4, ---, ---, 
[6.513s][info][gc,stats    ]   CMR: CLDG Roots                    37 us, workers (us):  37, ---, ---, 
[6.513s][info][gc,stats    ] Concurrent Marking                20600 us
[6.513s][info][gc,stats    ] Pause Final Mark (G)                521 us
[6.513s][info][gc,stats    ] Pause Final Mark (N)                411 us
[6.513s][info][gc,stats    ]   Finish Mark                        94 us
[6.513s][info][gc,stats    ]   Update Region States              100 us
[6.513s][info][gc,stats    ]   Choose Collection Set              74 us
[6.513s][info][gc,stats    ]   Rebuild Free Set                   21 us
[6.513s][info][gc,stats    ] Concurrent Weak References          139 us, parallelism: 0.05x
[6.513s][info][gc,stats    ]   CWRF: <total>                       7 us
[6.513s][info][gc,stats    ]   CWRF: Weak References               7 us, workers (us):   7, ---, ---, 
[6.513s][info][gc,stats    ] Concurrent Weak Roots               671 us
[6.513s][info][gc,stats    ]   Roots                             535 us, parallelism: 0.87x
[6.513s][info][gc,stats    ]     CWR: <total>                    467 us
[6.513s][info][gc,stats    ]     CWR: Code Cache Roots           352 us, workers (us): 352, ---, ---, 
[6.513s][info][gc,stats    ]     CWR: VM Weak Roots              108 us, workers (us): 108, ---, ---, 
[6.513s][info][gc,stats    ]     CWR: CLDG Roots                   7 us, workers (us):   7, ---, ---, 
[6.513s][info][gc,stats    ]   Rendezvous                        102 us
[6.513s][info][gc,stats    ] Concurrent Cleanup                   31 us
[6.513s][info][gc,stats    ] Concurrent Class Unloading         2022 us
[6.513s][info][gc,stats    ]   Unlink Stale                     1819 us
[6.513s][info][gc,stats    ]     System Dictionary                 3 us
[6.513s][info][gc,stats    ]     Weak Class Links                  0 us
[6.513s][info][gc,stats    ]     Code Roots                     1815 us
[6.513s][info][gc,stats    ]   Rendezvous                         42 us
[6.513s][info][gc,stats    ]   Purge Unlinked                    116 us
[6.513s][info][gc,stats    ]     Code Roots                      111 us
[6.513s][info][gc,stats    ]     CLDG                              5 us
[6.513s][info][gc,stats    ]     Exception Caches                  0 us
[6.513s][info][gc,stats    ] Pause Final Roots (G)               191 us
[6.513s][info][gc,stats    ] Pause Final Roots (N)                75 us
[6.513s][info][gc,stats    ] 
[6.513s][info][gc,stats    ] Allocation pacing accrued:
[6.513s][info][gc,stats    ]       0 of   209 ms (  0.0%): <total>
[6.513s][info][gc,stats    ]       0 of   209 ms (  0.0%): <average total>
[6.513s][info][gc,stats    ] 
[6.513s][info][gc,metaspace] Metaspace: 12285K(12480K)->12285K(12480K) NonClass: 10629K(10688K)->10629K(10688K) Class: 1655K(1792K)->1655K(1792K)
[6.513s][info][gc,ergo     ] Pacer for Idle. Initial: 163M, Alloc Tax Rate: 1.0x
[6.707s][info][gc          ] Trigger: Explicit GC request (System.gc())
[6.707s][info][gc,ergo     ] Free: 7621M, Max: 4096K regular, 7588M humongous, Frag: 0% external, 0% internal; Reserve: 412M, Max: 4096K
[6.707s][info][gc,start    ] GC(25) Concurrent reset
[6.707s][info][gc,task     ] GC(25) Using 1 of 3 workers for concurrent reset
[6.707s][info][gc,ergo     ] GC(25) Pacer for Reset. Non-Taxable: 8192M
[6.707s][info][gc          ] GC(25) Concurrent reset 0.421ms
[6.707s][info][gc,start    ] GC(25) Pause Init Mark (unload classes)
[6.707s][info][gc,task     ] GC(25) Using 3 of 3 workers for init marking
[6.707s][info][gc,ref      ] GC(25) Clearing All SoftReferences
[6.707s][info][gc,ergo     ] GC(25) Pacer for Mark. Expected Live: 25375K, Free: 7621M, Non-Taxable: 762M, Alloc Tax Rate: 0.0x
[6.707s][info][gc          ] GC(25) Pause Init Mark (unload classes) 0.124ms
[6.707s][info][gc,start    ] GC(25) Concurrent marking roots
[6.707s][info][gc,task     ] GC(25) Using 1 of 3 workers for concurrent marking roots
[6.708s][info][gc          ] GC(25) Concurrent marking roots 0.512ms
[6.708s][info][gc,start    ] GC(25) Concurrent marking (unload classes)
[6.708s][info][gc,task     ] GC(25) Using 1 of 3 workers for concurrent marking
[6.728s][info][gc          ] GC(25) Concurrent marking (unload classes) 20.082ms
[6.728s][info][gc,start    ] GC(25) Pause Final Mark (unload classes)
[6.728s][info][gc,task     ] GC(25) Using 3 of 3 workers for final marking
[6.728s][info][gc,ergo     ] GC(25) Collectable Garbage: 124M (93%), Immediate: 124M (93%), CSet: 0B (0%)
[6.728s][info][gc          ] GC(25) Pause Final Mark (unload classes) 0.308ms
[6.728s][info][gc,start    ] GC(25) Concurrent weak references
[6.728s][info][gc,task     ] GC(25) Using 1 of 3 workers for concurrent weak references
[6.729s][info][gc,ref      ] GC(25) Encountered references: Soft: 154, Weak: 720, Final: 0, Phantom: 33
[6.729s][info][gc,ref      ] GC(25) Discovered  references: Soft: 96, Weak: 158, Final: 0, Phantom: 31
[6.729s][info][gc,ref      ] GC(25) Enqueued    references: Soft: 3, Weak: 0, Final: 0, Phantom: 0
[6.729s][info][gc          ] GC(25) Concurrent weak references 0.154ms
[6.729s][info][gc,start    ] GC(25) Concurrent weak roots
[6.729s][info][gc,task     ] GC(25) Using 1 of 3 workers for concurrent weak root
[6.729s][info][gc          ] GC(25) Concurrent weak roots 0.520ms
[6.729s][info][gc,start    ] GC(25) Concurrent cleanup
[6.729s][info][gc          ] GC(25) Concurrent cleanup 158M->34M(8192M) 0.023ms
[6.729s][info][gc,ergo     ] GC(25) Free: 7745M, Max: 4096K regular, 7588M humongous, Frag: 2% external, 0% internal; Reserve: 412M, Max: 4096K
[6.729s][info][gc,start    ] GC(25) Concurrent class unloading
[6.729s][info][gc,task     ] GC(25) Using 1 of 3 workers for concurrent class unloading
[6.731s][info][gc          ] GC(25) Concurrent class unloading 2.232ms
[6.732s][info][gc,start    ] GC(25) Pause Final Roots
[6.732s][info][gc          ] GC(25) Pause Final Roots 0.026ms
[6.732s][info][gc,ergo     ] Free: 7745M, Max: 4096K regular, 7588M humongous, Frag: 2% external, 0% internal; Reserve: 412M, Max: 4096K
[6.732s][info][gc,stats    ] 
[6.732s][info][gc,stats    ] All times are wall-clock times, except per-root-class counters, that are sum over
[6.732s][info][gc,stats    ] all workers. Dividing the <total> over the root stage time estimates parallelism.
[6.732s][info][gc,stats    ] 
[6.732s][info][gc,stats    ] Concurrent Reset                    493 us
[6.732s][info][gc,stats    ] Pause Init Mark (G)                 221 us
[6.732s][info][gc,stats    ] Pause Init Mark (N)                 132 us
[6.732s][info][gc,stats    ]   Update Region States               69 us
[6.732s][info][gc,stats    ] Concurrent Mark Roots               530 us, parallelism: 0.61x
[6.732s][info][gc,stats    ]   CMR: <total>                      323 us
[6.732s][info][gc,stats    ]   CMR: Thread Roots                 280 us, workers (us): 280, ---, ---, 
[6.732s][info][gc,stats    ]   CMR: VM Strong Roots                6 us, workers (us):   6, ---, ---, 
[6.732s][info][gc,stats    ]   CMR: CLDG Roots                    37 us, workers (us):  37, ---, ---, 
[6.732s][info][gc,stats    ] Concurrent Marking                20149 us
[6.732s][info][gc,stats    ] Pause Final Mark (G)                452 us
[6.732s][info][gc,stats    ] Pause Final Mark (N)                331 us
[6.732s][info][gc,stats    ]   Finish Mark                        94 us
[6.732s][info][gc,stats    ]   Update Region States               58 us
[6.732s][info][gc,stats    ]   Choose Collection Set              53 us
[6.732s][info][gc,stats    ]   Rebuild Free Set                   21 us
[6.732s][info][gc,stats    ] Concurrent Weak References          162 us, parallelism: 0.04x
[6.732s][info][gc,stats    ]   CWRF: <total>                       7 us
[6.732s][info][gc,stats    ]   CWRF: Weak References               7 us, workers (us):   7, ---, ---, 
[6.732s][info][gc,stats    ] Concurrent Weak Roots               538 us
[6.732s][info][gc,stats    ]   Roots                             402 us, parallelism: 0.87x
[6.732s][info][gc,stats    ]     CWR: <total>                    351 us
[6.732s][info][gc,stats    ]     CWR: Code Cache Roots           287 us, workers (us): 287, ---, ---, 
[6.732s][info][gc,stats    ]     CWR: VM Weak Roots               59 us, workers (us):  59, ---, ---, 
[6.732s][info][gc,stats    ]     CWR: CLDG Roots                   5 us, workers (us):   5, ---, ---, 
[6.732s][info][gc,stats    ]   Rendezvous                        103 us
[6.732s][info][gc,stats    ] Concurrent Cleanup                   31 us
[6.732s][info][gc,stats    ] Concurrent Class Unloading         2295 us
[6.732s][info][gc,stats    ]   Unlink Stale                     1955 us
[6.732s][info][gc,stats    ]     System Dictionary                 3 us
[6.732s][info][gc,stats    ]     Weak Class Links                  0 us
[6.732s][info][gc,stats    ]     Code Roots                     1950 us
[6.732s][info][gc,stats    ]   Rendezvous                         60 us
[6.732s][info][gc,stats    ]   Purge Unlinked                    198 us
[6.732s][info][gc,stats    ]     Code Roots                      186 us
[6.732s][info][gc,stats    ]     CLDG                             11 us
[6.732s][info][gc,stats    ]     Exception Caches                  0 us
[6.732s][info][gc,stats    ] Pause Final Roots (G)               137 us
[6.732s][info][gc,stats    ] Pause Final Roots (N)                46 us
[6.732s][info][gc,stats    ] 
[6.732s][info][gc,stats    ] Allocation pacing accrued:
[6.732s][info][gc,stats    ]       0 of   219 ms (  0.0%): <total>
[6.732s][info][gc,stats    ]       0 of   219 ms (  0.0%): <average total>
[6.732s][info][gc,stats    ] 
[6.732s][info][gc,metaspace] Metaspace: 12285K(12480K)->12286K(12480K) NonClass: 10630K(10688K)->10630K(10688K) Class: 1655K(1792K)->1655K(1792K)
[6.732s][info][gc,ergo     ] Pacer for Idle. Initial: 163M, Alloc Tax Rate: 1.0x
[6.926s][info][gc          ] Trigger: Explicit GC request (System.gc())
[6.927s][info][gc,ergo     ] Free: 7621M, Max: 4096K regular, 7588M humongous, Frag: 0% external, 0% internal; Reserve: 412M, Max: 4096K
[6.927s][info][gc,start    ] GC(26) Concurrent reset
[6.927s][info][gc,task     ] GC(26) Using 1 of 3 workers for concurrent reset
[6.927s][info][gc,ergo     ] GC(26) Pacer for Reset. Non-Taxable: 8192M
[6.927s][info][gc          ] GC(26) Concurrent reset 0.444ms
[6.927s][info][gc,start    ] GC(26) Pause Init Mark (unload classes)
[6.927s][info][gc,task     ] GC(26) Using 3 of 3 workers for init marking
[6.927s][info][gc,ref      ] GC(26) Clearing All SoftReferences
[6.927s][info][gc,ergo     ] GC(26) Pacer for Mark. Expected Live: 25375K, Free: 7621M, Non-Taxable: 762M, Alloc Tax Rate: 0.0x
[6.927s][info][gc          ] GC(26) Pause Init Mark (unload classes) 0.240ms
[6.928s][info][gc,start    ] GC(26) Concurrent marking roots
[6.928s][info][gc,task     ] GC(26) Using 1 of 3 workers for concurrent marking roots
[6.928s][info][gc          ] GC(26) Concurrent marking roots 0.527ms
[6.928s][info][gc,start    ] GC(26) Concurrent marking (unload classes)
[6.928s][info][gc,task     ] GC(26) Using 1 of 3 workers for concurrent marking
[6.948s][info][gc          ] GC(26) Concurrent marking (unload classes) 19.894ms
[6.948s][info][gc,start    ] GC(26) Pause Final Mark (unload classes)
[6.948s][info][gc,task     ] GC(26) Using 3 of 3 workers for final marking
[6.948s][info][gc,ergo     ] GC(26) Collectable Garbage: 123M (93%), Immediate: 123M (93%), CSet: 0B (0%)
[6.949s][info][gc          ] GC(26) Pause Final Mark (unload classes) 0.392ms
[6.949s][info][gc,start    ] GC(26) Concurrent weak references
[6.949s][info][gc,task     ] GC(26) Using 1 of 3 workers for concurrent weak references
[6.949s][info][gc,ref      ] GC(26) Encountered references: Soft: 154, Weak: 720, Final: 0, Phantom: 33
[6.949s][info][gc,ref      ] GC(26) Discovered  references: Soft: 96, Weak: 158, Final: 0, Phantom: 31
[6.949s][info][gc,ref      ] GC(26) Enqueued    references: Soft: 3, Weak: 0, Final: 0, Phantom: 0
[6.949s][info][gc          ] GC(26) Concurrent weak references 0.163ms
[6.949s][info][gc,start    ] GC(26) Concurrent weak roots
[6.949s][info][gc,task     ] GC(26) Using 1 of 3 workers for concurrent weak root
[6.949s][info][gc          ] GC(26) Concurrent weak roots 0.541ms
[6.949s][info][gc,start    ] GC(26) Concurrent cleanup
[6.949s][info][gc          ] GC(26) Concurrent cleanup 158M->34M(8192M) 0.022ms
[6.949s][info][gc,ergo     ] GC(26) Free: 7745M, Max: 4096K regular, 7592M humongous, Frag: 2% external, 0% internal; Reserve: 412M, Max: 4096K
[6.949s][info][gc,start    ] GC(26) Concurrent class unloading
[6.949s][info][gc,task     ] GC(26) Using 1 of 3 workers for concurrent class unloading
[6.951s][info][gc          ] GC(26) Concurrent class unloading 1.874ms
[6.951s][info][gc,start    ] GC(26) Pause Final Roots
[6.951s][info][gc          ] GC(26) Pause Final Roots 0.020ms
[6.951s][info][gc,ergo     ] Free: 7745M, Max: 4096K regular, 7592M humongous, Frag: 2% external, 0% internal; Reserve: 412M, Max: 4096K
[6.952s][info][gc,stats    ] 
[6.952s][info][gc,stats    ] All times are wall-clock times, except per-root-class counters, that are sum over
[6.952s][info][gc,stats    ] all workers. Dividing the <total> over the root stage time estimates parallelism.
[6.952s][info][gc,stats    ] 
[6.952s][info][gc,stats    ] Concurrent Reset                    545 us
[6.952s][info][gc,stats    ] Pause Init Mark (G)                 426 us
[6.952s][info][gc,stats    ] Pause Init Mark (N)                 263 us
[6.952s][info][gc,stats    ]   Update Region States              100 us
[6.952s][info][gc,stats    ] Concurrent Mark Roots               545 us, parallelism: 0.75x
[6.952s][info][gc,stats    ]   CMR: <total>                      406 us
[6.952s][info][gc,stats    ]   CMR: Thread Roots                 357 us, workers (us): 357, ---, ---, 
[6.952s][info][gc,stats    ]   CMR: VM Strong Roots                5 us, workers (us):   5, ---, ---, 
[6.952s][info][gc,stats    ]   CMR: CLDG Roots                    44 us, workers (us):  44, ---, ---, 
[6.952s][info][gc,stats    ] Concurrent Marking                19955 us
[6.952s][info][gc,stats    ] Pause Final Mark (G)                538 us
[6.952s][info][gc,stats    ] Pause Final Mark (N)                416 us
[6.952s][info][gc,stats    ]   Finish Mark                       142 us
[6.952s][info][gc,stats    ]   Update Region States               75 us
[6.952s][info][gc,stats    ]   Choose Collection Set              71 us
[6.952s][info][gc,stats    ]   Rebuild Free Set                   22 us
[6.952s][info][gc,stats    ] Concurrent Weak References          179 us, parallelism: 0.06x
[6.952s][info][gc,stats    ]   CWRF: <total>                      11 us
[6.952s][info][gc,stats    ]   CWRF: Weak References              11 us, workers (us):  11, ---, ---, 
[6.952s][info][gc,stats    ] Concurrent Weak Roots               560 us
[6.952s][info][gc,stats    ]   Roots                             406 us, parallelism: 0.87x
[6.952s][info][gc,stats    ]     CWR: <total>                    353 us
[6.952s][info][gc,stats    ]     CWR: Code Cache Roots           287 us, workers (us): 287, ---, ---, 
[6.952s][info][gc,stats    ]     CWR: VM Weak Roots               60 us, workers (us):  60, ---, ---, 
[6.952s][info][gc,stats    ]     CWR: CLDG Roots                   6 us, workers (us):   6, ---, ---, 
[6.952s][info][gc,stats    ]   Rendezvous                        104 us
[6.952s][info][gc,stats    ] Concurrent Cleanup                   30 us
[6.952s][info][gc,stats    ] Concurrent Class Unloading         1937 us
[6.952s][info][gc,stats    ]   Unlink Stale                     1655 us
[6.952s][info][gc,stats    ]     System Dictionary                 3 us
[6.952s][info][gc,stats    ]     Weak Class Links                  0 us
[6.952s][info][gc,stats    ]     Code Roots                     1650 us
[6.952s][info][gc,stats    ]   Rendezvous                         53 us
[6.952s][info][gc,stats    ]   Purge Unlinked                    146 us
[6.952s][info][gc,stats    ]     Code Roots                      137 us
[6.952s][info][gc,stats    ]     CLDG                              9 us
[6.952s][info][gc,stats    ]     Exception Caches                  0 us
[6.952s][info][gc,stats    ] Pause Final Roots (G)                97 us
[6.952s][info][gc,stats    ] Pause Final Roots (N)                28 us
[6.952s][info][gc,stats    ] 
[6.952s][info][gc,stats    ] Allocation pacing accrued:
[6.952s][info][gc,stats    ]       0 of   220 ms (  0.0%): <total>
[6.952s][info][gc,stats    ]       0 of   220 ms (  0.0%): <average total>
[6.952s][info][gc,stats    ] 
[6.952s][info][gc,metaspace] Metaspace: 12288K(12544K)->12288K(12544K) NonClass: 10632K(10752K)->10632K(10752K) Class: 1655K(1792K)->1655K(1792K)
[6.952s][info][gc,ergo     ] Pacer for Idle. Initial: 163M, Alloc Tax Rate: 1.0x
[7.130s][info][gc          ] Trigger: Explicit GC request (System.gc())
[7.130s][info][gc,ergo     ] Free: 7621M, Max: 4096K regular, 7588M humongous, Frag: 0% external, 0% internal; Reserve: 412M, Max: 4096K
[7.130s][info][gc,start    ] GC(27) Concurrent reset
[7.130s][info][gc,task     ] GC(27) Using 1 of 3 workers for concurrent reset
[7.130s][info][gc,ergo     ] GC(27) Pacer for Reset. Non-Taxable: 8192M
[7.131s][info][gc          ] GC(27) Concurrent reset 0.273ms
[7.131s][info][gc,start    ] GC(27) Pause Init Mark (unload classes)
[7.131s][info][gc,task     ] GC(27) Using 3 of 3 workers for init marking
[7.131s][info][gc,ref      ] GC(27) Clearing All SoftReferences
[7.131s][info][gc,ergo     ] GC(27) Pacer for Mark. Expected Live: 25375K, Free: 7621M, Non-Taxable: 762M, Alloc Tax Rate: 0.0x
[7.131s][info][gc          ] GC(27) Pause Init Mark (unload classes) 0.145ms
[7.131s][info][gc,start    ] GC(27) Concurrent marking roots
[7.131s][info][gc,task     ] GC(27) Using 1 of 3 workers for concurrent marking roots
[7.131s][info][gc          ] GC(27) Concurrent marking roots 0.491ms
[7.131s][info][gc,start    ] GC(27) Concurrent marking (unload classes)
[7.131s][info][gc,task     ] GC(27) Using 1 of 3 workers for concurrent marking
[7.151s][info][gc          ] GC(27) Concurrent marking (unload classes) 19.719ms
[7.151s][info][gc,start    ] GC(27) Pause Final Mark (unload classes)
[7.151s][info][gc,task     ] GC(27) Using 3 of 3 workers for final marking
[7.151s][info][gc,ergo     ] GC(27) Collectable Garbage: 124M (93%), Immediate: 124M (93%), CSet: 0B (0%)
[7.152s][info][gc          ] GC(27) Pause Final Mark (unload classes) 0.314ms
[7.152s][info][gc,start    ] GC(27) Concurrent weak references
[7.152s][info][gc,task     ] GC(27) Using 1 of 3 workers for concurrent weak references
[7.152s][info][gc,ref      ] GC(27) Encountered references: Soft: 154, Weak: 720, Final: 0, Phantom: 33
[7.152s][info][gc,ref      ] GC(27) Discovered  references: Soft: 96, Weak: 158, Final: 0, Phantom: 31
[7.152s][info][gc,ref      ] GC(27) Enqueued    references: Soft: 3, Weak: 0, Final: 0, Phantom: 0
[7.152s][info][gc          ] GC(27) Concurrent weak references 0.183ms
[7.152s][info][gc,start    ] GC(27) Concurrent weak roots
[7.152s][info][gc,task     ] GC(27) Using 1 of 3 workers for concurrent weak root
[7.152s][info][gc          ] GC(27) Concurrent weak roots 0.576ms
[7.152s][info][gc,start    ] GC(27) Concurrent cleanup
[7.152s][info][gc          ] GC(27) Concurrent cleanup 158M->34M(8192M) 0.028ms
[7.152s][info][gc,ergo     ] GC(27) Free: 7745M, Max: 4096K regular, 7588M humongous, Frag: 2% external, 0% internal; Reserve: 412M, Max: 4096K
[7.152s][info][gc,start    ] GC(27) Concurrent class unloading
[7.152s][info][gc,task     ] GC(27) Using 1 of 3 workers for concurrent class unloading
[7.154s][info][gc          ] GC(27) Concurrent class unloading 1.934ms
[7.155s][info][gc,start    ] GC(27) Pause Final Roots
[7.155s][info][gc          ] GC(27) Pause Final Roots 0.100ms
[7.155s][info][gc,ergo     ] Free: 7745M, Max: 4096K regular, 7588M humongous, Frag: 2% external, 0% internal; Reserve: 412M, Max: 4096K
[7.155s][info][gc,stats    ] 
[7.155s][info][gc,stats    ] All times are wall-clock times, except per-root-class counters, that are sum over
[7.155s][info][gc,stats    ] all workers. Dividing the <total> over the root stage time estimates parallelism.
[7.155s][info][gc,stats    ] 
[7.155s][info][gc,stats    ] Concurrent Reset                    311 us
[7.155s][info][gc,stats    ] Pause Init Mark (G)                 235 us
[7.155s][info][gc,stats    ] Pause Init Mark (N)                 153 us
[7.155s][info][gc,stats    ]   Update Region States               69 us
[7.155s][info][gc,stats    ] Concurrent Mark Roots               515 us, parallelism: 0.69x
[7.155s][info][gc,stats    ]   CMR: <total>                      358 us
[7.155s][info][gc,stats    ]   CMR: Thread Roots                 302 us, workers (us): 302, ---, ---, 
[7.155s][info][gc,stats    ]   CMR: VM Strong Roots                5 us, workers (us):   5, ---, ---, 
[7.155s][info][gc,stats    ]   CMR: CLDG Roots                    50 us, workers (us):  50, ---, ---, 
[7.155s][info][gc,stats    ] Concurrent Marking                19786 us
[7.155s][info][gc,stats    ] Pause Final Mark (G)                439 us
[7.155s][info][gc,stats    ] Pause Final Mark (N)                324 us
[7.155s][info][gc,stats    ]   Finish Mark                       122 us
[7.155s][info][gc,stats    ]   Update Region States               66 us
[7.155s][info][gc,stats    ]   Choose Collection Set              38 us
[7.155s][info][gc,stats    ]   Rebuild Free Set                    8 us
[7.155s][info][gc,stats    ] Concurrent Weak References          200 us, parallelism: 0.06x
[7.155s][info][gc,stats    ]   CWRF: <total>                      12 us
[7.155s][info][gc,stats    ]   CWRF: Weak References              12 us, workers (us):  12, ---, ---, 
[7.155s][info][gc,stats    ] Concurrent Weak Roots               610 us
[7.155s][info][gc,stats    ]   Roots                             455 us, parallelism: 0.82x
[7.155s][info][gc,stats    ]     CWR: <total>                    375 us
[7.155s][info][gc,stats    ]     CWR: Code Cache Roots           310 us, workers (us): 310, ---, ---, 
[7.155s][info][gc,stats    ]     CWR: VM Weak Roots               60 us, workers (us):  60, ---, ---, 
[7.155s][info][gc,stats    ]     CWR: CLDG Roots                   6 us, workers (us):   6, ---, ---, 
[7.155s][info][gc,stats    ]   Rendezvous                         87 us
[7.155s][info][gc,stats    ] Concurrent Cleanup                   36 us
[7.155s][info][gc,stats    ] Concurrent Class Unloading         2013 us
[7.155s][info][gc,stats    ]   Unlink Stale                     1755 us
[7.155s][info][gc,stats    ]     System Dictionary                 7 us
[7.155s][info][gc,stats    ]     Weak Class Links                  0 us
[7.155s][info][gc,stats    ]     Code Roots                     1746 us
[7.155s][info][gc,stats    ]   Rendezvous                         59 us
[7.155s][info][gc,stats    ]   Purge Unlinked                     99 us
[7.155s][info][gc,stats    ]     Code Roots                       94 us
[7.155s][info][gc,stats    ]     CLDG                              5 us
[7.155s][info][gc,stats    ]     Exception Caches                  0 us
[7.155s][info][gc,stats    ] Pause Final Roots (G)               240 us
[7.155s][info][gc,stats    ] Pause Final Roots (N)               123 us
[7.155s][info][gc,stats    ] 
[7.155s][info][gc,stats    ] Allocation pacing accrued:
[7.155s][info][gc,stats    ]       0 of   203 ms (  0.0%): <total>
[7.155s][info][gc,stats    ]       0 of   203 ms (  0.0%): <average total>
[7.155s][info][gc,stats    ] 
[7.155s][info][gc,metaspace] Metaspace: 12288K(12544K)->12288K(12544K) NonClass: 10632K(10752K)->10632K(10752K) Class: 1655K(1792K)->1655K(1792K)
[7.155s][info][gc,ergo     ] Pacer for Idle. Initial: 163M, Alloc Tax Rate: 1.0x
[7.335s][info][gc          ] Trigger: Explicit GC request (System.gc())
[7.335s][info][gc,ergo     ] Free: 7621M, Max: 4096K regular, 7588M humongous, Frag: 0% external, 0% internal; Reserve: 412M, Max: 4096K
[7.335s][info][gc,start    ] GC(28) Concurrent reset
[7.335s][info][gc,task     ] GC(28) Using 1 of 3 workers for concurrent reset
[7.335s][info][gc,ergo     ] GC(28) Pacer for Reset. Non-Taxable: 8192M
[7.335s][info][gc          ] GC(28) Concurrent reset 0.379ms
[7.335s][info][gc,start    ] GC(28) Pause Init Mark (unload classes)
[7.335s][info][gc,task     ] GC(28) Using 3 of 3 workers for init marking
[7.335s][info][gc,ref      ] GC(28) Clearing All SoftReferences
[7.335s][info][gc,ergo     ] GC(28) Pacer for Mark. Expected Live: 25375K, Free: 7621M, Non-Taxable: 762M, Alloc Tax Rate: 0.0x
[7.335s][info][gc          ] GC(28) Pause Init Mark (unload classes) 0.137ms
[7.335s][info][gc,start    ] GC(28) Concurrent marking roots
[7.335s][info][gc,task     ] GC(28) Using 1 of 3 workers for concurrent marking roots
[7.336s][info][gc          ] GC(28) Concurrent marking roots 0.521ms
[7.336s][info][gc,start    ] GC(28) Concurrent marking (unload classes)
[7.336s][info][gc,task     ] GC(28) Using 1 of 3 workers for concurrent marking
[7.356s][info][gc          ] GC(28) Concurrent marking (unload classes) 19.758ms
[7.356s][info][gc,start    ] GC(28) Pause Final Mark (unload classes)
[7.356s][info][gc,task     ] GC(28) Using 3 of 3 workers for final marking
[7.356s][info][gc,ergo     ] GC(28) Collectable Garbage: 123M (93%), Immediate: 123M (93%), CSet: 0B (0%)
[7.356s][info][gc          ] GC(28) Pause Final Mark (unload classes) 0.370ms
[7.356s][info][gc,start    ] GC(28) Concurrent weak references
[7.356s][info][gc,task     ] GC(28) Using 1 of 3 workers for concurrent weak references
[7.356s][info][gc,ref      ] GC(28) Encountered references: Soft: 154, Weak: 720, Final: 0, Phantom: 33
[7.356s][info][gc,ref      ] GC(28) Discovered  references: Soft: 96, Weak: 158, Final: 0, Phantom: 31
[7.356s][info][gc,ref      ] GC(28) Enqueued    references: Soft: 3, Weak: 0, Final: 0, Phantom: 0
[7.356s][info][gc          ] GC(28) Concurrent weak references 0.171ms
[7.356s][info][gc,start    ] GC(28) Concurrent weak roots
[7.357s][info][gc,task     ] GC(28) Using 1 of 3 workers for concurrent weak root
[7.357s][info][gc          ] GC(28) Concurrent weak roots 0.575ms
[7.357s][info][gc,start    ] GC(28) Concurrent cleanup
[7.357s][info][gc          ] GC(28) Concurrent cleanup 158M->34M(8192M) 0.021ms
[7.357s][info][gc,ergo     ] GC(28) Free: 7745M, Max: 4096K regular, 7592M humongous, Frag: 2% external, 0% internal; Reserve: 412M, Max: 4096K
[7.357s][info][gc,start    ] GC(28) Concurrent class unloading
[7.357s][info][gc,task     ] GC(28) Using 1 of 3 workers for concurrent class unloading
[7.359s][info][gc          ] GC(28) Concurrent class unloading 2.197ms
[7.359s][info][gc,start    ] GC(28) Pause Final Roots
[7.360s][info][gc          ] GC(28) Pause Final Roots 0.052ms
[7.360s][info][gc,ergo     ] Free: 7745M, Max: 4096K regular, 7592M humongous, Frag: 2% external, 0% internal; Reserve: 412M, Max: 4096K
[7.360s][info][gc,stats    ] 
[7.360s][info][gc,stats    ] All times are wall-clock times, except per-root-class counters, that are sum over
[7.360s][info][gc,stats    ] all workers. Dividing the <total> over the root stage time estimates parallelism.
[7.360s][info][gc,stats    ] 
[7.360s][info][gc,stats    ] Concurrent Reset                    437 us
[7.360s][info][gc,stats    ] Pause Init Mark (G)                 228 us
[7.360s][info][gc,stats    ] Pause Init Mark (N)                 145 us
[7.360s][info][gc,stats    ]   Update Region States               77 us
[7.360s][info][gc,stats    ] Concurrent Mark Roots               544 us, parallelism: 0.69x
[7.360s][info][gc,stats    ]   CMR: <total>                      376 us
[7.360s][info][gc,stats    ]   CMR: Thread Roots                 309 us, workers (us): 309, ---, ---, 
[7.360s][info][gc,stats    ]   CMR: VM Strong Roots                7 us, workers (us):   7, ---, ---, 
[7.360s][info][gc,stats    ]   CMR: CLDG Roots                    61 us, workers (us):  61, ---, ---, 
[7.360s][info][gc,stats    ] Concurrent Marking                19824 us
[7.360s][info][gc,stats    ] Pause Final Mark (G)                518 us
[7.360s][info][gc,stats    ] Pause Final Mark (N)                394 us
[7.360s][info][gc,stats    ]   Finish Mark                        91 us
[7.360s][info][gc,stats    ]   Update Region States              100 us
[7.360s][info][gc,stats    ]   Choose Collection Set              73 us
[7.360s][info][gc,stats    ]   Rebuild Free Set                   21 us
[7.360s][info][gc,stats    ] Concurrent Weak References          193 us, parallelism: 0.04x
[7.360s][info][gc,stats    ]   CWRF: <total>                       7 us
[7.360s][info][gc,stats    ]   CWRF: Weak References               7 us, workers (us):   7, ---, ---, 
[7.360s][info][gc,stats    ] Concurrent Weak Roots               594 us
[7.360s][info][gc,stats    ]   Roots                             483 us, parallelism: 0.86x
[7.360s][info][gc,stats    ]     CWR: <total>                    415 us
[7.360s][info][gc,stats    ]     CWR: Code Cache Roots           299 us, workers (us): 299, ---, ---, 
[7.360s][info][gc,stats    ]     CWR: VM Weak Roots              109 us, workers (us): 109, ---, ---, 
[7.360s][info][gc,stats    ]     CWR: CLDG Roots                   7 us, workers (us):   7, ---, ---, 
[7.360s][info][gc,stats    ]   Rendezvous                         54 us
[7.360s][info][gc,stats    ] Concurrent Cleanup                   29 us
[7.360s][info][gc,stats    ] Concurrent Class Unloading         2246 us
[7.360s][info][gc,stats    ]   Unlink Stale                     1940 us
[7.360s][info][gc,stats    ]     System Dictionary                 3 us
[7.360s][info][gc,stats    ]     Weak Class Links                  0 us
[7.360s][info][gc,stats    ]     Code Roots                     1935 us
[7.360s][info][gc,stats    ]   Rendezvous                        124 us
[7.360s][info][gc,stats    ]   Purge Unlinked                    115 us
[7.360s][info][gc,stats    ]     Code Roots                      106 us
[7.360s][info][gc,stats    ]     CLDG                              8 us
[7.360s][info][gc,stats    ]     Exception Caches                  0 us
[7.360s][info][gc,stats    ] Pause Final Roots (G)               190 us
[7.360s][info][gc,stats    ] Pause Final Roots (N)                75 us
[7.360s][info][gc,stats    ] 
[7.360s][info][gc,stats    ] Allocation pacing accrued:
[7.360s][info][gc,stats    ]       0 of   205 ms (  0.0%): <total>
[7.360s][info][gc,stats    ]       0 of   205 ms (  0.0%): <average total>
[7.360s][info][gc,stats    ] 
[7.360s][info][gc,metaspace] Metaspace: 12288K(12544K)->12288K(12544K) NonClass: 10632K(10752K)->10632K(10752K) Class: 1655K(1792K)->1655K(1792K)
[7.360s][info][gc,ergo     ] Pacer for Idle. Initial: 163M, Alloc Tax Rate: 1.0x
[7.555s][info][gc          ] Trigger: Explicit GC request (System.gc())
[7.555s][info][gc,ergo     ] Free: 7621M, Max: 4096K regular, 7588M humongous, Frag: 0% external, 0% internal; Reserve: 412M, Max: 4096K
[7.555s][info][gc,start    ] GC(29) Concurrent reset
[7.555s][info][gc,task     ] GC(29) Using 1 of 3 workers for concurrent reset
[7.555s][info][gc,ergo     ] GC(29) Pacer for Reset. Non-Taxable: 8192M
[7.555s][info][gc          ] GC(29) Concurrent reset 0.318ms
[7.555s][info][gc,start    ] GC(29) Pause Init Mark (unload classes)
[7.555s][info][gc,task     ] GC(29) Using 3 of 3 workers for init marking
[7.555s][info][gc,ref      ] GC(29) Clearing All SoftReferences
[7.555s][info][gc,ergo     ] GC(29) Pacer for Mark. Expected Live: 25375K, Free: 7621M, Non-Taxable: 762M, Alloc Tax Rate: 0.0x
[7.556s][info][gc          ] GC(29) Pause Init Mark (unload classes) 0.221ms
[7.556s][info][gc,start    ] GC(29) Concurrent marking roots
[7.556s][info][gc,task     ] GC(29) Using 1 of 3 workers for concurrent marking roots
[7.556s][info][gc          ] GC(29) Concurrent marking roots 0.547ms
[7.556s][info][gc,start    ] GC(29) Concurrent marking (unload classes)
[7.556s][info][gc,task     ] GC(29) Using 1 of 3 workers for concurrent marking
[7.576s][info][gc          ] GC(29) Concurrent marking (unload classes) 19.633ms
[7.576s][info][gc,start    ] GC(29) Pause Final Mark (unload classes)
[7.576s][info][gc,task     ] GC(29) Using 3 of 3 workers for final marking
[7.576s][info][gc,ergo     ] GC(29) Adaptive CSet Selection. Target Free: 1160M, Actual Free: 8120M, Max CSet: 341M, Min Garbage: 0B
[7.576s][info][gc,ergo     ] GC(29) Collectable Garbage: 131M (99%), Immediate: 120M (90%), CSet: 12269K (8%)
[7.576s][info][gc,ergo     ] GC(29) Pacer for Evacuation. Used CSet: 12270K, Free: 7741M, Non-Taxable: 774M, Alloc Tax Rate: 1.1x
[7.576s][info][gc          ] GC(29) Pause Final Mark (unload classes) 0.351ms
[7.576s][info][gc,start    ] GC(29) Concurrent thread roots
[7.576s][info][gc,task     ] GC(29) Using 1 of 3 workers for Concurrent thread roots
[7.577s][info][gc          ] GC(29) Concurrent thread roots 0.413ms
[7.577s][info][gc,start    ] GC(29) Concurrent weak references
[7.577s][info][gc,task     ] GC(29) Using 1 of 3 workers for concurrent weak references
[7.577s][info][gc,ref      ] GC(29) Encountered references: Soft: 154, Weak: 720, Final: 0, Phantom: 33
[7.577s][info][gc,ref      ] GC(29) Discovered  references: Soft: 96, Weak: 158, Final: 0, Phantom: 31
[7.577s][info][gc,ref      ] GC(29) Enqueued    references: Soft: 3, Weak: 0, Final: 0, Phantom: 0
[7.577s][info][gc          ] GC(29) Concurrent weak references 0.223ms
[7.577s][info][gc,start    ] GC(29) Concurrent weak roots
[7.577s][info][gc,task     ] GC(29) Using 1 of 3 workers for concurrent weak root
[7.578s][info][gc          ] GC(29) Concurrent weak roots 0.688ms
[7.578s][info][gc,start    ] GC(29) Concurrent cleanup
[7.578s][info][gc          ] GC(29) Concurrent cleanup 158M->38M(8192M) 0.024ms
[7.578s][info][gc,ergo     ] GC(29) Free: 7741M, Max: 4096K regular, 7588M humongous, Frag: 2% external, 0% internal; Reserve: 411M, Max: 4096K
[7.578s][info][gc,start    ] GC(29) Concurrent class unloading
[7.578s][info][gc,task     ] GC(29) Using 1 of 3 workers for concurrent class unloading
[7.580s][info][gc          ] GC(29) Concurrent class unloading 2.331ms
[7.580s][info][gc,start    ] GC(29) Concurrent strong roots
[7.580s][info][gc,task     ] GC(29) Using 1 of 3 workers for concurrent strong root
[7.580s][info][gc          ] GC(29) Concurrent strong roots 0.135ms
[7.580s][info][gc,start    ] GC(29) Concurrent evacuation
[7.580s][info][gc,task     ] GC(29) Using 1 of 3 workers for concurrent evacuation
[7.581s][info][gc          ] GC(29) Concurrent evacuation 0.151ms
[7.581s][info][gc,start    ] GC(29) Pause Init Update Refs
[7.581s][info][gc,ergo     ] GC(29) Pacer for Update Refs. Used: 39000K, Free: 7741M, Non-Taxable: 774M, Alloc Tax Rate: 1.1x
[7.581s][info][gc          ] GC(29) Pause Init Update Refs 0.031ms
[7.581s][info][gc,start    ] GC(29) Concurrent update references
[7.581s][info][gc,task     ] GC(29) Using 1 of 3 workers for concurrent reference update
[7.591s][info][gc          ] GC(29) Concurrent update references 10.323ms
[7.591s][info][gc,start    ] GC(29) Concurrent update thread roots
[7.592s][info][gc          ] GC(29) Concurrent update thread roots 0.818ms
[7.592s][info][gc,start    ] GC(29) Pause Final Update Refs
[7.592s][info][gc,task     ] GC(29) Using 3 of 3 workers for final reference update
[7.592s][info][gc          ] GC(29) Pause Final Update Refs 0.183ms
[7.592s][info][gc,start    ] GC(29) Concurrent cleanup
[7.592s][info][gc          ] GC(29) Concurrent cleanup 38M->26M(8192M) 0.056ms
[7.592s][info][gc,ergo     ] Free: 7753M, Max: 4096K regular, 7716M humongous, Frag: 0% external, 0% internal; Reserve: 412M, Max: 4096K
[7.592s][info][gc,stats    ] 
[7.592s][info][gc,stats    ] All times are wall-clock times, except per-root-class counters, that are sum over
[7.592s][info][gc,stats    ] all workers. Dividing the <total> over the root stage time estimates parallelism.
[7.592s][info][gc,stats    ] 
[7.592s][info][gc,stats    ] Concurrent Reset                    367 us
[7.592s][info][gc,stats    ] Pause Init Mark (G)                 392 us
[7.592s][info][gc,stats    ] Pause Init Mark (N)                 241 us
[7.592s][info][gc,stats    ]   Update Region States               82 us
[7.592s][info][gc,stats    ] Concurrent Mark Roots               571 us, parallelism: 0.66x
[7.593s][info][gc,stats    ]   CMR: <total>                      380 us
[7.593s][info][gc,stats    ]   CMR: Thread Roots                 334 us, workers (us): 334, ---, ---, 
[7.593s][info][gc,stats    ]   CMR: VM Strong Roots                6 us, workers (us):   6, ---, ---, 
[7.593s][info][gc,stats    ]   CMR: CLDG Roots                    40 us, workers (us):  40, ---, ---, 
[7.593s][info][gc,stats    ] Concurrent Marking                19699 us
[7.593s][info][gc,stats    ] Pause Final Mark (G)                486 us
[7.593s][info][gc,stats    ] Pause Final Mark (N)                372 us
[7.593s][info][gc,stats    ]   Finish Mark                        91 us
[7.593s][info][gc,stats    ]   Update Region States               56 us
[7.593s][info][gc,stats    ]   Choose Collection Set              77 us
[7.593s][info][gc,stats    ]   Rebuild Free Set                   21 us
[7.593s][info][gc,stats    ] Concurrent Thread Roots             450 us, parallelism: 0.63x
[7.593s][info][gc,stats    ]   CTR: <total>                      285 us
[7.593s][info][gc,stats    ]   CTR: Thread Roots                 285 us, workers (us): 285, ---, ---, 
[7.593s][info][gc,stats    ] Concurrent Weak References          239 us, parallelism: 0.10x
[7.593s][info][gc,stats    ]   CWRF: <total>                      25 us
[7.593s][info][gc,stats    ]   CWRF: Weak References              25 us, workers (us):  25, ---, ---, 
[7.593s][info][gc,stats    ] Concurrent Weak Roots               707 us
[7.593s][info][gc,stats    ]   Roots                             556 us, parallelism: 0.87x
[7.593s][info][gc,stats    ]     CWR: <total>                    482 us
[7.593s][info][gc,stats    ]     CWR: Code Cache Roots           352 us, workers (us): 352, ---, ---, 
[7.593s][info][gc,stats    ]     CWR: VM Weak Roots              122 us, workers (us): 122, ---, ---, 
[7.593s][info][gc,stats    ]     CWR: CLDG Roots                   7 us, workers (us):   7, ---, ---, 
[7.593s][info][gc,stats    ]   Rendezvous                        100 us
[7.593s][info][gc,stats    ] Concurrent Cleanup                   32 us
[7.593s][info][gc,stats    ] Concurrent Class Unloading         2381 us
[7.593s][info][gc,stats    ]   Unlink Stale                     1984 us
[7.593s][info][gc,stats    ]     System Dictionary                 3 us
[7.593s][info][gc,stats    ]     Weak Class Links                  0 us
[7.593s][info][gc,stats    ]     Code Roots                     1980 us
[7.593s][info][gc,stats    ]   Rendezvous                        203 us
[7.593s][info][gc,stats    ]   Purge Unlinked                    118 us
[7.593s][info][gc,stats    ]     Code Roots                      108 us
[7.593s][info][gc,stats    ]     CLDG                              9 us
[7.593s][info][gc,stats    ]     Exception Caches                  0 us
[7.593s][info][gc,stats    ] Concurrent Strong Roots             171 us, parallelism: 0.18x
[7.593s][info][gc,stats    ]   CSR: <total>                       31 us
[7.593s][info][gc,stats    ]   CSR: VM Strong Roots                3 us, workers (us):   3, ---, ---, 
[7.593s][info][gc,stats    ]   CSR: CLDG Roots                    28 us, workers (us):  28, ---, ---, 
[7.593s][info][gc,stats    ] Concurrent Evacuation               187 us
[7.593s][info][gc,stats    ] Pause Init Update Refs (G)          107 us
[7.593s][info][gc,stats    ] Pause Init Update Refs (N)           38 us
[7.593s][info][gc,stats    ]   Manage GCLABs                       2 us
[7.593s][info][gc,stats    ] Concurrent Update Refs            10390 us
[7.593s][info][gc,stats    ] Concurrent Update Thread Roots      857 us
[7.593s][info][gc,stats    ] Pause Final Update Refs (G)         325 us
[7.593s][info][gc,stats    ] Pause Final Update Refs (N)         211 us
[7.593s][info][gc,stats    ]   Update Region States               75 us
[7.593s][info][gc,stats    ]   Trash Collection Set                5 us
[7.593s][info][gc,stats    ]   Rebuild Free Set                   25 us
[7.593s][info][gc,stats    ] Concurrent Cleanup                   77 us
[7.593s][info][gc,stats    ] 
[7.593s][info][gc,stats    ] Allocation pacing accrued:
[7.593s][info][gc,stats    ]       0 of   233 ms (  0.0%): <total>
[7.593s][info][gc,stats    ]       0 of   233 ms (  0.0%): <average total>
[7.593s][info][gc,stats    ] 
[7.593s][info][gc,metaspace] Metaspace: 12293K(12544K)->12294K(12544K) NonClass: 10637K(10752K)->10638K(10752K) Class: 1655K(1792K)->1655K(1792K)
[7.593s][info][gc,ergo     ] Pacer for Idle. Initial: 163M, Alloc Tax Rate: 1.0x
[7.775s][info][gc          ] Trigger: Explicit GC request (System.gc())
[7.775s][info][gc,ergo     ] Free: 7629M, Max: 4096K regular, 7592M humongous, Frag: 0% external, 0% internal; Reserve: 412M, Max: 4096K
[7.775s][info][gc,start    ] GC(30) Concurrent reset
[7.775s][info][gc,task     ] GC(30) Using 1 of 3 workers for concurrent reset
[7.775s][info][gc,ergo     ] GC(30) Pacer for Reset. Non-Taxable: 8192M
[7.775s][info][gc          ] GC(30) Concurrent reset 0.313ms
[7.775s][info][gc,start    ] GC(30) Pause Init Mark (unload classes)
[7.775s][info][gc,task     ] GC(30) Using 3 of 3 workers for init marking
[7.775s][info][gc,ref      ] GC(30) Clearing All SoftReferences
[7.775s][info][gc,ergo     ] GC(30) Pacer for Mark. Expected Live: 25375K, Free: 7629M, Non-Taxable: 762M, Alloc Tax Rate: 0.0x
[7.775s][info][gc          ] GC(30) Pause Init Mark (unload classes) 0.130ms
[7.775s][info][gc,start    ] GC(30) Concurrent marking roots
[7.776s][info][gc,task     ] GC(30) Using 1 of 3 workers for concurrent marking roots
[7.776s][info][gc          ] GC(30) Concurrent marking roots 0.423ms
[7.776s][info][gc,start    ] GC(30) Concurrent marking (unload classes)
[7.776s][info][gc,task     ] GC(30) Using 1 of 3 workers for concurrent marking
[7.796s][info][gc          ] GC(30) Concurrent marking (unload classes) 19.681ms
[7.796s][info][gc,start    ] GC(30) Pause Final Mark (unload classes)
[7.796s][info][gc,task     ] GC(30) Using 3 of 3 workers for final marking
[7.796s][info][gc,ergo     ] GC(30) Collectable Garbage: 116M (92%), Immediate: 116M (92%), CSet: 0B (0%)
[7.796s][info][gc          ] GC(30) Pause Final Mark (unload classes) 0.395ms
[7.796s][info][gc,start    ] GC(30) Concurrent weak references
[7.796s][info][gc,task     ] GC(30) Using 1 of 3 workers for concurrent weak references
[7.796s][info][gc,ref      ] GC(30) Encountered references: Soft: 154, Weak: 720, Final: 0, Phantom: 33
[7.796s][info][gc,ref      ] GC(30) Discovered  references: Soft: 96, Weak: 158, Final: 0, Phantom: 31
[7.796s][info][gc,ref      ] GC(30) Enqueued    references: Soft: 3, Weak: 0, Final: 0, Phantom: 0
[7.796s][info][gc          ] GC(30) Concurrent weak references 0.164ms
[7.796s][info][gc,start    ] GC(30) Concurrent weak roots
[7.796s][info][gc,task     ] GC(30) Using 1 of 3 workers for concurrent weak root
[7.797s][info][gc          ] GC(30) Concurrent weak roots 0.549ms
[7.797s][info][gc,start    ] GC(30) Concurrent cleanup
[7.797s][info][gc          ] GC(30) Concurrent cleanup 150M->34M(8192M) 0.022ms
[7.797s][info][gc,ergo     ] GC(30) Free: 7745M, Max: 4096K regular, 7592M humongous, Frag: 2% external, 0% internal; Reserve: 412M, Max: 4096K
[7.797s][info][gc,start    ] GC(30) Concurrent class unloading
[7.797s][info][gc,task     ] GC(30) Using 1 of 3 workers for concurrent class unloading
[7.799s][info][gc          ] GC(30) Concurrent class unloading 1.892ms
[7.799s][info][gc,start    ] GC(30) Pause Final Roots
[7.799s][info][gc          ] GC(30) Pause Final Roots 0.019ms
[7.799s][info][gc,ergo     ] Free: 7745M, Max: 4096K regular, 7592M humongous, Frag: 2% external, 0% internal; Reserve: 412M, Max: 4096K
[7.799s][info][gc,stats    ] 
[7.799s][info][gc,stats    ] All times are wall-clock times, except per-root-class counters, that are sum over
[7.799s][info][gc,stats    ] all workers. Dividing the <total> over the root stage time estimates parallelism.
[7.799s][info][gc,stats    ] 
[7.799s][info][gc,stats    ] Concurrent Reset                    369 us
[7.799s][info][gc,stats    ] Pause Init Mark (G)                 212 us
[7.799s][info][gc,stats    ] Pause Init Mark (N)                 139 us
[7.799s][info][gc,stats    ]   Update Region States               66 us
[7.799s][info][gc,stats    ] Concurrent Mark Roots               443 us, parallelism: 0.74x
[7.799s][info][gc,stats    ]   CMR: <total>                      329 us
[7.799s][info][gc,stats    ]   CMR: Thread Roots                 286 us, workers (us): 286, ---, ---, 
[7.799s][info][gc,stats    ]   CMR: VM Strong Roots                4 us, workers (us):   4, ---, ---, 
[7.799s][info][gc,stats    ]   CMR: CLDG Roots                    38 us, workers (us):  38, ---, ---, 
[7.799s][info][gc,stats    ] Concurrent Marking                19750 us
[7.799s][info][gc,stats    ] Pause Final Mark (G)                544 us
[7.799s][info][gc,stats    ] Pause Final Mark (N)                420 us
[7.799s][info][gc,stats    ]   Finish Mark                       132 us
[7.799s][info][gc,stats    ]   Update Region States               75 us
[7.799s][info][gc,stats    ]   Choose Collection Set              74 us
[7.799s][info][gc,stats    ]   Rebuild Free Set                   22 us
[7.799s][info][gc,stats    ] Concurrent Weak References          180 us, parallelism: 0.06x
[7.800s][info][gc,stats    ]   CWRF: <total>                      11 us
[7.800s][info][gc,stats    ]   CWRF: Weak References              11 us, workers (us):  11, ---, ---, 
[7.800s][info][gc,stats    ] Concurrent Weak Roots               567 us
[7.800s][info][gc,stats    ]   Roots                             414 us, parallelism: 0.87x
[7.800s][info][gc,stats    ]     CWR: <total>                    359 us
[7.800s][info][gc,stats    ]     CWR: Code Cache Roots           293 us, workers (us): 293, ---, ---, 
[7.800s][info][gc,stats    ]     CWR: VM Weak Roots               61 us, workers (us):  61, ---, ---, 
[7.800s][info][gc,stats    ]     CWR: CLDG Roots                   6 us, workers (us):   6, ---, ---, 
[7.800s][info][gc,stats    ]   Rendezvous                        104 us
[7.800s][info][gc,stats    ] Concurrent Cleanup                   30 us
[7.800s][info][gc,stats    ] Concurrent Class Unloading         1937 us
[7.800s][info][gc,stats    ]   Unlink Stale                     1601 us
[7.800s][info][gc,stats    ]     System Dictionary                 3 us
[7.800s][info][gc,stats    ]     Weak Class Links                  0 us
[7.800s][info][gc,stats    ]     Code Roots                     1597 us
[7.800s][info][gc,stats    ]   Rendezvous                        154 us
[7.800s][info][gc,stats    ]   Purge Unlinked                    119 us
[7.800s][info][gc,stats    ]     Code Roots                      109 us
[7.800s][info][gc,stats    ]     CLDG                              9 us
[7.800s][info][gc,stats    ]     Exception Caches                  0 us
[7.800s][info][gc,stats    ] Pause Final Roots (G)               129 us
[7.800s][info][gc,stats    ] Pause Final Roots (N)                28 us
[7.800s][info][gc,stats    ] 
[7.800s][info][gc,stats    ] Allocation pacing accrued:
[7.800s][info][gc,stats    ]       0 of   207 ms (  0.0%): <total>
[7.800s][info][gc,stats    ]       0 of   207 ms (  0.0%): <average total>
[7.800s][info][gc,stats    ] 
[7.800s][info][gc,metaspace] Metaspace: 12315K(12544K)->12315K(12544K) NonClass: 10659K(10752K)->10659K(10752K) Class: 1655K(1792K)->1655K(1792K)
[7.800s][info][gc,ergo     ] Pacer for Idle. Initial: 163M, Alloc Tax Rate: 1.0x
[7.995s][info][gc          ] Trigger: Explicit GC request (System.gc())
[7.995s][info][gc,ergo     ] Free: 7621M, Max: 4096K regular, 7584M humongous, Frag: 0% external, 0% internal; Reserve: 412M, Max: 4096K
[7.995s][info][gc,start    ] GC(31) Concurrent reset
[7.995s][info][gc,task     ] GC(31) Using 1 of 3 workers for concurrent reset
[7.995s][info][gc,ergo     ] GC(31) Pacer for Reset. Non-Taxable: 8192M
[7.995s][info][gc          ] GC(31) Concurrent reset 0.400ms
[7.996s][info][gc,start    ] GC(31) Pause Init Mark (unload classes)
[7.996s][info][gc,task     ] GC(31) Using 3 of 3 workers for init marking
[7.996s][info][gc,ref      ] GC(31) Clearing All SoftReferences
[7.996s][info][gc,ergo     ] GC(31) Pacer for Mark. Expected Live: 25375K, Free: 7621M, Non-Taxable: 762M, Alloc Tax Rate: 0.0x
[7.996s][info][gc          ] GC(31) Pause Init Mark (unload classes) 0.219ms
[7.996s][info][gc,start    ] GC(31) Concurrent marking roots
[7.996s][info][gc,task     ] GC(31) Using 1 of 3 workers for concurrent marking roots
[7.996s][info][gc          ] GC(31) Concurrent marking roots 0.474ms
[7.996s][info][gc,start    ] GC(31) Concurrent marking (unload classes)
[7.996s][info][gc,task     ] GC(31) Using 1 of 3 workers for concurrent marking
[8.016s][info][gc          ] GC(31) Concurrent marking (unload classes) 20.163ms
[8.017s][info][gc,start    ] GC(31) Pause Final Mark (unload classes)
[8.017s][info][gc,task     ] GC(31) Using 3 of 3 workers for final marking
[8.017s][info][gc,ergo     ] GC(31) Adaptive CSet Selection. Target Free: 1160M, Actual Free: 8116M, Max CSet: 341M, Min Garbage: 0B
[8.017s][info][gc,ergo     ] GC(31) Collectable Garbage: 131M (99%), Immediate: 120M (90%), CSet: 12273K (8%)
[8.017s][info][gc,ergo     ] GC(31) Pacer for Evacuation. Used CSet: 12274K, Free: 7741M, Non-Taxable: 774M, Alloc Tax Rate: 1.1x
[8.017s][info][gc          ] GC(31) Pause Final Mark (unload classes) 0.509ms
[8.017s][info][gc,start    ] GC(31) Concurrent thread roots
[8.017s][info][gc,task     ] GC(31) Using 1 of 3 workers for Concurrent thread roots
[8.017s][info][gc          ] GC(31) Concurrent thread roots 0.342ms
[8.017s][info][gc,start    ] GC(31) Concurrent weak references
[8.017s][info][gc,task     ] GC(31) Using 1 of 3 workers for concurrent weak references
[8.018s][info][gc,ref      ] GC(31) Encountered references: Soft: 154, Weak: 720, Final: 0, Phantom: 33
[8.018s][info][gc,ref      ] GC(31) Discovered  references: Soft: 96, Weak: 158, Final: 0, Phantom: 31
[8.018s][info][gc,ref      ] GC(31) Enqueued    references: Soft: 3, Weak: 0, Final: 0, Phantom: 0
[8.018s][info][gc          ] GC(31) Concurrent weak references 0.105ms
[8.018s][info][gc,start    ] GC(31) Concurrent weak roots
[8.018s][info][gc,task     ] GC(31) Using 1 of 3 workers for concurrent weak root
[8.018s][info][gc          ] GC(31) Concurrent weak roots 0.490ms
[8.018s][info][gc,start    ] GC(31) Concurrent cleanup
[8.018s][info][gc          ] GC(31) Concurrent cleanup 158M->38M(8192M) 0.026ms
[8.018s][info][gc,ergo     ] GC(31) Free: 7741M, Max: 4096K regular, 7584M humongous, Frag: 2% external, 0% internal; Reserve: 411M, Max: 4096K
[8.018s][info][gc,start    ] GC(31) Concurrent class unloading
[8.018s][info][gc,task     ] GC(31) Using 1 of 3 workers for concurrent class unloading
[8.020s][info][gc          ] GC(31) Concurrent class unloading 1.880ms
[8.020s][info][gc,start    ] GC(31) Concurrent strong roots
[8.020s][info][gc,task     ] GC(31) Using 1 of 3 workers for concurrent strong root
[8.020s][info][gc          ] GC(31) Concurrent strong roots 0.090ms
[8.020s][info][gc,start    ] GC(31) Concurrent evacuation
[8.020s][info][gc,task     ] GC(31) Using 1 of 3 workers for concurrent evacuation
[8.020s][info][gc          ] GC(31) Concurrent evacuation 0.161ms
[8.020s][info][gc,start    ] GC(31) Pause Init Update Refs
[8.020s][info][gc,ergo     ] GC(31) Pacer for Update Refs. Used: 39011K, Free: 7741M, Non-Taxable: 774M, Alloc Tax Rate: 1.1x
[8.020s][info][gc          ] GC(31) Pause Init Update Refs 0.082ms
[8.020s][info][gc,start    ] GC(31) Concurrent update references
[8.021s][info][gc,task     ] GC(31) Using 1 of 3 workers for concurrent reference update
[8.030s][info][gc          ] GC(31) Concurrent update references 9.574ms
[8.030s][info][gc,start    ] GC(31) Concurrent update thread roots
[8.031s][info][gc          ] GC(31) Concurrent update thread roots 0.808ms
[8.031s][info][gc,start    ] GC(31) Pause Final Update Refs
[8.031s][info][gc,task     ] GC(31) Using 3 of 3 workers for final reference update
[8.031s][info][gc          ] GC(31) Pause Final Update Refs 0.190ms
[8.031s][info][gc,start    ] GC(31) Concurrent cleanup
[8.031s][info][gc          ] GC(31) Concurrent cleanup 38M->26M(8192M) 0.056ms
[8.031s][info][gc,ergo     ] Free: 7753M, Max: 4096K regular, 7712M humongous, Frag: 0% external, 0% internal; Reserve: 412M, Max: 4096K
[8.031s][info][gc,stats    ] 
[8.031s][info][gc,stats    ] All times are wall-clock times, except per-root-class counters, that are sum over
[8.031s][info][gc,stats    ] all workers. Dividing the <total> over the root stage time estimates parallelism.
[8.031s][info][gc,stats    ] 
[8.031s][info][gc,stats    ] Concurrent Reset                    489 us
[8.032s][info][gc,stats    ] Pause Init Mark (G)                 360 us
[8.032s][info][gc,stats    ] Pause Init Mark (N)                 241 us
[8.032s][info][gc,stats    ]   Update Region States               85 us
[8.032s][info][gc,stats    ] Concurrent Mark Roots               486 us, parallelism: 0.80x
[8.032s][info][gc,stats    ]   CMR: <total>                      390 us
[8.032s][info][gc,stats    ]   CMR: Thread Roots                 346 us, workers (us): 346, ---, ---, 
[8.032s][info][gc,stats    ]   CMR: VM Strong Roots                5 us, workers (us):   5, ---, ---, 
[8.032s][info][gc,stats    ]   CMR: CLDG Roots                    40 us, workers (us):  40, ---, ---, 
[8.032s][info][gc,stats    ] Concurrent Marking                20201 us
[8.032s][info][gc,stats    ] Pause Final Mark (G)                584 us
[8.032s][info][gc,stats    ] Pause Final Mark (N)                530 us
[8.032s][info][gc,stats    ]   Finish Mark                       158 us
[8.032s][info][gc,stats    ]   Update Region States              123 us
[8.032s][info][gc,stats    ]   Choose Collection Set              99 us
[8.032s][info][gc,stats    ]   Rebuild Free Set                   21 us
[8.032s][info][gc,stats    ] Concurrent Thread Roots             351 us, parallelism: 0.82x
[8.032s][info][gc,stats    ]   CTR: <total>                      287 us
[8.032s][info][gc,stats    ]   CTR: Thread Roots                 287 us, workers (us): 287, ---, ---, 
[8.032s][info][gc,stats    ] Concurrent Weak References          112 us, parallelism: 0.23x
[8.032s][info][gc,stats    ]   CWRF: <total>                      26 us
[8.032s][info][gc,stats    ]   CWRF: Weak References              26 us, workers (us):  26, ---, ---, 
[8.032s][info][gc,stats    ] Concurrent Weak Roots               504 us
[8.032s][info][gc,stats    ]   Roots                             420 us, parallelism: 0.91x
[8.032s][info][gc,stats    ]     CWR: <total>                    381 us
[8.032s][info][gc,stats    ]     CWR: Code Cache Roots           310 us, workers (us): 310, ---, ---, 
[8.032s][info][gc,stats    ]     CWR: VM Weak Roots               64 us, workers (us):  64, ---, ---, 
[8.032s][info][gc,stats    ]     CWR: CLDG Roots                   7 us, workers (us):   7, ---, ---, 
[8.032s][info][gc,stats    ]   Rendezvous                         55 us
[8.032s][info][gc,stats    ] Concurrent Cleanup                   34 us
[8.032s][info][gc,stats    ] Concurrent Class Unloading         1903 us
[8.032s][info][gc,stats    ]   Unlink Stale                     1716 us
[8.032s][info][gc,stats    ]     System Dictionary                 6 us
[8.032s][info][gc,stats    ]     Weak Class Links                  1 us
[8.032s][info][gc,stats    ]     Code Roots                     1708 us
[8.032s][info][gc,stats    ]   Rendezvous                         42 us
[8.032s][info][gc,stats    ]   Purge Unlinked                    106 us
[8.032s][info][gc,stats    ]     Code Roots                      103 us
[8.032s][info][gc,stats    ]     CLDG                              3 us
[8.032s][info][gc,stats    ]     Exception Caches                  0 us
[8.032s][info][gc,stats    ] Concurrent Strong Roots             109 us, parallelism: 0.30x
[8.032s][info][gc,stats    ]   CSR: <total>                       33 us
[8.032s][info][gc,stats    ]   CSR: VM Strong Roots                3 us, workers (us):   3, ---, ---, 
[8.032s][info][gc,stats    ]   CSR: CLDG Roots                    30 us, workers (us):  30, ---, ---, 
[8.032s][info][gc,stats    ] Concurrent Evacuation               181 us
[8.032s][info][gc,stats    ] Pause Init Update Refs (G)          194 us
[8.032s][info][gc,stats    ] Pause Init Update Refs (N)          103 us
[8.032s][info][gc,stats    ]   Manage GCLABs                       4 us
[8.032s][info][gc,stats    ] Concurrent Update Refs             9613 us
[8.032s][info][gc,stats    ] Concurrent Update Thread Roots      851 us
[8.032s][info][gc,stats    ] Pause Final Update Refs (G)         332 us
[8.032s][info][gc,stats    ] Pause Final Update Refs (N)         217 us
[8.032s][info][gc,stats    ]   Update Region States               77 us
[8.032s][info][gc,stats    ]   Trash Collection Set                4 us
[8.032s][info][gc,stats    ]   Rebuild Free Set                   27 us
[8.032s][info][gc,stats    ] Concurrent Cleanup                   76 us
[8.032s][info][gc,stats    ] 
[8.032s][info][gc,stats    ] Allocation pacing accrued:
[8.032s][info][gc,stats    ]       0 of   233 ms (  0.0%): <total>
[8.032s][info][gc,stats    ]       0 of   233 ms (  0.0%): <average total>
[8.032s][info][gc,stats    ] 
[8.032s][info][gc,metaspace] Metaspace: 12315K(12544K)->12315K(12544K) NonClass: 10659K(10752K)->10659K(10752K) Class: 1655K(1792K)->1655K(1792K)
[8.032s][info][gc,ergo     ] Pacer for Idle. Initial: 163M, Alloc Tax Rate: 1.0x
[8.214s][info][gc          ] Trigger: Explicit GC request (System.gc())
[8.214s][info][gc,ergo     ] Free: 7629M, Max: 4096K regular, 7588M humongous, Frag: 0% external, 0% internal; Reserve: 412M, Max: 4096K
[8.214s][info][gc,start    ] GC(32) Concurrent reset
[8.214s][info][gc,task     ] GC(32) Using 1 of 3 workers for concurrent reset
[8.214s][info][gc,ergo     ] GC(32) Pacer for Reset. Non-Taxable: 8192M
[8.215s][info][gc          ] GC(32) Concurrent reset 0.488ms
[8.215s][info][gc,start    ] GC(32) Pause Init Mark (unload classes)
[8.215s][info][gc,task     ] GC(32) Using 3 of 3 workers for init marking
[8.215s][info][gc,ref      ] GC(32) Clearing All SoftReferences
[8.215s][info][gc,ergo     ] GC(32) Pacer for Mark. Expected Live: 25375K, Free: 7629M, Non-Taxable: 762M, Alloc Tax Rate: 0.0x
[8.215s][info][gc          ] GC(32) Pause Init Mark (unload classes) 0.260ms
[8.215s][info][gc,start    ] GC(32) Concurrent marking roots
[8.215s][info][gc,task     ] GC(32) Using 1 of 3 workers for concurrent marking roots
[8.215s][info][gc          ] GC(32) Concurrent marking roots 0.516ms
[8.216s][info][gc,start    ] GC(32) Concurrent marking (unload classes)
[8.216s][info][gc,task     ] GC(32) Using 1 of 3 workers for concurrent marking
[8.235s][info][gc          ] GC(32) Concurrent marking (unload classes) 19.706ms
[8.235s][info][gc,start    ] GC(32) Pause Final Mark (unload classes)
[8.235s][info][gc,task     ] GC(32) Using 3 of 3 workers for final marking
[8.236s][info][gc,ergo     ] GC(32) Collectable Garbage: 116M (92%), Immediate: 116M (92%), CSet: 0B (0%)
[8.236s][info][gc          ] GC(32) Pause Final Mark (unload classes) 0.432ms
[8.236s][info][gc,start    ] GC(32) Concurrent weak references
[8.236s][info][gc,task     ] GC(32) Using 1 of 3 workers for concurrent weak references
[8.236s][info][gc,ref      ] GC(32) Encountered references: Soft: 154, Weak: 720, Final: 0, Phantom: 33
[8.236s][info][gc,ref      ] GC(32) Discovered  references: Soft: 96, Weak: 158, Final: 0, Phantom: 31
[8.236s][info][gc,ref      ] GC(32) Enqueued    references: Soft: 3, Weak: 0, Final: 0, Phantom: 0
[8.236s][info][gc          ] GC(32) Concurrent weak references 0.158ms
[8.236s][info][gc,start    ] GC(32) Concurrent weak roots
[8.236s][info][gc,task     ] GC(32) Using 1 of 3 workers for concurrent weak root
[8.237s][info][gc          ] GC(32) Concurrent weak roots 0.671ms
[8.237s][info][gc,start    ] GC(32) Concurrent cleanup
[8.237s][info][gc          ] GC(32) Concurrent cleanup 150M->34M(8192M) 0.030ms
[8.237s][info][gc,ergo     ] GC(32) Free: 7745M, Max: 4096K regular, 7588M humongous, Frag: 2% external, 0% internal; Reserve: 412M, Max: 4096K
[8.237s][info][gc,start    ] GC(32) Concurrent class unloading
[8.237s][info][gc,task     ] GC(32) Using 1 of 3 workers for concurrent class unloading
[8.239s][info][gc          ] GC(32) Concurrent class unloading 1.936ms
[8.239s][info][gc,start    ] GC(32) Pause Final Roots
[8.239s][info][gc          ] GC(32) Pause Final Roots 0.022ms
[8.239s][info][gc,ergo     ] Free: 7745M, Max: 4096K regular, 7588M humongous, Frag: 2% external, 0% internal; Reserve: 412M, Max: 4096K
[8.239s][info][gc,stats    ] 
[8.239s][info][gc,stats    ] All times are wall-clock times, except per-root-class counters, that are sum over
[8.239s][info][gc,stats    ] all workers. Dividing the <total> over the root stage time estimates parallelism.
[8.239s][info][gc,stats    ] 
[8.239s][info][gc,stats    ] Concurrent Reset                    528 us
[8.239s][info][gc,stats    ] Pause Init Mark (G)                 422 us
[8.239s][info][gc,stats    ] Pause Init Mark (N)                 282 us
[8.239s][info][gc,stats    ]   Update Region States               86 us
[8.239s][info][gc,stats    ] Concurrent Mark Roots               554 us, parallelism: 0.66x
[8.239s][info][gc,stats    ]   CMR: <total>                      364 us
[8.239s][info][gc,stats    ]   CMR: Thread Roots                 321 us, workers (us): 321, ---, ---, 
[8.239s][info][gc,stats    ]   CMR: VM Strong Roots                3 us, workers (us):   3, ---, ---, 
[8.239s][info][gc,stats    ]   CMR: CLDG Roots                    39 us, workers (us):  39, ---, ---, 
[8.239s][info][gc,stats    ] Concurrent Marking                19755 us
[8.239s][info][gc,stats    ] Pause Final Mark (G)                525 us
[8.239s][info][gc,stats    ] Pause Final Mark (N)                456 us
[8.239s][info][gc,stats    ]   Finish Mark                       158 us
[8.239s][info][gc,stats    ]   Update Region States              123 us
[8.239s][info][gc,stats    ]   Choose Collection Set              74 us
[8.239s][info][gc,stats    ]   Rebuild Free Set                   21 us
[8.239s][info][gc,stats    ] Concurrent Weak References          166 us, parallelism: 0.10x
[8.239s][info][gc,stats    ]   CWRF: <total>                      16 us
[8.239s][info][gc,stats    ]   CWRF: Weak References              16 us, workers (us):  16, ---, ---, 
[8.239s][info][gc,stats    ] Concurrent Weak Roots               711 us
[8.239s][info][gc,stats    ]   Roots                             569 us, parallelism: 0.85x
[8.239s][info][gc,stats    ]     CWR: <total>                    486 us
[8.239s][info][gc,stats    ]     CWR: Code Cache Roots           371 us, workers (us): 371, ---, ---, 
[8.239s][info][gc,stats    ]     CWR: VM Weak Roots              108 us, workers (us): 108, ---, ---, 
[8.239s][info][gc,stats    ]     CWR: CLDG Roots                   7 us, workers (us):   7, ---, ---, 
[8.239s][info][gc,stats    ]   Rendezvous                         84 us
[8.239s][info][gc,stats    ] Concurrent Cleanup                   39 us
[8.239s][info][gc,stats    ] Concurrent Class Unloading         1986 us
[8.239s][info][gc,stats    ]   Unlink Stale                     1746 us
[8.239s][info][gc,stats    ]     System Dictionary                 8 us
[8.239s][info][gc,stats    ]     Weak Class Links                  0 us
[8.239s][info][gc,stats    ]     Code Roots                     1736 us
[8.239s][info][gc,stats    ]   Rendezvous                         52 us
[8.239s][info][gc,stats    ]   Purge Unlinked                    119 us
[8.239s][info][gc,stats    ]     Code Roots                      110 us
[8.239s][info][gc,stats    ]     CLDG                              9 us
[8.239s][info][gc,stats    ]     Exception Caches                  0 us
[8.239s][info][gc,stats    ] Pause Final Roots (G)               100 us
[8.239s][info][gc,stats    ] Pause Final Roots (N)                30 us
[8.239s][info][gc,stats    ] 
[8.239s][info][gc,stats    ] Allocation pacing accrued:
[8.239s][info][gc,stats    ]       0 of   207 ms (  0.0%): <total>
[8.240s][info][gc,stats    ]       0 of   207 ms (  0.0%): <average total>
[8.240s][info][gc,stats    ] 
[8.240s][info][gc,metaspace] Metaspace: 12316K(12544K)->12316K(12544K) NonClass: 10660K(10752K)->10660K(10752K) Class: 1655K(1792K)->1655K(1792K)
[8.240s][info][gc,ergo     ] Pacer for Idle. Initial: 163M, Alloc Tax Rate: 1.0x
[8.418s][info][gc          ] Trigger: Explicit GC request (System.gc())
[8.418s][info][gc,ergo     ] Free: 7621M, Max: 4096K regular, 7580M humongous, Frag: 0% external, 0% internal; Reserve: 412M, Max: 4096K
[8.418s][info][gc,start    ] GC(33) Concurrent reset
[8.418s][info][gc,task     ] GC(33) Using 1 of 3 workers for concurrent reset
[8.418s][info][gc,ergo     ] GC(33) Pacer for Reset. Non-Taxable: 8192M
[8.418s][info][gc          ] GC(33) Concurrent reset 0.255ms
[8.419s][info][gc,start    ] GC(33) Pause Init Mark (unload classes)
[8.419s][info][gc,task     ] GC(33) Using 3 of 3 workers for init marking
[8.419s][info][gc,ref      ] GC(33) Clearing All SoftReferences
[8.419s][info][gc,ergo     ] GC(33) Pacer for Mark. Expected Live: 25375K, Free: 7621M, Non-Taxable: 762M, Alloc Tax Rate: 0.0x
[8.419s][info][gc          ] GC(33) Pause Init Mark (unload classes) 0.191ms
[8.419s][info][gc,start    ] GC(33) Concurrent marking roots
[8.419s][info][gc,task     ] GC(33) Using 1 of 3 workers for concurrent marking roots
[8.419s][info][gc          ] GC(33) Concurrent marking roots 0.465ms
[8.419s][info][gc,start    ] GC(33) Concurrent marking (unload classes)
[8.419s][info][gc,task     ] GC(33) Using 1 of 3 workers for concurrent marking
[8.439s][info][gc          ] GC(33) Concurrent marking (unload classes) 19.920ms
[8.439s][info][gc,start    ] GC(33) Pause Final Mark (unload classes)
[8.439s][info][gc,task     ] GC(33) Using 3 of 3 workers for final marking
[8.439s][info][gc,ergo     ] GC(33) Adaptive CSet Selection. Target Free: 1160M, Actual Free: 8112M, Max CSet: 341M, Min Garbage: 0B
[8.439s][info][gc,ergo     ] GC(33) Collectable Garbage: 131M (99%), Immediate: 120M (90%), CSet: 12273K (8%)
[8.440s][info][gc,ergo     ] GC(33) Pacer for Evacuation. Used CSet: 12274K, Free: 7741M, Non-Taxable: 774M, Alloc Tax Rate: 1.1x
[8.440s][info][gc          ] GC(33) Pause Final Mark (unload classes) 0.242ms
[8.440s][info][gc,start    ] GC(33) Concurrent thread roots
[8.440s][info][gc,task     ] GC(33) Using 1 of 3 workers for Concurrent thread roots
[8.440s][info][gc          ] GC(33) Concurrent thread roots 0.398ms
[8.440s][info][gc,start    ] GC(33) Concurrent weak references
[8.440s][info][gc,task     ] GC(33) Using 1 of 3 workers for concurrent weak references
[8.440s][info][gc,ref      ] GC(33) Encountered references: Soft: 154, Weak: 720, Final: 0, Phantom: 33
[8.440s][info][gc,ref      ] GC(33) Discovered  references: Soft: 96, Weak: 158, Final: 0, Phantom: 31
[8.440s][info][gc,ref      ] GC(33) Enqueued    references: Soft: 3, Weak: 0, Final: 0, Phantom: 0
[8.440s][info][gc          ] GC(33) Concurrent weak references 0.114ms
[8.440s][info][gc,start    ] GC(33) Concurrent weak roots
[8.440s][info][gc,task     ] GC(33) Using 1 of 3 workers for concurrent weak root
[8.441s][info][gc          ] GC(33) Concurrent weak roots 0.532ms
[8.441s][info][gc,start    ] GC(33) Concurrent cleanup
[8.441s][info][gc          ] GC(33) Concurrent cleanup 158M->38M(8192M) 0.025ms
[8.441s][info][gc,ergo     ] GC(33) Free: 7741M, Max: 4096K regular, 7580M humongous, Frag: 2% external, 0% internal; Reserve: 411M, Max: 4096K
[8.441s][info][gc,start    ] GC(33) Concurrent class unloading
[8.441s][info][gc,task     ] GC(33) Using 1 of 3 workers for concurrent class unloading
[8.443s][info][gc          ] GC(33) Concurrent class unloading 1.807ms
[8.443s][info][gc,start    ] GC(33) Concurrent strong roots
[8.443s][info][gc,task     ] GC(33) Using 1 of 3 workers for concurrent strong root
[8.443s][info][gc          ] GC(33) Concurrent strong roots 0.097ms
[8.443s][info][gc,start    ] GC(33) Concurrent evacuation
[8.443s][info][gc,task     ] GC(33) Using 1 of 3 workers for concurrent evacuation
[8.443s][info][gc          ] GC(33) Concurrent evacuation 0.111ms
[8.443s][info][gc,start    ] GC(33) Pause Init Update Refs
[8.443s][info][gc,ergo     ] GC(33) Pacer for Update Refs. Used: 39017K, Free: 7741M, Non-Taxable: 774M, Alloc Tax Rate: 1.1x
[8.443s][info][gc          ] GC(33) Pause Init Update Refs 0.080ms
[8.443s][info][gc,start    ] GC(33) Concurrent update references
[8.443s][info][gc,task     ] GC(33) Using 1 of 3 workers for concurrent reference update
[8.453s][info][gc          ] GC(33) Concurrent update references 10.037ms
[8.453s][info][gc,start    ] GC(33) Concurrent update thread roots
[8.454s][info][gc          ] GC(33) Concurrent update thread roots 0.787ms
[8.454s][info][gc,start    ] GC(33) Pause Final Update Refs
[8.454s][info][gc,task     ] GC(33) Using 3 of 3 workers for final reference update
[8.454s][info][gc          ] GC(33) Pause Final Update Refs 0.228ms
[8.454s][info][gc,start    ] GC(33) Concurrent cleanup
[8.454s][info][gc          ] GC(33) Concurrent cleanup 38M->26M(8192M) 0.029ms
[8.454s][info][gc,ergo     ] Free: 7753M, Max: 4096K regular, 7708M humongous, Frag: 0% external, 0% internal; Reserve: 412M, Max: 4096K
[8.454s][info][gc,stats    ] 
[8.454s][info][gc,stats    ] All times are wall-clock times, except per-root-class counters, that are sum over
[8.454s][info][gc,stats    ] all workers. Dividing the <total> over the root stage time estimates parallelism.
[8.454s][info][gc,stats    ] 
[8.454s][info][gc,stats    ] Concurrent Reset                    326 us
[8.454s][info][gc,stats    ] Pause Init Mark (G)                 282 us
[8.454s][info][gc,stats    ] Pause Init Mark (N)                 199 us
[8.454s][info][gc,stats    ]   Update Region States               70 us
[8.454s][info][gc,stats    ] Concurrent Mark Roots               504 us, parallelism: 0.66x
[8.454s][info][gc,stats    ]   CMR: <total>                      332 us
[8.454s][info][gc,stats    ]   CMR: Thread Roots                 292 us, workers (us): 292, ---, ---, 
[8.454s][info][gc,stats    ]   CMR: VM Strong Roots                3 us, workers (us):   3, ---, ---, 
[8.454s][info][gc,stats    ]   CMR: CLDG Roots                    38 us, workers (us):  38, ---, ---, 
[8.454s][info][gc,stats    ] Concurrent Marking                19983 us
[8.454s][info][gc,stats    ] Pause Final Mark (G)                322 us
[8.454s][info][gc,stats    ] Pause Final Mark (N)                250 us
[8.454s][info][gc,stats    ]   Finish Mark                        79 us
[8.454s][info][gc,stats    ]   Update Region States               58 us
[8.454s][info][gc,stats    ]   Choose Collection Set              43 us
[8.454s][info][gc,stats    ]   Rebuild Free Set                    8 us
[8.454s][info][gc,stats    ] Concurrent Thread Roots             417 us, parallelism: 0.69x
[8.454s][info][gc,stats    ]   CTR: <total>                      290 us
[8.454s][info][gc,stats    ]   CTR: Thread Roots                 290 us, workers (us): 290, ---, ---, 
[8.455s][info][gc,stats    ] Concurrent Weak References          122 us, parallelism: 0.14x
[8.455s][info][gc,stats    ]   CWRF: <total>                      17 us
[8.455s][info][gc,stats    ]   CWRF: Weak References              17 us, workers (us):  17, ---, ---, 
[8.455s][info][gc,stats    ] Concurrent Weak Roots               552 us
[8.455s][info][gc,stats    ]   Roots                             410 us, parallelism: 0.88x
[8.455s][info][gc,stats    ]     CWR: <total>                    360 us
[8.455s][info][gc,stats    ]     CWR: Code Cache Roots           291 us, workers (us): 291, ---, ---, 
[8.455s][info][gc,stats    ]     CWR: VM Weak Roots               63 us, workers (us):  63, ---, ---, 
[8.455s][info][gc,stats    ]     CWR: CLDG Roots                   6 us, workers (us):   6, ---, ---, 
[8.455s][info][gc,stats    ]   Rendezvous                        107 us
[8.455s][info][gc,stats    ] Concurrent Cleanup                   33 us
[8.455s][info][gc,stats    ] Concurrent Class Unloading         1838 us
[8.455s][info][gc,stats    ]   Unlink Stale                     1566 us
[8.455s][info][gc,stats    ]     System Dictionary                 3 us
[8.455s][info][gc,stats    ]     Weak Class Links                  0 us
[8.455s][info][gc,stats    ]     Code Roots                     1562 us
[8.455s][info][gc,stats    ]   Rendezvous                        104 us
[8.455s][info][gc,stats    ]   Purge Unlinked                    120 us
[8.455s][info][gc,stats    ]     Code Roots                      114 us
[8.455s][info][gc,stats    ]     CLDG                              5 us
[8.455s][info][gc,stats    ]     Exception Caches                  0 us
[8.455s][info][gc,stats    ] Concurrent Strong Roots             114 us, parallelism: 0.24x
[8.455s][info][gc,stats    ]   CSR: <total>                       27 us
[8.455s][info][gc,stats    ]   CSR: VM Strong Roots                2 us, workers (us):   2, ---, ---, 
[8.455s][info][gc,stats    ]   CSR: CLDG Roots                    25 us, workers (us):  25, ---, ---, 
[8.455s][info][gc,stats    ] Concurrent Evacuation               129 us
[8.455s][info][gc,stats    ] Pause Init Update Refs (G)          216 us
[8.455s][info][gc,stats    ] Pause Init Update Refs (N)          101 us
[8.455s][info][gc,stats    ]   Manage GCLABs                       4 us
[8.455s][info][gc,stats    ] Concurrent Update Refs            10092 us
[8.455s][info][gc,stats    ] Concurrent Update Thread Roots      806 us
[8.455s][info][gc,stats    ] Pause Final Update Refs (G)         344 us
[8.455s][info][gc,stats    ] Pause Final Update Refs (N)         277 us
[8.455s][info][gc,stats    ]   Update Region States              114 us
[8.455s][info][gc,stats    ]   Trash Collection Set                6 us
[8.455s][info][gc,stats    ]   Rebuild Free Set                   27 us
[8.455s][info][gc,stats    ] Concurrent Cleanup                   38 us
[8.455s][info][gc,stats    ] 
[8.455s][info][gc,stats    ] Allocation pacing accrued:
[8.455s][info][gc,stats    ]       0 of   215 ms (  0.0%): <total>
[8.455s][info][gc,stats    ]       0 of   215 ms (  0.0%): <average total>
[8.455s][info][gc,stats    ] 
[8.455s][info][gc,metaspace] Metaspace: 12316K(12544K)->12316K(12544K) NonClass: 10660K(10752K)->10660K(10752K) Class: 1655K(1792K)->1655K(1792K)
[8.455s][info][gc,ergo     ] Pacer for Idle. Initial: 163M, Alloc Tax Rate: 1.0x
[8.637s][info][gc          ] Trigger: Explicit GC request (System.gc())
[8.638s][info][gc,ergo     ] Free: 7629M, Max: 4096K regular, 7584M humongous, Frag: 0% external, 0% internal; Reserve: 412M, Max: 4096K
[8.638s][info][gc,start    ] GC(34) Concurrent reset
[8.638s][info][gc,task     ] GC(34) Using 1 of 3 workers for concurrent reset
[8.638s][info][gc,ergo     ] GC(34) Pacer for Reset. Non-Taxable: 8192M
[8.638s][info][gc          ] GC(34) Concurrent reset 0.379ms
[8.638s][info][gc,start    ] GC(34) Pause Init Mark (unload classes)
[8.638s][info][gc,task     ] GC(34) Using 3 of 3 workers for init marking
[8.638s][info][gc,ref      ] GC(34) Clearing All SoftReferences
[8.638s][info][gc,ergo     ] GC(34) Pacer for Mark. Expected Live: 25375K, Free: 7629M, Non-Taxable: 762M, Alloc Tax Rate: 0.0x
[8.638s][info][gc          ] GC(34) Pause Init Mark (unload classes) 0.177ms
[8.638s][info][gc,start    ] GC(34) Concurrent marking roots
[8.638s][info][gc,task     ] GC(34) Using 1 of 3 workers for concurrent marking roots
[8.639s][info][gc          ] GC(34) Concurrent marking roots 0.402ms
[8.639s][info][gc,start    ] GC(34) Concurrent marking (unload classes)
[8.639s][info][gc,task     ] GC(34) Using 1 of 3 workers for concurrent marking
[8.659s][info][gc          ] GC(34) Concurrent marking (unload classes) 19.905ms
[8.659s][info][gc,start    ] GC(34) Pause Final Mark (unload classes)
[8.659s][info][gc,task     ] GC(34) Using 3 of 3 workers for final marking
[8.659s][info][gc,ergo     ] GC(34) Collectable Garbage: 116M (92%), Immediate: 116M (92%), CSet: 0B (0%)
[8.659s][info][gc          ] GC(34) Pause Final Mark (unload classes) 0.302ms
[8.659s][info][gc,start    ] GC(34) Concurrent weak references
[8.659s][info][gc,task     ] GC(34) Using 1 of 3 workers for concurrent weak references
[8.659s][info][gc,ref      ] GC(34) Encountered references: Soft: 154, Weak: 720, Final: 0, Phantom: 33
[8.659s][info][gc,ref      ] GC(34) Discovered  references: Soft: 96, Weak: 158, Final: 0, Phantom: 31
[8.659s][info][gc,ref      ] GC(34) Enqueued    references: Soft: 3, Weak: 0, Final: 0, Phantom: 0
[8.659s][info][gc          ] GC(34) Concurrent weak references 0.116ms
[8.659s][info][gc,start    ] GC(34) Concurrent weak roots
[8.659s][info][gc,task     ] GC(34) Using 1 of 3 workers for concurrent weak root
[8.660s][info][gc          ] GC(34) Concurrent weak roots 0.511ms
[8.660s][info][gc,start    ] GC(34) Concurrent cleanup
[8.660s][info][gc          ] GC(34) Concurrent cleanup 150M->34M(8192M) 0.023ms
[8.660s][info][gc,ergo     ] GC(34) Free: 7745M, Max: 4096K regular, 7584M humongous, Frag: 2% external, 0% internal; Reserve: 412M, Max: 4096K
[8.660s][info][gc,start    ] GC(34) Concurrent class unloading
[8.660s][info][gc,task     ] GC(34) Using 1 of 3 workers for concurrent class unloading
[8.662s][info][gc          ] GC(34) Concurrent class unloading 1.885ms
[8.662s][info][gc,start    ] GC(34) Pause Final Roots
[8.662s][info][gc          ] GC(34) Pause Final Roots 0.020ms
[8.662s][info][gc,ergo     ] Free: 7745M, Max: 4096K regular, 7584M humongous, Frag: 2% external, 0% internal; Reserve: 412M, Max: 4096K
[8.662s][info][gc,stats    ] 
[8.662s][info][gc,stats    ] All times are wall-clock times, except per-root-class counters, that are sum over
[8.662s][info][gc,stats    ] all workers. Dividing the <total> over the root stage time estimates parallelism.
[8.662s][info][gc,stats    ] 
[8.662s][info][gc,stats    ] Concurrent Reset                    464 us
[8.662s][info][gc,stats    ] Pause Init Mark (G)                 273 us
[8.662s][info][gc,stats    ] Pause Init Mark (N)                 185 us
[8.662s][info][gc,stats    ]   Update Region States              109 us
[8.662s][info][gc,stats    ] Concurrent Mark Roots               420 us, parallelism: 0.78x
[8.662s][info][gc,stats    ]   CMR: <total>                      329 us
[8.662s][info][gc,stats    ]   CMR: Thread Roots                 289 us, workers (us): 289, ---, ---, 
[8.662s][info][gc,stats    ]   CMR: VM Strong Roots                4 us, workers (us):   4, ---, ---, 
[8.662s][info][gc,stats    ]   CMR: CLDG Roots                    36 us, workers (us):  36, ---, ---, 
[8.662s][info][gc,stats    ] Concurrent Marking                19970 us
[8.662s][info][gc,stats    ] Pause Final Mark (G)                446 us
[8.662s][info][gc,stats    ] Pause Final Mark (N)                324 us
[8.662s][info][gc,stats    ]   Finish Mark                        88 us
[8.662s][info][gc,stats    ]   Update Region States               56 us
[8.662s][info][gc,stats    ]   Choose Collection Set              52 us
[8.662s][info][gc,stats    ]   Rebuild Free Set                   21 us
[8.662s][info][gc,stats    ] Concurrent Weak References          124 us, parallelism: 0.05x
[8.662s][info][gc,stats    ]   CWRF: <total>                       6 us
[8.662s][info][gc,stats    ]   CWRF: Weak References               6 us, workers (us):   6, ---, ---, 
[8.662s][info][gc,stats    ] Concurrent Weak Roots               529 us
[8.662s][info][gc,stats    ]   Roots                             393 us, parallelism: 0.91x
[8.662s][info][gc,stats    ]     CWR: <total>                    356 us
[8.662s][info][gc,stats    ]     CWR: Code Cache Roots           292 us, workers (us): 292, ---, ---, 
[8.662s][info][gc,stats    ]     CWR: VM Weak Roots               58 us, workers (us):  58, ---, ---, 
[8.662s][info][gc,stats    ]     CWR: CLDG Roots                   5 us, workers (us):   5, ---, ---, 
[8.662s][info][gc,stats    ]   Rendezvous                        103 us
[8.662s][info][gc,stats    ] Concurrent Cleanup                   31 us
[8.662s][info][gc,stats    ] Concurrent Class Unloading         1931 us
[8.662s][info][gc,stats    ]   Unlink Stale                     1592 us
[8.662s][info][gc,stats    ]     System Dictionary                 3 us
[8.662s][info][gc,stats    ]     Weak Class Links                  0 us
[8.662s][info][gc,stats    ]     Code Roots                     1588 us
[8.662s][info][gc,stats    ]   Rendezvous                        176 us
[8.662s][info][gc,stats    ]   Purge Unlinked                    100 us
[8.662s][info][gc,stats    ]     Code Roots                       90 us
[8.662s][info][gc,stats    ]     CLDG                              9 us
[8.662s][info][gc,stats    ]     Exception Caches                  0 us
[8.662s][info][gc,stats    ] Pause Final Roots (G)                97 us
[8.662s][info][gc,stats    ] Pause Final Roots (N)                28 us
[8.662s][info][gc,stats    ] 
[8.662s][info][gc,stats    ] Allocation pacing accrued:
[8.662s][info][gc,stats    ]       0 of   208 ms (  0.0%): <total>
[8.662s][info][gc,stats    ]       0 of   208 ms (  0.0%): <average total>
[8.662s][info][gc,stats    ] 
[8.662s][info][gc,metaspace] Metaspace: 12316K(12544K)->12316K(12544K) NonClass: 10660K(10752K)->10660K(10752K) Class: 1655K(1792K)->1655K(1792K)
[8.663s][info][gc,ergo     ] Pacer for Idle. Initial: 163M, Alloc Tax Rate: 1.0x
[8.858s][info][gc          ] Trigger: Explicit GC request (System.gc())
[8.858s][info][gc,ergo     ] Free: 7621M, Max: 4096K regular, 7576M humongous, Frag: 0% external, 0% internal; Reserve: 412M, Max: 4096K
[8.861s][info][gc,start    ] GC(35) Concurrent reset
[8.861s][info][gc,task     ] GC(35) Using 1 of 3 workers for concurrent reset
[8.861s][info][gc,ergo     ] GC(35) Pacer for Reset. Non-Taxable: 8192M
[8.861s][info][gc          ] GC(35) Concurrent reset 0.292ms
[8.861s][info][gc,start    ] GC(35) Pause Init Mark (unload classes)
[8.861s][info][gc,task     ] GC(35) Using 3 of 3 workers for init marking
[8.861s][info][gc,ref      ] GC(35) Clearing All SoftReferences
[8.861s][info][gc,ergo     ] GC(35) Pacer for Mark. Expected Live: 25375K, Free: 7621M, Non-Taxable: 762M, Alloc Tax Rate: 0.0x
[8.861s][info][gc          ] GC(35) Pause Init Mark (unload classes) 0.129ms
[8.861s][info][gc,start    ] GC(35) Concurrent marking roots
[8.861s][info][gc,task     ] GC(35) Using 1 of 3 workers for concurrent marking roots
[8.862s][info][gc          ] GC(35) Concurrent marking roots 0.453ms
[8.862s][info][gc,start    ] GC(35) Concurrent marking (unload classes)
[8.862s][info][gc,task     ] GC(35) Using 1 of 3 workers for concurrent marking
[8.882s][info][gc          ] GC(35) Concurrent marking (unload classes) 20.174ms
[8.882s][info][gc,start    ] GC(35) Pause Final Mark (unload classes)
[8.882s][info][gc,task     ] GC(35) Using 3 of 3 workers for final marking
[8.882s][info][gc,ergo     ] GC(35) Collectable Garbage: 124M (93%), Immediate: 124M (93%), CSet: 0B (0%)
[8.882s][info][gc          ] GC(35) Pause Final Mark (unload classes) 0.461ms
[8.883s][info][gc,start    ] GC(35) Concurrent weak references
[8.883s][info][gc,task     ] GC(35) Using 1 of 3 workers for concurrent weak references
[8.883s][info][gc,ref      ] GC(35) Encountered references: Soft: 154, Weak: 720, Final: 0, Phantom: 33
[8.883s][info][gc,ref      ] GC(35) Discovered  references: Soft: 96, Weak: 158, Final: 0, Phantom: 31
[8.883s][info][gc,ref      ] GC(35) Enqueued    references: Soft: 3, Weak: 0, Final: 0, Phantom: 0
[8.883s][info][gc          ] GC(35) Concurrent weak references 0.170ms
[8.883s][info][gc,start    ] GC(35) Concurrent weak roots
[8.883s][info][gc,task     ] GC(35) Using 1 of 3 workers for concurrent weak root
[8.883s][info][gc          ] GC(35) Concurrent weak roots 0.579ms
[8.883s][info][gc,start    ] GC(35) Concurrent cleanup
[8.883s][info][gc          ] GC(35) Concurrent cleanup 158M->34M(8192M) 0.030ms
[8.883s][info][gc,ergo     ] GC(35) Free: 7745M, Max: 4096K regular, 7576M humongous, Frag: 2% external, 0% internal; Reserve: 412M, Max: 4096K
[8.883s][info][gc,start    ] GC(35) Concurrent class unloading
[8.883s][info][gc,task     ] GC(35) Using 1 of 3 workers for concurrent class unloading
[8.886s][info][gc          ] GC(35) Concurrent class unloading 2.134ms
[8.886s][info][gc,start    ] GC(35) Pause Final Roots
[8.886s][info][gc          ] GC(35) Pause Final Roots 0.020ms
[8.886s][info][gc,ergo     ] Free: 7745M, Max: 4096K regular, 7576M humongous, Frag: 2% external, 0% internal; Reserve: 412M, Max: 4096K
[8.886s][info][gc,stats    ] 
[8.886s][info][gc,stats    ] All times are wall-clock times, except per-root-class counters, that are sum over
[8.886s][info][gc,stats    ] all workers. Dividing the <total> over the root stage time estimates parallelism.
[8.886s][info][gc,stats    ] 
[8.886s][info][gc,stats    ] Concurrent Reset                    336 us
[8.886s][info][gc,stats    ] Pause Init Mark (G)                 221 us
[8.886s][info][gc,stats    ] Pause Init Mark (N)                 138 us
[8.886s][info][gc,stats    ]   Update Region States               68 us
[8.886s][info][gc,stats    ] Concurrent Mark Roots               480 us, parallelism: 0.66x
[8.886s][info][gc,stats    ]   CMR: <total>                      315 us
[8.886s][info][gc,stats    ]   CMR: Thread Roots                 279 us, workers (us): 279, ---, ---, 
[8.886s][info][gc,stats    ]   CMR: VM Strong Roots                4 us, workers (us):   4, ---, ---, 
[8.886s][info][gc,stats    ]   CMR: CLDG Roots                    33 us, workers (us):  33, ---, ---, 
[8.886s][info][gc,stats    ] Concurrent Marking                20240 us
[8.886s][info][gc,stats    ] Pause Final Mark (G)                610 us
[8.886s][info][gc,stats    ] Pause Final Mark (N)                486 us
[8.886s][info][gc,stats    ]   Finish Mark                       159 us
[8.886s][info][gc,stats    ]   Update Region States              122 us
[8.886s][info][gc,stats    ]   Choose Collection Set              72 us
[8.886s][info][gc,stats    ]   Rebuild Free Set                   21 us
[8.886s][info][gc,stats    ] Concurrent Weak References          178 us, parallelism: 0.07x
[8.886s][info][gc,stats    ]   CWRF: <total>                      12 us
[8.886s][info][gc,stats    ]   CWRF: Weak References              12 us, workers (us):  12, ---, ---, 
[8.886s][info][gc,stats    ] Concurrent Weak Roots               615 us
[8.886s][info][gc,stats    ]   Roots                             455 us, parallelism: 0.86x
[8.886s][info][gc,stats    ]     CWR: <total>                    391 us
[8.886s][info][gc,stats    ]     CWR: Code Cache Roots           325 us, workers (us): 325, ---, ---, 
[8.886s][info][gc,stats    ]     CWR: VM Weak Roots               59 us, workers (us):  59, ---, ---, 
[8.886s][info][gc,stats    ]     CWR: CLDG Roots                   7 us, workers (us):   7, ---, ---, 
[8.886s][info][gc,stats    ]   Rendezvous                        105 us
[8.886s][info][gc,stats    ] Concurrent Cleanup                   39 us
[8.886s][info][gc,stats    ] Concurrent Class Unloading         2198 us
[8.886s][info][gc,stats    ]   Unlink Stale                     1839 us
[8.886s][info][gc,stats    ]     System Dictionary                 6 us
[8.886s][info][gc,stats    ]     Weak Class Links                  0 us
[8.886s][info][gc,stats    ]     Code Roots                     1831 us
[8.886s][info][gc,stats    ]   Rendezvous                        129 us
[8.886s][info][gc,stats    ]   Purge Unlinked                    146 us
[8.886s][info][gc,stats    ]     Code Roots                      137 us
[8.886s][info][gc,stats    ]     CLDG                              9 us
[8.886s][info][gc,stats    ]     Exception Caches                  0 us
[8.886s][info][gc,stats    ] Pause Final Roots (G)                86 us
[8.886s][info][gc,stats    ] Pause Final Roots (N)                28 us
[8.886s][info][gc,stats    ] 
[8.886s][info][gc,stats    ] Allocation pacing accrued:
[8.886s][info][gc,stats    ]       0 of   224 ms (  0.0%): <total>
[8.886s][info][gc,stats    ]       0 of   224 ms (  0.0%): <average total>
[8.886s][info][gc,stats    ] 
[8.886s][info][gc,metaspace] Metaspace: 12319K(12544K)->12319K(12544K) NonClass: 10663K(10752K)->10663K(10752K) Class: 1655K(1792K)->1655K(1792K)
[8.886s][info][gc,ergo     ] Pacer for Idle. Initial: 163M, Alloc Tax Rate: 1.0x
[9.078s][info][gc          ] Trigger: Explicit GC request (System.gc())
[9.078s][info][gc,ergo     ] Free: 7621M, Max: 4096K regular, 7576M humongous, Frag: 0% external, 0% internal; Reserve: 412M, Max: 4096K
[9.079s][info][gc,start    ] GC(36) Concurrent reset
[9.079s][info][gc,task     ] GC(36) Using 1 of 3 workers for concurrent reset
[9.079s][info][gc,ergo     ] GC(36) Pacer for Reset. Non-Taxable: 8192M
[9.079s][info][gc          ] GC(36) Concurrent reset 0.525ms
[9.079s][info][gc,start    ] GC(36) Pause Init Mark (unload classes)
[9.079s][info][gc,task     ] GC(36) Using 3 of 3 workers for init marking
[9.079s][info][gc,ref      ] GC(36) Clearing All SoftReferences
[9.079s][info][gc,ergo     ] GC(36) Pacer for Mark. Expected Live: 25376K, Free: 7621M, Non-Taxable: 762M, Alloc Tax Rate: 0.0x
[9.079s][info][gc          ] GC(36) Pause Init Mark (unload classes) 0.182ms
[9.079s][info][gc,start    ] GC(36) Concurrent marking roots
[9.080s][info][gc,task     ] GC(36) Using 1 of 3 workers for concurrent marking roots
[9.080s][info][gc          ] GC(36) Concurrent marking roots 0.736ms
[9.080s][info][gc,start    ] GC(36) Concurrent marking (unload classes)
[9.080s][info][gc,task     ] GC(36) Using 1 of 3 workers for concurrent marking
[9.100s][info][gc          ] GC(36) Concurrent marking (unload classes) 19.771ms
[9.100s][info][gc,start    ] GC(36) Pause Final Mark (unload classes)
[9.100s][info][gc,task     ] GC(36) Using 3 of 3 workers for final marking
[9.100s][info][gc,ergo     ] GC(36) Collectable Garbage: 123M (93%), Immediate: 123M (93%), CSet: 0B (0%)
[9.100s][info][gc          ] GC(36) Pause Final Mark (unload classes) 0.230ms
[9.100s][info][gc,start    ] GC(36) Concurrent weak references
[9.100s][info][gc,task     ] GC(36) Using 1 of 3 workers for concurrent weak references
[9.101s][info][gc,ref      ] GC(36) Encountered references: Soft: 154, Weak: 720, Final: 0, Phantom: 33
[9.101s][info][gc,ref      ] GC(36) Discovered  references: Soft: 96, Weak: 158, Final: 0, Phantom: 31
[9.101s][info][gc,ref      ] GC(36) Enqueued    references: Soft: 3, Weak: 0, Final: 0, Phantom: 0
[9.101s][info][gc          ] GC(36) Concurrent weak references 0.181ms
[9.101s][info][gc,start    ] GC(36) Concurrent weak roots
[9.101s][info][gc,task     ] GC(36) Using 1 of 3 workers for concurrent weak root
[9.101s][info][gc          ] GC(36) Concurrent weak roots 0.580ms
[9.101s][info][gc,start    ] GC(36) Concurrent cleanup
[9.101s][info][gc          ] GC(36) Concurrent cleanup 158M->34M(8192M) 0.028ms
[9.101s][info][gc,ergo     ] GC(36) Free: 7745M, Max: 4096K regular, 7580M humongous, Frag: 2% external, 0% internal; Reserve: 412M, Max: 4096K
[9.101s][info][gc,start    ] GC(36) Concurrent class unloading
[9.101s][info][gc,task     ] GC(36) Using 1 of 3 workers for concurrent class unloading
[9.103s][info][gc          ] GC(36) Concurrent class unloading 2.152ms
[9.104s][info][gc,start    ] GC(36) Pause Final Roots
[9.104s][info][gc          ] GC(36) Pause Final Roots 0.052ms
[9.104s][info][gc,ergo     ] Free: 7745M, Max: 4096K regular, 7580M humongous, Frag: 2% external, 0% internal; Reserve: 412M, Max: 4096K
[9.104s][info][gc,stats    ] 
[9.104s][info][gc,stats    ] All times are wall-clock times, except per-root-class counters, that are sum over
[9.104s][info][gc,stats    ] all workers. Dividing the <total> over the root stage time estimates parallelism.
[9.104s][info][gc,stats    ] 
[9.104s][info][gc,stats    ] Concurrent Reset                    630 us
[9.104s][info][gc,stats    ] Pause Init Mark (G)                 345 us
[9.104s][info][gc,stats    ] Pause Init Mark (N)                 198 us
[9.104s][info][gc,stats    ]   Update Region States               76 us
[9.104s][info][gc,stats    ] Concurrent Mark Roots               761 us, parallelism: 0.77x
[9.104s][info][gc,stats    ]   CMR: <total>                      586 us
[9.104s][info][gc,stats    ]   CMR: Thread Roots                 511 us, workers (us): 511, ---, ---, 
[9.104s][info][gc,stats    ]   CMR: VM Strong Roots                7 us, workers (us):   7, ---, ---, 
[9.104s][info][gc,stats    ]   CMR: CLDG Roots                    68 us, workers (us):  68, ---, ---, 
[9.104s][info][gc,stats    ] Concurrent Marking                19836 us
[9.104s][info][gc,stats    ] Pause Final Mark (G)                357 us
[9.104s][info][gc,stats    ] Pause Final Mark (N)                243 us
[9.104s][info][gc,stats    ]   Finish Mark                        79 us
[9.104s][info][gc,stats    ]   Update Region States               61 us
[9.104s][info][gc,stats    ]   Choose Collection Set              35 us
[9.104s][info][gc,stats    ]   Rebuild Free Set                    7 us
[9.104s][info][gc,stats    ] Concurrent Weak References          197 us, parallelism: 0.06x
[9.104s][info][gc,stats    ]   CWRF: <total>                      11 us
[9.104s][info][gc,stats    ]   CWRF: Weak References              11 us, workers (us):  11, ---, ---, 
[9.104s][info][gc,stats    ] Concurrent Weak Roots               617 us
[9.104s][info][gc,stats    ]   Roots                             461 us, parallelism: 0.83x
[9.104s][info][gc,stats    ]     CWR: <total>                    381 us
[9.104s][info][gc,stats    ]     CWR: Code Cache Roots           313 us, workers (us): 313, ---, ---, 
[9.104s][info][gc,stats    ]     CWR: VM Weak Roots               62 us, workers (us):  62, ---, ---, 
[9.104s][info][gc,stats    ]     CWR: CLDG Roots                   6 us, workers (us):   6, ---, ---, 
[9.104s][info][gc,stats    ]   Rendezvous                         86 us
[9.104s][info][gc,stats    ] Concurrent Cleanup                   37 us
[9.104s][info][gc,stats    ] Concurrent Class Unloading         2219 us
[9.104s][info][gc,stats    ]   Unlink Stale                     1813 us
[9.104s][info][gc,stats    ]     System Dictionary                 7 us
[9.104s][info][gc,stats    ]     Weak Class Links                  0 us
[9.104s][info][gc,stats    ]     Code Roots                     1804 us
[9.104s][info][gc,stats    ]   Rendezvous                        129 us
[9.104s][info][gc,stats    ]   Purge Unlinked                    190 us
[9.104s][info][gc,stats    ]     Code Roots                      181 us
[9.104s][info][gc,stats    ]     CLDG                              9 us
[9.104s][info][gc,stats    ]     Exception Caches                  1 us
[9.104s][info][gc,stats    ] Pause Final Roots (G)               190 us
[9.104s][info][gc,stats    ] Pause Final Roots (N)                75 us
[9.104s][info][gc,stats    ] 
[9.104s][info][gc,stats    ] Allocation pacing accrued:
[9.104s][info][gc,stats    ]       0 of   218 ms (  0.0%): <total>
[9.104s][info][gc,stats    ]       0 of   218 ms (  0.0%): <average total>
[9.104s][info][gc,stats    ] 
[9.104s][info][gc,metaspace] Metaspace: 12319K(12544K)->12319K(12544K) NonClass: 10663K(10752K)->10663K(10752K) Class: 1655K(1792K)->1655K(1792K)
[9.104s][info][gc,ergo     ] Pacer for Idle. Initial: 163M, Alloc Tax Rate: 1.0x
[9.298s][info][gc          ] Trigger: Explicit GC request (System.gc())
[9.298s][info][gc,ergo     ] Free: 7621M, Max: 4096K regular, 7576M humongous, Frag: 0% external, 0% internal; Reserve: 412M, Max: 4096K
[9.298s][info][gc,start    ] GC(37) Concurrent reset
[9.298s][info][gc,task     ] GC(37) Using 1 of 3 workers for concurrent reset
[9.298s][info][gc,ergo     ] GC(37) Pacer for Reset. Non-Taxable: 8192M
[9.299s][info][gc          ] GC(37) Concurrent reset 0.498ms
[9.299s][info][gc,start    ] GC(37) Pause Init Mark (unload classes)
[9.299s][info][gc,task     ] GC(37) Using 3 of 3 workers for init marking
[9.299s][info][gc,ref      ] GC(37) Clearing All SoftReferences
[9.299s][info][gc,ergo     ] GC(37) Pacer for Mark. Expected Live: 25376K, Free: 7621M, Non-Taxable: 762M, Alloc Tax Rate: 0.0x
[9.299s][info][gc          ] GC(37) Pause Init Mark (unload classes) 0.246ms
[9.299s][info][gc,start    ] GC(37) Concurrent marking roots
[9.299s][info][gc,task     ] GC(37) Using 1 of 3 workers for concurrent marking roots
[9.300s][info][gc          ] GC(37) Concurrent marking roots 0.669ms
[9.300s][info][gc,start    ] GC(37) Concurrent marking (unload classes)
[9.300s][info][gc,task     ] GC(37) Using 1 of 3 workers for concurrent marking
[9.320s][info][gc          ] GC(37) Concurrent marking (unload classes) 19.843ms
[9.320s][info][gc,start    ] GC(37) Pause Final Mark (unload classes)
[9.320s][info][gc,task     ] GC(37) Using 3 of 3 workers for final marking
[9.320s][info][gc,ergo     ] GC(37) Collectable Garbage: 124M (93%), Immediate: 124M (93%), CSet: 0B (0%)
[9.320s][info][gc          ] GC(37) Pause Final Mark (unload classes) 0.473ms
[9.321s][info][gc,start    ] GC(37) Concurrent weak references
[9.321s][info][gc,task     ] GC(37) Using 1 of 3 workers for concurrent weak references
[9.321s][info][gc,ref      ] GC(37) Encountered references: Soft: 154, Weak: 720, Final: 0, Phantom: 33
[9.321s][info][gc,ref      ] GC(37) Discovered  references: Soft: 96, Weak: 158, Final: 0, Phantom: 31
[9.321s][info][gc,ref      ] GC(37) Enqueued    references: Soft: 3, Weak: 0, Final: 0, Phantom: 0
[9.321s][info][gc          ] GC(37) Concurrent weak references 0.123ms
[9.321s][info][gc,start    ] GC(37) Concurrent weak roots
[9.321s][info][gc,task     ] GC(37) Using 1 of 3 workers for concurrent weak root
[9.321s][info][gc          ] GC(37) Concurrent weak roots 0.612ms
[9.321s][info][gc,start    ] GC(37) Concurrent cleanup
[9.321s][info][gc          ] GC(37) Concurrent cleanup 158M->34M(8192M) 0.021ms
[9.321s][info][gc,ergo     ] GC(37) Free: 7745M, Max: 4096K regular, 7576M humongous, Frag: 2% external, 0% internal; Reserve: 412M, Max: 4096K
[9.321s][info][gc,start    ] GC(37) Concurrent class unloading
[9.321s][info][gc,task     ] GC(37) Using 1 of 3 workers for concurrent class unloading
[9.324s][info][gc          ] GC(37) Concurrent class unloading 2.188ms
[9.324s][info][gc,start    ] GC(37) Pause Final Roots
[9.324s][info][gc          ] GC(37) Pause Final Roots 0.052ms
[9.324s][info][gc,ergo     ] Free: 7745M, Max: 4096K regular, 7576M humongous, Frag: 2% external, 0% internal; Reserve: 412M, Max: 4096K
[9.324s][info][gc,stats    ] 
[9.324s][info][gc,stats    ] All times are wall-clock times, except per-root-class counters, that are sum over
[9.324s][info][gc,stats    ] all workers. Dividing the <total> over the root stage time estimates parallelism.
[9.324s][info][gc,stats    ] 
[9.324s][info][gc,stats    ] Concurrent Reset                    549 us
[9.324s][info][gc,stats    ] Pause Init Mark (G)                 433 us
[9.324s][info][gc,stats    ] Pause Init Mark (N)                 268 us
[9.324s][info][gc,stats    ]   Update Region States               89 us
[9.324s][info][gc,stats    ] Concurrent Mark Roots               708 us, parallelism: 0.56x
[9.324s][info][gc,stats    ]   CMR: <total>                      395 us
[9.324s][info][gc,stats    ]   CMR: Thread Roots                 331 us, workers (us): 331, ---, ---, 
[9.324s][info][gc,stats    ]   CMR: VM Strong Roots               10 us, workers (us):  10, ---, ---, 
[9.324s][info][gc,stats    ]   CMR: CLDG Roots                    54 us, workers (us):  54, ---, ---, 
[9.324s][info][gc,stats    ] Concurrent Marking                19895 us
[9.324s][info][gc,stats    ] Pause Final Mark (G)                598 us
[9.324s][info][gc,stats    ] Pause Final Mark (N)                497 us
[9.324s][info][gc,stats    ]   Finish Mark                       233 us
[9.324s][info][gc,stats    ]   Update Region States               75 us
[9.324s][info][gc,stats    ]   Choose Collection Set              61 us
[9.324s][info][gc,stats    ]   Rebuild Free Set                   21 us
[9.324s][info][gc,stats    ] Concurrent Weak References          130 us, parallelism: 0.06x
[9.324s][info][gc,stats    ]   CWRF: <total>                       8 us
[9.324s][info][gc,stats    ]   CWRF: Weak References               8 us, workers (us):   8, ---, ---, 
[9.324s][info][gc,stats    ] Concurrent Weak Roots               631 us
[9.324s][info][gc,stats    ]   Roots                             552 us, parallelism: 0.87x
[9.324s][info][gc,stats    ]     CWR: <total>                    480 us
[9.324s][info][gc,stats    ]     CWR: Code Cache Roots           363 us, workers (us): 363, ---, ---, 
[9.324s][info][gc,stats    ]     CWR: VM Weak Roots              110 us, workers (us): 110, ---, ---, 
[9.324s][info][gc,stats    ]     CWR: CLDG Roots                   6 us, workers (us):   6, ---, ---, 
[9.324s][info][gc,stats    ]   Rendezvous                         44 us
[9.324s][info][gc,stats    ] Concurrent Cleanup                   30 us
[9.324s][info][gc,stats    ] Concurrent Class Unloading         2221 us
[9.324s][info][gc,stats    ]   Unlink Stale                     2003 us
[9.324s][info][gc,stats    ]     System Dictionary                 4 us
[9.324s][info][gc,stats    ]     Weak Class Links                  0 us
[9.324s][info][gc,stats    ]     Code Roots                     1998 us
[9.324s][info][gc,stats    ]   Rendezvous                         56 us
[9.324s][info][gc,stats    ]   Purge Unlinked                    109 us
[9.324s][info][gc,stats    ]     Code Roots                      103 us
[9.324s][info][gc,stats    ]     CLDG                              5 us
[9.324s][info][gc,stats    ]     Exception Caches                  0 us
[9.324s][info][gc,stats    ] Pause Final Roots (G)               191 us
[9.324s][info][gc,stats    ] Pause Final Roots (N)                75 us
[9.324s][info][gc,stats    ] 
[9.324s][info][gc,stats    ] Allocation pacing accrued:
[9.324s][info][gc,stats    ]       0 of   220 ms (  0.0%): <total>
[9.325s][info][gc,stats    ]       0 of   220 ms (  0.0%): <average total>
[9.325s][info][gc,stats    ] 
[9.325s][info][gc,metaspace] Metaspace: 12320K(12544K)->12320K(12544K) NonClass: 10664K(10752K)->10664K(10752K) Class: 1655K(1792K)->1655K(1792K)
[9.325s][info][gc,ergo     ] Pacer for Idle. Initial: 163M, Alloc Tax Rate: 1.0x
[9.518s][info][gc          ] Trigger: Explicit GC request (System.gc())
[9.518s][info][gc,ergo     ] Free: 7621M, Max: 4096K regular, 7576M humongous, Frag: 0% external, 0% internal; Reserve: 412M, Max: 4096K
[9.518s][info][gc,start    ] GC(38) Concurrent reset
[9.518s][info][gc,task     ] GC(38) Using 1 of 3 workers for concurrent reset
[9.518s][info][gc,ergo     ] GC(38) Pacer for Reset. Non-Taxable: 8192M
[9.518s][info][gc          ] GC(38) Concurrent reset 0.345ms
[9.518s][info][gc,start    ] GC(38) Pause Init Mark (unload classes)
[9.518s][info][gc,task     ] GC(38) Using 3 of 3 workers for init marking
[9.518s][info][gc,ref      ] GC(38) Clearing All SoftReferences
[9.518s][info][gc,ergo     ] GC(38) Pacer for Mark. Expected Live: 25376K, Free: 7621M, Non-Taxable: 762M, Alloc Tax Rate: 0.0x
[9.518s][info][gc          ] GC(38) Pause Init Mark (unload classes) 0.226ms
[9.519s][info][gc,start    ] GC(38) Concurrent marking roots
[9.519s][info][gc,task     ] GC(38) Using 1 of 3 workers for concurrent marking roots
[9.519s][info][gc          ] GC(38) Concurrent marking roots 0.602ms
[9.519s][info][gc,start    ] GC(38) Concurrent marking (unload classes)
[9.519s][info][gc,task     ] GC(38) Using 1 of 3 workers for concurrent marking
[9.539s][info][gc          ] GC(38) Concurrent marking (unload classes) 19.984ms
[9.539s][info][gc,start    ] GC(38) Pause Final Mark (unload classes)
[9.539s][info][gc,task     ] GC(38) Using 3 of 3 workers for final marking
[9.539s][info][gc,ergo     ] GC(38) Adaptive CSet Selection. Target Free: 1160M, Actual Free: 8108M, Max CSet: 341M, Min Garbage: 0B
[9.539s][info][gc,ergo     ] GC(38) Collectable Garbage: 131M (98%), Immediate: 120M (90%), CSet: 12250K (8%)
[9.539s][info][gc,ergo     ] GC(38) Pacer for Evacuation. Used CSet: 12252K, Free: 7741M, Non-Taxable: 774M, Alloc Tax Rate: 1.1x
[9.539s][info][gc          ] GC(38) Pause Final Mark (unload classes) 0.245ms
[9.540s][info][gc,start    ] GC(38) Concurrent thread roots
[9.540s][info][gc,task     ] GC(38) Using 1 of 3 workers for Concurrent thread roots
[9.540s][info][gc          ] GC(38) Concurrent thread roots 0.383ms
[9.540s][info][gc,start    ] GC(38) Concurrent weak references
[9.540s][info][gc,task     ] GC(38) Using 1 of 3 workers for concurrent weak references
[9.540s][info][gc,ref      ] GC(38) Encountered references: Soft: 154, Weak: 720, Final: 0, Phantom: 33
[9.540s][info][gc,ref      ] GC(38) Discovered  references: Soft: 96, Weak: 158, Final: 0, Phantom: 31
[9.540s][info][gc,ref      ] GC(38) Enqueued    references: Soft: 3, Weak: 0, Final: 0, Phantom: 0
[9.540s][info][gc          ] GC(38) Concurrent weak references 0.152ms
[9.540s][info][gc,start    ] GC(38) Concurrent weak roots
[9.540s][info][gc,task     ] GC(38) Using 1 of 3 workers for concurrent weak root
[9.541s][info][gc          ] GC(38) Concurrent weak roots 0.521ms
[9.541s][info][gc,start    ] GC(38) Concurrent cleanup
[9.541s][info][gc          ] GC(38) Concurrent cleanup 158M->38M(8192M) 0.025ms
[9.541s][info][gc,ergo     ] GC(38) Free: 7741M, Max: 4096K regular, 7576M humongous, Frag: 2% external, 0% internal; Reserve: 411M, Max: 4096K
[9.541s][info][gc,start    ] GC(38) Concurrent class unloading
[9.541s][info][gc,task     ] GC(38) Using 1 of 3 workers for concurrent class unloading
[9.543s][info][gc          ] GC(38) Concurrent class unloading 2.023ms
[9.543s][info][gc,start    ] GC(38) Concurrent strong roots
[9.543s][info][gc,task     ] GC(38) Using 1 of 3 workers for concurrent strong root
[9.543s][info][gc          ] GC(38) Concurrent strong roots 0.092ms
[9.543s][info][gc,start    ] GC(38) Concurrent evacuation
[9.543s][info][gc,task     ] GC(38) Using 1 of 3 workers for concurrent evacuation
[9.543s][info][gc          ] GC(38) Concurrent evacuation 0.133ms
[9.543s][info][gc,start    ] GC(38) Pause Init Update Refs
[9.543s][info][gc,ergo     ] GC(38) Pacer for Update Refs. Used: 39001K, Free: 7741M, Non-Taxable: 774M, Alloc Tax Rate: 1.1x
[9.543s][info][gc          ] GC(38) Pause Init Update Refs 0.080ms
[9.543s][info][gc,start    ] GC(38) Concurrent update references
[9.543s][info][gc,task     ] GC(38) Using 1 of 3 workers for concurrent reference update
[9.553s][info][gc          ] GC(38) Concurrent update references 10.005ms
[9.553s][info][gc,start    ] GC(38) Concurrent update thread roots
[9.554s][info][gc          ] GC(38) Concurrent update thread roots 0.798ms
[9.554s][info][gc,start    ] GC(38) Pause Final Update Refs
[9.554s][info][gc,task     ] GC(38) Using 3 of 3 workers for final reference update
[9.554s][info][gc          ] GC(38) Pause Final Update Refs 0.171ms
[9.554s][info][gc,start    ] GC(38) Concurrent cleanup
[9.554s][info][gc          ] GC(38) Concurrent cleanup 38M->26M(8192M) 0.030ms
[9.555s][info][gc,ergo     ] Free: 7753M, Max: 4096K regular, 7704M humongous, Frag: 0% external, 0% internal; Reserve: 412M, Max: 4096K
[9.555s][info][gc,stats    ] 
[9.555s][info][gc,stats    ] All times are wall-clock times, except per-root-class counters, that are sum over
[9.555s][info][gc,stats    ] all workers. Dividing the <total> over the root stage time estimates parallelism.
[9.555s][info][gc,stats    ] 
[9.555s][info][gc,stats    ] Concurrent Reset                    410 us
[9.555s][info][gc,stats    ] Pause Init Mark (G)                 378 us
[9.555s][info][gc,stats    ] Pause Init Mark (N)                 247 us
[9.555s][info][gc,stats    ]   Update Region States               94 us
[9.555s][info][gc,stats    ] Concurrent Mark Roots               628 us, parallelism: 0.77x
[9.555s][info][gc,stats    ]   CMR: <total>                      485 us
[9.555s][info][gc,stats    ]   CMR: Thread Roots                 417 us, workers (us): 417, ---, ---, 
[9.555s][info][gc,stats    ]   CMR: VM Strong Roots                6 us, workers (us):   6, ---, ---, 
[9.555s][info][gc,stats    ]   CMR: CLDG Roots                    62 us, workers (us):  62, ---, ---, 
[9.555s][info][gc,stats    ] Concurrent Marking                20052 us
[9.555s][info][gc,stats    ] Pause Final Mark (G)                342 us
[9.555s][info][gc,stats    ] Pause Final Mark (N)                253 us
[9.555s][info][gc,stats    ]   Finish Mark                        80 us
[9.555s][info][gc,stats    ]   Update Region States               70 us
[9.555s][info][gc,stats    ]   Choose Collection Set              42 us
[9.555s][info][gc,stats    ]   Rebuild Free Set                    8 us
[9.555s][info][gc,stats    ] Concurrent Thread Roots             423 us, parallelism: 0.64x
[9.555s][info][gc,stats    ]   CTR: <total>                      272 us
[9.555s][info][gc,stats    ]   CTR: Thread Roots                 272 us, workers (us): 272, ---, ---, 
[9.555s][info][gc,stats    ] Concurrent Weak References          160 us, parallelism: 0.12x
[9.555s][info][gc,stats    ]   CWRF: <total>                      19 us
[9.555s][info][gc,stats    ]   CWRF: Weak References              19 us, workers (us):  19, ---, ---, 
[9.555s][info][gc,stats    ] Concurrent Weak Roots               540 us
[9.555s][info][gc,stats    ]   Roots                             400 us, parallelism: 0.91x
[9.555s][info][gc,stats    ]     CWR: <total>                    365 us
[9.555s][info][gc,stats    ]     CWR: Code Cache Roots           296 us, workers (us): 296, ---, ---, 
[9.555s][info][gc,stats    ]     CWR: VM Weak Roots               64 us, workers (us):  64, ---, ---, 
[9.555s][info][gc,stats    ]     CWR: CLDG Roots                   5 us, workers (us):   5, ---, ---, 
[9.555s][info][gc,stats    ]   Rendezvous                        105 us
[9.555s][info][gc,stats    ] Concurrent Cleanup                   32 us
[9.555s][info][gc,stats    ] Concurrent Class Unloading         2071 us
[9.555s][info][gc,stats    ]   Unlink Stale                     1616 us
[9.555s][info][gc,stats    ]     System Dictionary                 3 us
[9.555s][info][gc,stats    ]     Weak Class Links                  0 us
[9.555s][info][gc,stats    ]     Code Roots                     1612 us
[9.555s][info][gc,stats    ]   Rendezvous                        262 us
[9.555s][info][gc,stats    ]   Purge Unlinked                    126 us
[9.555s][info][gc,stats    ]     Code Roots                      117 us
[9.555s][info][gc,stats    ]     CLDG                              9 us
[9.555s][info][gc,stats    ]     Exception Caches                  0 us
[9.555s][info][gc,stats    ] Concurrent Strong Roots             112 us, parallelism: 0.22x
[9.555s][info][gc,stats    ]   CSR: <total>                       25 us
[9.555s][info][gc,stats    ]   CSR: VM Strong Roots                2 us, workers (us):   2, ---, ---, 
[9.555s][info][gc,stats    ]   CSR: CLDG Roots                    23 us, workers (us):  23, ---, ---, 
[9.555s][info][gc,stats    ] Concurrent Evacuation               177 us
[9.555s][info][gc,stats    ] Pause Init Update Refs (G)          219 us
[9.555s][info][gc,stats    ] Pause Init Update Refs (N)          101 us
[9.555s][info][gc,stats    ]   Manage GCLABs                       4 us
[9.555s][info][gc,stats    ] Concurrent Update Refs            10071 us
[9.555s][info][gc,stats    ] Concurrent Update Thread Roots      816 us
[9.555s][info][gc,stats    ] Pause Final Update Refs (G)         258 us
[9.555s][info][gc,stats    ] Pause Final Update Refs (N)         198 us
[9.555s][info][gc,stats    ]   Update Region States               62 us
[9.555s][info][gc,stats    ]   Trash Collection Set                5 us
[9.555s][info][gc,stats    ]   Rebuild Free Set                   27 us
[9.555s][info][gc,stats    ] Concurrent Cleanup                   40 us
[9.555s][info][gc,stats    ] 
[9.555s][info][gc,stats    ] Allocation pacing accrued:
[9.555s][info][gc,stats    ]       0 of   230 ms (  0.0%): <total>
[9.555s][info][gc,stats    ]       0 of   230 ms (  0.0%): <average total>
[9.555s][info][gc,stats    ] 
[9.555s][info][gc,metaspace] Metaspace: 12328K(12544K)->12328K(12544K) NonClass: 10672K(10752K)->10672K(10752K) Class: 1655K(1792K)->1655K(1792K)
[9.555s][info][gc,ergo     ] Pacer for Idle. Initial: 163M, Alloc Tax Rate: 1.0x
[9.737s][info][gc          ] Trigger: Explicit GC request (System.gc())
[9.737s][info][gc,ergo     ] Free: 7629M, Max: 4096K regular, 7580M humongous, Frag: 0% external, 0% internal; Reserve: 412M, Max: 4096K
[9.737s][info][gc,start    ] GC(39) Concurrent reset
[9.737s][info][gc,task     ] GC(39) Using 1 of 3 workers for concurrent reset
[9.737s][info][gc,ergo     ] GC(39) Pacer for Reset. Non-Taxable: 8192M
[9.737s][info][gc          ] GC(39) Concurrent reset 0.428ms
[9.738s][info][gc,start    ] GC(39) Pause Init Mark (unload classes)
[9.738s][info][gc,task     ] GC(39) Using 3 of 3 workers for init marking
[9.738s][info][gc,ref      ] GC(39) Clearing All SoftReferences
[9.738s][info][gc,ergo     ] GC(39) Pacer for Mark. Expected Live: 25376K, Free: 7629M, Non-Taxable: 762M, Alloc Tax Rate: 0.0x
[9.738s][info][gc          ] GC(39) Pause Init Mark (unload classes) 0.231ms
[9.738s][info][gc,start    ] GC(39) Concurrent marking roots
[9.738s][info][gc,task     ] GC(39) Using 1 of 3 workers for concurrent marking roots
[9.739s][info][gc          ] GC(39) Concurrent marking roots 0.772ms
[9.739s][info][gc,start    ] GC(39) Concurrent marking (unload classes)
[9.739s][info][gc,task     ] GC(39) Using 1 of 3 workers for concurrent marking
[9.759s][info][gc          ] GC(39) Concurrent marking (unload classes) 20.030ms
[9.759s][info][gc,start    ] GC(39) Pause Final Mark (unload classes)
[9.759s][info][gc,task     ] GC(39) Using 3 of 3 workers for final marking
[9.759s][info][gc,ergo     ] GC(39) Collectable Garbage: 116M (92%), Immediate: 116M (92%), CSet: 0B (0%)
[9.759s][info][gc          ] GC(39) Pause Final Mark (unload classes) 0.383ms
[9.759s][info][gc,start    ] GC(39) Concurrent weak references
[9.759s][info][gc,task     ] GC(39) Using 1 of 3 workers for concurrent weak references
[9.759s][info][gc,ref      ] GC(39) Encountered references: Soft: 154, Weak: 720, Final: 0, Phantom: 33
[9.759s][info][gc,ref      ] GC(39) Discovered  references: Soft: 96, Weak: 158, Final: 0, Phantom: 31
[9.759s][info][gc,ref      ] GC(39) Enqueued    references: Soft: 3, Weak: 0, Final: 0, Phantom: 0
[9.759s][info][gc          ] GC(39) Concurrent weak references 0.138ms
[9.759s][info][gc,start    ] GC(39) Concurrent weak roots
[9.759s][info][gc,task     ] GC(39) Using 1 of 3 workers for concurrent weak root
[9.760s][info][gc          ] GC(39) Concurrent weak roots 0.535ms
[9.760s][info][gc,start    ] GC(39) Concurrent cleanup
[9.760s][info][gc          ] GC(39) Concurrent cleanup 150M->34M(8192M) 0.021ms
[9.760s][info][gc,ergo     ] GC(39) Free: 7745M, Max: 4096K regular, 7580M humongous, Frag: 2% external, 0% internal; Reserve: 412M, Max: 4096K
[9.760s][info][gc,start    ] GC(39) Concurrent class unloading
[9.760s][info][gc,task     ] GC(39) Using 1 of 3 workers for concurrent class unloading
[9.762s][info][gc          ] GC(39) Concurrent class unloading 2.124ms
[9.762s][info][gc,start    ] GC(39) Pause Final Roots
[9.762s][info][gc          ] GC(39) Pause Final Roots 0.020ms
[9.762s][info][gc,ergo     ] Free: 7745M, Max: 4096K regular, 7580M humongous, Frag: 2% external, 0% internal; Reserve: 412M, Max: 4096K
[9.762s][info][gc,stats    ] 
[9.762s][info][gc,stats    ] All times are wall-clock times, except per-root-class counters, that are sum over
[9.762s][info][gc,stats    ] all workers. Dividing the <total> over the root stage time estimates parallelism.
[9.762s][info][gc,stats    ] 
[9.762s][info][gc,stats    ] Concurrent Reset                    466 us
[9.762s][info][gc,stats    ] Pause Init Mark (G)                 373 us
[9.763s][info][gc,stats    ] Pause Init Mark (N)                 248 us
[9.763s][info][gc,stats    ]   Update Region States               92 us
[9.763s][info][gc,stats    ] Concurrent Mark Roots               795 us, parallelism: 0.78x
[9.763s][info][gc,stats    ]   CMR: <total>                      622 us
[9.763s][info][gc,stats    ]   CMR: Thread Roots                 551 us, workers (us): 551, ---, ---, 
[9.763s][info][gc,stats    ]   CMR: VM Strong Roots                8 us, workers (us):   8, ---, ---, 
[9.763s][info][gc,stats    ]   CMR: CLDG Roots                    63 us, workers (us):  63, ---, ---, 
[9.763s][info][gc,stats    ] Concurrent Marking                20097 us
[9.763s][info][gc,stats    ] Pause Final Mark (G)                537 us
[9.763s][info][gc,stats    ] Pause Final Mark (N)                415 us
[9.763s][info][gc,stats    ]   Finish Mark                       128 us
[9.763s][info][gc,stats    ]   Update Region States               75 us
[9.763s][info][gc,stats    ]   Choose Collection Set              73 us
[9.763s][info][gc,stats    ]   Rebuild Free Set                   21 us
[9.763s][info][gc,stats    ] Concurrent Weak References          146 us, parallelism: 0.04x
[9.763s][info][gc,stats    ]   CWRF: <total>                       6 us
[9.763s][info][gc,stats    ]   CWRF: Weak References               6 us, workers (us):   6, ---, ---, 
[9.763s][info][gc,stats    ] Concurrent Weak Roots               554 us
[9.763s][info][gc,stats    ]   Roots                             414 us, parallelism: 0.87x
[9.763s][info][gc,stats    ]     CWR: <total>                    362 us
[9.763s][info][gc,stats    ]     CWR: Code Cache Roots           298 us, workers (us): 298, ---, ---, 
[9.763s][info][gc,stats    ]     CWR: VM Weak Roots               59 us, workers (us):  59, ---, ---, 
[9.763s][info][gc,stats    ]     CWR: CLDG Roots                   5 us, workers (us):   5, ---, ---, 
[9.763s][info][gc,stats    ]   Rendezvous                        104 us
[9.763s][info][gc,stats    ] Concurrent Cleanup                   29 us
[9.763s][info][gc,stats    ] Concurrent Class Unloading         2173 us
[9.763s][info][gc,stats    ]   Unlink Stale                     1802 us
[9.763s][info][gc,stats    ]     System Dictionary                 3 us
[9.763s][info][gc,stats    ]     Weak Class Links                  0 us
[9.763s][info][gc,stats    ]     Code Roots                     1798 us
[9.763s][info][gc,stats    ]   Rendezvous                        160 us
[9.763s][info][gc,stats    ]   Purge Unlinked                    143 us
[9.763s][info][gc,stats    ]     Code Roots                      134 us
[9.763s][info][gc,stats    ]     CLDG                              8 us
[9.763s][info][gc,stats    ]     Exception Caches                  0 us
[9.763s][info][gc,stats    ] Pause Final Roots (G)                97 us
[9.763s][info][gc,stats    ] Pause Final Roots (N)                28 us
[9.763s][info][gc,stats    ] 
[9.763s][info][gc,stats    ] Allocation pacing accrued:
[9.763s][info][gc,stats    ]       0 of   208 ms (  0.0%): <total>
[9.763s][info][gc,stats    ]       0 of   208 ms (  0.0%): <average total>
[9.763s][info][gc,stats    ] 
[9.763s][info][gc,metaspace] Metaspace: 12331K(12544K)->12331K(12544K) NonClass: 10675K(10752K)->10675K(10752K) Class: 1655K(1792K)->1655K(1792K)
[9.763s][info][gc,ergo     ] Pacer for Idle. Initial: 163M, Alloc Tax Rate: 1.0x
[9.941s][info][gc          ] Trigger: Explicit GC request (System.gc())
[9.941s][info][gc,ergo     ] Free: 7621M, Max: 4096K regular, 7572M humongous, Frag: 0% external, 0% internal; Reserve: 412M, Max: 4096K
[9.941s][info][gc,start    ] GC(40) Concurrent reset
[9.941s][info][gc,task     ] GC(40) Using 1 of 3 workers for concurrent reset
[9.941s][info][gc,ergo     ] GC(40) Pacer for Reset. Non-Taxable: 8192M
[9.942s][info][gc          ] GC(40) Concurrent reset 0.410ms
[9.942s][info][gc,start    ] GC(40) Pause Init Mark (unload classes)
[9.942s][info][gc,task     ] GC(40) Using 3 of 3 workers for init marking
[9.942s][info][gc,ref      ] GC(40) Clearing All SoftReferences
[9.942s][info][gc,ergo     ] GC(40) Pacer for Mark. Expected Live: 25377K, Free: 7621M, Non-Taxable: 762M, Alloc Tax Rate: 0.0x
[9.942s][info][gc          ] GC(40) Pause Init Mark (unload classes) 0.145ms
[9.942s][info][gc,start    ] GC(40) Concurrent marking roots
[9.942s][info][gc,task     ] GC(40) Using 1 of 3 workers for concurrent marking roots
[9.942s][info][gc          ] GC(40) Concurrent marking roots 0.474ms
[9.942s][info][gc,start    ] GC(40) Concurrent marking (unload classes)
[9.942s][info][gc,task     ] GC(40) Using 1 of 3 workers for concurrent marking
[9.962s][info][gc          ] GC(40) Concurrent marking (unload classes) 20.008ms
[9.963s][info][gc,start    ] GC(40) Pause Final Mark (unload classes)
[9.963s][info][gc,task     ] GC(40) Using 3 of 3 workers for final marking
[9.963s][info][gc,ergo     ] GC(40) Collectable Garbage: 124M (93%), Immediate: 124M (93%), CSet: 0B (0%)
[9.963s][info][gc          ] GC(40) Pause Final Mark (unload classes) 0.385ms
[9.963s][info][gc,start    ] GC(40) Concurrent weak references
[9.963s][info][gc,task     ] GC(40) Using 1 of 3 workers for concurrent weak references
[9.963s][info][gc,ref      ] GC(40) Encountered references: Soft: 154, Weak: 720, Final: 0, Phantom: 33
[9.963s][info][gc,ref      ] GC(40) Discovered  references: Soft: 96, Weak: 158, Final: 0, Phantom: 31
[9.963s][info][gc,ref      ] GC(40) Enqueued    references: Soft: 3, Weak: 0, Final: 0, Phantom: 0
[9.963s][info][gc          ] GC(40) Concurrent weak references 0.124ms
[9.963s][info][gc,start    ] GC(40) Concurrent weak roots
[9.963s][info][gc,task     ] GC(40) Using 1 of 3 workers for concurrent weak root
[9.964s][info][gc          ] GC(40) Concurrent weak roots 0.673ms
[9.964s][info][gc,start    ] GC(40) Concurrent cleanup
[9.964s][info][gc          ] GC(40) Concurrent cleanup 158M->34M(8192M) 0.024ms
[9.964s][info][gc,ergo     ] GC(40) Free: 7745M, Max: 4096K regular, 7572M humongous, Frag: 2% external, 0% internal; Reserve: 412M, Max: 4096K
[9.964s][info][gc,start    ] GC(40) Concurrent class unloading
[9.964s][info][gc,task     ] GC(40) Using 1 of 3 workers for concurrent class unloading
[9.966s][info][gc          ] GC(40) Concurrent class unloading 1.982ms
[9.966s][info][gc,start    ] GC(40) Pause Final Roots
[9.966s][info][gc          ] GC(40) Pause Final Roots 0.020ms
[9.966s][info][gc,ergo     ] Free: 7745M, Max: 4096K regular, 7572M humongous, Frag: 2% external, 0% internal; Reserve: 412M, Max: 4096K
[9.966s][info][gc,stats    ] 
[9.966s][info][gc,stats    ] All times are wall-clock times, except per-root-class counters, that are sum over
[9.966s][info][gc,stats    ] all workers. Dividing the <total> over the root stage time estimates parallelism.
[9.966s][info][gc,stats    ] 
[9.966s][info][gc,stats    ] Concurrent Reset                    448 us
[9.966s][info][gc,stats    ] Pause Init Mark (G)                 241 us
[9.966s][info][gc,stats    ] Pause Init Mark (N)                 154 us
[9.966s][info][gc,stats    ]   Update Region States               68 us
[9.966s][info][gc,stats    ] Concurrent Mark Roots               515 us, parallelism: 0.64x
[9.966s][info][gc,stats    ]   CMR: <total>                      328 us
[9.966s][info][gc,stats    ]   CMR: Thread Roots                 283 us, workers (us): 283, ---, ---, 
[9.966s][info][gc,stats    ]   CMR: VM Strong Roots                5 us, workers (us):   5, ---, ---, 
[9.966s][info][gc,stats    ]   CMR: CLDG Roots                    40 us, workers (us):  40, ---, ---, 
[9.966s][info][gc,stats    ] Concurrent Marking                20075 us
[9.966s][info][gc,stats    ] Pause Final Mark (G)                519 us
[9.966s][info][gc,stats    ] Pause Final Mark (N)                410 us
[9.966s][info][gc,stats    ]   Finish Mark                        98 us
[9.966s][info][gc,stats    ]   Update Region States              102 us
[9.966s][info][gc,stats    ]   Choose Collection Set              73 us
[9.966s][info][gc,stats    ]   Rebuild Free Set                   21 us
[9.966s][info][gc,stats    ] Concurrent Weak References          131 us, parallelism: 0.06x
[9.966s][info][gc,stats    ]   CWRF: <total>                       7 us
[9.966s][info][gc,stats    ]   CWRF: Weak References               7 us, workers (us):   7, ---, ---, 
[9.966s][info][gc,stats    ] Concurrent Weak Roots               694 us
[9.966s][info][gc,stats    ]   Roots                             553 us, parallelism: 0.88x
[9.966s][info][gc,stats    ]     CWR: <total>                    485 us
[9.966s][info][gc,stats    ]     CWR: Code Cache Roots           369 us, workers (us): 369, ---, ---, 
[9.967s][info][gc,stats    ]     CWR: VM Weak Roots              110 us, workers (us): 110, ---, ---, 
[9.967s][info][gc,stats    ]     CWR: CLDG Roots                   6 us, workers (us):   6, ---, ---, 
[9.967s][info][gc,stats    ]   Rendezvous                        104 us
[9.967s][info][gc,stats    ] Concurrent Cleanup                   32 us
[9.967s][info][gc,stats    ] Concurrent Class Unloading         2040 us
[9.967s][info][gc,stats    ]   Unlink Stale                     1751 us
[9.967s][info][gc,stats    ]     System Dictionary                 4 us
[9.967s][info][gc,stats    ]     Weak Class Links                  0 us
[9.967s][info][gc,stats    ]     Code Roots                     1746 us
[9.967s][info][gc,stats    ]   Rendezvous                         56 us
[9.967s][info][gc,stats    ]   Purge Unlinked                    147 us
[9.967s][info][gc,stats    ]     Code Roots                      138 us
[9.967s][info][gc,stats    ]     CLDG                              9 us
[9.967s][info][gc,stats    ]     Exception Caches                  0 us
[9.967s][info][gc,stats    ] Pause Final Roots (G)                97 us
[9.967s][info][gc,stats    ] Pause Final Roots (N)                28 us
[9.967s][info][gc,stats    ] 
[9.967s][info][gc,stats    ] Allocation pacing accrued:
[9.967s][info][gc,stats    ]       0 of   204 ms (  0.0%): <total>
[9.967s][info][gc,stats    ]       0 of   204 ms (  0.0%): <average total>
[9.967s][info][gc,stats    ] 
[9.967s][info][gc,metaspace] Metaspace: 12331K(12544K)->12331K(12544K) NonClass: 10675K(10752K)->10675K(10752K) Class: 1655K(1792K)->1655K(1792K)
[9.967s][info][gc,ergo     ] Pacer for Idle. Initial: 163M, Alloc Tax Rate: 1.0x
[10.145s][info][gc          ] Trigger: Explicit GC request (System.gc())
[10.146s][info][gc,ergo     ] Free: 7621M, Max: 4096K regular, 7572M humongous, Frag: 0% external, 0% internal; Reserve: 412M, Max: 4096K
[10.146s][info][gc,start    ] GC(41) Concurrent reset
[10.146s][info][gc,task     ] GC(41) Using 1 of 3 workers for concurrent reset
[10.146s][info][gc,ergo     ] GC(41) Pacer for Reset. Non-Taxable: 8192M
[10.146s][info][gc          ] GC(41) Concurrent reset 0.272ms
[10.146s][info][gc,start    ] GC(41) Pause Init Mark (unload classes)
[10.146s][info][gc,task     ] GC(41) Using 3 of 3 workers for init marking
[10.146s][info][gc,ref      ] GC(41) Clearing All SoftReferences
[10.146s][info][gc,ergo     ] GC(41) Pacer for Mark. Expected Live: 25377K, Free: 7621M, Non-Taxable: 762M, Alloc Tax Rate: 0.0x
[10.146s][info][gc          ] GC(41) Pause Init Mark (unload classes) 0.212ms
[10.146s][info][gc,start    ] GC(41) Concurrent marking roots
[10.146s][info][gc,task     ] GC(41) Using 1 of 3 workers for concurrent marking roots
[10.147s][info][gc          ] GC(41) Concurrent marking roots 0.774ms
[10.147s][info][gc,start    ] GC(41) Concurrent marking (unload classes)
[10.147s][info][gc,task     ] GC(41) Using 1 of 3 workers for concurrent marking
[10.167s][info][gc          ] GC(41) Concurrent marking (unload classes) 19.779ms
[10.167s][info][gc,start    ] GC(41) Pause Final Mark (unload classes)
[10.167s][info][gc,task     ] GC(41) Using 3 of 3 workers for final marking
[10.167s][info][gc,ergo     ] GC(41) Collectable Garbage: 123M (93%), Immediate: 123M (93%), CSet: 0B (0%)
[10.167s][info][gc          ] GC(41) Pause Final Mark (unload classes) 0.464ms
[10.167s][info][gc,start    ] GC(41) Concurrent weak references
[10.167s][info][gc,task     ] GC(41) Using 1 of 3 workers for concurrent weak references
[10.168s][info][gc,ref      ] GC(41) Encountered references: Soft: 154, Weak: 720, Final: 0, Phantom: 33
[10.168s][info][gc,ref      ] GC(41) Discovered  references: Soft: 96, Weak: 158, Final: 0, Phantom: 31
[10.168s][info][gc,ref      ] GC(41) Enqueued    references: Soft: 3, Weak: 0, Final: 0, Phantom: 0
[10.168s][info][gc          ] GC(41) Concurrent weak references 0.165ms
[10.168s][info][gc,start    ] GC(41) Concurrent weak roots
[10.168s][info][gc,task     ] GC(41) Using 1 of 3 workers for concurrent weak root
[10.168s][info][gc          ] GC(41) Concurrent weak roots 0.751ms
[10.168s][info][gc,start    ] GC(41) Concurrent cleanup
[10.168s][info][gc          ] GC(41) Concurrent cleanup 158M->34M(8192M) 0.042ms
[10.168s][info][gc,ergo     ] GC(41) Free: 7745M, Max: 4096K regular, 7576M humongous, Frag: 2% external, 0% internal; Reserve: 412M, Max: 4096K
[10.168s][info][gc,start    ] GC(41) Concurrent class unloading
[10.168s][info][gc,task     ] GC(41) Using 1 of 3 workers for concurrent class unloading
[10.170s][info][gc          ] GC(41) Concurrent class unloading 1.948ms
[10.171s][info][gc,start    ] GC(41) Pause Final Roots
[10.171s][info][gc          ] GC(41) Pause Final Roots 0.054ms
[10.171s][info][gc,ergo     ] Free: 7745M, Max: 4096K regular, 7576M humongous, Frag: 2% external, 0% internal; Reserve: 412M, Max: 4096K
[10.171s][info][gc,stats    ] 
[10.171s][info][gc,stats    ] All times are wall-clock times, except per-root-class counters, that are sum over
[10.171s][info][gc,stats    ] all workers. Dividing the <total> over the root stage time estimates parallelism.
[10.171s][info][gc,stats    ] 
[10.171s][info][gc,stats    ] Concurrent Reset                    296 us
[10.171s][info][gc,stats    ] Pause Init Mark (G)                 331 us
[10.171s][info][gc,stats    ] Pause Init Mark (N)                 221 us
[10.171s][info][gc,stats    ]   Update Region States               81 us
[10.171s][info][gc,stats    ] Concurrent Mark Roots               805 us, parallelism: 0.81x
[10.171s][info][gc,stats    ]   CMR: <total>                      656 us
[10.171s][info][gc,stats    ]   CMR: Thread Roots                 583 us, workers (us): 583, ---, ---, 
[10.171s][info][gc,stats    ]   CMR: VM Strong Roots                6 us, workers (us):   6, ---, ---, 
[10.171s][info][gc,stats    ]   CMR: CLDG Roots                    67 us, workers (us):  67, ---, ---, 
[10.171s][info][gc,stats    ] Concurrent Marking                19832 us
[10.171s][info][gc,stats    ] Pause Final Mark (G)                595 us
[10.171s][info][gc,stats    ] Pause Final Mark (N)                489 us
[10.171s][info][gc,stats    ]   Finish Mark                       159 us
[10.171s][info][gc,stats    ]   Update Region States              123 us
[10.171s][info][gc,stats    ]   Choose Collection Set              74 us
[10.171s][info][gc,stats    ]   Rebuild Free Set                   21 us
[10.171s][info][gc,stats    ] Concurrent Weak References          173 us, parallelism: 0.09x
[10.171s][info][gc,stats    ]   CWRF: <total>                      15 us
[10.171s][info][gc,stats    ]   CWRF: Weak References              15 us, workers (us):  15, ---, ---, 
[10.171s][info][gc,stats    ] Concurrent Weak Roots               789 us
[10.171s][info][gc,stats    ]   Roots                             646 us, parallelism: 0.88x
[10.171s][info][gc,stats    ]     CWR: <total>                    571 us
[10.171s][info][gc,stats    ]     CWR: Code Cache Roots           452 us, workers (us): 452, ---, ---, 
[10.171s][info][gc,stats    ]     CWR: VM Weak Roots              111 us, workers (us): 111, ---, ---, 
[10.171s][info][gc,stats    ]     CWR: CLDG Roots                   7 us, workers (us):   7, ---, ---, 
[10.171s][info][gc,stats    ]   Rendezvous                         88 us
[10.171s][info][gc,stats    ] Concurrent Cleanup                   51 us
[10.171s][info][gc,stats    ] Concurrent Class Unloading         1995 us
[10.171s][info][gc,stats    ]   Unlink Stale                     1681 us
[10.171s][info][gc,stats    ]     System Dictionary                 5 us
[10.171s][info][gc,stats    ]     Weak Class Links                  1 us
[10.171s][info][gc,stats    ]     Code Roots                     1674 us
[10.171s][info][gc,stats    ]   Rendezvous                        122 us
[10.171s][info][gc,stats    ]   Purge Unlinked                    126 us
[10.171s][info][gc,stats    ]     Code Roots                      117 us
[10.171s][info][gc,stats    ]     CLDG                              8 us
[10.171s][info][gc,stats    ]     Exception Caches                  0 us
[10.171s][info][gc,stats    ] Pause Final Roots (G)               194 us
[10.171s][info][gc,stats    ] Pause Final Roots (N)                77 us
[10.171s][info][gc,stats    ] 
[10.171s][info][gc,stats    ] Allocation pacing accrued:
[10.171s][info][gc,stats    ]       0 of   205 ms (  0.0%): <total>
[10.171s][info][gc,stats    ]       0 of   205 ms (  0.0%): <average total>
[10.171s][info][gc,stats    ] 
[10.171s][info][gc,metaspace] Metaspace: 12331K(12544K)->12336K(12544K) NonClass: 10675K(10752K)->10680K(10752K) Class: 1655K(1792K)->1655K(1792K)
[10.171s][info][gc,ergo     ] Pacer for Idle. Initial: 163M, Alloc Tax Rate: 1.0x
[10.351s][info][gc          ] Trigger: Explicit GC request (System.gc())
[10.351s][info][gc,ergo     ] Free: 7621M, Max: 4096K regular, 7572M humongous, Frag: 0% external, 0% internal; Reserve: 412M, Max: 4096K
[10.351s][info][gc,start    ] GC(42) Concurrent reset
[10.351s][info][gc,task     ] GC(42) Using 1 of 3 workers for concurrent reset
[10.351s][info][gc,ergo     ] GC(42) Pacer for Reset. Non-Taxable: 8192M
[10.351s][info][gc          ] GC(42) Concurrent reset 0.348ms
[10.351s][info][gc,start    ] GC(42) Pause Init Mark (unload classes)
[10.351s][info][gc,task     ] GC(42) Using 3 of 3 workers for init marking
[10.352s][info][gc,ref      ] GC(42) Clearing All SoftReferences
[10.352s][info][gc,ergo     ] GC(42) Pacer for Mark. Expected Live: 25377K, Free: 7621M, Non-Taxable: 762M, Alloc Tax Rate: 0.0x
[10.352s][info][gc          ] GC(42) Pause Init Mark (unload classes) 0.249ms
[10.352s][info][gc,start    ] GC(42) Concurrent marking roots
[10.352s][info][gc,task     ] GC(42) Using 1 of 3 workers for concurrent marking roots
[10.352s][info][gc          ] GC(42) Concurrent marking roots 0.370ms
[10.352s][info][gc,start    ] GC(42) Concurrent marking (unload classes)
[10.352s][info][gc,task     ] GC(42) Using 1 of 3 workers for concurrent marking
[10.372s][info][gc          ] GC(42) Concurrent marking (unload classes) 20.020ms
[10.372s][info][gc,start    ] GC(42) Pause Final Mark (unload classes)
[10.372s][info][gc,task     ] GC(42) Using 3 of 3 workers for final marking
[10.373s][info][gc,ergo     ] GC(42) Collectable Garbage: 124M (93%), Immediate: 124M (93%), CSet: 0B (0%)
[10.373s][info][gc          ] GC(42) Pause Final Mark (unload classes) 0.375ms
[10.373s][info][gc,start    ] GC(42) Concurrent weak references
[10.373s][info][gc,task     ] GC(42) Using 1 of 3 workers for concurrent weak references
[10.373s][info][gc,ref      ] GC(42) Encountered references: Soft: 154, Weak: 720, Final: 0, Phantom: 33
[10.373s][info][gc,ref      ] GC(42) Discovered  references: Soft: 96, Weak: 158, Final: 0, Phantom: 31
[10.373s][info][gc,ref      ] GC(42) Enqueued    references: Soft: 3, Weak: 0, Final: 0, Phantom: 0
[10.373s][info][gc          ] GC(42) Concurrent weak references 0.085ms
[10.373s][info][gc,start    ] GC(42) Concurrent weak roots
[10.373s][info][gc,task     ] GC(42) Using 1 of 3 workers for concurrent weak root
[10.373s][info][gc          ] GC(42) Concurrent weak roots 0.504ms
[10.373s][info][gc,start    ] GC(42) Concurrent cleanup
[10.373s][info][gc          ] GC(42) Concurrent cleanup 158M->34M(8192M) 0.020ms
[10.373s][info][gc,ergo     ] GC(42) Free: 7745M, Max: 4096K regular, 7572M humongous, Frag: 2% external, 0% internal; Reserve: 412M, Max: 4096K
[10.373s][info][gc,start    ] GC(42) Concurrent class unloading
[10.373s][info][gc,task     ] GC(42) Using 1 of 3 workers for concurrent class unloading
[10.375s][info][gc          ] GC(42) Concurrent class unloading 2.004ms
[10.375s][info][gc,start    ] GC(42) Pause Final Roots
[10.375s][info][gc          ] GC(42) Pause Final Roots 0.020ms
[10.375s][info][gc,ergo     ] Free: 7745M, Max: 4096K regular, 7572M humongous, Frag: 2% external, 0% internal; Reserve: 412M, Max: 4096K
[10.375s][info][gc,stats    ] 
[10.375s][info][gc,stats    ] All times are wall-clock times, except per-root-class counters, that are sum over
[10.375s][info][gc,stats    ] all workers. Dividing the <total> over the root stage time estimates parallelism.
[10.375s][info][gc,stats    ] 
[10.376s][info][gc,stats    ] Concurrent Reset                    406 us
[10.376s][info][gc,stats    ] Pause Init Mark (G)                 375 us
[10.376s][info][gc,stats    ] Pause Init Mark (N)                 270 us
[10.376s][info][gc,stats    ]   Update Region States               95 us
[10.376s][info][gc,stats    ] Concurrent Mark Roots               379 us, parallelism: 0.82x
[10.376s][info][gc,stats    ]   CMR: <total>                      311 us
[10.376s][info][gc,stats    ]   CMR: Thread Roots                 276 us, workers (us): 276, ---, ---, 
[10.376s][info][gc,stats    ]   CMR: VM Strong Roots                3 us, workers (us):   3, ---, ---, 
[10.376s][info][gc,stats    ]   CMR: CLDG Roots                    32 us, workers (us):  32, ---, ---, 
[10.376s][info][gc,stats    ] Concurrent Marking                20081 us
[10.376s][info][gc,stats    ] Pause Final Mark (G)                491 us
[10.376s][info][gc,stats    ] Pause Final Mark (N)                400 us
[10.376s][info][gc,stats    ]   Finish Mark                        96 us
[10.376s][info][gc,stats    ]   Update Region States               96 us
[10.376s][info][gc,stats    ]   Choose Collection Set              74 us
[10.376s][info][gc,stats    ]   Rebuild Free Set                   22 us
[10.376s][info][gc,stats    ] Concurrent Weak References           92 us, parallelism: 0.07x
[10.376s][info][gc,stats    ]   CWRF: <total>                       6 us
[10.376s][info][gc,stats    ]   CWRF: Weak References               6 us, workers (us):   6, ---, ---, 
[10.376s][info][gc,stats    ] Concurrent Weak Roots               514 us
[10.376s][info][gc,stats    ]   Roots                             401 us, parallelism: 0.91x
[10.376s][info][gc,stats    ]     CWR: <total>                    366 us
[10.376s][info][gc,stats    ]     CWR: Code Cache Roots           300 us, workers (us): 300, ---, ---, 
[10.376s][info][gc,stats    ]     CWR: VM Weak Roots               60 us, workers (us):  60, ---, ---, 
[10.376s][info][gc,stats    ]     CWR: CLDG Roots                   5 us, workers (us):   5, ---, ---, 
[10.376s][info][gc,stats    ]   Rendezvous                         88 us
[10.376s][info][gc,stats    ] Concurrent Cleanup                   28 us
[10.376s][info][gc,stats    ] Concurrent Class Unloading         2027 us
[10.376s][info][gc,stats    ]   Unlink Stale                     1683 us
[10.376s][info][gc,stats    ]     System Dictionary                 3 us
[10.376s][info][gc,stats    ]     Weak Class Links                  0 us
[10.376s][info][gc,stats    ]     Code Roots                     1679 us
[10.376s][info][gc,stats    ]   Rendezvous                        231 us
[10.376s][info][gc,stats    ]   Purge Unlinked                     74 us
[10.376s][info][gc,stats    ]     Code Roots                       69 us
[10.376s][info][gc,stats    ]     CLDG                              5 us
[10.376s][info][gc,stats    ]     Exception Caches                  0 us
[10.376s][info][gc,stats    ] Pause Final Roots (G)                69 us
[10.376s][info][gc,stats    ] Pause Final Roots (N)                28 us
[10.376s][info][gc,stats    ] 
[10.376s][info][gc,stats    ] Allocation pacing accrued:
[10.376s][info][gc,stats    ]       0 of   205 ms (  0.0%): <total>
[10.376s][info][gc,stats    ]       0 of   205 ms (  0.0%): <average total>
[10.376s][info][gc,stats    ] 
[10.376s][info][gc,metaspace] Metaspace: 12340K(12544K)->12340K(12544K) NonClass: 10684K(10752K)->10684K(10752K) Class: 1655K(1792K)->1655K(1792K)
[10.376s][info][gc,ergo     ] Pacer for Idle. Initial: 163M, Alloc Tax Rate: 1.0x
[10.571s][info][gc          ] Trigger: Explicit GC request (System.gc())
[10.571s][info][gc,ergo     ] Free: 7621M, Max: 4096K regular, 7572M humongous, Frag: 0% external, 0% internal; Reserve: 412M, Max: 4096K
[10.571s][info][gc,start    ] GC(43) Concurrent reset
[10.571s][info][gc,task     ] GC(43) Using 1 of 3 workers for concurrent reset
[10.571s][info][gc,ergo     ] GC(43) Pacer for Reset. Non-Taxable: 8192M
[10.571s][info][gc          ] GC(43) Concurrent reset 0.370ms
[10.571s][info][gc,start    ] GC(43) Pause Init Mark (unload classes)
[10.571s][info][gc,task     ] GC(43) Using 3 of 3 workers for init marking
[10.571s][info][gc,ref      ] GC(43) Clearing All SoftReferences
[10.571s][info][gc,ergo     ] GC(43) Pacer for Mark. Expected Live: 25377K, Free: 7621M, Non-Taxable: 762M, Alloc Tax Rate: 0.0x
[10.571s][info][gc          ] GC(43) Pause Init Mark (unload classes) 0.177ms
[10.572s][info][gc,start    ] GC(43) Concurrent marking roots
[10.572s][info][gc,task     ] GC(43) Using 1 of 3 workers for concurrent marking roots
[10.572s][info][gc          ] GC(43) Concurrent marking roots 0.694ms
[10.572s][info][gc,start    ] GC(43) Concurrent marking (unload classes)
[10.572s][info][gc,task     ] GC(43) Using 1 of 3 workers for concurrent marking
[10.593s][info][gc          ] GC(43) Concurrent marking (unload classes) 20.311ms
[10.593s][info][gc,start    ] GC(43) Pause Final Mark (unload classes)
[10.593s][info][gc,task     ] GC(43) Using 3 of 3 workers for final marking
[10.593s][info][gc,ergo     ] GC(43) Collectable Garbage: 123M (93%), Immediate: 123M (93%), CSet: 0B (0%)
[10.593s][info][gc          ] GC(43) Pause Final Mark (unload classes) 0.386ms
[10.593s][info][gc,start    ] GC(43) Concurrent weak references
[10.593s][info][gc,task     ] GC(43) Using 1 of 3 workers for concurrent weak references
[10.593s][info][gc,ref      ] GC(43) Encountered references: Soft: 154, Weak: 720, Final: 0, Phantom: 33
[10.593s][info][gc,ref      ] GC(43) Discovered  references: Soft: 96, Weak: 158, Final: 0, Phantom: 31
[10.593s][info][gc,ref      ] GC(43) Enqueued    references: Soft: 3, Weak: 0, Final: 0, Phantom: 0
[10.593s][info][gc          ] GC(43) Concurrent weak references 0.125ms
[10.593s][info][gc,start    ] GC(43) Concurrent weak roots
[10.593s][info][gc,task     ] GC(43) Using 1 of 3 workers for concurrent weak root
[10.594s][info][gc          ] GC(43) Concurrent weak roots 0.538ms
[10.594s][info][gc,start    ] GC(43) Concurrent cleanup
[10.594s][info][gc          ] GC(43) Concurrent cleanup 158M->34M(8192M) 0.022ms
[10.594s][info][gc,ergo     ] GC(43) Free: 7745M, Max: 4096K regular, 7576M humongous, Frag: 2% external, 0% internal; Reserve: 412M, Max: 4096K
[10.594s][info][gc,start    ] GC(43) Concurrent class unloading
[10.594s][info][gc,task     ] GC(43) Using 1 of 3 workers for concurrent class unloading
[10.597s][info][gc          ] GC(43) Concurrent class unloading 2.613ms
[10.597s][info][gc,start    ] GC(43) Pause Final Roots
[10.597s][info][gc          ] GC(43) Pause Final Roots 0.052ms
[10.597s][info][gc,ergo     ] Free: 7745M, Max: 4096K regular, 7576M humongous, Frag: 2% external, 0% internal; Reserve: 412M, Max: 4096K
[10.597s][info][gc,stats    ] 
[10.597s][info][gc,stats    ] All times are wall-clock times, except per-root-class counters, that are sum over
[10.597s][info][gc,stats    ] all workers. Dividing the <total> over the root stage time estimates parallelism.
[10.597s][info][gc,stats    ] 
[10.597s][info][gc,stats    ] Concurrent Reset                    389 us
[10.597s][info][gc,stats    ] Pause Init Mark (G)                 311 us
[10.597s][info][gc,stats    ] Pause Init Mark (N)                 184 us
[10.597s][info][gc,stats    ]   Update Region States               91 us
[10.597s][info][gc,stats    ] Concurrent Mark Roots               724 us, parallelism: 0.67x
[10.597s][info][gc,stats    ]   CMR: <total>                      482 us
[10.597s][info][gc,stats    ]   CMR: Thread Roots                 396 us, workers (us): 396, ---, ---, 
[10.597s][info][gc,stats    ]   CMR: VM Strong Roots                9 us, workers (us):   9, ---, ---, 
[10.597s][info][gc,stats    ]   CMR: CLDG Roots                    77 us, workers (us):  77, ---, ---, 
[10.597s][info][gc,stats    ] Concurrent Marking                20377 us
[10.597s][info][gc,stats    ] Pause Final Mark (G)                516 us
[10.597s][info][gc,stats    ] Pause Final Mark (N)                411 us
[10.597s][info][gc,stats    ]   Finish Mark                       132 us
[10.597s][info][gc,stats    ]   Update Region States               75 us
[10.597s][info][gc,stats    ]   Choose Collection Set              72 us
[10.597s][info][gc,stats    ]   Rebuild Free Set                   21 us
[10.597s][info][gc,stats    ] Concurrent Weak References          133 us, parallelism: 0.09x
[10.597s][info][gc,stats    ]   CWRF: <total>                      12 us
[10.597s][info][gc,stats    ]   CWRF: Weak References              12 us, workers (us):  12, ---, ---, 
[10.597s][info][gc,stats    ] Concurrent Weak Roots               557 us
[10.597s][info][gc,stats    ]   Roots                             419 us, parallelism: 0.88x
[10.597s][info][gc,stats    ]     CWR: <total>                    367 us
[10.597s][info][gc,stats    ]     CWR: Code Cache Roots           303 us, workers (us): 303, ---, ---, 
[10.597s][info][gc,stats    ]     CWR: VM Weak Roots               60 us, workers (us):  60, ---, ---, 
[10.597s][info][gc,stats    ]     CWR: CLDG Roots                   5 us, workers (us):   5, ---, ---, 
[10.597s][info][gc,stats    ]   Rendezvous                        104 us
[10.597s][info][gc,stats    ] Concurrent Cleanup                   30 us
[10.597s][info][gc,stats    ] Concurrent Class Unloading         2663 us
[10.597s][info][gc,stats    ]   Unlink Stale                     2028 us
[10.597s][info][gc,stats    ]     System Dictionary                 4 us
[10.597s][info][gc,stats    ]     Weak Class Links                  0 us
[10.597s][info][gc,stats    ]     Code Roots                     2023 us
[10.597s][info][gc,stats    ]   Rendezvous                        463 us
[10.597s][info][gc,stats    ]   Purge Unlinked                    104 us
[10.597s][info][gc,stats    ]     Code Roots                       94 us
[10.597s][info][gc,stats    ]     CLDG                              9 us
[10.597s][info][gc,stats    ]     Exception Caches                  0 us
[10.597s][info][gc,stats    ] Pause Final Roots (G)               297 us
[10.597s][info][gc,stats    ] Pause Final Roots (N)               180 us
[10.597s][info][gc,stats    ] 
[10.597s][info][gc,stats    ] Allocation pacing accrued:
[10.597s][info][gc,stats    ]       0 of   221 ms (  0.0%): <total>
[10.597s][info][gc,stats    ]       0 of   221 ms (  0.0%): <average total>
[10.597s][info][gc,stats    ] 
[10.597s][info][gc,metaspace] Metaspace: 12346K(12608K)->12346K(12608K) NonClass: 10690K(10816K)->10690K(10816K) Class: 1655K(1792K)->1655K(1792K)
[10.597s][info][gc,ergo     ] Pacer for Idle. Initial: 163M, Alloc Tax Rate: 1.0x
[10.775s][info][gc          ] Trigger: Explicit GC request (System.gc())
[10.775s][info][gc,ergo     ] Free: 7621M, Max: 4096K regular, 7572M humongous, Frag: 0% external, 0% internal; Reserve: 412M, Max: 4096K
[10.775s][info][gc,start    ] GC(44) Concurrent reset
[10.775s][info][gc,task     ] GC(44) Using 1 of 3 workers for concurrent reset
[10.775s][info][gc,ergo     ] GC(44) Pacer for Reset. Non-Taxable: 8192M
[10.775s][info][gc          ] GC(44) Concurrent reset 0.298ms
[10.775s][info][gc,start    ] GC(44) Pause Init Mark (unload classes)
[10.775s][info][gc,task     ] GC(44) Using 3 of 3 workers for init marking
[10.775s][info][gc,ref      ] GC(44) Clearing All SoftReferences
[10.775s][info][gc,ergo     ] GC(44) Pacer for Mark. Expected Live: 25377K, Free: 7621M, Non-Taxable: 762M, Alloc Tax Rate: 0.0x
[10.775s][info][gc          ] GC(44) Pause Init Mark (unload classes) 0.138ms
[10.775s][info][gc,start    ] GC(44) Concurrent marking roots
[10.776s][info][gc,task     ] GC(44) Using 1 of 3 workers for concurrent marking roots
[10.776s][info][gc          ] GC(44) Concurrent marking roots 0.748ms
[10.776s][info][gc,start    ] GC(44) Concurrent marking (unload classes)
[10.776s][info][gc,task     ] GC(44) Using 1 of 3 workers for concurrent marking
[10.796s][info][gc          ] GC(44) Concurrent marking (unload classes) 19.939ms
[10.796s][info][gc,start    ] GC(44) Pause Final Mark (unload classes)
[10.796s][info][gc,task     ] GC(44) Using 3 of 3 workers for final marking
[10.797s][info][gc,ergo     ] GC(44) Collectable Garbage: 124M (93%), Immediate: 124M (93%), CSet: 0B (0%)
[10.797s][info][gc          ] GC(44) Pause Final Mark (unload classes) 0.406ms
[10.797s][info][gc,start    ] GC(44) Concurrent weak references
[10.797s][info][gc,task     ] GC(44) Using 1 of 3 workers for concurrent weak references
[10.797s][info][gc,ref      ] GC(44) Encountered references: Soft: 154, Weak: 720, Final: 0, Phantom: 33
[10.797s][info][gc,ref      ] GC(44) Discovered  references: Soft: 96, Weak: 158, Final: 0, Phantom: 31
[10.797s][info][gc,ref      ] GC(44) Enqueued    references: Soft: 3, Weak: 0, Final: 0, Phantom: 0
[10.797s][info][gc          ] GC(44) Concurrent weak references 0.170ms
[10.797s][info][gc,start    ] GC(44) Concurrent weak roots
[10.797s][info][gc,task     ] GC(44) Using 1 of 3 workers for concurrent weak root
[10.798s][info][gc          ] GC(44) Concurrent weak roots 0.559ms
[10.798s][info][gc,start    ] GC(44) Concurrent cleanup
[10.798s][info][gc          ] GC(44) Concurrent cleanup 158M->34M(8192M) 0.028ms
[10.798s][info][gc,ergo     ] GC(44) Free: 7745M, Max: 4096K regular, 7572M humongous, Frag: 2% external, 0% internal; Reserve: 412M, Max: 4096K
[10.798s][info][gc,start    ] GC(44) Concurrent class unloading
[10.798s][info][gc,task     ] GC(44) Using 1 of 3 workers for concurrent class unloading
[10.800s][info][gc          ] GC(44) Concurrent class unloading 2.134ms
[10.800s][info][gc,start    ] GC(44) Pause Final Roots
[10.800s][info][gc          ] GC(44) Pause Final Roots 0.052ms
[10.800s][info][gc,ergo     ] Free: 7745M, Max: 4096K regular, 7572M humongous, Frag: 2% external, 0% internal; Reserve: 412M, Max: 4096K
[10.800s][info][gc,stats    ] 
[10.800s][info][gc,stats    ] All times are wall-clock times, except per-root-class counters, that are sum over
[10.800s][info][gc,stats    ] all workers. Dividing the <total> over the root stage time estimates parallelism.
[10.800s][info][gc,stats    ] 
[10.800s][info][gc,stats    ] Concurrent Reset                    353 us
[10.800s][info][gc,stats    ] Pause Init Mark (G)                 231 us
[10.800s][info][gc,stats    ] Pause Init Mark (N)                 146 us
[10.800s][info][gc,stats    ]   Update Region States               74 us
[10.800s][info][gc,stats    ] Concurrent Mark Roots               787 us, parallelism: 0.79x
[10.800s][info][gc,stats    ]   CMR: <total>                      621 us
[10.800s][info][gc,stats    ]   CMR: Thread Roots                 552 us, workers (us): 552, ---, ---, 
[10.800s][info][gc,stats    ]   CMR: VM Strong Roots                6 us, workers (us):   6, ---, ---, 
[10.800s][info][gc,stats    ]   CMR: CLDG Roots                    63 us, workers (us):  63, ---, ---, 
[10.800s][info][gc,stats    ] Concurrent Marking                20006 us
[10.800s][info][gc,stats    ] Pause Final Mark (G)                543 us
[10.800s][info][gc,stats    ] Pause Final Mark (N)                429 us
[10.800s][info][gc,stats    ]   Finish Mark                        87 us
[10.800s][info][gc,stats    ]   Update Region States               52 us
[10.800s][info][gc,stats    ]   Choose Collection Set             159 us
[10.800s][info][gc,stats    ]   Rebuild Free Set                   21 us
[10.800s][info][gc,stats    ] Concurrent Weak References          187 us, parallelism: 0.04x
[10.800s][info][gc,stats    ]   CWRF: <total>                       7 us
[10.800s][info][gc,stats    ]   CWRF: Weak References               7 us, workers (us):   7, ---, ---, 
[10.800s][info][gc,stats    ] Concurrent Weak Roots               591 us
[10.800s][info][gc,stats    ]   Roots                             446 us, parallelism: 0.86x
[10.800s][info][gc,stats    ]     CWR: <total>                    385 us
[10.800s][info][gc,stats    ]     CWR: Code Cache Roots           317 us, workers (us): 317, ---, ---, 
[10.800s][info][gc,stats    ]     CWR: VM Weak Roots               61 us, workers (us):  61, ---, ---, 
[10.800s][info][gc,stats    ]     CWR: CLDG Roots                   6 us, workers (us):   6, ---, ---, 
[10.800s][info][gc,stats    ]   Rendezvous                         80 us
[10.800s][info][gc,stats    ] Concurrent Cleanup                   37 us
[10.800s][info][gc,stats    ] Concurrent Class Unloading         2204 us
[10.800s][info][gc,stats    ]   Unlink Stale                     1839 us
[10.800s][info][gc,stats    ]     System Dictionary                 6 us
[10.800s][info][gc,stats    ]     Weak Class Links                  0 us
[10.800s][info][gc,stats    ]     Code Roots                     1832 us
[10.800s][info][gc,stats    ]   Rendezvous                        120 us
[10.800s][info][gc,stats    ]   Purge Unlinked                    149 us
[10.801s][info][gc,stats    ]     Code Roots                      140 us
[10.801s][info][gc,stats    ]     CLDG                              8 us
[10.801s][info][gc,stats    ]     Exception Caches                  0 us
[10.801s][info][gc,stats    ] Pause Final Roots (G)               185 us
[10.801s][info][gc,stats    ] Pause Final Roots (N)                75 us
[10.801s][info][gc,stats    ] 
[10.801s][info][gc,stats    ] Allocation pacing accrued:
[10.801s][info][gc,stats    ]       0 of   203 ms (  0.0%): <total>
[10.801s][info][gc,stats    ]       0 of   203 ms (  0.0%): <average total>
[10.801s][info][gc,stats    ] 
[10.801s][info][gc,metaspace] Metaspace: 12346K(12608K)->12346K(12608K) NonClass: 10690K(10816K)->10690K(10816K) Class: 1655K(1792K)->1655K(1792K)
[10.801s][info][gc,ergo     ] Pacer for Idle. Initial: 163M, Alloc Tax Rate: 1.0x
[10.995s][info][gc          ] Trigger: Explicit GC request (System.gc())
[10.995s][info][gc,ergo     ] Free: 7621M, Max: 4096K regular, 7572M humongous, Frag: 0% external, 0% internal; Reserve: 412M, Max: 4096K
[10.995s][info][gc,start    ] GC(45) Concurrent reset
[10.995s][info][gc,task     ] GC(45) Using 1 of 3 workers for concurrent reset
[10.995s][info][gc,ergo     ] GC(45) Pacer for Reset. Non-Taxable: 8192M
[10.996s][info][gc          ] GC(45) Concurrent reset 0.532ms
[10.996s][info][gc,start    ] GC(45) Pause Init Mark (unload classes)
[10.996s][info][gc,task     ] GC(45) Using 3 of 3 workers for init marking
[10.996s][info][gc,ref      ] GC(45) Clearing All SoftReferences
[10.996s][info][gc,ergo     ] GC(45) Pacer for Mark. Expected Live: 25378K, Free: 7621M, Non-Taxable: 762M, Alloc Tax Rate: 0.0x
[10.996s][info][gc          ] GC(45) Pause Init Mark (unload classes) 0.108ms
[10.996s][info][gc,start    ] GC(45) Concurrent marking roots
[10.996s][info][gc,task     ] GC(45) Using 1 of 3 workers for concurrent marking roots
[10.997s][info][gc          ] GC(45) Concurrent marking roots 0.477ms
[10.997s][info][gc,start    ] GC(45) Concurrent marking (unload classes)
[10.997s][info][gc,task     ] GC(45) Using 1 of 3 workers for concurrent marking
[11.017s][info][gc          ] GC(45) Concurrent marking (unload classes) 19.830ms
[11.017s][info][gc,start    ] GC(45) Pause Final Mark (unload classes)
[11.017s][info][gc,task     ] GC(45) Using 3 of 3 workers for final marking
[11.017s][info][gc,ergo     ] GC(45) Adaptive CSet Selection. Target Free: 1160M, Actual Free: 8104M, Max CSet: 341M, Min Garbage: 0B
[11.017s][info][gc,ergo     ] GC(45) Collectable Garbage: 131M (98%), Immediate: 120M (90%), CSet: 12250K (8%)
[11.017s][info][gc,ergo     ] GC(45) Pacer for Evacuation. Used CSet: 12252K, Free: 7741M, Non-Taxable: 774M, Alloc Tax Rate: 1.1x
[11.017s][info][gc          ] GC(45) Pause Final Mark (unload classes) 0.526ms
[11.017s][info][gc,start    ] GC(45) Concurrent thread roots
[11.017s][info][gc,task     ] GC(45) Using 1 of 3 workers for Concurrent thread roots
[11.018s][info][gc          ] GC(45) Concurrent thread roots 0.450ms
[11.018s][info][gc,start    ] GC(45) Concurrent weak references
[11.018s][info][gc,task     ] GC(45) Using 1 of 3 workers for concurrent weak references
[11.018s][info][gc,ref      ] GC(45) Encountered references: Soft: 154, Weak: 720, Final: 0, Phantom: 33
[11.018s][info][gc,ref      ] GC(45) Discovered  references: Soft: 96, Weak: 158, Final: 0, Phantom: 31
[11.018s][info][gc,ref      ] GC(45) Enqueued    references: Soft: 3, Weak: 0, Final: 0, Phantom: 0
[11.018s][info][gc          ] GC(45) Concurrent weak references 0.134ms
[11.018s][info][gc,start    ] GC(45) Concurrent weak roots
[11.018s][info][gc,task     ] GC(45) Using 1 of 3 workers for concurrent weak root
[11.019s][info][gc          ] GC(45) Concurrent weak roots 0.789ms
[11.019s][info][gc,start    ] GC(45) Concurrent cleanup
[11.019s][info][gc          ] GC(45) Concurrent cleanup 158M->38M(8192M) 0.024ms
[11.019s][info][gc,ergo     ] GC(45) Free: 7741M, Max: 4096K regular, 7572M humongous, Frag: 2% external, 0% internal; Reserve: 411M, Max: 4096K
[11.019s][info][gc,start    ] GC(45) Concurrent class unloading
[11.019s][info][gc,task     ] GC(45) Using 1 of 3 workers for concurrent class unloading
[11.021s][info][gc          ] GC(45) Concurrent class unloading 1.897ms
[11.021s][info][gc,start    ] GC(45) Concurrent strong roots
[11.021s][info][gc,task     ] GC(45) Using 1 of 3 workers for concurrent strong root
[11.021s][info][gc          ] GC(45) Concurrent strong roots 0.079ms
[11.021s][info][gc,start    ] GC(45) Concurrent evacuation
[11.021s][info][gc,task     ] GC(45) Using 1 of 3 workers for concurrent evacuation
[11.021s][info][gc          ] GC(45) Concurrent evacuation 0.115ms
[11.021s][info][gc,start    ] GC(45) Pause Init Update Refs
[11.021s][info][gc,ergo     ] GC(45) Pacer for Update Refs. Used: 39007K, Free: 7741M, Non-Taxable: 774M, Alloc Tax Rate: 1.1x
[11.021s][info][gc          ] GC(45) Pause Init Update Refs 0.081ms
[11.021s][info][gc,start    ] GC(45) Concurrent update references
[11.021s][info][gc,task     ] GC(45) Using 1 of 3 workers for concurrent reference update
[11.032s][info][gc          ] GC(45) Concurrent update references 10.513ms
[11.032s][info][gc,start    ] GC(45) Concurrent update thread roots
[11.032s][info][gc          ] GC(45) Concurrent update thread roots 0.403ms
[11.032s][info][gc,start    ] GC(45) Pause Final Update Refs
[11.032s][info][gc,task     ] GC(45) Using 3 of 3 workers for final reference update
[11.032s][info][gc          ] GC(45) Pause Final Update Refs 0.119ms
[11.032s][info][gc,start    ] GC(45) Concurrent cleanup
[11.032s][info][gc          ] GC(45) Concurrent cleanup 38M->26M(8192M) 0.054ms
[11.033s][info][gc,ergo     ] Free: 7753M, Max: 4096K regular, 7700M humongous, Frag: 0% external, 0% internal; Reserve: 412M, Max: 4096K
[11.033s][info][gc,stats    ] 
[11.033s][info][gc,stats    ] All times are wall-clock times, except per-root-class counters, that are sum over
[11.033s][info][gc,stats    ] all workers. Dividing the <total> over the root stage time estimates parallelism.
[11.033s][info][gc,stats    ] 
[11.033s][info][gc,stats    ] Concurrent Reset                    613 us
[11.033s][info][gc,stats    ] Pause Init Mark (G)                 204 us
[11.033s][info][gc,stats    ] Pause Init Mark (N)                 116 us
[11.033s][info][gc,stats    ]   Update Region States               50 us
[11.033s][info][gc,stats    ] Concurrent Mark Roots               502 us, parallelism: 0.74x
[11.033s][info][gc,stats    ]   CMR: <total>                      373 us
[11.033s][info][gc,stats    ]   CMR: Thread Roots                 329 us, workers (us): 329, ---, ---, 
[11.033s][info][gc,stats    ]   CMR: VM Strong Roots                5 us, workers (us):   5, ---, ---, 
[11.033s][info][gc,stats    ]   CMR: CLDG Roots                    39 us, workers (us):  39, ---, ---, 
[11.033s][info][gc,stats    ] Concurrent Marking                19897 us
[11.033s][info][gc,stats    ] Pause Final Mark (G)                670 us
[11.033s][info][gc,stats    ] Pause Final Mark (N)                547 us
[11.033s][info][gc,stats    ]   Finish Mark                       160 us
[11.033s][info][gc,stats    ]   Update Region States              123 us
[11.033s][info][gc,stats    ]   Choose Collection Set             109 us
[11.033s][info][gc,stats    ]   Rebuild Free Set                   28 us
[11.033s][info][gc,stats    ] Concurrent Thread Roots             487 us, parallelism: 0.61x
[11.033s][info][gc,stats    ]   CTR: <total>                      298 us
[11.033s][info][gc,stats    ]   CTR: Thread Roots                 298 us, workers (us): 298, ---, ---, 
[11.033s][info][gc,stats    ] Concurrent Weak References          142 us, parallelism: 0.19x
[11.033s][info][gc,stats    ]   CWRF: <total>                      27 us
[11.033s][info][gc,stats    ]   CWRF: Weak References              27 us, workers (us):  27, ---, ---, 
[11.033s][info][gc,stats    ] Concurrent Weak Roots               808 us
[11.033s][info][gc,stats    ]   Roots                             534 us, parallelism: 0.89x
[11.033s][info][gc,stats    ]     CWR: <total>                    477 us
[11.033s][info][gc,stats    ]     CWR: Code Cache Roots           366 us, workers (us): 366, ---, ---, 
[11.033s][info][gc,stats    ]     CWR: VM Weak Roots               97 us, workers (us):  97, ---, ---, 
[11.033s][info][gc,stats    ]     CWR: CLDG Roots                  13 us, workers (us):  13, ---, ---, 
[11.033s][info][gc,stats    ]   Rendezvous                        239 us
[11.033s][info][gc,stats    ] Concurrent Cleanup                   32 us
[11.033s][info][gc,stats    ] Concurrent Class Unloading         1927 us
[11.033s][info][gc,stats    ]   Unlink Stale                     1645 us
[11.033s][info][gc,stats    ]     System Dictionary                 3 us
[11.033s][info][gc,stats    ]     Weak Class Links                  0 us
[11.033s][info][gc,stats    ]     Code Roots                     1641 us
[11.033s][info][gc,stats    ]   Rendezvous                        103 us
[11.033s][info][gc,stats    ]   Purge Unlinked                    132 us
[11.033s][info][gc,stats    ]     Code Roots                      126 us
[11.033s][info][gc,stats    ]     CLDG                              5 us
[11.033s][info][gc,stats    ]     Exception Caches                  0 us
[11.033s][info][gc,stats    ] Concurrent Strong Roots              98 us, parallelism: 0.27x
[11.033s][info][gc,stats    ]   CSR: <total>                       27 us
[11.033s][info][gc,stats    ]   CSR: VM Strong Roots                2 us, workers (us):   2, ---, ---, 
[11.033s][info][gc,stats    ]   CSR: CLDG Roots                    24 us, workers (us):  24, ---, ---, 
[11.033s][info][gc,stats    ] Concurrent Evacuation               135 us
[11.033s][info][gc,stats    ] Pause Init Update Refs (G)          217 us
[11.033s][info][gc,stats    ] Pause Init Update Refs (N)          101 us
[11.033s][info][gc,stats    ]   Manage GCLABs                       4 us
[11.033s][info][gc,stats    ] Concurrent Update Refs            10581 us
[11.033s][info][gc,stats    ] Concurrent Update Thread Roots      440 us
[11.033s][info][gc,stats    ] Pause Final Update Refs (G)         205 us
[11.033s][info][gc,stats    ] Pause Final Update Refs (N)         136 us
[11.033s][info][gc,stats    ]   Update Region States               70 us
[11.033s][info][gc,stats    ]   Trash Collection Set                3 us
[11.033s][info][gc,stats    ]   Rebuild Free Set                   13 us
[11.033s][info][gc,stats    ] Concurrent Cleanup                   74 us
[11.033s][info][gc,stats    ] 
[11.033s][info][gc,stats    ] Allocation pacing accrued:
[11.033s][info][gc,stats    ]       0 of   233 ms (  0.0%): <total>
[11.033s][info][gc,stats    ]       0 of   233 ms (  0.0%): <average total>
[11.033s][info][gc,stats    ] 
[11.033s][info][gc,metaspace] Metaspace: 12346K(12608K)->12346K(12608K) NonClass: 10691K(10816K)->10691K(10816K) Class: 1655K(1792K)->1655K(1792K)
[11.033s][info][gc,ergo     ] Pacer for Idle. Initial: 163M, Alloc Tax Rate: 1.0x
[11.214s][info][gc          ] Trigger: Explicit GC request (System.gc())
[11.214s][info][gc,ergo     ] Free: 7629M, Max: 4096K regular, 7576M humongous, Frag: 0% external, 0% internal; Reserve: 412M, Max: 4096K
[11.214s][info][gc,start    ] GC(46) Concurrent reset
[11.214s][info][gc,task     ] GC(46) Using 1 of 3 workers for concurrent reset
[11.214s][info][gc,ergo     ] GC(46) Pacer for Reset. Non-Taxable: 8192M
[11.214s][info][gc          ] GC(46) Concurrent reset 0.300ms
[11.215s][info][gc,start    ] GC(46) Pause Init Mark (unload classes)
[11.215s][info][gc,task     ] GC(46) Using 3 of 3 workers for init marking
[11.215s][info][gc,ref      ] GC(46) Clearing All SoftReferences
[11.215s][info][gc,ergo     ] GC(46) Pacer for Mark. Expected Live: 25378K, Free: 7629M, Non-Taxable: 762M, Alloc Tax Rate: 0.0x
[11.215s][info][gc          ] GC(46) Pause Init Mark (unload classes) 0.133ms
[11.215s][info][gc,start    ] GC(46) Concurrent marking roots
[11.215s][info][gc,task     ] GC(46) Using 1 of 3 workers for concurrent marking roots
[11.215s][info][gc          ] GC(46) Concurrent marking roots 0.654ms
[11.215s][info][gc,start    ] GC(46) Concurrent marking (unload classes)
[11.215s][info][gc,task     ] GC(46) Using 1 of 3 workers for concurrent marking
[11.235s][info][gc          ] GC(46) Concurrent marking (unload classes) 19.768ms
[11.235s][info][gc,start    ] GC(46) Pause Final Mark (unload classes)
[11.235s][info][gc,task     ] GC(46) Using 3 of 3 workers for final marking
[11.236s][info][gc,ergo     ] GC(46) Collectable Garbage: 116M (92%), Immediate: 116M (92%), CSet: 0B (0%)
[11.236s][info][gc          ] GC(46) Pause Final Mark (unload classes) 0.241ms
[11.236s][info][gc,start    ] GC(46) Concurrent weak references
[11.236s][info][gc,task     ] GC(46) Using 1 of 3 workers for concurrent weak references
[11.236s][info][gc,ref      ] GC(46) Encountered references: Soft: 154, Weak: 720, Final: 0, Phantom: 33
[11.236s][info][gc,ref      ] GC(46) Discovered  references: Soft: 96, Weak: 158, Final: 0, Phantom: 31
[11.236s][info][gc,ref      ] GC(46) Enqueued    references: Soft: 3, Weak: 0, Final: 0, Phantom: 0
[11.236s][info][gc          ] GC(46) Concurrent weak references 0.174ms
[11.236s][info][gc,start    ] GC(46) Concurrent weak roots
[11.236s][info][gc,task     ] GC(46) Using 1 of 3 workers for concurrent weak root
[11.236s][info][gc          ] GC(46) Concurrent weak roots 0.508ms
[11.236s][info][gc,start    ] GC(46) Concurrent cleanup
[11.236s][info][gc          ] GC(46) Concurrent cleanup 150M->34M(8192M) 0.021ms
[11.236s][info][gc,ergo     ] GC(46) Free: 7745M, Max: 4096K regular, 7576M humongous, Frag: 2% external, 0% internal; Reserve: 412M, Max: 4096K
[11.236s][info][gc,start    ] GC(46) Concurrent class unloading
[11.236s][info][gc,task     ] GC(46) Using 1 of 3 workers for concurrent class unloading
[11.238s][info][gc          ] GC(46) Concurrent class unloading 1.815ms
[11.238s][info][gc,start    ] GC(46) Pause Final Roots
[11.238s][info][gc          ] GC(46) Pause Final Roots 0.025ms
[11.238s][info][gc,ergo     ] Free: 7745M, Max: 4096K regular, 7576M humongous, Frag: 2% external, 0% internal; Reserve: 412M, Max: 4096K
[11.238s][info][gc,stats    ] 
[11.238s][info][gc,stats    ] All times are wall-clock times, except per-root-class counters, that are sum over
[11.238s][info][gc,stats    ] all workers. Dividing the <total> over the root stage time estimates parallelism.
[11.238s][info][gc,stats    ] 
[11.238s][info][gc,stats    ] Concurrent Reset                    356 us
[11.238s][info][gc,stats    ] Pause Init Mark (G)                 211 us
[11.238s][info][gc,stats    ] Pause Init Mark (N)                 141 us
[11.239s][info][gc,stats    ]   Update Region States               68 us
[11.239s][info][gc,stats    ] Concurrent Mark Roots               688 us, parallelism: 0.80x
[11.239s][info][gc,stats    ]   CMR: <total>                      548 us
[11.239s][info][gc,stats    ]   CMR: Thread Roots                 481 us, workers (us): 481, ---, ---, 
[11.239s][info][gc,stats    ]   CMR: VM Strong Roots                6 us, workers (us):   6, ---, ---, 
[11.239s][info][gc,stats    ]   CMR: CLDG Roots                    61 us, workers (us):  61, ---, ---, 
[11.239s][info][gc,stats    ] Concurrent Marking                19819 us
[11.239s][info][gc,stats    ] Pause Final Mark (G)                356 us
[11.239s][info][gc,stats    ] Pause Final Mark (N)                255 us
[11.239s][info][gc,stats    ]   Finish Mark                        88 us
[11.239s][info][gc,stats    ]   Update Region States               52 us
[11.239s][info][gc,stats    ]   Choose Collection Set              38 us
[11.239s][info][gc,stats    ]   Rebuild Free Set                   10 us
[11.239s][info][gc,stats    ] Concurrent Weak References          190 us, parallelism: 0.04x
[11.239s][info][gc,stats    ]   CWRF: <total>                       7 us
[11.239s][info][gc,stats    ]   CWRF: Weak References               7 us, workers (us):   7, ---, ---, 
[11.239s][info][gc,stats    ] Concurrent Weak Roots               527 us
[11.239s][info][gc,stats    ]   Roots                             436 us, parallelism: 0.85x
[11.239s][info][gc,stats    ]     CWR: <total>                    370 us
[11.239s][info][gc,stats    ]     CWR: Code Cache Roots           301 us, workers (us): 301, ---, ---, 
[11.239s][info][gc,stats    ]     CWR: VM Weak Roots               63 us, workers (us):  63, ---, ---, 
[11.239s][info][gc,stats    ]     CWR: CLDG Roots                   5 us, workers (us):   5, ---, ---, 
[11.239s][info][gc,stats    ]   Rendezvous                         41 us
[11.239s][info][gc,stats    ] Concurrent Cleanup                   29 us
[11.239s][info][gc,stats    ] Concurrent Class Unloading         1844 us
[11.239s][info][gc,stats    ]   Unlink Stale                     1651 us
[11.239s][info][gc,stats    ]     System Dictionary                 3 us
[11.239s][info][gc,stats    ]     Weak Class Links                  0 us
[11.239s][info][gc,stats    ]     Code Roots                     1646 us
[11.239s][info][gc,stats    ]   Rendezvous                         51 us
[11.239s][info][gc,stats    ]   Purge Unlinked                     96 us
[11.239s][info][gc,stats    ]     Code Roots                       90 us
[11.239s][info][gc,stats    ]     CLDG                              5 us
[11.239s][info][gc,stats    ]     Exception Caches                  0 us
[11.239s][info][gc,stats    ] Pause Final Roots (G)                96 us
[11.239s][info][gc,stats    ] Pause Final Roots (N)                40 us
[11.239s][info][gc,stats    ] 
[11.239s][info][gc,stats    ] Allocation pacing accrued:
[11.239s][info][gc,stats    ]       0 of   206 ms (  0.0%): <total>
[11.239s][info][gc,stats    ]       0 of   206 ms (  0.0%): <average total>
[11.239s][info][gc,stats    ] 
[11.239s][info][gc,metaspace] Metaspace: 12346K(12608K)->12346K(12608K) NonClass: 10691K(10816K)->10691K(10816K) Class: 1655K(1792K)->1655K(1792K)
[11.239s][info][gc,ergo     ] Pacer for Idle. Initial: 163M, Alloc Tax Rate: 1.0x
[11.419s][info][gc          ] Trigger: Explicit GC request (System.gc())
[11.419s][info][gc,ergo     ] Free: 7621M, Max: 4096K regular, 7568M humongous, Frag: 0% external, 0% internal; Reserve: 412M, Max: 4096K
[11.419s][info][gc,start    ] GC(47) Concurrent reset
[11.419s][info][gc,task     ] GC(47) Using 1 of 3 workers for concurrent reset
[11.419s][info][gc,ergo     ] GC(47) Pacer for Reset. Non-Taxable: 8192M
[11.420s][info][gc          ] GC(47) Concurrent reset 0.413ms
[11.420s][info][gc,start    ] GC(47) Pause Init Mark (unload classes)
[11.420s][info][gc,task     ] GC(47) Using 3 of 3 workers for init marking
[11.420s][info][gc,ref      ] GC(47) Clearing All SoftReferences
[11.420s][info][gc,ergo     ] GC(47) Pacer for Mark. Expected Live: 25378K, Free: 7621M, Non-Taxable: 762M, Alloc Tax Rate: 0.0x
[11.420s][info][gc          ] GC(47) Pause Init Mark (unload classes) 0.156ms
[11.420s][info][gc,start    ] GC(47) Concurrent marking roots
[11.420s][info][gc,task     ] GC(47) Using 1 of 3 workers for concurrent marking roots
[11.420s][info][gc          ] GC(47) Concurrent marking roots 0.429ms
[11.420s][info][gc,start    ] GC(47) Concurrent marking (unload classes)
[11.420s][info][gc,task     ] GC(47) Using 1 of 3 workers for concurrent marking
[11.440s][info][gc          ] GC(47) Concurrent marking (unload classes) 19.849ms
[11.440s][info][gc,start    ] GC(47) Pause Final Mark (unload classes)
[11.440s][info][gc,task     ] GC(47) Using 3 of 3 workers for final marking
[11.441s][info][gc,ergo     ] GC(47) Collectable Garbage: 124M (93%), Immediate: 124M (93%), CSet: 0B (0%)
[11.441s][info][gc          ] GC(47) Pause Final Mark (unload classes) 0.317ms
[11.441s][info][gc,start    ] GC(47) Concurrent weak references
[11.441s][info][gc,task     ] GC(47) Using 1 of 3 workers for concurrent weak references
[11.441s][info][gc,ref      ] GC(47) Encountered references: Soft: 154, Weak: 720, Final: 0, Phantom: 33
[11.441s][info][gc,ref      ] GC(47) Discovered  references: Soft: 96, Weak: 158, Final: 0, Phantom: 31
[11.441s][info][gc,ref      ] GC(47) Enqueued    references: Soft: 3, Weak: 0, Final: 0, Phantom: 0
[11.441s][info][gc          ] GC(47) Concurrent weak references 0.125ms
[11.441s][info][gc,start    ] GC(47) Concurrent weak roots
[11.441s][info][gc,task     ] GC(47) Using 1 of 3 workers for concurrent weak root
[11.441s][info][gc          ] GC(47) Concurrent weak roots 0.483ms
[11.441s][info][gc,start    ] GC(47) Concurrent cleanup
[11.441s][info][gc          ] GC(47) Concurrent cleanup 158M->34M(8192M) 0.022ms
[11.441s][info][gc,ergo     ] GC(47) Free: 7745M, Max: 4096K regular, 7568M humongous, Frag: 2% external, 0% internal; Reserve: 412M, Max: 4096K
[11.441s][info][gc,start    ] GC(47) Concurrent class unloading
[11.441s][info][gc,task     ] GC(47) Using 1 of 3 workers for concurrent class unloading
[11.443s][info][gc          ] GC(47) Concurrent class unloading 1.872ms
[11.443s][info][gc,start    ] GC(47) Pause Final Roots
[11.443s][info][gc          ] GC(47) Pause Final Roots 0.038ms
[11.443s][info][gc,ergo     ] Free: 7745M, Max: 4096K regular, 7568M humongous, Frag: 2% external, 0% internal; Reserve: 412M, Max: 4096K
[11.443s][info][gc,stats    ] 
[11.443s][info][gc,stats    ] All times are wall-clock times, except per-root-class counters, that are sum over
[11.443s][info][gc,stats    ] all workers. Dividing the <total> over the root stage time estimates parallelism.
[11.443s][info][gc,stats    ] 
[11.443s][info][gc,stats    ] Concurrent Reset                    477 us
[11.443s][info][gc,stats    ] Pause Init Mark (G)                 277 us
[11.443s][info][gc,stats    ] Pause Init Mark (N)                 172 us
[11.443s][info][gc,stats    ]   Update Region States               56 us
[11.443s][info][gc,stats    ] Concurrent Mark Roots               451 us, parallelism: 0.75x
[11.443s][info][gc,stats    ]   CMR: <total>                      338 us
[11.443s][info][gc,stats    ]   CMR: Thread Roots                 293 us, workers (us): 293, ---, ---, 
[11.443s][info][gc,stats    ]   CMR: VM Strong Roots                4 us, workers (us):   4, ---, ---, 
[11.443s][info][gc,stats    ]   CMR: CLDG Roots                    40 us, workers (us):  40, ---, ---, 
[11.443s][info][gc,stats    ] Concurrent Marking                19917 us
[11.443s][info][gc,stats    ] Pause Final Mark (G)                409 us
[11.443s][info][gc,stats    ] Pause Final Mark (N)                343 us
[11.443s][info][gc,stats    ]   Finish Mark                        74 us
[11.443s][info][gc,stats    ]   Update Region States               73 us
[11.443s][info][gc,stats    ]   Choose Collection Set              77 us
[11.444s][info][gc,stats    ]   Rebuild Free Set                   22 us
[11.444s][info][gc,stats    ] Concurrent Weak References          133 us, parallelism: 0.05x
[11.444s][info][gc,stats    ]   CWRF: <total>                       7 us
[11.444s][info][gc,stats    ]   CWRF: Weak References               7 us, workers (us):   7, ---, ---, 
[11.444s][info][gc,stats    ] Concurrent Weak Roots               504 us
[11.444s][info][gc,stats    ]   Roots                             411 us, parallelism: 0.91x
[11.444s][info][gc,stats    ]     CWR: <total>                    373 us
[11.444s][info][gc,stats    ]     CWR: Code Cache Roots           308 us, workers (us): 308, ---, ---, 
[11.444s][info][gc,stats    ]     CWR: VM Weak Roots               60 us, workers (us):  60, ---, ---, 
[11.444s][info][gc,stats    ]     CWR: CLDG Roots                   6 us, workers (us):   6, ---, ---, 
[11.444s][info][gc,stats    ]   Rendezvous                         56 us
[11.444s][info][gc,stats    ] Concurrent Cleanup                   30 us
[11.444s][info][gc,stats    ] Concurrent Class Unloading         1889 us
[11.444s][info][gc,stats    ]   Unlink Stale                     1712 us
[11.444s][info][gc,stats    ]     System Dictionary                 4 us
[11.444s][info][gc,stats    ]     Weak Class Links                  0 us
[11.444s][info][gc,stats    ]     Code Roots                     1706 us
[11.444s][info][gc,stats    ]   Rendezvous                         71 us
[11.444s][info][gc,stats    ]   Purge Unlinked                     69 us
[11.444s][info][gc,stats    ]     Code Roots                       65 us
[11.444s][info][gc,stats    ]     CLDG                              4 us
[11.444s][info][gc,stats    ]     Exception Caches                  0 us
[11.444s][info][gc,stats    ] Pause Final Roots (G)               103 us
[11.444s][info][gc,stats    ] Pause Final Roots (N)                47 us
[11.444s][info][gc,stats    ] 
[11.444s][info][gc,stats    ] Allocation pacing accrued:
[11.444s][info][gc,stats    ]       0 of   205 ms (  0.0%): <total>
[11.444s][info][gc,stats    ]       0 of   205 ms (  0.0%): <average total>
[11.444s][info][gc,stats    ] 
[11.444s][info][gc,metaspace] Metaspace: 12346K(12608K)->12346K(12608K) NonClass: 10691K(10816K)->10691K(10816K) Class: 1655K(1792K)->1655K(1792K)
[11.444s][info][gc,ergo     ] Pacer for Idle. Initial: 163M, Alloc Tax Rate: 1.0x
[11.623s][info][gc          ] Trigger: Explicit GC request (System.gc())
[11.623s][info][gc,ergo     ] Free: 7621M, Max: 4096K regular, 7568M humongous, Frag: 0% external, 0% internal; Reserve: 412M, Max: 4096K
[11.624s][info][gc,start    ] GC(48) Concurrent reset
[11.624s][info][gc,task     ] GC(48) Using 1 of 3 workers for concurrent reset
[11.624s][info][gc,ergo     ] GC(48) Pacer for Reset. Non-Taxable: 8192M
[11.624s][info][gc          ] GC(48) Concurrent reset 0.306ms
[11.624s][info][gc,start    ] GC(48) Pause Init Mark (unload classes)
[11.624s][info][gc,task     ] GC(48) Using 3 of 3 workers for init marking
[11.624s][info][gc,ref      ] GC(48) Clearing All SoftReferences
[11.624s][info][gc,ergo     ] GC(48) Pacer for Mark. Expected Live: 25379K, Free: 7621M, Non-Taxable: 762M, Alloc Tax Rate: 0.0x
[11.624s][info][gc          ] GC(48) Pause Init Mark (unload classes) 0.185ms
[11.624s][info][gc,start    ] GC(48) Concurrent marking roots
[11.624s][info][gc,task     ] GC(48) Using 1 of 3 workers for concurrent marking roots
[11.625s][info][gc          ] GC(48) Concurrent marking roots 0.778ms
[11.625s][info][gc,start    ] GC(48) Concurrent marking (unload classes)
[11.625s][info][gc,task     ] GC(48) Using 1 of 3 workers for concurrent marking
[11.645s][info][gc          ] GC(48) Concurrent marking (unload classes) 19.910ms
[11.645s][info][gc,start    ] GC(48) Pause Final Mark (unload classes)
[11.645s][info][gc,task     ] GC(48) Using 3 of 3 workers for final marking
[11.645s][info][gc,ergo     ] GC(48) Collectable Garbage: 123M (93%), Immediate: 123M (93%), CSet: 0B (0%)
[11.645s][info][gc          ] GC(48) Pause Final Mark (unload classes) 0.309ms
[11.645s][info][gc,start    ] GC(48) Concurrent weak references
[11.645s][info][gc,task     ] GC(48) Using 1 of 3 workers for concurrent weak references
[11.646s][info][gc,ref      ] GC(48) Encountered references: Soft: 154, Weak: 720, Final: 0, Phantom: 33
[11.646s][info][gc,ref      ] GC(48) Discovered  references: Soft: 96, Weak: 158, Final: 0, Phantom: 31
[11.646s][info][gc,ref      ] GC(48) Enqueued    references: Soft: 3, Weak: 0, Final: 0, Phantom: 0
[11.646s][info][gc          ] GC(48) Concurrent weak references 0.169ms
[11.646s][info][gc,start    ] GC(48) Concurrent weak roots
[11.646s][info][gc,task     ] GC(48) Using 1 of 3 workers for concurrent weak root
[11.646s][info][gc          ] GC(48) Concurrent weak roots 0.685ms
[11.646s][info][gc,start    ] GC(48) Concurrent cleanup
[11.646s][info][gc          ] GC(48) Concurrent cleanup 158M->34M(8192M) 0.026ms
[11.646s][info][gc,ergo     ] GC(48) Free: 7745M, Max: 4096K regular, 7572M humongous, Frag: 2% external, 0% internal; Reserve: 412M, Max: 4096K
[11.646s][info][gc,start    ] GC(48) Concurrent class unloading
[11.646s][info][gc,task     ] GC(48) Using 1 of 3 workers for concurrent class unloading
[11.648s][info][gc          ] GC(48) Concurrent class unloading 2.029ms
[11.648s][info][gc,start    ] GC(48) Pause Final Roots
[11.648s][info][gc          ] GC(48) Pause Final Roots 0.020ms
[11.649s][info][gc,ergo     ] Free: 7745M, Max: 4096K regular, 7572M humongous, Frag: 2% external, 0% internal; Reserve: 412M, Max: 4096K
[11.649s][info][gc,stats    ] 
[11.649s][info][gc,stats    ] All times are wall-clock times, except per-root-class counters, that are sum over
[11.649s][info][gc,stats    ] all workers. Dividing the <total> over the root stage time estimates parallelism.
[11.649s][info][gc,stats    ] 
[11.649s][info][gc,stats    ] Concurrent Reset                    362 us
[11.649s][info][gc,stats    ] Pause Init Mark (G)                 277 us
[11.649s][info][gc,stats    ] Pause Init Mark (N)                 201 us
[11.649s][info][gc,stats    ]   Update Region States               90 us
[11.649s][info][gc,stats    ] Concurrent Mark Roots               806 us, parallelism: 0.83x
[11.649s][info][gc,stats    ]   CMR: <total>                      667 us
[11.649s][info][gc,stats    ]   CMR: Thread Roots                 599 us, workers (us): 599, ---, ---, 
[11.649s][info][gc,stats    ]   CMR: VM Strong Roots                6 us, workers (us):   6, ---, ---, 
[11.649s][info][gc,stats    ]   CMR: CLDG Roots                    61 us, workers (us):  61, ---, ---, 
[11.649s][info][gc,stats    ] Concurrent Marking                19976 us
[11.649s][info][gc,stats    ] Pause Final Mark (G)                452 us
[11.649s][info][gc,stats    ] Pause Final Mark (N)                331 us
[11.649s][info][gc,stats    ]   Finish Mark                        95 us
[11.649s][info][gc,stats    ]   Update Region States               54 us
[11.649s][info][gc,stats    ]   Choose Collection Set              52 us
[11.649s][info][gc,stats    ]   Rebuild Free Set                   21 us
[11.649s][info][gc,stats    ] Concurrent Weak References          185 us, parallelism: 0.04x
[11.649s][info][gc,stats    ]   CWRF: <total>                       7 us
[11.649s][info][gc,stats    ]   CWRF: Weak References               7 us, workers (us):   7, ---, ---, 
[11.649s][info][gc,stats    ] Concurrent Weak Roots               707 us
[11.649s][info][gc,stats    ]   Roots                             551 us, parallelism: 0.87x
[11.649s][info][gc,stats    ]     CWR: <total>                    480 us
[11.649s][info][gc,stats    ]     CWR: Code Cache Roots           361 us, workers (us): 361, ---, ---, 
[11.649s][info][gc,stats    ]     CWR: VM Weak Roots              113 us, workers (us): 113, ---, ---, 
[11.649s][info][gc,stats    ]     CWR: CLDG Roots                   6 us, workers (us):   6, ---, ---, 
[11.649s][info][gc,stats    ]   Rendezvous                        103 us
[11.649s][info][gc,stats    ] Concurrent Cleanup                   35 us
[11.649s][info][gc,stats    ] Concurrent Class Unloading         2076 us
[11.649s][info][gc,stats    ]   Unlink Stale                     1834 us
[11.649s][info][gc,stats    ]     System Dictionary                 5 us
[11.649s][info][gc,stats    ]     Weak Class Links                  0 us
[11.649s][info][gc,stats    ]     Code Roots                     1827 us
[11.649s][info][gc,stats    ]   Rendezvous                         58 us
[11.649s][info][gc,stats    ]   Purge Unlinked                    119 us
[11.649s][info][gc,stats    ]     Code Roots                      114 us
[11.649s][info][gc,stats    ]     CLDG                              5 us
[11.649s][info][gc,stats    ]     Exception Caches                  0 us
[11.649s][info][gc,stats    ] Pause Final Roots (G)                78 us
[11.649s][info][gc,stats    ] Pause Final Roots (N)                28 us
[11.649s][info][gc,stats    ] 
[11.649s][info][gc,stats    ] Allocation pacing accrued:
[11.649s][info][gc,stats    ]       0 of   205 ms (  0.0%): <total>
[11.649s][info][gc,stats    ]       0 of   205 ms (  0.0%): <average total>
[11.649s][info][gc,stats    ] 
[11.649s][info][gc,metaspace] Metaspace: 12346K(12608K)->12346K(12608K) NonClass: 10691K(10816K)->10691K(10816K) Class: 1655K(1792K)->1655K(1792K)
[11.649s][info][gc,ergo     ] Pacer for Idle. Initial: 163M, Alloc Tax Rate: 1.0x
[11.827s][info][gc          ] Trigger: Explicit GC request (System.gc())
[11.828s][info][gc,ergo     ] Free: 7621M, Max: 4096K regular, 7568M humongous, Frag: 0% external, 0% internal; Reserve: 412M, Max: 4096K
[11.828s][info][gc,start    ] GC(49) Concurrent reset
[11.828s][info][gc,task     ] GC(49) Using 1 of 3 workers for concurrent reset
[11.828s][info][gc,ergo     ] GC(49) Pacer for Reset. Non-Taxable: 8192M
[11.828s][info][gc          ] GC(49) Concurrent reset 0.235ms
[11.828s][info][gc,start    ] GC(49) Pause Init Mark (unload classes)
[11.828s][info][gc,task     ] GC(49) Using 3 of 3 workers for init marking
[11.828s][info][gc,ref      ] GC(49) Clearing All SoftReferences
[11.828s][info][gc,ergo     ] GC(49) Pacer for Mark. Expected Live: 25379K, Free: 7621M, Non-Taxable: 762M, Alloc Tax Rate: 0.0x
[11.828s][info][gc          ] GC(49) Pause Init Mark (unload classes) 0.148ms
[11.828s][info][gc,start    ] GC(49) Concurrent marking roots
[11.828s][info][gc,task     ] GC(49) Using 1 of 3 workers for concurrent marking roots
[11.829s][info][gc          ] GC(49) Concurrent marking roots 0.530ms
[11.829s][info][gc,start    ] GC(49) Concurrent marking (unload classes)
[11.829s][info][gc,task     ] GC(49) Using 1 of 3 workers for concurrent marking
[11.849s][info][gc          ] GC(49) Concurrent marking (unload classes) 19.931ms
[11.849s][info][gc,start    ] GC(49) Pause Final Mark (unload classes)
[11.849s][info][gc,task     ] GC(49) Using 3 of 3 workers for final marking
[11.849s][info][gc,ergo     ] GC(49) Collectable Garbage: 124M (93%), Immediate: 124M (93%), CSet: 0B (0%)
[11.849s][info][gc          ] GC(49) Pause Final Mark (unload classes) 0.296ms
[11.849s][info][gc,start    ] GC(49) Concurrent weak references
[11.849s][info][gc,task     ] GC(49) Using 1 of 3 workers for concurrent weak references
[11.849s][info][gc,ref      ] GC(49) Encountered references: Soft: 154, Weak: 720, Final: 0, Phantom: 33
[11.849s][info][gc,ref      ] GC(49) Discovered  references: Soft: 96, Weak: 158, Final: 0, Phantom: 31
[11.849s][info][gc,ref      ] GC(49) Enqueued    references: Soft: 3, Weak: 0, Final: 0, Phantom: 0
[11.849s][info][gc          ] GC(49) Concurrent weak references 0.116ms
[11.849s][info][gc,start    ] GC(49) Concurrent weak roots
[11.849s][info][gc,task     ] GC(49) Using 1 of 3 workers for concurrent weak root
[11.850s][info][gc          ] GC(49) Concurrent weak roots 0.648ms
[11.850s][info][gc,start    ] GC(49) Concurrent cleanup
[11.850s][info][gc          ] GC(49) Concurrent cleanup 158M->34M(8192M) 0.038ms
[11.850s][info][gc,ergo     ] GC(49) Free: 7745M, Max: 4096K regular, 7568M humongous, Frag: 2% external, 0% internal; Reserve: 412M, Max: 4096K
[11.850s][info][gc,start    ] GC(49) Concurrent class unloading
[11.850s][info][gc,task     ] GC(49) Using 1 of 3 workers for concurrent class unloading
[11.853s][info][gc          ] GC(49) Concurrent class unloading 2.639ms
[11.853s][info][gc,start    ] GC(49) Pause Final Roots
[11.853s][info][gc          ] GC(49) Pause Final Roots 0.022ms
[11.853s][info][gc,ergo     ] Free: 7745M, Max: 4096K regular, 7568M humongous, Frag: 2% external, 0% internal; Reserve: 412M, Max: 4096K
[11.853s][info][gc,stats    ] 
[11.853s][info][gc,stats    ] All times are wall-clock times, except per-root-class counters, that are sum over
[11.853s][info][gc,stats    ] all workers. Dividing the <total> over the root stage time estimates parallelism.
[11.853s][info][gc,stats    ] 
[11.853s][info][gc,stats    ] Concurrent Reset                    276 us
[11.853s][info][gc,stats    ] Pause Init Mark (G)                 252 us
[11.853s][info][gc,stats    ] Pause Init Mark (N)                 188 us
[11.853s][info][gc,stats    ]   Update Region States               35 us
[11.853s][info][gc,stats    ] Concurrent Mark Roots               551 us, parallelism: 0.75x
[11.853s][info][gc,stats    ]   CMR: <total>                      415 us
[11.853s][info][gc,stats    ]   CMR: Thread Roots                 343 us, workers (us): 343, ---, ---, 
[11.853s][info][gc,stats    ]   CMR: VM Strong Roots                7 us, workers (us):   7, ---, ---, 
[11.853s][info][gc,stats    ]   CMR: CLDG Roots                    66 us, workers (us):  66, ---, ---, 
[11.853s][info][gc,stats    ] Concurrent Marking                19979 us
[11.853s][info][gc,stats    ] Pause Final Mark (G)                376 us
[11.853s][info][gc,stats    ] Pause Final Mark (N)                314 us
[11.853s][info][gc,stats    ]   Finish Mark                       103 us
[11.853s][info][gc,stats    ]   Update Region States               57 us
[11.853s][info][gc,stats    ]   Choose Collection Set              41 us
[11.853s][info][gc,stats    ]   Rebuild Free Set                   16 us
[11.853s][info][gc,stats    ] Concurrent Weak References          123 us, parallelism: 0.13x
[11.853s][info][gc,stats    ]   CWRF: <total>                      17 us
[11.853s][info][gc,stats    ]   CWRF: Weak References              17 us, workers (us):  17, ---, ---, 
[11.853s][info][gc,stats    ] Concurrent Weak Roots               670 us
[11.853s][info][gc,stats    ]   Roots                             566 us, parallelism: 0.89x
[11.853s][info][gc,stats    ]     CWR: <total>                    505 us
[11.853s][info][gc,stats    ]     CWR: Code Cache Roots           386 us, workers (us): 386, ---, ---, 
[11.853s][info][gc,stats    ]     CWR: VM Weak Roots              112 us, workers (us): 112, ---, ---, 
[11.853s][info][gc,stats    ]     CWR: CLDG Roots                   7 us, workers (us):   7, ---, ---, 
[11.853s][info][gc,stats    ]   Rendezvous                         67 us
[11.853s][info][gc,stats    ] Concurrent Cleanup                   55 us
[11.853s][info][gc,stats    ] Concurrent Class Unloading         2672 us
[11.853s][info][gc,stats    ]   Unlink Stale                     2146 us
[11.853s][info][gc,stats    ]     System Dictionary                 7 us
[11.853s][info][gc,stats    ]     Weak Class Links                  0 us
[11.853s][info][gc,stats    ]     Code Roots                     2137 us
[11.853s][info][gc,stats    ]   Rendezvous                        385 us
[11.853s][info][gc,stats    ]   Purge Unlinked                     76 us
[11.853s][info][gc,stats    ]     Code Roots                       70 us
[11.853s][info][gc,stats    ]     CLDG                              5 us
[11.853s][info][gc,stats    ]     Exception Caches                  0 us
[11.853s][info][gc,stats    ] Pause Final Roots (G)               107 us
[11.853s][info][gc,stats    ] Pause Final Roots (N)                30 us
[11.853s][info][gc,stats    ] 
[11.853s][info][gc,stats    ] Allocation pacing accrued:
[11.853s][info][gc,stats    ]       0 of   204 ms (  0.0%): <total>
[11.853s][info][gc,stats    ]       0 of   204 ms (  0.0%): <average total>
[11.853s][info][gc,stats    ] 
[11.853s][info][gc,metaspace] Metaspace: 12346K(12608K)->12352K(12608K) NonClass: 10691K(10816K)->10696K(10816K) Class: 1655K(1792K)->1655K(1792K)
[11.853s][info][gc,ergo     ] Pacer for Idle. Initial: 163M, Alloc Tax Rate: 1.0x
[12.047s][info][gc          ] Trigger: Explicit GC request (System.gc())
[12.047s][info][gc,ergo     ] Free: 7621M, Max: 4096K regular, 7568M humongous, Frag: 0% external, 0% internal; Reserve: 412M, Max: 4096K
[12.047s][info][gc,start    ] GC(50) Concurrent reset
[12.048s][info][gc,task     ] GC(50) Using 1 of 3 workers for concurrent reset
[12.048s][info][gc,ergo     ] GC(50) Pacer for Reset. Non-Taxable: 8192M
[12.048s][info][gc          ] GC(50) Concurrent reset 0.459ms
[12.048s][info][gc,start    ] GC(50) Pause Init Mark (unload classes)
[12.048s][info][gc,task     ] GC(50) Using 3 of 3 workers for init marking
[12.048s][info][gc,ref      ] GC(50) Clearing All SoftReferences
[12.048s][info][gc,ergo     ] GC(50) Pacer for Mark. Expected Live: 25379K, Free: 7621M, Non-Taxable: 762M, Alloc Tax Rate: 0.0x
[12.048s][info][gc          ] GC(50) Pause Init Mark (unload classes) 0.151ms
[12.048s][info][gc,start    ] GC(50) Concurrent marking roots
[12.048s][info][gc,task     ] GC(50) Using 1 of 3 workers for concurrent marking roots
[12.049s][info][gc          ] GC(50) Concurrent marking roots 0.670ms
[12.049s][info][gc,start    ] GC(50) Concurrent marking (unload classes)
[12.049s][info][gc,task     ] GC(50) Using 1 of 3 workers for concurrent marking
[12.069s][info][gc          ] GC(50) Concurrent marking (unload classes) 19.820ms
[12.069s][info][gc,start    ] GC(50) Pause Final Mark (unload classes)
[12.069s][info][gc,task     ] GC(50) Using 3 of 3 workers for final marking
[12.069s][info][gc,ergo     ] GC(50) Collectable Garbage: 123M (93%), Immediate: 123M (93%), CSet: 0B (0%)
[12.069s][info][gc          ] GC(50) Pause Final Mark (unload classes) 0.230ms
[12.069s][info][gc,start    ] GC(50) Concurrent weak references
[12.069s][info][gc,task     ] GC(50) Using 1 of 3 workers for concurrent weak references
[12.069s][info][gc,ref      ] GC(50) Encountered references: Soft: 154, Weak: 720, Final: 0, Phantom: 33
[12.069s][info][gc,ref      ] GC(50) Discovered  references: Soft: 96, Weak: 158, Final: 0, Phantom: 31
[12.069s][info][gc,ref      ] GC(50) Enqueued    references: Soft: 3, Weak: 0, Final: 0, Phantom: 0
[12.069s][info][gc          ] GC(50) Concurrent weak references 0.167ms
[12.069s][info][gc,start    ] GC(50) Concurrent weak roots
[12.069s][info][gc,task     ] GC(50) Using 1 of 3 workers for concurrent weak root
[12.070s][info][gc          ] GC(50) Concurrent weak roots 0.539ms
[12.070s][info][gc,start    ] GC(50) Concurrent cleanup
[12.070s][info][gc          ] GC(50) Concurrent cleanup 158M->34M(8192M) 0.021ms
[12.070s][info][gc,ergo     ] GC(50) Free: 7745M, Max: 4096K regular, 7572M humongous, Frag: 2% external, 0% internal; Reserve: 412M, Max: 4096K
[12.070s][info][gc,start    ] GC(50) Concurrent class unloading
[12.070s][info][gc,task     ] GC(50) Using 1 of 3 workers for concurrent class unloading
[12.072s][info][gc          ] GC(50) Concurrent class unloading 2.342ms
[12.072s][info][gc,start    ] GC(50) Pause Final Roots
[12.073s][info][gc          ] GC(50) Pause Final Roots 0.052ms
[12.073s][info][gc,ergo     ] Free: 7745M, Max: 4096K regular, 7572M humongous, Frag: 2% external, 0% internal; Reserve: 412M, Max: 4096K
[12.073s][info][gc,stats    ] 
[12.073s][info][gc,stats    ] All times are wall-clock times, except per-root-class counters, that are sum over
[12.073s][info][gc,stats    ] all workers. Dividing the <total> over the root stage time estimates parallelism.
[12.073s][info][gc,stats    ] 
[12.073s][info][gc,stats    ] Concurrent Reset                    543 us
[12.073s][info][gc,stats    ] Pause Init Mark (G)                 246 us
[12.073s][info][gc,stats    ] Pause Init Mark (N)                 160 us
[12.073s][info][gc,stats    ]   Update Region States               73 us
[12.073s][info][gc,stats    ] Concurrent Mark Roots               689 us, parallelism: 0.79x
[12.073s][info][gc,stats    ]   CMR: <total>                      545 us
[12.073s][info][gc,stats    ]   CMR: Thread Roots                 469 us, workers (us): 469, ---, ---, 
[12.073s][info][gc,stats    ]   CMR: VM Strong Roots                9 us, workers (us):   9, ---, ---, 
[12.073s][info][gc,stats    ]   CMR: CLDG Roots                    67 us, workers (us):  67, ---, ---, 
[12.073s][info][gc,stats    ] Concurrent Marking                19885 us
[12.073s][info][gc,stats    ] Pause Final Mark (G)                353 us
[12.073s][info][gc,stats    ] Pause Final Mark (N)                243 us
[12.073s][info][gc,stats    ]   Finish Mark                        87 us
[12.073s][info][gc,stats    ]   Update Region States               53 us
[12.073s][info][gc,stats    ]   Choose Collection Set              37 us
[12.073s][info][gc,stats    ]   Rebuild Free Set                    9 us
[12.073s][info][gc,stats    ] Concurrent Weak References          183 us, parallelism: 0.04x
[12.073s][info][gc,stats    ]   CWRF: <total>                       7 us
[12.073s][info][gc,stats    ]   CWRF: Weak References               7 us, workers (us):   7, ---, ---, 
[12.073s][info][gc,stats    ] Concurrent Weak Roots               559 us
[12.073s][info][gc,stats    ]   Roots                             440 us, parallelism: 0.84x
[12.073s][info][gc,stats    ]     CWR: <total>                    369 us
[12.073s][info][gc,stats    ]     CWR: Code Cache Roots           300 us, workers (us): 300, ---, ---, 
[12.073s][info][gc,stats    ]     CWR: VM Weak Roots               63 us, workers (us):  63, ---, ---, 
[12.073s][info][gc,stats    ]     CWR: CLDG Roots                   6 us, workers (us):   6, ---, ---, 
[12.073s][info][gc,stats    ]   Rendezvous                         66 us
[12.073s][info][gc,stats    ] Concurrent Cleanup                   29 us
[12.073s][info][gc,stats    ] Concurrent Class Unloading         2390 us
[12.073s][info][gc,stats    ]   Unlink Stale                     1958 us
[12.073s][info][gc,stats    ]     System Dictionary                 3 us
[12.073s][info][gc,stats    ]     Weak Class Links                  0 us
[12.073s][info][gc,stats    ]     Code Roots                     1954 us
[12.073s][info][gc,stats    ]   Rendezvous                        250 us
[12.073s][info][gc,stats    ]   Purge Unlinked                    116 us
[12.073s][info][gc,stats    ]     Code Roots                      107 us
[12.073s][info][gc,stats    ]     CLDG                              8 us
[12.073s][info][gc,stats    ]     Exception Caches                  0 us
[12.073s][info][gc,stats    ] Pause Final Roots (G)               191 us
[12.073s][info][gc,stats    ] Pause Final Roots (N)                75 us
[12.073s][info][gc,stats    ] 
[12.073s][info][gc,stats    ] Allocation pacing accrued:
[12.073s][info][gc,stats    ]       0 of   220 ms (  0.0%): <total>
[12.073s][info][gc,stats    ]       0 of   220 ms (  0.0%): <average total>
[12.073s][info][gc,stats    ] 
[12.073s][info][gc,metaspace] Metaspace: 12362K(12672K)->12362K(12672K) NonClass: 10706K(10880K)->10707K(10880K) Class: 1655K(1792K)->1655K(1792K)
[12.073s][info][gc,ergo     ] Pacer for Idle. Initial: 163M, Alloc Tax Rate: 1.0x
[12.251s][info][gc          ] Trigger: Explicit GC request (System.gc())
[12.251s][info][gc,ergo     ] Free: 7621M, Max: 4096K regular, 7568M humongous, Frag: 0% external, 0% internal; Reserve: 412M, Max: 4096K
[12.251s][info][gc,start    ] GC(51) Concurrent reset
[12.251s][info][gc,task     ] GC(51) Using 1 of 3 workers for concurrent reset
[12.251s][info][gc,ergo     ] GC(51) Pacer for Reset. Non-Taxable: 8192M
[12.252s][info][gc          ] GC(51) Concurrent reset 0.280ms
[12.252s][info][gc,start    ] GC(51) Pause Init Mark (unload classes)
[12.252s][info][gc,task     ] GC(51) Using 3 of 3 workers for init marking
[12.252s][info][gc,ref      ] GC(51) Clearing All SoftReferences
[12.252s][info][gc,ergo     ] GC(51) Pacer for Mark. Expected Live: 25379K, Free: 7621M, Non-Taxable: 762M, Alloc Tax Rate: 0.0x
[12.252s][info][gc          ] GC(51) Pause Init Mark (unload classes) 0.146ms
[12.252s][info][gc,start    ] GC(51) Concurrent marking roots
[12.252s][info][gc,task     ] GC(51) Using 1 of 3 workers for concurrent marking roots
[12.252s][info][gc          ] GC(51) Concurrent marking roots 0.450ms
[12.252s][info][gc,start    ] GC(51) Concurrent marking (unload classes)
[12.252s][info][gc,task     ] GC(51) Using 1 of 3 workers for concurrent marking
[12.272s][info][gc          ] GC(51) Concurrent marking (unload classes) 19.862ms
[12.272s][info][gc,start    ] GC(51) Pause Final Mark (unload classes)
[12.272s][info][gc,task     ] GC(51) Using 3 of 3 workers for final marking
[12.273s][info][gc,ergo     ] GC(51) Collectable Garbage: 124M (93%), Immediate: 124M (93%), CSet: 0B (0%)
[12.273s][info][gc          ] GC(51) Pause Final Mark (unload classes) 0.372ms
[12.273s][info][gc,start    ] GC(51) Concurrent weak references
[12.273s][info][gc,task     ] GC(51) Using 1 of 3 workers for concurrent weak references
[12.273s][info][gc,ref      ] GC(51) Encountered references: Soft: 154, Weak: 720, Final: 0, Phantom: 33
[12.273s][info][gc,ref      ] GC(51) Discovered  references: Soft: 96, Weak: 158, Final: 0, Phantom: 31
[12.273s][info][gc,ref      ] GC(51) Enqueued    references: Soft: 3, Weak: 0, Final: 0, Phantom: 0
[12.273s][info][gc          ] GC(51) Concurrent weak references 0.126ms
[12.273s][info][gc,start    ] GC(51) Concurrent weak roots
[12.273s][info][gc,task     ] GC(51) Using 1 of 3 workers for concurrent weak root
[12.273s][info][gc          ] GC(51) Concurrent weak roots 0.542ms
[12.273s][info][gc,start    ] GC(51) Concurrent cleanup
[12.273s][info][gc          ] GC(51) Concurrent cleanup 158M->34M(8192M) 0.023ms
[12.273s][info][gc,ergo     ] GC(51) Free: 7745M, Max: 4096K regular, 7568M humongous, Frag: 2% external, 0% internal; Reserve: 412M, Max: 4096K
[12.273s][info][gc,start    ] GC(51) Concurrent class unloading
[12.273s][info][gc,task     ] GC(51) Using 1 of 3 workers for concurrent class unloading
[12.275s][info][gc          ] GC(51) Concurrent class unloading 1.852ms
[12.275s][info][gc,start    ] GC(51) Pause Final Roots
[12.276s][info][gc          ] GC(51) Pause Final Roots 0.052ms
[12.276s][info][gc,ergo     ] Free: 7745M, Max: 4096K regular, 7568M humongous, Frag: 2% external, 0% internal; Reserve: 412M, Max: 4096K
[12.276s][info][gc,stats    ] 
[12.276s][info][gc,stats    ] All times are wall-clock times, except per-root-class counters, that are sum over
[12.276s][info][gc,stats    ] all workers. Dividing the <total> over the root stage time estimates parallelism.
[12.276s][info][gc,stats    ] 
[12.276s][info][gc,stats    ] Concurrent Reset                    317 us
[12.276s][info][gc,stats    ] Pause Init Mark (G)                 243 us
[12.276s][info][gc,stats    ] Pause Init Mark (N)                 155 us
[12.276s][info][gc,stats    ]   Update Region States               70 us
[12.276s][info][gc,stats    ] Concurrent Mark Roots               470 us, parallelism: 0.69x
[12.276s][info][gc,stats    ]   CMR: <total>                      323 us
[12.276s][info][gc,stats    ]   CMR: Thread Roots                 271 us, workers (us): 271, ---, ---, 
[12.276s][info][gc,stats    ]   CMR: VM Strong Roots                6 us, workers (us):   6, ---, ---, 
[12.276s][info][gc,stats    ]   CMR: CLDG Roots                    46 us, workers (us):  46, ---, ---, 
[12.276s][info][gc,stats    ] Concurrent Marking                19930 us
[12.276s][info][gc,stats    ] Pause Final Mark (G)                506 us
[12.276s][info][gc,stats    ] Pause Final Mark (N)                397 us
[12.276s][info][gc,stats    ]   Finish Mark                        91 us
[12.276s][info][gc,stats    ]   Update Region States               98 us
[12.276s][info][gc,stats    ]   Choose Collection Set              74 us
[12.276s][info][gc,stats    ]   Rebuild Free Set                   21 us
[12.276s][info][gc,stats    ] Concurrent Weak References          133 us, parallelism: 0.05x
[12.276s][info][gc,stats    ]   CWRF: <total>                       7 us
[12.276s][info][gc,stats    ]   CWRF: Weak References               7 us, workers (us):   7, ---, ---, 
[12.276s][info][gc,stats    ] Concurrent Weak Roots               561 us
[12.276s][info][gc,stats    ]   Roots                             423 us, parallelism: 0.87x
[12.276s][info][gc,stats    ]     CWR: <total>                    370 us
[12.276s][info][gc,stats    ]     CWR: Code Cache Roots           304 us, workers (us): 304, ---, ---, 
[12.276s][info][gc,stats    ]     CWR: VM Weak Roots               61 us, workers (us):  61, ---, ---, 
[12.276s][info][gc,stats    ]     CWR: CLDG Roots                   6 us, workers (us):   6, ---, ---, 
[12.276s][info][gc,stats    ]   Rendezvous                        104 us
[12.276s][info][gc,stats    ] Concurrent Cleanup                   31 us
[12.276s][info][gc,stats    ] Concurrent Class Unloading         1895 us
[12.276s][info][gc,stats    ]   Unlink Stale                     1653 us
[12.276s][info][gc,stats    ]     System Dictionary                 3 us
[12.276s][info][gc,stats    ]     Weak Class Links                  0 us
[12.276s][info][gc,stats    ]     Code Roots                     1649 us
[12.276s][info][gc,stats    ]   Rendezvous                         84 us
[12.276s][info][gc,stats    ]   Purge Unlinked                     93 us
[12.276s][info][gc,stats    ]     Code Roots                       88 us
[12.276s][info][gc,stats    ]     CLDG                              5 us
[12.276s][info][gc,stats    ]     Exception Caches                  0 us
[12.276s][info][gc,stats    ] Pause Final Roots (G)               243 us
[12.276s][info][gc,stats    ] Pause Final Roots (N)                75 us
[12.276s][info][gc,stats    ] 
[12.276s][info][gc,stats    ] Allocation pacing accrued:
[12.276s][info][gc,stats    ]       0 of   203 ms (  0.0%): <total>
[12.276s][info][gc,stats    ]       0 of   203 ms (  0.0%): <average total>
[12.276s][info][gc,stats    ] 
[12.276s][info][gc,metaspace] Metaspace: 12362K(12672K)->12362K(12672K) NonClass: 10707K(10880K)->10707K(10880K) Class: 1655K(1792K)->1655K(1792K)
[12.276s][info][gc,ergo     ] Pacer for Idle. Initial: 163M, Alloc Tax Rate: 1.0x
[12.455s][info][gc          ] Trigger: Explicit GC request (System.gc())
[12.455s][info][gc,ergo     ] Free: 7621M, Max: 4096K regular, 7568M humongous, Frag: 0% external, 0% internal; Reserve: 412M, Max: 4096K
[12.455s][info][gc,start    ] GC(52) Concurrent reset
[12.455s][info][gc,task     ] GC(52) Using 1 of 3 workers for concurrent reset
[12.455s][info][gc,ergo     ] GC(52) Pacer for Reset. Non-Taxable: 8192M
[12.456s][info][gc          ] GC(52) Concurrent reset 0.371ms
[12.456s][info][gc,start    ] GC(52) Pause Init Mark (unload classes)
[12.456s][info][gc,task     ] GC(52) Using 3 of 3 workers for init marking
[12.456s][info][gc,ref      ] GC(52) Clearing All SoftReferences
[12.456s][info][gc,ergo     ] GC(52) Pacer for Mark. Expected Live: 25379K, Free: 7621M, Non-Taxable: 762M, Alloc Tax Rate: 0.0x
[12.456s][info][gc          ] GC(52) Pause Init Mark (unload classes) 0.283ms
[12.456s][info][gc,start    ] GC(52) Concurrent marking roots
[12.456s][info][gc,task     ] GC(52) Using 1 of 3 workers for concurrent marking roots
[12.457s][info][gc          ] GC(52) Concurrent marking roots 0.681ms
[12.457s][info][gc,start    ] GC(52) Concurrent marking (unload classes)
[12.457s][info][gc,task     ] GC(52) Using 1 of 3 workers for concurrent marking
[12.477s][info][gc          ] GC(52) Concurrent marking (unload classes) 20.137ms
[12.477s][info][gc,start    ] GC(52) Pause Final Mark (unload classes)
[12.477s][info][gc,task     ] GC(52) Using 3 of 3 workers for final marking
[12.478s][info][gc,ergo     ] GC(52) Collectable Garbage: 123M (93%), Immediate: 123M (93%), CSet: 0B (0%)
[12.478s][info][gc          ] GC(52) Pause Final Mark (unload classes) 0.402ms
[12.478s][info][gc,start    ] GC(52) Concurrent weak references
[12.478s][info][gc,task     ] GC(52) Using 1 of 3 workers for concurrent weak references
[12.478s][info][gc,ref      ] GC(52) Encountered references: Soft: 154, Weak: 720, Final: 0, Phantom: 33
[12.478s][info][gc,ref      ] GC(52) Discovered  references: Soft: 96, Weak: 158, Final: 0, Phantom: 31
[12.478s][info][gc,ref      ] GC(52) Enqueued    references: Soft: 3, Weak: 0, Final: 0, Phantom: 0
[12.478s][info][gc          ] GC(52) Concurrent weak references 0.125ms
[12.478s][info][gc,start    ] GC(52) Concurrent weak roots
[12.478s][info][gc,task     ] GC(52) Using 1 of 3 workers for concurrent weak root
[12.478s][info][gc          ] GC(52) Concurrent weak roots 0.507ms
[12.478s][info][gc,start    ] GC(52) Concurrent cleanup
[12.478s][info][gc          ] GC(52) Concurrent cleanup 158M->34M(8192M) 0.023ms
[12.478s][info][gc,ergo     ] GC(52) Free: 7745M, Max: 4096K regular, 7572M humongous, Frag: 2% external, 0% internal; Reserve: 412M, Max: 4096K
[12.478s][info][gc,start    ] GC(52) Concurrent class unloading
[12.478s][info][gc,task     ] GC(52) Using 1 of 3 workers for concurrent class unloading
[12.480s][info][gc          ] GC(52) Concurrent class unloading 1.974ms
[12.480s][info][gc,start    ] GC(52) Pause Final Roots
[12.480s][info][gc          ] GC(52) Pause Final Roots 0.023ms
[12.481s][info][gc,ergo     ] Free: 7745M, Max: 4096K regular, 7572M humongous, Frag: 2% external, 0% internal; Reserve: 412M, Max: 4096K
[12.481s][info][gc,stats    ] 
[12.481s][info][gc,stats    ] All times are wall-clock times, except per-root-class counters, that are sum over
[12.481s][info][gc,stats    ] all workers. Dividing the <total> over the root stage time estimates parallelism.
[12.481s][info][gc,stats    ] 
[12.481s][info][gc,stats    ] Concurrent Reset                    428 us
[12.481s][info][gc,stats    ] Pause Init Mark (G)                 447 us
[12.481s][info][gc,stats    ] Pause Init Mark (N)                 305 us
[12.481s][info][gc,stats    ]   Update Region States              131 us
[12.481s][info][gc,stats    ] Concurrent Mark Roots               706 us, parallelism: 0.70x
[12.481s][info][gc,stats    ]   CMR: <total>                      493 us
[12.481s][info][gc,stats    ]   CMR: Thread Roots                 403 us, workers (us): 403, ---, ---, 
[12.481s][info][gc,stats    ]   CMR: VM Strong Roots               10 us, workers (us):  10, ---, ---, 
[12.481s][info][gc,stats    ]   CMR: CLDG Roots                    80 us, workers (us):  80, ---, ---, 
[12.481s][info][gc,stats    ] Concurrent Marking                20192 us
[12.481s][info][gc,stats    ] Pause Final Mark (G)                540 us
[12.481s][info][gc,stats    ] Pause Final Mark (N)                428 us
[12.481s][info][gc,stats    ]   Finish Mark                       150 us
[12.481s][info][gc,stats    ]   Update Region States               69 us
[12.481s][info][gc,stats    ]   Choose Collection Set              93 us
[12.481s][info][gc,stats    ]   Rebuild Free Set                   22 us
[12.481s][info][gc,stats    ] Concurrent Weak References          132 us, parallelism: 0.06x
[12.481s][info][gc,stats    ]   CWRF: <total>                       8 us
[12.481s][info][gc,stats    ]   CWRF: Weak References               8 us, workers (us):   8, ---, ---, 
[12.481s][info][gc,stats    ] Concurrent Weak Roots               528 us
[12.481s][info][gc,stats    ]   Roots                             434 us, parallelism: 0.87x
[12.481s][info][gc,stats    ]     CWR: <total>                    378 us
[12.481s][info][gc,stats    ]     CWR: Code Cache Roots           311 us, workers (us): 311, ---, ---, 
[12.481s][info][gc,stats    ]     CWR: VM Weak Roots               61 us, workers (us):  61, ---, ---, 
[12.481s][info][gc,stats    ]     CWR: CLDG Roots                   6 us, workers (us):   6, ---, ---, 
[12.481s][info][gc,stats    ]   Rendezvous                         58 us
[12.481s][info][gc,stats    ] Concurrent Cleanup                   32 us
[12.481s][info][gc,stats    ] Concurrent Class Unloading         2020 us
[12.481s][info][gc,stats    ]   Unlink Stale                     1779 us
[12.481s][info][gc,stats    ]     System Dictionary                 5 us
[12.481s][info][gc,stats    ]     Weak Class Links                  0 us
[12.481s][info][gc,stats    ]     Code Roots                     1772 us
[12.481s][info][gc,stats    ]   Rendezvous                         46 us
[12.481s][info][gc,stats    ]   Purge Unlinked                    130 us
[12.481s][info][gc,stats    ]     Code Roots                      124 us
[12.481s][info][gc,stats    ]     CLDG                              5 us
[12.481s][info][gc,stats    ]     Exception Caches                  0 us
[12.481s][info][gc,stats    ] Pause Final Roots (G)                84 us
[12.481s][info][gc,stats    ] Pause Final Roots (N)                32 us
[12.481s][info][gc,stats    ] 
[12.481s][info][gc,stats    ] Allocation pacing accrued:
[12.481s][info][gc,stats    ]       0 of   205 ms (  0.0%): <total>
[12.481s][info][gc,stats    ]       0 of   205 ms (  0.0%): <average total>
[12.481s][info][gc,stats    ] 
[12.481s][info][gc,metaspace] Metaspace: 12362K(12672K)->12362K(12672K) NonClass: 10707K(10880K)->10707K(10880K) Class: 1655K(1792K)->1655K(1792K)
[12.481s][info][gc,ergo     ] Pacer for Idle. Initial: 163M, Alloc Tax Rate: 1.0x
[12.676s][info][gc          ] Trigger: Explicit GC request (System.gc())
[12.676s][info][gc,ergo     ] Free: 7621M, Max: 4096K regular, 7568M humongous, Frag: 0% external, 0% internal; Reserve: 412M, Max: 4096K
[12.676s][info][gc,start    ] GC(53) Concurrent reset
[12.676s][info][gc,task     ] GC(53) Using 1 of 3 workers for concurrent reset
[12.676s][info][gc,ergo     ] GC(53) Pacer for Reset. Non-Taxable: 8192M
[12.676s][info][gc          ] GC(53) Concurrent reset 0.485ms
[12.677s][info][gc,start    ] GC(53) Pause Init Mark (unload classes)
[12.677s][info][gc,task     ] GC(53) Using 3 of 3 workers for init marking
[12.677s][info][gc,ref      ] GC(53) Clearing All SoftReferences
[12.677s][info][gc,ergo     ] GC(53) Pacer for Mark. Expected Live: 25379K, Free: 7621M, Non-Taxable: 762M, Alloc Tax Rate: 0.0x
[12.677s][info][gc          ] GC(53) Pause Init Mark (unload classes) 0.218ms
[12.677s][info][gc,start    ] GC(53) Concurrent marking roots
[12.677s][info][gc,task     ] GC(53) Using 1 of 3 workers for concurrent marking roots
[12.678s][info][gc          ] GC(53) Concurrent marking roots 0.795ms
[12.678s][info][gc,start    ] GC(53) Concurrent marking (unload classes)
[12.678s][info][gc,task     ] GC(53) Using 1 of 3 workers for concurrent marking
[12.697s][info][gc          ] GC(53) Concurrent marking (unload classes) 19.512ms
[12.697s][info][gc,start    ] GC(53) Pause Final Mark (unload classes)
[12.697s][info][gc,task     ] GC(53) Using 3 of 3 workers for final marking
[12.698s][info][gc,ergo     ] GC(53) Collectable Garbage: 124M (93%), Immediate: 124M (93%), CSet: 0B (0%)
[12.698s][info][gc          ] GC(53) Pause Final Mark (unload classes) 0.245ms
[12.698s][info][gc,start    ] GC(53) Concurrent weak references
[12.698s][info][gc,task     ] GC(53) Using 1 of 3 workers for concurrent weak references
[12.698s][info][gc,ref      ] GC(53) Encountered references: Soft: 154, Weak: 720, Final: 0, Phantom: 33
[12.698s][info][gc,ref      ] GC(53) Discovered  references: Soft: 96, Weak: 158, Final: 0, Phantom: 31
[12.698s][info][gc,ref      ] GC(53) Enqueued    references: Soft: 3, Weak: 0, Final: 0, Phantom: 0
[12.698s][info][gc          ] GC(53) Concurrent weak references 0.120ms
[12.698s][info][gc,start    ] GC(53) Concurrent weak roots
[12.698s][info][gc,task     ] GC(53) Using 1 of 3 workers for concurrent weak root
[12.698s][info][gc          ] GC(53) Concurrent weak roots 0.676ms
[12.698s][info][gc,start    ] GC(53) Concurrent cleanup
[12.698s][info][gc          ] GC(53) Concurrent cleanup 158M->34M(8192M) 0.027ms
[12.698s][info][gc,ergo     ] GC(53) Free: 7745M, Max: 4096K regular, 7568M humongous, Frag: 2% external, 0% internal; Reserve: 412M, Max: 4096K
[12.698s][info][gc,start    ] GC(53) Concurrent class unloading
[12.698s][info][gc,task     ] GC(53) Using 1 of 3 workers for concurrent class unloading
[12.701s][info][gc          ] GC(53) Concurrent class unloading 2.531ms
[12.701s][info][gc,start    ] GC(53) Pause Final Roots
[12.701s][info][gc          ] GC(53) Pause Final Roots 0.048ms
[12.701s][info][gc,ergo     ] Free: 7745M, Max: 4096K regular, 7568M humongous, Frag: 2% external, 0% internal; Reserve: 412M, Max: 4096K
[12.701s][info][gc,stats    ] 
[12.701s][info][gc,stats    ] All times are wall-clock times, except per-root-class counters, that are sum over
[12.701s][info][gc,stats    ] all workers. Dividing the <total> over the root stage time estimates parallelism.
[12.701s][info][gc,stats    ] 
[12.701s][info][gc,stats    ] Concurrent Reset                    552 us
[12.701s][info][gc,stats    ] Pause Init Mark (G)                 372 us
[12.701s][info][gc,stats    ] Pause Init Mark (N)                 239 us
[12.701s][info][gc,stats    ]   Update Region States               78 us
[12.701s][info][gc,stats    ] Concurrent Mark Roots               819 us, parallelism: 0.79x
[12.701s][info][gc,stats    ]   CMR: <total>                      651 us
[12.701s][info][gc,stats    ]   CMR: Thread Roots                 583 us, workers (us): 583, ---, ---, 
[12.701s][info][gc,stats    ]   CMR: VM Strong Roots                6 us, workers (us):   6, ---, ---, 
[12.701s][info][gc,stats    ]   CMR: CLDG Roots                    61 us, workers (us):  61, ---, ---, 
[12.702s][info][gc,stats    ] Concurrent Marking                19556 us
[12.702s][info][gc,stats    ] Pause Final Mark (G)                309 us
[12.702s][info][gc,stats    ] Pause Final Mark (N)                254 us
[12.702s][info][gc,stats    ]   Finish Mark                       103 us
[12.702s][info][gc,stats    ]   Update Region States               65 us
[12.702s][info][gc,stats    ]   Choose Collection Set              35 us
[12.702s][info][gc,stats    ]   Rebuild Free Set                    8 us
[12.702s][info][gc,stats    ] Concurrent Weak References          128 us, parallelism: 0.12x
[12.702s][info][gc,stats    ]   CWRF: <total>                      16 us
[12.702s][info][gc,stats    ]   CWRF: Weak References              16 us, workers (us):  16, ---, ---, 
[12.702s][info][gc,stats    ] Concurrent Weak Roots               713 us
[12.702s][info][gc,stats    ]   Roots                             575 us, parallelism: 0.90x
[12.702s][info][gc,stats    ]     CWR: <total>                    518 us
[12.702s][info][gc,stats    ]     CWR: Code Cache Roots           399 us, workers (us): 399, ---, ---, 
[12.702s][info][gc,stats    ]     CWR: VM Weak Roots              111 us, workers (us): 111, ---, ---, 
[12.702s][info][gc,stats    ]     CWR: CLDG Roots                   7 us, workers (us):   7, ---, ---, 
[12.702s][info][gc,stats    ]   Rendezvous                         84 us
[12.702s][info][gc,stats    ] Concurrent Cleanup                   36 us
[12.702s][info][gc,stats    ] Concurrent Class Unloading         2577 us
[12.702s][info][gc,stats    ]   Unlink Stale                     2116 us
[12.702s][info][gc,stats    ]     System Dictionary                 5 us
[12.702s][info][gc,stats    ]     Weak Class Links                  0 us
[12.702s][info][gc,stats    ]     Code Roots                     2109 us
[12.702s][info][gc,stats    ]   Rendezvous                        298 us
[12.702s][info][gc,stats    ]   Purge Unlinked                     99 us
[12.702s][info][gc,stats    ]     Code Roots                       93 us
[12.702s][info][gc,stats    ]     CLDG                              5 us
[12.702s][info][gc,stats    ]     Exception Caches                  0 us
[12.702s][info][gc,stats    ] Pause Final Roots (G)               167 us
[12.702s][info][gc,stats    ] Pause Final Roots (N)                58 us
[12.702s][info][gc,stats    ] 
[12.702s][info][gc,stats    ] Allocation pacing accrued:
[12.702s][info][gc,stats    ]       0 of   221 ms (  0.0%): <total>
[12.702s][info][gc,stats    ]       0 of   221 ms (  0.0%): <average total>
[12.702s][info][gc,stats    ] 
[12.702s][info][gc,metaspace] Metaspace: 12362K(12672K)->12362K(12672K) NonClass: 10707K(10880K)->10707K(10880K) Class: 1655K(1792K)->1655K(1792K)
[12.702s][info][gc,ergo     ] Pacer for Idle. Initial: 163M, Alloc Tax Rate: 1.0x
[12.895s][info][gc          ] Trigger: Explicit GC request (System.gc())
[12.895s][info][gc,ergo     ] Free: 7621M, Max: 4096K regular, 7568M humongous, Frag: 0% external, 0% internal; Reserve: 412M, Max: 4096K
[12.895s][info][gc,start    ] GC(54) Concurrent reset
[12.896s][info][gc,task     ] GC(54) Using 1 of 3 workers for concurrent reset
[12.896s][info][gc,ergo     ] GC(54) Pacer for Reset. Non-Taxable: 8192M
[12.896s][info][gc          ] GC(54) Concurrent reset 0.513ms
[12.896s][info][gc,start    ] GC(54) Pause Init Mark (unload classes)
[12.896s][info][gc,task     ] GC(54) Using 3 of 3 workers for init marking
[12.896s][info][gc,ref      ] GC(54) Clearing All SoftReferences
[12.896s][info][gc,ergo     ] GC(54) Pacer for Mark. Expected Live: 25379K, Free: 7621M, Non-Taxable: 762M, Alloc Tax Rate: 0.0x
[12.896s][info][gc          ] GC(54) Pause Init Mark (unload classes) 0.301ms
[12.897s][info][gc,start    ] GC(54) Concurrent marking roots
[12.897s][info][gc,task     ] GC(54) Using 1 of 3 workers for concurrent marking roots
[12.897s][info][gc          ] GC(54) Concurrent marking roots 0.794ms
[12.897s][info][gc,start    ] GC(54) Concurrent marking (unload classes)
[12.897s][info][gc,task     ] GC(54) Using 1 of 3 workers for concurrent marking
[12.917s][info][gc          ] GC(54) Concurrent marking (unload classes) 19.971ms
[12.917s][info][gc,start    ] GC(54) Pause Final Mark (unload classes)
[12.917s][info][gc,task     ] GC(54) Using 3 of 3 workers for final marking
[12.918s][info][gc,ergo     ] GC(54) Collectable Garbage: 123M (93%), Immediate: 123M (93%), CSet: 0B (0%)
[12.918s][info][gc          ] GC(54) Pause Final Mark (unload classes) 0.311ms
[12.918s][info][gc,start    ] GC(54) Concurrent weak references
[12.918s][info][gc,task     ] GC(54) Using 1 of 3 workers for concurrent weak references
[12.918s][info][gc,ref      ] GC(54) Encountered references: Soft: 154, Weak: 720, Final: 0, Phantom: 33
[12.918s][info][gc,ref      ] GC(54) Discovered  references: Soft: 96, Weak: 158, Final: 0, Phantom: 31
[12.918s][info][gc,ref      ] GC(54) Enqueued    references: Soft: 3, Weak: 0, Final: 0, Phantom: 0
[12.918s][info][gc          ] GC(54) Concurrent weak references 0.239ms
[12.918s][info][gc,start    ] GC(54) Concurrent weak roots
[12.918s][info][gc,task     ] GC(54) Using 1 of 3 workers for concurrent weak root
[12.919s][info][gc          ] GC(54) Concurrent weak roots 0.513ms
[12.919s][info][gc,start    ] GC(54) Concurrent cleanup
[12.919s][info][gc          ] GC(54) Concurrent cleanup 158M->34M(8192M) 0.021ms
[12.919s][info][gc,ergo     ] GC(54) Free: 7745M, Max: 4096K regular, 7572M humongous, Frag: 2% external, 0% internal; Reserve: 412M, Max: 4096K
[12.919s][info][gc,start    ] GC(54) Concurrent class unloading
[12.919s][info][gc,task     ] GC(54) Using 1 of 3 workers for concurrent class unloading
[12.920s][info][gc          ] GC(54) Concurrent class unloading 1.810ms
[12.921s][info][gc,start    ] GC(54) Pause Final Roots
[12.921s][info][gc          ] GC(54) Pause Final Roots 0.054ms
[12.921s][info][gc,ergo     ] Free: 7745M, Max: 4096K regular, 7572M humongous, Frag: 2% external, 0% internal; Reserve: 412M, Max: 4096K
[12.921s][info][gc,stats    ] 
[12.921s][info][gc,stats    ] All times are wall-clock times, except per-root-class counters, that are sum over
[12.921s][info][gc,stats    ] all workers. Dividing the <total> over the root stage time estimates parallelism.
[12.921s][info][gc,stats    ] 
[12.921s][info][gc,stats    ] Concurrent Reset                    564 us
[12.921s][info][gc,stats    ] Pause Init Mark (G)                 471 us
[12.921s][info][gc,stats    ] Pause Init Mark (N)                 320 us
[12.921s][info][gc,stats    ]   Update Region States              117 us
[12.921s][info][gc,stats    ] Concurrent Mark Roots               821 us, parallelism: 0.82x
[12.921s][info][gc,stats    ]   CMR: <total>                      669 us
[12.921s][info][gc,stats    ]   CMR: Thread Roots                 592 us, workers (us): 592, ---, ---, 
[12.921s][info][gc,stats    ]   CMR: VM Strong Roots                9 us, workers (us):   9, ---, ---, 
[12.921s][info][gc,stats    ]   CMR: CLDG Roots                    69 us, workers (us):  69, ---, ---, 
[12.921s][info][gc,stats    ] Concurrent Marking                20036 us
[12.921s][info][gc,stats    ] Pause Final Mark (G)                426 us
[12.921s][info][gc,stats    ] Pause Final Mark (N)                341 us
[12.921s][info][gc,stats    ]   Finish Mark                        86 us
[12.921s][info][gc,stats    ]   Update Region States               76 us
[12.921s][info][gc,stats    ]   Choose Collection Set              79 us
[12.921s][info][gc,stats    ]   Rebuild Free Set                   21 us
[12.921s][info][gc,stats    ] Concurrent Weak References          256 us, parallelism: 0.05x
[12.921s][info][gc,stats    ]   CWRF: <total>                      12 us
[12.921s][info][gc,stats    ]   CWRF: Weak References              12 us, workers (us):  12, ---, ---, 
[12.921s][info][gc,stats    ] Concurrent Weak Roots               532 us
[12.921s][info][gc,stats    ]   Roots                             437 us, parallelism: 0.85x
[12.921s][info][gc,stats    ]     CWR: <total>                    371 us
[12.921s][info][gc,stats    ]     CWR: Code Cache Roots           303 us, workers (us): 303, ---, ---, 
[12.921s][info][gc,stats    ]     CWR: VM Weak Roots               62 us, workers (us):  62, ---, ---, 
[12.921s][info][gc,stats    ]     CWR: CLDG Roots                   6 us, workers (us):   6, ---, ---, 
[12.921s][info][gc,stats    ]   Rendezvous                         44 us
[12.921s][info][gc,stats    ] Concurrent Cleanup                   29 us
[12.921s][info][gc,stats    ] Concurrent Class Unloading         1843 us
[12.921s][info][gc,stats    ]   Unlink Stale                     1630 us
[12.921s][info][gc,stats    ]     System Dictionary                 3 us
[12.921s][info][gc,stats    ]     Weak Class Links                  0 us
[12.921s][info][gc,stats    ]     Code Roots                     1625 us
[12.921s][info][gc,stats    ]   Rendezvous                         56 us
[12.921s][info][gc,stats    ]   Purge Unlinked                    108 us
[12.921s][info][gc,stats    ]     Code Roots                      103 us
[12.921s][info][gc,stats    ]     CLDG                              5 us
[12.921s][info][gc,stats    ]     Exception Caches                  0 us
[12.921s][info][gc,stats    ] Pause Final Roots (G)               164 us
[12.921s][info][gc,stats    ] Pause Final Roots (N)                77 us
[12.921s][info][gc,stats    ] 
[12.921s][info][gc,stats    ] Allocation pacing accrued:
[12.921s][info][gc,stats    ]       0 of   219 ms (  0.0%): <total>
[12.921s][info][gc,stats    ]       0 of   219 ms (  0.0%): <average total>
[12.921s][info][gc,stats    ] 
[12.921s][info][gc,metaspace] Metaspace: 12362K(12672K)->12362K(12672K) NonClass: 10707K(10880K)->10707K(10880K) Class: 1655K(1792K)->1655K(1792K)
[12.921s][info][gc,ergo     ] Pacer for Idle. Initial: 163M, Alloc Tax Rate: 1.0x
[13.100s][info][gc          ] Trigger: Explicit GC request (System.gc())
[13.100s][info][gc,ergo     ] Free: 7621M, Max: 4096K regular, 7568M humongous, Frag: 0% external, 0% internal; Reserve: 412M, Max: 4096K
[13.100s][info][gc,start    ] GC(55) Concurrent reset
[13.100s][info][gc,task     ] GC(55) Using 1 of 3 workers for concurrent reset
[13.100s][info][gc,ergo     ] GC(55) Pacer for Reset. Non-Taxable: 8192M
[13.100s][info][gc          ] GC(55) Concurrent reset 0.327ms
[13.100s][info][gc,start    ] GC(55) Pause Init Mark (unload classes)
[13.100s][info][gc,task     ] GC(55) Using 3 of 3 workers for init marking
[13.100s][info][gc,ref      ] GC(55) Clearing All SoftReferences
[13.100s][info][gc,ergo     ] GC(55) Pacer for Mark. Expected Live: 25379K, Free: 7621M, Non-Taxable: 762M, Alloc Tax Rate: 0.0x
[13.100s][info][gc          ] GC(55) Pause Init Mark (unload classes) 0.090ms
[13.100s][info][gc,start    ] GC(55) Concurrent marking roots
[13.100s][info][gc,task     ] GC(55) Using 1 of 3 workers for concurrent marking roots
[13.101s][info][gc          ] GC(55) Concurrent marking roots 0.419ms
[13.101s][info][gc,start    ] GC(55) Concurrent marking (unload classes)
[13.101s][info][gc,task     ] GC(55) Using 1 of 3 workers for concurrent marking
[13.121s][info][gc          ] GC(55) Concurrent marking (unload classes) 20.095ms
[13.121s][info][gc,start    ] GC(55) Pause Final Mark (unload classes)
[13.121s][info][gc,task     ] GC(55) Using 3 of 3 workers for final marking
[13.121s][info][gc,ergo     ] GC(55) Collectable Garbage: 124M (93%), Immediate: 124M (93%), CSet: 0B (0%)
[13.121s][info][gc          ] GC(55) Pause Final Mark (unload classes) 0.243ms
[13.121s][info][gc,start    ] GC(55) Concurrent weak references
[13.121s][info][gc,task     ] GC(55) Using 1 of 3 workers for concurrent weak references
[13.121s][info][gc,ref      ] GC(55) Encountered references: Soft: 154, Weak: 720, Final: 0, Phantom: 33
[13.121s][info][gc,ref      ] GC(55) Discovered  references: Soft: 96, Weak: 158, Final: 0, Phantom: 31
[13.121s][info][gc,ref      ] GC(55) Enqueued    references: Soft: 3, Weak: 0, Final: 0, Phantom: 0
[13.122s][info][gc          ] GC(55) Concurrent weak references 0.149ms
[13.122s][info][gc,start    ] GC(55) Concurrent weak roots
[13.122s][info][gc,task     ] GC(55) Using 1 of 3 workers for concurrent weak root
[13.122s][info][gc          ] GC(55) Concurrent weak roots 0.544ms
[13.122s][info][gc,start    ] GC(55) Concurrent cleanup
[13.122s][info][gc          ] GC(55) Concurrent cleanup 158M->34M(8192M) 0.023ms
[13.122s][info][gc,ergo     ] GC(55) Free: 7745M, Max: 4096K regular, 7568M humongous, Frag: 2% external, 0% internal; Reserve: 412M, Max: 4096K
[13.122s][info][gc,start    ] GC(55) Concurrent class unloading
[13.122s][info][gc,task     ] GC(55) Using 1 of 3 workers for concurrent class unloading
[13.124s][info][gc          ] GC(55) Concurrent class unloading 1.759ms
[13.124s][info][gc,start    ] GC(55) Pause Final Roots
[13.124s][info][gc          ] GC(55) Pause Final Roots 0.053ms
[13.124s][info][gc,ergo     ] Free: 7745M, Max: 4096K regular, 7568M humongous, Frag: 2% external, 0% internal; Reserve: 412M, Max: 4096K
[13.124s][info][gc,stats    ] 
[13.124s][info][gc,stats    ] All times are wall-clock times, except per-root-class counters, that are sum over
[13.124s][info][gc,stats    ] all workers. Dividing the <total> over the root stage time estimates parallelism.
[13.124s][info][gc,stats    ] 
[13.124s][info][gc,stats    ] Concurrent Reset                    364 us
[13.124s][info][gc,stats    ] Pause Init Mark (G)                 181 us
[13.124s][info][gc,stats    ] Pause Init Mark (N)                  99 us
[13.124s][info][gc,stats    ]   Update Region States               37 us
[13.124s][info][gc,stats    ] Concurrent Mark Roots               442 us, parallelism: 0.74x
[13.124s][info][gc,stats    ]   CMR: <total>                      326 us
[13.124s][info][gc,stats    ]   CMR: Thread Roots                 281 us, workers (us): 281, ---, ---, 
[13.124s][info][gc,stats    ]   CMR: VM Strong Roots                4 us, workers (us):   4, ---, ---, 
[13.124s][info][gc,stats    ]   CMR: CLDG Roots                    41 us, workers (us):  41, ---, ---, 
[13.124s][info][gc,stats    ] Concurrent Marking                20162 us
[13.124s][info][gc,stats    ] Pause Final Mark (G)                369 us
[13.124s][info][gc,stats    ] Pause Final Mark (N)                253 us
[13.124s][info][gc,stats    ]   Finish Mark                        75 us
[13.124s][info][gc,stats    ]   Update Region States               55 us
[13.125s][info][gc,stats    ]   Choose Collection Set              36 us
[13.125s][info][gc,stats    ]   Rebuild Free Set                    8 us
[13.125s][info][gc,stats    ] Concurrent Weak References          165 us, parallelism: 0.04x
[13.125s][info][gc,stats    ]   CWRF: <total>                       6 us
[13.125s][info][gc,stats    ]   CWRF: Weak References               6 us, workers (us):   6, ---, ---, 
[13.125s][info][gc,stats    ] Concurrent Weak Roots               563 us
[13.125s][info][gc,stats    ]   Roots                             410 us, parallelism: 0.90x
[13.125s][info][gc,stats    ]     CWR: <total>                    370 us
[13.125s][info][gc,stats    ]     CWR: Code Cache Roots           305 us, workers (us): 305, ---, ---, 
[13.125s][info][gc,stats    ]     CWR: VM Weak Roots               61 us, workers (us):  61, ---, ---, 
[13.125s][info][gc,stats    ]     CWR: CLDG Roots                   5 us, workers (us):   5, ---, ---, 
[13.125s][info][gc,stats    ]   Rendezvous                        103 us
[13.125s][info][gc,stats    ] Concurrent Cleanup                   36 us
[13.125s][info][gc,stats    ] Concurrent Class Unloading         1796 us
[13.125s][info][gc,stats    ]   Unlink Stale                     1630 us
[13.125s][info][gc,stats    ]     System Dictionary                 3 us
[13.125s][info][gc,stats    ]     Weak Class Links                  0 us
[13.125s][info][gc,stats    ]     Code Roots                     1626 us
[13.125s][info][gc,stats    ]   Rendezvous                         42 us
[13.125s][info][gc,stats    ]   Purge Unlinked                     71 us
[13.125s][info][gc,stats    ]     Code Roots                       66 us
[13.125s][info][gc,stats    ]     CLDG                              5 us
[13.125s][info][gc,stats    ]     Exception Caches                  0 us
[13.125s][info][gc,stats    ] Pause Final Roots (G)               191 us
[13.125s][info][gc,stats    ] Pause Final Roots (N)                76 us
[13.125s][info][gc,stats    ] 
[13.125s][info][gc,stats    ] Allocation pacing accrued:
[13.125s][info][gc,stats    ]       0 of   203 ms (  0.0%): <total>
[13.125s][info][gc,stats    ]       0 of   203 ms (  0.0%): <average total>
[13.125s][info][gc,stats    ] 
[13.125s][info][gc,metaspace] Metaspace: 12363K(12672K)->12363K(12672K) NonClass: 10707K(10880K)->10707K(10880K) Class: 1655K(1792K)->1655K(1792K)
[13.125s][info][gc,ergo     ] Pacer for Idle. Initial: 163M, Alloc Tax Rate: 1.0x
[13.304s][info][gc          ] Trigger: Explicit GC request (System.gc())
[13.304s][info][gc,ergo     ] Free: 7621M, Max: 4096K regular, 7568M humongous, Frag: 0% external, 0% internal; Reserve: 412M, Max: 4096K
[13.304s][info][gc,start    ] GC(56) Concurrent reset
[13.304s][info][gc,task     ] GC(56) Using 1 of 3 workers for concurrent reset
[13.304s][info][gc,ergo     ] GC(56) Pacer for Reset. Non-Taxable: 8192M
[13.304s][info][gc          ] GC(56) Concurrent reset 0.269ms
[13.304s][info][gc,start    ] GC(56) Pause Init Mark (unload classes)
[13.304s][info][gc,task     ] GC(56) Using 3 of 3 workers for init marking
[13.304s][info][gc,ref      ] GC(56) Clearing All SoftReferences
[13.304s][info][gc,ergo     ] GC(56) Pacer for Mark. Expected Live: 25379K, Free: 7621M, Non-Taxable: 762M, Alloc Tax Rate: 0.0x
[13.304s][info][gc          ] GC(56) Pause Init Mark (unload classes) 0.135ms
[13.304s][info][gc,start    ] GC(56) Concurrent marking roots
[13.304s][info][gc,task     ] GC(56) Using 1 of 3 workers for concurrent marking roots
[13.305s][info][gc          ] GC(56) Concurrent marking roots 0.539ms
[13.305s][info][gc,start    ] GC(56) Concurrent marking (unload classes)
[13.305s][info][gc,task     ] GC(56) Using 1 of 3 workers for concurrent marking
[13.325s][info][gc          ] GC(56) Concurrent marking (unload classes) 19.734ms
[13.325s][info][gc,start    ] GC(56) Pause Final Mark (unload classes)
[13.325s][info][gc,task     ] GC(56) Using 3 of 3 workers for final marking
[13.325s][info][gc,ergo     ] GC(56) Collectable Garbage: 123M (93%), Immediate: 123M (93%), CSet: 0B (0%)
[13.325s][info][gc          ] GC(56) Pause Final Mark (unload classes) 0.404ms
[13.325s][info][gc,start    ] GC(56) Concurrent weak references
[13.325s][info][gc,task     ] GC(56) Using 1 of 3 workers for concurrent weak references
[13.325s][info][gc,ref      ] GC(56) Encountered references: Soft: 154, Weak: 720, Final: 0, Phantom: 33
[13.325s][info][gc,ref      ] GC(56) Discovered  references: Soft: 96, Weak: 158, Final: 0, Phantom: 31
[13.325s][info][gc,ref      ] GC(56) Enqueued    references: Soft: 3, Weak: 0, Final: 0, Phantom: 0
[13.325s][info][gc          ] GC(56) Concurrent weak references 0.125ms
[13.325s][info][gc,start    ] GC(56) Concurrent weak roots
[13.325s][info][gc,task     ] GC(56) Using 1 of 3 workers for concurrent weak root
[13.326s][info][gc          ] GC(56) Concurrent weak roots 0.543ms
[13.326s][info][gc,start    ] GC(56) Concurrent cleanup
[13.326s][info][gc          ] GC(56) Concurrent cleanup 158M->34M(8192M) 0.022ms
[13.326s][info][gc,ergo     ] GC(56) Free: 7745M, Max: 4096K regular, 7572M humongous, Frag: 2% external, 0% internal; Reserve: 412M, Max: 4096K
[13.326s][info][gc,start    ] GC(56) Concurrent class unloading
[13.326s][info][gc,task     ] GC(56) Using 1 of 3 workers for concurrent class unloading
[13.328s][info][gc          ] GC(56) Concurrent class unloading 2.060ms
[13.328s][info][gc,start    ] GC(56) Pause Final Roots
[13.328s][info][gc          ] GC(56) Pause Final Roots 0.020ms
[13.328s][info][gc,ergo     ] Free: 7745M, Max: 4096K regular, 7572M humongous, Frag: 2% external, 0% internal; Reserve: 412M, Max: 4096K
[13.328s][info][gc,stats    ] 
[13.328s][info][gc,stats    ] All times are wall-clock times, except per-root-class counters, that are sum over
[13.328s][info][gc,stats    ] all workers. Dividing the <total> over the root stage time estimates parallelism.
[13.328s][info][gc,stats    ] 
[13.328s][info][gc,stats    ] Concurrent Reset                    311 us
[13.328s][info][gc,stats    ] Pause Init Mark (G)                 258 us
[13.329s][info][gc,stats    ] Pause Init Mark (N)                 144 us
[13.329s][info][gc,stats    ]   Update Region States               69 us
[13.329s][info][gc,stats    ] Concurrent Mark Roots               577 us, parallelism: 0.67x
[13.329s][info][gc,stats    ]   CMR: <total>                      388 us
[13.329s][info][gc,stats    ]   CMR: Thread Roots                 326 us, workers (us): 326, ---, ---, 
[13.329s][info][gc,stats    ]   CMR: VM Strong Roots                6 us, workers (us):   6, ---, ---, 
[13.329s][info][gc,stats    ]   CMR: CLDG Roots                    57 us, workers (us):  57, ---, ---, 
[13.329s][info][gc,stats    ] Concurrent Marking                19801 us
[13.329s][info][gc,stats    ] Pause Final Mark (G)                541 us
[13.329s][info][gc,stats    ] Pause Final Mark (N)                429 us
[13.329s][info][gc,stats    ]   Finish Mark                       132 us
[13.329s][info][gc,stats    ]   Update Region States               75 us
[13.329s][info][gc,stats    ]   Choose Collection Set              75 us
[13.329s][info][gc,stats    ]   Rebuild Free Set                   21 us
[13.329s][info][gc,stats    ] Concurrent Weak References          133 us, parallelism: 0.05x
[13.329s][info][gc,stats    ]   CWRF: <total>                       7 us
[13.329s][info][gc,stats    ]   CWRF: Weak References               7 us, workers (us):   7, ---, ---, 
[13.329s][info][gc,stats    ] Concurrent Weak Roots               562 us
[13.329s][info][gc,stats    ]   Roots                             425 us, parallelism: 0.88x
[13.329s][info][gc,stats    ]     CWR: <total>                    372 us
[13.329s][info][gc,stats    ]     CWR: Code Cache Roots           306 us, workers (us): 306, ---, ---, 
[13.329s][info][gc,stats    ]     CWR: VM Weak Roots               61 us, workers (us):  61, ---, ---, 
[13.329s][info][gc,stats    ]     CWR: CLDG Roots                   5 us, workers (us):   5, ---, ---, 
[13.329s][info][gc,stats    ]   Rendezvous                        103 us
[13.329s][info][gc,stats    ] Concurrent Cleanup                   30 us
[13.329s][info][gc,stats    ] Concurrent Class Unloading         2111 us
[13.329s][info][gc,stats    ]   Unlink Stale                     1676 us
[13.329s][info][gc,stats    ]     System Dictionary                 3 us
[13.329s][info][gc,stats    ]     Weak Class Links                  0 us
[13.329s][info][gc,stats    ]     Code Roots                     1672 us
[13.329s][info][gc,stats    ]   Rendezvous                        219 us
[13.329s][info][gc,stats    ]   Purge Unlinked                    146 us
[13.329s][info][gc,stats    ]     Code Roots                      137 us
[13.329s][info][gc,stats    ]     CLDG                              8 us
[13.329s][info][gc,stats    ]     Exception Caches                  0 us
[13.329s][info][gc,stats    ] Pause Final Roots (G)               102 us
[13.329s][info][gc,stats    ] Pause Final Roots (N)                28 us
[13.329s][info][gc,stats    ] 
[13.329s][info][gc,stats    ] Allocation pacing accrued:
[13.329s][info][gc,stats    ]       0 of   204 ms (  0.0%): <total>
[13.329s][info][gc,stats    ]       0 of   204 ms (  0.0%): <average total>
[13.329s][info][gc,stats    ] 
[13.329s][info][gc,metaspace] Metaspace: 12363K(12672K)->12363K(12672K) NonClass: 10707K(10880K)->10707K(10880K) Class: 1655K(1792K)->1655K(1792K)
[13.329s][info][gc,ergo     ] Pacer for Idle. Initial: 163M, Alloc Tax Rate: 1.0x
[13.508s][info][gc          ] Trigger: Explicit GC request (System.gc())
[13.508s][info][gc,ergo     ] Free: 7621M, Max: 4096K regular, 7568M humongous, Frag: 0% external, 0% internal; Reserve: 412M, Max: 4096K
[13.508s][info][gc,start    ] GC(57) Concurrent reset
[13.508s][info][gc,task     ] GC(57) Using 1 of 3 workers for concurrent reset
[13.508s][info][gc,ergo     ] GC(57) Pacer for Reset. Non-Taxable: 8192M
[13.509s][info][gc          ] GC(57) Concurrent reset 0.504ms
[13.509s][info][gc,start    ] GC(57) Pause Init Mark (unload classes)
[13.509s][info][gc,task     ] GC(57) Using 3 of 3 workers for init marking
[13.509s][info][gc,ref      ] GC(57) Clearing All SoftReferences
[13.509s][info][gc,ergo     ] GC(57) Pacer for Mark. Expected Live: 25379K, Free: 7621M, Non-Taxable: 762M, Alloc Tax Rate: 0.0x
[13.509s][info][gc          ] GC(57) Pause Init Mark (unload classes) 0.166ms
[13.509s][info][gc,start    ] GC(57) Concurrent marking roots
[13.509s][info][gc,task     ] GC(57) Using 1 of 3 workers for concurrent marking roots
[13.509s][info][gc          ] GC(57) Concurrent marking roots 0.441ms
[13.509s][info][gc,start    ] GC(57) Concurrent marking (unload classes)
[13.509s][info][gc,task     ] GC(57) Using 1 of 3 workers for concurrent marking
[13.529s][info][gc          ] GC(57) Concurrent marking (unload classes) 19.919ms
[13.529s][info][gc,start    ] GC(57) Pause Final Mark (unload classes)
[13.530s][info][gc,task     ] GC(57) Using 3 of 3 workers for final marking
[13.530s][info][gc,ergo     ] GC(57) Adaptive CSet Selection. Target Free: 1160M, Actual Free: 8100M, Max CSet: 341M, Min Garbage: 0B
[13.530s][info][gc,ergo     ] GC(57) Collectable Garbage: 131M (98%), Immediate: 120M (90%), CSet: 12269K (8%)
[13.530s][info][gc,ergo     ] GC(57) Pacer for Evacuation. Used CSet: 12270K, Free: 7741M, Non-Taxable: 774M, Alloc Tax Rate: 1.1x
[13.530s][info][gc          ] GC(57) Pause Final Mark (unload classes) 0.418ms
[13.530s][info][gc,start    ] GC(57) Concurrent thread roots
[13.530s][info][gc,task     ] GC(57) Using 1 of 3 workers for Concurrent thread roots
[13.530s][info][gc          ] GC(57) Concurrent thread roots 0.424ms
[13.530s][info][gc,start    ] GC(57) Concurrent weak references
[13.530s][info][gc,task     ] GC(57) Using 1 of 3 workers for concurrent weak references
[13.531s][info][gc,ref      ] GC(57) Encountered references: Soft: 154, Weak: 720, Final: 0, Phantom: 33
[13.531s][info][gc,ref      ] GC(57) Discovered  references: Soft: 96, Weak: 158, Final: 0, Phantom: 31
[13.531s][info][gc,ref      ] GC(57) Enqueued    references: Soft: 3, Weak: 0, Final: 0, Phantom: 0
[13.531s][info][gc          ] GC(57) Concurrent weak references 0.204ms
[13.531s][info][gc,start    ] GC(57) Concurrent weak roots
[13.531s][info][gc,task     ] GC(57) Using 1 of 3 workers for concurrent weak root
[13.531s][info][gc          ] GC(57) Concurrent weak roots 0.619ms
[13.531s][info][gc,start    ] GC(57) Concurrent cleanup
[13.531s][info][gc          ] GC(57) Concurrent cleanup 158M->38M(8192M) 0.041ms
[13.531s][info][gc,ergo     ] GC(57) Free: 7741M, Max: 4096K regular, 7568M humongous, Frag: 2% external, 0% internal; Reserve: 411M, Max: 4096K
[13.531s][info][gc,start    ] GC(57) Concurrent class unloading
[13.531s][info][gc,task     ] GC(57) Using 1 of 3 workers for concurrent class unloading
[13.534s][info][gc          ] GC(57) Concurrent class unloading 2.325ms
[13.534s][info][gc,start    ] GC(57) Concurrent strong roots
[13.534s][info][gc,task     ] GC(57) Using 1 of 3 workers for concurrent strong root
[13.534s][info][gc          ] GC(57) Concurrent strong roots 0.118ms
[13.534s][info][gc,start    ] GC(57) Concurrent evacuation
[13.534s][info][gc,task     ] GC(57) Using 1 of 3 workers for concurrent evacuation
[13.534s][info][gc          ] GC(57) Concurrent evacuation 0.204ms
[13.534s][info][gc,start    ] GC(57) Pause Init Update Refs
[13.534s][info][gc,ergo     ] GC(57) Pacer for Update Refs. Used: 39031K, Free: 7741M, Non-Taxable: 774M, Alloc Tax Rate: 1.1x
[13.534s][info][gc          ] GC(57) Pause Init Update Refs 0.032ms
[13.534s][info][gc,start    ] GC(57) Concurrent update references
[13.534s][info][gc,task     ] GC(57) Using 1 of 3 workers for concurrent reference update
[13.545s][info][gc          ] GC(57) Concurrent update references 10.513ms
[13.545s][info][gc,start    ] GC(57) Concurrent update thread roots
[13.546s][info][gc          ] GC(57) Concurrent update thread roots 0.777ms
[13.546s][info][gc,start    ] GC(57) Pause Final Update Refs
[13.546s][info][gc,task     ] GC(57) Using 3 of 3 workers for final reference update
[13.546s][info][gc          ] GC(57) Pause Final Update Refs 0.335ms
[13.546s][info][gc,start    ] GC(57) Concurrent cleanup
[13.546s][info][gc          ] GC(57) Concurrent cleanup 38M->26M(8192M) 0.037ms
[13.546s][info][gc,ergo     ] Free: 7753M, Max: 4096K regular, 7696M humongous, Frag: 0% external, 0% internal; Reserve: 412M, Max: 4096K
[13.546s][info][gc,stats    ] 
[13.546s][info][gc,stats    ] All times are wall-clock times, except per-root-class counters, that are sum over
[13.546s][info][gc,stats    ] all workers. Dividing the <total> over the root stage time estimates parallelism.
[13.546s][info][gc,stats    ] 
[13.546s][info][gc,stats    ] Concurrent Reset                    563 us
[13.546s][info][gc,stats    ] Pause Init Mark (G)                 271 us
[13.546s][info][gc,stats    ] Pause Init Mark (N)                 175 us
[13.546s][info][gc,stats    ]   Update Region States               70 us
[13.546s][info][gc,stats    ] Concurrent Mark Roots               459 us, parallelism: 0.77x
[13.546s][info][gc,stats    ]   CMR: <total>                      352 us
[13.546s][info][gc,stats    ]   CMR: Thread Roots                 308 us, workers (us): 308, ---, ---, 
[13.546s][info][gc,stats    ]   CMR: VM Strong Roots                5 us, workers (us):   5, ---, ---, 
[13.546s][info][gc,stats    ]   CMR: CLDG Roots                    39 us, workers (us):  39, ---, ---, 
[13.546s][info][gc,stats    ] Concurrent Marking                19984 us
[13.546s][info][gc,stats    ] Pause Final Mark (G)                544 us
[13.546s][info][gc,stats    ] Pause Final Mark (N)                427 us
[13.546s][info][gc,stats    ]   Finish Mark                       159 us
[13.546s][info][gc,stats    ]   Update Region States               96 us
[13.546s][info][gc,stats    ]   Choose Collection Set              49 us
[13.546s][info][gc,stats    ]   Rebuild Free Set                    8 us
[13.546s][info][gc,stats    ] Concurrent Thread Roots             462 us, parallelism: 0.63x
[13.546s][info][gc,stats    ]   CTR: <total>                      290 us
[13.546s][info][gc,stats    ]   CTR: Thread Roots                 290 us, workers (us): 290, ---, ---, 
[13.546s][info][gc,stats    ] Concurrent Weak References          220 us, parallelism: 0.13x
[13.546s][info][gc,stats    ]   CWRF: <total>                      29 us
[13.546s][info][gc,stats    ]   CWRF: Weak References              29 us, workers (us):  29, ---, ---, 
[13.546s][info][gc,stats    ] Concurrent Weak Roots               667 us
[13.546s][info][gc,stats    ]   Roots                             479 us, parallelism: 0.83x
[13.546s][info][gc,stats    ]     CWR: <total>                    398 us
[13.546s][info][gc,stats    ]     CWR: Code Cache Roots           326 us, workers (us): 326, ---, ---, 
[13.546s][info][gc,stats    ]     CWR: VM Weak Roots               66 us, workers (us):  66, ---, ---, 
[13.546s][info][gc,stats    ]     CWR: CLDG Roots                   6 us, workers (us):   6, ---, ---, 
[13.546s][info][gc,stats    ]   Rendezvous                        106 us
[13.546s][info][gc,stats    ] Concurrent Cleanup                   59 us
[13.546s][info][gc,stats    ] Concurrent Class Unloading         2371 us
[13.546s][info][gc,stats    ]   Unlink Stale                     1939 us
[13.546s][info][gc,stats    ]     System Dictionary                 8 us
[13.546s][info][gc,stats    ]     Weak Class Links                  0 us
[13.546s][info][gc,stats    ]     Code Roots                     1929 us
[13.546s][info][gc,stats    ]   Rendezvous                        253 us
[13.546s][info][gc,stats    ]   Purge Unlinked                     98 us
[13.546s][info][gc,stats    ]     Code Roots                       92 us
[13.546s][info][gc,stats    ]     CLDG                              6 us
[13.546s][info][gc,stats    ]     Exception Caches                  0 us
[13.547s][info][gc,stats    ] Concurrent Strong Roots             155 us, parallelism: 0.18x
[13.547s][info][gc,stats    ]   CSR: <total>                       28 us
[13.547s][info][gc,stats    ]   CSR: VM Strong Roots                2 us, workers (us):   2, ---, ---, 
[13.547s][info][gc,stats    ]   CSR: CLDG Roots                    26 us, workers (us):  26, ---, ---, 
[13.547s][info][gc,stats    ] Concurrent Evacuation               241 us
[13.547s][info][gc,stats    ] Pause Init Update Refs (G)          111 us
[13.547s][info][gc,stats    ] Pause Init Update Refs (N)           39 us
[13.547s][info][gc,stats    ]   Manage GCLABs                       2 us
[13.547s][info][gc,stats    ] Concurrent Update Refs            10581 us
[13.547s][info][gc,stats    ] Concurrent Update Thread Roots      824 us
[13.547s][info][gc,stats    ] Pause Final Update Refs (G)         470 us
[13.547s][info][gc,stats    ] Pause Final Update Refs (N)         385 us
[13.547s][info][gc,stats    ]   Update Region States              122 us
[13.547s][info][gc,stats    ]   Trash Collection Set                6 us
[13.547s][info][gc,stats    ]   Rebuild Free Set                   30 us
[13.547s][info][gc,stats    ] Concurrent Cleanup                   47 us
[13.547s][info][gc,stats    ] 
[13.547s][info][gc,stats    ] Allocation pacing accrued:
[13.547s][info][gc,stats    ]       0 of   218 ms (  0.0%): <total>
[13.547s][info][gc,stats    ]       0 of   218 ms (  0.0%): <average total>
[13.547s][info][gc,stats    ] 
[13.547s][info][gc,metaspace] Metaspace: 12364K(12672K)->12364K(12672K) NonClass: 10708K(10880K)->10708K(10880K) Class: 1655K(1792K)->1655K(1792K)
[13.547s][info][gc,ergo     ] Pacer for Idle. Initial: 163M, Alloc Tax Rate: 1.0x
[13.727s][info][gc          ] Trigger: Explicit GC request (System.gc())
[13.727s][info][gc,ergo     ] Free: 7629M, Max: 4096K regular, 7572M humongous, Frag: 0% external, 0% internal; Reserve: 412M, Max: 4096K
[13.727s][info][gc,start    ] GC(58) Concurrent reset
[13.727s][info][gc,task     ] GC(58) Using 1 of 3 workers for concurrent reset
[13.727s][info][gc,ergo     ] GC(58) Pacer for Reset. Non-Taxable: 8192M
[13.728s][info][gc          ] GC(58) Concurrent reset 0.347ms
[13.728s][info][gc,start    ] GC(58) Pause Init Mark (unload classes)
[13.728s][info][gc,task     ] GC(58) Using 3 of 3 workers for init marking
[13.728s][info][gc,ref      ] GC(58) Clearing All SoftReferences
[13.728s][info][gc,ergo     ] GC(58) Pacer for Mark. Expected Live: 25379K, Free: 7629M, Non-Taxable: 762M, Alloc Tax Rate: 0.0x
[13.728s][info][gc          ] GC(58) Pause Init Mark (unload classes) 0.159ms
[13.728s][info][gc,start    ] GC(58) Concurrent marking roots
[13.728s][info][gc,task     ] GC(58) Using 1 of 3 workers for concurrent marking roots
[13.728s][info][gc          ] GC(58) Concurrent marking roots 0.457ms
[13.728s][info][gc,start    ] GC(58) Concurrent marking (unload classes)
[13.728s][info][gc,task     ] GC(58) Using 1 of 3 workers for concurrent marking
[13.748s][info][gc          ] GC(58) Concurrent marking (unload classes) 19.588ms
[13.748s][info][gc,start    ] GC(58) Pause Final Mark (unload classes)
[13.748s][info][gc,task     ] GC(58) Using 3 of 3 workers for final marking
[13.748s][info][gc,ergo     ] GC(58) Adaptive CSet Selection. Target Free: 1160M, Actual Free: 8096M, Max CSet: 341M, Min Garbage: 0B
[13.748s][info][gc,ergo     ] GC(58) Collectable Garbage: 123M (98%), Immediate: 112M (89%), CSet: 12267K (9%)
[13.749s][info][gc,ergo     ] GC(58) Pacer for Evacuation. Used CSet: 12267K, Free: 7741M, Non-Taxable: 774M, Alloc Tax Rate: 1.1x
[13.749s][info][gc          ] GC(58) Pause Final Mark (unload classes) 0.445ms
[13.749s][info][gc,start    ] GC(58) Concurrent thread roots
[13.749s][info][gc,task     ] GC(58) Using 1 of 3 workers for Concurrent thread roots
[13.749s][info][gc          ] GC(58) Concurrent thread roots 0.425ms
[13.749s][info][gc,start    ] GC(58) Concurrent weak references
[13.749s][info][gc,task     ] GC(58) Using 1 of 3 workers for concurrent weak references
[13.749s][info][gc,ref      ] GC(58) Encountered references: Soft: 154, Weak: 720, Final: 0, Phantom: 33
[13.749s][info][gc,ref      ] GC(58) Discovered  references: Soft: 96, Weak: 158, Final: 0, Phantom: 31
[13.749s][info][gc,ref      ] GC(58) Enqueued    references: Soft: 3, Weak: 0, Final: 0, Phantom: 0
[13.749s][info][gc          ] GC(58) Concurrent weak references 0.154ms
[13.749s][info][gc,start    ] GC(58) Concurrent weak roots
[13.749s][info][gc,task     ] GC(58) Using 1 of 3 workers for concurrent weak root
[13.750s][info][gc          ] GC(58) Concurrent weak roots 0.655ms
[13.750s][info][gc,start    ] GC(58) Concurrent cleanup
[13.750s][info][gc          ] GC(58) Concurrent cleanup 150M->38M(8192M) 0.024ms
[13.750s][info][gc,ergo     ] GC(58) Free: 7741M, Max: 4096K regular, 7572M humongous, Frag: 2% external, 0% internal; Reserve: 411M, Max: 4096K
[13.750s][info][gc,start    ] GC(58) Concurrent class unloading
[13.750s][info][gc,task     ] GC(58) Using 1 of 3 workers for concurrent class unloading
[13.752s][info][gc          ] GC(58) Concurrent class unloading 1.936ms
[13.752s][info][gc,start    ] GC(58) Concurrent strong roots
[13.752s][info][gc,task     ] GC(58) Using 1 of 3 workers for concurrent strong root
[13.752s][info][gc          ] GC(58) Concurrent strong roots 0.170ms
[13.752s][info][gc,start    ] GC(58) Concurrent evacuation
[13.752s][info][gc,task     ] GC(58) Using 1 of 3 workers for concurrent evacuation
[13.752s][info][gc          ] GC(58) Concurrent evacuation 0.155ms
[13.752s][info][gc,start    ] GC(58) Pause Init Update Refs
[13.752s][info][gc,ergo     ] GC(58) Pacer for Update Refs. Used: 39034K, Free: 7741M, Non-Taxable: 774M, Alloc Tax Rate: 1.1x
[13.752s][info][gc          ] GC(58) Pause Init Update Refs 0.031ms
[13.752s][info][gc,start    ] GC(58) Concurrent update references
[13.753s][info][gc,task     ] GC(58) Using 1 of 3 workers for concurrent reference update
[13.762s][info][gc          ] GC(58) Concurrent update references 9.598ms
[13.762s][info][gc,start    ] GC(58) Concurrent update thread roots
[13.763s][info][gc          ] GC(58) Concurrent update thread roots 0.814ms
[13.763s][info][gc,start    ] GC(58) Pause Final Update Refs
[13.763s][info][gc,task     ] GC(58) Using 3 of 3 workers for final reference update
[13.763s][info][gc          ] GC(58) Pause Final Update Refs 0.152ms
[13.763s][info][gc,start    ] GC(58) Concurrent cleanup
[13.763s][info][gc          ] GC(58) Concurrent cleanup 38M->26M(8192M) 0.031ms
[13.763s][info][gc,ergo     ] Free: 7753M, Max: 4096K regular, 7692M humongous, Frag: 0% external, 0% internal; Reserve: 412M, Max: 4096K
[13.763s][info][gc,stats    ] 
[13.763s][info][gc,stats    ] All times are wall-clock times, except per-root-class counters, that are sum over
[13.763s][info][gc,stats    ] all workers. Dividing the <total> over the root stage time estimates parallelism.
[13.763s][info][gc,stats    ] 
[13.763s][info][gc,stats    ] Concurrent Reset                    416 us
[13.763s][info][gc,stats    ] Pause Init Mark (G)                 292 us
[13.763s][info][gc,stats    ] Pause Init Mark (N)                 167 us
[13.763s][info][gc,stats    ]   Update Region States               69 us
[13.763s][info][gc,stats    ] Concurrent Mark Roots               477 us, parallelism: 0.70x
[13.763s][info][gc,stats    ]   CMR: <total>                      336 us
[13.763s][info][gc,stats    ]   CMR: Thread Roots                 296 us, workers (us): 296, ---, ---, 
[13.763s][info][gc,stats    ]   CMR: VM Strong Roots                3 us, workers (us):   3, ---, ---, 
[13.763s][info][gc,stats    ]   CMR: CLDG Roots                    37 us, workers (us):  37, ---, ---, 
[13.763s][info][gc,stats    ] Concurrent Marking                19641 us
[13.763s][info][gc,stats    ] Pause Final Mark (G)                593 us
[13.763s][info][gc,stats    ] Pause Final Mark (N)                466 us
[13.763s][info][gc,stats    ]   Finish Mark                       130 us
[13.763s][info][gc,stats    ]   Update Region States               82 us
[13.763s][info][gc,stats    ]   Choose Collection Set             102 us
[13.763s][info][gc,stats    ]   Rebuild Free Set                   21 us
[13.763s][info][gc,stats    ] Concurrent Thread Roots             462 us, parallelism: 0.64x
[13.764s][info][gc,stats    ]   CTR: <total>                      295 us
[13.764s][info][gc,stats    ]   CTR: Thread Roots                 295 us, workers (us): 295, ---, ---, 
[13.764s][info][gc,stats    ] Concurrent Weak References          161 us, parallelism: 0.16x
[13.764s][info][gc,stats    ]   CWRF: <total>                      26 us
[13.764s][info][gc,stats    ]   CWRF: Weak References              26 us, workers (us):  26, ---, ---, 
[13.764s][info][gc,stats    ] Concurrent Weak Roots               674 us
[13.764s][info][gc,stats    ]   Roots                             472 us, parallelism: 0.89x
[13.764s][info][gc,stats    ]     CWR: <total>                    420 us
[13.764s][info][gc,stats    ]     CWR: Code Cache Roots           345 us, workers (us): 345, ---, ---, 
[13.764s][info][gc,stats    ]     CWR: VM Weak Roots               69 us, workers (us):  69, ---, ---, 
[13.764s][info][gc,stats    ]     CWR: CLDG Roots                   7 us, workers (us):   7, ---, ---, 
[13.764s][info][gc,stats    ]   Rendezvous                        167 us
[13.764s][info][gc,stats    ] Concurrent Cleanup                   32 us
[13.764s][info][gc,stats    ] Concurrent Class Unloading         1987 us
[13.764s][info][gc,stats    ]   Unlink Stale                     1676 us
[13.764s][info][gc,stats    ]     System Dictionary                 3 us
[13.764s][info][gc,stats    ]     Weak Class Links                  0 us
[13.764s][info][gc,stats    ]     Code Roots                     1671 us
[13.764s][info][gc,stats    ]   Rendezvous                        124 us
[13.764s][info][gc,stats    ]   Purge Unlinked                    117 us
[13.764s][info][gc,stats    ]     Code Roots                      108 us
[13.764s][info][gc,stats    ]     CLDG                              8 us
[13.764s][info][gc,stats    ]     Exception Caches                  0 us
[13.764s][info][gc,stats    ] Concurrent Strong Roots             206 us, parallelism: 0.20x
[13.764s][info][gc,stats    ]   CSR: <total>                       41 us
[13.764s][info][gc,stats    ]   CSR: VM Strong Roots                4 us, workers (us):   4, ---, ---, 
[13.764s][info][gc,stats    ]   CSR: CLDG Roots                    37 us, workers (us):  37, ---, ---, 
[13.764s][info][gc,stats    ] Concurrent Evacuation               193 us
[13.764s][info][gc,stats    ] Pause Init Update Refs (G)          110 us
[13.764s][info][gc,stats    ] Pause Init Update Refs (N)           38 us
[13.764s][info][gc,stats    ]   Manage GCLABs                       2 us
[13.764s][info][gc,stats    ] Concurrent Update Refs             9664 us
[13.764s][info][gc,stats    ] Concurrent Update Thread Roots      866 us
[13.764s][info][gc,stats    ] Pause Final Update Refs (G)         266 us
[13.764s][info][gc,stats    ] Pause Final Update Refs (N)         169 us
[13.764s][info][gc,stats    ]   Update Region States               69 us
[13.764s][info][gc,stats    ]   Trash Collection Set                3 us
[13.764s][info][gc,stats    ]   Rebuild Free Set                   13 us
[13.764s][info][gc,stats    ] Concurrent Cleanup                   40 us
[13.764s][info][gc,stats    ] 
[13.764s][info][gc,stats    ] Allocation pacing accrued:
[13.764s][info][gc,stats    ]       0 of   217 ms (  0.0%): <total>
[13.764s][info][gc,stats    ]       0 of   217 ms (  0.0%): <average total>
[13.764s][info][gc,stats    ] 
[13.764s][info][gc,metaspace] Metaspace: 12364K(12672K)->12364K(12672K) NonClass: 10708K(10880K)->10708K(10880K) Class: 1655K(1792K)->1655K(1792K)
[13.764s][info][gc,ergo     ] Pacer for Idle. Initial: 163M, Alloc Tax Rate: 1.0x
[13.947s][info][gc          ] Trigger: Explicit GC request (System.gc())
[13.948s][info][gc,ergo     ] Free: 7629M, Max: 4096K regular, 7568M humongous, Frag: 0% external, 0% internal; Reserve: 412M, Max: 4096K
[13.948s][info][gc,start    ] GC(59) Concurrent reset
[13.948s][info][gc,task     ] GC(59) Using 1 of 3 workers for concurrent reset
[13.948s][info][gc,ergo     ] GC(59) Pacer for Reset. Non-Taxable: 8192M
[13.948s][info][gc          ] GC(59) Concurrent reset 0.424ms
[13.948s][info][gc,start    ] GC(59) Pause Init Mark (unload classes)
[13.948s][info][gc,task     ] GC(59) Using 3 of 3 workers for init marking
[13.949s][info][gc,ref      ] GC(59) Clearing All SoftReferences
[13.949s][info][gc,ergo     ] GC(59) Pacer for Mark. Expected Live: 25379K, Free: 7629M, Non-Taxable: 762M, Alloc Tax Rate: 0.0x
[13.949s][info][gc          ] GC(59) Pause Init Mark (unload classes) 0.442ms
[13.949s][info][gc,start    ] GC(59) Concurrent marking roots
[13.949s][info][gc,task     ] GC(59) Using 1 of 3 workers for concurrent marking roots
[13.949s][info][gc          ] GC(59) Concurrent marking roots 0.741ms
[13.949s][info][gc,start    ] GC(59) Concurrent marking (unload classes)
[13.949s][info][gc,task     ] GC(59) Using 1 of 3 workers for concurrent marking
[13.969s][info][gc          ] GC(59) Concurrent marking (unload classes) 19.768ms
[13.969s][info][gc,start    ] GC(59) Pause Final Mark (unload classes)
[13.969s][info][gc,task     ] GC(59) Using 3 of 3 workers for final marking
[13.970s][info][gc,ergo     ] GC(59) Collectable Garbage: 116M (92%), Immediate: 116M (92%), CSet: 0B (0%)
[13.970s][info][gc          ] GC(59) Pause Final Mark (unload classes) 0.289ms
[13.970s][info][gc,start    ] GC(59) Concurrent weak references
[13.970s][info][gc,task     ] GC(59) Using 1 of 3 workers for concurrent weak references
[13.970s][info][gc,ref      ] GC(59) Encountered references: Soft: 154, Weak: 720, Final: 0, Phantom: 33
[13.970s][info][gc,ref      ] GC(59) Discovered  references: Soft: 96, Weak: 158, Final: 0, Phantom: 31
[13.970s][info][gc,ref      ] GC(59) Enqueued    references: Soft: 3, Weak: 0, Final: 0, Phantom: 0
[13.970s][info][gc          ] GC(59) Concurrent weak references 0.241ms
[13.970s][info][gc,start    ] GC(59) Concurrent weak roots
[13.970s][info][gc,task     ] GC(59) Using 1 of 3 workers for concurrent weak root
[13.970s][info][gc          ] GC(59) Concurrent weak roots 0.533ms
[13.971s][info][gc,start    ] GC(59) Concurrent cleanup
[13.971s][info][gc          ] GC(59) Concurrent cleanup 150M->34M(8192M) 0.035ms
[13.971s][info][gc,ergo     ] GC(59) Free: 7745M, Max: 4096K regular, 7568M humongous, Frag: 2% external, 0% internal; Reserve: 412M, Max: 4096K
[13.971s][info][gc,start    ] GC(59) Concurrent class unloading
[13.971s][info][gc,task     ] GC(59) Using 1 of 3 workers for concurrent class unloading
[13.972s][info][gc          ] GC(59) Concurrent class unloading 1.811ms
[13.972s][info][gc,start    ] GC(59) Pause Final Roots
[13.972s][info][gc          ] GC(59) Pause Final Roots 0.013ms
[13.973s][info][gc,ergo     ] Free: 7745M, Max: 4096K regular, 7568M humongous, Frag: 2% external, 0% internal; Reserve: 412M, Max: 4096K
[13.973s][info][gc,stats    ] 
[13.973s][info][gc,stats    ] All times are wall-clock times, except per-root-class counters, that are sum over
[13.973s][info][gc,stats    ] all workers. Dividing the <total> over the root stage time estimates parallelism.
[13.973s][info][gc,stats    ] 
[13.973s][info][gc,stats    ] Concurrent Reset                    490 us
[13.973s][info][gc,stats    ] Pause Init Mark (G)                 542 us
[13.973s][info][gc,stats    ] Pause Init Mark (N)                 459 us
[13.973s][info][gc,stats    ]   Update Region States              309 us
[13.973s][info][gc,stats    ] Concurrent Mark Roots               768 us, parallelism: 0.82x
[13.973s][info][gc,stats    ]   CMR: <total>                      627 us
[13.973s][info][gc,stats    ]   CMR: Thread Roots                 558 us, workers (us): 558, ---, ---, 
[13.973s][info][gc,stats    ]   CMR: VM Strong Roots                6 us, workers (us):   6, ---, ---, 
[13.973s][info][gc,stats    ]   CMR: CLDG Roots                    63 us, workers (us):  63, ---, ---, 
[13.973s][info][gc,stats    ] Concurrent Marking                19833 us
[13.973s][info][gc,stats    ] Pause Final Mark (G)                396 us
[13.973s][info][gc,stats    ] Pause Final Mark (N)                311 us
[13.973s][info][gc,stats    ]   Finish Mark                        80 us
[13.973s][info][gc,stats    ]   Update Region States               52 us
[13.973s][info][gc,stats    ]   Choose Collection Set              54 us
[13.973s][info][gc,stats    ]   Rebuild Free Set                   21 us
[13.973s][info][gc,stats    ] Concurrent Weak References          258 us, parallelism: 0.05x
[13.973s][info][gc,stats    ]   CWRF: <total>                      12 us
[13.973s][info][gc,stats    ]   CWRF: Weak References              12 us, workers (us):  12, ---, ---, 
[13.973s][info][gc,stats    ] Concurrent Weak Roots               571 us
[13.973s][info][gc,stats    ]   Roots                             446 us, parallelism: 0.84x
[13.973s][info][gc,stats    ]     CWR: <total>                    372 us
[13.973s][info][gc,stats    ]     CWR: Code Cache Roots           304 us, workers (us): 304, ---, ---, 
[13.973s][info][gc,stats    ]     CWR: VM Weak Roots               63 us, workers (us):  63, ---, ---, 
[13.973s][info][gc,stats    ]     CWR: CLDG Roots                   5 us, workers (us):   5, ---, ---, 
[13.973s][info][gc,stats    ]   Rendezvous                         54 us
[13.973s][info][gc,stats    ] Concurrent Cleanup                   45 us
[13.973s][info][gc,stats    ] Concurrent Class Unloading         1841 us
[13.973s][info][gc,stats    ]   Unlink Stale                     1660 us
[13.973s][info][gc,stats    ]     System Dictionary                 3 us
[13.973s][info][gc,stats    ]     Weak Class Links                  0 us
[13.973s][info][gc,stats    ]     Code Roots                     1656 us
[13.973s][info][gc,stats    ]   Rendezvous                         24 us
[13.973s][info][gc,stats    ]   Purge Unlinked                    109 us
[13.973s][info][gc,stats    ]     Code Roots                      102 us
[13.973s][info][gc,stats    ]     CLDG                              7 us
[13.973s][info][gc,stats    ]     Exception Caches                  0 us
[13.973s][info][gc,stats    ] Pause Final Roots (G)                52 us
[13.973s][info][gc,stats    ] Pause Final Roots (N)                20 us
[13.973s][info][gc,stats    ] 
[13.973s][info][gc,stats    ] Allocation pacing accrued:
[13.973s][info][gc,stats    ]       0 of   209 ms (  0.0%): <total>
[13.973s][info][gc,stats    ]       0 of   209 ms (  0.0%): <average total>
[13.973s][info][gc,stats    ] 
[13.973s][info][gc,metaspace] Metaspace: 12364K(12672K)->12364K(12672K) NonClass: 10708K(10880K)->10708K(10880K) Class: 1655K(1792K)->1655K(1792K)
[13.973s][info][gc,ergo     ] Pacer for Idle. Initial: 163M, Alloc Tax Rate: 1.0x
[14.152s][info][gc          ] Trigger: Explicit GC request (System.gc())
[14.152s][info][gc,ergo     ] Free: 7621M, Max: 4096K regular, 7560M humongous, Frag: 0% external, 0% internal; Reserve: 412M, Max: 4096K
[14.152s][info][gc,start    ] GC(60) Concurrent reset
[14.152s][info][gc,task     ] GC(60) Using 1 of 3 workers for concurrent reset
[14.152s][info][gc,ergo     ] GC(60) Pacer for Reset. Non-Taxable: 8192M
[14.152s][info][gc          ] GC(60) Concurrent reset 0.369ms
[14.152s][info][gc,start    ] GC(60) Pause Init Mark (unload classes)
[14.152s][info][gc,task     ] GC(60) Using 3 of 3 workers for init marking
[14.152s][info][gc,ref      ] GC(60) Clearing All SoftReferences
[14.152s][info][gc,ergo     ] GC(60) Pacer for Mark. Expected Live: 25379K, Free: 7621M, Non-Taxable: 762M, Alloc Tax Rate: 0.0x
[14.152s][info][gc          ] GC(60) Pause Init Mark (unload classes) 0.215ms
[14.153s][info][gc,start    ] GC(60) Concurrent marking roots
[14.153s][info][gc,task     ] GC(60) Using 1 of 3 workers for concurrent marking roots
[14.153s][info][gc          ] GC(60) Concurrent marking roots 0.637ms
[14.153s][info][gc,start    ] GC(60) Concurrent marking (unload classes)
[14.153s][info][gc,task     ] GC(60) Using 1 of 3 workers for concurrent marking
[14.173s][info][gc          ] GC(60) Concurrent marking (unload classes) 19.915ms
[14.173s][info][gc,start    ] GC(60) Pause Final Mark (unload classes)
[14.173s][info][gc,task     ] GC(60) Using 3 of 3 workers for final marking
[14.174s][info][gc,ergo     ] GC(60) Collectable Garbage: 124M (92%), Immediate: 124M (92%), CSet: 0B (0%)
[14.174s][info][gc          ] GC(60) Pause Final Mark (unload classes) 0.310ms
[14.174s][info][gc,start    ] GC(60) Concurrent weak references
[14.174s][info][gc,task     ] GC(60) Using 1 of 3 workers for concurrent weak references
[14.174s][info][gc,ref      ] GC(60) Encountered references: Soft: 154, Weak: 720, Final: 0, Phantom: 33
[14.174s][info][gc,ref      ] GC(60) Discovered  references: Soft: 96, Weak: 158, Final: 0, Phantom: 31
[14.174s][info][gc,ref      ] GC(60) Enqueued    references: Soft: 3, Weak: 0, Final: 0, Phantom: 0
[14.174s][info][gc          ] GC(60) Concurrent weak references 0.169ms
[14.174s][info][gc,start    ] GC(60) Concurrent weak roots
[14.174s][info][gc,task     ] GC(60) Using 1 of 3 workers for concurrent weak root
[14.174s][info][gc          ] GC(60) Concurrent weak roots 0.599ms
[14.174s][info][gc,start    ] GC(60) Concurrent cleanup
[14.175s][info][gc          ] GC(60) Concurrent cleanup 158M->34M(8192M) 0.024ms
[14.175s][info][gc,ergo     ] GC(60) Free: 7745M, Max: 4096K regular, 7560M humongous, Frag: 2% external, 0% internal; Reserve: 412M, Max: 4096K
[14.175s][info][gc,start    ] GC(60) Concurrent class unloading
[14.175s][info][gc,task     ] GC(60) Using 1 of 3 workers for concurrent class unloading
[14.177s][info][gc          ] GC(60) Concurrent class unloading 2.336ms
[14.177s][info][gc,start    ] GC(60) Pause Final Roots
[14.177s][info][gc          ] GC(60) Pause Final Roots 0.021ms
[14.177s][info][gc,ergo     ] Free: 7745M, Max: 4096K regular, 7560M humongous, Frag: 2% external, 0% internal; Reserve: 412M, Max: 4096K
[14.177s][info][gc,stats    ] 
[14.177s][info][gc,stats    ] All times are wall-clock times, except per-root-class counters, that are sum over
[14.177s][info][gc,stats    ] all workers. Dividing the <total> over the root stage time estimates parallelism.
[14.177s][info][gc,stats    ] 
[14.177s][info][gc,stats    ] Concurrent Reset                    440 us
[14.177s][info][gc,stats    ] Pause Init Mark (G)                 377 us
[14.177s][info][gc,stats    ] Pause Init Mark (N)                 237 us
[14.177s][info][gc,stats    ]   Update Region States               83 us
[14.177s][info][gc,stats    ] Concurrent Mark Roots               672 us, parallelism: 0.72x
[14.177s][info][gc,stats    ]   CMR: <total>                      482 us
[14.177s][info][gc,stats    ]   CMR: Thread Roots                 414 us, workers (us): 414, ---, ---, 
[14.177s][info][gc,stats    ]   CMR: VM Strong Roots                6 us, workers (us):   6, ---, ---, 
[14.177s][info][gc,stats    ]   CMR: CLDG Roots                    61 us, workers (us):  61, ---, ---, 
[14.177s][info][gc,stats    ] Concurrent Marking                19985 us
[14.177s][info][gc,stats    ] Pause Final Mark (G)                456 us
[14.177s][info][gc,stats    ] Pause Final Mark (N)                332 us
[14.177s][info][gc,stats    ]   Finish Mark                        95 us
[14.177s][info][gc,stats    ]   Update Region States               53 us
[14.177s][info][gc,stats    ]   Choose Collection Set              52 us
[14.177s][info][gc,stats    ]   Rebuild Free Set                   21 us
[14.177s][info][gc,stats    ] Concurrent Weak References          186 us, parallelism: 0.04x
[14.177s][info][gc,stats    ]   CWRF: <total>                       6 us
[14.177s][info][gc,stats    ]   CWRF: Weak References               6 us, workers (us):   6, ---, ---, 
[14.177s][info][gc,stats    ] Concurrent Weak Roots               619 us
[14.177s][info][gc,stats    ]   Roots                             465 us, parallelism: 0.85x
[14.177s][info][gc,stats    ]     CWR: <total>                    397 us
[14.177s][info][gc,stats    ]     CWR: Code Cache Roots           307 us, workers (us): 307, ---, ---, 
[14.177s][info][gc,stats    ]     CWR: VM Weak Roots               85 us, workers (us):  85, ---, ---, 
[14.177s][info][gc,stats    ]     CWR: CLDG Roots                   5 us, workers (us):   5, ---, ---, 
[14.177s][info][gc,stats    ]   Rendezvous                        103 us
[14.177s][info][gc,stats    ] Concurrent Cleanup                   32 us
[14.177s][info][gc,stats    ] Concurrent Class Unloading         2398 us
[14.177s][info][gc,stats    ]   Unlink Stale                     1943 us
[14.177s][info][gc,stats    ]     System Dictionary                 3 us
[14.177s][info][gc,stats    ]     Weak Class Links                  0 us
[14.177s][info][gc,stats    ]     Code Roots                     1938 us
[14.177s][info][gc,stats    ]   Rendezvous                        163 us
[14.177s][info][gc,stats    ]   Purge Unlinked                    210 us
[14.177s][info][gc,stats    ]     Code Roots                      197 us
[14.177s][info][gc,stats    ]     CLDG                             13 us
[14.177s][info][gc,stats    ]     Exception Caches                  0 us
[14.177s][info][gc,stats    ] Pause Final Roots (G)                84 us
[14.177s][info][gc,stats    ] Pause Final Roots (N)                29 us
[14.177s][info][gc,stats    ] 
[14.177s][info][gc,stats    ] Allocation pacing accrued:
[14.177s][info][gc,stats    ]       0 of   204 ms (  0.0%): <total>
[14.177s][info][gc,stats    ]       0 of   204 ms (  0.0%): <average total>
[14.178s][info][gc,stats    ] 
[14.178s][info][gc,metaspace] Metaspace: 12364K(12672K)->12364K(12672K) NonClass: 10708K(10880K)->10708K(10880K) Class: 1655K(1792K)->1655K(1792K)
[14.178s][info][gc,ergo     ] Pacer for Idle. Initial: 163M, Alloc Tax Rate: 1.0x
[14.372s][info][gc          ] Trigger: Explicit GC request (System.gc())
[14.372s][info][gc,ergo     ] Free: 7621M, Max: 4096K regular, 7560M humongous, Frag: 0% external, 0% internal; Reserve: 412M, Max: 4096K
[14.372s][info][gc,start    ] GC(61) Concurrent reset
[14.372s][info][gc,task     ] GC(61) Using 1 of 3 workers for concurrent reset
[14.372s][info][gc,ergo     ] GC(61) Pacer for Reset. Non-Taxable: 8192M
[14.372s][info][gc          ] GC(61) Concurrent reset 0.583ms
[14.373s][info][gc,start    ] GC(61) Pause Init Mark (unload classes)
[14.373s][info][gc,task     ] GC(61) Using 3 of 3 workers for init marking
[14.373s][info][gc,ref      ] GC(61) Clearing All SoftReferences
[14.373s][info][gc,ergo     ] GC(61) Pacer for Mark. Expected Live: 25380K, Free: 7621M, Non-Taxable: 762M, Alloc Tax Rate: 0.0x
[14.373s][info][gc          ] GC(61) Pause Init Mark (unload classes) 0.176ms
[14.373s][info][gc,start    ] GC(61) Concurrent marking roots
[14.373s][info][gc,task     ] GC(61) Using 1 of 3 workers for concurrent marking roots
[14.373s][info][gc          ] GC(61) Concurrent marking roots 0.528ms
[14.373s][info][gc,start    ] GC(61) Concurrent marking (unload classes)
[14.373s][info][gc,task     ] GC(61) Using 1 of 3 workers for concurrent marking
[14.393s][info][gc          ] GC(61) Concurrent marking (unload classes) 19.860ms
[14.393s][info][gc,start    ] GC(61) Pause Final Mark (unload classes)
[14.393s][info][gc,task     ] GC(61) Using 3 of 3 workers for final marking
[14.394s][info][gc,ergo     ] GC(61) Collectable Garbage: 123M (92%), Immediate: 123M (92%), CSet: 0B (0%)
[14.394s][info][gc          ] GC(61) Pause Final Mark (unload classes) 0.471ms
[14.394s][info][gc,start    ] GC(61) Concurrent weak references
[14.394s][info][gc,task     ] GC(61) Using 1 of 3 workers for concurrent weak references
[14.394s][info][gc,ref      ] GC(61) Encountered references: Soft: 154, Weak: 720, Final: 0, Phantom: 33
[14.394s][info][gc,ref      ] GC(61) Discovered  references: Soft: 96, Weak: 158, Final: 0, Phantom: 31
[14.394s][info][gc,ref      ] GC(61) Enqueued    references: Soft: 3, Weak: 0, Final: 0, Phantom: 0
[14.394s][info][gc          ] GC(61) Concurrent weak references 0.171ms
[14.394s][info][gc,start    ] GC(61) Concurrent weak roots
[14.394s][info][gc,task     ] GC(61) Using 1 of 3 workers for concurrent weak root
[14.395s][info][gc          ] GC(61) Concurrent weak roots 0.602ms
[14.395s][info][gc,start    ] GC(61) Concurrent cleanup
[14.395s][info][gc          ] GC(61) Concurrent cleanup 158M->34M(8192M) 0.031ms
[14.395s][info][gc,ergo     ] GC(61) Free: 7745M, Max: 4096K regular, 7564M humongous, Frag: 2% external, 0% internal; Reserve: 412M, Max: 4096K
[14.395s][info][gc,start    ] GC(61) Concurrent class unloading
[14.395s][info][gc,task     ] GC(61) Using 1 of 3 workers for concurrent class unloading
[14.397s][info][gc          ] GC(61) Concurrent class unloading 2.293ms
[14.397s][info][gc,start    ] GC(61) Pause Final Roots
[14.397s][info][gc          ] GC(61) Pause Final Roots 0.052ms
[14.397s][info][gc,ergo     ] Free: 7745M, Max: 4096K regular, 7564M humongous, Frag: 2% external, 0% internal; Reserve: 412M, Max: 4096K
[14.397s][info][gc,stats    ] 
[14.397s][info][gc,stats    ] All times are wall-clock times, except per-root-class counters, that are sum over
[14.397s][info][gc,stats    ] all workers. Dividing the <total> over the root stage time estimates parallelism.
[14.397s][info][gc,stats    ] 
[14.397s][info][gc,stats    ] Concurrent Reset                    684 us
[14.397s][info][gc,stats    ] Pause Init Mark (G)                 303 us
[14.397s][info][gc,stats    ] Pause Init Mark (N)                 194 us
[14.398s][info][gc,stats    ]   Update Region States               70 us
[14.398s][info][gc,stats    ] Concurrent Mark Roots               565 us, parallelism: 0.66x
[14.398s][info][gc,stats    ]   CMR: <total>                      373 us
[14.398s][info][gc,stats    ]   CMR: Thread Roots                 328 us, workers (us): 328, ---, ---, 
[14.398s][info][gc,stats    ]   CMR: VM Strong Roots                6 us, workers (us):   6, ---, ---, 
[14.398s][info][gc,stats    ]   CMR: CLDG Roots                    40 us, workers (us):  40, ---, ---, 
[14.398s][info][gc,stats    ] Concurrent Marking                19927 us
[14.398s][info][gc,stats    ] Pause Final Mark (G)                624 us
[14.398s][info][gc,stats    ] Pause Final Mark (N)                500 us
[14.398s][info][gc,stats    ]   Finish Mark                        91 us
[14.398s][info][gc,stats    ]   Update Region States               97 us
[14.398s][info][gc,stats    ]   Choose Collection Set              72 us
[14.398s][info][gc,stats    ]   Rebuild Free Set                  127 us
[14.398s][info][gc,stats    ] Concurrent Weak References          187 us, parallelism: 0.04x
[14.398s][info][gc,stats    ]   CWRF: <total>                       7 us
[14.398s][info][gc,stats    ]   CWRF: Weak References               7 us, workers (us):   7, ---, ---, 
[14.398s][info][gc,stats    ] Concurrent Weak Roots               639 us
[14.398s][info][gc,stats    ]   Roots                             452 us, parallelism: 0.86x
[14.398s][info][gc,stats    ]     CWR: <total>                    390 us
[14.398s][info][gc,stats    ]     CWR: Code Cache Roots           322 us, workers (us): 322, ---, ---, 
[14.398s][info][gc,stats    ]     CWR: VM Weak Roots               63 us, workers (us):  63, ---, ---, 
[14.398s][info][gc,stats    ]     CWR: CLDG Roots                   5 us, workers (us):   5, ---, ---, 
[14.398s][info][gc,stats    ]   Rendezvous                        106 us
[14.398s][info][gc,stats    ] Concurrent Cleanup                   39 us
[14.398s][info][gc,stats    ] Concurrent Class Unloading         2357 us
[14.398s][info][gc,stats    ]   Unlink Stale                     1943 us
[14.398s][info][gc,stats    ]     System Dictionary                 6 us
[14.398s][info][gc,stats    ]     Weak Class Links                  0 us
[14.398s][info][gc,stats    ]     Code Roots                     1935 us
[14.398s][info][gc,stats    ]   Rendezvous                        177 us
[14.398s][info][gc,stats    ]   Purge Unlinked                    154 us
[14.398s][info][gc,stats    ]     Code Roots                      144 us
[14.398s][info][gc,stats    ]     CLDG                              9 us
[14.398s][info][gc,stats    ]     Exception Caches                  0 us
[14.398s][info][gc,stats    ] Pause Final Roots (G)               191 us
[14.398s][info][gc,stats    ] Pause Final Roots (N)                75 us
[14.398s][info][gc,stats    ] 
[14.398s][info][gc,stats    ] Allocation pacing accrued:
[14.398s][info][gc,stats    ]       0 of   220 ms (  0.0%): <total>
[14.398s][info][gc,stats    ]       0 of   220 ms (  0.0%): <average total>
[14.398s][info][gc,stats    ] 
[14.398s][info][gc,metaspace] Metaspace: 12368K(12672K)->12369K(12672K) NonClass: 10713K(10880K)->10713K(10880K) Class: 1655K(1792K)->1655K(1792K)
[14.398s][info][gc,ergo     ] Pacer for Idle. Initial: 163M, Alloc Tax Rate: 1.0x
[14.576s][info][gc          ] Trigger: Explicit GC request (System.gc())
[14.576s][info][gc,ergo     ] Free: 7621M, Max: 4096K regular, 7560M humongous, Frag: 0% external, 0% internal; Reserve: 412M, Max: 4096K
[14.576s][info][gc,start    ] GC(62) Concurrent reset
[14.576s][info][gc,task     ] GC(62) Using 1 of 3 workers for concurrent reset
[14.576s][info][gc,ergo     ] GC(62) Pacer for Reset. Non-Taxable: 8192M
[14.577s][info][gc          ] GC(62) Concurrent reset 0.300ms
[14.577s][info][gc,start    ] GC(62) Pause Init Mark (unload classes)
[14.577s][info][gc,task     ] GC(62) Using 3 of 3 workers for init marking
[14.577s][info][gc,ref      ] GC(62) Clearing All SoftReferences
[14.577s][info][gc,ergo     ] GC(62) Pacer for Mark. Expected Live: 25380K, Free: 7621M, Non-Taxable: 762M, Alloc Tax Rate: 0.0x
[14.577s][info][gc          ] GC(62) Pause Init Mark (unload classes) 0.343ms
[14.577s][info][gc,start    ] GC(62) Concurrent marking roots
[14.577s][info][gc,task     ] GC(62) Using 1 of 3 workers for concurrent marking roots
[14.578s][info][gc          ] GC(62) Concurrent marking roots 0.693ms
[14.578s][info][gc,start    ] GC(62) Concurrent marking (unload classes)
[14.578s][info][gc,task     ] GC(62) Using 1 of 3 workers for concurrent marking
[14.598s][info][gc          ] GC(62) Concurrent marking (unload classes) 19.988ms
[14.598s][info][gc,start    ] GC(62) Pause Final Mark (unload classes)
[14.598s][info][gc,task     ] GC(62) Using 3 of 3 workers for final marking
[14.598s][info][gc,ergo     ] GC(62) Collectable Garbage: 124M (92%), Immediate: 124M (92%), CSet: 0B (0%)
[14.598s][info][gc          ] GC(62) Pause Final Mark (unload classes) 0.271ms
[14.598s][info][gc,start    ] GC(62) Concurrent weak references
[14.598s][info][gc,task     ] GC(62) Using 1 of 3 workers for concurrent weak references
[14.598s][info][gc,ref      ] GC(62) Encountered references: Soft: 154, Weak: 720, Final: 0, Phantom: 33
[14.598s][info][gc,ref      ] GC(62) Discovered  references: Soft: 96, Weak: 158, Final: 0, Phantom: 31
[14.598s][info][gc,ref      ] GC(62) Enqueued    references: Soft: 3, Weak: 0, Final: 0, Phantom: 0
[14.598s][info][gc          ] GC(62) Concurrent weak references 0.135ms
[14.598s][info][gc,start    ] GC(62) Concurrent weak roots
[14.598s][info][gc,task     ] GC(62) Using 1 of 3 workers for concurrent weak root
[14.599s][info][gc          ] GC(62) Concurrent weak roots 0.522ms
[14.599s][info][gc,start    ] GC(62) Concurrent cleanup
[14.599s][info][gc          ] GC(62) Concurrent cleanup 158M->34M(8192M) 0.021ms
[14.599s][info][gc,ergo     ] GC(62) Free: 7745M, Max: 4096K regular, 7560M humongous, Frag: 2% external, 0% internal; Reserve: 412M, Max: 4096K
[14.599s][info][gc,start    ] GC(62) Concurrent class unloading
[14.599s][info][gc,task     ] GC(62) Using 1 of 3 workers for concurrent class unloading
[14.601s][info][gc          ] GC(62) Concurrent class unloading 2.321ms
[14.601s][info][gc,start    ] GC(62) Pause Final Roots
[14.601s][info][gc          ] GC(62) Pause Final Roots 0.050ms
[14.602s][info][gc,ergo     ] Free: 7745M, Max: 4096K regular, 7560M humongous, Frag: 2% external, 0% internal; Reserve: 412M, Max: 4096K
[14.602s][info][gc,stats    ] 
[14.602s][info][gc,stats    ] All times are wall-clock times, except per-root-class counters, that are sum over
[14.602s][info][gc,stats    ] all workers. Dividing the <total> over the root stage time estimates parallelism.
[14.602s][info][gc,stats    ] 
[14.602s][info][gc,stats    ] Concurrent Reset                    341 us
[14.602s][info][gc,stats    ] Pause Init Mark (G)                 455 us
[14.602s][info][gc,stats    ] Pause Init Mark (N)                 360 us
[14.602s][info][gc,stats    ]   Update Region States               90 us
[14.602s][info][gc,stats    ] Concurrent Mark Roots               732 us, parallelism: 0.78x
[14.602s][info][gc,stats    ]   CMR: <total>                      574 us
[14.602s][info][gc,stats    ]   CMR: Thread Roots                 503 us, workers (us): 503, ---, ---, 
[14.602s][info][gc,stats    ]   CMR: VM Strong Roots                7 us, workers (us):   7, ---, ---, 
[14.602s][info][gc,stats    ]   CMR: CLDG Roots                    64 us, workers (us):  64, ---, ---, 
[14.602s][info][gc,stats    ] Concurrent Marking                20063 us
[14.602s][info][gc,stats    ] Pause Final Mark (G)                347 us
[14.602s][info][gc,stats    ] Pause Final Mark (N)                291 us
[14.602s][info][gc,stats    ]   Finish Mark                        65 us
[14.602s][info][gc,stats    ]   Update Region States               41 us
[14.602s][info][gc,stats    ]   Choose Collection Set              60 us
[14.602s][info][gc,stats    ]   Rebuild Free Set                   21 us
[14.602s][info][gc,stats    ] Concurrent Weak References          143 us, parallelism: 0.07x
[14.602s][info][gc,stats    ]   CWRF: <total>                       9 us
[14.602s][info][gc,stats    ]   CWRF: Weak References               9 us, workers (us):   9, ---, ---, 
[14.602s][info][gc,stats    ] Concurrent Weak Roots               543 us
[14.602s][info][gc,stats    ]   Roots                             453 us, parallelism: 0.88x
[14.602s][info][gc,stats    ]     CWR: <total>                    397 us
[14.602s][info][gc,stats    ]     CWR: Code Cache Roots           326 us, workers (us): 326, ---, ---, 
[14.602s][info][gc,stats    ]     CWR: VM Weak Roots               65 us, workers (us):  65, ---, ---, 
[14.602s][info][gc,stats    ]     CWR: CLDG Roots                   6 us, workers (us):   6, ---, ---, 
[14.602s][info][gc,stats    ]   Rendezvous                         53 us
[14.602s][info][gc,stats    ] Concurrent Cleanup                   30 us
[14.602s][info][gc,stats    ] Concurrent Class Unloading         2359 us
[14.602s][info][gc,stats    ]   Unlink Stale                     2114 us
[14.602s][info][gc,stats    ]     System Dictionary                 7 us
[14.602s][info][gc,stats    ]     Weak Class Links                  0 us
[14.602s][info][gc,stats    ]     Code Roots                     2106 us
[14.602s][info][gc,stats    ]   Rendezvous                         74 us
[14.602s][info][gc,stats    ]   Purge Unlinked                    114 us
[14.602s][info][gc,stats    ]     Code Roots                      108 us
[14.602s][info][gc,stats    ]     CLDG                              5 us
[14.602s][info][gc,stats    ]     Exception Caches                  0 us
[14.602s][info][gc,stats    ] Pause Final Roots (G)               123 us
[14.602s][info][gc,stats    ] Pause Final Roots (N)                59 us
[14.602s][info][gc,stats    ] 
[14.602s][info][gc,stats    ] Allocation pacing accrued:
[14.602s][info][gc,stats    ]       0 of   204 ms (  0.0%): <total>
[14.602s][info][gc,stats    ]       0 of   204 ms (  0.0%): <average total>
[14.602s][info][gc,stats    ] 
[14.602s][info][gc,metaspace] Metaspace: 12373K(12672K)->12373K(12672K) NonClass: 10717K(10880K)->10717K(10880K) Class: 1655K(1792K)->1655K(1792K)
[14.602s][info][gc,ergo     ] Pacer for Idle. Initial: 163M, Alloc Tax Rate: 1.0x
[14.780s][info][gc          ] Trigger: Explicit GC request (System.gc())
[14.780s][info][gc,ergo     ] Free: 7621M, Max: 4096K regular, 7560M humongous, Frag: 0% external, 0% internal; Reserve: 412M, Max: 4096K
[14.780s][info][gc,start    ] GC(63) Concurrent reset
[14.780s][info][gc,task     ] GC(63) Using 1 of 3 workers for concurrent reset
[14.780s][info][gc,ergo     ] GC(63) Pacer for Reset. Non-Taxable: 8192M
[14.781s][info][gc          ] GC(63) Concurrent reset 0.467ms
[14.781s][info][gc,start    ] GC(63) Pause Init Mark (unload classes)
[14.781s][info][gc,task     ] GC(63) Using 3 of 3 workers for init marking
[14.781s][info][gc,ref      ] GC(63) Clearing All SoftReferences
[14.781s][info][gc,ergo     ] GC(63) Pacer for Mark. Expected Live: 25380K, Free: 7621M, Non-Taxable: 762M, Alloc Tax Rate: 0.0x
[14.781s][info][gc          ] GC(63) Pause Init Mark (unload classes) 0.200ms
[14.781s][info][gc,start    ] GC(63) Concurrent marking roots
[14.781s][info][gc,task     ] GC(63) Using 1 of 3 workers for concurrent marking roots
[14.782s][info][gc          ] GC(63) Concurrent marking roots 0.421ms
[14.782s][info][gc,start    ] GC(63) Concurrent marking (unload classes)
[14.782s][info][gc,task     ] GC(63) Using 1 of 3 workers for concurrent marking
[14.802s][info][gc          ] GC(63) Concurrent marking (unload classes) 19.994ms
[14.802s][info][gc,start    ] GC(63) Pause Final Mark (unload classes)
[14.802s][info][gc,task     ] GC(63) Using 3 of 3 workers for final marking
[14.802s][info][gc,ergo     ] GC(63) Collectable Garbage: 123M (92%), Immediate: 123M (92%), CSet: 0B (0%)
[14.802s][info][gc          ] GC(63) Pause Final Mark (unload classes) 0.400ms
[14.802s][info][gc,start    ] GC(63) Concurrent weak references
[14.802s][info][gc,task     ] GC(63) Using 1 of 3 workers for concurrent weak references
[14.802s][info][gc,ref      ] GC(63) Encountered references: Soft: 154, Weak: 720, Final: 0, Phantom: 33
[14.802s][info][gc,ref      ] GC(63) Discovered  references: Soft: 96, Weak: 158, Final: 0, Phantom: 31
[14.802s][info][gc,ref      ] GC(63) Enqueued    references: Soft: 3, Weak: 0, Final: 0, Phantom: 0
[14.802s][info][gc          ] GC(63) Concurrent weak references 0.123ms
[14.802s][info][gc,start    ] GC(63) Concurrent weak roots
[14.802s][info][gc,task     ] GC(63) Using 1 of 3 workers for concurrent weak root
[14.803s][info][gc          ] GC(63) Concurrent weak roots 0.549ms
[14.803s][info][gc,start    ] GC(63) Concurrent cleanup
[14.803s][info][gc          ] GC(63) Concurrent cleanup 158M->34M(8192M) 0.022ms
[14.803s][info][gc,ergo     ] GC(63) Free: 7745M, Max: 4096K regular, 7564M humongous, Frag: 2% external, 0% internal; Reserve: 412M, Max: 4096K
[14.803s][info][gc,start    ] GC(63) Concurrent class unloading
[14.803s][info][gc,task     ] GC(63) Using 1 of 3 workers for concurrent class unloading
[14.805s][info][gc          ] GC(63) Concurrent class unloading 2.030ms
[14.805s][info][gc,start    ] GC(63) Pause Final Roots
[14.805s][info][gc          ] GC(63) Pause Final Roots 0.020ms
[14.805s][info][gc,ergo     ] Free: 7745M, Max: 4096K regular, 7564M humongous, Frag: 2% external, 0% internal; Reserve: 412M, Max: 4096K
[14.805s][info][gc,stats    ] 
[14.805s][info][gc,stats    ] All times are wall-clock times, except per-root-class counters, that are sum over
[14.805s][info][gc,stats    ] all workers. Dividing the <total> over the root stage time estimates parallelism.
[14.805s][info][gc,stats    ] 
[14.805s][info][gc,stats    ] Concurrent Reset                    518 us
[14.805s][info][gc,stats    ] Pause Init Mark (G)                 302 us
[14.805s][info][gc,stats    ] Pause Init Mark (N)                 209 us
[14.805s][info][gc,stats    ]   Update Region States               88 us
[14.805s][info][gc,stats    ] Concurrent Mark Roots               442 us, parallelism: 0.73x
[14.805s][info][gc,stats    ]   CMR: <total>                      324 us
[14.805s][info][gc,stats    ]   CMR: Thread Roots                 278 us, workers (us): 278, ---, ---, 
[14.805s][info][gc,stats    ]   CMR: VM Strong Roots                6 us, workers (us):   6, ---, ---, 
[14.805s][info][gc,stats    ]   CMR: CLDG Roots                    41 us, workers (us):  41, ---, ---, 
[14.805s][info][gc,stats    ] Concurrent Marking                20061 us
[14.805s][info][gc,stats    ] Pause Final Mark (G)                531 us
[14.805s][info][gc,stats    ] Pause Final Mark (N)                425 us
[14.805s][info][gc,stats    ]   Finish Mark                       142 us
[14.805s][info][gc,stats    ]   Update Region States               75 us
[14.805s][info][gc,stats    ]   Choose Collection Set              72 us
[14.805s][info][gc,stats    ]   Rebuild Free Set                   21 us
[14.805s][info][gc,stats    ] Concurrent Weak References          131 us, parallelism: 0.06x
[14.805s][info][gc,stats    ]   CWRF: <total>                       8 us
[14.805s][info][gc,stats    ]   CWRF: Weak References               8 us, workers (us):   8, ---, ---, 
[14.805s][info][gc,stats    ] Concurrent Weak Roots               568 us
[14.805s][info][gc,stats    ]   Roots                             430 us, parallelism: 0.88x
[14.805s][info][gc,stats    ]     CWR: <total>                    377 us
[14.805s][info][gc,stats    ]     CWR: Code Cache Roots           311 us, workers (us): 311, ---, ---, 
[14.805s][info][gc,stats    ]     CWR: VM Weak Roots               61 us, workers (us):  61, ---, ---, 
[14.806s][info][gc,stats    ]     CWR: CLDG Roots                   6 us, workers (us):   6, ---, ---, 
[14.806s][info][gc,stats    ]   Rendezvous                        104 us
[14.806s][info][gc,stats    ] Concurrent Cleanup                   30 us
[14.806s][info][gc,stats    ] Concurrent Class Unloading         2077 us
[14.806s][info][gc,stats    ]   Unlink Stale                     1693 us
[14.806s][info][gc,stats    ]     System Dictionary                 3 us
[14.806s][info][gc,stats    ]     Weak Class Links                  0 us
[14.806s][info][gc,stats    ]     Code Roots                     1689 us
[14.806s][info][gc,stats    ]   Rendezvous                        160 us
[14.806s][info][gc,stats    ]   Purge Unlinked                    159 us
[14.806s][info][gc,stats    ]     Code Roots                      150 us
[14.806s][info][gc,stats    ]     CLDG                              9 us
[14.806s][info][gc,stats    ]     Exception Caches                  0 us
[14.806s][info][gc,stats    ] Pause Final Roots (G)                97 us
[14.806s][info][gc,stats    ] Pause Final Roots (N)                28 us
[14.806s][info][gc,stats    ] 
[14.806s][info][gc,stats    ] Allocation pacing accrued:
[14.806s][info][gc,stats    ]       0 of   204 ms (  0.0%): <total>
[14.806s][info][gc,stats    ]       0 of   204 ms (  0.0%): <average total>
[14.806s][info][gc,stats    ] 
[14.806s][info][gc,metaspace] Metaspace: 12374K(12672K)->12376K(12672K) NonClass: 10718K(10880K)->10720K(10880K) Class: 1655K(1792K)->1655K(1792K)
[14.806s][info][gc,ergo     ] Pacer for Idle. Initial: 163M, Alloc Tax Rate: 1.0x
[14.984s][info][gc          ] Trigger: Explicit GC request (System.gc())
[14.984s][info][gc,ergo     ] Free: 7621M, Max: 4096K regular, 7560M humongous, Frag: 0% external, 0% internal; Reserve: 412M, Max: 4096K
[14.984s][info][gc,start    ] GC(64) Concurrent reset
[14.984s][info][gc,task     ] GC(64) Using 1 of 3 workers for concurrent reset
[14.984s][info][gc,ergo     ] GC(64) Pacer for Reset. Non-Taxable: 8192M
[14.985s][info][gc          ] GC(64) Concurrent reset 0.246ms
[14.985s][info][gc,start    ] GC(64) Pause Init Mark (unload classes)
[14.985s][info][gc,task     ] GC(64) Using 3 of 3 workers for init marking
[14.985s][info][gc,ref      ] GC(64) Clearing All SoftReferences
[14.985s][info][gc,ergo     ] GC(64) Pacer for Mark. Expected Live: 25380K, Free: 7621M, Non-Taxable: 762M, Alloc Tax Rate: 0.0x
[14.985s][info][gc          ] GC(64) Pause Init Mark (unload classes) 0.146ms
[14.985s][info][gc,start    ] GC(64) Concurrent marking roots
[14.985s][info][gc,task     ] GC(64) Using 1 of 3 workers for concurrent marking roots
[14.986s][info][gc          ] GC(64) Concurrent marking roots 0.655ms
[14.986s][info][gc,start    ] GC(64) Concurrent marking (unload classes)
[14.986s][info][gc,task     ] GC(64) Using 1 of 3 workers for concurrent marking
[15.006s][info][gc          ] GC(64) Concurrent marking (unload classes) 20.041ms
[15.006s][info][gc,start    ] GC(64) Pause Final Mark (unload classes)
[15.006s][info][gc,task     ] GC(64) Using 3 of 3 workers for final marking
[15.006s][info][gc,ergo     ] GC(64) Collectable Garbage: 124M (92%), Immediate: 124M (92%), CSet: 0B (0%)
[15.006s][info][gc          ] GC(64) Pause Final Mark (unload classes) 0.324ms
[15.006s][info][gc,start    ] GC(64) Concurrent weak references
[15.006s][info][gc,task     ] GC(64) Using 1 of 3 workers for concurrent weak references
[15.006s][info][gc,ref      ] GC(64) Encountered references: Soft: 154, Weak: 720, Final: 0, Phantom: 33
[15.006s][info][gc,ref      ] GC(64) Discovered  references: Soft: 96, Weak: 158, Final: 0, Phantom: 31
[15.006s][info][gc,ref      ] GC(64) Enqueued    references: Soft: 3, Weak: 0, Final: 0, Phantom: 0
[15.006s][info][gc          ] GC(64) Concurrent weak references 0.140ms
[15.006s][info][gc,start    ] GC(64) Concurrent weak roots
[15.006s][info][gc,task     ] GC(64) Using 1 of 3 workers for concurrent weak root
[15.007s][info][gc          ] GC(64) Concurrent weak roots 0.539ms
[15.007s][info][gc,start    ] GC(64) Concurrent cleanup
[15.007s][info][gc          ] GC(64) Concurrent cleanup 158M->34M(8192M) 0.021ms
[15.007s][info][gc,ergo     ] GC(64) Free: 7745M, Max: 4096K regular, 7560M humongous, Frag: 2% external, 0% internal; Reserve: 412M, Max: 4096K
[15.007s][info][gc,start    ] GC(64) Concurrent class unloading
[15.007s][info][gc,task     ] GC(64) Using 1 of 3 workers for concurrent class unloading
[15.009s][info][gc          ] GC(64) Concurrent class unloading 1.990ms
[15.009s][info][gc,start    ] GC(64) Pause Final Roots
[15.009s][info][gc          ] GC(64) Pause Final Roots 0.020ms
[15.009s][info][gc,ergo     ] Free: 7745M, Max: 4096K regular, 7560M humongous, Frag: 2% external, 0% internal; Reserve: 412M, Max: 4096K
[15.009s][info][gc,stats    ] 
[15.009s][info][gc,stats    ] All times are wall-clock times, except per-root-class counters, that are sum over
[15.009s][info][gc,stats    ] all workers. Dividing the <total> over the root stage time estimates parallelism.
[15.009s][info][gc,stats    ] 
[15.009s][info][gc,stats    ] Concurrent Reset                    268 us
[15.009s][info][gc,stats    ] Pause Init Mark (G)                 224 us
[15.009s][info][gc,stats    ] Pause Init Mark (N)                 155 us
[15.009s][info][gc,stats    ]   Update Region States               66 us
[15.009s][info][gc,stats    ] Concurrent Mark Roots               676 us, parallelism: 0.83x
[15.009s][info][gc,stats    ]   CMR: <total>                      561 us
[15.009s][info][gc,stats    ]   CMR: Thread Roots                 483 us, workers (us): 483, ---, ---, 
[15.009s][info][gc,stats    ]   CMR: VM Strong Roots                7 us, workers (us):   7, ---, ---, 
[15.009s][info][gc,stats    ]   CMR: CLDG Roots                    72 us, workers (us):  72, ---, ---, 
[15.009s][info][gc,stats    ] Concurrent Marking                20102 us
[15.009s][info][gc,stats    ] Pause Final Mark (G)                440 us
[15.009s][info][gc,stats    ] Pause Final Mark (N)                346 us
[15.009s][info][gc,stats    ]   Finish Mark                        95 us
[15.009s][info][gc,stats    ]   Update Region States               54 us
[15.009s][info][gc,stats    ]   Choose Collection Set              55 us
[15.009s][info][gc,stats    ]   Rebuild Free Set                   21 us
[15.009s][info][gc,stats    ] Concurrent Weak References          156 us, parallelism: 0.04x
[15.009s][info][gc,stats    ]   CWRF: <total>                       7 us
[15.009s][info][gc,stats    ]   CWRF: Weak References               7 us, workers (us):   7, ---, ---, 
[15.009s][info][gc,stats    ] Concurrent Weak Roots               549 us
[15.009s][info][gc,stats    ]   Roots                             421 us, parallelism: 0.91x
[15.009s][info][gc,stats    ]     CWR: <total>                    383 us
[15.009s][info][gc,stats    ]     CWR: Code Cache Roots           316 us, workers (us): 316, ---, ---, 
[15.009s][info][gc,stats    ]     CWR: VM Weak Roots               62 us, workers (us):  62, ---, ---, 
[15.009s][info][gc,stats    ]     CWR: CLDG Roots                   6 us, workers (us):   6, ---, ---, 
[15.010s][info][gc,stats    ]   Rendezvous                         88 us
[15.010s][info][gc,stats    ] Concurrent Cleanup                   29 us
[15.010s][info][gc,stats    ] Concurrent Class Unloading         2013 us
[15.010s][info][gc,stats    ]   Unlink Stale                     1651 us
[15.010s][info][gc,stats    ]     System Dictionary                 3 us
[15.010s][info][gc,stats    ]     Weak Class Links                  0 us
[15.010s][info][gc,stats    ]     Code Roots                     1646 us
[15.010s][info][gc,stats    ]   Rendezvous                        248 us
[15.010s][info][gc,stats    ]   Purge Unlinked                     76 us
[15.010s][info][gc,stats    ]     Code Roots                       71 us
[15.010s][info][gc,stats    ]     CLDG                              5 us
[15.010s][info][gc,stats    ]     Exception Caches                  0 us
[15.010s][info][gc,stats    ] Pause Final Roots (G)                69 us
[15.010s][info][gc,stats    ] Pause Final Roots (N)                28 us
[15.010s][info][gc,stats    ] 
[15.010s][info][gc,stats    ] Allocation pacing accrued:
[15.010s][info][gc,stats    ]       0 of   204 ms (  0.0%): <total>
[15.010s][info][gc,stats    ]       0 of   204 ms (  0.0%): <average total>
[15.010s][info][gc,stats    ] 
[15.010s][info][gc,metaspace] Metaspace: 12381K(12672K)->12390K(12672K) NonClass: 10726K(10880K)->10734K(10880K) Class: 1655K(1792K)->1655K(1792K)
[15.010s][info][gc,ergo     ] Pacer for Idle. Initial: 163M, Alloc Tax Rate: 1.0x
[15.188s][info][gc          ] Trigger: Explicit GC request (System.gc())
[15.189s][info][gc,ergo     ] Free: 7621M, Max: 4096K regular, 7560M humongous, Frag: 0% external, 0% internal; Reserve: 412M, Max: 4096K
[15.189s][info][gc,start    ] GC(65) Concurrent reset
[15.189s][info][gc,task     ] GC(65) Using 1 of 3 workers for concurrent reset
[15.189s][info][gc,ergo     ] GC(65) Pacer for Reset. Non-Taxable: 8192M
[15.189s][info][gc          ] GC(65) Concurrent reset 0.393ms
[15.189s][info][gc,start    ] GC(65) Pause Init Mark (unload classes)
[15.189s][info][gc,task     ] GC(65) Using 3 of 3 workers for init marking
[15.189s][info][gc,ref      ] GC(65) Clearing All SoftReferences
[15.189s][info][gc,ergo     ] GC(65) Pacer for Mark. Expected Live: 25380K, Free: 7621M, Non-Taxable: 762M, Alloc Tax Rate: 0.0x
[15.189s][info][gc          ] GC(65) Pause Init Mark (unload classes) 0.135ms
[15.189s][info][gc,start    ] GC(65) Concurrent marking roots
[15.189s][info][gc,task     ] GC(65) Using 1 of 3 workers for concurrent marking roots
[15.190s][info][gc          ] GC(65) Concurrent marking roots 0.561ms
[15.190s][info][gc,start    ] GC(65) Concurrent marking (unload classes)
[15.190s][info][gc,task     ] GC(65) Using 1 of 3 workers for concurrent marking
[15.210s][info][gc          ] GC(65) Concurrent marking (unload classes) 19.956ms
[15.210s][info][gc,start    ] GC(65) Pause Final Mark (unload classes)
[15.210s][info][gc,task     ] GC(65) Using 3 of 3 workers for final marking
[15.210s][info][gc,ergo     ] GC(65) Adaptive CSet Selection. Target Free: 1160M, Actual Free: 8092M, Max CSet: 341M, Min Garbage: 0B
[15.210s][info][gc,ergo     ] GC(65) Collectable Garbage: 131M (98%), Immediate: 120M (89%), CSet: 12269K (8%)
[15.211s][info][gc,ergo     ] GC(65) Pacer for Evacuation. Used CSet: 12270K, Free: 7741M, Non-Taxable: 774M, Alloc Tax Rate: 1.1x
[15.211s][info][gc          ] GC(65) Pause Final Mark (unload classes) 0.534ms
[15.211s][info][gc,start    ] GC(65) Concurrent thread roots
[15.211s][info][gc,task     ] GC(65) Using 1 of 3 workers for Concurrent thread roots
[15.211s][info][gc          ] GC(65) Concurrent thread roots 0.522ms
[15.211s][info][gc,start    ] GC(65) Concurrent weak references
[15.211s][info][gc,task     ] GC(65) Using 1 of 3 workers for concurrent weak references
[15.211s][info][gc,ref      ] GC(65) Encountered references: Soft: 154, Weak: 720, Final: 0, Phantom: 33
[15.211s][info][gc,ref      ] GC(65) Discovered  references: Soft: 96, Weak: 158, Final: 0, Phantom: 31
[15.211s][info][gc,ref      ] GC(65) Enqueued    references: Soft: 3, Weak: 0, Final: 0, Phantom: 0
[15.211s][info][gc          ] GC(65) Concurrent weak references 0.125ms
[15.211s][info][gc,start    ] GC(65) Concurrent weak roots
[15.211s][info][gc,task     ] GC(65) Using 1 of 3 workers for concurrent weak root
[15.212s][info][gc          ] GC(65) Concurrent weak roots 0.572ms
[15.212s][info][gc,start    ] GC(65) Concurrent cleanup
[15.212s][info][gc          ] GC(65) Concurrent cleanup 158M->38M(8192M) 0.029ms
[15.212s][info][gc,ergo     ] GC(65) Free: 7741M, Max: 4096K regular, 7560M humongous, Frag: 2% external, 0% internal; Reserve: 411M, Max: 4096K
[15.212s][info][gc,start    ] GC(65) Concurrent class unloading
[15.212s][info][gc,task     ] GC(65) Using 1 of 3 workers for concurrent class unloading
[15.214s][info][gc          ] GC(65) Concurrent class unloading 2.154ms
[15.214s][info][gc,start    ] GC(65) Concurrent strong roots
[15.214s][info][gc,task     ] GC(65) Using 1 of 3 workers for concurrent strong root
[15.214s][info][gc          ] GC(65) Concurrent strong roots 0.094ms
[15.214s][info][gc,start    ] GC(65) Concurrent evacuation
[15.214s][info][gc,task     ] GC(65) Using 1 of 3 workers for concurrent evacuation
[15.214s][info][gc          ] GC(65) Concurrent evacuation 0.144ms
[15.215s][info][gc,start    ] GC(65) Pause Init Update Refs
[15.215s][info][gc,ergo     ] GC(65) Pacer for Update Refs. Used: 39043K, Free: 7741M, Non-Taxable: 774M, Alloc Tax Rate: 1.1x
[15.215s][info][gc          ] GC(65) Pause Init Update Refs 0.081ms
[15.215s][info][gc,start    ] GC(65) Concurrent update references
[15.215s][info][gc,task     ] GC(65) Using 1 of 3 workers for concurrent reference update
[15.225s][info][gc          ] GC(65) Concurrent update references 10.396ms
[15.225s][info][gc,start    ] GC(65) Concurrent update thread roots
[15.226s][info][gc          ] GC(65) Concurrent update thread roots 0.809ms
[15.226s][info][gc,start    ] GC(65) Pause Final Update Refs
[15.226s][info][gc,task     ] GC(65) Using 3 of 3 workers for final reference update
[15.226s][info][gc          ] GC(65) Pause Final Update Refs 0.185ms
[15.226s][info][gc,start    ] GC(65) Concurrent cleanup
[15.226s][info][gc          ] GC(65) Concurrent cleanup 38M->26M(8192M) 0.028ms
[15.226s][info][gc,ergo     ] Free: 7753M, Max: 4096K regular, 7688M humongous, Frag: 0% external, 0% internal; Reserve: 412M, Max: 4096K
[15.226s][info][gc,stats    ] 
[15.226s][info][gc,stats    ] All times are wall-clock times, except per-root-class counters, that are sum over
[15.226s][info][gc,stats    ] all workers. Dividing the <total> over the root stage time estimates parallelism.
[15.226s][info][gc,stats    ] 
[15.226s][info][gc,stats    ] Concurrent Reset                    452 us
[15.226s][info][gc,stats    ] Pause Init Mark (G)                 228 us
[15.226s][info][gc,stats    ] Pause Init Mark (N)                 143 us
[15.226s][info][gc,stats    ]   Update Region States               68 us
[15.226s][info][gc,stats    ] Concurrent Mark Roots               595 us, parallelism: 0.68x
[15.226s][info][gc,stats    ]   CMR: <total>                      402 us
[15.226s][info][gc,stats    ]   CMR: Thread Roots                 339 us, workers (us): 339, ---, ---, 
[15.226s][info][gc,stats    ]   CMR: VM Strong Roots                7 us, workers (us):   7, ---, ---, 
[15.226s][info][gc,stats    ]   CMR: CLDG Roots                    56 us, workers (us):  56, ---, ---, 
[15.226s][info][gc,stats    ] Concurrent Marking                20007 us
[15.226s][info][gc,stats    ] Pause Final Mark (G)                662 us
[15.226s][info][gc,stats    ] Pause Final Mark (N)                556 us
[15.227s][info][gc,stats    ]   Finish Mark                       162 us
[15.227s][info][gc,stats    ]   Update Region States              122 us
[15.227s][info][gc,stats    ]   Choose Collection Set             102 us
[15.227s][info][gc,stats    ]   Rebuild Free Set                   21 us
[15.227s][info][gc,stats    ] Concurrent Thread Roots             547 us, parallelism: 0.76x
[15.227s][info][gc,stats    ]   CTR: <total>                      417 us
[15.227s][info][gc,stats    ]   CTR: Thread Roots                 417 us, workers (us): 417, ---, ---, 
[15.227s][info][gc,stats    ] Concurrent Weak References          132 us, parallelism: 0.19x
[15.227s][info][gc,stats    ]   CWRF: <total>                      25 us
[15.227s][info][gc,stats    ]   CWRF: Weak References              25 us, workers (us):  25, ---, ---, 
[15.227s][info][gc,stats    ] Concurrent Weak Roots               606 us
[15.227s][info][gc,stats    ]   Roots                             469 us, parallelism: 0.87x
[15.227s][info][gc,stats    ]     CWR: <total>                    406 us
[15.227s][info][gc,stats    ]     CWR: Code Cache Roots           336 us, workers (us): 336, ---, ---, 
[15.227s][info][gc,stats    ]     CWR: VM Weak Roots               65 us, workers (us):  65, ---, ---, 
[15.227s][info][gc,stats    ]     CWR: CLDG Roots                   6 us, workers (us):   6, ---, ---, 
[15.227s][info][gc,stats    ]   Rendezvous                         86 us
[15.227s][info][gc,stats    ] Concurrent Cleanup                   38 us
[15.227s][info][gc,stats    ] Concurrent Class Unloading         2205 us
[15.227s][info][gc,stats    ]   Unlink Stale                     1904 us
[15.227s][info][gc,stats    ]     System Dictionary                 8 us
[15.227s][info][gc,stats    ]     Weak Class Links                  0 us
[15.227s][info][gc,stats    ]     Code Roots                     1895 us
[15.227s][info][gc,stats    ]   Rendezvous                        107 us
[15.227s][info][gc,stats    ]   Purge Unlinked                    123 us
[15.227s][info][gc,stats    ]     Code Roots                      118 us
[15.227s][info][gc,stats    ]     CLDG                              5 us
[15.227s][info][gc,stats    ]     Exception Caches                  0 us
[15.227s][info][gc,stats    ] Concurrent Strong Roots             112 us, parallelism: 0.23x
[15.227s][info][gc,stats    ]   CSR: <total>                       26 us
[15.227s][info][gc,stats    ]   CSR: VM Strong Roots                3 us, workers (us):   3, ---, ---, 
[15.227s][info][gc,stats    ]   CSR: CLDG Roots                    23 us, workers (us):  23, ---, ---, 
[15.227s][info][gc,stats    ] Concurrent Evacuation               195 us
[15.227s][info][gc,stats    ] Pause Init Update Refs (G)          194 us
[15.227s][info][gc,stats    ] Pause Init Update Refs (N)          102 us
[15.227s][info][gc,stats    ]   Manage GCLABs                       4 us
[15.227s][info][gc,stats    ] Concurrent Update Refs            10464 us
[15.227s][info][gc,stats    ] Concurrent Update Thread Roots      837 us
[15.227s][info][gc,stats    ] Pause Final Update Refs (G)         312 us
[15.227s][info][gc,stats    ] Pause Final Update Refs (N)         212 us
[15.227s][info][gc,stats    ]   Update Region States               73 us
[15.227s][info][gc,stats    ]   Trash Collection Set                6 us
[15.227s][info][gc,stats    ]   Rebuild Free Set                   27 us
[15.227s][info][gc,stats    ] Concurrent Cleanup                   38 us
[15.227s][info][gc,stats    ] 
[15.227s][info][gc,stats    ] Allocation pacing accrued:
[15.227s][info][gc,stats    ]       0 of   217 ms (  0.0%): <total>
[15.227s][info][gc,stats    ]       0 of   217 ms (  0.0%): <average total>
[15.227s][info][gc,stats    ] 
[15.227s][info][gc,metaspace] Metaspace: 12390K(12672K)->12390K(12672K) NonClass: 10734K(10880K)->10734K(10880K) Class: 1655K(1792K)->1655K(1792K)
[15.227s][info][gc,ergo     ] Pacer for Idle. Initial: 163M, Alloc Tax Rate: 1.0x
[15.410s][info][gc          ] Trigger: Explicit GC request (System.gc())
[15.410s][info][gc,ergo     ] Free: 7629M, Max: 4096K regular, 7564M humongous, Frag: 0% external, 0% internal; Reserve: 412M, Max: 4096K
[15.410s][info][gc,start    ] GC(66) Concurrent reset
[15.410s][info][gc,task     ] GC(66) Using 1 of 3 workers for concurrent reset
[15.410s][info][gc,ergo     ] GC(66) Pacer for Reset. Non-Taxable: 8192M
[15.411s][info][gc          ] GC(66) Concurrent reset 0.499ms
[15.411s][info][gc,start    ] GC(66) Pause Init Mark (unload classes)
[15.411s][info][gc,task     ] GC(66) Using 3 of 3 workers for init marking
[15.411s][info][gc,ref      ] GC(66) Clearing All SoftReferences
[15.411s][info][gc,ergo     ] GC(66) Pacer for Mark. Expected Live: 25380K, Free: 7629M, Non-Taxable: 762M, Alloc Tax Rate: 0.0x
[15.411s][info][gc          ] GC(66) Pause Init Mark (unload classes) 0.208ms
[15.411s][info][gc,start    ] GC(66) Concurrent marking roots
[15.411s][info][gc,task     ] GC(66) Using 1 of 3 workers for concurrent marking roots
[15.412s][info][gc          ] GC(66) Concurrent marking roots 0.794ms
[15.412s][info][gc,start    ] GC(66) Concurrent marking (unload classes)
[15.412s][info][gc,task     ] GC(66) Using 1 of 3 workers for concurrent marking
[15.432s][info][gc          ] GC(66) Concurrent marking (unload classes) 19.787ms
[15.432s][info][gc,start    ] GC(66) Pause Final Mark (unload classes)
[15.432s][info][gc,task     ] GC(66) Using 3 of 3 workers for final marking
[15.432s][info][gc,ergo     ] GC(66) Collectable Garbage: 116M (92%), Immediate: 116M (92%), CSet: 0B (0%)
[15.432s][info][gc          ] GC(66) Pause Final Mark (unload classes) 0.381ms
[15.432s][info][gc,start    ] GC(66) Concurrent weak references
[15.432s][info][gc,task     ] GC(66) Using 1 of 3 workers for concurrent weak references
[15.432s][info][gc,ref      ] GC(66) Encountered references: Soft: 154, Weak: 720, Final: 0, Phantom: 33
[15.432s][info][gc,ref      ] GC(66) Discovered  references: Soft: 96, Weak: 158, Final: 0, Phantom: 31
[15.432s][info][gc,ref      ] GC(66) Enqueued    references: Soft: 3, Weak: 0, Final: 0, Phantom: 0
[15.432s][info][gc          ] GC(66) Concurrent weak references 0.156ms
[15.432s][info][gc,start    ] GC(66) Concurrent weak roots
[15.432s][info][gc,task     ] GC(66) Using 1 of 3 workers for concurrent weak root
[15.433s][info][gc          ] GC(66) Concurrent weak roots 0.826ms
[15.433s][info][gc,start    ] GC(66) Concurrent cleanup
[15.433s][info][gc          ] GC(66) Concurrent cleanup 150M->34M(8192M) 0.023ms
[15.433s][info][gc,ergo     ] GC(66) Free: 7745M, Max: 4096K regular, 7564M humongous, Frag: 2% external, 0% internal; Reserve: 412M, Max: 4096K
[15.433s][info][gc,start    ] GC(66) Concurrent class unloading
[15.433s][info][gc,task     ] GC(66) Using 1 of 3 workers for concurrent class unloading
[15.435s][info][gc          ] GC(66) Concurrent class unloading 1.886ms
[15.435s][info][gc,start    ] GC(66) Pause Final Roots
[15.435s][info][gc          ] GC(66) Pause Final Roots 0.020ms
[15.435s][info][gc,ergo     ] Free: 7745M, Max: 4096K regular, 7564M humongous, Frag: 2% external, 0% internal; Reserve: 412M, Max: 4096K
[15.435s][info][gc,stats    ] 
[15.435s][info][gc,stats    ] All times are wall-clock times, except per-root-class counters, that are sum over
[15.435s][info][gc,stats    ] all workers. Dividing the <total> over the root stage time estimates parallelism.
[15.435s][info][gc,stats    ] 
[15.436s][info][gc,stats    ] Concurrent Reset                    571 us
[15.436s][info][gc,stats    ] Pause Init Mark (G)                 360 us
[15.436s][info][gc,stats    ] Pause Init Mark (N)                 229 us
[15.436s][info][gc,stats    ]   Update Region States               79 us
[15.436s][info][gc,stats    ] Concurrent Mark Roots               827 us, parallelism: 0.78x
[15.436s][info][gc,stats    ]   CMR: <total>                      641 us
[15.436s][info][gc,stats    ]   CMR: Thread Roots                 573 us, workers (us): 573, ---, ---, 
[15.436s][info][gc,stats    ]   CMR: VM Strong Roots                7 us, workers (us):   7, ---, ---, 
[15.436s][info][gc,stats    ]   CMR: CLDG Roots                    62 us, workers (us):  62, ---, ---, 
[15.436s][info][gc,stats    ] Concurrent Marking                19859 us
[15.436s][info][gc,stats    ] Pause Final Mark (G)                529 us
[15.436s][info][gc,stats    ] Pause Final Mark (N)                406 us
[15.436s][info][gc,stats    ]   Finish Mark                       128 us
[15.436s][info][gc,stats    ]   Update Region States               72 us
[15.436s][info][gc,stats    ]   Choose Collection Set              72 us
[15.436s][info][gc,stats    ]   Rebuild Free Set                   21 us
[15.436s][info][gc,stats    ] Concurrent Weak References          164 us, parallelism: 0.06x
[15.436s][info][gc,stats    ]   CWRF: <total>                      10 us
[15.436s][info][gc,stats    ]   CWRF: Weak References              10 us, workers (us):  10, ---, ---, 
[15.436s][info][gc,stats    ] Concurrent Weak Roots               846 us
[15.436s][info][gc,stats    ]   Roots                             476 us, parallelism: 0.89x
[15.436s][info][gc,stats    ]     CWR: <total>                    422 us
[15.436s][info][gc,stats    ]     CWR: Code Cache Roots           352 us, workers (us): 352, ---, ---, 
[15.436s][info][gc,stats    ]     CWR: VM Weak Roots               63 us, workers (us):  63, ---, ---, 
[15.436s][info][gc,stats    ]     CWR: CLDG Roots                   7 us, workers (us):   7, ---, ---, 
[15.436s][info][gc,stats    ]   Rendezvous                        332 us
[15.436s][info][gc,stats    ] Concurrent Cleanup                   32 us
[15.436s][info][gc,stats    ] Concurrent Class Unloading         1936 us
[15.436s][info][gc,stats    ]   Unlink Stale                     1698 us
[15.436s][info][gc,stats    ]     System Dictionary                 3 us
[15.436s][info][gc,stats    ]     Weak Class Links                  0 us
[15.436s][info][gc,stats    ]     Code Roots                     1694 us
[15.436s][info][gc,stats    ]   Rendezvous                         52 us
[15.436s][info][gc,stats    ]   Purge Unlinked                    118 us
[15.436s][info][gc,stats    ]     Code Roots                      109 us
[15.436s][info][gc,stats    ]     CLDG                              8 us
[15.436s][info][gc,stats    ]     Exception Caches                  0 us
[15.436s][info][gc,stats    ] Pause Final Roots (G)                98 us
[15.436s][info][gc,stats    ] Pause Final Roots (N)                28 us
[15.436s][info][gc,stats    ] 
[15.436s][info][gc,stats    ] Allocation pacing accrued:
[15.436s][info][gc,stats    ]       0 of   209 ms (  0.0%): <total>
[15.436s][info][gc,stats    ]       0 of   209 ms (  0.0%): <average total>
[15.436s][info][gc,stats    ] 
[15.436s][info][gc,metaspace] Metaspace: 12390K(12672K)->12390K(12672K) NonClass: 10734K(10880K)->10734K(10880K) Class: 1655K(1792K)->1655K(1792K)
[15.436s][info][gc,ergo     ] Pacer for Idle. Initial: 163M, Alloc Tax Rate: 1.0x
[15.613s][info][gc          ] Trigger: Explicit GC request (System.gc())
[15.614s][info][gc,ergo     ] Free: 7621M, Max: 4096K regular, 7556M humongous, Frag: 0% external, 0% internal; Reserve: 412M, Max: 4096K
[15.614s][info][gc,start    ] GC(67) Concurrent reset
[15.614s][info][gc,task     ] GC(67) Using 1 of 3 workers for concurrent reset
[15.614s][info][gc,ergo     ] GC(67) Pacer for Reset. Non-Taxable: 8192M
[15.614s][info][gc          ] GC(67) Concurrent reset 0.225ms
[15.614s][info][gc,start    ] GC(67) Pause Init Mark (unload classes)
[15.614s][info][gc,task     ] GC(67) Using 3 of 3 workers for init marking
[15.614s][info][gc,ref      ] GC(67) Clearing All SoftReferences
[15.614s][info][gc,ergo     ] GC(67) Pacer for Mark. Expected Live: 25380K, Free: 7621M, Non-Taxable: 762M, Alloc Tax Rate: 0.0x
[15.614s][info][gc          ] GC(67) Pause Init Mark (unload classes) 0.116ms
[15.614s][info][gc,start    ] GC(67) Concurrent marking roots
[15.614s][info][gc,task     ] GC(67) Using 1 of 3 workers for concurrent marking roots
[15.614s][info][gc          ] GC(67) Concurrent marking roots 0.440ms
[15.614s][info][gc,start    ] GC(67) Concurrent marking (unload classes)
[15.614s][info][gc,task     ] GC(67) Using 1 of 3 workers for concurrent marking
[15.635s][info][gc          ] GC(67) Concurrent marking (unload classes) 20.176ms
[15.635s][info][gc,start    ] GC(67) Pause Final Mark (unload classes)
[15.635s][info][gc,task     ] GC(67) Using 3 of 3 workers for final marking
[15.635s][info][gc,ergo     ] GC(67) Collectable Garbage: 124M (92%), Immediate: 124M (92%), CSet: 0B (0%)
[15.635s][info][gc          ] GC(67) Pause Final Mark (unload classes) 0.351ms
[15.635s][info][gc,start    ] GC(67) Concurrent weak references
[15.635s][info][gc,task     ] GC(67) Using 1 of 3 workers for concurrent weak references
[15.635s][info][gc,ref      ] GC(67) Encountered references: Soft: 154, Weak: 720, Final: 0, Phantom: 33
[15.635s][info][gc,ref      ] GC(67) Discovered  references: Soft: 96, Weak: 158, Final: 0, Phantom: 31
[15.635s][info][gc,ref      ] GC(67) Enqueued    references: Soft: 3, Weak: 0, Final: 0, Phantom: 0
[15.635s][info][gc          ] GC(67) Concurrent weak references 0.172ms
[15.635s][info][gc,start    ] GC(67) Concurrent weak roots
[15.635s][info][gc,task     ] GC(67) Using 1 of 3 workers for concurrent weak root
[15.636s][info][gc          ] GC(67) Concurrent weak roots 0.538ms
[15.636s][info][gc,start    ] GC(67) Concurrent cleanup
[15.636s][info][gc          ] GC(67) Concurrent cleanup 158M->34M(8192M) 0.021ms
[15.636s][info][gc,ergo     ] GC(67) Free: 7745M, Max: 4096K regular, 7556M humongous, Frag: 2% external, 0% internal; Reserve: 412M, Max: 4096K
[15.636s][info][gc,start    ] GC(67) Concurrent class unloading
[15.636s][info][gc,task     ] GC(67) Using 1 of 3 workers for concurrent class unloading
[15.638s][info][gc          ] GC(67) Concurrent class unloading 2.348ms
[15.638s][info][gc,start    ] GC(67) Pause Final Roots
[15.638s][info][gc          ] GC(67) Pause Final Roots 0.022ms
[15.639s][info][gc,ergo     ] Free: 7745M, Max: 4096K regular, 7556M humongous, Frag: 2% external, 0% internal; Reserve: 412M, Max: 4096K
[15.639s][info][gc,stats    ] 
[15.639s][info][gc,stats    ] All times are wall-clock times, except per-root-class counters, that are sum over
[15.639s][info][gc,stats    ] all workers. Dividing the <total> over the root stage time estimates parallelism.
[15.639s][info][gc,stats    ] 
[15.639s][info][gc,stats    ] Concurrent Reset                    265 us
[15.639s][info][gc,stats    ] Pause Init Mark (G)                 177 us
[15.639s][info][gc,stats    ] Pause Init Mark (N)                 123 us
[15.639s][info][gc,stats    ]   Update Region States               53 us
[15.639s][info][gc,stats    ] Concurrent Mark Roots               460 us, parallelism: 0.78x
[15.639s][info][gc,stats    ]   CMR: <total>                      360 us
[15.639s][info][gc,stats    ]   CMR: Thread Roots                 318 us, workers (us): 318, ---, ---, 
[15.639s][info][gc,stats    ]   CMR: VM Strong Roots                4 us, workers (us):   4, ---, ---, 
[15.639s][info][gc,stats    ]   CMR: CLDG Roots                    37 us, workers (us):  37, ---, ---, 
[15.639s][info][gc,stats    ] Concurrent Marking                20231 us
[15.639s][info][gc,stats    ] Pause Final Mark (G)                474 us
[15.639s][info][gc,stats    ] Pause Final Mark (N)                377 us
[15.639s][info][gc,stats    ]   Finish Mark                       112 us
[15.639s][info][gc,stats    ]   Update Region States               46 us
[15.639s][info][gc,stats    ]   Choose Collection Set              70 us
[15.639s][info][gc,stats    ]   Rebuild Free Set                   22 us
[15.639s][info][gc,stats    ] Concurrent Weak References          189 us, parallelism: 0.04x
[15.639s][info][gc,stats    ]   CWRF: <total>                       7 us
[15.639s][info][gc,stats    ]   CWRF: Weak References               7 us, workers (us):   7, ---, ---, 
[15.639s][info][gc,stats    ] Concurrent Weak Roots               559 us
[15.639s][info][gc,stats    ]   Roots                             452 us, parallelism: 0.87x
[15.639s][info][gc,stats    ]     CWR: <total>                    395 us
[15.639s][info][gc,stats    ]     CWR: Code Cache Roots           328 us, workers (us): 328, ---, ---, 
[15.639s][info][gc,stats    ]     CWR: VM Weak Roots               62 us, workers (us):  62, ---, ---, 
[15.639s][info][gc,stats    ]     CWR: CLDG Roots                   6 us, workers (us):   6, ---, ---, 
[15.639s][info][gc,stats    ]   Rendezvous                         54 us
[15.639s][info][gc,stats    ] Concurrent Cleanup                   30 us
[15.639s][info][gc,stats    ] Concurrent Class Unloading         2399 us
[15.639s][info][gc,stats    ]   Unlink Stale                     2108 us
[15.639s][info][gc,stats    ]     System Dictionary                 4 us
[15.639s][info][gc,stats    ]     Weak Class Links                  0 us
[15.639s][info][gc,stats    ]     Code Roots                     2102 us
[15.639s][info][gc,stats    ]   Rendezvous                         96 us
[15.639s][info][gc,stats    ]   Purge Unlinked                    124 us
[15.639s][info][gc,stats    ]     Code Roots                      113 us
[15.639s][info][gc,stats    ]     CLDG                             10 us
[15.639s][info][gc,stats    ]     Exception Caches                  0 us
[15.639s][info][gc,stats    ] Pause Final Roots (G)                93 us
[15.639s][info][gc,stats    ] Pause Final Roots (N)                30 us
[15.639s][info][gc,stats    ] 
[15.639s][info][gc,stats    ] Allocation pacing accrued:
[15.639s][info][gc,stats    ]       0 of   203 ms (  0.0%): <total>
[15.639s][info][gc,stats    ]       0 of   203 ms (  0.0%): <average total>
[15.639s][info][gc,stats    ] 
[15.639s][info][gc,metaspace] Metaspace: 12390K(12672K)->12390K(12672K) NonClass: 10734K(10880K)->10734K(10880K) Class: 1655K(1792K)->1655K(1792K)
[15.639s][info][gc,ergo     ] Pacer for Idle. Initial: 163M, Alloc Tax Rate: 1.0x
[15.818s][info][gc          ] Trigger: Explicit GC request (System.gc())
[15.818s][info][gc,ergo     ] Free: 7621M, Max: 4096K regular, 7556M humongous, Frag: 0% external, 0% internal; Reserve: 412M, Max: 4096K
[15.818s][info][gc,start    ] GC(68) Concurrent reset
[15.818s][info][gc,task     ] GC(68) Using 1 of 3 workers for concurrent reset
[15.818s][info][gc,ergo     ] GC(68) Pacer for Reset. Non-Taxable: 8192M
[15.818s][info][gc          ] GC(68) Concurrent reset 0.413ms
[15.818s][info][gc,start    ] GC(68) Pause Init Mark (unload classes)
[15.818s][info][gc,task     ] GC(68) Using 3 of 3 workers for init marking
[15.818s][info][gc,ref      ] GC(68) Clearing All SoftReferences
[15.818s][info][gc,ergo     ] GC(68) Pacer for Mark. Expected Live: 25380K, Free: 7621M, Non-Taxable: 762M, Alloc Tax Rate: 0.0x
[15.818s][info][gc          ] GC(68) Pause Init Mark (unload classes) 0.123ms
[15.818s][info][gc,start    ] GC(68) Concurrent marking roots
[15.818s][info][gc,task     ] GC(68) Using 1 of 3 workers for concurrent marking roots
[15.819s][info][gc          ] GC(68) Concurrent marking roots 0.490ms
[15.819s][info][gc,start    ] GC(68) Concurrent marking (unload classes)
[15.819s][info][gc,task     ] GC(68) Using 1 of 3 workers for concurrent marking
[15.839s][info][gc          ] GC(68) Concurrent marking (unload classes) 19.672ms
[15.839s][info][gc,start    ] GC(68) Pause Final Mark (unload classes)
[15.839s][info][gc,task     ] GC(68) Using 3 of 3 workers for final marking
[15.839s][info][gc,ergo     ] GC(68) Collectable Garbage: 123M (92%), Immediate: 123M (92%), CSet: 0B (0%)
[15.839s][info][gc          ] GC(68) Pause Final Mark (unload classes) 0.166ms
[15.839s][info][gc,start    ] GC(68) Concurrent weak references
[15.839s][info][gc,task     ] GC(68) Using 1 of 3 workers for concurrent weak references
[15.839s][info][gc,ref      ] GC(68) Encountered references: Soft: 154, Weak: 720, Final: 0, Phantom: 33
[15.839s][info][gc,ref      ] GC(68) Discovered  references: Soft: 96, Weak: 158, Final: 0, Phantom: 31
[15.839s][info][gc,ref      ] GC(68) Enqueued    references: Soft: 3, Weak: 0, Final: 0, Phantom: 0
[15.839s][info][gc          ] GC(68) Concurrent weak references 0.126ms
[15.839s][info][gc,start    ] GC(68) Concurrent weak roots
[15.839s][info][gc,task     ] GC(68) Using 1 of 3 workers for concurrent weak root
[15.840s][info][gc          ] GC(68) Concurrent weak roots 0.557ms
[15.840s][info][gc,start    ] GC(68) Concurrent cleanup
[15.840s][info][gc          ] GC(68) Concurrent cleanup 158M->34M(8192M) 0.021ms
[15.840s][info][gc,ergo     ] GC(68) Free: 7745M, Max: 4096K regular, 7560M humongous, Frag: 2% external, 0% internal; Reserve: 412M, Max: 4096K
[15.840s][info][gc,start    ] GC(68) Concurrent class unloading
[15.840s][info][gc,task     ] GC(68) Using 1 of 3 workers for concurrent class unloading
[15.842s][info][gc          ] GC(68) Concurrent class unloading 1.976ms
[15.842s][info][gc,start    ] GC(68) Pause Final Roots
[15.842s][info][gc          ] GC(68) Pause Final Roots 0.039ms
[15.842s][info][gc,ergo     ] Free: 7745M, Max: 4096K regular, 7560M humongous, Frag: 2% external, 0% internal; Reserve: 412M, Max: 4096K
[15.842s][info][gc,stats    ] 
[15.842s][info][gc,stats    ] All times are wall-clock times, except per-root-class counters, that are sum over
[15.842s][info][gc,stats    ] all workers. Dividing the <total> over the root stage time estimates parallelism.
[15.842s][info][gc,stats    ] 
[15.842s][info][gc,stats    ] Concurrent Reset                    488 us
[15.842s][info][gc,stats    ] Pause Init Mark (G)                 212 us
[15.842s][info][gc,stats    ] Pause Init Mark (N)                 131 us
[15.842s][info][gc,stats    ]   Update Region States               51 us
[15.842s][info][gc,stats    ] Concurrent Mark Roots               532 us, parallelism: 0.64x
[15.842s][info][gc,stats    ]   CMR: <total>                      343 us
[15.842s][info][gc,stats    ]   CMR: Thread Roots                 300 us, workers (us): 300, ---, ---, 
[15.842s][info][gc,stats    ]   CMR: VM Strong Roots                4 us, workers (us):   4, ---, ---, 
[15.842s][info][gc,stats    ]   CMR: CLDG Roots                    39 us, workers (us):  39, ---, ---, 
[15.842s][info][gc,stats    ] Concurrent Marking                19717 us
[15.842s][info][gc,stats    ] Pause Final Mark (G)                216 us
[15.842s][info][gc,stats    ] Pause Final Mark (N)                175 us
[15.842s][info][gc,stats    ]   Finish Mark                        44 us
[15.842s][info][gc,stats    ]   Update Region States               32 us
[15.842s][info][gc,stats    ]   Choose Collection Set              34 us
[15.842s][info][gc,stats    ]   Rebuild Free Set                    8 us
[15.842s][info][gc,stats    ] Concurrent Weak References          134 us, parallelism: 0.05x
[15.842s][info][gc,stats    ]   CWRF: <total>                       7 us
[15.842s][info][gc,stats    ]   CWRF: Weak References               7 us, workers (us):   7, ---, ---, 
[15.842s][info][gc,stats    ] Concurrent Weak Roots               576 us
[15.842s][info][gc,stats    ]   Roots                             509 us, parallelism: 0.89x
[15.842s][info][gc,stats    ]     CWR: <total>                    455 us
[15.842s][info][gc,stats    ]     CWR: Code Cache Roots           389 us, workers (us): 389, ---, ---, 
[15.842s][info][gc,stats    ]     CWR: VM Weak Roots               60 us, workers (us):  60, ---, ---, 
[15.842s][info][gc,stats    ]     CWR: CLDG Roots                   6 us, workers (us):   6, ---, ---, 
[15.842s][info][gc,stats    ]   Rendezvous                         33 us
[15.842s][info][gc,stats    ] Concurrent Cleanup                   30 us
[15.842s][info][gc,stats    ] Concurrent Class Unloading         2021 us
[15.842s][info][gc,stats    ]   Unlink Stale                     1783 us
[15.842s][info][gc,stats    ]     System Dictionary                 3 us
[15.842s][info][gc,stats    ]     Weak Class Links                  0 us
[15.842s][info][gc,stats    ]     Code Roots                     1778 us
[15.842s][info][gc,stats    ]   Rendezvous                         70 us
[15.842s][info][gc,stats    ]   Purge Unlinked                    105 us
[15.842s][info][gc,stats    ]     Code Roots                      100 us
[15.842s][info][gc,stats    ]     CLDG                              5 us
[15.842s][info][gc,stats    ]     Exception Caches                  0 us
[15.842s][info][gc,stats    ] Pause Final Roots (G)               108 us
[15.842s][info][gc,stats    ] Pause Final Roots (N)                47 us
[15.842s][info][gc,stats    ] 
[15.842s][info][gc,stats    ] Allocation pacing accrued:
[15.842s][info][gc,stats    ]       0 of   203 ms (  0.0%): <total>
[15.842s][info][gc,stats    ]       0 of   203 ms (  0.0%): <average total>
[15.842s][info][gc,stats    ] 
[15.842s][info][gc,metaspace] Metaspace: 12390K(12672K)->12390K(12672K) NonClass: 10734K(10880K)->10734K(10880K) Class: 1655K(1792K)->1655K(1792K)
[15.842s][info][gc,ergo     ] Pacer for Idle. Initial: 163M, Alloc Tax Rate: 1.0x
[16.021s][info][gc          ] Trigger: Explicit GC request (System.gc())
[16.022s][info][gc,ergo     ] Free: 7621M, Max: 4096K regular, 7556M humongous, Frag: 0% external, 0% internal; Reserve: 412M, Max: 4096K
[16.022s][info][gc,start    ] GC(69) Concurrent reset
[16.022s][info][gc,task     ] GC(69) Using 1 of 3 workers for concurrent reset
[16.022s][info][gc,ergo     ] GC(69) Pacer for Reset. Non-Taxable: 8192M
[16.022s][info][gc          ] GC(69) Concurrent reset 0.471ms
[16.022s][info][gc,start    ] GC(69) Pause Init Mark (unload classes)
[16.022s][info][gc,task     ] GC(69) Using 3 of 3 workers for init marking
[16.023s][info][gc,ref      ] GC(69) Clearing All SoftReferences
[16.023s][info][gc,ergo     ] GC(69) Pacer for Mark. Expected Live: 25380K, Free: 7621M, Non-Taxable: 762M, Alloc Tax Rate: 0.0x
[16.023s][info][gc          ] GC(69) Pause Init Mark (unload classes) 0.211ms
[16.023s][info][gc,start    ] GC(69) Concurrent marking roots
[16.023s][info][gc,task     ] GC(69) Using 1 of 3 workers for concurrent marking roots
[16.023s][info][gc          ] GC(69) Concurrent marking roots 0.420ms
[16.023s][info][gc,start    ] GC(69) Concurrent marking (unload classes)
[16.023s][info][gc,task     ] GC(69) Using 1 of 3 workers for concurrent marking
[16.043s][info][gc          ] GC(69) Concurrent marking (unload classes) 19.708ms
[16.043s][info][gc,start    ] GC(69) Pause Final Mark (unload classes)
[16.043s][info][gc,task     ] GC(69) Using 3 of 3 workers for final marking
[16.043s][info][gc,ergo     ] GC(69) Adaptive CSet Selection. Target Free: 1160M, Actual Free: 8088M, Max CSet: 341M, Min Garbage: 0B
[16.043s][info][gc,ergo     ] GC(69) Collectable Garbage: 131M (98%), Immediate: 120M (89%), CSet: 12269K (8%)
[16.043s][info][gc,ergo     ] GC(69) Pacer for Evacuation. Used CSet: 12270K, Free: 7741M, Non-Taxable: 774M, Alloc Tax Rate: 1.1x
[16.043s][info][gc          ] GC(69) Pause Final Mark (unload classes) 0.389ms
[16.043s][info][gc,start    ] GC(69) Concurrent thread roots
[16.043s][info][gc,task     ] GC(69) Using 1 of 3 workers for Concurrent thread roots
[16.044s][info][gc          ] GC(69) Concurrent thread roots 0.404ms
[16.044s][info][gc,start    ] GC(69) Concurrent weak references
[16.044s][info][gc,task     ] GC(69) Using 1 of 3 workers for concurrent weak references
[16.044s][info][gc,ref      ] GC(69) Encountered references: Soft: 154, Weak: 720, Final: 0, Phantom: 33
[16.044s][info][gc,ref      ] GC(69) Discovered  references: Soft: 96, Weak: 158, Final: 0, Phantom: 31
[16.044s][info][gc,ref      ] GC(69) Enqueued    references: Soft: 3, Weak: 0, Final: 0, Phantom: 0
[16.044s][info][gc          ] GC(69) Concurrent weak references 0.127ms
[16.044s][info][gc,start    ] GC(69) Concurrent weak roots
[16.044s][info][gc,task     ] GC(69) Using 1 of 3 workers for concurrent weak root
[16.045s][info][gc          ] GC(69) Concurrent weak roots 0.601ms
[16.045s][info][gc,start    ] GC(69) Concurrent cleanup
[16.045s][info][gc          ] GC(69) Concurrent cleanup 158M->38M(8192M) 0.031ms
[16.045s][info][gc,ergo     ] GC(69) Free: 7741M, Max: 4096K regular, 7556M humongous, Frag: 2% external, 0% internal; Reserve: 411M, Max: 4096K
[16.045s][info][gc,start    ] GC(69) Concurrent class unloading
[16.045s][info][gc,task     ] GC(69) Using 1 of 3 workers for concurrent class unloading
[16.047s][info][gc          ] GC(69) Concurrent class unloading 2.130ms
[16.047s][info][gc,start    ] GC(69) Concurrent strong roots
[16.047s][info][gc,task     ] GC(69) Using 1 of 3 workers for concurrent strong root
[16.047s][info][gc          ] GC(69) Concurrent strong roots 0.146ms
[16.047s][info][gc,start    ] GC(69) Concurrent evacuation
[16.047s][info][gc,task     ] GC(69) Using 1 of 3 workers for concurrent evacuation
[16.047s][info][gc          ] GC(69) Concurrent evacuation 0.158ms
[16.047s][info][gc,start    ] GC(69) Pause Init Update Refs
[16.047s][info][gc,ergo     ] GC(69) Pacer for Update Refs. Used: 39049K, Free: 7741M, Non-Taxable: 774M, Alloc Tax Rate: 1.1x
[16.047s][info][gc          ] GC(69) Pause Init Update Refs 0.063ms
[16.047s][info][gc,start    ] GC(69) Concurrent update references
[16.047s][info][gc,task     ] GC(69) Using 1 of 3 workers for concurrent reference update
[16.057s][info][gc          ] GC(69) Concurrent update references 9.813ms
[16.057s][info][gc,start    ] GC(69) Concurrent update thread roots
[16.058s][info][gc          ] GC(69) Concurrent update thread roots 0.814ms
[16.058s][info][gc,start    ] GC(69) Pause Final Update Refs
[16.058s][info][gc,task     ] GC(69) Using 3 of 3 workers for final reference update
[16.058s][info][gc          ] GC(69) Pause Final Update Refs 0.189ms
[16.058s][info][gc,start    ] GC(69) Concurrent cleanup
[16.059s][info][gc          ] GC(69) Concurrent cleanup 38M->26M(8192M) 0.056ms
[16.059s][info][gc,ergo     ] Free: 7753M, Max: 4096K regular, 7684M humongous, Frag: 0% external, 0% internal; Reserve: 412M, Max: 4096K
[16.059s][info][gc,stats    ] 
[16.059s][info][gc,stats    ] All times are wall-clock times, except per-root-class counters, that are sum over
[16.059s][info][gc,stats    ] all workers. Dividing the <total> over the root stage time estimates parallelism.
[16.059s][info][gc,stats    ] 
[16.059s][info][gc,stats    ] Concurrent Reset                    547 us
[16.059s][info][gc,stats    ] Pause Init Mark (G)                 429 us
[16.059s][info][gc,stats    ] Pause Init Mark (N)                 228 us
[16.059s][info][gc,stats    ]   Update Region States               82 us
[16.059s][info][gc,stats    ] Concurrent Mark Roots               440 us, parallelism: 0.75x
[16.059s][info][gc,stats    ]   CMR: <total>                      328 us
[16.059s][info][gc,stats    ]   CMR: Thread Roots                 290 us, workers (us): 290, ---, ---, 
[16.059s][info][gc,stats    ]   CMR: VM Strong Roots                4 us, workers (us):   4, ---, ---, 
[16.059s][info][gc,stats    ]   CMR: CLDG Roots                    34 us, workers (us):  34, ---, ---, 
[16.059s][info][gc,stats    ] Concurrent Marking                19771 us
[16.059s][info][gc,stats    ] Pause Final Mark (G)                530 us
[16.059s][info][gc,stats    ] Pause Final Mark (N)                410 us
[16.059s][info][gc,stats    ]   Finish Mark                       109 us
[16.059s][info][gc,stats    ]   Update Region States               74 us
[16.059s][info][gc,stats    ]   Choose Collection Set              75 us
[16.059s][info][gc,stats    ]   Rebuild Free Set                   21 us
[16.059s][info][gc,stats    ] Concurrent Thread Roots             424 us, parallelism: 0.68x
[16.059s][info][gc,stats    ]   CTR: <total>                      290 us
[16.059s][info][gc,stats    ]   CTR: Thread Roots                 290 us, workers (us): 290, ---, ---, 
[16.059s][info][gc,stats    ] Concurrent Weak References          134 us, parallelism: 0.20x
[16.059s][info][gc,stats    ]   CWRF: <total>                      27 us
[16.059s][info][gc,stats    ]   CWRF: Weak References              27 us, workers (us):  27, ---, ---, 
[16.059s][info][gc,stats    ] Concurrent Weak Roots               637 us
[16.059s][info][gc,stats    ]   Roots                             475 us, parallelism: 0.86x
[16.059s][info][gc,stats    ]     CWR: <total>                    408 us
[16.059s][info][gc,stats    ]     CWR: Code Cache Roots           335 us, workers (us): 335, ---, ---, 
[16.059s][info][gc,stats    ]     CWR: VM Weak Roots               66 us, workers (us):  66, ---, ---, 
[16.059s][info][gc,stats    ]     CWR: CLDG Roots                   7 us, workers (us):   7, ---, ---, 
[16.059s][info][gc,stats    ]   Rendezvous                        109 us
[16.059s][info][gc,stats    ] Concurrent Cleanup                   47 us
[16.059s][info][gc,stats    ] Concurrent Class Unloading         2201 us
[16.059s][info][gc,stats    ]   Unlink Stale                     1876 us
[16.059s][info][gc,stats    ]     System Dictionary                 7 us
[16.059s][info][gc,stats    ]     Weak Class Links                  1 us
[16.059s][info][gc,stats    ]     Code Roots                     1867 us
[16.059s][info][gc,stats    ]   Rendezvous                         64 us
[16.059s][info][gc,stats    ]   Purge Unlinked                    169 us
[16.059s][info][gc,stats    ]     Code Roots                      159 us
[16.059s][info][gc,stats    ]     CLDG                              9 us
[16.059s][info][gc,stats    ]     Exception Caches                  0 us
[16.059s][info][gc,stats    ] Concurrent Strong Roots             183 us, parallelism: 0.19x
[16.059s][info][gc,stats    ]   CSR: <total>                       34 us
[16.059s][info][gc,stats    ]   CSR: VM Strong Roots                3 us, workers (us):   3, ---, ---, 
[16.059s][info][gc,stats    ]   CSR: CLDG Roots                    31 us, workers (us):  31, ---, ---, 
[16.059s][info][gc,stats    ] Concurrent Evacuation               194 us
[16.059s][info][gc,stats    ] Pause Init Update Refs (G)          178 us
[16.059s][info][gc,stats    ] Pause Init Update Refs (N)           79 us
[16.059s][info][gc,stats    ]   Manage GCLABs                       3 us
[16.059s][info][gc,stats    ] Concurrent Update Refs             9880 us
[16.059s][info][gc,stats    ] Concurrent Update Thread Roots      853 us
[16.059s][info][gc,stats    ] Pause Final Update Refs (G)         330 us
[16.059s][info][gc,stats    ] Pause Final Update Refs (N)         217 us
[16.059s][info][gc,stats    ]   Update Region States               75 us
[16.059s][info][gc,stats    ]   Trash Collection Set                6 us
[16.059s][info][gc,stats    ]   Rebuild Free Set                   27 us
[16.059s][info][gc,stats    ] Concurrent Cleanup                   76 us
[16.059s][info][gc,stats    ] 
[16.059s][info][gc,stats    ] Allocation pacing accrued:
[16.059s][info][gc,stats    ]       0 of   217 ms (  0.0%): <total>
[16.059s][info][gc,stats    ]       0 of   217 ms (  0.0%): <average total>
[16.059s][info][gc,stats    ] 
[16.059s][info][gc,metaspace] Metaspace: 12390K(12672K)->12390K(12672K) NonClass: 10735K(10880K)->10735K(10880K) Class: 1655K(1792K)->1655K(1792K)
[16.059s][info][gc,ergo     ] Pacer for Idle. Initial: 163M, Alloc Tax Rate: 1.0x
[16.242s][info][gc          ] Trigger: Explicit GC request (System.gc())
[16.242s][info][gc,ergo     ] Free: 7629M, Max: 4096K regular, 7560M humongous, Frag: 0% external, 0% internal; Reserve: 412M, Max: 4096K
[16.242s][info][gc,start    ] GC(70) Concurrent reset
[16.242s][info][gc,task     ] GC(70) Using 1 of 3 workers for concurrent reset
[16.242s][info][gc,ergo     ] GC(70) Pacer for Reset. Non-Taxable: 8192M
[16.242s][info][gc          ] GC(70) Concurrent reset 0.328ms
[16.242s][info][gc,start    ] GC(70) Pause Init Mark (unload classes)
[16.242s][info][gc,task     ] GC(70) Using 3 of 3 workers for init marking
[16.243s][info][gc,ref      ] GC(70) Clearing All SoftReferences
[16.243s][info][gc,ergo     ] GC(70) Pacer for Mark. Expected Live: 25380K, Free: 7629M, Non-Taxable: 762M, Alloc Tax Rate: 0.0x
[16.243s][info][gc          ] GC(70) Pause Init Mark (unload classes) 0.340ms
[16.243s][info][gc,start    ] GC(70) Concurrent marking roots
[16.243s][info][gc,task     ] GC(70) Using 1 of 3 workers for concurrent marking roots
[16.244s][info][gc          ] GC(70) Concurrent marking roots 0.774ms
[16.244s][info][gc,start    ] GC(70) Concurrent marking (unload classes)
[16.244s][info][gc,task     ] GC(70) Using 1 of 3 workers for concurrent marking
[16.264s][info][gc          ] GC(70) Concurrent marking (unload classes) 19.903ms
[16.264s][info][gc,start    ] GC(70) Pause Final Mark (unload classes)
[16.264s][info][gc,task     ] GC(70) Using 3 of 3 workers for final marking
[16.264s][info][gc,ergo     ] GC(70) Collectable Garbage: 116M (92%), Immediate: 116M (92%), CSet: 0B (0%)
[16.264s][info][gc          ] GC(70) Pause Final Mark (unload classes) 0.552ms
[16.264s][info][gc,start    ] GC(70) Concurrent weak references
[16.264s][info][gc,task     ] GC(70) Using 1 of 3 workers for concurrent weak references
[16.264s][info][gc,ref      ] GC(70) Encountered references: Soft: 154, Weak: 720, Final: 0, Phantom: 33
[16.264s][info][gc,ref      ] GC(70) Discovered  references: Soft: 96, Weak: 158, Final: 0, Phantom: 31
[16.264s][info][gc,ref      ] GC(70) Enqueued    references: Soft: 3, Weak: 0, Final: 0, Phantom: 0
[16.264s][info][gc          ] GC(70) Concurrent weak references 0.123ms
[16.264s][info][gc,start    ] GC(70) Concurrent weak roots
[16.264s][info][gc,task     ] GC(70) Using 1 of 3 workers for concurrent weak root
[16.265s][info][gc          ] GC(70) Concurrent weak roots 0.558ms
[16.265s][info][gc,start    ] GC(70) Concurrent cleanup
[16.265s][info][gc          ] GC(70) Concurrent cleanup 150M->34M(8192M) 0.024ms
[16.265s][info][gc,ergo     ] GC(70) Free: 7745M, Max: 4096K regular, 7560M humongous, Frag: 2% external, 0% internal; Reserve: 412M, Max: 4096K
[16.265s][info][gc,start    ] GC(70) Concurrent class unloading
[16.265s][info][gc,task     ] GC(70) Using 1 of 3 workers for concurrent class unloading
[16.267s][info][gc          ] GC(70) Concurrent class unloading 1.849ms
[16.267s][info][gc,start    ] GC(70) Pause Final Roots
[16.267s][info][gc          ] GC(70) Pause Final Roots 0.020ms
[16.267s][info][gc,ergo     ] Free: 7745M, Max: 4096K regular, 7560M humongous, Frag: 2% external, 0% internal; Reserve: 412M, Max: 4096K
[16.267s][info][gc,stats    ] 
[16.267s][info][gc,stats    ] All times are wall-clock times, except per-root-class counters, that are sum over
[16.267s][info][gc,stats    ] all workers. Dividing the <total> over the root stage time estimates parallelism.
[16.267s][info][gc,stats    ] 
[16.267s][info][gc,stats    ] Concurrent Reset                    366 us
[16.267s][info][gc,stats    ] Pause Init Mark (G)                 542 us
[16.267s][info][gc,stats    ] Pause Init Mark (N)                 362 us
[16.267s][info][gc,stats    ]   Update Region States              201 us
[16.267s][info][gc,stats    ] Concurrent Mark Roots               806 us, parallelism: 0.77x
[16.267s][info][gc,stats    ]   CMR: <total>                      623 us
[16.267s][info][gc,stats    ]   CMR: Thread Roots                 555 us, workers (us): 555, ---, ---, 
[16.267s][info][gc,stats    ]   CMR: VM Strong Roots                6 us, workers (us):   6, ---, ---, 
[16.267s][info][gc,stats    ]   CMR: CLDG Roots                    62 us, workers (us):  62, ---, ---, 
[16.267s][info][gc,stats    ] Concurrent Marking                19972 us
[16.267s][info][gc,stats    ] Pause Final Mark (G)                680 us
[16.267s][info][gc,stats    ] Pause Final Mark (N)                576 us
[16.267s][info][gc,stats    ]   Finish Mark                       313 us
[16.267s][info][gc,stats    ]   Update Region States               68 us
[16.267s][info][gc,stats    ]   Choose Collection Set              63 us
[16.267s][info][gc,stats    ]   Rebuild Free Set                   24 us
[16.267s][info][gc,stats    ] Concurrent Weak References          131 us, parallelism: 0.05x
[16.267s][info][gc,stats    ]   CWRF: <total>                       7 us
[16.267s][info][gc,stats    ]   CWRF: Weak References               7 us, workers (us):   7, ---, ---, 
[16.267s][info][gc,stats    ] Concurrent Weak Roots               577 us
[16.267s][info][gc,stats    ]   Roots                             438 us, parallelism: 0.88x
[16.267s][info][gc,stats    ]     CWR: <total>                    384 us
[16.267s][info][gc,stats    ]     CWR: Code Cache Roots           317 us, workers (us): 317, ---, ---, 
[16.267s][info][gc,stats    ]     CWR: VM Weak Roots               61 us, workers (us):  61, ---, ---, 
[16.267s][info][gc,stats    ]     CWR: CLDG Roots                   6 us, workers (us):   6, ---, ---, 
[16.267s][info][gc,stats    ]   Rendezvous                        104 us
[16.267s][info][gc,stats    ] Concurrent Cleanup                   32 us
[16.267s][info][gc,stats    ] Concurrent Class Unloading         1882 us
[16.267s][info][gc,stats    ]   Unlink Stale                     1697 us
[16.267s][info][gc,stats    ]     System Dictionary                 3 us
[16.267s][info][gc,stats    ]     Weak Class Links                  0 us
[16.267s][info][gc,stats    ]     Code Roots                     1692 us
[16.267s][info][gc,stats    ]   Rendezvous                         42 us
[16.267s][info][gc,stats    ]   Purge Unlinked                     93 us
[16.267s][info][gc,stats    ]     Code Roots                       87 us
[16.267s][info][gc,stats    ]     CLDG                              6 us
[16.267s][info][gc,stats    ]     Exception Caches                  0 us
[16.267s][info][gc,stats    ] Pause Final Roots (G)                78 us
[16.268s][info][gc,stats    ] Pause Final Roots (N)                28 us
[16.268s][info][gc,stats    ] 
[16.268s][info][gc,stats    ] Allocation pacing accrued:
[16.268s][info][gc,stats    ]       0 of   209 ms (  0.0%): <total>
[16.268s][info][gc,stats    ]       0 of   209 ms (  0.0%): <average total>
[16.268s][info][gc,stats    ] 
[16.268s][info][gc,metaspace] Metaspace: 12390K(12672K)->12390K(12672K) NonClass: 10735K(10880K)->10735K(10880K) Class: 1655K(1792K)->1655K(1792K)
[16.268s][info][gc,ergo     ] Pacer for Idle. Initial: 163M, Alloc Tax Rate: 1.0x
[16.446s][info][gc          ] Trigger: Explicit GC request (System.gc())
[16.446s][info][gc,ergo     ] Free: 7621M, Max: 4096K regular, 7552M humongous, Frag: 0% external, 0% internal; Reserve: 412M, Max: 4096K
[16.446s][info][gc,start    ] GC(71) Concurrent reset
[16.446s][info][gc,task     ] GC(71) Using 1 of 3 workers for concurrent reset
[16.446s][info][gc,ergo     ] GC(71) Pacer for Reset. Non-Taxable: 8192M
[16.447s][info][gc          ] GC(71) Concurrent reset 0.221ms
[16.447s][info][gc,start    ] GC(71) Pause Init Mark (unload classes)
[16.447s][info][gc,task     ] GC(71) Using 3 of 3 workers for init marking
[16.447s][info][gc,ref      ] GC(71) Clearing All SoftReferences
[16.447s][info][gc,ergo     ] GC(71) Pacer for Mark. Expected Live: 25380K, Free: 7621M, Non-Taxable: 762M, Alloc Tax Rate: 0.0x
[16.447s][info][gc          ] GC(71) Pause Init Mark (unload classes) 0.155ms
[16.447s][info][gc,start    ] GC(71) Concurrent marking roots
[16.447s][info][gc,task     ] GC(71) Using 1 of 3 workers for concurrent marking roots
[16.447s][info][gc          ] GC(71) Concurrent marking roots 0.420ms
[16.447s][info][gc,start    ] GC(71) Concurrent marking (unload classes)
[16.447s][info][gc,task     ] GC(71) Using 1 of 3 workers for concurrent marking
[16.467s][info][gc          ] GC(71) Concurrent marking (unload classes) 19.877ms
[16.467s][info][gc,start    ] GC(71) Pause Final Mark (unload classes)
[16.467s][info][gc,task     ] GC(71) Using 3 of 3 workers for final marking
[16.467s][info][gc,ergo     ] GC(71) Adaptive CSet Selection. Target Free: 1160M, Actual Free: 8084M, Max CSet: 341M, Min Garbage: 0B
[16.467s][info][gc,ergo     ] GC(71) Collectable Garbage: 131M (98%), Immediate: 120M (89%), CSet: 12273K (8%)
[16.468s][info][gc,ergo     ] GC(71) Pacer for Evacuation. Used CSet: 12274K, Free: 7741M, Non-Taxable: 774M, Alloc Tax Rate: 1.1x
[16.468s][info][gc          ] GC(71) Pause Final Mark (unload classes) 0.246ms
[16.468s][info][gc,start    ] GC(71) Concurrent thread roots
[16.468s][info][gc,task     ] GC(71) Using 1 of 3 workers for Concurrent thread roots
[16.468s][info][gc          ] GC(71) Concurrent thread roots 0.367ms
[16.468s][info][gc,start    ] GC(71) Concurrent weak references
[16.468s][info][gc,task     ] GC(71) Using 1 of 3 workers for concurrent weak references
[16.468s][info][gc,ref      ] GC(71) Encountered references: Soft: 154, Weak: 720, Final: 0, Phantom: 33
[16.468s][info][gc,ref      ] GC(71) Discovered  references: Soft: 96, Weak: 158, Final: 0, Phantom: 31
[16.468s][info][gc,ref      ] GC(71) Enqueued    references: Soft: 3, Weak: 0, Final: 0, Phantom: 0
[16.468s][info][gc          ] GC(71) Concurrent weak references 0.113ms
[16.468s][info][gc,start    ] GC(71) Concurrent weak roots
[16.468s][info][gc,task     ] GC(71) Using 1 of 3 workers for concurrent weak root
[16.469s][info][gc          ] GC(71) Concurrent weak roots 0.567ms
[16.469s][info][gc,start    ] GC(71) Concurrent cleanup
[16.469s][info][gc          ] GC(71) Concurrent cleanup 158M->38M(8192M) 0.024ms
[16.469s][info][gc,ergo     ] GC(71) Free: 7741M, Max: 4096K regular, 7552M humongous, Frag: 2% external, 0% internal; Reserve: 411M, Max: 4096K
[16.469s][info][gc,start    ] GC(71) Concurrent class unloading
[16.469s][info][gc,task     ] GC(71) Using 1 of 3 workers for concurrent class unloading
[16.471s][info][gc          ] GC(71) Concurrent class unloading 2.143ms
[16.471s][info][gc,start    ] GC(71) Concurrent strong roots
[16.471s][info][gc,task     ] GC(71) Using 1 of 3 workers for concurrent strong root
[16.471s][info][gc          ] GC(71) Concurrent strong roots 0.134ms
[16.471s][info][gc,start    ] GC(71) Concurrent evacuation
[16.471s][info][gc,task     ] GC(71) Using 1 of 3 workers for concurrent evacuation
[16.471s][info][gc          ] GC(71) Concurrent evacuation 0.135ms
[16.471s][info][gc,start    ] GC(71) Pause Init Update Refs
[16.471s][info][gc,ergo     ] GC(71) Pacer for Update Refs. Used: 39059K, Free: 7741M, Non-Taxable: 774M, Alloc Tax Rate: 1.1x
[16.471s][info][gc          ] GC(71) Pause Init Update Refs 0.081ms
[16.471s][info][gc,start    ] GC(71) Concurrent update references
[16.471s][info][gc,task     ] GC(71) Using 1 of 3 workers for concurrent reference update
[16.482s][info][gc          ] GC(71) Concurrent update references 10.693ms
[16.482s][info][gc,start    ] GC(71) Concurrent update thread roots
[16.483s][info][gc          ] GC(71) Concurrent update thread roots 0.498ms
[16.483s][info][gc,start    ] GC(71) Pause Final Update Refs
[16.483s][info][gc,task     ] GC(71) Using 3 of 3 workers for final reference update
[16.483s][info][gc          ] GC(71) Pause Final Update Refs 0.115ms
[16.483s][info][gc,start    ] GC(71) Concurrent cleanup
[16.483s][info][gc          ] GC(71) Concurrent cleanup 38M->26M(8192M) 0.053ms
[16.483s][info][gc,ergo     ] Free: 7753M, Max: 4096K regular, 7680M humongous, Frag: 0% external, 0% internal; Reserve: 412M, Max: 4096K
[16.483s][info][gc,stats    ] 
[16.483s][info][gc,stats    ] All times are wall-clock times, except per-root-class counters, that are sum over
[16.483s][info][gc,stats    ] all workers. Dividing the <total> over the root stage time estimates parallelism.
[16.483s][info][gc,stats    ] 
[16.483s][info][gc,stats    ] Concurrent Reset                    260 us
[16.483s][info][gc,stats    ] Pause Init Mark (G)                 259 us
[16.483s][info][gc,stats    ] Pause Init Mark (N)                 163 us
[16.483s][info][gc,stats    ]   Update Region States               64 us
[16.483s][info][gc,stats    ] Concurrent Mark Roots               440 us, parallelism: 0.74x
[16.483s][info][gc,stats    ]   CMR: <total>                      327 us
[16.483s][info][gc,stats    ]   CMR: Thread Roots                 286 us, workers (us): 286, ---, ---, 
[16.483s][info][gc,stats    ]   CMR: VM Strong Roots                5 us, workers (us):   5, ---, ---, 
[16.483s][info][gc,stats    ]   CMR: CLDG Roots                    36 us, workers (us):  36, ---, ---, 
[16.483s][info][gc,stats    ] Concurrent Marking                19939 us
[16.483s][info][gc,stats    ] Pause Final Mark (G)                334 us
[16.483s][info][gc,stats    ] Pause Final Mark (N)                258 us
[16.483s][info][gc,stats    ]   Finish Mark                        83 us
[16.483s][info][gc,stats    ]   Update Region States               55 us
[16.483s][info][gc,stats    ]   Choose Collection Set              47 us
[16.483s][info][gc,stats    ]   Rebuild Free Set                    8 us
[16.483s][info][gc,stats    ] Concurrent Thread Roots             384 us, parallelism: 0.72x
[16.483s][info][gc,stats    ]   CTR: <total>                      275 us
[16.483s][info][gc,stats    ]   CTR: Thread Roots                 275 us, workers (us): 275, ---, ---, 
[16.483s][info][gc,stats    ] Concurrent Weak References          120 us, parallelism: 0.13x
[16.483s][info][gc,stats    ]   CWRF: <total>                      16 us
[16.483s][info][gc,stats    ]   CWRF: Weak References              16 us, workers (us):  16, ---, ---, 
[16.483s][info][gc,stats    ] Concurrent Weak Roots               587 us
[16.483s][info][gc,stats    ]   Roots                             440 us, parallelism: 0.88x
[16.483s][info][gc,stats    ]     CWR: <total>                    386 us
[16.483s][info][gc,stats    ]     CWR: Code Cache Roots           316 us, workers (us): 316, ---, ---, 
[16.483s][info][gc,stats    ]     CWR: VM Weak Roots               65 us, workers (us):  65, ---, ---, 
[16.483s][info][gc,stats    ]     CWR: CLDG Roots                   6 us, workers (us):   6, ---, ---, 
[16.483s][info][gc,stats    ]   Rendezvous                        111 us
[16.483s][info][gc,stats    ] Concurrent Cleanup                   32 us
[16.483s][info][gc,stats    ] Concurrent Class Unloading         2193 us
[16.484s][info][gc,stats    ]   Unlink Stale                     1715 us
[16.484s][info][gc,stats    ]     System Dictionary                 3 us
[16.484s][info][gc,stats    ]     Weak Class Links                  0 us
[16.484s][info][gc,stats    ]     Code Roots                     1710 us
[16.484s][info][gc,stats    ]   Rendezvous                        251 us
[16.484s][info][gc,stats    ]   Purge Unlinked                    159 us
[16.484s][info][gc,stats    ]     Code Roots                      149 us
[16.484s][info][gc,stats    ]     CLDG                              9 us
[16.484s][info][gc,stats    ]     Exception Caches                  0 us
[16.484s][info][gc,stats    ] Concurrent Strong Roots             170 us, parallelism: 0.18x
[16.484s][info][gc,stats    ]   CSR: <total>                       30 us
[16.484s][info][gc,stats    ]   CSR: VM Strong Roots                3 us, workers (us):   3, ---, ---, 
[16.484s][info][gc,stats    ]   CSR: CLDG Roots                    28 us, workers (us):  28, ---, ---, 
[16.484s][info][gc,stats    ] Concurrent Evacuation               172 us
[16.484s][info][gc,stats    ] Pause Init Update Refs (G)          203 us
[16.484s][info][gc,stats    ] Pause Init Update Refs (N)          101 us
[16.484s][info][gc,stats    ]   Manage GCLABs                       4 us
[16.484s][info][gc,stats    ] Concurrent Update Refs            10759 us
[16.484s][info][gc,stats    ] Concurrent Update Thread Roots      535 us
[16.484s][info][gc,stats    ] Pause Final Update Refs (G)         202 us
[16.484s][info][gc,stats    ] Pause Final Update Refs (N)         133 us
[16.484s][info][gc,stats    ]   Update Region States               64 us
[16.484s][info][gc,stats    ]   Trash Collection Set                3 us
[16.484s][info][gc,stats    ]   Rebuild Free Set                   14 us
[16.484s][info][gc,stats    ] Concurrent Cleanup                   74 us
[16.484s][info][gc,stats    ] 
[16.484s][info][gc,stats    ] Allocation pacing accrued:
[16.484s][info][gc,stats    ]       0 of   216 ms (  0.0%): <total>
[16.484s][info][gc,stats    ]       0 of   216 ms (  0.0%): <average total>
[16.484s][info][gc,stats    ] 
[16.484s][info][gc,metaspace] Metaspace: 12390K(12672K)->12390K(12672K) NonClass: 10735K(10880K)->10735K(10880K) Class: 1655K(1792K)->1655K(1792K)
[16.484s][info][gc,ergo     ] Pacer for Idle. Initial: 163M, Alloc Tax Rate: 1.0x
[16.666s][info][gc          ] Trigger: Explicit GC request (System.gc())
[16.666s][info][gc,ergo     ] Free: 7629M, Max: 4096K regular, 7556M humongous, Frag: 0% external, 0% internal; Reserve: 412M, Max: 4096K
[16.666s][info][gc,start    ] GC(72) Concurrent reset
[16.666s][info][gc,task     ] GC(72) Using 1 of 3 workers for concurrent reset
[16.666s][info][gc,ergo     ] GC(72) Pacer for Reset. Non-Taxable: 8192M
[16.666s][info][gc          ] GC(72) Concurrent reset 0.302ms
[16.666s][info][gc,start    ] GC(72) Pause Init Mark (unload classes)
[16.667s][info][gc,task     ] GC(72) Using 3 of 3 workers for init marking
[16.667s][info][gc,ref      ] GC(72) Clearing All SoftReferences
[16.667s][info][gc,ergo     ] GC(72) Pacer for Mark. Expected Live: 25380K, Free: 7629M, Non-Taxable: 762M, Alloc Tax Rate: 0.0x
[16.667s][info][gc          ] GC(72) Pause Init Mark (unload classes) 0.167ms
[16.667s][info][gc,start    ] GC(72) Concurrent marking roots
[16.667s][info][gc,task     ] GC(72) Using 1 of 3 workers for concurrent marking roots
[16.667s][info][gc          ] GC(72) Concurrent marking roots 0.768ms
[16.667s][info][gc,start    ] GC(72) Concurrent marking (unload classes)
[16.667s][info][gc,task     ] GC(72) Using 1 of 3 workers for concurrent marking
[16.688s][info][gc          ] GC(72) Concurrent marking (unload classes) 20.148ms
[16.688s][info][gc,start    ] GC(72) Pause Final Mark (unload classes)
[16.688s][info][gc,task     ] GC(72) Using 3 of 3 workers for final marking
[16.688s][info][gc,ergo     ] GC(72) Collectable Garbage: 116M (92%), Immediate: 116M (92%), CSet: 0B (0%)
[16.688s][info][gc          ] GC(72) Pause Final Mark (unload classes) 0.376ms
[16.688s][info][gc,start    ] GC(72) Concurrent weak references
[16.688s][info][gc,task     ] GC(72) Using 1 of 3 workers for concurrent weak references
[16.688s][info][gc,ref      ] GC(72) Encountered references: Soft: 154, Weak: 720, Final: 0, Phantom: 33
[16.688s][info][gc,ref      ] GC(72) Discovered  references: Soft: 96, Weak: 158, Final: 0, Phantom: 31
[16.688s][info][gc,ref      ] GC(72) Enqueued    references: Soft: 3, Weak: 0, Final: 0, Phantom: 0
[16.688s][info][gc          ] GC(72) Concurrent weak references 0.171ms
[16.688s][info][gc,start    ] GC(72) Concurrent weak roots
[16.688s][info][gc,task     ] GC(72) Using 1 of 3 workers for concurrent weak root
[16.689s][info][gc          ] GC(72) Concurrent weak roots 0.685ms
[16.689s][info][gc,start    ] GC(72) Concurrent cleanup
[16.689s][info][gc          ] GC(72) Concurrent cleanup 150M->34M(8192M) 0.024ms
[16.689s][info][gc,ergo     ] GC(72) Free: 7745M, Max: 4096K regular, 7556M humongous, Frag: 2% external, 0% internal; Reserve: 412M, Max: 4096K
[16.689s][info][gc,start    ] GC(72) Concurrent class unloading
[16.689s][info][gc,task     ] GC(72) Using 1 of 3 workers for concurrent class unloading
[16.691s][info][gc          ] GC(72) Concurrent class unloading 2.207ms
[16.691s][info][gc,start    ] GC(72) Pause Final Roots
[16.692s][info][gc          ] GC(72) Pause Final Roots 0.040ms
[16.692s][info][gc,ergo     ] Free: 7745M, Max: 4096K regular, 7556M humongous, Frag: 2% external, 0% internal; Reserve: 412M, Max: 4096K
[16.692s][info][gc,stats    ] 
[16.692s][info][gc,stats    ] All times are wall-clock times, except per-root-class counters, that are sum over
[16.692s][info][gc,stats    ] all workers. Dividing the <total> over the root stage time estimates parallelism.
[16.692s][info][gc,stats    ] 
[16.692s][info][gc,stats    ] Concurrent Reset                    347 us
[16.692s][info][gc,stats    ] Pause Init Mark (G)                 283 us
[16.692s][info][gc,stats    ] Pause Init Mark (N)                 183 us
[16.692s][info][gc,stats    ]   Update Region States               65 us
[16.692s][info][gc,stats    ] Concurrent Mark Roots               803 us, parallelism: 0.78x
[16.692s][info][gc,stats    ]   CMR: <total>                      627 us
[16.692s][info][gc,stats    ]   CMR: Thread Roots                 551 us, workers (us): 551, ---, ---, 
[16.692s][info][gc,stats    ]   CMR: VM Strong Roots                6 us, workers (us):   6, ---, ---, 
[16.692s][info][gc,stats    ]   CMR: CLDG Roots                    69 us, workers (us):  69, ---, ---, 
[16.692s][info][gc,stats    ] Concurrent Marking                20215 us
[16.692s][info][gc,stats    ] Pause Final Mark (G)                526 us
[16.692s][info][gc,stats    ] Pause Final Mark (N)                401 us
[16.692s][info][gc,stats    ]   Finish Mark                        94 us
[16.692s][info][gc,stats    ]   Update Region States              100 us
[16.692s][info][gc,stats    ]   Choose Collection Set              73 us
[16.692s][info][gc,stats    ]   Rebuild Free Set                   21 us
[16.692s][info][gc,stats    ] Concurrent Weak References          187 us, parallelism: 0.03x
[16.692s][info][gc,stats    ]   CWRF: <total>                       6 us
[16.692s][info][gc,stats    ]   CWRF: Weak References               6 us, workers (us):   6, ---, ---, 
[16.692s][info][gc,stats    ] Concurrent Weak Roots               705 us
[16.692s][info][gc,stats    ]   Roots                             551 us, parallelism: 0.86x
[16.692s][info][gc,stats    ]     CWR: <total>                    475 us
[16.692s][info][gc,stats    ]     CWR: Code Cache Roots           355 us, workers (us): 355, ---, ---, 
[16.692s][info][gc,stats    ]     CWR: VM Weak Roots              113 us, workers (us): 113, ---, ---, 
[16.692s][info][gc,stats    ]     CWR: CLDG Roots                   7 us, workers (us):   7, ---, ---, 
[16.692s][info][gc,stats    ]   Rendezvous                        103 us
[16.692s][info][gc,stats    ] Concurrent Cleanup                   32 us
[16.692s][info][gc,stats    ] Concurrent Class Unloading         2257 us
[16.692s][info][gc,stats    ]   Unlink Stale                     1965 us
[16.692s][info][gc,stats    ]     System Dictionary                 3 us
[16.692s][info][gc,stats    ]     Weak Class Links                  0 us
[16.692s][info][gc,stats    ]     Code Roots                     1960 us
[16.692s][info][gc,stats    ]   Rendezvous                        104 us
[16.692s][info][gc,stats    ]   Purge Unlinked                    120 us
[16.692s][info][gc,stats    ]     Code Roots                      111 us
[16.692s][info][gc,stats    ]     CLDG                              8 us
[16.692s][info][gc,stats    ]     Exception Caches                  0 us
[16.692s][info][gc,stats    ] Pause Final Roots (G)               153 us
[16.692s][info][gc,stats    ] Pause Final Roots (N)                58 us
[16.692s][info][gc,stats    ] 
[16.692s][info][gc,stats    ] Allocation pacing accrued:
[16.692s][info][gc,stats    ]       0 of   208 ms (  0.0%): <total>
[16.692s][info][gc,stats    ]       0 of   208 ms (  0.0%): <average total>
[16.692s][info][gc,stats    ] 
[16.692s][info][gc,metaspace] Metaspace: 12390K(12672K)->12390K(12672K) NonClass: 10735K(10880K)->10735K(10880K) Class: 1655K(1792K)->1655K(1792K)
[16.692s][info][gc,ergo     ] Pacer for Idle. Initial: 163M, Alloc Tax Rate: 1.0x
[16.887s][info][gc          ] Trigger: Explicit GC request (System.gc())
[16.887s][info][gc,ergo     ] Free: 7621M, Max: 4096K regular, 7548M humongous, Frag: 0% external, 0% internal; Reserve: 412M, Max: 4096K
[16.887s][info][gc,start    ] GC(73) Concurrent reset
[16.887s][info][gc,task     ] GC(73) Using 1 of 3 workers for concurrent reset
[16.887s][info][gc,ergo     ] GC(73) Pacer for Reset. Non-Taxable: 8192M
[16.887s][info][gc          ] GC(73) Concurrent reset 0.562ms
[16.887s][info][gc,start    ] GC(73) Pause Init Mark (unload classes)
[16.888s][info][gc,task     ] GC(73) Using 3 of 3 workers for init marking
[16.888s][info][gc,ref      ] GC(73) Clearing All SoftReferences
[16.888s][info][gc,ergo     ] GC(73) Pacer for Mark. Expected Live: 25380K, Free: 7621M, Non-Taxable: 762M, Alloc Tax Rate: 0.0x
[16.888s][info][gc          ] GC(73) Pause Init Mark (unload classes) 0.190ms
[16.888s][info][gc,start    ] GC(73) Concurrent marking roots
[16.888s][info][gc,task     ] GC(73) Using 1 of 3 workers for concurrent marking roots
[16.888s][info][gc          ] GC(73) Concurrent marking roots 0.490ms
[16.888s][info][gc,start    ] GC(73) Concurrent marking (unload classes)
[16.888s][info][gc,task     ] GC(73) Using 1 of 3 workers for concurrent marking
[16.909s][info][gc          ] GC(73) Concurrent marking (unload classes) 20.520ms
[16.909s][info][gc,start    ] GC(73) Pause Final Mark (unload classes)
[16.909s][info][gc,task     ] GC(73) Using 3 of 3 workers for final marking
[16.909s][info][gc,ergo     ] GC(73) Collectable Garbage: 124M (92%), Immediate: 124M (92%), CSet: 0B (0%)
[16.909s][info][gc          ] GC(73) Pause Final Mark (unload classes) 0.450ms
[16.909s][info][gc,start    ] GC(73) Concurrent weak references
[16.909s][info][gc,task     ] GC(73) Using 1 of 3 workers for concurrent weak references
[16.910s][info][gc,ref      ] GC(73) Encountered references: Soft: 154, Weak: 720, Final: 0, Phantom: 33
[16.910s][info][gc,ref      ] GC(73) Discovered  references: Soft: 96, Weak: 158, Final: 0, Phantom: 31
[16.910s][info][gc,ref      ] GC(73) Enqueued    references: Soft: 3, Weak: 0, Final: 0, Phantom: 0
[16.910s][info][gc          ] GC(73) Concurrent weak references 0.134ms
[16.910s][info][gc,start    ] GC(73) Concurrent weak roots
[16.910s][info][gc,task     ] GC(73) Using 1 of 3 workers for concurrent weak root
[16.910s][info][gc          ] GC(73) Concurrent weak roots 0.575ms
[16.910s][info][gc,start    ] GC(73) Concurrent cleanup
[16.910s][info][gc          ] GC(73) Concurrent cleanup 158M->34M(8192M) 0.029ms
[16.910s][info][gc,ergo     ] GC(73) Free: 7745M, Max: 4096K regular, 7548M humongous, Frag: 2% external, 0% internal; Reserve: 412M, Max: 4096K
[16.910s][info][gc,start    ] GC(73) Concurrent class unloading
[16.910s][info][gc,task     ] GC(73) Using 1 of 3 workers for concurrent class unloading
[16.912s][info][gc          ] GC(73) Concurrent class unloading 2.106ms
[16.912s][info][gc,start    ] GC(73) Pause Final Roots
[16.913s][info][gc          ] GC(73) Pause Final Roots 0.052ms
[16.913s][info][gc,ergo     ] Free: 7745M, Max: 4096K regular, 7548M humongous, Frag: 2% external, 0% internal; Reserve: 412M, Max: 4096K
[16.913s][info][gc,stats    ] 
[16.913s][info][gc,stats    ] All times are wall-clock times, except per-root-class counters, that are sum over
[16.913s][info][gc,stats    ] all workers. Dividing the <total> over the root stage time estimates parallelism.
[16.913s][info][gc,stats    ] 
[16.913s][info][gc,stats    ] Concurrent Reset                    672 us
[16.913s][info][gc,stats    ] Pause Init Mark (G)                 333 us
[16.913s][info][gc,stats    ] Pause Init Mark (N)                 210 us
[16.913s][info][gc,stats    ]   Update Region States               76 us
[16.913s][info][gc,stats    ] Concurrent Mark Roots               526 us, parallelism: 0.67x
[16.913s][info][gc,stats    ]   CMR: <total>                      351 us
[16.913s][info][gc,stats    ]   CMR: Thread Roots                 314 us, workers (us): 314, ---, ---, 
[16.913s][info][gc,stats    ]   CMR: VM Strong Roots                3 us, workers (us):   3, ---, ---, 
[16.913s][info][gc,stats    ]   CMR: CLDG Roots                    34 us, workers (us):  34, ---, ---, 
[16.913s][info][gc,stats    ] Concurrent Marking                20586 us
[16.913s][info][gc,stats    ] Pause Final Mark (G)                574 us
[16.913s][info][gc,stats    ] Pause Final Mark (N)                470 us
[16.913s][info][gc,stats    ]   Finish Mark                       164 us
[16.913s][info][gc,stats    ]   Update Region States              119 us
[16.913s][info][gc,stats    ]   Choose Collection Set              58 us
[16.913s][info][gc,stats    ]   Rebuild Free Set                   16 us
[16.913s][info][gc,stats    ] Concurrent Weak References          142 us, parallelism: 0.08x
[16.913s][info][gc,stats    ]   CWRF: <total>                      11 us
[16.913s][info][gc,stats    ]   CWRF: Weak References              11 us, workers (us):  11, ---, ---, 
[16.913s][info][gc,stats    ] Concurrent Weak Roots               611 us
[16.913s][info][gc,stats    ]   Roots                             474 us, parallelism: 0.87x
[16.913s][info][gc,stats    ]     CWR: <total>                    411 us
[16.913s][info][gc,stats    ]     CWR: Code Cache Roots           343 us, workers (us): 343, ---, ---, 
[16.913s][info][gc,stats    ]     CWR: VM Weak Roots               62 us, workers (us):  62, ---, ---, 
[16.913s][info][gc,stats    ]     CWR: CLDG Roots                   6 us, workers (us):   6, ---, ---, 
[16.913s][info][gc,stats    ]   Rendezvous                         84 us
[16.913s][info][gc,stats    ] Concurrent Cleanup                   37 us
[16.913s][info][gc,stats    ] Concurrent Class Unloading         2171 us
[16.913s][info][gc,stats    ]   Unlink Stale                     1886 us
[16.913s][info][gc,stats    ]     System Dictionary                 6 us
[16.913s][info][gc,stats    ]     Weak Class Links                  1 us
[16.913s][info][gc,stats    ]     Code Roots                     1879 us
[16.913s][info][gc,stats    ]   Rendezvous                         57 us
[16.913s][info][gc,stats    ]   Purge Unlinked                    143 us
[16.913s][info][gc,stats    ]     Code Roots                      133 us
[16.913s][info][gc,stats    ]     CLDG                              9 us
[16.913s][info][gc,stats    ]     Exception Caches                  0 us
[16.913s][info][gc,stats    ] Pause Final Roots (G)               191 us
[16.913s][info][gc,stats    ] Pause Final Roots (N)                75 us
[16.913s][info][gc,stats    ] 
[16.913s][info][gc,stats    ] Allocation pacing accrued:
[16.913s][info][gc,stats    ]       0 of   221 ms (  0.0%): <total>
[16.913s][info][gc,stats    ]       0 of   221 ms (  0.0%): <average total>
[16.913s][info][gc,stats    ] 
[16.913s][info][gc,metaspace] Metaspace: 12390K(12672K)->12390K(12672K) NonClass: 10735K(10880K)->10735K(10880K) Class: 1655K(1792K)->1655K(1792K)
[16.913s][info][gc,ergo     ] Pacer for Idle. Initial: 163M, Alloc Tax Rate: 1.0x
[17.091s][info][gc          ] Trigger: Explicit GC request (System.gc())
[17.091s][info][gc,ergo     ] Free: 7621M, Max: 4096K regular, 7548M humongous, Frag: 0% external, 0% internal; Reserve: 412M, Max: 4096K
[17.091s][info][gc,start    ] GC(74) Concurrent reset
[17.091s][info][gc,task     ] GC(74) Using 1 of 3 workers for concurrent reset
[17.091s][info][gc,ergo     ] GC(74) Pacer for Reset. Non-Taxable: 8192M
[17.091s][info][gc          ] GC(74) Concurrent reset 0.243ms
[17.091s][info][gc,start    ] GC(74) Pause Init Mark (unload classes)
[17.091s][info][gc,task     ] GC(74) Using 3 of 3 workers for init marking
[17.091s][info][gc,ref      ] GC(74) Clearing All SoftReferences
[17.092s][info][gc,ergo     ] GC(74) Pacer for Mark. Expected Live: 25380K, Free: 7621M, Non-Taxable: 762M, Alloc Tax Rate: 0.0x
[17.092s][info][gc          ] GC(74) Pause Init Mark (unload classes) 0.220ms
[17.092s][info][gc,start    ] GC(74) Concurrent marking roots
[17.092s][info][gc,task     ] GC(74) Using 1 of 3 workers for concurrent marking roots
[17.092s][info][gc          ] GC(74) Concurrent marking roots 0.450ms
[17.092s][info][gc,start    ] GC(74) Concurrent marking (unload classes)
[17.092s][info][gc,task     ] GC(74) Using 1 of 3 workers for concurrent marking
[17.112s][info][gc          ] GC(74) Concurrent marking (unload classes) 19.915ms
[17.112s][info][gc,start    ] GC(74) Pause Final Mark (unload classes)
[17.112s][info][gc,task     ] GC(74) Using 3 of 3 workers for final marking
[17.112s][info][gc,ergo     ] GC(74) Collectable Garbage: 123M (92%), Immediate: 123M (92%), CSet: 0B (0%)
[17.112s][info][gc          ] GC(74) Pause Final Mark (unload classes) 0.346ms
[17.113s][info][gc,start    ] GC(74) Concurrent weak references
[17.113s][info][gc,task     ] GC(74) Using 1 of 3 workers for concurrent weak references
[17.113s][info][gc,ref      ] GC(74) Encountered references: Soft: 154, Weak: 720, Final: 0, Phantom: 33
[17.113s][info][gc,ref      ] GC(74) Discovered  references: Soft: 96, Weak: 158, Final: 0, Phantom: 31
[17.113s][info][gc,ref      ] GC(74) Enqueued    references: Soft: 3, Weak: 0, Final: 0, Phantom: 0
[17.113s][info][gc          ] GC(74) Concurrent weak references 0.218ms
[17.113s][info][gc,start    ] GC(74) Concurrent weak roots
[17.113s][info][gc,task     ] GC(74) Using 1 of 3 workers for concurrent weak root
[17.114s][info][gc          ] GC(74) Concurrent weak roots 0.925ms
[17.114s][info][gc,start    ] GC(74) Concurrent cleanup
[17.114s][info][gc          ] GC(74) Concurrent cleanup 158M->34M(8192M) 0.021ms
[17.114s][info][gc,ergo     ] GC(74) Free: 7745M, Max: 4096K regular, 7552M humongous, Frag: 2% external, 0% internal; Reserve: 412M, Max: 4096K
[17.114s][info][gc,start    ] GC(74) Concurrent class unloading
[17.114s][info][gc,task     ] GC(74) Using 1 of 3 workers for concurrent class unloading
[17.116s][info][gc          ] GC(74) Concurrent class unloading 2.065ms
[17.116s][info][gc,start    ] GC(74) Pause Final Roots
[17.116s][info][gc          ] GC(74) Pause Final Roots 0.020ms
[17.116s][info][gc,ergo     ] Free: 7745M, Max: 4096K regular, 7552M humongous, Frag: 2% external, 0% internal; Reserve: 412M, Max: 4096K
[17.116s][info][gc,stats    ] 
[17.116s][info][gc,stats    ] All times are wall-clock times, except per-root-class counters, that are sum over
[17.116s][info][gc,stats    ] all workers. Dividing the <total> over the root stage time estimates parallelism.
[17.116s][info][gc,stats    ] 
[17.116s][info][gc,stats    ] Concurrent Reset                    286 us
[17.116s][info][gc,stats    ] Pause Init Mark (G)                 373 us
[17.116s][info][gc,stats    ] Pause Init Mark (N)                 279 us
[17.116s][info][gc,stats    ]   Update Region States               73 us
[17.116s][info][gc,stats    ] Concurrent Mark Roots               472 us, parallelism: 0.68x
[17.116s][info][gc,stats    ]   CMR: <total>                      322 us
[17.116s][info][gc,stats    ]   CMR: Thread Roots                 279 us, workers (us): 279, ---, ---, 
[17.116s][info][gc,stats    ]   CMR: VM Strong Roots                5 us, workers (us):   5, ---, ---, 
[17.116s][info][gc,stats    ]   CMR: CLDG Roots                    38 us, workers (us):  38, ---, ---, 
[17.116s][info][gc,stats    ] Concurrent Marking                19984 us
[17.116s][info][gc,stats    ] Pause Final Mark (G)                449 us
[17.116s][info][gc,stats    ] Pause Final Mark (N)                366 us
[17.116s][info][gc,stats    ]   Finish Mark                       111 us
[17.116s][info][gc,stats    ]   Update Region States               96 us
[17.116s][info][gc,stats    ]   Choose Collection Set              63 us
[17.116s][info][gc,stats    ]   Rebuild Free Set                   17 us
[17.116s][info][gc,stats    ] Concurrent Weak References          226 us, parallelism: 0.08x
[17.116s][info][gc,stats    ]   CWRF: <total>                      19 us
[17.116s][info][gc,stats    ]   CWRF: Weak References              19 us, workers (us):  19, ---, ---, 
[17.116s][info][gc,stats    ] Concurrent Weak Roots               945 us
[17.116s][info][gc,stats    ]   Roots                             662 us, parallelism: 0.89x
[17.116s][info][gc,stats    ]     CWR: <total>                    589 us
[17.116s][info][gc,stats    ]     CWR: Code Cache Roots           446 us, workers (us): 446, ---, ---, 
[17.117s][info][gc,stats    ]     CWR: VM Weak Roots              127 us, workers (us): 127, ---, ---, 
[17.117s][info][gc,stats    ]     CWR: CLDG Roots                  16 us, workers (us):  16, ---, ---, 
[17.117s][info][gc,stats    ]   Rendezvous                        247 us
[17.117s][info][gc,stats    ] Concurrent Cleanup                   30 us
[17.117s][info][gc,stats    ] Concurrent Class Unloading         2110 us
[17.117s][info][gc,stats    ]   Unlink Stale                     1850 us
[17.117s][info][gc,stats    ]     System Dictionary                 3 us
[17.117s][info][gc,stats    ]     Weak Class Links                  0 us
[17.117s][info][gc,stats    ]     Code Roots                     1844 us
[17.117s][info][gc,stats    ]   Rendezvous                         54 us
[17.117s][info][gc,stats    ]   Purge Unlinked                    141 us
[17.117s][info][gc,stats    ]     Code Roots                      132 us
[17.117s][info][gc,stats    ]     CLDG                              9 us
[17.117s][info][gc,stats    ]     Exception Caches                  0 us
[17.117s][info][gc,stats    ] Pause Final Roots (G)               131 us
[17.117s][info][gc,stats    ] Pause Final Roots (N)                28 us
[17.117s][info][gc,stats    ] 
[17.117s][info][gc,stats    ] Allocation pacing accrued:
[17.117s][info][gc,stats    ]       0 of   203 ms (  0.0%): <total>
[17.117s][info][gc,stats    ]       0 of   203 ms (  0.0%): <average total>
[17.117s][info][gc,stats    ] 
[17.117s][info][gc,metaspace] Metaspace: 12391K(12672K)->12391K(12672K) NonClass: 10735K(10880K)->10735K(10880K) Class: 1655K(1792K)->1655K(1792K)
[17.117s][info][gc,ergo     ] Pacer for Idle. Initial: 163M, Alloc Tax Rate: 1.0x
[17.295s][info][gc          ] Trigger: Explicit GC request (System.gc())
[17.295s][info][gc,ergo     ] Free: 7621M, Max: 4096K regular, 7548M humongous, Frag: 0% external, 0% internal; Reserve: 412M, Max: 4096K
[17.295s][info][gc,start    ] GC(75) Concurrent reset
[17.295s][info][gc,task     ] GC(75) Using 1 of 3 workers for concurrent reset
[17.295s][info][gc,ergo     ] GC(75) Pacer for Reset. Non-Taxable: 8192M
[17.295s][info][gc          ] GC(75) Concurrent reset 0.297ms
[17.296s][info][gc,start    ] GC(75) Pause Init Mark (unload classes)
[17.296s][info][gc,task     ] GC(75) Using 3 of 3 workers for init marking
[17.296s][info][gc,ref      ] GC(75) Clearing All SoftReferences
[17.296s][info][gc,ergo     ] GC(75) Pacer for Mark. Expected Live: 25380K, Free: 7621M, Non-Taxable: 762M, Alloc Tax Rate: 0.0x
[17.296s][info][gc          ] GC(75) Pause Init Mark (unload classes) 0.154ms
[17.296s][info][gc,start    ] GC(75) Concurrent marking roots
[17.296s][info][gc,task     ] GC(75) Using 1 of 3 workers for concurrent marking roots
[17.296s][info][gc          ] GC(75) Concurrent marking roots 0.485ms
[17.296s][info][gc,start    ] GC(75) Concurrent marking (unload classes)
[17.296s][info][gc,task     ] GC(75) Using 1 of 3 workers for concurrent marking
[17.317s][info][gc          ] GC(75) Concurrent marking (unload classes) 20.263ms
[17.317s][info][gc,start    ] GC(75) Pause Final Mark (unload classes)
[17.317s][info][gc,task     ] GC(75) Using 3 of 3 workers for final marking
[17.317s][info][gc,ergo     ] GC(75) Collectable Garbage: 124M (92%), Immediate: 124M (92%), CSet: 0B (0%)
[17.317s][info][gc          ] GC(75) Pause Final Mark (unload classes) 0.312ms
[17.317s][info][gc,start    ] GC(75) Concurrent weak references
[17.317s][info][gc,task     ] GC(75) Using 1 of 3 workers for concurrent weak references
[17.317s][info][gc,ref      ] GC(75) Encountered references: Soft: 154, Weak: 720, Final: 0, Phantom: 33
[17.317s][info][gc,ref      ] GC(75) Discovered  references: Soft: 96, Weak: 158, Final: 0, Phantom: 31
[17.317s][info][gc,ref      ] GC(75) Enqueued    references: Soft: 3, Weak: 0, Final: 0, Phantom: 0
[17.317s][info][gc          ] GC(75) Concurrent weak references 0.106ms
[17.317s][info][gc,start    ] GC(75) Concurrent weak roots
[17.317s][info][gc,task     ] GC(75) Using 1 of 3 workers for concurrent weak root
[17.318s][info][gc          ] GC(75) Concurrent weak roots 0.552ms
[17.318s][info][gc,start    ] GC(75) Concurrent cleanup
[17.318s][info][gc          ] GC(75) Concurrent cleanup 158M->34M(8192M) 0.023ms
[17.318s][info][gc,ergo     ] GC(75) Free: 7745M, Max: 4096K regular, 7548M humongous, Frag: 2% external, 0% internal; Reserve: 412M, Max: 4096K
[17.318s][info][gc,start    ] GC(75) Concurrent class unloading
[17.318s][info][gc,task     ] GC(75) Using 1 of 3 workers for concurrent class unloading
[17.321s][info][gc          ] GC(75) Concurrent class unloading 2.869ms
[17.321s][info][gc,start    ] GC(75) Pause Final Roots
[17.321s][info][gc          ] GC(75) Pause Final Roots 0.052ms
[17.321s][info][gc,ergo     ] Free: 7745M, Max: 4096K regular, 7548M humongous, Frag: 2% external, 0% internal; Reserve: 412M, Max: 4096K
[17.321s][info][gc,stats    ] 
[17.321s][info][gc,stats    ] All times are wall-clock times, except per-root-class counters, that are sum over
[17.321s][info][gc,stats    ] all workers. Dividing the <total> over the root stage time estimates parallelism.
[17.321s][info][gc,stats    ] 
[17.321s][info][gc,stats    ] Concurrent Reset                    336 us
[17.321s][info][gc,stats    ] Pause Init Mark (G)                 261 us
[17.321s][info][gc,stats    ] Pause Init Mark (N)                 164 us
[17.321s][info][gc,stats    ]   Update Region States               69 us
[17.321s][info][gc,stats    ] Concurrent Mark Roots               504 us, parallelism: 0.70x
[17.321s][info][gc,stats    ]   CMR: <total>                      351 us
[17.321s][info][gc,stats    ]   CMR: Thread Roots                 304 us, workers (us): 304, ---, ---, 
[17.321s][info][gc,stats    ]   CMR: VM Strong Roots                6 us, workers (us):   6, ---, ---, 
[17.321s][info][gc,stats    ]   CMR: CLDG Roots                    40 us, workers (us):  40, ---, ---, 
[17.321s][info][gc,stats    ] Concurrent Marking                20330 us
[17.321s][info][gc,stats    ] Pause Final Mark (G)                454 us
[17.321s][info][gc,stats    ] Pause Final Mark (N)                335 us
[17.321s][info][gc,stats    ]   Finish Mark                        92 us
[17.321s][info][gc,stats    ]   Update Region States               56 us
[17.321s][info][gc,stats    ]   Choose Collection Set              54 us
[17.321s][info][gc,stats    ]   Rebuild Free Set                   21 us
[17.321s][info][gc,stats    ] Concurrent Weak References          113 us, parallelism: 0.06x
[17.321s][info][gc,stats    ]   CWRF: <total>                       7 us
[17.321s][info][gc,stats    ]   CWRF: Weak References               7 us, workers (us):   7, ---, ---, 
[17.321s][info][gc,stats    ] Concurrent Weak Roots               572 us
[17.321s][info][gc,stats    ]   Roots                             433 us, parallelism: 0.88x
[17.321s][info][gc,stats    ]     CWR: <total>                    380 us
[17.321s][info][gc,stats    ]     CWR: Code Cache Roots           314 us, workers (us): 314, ---, ---, 
[17.321s][info][gc,stats    ]     CWR: VM Weak Roots               61 us, workers (us):  61, ---, ---, 
[17.321s][info][gc,stats    ]     CWR: CLDG Roots                   6 us, workers (us):   6, ---, ---, 
[17.321s][info][gc,stats    ]   Rendezvous                        104 us
[17.321s][info][gc,stats    ] Concurrent Cleanup                   31 us
[17.321s][info][gc,stats    ] Concurrent Class Unloading         2922 us
[17.321s][info][gc,stats    ]   Unlink Stale                     2598 us
[17.321s][info][gc,stats    ]     System Dictionary                 4 us
[17.321s][info][gc,stats    ]     Weak Class Links                  0 us
[17.321s][info][gc,stats    ]     Code Roots                     2593 us
[17.321s][info][gc,stats    ]   Rendezvous                        124 us
[17.321s][info][gc,stats    ]   Purge Unlinked                    119 us
[17.321s][info][gc,stats    ]     Code Roots                      110 us
[17.321s][info][gc,stats    ]     CLDG                              9 us
[17.321s][info][gc,stats    ]     Exception Caches                  0 us
[17.321s][info][gc,stats    ] Pause Final Roots (G)               191 us
[17.321s][info][gc,stats    ] Pause Final Roots (N)                75 us
[17.321s][info][gc,stats    ] 
[17.321s][info][gc,stats    ] Allocation pacing accrued:
[17.321s][info][gc,stats    ]       0 of   205 ms (  0.0%): <total>
[17.321s][info][gc,stats    ]       0 of   205 ms (  0.0%): <average total>
[17.321s][info][gc,stats    ] 
[17.321s][info][gc,metaspace] Metaspace: 12391K(12672K)->12391K(12672K) NonClass: 10735K(10880K)->10735K(10880K) Class: 1655K(1792K)->1655K(1792K)
[17.321s][info][gc,ergo     ] Pacer for Idle. Initial: 163M, Alloc Tax Rate: 1.0x
[17.499s][info][gc          ] Trigger: Explicit GC request (System.gc())
[17.499s][info][gc,ergo     ] Free: 7621M, Max: 4096K regular, 7548M humongous, Frag: 0% external, 0% internal; Reserve: 412M, Max: 4096K
[17.499s][info][gc,start    ] GC(76) Concurrent reset
[17.499s][info][gc,task     ] GC(76) Using 1 of 3 workers for concurrent reset
[17.499s][info][gc,ergo     ] GC(76) Pacer for Reset. Non-Taxable: 8192M
[17.500s][info][gc          ] GC(76) Concurrent reset 0.288ms
[17.500s][info][gc,start    ] GC(76) Pause Init Mark (unload classes)
[17.500s][info][gc,task     ] GC(76) Using 3 of 3 workers for init marking
[17.500s][info][gc,ref      ] GC(76) Clearing All SoftReferences
[17.500s][info][gc,ergo     ] GC(76) Pacer for Mark. Expected Live: 25380K, Free: 7621M, Non-Taxable: 762M, Alloc Tax Rate: 0.0x
[17.500s][info][gc          ] GC(76) Pause Init Mark (unload classes) 0.165ms
[17.500s][info][gc,start    ] GC(76) Concurrent marking roots
[17.500s][info][gc,task     ] GC(76) Using 1 of 3 workers for concurrent marking roots
[17.500s][info][gc          ] GC(76) Concurrent marking roots 0.477ms
[17.500s][info][gc,start    ] GC(76) Concurrent marking (unload classes)
[17.501s][info][gc,task     ] GC(76) Using 1 of 3 workers for concurrent marking
[17.521s][info][gc          ] GC(76) Concurrent marking (unload classes) 20.432ms
[17.521s][info][gc,start    ] GC(76) Pause Final Mark (unload classes)
[17.521s][info][gc,task     ] GC(76) Using 3 of 3 workers for final marking
[17.521s][info][gc,ergo     ] GC(76) Collectable Garbage: 123M (92%), Immediate: 123M (92%), CSet: 0B (0%)
[17.521s][info][gc          ] GC(76) Pause Final Mark (unload classes) 0.386ms
[17.522s][info][gc,start    ] GC(76) Concurrent weak references
[17.522s][info][gc,task     ] GC(76) Using 1 of 3 workers for concurrent weak references
[17.522s][info][gc,ref      ] GC(76) Encountered references: Soft: 154, Weak: 720, Final: 0, Phantom: 33
[17.522s][info][gc,ref      ] GC(76) Discovered  references: Soft: 96, Weak: 158, Final: 0, Phantom: 31
[17.522s][info][gc,ref      ] GC(76) Enqueued    references: Soft: 3, Weak: 0, Final: 0, Phantom: 0
[17.522s][info][gc          ] GC(76) Concurrent weak references 0.123ms
[17.522s][info][gc,start    ] GC(76) Concurrent weak roots
[17.522s][info][gc,task     ] GC(76) Using 1 of 3 workers for concurrent weak root
[17.522s][info][gc          ] GC(76) Concurrent weak roots 0.561ms
[17.522s][info][gc,start    ] GC(76) Concurrent cleanup
[17.522s][info][gc          ] GC(76) Concurrent cleanup 158M->34M(8192M) 0.023ms
[17.522s][info][gc,ergo     ] GC(76) Free: 7745M, Max: 4096K regular, 7552M humongous, Frag: 2% external, 0% internal; Reserve: 412M, Max: 4096K
[17.522s][info][gc,start    ] GC(76) Concurrent class unloading
[17.522s][info][gc,task     ] GC(76) Using 1 of 3 workers for concurrent class unloading
[17.525s][info][gc          ] GC(76) Concurrent class unloading 2.824ms
[17.525s][info][gc,start    ] GC(76) Pause Final Roots
[17.525s][info][gc          ] GC(76) Pause Final Roots 0.052ms
[17.525s][info][gc,ergo     ] Free: 7745M, Max: 4096K regular, 7552M humongous, Frag: 2% external, 0% internal; Reserve: 412M, Max: 4096K
[17.525s][info][gc,stats    ] 
[17.525s][info][gc,stats    ] All times are wall-clock times, except per-root-class counters, that are sum over
[17.525s][info][gc,stats    ] all workers. Dividing the <total> over the root stage time estimates parallelism.
[17.525s][info][gc,stats    ] 
[17.525s][info][gc,stats    ] Concurrent Reset                    326 us
[17.525s][info][gc,stats    ] Pause Init Mark (G)                 289 us
[17.525s][info][gc,stats    ] Pause Init Mark (N)                 182 us
[17.525s][info][gc,stats    ]   Update Region States               65 us
[17.526s][info][gc,stats    ] Concurrent Mark Roots               503 us, parallelism: 0.66x
[17.526s][info][gc,stats    ]   CMR: <total>                      332 us
[17.526s][info][gc,stats    ]   CMR: Thread Roots                 289 us, workers (us): 289, ---, ---, 
[17.526s][info][gc,stats    ]   CMR: VM Strong Roots                5 us, workers (us):   5, ---, ---, 
[17.526s][info][gc,stats    ]   CMR: CLDG Roots                    39 us, workers (us):  39, ---, ---, 
[17.526s][info][gc,stats    ] Concurrent Marking                20499 us
[17.526s][info][gc,stats    ] Pause Final Mark (G)                519 us
[17.526s][info][gc,stats    ] Pause Final Mark (N)                411 us
[17.526s][info][gc,stats    ]   Finish Mark                        92 us
[17.526s][info][gc,stats    ]   Update Region States              101 us
[17.526s][info][gc,stats    ]   Choose Collection Set              73 us
[17.526s][info][gc,stats    ]   Rebuild Free Set                   21 us
[17.526s][info][gc,stats    ] Concurrent Weak References          131 us, parallelism: 0.05x
[17.526s][info][gc,stats    ]   CWRF: <total>                       7 us
[17.526s][info][gc,stats    ]   CWRF: Weak References               7 us, workers (us):   7, ---, ---, 
[17.526s][info][gc,stats    ] Concurrent Weak Roots               581 us
[17.526s][info][gc,stats    ]   Roots                             437 us, parallelism: 0.88x
[17.526s][info][gc,stats    ]     CWR: <total>                    385 us
[17.526s][info][gc,stats    ]     CWR: Code Cache Roots           318 us, workers (us): 318, ---, ---, 
[17.526s][info][gc,stats    ]     CWR: VM Weak Roots               62 us, workers (us):  62, ---, ---, 
[17.526s][info][gc,stats    ]     CWR: CLDG Roots                   5 us, workers (us):   5, ---, ---, 
[17.526s][info][gc,stats    ]   Rendezvous                        109 us
[17.526s][info][gc,stats    ] Concurrent Cleanup                   32 us
[17.526s][info][gc,stats    ] Concurrent Class Unloading         2878 us
[17.526s][info][gc,stats    ]   Unlink Stale                     2492 us
[17.526s][info][gc,stats    ]     System Dictionary                 3 us
[17.526s][info][gc,stats    ]     Weak Class Links                  0 us
[17.526s][info][gc,stats    ]     Code Roots                     2487 us
[17.526s][info][gc,stats    ]   Rendezvous                        186 us
[17.526s][info][gc,stats    ]   Purge Unlinked                    127 us
[17.526s][info][gc,stats    ]     Code Roots                      118 us
[17.526s][info][gc,stats    ]     CLDG                              9 us
[17.526s][info][gc,stats    ]     Exception Caches                  0 us
[17.526s][info][gc,stats    ] Pause Final Roots (G)               190 us
[17.526s][info][gc,stats    ] Pause Final Roots (N)                75 us
[17.526s][info][gc,stats    ] 
[17.526s][info][gc,stats    ] Allocation pacing accrued:
[17.526s][info][gc,stats    ]       0 of   204 ms (  0.0%): <total>
[17.526s][info][gc,stats    ]       0 of   204 ms (  0.0%): <average total>
[17.526s][info][gc,stats    ] 
[17.526s][info][gc,metaspace] Metaspace: 12391K(12672K)->12391K(12672K) NonClass: 10735K(10880K)->10735K(10880K) Class: 1655K(1792K)->1655K(1792K)
[17.526s][info][gc,ergo     ] Pacer for Idle. Initial: 163M, Alloc Tax Rate: 1.0x
[17.719s][info][gc          ] Trigger: Explicit GC request (System.gc())
[17.719s][info][gc,ergo     ] Free: 7621M, Max: 4096K regular, 7548M humongous, Frag: 0% external, 0% internal; Reserve: 412M, Max: 4096K
[17.719s][info][gc,start    ] GC(77) Concurrent reset
[17.719s][info][gc,task     ] GC(77) Using 1 of 3 workers for concurrent reset
[17.719s][info][gc,ergo     ] GC(77) Pacer for Reset. Non-Taxable: 8192M
[17.720s][info][gc          ] GC(77) Concurrent reset 0.567ms
[17.720s][info][gc,start    ] GC(77) Pause Init Mark (unload classes)
[17.720s][info][gc,task     ] GC(77) Using 3 of 3 workers for init marking
[17.720s][info][gc,ref      ] GC(77) Clearing All SoftReferences
[17.720s][info][gc,ergo     ] GC(77) Pacer for Mark. Expected Live: 25380K, Free: 7621M, Non-Taxable: 762M, Alloc Tax Rate: 0.0x
[17.720s][info][gc          ] GC(77) Pause Init Mark (unload classes) 0.210ms
[17.720s][info][gc,start    ] GC(77) Concurrent marking roots
[17.720s][info][gc,task     ] GC(77) Using 1 of 3 workers for concurrent marking roots
[17.721s][info][gc          ] GC(77) Concurrent marking roots 0.516ms
[17.721s][info][gc,start    ] GC(77) Concurrent marking (unload classes)
[17.721s][info][gc,task     ] GC(77) Using 1 of 3 workers for concurrent marking
[17.741s][info][gc          ] GC(77) Concurrent marking (unload classes) 19.919ms
[17.741s][info][gc,start    ] GC(77) Pause Final Mark (unload classes)
[17.741s][info][gc,task     ] GC(77) Using 3 of 3 workers for final marking
[17.741s][info][gc,ergo     ] GC(77) Collectable Garbage: 124M (92%), Immediate: 124M (92%), CSet: 0B (0%)
[17.741s][info][gc          ] GC(77) Pause Final Mark (unload classes) 0.392ms
[17.741s][info][gc,start    ] GC(77) Concurrent weak references
[17.741s][info][gc,task     ] GC(77) Using 1 of 3 workers for concurrent weak references
[17.742s][info][gc,ref      ] GC(77) Encountered references: Soft: 154, Weak: 720, Final: 0, Phantom: 33
[17.742s][info][gc,ref      ] GC(77) Discovered  references: Soft: 96, Weak: 158, Final: 0, Phantom: 31
[17.742s][info][gc,ref      ] GC(77) Enqueued    references: Soft: 3, Weak: 0, Final: 0, Phantom: 0
[17.742s][info][gc          ] GC(77) Concurrent weak references 0.234ms
[17.742s][info][gc,start    ] GC(77) Concurrent weak roots
[17.742s][info][gc,task     ] GC(77) Using 1 of 3 workers for concurrent weak root
[17.742s][info][gc          ] GC(77) Concurrent weak roots 0.576ms
[17.742s][info][gc,start    ] GC(77) Concurrent cleanup
[17.742s][info][gc          ] GC(77) Concurrent cleanup 158M->34M(8192M) 0.022ms
[17.742s][info][gc,ergo     ] GC(77) Free: 7745M, Max: 4096K regular, 7548M humongous, Frag: 2% external, 0% internal; Reserve: 412M, Max: 4096K
[17.742s][info][gc,start    ] GC(77) Concurrent class unloading
[17.742s][info][gc,task     ] GC(77) Using 1 of 3 workers for concurrent class unloading
[17.744s][info][gc          ] GC(77) Concurrent class unloading 1.991ms
[17.744s][info][gc,start    ] GC(77) Pause Final Roots
[17.744s][info][gc          ] GC(77) Pause Final Roots 0.060ms
[17.745s][info][gc,ergo     ] Free: 7745M, Max: 4096K regular, 7548M humongous, Frag: 2% external, 0% internal; Reserve: 412M, Max: 4096K
[17.745s][info][gc,stats    ] 
[17.745s][info][gc,stats    ] All times are wall-clock times, except per-root-class counters, that are sum over
[17.745s][info][gc,stats    ] all workers. Dividing the <total> over the root stage time estimates parallelism.
[17.745s][info][gc,stats    ] 
[17.745s][info][gc,stats    ] Concurrent Reset                    670 us
[17.745s][info][gc,stats    ] Pause Init Mark (G)                 338 us
[17.745s][info][gc,stats    ] Pause Init Mark (N)                 228 us
[17.745s][info][gc,stats    ]   Update Region States               96 us
[17.745s][info][gc,stats    ] Concurrent Mark Roots               535 us, parallelism: 0.69x
[17.745s][info][gc,stats    ]   CMR: <total>                      369 us
[17.745s][info][gc,stats    ]   CMR: Thread Roots                 324 us, workers (us): 324, ---, ---, 
[17.745s][info][gc,stats    ]   CMR: VM Strong Roots                4 us, workers (us):   4, ---, ---, 
[17.745s][info][gc,stats    ]   CMR: CLDG Roots                    41 us, workers (us):  41, ---, ---, 
[17.745s][info][gc,stats    ] Concurrent Marking                19986 us
[17.745s][info][gc,stats    ] Pause Final Mark (G)                534 us
[17.745s][info][gc,stats    ] Pause Final Mark (N)                414 us
[17.745s][info][gc,stats    ]   Finish Mark                       162 us
[17.745s][info][gc,stats    ]   Update Region States               68 us
[17.745s][info][gc,stats    ]   Choose Collection Set              56 us
[17.745s][info][gc,stats    ]   Rebuild Free Set                   21 us
[17.745s][info][gc,stats    ] Concurrent Weak References          250 us, parallelism: 0.05x
[17.745s][info][gc,stats    ]   CWRF: <total>                      12 us
[17.745s][info][gc,stats    ]   CWRF: Weak References              12 us, workers (us):  12, ---, ---, 
[17.745s][info][gc,stats    ] Concurrent Weak Roots               595 us
[17.745s][info][gc,stats    ]   Roots                             450 us, parallelism: 0.88x
[17.745s][info][gc,stats    ]     CWR: <total>                    394 us
[17.745s][info][gc,stats    ]     CWR: Code Cache Roots           327 us, workers (us): 327, ---, ---, 
[17.745s][info][gc,stats    ]     CWR: VM Weak Roots               62 us, workers (us):  62, ---, ---, 
[17.745s][info][gc,stats    ]     CWR: CLDG Roots                   5 us, workers (us):   5, ---, ---, 
[17.745s][info][gc,stats    ]   Rendezvous                         95 us
[17.745s][info][gc,stats    ] Concurrent Cleanup                   30 us
[17.745s][info][gc,stats    ] Concurrent Class Unloading         2042 us
[17.745s][info][gc,stats    ]   Unlink Stale                     1681 us
[17.745s][info][gc,stats    ]     System Dictionary                 4 us
[17.745s][info][gc,stats    ]     Weak Class Links                  0 us
[17.745s][info][gc,stats    ]     Code Roots                     1676 us
[17.745s][info][gc,stats    ]   Rendezvous                        140 us
[17.745s][info][gc,stats    ]   Purge Unlinked                    152 us
[17.745s][info][gc,stats    ]     Code Roots                      143 us
[17.745s][info][gc,stats    ]     CLDG                              8 us
[17.745s][info][gc,stats    ]     Exception Caches                  0 us
[17.745s][info][gc,stats    ] Pause Final Roots (G)               180 us
[17.745s][info][gc,stats    ] Pause Final Roots (N)                78 us
[17.745s][info][gc,stats    ] 
[17.745s][info][gc,stats    ] Allocation pacing accrued:
[17.745s][info][gc,stats    ]       0 of   219 ms (  0.0%): <total>
[17.745s][info][gc,stats    ]       0 of   219 ms (  0.0%): <average total>
[17.745s][info][gc,stats    ] 
[17.745s][info][gc,metaspace] Metaspace: 12391K(12672K)->12391K(12672K) NonClass: 10735K(10880K)->10735K(10880K) Class: 1655K(1792K)->1655K(1792K)
[17.745s][info][gc,ergo     ] Pacer for Idle. Initial: 163M, Alloc Tax Rate: 1.0x
[17.939s][info][gc          ] Trigger: Explicit GC request (System.gc())
[17.939s][info][gc,ergo     ] Free: 7621M, Max: 4096K regular, 7548M humongous, Frag: 0% external, 0% internal; Reserve: 412M, Max: 4096K
[17.939s][info][gc,start    ] GC(78) Concurrent reset
[17.939s][info][gc,task     ] GC(78) Using 1 of 3 workers for concurrent reset
[17.939s][info][gc,ergo     ] GC(78) Pacer for Reset. Non-Taxable: 8192M
[17.940s][info][gc          ] GC(78) Concurrent reset 0.522ms
[17.940s][info][gc,start    ] GC(78) Pause Init Mark (unload classes)
[17.940s][info][gc,task     ] GC(78) Using 3 of 3 workers for init marking
[17.940s][info][gc,ref      ] GC(78) Clearing All SoftReferences
[17.940s][info][gc,ergo     ] GC(78) Pacer for Mark. Expected Live: 25380K, Free: 7621M, Non-Taxable: 762M, Alloc Tax Rate: 0.0x
[17.940s][info][gc          ] GC(78) Pause Init Mark (unload classes) 0.223ms
[17.940s][info][gc,start    ] GC(78) Concurrent marking roots
[17.940s][info][gc,task     ] GC(78) Using 1 of 3 workers for concurrent marking roots
[17.941s][info][gc          ] GC(78) Concurrent marking roots 0.612ms
[17.941s][info][gc,start    ] GC(78) Concurrent marking (unload classes)
[17.941s][info][gc,task     ] GC(78) Using 1 of 3 workers for concurrent marking
[17.960s][info][gc          ] GC(78) Concurrent marking (unload classes) 19.772ms
[17.961s][info][gc,start    ] GC(78) Pause Final Mark (unload classes)
[17.961s][info][gc,task     ] GC(78) Using 3 of 3 workers for final marking
[17.961s][info][gc,ergo     ] GC(78) Collectable Garbage: 123M (92%), Immediate: 123M (92%), CSet: 0B (0%)
[17.961s][info][gc          ] GC(78) Pause Final Mark (unload classes) 0.394ms
[17.961s][info][gc,start    ] GC(78) Concurrent weak references
[17.961s][info][gc,task     ] GC(78) Using 1 of 3 workers for concurrent weak references
[17.961s][info][gc,ref      ] GC(78) Encountered references: Soft: 154, Weak: 720, Final: 0, Phantom: 33
[17.961s][info][gc,ref      ] GC(78) Discovered  references: Soft: 96, Weak: 158, Final: 0, Phantom: 31
[17.961s][info][gc,ref      ] GC(78) Enqueued    references: Soft: 3, Weak: 0, Final: 0, Phantom: 0
[17.961s][info][gc          ] GC(78) Concurrent weak references 0.191ms
[17.961s][info][gc,start    ] GC(78) Concurrent weak roots
[17.961s][info][gc,task     ] GC(78) Using 1 of 3 workers for concurrent weak root
[17.962s][info][gc          ] GC(78) Concurrent weak roots 0.637ms
[17.962s][info][gc,start    ] GC(78) Concurrent cleanup
[17.962s][info][gc          ] GC(78) Concurrent cleanup 158M->34M(8192M) 0.032ms
[17.962s][info][gc,ergo     ] GC(78) Free: 7745M, Max: 4096K regular, 7552M humongous, Frag: 2% external, 0% internal; Reserve: 412M, Max: 4096K
[17.962s][info][gc,start    ] GC(78) Concurrent class unloading
[17.962s][info][gc,task     ] GC(78) Using 1 of 3 workers for concurrent class unloading
[17.964s][info][gc          ] GC(78) Concurrent class unloading 2.171ms
[17.964s][info][gc,start    ] GC(78) Pause Final Roots
[17.964s][info][gc          ] GC(78) Pause Final Roots 0.021ms
[17.964s][info][gc,ergo     ] Free: 7745M, Max: 4096K regular, 7552M humongous, Frag: 2% external, 0% internal; Reserve: 412M, Max: 4096K
[17.964s][info][gc,stats    ] 
[17.964s][info][gc,stats    ] All times are wall-clock times, except per-root-class counters, that are sum over
[17.964s][info][gc,stats    ] all workers. Dividing the <total> over the root stage time estimates parallelism.
[17.964s][info][gc,stats    ] 
[17.964s][info][gc,stats    ] Concurrent Reset                    619 us
[17.964s][info][gc,stats    ] Pause Init Mark (G)                 388 us
[17.964s][info][gc,stats    ] Pause Init Mark (N)                 244 us
[17.964s][info][gc,stats    ]   Update Region States               89 us
[17.964s][info][gc,stats    ] Concurrent Mark Roots               630 us, parallelism: 0.73x
[17.965s][info][gc,stats    ]   CMR: <total>                      458 us
[17.965s][info][gc,stats    ]   CMR: Thread Roots                 384 us, workers (us): 384, ---, ---, 
[17.965s][info][gc,stats    ]   CMR: VM Strong Roots                7 us, workers (us):   7, ---, ---, 
[17.965s][info][gc,stats    ]   CMR: CLDG Roots                    67 us, workers (us):  67, ---, ---, 
[17.965s][info][gc,stats    ] Concurrent Marking                19839 us
[17.965s][info][gc,stats    ] Pause Final Mark (G)                550 us
[17.965s][info][gc,stats    ] Pause Final Mark (N)                426 us
[17.965s][info][gc,stats    ]   Finish Mark                       130 us
[17.965s][info][gc,stats    ]   Update Region States               79 us
[17.965s][info][gc,stats    ]   Choose Collection Set              72 us
[17.965s][info][gc,stats    ]   Rebuild Free Set                   21 us
[17.965s][info][gc,stats    ] Concurrent Weak References          207 us, parallelism: 0.05x
[17.965s][info][gc,stats    ]   CWRF: <total>                      11 us
[17.965s][info][gc,stats    ]   CWRF: Weak References              11 us, workers (us):  11, ---, ---, 
[17.965s][info][gc,stats    ] Concurrent Weak Roots               681 us
[17.965s][info][gc,stats    ]   Roots                             496 us, parallelism: 0.86x
[17.965s][info][gc,stats    ]     CWR: <total>                    425 us
[17.965s][info][gc,stats    ]     CWR: Code Cache Roots           352 us, workers (us): 352, ---, ---, 
[17.965s][info][gc,stats    ]     CWR: VM Weak Roots               66 us, workers (us):  66, ---, ---, 
[17.965s][info][gc,stats    ]     CWR: CLDG Roots                   7 us, workers (us):   7, ---, ---, 
[17.965s][info][gc,stats    ]   Rendezvous                        107 us
[17.965s][info][gc,stats    ] Concurrent Cleanup                   41 us
[17.965s][info][gc,stats    ] Concurrent Class Unloading         2221 us
[17.965s][info][gc,stats    ]   Unlink Stale                     1982 us
[17.965s][info][gc,stats    ]     System Dictionary                 7 us
[17.965s][info][gc,stats    ]     Weak Class Links                  0 us
[17.965s][info][gc,stats    ]     Code Roots                     1973 us
[17.965s][info][gc,stats    ]   Rendezvous                         52 us
[17.965s][info][gc,stats    ]   Purge Unlinked                    118 us
[17.965s][info][gc,stats    ]     Code Roots                      109 us
[17.965s][info][gc,stats    ]     CLDG                              8 us
[17.965s][info][gc,stats    ]     Exception Caches                  0 us
[17.965s][info][gc,stats    ] Pause Final Roots (G)               103 us
[17.965s][info][gc,stats    ] Pause Final Roots (N)                29 us
[17.965s][info][gc,stats    ] 
[17.965s][info][gc,stats    ] Allocation pacing accrued:
[17.965s][info][gc,stats    ]       0 of   220 ms (  0.0%): <total>
[17.965s][info][gc,stats    ]       0 of   220 ms (  0.0%): <average total>
[17.965s][info][gc,stats    ] 
[17.965s][info][gc,metaspace] Metaspace: 12394K(12672K)->12394K(12672K) NonClass: 10738K(10880K)->10738K(10880K) Class: 1655K(1792K)->1655K(1792K)
[17.965s][info][gc,ergo     ] Pacer for Idle. Initial: 163M, Alloc Tax Rate: 1.0x
[18.143s][info][gc          ] Trigger: Explicit GC request (System.gc())
[18.143s][info][gc,ergo     ] Free: 7621M, Max: 4096K regular, 7548M humongous, Frag: 0% external, 0% internal; Reserve: 412M, Max: 4096K
[18.143s][info][gc,start    ] GC(79) Concurrent reset
[18.143s][info][gc,task     ] GC(79) Using 1 of 3 workers for concurrent reset
[18.143s][info][gc,ergo     ] GC(79) Pacer for Reset. Non-Taxable: 8192M
[18.143s][info][gc          ] GC(79) Concurrent reset 0.260ms
[18.143s][info][gc,start    ] GC(79) Pause Init Mark (unload classes)
[18.143s][info][gc,task     ] GC(79) Using 3 of 3 workers for init marking
[18.143s][info][gc,ref      ] GC(79) Clearing All SoftReferences
[18.143s][info][gc,ergo     ] GC(79) Pacer for Mark. Expected Live: 25380K, Free: 7621M, Non-Taxable: 762M, Alloc Tax Rate: 0.0x
[18.143s][info][gc          ] GC(79) Pause Init Mark (unload classes) 0.157ms
[18.144s][info][gc,start    ] GC(79) Concurrent marking roots
[18.144s][info][gc,task     ] GC(79) Using 1 of 3 workers for concurrent marking roots
[18.144s][info][gc          ] GC(79) Concurrent marking roots 0.531ms
[18.144s][info][gc,start    ] GC(79) Concurrent marking (unload classes)
[18.144s][info][gc,task     ] GC(79) Using 1 of 3 workers for concurrent marking
[18.164s][info][gc          ] GC(79) Concurrent marking (unload classes) 20.392ms
[18.165s][info][gc,start    ] GC(79) Pause Final Mark (unload classes)
[18.165s][info][gc,task     ] GC(79) Using 3 of 3 workers for final marking
[18.165s][info][gc,ergo     ] GC(79) Collectable Garbage: 124M (92%), Immediate: 124M (92%), CSet: 0B (0%)
[18.165s][info][gc          ] GC(79) Pause Final Mark (unload classes) 0.312ms
[18.165s][info][gc,start    ] GC(79) Concurrent weak references
[18.165s][info][gc,task     ] GC(79) Using 1 of 3 workers for concurrent weak references
[18.165s][info][gc,ref      ] GC(79) Encountered references: Soft: 154, Weak: 720, Final: 0, Phantom: 33
[18.165s][info][gc,ref      ] GC(79) Discovered  references: Soft: 96, Weak: 158, Final: 0, Phantom: 31
[18.165s][info][gc,ref      ] GC(79) Enqueued    references: Soft: 3, Weak: 0, Final: 0, Phantom: 0
[18.165s][info][gc          ] GC(79) Concurrent weak references 0.168ms
[18.165s][info][gc,start    ] GC(79) Concurrent weak roots
[18.165s][info][gc,task     ] GC(79) Using 1 of 3 workers for concurrent weak root
[18.166s][info][gc          ] GC(79) Concurrent weak roots 0.535ms
[18.166s][info][gc,start    ] GC(79) Concurrent cleanup
[18.166s][info][gc          ] GC(79) Concurrent cleanup 158M->34M(8192M) 0.041ms
[18.166s][info][gc,ergo     ] GC(79) Free: 7745M, Max: 4096K regular, 7548M humongous, Frag: 2% external, 0% internal; Reserve: 412M, Max: 4096K
[18.166s][info][gc,start    ] GC(79) Concurrent class unloading
[18.166s][info][gc,task     ] GC(79) Using 1 of 3 workers for concurrent class unloading
[18.168s][info][gc          ] GC(79) Concurrent class unloading 1.913ms
[18.168s][info][gc,start    ] GC(79) Pause Final Roots
[18.168s][info][gc          ] GC(79) Pause Final Roots 0.052ms
[18.168s][info][gc,ergo     ] Free: 7745M, Max: 4096K regular, 7548M humongous, Frag: 2% external, 0% internal; Reserve: 412M, Max: 4096K
[18.168s][info][gc,stats    ] 
[18.168s][info][gc,stats    ] All times are wall-clock times, except per-root-class counters, that are sum over
[18.168s][info][gc,stats    ] all workers. Dividing the <total> over the root stage time estimates parallelism.
[18.168s][info][gc,stats    ] 
[18.168s][info][gc,stats    ] Concurrent Reset                    285 us
[18.168s][info][gc,stats    ] Pause Init Mark (G)                 236 us
[18.168s][info][gc,stats    ] Pause Init Mark (N)                 166 us
[18.168s][info][gc,stats    ]   Update Region States               69 us
[18.168s][info][gc,stats    ] Concurrent Mark Roots               552 us, parallelism: 0.78x
[18.168s][info][gc,stats    ]   CMR: <total>                      432 us
[18.168s][info][gc,stats    ]   CMR: Thread Roots                 397 us, workers (us): 397, ---, ---, 
[18.168s][info][gc,stats    ]   CMR: VM Strong Roots                3 us, workers (us):   3, ---, ---, 
[18.168s][info][gc,stats    ]   CMR: CLDG Roots                    33 us, workers (us):  33, ---, ---, 
[18.168s][info][gc,stats    ] Concurrent Marking                20459 us
[18.168s][info][gc,stats    ] Pause Final Mark (G)                439 us
[18.168s][info][gc,stats    ] Pause Final Mark (N)                321 us
[18.168s][info][gc,stats    ]   Finish Mark                        91 us
[18.168s][info][gc,stats    ]   Update Region States               77 us
[18.168s][info][gc,stats    ]   Choose Collection Set              39 us
[18.168s][info][gc,stats    ]   Rebuild Free Set                    8 us
[18.168s][info][gc,stats    ] Concurrent Weak References          184 us, parallelism: 0.04x
[18.168s][info][gc,stats    ]   CWRF: <total>                       7 us
[18.168s][info][gc,stats    ]   CWRF: Weak References               7 us, workers (us):   7, ---, ---, 
[18.168s][info][gc,stats    ] Concurrent Weak Roots               573 us
[18.168s][info][gc,stats    ]   Roots                             451 us, parallelism: 0.84x
[18.168s][info][gc,stats    ]     CWR: <total>                    380 us
[18.168s][info][gc,stats    ]     CWR: Code Cache Roots           311 us, workers (us): 311, ---, ---, 
[18.169s][info][gc,stats    ]     CWR: VM Weak Roots               64 us, workers (us):  64, ---, ---, 
[18.169s][info][gc,stats    ]     CWR: CLDG Roots                   5 us, workers (us):   5, ---, ---, 
[18.169s][info][gc,stats    ]   Rendezvous                         52 us
[18.169s][info][gc,stats    ] Concurrent Cleanup                   52 us
[18.169s][info][gc,stats    ] Concurrent Class Unloading         1960 us
[18.169s][info][gc,stats    ]   Unlink Stale                     1707 us
[18.169s][info][gc,stats    ]     System Dictionary                 3 us
[18.169s][info][gc,stats    ]     Weak Class Links                  0 us
[18.169s][info][gc,stats    ]     Code Roots                     1702 us
[18.169s][info][gc,stats    ]   Rendezvous                         84 us
[18.169s][info][gc,stats    ]   Purge Unlinked                    101 us
[18.169s][info][gc,stats    ]     Code Roots                       96 us
[18.169s][info][gc,stats    ]     CLDG                              5 us
[18.169s][info][gc,stats    ]     Exception Caches                  0 us
[18.169s][info][gc,stats    ] Pause Final Roots (G)               242 us
[18.169s][info][gc,stats    ] Pause Final Roots (N)                75 us
[18.169s][info][gc,stats    ] 
[18.169s][info][gc,stats    ] Allocation pacing accrued:
[18.169s][info][gc,stats    ]       0 of   204 ms (  0.0%): <total>
[18.169s][info][gc,stats    ]       0 of   204 ms (  0.0%): <average total>
[18.169s][info][gc,stats    ] 
[18.169s][info][gc,metaspace] Metaspace: 12394K(12672K)->12395K(12672K) NonClass: 10738K(10880K)->10739K(10880K) Class: 1655K(1792K)->1655K(1792K)
[18.169s][info][gc,ergo     ] Pacer for Idle. Initial: 163M, Alloc Tax Rate: 1.0x
[18.347s][info][gc          ] Trigger: Explicit GC request (System.gc())
[18.347s][info][gc,ergo     ] Free: 7621M, Max: 4096K regular, 7548M humongous, Frag: 0% external, 0% internal; Reserve: 412M, Max: 4096K
[18.347s][info][gc,start    ] GC(80) Concurrent reset
[18.347s][info][gc,task     ] GC(80) Using 1 of 3 workers for concurrent reset
[18.347s][info][gc,ergo     ] GC(80) Pacer for Reset. Non-Taxable: 8192M
[18.348s][info][gc          ] GC(80) Concurrent reset 0.435ms
[18.348s][info][gc,start    ] GC(80) Pause Init Mark (unload classes)
[18.348s][info][gc,task     ] GC(80) Using 3 of 3 workers for init marking
[18.348s][info][gc,ref      ] GC(80) Clearing All SoftReferences
[18.348s][info][gc,ergo     ] GC(80) Pacer for Mark. Expected Live: 25380K, Free: 7621M, Non-Taxable: 762M, Alloc Tax Rate: 0.0x
[18.348s][info][gc          ] GC(80) Pause Init Mark (unload classes) 0.153ms
[18.348s][info][gc,start    ] GC(80) Concurrent marking roots
[18.348s][info][gc,task     ] GC(80) Using 1 of 3 workers for concurrent marking roots
[18.349s][info][gc          ] GC(80) Concurrent marking roots 0.797ms
[18.349s][info][gc,start    ] GC(80) Concurrent marking (unload classes)
[18.349s][info][gc,task     ] GC(80) Using 1 of 3 workers for concurrent marking
[18.369s][info][gc          ] GC(80) Concurrent marking (unload classes) 20.074ms
[18.369s][info][gc,start    ] GC(80) Pause Final Mark (unload classes)
[18.369s][info][gc,task     ] GC(80) Using 3 of 3 workers for final marking
[18.369s][info][gc,ergo     ] GC(80) Collectable Garbage: 123M (92%), Immediate: 123M (92%), CSet: 0B (0%)
[18.369s][info][gc          ] GC(80) Pause Final Mark (unload classes) 0.379ms
[18.370s][info][gc,start    ] GC(80) Concurrent weak references
[18.370s][info][gc,task     ] GC(80) Using 1 of 3 workers for concurrent weak references
[18.370s][info][gc,ref      ] GC(80) Encountered references: Soft: 154, Weak: 720, Final: 0, Phantom: 33
[18.370s][info][gc,ref      ] GC(80) Discovered  references: Soft: 96, Weak: 158, Final: 0, Phantom: 31
[18.370s][info][gc,ref      ] GC(80) Enqueued    references: Soft: 3, Weak: 0, Final: 0, Phantom: 0
[18.370s][info][gc          ] GC(80) Concurrent weak references 0.171ms
[18.370s][info][gc,start    ] GC(80) Concurrent weak roots
[18.370s][info][gc,task     ] GC(80) Using 1 of 3 workers for concurrent weak root
[18.370s][info][gc          ] GC(80) Concurrent weak roots 0.673ms
[18.370s][info][gc,start    ] GC(80) Concurrent cleanup
[18.370s][info][gc          ] GC(80) Concurrent cleanup 158M->34M(8192M) 0.024ms
[18.370s][info][gc,ergo     ] GC(80) Free: 7745M, Max: 4096K regular, 7552M humongous, Frag: 2% external, 0% internal; Reserve: 412M, Max: 4096K
[18.370s][info][gc,start    ] GC(80) Concurrent class unloading
[18.370s][info][gc,task     ] GC(80) Using 1 of 3 workers for concurrent class unloading
[18.373s][info][gc          ] GC(80) Concurrent class unloading 2.224ms
[18.373s][info][gc,start    ] GC(80) Pause Final Roots
[18.373s][info][gc          ] GC(80) Pause Final Roots 0.052ms
[18.373s][info][gc,ergo     ] Free: 7745M, Max: 4096K regular, 7552M humongous, Frag: 2% external, 0% internal; Reserve: 412M, Max: 4096K
[18.373s][info][gc,stats    ] 
[18.373s][info][gc,stats    ] All times are wall-clock times, except per-root-class counters, that are sum over
[18.373s][info][gc,stats    ] all workers. Dividing the <total> over the root stage time estimates parallelism.
[18.373s][info][gc,stats    ] 
[18.373s][info][gc,stats    ] Concurrent Reset                    518 us
[18.373s][info][gc,stats    ] Pause Init Mark (G)                 259 us
[18.373s][info][gc,stats    ] Pause Init Mark (N)                 169 us
[18.373s][info][gc,stats    ]   Update Region States               76 us
[18.373s][info][gc,stats    ] Concurrent Mark Roots               823 us, parallelism: 0.81x
[18.373s][info][gc,stats    ]   CMR: <total>                      665 us
[18.373s][info][gc,stats    ]   CMR: Thread Roots                 579 us, workers (us): 579, ---, ---, 
[18.373s][info][gc,stats    ]   CMR: VM Strong Roots                9 us, workers (us):   9, ---, ---, 
[18.373s][info][gc,stats    ]   CMR: CLDG Roots                    76 us, workers (us):  76, ---, ---, 
[18.373s][info][gc,stats    ] Concurrent Marking                20141 us
[18.373s][info][gc,stats    ] Pause Final Mark (G)                528 us
[18.373s][info][gc,stats    ] Pause Final Mark (N)                404 us
[18.373s][info][gc,stats    ]   Finish Mark                        93 us
[18.373s][info][gc,stats    ]   Update Region States              101 us
[18.373s][info][gc,stats    ]   Choose Collection Set              74 us
[18.373s][info][gc,stats    ]   Rebuild Free Set                   21 us
[18.373s][info][gc,stats    ] Concurrent Weak References          187 us, parallelism: 0.03x
[18.373s][info][gc,stats    ]   CWRF: <total>                       7 us
[18.373s][info][gc,stats    ]   CWRF: Weak References               7 us, workers (us):   7, ---, ---, 
[18.373s][info][gc,stats    ] Concurrent Weak Roots               692 us
[18.373s][info][gc,stats    ]   Roots                             539 us, parallelism: 0.87x
[18.373s][info][gc,stats    ]     CWR: <total>                    469 us
[18.373s][info][gc,stats    ]     CWR: Code Cache Roots           350 us, workers (us): 350, ---, ---, 
[18.373s][info][gc,stats    ]     CWR: VM Weak Roots              112 us, workers (us): 112, ---, ---, 
[18.373s][info][gc,stats    ]     CWR: CLDG Roots                   7 us, workers (us):   7, ---, ---, 
[18.373s][info][gc,stats    ]   Rendezvous                        103 us
[18.373s][info][gc,stats    ] Concurrent Cleanup                   32 us
[18.373s][info][gc,stats    ] Concurrent Class Unloading         2276 us
[18.373s][info][gc,stats    ]   Unlink Stale                     1963 us
[18.373s][info][gc,stats    ]     System Dictionary                 3 us
[18.373s][info][gc,stats    ]     Weak Class Links                  0 us
[18.373s][info][gc,stats    ]     Code Roots                     1959 us
[18.373s][info][gc,stats    ]   Rendezvous                        124 us
[18.373s][info][gc,stats    ]   Purge Unlinked                    117 us
[18.373s][info][gc,stats    ]     Code Roots                      108 us
[18.373s][info][gc,stats    ]     CLDG                              9 us
[18.373s][info][gc,stats    ]     Exception Caches                  0 us
[18.373s][info][gc,stats    ] Pause Final Roots (G)               190 us
[18.373s][info][gc,stats    ] Pause Final Roots (N)                74 us
[18.373s][info][gc,stats    ] 
[18.373s][info][gc,stats    ] Allocation pacing accrued:
[18.373s][info][gc,stats    ]       0 of   205 ms (  0.0%): <total>
[18.373s][info][gc,stats    ]       0 of   205 ms (  0.0%): <average total>
[18.373s][info][gc,stats    ] 
[18.373s][info][gc,metaspace] Metaspace: 12395K(12672K)->12395K(12672K) NonClass: 10739K(10880K)->10739K(10880K) Class: 1655K(1792K)->1655K(1792K)
[18.373s][info][gc,ergo     ] Pacer for Idle. Initial: 163M, Alloc Tax Rate: 1.0x
[18.552s][info][gc          ] Trigger: Explicit GC request (System.gc())
[18.552s][info][gc,ergo     ] Free: 7621M, Max: 4096K regular, 7548M humongous, Frag: 0% external, 0% internal; Reserve: 412M, Max: 4096K
[18.552s][info][gc,start    ] GC(81) Concurrent reset
[18.552s][info][gc,task     ] GC(81) Using 1 of 3 workers for concurrent reset
[18.552s][info][gc,ergo     ] GC(81) Pacer for Reset. Non-Taxable: 8192M
[18.553s][info][gc          ] GC(81) Concurrent reset 0.262ms
[18.553s][info][gc,start    ] GC(81) Pause Init Mark (unload classes)
[18.553s][info][gc,task     ] GC(81) Using 3 of 3 workers for init marking
[18.553s][info][gc,ref      ] GC(81) Clearing All SoftReferences
[18.553s][info][gc,ergo     ] GC(81) Pacer for Mark. Expected Live: 25380K, Free: 7621M, Non-Taxable: 762M, Alloc Tax Rate: 0.0x
[18.553s][info][gc          ] GC(81) Pause Init Mark (unload classes) 0.123ms
[18.553s][info][gc,start    ] GC(81) Concurrent marking roots
[18.553s][info][gc,task     ] GC(81) Using 1 of 3 workers for concurrent marking roots
[18.553s][info][gc          ] GC(81) Concurrent marking roots 0.433ms
[18.553s][info][gc,start    ] GC(81) Concurrent marking (unload classes)
[18.553s][info][gc,task     ] GC(81) Using 1 of 3 workers for concurrent marking
[18.573s][info][gc          ] GC(81) Concurrent marking (unload classes) 20.034ms
[18.573s][info][gc,start    ] GC(81) Pause Final Mark (unload classes)
[18.573s][info][gc,task     ] GC(81) Using 3 of 3 workers for final marking
[18.574s][info][gc,ergo     ] GC(81) Collectable Garbage: 124M (92%), Immediate: 124M (92%), CSet: 0B (0%)
[18.574s][info][gc          ] GC(81) Pause Final Mark (unload classes) 0.492ms
[18.574s][info][gc,start    ] GC(81) Concurrent weak references
[18.574s][info][gc,task     ] GC(81) Using 1 of 3 workers for concurrent weak references
[18.574s][info][gc,ref      ] GC(81) Encountered references: Soft: 154, Weak: 720, Final: 0, Phantom: 33
[18.574s][info][gc,ref      ] GC(81) Discovered  references: Soft: 96, Weak: 158, Final: 0, Phantom: 31
[18.574s][info][gc,ref      ] GC(81) Enqueued    references: Soft: 3, Weak: 0, Final: 0, Phantom: 0
[18.574s][info][gc          ] GC(81) Concurrent weak references 0.170ms
[18.574s][info][gc,start    ] GC(81) Concurrent weak roots
[18.574s][info][gc,task     ] GC(81) Using 1 of 3 workers for concurrent weak root
[18.575s][info][gc          ] GC(81) Concurrent weak roots 0.607ms
[18.575s][info][gc,start    ] GC(81) Concurrent cleanup
[18.575s][info][gc          ] GC(81) Concurrent cleanup 158M->34M(8192M) 0.031ms
[18.575s][info][gc,ergo     ] GC(81) Free: 7745M, Max: 4096K regular, 7548M humongous, Frag: 2% external, 0% internal; Reserve: 412M, Max: 4096K
[18.575s][info][gc,start    ] GC(81) Concurrent class unloading
[18.575s][info][gc,task     ] GC(81) Using 1 of 3 workers for concurrent class unloading
[18.577s][info][gc          ] GC(81) Concurrent class unloading 2.321ms
[18.577s][info][gc,start    ] GC(81) Pause Final Roots
[18.577s][info][gc          ] GC(81) Pause Final Roots 0.052ms
[18.577s][info][gc,ergo     ] Free: 7745M, Max: 4096K regular, 7548M humongous, Frag: 2% external, 0% internal; Reserve: 412M, Max: 4096K
[18.578s][info][gc,stats    ] 
[18.578s][info][gc,stats    ] All times are wall-clock times, except per-root-class counters, that are sum over
[18.578s][info][gc,stats    ] all workers. Dividing the <total> over the root stage time estimates parallelism.
[18.578s][info][gc,stats    ] 
[18.578s][info][gc,stats    ] Concurrent Reset                    299 us
[18.578s][info][gc,stats    ] Pause Init Mark (G)                 196 us
[18.578s][info][gc,stats    ] Pause Init Mark (N)                 132 us
[18.578s][info][gc,stats    ]   Update Region States               59 us
[18.578s][info][gc,stats    ] Concurrent Mark Roots               454 us, parallelism: 0.71x
[18.578s][info][gc,stats    ]   CMR: <total>                      322 us
[18.578s][info][gc,stats    ]   CMR: Thread Roots                 277 us, workers (us): 277, ---, ---, 
[18.578s][info][gc,stats    ]   CMR: VM Strong Roots                7 us, workers (us):   7, ---, ---, 
[18.578s][info][gc,stats    ]   CMR: CLDG Roots                    38 us, workers (us):  38, ---, ---, 
[18.578s][info][gc,stats    ] Concurrent Marking                20100 us
[18.578s][info][gc,stats    ] Pause Final Mark (G)                640 us
[18.578s][info][gc,stats    ] Pause Final Mark (N)                518 us
[18.578s][info][gc,stats    ]   Finish Mark                       131 us
[18.578s][info][gc,stats    ]   Update Region States               75 us
[18.578s][info][gc,stats    ]   Choose Collection Set             176 us
[18.578s][info][gc,stats    ]   Rebuild Free Set                   22 us
[18.578s][info][gc,stats    ] Concurrent Weak References          186 us, parallelism: 0.04x
[18.578s][info][gc,stats    ]   CWRF: <total>                       7 us
[18.578s][info][gc,stats    ]   CWRF: Weak References               7 us, workers (us):   7, ---, ---, 
[18.578s][info][gc,stats    ] Concurrent Weak Roots               645 us
[18.578s][info][gc,stats    ]   Roots                             469 us, parallelism: 0.86x
[18.578s][info][gc,stats    ]     CWR: <total>                    403 us
[18.578s][info][gc,stats    ]     CWR: Code Cache Roots           334 us, workers (us): 334, ---, ---, 
[18.578s][info][gc,stats    ]     CWR: VM Weak Roots               63 us, workers (us):  63, ---, ---, 
[18.578s][info][gc,stats    ]     CWR: CLDG Roots                   6 us, workers (us):   6, ---, ---, 
[18.578s][info][gc,stats    ]   Rendezvous                        104 us
[18.578s][info][gc,stats    ] Concurrent Cleanup                   40 us
[18.578s][info][gc,stats    ] Concurrent Class Unloading         2387 us
[18.578s][info][gc,stats    ]   Unlink Stale                     1969 us
[18.578s][info][gc,stats    ]     System Dictionary                 6 us
[18.578s][info][gc,stats    ]     Weak Class Links                  0 us
[18.578s][info][gc,stats    ]     Code Roots                     1960 us
[18.578s][info][gc,stats    ]   Rendezvous                        176 us
[18.578s][info][gc,stats    ]   Purge Unlinked                    156 us
[18.578s][info][gc,stats    ]     Code Roots                      146 us
[18.578s][info][gc,stats    ]     CLDG                              9 us
[18.578s][info][gc,stats    ]     Exception Caches                  0 us
[18.578s][info][gc,stats    ] Pause Final Roots (G)               191 us
[18.578s][info][gc,stats    ] Pause Final Roots (N)                75 us
[18.578s][info][gc,stats    ] 
[18.578s][info][gc,stats    ] Allocation pacing accrued:
[18.578s][info][gc,stats    ]       0 of   204 ms (  0.0%): <total>
[18.578s][info][gc,stats    ]       0 of   204 ms (  0.0%): <average total>
[18.578s][info][gc,stats    ] 
[18.578s][info][gc,metaspace] Metaspace: 12395K(12672K)->12395K(12672K) NonClass: 10739K(10880K)->10739K(10880K) Class: 1655K(1792K)->1655K(1792K)
[18.578s][info][gc,ergo     ] Pacer for Idle. Initial: 163M, Alloc Tax Rate: 1.0x
[18.771s][info][gc          ] Trigger: Explicit GC request (System.gc())
[18.772s][info][gc,ergo     ] Free: 7621M, Max: 4096K regular, 7548M humongous, Frag: 0% external, 0% internal; Reserve: 412M, Max: 4096K
[18.772s][info][gc,start    ] GC(82) Concurrent reset
[18.772s][info][gc,task     ] GC(82) Using 1 of 3 workers for concurrent reset
[18.772s][info][gc,ergo     ] GC(82) Pacer for Reset. Non-Taxable: 8192M
[18.772s][info][gc          ] GC(82) Concurrent reset 0.419ms
[18.772s][info][gc,start    ] GC(82) Pause Init Mark (unload classes)
[18.772s][info][gc,task     ] GC(82) Using 3 of 3 workers for init marking
[18.772s][info][gc,ref      ] GC(82) Clearing All SoftReferences
[18.772s][info][gc,ergo     ] GC(82) Pacer for Mark. Expected Live: 25380K, Free: 7621M, Non-Taxable: 762M, Alloc Tax Rate: 0.0x
[18.772s][info][gc          ] GC(82) Pause Init Mark (unload classes) 0.202ms
[18.772s][info][gc,start    ] GC(82) Concurrent marking roots
[18.773s][info][gc,task     ] GC(82) Using 1 of 3 workers for concurrent marking roots
[18.773s][info][gc          ] GC(82) Concurrent marking roots 0.464ms
[18.773s][info][gc,start    ] GC(82) Concurrent marking (unload classes)
[18.773s][info][gc,task     ] GC(82) Using 1 of 3 workers for concurrent marking
[18.793s][info][gc          ] GC(82) Concurrent marking (unload classes) 19.983ms
[18.793s][info][gc,start    ] GC(82) Pause Final Mark (unload classes)
[18.793s][info][gc,task     ] GC(82) Using 3 of 3 workers for final marking
[18.793s][info][gc,ergo     ] GC(82) Collectable Garbage: 123M (92%), Immediate: 123M (92%), CSet: 0B (0%)
[18.793s][info][gc          ] GC(82) Pause Final Mark (unload classes) 0.399ms
[18.794s][info][gc,start    ] GC(82) Concurrent weak references
[18.794s][info][gc,task     ] GC(82) Using 1 of 3 workers for concurrent weak references
[18.794s][info][gc,ref      ] GC(82) Encountered references: Soft: 154, Weak: 720, Final: 0, Phantom: 33
[18.794s][info][gc,ref      ] GC(82) Discovered  references: Soft: 96, Weak: 158, Final: 0, Phantom: 31
[18.794s][info][gc,ref      ] GC(82) Enqueued    references: Soft: 3, Weak: 0, Final: 0, Phantom: 0
[18.794s][info][gc          ] GC(82) Concurrent weak references 0.194ms
[18.794s][info][gc,start    ] GC(82) Concurrent weak roots
[18.794s][info][gc,task     ] GC(82) Using 1 of 3 workers for concurrent weak root
[18.794s][info][gc          ] GC(82) Concurrent weak roots 0.586ms
[18.794s][info][gc,start    ] GC(82) Concurrent cleanup
[18.794s][info][gc          ] GC(82) Concurrent cleanup 158M->34M(8192M) 0.030ms
[18.794s][info][gc,ergo     ] GC(82) Free: 7745M, Max: 4096K regular, 7552M humongous, Frag: 2% external, 0% internal; Reserve: 412M, Max: 4096K
[18.794s][info][gc,start    ] GC(82) Concurrent class unloading
[18.794s][info][gc,task     ] GC(82) Using 1 of 3 workers for concurrent class unloading
[18.797s][info][gc          ] GC(82) Concurrent class unloading 2.268ms
[18.797s][info][gc,start    ] GC(82) Pause Final Roots
[18.797s][info][gc          ] GC(82) Pause Final Roots 0.021ms
[18.797s][info][gc,ergo     ] Free: 7745M, Max: 4096K regular, 7552M humongous, Frag: 2% external, 0% internal; Reserve: 412M, Max: 4096K
[18.797s][info][gc,stats    ] 
[18.797s][info][gc,stats    ] All times are wall-clock times, except per-root-class counters, that are sum over
[18.797s][info][gc,stats    ] all workers. Dividing the <total> over the root stage time estimates parallelism.
[18.797s][info][gc,stats    ] 
[18.797s][info][gc,stats    ] Concurrent Reset                    494 us
[18.797s][info][gc,stats    ] Pause Init Mark (G)                 345 us
[18.797s][info][gc,stats    ] Pause Init Mark (N)                 224 us
[18.797s][info][gc,stats    ]   Update Region States               74 us
[18.797s][info][gc,stats    ] Concurrent Mark Roots               482 us, parallelism: 0.74x
[18.797s][info][gc,stats    ]   CMR: <total>                      355 us
[18.797s][info][gc,stats    ]   CMR: Thread Roots                 312 us, workers (us): 312, ---, ---, 
[18.797s][info][gc,stats    ]   CMR: VM Strong Roots                3 us, workers (us):   3, ---, ---, 
[18.797s][info][gc,stats    ]   CMR: CLDG Roots                    39 us, workers (us):  39, ---, ---, 
[18.797s][info][gc,stats    ] Concurrent Marking                20047 us
[18.797s][info][gc,stats    ] Pause Final Mark (G)                514 us
[18.797s][info][gc,stats    ] Pause Final Mark (N)                431 us
[18.797s][info][gc,stats    ]   Finish Mark                       142 us
[18.797s][info][gc,stats    ]   Update Region States              123 us
[18.797s][info][gc,stats    ]   Choose Collection Set              73 us
[18.797s][info][gc,stats    ]   Rebuild Free Set                   21 us
[18.797s][info][gc,stats    ] Concurrent Weak References          210 us, parallelism: 0.06x
[18.797s][info][gc,stats    ]   CWRF: <total>                      13 us
[18.797s][info][gc,stats    ]   CWRF: Weak References              13 us, workers (us):  13, ---, ---, 
[18.797s][info][gc,stats    ] Concurrent Weak Roots               622 us
[18.797s][info][gc,stats    ]   Roots                             470 us, parallelism: 0.86x
[18.797s][info][gc,stats    ]     CWR: <total>                    404 us
[18.797s][info][gc,stats    ]     CWR: Code Cache Roots           333 us, workers (us): 333, ---, ---, 
[18.797s][info][gc,stats    ]     CWR: VM Weak Roots               64 us, workers (us):  64, ---, ---, 
[18.797s][info][gc,stats    ]     CWR: CLDG Roots                   7 us, workers (us):   7, ---, ---, 
[18.797s][info][gc,stats    ]   Rendezvous                         84 us
[18.797s][info][gc,stats    ] Concurrent Cleanup                   38 us
[18.797s][info][gc,stats    ] Concurrent Class Unloading         2324 us
[18.798s][info][gc,stats    ]   Unlink Stale                     2079 us
[18.798s][info][gc,stats    ]     System Dictionary                 7 us
[18.798s][info][gc,stats    ]     Weak Class Links                  0 us
[18.798s][info][gc,stats    ]     Code Roots                     2070 us
[18.798s][info][gc,stats    ]   Rendezvous                         54 us
[18.798s][info][gc,stats    ]   Purge Unlinked                    115 us
[18.798s][info][gc,stats    ]     Code Roots                      106 us
[18.798s][info][gc,stats    ]     CLDG                              9 us
[18.798s][info][gc,stats    ]     Exception Caches                  0 us
[18.798s][info][gc,stats    ] Pause Final Roots (G)                99 us
[18.798s][info][gc,stats    ] Pause Final Roots (N)                29 us
[18.798s][info][gc,stats    ] 
[18.798s][info][gc,stats    ] Allocation pacing accrued:
[18.798s][info][gc,stats    ]       0 of   220 ms (  0.0%): <total>
[18.798s][info][gc,stats    ]       0 of   220 ms (  0.0%): <average total>
[18.798s][info][gc,stats    ] 
[18.798s][info][gc,metaspace] Metaspace: 12395K(12672K)->12395K(12672K) NonClass: 10739K(10880K)->10740K(10880K) Class: 1655K(1792K)->1655K(1792K)
[18.798s][info][gc,ergo     ] Pacer for Idle. Initial: 163M, Alloc Tax Rate: 1.0x
[18.992s][info][gc          ] Trigger: Explicit GC request (System.gc())
[18.992s][info][gc,ergo     ] Free: 7621M, Max: 4096K regular, 7548M humongous, Frag: 0% external, 0% internal; Reserve: 412M, Max: 4096K
[18.992s][info][gc,start    ] GC(83) Concurrent reset
[18.992s][info][gc,task     ] GC(83) Using 1 of 3 workers for concurrent reset
[18.992s][info][gc,ergo     ] GC(83) Pacer for Reset. Non-Taxable: 8192M
[18.993s][info][gc          ] GC(83) Concurrent reset 0.310ms
[18.993s][info][gc,start    ] GC(83) Pause Init Mark (unload classes)
[18.993s][info][gc,task     ] GC(83) Using 3 of 3 workers for init marking
[18.993s][info][gc,ref      ] GC(83) Clearing All SoftReferences
[18.993s][info][gc,ergo     ] GC(83) Pacer for Mark. Expected Live: 25380K, Free: 7621M, Non-Taxable: 762M, Alloc Tax Rate: 0.0x
[18.993s][info][gc          ] GC(83) Pause Init Mark (unload classes) 0.180ms
[18.993s][info][gc,start    ] GC(83) Concurrent marking roots
[18.993s][info][gc,task     ] GC(83) Using 1 of 3 workers for concurrent marking roots
[18.993s][info][gc          ] GC(83) Concurrent marking roots 0.465ms
[18.993s][info][gc,start    ] GC(83) Concurrent marking (unload classes)
[18.993s][info][gc,task     ] GC(83) Using 1 of 3 workers for concurrent marking
[19.014s][info][gc          ] GC(83) Concurrent marking (unload classes) 20.384ms
[19.014s][info][gc,start    ] GC(83) Pause Final Mark (unload classes)
[19.014s][info][gc,task     ] GC(83) Using 3 of 3 workers for final marking
[19.014s][info][gc,ergo     ] GC(83) Collectable Garbage: 124M (92%), Immediate: 124M (92%), CSet: 0B (0%)
[19.014s][info][gc          ] GC(83) Pause Final Mark (unload classes) 0.313ms
[19.014s][info][gc,start    ] GC(83) Concurrent weak references
[19.014s][info][gc,task     ] GC(83) Using 1 of 3 workers for concurrent weak references
[19.014s][info][gc,ref      ] GC(83) Encountered references: Soft: 154, Weak: 720, Final: 0, Phantom: 33
[19.014s][info][gc,ref      ] GC(83) Discovered  references: Soft: 96, Weak: 158, Final: 0, Phantom: 31
[19.014s][info][gc,ref      ] GC(83) Enqueued    references: Soft: 3, Weak: 0, Final: 0, Phantom: 0
[19.014s][info][gc          ] GC(83) Concurrent weak references 0.138ms
[19.014s][info][gc,start    ] GC(83) Concurrent weak roots
[19.014s][info][gc,task     ] GC(83) Using 1 of 3 workers for concurrent weak root
[19.015s][info][gc          ] GC(83) Concurrent weak roots 0.642ms
[19.015s][info][gc,start    ] GC(83) Concurrent cleanup
[19.015s][info][gc          ] GC(83) Concurrent cleanup 158M->34M(8192M) 0.024ms
[19.015s][info][gc,ergo     ] GC(83) Free: 7745M, Max: 4096K regular, 7548M humongous, Frag: 2% external, 0% internal; Reserve: 412M, Max: 4096K
[19.015s][info][gc,start    ] GC(83) Concurrent class unloading
[19.015s][info][gc,task     ] GC(83) Using 1 of 3 workers for concurrent class unloading
[19.017s][info][gc          ] GC(83) Concurrent class unloading 2.249ms
[19.017s][info][gc,start    ] GC(83) Pause Final Roots
[19.017s][info][gc          ] GC(83) Pause Final Roots 0.020ms
[19.018s][info][gc,ergo     ] Free: 7745M, Max: 4096K regular, 7548M humongous, Frag: 2% external, 0% internal; Reserve: 412M, Max: 4096K
[19.018s][info][gc,stats    ] 
[19.018s][info][gc,stats    ] All times are wall-clock times, except per-root-class counters, that are sum over
[19.018s][info][gc,stats    ] all workers. Dividing the <total> over the root stage time estimates parallelism.
[19.018s][info][gc,stats    ] 
[19.018s][info][gc,stats    ] Concurrent Reset                    329 us
[19.018s][info][gc,stats    ] Pause Init Mark (G)                 308 us
[19.018s][info][gc,stats    ] Pause Init Mark (N)                 189 us
[19.018s][info][gc,stats    ]   Update Region States               64 us
[19.018s][info][gc,stats    ] Concurrent Mark Roots               494 us, parallelism: 0.66x
[19.018s][info][gc,stats    ]   CMR: <total>                      325 us
[19.018s][info][gc,stats    ]   CMR: Thread Roots                 285 us, workers (us): 285, ---, ---, 
[19.018s][info][gc,stats    ]   CMR: VM Strong Roots                4 us, workers (us):   4, ---, ---, 
[19.018s][info][gc,stats    ]   CMR: CLDG Roots                    36 us, workers (us):  36, ---, ---, 
[19.018s][info][gc,stats    ] Concurrent Marking                20451 us
[19.018s][info][gc,stats    ] Pause Final Mark (G)                458 us
[19.018s][info][gc,stats    ] Pause Final Mark (N)                335 us
[19.018s][info][gc,stats    ]   Finish Mark                        93 us
[19.018s][info][gc,stats    ]   Update Region States               57 us
[19.018s][info][gc,stats    ]   Choose Collection Set              53 us
[19.018s][info][gc,stats    ]   Rebuild Free Set                   21 us
[19.018s][info][gc,stats    ] Concurrent Weak References          146 us, parallelism: 0.05x
[19.018s][info][gc,stats    ]   CWRF: <total>                       7 us
[19.018s][info][gc,stats    ]   CWRF: Weak References               7 us, workers (us):   7, ---, ---, 
[19.018s][info][gc,stats    ] Concurrent Weak Roots               661 us
[19.018s][info][gc,stats    ]   Roots                             573 us, parallelism: 0.88x
[19.018s][info][gc,stats    ]     CWR: <total>                    505 us
[19.018s][info][gc,stats    ]     CWR: Code Cache Roots           387 us, workers (us): 387, ---, ---, 
[19.018s][info][gc,stats    ]     CWR: VM Weak Roots              112 us, workers (us): 112, ---, ---, 
[19.018s][info][gc,stats    ]     CWR: CLDG Roots                   6 us, workers (us):   6, ---, ---, 
[19.018s][info][gc,stats    ]   Rendezvous                         55 us
[19.018s][info][gc,stats    ] Concurrent Cleanup                   32 us
[19.018s][info][gc,stats    ] Concurrent Class Unloading         2282 us
[19.018s][info][gc,stats    ]   Unlink Stale                     1983 us
[19.018s][info][gc,stats    ]     System Dictionary                 4 us
[19.018s][info][gc,stats    ]     Weak Class Links                  0 us
[19.018s][info][gc,stats    ]     Code Roots                     1978 us
[19.018s][info][gc,stats    ]   Rendezvous                        119 us
[19.018s][info][gc,stats    ]   Purge Unlinked                    127 us
[19.018s][info][gc,stats    ]     Code Roots                      122 us
[19.018s][info][gc,stats    ]     CLDG                              5 us
[19.018s][info][gc,stats    ]     Exception Caches                  0 us
[19.018s][info][gc,stats    ] Pause Final Roots (G)                78 us
[19.018s][info][gc,stats    ] Pause Final Roots (N)                28 us
[19.018s][info][gc,stats    ] 
[19.018s][info][gc,stats    ] Allocation pacing accrued:
[19.018s][info][gc,stats    ]       0 of   220 ms (  0.0%): <total>
[19.018s][info][gc,stats    ]       0 of   220 ms (  0.0%): <average total>
[19.018s][info][gc,stats    ] 
[19.018s][info][gc,metaspace] Metaspace: 12395K(12672K)->12395K(12672K) NonClass: 10740K(10880K)->10740K(10880K) Class: 1655K(1792K)->1655K(1792K)
[19.018s][info][gc,ergo     ] Pacer for Idle. Initial: 163M, Alloc Tax Rate: 1.0x
[19.211s][info][gc          ] Trigger: Explicit GC request (System.gc())
[19.212s][info][gc,ergo     ] Free: 7621M, Max: 4096K regular, 7548M humongous, Frag: 0% external, 0% internal; Reserve: 412M, Max: 4096K
[19.212s][info][gc,start    ] GC(84) Concurrent reset
[19.212s][info][gc,task     ] GC(84) Using 1 of 3 workers for concurrent reset
[19.212s][info][gc,ergo     ] GC(84) Pacer for Reset. Non-Taxable: 8192M
[19.212s][info][gc          ] GC(84) Concurrent reset 0.349ms
[19.212s][info][gc,start    ] GC(84) Pause Init Mark (unload classes)
[19.212s][info][gc,task     ] GC(84) Using 3 of 3 workers for init marking
[19.212s][info][gc,ref      ] GC(84) Clearing All SoftReferences
[19.212s][info][gc,ergo     ] GC(84) Pacer for Mark. Expected Live: 25380K, Free: 7621M, Non-Taxable: 762M, Alloc Tax Rate: 0.0x
[19.212s][info][gc          ] GC(84) Pause Init Mark (unload classes) 0.266ms
[19.212s][info][gc,start    ] GC(84) Concurrent marking roots
[19.213s][info][gc,task     ] GC(84) Using 1 of 3 workers for concurrent marking roots
[19.213s][info][gc          ] GC(84) Concurrent marking roots 0.761ms
[19.213s][info][gc,start    ] GC(84) Concurrent marking (unload classes)
[19.213s][info][gc,task     ] GC(84) Using 1 of 3 workers for concurrent marking
[19.233s][info][gc          ] GC(84) Concurrent marking (unload classes) 19.883ms
[19.233s][info][gc,start    ] GC(84) Pause Final Mark (unload classes)
[19.233s][info][gc,task     ] GC(84) Using 3 of 3 workers for final marking
[19.234s][info][gc,ergo     ] GC(84) Collectable Garbage: 123M (92%), Immediate: 123M (92%), CSet: 0B (0%)
[19.234s][info][gc          ] GC(84) Pause Final Mark (unload classes) 0.443ms
[19.234s][info][gc,start    ] GC(84) Concurrent weak references
[19.234s][info][gc,task     ] GC(84) Using 1 of 3 workers for concurrent weak references
[19.234s][info][gc,ref      ] GC(84) Encountered references: Soft: 154, Weak: 720, Final: 0, Phantom: 33
[19.234s][info][gc,ref      ] GC(84) Discovered  references: Soft: 96, Weak: 158, Final: 0, Phantom: 31
[19.234s][info][gc,ref      ] GC(84) Enqueued    references: Soft: 3, Weak: 0, Final: 0, Phantom: 0
[19.234s][info][gc          ] GC(84) Concurrent weak references 0.149ms
[19.234s][info][gc,start    ] GC(84) Concurrent weak roots
[19.234s][info][gc,task     ] GC(84) Using 1 of 3 workers for concurrent weak root
[19.235s][info][gc          ] GC(84) Concurrent weak roots 0.538ms
[19.235s][info][gc,start    ] GC(84) Concurrent cleanup
[19.235s][info][gc          ] GC(84) Concurrent cleanup 158M->34M(8192M) 0.022ms
[19.235s][info][gc,ergo     ] GC(84) Free: 7745M, Max: 4096K regular, 7552M humongous, Frag: 2% external, 0% internal; Reserve: 412M, Max: 4096K
[19.235s][info][gc,start    ] GC(84) Concurrent class unloading
[19.235s][info][gc,task     ] GC(84) Using 1 of 3 workers for concurrent class unloading
[19.237s][info][gc          ] GC(84) Concurrent class unloading 2.541ms
[19.237s][info][gc,start    ] GC(84) Pause Final Roots
[19.237s][info][gc          ] GC(84) Pause Final Roots 0.052ms
[19.237s][info][gc,ergo     ] Free: 7745M, Max: 4096K regular, 7552M humongous, Frag: 2% external, 0% internal; Reserve: 412M, Max: 4096K
[19.237s][info][gc,stats    ] 
[19.237s][info][gc,stats    ] All times are wall-clock times, except per-root-class counters, that are sum over
[19.237s][info][gc,stats    ] all workers. Dividing the <total> over the root stage time estimates parallelism.
[19.238s][info][gc,stats    ] 
[19.238s][info][gc,stats    ] Concurrent Reset                    417 us
[19.238s][info][gc,stats    ] Pause Init Mark (G)                 422 us
[19.238s][info][gc,stats    ] Pause Init Mark (N)                 289 us
[19.238s][info][gc,stats    ]   Update Region States               99 us
[19.238s][info][gc,stats    ] Concurrent Mark Roots               785 us, parallelism: 0.83x
[19.238s][info][gc,stats    ]   CMR: <total>                      649 us
[19.238s][info][gc,stats    ]   CMR: Thread Roots                 582 us, workers (us): 582, ---, ---, 
[19.238s][info][gc,stats    ]   CMR: VM Strong Roots                5 us, workers (us):   5, ---, ---, 
[19.238s][info][gc,stats    ]   CMR: CLDG Roots                    62 us, workers (us):  62, ---, ---, 
[19.238s][info][gc,stats    ] Concurrent Marking                19948 us
[19.238s][info][gc,stats    ] Pause Final Mark (G)                577 us
[19.238s][info][gc,stats    ] Pause Final Mark (N)                469 us
[19.238s][info][gc,stats    ]   Finish Mark                       156 us
[19.238s][info][gc,stats    ]   Update Region States              106 us
[19.238s][info][gc,stats    ]   Choose Collection Set              73 us
[19.238s][info][gc,stats    ]   Rebuild Free Set                   21 us
[19.238s][info][gc,stats    ] Concurrent Weak References          156 us, parallelism: 0.07x
[19.238s][info][gc,stats    ]   CWRF: <total>                      11 us
[19.238s][info][gc,stats    ]   CWRF: Weak References              11 us, workers (us):  11, ---, ---, 
[19.238s][info][gc,stats    ] Concurrent Weak Roots               557 us
[19.238s][info][gc,stats    ]   Roots                             420 us, parallelism: 0.91x
[19.238s][info][gc,stats    ]     CWR: <total>                    383 us
[19.238s][info][gc,stats    ]     CWR: Code Cache Roots           318 us, workers (us): 318, ---, ---, 
[19.238s][info][gc,stats    ]     CWR: VM Weak Roots               60 us, workers (us):  60, ---, ---, 
[19.238s][info][gc,stats    ]     CWR: CLDG Roots                   5 us, workers (us):   5, ---, ---, 
[19.238s][info][gc,stats    ]   Rendezvous                        103 us
[19.238s][info][gc,stats    ] Concurrent Cleanup                   31 us
[19.238s][info][gc,stats    ] Concurrent Class Unloading         2591 us
[19.238s][info][gc,stats    ]   Unlink Stale                     2120 us
[19.238s][info][gc,stats    ]     System Dictionary                 3 us
[19.238s][info][gc,stats    ]     Weak Class Links                  0 us
[19.238s][info][gc,stats    ]     Code Roots                     2116 us
[19.238s][info][gc,stats    ]   Rendezvous                        246 us
[19.238s][info][gc,stats    ]   Purge Unlinked                    156 us
[19.238s][info][gc,stats    ]     Code Roots                      146 us
[19.238s][info][gc,stats    ]     CLDG                              9 us
[19.238s][info][gc,stats    ]     Exception Caches                  0 us
[19.238s][info][gc,stats    ] Pause Final Roots (G)               190 us
[19.238s][info][gc,stats    ] Pause Final Roots (N)                75 us
[19.238s][info][gc,stats    ] 
[19.238s][info][gc,stats    ] Allocation pacing accrued:
[19.238s][info][gc,stats    ]       0 of   220 ms (  0.0%): <total>
[19.238s][info][gc,stats    ]       0 of   220 ms (  0.0%): <average total>
[19.238s][info][gc,stats    ] 
[19.238s][info][gc,metaspace] Metaspace: 12395K(12672K)->12395K(12672K) NonClass: 10740K(10880K)->10740K(10880K) Class: 1655K(1792K)->1655K(1792K)
[19.238s][info][gc,ergo     ] Pacer for Idle. Initial: 163M, Alloc Tax Rate: 1.0x
[19.431s][info][gc          ] Trigger: Explicit GC request (System.gc())
[19.432s][info][gc,ergo     ] Free: 7621M, Max: 4096K regular, 7548M humongous, Frag: 0% external, 0% internal; Reserve: 412M, Max: 4096K
[19.432s][info][gc,start    ] GC(85) Concurrent reset
[19.432s][info][gc,task     ] GC(85) Using 1 of 3 workers for concurrent reset
[19.432s][info][gc,ergo     ] GC(85) Pacer for Reset. Non-Taxable: 8192M
[19.432s][info][gc          ] GC(85) Concurrent reset 0.483ms
[19.432s][info][gc,start    ] GC(85) Pause Init Mark (unload classes)
[19.432s][info][gc,task     ] GC(85) Using 3 of 3 workers for init marking
[19.433s][info][gc,ref      ] GC(85) Clearing All SoftReferences
[19.433s][info][gc,ergo     ] GC(85) Pacer for Mark. Expected Live: 25380K, Free: 7621M, Non-Taxable: 762M, Alloc Tax Rate: 0.0x
[19.433s][info][gc          ] GC(85) Pause Init Mark (unload classes) 0.206ms
[19.433s][info][gc,start    ] GC(85) Concurrent marking roots
[19.433s][info][gc,task     ] GC(85) Using 1 of 3 workers for concurrent marking roots
[19.433s][info][gc          ] GC(85) Concurrent marking roots 0.732ms
[19.433s][info][gc,start    ] GC(85) Concurrent marking (unload classes)
[19.433s][info][gc,task     ] GC(85) Using 1 of 3 workers for concurrent marking
[19.453s][info][gc          ] GC(85) Concurrent marking (unload classes) 20.029ms
[19.454s][info][gc,start    ] GC(85) Pause Final Mark (unload classes)
[19.454s][info][gc,task     ] GC(85) Using 3 of 3 workers for final marking
[19.454s][info][gc,ergo     ] GC(85) Collectable Garbage: 124M (92%), Immediate: 124M (92%), CSet: 0B (0%)
[19.454s][info][gc          ] GC(85) Pause Final Mark (unload classes) 0.369ms
[19.454s][info][gc,start    ] GC(85) Concurrent weak references
[19.454s][info][gc,task     ] GC(85) Using 1 of 3 workers for concurrent weak references
[19.454s][info][gc,ref      ] GC(85) Encountered references: Soft: 154, Weak: 720, Final: 0, Phantom: 33
[19.454s][info][gc,ref      ] GC(85) Discovered  references: Soft: 96, Weak: 158, Final: 0, Phantom: 31
[19.454s][info][gc,ref      ] GC(85) Enqueued    references: Soft: 3, Weak: 0, Final: 0, Phantom: 0
[19.454s][info][gc          ] GC(85) Concurrent weak references 0.170ms
[19.454s][info][gc,start    ] GC(85) Concurrent weak roots
[19.454s][info][gc,task     ] GC(85) Using 1 of 3 workers for concurrent weak root
[19.455s][info][gc          ] GC(85) Concurrent weak roots 0.566ms
[19.455s][info][gc,start    ] GC(85) Concurrent cleanup
[19.455s][info][gc          ] GC(85) Concurrent cleanup 158M->34M(8192M) 0.023ms
[19.455s][info][gc,ergo     ] GC(85) Free: 7745M, Max: 4096K regular, 7548M humongous, Frag: 2% external, 0% internal; Reserve: 412M, Max: 4096K
[19.455s][info][gc,start    ] GC(85) Concurrent class unloading
[19.455s][info][gc,task     ] GC(85) Using 1 of 3 workers for concurrent class unloading
[19.457s][info][gc          ] GC(85) Concurrent class unloading 2.474ms
[19.457s][info][gc,start    ] GC(85) Pause Final Roots
[19.457s][info][gc          ] GC(85) Pause Final Roots 0.021ms
[19.458s][info][gc,ergo     ] Free: 7745M, Max: 4096K regular, 7548M humongous, Frag: 2% external, 0% internal; Reserve: 412M, Max: 4096K
[19.458s][info][gc,stats    ] 
[19.458s][info][gc,stats    ] All times are wall-clock times, except per-root-class counters, that are sum over
[19.458s][info][gc,stats    ] all workers. Dividing the <total> over the root stage time estimates parallelism.
[19.458s][info][gc,stats    ] 
[19.458s][info][gc,stats    ] Concurrent Reset                    593 us
[19.458s][info][gc,stats    ] Pause Init Mark (G)                 343 us
[19.458s][info][gc,stats    ] Pause Init Mark (N)                 223 us
[19.458s][info][gc,stats    ]   Update Region States              104 us
[19.458s][info][gc,stats    ] Concurrent Mark Roots               749 us, parallelism: 0.74x
[19.458s][info][gc,stats    ]   CMR: <total>                      551 us
[19.458s][info][gc,stats    ]   CMR: Thread Roots                 466 us, workers (us): 466, ---, ---, 
[19.458s][info][gc,stats    ]   CMR: VM Strong Roots                8 us, workers (us):   8, ---, ---, 
[19.458s][info][gc,stats    ]   CMR: CLDG Roots                    77 us, workers (us):  77, ---, ---, 
[19.458s][info][gc,stats    ] Concurrent Marking                20095 us
[19.458s][info][gc,stats    ] Pause Final Mark (G)                516 us
[19.458s][info][gc,stats    ] Pause Final Mark (N)                394 us
[19.458s][info][gc,stats    ]   Finish Mark                        92 us
[19.458s][info][gc,stats    ]   Update Region States              100 us
[19.458s][info][gc,stats    ]   Choose Collection Set              72 us
[19.458s][info][gc,stats    ]   Rebuild Free Set                   21 us
[19.458s][info][gc,stats    ] Concurrent Weak References          187 us, parallelism: 0.03x
[19.458s][info][gc,stats    ]   CWRF: <total>                       7 us
[19.458s][info][gc,stats    ]   CWRF: Weak References               7 us, workers (us):   7, ---, ---, 
[19.458s][info][gc,stats    ] Concurrent Weak Roots               586 us
[19.458s][info][gc,stats    ]   Roots                             433 us, parallelism: 0.88x
[19.458s][info][gc,stats    ]     CWR: <total>                    382 us
[19.458s][info][gc,stats    ]     CWR: Code Cache Roots           315 us, workers (us): 315, ---, ---, 
[19.458s][info][gc,stats    ]     CWR: VM Weak Roots               61 us, workers (us):  61, ---, ---, 
[19.458s][info][gc,stats    ]     CWR: CLDG Roots                   6 us, workers (us):   6, ---, ---, 
[19.458s][info][gc,stats    ]   Rendezvous                        103 us
[19.458s][info][gc,stats    ] Concurrent Cleanup                   31 us
[19.458s][info][gc,stats    ] Concurrent Class Unloading         2539 us
[19.458s][info][gc,stats    ]   Unlink Stale                     2089 us
[19.458s][info][gc,stats    ]     System Dictionary                 3 us
[19.458s][info][gc,stats    ]     Weak Class Links                  0 us
[19.458s][info][gc,stats    ]     Code Roots                     2084 us
[19.458s][info][gc,stats    ]   Rendezvous                        154 us
[19.458s][info][gc,stats    ]   Purge Unlinked                    211 us
[19.458s][info][gc,stats    ]     Code Roots                      197 us
[19.458s][info][gc,stats    ]     CLDG                             13 us
[19.458s][info][gc,stats    ]     Exception Caches                  1 us
[19.458s][info][gc,stats    ] Pause Final Roots (G)                84 us
[19.458s][info][gc,stats    ] Pause Final Roots (N)                29 us
[19.458s][info][gc,stats    ] 
[19.458s][info][gc,stats    ] Allocation pacing accrued:
[19.458s][info][gc,stats    ]       0 of   220 ms (  0.0%): <total>
[19.458s][info][gc,stats    ]       0 of   220 ms (  0.0%): <average total>
[19.458s][info][gc,stats    ] 
[19.458s][info][gc,metaspace] Metaspace: 12395K(12672K)->12398K(12672K) NonClass: 10740K(10880K)->10742K(10880K) Class: 1655K(1792K)->1655K(1792K)
[19.458s][info][gc,ergo     ] Pacer for Idle. Initial: 163M, Alloc Tax Rate: 1.0x
[19.651s][info][gc          ] Trigger: Explicit GC request (System.gc())
[19.651s][info][gc,ergo     ] Free: 7621M, Max: 4096K regular, 7548M humongous, Frag: 0% external, 0% internal; Reserve: 412M, Max: 4096K
[19.651s][info][gc,start    ] GC(86) Concurrent reset
[19.651s][info][gc,task     ] GC(86) Using 1 of 3 workers for concurrent reset
[19.651s][info][gc,ergo     ] GC(86) Pacer for Reset. Non-Taxable: 8192M
[19.652s][info][gc          ] GC(86) Concurrent reset 0.485ms
[19.652s][info][gc,start    ] GC(86) Pause Init Mark (unload classes)
[19.652s][info][gc,task     ] GC(86) Using 3 of 3 workers for init marking
[19.652s][info][gc,ref      ] GC(86) Clearing All SoftReferences
[19.652s][info][gc,ergo     ] GC(86) Pacer for Mark. Expected Live: 25380K, Free: 7621M, Non-Taxable: 762M, Alloc Tax Rate: 0.0x
[19.652s][info][gc          ] GC(86) Pause Init Mark (unload classes) 0.185ms
[19.652s][info][gc,start    ] GC(86) Concurrent marking roots
[19.652s][info][gc,task     ] GC(86) Using 1 of 3 workers for concurrent marking roots
[19.653s][info][gc          ] GC(86) Concurrent marking roots 0.519ms
[19.653s][info][gc,start    ] GC(86) Concurrent marking (unload classes)
[19.653s][info][gc,task     ] GC(86) Using 1 of 3 workers for concurrent marking
[19.673s][info][gc          ] GC(86) Concurrent marking (unload classes) 20.268ms
[19.673s][info][gc,start    ] GC(86) Pause Final Mark (unload classes)
[19.673s][info][gc,task     ] GC(86) Using 3 of 3 workers for final marking
[19.673s][info][gc,ergo     ] GC(86) Collectable Garbage: 123M (92%), Immediate: 123M (92%), CSet: 0B (0%)
[19.673s][info][gc          ] GC(86) Pause Final Mark (unload classes) 0.313ms
[19.674s][info][gc,start    ] GC(86) Concurrent weak references
[19.674s][info][gc,task     ] GC(86) Using 1 of 3 workers for concurrent weak references
[19.674s][info][gc,ref      ] GC(86) Encountered references: Soft: 154, Weak: 720, Final: 0, Phantom: 33
[19.674s][info][gc,ref      ] GC(86) Discovered  references: Soft: 96, Weak: 158, Final: 0, Phantom: 31
[19.674s][info][gc,ref      ] GC(86) Enqueued    references: Soft: 3, Weak: 0, Final: 0, Phantom: 0
[19.674s][info][gc          ] GC(86) Concurrent weak references 0.135ms
[19.674s][info][gc,start    ] GC(86) Concurrent weak roots
[19.674s][info][gc,task     ] GC(86) Using 1 of 3 workers for concurrent weak root
[19.674s][info][gc          ] GC(86) Concurrent weak roots 0.565ms
[19.674s][info][gc,start    ] GC(86) Concurrent cleanup
[19.674s][info][gc          ] GC(86) Concurrent cleanup 158M->34M(8192M) 0.029ms
[19.674s][info][gc,ergo     ] GC(86) Free: 7745M, Max: 4096K regular, 7552M humongous, Frag: 2% external, 0% internal; Reserve: 412M, Max: 4096K
[19.674s][info][gc,start    ] GC(86) Concurrent class unloading
[19.674s][info][gc,task     ] GC(86) Using 1 of 3 workers for concurrent class unloading
[19.677s][info][gc          ] GC(86) Concurrent class unloading 2.327ms
[19.677s][info][gc,start    ] GC(86) Pause Final Roots
[19.677s][info][gc          ] GC(86) Pause Final Roots 0.022ms
[19.677s][info][gc,ergo     ] Free: 7745M, Max: 4096K regular, 7552M humongous, Frag: 2% external, 0% internal; Reserve: 412M, Max: 4096K
[19.677s][info][gc,stats    ] 
[19.677s][info][gc,stats    ] All times are wall-clock times, except per-root-class counters, that are sum over
[19.677s][info][gc,stats    ] all workers. Dividing the <total> over the root stage time estimates parallelism.
[19.677s][info][gc,stats    ] 
[19.677s][info][gc,stats    ] Concurrent Reset                    591 us
[19.677s][info][gc,stats    ] Pause Init Mark (G)                 329 us
[19.677s][info][gc,stats    ] Pause Init Mark (N)                 202 us
[19.677s][info][gc,stats    ]   Update Region States               77 us
[19.677s][info][gc,stats    ] Concurrent Mark Roots               537 us, parallelism: 0.71x
[19.677s][info][gc,stats    ]   CMR: <total>                      379 us
[19.677s][info][gc,stats    ]   CMR: Thread Roots                 332 us, workers (us): 332, ---, ---, 
[19.677s][info][gc,stats    ]   CMR: VM Strong Roots                5 us, workers (us):   5, ---, ---, 
[19.677s][info][gc,stats    ]   CMR: CLDG Roots                    42 us, workers (us):  42, ---, ---, 
[19.677s][info][gc,stats    ] Concurrent Marking                20335 us
[19.677s][info][gc,stats    ] Pause Final Mark (G)                430 us
[19.677s][info][gc,stats    ] Pause Final Mark (N)                345 us
[19.677s][info][gc,stats    ]   Finish Mark                        99 us
[19.677s][info][gc,stats    ]   Update Region States               63 us
[19.677s][info][gc,stats    ]   Choose Collection Set              91 us
[19.677s][info][gc,stats    ]   Rebuild Free Set                   22 us
[19.677s][info][gc,stats    ] Concurrent Weak References          144 us, parallelism: 0.06x
[19.677s][info][gc,stats    ]   CWRF: <total>                       9 us
[19.677s][info][gc,stats    ]   CWRF: Weak References               9 us, workers (us):   9, ---, ---, 
[19.677s][info][gc,stats    ] Concurrent Weak Roots               602 us
[19.677s][info][gc,stats    ]   Roots                             453 us, parallelism: 0.90x
[19.677s][info][gc,stats    ]     CWR: <total>                    407 us
[19.677s][info][gc,stats    ]     CWR: Code Cache Roots           338 us, workers (us): 338, ---, ---, 
[19.677s][info][gc,stats    ]     CWR: VM Weak Roots               63 us, workers (us):  63, ---, ---, 
[19.677s][info][gc,stats    ]     CWR: CLDG Roots                   6 us, workers (us):   6, ---, ---, 
[19.677s][info][gc,stats    ]   Rendezvous                         95 us
[19.677s][info][gc,stats    ] Concurrent Cleanup                   37 us
[19.677s][info][gc,stats    ] Concurrent Class Unloading         2395 us
[19.677s][info][gc,stats    ]   Unlink Stale                     2092 us
[19.677s][info][gc,stats    ]     System Dictionary                 6 us
[19.677s][info][gc,stats    ]     Weak Class Links                  0 us
[19.677s][info][gc,stats    ]     Code Roots                     2083 us
[19.677s][info][gc,stats    ]   Rendezvous                         69 us
[19.677s][info][gc,stats    ]   Purge Unlinked                    145 us
[19.677s][info][gc,stats    ]     Code Roots                      135 us
[19.677s][info][gc,stats    ]     CLDG                              9 us
[19.677s][info][gc,stats    ]     Exception Caches                  0 us
[19.678s][info][gc,stats    ] Pause Final Roots (G)                76 us
[19.678s][info][gc,stats    ] Pause Final Roots (N)                30 us
[19.678s][info][gc,stats    ] 
[19.678s][info][gc,stats    ] Allocation pacing accrued:
[19.678s][info][gc,stats    ]       0 of   219 ms (  0.0%): <total>
[19.678s][info][gc,stats    ]       0 of   219 ms (  0.0%): <average total>
[19.678s][info][gc,stats    ] 
[19.678s][info][gc,metaspace] Metaspace: 12400K(12672K)->12400K(12672K) NonClass: 10744K(10880K)->10744K(10880K) Class: 1655K(1792K)->1655K(1792K)
[19.678s][info][gc,ergo     ] Pacer for Idle. Initial: 163M, Alloc Tax Rate: 1.0x
[19.871s][info][gc          ] Trigger: Explicit GC request (System.gc())
[19.871s][info][gc,ergo     ] Free: 7621M, Max: 4096K regular, 7548M humongous, Frag: 0% external, 0% internal; Reserve: 412M, Max: 4096K
[19.871s][info][gc,start    ] GC(87) Concurrent reset
[19.871s][info][gc,task     ] GC(87) Using 1 of 3 workers for concurrent reset
[19.871s][info][gc,ergo     ] GC(87) Pacer for Reset. Non-Taxable: 8192M
[19.871s][info][gc          ] GC(87) Concurrent reset 0.470ms
[19.872s][info][gc,start    ] GC(87) Pause Init Mark (unload classes)
[19.872s][info][gc,task     ] GC(87) Using 3 of 3 workers for init marking
[19.872s][info][gc,ref      ] GC(87) Clearing All SoftReferences
[19.872s][info][gc,ergo     ] GC(87) Pacer for Mark. Expected Live: 25380K, Free: 7621M, Non-Taxable: 762M, Alloc Tax Rate: 0.0x
[19.872s][info][gc          ] GC(87) Pause Init Mark (unload classes) 0.188ms
[19.872s][info][gc,start    ] GC(87) Concurrent marking roots
[19.872s][info][gc,task     ] GC(87) Using 1 of 3 workers for concurrent marking roots
[19.872s][info][gc          ] GC(87) Concurrent marking roots 0.510ms
[19.872s][info][gc,start    ] GC(87) Concurrent marking (unload classes)
[19.872s][info][gc,task     ] GC(87) Using 1 of 3 workers for concurrent marking
[19.893s][info][gc          ] GC(87) Concurrent marking (unload classes) 20.229ms
[19.893s][info][gc,start    ] GC(87) Pause Final Mark (unload classes)
[19.893s][info][gc,task     ] GC(87) Using 3 of 3 workers for final marking
[19.893s][info][gc,ergo     ] GC(87) Collectable Garbage: 124M (92%), Immediate: 124M (92%), CSet: 0B (0%)
[19.893s][info][gc          ] GC(87) Pause Final Mark (unload classes) 0.470ms
[19.893s][info][gc,start    ] GC(87) Concurrent weak references
[19.893s][info][gc,task     ] GC(87) Using 1 of 3 workers for concurrent weak references
[19.893s][info][gc,ref      ] GC(87) Encountered references: Soft: 154, Weak: 720, Final: 0, Phantom: 33
[19.893s][info][gc,ref      ] GC(87) Discovered  references: Soft: 96, Weak: 158, Final: 0, Phantom: 31
[19.893s][info][gc,ref      ] GC(87) Enqueued    references: Soft: 3, Weak: 0, Final: 0, Phantom: 0
[19.893s][info][gc          ] GC(87) Concurrent weak references 0.140ms
[19.893s][info][gc,start    ] GC(87) Concurrent weak roots
[19.893s][info][gc,task     ] GC(87) Using 1 of 3 workers for concurrent weak root
[19.894s][info][gc          ] GC(87) Concurrent weak roots 0.640ms
[19.894s][info][gc,start    ] GC(87) Concurrent cleanup
[19.894s][info][gc          ] GC(87) Concurrent cleanup 158M->34M(8192M) 0.031ms
[19.894s][info][gc,ergo     ] GC(87) Free: 7745M, Max: 4096K regular, 7548M humongous, Frag: 2% external, 0% internal; Reserve: 412M, Max: 4096K
[19.894s][info][gc,start    ] GC(87) Concurrent class unloading
[19.894s][info][gc,task     ] GC(87) Using 1 of 3 workers for concurrent class unloading
[19.896s][info][gc          ] GC(87) Concurrent class unloading 2.193ms
[19.896s][info][gc,start    ] GC(87) Pause Final Roots
[19.896s][info][gc          ] GC(87) Pause Final Roots 0.053ms
[19.897s][info][gc,ergo     ] Free: 7745M, Max: 4096K regular, 7548M humongous, Frag: 2% external, 0% internal; Reserve: 412M, Max: 4096K
[19.897s][info][gc,stats    ] 
[19.897s][info][gc,stats    ] All times are wall-clock times, except per-root-class counters, that are sum over
[19.897s][info][gc,stats    ] all workers. Dividing the <total> over the root stage time estimates parallelism.
[19.897s][info][gc,stats    ] 
[19.897s][info][gc,stats    ] Concurrent Reset                    558 us
[19.897s][info][gc,stats    ] Pause Init Mark (G)                 323 us
[19.897s][info][gc,stats    ] Pause Init Mark (N)                 204 us
[19.897s][info][gc,stats    ]   Update Region States               82 us
[19.897s][info][gc,stats    ] Concurrent Mark Roots               530 us, parallelism: 0.71x
[19.897s][info][gc,stats    ]   CMR: <total>                      375 us
[19.897s][info][gc,stats    ]   CMR: Thread Roots                 332 us, workers (us): 332, ---, ---, 
[19.897s][info][gc,stats    ]   CMR: VM Strong Roots                4 us, workers (us):   4, ---, ---, 
[19.897s][info][gc,stats    ]   CMR: CLDG Roots                    39 us, workers (us):  39, ---, ---, 
[19.897s][info][gc,stats    ] Concurrent Marking                20296 us
[19.897s][info][gc,stats    ] Pause Final Mark (G)                603 us
[19.897s][info][gc,stats    ] Pause Final Mark (N)                495 us
[19.897s][info][gc,stats    ]   Finish Mark                       162 us
[19.897s][info][gc,stats    ]   Update Region States              123 us
[19.897s][info][gc,stats    ]   Choose Collection Set              74 us
[19.897s][info][gc,stats    ]   Rebuild Free Set                   21 us
[19.897s][info][gc,stats    ] Concurrent Weak References          148 us, parallelism: 0.09x
[19.897s][info][gc,stats    ]   CWRF: <total>                      13 us
[19.897s][info][gc,stats    ]   CWRF: Weak References              13 us, workers (us):  13, ---, ---, 
[19.897s][info][gc,stats    ] Concurrent Weak Roots               668 us
[19.897s][info][gc,stats    ]   Roots                             507 us, parallelism: 0.88x
[19.897s][info][gc,stats    ]     CWR: <total>                    445 us
[19.897s][info][gc,stats    ]     CWR: Code Cache Roots           375 us, workers (us): 375, ---, ---, 
[19.897s][info][gc,stats    ]     CWR: VM Weak Roots               63 us, workers (us):  63, ---, ---, 
[19.897s][info][gc,stats    ]     CWR: CLDG Roots                   7 us, workers (us):   7, ---, ---, 
[19.897s][info][gc,stats    ]   Rendezvous                        117 us
[19.897s][info][gc,stats    ] Concurrent Cleanup                   45 us
[19.897s][info][gc,stats    ] Concurrent Class Unloading         2241 us
[19.897s][info][gc,stats    ]   Unlink Stale                     1872 us
[19.897s][info][gc,stats    ]     System Dictionary                 5 us
[19.897s][info][gc,stats    ]     Weak Class Links                  0 us
[19.897s][info][gc,stats    ]     Code Roots                     1866 us
[19.897s][info][gc,stats    ]   Rendezvous                        123 us
[19.897s][info][gc,stats    ]   Purge Unlinked                    179 us
[19.897s][info][gc,stats    ]     Code Roots                      168 us
[19.897s][info][gc,stats    ]     CLDG                             10 us
[19.897s][info][gc,stats    ]     Exception Caches                  0 us
[19.897s][info][gc,stats    ] Pause Final Roots (G)               193 us
[19.897s][info][gc,stats    ] Pause Final Roots (N)                76 us
[19.897s][info][gc,stats    ] 
[19.897s][info][gc,stats    ] Allocation pacing accrued:
[19.897s][info][gc,stats    ]       0 of   220 ms (  0.0%): <total>
[19.897s][info][gc,stats    ]       0 of   220 ms (  0.0%): <average total>
[19.897s][info][gc,stats    ] 
[19.897s][info][gc,metaspace] Metaspace: 12400K(12672K)->12400K(12672K) NonClass: 10744K(10880K)->10744K(10880K) Class: 1655K(1792K)->1655K(1792K)
[19.897s][info][gc,ergo     ] Pacer for Idle. Initial: 163M, Alloc Tax Rate: 1.0x
[20.074s][info][gc          ] Trigger: Explicit GC request (System.gc())
[20.074s][info][gc,ergo     ] Free: 7621M, Max: 4096K regular, 7548M humongous, Frag: 0% external, 0% internal; Reserve: 412M, Max: 4096K
[20.074s][info][gc,start    ] GC(88) Concurrent reset
[20.075s][info][gc,task     ] GC(88) Using 1 of 3 workers for concurrent reset
[20.075s][info][gc,ergo     ] GC(88) Pacer for Reset. Non-Taxable: 8192M
[20.075s][info][gc          ] GC(88) Concurrent reset 0.372ms
[20.075s][info][gc,start    ] GC(88) Pause Init Mark (unload classes)
[20.075s][info][gc,task     ] GC(88) Using 3 of 3 workers for init marking
[20.075s][info][gc,ref      ] GC(88) Clearing All SoftReferences
[20.075s][info][gc,ergo     ] GC(88) Pacer for Mark. Expected Live: 25380K, Free: 7621M, Non-Taxable: 762M, Alloc Tax Rate: 0.0x
[20.075s][info][gc          ] GC(88) Pause Init Mark (unload classes) 0.148ms
[20.075s][info][gc,start    ] GC(88) Concurrent marking roots
[20.075s][info][gc,task     ] GC(88) Using 1 of 3 workers for concurrent marking roots
[20.076s][info][gc          ] GC(88) Concurrent marking roots 0.589ms
[20.076s][info][gc,start    ] GC(88) Concurrent marking (unload classes)
[20.076s][info][gc,task     ] GC(88) Using 1 of 3 workers for concurrent marking
[20.096s][info][gc          ] GC(88) Concurrent marking (unload classes) 20.180ms
[20.096s][info][gc,start    ] GC(88) Pause Final Mark (unload classes)
[20.096s][info][gc,task     ] GC(88) Using 3 of 3 workers for final marking
[20.096s][info][gc,ergo     ] GC(88) Collectable Garbage: 123M (92%), Immediate: 123M (92%), CSet: 0B (0%)
[20.096s][info][gc          ] GC(88) Pause Final Mark (unload classes) 0.318ms
[20.096s][info][gc,start    ] GC(88) Concurrent weak references
[20.097s][info][gc,task     ] GC(88) Using 1 of 3 workers for concurrent weak references
[20.097s][info][gc,ref      ] GC(88) Encountered references: Soft: 154, Weak: 720, Final: 0, Phantom: 33
[20.097s][info][gc,ref      ] GC(88) Discovered  references: Soft: 96, Weak: 158, Final: 0, Phantom: 31
[20.097s][info][gc,ref      ] GC(88) Enqueued    references: Soft: 3, Weak: 0, Final: 0, Phantom: 0
[20.097s][info][gc          ] GC(88) Concurrent weak references 0.104ms
[20.097s][info][gc,start    ] GC(88) Concurrent weak roots
[20.097s][info][gc,task     ] GC(88) Using 1 of 3 workers for concurrent weak root
[20.097s][info][gc          ] GC(88) Concurrent weak roots 0.650ms
[20.097s][info][gc,start    ] GC(88) Concurrent cleanup
[20.097s][info][gc          ] GC(88) Concurrent cleanup 158M->34M(8192M) 0.024ms
[20.097s][info][gc,ergo     ] GC(88) Free: 7745M, Max: 4096K regular, 7552M humongous, Frag: 2% external, 0% internal; Reserve: 412M, Max: 4096K
[20.097s][info][gc,start    ] GC(88) Concurrent class unloading
[20.097s][info][gc,task     ] GC(88) Using 1 of 3 workers for concurrent class unloading
[20.099s][info][gc          ] GC(88) Concurrent class unloading 1.870ms
[20.099s][info][gc,start    ] GC(88) Pause Final Roots
[20.099s][info][gc          ] GC(88) Pause Final Roots 0.020ms
[20.099s][info][gc,ergo     ] Free: 7745M, Max: 4096K regular, 7552M humongous, Frag: 2% external, 0% internal; Reserve: 412M, Max: 4096K
[20.099s][info][gc,stats    ] 
[20.099s][info][gc,stats    ] All times are wall-clock times, except per-root-class counters, that are sum over
[20.099s][info][gc,stats    ] all workers. Dividing the <total> over the root stage time estimates parallelism.
[20.099s][info][gc,stats    ] 
[20.099s][info][gc,stats    ] Concurrent Reset                    444 us
[20.099s][info][gc,stats    ] Pause Init Mark (G)                 252 us
[20.099s][info][gc,stats    ] Pause Init Mark (N)                 156 us
[20.099s][info][gc,stats    ]   Update Region States               87 us
[20.099s][info][gc,stats    ] Concurrent Mark Roots               607 us, parallelism: 0.68x
[20.099s][info][gc,stats    ]   CMR: <total>                      411 us
[20.099s][info][gc,stats    ]   CMR: Thread Roots                 328 us, workers (us): 328, ---, ---, 
[20.099s][info][gc,stats    ]   CMR: VM Strong Roots                8 us, workers (us):   8, ---, ---, 
[20.099s][info][gc,stats    ]   CMR: CLDG Roots                    76 us, workers (us):  76, ---, ---, 
[20.099s][info][gc,stats    ] Concurrent Marking                20247 us
[20.099s][info][gc,stats    ] Pause Final Mark (G)                427 us
[20.099s][info][gc,stats    ] Pause Final Mark (N)                328 us
[20.099s][info][gc,stats    ]   Finish Mark                        91 us
[20.099s][info][gc,stats    ]   Update Region States               68 us
[20.099s][info][gc,stats    ]   Choose Collection Set              53 us
[20.099s][info][gc,stats    ]   Rebuild Free Set                   18 us
[20.099s][info][gc,stats    ] Concurrent Weak References          112 us, parallelism: 0.06x
[20.100s][info][gc,stats    ]   CWRF: <total>                       7 us
[20.100s][info][gc,stats    ]   CWRF: Weak References               7 us, workers (us):   7, ---, ---, 
[20.100s][info][gc,stats    ] Concurrent Weak Roots               668 us
[20.100s][info][gc,stats    ]   Roots                             572 us, parallelism: 0.88x
[20.100s][info][gc,stats    ]     CWR: <total>                    505 us
[20.100s][info][gc,stats    ]     CWR: Code Cache Roots           388 us, workers (us): 388, ---, ---, 
[20.100s][info][gc,stats    ]     CWR: VM Weak Roots              111 us, workers (us): 111, ---, ---, 
[20.100s][info][gc,stats    ]     CWR: CLDG Roots                   6 us, workers (us):   6, ---, ---, 
[20.100s][info][gc,stats    ]   Rendezvous                         62 us
[20.100s][info][gc,stats    ] Concurrent Cleanup                   33 us
[20.100s][info][gc,stats    ] Concurrent Class Unloading         1902 us
[20.100s][info][gc,stats    ]   Unlink Stale                     1700 us
[20.100s][info][gc,stats    ]     System Dictionary                 3 us
[20.100s][info][gc,stats    ]     Weak Class Links                  0 us
[20.100s][info][gc,stats    ]     Code Roots                     1696 us
[20.100s][info][gc,stats    ]   Rendezvous                         63 us
[20.100s][info][gc,stats    ]   Purge Unlinked                     90 us
[20.100s][info][gc,stats    ]     Code Roots                       85 us
[20.100s][info][gc,stats    ]     CLDG                              5 us
[20.100s][info][gc,stats    ]     Exception Caches                  0 us
[20.100s][info][gc,stats    ] Pause Final Roots (G)                78 us
[20.100s][info][gc,stats    ] Pause Final Roots (N)                28 us
[20.100s][info][gc,stats    ] 
[20.100s][info][gc,stats    ] Allocation pacing accrued:
[20.100s][info][gc,stats    ]       0 of   203 ms (  0.0%): <total>
[20.100s][info][gc,stats    ]       0 of   203 ms (  0.0%): <average total>
[20.100s][info][gc,stats    ] 
[20.100s][info][gc,metaspace] Metaspace: 12400K(12672K)->12400K(12672K) NonClass: 10744K(10880K)->10744K(10880K) Class: 1655K(1792K)->1655K(1792K)
[20.100s][info][gc,ergo     ] Pacer for Idle. Initial: 163M, Alloc Tax Rate: 1.0x
[20.278s][info][gc          ] Trigger: Explicit GC request (System.gc())
[20.278s][info][gc,ergo     ] Free: 7621M, Max: 4096K regular, 7548M humongous, Frag: 0% external, 0% internal; Reserve: 412M, Max: 4096K
[20.278s][info][gc,start    ] GC(89) Concurrent reset
[20.278s][info][gc,task     ] GC(89) Using 1 of 3 workers for concurrent reset
[20.278s][info][gc,ergo     ] GC(89) Pacer for Reset. Non-Taxable: 8192M
[20.279s][info][gc          ] GC(89) Concurrent reset 0.367ms
[20.279s][info][gc,start    ] GC(89) Pause Init Mark (unload classes)
[20.279s][info][gc,task     ] GC(89) Using 3 of 3 workers for init marking
[20.279s][info][gc,ref      ] GC(89) Clearing All SoftReferences
[20.279s][info][gc,ergo     ] GC(89) Pacer for Mark. Expected Live: 25380K, Free: 7621M, Non-Taxable: 762M, Alloc Tax Rate: 0.0x
[20.279s][info][gc          ] GC(89) Pause Init Mark (unload classes) 0.153ms
[20.279s][info][gc,start    ] GC(89) Concurrent marking roots
[20.279s][info][gc,task     ] GC(89) Using 1 of 3 workers for concurrent marking roots
[20.279s][info][gc          ] GC(89) Concurrent marking roots 0.421ms
[20.279s][info][gc,start    ] GC(89) Concurrent marking (unload classes)
[20.279s][info][gc,task     ] GC(89) Using 1 of 3 workers for concurrent marking
[20.299s][info][gc          ] GC(89) Concurrent marking (unload classes) 19.925ms
[20.299s][info][gc,start    ] GC(89) Pause Final Mark (unload classes)
[20.299s][info][gc,task     ] GC(89) Using 3 of 3 workers for final marking
[20.300s][info][gc,ergo     ] GC(89) Collectable Garbage: 124M (92%), Immediate: 124M (92%), CSet: 0B (0%)
[20.300s][info][gc          ] GC(89) Pause Final Mark (unload classes) 0.389ms
[20.300s][info][gc,start    ] GC(89) Concurrent weak references
[20.300s][info][gc,task     ] GC(89) Using 1 of 3 workers for concurrent weak references
[20.300s][info][gc,ref      ] GC(89) Encountered references: Soft: 154, Weak: 720, Final: 0, Phantom: 33
[20.300s][info][gc,ref      ] GC(89) Discovered  references: Soft: 96, Weak: 158, Final: 0, Phantom: 31
[20.300s][info][gc,ref      ] GC(89) Enqueued    references: Soft: 3, Weak: 0, Final: 0, Phantom: 0
[20.300s][info][gc          ] GC(89) Concurrent weak references 0.126ms
[20.300s][info][gc,start    ] GC(89) Concurrent weak roots
[20.300s][info][gc,task     ] GC(89) Using 1 of 3 workers for concurrent weak root
[20.301s][info][gc          ] GC(89) Concurrent weak roots 0.565ms
[20.301s][info][gc,start    ] GC(89) Concurrent cleanup
[20.301s][info][gc          ] GC(89) Concurrent cleanup 158M->34M(8192M) 0.022ms
[20.301s][info][gc,ergo     ] GC(89) Free: 7745M, Max: 4096K regular, 7548M humongous, Frag: 2% external, 0% internal; Reserve: 412M, Max: 4096K
[20.301s][info][gc,start    ] GC(89) Concurrent class unloading
[20.301s][info][gc,task     ] GC(89) Using 1 of 3 workers for concurrent class unloading
[20.303s][info][gc          ] GC(89) Concurrent class unloading 2.042ms
[20.303s][info][gc,start    ] GC(89) Pause Final Roots
[20.303s][info][gc          ] GC(89) Pause Final Roots 0.020ms
[20.303s][info][gc,ergo     ] Free: 7745M, Max: 4096K regular, 7548M humongous, Frag: 2% external, 0% internal; Reserve: 412M, Max: 4096K
[20.303s][info][gc,stats    ] 
[20.303s][info][gc,stats    ] All times are wall-clock times, except per-root-class counters, that are sum over
[20.303s][info][gc,stats    ] all workers. Dividing the <total> over the root stage time estimates parallelism.
[20.303s][info][gc,stats    ] 
[20.303s][info][gc,stats    ] Concurrent Reset                    405 us
[20.303s][info][gc,stats    ] Pause Init Mark (G)                 253 us
[20.303s][info][gc,stats    ] Pause Init Mark (N)                 161 us
[20.303s][info][gc,stats    ]   Update Region States               69 us
[20.303s][info][gc,stats    ] Concurrent Mark Roots               444 us, parallelism: 0.74x
[20.303s][info][gc,stats    ]   CMR: <total>                      327 us
[20.303s][info][gc,stats    ]   CMR: Thread Roots                 285 us, workers (us): 285, ---, ---, 
[20.303s][info][gc,stats    ]   CMR: VM Strong Roots                5 us, workers (us):   5, ---, ---, 
[20.303s][info][gc,stats    ]   CMR: CLDG Roots                    37 us, workers (us):  37, ---, ---, 
[20.303s][info][gc,stats    ] Concurrent Marking                19990 us
[20.303s][info][gc,stats    ] Pause Final Mark (G)                530 us
[20.303s][info][gc,stats    ] Pause Final Mark (N)                414 us
[20.303s][info][gc,stats    ]   Finish Mark                       129 us
[20.303s][info][gc,stats    ]   Update Region States               75 us
[20.303s][info][gc,stats    ]   Choose Collection Set              73 us
[20.303s][info][gc,stats    ]   Rebuild Free Set                   21 us
[20.303s][info][gc,stats    ] Concurrent Weak References          133 us, parallelism: 0.06x
[20.303s][info][gc,stats    ]   CWRF: <total>                       7 us
[20.303s][info][gc,stats    ]   CWRF: Weak References               7 us, workers (us):   7, ---, ---, 
[20.303s][info][gc,stats    ] Concurrent Weak Roots               584 us
[20.303s][info][gc,stats    ]   Roots                             435 us, parallelism: 0.88x
[20.303s][info][gc,stats    ]     CWR: <total>                    383 us
[20.303s][info][gc,stats    ]     CWR: Code Cache Roots           317 us, workers (us): 317, ---, ---, 
[20.303s][info][gc,stats    ]     CWR: VM Weak Roots               60 us, workers (us):  60, ---, ---, 
[20.303s][info][gc,stats    ]     CWR: CLDG Roots                   5 us, workers (us):   5, ---, ---, 
[20.303s][info][gc,stats    ]   Rendezvous                        114 us
[20.303s][info][gc,stats    ] Concurrent Cleanup                   30 us
[20.303s][info][gc,stats    ] Concurrent Class Unloading         2090 us
[20.303s][info][gc,stats    ]   Unlink Stale                     1736 us
[20.303s][info][gc,stats    ]     System Dictionary                 3 us
[20.303s][info][gc,stats    ]     Weak Class Links                  0 us
[20.303s][info][gc,stats    ]     Code Roots                     1731 us
[20.303s][info][gc,stats    ]   Rendezvous                        167 us
[20.303s][info][gc,stats    ]   Purge Unlinked                    120 us
[20.303s][info][gc,stats    ]     Code Roots                      111 us
[20.303s][info][gc,stats    ]     CLDG                              8 us
[20.303s][info][gc,stats    ]     Exception Caches                  0 us
[20.303s][info][gc,stats    ] Pause Final Roots (G)                96 us
[20.303s][info][gc,stats    ] Pause Final Roots (N)                28 us
[20.303s][info][gc,stats    ] 
[20.303s][info][gc,stats    ] Allocation pacing accrued:
[20.303s][info][gc,stats    ]       0 of   203 ms (  0.0%): <total>
[20.303s][info][gc,stats    ]       0 of   203 ms (  0.0%): <average total>
[20.303s][info][gc,stats    ] 
[20.303s][info][gc,metaspace] Metaspace: 12400K(12672K)->12400K(12672K) NonClass: 10744K(10880K)->10744K(10880K) Class: 1655K(1792K)->1655K(1792K)
[20.303s][info][gc,ergo     ] Pacer for Idle. Initial: 163M, Alloc Tax Rate: 1.0x
[20.482s][info][gc          ] Trigger: Explicit GC request (System.gc())
[20.483s][info][gc,ergo     ] Free: 7621M, Max: 4096K regular, 7548M humongous, Frag: 0% external, 0% internal; Reserve: 412M, Max: 4096K
[20.483s][info][gc,start    ] GC(90) Concurrent reset
[20.483s][info][gc,task     ] GC(90) Using 1 of 3 workers for concurrent reset
[20.483s][info][gc,ergo     ] GC(90) Pacer for Reset. Non-Taxable: 8192M
[20.483s][info][gc          ] GC(90) Concurrent reset 0.290ms
[20.483s][info][gc,start    ] GC(90) Pause Init Mark (unload classes)
[20.483s][info][gc,task     ] GC(90) Using 3 of 3 workers for init marking
[20.483s][info][gc,ref      ] GC(90) Clearing All SoftReferences
[20.483s][info][gc,ergo     ] GC(90) Pacer for Mark. Expected Live: 25380K, Free: 7621M, Non-Taxable: 762M, Alloc Tax Rate: 0.0x
[20.483s][info][gc          ] GC(90) Pause Init Mark (unload classes) 0.130ms
[20.483s][info][gc,start    ] GC(90) Concurrent marking roots
[20.483s][info][gc,task     ] GC(90) Using 1 of 3 workers for concurrent marking roots
[20.484s][info][gc          ] GC(90) Concurrent marking roots 0.436ms
[20.484s][info][gc,start    ] GC(90) Concurrent marking (unload classes)
[20.484s][info][gc,task     ] GC(90) Using 1 of 3 workers for concurrent marking
[20.503s][info][gc          ] GC(90) Concurrent marking (unload classes) 19.805ms
[20.504s][info][gc,start    ] GC(90) Pause Final Mark (unload classes)
[20.504s][info][gc,task     ] GC(90) Using 3 of 3 workers for final marking
[20.504s][info][gc,ergo     ] GC(90) Collectable Garbage: 123M (92%), Immediate: 123M (92%), CSet: 0B (0%)
[20.504s][info][gc          ] GC(90) Pause Final Mark (unload classes) 0.378ms
[20.504s][info][gc,start    ] GC(90) Concurrent weak references
[20.504s][info][gc,task     ] GC(90) Using 1 of 3 workers for concurrent weak references
[20.504s][info][gc,ref      ] GC(90) Encountered references: Soft: 154, Weak: 720, Final: 0, Phantom: 33
[20.504s][info][gc,ref      ] GC(90) Discovered  references: Soft: 96, Weak: 158, Final: 0, Phantom: 31
[20.504s][info][gc,ref      ] GC(90) Enqueued    references: Soft: 3, Weak: 0, Final: 0, Phantom: 0
[20.504s][info][gc          ] GC(90) Concurrent weak references 0.170ms
[20.504s][info][gc,start    ] GC(90) Concurrent weak roots
[20.504s][info][gc,task     ] GC(90) Using 1 of 3 workers for concurrent weak root
[20.505s][info][gc          ] GC(90) Concurrent weak roots 0.583ms
[20.505s][info][gc,start    ] GC(90) Concurrent cleanup
[20.505s][info][gc          ] GC(90) Concurrent cleanup 158M->34M(8192M) 0.024ms
[20.505s][info][gc,ergo     ] GC(90) Free: 7745M, Max: 4096K regular, 7552M humongous, Frag: 2% external, 0% internal; Reserve: 412M, Max: 4096K
[20.505s][info][gc,start    ] GC(90) Concurrent class unloading
[20.505s][info][gc,task     ] GC(90) Using 1 of 3 workers for concurrent class unloading
[20.507s][info][gc          ] GC(90) Concurrent class unloading 2.385ms
[20.507s][info][gc,start    ] GC(90) Pause Final Roots
[20.507s][info][gc          ] GC(90) Pause Final Roots 0.052ms
[20.508s][info][gc,ergo     ] Free: 7745M, Max: 4096K regular, 7552M humongous, Frag: 2% external, 0% internal; Reserve: 412M, Max: 4096K
[20.508s][info][gc,stats    ] 
[20.508s][info][gc,stats    ] All times are wall-clock times, except per-root-class counters, that are sum over
[20.508s][info][gc,stats    ] all workers. Dividing the <total> over the root stage time estimates parallelism.
[20.508s][info][gc,stats    ] 
[20.508s][info][gc,stats    ] Concurrent Reset                    346 us
[20.508s][info][gc,stats    ] Pause Init Mark (G)                 221 us
[20.508s][info][gc,stats    ] Pause Init Mark (N)                 138 us
[20.508s][info][gc,stats    ]   Update Region States               66 us
[20.508s][info][gc,stats    ] Concurrent Mark Roots               458 us, parallelism: 0.70x
[20.508s][info][gc,stats    ]   CMR: <total>                      322 us
[20.508s][info][gc,stats    ]   CMR: Thread Roots                 283 us, workers (us): 283, ---, ---, 
[20.508s][info][gc,stats    ]   CMR: VM Strong Roots                4 us, workers (us):   4, ---, ---, 
[20.508s][info][gc,stats    ]   CMR: CLDG Roots                    34 us, workers (us):  34, ---, ---, 
[20.508s][info][gc,stats    ] Concurrent Marking                19872 us
[20.508s][info][gc,stats    ] Pause Final Mark (G)                533 us
[20.508s][info][gc,stats    ] Pause Final Mark (N)                410 us
[20.508s][info][gc,stats    ]   Finish Mark                        92 us
[20.508s][info][gc,stats    ]   Update Region States               97 us
[20.508s][info][gc,stats    ]   Choose Collection Set              80 us
[20.508s][info][gc,stats    ]   Rebuild Free Set                   21 us
[20.508s][info][gc,stats    ] Concurrent Weak References          186 us, parallelism: 0.03x
[20.508s][info][gc,stats    ]   CWRF: <total>                       6 us
[20.508s][info][gc,stats    ]   CWRF: Weak References               6 us, workers (us):   6, ---, ---, 
[20.508s][info][gc,stats    ] Concurrent Weak Roots               602 us
[20.508s][info][gc,stats    ]   Roots                             437 us, parallelism: 0.88x
[20.508s][info][gc,stats    ]     CWR: <total>                    383 us
[20.508s][info][gc,stats    ]     CWR: Code Cache Roots           315 us, workers (us): 315, ---, ---, 
[20.508s][info][gc,stats    ]     CWR: VM Weak Roots               64 us, workers (us):  64, ---, ---, 
[20.508s][info][gc,stats    ]     CWR: CLDG Roots                   5 us, workers (us):   5, ---, ---, 
[20.508s][info][gc,stats    ]   Rendezvous                        114 us
[20.508s][info][gc,stats    ] Concurrent Cleanup                   32 us
[20.508s][info][gc,stats    ] Concurrent Class Unloading         2448 us
[20.508s][info][gc,stats    ]   Unlink Stale                     2177 us
[20.508s][info][gc,stats    ]     System Dictionary                 3 us
[20.508s][info][gc,stats    ]     Weak Class Links                  0 us
[20.508s][info][gc,stats    ]     Code Roots                     2173 us
[20.508s][info][gc,stats    ]   Rendezvous                         65 us
[20.508s][info][gc,stats    ]   Purge Unlinked                    126 us
[20.508s][info][gc,stats    ]     Code Roots                      120 us
[20.508s][info][gc,stats    ]     CLDG                              5 us
[20.508s][info][gc,stats    ]     Exception Caches                  0 us
[20.508s][info][gc,stats    ] Pause Final Roots (G)               191 us
[20.508s][info][gc,stats    ] Pause Final Roots (N)                75 us
[20.508s][info][gc,stats    ] 
[20.508s][info][gc,stats    ] Allocation pacing accrued:
[20.508s][info][gc,stats    ]       0 of   205 ms (  0.0%): <total>
[20.508s][info][gc,stats    ]       0 of   205 ms (  0.0%): <average total>
[20.508s][info][gc,stats    ] 
[20.508s][info][gc,metaspace] Metaspace: 12400K(12672K)->12400K(12672K) NonClass: 10744K(10880K)->10744K(10880K) Class: 1655K(1792K)->1655K(1792K)
[20.508s][info][gc,ergo     ] Pacer for Idle. Initial: 163M, Alloc Tax Rate: 1.0x
[20.687s][info][gc          ] Trigger: Explicit GC request (System.gc())
[20.687s][info][gc,ergo     ] Free: 7621M, Max: 4096K regular, 7548M humongous, Frag: 0% external, 0% internal; Reserve: 412M, Max: 4096K
[20.687s][info][gc,start    ] GC(91) Concurrent reset
[20.687s][info][gc,task     ] GC(91) Using 1 of 3 workers for concurrent reset
[20.687s][info][gc,ergo     ] GC(91) Pacer for Reset. Non-Taxable: 8192M
[20.687s][info][gc          ] GC(91) Concurrent reset 0.243ms
[20.687s][info][gc,start    ] GC(91) Pause Init Mark (unload classes)
[20.687s][info][gc,task     ] GC(91) Using 3 of 3 workers for init marking
[20.687s][info][gc,ref      ] GC(91) Clearing All SoftReferences
[20.687s][info][gc,ergo     ] GC(91) Pacer for Mark. Expected Live: 25380K, Free: 7621M, Non-Taxable: 762M, Alloc Tax Rate: 0.0x
[20.687s][info][gc          ] GC(91) Pause Init Mark (unload classes) 0.145ms
[20.687s][info][gc,start    ] GC(91) Concurrent marking roots
[20.687s][info][gc,task     ] GC(91) Using 1 of 3 workers for concurrent marking roots
[20.688s][info][gc          ] GC(91) Concurrent marking roots 0.437ms
[20.688s][info][gc,start    ] GC(91) Concurrent marking (unload classes)
[20.688s][info][gc,task     ] GC(91) Using 1 of 3 workers for concurrent marking
[20.708s][info][gc          ] GC(91) Concurrent marking (unload classes) 19.890ms
[20.708s][info][gc,start    ] GC(91) Pause Final Mark (unload classes)
[20.708s][info][gc,task     ] GC(91) Using 3 of 3 workers for final marking
[20.708s][info][gc,ergo     ] GC(91) Collectable Garbage: 124M (92%), Immediate: 124M (92%), CSet: 0B (0%)
[20.708s][info][gc          ] GC(91) Pause Final Mark (unload classes) 0.464ms
[20.708s][info][gc,start    ] GC(91) Concurrent weak references
[20.708s][info][gc,task     ] GC(91) Using 1 of 3 workers for concurrent weak references
[20.708s][info][gc,ref      ] GC(91) Encountered references: Soft: 154, Weak: 720, Final: 0, Phantom: 33
[20.708s][info][gc,ref      ] GC(91) Discovered  references: Soft: 96, Weak: 158, Final: 0, Phantom: 31
[20.708s][info][gc,ref      ] GC(91) Enqueued    references: Soft: 3, Weak: 0, Final: 0, Phantom: 0
[20.709s][info][gc          ] GC(91) Concurrent weak references 0.169ms
[20.709s][info][gc,start    ] GC(91) Concurrent weak roots
[20.709s][info][gc,task     ] GC(91) Using 1 of 3 workers for concurrent weak root
[20.709s][info][gc          ] GC(91) Concurrent weak roots 0.562ms
[20.709s][info][gc,start    ] GC(91) Concurrent cleanup
[20.709s][info][gc          ] GC(91) Concurrent cleanup 158M->34M(8192M) 0.028ms
[20.709s][info][gc,ergo     ] GC(91) Free: 7745M, Max: 4096K regular, 7548M humongous, Frag: 2% external, 0% internal; Reserve: 412M, Max: 4096K
[20.709s][info][gc,start    ] GC(91) Concurrent class unloading
[20.709s][info][gc,task     ] GC(91) Using 1 of 3 workers for concurrent class unloading
[20.712s][info][gc          ] GC(91) Concurrent class unloading 2.490ms
[20.712s][info][gc,start    ] GC(91) Pause Final Roots
[20.712s][info][gc          ] GC(91) Pause Final Roots 0.021ms
[20.712s][info][gc,ergo     ] Free: 7745M, Max: 4096K regular, 7548M humongous, Frag: 2% external, 0% internal; Reserve: 412M, Max: 4096K
[20.712s][info][gc,stats    ] 
[20.712s][info][gc,stats    ] All times are wall-clock times, except per-root-class counters, that are sum over
[20.712s][info][gc,stats    ] all workers. Dividing the <total> over the root stage time estimates parallelism.
[20.712s][info][gc,stats    ] 
[20.712s][info][gc,stats    ] Concurrent Reset                    284 us
[20.712s][info][gc,stats    ] Pause Init Mark (G)                 235 us
[20.712s][info][gc,stats    ] Pause Init Mark (N)                 154 us
[20.712s][info][gc,stats    ]   Update Region States               64 us
[20.712s][info][gc,stats    ] Concurrent Mark Roots               456 us, parallelism: 0.72x
[20.712s][info][gc,stats    ]   CMR: <total>                      330 us
[20.712s][info][gc,stats    ]   CMR: Thread Roots                 290 us, workers (us): 290, ---, ---, 
[20.712s][info][gc,stats    ]   CMR: VM Strong Roots                4 us, workers (us):   4, ---, ---, 
[20.712s][info][gc,stats    ]   CMR: CLDG Roots                    35 us, workers (us):  35, ---, ---, 
[20.712s][info][gc,stats    ] Concurrent Marking                19956 us
[20.712s][info][gc,stats    ] Pause Final Mark (G)                614 us
[20.712s][info][gc,stats    ] Pause Final Mark (N)                489 us
[20.712s][info][gc,stats    ]   Finish Mark                       159 us
[20.712s][info][gc,stats    ]   Update Region States              122 us
[20.712s][info][gc,stats    ]   Choose Collection Set              75 us
[20.712s][info][gc,stats    ]   Rebuild Free Set                   21 us
[20.712s][info][gc,stats    ] Concurrent Weak References          185 us, parallelism: 0.06x
[20.712s][info][gc,stats    ]   CWRF: <total>                      11 us
[20.712s][info][gc,stats    ]   CWRF: Weak References              11 us, workers (us):  11, ---, ---, 
[20.712s][info][gc,stats    ] Concurrent Weak Roots               608 us
[20.712s][info][gc,stats    ]   Roots                             463 us, parallelism: 0.88x
[20.712s][info][gc,stats    ]     CWR: <total>                    409 us
[20.712s][info][gc,stats    ]     CWR: Code Cache Roots           337 us, workers (us): 337, ---, ---, 
[20.712s][info][gc,stats    ]     CWR: VM Weak Roots               65 us, workers (us):  65, ---, ---, 
[20.712s][info][gc,stats    ]     CWR: CLDG Roots                   6 us, workers (us):   6, ---, ---, 
[20.712s][info][gc,stats    ]   Rendezvous                         65 us
[20.712s][info][gc,stats    ] Concurrent Cleanup                   42 us
[20.712s][info][gc,stats    ] Concurrent Class Unloading         2543 us
[20.712s][info][gc,stats    ]   Unlink Stale                     2106 us
[20.712s][info][gc,stats    ]     System Dictionary                10 us
[20.712s][info][gc,stats    ]     Weak Class Links                  0 us
[20.712s][info][gc,stats    ]     Code Roots                     2095 us
[20.712s][info][gc,stats    ]   Rendezvous                        260 us
[20.712s][info][gc,stats    ]   Purge Unlinked                    104 us
[20.713s][info][gc,stats    ]     Code Roots                       95 us
[20.713s][info][gc,stats    ]     CLDG                              9 us
[20.713s][info][gc,stats    ]     Exception Caches                  0 us
[20.713s][info][gc,stats    ] Pause Final Roots (G)                98 us
[20.713s][info][gc,stats    ] Pause Final Roots (N)                29 us
[20.713s][info][gc,stats    ] 
[20.713s][info][gc,stats    ] Allocation pacing accrued:
[20.713s][info][gc,stats    ]       0 of   204 ms (  0.0%): <total>
[20.713s][info][gc,stats    ]       0 of   204 ms (  0.0%): <average total>
[20.713s][info][gc,stats    ] 
[20.713s][info][gc,metaspace] Metaspace: 12400K(12672K)->12401K(12672K) NonClass: 10744K(10880K)->10745K(10880K) Class: 1655K(1792K)->1655K(1792K)
[20.713s][info][gc,ergo     ] Pacer for Idle. Initial: 163M, Alloc Tax Rate: 1.0x
[20.906s][info][gc          ] Trigger: Explicit GC request (System.gc())
[20.906s][info][gc,ergo     ] Free: 7621M, Max: 4096K regular, 7548M humongous, Frag: 0% external, 0% internal; Reserve: 412M, Max: 4096K
[20.906s][info][gc,start    ] GC(92) Concurrent reset
[20.906s][info][gc,task     ] GC(92) Using 1 of 3 workers for concurrent reset
[20.906s][info][gc,ergo     ] GC(92) Pacer for Reset. Non-Taxable: 8192M
[20.907s][info][gc          ] GC(92) Concurrent reset 0.296ms
[20.907s][info][gc,start    ] GC(92) Pause Init Mark (unload classes)
[20.907s][info][gc,task     ] GC(92) Using 3 of 3 workers for init marking
[20.907s][info][gc,ref      ] GC(92) Clearing All SoftReferences
[20.907s][info][gc,ergo     ] GC(92) Pacer for Mark. Expected Live: 25380K, Free: 7621M, Non-Taxable: 762M, Alloc Tax Rate: 0.0x
[20.907s][info][gc          ] GC(92) Pause Init Mark (unload classes) 0.179ms
[20.907s][info][gc,start    ] GC(92) Concurrent marking roots
[20.907s][info][gc,task     ] GC(92) Using 1 of 3 workers for concurrent marking roots
[20.907s][info][gc          ] GC(92) Concurrent marking roots 0.484ms
[20.907s][info][gc,start    ] GC(92) Concurrent marking (unload classes)
[20.907s][info][gc,task     ] GC(92) Using 1 of 3 workers for concurrent marking
[20.927s][info][gc          ] GC(92) Concurrent marking (unload classes) 19.895ms
[20.927s][info][gc,start    ] GC(92) Pause Final Mark (unload classes)
[20.928s][info][gc,task     ] GC(92) Using 3 of 3 workers for final marking
[20.928s][info][gc,ergo     ] GC(92) Collectable Garbage: 123M (92%), Immediate: 123M (92%), CSet: 0B (0%)
[20.928s][info][gc          ] GC(92) Pause Final Mark (unload classes) 0.587ms
[20.928s][info][gc,start    ] GC(92) Concurrent weak references
[20.928s][info][gc,task     ] GC(92) Using 1 of 3 workers for concurrent weak references
[20.928s][info][gc,ref      ] GC(92) Encountered references: Soft: 154, Weak: 720, Final: 0, Phantom: 33
[20.928s][info][gc,ref      ] GC(92) Discovered  references: Soft: 96, Weak: 158, Final: 0, Phantom: 31
[20.928s][info][gc,ref      ] GC(92) Enqueued    references: Soft: 3, Weak: 0, Final: 0, Phantom: 0
[20.928s][info][gc          ] GC(92) Concurrent weak references 0.155ms
[20.928s][info][gc,start    ] GC(92) Concurrent weak roots
[20.928s][info][gc,task     ] GC(92) Using 1 of 3 workers for concurrent weak root
[20.929s][info][gc          ] GC(92) Concurrent weak roots 0.560ms
[20.929s][info][gc,start    ] GC(92) Concurrent cleanup
[20.929s][info][gc          ] GC(92) Concurrent cleanup 158M->34M(8192M) 0.024ms
[20.929s][info][gc,ergo     ] GC(92) Free: 7745M, Max: 4096K regular, 7552M humongous, Frag: 2% external, 0% internal; Reserve: 412M, Max: 4096K
[20.929s][info][gc,start    ] GC(92) Concurrent class unloading
[20.929s][info][gc,task     ] GC(92) Using 1 of 3 workers for concurrent class unloading
[20.931s][info][gc          ] GC(92) Concurrent class unloading 2.459ms
[20.931s][info][gc,start    ] GC(92) Pause Final Roots
[20.932s][info][gc          ] GC(92) Pause Final Roots 0.052ms
[20.932s][info][gc,ergo     ] Free: 7745M, Max: 4096K regular, 7552M humongous, Frag: 2% external, 0% internal; Reserve: 412M, Max: 4096K
[20.932s][info][gc,stats    ] 
[20.932s][info][gc,stats    ] All times are wall-clock times, except per-root-class counters, that are sum over
[20.932s][info][gc,stats    ] all workers. Dividing the <total> over the root stage time estimates parallelism.
[20.932s][info][gc,stats    ] 
[20.932s][info][gc,stats    ] Concurrent Reset                    318 us
[20.932s][info][gc,stats    ] Pause Init Mark (G)                 259 us
[20.932s][info][gc,stats    ] Pause Init Mark (N)                 186 us
[20.932s][info][gc,stats    ]   Update Region States               86 us
[20.932s][info][gc,stats    ] Concurrent Mark Roots               512 us, parallelism: 0.62x
[20.932s][info][gc,stats    ]   CMR: <total>                      317 us
[20.932s][info][gc,stats    ]   CMR: Thread Roots                 278 us, workers (us): 278, ---, ---, 
[20.932s][info][gc,stats    ]   CMR: VM Strong Roots                5 us, workers (us):   5, ---, ---, 
[20.932s][info][gc,stats    ]   CMR: CLDG Roots                    34 us, workers (us):  34, ---, ---, 
[20.932s][info][gc,stats    ] Concurrent Marking                19947 us
[20.932s][info][gc,stats    ] Pause Final Mark (G)                715 us
[20.932s][info][gc,stats    ] Pause Final Mark (N)                612 us
[20.932s][info][gc,stats    ]   Finish Mark                       325 us
[20.932s][info][gc,stats    ]   Update Region States               80 us
[20.932s][info][gc,stats    ]   Choose Collection Set              72 us
[20.932s][info][gc,stats    ]   Rebuild Free Set                   21 us
[20.932s][info][gc,stats    ] Concurrent Weak References          163 us, parallelism: 0.07x
[20.932s][info][gc,stats    ]   CWRF: <total>                      12 us
[20.932s][info][gc,stats    ]   CWRF: Weak References              12 us, workers (us):  12, ---, ---, 
[20.932s][info][gc,stats    ] Concurrent Weak Roots               580 us
[20.932s][info][gc,stats    ]   Roots                             441 us, parallelism: 0.88x
[20.932s][info][gc,stats    ]     CWR: <total>                    389 us
[20.932s][info][gc,stats    ]     CWR: Code Cache Roots           322 us, workers (us): 322, ---, ---, 
[20.932s][info][gc,stats    ]     CWR: VM Weak Roots               60 us, workers (us):  60, ---, ---, 
[20.932s][info][gc,stats    ]     CWR: CLDG Roots                   6 us, workers (us):   6, ---, ---, 
[20.932s][info][gc,stats    ]   Rendezvous                        103 us
[20.932s][info][gc,stats    ] Concurrent Cleanup                   32 us
[20.932s][info][gc,stats    ] Concurrent Class Unloading         2511 us
[20.932s][info][gc,stats    ]   Unlink Stale                     2125 us
[20.932s][info][gc,stats    ]     System Dictionary                 3 us
[20.932s][info][gc,stats    ]     Weak Class Links                  0 us
[20.932s][info][gc,stats    ]     Code Roots                     2121 us
[20.932s][info][gc,stats    ]   Rendezvous                        154 us
[20.932s][info][gc,stats    ]   Purge Unlinked                    162 us
[20.932s][info][gc,stats    ]     Code Roots                      152 us
[20.932s][info][gc,stats    ]     CLDG                              9 us
[20.932s][info][gc,stats    ]     Exception Caches                  0 us
[20.932s][info][gc,stats    ] Pause Final Roots (G)               190 us
[20.932s][info][gc,stats    ] Pause Final Roots (N)                74 us
[20.932s][info][gc,stats    ] 
[20.932s][info][gc,stats    ] Allocation pacing accrued:
[20.932s][info][gc,stats    ]       0 of   220 ms (  0.0%): <total>
[20.932s][info][gc,stats    ]       0 of   220 ms (  0.0%): <average total>
[20.932s][info][gc,stats    ] 
[20.932s][info][gc,metaspace] Metaspace: 12401K(12672K)->12401K(12672K) NonClass: 10745K(10880K)->10745K(10880K) Class: 1655K(1792K)->1655K(1792K)
[20.932s][info][gc,ergo     ] Pacer for Idle. Initial: 163M, Alloc Tax Rate: 1.0x
[21.126s][info][gc          ] Trigger: Explicit GC request (System.gc())
[21.126s][info][gc,ergo     ] Free: 7621M, Max: 4096K regular, 7548M humongous, Frag: 0% external, 0% internal; Reserve: 412M, Max: 4096K
[21.128s][info][gc,start    ] GC(93) Concurrent reset
[21.128s][info][gc,task     ] GC(93) Using 1 of 3 workers for concurrent reset
[21.128s][info][gc,ergo     ] GC(93) Pacer for Reset. Non-Taxable: 8192M
[21.129s][info][gc          ] GC(93) Concurrent reset 0.321ms
[21.129s][info][gc,start    ] GC(93) Pause Init Mark (unload classes)
[21.129s][info][gc,task     ] GC(93) Using 3 of 3 workers for init marking
[21.129s][info][gc,ref      ] GC(93) Clearing All SoftReferences
[21.129s][info][gc,ergo     ] GC(93) Pacer for Mark. Expected Live: 25380K, Free: 7621M, Non-Taxable: 762M, Alloc Tax Rate: 0.0x
[21.129s][info][gc          ] GC(93) Pause Init Mark (unload classes) 0.132ms
[21.129s][info][gc,start    ] GC(93) Concurrent marking roots
[21.129s][info][gc,task     ] GC(93) Using 1 of 3 workers for concurrent marking roots
[21.130s][info][gc          ] GC(93) Concurrent marking roots 0.728ms
[21.130s][info][gc,start    ] GC(93) Concurrent marking (unload classes)
[21.130s][info][gc,task     ] GC(93) Using 1 of 3 workers for concurrent marking
[21.149s][info][gc          ] GC(93) Concurrent marking (unload classes) 19.664ms
[21.149s][info][gc,start    ] GC(93) Pause Final Mark (unload classes)
[21.149s][info][gc,task     ] GC(93) Using 3 of 3 workers for final marking
[21.150s][info][gc,ergo     ] GC(93) Collectable Garbage: 124M (92%), Immediate: 124M (92%), CSet: 0B (0%)
[21.150s][info][gc          ] GC(93) Pause Final Mark (unload classes) 0.373ms
[21.150s][info][gc,start    ] GC(93) Concurrent weak references
[21.150s][info][gc,task     ] GC(93) Using 1 of 3 workers for concurrent weak references
[21.150s][info][gc,ref      ] GC(93) Encountered references: Soft: 154, Weak: 720, Final: 0, Phantom: 33
[21.150s][info][gc,ref      ] GC(93) Discovered  references: Soft: 96, Weak: 158, Final: 0, Phantom: 31
[21.150s][info][gc,ref      ] GC(93) Enqueued    references: Soft: 3, Weak: 0, Final: 0, Phantom: 0
[21.150s][info][gc          ] GC(93) Concurrent weak references 0.157ms
[21.150s][info][gc,start    ] GC(93) Concurrent weak roots
[21.150s][info][gc,task     ] GC(93) Using 1 of 3 workers for concurrent weak root
[21.151s][info][gc          ] GC(93) Concurrent weak roots 0.575ms
[21.151s][info][gc,start    ] GC(93) Concurrent cleanup
[21.151s][info][gc          ] GC(93) Concurrent cleanup 158M->34M(8192M) 0.023ms
[21.151s][info][gc,ergo     ] GC(93) Free: 7745M, Max: 4096K regular, 7548M humongous, Frag: 2% external, 0% internal; Reserve: 412M, Max: 4096K
[21.151s][info][gc,start    ] GC(93) Concurrent class unloading
[21.151s][info][gc,task     ] GC(93) Using 1 of 3 workers for concurrent class unloading
[21.153s][info][gc          ] GC(93) Concurrent class unloading 2.418ms
[21.153s][info][gc,start    ] GC(93) Pause Final Roots
[21.153s][info][gc          ] GC(93) Pause Final Roots 0.052ms
[21.153s][info][gc,ergo     ] Free: 7745M, Max: 4096K regular, 7548M humongous, Frag: 2% external, 0% internal; Reserve: 412M, Max: 4096K
[21.153s][info][gc,stats    ] 
[21.153s][info][gc,stats    ] All times are wall-clock times, except per-root-class counters, that are sum over
[21.153s][info][gc,stats    ] all workers. Dividing the <total> over the root stage time estimates parallelism.
[21.153s][info][gc,stats    ] 
[21.153s][info][gc,stats    ] Concurrent Reset                    363 us
[21.153s][info][gc,stats    ] Pause Init Mark (G)                 230 us
[21.153s][info][gc,stats    ] Pause Init Mark (N)                 140 us
[21.154s][info][gc,stats    ]   Update Region States               50 us
[21.154s][info][gc,stats    ] Concurrent Mark Roots               746 us, parallelism: 0.83x
[21.154s][info][gc,stats    ]   CMR: <total>                      619 us
[21.154s][info][gc,stats    ]   CMR: Thread Roots                 554 us, workers (us): 554, ---, ---, 
[21.154s][info][gc,stats    ]   CMR: VM Strong Roots                5 us, workers (us):   5, ---, ---, 
[21.154s][info][gc,stats    ]   CMR: CLDG Roots                    60 us, workers (us):  60, ---, ---, 
[21.154s][info][gc,stats    ] Concurrent Marking                19730 us
[21.154s][info][gc,stats    ] Pause Final Mark (G)                519 us
[21.154s][info][gc,stats    ] Pause Final Mark (N)                399 us
[21.154s][info][gc,stats    ]   Finish Mark                        93 us
[21.154s][info][gc,stats    ]   Update Region States               95 us
[21.154s][info][gc,stats    ]   Choose Collection Set              75 us
[21.154s][info][gc,stats    ]   Rebuild Free Set                   21 us
[21.154s][info][gc,stats    ] Concurrent Weak References          173 us, parallelism: 0.06x
[21.154s][info][gc,stats    ]   CWRF: <total>                      11 us
[21.154s][info][gc,stats    ]   CWRF: Weak References              11 us, workers (us):  11, ---, ---, 
[21.154s][info][gc,stats    ] Concurrent Weak Roots               595 us
[21.154s][info][gc,stats    ]   Roots                             443 us, parallelism: 0.87x
[21.154s][info][gc,stats    ]     CWR: <total>                    385 us
[21.154s][info][gc,stats    ]     CWR: Code Cache Roots           318 us, workers (us): 318, ---, ---, 
[21.154s][info][gc,stats    ]     CWR: VM Weak Roots               62 us, workers (us):  62, ---, ---, 
[21.154s][info][gc,stats    ]     CWR: CLDG Roots                   6 us, workers (us):   6, ---, ---, 
[21.154s][info][gc,stats    ]   Rendezvous                        101 us
[21.154s][info][gc,stats    ] Concurrent Cleanup                   31 us
[21.154s][info][gc,stats    ] Concurrent Class Unloading         2469 us
[21.154s][info][gc,stats    ]   Unlink Stale                     2051 us
[21.154s][info][gc,stats    ]     System Dictionary                 3 us
[21.154s][info][gc,stats    ]     Weak Class Links                  0 us
[21.154s][info][gc,stats    ]     Code Roots                     2047 us
[21.154s][info][gc,stats    ]   Rendezvous                        246 us
[21.154s][info][gc,stats    ]   Purge Unlinked                    103 us
[21.154s][info][gc,stats    ]     Code Roots                       93 us
[21.154s][info][gc,stats    ]     CLDG                             10 us
[21.154s][info][gc,stats    ]     Exception Caches                  0 us
[21.154s][info][gc,stats    ] Pause Final Roots (G)               186 us
[21.154s][info][gc,stats    ] Pause Final Roots (N)                75 us
[21.154s][info][gc,stats    ] 
[21.154s][info][gc,stats    ] Allocation pacing accrued:
[21.154s][info][gc,stats    ]       0 of   222 ms (  0.0%): <total>
[21.154s][info][gc,stats    ]       0 of   222 ms (  0.0%): <average total>
[21.154s][info][gc,stats    ] 
[21.154s][info][gc,metaspace] Metaspace: 12402K(12672K)->12402K(12672K) NonClass: 10747K(10880K)->10747K(10880K) Class: 1655K(1792K)->1655K(1792K)
[21.154s][info][gc,ergo     ] Pacer for Idle. Initial: 163M, Alloc Tax Rate: 1.0x
[21.345s][info][gc          ] Trigger: Explicit GC request (System.gc())
[21.346s][info][gc,ergo     ] Free: 7621M, Max: 4096K regular, 7548M humongous, Frag: 0% external, 0% internal; Reserve: 412M, Max: 4096K
[21.346s][info][gc,start    ] GC(94) Concurrent reset
[21.346s][info][gc,task     ] GC(94) Using 1 of 3 workers for concurrent reset
[21.346s][info][gc,ergo     ] GC(94) Pacer for Reset. Non-Taxable: 8192M
[21.346s][info][gc          ] GC(94) Concurrent reset 0.480ms
[21.346s][info][gc,start    ] GC(94) Pause Init Mark (unload classes)
[21.346s][info][gc,task     ] GC(94) Using 3 of 3 workers for init marking
[21.346s][info][gc,ref      ] GC(94) Clearing All SoftReferences
[21.346s][info][gc,ergo     ] GC(94) Pacer for Mark. Expected Live: 25380K, Free: 7621M, Non-Taxable: 762M, Alloc Tax Rate: 0.0x
[21.346s][info][gc          ] GC(94) Pause Init Mark (unload classes) 0.200ms
[21.346s][info][gc,start    ] GC(94) Concurrent marking roots
[21.347s][info][gc,task     ] GC(94) Using 1 of 3 workers for concurrent marking roots
[21.347s][info][gc          ] GC(94) Concurrent marking roots 0.446ms
[21.347s][info][gc,start    ] GC(94) Concurrent marking (unload classes)
[21.347s][info][gc,task     ] GC(94) Using 1 of 3 workers for concurrent marking
[21.367s][info][gc          ] GC(94) Concurrent marking (unload classes) 20.168ms
[21.367s][info][gc,start    ] GC(94) Pause Final Mark (unload classes)
[21.367s][info][gc,task     ] GC(94) Using 3 of 3 workers for final marking
[21.368s][info][gc,ergo     ] GC(94) Adaptive CSet Selection. Target Free: 1160M, Actual Free: 8079M, Max CSet: 341M, Min Garbage: 0B
[21.368s][info][gc,ergo     ] GC(94) Collectable Garbage: 131M (98%), Immediate: 119M (89%), CSet: 12268K (8%)
[21.368s][info][gc,ergo     ] GC(94) Pacer for Evacuation. Used CSet: 12270K, Free: 7741M, Non-Taxable: 774M, Alloc Tax Rate: 1.1x
[21.368s][info][gc          ] GC(94) Pause Final Mark (unload classes) 0.439ms
[21.368s][info][gc,start    ] GC(94) Concurrent thread roots
[21.368s][info][gc,task     ] GC(94) Using 1 of 3 workers for Concurrent thread roots
[21.368s][info][gc          ] GC(94) Concurrent thread roots 0.451ms
[21.368s][info][gc,start    ] GC(94) Concurrent weak references
[21.368s][info][gc,task     ] GC(94) Using 1 of 3 workers for concurrent weak references
[21.368s][info][gc,ref      ] GC(94) Encountered references: Soft: 154, Weak: 720, Final: 0, Phantom: 33
[21.368s][info][gc,ref      ] GC(94) Discovered  references: Soft: 96, Weak: 158, Final: 0, Phantom: 31
[21.368s][info][gc,ref      ] GC(94) Enqueued    references: Soft: 3, Weak: 0, Final: 0, Phantom: 0
[21.368s][info][gc          ] GC(94) Concurrent weak references 0.116ms
[21.368s][info][gc,start    ] GC(94) Concurrent weak roots
[21.368s][info][gc,task     ] GC(94) Using 1 of 3 workers for concurrent weak root
[21.369s][info][gc          ] GC(94) Concurrent weak roots 0.560ms
[21.369s][info][gc,start    ] GC(94) Concurrent cleanup
[21.369s][info][gc          ] GC(94) Concurrent cleanup 158M->38M(8192M) 0.024ms
[21.369s][info][gc,ergo     ] GC(94) Free: 7741M, Max: 4096K regular, 7552M humongous, Frag: 2% external, 0% internal; Reserve: 411M, Max: 4096K
[21.369s][info][gc,start    ] GC(94) Concurrent class unloading
[21.369s][info][gc,task     ] GC(94) Using 1 of 3 workers for concurrent class unloading
[21.371s][info][gc          ] GC(94) Concurrent class unloading 1.889ms
[21.371s][info][gc,start    ] GC(94) Concurrent strong roots
[21.371s][info][gc,task     ] GC(94) Using 1 of 3 workers for concurrent strong root
[21.371s][info][gc          ] GC(94) Concurrent strong roots 0.095ms
[21.371s][info][gc,start    ] GC(94) Concurrent evacuation
[21.371s][info][gc,task     ] GC(94) Using 1 of 3 workers for concurrent evacuation
[21.371s][info][gc          ] GC(94) Concurrent evacuation 0.151ms
[21.371s][info][gc,start    ] GC(94) Pause Init Update Refs
[21.371s][info][gc,ergo     ] GC(94) Pacer for Update Refs. Used: 39061K, Free: 7741M, Non-Taxable: 774M, Alloc Tax Rate: 1.1x
[21.371s][info][gc          ] GC(94) Pause Init Update Refs 0.080ms
[21.371s][info][gc,start    ] GC(94) Concurrent update references
[21.371s][info][gc,task     ] GC(94) Using 1 of 3 workers for concurrent reference update
[21.382s][info][gc          ] GC(94) Concurrent update references 10.497ms
[21.382s][info][gc,start    ] GC(94) Concurrent update thread roots
[21.383s][info][gc          ] GC(94) Concurrent update thread roots 0.827ms
[21.383s][info][gc,start    ] GC(94) Pause Final Update Refs
[21.383s][info][gc,task     ] GC(94) Using 3 of 3 workers for final reference update
[21.383s][info][gc          ] GC(94) Pause Final Update Refs 0.201ms
[21.383s][info][gc,start    ] GC(94) Concurrent cleanup
[21.383s][info][gc          ] GC(94) Concurrent cleanup 38M->26M(8192M) 0.030ms
[21.383s][info][gc,ergo     ] Free: 7753M, Max: 4096K regular, 7676M humongous, Frag: 0% external, 0% internal; Reserve: 412M, Max: 4096K
[21.383s][info][gc,stats    ] 
[21.383s][info][gc,stats    ] All times are wall-clock times, except per-root-class counters, that are sum over
[21.383s][info][gc,stats    ] all workers. Dividing the <total> over the root stage time estimates parallelism.
[21.383s][info][gc,stats    ] 
[21.383s][info][gc,stats    ] Concurrent Reset                    535 us
[21.383s][info][gc,stats    ] Pause Init Mark (G)                 328 us
[21.383s][info][gc,stats    ] Pause Init Mark (N)                 217 us
[21.383s][info][gc,stats    ]   Update Region States               82 us
[21.383s][info][gc,stats    ] Concurrent Mark Roots               464 us, parallelism: 0.70x
[21.383s][info][gc,stats    ]   CMR: <total>                      323 us
[21.383s][info][gc,stats    ]   CMR: Thread Roots                 284 us, workers (us): 284, ---, ---, 
[21.383s][info][gc,stats    ]   CMR: VM Strong Roots                4 us, workers (us):   4, ---, ---, 
[21.383s][info][gc,stats    ]   CMR: CLDG Roots                    35 us, workers (us):  35, ---, ---, 
[21.383s][info][gc,stats    ] Concurrent Marking                20235 us
[21.383s][info][gc,stats    ] Pause Final Mark (G)                582 us
[21.383s][info][gc,stats    ] Pause Final Mark (N)                460 us
[21.383s][info][gc,stats    ]   Finish Mark                        92 us
[21.383s][info][gc,stats    ]   Update Region States              101 us
[21.383s][info][gc,stats    ]   Choose Collection Set             107 us
[21.383s][info][gc,stats    ]   Rebuild Free Set                   21 us
[21.383s][info][gc,stats    ] Concurrent Thread Roots             469 us, parallelism: 0.68x
[21.383s][info][gc,stats    ]   CTR: <total>                      321 us
[21.383s][info][gc,stats    ]   CTR: Thread Roots                 321 us, workers (us): 321, ---, ---, 
[21.383s][info][gc,stats    ] Concurrent Weak References          123 us, parallelism: 0.15x
[21.383s][info][gc,stats    ]   CWRF: <total>                      18 us
[21.383s][info][gc,stats    ]   CWRF: Weak References              18 us, workers (us):  18, ---, ---, 
[21.383s][info][gc,stats    ] Concurrent Weak Roots               580 us
[21.383s][info][gc,stats    ]   Roots                             438 us, parallelism: 0.88x
[21.383s][info][gc,stats    ]     CWR: <total>                    387 us
[21.383s][info][gc,stats    ]     CWR: Code Cache Roots           317 us, workers (us): 317, ---, ---, 
[21.383s][info][gc,stats    ]     CWR: VM Weak Roots               65 us, workers (us):  65, ---, ---, 
[21.383s][info][gc,stats    ]     CWR: CLDG Roots                   6 us, workers (us):   6, ---, ---, 
[21.383s][info][gc,stats    ]   Rendezvous                        106 us
[21.383s][info][gc,stats    ] Concurrent Cleanup                   32 us
[21.384s][info][gc,stats    ] Concurrent Class Unloading         1920 us
[21.384s][info][gc,stats    ]   Unlink Stale                     1735 us
[21.384s][info][gc,stats    ]     System Dictionary                 3 us
[21.384s][info][gc,stats    ]     Weak Class Links                  0 us
[21.384s][info][gc,stats    ]     Code Roots                     1730 us
[21.384s][info][gc,stats    ]   Rendezvous                         42 us
[21.384s][info][gc,stats    ]   Purge Unlinked                     95 us
[21.384s][info][gc,stats    ]     Code Roots                       90 us
[21.384s][info][gc,stats    ]     CLDG                              5 us
[21.384s][info][gc,stats    ]     Exception Caches                  0 us
[21.384s][info][gc,stats    ] Concurrent Strong Roots             118 us, parallelism: 0.23x
[21.384s][info][gc,stats    ]   CSR: <total>                       27 us
[21.384s][info][gc,stats    ]   CSR: VM Strong Roots                3 us, workers (us):   3, ---, ---, 
[21.384s][info][gc,stats    ]   CSR: CLDG Roots                    24 us, workers (us):  24, ---, ---, 
[21.384s][info][gc,stats    ] Concurrent Evacuation               188 us
[21.384s][info][gc,stats    ] Pause Init Update Refs (G)          219 us
[21.384s][info][gc,stats    ] Pause Init Update Refs (N)          101 us
[21.384s][info][gc,stats    ]   Manage GCLABs                       3 us
[21.384s][info][gc,stats    ] Concurrent Update Refs            10565 us
[21.384s][info][gc,stats    ] Concurrent Update Thread Roots      866 us
[21.384s][info][gc,stats    ] Pause Final Update Refs (G)         332 us
[21.384s][info][gc,stats    ] Pause Final Update Refs (N)         229 us
[21.384s][info][gc,stats    ]   Update Region States               76 us
[21.384s][info][gc,stats    ]   Trash Collection Set                4 us
[21.384s][info][gc,stats    ]   Rebuild Free Set                   30 us
[21.384s][info][gc,stats    ] Concurrent Cleanup                   39 us
[21.384s][info][gc,stats    ] 
[21.384s][info][gc,stats    ] Allocation pacing accrued:
[21.384s][info][gc,stats    ]       0 of   230 ms (  0.0%): <total>
[21.384s][info][gc,stats    ]       0 of   230 ms (  0.0%): <average total>
[21.384s][info][gc,stats    ] 
[21.384s][info][gc,metaspace] Metaspace: 12413K(12672K)->12413K(12672K) NonClass: 10757K(10880K)->10757K(10880K) Class: 1655K(1792K)->1655K(1792K)
[21.384s][info][gc,ergo     ] Pacer for Idle. Initial: 163M, Alloc Tax Rate: 1.0x
[21.565s][info][gc          ] Trigger: Explicit GC request (System.gc())
[21.566s][info][gc,ergo     ] Free: 7629M, Max: 4096K regular, 7552M humongous, Frag: 0% external, 0% internal; Reserve: 412M, Max: 4096K
[21.566s][info][gc,start    ] GC(95) Concurrent reset
[21.566s][info][gc,task     ] GC(95) Using 1 of 3 workers for concurrent reset
[21.566s][info][gc,ergo     ] GC(95) Pacer for Reset. Non-Taxable: 8192M
[21.566s][info][gc          ] GC(95) Concurrent reset 0.362ms
[21.566s][info][gc,start    ] GC(95) Pause Init Mark (unload classes)
[21.566s][info][gc,task     ] GC(95) Using 3 of 3 workers for init marking
[21.566s][info][gc,ref      ] GC(95) Clearing All SoftReferences
[21.566s][info][gc,ergo     ] GC(95) Pacer for Mark. Expected Live: 25380K, Free: 7629M, Non-Taxable: 762M, Alloc Tax Rate: 0.0x
[21.566s][info][gc          ] GC(95) Pause Init Mark (unload classes) 0.214ms
[21.566s][info][gc,start    ] GC(95) Concurrent marking roots
[21.566s][info][gc,task     ] GC(95) Using 1 of 3 workers for concurrent marking roots
[21.567s][info][gc          ] GC(95) Concurrent marking roots 0.741ms
[21.567s][info][gc,start    ] GC(95) Concurrent marking (unload classes)
[21.567s][info][gc,task     ] GC(95) Using 1 of 3 workers for concurrent marking
[21.587s][info][gc          ] GC(95) Concurrent marking (unload classes) 19.663ms
[21.587s][info][gc,start    ] GC(95) Pause Final Mark (unload classes)
[21.587s][info][gc,task     ] GC(95) Using 3 of 3 workers for final marking
[21.587s][info][gc,ergo     ] GC(95) Collectable Garbage: 116M (92%), Immediate: 116M (92%), CSet: 0B (0%)
[21.587s][info][gc          ] GC(95) Pause Final Mark (unload classes) 0.477ms
[21.587s][info][gc,start    ] GC(95) Concurrent weak references
[21.587s][info][gc,task     ] GC(95) Using 1 of 3 workers for concurrent weak references
[21.588s][info][gc,ref      ] GC(95) Encountered references: Soft: 154, Weak: 720, Final: 0, Phantom: 33
[21.588s][info][gc,ref      ] GC(95) Discovered  references: Soft: 96, Weak: 158, Final: 0, Phantom: 31
[21.588s][info][gc,ref      ] GC(95) Enqueued    references: Soft: 3, Weak: 0, Final: 0, Phantom: 0
[21.588s][info][gc          ] GC(95) Concurrent weak references 0.082ms
[21.588s][info][gc,start    ] GC(95) Concurrent weak roots
[21.588s][info][gc,task     ] GC(95) Using 1 of 3 workers for concurrent weak root
[21.588s][info][gc          ] GC(95) Concurrent weak roots 0.598ms
[21.588s][info][gc,start    ] GC(95) Concurrent cleanup
[21.588s][info][gc          ] GC(95) Concurrent cleanup 150M->34M(8192M) 0.023ms
[21.588s][info][gc,ergo     ] GC(95) Free: 7745M, Max: 4096K regular, 7552M humongous, Frag: 2% external, 0% internal; Reserve: 412M, Max: 4096K
[21.588s][info][gc,start    ] GC(95) Concurrent class unloading
[21.588s][info][gc,task     ] GC(95) Using 1 of 3 workers for concurrent class unloading
[21.590s][info][gc          ] GC(95) Concurrent class unloading 2.096ms
[21.590s][info][gc,start    ] GC(95) Pause Final Roots
[21.590s][info][gc          ] GC(95) Pause Final Roots 0.021ms
[21.590s][info][gc,ergo     ] Free: 7745M, Max: 4096K regular, 7552M humongous, Frag: 2% external, 0% internal; Reserve: 412M, Max: 4096K
[21.590s][info][gc,stats    ] 
[21.590s][info][gc,stats    ] All times are wall-clock times, except per-root-class counters, that are sum over
[21.590s][info][gc,stats    ] all workers. Dividing the <total> over the root stage time estimates parallelism.
[21.590s][info][gc,stats    ] 
[21.591s][info][gc,stats    ] Concurrent Reset                    428 us
[21.591s][info][gc,stats    ] Pause Init Mark (G)                 360 us
[21.591s][info][gc,stats    ] Pause Init Mark (N)                 235 us
[21.591s][info][gc,stats    ]   Update Region States               84 us
[21.591s][info][gc,stats    ] Concurrent Mark Roots               758 us, parallelism: 0.87x
[21.591s][info][gc,stats    ]   CMR: <total>                      661 us
[21.591s][info][gc,stats    ]   CMR: Thread Roots                 560 us, workers (us): 560, ---, ---, 
[21.591s][info][gc,stats    ]   CMR: VM Strong Roots                5 us, workers (us):   5, ---, ---, 
[21.591s][info][gc,stats    ]   CMR: CLDG Roots                    96 us, workers (us):  96, ---, ---, 
[21.591s][info][gc,stats    ] Concurrent Marking                19731 us
[21.591s][info][gc,stats    ] Pause Final Mark (G)                601 us
[21.591s][info][gc,stats    ] Pause Final Mark (N)                502 us
[21.591s][info][gc,stats    ]   Finish Mark                       203 us
[21.591s][info][gc,stats    ]   Update Region States               88 us
[21.591s][info][gc,stats    ]   Choose Collection Set              77 us
[21.591s][info][gc,stats    ]   Rebuild Free Set                   21 us
[21.591s][info][gc,stats    ] Concurrent Weak References           90 us, parallelism: 0.07x
[21.591s][info][gc,stats    ]   CWRF: <total>                       6 us
[21.591s][info][gc,stats    ]   CWRF: Weak References               6 us, workers (us):   6, ---, ---, 
[21.591s][info][gc,stats    ] Concurrent Weak Roots               619 us
[21.591s][info][gc,stats    ]   Roots                             446 us, parallelism: 0.88x
[21.591s][info][gc,stats    ]     CWR: <total>                    394 us
[21.591s][info][gc,stats    ]     CWR: Code Cache Roots           326 us, workers (us): 326, ---, ---, 
[21.591s][info][gc,stats    ]     CWR: VM Weak Roots               62 us, workers (us):  62, ---, ---, 
[21.591s][info][gc,stats    ]     CWR: CLDG Roots                   6 us, workers (us):   6, ---, ---, 
[21.591s][info][gc,stats    ]   Rendezvous                        136 us
[21.591s][info][gc,stats    ] Concurrent Cleanup                   32 us
[21.591s][info][gc,stats    ] Concurrent Class Unloading         2138 us
[21.591s][info][gc,stats    ]   Unlink Stale                     1879 us
[21.591s][info][gc,stats    ]     System Dictionary                 4 us
[21.591s][info][gc,stats    ]     Weak Class Links                  0 us
[21.591s][info][gc,stats    ]     Code Roots                     1873 us
[21.591s][info][gc,stats    ]   Rendezvous                         79 us
[21.591s][info][gc,stats    ]   Purge Unlinked                    120 us
[21.591s][info][gc,stats    ]     Code Roots                      115 us
[21.591s][info][gc,stats    ]     CLDG                              5 us
[21.591s][info][gc,stats    ]     Exception Caches                  0 us
[21.591s][info][gc,stats    ] Pause Final Roots (G)                66 us
[21.591s][info][gc,stats    ] Pause Final Roots (N)                29 us
[21.591s][info][gc,stats    ] 
[21.591s][info][gc,stats    ] Allocation pacing accrued:
[21.591s][info][gc,stats    ]       0 of   207 ms (  0.0%): <total>
[21.591s][info][gc,stats    ]       0 of   207 ms (  0.0%): <average total>
[21.591s][info][gc,stats    ] 
[21.591s][info][gc,metaspace] Metaspace: 12413K(12672K)->12413K(12672K) NonClass: 10757K(10880K)->10757K(10880K) Class: 1655K(1792K)->1655K(1792K)
[21.591s][info][gc,ergo     ] Pacer for Idle. Initial: 163M, Alloc Tax Rate: 1.0x
[21.769s][info][gc          ] Trigger: Explicit GC request (System.gc())
[21.769s][info][gc,ergo     ] Free: 7621M, Max: 4096K regular, 7544M humongous, Frag: 0% external, 0% internal; Reserve: 412M, Max: 4096K
[21.769s][info][gc,start    ] GC(96) Concurrent reset
[21.769s][info][gc,task     ] GC(96) Using 1 of 3 workers for concurrent reset
[21.769s][info][gc,ergo     ] GC(96) Pacer for Reset. Non-Taxable: 8192M
[21.770s][info][gc          ] GC(96) Concurrent reset 0.198ms
[21.770s][info][gc,start    ] GC(96) Pause Init Mark (unload classes)
[21.770s][info][gc,task     ] GC(96) Using 3 of 3 workers for init marking
[21.770s][info][gc,ref      ] GC(96) Clearing All SoftReferences
[21.770s][info][gc,ergo     ] GC(96) Pacer for Mark. Expected Live: 25381K, Free: 7621M, Non-Taxable: 762M, Alloc Tax Rate: 0.0x
[21.770s][info][gc          ] GC(96) Pause Init Mark (unload classes) 0.182ms
[21.770s][info][gc,start    ] GC(96) Concurrent marking roots
[21.770s][info][gc,task     ] GC(96) Using 1 of 3 workers for concurrent marking roots
[21.770s][info][gc          ] GC(96) Concurrent marking roots 0.490ms
[21.770s][info][gc,start    ] GC(96) Concurrent marking (unload classes)
[21.770s][info][gc,task     ] GC(96) Using 1 of 3 workers for concurrent marking
[21.791s][info][gc          ] GC(96) Concurrent marking (unload classes) 20.272ms
[21.791s][info][gc,start    ] GC(96) Pause Final Mark (unload classes)
[21.791s][info][gc,task     ] GC(96) Using 3 of 3 workers for final marking
[21.791s][info][gc,ergo     ] GC(96) Collectable Garbage: 124M (92%), Immediate: 124M (92%), CSet: 0B (0%)
[21.791s][info][gc          ] GC(96) Pause Final Mark (unload classes) 0.479ms
[21.791s][info][gc,start    ] GC(96) Concurrent weak references
[21.791s][info][gc,task     ] GC(96) Using 1 of 3 workers for concurrent weak references
[21.792s][info][gc,ref      ] GC(96) Encountered references: Soft: 154, Weak: 720, Final: 0, Phantom: 33
[21.792s][info][gc,ref      ] GC(96) Discovered  references: Soft: 96, Weak: 158, Final: 0, Phantom: 31
[21.792s][info][gc,ref      ] GC(96) Enqueued    references: Soft: 3, Weak: 0, Final: 0, Phantom: 0
[21.792s][info][gc          ] GC(96) Concurrent weak references 0.192ms
[21.792s][info][gc,start    ] GC(96) Concurrent weak roots
[21.792s][info][gc,task     ] GC(96) Using 1 of 3 workers for concurrent weak root
[21.792s][info][gc          ] GC(96) Concurrent weak roots 0.661ms
[21.792s][info][gc,start    ] GC(96) Concurrent cleanup
[21.792s][info][gc          ] GC(96) Concurrent cleanup 158M->34M(8192M) 0.027ms
[21.792s][info][gc,ergo     ] GC(96) Free: 7745M, Max: 4096K regular, 7544M humongous, Frag: 2% external, 0% internal; Reserve: 412M, Max: 4096K
[21.792s][info][gc,start    ] GC(96) Concurrent class unloading
[21.792s][info][gc,task     ] GC(96) Using 1 of 3 workers for concurrent class unloading
[21.794s][info][gc          ] GC(96) Concurrent class unloading 2.043ms
[21.794s][info][gc,start    ] GC(96) Pause Final Roots
[21.795s][info][gc          ] GC(96) Pause Final Roots 0.021ms
[21.795s][info][gc,ergo     ] Free: 7745M, Max: 4096K regular, 7544M humongous, Frag: 2% external, 0% internal; Reserve: 412M, Max: 4096K
[21.795s][info][gc,stats    ] 
[21.795s][info][gc,stats    ] All times are wall-clock times, except per-root-class counters, that are sum over
[21.795s][info][gc,stats    ] all workers. Dividing the <total> over the root stage time estimates parallelism.
[21.795s][info][gc,stats    ] 
[21.795s][info][gc,stats    ] Concurrent Reset                    221 us
[21.795s][info][gc,stats    ] Pause Init Mark (G)                 277 us
[21.795s][info][gc,stats    ] Pause Init Mark (N)                 198 us
[21.795s][info][gc,stats    ]   Update Region States               66 us
[21.795s][info][gc,stats    ] Concurrent Mark Roots               528 us, parallelism: 0.67x
[21.795s][info][gc,stats    ]   CMR: <total>                      354 us
[21.795s][info][gc,stats    ]   CMR: Thread Roots                 312 us, workers (us): 312, ---, ---, 
[21.795s][info][gc,stats    ]   CMR: VM Strong Roots                4 us, workers (us):   4, ---, ---, 
[21.795s][info][gc,stats    ]   CMR: CLDG Roots                    38 us, workers (us):  38, ---, ---, 
[21.795s][info][gc,stats    ] Concurrent Marking                20341 us
[21.795s][info][gc,stats    ] Pause Final Mark (G)                631 us
[21.795s][info][gc,stats    ] Pause Final Mark (N)                505 us
[21.795s][info][gc,stats    ]   Finish Mark                       163 us
[21.795s][info][gc,stats    ]   Update Region States              122 us
[21.795s][info][gc,stats    ]   Choose Collection Set              74 us
[21.795s][info][gc,stats    ]   Rebuild Free Set                   21 us
[21.795s][info][gc,stats    ] Concurrent Weak References          208 us, parallelism: 0.06x
[21.795s][info][gc,stats    ]   CWRF: <total>                      13 us
[21.795s][info][gc,stats    ]   CWRF: Weak References              13 us, workers (us):  13, ---, ---, 
[21.795s][info][gc,stats    ] Concurrent Weak Roots               682 us
[21.795s][info][gc,stats    ]   Roots                             544 us, parallelism: 0.89x
[21.795s][info][gc,stats    ]     CWR: <total>                    485 us
[21.795s][info][gc,stats    ]     CWR: Code Cache Roots           408 us, workers (us): 408, ---, ---, 
[21.795s][info][gc,stats    ]     CWR: VM Weak Roots               69 us, workers (us):  69, ---, ---, 
[21.795s][info][gc,stats    ]     CWR: CLDG Roots                   7 us, workers (us):   7, ---, ---, 
[21.795s][info][gc,stats    ]   Rendezvous                         86 us
[21.795s][info][gc,stats    ] Concurrent Cleanup                   35 us
[21.795s][info][gc,stats    ] Concurrent Class Unloading         2092 us
[21.795s][info][gc,stats    ]   Unlink Stale                     1817 us
[21.795s][info][gc,stats    ]     System Dictionary                 4 us
[21.795s][info][gc,stats    ]     Weak Class Links                  0 us
[21.795s][info][gc,stats    ]     Code Roots                     1811 us
[21.795s][info][gc,stats    ]   Rendezvous                         53 us
[21.795s][info][gc,stats    ]   Purge Unlinked                    155 us
[21.795s][info][gc,stats    ]     Code Roots                      144 us
[21.795s][info][gc,stats    ]     CLDG                             10 us
[21.795s][info][gc,stats    ]     Exception Caches                  0 us
[21.795s][info][gc,stats    ] Pause Final Roots (G)                99 us
[21.795s][info][gc,stats    ] Pause Final Roots (N)                30 us
[21.795s][info][gc,stats    ] 
[21.795s][info][gc,stats    ] Allocation pacing accrued:
[21.795s][info][gc,stats    ]       0 of   205 ms (  0.0%): <total>
[21.795s][info][gc,stats    ]       0 of   205 ms (  0.0%): <average total>
[21.795s][info][gc,stats    ] 
[21.795s][info][gc,metaspace] Metaspace: 12430K(12736K)->12432K(12736K) NonClass: 10774K(10944K)->10777K(10944K) Class: 1655K(1792K)->1655K(1792K)
[21.795s][info][gc,ergo     ] Pacer for Idle. Initial: 163M, Alloc Tax Rate: 1.0x
[21.974s][info][gc          ] Trigger: Explicit GC request (System.gc())
[21.974s][info][gc,ergo     ] Free: 7621M, Max: 4096K regular, 7544M humongous, Frag: 0% external, 0% internal; Reserve: 412M, Max: 4096K
[21.974s][info][gc,start    ] GC(97) Concurrent reset
[21.974s][info][gc,task     ] GC(97) Using 1 of 3 workers for concurrent reset
[21.974s][info][gc,ergo     ] GC(97) Pacer for Reset. Non-Taxable: 8192M
[21.974s][info][gc          ] GC(97) Concurrent reset 0.359ms
[21.974s][info][gc,start    ] GC(97) Pause Init Mark (unload classes)
[21.974s][info][gc,task     ] GC(97) Using 3 of 3 workers for init marking
[21.974s][info][gc,ref      ] GC(97) Clearing All SoftReferences
[21.974s][info][gc,ergo     ] GC(97) Pacer for Mark. Expected Live: 25381K, Free: 7621M, Non-Taxable: 762M, Alloc Tax Rate: 0.0x
[21.974s][info][gc          ] GC(97) Pause Init Mark (unload classes) 0.171ms
[21.974s][info][gc,start    ] GC(97) Concurrent marking roots
[21.974s][info][gc,task     ] GC(97) Using 1 of 3 workers for concurrent marking roots
[21.975s][info][gc          ] GC(97) Concurrent marking roots 0.422ms
[21.975s][info][gc,start    ] GC(97) Concurrent marking (unload classes)
[21.975s][info][gc,task     ] GC(97) Using 1 of 3 workers for concurrent marking
[21.995s][info][gc          ] GC(97) Concurrent marking (unload classes) 19.944ms
[21.995s][info][gc,start    ] GC(97) Pause Final Mark (unload classes)
[21.995s][info][gc,task     ] GC(97) Using 3 of 3 workers for final marking
[21.995s][info][gc,ergo     ] GC(97) Collectable Garbage: 123M (92%), Immediate: 123M (92%), CSet: 0B (0%)
[21.995s][info][gc          ] GC(97) Pause Final Mark (unload classes) 0.281ms
[21.995s][info][gc,start    ] GC(97) Concurrent weak references
[21.995s][info][gc,task     ] GC(97) Using 1 of 3 workers for concurrent weak references
[21.995s][info][gc,ref      ] GC(97) Encountered references: Soft: 154, Weak: 720, Final: 0, Phantom: 33
[21.995s][info][gc,ref      ] GC(97) Discovered  references: Soft: 96, Weak: 158, Final: 0, Phantom: 31
[21.995s][info][gc,ref      ] GC(97) Enqueued    references: Soft: 3, Weak: 0, Final: 0, Phantom: 0
[21.995s][info][gc          ] GC(97) Concurrent weak references 0.153ms
[21.995s][info][gc,start    ] GC(97) Concurrent weak roots
[21.995s][info][gc,task     ] GC(97) Using 1 of 3 workers for concurrent weak root
[21.996s][info][gc          ] GC(97) Concurrent weak roots 0.560ms
[21.996s][info][gc,start    ] GC(97) Concurrent cleanup
[21.996s][info][gc          ] GC(97) Concurrent cleanup 158M->34M(8192M) 0.024ms
[21.996s][info][gc,ergo     ] GC(97) Free: 7745M, Max: 4096K regular, 7548M humongous, Frag: 2% external, 0% internal; Reserve: 412M, Max: 4096K
[21.996s][info][gc,start    ] GC(97) Concurrent class unloading
[21.996s][info][gc,task     ] GC(97) Using 1 of 3 workers for concurrent class unloading
[21.998s][info][gc          ] GC(97) Concurrent class unloading 1.949ms
[21.998s][info][gc,start    ] GC(97) Pause Final Roots
[21.998s][info][gc          ] GC(97) Pause Final Roots 0.020ms
[21.998s][info][gc,ergo     ] Free: 7745M, Max: 4096K regular, 7548M humongous, Frag: 2% external, 0% internal; Reserve: 412M, Max: 4096K
[21.998s][info][gc,stats    ] 
[21.998s][info][gc,stats    ] All times are wall-clock times, except per-root-class counters, that are sum over
[21.998s][info][gc,stats    ] all workers. Dividing the <total> over the root stage time estimates parallelism.
[21.998s][info][gc,stats    ] 
[21.998s][info][gc,stats    ] Concurrent Reset                    379 us
[21.998s][info][gc,stats    ] Pause Init Mark (G)                 277 us
[21.998s][info][gc,stats    ] Pause Init Mark (N)                 187 us
[21.998s][info][gc,stats    ]   Update Region States               58 us
[21.998s][info][gc,stats    ] Concurrent Mark Roots               441 us, parallelism: 0.76x
[21.998s][info][gc,stats    ]   CMR: <total>                      334 us
[21.998s][info][gc,stats    ]   CMR: Thread Roots                 296 us, workers (us): 296, ---, ---, 
[21.998s][info][gc,stats    ]   CMR: VM Strong Roots                4 us, workers (us):   4, ---, ---, 
[21.998s][info][gc,stats    ]   CMR: CLDG Roots                    35 us, workers (us):  35, ---, ---, 
[21.998s][info][gc,stats    ] Concurrent Marking                20017 us
[21.998s][info][gc,stats    ] Pause Final Mark (G)                381 us
[21.998s][info][gc,stats    ] Pause Final Mark (N)                305 us
[21.998s][info][gc,stats    ]   Finish Mark                        96 us
[21.998s][info][gc,stats    ]   Update Region States               71 us
[21.998s][info][gc,stats    ]   Choose Collection Set              37 us
[21.998s][info][gc,stats    ]   Rebuild Free Set                   19 us
[21.998s][info][gc,stats    ] Concurrent Weak References          160 us, parallelism: 0.07x
[21.998s][info][gc,stats    ]   CWRF: <total>                      11 us
[21.998s][info][gc,stats    ]   CWRF: Weak References              11 us, workers (us):  11, ---, ---, 
[21.998s][info][gc,stats    ] Concurrent Weak Roots               580 us
[21.998s][info][gc,stats    ]   Roots                             441 us, parallelism: 0.88x
[21.998s][info][gc,stats    ]     CWR: <total>                    387 us
[21.998s][info][gc,stats    ]     CWR: Code Cache Roots           321 us, workers (us): 321, ---, ---, 
[21.998s][info][gc,stats    ]     CWR: VM Weak Roots               61 us, workers (us):  61, ---, ---, 
[21.998s][info][gc,stats    ]     CWR: CLDG Roots                   5 us, workers (us):   5, ---, ---, 
[21.999s][info][gc,stats    ]   Rendezvous                        103 us
[21.999s][info][gc,stats    ] Concurrent Cleanup                   32 us
[21.999s][info][gc,stats    ] Concurrent Class Unloading         1984 us
[21.999s][info][gc,stats    ]   Unlink Stale                     1762 us
[21.999s][info][gc,stats    ]     System Dictionary                 3 us
[21.999s][info][gc,stats    ]     Weak Class Links                  0 us
[21.999s][info][gc,stats    ]     Code Roots                     1757 us
[21.999s][info][gc,stats    ]   Rendezvous                         45 us
[21.999s][info][gc,stats    ]   Purge Unlinked                    126 us
[21.999s][info][gc,stats    ]     Code Roots                      120 us
[21.999s][info][gc,stats    ]     CLDG                              5 us
[21.999s][info][gc,stats    ]     Exception Caches                  0 us
[21.999s][info][gc,stats    ] Pause Final Roots (G)                78 us
[21.999s][info][gc,stats    ] Pause Final Roots (N)                28 us
[21.999s][info][gc,stats    ] 
[21.999s][info][gc,stats    ] Allocation pacing accrued:
[21.999s][info][gc,stats    ]       0 of   203 ms (  0.0%): <total>
[21.999s][info][gc,stats    ]       0 of   203 ms (  0.0%): <average total>
[21.999s][info][gc,stats    ] 
[21.999s][info][gc,metaspace] Metaspace: 12432K(12736K)->12432K(12736K) NonClass: 10777K(10944K)->10777K(10944K) Class: 1655K(1792K)->1655K(1792K)
[21.999s][info][gc,ergo     ] Pacer for Idle. Initial: 163M, Alloc Tax Rate: 1.0x
[22.178s][info][gc          ] Trigger: Explicit GC request (System.gc())
[22.178s][info][gc,ergo     ] Free: 7621M, Max: 4096K regular, 7544M humongous, Frag: 0% external, 0% internal; Reserve: 412M, Max: 4096K
[22.178s][info][gc,start    ] GC(98) Concurrent reset
[22.178s][info][gc,task     ] GC(98) Using 1 of 3 workers for concurrent reset
[22.178s][info][gc,ergo     ] GC(98) Pacer for Reset. Non-Taxable: 8192M
[22.178s][info][gc          ] GC(98) Concurrent reset 0.409ms
[22.178s][info][gc,start    ] GC(98) Pause Init Mark (unload classes)
[22.178s][info][gc,task     ] GC(98) Using 3 of 3 workers for init marking
[22.179s][info][gc,ref      ] GC(98) Clearing All SoftReferences
[22.179s][info][gc,ergo     ] GC(98) Pacer for Mark. Expected Live: 25381K, Free: 7621M, Non-Taxable: 762M, Alloc Tax Rate: 0.0x
[22.179s][info][gc          ] GC(98) Pause Init Mark (unload classes) 0.167ms
[22.179s][info][gc,start    ] GC(98) Concurrent marking roots
[22.179s][info][gc,task     ] GC(98) Using 1 of 3 workers for concurrent marking roots
[22.179s][info][gc          ] GC(98) Concurrent marking roots 0.414ms
[22.179s][info][gc,start    ] GC(98) Concurrent marking (unload classes)
[22.179s][info][gc,task     ] GC(98) Using 1 of 3 workers for concurrent marking
[22.199s][info][gc          ] GC(98) Concurrent marking (unload classes) 20.080ms
[22.199s][info][gc,start    ] GC(98) Pause Final Mark (unload classes)
[22.199s][info][gc,task     ] GC(98) Using 3 of 3 workers for final marking
[22.200s][info][gc,ergo     ] GC(98) Collectable Garbage: 124M (92%), Immediate: 124M (92%), CSet: 0B (0%)
[22.200s][info][gc          ] GC(98) Pause Final Mark (unload classes) 0.393ms
[22.200s][info][gc,start    ] GC(98) Concurrent weak references
[22.200s][info][gc,task     ] GC(98) Using 1 of 3 workers for concurrent weak references
[22.200s][info][gc,ref      ] GC(98) Encountered references: Soft: 154, Weak: 720, Final: 0, Phantom: 33
[22.200s][info][gc,ref      ] GC(98) Discovered  references: Soft: 96, Weak: 158, Final: 0, Phantom: 31
[22.200s][info][gc,ref      ] GC(98) Enqueued    references: Soft: 3, Weak: 0, Final: 0, Phantom: 0
[22.200s][info][gc          ] GC(98) Concurrent weak references 0.124ms
[22.200s][info][gc,start    ] GC(98) Concurrent weak roots
[22.200s][info][gc,task     ] GC(98) Using 1 of 3 workers for concurrent weak root
[22.201s][info][gc          ] GC(98) Concurrent weak roots 0.695ms
[22.201s][info][gc,start    ] GC(98) Concurrent cleanup
[22.201s][info][gc          ] GC(98) Concurrent cleanup 158M->34M(8192M) 0.022ms
[22.201s][info][gc,ergo     ] GC(98) Free: 7745M, Max: 4096K regular, 7544M humongous, Frag: 2% external, 0% internal; Reserve: 412M, Max: 4096K
[22.201s][info][gc,start    ] GC(98) Concurrent class unloading
[22.201s][info][gc,task     ] GC(98) Using 1 of 3 workers for concurrent class unloading
[22.203s][info][gc          ] GC(98) Concurrent class unloading 2.589ms
[22.203s][info][gc,start    ] GC(98) Pause Final Roots
[22.203s][info][gc          ] GC(98) Pause Final Roots 0.052ms
[22.204s][info][gc,ergo     ] Free: 7745M, Max: 4096K regular, 7544M humongous, Frag: 2% external, 0% internal; Reserve: 412M, Max: 4096K
[22.204s][info][gc,stats    ] 
[22.204s][info][gc,stats    ] All times are wall-clock times, except per-root-class counters, that are sum over
[22.204s][info][gc,stats    ] all workers. Dividing the <total> over the root stage time estimates parallelism.
[22.204s][info][gc,stats    ] 
[22.204s][info][gc,stats    ] Concurrent Reset                    473 us
[22.204s][info][gc,stats    ] Pause Init Mark (G)                 288 us
[22.204s][info][gc,stats    ] Pause Init Mark (N)                 183 us
[22.204s][info][gc,stats    ]   Update Region States               56 us
[22.204s][info][gc,stats    ] Concurrent Mark Roots               435 us, parallelism: 0.74x
[22.204s][info][gc,stats    ]   CMR: <total>                      321 us
[22.204s][info][gc,stats    ]   CMR: Thread Roots                 281 us, workers (us): 281, ---, ---, 
[22.204s][info][gc,stats    ]   CMR: VM Strong Roots                4 us, workers (us):   4, ---, ---, 
[22.204s][info][gc,stats    ]   CMR: CLDG Roots                    36 us, workers (us):  36, ---, ---, 
[22.204s][info][gc,stats    ] Concurrent Marking                20146 us
[22.204s][info][gc,stats    ] Pause Final Mark (G)                528 us
[22.204s][info][gc,stats    ] Pause Final Mark (N)                418 us
[22.204s][info][gc,stats    ]   Finish Mark                        95 us
[22.204s][info][gc,stats    ]   Update Region States              100 us
[22.204s][info][gc,stats    ]   Choose Collection Set              74 us
[22.204s][info][gc,stats    ]   Rebuild Free Set                   22 us
[22.204s][info][gc,stats    ] Concurrent Weak References          132 us, parallelism: 0.05x
[22.204s][info][gc,stats    ]   CWRF: <total>                       7 us
[22.204s][info][gc,stats    ]   CWRF: Weak References               7 us, workers (us):   7, ---, ---, 
[22.204s][info][gc,stats    ] Concurrent Weak Roots               720 us
[22.204s][info][gc,stats    ]   Roots                             584 us, parallelism: 0.88x
[22.204s][info][gc,stats    ]     CWR: <total>                    516 us
[22.204s][info][gc,stats    ]     CWR: Code Cache Roots           398 us, workers (us): 398, ---, ---, 
[22.204s][info][gc,stats    ]     CWR: VM Weak Roots              111 us, workers (us): 111, ---, ---, 
[22.204s][info][gc,stats    ]     CWR: CLDG Roots                   6 us, workers (us):   6, ---, ---, 
[22.204s][info][gc,stats    ]   Rendezvous                         90 us
[22.204s][info][gc,stats    ] Concurrent Cleanup                   31 us
[22.204s][info][gc,stats    ] Concurrent Class Unloading         2643 us
[22.204s][info][gc,stats    ]   Unlink Stale                     2323 us
[22.204s][info][gc,stats    ]     System Dictionary                 3 us
[22.204s][info][gc,stats    ]     Weak Class Links                  0 us
[22.204s][info][gc,stats    ]     Code Roots                     2319 us
[22.204s][info][gc,stats    ]   Rendezvous                        125 us
[22.204s][info][gc,stats    ]   Purge Unlinked                    122 us
[22.204s][info][gc,stats    ]     Code Roots                      113 us
[22.204s][info][gc,stats    ]     CLDG                              8 us
[22.204s][info][gc,stats    ]     Exception Caches                  0 us
[22.204s][info][gc,stats    ] Pause Final Roots (G)               190 us
[22.204s][info][gc,stats    ] Pause Final Roots (N)                75 us
[22.204s][info][gc,stats    ] 
[22.204s][info][gc,stats    ] Allocation pacing accrued:
[22.204s][info][gc,stats    ]       0 of   205 ms (  0.0%): <total>
[22.204s][info][gc,stats    ]       0 of   205 ms (  0.0%): <average total>
[22.204s][info][gc,stats    ] 
[22.204s][info][gc,metaspace] Metaspace: 12432K(12736K)->12432K(12736K) NonClass: 10777K(10944K)->10777K(10944K) Class: 1655K(1792K)->1655K(1792K)
[22.204s][info][gc,ergo     ] Pacer for Idle. Initial: 163M, Alloc Tax Rate: 1.0x
[22.382s][info][gc          ] Trigger: Explicit GC request (System.gc())
[22.382s][info][gc,ergo     ] Free: 7621M, Max: 4096K regular, 7544M humongous, Frag: 0% external, 0% internal; Reserve: 412M, Max: 4096K
[22.382s][info][gc,start    ] GC(99) Concurrent reset
[22.382s][info][gc,task     ] GC(99) Using 1 of 3 workers for concurrent reset
[22.382s][info][gc,ergo     ] GC(99) Pacer for Reset. Non-Taxable: 8192M
[22.382s][info][gc          ] GC(99) Concurrent reset 0.277ms
[22.382s][info][gc,start    ] GC(99) Pause Init Mark (unload classes)
[22.382s][info][gc,task     ] GC(99) Using 3 of 3 workers for init marking
[22.382s][info][gc,ref      ] GC(99) Clearing All SoftReferences
[22.382s][info][gc,ergo     ] GC(99) Pacer for Mark. Expected Live: 25381K, Free: 7621M, Non-Taxable: 762M, Alloc Tax Rate: 0.0x
[22.382s][info][gc          ] GC(99) Pause Init Mark (unload classes) 0.108ms
[22.382s][info][gc,start    ] GC(99) Concurrent marking roots
[22.382s][info][gc,task     ] GC(99) Using 1 of 3 workers for concurrent marking roots
[22.383s][info][gc          ] GC(99) Concurrent marking roots 0.420ms
[22.383s][info][gc,start    ] GC(99) Concurrent marking (unload classes)
[22.383s][info][gc,task     ] GC(99) Using 1 of 3 workers for concurrent marking
[22.403s][info][gc          ] GC(99) Concurrent marking (unload classes) 19.989ms
[22.403s][info][gc,start    ] GC(99) Pause Final Mark (unload classes)
[22.403s][info][gc,task     ] GC(99) Using 3 of 3 workers for final marking
[22.403s][info][gc,ergo     ] GC(99) Adaptive CSet Selection. Target Free: 1160M, Actual Free: 8075M, Max CSet: 341M, Min Garbage: 0B
[22.403s][info][gc,ergo     ] GC(99) Collectable Garbage: 131M (98%), Immediate: 119M (89%), CSet: 12269K (8%)
[22.403s][info][gc,ergo     ] GC(99) Pacer for Evacuation. Used CSet: 12270K, Free: 7741M, Non-Taxable: 774M, Alloc Tax Rate: 1.1x
[22.403s][info][gc          ] GC(99) Pause Final Mark (unload classes) 0.440ms
[22.403s][info][gc,start    ] GC(99) Concurrent thread roots
[22.403s][info][gc,task     ] GC(99) Using 1 of 3 workers for Concurrent thread roots
[22.404s][info][gc          ] GC(99) Concurrent thread roots 0.629ms
[22.404s][info][gc,start    ] GC(99) Concurrent weak references
[22.404s][info][gc,task     ] GC(99) Using 1 of 3 workers for concurrent weak references
[22.404s][info][gc,ref      ] GC(99) Encountered references: Soft: 154, Weak: 720, Final: 0, Phantom: 33
[22.404s][info][gc,ref      ] GC(99) Discovered  references: Soft: 96, Weak: 158, Final: 0, Phantom: 31
[22.404s][info][gc,ref      ] GC(99) Enqueued    references: Soft: 3, Weak: 0, Final: 0, Phantom: 0
[22.404s][info][gc          ] GC(99) Concurrent weak references 0.111ms
[22.404s][info][gc,start    ] GC(99) Concurrent weak roots
[22.404s][info][gc,task     ] GC(99) Using 1 of 3 workers for concurrent weak root
[22.405s][info][gc          ] GC(99) Concurrent weak roots 0.578ms
[22.405s][info][gc,start    ] GC(99) Concurrent cleanup
[22.405s][info][gc          ] GC(99) Concurrent cleanup 158M->38M(8192M) 0.024ms
[22.405s][info][gc,ergo     ] GC(99) Free: 7741M, Max: 4096K regular, 7548M humongous, Frag: 2% external, 0% internal; Reserve: 411M, Max: 4096K
[22.405s][info][gc,start    ] GC(99) Concurrent class unloading
[22.405s][info][gc,task     ] GC(99) Using 1 of 3 workers for concurrent class unloading
[22.407s][info][gc          ] GC(99) Concurrent class unloading 1.982ms
[22.407s][info][gc,start    ] GC(99) Concurrent strong roots
[22.407s][info][gc,task     ] GC(99) Using 1 of 3 workers for concurrent strong root
[22.407s][info][gc          ] GC(99) Concurrent strong roots 0.148ms
[22.407s][info][gc,start    ] GC(99) Concurrent evacuation
[22.407s][info][gc,task     ] GC(99) Using 1 of 3 workers for concurrent evacuation
[22.407s][info][gc          ] GC(99) Concurrent evacuation 0.128ms
[22.407s][info][gc,start    ] GC(99) Pause Init Update Refs
[22.407s][info][gc,ergo     ] GC(99) Pacer for Update Refs. Used: 39067K, Free: 7741M, Non-Taxable: 774M, Alloc Tax Rate: 1.1x
[22.407s][info][gc          ] GC(99) Pause Init Update Refs 0.087ms
[22.407s][info][gc,start    ] GC(99) Concurrent update references
[22.407s][info][gc,task     ] GC(99) Using 1 of 3 workers for concurrent reference update
[22.417s][info][gc          ] GC(99) Concurrent update references 9.644ms
[22.417s][info][gc,start    ] GC(99) Concurrent update thread roots
[22.418s][info][gc          ] GC(99) Concurrent update thread roots 0.867ms
[22.418s][info][gc,start    ] GC(99) Pause Final Update Refs
[22.418s][info][gc,task     ] GC(99) Using 3 of 3 workers for final reference update
[22.418s][info][gc          ] GC(99) Pause Final Update Refs 0.209ms
[22.418s][info][gc,start    ] GC(99) Concurrent cleanup
[22.418s][info][gc          ] GC(99) Concurrent cleanup 38M->26M(8192M) 0.030ms
[22.418s][info][gc,ergo     ] Free: 7753M, Max: 4096K regular, 7672M humongous, Frag: 0% external, 0% internal; Reserve: 412M, Max: 4096K
[22.418s][info][gc,stats    ] 
[22.418s][info][gc,stats    ] All times are wall-clock times, except per-root-class counters, that are sum over
[22.418s][info][gc,stats    ] all workers. Dividing the <total> over the root stage time estimates parallelism.
[22.418s][info][gc,stats    ] 
[22.418s][info][gc,stats    ] Concurrent Reset                    315 us
[22.418s][info][gc,stats    ] Pause Init Mark (G)                 170 us
[22.418s][info][gc,stats    ] Pause Init Mark (N)                 116 us
[22.418s][info][gc,stats    ]   Update Region States               39 us
[22.418s][info][gc,stats    ] Concurrent Mark Roots               441 us, parallelism: 0.74x
[22.418s][info][gc,stats    ]   CMR: <total>                      325 us
[22.418s][info][gc,stats    ]   CMR: Thread Roots                 281 us, workers (us): 281, ---, ---, 
[22.418s][info][gc,stats    ]   CMR: VM Strong Roots                5 us, workers (us):   5, ---, ---, 
[22.418s][info][gc,stats    ]   CMR: CLDG Roots                    39 us, workers (us):  39, ---, ---, 
[22.418s][info][gc,stats    ] Concurrent Marking                20038 us
[22.418s][info][gc,stats    ] Pause Final Mark (G)                567 us
[22.418s][info][gc,stats    ] Pause Final Mark (N)                461 us
[22.418s][info][gc,stats    ]   Finish Mark                        94 us
[22.418s][info][gc,stats    ]   Update Region States               96 us
[22.418s][info][gc,stats    ]   Choose Collection Set             102 us
[22.419s][info][gc,stats    ]   Rebuild Free Set                   21 us
[22.419s][info][gc,stats    ] Concurrent Thread Roots             646 us, parallelism: 0.87x
[22.419s][info][gc,stats    ]   CTR: <total>                      561 us
[22.419s][info][gc,stats    ]   CTR: Thread Roots                 561 us, workers (us): 561, ---, ---, 
[22.419s][info][gc,stats    ] Concurrent Weak References          119 us, parallelism: 0.21x
[22.419s][info][gc,stats    ]   CWRF: <total>                      25 us
[22.419s][info][gc,stats    ]   CWRF: Weak References              25 us, workers (us):  25, ---, ---, 
[22.419s][info][gc,stats    ] Concurrent Weak Roots               598 us
[22.419s][info][gc,stats    ]   Roots                             454 us, parallelism: 0.89x
[22.419s][info][gc,stats    ]     CWR: <total>                    403 us
[22.419s][info][gc,stats    ]     CWR: Code Cache Roots           332 us, workers (us): 332, ---, ---, 
[22.419s][info][gc,stats    ]     CWR: VM Weak Roots               65 us, workers (us):  65, ---, ---, 
[22.419s][info][gc,stats    ]     CWR: CLDG Roots                   6 us, workers (us):   6, ---, ---, 
[22.419s][info][gc,stats    ]   Rendezvous                        108 us
[22.419s][info][gc,stats    ] Concurrent Cleanup                   32 us
[22.419s][info][gc,stats    ] Concurrent Class Unloading         2020 us
[22.419s][info][gc,stats    ]   Unlink Stale                     1758 us
[22.419s][info][gc,stats    ]     System Dictionary                 4 us
[22.419s][info][gc,stats    ]     Weak Class Links                  0 us
[22.419s][info][gc,stats    ]     Code Roots                     1753 us
[22.419s][info][gc,stats    ]   Rendezvous                        129 us
[22.419s][info][gc,stats    ]   Purge Unlinked                     73 us
[22.419s][info][gc,stats    ]     Code Roots                       68 us
[22.419s][info][gc,stats    ]     CLDG                              5 us
[22.419s][info][gc,stats    ]     Exception Caches                  0 us
[22.419s][info][gc,stats    ] Concurrent Strong Roots             185 us, parallelism: 0.22x
[22.419s][info][gc,stats    ]   CSR: <total>                       40 us
[22.419s][info][gc,stats    ]   CSR: VM Strong Roots                3 us, workers (us):   3, ---, ---, 
[22.419s][info][gc,stats    ]   CSR: CLDG Roots                    37 us, workers (us):  37, ---, ---, 
[22.419s][info][gc,stats    ] Concurrent Evacuation               165 us
[22.419s][info][gc,stats    ] Pause Init Update Refs (G)          218 us
[22.419s][info][gc,stats    ] Pause Init Update Refs (N)          104 us
[22.419s][info][gc,stats    ]   Manage GCLABs                       3 us
[22.419s][info][gc,stats    ] Concurrent Update Refs             9711 us
[22.419s][info][gc,stats    ] Concurrent Update Thread Roots      885 us
[22.419s][info][gc,stats    ] Pause Final Update Refs (G)         302 us
[22.419s][info][gc,stats    ] Pause Final Update Refs (N)         236 us
[22.419s][info][gc,stats    ]   Update Region States               75 us
[22.419s][info][gc,stats    ]   Trash Collection Set                6 us
[22.419s][info][gc,stats    ]   Rebuild Free Set                   31 us
[22.419s][info][gc,stats    ] Concurrent Cleanup                   40 us
[22.419s][info][gc,stats    ] 
[22.419s][info][gc,stats    ] Allocation pacing accrued:
[22.419s][info][gc,stats    ]       0 of   215 ms (  0.0%): <total>
[22.419s][info][gc,stats    ]       0 of   215 ms (  0.0%): <average total>
[22.419s][info][gc,stats    ] 
[22.419s][info][gc,metaspace] Metaspace: 12433K(12736K)->12433K(12736K) NonClass: 10777K(10944K)->10777K(10944K) Class: 1655K(1792K)->1655K(1792K)
[22.419s][info][gc,ergo     ] Pacer for Idle. Initial: 163M, Alloc Tax Rate: 1.0x
[22.601s][info][gc          ] Cancelling GC: Stopping VM
[22.617s][info][gc,heap,exit] Heap
[22.617s][info][gc,heap,exit] Shenandoah Heap
[22.617s][info][gc,heap,exit]  8192M max, 8192M soft max, 8192M committed, 162M used
[22.617s][info][gc,heap,exit]  2048 x 4096K regions
[22.617s][info][gc,heap,exit] Status: cancelled
[22.617s][info][gc,heap,exit] Reserved region:
[22.617s][info][gc,heap,exit]  - [0x0000000600000000, 0x0000000800000000) 
[22.617s][info][gc,heap,exit] Collection set:
[22.617s][info][gc,heap,exit]  - map (vanilla): 0x0000000000011800
[22.617s][info][gc,heap,exit]  - map (biased):  0x0000000000010000
[22.617s][info][gc,heap,exit] 
[22.617s][info][gc,heap,exit]  Metaspace       used 12567K, committed 12864K, reserved 1114112K
[22.617s][info][gc,heap,exit]   class space    used 1664K, committed 1792K, reserved 1048576K
[22.617s][info][gc,stats    ] 
[22.617s][info][gc,stats    ] GC STATISTICS:
[22.617s][info][gc,stats    ]   "(G)" (gross) pauses include VM time: time to notify and block threads, do the pre-
[22.617s][info][gc,stats    ]         and post-safepoint housekeeping. Use -Xlog:safepoint+stats to dissect.
[22.617s][info][gc,stats    ]   "(N)" (net) pauses are the times spent in the actual GC code.
[22.617s][info][gc,stats    ]   "a" is average time for each phase, look at levels to see if average makes sense.
[22.617s][info][gc,stats    ]   "lvls" are quantiles: 0% (minimum), 25%, 50% (median), 75%, 100% (maximum).
[22.617s][info][gc,stats    ] 
[22.617s][info][gc,stats    ]   All times are wall-clock times, except per-root-class counters, that are sum over
[22.617s][info][gc,stats    ]   all workers. Dividing the <total> over the root stage time estimates parallelism.
[22.617s][info][gc,stats    ] 
[22.617s][info][gc,stats    ]   Pacing delays are measured from entering the pacing code till exiting it. Therefore,
[22.617s][info][gc,stats    ]   observed pacing delays may be higher than the threshold when paced thread spent more
[22.617s][info][gc,stats    ]   time in the pacing code. It usually happens when thread is de-scheduled while paced,
[22.617s][info][gc,stats    ]   OS takes longer to unblock the thread, or JVM experiences an STW pause.
[22.617s][info][gc,stats    ] 
[22.617s][info][gc,stats    ]   Higher delay would prevent application outpacing the GC, but it will hide the GC latencies
[22.617s][info][gc,stats    ]   from the STW pause times. Pacing affects the individual threads, and so it would also be
[22.617s][info][gc,stats    ]   invisible to the usual profiling tools, but would add up to end-to-end application latency.
[22.617s][info][gc,stats    ]   Raise max pacing delay with care.
[22.617s][info][gc,stats    ] 
[22.618s][info][gc,stats    ] Concurrent Reset               =    0.044 s (a =      438 us) (n =   100) (lvls, us =      221,      342,      414,      527,      792)
[22.618s][info][gc,stats    ] Pause Init Mark (G)            =    0.031 s (a =      313 us) (n =   100) (lvls, us =      170,      242,      291,      369,      626)
[22.618s][info][gc,stats    ] Pause Init Mark (N)            =    0.021 s (a =      205 us) (n =   100) (lvls, us =       98,      154,      193,      236,      459)
[22.618s][info][gc,stats    ]   Update Region States         =    0.008 s (a =       81 us) (n =   100) (lvls, us =       35,       68,       74,       87,      309)
[22.618s][info][gc,stats    ] Concurrent Mark Roots          =    0.060 s (a =      601 us) (n =   100) (lvls, us =      377,      477,      543,      744,      827)
[22.618s][info][gc,stats    ]   CMR: <total>                 =    0.045 s (a =      446 us) (n =   100) (lvls, us =      311,      328,      375,      590,      680)
[22.618s][info][gc,stats    ]   CMR: Thread Roots            =    0.039 s (a =      389 us) (n =   100) (lvls, us =      270,      285,      326,      510,      608)
[22.618s][info][gc,stats    ]   CMR: VM Strong Roots         =    0.001 s (a =        6 us) (n =   100) (lvls, us =        3,        4,        5,        6,       45)
[22.618s][info][gc,stats    ]   CMR: CLDG Roots              =    0.005 s (a =       52 us) (n =   100) (lvls, us =       31,       37,       44,       63,      180)
[22.618s][info][gc,stats    ] Concurrent Marking             =    2.007 s (a =    20066 us) (n =   100) (lvls, us =    19531,    19727,    19922,    20117,    22297)
[22.618s][info][gc,stats    ] Pause Final Mark (G)           =    0.051 s (a =      507 us) (n =   100) (lvls, us =      215,      445,      523,      570,      715)
[22.618s][info][gc,stats    ] Pause Final Mark (N)           =    0.040 s (a =      401 us) (n =   100) (lvls, us =      174,      334,      408,      461,      612)
[22.618s][info][gc,stats    ]   Finish Mark                  =    0.012 s (a =      119 us) (n =   100) (lvls, us =       43,       91,       99,      141,      325)
[22.618s][info][gc,stats    ]   Update Region States         =    0.008 s (a =       82 us) (n =   100) (lvls, us =       32,       61,       75,      100,      124)
[22.618s][info][gc,stats    ]   Choose Collection Set        =    0.007 s (a =       71 us) (n =   100) (lvls, us =       32,       53,       73,       77,      176)
[22.618s][info][gc,stats    ]   Rebuild Free Set             =    0.002 s (a =       20 us) (n =   100) (lvls, us =        7,       21,       21,       21,      127)
[22.618s][info][gc,stats    ] Concurrent Thread Roots        =    0.010 s (a =      473 us) (n =    22) (lvls, us =      350,      383,      424,      469,      744)
[22.618s][info][gc,stats    ]   CTR: <total>                 =    0.008 s (a =      344 us) (n =    22) (lvls, us =      271,      281,      289,      314,      569)
[22.618s][info][gc,stats    ]   CTR: Thread Roots            =    0.008 s (a =      344 us) (n =    22) (lvls, us =      271,      281,      289,      314,      569)
[22.618s][info][gc,stats    ] Concurrent Weak References     =    0.016 s (a =      163 us) (n =   100) (lvls, us =       90,      131,      158,      186,      268)
[22.618s][info][gc,stats    ]   CWRF: <total>                =    0.001 s (a =       13 us) (n =   100) (lvls, us =        6,        7,       11,       15,      106)
[22.618s][info][gc,stats    ]   CWRF: Weak References        =    0.001 s (a =       13 us) (n =   100) (lvls, us =        6,        7,       11,       15,      106)
[22.618s][info][gc,stats    ] Concurrent Weak Roots          =    0.061 s (a =      606 us) (n =   100) (lvls, us =      428,      553,      586,      654,      945)
[22.618s][info][gc,stats    ]   Roots                        =    0.047 s (a =      467 us) (n =   100) (lvls, us =      350,      420,      449,      508,      662)
[22.618s][info][gc,stats    ]     CWR: <total>               =    0.041 s (a =      408 us) (n =   100) (lvls, us =      316,      369,      387,      443,      589)
[22.618s][info][gc,stats    ]     CWR: Code Cache Roots      =    0.032 s (a =      324 us) (n =   100) (lvls, us =      242,      299,      316,      342,      452)
[22.618s][info][gc,stats    ]     CWR: VM Weak Roots         =    0.008 s (a =       78 us) (n =   100) (lvls, us =       58,       61,       63,       97,      306)
[22.618s][info][gc,stats    ]     CWR: CLDG Roots            =    0.001 s (a =        6 us) (n =   100) (lvls, us =        5,        5,        6,        6,       16)
[22.618s][info][gc,stats    ]   Rendezvous                   =    0.009 s (a =       93 us) (n =   100) (lvls, us =       32,       62,      100,      104,      332)
[22.618s][info][gc,stats    ] Concurrent Cleanup             =    0.003 s (a =       34 us) (n =   100) (lvls, us =       27,       30,       32,       36,       61)
[22.618s][info][gc,stats    ] Concurrent Class Unloading     =    0.214 s (a =     2144 us) (n =   100) (lvls, us =     1465,     1934,     2090,     2285,     3591)
[22.618s][info][gc,stats    ]   Unlink Stale                 =    0.183 s (a =     1833 us) (n =   100) (lvls, us =     1270,     1660,     1777,     1953,     3300)
[22.618s][info][gc,stats    ]     System Dictionary          =    0.001 s (a =        5 us) (n =   100) (lvls, us =        2,        3,        3,        5,       58)
[22.618s][info][gc,stats    ]     Weak Class Links           =    0.002 s (a =       24 us) (n =   100) (lvls, us =        0,        0,        0,        0,     1210)
[22.618s][info][gc,stats    ]     Code Roots                 =    0.180 s (a =     1802 us) (n =   100) (lvls, us =     1270,     1641,     1738,     1953,     2593)
[22.618s][info][gc,stats    ]   Rendezvous                   =    0.012 s (a =      123 us) (n =   100) (lvls, us =       24,       55,      100,      158,      505)
[22.618s][info][gc,stats    ]   Purge Unlinked               =    0.012 s (a =      122 us) (n =   100) (lvls, us =       69,      100,      117,      141,      211)
[22.618s][info][gc,stats    ]     Code Roots                 =    0.011 s (a =      114 us) (n =   100) (lvls, us =       65,       93,      107,      131,      197)
[22.618s][info][gc,stats    ]     CLDG                       =    0.001 s (a =        7 us) (n =   100) (lvls, us =        3,        5,        8,        9,       24)
[22.618s][info][gc,stats    ]     Exception Caches           =    0.000 s (a =        0 us) (n =   100) (lvls, us =        0,        0,        0,        0,        1)
[22.618s][info][gc,stats    ] Concurrent Strong Roots        =    0.003 s (a =      158 us) (n =    22) (lvls, us =       98,      111,      121,      172,      479)
[22.618s][info][gc,stats    ]   CSR: <total>                 =    0.001 s (a =       45 us) (n =    22) (lvls, us =       25,       26,       29,       34,      329)
[22.618s][info][gc,stats    ]   CSR: VM Strong Roots         =    0.000 s (a =        3 us) (n =    22) (lvls, us =        2,        2,        2,        3,       16)
[22.618s][info][gc,stats    ]   CSR: CLDG Roots              =    0.001 s (a =       42 us) (n =    22) (lvls, us =       22,       24,       27,       31,      313)
[22.618s][info][gc,stats    ] Concurrent Evacuation          =    0.022 s (a =      982 us) (n =    22) (lvls, us =      123,      135,      176,      193,    16930)
[22.618s][info][gc,stats    ] Pause Final Roots (G)          =    0.010 s (a =      131 us) (n =    78) (lvls, us =       52,       84,      100,      189,      297)
[22.618s][info][gc,stats    ] Pause Final Roots (N)          =    0.004 s (a =       49 us) (n =    78) (lvls, us =       20,       28,       30,       74,      180)
[22.618s][info][gc,stats    ] Pause Init Update Refs (G)     =    0.004 s (a =      185 us) (n =    22) (lvls, us =       96,      115,      199,      215,      281)
[22.618s][info][gc,stats    ] Pause Init Update Refs (N)     =    0.002 s (a =       88 us) (n =    22) (lvls, us =       38,       45,      100,      102,      127)
[22.618s][info][gc,stats    ]   Manage GCLABs                =    0.000 s (a =        3 us) (n =    22) (lvls, us =        2,        2,        3,        3,        5)
[22.618s][info][gc,stats    ] Concurrent Update Refs         =    0.222 s (a =    10089 us) (n =    22) (lvls, us =     9609,     9707,     9941,    10352,    10759)
[22.618s][info][gc,stats    ] Concurrent Update Thread Roots =    0.017 s (a =      791 us) (n =    22) (lvls, us =      439,      746,      840,      854,      920)
[22.618s][info][gc,stats    ] Pause Final Update Refs (G)    =    0.007 s (a =      296 us) (n =    22) (lvls, us =      176,      258,      301,      330,      470)
[22.618s][info][gc,stats    ] Pause Final Update Refs (N)    =    0.005 s (a =      214 us) (n =    22) (lvls, us =      123,      168,      211,      225,      385)
[22.618s][info][gc,stats    ]   Update Region States         =    0.002 s (a =       75 us) (n =    22) (lvls, us =       56,       63,       73,       76,      122)
[22.619s][info][gc,stats    ]   Trash Collection Set         =    0.000 s (a =        5 us) (n =    22) (lvls, us =        2,        3,        4,        6,        6)
[22.619s][info][gc,stats    ]   Rebuild Free Set             =    0.001 s (a =       25 us) (n =    22) (lvls, us =       13,       18,       27,       29,       31)
[22.619s][info][gc,stats    ] Concurrent Cleanup             =    0.001 s (a =       50 us) (n =    22) (lvls, us =       36,       38,       40,       49,       77)
[22.619s][info][gc,stats    ] 
[22.619s][info][gc,stats    ] 
[22.619s][info][gc,stats    ] Under allocation pressure, concurrent cycles may cancel, and either continue cycle
[22.619s][info][gc,stats    ] under stop-the-world pause or result in stop-the-world Full GC. Increase heap size,
[22.619s][info][gc,stats    ] tune GC heuristics, set more aggressive pacing delay, or lower allocation rate
[22.619s][info][gc,stats    ] to avoid Degenerated and Full GC cycles.
[22.619s][info][gc,stats    ] 
[22.619s][info][gc,stats    ]   100 successful concurrent GCs
[22.619s][info][gc,stats    ]     100 invoked explicitly
[22.619s][info][gc,stats    ]       0 invoked implicitly
[22.619s][info][gc,stats    ] 
[22.619s][info][gc,stats    ]     0 Degenerated GCs
[22.619s][info][gc,stats    ]       0 caused by allocation failure
[22.619s][info][gc,stats    ]       0 upgraded to Full GC
[22.619s][info][gc,stats    ] 
[22.619s][info][gc,stats    ]     0 Full GCs
[22.619s][info][gc,stats    ]       0 invoked explicitly
[22.619s][info][gc,stats    ]       0 invoked implicitly
[22.619s][info][gc,stats    ]       0 caused by allocation failure
[22.619s][info][gc,stats    ]       0 upgraded from Degenerated GC
[22.619s][info][gc,stats    ] 
[22.619s][info][gc,stats    ] 
