[0.004s][info][gc] Min heap equals to max heap, disabling ShenandoahUncommit
[0.007s][info][gc] Heuristics ergonomically sets -XX:+ExplicitGCInvokesConcurrent
[0.007s][info][gc] Heuristics ergonomically sets -XX:+ShenandoahImplicitGCInvokesConcurrent
[0.007s][info][gc] Using Shenandoah
[0.010s][info][gc,ergo] Pacer for Idle. Initial: 41943K, Alloc Tax Rate: 1.0x
[0.011s][info][gc,init] Version: 17.0.12+7-adhoc..jdk17u (release)
[0.011s][info][gc,init] CPUs: 6 total, 6 available
[0.011s][info][gc,init] Memory: 15591M
[0.011s][info][gc,init] Large Page Support: Disabled
[0.011s][info][gc,init] NUMA Support: Disabled
[0.013s][info][gc,init] Compressed Oops: Enabled (32-bit)
[0.013s][info][gc,init] Heap Min Capacity: 2G
[0.013s][info][gc,init] Heap Initial Capacity: 2G
[0.013s][info][gc,init] Heap Max Capacity: 2G
[0.013s][info][gc,init] Pre-touch: Disabled
[0.013s][info][gc,init] Mode: Snapshot-At-The-Beginning (SATB)
[0.013s][info][gc,init] Heuristics: Adaptive
[0.013s][info][gc,init] Heap Region Count: 2048
[0.013s][info][gc,init] Heap Region Size: 1M
[0.013s][info][gc,init] TLAB Size Max: 1M
[0.013s][info][gc,init] Humongous Object Threshold: 1M
[0.013s][info][gc,init] Parallel Workers: 3
[0.013s][info][gc,init] Concurrent Workers: 1
[0.022s][info][gc,metaspace] CDS archive(s) mapped at: [0x000001aa4e000000-0x000001aa4ebc0000-0x000001aa4ebc0000), size 12320768, SharedBaseAddress: 0x000001aa4e000000, ArchiveRelocationMode: 1.
[0.022s][info][gc,metaspace] Compressed class space mapped at: 0x000001aa4f000000-0x000001aa8f000000, reserved size: 1073741824
[0.022s][info][gc,metaspace] Narrow klass base: 0x000001aa4e000000, Narrow klass shift: 0, Narrow klass range: 0x100000000
[7.231s][info][gc          ] Trigger: Metadata GC Threshold
[7.232s][info][gc,ergo     ] Free: 1861M, Max: 1024K regular, 1861M humongous, Frag: 0% external, 0% internal; Reserve: 103M, Max: 1024K
[7.232s][info][gc,start    ] GC(0) Concurrent reset
[7.232s][info][gc,task     ] GC(0) Using 1 of 3 workers for concurrent reset
[7.232s][info][gc,ergo     ] GC(0) Pacer for Reset. Non-Taxable: 2048M
[7.232s][info][gc          ] GC(0) Concurrent reset 0.103ms
[7.232s][info][gc,start    ] GC(0) Pause Init Mark (unload classes)
[7.232s][info][gc,task     ] GC(0) Using 3 of 3 workers for init marking
[7.232s][info][gc,ergo     ] GC(0) Pacer for Mark. Expected Live: 204M, Free: 1861M, Non-Taxable: 186M, Alloc Tax Rate: 0.1x
[7.232s][info][gc          ] GC(0) Pause Init Mark (unload classes) 0.327ms
[7.232s][info][gc,start    ] GC(0) Concurrent marking roots
[7.232s][info][gc,task     ] GC(0) Using 1 of 3 workers for concurrent marking roots
[7.234s][info][gc          ] GC(0) Concurrent marking roots 2.156ms
[7.235s][info][gc,start    ] GC(0) Concurrent marking (unload classes)
[7.235s][info][gc,task     ] GC(0) Using 1 of 3 workers for concurrent marking
[7.246s][info][gc          ] GC(0) Concurrent marking (unload classes) 11.107ms
[7.246s][info][gc,start    ] GC(0) Pause Final Mark (unload classes)
[7.246s][info][gc,task     ] GC(0) Using 3 of 3 workers for final marking
[7.246s][info][gc,ergo     ] GC(0) Adaptive CSet Selection. Target Free: 290M, Actual Free: 1963M, Max CSet: 87381K, Min Garbage: 0B
[7.246s][info][gc,ergo     ] GC(0) Collectable Garbage: 64633K (98%), Immediate: 0B (0%), CSet: 64633K (98%)
[7.246s][info][gc,ergo     ] GC(0) Pacer for Evacuation. Used CSet: 74752K, Free: 1860M, Non-Taxable: 186M, Alloc Tax Rate: 1.1x
[7.246s][info][gc          ] GC(0) Pause Final Mark (unload classes) 0.365ms
[7.246s][info][gc,start    ] GC(0) Concurrent thread roots
[7.246s][info][gc,task     ] GC(0) Using 1 of 3 workers for Concurrent thread roots
[7.248s][info][gc          ] GC(0) Concurrent thread roots 1.608ms
[7.248s][info][gc,start    ] GC(0) Concurrent weak references
[7.248s][info][gc,task     ] GC(0) Using 1 of 3 workers for concurrent weak references
[7.248s][info][gc,ref      ] GC(0) Encountered references: Soft: 3527, Weak: 1302, Final: 0, Phantom: 873
[7.248s][info][gc,ref      ] GC(0) Discovered  references: Soft: 0, Weak: 524, Final: 0, Phantom: 717
[7.248s][info][gc,ref      ] GC(0) Enqueued    references: Soft: 0, Weak: 322, Final: 0, Phantom: 319
[7.248s][info][gc          ] GC(0) Concurrent weak references 0.377ms
[7.248s][info][gc,start    ] GC(0) Concurrent weak roots
[7.248s][info][gc,task     ] GC(0) Using 1 of 3 workers for concurrent weak root
[7.250s][info][gc          ] GC(0) Concurrent weak roots 1.480ms
[7.250s][info][gc,start    ] GC(0) Concurrent cleanup
[7.250s][info][gc          ] GC(0) Concurrent cleanup 83M->83M(2048M) 0.032ms
[7.250s][info][gc,ergo     ] GC(0) Free: 1860M, Max: 1024K regular, 1860M humongous, Frag: 0% external, 0% internal; Reserve: 102M, Max: 1024K
[7.250s][info][gc,start    ] GC(0) Concurrent class unloading
[7.250s][info][gc,task     ] GC(0) Using 1 of 3 workers for concurrent class unloading
[7.253s][info][gc          ] GC(0) Concurrent class unloading 2.707ms
[7.253s][info][gc,start    ] GC(0) Concurrent strong roots
[7.253s][info][gc,task     ] GC(0) Using 1 of 3 workers for concurrent strong root
[7.253s][info][gc          ] GC(0) Concurrent strong roots 0.729ms
[7.253s][info][gc,start    ] GC(0) Concurrent evacuation
[7.253s][info][gc,task     ] GC(0) Using 1 of 3 workers for concurrent evacuation
[7.261s][info][gc          ] GC(0) Concurrent evacuation 7.540ms
[7.261s][info][gc,start    ] GC(0) Pause Init Update Refs
[7.261s][info][gc,ergo     ] GC(0) Pacer for Update Refs. Used: 98718K, Free: 1858M, Non-Taxable: 185M, Alloc Tax Rate: 1.1x
[7.261s][info][gc          ] GC(0) Pause Init Update Refs 0.041ms
[7.261s][info][gc,start    ] GC(0) Concurrent update references
[7.261s][info][gc,task     ] GC(0) Using 1 of 3 workers for concurrent reference update
[7.268s][info][gc          ] GC(0) Concurrent update references 7.170ms
[7.268s][info][gc,start    ] GC(0) Concurrent update thread roots
[7.278s][info][gc          ] GC(0) Concurrent update thread roots 9.957ms
[7.278s][info][gc,start    ] GC(0) Pause Final Update Refs
[7.279s][info][gc,task     ] GC(0) Using 3 of 3 workers for final reference update
[7.279s][info][gc          ] GC(0) Pause Final Update Refs 0.123ms
[7.279s][info][gc,start    ] GC(0) Concurrent cleanup
[7.279s][info][gc          ] GC(0) Concurrent cleanup 96M->23M(2048M) 0.086ms
[7.279s][info][gc,ergo     ] Free: 1920M, Max: 1024K regular, 1847M humongous, Frag: 4% external, 0% internal; Reserve: 103M, Max: 1024K
[7.279s][info][gc,stats    ] 
[7.279s][info][gc,stats    ] All times are wall-clock times, except per-root-class counters, that are sum over
[7.279s][info][gc,stats    ] all workers. Dividing the <total> over the root stage time estimates parallelism.
[7.279s][info][gc,stats    ] 
[7.279s][info][gc,stats    ] Concurrent Reset                    141 us
[7.279s][info][gc,stats    ] Pause Init Mark (G)                 534 us
[7.279s][info][gc,stats    ] Pause Init Mark (N)                 344 us
[7.279s][info][gc,stats    ]   Update Region States               47 us
[7.279s][info][gc,stats    ] Concurrent Mark Roots              2200 us, parallelism: 0.92x
[7.279s][info][gc,stats    ]   CMR: <total>                     2029 us
[7.279s][info][gc,stats    ]   CMR: Thread Roots                1705 us, workers (us): 1705, ---, ---, 
[7.279s][info][gc,stats    ]   CMR: VM Strong Roots               66 us, workers (us):  66, ---, ---, 
[7.279s][info][gc,stats    ]   CMR: CLDG Roots                   258 us, workers (us): 258, ---, ---, 
[7.279s][info][gc,stats    ] Concurrent Marking                11170 us
[7.279s][info][gc,stats    ] Pause Final Mark (G)                511 us
[7.279s][info][gc,stats    ] Pause Final Mark (N)                383 us
[7.279s][info][gc,stats    ]   Finish Mark                       102 us
[7.279s][info][gc,stats    ]   Update Region States               65 us
[7.279s][info][gc,stats    ]   Choose Collection Set              86 us
[7.279s][info][gc,stats    ]   Rebuild Free Set                   17 us
[7.279s][info][gc,stats    ] Concurrent Thread Roots            1652 us, parallelism: 0.90x
[7.279s][info][gc,stats    ]   CTR: <total>                     1490 us
[7.279s][info][gc,stats    ]   CTR: Thread Roots                1490 us, workers (us): 1490, ---, ---, 
[7.279s][info][gc,stats    ] Concurrent Weak References          384 us, parallelism: 0.58x
[7.280s][info][gc,stats    ]   CWRF: <total>                     223 us
[7.280s][info][gc,stats    ]   CWRF: Weak References             223 us, workers (us): 223, ---, ---, 
[7.280s][info][gc,stats    ] Concurrent Weak Roots              1531 us
[7.280s][info][gc,stats    ]   Roots                            1387 us, parallelism: 0.93x
[7.280s][info][gc,stats    ]     CWR: <total>                   1292 us
[7.280s][info][gc,stats    ]     CWR: Code Cache Roots           444 us, workers (us): 444, ---, ---, 
[7.280s][info][gc,stats    ]     CWR: VM Weak Roots              835 us, workers (us): 835, ---, ---, 
[7.280s][info][gc,stats    ]     CWR: CLDG Roots                  13 us, workers (us):  13, ---, ---, 
[7.280s][info][gc,stats    ]   Rendezvous                         75 us
[7.280s][info][gc,stats    ] Concurrent Cleanup                   41 us
[7.280s][info][gc,stats    ] Concurrent Class Unloading         2763 us
[7.280s][info][gc,stats    ]   Unlink Stale                     2465 us
[7.280s][info][gc,stats    ]     System Dictionary                17 us
[7.280s][info][gc,stats    ]     Weak Class Links                  0 us
[7.280s][info][gc,stats    ]     Code Roots                     2446 us
[7.280s][info][gc,stats    ]   Rendezvous                         79 us
[7.280s][info][gc,stats    ]   Purge Unlinked                    145 us
[7.280s][info][gc,stats    ]     Code Roots                      138 us
[7.280s][info][gc,stats    ]     CLDG                              6 us
[7.280s][info][gc,stats    ]     Exception Caches                  0 us
[7.280s][info][gc,stats    ] Concurrent Strong Roots             770 us, parallelism: 0.84x
[7.280s][info][gc,stats    ]   CSR: <total>                      648 us
[7.280s][info][gc,stats    ]   CSR: VM Strong Roots               24 us, workers (us):  24, ---, ---, 
[7.280s][info][gc,stats    ]   CSR: CLDG Roots                   624 us, workers (us): 624, ---, ---, 
[7.280s][info][gc,stats    ] Concurrent Evacuation              7615 us
[7.280s][info][gc,stats    ] Pause Init Update Refs (G)          158 us
[7.280s][info][gc,stats    ] Pause Init Update Refs (N)           50 us
[7.280s][info][gc,stats    ]   Manage GCLABs                       3 us
[7.280s][info][gc,stats    ] Concurrent Update Refs             7245 us
[7.280s][info][gc,stats    ] Concurrent Update Thread Roots    10019 us
[7.280s][info][gc,stats    ] Pause Final Update Refs (G)         311 us
[7.280s][info][gc,stats    ] Pause Final Update Refs (N)         144 us
[7.280s][info][gc,stats    ]   Update Region States               55 us
[7.280s][info][gc,stats    ]   Trash Collection Set                3 us
[7.280s][info][gc,stats    ]   Rebuild Free Set                   15 us
[7.280s][info][gc,stats    ] Concurrent Cleanup                  112 us
[7.280s][info][gc,stats    ] 
[7.280s][info][gc,stats    ] Allocation pacing accrued:
[7.280s][info][gc,stats    ]       0 of  7269 ms (  0.0%): <total>
[7.280s][info][gc,stats    ]       0 of  7269 ms (  0.0%): <average total>
[7.280s][info][gc,stats    ] 
[7.280s][info][gc,metaspace] Metaspace: 21347K(21632K)->22306K(22592K) NonClass: 18629K(18816K)->19479K(19648K) Class: 2718K(2816K)->2827K(2944K)
[7.280s][info][gc,ergo     ] Pacer for Idle. Initial: 41943K, Alloc Tax Rate: 1.0x
[13.306s][info][gc          ] Trigger: Metadata GC Threshold
[13.306s][info][gc,ergo     ] Free: 1855M, Max: 1024K regular, 1847M humongous, Frag: 1% external, 0% internal; Reserve: 103M, Max: 1024K
[13.306s][info][gc,start    ] GC(1) Concurrent reset
[13.306s][info][gc,task     ] GC(1) Using 1 of 3 workers for concurrent reset
[13.306s][info][gc,ergo     ] GC(1) Pacer for Reset. Non-Taxable: 2048M
[13.307s][info][gc          ] GC(1) Concurrent reset 0.561ms
[13.307s][info][gc,start    ] GC(1) Pause Init Mark (unload classes)
[13.307s][info][gc,task     ] GC(1) Using 3 of 3 workers for init marking
[13.307s][info][gc,ergo     ] GC(1) Pacer for Mark. Expected Live: 18839K, Free: 1855M, Non-Taxable: 185M, Alloc Tax Rate: 0.0x
[13.307s][info][gc          ] GC(1) Pause Init Mark (unload classes) 0.142ms
[13.307s][info][gc,start    ] GC(1) Concurrent marking roots
[13.307s][info][gc,task     ] GC(1) Using 1 of 3 workers for concurrent marking roots
[13.310s][info][gc          ] GC(1) Concurrent marking roots 2.550ms
[13.310s][info][gc,start    ] GC(1) Concurrent marking (unload classes)
[13.310s][info][gc,task     ] GC(1) Using 1 of 3 workers for concurrent marking
[13.327s][info][gc          ] GC(1) Concurrent marking (unload classes) 17.202ms
[13.327s][info][gc,start    ] GC(1) Pause Final Mark (unload classes)
[13.327s][info][gc,task     ] GC(1) Using 3 of 3 workers for final marking
[13.327s][info][gc,ergo     ] GC(1) Adaptive CSet Selection. Target Free: 290M, Actual Free: 1956M, Max CSet: 87381K, Min Garbage: 0B
[13.327s][info][gc,ergo     ] GC(1) Collectable Garbage: 66076K (97%), Immediate: 0B (0%), CSet: 66076K (97%)
[13.328s][info][gc,ergo     ] GC(1) Pacer for Evacuation. Used CSet: 70466K, Free: 1853M, Non-Taxable: 185M, Alloc Tax Rate: 1.1x
[13.328s][info][gc          ] GC(1) Pause Final Mark (unload classes) 0.213ms
[13.328s][info][gc,start    ] GC(1) Concurrent thread roots
[13.328s][info][gc,task     ] GC(1) Using 1 of 3 workers for Concurrent thread roots
[13.331s][info][gc          ] GC(1) Concurrent thread roots 3.586ms
[13.331s][info][gc,start    ] GC(1) Concurrent weak references
[13.331s][info][gc,task     ] GC(1) Using 1 of 3 workers for concurrent weak references
[13.331s][info][gc,ref      ] GC(1) Encountered references: Soft: 3996, Weak: 2200, Final: 49, Phantom: 909
[13.331s][info][gc,ref      ] GC(1) Discovered  references: Soft: 0, Weak: 575, Final: 0, Phantom: 541
[13.331s][info][gc,ref      ] GC(1) Enqueued    references: Soft: 0, Weak: 246, Final: 0, Phantom: 349
[13.332s][info][gc          ] GC(1) Concurrent weak references 0.308ms
[13.332s][info][gc,start    ] GC(1) Concurrent weak roots
[13.332s][info][gc,task     ] GC(1) Using 1 of 3 workers for concurrent weak root
[13.334s][info][gc          ] GC(1) Concurrent weak roots 2.219ms
[13.334s][info][gc,start    ] GC(1) Concurrent cleanup
[13.334s][info][gc          ] GC(1) Concurrent cleanup 91M->91M(2048M) 0.040ms
[13.334s][info][gc,ergo     ] GC(1) Free: 1852M, Max: 1024K regular, 1847M humongous, Frag: 1% external, 0% internal; Reserve: 102M, Max: 1024K
[13.334s][info][gc,start    ] GC(1) Concurrent class unloading
[13.334s][info][gc,task     ] GC(1) Using 1 of 3 workers for concurrent class unloading
[13.339s][info][gc          ] GC(1) Concurrent class unloading 4.730ms
[13.339s][info][gc,start    ] GC(1) Concurrent strong roots
[13.339s][info][gc,task     ] GC(1) Using 1 of 3 workers for concurrent strong root
[13.339s][info][gc          ] GC(1) Concurrent strong roots 0.686ms
[13.339s][info][gc,start    ] GC(1) Concurrent evacuation
[13.339s][info][gc,task     ] GC(1) Using 1 of 3 workers for concurrent evacuation
[13.344s][info][gc          ] GC(1) Concurrent evacuation 4.308ms
[13.344s][info][gc,start    ] GC(1) Pause Init Update Refs
[13.344s][info][gc,ergo     ] GC(1) Pacer for Update Refs. Used: 98528K, Free: 1852M, Non-Taxable: 185M, Alloc Tax Rate: 1.1x
[13.344s][info][gc          ] GC(1) Pause Init Update Refs 0.065ms
[13.344s][info][gc,start    ] GC(1) Concurrent update references
[13.344s][info][gc,task     ] GC(1) Using 1 of 3 workers for concurrent reference update
[13.353s][info][gc          ] GC(1) Concurrent update references 8.832ms
[13.353s][info][gc,start    ] GC(1) Concurrent update thread roots
[13.355s][info][gc          ] GC(1) Concurrent update thread roots 1.704ms
[13.355s][info][gc,start    ] GC(1) Pause Final Update Refs
[13.355s][info][gc,task     ] GC(1) Using 3 of 3 workers for final reference update
[13.355s][info][gc          ] GC(1) Pause Final Update Refs 0.181ms
[13.355s][info][gc,start    ] GC(1) Concurrent cleanup
[13.355s][info][gc          ] GC(1) Concurrent cleanup 96M->27M(2048M) 0.040ms
[13.355s][info][gc,ergo     ] Free: 1916M, Max: 1024K regular, 1851M humongous, Frag: 4% external, 0% internal; Reserve: 103M, Max: 1024K
[13.355s][info][gc,stats    ] 
[13.355s][info][gc,stats    ] All times are wall-clock times, except per-root-class counters, that are sum over
[13.355s][info][gc,stats    ] all workers. Dividing the <total> over the root stage time estimates parallelism.
[13.355s][info][gc,stats    ] 
[13.355s][info][gc,stats    ] Concurrent Reset                    624 us
[13.355s][info][gc,stats    ] Pause Init Mark (G)                 409 us
[13.355s][info][gc,stats    ] Pause Init Mark (N)                 152 us
[13.355s][info][gc,stats    ]   Update Region States               59 us
[13.355s][info][gc,stats    ] Concurrent Mark Roots              2610 us, parallelism: 0.93x
[13.355s][info][gc,stats    ]   CMR: <total>                     2422 us
[13.355s][info][gc,stats    ]   CMR: Thread Roots                2296 us, workers (us): 2296, ---, ---, 
[13.355s][info][gc,stats    ]   CMR: VM Strong Roots               22 us, workers (us):  22, ---, ---, 
[13.355s][info][gc,stats    ]   CMR: CLDG Roots                   104 us, workers (us): 104, ---, ---, 
[13.355s][info][gc,stats    ] Concurrent Marking                17250 us
[13.355s][info][gc,stats    ] Pause Final Mark (G)                578 us
[13.355s][info][gc,stats    ] Pause Final Mark (N)                222 us
[13.355s][info][gc,stats    ]   Finish Mark                        42 us
[13.355s][info][gc,stats    ]   Update Region States               37 us
[13.355s][info][gc,stats    ]   Choose Collection Set              76 us
[13.355s][info][gc,stats    ]   Rebuild Free Set                    8 us
[13.355s][info][gc,stats    ] Concurrent Thread Roots            3633 us, parallelism: 0.97x
[13.355s][info][gc,stats    ]   CTR: <total>                     3518 us
[13.355s][info][gc,stats    ]   CTR: Thread Roots                3518 us, workers (us): 3518, ---, ---, 
[13.355s][info][gc,stats    ] Concurrent Weak References          316 us, parallelism: 0.68x
[13.355s][info][gc,stats    ]   CWRF: <total>                     213 us
[13.355s][info][gc,stats    ]   CWRF: Weak References             213 us, workers (us): 213, ---, ---, 
[13.355s][info][gc,stats    ] Concurrent Weak Roots              2272 us
[13.355s][info][gc,stats    ]   Roots                            1935 us, parallelism: 0.94x
[13.355s][info][gc,stats    ]     CWR: <total>                   1810 us
[13.355s][info][gc,stats    ]     CWR: Code Cache Roots           799 us, workers (us): 799, ---, ---, 
[13.355s][info][gc,stats    ]     CWR: VM Weak Roots              985 us, workers (us): 985, ---, ---, 
[13.355s][info][gc,stats    ]     CWR: CLDG Roots                  26 us, workers (us):  26, ---, ---, 
[13.355s][info][gc,stats    ]   Rendezvous                        263 us
[13.355s][info][gc,stats    ] Concurrent Cleanup                   49 us
[13.355s][info][gc,stats    ] Concurrent Class Unloading         4769 us
[13.355s][info][gc,stats    ]   Unlink Stale                     4440 us
[13.355s][info][gc,stats    ]     System Dictionary                29 us
[13.355s][info][gc,stats    ]     Weak Class Links                  0 us
[13.355s][info][gc,stats    ]     Code Roots                     4409 us
[13.355s][info][gc,stats    ]   Rendezvous                         86 us
[13.355s][info][gc,stats    ]   Purge Unlinked                    186 us
[13.355s][info][gc,stats    ]     Code Roots                      180 us
[13.355s][info][gc,stats    ]     CLDG                              6 us
[13.355s][info][gc,stats    ]     Exception Caches                  0 us
[13.355s][info][gc,stats    ] Concurrent Strong Roots             707 us, parallelism: 0.85x
[13.355s][info][gc,stats    ]   CSR: <total>                      598 us
[13.355s][info][gc,stats    ]   CSR: VM Strong Roots               14 us, workers (us):  14, ---, ---, 
[13.355s][info][gc,stats    ]   CSR: CLDG Roots                   584 us, workers (us): 584, ---, ---, 
[13.355s][info][gc,stats    ] Concurrent Evacuation              4374 us
[13.355s][info][gc,stats    ] Pause Init Update Refs (G)          203 us
[13.355s][info][gc,stats    ] Pause Init Update Refs (N)           73 us
[13.355s][info][gc,stats    ]   Manage GCLABs                       5 us
[13.355s][info][gc,stats    ] Concurrent Update Refs             8899 us
[13.355s][info][gc,stats    ] Concurrent Update Thread Roots     1753 us
[13.355s][info][gc,stats    ] Pause Final Update Refs (G)         279 us
[13.355s][info][gc,stats    ] Pause Final Update Refs (N)         204 us
[13.355s][info][gc,stats    ]   Update Region States               53 us
[13.355s][info][gc,stats    ]   Trash Collection Set                2 us
[13.355s][info][gc,stats    ]   Rebuild Free Set                   15 us
[13.355s][info][gc,stats    ] Concurrent Cleanup                   50 us
[13.355s][info][gc,stats    ] 
[13.355s][info][gc,stats    ] Allocation pacing accrued:
[13.355s][info][gc,stats    ]       0 of  6076 ms (  0.0%): <total>
[13.355s][info][gc,stats    ]       0 of  6076 ms (  0.0%): <average total>
[13.355s][info][gc,stats    ] 
[13.355s][info][gc,metaspace] Metaspace: 37233K(37632K)->37933K(38336K) NonClass: 32551K(32768K)->33120K(33344K) Class: 4682K(4864K)->4812K(4992K)
[13.355s][info][gc,ergo     ] Pacer for Idle. Initial: 41943K, Alloc Tax Rate: 1.0x
[14.398s][info][gc          ] Trigger: Learning 3 of 5. Free (1429M) is below initial threshold (1433M)
[14.398s][info][gc,ergo     ] Free: 1429M, Max: 1024K regular, 1429M humongous, Frag: 0% external, 0% internal; Reserve: 103M, Max: 1024K
[14.398s][info][gc,start    ] GC(2) Concurrent reset
[14.398s][info][gc,task     ] GC(2) Using 1 of 3 workers for concurrent reset
[14.398s][info][gc,ergo     ] GC(2) Pacer for Reset. Non-Taxable: 2048M
[14.399s][info][gc          ] GC(2) Concurrent reset 0.669ms
[14.399s][info][gc,start    ] GC(2) Pause Init Mark (unload classes)
[14.399s][info][gc,task     ] GC(2) Using 3 of 3 workers for init marking
[14.399s][info][gc,ergo     ] GC(2) Pacer for Mark. Expected Live: 20826K, Free: 1429M, Non-Taxable: 142M, Alloc Tax Rate: 0.0x
[14.399s][info][gc          ] GC(2) Pause Init Mark (unload classes) 0.234ms
[14.399s][info][gc,start    ] GC(2) Concurrent marking roots
[14.399s][info][gc,task     ] GC(2) Using 1 of 3 workers for concurrent marking roots
[14.404s][info][gc          ] GC(2) Concurrent marking roots 4.359ms
[14.404s][info][gc,start    ] GC(2) Concurrent marking (unload classes)
[14.404s][info][gc,task     ] GC(2) Using 1 of 3 workers for concurrent marking
[14.552s][info][gc          ] GC(2) Concurrent marking (unload classes) 147.806ms
[14.552s][info][gc,start    ] GC(2) Pause Final Mark (unload classes)
[14.552s][info][gc,task     ] GC(2) Using 3 of 3 workers for final marking
[14.552s][info][gc,ergo     ] GC(2) Adaptive CSet Selection. Target Free: 290M, Actual Free: 1401M, Max CSet: 87381K, Min Garbage: 0B
[14.552s][info][gc,ergo     ] GC(2) Collectable Garbage: 414M (99%), Immediate: 0B (0%), CSet: 414M (99%)
[14.552s][info][gc,ergo     ] GC(2) Pacer for Evacuation. Used CSet: 490M, Free: 1298M, Non-Taxable: 129M, Alloc Tax Rate: 1.1x
[14.552s][info][gc          ] GC(2) Pause Final Mark (unload classes) 0.504ms
[14.552s][info][gc,start    ] GC(2) Concurrent thread roots
[14.552s][info][gc,task     ] GC(2) Using 1 of 3 workers for Concurrent thread roots
[14.556s][info][gc          ] GC(2) Concurrent thread roots 3.880ms
[14.556s][info][gc,start    ] GC(2) Concurrent weak references
[14.556s][info][gc,task     ] GC(2) Using 1 of 3 workers for concurrent weak references
[14.556s][info][gc,ref      ] GC(2) Encountered references: Soft: 4311, Weak: 2649, Final: 51, Phantom: 930
[14.556s][info][gc,ref      ] GC(2) Discovered  references: Soft: 0, Weak: 574, Final: 0, Phantom: 652
[14.557s][info][gc,ref      ] GC(2) Enqueued    references: Soft: 0, Weak: 217, Final: 0, Phantom: 363
[14.557s][info][gc          ] GC(2) Concurrent weak references 0.251ms
[14.557s][info][gc,start    ] GC(2) Concurrent weak roots
[14.557s][info][gc,task     ] GC(2) Using 1 of 3 workers for concurrent weak root
[14.559s][info][gc          ] GC(2) Concurrent weak roots 2.512ms
[14.559s][info][gc,start    ] GC(2) Concurrent cleanup
[14.559s][info][gc          ] GC(2) Concurrent cleanup 650M->650M(2048M) 0.041ms
[14.559s][info][gc,ergo     ] GC(2) Free: 1293M, Max: 1024K regular, 1293M humongous, Frag: 0% external, 0% internal; Reserve: 102M, Max: 1024K
[14.559s][info][gc,start    ] GC(2) Concurrent class unloading
[14.559s][info][gc,task     ] GC(2) Using 1 of 3 workers for concurrent class unloading
[14.563s][info][gc          ] GC(2) Concurrent class unloading 4.277ms
[14.564s][info][gc,start    ] GC(2) Concurrent strong roots
[14.564s][info][gc,task     ] GC(2) Using 1 of 3 workers for concurrent strong root
[14.564s][info][gc          ] GC(2) Concurrent strong roots 0.565ms
[14.564s][info][gc,start    ] GC(2) Concurrent evacuation
[14.564s][info][gc,task     ] GC(2) Using 1 of 3 workers for concurrent evacuation
[14.694s][info][gc          ] GC(2) Concurrent evacuation 130.004ms
[14.694s][info][gc,start    ] GC(2) Pause Init Update Refs
[14.694s][info][gc,ergo     ] GC(2) Pacer for Update Refs. Used: 744M, Free: 1276M, Non-Taxable: 127M, Alloc Tax Rate: 1.1x
[14.694s][info][gc          ] GC(2) Pause Init Update Refs 0.043ms
[14.694s][info][gc,start    ] GC(2) Concurrent update references
[14.694s][info][gc,task     ] GC(2) Using 1 of 3 workers for concurrent reference update
[14.770s][info][gc          ] GC(2) Concurrent update references 75.273ms
[14.770s][info][gc,start    ] GC(2) Concurrent update thread roots
[14.775s][info][gc          ] GC(2) Concurrent update thread roots 4.805ms
[14.775s][info][gc,start    ] GC(2) Pause Final Update Refs
[14.775s][info][gc,task     ] GC(2) Using 3 of 3 workers for final reference update
[14.775s][info][gc          ] GC(2) Pause Final Update Refs 0.170ms
[14.775s][info][gc,start    ] GC(2) Concurrent cleanup
[14.775s][info][gc          ] GC(2) Concurrent cleanup 744M->253M(2048M) 0.141ms
[14.775s][info][gc,ergo     ] Free: 1690M, Max: 1024K regular, 1200M humongous, Frag: 29% external, 0% internal; Reserve: 103M, Max: 1024K
[14.775s][info][gc,stats    ] 
[14.775s][info][gc,stats    ] All times are wall-clock times, except per-root-class counters, that are sum over
[14.775s][info][gc,stats    ] all workers. Dividing the <total> over the root stage time estimates parallelism.
[14.775s][info][gc,stats    ] 
[14.775s][info][gc,stats    ] Concurrent Reset                    709 us
[14.775s][info][gc,stats    ] Pause Init Mark (G)                 651 us
[14.775s][info][gc,stats    ] Pause Init Mark (N)                 258 us
[14.775s][info][gc,stats    ]   Update Region States               76 us
[14.775s][info][gc,stats    ] Concurrent Mark Roots              4396 us, parallelism: 0.96x
[14.775s][info][gc,stats    ]   CMR: <total>                     4237 us
[14.775s][info][gc,stats    ]   CMR: Thread Roots                4156 us, workers (us): 4156, ---, ---, 
[14.775s][info][gc,stats    ]   CMR: VM Strong Roots               15 us, workers (us):  15, ---, ---, 
[14.775s][info][gc,stats    ]   CMR: CLDG Roots                    66 us, workers (us):  66, ---, ---, 
[14.775s][info][gc,stats    ] Concurrent Marking               147877 us
[14.775s][info][gc,stats    ] Pause Final Mark (G)                643 us
[14.775s][info][gc,stats    ] Pause Final Mark (N)                521 us
[14.775s][info][gc,stats    ]   Finish Mark                       137 us
[14.775s][info][gc,stats    ]   Update Region States               91 us
[14.775s][info][gc,stats    ]   Choose Collection Set             163 us
[14.775s][info][gc,stats    ]   Rebuild Free Set                   16 us
[14.775s][info][gc,stats    ] Concurrent Thread Roots            3902 us, parallelism: 0.97x
[14.775s][info][gc,stats    ]   CTR: <total>                     3785 us
[14.776s][info][gc,stats    ]   CTR: Thread Roots                3785 us, workers (us): 3785, ---, ---, 
[14.776s][info][gc,stats    ] Concurrent Weak References          258 us, parallelism: 0.60x
[14.776s][info][gc,stats    ]   CWRF: <total>                     154 us
[14.776s][info][gc,stats    ]   CWRF: Weak References             154 us, workers (us): 154, ---, ---, 
[14.776s][info][gc,stats    ] Concurrent Weak Roots              2558 us
[14.776s][info][gc,stats    ]   Roots                            1489 us, parallelism: 0.93x
[14.776s][info][gc,stats    ]     CWR: <total>                   1384 us
[14.776s][info][gc,stats    ]     CWR: Code Cache Roots           770 us, workers (us): 770, ---, ---, 
[14.776s][info][gc,stats    ]     CWR: VM Weak Roots              592 us, workers (us): 592, ---, ---, 
[14.776s][info][gc,stats    ]     CWR: CLDG Roots                  23 us, workers (us):  23, ---, ---, 
[14.776s][info][gc,stats    ]   Rendezvous                       1004 us
[14.776s][info][gc,stats    ] Concurrent Cleanup                   59 us
[14.776s][info][gc,stats    ] Concurrent Class Unloading         4347 us
[14.776s][info][gc,stats    ]   Unlink Stale                     3932 us
[14.776s][info][gc,stats    ]     System Dictionary                26 us
[14.776s][info][gc,stats    ]     Weak Class Links                  0 us
[14.776s][info][gc,stats    ]     Code Roots                     3904 us
[14.776s][info][gc,stats    ]   Rendezvous                        119 us
[14.776s][info][gc,stats    ]   Purge Unlinked                    190 us
[14.776s][info][gc,stats    ]     Code Roots                      180 us
[14.776s][info][gc,stats    ]     CLDG                              9 us
[14.776s][info][gc,stats    ]     Exception Caches                  0 us
[14.776s][info][gc,stats    ] Concurrent Strong Roots             583 us, parallelism: 0.76x
[14.776s][info][gc,stats    ]   CSR: <total>                      441 us
[14.776s][info][gc,stats    ]   CSR: VM Strong Roots               10 us, workers (us):  10, ---, ---, 
[14.776s][info][gc,stats    ]   CSR: CLDG Roots                   431 us, workers (us): 431, ---, ---, 
[14.776s][info][gc,stats    ] Concurrent Evacuation            130078 us
[14.776s][info][gc,stats    ] Pause Init Update Refs (G)          185 us
[14.776s][info][gc,stats    ] Pause Init Update Refs (N)           51 us
[14.776s][info][gc,stats    ]   Manage GCLABs                       7 us
[14.776s][info][gc,stats    ] Concurrent Update Refs            75343 us
[14.776s][info][gc,stats    ] Concurrent Update Thread Roots     4855 us
[14.776s][info][gc,stats    ] Pause Final Update Refs (G)         339 us
[14.776s][info][gc,stats    ] Pause Final Update Refs (N)         191 us
[14.776s][info][gc,stats    ]   Update Region States               61 us
[14.776s][info][gc,stats    ]   Trash Collection Set               13 us
[14.776s][info][gc,stats    ]   Rebuild Free Set                   18 us
[14.776s][info][gc,stats    ] Concurrent Cleanup                  168 us
[14.776s][info][gc,stats    ] 
[14.776s][info][gc,stats    ] Allocation pacing accrued:
[14.776s][info][gc,stats    ]       0 of  1421 ms (  0.0%): <total>
[14.776s][info][gc,stats    ]       0 of  1421 ms (  0.0%): <average total>
[14.776s][info][gc,stats    ] 
[14.776s][info][gc,metaspace] Metaspace: 47443K(47936K)->47478K(47936K) NonClass: 41458K(41728K)->41492K(41728K) Class: 5985K(6208K)->5985K(6208K)
[14.776s][info][gc,ergo     ] Pacer for Idle. Initial: 41943K, Alloc Tax Rate: 1.0x
[15.183s][info][gc          ] Trigger: Explicit GC request (System.gc())
[15.183s][info][gc,ergo     ] Free: 1656M, Max: 1024K regular, 1200M humongous, Frag: 28% external, 0% internal; Reserve: 103M, Max: 1024K
[15.183s][info][gc,start    ] GC(3) Concurrent reset
[15.183s][info][gc,task     ] GC(3) Using 1 of 3 workers for concurrent reset
[15.183s][info][gc,ergo     ] GC(3) Pacer for Reset. Non-Taxable: 2048M
[15.186s][info][gc          ] GC(3) Concurrent reset 2.450ms
[15.186s][info][gc,start    ] GC(3) Pause Init Mark (unload classes)
[15.186s][info][gc,task     ] GC(3) Using 3 of 3 workers for init marking
[15.186s][info][gc,ref      ] GC(3) Clearing All SoftReferences
[15.186s][info][gc,ergo     ] GC(3) Pacer for Mark. Expected Live: 47322K, Free: 1656M, Non-Taxable: 165M, Alloc Tax Rate: 0.0x
[15.186s][info][gc          ] GC(3) Pause Init Mark (unload classes) 0.141ms
[15.186s][info][gc,start    ] GC(3) Concurrent marking roots
[15.186s][info][gc,task     ] GC(3) Using 1 of 3 workers for concurrent marking roots
[15.191s][info][gc          ] GC(3) Concurrent marking roots 4.881ms
[15.191s][info][gc,start    ] GC(3) Concurrent marking (unload classes)
[15.191s][info][gc,task     ] GC(3) Using 1 of 3 workers for concurrent marking
[15.210s][info][gc          ] GC(3) Concurrent marking (unload classes) 18.634ms
[15.210s][info][gc,start    ] GC(3) Pause Final Mark (unload classes)
[15.210s][info][gc,task     ] GC(3) Using 3 of 3 workers for final marking
[15.210s][info][gc,ergo     ] GC(3) Adaptive CSet Selection. Target Free: 290M, Actual Free: 1984M, Max CSet: 87381K, Min Garbage: 0B
[15.210s][info][gc,ergo     ] GC(3) Collectable Garbage: 259M (99%), Immediate: 225M (85%), CSet: 35633K (13%)
[15.210s][info][gc,ergo     ] GC(3) Pacer for Evacuation. Used CSet: 39413K, Free: 1882M, Non-Taxable: 188M, Alloc Tax Rate: 1.1x
[15.210s][info][gc          ] GC(3) Pause Final Mark (unload classes) 0.256ms
[15.210s][info][gc,start    ] GC(3) Concurrent thread roots
[15.210s][info][gc,task     ] GC(3) Using 1 of 3 workers for Concurrent thread roots
[15.215s][info][gc          ] GC(3) Concurrent thread roots 4.875ms
[15.215s][info][gc,start    ] GC(3) Concurrent weak references
[15.215s][info][gc,task     ] GC(3) Using 1 of 3 workers for concurrent weak references
[15.215s][info][gc,ref      ] GC(3) Encountered references: Soft: 4464, Weak: 3139, Final: 51, Phantom: 803
[15.216s][info][gc,ref      ] GC(3) Discovered  references: Soft: 2379, Weak: 606, Final: 0, Phantom: 709
[15.216s][info][gc,ref      ] GC(3) Enqueued    references: Soft: 2176, Weak: 193, Final: 0, Phantom: 234
[15.216s][info][gc          ] GC(3) Concurrent weak references 0.554ms
[15.216s][info][gc,start    ] GC(3) Concurrent weak roots
[15.216s][info][gc,task     ] GC(3) Using 1 of 3 workers for concurrent weak root
[15.217s][info][gc          ] GC(3) Concurrent weak roots 1.605ms
[15.217s][info][gc,start    ] GC(3) Concurrent cleanup
[15.217s][info][gc          ] GC(3) Concurrent cleanup 286M->61M(2048M) 0.059ms
[15.217s][info][gc,ergo     ] GC(3) Free: 1882M, Max: 1024K regular, 1270M humongous, Frag: 33% external, 0% internal; Reserve: 102M, Max: 1024K
[15.217s][info][gc,start    ] GC(3) Concurrent class unloading
[15.217s][info][gc,task     ] GC(3) Using 1 of 3 workers for concurrent class unloading
[15.228s][info][gc          ] GC(3) Concurrent class unloading 10.473ms
[15.228s][info][gc,start    ] GC(3) Concurrent strong roots
[15.228s][info][gc,task     ] GC(3) Using 1 of 3 workers for concurrent strong root
[15.229s][info][gc          ] GC(3) Concurrent strong roots 0.870ms
[15.229s][info][gc,start    ] GC(3) Concurrent evacuation
[15.229s][info][gc,task     ] GC(3) Using 1 of 3 workers for concurrent evacuation
[15.232s][info][gc          ] GC(3) Concurrent evacuation 3.212ms
[15.232s][info][gc,start    ] GC(3) Pause Init Update Refs
[15.232s][info][gc,ergo     ] GC(3) Pacer for Update Refs. Used: 68525K, Free: 1881M, Non-Taxable: 188M, Alloc Tax Rate: 1.1x
[15.232s][info][gc          ] GC(3) Pause Init Update Refs 0.081ms
[15.232s][info][gc,start    ] GC(3) Concurrent update references
[15.232s][info][gc,task     ] GC(3) Using 1 of 3 workers for concurrent reference update
[15.240s][info][gc          ] GC(3) Concurrent update references 8.231ms
[15.240s][info][gc,start    ] GC(3) Concurrent update thread roots
[15.245s][info][gc          ] GC(3) Concurrent update thread roots 4.912ms
[15.245s][info][gc,start    ] GC(3) Pause Final Update Refs
[15.245s][info][gc,task     ] GC(3) Using 3 of 3 workers for final reference update
[15.246s][info][gc          ] GC(3) Pause Final Update Refs 0.125ms
[15.246s][info][gc,start    ] GC(3) Concurrent cleanup
[15.246s][info][gc          ] GC(3) Concurrent cleanup 66M->28M(2048M) 0.053ms
[15.246s][info][gc,ergo     ] Free: 1915M, Max: 1024K regular, 1863M humongous, Frag: 3% external, 0% internal; Reserve: 103M, Max: 1024K
[15.246s][info][gc,stats    ] 
[15.246s][info][gc,stats    ] All times are wall-clock times, except per-root-class counters, that are sum over
[15.246s][info][gc,stats    ] all workers. Dividing the <total> over the root stage time estimates parallelism.
[15.246s][info][gc,stats    ] 
[15.246s][info][gc,stats    ] Concurrent Reset                   2493 us
[15.246s][info][gc,stats    ] Pause Init Mark (G)                 334 us
[15.246s][info][gc,stats    ] Pause Init Mark (N)                 150 us
[15.246s][info][gc,stats    ]   Update Region States               61 us
[15.246s][info][gc,stats    ] Concurrent Mark Roots              4919 us, parallelism: 0.95x
[15.246s][info][gc,stats    ]   CMR: <total>                     4655 us
[15.246s][info][gc,stats    ]   CMR: Thread Roots                4483 us, workers (us): 4483, ---, ---, 
[15.246s][info][gc,stats    ]   CMR: VM Strong Roots               17 us, workers (us):  17, ---, ---, 
[15.246s][info][gc,stats    ]   CMR: CLDG Roots                   155 us, workers (us): 155, ---, ---, 
[15.246s][info][gc,stats    ] Concurrent Marking                18695 us
[15.246s][info][gc,stats    ] Pause Final Mark (G)                342 us
[15.246s][info][gc,stats    ] Pause Final Mark (N)                264 us
[15.246s][info][gc,stats    ]   Finish Mark                        87 us
[15.246s][info][gc,stats    ]   Update Region States               51 us
[15.246s][info][gc,stats    ]   Choose Collection Set              48 us
[15.246s][info][gc,stats    ]   Rebuild Free Set                    8 us
[15.246s][info][gc,stats    ] Concurrent Thread Roots            4924 us, parallelism: 0.96x
[15.246s][info][gc,stats    ]   CTR: <total>                     4711 us
[15.246s][info][gc,stats    ]   CTR: Thread Roots                4711 us, workers (us): 4711, ---, ---, 
[15.246s][info][gc,stats    ] Concurrent Weak References          562 us, parallelism: 0.77x
[15.246s][info][gc,stats    ]   CWRF: <total>                     432 us
[15.246s][info][gc,stats    ]   CWRF: Weak References             432 us, workers (us): 432, ---, ---, 
[15.246s][info][gc,stats    ] Concurrent Weak Roots              1642 us
[15.246s][info][gc,stats    ]   Roots                            1479 us, parallelism: 0.96x
[15.246s][info][gc,stats    ]     CWR: <total>                   1420 us
[15.246s][info][gc,stats    ]     CWR: Code Cache Roots           777 us, workers (us): 777, ---, ---, 
[15.246s][info][gc,stats    ]     CWR: VM Weak Roots              619 us, workers (us): 619, ---, ---, 
[15.246s][info][gc,stats    ]     CWR: CLDG Roots                  24 us, workers (us):  24, ---, ---, 
[15.246s][info][gc,stats    ]   Rendezvous                        109 us
[15.246s][info][gc,stats    ] Concurrent Cleanup                   77 us
[15.246s][info][gc,stats    ] Concurrent Class Unloading        10537 us
[15.246s][info][gc,stats    ]   Unlink Stale                     9899 us
[15.246s][info][gc,stats    ]     System Dictionary               707 us
[15.246s][info][gc,stats    ]     Weak Class Links               4092 us
[15.246s][info][gc,stats    ]     Code Roots                     5098 us
[15.246s][info][gc,stats    ]   Rendezvous                         67 us
[15.246s][info][gc,stats    ]   Purge Unlinked                    471 us
[15.246s][info][gc,stats    ]     Code Roots                      260 us
[15.246s][info][gc,stats    ]     CLDG                            211 us
[15.246s][info][gc,stats    ]     Exception Caches                  0 us
[15.246s][info][gc,stats    ] Concurrent Strong Roots             888 us, parallelism: 0.81x
[15.246s][info][gc,stats    ]   CSR: <total>                      722 us
[15.246s][info][gc,stats    ]   CSR: VM Strong Roots               23 us, workers (us):  23, ---, ---, 
[15.246s][info][gc,stats    ]   CSR: CLDG Roots                   700 us, workers (us): 700, ---, ---, 
[15.246s][info][gc,stats    ] Concurrent Evacuation              3261 us
[15.246s][info][gc,stats    ] Pause Init Update Refs (G)          164 us
[15.246s][info][gc,stats    ] Pause Init Update Refs (N)           94 us
[15.246s][info][gc,stats    ]   Manage GCLABs                       5 us
[15.246s][info][gc,stats    ] Concurrent Update Refs             8301 us
[15.246s][info][gc,stats    ] Concurrent Update Thread Roots     4964 us
[15.246s][info][gc,stats    ] Pause Final Update Refs (G)         178 us
[15.246s][info][gc,stats    ] Pause Final Update Refs (N)         135 us
[15.246s][info][gc,stats    ]   Update Region States               64 us
[15.246s][info][gc,stats    ]   Trash Collection Set                4 us
[15.246s][info][gc,stats    ]   Rebuild Free Set                   23 us
[15.246s][info][gc,stats    ] Concurrent Cleanup                   77 us
[15.246s][info][gc,stats    ] 
[15.246s][info][gc,stats    ] Allocation pacing accrued:
[15.246s][info][gc,stats    ]       0 of   470 ms (  0.0%): <total>
[15.246s][info][gc,stats    ]       0 of   470 ms (  0.0%): <average total>
[15.246s][info][gc,stats    ] 
[15.246s][info][gc,metaspace] Metaspace: 53163K(53568K)->53035K(53632K) NonClass: 46354K(46592K)->46255K(46656K) Class: 6809K(6976K)->6779K(6976K)
[15.246s][info][gc,ergo     ] Pacer for Idle. Initial: 41943K, Alloc Tax Rate: 1.0x
[16.351s][info][gc          ] Trigger: Learning 2 of 5. Free (1426M) is below initial threshold (1433M)
[16.352s][info][gc,ergo     ] Free: 1426M, Max: 1024K regular, 1426M humongous, Frag: 0% external, 0% internal; Reserve: 103M, Max: 1024K
[16.352s][info][gc,start    ] GC(4) Concurrent reset
[16.352s][info][gc,task     ] GC(4) Using 1 of 3 workers for concurrent reset
[16.352s][info][gc,ergo     ] GC(4) Pacer for Reset. Non-Taxable: 2048M
[16.352s][info][gc          ] GC(4) Concurrent reset 0.468ms
[16.352s][info][gc,start    ] GC(4) Pause Init Mark (unload classes)
[16.352s][info][gc,task     ] GC(4) Using 3 of 3 workers for init marking
[16.352s][info][gc,ergo     ] GC(4) Pacer for Mark. Expected Live: 41638K, Free: 1426M, Non-Taxable: 142M, Alloc Tax Rate: 0.0x
[16.352s][info][gc          ] GC(4) Pause Init Mark (unload classes) 0.157ms
[16.352s][info][gc,start    ] GC(4) Concurrent marking roots
[16.352s][info][gc,task     ] GC(4) Using 1 of 3 workers for concurrent marking roots
[16.357s][info][gc          ] GC(4) Concurrent marking roots 4.913ms
[16.357s][info][gc,start    ] GC(4) Concurrent marking (unload classes)
[16.357s][info][gc,task     ] GC(4) Using 1 of 3 workers for concurrent marking
[16.442s][info][gc          ] GC(4) Concurrent marking (unload classes) 84.737ms
[16.442s][info][gc,start    ] GC(4) Pause Final Mark (unload classes)
[16.442s][info][gc,task     ] GC(4) Using 3 of 3 workers for final marking
[16.443s][info][gc,ergo     ] GC(4) Adaptive CSet Selection. Target Free: 290M, Actual Free: 1373M, Max CSet: 87381K, Min Garbage: 0B
[16.443s][info][gc,ergo     ] GC(4) Collectable Garbage: 450M (99%), Immediate: 6144K (1%), CSet: 444M (98%)
[16.443s][info][gc,ergo     ] GC(4) Pacer for Evacuation. Used CSet: 480M, Free: 1272M, Non-Taxable: 127M, Alloc Tax Rate: 1.1x
[16.443s][info][gc          ] GC(4) Pause Final Mark (unload classes) 0.520ms
[16.443s][info][gc,start    ] GC(4) Concurrent thread roots
[16.443s][info][gc,task     ] GC(4) Using 1 of 3 workers for Concurrent thread roots
[16.448s][info][gc          ] GC(4) Concurrent thread roots 5.301ms
[16.448s][info][gc,start    ] GC(4) Concurrent weak references
[16.448s][info][gc,task     ] GC(4) Using 1 of 3 workers for concurrent weak references
[16.449s][info][gc,ref      ] GC(4) Encountered references: Soft: 2902, Weak: 4552, Final: 51, Phantom: 907
[16.449s][info][gc,ref      ] GC(4) Discovered  references: Soft: 0, Weak: 971, Final: 0, Phantom: 588
[16.449s][info][gc,ref      ] GC(4) Enqueued    references: Soft: 0, Weak: 356, Final: 0, Phantom: 332
[16.449s][info][gc          ] GC(4) Concurrent weak references 0.384ms
[16.449s][info][gc,start    ] GC(4) Concurrent weak roots
[16.449s][info][gc,task     ] GC(4) Using 1 of 3 workers for concurrent weak root
[16.451s][info][gc          ] GC(4) Concurrent weak roots 2.545ms
[16.451s][info][gc,start    ] GC(4) Concurrent cleanup
[16.451s][info][gc          ] GC(4) Concurrent cleanup 686M->680M(2048M) 0.042ms
[16.451s][info][gc,ergo     ] GC(4) Free: 1262M, Max: 1024K regular, 1255M humongous, Frag: 1% external, 0% internal; Reserve: 102M, Max: 1024K
[16.451s][info][gc,start    ] GC(4) Concurrent class unloading
[16.451s][info][gc,task     ] GC(4) Using 1 of 3 workers for concurrent class unloading
[16.457s][info][gc          ] GC(4) Concurrent class unloading 6.099ms
[16.457s][info][gc,start    ] GC(4) Concurrent strong roots
[16.457s][info][gc,task     ] GC(4) Using 1 of 3 workers for concurrent strong root
[16.458s][info][gc          ] GC(4) Concurrent strong roots 0.798ms
[16.458s][info][gc,start    ] GC(4) Concurrent evacuation
[16.458s][info][gc,task     ] GC(4) Using 1 of 3 workers for concurrent evacuation
[16.551s][info][gc          ] GC(4) Concurrent evacuation 92.571ms
[16.551s][info][gc,start    ] GC(4) Pause Init Update Refs
[16.551s][info][gc,ergo     ] GC(4) Pacer for Update Refs. Used: 788M, Free: 1191M, Non-Taxable: 119M, Alloc Tax Rate: 1.1x
[16.551s][info][gc          ] GC(4) Pause Init Update Refs 0.111ms
[16.551s][info][gc,start    ] GC(4) Concurrent update references
[16.551s][info][gc,task     ] GC(4) Using 1 of 3 workers for concurrent reference update
[16.646s][info][gc          ] GC(4) Concurrent update references 95.188ms
[16.646s][info][gc,start    ] GC(4) Concurrent update thread roots
[16.652s][info][gc          ] GC(4) Concurrent update thread roots 5.228ms
[16.652s][info][gc,start    ] GC(4) Pause Final Update Refs
[16.652s][info][gc,task     ] GC(4) Using 3 of 3 workers for final reference update
[16.652s][info][gc          ] GC(4) Pause Final Update Refs 0.148ms
[16.652s][info][gc,start    ] GC(4) Concurrent cleanup
[16.652s][info][gc          ] GC(4) Concurrent cleanup 898M->417M(2048M) 0.081ms
[16.652s][info][gc,ergo     ] Free: 1524M, Max: 1024K regular, 1045M humongous, Frag: 32% external, 0% internal; Reserve: 103M, Max: 1024K
[16.652s][info][gc,stats    ] 
[16.652s][info][gc,stats    ] All times are wall-clock times, except per-root-class counters, that are sum over
[16.652s][info][gc,stats    ] all workers. Dividing the <total> over the root stage time estimates parallelism.
[16.652s][info][gc,stats    ] 
[16.652s][info][gc,stats    ] Concurrent Reset                    492 us
[16.652s][info][gc,stats    ] Pause Init Mark (G)                 376 us
[16.652s][info][gc,stats    ] Pause Init Mark (N)                 173 us
[16.652s][info][gc,stats    ]   Update Region States               44 us
[16.652s][info][gc,stats    ] Concurrent Mark Roots              4954 us, parallelism: 0.97x
[16.652s][info][gc,stats    ]   CMR: <total>                     4784 us
[16.652s][info][gc,stats    ]   CMR: Thread Roots                4643 us, workers (us): 4643, ---, ---, 
[16.652s][info][gc,stats    ]   CMR: VM Strong Roots               11 us, workers (us):  11, ---, ---, 
[16.652s][info][gc,stats    ]   CMR: CLDG Roots                   131 us, workers (us): 131, ---, ---, 
[16.652s][info][gc,stats    ] Concurrent Marking                84796 us
[16.652s][info][gc,stats    ] Pause Final Mark (G)                655 us
[16.652s][info][gc,stats    ] Pause Final Mark (N)                537 us
[16.652s][info][gc,stats    ]   Finish Mark                       136 us
[16.652s][info][gc,stats    ]   Update Region States               91 us
[16.652s][info][gc,stats    ]   Choose Collection Set             172 us
[16.652s][info][gc,stats    ]   Rebuild Free Set                   15 us
[16.652s][info][gc,stats    ] Concurrent Thread Roots            5353 us, parallelism: 0.97x
[16.652s][info][gc,stats    ]   CTR: <total>                     5201 us
[16.652s][info][gc,stats    ]   CTR: Thread Roots                5201 us, workers (us): 5201, ---, ---, 
[16.653s][info][gc,stats    ] Concurrent Weak References          400 us, parallelism: 0.52x
[16.653s][info][gc,stats    ]   CWRF: <total>                     208 us
[16.653s][info][gc,stats    ]   CWRF: Weak References             208 us, workers (us): 208, ---, ---, 
[16.653s][info][gc,stats    ] Concurrent Weak Roots              2590 us
[16.653s][info][gc,stats    ]   Roots                            2373 us, parallelism: 0.95x
[16.653s][info][gc,stats    ]     CWR: <total>                   2249 us
[16.653s][info][gc,stats    ]     CWR: Code Cache Roots          1034 us, workers (us): 1034, ---, ---, 
[16.653s][info][gc,stats    ]     CWR: VM Weak Roots             1173 us, workers (us): 1173, ---, ---, 
[16.653s][info][gc,stats    ]     CWR: CLDG Roots                  42 us, workers (us):  42, ---, ---, 
[16.653s][info][gc,stats    ]   Rendezvous                        138 us
[16.653s][info][gc,stats    ] Concurrent Cleanup                   60 us
[16.653s][info][gc,stats    ] Concurrent Class Unloading         6162 us
[16.653s][info][gc,stats    ]   Unlink Stale                     5301 us
[16.653s][info][gc,stats    ]     System Dictionary                44 us
[16.653s][info][gc,stats    ]     Weak Class Links                  0 us
[16.653s][info][gc,stats    ]     Code Roots                     5254 us
[16.653s][info][gc,stats    ]   Rendezvous                        404 us
[16.653s][info][gc,stats    ]   Purge Unlinked                    359 us
[16.653s][info][gc,stats    ]     Code Roots                      349 us
[16.653s][info][gc,stats    ]     CLDG                              9 us
[16.653s][info][gc,stats    ]     Exception Caches                  0 us
[16.653s][info][gc,stats    ] Concurrent Strong Roots             821 us, parallelism: 0.79x
[16.653s][info][gc,stats    ]   CSR: <total>                      648 us
[16.653s][info][gc,stats    ]   CSR: VM Strong Roots               26 us, workers (us):  26, ---, ---, 
[16.653s][info][gc,stats    ]   CSR: CLDG Roots                   622 us, workers (us): 622, ---, ---, 
[16.653s][info][gc,stats    ] Concurrent Evacuation             92632 us
[16.653s][info][gc,stats    ] Pause Init Update Refs (G)          284 us
[16.653s][info][gc,stats    ] Pause Init Update Refs (N)          132 us
[16.653s][info][gc,stats    ]   Manage GCLABs                       7 us
[16.653s][info][gc,stats    ] Concurrent Update Refs            95259 us
[16.653s][info][gc,stats    ] Concurrent Update Thread Roots     5264 us
[16.653s][info][gc,stats    ] Pause Final Update Refs (G)         253 us
[16.653s][info][gc,stats    ] Pause Final Update Refs (N)         166 us
[16.653s][info][gc,stats    ]   Update Region States               71 us
[16.653s][info][gc,stats    ]   Trash Collection Set               10 us
[16.653s][info][gc,stats    ]   Rebuild Free Set                   17 us
[16.653s][info][gc,stats    ] Concurrent Cleanup                  100 us
[16.653s][info][gc,stats    ] 
[16.653s][info][gc,stats    ] Allocation pacing accrued:
[16.653s][info][gc,stats    ]       0 of  1407 ms (  0.0%): <total>
[16.653s][info][gc,stats    ]       0 of  1407 ms (  0.0%): <average total>
[16.653s][info][gc,stats    ] 
[16.653s][info][gc,metaspace] Metaspace: 59277K(59840K)->59288K(59904K) NonClass: 51730K(52032K)->51742K(52096K) Class: 7546K(7808K)->7546K(7808K)
[16.653s][info][gc,ergo     ] Pacer for Idle. Initial: 41943K, Alloc Tax Rate: 1.0x
[16.721s][info][gc          ] Trigger: Learning 3 of 5. Free (1432M) is below initial threshold (1433M)
[16.721s][info][gc,ergo     ] Free: 1432M, Max: 1024K regular, 1045M humongous, Frag: 28% external, 0% internal; Reserve: 103M, Max: 1024K
[16.721s][info][gc,start    ] GC(5) Concurrent reset
[16.721s][info][gc,task     ] GC(5) Using 1 of 3 workers for concurrent reset
[16.721s][info][gc,ergo     ] GC(5) Pacer for Reset. Non-Taxable: 2048M
[16.723s][info][gc          ] GC(5) Concurrent reset 2.153ms
[16.723s][info][gc,start    ] GC(5) Pause Init Mark (unload classes)
[16.723s][info][gc,task     ] GC(5) Using 3 of 3 workers for init marking
[16.723s][info][gc,ergo     ] GC(5) Pacer for Mark. Expected Live: 46037K, Free: 1432M, Non-Taxable: 143M, Alloc Tax Rate: 0.0x
[16.723s][info][gc          ] GC(5) Pause Init Mark (unload classes) 0.141ms
[16.723s][info][gc,start    ] GC(5) Concurrent marking roots
[16.723s][info][gc,task     ] GC(5) Using 1 of 3 workers for concurrent marking roots
[16.729s][info][gc          ] GC(5) Concurrent marking roots 5.586ms
[16.729s][info][gc,start    ] GC(5) Concurrent marking (unload classes)
[16.729s][info][gc,task     ] GC(5) Using 1 of 3 workers for concurrent marking
[16.851s][info][gc          ] GC(5) Concurrent marking (unload classes) 121.997ms
[16.851s][info][gc,start    ] GC(5) Pause Final Mark (unload classes)
[16.851s][info][gc,task     ] GC(5) Using 3 of 3 workers for final marking
[16.851s][info][gc,ergo     ] GC(5) Adaptive CSet Selection. Target Free: 290M, Actual Free: 1520M, Max CSet: 87381K, Min Garbage: 0B
[16.851s][info][gc,ergo     ] GC(5) Collectable Garbage: 406M (99%), Immediate: 8191K (1%), CSet: 398M (97%)
[16.851s][info][gc,ergo     ] GC(5) Pacer for Evacuation. Used CSet: 435M, Free: 1421M, Non-Taxable: 142M, Alloc Tax Rate: 1.1x
[16.851s][info][gc          ] GC(5) Pause Final Mark (unload classes) 0.225ms
[16.851s][info][gc,start    ] GC(5) Concurrent thread roots
[16.851s][info][gc,task     ] GC(5) Using 1 of 3 workers for Concurrent thread roots
[16.858s][info][gc          ] GC(5) Concurrent thread roots 6.684ms
[16.858s][info][gc,start    ] GC(5) Concurrent weak references
[16.858s][info][gc,task     ] GC(5) Using 1 of 3 workers for concurrent weak references
[16.858s][info][gc,ref      ] GC(5) Encountered references: Soft: 2950, Weak: 4452, Final: 51, Phantom: 632
[16.858s][info][gc,ref      ] GC(5) Discovered  references: Soft: 0, Weak: 791, Final: 0, Phantom: 273
[16.858s][info][gc,ref      ] GC(5) Enqueued    references: Soft: 0, Weak: 69, Final: 0, Phantom: 58
[16.858s][info][gc          ] GC(5) Concurrent weak references 0.227ms
[16.858s][info][gc,start    ] GC(5) Concurrent weak roots
[16.858s][info][gc,task     ] GC(5) Using 1 of 3 workers for concurrent weak root
[16.860s][info][gc          ] GC(5) Concurrent weak roots 1.442ms
[16.860s][info][gc,start    ] GC(5) Concurrent cleanup
[16.860s][info][gc          ] GC(5) Concurrent cleanup 533M->525M(2048M) 0.035ms
[16.860s][info][gc,ergo     ] GC(5) Free: 1416M, Max: 1024K regular, 1045M humongous, Frag: 27% external, 0% internal; Reserve: 102M, Max: 1024K
[16.860s][info][gc,start    ] GC(5) Concurrent class unloading
[16.860s][info][gc,task     ] GC(5) Using 1 of 3 workers for concurrent class unloading
[16.867s][info][gc          ] GC(5) Concurrent class unloading 6.824ms
[16.867s][info][gc,start    ] GC(5) Concurrent strong roots
[16.867s][info][gc,task     ] GC(5) Using 1 of 3 workers for concurrent strong root
[16.867s][info][gc          ] GC(5) Concurrent strong roots 0.268ms
[16.867s][info][gc,start    ] GC(5) Concurrent evacuation
[16.867s][info][gc,task     ] GC(5) Using 1 of 3 workers for concurrent evacuation
[16.936s][info][gc          ] GC(5) Concurrent evacuation 69.164ms
[16.936s][info][gc,start    ] GC(5) Pause Init Update Refs
[16.936s][info][gc,ergo     ] GC(5) Pacer for Update Refs. Used: 576M, Free: 1402M, Non-Taxable: 140M, Alloc Tax Rate: 1.1x
[16.936s][info][gc          ] GC(5) Pause Init Update Refs 0.054ms
[16.936s][info][gc,start    ] GC(5) Concurrent update references
[16.937s][info][gc,task     ] GC(5) Using 1 of 3 workers for concurrent reference update
[17.022s][info][gc          ] GC(5) Concurrent update references 85.813ms
[17.022s][info][gc,start    ] GC(5) Concurrent update thread roots
[17.027s][info][gc          ] GC(5) Concurrent update thread roots 4.812ms
[17.027s][info][gc,start    ] GC(5) Pause Final Update Refs
[17.027s][info][gc,task     ] GC(5) Using 3 of 3 workers for final reference update
[17.027s][info][gc          ] GC(5) Pause Final Update Refs 0.127ms
[17.027s][info][gc,start    ] GC(5) Concurrent cleanup
[17.028s][info][gc          ] GC(5) Concurrent cleanup 617M->182M(2048M) 0.088ms
[17.028s][info][gc,ergo     ] Free: 1760M, Max: 1024K regular, 1667M humongous, Frag: 6% external, 0% internal; Reserve: 103M, Max: 1024K
[17.028s][info][gc,stats    ] 
[17.028s][info][gc,stats    ] All times are wall-clock times, except per-root-class counters, that are sum over
[17.028s][info][gc,stats    ] all workers. Dividing the <total> over the root stage time estimates parallelism.
[17.028s][info][gc,stats    ] 
[17.028s][info][gc,stats    ] Concurrent Reset                   2216 us
[17.028s][info][gc,stats    ] Pause Init Mark (G)                 321 us
[17.028s][info][gc,stats    ] Pause Init Mark (N)                 150 us
[17.028s][info][gc,stats    ]   Update Region States               67 us
[17.028s][info][gc,stats    ] Concurrent Mark Roots              5630 us, parallelism: 0.96x
[17.028s][info][gc,stats    ]   CMR: <total>                     5408 us
[17.028s][info][gc,stats    ]   CMR: Thread Roots                5317 us, workers (us): 5317, ---, ---, 
[17.028s][info][gc,stats    ]   CMR: VM Strong Roots               11 us, workers (us):  11, ---, ---, 
[17.028s][info][gc,stats    ]   CMR: CLDG Roots                    81 us, workers (us):  81, ---, ---, 
[17.028s][info][gc,stats    ] Concurrent Marking               122033 us
[17.028s][info][gc,stats    ] Pause Final Mark (G)                331 us
[17.028s][info][gc,stats    ] Pause Final Mark (N)                234 us
[17.028s][info][gc,stats    ]   Finish Mark                        46 us
[17.028s][info][gc,stats    ]   Update Region States               30 us
[17.028s][info][gc,stats    ]   Choose Collection Set             102 us
[17.028s][info][gc,stats    ]   Rebuild Free Set                    8 us
[17.028s][info][gc,stats    ] Concurrent Thread Roots            6739 us, parallelism: 0.98x
[17.028s][info][gc,stats    ]   CTR: <total>                     6626 us
[17.028s][info][gc,stats    ]   CTR: Thread Roots                6626 us, workers (us): 6626, ---, ---, 
[17.028s][info][gc,stats    ] Concurrent Weak References          235 us, parallelism: 0.53x
[17.028s][info][gc,stats    ]   CWRF: <total>                     125 us
[17.028s][info][gc,stats    ]   CWRF: Weak References             125 us, workers (us): 125, ---, ---, 
[17.028s][info][gc,stats    ] Concurrent Weak Roots              1496 us
[17.028s][info][gc,stats    ]   Roots                            1357 us, parallelism: 0.97x
[17.028s][info][gc,stats    ]     CWR: <total>                   1312 us
[17.028s][info][gc,stats    ]     CWR: Code Cache Roots           936 us, workers (us): 936, ---, ---, 
[17.028s][info][gc,stats    ]     CWR: VM Weak Roots              332 us, workers (us): 332, ---, ---, 
[17.028s][info][gc,stats    ]     CWR: CLDG Roots                  44 us, workers (us):  44, ---, ---, 
[17.028s][info][gc,stats    ]   Rendezvous                         66 us
[17.028s][info][gc,stats    ] Concurrent Cleanup                   44 us
[17.028s][info][gc,stats    ] Concurrent Class Unloading         6885 us
[17.028s][info][gc,stats    ]   Unlink Stale                     6064 us
[17.028s][info][gc,stats    ]     System Dictionary                41 us
[17.028s][info][gc,stats    ]     Weak Class Links                  0 us
[17.028s][info][gc,stats    ]     Code Roots                     6020 us
[17.028s][info][gc,stats    ]   Rendezvous                        136 us
[17.028s][info][gc,stats    ]   Purge Unlinked                    606 us
[17.028s][info][gc,stats    ]     Code Roots                      600 us
[17.028s][info][gc,stats    ]     CLDG                              5 us
[17.028s][info][gc,stats    ]     Exception Caches                  0 us
[17.028s][info][gc,stats    ] Concurrent Strong Roots             295 us, parallelism: 0.57x
[17.028s][info][gc,stats    ]   CSR: <total>                      169 us
[17.028s][info][gc,stats    ]   CSR: VM Strong Roots                5 us, workers (us):   5, ---, ---, 
[17.028s][info][gc,stats    ]   CSR: CLDG Roots                   163 us, workers (us): 163, ---, ---, 
[17.028s][info][gc,stats    ] Concurrent Evacuation             69254 us
[17.028s][info][gc,stats    ] Pause Init Update Refs (G)          281 us
[17.028s][info][gc,stats    ] Pause Init Update Refs (N)           70 us
[17.028s][info][gc,stats    ]   Manage GCLABs                       9 us
[17.028s][info][gc,stats    ] Concurrent Update Refs            85887 us
[17.028s][info][gc,stats    ] Concurrent Update Thread Roots     4871 us
[17.028s][info][gc,stats    ] Pause Final Update Refs (G)         243 us
[17.028s][info][gc,stats    ] Pause Final Update Refs (N)         139 us
[17.028s][info][gc,stats    ]   Update Region States               54 us
[17.028s][info][gc,stats    ]   Trash Collection Set                4 us
[17.028s][info][gc,stats    ]   Rebuild Free Set                    9 us
[17.028s][info][gc,stats    ] Concurrent Cleanup                   99 us
[17.028s][info][gc,stats    ] 
[17.028s][info][gc,stats    ] Allocation pacing accrued:
[17.028s][info][gc,stats    ]       0 of   375 ms (  0.0%): <total>
[17.028s][info][gc,stats    ]       0 of   375 ms (  0.0%): <average total>
[17.028s][info][gc,stats    ] 
[17.028s][info][gc,metaspace] Metaspace: 59721K(60416K)->61417K(62144K) NonClass: 52082K(52480K)->53530K(53952K) Class: 7638K(7936K)->7886K(8192K)
[17.028s][info][gc,ergo     ] Pacer for Idle. Initial: 41943K, Alloc Tax Rate: 1.0x
[17.337s][info][gc          ] Trigger: Learning 4 of 5. Free (1418M) is below initial threshold (1433M)
[17.337s][info][gc,ergo     ] Free: 1418M, Max: 1024K regular, 1418M humongous, Frag: 0% external, 0% internal; Reserve: 103M, Max: 1024K
[17.337s][info][gc,start    ] GC(6) Concurrent reset
[17.337s][info][gc,task     ] GC(6) Using 1 of 3 workers for concurrent reset
[17.337s][info][gc,ergo     ] GC(6) Pacer for Reset. Non-Taxable: 2048M
[17.339s][info][gc          ] GC(6) Concurrent reset 2.197ms
[17.339s][info][gc,start    ] GC(6) Pause Init Mark (unload classes)
[17.339s][info][gc,task     ] GC(6) Using 3 of 3 workers for init marking
[17.339s][info][gc,ergo     ] GC(6) Pacer for Mark. Expected Live: 62433K, Free: 1416M, Non-Taxable: 141M, Alloc Tax Rate: 0.1x
[17.339s][info][gc          ] GC(6) Pause Init Mark (unload classes) 0.132ms
[17.339s][info][gc,start    ] GC(6) Concurrent marking roots
[17.339s][info][gc,task     ] GC(6) Using 1 of 3 workers for concurrent marking roots
[17.345s][info][gc          ] GC(6) Concurrent marking roots 5.873ms
[17.345s][info][gc,start    ] GC(6) Concurrent marking (unload classes)
[17.345s][info][gc,task     ] GC(6) Using 1 of 3 workers for concurrent marking
[17.467s][info][gc          ] GC(6) Concurrent marking (unload classes) 121.787ms
[17.467s][info][gc,start    ] GC(6) Pause Final Mark (unload classes)
[17.467s][info][gc,task     ] GC(6) Using 3 of 3 workers for final marking
[17.468s][info][gc,ergo     ] GC(6) Adaptive CSet Selection. Target Free: 290M, Actual Free: 1334M, Max CSet: 87381K, Min Garbage: 0B
[17.468s][info][gc,ergo     ] GC(6) Collectable Garbage: 399M (99%), Immediate: 7168K (1%), CSet: 392M (97%)
[17.468s][info][gc,ergo     ] GC(6) Pacer for Evacuation. Used CSet: 416M, Free: 1232M, Non-Taxable: 123M, Alloc Tax Rate: 1.1x
[17.468s][info][gc          ] GC(6) Pause Final Mark (unload classes) 0.279ms
[17.468s][info][gc,start    ] GC(6) Concurrent thread roots
[17.468s][info][gc,task     ] GC(6) Using 1 of 3 workers for Concurrent thread roots
[17.473s][info][gc          ] GC(6) Concurrent thread roots 5.508ms
[17.473s][info][gc,start    ] GC(6) Concurrent weak references
[17.473s][info][gc,task     ] GC(6) Using 1 of 3 workers for concurrent weak references
[17.473s][info][gc,ref      ] GC(6) Encountered references: Soft: 3161, Weak: 5117, Final: 51, Phantom: 716
[17.474s][info][gc,ref      ] GC(6) Discovered  references: Soft: 0, Weak: 987, Final: 0, Phantom: 397
[17.474s][info][gc,ref      ] GC(6) Enqueued    references: Soft: 0, Weak: 233, Final: 0, Phantom: 139
[17.474s][info][gc          ] GC(6) Concurrent weak references 0.311ms
[17.474s][info][gc,start    ] GC(6) Concurrent weak roots
[17.474s][info][gc,task     ] GC(6) Using 1 of 3 workers for concurrent weak root
[17.478s][info][gc          ] GC(6) Concurrent weak roots 4.868ms
[17.478s][info][gc,start    ] GC(6) Concurrent cleanup
[17.478s][info][gc          ] GC(6) Concurrent cleanup 732M->725M(2048M) 0.040ms
[17.479s][info][gc,ergo     ] GC(6) Free: 1216M, Max: 1024K regular, 1208M humongous, Frag: 1% external, 0% internal; Reserve: 102M, Max: 1024K
[17.479s][info][gc,start    ] GC(6) Concurrent class unloading
[17.479s][info][gc,task     ] GC(6) Using 1 of 3 workers for concurrent class unloading
[17.495s][info][gc          ] GC(6) Concurrent class unloading 16.126ms
[17.495s][info][gc,start    ] GC(6) Concurrent strong roots
[17.495s][info][gc,task     ] GC(6) Using 1 of 3 workers for concurrent strong root
[17.495s][info][gc          ] GC(6) Concurrent strong roots 0.245ms
[17.495s][info][gc,start    ] GC(6) Concurrent evacuation
[17.495s][info][gc,task     ] GC(6) Using 1 of 3 workers for concurrent evacuation
[17.548s][info][gc          ] GC(6) Concurrent evacuation 53.168ms
[17.548s][info][gc,start    ] GC(6) Pause Init Update Refs
[17.548s][info][gc,ergo     ] GC(6) Pacer for Update Refs. Used: 875M, Free: 1090M, Non-Taxable: 109M, Alloc Tax Rate: 1.1x
[17.548s][info][gc          ] GC(6) Pause Init Update Refs 0.041ms
[17.548s][info][gc,start    ] GC(6) Concurrent update references
[17.548s][info][gc,task     ] GC(6) Using 1 of 3 workers for concurrent reference update
[17.682s][info][gc          ] GC(6) Concurrent update references 133.823ms
[17.682s][info][gc,start    ] GC(6) Concurrent update thread roots
[17.687s][info][gc          ] GC(6) Concurrent update thread roots 4.665ms
[17.687s][info][gc,start    ] GC(6) Pause Final Update Refs
[17.687s][info][gc,task     ] GC(6) Using 3 of 3 workers for final reference update
[17.687s][info][gc          ] GC(6) Pause Final Update Refs 0.129ms
[17.687s][info][gc,start    ] GC(6) Concurrent cleanup
[17.687s][info][gc          ] GC(6) Concurrent cleanup 1111M->695M(2048M) 0.040ms
[17.687s][info][gc,ergo     ] Free: 1244M, Max: 1024K regular, 828M humongous, Frag: 34% external, 0% internal; Reserve: 103M, Max: 1024K
[17.687s][info][gc,stats    ] 
[17.687s][info][gc,stats    ] All times are wall-clock times, except per-root-class counters, that are sum over
[17.687s][info][gc,stats    ] all workers. Dividing the <total> over the root stage time estimates parallelism.
[17.687s][info][gc,stats    ] 
[17.687s][info][gc,stats    ] Concurrent Reset                   2284 us
[17.687s][info][gc,stats    ] Pause Init Mark (G)                 279 us
[17.687s][info][gc,stats    ] Pause Init Mark (N)                 141 us
[17.687s][info][gc,stats    ]   Update Region States               48 us
[17.687s][info][gc,stats    ] Concurrent Mark Roots              5935 us, parallelism: 0.97x
[17.687s][info][gc,stats    ]   CMR: <total>                     5738 us
[17.687s][info][gc,stats    ]   CMR: Thread Roots                5635 us, workers (us): 5635, ---, ---, 
[17.687s][info][gc,stats    ]   CMR: VM Strong Roots                9 us, workers (us):   9, ---, ---, 
[17.687s][info][gc,stats    ]   CMR: CLDG Roots                    94 us, workers (us):  94, ---, ---, 
[17.687s][info][gc,stats    ] Concurrent Marking               121859 us
[17.687s][info][gc,stats    ] Pause Final Mark (G)                381 us
[17.687s][info][gc,stats    ] Pause Final Mark (N)                288 us
[17.687s][info][gc,stats    ]   Finish Mark                        57 us
[17.687s][info][gc,stats    ]   Update Region States               37 us
[17.687s][info][gc,stats    ]   Choose Collection Set              90 us
[17.687s][info][gc,stats    ]   Rebuild Free Set                    8 us
[17.687s][info][gc,stats    ] Concurrent Thread Roots            5548 us, parallelism: 0.98x
[17.687s][info][gc,stats    ]   CTR: <total>                     5451 us
[17.687s][info][gc,stats    ]   CTR: Thread Roots                5451 us, workers (us): 5451, ---, ---, 
[17.687s][info][gc,stats    ] Concurrent Weak References          319 us, parallelism: 0.55x
[17.687s][info][gc,stats    ]   CWRF: <total>                     174 us
[17.687s][info][gc,stats    ]   CWRF: Weak References             174 us, workers (us): 174, ---, ---, 
[17.687s][info][gc,stats    ] Concurrent Weak Roots              4926 us
[17.687s][info][gc,stats    ]   Roots                            1808 us, parallelism: 0.97x
[17.687s][info][gc,stats    ]     CWR: <total>                   1754 us
[17.687s][info][gc,stats    ]     CWR: Code Cache Roots          1270 us, workers (us): 1270, ---, ---, 
[17.687s][info][gc,stats    ]     CWR: VM Weak Roots              425 us, workers (us): 425, ---, ---, 
[17.687s][info][gc,stats    ]     CWR: CLDG Roots                  58 us, workers (us):  58, ---, ---, 
[17.688s][info][gc,stats    ]   Rendezvous                       3044 us
[17.688s][info][gc,stats    ] Concurrent Cleanup                   49 us
[17.688s][info][gc,stats    ] Concurrent Class Unloading        16185 us
[17.688s][info][gc,stats    ]   Unlink Stale                    15366 us
[17.688s][info][gc,stats    ]     System Dictionary               285 us
[17.688s][info][gc,stats    ]     Weak Class Links               7969 us
[17.688s][info][gc,stats    ]     Code Roots                     7110 us
[17.688s][info][gc,stats    ]   Rendezvous                        249 us
[17.688s][info][gc,stats    ]   Purge Unlinked                    491 us
[17.688s][info][gc,stats    ]     Code Roots                      424 us
[17.688s][info][gc,stats    ]     CLDG                             67 us
[17.688s][info][gc,stats    ]     Exception Caches                  0 us
[17.688s][info][gc,stats    ] Concurrent Strong Roots             259 us, parallelism: 0.63x
[17.688s][info][gc,stats    ]   CSR: <total>                      163 us
[17.688s][info][gc,stats    ]   CSR: VM Strong Roots                5 us, workers (us):   5, ---, ---, 
[17.688s][info][gc,stats    ]   CSR: CLDG Roots                   159 us, workers (us): 159, ---, ---, 
[17.688s][info][gc,stats    ] Concurrent Evacuation             53225 us
[17.688s][info][gc,stats    ] Pause Init Update Refs (G)          182 us
[17.688s][info][gc,stats    ] Pause Init Update Refs (N)           49 us
[17.688s][info][gc,stats    ]   Manage GCLABs                       6 us
[17.688s][info][gc,stats    ] Concurrent Update Refs           133875 us
[17.688s][info][gc,stats    ] Concurrent Update Thread Roots     4699 us
[17.688s][info][gc,stats    ] Pause Final Update Refs (G)         241 us
[17.688s][info][gc,stats    ] Pause Final Update Refs (N)         140 us
[17.688s][info][gc,stats    ]   Update Region States               47 us
[17.688s][info][gc,stats    ]   Trash Collection Set               10 us
[17.688s][info][gc,stats    ]   Rebuild Free Set                   18 us
[17.688s][info][gc,stats    ] Concurrent Cleanup                   48 us
[17.688s][info][gc,stats    ] 
[17.688s][info][gc,stats    ] Allocation pacing accrued:
[17.688s][info][gc,stats    ]       0 of   660 ms (  0.0%): <total>
[17.688s][info][gc,stats    ]       0 of   660 ms (  0.0%): <average total>
[17.688s][info][gc,stats    ] 
[17.688s][info][gc,metaspace] Metaspace: 61420K(62144K)->61661K(62400K) NonClass: 53533K(53952K)->53725K(54144K) Class: 7886K(8192K)->7936K(8256K)
[17.688s][info][gc,ergo     ] Pacer for Idle. Initial: 41943K, Alloc Tax Rate: 1.0x
[17.695s][info][gc          ] Trigger: Learning 5 of 5. Free (1208M) is below initial threshold (1433M)
[17.695s][info][gc,ergo     ] Free: 1208M, Max: 1024K regular, 828M humongous, Frag: 32% external, 0% internal; Reserve: 103M, Max: 1024K
[17.695s][info][gc,start    ] GC(7) Concurrent reset
[17.695s][info][gc,task     ] GC(7) Using 1 of 3 workers for concurrent reset
[17.695s][info][gc,ergo     ] GC(7) Pacer for Reset. Non-Taxable: 2048M
[17.698s][info][gc          ] GC(7) Concurrent reset 2.925ms
[17.698s][info][gc,start    ] GC(7) Pause Init Mark (unload classes)
[17.698s][info][gc,task     ] GC(7) Using 3 of 3 workers for init marking
[17.698s][info][gc,ergo     ] GC(7) Pacer for Mark. Expected Live: 82904K, Free: 1197M, Non-Taxable: 119M, Alloc Tax Rate: 0.1x
[17.698s][info][gc          ] GC(7) Pause Init Mark (unload classes) 0.142ms
[17.698s][info][gc,start    ] GC(7) Concurrent marking roots
[17.698s][info][gc,task     ] GC(7) Using 1 of 3 workers for concurrent marking roots
[17.705s][info][gc          ] GC(7) Concurrent marking roots 6.276ms
[17.705s][info][gc,start    ] GC(7) Concurrent marking (unload classes)
[17.705s][info][gc,task     ] GC(7) Using 1 of 3 workers for concurrent marking
[17.874s][info][gc          ] GC(7) Concurrent marking (unload classes) 168.982ms
[17.874s][info][gc,start    ] GC(7) Pause Final Mark (unload classes)
[17.874s][info][gc,task     ] GC(7) Using 3 of 3 workers for final marking
[17.874s][info][gc,ergo     ] GC(7) Adaptive CSet Selection. Target Free: 290M, Actual Free: 844M, Max CSet: 87381K, Min Garbage: 0B
[17.874s][info][gc,ergo     ] GC(7) Collectable Garbage: 579M (99%), Immediate: 6144K (1%), CSet: 573M (98%)
[17.874s][info][gc,ergo     ] GC(7) Pacer for Evacuation. Used CSet: 609M, Free: 743M, Non-Taxable: 76083K, Alloc Tax Rate: 2.0x
[17.874s][info][gc          ] GC(7) Pause Final Mark (unload classes) 0.404ms
[17.874s][info][gc,start    ] GC(7) Concurrent thread roots
[17.874s][info][gc,task     ] GC(7) Using 1 of 3 workers for Concurrent thread roots
[17.880s][info][gc          ] GC(7) Concurrent thread roots 5.555ms
[17.880s][info][gc,start    ] GC(7) Concurrent weak references
[17.880s][info][gc,task     ] GC(7) Using 1 of 3 workers for concurrent weak references
[17.880s][info][gc,ref      ] GC(7) Encountered references: Soft: 3170, Weak: 5004, Final: 51, Phantom: 614
[17.880s][info][gc,ref      ] GC(7) Discovered  references: Soft: 0, Weak: 792, Final: 0, Phantom: 295
[17.880s][info][gc,ref      ] GC(7) Enqueued    references: Soft: 0, Weak: 40, Final: 0, Phantom: 37
[17.880s][info][gc          ] GC(7) Concurrent weak references 0.200ms
[17.880s][info][gc,start    ] GC(7) Concurrent weak roots
[17.880s][info][gc,task     ] GC(7) Using 1 of 3 workers for concurrent weak root
[17.882s][info][gc          ] GC(7) Concurrent weak roots 2.078ms
[17.882s][info][gc,start    ] GC(7) Concurrent cleanup
[17.882s][info][gc          ] GC(7) Concurrent cleanup 1222M->1216M(2048M) 0.043ms
[17.882s][info][gc,ergo     ] GC(7) Free: 726M, Max: 1024K regular, 718M humongous, Frag: 2% external, 0% internal; Reserve: 102M, Max: 1024K
[17.882s][info][gc,start    ] GC(7) Concurrent class unloading
[17.882s][info][gc,task     ] GC(7) Using 1 of 3 workers for concurrent class unloading
[17.889s][info][gc          ] GC(7) Concurrent class unloading 6.430ms
[17.889s][info][gc,start    ] GC(7) Concurrent strong roots
[17.889s][info][gc,task     ] GC(7) Using 1 of 3 workers for concurrent strong root
[17.889s][info][gc          ] GC(7) Concurrent strong roots 0.243ms
[17.889s][info][gc,start    ] GC(7) Concurrent evacuation
[17.889s][info][gc,task     ] GC(7) Using 1 of 3 workers for concurrent evacuation
[17.967s][info][gc          ] GC(7) Concurrent evacuation 78.042ms
[17.967s][info][gc,start    ] GC(7) Pause Init Update Refs
[17.967s][info][gc,ergo     ] GC(7) Pacer for Update Refs. Used: 1420M, Free: 558M, Non-Taxable: 57139K, Alloc Tax Rate: 3.1x
[17.967s][info][gc          ] GC(7) Pause Init Update Refs 0.087ms
[17.967s][info][gc,start    ] GC(7) Concurrent update references
[17.967s][info][gc,task     ] GC(7) Using 1 of 3 workers for concurrent reference update
[18.205s][info][gc          ] GC(7) Concurrent update references 237.352ms
[18.205s][info][gc,start    ] GC(7) Concurrent update thread roots
[18.210s][info][gc          ] GC(7) Concurrent update thread roots 5.279ms
[18.210s][info][gc,start    ] GC(7) Pause Final Update Refs
[18.210s][info][gc,task     ] GC(7) Using 3 of 3 workers for final reference update
[18.210s][info][gc          ] GC(7) Pause Final Update Refs 0.122ms
[18.210s][info][gc,start    ] GC(7) Concurrent cleanup
[18.211s][info][gc          ] GC(7) Concurrent cleanup 1868M->1259M(2048M) 0.110ms
[18.211s][info][gc,ergo     ] Free: 682M, Max: 1024K regular, 371M humongous, Frag: 46% external, 0% internal; Reserve: 103M, Max: 1024K
[18.211s][info][gc,stats    ] 
[18.211s][info][gc,stats    ] All times are wall-clock times, except per-root-class counters, that are sum over
[18.211s][info][gc,stats    ] all workers. Dividing the <total> over the root stage time estimates parallelism.
[18.211s][info][gc,stats    ] 
[18.211s][info][gc,stats    ] Concurrent Reset                   2996 us
[18.211s][info][gc,stats    ] Pause Init Mark (G)                 255 us
[18.211s][info][gc,stats    ] Pause Init Mark (N)                 151 us
[18.211s][info][gc,stats    ]   Update Region States               54 us
[18.211s][info][gc,stats    ] Concurrent Mark Roots              6343 us, parallelism: 0.97x
[18.211s][info][gc,stats    ]   CMR: <total>                     6154 us
[18.211s][info][gc,stats    ]   CMR: Thread Roots                6034 us, workers (us): 6034, ---, ---, 
[18.211s][info][gc,stats    ]   CMR: VM Strong Roots               13 us, workers (us):  13, ---, ---, 
[18.211s][info][gc,stats    ]   CMR: CLDG Roots                   108 us, workers (us): 108, ---, ---, 
[18.211s][info][gc,stats    ] Concurrent Marking               169053 us
[18.211s][info][gc,stats    ] Pause Final Mark (G)                521 us
[18.211s][info][gc,stats    ] Pause Final Mark (N)                421 us
[18.211s][info][gc,stats    ]   Finish Mark                        49 us
[18.211s][info][gc,stats    ]   Update Region States               42 us
[18.211s][info][gc,stats    ]   Choose Collection Set             202 us
[18.211s][info][gc,stats    ]   Rebuild Free Set                   15 us
[18.211s][info][gc,stats    ] Concurrent Thread Roots            5578 us, parallelism: 0.99x
[18.211s][info][gc,stats    ]   CTR: <total>                     5504 us
[18.211s][info][gc,stats    ]   CTR: Thread Roots                5504 us, workers (us): 5504, ---, ---, 
[18.211s][info][gc,stats    ] Concurrent Weak References          215 us, parallelism: 0.42x
[18.211s][info][gc,stats    ]   CWRF: <total>                      90 us
[18.211s][info][gc,stats    ]   CWRF: Weak References              90 us, workers (us):  90, ---, ---, 
[18.211s][info][gc,stats    ] Concurrent Weak Roots              2098 us
[18.211s][info][gc,stats    ]   Roots                            1963 us, parallelism: 0.98x
[18.211s][info][gc,stats    ]     CWR: <total>                   1917 us
[18.211s][info][gc,stats    ]     CWR: Code Cache Roots          1299 us, workers (us): 1299, ---, ---, 
[18.211s][info][gc,stats    ]     CWR: VM Weak Roots              568 us, workers (us): 568, ---, ---, 
[18.211s][info][gc,stats    ]     CWR: CLDG Roots                  50 us, workers (us):  50, ---, ---, 
[18.211s][info][gc,stats    ]   Rendezvous                         84 us
[18.211s][info][gc,stats    ] Concurrent Cleanup                   60 us
[18.211s][info][gc,stats    ] Concurrent Class Unloading         6494 us
[18.211s][info][gc,stats    ]   Unlink Stale                     6074 us
[18.211s][info][gc,stats    ]     System Dictionary                56 us
[18.211s][info][gc,stats    ]     Weak Class Links                  0 us
[18.211s][info][gc,stats    ]     Code Roots                     6016 us
[18.211s][info][gc,stats    ]   Rendezvous                         84 us
[18.211s][info][gc,stats    ]   Purge Unlinked                    239 us
[18.211s][info][gc,stats    ]     Code Roots                      232 us
[18.211s][info][gc,stats    ]     CLDG                              7 us
[18.211s][info][gc,stats    ]     Exception Caches                  0 us
[18.211s][info][gc,stats    ] Concurrent Strong Roots             283 us, parallelism: 0.50x
[18.211s][info][gc,stats    ]   CSR: <total>                      143 us
[18.211s][info][gc,stats    ]   CSR: VM Strong Roots                5 us, workers (us):   5, ---, ---, 
[18.211s][info][gc,stats    ]   CSR: CLDG Roots                   137 us, workers (us): 137, ---, ---, 
[18.211s][info][gc,stats    ] Concurrent Evacuation             78121 us
[18.211s][info][gc,stats    ] Pause Init Update Refs (G)          238 us
[18.211s][info][gc,stats    ] Pause Init Update Refs (N)          104 us
[18.211s][info][gc,stats    ]   Manage GCLABs                       6 us
[18.211s][info][gc,stats    ] Concurrent Update Refs           237421 us
[18.211s][info][gc,stats    ] Concurrent Update Thread Roots     5326 us
[18.211s][info][gc,stats    ] Pause Final Update Refs (G)         217 us
[18.211s][info][gc,stats    ] Pause Final Update Refs (N)         139 us
[18.211s][info][gc,stats    ]   Update Region States               43 us
[18.211s][info][gc,stats    ]   Trash Collection Set                6 us
[18.211s][info][gc,stats    ]   Rebuild Free Set                   14 us
[18.211s][info][gc,stats    ] Concurrent Cleanup                  130 us
[18.211s][info][gc,stats    ] Pacing                            41236 us
[18.211s][info][gc,stats    ] 
[18.211s][info][gc,stats    ] Allocation pacing accrued:
[18.211s][info][gc,stats    ]      21 of   523 ms (  3.9%): Executor task launch worker for task 0.0 in stage 1.0 (TID 1)
[18.211s][info][gc,stats    ]      21 of   523 ms (  4.0%): Executor task launch worker for task 1.0 in stage 1.0 (TID 2)
[18.211s][info][gc,stats    ]      41 of   523 ms (  7.9%): <total>
[18.211s][info][gc,stats    ]       1 of   523 ms (  0.1%): <average total>
[18.211s][info][gc,stats    ]      21 of   523 ms (  3.9%): <average non-zero>
[18.211s][info][gc,stats    ] 
[18.211s][info][gc,metaspace] Metaspace: 61661K(62400K)->61745K(62464K) NonClass: 53725K(54144K)->53792K(54208K) Class: 7936K(8256K)->7953K(8256K)
[18.211s][info][gc,ergo     ] Pacer for Idle. Initial: 41943K, Alloc Tax Rate: 1.0x
[18.213s][info][gc          ] Trigger: Average GC time (626.74 ms) is above the time for average allocation rate (1792 MB/s) to deplete free headroom (568M) (margin of error = 1.80)
[18.213s][info][gc,ergo     ] Free headroom: 671M (free) - 102M (spike) - 0B (penalties) = 568M
[18.213s][info][gc,ergo     ] Free: 670M, Max: 1024K regular, 371M humongous, Frag: 45% external, 0% internal; Reserve: 103M, Max: 1024K
[18.214s][info][gc,start    ] GC(8) Concurrent reset
[18.214s][info][gc,task     ] GC(8) Using 1 of 3 workers for concurrent reset
[18.214s][info][gc,ergo     ] GC(8) Pacer for Reset. Non-Taxable: 2048M
[18.217s][info][gc          ] GC(8) Concurrent reset 3.741ms
[18.217s][info][gc,start    ] GC(8) Pause Init Mark (unload classes)
[18.217s][info][gc,task     ] GC(8) Using 3 of 3 workers for init marking
[18.218s][info][gc,ergo     ] GC(8) Pacer for Mark. Expected Live: 95685K, Free: 654M, Non-Taxable: 67041K, Alloc Tax Rate: 0.2x
[18.218s][info][gc          ] GC(8) Pause Init Mark (unload classes) 0.216ms
[18.218s][info][gc,start    ] GC(8) Concurrent marking roots
[18.218s][info][gc,task     ] GC(8) Using 1 of 3 workers for concurrent marking roots
[18.223s][info][gc          ] GC(8) Concurrent marking roots 5.429ms
[18.223s][info][gc,start    ] GC(8) Concurrent marking (unload classes)
[18.223s][info][gc,task     ] GC(8) Using 1 of 3 workers for concurrent marking
[18.369s][info][gc          ] GC(8) Concurrent marking (unload classes) 145.825ms
[18.369s][info][gc,start    ] GC(8) Pause Final Mark (unload classes)
[18.369s][info][gc,task     ] GC(8) Using 3 of 3 workers for final marking
[18.369s][info][gc,ergo     ] GC(8) Adaptive CSet Selection. Target Free: 290M, Actual Free: 1017M, Max CSet: 87381K, Min Garbage: 0B
[18.369s][info][gc,ergo     ] GC(8) Collectable Garbage: 1113M (99%), Immediate: 826M (74%), CSet: 286M (25%)
[18.369s][info][gc,ergo     ] GC(8) Pacer for Evacuation. Used CSet: 299M, Free: 916M, Non-Taxable: 93815K, Alloc Tax Rate: 1.1x
[18.369s][info][gc          ] GC(8) Pause Final Mark (unload classes) 0.395ms
[18.370s][info][gc,start    ] GC(8) Concurrent thread roots
[18.370s][info][gc,task     ] GC(8) Using 1 of 3 workers for Concurrent thread roots
[18.375s][info][gc          ] GC(8) Concurrent thread roots 5.213ms
[18.375s][info][gc,start    ] GC(8) Concurrent weak references
[18.375s][info][gc,task     ] GC(8) Using 1 of 3 workers for concurrent weak references
[18.375s][info][gc,ref      ] GC(8) Encountered references: Soft: 3170, Weak: 4965, Final: 51, Phantom: 576
[18.375s][info][gc,ref      ] GC(8) Discovered  references: Soft: 0, Weak: 757, Final: 0, Phantom: 257
[18.375s][info][gc,ref      ] GC(8) Enqueued    references: Soft: 0, Weak: 1, Final: 0, Phantom: 0
[18.375s][info][gc          ] GC(8) Concurrent weak references 0.246ms
[18.375s][info][gc,start    ] GC(8) Concurrent weak roots
[18.375s][info][gc,task     ] GC(8) Using 1 of 3 workers for concurrent weak root
[18.377s][info][gc          ] GC(8) Concurrent weak roots 1.823ms
[18.377s][info][gc,start    ] GC(8) Concurrent cleanup
[18.377s][info][gc          ] GC(8) Concurrent cleanup 1872M->1046M(2048M) 0.075ms
[18.377s][info][gc,ergo     ] GC(8) Free: 897M, Max: 1024K regular, 594M humongous, Frag: 34% external, 0% internal; Reserve: 102M, Max: 1024K
[18.377s][info][gc,start    ] GC(8) Concurrent class unloading
[18.377s][info][gc,task     ] GC(8) Using 1 of 3 workers for concurrent class unloading
[18.383s][info][gc          ] GC(8) Concurrent class unloading 6.147ms
[18.383s][info][gc,start    ] GC(8) Concurrent strong roots
[18.383s][info][gc,task     ] GC(8) Using 1 of 3 workers for concurrent strong root
[18.384s][info][gc          ] GC(8) Concurrent strong roots 0.329ms
[18.384s][info][gc,start    ] GC(8) Concurrent evacuation
[18.384s][info][gc,task     ] GC(8) Using 1 of 3 workers for concurrent evacuation
[18.411s][info][gc          ] GC(8) Concurrent evacuation 27.172ms
[18.411s][info][gc,start    ] GC(8) Pause Init Update Refs
[18.411s][info][gc,ergo     ] GC(8) Pacer for Update Refs. Used: 1171M, Free: 784M, Non-Taxable: 80335K, Alloc Tax Rate: 1.8x
[18.411s][info][gc          ] GC(8) Pause Init Update Refs 0.086ms
[18.411s][info][gc,start    ] GC(8) Concurrent update references
[18.411s][info][gc,task     ] GC(8) Using 1 of 3 workers for concurrent reference update
[18.633s][info][gc          ] GC(8) Concurrent update references 221.883ms
[18.633s][info][gc,start    ] GC(8) Concurrent update thread roots
[18.638s][info][gc          ] GC(8) Concurrent update thread roots 4.597ms
[18.638s][info][gc,start    ] GC(8) Pause Final Update Refs
[18.638s][info][gc,task     ] GC(8) Using 3 of 3 workers for final reference update
[18.638s][info][gc          ] GC(8) Pause Final Update Refs 0.114ms
[18.638s][info][gc,start    ] GC(8) Concurrent cleanup
[18.638s][info][gc          ] GC(8) Concurrent cleanup 1572M->1273M(2048M) 0.048ms
[18.638s][info][gc,ergo     ] Free: 667M, Max: 1024K regular, 316M humongous, Frag: 53% external, 0% internal; Reserve: 103M, Max: 1024K
[18.638s][info][gc,stats    ] 
[18.638s][info][gc,stats    ] All times are wall-clock times, except per-root-class counters, that are sum over
[18.638s][info][gc,stats    ] all workers. Dividing the <total> over the root stage time estimates parallelism.
[18.638s][info][gc,stats    ] 
[18.638s][info][gc,stats    ] Concurrent Reset                   3785 us
[18.638s][info][gc,stats    ] Pause Init Mark (G)                 346 us
[18.638s][info][gc,stats    ] Pause Init Mark (N)                 225 us
[18.638s][info][gc,stats    ]   Update Region States               79 us
[18.638s][info][gc,stats    ] Concurrent Mark Roots              5473 us, parallelism: 0.95x
[18.638s][info][gc,stats    ]   CMR: <total>                     5225 us
[18.638s][info][gc,stats    ]   CMR: Thread Roots                5100 us, workers (us): 5100, ---, ---, 
[18.638s][info][gc,stats    ]   CMR: VM Strong Roots               18 us, workers (us):  18, ---, ---, 
[18.638s][info][gc,stats    ]   CMR: CLDG Roots                   108 us, workers (us): 108, ---, ---, 
[18.638s][info][gc,stats    ] Concurrent Marking               145892 us
[18.638s][info][gc,stats    ] Pause Final Mark (G)                498 us
[18.638s][info][gc,stats    ] Pause Final Mark (N)                404 us
[18.638s][info][gc,stats    ]   Finish Mark                       107 us
[18.638s][info][gc,stats    ]   Update Region States               42 us
[18.638s][info][gc,stats    ]   Choose Collection Set             119 us
[18.638s][info][gc,stats    ]   Rebuild Free Set                    8 us
[18.638s][info][gc,stats    ] Concurrent Thread Roots            5259 us, parallelism: 0.97x
[18.638s][info][gc,stats    ]   CTR: <total>                     5100 us
[18.638s][info][gc,stats    ]   CTR: Thread Roots                5100 us, workers (us): 5100, ---, ---, 
[18.638s][info][gc,stats    ] Concurrent Weak References          263 us, parallelism: 0.30x
[18.638s][info][gc,stats    ]   CWRF: <total>                      78 us
[18.638s][info][gc,stats    ]   CWRF: Weak References              78 us, workers (us):  78, ---, ---, 
[18.638s][info][gc,stats    ] Concurrent Weak Roots              1873 us
[18.638s][info][gc,stats    ]   Roots                            1645 us, parallelism: 0.95x
[18.638s][info][gc,stats    ]     CWR: <total>                   1565 us
[18.638s][info][gc,stats    ]     CWR: Code Cache Roots          1225 us, workers (us): 1225, ---, ---, 
[18.638s][info][gc,stats    ]     CWR: VM Weak Roots              300 us, workers (us): 300, ---, ---, 
[18.638s][info][gc,stats    ]     CWR: CLDG Roots                  41 us, workers (us):  41, ---, ---, 
[18.638s][info][gc,stats    ]   Rendezvous                        142 us
[18.638s][info][gc,stats    ] Concurrent Cleanup                   83 us
[18.638s][info][gc,stats    ] Concurrent Class Unloading         6205 us
[18.638s][info][gc,stats    ]   Unlink Stale                     5681 us
[18.638s][info][gc,stats    ]     System Dictionary                45 us
[18.638s][info][gc,stats    ]     Weak Class Links                  0 us
[18.638s][info][gc,stats    ]     Code Roots                     5635 us
[18.638s][info][gc,stats    ]   Rendezvous                        128 us
[18.638s][info][gc,stats    ]   Purge Unlinked                    317 us
[18.638s][info][gc,stats    ]     Code Roots                      306 us
[18.638s][info][gc,stats    ]     CLDG                             10 us
[18.638s][info][gc,stats    ]     Exception Caches                  0 us
[18.638s][info][gc,stats    ] Concurrent Strong Roots             347 us, parallelism: 0.58x
[18.638s][info][gc,stats    ]   CSR: <total>                      200 us
[18.638s][info][gc,stats    ]   CSR: VM Strong Roots                7 us, workers (us):   7, ---, ---, 
[18.638s][info][gc,stats    ]   CSR: CLDG Roots                   192 us, workers (us): 192, ---, ---, 
[18.638s][info][gc,stats    ] Concurrent Evacuation             27255 us
[18.638s][info][gc,stats    ] Pause Init Update Refs (G)          313 us
[18.638s][info][gc,stats    ] Pause Init Update Refs (N)          104 us
[18.638s][info][gc,stats    ]   Manage GCLABs                       6 us
[18.638s][info][gc,stats    ] Concurrent Update Refs           221967 us
[18.638s][info][gc,stats    ] Concurrent Update Thread Roots     4621 us
[18.638s][info][gc,stats    ] Pause Final Update Refs (G)         235 us
[18.638s][info][gc,stats    ] Pause Final Update Refs (N)         124 us
[18.638s][info][gc,stats    ]   Update Region States               46 us
[18.638s][info][gc,stats    ]   Trash Collection Set                7 us
[18.638s][info][gc,stats    ]   Rebuild Free Set                   12 us
[18.638s][info][gc,stats    ] Concurrent Cleanup                   57 us
[18.638s][info][gc,stats    ] Pacing                            19304 us
[18.638s][info][gc,stats    ] 
[18.638s][info][gc,stats    ] Allocation pacing accrued:
[18.638s][info][gc,stats    ]      10 of   427 ms (  2.3%): Executor task launch worker for task 0.0 in stage 1.0 (TID 1)
[18.638s][info][gc,stats    ]      10 of   427 ms (  2.2%): Executor task launch worker for task 1.0 in stage 1.0 (TID 2)
[18.638s][info][gc,stats    ]      19 of   427 ms (  4.5%): <total>
[18.638s][info][gc,stats    ]       0 of   427 ms (  0.1%): <average total>
[18.638s][info][gc,stats    ]      10 of   427 ms (  2.3%): <average non-zero>
[18.639s][info][gc,stats    ] 
[18.639s][info][gc,metaspace] Metaspace: 61745K(62464K)->62019K(62720K) NonClass: 53792K(54208K)->54013K(54400K) Class: 7953K(8256K)->8005K(8320K)
[18.639s][info][gc,ergo     ] Pacer for Idle. Initial: 41943K, Alloc Tax Rate: 1.0x
[18.653s][info][gc          ] Trigger: Average GC time (572.23 ms) is above the time for average allocation rate (2231 MB/s) to deplete free headroom (534M) (margin of error = 1.82)
[18.653s][info][gc,ergo     ] Free headroom: 636M (free) - 102M (spike) - 0B (penalties) = 534M
[18.653s][info][gc,ergo     ] Free: 636M, Max: 1024K regular, 316M humongous, Frag: 51% external, 0% internal; Reserve: 103M, Max: 1024K
[18.653s][info][gc,start    ] GC(9) Concurrent reset
[18.653s][info][gc,task     ] GC(9) Using 1 of 3 workers for concurrent reset
[18.653s][info][gc,ergo     ] GC(9) Pacer for Reset. Non-Taxable: 2048M
[18.655s][info][gc          ] GC(9) Concurrent reset 2.207ms
[18.655s][info][gc,start    ] GC(9) Pause Init Mark (unload classes)
[18.655s][info][gc,task     ] GC(9) Using 3 of 3 workers for init marking
[18.655s][info][gc,ergo     ] GC(9) Pacer for Mark. Expected Live: 122M, Free: 636M, Non-Taxable: 65199K, Alloc Tax Rate: 0.2x
[18.655s][info][gc          ] GC(9) Pause Init Mark (unload classes) 0.122ms
[18.656s][info][gc,start    ] GC(9) Concurrent marking roots
[18.656s][info][gc,task     ] GC(9) Using 1 of 3 workers for concurrent marking roots
[18.661s][info][gc          ] GC(9) Concurrent marking roots 5.853ms
[18.661s][info][gc,start    ] GC(9) Concurrent marking (unload classes)
[18.661s][info][gc,task     ] GC(9) Using 1 of 3 workers for concurrent marking
[18.791s][info][gc          ] GC(9) Concurrent marking (unload classes) 129.604ms
[18.791s][info][gc,start    ] GC(9) Pause Final Mark (unload classes)
[18.791s][info][gc,task     ] GC(9) Using 3 of 3 workers for final marking
[18.791s][info][gc,ergo     ] GC(9) Collectable Garbage: 1117M (98%), Immediate: 1117M (98%), CSet: 0B (0%)
[18.791s][info][gc          ] GC(9) Pause Final Mark (unload classes) 0.159ms
[18.791s][info][gc,start    ] GC(9) Concurrent weak references
[18.791s][info][gc,task     ] GC(9) Using 1 of 3 workers for concurrent weak references
[18.792s][info][gc,ref      ] GC(9) Encountered references: Soft: 3189, Weak: 5098, Final: 51, Phantom: 621
[18.792s][info][gc,ref      ] GC(9) Discovered  references: Soft: 0, Weak: 2586, Final: 0, Phantom: 258
[18.792s][info][gc,ref      ] GC(9) Enqueued    references: Soft: 0, Weak: 43, Final: 0, Phantom: 45
[18.792s][info][gc          ] GC(9) Concurrent weak references 0.325ms
[18.792s][info][gc,start    ] GC(9) Concurrent weak roots
[18.792s][info][gc,task     ] GC(9) Using 1 of 3 workers for concurrent weak root
[18.794s][info][gc          ] GC(9) Concurrent weak roots 2.124ms
[18.794s][info][gc,start    ] GC(9) Concurrent cleanup
[18.794s][info][gc          ] GC(9) Concurrent cleanup 1326M->208M(2048M) 0.145ms
[18.794s][info][gc,ergo     ] GC(9) Free: 1730M, Max: 1024K regular, 715M humongous, Frag: 59% external, 0% internal; Reserve: 103M, Max: 1024K
[18.794s][info][gc,start    ] GC(9) Concurrent class unloading
[18.794s][info][gc,task     ] GC(9) Using 1 of 3 workers for concurrent class unloading
[18.800s][info][gc          ] GC(9) Concurrent class unloading 5.974ms
[18.800s][info][gc,start    ] GC(9) Pause Final Roots
[18.800s][info][gc          ] GC(9) Pause Final Roots 0.040ms
[18.800s][info][gc,ergo     ] Free: 1730M, Max: 1024K regular, 715M humongous, Frag: 59% external, 0% internal; Reserve: 103M, Max: 1024K
[18.800s][info][gc,stats    ] 
[18.800s][info][gc,stats    ] All times are wall-clock times, except per-root-class counters, that are sum over
[18.800s][info][gc,stats    ] all workers. Dividing the <total> over the root stage time estimates parallelism.
[18.800s][info][gc,stats    ] 
[18.800s][info][gc,stats    ] Concurrent Reset                   2247 us
[18.801s][info][gc,stats    ] Pause Init Mark (G)                 222 us
[18.801s][info][gc,stats    ] Pause Init Mark (N)                 130 us
[18.801s][info][gc,stats    ]   Update Region States               45 us
[18.801s][info][gc,stats    ] Concurrent Mark Roots              5898 us, parallelism: 0.97x
[18.801s][info][gc,stats    ]   CMR: <total>                     5713 us
[18.801s][info][gc,stats    ]   CMR: Thread Roots                5616 us, workers (us): 5616, ---, ---, 
[18.801s][info][gc,stats    ]   CMR: VM Strong Roots               20 us, workers (us):  20, ---, ---, 
[18.801s][info][gc,stats    ]   CMR: CLDG Roots                    77 us, workers (us):  77, ---, ---, 
[18.801s][info][gc,stats    ] Concurrent Marking               129655 us
[18.801s][info][gc,stats    ] Pause Final Mark (G)                262 us
[18.801s][info][gc,stats    ] Pause Final Mark (N)                167 us
[18.801s][info][gc,stats    ]   Finish Mark                        35 us
[18.801s][info][gc,stats    ]   Update Region States               27 us
[18.801s][info][gc,stats    ]   Choose Collection Set              30 us
[18.801s][info][gc,stats    ]   Rebuild Free Set                    8 us
[18.801s][info][gc,stats    ] Concurrent Weak References          333 us, parallelism: 0.79x
[18.801s][info][gc,stats    ]   CWRF: <total>                     263 us
[18.801s][info][gc,stats    ]   CWRF: Weak References             263 us, workers (us): 263, ---, ---, 
[18.801s][info][gc,stats    ] Concurrent Weak Roots              2153 us
[18.801s][info][gc,stats    ]   Roots                            1998 us, parallelism: 0.98x
[18.801s][info][gc,stats    ]     CWR: <total>                   1966 us
[18.801s][info][gc,stats    ]     CWR: Code Cache Roots          1649 us, workers (us): 1649, ---, ---, 
[18.801s][info][gc,stats    ]     CWR: VM Weak Roots              272 us, workers (us): 272, ---, ---, 
[18.801s][info][gc,stats    ]     CWR: CLDG Roots                  45 us, workers (us):  45, ---, ---, 
[18.801s][info][gc,stats    ]   Rendezvous                        110 us
[18.801s][info][gc,stats    ] Concurrent Cleanup                  163 us
[18.801s][info][gc,stats    ] Concurrent Class Unloading         6023 us
[18.801s][info][gc,stats    ]   Unlink Stale                     5587 us
[18.801s][info][gc,stats    ]     System Dictionary               119 us
[18.801s][info][gc,stats    ]     Weak Class Links                  1 us
[18.801s][info][gc,stats    ]     Code Roots                     5466 us
[18.801s][info][gc,stats    ]   Rendezvous                         78 us
[18.801s][info][gc,stats    ]   Purge Unlinked                    274 us
[18.801s][info][gc,stats    ]     Code Roots                      270 us
[18.801s][info][gc,stats    ]     CLDG                              4 us
[18.801s][info][gc,stats    ]     Exception Caches                  0 us
[18.801s][info][gc,stats    ] Pause Final Roots (G)               239 us
[18.801s][info][gc,stats    ] Pause Final Roots (N)                54 us
[18.801s][info][gc,stats    ] 
[18.801s][info][gc,stats    ] Allocation pacing accrued:
[18.801s][info][gc,stats    ]       0 of   163 ms (  0.0%): <total>
[18.801s][info][gc,stats    ]       0 of   163 ms (  0.0%): <average total>
[18.801s][info][gc,stats    ] 
[18.801s][info][gc,metaspace] Metaspace: 62019K(62720K)->63779K(64576K) NonClass: 54013K(54400K)->55539K(56000K) Class: 8005K(8320K)->8240K(8576K)
[18.801s][info][gc,ergo     ] Pacer for Idle. Initial: 41943K, Alloc Tax Rate: 1.0x
[18.815s][info][gc          ] Trigger: Explicit GC request (System.gc())
[18.815s][info][gc,ergo     ] Free: 1730M, Max: 1024K regular, 715M humongous, Frag: 59% external, 0% internal; Reserve: 103M, Max: 1024K
[18.815s][info][gc,start    ] GC(10) Concurrent reset
[18.815s][info][gc,task     ] GC(10) Using 1 of 3 workers for concurrent reset
[18.815s][info][gc,ergo     ] GC(10) Pacer for Reset. Non-Taxable: 2048M
[18.816s][info][gc          ] GC(10) Concurrent reset 1.143ms
[18.816s][info][gc,start    ] GC(10) Pause Init Mark (unload classes)
[18.816s][info][gc,task     ] GC(10) Using 3 of 3 workers for init marking
[18.817s][info][gc,ref      ] GC(10) Clearing All SoftReferences
[18.817s][info][gc,ergo     ] GC(10) Pacer for Mark. Expected Live: 144M, Free: 1730M, Non-Taxable: 173M, Alloc Tax Rate: 0.1x
[18.817s][info][gc          ] GC(10) Pause Init Mark (unload classes) 0.179ms
[18.817s][info][gc,start    ] GC(10) Concurrent marking roots
[18.817s][info][gc,task     ] GC(10) Using 1 of 3 workers for concurrent marking roots
[18.822s][info][gc          ] GC(10) Concurrent marking roots 4.968ms
[18.822s][info][gc,start    ] GC(10) Concurrent marking (unload classes)
[18.822s][info][gc,task     ] GC(10) Using 1 of 3 workers for concurrent marking
[18.946s][info][gc          ] GC(10) Concurrent marking (unload classes) 124.873ms
[18.947s][info][gc,start    ] GC(10) Pause Final Mark (unload classes)
[18.947s][info][gc,task     ] GC(10) Using 3 of 3 workers for final marking
[18.947s][info][gc,ergo     ] GC(10) Adaptive CSet Selection. Target Free: 290M, Actual Free: 1841M, Max CSet: 87381K, Min Garbage: 0B
[18.947s][info][gc,ergo     ] GC(10) Collectable Garbage: 37528K (92%), Immediate: 9216K (22%), CSet: 28312K (69%)
[18.947s][info][gc,ergo     ] GC(10) Pacer for Evacuation. Used CSet: 32422K, Free: 1742M, Non-Taxable: 174M, Alloc Tax Rate: 1.1x
[18.947s][info][gc          ] GC(10) Pause Final Mark (unload classes) 0.341ms
[18.947s][info][gc,start    ] GC(10) Concurrent thread roots
[18.947s][info][gc,task     ] GC(10) Using 1 of 3 workers for Concurrent thread roots
[18.952s][info][gc          ] GC(10) Concurrent thread roots 4.801ms
[18.952s][info][gc,start    ] GC(10) Concurrent weak references
[18.952s][info][gc,task     ] GC(10) Using 1 of 3 workers for concurrent weak references
[18.952s][info][gc,ref      ] GC(10) Encountered references: Soft: 3156, Weak: 5434, Final: 51, Phantom: 712
[18.952s][info][gc,ref      ] GC(10) Discovered  references: Soft: 993, Weak: 1083, Final: 0, Phantom: 470
[18.952s][info][gc,ref      ] GC(10) Enqueued    references: Soft: 639, Weak: 296, Final: 0, Phantom: 134
[18.952s][info][gc          ] GC(10) Concurrent weak references 0.560ms
[18.952s][info][gc,start    ] GC(10) Concurrent weak roots
[18.952s][info][gc,task     ] GC(10) Using 1 of 3 workers for concurrent weak root
[18.954s][info][gc          ] GC(10) Concurrent weak roots 2.060ms
[18.955s][info][gc,start    ] GC(10) Concurrent cleanup
[18.955s][info][gc          ] GC(10) Concurrent cleanup 211M->202M(2048M) 0.046ms
[18.955s][info][gc,ergo     ] GC(10) Free: 1741M, Max: 1024K regular, 715M humongous, Frag: 59% external, 0% internal; Reserve: 102M, Max: 1024K
[18.955s][info][gc,start    ] GC(10) Concurrent class unloading
[18.955s][info][gc,task     ] GC(10) Using 1 of 3 workers for concurrent class unloading
[18.970s][info][gc          ] GC(10) Concurrent class unloading 15.366ms
[18.970s][info][gc,start    ] GC(10) Concurrent strong roots
[18.970s][info][gc,task     ] GC(10) Using 1 of 3 workers for concurrent strong root
[18.970s][info][gc          ] GC(10) Concurrent strong roots 0.337ms
[18.970s][info][gc,start    ] GC(10) Concurrent evacuation
[18.970s][info][gc,task     ] GC(10) Using 1 of 3 workers for concurrent evacuation
[18.975s][info][gc          ] GC(10) Concurrent evacuation 4.326ms
[18.975s][info][gc,start    ] GC(10) Pause Init Update Refs
[18.975s][info][gc,ergo     ] GC(10) Pacer for Update Refs. Used: 223M, Free: 1724M, Non-Taxable: 172M, Alloc Tax Rate: 1.1x
[18.975s][info][gc          ] GC(10) Pause Init Update Refs 0.056ms
[18.975s][info][gc,start    ] GC(10) Concurrent update references
[18.975s][info][gc,task     ] GC(10) Using 1 of 3 workers for concurrent reference update
[19.037s][info][gc          ] GC(10) Concurrent update references 61.571ms
[19.037s][info][gc,start    ] GC(10) Concurrent update thread roots
[19.042s][info][gc          ] GC(10) Concurrent update thread roots 5.309ms
[19.042s][info][gc,start    ] GC(10) Pause Final Update Refs
[19.042s][info][gc,task     ] GC(10) Using 3 of 3 workers for final reference update
[19.042s][info][gc          ] GC(10) Pause Final Update Refs 0.152ms
[19.042s][info][gc,start    ] GC(10) Concurrent cleanup
[19.042s][info][gc          ] GC(10) Concurrent cleanup 223M->192M(2048M) 0.082ms
[19.042s][info][gc,ergo     ] Free: 1751M, Max: 1024K regular, 1410M humongous, Frag: 20% external, 0% internal; Reserve: 103M, Max: 1024K
[19.042s][info][gc,stats    ] 
[19.042s][info][gc,stats    ] All times are wall-clock times, except per-root-class counters, that are sum over
[19.042s][info][gc,stats    ] all workers. Dividing the <total> over the root stage time estimates parallelism.
[19.042s][info][gc,stats    ] 
[19.042s][info][gc,stats    ] Concurrent Reset                   1196 us
[19.042s][info][gc,stats    ] Pause Init Mark (G)                 246 us
[19.042s][info][gc,stats    ] Pause Init Mark (N)                 188 us
[19.043s][info][gc,stats    ]   Update Region States               63 us
[19.043s][info][gc,stats    ] Concurrent Mark Roots              5016 us, parallelism: 0.96x
[19.043s][info][gc,stats    ]   CMR: <total>                     4812 us
[19.043s][info][gc,stats    ]   CMR: Thread Roots                4632 us, workers (us): 4632, ---, ---, 
[19.043s][info][gc,stats    ]   CMR: VM Strong Roots               16 us, workers (us):  16, ---, ---, 
[19.043s][info][gc,stats    ]   CMR: CLDG Roots                   164 us, workers (us): 164, ---, ---, 
[19.043s][info][gc,stats    ] Concurrent Marking               124936 us
[19.043s][info][gc,stats    ] Pause Final Mark (G)                403 us
[19.043s][info][gc,stats    ] Pause Final Mark (N)                357 us
[19.043s][info][gc,stats    ]   Finish Mark                        92 us
[19.043s][info][gc,stats    ]   Update Region States               51 us
[19.043s][info][gc,stats    ]   Choose Collection Set              83 us
[19.043s][info][gc,stats    ]   Rebuild Free Set                   17 us
[19.043s][info][gc,stats    ] Concurrent Thread Roots            4866 us, parallelism: 0.97x
[19.043s][info][gc,stats    ]   CTR: <total>                     4709 us
[19.043s][info][gc,stats    ]   CTR: Thread Roots                4709 us, workers (us): 4709, ---, ---, 
[19.043s][info][gc,stats    ] Concurrent Weak References          568 us, parallelism: 0.76x
[19.043s][info][gc,stats    ]   CWRF: <total>                     430 us
[19.043s][info][gc,stats    ]   CWRF: Weak References             430 us, workers (us): 430, ---, ---, 
[19.043s][info][gc,stats    ] Concurrent Weak Roots              2124 us
[19.043s][info][gc,stats    ]   Roots                            1759 us, parallelism: 0.96x
[19.043s][info][gc,stats    ]     CWR: <total>                   1690 us
[19.043s][info][gc,stats    ]     CWR: Code Cache Roots          1184 us, workers (us): 1184, ---, ---, 
[19.043s][info][gc,stats    ]     CWR: VM Weak Roots              455 us, workers (us): 455, ---, ---, 
[19.043s][info][gc,stats    ]     CWR: CLDG Roots                  52 us, workers (us):  52, ---, ---, 
[19.043s][info][gc,stats    ]   Rendezvous                        282 us
[19.043s][info][gc,stats    ] Concurrent Cleanup                   64 us
[19.043s][info][gc,stats    ] Concurrent Class Unloading        15428 us
[19.043s][info][gc,stats    ]   Unlink Stale                    14260 us
[19.043s][info][gc,stats    ]     System Dictionary              1099 us
[19.043s][info][gc,stats    ]     Weak Class Links               6768 us
[19.043s][info][gc,stats    ]     Code Roots                     6391 us
[19.043s][info][gc,stats    ]   Rendezvous                        176 us
[19.043s][info][gc,stats    ]   Purge Unlinked                    893 us
[19.043s][info][gc,stats    ]     Code Roots                      400 us
[19.043s][info][gc,stats    ]     CLDG                            493 us
[19.043s][info][gc,stats    ]     Exception Caches                  0 us
[19.043s][info][gc,stats    ] Concurrent Strong Roots             359 us, parallelism: 0.52x
[19.043s][info][gc,stats    ]   CSR: <total>                      185 us
[19.043s][info][gc,stats    ]   CSR: VM Strong Roots               13 us, workers (us):  13, ---, ---, 
[19.043s][info][gc,stats    ]   CSR: CLDG Roots                   172 us, workers (us): 172, ---, ---, 
[19.043s][info][gc,stats    ] Concurrent Evacuation              4389 us
[19.043s][info][gc,stats    ] Pause Init Update Refs (G)          180 us
[19.043s][info][gc,stats    ] Pause Init Update Refs (N)           67 us
[19.043s][info][gc,stats    ]   Manage GCLABs                       6 us
[19.043s][info][gc,stats    ] Concurrent Update Refs            61600 us
[19.043s][info][gc,stats    ] Concurrent Update Thread Roots     5358 us
[19.043s][info][gc,stats    ] Pause Final Update Refs (G)         253 us
[19.043s][info][gc,stats    ] Pause Final Update Refs (N)         170 us
[19.043s][info][gc,stats    ]   Update Region States               72 us
[19.043s][info][gc,stats    ]   Trash Collection Set                3 us
[19.043s][info][gc,stats    ]   Rebuild Free Set                   16 us
[19.043s][info][gc,stats    ] Concurrent Cleanup                  108 us
[19.043s][info][gc,stats    ] 
[19.043s][info][gc,stats    ] Allocation pacing accrued:
[19.043s][info][gc,stats    ]       0 of   242 ms (  0.0%): <total>
[19.043s][info][gc,stats    ]       0 of   242 ms (  0.0%): <average total>
[19.043s][info][gc,stats    ] 
[19.043s][info][gc,metaspace] Metaspace: 63779K(64576K)->63465K(64640K) NonClass: 55539K(56000K)->55282K(56064K) Class: 8240K(8576K)->8183K(8576K)
[19.043s][info][gc,ergo     ] Pacer for Idle. Initial: 41943K, Alloc Tax Rate: 1.0x
[19.276s][info][gc          ] Trigger: Learning 2 of 5. Free (1408M) is below initial threshold (1433M)
[19.277s][info][gc,ergo     ] Free: 1408M, Max: 1024K regular, 1408M humongous, Frag: 0% external, 0% internal; Reserve: 103M, Max: 1024K
[19.277s][info][gc,start    ] GC(11) Concurrent reset
[19.277s][info][gc,task     ] GC(11) Using 1 of 3 workers for concurrent reset
[19.277s][info][gc,ergo     ] GC(11) Pacer for Reset. Non-Taxable: 2048M
[19.278s][info][gc          ] GC(11) Concurrent reset 0.907ms
[19.278s][info][gc,start    ] GC(11) Pause Init Mark (unload classes)
[19.278s][info][gc,task     ] GC(11) Using 3 of 3 workers for init marking
[19.278s][info][gc,ergo     ] GC(11) Pacer for Mark. Expected Live: 158M, Free: 1405M, Non-Taxable: 140M, Alloc Tax Rate: 0.1x
[19.278s][info][gc          ] GC(11) Pause Init Mark (unload classes) 0.140ms
[19.278s][info][gc,start    ] GC(11) Concurrent marking roots
[19.278s][info][gc,task     ] GC(11) Using 1 of 3 workers for concurrent marking roots
[19.285s][info][gc          ] GC(11) Concurrent marking roots 6.877ms
[19.285s][info][gc,start    ] GC(11) Concurrent marking (unload classes)
[19.285s][info][gc,task     ] GC(11) Using 1 of 3 workers for concurrent marking
[19.413s][info][gc          ] GC(11) Concurrent marking (unload classes) 127.841ms
[19.413s][info][gc,start    ] GC(11) Pause Final Mark (unload classes)
[19.413s][info][gc,task     ] GC(11) Using 3 of 3 workers for final marking
[19.413s][info][gc,ergo     ] GC(11) Adaptive CSet Selection. Target Free: 290M, Actual Free: 1374M, Max CSet: 87381K, Min Garbage: 0B
[19.413s][info][gc,ergo     ] GC(11) Collectable Garbage: 361M (99%), Immediate: 316M (86%), CSet: 46317K (12%)
[19.413s][info][gc,ergo     ] GC(11) Pacer for Evacuation. Used CSet: 48726K, Free: 1274M, Non-Taxable: 127M, Alloc Tax Rate: 1.1x
[19.413s][info][gc          ] GC(11) Pause Final Mark (unload classes) 0.259ms
[19.413s][info][gc,start    ] GC(11) Concurrent thread roots
[19.413s][info][gc,task     ] GC(11) Using 1 of 3 workers for Concurrent thread roots
[19.419s][info][gc          ] GC(11) Concurrent thread roots 6.119ms
[19.419s][info][gc,start    ] GC(11) Concurrent weak references
[19.419s][info][gc,task     ] GC(11) Using 1 of 3 workers for concurrent weak references
[19.420s][info][gc,ref      ] GC(11) Encountered references: Soft: 2910, Weak: 5469, Final: 51, Phantom: 593
[19.420s][info][gc,ref      ] GC(11) Discovered  references: Soft: 0, Weak: 881, Final: 0, Phantom: 274
[19.420s][info][gc,ref      ] GC(11) Enqueued    references: Soft: 0, Weak: 116, Final: 0, Phantom: 15
[19.420s][info][gc          ] GC(11) Concurrent weak references 0.308ms
[19.420s][info][gc,start    ] GC(11) Concurrent weak roots
[19.420s][info][gc,task     ] GC(11) Using 1 of 3 workers for concurrent weak root
[19.422s][info][gc          ] GC(11) Concurrent weak roots 2.515ms
[19.422s][info][gc,start    ] GC(11) Concurrent cleanup
[19.422s][info][gc          ] GC(11) Concurrent cleanup 1014M->699M(2048M) 0.064ms
[19.422s][info][gc,ergo     ] GC(11) Free: 1244M, Max: 1024K regular, 926M humongous, Frag: 26% external, 0% internal; Reserve: 102M, Max: 1024K
[19.422s][info][gc,start    ] GC(11) Concurrent class unloading
[19.422s][info][gc,task     ] GC(11) Using 1 of 3 workers for concurrent class unloading
[19.438s][info][gc          ] GC(11) Concurrent class unloading 15.193ms
[19.438s][info][gc,start    ] GC(11) Concurrent strong roots
[19.438s][info][gc,task     ] GC(11) Using 1 of 3 workers for concurrent strong root
[19.438s][info][gc          ] GC(11) Concurrent strong roots 0.532ms
[19.438s][info][gc,start    ] GC(11) Concurrent evacuation
[19.438s][info][gc,task     ] GC(11) Using 1 of 3 workers for concurrent evacuation
[19.440s][info][gc          ] GC(11) Concurrent evacuation 1.464ms
[19.440s][info][gc,start    ] GC(11) Pause Init Update Refs
[19.440s][info][gc,ergo     ] GC(11) Pacer for Update Refs. Used: 754M, Free: 1191M, Non-Taxable: 119M, Alloc Tax Rate: 1.1x
[19.440s][info][gc          ] GC(11) Pause Init Update Refs 0.074ms
[19.440s][info][gc,start    ] GC(11) Concurrent update references
[19.440s][info][gc,task     ] GC(11) Using 1 of 3 workers for concurrent reference update
[19.620s][info][gc          ] GC(11) Concurrent update references 180.480ms
[19.620s][info][gc,start    ] GC(11) Concurrent update thread roots
[19.626s][info][gc          ] GC(11) Concurrent update thread roots 5.826ms
[19.626s][info][gc,start    ] GC(11) Pause Final Update Refs
[19.626s][info][gc,task     ] GC(11) Using 3 of 3 workers for final reference update
[19.627s][info][gc          ] GC(11) Pause Final Update Refs 0.137ms
[19.627s][info][gc,start    ] GC(11) Concurrent cleanup
[19.627s][info][gc          ] GC(11) Concurrent cleanup 1290M->1242M(2048M) 0.028ms
[19.627s][info][gc,ergo     ] Free: 700M, Max: 1024K regular, 654M humongous, Frag: 7% external, 0% internal; Reserve: 103M, Max: 1024K
[19.627s][info][gc,stats    ] 
[19.627s][info][gc,stats    ] All times are wall-clock times, except per-root-class counters, that are sum over
[19.627s][info][gc,stats    ] all workers. Dividing the <total> over the root stage time estimates parallelism.
[19.627s][info][gc,stats    ] 
[19.627s][info][gc,stats    ] Concurrent Reset                    989 us
[19.627s][info][gc,stats    ] Pause Init Mark (G)                 347 us
[19.627s][info][gc,stats    ] Pause Init Mark (N)                 148 us
[19.627s][info][gc,stats    ]   Update Region States               50 us
[19.627s][info][gc,stats    ] Concurrent Mark Roots              6901 us, parallelism: 0.97x
[19.627s][info][gc,stats    ]   CMR: <total>                     6728 us
[19.627s][info][gc,stats    ]   CMR: Thread Roots                6625 us, workers (us): 6625, ---, ---, 
[19.627s][info][gc,stats    ]   CMR: VM Strong Roots               12 us, workers (us):  12, ---, ---, 
[19.627s][info][gc,stats    ]   CMR: CLDG Roots                    91 us, workers (us):  91, ---, ---, 
[19.627s][info][gc,stats    ] Concurrent Marking               127907 us
[19.627s][info][gc,stats    ] Pause Final Mark (G)                430 us
[19.627s][info][gc,stats    ] Pause Final Mark (N)                274 us
[19.627s][info][gc,stats    ]   Finish Mark                        43 us
[19.627s][info][gc,stats    ]   Update Region States               42 us
[19.627s][info][gc,stats    ]   Choose Collection Set              69 us
[19.627s][info][gc,stats    ]   Rebuild Free Set                    8 us
[19.627s][info][gc,stats    ] Concurrent Thread Roots            6163 us, parallelism: 0.98x
[19.627s][info][gc,stats    ]   CTR: <total>                     6027 us
[19.627s][info][gc,stats    ]   CTR: Thread Roots                6027 us, workers (us): 6027, ---, ---, 
[19.627s][info][gc,stats    ] Concurrent Weak References          324 us, parallelism: 0.43x
[19.627s][info][gc,stats    ]   CWRF: <total>                     140 us
[19.627s][info][gc,stats    ]   CWRF: Weak References             140 us, workers (us): 140, ---, ---, 
[19.627s][info][gc,stats    ] Concurrent Weak Roots              2564 us
[19.627s][info][gc,stats    ]   Roots                            2377 us, parallelism: 0.98x
[19.627s][info][gc,stats    ]     CWR: <total>                   2336 us
[19.627s][info][gc,stats    ]     CWR: Code Cache Roots          1685 us, workers (us): 1685, ---, ---, 
[19.627s][info][gc,stats    ]     CWR: VM Weak Roots              584 us, workers (us): 584, ---, ---, 
[19.627s][info][gc,stats    ]     CWR: CLDG Roots                  67 us, workers (us):  67, ---, ---, 
[19.627s][info][gc,stats    ]   Rendezvous                        105 us
[19.627s][info][gc,stats    ] Concurrent Cleanup                   72 us
[19.627s][info][gc,stats    ] Concurrent Class Unloading        15263 us
[19.627s][info][gc,stats    ]   Unlink Stale                    14518 us
[19.627s][info][gc,stats    ]     System Dictionary               225 us
[19.627s][info][gc,stats    ]     Weak Class Links               6706 us
[19.627s][info][gc,stats    ]     Code Roots                     7585 us
[19.627s][info][gc,stats    ]   Rendezvous                        194 us
[19.627s][info][gc,stats    ]   Purge Unlinked                    460 us
[19.627s][info][gc,stats    ]     Code Roots                      433 us
[19.627s][info][gc,stats    ]     CLDG                             26 us
[19.627s][info][gc,stats    ]     Exception Caches                  0 us
[19.627s][info][gc,stats    ] Concurrent Strong Roots             556 us, parallelism: 0.64x
[19.627s][info][gc,stats    ]   CSR: <total>                      357 us
[19.627s][info][gc,stats    ]   CSR: VM Strong Roots               14 us, workers (us):  14, ---, ---, 
[19.627s][info][gc,stats    ]   CSR: CLDG Roots                   343 us, workers (us): 343, ---, ---, 
[19.627s][info][gc,stats    ] Concurrent Evacuation              1501 us
[19.627s][info][gc,stats    ] Pause Init Update Refs (G)          225 us
[19.627s][info][gc,stats    ] Pause Init Update Refs (N)           83 us
[19.627s][info][gc,stats    ]   Manage GCLABs                       9 us
[19.627s][info][gc,stats    ] Concurrent Update Refs           180554 us
[19.627s][info][gc,stats    ] Concurrent Update Thread Roots     5897 us
[19.627s][info][gc,stats    ] Pause Final Update Refs (G)         264 us
[19.627s][info][gc,stats    ] Pause Final Update Refs (N)         156 us
[19.627s][info][gc,stats    ]   Update Region States               49 us
[19.627s][info][gc,stats    ]   Trash Collection Set                3 us
[19.627s][info][gc,stats    ]   Rebuild Free Set                   20 us
[19.627s][info][gc,stats    ] Concurrent Cleanup                   37 us
[19.627s][info][gc,stats    ] 
[19.627s][info][gc,stats    ] Allocation pacing accrued:
[19.627s][info][gc,stats    ]       0 of   584 ms (  0.0%): <total>
[19.627s][info][gc,stats    ]       0 of   584 ms (  0.0%): <average total>
[19.627s][info][gc,stats    ] 
[19.627s][info][gc,metaspace] Metaspace: 63854K(64704K)->63863K(64704K) NonClass: 55617K(56128K)->55626K(56128K) Class: 8236K(8576K)->8236K(8576K)
[19.627s][info][gc,ergo     ] Pacer for Idle. Initial: 41943K, Alloc Tax Rate: 1.0x
[19.637s][info][gc          ] Trigger: Learning 3 of 5. Free (665M) is below initial threshold (1433M)
[19.637s][info][gc,ergo     ] Free: 664M, Max: 1024K regular, 654M humongous, Frag: 2% external, 0% internal; Reserve: 103M, Max: 1024K
[19.637s][info][gc,start    ] GC(12) Concurrent reset
[19.637s][info][gc,task     ] GC(12) Using 1 of 3 workers for concurrent reset
[19.637s][info][gc,ergo     ] GC(12) Pacer for Reset. Non-Taxable: 2048M
[19.638s][info][gc          ] GC(12) Concurrent reset 1.109ms
[19.638s][info][gc,start    ] GC(12) Pause Init Mark (unload classes)
[19.639s][info][gc,task     ] GC(12) Using 3 of 3 workers for init marking
[19.639s][info][gc,ergo     ] GC(12) Pacer for Mark. Expected Live: 168M, Free: 660M, Non-Taxable: 67618K, Alloc Tax Rate: 0.3x
[19.639s][info][gc          ] GC(12) Pause Init Mark (unload classes) 0.186ms
[19.639s][info][gc,start    ] GC(12) Concurrent marking roots
[19.639s][info][gc,task     ] GC(12) Using 1 of 3 workers for concurrent marking roots
[19.645s][info][gc          ] GC(12) Concurrent marking roots 6.500ms
[19.645s][info][gc,start    ] GC(12) Concurrent marking (unload classes)
[19.645s][info][gc,task     ] GC(12) Using 1 of 3 workers for concurrent marking
[19.774s][info][gc          ] GC(12) Concurrent marking (unload classes) 128.401ms
[19.774s][info][gc,start    ] GC(12) Pause Final Mark (unload classes)
[19.774s][info][gc,task     ] GC(12) Using 3 of 3 workers for final marking
[19.774s][info][gc,ergo     ] GC(12) Collectable Garbage: 1092M (98%), Immediate: 1092M (98%), CSet: 0B (0%)
[19.774s][info][gc          ] GC(12) Pause Final Mark (unload classes) 0.252ms
[19.774s][info][gc,start    ] GC(12) Concurrent weak references
[19.774s][info][gc,task     ] GC(12) Using 1 of 3 workers for concurrent weak references
[19.774s][info][gc,ref      ] GC(12) Encountered references: Soft: 2910, Weak: 5361, Final: 51, Phantom: 578
[19.774s][info][gc,ref      ] GC(12) Discovered  references: Soft: 0, Weak: 778, Final: 0, Phantom: 259
[19.774s][info][gc,ref      ] GC(12) Enqueued    references: Soft: 0, Weak: 16, Final: 0, Phantom: 0
[19.774s][info][gc          ] GC(12) Concurrent weak references 0.345ms
[19.774s][info][gc,start    ] GC(12) Concurrent weak roots
[19.774s][info][gc,task     ] GC(12) Using 1 of 3 workers for concurrent weak root
[19.776s][info][gc          ] GC(12) Concurrent weak roots 1.688ms
[19.776s][info][gc,start    ] GC(12) Concurrent cleanup
[19.776s][info][gc          ] GC(12) Concurrent cleanup 1651M->559M(2048M) 0.130ms
[19.776s][info][gc,ergo     ] GC(12) Free: 1383M, Max: 1024K regular, 291M humongous, Frag: 79% external, 0% internal; Reserve: 103M, Max: 1024K
[19.776s][info][gc,start    ] GC(12) Concurrent class unloading
[19.776s][info][gc,task     ] GC(12) Using 1 of 3 workers for concurrent class unloading
[19.783s][info][gc          ] GC(12) Concurrent class unloading 7.052ms
[19.783s][info][gc,start    ] GC(12) Pause Final Roots
[19.784s][info][gc          ] GC(12) Pause Final Roots 0.073ms
[19.784s][info][gc,ergo     ] Free: 1369M, Max: 1024K regular, 291M humongous, Frag: 79% external, 0% internal; Reserve: 103M, Max: 1024K
[19.784s][info][gc,stats    ] 
[19.784s][info][gc,stats    ] All times are wall-clock times, except per-root-class counters, that are sum over
[19.784s][info][gc,stats    ] all workers. Dividing the <total> over the root stage time estimates parallelism.
[19.784s][info][gc,stats    ] 
[19.784s][info][gc,stats    ] Concurrent Reset                   1127 us
[19.784s][info][gc,stats    ] Pause Init Mark (G)                 321 us
[19.784s][info][gc,stats    ] Pause Init Mark (N)                 196 us
[19.784s][info][gc,stats    ]   Update Region States               53 us
[19.784s][info][gc,stats    ] Concurrent Mark Roots              6522 us, parallelism: 0.98x
[19.784s][info][gc,stats    ]   CMR: <total>                     6394 us
[19.784s][info][gc,stats    ]   CMR: Thread Roots                6287 us, workers (us): 6287, ---, ---, 
[19.784s][info][gc,stats    ]   CMR: VM Strong Roots               10 us, workers (us):  10, ---, ---, 
[19.784s][info][gc,stats    ]   CMR: CLDG Roots                    98 us, workers (us):  98, ---, ---, 
[19.784s][info][gc,stats    ] Concurrent Marking               128481 us
[19.784s][info][gc,stats    ] Pause Final Mark (G)                342 us
[19.784s][info][gc,stats    ] Pause Final Mark (N)                261 us
[19.784s][info][gc,stats    ]   Finish Mark                        95 us
[19.784s][info][gc,stats    ]   Update Region States               49 us
[19.784s][info][gc,stats    ]   Choose Collection Set              34 us
[19.784s][info][gc,stats    ]   Rebuild Free Set                    8 us
[19.784s][info][gc,stats    ] Concurrent Weak References          366 us, parallelism: 0.25x
[19.784s][info][gc,stats    ]   CWRF: <total>                      92 us
[19.784s][info][gc,stats    ]   CWRF: Weak References              92 us, workers (us):  92, ---, ---, 
[19.784s][info][gc,stats    ] Concurrent Weak Roots              1724 us
[19.784s][info][gc,stats    ]   Roots                            1536 us, parallelism: 0.95x
[19.784s][info][gc,stats    ]     CWR: <total>                   1464 us
[19.784s][info][gc,stats    ]     CWR: Code Cache Roots          1143 us, workers (us): 1143, ---, ---, 
[19.784s][info][gc,stats    ]     CWR: VM Weak Roots              283 us, workers (us): 283, ---, ---, 
[19.784s][info][gc,stats    ]     CWR: CLDG Roots                  38 us, workers (us):  38, ---, ---, 
[19.784s][info][gc,stats    ]   Rendezvous                        110 us
[19.784s][info][gc,stats    ] Concurrent Cleanup                  148 us
[19.784s][info][gc,stats    ] Concurrent Class Unloading         7114 us
[19.784s][info][gc,stats    ]   Unlink Stale                     6411 us
[19.784s][info][gc,stats    ]     System Dictionary                46 us
[19.784s][info][gc,stats    ]     Weak Class Links                  0 us
[19.784s][info][gc,stats    ]     Code Roots                     6362 us
[19.784s][info][gc,stats    ]   Rendezvous                        157 us
[19.784s][info][gc,stats    ]   Purge Unlinked                    450 us
[19.784s][info][gc,stats    ]     Code Roots                      443 us
[19.784s][info][gc,stats    ]     CLDG                              6 us
[19.784s][info][gc,stats    ]     Exception Caches                  0 us
[19.784s][info][gc,stats    ] Pause Final Roots (G)               194 us
[19.784s][info][gc,stats    ] Pause Final Roots (N)                97 us
[19.784s][info][gc,stats    ] Pacing                            57074 us
[19.784s][info][gc,stats    ] 
[19.784s][info][gc,stats    ] Allocation pacing accrued:
[19.784s][info][gc,stats    ]      29 of   157 ms ( 18.4%): Executor task launch worker for task 1.0 in stage 4.0 (TID 7)
[19.784s][info][gc,stats    ]      28 of   157 ms ( 18.0%): Executor task launch worker for task 0.0 in stage 4.0 (TID 6)
[19.784s][info][gc,stats    ]      57 of   157 ms ( 36.4%): <total>
[19.784s][info][gc,stats    ]       1 of   157 ms (  0.4%): <average total>
[19.784s][info][gc,stats    ]      29 of   157 ms ( 18.2%): <average non-zero>
[19.784s][info][gc,stats    ] 
[19.784s][info][gc,metaspace] Metaspace: 63863K(64704K)->63863K(64704K) NonClass: 55626K(56128K)->55626K(56128K) Class: 8236K(8576K)->8236K(8576K)
[19.784s][info][gc,ergo     ] Pacer for Idle. Initial: 41943K, Alloc Tax Rate: 1.0x
[19.794s][info][gc          ] Trigger: Learning 4 of 5. Free (1330M) is below initial threshold (1433M)
[19.794s][info][gc,ergo     ] Free: 1330M, Max: 1024K regular, 291M humongous, Frag: 79% external, 0% internal; Reserve: 103M, Max: 1024K
[19.795s][info][gc,start    ] GC(13) Concurrent reset
[19.795s][info][gc,task     ] GC(13) Using 1 of 3 workers for concurrent reset
[19.795s][info][gc,ergo     ] GC(13) Pacer for Reset. Non-Taxable: 2048M
[19.795s][info][gc          ] GC(13) Concurrent reset 0.870ms
[19.795s][info][gc,start    ] GC(13) Pause Init Mark (unload classes)
[19.796s][info][gc,task     ] GC(13) Using 3 of 3 workers for init marking
[19.796s][info][gc,ergo     ] GC(13) Pacer for Mark. Expected Live: 170M, Free: 1328M, Non-Taxable: 132M, Alloc Tax Rate: 0.2x
[19.796s][info][gc          ] GC(13) Pause Init Mark (unload classes) 0.110ms
[19.796s][info][gc,start    ] GC(13) Concurrent marking roots
[19.796s][info][gc,task     ] GC(13) Using 1 of 3 workers for concurrent marking roots
[19.802s][info][gc          ] GC(13) Concurrent marking roots 6.631ms
[19.802s][info][gc,start    ] GC(13) Concurrent marking (unload classes)
[19.802s][info][gc,task     ] GC(13) Using 1 of 3 workers for concurrent marking
[19.931s][info][gc          ] GC(13) Concurrent marking (unload classes) 128.460ms
[19.931s][info][gc,start    ] GC(13) Pause Final Mark (unload classes)
[19.931s][info][gc,task     ] GC(13) Using 3 of 3 workers for final marking
[19.931s][info][gc,ergo     ] GC(13) Collectable Garbage: 424M (95%), Immediate: 424M (95%), CSet: 0B (0%)
[19.931s][info][gc          ] GC(13) Pause Final Mark (unload classes) 0.197ms
[19.931s][info][gc,start    ] GC(13) Concurrent weak references
[19.931s][info][gc,task     ] GC(13) Using 1 of 3 workers for concurrent weak references
[19.931s][info][gc,ref      ] GC(13) Encountered references: Soft: 2910, Weak: 5341, Final: 51, Phantom: 578
[19.931s][info][gc,ref      ] GC(13) Discovered  references: Soft: 0, Weak: 771, Final: 0, Phantom: 259
[19.931s][info][gc,ref      ] GC(13) Enqueued    references: Soft: 0, Weak: 0, Final: 0, Phantom: 0
[19.931s][info][gc          ] GC(13) Concurrent weak references 0.145ms
[19.931s][info][gc,start    ] GC(13) Concurrent weak roots
[19.931s][info][gc,task     ] GC(13) Using 1 of 3 workers for concurrent weak root
[19.933s][info][gc          ] GC(13) Concurrent weak roots 1.809ms
[19.933s][info][gc,start    ] GC(13) Concurrent cleanup
[19.933s][info][gc          ] GC(13) Concurrent cleanup 1039M->614M(2048M) 0.049ms
[19.933s][info][gc,ergo     ] GC(13) Free: 1326M, Max: 1024K regular, 441M humongous, Frag: 67% external, 0% internal; Reserve: 103M, Max: 1024K
[19.933s][info][gc,start    ] GC(13) Concurrent class unloading
[19.933s][info][gc,task     ] GC(13) Using 1 of 3 workers for concurrent class unloading
[19.940s][info][gc          ] GC(13) Concurrent class unloading 6.851ms
[19.940s][info][gc,start    ] GC(13) Pause Final Roots
[19.940s][info][gc          ] GC(13) Pause Final Roots 0.041ms
[19.940s][info][gc,ergo     ] Free: 1319M, Max: 1024K regular, 441M humongous, Frag: 67% external, 0% internal; Reserve: 103M, Max: 1024K
[19.940s][info][gc,stats    ] 
[19.940s][info][gc,stats    ] All times are wall-clock times, except per-root-class counters, that are sum over
[19.940s][info][gc,stats    ] all workers. Dividing the <total> over the root stage time estimates parallelism.
[19.940s][info][gc,stats    ] 
[19.940s][info][gc,stats    ] Concurrent Reset                    913 us
[19.940s][info][gc,stats    ] Pause Init Mark (G)                 229 us
[19.940s][info][gc,stats    ] Pause Init Mark (N)                 126 us
[19.940s][info][gc,stats    ]   Update Region States               41 us
[19.940s][info][gc,stats    ] Concurrent Mark Roots              6674 us, parallelism: 0.97x
[19.940s][info][gc,stats    ]   CMR: <total>                     6469 us
[19.940s][info][gc,stats    ]   CMR: Thread Roots                6316 us, workers (us): 6316, ---, ---, 
[19.940s][info][gc,stats    ]   CMR: VM Strong Roots               17 us, workers (us):  17, ---, ---, 
[19.940s][info][gc,stats    ]   CMR: CLDG Roots                   136 us, workers (us): 136, ---, ---, 
[19.940s][info][gc,stats    ] Concurrent Marking               128519 us
[19.941s][info][gc,stats    ] Pause Final Mark (G)                283 us
[19.941s][info][gc,stats    ] Pause Final Mark (N)                206 us
[19.941s][info][gc,stats    ]   Finish Mark                        58 us
[19.941s][info][gc,stats    ]   Update Region States               47 us
[19.941s][info][gc,stats    ]   Choose Collection Set              35 us
[19.941s][info][gc,stats    ]   Rebuild Free Set                    8 us
[19.941s][info][gc,stats    ] Concurrent Weak References          152 us, parallelism: 0.35x
[19.941s][info][gc,stats    ]   CWRF: <total>                      54 us
[19.941s][info][gc,stats    ]   CWRF: Weak References              54 us, workers (us):  54, ---, ---, 
[19.941s][info][gc,stats    ] Concurrent Weak Roots              1853 us
[19.941s][info][gc,stats    ]   Roots                            1680 us, parallelism: 0.96x
[19.941s][info][gc,stats    ]     CWR: <total>                   1614 us
[19.941s][info][gc,stats    ]     CWR: Code Cache Roots          1273 us, workers (us): 1273, ---, ---, 
[19.941s][info][gc,stats    ]     CWR: VM Weak Roots              297 us, workers (us): 297, ---, ---, 
[19.941s][info][gc,stats    ]     CWR: CLDG Roots                  44 us, workers (us):  44, ---, ---, 
[19.941s][info][gc,stats    ]   Rendezvous                        111 us
[19.941s][info][gc,stats    ] Concurrent Cleanup                   68 us
[19.941s][info][gc,stats    ] Concurrent Class Unloading         6914 us
[19.941s][info][gc,stats    ]   Unlink Stale                     6322 us
[19.941s][info][gc,stats    ]     System Dictionary                52 us
[19.941s][info][gc,stats    ]     Weak Class Links                  0 us
[19.941s][info][gc,stats    ]     Code Roots                     6269 us
[19.941s][info][gc,stats    ]   Rendezvous                        128 us
[19.941s][info][gc,stats    ]   Purge Unlinked                    367 us
[19.941s][info][gc,stats    ]     Code Roots                      359 us
[19.941s][info][gc,stats    ]     CLDG                              7 us
[19.941s][info][gc,stats    ]     Exception Caches                  0 us
[19.941s][info][gc,stats    ] Pause Final Roots (G)               180 us
[19.941s][info][gc,stats    ] Pause Final Roots (N)                51 us
[19.941s][info][gc,stats    ] 
[19.941s][info][gc,stats    ] Allocation pacing accrued:
[19.941s][info][gc,stats    ]       0 of   157 ms (  0.0%): <total>
[19.941s][info][gc,stats    ]       0 of   157 ms (  0.0%): <average total>
[19.941s][info][gc,stats    ] 
[19.941s][info][gc,metaspace] Metaspace: 63863K(64704K)->63912K(64704K) NonClass: 55626K(56128K)->55673K(56128K) Class: 8236K(8576K)->8239K(8576K)
[19.941s][info][gc,ergo     ] Pacer for Idle. Initial: 41943K, Alloc Tax Rate: 1.0x
[19.951s][info][gc          ] Trigger: Learning 5 of 5. Free (1313M) is below initial threshold (1433M)
[19.951s][info][gc,ergo     ] Free: 1313M, Max: 1024K regular, 441M humongous, Frag: 67% external, 0% internal; Reserve: 103M, Max: 1024K
[19.951s][info][gc,start    ] GC(14) Concurrent reset
[19.951s][info][gc,task     ] GC(14) Using 1 of 3 workers for concurrent reset
[19.951s][info][gc,ergo     ] GC(14) Pacer for Reset. Non-Taxable: 2048M
[19.952s][info][gc          ] GC(14) Concurrent reset 1.103ms
[19.952s][info][gc,start    ] GC(14) Pause Init Mark (unload classes)
[19.952s][info][gc,task     ] GC(14) Using 3 of 3 workers for init marking
[19.952s][info][gc,ergo     ] GC(14) Pacer for Mark. Expected Live: 170M, Free: 1312M, Non-Taxable: 131M, Alloc Tax Rate: 0.2x
[19.952s][info][gc          ] GC(14) Pause Init Mark (unload classes) 0.160ms
[19.952s][info][gc,start    ] GC(14) Concurrent marking roots
[19.952s][info][gc,task     ] GC(14) Using 1 of 3 workers for concurrent marking roots
[19.959s][info][gc          ] GC(14) Concurrent marking roots 6.474ms
[19.959s][info][gc,start    ] GC(14) Concurrent marking (unload classes)
[19.959s][info][gc,task     ] GC(14) Using 1 of 3 workers for concurrent marking
[20.087s][info][gc          ] GC(14) Concurrent marking (unload classes) 128.038ms
[20.087s][info][gc,start    ] GC(14) Pause Final Mark (unload classes)
[20.087s][info][gc,task     ] GC(14) Using 3 of 3 workers for final marking
[20.087s][info][gc,ergo     ] GC(14) Collectable Garbage: 429M (94%), Immediate: 429M (94%), CSet: 0B (0%)
[20.087s][info][gc          ] GC(14) Pause Final Mark (unload classes) 0.417ms
[20.087s][info][gc,start    ] GC(14) Concurrent weak references
[20.087s][info][gc,task     ] GC(14) Using 1 of 3 workers for concurrent weak references
[20.087s][info][gc,ref      ] GC(14) Encountered references: Soft: 2925, Weak: 5449, Final: 51, Phantom: 578
[20.087s][info][gc,ref      ] GC(14) Discovered  references: Soft: 0, Weak: 938, Final: 0, Phantom: 259
[20.087s][info][gc,ref      ] GC(14) Enqueued    references: Soft: 0, Weak: 14, Final: 0, Phantom: 0
[20.088s][info][gc          ] GC(14) Concurrent weak references 0.184ms
[20.088s][info][gc,start    ] GC(14) Concurrent weak roots
[20.088s][info][gc,task     ] GC(14) Using 1 of 3 workers for concurrent weak root
[20.090s][info][gc          ] GC(14) Concurrent weak roots 2.123ms
[20.090s][info][gc,start    ] GC(14) Concurrent cleanup
[20.090s][info][gc          ] GC(14) Concurrent cleanup 631M->202M(2048M) 0.047ms
[20.090s][info][gc,ergo     ] GC(14) Free: 1740M, Max: 1024K regular, 927M humongous, Frag: 47% external, 0% internal; Reserve: 103M, Max: 1024K
[20.090s][info][gc,start    ] GC(14) Concurrent class unloading
[20.090s][info][gc,task     ] GC(14) Using 1 of 3 workers for concurrent class unloading
[20.096s][info][gc          ] GC(14) Concurrent class unloading 6.398ms
[20.096s][info][gc,start    ] GC(14) Pause Final Roots
[20.096s][info][gc          ] GC(14) Pause Final Roots 0.054ms
[20.096s][info][gc,ergo     ] Free: 1736M, Max: 1024K regular, 927M humongous, Frag: 47% external, 0% internal; Reserve: 103M, Max: 1024K
[20.096s][info][gc,stats    ] 
[20.096s][info][gc,stats    ] All times are wall-clock times, except per-root-class counters, that are sum over
[20.096s][info][gc,stats    ] all workers. Dividing the <total> over the root stage time estimates parallelism.
[20.097s][info][gc,stats    ] 
[20.097s][info][gc,stats    ] Concurrent Reset                   1172 us
[20.097s][info][gc,stats    ] Pause Init Mark (G)                 357 us
[20.097s][info][gc,stats    ] Pause Init Mark (N)                 176 us
[20.097s][info][gc,stats    ]   Update Region States               53 us
[20.097s][info][gc,stats    ] Concurrent Mark Roots              6515 us, parallelism: 0.96x
[20.097s][info][gc,stats    ]   CMR: <total>                     6284 us
[20.097s][info][gc,stats    ]   CMR: Thread Roots                6162 us, workers (us): 6162, ---, ---, 
[20.097s][info][gc,stats    ]   CMR: VM Strong Roots                9 us, workers (us):   9, ---, ---, 
[20.097s][info][gc,stats    ]   CMR: CLDG Roots                   113 us, workers (us): 113, ---, ---, 
[20.097s][info][gc,stats    ] Concurrent Marking               128087 us
[20.097s][info][gc,stats    ] Pause Final Mark (G)                507 us
[20.097s][info][gc,stats    ] Pause Final Mark (N)                442 us
[20.097s][info][gc,stats    ]   Finish Mark                       109 us
[20.097s][info][gc,stats    ]   Update Region States               84 us
[20.097s][info][gc,stats    ]   Choose Collection Set              89 us
[20.097s][info][gc,stats    ]   Rebuild Free Set                   23 us
[20.097s][info][gc,stats    ] Concurrent Weak References          192 us, parallelism: 0.39x
[20.097s][info][gc,stats    ]   CWRF: <total>                      75 us
[20.097s][info][gc,stats    ]   CWRF: Weak References              75 us, workers (us):  75, ---, ---, 
[20.097s][info][gc,stats    ] Concurrent Weak Roots              2164 us
[20.097s][info][gc,stats    ]   Roots                            1994 us, parallelism: 0.97x
[20.097s][info][gc,stats    ]     CWR: <total>                   1934 us
[20.097s][info][gc,stats    ]     CWR: Code Cache Roots          1364 us, workers (us): 1364, ---, ---, 
[20.097s][info][gc,stats    ]     CWR: VM Weak Roots              520 us, workers (us): 520, ---, ---, 
[20.097s][info][gc,stats    ]     CWR: CLDG Roots                  49 us, workers (us):  49, ---, ---, 
[20.097s][info][gc,stats    ]   Rendezvous                        114 us
[20.097s][info][gc,stats    ] Concurrent Cleanup                   57 us
[20.097s][info][gc,stats    ] Concurrent Class Unloading         6469 us
[20.097s][info][gc,stats    ]   Unlink Stale                     5831 us
[20.097s][info][gc,stats    ]     System Dictionary                44 us
[20.097s][info][gc,stats    ]     Weak Class Links                  0 us
[20.097s][info][gc,stats    ]     Code Roots                     5786 us
[20.097s][info][gc,stats    ]   Rendezvous                        103 us
[20.097s][info][gc,stats    ]   Purge Unlinked                    444 us
[20.097s][info][gc,stats    ]     Code Roots                      436 us
[20.097s][info][gc,stats    ]     CLDG                              7 us
[20.097s][info][gc,stats    ]     Exception Caches                  0 us
[20.097s][info][gc,stats    ] Pause Final Roots (G)               125 us
[20.097s][info][gc,stats    ] Pause Final Roots (N)                63 us
[20.097s][info][gc,stats    ] 
[20.097s][info][gc,stats    ] Allocation pacing accrued:
[20.097s][info][gc,stats    ]       0 of   156 ms (  0.0%): <total>
[20.097s][info][gc,stats    ]       0 of   156 ms (  0.0%): <average total>
[20.097s][info][gc,stats    ] 
[20.097s][info][gc,metaspace] Metaspace: 63943K(64768K)->63954K(64768K) NonClass: 55703K(56192K)->55714K(56192K) Class: 8240K(8576K)->8240K(8576K)
[20.097s][info][gc,ergo     ] Pacer for Idle. Initial: 41943K, Alloc Tax Rate: 1.0x
[20.108s][info][gc          ] Trigger: Explicit GC request (System.gc())
[20.108s][info][gc,ergo     ] Free: 1736M, Max: 1024K regular, 927M humongous, Frag: 47% external, 0% internal; Reserve: 103M, Max: 1024K
[20.108s][info][gc,start    ] GC(15) Concurrent reset
[20.108s][info][gc,task     ] GC(15) Using 1 of 3 workers for concurrent reset
[20.108s][info][gc,ergo     ] GC(15) Pacer for Reset. Non-Taxable: 2048M
[20.109s][info][gc          ] GC(15) Concurrent reset 1.215ms
[20.109s][info][gc,start    ] GC(15) Pause Init Mark (unload classes)
[20.109s][info][gc,task     ] GC(15) Using 3 of 3 workers for init marking
[20.109s][info][gc,ref      ] GC(15) Clearing All SoftReferences
[20.109s][info][gc,ergo     ] GC(15) Pacer for Mark. Expected Live: 170M, Free: 1736M, Non-Taxable: 173M, Alloc Tax Rate: 0.1x
[20.109s][info][gc          ] GC(15) Pause Init Mark (unload classes) 0.184ms
[20.109s][info][gc,start    ] GC(15) Concurrent marking roots
[20.109s][info][gc,task     ] GC(15) Using 1 of 3 workers for concurrent marking roots
[20.115s][info][gc          ] GC(15) Concurrent marking roots 6.119ms
[20.115s][info][gc,start    ] GC(15) Concurrent marking (unload classes)
[20.115s][info][gc,task     ] GC(15) Using 1 of 3 workers for concurrent marking
[20.241s][info][gc          ] GC(15) Concurrent marking (unload classes) 126.032ms
[20.242s][info][gc,start    ] GC(15) Pause Final Mark (unload classes)
[20.242s][info][gc,task     ] GC(15) Using 3 of 3 workers for final marking
[20.242s][info][gc,ergo     ] GC(15) Adaptive CSet Selection. Target Free: 290M, Actual Free: 1839M, Max CSet: 87381K, Min Garbage: 0B
[20.242s][info][gc,ergo     ] GC(15) Collectable Garbage: 35427K (92%), Immediate: 1024K (2%), CSet: 34403K (89%)
[20.242s][info][gc,ergo     ] GC(15) Pacer for Evacuation. Used CSet: 35555K, Free: 1736M, Non-Taxable: 173M, Alloc Tax Rate: 1.1x
[20.242s][info][gc          ] GC(15) Pause Final Mark (unload classes) 0.366ms
[20.242s][info][gc,start    ] GC(15) Concurrent thread roots
[20.242s][info][gc,task     ] GC(15) Using 1 of 3 workers for Concurrent thread roots
[20.249s][info][gc          ] GC(15) Concurrent thread roots 6.924ms
[20.249s][info][gc,start    ] GC(15) Concurrent weak references
[20.249s][info][gc,task     ] GC(15) Using 1 of 3 workers for concurrent weak references
[20.249s][info][gc,ref      ] GC(15) Encountered references: Soft: 2826, Weak: 5347, Final: 51, Phantom: 578
[20.249s][info][gc,ref      ] GC(15) Discovered  references: Soft: 662, Weak: 935, Final: 0, Phantom: 336
[20.249s][info][gc,ref      ] GC(15) Enqueued    references: Soft: 308, Weak: 151, Final: 0, Phantom: 0
[20.249s][info][gc          ] GC(15) Concurrent weak references 0.571ms
[20.249s][info][gc,start    ] GC(15) Concurrent weak roots
[20.250s][info][gc,task     ] GC(15) Using 1 of 3 workers for concurrent weak root
[20.252s][info][gc          ] GC(15) Concurrent weak roots 2.579ms
[20.252s][info][gc,start    ] GC(15) Concurrent cleanup
[20.252s][info][gc          ] GC(15) Concurrent cleanup 213M->212M(2048M) 0.038ms
[20.252s][info][gc,ergo     ] GC(15) Free: 1731M, Max: 1024K regular, 927M humongous, Frag: 47% external, 0% internal; Reserve: 102M, Max: 1024K
[20.252s][info][gc,start    ] GC(15) Concurrent class unloading
[20.252s][info][gc,task     ] GC(15) Using 1 of 3 workers for concurrent class unloading
[20.267s][info][gc          ] GC(15) Concurrent class unloading 14.649ms
[20.267s][info][gc,start    ] GC(15) Concurrent strong roots
[20.267s][info][gc,task     ] GC(15) Using 1 of 3 workers for concurrent strong root
[20.267s][info][gc          ] GC(15) Concurrent strong roots 0.418ms
[20.267s][info][gc,start    ] GC(15) Concurrent evacuation
[20.267s][info][gc,task     ] GC(15) Using 1 of 3 workers for concurrent evacuation
[20.268s][info][gc          ] GC(15) Concurrent evacuation 0.626ms
[20.268s][info][gc,start    ] GC(15) Pause Init Update Refs
[20.268s][info][gc,ergo     ] GC(15) Pacer for Update Refs. Used: 220M, Free: 1724M, Non-Taxable: 172M, Alloc Tax Rate: 1.1x
[20.268s][info][gc          ] GC(15) Pause Init Update Refs 0.058ms
[20.268s][info][gc,start    ] GC(15) Concurrent update references
[20.268s][info][gc,task     ] GC(15) Using 1 of 3 workers for concurrent reference update
[20.329s][info][gc          ] GC(15) Concurrent update references 61.200ms
[20.329s][info][gc,start    ] GC(15) Concurrent update thread roots
[20.337s][info][gc          ] GC(15) Concurrent update thread roots 7.178ms
[20.337s][info][gc,start    ] GC(15) Pause Final Update Refs
[20.337s][info][gc,task     ] GC(15) Using 3 of 3 workers for final reference update
[20.337s][info][gc          ] GC(15) Pause Final Update Refs 0.159ms
[20.337s][info][gc,start    ] GC(15) Concurrent cleanup
[20.337s][info][gc          ] GC(15) Concurrent cleanup 221M->186M(2048M) 0.082ms
[20.337s][info][gc,ergo     ] Free: 1756M, Max: 1024K regular, 1410M humongous, Frag: 20% external, 0% internal; Reserve: 103M, Max: 1024K
[20.337s][info][gc,stats    ] 
[20.337s][info][gc,stats    ] All times are wall-clock times, except per-root-class counters, that are sum over
[20.337s][info][gc,stats    ] all workers. Dividing the <total> over the root stage time estimates parallelism.
[20.337s][info][gc,stats    ] 
[20.337s][info][gc,stats    ] Concurrent Reset                   1280 us
[20.337s][info][gc,stats    ] Pause Init Mark (G)                 280 us
[20.337s][info][gc,stats    ] Pause Init Mark (N)                 200 us
[20.337s][info][gc,stats    ]   Update Region States               74 us
[20.337s][info][gc,stats    ] Concurrent Mark Roots              6144 us, parallelism: 0.97x
[20.337s][info][gc,stats    ]   CMR: <total>                     5933 us
[20.337s][info][gc,stats    ]   CMR: Thread Roots                5704 us, workers (us): 5704, ---, ---, 
[20.337s][info][gc,stats    ]   CMR: VM Strong Roots               22 us, workers (us):  22, ---, ---, 
[20.337s][info][gc,stats    ]   CMR: CLDG Roots                   208 us, workers (us): 208, ---, ---, 
[20.337s][info][gc,stats    ] Concurrent Marking               126111 us
[20.337s][info][gc,stats    ] Pause Final Mark (G)                457 us
[20.337s][info][gc,stats    ] Pause Final Mark (N)                383 us
[20.337s][info][gc,stats    ]   Finish Mark                       127 us
[20.337s][info][gc,stats    ]   Update Region States               86 us
[20.337s][info][gc,stats    ]   Choose Collection Set              52 us
[20.337s][info][gc,stats    ]   Rebuild Free Set                   13 us
[20.337s][info][gc,stats    ] Concurrent Thread Roots            6975 us, parallelism: 0.94x
[20.337s][info][gc,stats    ]   CTR: <total>                     6579 us
[20.337s][info][gc,stats    ]   CTR: Thread Roots                6579 us, workers (us): 6579, ---, ---, 
[20.337s][info][gc,stats    ] Concurrent Weak References          592 us, parallelism: 0.50x
[20.337s][info][gc,stats    ]   CWRF: <total>                     295 us
[20.337s][info][gc,stats    ]   CWRF: Weak References             295 us, workers (us): 295, ---, ---, 
[20.337s][info][gc,stats    ] Concurrent Weak Roots              2624 us
[20.337s][info][gc,stats    ]   Roots                            2432 us, parallelism: 0.96x
[20.337s][info][gc,stats    ]     CWR: <total>                   2327 us
[20.337s][info][gc,stats    ]     CWR: Code Cache Roots          1471 us, workers (us): 1471, ---, ---, 
[20.337s][info][gc,stats    ]     CWR: VM Weak Roots              803 us, workers (us): 803, ---, ---, 
[20.337s][info][gc,stats    ]     CWR: CLDG Roots                  53 us, workers (us):  53, ---, ---, 
[20.337s][info][gc,stats    ]   Rendezvous                        105 us
[20.337s][info][gc,stats    ] Concurrent Cleanup                   46 us
[20.337s][info][gc,stats    ] Concurrent Class Unloading        14697 us
[20.337s][info][gc,stats    ]   Unlink Stale                    13527 us
[20.337s][info][gc,stats    ]     System Dictionary               690 us
[20.337s][info][gc,stats    ]     Weak Class Links               5496 us
[20.337s][info][gc,stats    ]     Code Roots                     7338 us
[20.337s][info][gc,stats    ]   Rendezvous                        168 us
[20.337s][info][gc,stats    ]   Purge Unlinked                    934 us
[20.337s][info][gc,stats    ]     Code Roots                      456 us
[20.337s][info][gc,stats    ]     CLDG                            477 us
[20.337s][info][gc,stats    ]     Exception Caches                  0 us
[20.337s][info][gc,stats    ] Concurrent Strong Roots             442 us, parallelism: 0.69x
[20.337s][info][gc,stats    ]   CSR: <total>                      305 us
[20.337s][info][gc,stats    ]   CSR: VM Strong Roots               13 us, workers (us):  13, ---, ---, 
[20.337s][info][gc,stats    ]   CSR: CLDG Roots                   292 us, workers (us): 292, ---, ---, 
[20.337s][info][gc,stats    ] Concurrent Evacuation               644 us
[20.337s][info][gc,stats    ] Pause Init Update Refs (G)          142 us
[20.337s][info][gc,stats    ] Pause Init Update Refs (N)           67 us
[20.337s][info][gc,stats    ]   Manage GCLABs                       7 us
[20.337s][info][gc,stats    ] Concurrent Update Refs            61268 us
[20.337s][info][gc,stats    ] Concurrent Update Thread Roots     7228 us
[20.337s][info][gc,stats    ] Pause Final Update Refs (G)         295 us
[20.337s][info][gc,stats    ] Pause Final Update Refs (N)         177 us
[20.337s][info][gc,stats    ]   Update Region States               85 us
[20.337s][info][gc,stats    ]   Trash Collection Set                5 us
[20.337s][info][gc,stats    ]   Rebuild Free Set                   15 us
[20.337s][info][gc,stats    ] Concurrent Cleanup                  108 us
[20.337s][info][gc,stats    ] 
[20.337s][info][gc,stats    ] Allocation pacing accrued:
[20.337s][info][gc,stats    ]       0 of   241 ms (  0.0%): <total>
[20.338s][info][gc,stats    ]       0 of   241 ms (  0.0%): <average total>
[20.338s][info][gc,stats    ] 
[20.338s][info][gc,metaspace] Metaspace: 63954K(64768K)->63652K(64768K) NonClass: 55714K(56192K)->55466K(56192K) Class: 8240K(8576K)->8185K(8576K)
[20.338s][info][gc,ergo     ] Pacer for Idle. Initial: 41943K, Alloc Tax Rate: 1.0x
[20.582s][info][gc          ] Trigger: Learning 2 of 5. Free (1379M) is below initial threshold (1433M)
[20.582s][info][gc,ergo     ] Free: 1379M, Max: 1024K regular, 1379M humongous, Frag: 0% external, 0% internal; Reserve: 103M, Max: 1024K
[20.582s][info][gc,start    ] GC(16) Concurrent reset
[20.582s][info][gc,task     ] GC(16) Using 1 of 3 workers for concurrent reset
[20.582s][info][gc,ergo     ] GC(16) Pacer for Reset. Non-Taxable: 2048M
[20.583s][info][gc          ] GC(16) Concurrent reset 0.738ms
[20.583s][info][gc,start    ] GC(16) Pause Init Mark (unload classes)
[20.583s][info][gc,task     ] GC(16) Using 3 of 3 workers for init marking
[20.583s][info][gc,ergo     ] GC(16) Pacer for Mark. Expected Live: 170M, Free: 1379M, Non-Taxable: 137M, Alloc Tax Rate: 0.2x
[20.583s][info][gc          ] GC(16) Pause Init Mark (unload classes) 0.135ms
[20.583s][info][gc,start    ] GC(16) Concurrent marking roots
[20.583s][info][gc,task     ] GC(16) Using 1 of 3 workers for concurrent marking roots
[20.590s][info][gc          ] GC(16) Concurrent marking roots 7.091ms
[20.590s][info][gc,start    ] GC(16) Concurrent marking (unload classes)
[20.590s][info][gc,task     ] GC(16) Using 1 of 3 workers for concurrent marking
[20.719s][info][gc          ] GC(16) Concurrent marking (unload classes) 129.162ms
[20.719s][info][gc,start    ] GC(16) Pause Final Mark (unload classes)
[20.719s][info][gc,task     ] GC(16) Using 3 of 3 workers for final marking
[20.719s][info][gc,ergo     ] GC(16) Adaptive CSet Selection. Target Free: 290M, Actual Free: 1426M, Max CSet: 87381K, Min Garbage: 0B
[20.719s][info][gc,ergo     ] GC(16) Collectable Garbage: 386M (99%), Immediate: 348M (89%), CSet: 39522K (9%)
[20.719s][info][gc,ergo     ] GC(16) Pacer for Evacuation. Used CSet: 41545K, Free: 1326M, Non-Taxable: 132M, Alloc Tax Rate: 1.1x
[20.719s][info][gc          ] GC(16) Pause Final Mark (unload classes) 0.258ms
[20.720s][info][gc,start    ] GC(16) Concurrent thread roots
[20.720s][info][gc,task     ] GC(16) Using 1 of 3 workers for Concurrent thread roots
[20.728s][info][gc          ] GC(16) Concurrent thread roots 8.476ms
[20.728s][info][gc,start    ] GC(16) Concurrent weak references
[20.728s][info][gc,task     ] GC(16) Using 1 of 3 workers for concurrent weak references
[20.728s][info][gc,ref      ] GC(16) Encountered references: Soft: 2899, Weak: 5495, Final: 51, Phantom: 578
[20.728s][info][gc,ref      ] GC(16) Discovered  references: Soft: 0, Weak: 843, Final: 0, Phantom: 259
[20.728s][info][gc,ref      ] GC(16) Enqueued    references: Soft: 0, Weak: 94, Final: 0, Phantom: 0
[20.728s][info][gc          ] GC(16) Concurrent weak references 0.244ms
[20.728s][info][gc,start    ] GC(16) Concurrent weak roots
[20.728s][info][gc,task     ] GC(16) Using 1 of 3 workers for concurrent weak root
[20.732s][info][gc          ] GC(16) Concurrent weak roots 3.480ms
[20.732s][info][gc,start    ] GC(16) Concurrent cleanup
[20.732s][info][gc          ] GC(16) Concurrent cleanup 1001M->654M(2048M) 0.053ms
[20.732s][info][gc,ergo     ] GC(16) Free: 1288M, Max: 1024K regular, 938M humongous, Frag: 28% external, 0% internal; Reserve: 102M, Max: 1024K
[20.732s][info][gc,start    ] GC(16) Concurrent class unloading
[20.732s][info][gc,task     ] GC(16) Using 1 of 3 workers for concurrent class unloading
[20.748s][info][gc          ] GC(16) Concurrent class unloading 16.186ms
[20.748s][info][gc,start    ] GC(16) Concurrent strong roots
[20.748s][info][gc,task     ] GC(16) Using 1 of 3 workers for concurrent strong root
[20.749s][info][gc          ] GC(16) Concurrent strong roots 0.516ms
[20.749s][info][gc,start    ] GC(16) Concurrent evacuation
[20.749s][info][gc,task     ] GC(16) Using 1 of 3 workers for concurrent evacuation
[20.750s][info][gc          ] GC(16) Concurrent evacuation 1.718ms
[20.751s][info][gc,start    ] GC(16) Pause Init Update Refs
[20.751s][info][gc,ergo     ] GC(16) Pacer for Update Refs. Used: 708M, Free: 1236M, Non-Taxable: 123M, Alloc Tax Rate: 1.1x
[20.751s][info][gc          ] GC(16) Pause Init Update Refs 0.058ms
[20.751s][info][gc,start    ] GC(16) Concurrent update references
[20.751s][info][gc,task     ] GC(16) Using 1 of 3 workers for concurrent reference update
[20.921s][info][gc          ] GC(16) Concurrent update references 170.618ms
[20.921s][info][gc,start    ] GC(16) Concurrent update thread roots
[20.929s][info][gc          ] GC(16) Concurrent update thread roots 7.132ms
[20.929s][info][gc,start    ] GC(16) Pause Final Update Refs
[20.929s][info][gc,task     ] GC(16) Using 3 of 3 workers for final reference update
[20.929s][info][gc          ] GC(16) Pause Final Update Refs 0.125ms
[20.929s][info][gc,start    ] GC(16) Concurrent cleanup
[20.929s][info][gc          ] GC(16) Concurrent cleanup 1194M->1153M(2048M) 0.034ms
[20.929s][info][gc,ergo     ] Free: 789M, Max: 1024K regular, 749M humongous, Frag: 6% external, 0% internal; Reserve: 103M, Max: 1024K
[20.929s][info][gc,stats    ] 
[20.929s][info][gc,stats    ] All times are wall-clock times, except per-root-class counters, that are sum over
[20.929s][info][gc,stats    ] all workers. Dividing the <total> over the root stage time estimates parallelism.
[20.929s][info][gc,stats    ] 
[20.929s][info][gc,stats    ] Concurrent Reset                    759 us
[20.929s][info][gc,stats    ] Pause Init Mark (G)                 252 us
[20.929s][info][gc,stats    ] Pause Init Mark (N)                 145 us
[20.929s][info][gc,stats    ]   Update Region States               64 us
[20.929s][info][gc,stats    ] Concurrent Mark Roots              7116 us, parallelism: 0.98x
[20.929s][info][gc,stats    ]   CMR: <total>                     6958 us
[20.929s][info][gc,stats    ]   CMR: Thread Roots                6848 us, workers (us): 6848, ---, ---, 
[20.929s][info][gc,stats    ]   CMR: VM Strong Roots               12 us, workers (us):  12, ---, ---, 
[20.929s][info][gc,stats    ]   CMR: CLDG Roots                    98 us, workers (us):  98, ---, ---, 
[20.929s][info][gc,stats    ] Concurrent Marking               129234 us
[20.929s][info][gc,stats    ] Pause Final Mark (G)                402 us
[20.929s][info][gc,stats    ] Pause Final Mark (N)                266 us
[20.929s][info][gc,stats    ]   Finish Mark                        70 us
[20.929s][info][gc,stats    ]   Update Region States               37 us
[20.929s][info][gc,stats    ]   Choose Collection Set              77 us
[20.929s][info][gc,stats    ]   Rebuild Free Set                    7 us
[20.929s][info][gc,stats    ] Concurrent Thread Roots            8540 us, parallelism: 0.98x
[20.929s][info][gc,stats    ]   CTR: <total>                     8389 us
[20.929s][info][gc,stats    ]   CTR: Thread Roots                8389 us, workers (us): 8389, ---, ---, 
[20.929s][info][gc,stats    ] Concurrent Weak References          252 us, parallelism: 0.65x
[20.929s][info][gc,stats    ]   CWRF: <total>                     164 us
[20.929s][info][gc,stats    ]   CWRF: Weak References             164 us, workers (us): 164, ---, ---, 
[20.929s][info][gc,stats    ] Concurrent Weak Roots              3542 us
[20.929s][info][gc,stats    ]   Roots                            3351 us, parallelism: 0.98x
[20.929s][info][gc,stats    ]     CWR: <total>                   3298 us
[20.929s][info][gc,stats    ]     CWR: Code Cache Roots          2469 us, workers (us): 2469, ---, ---, 
[20.929s][info][gc,stats    ]     CWR: VM Weak Roots              757 us, workers (us): 757, ---, ---, 
[20.929s][info][gc,stats    ]     CWR: CLDG Roots                  73 us, workers (us):  73, ---, ---, 
[20.929s][info][gc,stats    ]   Rendezvous                        112 us
[20.929s][info][gc,stats    ] Concurrent Cleanup                   62 us
[20.929s][info][gc,stats    ] Concurrent Class Unloading        16247 us
[20.929s][info][gc,stats    ]   Unlink Stale                    15543 us
[20.929s][info][gc,stats    ]     System Dictionary               237 us
[20.929s][info][gc,stats    ]     Weak Class Links               7888 us
[20.929s][info][gc,stats    ]     Code Roots                     7415 us
[20.929s][info][gc,stats    ]   Rendezvous                        154 us
[20.929s][info][gc,stats    ]   Purge Unlinked                    470 us
[20.929s][info][gc,stats    ]     Code Roots                      449 us
[20.929s][info][gc,stats    ]     CLDG                             20 us
[20.929s][info][gc,stats    ]     Exception Caches                  0 us
[20.929s][info][gc,stats    ] Concurrent Strong Roots             536 us, parallelism: 0.71x
[20.929s][info][gc,stats    ]   CSR: <total>                      382 us
[20.929s][info][gc,stats    ]   CSR: VM Strong Roots               14 us, workers (us):  14, ---, ---, 
[20.929s][info][gc,stats    ]   CSR: CLDG Roots                   368 us, workers (us): 368, ---, ---, 
[20.929s][info][gc,stats    ] Concurrent Evacuation              1801 us
[20.929s][info][gc,stats    ] Pause Init Update Refs (G)          207 us
[20.929s][info][gc,stats    ] Pause Init Update Refs (N)           66 us
[20.929s][info][gc,stats    ]   Manage GCLABs                       7 us
[20.929s][info][gc,stats    ] Concurrent Update Refs           170697 us
[20.929s][info][gc,stats    ] Concurrent Update Thread Roots     7188 us
[20.929s][info][gc,stats    ] Pause Final Update Refs (G)         226 us
[20.929s][info][gc,stats    ] Pause Final Update Refs (N)         138 us
[20.929s][info][gc,stats    ]   Update Region States               42 us
[20.929s][info][gc,stats    ]   Trash Collection Set                6 us
[20.929s][info][gc,stats    ]   Rebuild Free Set                   15 us
[20.929s][info][gc,stats    ] Concurrent Cleanup                   45 us
[20.929s][info][gc,stats    ] Pacing                            34928 us
[20.929s][info][gc,stats    ] 
[20.929s][info][gc,stats    ] Allocation pacing accrued:
[20.929s][info][gc,stats    ]      17 of   592 ms (  2.9%): Executor task launch worker for task 1.0 in stage 7.0 (TID 12)
[20.929s][info][gc,stats    ]      18 of   592 ms (  3.0%): Executor task launch worker for task 0.0 in stage 7.0 (TID 11)
[20.929s][info][gc,stats    ]      35 of   592 ms (  5.9%): <total>
[20.929s][info][gc,stats    ]       0 of   592 ms (  0.1%): <average total>
[20.929s][info][gc,stats    ]      17 of   592 ms (  3.0%): <average non-zero>
[20.929s][info][gc,stats    ] 
[20.929s][info][gc,metaspace] Metaspace: 64077K(64832K)->64081K(64832K) NonClass: 55840K(56256K)->55844K(56256K) Class: 8237K(8576K)->8236K(8576K)
[20.929s][info][gc,ergo     ] Pacer for Idle. Initial: 41943K, Alloc Tax Rate: 1.0x
[20.942s][info][gc          ] Trigger: Learning 3 of 5. Free (747M) is below initial threshold (1433M)
[20.942s][info][gc,ergo     ] Free: 747M, Max: 1024K regular, 747M humongous, Frag: 0% external, 0% internal; Reserve: 103M, Max: 1024K
[20.942s][info][gc,start    ] GC(17) Concurrent reset
[20.942s][info][gc,task     ] GC(17) Using 1 of 3 workers for concurrent reset
[20.942s][info][gc,ergo     ] GC(17) Pacer for Reset. Non-Taxable: 2048M
[20.943s][info][gc          ] GC(17) Concurrent reset 0.750ms
[20.943s][info][gc,start    ] GC(17) Pause Init Mark (unload classes)
[20.943s][info][gc,task     ] GC(17) Using 3 of 3 workers for init marking
[20.943s][info][gc,ergo     ] GC(17) Pacer for Mark. Expected Live: 170M, Free: 747M, Non-Taxable: 76550K, Alloc Tax Rate: 0.3x
[20.943s][info][gc          ] GC(17) Pause Init Mark (unload classes) 0.139ms
[20.943s][info][gc,start    ] GC(17) Concurrent marking roots
[20.943s][info][gc,task     ] GC(17) Using 1 of 3 workers for concurrent marking roots
[20.951s][info][gc          ] GC(17) Concurrent marking roots 7.429ms
[20.951s][info][gc,start    ] GC(17) Concurrent marking (unload classes)
[20.951s][info][gc,task     ] GC(17) Using 1 of 3 workers for concurrent marking
[21.079s][info][gc          ] GC(17) Concurrent marking (unload classes) 127.817ms
[21.079s][info][gc,start    ] GC(17) Pause Final Mark (unload classes)
[21.079s][info][gc,task     ] GC(17) Using 3 of 3 workers for final marking
[21.079s][info][gc,ergo     ] GC(17) Collectable Garbage: 1004M (97%), Immediate: 1004M (97%), CSet: 0B (0%)
[21.079s][info][gc          ] GC(17) Pause Final Mark (unload classes) 0.342ms
[21.079s][info][gc,start    ] GC(17) Concurrent weak references
[21.079s][info][gc,task     ] GC(17) Using 1 of 3 workers for concurrent weak references
[21.079s][info][gc,ref      ] GC(17) Encountered references: Soft: 2899, Weak: 5409, Final: 51, Phantom: 578
[21.079s][info][gc,ref      ] GC(17) Discovered  references: Soft: 0, Weak: 795, Final: 0, Phantom: 259
[21.079s][info][gc,ref      ] GC(17) Enqueued    references: Soft: 0, Weak: 21, Final: 0, Phantom: 0
[21.079s][info][gc          ] GC(17) Concurrent weak references 0.197ms
[21.079s][info][gc,start    ] GC(17) Concurrent weak roots
[21.079s][info][gc,task     ] GC(17) Using 1 of 3 workers for concurrent weak root
[21.082s][info][gc          ] GC(17) Concurrent weak roots 2.418ms
[21.082s][info][gc,start    ] GC(17) Concurrent cleanup
[21.082s][info][gc          ] GC(17) Concurrent cleanup 1608M->604M(2048M) 0.120ms
[21.082s][info][gc,ergo     ] GC(17) Free: 1338M, Max: 1024K regular, 459M humongous, Frag: 66% external, 0% internal; Reserve: 103M, Max: 1024K
[21.082s][info][gc,start    ] GC(17) Concurrent class unloading
[21.082s][info][gc,task     ] GC(17) Using 1 of 3 workers for concurrent class unloading
[21.090s][info][gc          ] GC(17) Concurrent class unloading 7.604ms
[21.090s][info][gc,start    ] GC(17) Pause Final Roots
[21.090s][info][gc          ] GC(17) Pause Final Roots 0.059ms
[21.090s][info][gc,ergo     ] Free: 1310M, Max: 1024K regular, 459M humongous, Frag: 65% external, 0% internal; Reserve: 103M, Max: 1024K
[21.090s][info][gc,stats    ] 
[21.090s][info][gc,stats    ] All times are wall-clock times, except per-root-class counters, that are sum over
[21.090s][info][gc,stats    ] all workers. Dividing the <total> over the root stage time estimates parallelism.
[21.090s][info][gc,stats    ] 
[21.090s][info][gc,stats    ] Concurrent Reset                    774 us
[21.090s][info][gc,stats    ] Pause Init Mark (G)                 228 us
[21.090s][info][gc,stats    ] Pause Init Mark (N)                 147 us
[21.090s][info][gc,stats    ]   Update Region States               56 us
[21.090s][info][gc,stats    ] Concurrent Mark Roots              7492 us, parallelism: 0.97x
[21.090s][info][gc,stats    ]   CMR: <total>                     7285 us
[21.090s][info][gc,stats    ]   CMR: Thread Roots                7208 us, workers (us): 7208, ---, ---, 
[21.090s][info][gc,stats    ]   CMR: VM Strong Roots               12 us, workers (us):  12, ---, ---, 
[21.090s][info][gc,stats    ]   CMR: CLDG Roots                    65 us, workers (us):  65, ---, ---, 
[21.090s][info][gc,stats    ] Concurrent Marking               127872 us
[21.090s][info][gc,stats    ] Pause Final Mark (G)                488 us
[21.090s][info][gc,stats    ] Pause Final Mark (N)                362 us
[21.090s][info][gc,stats    ]   Finish Mark                        90 us
[21.090s][info][gc,stats    ]   Update Region States               85 us
[21.090s][info][gc,stats    ]   Choose Collection Set              67 us
[21.090s][info][gc,stats    ]   Rebuild Free Set                   16 us
[21.090s][info][gc,stats    ] Concurrent Weak References          204 us, parallelism: 0.45x
[21.090s][info][gc,stats    ]   CWRF: <total>                      91 us
[21.090s][info][gc,stats    ]   CWRF: Weak References              91 us, workers (us):  91, ---, ---, 
[21.090s][info][gc,stats    ] Concurrent Weak Roots              2438 us
[21.090s][info][gc,stats    ]   Roots                            2273 us, parallelism: 0.97x
[21.090s][info][gc,stats    ]     CWR: <total>                   2207 us
[21.090s][info][gc,stats    ]     CWR: Code Cache Roots          1626 us, workers (us): 1626, ---, ---, 
[21.090s][info][gc,stats    ]     CWR: VM Weak Roots              531 us, workers (us): 531, ---, ---, 
[21.090s][info][gc,stats    ]     CWR: CLDG Roots                  51 us, workers (us):  51, ---, ---, 
[21.090s][info][gc,stats    ]   Rendezvous                        130 us
[21.090s][info][gc,stats    ] Concurrent Cleanup                  137 us
[21.090s][info][gc,stats    ] Concurrent Class Unloading         7656 us
[21.090s][info][gc,stats    ]   Unlink Stale                     7015 us
[21.090s][info][gc,stats    ]     System Dictionary                59 us
[21.090s][info][gc,stats    ]     Weak Class Links                  0 us
[21.090s][info][gc,stats    ]     Code Roots                     6954 us
[21.090s][info][gc,stats    ]   Rendezvous                        178 us
[21.090s][info][gc,stats    ]   Purge Unlinked                    378 us
[21.090s][info][gc,stats    ]     Code Roots                      368 us
[21.090s][info][gc,stats    ]     CLDG                             10 us
[21.090s][info][gc,stats    ]     Exception Caches                  0 us
[21.090s][info][gc,stats    ] Pause Final Roots (G)               169 us
[21.090s][info][gc,stats    ] Pause Final Roots (N)                68 us
[21.090s][info][gc,stats    ] Pacing                            36141 us
[21.090s][info][gc,stats    ] 
[21.090s][info][gc,stats    ] Allocation pacing accrued:
[21.090s][info][gc,stats    ]      18 of   161 ms ( 11.1%): Executor task launch worker for task 1.0 in stage 7.0 (TID 12)
[21.090s][info][gc,stats    ]      18 of   161 ms ( 11.4%): Executor task launch worker for task 0.0 in stage 7.0 (TID 11)
[21.090s][info][gc,stats    ]      36 of   161 ms ( 22.5%): <total>
[21.090s][info][gc,stats    ]       0 of   161 ms (  0.2%): <average total>
[21.090s][info][gc,stats    ]      18 of   161 ms ( 11.2%): <average non-zero>
[21.090s][info][gc,stats    ] 
[21.090s][info][gc,metaspace] Metaspace: 64081K(64832K)->64081K(64832K) NonClass: 55844K(56256K)->55844K(56256K) Class: 8236K(8576K)->8236K(8576K)
[21.090s][info][gc,ergo     ] Pacer for Idle. Initial: 41943K, Alloc Tax Rate: 1.0x
[21.100s][info][gc          ] Trigger: Learning 4 of 5. Free (1276M) is below initial threshold (1433M)
[21.100s][info][gc,ergo     ] Free: 1276M, Max: 1024K regular, 459M humongous, Frag: 64% external, 0% internal; Reserve: 103M, Max: 1024K
[21.100s][info][gc,start    ] GC(18) Concurrent reset
[21.100s][info][gc,task     ] GC(18) Using 1 of 3 workers for concurrent reset
[21.100s][info][gc,ergo     ] GC(18) Pacer for Reset. Non-Taxable: 2048M
[21.101s][info][gc          ] GC(18) Concurrent reset 1.032ms
[21.101s][info][gc,start    ] GC(18) Pause Init Mark (unload classes)
[21.101s][info][gc,task     ] GC(18) Using 3 of 3 workers for init marking
[21.101s][info][gc,ergo     ] GC(18) Pacer for Mark. Expected Live: 170M, Free: 1274M, Non-Taxable: 127M, Alloc Tax Rate: 0.2x
[21.101s][info][gc          ] GC(18) Pause Init Mark (unload classes) 0.182ms
[21.101s][info][gc,start    ] GC(18) Concurrent marking roots
[21.101s][info][gc,task     ] GC(18) Using 1 of 3 workers for concurrent marking roots
[21.109s][info][gc          ] GC(18) Concurrent marking roots 7.541ms
[21.109s][info][gc,start    ] GC(18) Concurrent marking (unload classes)
[21.109s][info][gc,task     ] GC(18) Using 1 of 3 workers for concurrent marking
[21.237s][info][gc          ] GC(18) Concurrent marking (unload classes) 128.643ms
[21.237s][info][gc,start    ] GC(18) Pause Final Mark (unload classes)
[21.237s][info][gc,task     ] GC(18) Using 3 of 3 workers for final marking
[21.237s][info][gc,ergo     ] GC(18) Collectable Garbage: 478M (95%), Immediate: 478M (95%), CSet: 0B (0%)
[21.237s][info][gc          ] GC(18) Pause Final Mark (unload classes) 0.167ms
[21.237s][info][gc,start    ] GC(18) Concurrent weak references
[21.238s][info][gc,task     ] GC(18) Using 1 of 3 workers for concurrent weak references
[21.238s][info][gc,ref      ] GC(18) Encountered references: Soft: 2899, Weak: 5384, Final: 51, Phantom: 578
[21.238s][info][gc,ref      ] GC(18) Discovered  references: Soft: 0, Weak: 625, Final: 0, Phantom: 259
[21.238s][info][gc,ref      ] GC(18) Enqueued    references: Soft: 0, Weak: 0, Final: 0, Phantom: 0
[21.238s][info][gc          ] GC(18) Concurrent weak references 0.115ms
[21.238s][info][gc,start    ] GC(18) Concurrent weak roots
[21.238s][info][gc,task     ] GC(18) Using 1 of 3 workers for concurrent weak root
[21.240s][info][gc          ] GC(18) Concurrent weak roots 2.354ms
[21.240s][info][gc,start    ] GC(18) Concurrent cleanup
[21.240s][info][gc          ] GC(18) Concurrent cleanup 1100M->622M(2048M) 0.049ms
[21.240s][info][gc,ergo     ] GC(18) Free: 1317M, Max: 1024K regular, 421M humongous, Frag: 69% external, 0% internal; Reserve: 103M, Max: 1024K
[21.240s][info][gc,start    ] GC(18) Concurrent class unloading
[21.240s][info][gc,task     ] GC(18) Using 1 of 3 workers for concurrent class unloading
[21.247s][info][gc          ] GC(18) Concurrent class unloading 7.378ms
[21.248s][info][gc,start    ] GC(18) Pause Final Roots
[21.248s][info][gc          ] GC(18) Pause Final Roots 0.032ms
[21.248s][info][gc,ergo     ] Free: 1316M, Max: 1024K regular, 421M humongous, Frag: 68% external, 0% internal; Reserve: 103M, Max: 1024K
[21.248s][info][gc,stats    ] 
[21.248s][info][gc,stats    ] All times are wall-clock times, except per-root-class counters, that are sum over
[21.248s][info][gc,stats    ] all workers. Dividing the <total> over the root stage time estimates parallelism.
[21.248s][info][gc,stats    ] 
[21.248s][info][gc,stats    ] Concurrent Reset                   1052 us
[21.248s][info][gc,stats    ] Pause Init Mark (G)                 304 us
[21.248s][info][gc,stats    ] Pause Init Mark (N)                 191 us
[21.248s][info][gc,stats    ]   Update Region States               74 us
[21.248s][info][gc,stats    ] Concurrent Mark Roots              7566 us, parallelism: 0.98x
[21.248s][info][gc,stats    ]   CMR: <total>                     7406 us
[21.248s][info][gc,stats    ]   CMR: Thread Roots                7251 us, workers (us): 7251, ---, ---, 
[21.248s][info][gc,stats    ]   CMR: VM Strong Roots               13 us, workers (us):  13, ---, ---, 
[21.248s][info][gc,stats    ]   CMR: CLDG Roots                   142 us, workers (us): 142, ---, ---, 
[21.248s][info][gc,stats    ] Concurrent Marking               128685 us
[21.248s][info][gc,stats    ] Pause Final Mark (G)                279 us
[21.248s][info][gc,stats    ] Pause Final Mark (N)                176 us
[21.248s][info][gc,stats    ]   Finish Mark                        40 us
[21.248s][info][gc,stats    ]   Update Region States               30 us
[21.248s][info][gc,stats    ]   Choose Collection Set              40 us
[21.248s][info][gc,stats    ]   Rebuild Free Set                    8 us
[21.248s][info][gc,stats    ] Concurrent Weak References          122 us, parallelism: 0.44x
[21.248s][info][gc,stats    ]   CWRF: <total>                      54 us
[21.248s][info][gc,stats    ]   CWRF: Weak References              54 us, workers (us):  54, ---, ---, 
[21.248s][info][gc,stats    ] Concurrent Weak Roots              2389 us
[21.248s][info][gc,stats    ]   Roots                            2251 us, parallelism: 0.99x
[21.248s][info][gc,stats    ]     CWR: <total>                   2223 us
[21.248s][info][gc,stats    ]     CWR: Code Cache Roots          1898 us, workers (us): 1898, ---, ---, 
[21.248s][info][gc,stats    ]     CWR: VM Weak Roots              283 us, workers (us): 283, ---, ---, 
[21.248s][info][gc,stats    ]     CWR: CLDG Roots                  41 us, workers (us):  41, ---, ---, 
[21.248s][info][gc,stats    ]   Rendezvous                         87 us
[21.248s][info][gc,stats    ] Concurrent Cleanup                   58 us
[21.248s][info][gc,stats    ] Concurrent Class Unloading         7419 us
[21.248s][info][gc,stats    ]   Unlink Stale                     6901 us
[21.248s][info][gc,stats    ]     System Dictionary                48 us
[21.248s][info][gc,stats    ]     Weak Class Links                  0 us
[21.248s][info][gc,stats    ]     Code Roots                     6851 us
[21.248s][info][gc,stats    ]   Rendezvous                         85 us
[21.248s][info][gc,stats    ]   Purge Unlinked                    373 us
[21.248s][info][gc,stats    ]     Code Roots                      367 us
[21.248s][info][gc,stats    ]     CLDG                              5 us
[21.248s][info][gc,stats    ]     Exception Caches                  0 us
[21.248s][info][gc,stats    ] Pause Final Roots (G)               105 us
[21.248s][info][gc,stats    ] Pause Final Roots (N)                40 us
[21.248s][info][gc,stats    ] 
[21.248s][info][gc,stats    ] Allocation pacing accrued:
[21.248s][info][gc,stats    ]       0 of   158 ms (  0.0%): <total>
[21.248s][info][gc,stats    ]       0 of   158 ms (  0.0%): <average total>
[21.248s][info][gc,stats    ] 
[21.248s][info][gc,metaspace] Metaspace: 64081K(64832K)->64120K(64896K) NonClass: 55844K(56256K)->55879K(56320K) Class: 8236K(8576K)->8240K(8576K)
[21.248s][info][gc,ergo     ] Pacer for Idle. Initial: 41943K, Alloc Tax Rate: 1.0x
[21.255s][info][gc          ] Trigger: Learning 5 of 5. Free (1309M) is below initial threshold (1433M)
[21.255s][info][gc,ergo     ] Free: 1309M, Max: 1024K regular, 421M humongous, Frag: 68% external, 0% internal; Reserve: 103M, Max: 1024K
[21.255s][info][gc,start    ] GC(19) Concurrent reset
[21.255s][info][gc,task     ] GC(19) Using 1 of 3 workers for concurrent reset
[21.255s][info][gc,ergo     ] GC(19) Pacer for Reset. Non-Taxable: 2048M
[21.256s][info][gc          ] GC(19) Concurrent reset 0.905ms
[21.256s][info][gc,start    ] GC(19) Pause Init Mark (unload classes)
[21.256s][info][gc,task     ] GC(19) Using 3 of 3 workers for init marking
[21.256s][info][gc,ergo     ] GC(19) Pacer for Mark. Expected Live: 170M, Free: 1309M, Non-Taxable: 130M, Alloc Tax Rate: 0.2x
[21.256s][info][gc          ] GC(19) Pause Init Mark (unload classes) 0.130ms
[21.256s][info][gc,start    ] GC(19) Concurrent marking roots
[21.256s][info][gc,task     ] GC(19) Using 1 of 3 workers for concurrent marking roots
[21.265s][info][gc          ] GC(19) Concurrent marking roots 8.703ms
[21.265s][info][gc,start    ] GC(19) Concurrent marking (unload classes)
[21.265s][info][gc,task     ] GC(19) Using 1 of 3 workers for concurrent marking
[21.392s][info][gc          ] GC(19) Concurrent marking (unload classes) 126.948ms
[21.392s][info][gc,start    ] GC(19) Pause Final Mark (unload classes)
[21.392s][info][gc,task     ] GC(19) Using 3 of 3 workers for final marking
[21.392s][info][gc,ergo     ] GC(19) Collectable Garbage: 432M (94%), Immediate: 432M (94%), CSet: 0B (0%)
[21.392s][info][gc          ] GC(19) Pause Final Mark (unload classes) 0.376ms
[21.392s][info][gc,start    ] GC(19) Concurrent weak references
[21.392s][info][gc,task     ] GC(19) Using 1 of 3 workers for concurrent weak references
[21.393s][info][gc,ref      ] GC(19) Encountered references: Soft: 2914, Weak: 5496, Final: 51, Phantom: 578
[21.393s][info][gc,ref      ] GC(19) Discovered  references: Soft: 0, Weak: 943, Final: 0, Phantom: 336
[21.393s][info][gc,ref      ] GC(19) Enqueued    references: Soft: 0, Weak: 16, Final: 0, Phantom: 0
[21.393s][info][gc          ] GC(19) Concurrent weak references 0.233ms
[21.393s][info][gc,start    ] GC(19) Concurrent weak roots
[21.393s][info][gc,task     ] GC(19) Using 1 of 3 workers for concurrent weak root
[21.395s][info][gc          ] GC(19) Concurrent weak roots 2.045ms
[21.395s][info][gc,start    ] GC(19) Concurrent cleanup
[21.395s][info][gc          ] GC(19) Concurrent cleanup 634M->202M(2048M) 0.047ms
[21.395s][info][gc,ergo     ] GC(19) Free: 1740M, Max: 1024K regular, 937M humongous, Frag: 47% external, 0% internal; Reserve: 103M, Max: 1024K
[21.395s][info][gc,start    ] GC(19) Concurrent class unloading
[21.395s][info][gc,task     ] GC(19) Using 1 of 3 workers for concurrent class unloading
[21.402s][info][gc          ] GC(19) Concurrent class unloading 7.132ms
[21.402s][info][gc,start    ] GC(19) Pause Final Roots
[21.402s][info][gc          ] GC(19) Pause Final Roots 0.045ms
[21.402s][info][gc,ergo     ] Free: 1736M, Max: 1024K regular, 937M humongous, Frag: 47% external, 0% internal; Reserve: 103M, Max: 1024K
[21.402s][info][gc,stats    ] 
[21.402s][info][gc,stats    ] All times are wall-clock times, except per-root-class counters, that are sum over
[21.402s][info][gc,stats    ] all workers. Dividing the <total> over the root stage time estimates parallelism.
[21.402s][info][gc,stats    ] 
[21.402s][info][gc,stats    ] Concurrent Reset                    982 us
[21.402s][info][gc,stats    ] Pause Init Mark (G)                 266 us
[21.402s][info][gc,stats    ] Pause Init Mark (N)                 140 us
[21.402s][info][gc,stats    ]   Update Region States               42 us
[21.402s][info][gc,stats    ] Concurrent Mark Roots              8767 us, parallelism: 0.98x
[21.402s][info][gc,stats    ]   CMR: <total>                     8575 us
[21.402s][info][gc,stats    ]   CMR: Thread Roots                8484 us, workers (us): 8484, ---, ---, 
[21.402s][info][gc,stats    ]   CMR: VM Strong Roots               12 us, workers (us):  12, ---, ---, 
[21.402s][info][gc,stats    ]   CMR: CLDG Roots                    79 us, workers (us):  79, ---, ---, 
[21.402s][info][gc,stats    ] Concurrent Marking               127026 us
[21.402s][info][gc,stats    ] Pause Final Mark (G)                505 us
[21.402s][info][gc,stats    ] Pause Final Mark (N)                396 us
[21.402s][info][gc,stats    ]   Finish Mark                       113 us
[21.402s][info][gc,stats    ]   Update Region States               91 us
[21.402s][info][gc,stats    ]   Choose Collection Set              63 us
[21.402s][info][gc,stats    ]   Rebuild Free Set                   17 us
[21.402s][info][gc,stats    ] Concurrent Weak References          241 us, parallelism: 0.39x
[21.402s][info][gc,stats    ]   CWRF: <total>                      94 us
[21.402s][info][gc,stats    ]   CWRF: Weak References              94 us, workers (us):  94, ---, ---, 
[21.402s][info][gc,stats    ] Concurrent Weak Roots              2090 us
[21.402s][info][gc,stats    ]   Roots                            1932 us, parallelism: 0.95x
[21.402s][info][gc,stats    ]     CWR: <total>                   1829 us
[21.402s][info][gc,stats    ]     CWR: Code Cache Roots          1374 us, workers (us): 1374, ---, ---, 
[21.402s][info][gc,stats    ]     CWR: VM Weak Roots              409 us, workers (us): 409, ---, ---, 
[21.402s][info][gc,stats    ]     CWR: CLDG Roots                  46 us, workers (us):  46, ---, ---, 
[21.402s][info][gc,stats    ]   Rendezvous                         93 us
[21.402s][info][gc,stats    ] Concurrent Cleanup                   56 us
[21.402s][info][gc,stats    ] Concurrent Class Unloading         7207 us
[21.402s][info][gc,stats    ]   Unlink Stale                     6369 us
[21.402s][info][gc,stats    ]     System Dictionary                45 us
[21.402s][info][gc,stats    ]     Weak Class Links                  0 us
[21.402s][info][gc,stats    ]     Code Roots                     6322 us
[21.402s][info][gc,stats    ]   Rendezvous                        227 us
[21.402s][info][gc,stats    ]   Purge Unlinked                    514 us
[21.402s][info][gc,stats    ]     Code Roots                      498 us
[21.402s][info][gc,stats    ]     CLDG                             16 us
[21.402s][info][gc,stats    ]     Exception Caches                  1 us
[21.402s][info][gc,stats    ] Pause Final Roots (G)               124 us
[21.402s][info][gc,stats    ] Pause Final Roots (N)                57 us
[21.402s][info][gc,stats    ] 
[21.402s][info][gc,stats    ] Allocation pacing accrued:
[21.402s][info][gc,stats    ]       0 of   154 ms (  0.0%): <total>
[21.402s][info][gc,stats    ]       0 of   154 ms (  0.0%): <average total>
[21.402s][info][gc,stats    ] 
[21.402s][info][gc,metaspace] Metaspace: 64128K(64896K)->64159K(64896K) NonClass: 55887K(56320K)->55918K(56320K) Class: 8240K(8576K)->8241K(8576K)
[21.403s][info][gc,ergo     ] Pacer for Idle. Initial: 41943K, Alloc Tax Rate: 1.0x
[21.411s][info][gc          ] Trigger: Explicit GC request (System.gc())
[21.411s][info][gc,ergo     ] Free: 1736M, Max: 1024K regular, 937M humongous, Frag: 47% external, 0% internal; Reserve: 103M, Max: 1024K
[21.412s][info][gc,start    ] GC(20) Concurrent reset
[21.412s][info][gc,task     ] GC(20) Using 1 of 3 workers for concurrent reset
[21.412s][info][gc,ergo     ] GC(20) Pacer for Reset. Non-Taxable: 2048M
[21.413s][info][gc          ] GC(20) Concurrent reset 0.979ms
[21.413s][info][gc,start    ] GC(20) Pause Init Mark (unload classes)
[21.413s][info][gc,task     ] GC(20) Using 3 of 3 workers for init marking
[21.413s][info][gc,ref      ] GC(20) Clearing All SoftReferences
[21.413s][info][gc,ergo     ] GC(20) Pacer for Mark. Expected Live: 170M, Free: 1736M, Non-Taxable: 173M, Alloc Tax Rate: 0.1x
[21.413s][info][gc          ] GC(20) Pause Init Mark (unload classes) 0.193ms
[21.413s][info][gc,start    ] GC(20) Concurrent marking roots
[21.413s][info][gc,task     ] GC(20) Using 1 of 3 workers for concurrent marking roots
[21.420s][info][gc          ] GC(20) Concurrent marking roots 6.911ms
[21.420s][info][gc,start    ] GC(20) Concurrent marking (unload classes)
[21.420s][info][gc,task     ] GC(20) Using 1 of 3 workers for concurrent marking
[21.547s][info][gc          ] GC(20) Concurrent marking (unload classes) 127.396ms
[21.547s][info][gc,start    ] GC(20) Pause Final Mark (unload classes)
[21.547s][info][gc,task     ] GC(20) Using 3 of 3 workers for final marking
[21.548s][info][gc,ergo     ] GC(20) Adaptive CSet Selection. Target Free: 290M, Actual Free: 1840M, Max CSet: 87381K, Min Garbage: 0B
[21.548s][info][gc,ergo     ] GC(20) Collectable Garbage: 34767K (91%), Immediate: 2048K (5%), CSet: 32719K (86%)
[21.548s][info][gc,ergo     ] GC(20) Pacer for Evacuation. Used CSet: 33488K, Free: 1737M, Non-Taxable: 173M, Alloc Tax Rate: 1.1x
[21.548s][info][gc          ] GC(20) Pause Final Mark (unload classes) 0.346ms
[21.548s][info][gc,start    ] GC(20) Concurrent thread roots
[21.548s][info][gc,task     ] GC(20) Using 1 of 3 workers for Concurrent thread roots
[21.554s][info][gc          ] GC(20) Concurrent thread roots 6.566ms
[21.554s][info][gc,start    ] GC(20) Concurrent weak references
[21.554s][info][gc,task     ] GC(20) Using 1 of 3 workers for concurrent weak references
[21.555s][info][gc,ref      ] GC(20) Encountered references: Soft: 2816, Weak: 5397, Final: 51, Phantom: 578
[21.555s][info][gc,ref      ] GC(20) Discovered  references: Soft: 652, Weak: 934, Final: 0, Phantom: 336
[21.555s][info][gc,ref      ] GC(20) Enqueued    references: Soft: 298, Weak: 148, Final: 0, Phantom: 0
[21.555s][info][gc          ] GC(20) Concurrent weak references 0.329ms
[21.555s][info][gc,start    ] GC(20) Concurrent weak roots
[21.555s][info][gc,task     ] GC(20) Using 1 of 3 workers for concurrent weak root
[21.557s][info][gc          ] GC(20) Concurrent weak roots 2.416ms
[21.557s][info][gc,start    ] GC(20) Concurrent cleanup
[21.557s][info][gc          ] GC(20) Concurrent cleanup 210M->209M(2048M) 0.041ms
[21.557s][info][gc,ergo     ] GC(20) Free: 1733M, Max: 1024K regular, 937M humongous, Frag: 46% external, 0% internal; Reserve: 102M, Max: 1024K
[21.557s][info][gc,start    ] GC(20) Concurrent class unloading
[21.557s][info][gc,task     ] GC(20) Using 1 of 3 workers for concurrent class unloading
[21.572s][info][gc          ] GC(20) Concurrent class unloading 14.887ms
[21.572s][info][gc,start    ] GC(20) Concurrent strong roots
[21.572s][info][gc,task     ] GC(20) Using 1 of 3 workers for concurrent strong root
[21.573s][info][gc          ] GC(20) Concurrent strong roots 0.500ms
[21.573s][info][gc,start    ] GC(20) Concurrent evacuation
[21.573s][info][gc,task     ] GC(20) Using 1 of 3 workers for concurrent evacuation
[21.573s][info][gc          ] GC(20) Concurrent evacuation 0.392ms
[21.573s][info][gc,start    ] GC(20) Pause Init Update Refs
[21.573s][info][gc,ergo     ] GC(20) Pacer for Update Refs. Used: 218M, Free: 1725M, Non-Taxable: 172M, Alloc Tax Rate: 1.1x
[21.573s][info][gc          ] GC(20) Pause Init Update Refs 0.057ms
[21.573s][info][gc,start    ] GC(20) Concurrent update references
[21.573s][info][gc,task     ] GC(20) Using 1 of 3 workers for concurrent reference update
[21.636s][info][gc          ] GC(20) Concurrent update references 62.399ms
[21.636s][info][gc,start    ] GC(20) Concurrent update thread roots
[21.643s][info][gc          ] GC(20) Concurrent update thread roots 6.972ms
[21.643s][info][gc,start    ] GC(20) Pause Final Update Refs
[21.643s][info][gc,task     ] GC(20) Using 3 of 3 workers for final reference update
[21.643s][info][gc          ] GC(20) Pause Final Update Refs 0.184ms
[21.643s][info][gc,start    ] GC(20) Concurrent cleanup
[21.643s][info][gc          ] GC(20) Concurrent cleanup 218M->185M(2048M) 0.079ms
[21.643s][info][gc,ergo     ] Free: 1757M, Max: 1024K regular, 1409M humongous, Frag: 20% external, 0% internal; Reserve: 103M, Max: 1024K
[21.643s][info][gc,stats    ] 
[21.643s][info][gc,stats    ] All times are wall-clock times, except per-root-class counters, that are sum over
[21.643s][info][gc,stats    ] all workers. Dividing the <total> over the root stage time estimates parallelism.
[21.643s][info][gc,stats    ] 
[21.643s][info][gc,stats    ] Concurrent Reset                   1071 us
[21.643s][info][gc,stats    ] Pause Init Mark (G)                 305 us
[21.643s][info][gc,stats    ] Pause Init Mark (N)                 210 us
[21.643s][info][gc,stats    ]   Update Region States               80 us
[21.643s][info][gc,stats    ] Concurrent Mark Roots              6960 us, parallelism: 0.96x
[21.643s][info][gc,stats    ]   CMR: <total>                     6654 us
[21.643s][info][gc,stats    ]   CMR: Thread Roots                6476 us, workers (us): 6476, ---, ---, 
[21.643s][info][gc,stats    ]   CMR: VM Strong Roots               23 us, workers (us):  23, ---, ---, 
[21.643s][info][gc,stats    ]   CMR: CLDG Roots                   155 us, workers (us): 155, ---, ---, 
[21.643s][info][gc,stats    ] Concurrent Marking               127473 us
[21.644s][info][gc,stats    ] Pause Final Mark (G)                451 us
[21.644s][info][gc,stats    ] Pause Final Mark (N)                355 us
[21.644s][info][gc,stats    ]   Finish Mark                       118 us
[21.644s][info][gc,stats    ]   Update Region States               85 us
[21.644s][info][gc,stats    ]   Choose Collection Set              57 us
[21.644s][info][gc,stats    ]   Rebuild Free Set                    8 us
[21.644s][info][gc,stats    ] Concurrent Thread Roots            6584 us, parallelism: 0.98x
[21.644s][info][gc,stats    ]   CTR: <total>                     6434 us
[21.644s][info][gc,stats    ]   CTR: Thread Roots                6434 us, workers (us): 6434, ---, ---, 
[21.644s][info][gc,stats    ] Concurrent Weak References          337 us, parallelism: 0.70x
[21.644s][info][gc,stats    ]   CWRF: <total>                     237 us
[21.644s][info][gc,stats    ]   CWRF: Weak References             237 us, workers (us): 237, ---, ---, 
[21.644s][info][gc,stats    ] Concurrent Weak Roots              2464 us
[21.644s][info][gc,stats    ]   Roots                            2290 us, parallelism: 0.98x
[21.644s][info][gc,stats    ]     CWR: <total>                   2237 us
[21.644s][info][gc,stats    ]     CWR: Code Cache Roots          1534 us, workers (us): 1534, ---, ---, 
[21.644s][info][gc,stats    ]     CWR: VM Weak Roots              660 us, workers (us): 660, ---, ---, 
[21.644s][info][gc,stats    ]     CWR: CLDG Roots                  43 us, workers (us):  43, ---, ---, 
[21.644s][info][gc,stats    ]   Rendezvous                        107 us
[21.644s][info][gc,stats    ] Concurrent Cleanup                   50 us
[21.644s][info][gc,stats    ] Concurrent Class Unloading        14970 us
[21.644s][info][gc,stats    ]   Unlink Stale                    13787 us
[21.644s][info][gc,stats    ]     System Dictionary               698 us
[21.644s][info][gc,stats    ]     Weak Class Links               5481 us
[21.644s][info][gc,stats    ]     Code Roots                     7606 us
[21.644s][info][gc,stats    ]   Rendezvous                        127 us
[21.644s][info][gc,stats    ]   Purge Unlinked                    952 us
[21.644s][info][gc,stats    ]     Code Roots                      366 us
[21.644s][info][gc,stats    ]     CLDG                            585 us
[21.644s][info][gc,stats    ]     Exception Caches                  0 us
[21.644s][info][gc,stats    ] Concurrent Strong Roots             525 us, parallelism: 0.62x
[21.644s][info][gc,stats    ]   CSR: <total>                      325 us
[21.644s][info][gc,stats    ]   CSR: VM Strong Roots               22 us, workers (us):  22, ---, ---, 
[21.644s][info][gc,stats    ]   CSR: CLDG Roots                   302 us, workers (us): 302, ---, ---, 
[21.644s][info][gc,stats    ] Concurrent Evacuation               409 us
[21.644s][info][gc,stats    ] Pause Init Update Refs (G)          117 us
[21.644s][info][gc,stats    ] Pause Init Update Refs (N)           66 us
[21.644s][info][gc,stats    ]   Manage GCLABs                       7 us
[21.644s][info][gc,stats    ] Concurrent Update Refs            62468 us
[21.644s][info][gc,stats    ] Concurrent Update Thread Roots     7030 us
[21.644s][info][gc,stats    ] Pause Final Update Refs (G)         299 us
[21.644s][info][gc,stats    ] Pause Final Update Refs (N)         203 us
[21.644s][info][gc,stats    ]   Update Region States               88 us
[21.644s][info][gc,stats    ]   Trash Collection Set                5 us
[21.644s][info][gc,stats    ]   Rebuild Free Set                   21 us
[21.644s][info][gc,stats    ] Concurrent Cleanup                  105 us
[21.644s][info][gc,stats    ] 
[21.644s][info][gc,stats    ] Allocation pacing accrued:
[21.644s][info][gc,stats    ]       0 of   241 ms (  0.0%): <total>
[21.644s][info][gc,stats    ]       0 of   241 ms (  0.0%): <average total>
[21.644s][info][gc,stats    ] 
[21.644s][info][gc,metaspace] Metaspace: 64159K(64896K)->63839K(64896K) NonClass: 55918K(56320K)->55653K(56320K) Class: 8241K(8576K)->8186K(8576K)
[21.644s][info][gc,ergo     ] Pacer for Idle. Initial: 41943K, Alloc Tax Rate: 1.0x
[21.849s][info][gc          ] Trigger: Learning 2 of 5. Free (1401M) is below initial threshold (1433M)
[21.850s][info][gc,ergo     ] Free: 1401M, Max: 1024K regular, 1400M humongous, Frag: 0% external, 0% internal; Reserve: 103M, Max: 1024K
[21.850s][info][gc,start    ] GC(21) Concurrent reset
[21.850s][info][gc,task     ] GC(21) Using 1 of 3 workers for concurrent reset
[21.850s][info][gc,ergo     ] GC(21) Pacer for Reset. Non-Taxable: 2048M
[21.851s][info][gc          ] GC(21) Concurrent reset 0.872ms
[21.851s][info][gc,start    ] GC(21) Pause Init Mark (unload classes)
[21.851s][info][gc,task     ] GC(21) Using 3 of 3 workers for init marking
[21.851s][info][gc,ergo     ] GC(21) Pacer for Mark. Expected Live: 170M, Free: 1401M, Non-Taxable: 140M, Alloc Tax Rate: 0.1x
[21.851s][info][gc          ] GC(21) Pause Init Mark (unload classes) 0.136ms
[21.851s][info][gc,start    ] GC(21) Concurrent marking roots
[21.851s][info][gc,task     ] GC(21) Using 1 of 3 workers for concurrent marking roots
[21.859s][info][gc          ] GC(21) Concurrent marking roots 7.965ms
[21.859s][info][gc,start    ] GC(21) Concurrent marking (unload classes)
[21.859s][info][gc,task     ] GC(21) Using 1 of 3 workers for concurrent marking
[21.990s][info][gc          ] GC(21) Concurrent marking (unload classes) 131.560ms
[21.990s][info][gc,start    ] GC(21) Pause Final Mark (unload classes)
[21.991s][info][gc,task     ] GC(21) Using 3 of 3 workers for final marking
[21.991s][info][gc,ergo     ] GC(21) Adaptive CSet Selection. Target Free: 290M, Actual Free: 1416M, Max CSet: 87381K, Min Garbage: 0B
[21.991s][info][gc,ergo     ] GC(21) Collectable Garbage: 364M (99%), Immediate: 327M (88%), CSet: 38591K (10%)
[21.991s][info][gc,ergo     ] GC(21) Pacer for Evacuation. Used CSet: 40525K, Free: 1317M, Non-Taxable: 131M, Alloc Tax Rate: 1.1x
[21.991s][info][gc          ] GC(21) Pause Final Mark (unload classes) 0.337ms
[21.991s][info][gc,start    ] GC(21) Concurrent thread roots
[21.991s][info][gc,task     ] GC(21) Using 1 of 3 workers for Concurrent thread roots
[22.000s][info][gc          ] GC(21) Concurrent thread roots 8.880ms
[22.000s][info][gc,start    ] GC(21) Concurrent weak references
[22.000s][info][gc,task     ] GC(21) Using 1 of 3 workers for concurrent weak references
[22.000s][info][gc,ref      ] GC(21) Encountered references: Soft: 2899, Weak: 5520, Final: 51, Phantom: 578
[22.000s][info][gc,ref      ] GC(21) Discovered  references: Soft: 0, Weak: 869, Final: 0, Phantom: 259
[22.000s][info][gc,ref      ] GC(21) Enqueued    references: Soft: 0, Weak: 93, Final: 0, Phantom: 0
[22.000s][info][gc          ] GC(21) Concurrent weak references 0.283ms
[22.000s][info][gc,start    ] GC(21) Concurrent weak roots
[22.000s][info][gc,task     ] GC(21) Using 1 of 3 workers for concurrent weak root
[22.004s][info][gc          ] GC(21) Concurrent weak roots 3.431ms
[22.004s][info][gc,start    ] GC(21) Concurrent cleanup
[22.004s][info][gc          ] GC(21) Concurrent cleanup 988M->662M(2048M) 0.049ms
[22.004s][info][gc,ergo     ] GC(21) Free: 1280M, Max: 1024K regular, 949M humongous, Frag: 26% external, 0% internal; Reserve: 102M, Max: 1024K
[22.004s][info][gc,start    ] GC(21) Concurrent class unloading
[22.004s][info][gc,task     ] GC(21) Using 1 of 3 workers for concurrent class unloading
[22.020s][info][gc          ] GC(21) Concurrent class unloading 16.600ms
[22.020s][info][gc,start    ] GC(21) Concurrent strong roots
[22.020s][info][gc,task     ] GC(21) Using 1 of 3 workers for concurrent strong root
[22.021s][info][gc          ] GC(21) Concurrent strong roots 0.336ms
[22.021s][info][gc,start    ] GC(21) Concurrent evacuation
[22.021s][info][gc,task     ] GC(21) Using 1 of 3 workers for concurrent evacuation
[22.022s][info][gc          ] GC(21) Concurrent evacuation 1.149ms
[22.022s][info][gc,start    ] GC(21) Pause Init Update Refs
[22.022s][info][gc,ergo     ] GC(21) Pacer for Update Refs. Used: 715M, Free: 1230M, Non-Taxable: 123M, Alloc Tax Rate: 1.1x
[22.022s][info][gc          ] GC(21) Pause Init Update Refs 0.071ms
[22.022s][info][gc,start    ] GC(21) Concurrent update references
[22.022s][info][gc,task     ] GC(21) Using 1 of 3 workers for concurrent reference update
[22.194s][info][gc          ] GC(21) Concurrent update references 172.220ms
[22.194s][info][gc,start    ] GC(21) Concurrent update thread roots
[22.203s][info][gc          ] GC(21) Concurrent update thread roots 8.277ms
[22.203s][info][gc,start    ] GC(21) Pause Final Update Refs
[22.203s][info][gc,task     ] GC(21) Using 3 of 3 workers for final reference update
[22.203s][info][gc          ] GC(21) Pause Final Update Refs 0.133ms
[22.203s][info][gc,start    ] GC(21) Concurrent cleanup
[22.203s][info][gc          ] GC(21) Concurrent cleanup 1211M->1171M(2048M) 0.029ms
[22.203s][info][gc,ergo     ] Free: 771M, Max: 1024K regular, 731M humongous, Frag: 6% external, 0% internal; Reserve: 103M, Max: 1024K
[22.203s][info][gc,stats    ] 
[22.203s][info][gc,stats    ] All times are wall-clock times, except per-root-class counters, that are sum over
[22.203s][info][gc,stats    ] all workers. Dividing the <total> over the root stage time estimates parallelism.
[22.203s][info][gc,stats    ] 
[22.203s][info][gc,stats    ] Concurrent Reset                    891 us
[22.203s][info][gc,stats    ] Pause Init Mark (G)                 249 us
[22.203s][info][gc,stats    ] Pause Init Mark (N)                 144 us
[22.203s][info][gc,stats    ]   Update Region States               58 us
[22.203s][info][gc,stats    ] Concurrent Mark Roots              8005 us, parallelism: 0.97x
[22.203s][info][gc,stats    ]   CMR: <total>                     7803 us
[22.203s][info][gc,stats    ]   CMR: Thread Roots                7703 us, workers (us): 7703, ---, ---, 
[22.203s][info][gc,stats    ]   CMR: VM Strong Roots               15 us, workers (us):  15, ---, ---, 
[22.203s][info][gc,stats    ]   CMR: CLDG Roots                    85 us, workers (us):  85, ---, ---, 
[22.203s][info][gc,stats    ] Concurrent Marking               131635 us
[22.203s][info][gc,stats    ] Pause Final Mark (G)                422 us
[22.203s][info][gc,stats    ] Pause Final Mark (N)                345 us
[22.203s][info][gc,stats    ]   Finish Mark                       110 us
[22.203s][info][gc,stats    ]   Update Region States               51 us
[22.203s][info][gc,stats    ]   Choose Collection Set              72 us
[22.203s][info][gc,stats    ]   Rebuild Free Set                    7 us
[22.203s][info][gc,stats    ] Concurrent Thread Roots            8955 us, parallelism: 0.98x
[22.203s][info][gc,stats    ]   CTR: <total>                     8784 us
[22.203s][info][gc,stats    ]   CTR: Thread Roots                8784 us, workers (us): 8784, ---, ---, 
[22.203s][info][gc,stats    ] Concurrent Weak References          291 us, parallelism: 0.54x
[22.203s][info][gc,stats    ]   CWRF: <total>                     159 us
[22.203s][info][gc,stats    ]   CWRF: Weak References             159 us, workers (us): 159, ---, ---, 
[22.203s][info][gc,stats    ] Concurrent Weak Roots              3492 us
[22.203s][info][gc,stats    ]   Roots                            3174 us, parallelism: 0.98x
[22.203s][info][gc,stats    ]     CWR: <total>                   3122 us
[22.203s][info][gc,stats    ]     CWR: Code Cache Roots          1976 us, workers (us): 1976, ---, ---, 
[22.203s][info][gc,stats    ]     CWR: VM Weak Roots             1075 us, workers (us): 1075, ---, ---, 
[22.203s][info][gc,stats    ]     CWR: CLDG Roots                  71 us, workers (us):  71, ---, ---, 
[22.203s][info][gc,stats    ]   Rendezvous                        238 us
[22.203s][info][gc,stats    ] Concurrent Cleanup                   58 us
[22.203s][info][gc,stats    ] Concurrent Class Unloading        16681 us
[22.203s][info][gc,stats    ]   Unlink Stale                    15946 us
[22.203s][info][gc,stats    ]     System Dictionary               234 us
[22.203s][info][gc,stats    ]     Weak Class Links               8054 us
[22.203s][info][gc,stats    ]     Code Roots                     7656 us
[22.203s][info][gc,stats    ]   Rendezvous                        188 us
[22.203s][info][gc,stats    ]   Purge Unlinked                    444 us
[22.203s][info][gc,stats    ]     Code Roots                      412 us
[22.203s][info][gc,stats    ]     CLDG                             31 us
[22.203s][info][gc,stats    ]     Exception Caches                  0 us
[22.203s][info][gc,stats    ] Concurrent Strong Roots             381 us, parallelism: 0.55x
[22.203s][info][gc,stats    ]   CSR: <total>                      209 us
[22.203s][info][gc,stats    ]   CSR: VM Strong Roots                9 us, workers (us):   9, ---, ---, 
[22.203s][info][gc,stats    ]   CSR: CLDG Roots                   201 us, workers (us): 201, ---, ---, 
[22.203s][info][gc,stats    ] Concurrent Evacuation              1167 us
[22.203s][info][gc,stats    ] Pause Init Update Refs (G)          242 us
[22.203s][info][gc,stats    ] Pause Init Update Refs (N)           80 us
[22.203s][info][gc,stats    ]   Manage GCLABs                      12 us
[22.203s][info][gc,stats    ] Concurrent Update Refs           172293 us
[22.203s][info][gc,stats    ] Concurrent Update Thread Roots     8335 us
[22.203s][info][gc,stats    ] Pause Final Update Refs (G)         260 us
[22.203s][info][gc,stats    ] Pause Final Update Refs (N)         151 us
[22.203s][info][gc,stats    ]   Update Region States               62 us
[22.203s][info][gc,stats    ]   Trash Collection Set                4 us
[22.203s][info][gc,stats    ]   Rebuild Free Set                   19 us
[22.203s][info][gc,stats    ] Concurrent Cleanup                   38 us
[22.203s][info][gc,stats    ] Pacing                            66775 us
[22.203s][info][gc,stats    ] 
[22.203s][info][gc,stats    ] Allocation pacing accrued:
[22.204s][info][gc,stats    ]      34 of   560 ms (  6.1%): Executor task launch worker for task 0.0 in stage 10.0 (TID 16)
[22.204s][info][gc,stats    ]      33 of   560 ms (  5.8%): Executor task launch worker for task 1.0 in stage 10.0 (TID 17)
[22.204s][info][gc,stats    ]      67 of   560 ms ( 11.9%): <total>
[22.204s][info][gc,stats    ]       1 of   560 ms (  0.1%): <average total>
[22.204s][info][gc,stats    ]      33 of   560 ms (  6.0%): <average non-zero>
[22.204s][info][gc,stats    ] 
[22.204s][info][gc,metaspace] Metaspace: 64210K(64960K)->64212K(64960K) NonClass: 55972K(56384K)->55974K(56384K) Class: 8238K(8576K)->8237K(8576K)
[22.204s][info][gc,ergo     ] Pacer for Idle. Initial: 41943K, Alloc Tax Rate: 1.0x
[22.216s][info][gc          ] Trigger: Learning 3 of 5. Free (730M) is below initial threshold (1433M)
[22.216s][info][gc,ergo     ] Free: 730M, Max: 1024K regular, 729M humongous, Frag: 0% external, 0% internal; Reserve: 103M, Max: 1024K
[22.216s][info][gc,start    ] GC(22) Concurrent reset
[22.216s][info][gc,task     ] GC(22) Using 1 of 3 workers for concurrent reset
[22.216s][info][gc,ergo     ] GC(22) Pacer for Reset. Non-Taxable: 2048M
[22.217s][info][gc          ] GC(22) Concurrent reset 0.952ms
[22.217s][info][gc,start    ] GC(22) Pause Init Mark (unload classes)
[22.217s][info][gc,task     ] GC(22) Using 3 of 3 workers for init marking
[22.217s][info][gc,ergo     ] GC(22) Pacer for Mark. Expected Live: 170M, Free: 730M, Non-Taxable: 74802K, Alloc Tax Rate: 0.3x
[22.217s][info][gc          ] GC(22) Pause Init Mark (unload classes) 0.177ms
[22.217s][info][gc,start    ] GC(22) Concurrent marking roots
[22.217s][info][gc,task     ] GC(22) Using 1 of 3 workers for concurrent marking roots
[22.225s][info][gc          ] GC(22) Concurrent marking roots 8.318ms
[22.225s][info][gc,start    ] GC(22) Concurrent marking (unload classes)
[22.225s][info][gc,task     ] GC(22) Using 1 of 3 workers for concurrent marking
[22.353s][info][gc          ] GC(22) Concurrent marking (unload classes) 127.248ms
[22.353s][info][gc,start    ] GC(22) Pause Final Mark (unload classes)
[22.353s][info][gc,task     ] GC(22) Using 3 of 3 workers for final marking
[22.353s][info][gc,ergo     ] GC(22) Collectable Garbage: 1022M (98%), Immediate: 1022M (98%), CSet: 0B (0%)
[22.353s][info][gc          ] GC(22) Pause Final Mark (unload classes) 0.190ms
[22.353s][info][gc,start    ] GC(22) Concurrent weak references
[22.353s][info][gc,task     ] GC(22) Using 1 of 3 workers for concurrent weak references
[22.353s][info][gc,ref      ] GC(22) Encountered references: Soft: 2899, Weak: 5435, Final: 51, Phantom: 578
[22.353s][info][gc,ref      ] GC(22) Discovered  references: Soft: 0, Weak: 787, Final: 0, Phantom: 336
[22.353s][info][gc,ref      ] GC(22) Enqueued    references: Soft: 0, Weak: 16, Final: 0, Phantom: 0
[22.353s][info][gc          ] GC(22) Concurrent weak references 0.156ms
[22.353s][info][gc,start    ] GC(22) Concurrent weak roots
[22.353s][info][gc,task     ] GC(22) Using 1 of 3 workers for concurrent weak root
[22.355s][info][gc          ] GC(22) Concurrent weak roots 2.229ms
[22.355s][info][gc,start    ] GC(22) Concurrent cleanup
[22.355s][info][gc          ] GC(22) Concurrent cleanup 1625M->603M(2048M) 0.124ms
[22.356s][info][gc,ergo     ] GC(22) Free: 1339M, Max: 1024K regular, 423M humongous, Frag: 69% external, 0% internal; Reserve: 103M, Max: 1024K
[22.356s][info][gc,start    ] GC(22) Concurrent class unloading
[22.356s][info][gc,task     ] GC(22) Using 1 of 3 workers for concurrent class unloading
[22.363s][info][gc          ] GC(22) Concurrent class unloading 7.918ms
[22.364s][info][gc,start    ] GC(22) Pause Final Roots
[22.364s][info][gc          ] GC(22) Pause Final Roots 0.055ms
[22.364s][info][gc,ergo     ] Free: 1312M, Max: 1024K regular, 423M humongous, Frag: 68% external, 0% internal; Reserve: 103M, Max: 1024K
[22.364s][info][gc,stats    ] 
[22.364s][info][gc,stats    ] All times are wall-clock times, except per-root-class counters, that are sum over
[22.364s][info][gc,stats    ] all workers. Dividing the <total> over the root stage time estimates parallelism.
[22.364s][info][gc,stats    ] 
[22.364s][info][gc,stats    ] Concurrent Reset                    969 us
[22.364s][info][gc,stats    ] Pause Init Mark (G)                 314 us
[22.364s][info][gc,stats    ] Pause Init Mark (N)                 194 us
[22.364s][info][gc,stats    ]   Update Region States               53 us
[22.364s][info][gc,stats    ] Concurrent Mark Roots              8339 us, parallelism: 0.98x
[22.364s][info][gc,stats    ]   CMR: <total>                     8213 us
[22.364s][info][gc,stats    ]   CMR: Thread Roots                8078 us, workers (us): 8078, ---, ---, 
[22.364s][info][gc,stats    ]   CMR: VM Strong Roots               17 us, workers (us):  17, ---, ---, 
[22.364s][info][gc,stats    ]   CMR: CLDG Roots                   118 us, workers (us): 118, ---, ---, 
[22.364s][info][gc,stats    ] Concurrent Marking               127315 us
[22.364s][info][gc,stats    ] Pause Final Mark (G)                304 us
[22.364s][info][gc,stats    ] Pause Final Mark (N)                199 us
[22.364s][info][gc,stats    ]   Finish Mark                        53 us
[22.364s][info][gc,stats    ]   Update Region States               37 us
[22.364s][info][gc,stats    ]   Choose Collection Set              34 us
[22.364s][info][gc,stats    ]   Rebuild Free Set                    7 us
[22.364s][info][gc,stats    ] Concurrent Weak References          163 us, parallelism: 0.35x
[22.364s][info][gc,stats    ]   CWRF: <total>                      57 us
[22.364s][info][gc,stats    ]   CWRF: Weak References              57 us, workers (us):  57, ---, ---, 
[22.364s][info][gc,stats    ] Concurrent Weak Roots              2266 us
[22.364s][info][gc,stats    ]   Roots                            2061 us, parallelism: 0.97x
[22.364s][info][gc,stats    ]     CWR: <total>                   1996 us
[22.364s][info][gc,stats    ]     CWR: Code Cache Roots          1665 us, workers (us): 1665, ---, ---, 
[22.364s][info][gc,stats    ]     CWR: VM Weak Roots              284 us, workers (us): 284, ---, ---, 
[22.364s][info][gc,stats    ]     CWR: CLDG Roots                  46 us, workers (us):  46, ---, ---, 
[22.364s][info][gc,stats    ]   Rendezvous                        151 us
[22.364s][info][gc,stats    ] Concurrent Cleanup                  142 us
[22.364s][info][gc,stats    ] Concurrent Class Unloading         7967 us
[22.364s][info][gc,stats    ]   Unlink Stale                     7331 us
[22.364s][info][gc,stats    ]     System Dictionary                59 us
[22.364s][info][gc,stats    ]     Weak Class Links                  0 us
[22.364s][info][gc,stats    ]     Code Roots                     7270 us
[22.364s][info][gc,stats    ]   Rendezvous                        156 us
[22.364s][info][gc,stats    ]   Purge Unlinked                    398 us
[22.364s][info][gc,stats    ]     Code Roots                      388 us
[22.364s][info][gc,stats    ]     CLDG                              9 us
[22.364s][info][gc,stats    ]     Exception Caches                  0 us
[22.364s][info][gc,stats    ] Pause Final Roots (G)               169 us
[22.364s][info][gc,stats    ] Pause Final Roots (N)                63 us
[22.364s][info][gc,stats    ] Pacing                            33884 us
[22.364s][info][gc,stats    ] 
[22.364s][info][gc,stats    ] Allocation pacing accrued:
[22.364s][info][gc,stats    ]      17 of   161 ms ( 10.5%): Executor task launch worker for task 0.0 in stage 10.0 (TID 16)
[22.364s][info][gc,stats    ]      17 of   161 ms ( 10.6%): Executor task launch worker for task 1.0 in stage 10.0 (TID 17)
[22.364s][info][gc,stats    ]      34 of   161 ms ( 21.1%): <total>
[22.364s][info][gc,stats    ]       0 of   161 ms (  0.2%): <average total>
[22.364s][info][gc,stats    ]      17 of   161 ms ( 10.6%): <average non-zero>
[22.364s][info][gc,stats    ] 
[22.364s][info][gc,metaspace] Metaspace: 64212K(64960K)->64212K(64960K) NonClass: 55974K(56384K)->55974K(56384K) Class: 8237K(8576K)->8237K(8576K)
[22.364s][info][gc,ergo     ] Pacer for Idle. Initial: 41943K, Alloc Tax Rate: 1.0x
[22.373s][info][gc          ] Trigger: Learning 4 of 5. Free (1280M) is below initial threshold (1433M)
[22.373s][info][gc,ergo     ] Free: 1280M, Max: 1024K regular, 423M humongous, Frag: 67% external, 0% internal; Reserve: 103M, Max: 1024K
[22.373s][info][gc,start    ] GC(23) Concurrent reset
[22.373s][info][gc,task     ] GC(23) Using 1 of 3 workers for concurrent reset
[22.373s][info][gc,ergo     ] GC(23) Pacer for Reset. Non-Taxable: 2048M
[22.374s][info][gc          ] GC(23) Concurrent reset 1.209ms
[22.374s][info][gc,start    ] GC(23) Pause Init Mark (unload classes)
[22.374s][info][gc,task     ] GC(23) Using 3 of 3 workers for init marking
[22.374s][info][gc,ergo     ] GC(23) Pacer for Mark. Expected Live: 170M, Free: 1275M, Non-Taxable: 127M, Alloc Tax Rate: 0.2x
[22.374s][info][gc          ] GC(23) Pause Init Mark (unload classes) 0.181ms
[22.374s][info][gc,start    ] GC(23) Concurrent marking roots
[22.374s][info][gc,task     ] GC(23) Using 1 of 3 workers for concurrent marking roots
[22.383s][info][gc          ] GC(23) Concurrent marking roots 8.422ms
[22.383s][info][gc,start    ] GC(23) Concurrent marking (unload classes)
[22.383s][info][gc,task     ] GC(23) Using 1 of 3 workers for concurrent marking
[22.512s][info][gc          ] GC(23) Concurrent marking (unload classes) 128.573ms
[22.512s][info][gc,start    ] GC(23) Pause Final Mark (unload classes)
[22.512s][info][gc,task     ] GC(23) Using 3 of 3 workers for final marking
[22.512s][info][gc,ergo     ] GC(23) Collectable Garbage: 476M (95%), Immediate: 476M (95%), CSet: 0B (0%)
[22.512s][info][gc          ] GC(23) Pause Final Mark (unload classes) 0.172ms
[22.512s][info][gc,start    ] GC(23) Concurrent weak references
[22.512s][info][gc,task     ] GC(23) Using 1 of 3 workers for concurrent weak references
[22.512s][info][gc,ref      ] GC(23) Encountered references: Soft: 2899, Weak: 5415, Final: 51, Phantom: 578
[22.512s][info][gc,ref      ] GC(23) Discovered  references: Soft: 0, Weak: 684, Final: 0, Phantom: 259
[22.512s][info][gc,ref      ] GC(23) Enqueued    references: Soft: 0, Weak: 0, Final: 0, Phantom: 0
[22.512s][info][gc          ] GC(23) Concurrent weak references 0.164ms
[22.512s][info][gc,start    ] GC(23) Concurrent weak roots
[22.512s][info][gc,task     ] GC(23) Using 1 of 3 workers for concurrent weak root
[22.514s][info][gc          ] GC(23) Concurrent weak roots 2.338ms
[22.514s][info][gc,start    ] GC(23) Concurrent cleanup
[22.514s][info][gc          ] GC(23) Concurrent cleanup 1098M->621M(2048M) 0.046ms
[22.514s][info][gc,ergo     ] GC(23) Free: 1319M, Max: 1024K regular, 437M humongous, Frag: 67% external, 0% internal; Reserve: 103M, Max: 1024K
[22.514s][info][gc,start    ] GC(23) Concurrent class unloading
[22.514s][info][gc,task     ] GC(23) Using 1 of 3 workers for concurrent class unloading
[22.523s][info][gc          ] GC(23) Concurrent class unloading 8.666ms
[22.523s][info][gc,start    ] GC(23) Pause Final Roots
[22.523s][info][gc          ] GC(23) Pause Final Roots 0.035ms
[22.523s][info][gc,ergo     ] Free: 1311M, Max: 1024K regular, 437M humongous, Frag: 67% external, 0% internal; Reserve: 103M, Max: 1024K
[22.523s][info][gc,stats    ] 
[22.523s][info][gc,stats    ] All times are wall-clock times, except per-root-class counters, that are sum over
[22.523s][info][gc,stats    ] all workers. Dividing the <total> over the root stage time estimates parallelism.
[22.523s][info][gc,stats    ] 
[22.523s][info][gc,stats    ] Concurrent Reset                   1245 us
[22.523s][info][gc,stats    ] Pause Init Mark (G)                 343 us
[22.523s][info][gc,stats    ] Pause Init Mark (N)                 199 us
[22.523s][info][gc,stats    ]   Update Region States               55 us
[22.523s][info][gc,stats    ] Concurrent Mark Roots              8470 us, parallelism: 0.98x
[22.523s][info][gc,stats    ]   CMR: <total>                     8263 us
[22.523s][info][gc,stats    ]   CMR: Thread Roots                8096 us, workers (us): 8096, ---, ---, 
[22.523s][info][gc,stats    ]   CMR: VM Strong Roots               15 us, workers (us):  15, ---, ---, 
[22.523s][info][gc,stats    ]   CMR: CLDG Roots                   152 us, workers (us): 152, ---, ---, 
[22.523s][info][gc,stats    ] Concurrent Marking               128626 us
[22.523s][info][gc,stats    ] Pause Final Mark (G)                239 us
[22.523s][info][gc,stats    ] Pause Final Mark (N)                180 us
[22.523s][info][gc,stats    ]   Finish Mark                        45 us
[22.523s][info][gc,stats    ]   Update Region States               32 us
[22.523s][info][gc,stats    ]   Choose Collection Set              33 us
[22.523s][info][gc,stats    ]   Rebuild Free Set                    8 us
[22.523s][info][gc,stats    ] Concurrent Weak References          171 us, parallelism: 0.41x
[22.523s][info][gc,stats    ]   CWRF: <total>                      69 us
[22.523s][info][gc,stats    ]   CWRF: Weak References              69 us, workers (us):  69, ---, ---, 
[22.523s][info][gc,stats    ] Concurrent Weak Roots              2384 us
[22.523s][info][gc,stats    ]   Roots                            2181 us, parallelism: 0.94x
[22.523s][info][gc,stats    ]     CWR: <total>                   2051 us
[22.523s][info][gc,stats    ]     CWR: Code Cache Roots          1695 us, workers (us): 1695, ---, ---, 
[22.524s][info][gc,stats    ]     CWR: VM Weak Roots              308 us, workers (us): 308, ---, ---, 
[22.524s][info][gc,stats    ]     CWR: CLDG Roots                  48 us, workers (us):  48, ---, ---, 
[22.524s][info][gc,stats    ]   Rendezvous                        140 us
[22.524s][info][gc,stats    ] Concurrent Cleanup                   55 us
[22.524s][info][gc,stats    ] Concurrent Class Unloading         8708 us
[22.524s][info][gc,stats    ]   Unlink Stale                     8118 us
[22.524s][info][gc,stats    ]     System Dictionary                51 us
[22.524s][info][gc,stats    ]     Weak Class Links                  0 us
[22.524s][info][gc,stats    ]     Code Roots                     8065 us
[22.524s][info][gc,stats    ]   Rendezvous                        102 us
[22.524s][info][gc,stats    ]   Purge Unlinked                    426 us
[22.524s][info][gc,stats    ]     Code Roots                      420 us
[22.524s][info][gc,stats    ]     CLDG                              5 us
[22.524s][info][gc,stats    ]     Exception Caches                  0 us
[22.524s][info][gc,stats    ] Pause Final Roots (G)               106 us
[22.524s][info][gc,stats    ] Pause Final Roots (N)                44 us
[22.524s][info][gc,stats    ] 
[22.524s][info][gc,stats    ] Allocation pacing accrued:
[22.524s][info][gc,stats    ]       0 of   160 ms (  0.0%): <total>
[22.524s][info][gc,stats    ]       0 of   160 ms (  0.0%): <average total>
[22.524s][info][gc,stats    ] 
[22.524s][info][gc,metaspace] Metaspace: 64212K(64960K)->64241K(65024K) NonClass: 55974K(56384K)->56000K(56448K) Class: 8237K(8576K)->8241K(8576K)
[22.524s][info][gc,ergo     ] Pacer for Idle. Initial: 41943K, Alloc Tax Rate: 1.0x
[22.529s][info][gc          ] Trigger: Learning 5 of 5. Free (1311M) is below initial threshold (1433M)
[22.530s][info][gc,ergo     ] Free: 1311M, Max: 1024K regular, 437M humongous, Frag: 67% external, 0% internal; Reserve: 103M, Max: 1024K
[22.530s][info][gc,start    ] GC(24) Concurrent reset
[22.530s][info][gc,task     ] GC(24) Using 1 of 3 workers for concurrent reset
[22.530s][info][gc,ergo     ] GC(24) Pacer for Reset. Non-Taxable: 2048M
[22.531s][info][gc          ] GC(24) Concurrent reset 1.071ms
[22.531s][info][gc,start    ] GC(24) Pause Init Mark (unload classes)
[22.531s][info][gc,task     ] GC(24) Using 3 of 3 workers for init marking
[22.531s][info][gc,ergo     ] GC(24) Pacer for Mark. Expected Live: 170M, Free: 1311M, Non-Taxable: 131M, Alloc Tax Rate: 0.2x
[22.531s][info][gc          ] GC(24) Pause Init Mark (unload classes) 0.103ms
[22.531s][info][gc,start    ] GC(24) Concurrent marking roots
[22.531s][info][gc,task     ] GC(24) Using 1 of 3 workers for concurrent marking roots
[22.542s][info][gc          ] GC(24) Concurrent marking roots 11.039ms
[22.542s][info][gc,start    ] GC(24) Concurrent marking (unload classes)
[22.542s][info][gc,task     ] GC(24) Using 1 of 3 workers for concurrent marking
[22.669s][info][gc          ] GC(24) Concurrent marking (unload classes) 127.302ms
[22.669s][info][gc,start    ] GC(24) Pause Final Mark (unload classes)
[22.669s][info][gc,task     ] GC(24) Using 3 of 3 workers for final marking
[22.670s][info][gc,ergo     ] GC(24) Collectable Garbage: 432M (94%), Immediate: 432M (94%), CSet: 0B (0%)
[22.670s][info][gc          ] GC(24) Pause Final Mark (unload classes) 0.257ms
[22.670s][info][gc,start    ] GC(24) Concurrent weak references
[22.670s][info][gc,task     ] GC(24) Using 1 of 3 workers for concurrent weak references
[22.670s][info][gc,ref      ] GC(24) Encountered references: Soft: 2913, Weak: 5517, Final: 51, Phantom: 578
[22.670s][info][gc,ref      ] GC(24) Discovered  references: Soft: 0, Weak: 948, Final: 0, Phantom: 216
[22.670s][info][gc,ref      ] GC(24) Enqueued    references: Soft: 0, Weak: 4, Final: 0, Phantom: 0
[22.670s][info][gc          ] GC(24) Concurrent weak references 0.230ms
[22.670s][info][gc,start    ] GC(24) Concurrent weak roots
[22.670s][info][gc,task     ] GC(24) Using 1 of 3 workers for concurrent weak root
[22.672s][info][gc          ] GC(24) Concurrent weak roots 2.396ms
[22.672s][info][gc,start    ] GC(24) Concurrent cleanup
[22.672s][info][gc          ] GC(24) Concurrent cleanup 644M->212M(2048M) 0.045ms
[22.672s][info][gc,ergo     ] GC(24) Free: 1728M, Max: 1024K regular, 947M humongous, Frag: 46% external, 0% internal; Reserve: 103M, Max: 1024K
[22.672s][info][gc,start    ] GC(24) Concurrent class unloading
[22.672s][info][gc,task     ] GC(24) Using 1 of 3 workers for concurrent class unloading
[22.680s][info][gc          ] GC(24) Concurrent class unloading 7.166ms
[22.680s][info][gc,start    ] GC(24) Pause Final Roots
[22.680s][info][gc          ] GC(24) Pause Final Roots 0.041ms
[22.680s][info][gc,ergo     ] Free: 1726M, Max: 1024K regular, 947M humongous, Frag: 46% external, 0% internal; Reserve: 103M, Max: 1024K
[22.680s][info][gc,stats    ] 
[22.680s][info][gc,stats    ] All times are wall-clock times, except per-root-class counters, that are sum over
[22.680s][info][gc,stats    ] all workers. Dividing the <total> over the root stage time estimates parallelism.
[22.680s][info][gc,stats    ] 
[22.680s][info][gc,stats    ] Concurrent Reset                   1135 us
[22.680s][info][gc,stats    ] Pause Init Mark (G)                 189 us
[22.680s][info][gc,stats    ] Pause Init Mark (N)                 111 us
[22.680s][info][gc,stats    ]   Update Region States               54 us
[22.680s][info][gc,stats    ] Concurrent Mark Roots             11080 us, parallelism: 0.98x
[22.680s][info][gc,stats    ]   CMR: <total>                    10890 us
[22.680s][info][gc,stats    ]   CMR: Thread Roots               10805 us, workers (us): 10805, ---, ---, 
[22.680s][info][gc,stats    ]   CMR: VM Strong Roots               10 us, workers (us):  10, ---, ---, 
[22.680s][info][gc,stats    ]   CMR: CLDG Roots                    76 us, workers (us):  76, ---, ---, 
[22.680s][info][gc,stats    ] Concurrent Marking               127381 us
[22.680s][info][gc,stats    ] Pause Final Mark (G)                330 us
[22.680s][info][gc,stats    ] Pause Final Mark (N)                266 us
[22.680s][info][gc,stats    ]   Finish Mark                        94 us
[22.680s][info][gc,stats    ]   Update Region States               42 us
[22.680s][info][gc,stats    ]   Choose Collection Set              36 us
[22.680s][info][gc,stats    ]   Rebuild Free Set                    8 us
[22.680s][info][gc,stats    ] Concurrent Weak References          238 us, parallelism: 0.39x
[22.680s][info][gc,stats    ]   CWRF: <total>                      94 us
[22.680s][info][gc,stats    ]   CWRF: Weak References              94 us, workers (us):  94, ---, ---, 
[22.680s][info][gc,stats    ] Concurrent Weak Roots              2443 us
[22.680s][info][gc,stats    ]   Roots                            2247 us, parallelism: 0.97x
[22.680s][info][gc,stats    ]     CWR: <total>                   2187 us
[22.680s][info][gc,stats    ]     CWR: Code Cache Roots          1607 us, workers (us): 1607, ---, ---, 
[22.680s][info][gc,stats    ]     CWR: VM Weak Roots              533 us, workers (us): 533, ---, ---, 
[22.680s][info][gc,stats    ]     CWR: CLDG Roots                  46 us, workers (us):  46, ---, ---, 
[22.680s][info][gc,stats    ]   Rendezvous                        130 us
[22.680s][info][gc,stats    ] Concurrent Cleanup                   54 us
[22.680s][info][gc,stats    ] Concurrent Class Unloading         7207 us
[22.680s][info][gc,stats    ]   Unlink Stale                     6419 us
[22.680s][info][gc,stats    ]     System Dictionary                53 us
[22.680s][info][gc,stats    ]     Weak Class Links                  0 us
[22.680s][info][gc,stats    ]     Code Roots                     6365 us
[22.680s][info][gc,stats    ]   Rendezvous                        158 us
[22.680s][info][gc,stats    ]   Purge Unlinked                    570 us
[22.680s][info][gc,stats    ]     Code Roots                      562 us
[22.680s][info][gc,stats    ]     CLDG                              8 us
[22.680s][info][gc,stats    ]     Exception Caches                  0 us
[22.680s][info][gc,stats    ] Pause Final Roots (G)                96 us
[22.680s][info][gc,stats    ] Pause Final Roots (N)                50 us
[22.680s][info][gc,stats    ] 
[22.680s][info][gc,stats    ] Allocation pacing accrued:
[22.680s][info][gc,stats    ]       0 of   156 ms (  0.0%): <total>
[22.680s][info][gc,stats    ]       0 of   156 ms (  0.0%): <average total>
[22.680s][info][gc,stats    ] 
[22.680s][info][gc,metaspace] Metaspace: 64241K(65024K)->64256K(65024K) NonClass: 56000K(56448K)->56015K(56448K) Class: 8241K(8576K)->8241K(8576K)
[22.680s][info][gc,ergo     ] Pacer for Idle. Initial: 41943K, Alloc Tax Rate: 1.0x
[22.687s][info][gc          ] Trigger: Explicit GC request (System.gc())
[22.687s][info][gc,ergo     ] Free: 1726M, Max: 1024K regular, 947M humongous, Frag: 46% external, 0% internal; Reserve: 103M, Max: 1024K
[22.687s][info][gc,start    ] GC(25) Concurrent reset
[22.687s][info][gc,task     ] GC(25) Using 1 of 3 workers for concurrent reset
[22.687s][info][gc,ergo     ] GC(25) Pacer for Reset. Non-Taxable: 2048M
[22.688s][info][gc          ] GC(25) Concurrent reset 1.119ms
[22.688s][info][gc,start    ] GC(25) Pause Init Mark (unload classes)
[22.688s][info][gc,task     ] GC(25) Using 3 of 3 workers for init marking
[22.688s][info][gc,ref      ] GC(25) Clearing All SoftReferences
[22.688s][info][gc,ergo     ] GC(25) Pacer for Mark. Expected Live: 170M, Free: 1726M, Non-Taxable: 172M, Alloc Tax Rate: 0.1x
[22.688s][info][gc          ] GC(25) Pause Init Mark (unload classes) 0.189ms
[22.688s][info][gc,start    ] GC(25) Concurrent marking roots
[22.688s][info][gc,task     ] GC(25) Using 1 of 3 workers for concurrent marking roots
[22.697s][info][gc          ] GC(25) Concurrent marking roots 8.490ms
[22.697s][info][gc,start    ] GC(25) Concurrent marking (unload classes)
[22.697s][info][gc,task     ] GC(25) Using 1 of 3 workers for concurrent marking
[22.824s][info][gc          ] GC(25) Concurrent marking (unload classes) 126.774ms
[22.824s][info][gc,start    ] GC(25) Pause Final Mark (unload classes)
[22.824s][info][gc,task     ] GC(25) Using 3 of 3 workers for final marking
[22.824s][info][gc,ergo     ] GC(25) Adaptive CSet Selection. Target Free: 290M, Actual Free: 1831M, Max CSet: 87381K, Min Garbage: 0B
[22.824s][info][gc,ergo     ] GC(25) Collectable Garbage: 42955K (93%), Immediate: 4096K (8%), CSet: 38859K (84%)
[22.824s][info][gc,ergo     ] GC(25) Pacer for Evacuation. Used CSet: 39632K, Free: 1731M, Non-Taxable: 173M, Alloc Tax Rate: 1.1x
[22.824s][info][gc          ] GC(25) Pause Final Mark (unload classes) 0.229ms
[22.824s][info][gc,start    ] GC(25) Concurrent thread roots
[22.824s][info][gc,task     ] GC(25) Using 1 of 3 workers for Concurrent thread roots
[22.833s][info][gc          ] GC(25) Concurrent thread roots 8.866ms
[22.833s][info][gc,start    ] GC(25) Concurrent weak references
[22.833s][info][gc,task     ] GC(25) Using 1 of 3 workers for concurrent weak references
[22.833s][info][gc,ref      ] GC(25) Encountered references: Soft: 2814, Weak: 5433, Final: 51, Phantom: 578
[22.833s][info][gc,ref      ] GC(25) Discovered  references: Soft: 650, Weak: 947, Final: 0, Phantom: 336
[22.833s][info][gc,ref      ] GC(25) Enqueued    references: Soft: 296, Weak: 162, Final: 0, Phantom: 0
[22.833s][info][gc          ] GC(25) Concurrent weak references 0.525ms
[22.833s][info][gc,start    ] GC(25) Concurrent weak roots
[22.833s][info][gc,task     ] GC(25) Using 1 of 3 workers for concurrent weak root
[22.836s][info][gc          ] GC(25) Concurrent weak roots 2.175ms
[22.836s][info][gc,start    ] GC(25) Concurrent cleanup
[22.836s][info][gc          ] GC(25) Concurrent cleanup 218M->214M(2048M) 0.045ms
[22.836s][info][gc,ergo     ] GC(25) Free: 1729M, Max: 1024K regular, 947M humongous, Frag: 46% external, 0% internal; Reserve: 102M, Max: 1024K
[22.836s][info][gc,start    ] GC(25) Concurrent class unloading
[22.836s][info][gc,task     ] GC(25) Using 1 of 3 workers for concurrent class unloading
[22.851s][info][gc          ] GC(25) Concurrent class unloading 15.351ms
[22.851s][info][gc,start    ] GC(25) Concurrent strong roots
[22.851s][info][gc,task     ] GC(25) Using 1 of 3 workers for concurrent strong root
[22.852s][info][gc          ] GC(25) Concurrent strong roots 0.424ms
[22.852s][info][gc,start    ] GC(25) Concurrent evacuation
[22.852s][info][gc,task     ] GC(25) Using 1 of 3 workers for concurrent evacuation
[22.852s][info][gc          ] GC(25) Concurrent evacuation 0.763ms
[22.852s][info][gc,start    ] GC(25) Pause Init Update Refs
[22.852s][info][gc,ergo     ] GC(25) Pacer for Update Refs. Used: 224M, Free: 1719M, Non-Taxable: 171M, Alloc Tax Rate: 1.1x
[22.853s][info][gc          ] GC(25) Pause Init Update Refs 0.057ms
[22.853s][info][gc,start    ] GC(25) Concurrent update references
[22.853s][info][gc,task     ] GC(25) Using 1 of 3 workers for concurrent reference update
[22.913s][info][gc          ] GC(25) Concurrent update references 60.945ms
[22.914s][info][gc,start    ] GC(25) Concurrent update thread roots
[22.921s][info][gc          ] GC(25) Concurrent update thread roots 7.883ms
[22.922s][info][gc,start    ] GC(25) Pause Final Update Refs
[22.922s][info][gc,task     ] GC(25) Using 3 of 3 workers for final reference update
[22.922s][info][gc          ] GC(25) Pause Final Update Refs 0.136ms
[22.922s][info][gc,start    ] GC(25) Concurrent cleanup
[22.922s][info][gc          ] GC(25) Concurrent cleanup 224M->185M(2048M) 0.084ms
[22.922s][info][gc,ergo     ] Free: 1757M, Max: 1024K regular, 1408M humongous, Frag: 20% external, 0% internal; Reserve: 103M, Max: 1024K
[22.922s][info][gc,stats    ] 
[22.922s][info][gc,stats    ] All times are wall-clock times, except per-root-class counters, that are sum over
[22.922s][info][gc,stats    ] all workers. Dividing the <total> over the root stage time estimates parallelism.
[22.922s][info][gc,stats    ] 
[22.922s][info][gc,stats    ] Concurrent Reset                   1137 us
[22.922s][info][gc,stats    ] Pause Init Mark (G)                 288 us
[22.922s][info][gc,stats    ] Pause Init Mark (N)                 205 us
[22.922s][info][gc,stats    ]   Update Region States               65 us
[22.922s][info][gc,stats    ] Concurrent Mark Roots              8536 us, parallelism: 0.97x
[22.922s][info][gc,stats    ]   CMR: <total>                     8296 us
[22.922s][info][gc,stats    ]   CMR: Thread Roots                8163 us, workers (us): 8163, ---, ---, 
[22.922s][info][gc,stats    ]   CMR: VM Strong Roots               15 us, workers (us):  15, ---, ---, 
[22.922s][info][gc,stats    ]   CMR: CLDG Roots                   118 us, workers (us): 118, ---, ---, 
[22.922s][info][gc,stats    ] Concurrent Marking               126838 us
[22.922s][info][gc,stats    ] Pause Final Mark (G)                306 us
[22.922s][info][gc,stats    ] Pause Final Mark (N)                238 us
[22.922s][info][gc,stats    ]   Finish Mark                        71 us
[22.922s][info][gc,stats    ]   Update Region States               42 us
[22.922s][info][gc,stats    ]   Choose Collection Set              44 us
[22.922s][info][gc,stats    ]   Rebuild Free Set                    8 us
[22.922s][info][gc,stats    ] Concurrent Thread Roots            8933 us, parallelism: 0.96x
[22.922s][info][gc,stats    ]   CTR: <total>                     8617 us
[22.922s][info][gc,stats    ]   CTR: Thread Roots                8617 us, workers (us): 8617, ---, ---, 
[22.922s][info][gc,stats    ] Concurrent Weak References          542 us, parallelism: 0.61x
[22.922s][info][gc,stats    ]   CWRF: <total>                     332 us
[22.922s][info][gc,stats    ]   CWRF: Weak References             332 us, workers (us): 332, ---, ---, 
[22.922s][info][gc,stats    ] Concurrent Weak Roots              2232 us
[22.922s][info][gc,stats    ]   Roots                            2021 us, parallelism: 0.96x
[22.922s][info][gc,stats    ]     CWR: <total>                   1942 us
[22.922s][info][gc,stats    ]     CWR: Code Cache Roots          1492 us, workers (us): 1492, ---, ---, 
[22.922s][info][gc,stats    ]     CWR: VM Weak Roots              406 us, workers (us): 406, ---, ---, 
[22.922s][info][gc,stats    ]     CWR: CLDG Roots                  44 us, workers (us):  44, ---, ---, 
[22.922s][info][gc,stats    ]   Rendezvous                        118 us
[22.922s][info][gc,stats    ] Concurrent Cleanup                   62 us
[22.922s][info][gc,stats    ] Concurrent Class Unloading        15400 us
[22.922s][info][gc,stats    ]   Unlink Stale                    14324 us
[22.922s][info][gc,stats    ]     System Dictionary               644 us
[22.922s][info][gc,stats    ]     Weak Class Links               6598 us
[22.923s][info][gc,stats    ]     Code Roots                     7079 us
[22.923s][info][gc,stats    ]   Rendezvous                        188 us
[22.923s][info][gc,stats    ]   Purge Unlinked                    804 us
[22.923s][info][gc,stats    ]     Code Roots                      453 us
[22.923s][info][gc,stats    ]     CLDG                            351 us
[22.923s][info][gc,stats    ]     Exception Caches                  0 us
[22.923s][info][gc,stats    ] Concurrent Strong Roots             443 us, parallelism: 0.69x
[22.923s][info][gc,stats    ]   CSR: <total>                      307 us
[22.923s][info][gc,stats    ]   CSR: VM Strong Roots               14 us, workers (us):  14, ---, ---, 
[22.923s][info][gc,stats    ]   CSR: CLDG Roots                   293 us, workers (us): 293, ---, ---, 
[22.923s][info][gc,stats    ] Concurrent Evacuation               782 us
[22.923s][info][gc,stats    ] Pause Init Update Refs (G)          116 us
[22.923s][info][gc,stats    ] Pause Init Update Refs (N)           65 us
[22.923s][info][gc,stats    ]   Manage GCLABs                       7 us
[22.923s][info][gc,stats    ] Concurrent Update Refs            61011 us
[22.923s][info][gc,stats    ] Concurrent Update Thread Roots     7932 us
[22.923s][info][gc,stats    ] Pause Final Update Refs (G)         237 us
[22.923s][info][gc,stats    ] Pause Final Update Refs (N)         152 us
[22.923s][info][gc,stats    ]   Update Region States               55 us
[22.923s][info][gc,stats    ]   Trash Collection Set                2 us
[22.923s][info][gc,stats    ]   Rebuild Free Set                   17 us
[22.923s][info][gc,stats    ] Concurrent Cleanup                  111 us
[22.923s][info][gc,stats    ] 
[22.923s][info][gc,stats    ] Allocation pacing accrued:
[22.923s][info][gc,stats    ]       0 of   243 ms (  0.0%): <total>
[22.923s][info][gc,stats    ]       0 of   243 ms (  0.0%): <average total>
[22.923s][info][gc,stats    ] 
[22.923s][info][gc,metaspace] Metaspace: 64256K(65024K)->63951K(65024K) NonClass: 56015K(56448K)->55764K(56448K) Class: 8241K(8576K)->8186K(8576K)
[22.923s][info][gc,ergo     ] Pacer for Idle. Initial: 41943K, Alloc Tax Rate: 1.0x
[23.101s][info][gc          ] Trigger: Learning 2 of 5. Free (1425M) is below initial threshold (1433M)
[23.101s][info][gc,ergo     ] Free: 1425M, Max: 1024K regular, 1408M humongous, Frag: 2% external, 0% internal; Reserve: 103M, Max: 1024K
[23.101s][info][gc,start    ] GC(26) Concurrent reset
[23.101s][info][gc,task     ] GC(26) Using 1 of 3 workers for concurrent reset
[23.101s][info][gc,ergo     ] GC(26) Pacer for Reset. Non-Taxable: 2048M
[23.102s][info][gc          ] GC(26) Concurrent reset 1.025ms
[23.102s][info][gc,start    ] GC(26) Pause Init Mark (unload classes)
[23.102s][info][gc,task     ] GC(26) Using 3 of 3 workers for init marking
[23.102s][info][gc,ergo     ] GC(26) Pacer for Mark. Expected Live: 170M, Free: 1423M, Non-Taxable: 142M, Alloc Tax Rate: 0.1x
[23.102s][info][gc          ] GC(26) Pause Init Mark (unload classes) 0.181ms
[23.102s][info][gc,start    ] GC(26) Concurrent marking roots
[23.102s][info][gc,task     ] GC(26) Using 1 of 3 workers for concurrent marking roots
[23.111s][info][gc          ] GC(26) Concurrent marking roots 9.053ms
[23.111s][info][gc,start    ] GC(26) Concurrent marking (unload classes)
[23.111s][info][gc,task     ] GC(26) Using 1 of 3 workers for concurrent marking
[23.240s][info][gc          ] GC(26) Concurrent marking (unload classes) 128.320ms
[23.240s][info][gc,start    ] GC(26) Pause Final Mark (unload classes)
[23.240s][info][gc,task     ] GC(26) Using 3 of 3 workers for final marking
[23.240s][info][gc,ergo     ] GC(26) Adaptive CSet Selection. Target Free: 290M, Actual Free: 1368M, Max CSet: 87381K, Min Garbage: 0B
[23.240s][info][gc,ergo     ] GC(26) Collectable Garbage: 342M (99%), Immediate: 304M (88%), CSet: 38545K (10%)
[23.240s][info][gc,ergo     ] GC(26) Pacer for Evacuation. Used CSet: 40577K, Free: 1271M, Non-Taxable: 127M, Alloc Tax Rate: 1.1x
[23.240s][info][gc          ] GC(26) Pause Final Mark (unload classes) 0.272ms
[23.240s][info][gc,start    ] GC(26) Concurrent thread roots
[23.240s][info][gc,task     ] GC(26) Using 1 of 3 workers for Concurrent thread roots
[23.249s][info][gc          ] GC(26) Concurrent thread roots 8.744ms
[23.249s][info][gc,start    ] GC(26) Concurrent weak references
[23.249s][info][gc,task     ] GC(26) Using 1 of 3 workers for concurrent weak references
[23.249s][info][gc,ref      ] GC(26) Encountered references: Soft: 2899, Weak: 5570, Final: 51, Phantom: 578
[23.249s][info][gc,ref      ] GC(26) Discovered  references: Soft: 0, Weak: 863, Final: 0, Phantom: 259
[23.249s][info][gc,ref      ] GC(26) Enqueued    references: Soft: 0, Weak: 94, Final: 0, Phantom: 0
[23.249s][info][gc          ] GC(26) Concurrent weak references 0.299ms
[23.249s][info][gc,start    ] GC(26) Concurrent weak roots
[23.249s][info][gc,task     ] GC(26) Using 1 of 3 workers for concurrent weak root
[23.252s][info][gc          ] GC(26) Concurrent weak roots 2.985ms
[23.252s][info][gc,start    ] GC(26) Concurrent cleanup
[23.252s][info][gc          ] GC(26) Concurrent cleanup 1013M->710M(2048M) 0.052ms
[23.252s][info][gc,ergo     ] GC(26) Free: 1232M, Max: 1024K regular, 923M humongous, Frag: 25% external, 0% internal; Reserve: 102M, Max: 1024K
[23.252s][info][gc,start    ] GC(26) Concurrent class unloading
[23.252s][info][gc,task     ] GC(26) Using 1 of 3 workers for concurrent class unloading
[23.268s][info][gc          ] GC(26) Concurrent class unloading 15.803ms
[23.268s][info][gc,start    ] GC(26) Concurrent strong roots
[23.268s][info][gc,task     ] GC(26) Using 1 of 3 workers for concurrent strong root
[23.269s][info][gc          ] GC(26) Concurrent strong roots 0.513ms
[23.269s][info][gc,start    ] GC(26) Concurrent evacuation
[23.269s][info][gc,task     ] GC(26) Using 1 of 3 workers for concurrent evacuation
[23.271s][info][gc          ] GC(26) Concurrent evacuation 2.173ms
[23.271s][info][gc,start    ] GC(26) Pause Init Update Refs
[23.271s][info][gc,ergo     ] GC(26) Pacer for Update Refs. Used: 765M, Free: 1180M, Non-Taxable: 118M, Alloc Tax Rate: 1.1x
[23.271s][info][gc          ] GC(26) Pause Init Update Refs 0.085ms
[23.271s][info][gc,start    ] GC(26) Concurrent update references
[23.271s][info][gc,task     ] GC(26) Using 1 of 3 workers for concurrent reference update
[23.456s][info][gc          ] GC(26) Concurrent update references 184.418ms
[23.456s][info][gc,start    ] GC(26) Concurrent update thread roots
[23.465s][info][gc          ] GC(26) Concurrent update thread roots 9.312ms
[23.465s][info][gc,start    ] GC(26) Pause Final Update Refs
[23.465s][info][gc,task     ] GC(26) Using 3 of 3 workers for final reference update
[23.465s][info][gc          ] GC(26) Pause Final Update Refs 0.162ms
[23.465s][info][gc,start    ] GC(26) Concurrent cleanup
[23.466s][info][gc          ] GC(26) Concurrent cleanup 1297M->1259M(2048M) 0.036ms
[23.466s][info][gc,ergo     ] Free: 684M, Max: 1024K regular, 643M humongous, Frag: 6% external, 0% internal; Reserve: 103M, Max: 1024K
[23.466s][info][gc,stats    ] 
[23.466s][info][gc,stats    ] All times are wall-clock times, except per-root-class counters, that are sum over
[23.466s][info][gc,stats    ] all workers. Dividing the <total> over the root stage time estimates parallelism.
[23.466s][info][gc,stats    ] 
[23.466s][info][gc,stats    ] Concurrent Reset                   1049 us
[23.466s][info][gc,stats    ] Pause Init Mark (G)                 428 us
[23.466s][info][gc,stats    ] Pause Init Mark (N)                 200 us
[23.466s][info][gc,stats    ]   Update Region States               72 us
[23.466s][info][gc,stats    ] Concurrent Mark Roots              9109 us, parallelism: 0.98x
[23.466s][info][gc,stats    ]   CMR: <total>                     8883 us
[23.466s][info][gc,stats    ]   CMR: Thread Roots                8764 us, workers (us): 8764, ---, ---, 
[23.466s][info][gc,stats    ]   CMR: VM Strong Roots               15 us, workers (us):  15, ---, ---, 
[23.466s][info][gc,stats    ]   CMR: CLDG Roots                   104 us, workers (us): 104, ---, ---, 
[23.466s][info][gc,stats    ] Concurrent Marking               128388 us
[23.466s][info][gc,stats    ] Pause Final Mark (G)                386 us
[23.466s][info][gc,stats    ] Pause Final Mark (N)                281 us
[23.466s][info][gc,stats    ]   Finish Mark                        85 us
[23.466s][info][gc,stats    ]   Update Region States               58 us
[23.466s][info][gc,stats    ]   Choose Collection Set              55 us
[23.466s][info][gc,stats    ]   Rebuild Free Set                    7 us
[23.466s][info][gc,stats    ] Concurrent Thread Roots            8790 us, parallelism: 0.99x
[23.466s][info][gc,stats    ]   CTR: <total>                     8658 us
[23.466s][info][gc,stats    ]   CTR: Thread Roots                8658 us, workers (us): 8658, ---, ---, 
[23.466s][info][gc,stats    ] Concurrent Weak References          316 us, parallelism: 0.42x
[23.466s][info][gc,stats    ]   CWRF: <total>                     131 us
[23.466s][info][gc,stats    ]   CWRF: Weak References             131 us, workers (us): 131, ---, ---, 
[23.466s][info][gc,stats    ] Concurrent Weak Roots              3052 us
[23.466s][info][gc,stats    ]   Roots                            2741 us, parallelism: 0.98x
[23.466s][info][gc,stats    ]     CWR: <total>                   2689 us
[23.466s][info][gc,stats    ]     CWR: Code Cache Roots          1988 us, workers (us): 1988, ---, ---, 
[23.466s][info][gc,stats    ]     CWR: VM Weak Roots              622 us, workers (us): 622, ---, ---, 
[23.466s][info][gc,stats    ]     CWR: CLDG Roots                  79 us, workers (us):  79, ---, ---, 
[23.466s][info][gc,stats    ]   Rendezvous                        209 us
[23.466s][info][gc,stats    ] Concurrent Cleanup                   61 us
[23.466s][info][gc,stats    ] Concurrent Class Unloading        15874 us
[23.466s][info][gc,stats    ]   Unlink Stale                    15088 us
[23.466s][info][gc,stats    ]     System Dictionary               205 us
[23.466s][info][gc,stats    ]     Weak Class Links               6891 us
[23.466s][info][gc,stats    ]     Code Roots                     7989 us
[23.466s][info][gc,stats    ]   Rendezvous                        201 us
[23.466s][info][gc,stats    ]   Purge Unlinked                    493 us
[23.466s][info][gc,stats    ]     Code Roots                      467 us
[23.466s][info][gc,stats    ]     CLDG                             25 us
[23.466s][info][gc,stats    ]     Exception Caches                  0 us
[23.466s][info][gc,stats    ] Concurrent Strong Roots             538 us, parallelism: 0.66x
[23.466s][info][gc,stats    ]   CSR: <total>                      356 us
[23.466s][info][gc,stats    ]   CSR: VM Strong Roots               15 us, workers (us):  15, ---, ---, 
[23.466s][info][gc,stats    ]   CSR: CLDG Roots                   341 us, workers (us): 341, ---, ---, 
[23.466s][info][gc,stats    ] Concurrent Evacuation              2248 us
[23.466s][info][gc,stats    ] Pause Init Update Refs (G)          301 us
[23.466s][info][gc,stats    ] Pause Init Update Refs (N)          102 us
[23.466s][info][gc,stats    ]   Manage GCLABs                      10 us
[23.466s][info][gc,stats    ] Concurrent Update Refs           184491 us
[23.466s][info][gc,stats    ] Concurrent Update Thread Roots     9398 us
[23.466s][info][gc,stats    ] Pause Final Update Refs (G)         286 us
[23.466s][info][gc,stats    ] Pause Final Update Refs (N)         190 us
[23.466s][info][gc,stats    ]   Update Region States               64 us
[23.466s][info][gc,stats    ]   Trash Collection Set                3 us
[23.466s][info][gc,stats    ]   Rebuild Free Set                   11 us
[23.466s][info][gc,stats    ] Concurrent Cleanup                   46 us
[23.466s][info][gc,stats    ] Pacing                            21194 us
[23.466s][info][gc,stats    ] 
[23.466s][info][gc,stats    ] Allocation pacing accrued:
[23.466s][info][gc,stats    ]       3 of   543 ms (  0.5%): Executor task launch worker for task 1.0 in stage 13.0 (TID 22)
[23.466s][info][gc,stats    ]      18 of   543 ms (  3.4%): Executor task launch worker for task 0.0 in stage 13.0 (TID 21)
[23.466s][info][gc,stats    ]      21 of   543 ms (  3.9%): <total>
[23.466s][info][gc,stats    ]       0 of   543 ms (  0.0%): <average total>
[23.466s][info][gc,stats    ]      11 of   543 ms (  2.0%): <average non-zero>
[23.466s][info][gc,stats    ] 
[23.466s][info][gc,metaspace] Metaspace: 64342K(65152K)->64344K(65152K) NonClass: 56103K(56576K)->56106K(56576K) Class: 8238K(8576K)->8237K(8576K)
[23.466s][info][gc,ergo     ] Pacer for Idle. Initial: 41943K, Alloc Tax Rate: 1.0x
[23.481s][info][gc          ] Trigger: Learning 3 of 5. Free (642M) is below initial threshold (1433M)
[23.481s][info][gc,ergo     ] Free: 642M, Max: 1024K regular, 640M humongous, Frag: 0% external, 0% internal; Reserve: 103M, Max: 1024K
[23.481s][info][gc,start    ] GC(27) Concurrent reset
[23.481s][info][gc,task     ] GC(27) Using 1 of 3 workers for concurrent reset
[23.481s][info][gc,ergo     ] GC(27) Pacer for Reset. Non-Taxable: 2048M
[23.482s][info][gc          ] GC(27) Concurrent reset 1.086ms
[23.482s][info][gc,start    ] GC(27) Pause Init Mark (unload classes)
[23.482s][info][gc,task     ] GC(27) Using 3 of 3 workers for init marking
[23.483s][info][gc,ergo     ] GC(27) Pacer for Mark. Expected Live: 170M, Free: 642M, Non-Taxable: 65785K, Alloc Tax Rate: 0.3x
[23.483s][info][gc          ] GC(27) Pause Init Mark (unload classes) 0.240ms
[23.483s][info][gc,start    ] GC(27) Concurrent marking roots
[23.483s][info][gc,task     ] GC(27) Using 1 of 3 workers for concurrent marking roots
[23.492s][info][gc          ] GC(27) Concurrent marking roots 9.410ms
[23.492s][info][gc,start    ] GC(27) Concurrent marking (unload classes)
[23.492s][info][gc,task     ] GC(27) Using 1 of 3 workers for concurrent marking
[23.620s][info][gc          ] GC(27) Concurrent marking (unload classes) 127.941ms
[23.620s][info][gc,start    ] GC(27) Pause Final Mark (unload classes)
[23.620s][info][gc,task     ] GC(27) Using 3 of 3 workers for final marking
[23.620s][info][gc,ergo     ] GC(27) Collectable Garbage: 1110M (98%), Immediate: 1110M (98%), CSet: 0B (0%)
[23.620s][info][gc          ] GC(27) Pause Final Mark (unload classes) 0.303ms
[23.620s][info][gc,start    ] GC(27) Concurrent weak references
[23.621s][info][gc,task     ] GC(27) Using 1 of 3 workers for concurrent weak references
[23.621s][info][gc,ref      ] GC(27) Encountered references: Soft: 2899, Weak: 5484, Final: 51, Phantom: 578
[23.621s][info][gc,ref      ] GC(27) Discovered  references: Soft: 0, Weak: 796, Final: 0, Phantom: 259
[23.621s][info][gc,ref      ] GC(27) Enqueued    references: Soft: 0, Weak: 21, Final: 0, Phantom: 0
[23.621s][info][gc          ] GC(27) Concurrent weak references 0.218ms
[23.621s][info][gc,start    ] GC(27) Concurrent weak roots
[23.621s][info][gc,task     ] GC(27) Using 1 of 3 workers for concurrent weak root
[23.623s][info][gc          ] GC(27) Concurrent weak roots 2.349ms
[23.623s][info][gc,start    ] GC(27) Concurrent cleanup
[23.623s][info][gc          ] GC(27) Concurrent cleanup 1666M->556M(2048M) 0.088ms
[23.623s][info][gc,ergo     ] GC(27) Free: 1386M, Max: 1024K regular, 471M humongous, Frag: 66% external, 0% internal; Reserve: 103M, Max: 1024K
[23.623s][info][gc,start    ] GC(27) Concurrent class unloading
[23.623s][info][gc,task     ] GC(27) Using 1 of 3 workers for concurrent class unloading
[23.632s][info][gc          ] GC(27) Concurrent class unloading 8.988ms
[23.632s][info][gc,start    ] GC(27) Pause Final Roots
[23.632s][info][gc          ] GC(27) Pause Final Roots 0.067ms
[23.632s][info][gc,ergo     ] Free: 1352M, Max: 1024K regular, 471M humongous, Frag: 66% external, 0% internal; Reserve: 103M, Max: 1024K
[23.633s][info][gc,stats    ] 
[23.633s][info][gc,stats    ] All times are wall-clock times, except per-root-class counters, that are sum over
[23.633s][info][gc,stats    ] all workers. Dividing the <total> over the root stage time estimates parallelism.
[23.633s][info][gc,stats    ] 
[23.633s][info][gc,stats    ] Concurrent Reset                   1105 us
[23.633s][info][gc,stats    ] Pause Init Mark (G)                 358 us
[23.633s][info][gc,stats    ] Pause Init Mark (N)                 259 us
[23.633s][info][gc,stats    ]   Update Region States              104 us
[23.633s][info][gc,stats    ] Concurrent Mark Roots              9456 us, parallelism: 0.98x
[23.633s][info][gc,stats    ]   CMR: <total>                     9244 us
[23.633s][info][gc,stats    ]   CMR: Thread Roots                9100 us, workers (us): 9100, ---, ---, 
[23.633s][info][gc,stats    ]   CMR: VM Strong Roots               23 us, workers (us):  23, ---, ---, 
[23.633s][info][gc,stats    ]   CMR: CLDG Roots                   120 us, workers (us): 120, ---, ---, 
[23.633s][info][gc,stats    ] Concurrent Marking               128019 us
[23.633s][info][gc,stats    ] Pause Final Mark (G)                381 us
[23.633s][info][gc,stats    ] Pause Final Mark (N)                313 us
[23.633s][info][gc,stats    ]   Finish Mark                       128 us
[23.633s][info][gc,stats    ]   Update Region States               70 us
[23.633s][info][gc,stats    ]   Choose Collection Set              30 us
[23.633s][info][gc,stats    ]   Rebuild Free Set                    8 us
[23.633s][info][gc,stats    ] Concurrent Weak References          226 us, parallelism: 0.32x
[23.633s][info][gc,stats    ]   CWRF: <total>                      73 us
[23.633s][info][gc,stats    ]   CWRF: Weak References              73 us, workers (us):  73, ---, ---, 
[23.633s][info][gc,stats    ] Concurrent Weak Roots              2374 us
[23.633s][info][gc,stats    ]   Roots                            2161 us, parallelism: 0.97x
[23.633s][info][gc,stats    ]     CWR: <total>                   2102 us
[23.633s][info][gc,stats    ]     CWR: Code Cache Roots          1779 us, workers (us): 1779, ---, ---, 
[23.633s][info][gc,stats    ]     CWR: VM Weak Roots              285 us, workers (us): 285, ---, ---, 
[23.633s][info][gc,stats    ]     CWR: CLDG Roots                  39 us, workers (us):  39, ---, ---, 
[23.633s][info][gc,stats    ]   Rendezvous                        171 us
[23.633s][info][gc,stats    ] Concurrent Cleanup                   96 us
[23.633s][info][gc,stats    ] Concurrent Class Unloading         9057 us
[23.633s][info][gc,stats    ]   Unlink Stale                     8226 us
[23.633s][info][gc,stats    ]     System Dictionary                61 us
[23.633s][info][gc,stats    ]     Weak Class Links                  0 us
[23.633s][info][gc,stats    ]     Code Roots                     8163 us
[23.633s][info][gc,stats    ]   Rendezvous                        193 us
[23.633s][info][gc,stats    ]   Purge Unlinked                    549 us
[23.633s][info][gc,stats    ]     Code Roots                      538 us
[23.633s][info][gc,stats    ]     CLDG                             10 us
[23.633s][info][gc,stats    ]     Exception Caches                  0 us
[23.633s][info][gc,stats    ] Pause Final Roots (G)               198 us
[23.633s][info][gc,stats    ] Pause Final Roots (N)                79 us
[23.633s][info][gc,stats    ] Pacing                            75621 us
[23.633s][info][gc,stats    ] 
[23.633s][info][gc,stats    ] Allocation pacing accrued:
[23.633s][info][gc,stats    ]      38 of   167 ms ( 22.8%): Executor task launch worker for task 1.0 in stage 13.0 (TID 22)
[23.633s][info][gc,stats    ]      38 of   167 ms ( 22.6%): Executor task launch worker for task 0.0 in stage 13.0 (TID 21)
[23.633s][info][gc,stats    ]      76 of   167 ms ( 45.3%): <total>
[23.633s][info][gc,stats    ]       1 of   167 ms (  0.3%): <average total>
[23.633s][info][gc,stats    ]      38 of   167 ms ( 22.7%): <average non-zero>
[23.633s][info][gc,stats    ] 
[23.633s][info][gc,metaspace] Metaspace: 64344K(65152K)->64345K(65152K) NonClass: 56106K(56576K)->56107K(56576K) Class: 8237K(8576K)->8237K(8576K)
[23.633s][info][gc,ergo     ] Pacer for Idle. Initial: 41943K, Alloc Tax Rate: 1.0x
[23.638s][info][gc          ] Trigger: Learning 4 of 5. Free (1334M) is below initial threshold (1433M)
[23.638s][info][gc,ergo     ] Free: 1334M, Max: 1024K regular, 471M humongous, Frag: 65% external, 0% internal; Reserve: 103M, Max: 1024K
[23.638s][info][gc,start    ] GC(28) Concurrent reset
[23.638s][info][gc,task     ] GC(28) Using 1 of 3 workers for concurrent reset
[23.638s][info][gc,ergo     ] GC(28) Pacer for Reset. Non-Taxable: 2048M
[23.639s][info][gc          ] GC(28) Concurrent reset 0.905ms
[23.639s][info][gc,start    ] GC(28) Pause Init Mark (unload classes)
[23.639s][info][gc,task     ] GC(28) Using 3 of 3 workers for init marking
[23.639s][info][gc,ergo     ] GC(28) Pacer for Mark. Expected Live: 170M, Free: 1330M, Non-Taxable: 133M, Alloc Tax Rate: 0.2x
[23.639s][info][gc          ] GC(28) Pause Init Mark (unload classes) 0.169ms
[23.639s][info][gc,start    ] GC(28) Concurrent marking roots
[23.639s][info][gc,task     ] GC(28) Using 1 of 3 workers for concurrent marking roots
[23.648s][info][gc          ] GC(28) Concurrent marking roots 9.201ms
[23.648s][info][gc,start    ] GC(28) Concurrent marking (unload classes)
[23.648s][info][gc,task     ] GC(28) Using 1 of 3 workers for concurrent marking
[23.776s][info][gc          ] GC(28) Concurrent marking (unload classes) 127.868ms
[23.776s][info][gc,start    ] GC(28) Pause Final Mark (unload classes)
[23.776s][info][gc,task     ] GC(28) Using 3 of 3 workers for final marking
[23.776s][info][gc,ergo     ] GC(28) Collectable Garbage: 419M (95%), Immediate: 419M (95%), CSet: 0B (0%)
[23.776s][info][gc          ] GC(28) Pause Final Mark (unload classes) 0.193ms
[23.776s][info][gc,start    ] GC(28) Concurrent weak references
[23.776s][info][gc,task     ] GC(28) Using 1 of 3 workers for concurrent weak references
[23.777s][info][gc,ref      ] GC(28) Encountered references: Soft: 2899, Weak: 5459, Final: 51, Phantom: 578
[23.777s][info][gc,ref      ] GC(28) Discovered  references: Soft: 0, Weak: 535, Final: 0, Phantom: 259
[23.777s][info][gc,ref      ] GC(28) Enqueued    references: Soft: 0, Weak: 0, Final: 0, Phantom: 0
[23.777s][info][gc          ] GC(28) Concurrent weak references 0.145ms
[23.777s][info][gc,start    ] GC(28) Concurrent weak roots
[23.777s][info][gc,task     ] GC(28) Using 1 of 3 workers for concurrent weak root
[23.779s][info][gc          ] GC(28) Concurrent weak roots 2.170ms
[23.779s][info][gc,start    ] GC(28) Concurrent cleanup
[23.779s][info][gc          ] GC(28) Concurrent cleanup 1040M->620M(2048M) 0.167ms
[23.779s][info][gc,ergo     ] GC(28) Free: 1319M, Max: 1024K regular, 441M humongous, Frag: 67% external, 0% internal; Reserve: 103M, Max: 1024K
[23.779s][info][gc,start    ] GC(28) Concurrent class unloading
[23.779s][info][gc,task     ] GC(28) Using 1 of 3 workers for concurrent class unloading
[23.787s][info][gc          ] GC(28) Concurrent class unloading 8.180ms
[23.787s][info][gc,start    ] GC(28) Pause Final Roots
[23.787s][info][gc          ] GC(28) Pause Final Roots 0.028ms
[23.788s][info][gc,ergo     ] Free: 1313M, Max: 1024K regular, 441M humongous, Frag: 67% external, 0% internal; Reserve: 103M, Max: 1024K
[23.788s][info][gc,stats    ] 
[23.788s][info][gc,stats    ] All times are wall-clock times, except per-root-class counters, that are sum over
[23.788s][info][gc,stats    ] all workers. Dividing the <total> over the root stage time estimates parallelism.
[23.788s][info][gc,stats    ] 
[23.788s][info][gc,stats    ] Concurrent Reset                    955 us
[23.788s][info][gc,stats    ] Pause Init Mark (G)                 308 us
[23.788s][info][gc,stats    ] Pause Init Mark (N)                 185 us
[23.788s][info][gc,stats    ]   Update Region States               64 us
[23.788s][info][gc,stats    ] Concurrent Mark Roots              9257 us, parallelism: 0.97x
[23.788s][info][gc,stats    ]   CMR: <total>                     9019 us
[23.788s][info][gc,stats    ]   CMR: Thread Roots                8858 us, workers (us): 8858, ---, ---, 
[23.788s][info][gc,stats    ]   CMR: VM Strong Roots               17 us, workers (us):  17, ---, ---, 
[23.788s][info][gc,stats    ]   CMR: CLDG Roots                   143 us, workers (us): 143, ---, ---, 
[23.788s][info][gc,stats    ] Concurrent Marking               127930 us
[23.788s][info][gc,stats    ] Pause Final Mark (G)                310 us
[23.788s][info][gc,stats    ] Pause Final Mark (N)                203 us
[23.788s][info][gc,stats    ]   Finish Mark                        39 us
[23.788s][info][gc,stats    ]   Update Region States               52 us
[23.788s][info][gc,stats    ]   Choose Collection Set              63 us
[23.788s][info][gc,stats    ]   Rebuild Free Set                    8 us
[23.788s][info][gc,stats    ] Concurrent Weak References          153 us, parallelism: 0.39x
[23.788s][info][gc,stats    ]   CWRF: <total>                      60 us
[23.788s][info][gc,stats    ]   CWRF: Weak References              60 us, workers (us):  60, ---, ---, 
[23.788s][info][gc,stats    ] Concurrent Weak Roots              2320 us
[23.788s][info][gc,stats    ]   Roots                            2046 us, parallelism: 0.98x
[23.788s][info][gc,stats    ]     CWR: <total>                   2013 us
[23.788s][info][gc,stats    ]     CWR: Code Cache Roots          1666 us, workers (us): 1666, ---, ---, 
[23.788s][info][gc,stats    ]     CWR: VM Weak Roots              300 us, workers (us): 300, ---, ---, 
[23.788s][info][gc,stats    ]     CWR: CLDG Roots                  46 us, workers (us):  46, ---, ---, 
[23.788s][info][gc,stats    ]   Rendezvous                        107 us
[23.788s][info][gc,stats    ] Concurrent Cleanup                  181 us
[23.788s][info][gc,stats    ] Concurrent Class Unloading         8251 us
[23.788s][info][gc,stats    ]   Unlink Stale                     7493 us
[23.788s][info][gc,stats    ]     System Dictionary                56 us
[23.788s][info][gc,stats    ]     Weak Class Links                  0 us
[23.788s][info][gc,stats    ]     Code Roots                     7436 us
[23.788s][info][gc,stats    ]   Rendezvous                        124 us
[23.788s][info][gc,stats    ]   Purge Unlinked                    542 us
[23.788s][info][gc,stats    ]     Code Roots                      536 us
[23.788s][info][gc,stats    ]     CLDG                              5 us
[23.788s][info][gc,stats    ]     Exception Caches                  0 us
[23.788s][info][gc,stats    ] Pause Final Roots (G)               203 us
[23.788s][info][gc,stats    ] Pause Final Roots (N)                37 us
[23.788s][info][gc,stats    ] 
[23.788s][info][gc,stats    ] Allocation pacing accrued:
[23.788s][info][gc,stats    ]       0 of   155 ms (  0.0%): <total>
[23.788s][info][gc,stats    ]       0 of   155 ms (  0.0%): <average total>
[23.788s][info][gc,stats    ] 
[23.788s][info][gc,metaspace] Metaspace: 64345K(65152K)->64393K(65152K) NonClass: 56107K(56576K)->56152K(56576K) Class: 8237K(8576K)->8241K(8576K)
[23.788s][info][gc,ergo     ] Pacer for Idle. Initial: 41943K, Alloc Tax Rate: 1.0x
[23.795s][info][gc          ] Trigger: Explicit GC request (System.gc())
[23.795s][info][gc,ergo     ] Free: 1311M, Max: 1024K regular, 441M humongous, Frag: 67% external, 0% internal; Reserve: 103M, Max: 1024K
[23.795s][info][gc,start    ] GC(29) Concurrent reset
[23.795s][info][gc,task     ] GC(29) Using 1 of 3 workers for concurrent reset
[23.795s][info][gc,ergo     ] GC(29) Pacer for Reset. Non-Taxable: 2048M
[23.796s][info][gc          ] GC(29) Concurrent reset 0.867ms
[23.796s][info][gc,start    ] GC(29) Pause Init Mark (unload classes)
[23.796s][info][gc,task     ] GC(29) Using 3 of 3 workers for init marking
[23.796s][info][gc,ref      ] GC(29) Clearing All SoftReferences
[23.796s][info][gc,ergo     ] GC(29) Pacer for Mark. Expected Live: 170M, Free: 1311M, Non-Taxable: 131M, Alloc Tax Rate: 0.2x
[23.796s][info][gc          ] GC(29) Pause Init Mark (unload classes) 0.186ms
[23.796s][info][gc,start    ] GC(29) Concurrent marking roots
[23.796s][info][gc,task     ] GC(29) Using 1 of 3 workers for concurrent marking roots
[23.805s][info][gc          ] GC(29) Concurrent marking roots 8.693ms
[23.805s][info][gc,start    ] GC(29) Concurrent marking (unload classes)
[23.805s][info][gc,task     ] GC(29) Using 1 of 3 workers for concurrent marking
[23.932s][info][gc          ] GC(29) Concurrent marking (unload classes) 127.747ms
[23.933s][info][gc,start    ] GC(29) Pause Final Mark (unload classes)
[23.933s][info][gc,task     ] GC(29) Using 3 of 3 workers for final marking
[23.933s][info][gc,ergo     ] GC(29) Collectable Garbage: 427M (93%), Immediate: 427M (93%), CSet: 0B (0%)
[23.933s][info][gc          ] GC(29) Pause Final Mark (unload classes) 0.380ms
[23.933s][info][gc,start    ] GC(29) Concurrent weak references
[23.933s][info][gc,task     ] GC(29) Using 1 of 3 workers for concurrent weak references
[23.933s][info][gc,ref      ] GC(29) Encountered references: Soft: 2814, Weak: 5474, Final: 51, Phantom: 578
[23.933s][info][gc,ref      ] GC(29) Discovered  references: Soft: 650, Weak: 949, Final: 0, Phantom: 336
[23.933s][info][gc,ref      ] GC(29) Enqueued    references: Soft: 296, Weak: 162, Final: 0, Phantom: 0
[23.933s][info][gc          ] GC(29) Concurrent weak references 0.298ms
[23.933s][info][gc,start    ] GC(29) Concurrent weak roots
[23.933s][info][gc,task     ] GC(29) Using 1 of 3 workers for concurrent weak root
[23.936s][info][gc          ] GC(29) Concurrent weak roots 2.672ms
[23.936s][info][gc,start    ] GC(29) Concurrent cleanup
[23.936s][info][gc          ] GC(29) Concurrent cleanup 631M->204M(2048M) 0.053ms
[23.936s][info][gc,ergo     ] GC(29) Free: 1738M, Max: 1024K regular, 479M humongous, Frag: 73% external, 0% internal; Reserve: 103M, Max: 1024K
[23.936s][info][gc,start    ] GC(29) Concurrent class unloading
[23.936s][info][gc,task     ] GC(29) Using 1 of 3 workers for concurrent class unloading
[23.951s][info][gc          ] GC(29) Concurrent class unloading 15.270ms
[23.952s][info][gc,start    ] GC(29) Pause Final Roots
[23.952s][info][gc          ] GC(29) Pause Final Roots 0.078ms
[23.952s][info][gc,ergo     ] Free: 1725M, Max: 1024K regular, 479M humongous, Frag: 73% external, 0% internal; Reserve: 103M, Max: 1024K
[23.952s][info][gc,stats    ] 
[23.952s][info][gc,stats    ] All times are wall-clock times, except per-root-class counters, that are sum over
[23.952s][info][gc,stats    ] all workers. Dividing the <total> over the root stage time estimates parallelism.
[23.952s][info][gc,stats    ] 
[23.952s][info][gc,stats    ] Concurrent Reset                    894 us
[23.952s][info][gc,stats    ] Pause Init Mark (G)                 281 us
[23.952s][info][gc,stats    ] Pause Init Mark (N)                 203 us
[23.952s][info][gc,stats    ]   Update Region States               67 us
[23.952s][info][gc,stats    ] Concurrent Mark Roots              8718 us, parallelism: 0.98x
[23.952s][info][gc,stats    ]   CMR: <total>                     8569 us
[23.952s][info][gc,stats    ]   CMR: Thread Roots                8414 us, workers (us): 8414, ---, ---, 
[23.952s][info][gc,stats    ]   CMR: VM Strong Roots               16 us, workers (us):  16, ---, ---, 
[23.952s][info][gc,stats    ]   CMR: CLDG Roots                   139 us, workers (us): 139, ---, ---, 
[23.952s][info][gc,stats    ] Concurrent Marking               127828 us
[23.952s][info][gc,stats    ] Pause Final Mark (G)                525 us
[23.952s][info][gc,stats    ] Pause Final Mark (N)                400 us
[23.952s][info][gc,stats    ]   Finish Mark                       133 us
[23.952s][info][gc,stats    ]   Update Region States               81 us
[23.952s][info][gc,stats    ]   Choose Collection Set              56 us
[23.952s][info][gc,stats    ]   Rebuild Free Set                   17 us
[23.952s][info][gc,stats    ] Concurrent Weak References          306 us, parallelism: 0.54x
[23.952s][info][gc,stats    ]   CWRF: <total>                     164 us
[23.952s][info][gc,stats    ]   CWRF: Weak References             164 us, workers (us): 164, ---, ---, 
[23.952s][info][gc,stats    ] Concurrent Weak Roots              2714 us
[23.952s][info][gc,stats    ]   Roots                            2537 us, parallelism: 0.97x
[23.952s][info][gc,stats    ]     CWR: <total>                   2465 us
[23.952s][info][gc,stats    ]     CWR: Code Cache Roots          1868 us, workers (us): 1868, ---, ---, 
[23.952s][info][gc,stats    ]     CWR: VM Weak Roots              549 us, workers (us): 549, ---, ---, 
[23.952s][info][gc,stats    ]     CWR: CLDG Roots                  48 us, workers (us):  48, ---, ---, 
[23.952s][info][gc,stats    ]   Rendezvous                        118 us
[23.952s][info][gc,stats    ] Concurrent Cleanup                   62 us
[23.952s][info][gc,stats    ] Concurrent Class Unloading        15321 us
[23.952s][info][gc,stats    ]   Unlink Stale                    14268 us
[23.952s][info][gc,stats    ]     System Dictionary               664 us
[23.952s][info][gc,stats    ]     Weak Class Links               5721 us
[23.952s][info][gc,stats    ]     Code Roots                     7882 us
[23.952s][info][gc,stats    ]   Rendezvous                        205 us
[23.952s][info][gc,stats    ]   Purge Unlinked                    777 us
[23.952s][info][gc,stats    ]     Code Roots                      470 us
[23.952s][info][gc,stats    ]     CLDG                            306 us
[23.952s][info][gc,stats    ]     Exception Caches                  0 us
[23.952s][info][gc,stats    ] Pause Final Roots (G)               201 us
[23.952s][info][gc,stats    ] Pause Final Roots (N)               111 us
[23.952s][info][gc,stats    ] 
[23.952s][info][gc,stats    ] Allocation pacing accrued:
[23.952s][info][gc,stats    ]       0 of   164 ms (  0.0%): <total>
[23.952s][info][gc,stats    ]       0 of   164 ms (  0.0%): <average total>
[23.952s][info][gc,stats    ] 
[23.952s][info][gc,metaspace] Metaspace: 64401K(65152K)->64083K(65152K) NonClass: 56160K(56576K)->55897K(56576K) Class: 8241K(8576K)->8186K(8576K)
[23.952s][info][gc,ergo     ] Pacer for Idle. Initial: 41943K, Alloc Tax Rate: 1.0x
[24.110s][info][gc          ] Trigger: Learning 2 of 5. Free (1411M) is below initial threshold (1433M)
[24.110s][info][gc,ergo     ] Free: 1411M, Max: 1024K regular, 479M humongous, Frag: 67% external, 0% internal; Reserve: 103M, Max: 1024K
[24.110s][info][gc,start    ] GC(30) Concurrent reset
[24.110s][info][gc,task     ] GC(30) Using 1 of 3 workers for concurrent reset
[24.110s][info][gc,ergo     ] GC(30) Pacer for Reset. Non-Taxable: 2048M
[24.111s][info][gc          ] GC(30) Concurrent reset 1.004ms
[24.111s][info][gc,start    ] GC(30) Pause Init Mark (unload classes)
[24.111s][info][gc,task     ] GC(30) Using 3 of 3 workers for init marking
[24.111s][info][gc,ergo     ] GC(30) Pacer for Mark. Expected Live: 170M, Free: 1407M, Non-Taxable: 140M, Alloc Tax Rate: 0.1x
[24.111s][info][gc          ] GC(30) Pause Init Mark (unload classes) 0.172ms
[24.111s][info][gc,start    ] GC(30) Concurrent marking roots
[24.111s][info][gc,task     ] GC(30) Using 1 of 3 workers for concurrent marking roots
[24.122s][info][gc          ] GC(30) Concurrent marking roots 11.267ms
[24.122s][info][gc,start    ] GC(30) Concurrent marking (unload classes)
[24.122s][info][gc,task     ] GC(30) Using 1 of 3 workers for concurrent marking
[24.254s][info][gc          ] GC(30) Concurrent marking (unload classes) 131.357ms
[24.254s][info][gc,start    ] GC(30) Pause Final Mark (unload classes)
[24.254s][info][gc,task     ] GC(30) Using 3 of 3 workers for final marking
[24.254s][info][gc,ergo     ] GC(30) Adaptive CSet Selection. Target Free: 290M, Actual Free: 1324M, Max CSet: 87381K, Min Garbage: 0B
[24.254s][info][gc,ergo     ] GC(30) Collectable Garbage: 358M (99%), Immediate: 292M (81%), CSet: 67069K (18%)
[24.254s][info][gc,ergo     ] GC(30) Pacer for Evacuation. Used CSet: 69374K, Free: 1227M, Non-Taxable: 122M, Alloc Tax Rate: 1.1x
[24.254s][info][gc          ] GC(30) Pause Final Mark (unload classes) 0.363ms
[24.254s][info][gc,start    ] GC(30) Concurrent thread roots
[24.254s][info][gc,task     ] GC(30) Using 1 of 3 workers for Concurrent thread roots
[24.265s][info][gc          ] GC(30) Concurrent thread roots 10.258ms
[24.265s][info][gc,start    ] GC(30) Concurrent weak references
[24.265s][info][gc,task     ] GC(30) Using 1 of 3 workers for concurrent weak references
[24.265s][info][gc,ref      ] GC(30) Encountered references: Soft: 2901, Weak: 5595, Final: 51, Phantom: 578
[24.265s][info][gc,ref      ] GC(30) Discovered  references: Soft: 0, Weak: 860, Final: 0, Phantom: 259
[24.265s][info][gc,ref      ] GC(30) Enqueued    references: Soft: 0, Weak: 94, Final: 0, Phantom: 0
[24.265s][info][gc          ] GC(30) Concurrent weak references 0.376ms
[24.265s][info][gc,start    ] GC(30) Concurrent weak roots
[24.265s][info][gc,task     ] GC(30) Using 1 of 3 workers for concurrent weak root
[24.269s][info][gc          ] GC(30) Concurrent weak roots 3.547ms
[24.269s][info][gc,start    ] GC(30) Concurrent cleanup
[24.269s][info][gc          ] GC(30) Concurrent cleanup 1055M->763M(2048M) 0.049ms
[24.269s][info][gc,ergo     ] GC(30) Free: 1180M, Max: 1024K regular, 479M humongous, Frag: 60% external, 0% internal; Reserve: 102M, Max: 1024K
[24.269s][info][gc,start    ] GC(30) Concurrent class unloading
[24.269s][info][gc,task     ] GC(30) Using 1 of 3 workers for concurrent class unloading
[24.277s][info][gc          ] GC(30) Concurrent class unloading 8.296ms
[24.277s][info][gc,start    ] GC(30) Concurrent strong roots
[24.277s][info][gc,task     ] GC(30) Using 1 of 3 workers for concurrent strong root
[24.278s][info][gc          ] GC(30) Concurrent strong roots 0.526ms
[24.278s][info][gc,start    ] GC(30) Concurrent evacuation
[24.278s][info][gc,task     ] GC(30) Using 1 of 3 workers for concurrent evacuation
[24.280s][info][gc          ] GC(30) Concurrent evacuation 2.042ms
[24.280s][info][gc,start    ] GC(30) Pause Init Update Refs
[24.280s][info][gc,ergo     ] GC(30) Pacer for Update Refs. Used: 797M, Free: 1148M, Non-Taxable: 114M, Alloc Tax Rate: 1.1x
[24.280s][info][gc          ] GC(30) Pause Init Update Refs 0.075ms
[24.280s][info][gc,start    ] GC(30) Concurrent update references
[24.280s][info][gc,task     ] GC(30) Using 1 of 3 workers for concurrent reference update
[24.469s][info][gc          ] GC(30) Concurrent update references 189.302ms
[24.469s][info][gc,start    ] GC(30) Concurrent update thread roots
[24.478s][info][gc          ] GC(30) Concurrent update thread roots 9.162ms
[24.479s][info][gc,start    ] GC(30) Pause Final Update Refs
[24.479s][info][gc,task     ] GC(30) Using 3 of 3 workers for final reference update
[24.479s][info][gc          ] GC(30) Pause Final Update Refs 0.124ms
[24.479s][info][gc,start    ] GC(30) Concurrent cleanup
[24.479s][info][gc          ] GC(30) Concurrent cleanup 1348M->1281M(2048M) 0.064ms
[24.479s][info][gc,ergo     ] Free: 661M, Max: 1024K regular, 596M humongous, Frag: 10% external, 0% internal; Reserve: 103M, Max: 1024K
[24.479s][info][gc,stats    ] 
[24.479s][info][gc,stats    ] All times are wall-clock times, except per-root-class counters, that are sum over
[24.479s][info][gc,stats    ] all workers. Dividing the <total> over the root stage time estimates parallelism.
[24.479s][info][gc,stats    ] 
[24.479s][info][gc,stats    ] Concurrent Reset                   1071 us
[24.479s][info][gc,stats    ] Pause Init Mark (G)                 411 us
[24.479s][info][gc,stats    ] Pause Init Mark (N)                 182 us
[24.479s][info][gc,stats    ]   Update Region States               58 us
[24.479s][info][gc,stats    ] Concurrent Mark Roots             11343 us, parallelism: 0.98x
[24.479s][info][gc,stats    ]   CMR: <total>                    11100 us
[24.479s][info][gc,stats    ]   CMR: Thread Roots               10986 us, workers (us): 10986, ---, ---, 
[24.479s][info][gc,stats    ]   CMR: VM Strong Roots               14 us, workers (us):  14, ---, ---, 
[24.479s][info][gc,stats    ]   CMR: CLDG Roots                   100 us, workers (us): 100, ---, ---, 
[24.479s][info][gc,stats    ] Concurrent Marking               131409 us
[24.479s][info][gc,stats    ] Pause Final Mark (G)                501 us
[24.479s][info][gc,stats    ] Pause Final Mark (N)                380 us
[24.479s][info][gc,stats    ]   Finish Mark                        55 us
[24.479s][info][gc,stats    ]   Update Region States               57 us
[24.479s][info][gc,stats    ]   Choose Collection Set             135 us
[24.479s][info][gc,stats    ]   Rebuild Free Set                   17 us
[24.479s][info][gc,stats    ] Concurrent Thread Roots           10297 us, parallelism: 0.99x
[24.479s][info][gc,stats    ]   CTR: <total>                    10164 us
[24.479s][info][gc,stats    ]   CTR: Thread Roots               10164 us, workers (us): 10164, ---, ---, 
[24.479s][info][gc,stats    ] Concurrent Weak References          393 us, parallelism: 0.44x
[24.479s][info][gc,stats    ]   CWRF: <total>                     173 us
[24.479s][info][gc,stats    ]   CWRF: Weak References             173 us, workers (us): 173, ---, ---, 
[24.479s][info][gc,stats    ] Concurrent Weak Roots              3603 us
[24.479s][info][gc,stats    ]   Roots                            3372 us, parallelism: 0.98x
[24.479s][info][gc,stats    ]     CWR: <total>                   3289 us
[24.479s][info][gc,stats    ]     CWR: Code Cache Roots          2160 us, workers (us): 2160, ---, ---, 
[24.479s][info][gc,stats    ]     CWR: VM Weak Roots             1065 us, workers (us): 1065, ---, ---, 
[24.479s][info][gc,stats    ]     CWR: CLDG Roots                  63 us, workers (us):  63, ---, ---, 
[24.479s][info][gc,stats    ]   Rendezvous                        141 us
[24.479s][info][gc,stats    ] Concurrent Cleanup                   57 us
[24.479s][info][gc,stats    ] Concurrent Class Unloading         8367 us
[24.479s][info][gc,stats    ]   Unlink Stale                     7588 us
[24.479s][info][gc,stats    ]     System Dictionary                61 us
[24.479s][info][gc,stats    ]     Weak Class Links                  0 us
[24.479s][info][gc,stats    ]     Code Roots                     7526 us
[24.479s][info][gc,stats    ]   Rendezvous                        229 us
[24.479s][info][gc,stats    ]   Purge Unlinked                    460 us
[24.479s][info][gc,stats    ]     Code Roots                      450 us
[24.479s][info][gc,stats    ]     CLDG                             10 us
[24.479s][info][gc,stats    ]     Exception Caches                  0 us
[24.479s][info][gc,stats    ] Concurrent Strong Roots             543 us, parallelism: 0.69x
[24.479s][info][gc,stats    ]   CSR: <total>                      377 us
[24.479s][info][gc,stats    ]   CSR: VM Strong Roots               19 us, workers (us):  19, ---, ---, 
[24.479s][info][gc,stats    ]   CSR: CLDG Roots                   358 us, workers (us): 358, ---, ---, 
[24.479s][info][gc,stats    ] Concurrent Evacuation              2079 us
[24.479s][info][gc,stats    ] Pause Init Update Refs (G)          210 us
[24.479s][info][gc,stats    ] Pause Init Update Refs (N)           84 us
[24.479s][info][gc,stats    ]   Manage GCLABs                      15 us
[24.479s][info][gc,stats    ] Concurrent Update Refs           189372 us
[24.479s][info][gc,stats    ] Concurrent Update Thread Roots     9231 us
[24.479s][info][gc,stats    ] Pause Final Update Refs (G)         242 us
[24.479s][info][gc,stats    ] Pause Final Update Refs (N)         135 us
[24.479s][info][gc,stats    ]   Update Region States               53 us
[24.479s][info][gc,stats    ]   Trash Collection Set                3 us
[24.479s][info][gc,stats    ]   Rebuild Free Set                   14 us
[24.479s][info][gc,stats    ] Concurrent Cleanup                   84 us
[24.479s][info][gc,stats    ] 
[24.479s][info][gc,stats    ] Allocation pacing accrued:
[24.479s][info][gc,stats    ]       0 of   527 ms (  0.0%): <total>
[24.479s][info][gc,stats    ]       0 of   527 ms (  0.0%): <average total>
[24.479s][info][gc,stats    ] 
[24.479s][info][gc,metaspace] Metaspace: 64432K(65152K)->64438K(65152K) NonClass: 56193K(56576K)->56199K(56576K) Class: 8239K(8576K)->8239K(8576K)
[24.479s][info][gc,ergo     ] Pacer for Idle. Initial: 41943K, Alloc Tax Rate: 1.0x
[24.487s][info][gc          ] Trigger: Learning 3 of 5. Free (632M) is below initial threshold (1433M)
[24.487s][info][gc,ergo     ] Free: 632M, Max: 1024K regular, 596M humongous, Frag: 6% external, 0% internal; Reserve: 103M, Max: 1024K
[24.487s][info][gc,start    ] GC(31) Concurrent reset
[24.487s][info][gc,task     ] GC(31) Using 1 of 3 workers for concurrent reset
[24.487s][info][gc,ergo     ] GC(31) Pacer for Reset. Non-Taxable: 2048M
[24.488s][info][gc          ] GC(31) Concurrent reset 1.296ms
[24.488s][info][gc,start    ] GC(31) Pause Init Mark (unload classes)
[24.488s][info][gc,task     ] GC(31) Using 3 of 3 workers for init marking
[24.488s][info][gc,ergo     ] GC(31) Pacer for Mark. Expected Live: 170M, Free: 628M, Non-Taxable: 64388K, Alloc Tax Rate: 0.3x
[24.488s][info][gc          ] GC(31) Pause Init Mark (unload classes) 0.140ms
[24.488s][info][gc,start    ] GC(31) Concurrent marking roots
[24.488s][info][gc,task     ] GC(31) Using 1 of 3 workers for concurrent marking roots
[24.498s][info][gc          ] GC(31) Concurrent marking roots 10.121ms
[24.499s][info][gc,start    ] GC(31) Concurrent marking (unload classes)
[24.499s][info][gc,task     ] GC(31) Using 1 of 3 workers for concurrent marking
[24.627s][info][gc          ] GC(31) Concurrent marking (unload classes) 128.219ms
[24.627s][info][gc,start    ] GC(31) Pause Final Mark (unload classes)
[24.627s][info][gc,task     ] GC(31) Using 3 of 3 workers for final marking
[24.627s][info][gc,ergo     ] GC(31) Collectable Garbage: 1124M (98%), Immediate: 1124M (98%), CSet: 0B (0%)
[24.627s][info][gc          ] GC(31) Pause Final Mark (unload classes) 0.252ms
[24.627s][info][gc,start    ] GC(31) Concurrent weak references
[24.627s][info][gc,task     ] GC(31) Using 1 of 3 workers for concurrent weak references
[24.627s][info][gc,ref      ] GC(31) Encountered references: Soft: 2901, Weak: 5509, Final: 51, Phantom: 578
[24.627s][info][gc,ref      ] GC(31) Discovered  references: Soft: 0, Weak: 778, Final: 0, Phantom: 259
[24.627s][info][gc,ref      ] GC(31) Enqueued    references: Soft: 0, Weak: 16, Final: 0, Phantom: 0
[24.627s][info][gc          ] GC(31) Concurrent weak references 0.273ms
[24.627s][info][gc,start    ] GC(31) Concurrent weak roots
[24.627s][info][gc,task     ] GC(31) Using 1 of 3 workers for concurrent weak root
[24.630s][info][gc          ] GC(31) Concurrent weak roots 2.696ms
[24.630s][info][gc,start    ] GC(31) Concurrent cleanup
[24.630s][info][gc          ] GC(31) Concurrent cleanup 1659M->535M(2048M) 0.172ms
[24.630s][info][gc,ergo     ] GC(31) Free: 1407M, Max: 1024K regular, 344M humongous, Frag: 76% external, 0% internal; Reserve: 103M, Max: 1024K
[24.630s][info][gc,start    ] GC(31) Concurrent class unloading
[24.630s][info][gc,task     ] GC(31) Using 1 of 3 workers for concurrent class unloading
[24.639s][info][gc          ] GC(31) Concurrent class unloading 8.797ms
[24.639s][info][gc,start    ] GC(31) Pause Final Roots
[24.639s][info][gc          ] GC(31) Pause Final Roots 0.052ms
[24.640s][info][gc,ergo     ] Free: 1373M, Max: 1024K regular, 344M humongous, Frag: 75% external, 0% internal; Reserve: 103M, Max: 1024K
[24.640s][info][gc,stats    ] 
[24.640s][info][gc,stats    ] All times are wall-clock times, except per-root-class counters, that are sum over
[24.640s][info][gc,stats    ] all workers. Dividing the <total> over the root stage time estimates parallelism.
[24.640s][info][gc,stats    ] 
[24.640s][info][gc,stats    ] Concurrent Reset                   1334 us
[24.640s][info][gc,stats    ] Pause Init Mark (G)                 268 us
[24.640s][info][gc,stats    ] Pause Init Mark (N)                 148 us
[24.640s][info][gc,stats    ]   Update Region States               45 us
[24.640s][info][gc,stats    ] Concurrent Mark Roots             10182 us, parallelism: 0.98x
[24.640s][info][gc,stats    ]   CMR: <total>                     9963 us
[24.640s][info][gc,stats    ]   CMR: Thread Roots                9853 us, workers (us): 9853, ---, ---, 
[24.640s][info][gc,stats    ]   CMR: VM Strong Roots               11 us, workers (us):  11, ---, ---, 
[24.640s][info][gc,stats    ]   CMR: CLDG Roots                    98 us, workers (us):  98, ---, ---, 
[24.640s][info][gc,stats    ] Concurrent Marking               128300 us
[24.640s][info][gc,stats    ] Pause Final Mark (G)                344 us
[24.640s][info][gc,stats    ] Pause Final Mark (N)                260 us
[24.640s][info][gc,stats    ]   Finish Mark                        92 us
[24.640s][info][gc,stats    ]   Update Region States               54 us
[24.640s][info][gc,stats    ]   Choose Collection Set              33 us
[24.640s][info][gc,stats    ]   Rebuild Free Set                    8 us
[24.640s][info][gc,stats    ] Concurrent Weak References          281 us, parallelism: 0.26x
[24.640s][info][gc,stats    ]   CWRF: <total>                      73 us
[24.640s][info][gc,stats    ]   CWRF: Weak References              73 us, workers (us):  73, ---, ---, 
[24.640s][info][gc,stats    ] Concurrent Weak Roots              2791 us
[24.640s][info][gc,stats    ]   Roots                            2487 us, parallelism: 0.96x
[24.640s][info][gc,stats    ]     CWR: <total>                   2379 us
[24.640s][info][gc,stats    ]     CWR: Code Cache Roots          2009 us, workers (us): 2009, ---, ---, 
[24.640s][info][gc,stats    ]     CWR: VM Weak Roots              327 us, workers (us): 327, ---, ---, 
[24.640s][info][gc,stats    ]     CWR: CLDG Roots                  43 us, workers (us):  43, ---, ---, 
[24.640s][info][gc,stats    ]   Rendezvous                        182 us
[24.640s][info][gc,stats    ] Concurrent Cleanup                  191 us
[24.640s][info][gc,stats    ] Concurrent Class Unloading         8869 us
[24.640s][info][gc,stats    ]   Unlink Stale                     8207 us
[24.640s][info][gc,stats    ]     System Dictionary                77 us
[24.640s][info][gc,stats    ]     Weak Class Links                  1 us
[24.640s][info][gc,stats    ]     Code Roots                     8127 us
[24.640s][info][gc,stats    ]   Rendezvous                        155 us
[24.640s][info][gc,stats    ]   Purge Unlinked                    399 us
[24.640s][info][gc,stats    ]     Code Roots                      392 us
[24.640s][info][gc,stats    ]     CLDG                              6 us
[24.640s][info][gc,stats    ]     Exception Caches                  0 us
[24.640s][info][gc,stats    ] Pause Final Roots (G)               148 us
[24.640s][info][gc,stats    ] Pause Final Roots (N)                60 us
[24.640s][info][gc,stats    ] Pacing                            72680 us
[24.640s][info][gc,stats    ] 
[24.640s][info][gc,stats    ] Allocation pacing accrued:
[24.640s][info][gc,stats    ]      36 of   161 ms ( 22.4%): Executor task launch worker for task 1.0 in stage 16.0 (TID 27)
[24.640s][info][gc,stats    ]      37 of   161 ms ( 22.9%): Executor task launch worker for task 0.0 in stage 16.0 (TID 26)
[24.640s][info][gc,stats    ]      73 of   161 ms ( 45.3%): <total>
[24.640s][info][gc,stats    ]       0 of   161 ms (  0.3%): <average total>
[24.640s][info][gc,stats    ]      36 of   161 ms ( 22.6%): <average non-zero>
[24.640s][info][gc,stats    ] 
[24.640s][info][gc,metaspace] Metaspace: 64438K(65152K)->64438K(65152K) NonClass: 56199K(56576K)->56199K(56576K) Class: 8239K(8576K)->8239K(8576K)
[24.640s][info][gc,ergo     ] Pacer for Idle. Initial: 41943K, Alloc Tax Rate: 1.0x
[24.643s][info][gc          ] Trigger: Learning 4 of 5. Free (1361M) is below initial threshold (1433M)
[24.643s][info][gc,ergo     ] Free: 1360M, Max: 1024K regular, 344M humongous, Frag: 75% external, 0% internal; Reserve: 103M, Max: 1024K
[24.643s][info][gc,start    ] GC(32) Concurrent reset
[24.643s][info][gc,task     ] GC(32) Using 1 of 3 workers for concurrent reset
[24.643s][info][gc,ergo     ] GC(32) Pacer for Reset. Non-Taxable: 2048M
[24.645s][info][gc          ] GC(32) Concurrent reset 1.160ms
[24.645s][info][gc,start    ] GC(32) Pause Init Mark (unload classes)
[24.645s][info][gc,task     ] GC(32) Using 3 of 3 workers for init marking
[24.645s][info][gc,ergo     ] GC(32) Pacer for Mark. Expected Live: 170M, Free: 1356M, Non-Taxable: 135M, Alloc Tax Rate: 0.2x
[24.645s][info][gc          ] GC(32) Pause Init Mark (unload classes) 0.181ms
[24.645s][info][gc,start    ] GC(32) Concurrent marking roots
[24.645s][info][gc,task     ] GC(32) Using 1 of 3 workers for concurrent marking roots
[24.655s][info][gc          ] GC(32) Concurrent marking roots 10.258ms
[24.655s][info][gc,start    ] GC(32) Concurrent marking (unload classes)
[24.655s][info][gc,task     ] GC(32) Using 1 of 3 workers for concurrent marking
[24.784s][info][gc          ] GC(32) Concurrent marking (unload classes) 129.096ms
[24.784s][info][gc,start    ] GC(32) Pause Final Mark (unload classes)
[24.784s][info][gc,task     ] GC(32) Using 3 of 3 workers for final marking
[24.785s][info][gc,ergo     ] GC(32) Collectable Garbage: 396M (95%), Immediate: 396M (95%), CSet: 0B (0%)
[24.785s][info][gc          ] GC(32) Pause Final Mark (unload classes) 0.180ms
[24.785s][info][gc,start    ] GC(32) Concurrent weak references
[24.785s][info][gc,task     ] GC(32) Using 1 of 3 workers for concurrent weak references
[24.785s][info][gc,ref      ] GC(32) Encountered references: Soft: 2901, Weak: 5491, Final: 51, Phantom: 578
[24.785s][info][gc,ref      ] GC(32) Discovered  references: Soft: 0, Weak: 753, Final: 0, Phantom: 259
[24.785s][info][gc,ref      ] GC(32) Enqueued    references: Soft: 0, Weak: 0, Final: 0, Phantom: 0
[24.785s][info][gc          ] GC(32) Concurrent weak references 0.247ms
[24.785s][info][gc,start    ] GC(32) Concurrent weak roots
[24.785s][info][gc,task     ] GC(32) Using 1 of 3 workers for concurrent weak root
[24.787s][info][gc          ] GC(32) Concurrent weak roots 2.220ms
[24.787s][info][gc,start    ] GC(32) Concurrent cleanup
[24.787s][info][gc          ] GC(32) Concurrent cleanup 1034M->637M(2048M) 0.042ms
[24.787s][info][gc,ergo     ] GC(32) Free: 1303M, Max: 1024K regular, 426M humongous, Frag: 68% external, 0% internal; Reserve: 103M, Max: 1024K
[24.787s][info][gc,start    ] GC(32) Concurrent class unloading
[24.787s][info][gc,task     ] GC(32) Using 1 of 3 workers for concurrent class unloading
[24.795s][info][gc          ] GC(32) Concurrent class unloading 7.902ms
[24.795s][info][gc,start    ] GC(32) Pause Final Roots
[24.795s][info][gc          ] GC(32) Pause Final Roots 0.042ms
[24.795s][info][gc,ergo     ] Free: 1295M, Max: 1024K regular, 426M humongous, Frag: 68% external, 0% internal; Reserve: 103M, Max: 1024K
[24.795s][info][gc,stats    ] 
[24.795s][info][gc,stats    ] All times are wall-clock times, except per-root-class counters, that are sum over
[24.795s][info][gc,stats    ] all workers. Dividing the <total> over the root stage time estimates parallelism.
[24.795s][info][gc,stats    ] 
[24.795s][info][gc,stats    ] Concurrent Reset                   1177 us
[24.795s][info][gc,stats    ] Pause Init Mark (G)                 335 us
[24.795s][info][gc,stats    ] Pause Init Mark (N)                 198 us
[24.795s][info][gc,stats    ]   Update Region States               55 us
[24.795s][info][gc,stats    ] Concurrent Mark Roots             10316 us, parallelism: 0.98x
[24.796s][info][gc,stats    ]   CMR: <total>                    10109 us
[24.796s][info][gc,stats    ]   CMR: Thread Roots                9940 us, workers (us): 9940, ---, ---, 
[24.796s][info][gc,stats    ]   CMR: VM Strong Roots               17 us, workers (us):  17, ---, ---, 
[24.796s][info][gc,stats    ]   CMR: CLDG Roots                   152 us, workers (us): 152, ---, ---, 
[24.796s][info][gc,stats    ] Concurrent Marking               129145 us
[24.796s][info][gc,stats    ] Pause Final Mark (G)                286 us
[24.796s][info][gc,stats    ] Pause Final Mark (N)                188 us
[24.796s][info][gc,stats    ]   Finish Mark                        51 us
[24.796s][info][gc,stats    ]   Update Region States               37 us
[24.796s][info][gc,stats    ]   Choose Collection Set              33 us
[24.796s][info][gc,stats    ]   Rebuild Free Set                    8 us
[24.796s][info][gc,stats    ] Concurrent Weak References          256 us, parallelism: 0.35x
[24.796s][info][gc,stats    ]   CWRF: <total>                      89 us
[24.796s][info][gc,stats    ]   CWRF: Weak References              89 us, workers (us):  89, ---, ---, 
[24.796s][info][gc,stats    ] Concurrent Weak Roots              2257 us
[24.796s][info][gc,stats    ]   Roots                            2064 us, parallelism: 0.97x
[24.796s][info][gc,stats    ]     CWR: <total>                   2001 us
[24.796s][info][gc,stats    ]     CWR: Code Cache Roots          1638 us, workers (us): 1638, ---, ---, 
[24.796s][info][gc,stats    ]     CWR: VM Weak Roots              313 us, workers (us): 313, ---, ---, 
[24.796s][info][gc,stats    ]     CWR: CLDG Roots                  49 us, workers (us):  49, ---, ---, 
[24.796s][info][gc,stats    ]   Rendezvous                        136 us
[24.796s][info][gc,stats    ] Concurrent Cleanup                   51 us
[24.796s][info][gc,stats    ] Concurrent Class Unloading         7960 us
[24.796s][info][gc,stats    ]   Unlink Stale                     7313 us
[24.796s][info][gc,stats    ]     System Dictionary                43 us
[24.796s][info][gc,stats    ]     Weak Class Links                  0 us
[24.796s][info][gc,stats    ]     Code Roots                     7269 us
[24.796s][info][gc,stats    ]   Rendezvous                        142 us
[24.796s][info][gc,stats    ]   Purge Unlinked                    429 us
[24.796s][info][gc,stats    ]     Code Roots                      421 us
[24.796s][info][gc,stats    ]     CLDG                              7 us
[24.796s][info][gc,stats    ]     Exception Caches                  0 us
[24.796s][info][gc,stats    ] Pause Final Roots (G)               133 us
[24.796s][info][gc,stats    ] Pause Final Roots (N)                50 us
[24.796s][info][gc,stats    ] 
[24.796s][info][gc,stats    ] Allocation pacing accrued:
[24.796s][info][gc,stats    ]       0 of   156 ms (  0.0%): <total>
[24.796s][info][gc,stats    ]       0 of   156 ms (  0.0%): <average total>
[24.796s][info][gc,stats    ] 
[24.796s][info][gc,metaspace] Metaspace: 64438K(65152K)->64454K(65216K) NonClass: 56199K(56576K)->56213K(56640K) Class: 8239K(8576K)->8240K(8576K)
[24.796s][info][gc,ergo     ] Pacer for Idle. Initial: 41943K, Alloc Tax Rate: 1.0x
[24.797s][info][gc          ] Trigger: Learning 5 of 5. Free (1295M) is below initial threshold (1433M)
[24.797s][info][gc,ergo     ] Free: 1295M, Max: 1024K regular, 426M humongous, Frag: 68% external, 0% internal; Reserve: 103M, Max: 1024K
[24.797s][info][gc,start    ] GC(33) Concurrent reset
[24.797s][info][gc,task     ] GC(33) Using 1 of 3 workers for concurrent reset
[24.797s][info][gc,ergo     ] GC(33) Pacer for Reset. Non-Taxable: 2048M
[24.798s][info][gc          ] GC(33) Concurrent reset 1.040ms
[24.799s][info][gc,start    ] GC(33) Pause Init Mark (unload classes)
[24.799s][info][gc,task     ] GC(33) Using 3 of 3 workers for init marking
[24.799s][info][gc,ergo     ] GC(33) Pacer for Mark. Expected Live: 170M, Free: 1295M, Non-Taxable: 129M, Alloc Tax Rate: 0.2x
[24.799s][info][gc          ] GC(33) Pause Init Mark (unload classes) 0.120ms
[24.799s][info][gc,start    ] GC(33) Concurrent marking roots
[24.799s][info][gc,task     ] GC(33) Using 1 of 3 workers for concurrent marking roots
[24.810s][info][gc          ] GC(33) Concurrent marking roots 11.527ms
[24.810s][info][gc,start    ] GC(33) Concurrent marking (unload classes)
[24.810s][info][gc,task     ] GC(33) Using 1 of 3 workers for concurrent marking
[24.938s][info][gc          ] GC(33) Concurrent marking (unload classes) 127.564ms
[24.938s][info][gc,start    ] GC(33) Pause Final Mark (unload classes)
[24.938s][info][gc,task     ] GC(33) Using 3 of 3 workers for final marking
[24.938s][info][gc,ergo     ] GC(33) Collectable Garbage: 450M (94%), Immediate: 450M (94%), CSet: 0B (0%)
[24.938s][info][gc          ] GC(33) Pause Final Mark (unload classes) 0.286ms
[24.938s][info][gc,start    ] GC(33) Concurrent weak references
[24.938s][info][gc,task     ] GC(33) Using 1 of 3 workers for concurrent weak references
[24.939s][info][gc,ref      ] GC(33) Encountered references: Soft: 2915, Weak: 5591, Final: 51, Phantom: 578
[24.939s][info][gc,ref      ] GC(33) Discovered  references: Soft: 0, Weak: 717, Final: 0, Phantom: 254
[24.939s][info][gc,ref      ] GC(33) Enqueued    references: Soft: 0, Weak: 4, Final: 0, Phantom: 0
[24.939s][info][gc          ] GC(33) Concurrent weak references 0.182ms
[24.939s][info][gc,start    ] GC(33) Concurrent weak roots
[24.939s][info][gc,task     ] GC(33) Using 1 of 3 workers for concurrent weak root
[24.941s][info][gc          ] GC(33) Concurrent weak roots 2.711ms
[24.941s][info][gc,start    ] GC(33) Concurrent cleanup
[24.941s][info][gc          ] GC(33) Concurrent cleanup 657M->207M(2048M) 0.048ms
[24.941s][info][gc,ergo     ] GC(33) Free: 1733M, Max: 1024K regular, 884M humongous, Frag: 49% external, 0% internal; Reserve: 103M, Max: 1024K
[24.941s][info][gc,start    ] GC(33) Concurrent class unloading
[24.941s][info][gc,task     ] GC(33) Using 1 of 3 workers for concurrent class unloading
[24.949s][info][gc          ] GC(33) Concurrent class unloading 7.702ms
[24.949s][info][gc,start    ] GC(33) Pause Final Roots
[24.949s][info][gc          ] GC(33) Pause Final Roots 0.056ms
[24.949s][info][gc,ergo     ] Free: 1731M, Max: 1024K regular, 884M humongous, Frag: 49% external, 0% internal; Reserve: 103M, Max: 1024K
[24.949s][info][gc,stats    ] 
[24.949s][info][gc,stats    ] All times are wall-clock times, except per-root-class counters, that are sum over
[24.949s][info][gc,stats    ] all workers. Dividing the <total> over the root stage time estimates parallelism.
[24.949s][info][gc,stats    ] 
[24.949s][info][gc,stats    ] Concurrent Reset                   1099 us
[24.949s][info][gc,stats    ] Pause Init Mark (G)                 247 us
[24.949s][info][gc,stats    ] Pause Init Mark (N)                 127 us
[24.949s][info][gc,stats    ]   Update Region States               37 us
[24.949s][info][gc,stats    ] Concurrent Mark Roots             11592 us, parallelism: 0.98x
[24.949s][info][gc,stats    ]   CMR: <total>                    11359 us
[24.949s][info][gc,stats    ]   CMR: Thread Roots               11271 us, workers (us): 11271, ---, ---, 
[24.949s][info][gc,stats    ]   CMR: VM Strong Roots               12 us, workers (us):  12, ---, ---, 
[24.949s][info][gc,stats    ]   CMR: CLDG Roots                    76 us, workers (us):  76, ---, ---, 
[24.949s][info][gc,stats    ] Concurrent Marking               127643 us
[24.949s][info][gc,stats    ] Pause Final Mark (G)                379 us
[24.949s][info][gc,stats    ] Pause Final Mark (N)                295 us
[24.949s][info][gc,stats    ]   Finish Mark                       101 us
[24.949s][info][gc,stats    ]   Update Region States               40 us
[24.949s][info][gc,stats    ]   Choose Collection Set              70 us
[24.949s][info][gc,stats    ]   Rebuild Free Set                    8 us
[24.949s][info][gc,stats    ] Concurrent Weak References          190 us, parallelism: 0.31x
[24.949s][info][gc,stats    ]   CWRF: <total>                      59 us
[24.949s][info][gc,stats    ]   CWRF: Weak References              59 us, workers (us):  59, ---, ---, 
[24.949s][info][gc,stats    ] Concurrent Weak Roots              2759 us
[24.949s][info][gc,stats    ]   Roots                            2535 us, parallelism: 0.96x
[24.949s][info][gc,stats    ]     CWR: <total>                   2438 us
[24.950s][info][gc,stats    ]     CWR: Code Cache Roots          1850 us, workers (us): 1850, ---, ---, 
[24.950s][info][gc,stats    ]     CWR: VM Weak Roots              540 us, workers (us): 540, ---, ---, 
[24.950s][info][gc,stats    ]     CWR: CLDG Roots                  47 us, workers (us):  47, ---, ---, 
[24.950s][info][gc,stats    ]   Rendezvous                        157 us
[24.950s][info][gc,stats    ] Concurrent Cleanup                   57 us
[24.950s][info][gc,stats    ] Concurrent Class Unloading         7745 us
[24.950s][info][gc,stats    ]   Unlink Stale                     6967 us
[24.950s][info][gc,stats    ]     System Dictionary                53 us
[24.950s][info][gc,stats    ]     Weak Class Links                  0 us
[24.950s][info][gc,stats    ]     Code Roots                     6913 us
[24.950s][info][gc,stats    ]   Rendezvous                        201 us
[24.950s][info][gc,stats    ]   Purge Unlinked                    515 us
[24.950s][info][gc,stats    ]     Code Roots                      509 us
[24.950s][info][gc,stats    ]     CLDG                              5 us
[24.950s][info][gc,stats    ]     Exception Caches                  0 us
[24.950s][info][gc,stats    ] Pause Final Roots (G)               142 us
[24.950s][info][gc,stats    ] Pause Final Roots (N)                74 us
[24.950s][info][gc,stats    ] 
[24.950s][info][gc,stats    ] Allocation pacing accrued:
[24.950s][info][gc,stats    ]       0 of   154 ms (  0.0%): <total>
[24.950s][info][gc,stats    ]       0 of   154 ms (  0.0%): <average total>
[24.950s][info][gc,stats    ] 
[24.950s][info][gc,metaspace] Metaspace: 64462K(65216K)->64484K(65216K) NonClass: 56219K(56640K)->56242K(56640K) Class: 8242K(8576K)->8242K(8576K)
[24.950s][info][gc,ergo     ] Pacer for Idle. Initial: 41943K, Alloc Tax Rate: 1.0x
[24.954s][info][gc          ] Trigger: Explicit GC request (System.gc())
[24.954s][info][gc,ergo     ] Free: 1731M, Max: 1024K regular, 884M humongous, Frag: 49% external, 0% internal; Reserve: 103M, Max: 1024K
[24.954s][info][gc,start    ] GC(34) Concurrent reset
[24.954s][info][gc,task     ] GC(34) Using 1 of 3 workers for concurrent reset
[24.954s][info][gc,ergo     ] GC(34) Pacer for Reset. Non-Taxable: 2048M
[24.956s][info][gc          ] GC(34) Concurrent reset 1.273ms
[24.956s][info][gc,start    ] GC(34) Pause Init Mark (unload classes)
[24.956s][info][gc,task     ] GC(34) Using 3 of 3 workers for init marking
[24.956s][info][gc,ref      ] GC(34) Clearing All SoftReferences
[24.956s][info][gc,ergo     ] GC(34) Pacer for Mark. Expected Live: 170M, Free: 1731M, Non-Taxable: 173M, Alloc Tax Rate: 0.1x
[24.956s][info][gc          ] GC(34) Pause Init Mark (unload classes) 0.123ms
[24.956s][info][gc,start    ] GC(34) Concurrent marking roots
[24.956s][info][gc,task     ] GC(34) Using 1 of 3 workers for concurrent marking roots
[24.966s][info][gc          ] GC(34) Concurrent marking roots 9.657ms
[24.966s][info][gc,start    ] GC(34) Concurrent marking (unload classes)
[24.966s][info][gc,task     ] GC(34) Using 1 of 3 workers for concurrent marking
[25.092s][info][gc          ] GC(34) Concurrent marking (unload classes) 126.413ms
[25.092s][info][gc,start    ] GC(34) Pause Final Mark (unload classes)
[25.092s][info][gc,task     ] GC(34) Using 3 of 3 workers for final marking
[25.093s][info][gc,ergo     ] GC(34) Adaptive CSet Selection. Target Free: 290M, Actual Free: 1834M, Max CSet: 87381K, Min Garbage: 0B
[25.093s][info][gc,ergo     ] GC(34) Collectable Garbage: 37820K (92%), Immediate: 3828K (9%), CSet: 33991K (83%)
[25.093s][info][gc,ergo     ] GC(34) Pacer for Evacuation. Used CSet: 34816K, Free: 1736M, Non-Taxable: 173M, Alloc Tax Rate: 1.1x
[25.093s][info][gc          ] GC(34) Pause Final Mark (unload classes) 0.474ms
[25.093s][info][gc,start    ] GC(34) Concurrent thread roots
[25.093s][info][gc,task     ] GC(34) Using 1 of 3 workers for Concurrent thread roots
[25.102s][info][gc          ] GC(34) Concurrent thread roots 9.655ms
[25.102s][info][gc,start    ] GC(34) Concurrent weak references
[25.102s][info][gc,task     ] GC(34) Using 1 of 3 workers for concurrent weak references
[25.103s][info][gc,ref      ] GC(34) Encountered references: Soft: 2816, Weak: 5504, Final: 51, Phantom: 578
[25.103s][info][gc,ref      ] GC(34) Discovered  references: Soft: 652, Weak: 946, Final: 0, Phantom: 336
[25.103s][info][gc,ref      ] GC(34) Enqueued    references: Soft: 298, Weak: 161, Final: 0, Phantom: 0
[25.103s][info][gc          ] GC(34) Concurrent weak references 0.626ms
[25.103s][info][gc,start    ] GC(34) Concurrent weak roots
[25.103s][info][gc,task     ] GC(34) Using 1 of 3 workers for concurrent weak root
[25.106s][info][gc          ] GC(34) Concurrent weak roots 2.901ms
[25.106s][info][gc,start    ] GC(34) Concurrent cleanup
[25.106s][info][gc          ] GC(34) Concurrent cleanup 217M->213M(2048M) 0.036ms
[25.106s][info][gc,ergo     ] GC(34) Free: 1730M, Max: 1024K regular, 884M humongous, Frag: 49% external, 0% internal; Reserve: 102M, Max: 1024K
[25.106s][info][gc,start    ] GC(34) Concurrent class unloading
[25.106s][info][gc,task     ] GC(34) Using 1 of 3 workers for concurrent class unloading
[25.121s][info][gc          ] GC(34) Concurrent class unloading 15.393ms
[25.121s][info][gc,start    ] GC(34) Concurrent strong roots
[25.121s][info][gc,task     ] GC(34) Using 1 of 3 workers for concurrent strong root
[25.122s][info][gc          ] GC(34) Concurrent strong roots 0.423ms
[25.122s][info][gc,start    ] GC(34) Concurrent evacuation
[25.122s][info][gc,task     ] GC(34) Using 1 of 3 workers for concurrent evacuation
[25.122s][info][gc          ] GC(34) Concurrent evacuation 0.410ms
[25.122s][info][gc,start    ] GC(34) Pause Init Update Refs
[25.122s][info][gc,ergo     ] GC(34) Pacer for Update Refs. Used: 219M, Free: 1724M, Non-Taxable: 172M, Alloc Tax Rate: 1.1x
[25.122s][info][gc          ] GC(34) Pause Init Update Refs 0.058ms
[25.122s][info][gc,start    ] GC(34) Concurrent update references
[25.122s][info][gc,task     ] GC(34) Using 1 of 3 workers for concurrent reference update
[25.185s][info][gc          ] GC(34) Concurrent update references 62.310ms
[25.185s][info][gc,start    ] GC(34) Concurrent update thread roots
[25.195s][info][gc          ] GC(34) Concurrent update thread roots 10.486ms
[25.195s][info][gc,start    ] GC(34) Pause Final Update Refs
[25.195s][info][gc,task     ] GC(34) Using 3 of 3 workers for final reference update
[25.196s][info][gc          ] GC(34) Pause Final Update Refs 0.155ms
[25.196s][info][gc,start    ] GC(34) Concurrent cleanup
[25.196s][info][gc          ] GC(34) Concurrent cleanup 219M->185M(2048M) 0.078ms
[25.196s][info][gc,ergo     ] Free: 1757M, Max: 1024K regular, 1407M humongous, Frag: 20% external, 0% internal; Reserve: 103M, Max: 1024K
[25.196s][info][gc,stats    ] 
[25.196s][info][gc,stats    ] All times are wall-clock times, except per-root-class counters, that are sum over
[25.196s][info][gc,stats    ] all workers. Dividing the <total> over the root stage time estimates parallelism.
[25.196s][info][gc,stats    ] 
[25.196s][info][gc,stats    ] Concurrent Reset                   1345 us
[25.196s][info][gc,stats    ] Pause Init Mark (G)                 209 us
[25.196s][info][gc,stats    ] Pause Init Mark (N)                 138 us
[25.196s][info][gc,stats    ]   Update Region States               36 us
[25.196s][info][gc,stats    ] Concurrent Mark Roots              9704 us, parallelism: 0.97x
[25.196s][info][gc,stats    ]   CMR: <total>                     9438 us
[25.196s][info][gc,stats    ]   CMR: Thread Roots                9345 us, workers (us): 9345, ---, ---, 
[25.196s][info][gc,stats    ]   CMR: VM Strong Roots               16 us, workers (us):  16, ---, ---, 
[25.196s][info][gc,stats    ]   CMR: CLDG Roots                    77 us, workers (us):  77, ---, ---, 
[25.196s][info][gc,stats    ] Concurrent Marking               126487 us
[25.196s][info][gc,stats    ] Pause Final Mark (G)                566 us
[25.196s][info][gc,stats    ] Pause Final Mark (N)                482 us
[25.196s][info][gc,stats    ]   Finish Mark                       284 us
[25.196s][info][gc,stats    ]   Update Region States               51 us
[25.196s][info][gc,stats    ]   Choose Collection Set              53 us
[25.196s][info][gc,stats    ]   Rebuild Free Set                    8 us
[25.196s][info][gc,stats    ] Concurrent Thread Roots            9706 us, parallelism: 0.98x
[25.196s][info][gc,stats    ]   CTR: <total>                     9506 us
[25.196s][info][gc,stats    ]   CTR: Thread Roots                9506 us, workers (us): 9506, ---, ---, 
[25.196s][info][gc,stats    ] Concurrent Weak References          647 us, parallelism: 0.45x
[25.196s][info][gc,stats    ]   CWRF: <total>                     294 us
[25.196s][info][gc,stats    ]   CWRF: Weak References             294 us, workers (us): 294, ---, ---, 
[25.196s][info][gc,stats    ] Concurrent Weak Roots              2939 us
[25.196s][info][gc,stats    ]   Roots                            2721 us, parallelism: 0.96x
[25.196s][info][gc,stats    ]     CWR: <total>                   2617 us
[25.196s][info][gc,stats    ]     CWR: Code Cache Roots          1733 us, workers (us): 1733, ---, ---, 
[25.196s][info][gc,stats    ]     CWR: VM Weak Roots              832 us, workers (us): 832, ---, ---, 
[25.196s][info][gc,stats    ]     CWR: CLDG Roots                  52 us, workers (us):  52, ---, ---, 
[25.196s][info][gc,stats    ]   Rendezvous                        138 us
[25.196s][info][gc,stats    ] Concurrent Cleanup                   45 us
[25.196s][info][gc,stats    ] Concurrent Class Unloading        15440 us
[25.196s][info][gc,stats    ]   Unlink Stale                    14094 us
[25.196s][info][gc,stats    ]     System Dictionary               658 us
[25.196s][info][gc,stats    ]     Weak Class Links               5522 us
[25.196s][info][gc,stats    ]     Code Roots                     7911 us
[25.196s][info][gc,stats    ]   Rendezvous                        187 us
[25.196s][info][gc,stats    ]   Purge Unlinked                   1094 us
[25.196s][info][gc,stats    ]     Code Roots                      628 us
[25.196s][info][gc,stats    ]     CLDG                            465 us
[25.196s][info][gc,stats    ]     Exception Caches                  0 us
[25.196s][info][gc,stats    ] Concurrent Strong Roots             444 us, parallelism: 0.69x
[25.196s][info][gc,stats    ]   CSR: <total>                      309 us
[25.196s][info][gc,stats    ]   CSR: VM Strong Roots               15 us, workers (us):  15, ---, ---, 
[25.197s][info][gc,stats    ]   CSR: CLDG Roots                   293 us, workers (us): 293, ---, ---, 
[25.197s][info][gc,stats    ] Concurrent Evacuation               428 us
[25.197s][info][gc,stats    ] Pause Init Update Refs (G)          119 us
[25.197s][info][gc,stats    ] Pause Init Update Refs (N)           66 us
[25.197s][info][gc,stats    ]   Manage GCLABs                       8 us
[25.197s][info][gc,stats    ] Concurrent Update Refs            62392 us
[25.197s][info][gc,stats    ] Concurrent Update Thread Roots    10537 us
[25.197s][info][gc,stats    ] Pause Final Update Refs (G)         253 us
[25.197s][info][gc,stats    ] Pause Final Update Refs (N)         166 us
[25.197s][info][gc,stats    ]   Update Region States               68 us
[25.197s][info][gc,stats    ]   Trash Collection Set                4 us
[25.197s][info][gc,stats    ]   Rebuild Free Set                   22 us
[25.197s][info][gc,stats    ] Concurrent Cleanup                  105 us
[25.197s][info][gc,stats    ] 
[25.197s][info][gc,stats    ] Allocation pacing accrued:
[25.197s][info][gc,stats    ]       0 of   247 ms (  0.0%): <total>
[25.197s][info][gc,stats    ]       0 of   247 ms (  0.0%): <average total>
[25.197s][info][gc,stats    ] 
[25.197s][info][gc,metaspace] Metaspace: 64484K(65216K)->64173K(65280K) NonClass: 56242K(56640K)->55986K(56704K) Class: 8242K(8576K)->8187K(8576K)
[25.197s][info][gc,ergo     ] Pacer for Idle. Initial: 41943K, Alloc Tax Rate: 1.0x
[25.376s][info][gc          ] Trigger: Learning 2 of 5. Free (1402M) is below initial threshold (1433M)
[25.376s][info][gc,ergo     ] Free: 1402M, Max: 1024K regular, 1399M humongous, Frag: 0% external, 0% internal; Reserve: 103M, Max: 1024K
[25.376s][info][gc,start    ] GC(35) Concurrent reset
[25.376s][info][gc,task     ] GC(35) Using 1 of 3 workers for concurrent reset
[25.376s][info][gc,ergo     ] GC(35) Pacer for Reset. Non-Taxable: 2048M
[25.377s][info][gc          ] GC(35) Concurrent reset 0.899ms
[25.377s][info][gc,start    ] GC(35) Pause Init Mark (unload classes)
[25.377s][info][gc,task     ] GC(35) Using 3 of 3 workers for init marking
[25.377s][info][gc,ergo     ] GC(35) Pacer for Mark. Expected Live: 170M, Free: 1402M, Non-Taxable: 140M, Alloc Tax Rate: 0.1x
[25.378s][info][gc          ] GC(35) Pause Init Mark (unload classes) 0.182ms
[25.378s][info][gc,start    ] GC(35) Concurrent marking roots
[25.378s][info][gc,task     ] GC(35) Using 1 of 3 workers for concurrent marking roots
[25.388s][info][gc          ] GC(35) Concurrent marking roots 10.782ms
[25.388s][info][gc,start    ] GC(35) Concurrent marking (unload classes)
[25.388s][info][gc,task     ] GC(35) Using 1 of 3 workers for concurrent marking
[25.517s][info][gc          ] GC(35) Concurrent marking (unload classes) 128.711ms
[25.517s][info][gc,start    ] GC(35) Pause Final Mark (unload classes)
[25.517s][info][gc,task     ] GC(35) Using 3 of 3 workers for final marking
[25.517s][info][gc,ergo     ] GC(35) Adaptive CSet Selection. Target Free: 290M, Actual Free: 1410M, Max CSet: 87381K, Min Garbage: 0B
[25.518s][info][gc,ergo     ] GC(35) Collectable Garbage: 363M (99%), Immediate: 326M (88%), CSet: 38433K (10%)
[25.518s][info][gc,ergo     ] GC(35) Pacer for Evacuation. Used CSet: 40522K, Free: 1313M, Non-Taxable: 131M, Alloc Tax Rate: 1.1x
[25.518s][info][gc          ] GC(35) Pause Final Mark (unload classes) 0.279ms
[25.518s][info][gc,start    ] GC(35) Concurrent thread roots
[25.518s][info][gc,task     ] GC(35) Using 1 of 3 workers for Concurrent thread roots
[25.529s][info][gc          ] GC(35) Concurrent thread roots 11.256ms
[25.529s][info][gc,start    ] GC(35) Concurrent weak references
[25.529s][info][gc,task     ] GC(35) Using 1 of 3 workers for concurrent weak references
[25.529s][info][gc,ref      ] GC(35) Encountered references: Soft: 2900, Weak: 5643, Final: 51, Phantom: 578
[25.529s][info][gc,ref      ] GC(35) Discovered  references: Soft: 0, Weak: 874, Final: 0, Phantom: 336
[25.529s][info][gc,ref      ] GC(35) Enqueued    references: Soft: 0, Weak: 94, Final: 0, Phantom: 0
[25.529s][info][gc          ] GC(35) Concurrent weak references 0.258ms
[25.529s][info][gc,start    ] GC(35) Concurrent weak roots
[25.529s][info][gc,task     ] GC(35) Using 1 of 3 workers for concurrent weak root
[25.532s][info][gc          ] GC(35) Concurrent weak roots 2.967ms
[25.532s][info][gc,start    ] GC(35) Concurrent cleanup
[25.532s][info][gc          ] GC(35) Concurrent cleanup 999M->673M(2048M) 0.055ms
[25.532s][info][gc,ergo     ] GC(35) Free: 1269M, Max: 1024K regular, 937M humongous, Frag: 26% external, 0% internal; Reserve: 102M, Max: 1024K
[25.532s][info][gc,start    ] GC(35) Concurrent class unloading
[25.532s][info][gc,task     ] GC(35) Using 1 of 3 workers for concurrent class unloading
[25.548s][info][gc          ] GC(35) Concurrent class unloading 16.097ms
[25.548s][info][gc,start    ] GC(35) Concurrent strong roots
[25.548s][info][gc,task     ] GC(35) Using 1 of 3 workers for concurrent strong root
[25.549s][info][gc          ] GC(35) Concurrent strong roots 0.405ms
[25.549s][info][gc,start    ] GC(35) Concurrent evacuation
[25.549s][info][gc,task     ] GC(35) Using 1 of 3 workers for concurrent evacuation
[25.550s][info][gc          ] GC(35) Concurrent evacuation 1.133ms
[25.550s][info][gc,start    ] GC(35) Pause Init Update Refs
[25.550s][info][gc,ergo     ] GC(35) Pacer for Update Refs. Used: 725M, Free: 1220M, Non-Taxable: 122M, Alloc Tax Rate: 1.1x
[25.550s][info][gc          ] GC(35) Pause Init Update Refs 0.068ms
[25.550s][info][gc,start    ] GC(35) Concurrent update references
[25.550s][info][gc,task     ] GC(35) Using 1 of 3 workers for concurrent reference update
[25.723s][info][gc          ] GC(35) Concurrent update references 172.364ms
[25.723s][info][gc,start    ] GC(35) Concurrent update thread roots
[25.733s][info][gc          ] GC(35) Concurrent update thread roots 9.860ms
[25.733s][info][gc,start    ] GC(35) Pause Final Update Refs
[25.733s][info][gc,task     ] GC(35) Using 3 of 3 workers for final reference update
[25.733s][info][gc          ] GC(35) Pause Final Update Refs 0.154ms
[25.733s][info][gc,start    ] GC(35) Concurrent cleanup
[25.733s][info][gc          ] GC(35) Concurrent cleanup 1233M->1193M(2048M) 0.039ms
[25.733s][info][gc,ergo     ] Free: 749M, Max: 1024K regular, 707M humongous, Frag: 6% external, 0% internal; Reserve: 103M, Max: 1024K
[25.733s][info][gc,stats    ] 
[25.733s][info][gc,stats    ] All times are wall-clock times, except per-root-class counters, that are sum over
[25.733s][info][gc,stats    ] all workers. Dividing the <total> over the root stage time estimates parallelism.
[25.733s][info][gc,stats    ] 
[25.733s][info][gc,stats    ] Concurrent Reset                    919 us
[25.733s][info][gc,stats    ] Pause Init Mark (G)                 329 us
[25.733s][info][gc,stats    ] Pause Init Mark (N)                 199 us
[25.733s][info][gc,stats    ]   Update Region States               70 us
[25.733s][info][gc,stats    ] Concurrent Mark Roots             10823 us, parallelism: 0.98x
[25.733s][info][gc,stats    ]   CMR: <total>                    10645 us
[25.733s][info][gc,stats    ]   CMR: Thread Roots               10552 us, workers (us): 10552, ---, ---, 
[25.733s][info][gc,stats    ]   CMR: VM Strong Roots               18 us, workers (us):  18, ---, ---, 
[25.733s][info][gc,stats    ]   CMR: CLDG Roots                    74 us, workers (us):  74, ---, ---, 
[25.733s][info][gc,stats    ] Concurrent Marking               128779 us
[25.733s][info][gc,stats    ] Pause Final Mark (G)                459 us
[25.733s][info][gc,stats    ] Pause Final Mark (N)                287 us
[25.733s][info][gc,stats    ]   Finish Mark                        55 us
[25.733s][info][gc,stats    ]   Update Region States               53 us
[25.733s][info][gc,stats    ]   Choose Collection Set              75 us
[25.733s][info][gc,stats    ]   Rebuild Free Set                    7 us
[25.733s][info][gc,stats    ] Concurrent Thread Roots           11278 us, parallelism: 0.99x
[25.733s][info][gc,stats    ]   CTR: <total>                    11186 us
[25.733s][info][gc,stats    ]   CTR: Thread Roots               11186 us, workers (us): 11186, ---, ---, 
[25.733s][info][gc,stats    ] Concurrent Weak References          274 us, parallelism: 0.53x
[25.733s][info][gc,stats    ]   CWRF: <total>                     145 us
[25.733s][info][gc,stats    ]   CWRF: Weak References             145 us, workers (us): 145, ---, ---, 
[25.733s][info][gc,stats    ] Concurrent Weak Roots              3023 us
[25.733s][info][gc,stats    ]   Roots                            2779 us, parallelism: 0.98x
[25.733s][info][gc,stats    ]     CWR: <total>                   2731 us
[25.733s][info][gc,stats    ]     CWR: Code Cache Roots          2066 us, workers (us): 2066, ---, ---, 
[25.733s][info][gc,stats    ]     CWR: VM Weak Roots              596 us, workers (us): 596, ---, ---, 
[25.733s][info][gc,stats    ]     CWR: CLDG Roots                  69 us, workers (us):  69, ---, ---, 
[25.733s][info][gc,stats    ]   Rendezvous                        149 us
[25.733s][info][gc,stats    ] Concurrent Cleanup                   64 us
[25.733s][info][gc,stats    ] Concurrent Class Unloading        16151 us
[25.733s][info][gc,stats    ]   Unlink Stale                    15430 us
[25.733s][info][gc,stats    ]     System Dictionary               257 us
[25.733s][info][gc,stats    ]     Weak Class Links               6971 us
[25.733s][info][gc,stats    ]     Code Roots                     8200 us
[25.733s][info][gc,stats    ]   Rendezvous                        187 us
[25.733s][info][gc,stats    ]   Purge Unlinked                    460 us
[25.733s][info][gc,stats    ]     Code Roots                      437 us
[25.733s][info][gc,stats    ]     CLDG                             22 us
[25.733s][info][gc,stats    ]     Exception Caches                  0 us
[25.734s][info][gc,stats    ] Concurrent Strong Roots             430 us, parallelism: 0.59x
[25.734s][info][gc,stats    ]   CSR: <total>                      254 us
[25.734s][info][gc,stats    ]   CSR: VM Strong Roots               14 us, workers (us):  14, ---, ---, 
[25.734s][info][gc,stats    ]   CSR: CLDG Roots                   239 us, workers (us): 239, ---, ---, 
[25.734s][info][gc,stats    ] Concurrent Evacuation              1142 us
[25.734s][info][gc,stats    ] Pause Init Update Refs (G)          240 us
[25.734s][info][gc,stats    ] Pause Init Update Refs (N)           76 us
[25.734s][info][gc,stats    ]   Manage GCLABs                      11 us
[25.734s][info][gc,stats    ] Concurrent Update Refs           172433 us
[25.734s][info][gc,stats    ] Concurrent Update Thread Roots     9914 us
[25.734s][info][gc,stats    ] Pause Final Update Refs (G)         240 us
[25.734s][info][gc,stats    ] Pause Final Update Refs (N)         169 us
[25.734s][info][gc,stats    ]   Update Region States               61 us
[25.734s][info][gc,stats    ]   Trash Collection Set                4 us
[25.734s][info][gc,stats    ]   Rebuild Free Set                   19 us
[25.734s][info][gc,stats    ] Concurrent Cleanup                   57 us
[25.734s][info][gc,stats    ] Pacing                            40301 us
[25.734s][info][gc,stats    ] 
[25.734s][info][gc,stats    ] Allocation pacing accrued:
[25.734s][info][gc,stats    ]      20 of   537 ms (  3.8%): Executor task launch worker for task 1.0 in stage 19.0 (TID 32)
[25.734s][info][gc,stats    ]      20 of   537 ms (  3.7%): Executor task launch worker for task 0.0 in stage 19.0 (TID 31)
[25.734s][info][gc,stats    ]      40 of   537 ms (  7.5%): <total>
[25.734s][info][gc,stats    ]       0 of   537 ms (  0.0%): <average total>
[25.734s][info][gc,stats    ]      20 of   537 ms (  3.8%): <average non-zero>
[25.734s][info][gc,stats    ] 
[25.734s][info][gc,metaspace] Metaspace: 64543K(65280K)->64541K(65280K) NonClass: 56303K(56704K)->56302K(56704K) Class: 8240K(8576K)->8239K(8576K)
[25.734s][info][gc,ergo     ] Pacer for Idle. Initial: 41943K, Alloc Tax Rate: 1.0x
[25.737s][info][gc          ] Trigger: Learning 3 of 5. Free (734M) is below initial threshold (1433M)
[25.737s][info][gc,ergo     ] Free: 734M, Max: 1024K regular, 707M humongous, Frag: 4% external, 0% internal; Reserve: 103M, Max: 1024K
[25.737s][info][gc,start    ] GC(36) Concurrent reset
[25.737s][info][gc,task     ] GC(36) Using 1 of 3 workers for concurrent reset
[25.737s][info][gc,ergo     ] GC(36) Pacer for Reset. Non-Taxable: 2048M
[25.738s][info][gc          ] GC(36) Concurrent reset 0.931ms
[25.738s][info][gc,start    ] GC(36) Pause Init Mark (unload classes)
[25.738s][info][gc,task     ] GC(36) Using 3 of 3 workers for init marking
[25.738s][info][gc,ergo     ] GC(36) Pacer for Mark. Expected Live: 170M, Free: 731M, Non-Taxable: 74918K, Alloc Tax Rate: 0.3x
[25.738s][info][gc          ] GC(36) Pause Init Mark (unload classes) 0.144ms
[25.738s][info][gc,start    ] GC(36) Concurrent marking roots
[25.738s][info][gc,task     ] GC(36) Using 1 of 3 workers for concurrent marking roots
[25.749s][info][gc          ] GC(36) Concurrent marking roots 10.841ms
[25.749s][info][gc,start    ] GC(36) Concurrent marking (unload classes)
[25.749s][info][gc,task     ] GC(36) Using 1 of 3 workers for concurrent marking
[25.879s][info][gc          ] GC(36) Concurrent marking (unload classes) 129.372ms
[25.879s][info][gc,start    ] GC(36) Pause Final Mark (unload classes)
[25.879s][info][gc,task     ] GC(36) Using 3 of 3 workers for final marking
[25.879s][info][gc,ergo     ] GC(36) Collectable Garbage: 1020M (97%), Immediate: 1020M (97%), CSet: 0B (0%)
[25.879s][info][gc          ] GC(36) Pause Final Mark (unload classes) 0.309ms
[25.879s][info][gc,start    ] GC(36) Concurrent weak references
[25.879s][info][gc,task     ] GC(36) Using 1 of 3 workers for concurrent weak references
[25.879s][info][gc,ref      ] GC(36) Encountered references: Soft: 2900, Weak: 5557, Final: 51, Phantom: 578
[25.879s][info][gc,ref      ] GC(36) Discovered  references: Soft: 0, Weak: 3036, Final: 0, Phantom: 259
[25.879s][info][gc,ref      ] GC(36) Enqueued    references: Soft: 0, Weak: 21, Final: 0, Phantom: 0
[25.879s][info][gc          ] GC(36) Concurrent weak references 0.392ms
[25.880s][info][gc,start    ] GC(36) Concurrent weak roots
[25.880s][info][gc,task     ] GC(36) Using 1 of 3 workers for concurrent weak root
[25.882s][info][gc          ] GC(36) Concurrent weak roots 2.546ms
[25.882s][info][gc,start    ] GC(36) Concurrent cleanup
[25.882s][info][gc          ] GC(36) Concurrent cleanup 1621M->601M(2048M) 0.127ms
[25.882s][info][gc,ergo     ] GC(36) Free: 1340M, Max: 1024K regular, 449M humongous, Frag: 67% external, 0% internal; Reserve: 103M, Max: 1024K
[25.882s][info][gc,start    ] GC(36) Concurrent class unloading
[25.882s][info][gc,task     ] GC(36) Using 1 of 3 workers for concurrent class unloading
[25.891s][info][gc          ] GC(36) Concurrent class unloading 8.262ms
[25.891s][info][gc,start    ] GC(36) Pause Final Roots
[25.891s][info][gc          ] GC(36) Pause Final Roots 0.046ms
[25.891s][info][gc,ergo     ] Free: 1309M, Max: 1024K regular, 449M humongous, Frag: 66% external, 0% internal; Reserve: 103M, Max: 1024K
[25.891s][info][gc,stats    ] 
[25.891s][info][gc,stats    ] All times are wall-clock times, except per-root-class counters, that are sum over
[25.891s][info][gc,stats    ] all workers. Dividing the <total> over the root stage time estimates parallelism.
[25.891s][info][gc,stats    ] 
[25.891s][info][gc,stats    ] Concurrent Reset                    995 us
[25.891s][info][gc,stats    ] Pause Init Mark (G)                 259 us
[25.891s][info][gc,stats    ] Pause Init Mark (N)                 160 us
[25.891s][info][gc,stats    ]   Update Region States               46 us
[25.891s][info][gc,stats    ] Concurrent Mark Roots             10870 us, parallelism: 0.99x
[25.891s][info][gc,stats    ]   CMR: <total>                    10714 us
[25.891s][info][gc,stats    ]   CMR: Thread Roots               10575 us, workers (us): 10575, ---, ---, 
[25.891s][info][gc,stats    ]   CMR: VM Strong Roots               19 us, workers (us):  19, ---, ---, 
[25.891s][info][gc,stats    ]   CMR: CLDG Roots                   121 us, workers (us): 121, ---, ---, 
[25.891s][info][gc,stats    ] Concurrent Marking               129448 us
[25.891s][info][gc,stats    ] Pause Final Mark (G)                502 us
[25.891s][info][gc,stats    ] Pause Final Mark (N)                329 us
[25.891s][info][gc,stats    ]   Finish Mark                        96 us
[25.891s][info][gc,stats    ]   Update Region States               45 us
[25.891s][info][gc,stats    ]   Choose Collection Set              64 us
[25.891s][info][gc,stats    ]   Rebuild Free Set                   17 us
[25.891s][info][gc,stats    ] Concurrent Weak References          400 us, parallelism: 0.79x
[25.891s][info][gc,stats    ]   CWRF: <total>                     315 us
[25.891s][info][gc,stats    ]   CWRF: Weak References             315 us, workers (us): 315, ---, ---, 
[25.891s][info][gc,stats    ] Concurrent Weak Roots              2566 us
[25.891s][info][gc,stats    ]   Roots                            2378 us, parallelism: 0.98x
[25.891s][info][gc,stats    ]     CWR: <total>                   2336 us
[25.891s][info][gc,stats    ]     CWR: Code Cache Roots          1887 us, workers (us): 1887, ---, ---, 
[25.891s][info][gc,stats    ]     CWR: VM Weak Roots              403 us, workers (us): 403, ---, ---, 
[25.891s][info][gc,stats    ]     CWR: CLDG Roots                  46 us, workers (us):  46, ---, ---, 
[25.891s][info][gc,stats    ]   Rendezvous                        153 us
[25.891s][info][gc,stats    ] Concurrent Cleanup                  144 us
[25.891s][info][gc,stats    ] Concurrent Class Unloading         8288 us
[25.891s][info][gc,stats    ]   Unlink Stale                     7679 us
[25.891s][info][gc,stats    ]     System Dictionary                61 us
[25.891s][info][gc,stats    ]     Weak Class Links                  0 us
[25.891s][info][gc,stats    ]     Code Roots                     7617 us
[25.891s][info][gc,stats    ]   Rendezvous                        144 us
[25.891s][info][gc,stats    ]   Purge Unlinked                    408 us
[25.891s][info][gc,stats    ]     Code Roots                      402 us
[25.891s][info][gc,stats    ]     CLDG                              6 us
[25.891s][info][gc,stats    ]     Exception Caches                  0 us
[25.891s][info][gc,stats    ] Pause Final Roots (G)               138 us
[25.891s][info][gc,stats    ] Pause Final Roots (N)                55 us
[25.891s][info][gc,stats    ] Pacing                            38474 us
[25.891s][info][gc,stats    ] 
[25.891s][info][gc,stats    ] Allocation pacing accrued:
[25.891s][info][gc,stats    ]      20 of   158 ms ( 12.6%): Executor task launch worker for task 1.0 in stage 19.0 (TID 32)
[25.891s][info][gc,stats    ]      19 of   158 ms ( 11.8%): Executor task launch worker for task 0.0 in stage 19.0 (TID 31)
[25.891s][info][gc,stats    ]      38 of   158 ms ( 24.4%): <total>
[25.891s][info][gc,stats    ]       0 of   158 ms (  0.1%): <average total>
[25.891s][info][gc,stats    ]      19 of   158 ms ( 12.2%): <average non-zero>
[25.891s][info][gc,stats    ] 
[25.892s][info][gc,metaspace] Metaspace: 64541K(65280K)->64702K(65408K) NonClass: 56302K(56704K)->56440K(56832K) Class: 8239K(8576K)->8262K(8576K)
[25.892s][info][gc,ergo     ] Pacer for Idle. Initial: 41943K, Alloc Tax Rate: 1.0x
[25.894s][info][gc          ] Trigger: Learning 4 of 5. Free (1297M) is below initial threshold (1433M)
[25.894s][info][gc,ergo     ] Free: 1297M, Max: 1024K regular, 449M humongous, Frag: 66% external, 0% internal; Reserve: 103M, Max: 1024K
[25.894s][info][gc,start    ] GC(37) Concurrent reset
[25.894s][info][gc,task     ] GC(37) Using 1 of 3 workers for concurrent reset
[25.894s][info][gc,ergo     ] GC(37) Pacer for Reset. Non-Taxable: 2048M
[25.895s][info][gc          ] GC(37) Concurrent reset 1.034ms
[25.895s][info][gc,start    ] GC(37) Pause Init Mark (unload classes)
[25.895s][info][gc,task     ] GC(37) Using 3 of 3 workers for init marking
[25.895s][info][gc,ergo     ] GC(37) Pacer for Mark. Expected Live: 170M, Free: 1293M, Non-Taxable: 129M, Alloc Tax Rate: 0.2x
[25.895s][info][gc          ] GC(37) Pause Init Mark (unload classes) 0.176ms
[25.895s][info][gc,start    ] GC(37) Concurrent marking roots
[25.895s][info][gc,task     ] GC(37) Using 1 of 3 workers for concurrent marking roots
[25.906s][info][gc          ] GC(37) Concurrent marking roots 10.982ms
[25.906s][info][gc,start    ] GC(37) Concurrent marking (unload classes)
[25.906s][info][gc,task     ] GC(37) Using 1 of 3 workers for concurrent marking
[26.036s][info][gc          ] GC(37) Concurrent marking (unload classes) 129.252ms
[26.036s][info][gc,start    ] GC(37) Pause Final Mark (unload classes)
[26.036s][info][gc,task     ] GC(37) Using 3 of 3 workers for final marking
[26.036s][info][gc,ergo     ] GC(37) Collectable Garbage: 453M (94%), Immediate: 453M (94%), CSet: 0B (0%)
[26.036s][info][gc          ] GC(37) Pause Final Mark (unload classes) 0.162ms
[26.036s][info][gc,start    ] GC(37) Concurrent weak references
[26.036s][info][gc,task     ] GC(37) Using 1 of 3 workers for concurrent weak references
[26.036s][info][gc,ref      ] GC(37) Encountered references: Soft: 2915, Weak: 5589, Final: 51, Phantom: 594
[26.036s][info][gc,ref      ] GC(37) Discovered  references: Soft: 0, Weak: 729, Final: 0, Phantom: 275
[26.036s][info][gc,ref      ] GC(37) Enqueued    references: Soft: 0, Weak: 18, Final: 0, Phantom: 15
[26.036s][info][gc          ] GC(37) Concurrent weak references 0.144ms
[26.036s][info][gc,start    ] GC(37) Concurrent weak roots
[26.036s][info][gc,task     ] GC(37) Using 1 of 3 workers for concurrent weak root
[26.038s][info][gc          ] GC(37) Concurrent weak roots 2.086ms
[26.038s][info][gc,start    ] GC(37) Concurrent cleanup
[26.038s][info][gc          ] GC(37) Concurrent cleanup 1108M->654M(2048M) 0.051ms
[26.038s][info][gc,ergo     ] GC(37) Free: 1285M, Max: 1024K regular, 324M humongous, Frag: 75% external, 0% internal; Reserve: 103M, Max: 1024K
[26.038s][info][gc,start    ] GC(37) Concurrent class unloading
[26.038s][info][gc,task     ] GC(37) Using 1 of 3 workers for concurrent class unloading
[26.047s][info][gc          ] GC(37) Concurrent class unloading 8.246ms
[26.047s][info][gc,start    ] GC(37) Pause Final Roots
[26.047s][info][gc          ] GC(37) Pause Final Roots 0.022ms
[26.047s][info][gc,ergo     ] Free: 1283M, Max: 1024K regular, 324M humongous, Frag: 75% external, 0% internal; Reserve: 103M, Max: 1024K
[26.047s][info][gc,stats    ] 
[26.047s][info][gc,stats    ] All times are wall-clock times, except per-root-class counters, that are sum over
[26.047s][info][gc,stats    ] all workers. Dividing the <total> over the root stage time estimates parallelism.
[26.047s][info][gc,stats    ] 
[26.047s][info][gc,stats    ] Concurrent Reset                   1052 us
[26.047s][info][gc,stats    ] Pause Init Mark (G)                 322 us
[26.047s][info][gc,stats    ] Pause Init Mark (N)                 200 us
[26.047s][info][gc,stats    ]   Update Region States               51 us
[26.047s][info][gc,stats    ] Concurrent Mark Roots             11009 us, parallelism: 0.99x
[26.047s][info][gc,stats    ]   CMR: <total>                    10867 us
[26.047s][info][gc,stats    ]   CMR: Thread Roots               10686 us, workers (us): 10686, ---, ---, 
[26.047s][info][gc,stats    ]   CMR: VM Strong Roots               18 us, workers (us):  18, ---, ---, 
[26.047s][info][gc,stats    ]   CMR: CLDG Roots                   164 us, workers (us): 164, ---, ---, 
[26.047s][info][gc,stats    ] Concurrent Marking               129296 us
[26.047s][info][gc,stats    ] Pause Final Mark (G)                234 us
[26.047s][info][gc,stats    ] Pause Final Mark (N)                170 us
[26.047s][info][gc,stats    ]   Finish Mark                        44 us
[26.047s][info][gc,stats    ]   Update Region States               31 us
[26.047s][info][gc,stats    ]   Choose Collection Set              27 us
[26.047s][info][gc,stats    ]   Rebuild Free Set                    8 us
[26.047s][info][gc,stats    ] Concurrent Weak References          152 us, parallelism: 0.39x
[26.047s][info][gc,stats    ]   CWRF: <total>                      59 us
[26.047s][info][gc,stats    ]   CWRF: Weak References              59 us, workers (us):  59, ---, ---, 
[26.047s][info][gc,stats    ] Concurrent Weak Roots              2132 us
[26.047s][info][gc,stats    ]   Roots                            1945 us, parallelism: 0.98x
[26.047s][info][gc,stats    ]     CWR: <total>                   1901 us
[26.047s][info][gc,stats    ]     CWR: Code Cache Roots          1556 us, workers (us): 1556, ---, ---, 
[26.047s][info][gc,stats    ]     CWR: VM Weak Roots              302 us, workers (us): 302, ---, ---, 
[26.047s][info][gc,stats    ]     CWR: CLDG Roots                  43 us, workers (us):  43, ---, ---, 
[26.047s][info][gc,stats    ]   Rendezvous                        124 us
[26.047s][info][gc,stats    ] Concurrent Cleanup                   59 us
[26.047s][info][gc,stats    ] Concurrent Class Unloading         8293 us
[26.047s][info][gc,stats    ]   Unlink Stale                     7707 us
[26.047s][info][gc,stats    ]     System Dictionary                65 us
[26.047s][info][gc,stats    ]     Weak Class Links                  0 us
[26.047s][info][gc,stats    ]     Code Roots                     7640 us
[26.047s][info][gc,stats    ]   Rendezvous                        113 us
[26.047s][info][gc,stats    ]   Purge Unlinked                    409 us
[26.047s][info][gc,stats    ]     Code Roots                      402 us
[26.047s][info][gc,stats    ]     CLDG                              6 us
[26.047s][info][gc,stats    ]     Exception Caches                  0 us
[26.047s][info][gc,stats    ] Pause Final Roots (G)               104 us
[26.047s][info][gc,stats    ] Pause Final Roots (N)                31 us
[26.047s][info][gc,stats    ] 
[26.047s][info][gc,stats    ] Allocation pacing accrued:
[26.047s][info][gc,stats    ]       0 of   156 ms (  0.0%): <total>
[26.047s][info][gc,stats    ]       0 of   156 ms (  0.0%): <average total>
[26.047s][info][gc,stats    ] 
[26.047s][info][gc,metaspace] Metaspace: 64702K(65408K)->64737K(65472K) NonClass: 56440K(56832K)->56471K(56896K) Class: 8262K(8576K)->8265K(8576K)
[26.047s][info][gc,ergo     ] Pacer for Idle. Initial: 41943K, Alloc Tax Rate: 1.0x
[26.050s][info][gc          ] Trigger: Learning 5 of 5. Free (1283M) is below initial threshold (1433M)
[26.050s][info][gc,ergo     ] Free: 1283M, Max: 1024K regular, 324M humongous, Frag: 75% external, 0% internal; Reserve: 103M, Max: 1024K
[26.050s][info][gc,start    ] GC(38) Concurrent reset
[26.050s][info][gc,task     ] GC(38) Using 1 of 3 workers for concurrent reset
[26.050s][info][gc,ergo     ] GC(38) Pacer for Reset. Non-Taxable: 2048M
[26.051s][info][gc          ] GC(38) Concurrent reset 0.897ms
[26.051s][info][gc,start    ] GC(38) Pause Init Mark (unload classes)
[26.051s][info][gc,task     ] GC(38) Using 3 of 3 workers for init marking
[26.051s][info][gc,ergo     ] GC(38) Pacer for Mark. Expected Live: 170M, Free: 1283M, Non-Taxable: 128M, Alloc Tax Rate: 0.2x
[26.051s][info][gc          ] GC(38) Pause Init Mark (unload classes) 0.155ms
[26.052s][info][gc,start    ] GC(38) Concurrent marking roots
[26.052s][info][gc,task     ] GC(38) Using 1 of 3 workers for concurrent marking roots
[26.068s][info][gc          ] GC(38) Concurrent marking roots 16.080ms
[26.068s][info][gc,start    ] GC(38) Concurrent marking (unload classes)
[26.068s][info][gc,task     ] GC(38) Using 1 of 3 workers for concurrent marking
[26.196s][info][gc          ] GC(38) Concurrent marking (unload classes) 128.082ms
[26.196s][info][gc,start    ] GC(38) Pause Final Mark (unload classes)
[26.196s][info][gc,task     ] GC(38) Using 3 of 3 workers for final marking
[26.196s][info][gc,ergo     ] GC(38) Collectable Garbage: 458M (94%), Immediate: 458M (94%), CSet: 0B (0%)
[26.196s][info][gc          ] GC(38) Pause Final Mark (unload classes) 0.330ms
[26.196s][info][gc,start    ] GC(38) Concurrent weak references
[26.196s][info][gc,task     ] GC(38) Using 1 of 3 workers for concurrent weak references
[26.196s][info][gc,ref      ] GC(38) Encountered references: Soft: 2929, Weak: 5672, Final: 51, Phantom: 579
[26.196s][info][gc,ref      ] GC(38) Discovered  references: Soft: 0, Weak: 726, Final: 0, Phantom: 260
[26.196s][info][gc,ref      ] GC(38) Enqueued    references: Soft: 0, Weak: 4, Final: 0, Phantom: 0
[26.197s][info][gc          ] GC(38) Concurrent weak references 0.227ms
[26.197s][info][gc,start    ] GC(38) Concurrent weak roots
[26.197s][info][gc,task     ] GC(38) Using 1 of 3 workers for concurrent weak root
[26.199s][info][gc          ] GC(38) Concurrent weak roots 2.563ms
[26.199s][info][gc,start    ] GC(38) Concurrent cleanup
[26.199s][info][gc          ] GC(38) Concurrent cleanup 670M->212M(2048M) 0.048ms
[26.199s][info][gc,ergo     ] GC(38) Free: 1728M, Max: 1024K regular, 632M humongous, Frag: 64% external, 0% internal; Reserve: 103M, Max: 1024K
[26.199s][info][gc,start    ] GC(38) Concurrent class unloading
[26.199s][info][gc,task     ] GC(38) Using 1 of 3 workers for concurrent class unloading
[26.207s][info][gc          ] GC(38) Concurrent class unloading 8.033ms
[26.207s][info][gc,start    ] GC(38) Pause Final Roots
[26.207s][info][gc          ] GC(38) Pause Final Roots 0.071ms
[26.208s][info][gc,ergo     ] Free: 1726M, Max: 1024K regular, 632M humongous, Frag: 64% external, 0% internal; Reserve: 103M, Max: 1024K
[26.208s][info][gc,stats    ] 
[26.208s][info][gc,stats    ] All times are wall-clock times, except per-root-class counters, that are sum over
[26.208s][info][gc,stats    ] all workers. Dividing the <total> over the root stage time estimates parallelism.
[26.208s][info][gc,stats    ] 
[26.208s][info][gc,stats    ] Concurrent Reset                    965 us
[26.208s][info][gc,stats    ] Pause Init Mark (G)                 266 us
[26.208s][info][gc,stats    ] Pause Init Mark (N)                 170 us
[26.208s][info][gc,stats    ]   Update Region States               48 us
[26.208s][info][gc,stats    ] Concurrent Mark Roots             16138 us, parallelism: 0.98x
[26.208s][info][gc,stats    ]   CMR: <total>                    15839 us
[26.208s][info][gc,stats    ]   CMR: Thread Roots               15737 us, workers (us): 15737, ---, ---, 
[26.208s][info][gc,stats    ]   CMR: VM Strong Roots                9 us, workers (us):   9, ---, ---, 
[26.208s][info][gc,stats    ]   CMR: CLDG Roots                    93 us, workers (us):  93, ---, ---, 
[26.208s][info][gc,stats    ] Concurrent Marking               128160 us
[26.208s][info][gc,stats    ] Pause Final Mark (G)                439 us
[26.208s][info][gc,stats    ] Pause Final Mark (N)                340 us
[26.208s][info][gc,stats    ]   Finish Mark                       128 us
[26.208s][info][gc,stats    ]   Update Region States               85 us
[26.208s][info][gc,stats    ]   Choose Collection Set              40 us
[26.208s][info][gc,stats    ]   Rebuild Free Set                    8 us
[26.208s][info][gc,stats    ] Concurrent Weak References          235 us, parallelism: 0.22x
[26.208s][info][gc,stats    ]   CWRF: <total>                      52 us
[26.208s][info][gc,stats    ]   CWRF: Weak References              52 us, workers (us):  52, ---, ---, 
[26.208s][info][gc,stats    ] Concurrent Weak Roots              2612 us
[26.208s][info][gc,stats    ]   Roots                            2403 us, parallelism: 0.98x
[26.208s][info][gc,stats    ]     CWR: <total>                   2355 us
[26.208s][info][gc,stats    ]     CWR: Code Cache Roots          1760 us, workers (us): 1760, ---, ---, 
[26.208s][info][gc,stats    ]     CWR: VM Weak Roots              543 us, workers (us): 543, ---, ---, 
[26.208s][info][gc,stats    ]     CWR: CLDG Roots                  52 us, workers (us):  52, ---, ---, 
[26.208s][info][gc,stats    ]   Rendezvous                        142 us
[26.208s][info][gc,stats    ] Concurrent Cleanup                   56 us
[26.208s][info][gc,stats    ] Concurrent Class Unloading         8096 us
[26.208s][info][gc,stats    ]   Unlink Stale                     7192 us
[26.208s][info][gc,stats    ]     System Dictionary                52 us
[26.208s][info][gc,stats    ]     Weak Class Links                  0 us
[26.208s][info][gc,stats    ]     Code Roots                     7137 us
[26.208s][info][gc,stats    ]   Rendezvous                        303 us
[26.208s][info][gc,stats    ]   Purge Unlinked                    517 us
[26.208s][info][gc,stats    ]     Code Roots                      507 us
[26.208s][info][gc,stats    ]     CLDG                              9 us
[26.208s][info][gc,stats    ]     Exception Caches                  0 us
[26.208s][info][gc,stats    ] Pause Final Roots (G)               229 us
[26.208s][info][gc,stats    ] Pause Final Roots (N)                94 us
[26.208s][info][gc,stats    ] 
[26.208s][info][gc,stats    ] Allocation pacing accrued:
[26.208s][info][gc,stats    ]       0 of   161 ms (  0.0%): <total>
[26.208s][info][gc,stats    ]       0 of   161 ms (  0.0%): <average total>
[26.208s][info][gc,stats    ] 
[26.208s][info][gc,metaspace] Metaspace: 64737K(65472K)->64752K(65472K) NonClass: 56472K(56896K)->56487K(56896K) Class: 8265K(8576K)->8265K(8576K)
[26.208s][info][gc,ergo     ] Pacer for Idle. Initial: 41943K, Alloc Tax Rate: 1.0x
[26.215s][info][gc          ] Trigger: Explicit GC request (System.gc())
[26.215s][info][gc,ergo     ] Free: 1726M, Max: 1024K regular, 632M humongous, Frag: 64% external, 0% internal; Reserve: 103M, Max: 1024K
[26.215s][info][gc,start    ] GC(39) Concurrent reset
[26.215s][info][gc,task     ] GC(39) Using 1 of 3 workers for concurrent reset
[26.215s][info][gc,ergo     ] GC(39) Pacer for Reset. Non-Taxable: 2048M
[26.216s][info][gc          ] GC(39) Concurrent reset 1.194ms
[26.216s][info][gc,start    ] GC(39) Pause Init Mark (unload classes)
[26.216s][info][gc,task     ] GC(39) Using 3 of 3 workers for init marking
[26.217s][info][gc,ref      ] GC(39) Clearing All SoftReferences
[26.217s][info][gc,ergo     ] GC(39) Pacer for Mark. Expected Live: 170M, Free: 1726M, Non-Taxable: 172M, Alloc Tax Rate: 0.1x
[26.217s][info][gc          ] GC(39) Pause Init Mark (unload classes) 0.292ms
[26.217s][info][gc,start    ] GC(39) Concurrent marking roots
[26.217s][info][gc,task     ] GC(39) Using 1 of 3 workers for concurrent marking roots
[26.227s][info][gc          ] GC(39) Concurrent marking roots 10.816ms
[26.228s][info][gc,start    ] GC(39) Concurrent marking (unload classes)
[26.228s][info][gc,task     ] GC(39) Using 1 of 3 workers for concurrent marking
[26.353s][info][gc          ] GC(39) Concurrent marking (unload classes) 125.237ms
[26.353s][info][gc,start    ] GC(39) Pause Final Mark (unload classes)
[26.353s][info][gc,task     ] GC(39) Using 3 of 3 workers for final marking
[26.353s][info][gc,ergo     ] GC(39) Adaptive CSet Selection. Target Free: 290M, Actual Free: 1829M, Max CSet: 87381K, Min Garbage: 0B
[26.353s][info][gc,ergo     ] GC(39) Collectable Garbage: 43175K (93%), Immediate: 4096K (8%), CSet: 39079K (84%)
[26.353s][info][gc,ergo     ] GC(39) Pacer for Evacuation. Used CSet: 39936K, Free: 1731M, Non-Taxable: 173M, Alloc Tax Rate: 1.1x
[26.353s][info][gc          ] GC(39) Pause Final Mark (unload classes) 0.484ms
[26.353s][info][gc,start    ] GC(39) Concurrent thread roots
[26.354s][info][gc,task     ] GC(39) Using 1 of 3 workers for Concurrent thread roots
[26.364s][info][gc          ] GC(39) Concurrent thread roots 10.873ms
[26.364s][info][gc,start    ] GC(39) Concurrent weak references
[26.364s][info][gc,task     ] GC(39) Using 1 of 3 workers for concurrent weak references
[26.365s][info][gc,ref      ] GC(39) Encountered references: Soft: 2830, Weak: 5588, Final: 51, Phantom: 579
[26.365s][info][gc,ref      ] GC(39) Discovered  references: Soft: 666, Weak: 947, Final: 0, Phantom: 337
[26.365s][info][gc,ref      ] GC(39) Enqueued    references: Soft: 307, Weak: 159, Final: 0, Phantom: 0
[26.365s][info][gc          ] GC(39) Concurrent weak references 0.494ms
[26.365s][info][gc,start    ] GC(39) Concurrent weak roots
[26.365s][info][gc,task     ] GC(39) Using 1 of 3 workers for concurrent weak root
[26.368s][info][gc          ] GC(39) Concurrent weak roots 3.072ms
[26.368s][info][gc,start    ] GC(39) Concurrent cleanup
[26.368s][info][gc          ] GC(39) Concurrent cleanup 223M->219M(2048M) 0.036ms
[26.368s][info][gc,ergo     ] GC(39) Free: 1724M, Max: 1024K regular, 632M humongous, Frag: 64% external, 0% internal; Reserve: 102M, Max: 1024K
[26.368s][info][gc,start    ] GC(39) Concurrent class unloading
[26.368s][info][gc,task     ] GC(39) Using 1 of 3 workers for concurrent class unloading
[26.384s][info][gc          ] GC(39) Concurrent class unloading 15.732ms
[26.384s][info][gc,start    ] GC(39) Concurrent strong roots
[26.384s][info][gc,task     ] GC(39) Using 1 of 3 workers for concurrent strong root
[26.384s][info][gc          ] GC(39) Concurrent strong roots 0.436ms
[26.384s][info][gc,start    ] GC(39) Concurrent evacuation
[26.384s][info][gc,task     ] GC(39) Using 1 of 3 workers for concurrent evacuation
[26.385s][info][gc          ] GC(39) Concurrent evacuation 0.477ms
[26.385s][info][gc,start    ] GC(39) Pause Init Update Refs
[26.385s][info][gc,ergo     ] GC(39) Pacer for Update Refs. Used: 225M, Free: 1718M, Non-Taxable: 171M, Alloc Tax Rate: 1.1x
[26.385s][info][gc          ] GC(39) Pause Init Update Refs 0.063ms
[26.385s][info][gc,start    ] GC(39) Concurrent update references
[26.385s][info][gc,task     ] GC(39) Using 1 of 3 workers for concurrent reference update
[26.446s][info][gc          ] GC(39) Concurrent update references 61.039ms
[26.446s][info][gc,start    ] GC(39) Concurrent update thread roots
[26.457s][info][gc          ] GC(39) Concurrent update thread roots 11.407ms
[26.458s][info][gc,start    ] GC(39) Pause Final Update Refs
[26.458s][info][gc,task     ] GC(39) Using 3 of 3 workers for final reference update
[26.458s][info][gc          ] GC(39) Pause Final Update Refs 0.196ms
[26.458s][info][gc,start    ] GC(39) Concurrent cleanup
[26.458s][info][gc          ] GC(39) Concurrent cleanup 225M->186M(2048M) 0.081ms
[26.458s][info][gc,ergo     ] Free: 1756M, Max: 1024K regular, 1406M humongous, Frag: 20% external, 0% internal; Reserve: 103M, Max: 1024K
[26.458s][info][gc,stats    ] 
[26.458s][info][gc,stats    ] All times are wall-clock times, except per-root-class counters, that are sum over
[26.458s][info][gc,stats    ] all workers. Dividing the <total> over the root stage time estimates parallelism.
[26.458s][info][gc,stats    ] 
[26.458s][info][gc,stats    ] Concurrent Reset                   1212 us
[26.458s][info][gc,stats    ] Pause Init Mark (G)                 452 us
[26.458s][info][gc,stats    ] Pause Init Mark (N)                 302 us
[26.458s][info][gc,stats    ]   Update Region States              119 us
[26.458s][info][gc,stats    ] Concurrent Mark Roots             10861 us, parallelism: 0.98x
[26.458s][info][gc,stats    ]   CMR: <total>                    10638 us
[26.458s][info][gc,stats    ]   CMR: Thread Roots               10552 us, workers (us): 10552, ---, ---, 
[26.458s][info][gc,stats    ]   CMR: VM Strong Roots               11 us, workers (us):  11, ---, ---, 
[26.458s][info][gc,stats    ]   CMR: CLDG Roots                    75 us, workers (us):  75, ---, ---, 
[26.458s][info][gc,stats    ] Concurrent Marking               125316 us
[26.458s][info][gc,stats    ] Pause Final Mark (G)                638 us
[26.458s][info][gc,stats    ] Pause Final Mark (N)                501 us
[26.458s][info][gc,stats    ]   Finish Mark                       143 us
[26.458s][info][gc,stats    ]   Update Region States              102 us
[26.458s][info][gc,stats    ]   Choose Collection Set             105 us
[26.458s][info][gc,stats    ]   Rebuild Free Set                   18 us
[26.458s][info][gc,stats    ] Concurrent Thread Roots           10928 us, parallelism: 0.98x
[26.458s][info][gc,stats    ]   CTR: <total>                    10663 us
[26.458s][info][gc,stats    ]   CTR: Thread Roots               10663 us, workers (us): 10663, ---, ---, 
[26.459s][info][gc,stats    ] Concurrent Weak References          502 us, parallelism: 0.61x
[26.459s][info][gc,stats    ]   CWRF: <total>                     306 us
[26.459s][info][gc,stats    ]   CWRF: Weak References             306 us, workers (us): 306, ---, ---, 
[26.459s][info][gc,stats    ] Concurrent Weak Roots              3113 us
[26.459s][info][gc,stats    ]   Roots                            2859 us, parallelism: 0.98x
[26.459s][info][gc,stats    ]     CWR: <total>                   2791 us
[26.459s][info][gc,stats    ]     CWR: Code Cache Roots          1936 us, workers (us): 1936, ---, ---, 
[26.459s][info][gc,stats    ]     CWR: VM Weak Roots              793 us, workers (us): 793, ---, ---, 
[26.459s][info][gc,stats    ]     CWR: CLDG Roots                  62 us, workers (us):  62, ---, ---, 
[26.459s][info][gc,stats    ]   Rendezvous                        195 us
[26.459s][info][gc,stats    ] Concurrent Cleanup                   45 us
[26.459s][info][gc,stats    ] Concurrent Class Unloading        15772 us
[26.459s][info][gc,stats    ]   Unlink Stale                    14540 us
[26.459s][info][gc,stats    ]     System Dictionary               678 us
[26.459s][info][gc,stats    ]     Weak Class Links               5975 us
[26.459s][info][gc,stats    ]     Code Roots                     7884 us
[26.459s][info][gc,stats    ]   Rendezvous                        181 us
[26.459s][info][gc,stats    ]   Purge Unlinked                    992 us
[26.459s][info][gc,stats    ]     Code Roots                      552 us
[26.459s][info][gc,stats    ]     CLDG                            439 us
[26.459s][info][gc,stats    ]     Exception Caches                  0 us
[26.459s][info][gc,stats    ] Concurrent Strong Roots             456 us, parallelism: 0.70x
[26.459s][info][gc,stats    ]   CSR: <total>                      319 us
[26.459s][info][gc,stats    ]   CSR: VM Strong Roots               16 us, workers (us):  16, ---, ---, 
[26.459s][info][gc,stats    ]   CSR: CLDG Roots                   303 us, workers (us): 303, ---, ---, 
[26.459s][info][gc,stats    ] Concurrent Evacuation               494 us
[26.459s][info][gc,stats    ] Pause Init Update Refs (G)          135 us
[26.459s][info][gc,stats    ] Pause Init Update Refs (N)           71 us
[26.459s][info][gc,stats    ]   Manage GCLABs                      10 us
[26.459s][info][gc,stats    ] Concurrent Update Refs            61107 us
[26.459s][info][gc,stats    ] Concurrent Update Thread Roots    11462 us
[26.459s][info][gc,stats    ] Pause Final Update Refs (G)         345 us
[26.459s][info][gc,stats    ] Pause Final Update Refs (N)         215 us
[26.459s][info][gc,stats    ]   Update Region States               90 us
[26.459s][info][gc,stats    ]   Trash Collection Set                5 us
[26.459s][info][gc,stats    ]   Rebuild Free Set                   14 us
[26.459s][info][gc,stats    ] Concurrent Cleanup                  109 us
[26.459s][info][gc,stats    ] 
[26.459s][info][gc,stats    ] Allocation pacing accrued:
[26.459s][info][gc,stats    ]       0 of   251 ms (  0.0%): <total>
[26.459s][info][gc,stats    ]       0 of   251 ms (  0.0%): <average total>
[26.459s][info][gc,stats    ] 
[26.459s][info][gc,metaspace] Metaspace: 64752K(65472K)->64444K(65472K) NonClass: 56487K(56896K)->56232K(56896K) Class: 8265K(8576K)->8211K(8576K)
[26.459s][info][gc,ergo     ] Pacer for Idle. Initial: 41943K, Alloc Tax Rate: 1.0x
[26.641s][info][gc          ] Trigger: Learning 2 of 5. Free (1418M) is below initial threshold (1433M)
[26.641s][info][gc,ergo     ] Free: 1418M, Max: 1024K regular, 1406M humongous, Frag: 1% external, 0% internal; Reserve: 103M, Max: 1024K
[26.641s][info][gc,start    ] GC(40) Concurrent reset
[26.641s][info][gc,task     ] GC(40) Using 1 of 3 workers for concurrent reset
[26.641s][info][gc,ergo     ] GC(40) Pacer for Reset. Non-Taxable: 2048M
[26.642s][info][gc          ] GC(40) Concurrent reset 0.954ms
[26.642s][info][gc,start    ] GC(40) Pause Init Mark (unload classes)
[26.642s][info][gc,task     ] GC(40) Using 3 of 3 workers for init marking
[26.642s][info][gc,ergo     ] GC(40) Pacer for Mark. Expected Live: 170M, Free: 1418M, Non-Taxable: 141M, Alloc Tax Rate: 0.1x
[26.642s][info][gc          ] GC(40) Pause Init Mark (unload classes) 0.135ms
[26.642s][info][gc,start    ] GC(40) Concurrent marking roots
[26.642s][info][gc,task     ] GC(40) Using 1 of 3 workers for concurrent marking roots
[26.654s][info][gc          ] GC(40) Concurrent marking roots 11.257ms
[26.654s][info][gc,start    ] GC(40) Concurrent marking (unload classes)
[26.654s][info][gc,task     ] GC(40) Using 1 of 3 workers for concurrent marking
[26.783s][info][gc          ] GC(40) Concurrent marking (unload classes) 129.809ms
[26.784s][info][gc,start    ] GC(40) Pause Final Mark (unload classes)
[26.784s][info][gc,task     ] GC(40) Using 3 of 3 workers for final marking
[26.784s][info][gc,ergo     ] GC(40) Adaptive CSet Selection. Target Free: 290M, Actual Free: 1402M, Max CSet: 87381K, Min Garbage: 0B
[26.784s][info][gc,ergo     ] GC(40) Collectable Garbage: 347M (99%), Immediate: 308M (88%), CSet: 39438K (10%)
[26.784s][info][gc,ergo     ] GC(40) Pacer for Evacuation. Used CSet: 41535K, Free: 1307M, Non-Taxable: 130M, Alloc Tax Rate: 1.1x
[26.784s][info][gc          ] GC(40) Pause Final Mark (unload classes) 0.222ms
[26.784s][info][gc,start    ] GC(40) Concurrent thread roots
[26.784s][info][gc,task     ] GC(40) Using 1 of 3 workers for Concurrent thread roots
[26.795s][info][gc          ] GC(40) Concurrent thread roots 11.143ms
[26.795s][info][gc,start    ] GC(40) Concurrent weak references
[26.795s][info][gc,task     ] GC(40) Using 1 of 3 workers for concurrent weak references
[26.795s][info][gc,ref      ] GC(40) Encountered references: Soft: 2904, Weak: 5699, Final: 51, Phantom: 579
[26.795s][info][gc,ref      ] GC(40) Discovered  references: Soft: 0, Weak: 870, Final: 0, Phantom: 260
[26.795s][info][gc,ref      ] GC(40) Enqueued    references: Soft: 0, Weak: 92, Final: 0, Phantom: 0
[26.795s][info][gc          ] GC(40) Concurrent weak references 0.300ms
[26.795s][info][gc,start    ] GC(40) Concurrent weak roots
[26.795s][info][gc,task     ] GC(40) Using 1 of 3 workers for concurrent weak root
[26.799s][info][gc          ] GC(40) Concurrent weak roots 3.254ms
[26.799s][info][gc,start    ] GC(40) Concurrent cleanup
[26.799s][info][gc          ] GC(40) Concurrent cleanup 991M->682M(2048M) 0.047ms
[26.799s][info][gc,ergo     ] GC(40) Free: 1260M, Max: 1024K regular, 944M humongous, Frag: 25% external, 0% internal; Reserve: 102M, Max: 1024K
[26.799s][info][gc,start    ] GC(40) Concurrent class unloading
[26.799s][info][gc,task     ] GC(40) Using 1 of 3 workers for concurrent class unloading
[26.815s][info][gc          ] GC(40) Concurrent class unloading 16.602ms
[26.815s][info][gc,start    ] GC(40) Concurrent strong roots
[26.815s][info][gc,task     ] GC(40) Using 1 of 3 workers for concurrent strong root
[26.816s][info][gc          ] GC(40) Concurrent strong roots 0.350ms
[26.816s][info][gc,start    ] GC(40) Concurrent evacuation
[26.816s][info][gc,task     ] GC(40) Using 1 of 3 workers for concurrent evacuation
[26.817s][info][gc          ] GC(40) Concurrent evacuation 1.348ms
[26.817s][info][gc,start    ] GC(40) Pause Init Update Refs
[26.817s][info][gc,ergo     ] GC(40) Pacer for Update Refs. Used: 735M, Free: 1209M, Non-Taxable: 120M, Alloc Tax Rate: 1.1x
[26.817s][info][gc          ] GC(40) Pause Init Update Refs 0.049ms
[26.817s][info][gc,start    ] GC(40) Concurrent update references
[26.817s][info][gc,task     ] GC(40) Using 1 of 3 workers for concurrent reference update
[26.991s][info][gc          ] GC(40) Concurrent update references 173.554ms
[26.991s][info][gc,start    ] GC(40) Concurrent update thread roots
[27.002s][info][gc          ] GC(40) Concurrent update thread roots 11.278ms
[27.002s][info][gc,start    ] GC(40) Pause Final Update Refs
[27.002s][info][gc,task     ] GC(40) Using 3 of 3 workers for final reference update
[27.003s][info][gc          ] GC(40) Pause Final Update Refs 0.233ms
[27.003s][info][gc,start    ] GC(40) Concurrent cleanup
[27.003s][info][gc          ] GC(40) Concurrent cleanup 1242M->1202M(2048M) 0.031ms
[27.003s][info][gc,ergo     ] Free: 740M, Max: 1024K regular, 697M humongous, Frag: 6% external, 0% internal; Reserve: 103M, Max: 1024K
[27.003s][info][gc,stats    ] 
[27.003s][info][gc,stats    ] All times are wall-clock times, except per-root-class counters, that are sum over
[27.003s][info][gc,stats    ] all workers. Dividing the <total> over the root stage time estimates parallelism.
[27.003s][info][gc,stats    ] 
[27.003s][info][gc,stats    ] Concurrent Reset                   1029 us
[27.003s][info][gc,stats    ] Pause Init Mark (G)                 303 us
[27.003s][info][gc,stats    ] Pause Init Mark (N)                 147 us
[27.003s][info][gc,stats    ]   Update Region States               43 us
[27.003s][info][gc,stats    ] Concurrent Mark Roots             11301 us, parallelism: 0.98x
[27.003s][info][gc,stats    ]   CMR: <total>                    11114 us
[27.003s][info][gc,stats    ]   CMR: Thread Roots               11033 us, workers (us): 11033, ---, ---, 
[27.003s][info][gc,stats    ]   CMR: VM Strong Roots               13 us, workers (us):  13, ---, ---, 
[27.003s][info][gc,stats    ]   CMR: CLDG Roots                    69 us, workers (us):  69, ---, ---, 
[27.003s][info][gc,stats    ] Concurrent Marking               129863 us
[27.003s][info][gc,stats    ] Pause Final Mark (G)                315 us
[27.003s][info][gc,stats    ] Pause Final Mark (N)                230 us
[27.003s][info][gc,stats    ]   Finish Mark                        57 us
[27.003s][info][gc,stats    ]   Update Region States               29 us
[27.003s][info][gc,stats    ]   Choose Collection Set              60 us
[27.003s][info][gc,stats    ]   Rebuild Free Set                    7 us
[27.003s][info][gc,stats    ] Concurrent Thread Roots           11185 us, parallelism: 0.99x
[27.003s][info][gc,stats    ]   CTR: <total>                    11054 us
[27.003s][info][gc,stats    ]   CTR: Thread Roots               11054 us, workers (us): 11054, ---, ---, 
[27.003s][info][gc,stats    ] Concurrent Weak References          316 us, parallelism: 0.41x
[27.003s][info][gc,stats    ]   CWRF: <total>                     130 us
[27.003s][info][gc,stats    ]   CWRF: Weak References             130 us, workers (us): 130, ---, ---, 
[27.003s][info][gc,stats    ] Concurrent Weak Roots              3306 us
[27.003s][info][gc,stats    ]   Roots                            3052 us, parallelism: 0.99x
[27.003s][info][gc,stats    ]     CWR: <total>                   3016 us
[27.003s][info][gc,stats    ]     CWR: Code Cache Roots          2323 us, workers (us): 2323, ---, ---, 
[27.003s][info][gc,stats    ]     CWR: VM Weak Roots              633 us, workers (us): 633, ---, ---, 
[27.003s][info][gc,stats    ]     CWR: CLDG Roots                  61 us, workers (us):  61, ---, ---, 
[27.003s][info][gc,stats    ]   Rendezvous                        168 us
[27.003s][info][gc,stats    ] Concurrent Cleanup                   56 us
[27.003s][info][gc,stats    ] Concurrent Class Unloading        16655 us
[27.003s][info][gc,stats    ]   Unlink Stale                    15911 us
[27.003s][info][gc,stats    ]     System Dictionary               200 us
[27.003s][info][gc,stats    ]     Weak Class Links               6988 us
[27.003s][info][gc,stats    ]     Code Roots                     8721 us
[27.003s][info][gc,stats    ]   Rendezvous                        165 us
[27.003s][info][gc,stats    ]   Purge Unlinked                    507 us
[27.003s][info][gc,stats    ]     Code Roots                      487 us
[27.003s][info][gc,stats    ]     CLDG                             19 us
[27.003s][info][gc,stats    ]     Exception Caches                  0 us
[27.003s][info][gc,stats    ] Concurrent Strong Roots             372 us, parallelism: 0.68x
[27.003s][info][gc,stats    ]   CSR: <total>                      254 us
[27.003s][info][gc,stats    ]   CSR: VM Strong Roots               14 us, workers (us):  14, ---, ---, 
[27.003s][info][gc,stats    ]   CSR: CLDG Roots                   241 us, workers (us): 241, ---, ---, 
[27.003s][info][gc,stats    ] Concurrent Evacuation              1407 us
[27.003s][info][gc,stats    ] Pause Init Update Refs (G)          186 us
[27.003s][info][gc,stats    ] Pause Init Update Refs (N)           57 us
[27.003s][info][gc,stats    ]   Manage GCLABs                      19 us
[27.003s][info][gc,stats    ] Concurrent Update Refs           173618 us
[27.003s][info][gc,stats    ] Concurrent Update Thread Roots    11331 us
[27.003s][info][gc,stats    ] Pause Final Update Refs (G)         365 us
[27.003s][info][gc,stats    ] Pause Final Update Refs (N)         256 us
[27.003s][info][gc,stats    ]   Update Region States               60 us
[27.003s][info][gc,stats    ]   Trash Collection Set                5 us
[27.003s][info][gc,stats    ]   Rebuild Free Set                   85 us
[27.003s][info][gc,stats    ] Concurrent Cleanup                   46 us
[27.003s][info][gc,stats    ] Pacing                            50163 us
[27.003s][info][gc,stats    ] 
[27.003s][info][gc,stats    ] Allocation pacing accrued:
[27.003s][info][gc,stats    ]      33 of   544 ms (  6.1%): Executor task launch worker for task 0.0 in stage 22.0 (TID 36)
[27.003s][info][gc,stats    ]      17 of   544 ms (  3.1%): Executor task launch worker for task 1.0 in stage 22.0 (TID 37)
[27.003s][info][gc,stats    ]      50 of   544 ms (  9.2%): <total>
[27.003s][info][gc,stats    ]       0 of   544 ms (  0.0%): <average total>
[27.003s][info][gc,stats    ]      25 of   544 ms (  4.6%): <average non-zero>
[27.003s][info][gc,stats    ] 
[27.003s][info][gc,metaspace] Metaspace: 64792K(65536K)->64790K(65536K) NonClass: 56529K(56960K)->56528K(56960K) Class: 8263K(8576K)->8262K(8576K)
[27.003s][info][gc,ergo     ] Pacer for Idle. Initial: 41943K, Alloc Tax Rate: 1.0x
[27.018s][info][gc          ] Trigger: Learning 3 of 5. Free (699M) is below initial threshold (1433M)
[27.018s][info][gc,ergo     ] Free: 699M, Max: 1024K regular, 695M humongous, Frag: 0% external, 0% internal; Reserve: 103M, Max: 1024K
[27.019s][info][gc,start    ] GC(41) Concurrent reset
[27.019s][info][gc,task     ] GC(41) Using 1 of 3 workers for concurrent reset
[27.019s][info][gc,ergo     ] GC(41) Pacer for Reset. Non-Taxable: 2048M
[27.020s][info][gc          ] GC(41) Concurrent reset 1.149ms
[27.020s][info][gc,start    ] GC(41) Pause Init Mark (unload classes)
[27.020s][info][gc,task     ] GC(41) Using 3 of 3 workers for init marking
[27.020s][info][gc,ergo     ] GC(41) Pacer for Mark. Expected Live: 170M, Free: 699M, Non-Taxable: 71596K, Alloc Tax Rate: 0.3x
[27.020s][info][gc          ] GC(41) Pause Init Mark (unload classes) 0.182ms
[27.020s][info][gc,start    ] GC(41) Concurrent marking roots
[27.020s][info][gc,task     ] GC(41) Using 1 of 3 workers for concurrent marking roots
[27.032s][info][gc          ] GC(41) Concurrent marking roots 12.085ms
[27.032s][info][gc,start    ] GC(41) Concurrent marking (unload classes)
[27.032s][info][gc,task     ] GC(41) Using 1 of 3 workers for concurrent marking
[27.161s][info][gc          ] GC(41) Concurrent marking (unload classes) 128.501ms
[27.161s][info][gc,start    ] GC(41) Pause Final Mark (unload classes)
[27.161s][info][gc,task     ] GC(41) Using 3 of 3 workers for final marking
[27.161s][info][gc,ergo     ] GC(41) Collectable Garbage: 1052M (98%), Immediate: 1052M (98%), CSet: 0B (0%)
[27.161s][info][gc          ] GC(41) Pause Final Mark (unload classes) 0.287ms
[27.161s][info][gc,start    ] GC(41) Concurrent weak references
[27.161s][info][gc,task     ] GC(41) Using 1 of 3 workers for concurrent weak references
[27.161s][info][gc,ref      ] GC(41) Encountered references: Soft: 2904, Weak: 5615, Final: 51, Phantom: 579
[27.161s][info][gc,ref      ] GC(41) Discovered  references: Soft: 0, Weak: 789, Final: 0, Phantom: 260
[27.161s][info][gc,ref      ] GC(41) Enqueued    references: Soft: 0, Weak: 16, Final: 0, Phantom: 0
[27.161s][info][gc          ] GC(41) Concurrent weak references 0.281ms
[27.161s][info][gc,start    ] GC(41) Concurrent weak roots
[27.161s][info][gc,task     ] GC(41) Using 1 of 3 workers for concurrent weak root
[27.164s][info][gc          ] GC(41) Concurrent weak roots 2.638ms
[27.164s][info][gc,start    ] GC(41) Concurrent cleanup
[27.164s][info][gc          ] GC(41) Concurrent cleanup 1629M->578M(2048M) 0.074ms
[27.164s][info][gc,ergo     ] GC(41) Free: 1364M, Max: 1024K regular, 447M humongous, Frag: 68% external, 0% internal; Reserve: 103M, Max: 1024K
[27.164s][info][gc,start    ] GC(41) Concurrent class unloading
[27.164s][info][gc,task     ] GC(41) Using 1 of 3 workers for concurrent class unloading
[27.173s][info][gc          ] GC(41) Concurrent class unloading 8.924ms
[27.173s][info][gc,start    ] GC(41) Pause Final Roots
[27.173s][info][gc          ] GC(41) Pause Final Roots 0.059ms
[27.173s][info][gc,ergo     ] Free: 1331M, Max: 1024K regular, 447M humongous, Frag: 67% external, 0% internal; Reserve: 103M, Max: 1024K
[27.173s][info][gc,stats    ] 
[27.173s][info][gc,stats    ] All times are wall-clock times, except per-root-class counters, that are sum over
[27.173s][info][gc,stats    ] all workers. Dividing the <total> over the root stage time estimates parallelism.
[27.173s][info][gc,stats    ] 
[27.173s][info][gc,stats    ] Concurrent Reset                   1173 us
[27.173s][info][gc,stats    ] Pause Init Mark (G)                 296 us
[27.173s][info][gc,stats    ] Pause Init Mark (N)                 199 us
[27.173s][info][gc,stats    ]   Update Region States               65 us
[27.173s][info][gc,stats    ] Concurrent Mark Roots             12129 us, parallelism: 0.98x
[27.173s][info][gc,stats    ]   CMR: <total>                    11920 us
[27.173s][info][gc,stats    ]   CMR: Thread Roots               11842 us, workers (us): 11842, ---, ---, 
[27.173s][info][gc,stats    ]   CMR: VM Strong Roots               13 us, workers (us):  13, ---, ---, 
[27.173s][info][gc,stats    ]   CMR: CLDG Roots                    66 us, workers (us):  66, ---, ---, 
[27.173s][info][gc,stats    ] Concurrent Marking               128551 us
[27.173s][info][gc,stats    ] Pause Final Mark (G)                408 us
[27.173s][info][gc,stats    ] Pause Final Mark (N)                306 us
[27.173s][info][gc,stats    ]   Finish Mark                        71 us
[27.173s][info][gc,stats    ]   Update Region States               56 us
[27.173s][info][gc,stats    ]   Choose Collection Set              63 us
[27.173s][info][gc,stats    ]   Rebuild Free Set                   16 us
[27.173s][info][gc,stats    ] Concurrent Weak References          297 us, parallelism: 0.22x
[27.173s][info][gc,stats    ]   CWRF: <total>                      64 us
[27.174s][info][gc,stats    ]   CWRF: Weak References              64 us, workers (us):  64, ---, ---, 
[27.174s][info][gc,stats    ] Concurrent Weak Roots              2656 us
[27.174s][info][gc,stats    ]   Roots                            2415 us, parallelism: 0.97x
[27.174s][info][gc,stats    ]     CWR: <total>                   2352 us
[27.174s][info][gc,stats    ]     CWR: Code Cache Roots          1992 us, workers (us): 1992, ---, ---, 
[27.174s][info][gc,stats    ]     CWR: VM Weak Roots              310 us, workers (us): 310, ---, ---, 
[27.174s][info][gc,stats    ]     CWR: CLDG Roots                  50 us, workers (us):  50, ---, ---, 
[27.174s][info][gc,stats    ]   Rendezvous                        179 us
[27.174s][info][gc,stats    ] Concurrent Cleanup                   82 us
[27.174s][info][gc,stats    ] Concurrent Class Unloading         8972 us
[27.174s][info][gc,stats    ]   Unlink Stale                     8209 us
[27.174s][info][gc,stats    ]     System Dictionary                57 us
[27.174s][info][gc,stats    ]     Weak Class Links                  0 us
[27.174s][info][gc,stats    ]     Code Roots                     8150 us
[27.174s][info][gc,stats    ]   Rendezvous                        217 us
[27.174s][info][gc,stats    ]   Purge Unlinked                    480 us
[27.174s][info][gc,stats    ]     Code Roots                      470 us
[27.174s][info][gc,stats    ]     CLDG                             10 us
[27.174s][info][gc,stats    ]     Exception Caches                  0 us
[27.174s][info][gc,stats    ] Pause Final Roots (G)               184 us
[27.174s][info][gc,stats    ] Pause Final Roots (N)                68 us
[27.174s][info][gc,stats    ] Pacing                            66387 us
[27.174s][info][gc,stats    ] 
[27.174s][info][gc,stats    ] Allocation pacing accrued:
[27.174s][info][gc,stats    ]      33 of   171 ms ( 19.5%): Executor task launch worker for task 0.0 in stage 22.0 (TID 36)
[27.174s][info][gc,stats    ]      33 of   171 ms ( 19.5%): Executor task launch worker for task 1.0 in stage 22.0 (TID 37)
[27.174s][info][gc,stats    ]      66 of   171 ms ( 38.9%): <total>
[27.174s][info][gc,stats    ]       0 of   171 ms (  0.2%): <average total>
[27.174s][info][gc,stats    ]      33 of   171 ms ( 19.5%): <average non-zero>
[27.174s][info][gc,stats    ] 
[27.174s][info][gc,metaspace] Metaspace: 64790K(65536K)->64790K(65536K) NonClass: 56528K(56960K)->56528K(56960K) Class: 8262K(8576K)->8262K(8576K)
[27.174s][info][gc,ergo     ] Pacer for Idle. Initial: 41943K, Alloc Tax Rate: 1.0x
[27.175s][info][gc          ] Trigger: Learning 4 of 5. Free (1324M) is below initial threshold (1433M)
[27.175s][info][gc,ergo     ] Free: 1324M, Max: 1024K regular, 447M humongous, Frag: 67% external, 0% internal; Reserve: 103M, Max: 1024K
[27.176s][info][gc,start    ] GC(42) Concurrent reset
[27.176s][info][gc,task     ] GC(42) Using 1 of 3 workers for concurrent reset
[27.176s][info][gc,ergo     ] GC(42) Pacer for Reset. Non-Taxable: 2048M
[27.176s][info][gc          ] GC(42) Concurrent reset 0.847ms
[27.176s][info][gc,start    ] GC(42) Pause Init Mark (unload classes)
[27.177s][info][gc,task     ] GC(42) Using 3 of 3 workers for init marking
[27.177s][info][gc,ergo     ] GC(42) Pacer for Mark. Expected Live: 170M, Free: 1321M, Non-Taxable: 132M, Alloc Tax Rate: 0.2x
[27.177s][info][gc          ] GC(42) Pause Init Mark (unload classes) 0.191ms
[27.177s][info][gc,start    ] GC(42) Concurrent marking roots
[27.177s][info][gc,task     ] GC(42) Using 1 of 3 workers for concurrent marking roots
[27.188s][info][gc          ] GC(42) Concurrent marking roots 11.673ms
[27.188s][info][gc,start    ] GC(42) Concurrent marking (unload classes)
[27.189s][info][gc,task     ] GC(42) Using 1 of 3 workers for concurrent marking
[27.317s][info][gc          ] GC(42) Concurrent marking (unload classes) 128.537ms
[27.317s][info][gc,start    ] GC(42) Pause Final Mark (unload classes)
[27.317s][info][gc,task     ] GC(42) Using 3 of 3 workers for final marking
[27.317s][info][gc,ergo     ] GC(42) Collectable Garbage: 431M (95%), Immediate: 431M (95%), CSet: 0B (0%)
[27.317s][info][gc          ] GC(42) Pause Final Mark (unload classes) 0.194ms
[27.317s][info][gc,start    ] GC(42) Concurrent weak references
[27.317s][info][gc,task     ] GC(42) Using 1 of 3 workers for concurrent weak references
[27.318s][info][gc,ref      ] GC(42) Encountered references: Soft: 2904, Weak: 5597, Final: 51, Phantom: 579
[27.318s][info][gc,ref      ] GC(42) Discovered  references: Soft: 0, Weak: 773, Final: 0, Phantom: 260
[27.318s][info][gc,ref      ] GC(42) Enqueued    references: Soft: 0, Weak: 0, Final: 0, Phantom: 0
[27.318s][info][gc          ] GC(42) Concurrent weak references 0.158ms
[27.318s][info][gc,start    ] GC(42) Concurrent weak roots
[27.318s][info][gc,task     ] GC(42) Using 1 of 3 workers for concurrent weak root
[27.320s][info][gc          ] GC(42) Concurrent weak roots 2.323ms
[27.320s][info][gc,start    ] GC(42) Concurrent cleanup
[27.320s][info][gc          ] GC(42) Concurrent cleanup 1082M->651M(2048M) 0.047ms
[27.320s][info][gc,ergo     ] GC(42) Free: 1289M, Max: 1024K regular, 451M humongous, Frag: 65% external, 0% internal; Reserve: 103M, Max: 1024K
[27.320s][info][gc,start    ] GC(42) Concurrent class unloading
[27.320s][info][gc,task     ] GC(42) Using 1 of 3 workers for concurrent class unloading
[27.329s][info][gc          ] GC(42) Concurrent class unloading 9.043ms
[27.329s][info][gc,start    ] GC(42) Pause Final Roots
[27.329s][info][gc          ] GC(42) Pause Final Roots 0.045ms
[27.329s][info][gc,ergo     ] Free: 1280M, Max: 1024K regular, 451M humongous, Frag: 65% external, 0% internal; Reserve: 103M, Max: 1024K
[27.329s][info][gc,stats    ] 
[27.329s][info][gc,stats    ] All times are wall-clock times, except per-root-class counters, that are sum over
[27.329s][info][gc,stats    ] all workers. Dividing the <total> over the root stage time estimates parallelism.
[27.329s][info][gc,stats    ] 
[27.329s][info][gc,stats    ] Concurrent Reset                    866 us
[27.329s][info][gc,stats    ] Pause Init Mark (G)                 379 us
[27.329s][info][gc,stats    ] Pause Init Mark (N)                 208 us
[27.329s][info][gc,stats    ]   Update Region States               70 us
[27.329s][info][gc,stats    ] Concurrent Mark Roots             11732 us, parallelism: 0.98x
[27.329s][info][gc,stats    ]   CMR: <total>                    11465 us
[27.329s][info][gc,stats    ]   CMR: Thread Roots               11308 us, workers (us): 11308, ---, ---, 
[27.329s][info][gc,stats    ]   CMR: VM Strong Roots               17 us, workers (us):  17, ---, ---, 
[27.329s][info][gc,stats    ]   CMR: CLDG Roots                   141 us, workers (us): 141, ---, ---, 
[27.329s][info][gc,stats    ] Concurrent Marking               128585 us
[27.329s][info][gc,stats    ] Pause Final Mark (G)                298 us
[27.329s][info][gc,stats    ] Pause Final Mark (N)                204 us
[27.329s][info][gc,stats    ]   Finish Mark                        55 us
[27.329s][info][gc,stats    ]   Update Region States               51 us
[27.329s][info][gc,stats    ]   Choose Collection Set              47 us
[27.329s][info][gc,stats    ]   Rebuild Free Set                    8 us
[27.329s][info][gc,stats    ] Concurrent Weak References          166 us, parallelism: 0.48x
[27.330s][info][gc,stats    ]   CWRF: <total>                      80 us
[27.330s][info][gc,stats    ]   CWRF: Weak References              80 us, workers (us):  80, ---, ---, 
[27.330s][info][gc,stats    ] Concurrent Weak Roots              2390 us
[27.330s][info][gc,stats    ]   Roots                            2101 us, parallelism: 0.98x
[27.330s][info][gc,stats    ]     CWR: <total>                   2063 us
[27.330s][info][gc,stats    ]     CWR: Code Cache Roots          1710 us, workers (us): 1710, ---, ---, 
[27.330s][info][gc,stats    ]     CWR: VM Weak Roots              303 us, workers (us): 303, ---, ---, 
[27.330s][info][gc,stats    ]     CWR: CLDG Roots                  50 us, workers (us):  50, ---, ---, 
[27.330s][info][gc,stats    ]   Rendezvous                        204 us
[27.330s][info][gc,stats    ] Concurrent Cleanup                   56 us
[27.330s][info][gc,stats    ] Concurrent Class Unloading         9110 us
[27.330s][info][gc,stats    ]   Unlink Stale                     8354 us
[27.330s][info][gc,stats    ]     System Dictionary                65 us
[27.330s][info][gc,stats    ]     Weak Class Links                  0 us
[27.330s][info][gc,stats    ]     Code Roots                     8288 us
[27.330s][info][gc,stats    ]   Rendezvous                        162 us
[27.330s][info][gc,stats    ]   Purge Unlinked                    508 us
[27.330s][info][gc,stats    ]     Code Roots                      498 us
[27.330s][info][gc,stats    ]     CLDG                             10 us
[27.330s][info][gc,stats    ]     Exception Caches                  0 us
[27.330s][info][gc,stats    ] Pause Final Roots (G)               156 us
[27.330s][info][gc,stats    ] Pause Final Roots (N)                54 us
[27.330s][info][gc,stats    ] 
[27.330s][info][gc,stats    ] Allocation pacing accrued:
[27.330s][info][gc,stats    ]       0 of   156 ms (  0.0%): <total>
[27.330s][info][gc,stats    ]       0 of   156 ms (  0.0%): <average total>
[27.330s][info][gc,stats    ] 
[27.330s][info][gc,metaspace] Metaspace: 64790K(65536K)->64812K(65536K) NonClass: 56528K(56960K)->56546K(56960K) Class: 8262K(8576K)->8265K(8576K)
[27.330s][info][gc,ergo     ] Pacer for Idle. Initial: 41943K, Alloc Tax Rate: 1.0x
[27.332s][info][gc          ] Trigger: Learning 5 of 5. Free (1280M) is below initial threshold (1433M)
[27.332s][info][gc,ergo     ] Free: 1280M, Max: 1024K regular, 451M humongous, Frag: 65% external, 0% internal; Reserve: 103M, Max: 1024K
[27.332s][info][gc,start    ] GC(43) Concurrent reset
[27.332s][info][gc,task     ] GC(43) Using 1 of 3 workers for concurrent reset
[27.332s][info][gc,ergo     ] GC(43) Pacer for Reset. Non-Taxable: 2048M
[27.333s][info][gc          ] GC(43) Concurrent reset 0.886ms
[27.333s][info][gc,start    ] GC(43) Pause Init Mark (unload classes)
[27.333s][info][gc,task     ] GC(43) Using 3 of 3 workers for init marking
[27.333s][info][gc,ergo     ] GC(43) Pacer for Mark. Expected Live: 170M, Free: 1279M, Non-Taxable: 127M, Alloc Tax Rate: 0.2x
[27.333s][info][gc          ] GC(43) Pause Init Mark (unload classes) 0.099ms
[27.333s][info][gc,start    ] GC(43) Concurrent marking roots
[27.333s][info][gc,task     ] GC(43) Using 1 of 3 workers for concurrent marking roots
[27.349s][info][gc          ] GC(43) Concurrent marking roots 15.473ms
[27.349s][info][gc,start    ] GC(43) Concurrent marking (unload classes)
[27.349s][info][gc,task     ] GC(43) Using 1 of 3 workers for concurrent marking
[27.477s][info][gc          ] GC(43) Concurrent marking (unload classes) 128.408ms
[27.477s][info][gc,start    ] GC(43) Pause Final Mark (unload classes)
[27.477s][info][gc,task     ] GC(43) Using 3 of 3 workers for final marking
[27.478s][info][gc,ergo     ] GC(43) Collectable Garbage: 465M (94%), Immediate: 465M (94%), CSet: 0B (0%)
[27.478s][info][gc          ] GC(43) Pause Final Mark (unload classes) 0.299ms
[27.478s][info][gc,start    ] GC(43) Concurrent weak references
[27.478s][info][gc,task     ] GC(43) Using 1 of 3 workers for concurrent weak references
[27.478s][info][gc,ref      ] GC(43) Encountered references: Soft: 2918, Weak: 5699, Final: 51, Phantom: 579
[27.478s][info][gc,ref      ] GC(43) Discovered  references: Soft: 0, Weak: 741, Final: 0, Phantom: 217
[27.478s][info][gc,ref      ] GC(43) Enqueued    references: Soft: 0, Weak: 4, Final: 0, Phantom: 0
[27.478s][info][gc          ] GC(43) Concurrent weak references 0.227ms
[27.478s][info][gc,start    ] GC(43) Concurrent weak roots
[27.478s][info][gc,task     ] GC(43) Using 1 of 3 workers for concurrent weak root
[27.481s][info][gc          ] GC(43) Concurrent weak roots 2.825ms
[27.481s][info][gc,start    ] GC(43) Concurrent cleanup
[27.481s][info][gc          ] GC(43) Concurrent cleanup 676M->211M(2048M) 0.045ms
[27.481s][info][gc,ergo     ] GC(43) Free: 1729M, Max: 1024K regular, 943M humongous, Frag: 46% external, 0% internal; Reserve: 103M, Max: 1024K
[27.481s][info][gc,start    ] GC(43) Concurrent class unloading
[27.481s][info][gc,task     ] GC(43) Using 1 of 3 workers for concurrent class unloading
[27.489s][info][gc          ] GC(43) Concurrent class unloading 8.345ms
[27.489s][info][gc,start    ] GC(43) Pause Final Roots
[27.489s][info][gc          ] GC(43) Pause Final Roots 0.074ms
[27.490s][info][gc,ergo     ] Free: 1728M, Max: 1024K regular, 943M humongous, Frag: 46% external, 0% internal; Reserve: 103M, Max: 1024K
[27.490s][info][gc,stats    ] 
[27.490s][info][gc,stats    ] All times are wall-clock times, except per-root-class counters, that are sum over
[27.490s][info][gc,stats    ] all workers. Dividing the <total> over the root stage time estimates parallelism.
[27.490s][info][gc,stats    ] 
[27.490s][info][gc,stats    ] Concurrent Reset                    931 us
[27.490s][info][gc,stats    ] Pause Init Mark (G)                 195 us
[27.490s][info][gc,stats    ] Pause Init Mark (N)                 108 us
[27.490s][info][gc,stats    ]   Update Region States               39 us
[27.490s][info][gc,stats    ] Concurrent Mark Roots             15517 us, parallelism: 0.99x
[27.490s][info][gc,stats    ]   CMR: <total>                    15335 us
[27.490s][info][gc,stats    ]   CMR: Thread Roots               15243 us, workers (us): 15243, ---, ---, 
[27.490s][info][gc,stats    ]   CMR: VM Strong Roots               12 us, workers (us):  12, ---, ---, 
[27.490s][info][gc,stats    ]   CMR: CLDG Roots                    79 us, workers (us):  79, ---, ---, 
[27.490s][info][gc,stats    ] Concurrent Marking               128485 us
[27.490s][info][gc,stats    ] Pause Final Mark (G)                419 us
[27.490s][info][gc,stats    ] Pause Final Mark (N)                309 us
[27.490s][info][gc,stats    ]   Finish Mark                       111 us
[27.490s][info][gc,stats    ]   Update Region States               70 us
[27.490s][info][gc,stats    ]   Choose Collection Set              44 us
[27.490s][info][gc,stats    ]   Rebuild Free Set                    8 us
[27.490s][info][gc,stats    ] Concurrent Weak References          235 us, parallelism: 0.21x
[27.490s][info][gc,stats    ]   CWRF: <total>                      50 us
[27.490s][info][gc,stats    ]   CWRF: Weak References              50 us, workers (us):  50, ---, ---, 
[27.490s][info][gc,stats    ] Concurrent Weak Roots              2874 us
[27.490s][info][gc,stats    ]   Roots                            2623 us, parallelism: 0.97x
[27.490s][info][gc,stats    ]     CWR: <total>                   2550 us
[27.490s][info][gc,stats    ]     CWR: Code Cache Roots          1923 us, workers (us): 1923, ---, ---, 
[27.490s][info][gc,stats    ]     CWR: VM Weak Roots              574 us, workers (us): 574, ---, ---, 
[27.490s][info][gc,stats    ]     CWR: CLDG Roots                  53 us, workers (us):  53, ---, ---, 
[27.490s][info][gc,stats    ]   Rendezvous                        184 us
[27.490s][info][gc,stats    ] Concurrent Cleanup                   54 us
[27.490s][info][gc,stats    ] Concurrent Class Unloading         8395 us
[27.490s][info][gc,stats    ]   Unlink Stale                     7299 us
[27.490s][info][gc,stats    ]     System Dictionary                48 us
[27.490s][info][gc,stats    ]     Weak Class Links                  0 us
[27.490s][info][gc,stats    ]     Code Roots                     7249 us
[27.490s][info][gc,stats    ]   Rendezvous                        415 us
[27.490s][info][gc,stats    ]   Purge Unlinked                    611 us
[27.490s][info][gc,stats    ]     Code Roots                      605 us
[27.490s][info][gc,stats    ]     CLDG                              5 us
[27.490s][info][gc,stats    ]     Exception Caches                  0 us
[27.490s][info][gc,stats    ] Pause Final Roots (G)               232 us
[27.490s][info][gc,stats    ] Pause Final Roots (N)               100 us
[27.490s][info][gc,stats    ] 
[27.490s][info][gc,stats    ] Allocation pacing accrued:
[27.490s][info][gc,stats    ]       0 of   160 ms (  0.0%): <total>
[27.490s][info][gc,stats    ]       0 of   160 ms (  0.0%): <average total>
[27.490s][info][gc,stats    ] 
[27.490s][info][gc,metaspace] Metaspace: 64812K(65536K)->64825K(65600K) NonClass: 56546K(56960K)->56559K(57024K) Class: 8265K(8576K)->8265K(8576K)
[27.490s][info][gc,ergo     ] Pacer for Idle. Initial: 41943K, Alloc Tax Rate: 1.0x
[27.496s][info][gc          ] Trigger: Explicit GC request (System.gc())
[27.496s][info][gc,ergo     ] Free: 1728M, Max: 1024K regular, 943M humongous, Frag: 46% external, 0% internal; Reserve: 103M, Max: 1024K
[27.496s][info][gc,start    ] GC(44) Concurrent reset
[27.496s][info][gc,task     ] GC(44) Using 1 of 3 workers for concurrent reset
[27.496s][info][gc,ergo     ] GC(44) Pacer for Reset. Non-Taxable: 2048M
[27.497s][info][gc          ] GC(44) Concurrent reset 1.165ms
[27.497s][info][gc,start    ] GC(44) Pause Init Mark (unload classes)
[27.498s][info][gc,task     ] GC(44) Using 3 of 3 workers for init marking
[27.498s][info][gc,ref      ] GC(44) Clearing All SoftReferences
[27.498s][info][gc,ergo     ] GC(44) Pacer for Mark. Expected Live: 170M, Free: 1728M, Non-Taxable: 172M, Alloc Tax Rate: 0.1x
[27.498s][info][gc          ] GC(44) Pause Init Mark (unload classes) 0.175ms
[27.498s][info][gc,start    ] GC(44) Concurrent marking roots
[27.498s][info][gc,task     ] GC(44) Using 1 of 3 workers for concurrent marking roots
[27.509s][info][gc          ] GC(44) Concurrent marking roots 11.283ms
[27.509s][info][gc,start    ] GC(44) Concurrent marking (unload classes)
[27.509s][info][gc,task     ] GC(44) Using 1 of 3 workers for concurrent marking
[27.636s][info][gc          ] GC(44) Concurrent marking (unload classes) 126.398ms
[27.636s][info][gc,start    ] GC(44) Pause Final Mark (unload classes)
[27.636s][info][gc,task     ] GC(44) Using 3 of 3 workers for final marking
[27.636s][info][gc,ergo     ] GC(44) Adaptive CSet Selection. Target Free: 290M, Actual Free: 1831M, Max CSet: 87381K, Min Garbage: 0B
[27.636s][info][gc,ergo     ] GC(44) Collectable Garbage: 41149K (92%), Immediate: 5120K (11%), CSet: 36029K (81%)
[27.636s][info][gc,ergo     ] GC(44) Pacer for Evacuation. Used CSet: 36864K, Free: 1734M, Non-Taxable: 173M, Alloc Tax Rate: 1.1x
[27.636s][info][gc          ] GC(44) Pause Final Mark (unload classes) 0.447ms
[27.636s][info][gc,start    ] GC(44) Concurrent thread roots
[27.636s][info][gc,task     ] GC(44) Using 1 of 3 workers for Concurrent thread roots
[27.648s][info][gc          ] GC(44) Concurrent thread roots 11.795ms
[27.648s][info][gc,start    ] GC(44) Concurrent weak references
[27.648s][info][gc,task     ] GC(44) Using 1 of 3 workers for concurrent weak references
[27.648s][info][gc,ref      ] GC(44) Encountered references: Soft: 2819, Weak: 5611, Final: 51, Phantom: 579
[27.648s][info][gc,ref      ] GC(44) Discovered  references: Soft: 655, Weak: 947, Final: 0, Phantom: 337
[27.648s][info][gc,ref      ] GC(44) Enqueued    references: Soft: 296, Weak: 161, Final: 0, Phantom: 0
[27.648s][info][gc          ] GC(44) Concurrent weak references 0.453ms
[27.648s][info][gc,start    ] GC(44) Concurrent weak roots
[27.648s][info][gc,task     ] GC(44) Using 1 of 3 workers for concurrent weak root
[27.651s][info][gc          ] GC(44) Concurrent weak roots 2.595ms
[27.651s][info][gc,start    ] GC(44) Concurrent cleanup
[27.651s][info][gc          ] GC(44) Concurrent cleanup 217M->212M(2048M) 0.039ms
[27.651s][info][gc,ergo     ] GC(44) Free: 1731M, Max: 1024K regular, 943M humongous, Frag: 46% external, 0% internal; Reserve: 102M, Max: 1024K
[27.651s][info][gc,start    ] GC(44) Concurrent class unloading
[27.651s][info][gc,task     ] GC(44) Using 1 of 3 workers for concurrent class unloading
[27.667s][info][gc          ] GC(44) Concurrent class unloading 16.053ms
[27.667s][info][gc,start    ] GC(44) Concurrent strong roots
[27.667s][info][gc,task     ] GC(44) Using 1 of 3 workers for concurrent strong root
[27.668s][info][gc          ] GC(44) Concurrent strong roots 0.515ms
[27.668s][info][gc,start    ] GC(44) Concurrent evacuation
[27.668s][info][gc,task     ] GC(44) Using 1 of 3 workers for concurrent evacuation
[27.668s][info][gc          ] GC(44) Concurrent evacuation 0.454ms
[27.668s][info][gc,start    ] GC(44) Pause Init Update Refs
[27.668s][info][gc,ergo     ] GC(44) Pacer for Update Refs. Used: 222M, Free: 1722M, Non-Taxable: 172M, Alloc Tax Rate: 1.1x
[27.668s][info][gc          ] GC(44) Pause Init Update Refs 0.057ms
[27.668s][info][gc,start    ] GC(44) Concurrent update references
[27.668s][info][gc,task     ] GC(44) Using 1 of 3 workers for concurrent reference update
[27.730s][info][gc          ] GC(44) Concurrent update references 61.139ms
[27.730s][info][gc,start    ] GC(44) Concurrent update thread roots
[27.741s][info][gc          ] GC(44) Concurrent update thread roots 11.060ms
[27.741s][info][gc,start    ] GC(44) Pause Final Update Refs
[27.741s][info][gc,task     ] GC(44) Using 3 of 3 workers for final reference update
[27.741s][info][gc          ] GC(44) Pause Final Update Refs 0.318ms
[27.741s][info][gc,start    ] GC(44) Concurrent cleanup
[27.741s][info][gc          ] GC(44) Concurrent cleanup 222M->186M(2048M) 0.076ms
[27.741s][info][gc,ergo     ] Free: 1757M, Max: 1024K regular, 1405M humongous, Frag: 20% external, 0% internal; Reserve: 103M, Max: 1024K
[27.741s][info][gc,stats    ] 
[27.741s][info][gc,stats    ] All times are wall-clock times, except per-root-class counters, that are sum over
[27.741s][info][gc,stats    ] all workers. Dividing the <total> over the root stage time estimates parallelism.
[27.741s][info][gc,stats    ] 
[27.741s][info][gc,stats    ] Concurrent Reset                   1216 us
[27.741s][info][gc,stats    ] Pause Init Mark (G)                 362 us
[27.741s][info][gc,stats    ] Pause Init Mark (N)                 266 us
[27.741s][info][gc,stats    ]   Update Region States               68 us
[27.741s][info][gc,stats    ] Concurrent Mark Roots             11324 us, parallelism: 0.96x
[27.742s][info][gc,stats    ]   CMR: <total>                    10895 us
[27.742s][info][gc,stats    ]   CMR: Thread Roots               10810 us, workers (us): 10810, ---, ---, 
[27.742s][info][gc,stats    ]   CMR: VM Strong Roots               15 us, workers (us):  15, ---, ---, 
[27.742s][info][gc,stats    ]   CMR: CLDG Roots                    70 us, workers (us):  70, ---, ---, 
[27.742s][info][gc,stats    ] Concurrent Marking               126479 us
[27.742s][info][gc,stats    ] Pause Final Mark (G)                541 us
[27.742s][info][gc,stats    ] Pause Final Mark (N)                456 us
[27.742s][info][gc,stats    ]   Finish Mark                       261 us
[27.742s][info][gc,stats    ]   Update Region States               47 us
[27.742s][info][gc,stats    ]   Choose Collection Set              51 us
[27.742s][info][gc,stats    ]   Rebuild Free Set                    8 us
[27.742s][info][gc,stats    ] Concurrent Thread Roots           11843 us, parallelism: 0.98x
[27.742s][info][gc,stats    ]   CTR: <total>                    11585 us
[27.742s][info][gc,stats    ]   CTR: Thread Roots               11585 us, workers (us): 11585, ---, ---, 
[27.742s][info][gc,stats    ] Concurrent Weak References          469 us, parallelism: 0.58x
[27.742s][info][gc,stats    ]   CWRF: <total>                     273 us
[27.742s][info][gc,stats    ]   CWRF: Weak References             273 us, workers (us): 273, ---, ---, 
[27.742s][info][gc,stats    ] Concurrent Weak Roots              2633 us
[27.742s][info][gc,stats    ]   Roots                            2411 us, parallelism: 0.97x
[27.742s][info][gc,stats    ]     CWR: <total>                   2350 us
[27.742s][info][gc,stats    ]     CWR: Code Cache Roots          1896 us, workers (us): 1896, ---, ---, 
[27.742s][info][gc,stats    ]     CWR: VM Weak Roots              412 us, workers (us): 412, ---, ---, 
[27.742s][info][gc,stats    ]     CWR: CLDG Roots                  42 us, workers (us):  42, ---, ---, 
[27.742s][info][gc,stats    ]   Rendezvous                        148 us
[27.742s][info][gc,stats    ] Concurrent Cleanup                   48 us
[27.742s][info][gc,stats    ] Concurrent Class Unloading        16101 us
[27.742s][info][gc,stats    ]   Unlink Stale                    14923 us
[27.742s][info][gc,stats    ]     System Dictionary               665 us
[27.742s][info][gc,stats    ]     Weak Class Links               5774 us
[27.742s][info][gc,stats    ]     Code Roots                     8481 us
[27.742s][info][gc,stats    ]   Rendezvous                        223 us
[27.742s][info][gc,stats    ]   Purge Unlinked                    888 us
[27.742s][info][gc,stats    ]     Code Roots                      512 us
[27.742s][info][gc,stats    ]     CLDG                            375 us
[27.742s][info][gc,stats    ]     Exception Caches                  0 us
[27.742s][info][gc,stats    ] Concurrent Strong Roots             537 us, parallelism: 0.59x
[27.742s][info][gc,stats    ]   CSR: <total>                      314 us
[27.742s][info][gc,stats    ]   CSR: VM Strong Roots               17 us, workers (us):  17, ---, ---, 
[27.742s][info][gc,stats    ]   CSR: CLDG Roots                   297 us, workers (us): 297, ---, ---, 
[27.742s][info][gc,stats    ] Concurrent Evacuation               477 us
[27.742s][info][gc,stats    ] Pause Init Update Refs (G)          130 us
[27.742s][info][gc,stats    ] Pause Init Update Refs (N)           65 us
[27.742s][info][gc,stats    ]   Manage GCLABs                      11 us
[27.742s][info][gc,stats    ] Concurrent Update Refs            61220 us
[27.742s][info][gc,stats    ] Concurrent Update Thread Roots    11109 us
[27.742s][info][gc,stats    ] Pause Final Update Refs (G)         416 us
[27.742s][info][gc,stats    ] Pause Final Update Refs (N)         328 us
[27.742s][info][gc,stats    ]   Update Region States              233 us
[27.742s][info][gc,stats    ]   Trash Collection Set                4 us
[27.742s][info][gc,stats    ]   Rebuild Free Set                   22 us
[27.742s][info][gc,stats    ] Concurrent Cleanup                  102 us
[27.742s][info][gc,stats    ] 
[27.742s][info][gc,stats    ] Allocation pacing accrued:
[27.742s][info][gc,stats    ]       0 of   252 ms (  0.0%): <total>
[27.742s][info][gc,stats    ]       0 of   252 ms (  0.0%): <average total>
[27.742s][info][gc,stats    ] 
[27.742s][info][gc,metaspace] Metaspace: 64825K(65600K)->64507K(65600K) NonClass: 56559K(57024K)->56296K(57024K) Class: 8265K(8576K)->8211K(8576K)
[27.742s][info][gc,ergo     ] Pacer for Idle. Initial: 41943K, Alloc Tax Rate: 1.0x
[27.935s][info][gc          ] Trigger: Learning 2 of 5. Free (1399M) is below initial threshold (1433M)
[27.936s][info][gc,ergo     ] Free: 1399M, Max: 1024K regular, 1394M humongous, Frag: 0% external, 0% internal; Reserve: 103M, Max: 1024K
[27.936s][info][gc,start    ] GC(45) Concurrent reset
[27.936s][info][gc,task     ] GC(45) Using 1 of 3 workers for concurrent reset
[27.936s][info][gc,ergo     ] GC(45) Pacer for Reset. Non-Taxable: 2048M
[27.936s][info][gc          ] GC(45) Concurrent reset 0.924ms
[27.937s][info][gc,start    ] GC(45) Pause Init Mark (unload classes)
[27.937s][info][gc,task     ] GC(45) Using 3 of 3 workers for init marking
[27.937s][info][gc,ergo     ] GC(45) Pacer for Mark. Expected Live: 170M, Free: 1399M, Non-Taxable: 139M, Alloc Tax Rate: 0.1x
[27.937s][info][gc          ] GC(45) Pause Init Mark (unload classes) 0.161ms
[27.937s][info][gc,start    ] GC(45) Concurrent marking roots
[27.937s][info][gc,task     ] GC(45) Using 1 of 3 workers for concurrent marking roots
[27.949s][info][gc          ] GC(45) Concurrent marking roots 12.532ms
[27.949s][info][gc,start    ] GC(45) Concurrent marking (unload classes)
[27.949s][info][gc,task     ] GC(45) Using 1 of 3 workers for concurrent marking
[28.082s][info][gc          ] GC(45) Concurrent marking (unload classes) 132.417ms
[28.082s][info][gc,start    ] GC(45) Pause Final Mark (unload classes)
[28.082s][info][gc,task     ] GC(45) Using 3 of 3 workers for final marking
[28.082s][info][gc,ergo     ] GC(45) Adaptive CSet Selection. Target Free: 290M, Actual Free: 1390M, Max CSet: 87381K, Min Garbage: 0B
[28.082s][info][gc,ergo     ] GC(45) Collectable Garbage: 366M (99%), Immediate: 329M (88%), CSet: 38630K (10%)
[28.082s][info][gc,ergo     ] GC(45) Pacer for Evacuation. Used CSet: 40628K, Free: 1295M, Non-Taxable: 129M, Alloc Tax Rate: 1.1x
[28.082s][info][gc          ] GC(45) Pause Final Mark (unload classes) 0.337ms
[28.082s][info][gc,start    ] GC(45) Concurrent thread roots
[28.082s][info][gc,task     ] GC(45) Using 1 of 3 workers for Concurrent thread roots
[28.094s][info][gc          ] GC(45) Concurrent thread roots 12.074ms
[28.094s][info][gc,start    ] GC(45) Concurrent weak references
[28.094s][info][gc,task     ] GC(45) Using 1 of 3 workers for concurrent weak references
[28.095s][info][gc,ref      ] GC(45) Encountered references: Soft: 2904, Weak: 5749, Final: 51, Phantom: 579
[28.095s][info][gc,ref      ] GC(45) Discovered  references: Soft: 0, Weak: 875, Final: 0, Phantom: 260
[28.095s][info][gc,ref      ] GC(45) Enqueued    references: Soft: 0, Weak: 94, Final: 0, Phantom: 0
[28.095s][info][gc          ] GC(45) Concurrent weak references 0.225ms
[28.095s][info][gc,start    ] GC(45) Concurrent weak roots
[28.095s][info][gc,task     ] GC(45) Using 1 of 3 workers for concurrent weak root
[28.098s][info][gc          ] GC(45) Concurrent weak roots 3.402ms
[28.098s][info][gc,start    ] GC(45) Concurrent cleanup
[28.098s][info][gc          ] GC(45) Concurrent cleanup 1025M->696M(2048M) 0.051ms
[28.098s][info][gc,ergo     ] GC(45) Free: 1247M, Max: 1024K regular, 910M humongous, Frag: 27% external, 0% internal; Reserve: 102M, Max: 1024K
[28.098s][info][gc,start    ] GC(45) Concurrent class unloading
[28.098s][info][gc,task     ] GC(45) Using 1 of 3 workers for concurrent class unloading
[28.110s][info][gc          ] GC(45) Concurrent class unloading 11.342ms
[28.110s][info][gc,start    ] GC(45) Concurrent strong roots
[28.110s][info][gc,task     ] GC(45) Using 1 of 3 workers for concurrent strong root
[28.110s][info][gc          ] GC(45) Concurrent strong roots 0.358ms
[28.110s][info][gc,start    ] GC(45) Concurrent evacuation
[28.110s][info][gc,task     ] GC(45) Using 1 of 3 workers for concurrent evacuation
[28.111s][info][gc          ] GC(45) Concurrent evacuation 1.376ms
[28.111s][info][gc,start    ] GC(45) Pause Init Update Refs
[28.112s][info][gc,ergo     ] GC(45) Pacer for Update Refs. Used: 735M, Free: 1210M, Non-Taxable: 121M, Alloc Tax Rate: 1.1x
[28.112s][info][gc          ] GC(45) Pause Init Update Refs 0.054ms
[28.112s][info][gc,start    ] GC(45) Concurrent update references
[28.112s][info][gc,task     ] GC(45) Using 1 of 3 workers for concurrent reference update
[28.294s][info][gc          ] GC(45) Concurrent update references 182.402ms
[28.294s][info][gc,start    ] GC(45) Concurrent update thread roots
[28.308s][info][gc          ] GC(45) Concurrent update thread roots 13.501ms
[28.308s][info][gc,start    ] GC(45) Pause Final Update Refs
[28.308s][info][gc,task     ] GC(45) Using 3 of 3 workers for final reference update
[28.308s][info][gc          ] GC(45) Pause Final Update Refs 0.128ms
[28.308s][info][gc,start    ] GC(45) Concurrent cleanup
[28.308s][info][gc          ] GC(45) Concurrent cleanup 1274M->1234M(2048M) 0.027ms
[28.308s][info][gc,ergo     ] Free: 708M, Max: 1024K regular, 664M humongous, Frag: 6% external, 0% internal; Reserve: 103M, Max: 1024K
[28.308s][info][gc,stats    ] 
[28.308s][info][gc,stats    ] All times are wall-clock times, except per-root-class counters, that are sum over
[28.308s][info][gc,stats    ] all workers. Dividing the <total> over the root stage time estimates parallelism.
[28.308s][info][gc,stats    ] 
[28.308s][info][gc,stats    ] Concurrent Reset                    950 us
[28.308s][info][gc,stats    ] Pause Init Mark (G)                 317 us
[28.308s][info][gc,stats    ] Pause Init Mark (N)                 169 us
[28.308s][info][gc,stats    ]   Update Region States               62 us
[28.308s][info][gc,stats    ] Concurrent Mark Roots             12606 us, parallelism: 0.98x
[28.308s][info][gc,stats    ]   CMR: <total>                    12355 us
[28.308s][info][gc,stats    ]   CMR: Thread Roots               12247 us, workers (us): 12247, ---, ---, 
[28.308s][info][gc,stats    ]   CMR: VM Strong Roots               11 us, workers (us):  11, ---, ---, 
[28.308s][info][gc,stats    ]   CMR: CLDG Roots                    97 us, workers (us):  97, ---, ---, 
[28.308s][info][gc,stats    ] Concurrent Marking               132478 us
[28.308s][info][gc,stats    ] Pause Final Mark (G)                440 us
[28.308s][info][gc,stats    ] Pause Final Mark (N)                354 us
[28.308s][info][gc,stats    ]   Finish Mark                        60 us
[28.308s][info][gc,stats    ]   Update Region States               37 us
[28.308s][info][gc,stats    ]   Choose Collection Set             117 us
[28.308s][info][gc,stats    ]   Rebuild Free Set                   16 us
[28.308s][info][gc,stats    ] Concurrent Thread Roots           12102 us, parallelism: 0.99x
[28.308s][info][gc,stats    ]   CTR: <total>                    12020 us
[28.308s][info][gc,stats    ]   CTR: Thread Roots               12020 us, workers (us): 12020, ---, ---, 
[28.308s][info][gc,stats    ] Concurrent Weak References          232 us, parallelism: 0.67x
[28.308s][info][gc,stats    ]   CWRF: <total>                     154 us
[28.308s][info][gc,stats    ]   CWRF: Weak References             154 us, workers (us): 154, ---, ---, 
[28.308s][info][gc,stats    ] Concurrent Weak Roots              3450 us
[28.308s][info][gc,stats    ]   Roots                            3172 us, parallelism: 0.99x
[28.308s][info][gc,stats    ]     CWR: <total>                   3129 us
[28.308s][info][gc,stats    ]     CWR: Code Cache Roots          2326 us, workers (us): 2326, ---, ---, 
[28.308s][info][gc,stats    ]     CWR: VM Weak Roots              729 us, workers (us): 729, ---, ---, 
[28.308s][info][gc,stats    ]     CWR: CLDG Roots                  74 us, workers (us):  74, ---, ---, 
[28.308s][info][gc,stats    ]   Rendezvous                        201 us
[28.308s][info][gc,stats    ] Concurrent Cleanup                   59 us
[28.308s][info][gc,stats    ] Concurrent Class Unloading        11399 us
[28.308s][info][gc,stats    ]   Unlink Stale                    10758 us
[28.308s][info][gc,stats    ]     System Dictionary                73 us
[28.308s][info][gc,stats    ]     Weak Class Links                  0 us
[28.308s][info][gc,stats    ]     Code Roots                    10683 us
[28.308s][info][gc,stats    ]   Rendezvous                        147 us
[28.308s][info][gc,stats    ]   Purge Unlinked                    419 us
[28.308s][info][gc,stats    ]     Code Roots                      416 us
[28.308s][info][gc,stats    ]     CLDG                              3 us
[28.308s][info][gc,stats    ]     Exception Caches                  0 us
[28.308s][info][gc,stats    ] Concurrent Strong Roots             368 us, parallelism: 0.71x
[28.308s][info][gc,stats    ]   CSR: <total>                      260 us
[28.308s][info][gc,stats    ]   CSR: VM Strong Roots               13 us, workers (us):  13, ---, ---, 
[28.308s][info][gc,stats    ]   CSR: CLDG Roots                   247 us, workers (us): 247, ---, ---, 
[28.308s][info][gc,stats    ] Concurrent Evacuation              1393 us
[28.308s][info][gc,stats    ] Pause Init Update Refs (G)          233 us
[28.308s][info][gc,stats    ] Pause Init Update Refs (N)           63 us
[28.308s][info][gc,stats    ]   Manage GCLABs                      14 us
[28.308s][info][gc,stats    ] Concurrent Update Refs           182475 us
[28.308s][info][gc,stats    ] Concurrent Update Thread Roots    13585 us
[28.308s][info][gc,stats    ] Pause Final Update Refs (G)         262 us
[28.308s][info][gc,stats    ] Pause Final Update Refs (N)         139 us
[28.308s][info][gc,stats    ]   Update Region States               58 us
[28.308s][info][gc,stats    ]   Trash Collection Set                3 us
[28.308s][info][gc,stats    ]   Rebuild Free Set                    8 us
[28.308s][info][gc,stats    ] Concurrent Cleanup                   37 us
[28.308s][info][gc,stats    ] Pacing                            69387 us
[28.308s][info][gc,stats    ] 
[28.308s][info][gc,stats    ] Allocation pacing accrued:
[28.308s][info][gc,stats    ]      35 of   567 ms (  6.2%): Executor task launch worker for task 1.0 in stage 25.0 (TID 42)
[28.308s][info][gc,stats    ]      34 of   567 ms (  6.0%): Executor task launch worker for task 0.0 in stage 25.0 (TID 41)
[28.308s][info][gc,stats    ]      69 of   567 ms ( 12.2%): <total>
[28.308s][info][gc,stats    ]       0 of   567 ms (  0.1%): <average total>
[28.308s][info][gc,stats    ]      35 of   567 ms (  6.1%): <average non-zero>
[28.308s][info][gc,stats    ] 
[28.309s][info][gc,metaspace] Metaspace: 64855K(65600K)->64857K(65600K) NonClass: 56592K(57024K)->56594K(57024K) Class: 8262K(8576K)->8262K(8576K)
[28.309s][info][gc,ergo     ] Pacer for Idle. Initial: 41943K, Alloc Tax Rate: 1.0x
[28.313s][info][gc          ] Trigger: Learning 3 of 5. Free (691M) is below initial threshold (1433M)
[28.313s][info][gc,ergo     ] Free: 691M, Max: 1024K regular, 664M humongous, Frag: 4% external, 0% internal; Reserve: 103M, Max: 1024K
[28.313s][info][gc,start    ] GC(46) Concurrent reset
[28.313s][info][gc,task     ] GC(46) Using 1 of 3 workers for concurrent reset
[28.313s][info][gc,ergo     ] GC(46) Pacer for Reset. Non-Taxable: 2048M
[28.314s][info][gc          ] GC(46) Concurrent reset 0.943ms
[28.314s][info][gc,start    ] GC(46) Pause Init Mark (unload classes)
[28.314s][info][gc,task     ] GC(46) Using 3 of 3 workers for init marking
[28.314s][info][gc,ergo     ] GC(46) Pacer for Mark. Expected Live: 170M, Free: 689M, Non-Taxable: 70625K, Alloc Tax Rate: 0.3x
[28.314s][info][gc          ] GC(46) Pause Init Mark (unload classes) 0.179ms
[28.314s][info][gc,start    ] GC(46) Concurrent marking roots
[28.315s][info][gc,task     ] GC(46) Using 1 of 3 workers for concurrent marking roots
[28.327s][info][gc          ] GC(46) Concurrent marking roots 12.096ms
[28.327s][info][gc,start    ] GC(46) Concurrent marking (unload classes)
[28.327s][info][gc,task     ] GC(46) Using 1 of 3 workers for concurrent marking
[28.456s][info][gc          ] GC(46) Concurrent marking (unload classes) 129.378ms
[28.456s][info][gc,start    ] GC(46) Pause Final Mark (unload classes)
[28.456s][info][gc,task     ] GC(46) Using 3 of 3 workers for final marking
[28.456s][info][gc,ergo     ] GC(46) Collectable Garbage: 1061M (98%), Immediate: 1061M (98%), CSet: 0B (0%)
[28.456s][info][gc          ] GC(46) Pause Final Mark (unload classes) 0.213ms
[28.456s][info][gc,start    ] GC(46) Concurrent weak references
[28.456s][info][gc,task     ] GC(46) Using 1 of 3 workers for concurrent weak references
[28.456s][info][gc,ref      ] GC(46) Encountered references: Soft: 2904, Weak: 5663, Final: 51, Phantom: 579
[28.457s][info][gc,ref      ] GC(46) Discovered  references: Soft: 0, Weak: 788, Final: 0, Phantom: 260
[28.457s][info][gc,ref      ] GC(46) Enqueued    references: Soft: 0, Weak: 21, Final: 0, Phantom: 0
[28.457s][info][gc          ] GC(46) Concurrent weak references 0.146ms
[28.457s][info][gc,start    ] GC(46) Concurrent weak roots
[28.457s][info][gc,task     ] GC(46) Using 1 of 3 workers for concurrent weak root
[28.459s][info][gc          ] GC(46) Concurrent weak roots 2.670ms
[28.459s][info][gc,start    ] GC(46) Concurrent cleanup
[28.459s][info][gc          ] GC(46) Concurrent cleanup 1632M->572M(2048M) 0.130ms
[28.459s][info][gc,ergo     ] GC(46) Free: 1370M, Max: 1024K regular, 464M humongous, Frag: 67% external, 0% internal; Reserve: 103M, Max: 1024K
[28.459s][info][gc,start    ] GC(46) Concurrent class unloading
[28.459s][info][gc,task     ] GC(46) Using 1 of 3 workers for concurrent class unloading
[28.469s][info][gc          ] GC(46) Concurrent class unloading 9.208ms
[28.469s][info][gc,start    ] GC(46) Pause Final Roots
[28.469s][info][gc          ] GC(46) Pause Final Roots 0.051ms
[28.469s][info][gc,ergo     ] Free: 1335M, Max: 1024K regular, 464M humongous, Frag: 66% external, 0% internal; Reserve: 103M, Max: 1024K
[28.469s][info][gc,stats    ] 
[28.469s][info][gc,stats    ] All times are wall-clock times, except per-root-class counters, that are sum over
[28.469s][info][gc,stats    ] all workers. Dividing the <total> over the root stage time estimates parallelism.
[28.469s][info][gc,stats    ] 
[28.469s][info][gc,stats    ] Concurrent Reset                    998 us
[28.469s][info][gc,stats    ] Pause Init Mark (G)                 323 us
[28.469s][info][gc,stats    ] Pause Init Mark (N)                 199 us
[28.469s][info][gc,stats    ]   Update Region States               62 us
[28.469s][info][gc,stats    ] Concurrent Mark Roots             12118 us, parallelism: 0.98x
[28.469s][info][gc,stats    ]   CMR: <total>                    11928 us
[28.469s][info][gc,stats    ]   CMR: Thread Roots               11832 us, workers (us): 11832, ---, ---, 
[28.469s][info][gc,stats    ]   CMR: VM Strong Roots               14 us, workers (us):  14, ---, ---, 
[28.469s][info][gc,stats    ]   CMR: CLDG Roots                    82 us, workers (us):  82, ---, ---, 
[28.469s][info][gc,stats    ] Concurrent Marking               129445 us
[28.469s][info][gc,stats    ] Pause Final Mark (G)                324 us
[28.469s][info][gc,stats    ] Pause Final Mark (N)                222 us
[28.469s][info][gc,stats    ]   Finish Mark                        80 us
[28.469s][info][gc,stats    ]   Update Region States               31 us
[28.469s][info][gc,stats    ]   Choose Collection Set              38 us
[28.469s][info][gc,stats    ]   Rebuild Free Set                    8 us
[28.469s][info][gc,stats    ] Concurrent Weak References          154 us, parallelism: 0.32x
[28.469s][info][gc,stats    ]   CWRF: <total>                      49 us
[28.469s][info][gc,stats    ]   CWRF: Weak References              49 us, workers (us):  49, ---, ---, 
[28.469s][info][gc,stats    ] Concurrent Weak Roots              2707 us
[28.469s][info][gc,stats    ]   Roots                            2449 us, parallelism: 0.97x
[28.469s][info][gc,stats    ]     CWR: <total>                   2381 us
[28.469s][info][gc,stats    ]     CWR: Code Cache Roots          2023 us, workers (us): 2023, ---, ---, 
[28.469s][info][gc,stats    ]     CWR: VM Weak Roots              306 us, workers (us): 306, ---, ---, 
[28.469s][info][gc,stats    ]     CWR: CLDG Roots                  53 us, workers (us):  53, ---, ---, 
[28.469s][info][gc,stats    ]   Rendezvous                        204 us
[28.469s][info][gc,stats    ] Concurrent Cleanup                  148 us
[28.469s][info][gc,stats    ] Concurrent Class Unloading         9254 us
[28.469s][info][gc,stats    ]   Unlink Stale                     8499 us
[28.469s][info][gc,stats    ]     System Dictionary                63 us
[28.469s][info][gc,stats    ]     Weak Class Links                  0 us
[28.469s][info][gc,stats    ]     Code Roots                     8434 us
[28.469s][info][gc,stats    ]   Rendezvous                        209 us
[28.469s][info][gc,stats    ]   Purge Unlinked                    466 us
[28.469s][info][gc,stats    ]     Code Roots                      456 us
[28.469s][info][gc,stats    ]     CLDG                              9 us
[28.469s][info][gc,stats    ]     Exception Caches                  0 us
[28.469s][info][gc,stats    ] Pause Final Roots (G)               151 us
[28.469s][info][gc,stats    ] Pause Final Roots (N)                61 us
[28.469s][info][gc,stats    ] Pacing                            57810 us
[28.469s][info][gc,stats    ] 
[28.469s][info][gc,stats    ] Allocation pacing accrued:
[28.469s][info][gc,stats    ]      38 of   161 ms ( 23.4%): Executor task launch worker for task 1.0 in stage 25.0 (TID 42)
[28.469s][info][gc,stats    ]      20 of   161 ms ( 12.5%): Executor task launch worker for task 0.0 in stage 25.0 (TID 41)
[28.469s][info][gc,stats    ]      58 of   161 ms ( 36.0%): <total>
[28.469s][info][gc,stats    ]       0 of   161 ms (  0.2%): <average total>
[28.469s][info][gc,stats    ]      29 of   161 ms ( 18.0%): <average non-zero>
[28.469s][info][gc,stats    ] 
[28.469s][info][gc,metaspace] Metaspace: 64857K(65600K)->64857K(65600K) NonClass: 56594K(57024K)->56594K(57024K) Class: 8262K(8576K)->8262K(8576K)
[28.469s][info][gc,ergo     ] Pacer for Idle. Initial: 41943K, Alloc Tax Rate: 1.0x
[28.486s][info][gc          ] Trigger: Learning 4 of 5. Free (1292M) is below initial threshold (1433M)
[28.486s][info][gc,ergo     ] Free: 1292M, Max: 1024K regular, 464M humongous, Frag: 64% external, 0% internal; Reserve: 103M, Max: 1024K
[28.486s][info][gc,start    ] GC(47) Concurrent reset
[28.486s][info][gc,task     ] GC(47) Using 1 of 3 workers for concurrent reset
[28.486s][info][gc,ergo     ] GC(47) Pacer for Reset. Non-Taxable: 2048M
[28.487s][info][gc          ] GC(47) Concurrent reset 1.198ms
[28.487s][info][gc,start    ] GC(47) Pause Init Mark (unload classes)
[28.487s][info][gc,task     ] GC(47) Using 3 of 3 workers for init marking
[28.488s][info][gc,ergo     ] GC(47) Pacer for Mark. Expected Live: 170M, Free: 1292M, Non-Taxable: 129M, Alloc Tax Rate: 0.2x
[28.488s][info][gc          ] GC(47) Pause Init Mark (unload classes) 0.213ms
[28.488s][info][gc,start    ] GC(47) Concurrent marking roots
[28.488s][info][gc,task     ] GC(47) Using 1 of 3 workers for concurrent marking roots
[28.500s][info][gc          ] GC(47) Concurrent marking roots 12.418ms
[28.500s][info][gc,start    ] GC(47) Concurrent marking (unload classes)
[28.500s][info][gc,task     ] GC(47) Using 1 of 3 workers for concurrent marking
[28.628s][info][gc          ] GC(47) Concurrent marking (unload classes) 127.831ms
[28.628s][info][gc,start    ] GC(47) Pause Final Mark (unload classes)
[28.628s][info][gc,task     ] GC(47) Using 3 of 3 workers for final marking
[28.628s][info][gc,ergo     ] GC(47) Collectable Garbage: 458M (95%), Immediate: 458M (95%), CSet: 0B (0%)
[28.628s][info][gc          ] GC(47) Pause Final Mark (unload classes) 0.303ms
[28.628s][info][gc,start    ] GC(47) Concurrent weak references
[28.628s][info][gc,task     ] GC(47) Using 1 of 3 workers for concurrent weak references
[28.629s][info][gc,ref      ] GC(47) Encountered references: Soft: 2904, Weak: 5640, Final: 51, Phantom: 579
[28.629s][info][gc,ref      ] GC(47) Discovered  references: Soft: 0, Weak: 495, Final: 0, Phantom: 337
[28.629s][info][gc,ref      ] GC(47) Enqueued    references: Soft: 0, Weak: 0, Final: 0, Phantom: 0
[28.629s][info][gc          ] GC(47) Concurrent weak references 0.196ms
[28.629s][info][gc,start    ] GC(47) Concurrent weak roots
[28.629s][info][gc,task     ] GC(47) Using 1 of 3 workers for concurrent weak root
[28.631s][info][gc          ] GC(47) Concurrent weak roots 2.638ms
[28.631s][info][gc,start    ] GC(47) Concurrent cleanup
[28.631s][info][gc          ] GC(47) Concurrent cleanup 1050M->592M(2048M) 0.081ms
[28.631s][info][gc,ergo     ] GC(47) Free: 1349M, Max: 1024K regular, 410M humongous, Frag: 70% external, 0% internal; Reserve: 103M, Max: 1024K
[28.631s][info][gc,start    ] GC(47) Concurrent class unloading
[28.631s][info][gc,task     ] GC(47) Using 1 of 3 workers for concurrent class unloading
[28.641s][info][gc          ] GC(47) Concurrent class unloading 9.028ms
[28.641s][info][gc,start    ] GC(47) Pause Final Roots
[28.641s][info][gc          ] GC(47) Pause Final Roots 0.041ms
[28.641s][info][gc,ergo     ] Free: 1335M, Max: 1024K regular, 410M humongous, Frag: 70% external, 0% internal; Reserve: 103M, Max: 1024K
[28.641s][info][gc,stats    ] 
[28.641s][info][gc,stats    ] All times are wall-clock times, except per-root-class counters, that are sum over
[28.641s][info][gc,stats    ] all workers. Dividing the <total> over the root stage time estimates parallelism.
[28.641s][info][gc,stats    ] 
[28.641s][info][gc,stats    ] Concurrent Reset                   1262 us
[28.641s][info][gc,stats    ] Pause Init Mark (G)                 328 us
[28.641s][info][gc,stats    ] Pause Init Mark (N)                 240 us
[28.641s][info][gc,stats    ]   Update Region States               90 us
[28.641s][info][gc,stats    ] Concurrent Mark Roots             12460 us, parallelism: 0.96x
[28.641s][info][gc,stats    ]   CMR: <total>                    12022 us
[28.641s][info][gc,stats    ]   CMR: Thread Roots               11934 us, workers (us): 11934, ---, ---, 
[28.641s][info][gc,stats    ]   CMR: VM Strong Roots               18 us, workers (us):  18, ---, ---, 
[28.641s][info][gc,stats    ]   CMR: CLDG Roots                    69 us, workers (us):  69, ---, ---, 
[28.641s][info][gc,stats    ] Concurrent Marking               127896 us
[28.641s][info][gc,stats    ] Pause Final Mark (G)                443 us
[28.641s][info][gc,stats    ] Pause Final Mark (N)                323 us
[28.641s][info][gc,stats    ]   Finish Mark                        68 us
[28.641s][info][gc,stats    ]   Update Region States               71 us
[28.641s][info][gc,stats    ]   Choose Collection Set              67 us
[28.641s][info][gc,stats    ]   Rebuild Free Set                   17 us
[28.641s][info][gc,stats    ] Concurrent Weak References          203 us, parallelism: 0.35x
[28.641s][info][gc,stats    ]   CWRF: <total>                      70 us
[28.641s][info][gc,stats    ]   CWRF: Weak References              70 us, workers (us):  70, ---, ---, 
[28.641s][info][gc,stats    ] Concurrent Weak Roots              2683 us
[28.641s][info][gc,stats    ]   Roots                            2427 us, parallelism: 0.96x
[28.641s][info][gc,stats    ]     CWR: <total>                   2325 us
[28.641s][info][gc,stats    ]     CWR: Code Cache Roots          1821 us, workers (us): 1821, ---, ---, 
[28.641s][info][gc,stats    ]     CWR: VM Weak Roots              458 us, workers (us): 458, ---, ---, 
[28.641s][info][gc,stats    ]     CWR: CLDG Roots                  46 us, workers (us):  46, ---, ---, 
[28.641s][info][gc,stats    ]   Rendezvous                        193 us
[28.641s][info][gc,stats    ] Concurrent Cleanup                   99 us
[28.641s][info][gc,stats    ] Concurrent Class Unloading         9116 us
[28.641s][info][gc,stats    ]   Unlink Stale                     8364 us
[28.641s][info][gc,stats    ]     System Dictionary                55 us
[28.641s][info][gc,stats    ]     Weak Class Links                  0 us
[28.641s][info][gc,stats    ]     Code Roots                     8306 us
[28.641s][info][gc,stats    ]   Rendezvous                        159 us
[28.641s][info][gc,stats    ]   Purge Unlinked                    469 us
[28.641s][info][gc,stats    ]     Code Roots                      459 us
[28.641s][info][gc,stats    ]     CLDG                             10 us
[28.641s][info][gc,stats    ]     Exception Caches                  0 us
[28.641s][info][gc,stats    ] Pause Final Roots (G)               173 us
[28.641s][info][gc,stats    ] Pause Final Roots (N)                51 us
[28.641s][info][gc,stats    ] Pacing                            42349 us
[28.641s][info][gc,stats    ] 
[28.641s][info][gc,stats    ] Allocation pacing accrued:
[28.641s][info][gc,stats    ]      21 of   172 ms ( 12.3%): Executor task launch worker for task 1.0 in stage 25.0 (TID 42)
[28.641s][info][gc,stats    ]      21 of   172 ms ( 12.4%): Executor task launch worker for task 0.0 in stage 25.0 (TID 41)
[28.641s][info][gc,stats    ]      42 of   172 ms ( 24.6%): <total>
[28.641s][info][gc,stats    ]       0 of   172 ms (  0.1%): <average total>
[28.641s][info][gc,stats    ]      21 of   172 ms ( 12.3%): <average non-zero>
[28.641s][info][gc,stats    ] 
[28.641s][info][gc,metaspace] Metaspace: 64857K(65600K)->64869K(65600K) NonClass: 56594K(57024K)->56606K(57024K) Class: 8262K(8576K)->8263K(8576K)
[28.641s][info][gc,ergo     ] Pacer for Idle. Initial: 41943K, Alloc Tax Rate: 1.0x
[28.643s][info][gc          ] Trigger: Learning 5 of 5. Free (1334M) is below initial threshold (1433M)
[28.643s][info][gc,ergo     ] Free: 1334M, Max: 1024K regular, 410M humongous, Frag: 70% external, 0% internal; Reserve: 103M, Max: 1024K
[28.643s][info][gc,start    ] GC(48) Concurrent reset
[28.643s][info][gc,task     ] GC(48) Using 1 of 3 workers for concurrent reset
[28.643s][info][gc,ergo     ] GC(48) Pacer for Reset. Non-Taxable: 2048M
[28.644s][info][gc          ] GC(48) Concurrent reset 0.862ms
[28.644s][info][gc,start    ] GC(48) Pause Init Mark (unload classes)
[28.644s][info][gc,task     ] GC(48) Using 3 of 3 workers for init marking
[28.644s][info][gc,ergo     ] GC(48) Pacer for Mark. Expected Live: 170M, Free: 1334M, Non-Taxable: 133M, Alloc Tax Rate: 0.2x
[28.644s][info][gc          ] GC(48) Pause Init Mark (unload classes) 0.160ms
[28.644s][info][gc,start    ] GC(48) Concurrent marking roots
[28.644s][info][gc,task     ] GC(48) Using 1 of 3 workers for concurrent marking roots
[28.657s][info][gc          ] GC(48) Concurrent marking roots 12.492ms
[28.657s][info][gc,start    ] GC(48) Concurrent marking (unload classes)
[28.657s][info][gc,task     ] GC(48) Using 1 of 3 workers for concurrent marking
[28.785s][info][gc          ] GC(48) Concurrent marking (unload classes) 128.522ms
[28.786s][info][gc,start    ] GC(48) Pause Final Mark (unload classes)
[28.786s][info][gc,task     ] GC(48) Using 3 of 3 workers for final marking
[28.786s][info][gc,ergo     ] GC(48) Collectable Garbage: 409M (94%), Immediate: 409M (94%), CSet: 0B (0%)
[28.786s][info][gc          ] GC(48) Pause Final Mark (unload classes) 0.337ms
[28.786s][info][gc,start    ] GC(48) Concurrent weak references
[28.786s][info][gc,task     ] GC(48) Using 1 of 3 workers for concurrent weak references
[28.786s][info][gc,ref      ] GC(48) Encountered references: Soft: 2913, Weak: 5738, Final: 51, Phantom: 579
[28.786s][info][gc,ref      ] GC(48) Discovered  references: Soft: 0, Weak: 974, Final: 0, Phantom: 260
[28.786s][info][gc,ref      ] GC(48) Enqueued    references: Soft: 0, Weak: 3, Final: 0, Phantom: 0
[28.786s][info][gc          ] GC(48) Concurrent weak references 0.241ms
[28.786s][info][gc,start    ] GC(48) Concurrent weak roots
[28.786s][info][gc,task     ] GC(48) Using 1 of 3 workers for concurrent weak root
[28.789s][info][gc          ] GC(48) Concurrent weak roots 2.696ms
[28.789s][info][gc,start    ] GC(48) Concurrent cleanup
[28.789s][info][gc          ] GC(48) Concurrent cleanup 622M->213M(2048M) 0.041ms
[28.789s][info][gc,ergo     ] GC(48) Free: 1728M, Max: 1024K regular, 909M humongous, Frag: 48% external, 0% internal; Reserve: 103M, Max: 1024K
[28.789s][info][gc,start    ] GC(48) Concurrent class unloading
[28.789s][info][gc,task     ] GC(48) Using 1 of 3 workers for concurrent class unloading
[28.797s][info][gc          ] GC(48) Concurrent class unloading 8.310ms
[28.797s][info][gc,start    ] GC(48) Pause Final Roots
[28.797s][info][gc          ] GC(48) Pause Final Roots 0.045ms
[28.798s][info][gc,ergo     ] Free: 1728M, Max: 1024K regular, 909M humongous, Frag: 48% external, 0% internal; Reserve: 103M, Max: 1024K
[28.798s][info][gc,stats    ] 
[28.798s][info][gc,stats    ] All times are wall-clock times, except per-root-class counters, that are sum over
[28.798s][info][gc,stats    ] all workers. Dividing the <total> over the root stage time estimates parallelism.
[28.798s][info][gc,stats    ] 
[28.798s][info][gc,stats    ] Concurrent Reset                    909 us
[28.798s][info][gc,stats    ] Pause Init Mark (G)                 312 us
[28.798s][info][gc,stats    ] Pause Init Mark (N)                 170 us
[28.798s][info][gc,stats    ]   Update Region States               66 us
[28.798s][info][gc,stats    ] Concurrent Mark Roots             12555 us, parallelism: 0.97x
[28.798s][info][gc,stats    ]   CMR: <total>                    12147 us
[28.798s][info][gc,stats    ]   CMR: Thread Roots               11973 us, workers (us): 11973, ---, ---, 
[28.798s][info][gc,stats    ]   CMR: VM Strong Roots               21 us, workers (us):  21, ---, ---, 
[28.798s][info][gc,stats    ]   CMR: CLDG Roots                   153 us, workers (us): 153, ---, ---, 
[28.798s][info][gc,stats    ] Concurrent Marking               128566 us
[28.798s][info][gc,stats    ] Pause Final Mark (G)                435 us
[28.798s][info][gc,stats    ] Pause Final Mark (N)                355 us
[28.798s][info][gc,stats    ]   Finish Mark                       121 us
[28.798s][info][gc,stats    ]   Update Region States               55 us
[28.798s][info][gc,stats    ]   Choose Collection Set              56 us
[28.798s][info][gc,stats    ]   Rebuild Free Set                   17 us
[28.798s][info][gc,stats    ] Concurrent Weak References          249 us, parallelism: 0.42x
[28.798s][info][gc,stats    ]   CWRF: <total>                     104 us
[28.798s][info][gc,stats    ]   CWRF: Weak References             104 us, workers (us): 104, ---, ---, 
[28.798s][info][gc,stats    ] Concurrent Weak Roots              2740 us
[28.798s][info][gc,stats    ]   Roots                            2546 us, parallelism: 0.97x
[28.798s][info][gc,stats    ]     CWR: <total>                   2470 us
[28.798s][info][gc,stats    ]     CWR: Code Cache Roots          1769 us, workers (us): 1769, ---, ---, 
[28.798s][info][gc,stats    ]     CWR: VM Weak Roots              649 us, workers (us): 649, ---, ---, 
[28.798s][info][gc,stats    ]     CWR: CLDG Roots                  52 us, workers (us):  52, ---, ---, 
[28.798s][info][gc,stats    ]   Rendezvous                        132 us
[28.798s][info][gc,stats    ] Concurrent Cleanup                   49 us
[28.798s][info][gc,stats    ] Concurrent Class Unloading         8374 us
[28.798s][info][gc,stats    ]   Unlink Stale                     7408 us
[28.798s][info][gc,stats    ]     System Dictionary                43 us
[28.798s][info][gc,stats    ]     Weak Class Links                  0 us
[28.798s][info][gc,stats    ]     Code Roots                     7363 us
[28.798s][info][gc,stats    ]   Rendezvous                        293 us
[28.798s][info][gc,stats    ]   Purge Unlinked                    590 us
[28.798s][info][gc,stats    ]     Code Roots                      572 us
[28.798s][info][gc,stats    ]     CLDG                             17 us
[28.798s][info][gc,stats    ]     Exception Caches                  0 us
[28.798s][info][gc,stats    ] Pause Final Roots (G)               125 us
[28.798s][info][gc,stats    ] Pause Final Roots (N)                55 us
[28.798s][info][gc,stats    ] 
[28.798s][info][gc,stats    ] Allocation pacing accrued:
[28.798s][info][gc,stats    ]       0 of   157 ms (  0.0%): <total>
[28.798s][info][gc,stats    ]       0 of   157 ms (  0.0%): <average total>
[28.798s][info][gc,stats    ] 
[28.798s][info][gc,metaspace] Metaspace: 64873K(65600K)->64897K(65664K) NonClass: 56609K(57024K)->56631K(57088K) Class: 8263K(8576K)->8265K(8576K)
[28.798s][info][gc,ergo     ] Pacer for Idle. Initial: 41943K, Alloc Tax Rate: 1.0x
[28.806s][info][gc          ] Trigger: Explicit GC request (System.gc())
[28.806s][info][gc,ergo     ] Free: 1728M, Max: 1024K regular, 909M humongous, Frag: 48% external, 0% internal; Reserve: 103M, Max: 1024K
[28.806s][info][gc,start    ] GC(49) Concurrent reset
[28.806s][info][gc,task     ] GC(49) Using 1 of 3 workers for concurrent reset
[28.806s][info][gc,ergo     ] GC(49) Pacer for Reset. Non-Taxable: 2048M
[28.808s][info][gc          ] GC(49) Concurrent reset 1.300ms
[28.808s][info][gc,start    ] GC(49) Pause Init Mark (unload classes)
[28.808s][info][gc,task     ] GC(49) Using 3 of 3 workers for init marking
[28.808s][info][gc,ref      ] GC(49) Clearing All SoftReferences
[28.808s][info][gc,ergo     ] GC(49) Pacer for Mark. Expected Live: 170M, Free: 1728M, Non-Taxable: 172M, Alloc Tax Rate: 0.1x
[28.808s][info][gc          ] GC(49) Pause Init Mark (unload classes) 0.118ms
[28.808s][info][gc,start    ] GC(49) Concurrent marking roots
[28.808s][info][gc,task     ] GC(49) Using 1 of 3 workers for concurrent marking roots
[28.820s][info][gc          ] GC(49) Concurrent marking roots 11.486ms
[28.820s][info][gc,start    ] GC(49) Concurrent marking (unload classes)
[28.820s][info][gc,task     ] GC(49) Using 1 of 3 workers for concurrent marking
[28.949s][info][gc          ] GC(49) Concurrent marking (unload classes) 128.972ms
[28.949s][info][gc,start    ] GC(49) Pause Final Mark (unload classes)
[28.949s][info][gc,task     ] GC(49) Using 3 of 3 workers for final marking
[28.949s][info][gc,ergo     ] GC(49) Adaptive CSet Selection. Target Free: 290M, Actual Free: 1829M, Max CSet: 87381K, Min Garbage: 0B
[28.949s][info][gc,ergo     ] GC(49) Collectable Garbage: 41150K (92%), Immediate: 4096K (9%), CSet: 37054K (83%)
[28.949s][info][gc,ergo     ] GC(49) Pacer for Evacuation. Used CSet: 37888K, Free: 1733M, Non-Taxable: 173M, Alloc Tax Rate: 1.1x
[28.949s][info][gc          ] GC(49) Pause Final Mark (unload classes) 0.298ms
[28.949s][info][gc,start    ] GC(49) Concurrent thread roots
[28.949s][info][gc,task     ] GC(49) Using 1 of 3 workers for Concurrent thread roots
[28.961s][info][gc          ] GC(49) Concurrent thread roots 12.250ms
[28.961s][info][gc,start    ] GC(49) Concurrent weak references
[28.961s][info][gc,task     ] GC(49) Using 1 of 3 workers for concurrent weak references
[28.962s][info][gc,ref      ] GC(49) Encountered references: Soft: 2819, Weak: 5656, Final: 51, Phantom: 579
[28.962s][info][gc,ref      ] GC(49) Discovered  references: Soft: 655, Weak: 948, Final: 0, Phantom: 337
[28.962s][info][gc,ref      ] GC(49) Enqueued    references: Soft: 296, Weak: 160, Final: 0, Phantom: 0
[28.962s][info][gc          ] GC(49) Concurrent weak references 0.471ms
[28.962s][info][gc,start    ] GC(49) Concurrent weak roots
[28.962s][info][gc,task     ] GC(49) Using 1 of 3 workers for concurrent weak root
[28.964s][info][gc          ] GC(49) Concurrent weak roots 2.623ms
[28.965s][info][gc,start    ] GC(49) Concurrent cleanup
[28.965s][info][gc          ] GC(49) Concurrent cleanup 219M->215M(2048M) 0.030ms
[28.965s][info][gc,ergo     ] GC(49) Free: 1728M, Max: 1024K regular, 909M humongous, Frag: 48% external, 0% internal; Reserve: 102M, Max: 1024K
[28.965s][info][gc,start    ] GC(49) Concurrent class unloading
[28.965s][info][gc,task     ] GC(49) Using 1 of 3 workers for concurrent class unloading
[28.981s][info][gc          ] GC(49) Concurrent class unloading 16.480ms
[28.981s][info][gc,start    ] GC(49) Concurrent strong roots
[28.981s][info][gc,task     ] GC(49) Using 1 of 3 workers for concurrent strong root
[28.982s][info][gc          ] GC(49) Concurrent strong roots 0.435ms
[28.982s][info][gc,start    ] GC(49) Concurrent evacuation
[28.982s][info][gc,task     ] GC(49) Using 1 of 3 workers for concurrent evacuation
[28.982s][info][gc          ] GC(49) Concurrent evacuation 0.797ms
[28.982s][info][gc,start    ] GC(49) Pause Init Update Refs
[28.982s][info][gc,ergo     ] GC(49) Pacer for Update Refs. Used: 222M, Free: 1722M, Non-Taxable: 172M, Alloc Tax Rate: 1.1x
[28.982s][info][gc          ] GC(49) Pause Init Update Refs 0.059ms
[28.983s][info][gc,start    ] GC(49) Concurrent update references
[28.983s][info][gc,task     ] GC(49) Using 1 of 3 workers for concurrent reference update
[29.044s][info][gc          ] GC(49) Concurrent update references 61.870ms
[29.044s][info][gc,start    ] GC(49) Concurrent update thread roots
[29.056s][info][gc          ] GC(49) Concurrent update thread roots 11.108ms
[29.056s][info][gc,start    ] GC(49) Pause Final Update Refs
[29.056s][info][gc,task     ] GC(49) Using 3 of 3 workers for final reference update
[29.056s][info][gc          ] GC(49) Pause Final Update Refs 0.318ms
[29.056s][info][gc,start    ] GC(49) Concurrent cleanup
[29.056s][info][gc          ] GC(49) Concurrent cleanup 222M->185M(2048M) 0.076ms
[29.056s][info][gc,ergo     ] Free: 1758M, Max: 1024K regular, 1404M humongous, Frag: 20% external, 0% internal; Reserve: 103M, Max: 1024K
[29.056s][info][gc,stats    ] 
[29.056s][info][gc,stats    ] All times are wall-clock times, except per-root-class counters, that are sum over
[29.056s][info][gc,stats    ] all workers. Dividing the <total> over the root stage time estimates parallelism.
[29.056s][info][gc,stats    ] 
[29.056s][info][gc,stats    ] Concurrent Reset                   1362 us
[29.056s][info][gc,stats    ] Pause Init Mark (G)                 211 us
[29.056s][info][gc,stats    ] Pause Init Mark (N)                 126 us
[29.056s][info][gc,stats    ]   Update Region States               42 us
[29.056s][info][gc,stats    ] Concurrent Mark Roots             11549 us, parallelism: 0.98x
[29.056s][info][gc,stats    ]   CMR: <total>                    11291 us
[29.056s][info][gc,stats    ]   CMR: Thread Roots               11143 us, workers (us): 11143, ---, ---, 
[29.056s][info][gc,stats    ]   CMR: VM Strong Roots               23 us, workers (us):  23, ---, ---, 
[29.056s][info][gc,stats    ]   CMR: CLDG Roots                   125 us, workers (us): 125, ---, ---, 
[29.056s][info][gc,stats    ] Concurrent Marking               129050 us
[29.057s][info][gc,stats    ] Pause Final Mark (G)                394 us
[29.057s][info][gc,stats    ] Pause Final Mark (N)                306 us
[29.057s][info][gc,stats    ]   Finish Mark                       107 us
[29.057s][info][gc,stats    ]   Update Region States               55 us
[29.057s][info][gc,stats    ]   Choose Collection Set              48 us
[29.057s][info][gc,stats    ]   Rebuild Free Set                    8 us
[29.057s][info][gc,stats    ] Concurrent Thread Roots           12304 us, parallelism: 0.98x
[29.057s][info][gc,stats    ]   CTR: <total>                    12067 us
[29.057s][info][gc,stats    ]   CTR: Thread Roots               12067 us, workers (us): 12067, ---, ---, 
[29.057s][info][gc,stats    ] Concurrent Weak References          482 us, parallelism: 0.57x
[29.057s][info][gc,stats    ]   CWRF: <total>                     277 us
[29.057s][info][gc,stats    ]   CWRF: Weak References             277 us, workers (us): 277, ---, ---, 
[29.057s][info][gc,stats    ] Concurrent Weak Roots              2658 us
[29.057s][info][gc,stats    ]   Roots                            2434 us, parallelism: 0.98x
[29.057s][info][gc,stats    ]     CWR: <total>                   2379 us
[29.057s][info][gc,stats    ]     CWR: Code Cache Roots          1923 us, workers (us): 1923, ---, ---, 
[29.057s][info][gc,stats    ]     CWR: VM Weak Roots              413 us, workers (us): 413, ---, ---, 
[29.057s][info][gc,stats    ]     CWR: CLDG Roots                  43 us, workers (us):  43, ---, ---, 
[29.057s][info][gc,stats    ]   Rendezvous                        169 us
[29.057s][info][gc,stats    ] Concurrent Cleanup                   39 us
[29.057s][info][gc,stats    ] Concurrent Class Unloading        16527 us
[29.057s][info][gc,stats    ]   Unlink Stale                    15401 us
[29.057s][info][gc,stats    ]     System Dictionary               671 us
[29.057s][info][gc,stats    ]     Weak Class Links               6090 us
[29.057s][info][gc,stats    ]     Code Roots                     8638 us
[29.057s][info][gc,stats    ]   Rendezvous                        242 us
[29.057s][info][gc,stats    ]   Purge Unlinked                    817 us
[29.057s][info][gc,stats    ]     Code Roots                      526 us
[29.057s][info][gc,stats    ]     CLDG                            290 us
[29.057s][info][gc,stats    ]     Exception Caches                  0 us
[29.057s][info][gc,stats    ] Concurrent Strong Roots             459 us, parallelism: 0.68x
[29.057s][info][gc,stats    ]   CSR: <total>                      314 us
[29.057s][info][gc,stats    ]   CSR: VM Strong Roots               17 us, workers (us):  17, ---, ---, 
[29.057s][info][gc,stats    ]   CSR: CLDG Roots                   297 us, workers (us): 297, ---, ---, 
[29.057s][info][gc,stats    ] Concurrent Evacuation               823 us
[29.057s][info][gc,stats    ] Pause Init Update Refs (G)          124 us
[29.057s][info][gc,stats    ] Pause Init Update Refs (N)           68 us
[29.057s][info][gc,stats    ]   Manage GCLABs                      12 us
[29.057s][info][gc,stats    ] Concurrent Update Refs            61949 us
[29.057s][info][gc,stats    ] Concurrent Update Thread Roots    11160 us
[29.057s][info][gc,stats    ] Pause Final Update Refs (G)         417 us
[29.057s][info][gc,stats    ] Pause Final Update Refs (N)         328 us
[29.057s][info][gc,stats    ]   Update Region States              234 us
[29.057s][info][gc,stats    ]   Trash Collection Set                4 us
[29.057s][info][gc,stats    ]   Rebuild Free Set                   23 us
[29.057s][info][gc,stats    ] Concurrent Cleanup                  102 us
[29.057s][info][gc,stats    ] 
[29.057s][info][gc,stats    ] Allocation pacing accrued:
[29.057s][info][gc,stats    ]       0 of   259 ms (  0.0%): <total>
[29.057s][info][gc,stats    ]       0 of   259 ms (  0.0%): <average total>
[29.057s][info][gc,stats    ] 
[29.057s][info][gc,metaspace] Metaspace: 64897K(65664K)->64584K(65664K) NonClass: 56631K(57088K)->56372K(57088K) Class: 8265K(8576K)->8211K(8576K)
[29.057s][info][gc,ergo     ] Pacer for Idle. Initial: 41943K, Alloc Tax Rate: 1.0x
[29.238s][info][gc          ] Trigger: Learning 2 of 5. Free (1405M) is below initial threshold (1433M)
[29.238s][info][gc,ergo     ] Free: 1405M, Max: 1024K regular, 1400M humongous, Frag: 0% external, 0% internal; Reserve: 103M, Max: 1024K
[29.239s][info][gc,start    ] GC(50) Concurrent reset
[29.239s][info][gc,task     ] GC(50) Using 1 of 3 workers for concurrent reset
[29.239s][info][gc,ergo     ] GC(50) Pacer for Reset. Non-Taxable: 2048M
[29.239s][info][gc          ] GC(50) Concurrent reset 0.878ms
[29.240s][info][gc,start    ] GC(50) Pause Init Mark (unload classes)
[29.240s][info][gc,task     ] GC(50) Using 3 of 3 workers for init marking
[29.240s][info][gc,ergo     ] GC(50) Pacer for Mark. Expected Live: 170M, Free: 1405M, Non-Taxable: 140M, Alloc Tax Rate: 0.1x
[29.240s][info][gc          ] GC(50) Pause Init Mark (unload classes) 0.218ms
[29.240s][info][gc,start    ] GC(50) Concurrent marking roots
[29.240s][info][gc,task     ] GC(50) Using 1 of 3 workers for concurrent marking roots
[29.253s][info][gc          ] GC(50) Concurrent marking roots 12.711ms
[29.253s][info][gc,start    ] GC(50) Concurrent marking (unload classes)
[29.253s][info][gc,task     ] GC(50) Using 1 of 3 workers for concurrent marking
[29.382s][info][gc          ] GC(50) Concurrent marking (unload classes) 129.279ms
[29.382s][info][gc,start    ] GC(50) Pause Final Mark (unload classes)
[29.382s][info][gc,task     ] GC(50) Using 3 of 3 workers for final marking
[29.382s][info][gc,ergo     ] GC(50) Adaptive CSet Selection. Target Free: 290M, Actual Free: 1398M, Max CSet: 87381K, Min Garbage: 0B
[29.382s][info][gc,ergo     ] GC(50) Collectable Garbage: 359M (99%), Immediate: 324M (89%), CSet: 36364K (9%)
[29.382s][info][gc,ergo     ] GC(50) Pacer for Evacuation. Used CSet: 38355K, Free: 1304M, Non-Taxable: 130M, Alloc Tax Rate: 1.1x
[29.382s][info][gc          ] GC(50) Pause Final Mark (unload classes) 0.237ms
[29.382s][info][gc,start    ] GC(50) Concurrent thread roots
[29.382s][info][gc,task     ] GC(50) Using 1 of 3 workers for Concurrent thread roots
[29.394s][info][gc          ] GC(50) Concurrent thread roots 11.840ms
[29.394s][info][gc,start    ] GC(50) Concurrent weak references
[29.394s][info][gc,task     ] GC(50) Using 1 of 3 workers for concurrent weak references
[29.394s][info][gc,ref      ] GC(50) Encountered references: Soft: 2904, Weak: 5755, Final: 51, Phantom: 579
[29.394s][info][gc,ref      ] GC(50) Discovered  references: Soft: 0, Weak: 870, Final: 0, Phantom: 260
[29.394s][info][gc,ref      ] GC(50) Enqueued    references: Soft: 0, Weak: 92, Final: 0, Phantom: 0
[29.394s][info][gc          ] GC(50) Concurrent weak references 0.314ms
[29.394s][info][gc,start    ] GC(50) Concurrent weak roots
[29.394s][info][gc,task     ] GC(50) Using 1 of 3 workers for concurrent weak root
[29.398s][info][gc          ] GC(50) Concurrent weak roots 3.744ms
[29.398s][info][gc,start    ] GC(50) Concurrent cleanup
[29.398s][info][gc          ] GC(50) Concurrent cleanup 1013M->689M(2048M) 0.048ms
[29.398s][info][gc,ergo     ] GC(50) Free: 1254M, Max: 1024K regular, 921M humongous, Frag: 27% external, 0% internal; Reserve: 102M, Max: 1024K
[29.398s][info][gc,start    ] GC(50) Concurrent class unloading
[29.398s][info][gc,task     ] GC(50) Using 1 of 3 workers for concurrent class unloading
[29.416s][info][gc          ] GC(50) Concurrent class unloading 17.236ms
[29.416s][info][gc,start    ] GC(50) Concurrent strong roots
[29.416s][info][gc,task     ] GC(50) Using 1 of 3 workers for concurrent strong root
[29.416s][info][gc          ] GC(50) Concurrent strong roots 0.498ms
[29.416s][info][gc,start    ] GC(50) Concurrent evacuation
[29.416s][info][gc,task     ] GC(50) Using 1 of 3 workers for concurrent evacuation
[29.417s][info][gc          ] GC(50) Concurrent evacuation 1.302ms
[29.418s][info][gc,start    ] GC(50) Pause Init Update Refs
[29.418s][info][gc,ergo     ] GC(50) Pacer for Update Refs. Used: 745M, Free: 1200M, Non-Taxable: 120M, Alloc Tax Rate: 1.1x
[29.418s][info][gc          ] GC(50) Pause Init Update Refs 0.071ms
[29.418s][info][gc,start    ] GC(50) Concurrent update references
[29.418s][info][gc,task     ] GC(50) Using 1 of 3 workers for concurrent reference update
[29.594s][info][gc          ] GC(50) Concurrent update references 175.897ms
[29.594s][info][gc,start    ] GC(50) Concurrent update thread roots
[29.606s][info][gc          ] GC(50) Concurrent update thread roots 12.173ms
[29.606s][info][gc,start    ] GC(50) Pause Final Update Refs
[29.606s][info][gc,task     ] GC(50) Using 3 of 3 workers for final reference update
[29.606s][info][gc          ] GC(50) Pause Final Update Refs 0.135ms
[29.606s][info][gc,start    ] GC(50) Concurrent cleanup
[29.606s][info][gc          ] GC(50) Concurrent cleanup 1264M->1227M(2048M) 0.061ms
[29.606s][info][gc,ergo     ] Free: 715M, Max: 1024K regular, 673M humongous, Frag: 6% external, 0% internal; Reserve: 103M, Max: 1024K
[29.606s][info][gc,stats    ] 
[29.606s][info][gc,stats    ] All times are wall-clock times, except per-root-class counters, that are sum over
[29.606s][info][gc,stats    ] all workers. Dividing the <total> over the root stage time estimates parallelism.
[29.606s][info][gc,stats    ] 
[29.606s][info][gc,stats    ] Concurrent Reset                    929 us
[29.606s][info][gc,stats    ] Pause Init Mark (G)                 394 us
[29.606s][info][gc,stats    ] Pause Init Mark (N)                 236 us
[29.606s][info][gc,stats    ]   Update Region States               88 us
[29.606s][info][gc,stats    ] Concurrent Mark Roots             12760 us, parallelism: 0.98x
[29.606s][info][gc,stats    ]   CMR: <total>                    12519 us
[29.606s][info][gc,stats    ]   CMR: Thread Roots               12357 us, workers (us): 12357, ---, ---, 
[29.606s][info][gc,stats    ]   CMR: VM Strong Roots               20 us, workers (us):  20, ---, ---, 
[29.607s][info][gc,stats    ]   CMR: CLDG Roots                   142 us, workers (us): 142, ---, ---, 
[29.607s][info][gc,stats    ] Concurrent Marking               129333 us
[29.607s][info][gc,stats    ] Pause Final Mark (G)                330 us
[29.607s][info][gc,stats    ] Pause Final Mark (N)                245 us
[29.607s][info][gc,stats    ]   Finish Mark                        47 us
[29.607s][info][gc,stats    ]   Update Region States               47 us
[29.607s][info][gc,stats    ]   Choose Collection Set              68 us
[29.607s][info][gc,stats    ]   Rebuild Free Set                    7 us
[29.607s][info][gc,stats    ] Concurrent Thread Roots           11884 us, parallelism: 0.99x
[29.607s][info][gc,stats    ]   CTR: <total>                    11738 us
[29.607s][info][gc,stats    ]   CTR: Thread Roots               11738 us, workers (us): 11738, ---, ---, 
[29.607s][info][gc,stats    ] Concurrent Weak References          330 us, parallelism: 0.40x
[29.607s][info][gc,stats    ]   CWRF: <total>                     133 us
[29.607s][info][gc,stats    ]   CWRF: Weak References             133 us, workers (us): 133, ---, ---, 
[29.607s][info][gc,stats    ] Concurrent Weak Roots              3796 us
[29.607s][info][gc,stats    ]   Roots                            3549 us, parallelism: 0.99x
[29.607s][info][gc,stats    ]     CWR: <total>                   3504 us
[29.607s][info][gc,stats    ]     CWR: Code Cache Roots          2374 us, workers (us): 2374, ---, ---, 
[29.607s][info][gc,stats    ]     CWR: VM Weak Roots             1070 us, workers (us): 1070, ---, ---, 
[29.607s][info][gc,stats    ]     CWR: CLDG Roots                  60 us, workers (us):  60, ---, ---, 
[29.607s][info][gc,stats    ]   Rendezvous                        174 us
[29.607s][info][gc,stats    ] Concurrent Cleanup                   57 us
[29.607s][info][gc,stats    ] Concurrent Class Unloading        17303 us
[29.607s][info][gc,stats    ]   Unlink Stale                    16507 us
[29.607s][info][gc,stats    ]     System Dictionary               193 us
[29.607s][info][gc,stats    ]     Weak Class Links               6979 us
[29.607s][info][gc,stats    ]     Code Roots                     9333 us
[29.607s][info][gc,stats    ]   Rendezvous                        215 us
[29.607s][info][gc,stats    ]   Purge Unlinked                    494 us
[29.607s][info][gc,stats    ]     Code Roots                      472 us
[29.607s][info][gc,stats    ]     CLDG                             21 us
[29.607s][info][gc,stats    ]     Exception Caches                  0 us
[29.607s][info][gc,stats    ] Concurrent Strong Roots             517 us, parallelism: 0.74x
[29.607s][info][gc,stats    ]   CSR: <total>                      382 us
[29.607s][info][gc,stats    ]   CSR: VM Strong Roots               18 us, workers (us):  18, ---, ---, 
[29.607s][info][gc,stats    ]   CSR: CLDG Roots                   364 us, workers (us): 364, ---, ---, 
[29.607s][info][gc,stats    ] Concurrent Evacuation              1320 us
[29.607s][info][gc,stats    ] Pause Init Update Refs (G)          209 us
[29.607s][info][gc,stats    ] Pause Init Update Refs (N)           79 us
[29.607s][info][gc,stats    ]   Manage GCLABs                      13 us
[29.607s][info][gc,stats    ] Concurrent Update Refs           175964 us
[29.607s][info][gc,stats    ] Concurrent Update Thread Roots    12243 us
[29.607s][info][gc,stats    ] Pause Final Update Refs (G)         258 us
[29.607s][info][gc,stats    ] Pause Final Update Refs (N)         146 us
[29.607s][info][gc,stats    ]   Update Region States               53 us
[29.607s][info][gc,stats    ]   Trash Collection Set                3 us
[29.607s][info][gc,stats    ]   Rebuild Free Set                   13 us
[29.607s][info][gc,stats    ] Concurrent Cleanup                   81 us
[29.607s][info][gc,stats    ] Pacing                            72919 us
[29.607s][info][gc,stats    ] 
[29.607s][info][gc,stats    ] Allocation pacing accrued:
[29.607s][info][gc,stats    ]      37 of   550 ms (  6.7%): Executor task launch worker for task 1.0 in stage 28.0 (TID 47)
[29.607s][info][gc,stats    ]      36 of   550 ms (  6.6%): Executor task launch worker for task 0.0 in stage 28.0 (TID 46)
[29.607s][info][gc,stats    ]      73 of   550 ms ( 13.3%): <total>
[29.607s][info][gc,stats    ]       0 of   550 ms (  0.1%): <average total>
[29.607s][info][gc,stats    ]      36 of   550 ms (  6.6%): <average non-zero>
[29.607s][info][gc,stats    ] 
[29.607s][info][gc,metaspace] Metaspace: 64911K(65664K)->64914K(65664K) NonClass: 56648K(57088K)->56651K(57088K) Class: 8263K(8576K)->8262K(8576K)
[29.607s][info][gc,ergo     ] Pacer for Idle. Initial: 41943K, Alloc Tax Rate: 1.0x
[29.615s][info][gc          ] Trigger: Learning 3 of 5. Free (684M) is below initial threshold (1433M)
[29.615s][info][gc,ergo     ] Free: 684M, Max: 1024K regular, 673M humongous, Frag: 1% external, 0% internal; Reserve: 103M, Max: 1024K
[29.615s][info][gc,start    ] GC(51) Concurrent reset
[29.615s][info][gc,task     ] GC(51) Using 1 of 3 workers for concurrent reset
[29.615s][info][gc,ergo     ] GC(51) Pacer for Reset. Non-Taxable: 2048M
[29.616s][info][gc          ] GC(51) Concurrent reset 0.970ms
[29.616s][info][gc,start    ] GC(51) Pause Init Mark (unload classes)
[29.616s][info][gc,task     ] GC(51) Using 3 of 3 workers for init marking
[29.616s][info][gc,ergo     ] GC(51) Pacer for Mark. Expected Live: 170M, Free: 681M, Non-Taxable: 69759K, Alloc Tax Rate: 0.3x
[29.616s][info][gc          ] GC(51) Pause Init Mark (unload classes) 0.140ms
[29.616s][info][gc,start    ] GC(51) Concurrent marking roots
[29.616s][info][gc,task     ] GC(51) Using 1 of 3 workers for concurrent marking roots
[29.628s][info][gc          ] GC(51) Concurrent marking roots 12.245ms
[29.629s][info][gc,start    ] GC(51) Concurrent marking (unload classes)
[29.629s][info][gc,task     ] GC(51) Using 1 of 3 workers for concurrent marking
[29.755s][info][gc          ] GC(51) Concurrent marking (unload classes) 126.851ms
[29.756s][info][gc,start    ] GC(51) Pause Final Mark (unload classes)
[29.756s][info][gc,task     ] GC(51) Using 3 of 3 workers for final marking
[29.756s][info][gc,ergo     ] GC(51) Collectable Garbage: 1071M (98%), Immediate: 1071M (98%), CSet: 0B (0%)
[29.756s][info][gc          ] GC(51) Pause Final Mark (unload classes) 0.351ms
[29.756s][info][gc,start    ] GC(51) Concurrent weak references
[29.756s][info][gc,task     ] GC(51) Using 1 of 3 workers for concurrent weak references
[29.756s][info][gc,ref      ] GC(51) Encountered references: Soft: 2904, Weak: 5666, Final: 51, Phantom: 579
[29.756s][info][gc,ref      ] GC(51) Discovered  references: Soft: 0, Weak: 777, Final: 0, Phantom: 260
[29.756s][info][gc,ref      ] GC(51) Enqueued    references: Soft: 0, Weak: 16, Final: 0, Phantom: 0
[29.756s][info][gc          ] GC(51) Concurrent weak references 0.270ms
[29.756s][info][gc,start    ] GC(51) Concurrent weak roots
[29.756s][info][gc,task     ] GC(51) Using 1 of 3 workers for concurrent weak root
[29.759s][info][gc          ] GC(51) Concurrent weak roots 2.594ms
[29.759s][info][gc,start    ] GC(51) Concurrent cleanup
[29.759s][info][gc          ] GC(51) Concurrent cleanup 1637M->566M(2048M) 0.135ms
[29.759s][info][gc,ergo     ] GC(51) Free: 1377M, Max: 1024K regular, 462M humongous, Frag: 67% external, 0% internal; Reserve: 103M, Max: 1024K
[29.759s][info][gc,start    ] GC(51) Concurrent class unloading
[29.759s][info][gc,task     ] GC(51) Using 1 of 3 workers for concurrent class unloading
[29.768s][info][gc          ] GC(51) Concurrent class unloading 9.409ms
[29.769s][info][gc,start    ] GC(51) Pause Final Roots
[29.769s][info][gc          ] GC(51) Pause Final Roots 0.063ms
[29.769s][info][gc,ergo     ] Free: 1341M, Max: 1024K regular, 462M humongous, Frag: 66% external, 0% internal; Reserve: 103M, Max: 1024K
[29.769s][info][gc,stats    ] 
[29.769s][info][gc,stats    ] All times are wall-clock times, except per-root-class counters, that are sum over
[29.769s][info][gc,stats    ] all workers. Dividing the <total> over the root stage time estimates parallelism.
[29.769s][info][gc,stats    ] 
[29.769s][info][gc,stats    ] Concurrent Reset                   1039 us
[29.769s][info][gc,stats    ] Pause Init Mark (G)                 289 us
[29.769s][info][gc,stats    ] Pause Init Mark (N)                 156 us
[29.769s][info][gc,stats    ]   Update Region States               54 us
[29.769s][info][gc,stats    ] Concurrent Mark Roots             12314 us, parallelism: 0.98x
[29.769s][info][gc,stats    ]   CMR: <total>                    12056 us
[29.769s][info][gc,stats    ]   CMR: Thread Roots               11885 us, workers (us): 11885, ---, ---, 
[29.769s][info][gc,stats    ]   CMR: VM Strong Roots               21 us, workers (us):  21, ---, ---, 
[29.769s][info][gc,stats    ]   CMR: CLDG Roots                   150 us, workers (us): 150, ---, ---, 
[29.769s][info][gc,stats    ] Concurrent Marking               126930 us
[29.769s][info][gc,stats    ] Pause Final Mark (G)                481 us
[29.769s][info][gc,stats    ] Pause Final Mark (N)                371 us
[29.769s][info][gc,stats    ]   Finish Mark                        97 us
[29.769s][info][gc,stats    ]   Update Region States               72 us
[29.769s][info][gc,stats    ]   Choose Collection Set              91 us
[29.769s][info][gc,stats    ]   Rebuild Free Set                   17 us
[29.769s][info][gc,stats    ] Concurrent Weak References          277 us, parallelism: 0.20x
[29.769s][info][gc,stats    ]   CWRF: <total>                      57 us
[29.769s][info][gc,stats    ]   CWRF: Weak References              57 us, workers (us):  57, ---, ---, 
[29.769s][info][gc,stats    ] Concurrent Weak Roots              2632 us
[29.769s][info][gc,stats    ]   Roots                            2371 us, parallelism: 0.97x
[29.769s][info][gc,stats    ]     CWR: <total>                   2294 us
[29.769s][info][gc,stats    ]     CWR: Code Cache Roots          1949 us, workers (us): 1949, ---, ---, 
[29.769s][info][gc,stats    ]     CWR: VM Weak Roots              303 us, workers (us): 303, ---, ---, 
[29.769s][info][gc,stats    ]     CWR: CLDG Roots                  43 us, workers (us):  43, ---, ---, 
[29.769s][info][gc,stats    ]   Rendezvous                        205 us
[29.769s][info][gc,stats    ] Concurrent Cleanup                  153 us
[29.769s][info][gc,stats    ] Concurrent Class Unloading         9456 us
[29.769s][info][gc,stats    ]   Unlink Stale                     8687 us
[29.769s][info][gc,stats    ]     System Dictionary                64 us
[29.769s][info][gc,stats    ]     Weak Class Links                  0 us
[29.769s][info][gc,stats    ]     Code Roots                     8621 us
[29.769s][info][gc,stats    ]   Rendezvous                        210 us
[29.769s][info][gc,stats    ]   Purge Unlinked                    479 us
[29.769s][info][gc,stats    ]     Code Roots                      469 us
[29.769s][info][gc,stats    ]     CLDG                              9 us
[29.769s][info][gc,stats    ]     Exception Caches                  0 us
[29.769s][info][gc,stats    ] Pause Final Roots (G)               174 us
[29.769s][info][gc,stats    ] Pause Final Roots (N)                72 us
[29.769s][info][gc,stats    ] Pacing                            59343 us
[29.769s][info][gc,stats    ] 
[29.769s][info][gc,stats    ] Allocation pacing accrued:
[29.769s][info][gc,stats    ]      30 of   162 ms ( 18.6%): Executor task launch worker for task 1.0 in stage 28.0 (TID 47)
[29.769s][info][gc,stats    ]      29 of   162 ms ( 18.0%): Executor task launch worker for task 0.0 in stage 28.0 (TID 46)
[29.769s][info][gc,stats    ]      59 of   162 ms ( 36.6%): <total>
[29.769s][info][gc,stats    ]       0 of   162 ms (  0.2%): <average total>
[29.769s][info][gc,stats    ]      30 of   162 ms ( 18.3%): <average non-zero>
[29.769s][info][gc,stats    ] 
[29.769s][info][gc,metaspace] Metaspace: 64914K(65664K)->64914K(65664K) NonClass: 56651K(57088K)->56651K(57088K) Class: 8262K(8576K)->8262K(8576K)
[29.769s][info][gc,ergo     ] Pacer for Idle. Initial: 41943K, Alloc Tax Rate: 1.0x
[29.772s][info][gc          ] Trigger: Learning 4 of 5. Free (1330M) is below initial threshold (1433M)
[29.772s][info][gc,ergo     ] Free: 1330M, Max: 1024K regular, 462M humongous, Frag: 66% external, 0% internal; Reserve: 103M, Max: 1024K
[29.772s][info][gc,start    ] GC(52) Concurrent reset
[29.772s][info][gc,task     ] GC(52) Using 1 of 3 workers for concurrent reset
[29.772s][info][gc,ergo     ] GC(52) Pacer for Reset. Non-Taxable: 2048M
[29.773s][info][gc          ] GC(52) Concurrent reset 0.902ms
[29.773s][info][gc,start    ] GC(52) Pause Init Mark (unload classes)
[29.773s][info][gc,task     ] GC(52) Using 3 of 3 workers for init marking
[29.773s][info][gc,ergo     ] GC(52) Pacer for Mark. Expected Live: 170M, Free: 1327M, Non-Taxable: 132M, Alloc Tax Rate: 0.2x
[29.773s][info][gc          ] GC(52) Pause Init Mark (unload classes) 0.168ms
[29.773s][info][gc,start    ] GC(52) Concurrent marking roots
[29.773s][info][gc,task     ] GC(52) Using 1 of 3 workers for concurrent marking roots
[29.785s][info][gc          ] GC(52) Concurrent marking roots 12.084ms
[29.785s][info][gc,start    ] GC(52) Concurrent marking (unload classes)
[29.785s][info][gc,task     ] GC(52) Using 1 of 3 workers for concurrent marking
[29.916s][info][gc          ] GC(52) Concurrent marking (unload classes) 130.654ms
[29.916s][info][gc,start    ] GC(52) Pause Final Mark (unload classes)
[29.916s][info][gc,task     ] GC(52) Using 3 of 3 workers for final marking
[29.916s][info][gc,ergo     ] GC(52) Collectable Garbage: 424M (95%), Immediate: 424M (95%), CSet: 0B (0%)
[29.916s][info][gc          ] GC(52) Pause Final Mark (unload classes) 0.178ms
[29.916s][info][gc,start    ] GC(52) Concurrent weak references
[29.916s][info][gc,task     ] GC(52) Using 1 of 3 workers for concurrent weak references
[29.916s][info][gc,ref      ] GC(52) Encountered references: Soft: 2904, Weak: 5646, Final: 51, Phantom: 579
[29.916s][info][gc,ref      ] GC(52) Discovered  references: Soft: 0, Weak: 655, Final: 0, Phantom: 260
[29.917s][info][gc,ref      ] GC(52) Enqueued    references: Soft: 0, Weak: 0, Final: 0, Phantom: 0
[29.917s][info][gc          ] GC(52) Concurrent weak references 0.148ms
[29.917s][info][gc,start    ] GC(52) Concurrent weak roots
[29.917s][info][gc,task     ] GC(52) Using 1 of 3 workers for concurrent weak root
[29.919s][info][gc          ] GC(52) Concurrent weak roots 2.758ms
[29.919s][info][gc,start    ] GC(52) Concurrent cleanup
[29.919s][info][gc          ] GC(52) Concurrent cleanup 1061M->636M(2048M) 0.053ms
[29.919s][info][gc,ergo     ] GC(52) Free: 1303M, Max: 1024K regular, 437M humongous, Frag: 67% external, 0% internal; Reserve: 103M, Max: 1024K
[29.919s][info][gc,start    ] GC(52) Concurrent class unloading
[29.919s][info][gc,task     ] GC(52) Using 1 of 3 workers for concurrent class unloading
[29.930s][info][gc          ] GC(52) Concurrent class unloading 10.823ms
[29.930s][info][gc,start    ] GC(52) Pause Final Roots
[29.930s][info][gc          ] GC(52) Pause Final Roots 0.039ms
[29.931s][info][gc,ergo     ] Free: 1297M, Max: 1024K regular, 437M humongous, Frag: 67% external, 0% internal; Reserve: 103M, Max: 1024K
[29.931s][info][gc,stats    ] 
[29.931s][info][gc,stats    ] All times are wall-clock times, except per-root-class counters, that are sum over
[29.931s][info][gc,stats    ] all workers. Dividing the <total> over the root stage time estimates parallelism.
[29.931s][info][gc,stats    ] 
[29.931s][info][gc,stats    ] Concurrent Reset                    985 us
[29.931s][info][gc,stats    ] Pause Init Mark (G)                 294 us
[29.931s][info][gc,stats    ] Pause Init Mark (N)                 186 us
[29.931s][info][gc,stats    ]   Update Region States               61 us
[29.931s][info][gc,stats    ] Concurrent Mark Roots             12153 us, parallelism: 0.98x
[29.931s][info][gc,stats    ]   CMR: <total>                    11899 us
[29.931s][info][gc,stats    ]   CMR: Thread Roots               11816 us, workers (us): 11816, ---, ---, 
[29.931s][info][gc,stats    ]   CMR: VM Strong Roots               13 us, workers (us):  13, ---, ---, 
[29.931s][info][gc,stats    ]   CMR: CLDG Roots                    70 us, workers (us):  70, ---, ---, 
[29.931s][info][gc,stats    ] Concurrent Marking               130697 us
[29.931s][info][gc,stats    ] Pause Final Mark (G)                275 us
[29.931s][info][gc,stats    ] Pause Final Mark (N)                188 us
[29.931s][info][gc,stats    ]   Finish Mark                        55 us
[29.931s][info][gc,stats    ]   Update Region States               40 us
[29.931s][info][gc,stats    ]   Choose Collection Set              48 us
[29.931s][info][gc,stats    ]   Rebuild Free Set                    8 us
[29.931s][info][gc,stats    ] Concurrent Weak References          155 us, parallelism: 0.43x
[29.931s][info][gc,stats    ]   CWRF: <total>                      68 us
[29.931s][info][gc,stats    ]   CWRF: Weak References              68 us, workers (us):  68, ---, ---, 
[29.931s][info][gc,stats    ] Concurrent Weak Roots              2795 us
[29.931s][info][gc,stats    ]   Roots                            2550 us, parallelism: 0.98x
[29.931s][info][gc,stats    ]     CWR: <total>                   2500 us
[29.931s][info][gc,stats    ]     CWR: Code Cache Roots          2102 us, workers (us): 2102, ---, ---, 
[29.931s][info][gc,stats    ]     CWR: VM Weak Roots              340 us, workers (us): 340, ---, ---, 
[29.931s][info][gc,stats    ]     CWR: CLDG Roots                  58 us, workers (us):  58, ---, ---, 
[29.931s][info][gc,stats    ]   Rendezvous                        190 us
[29.931s][info][gc,stats    ] Concurrent Cleanup                   65 us
[29.931s][info][gc,stats    ] Concurrent Class Unloading        10902 us
[29.931s][info][gc,stats    ]   Unlink Stale                     9721 us
[29.931s][info][gc,stats    ]     System Dictionary                46 us
[29.931s][info][gc,stats    ]     Weak Class Links                  0 us
[29.931s][info][gc,stats    ]     Code Roots                     9672 us
[29.931s][info][gc,stats    ]   Rendezvous                        207 us
[29.931s][info][gc,stats    ]   Purge Unlinked                    873 us
[29.931s][info][gc,stats    ]     Code Roots                      866 us
[29.931s][info][gc,stats    ]     CLDG                              6 us
[29.931s][info][gc,stats    ]     Exception Caches                  0 us
[29.931s][info][gc,stats    ] Pause Final Roots (G)               353 us
[29.931s][info][gc,stats    ] Pause Final Roots (N)                50 us
[29.931s][info][gc,stats    ] 
[29.931s][info][gc,stats    ] Allocation pacing accrued:
[29.931s][info][gc,stats    ]       0 of   162 ms (  0.0%): <total>
[29.931s][info][gc,stats    ]       0 of   162 ms (  0.0%): <average total>
[29.931s][info][gc,stats    ] 
[29.931s][info][gc,metaspace] Metaspace: 64914K(65664K)->64957K(65664K) NonClass: 56651K(57088K)->56691K(57088K) Class: 8262K(8576K)->8265K(8576K)
[29.931s][info][gc,ergo     ] Pacer for Idle. Initial: 41943K, Alloc Tax Rate: 1.0x
[29.940s][info][gc          ] Trigger: Explicit GC request (System.gc())
[29.940s][info][gc,ergo     ] Free: 1297M, Max: 1024K regular, 437M humongous, Frag: 67% external, 0% internal; Reserve: 103M, Max: 1024K
[29.940s][info][gc,start    ] GC(53) Concurrent reset
[29.940s][info][gc,task     ] GC(53) Using 1 of 3 workers for concurrent reset
[29.940s][info][gc,ergo     ] GC(53) Pacer for Reset. Non-Taxable: 2048M
[29.941s][info][gc          ] GC(53) Concurrent reset 1.011ms
[29.942s][info][gc,start    ] GC(53) Pause Init Mark (unload classes)
[29.942s][info][gc,task     ] GC(53) Using 3 of 3 workers for init marking
[29.942s][info][gc,ref      ] GC(53) Clearing All SoftReferences
[29.942s][info][gc,ergo     ] GC(53) Pacer for Mark. Expected Live: 170M, Free: 1297M, Non-Taxable: 129M, Alloc Tax Rate: 0.2x
[29.942s][info][gc          ] GC(53) Pause Init Mark (unload classes) 0.133ms
[29.942s][info][gc,start    ] GC(53) Concurrent marking roots
[29.942s][info][gc,task     ] GC(53) Using 1 of 3 workers for concurrent marking roots
[29.957s][info][gc          ] GC(53) Concurrent marking roots 14.860ms
[29.957s][info][gc,start    ] GC(53) Concurrent marking (unload classes)
[29.957s][info][gc,task     ] GC(53) Using 1 of 3 workers for concurrent marking
[30.083s][info][gc          ] GC(53) Concurrent marking (unload classes) 126.292ms
[30.083s][info][gc,start    ] GC(53) Pause Final Mark (unload classes)
[30.083s][info][gc,task     ] GC(53) Using 3 of 3 workers for final marking
[30.083s][info][gc,ergo     ] GC(53) Collectable Garbage: 445M (94%), Immediate: 445M (94%), CSet: 0B (0%)
[30.083s][info][gc          ] GC(53) Pause Final Mark (unload classes) 0.386ms
[30.084s][info][gc,start    ] GC(53) Concurrent weak references
[30.084s][info][gc,task     ] GC(53) Using 1 of 3 workers for concurrent weak references
[30.084s][info][gc,ref      ] GC(53) Encountered references: Soft: 2819, Weak: 5654, Final: 51, Phantom: 579
[30.084s][info][gc,ref      ] GC(53) Discovered  references: Soft: 655, Weak: 949, Final: 0, Phantom: 337
[30.084s][info][gc,ref      ] GC(53) Enqueued    references: Soft: 296, Weak: 163, Final: 0, Phantom: 0
[30.084s][info][gc          ] GC(53) Concurrent weak references 0.225ms
[30.084s][info][gc,start    ] GC(53) Concurrent weak roots
[30.084s][info][gc,task     ] GC(53) Using 1 of 3 workers for concurrent weak root
[30.087s][info][gc          ] GC(53) Concurrent weak roots 3.069ms
[30.087s][info][gc,start    ] GC(53) Concurrent cleanup
[30.087s][info][gc          ] GC(53) Concurrent cleanup 651M->207M(2048M) 0.052ms
[30.087s][info][gc,ergo     ] GC(53) Free: 1735M, Max: 1024K regular, 921M humongous, Frag: 47% external, 0% internal; Reserve: 103M, Max: 1024K
[30.087s][info][gc,start    ] GC(53) Concurrent class unloading
[30.087s][info][gc,task     ] GC(53) Using 1 of 3 workers for concurrent class unloading
[30.105s][info][gc          ] GC(53) Concurrent class unloading 18.310ms
[30.105s][info][gc,start    ] GC(53) Pause Final Roots
[30.105s][info][gc          ] GC(53) Pause Final Roots 0.038ms
[30.105s][info][gc,ergo     ] Free: 1732M, Max: 1024K regular, 921M humongous, Frag: 47% external, 0% internal; Reserve: 103M, Max: 1024K
[30.106s][info][gc,stats    ] 
[30.106s][info][gc,stats    ] All times are wall-clock times, except per-root-class counters, that are sum over
[30.106s][info][gc,stats    ] all workers. Dividing the <total> over the root stage time estimates parallelism.
[30.106s][info][gc,stats    ] 
[30.106s][info][gc,stats    ] Concurrent Reset                   1078 us
[30.106s][info][gc,stats    ] Pause Init Mark (G)                 247 us
[30.106s][info][gc,stats    ] Pause Init Mark (N)                 142 us
[30.106s][info][gc,stats    ]   Update Region States               52 us
[30.106s][info][gc,stats    ] Concurrent Mark Roots             14914 us, parallelism: 0.99x
[30.106s][info][gc,stats    ]   CMR: <total>                    14693 us
[30.106s][info][gc,stats    ]   CMR: Thread Roots               14569 us, workers (us): 14569, ---, ---, 
[30.106s][info][gc,stats    ]   CMR: VM Strong Roots               16 us, workers (us):  16, ---, ---, 
[30.106s][info][gc,stats    ]   CMR: CLDG Roots                   108 us, workers (us): 108, ---, ---, 
[30.106s][info][gc,stats    ] Concurrent Marking               126343 us
[30.106s][info][gc,stats    ] Pause Final Mark (G)                509 us
[30.106s][info][gc,stats    ] Pause Final Mark (N)                405 us
[30.106s][info][gc,stats    ]   Finish Mark                       127 us
[30.106s][info][gc,stats    ]   Update Region States               91 us
[30.106s][info][gc,stats    ]   Choose Collection Set              66 us
[30.106s][info][gc,stats    ]   Rebuild Free Set                   17 us
[30.106s][info][gc,stats    ] Concurrent Weak References          233 us, parallelism: 0.55x
[30.106s][info][gc,stats    ]   CWRF: <total>                     129 us
[30.106s][info][gc,stats    ]   CWRF: Weak References             129 us, workers (us): 129, ---, ---, 
[30.106s][info][gc,stats    ] Concurrent Weak Roots              3126 us
[30.106s][info][gc,stats    ]   Roots                            2887 us, parallelism: 0.99x
[30.106s][info][gc,stats    ]     CWR: <total>                   2852 us
[30.106s][info][gc,stats    ]     CWR: Code Cache Roots          2258 us, workers (us): 2258, ---, ---, 
[30.106s][info][gc,stats    ]     CWR: VM Weak Roots              543 us, workers (us): 543, ---, ---, 
[30.106s][info][gc,stats    ]     CWR: CLDG Roots                  52 us, workers (us):  52, ---, ---, 
[30.106s][info][gc,stats    ]   Rendezvous                        165 us
[30.106s][info][gc,stats    ] Concurrent Cleanup                   60 us
[30.106s][info][gc,stats    ] Concurrent Class Unloading        18364 us
[30.106s][info][gc,stats    ]   Unlink Stale                    17231 us
[30.106s][info][gc,stats    ]     System Dictionary               663 us
[30.106s][info][gc,stats    ]     Weak Class Links               6111 us
[30.106s][info][gc,stats    ]     Code Roots                    10455 us
[30.106s][info][gc,stats    ]   Rendezvous                        184 us
[30.106s][info][gc,stats    ]   Purge Unlinked                    875 us
[30.106s][info][gc,stats    ]     Code Roots                      558 us
[30.106s][info][gc,stats    ]     CLDG                            315 us
[30.106s][info][gc,stats    ]     Exception Caches                  0 us
[30.106s][info][gc,stats    ] Pause Final Roots (G)               105 us
[30.106s][info][gc,stats    ] Pause Final Roots (N)                47 us
[30.106s][info][gc,stats    ] 
[30.106s][info][gc,stats    ] Allocation pacing accrued:
[30.106s][info][gc,stats    ]       0 of   175 ms (  0.0%): <total>
[30.106s][info][gc,stats    ]       0 of   175 ms (  0.0%): <average total>
[30.106s][info][gc,stats    ] 
[30.106s][info][gc,metaspace] Metaspace: 64957K(65664K)->64643K(65664K) NonClass: 56691K(57088K)->56432K(57088K) Class: 8265K(8576K)->8211K(8576K)
[30.106s][info][gc,ergo     ] Pacer for Idle. Initial: 41943K, Alloc Tax Rate: 1.0x
[30.290s][info][gc          ] Trigger: Learning 2 of 5. Free (1386M) is below initial threshold (1433M)
[30.290s][info][gc,ergo     ] Free: 1386M, Max: 1024K regular, 921M humongous, Frag: 34% external, 0% internal; Reserve: 103M, Max: 1024K
[30.290s][info][gc,start    ] GC(54) Concurrent reset
[30.290s][info][gc,task     ] GC(54) Using 1 of 3 workers for concurrent reset
[30.290s][info][gc,ergo     ] GC(54) Pacer for Reset. Non-Taxable: 2048M
[30.291s][info][gc          ] GC(54) Concurrent reset 0.789ms
[30.291s][info][gc,start    ] GC(54) Pause Init Mark (unload classes)
[30.291s][info][gc,task     ] GC(54) Using 3 of 3 workers for init marking
[30.292s][info][gc,ergo     ] GC(54) Pacer for Mark. Expected Live: 170M, Free: 1386M, Non-Taxable: 138M, Alloc Tax Rate: 0.2x
[30.292s][info][gc          ] GC(54) Pause Init Mark (unload classes) 0.293ms
[30.292s][info][gc,start    ] GC(54) Concurrent marking roots
[30.292s][info][gc,task     ] GC(54) Using 1 of 3 workers for concurrent marking roots
[30.304s][info][gc          ] GC(54) Concurrent marking roots 12.348ms
[30.304s][info][gc,start    ] GC(54) Concurrent marking (unload classes)
[30.304s][info][gc,task     ] GC(54) Using 1 of 3 workers for concurrent marking
[30.433s][info][gc          ] GC(54) Concurrent marking (unload classes) 129.184ms
[30.433s][info][gc,start    ] GC(54) Pause Final Mark (unload classes)
[30.433s][info][gc,task     ] GC(54) Using 3 of 3 workers for final marking
[30.434s][info][gc,ergo     ] GC(54) Adaptive CSet Selection. Target Free: 290M, Actual Free: 1379M, Max CSet: 87381K, Min Garbage: 0B
[30.434s][info][gc,ergo     ] GC(54) Collectable Garbage: 379M (99%), Immediate: 323M (84%), CSet: 57912K (14%)
[30.434s][info][gc,ergo     ] GC(54) Pacer for Evacuation. Used CSet: 60270K, Free: 1284M, Non-Taxable: 128M, Alloc Tax Rate: 1.1x
[30.434s][info][gc          ] GC(54) Pause Final Mark (unload classes) 0.275ms
[30.434s][info][gc,start    ] GC(54) Concurrent thread roots
[30.434s][info][gc,task     ] GC(54) Using 1 of 3 workers for Concurrent thread roots
[30.446s][info][gc          ] GC(54) Concurrent thread roots 12.472ms
[30.446s][info][gc,start    ] GC(54) Concurrent weak references
[30.446s][info][gc,task     ] GC(54) Using 1 of 3 workers for concurrent weak references
[30.447s][info][gc,ref      ] GC(54) Encountered references: Soft: 2904, Weak: 5785, Final: 51, Phantom: 579
[30.447s][info][gc,ref      ] GC(54) Discovered  references: Soft: 0, Weak: 867, Final: 0, Phantom: 337
[30.447s][info][gc,ref      ] GC(54) Enqueued    references: Soft: 0, Weak: 95, Final: 0, Phantom: 0
[30.447s][info][gc          ] GC(54) Concurrent weak references 0.329ms
[30.447s][info][gc,start    ] GC(54) Concurrent weak roots
[30.447s][info][gc,task     ] GC(54) Using 1 of 3 workers for concurrent weak root
[30.450s][info][gc          ] GC(54) Concurrent weak roots 3.594ms
[30.450s][info][gc,start    ] GC(54) Concurrent cleanup
[30.450s][info][gc          ] GC(54) Concurrent cleanup 1033M->710M(2048M) 0.046ms
[30.450s][info][gc,ergo     ] GC(54) Free: 1233M, Max: 1024K regular, 901M humongous, Frag: 27% external, 0% internal; Reserve: 102M, Max: 1024K
[30.450s][info][gc,start    ] GC(54) Concurrent class unloading
[30.450s][info][gc,task     ] GC(54) Using 1 of 3 workers for concurrent class unloading
[30.468s][info][gc          ] GC(54) Concurrent class unloading 17.839ms
[30.468s][info][gc,start    ] GC(54) Concurrent strong roots
[30.468s][info][gc,task     ] GC(54) Using 1 of 3 workers for concurrent strong root
[30.469s][info][gc          ] GC(54) Concurrent strong roots 0.377ms
[30.469s][info][gc,start    ] GC(54) Concurrent evacuation
[30.469s][info][gc,task     ] GC(54) Using 1 of 3 workers for concurrent evacuation
[30.471s][info][gc          ] GC(54) Concurrent evacuation 1.887ms
[30.471s][info][gc,start    ] GC(54) Pause Init Update Refs
[30.471s][info][gc,ergo     ] GC(54) Pacer for Update Refs. Used: 768M, Free: 1177M, Non-Taxable: 117M, Alloc Tax Rate: 1.1x
[30.471s][info][gc          ] GC(54) Pause Init Update Refs 0.078ms
[30.471s][info][gc,start    ] GC(54) Concurrent update references
[30.471s][info][gc,task     ] GC(54) Using 1 of 3 workers for concurrent reference update
[30.647s][info][gc          ] GC(54) Concurrent update references 176.276ms
[30.647s][info][gc,start    ] GC(54) Concurrent update thread roots
[30.659s][info][gc          ] GC(54) Concurrent update thread roots 11.451ms
[30.659s][info][gc,start    ] GC(54) Pause Final Update Refs
[30.659s][info][gc,task     ] GC(54) Using 3 of 3 workers for final reference update
[30.659s][info][gc          ] GC(54) Pause Final Update Refs 0.137ms
[30.659s][info][gc,start    ] GC(54) Concurrent cleanup
[30.659s][info][gc          ] GC(54) Concurrent cleanup 1288M->1230M(2048M) 0.060ms
[30.659s][info][gc,ergo     ] Free: 712M, Max: 1024K regular, 651M humongous, Frag: 8% external, 0% internal; Reserve: 103M, Max: 1024K
[30.659s][info][gc,stats    ] 
[30.659s][info][gc,stats    ] All times are wall-clock times, except per-root-class counters, that are sum over
[30.659s][info][gc,stats    ] all workers. Dividing the <total> over the root stage time estimates parallelism.
[30.659s][info][gc,stats    ] 
[30.659s][info][gc,stats    ] Concurrent Reset                    856 us
[30.659s][info][gc,stats    ] Pause Init Mark (G)                 500 us
[30.659s][info][gc,stats    ] Pause Init Mark (N)                 317 us
[30.659s][info][gc,stats    ]   Update Region States              129 us
[30.659s][info][gc,stats    ] Concurrent Mark Roots             12392 us, parallelism: 0.97x
[30.659s][info][gc,stats    ]   CMR: <total>                    12010 us
[30.659s][info][gc,stats    ]   CMR: Thread Roots               11930 us, workers (us): 11930, ---, ---, 
[30.659s][info][gc,stats    ]   CMR: VM Strong Roots               14 us, workers (us):  14, ---, ---, 
[30.659s][info][gc,stats    ]   CMR: CLDG Roots                    66 us, workers (us):  66, ---, ---, 
[30.659s][info][gc,stats    ] Concurrent Marking               129233 us
[30.659s][info][gc,stats    ] Pause Final Mark (G)                416 us
[30.659s][info][gc,stats    ] Pause Final Mark (N)                283 us
[30.659s][info][gc,stats    ]   Finish Mark                        81 us
[30.659s][info][gc,stats    ]   Update Region States               50 us
[30.659s][info][gc,stats    ]   Choose Collection Set              68 us
[30.659s][info][gc,stats    ]   Rebuild Free Set                    7 us
[30.659s][info][gc,stats    ] Concurrent Thread Roots           12518 us, parallelism: 0.99x
[30.659s][info][gc,stats    ]   CTR: <total>                    12336 us
[30.659s][info][gc,stats    ]   CTR: Thread Roots               12336 us, workers (us): 12336, ---, ---, 
[30.659s][info][gc,stats    ] Concurrent Weak References          346 us, parallelism: 0.42x
[30.659s][info][gc,stats    ]   CWRF: <total>                     144 us
[30.659s][info][gc,stats    ]   CWRF: Weak References             144 us, workers (us): 144, ---, ---, 
[30.660s][info][gc,stats    ] Concurrent Weak Roots              3640 us
[30.660s][info][gc,stats    ]   Roots                            3385 us, parallelism: 0.98x
[30.660s][info][gc,stats    ]     CWR: <total>                   3306 us
[30.660s][info][gc,stats    ]     CWR: Code Cache Roots          2237 us, workers (us): 2237, ---, ---, 
[30.660s][info][gc,stats    ]     CWR: VM Weak Roots             1011 us, workers (us): 1011, ---, ---, 
[30.660s][info][gc,stats    ]     CWR: CLDG Roots                  59 us, workers (us):  59, ---, ---, 
[30.660s][info][gc,stats    ]   Rendezvous                        176 us
[30.660s][info][gc,stats    ] Concurrent Cleanup                   54 us
[30.660s][info][gc,stats    ] Concurrent Class Unloading        17898 us
[30.660s][info][gc,stats    ]   Unlink Stale                    17074 us
[30.660s][info][gc,stats    ]     System Dictionary               191 us
[30.660s][info][gc,stats    ]     Weak Class Links               7156 us
[30.660s][info][gc,stats    ]     Code Roots                     9726 us
[30.660s][info][gc,stats    ]   Rendezvous                        218 us
[30.660s][info][gc,stats    ]   Purge Unlinked                    527 us
[30.660s][info][gc,stats    ]     Code Roots                      501 us
[30.660s][info][gc,stats    ]     CLDG                             25 us
[30.660s][info][gc,stats    ]     Exception Caches                  0 us
[30.660s][info][gc,stats    ] Concurrent Strong Roots             395 us, parallelism: 0.65x
[30.660s][info][gc,stats    ]   CSR: <total>                      255 us
[30.660s][info][gc,stats    ]   CSR: VM Strong Roots               14 us, workers (us):  14, ---, ---, 
[30.660s][info][gc,stats    ]   CSR: CLDG Roots                   242 us, workers (us): 242, ---, ---, 
[30.660s][info][gc,stats    ] Concurrent Evacuation              1960 us
[30.660s][info][gc,stats    ] Pause Init Update Refs (G)          219 us
[30.660s][info][gc,stats    ] Pause Init Update Refs (N)           87 us
[30.660s][info][gc,stats    ]   Manage GCLABs                      19 us
[30.660s][info][gc,stats    ] Concurrent Update Refs           176346 us
[30.660s][info][gc,stats    ] Concurrent Update Thread Roots    11510 us
[30.660s][info][gc,stats    ] Pause Final Update Refs (G)         287 us
[30.660s][info][gc,stats    ] Pause Final Update Refs (N)         151 us
[30.660s][info][gc,stats    ]   Update Region States               58 us
[30.660s][info][gc,stats    ]   Trash Collection Set                4 us
[30.660s][info][gc,stats    ]   Rebuild Free Set                   18 us
[30.660s][info][gc,stats    ] Concurrent Cleanup                   80 us
[30.660s][info][gc,stats    ] Pacing                            65223 us
[30.660s][info][gc,stats    ] 
[30.660s][info][gc,stats    ] Allocation pacing accrued:
[30.660s][info][gc,stats    ]      33 of   554 ms (  6.0%): Executor task launch worker for task 0.0 in stage 31.0 (TID 51)
[30.660s][info][gc,stats    ]      32 of   554 ms (  5.8%): Executor task launch worker for task 1.0 in stage 31.0 (TID 52)
[30.660s][info][gc,stats    ]      65 of   554 ms ( 11.8%): <total>
[30.660s][info][gc,stats    ]       0 of   554 ms (  0.0%): <average total>
[30.660s][info][gc,stats    ]      33 of   554 ms (  5.9%): <average non-zero>
[30.660s][info][gc,stats    ] 
[30.660s][info][gc,metaspace] Metaspace: 64980K(65664K)->64982K(65664K) NonClass: 56717K(57088K)->56719K(57088K) Class: 8263K(8576K)->8262K(8576K)
[30.660s][info][gc,ergo     ] Pacer for Idle. Initial: 41943K, Alloc Tax Rate: 1.0x
[30.667s][info][gc          ] Trigger: Learning 3 of 5. Free (684M) is below initial threshold (1433M)
[30.667s][info][gc,ergo     ] Free: 684M, Max: 1024K regular, 651M humongous, Frag: 4% external, 0% internal; Reserve: 103M, Max: 1024K
[30.667s][info][gc,start    ] GC(55) Concurrent reset
[30.667s][info][gc,task     ] GC(55) Using 1 of 3 workers for concurrent reset
[30.667s][info][gc,ergo     ] GC(55) Pacer for Reset. Non-Taxable: 2048M
[30.668s][info][gc          ] GC(55) Concurrent reset 1.139ms
[30.669s][info][gc,start    ] GC(55) Pause Init Mark (unload classes)
[30.669s][info][gc,task     ] GC(55) Using 3 of 3 workers for init marking
[30.669s][info][gc,ergo     ] GC(55) Pacer for Mark. Expected Live: 170M, Free: 681M, Non-Taxable: 69736K, Alloc Tax Rate: 0.3x
[30.669s][info][gc          ] GC(55) Pause Init Mark (unload classes) 0.185ms
[30.669s][info][gc,start    ] GC(55) Concurrent marking roots
[30.669s][info][gc,task     ] GC(55) Using 1 of 3 workers for concurrent marking roots
[30.681s][info][gc          ] GC(55) Concurrent marking roots 12.070ms
[30.681s][info][gc,start    ] GC(55) Concurrent marking (unload classes)
[30.681s][info][gc,task     ] GC(55) Using 1 of 3 workers for concurrent marking
[30.809s][info][gc          ] GC(55) Concurrent marking (unload classes) 128.174ms
[30.809s][info][gc,start    ] GC(55) Pause Final Mark (unload classes)
[30.809s][info][gc,task     ] GC(55) Using 3 of 3 workers for final marking
[30.809s][info][gc,ergo     ] GC(55) Collectable Garbage: 1071M (98%), Immediate: 1071M (98%), CSet: 0B (0%)
[30.810s][info][gc          ] GC(55) Pause Final Mark (unload classes) 0.255ms
[30.810s][info][gc,start    ] GC(55) Concurrent weak references
[30.810s][info][gc,task     ] GC(55) Using 1 of 3 workers for concurrent weak references
[30.810s][info][gc,ref      ] GC(55) Encountered references: Soft: 2904, Weak: 5693, Final: 51, Phantom: 579
[30.810s][info][gc,ref      ] GC(55) Discovered  references: Soft: 0, Weak: 788, Final: 0, Phantom: 260
[30.810s][info][gc,ref      ] GC(55) Enqueued    references: Soft: 0, Weak: 21, Final: 0, Phantom: 0
[30.810s][info][gc          ] GC(55) Concurrent weak references 0.235ms
[30.810s][info][gc,start    ] GC(55) Concurrent weak roots
[30.810s][info][gc,task     ] GC(55) Using 1 of 3 workers for concurrent weak root
[30.813s][info][gc          ] GC(55) Concurrent weak roots 3.167ms
[30.813s][info][gc,start    ] GC(55) Concurrent cleanup
[30.813s][info][gc          ] GC(55) Concurrent cleanup 1641M->571M(2048M) 0.236ms
[30.813s][info][gc,ergo     ] GC(55) Free: 1371M, Max: 1024K regular, 330M humongous, Frag: 76% external, 0% internal; Reserve: 103M, Max: 1024K
[30.813s][info][gc,start    ] GC(55) Concurrent class unloading
[30.813s][info][gc,task     ] GC(55) Using 1 of 3 workers for concurrent class unloading
[30.824s][info][gc          ] GC(55) Concurrent class unloading 10.596ms
[30.824s][info][gc,start    ] GC(55) Pause Final Roots
[30.824s][info][gc          ] GC(55) Pause Final Roots 0.059ms
[30.824s][info][gc,ergo     ] Free: 1334M, Max: 1024K regular, 330M humongous, Frag: 76% external, 0% internal; Reserve: 103M, Max: 1024K
[30.824s][info][gc,stats    ] 
[30.824s][info][gc,stats    ] All times are wall-clock times, except per-root-class counters, that are sum over
[30.824s][info][gc,stats    ] all workers. Dividing the <total> over the root stage time estimates parallelism.
[30.824s][info][gc,stats    ] 
[30.824s][info][gc,stats    ] Concurrent Reset                   1157 us
[30.824s][info][gc,stats    ] Pause Init Mark (G)                 390 us
[30.824s][info][gc,stats    ] Pause Init Mark (N)                 201 us
[30.824s][info][gc,stats    ]   Update Region States               54 us
[30.824s][info][gc,stats    ] Concurrent Mark Roots             12130 us, parallelism: 0.98x
[30.824s][info][gc,stats    ]   CMR: <total>                    11889 us
[30.824s][info][gc,stats    ]   CMR: Thread Roots               11747 us, workers (us): 11747, ---, ---, 
[30.824s][info][gc,stats    ]   CMR: VM Strong Roots               18 us, workers (us):  18, ---, ---, 
[30.824s][info][gc,stats    ]   CMR: CLDG Roots                   123 us, workers (us): 123, ---, ---, 
[30.824s][info][gc,stats    ] Concurrent Marking               128249 us
[30.824s][info][gc,stats    ] Pause Final Mark (G)                447 us
[30.824s][info][gc,stats    ] Pause Final Mark (N)                266 us
[30.824s][info][gc,stats    ]   Finish Mark                        80 us
[30.824s][info][gc,stats    ]   Update Region States               63 us
[30.824s][info][gc,stats    ]   Choose Collection Set              59 us
[30.824s][info][gc,stats    ]   Rebuild Free Set                    8 us
[30.824s][info][gc,stats    ] Concurrent Weak References          252 us, parallelism: 0.26x
[30.824s][info][gc,stats    ]   CWRF: <total>                      67 us
[30.824s][info][gc,stats    ]   CWRF: Weak References              67 us, workers (us):  67, ---, ---, 
[30.824s][info][gc,stats    ] Concurrent Weak Roots              3222 us
[30.824s][info][gc,stats    ]   Roots                            2933 us, parallelism: 0.98x
[30.824s][info][gc,stats    ]     CWR: <total>                   2875 us
[30.825s][info][gc,stats    ]     CWR: Code Cache Roots          2486 us, workers (us): 2486, ---, ---, 
[30.825s][info][gc,stats    ]     CWR: VM Weak Roots              334 us, workers (us): 334, ---, ---, 
[30.825s][info][gc,stats    ]     CWR: CLDG Roots                  56 us, workers (us):  56, ---, ---, 
[30.825s][info][gc,stats    ]   Rendezvous                        197 us
[30.825s][info][gc,stats    ] Concurrent Cleanup                  254 us
[30.825s][info][gc,stats    ] Concurrent Class Unloading        10656 us
[30.825s][info][gc,stats    ]   Unlink Stale                     9681 us
[30.825s][info][gc,stats    ]     System Dictionary                57 us
[30.825s][info][gc,stats    ]     Weak Class Links                  0 us
[30.825s][info][gc,stats    ]     Code Roots                     9622 us
[30.825s][info][gc,stats    ]   Rendezvous                        232 us
[30.825s][info][gc,stats    ]   Purge Unlinked                    662 us
[30.825s][info][gc,stats    ]     Code Roots                      654 us
[30.825s][info][gc,stats    ]     CLDG                              6 us
[30.825s][info][gc,stats    ]     Exception Caches                  0 us
[30.825s][info][gc,stats    ] Pause Final Roots (G)               214 us
[30.825s][info][gc,stats    ] Pause Final Roots (N)                79 us
[30.825s][info][gc,stats    ] Pacing                            56961 us
[30.825s][info][gc,stats    ] 
[30.825s][info][gc,stats    ] Allocation pacing accrued:
[30.825s][info][gc,stats    ]      33 of   165 ms ( 20.3%): Executor task launch worker for task 0.0 in stage 31.0 (TID 51)
[30.825s][info][gc,stats    ]      24 of   165 ms ( 14.3%): Executor task launch worker for task 1.0 in stage 31.0 (TID 52)
[30.825s][info][gc,stats    ]      57 of   165 ms ( 34.6%): <total>
[30.825s][info][gc,stats    ]       0 of   165 ms (  0.1%): <average total>
[30.825s][info][gc,stats    ]      28 of   165 ms ( 17.3%): <average non-zero>
[30.825s][info][gc,stats    ] 
[30.825s][info][gc,metaspace] Metaspace: 64982K(65664K)->64982K(65664K) NonClass: 56719K(57088K)->56719K(57088K) Class: 8262K(8576K)->8262K(8576K)
[30.825s][info][gc,ergo     ] Pacer for Idle. Initial: 41943K, Alloc Tax Rate: 1.0x
[30.840s][info][gc          ] Trigger: Learning 4 of 5. Free (1291M) is below initial threshold (1433M)
[30.840s][info][gc,ergo     ] Free: 1291M, Max: 1024K regular, 330M humongous, Frag: 75% external, 0% internal; Reserve: 103M, Max: 1024K
[30.840s][info][gc,start    ] GC(56) Concurrent reset
[30.840s][info][gc,task     ] GC(56) Using 1 of 3 workers for concurrent reset
[30.840s][info][gc,ergo     ] GC(56) Pacer for Reset. Non-Taxable: 2048M
[30.841s][info][gc          ] GC(56) Concurrent reset 0.900ms
[30.841s][info][gc,start    ] GC(56) Pause Init Mark (unload classes)
[30.841s][info][gc,task     ] GC(56) Using 3 of 3 workers for init marking
[30.841s][info][gc,ergo     ] GC(56) Pacer for Mark. Expected Live: 170M, Free: 1291M, Non-Taxable: 129M, Alloc Tax Rate: 0.2x
[30.841s][info][gc          ] GC(56) Pause Init Mark (unload classes) 0.117ms
[30.841s][info][gc,start    ] GC(56) Concurrent marking roots
[30.841s][info][gc,task     ] GC(56) Using 1 of 3 workers for concurrent marking roots
[30.853s][info][gc          ] GC(56) Concurrent marking roots 12.003ms
[30.853s][info][gc,start    ] GC(56) Concurrent marking (unload classes)
[30.853s][info][gc,task     ] GC(56) Using 1 of 3 workers for concurrent marking
[30.985s][info][gc          ] GC(56) Concurrent marking (unload classes) 131.708ms
[30.985s][info][gc,start    ] GC(56) Pause Final Mark (unload classes)
[30.985s][info][gc,task     ] GC(56) Using 3 of 3 workers for final marking
[30.985s][info][gc,ergo     ] GC(56) Collectable Garbage: 461M (95%), Immediate: 461M (95%), CSet: 0B (0%)
[30.985s][info][gc          ] GC(56) Pause Final Mark (unload classes) 0.228ms
[30.985s][info][gc,start    ] GC(56) Concurrent weak references
[30.985s][info][gc,task     ] GC(56) Using 1 of 3 workers for concurrent weak references
[30.985s][info][gc,ref      ] GC(56) Encountered references: Soft: 2904, Weak: 5668, Final: 51, Phantom: 579
[30.985s][info][gc,ref      ] GC(56) Discovered  references: Soft: 0, Weak: 527, Final: 0, Phantom: 337
[30.985s][info][gc,ref      ] GC(56) Enqueued    references: Soft: 0, Weak: 0, Final: 0, Phantom: 0
[30.985s][info][gc          ] GC(56) Concurrent weak references 0.268ms
[30.986s][info][gc,start    ] GC(56) Concurrent weak roots
[30.986s][info][gc,task     ] GC(56) Using 1 of 3 workers for concurrent weak root
[30.988s][info][gc          ] GC(56) Concurrent weak roots 2.700ms
[30.988s][info][gc,start    ] GC(56) Concurrent cleanup
[30.988s][info][gc          ] GC(56) Concurrent cleanup 1063M->602M(2048M) 0.088ms
[30.988s][info][gc,ergo     ] GC(56) Free: 1337M, Max: 1024K regular, 418M humongous, Frag: 69% external, 0% internal; Reserve: 103M, Max: 1024K
[30.988s][info][gc,start    ] GC(56) Concurrent class unloading
[30.988s][info][gc,task     ] GC(56) Using 1 of 3 workers for concurrent class unloading
[30.999s][info][gc          ] GC(56) Concurrent class unloading 10.631ms
[30.999s][info][gc,start    ] GC(56) Pause Final Roots
[30.999s][info][gc          ] GC(56) Pause Final Roots 0.040ms
[30.999s][info][gc,ergo     ] Free: 1330M, Max: 1024K regular, 418M humongous, Frag: 69% external, 0% internal; Reserve: 103M, Max: 1024K
[30.999s][info][gc,stats    ] 
[30.999s][info][gc,stats    ] All times are wall-clock times, except per-root-class counters, that are sum over
[30.999s][info][gc,stats    ] all workers. Dividing the <total> over the root stage time estimates parallelism.
[30.999s][info][gc,stats    ] 
[30.999s][info][gc,stats    ] Concurrent Reset                    961 us
[30.999s][info][gc,stats    ] Pause Init Mark (G)                 219 us
[30.999s][info][gc,stats    ] Pause Init Mark (N)                 126 us
[30.999s][info][gc,stats    ]   Update Region States               39 us
[30.999s][info][gc,stats    ] Concurrent Mark Roots             12055 us, parallelism: 0.98x
[30.999s][info][gc,stats    ]   CMR: <total>                    11835 us
[30.999s][info][gc,stats    ]   CMR: Thread Roots               11758 us, workers (us): 11758, ---, ---, 
[30.999s][info][gc,stats    ]   CMR: VM Strong Roots               14 us, workers (us):  14, ---, ---, 
[30.999s][info][gc,stats    ]   CMR: CLDG Roots                    64 us, workers (us):  64, ---, ---, 
[30.999s][info][gc,stats    ] Concurrent Marking               131771 us
[30.999s][info][gc,stats    ] Pause Final Mark (G)                372 us
[30.999s][info][gc,stats    ] Pause Final Mark (N)                238 us
[30.999s][info][gc,stats    ]   Finish Mark                        85 us
[30.999s][info][gc,stats    ]   Update Region States               46 us
[30.999s][info][gc,stats    ]   Choose Collection Set              35 us
[31.000s][info][gc,stats    ]   Rebuild Free Set                    8 us
[31.000s][info][gc,stats    ] Concurrent Weak References          285 us, parallelism: 0.27x
[31.000s][info][gc,stats    ]   CWRF: <total>                      78 us
[31.000s][info][gc,stats    ]   CWRF: Weak References              78 us, workers (us):  78, ---, ---, 
[31.000s][info][gc,stats    ] Concurrent Weak Roots              2771 us
[31.000s][info][gc,stats    ]   Roots                            2456 us, parallelism: 0.96x
[31.000s][info][gc,stats    ]     CWR: <total>                   2360 us
[31.000s][info][gc,stats    ]     CWR: Code Cache Roots          1975 us, workers (us): 1975, ---, ---, 
[31.000s][info][gc,stats    ]     CWR: VM Weak Roots              332 us, workers (us): 332, ---, ---, 
[31.000s][info][gc,stats    ]     CWR: CLDG Roots                  52 us, workers (us):  52, ---, ---, 
[31.000s][info][gc,stats    ]   Rendezvous                        208 us
[31.000s][info][gc,stats    ] Concurrent Cleanup                  112 us
[31.000s][info][gc,stats    ] Concurrent Class Unloading        10687 us
[31.000s][info][gc,stats    ]   Unlink Stale                     9858 us
[31.000s][info][gc,stats    ]     System Dictionary                62 us
[31.000s][info][gc,stats    ]     Weak Class Links                  0 us
[31.000s][info][gc,stats    ]     Code Roots                     9794 us
[31.000s][info][gc,stats    ]   Rendezvous                        177 us
[31.000s][info][gc,stats    ]   Purge Unlinked                    560 us
[31.000s][info][gc,stats    ]     Code Roots                      556 us
[31.000s][info][gc,stats    ]     CLDG                              4 us
[31.000s][info][gc,stats    ]     Exception Caches                  0 us
[31.000s][info][gc,stats    ] Pause Final Roots (G)               151 us
[31.000s][info][gc,stats    ] Pause Final Roots (N)                50 us
[31.000s][info][gc,stats    ] Pacing                            38603 us
[31.000s][info][gc,stats    ] 
[31.000s][info][gc,stats    ] Allocation pacing accrued:
[31.000s][info][gc,stats    ]      19 of   175 ms ( 11.0%): Executor task launch worker for task 0.0 in stage 32.0 (TID 53)
[31.000s][info][gc,stats    ]      19 of   175 ms ( 11.0%): Executor task launch worker for task 1.0 in stage 32.0 (TID 54)
[31.000s][info][gc,stats    ]      39 of   175 ms ( 22.1%): <total>
[31.000s][info][gc,stats    ]       0 of   175 ms (  0.1%): <average total>
[31.000s][info][gc,stats    ]      19 of   175 ms ( 11.0%): <average non-zero>
[31.000s][info][gc,stats    ] 
[31.000s][info][gc,metaspace] Metaspace: 64982K(65664K)->65011K(65792K) NonClass: 56719K(57088K)->56745K(57216K) Class: 8262K(8576K)->8265K(8576K)
[31.000s][info][gc,ergo     ] Pacer for Idle. Initial: 41943K, Alloc Tax Rate: 1.0x
[31.012s][info][gc          ] Trigger: Explicit GC request (System.gc())
[31.012s][info][gc,ergo     ] Free: 1330M, Max: 1024K regular, 418M humongous, Frag: 69% external, 0% internal; Reserve: 103M, Max: 1024K
[31.012s][info][gc,start    ] GC(57) Concurrent reset
[31.012s][info][gc,task     ] GC(57) Using 1 of 3 workers for concurrent reset
[31.012s][info][gc,ergo     ] GC(57) Pacer for Reset. Non-Taxable: 2048M
[31.013s][info][gc          ] GC(57) Concurrent reset 1.083ms
[31.014s][info][gc,start    ] GC(57) Pause Init Mark (unload classes)
[31.014s][info][gc,task     ] GC(57) Using 3 of 3 workers for init marking
[31.014s][info][gc,ref      ] GC(57) Clearing All SoftReferences
[31.014s][info][gc,ergo     ] GC(57) Pacer for Mark. Expected Live: 170M, Free: 1330M, Non-Taxable: 133M, Alloc Tax Rate: 0.2x
[31.014s][info][gc          ] GC(57) Pause Init Mark (unload classes) 0.164ms
[31.014s][info][gc,start    ] GC(57) Concurrent marking roots
[31.014s][info][gc,task     ] GC(57) Using 1 of 3 workers for concurrent marking roots
[31.026s][info][gc          ] GC(57) Concurrent marking roots 11.873ms
[31.026s][info][gc,start    ] GC(57) Concurrent marking (unload classes)
[31.026s][info][gc,task     ] GC(57) Using 1 of 3 workers for concurrent marking
[31.152s][info][gc          ] GC(57) Concurrent marking (unload classes) 126.249ms
[31.152s][info][gc,start    ] GC(57) Pause Final Mark (unload classes)
[31.152s][info][gc,task     ] GC(57) Using 3 of 3 workers for final marking
[31.152s][info][gc,ergo     ] GC(57) Collectable Garbage: 411M (93%), Immediate: 411M (93%), CSet: 0B (0%)
[31.152s][info][gc          ] GC(57) Pause Final Mark (unload classes) 0.417ms
[31.153s][info][gc,start    ] GC(57) Concurrent weak references
[31.153s][info][gc,task     ] GC(57) Using 1 of 3 workers for concurrent weak references
[31.153s][info][gc,ref      ] GC(57) Encountered references: Soft: 2819, Weak: 5683, Final: 51, Phantom: 579
[31.153s][info][gc,ref      ] GC(57) Discovered  references: Soft: 655, Weak: 931, Final: 0, Phantom: 260
[31.153s][info][gc,ref      ] GC(57) Enqueued    references: Soft: 296, Weak: 162, Final: 0, Phantom: 0
[31.153s][info][gc          ] GC(57) Concurrent weak references 0.505ms
[31.153s][info][gc,start    ] GC(57) Concurrent weak roots
[31.153s][info][gc,task     ] GC(57) Using 1 of 3 workers for concurrent weak root
[31.155s][info][gc          ] GC(57) Concurrent weak roots 2.382ms
[31.155s][info][gc,start    ] GC(57) Concurrent cleanup
[31.156s][info][gc          ] GC(57) Concurrent cleanup 614M->203M(2048M) 0.044ms
[31.156s][info][gc,ergo     ] GC(57) Free: 1739M, Max: 1024K regular, 903M humongous, Frag: 48% external, 0% internal; Reserve: 103M, Max: 1024K
[31.156s][info][gc,start    ] GC(57) Concurrent class unloading
[31.156s][info][gc,task     ] GC(57) Using 1 of 3 workers for concurrent class unloading
[31.172s][info][gc          ] GC(57) Concurrent class unloading 16.741ms
[31.172s][info][gc,start    ] GC(57) Pause Final Roots
[31.173s][info][gc          ] GC(57) Pause Final Roots 0.074ms
[31.173s][info][gc,ergo     ] Free: 1731M, Max: 1024K regular, 903M humongous, Frag: 48% external, 0% internal; Reserve: 103M, Max: 1024K
[31.173s][info][gc,stats    ] 
[31.173s][info][gc,stats    ] All times are wall-clock times, except per-root-class counters, that are sum over
[31.173s][info][gc,stats    ] all workers. Dividing the <total> over the root stage time estimates parallelism.
[31.173s][info][gc,stats    ] 
[31.173s][info][gc,stats    ] Concurrent Reset                   1108 us
[31.173s][info][gc,stats    ] Pause Init Mark (G)                 294 us
[31.173s][info][gc,stats    ] Pause Init Mark (N)                 173 us
[31.173s][info][gc,stats    ]   Update Region States               52 us
[31.173s][info][gc,stats    ] Concurrent Mark Roots             11922 us, parallelism: 0.98x
[31.173s][info][gc,stats    ]   CMR: <total>                    11709 us
[31.173s][info][gc,stats    ]   CMR: Thread Roots               11622 us, workers (us): 11622, ---, ---, 
[31.173s][info][gc,stats    ]   CMR: VM Strong Roots               16 us, workers (us):  16, ---, ---, 
[31.173s][info][gc,stats    ]   CMR: CLDG Roots                    71 us, workers (us):  71, ---, ---, 
[31.173s][info][gc,stats    ] Concurrent Marking               126327 us
[31.173s][info][gc,stats    ] Pause Final Mark (G)                513 us
[31.173s][info][gc,stats    ] Pause Final Mark (N)                425 us
[31.173s][info][gc,stats    ]   Finish Mark                       258 us
[31.173s][info][gc,stats    ]   Update Region States               48 us
[31.173s][info][gc,stats    ]   Choose Collection Set              34 us
[31.173s][info][gc,stats    ]   Rebuild Free Set                    8 us
[31.173s][info][gc,stats    ] Concurrent Weak References          513 us, parallelism: 0.42x
[31.173s][info][gc,stats    ]   CWRF: <total>                     217 us
[31.173s][info][gc,stats    ]   CWRF: Weak References             217 us, workers (us): 217, ---, ---, 
[31.173s][info][gc,stats    ] Concurrent Weak Roots              2424 us
[31.173s][info][gc,stats    ]   Roots                            2213 us, parallelism: 0.98x
[31.173s][info][gc,stats    ]     CWR: <total>                   2165 us
[31.173s][info][gc,stats    ]     CWR: Code Cache Roots          1776 us, workers (us): 1776, ---, ---, 
[31.173s][info][gc,stats    ]     CWR: VM Weak Roots              344 us, workers (us): 344, ---, ---, 
[31.173s][info][gc,stats    ]     CWR: CLDG Roots                  44 us, workers (us):  44, ---, ---, 
[31.173s][info][gc,stats    ]   Rendezvous                        153 us
[31.173s][info][gc,stats    ] Concurrent Cleanup                   53 us
[31.173s][info][gc,stats    ] Concurrent Class Unloading        16793 us
[31.173s][info][gc,stats    ]   Unlink Stale                    15811 us
[31.173s][info][gc,stats    ]     System Dictionary               652 us
[31.173s][info][gc,stats    ]     Weak Class Links               6024 us
[31.173s][info][gc,stats    ]     Code Roots                     9133 us
[31.173s][info][gc,stats    ]   Rendezvous                        251 us
[31.173s][info][gc,stats    ]   Purge Unlinked                    660 us
[31.173s][info][gc,stats    ]     Code Roots                      356 us
[31.173s][info][gc,stats    ]     CLDG                            304 us
[31.173s][info][gc,stats    ]     Exception Caches                  0 us
[31.173s][info][gc,stats    ] Pause Final Roots (G)               211 us
[31.173s][info][gc,stats    ] Pause Final Roots (N)               100 us
[31.173s][info][gc,stats    ] 
[31.173s][info][gc,stats    ] Allocation pacing accrued:
[31.173s][info][gc,stats    ]       0 of   173 ms (  0.0%): <total>
[31.173s][info][gc,stats    ]       0 of   173 ms (  0.0%): <average total>
[31.173s][info][gc,stats    ] 
[31.173s][info][gc,metaspace] Metaspace: 65011K(65792K)->64690K(65792K) NonClass: 56745K(57216K)->56479K(57216K) Class: 8265K(8576K)->8211K(8576K)
[31.173s][info][gc,ergo     ] Pacer for Idle. Initial: 41943K, Alloc Tax Rate: 1.0x
[31.344s][info][gc          ] Trigger: Learning 2 of 5. Free (1426M) is below initial threshold (1433M)
[31.344s][info][gc,ergo     ] Free: 1426M, Max: 1024K regular, 903M humongous, Frag: 37% external, 0% internal; Reserve: 103M, Max: 1024K
[31.344s][info][gc,start    ] GC(58) Concurrent reset
[31.344s][info][gc,task     ] GC(58) Using 1 of 3 workers for concurrent reset
[31.344s][info][gc,ergo     ] GC(58) Pacer for Reset. Non-Taxable: 2048M
[31.345s][info][gc          ] GC(58) Concurrent reset 0.735ms
[31.345s][info][gc,start    ] GC(58) Pause Init Mark (unload classes)
[31.345s][info][gc,task     ] GC(58) Using 3 of 3 workers for init marking
[31.345s][info][gc,ergo     ] GC(58) Pacer for Mark. Expected Live: 170M, Free: 1426M, Non-Taxable: 142M, Alloc Tax Rate: 0.1x
[31.345s][info][gc          ] GC(58) Pause Init Mark (unload classes) 0.140ms
[31.345s][info][gc,start    ] GC(58) Concurrent marking roots
[31.345s][info][gc,task     ] GC(58) Using 1 of 3 workers for concurrent marking roots
[31.357s][info][gc          ] GC(58) Concurrent marking roots 12.177ms
[31.357s][info][gc,start    ] GC(58) Concurrent marking (unload classes)
[31.357s][info][gc,task     ] GC(58) Using 1 of 3 workers for concurrent marking
[31.489s][info][gc          ] GC(58) Concurrent marking (unload classes) 131.977ms
[31.489s][info][gc,start    ] GC(58) Pause Final Mark (unload classes)
[31.489s][info][gc,task     ] GC(58) Using 3 of 3 workers for final marking
[31.489s][info][gc,ergo     ] GC(58) Adaptive CSet Selection. Target Free: 290M, Actual Free: 1372M, Max CSet: 87381K, Min Garbage: 0B
[31.490s][info][gc,ergo     ] GC(58) Collectable Garbage: 339M (99%), Immediate: 282M (82%), CSet: 58855K (16%)
[31.490s][info][gc,ergo     ] GC(58) Pacer for Evacuation. Used CSet: 61234K, Free: 1278M, Non-Taxable: 127M, Alloc Tax Rate: 1.1x
[31.490s][info][gc          ] GC(58) Pause Final Mark (unload classes) 0.329ms
[31.490s][info][gc,start    ] GC(58) Concurrent thread roots
[31.490s][info][gc,task     ] GC(58) Using 1 of 3 workers for Concurrent thread roots
[31.502s][info][gc          ] GC(58) Concurrent thread roots 11.968ms
[31.502s][info][gc,start    ] GC(58) Concurrent weak references
[31.502s][info][gc,task     ] GC(58) Using 1 of 3 workers for concurrent weak references
[31.502s][info][gc,ref      ] GC(58) Encountered references: Soft: 2904, Weak: 5786, Final: 51, Phantom: 579
[31.502s][info][gc,ref      ] GC(58) Discovered  references: Soft: 0, Weak: 872, Final: 0, Phantom: 260
[31.502s][info][gc,ref      ] GC(58) Enqueued    references: Soft: 0, Weak: 94, Final: 0, Phantom: 0
[31.502s][info][gc          ] GC(58) Concurrent weak references 0.237ms
[31.502s][info][gc,start    ] GC(58) Concurrent weak roots
[31.502s][info][gc,task     ] GC(58) Using 1 of 3 workers for concurrent weak root
[31.505s][info][gc          ] GC(58) Concurrent weak roots 3.230ms
[31.505s][info][gc,start    ] GC(58) Concurrent cleanup
[31.505s][info][gc          ] GC(58) Concurrent cleanup 995M->713M(2048M) 0.044ms
[31.505s][info][gc,ergo     ] GC(58) Free: 1230M, Max: 1024K regular, 903M humongous, Frag: 27% external, 0% internal; Reserve: 102M, Max: 1024K
[31.505s][info][gc,start    ] GC(58) Concurrent class unloading
[31.505s][info][gc,task     ] GC(58) Using 1 of 3 workers for concurrent class unloading
[31.523s][info][gc          ] GC(58) Concurrent class unloading 17.995ms
[31.523s][info][gc,start    ] GC(58) Concurrent strong roots
[31.523s][info][gc,task     ] GC(58) Using 1 of 3 workers for concurrent strong root
[31.524s][info][gc          ] GC(58) Concurrent strong roots 0.471ms
[31.524s][info][gc,start    ] GC(58) Concurrent evacuation
[31.524s][info][gc,task     ] GC(58) Using 1 of 3 workers for concurrent evacuation
[31.526s][info][gc          ] GC(58) Concurrent evacuation 1.809ms
[31.526s][info][gc,start    ] GC(58) Pause Init Update Refs
[31.526s][info][gc,ergo     ] GC(58) Pacer for Update Refs. Used: 773M, Free: 1172M, Non-Taxable: 117M, Alloc Tax Rate: 1.1x
[31.526s][info][gc          ] GC(58) Pause Init Update Refs 0.065ms
[31.526s][info][gc,start    ] GC(58) Concurrent update references
[31.526s][info][gc,task     ] GC(58) Using 1 of 3 workers for concurrent reference update
[31.702s][info][gc          ] GC(58) Concurrent update references 176.225ms
[31.702s][info][gc,start    ] GC(58) Concurrent update thread roots
[31.714s][info][gc          ] GC(58) Concurrent update thread roots 11.649ms
[31.714s][info][gc,start    ] GC(58) Pause Final Update Refs
[31.714s][info][gc,task     ] GC(58) Using 3 of 3 workers for final reference update
[31.714s][info][gc          ] GC(58) Pause Final Update Refs 0.178ms
[31.714s][info][gc,start    ] GC(58) Concurrent cleanup
[31.714s][info][gc          ] GC(58) Concurrent cleanup 1291M->1231M(2048M) 0.031ms
[31.714s][info][gc,ergo     ] Free: 711M, Max: 1024K regular, 648M humongous, Frag: 9% external, 0% internal; Reserve: 103M, Max: 1024K
[31.714s][info][gc,stats    ] 
[31.714s][info][gc,stats    ] All times are wall-clock times, except per-root-class counters, that are sum over
[31.714s][info][gc,stats    ] all workers. Dividing the <total> over the root stage time estimates parallelism.
[31.714s][info][gc,stats    ] 
[31.714s][info][gc,stats    ] Concurrent Reset                    760 us
[31.714s][info][gc,stats    ] Pause Init Mark (G)                 262 us
[31.714s][info][gc,stats    ] Pause Init Mark (N)                 148 us
[31.714s][info][gc,stats    ]   Update Region States               57 us
[31.714s][info][gc,stats    ] Concurrent Mark Roots             12234 us, parallelism: 0.98x
[31.714s][info][gc,stats    ]   CMR: <total>                    11994 us
[31.714s][info][gc,stats    ]   CMR: Thread Roots               11856 us, workers (us): 11856, ---, ---, 
[31.714s][info][gc,stats    ]   CMR: VM Strong Roots               20 us, workers (us):  20, ---, ---, 
[31.714s][info][gc,stats    ]   CMR: CLDG Roots                   119 us, workers (us): 119, ---, ---, 
[31.714s][info][gc,stats    ] Concurrent Marking               132061 us
[31.714s][info][gc,stats    ] Pause Final Mark (G)                475 us
[31.714s][info][gc,stats    ] Pause Final Mark (N)                337 us
[31.714s][info][gc,stats    ]   Finish Mark                       111 us
[31.714s][info][gc,stats    ]   Update Region States               63 us
[31.714s][info][gc,stats    ]   Choose Collection Set              70 us
[31.714s][info][gc,stats    ]   Rebuild Free Set                    8 us
[31.714s][info][gc,stats    ] Concurrent Thread Roots           12001 us, parallelism: 0.99x
[31.714s][info][gc,stats    ]   CTR: <total>                    11889 us
[31.714s][info][gc,stats    ]   CTR: Thread Roots               11889 us, workers (us): 11889, ---, ---, 
[31.715s][info][gc,stats    ] Concurrent Weak References          244 us, parallelism: 0.55x
[31.715s][info][gc,stats    ]   CWRF: <total>                     134 us
[31.715s][info][gc,stats    ]   CWRF: Weak References             134 us, workers (us): 134, ---, ---, 
[31.715s][info][gc,stats    ] Concurrent Weak Roots              3260 us
[31.715s][info][gc,stats    ]   Roots                            3039 us, parallelism: 0.98x
[31.715s][info][gc,stats    ]     CWR: <total>                   2980 us
[31.715s][info][gc,stats    ]     CWR: Code Cache Roots          2264 us, workers (us): 2264, ---, ---, 
[31.715s][info][gc,stats    ]     CWR: VM Weak Roots              649 us, workers (us): 649, ---, ---, 
[31.715s][info][gc,stats    ]     CWR: CLDG Roots                  67 us, workers (us):  67, ---, ---, 
[31.715s][info][gc,stats    ]   Rendezvous                        174 us
[31.715s][info][gc,stats    ] Concurrent Cleanup                   53 us
[31.715s][info][gc,stats    ] Concurrent Class Unloading        18069 us
[31.715s][info][gc,stats    ]   Unlink Stale                    17083 us
[31.715s][info][gc,stats    ]     System Dictionary               203 us
[31.715s][info][gc,stats    ]     Weak Class Links               7007 us
[31.715s][info][gc,stats    ]     Code Roots                     9871 us
[31.715s][info][gc,stats    ]   Rendezvous                        296 us
[31.715s][info][gc,stats    ]   Purge Unlinked                    595 us
[31.715s][info][gc,stats    ]     Code Roots                      568 us
[31.715s][info][gc,stats    ]     CLDG                             27 us
[31.715s][info][gc,stats    ]     Exception Caches                  0 us
[31.715s][info][gc,stats    ] Concurrent Strong Roots             509 us, parallelism: 0.59x
[31.715s][info][gc,stats    ]   CSR: <total>                      298 us
[31.715s][info][gc,stats    ]   CSR: VM Strong Roots               21 us, workers (us):  21, ---, ---, 
[31.715s][info][gc,stats    ]   CSR: CLDG Roots                   277 us, workers (us): 277, ---, ---, 
[31.715s][info][gc,stats    ] Concurrent Evacuation              1829 us
[31.715s][info][gc,stats    ] Pause Init Update Refs (G)          247 us
[31.715s][info][gc,stats    ] Pause Init Update Refs (N)           74 us
[31.715s][info][gc,stats    ]   Manage GCLABs                      13 us
[31.715s][info][gc,stats    ] Concurrent Update Refs           176299 us
[31.715s][info][gc,stats    ] Concurrent Update Thread Roots    11716 us
[31.715s][info][gc,stats    ] Pause Final Update Refs (G)         335 us
[31.715s][info][gc,stats    ] Pause Final Update Refs (N)         200 us
[31.715s][info][gc,stats    ]   Update Region States               62 us
[31.715s][info][gc,stats    ]   Trash Collection Set                8 us
[31.715s][info][gc,stats    ]   Rebuild Free Set                   24 us
[31.715s][info][gc,stats    ] Concurrent Cleanup                   41 us
[31.715s][info][gc,stats    ] Pacing                            64697 us
[31.715s][info][gc,stats    ] 
[31.715s][info][gc,stats    ] Allocation pacing accrued:
[31.715s][info][gc,stats    ]      32 of   542 ms (  6.0%): Executor task launch worker for task 0.0 in stage 34.0 (TID 56)
[31.715s][info][gc,stats    ]      32 of   542 ms (  5.9%): Executor task launch worker for task 1.0 in stage 34.0 (TID 57)
[31.715s][info][gc,stats    ]      65 of   542 ms ( 11.9%): <total>
[31.715s][info][gc,stats    ]       0 of   542 ms (  0.0%): <average total>
[31.715s][info][gc,stats    ]      32 of   542 ms (  6.0%): <average non-zero>
[31.715s][info][gc,stats    ] 
[31.715s][info][gc,metaspace] Metaspace: 65029K(65792K)->65027K(65792K) NonClass: 56765K(57216K)->56764K(57216K) Class: 8263K(8576K)->8263K(8576K)
[31.715s][info][gc,ergo     ] Pacer for Idle. Initial: 41943K, Alloc Tax Rate: 1.0x
[31.720s][info][gc          ] Trigger: Learning 3 of 5. Free (690M) is below initial threshold (1433M)
[31.720s][info][gc,ergo     ] Free: 690M, Max: 1024K regular, 648M humongous, Frag: 6% external, 0% internal; Reserve: 103M, Max: 1024K
[31.720s][info][gc,start    ] GC(59) Concurrent reset
[31.720s][info][gc,task     ] GC(59) Using 1 of 3 workers for concurrent reset
[31.720s][info][gc,ergo     ] GC(59) Pacer for Reset. Non-Taxable: 2048M
[31.722s][info][gc          ] GC(59) Concurrent reset 1.327ms
[31.722s][info][gc,start    ] GC(59) Pause Init Mark (unload classes)
[31.722s][info][gc,task     ] GC(59) Using 3 of 3 workers for init marking
[31.722s][info][gc,ergo     ] GC(59) Pacer for Mark. Expected Live: 170M, Free: 684M, Non-Taxable: 70078K, Alloc Tax Rate: 0.3x
[31.722s][info][gc          ] GC(59) Pause Init Mark (unload classes) 0.173ms
[31.722s][info][gc,start    ] GC(59) Concurrent marking roots
[31.722s][info][gc,task     ] GC(59) Using 1 of 3 workers for concurrent marking roots
[31.734s][info][gc          ] GC(59) Concurrent marking roots 12.027ms
[31.734s][info][gc,start    ] GC(59) Concurrent marking (unload classes)
[31.734s][info][gc,task     ] GC(59) Using 1 of 3 workers for concurrent marking
[31.863s][info][gc          ] GC(59) Concurrent marking (unload classes) 129.263ms
[31.863s][info][gc,start    ] GC(59) Pause Final Mark (unload classes)
[31.863s][info][gc,task     ] GC(59) Using 3 of 3 workers for final marking
[31.864s][info][gc,ergo     ] GC(59) Collectable Garbage: 1068M (98%), Immediate: 1068M (98%), CSet: 0B (0%)
[31.864s][info][gc          ] GC(59) Pause Final Mark (unload classes) 0.303ms
[31.864s][info][gc,start    ] GC(59) Concurrent weak references
[31.864s][info][gc,task     ] GC(59) Using 1 of 3 workers for concurrent weak references
[31.864s][info][gc,ref      ] GC(59) Encountered references: Soft: 2904, Weak: 5695, Final: 51, Phantom: 579
[31.864s][info][gc,ref      ] GC(59) Discovered  references: Soft: 0, Weak: 789, Final: 0, Phantom: 260
[31.864s][info][gc,ref      ] GC(59) Enqueued    references: Soft: 0, Weak: 16, Final: 0, Phantom: 0
[31.864s][info][gc          ] GC(59) Concurrent weak references 0.180ms
[31.864s][info][gc,start    ] GC(59) Concurrent weak roots
[31.864s][info][gc,task     ] GC(59) Using 1 of 3 workers for concurrent weak root
[31.867s][info][gc          ] GC(59) Concurrent weak roots 3.174ms
[31.867s][info][gc,start    ] GC(59) Concurrent cleanup
[31.867s][info][gc          ] GC(59) Concurrent cleanup 1643M->576M(2048M) 0.081ms
[31.867s][info][gc,ergo     ] GC(59) Free: 1367M, Max: 1024K regular, 293M humongous, Frag: 79% external, 0% internal; Reserve: 103M, Max: 1024K
[31.867s][info][gc,start    ] GC(59) Concurrent class unloading
[31.867s][info][gc,task     ] GC(59) Using 1 of 3 workers for concurrent class unloading
[31.878s][info][gc          ] GC(59) Concurrent class unloading 10.747ms
[31.878s][info][gc,start    ] GC(59) Pause Final Roots
[31.878s][info][gc          ] GC(59) Pause Final Roots 0.041ms
[31.878s][info][gc,ergo     ] Free: 1328M, Max: 1024K regular, 293M humongous, Frag: 78% external, 0% internal; Reserve: 103M, Max: 1024K
[31.878s][info][gc,stats    ] 
[31.878s][info][gc,stats    ] All times are wall-clock times, except per-root-class counters, that are sum over
[31.878s][info][gc,stats    ] all workers. Dividing the <total> over the root stage time estimates parallelism.
[31.878s][info][gc,stats    ] 
[31.878s][info][gc,stats    ] Concurrent Reset                   1344 us
[31.878s][info][gc,stats    ] Pause Init Mark (G)                 335 us
[31.878s][info][gc,stats    ] Pause Init Mark (N)                 190 us
[31.878s][info][gc,stats    ]   Update Region States               53 us
[31.878s][info][gc,stats    ] Concurrent Mark Roots             12053 us, parallelism: 0.99x
[31.878s][info][gc,stats    ]   CMR: <total>                    11906 us
[31.878s][info][gc,stats    ]   CMR: Thread Roots               11789 us, workers (us): 11789, ---, ---, 
[31.878s][info][gc,stats    ]   CMR: VM Strong Roots               14 us, workers (us):  14, ---, ---, 
[31.878s][info][gc,stats    ]   CMR: CLDG Roots                   103 us, workers (us): 103, ---, ---, 
[31.878s][info][gc,stats    ] Concurrent Marking               129313 us
[31.878s][info][gc,stats    ] Pause Final Mark (G)                418 us
[31.878s][info][gc,stats    ] Pause Final Mark (N)                314 us
[31.878s][info][gc,stats    ]   Finish Mark                        73 us
[31.878s][info][gc,stats    ]   Update Region States               36 us
[31.878s][info][gc,stats    ]   Choose Collection Set             109 us
[31.878s][info][gc,stats    ]   Rebuild Free Set                    8 us
[31.878s][info][gc,stats    ] Concurrent Weak References          196 us, parallelism: 0.30x
[31.878s][info][gc,stats    ]   CWRF: <total>                      59 us
[31.878s][info][gc,stats    ]   CWRF: Weak References              59 us, workers (us):  59, ---, ---, 
[31.878s][info][gc,stats    ] Concurrent Weak Roots              3209 us
[31.878s][info][gc,stats    ]   Roots                            2955 us, parallelism: 0.99x
[31.878s][info][gc,stats    ]     CWR: <total>                   2912 us
[31.878s][info][gc,stats    ]     CWR: Code Cache Roots          2544 us, workers (us): 2544, ---, ---, 
[31.879s][info][gc,stats    ]     CWR: VM Weak Roots              310 us, workers (us): 310, ---, ---, 
[31.879s][info][gc,stats    ]     CWR: CLDG Roots                  58 us, workers (us):  58, ---, ---, 
[31.879s][info][gc,stats    ]   Rendezvous                        186 us
[31.879s][info][gc,stats    ] Concurrent Cleanup                   90 us
[31.879s][info][gc,stats    ] Concurrent Class Unloading        10788 us
[31.879s][info][gc,stats    ]   Unlink Stale                     9506 us
[31.879s][info][gc,stats    ]     System Dictionary                63 us
[31.879s][info][gc,stats    ]     Weak Class Links                  0 us
[31.879s][info][gc,stats    ]     Code Roots                     9442 us
[31.879s][info][gc,stats    ]   Rendezvous                        201 us
[31.879s][info][gc,stats    ]   Purge Unlinked                   1021 us
[31.879s][info][gc,stats    ]     Code Roots                     1016 us
[31.879s][info][gc,stats    ]     CLDG                              5 us
[31.879s][info][gc,stats    ]     Exception Caches                  0 us
[31.879s][info][gc,stats    ] Pause Final Roots (G)               146 us
[31.879s][info][gc,stats    ] Pause Final Roots (N)                50 us
[31.879s][info][gc,stats    ] Pacing                            54570 us
[31.879s][info][gc,stats    ] 
[31.879s][info][gc,stats    ] Allocation pacing accrued:
[31.879s][info][gc,stats    ]      34 of   164 ms ( 21.0%): Executor task launch worker for task 0.0 in stage 34.0 (TID 56)
[31.879s][info][gc,stats    ]      20 of   164 ms ( 12.3%): Executor task launch worker for task 1.0 in stage 34.0 (TID 57)
[31.879s][info][gc,stats    ]      55 of   164 ms ( 33.3%): <total>
[31.879s][info][gc,stats    ]       0 of   164 ms (  0.1%): <average total>
[31.879s][info][gc,stats    ]      27 of   164 ms ( 16.6%): <average non-zero>
[31.879s][info][gc,stats    ] 
[31.879s][info][gc,metaspace] Metaspace: 65027K(65792K)->65027K(65792K) NonClass: 56764K(57216K)->56764K(57216K) Class: 8263K(8576K)->8263K(8576K)
[31.879s][info][gc,ergo     ] Pacer for Idle. Initial: 41943K, Alloc Tax Rate: 1.0x
[31.893s][info][gc          ] Trigger: Learning 4 of 5. Free (1285M) is below initial threshold (1433M)
[31.893s][info][gc,ergo     ] Free: 1285M, Max: 1024K regular, 293M humongous, Frag: 78% external, 0% internal; Reserve: 103M, Max: 1024K
[31.893s][info][gc,start    ] GC(60) Concurrent reset
[31.893s][info][gc,task     ] GC(60) Using 1 of 3 workers for concurrent reset
[31.893s][info][gc,ergo     ] GC(60) Pacer for Reset. Non-Taxable: 2048M
[31.894s][info][gc          ] GC(60) Concurrent reset 0.918ms
[31.894s][info][gc,start    ] GC(60) Pause Init Mark (unload classes)
[31.894s][info][gc,task     ] GC(60) Using 3 of 3 workers for init marking
[31.894s][info][gc,ergo     ] GC(60) Pacer for Mark. Expected Live: 170M, Free: 1285M, Non-Taxable: 128M, Alloc Tax Rate: 0.2x
[31.894s][info][gc          ] GC(60) Pause Init Mark (unload classes) 0.194ms
[31.894s][info][gc,start    ] GC(60) Concurrent marking roots
[31.894s][info][gc,task     ] GC(60) Using 1 of 3 workers for concurrent marking roots
[31.906s][info][gc          ] GC(60) Concurrent marking roots 11.998ms
[31.906s][info][gc,start    ] GC(60) Concurrent marking (unload classes)
[31.906s][info][gc,task     ] GC(60) Using 1 of 3 workers for concurrent marking
[32.040s][info][gc          ] GC(60) Concurrent marking (unload classes) 133.551ms
[32.040s][info][gc,start    ] GC(60) Pause Final Mark (unload classes)
[32.040s][info][gc,task     ] GC(60) Using 3 of 3 workers for final marking
[32.040s][info][gc,ergo     ] GC(60) Collectable Garbage: 468M (96%), Immediate: 468M (96%), CSet: 0B (0%)
[32.040s][info][gc          ] GC(60) Pause Final Mark (unload classes) 0.216ms
[32.040s][info][gc,start    ] GC(60) Concurrent weak references
[32.040s][info][gc,task     ] GC(60) Using 1 of 3 workers for concurrent weak references
[32.041s][info][gc,ref      ] GC(60) Encountered references: Soft: 2904, Weak: 5679, Final: 51, Phantom: 579
[32.041s][info][gc,ref      ] GC(60) Discovered  references: Soft: 0, Weak: 3038, Final: 0, Phantom: 260
[32.041s][info][gc,ref      ] GC(60) Enqueued    references: Soft: 0, Weak: 0, Final: 0, Phantom: 0
[32.041s][info][gc          ] GC(60) Concurrent weak references 0.442ms
[32.041s][info][gc,start    ] GC(60) Concurrent weak roots
[32.041s][info][gc,task     ] GC(60) Using 1 of 3 workers for concurrent weak root
[32.044s][info][gc          ] GC(60) Concurrent weak roots 3.343ms
[32.044s][info][gc,start    ] GC(60) Concurrent cleanup
[32.044s][info][gc          ] GC(60) Concurrent cleanup 1097M->628M(2048M) 0.057ms
[32.044s][info][gc,ergo     ] GC(60) Free: 1313M, Max: 1024K regular, 506M humongous, Frag: 62% external, 0% internal; Reserve: 103M, Max: 1024K
[32.044s][info][gc,start    ] GC(60) Concurrent class unloading
[32.044s][info][gc,task     ] GC(60) Using 1 of 3 workers for concurrent class unloading
[32.055s][info][gc          ] GC(60) Concurrent class unloading 10.404ms
[32.055s][info][gc,start    ] GC(60) Pause Final Roots
[32.055s][info][gc          ] GC(60) Pause Final Roots 0.039ms
[32.055s][info][gc,ergo     ] Free: 1298M, Max: 1024K regular, 506M humongous, Frag: 61% external, 0% internal; Reserve: 103M, Max: 1024K
[32.055s][info][gc,stats    ] 
[32.055s][info][gc,stats    ] All times are wall-clock times, except per-root-class counters, that are sum over
[32.055s][info][gc,stats    ] all workers. Dividing the <total> over the root stage time estimates parallelism.
[32.055s][info][gc,stats    ] 
[32.055s][info][gc,stats    ] Concurrent Reset                    964 us
[32.055s][info][gc,stats    ] Pause Init Mark (G)                 315 us
[32.055s][info][gc,stats    ] Pause Init Mark (N)                 211 us
[32.055s][info][gc,stats    ]   Update Region States               53 us
[32.055s][info][gc,stats    ] Concurrent Mark Roots             12054 us, parallelism: 0.98x
[32.055s][info][gc,stats    ]   CMR: <total>                    11825 us
[32.055s][info][gc,stats    ]   CMR: Thread Roots               11738 us, workers (us): 11738, ---, ---, 
[32.055s][info][gc,stats    ]   CMR: VM Strong Roots               12 us, workers (us):  12, ---, ---, 
[32.055s][info][gc,stats    ]   CMR: CLDG Roots                    75 us, workers (us):  75, ---, ---, 
[32.055s][info][gc,stats    ] Concurrent Marking               133604 us
[32.055s][info][gc,stats    ] Pause Final Mark (G)                310 us
[32.055s][info][gc,stats    ] Pause Final Mark (N)                226 us
[32.055s][info][gc,stats    ]   Finish Mark                        71 us
[32.055s][info][gc,stats    ]   Update Region States               41 us
[32.055s][info][gc,stats    ]   Choose Collection Set              34 us
[32.055s][info][gc,stats    ]   Rebuild Free Set                    8 us
[32.055s][info][gc,stats    ] Concurrent Weak References          451 us, parallelism: 0.75x
[32.055s][info][gc,stats    ]   CWRF: <total>                     338 us
[32.055s][info][gc,stats    ]   CWRF: Weak References             338 us, workers (us): 338, ---, ---, 
[32.055s][info][gc,stats    ] Concurrent Weak Roots              3407 us
[32.055s][info][gc,stats    ]   Roots                            3060 us, parallelism: 0.98x
[32.055s][info][gc,stats    ]     CWR: <total>                   2989 us
[32.055s][info][gc,stats    ]     CWR: Code Cache Roots          2601 us, workers (us): 2601, ---, ---, 
[32.055s][info][gc,stats    ]     CWR: VM Weak Roots              332 us, workers (us): 332, ---, ---, 
[32.055s][info][gc,stats    ]     CWR: CLDG Roots                  56 us, workers (us):  56, ---, ---, 
[32.055s][info][gc,stats    ]   Rendezvous                        213 us
[32.055s][info][gc,stats    ] Concurrent Cleanup                   66 us
[32.055s][info][gc,stats    ] Concurrent Class Unloading        10467 us
[32.055s][info][gc,stats    ]   Unlink Stale                     9058 us
[32.055s][info][gc,stats    ]     System Dictionary                74 us
[32.055s][info][gc,stats    ]     Weak Class Links                  0 us
[32.055s][info][gc,stats    ]     Code Roots                     8983 us
[32.055s][info][gc,stats    ]   Rendezvous                        370 us
[32.055s][info][gc,stats    ]   Purge Unlinked                    956 us
[32.055s][info][gc,stats    ]     Code Roots                      949 us
[32.055s][info][gc,stats    ]     CLDG                              6 us
[32.055s][info][gc,stats    ]     Exception Caches                  0 us
[32.055s][info][gc,stats    ] Pause Final Roots (G)               162 us
[32.055s][info][gc,stats    ] Pause Final Roots (N)                48 us
[32.055s][info][gc,stats    ] Pacing                            37854 us
[32.055s][info][gc,stats    ] 
[32.055s][info][gc,stats    ] Allocation pacing accrued:
[32.055s][info][gc,stats    ]      19 of   177 ms ( 10.7%): Executor task launch worker for task 0.0 in stage 34.0 (TID 56)
[32.055s][info][gc,stats    ]      19 of   177 ms ( 10.7%): Executor task launch worker for task 1.0 in stage 34.0 (TID 57)
[32.055s][info][gc,stats    ]      38 of   177 ms ( 21.4%): <total>
[32.055s][info][gc,stats    ]       0 of   177 ms (  0.1%): <average total>
[32.055s][info][gc,stats    ]      19 of   177 ms ( 10.7%): <average non-zero>
[32.055s][info][gc,stats    ] 
[32.055s][info][gc,metaspace] Metaspace: 65027K(65792K)->65149K(65856K) NonClass: 56764K(57216K)->56860K(57280K) Class: 8263K(8576K)->8288K(8576K)
[32.055s][info][gc,ergo     ] Pacer for Idle. Initial: 41943K, Alloc Tax Rate: 1.0x
[32.066s][info][gc          ] Trigger: Learning 5 of 5. Free (1292M) is below initial threshold (1433M)
[32.066s][info][gc,ergo     ] Free: 1292M, Max: 1024K regular, 506M humongous, Frag: 61% external, 0% internal; Reserve: 103M, Max: 1024K
[32.066s][info][gc,start    ] GC(61) Concurrent reset
[32.066s][info][gc,task     ] GC(61) Using 1 of 3 workers for concurrent reset
[32.066s][info][gc,ergo     ] GC(61) Pacer for Reset. Non-Taxable: 2048M
[32.067s][info][gc          ] GC(61) Concurrent reset 0.941ms
[32.067s][info][gc,start    ] GC(61) Pause Init Mark (unload classes)
[32.067s][info][gc,task     ] GC(61) Using 3 of 3 workers for init marking
[32.067s][info][gc,ergo     ] GC(61) Pacer for Mark. Expected Live: 170M, Free: 1291M, Non-Taxable: 129M, Alloc Tax Rate: 0.2x
[32.067s][info][gc          ] GC(61) Pause Init Mark (unload classes) 0.141ms
[32.067s][info][gc,start    ] GC(61) Concurrent marking roots
[32.067s][info][gc,task     ] GC(61) Using 1 of 3 workers for concurrent marking roots
[32.080s][info][gc          ] GC(61) Concurrent marking roots 13.326ms
[32.080s][info][gc,start    ] GC(61) Concurrent marking (unload classes)
[32.080s][info][gc,task     ] GC(61) Using 1 of 3 workers for concurrent marking
[32.209s][info][gc          ] GC(61) Concurrent marking (unload classes) 128.879ms
[32.209s][info][gc,start    ] GC(61) Pause Final Mark (unload classes)
[32.210s][info][gc,task     ] GC(61) Using 3 of 3 workers for final marking
[32.210s][info][gc,ergo     ] GC(61) Collectable Garbage: 443M (93%), Immediate: 443M (93%), CSet: 0B (0%)
[32.210s][info][gc          ] GC(61) Pause Final Mark (unload classes) 0.321ms
[32.210s][info][gc,start    ] GC(61) Concurrent weak references
[32.210s][info][gc,task     ] GC(61) Using 1 of 3 workers for concurrent weak references
[32.210s][info][gc,ref      ] GC(61) Encountered references: Soft: 2934, Weak: 5869, Final: 51, Phantom: 599
[32.210s][info][gc,ref      ] GC(61) Discovered  references: Soft: 0, Weak: 979, Final: 0, Phantom: 357
[32.210s][info][gc,ref      ] GC(61) Enqueued    references: Soft: 0, Weak: 40, Final: 0, Phantom: 20
[32.210s][info][gc          ] GC(61) Concurrent weak references 0.197ms
[32.210s][info][gc,start    ] GC(61) Concurrent weak roots
[32.210s][info][gc,task     ] GC(61) Using 1 of 3 workers for concurrent weak root
[32.212s][info][gc          ] GC(61) Concurrent weak roots 2.422ms
[32.213s][info][gc,start    ] GC(61) Concurrent cleanup
[32.213s][info][gc          ] GC(61) Concurrent cleanup 657M->214M(2048M) 0.043ms
[32.213s][info][gc,ergo     ] GC(61) Free: 1728M, Max: 1024K regular, 950M humongous, Frag: 45% external, 0% internal; Reserve: 103M, Max: 1024K
[32.213s][info][gc,start    ] GC(61) Concurrent class unloading
[32.213s][info][gc,task     ] GC(61) Using 1 of 3 workers for concurrent class unloading
[32.221s][info][gc          ] GC(61) Concurrent class unloading 8.809ms
[32.222s][info][gc,start    ] GC(61) Pause Final Roots
[32.222s][info][gc          ] GC(61) Pause Final Roots 0.055ms
[32.222s][info][gc,ergo     ] Free: 1728M, Max: 1024K regular, 950M humongous, Frag: 45% external, 0% internal; Reserve: 103M, Max: 1024K
[32.222s][info][gc,stats    ] 
[32.222s][info][gc,stats    ] All times are wall-clock times, except per-root-class counters, that are sum over
[32.222s][info][gc,stats    ] all workers. Dividing the <total> over the root stage time estimates parallelism.
[32.222s][info][gc,stats    ] 
[32.222s][info][gc,stats    ] Concurrent Reset                   1024 us
[32.222s][info][gc,stats    ] Pause Init Mark (G)                 294 us
[32.222s][info][gc,stats    ] Pause Init Mark (N)                 150 us
[32.222s][info][gc,stats    ]   Update Region States               46 us
[32.222s][info][gc,stats    ] Concurrent Mark Roots             13375 us, parallelism: 0.99x
[32.222s][info][gc,stats    ]   CMR: <total>                    13179 us
[32.222s][info][gc,stats    ]   CMR: Thread Roots               13088 us, workers (us): 13088, ---, ---, 
[32.222s][info][gc,stats    ]   CMR: VM Strong Roots               15 us, workers (us):  15, ---, ---, 
[32.222s][info][gc,stats    ]   CMR: CLDG Roots                    76 us, workers (us):  76, ---, ---, 
[32.222s][info][gc,stats    ] Concurrent Marking               128925 us
[32.222s][info][gc,stats    ] Pause Final Mark (G)                442 us
[32.222s][info][gc,stats    ] Pause Final Mark (N)                340 us
[32.222s][info][gc,stats    ]   Finish Mark                        99 us
[32.222s][info][gc,stats    ]   Update Region States               61 us
[32.222s][info][gc,stats    ]   Choose Collection Set              61 us
[32.222s][info][gc,stats    ]   Rebuild Free Set                   18 us
[32.222s][info][gc,stats    ] Concurrent Weak References          204 us, parallelism: 0.45x
[32.222s][info][gc,stats    ]   CWRF: <total>                      93 us
[32.222s][info][gc,stats    ]   CWRF: Weak References              93 us, workers (us):  93, ---, ---, 
[32.222s][info][gc,stats    ] Concurrent Weak Roots              2466 us
[32.222s][info][gc,stats    ]   Roots                            2253 us, parallelism: 0.98x
[32.222s][info][gc,stats    ]     CWR: <total>                   2210 us
[32.222s][info][gc,stats    ]     CWR: Code Cache Roots          1874 us, workers (us): 1874, ---, ---, 
[32.222s][info][gc,stats    ]     CWR: VM Weak Roots              295 us, workers (us): 295, ---, ---, 
[32.222s][info][gc,stats    ]     CWR: CLDG Roots                  41 us, workers (us):  41, ---, ---, 
[32.222s][info][gc,stats    ]   Rendezvous                        152 us
[32.222s][info][gc,stats    ] Concurrent Cleanup                   52 us
[32.222s][info][gc,stats    ] Concurrent Class Unloading         8869 us
[32.222s][info][gc,stats    ]   Unlink Stale                     7930 us
[32.222s][info][gc,stats    ]     System Dictionary                44 us
[32.222s][info][gc,stats    ]     Weak Class Links                  0 us
[32.222s][info][gc,stats    ]     Code Roots                     7884 us
[32.222s][info][gc,stats    ]   Rendezvous                        222 us
[32.222s][info][gc,stats    ]   Purge Unlinked                    583 us
[32.222s][info][gc,stats    ]     Code Roots                      571 us
[32.222s][info][gc,stats    ]     CLDG                             11 us
[32.222s][info][gc,stats    ]     Exception Caches                  0 us
[32.222s][info][gc,stats    ] Pause Final Roots (G)               166 us
[32.222s][info][gc,stats    ] Pause Final Roots (N)                64 us
[32.222s][info][gc,stats    ] 
[32.222s][info][gc,stats    ] Allocation pacing accrued:
[32.222s][info][gc,stats    ]       0 of   167 ms (  0.0%): <total>
[32.222s][info][gc,stats    ]       0 of   167 ms (  0.0%): <average total>
[32.222s][info][gc,stats    ] 
[32.222s][info][gc,metaspace] Metaspace: 65164K(65984K)->65173K(65984K) NonClass: 56873K(57344K)->56882K(57344K) Class: 8290K(8640K)->8290K(8640K)
[32.222s][info][gc,ergo     ] Pacer for Idle. Initial: 41943K, Alloc Tax Rate: 1.0x
[32.225s][info][gc          ] Trigger: Explicit GC request (System.gc())
[32.225s][info][gc,ergo     ] Free: 1728M, Max: 1024K regular, 950M humongous, Frag: 45% external, 0% internal; Reserve: 103M, Max: 1024K
[32.225s][info][gc,start    ] GC(62) Concurrent reset
[32.225s][info][gc,task     ] GC(62) Using 1 of 3 workers for concurrent reset
[32.225s][info][gc,ergo     ] GC(62) Pacer for Reset. Non-Taxable: 2048M
[32.226s][info][gc          ] GC(62) Concurrent reset 1.107ms
[32.226s][info][gc,start    ] GC(62) Pause Init Mark (unload classes)
[32.226s][info][gc,task     ] GC(62) Using 3 of 3 workers for init marking
[32.226s][info][gc,ref      ] GC(62) Clearing All SoftReferences
[32.226s][info][gc,ergo     ] GC(62) Pacer for Mark. Expected Live: 170M, Free: 1728M, Non-Taxable: 172M, Alloc Tax Rate: 0.1x
[32.226s][info][gc          ] GC(62) Pause Init Mark (unload classes) 0.132ms
[32.226s][info][gc,start    ] GC(62) Concurrent marking roots
[32.226s][info][gc,task     ] GC(62) Using 1 of 3 workers for concurrent marking roots
[32.238s][info][gc          ] GC(62) Concurrent marking roots 11.465ms
[32.238s][info][gc,start    ] GC(62) Concurrent marking (unload classes)
[32.238s][info][gc,task     ] GC(62) Using 1 of 3 workers for concurrent marking
[32.364s][info][gc          ] GC(62) Concurrent marking (unload classes) 126.279ms
[32.364s][info][gc,start    ] GC(62) Pause Final Mark (unload classes)
[32.364s][info][gc,task     ] GC(62) Using 3 of 3 workers for final marking
[32.364s][info][gc,ergo     ] GC(62) Adaptive CSet Selection. Target Free: 290M, Actual Free: 1827M, Max CSet: 87381K, Min Garbage: 0B
[32.364s][info][gc,ergo     ] GC(62) Collectable Garbage: 42074K (92%), Immediate: 2048K (4%), CSet: 40026K (88%)
[32.364s][info][gc,ergo     ] GC(62) Pacer for Evacuation. Used CSet: 40960K, Free: 1730M, Non-Taxable: 173M, Alloc Tax Rate: 1.1x
[32.364s][info][gc          ] GC(62) Pause Final Mark (unload classes) 0.493ms
[32.365s][info][gc,start    ] GC(62) Concurrent thread roots
[32.365s][info][gc,task     ] GC(62) Using 1 of 3 workers for Concurrent thread roots
[32.377s][info][gc          ] GC(62) Concurrent thread roots 11.964ms
[32.377s][info][gc,start    ] GC(62) Concurrent weak references
[32.377s][info][gc,task     ] GC(62) Using 1 of 3 workers for concurrent weak references
[32.377s][info][gc,ref      ] GC(62) Encountered references: Soft: 2835, Weak: 5736, Final: 51, Phantom: 579
[32.377s][info][gc,ref      ] GC(62) Discovered  references: Soft: 669, Weak: 944, Final: 0, Phantom: 337
[32.377s][info][gc,ref      ] GC(62) Enqueued    references: Soft: 307, Weak: 154, Final: 0, Phantom: 0
[32.377s][info][gc          ] GC(62) Concurrent weak references 0.468ms
[32.377s][info][gc,start    ] GC(62) Concurrent weak roots
[32.377s][info][gc,task     ] GC(62) Using 1 of 3 workers for concurrent weak root
[32.380s][info][gc          ] GC(62) Concurrent weak roots 2.669ms
[32.380s][info][gc,start    ] GC(62) Concurrent cleanup
[32.380s][info][gc          ] GC(62) Concurrent cleanup 220M->218M(2048M) 0.029ms
[32.380s][info][gc,ergo     ] GC(62) Free: 1724M, Max: 1024K regular, 950M humongous, Frag: 45% external, 0% internal; Reserve: 102M, Max: 1024K
[32.380s][info][gc,start    ] GC(62) Concurrent class unloading
[32.380s][info][gc,task     ] GC(62) Using 1 of 3 workers for concurrent class unloading
[32.399s][info][gc          ] GC(62) Concurrent class unloading 19.279ms
[32.399s][info][gc,start    ] GC(62) Concurrent strong roots
[32.399s][info][gc,task     ] GC(62) Using 1 of 3 workers for concurrent strong root
[32.400s][info][gc          ] GC(62) Concurrent strong roots 0.443ms
[32.400s][info][gc,start    ] GC(62) Concurrent evacuation
[32.400s][info][gc,task     ] GC(62) Using 1 of 3 workers for concurrent evacuation
[32.400s][info][gc          ] GC(62) Concurrent evacuation 0.841ms
[32.401s][info][gc,start    ] GC(62) Pause Init Update Refs
[32.401s][info][gc,ergo     ] GC(62) Pacer for Update Refs. Used: 226M, Free: 1717M, Non-Taxable: 171M, Alloc Tax Rate: 1.1x
[32.401s][info][gc          ] GC(62) Pause Init Update Refs 0.061ms
[32.401s][info][gc,start    ] GC(62) Concurrent update references
[32.401s][info][gc,task     ] GC(62) Using 1 of 3 workers for concurrent reference update
[32.462s][info][gc          ] GC(62) Concurrent update references 61.349ms
[32.462s][info][gc,start    ] GC(62) Concurrent update thread roots
[32.473s][info][gc          ] GC(62) Concurrent update thread roots 10.739ms
[32.473s][info][gc,start    ] GC(62) Pause Final Update Refs
[32.473s][info][gc,task     ] GC(62) Using 3 of 3 workers for final reference update
[32.473s][info][gc          ] GC(62) Pause Final Update Refs 0.328ms
[32.473s][info][gc,start    ] GC(62) Concurrent cleanup
[32.473s][info][gc          ] GC(62) Concurrent cleanup 226M->186M(2048M) 0.080ms
[32.473s][info][gc,ergo     ] Free: 1756M, Max: 1024K regular, 1403M humongous, Frag: 20% external, 0% internal; Reserve: 103M, Max: 1024K
[32.474s][info][gc,stats    ] 
[32.474s][info][gc,stats    ] All times are wall-clock times, except per-root-class counters, that are sum over
[32.474s][info][gc,stats    ] all workers. Dividing the <total> over the root stage time estimates parallelism.
[32.474s][info][gc,stats    ] 
[32.474s][info][gc,stats    ] Concurrent Reset                   1149 us
[32.474s][info][gc,stats    ] Pause Init Mark (G)                 228 us
[32.474s][info][gc,stats    ] Pause Init Mark (N)                 140 us
[32.474s][info][gc,stats    ]   Update Region States               46 us
[32.474s][info][gc,stats    ] Concurrent Mark Roots             11510 us, parallelism: 0.97x
[32.474s][info][gc,stats    ]   CMR: <total>                    11158 us
[32.474s][info][gc,stats    ]   CMR: Thread Roots               11075 us, workers (us): 11075, ---, ---, 
[32.474s][info][gc,stats    ]   CMR: VM Strong Roots               13 us, workers (us):  13, ---, ---, 
[32.474s][info][gc,stats    ]   CMR: CLDG Roots                    71 us, workers (us):  71, ---, ---, 
[32.474s][info][gc,stats    ] Concurrent Marking               126356 us
[32.474s][info][gc,stats    ] Pause Final Mark (G)                579 us
[32.474s][info][gc,stats    ] Pause Final Mark (N)                501 us
[32.474s][info][gc,stats    ]   Finish Mark                       302 us
[32.474s][info][gc,stats    ]   Update Region States               52 us
[32.474s][info][gc,stats    ]   Choose Collection Set              50 us
[32.474s][info][gc,stats    ]   Rebuild Free Set                    8 us
[32.474s][info][gc,stats    ] Concurrent Thread Roots           12020 us, parallelism: 0.98x
[32.474s][info][gc,stats    ]   CTR: <total>                    11812 us
[32.474s][info][gc,stats    ]   CTR: Thread Roots               11812 us, workers (us): 11812, ---, ---, 
[32.474s][info][gc,stats    ] Concurrent Weak References          485 us, parallelism: 0.59x
[32.474s][info][gc,stats    ]   CWRF: <total>                     284 us
[32.474s][info][gc,stats    ]   CWRF: Weak References             284 us, workers (us): 284, ---, ---, 
[32.474s][info][gc,stats    ] Concurrent Weak Roots              2714 us
[32.474s][info][gc,stats    ]   Roots                            2471 us, parallelism: 0.97x
[32.474s][info][gc,stats    ]     CWR: <total>                   2398 us
[32.474s][info][gc,stats    ]     CWR: Code Cache Roots          1932 us, workers (us): 1932, ---, ---, 
[32.474s][info][gc,stats    ]     CWR: VM Weak Roots              423 us, workers (us): 423, ---, ---, 
[32.474s][info][gc,stats    ]     CWR: CLDG Roots                  44 us, workers (us):  44, ---, ---, 
[32.474s][info][gc,stats    ]   Rendezvous                        164 us
[32.474s][info][gc,stats    ] Concurrent Cleanup                   38 us
[32.474s][info][gc,stats    ] Concurrent Class Unloading        19322 us
[32.474s][info][gc,stats    ]   Unlink Stale                    18160 us
[32.474s][info][gc,stats    ]     System Dictionary               650 us
[32.474s][info][gc,stats    ]     Weak Class Links               6971 us
[32.474s][info][gc,stats    ]     Code Roots                    10537 us
[32.474s][info][gc,stats    ]   Rendezvous                        181 us
[32.474s][info][gc,stats    ]   Purge Unlinked                    918 us
[32.474s][info][gc,stats    ]     Code Roots                      583 us
[32.474s][info][gc,stats    ]     CLDG                            335 us
[32.474s][info][gc,stats    ]     Exception Caches                  0 us
[32.474s][info][gc,stats    ] Concurrent Strong Roots             470 us, parallelism: 0.69x
[32.474s][info][gc,stats    ]   CSR: <total>                      324 us
[32.474s][info][gc,stats    ]   CSR: VM Strong Roots               18 us, workers (us):  18, ---, ---, 
[32.474s][info][gc,stats    ]   CSR: CLDG Roots                   306 us, workers (us): 306, ---, ---, 
[32.474s][info][gc,stats    ] Concurrent Evacuation               937 us
[32.474s][info][gc,stats    ] Pause Init Update Refs (G)          152 us
[32.474s][info][gc,stats    ] Pause Init Update Refs (N)           69 us
[32.474s][info][gc,stats    ]   Manage GCLABs                      11 us
[32.474s][info][gc,stats    ] Concurrent Update Refs            61395 us
[32.474s][info][gc,stats    ] Concurrent Update Thread Roots    10788 us
[32.474s][info][gc,stats    ] Pause Final Update Refs (G)         433 us
[32.474s][info][gc,stats    ] Pause Final Update Refs (N)         338 us
[32.474s][info][gc,stats    ]   Update Region States              243 us
[32.474s][info][gc,stats    ]   Trash Collection Set                3 us
[32.474s][info][gc,stats    ]   Rebuild Free Set                   21 us
[32.474s][info][gc,stats    ] Concurrent Cleanup                  106 us
[32.474s][info][gc,stats    ] 
[32.474s][info][gc,stats    ] Allocation pacing accrued:
[32.474s][info][gc,stats    ]       0 of   252 ms (  0.0%): <total>
[32.474s][info][gc,stats    ]       0 of   252 ms (  0.0%): <average total>
[32.474s][info][gc,stats    ] 
[32.474s][info][gc,metaspace] Metaspace: 65173K(65984K)->64853K(65920K) NonClass: 56882K(57344K)->56617K(57344K) Class: 8290K(8640K)->8236K(8576K)
[32.474s][info][gc,ergo     ] Pacer for Idle. Initial: 41943K, Alloc Tax Rate: 1.0x
[32.673s][info][gc          ] Trigger: Learning 2 of 5. Free (1398M) is below initial threshold (1433M)
[32.673s][info][gc,ergo     ] Free: 1398M, Max: 1024K regular, 1392M humongous, Frag: 0% external, 0% internal; Reserve: 103M, Max: 1024K
[32.673s][info][gc,start    ] GC(63) Concurrent reset
[32.673s][info][gc,task     ] GC(63) Using 1 of 3 workers for concurrent reset
[32.673s][info][gc,ergo     ] GC(63) Pacer for Reset. Non-Taxable: 2048M
[32.674s][info][gc          ] GC(63) Concurrent reset 0.873ms
[32.674s][info][gc,start    ] GC(63) Pause Init Mark (unload classes)
[32.674s][info][gc,task     ] GC(63) Using 3 of 3 workers for init marking
[32.674s][info][gc,ergo     ] GC(63) Pacer for Mark. Expected Live: 170M, Free: 1398M, Non-Taxable: 139M, Alloc Tax Rate: 0.1x
[32.674s][info][gc          ] GC(63) Pause Init Mark (unload classes) 0.172ms
[32.674s][info][gc,start    ] GC(63) Concurrent marking roots
[32.674s][info][gc,task     ] GC(63) Using 1 of 3 workers for concurrent marking roots
[32.687s][info][gc          ] GC(63) Concurrent marking roots 12.305ms
[32.687s][info][gc,start    ] GC(63) Concurrent marking (unload classes)
[32.687s][info][gc,task     ] GC(63) Using 1 of 3 workers for concurrent marking
[32.820s][info][gc          ] GC(63) Concurrent marking (unload classes) 132.797ms
[32.820s][info][gc,start    ] GC(63) Pause Final Mark (unload classes)
[32.820s][info][gc,task     ] GC(63) Using 3 of 3 workers for final marking
[32.820s][info][gc,ergo     ] GC(63) Adaptive CSet Selection. Target Free: 290M, Actual Free: 1387M, Max CSet: 87381K, Min Garbage: 0B
[32.820s][info][gc,ergo     ] GC(63) Collectable Garbage: 366M (99%), Immediate: 329M (88%), CSet: 38501K (10%)
[32.820s][info][gc,ergo     ] GC(63) Pacer for Evacuation. Used CSet: 40503K, Free: 1293M, Non-Taxable: 129M, Alloc Tax Rate: 1.1x
[32.820s][info][gc          ] GC(63) Pause Final Mark (unload classes) 0.249ms
[32.821s][info][gc,start    ] GC(63) Concurrent thread roots
[32.821s][info][gc,task     ] GC(63) Using 1 of 3 workers for Concurrent thread roots
[32.833s][info][gc          ] GC(63) Concurrent thread roots 12.013ms
[32.833s][info][gc,start    ] GC(63) Concurrent weak references
[32.833s][info][gc,task     ] GC(63) Using 1 of 3 workers for concurrent weak references
[32.833s][info][gc,ref      ] GC(63) Encountered references: Soft: 2909, Weak: 5871, Final: 51, Phantom: 579
[32.833s][info][gc,ref      ] GC(63) Discovered  references: Soft: 0, Weak: 879, Final: 0, Phantom: 260
[32.833s][info][gc,ref      ] GC(63) Enqueued    references: Soft: 0, Weak: 94, Final: 0, Phantom: 0
[32.833s][info][gc          ] GC(63) Concurrent weak references 0.269ms
[32.833s][info][gc,start    ] GC(63) Concurrent weak roots
[32.833s][info][gc,task     ] GC(63) Using 1 of 3 workers for concurrent weak root
[32.837s][info][gc          ] GC(63) Concurrent weak roots 3.838ms
[32.837s][info][gc,start    ] GC(63) Concurrent cleanup
[32.837s][info][gc          ] GC(63) Concurrent cleanup 1023M->694M(2048M) 0.060ms
[32.837s][info][gc,ergo     ] GC(63) Free: 1248M, Max: 1024K regular, 910M humongous, Frag: 27% external, 0% internal; Reserve: 102M, Max: 1024K
[32.837s][info][gc,start    ] GC(63) Concurrent class unloading
[32.837s][info][gc,task     ] GC(63) Using 1 of 3 workers for concurrent class unloading
[32.857s][info][gc          ] GC(63) Concurrent class unloading 20.558ms
[32.858s][info][gc,start    ] GC(63) Concurrent strong roots
[32.858s][info][gc,task     ] GC(63) Using 1 of 3 workers for concurrent strong root
[32.858s][info][gc          ] GC(63) Concurrent strong roots 0.396ms
[32.858s][info][gc,start    ] GC(63) Concurrent evacuation
[32.858s][info][gc,task     ] GC(63) Using 1 of 3 workers for concurrent evacuation
[32.859s][info][gc          ] GC(63) Concurrent evacuation 1.205ms
[32.859s][info][gc,start    ] GC(63) Pause Init Update Refs
[32.859s][info][gc,ergo     ] GC(63) Pacer for Update Refs. Used: 757M, Free: 1188M, Non-Taxable: 118M, Alloc Tax Rate: 1.1x
[32.859s][info][gc          ] GC(63) Pause Init Update Refs 0.076ms
[32.859s][info][gc,start    ] GC(63) Concurrent update references
[32.859s][info][gc,task     ] GC(63) Using 1 of 3 workers for concurrent reference update
[33.041s][info][gc          ] GC(63) Concurrent update references 181.824ms
[33.041s][info][gc,start    ] GC(63) Concurrent update thread roots
[33.054s][info][gc          ] GC(63) Concurrent update thread roots 12.683ms
[33.054s][info][gc,start    ] GC(63) Pause Final Update Refs
[33.054s][info][gc,task     ] GC(63) Using 3 of 3 workers for final reference update
[33.055s][info][gc          ] GC(63) Pause Final Update Refs 0.096ms
[33.055s][info][gc,start    ] GC(63) Concurrent cleanup
[33.055s][info][gc          ] GC(63) Concurrent cleanup 1290M->1250M(2048M) 0.021ms
[33.055s][info][gc,ergo     ] Free: 692M, Max: 1024K regular, 647M humongous, Frag: 6% external, 0% internal; Reserve: 103M, Max: 1024K
[33.055s][info][gc,stats    ] 
[33.055s][info][gc,stats    ] All times are wall-clock times, except per-root-class counters, that are sum over
[33.055s][info][gc,stats    ] all workers. Dividing the <total> over the root stage time estimates parallelism.
[33.055s][info][gc,stats    ] 
[33.055s][info][gc,stats    ] Concurrent Reset                    925 us
[33.055s][info][gc,stats    ] Pause Init Mark (G)                 360 us
[33.055s][info][gc,stats    ] Pause Init Mark (N)                 189 us
[33.055s][info][gc,stats    ]   Update Region States               63 us
[33.055s][info][gc,stats    ] Concurrent Mark Roots             12354 us, parallelism: 0.97x
[33.055s][info][gc,stats    ]   CMR: <total>                    11971 us
[33.055s][info][gc,stats    ]   CMR: Thread Roots               11810 us, workers (us): 11810, ---, ---, 
[33.055s][info][gc,stats    ]   CMR: VM Strong Roots               20 us, workers (us):  20, ---, ---, 
[33.055s][info][gc,stats    ]   CMR: CLDG Roots                   141 us, workers (us): 141, ---, ---, 
[33.055s][info][gc,stats    ] Concurrent Marking               132857 us
[33.055s][info][gc,stats    ] Pause Final Mark (G)                874 us
[33.055s][info][gc,stats    ] Pause Final Mark (N)                258 us
[33.055s][info][gc,stats    ]   Finish Mark                        48 us
[33.055s][info][gc,stats    ]   Update Region States               35 us
[33.055s][info][gc,stats    ]   Choose Collection Set              83 us
[33.055s][info][gc,stats    ]   Rebuild Free Set                    8 us
[33.055s][info][gc,stats    ] Concurrent Thread Roots           12084 us, parallelism: 0.99x
[33.055s][info][gc,stats    ]   CTR: <total>                    11929 us
[33.055s][info][gc,stats    ]   CTR: Thread Roots               11929 us, workers (us): 11929, ---, ---, 
[33.055s][info][gc,stats    ] Concurrent Weak References          277 us, parallelism: 0.67x
[33.055s][info][gc,stats    ]   CWRF: <total>                     184 us
[33.055s][info][gc,stats    ]   CWRF: Weak References             184 us, workers (us): 184, ---, ---, 
[33.055s][info][gc,stats    ] Concurrent Weak Roots              3909 us
[33.055s][info][gc,stats    ]   Roots                            3582 us, parallelism: 0.99x
[33.055s][info][gc,stats    ]     CWR: <total>                   3535 us
[33.055s][info][gc,stats    ]     CWR: Code Cache Roots          2403 us, workers (us): 2403, ---, ---, 
[33.055s][info][gc,stats    ]     CWR: VM Weak Roots             1064 us, workers (us): 1064, ---, ---, 
[33.055s][info][gc,stats    ]     CWR: CLDG Roots                  68 us, workers (us):  68, ---, ---, 
[33.055s][info][gc,stats    ]   Rendezvous                        238 us
[33.055s][info][gc,stats    ] Concurrent Cleanup                   69 us
[33.055s][info][gc,stats    ] Concurrent Class Unloading        20626 us
[33.055s][info][gc,stats    ]   Unlink Stale                    19795 us
[33.055s][info][gc,stats    ]     System Dictionary               325 us
[33.055s][info][gc,stats    ]     Weak Class Links               9172 us
[33.055s][info][gc,stats    ]     Code Roots                    10295 us
[33.055s][info][gc,stats    ]   Rendezvous                        216 us
[33.055s][info][gc,stats    ]   Purge Unlinked                    525 us
[33.055s][info][gc,stats    ]     Code Roots                      504 us
[33.055s][info][gc,stats    ]     CLDG                             21 us
[33.055s][info][gc,stats    ]     Exception Caches                  0 us
[33.055s][info][gc,stats    ] Concurrent Strong Roots             416 us, parallelism: 0.68x
[33.055s][info][gc,stats    ]   CSR: <total>                      281 us
[33.055s][info][gc,stats    ]   CSR: VM Strong Roots               15 us, workers (us):  15, ---, ---, 
[33.055s][info][gc,stats    ]   CSR: CLDG Roots                   266 us, workers (us): 266, ---, ---, 
[33.055s][info][gc,stats    ] Concurrent Evacuation              1223 us
[33.055s][info][gc,stats    ] Pause Init Update Refs (G)          196 us
[33.055s][info][gc,stats    ] Pause Init Update Refs (N)           85 us
[33.055s][info][gc,stats    ]   Manage GCLABs                      15 us
[33.055s][info][gc,stats    ] Concurrent Update Refs           181900 us
[33.055s][info][gc,stats    ] Concurrent Update Thread Roots    12749 us
[33.055s][info][gc,stats    ] Pause Final Update Refs (G)         552 us
[33.055s][info][gc,stats    ] Pause Final Update Refs (N)         107 us
[33.055s][info][gc,stats    ]   Update Region States               42 us
[33.055s][info][gc,stats    ]   Trash Collection Set                2 us
[33.055s][info][gc,stats    ]   Rebuild Free Set                    9 us
[33.055s][info][gc,stats    ] Concurrent Cleanup                   29 us
[33.055s][info][gc,stats    ] Pacing                           102516 us
[33.055s][info][gc,stats    ] 
[33.055s][info][gc,stats    ] Allocation pacing accrued:
[33.055s][info][gc,stats    ]      52 of   581 ms (  8.9%): Executor task launch worker for task 0.0 in stage 37.0 (TID 61)
[33.055s][info][gc,stats    ]      51 of   581 ms (  8.7%): Executor task launch worker for task 1.0 in stage 37.0 (TID 62)
[33.055s][info][gc,stats    ]     103 of   581 ms ( 17.6%): <total>
[33.055s][info][gc,stats    ]       0 of   581 ms (  0.1%): <average total>
[33.055s][info][gc,stats    ]      51 of   581 ms (  8.8%): <average non-zero>
[33.055s][info][gc,stats    ] 
[33.055s][info][gc,metaspace] Metaspace: 65193K(65920K)->65191K(65920K) NonClass: 56905K(57344K)->56903K(57344K) Class: 8288K(8576K)->8287K(8576K)
[33.055s][info][gc,ergo     ] Pacer for Idle. Initial: 41943K, Alloc Tax Rate: 1.0x
[33.065s][info][gc          ] Trigger: Learning 3 of 5. Free (652M) is below initial threshold (1433M)
[33.066s][info][gc,ergo     ] Free: 652M, Max: 1024K regular, 646M humongous, Frag: 0% external, 0% internal; Reserve: 103M, Max: 1024K
[33.066s][info][gc,start    ] GC(64) Concurrent reset
[33.066s][info][gc,task     ] GC(64) Using 1 of 3 workers for concurrent reset
[33.066s][info][gc,ergo     ] GC(64) Pacer for Reset. Non-Taxable: 2048M
[33.066s][info][gc          ] GC(64) Concurrent reset 0.863ms
[33.067s][info][gc,start    ] GC(64) Pause Init Mark (unload classes)
[33.067s][info][gc,task     ] GC(64) Using 3 of 3 workers for init marking
[33.067s][info][gc,ergo     ] GC(64) Pacer for Mark. Expected Live: 170M, Free: 650M, Non-Taxable: 66625K, Alloc Tax Rate: 0.3x
[33.067s][info][gc          ] GC(64) Pause Init Mark (unload classes) 0.242ms
[33.067s][info][gc,start    ] GC(64) Concurrent marking roots
[33.067s][info][gc,task     ] GC(64) Using 1 of 3 workers for concurrent marking roots
[33.079s][info][gc          ] GC(64) Concurrent marking roots 12.096ms
[33.079s][info][gc,start    ] GC(64) Concurrent marking (unload classes)
[33.079s][info][gc,task     ] GC(64) Using 1 of 3 workers for concurrent marking
[33.207s][info][gc          ] GC(64) Concurrent marking (unload classes) 128.195ms
[33.207s][info][gc,start    ] GC(64) Pause Final Mark (unload classes)
[33.207s][info][gc,task     ] GC(64) Using 3 of 3 workers for final marking
[33.208s][info][gc,ergo     ] GC(64) Collectable Garbage: 1101M (98%), Immediate: 1101M (98%), CSet: 0B (0%)
[33.208s][info][gc          ] GC(64) Pause Final Mark (unload classes) 0.337ms
[33.208s][info][gc,start    ] GC(64) Concurrent weak references
[33.208s][info][gc,task     ] GC(64) Using 1 of 3 workers for concurrent weak references
[33.208s][info][gc,ref      ] GC(64) Encountered references: Soft: 2909, Weak: 5780, Final: 51, Phantom: 579
[33.208s][info][gc,ref      ] GC(64) Discovered  references: Soft: 0, Weak: 791, Final: 0, Phantom: 260
[33.208s][info][gc,ref      ] GC(64) Enqueued    references: Soft: 0, Weak: 21, Final: 0, Phantom: 0
[33.208s][info][gc          ] GC(64) Concurrent weak references 0.250ms
[33.208s][info][gc,start    ] GC(64) Concurrent weak roots
[33.208s][info][gc,task     ] GC(64) Using 1 of 3 workers for concurrent weak root
[33.211s][info][gc          ] GC(64) Concurrent weak roots 2.791ms
[33.211s][info][gc,start    ] GC(64) Concurrent cleanup
[33.211s][info][gc          ] GC(64) Concurrent cleanup 1648M->547M(2048M) 0.139ms
[33.211s][info][gc,ergo     ] GC(64) Free: 1395M, Max: 1024K regular, 479M humongous, Frag: 66% external, 0% internal; Reserve: 103M, Max: 1024K
[33.211s][info][gc,start    ] GC(64) Concurrent class unloading
[33.211s][info][gc,task     ] GC(64) Using 1 of 3 workers for concurrent class unloading
[33.220s][info][gc          ] GC(64) Concurrent class unloading 8.703ms
[33.220s][info][gc,start    ] GC(64) Pause Final Roots
[33.220s][info][gc          ] GC(64) Pause Final Roots 0.066ms
[33.220s][info][gc,ergo     ] Free: 1361M, Max: 1024K regular, 479M humongous, Frag: 65% external, 0% internal; Reserve: 103M, Max: 1024K
[33.220s][info][gc,stats    ] 
[33.220s][info][gc,stats    ] All times are wall-clock times, except per-root-class counters, that are sum over
[33.220s][info][gc,stats    ] all workers. Dividing the <total> over the root stage time estimates parallelism.
[33.220s][info][gc,stats    ] 
[33.220s][info][gc,stats    ] Concurrent Reset                    917 us
[33.220s][info][gc,stats    ] Pause Init Mark (G)                 420 us
[33.220s][info][gc,stats    ] Pause Init Mark (N)                 259 us
[33.220s][info][gc,stats    ]   Update Region States              168 us
[33.220s][info][gc,stats    ] Concurrent Mark Roots             12166 us, parallelism: 0.98x
[33.220s][info][gc,stats    ]   CMR: <total>                    11913 us
[33.220s][info][gc,stats    ]   CMR: Thread Roots               11733 us, workers (us): 11733, ---, ---, 
[33.220s][info][gc,stats    ]   CMR: VM Strong Roots               27 us, workers (us):  27, ---, ---, 
[33.220s][info][gc,stats    ]   CMR: CLDG Roots                   153 us, workers (us): 153, ---, ---, 
[33.220s][info][gc,stats    ] Concurrent Marking               128266 us
[33.220s][info][gc,stats    ] Pause Final Mark (G)                442 us
[33.220s][info][gc,stats    ] Pause Final Mark (N)                347 us
[33.220s][info][gc,stats    ]   Finish Mark                       152 us
[33.220s][info][gc,stats    ]   Update Region States               35 us
[33.220s][info][gc,stats    ]   Choose Collection Set              50 us
[33.220s][info][gc,stats    ]   Rebuild Free Set                    8 us
[33.220s][info][gc,stats    ] Concurrent Weak References          258 us, parallelism: 0.37x
[33.220s][info][gc,stats    ]   CWRF: <total>                      97 us
[33.220s][info][gc,stats    ]   CWRF: Weak References              97 us, workers (us):  97, ---, ---, 
[33.220s][info][gc,stats    ] Concurrent Weak Roots              2825 us
[33.220s][info][gc,stats    ]   Roots                            2494 us, parallelism: 0.97x
[33.220s][info][gc,stats    ]     CWR: <total>                   2430 us
[33.220s][info][gc,stats    ]     CWR: Code Cache Roots          2073 us, workers (us): 2073, ---, ---, 
[33.220s][info][gc,stats    ]     CWR: VM Weak Roots              307 us, workers (us): 307, ---, ---, 
[33.220s][info][gc,stats    ]     CWR: CLDG Roots                  50 us, workers (us):  50, ---, ---, 
[33.220s][info][gc,stats    ]   Rendezvous                        279 us
[33.220s][info][gc,stats    ] Concurrent Cleanup                  157 us
[33.220s][info][gc,stats    ] Concurrent Class Unloading         8777 us
[33.220s][info][gc,stats    ]   Unlink Stale                     7974 us
[33.220s][info][gc,stats    ]     System Dictionary                62 us
[33.220s][info][gc,stats    ]     Weak Class Links                  0 us
[33.220s][info][gc,stats    ]     Code Roots                     7909 us
[33.220s][info][gc,stats    ]   Rendezvous                        207 us
[33.220s][info][gc,stats    ]   Purge Unlinked                    486 us
[33.220s][info][gc,stats    ]     Code Roots                      475 us
[33.220s][info][gc,stats    ]     CLDG                             10 us
[33.220s][info][gc,stats    ]     Exception Caches                  0 us
[33.220s][info][gc,stats    ] Pause Final Roots (G)               187 us
[33.220s][info][gc,stats    ] Pause Final Roots (N)                81 us
[33.220s][info][gc,stats    ] Pacing                            69405 us
[33.220s][info][gc,stats    ] 
[33.220s][info][gc,stats    ] Allocation pacing accrued:
[33.220s][info][gc,stats    ]      35 of   165 ms ( 20.9%): Executor task launch worker for task 0.0 in stage 37.0 (TID 61)
[33.220s][info][gc,stats    ]      35 of   165 ms ( 21.0%): Executor task launch worker for task 1.0 in stage 37.0 (TID 62)
[33.220s][info][gc,stats    ]      69 of   165 ms ( 42.0%): <total>
[33.220s][info][gc,stats    ]       0 of   165 ms (  0.2%): <average total>
[33.220s][info][gc,stats    ]      35 of   165 ms ( 21.0%): <average non-zero>
[33.220s][info][gc,stats    ] 
[33.220s][info][gc,metaspace] Metaspace: 65191K(65920K)->65191K(65920K) NonClass: 56903K(57344K)->56903K(57344K) Class: 8287K(8576K)->8287K(8576K)
[33.220s][info][gc,ergo     ] Pacer for Idle. Initial: 41943K, Alloc Tax Rate: 1.0x
[33.223s][info][gc          ] Trigger: Learning 4 of 5. Free (1352M) is below initial threshold (1433M)
[33.223s][info][gc,ergo     ] Free: 1352M, Max: 1024K regular, 479M humongous, Frag: 65% external, 0% internal; Reserve: 103M, Max: 1024K
[33.223s][info][gc,start    ] GC(65) Concurrent reset
[33.223s][info][gc,task     ] GC(65) Using 1 of 3 workers for concurrent reset
[33.223s][info][gc,ergo     ] GC(65) Pacer for Reset. Non-Taxable: 2048M
[33.224s][info][gc          ] GC(65) Concurrent reset 1.279ms
[33.224s][info][gc,start    ] GC(65) Pause Init Mark (unload classes)
[33.224s][info][gc,task     ] GC(65) Using 3 of 3 workers for init marking
[33.224s][info][gc,ergo     ] GC(65) Pacer for Mark. Expected Live: 170M, Free: 1346M, Non-Taxable: 134M, Alloc Tax Rate: 0.2x
[33.224s][info][gc          ] GC(65) Pause Init Mark (unload classes) 0.110ms
[33.224s][info][gc,start    ] GC(65) Concurrent marking roots
[33.224s][info][gc,task     ] GC(65) Using 1 of 3 workers for concurrent marking roots
[33.236s][info][gc          ] GC(65) Concurrent marking roots 11.826ms
[33.236s][info][gc,start    ] GC(65) Concurrent marking (unload classes)
[33.236s][info][gc,task     ] GC(65) Using 1 of 3 workers for concurrent marking
[33.366s][info][gc          ] GC(65) Concurrent marking (unload classes) 129.453ms
[33.366s][info][gc,start    ] GC(65) Pause Final Mark (unload classes)
[33.366s][info][gc,task     ] GC(65) Using 3 of 3 workers for final marking
[33.366s][info][gc,ergo     ] GC(65) Collectable Garbage: 405M (95%), Immediate: 405M (95%), CSet: 0B (0%)
[33.366s][info][gc          ] GC(65) Pause Final Mark (unload classes) 0.201ms
[33.366s][info][gc,start    ] GC(65) Concurrent weak references
[33.366s][info][gc,task     ] GC(65) Using 1 of 3 workers for concurrent weak references
[33.366s][info][gc,ref      ] GC(65) Encountered references: Soft: 2909, Weak: 5755, Final: 51, Phantom: 579
[33.366s][info][gc,ref      ] GC(65) Discovered  references: Soft: 0, Weak: 514, Final: 0, Phantom: 260
[33.366s][info][gc,ref      ] GC(65) Enqueued    references: Soft: 0, Weak: 0, Final: 0, Phantom: 0
[33.366s][info][gc          ] GC(65) Concurrent weak references 0.201ms
[33.366s][info][gc,start    ] GC(65) Concurrent weak roots
[33.366s][info][gc,task     ] GC(65) Using 1 of 3 workers for concurrent weak root
[33.369s][info][gc          ] GC(65) Concurrent weak roots 3.057ms
[33.369s][info][gc,start    ] GC(65) Concurrent cleanup
[33.369s][info][gc          ] GC(65) Concurrent cleanup 1028M->622M(2048M) 0.056ms
[33.369s][info][gc,ergo     ] GC(65) Free: 1315M, Max: 1024K regular, 417M humongous, Frag: 69% external, 0% internal; Reserve: 103M, Max: 1024K
[33.369s][info][gc,start    ] GC(65) Concurrent class unloading
[33.369s][info][gc,task     ] GC(65) Using 1 of 3 workers for concurrent class unloading
[33.379s][info][gc          ] GC(65) Concurrent class unloading 9.387ms
[33.379s][info][gc,start    ] GC(65) Pause Final Roots
[33.379s][info][gc          ] GC(65) Pause Final Roots 0.042ms
[33.379s][info][gc,ergo     ] Free: 1314M, Max: 1024K regular, 417M humongous, Frag: 69% external, 0% internal; Reserve: 103M, Max: 1024K
[33.379s][info][gc,stats    ] 
[33.379s][info][gc,stats    ] All times are wall-clock times, except per-root-class counters, that are sum over
[33.379s][info][gc,stats    ] all workers. Dividing the <total> over the root stage time estimates parallelism.
[33.379s][info][gc,stats    ] 
[33.379s][info][gc,stats    ] Concurrent Reset                   1341 us
[33.379s][info][gc,stats    ] Pause Init Mark (G)                 247 us
[33.379s][info][gc,stats    ] Pause Init Mark (N)                 118 us
[33.379s][info][gc,stats    ]   Update Region States               39 us
[33.379s][info][gc,stats    ] Concurrent Mark Roots             11866 us, parallelism: 0.98x
[33.379s][info][gc,stats    ]   CMR: <total>                    11649 us
[33.379s][info][gc,stats    ]   CMR: Thread Roots               11538 us, workers (us): 11538, ---, ---, 
[33.379s][info][gc,stats    ]   CMR: VM Strong Roots               16 us, workers (us):  16, ---, ---, 
[33.379s][info][gc,stats    ]   CMR: CLDG Roots                    95 us, workers (us):  95, ---, ---, 
[33.379s][info][gc,stats    ] Concurrent Marking               129493 us
[33.379s][info][gc,stats    ] Pause Final Mark (G)                355 us
[33.379s][info][gc,stats    ] Pause Final Mark (N)                211 us
[33.379s][info][gc,stats    ]   Finish Mark                        64 us
[33.379s][info][gc,stats    ]   Update Region States               42 us
[33.379s][info][gc,stats    ]   Choose Collection Set              40 us
[33.379s][info][gc,stats    ]   Rebuild Free Set                    8 us
[33.379s][info][gc,stats    ] Concurrent Weak References          209 us, parallelism: 0.28x
[33.379s][info][gc,stats    ]   CWRF: <total>                      59 us
[33.379s][info][gc,stats    ]   CWRF: Weak References              59 us, workers (us):  59, ---, ---, 
[33.379s][info][gc,stats    ] Concurrent Weak Roots              3121 us
[33.379s][info][gc,stats    ]   Roots                            2864 us, parallelism: 0.99x
[33.379s][info][gc,stats    ]     CWR: <total>                   2830 us
[33.379s][info][gc,stats    ]     CWR: Code Cache Roots          2454 us, workers (us): 2454, ---, ---, 
[33.379s][info][gc,stats    ]     CWR: VM Weak Roots              324 us, workers (us): 324, ---, ---, 
[33.379s][info][gc,stats    ]     CWR: CLDG Roots                  52 us, workers (us):  52, ---, ---, 
[33.379s][info][gc,stats    ]   Rendezvous                        176 us
[33.379s][info][gc,stats    ] Concurrent Cleanup                   65 us
[33.379s][info][gc,stats    ] Concurrent Class Unloading         9447 us
[33.379s][info][gc,stats    ]   Unlink Stale                     8785 us
[33.379s][info][gc,stats    ]     System Dictionary                61 us
[33.379s][info][gc,stats    ]     Weak Class Links                  0 us
[33.379s][info][gc,stats    ]     Code Roots                     8722 us
[33.379s][info][gc,stats    ]   Rendezvous                        161 us
[33.379s][info][gc,stats    ]   Purge Unlinked                    422 us
[33.379s][info][gc,stats    ]     Code Roots                      416 us
[33.379s][info][gc,stats    ]     CLDG                              5 us
[33.379s][info][gc,stats    ]     Exception Caches                  0 us
[33.379s][info][gc,stats    ] Pause Final Roots (G)               118 us
[33.379s][info][gc,stats    ] Pause Final Roots (N)                50 us
[33.379s][info][gc,stats    ] 
[33.379s][info][gc,stats    ] Allocation pacing accrued:
[33.379s][info][gc,stats    ]       0 of   159 ms (  0.0%): <total>
[33.379s][info][gc,stats    ]       0 of   159 ms (  0.0%): <average total>
[33.379s][info][gc,stats    ] 
[33.379s][info][gc,metaspace] Metaspace: 65191K(65920K)->65242K(65984K) NonClass: 56903K(57344K)->56951K(57344K) Class: 8287K(8576K)->8290K(8640K)
[33.379s][info][gc,ergo     ] Pacer for Idle. Initial: 41943K, Alloc Tax Rate: 1.0x
[33.385s][info][gc          ] Trigger: Explicit GC request (System.gc())
[33.385s][info][gc,ergo     ] Free: 1313M, Max: 1024K regular, 417M humongous, Frag: 69% external, 0% internal; Reserve: 103M, Max: 1024K
[33.385s][info][gc,start    ] GC(66) Concurrent reset
[33.385s][info][gc,task     ] GC(66) Using 1 of 3 workers for concurrent reset
[33.385s][info][gc,ergo     ] GC(66) Pacer for Reset. Non-Taxable: 2048M
[33.386s][info][gc          ] GC(66) Concurrent reset 0.986ms
[33.386s][info][gc,start    ] GC(66) Pause Init Mark (unload classes)
[33.386s][info][gc,task     ] GC(66) Using 3 of 3 workers for init marking
[33.386s][info][gc,ref      ] GC(66) Clearing All SoftReferences
[33.386s][info][gc,ergo     ] GC(66) Pacer for Mark. Expected Live: 170M, Free: 1313M, Non-Taxable: 131M, Alloc Tax Rate: 0.2x
[33.386s][info][gc          ] GC(66) Pause Init Mark (unload classes) 0.191ms
[33.386s][info][gc,start    ] GC(66) Concurrent marking roots
[33.386s][info][gc,task     ] GC(66) Using 1 of 3 workers for concurrent marking roots
[33.404s][info][gc          ] GC(66) Concurrent marking roots 17.839ms
[33.404s][info][gc,start    ] GC(66) Concurrent marking (unload classes)
[33.404s][info][gc,task     ] GC(66) Using 1 of 3 workers for concurrent marking
[33.530s][info][gc          ] GC(66) Concurrent marking (unload classes) 125.928ms
[33.530s][info][gc,start    ] GC(66) Pause Final Mark (unload classes)
[33.530s][info][gc,task     ] GC(66) Using 3 of 3 workers for final marking
[33.531s][info][gc,ergo     ] GC(66) Collectable Garbage: 426M (93%), Immediate: 426M (93%), CSet: 0B (0%)
[33.531s][info][gc          ] GC(66) Pause Final Mark (unload classes) 0.509ms
[33.531s][info][gc,start    ] GC(66) Concurrent weak references
[33.531s][info][gc,task     ] GC(66) Using 1 of 3 workers for concurrent weak references
[33.531s][info][gc,ref      ] GC(66) Encountered references: Soft: 2824, Weak: 5771, Final: 51, Phantom: 579
[33.531s][info][gc,ref      ] GC(66) Discovered  references: Soft: 658, Weak: 953, Final: 0, Phantom: 337
[33.531s][info][gc,ref      ] GC(66) Enqueued    references: Soft: 296, Weak: 160, Final: 0, Phantom: 0
[33.531s][info][gc          ] GC(66) Concurrent weak references 0.267ms
[33.531s][info][gc,start    ] GC(66) Concurrent weak roots
[33.531s][info][gc,task     ] GC(66) Using 1 of 3 workers for concurrent weak root
[33.534s][info][gc          ] GC(66) Concurrent weak roots 2.901ms
[33.534s][info][gc,start    ] GC(66) Concurrent cleanup
[33.534s][info][gc          ] GC(66) Concurrent cleanup 635M->209M(2048M) 0.042ms
[33.534s][info][gc,ergo     ] GC(66) Free: 1733M, Max: 1024K regular, 909M humongous, Frag: 48% external, 0% internal; Reserve: 103M, Max: 1024K
[33.534s][info][gc,start    ] GC(66) Concurrent class unloading
[33.534s][info][gc,task     ] GC(66) Using 1 of 3 workers for concurrent class unloading
[33.550s][info][gc          ] GC(66) Concurrent class unloading 15.903ms
[33.550s][info][gc,start    ] GC(66) Pause Final Roots
[33.550s][info][gc          ] GC(66) Pause Final Roots 0.021ms
[33.550s][info][gc,ergo     ] Free: 1730M, Max: 1024K regular, 909M humongous, Frag: 48% external, 0% internal; Reserve: 103M, Max: 1024K
[33.550s][info][gc,stats    ] 
[33.550s][info][gc,stats    ] All times are wall-clock times, except per-root-class counters, that are sum over
[33.550s][info][gc,stats    ] all workers. Dividing the <total> over the root stage time estimates parallelism.
[33.550s][info][gc,stats    ] 
[33.550s][info][gc,stats    ] Concurrent Reset                   1050 us
[33.550s][info][gc,stats    ] Pause Init Mark (G)                 357 us
[33.550s][info][gc,stats    ] Pause Init Mark (N)                 204 us
[33.550s][info][gc,stats    ]   Update Region States               40 us
[33.550s][info][gc,stats    ] Concurrent Mark Roots             17890 us, parallelism: 0.99x
[33.550s][info][gc,stats    ]   CMR: <total>                    17662 us
[33.550s][info][gc,stats    ]   CMR: Thread Roots               17568 us, workers (us): 17568, ---, ---, 
[33.550s][info][gc,stats    ]   CMR: VM Strong Roots               16 us, workers (us):  16, ---, ---, 
[33.550s][info][gc,stats    ]   CMR: CLDG Roots                    79 us, workers (us):  79, ---, ---, 
[33.550s][info][gc,stats    ] Concurrent Marking               125978 us
[33.550s][info][gc,stats    ] Pause Final Mark (G)                657 us
[33.550s][info][gc,stats    ] Pause Final Mark (N)                535 us
[33.550s][info][gc,stats    ]   Finish Mark                       174 us
[33.550s][info][gc,stats    ]   Update Region States              122 us
[33.550s][info][gc,stats    ]   Choose Collection Set              86 us
[33.550s][info][gc,stats    ]   Rebuild Free Set                   22 us
[33.550s][info][gc,stats    ] Concurrent Weak References          276 us, parallelism: 0.59x
[33.550s][info][gc,stats    ]   CWRF: <total>                     163 us
[33.550s][info][gc,stats    ]   CWRF: Weak References             163 us, workers (us): 163, ---, ---, 
[33.550s][info][gc,stats    ] Concurrent Weak Roots              2949 us
[33.550s][info][gc,stats    ]   Roots                            2720 us, parallelism: 0.98x
[33.550s][info][gc,stats    ]     CWR: <total>                   2659 us
[33.550s][info][gc,stats    ]     CWR: Code Cache Roots          2039 us, workers (us): 2039, ---, ---, 
[33.550s][info][gc,stats    ]     CWR: VM Weak Roots              572 us, workers (us): 572, ---, ---, 
[33.550s][info][gc,stats    ]     CWR: CLDG Roots                  48 us, workers (us):  48, ---, ---, 
[33.550s][info][gc,stats    ]   Rendezvous                        165 us
[33.550s][info][gc,stats    ] Concurrent Cleanup                   50 us
[33.550s][info][gc,stats    ] Concurrent Class Unloading        15963 us
[33.550s][info][gc,stats    ]   Unlink Stale                    14549 us
[33.550s][info][gc,stats    ]     System Dictionary               693 us
[33.550s][info][gc,stats    ]     Weak Class Links               5645 us
[33.550s][info][gc,stats    ]     Code Roots                     8209 us
[33.550s][info][gc,stats    ]   Rendezvous                        285 us
[33.550s][info][gc,stats    ]   Purge Unlinked                   1050 us
[33.550s][info][gc,stats    ]     Code Roots                      621 us
[33.550s][info][gc,stats    ]     CLDG                            428 us
[33.550s][info][gc,stats    ]     Exception Caches                  0 us
[33.550s][info][gc,stats    ] Pause Final Roots (G)                98 us
[33.551s][info][gc,stats    ] Pause Final Roots (N)                29 us
[33.551s][info][gc,stats    ] 
[33.551s][info][gc,stats    ] Allocation pacing accrued:
[33.551s][info][gc,stats    ]       0 of   171 ms (  0.0%): <total>
[33.551s][info][gc,stats    ]       0 of   171 ms (  0.0%): <average total>
[33.551s][info][gc,stats    ] 
[33.551s][info][gc,metaspace] Metaspace: 65242K(65984K)->64921K(65920K) NonClass: 56951K(57344K)->56685K(57344K) Class: 8290K(8640K)->8236K(8576K)
[33.551s][info][gc,ergo     ] Pacer for Idle. Initial: 41943K, Alloc Tax Rate: 1.0x
[33.730s][info][gc          ] Trigger: Learning 2 of 5. Free (1393M) is below initial threshold (1433M)
[33.730s][info][gc,ergo     ] Free: 1393M, Max: 1024K regular, 909M humongous, Frag: 35% external, 0% internal; Reserve: 103M, Max: 1024K
[33.730s][info][gc,start    ] GC(67) Concurrent reset
[33.730s][info][gc,task     ] GC(67) Using 1 of 3 workers for concurrent reset
[33.730s][info][gc,ergo     ] GC(67) Pacer for Reset. Non-Taxable: 2048M
[33.731s][info][gc          ] GC(67) Concurrent reset 0.954ms
[33.731s][info][gc,start    ] GC(67) Pause Init Mark (unload classes)
[33.731s][info][gc,task     ] GC(67) Using 3 of 3 workers for init marking
[33.731s][info][gc,ergo     ] GC(67) Pacer for Mark. Expected Live: 170M, Free: 1393M, Non-Taxable: 139M, Alloc Tax Rate: 0.1x
[33.731s][info][gc          ] GC(67) Pause Init Mark (unload classes) 0.161ms
[33.731s][info][gc,start    ] GC(67) Concurrent marking roots
[33.731s][info][gc,task     ] GC(67) Using 1 of 3 workers for concurrent marking roots
[33.743s][info][gc          ] GC(67) Concurrent marking roots 11.671ms
[33.743s][info][gc,start    ] GC(67) Concurrent marking (unload classes)
[33.743s][info][gc,task     ] GC(67) Using 1 of 3 workers for concurrent marking
[33.874s][info][gc          ] GC(67) Concurrent marking (unload classes) 130.848ms
[33.874s][info][gc,start    ] GC(67) Pause Final Mark (unload classes)
[33.874s][info][gc,task     ] GC(67) Using 3 of 3 workers for final marking
[33.874s][info][gc,ergo     ] GC(67) Adaptive CSet Selection. Target Free: 290M, Actual Free: 1374M, Max CSet: 87381K, Min Garbage: 0B
[33.874s][info][gc,ergo     ] GC(67) Collectable Garbage: 371M (99%), Immediate: 312M (83%), CSet: 60510K (15%)
[33.874s][info][gc,ergo     ] GC(67) Pacer for Evacuation. Used CSet: 62945K, Free: 1280M, Non-Taxable: 128M, Alloc Tax Rate: 1.1x
[33.874s][info][gc          ] GC(67) Pause Final Mark (unload classes) 0.282ms
[33.874s][info][gc,start    ] GC(67) Concurrent thread roots
[33.874s][info][gc,task     ] GC(67) Using 1 of 3 workers for Concurrent thread roots
[33.886s][info][gc          ] GC(67) Concurrent thread roots 11.987ms
[33.886s][info][gc,start    ] GC(67) Concurrent weak references
[33.886s][info][gc,task     ] GC(67) Using 1 of 3 workers for concurrent weak references
[33.887s][info][gc,ref      ] GC(67) Encountered references: Soft: 2909, Weak: 5870, Final: 51, Phantom: 579
[33.887s][info][gc,ref      ] GC(67) Discovered  references: Soft: 0, Weak: 867, Final: 0, Phantom: 337
[33.887s][info][gc,ref      ] GC(67) Enqueued    references: Soft: 0, Weak: 94, Final: 0, Phantom: 0
[33.887s][info][gc          ] GC(67) Concurrent weak references 0.321ms
[33.887s][info][gc,start    ] GC(67) Concurrent weak roots
[33.887s][info][gc,task     ] GC(67) Using 1 of 3 workers for concurrent weak root
[33.890s][info][gc          ] GC(67) Concurrent weak roots 3.359ms
[33.890s][info][gc,start    ] GC(67) Concurrent cleanup
[33.890s][info][gc          ] GC(67) Concurrent cleanup 1022M->710M(2048M) 0.046ms
[33.890s][info][gc,ergo     ] GC(67) Free: 1232M, Max: 1024K regular, 909M humongous, Frag: 26% external, 0% internal; Reserve: 102M, Max: 1024K
[33.890s][info][gc,start    ] GC(67) Concurrent class unloading
[33.890s][info][gc,task     ] GC(67) Using 1 of 3 workers for concurrent class unloading
[33.907s][info][gc          ] GC(67) Concurrent class unloading 17.150ms
[33.907s][info][gc,start    ] GC(67) Concurrent strong roots
[33.907s][info][gc,task     ] GC(67) Using 1 of 3 workers for concurrent strong root
[33.908s][info][gc          ] GC(67) Concurrent strong roots 0.510ms
[33.908s][info][gc,start    ] GC(67) Concurrent evacuation
[33.908s][info][gc,task     ] GC(67) Using 1 of 3 workers for concurrent evacuation
[33.910s][info][gc          ] GC(67) Concurrent evacuation 1.839ms
[33.910s][info][gc,start    ] GC(67) Pause Init Update Refs
[33.910s][info][gc,ergo     ] GC(67) Pacer for Update Refs. Used: 768M, Free: 1176M, Non-Taxable: 117M, Alloc Tax Rate: 1.1x
[33.910s][info][gc          ] GC(67) Pause Init Update Refs 0.067ms
[33.910s][info][gc,start    ] GC(67) Concurrent update references
[33.910s][info][gc,task     ] GC(67) Using 1 of 3 workers for concurrent reference update
[34.088s][info][gc          ] GC(67) Concurrent update references 178.482ms
[34.089s][info][gc,start    ] GC(67) Concurrent update thread roots
[34.099s][info][gc          ] GC(67) Concurrent update thread roots 10.568ms
[34.099s][info][gc,start    ] GC(67) Pause Final Update Refs
[34.099s][info][gc,task     ] GC(67) Using 3 of 3 workers for final reference update
[34.099s][info][gc          ] GC(67) Pause Final Update Refs 0.143ms
[34.099s][info][gc,start    ] GC(67) Concurrent cleanup
[34.099s][info][gc          ] GC(67) Concurrent cleanup 1295M->1234M(2048M) 0.060ms
[34.100s][info][gc,ergo     ] Free: 708M, Max: 1024K regular, 643M humongous, Frag: 9% external, 0% internal; Reserve: 103M, Max: 1024K
[34.100s][info][gc,stats    ] 
[34.100s][info][gc,stats    ] All times are wall-clock times, except per-root-class counters, that are sum over
[34.100s][info][gc,stats    ] all workers. Dividing the <total> over the root stage time estimates parallelism.
[34.100s][info][gc,stats    ] 
[34.100s][info][gc,stats    ] Concurrent Reset                   1020 us
[34.100s][info][gc,stats    ] Pause Init Mark (G)                 331 us
[34.100s][info][gc,stats    ] Pause Init Mark (N)                 170 us
[34.100s][info][gc,stats    ]   Update Region States               68 us
[34.100s][info][gc,stats    ] Concurrent Mark Roots             11719 us, parallelism: 0.98x
[34.100s][info][gc,stats    ]   CMR: <total>                    11482 us
[34.100s][info][gc,stats    ]   CMR: Thread Roots               11375 us, workers (us): 11375, ---, ---, 
[34.100s][info][gc,stats    ]   CMR: VM Strong Roots               18 us, workers (us):  18, ---, ---, 
[34.100s][info][gc,stats    ]   CMR: CLDG Roots                    90 us, workers (us):  90, ---, ---, 
[34.100s][info][gc,stats    ] Concurrent Marking               130918 us
[34.100s][info][gc,stats    ] Pause Final Mark (G)                429 us
[34.100s][info][gc,stats    ] Pause Final Mark (N)                293 us
[34.100s][info][gc,stats    ]   Finish Mark                        86 us
[34.100s][info][gc,stats    ]   Update Region States               49 us
[34.100s][info][gc,stats    ]   Choose Collection Set              69 us
[34.100s][info][gc,stats    ]   Rebuild Free Set                    7 us
[34.100s][info][gc,stats    ] Concurrent Thread Roots           12033 us, parallelism: 0.99x
[34.100s][info][gc,stats    ]   CTR: <total>                    11875 us
[34.100s][info][gc,stats    ]   CTR: Thread Roots               11875 us, workers (us): 11875, ---, ---, 
[34.100s][info][gc,stats    ] Concurrent Weak References          338 us, parallelism: 0.41x
[34.100s][info][gc,stats    ]   CWRF: <total>                     138 us
[34.100s][info][gc,stats    ]   CWRF: Weak References             138 us, workers (us): 138, ---, ---, 
[34.100s][info][gc,stats    ] Concurrent Weak Roots              3405 us
[34.100s][info][gc,stats    ]   Roots                            3112 us, parallelism: 0.98x
[34.100s][info][gc,stats    ]     CWR: <total>                   3050 us
[34.100s][info][gc,stats    ]     CWR: Code Cache Roots          2105 us, workers (us): 2105, ---, ---, 
[34.100s][info][gc,stats    ]     CWR: VM Weak Roots              884 us, workers (us): 884, ---, ---, 
[34.100s][info][gc,stats    ]     CWR: CLDG Roots                  62 us, workers (us):  62, ---, ---, 
[34.100s][info][gc,stats    ]   Rendezvous                        214 us
[34.100s][info][gc,stats    ] Concurrent Cleanup                   54 us
[34.100s][info][gc,stats    ] Concurrent Class Unloading        17207 us
[34.100s][info][gc,stats    ]   Unlink Stale                    16308 us
[34.100s][info][gc,stats    ]     System Dictionary               219 us
[34.100s][info][gc,stats    ]     Weak Class Links               7202 us
[34.100s][info][gc,stats    ]     Code Roots                     8884 us
[34.100s][info][gc,stats    ]   Rendezvous                        290 us
[34.100s][info][gc,stats    ]   Purge Unlinked                    533 us
[34.100s][info][gc,stats    ]     Code Roots                      510 us
[34.100s][info][gc,stats    ]     CLDG                             22 us
[34.100s][info][gc,stats    ]     Exception Caches                  0 us
[34.100s][info][gc,stats    ] Concurrent Strong Roots             528 us, parallelism: 0.73x
[34.100s][info][gc,stats    ]   CSR: <total>                      384 us
[34.100s][info][gc,stats    ]   CSR: VM Strong Roots               19 us, workers (us):  19, ---, ---, 
[34.100s][info][gc,stats    ]   CSR: CLDG Roots                   365 us, workers (us): 365, ---, ---, 
[34.100s][info][gc,stats    ] Concurrent Evacuation              1876 us
[34.100s][info][gc,stats    ] Pause Init Update Refs (G)          252 us
[34.100s][info][gc,stats    ] Pause Init Update Refs (N)           76 us
[34.100s][info][gc,stats    ]   Manage GCLABs                      13 us
[34.100s][info][gc,stats    ] Concurrent Update Refs           178555 us
[34.100s][info][gc,stats    ] Concurrent Update Thread Roots    10623 us
[34.100s][info][gc,stats    ] Pause Final Update Refs (G)         278 us
[34.100s][info][gc,stats    ] Pause Final Update Refs (N)         157 us
[34.100s][info][gc,stats    ]   Update Region States               59 us
[34.100s][info][gc,stats    ]   Trash Collection Set                5 us
[34.100s][info][gc,stats    ]   Rebuild Free Set                   19 us
[34.100s][info][gc,stats    ] Concurrent Cleanup                   80 us
[34.100s][info][gc,stats    ] Pacing                            82870 us
[34.100s][info][gc,stats    ] 
[34.100s][info][gc,stats    ] Allocation pacing accrued:
[34.100s][info][gc,stats    ]      34 of   549 ms (  6.1%): Executor task launch worker for task 0.0 in stage 40.0 (TID 66)
[34.100s][info][gc,stats    ]      49 of   549 ms (  9.0%): Executor task launch worker for task 1.0 in stage 40.0 (TID 67)
[34.100s][info][gc,stats    ]      83 of   549 ms ( 15.1%): <total>
[34.100s][info][gc,stats    ]       0 of   549 ms (  0.1%): <average total>
[34.100s][info][gc,stats    ]      41 of   549 ms (  7.5%): <average non-zero>
[34.100s][info][gc,stats    ] 
[34.100s][info][gc,metaspace] Metaspace: 65254K(65920K)->65252K(65920K) NonClass: 56965K(57344K)->56964K(57344K) Class: 8288K(8576K)->8288K(8576K)
[34.100s][info][gc,ergo     ] Pacer for Idle. Initial: 41943K, Alloc Tax Rate: 1.0x
[34.107s][info][gc          ] Trigger: Learning 3 of 5. Free (683M) is below initial threshold (1433M)
[34.107s][info][gc,ergo     ] Free: 683M, Max: 1024K regular, 643M humongous, Frag: 5% external, 0% internal; Reserve: 103M, Max: 1024K
[34.107s][info][gc,start    ] GC(68) Concurrent reset
[34.107s][info][gc,task     ] GC(68) Using 1 of 3 workers for concurrent reset
[34.107s][info][gc,ergo     ] GC(68) Pacer for Reset. Non-Taxable: 2048M
[34.108s][info][gc          ] GC(68) Concurrent reset 0.992ms
[34.108s][info][gc,start    ] GC(68) Pause Init Mark (unload classes)
[34.108s][info][gc,task     ] GC(68) Using 3 of 3 workers for init marking
[34.108s][info][gc,ergo     ] GC(68) Pacer for Mark. Expected Live: 170M, Free: 680M, Non-Taxable: 69722K, Alloc Tax Rate: 0.3x
[34.108s][info][gc          ] GC(68) Pause Init Mark (unload classes) 0.144ms
[34.108s][info][gc,start    ] GC(68) Concurrent marking roots
[34.108s][info][gc,task     ] GC(68) Using 1 of 3 workers for concurrent marking roots
[34.120s][info][gc          ] GC(68) Concurrent marking roots 11.685ms
[34.120s][info][gc,start    ] GC(68) Concurrent marking (unload classes)
[34.120s][info][gc,task     ] GC(68) Using 1 of 3 workers for concurrent marking
[34.249s][info][gc          ] GC(68) Concurrent marking (unload classes) 129.314ms
[34.249s][info][gc,start    ] GC(68) Pause Final Mark (unload classes)
[34.249s][info][gc,task     ] GC(68) Using 3 of 3 workers for final marking
[34.249s][info][gc,ergo     ] GC(68) Collectable Garbage: 1072M (98%), Immediate: 1072M (98%), CSet: 0B (0%)
[34.249s][info][gc          ] GC(68) Pause Final Mark (unload classes) 0.273ms
[34.249s][info][gc,start    ] GC(68) Concurrent weak references
[34.250s][info][gc,task     ] GC(68) Using 1 of 3 workers for concurrent weak references
[34.250s][info][gc,ref      ] GC(68) Encountered references: Soft: 2909, Weak: 5777, Final: 51, Phantom: 579
[34.250s][info][gc,ref      ] GC(68) Discovered  references: Soft: 0, Weak: 783, Final: 0, Phantom: 260
[34.250s][info][gc,ref      ] GC(68) Enqueued    references: Soft: 0, Weak: 16, Final: 0, Phantom: 0
[34.250s][info][gc          ] GC(68) Concurrent weak references 0.198ms
[34.250s][info][gc,start    ] GC(68) Concurrent weak roots
[34.250s][info][gc,task     ] GC(68) Using 1 of 3 workers for concurrent weak root
[34.253s][info][gc          ] GC(68) Concurrent weak roots 2.920ms
[34.253s][info][gc,start    ] GC(68) Concurrent cleanup
[34.253s][info][gc          ] GC(68) Concurrent cleanup 1641M->569M(2048M) 0.132ms
[34.253s][info][gc,ergo     ] GC(68) Free: 1373M, Max: 1024K regular, 341M humongous, Frag: 76% external, 0% internal; Reserve: 103M, Max: 1024K
[34.253s][info][gc,start    ] GC(68) Concurrent class unloading
[34.253s][info][gc,task     ] GC(68) Using 1 of 3 workers for concurrent class unloading
[34.262s][info][gc          ] GC(68) Concurrent class unloading 8.970ms
[34.262s][info][gc,start    ] GC(68) Pause Final Roots
[34.262s][info][gc          ] GC(68) Pause Final Roots 0.056ms
[34.262s][info][gc,ergo     ] Free: 1338M, Max: 1024K regular, 341M humongous, Frag: 75% external, 0% internal; Reserve: 103M, Max: 1024K
[34.262s][info][gc,stats    ] 
[34.262s][info][gc,stats    ] All times are wall-clock times, except per-root-class counters, that are sum over
[34.262s][info][gc,stats    ] all workers. Dividing the <total> over the root stage time estimates parallelism.
[34.262s][info][gc,stats    ] 
[34.262s][info][gc,stats    ] Concurrent Reset                   1046 us
[34.262s][info][gc,stats    ] Pause Init Mark (G)                 276 us
[34.262s][info][gc,stats    ] Pause Init Mark (N)                 160 us
[34.262s][info][gc,stats    ]   Update Region States               49 us
[34.262s][info][gc,stats    ] Concurrent Mark Roots             11758 us, parallelism: 0.97x
[34.262s][info][gc,stats    ]   CMR: <total>                    11459 us
[34.262s][info][gc,stats    ]   CMR: Thread Roots               11282 us, workers (us): 11282, ---, ---, 
[34.262s][info][gc,stats    ]   CMR: VM Strong Roots               25 us, workers (us):  25, ---, ---, 
[34.262s][info][gc,stats    ]   CMR: CLDG Roots                   153 us, workers (us): 153, ---, ---, 
[34.262s][info][gc,stats    ] Concurrent Marking               129361 us
[34.262s][info][gc,stats    ] Pause Final Mark (G)                414 us
[34.262s][info][gc,stats    ] Pause Final Mark (N)                292 us
[34.262s][info][gc,stats    ]   Finish Mark                        68 us
[34.262s][info][gc,stats    ]   Update Region States               61 us
[34.262s][info][gc,stats    ]   Choose Collection Set              66 us
[34.262s][info][gc,stats    ]   Rebuild Free Set                   16 us
[34.262s][info][gc,stats    ] Concurrent Weak References          206 us, parallelism: 0.34x
[34.262s][info][gc,stats    ]   CWRF: <total>                      69 us
[34.262s][info][gc,stats    ]   CWRF: Weak References              69 us, workers (us):  69, ---, ---, 
[34.262s][info][gc,stats    ] Concurrent Weak Roots              2957 us
[34.262s][info][gc,stats    ]   Roots                            2670 us, parallelism: 0.96x
[34.262s][info][gc,stats    ]     CWR: <total>                   2565 us
[34.262s][info][gc,stats    ]     CWR: Code Cache Roots          2106 us, workers (us): 2106, ---, ---, 
[34.262s][info][gc,stats    ]     CWR: VM Weak Roots              410 us, workers (us): 410, ---, ---, 
[34.262s][info][gc,stats    ]     CWR: CLDG Roots                  49 us, workers (us):  49, ---, ---, 
[34.262s][info][gc,stats    ]   Rendezvous                        233 us
[34.262s][info][gc,stats    ] Concurrent Cleanup                  149 us
[34.262s][info][gc,stats    ] Concurrent Class Unloading         9015 us
[34.262s][info][gc,stats    ]   Unlink Stale                     8193 us
[34.262s][info][gc,stats    ]     System Dictionary                63 us
[34.262s][info][gc,stats    ]     Weak Class Links                  0 us
[34.262s][info][gc,stats    ]     Code Roots                     8128 us
[34.262s][info][gc,stats    ]   Rendezvous                        247 us
[34.262s][info][gc,stats    ]   Purge Unlinked                    497 us
[34.262s][info][gc,stats    ]     Code Roots                      487 us
[34.262s][info][gc,stats    ]     CLDG                              9 us
[34.262s][info][gc,stats    ]     Exception Caches                  0 us
[34.262s][info][gc,stats    ] Pause Final Roots (G)               172 us
[34.262s][info][gc,stats    ] Pause Final Roots (N)                65 us
[34.262s][info][gc,stats    ] Pacing                            62202 us
[34.262s][info][gc,stats    ] 
[34.262s][info][gc,stats    ] Allocation pacing accrued:
[34.262s][info][gc,stats    ]      38 of   162 ms ( 23.7%): Executor task launch worker for task 0.0 in stage 40.0 (TID 66)
[34.262s][info][gc,stats    ]      24 of   162 ms ( 14.6%): Executor task launch worker for task 1.0 in stage 40.0 (TID 67)
[34.262s][info][gc,stats    ]      62 of   162 ms ( 38.3%): <total>
[34.262s][info][gc,stats    ]       0 of   162 ms (  0.1%): <average total>
[34.262s][info][gc,stats    ]      31 of   162 ms ( 19.2%): <average non-zero>
[34.262s][info][gc,stats    ] 
[34.262s][info][gc,metaspace] Metaspace: 65252K(65920K)->65252K(65920K) NonClass: 56964K(57344K)->56964K(57344K) Class: 8288K(8576K)->8288K(8576K)
[34.262s][info][gc,ergo     ] Pacer for Idle. Initial: 41943K, Alloc Tax Rate: 1.0x
[34.280s][info][gc          ] Trigger: Learning 4 of 5. Free (1296M) is below initial threshold (1433M)
[34.280s][info][gc,ergo     ] Free: 1296M, Max: 1024K regular, 341M humongous, Frag: 74% external, 0% internal; Reserve: 103M, Max: 1024K
[34.280s][info][gc,start    ] GC(69) Concurrent reset
[34.280s][info][gc,task     ] GC(69) Using 1 of 3 workers for concurrent reset
[34.280s][info][gc,ergo     ] GC(69) Pacer for Reset. Non-Taxable: 2048M
[34.281s][info][gc          ] GC(69) Concurrent reset 1.352ms
[34.281s][info][gc,start    ] GC(69) Pause Init Mark (unload classes)
[34.281s][info][gc,task     ] GC(69) Using 3 of 3 workers for init marking
[34.282s][info][gc,ergo     ] GC(69) Pacer for Mark. Expected Live: 170M, Free: 1296M, Non-Taxable: 129M, Alloc Tax Rate: 0.2x
[34.282s][info][gc          ] GC(69) Pause Init Mark (unload classes) 0.172ms
[34.282s][info][gc,start    ] GC(69) Concurrent marking roots
[34.282s][info][gc,task     ] GC(69) Using 1 of 3 workers for concurrent marking roots
[34.293s][info][gc          ] GC(69) Concurrent marking roots 11.651ms
[34.293s][info][gc,start    ] GC(69) Concurrent marking (unload classes)
[34.293s][info][gc,task     ] GC(69) Using 1 of 3 workers for concurrent marking
[34.423s][info][gc          ] GC(69) Concurrent marking (unload classes) 129.831ms
[34.423s][info][gc,start    ] GC(69) Pause Final Mark (unload classes)
[34.423s][info][gc,task     ] GC(69) Using 3 of 3 workers for final marking
[34.424s][info][gc,ergo     ] GC(69) Collectable Garbage: 456M (96%), Immediate: 456M (96%), CSet: 0B (0%)
[34.424s][info][gc          ] GC(69) Pause Final Mark (unload classes) 0.257ms
[34.424s][info][gc,start    ] GC(69) Concurrent weak references
[34.424s][info][gc,task     ] GC(69) Using 1 of 3 workers for concurrent weak references
[34.424s][info][gc,ref      ] GC(69) Encountered references: Soft: 2909, Weak: 5759, Final: 51, Phantom: 579
[34.424s][info][gc,ref      ] GC(69) Discovered  references: Soft: 0, Weak: 712, Final: 0, Phantom: 260
[34.424s][info][gc,ref      ] GC(69) Enqueued    references: Soft: 0, Weak: 0, Final: 0, Phantom: 0
[34.424s][info][gc          ] GC(69) Concurrent weak references 0.169ms
[34.424s][info][gc,start    ] GC(69) Concurrent weak roots
[34.424s][info][gc,task     ] GC(69) Using 1 of 3 workers for concurrent weak root
[34.426s][info][gc          ] GC(69) Concurrent weak roots 2.593ms
[34.426s][info][gc,start    ] GC(69) Concurrent cleanup
[34.427s][info][gc          ] GC(69) Concurrent cleanup 1066M->609M(2048M) 0.046ms
[34.427s][info][gc,ergo     ] GC(69) Free: 1331M, Max: 1024K regular, 415M humongous, Frag: 69% external, 0% internal; Reserve: 103M, Max: 1024K
[34.427s][info][gc,start    ] GC(69) Concurrent class unloading
[34.427s][info][gc,task     ] GC(69) Using 1 of 3 workers for concurrent class unloading
[34.435s][info][gc          ] GC(69) Concurrent class unloading 8.443ms
[34.435s][info][gc,start    ] GC(69) Pause Final Roots
[34.435s][info][gc          ] GC(69) Pause Final Roots 0.032ms
[34.435s][info][gc,ergo     ] Free: 1323M, Max: 1024K regular, 415M humongous, Frag: 69% external, 0% internal; Reserve: 103M, Max: 1024K
[34.435s][info][gc,stats    ] 
[34.435s][info][gc,stats    ] All times are wall-clock times, except per-root-class counters, that are sum over
[34.435s][info][gc,stats    ] all workers. Dividing the <total> over the root stage time estimates parallelism.
[34.435s][info][gc,stats    ] 
[34.435s][info][gc,stats    ] Concurrent Reset                   1413 us
[34.435s][info][gc,stats    ] Pause Init Mark (G)                 312 us
[34.435s][info][gc,stats    ] Pause Init Mark (N)                 189 us
[34.435s][info][gc,stats    ]   Update Region States               65 us
[34.435s][info][gc,stats    ] Concurrent Mark Roots             11694 us, parallelism: 0.98x
[34.435s][info][gc,stats    ]   CMR: <total>                    11469 us
[34.435s][info][gc,stats    ]   CMR: Thread Roots               11328 us, workers (us): 11328, ---, ---, 
[34.435s][info][gc,stats    ]   CMR: VM Strong Roots               17 us, workers (us):  17, ---, ---, 
[34.435s][info][gc,stats    ]   CMR: CLDG Roots                   124 us, workers (us): 124, ---, ---, 
[34.435s][info][gc,stats    ] Concurrent Marking               129882 us
[34.435s][info][gc,stats    ] Pause Final Mark (G)                406 us
[34.435s][info][gc,stats    ] Pause Final Mark (N)                277 us
[34.435s][info][gc,stats    ]   Finish Mark                        70 us
[34.435s][info][gc,stats    ]   Update Region States               50 us
[34.435s][info][gc,stats    ]   Choose Collection Set              61 us
[34.435s][info][gc,stats    ]   Rebuild Free Set                   17 us
[34.435s][info][gc,stats    ] Concurrent Weak References          177 us, parallelism: 0.36x
[34.435s][info][gc,stats    ]   CWRF: <total>                      64 us
[34.435s][info][gc,stats    ]   CWRF: Weak References              64 us, workers (us):  64, ---, ---, 
[34.435s][info][gc,stats    ] Concurrent Weak Roots              2639 us
[34.435s][info][gc,stats    ]   Roots                            2400 us, parallelism: 0.97x
[34.435s][info][gc,stats    ]     CWR: <total>                   2338 us
[34.435s][info][gc,stats    ]     CWR: Code Cache Roots          1985 us, workers (us): 1985, ---, ---, 
[34.435s][info][gc,stats    ]     CWR: VM Weak Roots              302 us, workers (us): 302, ---, ---, 
[34.435s][info][gc,stats    ]     CWR: CLDG Roots                  51 us, workers (us):  51, ---, ---, 
[34.436s][info][gc,stats    ]   Rendezvous                        177 us
[34.436s][info][gc,stats    ] Concurrent Cleanup                   56 us
[34.436s][info][gc,stats    ] Concurrent Class Unloading         8500 us
[34.436s][info][gc,stats    ]   Unlink Stale                     7839 us
[34.436s][info][gc,stats    ]     System Dictionary                51 us
[34.436s][info][gc,stats    ]     Weak Class Links                  0 us
[34.436s][info][gc,stats    ]     Code Roots                     7786 us
[34.436s][info][gc,stats    ]   Rendezvous                        150 us
[34.436s][info][gc,stats    ]   Purge Unlinked                    432 us
[34.436s][info][gc,stats    ]     Code Roots                      421 us
[34.436s][info][gc,stats    ]     CLDG                             10 us
[34.436s][info][gc,stats    ]     Exception Caches                  0 us
[34.436s][info][gc,stats    ] Pause Final Roots (G)               186 us
[34.436s][info][gc,stats    ] Pause Final Roots (N)                41 us
[34.436s][info][gc,stats    ] Pacing                            43664 us
[34.436s][info][gc,stats    ] 
[34.436s][info][gc,stats    ] Allocation pacing accrued:
[34.436s][info][gc,stats    ]      22 of   173 ms ( 12.6%): Executor task launch worker for task 1.0 in stage 41.0 (TID 69)
[34.436s][info][gc,stats    ]      22 of   173 ms ( 12.6%): Executor task launch worker for task 0.0 in stage 41.0 (TID 68)
[34.436s][info][gc,stats    ]      44 of   173 ms ( 25.2%): <total>
[34.436s][info][gc,stats    ]       0 of   173 ms (  0.1%): <average total>
[34.436s][info][gc,stats    ]      22 of   173 ms ( 12.6%): <average non-zero>
[34.436s][info][gc,stats    ] 
[34.436s][info][gc,metaspace] Metaspace: 65252K(65920K)->65279K(66048K) NonClass: 56964K(57344K)->56987K(57408K) Class: 8288K(8576K)->8291K(8640K)
[34.436s][info][gc,ergo     ] Pacer for Idle. Initial: 41943K, Alloc Tax Rate: 1.0x
[34.440s][info][gc          ] Trigger: Learning 5 of 5. Free (1319M) is below initial threshold (1433M)
[34.440s][info][gc,ergo     ] Free: 1319M, Max: 1024K regular, 415M humongous, Frag: 69% external, 0% internal; Reserve: 103M, Max: 1024K
[34.440s][info][gc,start    ] GC(70) Concurrent reset
[34.440s][info][gc,task     ] GC(70) Using 1 of 3 workers for concurrent reset
[34.440s][info][gc,ergo     ] GC(70) Pacer for Reset. Non-Taxable: 2048M
[34.441s][info][gc          ] GC(70) Concurrent reset 0.930ms
[34.441s][info][gc,start    ] GC(70) Pause Init Mark (unload classes)
[34.441s][info][gc,task     ] GC(70) Using 3 of 3 workers for init marking
[34.441s][info][gc,ergo     ] GC(70) Pacer for Mark. Expected Live: 170M, Free: 1317M, Non-Taxable: 131M, Alloc Tax Rate: 0.2x
[34.441s][info][gc          ] GC(70) Pause Init Mark (unload classes) 0.190ms
[34.441s][info][gc,start    ] GC(70) Concurrent marking roots
[34.442s][info][gc,task     ] GC(70) Using 1 of 3 workers for concurrent marking roots
[34.454s][info][gc          ] GC(70) Concurrent marking roots 12.082ms
[34.454s][info][gc,start    ] GC(70) Concurrent marking (unload classes)
[34.454s][info][gc,task     ] GC(70) Using 1 of 3 workers for concurrent marking
[34.581s][info][gc          ] GC(70) Concurrent marking (unload classes) 127.674ms
[34.581s][info][gc,start    ] GC(70) Pause Final Mark (unload classes)
[34.581s][info][gc,task     ] GC(70) Using 3 of 3 workers for final marking
[34.582s][info][gc,ergo     ] GC(70) Collectable Garbage: 420M (93%), Immediate: 420M (93%), CSet: 0B (0%)
[34.582s][info][gc          ] GC(70) Pause Final Mark (unload classes) 0.584ms
[34.582s][info][gc,start    ] GC(70) Concurrent weak references
[34.582s][info][gc,task     ] GC(70) Using 1 of 3 workers for concurrent weak references
[34.582s][info][gc,ref      ] GC(70) Encountered references: Soft: 2923, Weak: 5861, Final: 51, Phantom: 579
[34.582s][info][gc,ref      ] GC(70) Discovered  references: Soft: 0, Weak: 942, Final: 0, Phantom: 260
[34.582s][info][gc,ref      ] GC(70) Enqueued    references: Soft: 0, Weak: 13, Final: 0, Phantom: 0
[34.582s][info][gc          ] GC(70) Concurrent weak references 0.278ms
[34.582s][info][gc,start    ] GC(70) Concurrent weak roots
[34.582s][info][gc,task     ] GC(70) Using 1 of 3 workers for concurrent weak root
[34.585s][info][gc          ] GC(70) Concurrent weak roots 2.680ms
[34.585s][info][gc,start    ] GC(70) Concurrent cleanup
[34.585s][info][gc          ] GC(70) Concurrent cleanup 628M->208M(2048M) 0.043ms
[34.585s][info][gc,ergo     ] GC(70) Free: 1734M, Max: 1024K regular, 923M humongous, Frag: 47% external, 0% internal; Reserve: 103M, Max: 1024K
[34.585s][info][gc,start    ] GC(70) Concurrent class unloading
[34.585s][info][gc,task     ] GC(70) Using 1 of 3 workers for concurrent class unloading
[34.593s][info][gc          ] GC(70) Concurrent class unloading 8.220ms
[34.593s][info][gc,start    ] GC(70) Pause Final Roots
[34.593s][info][gc          ] GC(70) Pause Final Roots 0.055ms
[34.594s][info][gc,ergo     ] Free: 1734M, Max: 1024K regular, 923M humongous, Frag: 47% external, 0% internal; Reserve: 103M, Max: 1024K
[34.594s][info][gc,stats    ] 
[34.594s][info][gc,stats    ] All times are wall-clock times, except per-root-class counters, that are sum over
[34.594s][info][gc,stats    ] all workers. Dividing the <total> over the root stage time estimates parallelism.
[34.594s][info][gc,stats    ] 
[34.594s][info][gc,stats    ] Concurrent Reset                   1025 us
[34.594s][info][gc,stats    ] Pause Init Mark (G)                 496 us
[34.594s][info][gc,stats    ] Pause Init Mark (N)                 207 us
[34.594s][info][gc,stats    ]   Update Region States               53 us
[34.594s][info][gc,stats    ] Concurrent Mark Roots             12142 us, parallelism: 0.98x
[34.594s][info][gc,stats    ]   CMR: <total>                    11903 us
[34.594s][info][gc,stats    ]   CMR: Thread Roots               11809 us, workers (us): 11809, ---, ---, 
[34.594s][info][gc,stats    ]   CMR: VM Strong Roots               14 us, workers (us):  14, ---, ---, 
[34.594s][info][gc,stats    ]   CMR: CLDG Roots                    80 us, workers (us):  80, ---, ---, 
[34.594s][info][gc,stats    ] Concurrent Marking               127745 us
[34.594s][info][gc,stats    ] Pause Final Mark (G)                650 us
[34.594s][info][gc,stats    ] Pause Final Mark (N)                593 us
[34.594s][info][gc,stats    ]   Finish Mark                       432 us
[34.594s][info][gc,stats    ]   Update Region States               40 us
[34.594s][info][gc,stats    ]   Choose Collection Set              36 us
[34.594s][info][gc,stats    ]   Rebuild Free Set                    8 us
[34.594s][info][gc,stats    ] Concurrent Weak References          286 us, parallelism: 0.30x
[34.594s][info][gc,stats    ]   CWRF: <total>                      85 us
[34.594s][info][gc,stats    ]   CWRF: Weak References              85 us, workers (us):  85, ---, ---, 
[34.594s][info][gc,stats    ] Concurrent Weak Roots              2727 us
[34.594s][info][gc,stats    ]   Roots                            2513 us, parallelism: 0.96x
[34.594s][info][gc,stats    ]     CWR: <total>                   2421 us
[34.594s][info][gc,stats    ]     CWR: Code Cache Roots          1787 us, workers (us): 1787, ---, ---, 
[34.594s][info][gc,stats    ]     CWR: VM Weak Roots              583 us, workers (us): 583, ---, ---, 
[34.594s][info][gc,stats    ]     CWR: CLDG Roots                  52 us, workers (us):  52, ---, ---, 
[34.594s][info][gc,stats    ]   Rendezvous                        148 us
[34.594s][info][gc,stats    ] Concurrent Cleanup                   52 us
[34.594s][info][gc,stats    ] Concurrent Class Unloading         8273 us
[34.594s][info][gc,stats    ]   Unlink Stale                     7342 us
[34.594s][info][gc,stats    ]     System Dictionary                43 us
[34.594s][info][gc,stats    ]     Weak Class Links                  0 us
[34.594s][info][gc,stats    ]     Code Roots                     7298 us
[34.594s][info][gc,stats    ]   Rendezvous                        206 us
[34.594s][info][gc,stats    ]   Purge Unlinked                    652 us
[34.594s][info][gc,stats    ]     Code Roots                      637 us
[34.594s][info][gc,stats    ]     CLDG                             14 us
[34.594s][info][gc,stats    ]     Exception Caches                  0 us
[34.594s][info][gc,stats    ] Pause Final Roots (G)               122 us
[34.594s][info][gc,stats    ] Pause Final Roots (N)                64 us
[34.594s][info][gc,stats    ] 
[34.594s][info][gc,stats    ] Allocation pacing accrued:
[34.594s][info][gc,stats    ]       0 of   158 ms (  0.0%): <total>
[34.594s][info][gc,stats    ]       0 of   158 ms (  0.0%): <average total>
[34.594s][info][gc,stats    ] 
[34.594s][info][gc,metaspace] Metaspace: 65279K(66048K)->65288K(66048K) NonClass: 56988K(57408K)->56997K(57408K) Class: 8291K(8640K)->8291K(8640K)
[34.594s][info][gc,ergo     ] Pacer for Idle. Initial: 41943K, Alloc Tax Rate: 1.0x
[34.599s][info][gc          ] Trigger: Explicit GC request (System.gc())
[34.599s][info][gc,ergo     ] Free: 1734M, Max: 1024K regular, 923M humongous, Frag: 47% external, 0% internal; Reserve: 103M, Max: 1024K
[34.599s][info][gc,start    ] GC(71) Concurrent reset
[34.599s][info][gc,task     ] GC(71) Using 1 of 3 workers for concurrent reset
[34.599s][info][gc,ergo     ] GC(71) Pacer for Reset. Non-Taxable: 2048M
[34.600s][info][gc          ] GC(71) Concurrent reset 1.109ms
[34.600s][info][gc,start    ] GC(71) Pause Init Mark (unload classes)
[34.600s][info][gc,task     ] GC(71) Using 3 of 3 workers for init marking
[34.601s][info][gc,ref      ] GC(71) Clearing All SoftReferences
[34.601s][info][gc,ergo     ] GC(71) Pacer for Mark. Expected Live: 170M, Free: 1734M, Non-Taxable: 173M, Alloc Tax Rate: 0.1x
[34.601s][info][gc          ] GC(71) Pause Init Mark (unload classes) 0.165ms
[34.601s][info][gc,start    ] GC(71) Concurrent marking roots
[34.601s][info][gc,task     ] GC(71) Using 1 of 3 workers for concurrent marking roots
[34.611s][info][gc          ] GC(71) Concurrent marking roots 10.853ms
[34.612s][info][gc,start    ] GC(71) Concurrent marking (unload classes)
[34.612s][info][gc,task     ] GC(71) Using 1 of 3 workers for concurrent marking
[34.739s][info][gc          ] GC(71) Concurrent marking (unload classes) 127.445ms
[34.739s][info][gc,start    ] GC(71) Pause Final Mark (unload classes)
[34.739s][info][gc,task     ] GC(71) Using 3 of 3 workers for final marking
[34.739s][info][gc,ergo     ] GC(71) Adaptive CSet Selection. Target Free: 290M, Actual Free: 1832M, Max CSet: 87381K, Min Garbage: 0B
[34.739s][info][gc,ergo     ] GC(71) Collectable Garbage: 35714K (90%), Immediate: 2048K (5%), CSet: 33666K (85%)
[34.739s][info][gc,ergo     ] GC(71) Pacer for Evacuation. Used CSet: 34531K, Free: 1735M, Non-Taxable: 173M, Alloc Tax Rate: 1.1x
[34.739s][info][gc          ] GC(71) Pause Final Mark (unload classes) 0.285ms
[34.739s][info][gc,start    ] GC(71) Concurrent thread roots
[34.739s][info][gc,task     ] GC(71) Using 1 of 3 workers for Concurrent thread roots
[34.751s][info][gc          ] GC(71) Concurrent thread roots 11.474ms
[34.751s][info][gc,start    ] GC(71) Concurrent weak references
[34.751s][info][gc,task     ] GC(71) Using 1 of 3 workers for concurrent weak references
[34.751s][info][gc,ref      ] GC(71) Encountered references: Soft: 2824, Weak: 5753, Final: 51, Phantom: 579
[34.751s][info][gc,ref      ] GC(71) Discovered  references: Soft: 658, Weak: 940, Final: 0, Phantom: 337
[34.751s][info][gc,ref      ] GC(71) Enqueued    references: Soft: 296, Weak: 150, Final: 0, Phantom: 0
[34.751s][info][gc          ] GC(71) Concurrent weak references 0.470ms
[34.751s][info][gc,start    ] GC(71) Concurrent weak roots
[34.751s][info][gc,task     ] GC(71) Using 1 of 3 workers for concurrent weak root
[34.754s][info][gc          ] GC(71) Concurrent weak roots 2.514ms
[34.754s][info][gc,start    ] GC(71) Concurrent cleanup
[34.754s][info][gc          ] GC(71) Concurrent cleanup 218M->216M(2048M) 0.035ms
[34.754s][info][gc,ergo     ] GC(71) Free: 1727M, Max: 1024K regular, 923M humongous, Frag: 47% external, 0% internal; Reserve: 102M, Max: 1024K
[34.754s][info][gc,start    ] GC(71) Concurrent class unloading
[34.754s][info][gc,task     ] GC(71) Using 1 of 3 workers for concurrent class unloading
[34.771s][info][gc          ] GC(71) Concurrent class unloading 16.402ms
[34.771s][info][gc,start    ] GC(71) Concurrent strong roots
[34.771s][info][gc,task     ] GC(71) Using 1 of 3 workers for concurrent strong root
[34.771s][info][gc          ] GC(71) Concurrent strong roots 0.283ms
[34.771s][info][gc,start    ] GC(71) Concurrent evacuation
[34.771s][info][gc,task     ] GC(71) Using 1 of 3 workers for concurrent evacuation
[34.771s][info][gc          ] GC(71) Concurrent evacuation 0.433ms
[34.771s][info][gc,start    ] GC(71) Pause Init Update Refs
[34.771s][info][gc,ergo     ] GC(71) Pacer for Update Refs. Used: 219M, Free: 1724M, Non-Taxable: 172M, Alloc Tax Rate: 1.1x
[34.771s][info][gc          ] GC(71) Pause Init Update Refs 0.057ms
[34.771s][info][gc,start    ] GC(71) Concurrent update references
[34.771s][info][gc,task     ] GC(71) Using 1 of 3 workers for concurrent reference update
[34.833s][info][gc          ] GC(71) Concurrent update references 61.766ms
[34.833s][info][gc,start    ] GC(71) Concurrent update thread roots
[34.844s][info][gc          ] GC(71) Concurrent update thread roots 10.573ms
[34.844s][info][gc,start    ] GC(71) Pause Final Update Refs
[34.844s][info][gc,task     ] GC(71) Using 3 of 3 workers for final reference update
[34.844s][info][gc          ] GC(71) Pause Final Update Refs 0.213ms
[34.844s][info][gc,start    ] GC(71) Concurrent cleanup
[34.844s][info][gc          ] GC(71) Concurrent cleanup 219M->185M(2048M) 0.081ms
[34.844s][info][gc,ergo     ] Free: 1757M, Max: 1024K regular, 1402M humongous, Frag: 20% external, 0% internal; Reserve: 103M, Max: 1024K
[34.844s][info][gc,stats    ] 
[34.844s][info][gc,stats    ] All times are wall-clock times, except per-root-class counters, that are sum over
[34.844s][info][gc,stats    ] all workers. Dividing the <total> over the root stage time estimates parallelism.
[34.844s][info][gc,stats    ] 
[34.844s][info][gc,stats    ] Concurrent Reset                   1152 us
[34.844s][info][gc,stats    ] Pause Init Mark (G)                 256 us
[34.844s][info][gc,stats    ] Pause Init Mark (N)                 180 us
[34.844s][info][gc,stats    ]   Update Region States               62 us
[34.844s][info][gc,stats    ] Concurrent Mark Roots             10901 us, parallelism: 0.98x
[34.845s][info][gc,stats    ]   CMR: <total>                    10684 us
[34.845s][info][gc,stats    ]   CMR: Thread Roots               10555 us, workers (us): 10555, ---, ---, 
[34.845s][info][gc,stats    ]   CMR: VM Strong Roots               17 us, workers (us):  17, ---, ---, 
[34.845s][info][gc,stats    ]   CMR: CLDG Roots                   112 us, workers (us): 112, ---, ---, 
[34.845s][info][gc,stats    ] Concurrent Marking               127524 us
[34.845s][info][gc,stats    ] Pause Final Mark (G)                383 us
[34.845s][info][gc,stats    ] Pause Final Mark (N)                293 us
[34.845s][info][gc,stats    ]   Finish Mark                        93 us
[34.845s][info][gc,stats    ]   Update Region States               46 us
[34.845s][info][gc,stats    ]   Choose Collection Set              53 us
[34.845s][info][gc,stats    ]   Rebuild Free Set                    8 us
[34.845s][info][gc,stats    ] Concurrent Thread Roots           11542 us, parallelism: 0.98x
[34.845s][info][gc,stats    ]   CTR: <total>                    11261 us
[34.845s][info][gc,stats    ]   CTR: Thread Roots               11261 us, workers (us): 11261, ---, ---, 
[34.845s][info][gc,stats    ] Concurrent Weak References          487 us, parallelism: 0.58x
[34.845s][info][gc,stats    ]   CWRF: <total>                     284 us
[34.845s][info][gc,stats    ]   CWRF: Weak References             284 us, workers (us): 284, ---, ---, 
[34.845s][info][gc,stats    ] Concurrent Weak Roots              2572 us
[34.845s][info][gc,stats    ]   Roots                            2305 us, parallelism: 0.98x
[34.845s][info][gc,stats    ]     CWR: <total>                   2249 us
[34.845s][info][gc,stats    ]     CWR: Code Cache Roots          1766 us, workers (us): 1766, ---, ---, 
[34.845s][info][gc,stats    ]     CWR: VM Weak Roots              423 us, workers (us): 423, ---, ---, 
[34.845s][info][gc,stats    ]     CWR: CLDG Roots                  60 us, workers (us):  60, ---, ---, 
[34.845s][info][gc,stats    ]   Rendezvous                        175 us
[34.845s][info][gc,stats    ] Concurrent Cleanup                   44 us
[34.845s][info][gc,stats    ] Concurrent Class Unloading        16452 us
[34.845s][info][gc,stats    ]   Unlink Stale                    15066 us
[34.845s][info][gc,stats    ]     System Dictionary               686 us
[34.845s][info][gc,stats    ]     Weak Class Links               5691 us
[34.845s][info][gc,stats    ]     Code Roots                     8686 us
[34.845s][info][gc,stats    ]   Rendezvous                        285 us
[34.845s][info][gc,stats    ]   Purge Unlinked                   1021 us
[34.845s][info][gc,stats    ]     Code Roots                      694 us
[34.845s][info][gc,stats    ]     CLDG                            326 us
[34.845s][info][gc,stats    ]     Exception Caches                  0 us
[34.845s][info][gc,stats    ] Concurrent Strong Roots             304 us, parallelism: 0.64x
[34.845s][info][gc,stats    ]   CSR: <total>                      195 us
[34.845s][info][gc,stats    ]   CSR: VM Strong Roots               14 us, workers (us):  14, ---, ---, 
[34.845s][info][gc,stats    ]   CSR: CLDG Roots                   181 us, workers (us): 181, ---, ---, 
[34.845s][info][gc,stats    ] Concurrent Evacuation               454 us
[34.845s][info][gc,stats    ] Pause Init Update Refs (G)          142 us
[34.845s][info][gc,stats    ] Pause Init Update Refs (N)           65 us
[34.845s][info][gc,stats    ]   Manage GCLABs                      13 us
[34.845s][info][gc,stats    ] Concurrent Update Refs            61830 us
[34.845s][info][gc,stats    ] Concurrent Update Thread Roots    10656 us
[34.845s][info][gc,stats    ] Pause Final Update Refs (G)         345 us
[34.845s][info][gc,stats    ] Pause Final Update Refs (N)         234 us
[34.845s][info][gc,stats    ]   Update Region States               90 us
[34.845s][info][gc,stats    ]   Trash Collection Set                6 us
[34.845s][info][gc,stats    ]   Rebuild Free Set                   29 us
[34.845s][info][gc,stats    ] Concurrent Cleanup                   99 us
[34.845s][info][gc,stats    ] 
[34.845s][info][gc,stats    ] Allocation pacing accrued:
[34.845s][info][gc,stats    ]       0 of   251 ms (  0.0%): <total>
[34.845s][info][gc,stats    ]       0 of   251 ms (  0.0%): <average total>
[34.845s][info][gc,stats    ] 
[34.845s][info][gc,metaspace] Metaspace: 65288K(66048K)->64968K(65984K) NonClass: 56997K(57408K)->56732K(57408K) Class: 8291K(8640K)->8236K(8576K)
[34.845s][info][gc,ergo     ] Pacer for Idle. Initial: 41943K, Alloc Tax Rate: 1.0x
[35.011s][info][gc          ] Trigger: Learning 2 of 5. Free (1430M) is below initial threshold (1433M)
[35.011s][info][gc,ergo     ] Free: 1430M, Max: 1024K regular, 1402M humongous, Frag: 2% external, 0% internal; Reserve: 103M, Max: 1024K
[35.011s][info][gc,start    ] GC(72) Concurrent reset
[35.011s][info][gc,task     ] GC(72) Using 1 of 3 workers for concurrent reset
[35.011s][info][gc,ergo     ] GC(72) Pacer for Reset. Non-Taxable: 2048M
[35.012s][info][gc          ] GC(72) Concurrent reset 0.919ms
[35.012s][info][gc,start    ] GC(72) Pause Init Mark (unload classes)
[35.013s][info][gc,task     ] GC(72) Using 3 of 3 workers for init marking
[35.013s][info][gc,ergo     ] GC(72) Pacer for Mark. Expected Live: 170M, Free: 1430M, Non-Taxable: 143M, Alloc Tax Rate: 0.1x
[35.013s][info][gc          ] GC(72) Pause Init Mark (unload classes) 0.208ms
[35.013s][info][gc,start    ] GC(72) Concurrent marking roots
[35.013s][info][gc,task     ] GC(72) Using 1 of 3 workers for concurrent marking roots
[35.025s][info][gc          ] GC(72) Concurrent marking roots 11.773ms
[35.025s][info][gc,start    ] GC(72) Concurrent marking (unload classes)
[35.025s][info][gc,task     ] GC(72) Using 1 of 3 workers for concurrent marking
[35.153s][info][gc          ] GC(72) Concurrent marking (unload classes) 128.840ms
[35.153s][info][gc,start    ] GC(72) Pause Final Mark (unload classes)
[35.154s][info][gc,task     ] GC(72) Using 3 of 3 workers for final marking
[35.154s][info][gc,ergo     ] GC(72) Adaptive CSet Selection. Target Free: 290M, Actual Free: 1406M, Max CSet: 87381K, Min Garbage: 0B
[35.154s][info][gc,ergo     ] GC(72) Collectable Garbage: 334M (98%), Immediate: 297M (87%), CSet: 38427K (11%)
[35.154s][info][gc,ergo     ] GC(72) Pacer for Evacuation. Used CSet: 40518K, Free: 1313M, Non-Taxable: 131M, Alloc Tax Rate: 1.1x
[35.154s][info][gc          ] GC(72) Pause Final Mark (unload classes) 0.273ms
[35.154s][info][gc,start    ] GC(72) Concurrent thread roots
[35.154s][info][gc,task     ] GC(72) Using 1 of 3 workers for Concurrent thread roots
[35.165s][info][gc          ] GC(72) Concurrent thread roots 11.092ms
[35.165s][info][gc,start    ] GC(72) Concurrent weak references
[35.165s][info][gc,task     ] GC(72) Using 1 of 3 workers for concurrent weak references
[35.165s][info][gc,ref      ] GC(72) Encountered references: Soft: 2909, Weak: 5888, Final: 51, Phantom: 579
[35.165s][info][gc,ref      ] GC(72) Discovered  references: Soft: 0, Weak: 870, Final: 0, Phantom: 337
[35.165s][info][gc,ref      ] GC(72) Enqueued    references: Soft: 0, Weak: 94, Final: 0, Phantom: 0
[35.165s][info][gc          ] GC(72) Concurrent weak references 0.328ms
[35.165s][info][gc,start    ] GC(72) Concurrent weak roots
[35.165s][info][gc,task     ] GC(72) Using 1 of 3 workers for concurrent weak root
[35.169s][info][gc          ] GC(72) Concurrent weak roots 3.808ms
[35.169s][info][gc,start    ] GC(72) Concurrent cleanup
[35.169s][info][gc          ] GC(72) Concurrent cleanup 975M->678M(2048M) 0.047ms
[35.169s][info][gc,ergo     ] GC(72) Free: 1265M, Max: 1024K regular, 958M humongous, Frag: 24% external, 0% internal; Reserve: 102M, Max: 1024K
[35.169s][info][gc,start    ] GC(72) Concurrent class unloading
[35.169s][info][gc,task     ] GC(72) Using 1 of 3 workers for concurrent class unloading
[35.187s][info][gc          ] GC(72) Concurrent class unloading 17.375ms
[35.187s][info][gc,start    ] GC(72) Concurrent strong roots
[35.187s][info][gc,task     ] GC(72) Using 1 of 3 workers for concurrent strong root
[35.187s][info][gc          ] GC(72) Concurrent strong roots 0.394ms
[35.187s][info][gc,start    ] GC(72) Concurrent evacuation
[35.187s][info][gc,task     ] GC(72) Using 1 of 3 workers for concurrent evacuation
[35.188s][info][gc          ] GC(72) Concurrent evacuation 1.212ms
[35.188s][info][gc,start    ] GC(72) Pause Init Update Refs
[35.189s][info][gc,ergo     ] GC(72) Pacer for Update Refs. Used: 733M, Free: 1211M, Non-Taxable: 121M, Alloc Tax Rate: 1.1x
[35.189s][info][gc          ] GC(72) Pause Init Update Refs 0.068ms
[35.189s][info][gc,start    ] GC(72) Concurrent update references
[35.189s][info][gc,task     ] GC(72) Using 1 of 3 workers for concurrent reference update
[35.361s][info][gc          ] GC(72) Concurrent update references 172.002ms
[35.361s][info][gc,start    ] GC(72) Concurrent update thread roots
[35.371s][info][gc          ] GC(72) Concurrent update thread roots 10.040ms
[35.371s][info][gc,start    ] GC(72) Pause Final Update Refs
[35.371s][info][gc,task     ] GC(72) Using 3 of 3 workers for final reference update
[35.371s][info][gc          ] GC(72) Pause Final Update Refs 0.125ms
[35.371s][info][gc,start    ] GC(72) Concurrent cleanup
[35.371s][info][gc          ] GC(72) Concurrent cleanup 1234M->1196M(2048M) 0.063ms
[35.371s][info][gc,ergo     ] Free: 746M, Max: 1024K regular, 701M humongous, Frag: 6% external, 0% internal; Reserve: 103M, Max: 1024K
[35.371s][info][gc,stats    ] 
[35.371s][info][gc,stats    ] All times are wall-clock times, except per-root-class counters, that are sum over
[35.371s][info][gc,stats    ] all workers. Dividing the <total> over the root stage time estimates parallelism.
[35.371s][info][gc,stats    ] 
[35.371s][info][gc,stats    ] Concurrent Reset                    953 us
[35.371s][info][gc,stats    ] Pause Init Mark (G)                 424 us
[35.371s][info][gc,stats    ] Pause Init Mark (N)                 229 us
[35.371s][info][gc,stats    ]   Update Region States               67 us
[35.371s][info][gc,stats    ] Concurrent Mark Roots             11819 us, parallelism: 0.96x
[35.371s][info][gc,stats    ]   CMR: <total>                    11393 us
[35.371s][info][gc,stats    ]   CMR: Thread Roots               11250 us, workers (us): 11250, ---, ---, 
[35.371s][info][gc,stats    ]   CMR: VM Strong Roots               22 us, workers (us):  22, ---, ---, 
[35.371s][info][gc,stats    ]   CMR: CLDG Roots                   121 us, workers (us): 121, ---, ---, 
[35.371s][info][gc,stats    ] Concurrent Marking               128890 us
[35.371s][info][gc,stats    ] Pause Final Mark (G)                370 us
[35.371s][info][gc,stats    ] Pause Final Mark (N)                281 us
[35.371s][info][gc,stats    ]   Finish Mark                        65 us
[35.372s][info][gc,stats    ]   Update Region States               38 us
[35.372s][info][gc,stats    ]   Choose Collection Set              90 us
[35.372s][info][gc,stats    ]   Rebuild Free Set                    7 us
[35.372s][info][gc,stats    ] Concurrent Thread Roots           11154 us, parallelism: 0.99x
[35.372s][info][gc,stats    ]   CTR: <total>                    10998 us
[35.372s][info][gc,stats    ]   CTR: Thread Roots               10998 us, workers (us): 10998, ---, ---, 
[35.372s][info][gc,stats    ] Concurrent Weak References          345 us, parallelism: 0.42x
[35.372s][info][gc,stats    ]   CWRF: <total>                     144 us
[35.372s][info][gc,stats    ]   CWRF: Weak References             144 us, workers (us): 144, ---, ---, 
[35.372s][info][gc,stats    ] Concurrent Weak Roots              3855 us
[35.372s][info][gc,stats    ]   Roots                            3551 us, parallelism: 0.97x
[35.372s][info][gc,stats    ]     CWR: <total>                   3455 us
[35.372s][info][gc,stats    ]     CWR: Code Cache Roots          2319 us, workers (us): 2319, ---, ---, 
[35.372s][info][gc,stats    ]     CWR: VM Weak Roots             1069 us, workers (us): 1069, ---, ---, 
[35.372s][info][gc,stats    ]     CWR: CLDG Roots                  68 us, workers (us):  68, ---, ---, 
[35.372s][info][gc,stats    ]   Rendezvous                        223 us
[35.372s][info][gc,stats    ] Concurrent Cleanup                   55 us
[35.372s][info][gc,stats    ] Concurrent Class Unloading        17434 us
[35.372s][info][gc,stats    ]   Unlink Stale                    16597 us
[35.372s][info][gc,stats    ]     System Dictionary               198 us
[35.372s][info][gc,stats    ]     Weak Class Links               7196 us
[35.372s][info][gc,stats    ]     Code Roots                     9200 us
[35.372s][info][gc,stats    ]   Rendezvous                        203 us
[35.372s][info][gc,stats    ]   Purge Unlinked                    557 us
[35.372s][info][gc,stats    ]     Code Roots                      535 us
[35.372s][info][gc,stats    ]     CLDG                             22 us
[35.372s][info][gc,stats    ]     Exception Caches                  0 us
[35.372s][info][gc,stats    ] Concurrent Strong Roots             433 us, parallelism: 0.58x
[35.372s][info][gc,stats    ]   CSR: <total>                      250 us
[35.372s][info][gc,stats    ]   CSR: VM Strong Roots               13 us, workers (us):  13, ---, ---, 
[35.372s][info][gc,stats    ]   CSR: CLDG Roots                   237 us, workers (us): 237, ---, ---, 
[35.372s][info][gc,stats    ] Concurrent Evacuation              1249 us
[35.372s][info][gc,stats    ] Pause Init Update Refs (G)          246 us
[35.372s][info][gc,stats    ] Pause Init Update Refs (N)           76 us
[35.372s][info][gc,stats    ]   Manage GCLABs                      14 us
[35.372s][info][gc,stats    ] Concurrent Update Refs           172089 us
[35.372s][info][gc,stats    ] Concurrent Update Thread Roots    10086 us
[35.372s][info][gc,stats    ] Pause Final Update Refs (G)         269 us
[35.372s][info][gc,stats    ] Pause Final Update Refs (N)         135 us
[35.372s][info][gc,stats    ]   Update Region States               55 us
[35.372s][info][gc,stats    ]   Trash Collection Set                3 us
[35.372s][info][gc,stats    ]   Rebuild Free Set                   13 us
[35.372s][info][gc,stats    ] Concurrent Cleanup                   83 us
[35.372s][info][gc,stats    ] Pacing                            55652 us
[35.372s][info][gc,stats    ] 
[35.372s][info][gc,stats    ] Allocation pacing accrued:
[35.372s][info][gc,stats    ]      20 of   527 ms (  3.7%): Executor task launch worker for task 0.0 in stage 43.0 (TID 71)
[35.372s][info][gc,stats    ]      36 of   527 ms (  6.8%): Executor task launch worker for task 1.0 in stage 43.0 (TID 72)
[35.372s][info][gc,stats    ]      56 of   527 ms ( 10.6%): <total>
[35.372s][info][gc,stats    ]       0 of   527 ms (  0.0%): <average total>
[35.372s][info][gc,stats    ]      28 of   527 ms (  5.3%): <average non-zero>
[35.372s][info][gc,stats    ] 
[35.372s][info][gc,metaspace] Metaspace: 65296K(65984K)->65299K(65984K) NonClass: 57008K(57408K)->57011K(57408K) Class: 8288K(8576K)->8288K(8576K)
[35.372s][info][gc,ergo     ] Pacer for Idle. Initial: 41943K, Alloc Tax Rate: 1.0x
[35.387s][info][gc          ] Trigger: Learning 3 of 5. Free (704M) is below initial threshold (1433M)
[35.388s][info][gc,ergo     ] Free: 704M, Max: 1024K regular, 697M humongous, Frag: 0% external, 0% internal; Reserve: 103M, Max: 1024K
[35.388s][info][gc,start    ] GC(73) Concurrent reset
[35.388s][info][gc,task     ] GC(73) Using 1 of 3 workers for concurrent reset
[35.388s][info][gc,ergo     ] GC(73) Pacer for Reset. Non-Taxable: 2048M
[35.389s][info][gc          ] GC(73) Concurrent reset 1.145ms
[35.389s][info][gc,start    ] GC(73) Pause Init Mark (unload classes)
[35.389s][info][gc,task     ] GC(73) Using 3 of 3 workers for init marking
[35.389s][info][gc,ergo     ] GC(73) Pacer for Mark. Expected Live: 170M, Free: 704M, Non-Taxable: 72133K, Alloc Tax Rate: 0.3x
[35.389s][info][gc          ] GC(73) Pause Init Mark (unload classes) 0.141ms
[35.389s][info][gc,start    ] GC(73) Concurrent marking roots
[35.389s][info][gc,task     ] GC(73) Using 1 of 3 workers for concurrent marking roots
[35.400s][info][gc          ] GC(73) Concurrent marking roots 11.083ms
[35.400s][info][gc,start    ] GC(73) Concurrent marking (unload classes)
[35.400s][info][gc,task     ] GC(73) Using 1 of 3 workers for concurrent marking
[35.529s][info][gc          ] GC(73) Concurrent marking (unload classes) 128.352ms
[35.529s][info][gc,start    ] GC(73) Pause Final Mark (unload classes)
[35.529s][info][gc,task     ] GC(73) Using 3 of 3 workers for final marking
[35.529s][info][gc,ergo     ] GC(73) Collectable Garbage: 1048M (98%), Immediate: 1048M (98%), CSet: 0B (0%)
[35.529s][info][gc          ] GC(73) Pause Final Mark (unload classes) 0.299ms
[35.529s][info][gc,start    ] GC(73) Concurrent weak references
[35.529s][info][gc,task     ] GC(73) Using 1 of 3 workers for concurrent weak references
[35.529s][info][gc,ref      ] GC(73) Encountered references: Soft: 2909, Weak: 5795, Final: 51, Phantom: 579
[35.529s][info][gc,ref      ] GC(73) Discovered  references: Soft: 0, Weak: 801, Final: 0, Phantom: 260
[35.529s][info][gc,ref      ] GC(73) Enqueued    references: Soft: 0, Weak: 21, Final: 0, Phantom: 0
[35.529s][info][gc          ] GC(73) Concurrent weak references 0.244ms
[35.529s][info][gc,start    ] GC(73) Concurrent weak roots
[35.529s][info][gc,task     ] GC(73) Using 1 of 3 workers for concurrent weak root
[35.532s][info][gc          ] GC(73) Concurrent weak roots 3.222ms
[35.532s][info][gc,start    ] GC(73) Concurrent cleanup
[35.533s][info][gc          ] GC(73) Concurrent cleanup 1632M->584M(2048M) 0.130ms
[35.533s][info][gc,ergo     ] GC(73) Free: 1358M, Max: 1024K regular, 427M humongous, Frag: 69% external, 0% internal; Reserve: 103M, Max: 1024K
[35.533s][info][gc,start    ] GC(73) Concurrent class unloading
[35.533s][info][gc,task     ] GC(73) Using 1 of 3 workers for concurrent class unloading
[35.542s][info][gc          ] GC(73) Concurrent class unloading 9.607ms
[35.542s][info][gc,start    ] GC(73) Pause Final Roots
[35.542s][info][gc          ] GC(73) Pause Final Roots 0.069ms
[35.543s][info][gc,ergo     ] Free: 1322M, Max: 1024K regular, 427M humongous, Frag: 68% external, 0% internal; Reserve: 103M, Max: 1024K
[35.543s][info][gc,stats    ] 
[35.543s][info][gc,stats    ] All times are wall-clock times, except per-root-class counters, that are sum over
[35.543s][info][gc,stats    ] all workers. Dividing the <total> over the root stage time estimates parallelism.
[35.543s][info][gc,stats    ] 
[35.543s][info][gc,stats    ] Concurrent Reset                   1190 us
[35.543s][info][gc,stats    ] Pause Init Mark (G)                 255 us
[35.543s][info][gc,stats    ] Pause Init Mark (N)                 162 us
[35.543s][info][gc,stats    ]   Update Region States               46 us
[35.543s][info][gc,stats    ] Concurrent Mark Roots             11132 us, parallelism: 0.98x
[35.543s][info][gc,stats    ]   CMR: <total>                    10903 us
[35.543s][info][gc,stats    ]   CMR: Thread Roots               10785 us, workers (us): 10785, ---, ---, 
[35.543s][info][gc,stats    ]   CMR: VM Strong Roots               20 us, workers (us):  20, ---, ---, 
[35.543s][info][gc,stats    ]   CMR: CLDG Roots                    98 us, workers (us):  98, ---, ---, 
[35.543s][info][gc,stats    ] Concurrent Marking               128408 us
[35.543s][info][gc,stats    ] Pause Final Mark (G)                410 us
[35.543s][info][gc,stats    ] Pause Final Mark (N)                319 us
[35.543s][info][gc,stats    ]   Finish Mark                        90 us
[35.543s][info][gc,stats    ]   Update Region States               62 us
[35.543s][info][gc,stats    ]   Choose Collection Set              69 us
[35.543s][info][gc,stats    ]   Rebuild Free Set                   16 us
[35.543s][info][gc,stats    ] Concurrent Weak References          251 us, parallelism: 0.33x
[35.543s][info][gc,stats    ]   CWRF: <total>                      83 us
[35.543s][info][gc,stats    ]   CWRF: Weak References              83 us, workers (us):  83, ---, ---, 
[35.543s][info][gc,stats    ] Concurrent Weak Roots              3260 us
[35.543s][info][gc,stats    ]   Roots                            2978 us, parallelism: 0.97x
[35.543s][info][gc,stats    ]     CWR: <total>                   2882 us
[35.543s][info][gc,stats    ]     CWR: Code Cache Roots          2252 us, workers (us): 2252, ---, ---, 
[35.543s][info][gc,stats    ]     CWR: VM Weak Roots              572 us, workers (us): 572, ---, ---, 
[35.543s][info][gc,stats    ]     CWR: CLDG Roots                  58 us, workers (us):  58, ---, ---, 
[35.543s][info][gc,stats    ]   Rendezvous                        227 us
[35.543s][info][gc,stats    ] Concurrent Cleanup                  148 us
[35.543s][info][gc,stats    ] Concurrent Class Unloading         9681 us
[35.543s][info][gc,stats    ]   Unlink Stale                     8883 us
[35.543s][info][gc,stats    ]     System Dictionary                62 us
[35.543s][info][gc,stats    ]     Weak Class Links                  0 us
[35.543s][info][gc,stats    ]     Code Roots                     8819 us
[35.543s][info][gc,stats    ]   Rendezvous                        187 us
[35.543s][info][gc,stats    ]   Purge Unlinked                    502 us
[35.543s][info][gc,stats    ]     Code Roots                      491 us
[35.543s][info][gc,stats    ]     CLDG                              9 us
[35.543s][info][gc,stats    ]     Exception Caches                  0 us
[35.543s][info][gc,stats    ] Pause Final Roots (G)               209 us
[35.543s][info][gc,stats    ] Pause Final Roots (N)                88 us
[35.543s][info][gc,stats    ] Pacing                            62121 us
[35.543s][info][gc,stats    ] 
[35.543s][info][gc,stats    ] Allocation pacing accrued:
[35.543s][info][gc,stats    ]      31 of   171 ms ( 18.2%): Executor task launch worker for task 0.0 in stage 43.0 (TID 71)
[35.543s][info][gc,stats    ]      31 of   171 ms ( 18.1%): Executor task launch worker for task 1.0 in stage 43.0 (TID 72)
[35.543s][info][gc,stats    ]      62 of   171 ms ( 36.4%): <total>
[35.543s][info][gc,stats    ]       0 of   171 ms (  0.1%): <average total>
[35.543s][info][gc,stats    ]      31 of   171 ms ( 18.2%): <average non-zero>
[35.543s][info][gc,stats    ] 
[35.543s][info][gc,metaspace] Metaspace: 65299K(65984K)->65299K(65984K) NonClass: 57011K(57408K)->57011K(57408K) Class: 8288K(8576K)->8288K(8576K)
[35.543s][info][gc,ergo     ] Pacer for Idle. Initial: 41943K, Alloc Tax Rate: 1.0x
[35.544s][info][gc          ] Trigger: Learning 4 of 5. Free (1316M) is below initial threshold (1433M)
[35.544s][info][gc,ergo     ] Free: 1316M, Max: 1024K regular, 427M humongous, Frag: 68% external, 0% internal; Reserve: 103M, Max: 1024K
[35.544s][info][gc,start    ] GC(74) Concurrent reset
[35.544s][info][gc,task     ] GC(74) Using 1 of 3 workers for concurrent reset
[35.544s][info][gc,ergo     ] GC(74) Pacer for Reset. Non-Taxable: 2048M
[35.545s][info][gc          ] GC(74) Concurrent reset 0.843ms
[35.545s][info][gc,start    ] GC(74) Pause Init Mark (unload classes)
[35.545s][info][gc,task     ] GC(74) Using 3 of 3 workers for init marking
[35.545s][info][gc,ergo     ] GC(74) Pacer for Mark. Expected Live: 170M, Free: 1313M, Non-Taxable: 131M, Alloc Tax Rate: 0.2x
[35.545s][info][gc          ] GC(74) Pause Init Mark (unload classes) 0.196ms
[35.545s][info][gc,start    ] GC(74) Concurrent marking roots
[35.545s][info][gc,task     ] GC(74) Using 1 of 3 workers for concurrent marking roots
[35.557s][info][gc          ] GC(74) Concurrent marking roots 11.608ms
[35.557s][info][gc,start    ] GC(74) Concurrent marking (unload classes)
[35.557s][info][gc,task     ] GC(74) Using 1 of 3 workers for concurrent marking
[35.686s][info][gc          ] GC(74) Concurrent marking (unload classes) 128.831ms
[35.686s][info][gc,start    ] GC(74) Pause Final Mark (unload classes)
[35.686s][info][gc,task     ] GC(74) Using 3 of 3 workers for final marking
[35.686s][info][gc,ergo     ] GC(74) Collectable Garbage: 438M (95%), Immediate: 438M (95%), CSet: 0B (0%)
[35.686s][info][gc          ] GC(74) Pause Final Mark (unload classes) 0.284ms
[35.686s][info][gc,start    ] GC(74) Concurrent weak references
[35.687s][info][gc,task     ] GC(74) Using 1 of 3 workers for concurrent weak references
[35.687s][info][gc,ref      ] GC(74) Encountered references: Soft: 2909, Weak: 5772, Final: 51, Phantom: 579
[35.687s][info][gc,ref      ] GC(74) Discovered  references: Soft: 0, Weak: 714, Final: 0, Phantom: 260
[35.687s][info][gc,ref      ] GC(74) Enqueued    references: Soft: 0, Weak: 0, Final: 0, Phantom: 0
[35.687s][info][gc          ] GC(74) Concurrent weak references 0.288ms
[35.687s][info][gc,start    ] GC(74) Concurrent weak roots
[35.687s][info][gc,task     ] GC(74) Using 1 of 3 workers for concurrent weak root
[35.689s][info][gc          ] GC(74) Concurrent weak roots 2.421ms
[35.689s][info][gc,start    ] GC(74) Concurrent cleanup
[35.689s][info][gc          ] GC(74) Concurrent cleanup 1087M->648M(2048M) 0.074ms
[35.689s][info][gc,ergo     ] GC(74) Free: 1293M, Max: 1024K regular, 466M humongous, Frag: 64% external, 0% internal; Reserve: 103M, Max: 1024K
[35.689s][info][gc,start    ] GC(74) Concurrent class unloading
[35.689s][info][gc,task     ] GC(74) Using 1 of 3 workers for concurrent class unloading
[35.698s][info][gc          ] GC(74) Concurrent class unloading 9.114ms
[35.699s][info][gc,start    ] GC(74) Pause Final Roots
[35.699s][info][gc          ] GC(74) Pause Final Roots 0.038ms
[35.699s][info][gc,ergo     ] Free: 1279M, Max: 1024K regular, 466M humongous, Frag: 64% external, 0% internal; Reserve: 103M, Max: 1024K
[35.699s][info][gc,stats    ] 
[35.699s][info][gc,stats    ] All times are wall-clock times, except per-root-class counters, that are sum over
[35.699s][info][gc,stats    ] all workers. Dividing the <total> over the root stage time estimates parallelism.
[35.699s][info][gc,stats    ] 
[35.699s][info][gc,stats    ] Concurrent Reset                    866 us
[35.699s][info][gc,stats    ] Pause Init Mark (G)                 362 us
[35.699s][info][gc,stats    ] Pause Init Mark (N)                 216 us
[35.699s][info][gc,stats    ]   Update Region States               53 us
[35.699s][info][gc,stats    ] Concurrent Mark Roots             11671 us, parallelism: 0.98x
[35.699s][info][gc,stats    ]   CMR: <total>                    11418 us
[35.699s][info][gc,stats    ]   CMR: Thread Roots               11258 us, workers (us): 11258, ---, ---, 
[35.699s][info][gc,stats    ]   CMR: VM Strong Roots               18 us, workers (us):  18, ---, ---, 
[35.699s][info][gc,stats    ]   CMR: CLDG Roots                   143 us, workers (us): 143, ---, ---, 
[35.699s][info][gc,stats    ] Concurrent Marking               128908 us
[35.699s][info][gc,stats    ] Pause Final Mark (G)                449 us
[35.699s][info][gc,stats    ] Pause Final Mark (N)                293 us
[35.699s][info][gc,stats    ]   Finish Mark                       103 us
[35.699s][info][gc,stats    ]   Update Region States               66 us
[35.699s][info][gc,stats    ]   Choose Collection Set              38 us
[35.699s][info][gc,stats    ]   Rebuild Free Set                    7 us
[35.699s][info][gc,stats    ] Concurrent Weak References          295 us, parallelism: 0.31x
[35.699s][info][gc,stats    ]   CWRF: <total>                      92 us
[35.699s][info][gc,stats    ]   CWRF: Weak References              92 us, workers (us):  92, ---, ---, 
[35.699s][info][gc,stats    ] Concurrent Weak Roots              2457 us
[35.699s][info][gc,stats    ]   Roots                            2196 us, parallelism: 0.96x
[35.699s][info][gc,stats    ]     CWR: <total>                   2119 us
[35.699s][info][gc,stats    ]     CWR: Code Cache Roots          1777 us, workers (us): 1777, ---, ---, 
[35.699s][info][gc,stats    ]     CWR: VM Weak Roots              300 us, workers (us): 300, ---, ---, 
[35.699s][info][gc,stats    ]     CWR: CLDG Roots                  42 us, workers (us):  42, ---, ---, 
[35.699s][info][gc,stats    ]   Rendezvous                        208 us
[35.699s][info][gc,stats    ] Concurrent Cleanup                   92 us
[35.699s][info][gc,stats    ] Concurrent Class Unloading         9189 us
[35.699s][info][gc,stats    ]   Unlink Stale                     8425 us
[35.699s][info][gc,stats    ]     System Dictionary                54 us
[35.699s][info][gc,stats    ]     Weak Class Links                  0 us
[35.699s][info][gc,stats    ]     Code Roots                     8369 us
[35.699s][info][gc,stats    ]   Rendezvous                        163 us
[35.699s][info][gc,stats    ]   Purge Unlinked                    493 us
[35.699s][info][gc,stats    ]     Code Roots                      484 us
[35.699s][info][gc,stats    ]     CLDG                              9 us
[35.699s][info][gc,stats    ]     Exception Caches                  0 us
[35.699s][info][gc,stats    ] Pause Final Roots (G)               165 us
[35.699s][info][gc,stats    ] Pause Final Roots (N)                47 us
[35.699s][info][gc,stats    ] 
[35.699s][info][gc,stats    ] Allocation pacing accrued:
[35.699s][info][gc,stats    ]       0 of   156 ms (  0.0%): <total>
[35.699s][info][gc,stats    ]       0 of   156 ms (  0.0%): <average total>
[35.699s][info][gc,stats    ] 
[35.699s][info][gc,metaspace] Metaspace: 65299K(65984K)->65309K(65984K) NonClass: 57011K(57408K)->57021K(57408K) Class: 8288K(8576K)->8288K(8576K)
[35.699s][info][gc,ergo     ] Pacer for Idle. Initial: 41943K, Alloc Tax Rate: 1.0x
[35.701s][info][gc          ] Trigger: Learning 5 of 5. Free (1272M) is below initial threshold (1433M)
[35.701s][info][gc,ergo     ] Free: 1272M, Max: 1024K regular, 466M humongous, Frag: 64% external, 0% internal; Reserve: 103M, Max: 1024K
[35.701s][info][gc,start    ] GC(75) Concurrent reset
[35.701s][info][gc,task     ] GC(75) Using 1 of 3 workers for concurrent reset
[35.701s][info][gc,ergo     ] GC(75) Pacer for Reset. Non-Taxable: 2048M
[35.702s][info][gc          ] GC(75) Concurrent reset 0.875ms
[35.702s][info][gc,start    ] GC(75) Pause Init Mark (unload classes)
[35.702s][info][gc,task     ] GC(75) Using 3 of 3 workers for init marking
[35.702s][info][gc,ergo     ] GC(75) Pacer for Mark. Expected Live: 170M, Free: 1272M, Non-Taxable: 127M, Alloc Tax Rate: 0.2x
[35.702s][info][gc          ] GC(75) Pause Init Mark (unload classes) 0.156ms
[35.703s][info][gc,start    ] GC(75) Concurrent marking roots
[35.703s][info][gc,task     ] GC(75) Using 1 of 3 workers for concurrent marking roots
[35.713s][info][gc          ] GC(75) Concurrent marking roots 10.669ms
[35.713s][info][gc,start    ] GC(75) Concurrent marking (unload classes)
[35.713s][info][gc,task     ] GC(75) Using 1 of 3 workers for concurrent marking
[35.843s][info][gc          ] GC(75) Concurrent marking (unload classes) 129.334ms
[35.843s][info][gc,start    ] GC(75) Pause Final Mark (unload classes)
[35.843s][info][gc,task     ] GC(75) Using 3 of 3 workers for final marking
[35.843s][info][gc,ergo     ] GC(75) Collectable Garbage: 472M (95%), Immediate: 472M (95%), CSet: 0B (0%)
[35.843s][info][gc          ] GC(75) Pause Final Mark (unload classes) 0.307ms
[35.843s][info][gc,start    ] GC(75) Concurrent weak references
[35.843s][info][gc,task     ] GC(75) Using 1 of 3 workers for concurrent weak references
[35.843s][info][gc,ref      ] GC(75) Encountered references: Soft: 2914, Weak: 5862, Final: 51, Phantom: 579
[35.843s][info][gc,ref      ] GC(75) Discovered  references: Soft: 0, Weak: 565, Final: 0, Phantom: 260
[35.843s][info][gc,ref      ] GC(75) Enqueued    references: Soft: 0, Weak: 2, Final: 0, Phantom: 0
[35.843s][info][gc          ] GC(75) Concurrent weak references 0.178ms
[35.843s][info][gc,start    ] GC(75) Concurrent weak roots
[35.843s][info][gc,task     ] GC(75) Using 1 of 3 workers for concurrent weak root
[35.846s][info][gc          ] GC(75) Concurrent weak roots 2.665ms
[35.846s][info][gc,start    ] GC(75) Concurrent cleanup
[35.846s][info][gc          ] GC(75) Concurrent cleanup 678M->205M(2048M) 0.083ms
[35.846s][info][gc,ergo     ] GC(75) Free: 1735M, Max: 1024K regular, 961M humongous, Frag: 45% external, 0% internal; Reserve: 103M, Max: 1024K
[35.846s][info][gc,start    ] GC(75) Concurrent class unloading
[35.846s][info][gc,task     ] GC(75) Using 1 of 3 workers for concurrent class unloading
[35.855s][info][gc          ] GC(75) Concurrent class unloading 8.733ms
[35.855s][info][gc,start    ] GC(75) Pause Final Roots
[35.855s][info][gc          ] GC(75) Pause Final Roots 0.073ms
[35.855s][info][gc,ergo     ] Free: 1735M, Max: 1024K regular, 961M humongous, Frag: 45% external, 0% internal; Reserve: 103M, Max: 1024K
[35.855s][info][gc,stats    ] 
[35.855s][info][gc,stats    ] All times are wall-clock times, except per-root-class counters, that are sum over
[35.855s][info][gc,stats    ] all workers. Dividing the <total> over the root stage time estimates parallelism.
[35.855s][info][gc,stats    ] 
[35.855s][info][gc,stats    ] Concurrent Reset                    899 us
[35.855s][info][gc,stats    ] Pause Init Mark (G)                 303 us
[35.855s][info][gc,stats    ] Pause Init Mark (N)                 165 us
[35.855s][info][gc,stats    ]   Update Region States               55 us
[35.855s][info][gc,stats    ] Concurrent Mark Roots             10739 us, parallelism: 0.98x
[35.855s][info][gc,stats    ]   CMR: <total>                    10478 us
[35.855s][info][gc,stats    ]   CMR: Thread Roots               10374 us, workers (us): 10374, ---, ---, 
[35.855s][info][gc,stats    ]   CMR: VM Strong Roots               11 us, workers (us):  11, ---, ---, 
[35.855s][info][gc,stats    ]   CMR: CLDG Roots                    94 us, workers (us):  94, ---, ---, 
[35.855s][info][gc,stats    ] Concurrent Marking               129412 us
[35.855s][info][gc,stats    ] Pause Final Mark (G)                430 us
[35.855s][info][gc,stats    ] Pause Final Mark (N)                317 us
[35.855s][info][gc,stats    ]   Finish Mark                       118 us
[35.855s][info][gc,stats    ]   Update Region States               66 us
[35.855s][info][gc,stats    ]   Choose Collection Set              48 us
[35.855s][info][gc,stats    ]   Rebuild Free Set                    8 us
[35.855s][info][gc,stats    ] Concurrent Weak References          186 us, parallelism: 0.26x
[35.855s][info][gc,stats    ]   CWRF: <total>                      48 us
[35.855s][info][gc,stats    ]   CWRF: Weak References              48 us, workers (us):  48, ---, ---, 
[35.855s][info][gc,stats    ] Concurrent Weak Roots              2722 us
[35.855s][info][gc,stats    ]   Roots                            2533 us, parallelism: 0.89x
[35.855s][info][gc,stats    ]     CWR: <total>                   2254 us
[35.855s][info][gc,stats    ]     CWR: Code Cache Roots          1640 us, workers (us): 1640, ---, ---, 
[35.855s][info][gc,stats    ]     CWR: VM Weak Roots              567 us, workers (us): 567, ---, ---, 
[35.855s][info][gc,stats    ]     CWR: CLDG Roots                  47 us, workers (us):  47, ---, ---, 
[35.855s][info][gc,stats    ]   Rendezvous                        111 us
[35.855s][info][gc,stats    ] Concurrent Cleanup                  107 us
[35.855s][info][gc,stats    ] Concurrent Class Unloading         8797 us
[35.855s][info][gc,stats    ]   Unlink Stale                     7833 us
[35.855s][info][gc,stats    ]     System Dictionary                53 us
[35.856s][info][gc,stats    ]     Weak Class Links                  0 us
[35.856s][info][gc,stats    ]     Code Roots                     7778 us
[35.856s][info][gc,stats    ]   Rendezvous                        287 us
[35.856s][info][gc,stats    ]   Purge Unlinked                    575 us
[35.856s][info][gc,stats    ]     Code Roots                      564 us
[35.856s][info][gc,stats    ]     CLDG                             10 us
[35.856s][info][gc,stats    ]     Exception Caches                  0 us
[35.856s][info][gc,stats    ] Pause Final Roots (G)               229 us
[35.856s][info][gc,stats    ] Pause Final Roots (N)                96 us
[35.856s][info][gc,stats    ] 
[35.856s][info][gc,stats    ] Allocation pacing accrued:
[35.856s][info][gc,stats    ]       0 of   156 ms (  0.0%): <total>
[35.856s][info][gc,stats    ]       0 of   156 ms (  0.0%): <average total>
[35.856s][info][gc,stats    ] 
[35.856s][info][gc,metaspace] Metaspace: 65311K(65984K)->65334K(66112K) NonClass: 57022K(57408K)->57043K(57472K) Class: 8288K(8576K)->8291K(8640K)
[35.856s][info][gc,ergo     ] Pacer for Idle. Initial: 41943K, Alloc Tax Rate: 1.0x
[35.867s][info][gc          ] Trigger: Explicit GC request (System.gc())
[35.867s][info][gc,ergo     ] Free: 1735M, Max: 1024K regular, 961M humongous, Frag: 45% external, 0% internal; Reserve: 103M, Max: 1024K
[35.867s][info][gc,start    ] GC(76) Concurrent reset
[35.867s][info][gc,task     ] GC(76) Using 1 of 3 workers for concurrent reset
[35.867s][info][gc,ergo     ] GC(76) Pacer for Reset. Non-Taxable: 2048M
[35.868s][info][gc          ] GC(76) Concurrent reset 0.942ms
[35.868s][info][gc,start    ] GC(76) Pause Init Mark (unload classes)
[35.868s][info][gc,task     ] GC(76) Using 3 of 3 workers for init marking
[35.868s][info][gc,ref      ] GC(76) Clearing All SoftReferences
[35.868s][info][gc,ergo     ] GC(76) Pacer for Mark. Expected Live: 170M, Free: 1735M, Non-Taxable: 173M, Alloc Tax Rate: 0.1x
[35.868s][info][gc          ] GC(76) Pause Init Mark (unload classes) 0.263ms
[35.868s][info][gc,start    ] GC(76) Concurrent marking roots
[35.868s][info][gc,task     ] GC(76) Using 1 of 3 workers for concurrent marking roots
[35.879s][info][gc          ] GC(76) Concurrent marking roots 10.340ms
[35.879s][info][gc,start    ] GC(76) Concurrent marking (unload classes)
[35.879s][info][gc,task     ] GC(76) Using 1 of 3 workers for concurrent marking
[36.004s][info][gc          ] GC(76) Concurrent marking (unload classes) 125.793ms
[36.004s][info][gc,start    ] GC(76) Pause Final Mark (unload classes)
[36.005s][info][gc,task     ] GC(76) Using 3 of 3 workers for final marking
[36.005s][info][gc,ergo     ] GC(76) Adaptive CSet Selection. Target Free: 290M, Actual Free: 1833M, Max CSet: 87381K, Min Garbage: 0B
[36.005s][info][gc,ergo     ] GC(76) Collectable Garbage: 32621K (89%), Immediate: 3072K (8%), CSet: 29549K (81%)
[36.005s][info][gc,ergo     ] GC(76) Pacer for Evacuation. Used CSet: 30389K, Free: 1739M, Non-Taxable: 173M, Alloc Tax Rate: 1.1x
[36.005s][info][gc          ] GC(76) Pause Final Mark (unload classes) 0.471ms
[36.005s][info][gc,start    ] GC(76) Concurrent thread roots
[36.005s][info][gc,task     ] GC(76) Using 1 of 3 workers for Concurrent thread roots
[36.016s][info][gc          ] GC(76) Concurrent thread roots 11.179ms
[36.016s][info][gc,start    ] GC(76) Concurrent weak references
[36.016s][info][gc,task     ] GC(76) Using 1 of 3 workers for concurrent weak references
[36.017s][info][gc,ref      ] GC(76) Encountered references: Soft: 2826, Weak: 5785, Final: 51, Phantom: 579
[36.017s][info][gc,ref      ] GC(76) Discovered  references: Soft: 660, Weak: 952, Final: 0, Phantom: 337
[36.017s][info][gc,ref      ] GC(76) Enqueued    references: Soft: 298, Weak: 159, Final: 0, Phantom: 0
[36.017s][info][gc          ] GC(76) Concurrent weak references 0.500ms
[36.017s][info][gc,start    ] GC(76) Concurrent weak roots
[36.017s][info][gc,task     ] GC(76) Using 1 of 3 workers for concurrent weak root
[36.019s][info][gc          ] GC(76) Concurrent weak roots 2.606ms
[36.019s][info][gc,start    ] GC(76) Concurrent cleanup
[36.019s][info][gc          ] GC(76) Concurrent cleanup 215M->212M(2048M) 0.034ms
[36.020s][info][gc,ergo     ] GC(76) Free: 1731M, Max: 1024K regular, 961M humongous, Frag: 45% external, 0% internal; Reserve: 102M, Max: 1024K
[36.020s][info][gc,start    ] GC(76) Concurrent class unloading
[36.020s][info][gc,task     ] GC(76) Using 1 of 3 workers for concurrent class unloading
[36.036s][info][gc          ] GC(76) Concurrent class unloading 16.915ms
[36.036s][info][gc,start    ] GC(76) Concurrent strong roots
[36.037s][info][gc,task     ] GC(76) Using 1 of 3 workers for concurrent strong root
[36.037s][info][gc          ] GC(76) Concurrent strong roots 0.298ms
[36.037s][info][gc,start    ] GC(76) Concurrent evacuation
[36.037s][info][gc,task     ] GC(76) Using 1 of 3 workers for concurrent evacuation
[36.037s][info][gc          ] GC(76) Concurrent evacuation 0.386ms
[36.037s][info][gc,start    ] GC(76) Pause Init Update Refs
[36.037s][info][gc,ergo     ] GC(76) Pacer for Update Refs. Used: 221M, Free: 1722M, Non-Taxable: 172M, Alloc Tax Rate: 1.1x
[36.037s][info][gc          ] GC(76) Pause Init Update Refs 0.115ms
[36.037s][info][gc,start    ] GC(76) Concurrent update references
[36.038s][info][gc,task     ] GC(76) Using 1 of 3 workers for concurrent reference update
[36.099s][info][gc          ] GC(76) Concurrent update references 61.361ms
[36.099s][info][gc,start    ] GC(76) Concurrent update thread roots
[36.109s][info][gc          ] GC(76) Concurrent update thread roots 9.906ms
[36.109s][info][gc,start    ] GC(76) Pause Final Update Refs
[36.109s][info][gc,task     ] GC(76) Using 3 of 3 workers for final reference update
[36.109s][info][gc          ] GC(76) Pause Final Update Refs 0.196ms
[36.109s][info][gc,start    ] GC(76) Concurrent cleanup
[36.109s][info][gc          ] GC(76) Concurrent cleanup 221M->191M(2048M) 0.084ms
[36.109s][info][gc,ergo     ] Free: 1751M, Max: 1024K regular, 1401M humongous, Frag: 20% external, 0% internal; Reserve: 103M, Max: 1024K
[36.109s][info][gc,stats    ] 
[36.109s][info][gc,stats    ] All times are wall-clock times, except per-root-class counters, that are sum over
[36.109s][info][gc,stats    ] all workers. Dividing the <total> over the root stage time estimates parallelism.
[36.109s][info][gc,stats    ] 
[36.110s][info][gc,stats    ] Concurrent Reset                    982 us
[36.110s][info][gc,stats    ] Pause Init Mark (G)                 425 us
[36.110s][info][gc,stats    ] Pause Init Mark (N)                 280 us
[36.110s][info][gc,stats    ]   Update Region States              105 us
[36.110s][info][gc,stats    ] Concurrent Mark Roots             10382 us, parallelism: 0.98x
[36.110s][info][gc,stats    ]   CMR: <total>                    10178 us
[36.110s][info][gc,stats    ]   CMR: Thread Roots               10098 us, workers (us): 10098, ---, ---, 
[36.110s][info][gc,stats    ]   CMR: VM Strong Roots               13 us, workers (us):  13, ---, ---, 
[36.110s][info][gc,stats    ]   CMR: CLDG Roots                    67 us, workers (us):  67, ---, ---, 
[36.110s][info][gc,stats    ] Concurrent Marking               125870 us
[36.110s][info][gc,stats    ] Pause Final Mark (G)                630 us
[36.110s][info][gc,stats    ] Pause Final Mark (N)                488 us
[36.110s][info][gc,stats    ]   Finish Mark                       132 us
[36.110s][info][gc,stats    ]   Update Region States              107 us
[36.110s][info][gc,stats    ]   Choose Collection Set              99 us
[36.110s][info][gc,stats    ]   Rebuild Free Set                   17 us
[36.110s][info][gc,stats    ] Concurrent Thread Roots           11238 us, parallelism: 0.96x
[36.110s][info][gc,stats    ]   CTR: <total>                    10832 us
[36.110s][info][gc,stats    ]   CTR: Thread Roots               10832 us, workers (us): 10832, ---, ---, 
[36.110s][info][gc,stats    ] Concurrent Weak References          517 us, parallelism: 0.54x
[36.110s][info][gc,stats    ]   CWRF: <total>                     281 us
[36.110s][info][gc,stats    ]   CWRF: Weak References             281 us, workers (us): 281, ---, ---, 
[36.110s][info][gc,stats    ] Concurrent Weak Roots              2659 us
[36.110s][info][gc,stats    ]   Roots                            2350 us, parallelism: 0.97x
[36.110s][info][gc,stats    ]     CWR: <total>                   2285 us
[36.110s][info][gc,stats    ]     CWR: Code Cache Roots          1813 us, workers (us): 1813, ---, ---, 
[36.110s][info][gc,stats    ]     CWR: VM Weak Roots              430 us, workers (us): 430, ---, ---, 
[36.110s][info][gc,stats    ]     CWR: CLDG Roots                  43 us, workers (us):  43, ---, ---, 
[36.110s][info][gc,stats    ]   Rendezvous                        220 us
[36.110s][info][gc,stats    ] Concurrent Cleanup                   43 us
[36.110s][info][gc,stats    ] Concurrent Class Unloading        16963 us
[36.110s][info][gc,stats    ]   Unlink Stale                    15654 us
[36.110s][info][gc,stats    ]     System Dictionary               650 us
[36.110s][info][gc,stats    ]     Weak Class Links               5901 us
[36.110s][info][gc,stats    ]     Code Roots                     9100 us
[36.110s][info][gc,stats    ]   Rendezvous                        284 us
[36.110s][info][gc,stats    ]   Purge Unlinked                    957 us
[36.110s][info][gc,stats    ]     Code Roots                      547 us
[36.110s][info][gc,stats    ]     CLDG                            409 us
[36.110s][info][gc,stats    ]     Exception Caches                  0 us
[36.110s][info][gc,stats    ] Concurrent Strong Roots             318 us, parallelism: 0.60x
[36.110s][info][gc,stats    ]   CSR: <total>                      190 us
[36.110s][info][gc,stats    ]   CSR: VM Strong Roots               12 us, workers (us):  12, ---, ---, 
[36.110s][info][gc,stats    ]   CSR: CLDG Roots                   178 us, workers (us): 178, ---, ---, 
[36.110s][info][gc,stats    ] Concurrent Evacuation               408 us
[36.110s][info][gc,stats    ] Pause Init Update Refs (G)          264 us
[36.110s][info][gc,stats    ] Pause Init Update Refs (N)          136 us
[36.110s][info][gc,stats    ]   Manage GCLABs                      17 us
[36.110s][info][gc,stats    ] Concurrent Update Refs            61440 us
[36.110s][info][gc,stats    ] Concurrent Update Thread Roots     9960 us
[36.110s][info][gc,stats    ] Pause Final Update Refs (G)         338 us
[36.110s][info][gc,stats    ] Pause Final Update Refs (N)         217 us
[36.110s][info][gc,stats    ]   Update Region States               85 us
[36.110s][info][gc,stats    ]   Trash Collection Set                5 us
[36.110s][info][gc,stats    ]   Rebuild Free Set                   19 us
[36.110s][info][gc,stats    ] Concurrent Cleanup                  110 us
[36.110s][info][gc,stats    ] 
[36.110s][info][gc,stats    ] Allocation pacing accrued:
[36.110s][info][gc,stats    ]       0 of   254 ms (  0.0%): <total>
[36.110s][info][gc,stats    ]       0 of   254 ms (  0.0%): <average total>
[36.110s][info][gc,stats    ] 
[36.110s][info][gc,metaspace] Metaspace: 65334K(66112K)->65020K(66048K) NonClass: 57043K(57472K)->56783K(57472K) Class: 8291K(8640K)->8236K(8576K)
[36.110s][info][gc,ergo     ] Pacer for Idle. Initial: 41943K, Alloc Tax Rate: 1.0x
[36.257s][info][gc          ] Trigger: Learning 2 of 5. Free (1430M) is below initial threshold (1433M)
[36.257s][info][gc,ergo     ] Free: 1430M, Max: 1024K regular, 1401M humongous, Frag: 2% external, 0% internal; Reserve: 103M, Max: 1024K
[36.257s][info][gc,start    ] GC(77) Concurrent reset
[36.257s][info][gc,task     ] GC(77) Using 1 of 3 workers for concurrent reset
[36.257s][info][gc,ergo     ] GC(77) Pacer for Reset. Non-Taxable: 2048M
[36.258s][info][gc          ] GC(77) Concurrent reset 0.876ms
[36.258s][info][gc,start    ] GC(77) Pause Init Mark (unload classes)
[36.258s][info][gc,task     ] GC(77) Using 3 of 3 workers for init marking
[36.258s][info][gc,ergo     ] GC(77) Pacer for Mark. Expected Live: 170M, Free: 1427M, Non-Taxable: 142M, Alloc Tax Rate: 0.1x
[36.258s][info][gc          ] GC(77) Pause Init Mark (unload classes) 0.144ms
[36.258s][info][gc,start    ] GC(77) Concurrent marking roots
[36.258s][info][gc,task     ] GC(77) Using 1 of 3 workers for concurrent marking roots
[36.269s][info][gc          ] GC(77) Concurrent marking roots 11.003ms
[36.269s][info][gc,start    ] GC(77) Concurrent marking (unload classes)
[36.269s][info][gc,task     ] GC(77) Using 1 of 3 workers for concurrent marking
[36.399s][info][gc          ] GC(77) Concurrent marking (unload classes) 129.665ms
[36.399s][info][gc,start    ] GC(77) Pause Final Mark (unload classes)
[36.399s][info][gc,task     ] GC(77) Using 3 of 3 workers for final marking
[36.399s][info][gc,ergo     ] GC(77) Adaptive CSet Selection. Target Free: 290M, Actual Free: 1341M, Max CSet: 87381K, Min Garbage: 0B
[36.399s][info][gc,ergo     ] GC(77) Collectable Garbage: 337M (98%), Immediate: 295M (86%), CSet: 43645K (12%)
[36.399s][info][gc,ergo     ] GC(77) Pacer for Evacuation. Used CSet: 45643K, Free: 1249M, Non-Taxable: 124M, Alloc Tax Rate: 1.1x
[36.399s][info][gc          ] GC(77) Pause Final Mark (unload classes) 0.220ms
[36.400s][info][gc,start    ] GC(77) Concurrent thread roots
[36.400s][info][gc,task     ] GC(77) Using 1 of 3 workers for Concurrent thread roots
[36.410s][info][gc          ] GC(77) Concurrent thread roots 10.611ms
[36.410s][info][gc,start    ] GC(77) Concurrent weak references
[36.410s][info][gc,task     ] GC(77) Using 1 of 3 workers for concurrent weak references
[36.410s][info][gc,ref      ] GC(77) Encountered references: Soft: 2909, Weak: 5884, Final: 51, Phantom: 579
[36.410s][info][gc,ref      ] GC(77) Discovered  references: Soft: 0, Weak: 865, Final: 0, Phantom: 260
[36.410s][info][gc,ref      ] GC(77) Enqueued    references: Soft: 0, Weak: 94, Final: 0, Phantom: 0
[36.410s][info][gc          ] GC(77) Concurrent weak references 0.295ms
[36.410s][info][gc,start    ] GC(77) Concurrent weak roots
[36.410s][info][gc,task     ] GC(77) Using 1 of 3 workers for concurrent weak root
[36.414s][info][gc          ] GC(77) Concurrent weak roots 3.428ms
[36.414s][info][gc,start    ] GC(77) Concurrent cleanup
[36.414s][info][gc          ] GC(77) Concurrent cleanup 1036M->741M(2048M) 0.046ms
[36.414s][info][gc,ergo     ] GC(77) Free: 1202M, Max: 1024K regular, 896M humongous, Frag: 25% external, 0% internal; Reserve: 102M, Max: 1024K
[36.414s][info][gc,start    ] GC(77) Concurrent class unloading
[36.414s][info][gc,task     ] GC(77) Using 1 of 3 workers for concurrent class unloading
[36.432s][info][gc          ] GC(77) Concurrent class unloading 17.594ms
[36.432s][info][gc,start    ] GC(77) Concurrent strong roots
[36.432s][info][gc,task     ] GC(77) Using 1 of 3 workers for concurrent strong root
[36.432s][info][gc          ] GC(77) Concurrent strong roots 0.354ms
[36.432s][info][gc,start    ] GC(77) Concurrent evacuation
[36.432s][info][gc,task     ] GC(77) Using 1 of 3 workers for concurrent evacuation
[36.433s][info][gc          ] GC(77) Concurrent evacuation 1.235ms
[36.433s][info][gc,start    ] GC(77) Pause Init Update Refs
[36.433s][info][gc,ergo     ] GC(77) Pacer for Update Refs. Used: 797M, Free: 1148M, Non-Taxable: 114M, Alloc Tax Rate: 1.1x
[36.433s][info][gc          ] GC(77) Pause Init Update Refs 0.066ms
[36.434s][info][gc,start    ] GC(77) Concurrent update references
[36.434s][info][gc,task     ] GC(77) Using 1 of 3 workers for concurrent reference update
[36.624s][info][gc          ] GC(77) Concurrent update references 190.204ms
[36.624s][info][gc,start    ] GC(77) Concurrent update thread roots
[36.634s][info][gc          ] GC(77) Concurrent update thread roots 9.737ms
[36.634s][info][gc,start    ] GC(77) Pause Final Update Refs
[36.634s][info][gc,task     ] GC(77) Using 3 of 3 workers for final reference update
[36.634s][info][gc          ] GC(77) Pause Final Update Refs 0.145ms
[36.634s][info][gc,start    ] GC(77) Concurrent cleanup
[36.634s][info][gc          ] GC(77) Concurrent cleanup 1347M->1302M(2048M) 0.020ms
[36.634s][info][gc,ergo     ] Free: 640M, Max: 1024K regular, 588M humongous, Frag: 7% external, 0% internal; Reserve: 103M, Max: 1024K
[36.634s][info][gc,stats    ] 
[36.634s][info][gc,stats    ] All times are wall-clock times, except per-root-class counters, that are sum over
[36.634s][info][gc,stats    ] all workers. Dividing the <total> over the root stage time estimates parallelism.
[36.634s][info][gc,stats    ] 
[36.634s][info][gc,stats    ] Concurrent Reset                    915 us
[36.634s][info][gc,stats    ] Pause Init Mark (G)                 365 us
[36.634s][info][gc,stats    ] Pause Init Mark (N)                 152 us
[36.634s][info][gc,stats    ]   Update Region States               57 us
[36.634s][info][gc,stats    ] Concurrent Mark Roots             11067 us, parallelism: 0.98x
[36.634s][info][gc,stats    ]   CMR: <total>                    10831 us
[36.634s][info][gc,stats    ]   CMR: Thread Roots               10721 us, workers (us): 10721, ---, ---, 
[36.634s][info][gc,stats    ]   CMR: VM Strong Roots               12 us, workers (us):  12, ---, ---, 
[36.634s][info][gc,stats    ]   CMR: CLDG Roots                    98 us, workers (us):  98, ---, ---, 
[36.634s][info][gc,stats    ] Concurrent Marking               129715 us
[36.634s][info][gc,stats    ] Pause Final Mark (G)                315 us
[36.634s][info][gc,stats    ] Pause Final Mark (N)                228 us
[36.634s][info][gc,stats    ]   Finish Mark                        51 us
[36.634s][info][gc,stats    ]   Update Region States               30 us
[36.634s][info][gc,stats    ]   Choose Collection Set              59 us
[36.634s][info][gc,stats    ]   Rebuild Free Set                    7 us
[36.634s][info][gc,stats    ] Concurrent Thread Roots           10653 us, parallelism: 0.99x
[36.634s][info][gc,stats    ]   CTR: <total>                    10523 us
[36.634s][info][gc,stats    ]   CTR: Thread Roots               10523 us, workers (us): 10523, ---, ---, 
[36.634s][info][gc,stats    ] Concurrent Weak References          312 us, parallelism: 0.41x
[36.634s][info][gc,stats    ]   CWRF: <total>                     127 us
[36.634s][info][gc,stats    ]   CWRF: Weak References             127 us, workers (us): 127, ---, ---, 
[36.634s][info][gc,stats    ] Concurrent Weak Roots              3464 us
[36.634s][info][gc,stats    ]   Roots                            3204 us, parallelism: 0.98x
[36.634s][info][gc,stats    ]     CWR: <total>                   3141 us
[36.634s][info][gc,stats    ]     CWR: Code Cache Roots          2152 us, workers (us): 2152, ---, ---, 
[36.634s][info][gc,stats    ]     CWR: VM Weak Roots              924 us, workers (us): 924, ---, ---, 
[36.634s][info][gc,stats    ]     CWR: CLDG Roots                  65 us, workers (us):  65, ---, ---, 
[36.634s][info][gc,stats    ]   Rendezvous                        189 us
[36.634s][info][gc,stats    ] Concurrent Cleanup                   54 us
[36.634s][info][gc,stats    ] Concurrent Class Unloading        17649 us
[36.634s][info][gc,stats    ]   Unlink Stale                    16800 us
[36.634s][info][gc,stats    ]     System Dictionary               306 us
[36.634s][info][gc,stats    ]     Weak Class Links               7202 us
[36.634s][info][gc,stats    ]     Code Roots                     9290 us
[36.634s][info][gc,stats    ]   Rendezvous                        244 us
[36.634s][info][gc,stats    ]   Purge Unlinked                    531 us
[36.634s][info][gc,stats    ]     Code Roots                      513 us
[36.634s][info][gc,stats    ]     CLDG                             18 us
[36.634s][info][gc,stats    ]     Exception Caches                  0 us
[36.634s][info][gc,stats    ] Concurrent Strong Roots             376 us, parallelism: 0.64x
[36.634s][info][gc,stats    ]   CSR: <total>                      241 us
[36.634s][info][gc,stats    ]   CSR: VM Strong Roots               13 us, workers (us):  13, ---, ---, 
[36.634s][info][gc,stats    ]   CSR: CLDG Roots                   228 us, workers (us): 228, ---, ---, 
[36.634s][info][gc,stats    ] Concurrent Evacuation              1307 us
[36.634s][info][gc,stats    ] Pause Init Update Refs (G)          230 us
[36.634s][info][gc,stats    ] Pause Init Update Refs (N)           75 us
[36.634s][info][gc,stats    ]   Manage GCLABs                      11 us
[36.634s][info][gc,stats    ] Concurrent Update Refs           190290 us
[36.634s][info][gc,stats    ] Concurrent Update Thread Roots     9821 us
[36.634s][info][gc,stats    ] Pause Final Update Refs (G)         277 us
[36.634s][info][gc,stats    ] Pause Final Update Refs (N)         165 us
[36.634s][info][gc,stats    ]   Update Region States               63 us
[36.634s][info][gc,stats    ]   Trash Collection Set                4 us
[36.634s][info][gc,stats    ]   Rebuild Free Set                   13 us
[36.634s][info][gc,stats    ] Concurrent Cleanup                   29 us
[36.634s][info][gc,stats    ] 
[36.634s][info][gc,stats    ] Allocation pacing accrued:
[36.634s][info][gc,stats    ]       0 of   525 ms (  0.0%): <total>
[36.634s][info][gc,stats    ]       0 of   525 ms (  0.0%): <average total>
[36.634s][info][gc,stats    ] 
[36.634s][info][gc,metaspace] Metaspace: 65364K(66112K)->65363K(66112K) NonClass: 57075K(57536K)->57075K(57536K) Class: 8288K(8576K)->8288K(8576K)
[36.634s][info][gc,ergo     ] Pacer for Idle. Initial: 41943K, Alloc Tax Rate: 1.0x
[36.639s][info][gc          ] Trigger: Learning 3 of 5. Free (621M) is below initial threshold (1433M)
[36.639s][info][gc,ergo     ] Free: 621M, Max: 1024K regular, 588M humongous, Frag: 5% external, 0% internal; Reserve: 103M, Max: 1024K
[36.640s][info][gc,start    ] GC(78) Concurrent reset
[36.640s][info][gc,task     ] GC(78) Using 1 of 3 workers for concurrent reset
[36.640s][info][gc,ergo     ] GC(78) Pacer for Reset. Non-Taxable: 2048M
[36.641s][info][gc          ] GC(78) Concurrent reset 1.303ms
[36.641s][info][gc,start    ] GC(78) Pause Init Mark (unload classes)
[36.641s][info][gc,task     ] GC(78) Using 3 of 3 workers for init marking
[36.641s][info][gc,ergo     ] GC(78) Pacer for Mark. Expected Live: 170M, Free: 615M, Non-Taxable: 63054K, Alloc Tax Rate: 0.3x
[36.641s][info][gc          ] GC(78) Pause Init Mark (unload classes) 0.190ms
[36.641s][info][gc,start    ] GC(78) Concurrent marking roots
[36.641s][info][gc,task     ] GC(78) Using 1 of 3 workers for concurrent marking roots
[36.652s][info][gc          ] GC(78) Concurrent marking roots 10.956ms
[36.652s][info][gc,start    ] GC(78) Concurrent marking (unload classes)
[36.652s][info][gc,task     ] GC(78) Using 1 of 3 workers for concurrent marking
[36.781s][info][gc          ] GC(78) Concurrent marking (unload classes) 129.162ms
[36.782s][info][gc,start    ] GC(78) Pause Final Mark (unload classes)
[36.782s][info][gc,task     ] GC(78) Using 3 of 3 workers for final marking
[36.782s][info][gc,ergo     ] GC(78) Collectable Garbage: 1135M (98%), Immediate: 1135M (98%), CSet: 0B (0%)
[36.782s][info][gc          ] GC(78) Pause Final Mark (unload classes) 0.268ms
[36.782s][info][gc,start    ] GC(78) Concurrent weak references
[36.782s][info][gc,task     ] GC(78) Using 1 of 3 workers for concurrent weak references
[36.782s][info][gc,ref      ] GC(78) Encountered references: Soft: 2909, Weak: 5791, Final: 51, Phantom: 579
[36.782s][info][gc,ref      ] GC(78) Discovered  references: Soft: 0, Weak: 783, Final: 0, Phantom: 260
[36.782s][info][gc,ref      ] GC(78) Enqueued    references: Soft: 0, Weak: 16, Final: 0, Phantom: 0
[36.782s][info][gc          ] GC(78) Concurrent weak references 0.177ms
[36.782s][info][gc,start    ] GC(78) Concurrent weak roots
[36.782s][info][gc,task     ] GC(78) Using 1 of 3 workers for concurrent weak root
[36.785s][info][gc          ] GC(78) Concurrent weak roots 3.223ms
[36.785s][info][gc,start    ] GC(78) Concurrent cleanup
[36.785s][info][gc          ] GC(78) Concurrent cleanup 1672M->537M(2048M) 0.144ms
[36.786s][info][gc,ergo     ] GC(78) Free: 1405M, Max: 1024K regular, 489M humongous, Frag: 65% external, 0% internal; Reserve: 103M, Max: 1024K
[36.786s][info][gc,start    ] GC(78) Concurrent class unloading
[36.786s][info][gc,task     ] GC(78) Using 1 of 3 workers for concurrent class unloading
[36.795s][info][gc          ] GC(78) Concurrent class unloading 9.504ms
[36.795s][info][gc,start    ] GC(78) Pause Final Roots
[36.795s][info][gc          ] GC(78) Pause Final Roots 0.044ms
[36.795s][info][gc,ergo     ] Free: 1370M, Max: 1024K regular, 489M humongous, Frag: 65% external, 0% internal; Reserve: 103M, Max: 1024K
[36.795s][info][gc,stats    ] 
[36.795s][info][gc,stats    ] All times are wall-clock times, except per-root-class counters, that are sum over
[36.795s][info][gc,stats    ] all workers. Dividing the <total> over the root stage time estimates parallelism.
[36.795s][info][gc,stats    ] 
[36.795s][info][gc,stats    ] Concurrent Reset                   1344 us
[36.795s][info][gc,stats    ] Pause Init Mark (G)                 383 us
[36.795s][info][gc,stats    ] Pause Init Mark (N)                 207 us
[36.795s][info][gc,stats    ]   Update Region States               70 us
[36.795s][info][gc,stats    ] Concurrent Mark Roots             10990 us, parallelism: 0.98x
[36.795s][info][gc,stats    ]   CMR: <total>                    10794 us
[36.795s][info][gc,stats    ]   CMR: Thread Roots               10621 us, workers (us): 10621, ---, ---, 
[36.795s][info][gc,stats    ]   CMR: VM Strong Roots               18 us, workers (us):  18, ---, ---, 
[36.795s][info][gc,stats    ]   CMR: CLDG Roots                   154 us, workers (us): 154, ---, ---, 
[36.795s][info][gc,stats    ] Concurrent Marking               129224 us
[36.795s][info][gc,stats    ] Pause Final Mark (G)                379 us
[36.795s][info][gc,stats    ] Pause Final Mark (N)                277 us
[36.795s][info][gc,stats    ]   Finish Mark                        72 us
[36.795s][info][gc,stats    ]   Update Region States               67 us
[36.795s][info][gc,stats    ]   Choose Collection Set              58 us
[36.795s][info][gc,stats    ]   Rebuild Free Set                    8 us
[36.795s][info][gc,stats    ] Concurrent Weak References          189 us, parallelism: 0.29x
[36.795s][info][gc,stats    ]   CWRF: <total>                      55 us
[36.795s][info][gc,stats    ]   CWRF: Weak References              55 us, workers (us):  55, ---, ---, 
[36.795s][info][gc,stats    ] Concurrent Weak Roots              3297 us
[36.795s][info][gc,stats    ]   Roots                            2979 us, parallelism: 0.95x
[36.795s][info][gc,stats    ]     CWR: <total>                   2842 us
[36.795s][info][gc,stats    ]     CWR: Code Cache Roots          2202 us, workers (us): 2202, ---, ---, 
[36.796s][info][gc,stats    ]     CWR: VM Weak Roots              579 us, workers (us): 579, ---, ---, 
[36.796s][info][gc,stats    ]     CWR: CLDG Roots                  61 us, workers (us):  61, ---, ---, 
[36.796s][info][gc,stats    ]   Rendezvous                        221 us
[36.796s][info][gc,stats    ] Concurrent Cleanup                  162 us
[36.796s][info][gc,stats    ] Concurrent Class Unloading         9566 us
[36.796s][info][gc,stats    ]   Unlink Stale                     8772 us
[36.796s][info][gc,stats    ]     System Dictionary                76 us
[36.796s][info][gc,stats    ]     Weak Class Links                  1 us
[36.796s][info][gc,stats    ]     Code Roots                     8693 us
[36.796s][info][gc,stats    ]   Rendezvous                        172 us
[36.796s][info][gc,stats    ]   Purge Unlinked                    522 us
[36.796s][info][gc,stats    ]     Code Roots                      516 us
[36.796s][info][gc,stats    ]     CLDG                              6 us
[36.796s][info][gc,stats    ]     Exception Caches                  0 us
[36.796s][info][gc,stats    ] Pause Final Roots (G)               165 us
[36.796s][info][gc,stats    ] Pause Final Roots (N)                54 us
[36.796s][info][gc,stats    ] Pacing                            81296 us
[36.796s][info][gc,stats    ] 
[36.796s][info][gc,stats    ] Allocation pacing accrued:
[36.796s][info][gc,stats    ]      34 of   161 ms ( 21.3%): Executor task launch worker for task 1.0 in stage 46.0 (TID 77)
[36.796s][info][gc,stats    ]      47 of   161 ms ( 29.2%): Executor task launch worker for task 0.0 in stage 46.0 (TID 76)
[36.796s][info][gc,stats    ]      81 of   161 ms ( 50.4%): <total>
[36.796s][info][gc,stats    ]       0 of   161 ms (  0.2%): <average total>
[36.796s][info][gc,stats    ]      41 of   161 ms ( 25.2%): <average non-zero>
[36.796s][info][gc,stats    ] 
[36.796s][info][gc,metaspace] Metaspace: 65363K(66112K)->65363K(66112K) NonClass: 57075K(57536K)->57075K(57536K) Class: 8288K(8576K)->8288K(8576K)
[36.796s][info][gc,ergo     ] Pacer for Idle. Initial: 41943K, Alloc Tax Rate: 1.0x
[36.812s][info][gc          ] Trigger: Learning 4 of 5. Free (1328M) is below initial threshold (1433M)
[36.812s][info][gc,ergo     ] Free: 1328M, Max: 1024K regular, 489M humongous, Frag: 63% external, 0% internal; Reserve: 103M, Max: 1024K
[36.812s][info][gc,start    ] GC(79) Concurrent reset
[36.813s][info][gc,task     ] GC(79) Using 1 of 3 workers for concurrent reset
[36.813s][info][gc,ergo     ] GC(79) Pacer for Reset. Non-Taxable: 2048M
[36.814s][info][gc          ] GC(79) Concurrent reset 1.210ms
[36.814s][info][gc,start    ] GC(79) Pause Init Mark (unload classes)
[36.814s][info][gc,task     ] GC(79) Using 3 of 3 workers for init marking
[36.814s][info][gc,ergo     ] GC(79) Pacer for Mark. Expected Live: 170M, Free: 1328M, Non-Taxable: 132M, Alloc Tax Rate: 0.2x
[36.814s][info][gc          ] GC(79) Pause Init Mark (unload classes) 0.149ms
[36.814s][info][gc,start    ] GC(79) Concurrent marking roots
[36.814s][info][gc,task     ] GC(79) Using 1 of 3 workers for concurrent marking roots
[36.825s][info][gc          ] GC(79) Concurrent marking roots 10.878ms
[36.825s][info][gc,start    ] GC(79) Concurrent marking (unload classes)
[36.825s][info][gc,task     ] GC(79) Using 1 of 3 workers for concurrent marking
[36.956s][info][gc          ] GC(79) Concurrent marking (unload classes) 130.860ms
[36.956s][info][gc,start    ] GC(79) Pause Final Mark (unload classes)
[36.956s][info][gc,task     ] GC(79) Using 3 of 3 workers for final marking
[36.956s][info][gc,ergo     ] GC(79) Collectable Garbage: 423M (95%), Immediate: 423M (95%), CSet: 0B (0%)
[36.956s][info][gc          ] GC(79) Pause Final Mark (unload classes) 0.205ms
[36.956s][info][gc,start    ] GC(79) Concurrent weak references
[36.956s][info][gc,task     ] GC(79) Using 1 of 3 workers for concurrent weak references
[36.956s][info][gc,ref      ] GC(79) Encountered references: Soft: 2909, Weak: 5771, Final: 51, Phantom: 579
[36.956s][info][gc,ref      ] GC(79) Discovered  references: Soft: 0, Weak: 706, Final: 0, Phantom: 337
[36.956s][info][gc,ref      ] GC(79) Enqueued    references: Soft: 0, Weak: 0, Final: 0, Phantom: 0
[36.956s][info][gc          ] GC(79) Concurrent weak references 0.134ms
[36.956s][info][gc,start    ] GC(79) Concurrent weak roots
[36.956s][info][gc,task     ] GC(79) Using 1 of 3 workers for concurrent weak root
[36.959s][info][gc          ] GC(79) Concurrent weak roots 2.439ms
[36.959s][info][gc,start    ] GC(79) Concurrent cleanup
[36.959s][info][gc          ] GC(79) Concurrent cleanup 1025M->601M(2048M) 0.049ms
[36.959s][info][gc,ergo     ] GC(79) Free: 1338M, Max: 1024K regular, 436M humongous, Frag: 68% external, 0% internal; Reserve: 103M, Max: 1024K
[36.959s][info][gc,start    ] GC(79) Concurrent class unloading
[36.959s][info][gc,task     ] GC(79) Using 1 of 3 workers for concurrent class unloading
[36.969s][info][gc          ] GC(79) Concurrent class unloading 9.951ms
[36.969s][info][gc,start    ] GC(79) Pause Final Roots
[36.969s][info][gc          ] GC(79) Pause Final Roots 0.046ms
[36.969s][info][gc,ergo     ] Free: 1330M, Max: 1024K regular, 436M humongous, Frag: 68% external, 0% internal; Reserve: 103M, Max: 1024K
[36.969s][info][gc,stats    ] 
[36.969s][info][gc,stats    ] All times are wall-clock times, except per-root-class counters, that are sum over
[36.969s][info][gc,stats    ] all workers. Dividing the <total> over the root stage time estimates parallelism.
[36.969s][info][gc,stats    ] 
[36.969s][info][gc,stats    ] Concurrent Reset                   1286 us
[36.969s][info][gc,stats    ] Pause Init Mark (G)                 273 us
[36.969s][info][gc,stats    ] Pause Init Mark (N)                 158 us
[36.969s][info][gc,stats    ]   Update Region States               43 us
[36.969s][info][gc,stats    ] Concurrent Mark Roots             10951 us, parallelism: 0.98x
[36.969s][info][gc,stats    ]   CMR: <total>                    10716 us
[36.969s][info][gc,stats    ]   CMR: Thread Roots               10628 us, workers (us): 10628, ---, ---, 
[36.969s][info][gc,stats    ]   CMR: VM Strong Roots               19 us, workers (us):  19, ---, ---, 
[36.969s][info][gc,stats    ]   CMR: CLDG Roots                    69 us, workers (us):  69, ---, ---, 
[36.969s][info][gc,stats    ] Concurrent Marking               130939 us
[36.969s][info][gc,stats    ] Pause Final Mark (G)                303 us
[36.969s][info][gc,stats    ] Pause Final Mark (N)                214 us
[36.969s][info][gc,stats    ]   Finish Mark                        62 us
[36.969s][info][gc,stats    ]   Update Region States               42 us
[36.969s][info][gc,stats    ]   Choose Collection Set              39 us
[36.969s][info][gc,stats    ]   Rebuild Free Set                    8 us
[36.969s][info][gc,stats    ] Concurrent Weak References          142 us, parallelism: 0.45x
[36.969s][info][gc,stats    ]   CWRF: <total>                      64 us
[36.969s][info][gc,stats    ]   CWRF: Weak References              64 us, workers (us):  64, ---, ---, 
[36.969s][info][gc,stats    ] Concurrent Weak Roots              2493 us
[36.969s][info][gc,stats    ]   Roots                            2238 us, parallelism: 0.98x
[36.969s][info][gc,stats    ]     CWR: <total>                   2183 us
[36.969s][info][gc,stats    ]     CWR: Code Cache Roots          1817 us, workers (us): 1817, ---, ---, 
[36.969s][info][gc,stats    ]     CWR: VM Weak Roots              322 us, workers (us): 322, ---, ---, 
[36.969s][info][gc,stats    ]     CWR: CLDG Roots                  44 us, workers (us):  44, ---, ---, 
[36.969s][info][gc,stats    ]   Rendezvous                        185 us
[36.969s][info][gc,stats    ] Concurrent Cleanup                   58 us
[36.969s][info][gc,stats    ] Concurrent Class Unloading         9997 us
[36.969s][info][gc,stats    ]   Unlink Stale                     9235 us
[36.969s][info][gc,stats    ]     System Dictionary                58 us
[36.969s][info][gc,stats    ]     Weak Class Links                  0 us
[36.969s][info][gc,stats    ]     Code Roots                     9176 us
[36.969s][info][gc,stats    ]   Rendezvous                        186 us
[36.969s][info][gc,stats    ]   Purge Unlinked                    512 us
[36.969s][info][gc,stats    ]     Code Roots                      508 us
[36.969s][info][gc,stats    ]     CLDG                              3 us
[36.969s][info][gc,stats    ]     Exception Caches                  0 us
[36.969s][info][gc,stats    ] Pause Final Roots (G)               135 us
[36.969s][info][gc,stats    ] Pause Final Roots (N)                55 us
[36.969s][info][gc,stats    ] Pacing                            42394 us
[36.969s][info][gc,stats    ] 
[36.969s][info][gc,stats    ] Allocation pacing accrued:
[36.969s][info][gc,stats    ]      21 of   174 ms ( 12.3%): Executor task launch worker for task 0.0 in stage 47.0 (TID 78)
[36.969s][info][gc,stats    ]      21 of   174 ms ( 12.1%): Executor task launch worker for task 1.0 in stage 47.0 (TID 79)
[36.969s][info][gc,stats    ]      42 of   174 ms ( 24.4%): <total>
[36.969s][info][gc,stats    ]       0 of   174 ms (  0.1%): <average total>
[36.969s][info][gc,stats    ]      21 of   174 ms ( 12.2%): <average non-zero>
[36.969s][info][gc,stats    ] 
[36.969s][info][gc,metaspace] Metaspace: 65363K(66112K)->65411K(66176K) NonClass: 57075K(57536K)->57120K(57536K) Class: 8288K(8576K)->8291K(8640K)
[36.969s][info][gc,ergo     ] Pacer for Idle. Initial: 41943K, Alloc Tax Rate: 1.0x
[36.982s][info][gc          ] Trigger: Explicit GC request (System.gc())
[36.982s][info][gc,ergo     ] Free: 1330M, Max: 1024K regular, 436M humongous, Frag: 68% external, 0% internal; Reserve: 103M, Max: 1024K
[36.982s][info][gc,start    ] GC(80) Concurrent reset
[36.982s][info][gc,task     ] GC(80) Using 1 of 3 workers for concurrent reset
[36.982s][info][gc,ergo     ] GC(80) Pacer for Reset. Non-Taxable: 2048M
[36.983s][info][gc          ] GC(80) Concurrent reset 0.967ms
[36.983s][info][gc,start    ] GC(80) Pause Init Mark (unload classes)
[36.983s][info][gc,task     ] GC(80) Using 3 of 3 workers for init marking
[36.983s][info][gc,ref      ] GC(80) Clearing All SoftReferences
[36.983s][info][gc,ergo     ] GC(80) Pacer for Mark. Expected Live: 170M, Free: 1330M, Non-Taxable: 133M, Alloc Tax Rate: 0.2x
[36.983s][info][gc          ] GC(80) Pause Init Mark (unload classes) 0.125ms
[36.983s][info][gc,start    ] GC(80) Concurrent marking roots
[36.983s][info][gc,task     ] GC(80) Using 1 of 3 workers for concurrent marking roots
[36.997s][info][gc          ] GC(80) Concurrent marking roots 13.566ms
[36.997s][info][gc,start    ] GC(80) Concurrent marking (unload classes)
[36.997s][info][gc,task     ] GC(80) Using 1 of 3 workers for concurrent marking
[37.124s][info][gc          ] GC(80) Concurrent marking (unload classes) 126.631ms
[37.124s][info][gc,start    ] GC(80) Pause Final Mark (unload classes)
[37.124s][info][gc,task     ] GC(80) Using 3 of 3 workers for final marking
[37.124s][info][gc,ergo     ] GC(80) Collectable Garbage: 409M (93%), Immediate: 409M (93%), CSet: 0B (0%)
[37.124s][info][gc          ] GC(80) Pause Final Mark (unload classes) 0.502ms
[37.124s][info][gc,start    ] GC(80) Concurrent weak references
[37.124s][info][gc,task     ] GC(80) Using 1 of 3 workers for concurrent weak references
[37.125s][info][gc,ref      ] GC(80) Encountered references: Soft: 2824, Weak: 5775, Final: 51, Phantom: 579
[37.125s][info][gc,ref      ] GC(80) Discovered  references: Soft: 658, Weak: 945, Final: 0, Phantom: 260
[37.125s][info][gc,ref      ] GC(80) Enqueued    references: Soft: 296, Weak: 161, Final: 0, Phantom: 0
[37.125s][info][gc          ] GC(80) Concurrent weak references 0.318ms
[37.125s][info][gc,start    ] GC(80) Concurrent weak roots
[37.125s][info][gc,task     ] GC(80) Using 1 of 3 workers for concurrent weak root
[37.128s][info][gc          ] GC(80) Concurrent weak roots 2.933ms
[37.128s][info][gc,start    ] GC(80) Concurrent cleanup
[37.128s][info][gc          ] GC(80) Concurrent cleanup 619M->210M(2048M) 0.041ms
[37.128s][info][gc,ergo     ] GC(80) Free: 1732M, Max: 1024K regular, 898M humongous, Frag: 48% external, 0% internal; Reserve: 103M, Max: 1024K
[37.128s][info][gc,start    ] GC(80) Concurrent class unloading
[37.128s][info][gc,task     ] GC(80) Using 1 of 3 workers for concurrent class unloading
[37.145s][info][gc          ] GC(80) Concurrent class unloading 16.967ms
[37.145s][info][gc,start    ] GC(80) Pause Final Roots
[37.145s][info][gc          ] GC(80) Pause Final Roots 0.040ms
[37.145s][info][gc,ergo     ] Free: 1732M, Max: 1024K regular, 898M humongous, Frag: 48% external, 0% internal; Reserve: 103M, Max: 1024K
[37.145s][info][gc,stats    ] 
[37.145s][info][gc,stats    ] All times are wall-clock times, except per-root-class counters, that are sum over
[37.145s][info][gc,stats    ] all workers. Dividing the <total> over the root stage time estimates parallelism.
[37.145s][info][gc,stats    ] 
[37.145s][info][gc,stats    ] Concurrent Reset                   1056 us
[37.145s][info][gc,stats    ] Pause Init Mark (G)                 251 us
[37.145s][info][gc,stats    ] Pause Init Mark (N)                 135 us
[37.145s][info][gc,stats    ]   Update Region States               31 us
[37.145s][info][gc,stats    ] Concurrent Mark Roots             13606 us, parallelism: 0.99x
[37.145s][info][gc,stats    ]   CMR: <total>                    13412 us
[37.145s][info][gc,stats    ]   CMR: Thread Roots               13285 us, workers (us): 13285, ---, ---, 
[37.145s][info][gc,stats    ]   CMR: VM Strong Roots               15 us, workers (us):  15, ---, ---, 
[37.145s][info][gc,stats    ]   CMR: CLDG Roots                   112 us, workers (us): 112, ---, ---, 
[37.145s][info][gc,stats    ] Concurrent Marking               126694 us
[37.145s][info][gc,stats    ] Pause Final Mark (G)                651 us
[37.145s][info][gc,stats    ] Pause Final Mark (N)                528 us
[37.145s][info][gc,stats    ]   Finish Mark                       166 us
[37.145s][info][gc,stats    ]   Update Region States              122 us
[37.145s][info][gc,stats    ]   Choose Collection Set              84 us
[37.145s][info][gc,stats    ]   Rebuild Free Set                   22 us
[37.145s][info][gc,stats    ] Concurrent Weak References          326 us, parallelism: 0.51x
[37.145s][info][gc,stats    ]   CWRF: <total>                     166 us
[37.145s][info][gc,stats    ]   CWRF: Weak References             166 us, workers (us): 166, ---, ---, 
[37.145s][info][gc,stats    ] Concurrent Weak Roots              2976 us
[37.145s][info][gc,stats    ]   Roots                            2752 us, parallelism: 0.98x
[37.145s][info][gc,stats    ]     CWR: <total>                   2693 us
[37.145s][info][gc,stats    ]     CWR: Code Cache Roots          2058 us, workers (us): 2058, ---, ---, 
[37.145s][info][gc,stats    ]     CWR: VM Weak Roots              579 us, workers (us): 579, ---, ---, 
[37.145s][info][gc,stats    ]     CWR: CLDG Roots                  56 us, workers (us):  56, ---, ---, 
[37.145s][info][gc,stats    ]   Rendezvous                        161 us
[37.145s][info][gc,stats    ] Concurrent Cleanup                   49 us
[37.145s][info][gc,stats    ] Concurrent Class Unloading        17013 us
[37.145s][info][gc,stats    ]   Unlink Stale                    15663 us
[37.145s][info][gc,stats    ]     System Dictionary               642 us
[37.145s][info][gc,stats    ]     Weak Class Links               5711 us
[37.145s][info][gc,stats    ]     Code Roots                     9307 us
[37.145s][info][gc,stats    ]   Rendezvous                        221 us
[37.145s][info][gc,stats    ]   Purge Unlinked                   1065 us
[37.145s][info][gc,stats    ]     Code Roots                      606 us
[37.145s][info][gc,stats    ]     CLDG                            458 us
[37.145s][info][gc,stats    ]     Exception Caches                  0 us
[37.145s][info][gc,stats    ] Pause Final Roots (G)               116 us
[37.145s][info][gc,stats    ] Pause Final Roots (N)                49 us
[37.145s][info][gc,stats    ] 
[37.145s][info][gc,stats    ] Allocation pacing accrued:
[37.145s][info][gc,stats    ]       0 of   176 ms (  0.0%): <total>
[37.145s][info][gc,stats    ]       0 of   176 ms (  0.0%): <average total>
[37.145s][info][gc,stats    ] 
[37.145s][info][gc,metaspace] Metaspace: 65411K(66176K)->65089K(66112K) NonClass: 57120K(57536K)->56853K(57536K) Class: 8291K(8640K)->8236K(8576K)
[37.145s][info][gc,ergo     ] Pacer for Idle. Initial: 41943K, Alloc Tax Rate: 1.0x
[37.326s][info][gc          ] Trigger: Learning 2 of 5. Free (1383M) is below initial threshold (1433M)
[37.326s][info][gc,ergo     ] Free: 1383M, Max: 1024K regular, 898M humongous, Frag: 35% external, 0% internal; Reserve: 103M, Max: 1024K
[37.327s][info][gc,start    ] GC(81) Concurrent reset
[37.327s][info][gc,task     ] GC(81) Using 1 of 3 workers for concurrent reset
[37.327s][info][gc,ergo     ] GC(81) Pacer for Reset. Non-Taxable: 2048M
[37.327s][info][gc          ] GC(81) Concurrent reset 0.889ms
[37.328s][info][gc,start    ] GC(81) Pause Init Mark (unload classes)
[37.328s][info][gc,task     ] GC(81) Using 3 of 3 workers for init marking
[37.328s][info][gc,ergo     ] GC(81) Pacer for Mark. Expected Live: 170M, Free: 1383M, Non-Taxable: 138M, Alloc Tax Rate: 0.2x
[37.328s][info][gc          ] GC(81) Pause Init Mark (unload classes) 0.200ms
[37.328s][info][gc,start    ] GC(81) Concurrent marking roots
[37.328s][info][gc,task     ] GC(81) Using 1 of 3 workers for concurrent marking roots
[37.338s][info][gc          ] GC(81) Concurrent marking roots 10.558ms
[37.338s][info][gc,start    ] GC(81) Concurrent marking (unload classes)
[37.339s][info][gc,task     ] GC(81) Using 1 of 3 workers for concurrent marking
[37.468s][info][gc          ] GC(81) Concurrent marking (unload classes) 129.949ms
[37.469s][info][gc,start    ] GC(81) Pause Final Mark (unload classes)
[37.469s][info][gc,task     ] GC(81) Using 3 of 3 workers for final marking
[37.469s][info][gc,ergo     ] GC(81) Adaptive CSet Selection. Target Free: 290M, Actual Free: 1385M, Max CSet: 87381K, Min Garbage: 0B
[37.469s][info][gc,ergo     ] GC(81) Collectable Garbage: 381M (99%), Immediate: 326M (84%), CSet: 56905K (14%)
[37.469s][info][gc,ergo     ] GC(81) Pacer for Evacuation. Used CSet: 59265K, Free: 1293M, Non-Taxable: 129M, Alloc Tax Rate: 1.1x
[37.469s][info][gc          ] GC(81) Pause Final Mark (unload classes) 0.248ms
[37.469s][info][gc,start    ] GC(81) Concurrent thread roots
[37.469s][info][gc,task     ] GC(81) Using 1 of 3 workers for Concurrent thread roots
[37.479s][info][gc          ] GC(81) Concurrent thread roots 10.373ms
[37.479s][info][gc,start    ] GC(81) Concurrent weak references
[37.479s][info][gc,task     ] GC(81) Using 1 of 3 workers for concurrent weak references
[37.479s][info][gc,ref      ] GC(81) Encountered references: Soft: 2909, Weak: 5902, Final: 51, Phantom: 579
[37.479s][info][gc,ref      ] GC(81) Discovered  references: Soft: 0, Weak: 880, Final: 0, Phantom: 260
[37.479s][info][gc,ref      ] GC(81) Enqueued    references: Soft: 0, Weak: 95, Final: 0, Phantom: 0
[37.479s][info][gc          ] GC(81) Concurrent weak references 0.252ms
[37.480s][info][gc,start    ] GC(81) Concurrent weak roots
[37.480s][info][gc,task     ] GC(81) Using 1 of 3 workers for concurrent weak root
[37.483s][info][gc          ] GC(81) Concurrent weak roots 3.542ms
[37.483s][info][gc,start    ] GC(81) Concurrent cleanup
[37.483s][info][gc          ] GC(81) Concurrent cleanup 1021M->695M(2048M) 0.044ms
[37.483s][info][gc,ergo     ] GC(81) Free: 1248M, Max: 1024K regular, 898M humongous, Frag: 28% external, 0% internal; Reserve: 102M, Max: 1024K
[37.483s][info][gc,start    ] GC(81) Concurrent class unloading
[37.483s][info][gc,task     ] GC(81) Using 1 of 3 workers for concurrent class unloading
[37.501s][info][gc          ] GC(81) Concurrent class unloading 17.916ms
[37.501s][info][gc,start    ] GC(81) Concurrent strong roots
[37.501s][info][gc,task     ] GC(81) Using 1 of 3 workers for concurrent strong root
[37.501s][info][gc          ] GC(81) Concurrent strong roots 0.368ms
[37.502s][info][gc,start    ] GC(81) Concurrent evacuation
[37.502s][info][gc,task     ] GC(81) Using 1 of 3 workers for concurrent evacuation
[37.503s][info][gc          ] GC(81) Concurrent evacuation 1.810ms
[37.503s][info][gc,start    ] GC(81) Pause Init Update Refs
[37.504s][info][gc,ergo     ] GC(81) Pacer for Update Refs. Used: 752M, Free: 1193M, Non-Taxable: 119M, Alloc Tax Rate: 1.1x
[37.504s][info][gc          ] GC(81) Pause Init Update Refs 0.059ms
[37.504s][info][gc,start    ] GC(81) Concurrent update references
[37.504s][info][gc,task     ] GC(81) Using 1 of 3 workers for concurrent reference update
[37.676s][info][gc          ] GC(81) Concurrent update references 172.916ms
[37.677s][info][gc,start    ] GC(81) Concurrent update thread roots
[37.686s][info][gc          ] GC(81) Concurrent update thread roots 9.604ms
[37.686s][info][gc,start    ] GC(81) Pause Final Update Refs
[37.686s][info][gc,task     ] GC(81) Using 3 of 3 workers for final reference update
[37.686s][info][gc          ] GC(81) Pause Final Update Refs 0.137ms
[37.686s][info][gc,start    ] GC(81) Concurrent cleanup
[37.687s][info][gc          ] GC(81) Concurrent cleanup 1254M->1197M(2048M) 0.063ms
[37.687s][info][gc,ergo     ] Free: 745M, Max: 1024K regular, 683M humongous, Frag: 8% external, 0% internal; Reserve: 103M, Max: 1024K
[37.687s][info][gc,stats    ] 
[37.687s][info][gc,stats    ] All times are wall-clock times, except per-root-class counters, that are sum over
[37.687s][info][gc,stats    ] all workers. Dividing the <total> over the root stage time estimates parallelism.
[37.687s][info][gc,stats    ] 
[37.687s][info][gc,stats    ] Concurrent Reset                    939 us
[37.687s][info][gc,stats    ] Pause Init Mark (G)                 419 us
[37.687s][info][gc,stats    ] Pause Init Mark (N)                 221 us
[37.687s][info][gc,stats    ]   Update Region States               61 us
[37.687s][info][gc,stats    ] Concurrent Mark Roots             10606 us, parallelism: 0.97x
[37.687s][info][gc,stats    ]   CMR: <total>                    10317 us
[37.687s][info][gc,stats    ]   CMR: Thread Roots               10218 us, workers (us): 10218, ---, ---, 
[37.687s][info][gc,stats    ]   CMR: VM Strong Roots               11 us, workers (us):  11, ---, ---, 
[37.687s][info][gc,stats    ]   CMR: CLDG Roots                    88 us, workers (us):  88, ---, ---, 
[37.687s][info][gc,stats    ] Concurrent Marking               130015 us
[37.687s][info][gc,stats    ] Pause Final Mark (G)                354 us
[37.687s][info][gc,stats    ] Pause Final Mark (N)                257 us
[37.687s][info][gc,stats    ]   Finish Mark                        72 us
[37.687s][info][gc,stats    ]   Update Region States               30 us
[37.687s][info][gc,stats    ]   Choose Collection Set              72 us
[37.687s][info][gc,stats    ]   Rebuild Free Set                    8 us
[37.687s][info][gc,stats    ] Concurrent Thread Roots           10396 us, parallelism: 0.99x
[37.687s][info][gc,stats    ]   CTR: <total>                    10319 us
[37.687s][info][gc,stats    ]   CTR: Thread Roots               10319 us, workers (us): 10319, ---, ---, 
[37.687s][info][gc,stats    ] Concurrent Weak References          268 us, parallelism: 0.51x
[37.687s][info][gc,stats    ]   CWRF: <total>                     137 us
[37.687s][info][gc,stats    ]   CWRF: Weak References             137 us, workers (us): 137, ---, ---, 
[37.687s][info][gc,stats    ] Concurrent Weak Roots              3571 us
[37.687s][info][gc,stats    ]   Roots                            3330 us, parallelism: 0.97x
[37.687s][info][gc,stats    ]     CWR: <total>                   3244 us
[37.687s][info][gc,stats    ]     CWR: Code Cache Roots          2254 us, workers (us): 2254, ---, ---, 
[37.687s][info][gc,stats    ]     CWR: VM Weak Roots              921 us, workers (us): 921, ---, ---, 
[37.687s][info][gc,stats    ]     CWR: CLDG Roots                  69 us, workers (us):  69, ---, ---, 
[37.687s][info][gc,stats    ]   Rendezvous                        179 us
[37.687s][info][gc,stats    ] Concurrent Cleanup                   53 us
[37.687s][info][gc,stats    ] Concurrent Class Unloading        17966 us
[37.687s][info][gc,stats    ]   Unlink Stale                    17231 us
[37.687s][info][gc,stats    ]     System Dictionary               195 us
[37.687s][info][gc,stats    ]     Weak Class Links               7428 us
[37.687s][info][gc,stats    ]     Code Roots                     9605 us
[37.687s][info][gc,stats    ]   Rendezvous                        231 us
[37.687s][info][gc,stats    ]   Purge Unlinked                    436 us
[37.687s][info][gc,stats    ]     Code Roots                      419 us
[37.687s][info][gc,stats    ]     CLDG                             17 us
[37.687s][info][gc,stats    ]     Exception Caches                  0 us
[37.687s][info][gc,stats    ] Concurrent Strong Roots             386 us, parallelism: 0.69x
[37.687s][info][gc,stats    ]   CSR: <total>                      266 us
[37.687s][info][gc,stats    ]   CSR: VM Strong Roots               17 us, workers (us):  17, ---, ---, 
[37.687s][info][gc,stats    ]   CSR: CLDG Roots                   249 us, workers (us): 249, ---, ---, 
[37.687s][info][gc,stats    ] Concurrent Evacuation              1877 us
[37.687s][info][gc,stats    ] Pause Init Update Refs (G)          173 us
[37.687s][info][gc,stats    ] Pause Init Update Refs (N)           67 us
[37.687s][info][gc,stats    ]   Manage GCLABs                      11 us
[37.687s][info][gc,stats    ] Concurrent Update Refs           172984 us
[37.687s][info][gc,stats    ] Concurrent Update Thread Roots     9658 us
[37.687s][info][gc,stats    ] Pause Final Update Refs (G)         250 us
[37.687s][info][gc,stats    ] Pause Final Update Refs (N)         147 us
[37.687s][info][gc,stats    ]   Update Region States               54 us
[37.687s][info][gc,stats    ]   Trash Collection Set                3 us
[37.687s][info][gc,stats    ]   Rebuild Free Set                   13 us
[37.687s][info][gc,stats    ] Concurrent Cleanup                   84 us
[37.687s][info][gc,stats    ] Pacing                            71848 us
[37.687s][info][gc,stats    ] 
[37.687s][info][gc,stats    ] Allocation pacing accrued:
[37.687s][info][gc,stats    ]      36 of   542 ms (  6.7%): Executor task launch worker for task 1.0 in stage 49.0 (TID 82)
[37.687s][info][gc,stats    ]      36 of   542 ms (  6.6%): Executor task launch worker for task 0.0 in stage 49.0 (TID 81)
[37.687s][info][gc,stats    ]      72 of   542 ms ( 13.3%): <total>
[37.687s][info][gc,stats    ]       0 of   542 ms (  0.1%): <average total>
[37.687s][info][gc,stats    ]      36 of   542 ms (  6.6%): <average non-zero>
[37.687s][info][gc,stats    ] 
[37.687s][info][gc,metaspace] Metaspace: 65417K(66112K)->65420K(66112K) NonClass: 57128K(57536K)->57132K(57536K) Class: 8288K(8576K)->8288K(8576K)
[37.687s][info][gc,ergo     ] Pacer for Idle. Initial: 41943K, Alloc Tax Rate: 1.0x
[37.703s][info][gc          ] Trigger: Learning 3 of 5. Free (703M) is below initial threshold (1433M)
[37.703s][info][gc,ergo     ] Free: 703M, Max: 1024K regular, 683M humongous, Frag: 2% external, 0% internal; Reserve: 103M, Max: 1024K
[37.703s][info][gc,start    ] GC(82) Concurrent reset
[37.703s][info][gc,task     ] GC(82) Using 1 of 3 workers for concurrent reset
[37.703s][info][gc,ergo     ] GC(82) Pacer for Reset. Non-Taxable: 2048M
[37.705s][info][gc          ] GC(82) Concurrent reset 1.353ms
[37.705s][info][gc,start    ] GC(82) Pause Init Mark (unload classes)
[37.705s][info][gc,task     ] GC(82) Using 3 of 3 workers for init marking
[37.705s][info][gc,ergo     ] GC(82) Pacer for Mark. Expected Live: 170M, Free: 703M, Non-Taxable: 72060K, Alloc Tax Rate: 0.3x
[37.705s][info][gc          ] GC(82) Pause Init Mark (unload classes) 0.135ms
[37.705s][info][gc,start    ] GC(82) Concurrent marking roots
[37.705s][info][gc,task     ] GC(82) Using 1 of 3 workers for concurrent marking roots
[37.715s][info][gc          ] GC(82) Concurrent marking roots 10.477ms
[37.715s][info][gc,start    ] GC(82) Concurrent marking (unload classes)
[37.716s][info][gc,task     ] GC(82) Using 1 of 3 workers for concurrent marking
[37.844s][info][gc          ] GC(82) Concurrent marking (unload classes) 128.726ms
[37.844s][info][gc,start    ] GC(82) Pause Final Mark (unload classes)
[37.844s][info][gc,task     ] GC(82) Using 3 of 3 workers for final marking
[37.845s][info][gc,ergo     ] GC(82) Collectable Garbage: 1048M (98%), Immediate: 1048M (98%), CSet: 0B (0%)
[37.845s][info][gc          ] GC(82) Pause Final Mark (unload classes) 0.332ms
[37.845s][info][gc,start    ] GC(82) Concurrent weak references
[37.845s][info][gc,task     ] GC(82) Using 1 of 3 workers for concurrent weak references
[37.845s][info][gc,ref      ] GC(82) Encountered references: Soft: 2909, Weak: 5809, Final: 51, Phantom: 579
[37.845s][info][gc,ref      ] GC(82) Discovered  references: Soft: 0, Weak: 801, Final: 0, Phantom: 337
[37.845s][info][gc,ref      ] GC(82) Enqueued    references: Soft: 0, Weak: 21, Final: 0, Phantom: 0
[37.845s][info][gc          ] GC(82) Concurrent weak references 0.302ms
[37.845s][info][gc,start    ] GC(82) Concurrent weak roots
[37.845s][info][gc,task     ] GC(82) Using 1 of 3 workers for concurrent weak root
[37.849s][info][gc          ] GC(82) Concurrent weak roots 3.812ms
[37.849s][info][gc,start    ] GC(82) Concurrent cleanup
[37.849s][info][gc          ] GC(82) Concurrent cleanup 1630M->583M(2048M) 0.133ms
[37.849s][info][gc,ergo     ] GC(82) Free: 1359M, Max: 1024K regular, 311M humongous, Frag: 77% external, 0% internal; Reserve: 103M, Max: 1024K
[37.849s][info][gc,start    ] GC(82) Concurrent class unloading
[37.849s][info][gc,task     ] GC(82) Using 1 of 3 workers for concurrent class unloading
[37.859s][info][gc          ] GC(82) Concurrent class unloading 10.161ms
[37.859s][info][gc,start    ] GC(82) Pause Final Roots
[37.860s][info][gc          ] GC(82) Pause Final Roots 0.119ms
[37.860s][info][gc,ergo     ] Free: 1321M, Max: 1024K regular, 311M humongous, Frag: 77% external, 0% internal; Reserve: 103M, Max: 1024K
[37.860s][info][gc,stats    ] 
[37.860s][info][gc,stats    ] All times are wall-clock times, except per-root-class counters, that are sum over
[37.860s][info][gc,stats    ] all workers. Dividing the <total> over the root stage time estimates parallelism.
[37.860s][info][gc,stats    ] 
[37.860s][info][gc,stats    ] Concurrent Reset                   1375 us
[37.860s][info][gc,stats    ] Pause Init Mark (G)                 268 us
[37.860s][info][gc,stats    ] Pause Init Mark (N)                 144 us
[37.860s][info][gc,stats    ]   Update Region States               45 us
[37.860s][info][gc,stats    ] Concurrent Mark Roots             10521 us, parallelism: 0.98x
[37.860s][info][gc,stats    ]   CMR: <total>                    10312 us
[37.860s][info][gc,stats    ]   CMR: Thread Roots               10233 us, workers (us): 10233, ---, ---, 
[37.860s][info][gc,stats    ]   CMR: VM Strong Roots               13 us, workers (us):  13, ---, ---, 
[37.860s][info][gc,stats    ]   CMR: CLDG Roots                    66 us, workers (us):  66, ---, ---, 
[37.860s][info][gc,stats    ] Concurrent Marking               128774 us
[37.860s][info][gc,stats    ] Pause Final Mark (G)                470 us
[37.860s][info][gc,stats    ] Pause Final Mark (N)                358 us
[37.860s][info][gc,stats    ]   Finish Mark                        58 us
[37.860s][info][gc,stats    ]   Update Region States               54 us
[37.860s][info][gc,stats    ]   Choose Collection Set              96 us
[37.860s][info][gc,stats    ]   Rebuild Free Set                   21 us
[37.860s][info][gc,stats    ] Concurrent Weak References          311 us, parallelism: 0.39x
[37.860s][info][gc,stats    ]   CWRF: <total>                     120 us
[37.860s][info][gc,stats    ]   CWRF: Weak References             120 us, workers (us): 120, ---, ---, 
[37.860s][info][gc,stats    ] Concurrent Weak Roots              3937 us
[37.860s][info][gc,stats    ]   Roots                            3498 us, parallelism: 0.98x
[37.860s][info][gc,stats    ]     CWR: <total>                   3430 us
[37.860s][info][gc,stats    ]     CWR: Code Cache Roots          2799 us, workers (us): 2799, ---, ---, 
[37.860s][info][gc,stats    ]     CWR: VM Weak Roots              573 us, workers (us): 573, ---, ---, 
[37.860s][info][gc,stats    ]     CWR: CLDG Roots                  57 us, workers (us):  57, ---, ---, 
[37.860s][info][gc,stats    ]   Rendezvous                        294 us
[37.860s][info][gc,stats    ] Concurrent Cleanup                  143 us
[37.860s][info][gc,stats    ] Concurrent Class Unloading        10192 us
[37.860s][info][gc,stats    ]   Unlink Stale                     9195 us
[37.860s][info][gc,stats    ]     System Dictionary                77 us
[37.860s][info][gc,stats    ]     Weak Class Links                  0 us
[37.860s][info][gc,stats    ]     Code Roots                     9116 us
[37.860s][info][gc,stats    ]   Rendezvous                        252 us
[37.860s][info][gc,stats    ]   Purge Unlinked                    696 us
[37.860s][info][gc,stats    ]     Code Roots                      690 us
[37.860s][info][gc,stats    ]     CLDG                              5 us
[37.860s][info][gc,stats    ]     Exception Caches                  0 us
[37.860s][info][gc,stats    ] Pause Final Roots (G)               218 us
[37.860s][info][gc,stats    ] Pause Final Roots (N)               134 us
[37.860s][info][gc,stats    ] Pacing                            66214 us
[37.860s][info][gc,stats    ] 
[37.860s][info][gc,stats    ] Allocation pacing accrued:
[37.860s][info][gc,stats    ]      33 of   173 ms ( 19.2%): Executor task launch worker for task 1.0 in stage 49.0 (TID 82)
[37.860s][info][gc,stats    ]      33 of   173 ms ( 19.0%): Executor task launch worker for task 0.0 in stage 49.0 (TID 81)
[37.860s][info][gc,stats    ]      66 of   173 ms ( 38.2%): <total>
[37.861s][info][gc,stats    ]       0 of   173 ms (  0.1%): <average total>
[37.861s][info][gc,stats    ]      33 of   173 ms ( 19.1%): <average non-zero>
[37.861s][info][gc,stats    ] 
[37.861s][info][gc,metaspace] Metaspace: 65420K(66112K)->65420K(66112K) NonClass: 57132K(57536K)->57132K(57536K) Class: 8288K(8576K)->8288K(8576K)
[37.861s][info][gc,ergo     ] Pacer for Idle. Initial: 41943K, Alloc Tax Rate: 1.0x
[37.875s][info][gc          ] Trigger: Learning 4 of 5. Free (1277M) is below initial threshold (1433M)
[37.876s][info][gc,ergo     ] Free: 1277M, Max: 1024K regular, 311M humongous, Frag: 76% external, 0% internal; Reserve: 103M, Max: 1024K
[37.876s][info][gc,start    ] GC(83) Concurrent reset
[37.876s][info][gc,task     ] GC(83) Using 1 of 3 workers for concurrent reset
[37.876s][info][gc,ergo     ] GC(83) Pacer for Reset. Non-Taxable: 2048M
[37.877s][info][gc          ] GC(83) Concurrent reset 1.183ms
[37.877s][info][gc,start    ] GC(83) Pause Init Mark (unload classes)
[37.877s][info][gc,task     ] GC(83) Using 3 of 3 workers for init marking
[37.877s][info][gc,ergo     ] GC(83) Pacer for Mark. Expected Live: 170M, Free: 1277M, Non-Taxable: 127M, Alloc Tax Rate: 0.2x
[37.877s][info][gc          ] GC(83) Pause Init Mark (unload classes) 0.236ms
[37.877s][info][gc,start    ] GC(83) Concurrent marking roots
[37.877s][info][gc,task     ] GC(83) Using 1 of 3 workers for concurrent marking roots
[37.888s][info][gc          ] GC(83) Concurrent marking roots 10.516ms
[37.888s][info][gc,start    ] GC(83) Concurrent marking (unload classes)
[37.888s][info][gc,task     ] GC(83) Using 1 of 3 workers for concurrent marking
[38.017s][info][gc          ] GC(83) Concurrent marking (unload classes) 129.222ms
[38.017s][info][gc,start    ] GC(83) Pause Final Mark (unload classes)
[38.017s][info][gc,task     ] GC(83) Using 3 of 3 workers for final marking
[38.017s][info][gc,ergo     ] GC(83) Collectable Garbage: 475M (96%), Immediate: 475M (96%), CSet: 0B (0%)
[38.017s][info][gc          ] GC(83) Pause Final Mark (unload classes) 0.226ms
[38.017s][info][gc,start    ] GC(83) Concurrent weak references
[38.017s][info][gc,task     ] GC(83) Using 1 of 3 workers for concurrent weak references
[38.018s][info][gc,ref      ] GC(83) Encountered references: Soft: 2909, Weak: 5786, Final: 51, Phantom: 579
[38.018s][info][gc,ref      ] GC(83) Discovered  references: Soft: 0, Weak: 717, Final: 0, Phantom: 260
[38.018s][info][gc,ref      ] GC(83) Enqueued    references: Soft: 0, Weak: 0, Final: 0, Phantom: 0
[38.018s][info][gc          ] GC(83) Concurrent weak references 0.162ms
[38.018s][info][gc,start    ] GC(83) Concurrent weak roots
[38.018s][info][gc,task     ] GC(83) Using 1 of 3 workers for concurrent weak root
[38.020s][info][gc          ] GC(83) Concurrent weak roots 2.855ms
[38.021s][info][gc,start    ] GC(83) Concurrent cleanup
[38.021s][info][gc          ] GC(83) Concurrent cleanup 1077M->602M(2048M) 0.087ms
[38.021s][info][gc,ergo     ] GC(83) Free: 1338M, Max: 1024K regular, 436M humongous, Frag: 68% external, 0% internal; Reserve: 103M, Max: 1024K
[38.021s][info][gc,start    ] GC(83) Concurrent class unloading
[38.021s][info][gc,task     ] GC(83) Using 1 of 3 workers for concurrent class unloading
[38.030s][info][gc          ] GC(83) Concurrent class unloading 9.555ms
[38.030s][info][gc,start    ] GC(83) Pause Final Roots
[38.030s][info][gc          ] GC(83) Pause Final Roots 0.035ms
[38.030s][info][gc,ergo     ] Free: 1330M, Max: 1024K regular, 436M humongous, Frag: 68% external, 0% internal; Reserve: 103M, Max: 1024K
[38.030s][info][gc,stats    ] 
[38.030s][info][gc,stats    ] All times are wall-clock times, except per-root-class counters, that are sum over
[38.030s][info][gc,stats    ] all workers. Dividing the <total> over the root stage time estimates parallelism.
[38.030s][info][gc,stats    ] 
[38.031s][info][gc,stats    ] Concurrent Reset                   1206 us
[38.031s][info][gc,stats    ] Pause Init Mark (G)                 377 us
[38.031s][info][gc,stats    ] Pause Init Mark (N)                 245 us
[38.031s][info][gc,stats    ]   Update Region States               82 us
[38.031s][info][gc,stats    ] Concurrent Mark Roots             10567 us, parallelism: 0.98x
[38.031s][info][gc,stats    ]   CMR: <total>                    10372 us
[38.031s][info][gc,stats    ]   CMR: Thread Roots               10287 us, workers (us): 10287, ---, ---, 
[38.031s][info][gc,stats    ]   CMR: VM Strong Roots               12 us, workers (us):  12, ---, ---, 
[38.031s][info][gc,stats    ]   CMR: CLDG Roots                    73 us, workers (us):  73, ---, ---, 
[38.031s][info][gc,stats    ] Concurrent Marking               129312 us
[38.031s][info][gc,stats    ] Pause Final Mark (G)                347 us
[38.031s][info][gc,stats    ] Pause Final Mark (N)                236 us
[38.031s][info][gc,stats    ]   Finish Mark                        88 us
[38.031s][info][gc,stats    ]   Update Region States               47 us
[38.031s][info][gc,stats    ]   Choose Collection Set              31 us
[38.031s][info][gc,stats    ]   Rebuild Free Set                    8 us
[38.031s][info][gc,stats    ] Concurrent Weak References          170 us, parallelism: 0.32x
[38.031s][info][gc,stats    ]   CWRF: <total>                      54 us
[38.031s][info][gc,stats    ]   CWRF: Weak References              54 us, workers (us):  54, ---, ---, 
[38.031s][info][gc,stats    ] Concurrent Weak Roots              2919 us
[38.031s][info][gc,stats    ]   Roots                            2638 us, parallelism: 0.96x
[38.031s][info][gc,stats    ]     CWR: <total>                   2545 us
[38.031s][info][gc,stats    ]     CWR: Code Cache Roots          1932 us, workers (us): 1932, ---, ---, 
[38.031s][info][gc,stats    ]     CWR: VM Weak Roots              567 us, workers (us): 567, ---, ---, 
[38.031s][info][gc,stats    ]     CWR: CLDG Roots                  47 us, workers (us):  47, ---, ---, 
[38.031s][info][gc,stats    ]   Rendezvous                        198 us
[38.031s][info][gc,stats    ] Concurrent Cleanup                  105 us
[38.031s][info][gc,stats    ] Concurrent Class Unloading         9592 us
[38.031s][info][gc,stats    ]   Unlink Stale                     8927 us
[38.031s][info][gc,stats    ]     System Dictionary                61 us
[38.031s][info][gc,stats    ]     Weak Class Links                  0 us
[38.031s][info][gc,stats    ]     Code Roots                     8864 us
[38.031s][info][gc,stats    ]   Rendezvous                        158 us
[38.031s][info][gc,stats    ]   Purge Unlinked                    435 us
[38.031s][info][gc,stats    ]     Code Roots                      431 us
[38.031s][info][gc,stats    ]     CLDG                              4 us
[38.031s][info][gc,stats    ]     Exception Caches                  0 us
[38.031s][info][gc,stats    ] Pause Final Roots (G)               136 us
[38.031s][info][gc,stats    ] Pause Final Roots (N)                45 us
[38.031s][info][gc,stats    ] Pacing                            40082 us
[38.031s][info][gc,stats    ] 
[38.031s][info][gc,stats    ] Allocation pacing accrued:
[38.031s][info][gc,stats    ]      20 of   170 ms ( 11.7%): Executor task launch worker for task 0.0 in stage 50.0 (TID 83)
[38.031s][info][gc,stats    ]      20 of   170 ms ( 11.8%): Executor task launch worker for task 1.0 in stage 50.0 (TID 84)
[38.031s][info][gc,stats    ]      40 of   170 ms ( 23.5%): <total>
[38.031s][info][gc,stats    ]       0 of   170 ms (  0.1%): <average total>
[38.031s][info][gc,stats    ]      20 of   170 ms ( 11.8%): <average non-zero>
[38.031s][info][gc,stats    ] 
[38.031s][info][gc,metaspace] Metaspace: 65420K(66112K)->65448K(66176K) NonClass: 57132K(57536K)->57157K(57536K) Class: 8288K(8576K)->8291K(8640K)
[38.031s][info][gc,ergo     ] Pacer for Idle. Initial: 41943K, Alloc Tax Rate: 1.0x
[38.032s][info][gc          ] Trigger: Learning 5 of 5. Free (1329M) is below initial threshold (1433M)
[38.033s][info][gc,ergo     ] Free: 1329M, Max: 1024K regular, 436M humongous, Frag: 67% external, 0% internal; Reserve: 103M, Max: 1024K
[38.033s][info][gc,start    ] GC(84) Concurrent reset
[38.033s][info][gc,task     ] GC(84) Using 1 of 3 workers for concurrent reset
[38.033s][info][gc,ergo     ] GC(84) Pacer for Reset. Non-Taxable: 2048M
[38.034s][info][gc          ] GC(84) Concurrent reset 1.107ms
[38.034s][info][gc,start    ] GC(84) Pause Init Mark (unload classes)
[38.034s][info][gc,task     ] GC(84) Using 3 of 3 workers for init marking
[38.034s][info][gc,ergo     ] GC(84) Pacer for Mark. Expected Live: 170M, Free: 1325M, Non-Taxable: 132M, Alloc Tax Rate: 0.2x
[38.034s][info][gc          ] GC(84) Pause Init Mark (unload classes) 0.133ms
[38.034s][info][gc,start    ] GC(84) Concurrent marking roots
[38.034s][info][gc,task     ] GC(84) Using 1 of 3 workers for concurrent marking roots
[38.045s][info][gc          ] GC(84) Concurrent marking roots 10.907ms
[38.045s][info][gc,start    ] GC(84) Concurrent marking (unload classes)
[38.045s][info][gc,task     ] GC(84) Using 1 of 3 workers for concurrent marking
[38.174s][info][gc          ] GC(84) Concurrent marking (unload classes) 128.539ms
[38.174s][info][gc,start    ] GC(84) Pause Final Mark (unload classes)
[38.174s][info][gc,task     ] GC(84) Using 3 of 3 workers for final marking
[38.174s][info][gc,ergo     ] GC(84) Collectable Garbage: 415M (94%), Immediate: 415M (94%), CSet: 0B (0%)
[38.174s][info][gc          ] GC(84) Pause Final Mark (unload classes) 0.242ms
[38.174s][info][gc,start    ] GC(84) Concurrent weak references
[38.174s][info][gc,task     ] GC(84) Using 1 of 3 workers for concurrent weak references
[38.174s][info][gc,ref      ] GC(84) Encountered references: Soft: 2925, Weak: 5895, Final: 51, Phantom: 579
[38.174s][info][gc,ref      ] GC(84) Discovered  references: Soft: 0, Weak: 939, Final: 0, Phantom: 260
[38.174s][info][gc,ref      ] GC(84) Enqueued    references: Soft: 0, Weak: 5, Final: 0, Phantom: 0
[38.174s][info][gc          ] GC(84) Concurrent weak references 0.215ms
[38.174s][info][gc,start    ] GC(84) Concurrent weak roots
[38.174s][info][gc,task     ] GC(84) Using 1 of 3 workers for concurrent weak root
[38.177s][info][gc          ] GC(84) Concurrent weak roots 2.555ms
[38.177s][info][gc,start    ] GC(84) Concurrent cleanup
[38.177s][info][gc          ] GC(84) Concurrent cleanup 623M->208M(2048M) 0.044ms
[38.177s][info][gc,ergo     ] GC(84) Free: 1734M, Max: 1024K regular, 925M humongous, Frag: 47% external, 0% internal; Reserve: 103M, Max: 1024K
[38.177s][info][gc,start    ] GC(84) Concurrent class unloading
[38.177s][info][gc,task     ] GC(84) Using 1 of 3 workers for concurrent class unloading
[38.185s][info][gc          ] GC(84) Concurrent class unloading 8.649ms
[38.186s][info][gc,start    ] GC(84) Pause Final Roots
[38.186s][info][gc          ] GC(84) Pause Final Roots 0.048ms
[38.186s][info][gc,ergo     ] Free: 1734M, Max: 1024K regular, 925M humongous, Frag: 47% external, 0% internal; Reserve: 103M, Max: 1024K
[38.186s][info][gc,stats    ] 
[38.186s][info][gc,stats    ] All times are wall-clock times, except per-root-class counters, that are sum over
[38.186s][info][gc,stats    ] all workers. Dividing the <total> over the root stage time estimates parallelism.
[38.186s][info][gc,stats    ] 
[38.186s][info][gc,stats    ] Concurrent Reset                   1183 us
[38.186s][info][gc,stats    ] Pause Init Mark (G)                 294 us
[38.186s][info][gc,stats    ] Pause Init Mark (N)                 142 us
[38.186s][info][gc,stats    ]   Update Region States               49 us
[38.186s][info][gc,stats    ] Concurrent Mark Roots             10967 us, parallelism: 0.98x
[38.186s][info][gc,stats    ]   CMR: <total>                    10731 us
[38.186s][info][gc,stats    ]   CMR: Thread Roots               10604 us, workers (us): 10604, ---, ---, 
[38.186s][info][gc,stats    ]   CMR: VM Strong Roots               12 us, workers (us):  12, ---, ---, 
[38.186s][info][gc,stats    ]   CMR: CLDG Roots                   115 us, workers (us): 115, ---, ---, 
[38.186s][info][gc,stats    ] Concurrent Marking               128593 us
[38.186s][info][gc,stats    ] Pause Final Mark (G)                301 us
[38.186s][info][gc,stats    ] Pause Final Mark (N)                251 us
[38.186s][info][gc,stats    ]   Finish Mark                       101 us
[38.186s][info][gc,stats    ]   Update Region States               43 us
[38.186s][info][gc,stats    ]   Choose Collection Set              35 us
[38.186s][info][gc,stats    ]   Rebuild Free Set                    8 us
[38.186s][info][gc,stats    ] Concurrent Weak References          222 us, parallelism: 0.36x
[38.186s][info][gc,stats    ]   CWRF: <total>                      79 us
[38.186s][info][gc,stats    ]   CWRF: Weak References              79 us, workers (us):  79, ---, ---, 
[38.186s][info][gc,stats    ] Concurrent Weak Roots              2601 us
[38.186s][info][gc,stats    ]   Roots                            2383 us, parallelism: 0.96x
[38.186s][info][gc,stats    ]     CWR: <total>                   2282 us
[38.186s][info][gc,stats    ]     CWR: Code Cache Roots          1766 us, workers (us): 1766, ---, ---, 
[38.186s][info][gc,stats    ]     CWR: VM Weak Roots              466 us, workers (us): 466, ---, ---, 
[38.186s][info][gc,stats    ]     CWR: CLDG Roots                  49 us, workers (us):  49, ---, ---, 
[38.186s][info][gc,stats    ]   Rendezvous                        153 us
[38.186s][info][gc,stats    ] Concurrent Cleanup                   53 us
[38.186s][info][gc,stats    ] Concurrent Class Unloading         8720 us
[38.186s][info][gc,stats    ]   Unlink Stale                     7733 us
[38.186s][info][gc,stats    ]     System Dictionary                46 us
[38.186s][info][gc,stats    ]     Weak Class Links                  0 us
[38.186s][info][gc,stats    ]     Code Roots                     7686 us
[38.186s][info][gc,stats    ]   Rendezvous                        207 us
[38.186s][info][gc,stats    ]   Purge Unlinked                    689 us
[38.186s][info][gc,stats    ]     Code Roots                      674 us
[38.186s][info][gc,stats    ]     CLDG                             14 us
[38.186s][info][gc,stats    ]     Exception Caches                  0 us
[38.186s][info][gc,stats    ] Pause Final Roots (G)               113 us
[38.186s][info][gc,stats    ] Pause Final Roots (N)                57 us
[38.186s][info][gc,stats    ] 
[38.186s][info][gc,stats    ] Allocation pacing accrued:
[38.186s][info][gc,stats    ]       0 of   155 ms (  0.0%): <total>
[38.186s][info][gc,stats    ]       0 of   155 ms (  0.0%): <average total>
[38.186s][info][gc,stats    ] 
[38.186s][info][gc,metaspace] Metaspace: 65449K(66176K)->65457K(66240K) NonClass: 57157K(57536K)->57165K(57600K) Class: 8291K(8640K)->8291K(8640K)
[38.186s][info][gc,ergo     ] Pacer for Idle. Initial: 41943K, Alloc Tax Rate: 1.0x
[38.193s][info][gc          ] Trigger: Explicit GC request (System.gc())
[38.194s][info][gc,ergo     ] Free: 1734M, Max: 1024K regular, 925M humongous, Frag: 47% external, 0% internal; Reserve: 103M, Max: 1024K
[38.194s][info][gc,start    ] GC(85) Concurrent reset
[38.194s][info][gc,task     ] GC(85) Using 1 of 3 workers for concurrent reset
[38.194s][info][gc,ergo     ] GC(85) Pacer for Reset. Non-Taxable: 2048M
[38.195s][info][gc          ] GC(85) Concurrent reset 1.303ms
[38.195s][info][gc,start    ] GC(85) Pause Init Mark (unload classes)
[38.195s][info][gc,task     ] GC(85) Using 3 of 3 workers for init marking
[38.195s][info][gc,ref      ] GC(85) Clearing All SoftReferences
[38.195s][info][gc,ergo     ] GC(85) Pacer for Mark. Expected Live: 170M, Free: 1734M, Non-Taxable: 173M, Alloc Tax Rate: 0.1x
[38.195s][info][gc          ] GC(85) Pause Init Mark (unload classes) 0.195ms
[38.195s][info][gc,start    ] GC(85) Concurrent marking roots
[38.195s][info][gc,task     ] GC(85) Using 1 of 3 workers for concurrent marking roots
[38.205s][info][gc          ] GC(85) Concurrent marking roots 10.030ms
[38.205s][info][gc,start    ] GC(85) Concurrent marking (unload classes)
[38.205s][info][gc,task     ] GC(85) Using 1 of 3 workers for concurrent marking
[38.331s][info][gc          ] GC(85) Concurrent marking (unload classes) 125.650ms
[38.331s][info][gc,start    ] GC(85) Pause Final Mark (unload classes)
[38.331s][info][gc,task     ] GC(85) Using 3 of 3 workers for final marking
[38.331s][info][gc,ergo     ] GC(85) Adaptive CSet Selection. Target Free: 290M, Actual Free: 1829M, Max CSet: 87381K, Min Garbage: 0B
[38.332s][info][gc,ergo     ] GC(85) Collectable Garbage: 35714K (90%), Immediate: 1024K (2%), CSet: 34690K (87%)
[38.332s][info][gc,ergo     ] GC(85) Pacer for Evacuation. Used CSet: 35550K, Free: 1734M, Non-Taxable: 173M, Alloc Tax Rate: 1.1x
[38.332s][info][gc          ] GC(85) Pause Final Mark (unload classes) 0.522ms
[38.332s][info][gc,start    ] GC(85) Concurrent thread roots
[38.332s][info][gc,task     ] GC(85) Using 1 of 3 workers for Concurrent thread roots
[38.342s][info][gc          ] GC(85) Concurrent thread roots 10.493ms
[38.342s][info][gc,start    ] GC(85) Concurrent weak references
[38.342s][info][gc,task     ] GC(85) Using 1 of 3 workers for concurrent weak references
[38.343s][info][gc,ref      ] GC(85) Encountered references: Soft: 2824, Weak: 5800, Final: 51, Phantom: 579
[38.343s][info][gc,ref      ] GC(85) Discovered  references: Soft: 658, Weak: 950, Final: 0, Phantom: 337
[38.343s][info][gc,ref      ] GC(85) Enqueued    references: Soft: 296, Weak: 157, Final: 0, Phantom: 0
[38.343s][info][gc          ] GC(85) Concurrent weak references 0.355ms
[38.343s][info][gc,start    ] GC(85) Concurrent weak roots
[38.343s][info][gc,task     ] GC(85) Using 1 of 3 workers for concurrent weak root
[38.346s][info][gc          ] GC(85) Concurrent weak roots 3.257ms
[38.346s][info][gc,start    ] GC(85) Concurrent cleanup
[38.346s][info][gc          ] GC(85) Concurrent cleanup 220M->219M(2048M) 0.026ms
[38.346s][info][gc,ergo     ] GC(85) Free: 1724M, Max: 1024K regular, 925M humongous, Frag: 47% external, 0% internal; Reserve: 102M, Max: 1024K
[38.346s][info][gc,start    ] GC(85) Concurrent class unloading
[38.346s][info][gc,task     ] GC(85) Using 1 of 3 workers for concurrent class unloading
[38.362s][info][gc          ] GC(85) Concurrent class unloading 16.119ms
[38.362s][info][gc,start    ] GC(85) Concurrent strong roots
[38.362s][info][gc,task     ] GC(85) Using 1 of 3 workers for concurrent strong root
[38.363s][info][gc          ] GC(85) Concurrent strong roots 0.554ms
[38.363s][info][gc,start    ] GC(85) Concurrent evacuation
[38.363s][info][gc,task     ] GC(85) Using 1 of 3 workers for concurrent evacuation
[38.363s][info][gc          ] GC(85) Concurrent evacuation 0.510ms
[38.363s][info][gc,start    ] GC(85) Pause Init Update Refs
[38.363s][info][gc,ergo     ] GC(85) Pacer for Update Refs. Used: 219M, Free: 1724M, Non-Taxable: 172M, Alloc Tax Rate: 1.1x
[38.363s][info][gc          ] GC(85) Pause Init Update Refs 0.058ms
[38.363s][info][gc,start    ] GC(85) Concurrent update references
[38.363s][info][gc,task     ] GC(85) Using 1 of 3 workers for concurrent reference update
[38.426s][info][gc          ] GC(85) Concurrent update references 62.175ms
[38.426s][info][gc,start    ] GC(85) Concurrent update thread roots
[38.436s][info][gc          ] GC(85) Concurrent update thread roots 10.591ms
[38.436s][info][gc,start    ] GC(85) Pause Final Update Refs
[38.436s][info][gc,task     ] GC(85) Using 3 of 3 workers for final reference update
[38.436s][info][gc          ] GC(85) Pause Final Update Refs 0.145ms
[38.437s][info][gc,start    ] GC(85) Concurrent cleanup
[38.437s][info][gc          ] GC(85) Concurrent cleanup 220M->185M(2048M) 0.033ms
[38.437s][info][gc,ergo     ] Free: 1757M, Max: 1024K regular, 1400M humongous, Frag: 20% external, 0% internal; Reserve: 103M, Max: 1024K
[38.437s][info][gc,stats    ] 
[38.437s][info][gc,stats    ] All times are wall-clock times, except per-root-class counters, that are sum over
[38.437s][info][gc,stats    ] all workers. Dividing the <total> over the root stage time estimates parallelism.
[38.437s][info][gc,stats    ] 
[38.437s][info][gc,stats    ] Concurrent Reset                   1321 us
[38.437s][info][gc,stats    ] Pause Init Mark (G)                 314 us
[38.437s][info][gc,stats    ] Pause Init Mark (N)                 212 us
[38.437s][info][gc,stats    ]   Update Region States               62 us
[38.437s][info][gc,stats    ] Concurrent Mark Roots             10076 us, parallelism: 0.98x
[38.437s][info][gc,stats    ]   CMR: <total>                     9887 us
[38.437s][info][gc,stats    ]   CMR: Thread Roots                9717 us, workers (us): 9717, ---, ---, 
[38.437s][info][gc,stats    ]   CMR: VM Strong Roots               17 us, workers (us):  17, ---, ---, 
[38.437s][info][gc,stats    ]   CMR: CLDG Roots                   153 us, workers (us): 153, ---, ---, 
[38.437s][info][gc,stats    ] Concurrent Marking               125729 us
[38.437s][info][gc,stats    ] Pause Final Mark (G)                681 us
[38.437s][info][gc,stats    ] Pause Final Mark (N)                539 us
[38.437s][info][gc,stats    ]   Finish Mark                       178 us
[38.437s][info][gc,stats    ]   Update Region States              113 us
[38.437s][info][gc,stats    ]   Choose Collection Set              97 us
[38.437s][info][gc,stats    ]   Rebuild Free Set                   18 us
[38.437s][info][gc,stats    ] Concurrent Thread Roots           10540 us, parallelism: 0.96x
[38.437s][info][gc,stats    ]   CTR: <total>                    10104 us
[38.437s][info][gc,stats    ]   CTR: Thread Roots               10104 us, workers (us): 10104, ---, ---, 
[38.437s][info][gc,stats    ] Concurrent Weak References          371 us, parallelism: 0.47x
[38.437s][info][gc,stats    ]   CWRF: <total>                     174 us
[38.437s][info][gc,stats    ]   CWRF: Weak References             174 us, workers (us): 174, ---, ---, 
[38.437s][info][gc,stats    ] Concurrent Weak Roots              3300 us
[38.437s][info][gc,stats    ]   Roots                            3039 us, parallelism: 0.98x
[38.437s][info][gc,stats    ]     CWR: <total>                   2977 us
[38.437s][info][gc,stats    ]     CWR: Code Cache Roots          2245 us, workers (us): 2245, ---, ---, 
[38.437s][info][gc,stats    ]     CWR: VM Weak Roots              664 us, workers (us): 664, ---, ---, 
[38.437s][info][gc,stats    ]     CWR: CLDG Roots                  68 us, workers (us):  68, ---, ---, 
[38.437s][info][gc,stats    ]   Rendezvous                        184 us
[38.437s][info][gc,stats    ] Concurrent Cleanup                   35 us
[38.437s][info][gc,stats    ] Concurrent Class Unloading        16166 us
[38.437s][info][gc,stats    ]   Unlink Stale                    15047 us
[38.437s][info][gc,stats    ]     System Dictionary               646 us
[38.437s][info][gc,stats    ]     Weak Class Links               5773 us
[38.437s][info][gc,stats    ]     Code Roots                     8625 us
[38.437s][info][gc,stats    ]   Rendezvous                        201 us
[38.437s][info][gc,stats    ]   Purge Unlinked                    851 us
[38.437s][info][gc,stats    ]     Code Roots                      464 us
[38.437s][info][gc,stats    ]     CLDG                            386 us
[38.437s][info][gc,stats    ]     Exception Caches                  0 us
[38.437s][info][gc,stats    ] Concurrent Strong Roots             571 us, parallelism: 0.73x
[38.437s][info][gc,stats    ]   CSR: <total>                      415 us
[38.437s][info][gc,stats    ]   CSR: VM Strong Roots               22 us, workers (us):  22, ---, ---, 
[38.437s][info][gc,stats    ]   CSR: CLDG Roots                   393 us, workers (us): 393, ---, ---, 
[38.437s][info][gc,stats    ] Concurrent Evacuation               532 us
[38.437s][info][gc,stats    ] Pause Init Update Refs (G)          137 us
[38.437s][info][gc,stats    ] Pause Init Update Refs (N)           66 us
[38.437s][info][gc,stats    ]   Manage GCLABs                      11 us
[38.437s][info][gc,stats    ] Concurrent Update Refs            62255 us
[38.437s][info][gc,stats    ] Concurrent Update Thread Roots    10637 us
[38.437s][info][gc,stats    ] Pause Final Update Refs (G)         238 us
[38.437s][info][gc,stats    ] Pause Final Update Refs (N)         163 us
[38.437s][info][gc,stats    ]   Update Region States               70 us
[38.437s][info][gc,stats    ]   Trash Collection Set                3 us
[38.437s][info][gc,stats    ]   Rebuild Free Set                   21 us
[38.437s][info][gc,stats    ] Concurrent Cleanup                   42 us
[38.437s][info][gc,stats    ] 
[38.437s][info][gc,stats    ] Allocation pacing accrued:
[38.437s][info][gc,stats    ]       0 of   251 ms (  0.0%): <total>
[38.437s][info][gc,stats    ]       0 of   251 ms (  0.0%): <average total>
[38.437s][info][gc,stats    ] 
[38.437s][info][gc,metaspace] Metaspace: 65457K(66240K)->65136K(66176K) NonClass: 57165K(57600K)->56899K(57600K) Class: 8291K(8640K)->8236K(8576K)
[38.437s][info][gc,ergo     ] Pacer for Idle. Initial: 41943K, Alloc Tax Rate: 1.0x
[38.598s][info][gc          ] Trigger: Learning 2 of 5. Free (1430M) is below initial threshold (1433M)
[38.598s][info][gc,ergo     ] Free: 1430M, Max: 1024K regular, 1400M humongous, Frag: 2% external, 0% internal; Reserve: 103M, Max: 1024K
[38.598s][info][gc,start    ] GC(86) Concurrent reset
[38.598s][info][gc,task     ] GC(86) Using 1 of 3 workers for concurrent reset
[38.598s][info][gc,ergo     ] GC(86) Pacer for Reset. Non-Taxable: 2048M
[38.599s][info][gc          ] GC(86) Concurrent reset 0.814ms
[38.599s][info][gc,start    ] GC(86) Pause Init Mark (unload classes)
[38.599s][info][gc,task     ] GC(86) Using 3 of 3 workers for init marking
[38.599s][info][gc,ergo     ] GC(86) Pacer for Mark. Expected Live: 170M, Free: 1430M, Non-Taxable: 143M, Alloc Tax Rate: 0.1x
[38.599s][info][gc          ] GC(86) Pause Init Mark (unload classes) 0.208ms
[38.599s][info][gc,start    ] GC(86) Concurrent marking roots
[38.599s][info][gc,task     ] GC(86) Using 1 of 3 workers for concurrent marking roots
[38.609s][info][gc          ] GC(86) Concurrent marking roots 10.257ms
[38.609s][info][gc,start    ] GC(86) Concurrent marking (unload classes)
[38.609s][info][gc,task     ] GC(86) Using 1 of 3 workers for concurrent marking
[38.739s][info][gc          ] GC(86) Concurrent marking (unload classes) 130.012ms
[38.739s][info][gc,start    ] GC(86) Pause Final Mark (unload classes)
[38.739s][info][gc,task     ] GC(86) Using 3 of 3 workers for final marking
[38.740s][info][gc,ergo     ] GC(86) Adaptive CSet Selection. Target Free: 290M, Actual Free: 1404M, Max CSet: 87381K, Min Garbage: 0B
[38.740s][info][gc,ergo     ] GC(86) Collectable Garbage: 334M (98%), Immediate: 299M (88%), CSet: 36377K (10%)
[38.740s][info][gc,ergo     ] GC(86) Pacer for Evacuation. Used CSet: 38471K, Free: 1313M, Non-Taxable: 131M, Alloc Tax Rate: 1.1x
[38.740s][info][gc          ] GC(86) Pause Final Mark (unload classes) 0.428ms
[38.740s][info][gc,start    ] GC(86) Concurrent thread roots
[38.740s][info][gc,task     ] GC(86) Using 1 of 3 workers for Concurrent thread roots
[38.750s][info][gc          ] GC(86) Concurrent thread roots 10.533ms
[38.750s][info][gc,start    ] GC(86) Concurrent weak references
[38.750s][info][gc,task     ] GC(86) Using 1 of 3 workers for concurrent weak references
[38.751s][info][gc,ref      ] GC(86) Encountered references: Soft: 2909, Weak: 5897, Final: 51, Phantom: 579
[38.751s][info][gc,ref      ] GC(86) Discovered  references: Soft: 0, Weak: 875, Final: 0, Phantom: 260
[38.751s][info][gc,ref      ] GC(86) Enqueued    references: Soft: 0, Weak: 93, Final: 0, Phantom: 0
[38.751s][info][gc          ] GC(86) Concurrent weak references 0.315ms
[38.751s][info][gc,start    ] GC(86) Concurrent weak roots
[38.751s][info][gc,task     ] GC(86) Using 1 of 3 workers for concurrent weak root
[38.754s][info][gc          ] GC(86) Concurrent weak roots 3.661ms
[38.755s][info][gc,start    ] GC(86) Concurrent cleanup
[38.755s][info][gc          ] GC(86) Concurrent cleanup 975M->676M(2048M) 0.046ms
[38.755s][info][gc,ergo     ] GC(86) Free: 1267M, Max: 1024K regular, 956M humongous, Frag: 25% external, 0% internal; Reserve: 102M, Max: 1024K
[38.755s][info][gc,start    ] GC(86) Concurrent class unloading
[38.755s][info][gc,task     ] GC(86) Using 1 of 3 workers for concurrent class unloading
[38.772s][info][gc          ] GC(86) Concurrent class unloading 17.571ms
[38.772s][info][gc,start    ] GC(86) Concurrent strong roots
[38.772s][info][gc,task     ] GC(86) Using 1 of 3 workers for concurrent strong root
[38.773s][info][gc          ] GC(86) Concurrent strong roots 0.393ms
[38.773s][info][gc,start    ] GC(86) Concurrent evacuation
[38.773s][info][gc,task     ] GC(86) Using 1 of 3 workers for concurrent evacuation
[38.774s][info][gc          ] GC(86) Concurrent evacuation 1.182ms
[38.774s][info][gc,start    ] GC(86) Pause Init Update Refs
[38.774s][info][gc,ergo     ] GC(86) Pacer for Update Refs. Used: 733M, Free: 1212M, Non-Taxable: 121M, Alloc Tax Rate: 1.1x
[38.774s][info][gc          ] GC(86) Pause Init Update Refs 0.066ms
[38.774s][info][gc,start    ] GC(86) Concurrent update references
[38.774s][info][gc,task     ] GC(86) Using 1 of 3 workers for concurrent reference update
[38.948s][info][gc          ] GC(86) Concurrent update references 173.498ms
[38.948s][info][gc,start    ] GC(86) Concurrent update thread roots
[38.957s][info][gc          ] GC(86) Concurrent update thread roots 9.310ms
[38.957s][info][gc,start    ] GC(86) Pause Final Update Refs
[38.957s][info][gc,task     ] GC(86) Using 3 of 3 workers for final reference update
[38.957s][info][gc          ] GC(86) Pause Final Update Refs 0.155ms
[38.957s][info][gc,start    ] GC(86) Concurrent cleanup
[38.957s][info][gc          ] GC(86) Concurrent cleanup 1233M->1195M(2048M) 0.061ms
[38.958s][info][gc,ergo     ] Free: 746M, Max: 1024K regular, 701M humongous, Frag: 5% external, 0% internal; Reserve: 103M, Max: 1024K
[38.958s][info][gc,stats    ] 
[38.958s][info][gc,stats    ] All times are wall-clock times, except per-root-class counters, that are sum over
[38.958s][info][gc,stats    ] all workers. Dividing the <total> over the root stage time estimates parallelism.
[38.958s][info][gc,stats    ] 
[38.958s][info][gc,stats    ] Concurrent Reset                    865 us
[38.958s][info][gc,stats    ] Pause Init Mark (G)                 374 us
[38.958s][info][gc,stats    ] Pause Init Mark (N)                 229 us
[38.958s][info][gc,stats    ]   Update Region States               68 us
[38.958s][info][gc,stats    ] Concurrent Mark Roots             10300 us, parallelism: 0.98x
[38.958s][info][gc,stats    ]   CMR: <total>                    10082 us
[38.958s][info][gc,stats    ]   CMR: Thread Roots               10000 us, workers (us): 10000, ---, ---, 
[38.958s][info][gc,stats    ]   CMR: VM Strong Roots               14 us, workers (us):  14, ---, ---, 
[38.958s][info][gc,stats    ]   CMR: CLDG Roots                    68 us, workers (us):  68, ---, ---, 
[38.958s][info][gc,stats    ] Concurrent Marking               130062 us
[38.958s][info][gc,stats    ] Pause Final Mark (G)                585 us
[38.958s][info][gc,stats    ] Pause Final Mark (N)                445 us
[38.958s][info][gc,stats    ]   Finish Mark                       119 us
[38.958s][info][gc,stats    ]   Update Region States               59 us
[38.958s][info][gc,stats    ]   Choose Collection Set             132 us
[38.958s][info][gc,stats    ]   Rebuild Free Set                   17 us
[38.958s][info][gc,stats    ] Concurrent Thread Roots           10575 us, parallelism: 0.99x
[38.958s][info][gc,stats    ]   CTR: <total>                    10419 us
[38.958s][info][gc,stats    ]   CTR: Thread Roots               10419 us, workers (us): 10419, ---, ---, 
[38.958s][info][gc,stats    ] Concurrent Weak References          331 us, parallelism: 0.40x
[38.958s][info][gc,stats    ]   CWRF: <total>                     134 us
[38.958s][info][gc,stats    ]   CWRF: Weak References             134 us, workers (us): 134, ---, ---, 
[38.958s][info][gc,stats    ] Concurrent Weak Roots              3715 us
[38.958s][info][gc,stats    ]   Roots                            3352 us, parallelism: 0.98x
[38.958s][info][gc,stats    ]     CWR: <total>                   3289 us
[38.958s][info][gc,stats    ]     CWR: Code Cache Roots          2250 us, workers (us): 2250, ---, ---, 
[38.958s][info][gc,stats    ]     CWR: VM Weak Roots              976 us, workers (us): 976, ---, ---, 
[38.958s][info][gc,stats    ]     CWR: CLDG Roots                  63 us, workers (us):  63, ---, ---, 
[38.958s][info][gc,stats    ]   Rendezvous                        275 us
[38.958s][info][gc,stats    ] Concurrent Cleanup                   54 us
[38.958s][info][gc,stats    ] Concurrent Class Unloading        17641 us
[38.958s][info][gc,stats    ]   Unlink Stale                    16809 us
[38.958s][info][gc,stats    ]     System Dictionary               195 us
[38.958s][info][gc,stats    ]     Weak Class Links               7108 us
[38.958s][info][gc,stats    ]     Code Roots                     9504 us
[38.958s][info][gc,stats    ]   Rendezvous                        205 us
[38.958s][info][gc,stats    ]   Purge Unlinked                    533 us
[38.958s][info][gc,stats    ]     Code Roots                      508 us
[38.958s][info][gc,stats    ]     CLDG                             24 us
[38.958s][info][gc,stats    ]     Exception Caches                  0 us
[38.958s][info][gc,stats    ] Concurrent Strong Roots             432 us, parallelism: 0.56x
[38.958s][info][gc,stats    ]   CSR: <total>                      243 us
[38.958s][info][gc,stats    ]   CSR: VM Strong Roots               14 us, workers (us):  14, ---, ---, 
[38.958s][info][gc,stats    ]   CSR: CLDG Roots                   229 us, workers (us): 229, ---, ---, 
[38.958s][info][gc,stats    ] Concurrent Evacuation              1218 us
[38.958s][info][gc,stats    ] Pause Init Update Refs (G)          247 us
[38.958s][info][gc,stats    ] Pause Init Update Refs (N)           74 us
[38.958s][info][gc,stats    ]   Manage GCLABs                      13 us
[38.958s][info][gc,stats    ] Concurrent Update Refs           173565 us
[38.958s][info][gc,stats    ] Concurrent Update Thread Roots     9378 us
[38.958s][info][gc,stats    ] Pause Final Update Refs (G)         349 us
[38.958s][info][gc,stats    ] Pause Final Update Refs (N)         194 us
[38.958s][info][gc,stats    ]   Update Region States               64 us
[38.958s][info][gc,stats    ]   Trash Collection Set                6 us
[38.958s][info][gc,stats    ]   Rebuild Free Set                   22 us
[38.958s][info][gc,stats    ] Concurrent Cleanup                   82 us
[38.958s][info][gc,stats    ] Pacing                            55896 us
[38.958s][info][gc,stats    ] 
[38.958s][info][gc,stats    ] Allocation pacing accrued:
[38.958s][info][gc,stats    ]      36 of   521 ms (  6.9%): Executor task launch worker for task 1.0 in stage 52.0 (TID 87)
[38.958s][info][gc,stats    ]      20 of   521 ms (  3.8%): Executor task launch worker for task 0.0 in stage 52.0 (TID 86)
[38.958s][info][gc,stats    ]      56 of   521 ms ( 10.7%): <total>
[38.958s][info][gc,stats    ]       0 of   521 ms (  0.0%): <average total>
[38.958s][info][gc,stats    ]      28 of   521 ms (  5.4%): <average non-zero>
[38.958s][info][gc,stats    ] 
[38.958s][info][gc,metaspace] Metaspace: 65466K(66176K)->65464K(66176K) NonClass: 57177K(57600K)->57176K(57600K) Class: 8288K(8576K)->8288K(8576K)
[38.958s][info][gc,ergo     ] Pacer for Idle. Initial: 41943K, Alloc Tax Rate: 1.0x
[38.964s][info][gc          ] Trigger: Learning 3 of 5. Free (724M) is below initial threshold (1433M)
[38.964s][info][gc,ergo     ] Free: 724M, Max: 1024K regular, 701M humongous, Frag: 2% external, 0% internal; Reserve: 103M, Max: 1024K
[38.964s][info][gc,start    ] GC(87) Concurrent reset
[38.964s][info][gc,task     ] GC(87) Using 1 of 3 workers for concurrent reset
[38.964s][info][gc,ergo     ] GC(87) Pacer for Reset. Non-Taxable: 2048M
[38.965s][info][gc          ] GC(87) Concurrent reset 1.124ms
[38.965s][info][gc,start    ] GC(87) Pause Init Mark (unload classes)
[38.965s][info][gc,task     ] GC(87) Using 3 of 3 workers for init marking
[38.965s][info][gc,ergo     ] GC(87) Pacer for Mark. Expected Live: 170M, Free: 721M, Non-Taxable: 73880K, Alloc Tax Rate: 0.3x
[38.965s][info][gc          ] GC(87) Pause Init Mark (unload classes) 0.161ms
[38.965s][info][gc,start    ] GC(87) Concurrent marking roots
[38.965s][info][gc,task     ] GC(87) Using 1 of 3 workers for concurrent marking roots
[38.976s][info][gc          ] GC(87) Concurrent marking roots 10.373ms
[38.976s][info][gc,start    ] GC(87) Concurrent marking (unload classes)
[38.976s][info][gc,task     ] GC(87) Using 1 of 3 workers for concurrent marking
[39.105s][info][gc          ] GC(87) Concurrent marking (unload classes) 129.480ms
[39.105s][info][gc,start    ] GC(87) Pause Final Mark (unload classes)
[39.105s][info][gc,task     ] GC(87) Using 3 of 3 workers for final marking
[39.106s][info][gc,ergo     ] GC(87) Collectable Garbage: 1031M (98%), Immediate: 1031M (98%), CSet: 0B (0%)
[39.106s][info][gc          ] GC(87) Pause Final Mark (unload classes) 0.220ms
[39.106s][info][gc,start    ] GC(87) Concurrent weak references
[39.106s][info][gc,task     ] GC(87) Using 1 of 3 workers for concurrent weak references
[39.106s][info][gc,ref      ] GC(87) Encountered references: Soft: 2909, Weak: 5804, Final: 51, Phantom: 579
[39.106s][info][gc,ref      ] GC(87) Discovered  references: Soft: 0, Weak: 783, Final: 0, Phantom: 260
[39.106s][info][gc,ref      ] GC(87) Enqueued    references: Soft: 0, Weak: 16, Final: 0, Phantom: 0
[39.106s][info][gc          ] GC(87) Concurrent weak references 0.224ms
[39.106s][info][gc,start    ] GC(87) Concurrent weak roots
[39.106s][info][gc,task     ] GC(87) Using 1 of 3 workers for concurrent weak root
[39.109s][info][gc          ] GC(87) Concurrent weak roots 3.161ms
[39.109s][info][gc,start    ] GC(87) Concurrent cleanup
[39.109s][info][gc          ] GC(87) Concurrent cleanup 1631M->601M(2048M) 0.129ms
[39.109s][info][gc,ergo     ] GC(87) Free: 1341M, Max: 1024K regular, 429M humongous, Frag: 68% external, 0% internal; Reserve: 103M, Max: 1024K
[39.109s][info][gc,start    ] GC(87) Concurrent class unloading
[39.109s][info][gc,task     ] GC(87) Using 1 of 3 workers for concurrent class unloading
[39.119s][info][gc          ] GC(87) Concurrent class unloading 9.547ms
[39.119s][info][gc,start    ] GC(87) Pause Final Roots
[39.119s][info][gc          ] GC(87) Pause Final Roots 0.046ms
[39.119s][info][gc,ergo     ] Free: 1305M, Max: 1024K regular, 429M humongous, Frag: 67% external, 0% internal; Reserve: 103M, Max: 1024K
[39.119s][info][gc,stats    ] 
[39.119s][info][gc,stats    ] All times are wall-clock times, except per-root-class counters, that are sum over
[39.119s][info][gc,stats    ] all workers. Dividing the <total> over the root stage time estimates parallelism.
[39.119s][info][gc,stats    ] 
[39.119s][info][gc,stats    ] Concurrent Reset                   1249 us
[39.119s][info][gc,stats    ] Pause Init Mark (G)                 346 us
[39.119s][info][gc,stats    ] Pause Init Mark (N)                 173 us
[39.119s][info][gc,stats    ]   Update Region States               48 us
[39.119s][info][gc,stats    ] Concurrent Mark Roots             10438 us, parallelism: 0.97x
[39.119s][info][gc,stats    ]   CMR: <total>                    10165 us
[39.119s][info][gc,stats    ]   CMR: Thread Roots               10054 us, workers (us): 10054, ---, ---, 
[39.119s][info][gc,stats    ]   CMR: VM Strong Roots               13 us, workers (us):  13, ---, ---, 
[39.119s][info][gc,stats    ]   CMR: CLDG Roots                    99 us, workers (us):  99, ---, ---, 
[39.119s][info][gc,stats    ] Concurrent Marking               129543 us
[39.119s][info][gc,stats    ] Pause Final Mark (G)                422 us
[39.119s][info][gc,stats    ] Pause Final Mark (N)                239 us
[39.119s][info][gc,stats    ]   Finish Mark                        52 us
[39.119s][info][gc,stats    ]   Update Region States               39 us
[39.119s][info][gc,stats    ]   Choose Collection Set              65 us
[39.119s][info][gc,stats    ]   Rebuild Free Set                   17 us
[39.119s][info][gc,stats    ] Concurrent Weak References          232 us, parallelism: 0.31x
[39.119s][info][gc,stats    ]   CWRF: <total>                      72 us
[39.119s][info][gc,stats    ]   CWRF: Weak References              72 us, workers (us):  72, ---, ---, 
[39.119s][info][gc,stats    ] Concurrent Weak Roots              3200 us
[39.119s][info][gc,stats    ]   Roots                            2916 us, parallelism: 0.97x
[39.119s][info][gc,stats    ]     CWR: <total>                   2819 us
[39.119s][info][gc,stats    ]     CWR: Code Cache Roots          2244 us, workers (us): 2244, ---, ---, 
[39.119s][info][gc,stats    ]     CWR: VM Weak Roots              525 us, workers (us): 525, ---, ---, 
[39.119s][info][gc,stats    ]     CWR: CLDG Roots                  50 us, workers (us):  50, ---, ---, 
[39.119s][info][gc,stats    ]   Rendezvous                        228 us
[39.119s][info][gc,stats    ] Concurrent Cleanup                  146 us
[39.119s][info][gc,stats    ] Concurrent Class Unloading         9601 us
[39.119s][info][gc,stats    ]   Unlink Stale                     8760 us
[39.119s][info][gc,stats    ]     System Dictionary                66 us
[39.119s][info][gc,stats    ]     Weak Class Links                  0 us
[39.119s][info][gc,stats    ]     Code Roots                     8692 us
[39.119s][info][gc,stats    ]   Rendezvous                        234 us
[39.120s][info][gc,stats    ]   Purge Unlinked                    519 us
[39.120s][info][gc,stats    ]     Code Roots                      509 us
[39.120s][info][gc,stats    ]     CLDG                             10 us
[39.120s][info][gc,stats    ]     Exception Caches                  0 us
[39.120s][info][gc,stats    ] Pause Final Roots (G)               168 us
[39.120s][info][gc,stats    ] Pause Final Roots (N)                56 us
[39.120s][info][gc,stats    ] Pacing                            37198 us
[39.120s][info][gc,stats    ] 
[39.120s][info][gc,stats    ] Allocation pacing accrued:
[39.120s][info][gc,stats    ]      19 of   161 ms ( 11.5%): Executor task launch worker for task 1.0 in stage 52.0 (TID 87)
[39.120s][info][gc,stats    ]      19 of   161 ms ( 11.5%): Executor task launch worker for task 0.0 in stage 52.0 (TID 86)
[39.120s][info][gc,stats    ]      37 of   161 ms ( 23.1%): <total>
[39.120s][info][gc,stats    ]       0 of   161 ms (  0.1%): <average total>
[39.120s][info][gc,stats    ]      19 of   161 ms ( 11.5%): <average non-zero>
[39.120s][info][gc,stats    ] 
[39.120s][info][gc,metaspace] Metaspace: 65464K(66176K)->65464K(66176K) NonClass: 57176K(57600K)->57176K(57600K) Class: 8288K(8576K)->8288K(8576K)
[39.120s][info][gc,ergo     ] Pacer for Idle. Initial: 41943K, Alloc Tax Rate: 1.0x
[39.136s][info][gc          ] Trigger: Learning 4 of 5. Free (1263M) is below initial threshold (1433M)
[39.136s][info][gc,ergo     ] Free: 1263M, Max: 1024K regular, 429M humongous, Frag: 66% external, 0% internal; Reserve: 103M, Max: 1024K
[39.136s][info][gc,start    ] GC(88) Concurrent reset
[39.136s][info][gc,task     ] GC(88) Using 1 of 3 workers for concurrent reset
[39.136s][info][gc,ergo     ] GC(88) Pacer for Reset. Non-Taxable: 2048M
[39.138s][info][gc          ] GC(88) Concurrent reset 1.236ms
[39.138s][info][gc,start    ] GC(88) Pause Init Mark (unload classes)
[39.138s][info][gc,task     ] GC(88) Using 3 of 3 workers for init marking
[39.138s][info][gc,ergo     ] GC(88) Pacer for Mark. Expected Live: 170M, Free: 1263M, Non-Taxable: 126M, Alloc Tax Rate: 0.2x
[39.138s][info][gc          ] GC(88) Pause Init Mark (unload classes) 0.168ms
[39.138s][info][gc,start    ] GC(88) Concurrent marking roots
[39.138s][info][gc,task     ] GC(88) Using 1 of 3 workers for concurrent marking roots
[39.148s][info][gc          ] GC(88) Concurrent marking roots 10.448ms
[39.148s][info][gc,start    ] GC(88) Concurrent marking (unload classes)
[39.149s][info][gc,task     ] GC(88) Using 1 of 3 workers for concurrent marking
[39.279s][info][gc          ] GC(88) Concurrent marking (unload classes) 130.868ms
[39.279s][info][gc,start    ] GC(88) Pause Final Mark (unload classes)
[39.279s][info][gc,task     ] GC(88) Using 3 of 3 workers for final marking
[39.280s][info][gc,ergo     ] GC(88) Collectable Garbage: 489M (96%), Immediate: 489M (96%), CSet: 0B (0%)
[39.280s][info][gc          ] GC(88) Pause Final Mark (unload classes) 0.188ms
[39.280s][info][gc,start    ] GC(88) Concurrent weak references
[39.280s][info][gc,task     ] GC(88) Using 1 of 3 workers for concurrent weak references
[39.280s][info][gc,ref      ] GC(88) Encountered references: Soft: 2909, Weak: 5786, Final: 51, Phantom: 579
[39.280s][info][gc,ref      ] GC(88) Discovered  references: Soft: 0, Weak: 712, Final: 0, Phantom: 337
[39.280s][info][gc,ref      ] GC(88) Enqueued    references: Soft: 0, Weak: 0, Final: 0, Phantom: 0
[39.280s][info][gc          ] GC(88) Concurrent weak references 0.210ms
[39.280s][info][gc,start    ] GC(88) Concurrent weak roots
[39.280s][info][gc,task     ] GC(88) Using 1 of 3 workers for concurrent weak root
[39.282s][info][gc          ] GC(88) Concurrent weak roots 2.566ms
[39.283s][info][gc,start    ] GC(88) Concurrent cleanup
[39.283s][info][gc          ] GC(88) Concurrent cleanup 1099M->609M(2048M) 0.079ms
[39.283s][info][gc,ergo     ] GC(88) Free: 1332M, Max: 1024K regular, 470M humongous, Frag: 65% external, 0% internal; Reserve: 103M, Max: 1024K
[39.283s][info][gc,start    ] GC(88) Concurrent class unloading
[39.283s][info][gc,task     ] GC(88) Using 1 of 3 workers for concurrent class unloading
[39.292s][info][gc          ] GC(88) Concurrent class unloading 8.932ms
[39.292s][info][gc,start    ] GC(88) Pause Final Roots
[39.292s][info][gc          ] GC(88) Pause Final Roots 0.037ms
[39.292s][info][gc,ergo     ] Free: 1318M, Max: 1024K regular, 470M humongous, Frag: 65% external, 0% internal; Reserve: 103M, Max: 1024K
[39.292s][info][gc,stats    ] 
[39.292s][info][gc,stats    ] All times are wall-clock times, except per-root-class counters, that are sum over
[39.292s][info][gc,stats    ] all workers. Dividing the <total> over the root stage time estimates parallelism.
[39.292s][info][gc,stats    ] 
[39.292s][info][gc,stats    ] Concurrent Reset                   1277 us
[39.292s][info][gc,stats    ] Pause Init Mark (G)                 304 us
[39.292s][info][gc,stats    ] Pause Init Mark (N)                 185 us
[39.292s][info][gc,stats    ]   Update Region States               57 us
[39.292s][info][gc,stats    ] Concurrent Mark Roots             10492 us, parallelism: 0.98x
[39.292s][info][gc,stats    ]   CMR: <total>                    10294 us
[39.292s][info][gc,stats    ]   CMR: Thread Roots               10152 us, workers (us): 10152, ---, ---, 
[39.292s][info][gc,stats    ]   CMR: VM Strong Roots               21 us, workers (us):  21, ---, ---, 
[39.292s][info][gc,stats    ]   CMR: CLDG Roots                   121 us, workers (us): 121, ---, ---, 
[39.292s][info][gc,stats    ] Concurrent Marking               130931 us
[39.292s][info][gc,stats    ] Pause Final Mark (G)                301 us
[39.292s][info][gc,stats    ] Pause Final Mark (N)                197 us
[39.292s][info][gc,stats    ]   Finish Mark                        71 us
[39.292s][info][gc,stats    ]   Update Region States               29 us
[39.292s][info][gc,stats    ]   Choose Collection Set              27 us
[39.292s][info][gc,stats    ]   Rebuild Free Set                    7 us
[39.292s][info][gc,stats    ] Concurrent Weak References          217 us, parallelism: 0.35x
[39.292s][info][gc,stats    ]   CWRF: <total>                      77 us
[39.292s][info][gc,stats    ]   CWRF: Weak References              77 us, workers (us):  77, ---, ---, 
[39.292s][info][gc,stats    ] Concurrent Weak Roots              2603 us
[39.292s][info][gc,stats    ]   Roots                            2356 us, parallelism: 0.98x
[39.292s][info][gc,stats    ]     CWR: <total>                   2299 us
[39.292s][info][gc,stats    ]     CWR: Code Cache Roots          1945 us, workers (us): 1945, ---, ---, 
[39.292s][info][gc,stats    ]     CWR: VM Weak Roots              308 us, workers (us): 308, ---, ---, 
[39.292s][info][gc,stats    ]     CWR: CLDG Roots                  46 us, workers (us):  46, ---, ---, 
[39.292s][info][gc,stats    ]   Rendezvous                        193 us
[39.292s][info][gc,stats    ] Concurrent Cleanup                   97 us
[39.292s][info][gc,stats    ] Concurrent Class Unloading         9005 us
[39.292s][info][gc,stats    ]   Unlink Stale                     8236 us
[39.292s][info][gc,stats    ]     System Dictionary                56 us
[39.292s][info][gc,stats    ]     Weak Class Links                  0 us
[39.292s][info][gc,stats    ]     Code Roots                     8178 us
[39.292s][info][gc,stats    ]   Rendezvous                        193 us
[39.292s][info][gc,stats    ]   Purge Unlinked                    468 us
[39.292s][info][gc,stats    ]     Code Roots                      458 us
[39.292s][info][gc,stats    ]     CLDG                              8 us
[39.292s][info][gc,stats    ]     Exception Caches                  0 us
[39.292s][info][gc,stats    ] Pause Final Roots (G)               141 us
[39.292s][info][gc,stats    ] Pause Final Roots (N)                48 us
[39.292s][info][gc,stats    ] Pacing                            41532 us
[39.292s][info][gc,stats    ] 
[39.292s][info][gc,stats    ] Allocation pacing accrued:
[39.292s][info][gc,stats    ]      21 of   173 ms ( 12.0%): Executor task launch worker for task 1.0 in stage 52.0 (TID 87)
[39.292s][info][gc,stats    ]      21 of   173 ms ( 12.0%): Executor task launch worker for task 0.0 in stage 52.0 (TID 86)
[39.292s][info][gc,stats    ]      42 of   173 ms ( 24.1%): <total>
[39.292s][info][gc,stats    ]       0 of   173 ms (  0.1%): <average total>
[39.292s][info][gc,stats    ]      21 of   173 ms ( 12.0%): <average non-zero>
[39.292s][info][gc,stats    ] 
[39.292s][info][gc,metaspace] Metaspace: 65464K(66176K)->65469K(66176K) NonClass: 57176K(57600K)->57180K(57600K) Class: 8288K(8576K)->8288K(8576K)
[39.292s][info][gc,ergo     ] Pacer for Idle. Initial: 41943K, Alloc Tax Rate: 1.0x
[39.306s][info][gc          ] Trigger: Learning 5 of 5. Free (1302M) is below initial threshold (1433M)
[39.306s][info][gc,ergo     ] Free: 1302M, Max: 1024K regular, 470M humongous, Frag: 64% external, 0% internal; Reserve: 103M, Max: 1024K
[39.306s][info][gc,start    ] GC(89) Concurrent reset
[39.306s][info][gc,task     ] GC(89) Using 1 of 3 workers for concurrent reset
[39.306s][info][gc,ergo     ] GC(89) Pacer for Reset. Non-Taxable: 2048M
[39.307s][info][gc          ] GC(89) Concurrent reset 0.981ms
[39.307s][info][gc,start    ] GC(89) Pause Init Mark (unload classes)
[39.307s][info][gc,task     ] GC(89) Using 3 of 3 workers for init marking
[39.307s][info][gc,ergo     ] GC(89) Pacer for Mark. Expected Live: 170M, Free: 1300M, Non-Taxable: 130M, Alloc Tax Rate: 0.2x
[39.307s][info][gc          ] GC(89) Pause Init Mark (unload classes) 0.164ms
[39.307s][info][gc,start    ] GC(89) Concurrent marking roots
[39.307s][info][gc,task     ] GC(89) Using 1 of 3 workers for concurrent marking roots
[39.318s][info][gc          ] GC(89) Concurrent marking roots 10.734ms
[39.318s][info][gc,start    ] GC(89) Concurrent marking (unload classes)
[39.318s][info][gc,task     ] GC(89) Using 1 of 3 workers for concurrent marking
[39.447s][info][gc          ] GC(89) Concurrent marking (unload classes) 129.217ms
[39.447s][info][gc,start    ] GC(89) Pause Final Mark (unload classes)
[39.447s][info][gc,task     ] GC(89) Using 3 of 3 workers for final marking
[39.448s][info][gc,ergo     ] GC(89) Collectable Garbage: 439M (94%), Immediate: 439M (94%), CSet: 0B (0%)
[39.448s][info][gc          ] GC(89) Pause Final Mark (unload classes) 0.290ms
[39.448s][info][gc,start    ] GC(89) Concurrent weak references
[39.448s][info][gc,task     ] GC(89) Using 1 of 3 workers for concurrent weak references
[39.448s][info][gc,ref      ] GC(89) Encountered references: Soft: 2922, Weak: 5890, Final: 51, Phantom: 579
[39.448s][info][gc,ref      ] GC(89) Discovered  references: Soft: 0, Weak: 944, Final: 0, Phantom: 260
[39.448s][info][gc,ref      ] GC(89) Enqueued    references: Soft: 0, Weak: 14, Final: 0, Phantom: 0
[39.448s][info][gc          ] GC(89) Concurrent weak references 0.249ms
[39.448s][info][gc,start    ] GC(89) Concurrent weak roots
[39.448s][info][gc,task     ] GC(89) Using 1 of 3 workers for concurrent weak root
[39.451s][info][gc          ] GC(89) Concurrent weak roots 2.699ms
[39.451s][info][gc,start    ] GC(89) Concurrent cleanup
[39.451s][info][gc          ] GC(89) Concurrent cleanup 645M->205M(2048M) 0.081ms
[39.451s][info][gc,ergo     ] GC(89) Free: 1737M, Max: 1024K regular, 958M humongous, Frag: 45% external, 0% internal; Reserve: 103M, Max: 1024K
[39.451s][info][gc,start    ] GC(89) Concurrent class unloading
[39.451s][info][gc,task     ] GC(89) Using 1 of 3 workers for concurrent class unloading
[39.460s][info][gc          ] GC(89) Concurrent class unloading 8.697ms
[39.460s][info][gc,start    ] GC(89) Pause Final Roots
[39.460s][info][gc          ] GC(89) Pause Final Roots 0.071ms
[39.460s][info][gc,ergo     ] Free: 1737M, Max: 1024K regular, 958M humongous, Frag: 45% external, 0% internal; Reserve: 103M, Max: 1024K
[39.460s][info][gc,stats    ] 
[39.460s][info][gc,stats    ] All times are wall-clock times, except per-root-class counters, that are sum over
[39.460s][info][gc,stats    ] all workers. Dividing the <total> over the root stage time estimates parallelism.
[39.460s][info][gc,stats    ] 
[39.460s][info][gc,stats    ] Concurrent Reset                   1051 us
[39.460s][info][gc,stats    ] Pause Init Mark (G)                 338 us
[39.460s][info][gc,stats    ] Pause Init Mark (N)                 181 us
[39.460s][info][gc,stats    ]   Update Region States               62 us
[39.460s][info][gc,stats    ] Concurrent Mark Roots             10810 us, parallelism: 0.98x
[39.460s][info][gc,stats    ]   CMR: <total>                    10553 us
[39.460s][info][gc,stats    ]   CMR: Thread Roots               10386 us, workers (us): 10386, ---, ---, 
[39.460s][info][gc,stats    ]   CMR: VM Strong Roots               18 us, workers (us):  18, ---, ---, 
[39.460s][info][gc,stats    ]   CMR: CLDG Roots                   150 us, workers (us): 150, ---, ---, 
[39.460s][info][gc,stats    ] Concurrent Marking               129277 us
[39.460s][info][gc,stats    ] Pause Final Mark (G)                418 us
[39.460s][info][gc,stats    ] Pause Final Mark (N)                311 us
[39.460s][info][gc,stats    ]   Finish Mark                        60 us
[39.460s][info][gc,stats    ]   Update Region States               40 us
[39.460s][info][gc,stats    ]   Choose Collection Set              70 us
[39.460s][info][gc,stats    ]   Rebuild Free Set                   17 us
[39.460s][info][gc,stats    ] Concurrent Weak References          265 us, parallelism: 0.23x
[39.460s][info][gc,stats    ]   CWRF: <total>                      62 us
[39.460s][info][gc,stats    ]   CWRF: Weak References              62 us, workers (us):  62, ---, ---, 
[39.460s][info][gc,stats    ] Concurrent Weak Roots              2764 us
[39.460s][info][gc,stats    ]   Roots                            2476 us, parallelism: 0.96x
[39.460s][info][gc,stats    ]     CWR: <total>                   2388 us
[39.460s][info][gc,stats    ]     CWR: Code Cache Roots          1768 us, workers (us): 1768, ---, ---, 
[39.460s][info][gc,stats    ]     CWR: VM Weak Roots              569 us, workers (us): 569, ---, ---, 
[39.460s][info][gc,stats    ]     CWR: CLDG Roots                  51 us, workers (us):  51, ---, ---, 
[39.460s][info][gc,stats    ]   Rendezvous                        186 us
[39.460s][info][gc,stats    ] Concurrent Cleanup                   99 us
[39.460s][info][gc,stats    ] Concurrent Class Unloading         8761 us
[39.460s][info][gc,stats    ]   Unlink Stale                     7807 us
[39.460s][info][gc,stats    ]     System Dictionary                51 us
[39.460s][info][gc,stats    ]     Weak Class Links                  0 us
[39.460s][info][gc,stats    ]     Code Roots                     7753 us
[39.460s][info][gc,stats    ]   Rendezvous                        281 us
[39.460s][info][gc,stats    ]   Purge Unlinked                    574 us
[39.460s][info][gc,stats    ]     Code Roots                      563 us
[39.460s][info][gc,stats    ]     CLDG                             10 us
[39.460s][info][gc,stats    ]     Exception Caches                  0 us
[39.460s][info][gc,stats    ] Pause Final Roots (G)               248 us
[39.460s][info][gc,stats    ] Pause Final Roots (N)                94 us
[39.460s][info][gc,stats    ] 
[39.460s][info][gc,stats    ] Allocation pacing accrued:
[39.460s][info][gc,stats    ]       0 of   168 ms (  0.0%): <total>
[39.460s][info][gc,stats    ]       0 of   168 ms (  0.0%): <average total>
[39.460s][info][gc,stats    ] 
[39.460s][info][gc,metaspace] Metaspace: 65492K(66240K)->65497K(66240K) NonClass: 57201K(57600K)->57206K(57600K) Class: 8290K(8640K)->8290K(8640K)
[39.460s][info][gc,ergo     ] Pacer for Idle. Initial: 41943K, Alloc Tax Rate: 1.0x
[39.463s][info][gc          ] Trigger: Explicit GC request (System.gc())
[39.463s][info][gc,ergo     ] Free: 1737M, Max: 1024K regular, 958M humongous, Frag: 45% external, 0% internal; Reserve: 103M, Max: 1024K
[39.463s][info][gc,start    ] GC(90) Concurrent reset
[39.464s][info][gc,task     ] GC(90) Using 1 of 3 workers for concurrent reset
[39.464s][info][gc,ergo     ] GC(90) Pacer for Reset. Non-Taxable: 2048M
[39.464s][info][gc          ] GC(90) Concurrent reset 0.945ms
[39.465s][info][gc,start    ] GC(90) Pause Init Mark (unload classes)
[39.465s][info][gc,task     ] GC(90) Using 3 of 3 workers for init marking
[39.465s][info][gc,ref      ] GC(90) Clearing All SoftReferences
[39.465s][info][gc,ergo     ] GC(90) Pacer for Mark. Expected Live: 170M, Free: 1737M, Non-Taxable: 173M, Alloc Tax Rate: 0.1x
[39.465s][info][gc          ] GC(90) Pause Init Mark (unload classes) 0.212ms
[39.465s][info][gc,start    ] GC(90) Concurrent marking roots
[39.465s][info][gc,task     ] GC(90) Using 1 of 3 workers for concurrent marking roots
[39.474s][info][gc          ] GC(90) Concurrent marking roots 9.607ms
[39.474s][info][gc,start    ] GC(90) Concurrent marking (unload classes)
[39.474s][info][gc,task     ] GC(90) Using 1 of 3 workers for concurrent marking
[39.603s][info][gc          ] GC(90) Concurrent marking (unload classes) 128.187ms
[39.603s][info][gc,start    ] GC(90) Pause Final Mark (unload classes)
[39.603s][info][gc,task     ] GC(90) Using 3 of 3 workers for final marking
[39.603s][info][gc,ergo     ] GC(90) Adaptive CSet Selection. Target Free: 290M, Actual Free: 1832M, Max CSet: 87381K, Min Garbage: 0B
[39.603s][info][gc,ergo     ] GC(90) Collectable Garbage: 32967K (89%), Immediate: 2048K (5%), CSet: 30919K (83%)
[39.603s][info][gc,ergo     ] GC(90) Pacer for Evacuation. Used CSet: 31744K, Free: 1738M, Non-Taxable: 173M, Alloc Tax Rate: 1.1x
[39.603s][info][gc          ] GC(90) Pause Final Mark (unload classes) 0.582ms
[39.603s][info][gc,start    ] GC(90) Concurrent thread roots
[39.603s][info][gc,task     ] GC(90) Using 1 of 3 workers for Concurrent thread roots
[39.613s][info][gc          ] GC(90) Concurrent thread roots 9.415ms
[39.613s][info][gc,start    ] GC(90) Concurrent weak references
[39.613s][info][gc,task     ] GC(90) Using 1 of 3 workers for concurrent weak references
[39.613s][info][gc,ref      ] GC(90) Encountered references: Soft: 2824, Weak: 5782, Final: 51, Phantom: 579
[39.613s][info][gc,ref      ] GC(90) Discovered  references: Soft: 658, Weak: 941, Final: 0, Phantom: 337
[39.613s][info][gc,ref      ] GC(90) Enqueued    references: Soft: 296, Weak: 151, Final: 0, Phantom: 0
[39.613s][info][gc          ] GC(90) Concurrent weak references 0.340ms
[39.613s][info][gc,start    ] GC(90) Concurrent weak roots
[39.613s][info][gc,task     ] GC(90) Using 1 of 3 workers for concurrent weak root
[39.617s][info][gc          ] GC(90) Concurrent weak roots 3.354ms
[39.617s][info][gc,start    ] GC(90) Concurrent cleanup
[39.617s][info][gc          ] GC(90) Concurrent cleanup 218M->216M(2048M) 0.027ms
[39.617s][info][gc,ergo     ] GC(90) Free: 1727M, Max: 1024K regular, 958M humongous, Frag: 45% external, 0% internal; Reserve: 102M, Max: 1024K
[39.617s][info][gc,start    ] GC(90) Concurrent class unloading
[39.617s][info][gc,task     ] GC(90) Using 1 of 3 workers for concurrent class unloading
[39.633s][info][gc          ] GC(90) Concurrent class unloading 16.597ms
[39.633s][info][gc,start    ] GC(90) Concurrent strong roots
[39.633s][info][gc,task     ] GC(90) Using 1 of 3 workers for concurrent strong root
[39.634s][info][gc          ] GC(90) Concurrent strong roots 0.445ms
[39.634s][info][gc,start    ] GC(90) Concurrent evacuation
[39.634s][info][gc,task     ] GC(90) Using 1 of 3 workers for concurrent evacuation
[39.634s][info][gc          ] GC(90) Concurrent evacuation 0.377ms
[39.634s][info][gc,start    ] GC(90) Pause Init Update Refs
[39.634s][info][gc,ergo     ] GC(90) Pacer for Update Refs. Used: 217M, Free: 1727M, Non-Taxable: 172M, Alloc Tax Rate: 1.1x
[39.634s][info][gc          ] GC(90) Pause Init Update Refs 0.093ms
[39.634s][info][gc,start    ] GC(90) Concurrent update references
[39.634s][info][gc,task     ] GC(90) Using 1 of 3 workers for concurrent reference update
[39.696s][info][gc          ] GC(90) Concurrent update references 61.263ms
[39.696s][info][gc,start    ] GC(90) Concurrent update thread roots
[39.706s][info][gc          ] GC(90) Concurrent update thread roots 10.163ms
[39.706s][info][gc,start    ] GC(90) Pause Final Update Refs
[39.706s][info][gc,task     ] GC(90) Using 3 of 3 workers for final reference update
[39.706s][info][gc          ] GC(90) Pause Final Update Refs 0.169ms
[39.706s][info][gc,start    ] GC(90) Concurrent cleanup
[39.706s][info][gc          ] GC(90) Concurrent cleanup 217M->186M(2048M) 0.078ms
[39.706s][info][gc,ergo     ] Free: 1757M, Max: 1024K regular, 1399M humongous, Frag: 20% external, 0% internal; Reserve: 103M, Max: 1024K
[39.707s][info][gc,stats    ] 
[39.707s][info][gc,stats    ] All times are wall-clock times, except per-root-class counters, that are sum over
[39.707s][info][gc,stats    ] all workers. Dividing the <total> over the root stage time estimates parallelism.
[39.707s][info][gc,stats    ] 
[39.707s][info][gc,stats    ] Concurrent Reset                    963 us
[39.707s][info][gc,stats    ] Pause Init Mark (G)                 359 us
[39.707s][info][gc,stats    ] Pause Init Mark (N)                 229 us
[39.707s][info][gc,stats    ]   Update Region States               73 us
[39.707s][info][gc,stats    ] Concurrent Mark Roots              9654 us, parallelism: 0.98x
[39.707s][info][gc,stats    ]   CMR: <total>                     9457 us
[39.707s][info][gc,stats    ]   CMR: Thread Roots                9322 us, workers (us): 9322, ---, ---, 
[39.707s][info][gc,stats    ]   CMR: VM Strong Roots               18 us, workers (us):  18, ---, ---, 
[39.707s][info][gc,stats    ]   CMR: CLDG Roots                   117 us, workers (us): 117, ---, ---, 
[39.707s][info][gc,stats    ] Concurrent Marking               128253 us
[39.707s][info][gc,stats    ] Pause Final Mark (G)                740 us
[39.707s][info][gc,stats    ] Pause Final Mark (N)                604 us
[39.707s][info][gc,stats    ]   Finish Mark                       174 us
[39.707s][info][gc,stats    ]   Update Region States              123 us
[39.707s][info][gc,stats    ]   Choose Collection Set             129 us
[39.707s][info][gc,stats    ]   Rebuild Free Set                   22 us
[39.707s][info][gc,stats    ] Concurrent Thread Roots            9468 us, parallelism: 0.99x
[39.707s][info][gc,stats    ]   CTR: <total>                     9326 us
[39.707s][info][gc,stats    ]   CTR: Thread Roots                9326 us, workers (us): 9326, ---, ---, 
[39.707s][info][gc,stats    ] Concurrent Weak References          357 us, parallelism: 0.49x
[39.707s][info][gc,stats    ]   CWRF: <total>                     174 us
[39.707s][info][gc,stats    ]   CWRF: Weak References             174 us, workers (us): 174, ---, ---, 
[39.707s][info][gc,stats    ] Concurrent Weak Roots              3401 us
[39.707s][info][gc,stats    ]   Roots                            3097 us, parallelism: 0.97x
[39.707s][info][gc,stats    ]     CWR: <total>                   3017 us
[39.707s][info][gc,stats    ]     CWR: Code Cache Roots          1973 us, workers (us): 1973, ---, ---, 
[39.707s][info][gc,stats    ]     CWR: VM Weak Roots              998 us, workers (us): 998, ---, ---, 
[39.707s][info][gc,stats    ]     CWR: CLDG Roots                  46 us, workers (us):  46, ---, ---, 
[39.707s][info][gc,stats    ]   Rendezvous                        166 us
[39.707s][info][gc,stats    ] Concurrent Cleanup                   35 us
[39.707s][info][gc,stats    ] Concurrent Class Unloading        16652 us
[39.707s][info][gc,stats    ]   Unlink Stale                    15392 us
[39.707s][info][gc,stats    ]     System Dictionary               633 us
[39.707s][info][gc,stats    ]     Weak Class Links               6174 us
[39.707s][info][gc,stats    ]     Code Roots                     8582 us
[39.707s][info][gc,stats    ]   Rendezvous                        382 us
[39.707s][info][gc,stats    ]   Purge Unlinked                    803 us
[39.707s][info][gc,stats    ]     Code Roots                      372 us
[39.707s][info][gc,stats    ]     CLDG                            429 us
[39.707s][info][gc,stats    ]     Exception Caches                  0 us
[39.707s][info][gc,stats    ] Concurrent Strong Roots             462 us, parallelism: 0.70x
[39.707s][info][gc,stats    ]   CSR: <total>                      322 us
[39.707s][info][gc,stats    ]   CSR: VM Strong Roots               17 us, workers (us):  17, ---, ---, 
[39.707s][info][gc,stats    ]   CSR: CLDG Roots                   304 us, workers (us): 304, ---, ---, 
[39.707s][info][gc,stats    ] Concurrent Evacuation               395 us
[39.707s][info][gc,stats    ] Pause Init Update Refs (G)          192 us
[39.707s][info][gc,stats    ] Pause Init Update Refs (N)          110 us
[39.707s][info][gc,stats    ]   Manage GCLABs                      14 us
[39.707s][info][gc,stats    ] Concurrent Update Refs            61331 us
[39.707s][info][gc,stats    ] Concurrent Update Thread Roots    10214 us
[39.707s][info][gc,stats    ] Pause Final Update Refs (G)         305 us
[39.707s][info][gc,stats    ] Pause Final Update Refs (N)         187 us
[39.707s][info][gc,stats    ]   Update Region States               88 us
[39.707s][info][gc,stats    ]   Trash Collection Set                5 us
[39.707s][info][gc,stats    ]   Rebuild Free Set                   21 us
[39.707s][info][gc,stats    ] Concurrent Cleanup                  104 us
[39.707s][info][gc,stats    ] 
[39.707s][info][gc,stats    ] Allocation pacing accrued:
[39.707s][info][gc,stats    ]       0 of   247 ms (  0.0%): <total>
[39.707s][info][gc,stats    ]       0 of   247 ms (  0.0%): <average total>
[39.707s][info][gc,stats    ] 
[39.707s][info][gc,metaspace] Metaspace: 65497K(66240K)->65176K(66176K) NonClass: 57206K(57600K)->56940K(57600K) Class: 8290K(8640K)->8236K(8576K)
[39.707s][info][gc,ergo     ] Pacer for Idle. Initial: 41943K, Alloc Tax Rate: 1.0x
[39.869s][info][gc          ] Trigger: Learning 2 of 5. Free (1403M) is below initial threshold (1433M)
[39.869s][info][gc,ergo     ] Free: 1403M, Max: 1024K regular, 1393M humongous, Frag: 0% external, 0% internal; Reserve: 103M, Max: 1024K
[39.869s][info][gc,start    ] GC(91) Concurrent reset
[39.869s][info][gc,task     ] GC(91) Using 1 of 3 workers for concurrent reset
[39.869s][info][gc,ergo     ] GC(91) Pacer for Reset. Non-Taxable: 2048M
[39.870s][info][gc          ] GC(91) Concurrent reset 0.892ms
[39.870s][info][gc,start    ] GC(91) Pause Init Mark (unload classes)
[39.870s][info][gc,task     ] GC(91) Using 3 of 3 workers for init marking
[39.870s][info][gc,ergo     ] GC(91) Pacer for Mark. Expected Live: 170M, Free: 1403M, Non-Taxable: 140M, Alloc Tax Rate: 0.1x
[39.870s][info][gc          ] GC(91) Pause Init Mark (unload classes) 0.181ms
[39.870s][info][gc,start    ] GC(91) Concurrent marking roots
[39.870s][info][gc,task     ] GC(91) Using 1 of 3 workers for concurrent marking roots
[39.880s][info][gc          ] GC(91) Concurrent marking roots 10.494ms
[39.880s][info][gc,start    ] GC(91) Concurrent marking (unload classes)
[39.880s][info][gc,task     ] GC(91) Using 1 of 3 workers for concurrent marking
[40.014s][info][gc          ] GC(91) Concurrent marking (unload classes) 133.234ms
[40.014s][info][gc,start    ] GC(91) Pause Final Mark (unload classes)
[40.014s][info][gc,task     ] GC(91) Using 3 of 3 workers for final marking
[40.014s][info][gc,ergo     ] GC(91) Adaptive CSet Selection. Target Free: 290M, Actual Free: 1394M, Max CSet: 87381K, Min Garbage: 0B
[40.014s][info][gc,ergo     ] GC(91) Collectable Garbage: 361M (98%), Immediate: 324M (88%), CSet: 38439K (10%)
[40.014s][info][gc,ergo     ] GC(91) Pacer for Evacuation. Used CSet: 40529K, Free: 1304M, Non-Taxable: 130M, Alloc Tax Rate: 1.1x
[40.014s][info][gc          ] GC(91) Pause Final Mark (unload classes) 0.253ms
[40.014s][info][gc,start    ] GC(91) Concurrent thread roots
[40.014s][info][gc,task     ] GC(91) Using 1 of 3 workers for Concurrent thread roots
[40.027s][info][gc          ] GC(91) Concurrent thread roots 13.062ms
[40.027s][info][gc,start    ] GC(91) Concurrent weak references
[40.027s][info][gc,task     ] GC(91) Using 1 of 3 workers for concurrent weak references
[40.027s][info][gc,ref      ] GC(91) Encountered references: Soft: 2909, Weak: 5915, Final: 51, Phantom: 579
[40.027s][info][gc,ref      ] GC(91) Discovered  references: Soft: 0, Weak: 879, Final: 0, Phantom: 260
[40.027s][info][gc,ref      ] GC(91) Enqueued    references: Soft: 0, Weak: 94, Final: 0, Phantom: 0
[40.027s][info][gc          ] GC(91) Concurrent weak references 0.244ms
[40.027s][info][gc,start    ] GC(91) Concurrent weak roots
[40.027s][info][gc,task     ] GC(91) Using 1 of 3 workers for concurrent weak root
[40.031s][info][gc          ] GC(91) Concurrent weak roots 3.369ms
[40.031s][info][gc,start    ] GC(91) Concurrent cleanup
[40.031s][info][gc          ] GC(91) Concurrent cleanup 1014M->691M(2048M) 0.053ms
[40.031s][info][gc,ergo     ] GC(91) Free: 1252M, Max: 1024K regular, 916M humongous, Frag: 27% external, 0% internal; Reserve: 102M, Max: 1024K
[40.031s][info][gc,start    ] GC(91) Concurrent class unloading
[40.031s][info][gc,task     ] GC(91) Using 1 of 3 workers for concurrent class unloading
[40.049s][info][gc          ] GC(91) Concurrent class unloading 18.055ms
[40.049s][info][gc,start    ] GC(91) Concurrent strong roots
[40.049s][info][gc,task     ] GC(91) Using 1 of 3 workers for concurrent strong root
[40.049s][info][gc          ] GC(91) Concurrent strong roots 0.372ms
[40.049s][info][gc,start    ] GC(91) Concurrent evacuation
[40.049s][info][gc,task     ] GC(91) Using 1 of 3 workers for concurrent evacuation
[40.051s][info][gc          ] GC(91) Concurrent evacuation 1.513ms
[40.051s][info][gc,start    ] GC(91) Pause Init Update Refs
[40.051s][info][gc,ergo     ] GC(91) Pacer for Update Refs. Used: 749M, Free: 1196M, Non-Taxable: 119M, Alloc Tax Rate: 1.1x
[40.051s][info][gc          ] GC(91) Pause Init Update Refs 0.072ms
[40.051s][info][gc,start    ] GC(91) Concurrent update references
[40.051s][info][gc,task     ] GC(91) Using 1 of 3 workers for concurrent reference update
[40.228s][info][gc          ] GC(91) Concurrent update references 176.400ms
[40.228s][info][gc,start    ] GC(91) Concurrent update thread roots
[40.237s][info][gc          ] GC(91) Concurrent update thread roots 9.050ms
[40.237s][info][gc,start    ] GC(91) Pause Final Update Refs
[40.237s][info][gc,task     ] GC(91) Using 3 of 3 workers for final reference update
[40.237s][info][gc          ] GC(91) Pause Final Update Refs 0.110ms
[40.237s][info][gc,start    ] GC(91) Concurrent cleanup
[40.237s][info][gc          ] GC(91) Concurrent cleanup 1263M->1223M(2048M) 0.056ms
[40.237s][info][gc,ergo     ] Free: 719M, Max: 1024K regular, 670M humongous, Frag: 6% external, 0% internal; Reserve: 103M, Max: 1024K
[40.237s][info][gc,stats    ] 
[40.237s][info][gc,stats    ] All times are wall-clock times, except per-root-class counters, that are sum over
[40.237s][info][gc,stats    ] all workers. Dividing the <total> over the root stage time estimates parallelism.
[40.237s][info][gc,stats    ] 
[40.237s][info][gc,stats    ] Concurrent Reset                    942 us
[40.237s][info][gc,stats    ] Pause Init Mark (G)                 319 us
[40.237s][info][gc,stats    ] Pause Init Mark (N)                 190 us
[40.237s][info][gc,stats    ]   Update Region States               76 us
[40.237s][info][gc,stats    ] Concurrent Mark Roots             10543 us, parallelism: 0.98x
[40.237s][info][gc,stats    ]   CMR: <total>                    10305 us
[40.237s][info][gc,stats    ]   CMR: Thread Roots               10163 us, workers (us): 10163, ---, ---, 
[40.237s][info][gc,stats    ]   CMR: VM Strong Roots               20 us, workers (us):  20, ---, ---, 
[40.237s][info][gc,stats    ]   CMR: CLDG Roots                   122 us, workers (us): 122, ---, ---, 
[40.237s][info][gc,stats    ] Concurrent Marking               133300 us
[40.237s][info][gc,stats    ] Pause Final Mark (G)                358 us
[40.237s][info][gc,stats    ] Pause Final Mark (N)                262 us
[40.237s][info][gc,stats    ]   Finish Mark                        66 us
[40.237s][info][gc,stats    ]   Update Region States               30 us
[40.238s][info][gc,stats    ]   Choose Collection Set              66 us
[40.238s][info][gc,stats    ]   Rebuild Free Set                    8 us
[40.238s][info][gc,stats    ] Concurrent Thread Roots           13114 us, parallelism: 0.99x
[40.238s][info][gc,stats    ]   CTR: <total>                    12979 us
[40.238s][info][gc,stats    ]   CTR: Thread Roots               12979 us, workers (us): 12979, ---, ---, 
[40.238s][info][gc,stats    ] Concurrent Weak References          252 us, parallelism: 0.58x
[40.238s][info][gc,stats    ]   CWRF: <total>                     145 us
[40.238s][info][gc,stats    ]   CWRF: Weak References             145 us, workers (us): 145, ---, ---, 
[40.238s][info][gc,stats    ] Concurrent Weak Roots              3425 us
[40.238s][info][gc,stats    ]   Roots                            3152 us, parallelism: 0.97x
[40.238s][info][gc,stats    ]     CWR: <total>                   3068 us
[40.238s][info][gc,stats    ]     CWR: Code Cache Roots          2345 us, workers (us): 2345, ---, ---, 
[40.238s][info][gc,stats    ]     CWR: VM Weak Roots              656 us, workers (us): 656, ---, ---, 
[40.238s][info][gc,stats    ]     CWR: CLDG Roots                  67 us, workers (us):  67, ---, ---, 
[40.238s][info][gc,stats    ]   Rendezvous                        197 us
[40.238s][info][gc,stats    ] Concurrent Cleanup                   62 us
[40.238s][info][gc,stats    ] Concurrent Class Unloading        18128 us
[40.238s][info][gc,stats    ]   Unlink Stale                    17212 us
[40.238s][info][gc,stats    ]     System Dictionary               201 us
[40.238s][info][gc,stats    ]     Weak Class Links               7347 us
[40.238s][info][gc,stats    ]     Code Roots                     9662 us
[40.238s][info][gc,stats    ]   Rendezvous                        216 us
[40.238s][info][gc,stats    ]   Purge Unlinked                    608 us
[40.238s][info][gc,stats    ]     Code Roots                      580 us
[40.238s][info][gc,stats    ]     CLDG                             27 us
[40.238s][info][gc,stats    ]     Exception Caches                  0 us
[40.238s][info][gc,stats    ] Concurrent Strong Roots             389 us, parallelism: 0.66x
[40.238s][info][gc,stats    ]   CSR: <total>                      256 us
[40.238s][info][gc,stats    ]   CSR: VM Strong Roots               14 us, workers (us):  14, ---, ---, 
[40.238s][info][gc,stats    ]   CSR: CLDG Roots                   242 us, workers (us): 242, ---, ---, 
[40.238s][info][gc,stats    ] Concurrent Evacuation              1581 us
[40.238s][info][gc,stats    ] Pause Init Update Refs (G)          204 us
[40.238s][info][gc,stats    ] Pause Init Update Refs (N)           81 us
[40.238s][info][gc,stats    ]   Manage GCLABs                      11 us
[40.238s][info][gc,stats    ] Concurrent Update Refs           176476 us
[40.238s][info][gc,stats    ] Concurrent Update Thread Roots     9106 us
[40.238s][info][gc,stats    ] Pause Final Update Refs (G)         246 us
[40.238s][info][gc,stats    ] Pause Final Update Refs (N)         133 us
[40.238s][info][gc,stats    ]   Update Region States               31 us
[40.238s][info][gc,stats    ]   Trash Collection Set                3 us
[40.238s][info][gc,stats    ]   Rebuild Free Set                   14 us
[40.238s][info][gc,stats    ] Concurrent Cleanup                   76 us
[40.238s][info][gc,stats    ] Pacing                            41101 us
[40.238s][info][gc,stats    ] 
[40.238s][info][gc,stats    ] Allocation pacing accrued:
[40.238s][info][gc,stats    ]      21 of   531 ms (  3.9%): Executor task launch worker for task 0.0 in stage 55.0 (TID 91)
[40.238s][info][gc,stats    ]      20 of   531 ms (  3.8%): Executor task launch worker for task 1.0 in stage 55.0 (TID 92)
[40.238s][info][gc,stats    ]      41 of   531 ms (  7.7%): <total>
[40.238s][info][gc,stats    ]       0 of   531 ms (  0.0%): <average total>
[40.238s][info][gc,stats    ]      21 of   531 ms (  3.9%): <average non-zero>
[40.238s][info][gc,stats    ] 
[40.238s][info][gc,metaspace] Metaspace: 65502K(66176K)->65499K(66176K) NonClass: 57213K(57600K)->57211K(57600K) Class: 8288K(8576K)->8288K(8576K)
[40.238s][info][gc,ergo     ] Pacer for Idle. Initial: 41943K, Alloc Tax Rate: 1.0x
[40.245s][info][gc          ] Trigger: Learning 3 of 5. Free (689M) is below initial threshold (1433M)
[40.245s][info][gc,ergo     ] Free: 689M, Max: 1024K regular, 670M humongous, Frag: 2% external, 0% internal; Reserve: 103M, Max: 1024K
[40.245s][info][gc,start    ] GC(92) Concurrent reset
[40.245s][info][gc,task     ] GC(92) Using 1 of 3 workers for concurrent reset
[40.245s][info][gc,ergo     ] GC(92) Pacer for Reset. Non-Taxable: 2048M
[40.246s][info][gc          ] GC(92) Concurrent reset 0.974ms
[40.246s][info][gc,start    ] GC(92) Pause Init Mark (unload classes)
[40.247s][info][gc,task     ] GC(92) Using 3 of 3 workers for init marking
[40.247s][info][gc,ergo     ] GC(92) Pacer for Mark. Expected Live: 170M, Free: 686M, Non-Taxable: 70316K, Alloc Tax Rate: 0.3x
[40.247s][info][gc          ] GC(92) Pause Init Mark (unload classes) 0.155ms
[40.247s][info][gc,start    ] GC(92) Concurrent marking roots
[40.247s][info][gc,task     ] GC(92) Using 1 of 3 workers for concurrent marking roots
[40.257s][info][gc          ] GC(92) Concurrent marking roots 10.543ms
[40.257s][info][gc,start    ] GC(92) Concurrent marking (unload classes)
[40.257s][info][gc,task     ] GC(92) Using 1 of 3 workers for concurrent marking
[40.388s][info][gc          ] GC(92) Concurrent marking (unload classes) 130.534ms
[40.388s][info][gc,start    ] GC(92) Pause Final Mark (unload classes)
[40.388s][info][gc,task     ] GC(92) Using 3 of 3 workers for final marking
[40.388s][info][gc,ergo     ] GC(92) Collectable Garbage: 1065M (98%), Immediate: 1065M (98%), CSet: 0B (0%)
[40.388s][info][gc          ] GC(92) Pause Final Mark (unload classes) 0.263ms
[40.388s][info][gc,start    ] GC(92) Concurrent weak references
[40.388s][info][gc,task     ] GC(92) Using 1 of 3 workers for concurrent weak references
[40.388s][info][gc,ref      ] GC(92) Encountered references: Soft: 2909, Weak: 5822, Final: 51, Phantom: 579
[40.388s][info][gc,ref      ] GC(92) Discovered  references: Soft: 0, Weak: 792, Final: 0, Phantom: 260
[40.388s][info][gc,ref      ] GC(92) Enqueued    references: Soft: 0, Weak: 21, Final: 0, Phantom: 0
[40.388s][info][gc          ] GC(92) Concurrent weak references 0.156ms
[40.388s][info][gc,start    ] GC(92) Concurrent weak roots
[40.388s][info][gc,task     ] GC(92) Using 1 of 3 workers for concurrent weak root
[40.392s][info][gc          ] GC(92) Concurrent weak roots 3.089ms
[40.392s][info][gc,start    ] GC(92) Concurrent cleanup
[40.392s][info][gc          ] GC(92) Concurrent cleanup 1646M->581M(2048M) 0.128ms
[40.392s][info][gc,ergo     ] GC(92) Free: 1361M, Max: 1024K regular, 462M humongous, Frag: 66% external, 0% internal; Reserve: 103M, Max: 1024K
[40.392s][info][gc,start    ] GC(92) Concurrent class unloading
[40.392s][info][gc,task     ] GC(92) Using 1 of 3 workers for concurrent class unloading
[40.401s][info][gc          ] GC(92) Concurrent class unloading 9.550ms
[40.401s][info][gc,start    ] GC(92) Pause Final Roots
[40.401s][info][gc          ] GC(92) Pause Final Roots 0.050ms
[40.401s][info][gc,ergo     ] Free: 1325M, Max: 1024K regular, 462M humongous, Frag: 65% external, 0% internal; Reserve: 103M, Max: 1024K
[40.402s][info][gc,stats    ] 
[40.402s][info][gc,stats    ] All times are wall-clock times, except per-root-class counters, that are sum over
[40.402s][info][gc,stats    ] all workers. Dividing the <total> over the root stage time estimates parallelism.
[40.402s][info][gc,stats    ] 
[40.402s][info][gc,stats    ] Concurrent Reset                   1032 us
[40.402s][info][gc,stats    ] Pause Init Mark (G)                 318 us
[40.402s][info][gc,stats    ] Pause Init Mark (N)                 164 us
[40.402s][info][gc,stats    ]   Update Region States               51 us
[40.402s][info][gc,stats    ] Concurrent Mark Roots             10606 us, parallelism: 0.98x
[40.402s][info][gc,stats    ]   CMR: <total>                    10370 us
[40.402s][info][gc,stats    ]   CMR: Thread Roots               10226 us, workers (us): 10226, ---, ---, 
[40.402s][info][gc,stats    ]   CMR: VM Strong Roots               20 us, workers (us):  20, ---, ---, 
[40.402s][info][gc,stats    ]   CMR: CLDG Roots                   124 us, workers (us): 124, ---, ---, 
[40.402s][info][gc,stats    ] Concurrent Marking               130585 us
[40.402s][info][gc,stats    ] Pause Final Mark (G)                388 us
[40.402s][info][gc,stats    ] Pause Final Mark (N)                283 us
[40.402s][info][gc,stats    ]   Finish Mark                        72 us
[40.402s][info][gc,stats    ]   Update Region States               49 us
[40.402s][info][gc,stats    ]   Choose Collection Set              67 us
[40.402s][info][gc,stats    ]   Rebuild Free Set                   17 us
[40.402s][info][gc,stats    ] Concurrent Weak References          163 us, parallelism: 0.44x
[40.402s][info][gc,stats    ]   CWRF: <total>                      72 us
[40.402s][info][gc,stats    ]   CWRF: Weak References              72 us, workers (us):  72, ---, ---, 
[40.402s][info][gc,stats    ] Concurrent Weak Roots              3109 us
[40.402s][info][gc,stats    ]   Roots                            2873 us, parallelism: 0.98x
[40.402s][info][gc,stats    ]     CWR: <total>                   2826 us
[40.402s][info][gc,stats    ]     CWR: Code Cache Roots          2282 us, workers (us): 2282, ---, ---, 
[40.402s][info][gc,stats    ]     CWR: VM Weak Roots              492 us, workers (us): 492, ---, ---, 
[40.402s][info][gc,stats    ]     CWR: CLDG Roots                  52 us, workers (us):  52, ---, ---, 
[40.402s][info][gc,stats    ]   Rendezvous                        200 us
[40.402s][info][gc,stats    ] Concurrent Cleanup                  145 us
[40.402s][info][gc,stats    ] Concurrent Class Unloading         9574 us
[40.402s][info][gc,stats    ]   Unlink Stale                     8845 us
[40.402s][info][gc,stats    ]     System Dictionary                62 us
[40.402s][info][gc,stats    ]     Weak Class Links                  0 us
[40.402s][info][gc,stats    ]     Code Roots                     8781 us
[40.402s][info][gc,stats    ]   Rendezvous                        194 us
[40.402s][info][gc,stats    ]   Purge Unlinked                    479 us
[40.402s][info][gc,stats    ]     Code Roots                      473 us
[40.402s][info][gc,stats    ]     CLDG                              6 us
[40.402s][info][gc,stats    ]     Exception Caches                  0 us
[40.402s][info][gc,stats    ] Pause Final Roots (G)               146 us
[40.402s][info][gc,stats    ] Pause Final Roots (N)                60 us
[40.402s][info][gc,stats    ] Pacing                            52724 us
[40.402s][info][gc,stats    ] 
[40.402s][info][gc,stats    ] Allocation pacing accrued:
[40.402s][info][gc,stats    ]      28 of   164 ms ( 17.0%): Executor task launch worker for task 0.0 in stage 55.0 (TID 91)
[40.402s][info][gc,stats    ]      25 of   164 ms ( 15.1%): Executor task launch worker for task 1.0 in stage 55.0 (TID 92)
[40.402s][info][gc,stats    ]      53 of   164 ms ( 32.1%): <total>
[40.402s][info][gc,stats    ]       0 of   164 ms (  0.1%): <average total>
[40.402s][info][gc,stats    ]      26 of   164 ms ( 16.1%): <average non-zero>
[40.402s][info][gc,stats    ] 
[40.402s][info][gc,metaspace] Metaspace: 65499K(66176K)->65499K(66176K) NonClass: 57211K(57600K)->57211K(57600K) Class: 8288K(8576K)->8288K(8576K)
[40.402s][info][gc,ergo     ] Pacer for Idle. Initial: 41943K, Alloc Tax Rate: 1.0x
[40.418s][info][gc          ] Trigger: Learning 4 of 5. Free (1282M) is below initial threshold (1433M)
[40.418s][info][gc,ergo     ] Free: 1282M, Max: 1024K regular, 462M humongous, Frag: 64% external, 0% internal; Reserve: 103M, Max: 1024K
[40.418s][info][gc,start    ] GC(93) Concurrent reset
[40.418s][info][gc,task     ] GC(93) Using 1 of 3 workers for concurrent reset
[40.418s][info][gc,ergo     ] GC(93) Pacer for Reset. Non-Taxable: 2048M
[40.419s][info][gc          ] GC(93) Concurrent reset 1.128ms
[40.419s][info][gc,start    ] GC(93) Pause Init Mark (unload classes)
[40.419s][info][gc,task     ] GC(93) Using 3 of 3 workers for init marking
[40.420s][info][gc,ergo     ] GC(93) Pacer for Mark. Expected Live: 170M, Free: 1282M, Non-Taxable: 128M, Alloc Tax Rate: 0.2x
[40.420s][info][gc          ] GC(93) Pause Init Mark (unload classes) 0.183ms
[40.420s][info][gc,start    ] GC(93) Concurrent marking roots
[40.420s][info][gc,task     ] GC(93) Using 1 of 3 workers for concurrent marking roots
[40.430s][info][gc          ] GC(93) Concurrent marking roots 10.051ms
[40.430s][info][gc,start    ] GC(93) Concurrent marking (unload classes)
[40.430s][info][gc,task     ] GC(93) Using 1 of 3 workers for concurrent marking
[40.558s][info][gc          ] GC(93) Concurrent marking (unload classes) 128.058ms
[40.558s][info][gc,start    ] GC(93) Pause Final Mark (unload classes)
[40.558s][info][gc,task     ] GC(93) Using 3 of 3 workers for final marking
[40.558s][info][gc,ergo     ] GC(93) Collectable Garbage: 469M (95%), Immediate: 469M (95%), CSet: 0B (0%)
[40.558s][info][gc          ] GC(93) Pause Final Mark (unload classes) 0.193ms
[40.558s][info][gc,start    ] GC(93) Concurrent weak references
[40.558s][info][gc,task     ] GC(93) Using 1 of 3 workers for concurrent weak references
[40.558s][info][gc,ref      ] GC(93) Encountered references: Soft: 2909, Weak: 5797, Final: 51, Phantom: 579
[40.558s][info][gc,ref      ] GC(93) Discovered  references: Soft: 0, Weak: 715, Final: 0, Phantom: 260
[40.558s][info][gc,ref      ] GC(93) Enqueued    references: Soft: 0, Weak: 0, Final: 0, Phantom: 0
[40.558s][info][gc          ] GC(93) Concurrent weak references 0.126ms
[40.558s][info][gc,start    ] GC(93) Concurrent weak roots
[40.558s][info][gc,task     ] GC(93) Using 1 of 3 workers for concurrent weak root
[40.561s][info][gc          ] GC(93) Concurrent weak roots 3.041ms
[40.561s][info][gc,start    ] GC(93) Concurrent cleanup
[40.561s][info][gc          ] GC(93) Concurrent cleanup 1063M->593M(2048M) 0.054ms
[40.561s][info][gc,ergo     ] GC(93) Free: 1347M, Max: 1024K regular, 427M humongous, Frag: 69% external, 0% internal; Reserve: 103M, Max: 1024K
[40.561s][info][gc,start    ] GC(93) Concurrent class unloading
[40.561s][info][gc,task     ] GC(93) Using 1 of 3 workers for concurrent class unloading
[40.571s][info][gc          ] GC(93) Concurrent class unloading 9.476ms
[40.571s][info][gc,start    ] GC(93) Pause Final Roots
[40.571s][info][gc          ] GC(93) Pause Final Roots 0.020ms
[40.571s][info][gc,ergo     ] Free: 1339M, Max: 1024K regular, 427M humongous, Frag: 68% external, 0% internal; Reserve: 103M, Max: 1024K
[40.571s][info][gc,stats    ] 
[40.571s][info][gc,stats    ] All times are wall-clock times, except per-root-class counters, that are sum over
[40.571s][info][gc,stats    ] all workers. Dividing the <total> over the root stage time estimates parallelism.
[40.571s][info][gc,stats    ] 
[40.571s][info][gc,stats    ] Concurrent Reset                   1145 us
[40.571s][info][gc,stats    ] Pause Init Mark (G)                 298 us
[40.571s][info][gc,stats    ] Pause Init Mark (N)                 200 us
[40.571s][info][gc,stats    ]   Update Region States               58 us
[40.571s][info][gc,stats    ] Concurrent Mark Roots             10074 us, parallelism: 0.99x
[40.571s][info][gc,stats    ]   CMR: <total>                     9932 us
[40.571s][info][gc,stats    ]   CMR: Thread Roots                9791 us, workers (us): 9791, ---, ---, 
[40.571s][info][gc,stats    ]   CMR: VM Strong Roots               19 us, workers (us):  19, ---, ---, 
[40.571s][info][gc,stats    ]   CMR: CLDG Roots                   122 us, workers (us): 122, ---, ---, 
[40.571s][info][gc,stats    ] Concurrent Marking               128106 us
[40.571s][info][gc,stats    ] Pause Final Mark (G)                270 us
[40.571s][info][gc,stats    ] Pause Final Mark (N)                203 us
[40.571s][info][gc,stats    ]   Finish Mark                        50 us
[40.571s][info][gc,stats    ]   Update Region States               35 us
[40.571s][info][gc,stats    ]   Choose Collection Set              43 us
[40.571s][info][gc,stats    ]   Rebuild Free Set                    8 us
[40.571s][info][gc,stats    ] Concurrent Weak References          133 us, parallelism: 0.38x
[40.571s][info][gc,stats    ]   CWRF: <total>                      51 us
[40.571s][info][gc,stats    ]   CWRF: Weak References              51 us, workers (us):  51, ---, ---, 
[40.571s][info][gc,stats    ] Concurrent Weak Roots              3104 us
[40.571s][info][gc,stats    ]   Roots                            2818 us, parallelism: 0.97x
[40.571s][info][gc,stats    ]     CWR: <total>                   2736 us
[40.571s][info][gc,stats    ]     CWR: Code Cache Roots          2098 us, workers (us): 2098, ---, ---, 
[40.571s][info][gc,stats    ]     CWR: VM Weak Roots              589 us, workers (us): 589, ---, ---, 
[40.571s][info][gc,stats    ]     CWR: CLDG Roots                  49 us, workers (us):  49, ---, ---, 
[40.571s][info][gc,stats    ]   Rendezvous                        204 us
[40.571s][info][gc,stats    ] Concurrent Cleanup                   63 us
[40.571s][info][gc,stats    ] Concurrent Class Unloading         9518 us
[40.571s][info][gc,stats    ]   Unlink Stale                     8796 us
[40.571s][info][gc,stats    ]     System Dictionary                62 us
[40.571s][info][gc,stats    ]     Weak Class Links                  0 us
[40.571s][info][gc,stats    ]     Code Roots                     8733 us
[40.571s][info][gc,stats    ]   Rendezvous                        157 us
[40.571s][info][gc,stats    ]   Purge Unlinked                    492 us
[40.571s][info][gc,stats    ]     Code Roots                      485 us
[40.571s][info][gc,stats    ]     CLDG                              6 us
[40.571s][info][gc,stats    ]     Exception Caches                  0 us
[40.571s][info][gc,stats    ] Pause Final Roots (G)               105 us
[40.571s][info][gc,stats    ] Pause Final Roots (N)                29 us
[40.571s][info][gc,stats    ] Pacing                            41704 us
[40.571s][info][gc,stats    ] 
[40.571s][info][gc,stats    ] Allocation pacing accrued:
[40.571s][info][gc,stats    ]      21 of   169 ms ( 12.3%): Executor task launch worker for task 1.0 in stage 56.0 (TID 94)
[40.571s][info][gc,stats    ]      21 of   169 ms ( 12.4%): Executor task launch worker for task 0.0 in stage 56.0 (TID 93)
[40.571s][info][gc,stats    ]      42 of   169 ms ( 24.6%): <total>
[40.571s][info][gc,stats    ]       0 of   169 ms (  0.1%): <average total>
[40.571s][info][gc,stats    ]      21 of   169 ms ( 12.3%): <average non-zero>
[40.571s][info][gc,stats    ] 
[40.571s][info][gc,metaspace] Metaspace: 65499K(66176K)->65522K(66304K) NonClass: 57211K(57600K)->57231K(57664K) Class: 8288K(8576K)->8291K(8640K)
[40.571s][info][gc,ergo     ] Pacer for Idle. Initial: 41943K, Alloc Tax Rate: 1.0x
[40.585s][info][gc          ] Trigger: Explicit GC request (System.gc())
[40.585s][info][gc,ergo     ] Free: 1339M, Max: 1024K regular, 427M humongous, Frag: 68% external, 0% internal; Reserve: 103M, Max: 1024K
[40.585s][info][gc,start    ] GC(94) Concurrent reset
[40.585s][info][gc,task     ] GC(94) Using 1 of 3 workers for concurrent reset
[40.585s][info][gc,ergo     ] GC(94) Pacer for Reset. Non-Taxable: 2048M
[40.586s][info][gc          ] GC(94) Concurrent reset 1.029ms
[40.586s][info][gc,start    ] GC(94) Pause Init Mark (unload classes)
[40.586s][info][gc,task     ] GC(94) Using 3 of 3 workers for init marking
[40.586s][info][gc,ref      ] GC(94) Clearing All SoftReferences
[40.586s][info][gc,ergo     ] GC(94) Pacer for Mark. Expected Live: 170M, Free: 1339M, Non-Taxable: 133M, Alloc Tax Rate: 0.2x
[40.586s][info][gc          ] GC(94) Pause Init Mark (unload classes) 0.239ms
[40.586s][info][gc,start    ] GC(94) Concurrent marking roots
[40.586s][info][gc,task     ] GC(94) Using 1 of 3 workers for concurrent marking roots
[40.597s][info][gc          ] GC(94) Concurrent marking roots 10.973ms
[40.597s][info][gc,start    ] GC(94) Concurrent marking (unload classes)
[40.597s][info][gc,task     ] GC(94) Using 1 of 3 workers for concurrent marking
[40.724s][info][gc          ] GC(94) Concurrent marking (unload classes) 126.786ms
[40.724s][info][gc,start    ] GC(94) Pause Final Mark (unload classes)
[40.724s][info][gc,task     ] GC(94) Using 3 of 3 workers for final marking
[40.724s][info][gc,ergo     ] GC(94) Collectable Garbage: 402M (93%), Immediate: 402M (93%), CSet: 0B (0%)
[40.725s][info][gc          ] GC(94) Pause Final Mark (unload classes) 0.439ms
[40.725s][info][gc,start    ] GC(94) Concurrent weak references
[40.725s][info][gc,task     ] GC(94) Using 1 of 3 workers for concurrent weak references
[40.725s][info][gc,ref      ] GC(94) Encountered references: Soft: 2824, Weak: 5809, Final: 51, Phantom: 579
[40.725s][info][gc,ref      ] GC(94) Discovered  references: Soft: 658, Weak: 953, Final: 0, Phantom: 337
[40.725s][info][gc,ref      ] GC(94) Enqueued    references: Soft: 296, Weak: 161, Final: 0, Phantom: 0
[40.725s][info][gc          ] GC(94) Concurrent weak references 0.378ms
[40.725s][info][gc,start    ] GC(94) Concurrent weak roots
[40.725s][info][gc,task     ] GC(94) Using 1 of 3 workers for concurrent weak root
[40.728s][info][gc          ] GC(94) Concurrent weak roots 2.585ms
[40.728s][info][gc,start    ] GC(94) Concurrent cleanup
[40.728s][info][gc          ] GC(94) Concurrent cleanup 606M->204M(2048M) 0.050ms
[40.728s][info][gc,ergo     ] GC(94) Free: 1739M, Max: 1024K regular, 918M humongous, Frag: 47% external, 0% internal; Reserve: 103M, Max: 1024K
[40.728s][info][gc,start    ] GC(94) Concurrent class unloading
[40.728s][info][gc,task     ] GC(94) Using 1 of 3 workers for concurrent class unloading
[40.744s][info][gc          ] GC(94) Concurrent class unloading 16.798ms
[40.745s][info][gc,start    ] GC(94) Pause Final Roots
[40.745s][info][gc          ] GC(94) Pause Final Roots 0.066ms
[40.745s][info][gc,ergo     ] Free: 1734M, Max: 1024K regular, 918M humongous, Frag: 47% external, 0% internal; Reserve: 103M, Max: 1024K
[40.745s][info][gc,stats    ] 
[40.745s][info][gc,stats    ] All times are wall-clock times, except per-root-class counters, that are sum over
[40.745s][info][gc,stats    ] all workers. Dividing the <total> over the root stage time estimates parallelism.
[40.745s][info][gc,stats    ] 
[40.745s][info][gc,stats    ] Concurrent Reset                   1051 us
[40.745s][info][gc,stats    ] Pause Init Mark (G)                 353 us
[40.745s][info][gc,stats    ] Pause Init Mark (N)                 256 us
[40.745s][info][gc,stats    ]   Update Region States               89 us
[40.745s][info][gc,stats    ] Concurrent Mark Roots             11012 us, parallelism: 0.98x
[40.745s][info][gc,stats    ]   CMR: <total>                    10833 us
[40.745s][info][gc,stats    ]   CMR: Thread Roots               10750 us, workers (us): 10750, ---, ---, 
[40.745s][info][gc,stats    ]   CMR: VM Strong Roots               13 us, workers (us):  13, ---, ---, 
[40.745s][info][gc,stats    ]   CMR: CLDG Roots                    70 us, workers (us):  70, ---, ---, 
[40.745s][info][gc,stats    ] Concurrent Marking               126863 us
[40.745s][info][gc,stats    ] Pause Final Mark (G)                535 us
[40.745s][info][gc,stats    ] Pause Final Mark (N)                447 us
[40.745s][info][gc,stats    ]   Finish Mark                       283 us
[40.745s][info][gc,stats    ]   Update Region States               45 us
[40.745s][info][gc,stats    ]   Choose Collection Set              34 us
[40.745s][info][gc,stats    ]   Rebuild Free Set                    8 us
[40.745s][info][gc,stats    ] Concurrent Weak References          386 us, parallelism: 0.46x
[40.745s][info][gc,stats    ]   CWRF: <total>                     179 us
[40.745s][info][gc,stats    ]   CWRF: Weak References             179 us, workers (us): 179, ---, ---, 
[40.745s][info][gc,stats    ] Concurrent Weak Roots              2636 us
[40.745s][info][gc,stats    ]   Roots                            2396 us, parallelism: 0.98x
[40.745s][info][gc,stats    ]     CWR: <total>                   2349 us
[40.745s][info][gc,stats    ]     CWR: Code Cache Roots          1994 us, workers (us): 1994, ---, ---, 
[40.745s][info][gc,stats    ]     CWR: VM Weak Roots              313 us, workers (us): 313, ---, ---, 
[40.745s][info][gc,stats    ]     CWR: CLDG Roots                  42 us, workers (us):  42, ---, ---, 
[40.745s][info][gc,stats    ]   Rendezvous                        173 us
[40.745s][info][gc,stats    ] Concurrent Cleanup                   59 us
[40.745s][info][gc,stats    ] Concurrent Class Unloading        16848 us
[40.745s][info][gc,stats    ]   Unlink Stale                    15668 us
[40.745s][info][gc,stats    ]     System Dictionary               659 us
[40.745s][info][gc,stats    ]     Weak Class Links               5766 us
[40.745s][info][gc,stats    ]     Code Roots                     9241 us
[40.745s][info][gc,stats    ]   Rendezvous                        223 us
[40.745s][info][gc,stats    ]   Purge Unlinked                    887 us
[40.745s][info][gc,stats    ]     Code Roots                      471 us
[40.745s][info][gc,stats    ]     CLDG                            415 us
[40.745s][info][gc,stats    ]     Exception Caches                  0 us
[40.745s][info][gc,stats    ] Pause Final Roots (G)               165 us
[40.745s][info][gc,stats    ] Pause Final Roots (N)                88 us
[40.745s][info][gc,stats    ] 
[40.745s][info][gc,stats    ] Allocation pacing accrued:
[40.745s][info][gc,stats    ]       0 of   174 ms (  0.0%): <total>
[40.745s][info][gc,stats    ]       0 of   174 ms (  0.0%): <average total>
[40.745s][info][gc,stats    ] 
[40.745s][info][gc,metaspace] Metaspace: 65522K(66304K)->65201K(66176K) NonClass: 57231K(57664K)->56964K(57600K) Class: 8291K(8640K)->8236K(8576K)
[40.745s][info][gc,ergo     ] Pacer for Idle. Initial: 41943K, Alloc Tax Rate: 1.0x
[40.914s][info][gc          ] Trigger: Learning 2 of 5. Free (1429M) is below initial threshold (1433M)
[40.914s][info][gc,ergo     ] Free: 1429M, Max: 1024K regular, 918M humongous, Frag: 36% external, 0% internal; Reserve: 103M, Max: 1024K
[40.914s][info][gc,start    ] GC(95) Concurrent reset
[40.914s][info][gc,task     ] GC(95) Using 1 of 3 workers for concurrent reset
[40.914s][info][gc,ergo     ] GC(95) Pacer for Reset. Non-Taxable: 2048M
[40.915s][info][gc          ] GC(95) Concurrent reset 0.974ms
[40.916s][info][gc,start    ] GC(95) Pause Init Mark (unload classes)
[40.916s][info][gc,task     ] GC(95) Using 3 of 3 workers for init marking
[40.916s][info][gc,ergo     ] GC(95) Pacer for Mark. Expected Live: 170M, Free: 1426M, Non-Taxable: 142M, Alloc Tax Rate: 0.1x
[40.916s][info][gc          ] GC(95) Pause Init Mark (unload classes) 0.169ms
[40.916s][info][gc,start    ] GC(95) Concurrent marking roots
[40.916s][info][gc,task     ] GC(95) Using 1 of 3 workers for concurrent marking roots
[40.926s][info][gc          ] GC(95) Concurrent marking roots 10.178ms
[40.926s][info][gc,start    ] GC(95) Concurrent marking (unload classes)
[40.926s][info][gc,task     ] GC(95) Using 1 of 3 workers for concurrent marking
[41.056s][info][gc          ] GC(95) Concurrent marking (unload classes) 130.119ms
[41.056s][info][gc,start    ] GC(95) Pause Final Mark (unload classes)
[41.056s][info][gc,task     ] GC(95) Using 3 of 3 workers for final marking
[41.056s][info][gc,ergo     ] GC(95) Adaptive CSet Selection. Target Free: 290M, Actual Free: 1322M, Max CSet: 87381K, Min Garbage: 0B
[41.056s][info][gc,ergo     ] GC(95) Collectable Garbage: 338M (98%), Immediate: 282M (82%), CSet: 57232K (16%)
[41.056s][info][gc,ergo     ] GC(95) Pacer for Evacuation. Used CSet: 59261K, Free: 1233M, Non-Taxable: 123M, Alloc Tax Rate: 1.1x
[41.056s][info][gc          ] GC(95) Pause Final Mark (unload classes) 0.236ms
[41.057s][info][gc,start    ] GC(95) Concurrent thread roots
[41.057s][info][gc,task     ] GC(95) Using 1 of 3 workers for Concurrent thread roots
[41.066s][info][gc          ] GC(95) Concurrent thread roots 9.806ms
[41.066s][info][gc,start    ] GC(95) Concurrent weak references
[41.066s][info][gc,task     ] GC(95) Using 1 of 3 workers for concurrent weak references
[41.067s][info][gc,ref      ] GC(95) Encountered references: Soft: 2909, Weak: 5906, Final: 51, Phantom: 579
[41.067s][info][gc,ref      ] GC(95) Discovered  references: Soft: 0, Weak: 864, Final: 0, Phantom: 260
[41.067s][info][gc,ref      ] GC(95) Enqueued    references: Soft: 0, Weak: 93, Final: 0, Phantom: 0
[41.067s][info][gc          ] GC(95) Concurrent weak references 0.302ms
[41.067s][info][gc,start    ] GC(95) Concurrent weak roots
[41.067s][info][gc,task     ] GC(95) Using 1 of 3 workers for concurrent weak root
[41.070s][info][gc          ] GC(95) Concurrent weak roots 3.600ms
[41.070s][info][gc,start    ] GC(95) Concurrent cleanup
[41.070s][info][gc          ] GC(95) Concurrent cleanup 1038M->755M(2048M) 0.069ms
[41.070s][info][gc,ergo     ] GC(95) Free: 1188M, Max: 1024K regular, 892M humongous, Frag: 25% external, 0% internal; Reserve: 102M, Max: 1024K
[41.070s][info][gc,start    ] GC(95) Concurrent class unloading
[41.070s][info][gc,task     ] GC(95) Using 1 of 3 workers for concurrent class unloading
[41.088s][info][gc          ] GC(95) Concurrent class unloading 17.885ms
[41.088s][info][gc,start    ] GC(95) Concurrent strong roots
[41.088s][info][gc,task     ] GC(95) Using 1 of 3 workers for concurrent strong root
[41.089s][info][gc          ] GC(95) Concurrent strong roots 0.333ms
[41.089s][info][gc,start    ] GC(95) Concurrent evacuation
[41.089s][info][gc,task     ] GC(95) Using 1 of 3 workers for concurrent evacuation
[41.090s][info][gc          ] GC(95) Concurrent evacuation 1.626ms
[41.091s][info][gc,start    ] GC(95) Pause Init Update Refs
[41.091s][info][gc,ergo     ] GC(95) Pacer for Update Refs. Used: 811M, Free: 1134M, Non-Taxable: 113M, Alloc Tax Rate: 1.1x
[41.091s][info][gc          ] GC(95) Pause Init Update Refs 0.092ms
[41.091s][info][gc,start    ] GC(95) Concurrent update references
[41.091s][info][gc,task     ] GC(95) Using 1 of 3 workers for concurrent reference update
[41.280s][info][gc          ] GC(95) Concurrent update references 189.021ms
[41.280s][info][gc,start    ] GC(95) Concurrent update thread roots
[41.289s][info][gc          ] GC(95) Concurrent update thread roots 9.187ms
[41.289s][info][gc,start    ] GC(95) Pause Final Update Refs
[41.289s][info][gc,task     ] GC(95) Using 3 of 3 workers for final reference update
[41.289s][info][gc          ] GC(95) Pause Final Update Refs 0.177ms
[41.289s][info][gc,start    ] GC(95) Concurrent cleanup
[41.289s][info][gc          ] GC(95) Concurrent cleanup 1357M->1299M(2048M) 0.031ms
[41.289s][info][gc,ergo     ] Free: 643M, Max: 1024K regular, 578M humongous, Frag: 9% external, 0% internal; Reserve: 103M, Max: 1024K
[41.289s][info][gc,stats    ] 
[41.289s][info][gc,stats    ] All times are wall-clock times, except per-root-class counters, that are sum over
[41.290s][info][gc,stats    ] all workers. Dividing the <total> over the root stage time estimates parallelism.
[41.290s][info][gc,stats    ] 
[41.290s][info][gc,stats    ] Concurrent Reset                    998 us
[41.290s][info][gc,stats    ] Pause Init Mark (G)                 394 us
[41.290s][info][gc,stats    ] Pause Init Mark (N)                 177 us
[41.290s][info][gc,stats    ]   Update Region States               77 us
[41.290s][info][gc,stats    ] Concurrent Mark Roots             10238 us, parallelism: 0.97x
[41.290s][info][gc,stats    ]   CMR: <total>                     9981 us
[41.290s][info][gc,stats    ]   CMR: Thread Roots                9870 us, workers (us): 9870, ---, ---, 
[41.290s][info][gc,stats    ]   CMR: VM Strong Roots               18 us, workers (us):  18, ---, ---, 
[41.290s][info][gc,stats    ]   CMR: CLDG Roots                    93 us, workers (us):  93, ---, ---, 
[41.290s][info][gc,stats    ] Concurrent Marking               130170 us
[41.290s][info][gc,stats    ] Pause Final Mark (G)                355 us
[41.290s][info][gc,stats    ] Pause Final Mark (N)                244 us
[41.290s][info][gc,stats    ]   Finish Mark                        74 us
[41.290s][info][gc,stats    ]   Update Region States               29 us
[41.290s][info][gc,stats    ]   Choose Collection Set              61 us
[41.290s][info][gc,stats    ]   Rebuild Free Set                    8 us
[41.290s][info][gc,stats    ] Concurrent Thread Roots            9851 us, parallelism: 0.99x
[41.290s][info][gc,stats    ]   CTR: <total>                     9716 us
[41.290s][info][gc,stats    ]   CTR: Thread Roots                9716 us, workers (us): 9716, ---, ---, 
[41.290s][info][gc,stats    ] Concurrent Weak References          318 us, parallelism: 0.41x
[41.290s][info][gc,stats    ]   CWRF: <total>                     132 us
[41.290s][info][gc,stats    ]   CWRF: Weak References             132 us, workers (us): 132, ---, ---, 
[41.290s][info][gc,stats    ] Concurrent Weak Roots              3650 us
[41.290s][info][gc,stats    ]   Roots                            3339 us, parallelism: 0.98x
[41.290s][info][gc,stats    ]     CWR: <total>                   3273 us
[41.290s][info][gc,stats    ]     CWR: Code Cache Roots          2359 us, workers (us): 2359, ---, ---, 
[41.290s][info][gc,stats    ]     CWR: VM Weak Roots              845 us, workers (us): 845, ---, ---, 
[41.290s][info][gc,stats    ]     CWR: CLDG Roots                  69 us, workers (us):  69, ---, ---, 
[41.290s][info][gc,stats    ]   Rendezvous                        227 us
[41.290s][info][gc,stats    ] Concurrent Cleanup                   87 us
[41.290s][info][gc,stats    ] Concurrent Class Unloading        17936 us
[41.290s][info][gc,stats    ]   Unlink Stale                    17099 us
[41.290s][info][gc,stats    ]     System Dictionary               239 us
[41.290s][info][gc,stats    ]     Weak Class Links               7374 us
[41.290s][info][gc,stats    ]     Code Roots                     9484 us
[41.290s][info][gc,stats    ]   Rendezvous                        242 us
[41.290s][info][gc,stats    ]   Purge Unlinked                    510 us
[41.290s][info][gc,stats    ]     Code Roots                      494 us
[41.290s][info][gc,stats    ]     CLDG                             16 us
[41.290s][info][gc,stats    ]     Exception Caches                  0 us
[41.290s][info][gc,stats    ] Concurrent Strong Roots             355 us, parallelism: 0.63x
[41.290s][info][gc,stats    ]   CSR: <total>                      224 us
[41.290s][info][gc,stats    ]   CSR: VM Strong Roots               13 us, workers (us):  13, ---, ---, 
[41.290s][info][gc,stats    ]   CSR: CLDG Roots                   211 us, workers (us): 211, ---, ---, 
[41.290s][info][gc,stats    ] Concurrent Evacuation              1701 us
[41.290s][info][gc,stats    ] Pause Init Update Refs (G)          301 us
[41.290s][info][gc,stats    ] Pause Init Update Refs (N)          110 us
[41.290s][info][gc,stats    ]   Manage GCLABs                      15 us
[41.290s][info][gc,stats    ] Concurrent Update Refs           189067 us
[41.290s][info][gc,stats    ] Concurrent Update Thread Roots     9242 us
[41.290s][info][gc,stats    ] Pause Final Update Refs (G)         339 us
[41.290s][info][gc,stats    ] Pause Final Update Refs (N)         198 us
[41.290s][info][gc,stats    ]   Update Region States               71 us
[41.290s][info][gc,stats    ]   Trash Collection Set                6 us
[41.290s][info][gc,stats    ]   Rebuild Free Set                   20 us
[41.290s][info][gc,stats    ] Concurrent Cleanup                   40 us
[41.290s][info][gc,stats    ] Pacing                            51254 us
[41.290s][info][gc,stats    ] 
[41.290s][info][gc,stats    ] Allocation pacing accrued:
[41.290s][info][gc,stats    ]      34 of   545 ms (  6.2%): Executor task launch worker for task 0.0 in stage 58.0 (TID 96)
[41.290s][info][gc,stats    ]      18 of   545 ms (  3.3%): Executor task launch worker for task 1.0 in stage 58.0 (TID 97)
[41.290s][info][gc,stats    ]      51 of   545 ms (  9.4%): <total>
[41.290s][info][gc,stats    ]       0 of   545 ms (  0.0%): <average total>
[41.290s][info][gc,stats    ]      26 of   545 ms (  4.7%): <average non-zero>
[41.290s][info][gc,stats    ] 
[41.290s][info][gc,metaspace] Metaspace: 65539K(66240K)->65538K(66240K) NonClass: 57250K(57664K)->57250K(57664K) Class: 8288K(8576K)->8288K(8576K)
[41.290s][info][gc,ergo     ] Pacer for Idle. Initial: 41943K, Alloc Tax Rate: 1.0x
[41.295s][info][gc          ] Trigger: Learning 3 of 5. Free (621M) is below initial threshold (1433M)
[41.295s][info][gc,ergo     ] Free: 621M, Max: 1024K regular, 578M humongous, Frag: 6% external, 0% internal; Reserve: 103M, Max: 1024K
[41.295s][info][gc,start    ] GC(96) Concurrent reset
[41.295s][info][gc,task     ] GC(96) Using 1 of 3 workers for concurrent reset
[41.295s][info][gc,ergo     ] GC(96) Pacer for Reset. Non-Taxable: 2048M
[41.296s][info][gc          ] GC(96) Concurrent reset 1.050ms
[41.297s][info][gc,start    ] GC(96) Pause Init Mark (unload classes)
[41.297s][info][gc,task     ] GC(96) Using 3 of 3 workers for init marking
[41.297s][info][gc,ergo     ] GC(96) Pacer for Mark. Expected Live: 170M, Free: 618M, Non-Taxable: 63338K, Alloc Tax Rate: 0.3x
[41.297s][info][gc          ] GC(96) Pause Init Mark (unload classes) 0.131ms
[41.297s][info][gc,start    ] GC(96) Concurrent marking roots
[41.297s][info][gc,task     ] GC(96) Using 1 of 3 workers for concurrent marking roots
[41.307s][info][gc          ] GC(96) Concurrent marking roots 10.162ms
[41.307s][info][gc,start    ] GC(96) Concurrent marking (unload classes)
[41.307s][info][gc,task     ] GC(96) Using 1 of 3 workers for concurrent marking
[41.437s][info][gc          ] GC(96) Concurrent marking (unload classes) 129.920ms
[41.437s][info][gc,start    ] GC(96) Pause Final Mark (unload classes)
[41.437s][info][gc,task     ] GC(96) Using 3 of 3 workers for final marking
[41.437s][info][gc,ergo     ] GC(96) Collectable Garbage: 1133M (98%), Immediate: 1133M (98%), CSet: 0B (0%)
[41.437s][info][gc          ] GC(96) Pause Final Mark (unload classes) 0.288ms
[41.437s][info][gc,start    ] GC(96) Concurrent weak references
[41.437s][info][gc,task     ] GC(96) Using 1 of 3 workers for concurrent weak references
[41.438s][info][gc,ref      ] GC(96) Encountered references: Soft: 2909, Weak: 5813, Final: 51, Phantom: 579
[41.438s][info][gc,ref      ] GC(96) Discovered  references: Soft: 0, Weak: 783, Final: 0, Phantom: 260
[41.438s][info][gc,ref      ] GC(96) Enqueued    references: Soft: 0, Weak: 16, Final: 0, Phantom: 0
[41.438s][info][gc          ] GC(96) Concurrent weak references 0.255ms
[41.438s][info][gc,start    ] GC(96) Concurrent weak roots
[41.438s][info][gc,task     ] GC(96) Using 1 of 3 workers for concurrent weak root
[41.441s][info][gc          ] GC(96) Concurrent weak roots 3.136ms
[41.441s][info][gc,start    ] GC(96) Concurrent cleanup
[41.441s][info][gc          ] GC(96) Concurrent cleanup 1675M->542M(2048M) 0.195ms
[41.441s][info][gc,ergo     ] GC(96) Free: 1399M, Max: 1024K regular, 339M humongous, Frag: 76% external, 0% internal; Reserve: 103M, Max: 1024K
[41.441s][info][gc,start    ] GC(96) Concurrent class unloading
[41.441s][info][gc,task     ] GC(96) Using 1 of 3 workers for concurrent class unloading
[41.452s][info][gc          ] GC(96) Concurrent class unloading 10.443ms
[41.452s][info][gc,start    ] GC(96) Pause Final Roots
[41.452s][info][gc          ] GC(96) Pause Final Roots 0.068ms
[41.452s][info][gc,ergo     ] Free: 1361M, Max: 1024K regular, 339M humongous, Frag: 75% external, 0% internal; Reserve: 103M, Max: 1024K
[41.452s][info][gc,stats    ] 
[41.452s][info][gc,stats    ] All times are wall-clock times, except per-root-class counters, that are sum over
[41.452s][info][gc,stats    ] all workers. Dividing the <total> over the root stage time estimates parallelism.
[41.452s][info][gc,stats    ] 
[41.452s][info][gc,stats    ] Concurrent Reset                   1104 us
[41.452s][info][gc,stats    ] Pause Init Mark (G)                 277 us
[41.452s][info][gc,stats    ] Pause Init Mark (N)                 139 us
[41.452s][info][gc,stats    ]   Update Region States               62 us
[41.452s][info][gc,stats    ] Concurrent Mark Roots             10199 us, parallelism: 0.98x
[41.452s][info][gc,stats    ]   CMR: <total>                     9982 us
[41.452s][info][gc,stats    ]   CMR: Thread Roots                9815 us, workers (us): 9815, ---, ---, 
[41.452s][info][gc,stats    ]   CMR: VM Strong Roots               21 us, workers (us):  21, ---, ---, 
[41.452s][info][gc,stats    ]   CMR: CLDG Roots                   146 us, workers (us): 146, ---, ---, 
[41.452s][info][gc,stats    ] Concurrent Marking               129966 us
[41.452s][info][gc,stats    ] Pause Final Mark (G)                429 us
[41.452s][info][gc,stats    ] Pause Final Mark (N)                308 us
[41.452s][info][gc,stats    ]   Finish Mark                        67 us
[41.452s][info][gc,stats    ]   Update Region States               48 us
[41.452s][info][gc,stats    ]   Choose Collection Set              72 us
[41.452s][info][gc,stats    ]   Rebuild Free Set                   17 us
[41.452s][info][gc,stats    ] Concurrent Weak References          272 us, parallelism: 0.32x
[41.452s][info][gc,stats    ]   CWRF: <total>                      87 us
[41.452s][info][gc,stats    ]   CWRF: Weak References              87 us, workers (us):  87, ---, ---, 
[41.452s][info][gc,stats    ] Concurrent Weak Roots              3182 us
[41.452s][info][gc,stats    ]   Roots                            2863 us, parallelism: 0.97x
[41.452s][info][gc,stats    ]     CWR: <total>                   2784 us
[41.452s][info][gc,stats    ]     CWR: Code Cache Roots          2332 us, workers (us): 2332, ---, ---, 
[41.452s][info][gc,stats    ]     CWR: VM Weak Roots              395 us, workers (us): 395, ---, ---, 
[41.452s][info][gc,stats    ]     CWR: CLDG Roots                  57 us, workers (us):  57, ---, ---, 
[41.452s][info][gc,stats    ]   Rendezvous                        238 us
[41.452s][info][gc,stats    ] Concurrent Cleanup                  218 us
[41.452s][info][gc,stats    ] Concurrent Class Unloading        10518 us
[41.452s][info][gc,stats    ]   Unlink Stale                     9715 us
[41.452s][info][gc,stats    ]     System Dictionary                66 us
[41.452s][info][gc,stats    ]     Weak Class Links                  1 us
[41.452s][info][gc,stats    ]     Code Roots                     9647 us
[41.452s][info][gc,stats    ]   Rendezvous                        154 us
[41.452s][info][gc,stats    ]   Purge Unlinked                    530 us
[41.452s][info][gc,stats    ]     Code Roots                      519 us
[41.452s][info][gc,stats    ]     CLDG                             10 us
[41.452s][info][gc,stats    ]     Exception Caches                  0 us
[41.452s][info][gc,stats    ] Pause Final Roots (G)               206 us
[41.452s][info][gc,stats    ] Pause Final Roots (N)                87 us
[41.452s][info][gc,stats    ] Pacing                            74574 us
[41.452s][info][gc,stats    ] 
[41.452s][info][gc,stats    ] Allocation pacing accrued:
[41.452s][info][gc,stats    ]      37 of   162 ms ( 23.0%): Executor task launch worker for task 0.0 in stage 58.0 (TID 96)
[41.452s][info][gc,stats    ]      37 of   162 ms ( 22.9%): Executor task launch worker for task 1.0 in stage 58.0 (TID 97)
[41.452s][info][gc,stats    ]      75 of   162 ms ( 45.9%): <total>
[41.452s][info][gc,stats    ]       0 of   162 ms (  0.2%): <average total>
[41.452s][info][gc,stats    ]      37 of   162 ms ( 23.0%): <average non-zero>
[41.452s][info][gc,stats    ] 
[41.452s][info][gc,metaspace] Metaspace: 65538K(66240K)->65538K(66240K) NonClass: 57250K(57664K)->57250K(57664K) Class: 8288K(8576K)->8288K(8576K)
[41.452s][info][gc,ergo     ] Pacer for Idle. Initial: 41943K, Alloc Tax Rate: 1.0x
[41.468s][info][gc          ] Trigger: Learning 4 of 5. Free (1319M) is below initial threshold (1433M)
[41.468s][info][gc,ergo     ] Free: 1319M, Max: 1024K regular, 339M humongous, Frag: 75% external, 0% internal; Reserve: 103M, Max: 1024K
[41.468s][info][gc,start    ] GC(97) Concurrent reset
[41.468s][info][gc,task     ] GC(97) Using 1 of 3 workers for concurrent reset
[41.468s][info][gc,ergo     ] GC(97) Pacer for Reset. Non-Taxable: 2048M
[41.469s][info][gc          ] GC(97) Concurrent reset 1.191ms
[41.469s][info][gc,start    ] GC(97) Pause Init Mark (unload classes)
[41.469s][info][gc,task     ] GC(97) Using 3 of 3 workers for init marking
[41.470s][info][gc,ergo     ] GC(97) Pacer for Mark. Expected Live: 170M, Free: 1319M, Non-Taxable: 131M, Alloc Tax Rate: 0.2x
[41.470s][info][gc          ] GC(97) Pause Init Mark (unload classes) 0.192ms
[41.470s][info][gc,start    ] GC(97) Concurrent marking roots
[41.470s][info][gc,task     ] GC(97) Using 1 of 3 workers for concurrent marking roots
[41.480s][info][gc          ] GC(97) Concurrent marking roots 10.257ms
[41.480s][info][gc,start    ] GC(97) Concurrent marking (unload classes)
[41.480s][info][gc,task     ] GC(97) Using 1 of 3 workers for concurrent marking
[41.609s][info][gc          ] GC(97) Concurrent marking (unload classes) 129.323ms
[41.609s][info][gc,start    ] GC(97) Pause Final Mark (unload classes)
[41.609s][info][gc,task     ] GC(97) Using 3 of 3 workers for final marking
[41.610s][info][gc,ergo     ] GC(97) Collectable Garbage: 433M (95%), Immediate: 433M (95%), CSet: 0B (0%)
[41.610s][info][gc          ] GC(97) Pause Final Mark (unload classes) 0.201ms
[41.610s][info][gc,start    ] GC(97) Concurrent weak references
[41.610s][info][gc,task     ] GC(97) Using 1 of 3 workers for concurrent weak references
[41.610s][info][gc,ref      ] GC(97) Encountered references: Soft: 2909, Weak: 5795, Final: 51, Phantom: 579
[41.610s][info][gc,ref      ] GC(97) Discovered  references: Soft: 0, Weak: 525, Final: 0, Phantom: 260
[41.610s][info][gc,ref      ] GC(97) Enqueued    references: Soft: 0, Weak: 0, Final: 0, Phantom: 0
[41.610s][info][gc          ] GC(97) Concurrent weak references 0.197ms
[41.610s][info][gc,start    ] GC(97) Concurrent weak roots
[41.610s][info][gc,task     ] GC(97) Using 1 of 3 workers for concurrent weak root
[41.613s][info][gc          ] GC(97) Concurrent weak roots 2.613ms
[41.613s][info][gc,start    ] GC(97) Concurrent cleanup
[41.613s][info][gc          ] GC(97) Concurrent cleanup 1030M->596M(2048M) 0.086ms
[41.613s][info][gc,ergo     ] GC(97) Free: 1345M, Max: 1024K regular, 435M humongous, Frag: 68% external, 0% internal; Reserve: 103M, Max: 1024K
[41.613s][info][gc,start    ] GC(97) Concurrent class unloading
[41.613s][info][gc,task     ] GC(97) Using 1 of 3 workers for concurrent class unloading
[41.623s][info][gc          ] GC(97) Concurrent class unloading 10.336ms
[41.623s][info][gc,start    ] GC(97) Pause Final Roots
[41.623s][info][gc          ] GC(97) Pause Final Roots 0.019ms
[41.623s][info][gc,ergo     ] Free: 1333M, Max: 1024K regular, 435M humongous, Frag: 68% external, 0% internal; Reserve: 103M, Max: 1024K
[41.623s][info][gc,stats    ] 
[41.623s][info][gc,stats    ] All times are wall-clock times, except per-root-class counters, that are sum over
[41.623s][info][gc,stats    ] all workers. Dividing the <total> over the root stage time estimates parallelism.
[41.623s][info][gc,stats    ] 
[41.623s][info][gc,stats    ] Concurrent Reset                   1212 us
[41.623s][info][gc,stats    ] Pause Init Mark (G)                 338 us
[41.623s][info][gc,stats    ] Pause Init Mark (N)                 209 us
[41.623s][info][gc,stats    ]   Update Region States               71 us
[41.623s][info][gc,stats    ] Concurrent Mark Roots             10308 us, parallelism: 0.96x
[41.623s][info][gc,stats    ]   CMR: <total>                     9907 us
[41.623s][info][gc,stats    ]   CMR: Thread Roots                9771 us, workers (us): 9771, ---, ---, 
[41.623s][info][gc,stats    ]   CMR: VM Strong Roots               18 us, workers (us):  18, ---, ---, 
[41.623s][info][gc,stats    ]   CMR: CLDG Roots                   118 us, workers (us): 118, ---, ---, 
[41.623s][info][gc,stats    ] Concurrent Marking               129419 us
[41.623s][info][gc,stats    ] Pause Final Mark (G)                324 us
[41.623s][info][gc,stats    ] Pause Final Mark (N)                233 us
[41.623s][info][gc,stats    ]   Finish Mark                        48 us
[41.623s][info][gc,stats    ]   Update Region States               49 us
[41.623s][info][gc,stats    ]   Choose Collection Set              40 us
[41.623s][info][gc,stats    ]   Rebuild Free Set                    8 us
[41.623s][info][gc,stats    ] Concurrent Weak References          212 us, parallelism: 0.27x
[41.623s][info][gc,stats    ]   CWRF: <total>                      57 us
[41.623s][info][gc,stats    ]   CWRF: Weak References              57 us, workers (us):  57, ---, ---, 
[41.623s][info][gc,stats    ] Concurrent Weak Roots              2636 us
[41.623s][info][gc,stats    ]   Roots                            2409 us, parallelism: 0.98x
[41.623s][info][gc,stats    ]     CWR: <total>                   2353 us
[41.623s][info][gc,stats    ]     CWR: Code Cache Roots          2001 us, workers (us): 2001, ---, ---, 
[41.623s][info][gc,stats    ]     CWR: VM Weak Roots              308 us, workers (us): 308, ---, ---, 
[41.623s][info][gc,stats    ]     CWR: CLDG Roots                  43 us, workers (us):  43, ---, ---, 
[41.623s][info][gc,stats    ]   Rendezvous                        172 us
[41.623s][info][gc,stats    ] Concurrent Cleanup                  108 us
[41.623s][info][gc,stats    ] Concurrent Class Unloading        10386 us
[41.623s][info][gc,stats    ]   Unlink Stale                     9637 us
[41.624s][info][gc,stats    ]     System Dictionary                64 us
[41.624s][info][gc,stats    ]     Weak Class Links                  0 us
[41.624s][info][gc,stats    ]     Code Roots                     9572 us
[41.624s][info][gc,stats    ]   Rendezvous                        154 us
[41.624s][info][gc,stats    ]   Purge Unlinked                    513 us
[41.624s][info][gc,stats    ]     Code Roots                      506 us
[41.624s][info][gc,stats    ]     CLDG                              7 us
[41.624s][info][gc,stats    ]     Exception Caches                  0 us
[41.624s][info][gc,stats    ] Pause Final Roots (G)               128 us
[41.624s][info][gc,stats    ] Pause Final Roots (N)                28 us
[41.624s][info][gc,stats    ] Pacing                            40515 us
[41.624s][info][gc,stats    ] 
[41.624s][info][gc,stats    ] Allocation pacing accrued:
[41.624s][info][gc,stats    ]      20 of   171 ms ( 11.8%): Executor task launch worker for task 0.0 in stage 59.0 (TID 98)
[41.624s][info][gc,stats    ]      20 of   171 ms ( 11.8%): Executor task launch worker for task 1.0 in stage 59.0 (TID 99)
[41.624s][info][gc,stats    ]      41 of   171 ms ( 23.6%): <total>
[41.624s][info][gc,stats    ]       0 of   171 ms (  0.1%): <average total>
[41.624s][info][gc,stats    ]      20 of   171 ms ( 11.8%): <average non-zero>
[41.624s][info][gc,stats    ] 
[41.624s][info][gc,metaspace] Metaspace: 65538K(66240K)->65574K(66304K) NonClass: 57250K(57664K)->57283K(57664K) Class: 8288K(8576K)->8291K(8640K)
[41.624s][info][gc,ergo     ] Pacer for Idle. Initial: 41943K, Alloc Tax Rate: 1.0x
[41.625s][info][gc          ] Trigger: Learning 5 of 5. Free (1333M) is below initial threshold (1433M)
[41.625s][info][gc,ergo     ] Free: 1333M, Max: 1024K regular, 435M humongous, Frag: 68% external, 0% internal; Reserve: 103M, Max: 1024K
[41.625s][info][gc,start    ] GC(98) Concurrent reset
[41.625s][info][gc,task     ] GC(98) Using 1 of 3 workers for concurrent reset
[41.625s][info][gc,ergo     ] GC(98) Pacer for Reset. Non-Taxable: 2048M
[41.626s][info][gc          ] GC(98) Concurrent reset 0.836ms
[41.626s][info][gc,start    ] GC(98) Pause Init Mark (unload classes)
[41.626s][info][gc,task     ] GC(98) Using 3 of 3 workers for init marking
[41.626s][info][gc,ergo     ] GC(98) Pacer for Mark. Expected Live: 170M, Free: 1333M, Non-Taxable: 133M, Alloc Tax Rate: 0.2x
[41.626s][info][gc          ] GC(98) Pause Init Mark (unload classes) 0.111ms
[41.626s][info][gc,start    ] GC(98) Concurrent marking roots
[41.626s][info][gc,task     ] GC(98) Using 1 of 3 workers for concurrent marking roots
[41.636s][info][gc          ] GC(98) Concurrent marking roots 9.856ms
[41.636s][info][gc,start    ] GC(98) Concurrent marking (unload classes)
[41.636s][info][gc,task     ] GC(98) Using 1 of 3 workers for concurrent marking
[41.765s][info][gc          ] GC(98) Concurrent marking (unload classes) 128.774ms
[41.765s][info][gc,start    ] GC(98) Pause Final Mark (unload classes)
[41.765s][info][gc,task     ] GC(98) Using 3 of 3 workers for final marking
[41.765s][info][gc,ergo     ] GC(98) Collectable Garbage: 410M (94%), Immediate: 410M (94%), CSet: 0B (0%)
[41.765s][info][gc          ] GC(98) Pause Final Mark (unload classes) 0.406ms
[41.765s][info][gc,start    ] GC(98) Concurrent weak references
[41.766s][info][gc,task     ] GC(98) Using 1 of 3 workers for concurrent weak references
[41.766s][info][gc,ref      ] GC(98) Encountered references: Soft: 2923, Weak: 5897, Final: 51, Phantom: 579
[41.766s][info][gc,ref      ] GC(98) Discovered  references: Soft: 0, Weak: 727, Final: 0, Phantom: 217
[41.766s][info][gc,ref      ] GC(98) Enqueued    references: Soft: 0, Weak: 4, Final: 0, Phantom: 0
[41.766s][info][gc          ] GC(98) Concurrent weak references 0.261ms
[41.766s][info][gc,start    ] GC(98) Concurrent weak roots
[41.766s][info][gc,task     ] GC(98) Using 1 of 3 workers for concurrent weak root
[41.769s][info][gc          ] GC(98) Concurrent weak roots 2.802ms
[41.769s][info][gc,start    ] GC(98) Concurrent cleanup
[41.769s][info][gc          ] GC(98) Concurrent cleanup 620M->210M(2048M) 0.077ms
[41.769s][info][gc,ergo     ] GC(98) Free: 1730M, Max: 1024K regular, 898M humongous, Frag: 48% external, 0% internal; Reserve: 103M, Max: 1024K
[41.769s][info][gc,start    ] GC(98) Concurrent class unloading
[41.769s][info][gc,task     ] GC(98) Using 1 of 3 workers for concurrent class unloading
[41.778s][info][gc          ] GC(98) Concurrent class unloading 9.061ms
[41.778s][info][gc,start    ] GC(98) Pause Final Roots
[41.778s][info][gc          ] GC(98) Pause Final Roots 0.065ms
[41.778s][info][gc,ergo     ] Free: 1730M, Max: 1024K regular, 898M humongous, Frag: 48% external, 0% internal; Reserve: 103M, Max: 1024K
[41.778s][info][gc,stats    ] 
[41.778s][info][gc,stats    ] All times are wall-clock times, except per-root-class counters, that are sum over
[41.778s][info][gc,stats    ] all workers. Dividing the <total> over the root stage time estimates parallelism.
[41.778s][info][gc,stats    ] 
[41.778s][info][gc,stats    ] Concurrent Reset                    853 us
[41.778s][info][gc,stats    ] Pause Init Mark (G)                 240 us
[41.778s][info][gc,stats    ] Pause Init Mark (N)                 120 us
[41.778s][info][gc,stats    ]   Update Region States               34 us
[41.778s][info][gc,stats    ] Concurrent Mark Roots              9917 us, parallelism: 0.98x
[41.778s][info][gc,stats    ]   CMR: <total>                     9736 us
[41.778s][info][gc,stats    ]   CMR: Thread Roots                9628 us, workers (us): 9628, ---, ---, 
[41.778s][info][gc,stats    ]   CMR: VM Strong Roots               12 us, workers (us):  12, ---, ---, 
[41.778s][info][gc,stats    ]   CMR: CLDG Roots                    96 us, workers (us):  96, ---, ---, 
[41.778s][info][gc,stats    ] Concurrent Marking               128845 us
[41.779s][info][gc,stats    ] Pause Final Mark (G)                578 us
[41.779s][info][gc,stats    ] Pause Final Mark (N)                425 us
[41.779s][info][gc,stats    ]   Finish Mark                       129 us
[41.779s][info][gc,stats    ]   Update Region States              107 us
[41.779s][info][gc,stats    ]   Choose Collection Set              58 us
[41.779s][info][gc,stats    ]   Rebuild Free Set                   18 us
[41.779s][info][gc,stats    ] Concurrent Weak References          270 us, parallelism: 0.25x
[41.779s][info][gc,stats    ]   CWRF: <total>                      68 us
[41.779s][info][gc,stats    ]   CWRF: Weak References              68 us, workers (us):  68, ---, ---, 
[41.779s][info][gc,stats    ] Concurrent Weak Roots              2855 us
[41.779s][info][gc,stats    ]   Roots                            2598 us, parallelism: 0.97x
[41.779s][info][gc,stats    ]     CWR: <total>                   2515 us
[41.779s][info][gc,stats    ]     CWR: Code Cache Roots          1867 us, workers (us): 1867, ---, ---, 
[41.779s][info][gc,stats    ]     CWR: VM Weak Roots              597 us, workers (us): 597, ---, ---, 
[41.779s][info][gc,stats    ]     CWR: CLDG Roots                  51 us, workers (us):  51, ---, ---, 
[41.779s][info][gc,stats    ]   Rendezvous                        183 us
[41.779s][info][gc,stats    ] Concurrent Cleanup                   94 us
[41.779s][info][gc,stats    ] Concurrent Class Unloading         9126 us
[41.779s][info][gc,stats    ]   Unlink Stale                     8463 us
[41.779s][info][gc,stats    ]     System Dictionary                51 us
[41.779s][info][gc,stats    ]     Weak Class Links                  0 us
[41.779s][info][gc,stats    ]     Code Roots                     8409 us
[41.779s][info][gc,stats    ]   Rendezvous                        152 us
[41.779s][info][gc,stats    ]   Purge Unlinked                    410 us
[41.779s][info][gc,stats    ]     Code Roots                      400 us
[41.779s][info][gc,stats    ]     CLDG                              9 us
[41.779s][info][gc,stats    ]     Exception Caches                  0 us
[41.779s][info][gc,stats    ] Pause Final Roots (G)               235 us
[41.779s][info][gc,stats    ] Pause Final Roots (N)                89 us
[41.779s][info][gc,stats    ] 
[41.779s][info][gc,stats    ] Allocation pacing accrued:
[41.779s][info][gc,stats    ]       0 of   155 ms (  0.0%): <total>
[41.779s][info][gc,stats    ]       0 of   155 ms (  0.0%): <average total>
[41.779s][info][gc,stats    ] 
[41.779s][info][gc,metaspace] Metaspace: 65574K(66304K)->65578K(66304K) NonClass: 57283K(57664K)->57287K(57664K) Class: 8291K(8640K)->8291K(8640K)
[41.779s][info][gc,ergo     ] Pacer for Idle. Initial: 41943K, Alloc Tax Rate: 1.0x
[41.790s][info][gc          ] Trigger: Explicit GC request (System.gc())
[41.790s][info][gc,ergo     ] Free: 1730M, Max: 1024K regular, 898M humongous, Frag: 48% external, 0% internal; Reserve: 103M, Max: 1024K
[41.790s][info][gc,start    ] GC(99) Concurrent reset
[41.790s][info][gc,task     ] GC(99) Using 1 of 3 workers for concurrent reset
[41.790s][info][gc,ergo     ] GC(99) Pacer for Reset. Non-Taxable: 2048M
[41.791s][info][gc          ] GC(99) Concurrent reset 1.091ms
[41.791s][info][gc,start    ] GC(99) Pause Init Mark (unload classes)
[41.791s][info][gc,task     ] GC(99) Using 3 of 3 workers for init marking
[41.791s][info][gc,ref      ] GC(99) Clearing All SoftReferences
[41.791s][info][gc,ergo     ] GC(99) Pacer for Mark. Expected Live: 171M, Free: 1730M, Non-Taxable: 173M, Alloc Tax Rate: 0.1x
[41.791s][info][gc          ] GC(99) Pause Init Mark (unload classes) 0.201ms
[41.791s][info][gc,start    ] GC(99) Concurrent marking roots
[41.791s][info][gc,task     ] GC(99) Using 1 of 3 workers for concurrent marking roots
[41.801s][info][gc          ] GC(99) Concurrent marking roots 9.472ms
[41.801s][info][gc,start    ] GC(99) Concurrent marking (unload classes)
[41.801s][info][gc,task     ] GC(99) Using 1 of 3 workers for concurrent marking
[41.928s][info][gc          ] GC(99) Concurrent marking (unload classes) 126.817ms
[41.928s][info][gc,start    ] GC(99) Pause Final Mark (unload classes)
[41.928s][info][gc,task     ] GC(99) Using 3 of 3 workers for final marking
[41.928s][info][gc,ergo     ] GC(99) Adaptive CSet Selection. Target Free: 290M, Actual Free: 1825M, Max CSet: 87381K, Min Garbage: 0B
[41.928s][info][gc,ergo     ] GC(99) Collectable Garbage: 37562K (90%), Immediate: 3072K (7%), CSet: 34490K (83%)
[41.928s][info][gc,ergo     ] GC(99) Pacer for Evacuation. Used CSet: 35345K, Free: 1734M, Non-Taxable: 173M, Alloc Tax Rate: 1.1x
[41.928s][info][gc          ] GC(99) Pause Final Mark (unload classes) 0.448ms
[41.928s][info][gc,start    ] GC(99) Concurrent thread roots
[41.928s][info][gc,task     ] GC(99) Using 1 of 3 workers for Concurrent thread roots
[41.938s][info][gc          ] GC(99) Concurrent thread roots 9.948ms
[41.938s][info][gc,start    ] GC(99) Concurrent weak references
[41.938s][info][gc,task     ] GC(99) Using 1 of 3 workers for concurrent weak references
[41.939s][info][gc,ref      ] GC(99) Encountered references: Soft: 2824, Weak: 5801, Final: 51, Phantom: 579
[41.939s][info][gc,ref      ] GC(99) Discovered  references: Soft: 658, Weak: 951, Final: 0, Phantom: 337
[41.939s][info][gc,ref      ] GC(99) Enqueued    references: Soft: 296, Weak: 161, Final: 0, Phantom: 0
[41.939s][info][gc          ] GC(99) Concurrent weak references 0.472ms
[41.939s][info][gc,start    ] GC(99) Concurrent weak roots
[41.939s][info][gc,task     ] GC(99) Using 1 of 3 workers for concurrent weak root
[41.942s][info][gc          ] GC(99) Concurrent weak roots 2.669ms
[41.942s][info][gc,start    ] GC(99) Concurrent cleanup
[41.942s][info][gc          ] GC(99) Concurrent cleanup 220M->217M(2048M) 0.031ms
[41.942s][info][gc,ergo     ] GC(99) Free: 1726M, Max: 1024K regular, 898M humongous, Frag: 48% external, 0% internal; Reserve: 102M, Max: 1024K
[41.942s][info][gc,start    ] GC(99) Concurrent class unloading
[41.942s][info][gc,task     ] GC(99) Using 1 of 3 workers for concurrent class unloading
[41.959s][info][gc          ] GC(99) Concurrent class unloading 17.412ms
[41.959s][info][gc,start    ] GC(99) Concurrent strong roots
[41.959s][info][gc,task     ] GC(99) Using 1 of 3 workers for concurrent strong root
[41.960s][info][gc          ] GC(99) Concurrent strong roots 0.556ms
[41.960s][info][gc,start    ] GC(99) Concurrent evacuation
[41.960s][info][gc,task     ] GC(99) Using 1 of 3 workers for concurrent evacuation
[41.961s][info][gc          ] GC(99) Concurrent evacuation 0.767ms
[41.961s][info][gc,start    ] GC(99) Pause Init Update Refs
[41.961s][info][gc,ergo     ] GC(99) Pacer for Update Refs. Used: 221M, Free: 1722M, Non-Taxable: 172M, Alloc Tax Rate: 1.1x
[41.961s][info][gc          ] GC(99) Pause Init Update Refs 0.066ms
[41.961s][info][gc,start    ] GC(99) Concurrent update references
[41.961s][info][gc,task     ] GC(99) Using 1 of 3 workers for concurrent reference update
[42.023s][info][gc          ] GC(99) Concurrent update references 62.030ms
[42.023s][info][gc,start    ] GC(99) Concurrent update thread roots
[42.032s][info][gc          ] GC(99) Concurrent update thread roots 9.006ms
[42.032s][info][gc,start    ] GC(99) Pause Final Update Refs
[42.032s][info][gc,task     ] GC(99) Using 3 of 3 workers for final reference update
[42.032s][info][gc          ] GC(99) Pause Final Update Refs 0.176ms
[42.032s][info][gc,start    ] GC(99) Concurrent cleanup
[42.032s][info][gc          ] GC(99) Concurrent cleanup 223M->189M(2048M) 0.079ms
[42.032s][info][gc,ergo     ] Free: 1753M, Max: 1024K regular, 1398M humongous, Frag: 20% external, 0% internal; Reserve: 103M, Max: 1024K
[42.032s][info][gc,stats    ] 
[42.032s][info][gc,stats    ] All times are wall-clock times, except per-root-class counters, that are sum over
[42.032s][info][gc,stats    ] all workers. Dividing the <total> over the root stage time estimates parallelism.
[42.032s][info][gc,stats    ] 
[42.033s][info][gc,stats    ] Concurrent Reset                   1112 us
[42.033s][info][gc,stats    ] Pause Init Mark (G)                 325 us
[42.033s][info][gc,stats    ] Pause Init Mark (N)                 217 us
[42.033s][info][gc,stats    ]   Update Region States               65 us
[42.033s][info][gc,stats    ] Concurrent Mark Roots              9521 us, parallelism: 0.96x
[42.033s][info][gc,stats    ]   CMR: <total>                     9143 us
[42.033s][info][gc,stats    ]   CMR: Thread Roots                9060 us, workers (us): 9060, ---, ---, 
[42.033s][info][gc,stats    ]   CMR: VM Strong Roots               13 us, workers (us):  13, ---, ---, 
[42.033s][info][gc,stats    ]   CMR: CLDG Roots                    69 us, workers (us):  69, ---, ---, 
[42.033s][info][gc,stats    ] Concurrent Marking               126896 us
[42.033s][info][gc,stats    ] Pause Final Mark (G)                545 us
[42.033s][info][gc,stats    ] Pause Final Mark (N)                456 us
[42.033s][info][gc,stats    ]   Finish Mark                       262 us
[42.033s][info][gc,stats    ]   Update Region States               50 us
[42.033s][info][gc,stats    ]   Choose Collection Set              50 us
[42.033s][info][gc,stats    ]   Rebuild Free Set                    8 us
[42.033s][info][gc,stats    ] Concurrent Thread Roots           10012 us, parallelism: 0.97x
[42.033s][info][gc,stats    ]   CTR: <total>                     9727 us
[42.033s][info][gc,stats    ]   CTR: Thread Roots                9727 us, workers (us): 9727, ---, ---, 
[42.033s][info][gc,stats    ] Concurrent Weak References          481 us, parallelism: 0.62x
[42.033s][info][gc,stats    ]   CWRF: <total>                     297 us
[42.033s][info][gc,stats    ]   CWRF: Weak References             297 us, workers (us): 297, ---, ---, 
[42.033s][info][gc,stats    ] Concurrent Weak Roots              2717 us
[42.033s][info][gc,stats    ]   Roots                            2472 us, parallelism: 0.97x
[42.033s][info][gc,stats    ]     CWR: <total>                   2409 us
[42.033s][info][gc,stats    ]     CWR: Code Cache Roots          1937 us, workers (us): 1937, ---, ---, 
[42.033s][info][gc,stats    ]     CWR: VM Weak Roots              427 us, workers (us): 427, ---, ---, 
[42.033s][info][gc,stats    ]     CWR: CLDG Roots                  45 us, workers (us):  45, ---, ---, 
[42.033s][info][gc,stats    ]   Rendezvous                        179 us
[42.033s][info][gc,stats    ] Concurrent Cleanup                   40 us
[42.033s][info][gc,stats    ] Concurrent Class Unloading        17457 us
[42.033s][info][gc,stats    ]   Unlink Stale                    16243 us
[42.033s][info][gc,stats    ]     System Dictionary               661 us
[42.033s][info][gc,stats    ]     Weak Class Links               6711 us
[42.033s][info][gc,stats    ]     Code Roots                     8868 us
[42.033s][info][gc,stats    ]   Rendezvous                        253 us
[42.033s][info][gc,stats    ]   Purge Unlinked                    897 us
[42.033s][info][gc,stats    ]     Code Roots                      531 us
[42.033s][info][gc,stats    ]     CLDG                            365 us
[42.033s][info][gc,stats    ]     Exception Caches                  0 us
[42.033s][info][gc,stats    ] Concurrent Strong Roots             581 us, parallelism: 0.75x
[42.033s][info][gc,stats    ]   CSR: <total>                      439 us
[42.033s][info][gc,stats    ]   CSR: VM Strong Roots               17 us, workers (us):  17, ---, ---, 
[42.033s][info][gc,stats    ]   CSR: CLDG Roots                   422 us, workers (us): 422, ---, ---, 
[42.033s][info][gc,stats    ] Concurrent Evacuation               792 us
[42.033s][info][gc,stats    ] Pause Init Update Refs (G)          223 us
[42.033s][info][gc,stats    ] Pause Init Update Refs (N)          136 us
[42.033s][info][gc,stats    ]   Manage GCLABs                      15 us
[42.033s][info][gc,stats    ] Concurrent Update Refs            62108 us
[42.033s][info][gc,stats    ] Concurrent Update Thread Roots     9062 us
[42.033s][info][gc,stats    ] Pause Final Update Refs (G)         295 us
[42.033s][info][gc,stats    ] Pause Final Update Refs (N)         187 us
[42.033s][info][gc,stats    ]   Update Region States               90 us
[42.033s][info][gc,stats    ]   Trash Collection Set                4 us
[42.033s][info][gc,stats    ]   Rebuild Free Set                   19 us
[42.033s][info][gc,stats    ] Concurrent Cleanup                  105 us
[42.033s][info][gc,stats    ] 
[42.033s][info][gc,stats    ] Allocation pacing accrued:
[42.033s][info][gc,stats    ]       0 of   255 ms (  0.0%): <total>
[42.033s][info][gc,stats    ]       0 of   255 ms (  0.0%): <average total>
[42.033s][info][gc,stats    ] 
[42.033s][info][gc,metaspace] Metaspace: 65578K(66304K)->65258K(66304K) NonClass: 57287K(57664K)->57022K(57728K) Class: 8291K(8640K)->8236K(8576K)
[42.033s][info][gc,ergo     ] Pacer for Idle. Initial: 41943K, Alloc Tax Rate: 1.0x
[42.196s][info][gc          ] Trigger: Learning 2 of 5. Free (1387M) is below initial threshold (1433M)
[42.196s][info][gc,ergo     ] Free: 1387M, Max: 1024K regular, 1377M humongous, Frag: 0% external, 0% internal; Reserve: 103M, Max: 1024K
[42.196s][info][gc,start    ] GC(100) Concurrent reset
[42.196s][info][gc,task     ] GC(100) Using 1 of 3 workers for concurrent reset
[42.196s][info][gc,ergo     ] GC(100) Pacer for Reset. Non-Taxable: 2048M
[42.198s][info][gc          ] GC(100) Concurrent reset 1.115ms
[42.198s][info][gc,start    ] GC(100) Pause Init Mark (unload classes)
[42.198s][info][gc,task     ] GC(100) Using 3 of 3 workers for init marking
[42.198s][info][gc,ergo     ] GC(100) Pacer for Mark. Expected Live: 171M, Free: 1387M, Non-Taxable: 138M, Alloc Tax Rate: 0.2x
[42.198s][info][gc          ] GC(100) Pause Init Mark (unload classes) 0.131ms
[42.198s][info][gc,start    ] GC(100) Concurrent marking roots
[42.198s][info][gc,task     ] GC(100) Using 1 of 3 workers for concurrent marking roots
[42.209s][info][gc          ] GC(100) Concurrent marking roots 10.871ms
[42.209s][info][gc,start    ] GC(100) Concurrent marking (unload classes)
[42.209s][info][gc,task     ] GC(100) Using 1 of 3 workers for concurrent marking
[42.341s][info][gc          ] GC(100) Concurrent marking (unload classes) 132.314ms
[42.341s][info][gc,start    ] GC(100) Pause Final Mark (unload classes)
[42.341s][info][gc,task     ] GC(100) Using 3 of 3 workers for final marking
[42.341s][info][gc,ergo     ] GC(100) Adaptive CSet Selection. Target Free: 290M, Actual Free: 1390M, Max CSet: 87381K, Min Garbage: 0B
[42.341s][info][gc,ergo     ] GC(100) Collectable Garbage: 376M (98%), Immediate: 337M (88%), CSet: 40677K (10%)
[42.341s][info][gc,ergo     ] GC(100) Pacer for Evacuation. Used CSet: 42674K, Free: 1301M, Non-Taxable: 130M, Alloc Tax Rate: 1.1x
[42.341s][info][gc          ] GC(100) Pause Final Mark (unload classes) 0.256ms
[42.342s][info][gc,start    ] GC(100) Concurrent thread roots
[42.342s][info][gc,task     ] GC(100) Using 1 of 3 workers for Concurrent thread roots
[42.351s][info][gc          ] GC(100) Concurrent thread roots 9.849ms
[42.351s][info][gc,start    ] GC(100) Concurrent weak references
[42.352s][info][gc,task     ] GC(100) Using 1 of 3 workers for concurrent weak references
[42.352s][info][gc,ref      ] GC(100) Encountered references: Soft: 2911, Weak: 5929, Final: 51, Phantom: 579
[42.352s][info][gc,ref      ] GC(100) Discovered  references: Soft: 0, Weak: 873, Final: 0, Phantom: 260
[42.352s][info][gc,ref      ] GC(100) Enqueued    references: Soft: 0, Weak: 97, Final: 0, Phantom: 0
[42.352s][info][gc          ] GC(100) Concurrent weak references 0.255ms
[42.352s][info][gc,start    ] GC(100) Concurrent weak roots
[42.352s][info][gc,task     ] GC(100) Using 1 of 3 workers for concurrent weak root
[42.356s][info][gc          ] GC(100) Concurrent weak roots 3.808ms
[42.356s][info][gc,start    ] GC(100) Concurrent cleanup
[42.356s][info][gc          ] GC(100) Concurrent cleanup 1023M->686M(2048M) 0.055ms
[42.356s][info][gc,ergo     ] GC(100) Free: 1257M, Max: 1024K regular, 906M humongous, Frag: 28% external, 0% internal; Reserve: 102M, Max: 1024K
[42.356s][info][gc,start    ] GC(100) Concurrent class unloading
[42.356s][info][gc,task     ] GC(100) Using 1 of 3 workers for concurrent class unloading
[42.377s][info][gc          ] GC(100) Concurrent class unloading 21.416ms
[42.377s][info][gc,start    ] GC(100) Concurrent strong roots
[42.377s][info][gc,task     ] GC(100) Using 1 of 3 workers for concurrent strong root
[42.378s][info][gc          ] GC(100) Concurrent strong roots 0.374ms
[42.378s][info][gc,start    ] GC(100) Concurrent evacuation
[42.378s][info][gc,task     ] GC(100) Using 1 of 3 workers for concurrent evacuation
[42.379s][info][gc          ] GC(100) Concurrent evacuation 1.221ms
[42.379s][info][gc,start    ] GC(100) Pause Init Update Refs
[42.379s][info][gc,ergo     ] GC(100) Pacer for Update Refs. Used: 752M, Free: 1193M, Non-Taxable: 119M, Alloc Tax Rate: 1.1x
[42.379s][info][gc          ] GC(100) Pause Init Update Refs 0.077ms
[42.379s][info][gc,start    ] GC(100) Concurrent update references
[42.379s][info][gc,task     ] GC(100) Using 1 of 3 workers for concurrent reference update
[42.557s][info][gc          ] GC(100) Concurrent update references 177.954ms
[42.557s][info][gc,start    ] GC(100) Concurrent update thread roots
[42.567s][info][gc          ] GC(100) Concurrent update thread roots 10.278ms
[42.567s][info][gc,start    ] GC(100) Pause Final Update Refs
[42.568s][info][gc,task     ] GC(100) Using 3 of 3 workers for final reference update
[42.568s][info][gc          ] GC(100) Pause Final Update Refs 0.128ms
[42.568s][info][gc,start    ] GC(100) Concurrent cleanup
[42.568s][info][gc          ] GC(100) Concurrent cleanup 1267M->1225M(2048M) 0.028ms
[42.568s][info][gc,ergo     ] Free: 717M, Max: 1024K regular, 665M humongous, Frag: 6% external, 0% internal; Reserve: 103M, Max: 1024K
[42.568s][info][gc,stats    ] 
[42.568s][info][gc,stats    ] All times are wall-clock times, except per-root-class counters, that are sum over
[42.568s][info][gc,stats    ] all workers. Dividing the <total> over the root stage time estimates parallelism.
[42.568s][info][gc,stats    ] 
[42.568s][info][gc,stats    ] Concurrent Reset                   1167 us
[42.568s][info][gc,stats    ] Pause Init Mark (G)                 254 us
[42.568s][info][gc,stats    ] Pause Init Mark (N)                 139 us
[42.568s][info][gc,stats    ]   Update Region States               56 us
[42.568s][info][gc,stats    ] Concurrent Mark Roots             10915 us, parallelism: 0.98x
[42.568s][info][gc,stats    ]   CMR: <total>                    10692 us
[42.568s][info][gc,stats    ]   CMR: Thread Roots               10553 us, workers (us): 10553, ---, ---, 
[42.568s][info][gc,stats    ]   CMR: VM Strong Roots               17 us, workers (us):  17, ---, ---, 
[42.568s][info][gc,stats    ]   CMR: CLDG Roots                   122 us, workers (us): 122, ---, ---, 
[42.568s][info][gc,stats    ] Concurrent Marking               132392 us
[42.568s][info][gc,stats    ] Pause Final Mark (G)                427 us
[42.568s][info][gc,stats    ] Pause Final Mark (N)                320 us
[42.568s][info][gc,stats    ]   Finish Mark                        70 us
[42.568s][info][gc,stats    ]   Update Region States               34 us
[42.568s][info][gc,stats    ]   Choose Collection Set              68 us
[42.568s][info][gc,stats    ]   Rebuild Free Set                    7 us
[42.568s][info][gc,stats    ] Concurrent Thread Roots            9884 us, parallelism: 0.99x
[42.568s][info][gc,stats    ]   CTR: <total>                     9758 us
[42.568s][info][gc,stats    ]   CTR: Thread Roots                9758 us, workers (us): 9758, ---, ---, 
[42.568s][info][gc,stats    ] Concurrent Weak References          270 us, parallelism: 0.52x
[42.568s][info][gc,stats    ]   CWRF: <total>                     142 us
[42.568s][info][gc,stats    ]   CWRF: Weak References             142 us, workers (us): 142, ---, ---, 
[42.568s][info][gc,stats    ] Concurrent Weak Roots              3868 us
[42.568s][info][gc,stats    ]   Roots                            3578 us, parallelism: 0.98x
[42.568s][info][gc,stats    ]     CWR: <total>                   3516 us
[42.568s][info][gc,stats    ]     CWR: Code Cache Roots          2752 us, workers (us): 2752, ---, ---, 
[42.568s][info][gc,stats    ]     CWR: VM Weak Roots              694 us, workers (us): 694, ---, ---, 
[42.568s][info][gc,stats    ]     CWR: CLDG Roots                  70 us, workers (us):  70, ---, ---, 
[42.568s][info][gc,stats    ]   Rendezvous                        198 us
[42.568s][info][gc,stats    ] Concurrent Cleanup                   64 us
[42.568s][info][gc,stats    ] Concurrent Class Unloading        21477 us
[42.568s][info][gc,stats    ]   Unlink Stale                    20525 us
[42.568s][info][gc,stats    ]     System Dictionary               254 us
[42.568s][info][gc,stats    ]     Weak Class Links               9055 us
[42.568s][info][gc,stats    ]     Code Roots                    11214 us
[42.568s][info][gc,stats    ]   Rendezvous                        239 us
[42.568s][info][gc,stats    ]   Purge Unlinked                    633 us
[42.568s][info][gc,stats    ]     Code Roots                      612 us
[42.568s][info][gc,stats    ]     CLDG                             20 us
[42.568s][info][gc,stats    ]     Exception Caches                  0 us
[42.568s][info][gc,stats    ] Concurrent Strong Roots             384 us, parallelism: 0.72x
[42.568s][info][gc,stats    ]   CSR: <total>                      275 us
[42.568s][info][gc,stats    ]   CSR: VM Strong Roots               14 us, workers (us):  14, ---, ---, 
[42.568s][info][gc,stats    ]   CSR: CLDG Roots                   261 us, workers (us): 261, ---, ---, 
[42.568s][info][gc,stats    ] Concurrent Evacuation              1239 us
[42.568s][info][gc,stats    ] Pause Init Update Refs (G)          171 us
[42.568s][info][gc,stats    ] Pause Init Update Refs (N)           86 us
[42.568s][info][gc,stats    ]   Manage GCLABs                      14 us
[42.568s][info][gc,stats    ] Concurrent Update Refs           178092 us
[42.568s][info][gc,stats    ] Concurrent Update Thread Roots    10340 us
[42.568s][info][gc,stats    ] Pause Final Update Refs (G)         236 us
[42.568s][info][gc,stats    ] Pause Final Update Refs (N)         146 us
[42.568s][info][gc,stats    ]   Update Region States               46 us
[42.568s][info][gc,stats    ]   Trash Collection Set                4 us
[42.568s][info][gc,stats    ]   Rebuild Free Set                   15 us
[42.568s][info][gc,stats    ] Concurrent Cleanup                   38 us
[42.568s][info][gc,stats    ] Pacing                            34011 us
[42.568s][info][gc,stats    ] 
[42.568s][info][gc,stats    ] Allocation pacing accrued:
[42.568s][info][gc,stats    ]      17 of   535 ms (  3.2%): Executor task launch worker for task 0.0 in stage 61.0 (TID 101)
[42.568s][info][gc,stats    ]      17 of   535 ms (  3.1%): Executor task launch worker for task 1.0 in stage 61.0 (TID 102)
[42.568s][info][gc,stats    ]      34 of   535 ms (  6.4%): <total>
[42.568s][info][gc,stats    ]       0 of   535 ms (  0.0%): <average total>
[42.568s][info][gc,stats    ]      17 of   535 ms (  3.2%): <average non-zero>
[42.568s][info][gc,stats    ] 
[42.568s][info][gc,metaspace] Metaspace: 65587K(66304K)->65591K(66304K) NonClass: 57299K(57728K)->57303K(57728K) Class: 8288K(8576K)->8288K(8576K)
[42.568s][info][gc,ergo     ] Pacer for Idle. Initial: 41943K, Alloc Tax Rate: 1.0x
[42.573s][info][gc          ] Trigger: Learning 3 of 5. Free (700M) is below initial threshold (1433M)
[42.573s][info][gc,ergo     ] Free: 700M, Max: 1024K regular, 665M humongous, Frag: 4% external, 0% internal; Reserve: 103M, Max: 1024K
[42.573s][info][gc,start    ] GC(101) Concurrent reset
[42.573s][info][gc,task     ] GC(101) Using 1 of 3 workers for concurrent reset
[42.573s][info][gc,ergo     ] GC(101) Pacer for Reset. Non-Taxable: 2048M
[42.574s][info][gc          ] GC(101) Concurrent reset 1.137ms
[42.574s][info][gc,start    ] GC(101) Pause Init Mark (unload classes)
[42.574s][info][gc,task     ] GC(101) Using 3 of 3 workers for init marking
[42.574s][info][gc,ergo     ] GC(101) Pacer for Mark. Expected Live: 171M, Free: 697M, Non-Taxable: 71397K, Alloc Tax Rate: 0.3x
[42.574s][info][gc          ] GC(101) Pause Init Mark (unload classes) 0.123ms
[42.574s][info][gc,start    ] GC(101) Concurrent marking roots
[42.574s][info][gc,task     ] GC(101) Using 1 of 3 workers for concurrent marking roots
[42.585s][info][gc          ] GC(101) Concurrent marking roots 10.586ms
[42.585s][info][gc,start    ] GC(101) Concurrent marking (unload classes)
[42.585s][info][gc,task     ] GC(101) Using 1 of 3 workers for concurrent marking
[42.714s][info][gc          ] GC(101) Concurrent marking (unload classes) 128.716ms
[42.714s][info][gc,start    ] GC(101) Pause Final Mark (unload classes)
[42.714s][info][gc,task     ] GC(101) Using 3 of 3 workers for final marking
[42.714s][info][gc,ergo     ] GC(101) Collectable Garbage: 1055M (98%), Immediate: 1055M (98%), CSet: 0B (0%)
[42.714s][info][gc          ] GC(101) Pause Final Mark (unload classes) 0.269ms
[42.714s][info][gc,start    ] GC(101) Concurrent weak references
[42.714s][info][gc,task     ] GC(101) Using 1 of 3 workers for concurrent weak references
[42.714s][info][gc,ref      ] GC(101) Encountered references: Soft: 2911, Weak: 5832, Final: 51, Phantom: 579
[42.714s][info][gc,ref      ] GC(101) Discovered  references: Soft: 0, Weak: 784, Final: 0, Phantom: 260
[42.714s][info][gc,ref      ] GC(101) Enqueued    references: Soft: 0, Weak: 21, Final: 0, Phantom: 0
[42.714s][info][gc          ] GC(101) Concurrent weak references 0.282ms
[42.714s][info][gc,start    ] GC(101) Concurrent weak roots
[42.714s][info][gc,task     ] GC(101) Using 1 of 3 workers for concurrent weak root
[42.718s][info][gc          ] GC(101) Concurrent weak roots 3.389ms
[42.718s][info][gc,start    ] GC(101) Concurrent cleanup
[42.718s][info][gc          ] GC(101) Concurrent cleanup 1628M->574M(2048M) 0.152ms
[42.718s][info][gc,ergo     ] GC(101) Free: 1368M, Max: 1024K regular, 456M humongous, Frag: 67% external, 0% internal; Reserve: 103M, Max: 1024K
[42.718s][info][gc,start    ] GC(101) Concurrent class unloading
[42.718s][info][gc,task     ] GC(101) Using 1 of 3 workers for concurrent class unloading
[42.728s][info][gc          ] GC(101) Concurrent class unloading 10.114ms
[42.728s][info][gc,start    ] GC(101) Pause Final Roots
[42.728s][info][gc          ] GC(101) Pause Final Roots 0.061ms
[42.728s][info][gc,ergo     ] Free: 1330M, Max: 1024K regular, 456M humongous, Frag: 66% external, 0% internal; Reserve: 103M, Max: 1024K
[42.729s][info][gc,stats    ] 
[42.729s][info][gc,stats    ] All times are wall-clock times, except per-root-class counters, that are sum over
[42.729s][info][gc,stats    ] all workers. Dividing the <total> over the root stage time estimates parallelism.
[42.729s][info][gc,stats    ] 
[42.729s][info][gc,stats    ] Concurrent Reset                   1224 us
[42.729s][info][gc,stats    ] Pause Init Mark (G)                 279 us
[42.729s][info][gc,stats    ] Pause Init Mark (N)                 132 us
[42.729s][info][gc,stats    ]   Update Region States               44 us
[42.729s][info][gc,stats    ] Concurrent Mark Roots             10661 us, parallelism: 0.98x
[42.729s][info][gc,stats    ]   CMR: <total>                    10407 us
[42.729s][info][gc,stats    ]   CMR: Thread Roots               10260 us, workers (us): 10260, ---, ---, 
[42.729s][info][gc,stats    ]   CMR: VM Strong Roots               24 us, workers (us):  24, ---, ---, 
[42.729s][info][gc,stats    ]   CMR: CLDG Roots                   123 us, workers (us): 123, ---, ---, 
[42.729s][info][gc,stats    ] Concurrent Marking               128799 us
[42.729s][info][gc,stats    ] Pause Final Mark (G)                362 us
[42.729s][info][gc,stats    ] Pause Final Mark (N)                280 us
[42.729s][info][gc,stats    ]   Finish Mark                        82 us
[42.729s][info][gc,stats    ]   Update Region States               50 us
[42.729s][info][gc,stats    ]   Choose Collection Set              31 us
[42.729s][info][gc,stats    ]   Rebuild Free Set                    8 us
[42.729s][info][gc,stats    ] Concurrent Weak References          299 us, parallelism: 0.28x
[42.729s][info][gc,stats    ]   CWRF: <total>                      84 us
[42.729s][info][gc,stats    ]   CWRF: Weak References              84 us, workers (us):  84, ---, ---, 
[42.729s][info][gc,stats    ] Concurrent Weak Roots              3448 us
[42.729s][info][gc,stats    ]   Roots                            3135 us, parallelism: 0.98x
[42.729s][info][gc,stats    ]     CWR: <total>                   3068 us
[42.729s][info][gc,stats    ]     CWR: Code Cache Roots          2419 us, workers (us): 2419, ---, ---, 
[42.729s][info][gc,stats    ]     CWR: VM Weak Roots              591 us, workers (us): 591, ---, ---, 
[42.729s][info][gc,stats    ]     CWR: CLDG Roots                  59 us, workers (us):  59, ---, ---, 
[42.729s][info][gc,stats    ]   Rendezvous                        218 us
[42.729s][info][gc,stats    ] Concurrent Cleanup                  170 us
[42.729s][info][gc,stats    ] Concurrent Class Unloading        10156 us
[42.729s][info][gc,stats    ]   Unlink Stale                     9339 us
[42.729s][info][gc,stats    ]     System Dictionary                68 us
[42.729s][info][gc,stats    ]     Weak Class Links                  0 us
[42.729s][info][gc,stats    ]     Code Roots                     9268 us
[42.729s][info][gc,stats    ]   Rendezvous                        164 us
[42.729s][info][gc,stats    ]   Purge Unlinked                    577 us
[42.729s][info][gc,stats    ]     Code Roots                      569 us
[42.729s][info][gc,stats    ]     CLDG                              7 us
[42.729s][info][gc,stats    ]     Exception Caches                  0 us
[42.729s][info][gc,stats    ] Pause Final Roots (G)               219 us
[42.729s][info][gc,stats    ] Pause Final Roots (N)                80 us
[42.729s][info][gc,stats    ] Pacing                            55722 us
[42.729s][info][gc,stats    ] 
[42.729s][info][gc,stats    ] Allocation pacing accrued:
[42.729s][info][gc,stats    ]      28 of   161 ms ( 17.4%): Executor task launch worker for task 0.0 in stage 61.0 (TID 101)
[42.729s][info][gc,stats    ]      28 of   161 ms ( 17.3%): Executor task launch worker for task 1.0 in stage 61.0 (TID 102)
[42.729s][info][gc,stats    ]      56 of   161 ms ( 34.7%): <total>
[42.729s][info][gc,stats    ]       0 of   161 ms (  0.1%): <average total>
[42.729s][info][gc,stats    ]      28 of   161 ms ( 17.3%): <average non-zero>
[42.729s][info][gc,stats    ] 
[42.729s][info][gc,metaspace] Metaspace: 65591K(66304K)->65591K(66304K) NonClass: 57303K(57728K)->57303K(57728K) Class: 8288K(8576K)->8288K(8576K)
[42.729s][info][gc,ergo     ] Pacer for Idle. Initial: 41943K, Alloc Tax Rate: 1.0x
[42.746s][info][gc          ] Trigger: Learning 4 of 5. Free (1289M) is below initial threshold (1433M)
[42.746s][info][gc,ergo     ] Free: 1289M, Max: 1024K regular, 456M humongous, Frag: 65% external, 0% internal; Reserve: 103M, Max: 1024K
[42.746s][info][gc,start    ] GC(102) Concurrent reset
[42.746s][info][gc,task     ] GC(102) Using 1 of 3 workers for concurrent reset
[42.746s][info][gc,ergo     ] GC(102) Pacer for Reset. Non-Taxable: 2048M
[42.747s][info][gc          ] GC(102) Concurrent reset 1.154ms
[42.747s][info][gc,start    ] GC(102) Pause Init Mark (unload classes)
[42.747s][info][gc,task     ] GC(102) Using 3 of 3 workers for init marking
[42.747s][info][gc,ergo     ] GC(102) Pacer for Mark. Expected Live: 171M, Free: 1289M, Non-Taxable: 128M, Alloc Tax Rate: 0.2x
[42.747s][info][gc          ] GC(102) Pause Init Mark (unload classes) 0.165ms
[42.747s][info][gc,start    ] GC(102) Concurrent marking roots
[42.747s][info][gc,task     ] GC(102) Using 1 of 3 workers for concurrent marking roots
[42.757s][info][gc          ] GC(102) Concurrent marking roots 9.761ms
[42.757s][info][gc,start    ] GC(102) Concurrent marking (unload classes)
[42.757s][info][gc,task     ] GC(102) Using 1 of 3 workers for concurrent marking
[42.886s][info][gc          ] GC(102) Concurrent marking (unload classes) 129.390ms
[42.887s][info][gc,start    ] GC(102) Pause Final Mark (unload classes)
[42.887s][info][gc,task     ] GC(102) Using 3 of 3 workers for final marking
[42.887s][info][gc,ergo     ] GC(102) Collectable Garbage: 463M (95%), Immediate: 463M (95%), CSet: 0B (0%)
[42.887s][info][gc          ] GC(102) Pause Final Mark (unload classes) 0.159ms
[42.887s][info][gc,start    ] GC(102) Concurrent weak references
[42.887s][info][gc,task     ] GC(102) Using 1 of 3 workers for concurrent weak references
[42.887s][info][gc,ref      ] GC(102) Encountered references: Soft: 2911, Weak: 5809, Final: 51, Phantom: 579
[42.887s][info][gc,ref      ] GC(102) Discovered  references: Soft: 0, Weak: 780, Final: 0, Phantom: 337
[42.887s][info][gc,ref      ] GC(102) Enqueued    references: Soft: 0, Weak: 0, Final: 0, Phantom: 0
[42.887s][info][gc          ] GC(102) Concurrent weak references 0.158ms
[42.887s][info][gc,start    ] GC(102) Concurrent weak roots
[42.887s][info][gc,task     ] GC(102) Using 1 of 3 workers for concurrent weak root
[42.890s][info][gc          ] GC(102) Concurrent weak roots 2.963ms
[42.890s][info][gc,start    ] GC(102) Concurrent cleanup
[42.890s][info][gc          ] GC(102) Concurrent cleanup 1060M->597M(2048M) 0.046ms
[42.890s][info][gc,ergo     ] GC(102) Free: 1342M, Max: 1024K regular, 405M humongous, Frag: 70% external, 0% internal; Reserve: 103M, Max: 1024K
[42.890s][info][gc,start    ] GC(102) Concurrent class unloading
[42.890s][info][gc,task     ] GC(102) Using 1 of 3 workers for concurrent class unloading
[42.900s][info][gc          ] GC(102) Concurrent class unloading 9.620ms
[42.900s][info][gc,start    ] GC(102) Pause Final Roots
[42.900s][info][gc          ] GC(102) Pause Final Roots 0.041ms
[42.900s][info][gc,ergo     ] Free: 1335M, Max: 1024K regular, 405M humongous, Frag: 70% external, 0% internal; Reserve: 103M, Max: 1024K
[42.900s][info][gc,stats    ] 
[42.900s][info][gc,stats    ] All times are wall-clock times, except per-root-class counters, that are sum over
[42.900s][info][gc,stats    ] all workers. Dividing the <total> over the root stage time estimates parallelism.
[42.900s][info][gc,stats    ] 
[42.900s][info][gc,stats    ] Concurrent Reset                   1201 us
[42.900s][info][gc,stats    ] Pause Init Mark (G)                 306 us
[42.900s][info][gc,stats    ] Pause Init Mark (N)                 181 us
[42.900s][info][gc,stats    ]   Update Region States               57 us
[42.900s][info][gc,stats    ] Concurrent Mark Roots              9802 us, parallelism: 0.98x
[42.900s][info][gc,stats    ]   CMR: <total>                     9601 us
[42.900s][info][gc,stats    ]   CMR: Thread Roots                9500 us, workers (us): 9500, ---, ---, 
[42.900s][info][gc,stats    ]   CMR: VM Strong Roots               20 us, workers (us):  20, ---, ---, 
[42.900s][info][gc,stats    ]   CMR: CLDG Roots                    82 us, workers (us):  82, ---, ---, 
[42.900s][info][gc,stats    ] Concurrent Marking               129438 us
[42.900s][info][gc,stats    ] Pause Final Mark (G)                234 us
[42.900s][info][gc,stats    ] Pause Final Mark (N)                167 us
[42.900s][info][gc,stats    ]   Finish Mark                        47 us
[42.900s][info][gc,stats    ]   Update Region States               29 us
[42.900s][info][gc,stats    ]   Choose Collection Set              27 us
[42.900s][info][gc,stats    ]   Rebuild Free Set                    8 us
[42.900s][info][gc,stats    ] Concurrent Weak References          165 us, parallelism: 0.39x
[42.900s][info][gc,stats    ]   CWRF: <total>                      64 us
[42.900s][info][gc,stats    ]   CWRF: Weak References              64 us, workers (us):  64, ---, ---, 
[42.900s][info][gc,stats    ] Concurrent Weak Roots              3024 us
[42.900s][info][gc,stats    ]   Roots                            2760 us, parallelism: 0.96x
[42.900s][info][gc,stats    ]     CWR: <total>                   2642 us
[42.900s][info][gc,stats    ]     CWR: Code Cache Roots          2289 us, workers (us): 2289, ---, ---, 
[42.900s][info][gc,stats    ]     CWR: VM Weak Roots              307 us, workers (us): 307, ---, ---, 
[42.900s][info][gc,stats    ]     CWR: CLDG Roots                  47 us, workers (us):  47, ---, ---, 
[42.900s][info][gc,stats    ]   Rendezvous                        184 us
[42.900s][info][gc,stats    ] Concurrent Cleanup                   55 us
[42.900s][info][gc,stats    ] Concurrent Class Unloading         9672 us
[42.900s][info][gc,stats    ]   Unlink Stale                     8782 us
[42.900s][info][gc,stats    ]     System Dictionary                49 us
[42.900s][info][gc,stats    ]     Weak Class Links                  0 us
[42.900s][info][gc,stats    ]     Code Roots                     8731 us
[42.900s][info][gc,stats    ]   Rendezvous                        189 us
[42.900s][info][gc,stats    ]   Purge Unlinked                    630 us
[42.900s][info][gc,stats    ]     Code Roots                      621 us
[42.900s][info][gc,stats    ]     CLDG                              8 us
[42.900s][info][gc,stats    ]     Exception Caches                  0 us
[42.900s][info][gc,stats    ] Pause Final Roots (G)               127 us
[42.900s][info][gc,stats    ] Pause Final Roots (N)                52 us
[42.900s][info][gc,stats    ] Pacing                            41703 us
[42.900s][info][gc,stats    ] 
[42.900s][info][gc,stats    ] Allocation pacing accrued:
[42.900s][info][gc,stats    ]      21 of   171 ms ( 12.2%): Executor task launch worker for task 0.0 in stage 62.0 (TID 103)
[42.900s][info][gc,stats    ]      21 of   171 ms ( 12.2%): Executor task launch worker for task 1.0 in stage 62.0 (TID 104)
[42.900s][info][gc,stats    ]      42 of   171 ms ( 24.3%): <total>
[42.900s][info][gc,stats    ]       0 of   171 ms (  0.1%): <average total>
[42.900s][info][gc,stats    ]      21 of   171 ms ( 12.2%): <average non-zero>
[42.900s][info][gc,stats    ] 
[42.900s][info][gc,metaspace] Metaspace: 65591K(66304K)->65628K(66432K) NonClass: 57303K(57728K)->57336K(57792K) Class: 8288K(8576K)->8291K(8640K)
[42.900s][info][gc,ergo     ] Pacer for Idle. Initial: 41943K, Alloc Tax Rate: 1.0x
[42.915s][info][gc          ] Trigger: Explicit GC request (System.gc())
[42.915s][info][gc,ergo     ] Free: 1334M, Max: 1024K regular, 405M humongous, Frag: 70% external, 0% internal; Reserve: 103M, Max: 1024K
[42.915s][info][gc,start    ] GC(103) Concurrent reset
[42.915s][info][gc,task     ] GC(103) Using 1 of 3 workers for concurrent reset
[42.915s][info][gc,ergo     ] GC(103) Pacer for Reset. Non-Taxable: 2048M
[42.917s][info][gc          ] GC(103) Concurrent reset 1.162ms
[42.917s][info][gc,start    ] GC(103) Pause Init Mark (unload classes)
[42.917s][info][gc,task     ] GC(103) Using 3 of 3 workers for init marking
[42.917s][info][gc,ref      ] GC(103) Clearing All SoftReferences
[42.917s][info][gc,ergo     ] GC(103) Pacer for Mark. Expected Live: 171M, Free: 1334M, Non-Taxable: 133M, Alloc Tax Rate: 0.2x
[42.917s][info][gc          ] GC(103) Pause Init Mark (unload classes) 0.321ms
[42.917s][info][gc,start    ] GC(103) Concurrent marking roots
[42.917s][info][gc,task     ] GC(103) Using 1 of 3 workers for concurrent marking roots
[42.926s][info][gc          ] GC(103) Concurrent marking roots 9.269ms
[42.926s][info][gc,start    ] GC(103) Concurrent marking (unload classes)
[42.926s][info][gc,task     ] GC(103) Using 1 of 3 workers for concurrent marking
[43.053s][info][gc          ] GC(103) Concurrent marking (unload classes) 126.637ms
[43.053s][info][gc,start    ] GC(103) Pause Final Mark (unload classes)
[43.053s][info][gc,task     ] GC(103) Using 3 of 3 workers for final marking
[43.054s][info][gc,ergo     ] GC(103) Collectable Garbage: 406M (93%), Immediate: 406M (93%), CSet: 0B (0%)
[43.054s][info][gc          ] GC(103) Pause Final Mark (unload classes) 0.424ms
[43.054s][info][gc,start    ] GC(103) Concurrent weak references
[43.054s][info][gc,task     ] GC(103) Using 1 of 3 workers for concurrent weak references
[43.054s][info][gc,ref      ] GC(103) Encountered references: Soft: 2826, Weak: 5822, Final: 51, Phantom: 579
[43.054s][info][gc,ref      ] GC(103) Discovered  references: Soft: 660, Weak: 954, Final: 0, Phantom: 337
[43.054s][info][gc,ref      ] GC(103) Enqueued    references: Soft: 298, Weak: 162, Final: 0, Phantom: 0
[43.054s][info][gc          ] GC(103) Concurrent weak references 0.446ms
[43.054s][info][gc,start    ] GC(103) Concurrent weak roots
[43.054s][info][gc,task     ] GC(103) Using 1 of 3 workers for concurrent weak root
[43.057s][info][gc          ] GC(103) Concurrent weak roots 3.022ms
[43.057s][info][gc,start    ] GC(103) Concurrent cleanup
[43.057s][info][gc          ] GC(103) Concurrent cleanup 614M->208M(2048M) 0.045ms
[43.057s][info][gc,ergo     ] GC(103) Free: 1735M, Max: 1024K regular, 908M humongous, Frag: 48% external, 0% internal; Reserve: 103M, Max: 1024K
[43.057s][info][gc,start    ] GC(103) Concurrent class unloading
[43.057s][info][gc,task     ] GC(103) Using 1 of 3 workers for concurrent class unloading
[43.074s][info][gc          ] GC(103) Concurrent class unloading 16.851ms
[43.074s][info][gc,start    ] GC(103) Pause Final Roots
[43.074s][info][gc          ] GC(103) Pause Final Roots 0.040ms
[43.074s][info][gc,ergo     ] Free: 1733M, Max: 1024K regular, 908M humongous, Frag: 48% external, 0% internal; Reserve: 103M, Max: 1024K
[43.074s][info][gc,stats    ] 
[43.074s][info][gc,stats    ] All times are wall-clock times, except per-root-class counters, that are sum over
[43.074s][info][gc,stats    ] all workers. Dividing the <total> over the root stage time estimates parallelism.
[43.074s][info][gc,stats    ] 
[43.075s][info][gc,stats    ] Concurrent Reset                   1195 us
[43.075s][info][gc,stats    ] Pause Init Mark (G)                 463 us
[43.075s][info][gc,stats    ] Pause Init Mark (N)                 329 us
[43.075s][info][gc,stats    ]   Update Region States               69 us
[43.075s][info][gc,stats    ] Concurrent Mark Roots              9322 us, parallelism: 0.98x
[43.075s][info][gc,stats    ]   CMR: <total>                     9104 us
[43.075s][info][gc,stats    ]   CMR: Thread Roots                9010 us, workers (us): 9010, ---, ---, 
[43.075s][info][gc,stats    ]   CMR: VM Strong Roots               12 us, workers (us):  12, ---, ---, 
[43.075s][info][gc,stats    ]   CMR: CLDG Roots                    82 us, workers (us):  82, ---, ---, 
[43.075s][info][gc,stats    ] Concurrent Marking               126716 us
[43.075s][info][gc,stats    ] Pause Final Mark (G)                587 us
[43.075s][info][gc,stats    ] Pause Final Mark (N)                443 us
[43.075s][info][gc,stats    ]   Finish Mark                       141 us
[43.075s][info][gc,stats    ]   Update Region States              105 us
[43.075s][info][gc,stats    ]   Choose Collection Set              65 us
[43.075s][info][gc,stats    ]   Rebuild Free Set                   18 us
[43.075s][info][gc,stats    ] Concurrent Weak References          453 us, parallelism: 0.50x
[43.075s][info][gc,stats    ]   CWRF: <total>                     227 us
[43.075s][info][gc,stats    ]   CWRF: Weak References             227 us, workers (us): 227, ---, ---, 
[43.075s][info][gc,stats    ] Concurrent Weak Roots              3064 us
[43.075s][info][gc,stats    ]   Roots                            2823 us, parallelism: 0.97x
[43.075s][info][gc,stats    ]     CWR: <total>                   2747 us
[43.075s][info][gc,stats    ]     CWR: Code Cache Roots          2110 us, workers (us): 2110, ---, ---, 
[43.075s][info][gc,stats    ]     CWR: VM Weak Roots              586 us, workers (us): 586, ---, ---, 
[43.075s][info][gc,stats    ]     CWR: CLDG Roots                  51 us, workers (us):  51, ---, ---, 
[43.075s][info][gc,stats    ]   Rendezvous                        180 us
[43.075s][info][gc,stats    ] Concurrent Cleanup                   53 us
[43.075s][info][gc,stats    ] Concurrent Class Unloading        16912 us
[43.075s][info][gc,stats    ]   Unlink Stale                    15798 us
[43.075s][info][gc,stats    ]     System Dictionary               651 us
[43.075s][info][gc,stats    ]     Weak Class Links               5948 us
[43.075s][info][gc,stats    ]     Code Roots                     9198 us
[43.075s][info][gc,stats    ]   Rendezvous                        220 us
[43.075s][info][gc,stats    ]   Purge Unlinked                    813 us
[43.075s][info][gc,stats    ]     Code Roots                      480 us
[43.075s][info][gc,stats    ]     CLDG                            332 us
[43.075s][info][gc,stats    ]     Exception Caches                  0 us
[43.075s][info][gc,stats    ] Pause Final Roots (G)               133 us
[43.075s][info][gc,stats    ] Pause Final Roots (N)                49 us
[43.075s][info][gc,stats    ] 
[43.075s][info][gc,stats    ] Allocation pacing accrued:
[43.075s][info][gc,stats    ]       0 of   175 ms (  0.0%): <total>
[43.075s][info][gc,stats    ]       0 of   175 ms (  0.0%): <average total>
[43.075s][info][gc,stats    ] 
[43.075s][info][gc,metaspace] Metaspace: 65633K(66432K)->65312K(66368K) NonClass: 57342K(57792K)->57076K(57792K) Class: 8291K(8640K)->8236K(8576K)
[43.075s][info][gc,ergo     ] Pacer for Idle. Initial: 41943K, Alloc Tax Rate: 1.0x
[43.250s][info][gc          ] Trigger: Learning 2 of 5. Free (1430M) is below initial threshold (1433M)
[43.250s][info][gc,ergo     ] Free: 1430M, Max: 1024K regular, 908M humongous, Frag: 37% external, 0% internal; Reserve: 103M, Max: 1024K
[43.250s][info][gc,start    ] GC(104) Concurrent reset
[43.250s][info][gc,task     ] GC(104) Using 1 of 3 workers for concurrent reset
[43.250s][info][gc,ergo     ] GC(104) Pacer for Reset. Non-Taxable: 2048M
[43.251s][info][gc          ] GC(104) Concurrent reset 0.754ms
[43.251s][info][gc,start    ] GC(104) Pause Init Mark (unload classes)
[43.251s][info][gc,task     ] GC(104) Using 3 of 3 workers for init marking
[43.251s][info][gc,ergo     ] GC(104) Pacer for Mark. Expected Live: 170M, Free: 1430M, Non-Taxable: 143M, Alloc Tax Rate: 0.1x
[43.251s][info][gc          ] GC(104) Pause Init Mark (unload classes) 0.149ms
[43.251s][info][gc,start    ] GC(104) Concurrent marking roots
[43.251s][info][gc,task     ] GC(104) Using 1 of 3 workers for concurrent marking roots
[43.261s][info][gc          ] GC(104) Concurrent marking roots 10.296ms
[43.261s][info][gc,start    ] GC(104) Concurrent marking (unload classes)
[43.261s][info][gc,task     ] GC(104) Using 1 of 3 workers for concurrent marking
[43.390s][info][gc          ] GC(104) Concurrent marking (unload classes) 129.141ms
[43.391s][info][gc,start    ] GC(104) Pause Final Mark (unload classes)
[43.391s][info][gc,task     ] GC(104) Using 3 of 3 workers for final marking
[43.391s][info][gc,ergo     ] GC(104) Adaptive CSet Selection. Target Free: 290M, Actual Free: 1379M, Max CSet: 87381K, Min Garbage: 0B
[43.391s][info][gc,ergo     ] GC(104) Collectable Garbage: 334M (98%), Immediate: 276M (81%), CSet: 59813K (17%)
[43.391s][info][gc,ergo     ] GC(104) Pacer for Evacuation. Used CSet: 62144K, Free: 1290M, Non-Taxable: 129M, Alloc Tax Rate: 1.1x
[43.391s][info][gc          ] GC(104) Pause Final Mark (unload classes) 0.472ms
[43.391s][info][gc,start    ] GC(104) Concurrent thread roots
[43.391s][info][gc,task     ] GC(104) Using 1 of 3 workers for Concurrent thread roots
[43.401s][info][gc          ] GC(104) Concurrent thread roots 9.520ms
[43.401s][info][gc,start    ] GC(104) Concurrent weak references
[43.401s][info][gc,task     ] GC(104) Using 1 of 3 workers for concurrent weak references
[43.401s][info][gc,ref      ] GC(104) Encountered references: Soft: 2909, Weak: 5920, Final: 51, Phantom: 579
[43.401s][info][gc,ref      ] GC(104) Discovered  references: Soft: 0, Weak: 876, Final: 0, Phantom: 260
[43.401s][info][gc,ref      ] GC(104) Enqueued    references: Soft: 0, Weak: 94, Final: 0, Phantom: 0
[43.401s][info][gc          ] GC(104) Concurrent weak references 0.374ms
[43.401s][info][gc,start    ] GC(104) Concurrent weak roots
[43.401s][info][gc,task     ] GC(104) Using 1 of 3 workers for concurrent weak root
[43.405s][info][gc          ] GC(104) Concurrent weak roots 3.479ms
[43.405s][info][gc,start    ] GC(104) Concurrent cleanup
[43.405s][info][gc          ] GC(104) Concurrent cleanup 972M->696M(2048M) 0.071ms
[43.405s][info][gc,ergo     ] GC(104) Free: 1247M, Max: 1024K regular, 908M humongous, Frag: 27% external, 0% internal; Reserve: 102M, Max: 1024K
[43.405s][info][gc,start    ] GC(104) Concurrent class unloading
[43.405s][info][gc,task     ] GC(104) Using 1 of 3 workers for concurrent class unloading
[43.423s][info][gc          ] GC(104) Concurrent class unloading 18.619ms
[43.424s][info][gc,start    ] GC(104) Concurrent strong roots
[43.424s][info][gc,task     ] GC(104) Using 1 of 3 workers for concurrent strong root
[43.424s][info][gc          ] GC(104) Concurrent strong roots 0.390ms
[43.424s][info][gc,start    ] GC(104) Concurrent evacuation
[43.424s][info][gc,task     ] GC(104) Using 1 of 3 workers for concurrent evacuation
[43.426s][info][gc          ] GC(104) Concurrent evacuation 1.788ms
[43.426s][info][gc,start    ] GC(104) Pause Init Update Refs
[43.426s][info][gc,ergo     ] GC(104) Pacer for Update Refs. Used: 757M, Free: 1188M, Non-Taxable: 118M, Alloc Tax Rate: 1.1x
[43.426s][info][gc          ] GC(104) Pause Init Update Refs 0.095ms
[43.426s][info][gc,start    ] GC(104) Concurrent update references
[43.426s][info][gc,task     ] GC(104) Using 1 of 3 workers for concurrent reference update
[43.599s][info][gc          ] GC(104) Concurrent update references 173.166ms
[43.599s][info][gc,start    ] GC(104) Concurrent update thread roots
[43.608s][info][gc          ] GC(104) Concurrent update thread roots 8.781ms
[43.608s][info][gc,start    ] GC(104) Pause Final Update Refs
[43.608s][info][gc,task     ] GC(104) Using 3 of 3 workers for final reference update
[43.608s][info][gc          ] GC(104) Pause Final Update Refs 0.132ms
[43.608s][info][gc,start    ] GC(104) Concurrent cleanup
[43.608s][info][gc          ] GC(104) Concurrent cleanup 1263M->1203M(2048M) 0.035ms
[43.608s][info][gc,ergo     ] Free: 739M, Max: 1024K regular, 671M humongous, Frag: 8% external, 0% internal; Reserve: 103M, Max: 1024K
[43.608s][info][gc,stats    ] 
[43.608s][info][gc,stats    ] All times are wall-clock times, except per-root-class counters, that are sum over
[43.608s][info][gc,stats    ] all workers. Dividing the <total> over the root stage time estimates parallelism.
[43.608s][info][gc,stats    ] 
[43.608s][info][gc,stats    ] Concurrent Reset                    773 us
[43.608s][info][gc,stats    ] Pause Init Mark (G)                 283 us
[43.608s][info][gc,stats    ] Pause Init Mark (N)                 157 us
[43.608s][info][gc,stats    ]   Update Region States               68 us
[43.608s][info][gc,stats    ] Concurrent Mark Roots             10350 us, parallelism: 0.98x
[43.608s][info][gc,stats    ]   CMR: <total>                    10106 us
[43.608s][info][gc,stats    ]   CMR: Thread Roots               10028 us, workers (us): 10028, ---, ---, 
[43.609s][info][gc,stats    ]   CMR: VM Strong Roots               13 us, workers (us):  13, ---, ---, 
[43.609s][info][gc,stats    ]   CMR: CLDG Roots                    65 us, workers (us):  65, ---, ---, 
[43.609s][info][gc,stats    ] Concurrent Marking               129214 us
[43.609s][info][gc,stats    ] Pause Final Mark (G)                641 us
[43.609s][info][gc,stats    ] Pause Final Mark (N)                489 us
[43.609s][info][gc,stats    ]   Finish Mark                       115 us
[43.609s][info][gc,stats    ]   Update Region States               91 us
[43.609s][info][gc,stats    ]   Choose Collection Set             137 us
[43.609s][info][gc,stats    ]   Rebuild Free Set                   17 us
[43.609s][info][gc,stats    ] Concurrent Thread Roots            9580 us, parallelism: 0.98x
[43.609s][info][gc,stats    ]   CTR: <total>                     9410 us
[43.609s][info][gc,stats    ]   CTR: Thread Roots                9410 us, workers (us): 9410, ---, ---, 
[43.609s][info][gc,stats    ] Concurrent Weak References          390 us, parallelism: 0.44x
[43.609s][info][gc,stats    ]   CWRF: <total>                     173 us
[43.609s][info][gc,stats    ]   CWRF: Weak References             173 us, workers (us): 173, ---, ---, 
[43.609s][info][gc,stats    ] Concurrent Weak Roots              3545 us
[43.609s][info][gc,stats    ]   Roots                            3252 us, parallelism: 0.97x
[43.609s][info][gc,stats    ]     CWR: <total>                   3156 us
[43.609s][info][gc,stats    ]     CWR: Code Cache Roots          2409 us, workers (us): 2409, ---, ---, 
[43.609s][info][gc,stats    ]     CWR: VM Weak Roots              664 us, workers (us): 664, ---, ---, 
[43.609s][info][gc,stats    ]     CWR: CLDG Roots                  83 us, workers (us):  83, ---, ---, 
[43.609s][info][gc,stats    ]   Rendezvous                        191 us
[43.609s][info][gc,stats    ] Concurrent Cleanup                   89 us
[43.609s][info][gc,stats    ] Concurrent Class Unloading        18671 us
[43.609s][info][gc,stats    ]   Unlink Stale                    17764 us
[43.609s][info][gc,stats    ]     System Dictionary               248 us
[43.609s][info][gc,stats    ]     Weak Class Links               7441 us
[43.609s][info][gc,stats    ]     Code Roots                    10072 us
[43.609s][info][gc,stats    ]   Rendezvous                        246 us
[43.609s][info][gc,stats    ]   Purge Unlinked                    575 us
[43.609s][info][gc,stats    ]     Code Roots                      556 us
[43.609s][info][gc,stats    ]     CLDG                             19 us
[43.609s][info][gc,stats    ]     Exception Caches                  0 us
[43.609s][info][gc,stats    ] Concurrent Strong Roots             410 us, parallelism: 0.64x
[43.609s][info][gc,stats    ]   CSR: <total>                      262 us
[43.609s][info][gc,stats    ]   CSR: VM Strong Roots               18 us, workers (us):  18, ---, ---, 
[43.609s][info][gc,stats    ]   CSR: CLDG Roots                   244 us, workers (us): 244, ---, ---, 
[43.609s][info][gc,stats    ] Concurrent Evacuation              1856 us
[43.609s][info][gc,stats    ] Pause Init Update Refs (G)          272 us
[43.609s][info][gc,stats    ] Pause Init Update Refs (N)          113 us
[43.609s][info][gc,stats    ]   Manage GCLABs                      15 us
[43.609s][info][gc,stats    ] Concurrent Update Refs           173215 us
[43.609s][info][gc,stats    ] Concurrent Update Thread Roots     8820 us
[43.609s][info][gc,stats    ] Pause Final Update Refs (G)         262 us
[43.609s][info][gc,stats    ] Pause Final Update Refs (N)         152 us
[43.609s][info][gc,stats    ]   Update Region States               55 us
[43.609s][info][gc,stats    ]   Trash Collection Set                4 us
[43.609s][info][gc,stats    ]   Rebuild Free Set                   12 us
[43.609s][info][gc,stats    ] Concurrent Cleanup                   44 us
[43.609s][info][gc,stats    ] Pacing                            99405 us
[43.609s][info][gc,stats    ] 
[43.609s][info][gc,stats    ] Allocation pacing accrued:
[43.609s][info][gc,stats    ]      50 of   534 ms (  9.3%): Executor task launch worker for task 1.0 in stage 64.0 (TID 107)
[43.609s][info][gc,stats    ]      50 of   534 ms (  9.3%): Executor task launch worker for task 0.0 in stage 64.0 (TID 106)
[43.609s][info][gc,stats    ]      99 of   534 ms ( 18.6%): <total>
[43.609s][info][gc,stats    ]       0 of   534 ms (  0.1%): <average total>
[43.609s][info][gc,stats    ]      50 of   534 ms (  9.3%): <average non-zero>
[43.609s][info][gc,stats    ] 
[43.609s][info][gc,metaspace] Metaspace: 65640K(66368K)->65640K(66368K) NonClass: 57352K(57792K)->57352K(57792K) Class: 8288K(8576K)->8288K(8576K)
[43.609s][info][gc,ergo     ] Pacer for Idle. Initial: 41943K, Alloc Tax Rate: 1.0x
[43.614s][info][gc          ] Trigger: Learning 3 of 5. Free (720M) is below initial threshold (1433M)
[43.614s][info][gc,ergo     ] Free: 720M, Max: 1024K regular, 671M humongous, Frag: 6% external, 0% internal; Reserve: 103M, Max: 1024K
[43.614s][info][gc,start    ] GC(105) Concurrent reset
[43.614s][info][gc,task     ] GC(105) Using 1 of 3 workers for concurrent reset
[43.614s][info][gc,ergo     ] GC(105) Pacer for Reset. Non-Taxable: 2048M
[43.615s][info][gc          ] GC(105) Concurrent reset 1.000ms
[43.615s][info][gc,start    ] GC(105) Pause Init Mark (unload classes)
[43.615s][info][gc,task     ] GC(105) Using 3 of 3 workers for init marking
[43.616s][info][gc,ergo     ] GC(105) Pacer for Mark. Expected Live: 171M, Free: 717M, Non-Taxable: 73446K, Alloc Tax Rate: 0.3x
[43.616s][info][gc          ] GC(105) Pause Init Mark (unload classes) 0.143ms
[43.616s][info][gc,start    ] GC(105) Concurrent marking roots
[43.616s][info][gc,task     ] GC(105) Using 1 of 3 workers for concurrent marking roots
[43.625s][info][gc          ] GC(105) Concurrent marking roots 9.715ms
[43.625s][info][gc,start    ] GC(105) Concurrent marking (unload classes)
[43.625s][info][gc,task     ] GC(105) Using 1 of 3 workers for concurrent marking
[43.753s][info][gc          ] GC(105) Concurrent marking (unload classes) 127.684ms
[43.753s][info][gc,start    ] GC(105) Pause Final Mark (unload classes)
[43.753s][info][gc,task     ] GC(105) Using 3 of 3 workers for final marking
[43.753s][info][gc,ergo     ] GC(105) Collectable Garbage: 1035M (98%), Immediate: 1035M (98%), CSet: 0B (0%)
[43.754s][info][gc          ] GC(105) Pause Final Mark (unload classes) 0.329ms
[43.754s][info][gc,start    ] GC(105) Concurrent weak references
[43.754s][info][gc,task     ] GC(105) Using 1 of 3 workers for concurrent weak references
[43.754s][info][gc,ref      ] GC(105) Encountered references: Soft: 2909, Weak: 5827, Final: 51, Phantom: 579
[43.754s][info][gc,ref      ] GC(105) Discovered  references: Soft: 0, Weak: 780, Final: 0, Phantom: 260
[43.754s][info][gc,ref      ] GC(105) Enqueued    references: Soft: 0, Weak: 16, Final: 0, Phantom: 0
[43.754s][info][gc          ] GC(105) Concurrent weak references 0.173ms
[43.754s][info][gc,start    ] GC(105) Concurrent weak roots
[43.754s][info][gc,task     ] GC(105) Using 1 of 3 workers for concurrent weak root
[43.757s][info][gc          ] GC(105) Concurrent weak roots 2.938ms
[43.757s][info][gc,start    ] GC(105) Concurrent cleanup
[43.757s][info][gc          ] GC(105) Concurrent cleanup 1621M->586M(2048M) 0.083ms
[43.757s][info][gc,ergo     ] GC(105) Free: 1356M, Max: 1024K regular, 310M humongous, Frag: 77% external, 0% internal; Reserve: 103M, Max: 1024K
[43.757s][info][gc,start    ] GC(105) Concurrent class unloading
[43.757s][info][gc,task     ] GC(105) Using 1 of 3 workers for concurrent class unloading
[43.767s][info][gc          ] GC(105) Concurrent class unloading 10.332ms
[43.767s][info][gc,start    ] GC(105) Pause Final Roots
[43.767s][info][gc          ] GC(105) Pause Final Roots 0.061ms
[43.767s][info][gc,ergo     ] Free: 1317M, Max: 1024K regular, 310M humongous, Frag: 77% external, 0% internal; Reserve: 103M, Max: 1024K
[43.768s][info][gc,stats    ] 
[43.768s][info][gc,stats    ] All times are wall-clock times, except per-root-class counters, that are sum over
[43.768s][info][gc,stats    ] all workers. Dividing the <total> over the root stage time estimates parallelism.
[43.768s][info][gc,stats    ] 
[43.768s][info][gc,stats    ] Concurrent Reset                   1044 us
[43.768s][info][gc,stats    ] Pause Init Mark (G)                 277 us
[43.768s][info][gc,stats    ] Pause Init Mark (N)                 159 us
[43.768s][info][gc,stats    ]   Update Region States               49 us
[43.768s][info][gc,stats    ] Concurrent Mark Roots              9746 us, parallelism: 0.98x
[43.768s][info][gc,stats    ]   CMR: <total>                     9555 us
[43.768s][info][gc,stats    ]   CMR: Thread Roots                9387 us, workers (us): 9387, ---, ---, 
[43.768s][info][gc,stats    ]   CMR: VM Strong Roots               20 us, workers (us):  20, ---, ---, 
[43.768s][info][gc,stats    ]   CMR: CLDG Roots                   147 us, workers (us): 147, ---, ---, 
[43.768s][info][gc,stats    ] Concurrent Marking               127764 us
[43.768s][info][gc,stats    ] Pause Final Mark (G)                431 us
[43.768s][info][gc,stats    ] Pause Final Mark (N)                349 us
[43.768s][info][gc,stats    ]   Finish Mark                        89 us
[43.768s][info][gc,stats    ]   Update Region States               61 us
[43.768s][info][gc,stats    ]   Choose Collection Set              65 us
[43.768s][info][gc,stats    ]   Rebuild Free Set                   16 us
[43.768s][info][gc,stats    ] Concurrent Weak References          181 us, parallelism: 0.38x
[43.768s][info][gc,stats    ]   CWRF: <total>                      69 us
[43.768s][info][gc,stats    ]   CWRF: Weak References              69 us, workers (us):  69, ---, ---, 
[43.768s][info][gc,stats    ] Concurrent Weak Roots              2984 us
[43.768s][info][gc,stats    ]   Roots                            2713 us, parallelism: 0.97x
[43.768s][info][gc,stats    ]     CWR: <total>                   2630 us
[43.768s][info][gc,stats    ]     CWR: Code Cache Roots          2009 us, workers (us): 2009, ---, ---, 
[43.768s][info][gc,stats    ]     CWR: VM Weak Roots              576 us, workers (us): 576, ---, ---, 
[43.768s][info][gc,stats    ]     CWR: CLDG Roots                  45 us, workers (us):  45, ---, ---, 
[43.768s][info][gc,stats    ]   Rendezvous                        205 us
[43.768s][info][gc,stats    ] Concurrent Cleanup                   92 us
[43.768s][info][gc,stats    ] Concurrent Class Unloading        10417 us
[43.768s][info][gc,stats    ]   Unlink Stale                     9503 us
[43.768s][info][gc,stats    ]     System Dictionary                60 us
[43.768s][info][gc,stats    ]     Weak Class Links                  0 us
[43.768s][info][gc,stats    ]     Code Roots                     9441 us
[43.768s][info][gc,stats    ]   Rendezvous                        174 us
[43.768s][info][gc,stats    ]   Purge Unlinked                    633 us
[43.768s][info][gc,stats    ]     Code Roots                      622 us
[43.768s][info][gc,stats    ]     CLDG                             10 us
[43.768s][info][gc,stats    ]     Exception Caches                  0 us
[43.768s][info][gc,stats    ] Pause Final Roots (G)               177 us
[43.768s][info][gc,stats    ] Pause Final Roots (N)                80 us
[43.768s][info][gc,stats    ] Pacing                            44855 us
[43.768s][info][gc,stats    ] 
[43.768s][info][gc,stats    ] Allocation pacing accrued:
[43.768s][info][gc,stats    ]      29 of   159 ms ( 18.6%): Executor task launch worker for task 1.0 in stage 64.0 (TID 107)
[43.768s][info][gc,stats    ]      15 of   159 ms (  9.7%): Executor task launch worker for task 0.0 in stage 64.0 (TID 106)
[43.768s][info][gc,stats    ]      45 of   159 ms ( 28.2%): <total>
[43.768s][info][gc,stats    ]       0 of   159 ms (  0.1%): <average total>
[43.768s][info][gc,stats    ]      22 of   159 ms ( 14.1%): <average non-zero>
[43.768s][info][gc,stats    ] 
[43.768s][info][gc,metaspace] Metaspace: 65640K(66368K)->65640K(66368K) NonClass: 57352K(57792K)->57352K(57792K) Class: 8288K(8576K)->8288K(8576K)
[43.768s][info][gc,ergo     ] Pacer for Idle. Initial: 41943K, Alloc Tax Rate: 1.0x
[43.771s][info][gc          ] Trigger: Learning 4 of 5. Free (1305M) is below initial threshold (1433M)
[43.771s][info][gc,ergo     ] Free: 1305M, Max: 1024K regular, 310M humongous, Frag: 77% external, 0% internal; Reserve: 103M, Max: 1024K
[43.771s][info][gc,start    ] GC(106) Concurrent reset
[43.771s][info][gc,task     ] GC(106) Using 1 of 3 workers for concurrent reset
[43.771s][info][gc,ergo     ] GC(106) Pacer for Reset. Non-Taxable: 2048M
[43.772s][info][gc          ] GC(106) Concurrent reset 0.879ms
[43.772s][info][gc,start    ] GC(106) Pause Init Mark (unload classes)
[43.772s][info][gc,task     ] GC(106) Using 3 of 3 workers for init marking
[43.772s][info][gc,ergo     ] GC(106) Pacer for Mark. Expected Live: 171M, Free: 1302M, Non-Taxable: 130M, Alloc Tax Rate: 0.2x
[43.772s][info][gc          ] GC(106) Pause Init Mark (unload classes) 0.154ms
[43.772s][info][gc,start    ] GC(106) Concurrent marking roots
[43.772s][info][gc,task     ] GC(106) Using 1 of 3 workers for concurrent marking roots
[43.782s][info][gc          ] GC(106) Concurrent marking roots 9.676ms
[43.782s][info][gc,start    ] GC(106) Concurrent marking (unload classes)
[43.782s][info][gc,task     ] GC(106) Using 1 of 3 workers for concurrent marking
[43.912s][info][gc          ] GC(106) Concurrent marking (unload classes) 129.895ms
[43.912s][info][gc,start    ] GC(106) Pause Final Mark (unload classes)
[43.912s][info][gc,task     ] GC(106) Using 3 of 3 workers for final marking
[43.912s][info][gc,ergo     ] GC(106) Collectable Garbage: 449M (95%), Immediate: 449M (95%), CSet: 0B (0%)
[43.912s][info][gc          ] GC(106) Pause Final Mark (unload classes) 0.174ms
[43.912s][info][gc,start    ] GC(106) Concurrent weak references
[43.912s][info][gc,task     ] GC(106) Using 1 of 3 workers for concurrent weak references
[43.912s][info][gc,ref      ] GC(106) Encountered references: Soft: 2909, Weak: 5811, Final: 51, Phantom: 579
[43.912s][info][gc,ref      ] GC(106) Discovered  references: Soft: 0, Weak: 767, Final: 0, Phantom: 260
[43.912s][info][gc,ref      ] GC(106) Enqueued    references: Soft: 0, Weak: 0, Final: 0, Phantom: 0
[43.912s][info][gc          ] GC(106) Concurrent weak references 0.241ms
[43.912s][info][gc,start    ] GC(106) Concurrent weak roots
[43.912s][info][gc,task     ] GC(106) Using 1 of 3 workers for concurrent weak root
[43.916s][info][gc          ] GC(106) Concurrent weak roots 3.276ms
[43.916s][info][gc,start    ] GC(106) Concurrent cleanup
[43.916s][info][gc          ] GC(106) Concurrent cleanup 1117M->667M(2048M) 0.049ms
[43.916s][info][gc,ergo     ] GC(106) Free: 1274M, Max: 1024K regular, 425M humongous, Frag: 67% external, 0% internal; Reserve: 103M, Max: 1024K
[43.916s][info][gc,start    ] GC(106) Concurrent class unloading
[43.916s][info][gc,task     ] GC(106) Using 1 of 3 workers for concurrent class unloading
[43.926s][info][gc          ] GC(106) Concurrent class unloading 10.106ms
[43.926s][info][gc,start    ] GC(106) Pause Final Roots
[43.926s][info][gc          ] GC(106) Pause Final Roots 0.039ms
[43.926s][info][gc,ergo     ] Free: 1255M, Max: 1024K regular, 425M humongous, Frag: 66% external, 0% internal; Reserve: 103M, Max: 1024K
[43.926s][info][gc,stats    ] 
[43.926s][info][gc,stats    ] All times are wall-clock times, except per-root-class counters, that are sum over
[43.926s][info][gc,stats    ] all workers. Dividing the <total> over the root stage time estimates parallelism.
[43.926s][info][gc,stats    ] 
[43.926s][info][gc,stats    ] Concurrent Reset                    936 us
[43.926s][info][gc,stats    ] Pause Init Mark (G)                 282 us
[43.926s][info][gc,stats    ] Pause Init Mark (N)                 170 us
[43.926s][info][gc,stats    ]   Update Region States               56 us
[43.926s][info][gc,stats    ] Concurrent Mark Roots              9737 us, parallelism: 0.98x
[43.926s][info][gc,stats    ]   CMR: <total>                     9501 us
[43.926s][info][gc,stats    ]   CMR: Thread Roots                9364 us, workers (us): 9364, ---, ---, 
[43.926s][info][gc,stats    ]   CMR: VM Strong Roots               23 us, workers (us):  23, ---, ---, 
[43.926s][info][gc,stats    ]   CMR: CLDG Roots                   114 us, workers (us): 114, ---, ---, 
[43.926s][info][gc,stats    ] Concurrent Marking               129940 us
[43.926s][info][gc,stats    ] Pause Final Mark (G)                290 us
[43.926s][info][gc,stats    ] Pause Final Mark (N)                182 us
[43.926s][info][gc,stats    ]   Finish Mark                        76 us
[43.926s][info][gc,stats    ]   Update Region States               30 us
[43.926s][info][gc,stats    ]   Choose Collection Set              27 us
[43.926s][info][gc,stats    ]   Rebuild Free Set                    8 us
[43.926s][info][gc,stats    ] Concurrent Weak References          249 us, parallelism: 0.63x
[43.926s][info][gc,stats    ]   CWRF: <total>                     156 us
[43.926s][info][gc,stats    ]   CWRF: Weak References             156 us, workers (us): 156, ---, ---, 
[43.926s][info][gc,stats    ] Concurrent Weak Roots              3334 us
[43.926s][info][gc,stats    ]   Roots                            3066 us, parallelism: 0.99x
[43.926s][info][gc,stats    ]     CWR: <total>                   3023 us
[43.926s][info][gc,stats    ]     CWR: Code Cache Roots          2623 us, workers (us): 2623, ---, ---, 
[43.926s][info][gc,stats    ]     CWR: VM Weak Roots              341 us, workers (us): 341, ---, ---, 
[43.926s][info][gc,stats    ]     CWR: CLDG Roots                  59 us, workers (us):  59, ---, ---, 
[43.926s][info][gc,stats    ]   Rendezvous                        191 us
[43.926s][info][gc,stats    ] Concurrent Cleanup                   58 us
[43.926s][info][gc,stats    ] Concurrent Class Unloading        10152 us
[43.926s][info][gc,stats    ]   Unlink Stale                     9338 us
[43.926s][info][gc,stats    ]     System Dictionary                56 us
[43.926s][info][gc,stats    ]     Weak Class Links                  0 us
[43.926s][info][gc,stats    ]     Code Roots                     9280 us
[43.926s][info][gc,stats    ]   Rendezvous                        221 us
[43.926s][info][gc,stats    ]   Purge Unlinked                    528 us
[43.926s][info][gc,stats    ]     Code Roots                      523 us
[43.926s][info][gc,stats    ]     CLDG                              5 us
[43.926s][info][gc,stats    ]     Exception Caches                  0 us
[43.926s][info][gc,stats    ] Pause Final Roots (G)               117 us
[43.926s][info][gc,stats    ] Pause Final Roots (N)                48 us
[43.926s][info][gc,stats    ] 
[43.926s][info][gc,stats    ] Allocation pacing accrued:
[43.927s][info][gc,stats    ]       0 of   159 ms (  0.0%): <total>
[43.927s][info][gc,stats    ]       0 of   159 ms (  0.0%): <average total>
[43.927s][info][gc,stats    ] 
[43.927s][info][gc,metaspace] Metaspace: 65640K(66368K)->65645K(66368K) NonClass: 57352K(57792K)->57356K(57792K) Class: 8288K(8576K)->8288K(8576K)
[43.927s][info][gc,ergo     ] Pacer for Idle. Initial: 41943K, Alloc Tax Rate: 1.0x
[43.928s][info][gc          ] Trigger: Learning 5 of 5. Free (1253M) is below initial threshold (1433M)
[43.928s][info][gc,ergo     ] Free: 1253M, Max: 1024K regular, 425M humongous, Frag: 66% external, 0% internal; Reserve: 103M, Max: 1024K
[43.928s][info][gc,start    ] GC(107) Concurrent reset
[43.928s][info][gc,task     ] GC(107) Using 1 of 3 workers for concurrent reset
[43.928s][info][gc,ergo     ] GC(107) Pacer for Reset. Non-Taxable: 2048M
[43.929s][info][gc          ] GC(107) Concurrent reset 1.041ms
[43.929s][info][gc,start    ] GC(107) Pause Init Mark (unload classes)
[43.929s][info][gc,task     ] GC(107) Using 3 of 3 workers for init marking
[43.929s][info][gc,ergo     ] GC(107) Pacer for Mark. Expected Live: 171M, Free: 1252M, Non-Taxable: 125M, Alloc Tax Rate: 0.2x
[43.929s][info][gc          ] GC(107) Pause Init Mark (unload classes) 0.145ms
[43.930s][info][gc,start    ] GC(107) Concurrent marking roots
[43.930s][info][gc,task     ] GC(107) Using 1 of 3 workers for concurrent marking roots
[43.939s][info][gc          ] GC(107) Concurrent marking roots 9.561ms
[43.939s][info][gc,start    ] GC(107) Concurrent marking (unload classes)
[43.939s][info][gc,task     ] GC(107) Using 1 of 3 workers for concurrent marking
[44.070s][info][gc          ] GC(107) Concurrent marking (unload classes) 130.708ms
[44.070s][info][gc,start    ] GC(107) Pause Final Mark (unload classes)
[44.070s][info][gc,task     ] GC(107) Using 3 of 3 workers for final marking
[44.070s][info][gc,ergo     ] GC(107) Collectable Garbage: 495M (95%), Immediate: 495M (95%), CSet: 0B (0%)
[44.070s][info][gc          ] GC(107) Pause Final Mark (unload classes) 0.229ms
[44.070s][info][gc,start    ] GC(107) Concurrent weak references
[44.070s][info][gc,task     ] GC(107) Using 1 of 3 workers for concurrent weak references
[44.071s][info][gc,ref      ] GC(107) Encountered references: Soft: 2913, Weak: 5821, Final: 51, Phantom: 579
[44.071s][info][gc,ref      ] GC(107) Discovered  references: Soft: 0, Weak: 3310, Final: 0, Phantom: 260
[44.071s][info][gc,ref      ] GC(107) Enqueued    references: Soft: 0, Weak: 0, Final: 0, Phantom: 0
[44.071s][info][gc          ] GC(107) Concurrent weak references 0.498ms
[44.071s][info][gc,start    ] GC(107) Concurrent weak roots
[44.071s][info][gc,task     ] GC(107) Using 1 of 3 workers for concurrent weak root
[44.074s][info][gc          ] GC(107) Concurrent weak roots 2.791ms
[44.074s][info][gc,start    ] GC(107) Concurrent cleanup
[44.074s][info][gc          ] GC(107) Concurrent cleanup 704M->209M(2048M) 0.087ms
[44.074s][info][gc,ergo     ] GC(107) Free: 1730M, Max: 1024K regular, 826M humongous, Frag: 52% external, 0% internal; Reserve: 103M, Max: 1024K
[44.074s][info][gc,start    ] GC(107) Concurrent class unloading
[44.074s][info][gc,task     ] GC(107) Using 1 of 3 workers for concurrent class unloading
[44.083s][info][gc          ] GC(107) Concurrent class unloading 9.249ms
[44.083s][info][gc,start    ] GC(107) Pause Final Roots
[44.083s][info][gc          ] GC(107) Pause Final Roots 0.040ms
[44.083s][info][gc,ergo     ] Free: 1730M, Max: 1024K regular, 826M humongous, Frag: 52% external, 0% internal; Reserve: 103M, Max: 1024K
[44.083s][info][gc,stats    ] 
[44.083s][info][gc,stats    ] All times are wall-clock times, except per-root-class counters, that are sum over
[44.083s][info][gc,stats    ] all workers. Dividing the <total> over the root stage time estimates parallelism.
[44.083s][info][gc,stats    ] 
[44.083s][info][gc,stats    ] Concurrent Reset                   1119 us
[44.083s][info][gc,stats    ] Pause Init Mark (G)                 284 us
[44.083s][info][gc,stats    ] Pause Init Mark (N)                 155 us
[44.083s][info][gc,stats    ]   Update Region States               38 us
[44.083s][info][gc,stats    ] Concurrent Mark Roots              9645 us, parallelism: 0.98x
[44.083s][info][gc,stats    ]   CMR: <total>                     9415 us
[44.083s][info][gc,stats    ]   CMR: Thread Roots                9295 us, workers (us): 9295, ---, ---, 
[44.083s][info][gc,stats    ]   CMR: VM Strong Roots               14 us, workers (us):  14, ---, ---, 
[44.083s][info][gc,stats    ]   CMR: CLDG Roots                   106 us, workers (us): 106, ---, ---, 
[44.083s][info][gc,stats    ] Concurrent Marking               130777 us
[44.083s][info][gc,stats    ] Pause Final Mark (G)                333 us
[44.083s][info][gc,stats    ] Pause Final Mark (N)                238 us
[44.083s][info][gc,stats    ]   Finish Mark                        76 us
[44.083s][info][gc,stats    ]   Update Region States               53 us
[44.083s][info][gc,stats    ]   Choose Collection Set              35 us
[44.083s][info][gc,stats    ]   Rebuild Free Set                    8 us
[44.083s][info][gc,stats    ] Concurrent Weak References          506 us, parallelism: 0.79x
[44.083s][info][gc,stats    ]   CWRF: <total>                     401 us
[44.083s][info][gc,stats    ]   CWRF: Weak References             401 us, workers (us): 401, ---, ---, 
[44.083s][info][gc,stats    ] Concurrent Weak Roots              2859 us
[44.083s][info][gc,stats    ]   Roots                            2544 us, parallelism: 0.88x
[44.083s][info][gc,stats    ]     CWR: <total>                   2227 us
[44.083s][info][gc,stats    ]     CWR: Code Cache Roots          1807 us, workers (us): 1807, ---, ---, 
[44.083s][info][gc,stats    ]     CWR: VM Weak Roots              379 us, workers (us): 379, ---, ---, 
[44.083s][info][gc,stats    ]     CWR: CLDG Roots                  41 us, workers (us):  41, ---, ---, 
[44.083s][info][gc,stats    ]   Rendezvous                        226 us
[44.083s][info][gc,stats    ] Concurrent Cleanup                  105 us
[44.083s][info][gc,stats    ] Concurrent Class Unloading         9289 us
[44.084s][info][gc,stats    ]   Unlink Stale                     8405 us
[44.084s][info][gc,stats    ]     System Dictionary                52 us
[44.084s][info][gc,stats    ]     Weak Class Links                  0 us
[44.084s][info][gc,stats    ]     Code Roots                     8351 us
[44.084s][info][gc,stats    ]   Rendezvous                        221 us
[44.084s][info][gc,stats    ]   Purge Unlinked                    588 us
[44.084s][info][gc,stats    ]     Code Roots                      582 us
[44.084s][info][gc,stats    ]     CLDG                              5 us
[44.084s][info][gc,stats    ]     Exception Caches                  0 us
[44.084s][info][gc,stats    ] Pause Final Roots (G)               125 us
[44.084s][info][gc,stats    ] Pause Final Roots (N)                50 us
[44.084s][info][gc,stats    ] 
[44.084s][info][gc,stats    ] Allocation pacing accrued:
[44.084s][info][gc,stats    ]       0 of   157 ms (  0.0%): <total>
[44.084s][info][gc,stats    ]       0 of   157 ms (  0.0%): <average total>
[44.084s][info][gc,stats    ] 
[44.084s][info][gc,metaspace] Metaspace: 65645K(66368K)->65669K(66432K) NonClass: 57356K(57792K)->57377K(57792K) Class: 8288K(8576K)->8291K(8640K)
[44.084s][info][gc,ergo     ] Pacer for Idle. Initial: 41943K, Alloc Tax Rate: 1.0x
[44.093s][info][gc          ] Trigger: Explicit GC request (System.gc())
[44.093s][info][gc,ergo     ] Free: 1730M, Max: 1024K regular, 826M humongous, Frag: 52% external, 0% internal; Reserve: 103M, Max: 1024K
[44.093s][info][gc,start    ] GC(108) Concurrent reset
[44.093s][info][gc,task     ] GC(108) Using 1 of 3 workers for concurrent reset
[44.093s][info][gc,ergo     ] GC(108) Pacer for Reset. Non-Taxable: 2048M
[44.094s][info][gc          ] GC(108) Concurrent reset 0.933ms
[44.094s][info][gc,start    ] GC(108) Pause Init Mark (unload classes)
[44.094s][info][gc,task     ] GC(108) Using 3 of 3 workers for init marking
[44.094s][info][gc,ref      ] GC(108) Clearing All SoftReferences
[44.094s][info][gc,ergo     ] GC(108) Pacer for Mark. Expected Live: 171M, Free: 1730M, Non-Taxable: 173M, Alloc Tax Rate: 0.1x
[44.094s][info][gc          ] GC(108) Pause Init Mark (unload classes) 0.186ms
[44.094s][info][gc,start    ] GC(108) Concurrent marking roots
[44.094s][info][gc,task     ] GC(108) Using 1 of 3 workers for concurrent marking roots
[44.104s][info][gc          ] GC(108) Concurrent marking roots 9.156ms
[44.104s][info][gc,start    ] GC(108) Concurrent marking (unload classes)
[44.104s][info][gc,task     ] GC(108) Using 1 of 3 workers for concurrent marking
[44.232s][info][gc          ] GC(108) Concurrent marking (unload classes) 127.986ms
[44.232s][info][gc,start    ] GC(108) Pause Final Mark (unload classes)
[44.232s][info][gc,task     ] GC(108) Using 3 of 3 workers for final marking
[44.232s][info][gc,ergo     ] GC(108) Adaptive CSet Selection. Target Free: 290M, Actual Free: 1828M, Max CSet: 87381K, Min Garbage: 0B
[44.232s][info][gc,ergo     ] GC(108) Collectable Garbage: 36371K (90%), Immediate: 7168K (17%), CSet: 29203K (72%)
[44.232s][info][gc,ergo     ] GC(108) Pacer for Evacuation. Used CSet: 30075K, Free: 1739M, Non-Taxable: 173M, Alloc Tax Rate: 1.1x
[44.232s][info][gc          ] GC(108) Pause Final Mark (unload classes) 0.491ms
[44.232s][info][gc,start    ] GC(108) Concurrent thread roots
[44.232s][info][gc,task     ] GC(108) Using 1 of 3 workers for Concurrent thread roots
[44.242s][info][gc          ] GC(108) Concurrent thread roots 9.995ms
[44.242s][info][gc,start    ] GC(108) Concurrent weak references
[44.242s][info][gc,task     ] GC(108) Using 1 of 3 workers for concurrent weak references
[44.243s][info][gc,ref      ] GC(108) Encountered references: Soft: 2824, Weak: 5814, Final: 51, Phantom: 579
[44.243s][info][gc,ref      ] GC(108) Discovered  references: Soft: 658, Weak: 953, Final: 0, Phantom: 337
[44.243s][info][gc,ref      ] GC(108) Enqueued    references: Soft: 296, Weak: 163, Final: 0, Phantom: 0
[44.243s][info][gc          ] GC(108) Concurrent weak references 0.463ms
[44.243s][info][gc,start    ] GC(108) Concurrent weak roots
[44.243s][info][gc,task     ] GC(108) Using 1 of 3 workers for concurrent weak root
[44.246s][info][gc          ] GC(108) Concurrent weak roots 3.009ms
[44.246s][info][gc,start    ] GC(108) Concurrent cleanup
[44.246s][info][gc          ] GC(108) Concurrent cleanup 221M->214M(2048M) 0.032ms
[44.246s][info][gc,ergo     ] GC(108) Free: 1728M, Max: 1024K regular, 826M humongous, Frag: 52% external, 0% internal; Reserve: 102M, Max: 1024K
[44.246s][info][gc,start    ] GC(108) Concurrent class unloading
[44.246s][info][gc,task     ] GC(108) Using 1 of 3 workers for concurrent class unloading
[44.263s][info][gc          ] GC(108) Concurrent class unloading 16.946ms
[44.263s][info][gc,start    ] GC(108) Concurrent strong roots
[44.263s][info][gc,task     ] GC(108) Using 1 of 3 workers for concurrent strong root
[44.263s][info][gc          ] GC(108) Concurrent strong roots 0.442ms
[44.263s][info][gc,start    ] GC(108) Concurrent evacuation
[44.263s][info][gc,task     ] GC(108) Using 1 of 3 workers for concurrent evacuation
[44.264s][info][gc          ] GC(108) Concurrent evacuation 0.731ms
[44.264s][info][gc,start    ] GC(108) Pause Init Update Refs
[44.264s][info][gc,ergo     ] GC(108) Pacer for Update Refs. Used: 218M, Free: 1724M, Non-Taxable: 172M, Alloc Tax Rate: 1.1x
[44.264s][info][gc          ] GC(108) Pause Init Update Refs 0.059ms
[44.264s][info][gc,start    ] GC(108) Concurrent update references
[44.264s][info][gc,task     ] GC(108) Using 1 of 3 workers for concurrent reference update
[44.326s][info][gc          ] GC(108) Concurrent update references 62.203ms
[44.326s][info][gc,start    ] GC(108) Concurrent update thread roots
[44.335s][info][gc          ] GC(108) Concurrent update thread roots 8.546ms
[44.335s][info][gc,start    ] GC(108) Pause Final Update Refs
[44.335s][info][gc,task     ] GC(108) Using 3 of 3 workers for final reference update
[44.335s][info][gc          ] GC(108) Pause Final Update Refs 0.316ms
[44.336s][info][gc,start    ] GC(108) Concurrent cleanup
[44.336s][info][gc          ] GC(108) Concurrent cleanup 218M->189M(2048M) 0.079ms
[44.336s][info][gc,ergo     ] Free: 1753M, Max: 1024K regular, 1397M humongous, Frag: 20% external, 0% internal; Reserve: 103M, Max: 1024K
[44.336s][info][gc,stats    ] 
[44.336s][info][gc,stats    ] All times are wall-clock times, except per-root-class counters, that are sum over
[44.336s][info][gc,stats    ] all workers. Dividing the <total> over the root stage time estimates parallelism.
[44.336s][info][gc,stats    ] 
[44.336s][info][gc,stats    ] Concurrent Reset                   1001 us
[44.336s][info][gc,stats    ] Pause Init Mark (G)                 325 us
[44.336s][info][gc,stats    ] Pause Init Mark (N)                 202 us
[44.336s][info][gc,stats    ]   Update Region States               68 us
[44.336s][info][gc,stats    ] Concurrent Mark Roots              9206 us, parallelism: 0.97x
[44.336s][info][gc,stats    ]   CMR: <total>                     8961 us
[44.336s][info][gc,stats    ]   CMR: Thread Roots                8795 us, workers (us): 8795, ---, ---, 
[44.336s][info][gc,stats    ]   CMR: VM Strong Roots               19 us, workers (us):  19, ---, ---, 
[44.336s][info][gc,stats    ]   CMR: CLDG Roots                   147 us, workers (us): 147, ---, ---, 
[44.336s][info][gc,stats    ] Concurrent Marking               128063 us
[44.336s][info][gc,stats    ] Pause Final Mark (G)                587 us
[44.336s][info][gc,stats    ] Pause Final Mark (N)                499 us
[44.336s][info][gc,stats    ]   Finish Mark                       293 us
[44.336s][info][gc,stats    ]   Update Region States               50 us
[44.336s][info][gc,stats    ]   Choose Collection Set              52 us
[44.336s][info][gc,stats    ]   Rebuild Free Set                    8 us
[44.336s][info][gc,stats    ] Concurrent Thread Roots           10047 us, parallelism: 0.97x
[44.336s][info][gc,stats    ]   CTR: <total>                     9770 us
[44.336s][info][gc,stats    ]   CTR: Thread Roots                9770 us, workers (us): 9770, ---, ---, 
[44.336s][info][gc,stats    ] Concurrent Weak References          480 us, parallelism: 0.58x
[44.336s][info][gc,stats    ]   CWRF: <total>                     277 us
[44.336s][info][gc,stats    ]   CWRF: Weak References             277 us, workers (us): 277, ---, ---, 
[44.336s][info][gc,stats    ] Concurrent Weak Roots              3049 us
[44.336s][info][gc,stats    ]   Roots                            2781 us, parallelism: 0.98x
[44.336s][info][gc,stats    ]     CWR: <total>                   2727 us
[44.336s][info][gc,stats    ]     CWR: Code Cache Roots          2248 us, workers (us): 2248, ---, ---, 
[44.336s][info][gc,stats    ]     CWR: VM Weak Roots              430 us, workers (us): 430, ---, ---, 
[44.336s][info][gc,stats    ]     CWR: CLDG Roots                  49 us, workers (us):  49, ---, ---, 
[44.336s][info][gc,stats    ]   Rendezvous                        193 us
[44.336s][info][gc,stats    ] Concurrent Cleanup                   41 us
[44.336s][info][gc,stats    ] Concurrent Class Unloading        16994 us
[44.336s][info][gc,stats    ]   Unlink Stale                    15747 us
[44.336s][info][gc,stats    ]     System Dictionary               702 us
[44.336s][info][gc,stats    ]     Weak Class Links               5923 us
[44.336s][info][gc,stats    ]     Code Roots                     9119 us
[44.336s][info][gc,stats    ]   Rendezvous                        277 us
[44.336s][info][gc,stats    ]   Purge Unlinked                    902 us
[44.336s][info][gc,stats    ]     Code Roots                      587 us
[44.336s][info][gc,stats    ]     CLDG                            314 us
[44.336s][info][gc,stats    ]     Exception Caches                  0 us
[44.336s][info][gc,stats    ] Concurrent Strong Roots             466 us, parallelism: 0.69x
[44.336s][info][gc,stats    ]   CSR: <total>                      320 us
[44.336s][info][gc,stats    ]   CSR: VM Strong Roots               18 us, workers (us):  18, ---, ---, 
[44.336s][info][gc,stats    ]   CSR: CLDG Roots                   302 us, workers (us): 302, ---, ---, 
[44.336s][info][gc,stats    ] Concurrent Evacuation               756 us
[44.336s][info][gc,stats    ] Pause Init Update Refs (G)          129 us
[44.336s][info][gc,stats    ] Pause Init Update Refs (N)           68 us
[44.336s][info][gc,stats    ]   Manage GCLABs                      12 us
[44.336s][info][gc,stats    ] Concurrent Update Refs            62274 us
[44.336s][info][gc,stats    ] Concurrent Update Thread Roots     8597 us
[44.336s][info][gc,stats    ] Pause Final Update Refs (G)         418 us
[44.336s][info][gc,stats    ] Pause Final Update Refs (N)         328 us
[44.336s][info][gc,stats    ]   Update Region States              237 us
[44.336s][info][gc,stats    ]   Trash Collection Set                3 us
[44.336s][info][gc,stats    ]   Rebuild Free Set                   17 us
[44.336s][info][gc,stats    ] Concurrent Cleanup                  106 us
[44.336s][info][gc,stats    ] 
[44.336s][info][gc,stats    ] Allocation pacing accrued:
[44.336s][info][gc,stats    ]       0 of   253 ms (  0.0%): <total>
[44.336s][info][gc,stats    ]       0 of   253 ms (  0.0%): <average total>
[44.336s][info][gc,stats    ] 
[44.336s][info][gc,metaspace] Metaspace: 65669K(66432K)->65352K(66368K) NonClass: 57377K(57792K)->57115K(57792K) Class: 8291K(8640K)->8236K(8576K)
[44.336s][info][gc,ergo     ] Pacer for Idle. Initial: 41943K, Alloc Tax Rate: 1.0x
[44.509s][info][gc          ] Trigger: Learning 2 of 5. Free (1385M) is below initial threshold (1433M)
[44.509s][info][gc,ergo     ] Free: 1385M, Max: 1024K regular, 1374M humongous, Frag: 0% external, 0% internal; Reserve: 103M, Max: 1024K
[44.509s][info][gc,start    ] GC(109) Concurrent reset
[44.509s][info][gc,task     ] GC(109) Using 1 of 3 workers for concurrent reset
[44.509s][info][gc,ergo     ] GC(109) Pacer for Reset. Non-Taxable: 2048M
[44.510s][info][gc          ] GC(109) Concurrent reset 0.918ms
[44.510s][info][gc,start    ] GC(109) Pause Init Mark (unload classes)
[44.510s][info][gc,task     ] GC(109) Using 3 of 3 workers for init marking
[44.510s][info][gc,ergo     ] GC(109) Pacer for Mark. Expected Live: 171M, Free: 1385M, Non-Taxable: 138M, Alloc Tax Rate: 0.2x
[44.510s][info][gc          ] GC(109) Pause Init Mark (unload classes) 0.163ms
[44.510s][info][gc,start    ] GC(109) Concurrent marking roots
[44.510s][info][gc,task     ] GC(109) Using 1 of 3 workers for concurrent marking roots
[44.520s][info][gc          ] GC(109) Concurrent marking roots 9.507ms
[44.520s][info][gc,start    ] GC(109) Concurrent marking (unload classes)
[44.520s][info][gc,task     ] GC(109) Using 1 of 3 workers for concurrent marking
[44.650s][info][gc          ] GC(109) Concurrent marking (unload classes) 130.536ms
[44.650s][info][gc,start    ] GC(109) Pause Final Mark (unload classes)
[44.650s][info][gc,task     ] GC(109) Using 3 of 3 workers for final marking
[44.651s][info][gc,ergo     ] GC(109) Adaptive CSet Selection. Target Free: 290M, Actual Free: 1400M, Max CSet: 87381K, Min Garbage: 0B
[44.651s][info][gc,ergo     ] GC(109) Collectable Garbage: 378M (98%), Immediate: 339M (88%), CSet: 40481K (10%)
[44.651s][info][gc,ergo     ] GC(109) Pacer for Evacuation. Used CSet: 42574K, Free: 1311M, Non-Taxable: 131M, Alloc Tax Rate: 1.1x
[44.651s][info][gc          ] GC(109) Pause Final Mark (unload classes) 0.340ms
[44.651s][info][gc,start    ] GC(109) Concurrent thread roots
[44.651s][info][gc,task     ] GC(109) Using 1 of 3 workers for Concurrent thread roots
[44.660s][info][gc          ] GC(109) Concurrent thread roots 9.490ms
[44.660s][info][gc,start    ] GC(109) Concurrent weak references
[44.660s][info][gc,task     ] GC(109) Using 1 of 3 workers for concurrent weak references
[44.661s][info][gc,ref      ] GC(109) Encountered references: Soft: 2909, Weak: 5940, Final: 51, Phantom: 579
[44.661s][info][gc,ref      ] GC(109) Discovered  references: Soft: 0, Weak: 871, Final: 0, Phantom: 337
[44.661s][info][gc,ref      ] GC(109) Enqueued    references: Soft: 0, Weak: 95, Final: 0, Phantom: 0
[44.661s][info][gc          ] GC(109) Concurrent weak references 0.317ms
[44.661s][info][gc,start    ] GC(109) Concurrent weak roots
[44.661s][info][gc,task     ] GC(109) Using 1 of 3 workers for concurrent weak root
[44.664s][info][gc          ] GC(109) Concurrent weak roots 3.430ms
[44.664s][info][gc,start    ] GC(109) Concurrent cleanup
[44.664s][info][gc          ] GC(109) Concurrent cleanup 1014M->676M(2048M) 0.047ms
[44.664s][info][gc,ergo     ] GC(109) Free: 1267M, Max: 1024K regular, 914M humongous, Frag: 28% external, 0% internal; Reserve: 102M, Max: 1024K
[44.664s][info][gc,start    ] GC(109) Concurrent class unloading
[44.664s][info][gc,task     ] GC(109) Using 1 of 3 workers for concurrent class unloading
[44.682s][info][gc          ] GC(109) Concurrent class unloading 18.169ms
[44.682s][info][gc,start    ] GC(109) Concurrent strong roots
[44.682s][info][gc,task     ] GC(109) Using 1 of 3 workers for concurrent strong root
[44.683s][info][gc          ] GC(109) Concurrent strong roots 0.505ms
[44.683s][info][gc,start    ] GC(109) Concurrent evacuation
[44.683s][info][gc,task     ] GC(109) Using 1 of 3 workers for concurrent evacuation
[44.684s][info][gc          ] GC(109) Concurrent evacuation 1.337ms
[44.684s][info][gc,start    ] GC(109) Pause Init Update Refs
[44.685s][info][gc,ergo     ] GC(109) Pacer for Update Refs. Used: 733M, Free: 1212M, Non-Taxable: 121M, Alloc Tax Rate: 1.1x
[44.685s][info][gc          ] GC(109) Pause Init Update Refs 0.073ms
[44.685s][info][gc,start    ] GC(109) Concurrent update references
[44.685s][info][gc,task     ] GC(109) Using 1 of 3 workers for concurrent reference update
[44.859s][info][gc          ] GC(109) Concurrent update references 173.981ms
[44.859s][info][gc,start    ] GC(109) Concurrent update thread roots
[44.867s][info][gc          ] GC(109) Concurrent update thread roots 8.736ms
[44.868s][info][gc,start    ] GC(109) Pause Final Update Refs
[44.868s][info][gc,task     ] GC(109) Using 3 of 3 workers for final reference update
[44.868s][info][gc          ] GC(109) Pause Final Update Refs 0.149ms
[44.868s][info][gc,start    ] GC(109) Concurrent cleanup
[44.868s][info][gc          ] GC(109) Concurrent cleanup 1237M->1196M(2048M) 0.057ms
[44.868s][info][gc,ergo     ] Free: 747M, Max: 1024K regular, 694M humongous, Frag: 6% external, 0% internal; Reserve: 103M, Max: 1024K
[44.868s][info][gc,stats    ] 
[44.868s][info][gc,stats    ] All times are wall-clock times, except per-root-class counters, that are sum over
[44.868s][info][gc,stats    ] all workers. Dividing the <total> over the root stage time estimates parallelism.
[44.868s][info][gc,stats    ] 
[44.868s][info][gc,stats    ] Concurrent Reset                    985 us
[44.868s][info][gc,stats    ] Pause Init Mark (G)                 312 us
[44.868s][info][gc,stats    ] Pause Init Mark (N)                 180 us
[44.868s][info][gc,stats    ]   Update Region States               53 us
[44.868s][info][gc,stats    ] Concurrent Mark Roots              9551 us, parallelism: 0.97x
[44.868s][info][gc,stats    ]   CMR: <total>                     9300 us
[44.868s][info][gc,stats    ]   CMR: Thread Roots                9222 us, workers (us): 9222, ---, ---, 
[44.868s][info][gc,stats    ]   CMR: VM Strong Roots               13 us, workers (us):  13, ---, ---, 
[44.868s][info][gc,stats    ]   CMR: CLDG Roots                    65 us, workers (us):  65, ---, ---, 
[44.868s][info][gc,stats    ] Concurrent Marking               130619 us
[44.868s][info][gc,stats    ] Pause Final Mark (G)                483 us
[44.868s][info][gc,stats    ] Pause Final Mark (N)                348 us
[44.868s][info][gc,stats    ]   Finish Mark                       122 us
[44.868s][info][gc,stats    ]   Update Region States               51 us
[44.868s][info][gc,stats    ]   Choose Collection Set              77 us
[44.868s][info][gc,stats    ]   Rebuild Free Set                    7 us
[44.868s][info][gc,stats    ] Concurrent Thread Roots            9555 us, parallelism: 0.98x
[44.868s][info][gc,stats    ]   CTR: <total>                     9393 us
[44.868s][info][gc,stats    ]   CTR: Thread Roots                9393 us, workers (us): 9393, ---, ---, 
[44.868s][info][gc,stats    ] Concurrent Weak References          333 us, parallelism: 0.43x
[44.868s][info][gc,stats    ]   CWRF: <total>                     143 us
[44.868s][info][gc,stats    ]   CWRF: Weak References             143 us, workers (us): 143, ---, ---, 
[44.868s][info][gc,stats    ] Concurrent Weak Roots              3456 us
[44.868s][info][gc,stats    ]   Roots                            3203 us, parallelism: 0.98x
[44.868s][info][gc,stats    ]     CWR: <total>                   3150 us
[44.868s][info][gc,stats    ]     CWR: Code Cache Roots          2437 us, workers (us): 2437, ---, ---, 
[44.868s][info][gc,stats    ]     CWR: VM Weak Roots              652 us, workers (us): 652, ---, ---, 
[44.868s][info][gc,stats    ]     CWR: CLDG Roots                  61 us, workers (us):  61, ---, ---, 
[44.868s][info][gc,stats    ]   Rendezvous                        194 us
[44.868s][info][gc,stats    ] Concurrent Cleanup                   55 us
[44.868s][info][gc,stats    ] Concurrent Class Unloading        18223 us
[44.868s][info][gc,stats    ]   Unlink Stale                    17322 us
[44.868s][info][gc,stats    ]     System Dictionary               188 us
[44.868s][info][gc,stats    ]     Weak Class Links               7378 us
[44.868s][info][gc,stats    ]     Code Roots                     9754 us
[44.868s][info][gc,stats    ]   Rendezvous                        235 us
[44.869s][info][gc,stats    ]   Purge Unlinked                    583 us
[44.869s][info][gc,stats    ]     Code Roots                      565 us
[44.869s][info][gc,stats    ]     CLDG                             17 us
[44.869s][info][gc,stats    ]     Exception Caches                  0 us
[44.869s][info][gc,stats    ] Concurrent Strong Roots             531 us, parallelism: 0.70x
[44.869s][info][gc,stats    ]   CSR: <total>                      373 us
[44.869s][info][gc,stats    ]   CSR: VM Strong Roots               19 us, workers (us):  19, ---, ---, 
[44.869s][info][gc,stats    ]   CSR: CLDG Roots                   354 us, workers (us): 354, ---, ---, 
[44.869s][info][gc,stats    ] Concurrent Evacuation              1405 us
[44.869s][info][gc,stats    ] Pause Init Update Refs (G)          246 us
[44.869s][info][gc,stats    ] Pause Init Update Refs (N)           82 us
[44.869s][info][gc,stats    ]   Manage GCLABs                      11 us
[44.869s][info][gc,stats    ] Concurrent Update Refs           174040 us
[44.869s][info][gc,stats    ] Concurrent Update Thread Roots     8806 us
[44.869s][info][gc,stats    ] Pause Final Update Refs (G)         301 us
[44.869s][info][gc,stats    ] Pause Final Update Refs (N)         169 us
[44.869s][info][gc,stats    ]   Update Region States               44 us
[44.869s][info][gc,stats    ]   Trash Collection Set                4 us
[44.869s][info][gc,stats    ]   Rebuild Free Set                   19 us
[44.869s][info][gc,stats    ] Concurrent Cleanup                   77 us
[44.869s][info][gc,stats    ] Pacing                            66296 us
[44.869s][info][gc,stats    ] 
[44.869s][info][gc,stats    ] Allocation pacing accrued:
[44.869s][info][gc,stats    ]      34 of   533 ms (  6.3%): Executor task launch worker for task 1.0 in stage 67.0 (TID 112)
[44.869s][info][gc,stats    ]      33 of   533 ms (  6.2%): Executor task launch worker for task 0.0 in stage 67.0 (TID 111)
[44.869s][info][gc,stats    ]      66 of   533 ms ( 12.4%): <total>
[44.869s][info][gc,stats    ]       0 of   533 ms (  0.0%): <average total>
[44.869s][info][gc,stats    ]      33 of   533 ms (  6.2%): <average non-zero>
[44.869s][info][gc,stats    ] 
[44.869s][info][gc,metaspace] Metaspace: 65695K(66432K)->65693K(66432K) NonClass: 57406K(57856K)->57405K(57856K) Class: 8288K(8576K)->8288K(8576K)
[44.869s][info][gc,ergo     ] Pacer for Idle. Initial: 41943K, Alloc Tax Rate: 1.0x
[44.874s][info][gc          ] Trigger: Learning 3 of 5. Free (726M) is below initial threshold (1433M)
[44.874s][info][gc,ergo     ] Free: 726M, Max: 1024K regular, 694M humongous, Frag: 3% external, 0% internal; Reserve: 103M, Max: 1024K
[44.874s][info][gc,start    ] GC(110) Concurrent reset
[44.874s][info][gc,task     ] GC(110) Using 1 of 3 workers for concurrent reset
[44.874s][info][gc,ergo     ] GC(110) Pacer for Reset. Non-Taxable: 2048M
[44.875s][info][gc          ] GC(110) Concurrent reset 1.094ms
[44.875s][info][gc,start    ] GC(110) Pause Init Mark (unload classes)
[44.875s][info][gc,task     ] GC(110) Using 3 of 3 workers for init marking
[44.876s][info][gc,ergo     ] GC(110) Pacer for Mark. Expected Live: 171M, Free: 722M, Non-Taxable: 73951K, Alloc Tax Rate: 0.3x
[44.876s][info][gc          ] GC(110) Pause Init Mark (unload classes) 0.171ms
[44.876s][info][gc,start    ] GC(110) Concurrent marking roots
[44.876s][info][gc,task     ] GC(110) Using 1 of 3 workers for concurrent marking roots
[44.886s][info][gc          ] GC(110) Concurrent marking roots 10.159ms
[44.886s][info][gc,start    ] GC(110) Concurrent marking (unload classes)
[44.886s][info][gc,task     ] GC(110) Using 1 of 3 workers for concurrent marking
[45.015s][info][gc          ] GC(110) Concurrent marking (unload classes) 129.627ms
[45.016s][info][gc,start    ] GC(110) Pause Final Mark (unload classes)
[45.016s][info][gc,task     ] GC(110) Using 3 of 3 workers for final marking
[45.016s][info][gc,ergo     ] GC(110) Collectable Garbage: 1029M (98%), Immediate: 1029M (98%), CSet: 0B (0%)
[45.016s][info][gc          ] GC(110) Pause Final Mark (unload classes) 0.364ms
[45.016s][info][gc,start    ] GC(110) Concurrent weak references
[45.016s][info][gc,task     ] GC(110) Using 1 of 3 workers for concurrent weak references
[45.016s][info][gc,ref      ] GC(110) Encountered references: Soft: 2909, Weak: 5846, Final: 51, Phantom: 579
[45.016s][info][gc,ref      ] GC(110) Discovered  references: Soft: 0, Weak: 792, Final: 0, Phantom: 260
[45.016s][info][gc,ref      ] GC(110) Enqueued    references: Soft: 0, Weak: 21, Final: 0, Phantom: 0
[45.016s][info][gc          ] GC(110) Concurrent weak references 0.176ms
[45.016s][info][gc,start    ] GC(110) Concurrent weak roots
[45.016s][info][gc,task     ] GC(110) Using 1 of 3 workers for concurrent weak root
[45.020s][info][gc          ] GC(110) Concurrent weak roots 3.281ms
[45.020s][info][gc,start    ] GC(110) Concurrent cleanup
[45.020s][info][gc          ] GC(110) Concurrent cleanup 1614M->585M(2048M) 0.127ms
[45.020s][info][gc,ergo     ] GC(110) Free: 1356M, Max: 1024K regular, 444M humongous, Frag: 67% external, 0% internal; Reserve: 103M, Max: 1024K
[45.020s][info][gc,start    ] GC(110) Concurrent class unloading
[45.020s][info][gc,task     ] GC(110) Using 1 of 3 workers for concurrent class unloading
[45.030s][info][gc          ] GC(110) Concurrent class unloading 10.120ms
[45.030s][info][gc,start    ] GC(110) Pause Final Roots
[45.030s][info][gc          ] GC(110) Pause Final Roots 0.061ms
[45.030s][info][gc,ergo     ] Free: 1318M, Max: 1024K regular, 444M humongous, Frag: 67% external, 0% internal; Reserve: 103M, Max: 1024K
[45.030s][info][gc,stats    ] 
[45.030s][info][gc,stats    ] All times are wall-clock times, except per-root-class counters, that are sum over
[45.030s][info][gc,stats    ] all workers. Dividing the <total> over the root stage time estimates parallelism.
[45.030s][info][gc,stats    ] 
[45.030s][info][gc,stats    ] Concurrent Reset                   1113 us
[45.030s][info][gc,stats    ] Pause Init Mark (G)                 327 us
[45.030s][info][gc,stats    ] Pause Init Mark (N)                 181 us
[45.030s][info][gc,stats    ]   Update Region States               38 us
[45.030s][info][gc,stats    ] Concurrent Mark Roots             10208 us, parallelism: 0.98x
[45.030s][info][gc,stats    ]   CMR: <total>                     9981 us
[45.030s][info][gc,stats    ]   CMR: Thread Roots                9871 us, workers (us): 9871, ---, ---, 
[45.030s][info][gc,stats    ]   CMR: VM Strong Roots               16 us, workers (us):  16, ---, ---, 
[45.030s][info][gc,stats    ]   CMR: CLDG Roots                    94 us, workers (us):  94, ---, ---, 
[45.030s][info][gc,stats    ] Concurrent Marking               129703 us
[45.030s][info][gc,stats    ] Pause Final Mark (G)                552 us
[45.030s][info][gc,stats    ] Pause Final Mark (N)                381 us
[45.030s][info][gc,stats    ]   Finish Mark                       146 us
[45.030s][info][gc,stats    ]   Update Region States               54 us
[45.030s][info][gc,stats    ]   Choose Collection Set              50 us
[45.030s][info][gc,stats    ]   Rebuild Free Set                   17 us
[45.030s][info][gc,stats    ] Concurrent Weak References          184 us, parallelism: 0.37x
[45.030s][info][gc,stats    ]   CWRF: <total>                      69 us
[45.030s][info][gc,stats    ]   CWRF: Weak References              69 us, workers (us):  69, ---, ---, 
[45.030s][info][gc,stats    ] Concurrent Weak Roots              3320 us
[45.030s][info][gc,stats    ]   Roots                            3031 us, parallelism: 0.98x
[45.030s][info][gc,stats    ]     CWR: <total>                   2959 us
[45.030s][info][gc,stats    ]     CWR: Code Cache Roots          2332 us, workers (us): 2332, ---, ---, 
[45.030s][info][gc,stats    ]     CWR: VM Weak Roots              574 us, workers (us): 574, ---, ---, 
[45.030s][info][gc,stats    ]     CWR: CLDG Roots                  53 us, workers (us):  53, ---, ---, 
[45.030s][info][gc,stats    ]   Rendezvous                        233 us
[45.030s][info][gc,stats    ] Concurrent Cleanup                  145 us
[45.030s][info][gc,stats    ] Concurrent Class Unloading        10156 us
[45.030s][info][gc,stats    ]   Unlink Stale                     9310 us
[45.030s][info][gc,stats    ]     System Dictionary                69 us
[45.030s][info][gc,stats    ]     Weak Class Links                  0 us
[45.030s][info][gc,stats    ]     Code Roots                     9239 us
[45.030s][info][gc,stats    ]   Rendezvous                        241 us
[45.030s][info][gc,stats    ]   Purge Unlinked                    536 us
[45.030s][info][gc,stats    ]     Code Roots                      529 us
[45.030s][info][gc,stats    ]     CLDG                              6 us
[45.030s][info][gc,stats    ]     Exception Caches                  0 us
[45.030s][info][gc,stats    ] Pause Final Roots (G)               171 us
[45.030s][info][gc,stats    ] Pause Final Roots (N)                71 us
[45.030s][info][gc,stats    ] Pacing                            49010 us
[45.030s][info][gc,stats    ] 
[45.030s][info][gc,stats    ] Allocation pacing accrued:
[45.030s][info][gc,stats    ]      25 of   162 ms ( 15.3%): Executor task launch worker for task 1.0 in stage 67.0 (TID 112)
[45.030s][info][gc,stats    ]      24 of   162 ms ( 15.0%): Executor task launch worker for task 0.0 in stage 67.0 (TID 111)
[45.030s][info][gc,stats    ]      49 of   162 ms ( 30.3%): <total>
[45.030s][info][gc,stats    ]       0 of   162 ms (  0.1%): <average total>
[45.030s][info][gc,stats    ]      25 of   162 ms ( 15.2%): <average non-zero>
[45.030s][info][gc,stats    ] 
[45.030s][info][gc,metaspace] Metaspace: 65693K(66432K)->65693K(66432K) NonClass: 57405K(57856K)->57405K(57856K) Class: 8288K(8576K)->8288K(8576K)
[45.030s][info][gc,ergo     ] Pacer for Idle. Initial: 41943K, Alloc Tax Rate: 1.0x
[45.047s][info][gc          ] Trigger: Learning 4 of 5. Free (1276M) is below initial threshold (1433M)
[45.047s][info][gc,ergo     ] Free: 1276M, Max: 1024K regular, 444M humongous, Frag: 65% external, 0% internal; Reserve: 103M, Max: 1024K
[45.047s][info][gc,start    ] GC(111) Concurrent reset
[45.047s][info][gc,task     ] GC(111) Using 1 of 3 workers for concurrent reset
[45.047s][info][gc,ergo     ] GC(111) Pacer for Reset. Non-Taxable: 2048M
[45.049s][info][gc          ] GC(111) Concurrent reset 1.191ms
[45.049s][info][gc,start    ] GC(111) Pause Init Mark (unload classes)
[45.049s][info][gc,task     ] GC(111) Using 3 of 3 workers for init marking
[45.049s][info][gc,ergo     ] GC(111) Pacer for Mark. Expected Live: 171M, Free: 1276M, Non-Taxable: 127M, Alloc Tax Rate: 0.2x
[45.049s][info][gc          ] GC(111) Pause Init Mark (unload classes) 0.219ms
[45.049s][info][gc,start    ] GC(111) Concurrent marking roots
[45.049s][info][gc,task     ] GC(111) Using 1 of 3 workers for concurrent marking roots
[45.059s][info][gc          ] GC(111) Concurrent marking roots 10.299ms
[45.059s][info][gc,start    ] GC(111) Concurrent marking (unload classes)
[45.059s][info][gc,task     ] GC(111) Using 1 of 3 workers for concurrent marking
[45.188s][info][gc          ] GC(111) Concurrent marking (unload classes) 129.090ms
[45.188s][info][gc,start    ] GC(111) Pause Final Mark (unload classes)
[45.188s][info][gc,task     ] GC(111) Using 3 of 3 workers for final marking
[45.189s][info][gc,ergo     ] GC(111) Collectable Garbage: 476M (96%), Immediate: 476M (96%), CSet: 0B (0%)
[45.189s][info][gc          ] GC(111) Pause Final Mark (unload classes) 0.179ms
[45.189s][info][gc,start    ] GC(111) Concurrent weak references
[45.189s][info][gc,task     ] GC(111) Using 1 of 3 workers for concurrent weak references
[45.189s][info][gc,ref      ] GC(111) Encountered references: Soft: 2909, Weak: 5823, Final: 51, Phantom: 579
[45.189s][info][gc,ref      ] GC(111) Discovered  references: Soft: 0, Weak: 780, Final: 0, Phantom: 260
[45.189s][info][gc,ref      ] GC(111) Enqueued    references: Soft: 0, Weak: 0, Final: 0, Phantom: 0
[45.189s][info][gc          ] GC(111) Concurrent weak references 0.186ms
[45.189s][info][gc,start    ] GC(111) Concurrent weak roots
[45.189s][info][gc,task     ] GC(111) Using 1 of 3 workers for concurrent weak root
[45.192s][info][gc          ] GC(111) Concurrent weak roots 2.904ms
[45.192s][info][gc,start    ] GC(111) Concurrent cleanup
[45.192s][info][gc          ] GC(111) Concurrent cleanup 1086M->610M(2048M) 0.086ms
[45.192s][info][gc,ergo     ] GC(111) Free: 1330M, Max: 1024K regular, 421M humongous, Frag: 69% external, 0% internal; Reserve: 103M, Max: 1024K
[45.192s][info][gc,start    ] GC(111) Concurrent class unloading
[45.192s][info][gc,task     ] GC(111) Using 1 of 3 workers for concurrent class unloading
[45.202s][info][gc          ] GC(111) Concurrent class unloading 9.632ms
[45.202s][info][gc,start    ] GC(111) Pause Final Roots
[45.202s][info][gc          ] GC(111) Pause Final Roots 0.039ms
[45.202s][info][gc,ergo     ] Free: 1320M, Max: 1024K regular, 421M humongous, Frag: 68% external, 0% internal; Reserve: 103M, Max: 1024K
[45.202s][info][gc,stats    ] 
[45.202s][info][gc,stats    ] All times are wall-clock times, except per-root-class counters, that are sum over
[45.202s][info][gc,stats    ] all workers. Dividing the <total> over the root stage time estimates parallelism.
[45.202s][info][gc,stats    ] 
[45.202s][info][gc,stats    ] Concurrent Reset                   1255 us
[45.202s][info][gc,stats    ] Pause Init Mark (G)                 364 us
[45.202s][info][gc,stats    ] Pause Init Mark (N)                 238 us
[45.202s][info][gc,stats    ]   Update Region States               95 us
[45.202s][info][gc,stats    ] Concurrent Mark Roots             10345 us, parallelism: 0.96x
[45.202s][info][gc,stats    ]   CMR: <total>                     9964 us
[45.202s][info][gc,stats    ]   CMR: Thread Roots                9887 us, workers (us): 9887, ---, ---, 
[45.202s][info][gc,stats    ]   CMR: VM Strong Roots               13 us, workers (us):  13, ---, ---, 
[45.202s][info][gc,stats    ]   CMR: CLDG Roots                    64 us, workers (us):  64, ---, ---, 
[45.202s][info][gc,stats    ] Concurrent Marking               129145 us
[45.202s][info][gc,stats    ] Pause Final Mark (G)                281 us
[45.202s][info][gc,stats    ] Pause Final Mark (N)                187 us
[45.202s][info][gc,stats    ]   Finish Mark                        73 us
[45.202s][info][gc,stats    ]   Update Region States               37 us
[45.202s][info][gc,stats    ]   Choose Collection Set              25 us
[45.202s][info][gc,stats    ]   Rebuild Free Set                    8 us
[45.202s][info][gc,stats    ] Concurrent Weak References          194 us, parallelism: 0.37x
[45.202s][info][gc,stats    ]   CWRF: <total>                      72 us
[45.202s][info][gc,stats    ]   CWRF: Weak References              72 us, workers (us):  72, ---, ---, 
[45.202s][info][gc,stats    ] Concurrent Weak Roots              2970 us
[45.202s][info][gc,stats    ]   Roots                            2694 us, parallelism: 0.98x
[45.202s][info][gc,stats    ]     CWR: <total>                   2631 us
[45.202s][info][gc,stats    ]     CWR: Code Cache Roots          2260 us, workers (us): 2260, ---, ---, 
[45.202s][info][gc,stats    ]     CWR: VM Weak Roots              328 us, workers (us): 328, ---, ---, 
[45.202s][info][gc,stats    ]     CWR: CLDG Roots                  43 us, workers (us):  43, ---, ---, 
[45.202s][info][gc,stats    ]   Rendezvous                        191 us
[45.202s][info][gc,stats    ] Concurrent Cleanup                  104 us
[45.202s][info][gc,stats    ] Concurrent Class Unloading         9687 us
[45.202s][info][gc,stats    ]   Unlink Stale                     8815 us
[45.202s][info][gc,stats    ]     System Dictionary                60 us
[45.202s][info][gc,stats    ]     Weak Class Links                  0 us
[45.202s][info][gc,stats    ]     Code Roots                     8754 us
[45.202s][info][gc,stats    ]   Rendezvous                        224 us
[45.202s][info][gc,stats    ]   Purge Unlinked                    560 us
[45.202s][info][gc,stats    ]     Code Roots                      552 us
[45.202s][info][gc,stats    ]     CLDG                              7 us
[45.202s][info][gc,stats    ]     Exception Caches                  0 us
[45.202s][info][gc,stats    ] Pause Final Roots (G)               177 us
[45.202s][info][gc,stats    ] Pause Final Roots (N)                48 us
[45.202s][info][gc,stats    ] Pacing                            42295 us
[45.202s][info][gc,stats    ] 
[45.202s][info][gc,stats    ] Allocation pacing accrued:
[45.202s][info][gc,stats    ]      21 of   172 ms ( 12.3%): Executor task launch worker for task 0.0 in stage 68.0 (TID 113)
[45.202s][info][gc,stats    ]      21 of   172 ms ( 12.4%): Executor task launch worker for task 1.0 in stage 68.0 (TID 114)
[45.202s][info][gc,stats    ]      42 of   172 ms ( 24.6%): <total>
[45.202s][info][gc,stats    ]       0 of   172 ms (  0.1%): <average total>
[45.202s][info][gc,stats    ]      21 of   172 ms ( 12.3%): <average non-zero>
[45.202s][info][gc,stats    ] 
[45.202s][info][gc,metaspace] Metaspace: 65693K(66432K)->65720K(66496K) NonClass: 57405K(57856K)->57429K(57856K) Class: 8288K(8576K)->8291K(8640K)
[45.202s][info][gc,ergo     ] Pacer for Idle. Initial: 41943K, Alloc Tax Rate: 1.0x
[45.217s][info][gc          ] Trigger: Explicit GC request (System.gc())
[45.217s][info][gc,ergo     ] Free: 1320M, Max: 1024K regular, 421M humongous, Frag: 68% external, 0% internal; Reserve: 103M, Max: 1024K
[45.217s][info][gc,start    ] GC(112) Concurrent reset
[45.217s][info][gc,task     ] GC(112) Using 1 of 3 workers for concurrent reset
[45.217s][info][gc,ergo     ] GC(112) Pacer for Reset. Non-Taxable: 2048M
[45.218s][info][gc          ] GC(112) Concurrent reset 1.378ms
[45.219s][info][gc,start    ] GC(112) Pause Init Mark (unload classes)
[45.219s][info][gc,task     ] GC(112) Using 3 of 3 workers for init marking
[45.219s][info][gc,ref      ] GC(112) Clearing All SoftReferences
[45.219s][info][gc,ergo     ] GC(112) Pacer for Mark. Expected Live: 171M, Free: 1320M, Non-Taxable: 132M, Alloc Tax Rate: 0.2x
[45.219s][info][gc          ] GC(112) Pause Init Mark (unload classes) 0.152ms
[45.219s][info][gc,start    ] GC(112) Concurrent marking roots
[45.219s][info][gc,task     ] GC(112) Using 1 of 3 workers for concurrent marking roots
[45.228s][info][gc          ] GC(112) Concurrent marking roots 9.030ms
[45.228s][info][gc,start    ] GC(112) Concurrent marking (unload classes)
[45.228s][info][gc,task     ] GC(112) Using 1 of 3 workers for concurrent marking
[45.354s][info][gc          ] GC(112) Concurrent marking (unload classes) 126.268ms
[45.354s][info][gc,start    ] GC(112) Pause Final Mark (unload classes)
[45.354s][info][gc,task     ] GC(112) Using 3 of 3 workers for final marking
[45.355s][info][gc,ergo     ] GC(112) Collectable Garbage: 419M (93%), Immediate: 419M (93%), CSet: 0B (0%)
[45.355s][info][gc          ] GC(112) Pause Final Mark (unload classes) 0.408ms
[45.355s][info][gc,start    ] GC(112) Concurrent weak references
[45.355s][info][gc,task     ] GC(112) Using 1 of 3 workers for concurrent weak references
[45.355s][info][gc,ref      ] GC(112) Encountered references: Soft: 2824, Weak: 5833, Final: 51, Phantom: 579
[45.355s][info][gc,ref      ] GC(112) Discovered  references: Soft: 658, Weak: 953, Final: 0, Phantom: 337
[45.355s][info][gc,ref      ] GC(112) Enqueued    references: Soft: 296, Weak: 161, Final: 0, Phantom: 0
[45.355s][info][gc          ] GC(112) Concurrent weak references 0.325ms
[45.355s][info][gc,start    ] GC(112) Concurrent weak roots
[45.355s][info][gc,task     ] GC(112) Using 1 of 3 workers for concurrent weak root
[45.358s][info][gc          ] GC(112) Concurrent weak roots 2.894ms
[45.358s][info][gc,start    ] GC(112) Concurrent cleanup
[45.358s][info][gc          ] GC(112) Concurrent cleanup 628M->209M(2048M) 0.054ms
[45.358s][info][gc,ergo     ] GC(112) Free: 1734M, Max: 1024K regular, 916M humongous, Frag: 47% external, 0% internal; Reserve: 103M, Max: 1024K
[45.358s][info][gc,start    ] GC(112) Concurrent class unloading
[45.358s][info][gc,task     ] GC(112) Using 1 of 3 workers for concurrent class unloading
[45.376s][info][gc          ] GC(112) Concurrent class unloading 17.445ms
[45.376s][info][gc,start    ] GC(112) Pause Final Roots
[45.376s][info][gc          ] GC(112) Pause Final Roots 0.038ms
[45.376s][info][gc,ergo     ] Free: 1732M, Max: 1024K regular, 916M humongous, Frag: 47% external, 0% internal; Reserve: 103M, Max: 1024K
[45.376s][info][gc,stats    ] 
[45.376s][info][gc,stats    ] All times are wall-clock times, except per-root-class counters, that are sum over
[45.376s][info][gc,stats    ] all workers. Dividing the <total> over the root stage time estimates parallelism.
[45.376s][info][gc,stats    ] 
[45.376s][info][gc,stats    ] Concurrent Reset                   1428 us
[45.376s][info][gc,stats    ] Pause Init Mark (G)                 267 us
[45.376s][info][gc,stats    ] Pause Init Mark (N)                 160 us
[45.376s][info][gc,stats    ]   Update Region States               64 us
[45.376s][info][gc,stats    ] Concurrent Mark Roots              9080 us, parallelism: 0.97x
[45.376s][info][gc,stats    ]   CMR: <total>                     8779 us
[45.376s][info][gc,stats    ]   CMR: Thread Roots                8643 us, workers (us): 8643, ---, ---, 
[45.376s][info][gc,stats    ]   CMR: VM Strong Roots               20 us, workers (us):  20, ---, ---, 
[45.376s][info][gc,stats    ]   CMR: CLDG Roots                   116 us, workers (us): 116, ---, ---, 
[45.376s][info][gc,stats    ] Concurrent Marking               126348 us
[45.376s][info][gc,stats    ] Pause Final Mark (G)                541 us
[45.376s][info][gc,stats    ] Pause Final Mark (N)                428 us
[45.376s][info][gc,stats    ]   Finish Mark                       139 us
[45.376s][info][gc,stats    ]   Update Region States               94 us
[45.376s][info][gc,stats    ]   Choose Collection Set              64 us
[45.376s][info][gc,stats    ]   Rebuild Free Set                   18 us
[45.376s][info][gc,stats    ] Concurrent Weak References          332 us, parallelism: 0.54x
[45.376s][info][gc,stats    ]   CWRF: <total>                     180 us
[45.376s][info][gc,stats    ]   CWRF: Weak References             180 us, workers (us): 180, ---, ---, 
[45.376s][info][gc,stats    ] Concurrent Weak Roots              2935 us
[45.376s][info][gc,stats    ]   Roots                            2648 us, parallelism: 0.98x
[45.376s][info][gc,stats    ]     CWR: <total>                   2585 us
[45.376s][info][gc,stats    ]     CWR: Code Cache Roots          2058 us, workers (us): 2058, ---, ---, 
[45.376s][info][gc,stats    ]     CWR: VM Weak Roots              482 us, workers (us): 482, ---, ---, 
[45.376s][info][gc,stats    ]     CWR: CLDG Roots                  45 us, workers (us):  45, ---, ---, 
[45.376s][info][gc,stats    ]   Rendezvous                        228 us
[45.376s][info][gc,stats    ] Concurrent Cleanup                   65 us
[45.376s][info][gc,stats    ] Concurrent Class Unloading        17506 us
[45.376s][info][gc,stats    ]   Unlink Stale                    16506 us
[45.376s][info][gc,stats    ]     System Dictionary               667 us
[45.376s][info][gc,stats    ]     Weak Class Links               5857 us
[45.376s][info][gc,stats    ]     Code Roots                     9980 us
[45.376s][info][gc,stats    ]   Rendezvous                        205 us
[45.376s][info][gc,stats    ]   Purge Unlinked                    713 us
[45.376s][info][gc,stats    ]     Code Roots                      397 us
[45.376s][info][gc,stats    ]     CLDG                            315 us
[45.376s][info][gc,stats    ]     Exception Caches                  0 us
[45.376s][info][gc,stats    ] Pause Final Roots (G)               135 us
[45.376s][info][gc,stats    ] Pause Final Roots (N)                47 us
[45.376s][info][gc,stats    ] 
[45.377s][info][gc,stats    ] Allocation pacing accrued:
[45.377s][info][gc,stats    ]       0 of   174 ms (  0.0%): <total>
[45.377s][info][gc,stats    ]       0 of   174 ms (  0.0%): <average total>
[45.377s][info][gc,stats    ] 
[45.377s][info][gc,metaspace] Metaspace: 65730K(66496K)->65409K(66432K) NonClass: 57439K(57856K)->57172K(57856K) Class: 8291K(8640K)->8236K(8576K)
[45.377s][info][gc,ergo     ] Pacer for Idle. Initial: 41943K, Alloc Tax Rate: 1.0x
[45.521s][info][gc          ] Trigger: Learning 2 of 5. Free (1432M) is below initial threshold (1433M)
[45.521s][info][gc,ergo     ] Free: 1432M, Max: 1024K regular, 916M humongous, Frag: 36% external, 0% internal; Reserve: 103M, Max: 1024K
[45.521s][info][gc,start    ] GC(113) Concurrent reset
[45.521s][info][gc,task     ] GC(113) Using 1 of 3 workers for concurrent reset
[45.521s][info][gc,ergo     ] GC(113) Pacer for Reset. Non-Taxable: 2048M
[45.522s][info][gc          ] GC(113) Concurrent reset 0.821ms
[45.522s][info][gc,start    ] GC(113) Pause Init Mark (unload classes)
[45.522s][info][gc,task     ] GC(113) Using 3 of 3 workers for init marking
[45.522s][info][gc,ergo     ] GC(113) Pacer for Mark. Expected Live: 170M, Free: 1432M, Non-Taxable: 143M, Alloc Tax Rate: 0.1x
[45.522s][info][gc          ] GC(113) Pause Init Mark (unload classes) 0.191ms
[45.522s][info][gc,start    ] GC(113) Concurrent marking roots
[45.522s][info][gc,task     ] GC(113) Using 1 of 3 workers for concurrent marking roots
[45.532s][info][gc          ] GC(113) Concurrent marking roots 9.761ms
[45.532s][info][gc,start    ] GC(113) Concurrent marking (unload classes)
[45.532s][info][gc,task     ] GC(113) Using 1 of 3 workers for concurrent marking
[45.662s][info][gc          ] GC(113) Concurrent marking (unload classes) 130.424ms
[45.663s][info][gc,start    ] GC(113) Pause Final Mark (unload classes)
[45.663s][info][gc,task     ] GC(113) Using 3 of 3 workers for final marking
[45.663s][info][gc,ergo     ] GC(113) Adaptive CSet Selection. Target Free: 290M, Actual Free: 1379M, Max CSet: 87381K, Min Garbage: 0B
[45.663s][info][gc,ergo     ] GC(113) Collectable Garbage: 332M (98%), Immediate: 275M (81%), CSet: 58654K (17%)
[45.663s][info][gc,ergo     ] GC(113) Pacer for Evacuation. Used CSet: 61291K, Free: 1290M, Non-Taxable: 129M, Alloc Tax Rate: 1.1x
[45.663s][info][gc          ] GC(113) Pause Final Mark (unload classes) 0.250ms
[45.663s][info][gc,start    ] GC(113) Concurrent thread roots
[45.663s][info][gc,task     ] GC(113) Using 1 of 3 workers for Concurrent thread roots
[45.672s][info][gc          ] GC(113) Concurrent thread roots 9.331ms
[45.672s][info][gc,start    ] GC(113) Concurrent weak references
[45.672s][info][gc,task     ] GC(113) Using 1 of 3 workers for concurrent weak references
[45.672s][info][gc,ref      ] GC(113) Encountered references: Soft: 2909, Weak: 5932, Final: 51, Phantom: 579
[45.673s][info][gc,ref      ] GC(113) Discovered  references: Soft: 0, Weak: 875, Final: 0, Phantom: 260
[45.673s][info][gc,ref      ] GC(113) Enqueued    references: Soft: 0, Weak: 93, Final: 0, Phantom: 0
[45.673s][info][gc          ] GC(113) Concurrent weak references 0.307ms
[45.673s][info][gc,start    ] GC(113) Concurrent weak roots
[45.673s][info][gc,task     ] GC(113) Using 1 of 3 workers for concurrent weak root
[45.676s][info][gc          ] GC(113) Concurrent weak roots 3.626ms
[45.676s][info][gc,start    ] GC(113) Concurrent cleanup
[45.676s][info][gc          ] GC(113) Concurrent cleanup 971M->696M(2048M) 0.043ms
[45.676s][info][gc,ergo     ] GC(113) Free: 1246M, Max: 1024K regular, 916M humongous, Frag: 26% external, 0% internal; Reserve: 102M, Max: 1024K
[45.676s][info][gc,start    ] GC(113) Concurrent class unloading
[45.676s][info][gc,task     ] GC(113) Using 1 of 3 workers for concurrent class unloading
[45.695s][info][gc          ] GC(113) Concurrent class unloading 18.455ms
[45.695s][info][gc,start    ] GC(113) Concurrent strong roots
[45.695s][info][gc,task     ] GC(113) Using 1 of 3 workers for concurrent strong root
[45.695s][info][gc          ] GC(113) Concurrent strong roots 0.422ms
[45.695s][info][gc,start    ] GC(113) Concurrent evacuation
[45.695s][info][gc,task     ] GC(113) Using 1 of 3 workers for concurrent evacuation
[45.697s][info][gc          ] GC(113) Concurrent evacuation 1.857ms
[45.697s][info][gc,start    ] GC(113) Pause Init Update Refs
[45.697s][info][gc,ergo     ] GC(113) Pacer for Update Refs. Used: 758M, Free: 1187M, Non-Taxable: 118M, Alloc Tax Rate: 1.1x
[45.697s][info][gc          ] GC(113) Pause Init Update Refs 0.091ms
[45.697s][info][gc,start    ] GC(113) Concurrent update references
[45.697s][info][gc,task     ] GC(113) Using 1 of 3 workers for concurrent reference update
[45.874s][info][gc          ] GC(113) Concurrent update references 177.082ms
[45.875s][info][gc,start    ] GC(113) Concurrent update thread roots
[45.883s][info][gc          ] GC(113) Concurrent update thread roots 8.343ms
[45.883s][info][gc,start    ] GC(113) Pause Final Update Refs
[45.883s][info][gc,task     ] GC(113) Using 3 of 3 workers for final reference update
[45.883s][info][gc          ] GC(113) Pause Final Update Refs 0.123ms
[45.883s][info][gc,start    ] GC(113) Concurrent cleanup
[45.883s][info][gc          ] GC(113) Concurrent cleanup 1272M->1213M(2048M) 0.046ms
[45.883s][info][gc,ergo     ] Free: 730M, Max: 1024K regular, 661M humongous, Frag: 8% external, 0% internal; Reserve: 103M, Max: 1024K
[45.883s][info][gc,stats    ] 
[45.883s][info][gc,stats    ] All times are wall-clock times, except per-root-class counters, that are sum over
[45.883s][info][gc,stats    ] all workers. Dividing the <total> over the root stage time estimates parallelism.
[45.883s][info][gc,stats    ] 
[45.883s][info][gc,stats    ] Concurrent Reset                    884 us
[45.883s][info][gc,stats    ] Pause Init Mark (G)                 393 us
[45.883s][info][gc,stats    ] Pause Init Mark (N)                 208 us
[45.883s][info][gc,stats    ]   Update Region States               78 us
[45.883s][info][gc,stats    ] Concurrent Mark Roots              9811 us, parallelism: 0.97x
[45.883s][info][gc,stats    ]   CMR: <total>                     9521 us
[45.883s][info][gc,stats    ]   CMR: Thread Roots                9338 us, workers (us): 9338, ---, ---, 
[45.883s][info][gc,stats    ]   CMR: VM Strong Roots               17 us, workers (us):  17, ---, ---, 
[45.883s][info][gc,stats    ]   CMR: CLDG Roots                   166 us, workers (us): 166, ---, ---, 
[45.883s][info][gc,stats    ] Concurrent Marking               130473 us
[45.883s][info][gc,stats    ] Pause Final Mark (G)                372 us
[45.883s][info][gc,stats    ] Pause Final Mark (N)                258 us
[45.883s][info][gc,stats    ]   Finish Mark                        67 us
[45.883s][info][gc,stats    ]   Update Region States               37 us
[45.884s][info][gc,stats    ]   Choose Collection Set              70 us
[45.884s][info][gc,stats    ]   Rebuild Free Set                    8 us
[45.884s][info][gc,stats    ] Concurrent Thread Roots            9394 us, parallelism: 0.98x
[45.884s][info][gc,stats    ]   CTR: <total>                     9205 us
[45.884s][info][gc,stats    ]   CTR: Thread Roots                9205 us, workers (us): 9205, ---, ---, 
[45.884s][info][gc,stats    ] Concurrent Weak References          324 us, parallelism: 0.42x
[45.884s][info][gc,stats    ]   CWRF: <total>                     136 us
[45.884s][info][gc,stats    ]   CWRF: Weak References             136 us, workers (us): 136, ---, ---, 
[45.884s][info][gc,stats    ] Concurrent Weak Roots              3660 us
[45.884s][info][gc,stats    ]   Roots                            3295 us, parallelism: 0.97x
[45.884s][info][gc,stats    ]     CWR: <total>                   3209 us
[45.884s][info][gc,stats    ]     CWR: Code Cache Roots          2326 us, workers (us): 2326, ---, ---, 
[45.884s][info][gc,stats    ]     CWR: VM Weak Roots              814 us, workers (us): 814, ---, ---, 
[45.884s][info][gc,stats    ]     CWR: CLDG Roots                  69 us, workers (us):  69, ---, ---, 
[45.884s][info][gc,stats    ]   Rendezvous                        196 us
[45.884s][info][gc,stats    ] Concurrent Cleanup                   51 us
[45.884s][info][gc,stats    ] Concurrent Class Unloading        18509 us
[45.884s][info][gc,stats    ]   Unlink Stale                    17720 us
[45.884s][info][gc,stats    ]     System Dictionary               183 us
[45.884s][info][gc,stats    ]     Weak Class Links               7554 us
[45.884s][info][gc,stats    ]     Code Roots                     9981 us
[45.884s][info][gc,stats    ]   Rendezvous                        226 us
[45.884s][info][gc,stats    ]   Purge Unlinked                    491 us
[45.884s][info][gc,stats    ]     Code Roots                      476 us
[45.884s][info][gc,stats    ]     CLDG                             15 us
[45.884s][info][gc,stats    ]     Exception Caches                  0 us
[45.884s][info][gc,stats    ] Concurrent Strong Roots             432 us, parallelism: 0.71x
[45.884s][info][gc,stats    ]   CSR: <total>                      307 us
[45.884s][info][gc,stats    ]   CSR: VM Strong Roots               19 us, workers (us):  19, ---, ---, 
[45.884s][info][gc,stats    ]   CSR: CLDG Roots                   289 us, workers (us): 289, ---, ---, 
[45.884s][info][gc,stats    ] Concurrent Evacuation              1883 us
[45.884s][info][gc,stats    ] Pause Init Update Refs (G)          256 us
[45.884s][info][gc,stats    ] Pause Init Update Refs (N)          108 us
[45.884s][info][gc,stats    ]   Manage GCLABs                      14 us
[45.884s][info][gc,stats    ] Concurrent Update Refs           177152 us
[45.884s][info][gc,stats    ] Concurrent Update Thread Roots     8387 us
[45.884s][info][gc,stats    ] Pause Final Update Refs (G)         207 us
[45.884s][info][gc,stats    ] Pause Final Update Refs (N)         133 us
[45.884s][info][gc,stats    ]   Update Region States               43 us
[45.884s][info][gc,stats    ]   Trash Collection Set                3 us
[45.884s][info][gc,stats    ]   Rebuild Free Set                   14 us
[45.884s][info][gc,stats    ] Concurrent Cleanup                   64 us
[45.884s][info][gc,stats    ] Pacing                            38470 us
[45.884s][info][gc,stats    ] 
[45.884s][info][gc,stats    ] Allocation pacing accrued:
[45.884s][info][gc,stats    ]      19 of   507 ms (  3.8%): Executor task launch worker for task 0.0 in stage 70.0 (TID 116)
[45.884s][info][gc,stats    ]      19 of   507 ms (  3.8%): Executor task launch worker for task 1.0 in stage 70.0 (TID 117)
[45.884s][info][gc,stats    ]      38 of   507 ms (  7.6%): <total>
[45.884s][info][gc,stats    ]       0 of   507 ms (  0.0%): <average total>
[45.884s][info][gc,stats    ]      19 of   507 ms (  3.8%): <average non-zero>
[45.884s][info][gc,stats    ] 
[45.884s][info][gc,metaspace] Metaspace: 65745K(66432K)->65744K(66432K) NonClass: 57456K(57856K)->57456K(57856K) Class: 8288K(8576K)->8288K(8576K)
[45.884s][info][gc,ergo     ] Pacer for Idle. Initial: 41943K, Alloc Tax Rate: 1.0x
[45.886s][info][gc          ] Trigger: Learning 3 of 5. Free (718M) is below initial threshold (1433M)
[45.886s][info][gc,ergo     ] Free: 718M, Max: 1024K regular, 661M humongous, Frag: 7% external, 0% internal; Reserve: 103M, Max: 1024K
[45.886s][info][gc,start    ] GC(114) Concurrent reset
[45.886s][info][gc,task     ] GC(114) Using 1 of 3 workers for concurrent reset
[45.886s][info][gc,ergo     ] GC(114) Pacer for Reset. Non-Taxable: 2048M
[45.887s][info][gc          ] GC(114) Concurrent reset 0.954ms
[45.887s][info][gc,start    ] GC(114) Pause Init Mark (unload classes)
[45.887s][info][gc,task     ] GC(114) Using 3 of 3 workers for init marking
[45.888s][info][gc,ergo     ] GC(114) Pacer for Mark. Expected Live: 171M, Free: 717M, Non-Taxable: 73433K, Alloc Tax Rate: 0.3x
[45.888s][info][gc          ] GC(114) Pause Init Mark (unload classes) 0.189ms
[45.888s][info][gc,start    ] GC(114) Concurrent marking roots
[45.888s][info][gc,task     ] GC(114) Using 1 of 3 workers for concurrent marking roots
[45.897s][info][gc          ] GC(114) Concurrent marking roots 9.700ms
[45.897s][info][gc,start    ] GC(114) Concurrent marking (unload classes)
[45.897s][info][gc,task     ] GC(114) Using 1 of 3 workers for concurrent marking
[46.025s][info][gc          ] GC(114) Concurrent marking (unload classes) 128.071ms
[46.026s][info][gc,start    ] GC(114) Pause Final Mark (unload classes)
[46.026s][info][gc,task     ] GC(114) Using 3 of 3 workers for final marking
[46.026s][info][gc,ergo     ] GC(114) Collectable Garbage: 1035M (98%), Immediate: 1035M (98%), CSet: 0B (0%)
[46.026s][info][gc          ] GC(114) Pause Final Mark (unload classes) 0.292ms
[46.026s][info][gc,start    ] GC(114) Concurrent weak references
[46.026s][info][gc,task     ] GC(114) Using 1 of 3 workers for concurrent weak references
[46.026s][info][gc,ref      ] GC(114) Encountered references: Soft: 2912, Weak: 5841, Final: 51, Phantom: 579
[46.026s][info][gc,ref      ] GC(114) Discovered  references: Soft: 0, Weak: 784, Final: 0, Phantom: 260
[46.026s][info][gc,ref      ] GC(114) Enqueued    references: Soft: 0, Weak: 17, Final: 0, Phantom: 0
[46.026s][info][gc          ] GC(114) Concurrent weak references 0.138ms
[46.026s][info][gc,start    ] GC(114) Concurrent weak roots
[46.026s][info][gc,task     ] GC(114) Using 1 of 3 workers for concurrent weak root
[46.029s][info][gc          ] GC(114) Concurrent weak roots 2.872ms
[46.029s][info][gc,start    ] GC(114) Concurrent cleanup
[46.029s][info][gc          ] GC(114) Concurrent cleanup 1613M->578M(2048M) 0.084ms
[46.029s][info][gc,ergo     ] GC(114) Free: 1364M, Max: 1024K regular, 318M humongous, Frag: 77% external, 0% internal; Reserve: 103M, Max: 1024K
[46.029s][info][gc,start    ] GC(114) Concurrent class unloading
[46.029s][info][gc,task     ] GC(114) Using 1 of 3 workers for concurrent class unloading
[46.040s][info][gc          ] GC(114) Concurrent class unloading 10.682ms
[46.040s][info][gc,start    ] GC(114) Pause Final Roots
[46.040s][info][gc          ] GC(114) Pause Final Roots 0.045ms
[46.040s][info][gc,ergo     ] Free: 1325M, Max: 1024K regular, 318M humongous, Frag: 76% external, 0% internal; Reserve: 103M, Max: 1024K
[46.040s][info][gc,stats    ] 
[46.040s][info][gc,stats    ] All times are wall-clock times, except per-root-class counters, that are sum over
[46.040s][info][gc,stats    ] all workers. Dividing the <total> over the root stage time estimates parallelism.
[46.040s][info][gc,stats    ] 
[46.040s][info][gc,stats    ] Concurrent Reset                   1027 us
[46.040s][info][gc,stats    ] Pause Init Mark (G)                 311 us
[46.040s][info][gc,stats    ] Pause Init Mark (N)                 210 us
[46.040s][info][gc,stats    ]   Update Region States               60 us
[46.040s][info][gc,stats    ] Concurrent Mark Roots              9761 us, parallelism: 0.98x
[46.040s][info][gc,stats    ]   CMR: <total>                     9549 us
[46.040s][info][gc,stats    ]   CMR: Thread Roots                9376 us, workers (us): 9376, ---, ---, 
[46.040s][info][gc,stats    ]   CMR: VM Strong Roots               20 us, workers (us):  20, ---, ---, 
[46.040s][info][gc,stats    ]   CMR: CLDG Roots                   153 us, workers (us): 153, ---, ---, 
[46.040s][info][gc,stats    ] Concurrent Marking               128121 us
[46.040s][info][gc,stats    ] Pause Final Mark (G)                381 us
[46.040s][info][gc,stats    ] Pause Final Mark (N)                302 us
[46.040s][info][gc,stats    ]   Finish Mark                        87 us
[46.040s][info][gc,stats    ]   Update Region States               55 us
[46.040s][info][gc,stats    ]   Choose Collection Set              53 us
[46.040s][info][gc,stats    ]   Rebuild Free Set                    8 us
[46.040s][info][gc,stats    ] Concurrent Weak References          146 us, parallelism: 0.36x
[46.040s][info][gc,stats    ]   CWRF: <total>                      53 us
[46.040s][info][gc,stats    ]   CWRF: Weak References              53 us, workers (us):  53, ---, ---, 
[46.040s][info][gc,stats    ] Concurrent Weak Roots              2913 us
[46.040s][info][gc,stats    ]   Roots                            2679 us, parallelism: 0.98x
[46.040s][info][gc,stats    ]     CWR: <total>                   2617 us
[46.040s][info][gc,stats    ]     CWR: Code Cache Roots          1985 us, workers (us): 1985, ---, ---, 
[46.040s][info][gc,stats    ]     CWR: VM Weak Roots              586 us, workers (us): 586, ---, ---, 
[46.040s][info][gc,stats    ]     CWR: CLDG Roots                  46 us, workers (us):  46, ---, ---, 
[46.040s][info][gc,stats    ]   Rendezvous                        174 us
[46.040s][info][gc,stats    ] Concurrent Cleanup                   93 us
[46.040s][info][gc,stats    ] Concurrent Class Unloading        10762 us
[46.040s][info][gc,stats    ]   Unlink Stale                     9738 us
[46.040s][info][gc,stats    ]     System Dictionary                53 us
[46.040s][info][gc,stats    ]     Weak Class Links                  0 us
[46.040s][info][gc,stats    ]     Code Roots                     9683 us
[46.040s][info][gc,stats    ]   Rendezvous                        190 us
[46.040s][info][gc,stats    ]   Purge Unlinked                    735 us
[46.040s][info][gc,stats    ]     Code Roots                      724 us
[46.040s][info][gc,stats    ]     CLDG                              9 us
[46.040s][info][gc,stats    ]     Exception Caches                  0 us
[46.040s][info][gc,stats    ] Pause Final Roots (G)               155 us
[46.040s][info][gc,stats    ] Pause Final Roots (N)                55 us
[46.040s][info][gc,stats    ] Pacing                            47174 us
[46.040s][info][gc,stats    ] 
[46.040s][info][gc,stats    ] Allocation pacing accrued:
[46.040s][info][gc,stats    ]      23 of   157 ms ( 14.8%): Executor task launch worker for task 0.0 in stage 70.0 (TID 116)
[46.040s][info][gc,stats    ]      24 of   157 ms ( 15.3%): Executor task launch worker for task 1.0 in stage 70.0 (TID 117)
[46.040s][info][gc,stats    ]      47 of   157 ms ( 30.1%): <total>
[46.040s][info][gc,stats    ]       0 of   157 ms (  0.1%): <average total>
[46.040s][info][gc,stats    ]      24 of   157 ms ( 15.1%): <average non-zero>
[46.040s][info][gc,stats    ] 
[46.040s][info][gc,metaspace] Metaspace: 65744K(66432K)->65744K(66432K) NonClass: 57456K(57856K)->57456K(57856K) Class: 8288K(8576K)->8288K(8576K)
[46.040s][info][gc,ergo     ] Pacer for Idle. Initial: 41943K, Alloc Tax Rate: 1.0x
[46.044s][info][gc          ] Trigger: Learning 4 of 5. Free (1311M) is below initial threshold (1433M)
[46.044s][info][gc,ergo     ] Free: 1311M, Max: 1024K regular, 318M humongous, Frag: 76% external, 0% internal; Reserve: 103M, Max: 1024K
[46.044s][info][gc,start    ] GC(115) Concurrent reset
[46.044s][info][gc,task     ] GC(115) Using 1 of 3 workers for concurrent reset
[46.044s][info][gc,ergo     ] GC(115) Pacer for Reset. Non-Taxable: 2048M
[46.045s][info][gc          ] GC(115) Concurrent reset 1.024ms
[46.045s][info][gc,start    ] GC(115) Pause Init Mark (unload classes)
[46.045s][info][gc,task     ] GC(115) Using 3 of 3 workers for init marking
[46.045s][info][gc,ergo     ] GC(115) Pacer for Mark. Expected Live: 171M, Free: 1309M, Non-Taxable: 130M, Alloc Tax Rate: 0.2x
[46.045s][info][gc          ] GC(115) Pause Init Mark (unload classes) 0.181ms
[46.045s][info][gc,start    ] GC(115) Concurrent marking roots
[46.045s][info][gc,task     ] GC(115) Using 1 of 3 workers for concurrent marking roots
[46.055s][info][gc          ] GC(115) Concurrent marking roots 9.630ms
[46.055s][info][gc,start    ] GC(115) Concurrent marking (unload classes)
[46.055s][info][gc,task     ] GC(115) Using 1 of 3 workers for concurrent marking
[46.184s][info][gc          ] GC(115) Concurrent marking (unload classes) 129.330ms
[46.185s][info][gc,start    ] GC(115) Pause Final Mark (unload classes)
[46.185s][info][gc,task     ] GC(115) Using 3 of 3 workers for final marking
[46.185s][info][gc,ergo     ] GC(115) Collectable Garbage: 443M (95%), Immediate: 443M (95%), CSet: 0B (0%)
[46.185s][info][gc          ] GC(115) Pause Final Mark (unload classes) 0.392ms
[46.185s][info][gc,start    ] GC(115) Concurrent weak references
[46.185s][info][gc,task     ] GC(115) Using 1 of 3 workers for concurrent weak references
[46.185s][info][gc,ref      ] GC(115) Encountered references: Soft: 2912, Weak: 5824, Final: 51, Phantom: 579
[46.185s][info][gc,ref      ] GC(115) Discovered  references: Soft: 0, Weak: 767, Final: 0, Phantom: 260
[46.185s][info][gc,ref      ] GC(115) Enqueued    references: Soft: 0, Weak: 0, Final: 0, Phantom: 0
[46.185s][info][gc          ] GC(115) Concurrent weak references 0.203ms
[46.185s][info][gc,start    ] GC(115) Concurrent weak roots
[46.185s][info][gc,task     ] GC(115) Using 1 of 3 workers for concurrent weak root
[46.189s][info][gc          ] GC(115) Concurrent weak roots 3.466ms
[46.189s][info][gc,start    ] GC(115) Concurrent cleanup
[46.189s][info][gc          ] GC(115) Concurrent cleanup 1117M->673M(2048M) 0.080ms
[46.189s][info][gc,ergo     ] GC(115) Free: 1269M, Max: 1024K regular, 421M humongous, Frag: 67% external, 0% internal; Reserve: 103M, Max: 1024K
[46.189s][info][gc,start    ] GC(115) Concurrent class unloading
[46.189s][info][gc,task     ] GC(115) Using 1 of 3 workers for concurrent class unloading
[46.199s][info][gc          ] GC(115) Concurrent class unloading 10.284ms
[46.199s][info][gc,start    ] GC(115) Pause Final Roots
[46.199s][info][gc          ] GC(115) Pause Final Roots 0.040ms
[46.199s][info][gc,ergo     ] Free: 1245M, Max: 1024K regular, 421M humongous, Frag: 66% external, 0% internal; Reserve: 103M, Max: 1024K
[46.199s][info][gc,stats    ] 
[46.200s][info][gc,stats    ] All times are wall-clock times, except per-root-class counters, that are sum over
[46.200s][info][gc,stats    ] all workers. Dividing the <total> over the root stage time estimates parallelism.
[46.200s][info][gc,stats    ] 
[46.200s][info][gc,stats    ] Concurrent Reset                   1045 us
[46.200s][info][gc,stats    ] Pause Init Mark (G)                 369 us
[46.200s][info][gc,stats    ] Pause Init Mark (N)                 202 us
[46.200s][info][gc,stats    ]   Update Region States               59 us
[46.200s][info][gc,stats    ] Concurrent Mark Roots              9661 us, parallelism: 0.98x
[46.200s][info][gc,stats    ]   CMR: <total>                     9471 us
[46.200s][info][gc,stats    ]   CMR: Thread Roots                9311 us, workers (us): 9311, ---, ---, 
[46.200s][info][gc,stats    ]   CMR: VM Strong Roots               18 us, workers (us):  18, ---, ---, 
[46.200s][info][gc,stats    ]   CMR: CLDG Roots                   143 us, workers (us): 143, ---, ---, 
[46.200s][info][gc,stats    ] Concurrent Marking               129401 us
[46.200s][info][gc,stats    ] Pause Final Mark (G)                577 us
[46.200s][info][gc,stats    ] Pause Final Mark (N)                414 us
[46.200s][info][gc,stats    ]   Finish Mark                       117 us
[46.200s][info][gc,stats    ]   Update Region States               55 us
[46.200s][info][gc,stats    ]   Choose Collection Set             117 us
[46.200s][info][gc,stats    ]   Rebuild Free Set                   17 us
[46.200s][info][gc,stats    ] Concurrent Weak References          211 us, parallelism: 0.32x
[46.200s][info][gc,stats    ]   CWRF: <total>                      68 us
[46.200s][info][gc,stats    ]   CWRF: Weak References              68 us, workers (us):  68, ---, ---, 
[46.200s][info][gc,stats    ] Concurrent Weak Roots              3505 us
[46.200s][info][gc,stats    ]   Roots                            3207 us, parallelism: 0.97x
[46.200s][info][gc,stats    ]     CWR: <total>                   3106 us
[46.200s][info][gc,stats    ]     CWR: Code Cache Roots          2467 us, workers (us): 2467, ---, ---, 
[46.200s][info][gc,stats    ]     CWR: VM Weak Roots              586 us, workers (us): 586, ---, ---, 
[46.200s][info][gc,stats    ]     CWR: CLDG Roots                  53 us, workers (us):  53, ---, ---, 
[46.200s][info][gc,stats    ]   Rendezvous                        241 us
[46.200s][info][gc,stats    ] Concurrent Cleanup                   97 us
[46.200s][info][gc,stats    ] Concurrent Class Unloading        10335 us
[46.200s][info][gc,stats    ]   Unlink Stale                     9562 us
[46.200s][info][gc,stats    ]     System Dictionary                64 us
[46.200s][info][gc,stats    ]     Weak Class Links                  0 us
[46.200s][info][gc,stats    ]     Code Roots                     9496 us
[46.200s][info][gc,stats    ]   Rendezvous                        186 us
[46.200s][info][gc,stats    ]   Purge Unlinked                    501 us
[46.200s][info][gc,stats    ]     Code Roots                      495 us
[46.200s][info][gc,stats    ]     CLDG                              5 us
[46.200s][info][gc,stats    ]     Exception Caches                  1 us
[46.200s][info][gc,stats    ] Pause Final Roots (G)               147 us
[46.200s][info][gc,stats    ] Pause Final Roots (N)                49 us
[46.200s][info][gc,stats    ] 
[46.200s][info][gc,stats    ] Allocation pacing accrued:
[46.200s][info][gc,stats    ]       0 of   159 ms (  0.0%): <total>
[46.200s][info][gc,stats    ]       0 of   159 ms (  0.0%): <average total>
[46.200s][info][gc,stats    ] 
[46.200s][info][gc,metaspace] Metaspace: 65744K(66432K)->65751K(66432K) NonClass: 57456K(57856K)->57461K(57856K) Class: 8288K(8576K)->8289K(8576K)
[46.200s][info][gc,ergo     ] Pacer for Idle. Initial: 41943K, Alloc Tax Rate: 1.0x
[46.201s][info][gc          ] Trigger: Learning 5 of 5. Free (1238M) is below initial threshold (1433M)
[46.201s][info][gc,ergo     ] Free: 1238M, Max: 1024K regular, 421M humongous, Frag: 66% external, 0% internal; Reserve: 103M, Max: 1024K
[46.201s][info][gc,start    ] GC(116) Concurrent reset
[46.201s][info][gc,task     ] GC(116) Using 1 of 3 workers for concurrent reset
[46.201s][info][gc,ergo     ] GC(116) Pacer for Reset. Non-Taxable: 2048M
[46.202s][info][gc          ] GC(116) Concurrent reset 0.956ms
[46.202s][info][gc,start    ] GC(116) Pause Init Mark (unload classes)
[46.202s][info][gc,task     ] GC(116) Using 3 of 3 workers for init marking
[46.202s][info][gc,ergo     ] GC(116) Pacer for Mark. Expected Live: 171M, Free: 1238M, Non-Taxable: 123M, Alloc Tax Rate: 0.2x
[46.202s][info][gc          ] GC(116) Pause Init Mark (unload classes) 0.140ms
[46.202s][info][gc,start    ] GC(116) Concurrent marking roots
[46.202s][info][gc,task     ] GC(116) Using 1 of 3 workers for concurrent marking roots
[46.211s][info][gc          ] GC(116) Concurrent marking roots 9.092ms
[46.211s][info][gc,start    ] GC(116) Concurrent marking (unload classes)
[46.211s][info][gc,task     ] GC(116) Using 1 of 3 workers for concurrent marking
[46.341s][info][gc          ] GC(116) Concurrent marking (unload classes) 129.861ms
[46.341s][info][gc,start    ] GC(116) Pause Final Mark (unload classes)
[46.342s][info][gc,task     ] GC(116) Using 3 of 3 workers for final marking
[46.342s][info][gc,ergo     ] GC(116) Collectable Garbage: 508M (96%), Immediate: 508M (96%), CSet: 0B (0%)
[46.342s][info][gc          ] GC(116) Pause Final Mark (unload classes) 0.288ms
[46.342s][info][gc,start    ] GC(116) Concurrent weak references
[46.342s][info][gc,task     ] GC(116) Using 1 of 3 workers for concurrent weak references
[46.342s][info][gc,ref      ] GC(116) Encountered references: Soft: 2917, Weak: 5908, Final: 51, Phantom: 579
[46.342s][info][gc,ref      ] GC(116) Discovered  references: Soft: 0, Weak: 3790, Final: 0, Phantom: 260
[46.342s][info][gc,ref      ] GC(116) Enqueued    references: Soft: 0, Weak: 1, Final: 0, Phantom: 0
[46.342s][info][gc          ] GC(116) Concurrent weak references 0.576ms
[46.342s][info][gc,start    ] GC(116) Concurrent weak roots
[46.342s][info][gc,task     ] GC(116) Using 1 of 3 workers for concurrent weak root
[46.345s][info][gc          ] GC(116) Concurrent weak roots 2.941ms
[46.345s][info][gc,start    ] GC(116) Concurrent cleanup
[46.345s][info][gc          ] GC(116) Concurrent cleanup 712M->203M(2048M) 0.088ms
[46.345s][info][gc,ergo     ] GC(116) Free: 1737M, Max: 1024K regular, 971M humongous, Frag: 44% external, 0% internal; Reserve: 103M, Max: 1024K
[46.346s][info][gc,start    ] GC(116) Concurrent class unloading
[46.346s][info][gc,task     ] GC(116) Using 1 of 3 workers for concurrent class unloading
[46.356s][info][gc          ] GC(116) Concurrent class unloading 10.001ms
[46.356s][info][gc,start    ] GC(116) Pause Final Roots
[46.356s][info][gc          ] GC(116) Pause Final Roots 0.041ms
[46.356s][info][gc,ergo     ] Free: 1737M, Max: 1024K regular, 971M humongous, Frag: 44% external, 0% internal; Reserve: 103M, Max: 1024K
[46.356s][info][gc,stats    ] 
[46.356s][info][gc,stats    ] All times are wall-clock times, except per-root-class counters, that are sum over
[46.356s][info][gc,stats    ] all workers. Dividing the <total> over the root stage time estimates parallelism.
[46.356s][info][gc,stats    ] 
[46.356s][info][gc,stats    ] Concurrent Reset                    992 us
[46.356s][info][gc,stats    ] Pause Init Mark (G)                 269 us
[46.356s][info][gc,stats    ] Pause Init Mark (N)                 149 us
[46.356s][info][gc,stats    ]   Update Region States               43 us
[46.356s][info][gc,stats    ] Concurrent Mark Roots              9156 us, parallelism: 0.95x
[46.356s][info][gc,stats    ]   CMR: <total>                     8660 us
[46.356s][info][gc,stats    ]   CMR: Thread Roots                8572 us, workers (us): 8572, ---, ---, 
[46.356s][info][gc,stats    ]   CMR: VM Strong Roots               12 us, workers (us):  12, ---, ---, 
[46.356s][info][gc,stats    ]   CMR: CLDG Roots                    76 us, workers (us):  76, ---, ---, 
[46.356s][info][gc,stats    ] Concurrent Marking               129937 us
[46.356s][info][gc,stats    ] Pause Final Mark (G)                380 us
[46.356s][info][gc,stats    ] Pause Final Mark (N)                298 us
[46.356s][info][gc,stats    ]   Finish Mark                       102 us
[46.356s][info][gc,stats    ]   Update Region States               69 us
[46.356s][info][gc,stats    ]   Choose Collection Set              43 us
[46.356s][info][gc,stats    ]   Rebuild Free Set                    8 us
[46.356s][info][gc,stats    ] Concurrent Weak References          584 us, parallelism: 0.79x
[46.356s][info][gc,stats    ]   CWRF: <total>                     463 us
[46.356s][info][gc,stats    ]   CWRF: Weak References             463 us, workers (us): 463, ---, ---, 
[46.356s][info][gc,stats    ] Concurrent Weak Roots              3008 us
[46.356s][info][gc,stats    ]   Roots                            2638 us, parallelism: 0.96x
[46.356s][info][gc,stats    ]     CWR: <total>                   2539 us
[46.356s][info][gc,stats    ]     CWR: Code Cache Roots          1911 us, workers (us): 1911, ---, ---, 
[46.356s][info][gc,stats    ]     CWR: VM Weak Roots              581 us, workers (us): 581, ---, ---, 
[46.356s][info][gc,stats    ]     CWR: CLDG Roots                  47 us, workers (us):  47, ---, ---, 
[46.356s][info][gc,stats    ]   Rendezvous                        282 us
[46.356s][info][gc,stats    ] Concurrent Cleanup                  106 us
[46.356s][info][gc,stats    ] Concurrent Class Unloading        10040 us
[46.356s][info][gc,stats    ]   Unlink Stale                     9187 us
[46.356s][info][gc,stats    ]     System Dictionary                50 us
[46.356s][info][gc,stats    ]     Weak Class Links                  0 us
[46.356s][info][gc,stats    ]     Code Roots                     9135 us
[46.356s][info][gc,stats    ]   Rendezvous                        205 us
[46.356s][info][gc,stats    ]   Purge Unlinked                    574 us
[46.356s][info][gc,stats    ]     Code Roots                      569 us
[46.356s][info][gc,stats    ]     CLDG                              5 us
[46.356s][info][gc,stats    ]     Exception Caches                  0 us
[46.356s][info][gc,stats    ] Pause Final Roots (G)               107 us
[46.356s][info][gc,stats    ] Pause Final Roots (N)                51 us
[46.356s][info][gc,stats    ] 
[46.356s][info][gc,stats    ] Allocation pacing accrued:
[46.356s][info][gc,stats    ]       0 of   156 ms (  0.0%): <total>
[46.356s][info][gc,stats    ]       0 of   156 ms (  0.0%): <average total>
[46.356s][info][gc,stats    ] 
[46.356s][info][gc,metaspace] Metaspace: 65752K(66432K)->65768K(66560K) NonClass: 57463K(57856K)->57476K(57920K) Class: 8289K(8576K)->8291K(8640K)
[46.356s][info][gc,ergo     ] Pacer for Idle. Initial: 41943K, Alloc Tax Rate: 1.0x
[46.364s][info][gc          ] Trigger: Explicit GC request (System.gc())
[46.364s][info][gc,ergo     ] Free: 1737M, Max: 1024K regular, 971M humongous, Frag: 44% external, 0% internal; Reserve: 103M, Max: 1024K
[46.364s][info][gc,start    ] GC(117) Concurrent reset
[46.364s][info][gc,task     ] GC(117) Using 1 of 3 workers for concurrent reset
[46.364s][info][gc,ergo     ] GC(117) Pacer for Reset. Non-Taxable: 2048M
[46.365s][info][gc          ] GC(117) Concurrent reset 1.127ms
[46.365s][info][gc,start    ] GC(117) Pause Init Mark (unload classes)
[46.365s][info][gc,task     ] GC(117) Using 3 of 3 workers for init marking
[46.365s][info][gc,ref      ] GC(117) Clearing All SoftReferences
[46.365s][info][gc,ergo     ] GC(117) Pacer for Mark. Expected Live: 171M, Free: 1737M, Non-Taxable: 173M, Alloc Tax Rate: 0.1x
[46.365s][info][gc          ] GC(117) Pause Init Mark (unload classes) 0.197ms
[46.365s][info][gc,start    ] GC(117) Concurrent marking roots
[46.365s][info][gc,task     ] GC(117) Using 1 of 3 workers for concurrent marking roots
[46.374s][info][gc          ] GC(117) Concurrent marking roots 8.913ms
[46.374s][info][gc,start    ] GC(117) Concurrent marking (unload classes)
[46.374s][info][gc,task     ] GC(117) Using 1 of 3 workers for concurrent marking
[46.501s][info][gc          ] GC(117) Concurrent marking (unload classes) 126.659ms
[46.501s][info][gc,start    ] GC(117) Pause Final Mark (unload classes)
[46.501s][info][gc,task     ] GC(117) Using 3 of 3 workers for final marking
[46.501s][info][gc,ergo     ] GC(117) Adaptive CSet Selection. Target Free: 290M, Actual Free: 1831M, Max CSet: 87381K, Min Garbage: 0B
[46.501s][info][gc,ergo     ] GC(117) Collectable Garbage: 29841K (87%), Immediate: 3072K (9%), CSet: 26769K (78%)
[46.502s][info][gc,ergo     ] GC(117) Pacer for Evacuation. Used CSet: 27648K, Free: 1741M, Non-Taxable: 174M, Alloc Tax Rate: 1.1x
[46.502s][info][gc          ] GC(117) Pause Final Mark (unload classes) 0.477ms
[46.502s][info][gc,start    ] GC(117) Concurrent thread roots
[46.502s][info][gc,task     ] GC(117) Using 1 of 3 workers for Concurrent thread roots
[46.511s][info][gc          ] GC(117) Concurrent thread roots 9.236ms
[46.511s][info][gc,start    ] GC(117) Concurrent weak references
[46.511s][info][gc,task     ] GC(117) Using 1 of 3 workers for concurrent weak references
[46.511s][info][gc,ref      ] GC(117) Encountered references: Soft: 2827, Weak: 5827, Final: 51, Phantom: 579
[46.511s][info][gc,ref      ] GC(117) Discovered  references: Soft: 661, Weak: 952, Final: 0, Phantom: 337
[46.511s][info][gc,ref      ] GC(117) Enqueued    references: Soft: 299, Weak: 162, Final: 0, Phantom: 0
[46.511s][info][gc          ] GC(117) Concurrent weak references 0.565ms
[46.512s][info][gc,start    ] GC(117) Concurrent weak roots
[46.512s][info][gc,task     ] GC(117) Using 1 of 3 workers for concurrent weak root
[46.515s][info][gc          ] GC(117) Concurrent weak roots 3.347ms
[46.515s][info][gc,start    ] GC(117) Concurrent cleanup
[46.515s][info][gc          ] GC(117) Concurrent cleanup 218M->215M(2048M) 0.031ms
[46.515s][info][gc,ergo     ] GC(117) Free: 1728M, Max: 1024K regular, 971M humongous, Frag: 44% external, 0% internal; Reserve: 102M, Max: 1024K
[46.515s][info][gc,start    ] GC(117) Concurrent class unloading
[46.515s][info][gc,task     ] GC(117) Using 1 of 3 workers for concurrent class unloading
[46.532s][info][gc          ] GC(117) Concurrent class unloading 17.204ms
[46.532s][info][gc,start    ] GC(117) Concurrent strong roots
[46.532s][info][gc,task     ] GC(117) Using 1 of 3 workers for concurrent strong root
[46.533s][info][gc          ] GC(117) Concurrent strong roots 0.435ms
[46.533s][info][gc,start    ] GC(117) Concurrent evacuation
[46.533s][info][gc,task     ] GC(117) Using 1 of 3 workers for concurrent evacuation
[46.533s][info][gc          ] GC(117) Concurrent evacuation 0.403ms
[46.533s][info][gc,start    ] GC(117) Pause Init Update Refs
[46.533s][info][gc,ergo     ] GC(117) Pacer for Update Refs. Used: 219M, Free: 1724M, Non-Taxable: 172M, Alloc Tax Rate: 1.1x
[46.533s][info][gc          ] GC(117) Pause Init Update Refs 0.063ms
[46.533s][info][gc,start    ] GC(117) Concurrent update references
[46.533s][info][gc,task     ] GC(117) Using 1 of 3 workers for concurrent reference update
[46.597s][info][gc          ] GC(117) Concurrent update references 63.315ms
[46.597s][info][gc,start    ] GC(117) Concurrent update thread roots
[46.605s][info][gc          ] GC(117) Concurrent update thread roots 8.406ms
[46.605s][info][gc,start    ] GC(117) Pause Final Update Refs
[46.605s][info][gc,task     ] GC(117) Using 3 of 3 workers for final reference update
[46.605s][info][gc          ] GC(117) Pause Final Update Refs 0.176ms
[46.605s][info][gc,start    ] GC(117) Concurrent cleanup
[46.606s][info][gc          ] GC(117) Concurrent cleanup 219M->192M(2048M) 0.076ms
[46.606s][info][gc,ergo     ] Free: 1750M, Max: 1024K regular, 1396M humongous, Frag: 20% external, 0% internal; Reserve: 103M, Max: 1024K
[46.606s][info][gc,stats    ] 
[46.606s][info][gc,stats    ] All times are wall-clock times, except per-root-class counters, that are sum over
[46.606s][info][gc,stats    ] all workers. Dividing the <total> over the root stage time estimates parallelism.
[46.606s][info][gc,stats    ] 
[46.606s][info][gc,stats    ] Concurrent Reset                   1145 us
[46.606s][info][gc,stats    ] Pause Init Mark (G)                 317 us
[46.606s][info][gc,stats    ] Pause Init Mark (N)                 214 us
[46.606s][info][gc,stats    ]   Update Region States               62 us
[46.606s][info][gc,stats    ] Concurrent Mark Roots              8961 us, parallelism: 0.98x
[46.606s][info][gc,stats    ]   CMR: <total>                     8753 us
[46.606s][info][gc,stats    ]   CMR: Thread Roots                8612 us, workers (us): 8612, ---, ---, 
[46.606s][info][gc,stats    ]   CMR: VM Strong Roots               17 us, workers (us):  17, ---, ---, 
[46.606s][info][gc,stats    ]   CMR: CLDG Roots                   124 us, workers (us): 124, ---, ---, 
[46.606s][info][gc,stats    ] Concurrent Marking               126738 us
[46.606s][info][gc,stats    ] Pause Final Mark (G)                634 us
[46.606s][info][gc,stats    ] Pause Final Mark (N)                494 us
[46.606s][info][gc,stats    ]   Finish Mark                       137 us
[46.606s][info][gc,stats    ]   Update Region States              102 us
[46.606s][info][gc,stats    ]   Choose Collection Set             105 us
[46.606s][info][gc,stats    ]   Rebuild Free Set                   17 us
[46.606s][info][gc,stats    ] Concurrent Thread Roots            9287 us, parallelism: 0.97x
[46.606s][info][gc,stats    ]   CTR: <total>                     9026 us
[46.606s][info][gc,stats    ]   CTR: Thread Roots                9026 us, workers (us): 9026, ---, ---, 
[46.606s][info][gc,stats    ] Concurrent Weak References          586 us, parallelism: 0.51x
[46.606s][info][gc,stats    ]   CWRF: <total>                     300 us
[46.606s][info][gc,stats    ]   CWRF: Weak References             300 us, workers (us): 300, ---, ---, 
[46.606s][info][gc,stats    ] Concurrent Weak Roots              3393 us
[46.606s][info][gc,stats    ]   Roots                            3116 us, parallelism: 0.97x
[46.606s][info][gc,stats    ]     CWR: <total>                   3017 us
[46.606s][info][gc,stats    ]     CWR: Code Cache Roots          2104 us, workers (us): 2104, ---, ---, 
[46.606s][info][gc,stats    ]     CWR: VM Weak Roots              862 us, workers (us): 862, ---, ---, 
[46.606s][info][gc,stats    ]     CWR: CLDG Roots                  50 us, workers (us):  50, ---, ---, 
[46.606s][info][gc,stats    ]   Rendezvous                        175 us
[46.606s][info][gc,stats    ] Concurrent Cleanup                   40 us
[46.606s][info][gc,stats    ] Concurrent Class Unloading        17252 us
[46.606s][info][gc,stats    ]   Unlink Stale                    15996 us
[46.606s][info][gc,stats    ]     System Dictionary               671 us
[46.606s][info][gc,stats    ]     Weak Class Links               5993 us
[46.606s][info][gc,stats    ]     Code Roots                     9331 us
[46.606s][info][gc,stats    ]   Rendezvous                        271 us
[46.606s][info][gc,stats    ]   Purge Unlinked                    917 us
[46.606s][info][gc,stats    ]     Code Roots                      611 us
[46.606s][info][gc,stats    ]     CLDG                            305 us
[46.606s][info][gc,stats    ]     Exception Caches                  0 us
[46.606s][info][gc,stats    ] Concurrent Strong Roots             458 us, parallelism: 0.70x
[46.606s][info][gc,stats    ]   CSR: <total>                      320 us
[46.606s][info][gc,stats    ]   CSR: VM Strong Roots               17 us, workers (us):  17, ---, ---, 
[46.606s][info][gc,stats    ]   CSR: CLDG Roots                   303 us, workers (us): 303, ---, ---, 
[46.606s][info][gc,stats    ] Concurrent Evacuation               421 us
[46.606s][info][gc,stats    ] Pause Init Update Refs (G)          143 us
[46.606s][info][gc,stats    ] Pause Init Update Refs (N)           71 us
[46.606s][info][gc,stats    ]   Manage GCLABs                      12 us
[46.606s][info][gc,stats    ] Concurrent Update Refs            63395 us
[46.606s][info][gc,stats    ] Concurrent Update Thread Roots     8460 us
[46.606s][info][gc,stats    ] Pause Final Update Refs (G)         329 us
[46.606s][info][gc,stats    ] Pause Final Update Refs (N)         195 us
[46.606s][info][gc,stats    ]   Update Region States               89 us
[46.606s][info][gc,stats    ]   Trash Collection Set                5 us
[46.606s][info][gc,stats    ]   Rebuild Free Set                   21 us
[46.606s][info][gc,stats    ] Concurrent Cleanup                  103 us
[46.606s][info][gc,stats    ] 
[46.606s][info][gc,stats    ] Allocation pacing accrued:
[46.606s][info][gc,stats    ]       0 of   250 ms (  0.0%): <total>
[46.606s][info][gc,stats    ]       0 of   250 ms (  0.0%): <average total>
[46.606s][info][gc,stats    ] 
[46.606s][info][gc,metaspace] Metaspace: 65768K(66560K)->65446K(66432K) NonClass: 57476K(57920K)->57208K(57856K) Class: 8291K(8640K)->8237K(8576K)
[46.606s][info][gc,ergo     ] Pacer for Idle. Initial: 41943K, Alloc Tax Rate: 1.0x
[46.763s][info][gc          ] Trigger: Learning 2 of 5. Free (1379M) is below initial threshold (1433M)
[46.763s][info][gc,ergo     ] Free: 1379M, Max: 1024K regular, 1367M humongous, Frag: 0% external, 0% internal; Reserve: 103M, Max: 1024K
[46.763s][info][gc,start    ] GC(118) Concurrent reset
[46.763s][info][gc,task     ] GC(118) Using 1 of 3 workers for concurrent reset
[46.763s][info][gc,ergo     ] GC(118) Pacer for Reset. Non-Taxable: 2048M
[46.764s][info][gc          ] GC(118) Concurrent reset 0.965ms
[46.765s][info][gc,start    ] GC(118) Pause Init Mark (unload classes)
[46.765s][info][gc,task     ] GC(118) Using 3 of 3 workers for init marking
[46.765s][info][gc,ergo     ] GC(118) Pacer for Mark. Expected Live: 171M, Free: 1376M, Non-Taxable: 137M, Alloc Tax Rate: 0.2x
[46.765s][info][gc          ] GC(118) Pause Init Mark (unload classes) 0.181ms
[46.765s][info][gc,start    ] GC(118) Concurrent marking roots
[46.765s][info][gc,task     ] GC(118) Using 1 of 3 workers for concurrent marking roots
[46.774s][info][gc          ] GC(118) Concurrent marking roots 9.606ms
[46.774s][info][gc,start    ] GC(118) Concurrent marking (unload classes)
[46.775s][info][gc,task     ] GC(118) Using 1 of 3 workers for concurrent marking
[46.905s][info][gc          ] GC(118) Concurrent marking (unload classes) 130.181ms
[46.905s][info][gc,start    ] GC(118) Pause Final Mark (unload classes)
[46.905s][info][gc,task     ] GC(118) Using 3 of 3 workers for final marking
[46.905s][info][gc,ergo     ] GC(118) Adaptive CSet Selection. Target Free: 290M, Actual Free: 1347M, Max CSet: 87381K, Min Garbage: 0B
[46.905s][info][gc,ergo     ] GC(118) Collectable Garbage: 387M (98%), Immediate: 345M (88%), CSet: 43756K (10%)
[46.905s][info][gc,ergo     ] GC(118) Pacer for Evacuation. Used CSet: 45759K, Free: 1259M, Non-Taxable: 125M, Alloc Tax Rate: 1.1x
[46.905s][info][gc          ] GC(118) Pause Final Mark (unload classes) 0.387ms
[46.905s][info][gc,start    ] GC(118) Concurrent thread roots
[46.905s][info][gc,task     ] GC(118) Using 1 of 3 workers for Concurrent thread roots
[46.915s][info][gc          ] GC(118) Concurrent thread roots 9.834ms
[46.915s][info][gc,start    ] GC(118) Concurrent weak references
[46.915s][info][gc,task     ] GC(118) Using 1 of 3 workers for concurrent weak references
[46.915s][info][gc,ref      ] GC(118) Encountered references: Soft: 2909, Weak: 5953, Final: 51, Phantom: 579
[46.915s][info][gc,ref      ] GC(118) Discovered  references: Soft: 0, Weak: 869, Final: 0, Phantom: 260
[46.915s][info][gc,ref      ] GC(118) Enqueued    references: Soft: 0, Weak: 95, Final: 0, Phantom: 0
[46.915s][info][gc          ] GC(118) Concurrent weak references 0.322ms
[46.915s][info][gc,start    ] GC(118) Concurrent weak roots
[46.915s][info][gc,task     ] GC(118) Using 1 of 3 workers for concurrent weak root
[46.919s][info][gc          ] GC(118) Concurrent weak roots 3.809ms
[46.919s][info][gc,start    ] GC(118) Concurrent cleanup
[46.919s][info][gc          ] GC(118) Concurrent cleanup 1073M->728M(2048M) 0.073ms
[46.919s][info][gc,ergo     ] GC(118) Free: 1215M, Max: 1024K regular, 854M humongous, Frag: 29% external, 0% internal; Reserve: 102M, Max: 1024K
[46.919s][info][gc,start    ] GC(118) Concurrent class unloading
[46.919s][info][gc,task     ] GC(118) Using 1 of 3 workers for concurrent class unloading
[46.939s][info][gc          ] GC(118) Concurrent class unloading 19.516ms
[46.939s][info][gc,start    ] GC(118) Concurrent strong roots
[46.939s][info][gc,task     ] GC(118) Using 1 of 3 workers for concurrent strong root
[46.939s][info][gc          ] GC(118) Concurrent strong roots 0.369ms
[46.939s][info][gc,start    ] GC(118) Concurrent evacuation
[46.939s][info][gc,task     ] GC(118) Using 1 of 3 workers for concurrent evacuation
[46.941s][info][gc          ] GC(118) Concurrent evacuation 1.192ms
[46.941s][info][gc,start    ] GC(118) Pause Init Update Refs
[46.941s][info][gc,ergo     ] GC(118) Pacer for Update Refs. Used: 788M, Free: 1157M, Non-Taxable: 115M, Alloc Tax Rate: 1.1x
[46.941s][info][gc          ] GC(118) Pause Init Update Refs 0.068ms
[46.941s][info][gc,start    ] GC(118) Concurrent update references
[46.941s][info][gc,task     ] GC(118) Using 1 of 3 workers for concurrent reference update
[47.126s][info][gc          ] GC(118) Concurrent update references 184.720ms
[47.126s][info][gc,start    ] GC(118) Concurrent update thread roots
[47.134s][info][gc          ] GC(118) Concurrent update thread roots 8.243ms
[47.134s][info][gc,start    ] GC(118) Pause Final Update Refs
[47.134s][info][gc,task     ] GC(118) Using 3 of 3 workers for final reference update
[47.134s][info][gc          ] GC(118) Pause Final Update Refs 0.182ms
[47.134s][info][gc,start    ] GC(118) Concurrent cleanup
[47.134s][info][gc          ] GC(118) Concurrent cleanup 1315M->1271M(2048M) 0.041ms
[47.134s][info][gc,ergo     ] Free: 672M, Max: 1024K regular, 615M humongous, Frag: 7% external, 0% internal; Reserve: 103M, Max: 1024K
[47.134s][info][gc,stats    ] 
[47.134s][info][gc,stats    ] All times are wall-clock times, except per-root-class counters, that are sum over
[47.134s][info][gc,stats    ] all workers. Dividing the <total> over the root stage time estimates parallelism.
[47.134s][info][gc,stats    ] 
[47.134s][info][gc,stats    ] Concurrent Reset                    989 us
[47.134s][info][gc,stats    ] Pause Init Mark (G)                 386 us
[47.134s][info][gc,stats    ] Pause Init Mark (N)                 190 us
[47.134s][info][gc,stats    ]   Update Region States               84 us
[47.134s][info][gc,stats    ] Concurrent Mark Roots              9665 us, parallelism: 0.98x
[47.134s][info][gc,stats    ]   CMR: <total>                     9437 us
[47.134s][info][gc,stats    ]   CMR: Thread Roots                9268 us, workers (us): 9268, ---, ---, 
[47.134s][info][gc,stats    ]   CMR: VM Strong Roots               19 us, workers (us):  19, ---, ---, 
[47.134s][info][gc,stats    ]   CMR: CLDG Roots                   149 us, workers (us): 149, ---, ---, 
[47.134s][info][gc,stats    ] Concurrent Marking               130232 us
[47.134s][info][gc,stats    ] Pause Final Mark (G)                493 us
[47.134s][info][gc,stats    ] Pause Final Mark (N)                403 us
[47.134s][info][gc,stats    ]   Finish Mark                       102 us
[47.134s][info][gc,stats    ]   Update Region States               46 us
[47.134s][info][gc,stats    ]   Choose Collection Set             137 us
[47.135s][info][gc,stats    ]   Rebuild Free Set                   16 us
[47.135s][info][gc,stats    ] Concurrent Thread Roots            9889 us, parallelism: 0.98x
[47.135s][info][gc,stats    ]   CTR: <total>                     9714 us
[47.135s][info][gc,stats    ]   CTR: Thread Roots                9714 us, workers (us): 9714, ---, ---, 
[47.135s][info][gc,stats    ] Concurrent Weak References          338 us, parallelism: 0.41x
[47.135s][info][gc,stats    ]   CWRF: <total>                     137 us
[47.135s][info][gc,stats    ]   CWRF: Weak References             137 us, workers (us): 137, ---, ---, 
[47.135s][info][gc,stats    ] Concurrent Weak Roots              3857 us
[47.135s][info][gc,stats    ]   Roots                            3538 us, parallelism: 0.98x
[47.135s][info][gc,stats    ]     CWR: <total>                   3459 us
[47.135s][info][gc,stats    ]     CWR: Code Cache Roots          2342 us, workers (us): 2342, ---, ---, 
[47.135s][info][gc,stats    ]     CWR: VM Weak Roots             1046 us, workers (us): 1046, ---, ---, 
[47.135s][info][gc,stats    ]     CWR: CLDG Roots                  70 us, workers (us):  70, ---, ---, 
[47.135s][info][gc,stats    ]   Rendezvous                        235 us
[47.135s][info][gc,stats    ] Concurrent Cleanup                   91 us
[47.135s][info][gc,stats    ] Concurrent Class Unloading        19589 us
[47.135s][info][gc,stats    ]   Unlink Stale                    18653 us
[47.135s][info][gc,stats    ]     System Dictionary               247 us
[47.135s][info][gc,stats    ]     Weak Class Links               8169 us
[47.135s][info][gc,stats    ]     Code Roots                    10235 us
[47.135s][info][gc,stats    ]   Rendezvous                        226 us
[47.135s][info][gc,stats    ]   Purge Unlinked                    600 us
[47.135s][info][gc,stats    ]     Code Roots                      580 us
[47.135s][info][gc,stats    ]     CLDG                             20 us
[47.135s][info][gc,stats    ]     Exception Caches                  0 us
[47.135s][info][gc,stats    ] Concurrent Strong Roots             390 us, parallelism: 0.65x
[47.135s][info][gc,stats    ]   CSR: <total>                      254 us
[47.135s][info][gc,stats    ]   CSR: VM Strong Roots               14 us, workers (us):  14, ---, ---, 
[47.135s][info][gc,stats    ]   CSR: CLDG Roots                   241 us, workers (us): 241, ---, ---, 
[47.135s][info][gc,stats    ] Concurrent Evacuation              1217 us
[47.135s][info][gc,stats    ] Pause Init Update Refs (G)          203 us
[47.135s][info][gc,stats    ] Pause Init Update Refs (N)           77 us
[47.135s][info][gc,stats    ]   Manage GCLABs                      14 us
[47.135s][info][gc,stats    ] Concurrent Update Refs           184806 us
[47.135s][info][gc,stats    ] Concurrent Update Thread Roots     8306 us
[47.135s][info][gc,stats    ] Pause Final Update Refs (G)         347 us
[47.135s][info][gc,stats    ] Pause Final Update Refs (N)         225 us
[47.135s][info][gc,stats    ]   Update Region States               65 us
[47.135s][info][gc,stats    ]   Trash Collection Set                5 us
[47.135s][info][gc,stats    ]   Rebuild Free Set                   17 us
[47.135s][info][gc,stats    ] Concurrent Cleanup                   50 us
[47.135s][info][gc,stats    ] 
[47.135s][info][gc,stats    ] Allocation pacing accrued:
[47.135s][info][gc,stats    ]       0 of   529 ms (  0.0%): <total>
[47.135s][info][gc,stats    ]       0 of   529 ms (  0.0%): <average total>
[47.135s][info][gc,stats    ] 
[47.135s][info][gc,metaspace] Metaspace: 65761K(66432K)->65759K(66432K) NonClass: 57471K(57856K)->57470K(57856K) Class: 8289K(8576K)->8288K(8576K)
[47.135s][info][gc,ergo     ] Pacer for Idle. Initial: 41943K, Alloc Tax Rate: 1.0x
[47.144s][info][gc          ] Trigger: Learning 3 of 5. Free (638M) is below initial threshold (1433M)
[47.144s][info][gc,ergo     ] Free: 638M, Max: 1024K regular, 615M humongous, Frag: 2% external, 0% internal; Reserve: 103M, Max: 1024K
[47.144s][info][gc,start    ] GC(119) Concurrent reset
[47.144s][info][gc,task     ] GC(119) Using 1 of 3 workers for concurrent reset
[47.144s][info][gc,ergo     ] GC(119) Pacer for Reset. Non-Taxable: 2048M
[47.145s][info][gc          ] GC(119) Concurrent reset 0.953ms
[47.145s][info][gc,start    ] GC(119) Pause Init Mark (unload classes)
[47.145s][info][gc,task     ] GC(119) Using 3 of 3 workers for init marking
[47.145s][info][gc,ergo     ] GC(119) Pacer for Mark. Expected Live: 171M, Free: 638M, Non-Taxable: 65367K, Alloc Tax Rate: 0.3x
[47.145s][info][gc          ] GC(119) Pause Init Mark (unload classes) 0.182ms
[47.145s][info][gc,start    ] GC(119) Concurrent marking roots
[47.145s][info][gc,task     ] GC(119) Using 1 of 3 workers for concurrent marking roots
[47.155s][info][gc          ] GC(119) Concurrent marking roots 9.608ms
[47.155s][info][gc,start    ] GC(119) Concurrent marking (unload classes)
[47.155s][info][gc,task     ] GC(119) Using 1 of 3 workers for concurrent marking
[47.284s][info][gc          ] GC(119) Concurrent marking (unload classes) 129.406ms
[47.284s][info][gc,start    ] GC(119) Pause Final Mark (unload classes)
[47.284s][info][gc,task     ] GC(119) Using 3 of 3 workers for final marking
[47.284s][info][gc,ergo     ] GC(119) Collectable Garbage: 1114M (98%), Immediate: 1114M (98%), CSet: 0B (0%)
[47.285s][info][gc          ] GC(119) Pause Final Mark (unload classes) 0.255ms
[47.285s][info][gc,start    ] GC(119) Concurrent weak references
[47.285s][info][gc,task     ] GC(119) Using 1 of 3 workers for concurrent weak references
[47.285s][info][gc,ref      ] GC(119) Encountered references: Soft: 2909, Weak: 5859, Final: 51, Phantom: 579
[47.285s][info][gc,ref      ] GC(119) Discovered  references: Soft: 0, Weak: 801, Final: 0, Phantom: 260
[47.285s][info][gc,ref      ] GC(119) Enqueued    references: Soft: 0, Weak: 21, Final: 0, Phantom: 0
[47.285s][info][gc          ] GC(119) Concurrent weak references 0.173ms
[47.285s][info][gc,start    ] GC(119) Concurrent weak roots
[47.285s][info][gc,task     ] GC(119) Using 1 of 3 workers for concurrent weak root
[47.288s][info][gc          ] GC(119) Concurrent weak roots 3.372ms
[47.288s][info][gc,start    ] GC(119) Concurrent cleanup
[47.288s][info][gc          ] GC(119) Concurrent cleanup 1660M->547M(2048M) 0.147ms
[47.288s][info][gc,ergo     ] GC(119) Free: 1396M, Max: 1024K regular, 493M humongous, Frag: 65% external, 0% internal; Reserve: 103M, Max: 1024K
[47.288s][info][gc,start    ] GC(119) Concurrent class unloading
[47.288s][info][gc,task     ] GC(119) Using 1 of 3 workers for concurrent class unloading
[47.299s][info][gc          ] GC(119) Concurrent class unloading 10.382ms
[47.299s][info][gc,start    ] GC(119) Pause Final Roots
[47.299s][info][gc          ] GC(119) Pause Final Roots 0.061ms
[47.299s][info][gc,ergo     ] Free: 1356M, Max: 1024K regular, 493M humongous, Frag: 64% external, 0% internal; Reserve: 103M, Max: 1024K
[47.299s][info][gc,stats    ] 
[47.299s][info][gc,stats    ] All times are wall-clock times, except per-root-class counters, that are sum over
[47.299s][info][gc,stats    ] all workers. Dividing the <total> over the root stage time estimates parallelism.
[47.299s][info][gc,stats    ] 
[47.299s][info][gc,stats    ] Concurrent Reset                   1014 us
[47.299s][info][gc,stats    ] Pause Init Mark (G)                 374 us
[47.299s][info][gc,stats    ] Pause Init Mark (N)                 199 us
[47.299s][info][gc,stats    ]   Update Region States               48 us
[47.299s][info][gc,stats    ] Concurrent Mark Roots              9678 us, parallelism: 0.97x
[47.299s][info][gc,stats    ]   CMR: <total>                     9421 us
[47.299s][info][gc,stats    ]   CMR: Thread Roots                9325 us, workers (us): 9325, ---, ---, 
[47.299s][info][gc,stats    ]   CMR: VM Strong Roots               14 us, workers (us):  14, ---, ---, 
[47.299s][info][gc,stats    ]   CMR: CLDG Roots                    81 us, workers (us):  81, ---, ---, 
[47.299s][info][gc,stats    ] Concurrent Marking               129464 us
[47.299s][info][gc,stats    ] Pause Final Mark (G)                344 us
[47.299s][info][gc,stats    ] Pause Final Mark (N)                274 us
[47.299s][info][gc,stats    ]   Finish Mark                        68 us
[47.299s][info][gc,stats    ]   Update Region States               47 us
[47.299s][info][gc,stats    ]   Choose Collection Set              67 us
[47.299s][info][gc,stats    ]   Rebuild Free Set                   17 us
[47.299s][info][gc,stats    ] Concurrent Weak References          181 us, parallelism: 0.40x
[47.299s][info][gc,stats    ]   CWRF: <total>                      73 us
[47.299s][info][gc,stats    ]   CWRF: Weak References              73 us, workers (us):  73, ---, ---, 
[47.299s][info][gc,stats    ] Concurrent Weak Roots              3423 us
[47.299s][info][gc,stats    ]   Roots                            3133 us, parallelism: 0.98x
[47.299s][info][gc,stats    ]     CWR: <total>                   3057 us
[47.300s][info][gc,stats    ]     CWR: Code Cache Roots          2481 us, workers (us): 2481, ---, ---, 
[47.300s][info][gc,stats    ]     CWR: VM Weak Roots              526 us, workers (us): 526, ---, ---, 
[47.300s][info][gc,stats    ]     CWR: CLDG Roots                  50 us, workers (us):  50, ---, ---, 
[47.300s][info][gc,stats    ]   Rendezvous                        220 us
[47.300s][info][gc,stats    ] Concurrent Cleanup                  165 us
[47.300s][info][gc,stats    ] Concurrent Class Unloading        10430 us
[47.300s][info][gc,stats    ]   Unlink Stale                     9581 us
[47.300s][info][gc,stats    ]     System Dictionary                66 us
[47.300s][info][gc,stats    ]     Weak Class Links                  0 us
[47.300s][info][gc,stats    ]     Code Roots                     9513 us
[47.300s][info][gc,stats    ]   Rendezvous                        217 us
[47.300s][info][gc,stats    ]   Purge Unlinked                    550 us
[47.300s][info][gc,stats    ]     Code Roots                      539 us
[47.300s][info][gc,stats    ]     CLDG                             10 us
[47.300s][info][gc,stats    ]     Exception Caches                  0 us
[47.300s][info][gc,stats    ] Pause Final Roots (G)               213 us
[47.300s][info][gc,stats    ] Pause Final Roots (N)                71 us
[47.300s][info][gc,stats    ] Pacing                            71200 us
[47.300s][info][gc,stats    ] 
[47.300s][info][gc,stats    ] Allocation pacing accrued:
[47.300s][info][gc,stats    ]      35 of   165 ms ( 21.2%): Executor task launch worker for task 0.0 in stage 73.0 (TID 121)
[47.300s][info][gc,stats    ]      36 of   165 ms ( 22.0%): Executor task launch worker for task 1.0 in stage 73.0 (TID 122)
[47.300s][info][gc,stats    ]      71 of   165 ms ( 43.1%): <total>
[47.300s][info][gc,stats    ]       0 of   165 ms (  0.2%): <average total>
[47.300s][info][gc,stats    ]      36 of   165 ms ( 21.6%): <average non-zero>
[47.300s][info][gc,stats    ] 
[47.300s][info][gc,metaspace] Metaspace: 65759K(66432K)->65759K(66432K) NonClass: 57470K(57856K)->57470K(57856K) Class: 8288K(8576K)->8288K(8576K)
[47.300s][info][gc,ergo     ] Pacer for Idle. Initial: 41943K, Alloc Tax Rate: 1.0x
[47.316s][info][gc          ] Trigger: Learning 4 of 5. Free (1312M) is below initial threshold (1433M)
[47.317s][info][gc,ergo     ] Free: 1312M, Max: 1024K regular, 493M humongous, Frag: 63% external, 0% internal; Reserve: 103M, Max: 1024K
[47.317s][info][gc,start    ] GC(120) Concurrent reset
[47.317s][info][gc,task     ] GC(120) Using 1 of 3 workers for concurrent reset
[47.317s][info][gc,ergo     ] GC(120) Pacer for Reset. Non-Taxable: 2048M
[47.318s][info][gc          ] GC(120) Concurrent reset 1.241ms
[47.318s][info][gc,start    ] GC(120) Pause Init Mark (unload classes)
[47.318s][info][gc,task     ] GC(120) Using 3 of 3 workers for init marking
[47.318s][info][gc,ergo     ] GC(120) Pacer for Mark. Expected Live: 171M, Free: 1312M, Non-Taxable: 131M, Alloc Tax Rate: 0.2x
[47.318s][info][gc          ] GC(120) Pause Init Mark (unload classes) 0.163ms
[47.318s][info][gc,start    ] GC(120) Concurrent marking roots
[47.318s][info][gc,task     ] GC(120) Using 1 of 3 workers for concurrent marking roots
[47.328s][info][gc          ] GC(120) Concurrent marking roots 9.591ms
[47.328s][info][gc,start    ] GC(120) Concurrent marking (unload classes)
[47.328s][info][gc,task     ] GC(120) Using 1 of 3 workers for concurrent marking
[47.458s][info][gc          ] GC(120) Concurrent marking (unload classes) 130.278ms
[47.459s][info][gc,start    ] GC(120) Pause Final Mark (unload classes)
[47.459s][info][gc,task     ] GC(120) Using 3 of 3 workers for final marking
[47.459s][info][gc,ergo     ] GC(120) Collectable Garbage: 440M (96%), Immediate: 440M (96%), CSet: 0B (0%)
[47.459s][info][gc          ] GC(120) Pause Final Mark (unload classes) 0.195ms
[47.459s][info][gc,start    ] GC(120) Concurrent weak references
[47.459s][info][gc,task     ] GC(120) Using 1 of 3 workers for concurrent weak references
[47.459s][info][gc,ref      ] GC(120) Encountered references: Soft: 2909, Weak: 5834, Final: 51, Phantom: 579
[47.459s][info][gc,ref      ] GC(120) Discovered  references: Soft: 0, Weak: 488, Final: 0, Phantom: 337
[47.459s][info][gc,ref      ] GC(120) Enqueued    references: Soft: 0, Weak: 0, Final: 0, Phantom: 0
[47.459s][info][gc          ] GC(120) Concurrent weak references 0.157ms
[47.459s][info][gc,start    ] GC(120) Concurrent weak roots
[47.459s][info][gc,task     ] GC(120) Using 1 of 3 workers for concurrent weak root
[47.462s][info][gc          ] GC(120) Concurrent weak roots 3.165ms
[47.462s][info][gc,start    ] GC(120) Concurrent cleanup
[47.462s][info][gc          ] GC(120) Concurrent cleanup 1003M->562M(2048M) 0.049ms
[47.462s][info][gc,ergo     ] GC(120) Free: 1375M, Max: 1024K regular, 409M humongous, Frag: 70% external, 0% internal; Reserve: 103M, Max: 1024K
[47.462s][info][gc,start    ] GC(120) Concurrent class unloading
[47.462s][info][gc,task     ] GC(120) Using 1 of 3 workers for concurrent class unloading
[47.471s][info][gc          ] GC(120) Concurrent class unloading 8.920ms
[47.471s][info][gc,start    ] GC(120) Pause Final Roots
[47.471s][info][gc          ] GC(120) Pause Final Roots 0.075ms
[47.472s][info][gc,ergo     ] Free: 1375M, Max: 1024K regular, 409M humongous, Frag: 70% external, 0% internal; Reserve: 103M, Max: 1024K
[47.472s][info][gc,stats    ] 
[47.472s][info][gc,stats    ] All times are wall-clock times, except per-root-class counters, that are sum over
[47.472s][info][gc,stats    ] all workers. Dividing the <total> over the root stage time estimates parallelism.
[47.472s][info][gc,stats    ] 
[47.472s][info][gc,stats    ] Concurrent Reset                   1302 us
[47.472s][info][gc,stats    ] Pause Init Mark (G)                 301 us
[47.472s][info][gc,stats    ] Pause Init Mark (N)                 172 us
[47.472s][info][gc,stats    ]   Update Region States               51 us
[47.472s][info][gc,stats    ] Concurrent Mark Roots              9634 us, parallelism: 0.96x
[47.472s][info][gc,stats    ]   CMR: <total>                     9241 us
[47.472s][info][gc,stats    ]   CMR: Thread Roots                9160 us, workers (us): 9160, ---, ---, 
[47.472s][info][gc,stats    ]   CMR: VM Strong Roots               12 us, workers (us):  12, ---, ---, 
[47.472s][info][gc,stats    ]   CMR: CLDG Roots                    69 us, workers (us):  69, ---, ---, 
[47.472s][info][gc,stats    ] Concurrent Marking               130335 us
[47.472s][info][gc,stats    ] Pause Final Mark (G)                526 us
[47.472s][info][gc,stats    ] Pause Final Mark (N)                204 us
[47.472s][info][gc,stats    ]   Finish Mark                        67 us
[47.472s][info][gc,stats    ]   Update Region States               36 us
[47.472s][info][gc,stats    ]   Choose Collection Set              33 us
[47.472s][info][gc,stats    ]   Rebuild Free Set                    8 us
[47.472s][info][gc,stats    ] Concurrent Weak References          165 us, parallelism: 0.38x
[47.472s][info][gc,stats    ]   CWRF: <total>                      62 us
[47.472s][info][gc,stats    ]   CWRF: Weak References              62 us, workers (us):  62, ---, ---, 
[47.472s][info][gc,stats    ] Concurrent Weak Roots              3235 us
[47.472s][info][gc,stats    ]   Roots                            2959 us, parallelism: 0.97x
[47.472s][info][gc,stats    ]     CWR: <total>                   2874 us
[47.472s][info][gc,stats    ]     CWR: Code Cache Roots          2519 us, workers (us): 2519, ---, ---, 
[47.472s][info][gc,stats    ]     CWR: VM Weak Roots              312 us, workers (us): 312, ---, ---, 
[47.472s][info][gc,stats    ]     CWR: CLDG Roots                  43 us, workers (us):  43, ---, ---, 
[47.472s][info][gc,stats    ]   Rendezvous                        186 us
[47.472s][info][gc,stats    ] Concurrent Cleanup                   58 us
[47.472s][info][gc,stats    ] Concurrent Class Unloading         8984 us
[47.472s][info][gc,stats    ]   Unlink Stale                     8110 us
[47.472s][info][gc,stats    ]     System Dictionary                53 us
[47.472s][info][gc,stats    ]     Weak Class Links                  0 us
[47.472s][info][gc,stats    ]     Code Roots                     8055 us
[47.472s][info][gc,stats    ]   Rendezvous                        166 us
[47.472s][info][gc,stats    ]   Purge Unlinked                    621 us
[47.472s][info][gc,stats    ]     Code Roots                      611 us
[47.472s][info][gc,stats    ]     CLDG                              9 us
[47.472s][info][gc,stats    ]     Exception Caches                  0 us
[47.472s][info][gc,stats    ] Pause Final Roots (G)               206 us
[47.472s][info][gc,stats    ] Pause Final Roots (N)               103 us
[47.472s][info][gc,stats    ] Pacing                            42413 us
[47.472s][info][gc,stats    ] 
[47.472s][info][gc,stats    ] Allocation pacing accrued:
[47.472s][info][gc,stats    ]      21 of   172 ms ( 12.3%): Executor task launch worker for task 1.0 in stage 74.0 (TID 124)
[47.472s][info][gc,stats    ]      21 of   172 ms ( 12.3%): Executor task launch worker for task 0.0 in stage 74.0 (TID 123)
[47.472s][info][gc,stats    ]      42 of   172 ms ( 24.6%): <total>
[47.472s][info][gc,stats    ]       0 of   172 ms (  0.1%): <average total>
[47.472s][info][gc,stats    ]      21 of   172 ms ( 12.3%): <average non-zero>
[47.472s][info][gc,stats    ] 
[47.472s][info][gc,metaspace] Metaspace: 65759K(66432K)->65819K(66560K) NonClass: 57470K(57856K)->57527K(57920K) Class: 8288K(8576K)->8291K(8640K)
[47.472s][info][gc,ergo     ] Pacer for Idle. Initial: 41943K, Alloc Tax Rate: 1.0x
[47.488s][info][gc          ] Trigger: Explicit GC request (System.gc())
[47.488s][info][gc,ergo     ] Free: 1375M, Max: 1024K regular, 409M humongous, Frag: 70% external, 0% internal; Reserve: 103M, Max: 1024K
[47.489s][info][gc,start    ] GC(121) Concurrent reset
[47.489s][info][gc,task     ] GC(121) Using 1 of 3 workers for concurrent reset
[47.489s][info][gc,ergo     ] GC(121) Pacer for Reset. Non-Taxable: 2048M
[47.490s][info][gc          ] GC(121) Concurrent reset 1.416ms
[47.490s][info][gc,start    ] GC(121) Pause Init Mark (unload classes)
[47.490s][info][gc,task     ] GC(121) Using 3 of 3 workers for init marking
[47.490s][info][gc,ref      ] GC(121) Clearing All SoftReferences
[47.490s][info][gc,ergo     ] GC(121) Pacer for Mark. Expected Live: 171M, Free: 1375M, Non-Taxable: 137M, Alloc Tax Rate: 0.2x
[47.490s][info][gc          ] GC(121) Pause Init Mark (unload classes) 0.189ms
[47.490s][info][gc,start    ] GC(121) Concurrent marking roots
[47.490s][info][gc,task     ] GC(121) Using 1 of 3 workers for concurrent marking roots
[47.500s][info][gc          ] GC(121) Concurrent marking roots 9.394ms
[47.500s][info][gc,start    ] GC(121) Concurrent marking (unload classes)
[47.500s][info][gc,task     ] GC(121) Using 1 of 3 workers for concurrent marking
[47.627s][info][gc          ] GC(121) Concurrent marking (unload classes) 127.079ms
[47.627s][info][gc,start    ] GC(121) Pause Final Mark (unload classes)
[47.627s][info][gc,task     ] GC(121) Using 3 of 3 workers for final marking
[47.627s][info][gc,ergo     ] GC(121) Collectable Garbage: 362M (92%), Immediate: 362M (92%), CSet: 0B (0%)
[47.627s][info][gc          ] GC(121) Pause Final Mark (unload classes) 0.414ms
[47.628s][info][gc,start    ] GC(121) Concurrent weak references
[47.628s][info][gc,task     ] GC(121) Using 1 of 3 workers for concurrent weak references
[47.628s][info][gc,ref      ] GC(121) Encountered references: Soft: 2824, Weak: 5846, Final: 51, Phantom: 579
[47.628s][info][gc,ref      ] GC(121) Discovered  references: Soft: 658, Weak: 953, Final: 0, Phantom: 337
[47.628s][info][gc,ref      ] GC(121) Enqueued    references: Soft: 296, Weak: 161, Final: 0, Phantom: 0
[47.628s][info][gc          ] GC(121) Concurrent weak references 0.485ms
[47.628s][info][gc,start    ] GC(121) Concurrent weak roots
[47.628s][info][gc,task     ] GC(121) Using 1 of 3 workers for concurrent weak root
[47.631s][info][gc          ] GC(121) Concurrent weak roots 2.724ms
[47.631s][info][gc,start    ] GC(121) Concurrent cleanup
[47.631s][info][gc          ] GC(121) Concurrent cleanup 570M->207M(2048M) 0.055ms
[47.631s][info][gc,ergo     ] GC(121) Free: 1735M, Max: 1024K regular, 859M humongous, Frag: 51% external, 0% internal; Reserve: 103M, Max: 1024K
[47.631s][info][gc,start    ] GC(121) Concurrent class unloading
[47.631s][info][gc,task     ] GC(121) Using 1 of 3 workers for concurrent class unloading
[47.649s][info][gc          ] GC(121) Concurrent class unloading 18.329ms
[47.649s][info][gc,start    ] GC(121) Pause Final Roots
[47.649s][info][gc          ] GC(121) Pause Final Roots 0.039ms
[47.649s][info][gc,ergo     ] Free: 1729M, Max: 1024K regular, 859M humongous, Frag: 50% external, 0% internal; Reserve: 103M, Max: 1024K
[47.649s][info][gc,stats    ] 
[47.649s][info][gc,stats    ] All times are wall-clock times, except per-root-class counters, that are sum over
[47.649s][info][gc,stats    ] all workers. Dividing the <total> over the root stage time estimates parallelism.
[47.649s][info][gc,stats    ] 
[47.649s][info][gc,stats    ] Concurrent Reset                   1502 us
[47.650s][info][gc,stats    ] Pause Init Mark (G)                 334 us
[47.650s][info][gc,stats    ] Pause Init Mark (N)                 199 us
[47.650s][info][gc,stats    ]   Update Region States               62 us
[47.650s][info][gc,stats    ] Concurrent Mark Roots              9448 us, parallelism: 0.95x
[47.650s][info][gc,stats    ]   CMR: <total>                     8931 us
[47.650s][info][gc,stats    ]   CMR: Thread Roots                8807 us, workers (us): 8807, ---, ---, 
[47.650s][info][gc,stats    ]   CMR: VM Strong Roots               20 us, workers (us):  20, ---, ---, 
[47.650s][info][gc,stats    ]   CMR: CLDG Roots                   104 us, workers (us): 104, ---, ---, 
[47.650s][info][gc,stats    ] Concurrent Marking               127148 us
[47.650s][info][gc,stats    ] Pause Final Mark (G)                510 us
[47.650s][info][gc,stats    ] Pause Final Mark (N)                422 us
[47.650s][info][gc,stats    ]   Finish Mark                       257 us
[47.650s][info][gc,stats    ]   Update Region States               44 us
[47.650s][info][gc,stats    ]   Choose Collection Set              36 us
[47.650s][info][gc,stats    ]   Rebuild Free Set                    8 us
[47.650s][info][gc,stats    ] Concurrent Weak References          492 us, parallelism: 0.45x
[47.650s][info][gc,stats    ]   CWRF: <total>                     222 us
[47.650s][info][gc,stats    ]   CWRF: Weak References             222 us, workers (us): 222, ---, ---, 
[47.650s][info][gc,stats    ] Concurrent Weak Roots              2774 us
[47.650s][info][gc,stats    ]   Roots                            2532 us, parallelism: 0.98x
[47.650s][info][gc,stats    ]     CWR: <total>                   2487 us
[47.650s][info][gc,stats    ]     CWR: Code Cache Roots          2125 us, workers (us): 2125, ---, ---, 
[47.650s][info][gc,stats    ]     CWR: VM Weak Roots              319 us, workers (us): 319, ---, ---, 
[47.650s][info][gc,stats    ]     CWR: CLDG Roots                  43 us, workers (us):  43, ---, ---, 
[47.650s][info][gc,stats    ]   Rendezvous                        175 us
[47.650s][info][gc,stats    ] Concurrent Cleanup                   64 us
[47.650s][info][gc,stats    ] Concurrent Class Unloading        18374 us
[47.650s][info][gc,stats    ]   Unlink Stale                    17028 us
[47.650s][info][gc,stats    ]     System Dictionary               675 us
[47.650s][info][gc,stats    ]     Weak Class Links               5905 us
[47.650s][info][gc,stats    ]     Code Roots                    10446 us
[47.650s][info][gc,stats    ]   Rendezvous                        211 us
[47.650s][info][gc,stats    ]   Purge Unlinked                   1069 us
[47.650s][info][gc,stats    ]     Code Roots                      703 us
[47.650s][info][gc,stats    ]     CLDG                            365 us
[47.650s][info][gc,stats    ]     Exception Caches                  0 us
[47.650s][info][gc,stats    ] Pause Final Roots (G)                98 us
[47.650s][info][gc,stats    ] Pause Final Roots (N)                49 us
[47.650s][info][gc,stats    ] 
[47.650s][info][gc,stats    ] Allocation pacing accrued:
[47.650s][info][gc,stats    ]       0 of   178 ms (  0.0%): <total>
[47.650s][info][gc,stats    ]       0 of   178 ms (  0.0%): <average total>
[47.650s][info][gc,stats    ] 
[47.650s][info][gc,metaspace] Metaspace: 65819K(66560K)->65497K(66496K) NonClass: 57527K(57920K)->57259K(57920K) Class: 8291K(8640K)->8237K(8576K)
[47.650s][info][gc,ergo     ] Pacer for Idle. Initial: 41943K, Alloc Tax Rate: 1.0x
[47.812s][info][gc          ] Trigger: Learning 2 of 5. Free (1391M) is below initial threshold (1433M)
[47.812s][info][gc,ergo     ] Free: 1391M, Max: 1024K regular, 859M humongous, Frag: 38% external, 0% internal; Reserve: 103M, Max: 1024K
[47.812s][info][gc,start    ] GC(122) Concurrent reset
[47.812s][info][gc,task     ] GC(122) Using 1 of 3 workers for concurrent reset
[47.812s][info][gc,ergo     ] GC(122) Pacer for Reset. Non-Taxable: 2048M
[47.813s][info][gc          ] GC(122) Concurrent reset 0.929ms
[47.813s][info][gc,start    ] GC(122) Pause Init Mark (unload classes)
[47.813s][info][gc,task     ] GC(122) Using 3 of 3 workers for init marking
[47.813s][info][gc,ergo     ] GC(122) Pacer for Mark. Expected Live: 170M, Free: 1391M, Non-Taxable: 139M, Alloc Tax Rate: 0.2x
[47.813s][info][gc          ] GC(122) Pause Init Mark (unload classes) 0.193ms
[47.813s][info][gc,start    ] GC(122) Concurrent marking roots
[47.813s][info][gc,task     ] GC(122) Using 1 of 3 workers for concurrent marking roots
[47.823s][info][gc          ] GC(122) Concurrent marking roots 9.712ms
[47.823s][info][gc,start    ] GC(122) Concurrent marking (unload classes)
[47.823s][info][gc,task     ] GC(122) Using 1 of 3 workers for concurrent marking
[47.955s][info][gc          ] GC(122) Concurrent marking (unload classes) 131.896ms
[47.955s][info][gc,start    ] GC(122) Pause Final Mark (unload classes)
[47.955s][info][gc,task     ] GC(122) Using 3 of 3 workers for final marking
[47.955s][info][gc,ergo     ] GC(122) Adaptive CSet Selection. Target Free: 290M, Actual Free: 1372M, Max CSet: 87381K, Min Garbage: 0B
[47.955s][info][gc,ergo     ] GC(122) Collectable Garbage: 373M (98%), Immediate: 313M (82%), CSet: 61737K (15%)
[47.955s][info][gc,ergo     ] GC(122) Pacer for Evacuation. Used CSet: 64344K, Free: 1284M, Non-Taxable: 128M, Alloc Tax Rate: 1.1x
[47.955s][info][gc          ] GC(122) Pause Final Mark (unload classes) 0.269ms
[47.955s][info][gc,start    ] GC(122) Concurrent thread roots
[47.955s][info][gc,task     ] GC(122) Using 1 of 3 workers for Concurrent thread roots
[47.965s][info][gc          ] GC(122) Concurrent thread roots 9.836ms
[47.965s][info][gc,start    ] GC(122) Concurrent weak references
[47.965s][info][gc,task     ] GC(122) Using 1 of 3 workers for concurrent weak references
[47.965s][info][gc,ref      ] GC(122) Encountered references: Soft: 2909, Weak: 5945, Final: 51, Phantom: 579
[47.966s][info][gc,ref      ] GC(122) Discovered  references: Soft: 0, Weak: 866, Final: 0, Phantom: 260
[47.966s][info][gc,ref      ] GC(122) Enqueued    references: Soft: 0, Weak: 93, Final: 0, Phantom: 0
[47.966s][info][gc          ] GC(122) Concurrent weak references 0.319ms
[47.966s][info][gc,start    ] GC(122) Concurrent weak roots
[47.966s][info][gc,task     ] GC(122) Using 1 of 3 workers for concurrent weak root
[47.969s][info][gc          ] GC(122) Concurrent weak roots 3.739ms
[47.969s][info][gc,start    ] GC(122) Concurrent cleanup
[47.969s][info][gc          ] GC(122) Concurrent cleanup 1016M->704M(2048M) 0.047ms
[47.969s][info][gc,ergo     ] GC(122) Free: 1239M, Max: 1024K regular, 859M humongous, Frag: 30% external, 0% internal; Reserve: 102M, Max: 1024K
[47.969s][info][gc,start    ] GC(122) Concurrent class unloading
[47.969s][info][gc,task     ] GC(122) Using 1 of 3 workers for concurrent class unloading
[47.988s][info][gc          ] GC(122) Concurrent class unloading 18.893ms
[47.988s][info][gc,start    ] GC(122) Concurrent strong roots
[47.988s][info][gc,task     ] GC(122) Using 1 of 3 workers for concurrent strong root
[47.989s][info][gc          ] GC(122) Concurrent strong roots 0.534ms
[47.989s][info][gc,start    ] GC(122) Concurrent evacuation
[47.989s][info][gc,task     ] GC(122) Using 1 of 3 workers for concurrent evacuation
[47.991s][info][gc          ] GC(122) Concurrent evacuation 2.201ms
[47.991s][info][gc,start    ] GC(122) Pause Init Update Refs
[47.991s][info][gc,ergo     ] GC(122) Pacer for Update Refs. Used: 767M, Free: 1178M, Non-Taxable: 117M, Alloc Tax Rate: 1.1x
[47.991s][info][gc          ] GC(122) Pause Init Update Refs 0.060ms
[47.991s][info][gc,start    ] GC(122) Concurrent update references
[47.992s][info][gc,task     ] GC(122) Using 1 of 3 workers for concurrent reference update
[48.169s][info][gc          ] GC(122) Concurrent update references 177.075ms
[48.169s][info][gc,start    ] GC(122) Concurrent update thread roots
[48.178s][info][gc          ] GC(122) Concurrent update thread roots 9.376ms
[48.178s][info][gc,start    ] GC(122) Pause Final Update Refs
[48.178s][info][gc,task     ] GC(122) Using 3 of 3 workers for final reference update
[48.178s][info][gc          ] GC(122) Pause Final Update Refs 0.144ms
[48.178s][info][gc,start    ] GC(122) Concurrent cleanup
[48.178s][info][gc          ] GC(122) Concurrent cleanup 1279M->1218M(2048M) 0.064ms
[48.178s][info][gc,ergo     ] Free: 725M, Max: 1024K regular, 653M humongous, Frag: 9% external, 0% internal; Reserve: 103M, Max: 1024K
[48.178s][info][gc,stats    ] 
[48.178s][info][gc,stats    ] All times are wall-clock times, except per-root-class counters, that are sum over
[48.178s][info][gc,stats    ] all workers. Dividing the <total> over the root stage time estimates parallelism.
[48.179s][info][gc,stats    ] 
[48.179s][info][gc,stats    ] Concurrent Reset                    959 us
[48.179s][info][gc,stats    ] Pause Init Mark (G)                 340 us
[48.179s][info][gc,stats    ] Pause Init Mark (N)                 205 us
[48.179s][info][gc,stats    ]   Update Region States               71 us
[48.179s][info][gc,stats    ] Concurrent Mark Roots              9763 us, parallelism: 0.98x
[48.179s][info][gc,stats    ]   CMR: <total>                     9573 us
[48.179s][info][gc,stats    ]   CMR: Thread Roots                9430 us, workers (us): 9430, ---, ---, 
[48.179s][info][gc,stats    ]   CMR: VM Strong Roots               20 us, workers (us):  20, ---, ---, 
[48.179s][info][gc,stats    ]   CMR: CLDG Roots                   124 us, workers (us): 124, ---, ---, 
[48.179s][info][gc,stats    ] Concurrent Marking               131956 us
[48.179s][info][gc,stats    ] Pause Final Mark (G)                365 us
[48.179s][info][gc,stats    ] Pause Final Mark (N)                277 us
[48.179s][info][gc,stats    ]   Finish Mark                        80 us
[48.179s][info][gc,stats    ]   Update Region States               37 us
[48.179s][info][gc,stats    ]   Choose Collection Set              70 us
[48.179s][info][gc,stats    ]   Rebuild Free Set                    8 us
[48.179s][info][gc,stats    ] Concurrent Thread Roots            9890 us, parallelism: 0.99x
[48.179s][info][gc,stats    ]   CTR: <total>                     9742 us
[48.179s][info][gc,stats    ]   CTR: Thread Roots                9742 us, workers (us): 9742, ---, ---, 
[48.179s][info][gc,stats    ] Concurrent Weak References          336 us, parallelism: 0.41x
[48.179s][info][gc,stats    ]   CWRF: <total>                     138 us
[48.179s][info][gc,stats    ]   CWRF: Weak References             138 us, workers (us): 138, ---, ---, 
[48.179s][info][gc,stats    ] Concurrent Weak Roots              3785 us
[48.179s][info][gc,stats    ]   Roots                            3517 us, parallelism: 0.99x
[48.179s][info][gc,stats    ]     CWR: <total>                   3466 us
[48.179s][info][gc,stats    ]     CWR: Code Cache Roots          2714 us, workers (us): 2714, ---, ---, 
[48.179s][info][gc,stats    ]     CWR: VM Weak Roots              687 us, workers (us): 687, ---, ---, 
[48.179s][info][gc,stats    ]     CWR: CLDG Roots                  65 us, workers (us):  65, ---, ---, 
[48.179s][info][gc,stats    ]   Rendezvous                        187 us
[48.179s][info][gc,stats    ] Concurrent Cleanup                   56 us
[48.179s][info][gc,stats    ] Concurrent Class Unloading        18949 us
[48.179s][info][gc,stats    ]   Unlink Stale                    17920 us
[48.179s][info][gc,stats    ]     System Dictionary               196 us
[48.179s][info][gc,stats    ]     Weak Class Links               7496 us
[48.179s][info][gc,stats    ]     Code Roots                    10225 us
[48.179s][info][gc,stats    ]   Rendezvous                        231 us
[48.179s][info][gc,stats    ]   Purge Unlinked                    722 us
[48.179s][info][gc,stats    ]     Code Roots                      699 us
[48.179s][info][gc,stats    ]     CLDG                             23 us
[48.179s][info][gc,stats    ]     Exception Caches                  0 us
[48.179s][info][gc,stats    ] Concurrent Strong Roots             583 us, parallelism: 0.67x
[48.179s][info][gc,stats    ]   CSR: <total>                      393 us
[48.179s][info][gc,stats    ]   CSR: VM Strong Roots               19 us, workers (us):  19, ---, ---, 
[48.179s][info][gc,stats    ]   CSR: CLDG Roots                   375 us, workers (us): 375, ---, ---, 
[48.179s][info][gc,stats    ] Concurrent Evacuation              2276 us
[48.179s][info][gc,stats    ] Pause Init Update Refs (G)          218 us
[48.179s][info][gc,stats    ] Pause Init Update Refs (N)           69 us
[48.179s][info][gc,stats    ]   Manage GCLABs                      11 us
[48.179s][info][gc,stats    ] Concurrent Update Refs           177151 us
[48.179s][info][gc,stats    ] Concurrent Update Thread Roots     9411 us
[48.179s][info][gc,stats    ] Pause Final Update Refs (G)         275 us
[48.179s][info][gc,stats    ] Pause Final Update Refs (N)         162 us
[48.179s][info][gc,stats    ]   Update Region States               70 us
[48.179s][info][gc,stats    ]   Trash Collection Set                4 us
[48.179s][info][gc,stats    ]   Rebuild Free Set                   13 us
[48.179s][info][gc,stats    ] Concurrent Cleanup                   84 us
[48.179s][info][gc,stats    ] Pacing                            51583 us
[48.179s][info][gc,stats    ] 
[48.179s][info][gc,stats    ] Allocation pacing accrued:
[48.179s][info][gc,stats    ]      17 of   529 ms (  3.3%): Executor task launch worker for task 1.0 in stage 76.0 (TID 127)
[48.179s][info][gc,stats    ]      34 of   529 ms (  6.4%): Executor task launch worker for task 0.0 in stage 76.0 (TID 126)
[48.179s][info][gc,stats    ]      52 of   529 ms (  9.7%): <total>
[48.179s][info][gc,stats    ]       0 of   529 ms (  0.0%): <average total>
[48.179s][info][gc,stats    ]      26 of   529 ms (  4.9%): <average non-zero>
[48.179s][info][gc,stats    ] 
[48.179s][info][gc,metaspace] Metaspace: 65838K(66496K)->65837K(66496K) NonClass: 57549K(57920K)->57548K(57920K) Class: 8289K(8576K)->8288K(8576K)
[48.179s][info][gc,ergo     ] Pacer for Idle. Initial: 41943K, Alloc Tax Rate: 1.0x
[48.194s][info][gc          ] Trigger: Learning 3 of 5. Free (681M) is below initial threshold (1433M)
[48.194s][info][gc,ergo     ] Free: 681M, Max: 1024K regular, 653M humongous, Frag: 3% external, 0% internal; Reserve: 103M, Max: 1024K
[48.194s][info][gc,start    ] GC(123) Concurrent reset
[48.194s][info][gc,task     ] GC(123) Using 1 of 3 workers for concurrent reset
[48.194s][info][gc,ergo     ] GC(123) Pacer for Reset. Non-Taxable: 2048M
[48.195s][info][gc          ] GC(123) Concurrent reset 1.435ms
[48.195s][info][gc,start    ] GC(123) Pause Init Mark (unload classes)
[48.195s][info][gc,task     ] GC(123) Using 3 of 3 workers for init marking
[48.195s][info][gc,ergo     ] GC(123) Pacer for Mark. Expected Live: 171M, Free: 681M, Non-Taxable: 69812K, Alloc Tax Rate: 0.3x
[48.195s][info][gc          ] GC(123) Pause Init Mark (unload classes) 0.158ms
[48.195s][info][gc,start    ] GC(123) Concurrent marking roots
[48.195s][info][gc,task     ] GC(123) Using 1 of 3 workers for concurrent marking roots
[48.205s][info][gc          ] GC(123) Concurrent marking roots 9.395ms
[48.205s][info][gc,start    ] GC(123) Concurrent marking (unload classes)
[48.205s][info][gc,task     ] GC(123) Using 1 of 3 workers for concurrent marking
[48.333s][info][gc          ] GC(123) Concurrent marking (unload classes) 128.344ms
[48.333s][info][gc,start    ] GC(123) Pause Final Mark (unload classes)
[48.333s][info][gc,task     ] GC(123) Using 3 of 3 workers for final marking
[48.334s][info][gc,ergo     ] GC(123) Collectable Garbage: 1070M (98%), Immediate: 1070M (98%), CSet: 0B (0%)
[48.334s][info][gc          ] GC(123) Pause Final Mark (unload classes) 0.262ms
[48.334s][info][gc,start    ] GC(123) Concurrent weak references
[48.334s][info][gc,task     ] GC(123) Using 1 of 3 workers for concurrent weak references
[48.334s][info][gc,ref      ] GC(123) Encountered references: Soft: 2909, Weak: 5853, Final: 51, Phantom: 579
[48.334s][info][gc,ref      ] GC(123) Discovered  references: Soft: 0, Weak: 793, Final: 0, Phantom: 337
[48.334s][info][gc,ref      ] GC(123) Enqueued    references: Soft: 0, Weak: 16, Final: 0, Phantom: 0
[48.334s][info][gc          ] GC(123) Concurrent weak references 0.214ms
[48.334s][info][gc,start    ] GC(123) Concurrent weak roots
[48.334s][info][gc,task     ] GC(123) Using 1 of 3 workers for concurrent weak root
[48.337s][info][gc          ] GC(123) Concurrent weak roots 3.102ms
[48.337s][info][gc,start    ] GC(123) Concurrent cleanup
[48.337s][info][gc          ] GC(123) Concurrent cleanup 1635M->566M(2048M) 0.082ms
[48.337s][info][gc,ergo     ] GC(123) Free: 1376M, Max: 1024K regular, 343M humongous, Frag: 75% external, 0% internal; Reserve: 103M, Max: 1024K
[48.337s][info][gc,start    ] GC(123) Concurrent class unloading
[48.337s][info][gc,task     ] GC(123) Using 1 of 3 workers for concurrent class unloading
[48.348s][info][gc          ] GC(123) Concurrent class unloading 10.716ms
[48.348s][info][gc,start    ] GC(123) Pause Final Roots
[48.348s][info][gc          ] GC(123) Pause Final Roots 0.048ms
[48.348s][info][gc,ergo     ] Free: 1339M, Max: 1024K regular, 343M humongous, Frag: 75% external, 0% internal; Reserve: 103M, Max: 1024K
[48.348s][info][gc,stats    ] 
[48.348s][info][gc,stats    ] All times are wall-clock times, except per-root-class counters, that are sum over
[48.348s][info][gc,stats    ] all workers. Dividing the <total> over the root stage time estimates parallelism.
[48.348s][info][gc,stats    ] 
[48.348s][info][gc,stats    ] Concurrent Reset                   1479 us
[48.348s][info][gc,stats    ] Pause Init Mark (G)                 281 us
[48.348s][info][gc,stats    ] Pause Init Mark (N)                 167 us
[48.348s][info][gc,stats    ]   Update Region States               69 us
[48.348s][info][gc,stats    ] Concurrent Mark Roots              9444 us, parallelism: 0.97x
[48.348s][info][gc,stats    ]   CMR: <total>                     9186 us
[48.348s][info][gc,stats    ]   CMR: Thread Roots                9068 us, workers (us): 9068, ---, ---, 
[48.348s][info][gc,stats    ]   CMR: VM Strong Roots               16 us, workers (us):  16, ---, ---, 
[48.348s][info][gc,stats    ]   CMR: CLDG Roots                   103 us, workers (us): 103, ---, ---, 
[48.348s][info][gc,stats    ] Concurrent Marking               128418 us
[48.348s][info][gc,stats    ] Pause Final Mark (G)                368 us
[48.348s][info][gc,stats    ] Pause Final Mark (N)                281 us
[48.348s][info][gc,stats    ]   Finish Mark                        60 us
[48.348s][info][gc,stats    ]   Update Region States               39 us
[48.348s][info][gc,stats    ]   Choose Collection Set              60 us
[48.348s][info][gc,stats    ]   Rebuild Free Set                   16 us
[48.348s][info][gc,stats    ] Concurrent Weak References          222 us, parallelism: 0.39x
[48.348s][info][gc,stats    ]   CWRF: <total>                      86 us
[48.348s][info][gc,stats    ]   CWRF: Weak References              86 us, workers (us):  86, ---, ---, 
[48.348s][info][gc,stats    ] Concurrent Weak Roots              3147 us
[48.348s][info][gc,stats    ]   Roots                            2866 us, parallelism: 0.98x
[48.348s][info][gc,stats    ]     CWR: <total>                   2813 us
[48.348s][info][gc,stats    ]     CWR: Code Cache Roots          2311 us, workers (us): 2311, ---, ---, 
[48.348s][info][gc,stats    ]     CWR: VM Weak Roots              464 us, workers (us): 464, ---, ---, 
[48.348s][info][gc,stats    ]     CWR: CLDG Roots                  38 us, workers (us):  38, ---, ---, 
[48.348s][info][gc,stats    ]   Rendezvous                        219 us
[48.348s][info][gc,stats    ] Concurrent Cleanup                   90 us
[48.348s][info][gc,stats    ] Concurrent Class Unloading        10774 us
[48.348s][info][gc,stats    ]   Unlink Stale                     9881 us
[48.348s][info][gc,stats    ]     System Dictionary                49 us
[48.348s][info][gc,stats    ]     Weak Class Links                  0 us
[48.348s][info][gc,stats    ]     Code Roots                     9831 us
[48.348s][info][gc,stats    ]   Rendezvous                        307 us
[48.348s][info][gc,stats    ]   Purge Unlinked                    509 us
[48.348s][info][gc,stats    ]     Code Roots                      500 us
[48.348s][info][gc,stats    ]     CLDG                              8 us
[48.348s][info][gc,stats    ]     Exception Caches                  0 us
[48.348s][info][gc,stats    ] Pause Final Roots (G)               151 us
[48.348s][info][gc,stats    ] Pause Final Roots (N)                57 us
[48.348s][info][gc,stats    ] Pacing                            68805 us
[48.348s][info][gc,stats    ] 
[48.349s][info][gc,stats    ] Allocation pacing accrued:
[48.349s][info][gc,stats    ]      35 of   169 ms ( 20.5%): Executor task launch worker for task 1.0 in stage 76.0 (TID 127)
[48.349s][info][gc,stats    ]      34 of   169 ms ( 20.1%): Executor task launch worker for task 0.0 in stage 76.0 (TID 126)
[48.349s][info][gc,stats    ]      69 of   169 ms ( 40.6%): <total>
[48.349s][info][gc,stats    ]       0 of   169 ms (  0.2%): <average total>
[48.349s][info][gc,stats    ]      34 of   169 ms ( 20.3%): <average non-zero>
[48.349s][info][gc,stats    ] 
[48.349s][info][gc,metaspace] Metaspace: 65837K(66496K)->65837K(66496K) NonClass: 57548K(57920K)->57548K(57920K) Class: 8288K(8576K)->8288K(8576K)
[48.349s][info][gc,ergo     ] Pacer for Idle. Initial: 41943K, Alloc Tax Rate: 1.0x
[48.351s][info][gc          ] Trigger: Learning 4 of 5. Free (1330M) is below initial threshold (1433M)
[48.351s][info][gc,ergo     ] Free: 1330M, Max: 1024K regular, 343M humongous, Frag: 74% external, 0% internal; Reserve: 103M, Max: 1024K
[48.351s][info][gc,start    ] GC(124) Concurrent reset
[48.351s][info][gc,task     ] GC(124) Using 1 of 3 workers for concurrent reset
[48.351s][info][gc,ergo     ] GC(124) Pacer for Reset. Non-Taxable: 2048M
[48.352s][info][gc          ] GC(124) Concurrent reset 1.026ms
[48.352s][info][gc,start    ] GC(124) Pause Init Mark (unload classes)
[48.352s][info][gc,task     ] GC(124) Using 3 of 3 workers for init marking
[48.352s][info][gc,ergo     ] GC(124) Pacer for Mark. Expected Live: 171M, Free: 1326M, Non-Taxable: 132M, Alloc Tax Rate: 0.2x
[48.352s][info][gc          ] GC(124) Pause Init Mark (unload classes) 0.199ms
[48.352s][info][gc,start    ] GC(124) Concurrent marking roots
[48.352s][info][gc,task     ] GC(124) Using 1 of 3 workers for concurrent marking roots
[48.361s][info][gc          ] GC(124) Concurrent marking roots 9.340ms
[48.361s][info][gc,start    ] GC(124) Concurrent marking (unload classes)
[48.361s][info][gc,task     ] GC(124) Using 1 of 3 workers for concurrent marking
[48.491s][info][gc          ] GC(124) Concurrent marking (unload classes) 129.448ms
[48.491s][info][gc,start    ] GC(124) Pause Final Mark (unload classes)
[48.491s][info][gc,task     ] GC(124) Using 3 of 3 workers for final marking
[48.491s][info][gc,ergo     ] GC(124) Collectable Garbage: 425M (95%), Immediate: 425M (95%), CSet: 0B (0%)
[48.491s][info][gc          ] GC(124) Pause Final Mark (unload classes) 0.240ms
[48.491s][info][gc,start    ] GC(124) Concurrent weak references
[48.491s][info][gc,task     ] GC(124) Using 1 of 3 workers for concurrent weak references
[48.492s][info][gc,ref      ] GC(124) Encountered references: Soft: 2909, Weak: 5835, Final: 51, Phantom: 579
[48.492s][info][gc,ref      ] GC(124) Discovered  references: Soft: 0, Weak: 704, Final: 0, Phantom: 260
[48.492s][info][gc,ref      ] GC(124) Enqueued    references: Soft: 0, Weak: 0, Final: 0, Phantom: 0
[48.492s][info][gc          ] GC(124) Concurrent weak references 0.261ms
[48.492s][info][gc,start    ] GC(124) Concurrent weak roots
[48.492s][info][gc,task     ] GC(124) Using 1 of 3 workers for concurrent weak root
[48.495s][info][gc          ] GC(124) Concurrent weak roots 3.228ms
[48.495s][info][gc,start    ] GC(124) Concurrent cleanup
[48.495s][info][gc          ] GC(124) Concurrent cleanup 1063M->638M(2048M) 0.051ms
[48.495s][info][gc,ergo     ] GC(124) Free: 1302M, Max: 1024K regular, 432M humongous, Frag: 67% external, 0% internal; Reserve: 103M, Max: 1024K
[48.495s][info][gc,start    ] GC(124) Concurrent class unloading
[48.495s][info][gc,task     ] GC(124) Using 1 of 3 workers for concurrent class unloading
[48.505s][info][gc          ] GC(124) Concurrent class unloading 10.205ms
[48.505s][info][gc,start    ] GC(124) Pause Final Roots
[48.505s][info][gc          ] GC(124) Pause Final Roots 0.042ms
[48.505s][info][gc,ergo     ] Free: 1293M, Max: 1024K regular, 432M humongous, Frag: 67% external, 0% internal; Reserve: 103M, Max: 1024K
[48.505s][info][gc,stats    ] 
[48.505s][info][gc,stats    ] All times are wall-clock times, except per-root-class counters, that are sum over
[48.505s][info][gc,stats    ] all workers. Dividing the <total> over the root stage time estimates parallelism.
[48.505s][info][gc,stats    ] 
[48.505s][info][gc,stats    ] Concurrent Reset                   1044 us
[48.505s][info][gc,stats    ] Pause Init Mark (G)                 359 us
[48.505s][info][gc,stats    ] Pause Init Mark (N)                 216 us
[48.506s][info][gc,stats    ]   Update Region States               63 us
[48.506s][info][gc,stats    ] Concurrent Mark Roots              9368 us, parallelism: 0.98x
[48.506s][info][gc,stats    ]   CMR: <total>                     9184 us
[48.506s][info][gc,stats    ]   CMR: Thread Roots                9064 us, workers (us): 9064, ---, ---, 
[48.506s][info][gc,stats    ]   CMR: VM Strong Roots               18 us, workers (us):  18, ---, ---, 
[48.506s][info][gc,stats    ]   CMR: CLDG Roots                   102 us, workers (us): 102, ---, ---, 
[48.506s][info][gc,stats    ] Concurrent Marking               129512 us
[48.506s][info][gc,stats    ] Pause Final Mark (G)                354 us
[48.506s][info][gc,stats    ] Pause Final Mark (N)                249 us
[48.506s][info][gc,stats    ]   Finish Mark                       101 us
[48.506s][info][gc,stats    ]   Update Region States               42 us
[48.506s][info][gc,stats    ]   Choose Collection Set              30 us
[48.506s][info][gc,stats    ]   Rebuild Free Set                    8 us
[48.506s][info][gc,stats    ] Concurrent Weak References          268 us, parallelism: 0.25x
[48.506s][info][gc,stats    ]   CWRF: <total>                      67 us
[48.506s][info][gc,stats    ]   CWRF: Weak References              67 us, workers (us):  67, ---, ---, 
[48.506s][info][gc,stats    ] Concurrent Weak Roots              3286 us
[48.506s][info][gc,stats    ]   Roots                            3043 us, parallelism: 0.97x
[48.506s][info][gc,stats    ]     CWR: <total>                   2961 us
[48.506s][info][gc,stats    ]     CWR: Code Cache Roots          2313 us, workers (us): 2313, ---, ---, 
[48.506s][info][gc,stats    ]     CWR: VM Weak Roots              592 us, workers (us): 592, ---, ---, 
[48.506s][info][gc,stats    ]     CWR: CLDG Roots                  56 us, workers (us):  56, ---, ---, 
[48.506s][info][gc,stats    ]   Rendezvous                        166 us
[48.506s][info][gc,stats    ] Concurrent Cleanup                   73 us
[48.506s][info][gc,stats    ] Concurrent Class Unloading        10244 us
[48.506s][info][gc,stats    ]   Unlink Stale                     9467 us
[48.506s][info][gc,stats    ]     System Dictionary                56 us
[48.506s][info][gc,stats    ]     Weak Class Links                  0 us
[48.506s][info][gc,stats    ]     Code Roots                     9410 us
[48.506s][info][gc,stats    ]   Rendezvous                        179 us
[48.506s][info][gc,stats    ]   Purge Unlinked                    539 us
[48.506s][info][gc,stats    ]     Code Roots                      533 us
[48.506s][info][gc,stats    ]     CLDG                              6 us
[48.506s][info][gc,stats    ]     Exception Caches                  0 us
[48.506s][info][gc,stats    ] Pause Final Roots (G)               142 us
[48.506s][info][gc,stats    ] Pause Final Roots (N)                51 us
[48.506s][info][gc,stats    ] 
[48.506s][info][gc,stats    ] Allocation pacing accrued:
[48.506s][info][gc,stats    ]       0 of   157 ms (  0.0%): <total>
[48.506s][info][gc,stats    ]       0 of   157 ms (  0.0%): <average total>
[48.506s][info][gc,stats    ] 
[48.506s][info][gc,metaspace] Metaspace: 65837K(66496K)->65876K(66624K) NonClass: 57548K(57920K)->57584K(57984K) Class: 8288K(8576K)->8291K(8640K)
[48.506s][info][gc,ergo     ] Pacer for Idle. Initial: 41943K, Alloc Tax Rate: 1.0x
[48.508s][info][gc          ] Trigger: Learning 5 of 5. Free (1292M) is below initial threshold (1433M)
[48.508s][info][gc,ergo     ] Free: 1292M, Max: 1024K regular, 432M humongous, Frag: 67% external, 0% internal; Reserve: 103M, Max: 1024K
[48.508s][info][gc,start    ] GC(125) Concurrent reset
[48.508s][info][gc,task     ] GC(125) Using 1 of 3 workers for concurrent reset
[48.508s][info][gc,ergo     ] GC(125) Pacer for Reset. Non-Taxable: 2048M
[48.509s][info][gc          ] GC(125) Concurrent reset 1.249ms
[48.509s][info][gc,start    ] GC(125) Pause Init Mark (unload classes)
[48.509s][info][gc,task     ] GC(125) Using 3 of 3 workers for init marking
[48.509s][info][gc,ergo     ] GC(125) Pacer for Mark. Expected Live: 171M, Free: 1288M, Non-Taxable: 128M, Alloc Tax Rate: 0.2x
[48.509s][info][gc          ] GC(125) Pause Init Mark (unload classes) 0.120ms
[48.509s][info][gc,start    ] GC(125) Concurrent marking roots
[48.509s][info][gc,task     ] GC(125) Using 1 of 3 workers for concurrent marking roots
[48.519s][info][gc          ] GC(125) Concurrent marking roots 9.915ms
[48.519s][info][gc,start    ] GC(125) Concurrent marking (unload classes)
[48.519s][info][gc,task     ] GC(125) Using 1 of 3 workers for concurrent marking
[48.648s][info][gc          ] GC(125) Concurrent marking (unload classes) 128.395ms
[48.648s][info][gc,start    ] GC(125) Pause Final Mark (unload classes)
[48.648s][info][gc,task     ] GC(125) Using 3 of 3 workers for final marking
[48.648s][info][gc,ergo     ] GC(125) Collectable Garbage: 453M (94%), Immediate: 453M (94%), CSet: 0B (0%)
[48.648s][info][gc          ] GC(125) Pause Final Mark (unload classes) 0.251ms
[48.648s][info][gc,start    ] GC(125) Concurrent weak references
[48.648s][info][gc,task     ] GC(125) Using 1 of 3 workers for concurrent weak references
[48.648s][info][gc,ref      ] GC(125) Encountered references: Soft: 2925, Weak: 5940, Final: 51, Phantom: 579
[48.648s][info][gc,ref      ] GC(125) Discovered  references: Soft: 0, Weak: 938, Final: 0, Phantom: 260
[48.648s][info][gc,ref      ] GC(125) Enqueued    references: Soft: 0, Weak: 4, Final: 0, Phantom: 0
[48.648s][info][gc          ] GC(125) Concurrent weak references 0.215ms
[48.648s][info][gc,start    ] GC(125) Concurrent weak roots
[48.648s][info][gc,task     ] GC(125) Using 1 of 3 workers for concurrent weak root
[48.651s][info][gc          ] GC(125) Concurrent weak roots 2.817ms
[48.651s][info][gc,start    ] GC(125) Concurrent cleanup
[48.651s][info][gc          ] GC(125) Concurrent cleanup 661M->208M(2048M) 0.082ms
[48.651s][info][gc,ergo     ] GC(125) Free: 1734M, Max: 1024K regular, 923M humongous, Frag: 47% external, 0% internal; Reserve: 103M, Max: 1024K
[48.651s][info][gc,start    ] GC(125) Concurrent class unloading
[48.651s][info][gc,task     ] GC(125) Using 1 of 3 workers for concurrent class unloading
[48.662s][info][gc          ] GC(125) Concurrent class unloading 10.087ms
[48.662s][info][gc,start    ] GC(125) Pause Final Roots
[48.662s][info][gc          ] GC(125) Pause Final Roots 0.051ms
[48.662s][info][gc,ergo     ] Free: 1734M, Max: 1024K regular, 923M humongous, Frag: 47% external, 0% internal; Reserve: 103M, Max: 1024K
[48.662s][info][gc,stats    ] 
[48.662s][info][gc,stats    ] All times are wall-clock times, except per-root-class counters, that are sum over
[48.662s][info][gc,stats    ] all workers. Dividing the <total> over the root stage time estimates parallelism.
[48.662s][info][gc,stats    ] 
[48.662s][info][gc,stats    ] Concurrent Reset                   1320 us
[48.662s][info][gc,stats    ] Pause Init Mark (G)                 284 us
[48.662s][info][gc,stats    ] Pause Init Mark (N)                 129 us
[48.662s][info][gc,stats    ]   Update Region States               44 us
[48.662s][info][gc,stats    ] Concurrent Mark Roots              9975 us, parallelism: 0.98x
[48.662s][info][gc,stats    ]   CMR: <total>                     9764 us
[48.662s][info][gc,stats    ]   CMR: Thread Roots                9648 us, workers (us): 9648, ---, ---, 
[48.662s][info][gc,stats    ]   CMR: VM Strong Roots               14 us, workers (us):  14, ---, ---, 
[48.662s][info][gc,stats    ]   CMR: CLDG Roots                   102 us, workers (us): 102, ---, ---, 
[48.662s][info][gc,stats    ] Concurrent Marking               128472 us
[48.662s][info][gc,stats    ] Pause Final Mark (G)                324 us
[48.662s][info][gc,stats    ] Pause Final Mark (N)                260 us
[48.662s][info][gc,stats    ]   Finish Mark                       102 us
[48.662s][info][gc,stats    ]   Update Region States               40 us
[48.662s][info][gc,stats    ]   Choose Collection Set              37 us
[48.662s][info][gc,stats    ]   Rebuild Free Set                    8 us
[48.662s][info][gc,stats    ] Concurrent Weak References          222 us, parallelism: 0.35x
[48.662s][info][gc,stats    ]   CWRF: <total>                      77 us
[48.662s][info][gc,stats    ]   CWRF: Weak References              77 us, workers (us):  77, ---, ---, 
[48.662s][info][gc,stats    ] Concurrent Weak Roots              2879 us
[48.662s][info][gc,stats    ]   Roots                            2642 us, parallelism: 0.94x
[48.662s][info][gc,stats    ]     CWR: <total>                   2477 us
[48.662s][info][gc,stats    ]     CWR: Code Cache Roots          1924 us, workers (us): 1924, ---, ---, 
[48.662s][info][gc,stats    ]     CWR: VM Weak Roots              513 us, workers (us): 513, ---, ---, 
[48.662s][info][gc,stats    ]     CWR: CLDG Roots                  41 us, workers (us):  41, ---, ---, 
[48.662s][info][gc,stats    ]   Rendezvous                        155 us
[48.662s][info][gc,stats    ] Concurrent Cleanup                  100 us
[48.662s][info][gc,stats    ] Concurrent Class Unloading        10170 us
[48.662s][info][gc,stats    ]   Unlink Stale                     9095 us
[48.662s][info][gc,stats    ]     System Dictionary                51 us
[48.662s][info][gc,stats    ]     Weak Class Links                  0 us
[48.662s][info][gc,stats    ]     Code Roots                     9042 us
[48.662s][info][gc,stats    ]   Rendezvous                        200 us
[48.662s][info][gc,stats    ]   Purge Unlinked                    752 us
[48.662s][info][gc,stats    ]     Code Roots                      735 us
[48.662s][info][gc,stats    ]     CLDG                             16 us
[48.662s][info][gc,stats    ]     Exception Caches                  0 us
[48.662s][info][gc,stats    ] Pause Final Roots (G)               139 us
[48.662s][info][gc,stats    ] Pause Final Roots (N)                60 us
[48.662s][info][gc,stats    ] 
[48.662s][info][gc,stats    ] Allocation pacing accrued:
[48.662s][info][gc,stats    ]       0 of   156 ms (  0.0%): <total>
[48.662s][info][gc,stats    ]       0 of   156 ms (  0.0%): <average total>
[48.662s][info][gc,stats    ] 
[48.662s][info][gc,metaspace] Metaspace: 65876K(66624K)->65886K(66624K) NonClass: 57584K(57984K)->57594K(57984K) Class: 8291K(8640K)->8291K(8640K)
[48.662s][info][gc,ergo     ] Pacer for Idle. Initial: 41943K, Alloc Tax Rate: 1.0x
[48.668s][info][gc          ] Trigger: Explicit GC request (System.gc())
[48.668s][info][gc,ergo     ] Free: 1734M, Max: 1024K regular, 923M humongous, Frag: 47% external, 0% internal; Reserve: 103M, Max: 1024K
[48.668s][info][gc,start    ] GC(126) Concurrent reset
[48.668s][info][gc,task     ] GC(126) Using 1 of 3 workers for concurrent reset
[48.668s][info][gc,ergo     ] GC(126) Pacer for Reset. Non-Taxable: 2048M
[48.669s][info][gc          ] GC(126) Concurrent reset 1.234ms
[48.669s][info][gc,start    ] GC(126) Pause Init Mark (unload classes)
[48.669s][info][gc,task     ] GC(126) Using 3 of 3 workers for init marking
[48.670s][info][gc,ref      ] GC(126) Clearing All SoftReferences
[48.670s][info][gc,ergo     ] GC(126) Pacer for Mark. Expected Live: 171M, Free: 1734M, Non-Taxable: 173M, Alloc Tax Rate: 0.1x
[48.670s][info][gc          ] GC(126) Pause Init Mark (unload classes) 0.156ms
[48.670s][info][gc,start    ] GC(126) Concurrent marking roots
[48.670s][info][gc,task     ] GC(126) Using 1 of 3 workers for concurrent marking roots
[48.678s][info][gc          ] GC(126) Concurrent marking roots 8.634ms
[48.678s][info][gc,start    ] GC(126) Concurrent marking (unload classes)
[48.678s][info][gc,task     ] GC(126) Using 1 of 3 workers for concurrent marking
[48.806s][info][gc          ] GC(126) Concurrent marking (unload classes) 127.474ms
[48.806s][info][gc,start    ] GC(126) Pause Final Mark (unload classes)
[48.806s][info][gc,task     ] GC(126) Using 3 of 3 workers for final marking
[48.806s][info][gc,ergo     ] GC(126) Adaptive CSet Selection. Target Free: 290M, Actual Free: 1825M, Max CSet: 87381K, Min Garbage: 0B
[48.806s][info][gc,ergo     ] GC(126) Collectable Garbage: 34689K (89%), Immediate: 1024K (2%), CSet: 33665K (86%)
[48.806s][info][gc,ergo     ] GC(126) Pacer for Evacuation. Used CSet: 34531K, Free: 1734M, Non-Taxable: 173M, Alloc Tax Rate: 1.1x
[48.806s][info][gc          ] GC(126) Pause Final Mark (unload classes) 0.549ms
[48.807s][info][gc,start    ] GC(126) Concurrent thread roots
[48.807s][info][gc,task     ] GC(126) Using 1 of 3 workers for Concurrent thread roots
[48.816s][info][gc          ] GC(126) Concurrent thread roots 9.515ms
[48.816s][info][gc,start    ] GC(126) Concurrent weak references
[48.816s][info][gc,task     ] GC(126) Using 1 of 3 workers for concurrent weak references
[48.816s][info][gc,ref      ] GC(126) Encountered references: Soft: 2824, Weak: 5840, Final: 51, Phantom: 579
[48.816s][info][gc,ref      ] GC(126) Discovered  references: Soft: 658, Weak: 951, Final: 0, Phantom: 337
[48.816s][info][gc,ref      ] GC(126) Enqueued    references: Soft: 296, Weak: 161, Final: 0, Phantom: 0
[48.816s][info][gc          ] GC(126) Concurrent weak references 0.280ms
[48.816s][info][gc,start    ] GC(126) Concurrent weak roots
[48.816s][info][gc,task     ] GC(126) Using 1 of 3 workers for concurrent weak root
[48.820s][info][gc          ] GC(126) Concurrent weak roots 3.123ms
[48.820s][info][gc,start    ] GC(126) Concurrent cleanup
[48.820s][info][gc          ] GC(126) Concurrent cleanup 218M->217M(2048M) 0.036ms
[48.820s][info][gc,ergo     ] GC(126) Free: 1725M, Max: 1024K regular, 923M humongous, Frag: 47% external, 0% internal; Reserve: 102M, Max: 1024K
[48.820s][info][gc,start    ] GC(126) Concurrent class unloading
[48.820s][info][gc,task     ] GC(126) Using 1 of 3 workers for concurrent class unloading
[48.838s][info][gc          ] GC(126) Concurrent class unloading 18.647ms
[48.838s][info][gc,start    ] GC(126) Concurrent strong roots
[48.838s][info][gc,task     ] GC(126) Using 1 of 3 workers for concurrent strong root
[48.839s][info][gc          ] GC(126) Concurrent strong roots 0.454ms
[48.839s][info][gc,start    ] GC(126) Concurrent evacuation
[48.839s][info][gc,task     ] GC(126) Using 1 of 3 workers for concurrent evacuation
[48.839s][info][gc          ] GC(126) Concurrent evacuation 0.474ms
[48.839s][info][gc,start    ] GC(126) Pause Init Update Refs
[48.840s][info][gc,ergo     ] GC(126) Pacer for Update Refs. Used: 218M, Free: 1725M, Non-Taxable: 172M, Alloc Tax Rate: 1.1x
[48.840s][info][gc          ] GC(126) Pause Init Update Refs 0.105ms
[48.840s][info][gc,start    ] GC(126) Concurrent update references
[48.840s][info][gc,task     ] GC(126) Using 1 of 3 workers for concurrent reference update
[48.902s][info][gc          ] GC(126) Concurrent update references 62.204ms
[48.902s][info][gc,start    ] GC(126) Concurrent update thread roots
[48.912s][info][gc          ] GC(126) Concurrent update thread roots 9.696ms
[48.912s][info][gc,start    ] GC(126) Pause Final Update Refs
[48.912s][info][gc,task     ] GC(126) Using 3 of 3 workers for final reference update
[48.912s][info][gc          ] GC(126) Pause Final Update Refs 0.179ms
[48.912s][info][gc,start    ] GC(126) Concurrent cleanup
[48.912s][info][gc          ] GC(126) Concurrent cleanup 218M->184M(2048M) 0.080ms
[48.912s][info][gc,ergo     ] Free: 1758M, Max: 1024K regular, 1395M humongous, Frag: 21% external, 0% internal; Reserve: 103M, Max: 1024K
[48.912s][info][gc,stats    ] 
[48.912s][info][gc,stats    ] All times are wall-clock times, except per-root-class counters, that are sum over
[48.912s][info][gc,stats    ] all workers. Dividing the <total> over the root stage time estimates parallelism.
[48.912s][info][gc,stats    ] 
[48.912s][info][gc,stats    ] Concurrent Reset                   1282 us
[48.912s][info][gc,stats    ] Pause Init Mark (G)                 239 us
[48.912s][info][gc,stats    ] Pause Init Mark (N)                 171 us
[48.912s][info][gc,stats    ]   Update Region States               60 us
[48.912s][info][gc,stats    ] Concurrent Mark Roots              8683 us, parallelism: 0.97x
[48.912s][info][gc,stats    ]   CMR: <total>                     8457 us
[48.912s][info][gc,stats    ]   CMR: Thread Roots                8284 us, workers (us): 8284, ---, ---, 
[48.912s][info][gc,stats    ]   CMR: VM Strong Roots               21 us, workers (us):  21, ---, ---, 
[48.912s][info][gc,stats    ]   CMR: CLDG Roots                   152 us, workers (us): 152, ---, ---, 
[48.912s][info][gc,stats    ] Concurrent Marking               127540 us
[48.912s][info][gc,stats    ] Pause Final Mark (G)                705 us
[48.912s][info][gc,stats    ] Pause Final Mark (N)                571 us
[48.912s][info][gc,stats    ]   Finish Mark                       177 us
[48.912s][info][gc,stats    ]   Update Region States               84 us
[48.912s][info][gc,stats    ]   Choose Collection Set             136 us
[48.912s][info][gc,stats    ]   Rebuild Free Set                   22 us
[48.912s][info][gc,stats    ] Concurrent Thread Roots            9561 us, parallelism: 0.99x
[48.912s][info][gc,stats    ]   CTR: <total>                     9448 us
[48.912s][info][gc,stats    ]   CTR: Thread Roots                9448 us, workers (us): 9448, ---, ---, 
[48.912s][info][gc,stats    ] Concurrent Weak References          287 us, parallelism: 0.65x
[48.912s][info][gc,stats    ]   CWRF: <total>                     187 us
[48.912s][info][gc,stats    ]   CWRF: Weak References             187 us, workers (us): 187, ---, ---, 
[48.913s][info][gc,stats    ] Concurrent Weak Roots              3184 us
[48.913s][info][gc,stats    ]   Roots                            2943 us, parallelism: 0.98x
[48.913s][info][gc,stats    ]     CWR: <total>                   2889 us
[48.913s][info][gc,stats    ]     CWR: Code Cache Roots          2363 us, workers (us): 2363, ---, ---, 
[48.913s][info][gc,stats    ]     CWR: VM Weak Roots              469 us, workers (us): 469, ---, ---, 
[48.913s][info][gc,stats    ]     CWR: CLDG Roots                  57 us, workers (us):  57, ---, ---, 
[48.913s][info][gc,stats    ]   Rendezvous                        161 us
[48.913s][info][gc,stats    ] Concurrent Cleanup                   45 us
[48.913s][info][gc,stats    ] Concurrent Class Unloading        18696 us
[48.913s][info][gc,stats    ]   Unlink Stale                    17266 us
[48.913s][info][gc,stats    ]     System Dictionary               661 us
[48.913s][info][gc,stats    ]     Weak Class Links               6402 us
[48.913s][info][gc,stats    ]     Code Roots                    10201 us
[48.913s][info][gc,stats    ]   Rendezvous                        323 us
[48.913s][info][gc,stats    ]   Purge Unlinked                   1038 us
[48.913s][info][gc,stats    ]     Code Roots                      616 us
[48.913s][info][gc,stats    ]     CLDG                            421 us
[48.913s][info][gc,stats    ]     Exception Caches                  0 us
[48.913s][info][gc,stats    ] Concurrent Strong Roots             471 us, parallelism: 0.71x
[48.913s][info][gc,stats    ]   CSR: <total>                      334 us
[48.913s][info][gc,stats    ]   CSR: VM Strong Roots               19 us, workers (us):  19, ---, ---, 
[48.913s][info][gc,stats    ]   CSR: CLDG Roots                   316 us, workers (us): 316, ---, ---, 
[48.913s][info][gc,stats    ] Concurrent Evacuation               545 us
[48.913s][info][gc,stats    ] Pause Init Update Refs (G)          288 us
[48.913s][info][gc,stats    ] Pause Init Update Refs (N)          123 us
[48.913s][info][gc,stats    ]   Manage GCLABs                      40 us
[48.913s][info][gc,stats    ] Concurrent Update Refs            62271 us
[48.913s][info][gc,stats    ] Concurrent Update Thread Roots     9760 us
[48.913s][info][gc,stats    ] Pause Final Update Refs (G)         305 us
[48.913s][info][gc,stats    ] Pause Final Update Refs (N)         198 us
[48.913s][info][gc,stats    ]   Update Region States               87 us
[48.913s][info][gc,stats    ]   Trash Collection Set                5 us
[48.913s][info][gc,stats    ]   Rebuild Free Set                   21 us
[48.913s][info][gc,stats    ] Concurrent Cleanup                  106 us
[48.913s][info][gc,stats    ] 
[48.913s][info][gc,stats    ] Allocation pacing accrued:
[48.913s][info][gc,stats    ]       0 of   251 ms (  0.0%): <total>
[48.913s][info][gc,stats    ]       0 of   251 ms (  0.0%): <average total>
[48.913s][info][gc,stats    ] 
[48.913s][info][gc,metaspace] Metaspace: 65886K(66624K)->65563K(66560K) NonClass: 57594K(57984K)->57326K(57984K) Class: 8291K(8640K)->8237K(8576K)
[48.913s][info][gc,ergo     ] Pacer for Idle. Initial: 41943K, Alloc Tax Rate: 1.0x
[49.074s][info][gc          ] Trigger: Learning 2 of 5. Free (1416M) is below initial threshold (1433M)
[49.074s][info][gc,ergo     ] Free: 1416M, Max: 1024K regular, 1395M humongous, Frag: 1% external, 0% internal; Reserve: 103M, Max: 1024K
[49.074s][info][gc,start    ] GC(127) Concurrent reset
[49.074s][info][gc,task     ] GC(127) Using 1 of 3 workers for concurrent reset
[49.074s][info][gc,ergo     ] GC(127) Pacer for Reset. Non-Taxable: 2048M
[49.075s][info][gc          ] GC(127) Concurrent reset 0.865ms
[49.075s][info][gc,start    ] GC(127) Pause Init Mark (unload classes)
[49.075s][info][gc,task     ] GC(127) Using 3 of 3 workers for init marking
[49.076s][info][gc,ergo     ] GC(127) Pacer for Mark. Expected Live: 171M, Free: 1414M, Non-Taxable: 141M, Alloc Tax Rate: 0.1x
[49.076s][info][gc          ] GC(127) Pause Init Mark (unload classes) 0.141ms
[49.076s][info][gc,start    ] GC(127) Concurrent marking roots
[49.076s][info][gc,task     ] GC(127) Using 1 of 3 workers for concurrent marking roots
[49.085s][info][gc          ] GC(127) Concurrent marking roots 9.646ms
[49.085s][info][gc,start    ] GC(127) Concurrent marking (unload classes)
[49.085s][info][gc,task     ] GC(127) Using 1 of 3 workers for concurrent marking
[49.215s][info][gc          ] GC(127) Concurrent marking (unload classes) 130.137ms
[49.216s][info][gc,start    ] GC(127) Pause Final Mark (unload classes)
[49.216s][info][gc,task     ] GC(127) Using 3 of 3 workers for final marking
[49.216s][info][gc,ergo     ] GC(127) Adaptive CSet Selection. Target Free: 290M, Actual Free: 1371M, Max CSet: 87381K, Min Garbage: 0B
[49.216s][info][gc,ergo     ] GC(127) Collectable Garbage: 349M (98%), Immediate: 314M (88%), CSet: 36367K (10%)
[49.216s][info][gc,ergo     ] GC(127) Pacer for Evacuation. Used CSet: 38465K, Free: 1284M, Non-Taxable: 128M, Alloc Tax Rate: 1.1x
[49.216s][info][gc          ] GC(127) Pause Final Mark (unload classes) 0.442ms
[49.216s][info][gc,start    ] GC(127) Concurrent thread roots
[49.216s][info][gc,task     ] GC(127) Using 1 of 3 workers for Concurrent thread roots
[49.225s][info][gc          ] GC(127) Concurrent thread roots 9.066ms
[49.225s][info][gc,start    ] GC(127) Concurrent weak references
[49.225s][info][gc,task     ] GC(127) Using 1 of 3 workers for concurrent weak references
[49.225s][info][gc,ref      ] GC(127) Encountered references: Soft: 2909, Weak: 5962, Final: 51, Phantom: 579
[49.225s][info][gc,ref      ] GC(127) Discovered  references: Soft: 0, Weak: 868, Final: 0, Phantom: 260
[49.225s][info][gc,ref      ] GC(127) Enqueued    references: Soft: 0, Weak: 94, Final: 0, Phantom: 0
[49.225s][info][gc          ] GC(127) Concurrent weak references 0.271ms
[49.225s][info][gc,start    ] GC(127) Concurrent weak roots
[49.225s][info][gc,task     ] GC(127) Using 1 of 3 workers for concurrent weak root
[49.229s][info][gc          ] GC(127) Concurrent weak roots 3.490ms
[49.229s][info][gc,start    ] GC(127) Concurrent cleanup
[49.229s][info][gc          ] GC(127) Concurrent cleanup 1015M->702M(2048M) 0.069ms
[49.229s][info][gc,ergo     ] GC(127) Free: 1240M, Max: 1024K regular, 911M humongous, Frag: 26% external, 0% internal; Reserve: 102M, Max: 1024K
[49.229s][info][gc,start    ] GC(127) Concurrent class unloading
[49.229s][info][gc,task     ] GC(127) Using 1 of 3 workers for concurrent class unloading
[49.248s][info][gc          ] GC(127) Concurrent class unloading 19.150ms
[49.248s][info][gc,start    ] GC(127) Concurrent strong roots
[49.248s][info][gc,task     ] GC(127) Using 1 of 3 workers for concurrent strong root
[49.249s][info][gc          ] GC(127) Concurrent strong roots 0.331ms
[49.249s][info][gc,start    ] GC(127) Concurrent evacuation
[49.249s][info][gc,task     ] GC(127) Using 1 of 3 workers for concurrent evacuation
[49.250s][info][gc          ] GC(127) Concurrent evacuation 1.142ms
[49.250s][info][gc,start    ] GC(127) Pause Init Update Refs
[49.250s][info][gc,ergo     ] GC(127) Pacer for Update Refs. Used: 760M, Free: 1184M, Non-Taxable: 118M, Alloc Tax Rate: 1.1x
[49.250s][info][gc          ] GC(127) Pause Init Update Refs 0.068ms
[49.250s][info][gc,start    ] GC(127) Concurrent update references
[49.250s][info][gc,task     ] GC(127) Using 1 of 3 workers for concurrent reference update
[49.432s][info][gc          ] GC(127) Concurrent update references 181.581ms
[49.432s][info][gc,start    ] GC(127) Concurrent update thread roots
[49.440s][info][gc          ] GC(127) Concurrent update thread roots 8.751ms
[49.441s][info][gc,start    ] GC(127) Pause Final Update Refs
[49.441s][info][gc,task     ] GC(127) Using 3 of 3 workers for final reference update
[49.441s][info][gc          ] GC(127) Pause Final Update Refs 0.168ms
[49.441s][info][gc,start    ] GC(127) Concurrent cleanup
[49.441s][info][gc          ] GC(127) Concurrent cleanup 1286M->1248M(2048M) 0.036ms
[49.441s][info][gc,ergo     ] Free: 694M, Max: 1024K regular, 644M humongous, Frag: 6% external, 0% internal; Reserve: 103M, Max: 1024K
[49.441s][info][gc,stats    ] 
[49.441s][info][gc,stats    ] All times are wall-clock times, except per-root-class counters, that are sum over
[49.441s][info][gc,stats    ] all workers. Dividing the <total> over the root stage time estimates parallelism.
[49.441s][info][gc,stats    ] 
[49.441s][info][gc,stats    ] Concurrent Reset                    887 us
[49.441s][info][gc,stats    ] Pause Init Mark (G)                 293 us
[49.441s][info][gc,stats    ] Pause Init Mark (N)                 151 us
[49.441s][info][gc,stats    ]   Update Region States               40 us
[49.441s][info][gc,stats    ] Concurrent Mark Roots              9712 us, parallelism: 0.97x
[49.441s][info][gc,stats    ]   CMR: <total>                     9460 us
[49.441s][info][gc,stats    ]   CMR: Thread Roots                9337 us, workers (us): 9337, ---, ---, 
[49.441s][info][gc,stats    ]   CMR: VM Strong Roots               13 us, workers (us):  13, ---, ---, 
[49.441s][info][gc,stats    ]   CMR: CLDG Roots                   110 us, workers (us): 110, ---, ---, 
[49.441s][info][gc,stats    ] Concurrent Marking               130210 us
[49.441s][info][gc,stats    ] Pause Final Mark (G)                574 us
[49.441s][info][gc,stats    ] Pause Final Mark (N)                459 us
[49.441s][info][gc,stats    ]   Finish Mark                       142 us
[49.441s][info][gc,stats    ]   Update Region States               56 us
[49.441s][info][gc,stats    ]   Choose Collection Set             139 us
[49.441s][info][gc,stats    ]   Rebuild Free Set                   17 us
[49.441s][info][gc,stats    ] Concurrent Thread Roots            9108 us, parallelism: 0.99x
[49.441s][info][gc,stats    ]   CTR: <total>                     8974 us
[49.441s][info][gc,stats    ]   CTR: Thread Roots                8974 us, workers (us): 8974, ---, ---, 
[49.441s][info][gc,stats    ] Concurrent Weak References          287 us, parallelism: 0.48x
[49.441s][info][gc,stats    ]   CWRF: <total>                     137 us
[49.441s][info][gc,stats    ]   CWRF: Weak References             137 us, workers (us): 137, ---, ---, 
[49.441s][info][gc,stats    ] Concurrent Weak Roots              3524 us
[49.441s][info][gc,stats    ]   Roots                            3270 us, parallelism: 0.99x
[49.441s][info][gc,stats    ]     CWR: <total>                   3231 us
[49.441s][info][gc,stats    ]     CWR: Code Cache Roots          2501 us, workers (us): 2501, ---, ---, 
[49.441s][info][gc,stats    ]     CWR: VM Weak Roots              664 us, workers (us): 664, ---, ---, 
[49.441s][info][gc,stats    ]     CWR: CLDG Roots                  65 us, workers (us):  65, ---, ---, 
[49.441s][info][gc,stats    ]   Rendezvous                        189 us
[49.441s][info][gc,stats    ] Concurrent Cleanup                   87 us
[49.441s][info][gc,stats    ] Concurrent Class Unloading        19202 us
[49.441s][info][gc,stats    ]   Unlink Stale                    18396 us
[49.441s][info][gc,stats    ]     System Dictionary               241 us
[49.441s][info][gc,stats    ]     Weak Class Links               7485 us
[49.441s][info][gc,stats    ]     Code Roots                    10669 us
[49.441s][info][gc,stats    ]   Rendezvous                        242 us
[49.441s][info][gc,stats    ]   Purge Unlinked                    479 us
[49.441s][info][gc,stats    ]     Code Roots                      463 us
[49.441s][info][gc,stats    ]     CLDG                             15 us
[49.441s][info][gc,stats    ]     Exception Caches                  0 us
[49.441s][info][gc,stats    ] Concurrent Strong Roots             340 us, parallelism: 0.70x
[49.441s][info][gc,stats    ]   CSR: <total>                      239 us
[49.441s][info][gc,stats    ]   CSR: VM Strong Roots               12 us, workers (us):  12, ---, ---, 
[49.441s][info][gc,stats    ]   CSR: CLDG Roots                   227 us, workers (us): 227, ---, ---, 
[49.441s][info][gc,stats    ] Concurrent Evacuation              1158 us
[49.441s][info][gc,stats    ] Pause Init Update Refs (G)          170 us
[49.441s][info][gc,stats    ] Pause Init Update Refs (N)           77 us
[49.441s][info][gc,stats    ]   Manage GCLABs                      11 us
[49.441s][info][gc,stats    ] Concurrent Update Refs           181669 us
[49.441s][info][gc,stats    ] Concurrent Update Thread Roots     8793 us
[49.441s][info][gc,stats    ] Pause Final Update Refs (G)         312 us
[49.441s][info][gc,stats    ] Pause Final Update Refs (N)         206 us
[49.441s][info][gc,stats    ]   Update Region States               45 us
[49.441s][info][gc,stats    ]   Trash Collection Set                6 us
[49.441s][info][gc,stats    ]   Rebuild Free Set                   21 us
[49.441s][info][gc,stats    ] Concurrent Cleanup                   46 us
[49.441s][info][gc,stats    ] Pacing                            27822 us
[49.441s][info][gc,stats    ] 
[49.441s][info][gc,stats    ] Allocation pacing accrued:
[49.441s][info][gc,stats    ]       7 of   529 ms (  1.3%): Executor task launch worker for task 0.0 in stage 79.0 (TID 131)
[49.441s][info][gc,stats    ]      21 of   529 ms (  4.0%): Executor task launch worker for task 1.0 in stage 79.0 (TID 132)
[49.441s][info][gc,stats    ]      28 of   529 ms (  5.3%): <total>
[49.441s][info][gc,stats    ]       0 of   529 ms (  0.0%): <average total>
[49.441s][info][gc,stats    ]      14 of   529 ms (  2.6%): <average non-zero>
[49.441s][info][gc,stats    ] 
[49.441s][info][gc,metaspace] Metaspace: 65885K(66560K)->65883K(66560K) NonClass: 57596K(57984K)->57595K(57984K) Class: 8289K(8576K)->8288K(8576K)
[49.441s][info][gc,ergo     ] Pacer for Idle. Initial: 41943K, Alloc Tax Rate: 1.0x
[49.454s][info][gc          ] Trigger: Learning 3 of 5. Free (651M) is below initial threshold (1433M)
[49.454s][info][gc,ergo     ] Free: 651M, Max: 1024K regular, 638M humongous, Frag: 0% external, 0% internal; Reserve: 103M, Max: 1024K
[49.454s][info][gc,start    ] GC(128) Concurrent reset
[49.454s][info][gc,task     ] GC(128) Using 1 of 3 workers for concurrent reset
[49.454s][info][gc,ergo     ] GC(128) Pacer for Reset. Non-Taxable: 2048M
[49.455s][info][gc          ] GC(128) Concurrent reset 0.756ms
[49.455s][info][gc,start    ] GC(128) Pause Init Mark (unload classes)
[49.455s][info][gc,task     ] GC(128) Using 3 of 3 workers for init marking
[49.455s][info][gc,ergo     ] GC(128) Pacer for Mark. Expected Live: 171M, Free: 651M, Non-Taxable: 66727K, Alloc Tax Rate: 0.3x
[49.455s][info][gc          ] GC(128) Pause Init Mark (unload classes) 0.164ms
[49.455s][info][gc,start    ] GC(128) Concurrent marking roots
[49.455s][info][gc,task     ] GC(128) Using 1 of 3 workers for concurrent marking roots
[49.465s][info][gc          ] GC(128) Concurrent marking roots 9.188ms
[49.465s][info][gc,start    ] GC(128) Concurrent marking (unload classes)
[49.465s][info][gc,task     ] GC(128) Using 1 of 3 workers for concurrent marking
[49.593s][info][gc          ] GC(128) Concurrent marking (unload classes) 128.423ms
[49.593s][info][gc,start    ] GC(128) Pause Final Mark (unload classes)
[49.593s][info][gc,task     ] GC(128) Using 3 of 3 workers for final marking
[49.594s][info][gc,ergo     ] GC(128) Collectable Garbage: 1099M (98%), Immediate: 1099M (98%), CSet: 0B (0%)
[49.594s][info][gc          ] GC(128) Pause Final Mark (unload classes) 0.410ms
[49.594s][info][gc,start    ] GC(128) Concurrent weak references
[49.594s][info][gc,task     ] GC(128) Using 1 of 3 workers for concurrent weak references
[49.594s][info][gc,ref      ] GC(128) Encountered references: Soft: 2909, Weak: 5868, Final: 51, Phantom: 579
[49.594s][info][gc,ref      ] GC(128) Discovered  references: Soft: 0, Weak: 801, Final: 0, Phantom: 337
[49.594s][info][gc,ref      ] GC(128) Enqueued    references: Soft: 0, Weak: 21, Final: 0, Phantom: 0
[49.594s][info][gc          ] GC(128) Concurrent weak references 0.259ms
[49.594s][info][gc,start    ] GC(128) Concurrent weak roots
[49.594s][info][gc,task     ] GC(128) Using 1 of 3 workers for concurrent weak root
[49.597s][info][gc          ] GC(128) Concurrent weak roots 3.275ms
[49.597s][info][gc,start    ] GC(128) Concurrent cleanup
[49.597s][info][gc          ] GC(128) Concurrent cleanup 1644M->545M(2048M) 0.083ms
[49.597s][info][gc,ergo     ] GC(128) Free: 1397M, Max: 1024K regular, 467M humongous, Frag: 67% external, 0% internal; Reserve: 103M, Max: 1024K
[49.597s][info][gc,start    ] GC(128) Concurrent class unloading
[49.597s][info][gc,task     ] GC(128) Using 1 of 3 workers for concurrent class unloading
[49.609s][info][gc          ] GC(128) Concurrent class unloading 11.257ms
[49.609s][info][gc,start    ] GC(128) Pause Final Roots
[49.609s][info][gc          ] GC(128) Pause Final Roots 0.055ms
[49.609s][info][gc,ergo     ] Free: 1354M, Max: 1024K regular, 467M humongous, Frag: 66% external, 0% internal; Reserve: 103M, Max: 1024K
[49.609s][info][gc,stats    ] 
[49.609s][info][gc,stats    ] All times are wall-clock times, except per-root-class counters, that are sum over
[49.609s][info][gc,stats    ] all workers. Dividing the <total> over the root stage time estimates parallelism.
[49.609s][info][gc,stats    ] 
[49.609s][info][gc,stats    ] Concurrent Reset                    794 us
[49.609s][info][gc,stats    ] Pause Init Mark (G)                 294 us
[49.609s][info][gc,stats    ] Pause Init Mark (N)                 173 us
[49.609s][info][gc,stats    ]   Update Region States               67 us
[49.609s][info][gc,stats    ] Concurrent Mark Roots              9242 us, parallelism: 0.98x
[49.609s][info][gc,stats    ]   CMR: <total>                     9034 us
[49.609s][info][gc,stats    ]   CMR: Thread Roots                8940 us, workers (us): 8940, ---, ---, 
[49.609s][info][gc,stats    ]   CMR: VM Strong Roots               12 us, workers (us):  12, ---, ---, 
[49.609s][info][gc,stats    ]   CMR: CLDG Roots                    82 us, workers (us):  82, ---, ---, 
[49.609s][info][gc,stats    ] Concurrent Marking               128506 us
[49.609s][info][gc,stats    ] Pause Final Mark (G)                571 us
[49.609s][info][gc,stats    ] Pause Final Mark (N)                430 us
[49.609s][info][gc,stats    ]   Finish Mark                       134 us
[49.609s][info][gc,stats    ]   Update Region States              104 us
[49.609s][info][gc,stats    ]   Choose Collection Set              63 us
[49.609s][info][gc,stats    ]   Rebuild Free Set                   16 us
[49.609s][info][gc,stats    ] Concurrent Weak References          267 us, parallelism: 0.30x
[49.609s][info][gc,stats    ]   CWRF: <total>                      80 us
[49.609s][info][gc,stats    ]   CWRF: Weak References              80 us, workers (us):  80, ---, ---, 
[49.609s][info][gc,stats    ] Concurrent Weak Roots              3320 us
[49.609s][info][gc,stats    ]   Roots                            3109 us, parallelism: 0.97x
[49.609s][info][gc,stats    ]     CWR: <total>                   3008 us
[49.609s][info][gc,stats    ]     CWR: Code Cache Roots          2371 us, workers (us): 2371, ---, ---, 
[49.609s][info][gc,stats    ]     CWR: VM Weak Roots              590 us, workers (us): 590, ---, ---, 
[49.609s][info][gc,stats    ]     CWR: CLDG Roots                  48 us, workers (us):  48, ---, ---, 
[49.609s][info][gc,stats    ]   Rendezvous                        147 us
[49.609s][info][gc,stats    ] Concurrent Cleanup                   92 us
[49.609s][info][gc,stats    ] Concurrent Class Unloading        11319 us
[49.609s][info][gc,stats    ]   Unlink Stale                    10423 us
[49.609s][info][gc,stats    ]     System Dictionary                57 us
[49.609s][info][gc,stats    ]     Weak Class Links                  0 us
[49.609s][info][gc,stats    ]     Code Roots                    10365 us
[49.609s][info][gc,stats    ]   Rendezvous                        239 us
[49.609s][info][gc,stats    ]   Purge Unlinked                    574 us
[49.609s][info][gc,stats    ]     Code Roots                      564 us
[49.609s][info][gc,stats    ]     CLDG                             10 us
[49.609s][info][gc,stats    ]     Exception Caches                  0 us
[49.609s][info][gc,stats    ] Pause Final Roots (G)               189 us
[49.609s][info][gc,stats    ] Pause Final Roots (N)                64 us
[49.609s][info][gc,stats    ] Pacing                            78375 us
[49.609s][info][gc,stats    ] 
[49.609s][info][gc,stats    ] Allocation pacing accrued:
[49.609s][info][gc,stats    ]      40 of   168 ms ( 23.7%): Executor task launch worker for task 0.0 in stage 79.0 (TID 131)
[49.609s][info][gc,stats    ]      39 of   168 ms ( 22.9%): Executor task launch worker for task 1.0 in stage 79.0 (TID 132)
[49.609s][info][gc,stats    ]      78 of   168 ms ( 46.6%): <total>
[49.609s][info][gc,stats    ]       0 of   168 ms (  0.2%): <average total>
[49.609s][info][gc,stats    ]      39 of   168 ms ( 23.3%): <average non-zero>
[49.609s][info][gc,stats    ] 
[49.609s][info][gc,metaspace] Metaspace: 65883K(66560K)->65883K(66560K) NonClass: 57595K(57984K)->57595K(57984K) Class: 8288K(8576K)->8288K(8576K)
[49.609s][info][gc,ergo     ] Pacer for Idle. Initial: 41943K, Alloc Tax Rate: 1.0x
[49.611s][info][gc          ] Trigger: Learning 4 of 5. Free (1346M) is below initial threshold (1433M)
[49.612s][info][gc,ergo     ] Free: 1346M, Max: 1024K regular, 467M humongous, Frag: 65% external, 0% internal; Reserve: 103M, Max: 1024K
[49.612s][info][gc,start    ] GC(129) Concurrent reset
[49.612s][info][gc,task     ] GC(129) Using 1 of 3 workers for concurrent reset
[49.612s][info][gc,ergo     ] GC(129) Pacer for Reset. Non-Taxable: 2048M
[49.613s][info][gc          ] GC(129) Concurrent reset 1.104ms
[49.613s][info][gc,start    ] GC(129) Pause Init Mark (unload classes)
[49.613s][info][gc,task     ] GC(129) Using 3 of 3 workers for init marking
[49.613s][info][gc,ergo     ] GC(129) Pacer for Mark. Expected Live: 171M, Free: 1343M, Non-Taxable: 134M, Alloc Tax Rate: 0.2x
[49.613s][info][gc          ] GC(129) Pause Init Mark (unload classes) 0.182ms
[49.613s][info][gc,start    ] GC(129) Concurrent marking roots
[49.613s][info][gc,task     ] GC(129) Using 1 of 3 workers for concurrent marking roots
[49.623s][info][gc          ] GC(129) Concurrent marking roots 9.555ms
[49.623s][info][gc,start    ] GC(129) Concurrent marking (unload classes)
[49.623s][info][gc,task     ] GC(129) Using 1 of 3 workers for concurrent marking
[49.751s][info][gc          ] GC(129) Concurrent marking (unload classes) 128.746ms
[49.752s][info][gc,start    ] GC(129) Pause Final Mark (unload classes)
[49.752s][info][gc,task     ] GC(129) Using 3 of 3 workers for final marking
[49.752s][info][gc,ergo     ] GC(129) Collectable Garbage: 407M (95%), Immediate: 407M (95%), CSet: 0B (0%)
[49.752s][info][gc          ] GC(129) Pause Final Mark (unload classes) 0.249ms
[49.752s][info][gc,start    ] GC(129) Concurrent weak references
[49.752s][info][gc,task     ] GC(129) Using 1 of 3 workers for concurrent weak references
[49.752s][info][gc,ref      ] GC(129) Encountered references: Soft: 2909, Weak: 5843, Final: 51, Phantom: 579
[49.752s][info][gc,ref      ] GC(129) Discovered  references: Soft: 0, Weak: 522, Final: 0, Phantom: 260
[49.752s][info][gc,ref      ] GC(129) Enqueued    references: Soft: 0, Weak: 0, Final: 0, Phantom: 0
[49.752s][info][gc          ] GC(129) Concurrent weak references 0.129ms
[49.752s][info][gc,start    ] GC(129) Concurrent weak roots
[49.752s][info][gc,task     ] GC(129) Using 1 of 3 workers for concurrent weak root
[49.755s][info][gc          ] GC(129) Concurrent weak roots 2.813ms
[49.755s][info][gc,start    ] GC(129) Concurrent cleanup
[49.755s][info][gc          ] GC(129) Concurrent cleanup 1041M->633M(2048M) 0.085ms
[49.755s][info][gc,ergo     ] GC(129) Free: 1305M, Max: 1024K regular, 421M humongous, Frag: 68% external, 0% internal; Reserve: 103M, Max: 1024K
[49.755s][info][gc,start    ] GC(129) Concurrent class unloading
[49.755s][info][gc,task     ] GC(129) Using 1 of 3 workers for concurrent class unloading
[49.766s][info][gc          ] GC(129) Concurrent class unloading 10.621ms
[49.766s][info][gc,start    ] GC(129) Pause Final Roots
[49.766s][info][gc          ] GC(129) Pause Final Roots 0.040ms
[49.766s][info][gc,ergo     ] Free: 1298M, Max: 1024K regular, 421M humongous, Frag: 68% external, 0% internal; Reserve: 103M, Max: 1024K
[49.766s][info][gc,stats    ] 
[49.766s][info][gc,stats    ] All times are wall-clock times, except per-root-class counters, that are sum over
[49.766s][info][gc,stats    ] all workers. Dividing the <total> over the root stage time estimates parallelism.
[49.766s][info][gc,stats    ] 
[49.766s][info][gc,stats    ] Concurrent Reset                   1141 us
[49.766s][info][gc,stats    ] Pause Init Mark (G)                 392 us
[49.766s][info][gc,stats    ] Pause Init Mark (N)                 191 us
[49.766s][info][gc,stats    ]   Update Region States               75 us
[49.766s][info][gc,stats    ] Concurrent Mark Roots              9608 us, parallelism: 0.97x
[49.766s][info][gc,stats    ]   CMR: <total>                     9353 us
[49.766s][info][gc,stats    ]   CMR: Thread Roots                9186 us, workers (us): 9186, ---, ---, 
[49.766s][info][gc,stats    ]   CMR: VM Strong Roots               18 us, workers (us):  18, ---, ---, 
[49.766s][info][gc,stats    ]   CMR: CLDG Roots                   149 us, workers (us): 149, ---, ---, 
[49.766s][info][gc,stats    ] Concurrent Marking               128793 us
[49.766s][info][gc,stats    ] Pause Final Mark (G)                584 us
[49.766s][info][gc,stats    ] Pause Final Mark (N)                259 us
[49.766s][info][gc,stats    ]   Finish Mark                        86 us
[49.766s][info][gc,stats    ]   Update Region States               37 us
[49.766s][info][gc,stats    ]   Choose Collection Set              41 us
[49.766s][info][gc,stats    ]   Rebuild Free Set                    8 us
[49.766s][info][gc,stats    ] Concurrent Weak References          136 us, parallelism: 0.42x
[49.766s][info][gc,stats    ]   CWRF: <total>                      57 us
[49.766s][info][gc,stats    ]   CWRF: Weak References              57 us, workers (us):  57, ---, ---, 
[49.766s][info][gc,stats    ] Concurrent Weak Roots              2885 us
[49.766s][info][gc,stats    ]   Roots                            2620 us, parallelism: 0.99x
[49.766s][info][gc,stats    ]     CWR: <total>                   2587 us
[49.766s][info][gc,stats    ]     CWR: Code Cache Roots          2087 us, workers (us): 2087, ---, ---, 
[49.766s][info][gc,stats    ]     CWR: VM Weak Roots              427 us, workers (us): 427, ---, ---, 
[49.766s][info][gc,stats    ]     CWR: CLDG Roots                  73 us, workers (us):  73, ---, ---, 
[49.766s][info][gc,stats    ]   Rendezvous                        175 us
[49.766s][info][gc,stats    ] Concurrent Cleanup                  104 us
[49.766s][info][gc,stats    ] Concurrent Class Unloading        10680 us
[49.766s][info][gc,stats    ]   Unlink Stale                     9884 us
[49.766s][info][gc,stats    ]     System Dictionary                71 us
[49.766s][info][gc,stats    ]     Weak Class Links                  0 us
[49.766s][info][gc,stats    ]     Code Roots                     9810 us
[49.766s][info][gc,stats    ]   Rendezvous                        168 us
[49.766s][info][gc,stats    ]   Purge Unlinked                    535 us
[49.766s][info][gc,stats    ]     Code Roots                      532 us
[49.766s][info][gc,stats    ]     CLDG                              3 us
[49.766s][info][gc,stats    ]     Exception Caches                  0 us
[49.766s][info][gc,stats    ] Pause Final Roots (G)               132 us
[49.766s][info][gc,stats    ] Pause Final Roots (N)                50 us
[49.766s][info][gc,stats    ] 
[49.766s][info][gc,stats    ] Allocation pacing accrued:
[49.766s][info][gc,stats    ]       0 of   157 ms (  0.0%): <total>
[49.766s][info][gc,stats    ]       0 of   157 ms (  0.0%): <average total>
[49.766s][info][gc,stats    ] 
[49.766s][info][gc,metaspace] Metaspace: 65883K(66560K)->65912K(66688K) NonClass: 57595K(57984K)->57620K(58048K) Class: 8288K(8576K)->8291K(8640K)
[49.767s][info][gc,ergo     ] Pacer for Idle. Initial: 41943K, Alloc Tax Rate: 1.0x
[49.779s][info][gc          ] Trigger: Explicit GC request (System.gc())
[49.779s][info][gc,ergo     ] Free: 1298M, Max: 1024K regular, 421M humongous, Frag: 68% external, 0% internal; Reserve: 103M, Max: 1024K
[49.779s][info][gc,start    ] GC(130) Concurrent reset
[49.779s][info][gc,task     ] GC(130) Using 1 of 3 workers for concurrent reset
[49.779s][info][gc,ergo     ] GC(130) Pacer for Reset. Non-Taxable: 2048M
[49.780s][info][gc          ] GC(130) Concurrent reset 1.028ms
[49.780s][info][gc,start    ] GC(130) Pause Init Mark (unload classes)
[49.780s][info][gc,task     ] GC(130) Using 3 of 3 workers for init marking
[49.780s][info][gc,ref      ] GC(130) Clearing All SoftReferences
[49.780s][info][gc,ergo     ] GC(130) Pacer for Mark. Expected Live: 171M, Free: 1298M, Non-Taxable: 129M, Alloc Tax Rate: 0.2x
[49.780s][info][gc          ] GC(130) Pause Init Mark (unload classes) 0.210ms
[49.780s][info][gc,start    ] GC(130) Concurrent marking roots
[49.780s][info][gc,task     ] GC(130) Using 1 of 3 workers for concurrent marking roots
[49.792s][info][gc          ] GC(130) Concurrent marking roots 11.560ms
[49.792s][info][gc,start    ] GC(130) Concurrent marking (unload classes)
[49.792s][info][gc,task     ] GC(130) Using 1 of 3 workers for concurrent marking
[49.918s][info][gc          ] GC(130) Concurrent marking (unload classes) 126.133ms
[49.918s][info][gc,start    ] GC(130) Pause Final Mark (unload classes)
[49.918s][info][gc,task     ] GC(130) Using 3 of 3 workers for final marking
[49.919s][info][gc,ergo     ] GC(130) Collectable Garbage: 439M (93%), Immediate: 439M (93%), CSet: 0B (0%)
[49.919s][info][gc          ] GC(130) Pause Final Mark (unload classes) 0.454ms
[49.919s][info][gc,start    ] GC(130) Concurrent weak references
[49.919s][info][gc,task     ] GC(130) Using 1 of 3 workers for concurrent weak references
[49.919s][info][gc,ref      ] GC(130) Encountered references: Soft: 2824, Weak: 5855, Final: 51, Phantom: 579
[49.919s][info][gc,ref      ] GC(130) Discovered  references: Soft: 658, Weak: 947, Final: 0, Phantom: 260
[49.919s][info][gc,ref      ] GC(130) Enqueued    references: Soft: 296, Weak: 161, Final: 0, Phantom: 0
[49.919s][info][gc          ] GC(130) Concurrent weak references 0.514ms
[49.919s][info][gc,start    ] GC(130) Concurrent weak roots
[49.919s][info][gc,task     ] GC(130) Using 1 of 3 workers for concurrent weak root
[49.922s][info][gc          ] GC(130) Concurrent weak roots 3.127ms
[49.923s][info][gc,start    ] GC(130) Concurrent cleanup
[49.923s][info][gc          ] GC(130) Concurrent cleanup 650M->211M(2048M) 0.048ms
[49.923s][info][gc,ergo     ] GC(130) Free: 1731M, Max: 1024K regular, 914M humongous, Frag: 47% external, 0% internal; Reserve: 103M, Max: 1024K
[49.923s][info][gc,start    ] GC(130) Concurrent class unloading
[49.923s][info][gc,task     ] GC(130) Using 1 of 3 workers for concurrent class unloading
[49.940s][info][gc          ] GC(130) Concurrent class unloading 17.407ms
[49.940s][info][gc,start    ] GC(130) Pause Final Roots
[49.940s][info][gc          ] GC(130) Pause Final Roots 0.055ms
[49.940s][info][gc,ergo     ] Free: 1731M, Max: 1024K regular, 914M humongous, Frag: 47% external, 0% internal; Reserve: 103M, Max: 1024K
[49.940s][info][gc,stats    ] 
[49.940s][info][gc,stats    ] All times are wall-clock times, except per-root-class counters, that are sum over
[49.940s][info][gc,stats    ] all workers. Dividing the <total> over the root stage time estimates parallelism.
[49.940s][info][gc,stats    ] 
[49.940s][info][gc,stats    ] Concurrent Reset                   1078 us
[49.940s][info][gc,stats    ] Pause Init Mark (G)                 347 us
[49.940s][info][gc,stats    ] Pause Init Mark (N)                 227 us
[49.940s][info][gc,stats    ]   Update Region States               60 us
[49.940s][info][gc,stats    ] Concurrent Mark Roots             11597 us, parallelism: 0.98x
[49.940s][info][gc,stats    ]   CMR: <total>                    11401 us
[49.940s][info][gc,stats    ]   CMR: Thread Roots               11248 us, workers (us): 11248, ---, ---, 
[49.940s][info][gc,stats    ]   CMR: VM Strong Roots               20 us, workers (us):  20, ---, ---, 
[49.940s][info][gc,stats    ]   CMR: CLDG Roots                   134 us, workers (us): 134, ---, ---, 
[49.940s][info][gc,stats    ] Concurrent Marking               126219 us
[49.940s][info][gc,stats    ] Pause Final Mark (G)                551 us
[49.940s][info][gc,stats    ] Pause Final Mark (N)                462 us
[49.940s][info][gc,stats    ]   Finish Mark                       288 us
[49.940s][info][gc,stats    ]   Update Region States               52 us
[49.940s][info][gc,stats    ]   Choose Collection Set              37 us
[49.940s][info][gc,stats    ]   Rebuild Free Set                    8 us
[49.940s][info][gc,stats    ] Concurrent Weak References          535 us, parallelism: 0.40x
[49.940s][info][gc,stats    ]   CWRF: <total>                     212 us
[49.940s][info][gc,stats    ]   CWRF: Weak References             212 us, workers (us): 212, ---, ---, 
[49.940s][info][gc,stats    ] Concurrent Weak Roots              3176 us
[49.940s][info][gc,stats    ]   Roots                            2940 us, parallelism: 0.99x
[49.940s][info][gc,stats    ]     CWR: <total>                   2896 us
[49.940s][info][gc,stats    ]     CWR: Code Cache Roots          2529 us, workers (us): 2529, ---, ---, 
[49.940s][info][gc,stats    ]     CWR: VM Weak Roots              320 us, workers (us): 320, ---, ---, 
[49.940s][info][gc,stats    ]     CWR: CLDG Roots                  48 us, workers (us):  48, ---, ---, 
[49.940s][info][gc,stats    ]   Rendezvous                        159 us
[49.940s][info][gc,stats    ] Concurrent Cleanup                   56 us
[49.940s][info][gc,stats    ] Concurrent Class Unloading        17452 us
[49.940s][info][gc,stats    ]   Unlink Stale                    16415 us
[49.941s][info][gc,stats    ]     System Dictionary               646 us
[49.941s][info][gc,stats    ]     Weak Class Links               5953 us
[49.941s][info][gc,stats    ]     Code Roots                     9814 us
[49.941s][info][gc,stats    ]   Rendezvous                        195 us
[49.941s][info][gc,stats    ]   Purge Unlinked                    777 us
[49.941s][info][gc,stats    ]     Code Roots                      449 us
[49.941s][info][gc,stats    ]     CLDG                            327 us
[49.941s][info][gc,stats    ]     Exception Caches                  0 us
[49.941s][info][gc,stats    ] Pause Final Roots (G)               141 us
[49.941s][info][gc,stats    ] Pause Final Roots (N)                72 us
[49.941s][info][gc,stats    ] 
[49.941s][info][gc,stats    ] Allocation pacing accrued:
[49.941s][info][gc,stats    ]       0 of   174 ms (  0.0%): <total>
[49.941s][info][gc,stats    ]       0 of   174 ms (  0.0%): <average total>
[49.941s][info][gc,stats    ] 
[49.941s][info][gc,metaspace] Metaspace: 65912K(66688K)->65590K(66624K) NonClass: 57620K(58048K)->57353K(58048K) Class: 8291K(8640K)->8237K(8576K)
[49.941s][info][gc,ergo     ] Pacer for Idle. Initial: 41943K, Alloc Tax Rate: 1.0x
[50.109s][info][gc          ] Trigger: Learning 2 of 5. Free (1416M) is below initial threshold (1433M)
[50.109s][info][gc,ergo     ] Free: 1416M, Max: 1024K regular, 914M humongous, Frag: 35% external, 0% internal; Reserve: 103M, Max: 1024K
[50.109s][info][gc,start    ] GC(131) Concurrent reset
[50.109s][info][gc,task     ] GC(131) Using 1 of 3 workers for concurrent reset
[50.109s][info][gc,ergo     ] GC(131) Pacer for Reset. Non-Taxable: 2048M
[50.110s][info][gc          ] GC(131) Concurrent reset 1.125ms
[50.110s][info][gc,start    ] GC(131) Pause Init Mark (unload classes)
[50.110s][info][gc,task     ] GC(131) Using 3 of 3 workers for init marking
[50.110s][info][gc,ergo     ] GC(131) Pacer for Mark. Expected Live: 170M, Free: 1414M, Non-Taxable: 141M, Alloc Tax Rate: 0.1x
[50.110s][info][gc          ] GC(131) Pause Init Mark (unload classes) 0.134ms
[50.110s][info][gc,start    ] GC(131) Concurrent marking roots
[50.110s][info][gc,task     ] GC(131) Using 1 of 3 workers for concurrent marking roots
[50.120s][info][gc          ] GC(131) Concurrent marking roots 9.357ms
[50.120s][info][gc,start    ] GC(131) Concurrent marking (unload classes)
[50.120s][info][gc,task     ] GC(131) Using 1 of 3 workers for concurrent marking
[50.250s][info][gc          ] GC(131) Concurrent marking (unload classes) 130.441ms
[50.250s][info][gc,start    ] GC(131) Pause Final Mark (unload classes)
[50.250s][info][gc,task     ] GC(131) Using 3 of 3 workers for final marking
[50.251s][info][gc,ergo     ] GC(131) Adaptive CSet Selection. Target Free: 290M, Actual Free: 1324M, Max CSet: 87381K, Min Garbage: 0B
[50.251s][info][gc,ergo     ] GC(131) Collectable Garbage: 349M (98%), Immediate: 293M (82%), CSet: 57535K (15%)
[50.251s][info][gc,ergo     ] GC(131) Pacer for Evacuation. Used CSet: 59894K, Free: 1237M, Non-Taxable: 123M, Alloc Tax Rate: 1.1x
[50.251s][info][gc          ] GC(131) Pause Final Mark (unload classes) 0.406ms
[50.251s][info][gc,start    ] GC(131) Concurrent thread roots
[50.251s][info][gc,task     ] GC(131) Using 1 of 3 workers for Concurrent thread roots
[50.260s][info][gc          ] GC(131) Concurrent thread roots 9.397ms
[50.260s][info][gc,start    ] GC(131) Concurrent weak references
[50.260s][info][gc,task     ] GC(131) Using 1 of 3 workers for concurrent weak references
[50.260s][info][gc,ref      ] GC(131) Encountered references: Soft: 2909, Weak: 5950, Final: 51, Phantom: 579
[50.260s][info][gc,ref      ] GC(131) Discovered  references: Soft: 0, Weak: 861, Final: 0, Phantom: 260
[50.260s][info][gc,ref      ] GC(131) Enqueued    references: Soft: 0, Weak: 93, Final: 0, Phantom: 0
[50.260s][info][gc          ] GC(131) Concurrent weak references 0.258ms
[50.260s][info][gc,start    ] GC(131) Concurrent weak roots
[50.260s][info][gc,task     ] GC(131) Using 1 of 3 workers for concurrent weak root
[50.264s][info][gc          ] GC(131) Concurrent weak roots 3.553ms
[50.264s][info][gc,start    ] GC(131) Concurrent cleanup
[50.264s][info][gc          ] GC(131) Concurrent cleanup 1041M->748M(2048M) 0.071ms
[50.264s][info][gc,ergo     ] GC(131) Free: 1194M, Max: 1024K regular, 885M humongous, Frag: 25% external, 0% internal; Reserve: 102M, Max: 1024K
[50.264s][info][gc,start    ] GC(131) Concurrent class unloading
[50.264s][info][gc,task     ] GC(131) Using 1 of 3 workers for concurrent class unloading
[50.283s][info][gc          ] GC(131) Concurrent class unloading 18.857ms
[50.283s][info][gc,start    ] GC(131) Concurrent strong roots
[50.283s][info][gc,task     ] GC(131) Using 1 of 3 workers for concurrent strong root
[50.283s][info][gc          ] GC(131) Concurrent strong roots 0.333ms
[50.283s][info][gc,start    ] GC(131) Concurrent evacuation
[50.283s][info][gc,task     ] GC(131) Using 1 of 3 workers for concurrent evacuation
[50.285s][info][gc          ] GC(131) Concurrent evacuation 2.043ms
[50.286s][info][gc,start    ] GC(131) Pause Init Update Refs
[50.286s][info][gc,ergo     ] GC(131) Pacer for Update Refs. Used: 809M, Free: 1136M, Non-Taxable: 113M, Alloc Tax Rate: 1.1x
[50.286s][info][gc          ] GC(131) Pause Init Update Refs 0.065ms
[50.286s][info][gc,start    ] GC(131) Concurrent update references
[50.286s][info][gc,task     ] GC(131) Using 1 of 3 workers for concurrent reference update
[50.473s][info][gc          ] GC(131) Concurrent update references 186.832ms
[50.473s][info][gc,start    ] GC(131) Concurrent update thread roots
[50.480s][info][gc          ] GC(131) Concurrent update thread roots 7.822ms
[50.481s][info][gc,start    ] GC(131) Pause Final Update Refs
[50.481s][info][gc,task     ] GC(131) Using 3 of 3 workers for final reference update
[50.481s][info][gc          ] GC(131) Pause Final Update Refs 0.091ms
[50.481s][info][gc,start    ] GC(131) Concurrent cleanup
[50.481s][info][gc          ] GC(131) Concurrent cleanup 1349M->1291M(2048M) 0.078ms
[50.481s][info][gc,ergo     ] Free: 651M, Max: 1024K regular, 582M humongous, Frag: 9% external, 0% internal; Reserve: 103M, Max: 1024K
[50.481s][info][gc,stats    ] 
[50.481s][info][gc,stats    ] All times are wall-clock times, except per-root-class counters, that are sum over
[50.481s][info][gc,stats    ] all workers. Dividing the <total> over the root stage time estimates parallelism.
[50.481s][info][gc,stats    ] 
[50.481s][info][gc,stats    ] Concurrent Reset                   1150 us
[50.481s][info][gc,stats    ] Pause Init Mark (G)                 325 us
[50.481s][info][gc,stats    ] Pause Init Mark (N)                 142 us
[50.481s][info][gc,stats    ]   Update Region States               55 us
[50.481s][info][gc,stats    ] Concurrent Mark Roots              9417 us, parallelism: 0.97x
[50.481s][info][gc,stats    ]   CMR: <total>                     9171 us
[50.481s][info][gc,stats    ]   CMR: Thread Roots                9003 us, workers (us): 9003, ---, ---, 
[50.481s][info][gc,stats    ]   CMR: VM Strong Roots               18 us, workers (us):  18, ---, ---, 
[50.481s][info][gc,stats    ]   CMR: CLDG Roots                   149 us, workers (us): 149, ---, ---, 
[50.481s][info][gc,stats    ] Concurrent Marking               130488 us
[50.481s][info][gc,stats    ] Pause Final Mark (G)                535 us
[50.481s][info][gc,stats    ] Pause Final Mark (N)                423 us
[50.481s][info][gc,stats    ]   Finish Mark                       103 us
[50.481s][info][gc,stats    ]   Update Region States               56 us
[50.481s][info][gc,stats    ]   Choose Collection Set             128 us
[50.481s][info][gc,stats    ]   Rebuild Free Set                   17 us
[50.481s][info][gc,stats    ] Concurrent Thread Roots            9417 us, parallelism: 0.99x
[50.481s][info][gc,stats    ]   CTR: <total>                     9345 us
[50.481s][info][gc,stats    ]   CTR: Thread Roots                9345 us, workers (us): 9345, ---, ---, 
[50.481s][info][gc,stats    ] Concurrent Weak References          273 us, parallelism: 0.48x
[50.481s][info][gc,stats    ]   CWRF: <total>                     131 us
[50.481s][info][gc,stats    ]   CWRF: Weak References             131 us, workers (us): 131, ---, ---, 
[50.481s][info][gc,stats    ] Concurrent Weak Roots              3607 us
[50.481s][info][gc,stats    ]   Roots                            3330 us, parallelism: 0.99x
[50.481s][info][gc,stats    ]     CWR: <total>                   3290 us
[50.481s][info][gc,stats    ]     CWR: Code Cache Roots          2538 us, workers (us): 2538, ---, ---, 
[50.481s][info][gc,stats    ]     CWR: VM Weak Roots              686 us, workers (us): 686, ---, ---, 
[50.481s][info][gc,stats    ]     CWR: CLDG Roots                  66 us, workers (us):  66, ---, ---, 
[50.481s][info][gc,stats    ]   Rendezvous                        190 us
[50.481s][info][gc,stats    ] Concurrent Cleanup                   88 us
[50.481s][info][gc,stats    ] Concurrent Class Unloading        18902 us
[50.481s][info][gc,stats    ]   Unlink Stale                    18184 us
[50.481s][info][gc,stats    ]     System Dictionary               242 us
[50.481s][info][gc,stats    ]     Weak Class Links               7546 us
[50.481s][info][gc,stats    ]     Code Roots                    10394 us
[50.481s][info][gc,stats    ]   Rendezvous                        164 us
[50.481s][info][gc,stats    ]   Purge Unlinked                    474 us
[50.481s][info][gc,stats    ]     Code Roots                      458 us
[50.481s][info][gc,stats    ]     CLDG                             16 us
[50.481s][info][gc,stats    ]     Exception Caches                  0 us
[50.481s][info][gc,stats    ] Concurrent Strong Roots             343 us, parallelism: 0.70x
[50.481s][info][gc,stats    ]   CSR: <total>                      241 us
[50.481s][info][gc,stats    ]   CSR: VM Strong Roots               12 us, workers (us):  12, ---, ---, 
[50.482s][info][gc,stats    ]   CSR: CLDG Roots                   228 us, workers (us): 228, ---, ---, 
[50.482s][info][gc,stats    ] Concurrent Evacuation              2076 us
[50.482s][info][gc,stats    ] Pause Init Update Refs (G)          206 us
[50.482s][info][gc,stats    ] Pause Init Update Refs (N)           73 us
[50.482s][info][gc,stats    ]   Manage GCLABs                      12 us
[50.482s][info][gc,stats    ] Concurrent Update Refs           186930 us
[50.482s][info][gc,stats    ] Concurrent Update Thread Roots     7920 us
[50.482s][info][gc,stats    ] Pause Final Update Refs (G)         196 us
[50.482s][info][gc,stats    ] Pause Final Update Refs (N)         107 us
[50.482s][info][gc,stats    ]   Update Region States               43 us
[50.482s][info][gc,stats    ]   Trash Collection Set                3 us
[50.482s][info][gc,stats    ]   Rebuild Free Set                   14 us
[50.482s][info][gc,stats    ] Concurrent Cleanup                  104 us
[50.482s][info][gc,stats    ] Pacing                            41805 us
[50.482s][info][gc,stats    ] 
[50.482s][info][gc,stats    ] Allocation pacing accrued:
[50.482s][info][gc,stats    ]       6 of   541 ms (  1.0%): Executor task launch worker for task 1.0 in stage 82.0 (TID 137)
[50.482s][info][gc,stats    ]      36 of   541 ms (  6.7%): Executor task launch worker for task 0.0 in stage 82.0 (TID 136)
[50.482s][info][gc,stats    ]      42 of   541 ms (  7.7%): <total>
[50.482s][info][gc,stats    ]       0 of   541 ms (  0.0%): <average total>
[50.482s][info][gc,stats    ]      21 of   541 ms (  3.9%): <average non-zero>
[50.482s][info][gc,stats    ] 
[50.482s][info][gc,metaspace] Metaspace: 65923K(66624K)->65922K(66624K) NonClass: 57634K(58048K)->57633K(58048K) Class: 8289K(8576K)->8288K(8576K)
[50.482s][info][gc,ergo     ] Pacer for Idle. Initial: 41943K, Alloc Tax Rate: 1.0x
[50.488s][info][gc          ] Trigger: Learning 3 of 5. Free (624M) is below initial threshold (1433M)
[50.488s][info][gc,ergo     ] Free: 624M, Max: 1024K regular, 582M humongous, Frag: 5% external, 0% internal; Reserve: 103M, Max: 1024K
[50.489s][info][gc,start    ] GC(132) Concurrent reset
[50.489s][info][gc,task     ] GC(132) Using 1 of 3 workers for concurrent reset
[50.489s][info][gc,ergo     ] GC(132) Pacer for Reset. Non-Taxable: 2048M
[50.490s][info][gc          ] GC(132) Concurrent reset 1.364ms
[50.490s][info][gc,start    ] GC(132) Pause Init Mark (unload classes)
[50.490s][info][gc,task     ] GC(132) Using 3 of 3 workers for init marking
[50.490s][info][gc,ergo     ] GC(132) Pacer for Mark. Expected Live: 171M, Free: 619M, Non-Taxable: 63388K, Alloc Tax Rate: 0.3x
[50.490s][info][gc          ] GC(132) Pause Init Mark (unload classes) 0.191ms
[50.490s][info][gc,start    ] GC(132) Concurrent marking roots
[50.490s][info][gc,task     ] GC(132) Using 1 of 3 workers for concurrent marking roots
[50.499s][info][gc          ] GC(132) Concurrent marking roots 8.891ms
[50.499s][info][gc,start    ] GC(132) Concurrent marking (unload classes)
[50.499s][info][gc,task     ] GC(132) Using 1 of 3 workers for concurrent marking
[50.629s][info][gc          ] GC(132) Concurrent marking (unload classes) 129.493ms
[50.629s][info][gc,start    ] GC(132) Pause Final Mark (unload classes)
[50.629s][info][gc,task     ] GC(132) Using 3 of 3 workers for final marking
[50.629s][info][gc,ergo     ] GC(132) Collectable Garbage: 1132M (98%), Immediate: 1132M (98%), CSet: 0B (0%)
[50.629s][info][gc          ] GC(132) Pause Final Mark (unload classes) 0.338ms
[50.629s][info][gc,start    ] GC(132) Concurrent weak references
[50.629s][info][gc,task     ] GC(132) Using 1 of 3 workers for concurrent weak references
[50.629s][info][gc,ref      ] GC(132) Encountered references: Soft: 2909, Weak: 5857, Final: 51, Phantom: 579
[50.629s][info][gc,ref      ] GC(132) Discovered  references: Soft: 0, Weak: 793, Final: 0, Phantom: 260
[50.629s][info][gc,ref      ] GC(132) Enqueued    references: Soft: 0, Weak: 16, Final: 0, Phantom: 0
[50.629s][info][gc          ] GC(132) Concurrent weak references 0.209ms
[50.629s][info][gc,start    ] GC(132) Concurrent weak roots
[50.629s][info][gc,task     ] GC(132) Using 1 of 3 workers for concurrent weak root
[50.633s][info][gc          ] GC(132) Concurrent weak roots 3.380ms
[50.633s][info][gc,start    ] GC(132) Concurrent cleanup
[50.633s][info][gc          ] GC(132) Concurrent cleanup 1670M->539M(2048M) 0.212ms
[50.633s][info][gc,ergo     ] GC(132) Free: 1403M, Max: 1024K regular, 332M humongous, Frag: 77% external, 0% internal; Reserve: 103M, Max: 1024K
[50.633s][info][gc,start    ] GC(132) Concurrent class unloading
[50.633s][info][gc,task     ] GC(132) Using 1 of 3 workers for concurrent class unloading
[50.644s][info][gc          ] GC(132) Concurrent class unloading 11.292ms
[50.645s][info][gc,start    ] GC(132) Pause Final Roots
[50.645s][info][gc          ] GC(132) Pause Final Roots 0.060ms
[50.645s][info][gc,ergo     ] Free: 1361M, Max: 1024K regular, 332M humongous, Frag: 76% external, 0% internal; Reserve: 103M, Max: 1024K
[50.645s][info][gc,stats    ] 
[50.645s][info][gc,stats    ] All times are wall-clock times, except per-root-class counters, that are sum over
[50.645s][info][gc,stats    ] all workers. Dividing the <total> over the root stage time estimates parallelism.
[50.645s][info][gc,stats    ] 
[50.645s][info][gc,stats    ] Concurrent Reset                   1404 us
[50.645s][info][gc,stats    ] Pause Init Mark (G)                 392 us
[50.645s][info][gc,stats    ] Pause Init Mark (N)                 201 us
[50.645s][info][gc,stats    ]   Update Region States               46 us
[50.645s][info][gc,stats    ] Concurrent Mark Roots              8952 us, parallelism: 0.98x
[50.645s][info][gc,stats    ]   CMR: <total>                     8733 us
[50.645s][info][gc,stats    ]   CMR: Thread Roots                8647 us, workers (us): 8647, ---, ---, 
[50.645s][info][gc,stats    ]   CMR: VM Strong Roots               14 us, workers (us):  14, ---, ---, 
[50.645s][info][gc,stats    ]   CMR: CLDG Roots                    72 us, workers (us):  72, ---, ---, 
[50.645s][info][gc,stats    ] Concurrent Marking               129542 us
[50.645s][info][gc,stats    ] Pause Final Mark (G)                438 us
[50.645s][info][gc,stats    ] Pause Final Mark (N)                357 us
[50.645s][info][gc,stats    ]   Finish Mark                        88 us
[50.645s][info][gc,stats    ]   Update Region States               89 us
[50.645s][info][gc,stats    ]   Choose Collection Set              61 us
[50.645s][info][gc,stats    ]   Rebuild Free Set                   17 us
[50.645s][info][gc,stats    ] Concurrent Weak References          217 us, parallelism: 0.35x
[50.645s][info][gc,stats    ]   CWRF: <total>                      75 us
[50.645s][info][gc,stats    ]   CWRF: Weak References              75 us, workers (us):  75, ---, ---, 
[50.645s][info][gc,stats    ] Concurrent Weak Roots              3421 us
[50.645s][info][gc,stats    ]   Roots                            3116 us, parallelism: 0.97x
[50.645s][info][gc,stats    ]     CWR: <total>                   3038 us
[50.645s][info][gc,stats    ]     CWR: Code Cache Roots          2587 us, workers (us): 2587, ---, ---, 
[50.645s][info][gc,stats    ]     CWR: VM Weak Roots              410 us, workers (us): 410, ---, ---, 
[50.645s][info][gc,stats    ]     CWR: CLDG Roots                  40 us, workers (us):  40, ---, ---, 
[50.645s][info][gc,stats    ]   Rendezvous                        247 us
[50.645s][info][gc,stats    ] Concurrent Cleanup                  229 us
[50.645s][info][gc,stats    ] Concurrent Class Unloading        11367 us
[50.645s][info][gc,stats    ]   Unlink Stale                    10479 us
[50.645s][info][gc,stats    ]     System Dictionary                62 us
[50.645s][info][gc,stats    ]     Weak Class Links                  0 us
[50.645s][info][gc,stats    ]     Code Roots                    10415 us
[50.645s][info][gc,stats    ]   Rendezvous                        200 us
[50.645s][info][gc,stats    ]   Purge Unlinked                    577 us
[50.645s][info][gc,stats    ]     Code Roots                      567 us
[50.645s][info][gc,stats    ]     CLDG                             10 us
[50.645s][info][gc,stats    ]     Exception Caches                  0 us
[50.645s][info][gc,stats    ] Pause Final Roots (G)               233 us
[50.645s][info][gc,stats    ] Pause Final Roots (N)                79 us
[50.645s][info][gc,stats    ] Pacing                            70909 us
[50.645s][info][gc,stats    ] 
[50.645s][info][gc,stats    ] Allocation pacing accrued:
[50.645s][info][gc,stats    ]      35 of   164 ms ( 21.6%): Executor task launch worker for task 1.0 in stage 82.0 (TID 137)
[50.645s][info][gc,stats    ]      36 of   164 ms ( 21.8%): Executor task launch worker for task 0.0 in stage 82.0 (TID 136)
[50.645s][info][gc,stats    ]      71 of   164 ms ( 43.4%): <total>
[50.645s][info][gc,stats    ]       0 of   164 ms (  0.2%): <average total>
[50.645s][info][gc,stats    ]      35 of   164 ms ( 21.7%): <average non-zero>
[50.645s][info][gc,stats    ] 
[50.645s][info][gc,metaspace] Metaspace: 65922K(66624K)->65922K(66624K) NonClass: 57633K(58048K)->57633K(58048K) Class: 8288K(8576K)->8288K(8576K)
[50.645s][info][gc,ergo     ] Pacer for Idle. Initial: 41943K, Alloc Tax Rate: 1.0x
[50.662s][info][gc          ] Trigger: Learning 4 of 5. Free (1319M) is below initial threshold (1433M)
[50.662s][info][gc,ergo     ] Free: 1319M, Max: 1024K regular, 332M humongous, Frag: 75% external, 0% internal; Reserve: 103M, Max: 1024K
[50.662s][info][gc,start    ] GC(133) Concurrent reset
[50.662s][info][gc,task     ] GC(133) Using 1 of 3 workers for concurrent reset
[50.662s][info][gc,ergo     ] GC(133) Pacer for Reset. Non-Taxable: 2048M
[50.663s][info][gc          ] GC(133) Concurrent reset 1.400ms
[50.664s][info][gc,start    ] GC(133) Pause Init Mark (unload classes)
[50.664s][info][gc,task     ] GC(133) Using 3 of 3 workers for init marking
[50.664s][info][gc,ergo     ] GC(133) Pacer for Mark. Expected Live: 171M, Free: 1319M, Non-Taxable: 131M, Alloc Tax Rate: 0.2x
[50.664s][info][gc          ] GC(133) Pause Init Mark (unload classes) 0.298ms
[50.664s][info][gc,start    ] GC(133) Concurrent marking roots
[50.664s][info][gc,task     ] GC(133) Using 1 of 3 workers for concurrent marking roots
[50.673s][info][gc          ] GC(133) Concurrent marking roots 9.048ms
[50.673s][info][gc,start    ] GC(133) Concurrent marking (unload classes)
[50.673s][info][gc,task     ] GC(133) Using 1 of 3 workers for concurrent marking
[50.802s][info][gc          ] GC(133) Concurrent marking (unload classes) 129.155ms
[50.802s][info][gc,start    ] GC(133) Pause Final Mark (unload classes)
[50.802s][info][gc,task     ] GC(133) Using 3 of 3 workers for final marking
[50.803s][info][gc,ergo     ] GC(133) Collectable Garbage: 432M (95%), Immediate: 432M (95%), CSet: 0B (0%)
[50.803s][info][gc          ] GC(133) Pause Final Mark (unload classes) 0.374ms
[50.803s][info][gc,start    ] GC(133) Concurrent weak references
[50.803s][info][gc,task     ] GC(133) Using 1 of 3 workers for concurrent weak references
[50.803s][info][gc,ref      ] GC(133) Encountered references: Soft: 2909, Weak: 5839, Final: 51, Phantom: 579
[50.803s][info][gc,ref      ] GC(133) Discovered  references: Soft: 0, Weak: 498, Final: 0, Phantom: 260
[50.803s][info][gc,ref      ] GC(133) Enqueued    references: Soft: 0, Weak: 0, Final: 0, Phantom: 0
[50.803s][info][gc          ] GC(133) Concurrent weak references 0.149ms
[50.803s][info][gc,start    ] GC(133) Concurrent weak roots
[50.803s][info][gc,task     ] GC(133) Using 1 of 3 workers for concurrent weak root
[50.806s][info][gc          ] GC(133) Concurrent weak roots 3.108ms
[50.806s][info][gc,start    ] GC(133) Concurrent cleanup
[50.806s][info][gc          ] GC(133) Concurrent cleanup 1020M->588M(2048M) 0.080ms
[50.806s][info][gc,ergo     ] GC(133) Free: 1353M, Max: 1024K regular, 406M humongous, Frag: 70% external, 0% internal; Reserve: 103M, Max: 1024K
[50.806s][info][gc,start    ] GC(133) Concurrent class unloading
[50.806s][info][gc,task     ] GC(133) Using 1 of 3 workers for concurrent class unloading
[50.817s][info][gc          ] GC(133) Concurrent class unloading 11.087ms
[50.817s][info][gc,start    ] GC(133) Pause Final Roots
[50.817s][info][gc          ] GC(133) Pause Final Roots 0.044ms
[50.817s][info][gc,ergo     ] Free: 1337M, Max: 1024K regular, 406M humongous, Frag: 70% external, 0% internal; Reserve: 103M, Max: 1024K
[50.818s][info][gc,stats    ] 
[50.818s][info][gc,stats    ] All times are wall-clock times, except per-root-class counters, that are sum over
[50.818s][info][gc,stats    ] all workers. Dividing the <total> over the root stage time estimates parallelism.
[50.818s][info][gc,stats    ] 
[50.818s][info][gc,stats    ] Concurrent Reset                   1485 us
[50.818s][info][gc,stats    ] Pause Init Mark (G)                 469 us
[50.818s][info][gc,stats    ] Pause Init Mark (N)                 308 us
[50.818s][info][gc,stats    ]   Update Region States              113 us
[50.818s][info][gc,stats    ] Concurrent Mark Roots              9100 us, parallelism: 0.97x
[50.818s][info][gc,stats    ]   CMR: <total>                     8848 us
[50.818s][info][gc,stats    ]   CMR: Thread Roots                8748 us, workers (us): 8748, ---, ---, 
[50.818s][info][gc,stats    ]   CMR: VM Strong Roots               11 us, workers (us):  11, ---, ---, 
[50.818s][info][gc,stats    ]   CMR: CLDG Roots                    89 us, workers (us):  89, ---, ---, 
[50.818s][info][gc,stats    ] Concurrent Marking               129206 us
[50.818s][info][gc,stats    ] Pause Final Mark (G)                515 us
[50.818s][info][gc,stats    ] Pause Final Mark (N)                394 us
[50.818s][info][gc,stats    ]   Finish Mark                       115 us
[50.818s][info][gc,stats    ]   Update Region States               95 us
[50.818s][info][gc,stats    ]   Choose Collection Set              63 us
[50.818s][info][gc,stats    ]   Rebuild Free Set                   17 us
[50.818s][info][gc,stats    ] Concurrent Weak References          157 us, parallelism: 0.37x
[50.818s][info][gc,stats    ]   CWRF: <total>                      57 us
[50.818s][info][gc,stats    ]   CWRF: Weak References              57 us, workers (us):  57, ---, ---, 
[50.818s][info][gc,stats    ] Concurrent Weak Roots              3164 us
[50.818s][info][gc,stats    ]   Roots                            2989 us, parallelism: 0.97x
[50.818s][info][gc,stats    ]     CWR: <total>                   2896 us
[50.818s][info][gc,stats    ]     CWR: Code Cache Roots          2227 us, workers (us): 2227, ---, ---, 
[50.818s][info][gc,stats    ]     CWR: VM Weak Roots              617 us, workers (us): 617, ---, ---, 
[50.818s][info][gc,stats    ]     CWR: CLDG Roots                  52 us, workers (us):  52, ---, ---, 
[50.818s][info][gc,stats    ]   Rendezvous                         98 us
[50.818s][info][gc,stats    ] Concurrent Cleanup                   98 us
[50.818s][info][gc,stats    ] Concurrent Class Unloading        11137 us
[50.818s][info][gc,stats    ]   Unlink Stale                    10320 us
[50.818s][info][gc,stats    ]     System Dictionary                55 us
[50.818s][info][gc,stats    ]     Weak Class Links                  0 us
[50.818s][info][gc,stats    ]     Code Roots                    10263 us
[50.818s][info][gc,stats    ]   Rendezvous                        185 us
[50.818s][info][gc,stats    ]   Purge Unlinked                    549 us
[50.818s][info][gc,stats    ]     Code Roots                      544 us
[50.818s][info][gc,stats    ]     CLDG                              4 us
[50.818s][info][gc,stats    ]     Exception Caches                  0 us
[50.818s][info][gc,stats    ] Pause Final Roots (G)               150 us
[50.818s][info][gc,stats    ] Pause Final Roots (N)                53 us
[50.818s][info][gc,stats    ] Pacing                            41943 us
[50.818s][info][gc,stats    ] 
[50.818s][info][gc,stats    ] Allocation pacing accrued:
[50.818s][info][gc,stats    ]      21 of   173 ms ( 12.1%): Executor task launch worker for task 1.0 in stage 83.0 (TID 139)
[50.818s][info][gc,stats    ]      21 of   173 ms ( 12.1%): Executor task launch worker for task 0.0 in stage 83.0 (TID 138)
[50.818s][info][gc,stats    ]      42 of   173 ms ( 24.3%): <total>
[50.818s][info][gc,stats    ]       0 of   173 ms (  0.1%): <average total>
[50.818s][info][gc,stats    ]      21 of   173 ms ( 12.1%): <average non-zero>
[50.818s][info][gc,stats    ] 
[50.818s][info][gc,metaspace] Metaspace: 65922K(66624K)->65941K(66752K) NonClass: 57633K(58048K)->57649K(58112K) Class: 8288K(8576K)->8291K(8640K)
[50.818s][info][gc,ergo     ] Pacer for Idle. Initial: 41943K, Alloc Tax Rate: 1.0x
[50.825s][info][gc          ] Trigger: Learning 5 of 5. Free (1330M) is below initial threshold (1433M)
[50.825s][info][gc,ergo     ] Free: 1330M, Max: 1024K regular, 406M humongous, Frag: 70% external, 0% internal; Reserve: 103M, Max: 1024K
[50.825s][info][gc,start    ] GC(134) Concurrent reset
[50.825s][info][gc,task     ] GC(134) Using 1 of 3 workers for concurrent reset
[50.825s][info][gc,ergo     ] GC(134) Pacer for Reset. Non-Taxable: 2048M
[50.826s][info][gc          ] GC(134) Concurrent reset 1.000ms
[50.826s][info][gc,start    ] GC(134) Pause Init Mark (unload classes)
[50.826s][info][gc,task     ] GC(134) Using 3 of 3 workers for init marking
[50.826s][info][gc,ergo     ] GC(134) Pacer for Mark. Expected Live: 171M, Free: 1329M, Non-Taxable: 132M, Alloc Tax Rate: 0.2x
[50.826s][info][gc          ] GC(134) Pause Init Mark (unload classes) 0.104ms
[50.826s][info][gc,start    ] GC(134) Concurrent marking roots
[50.826s][info][gc,task     ] GC(134) Using 1 of 3 workers for concurrent marking roots
[50.835s][info][gc          ] GC(134) Concurrent marking roots 8.941ms
[50.835s][info][gc,start    ] GC(134) Concurrent marking (unload classes)
[50.835s][info][gc,task     ] GC(134) Using 1 of 3 workers for concurrent marking
[50.964s][info][gc          ] GC(134) Concurrent marking (unload classes) 129.035ms
[50.964s][info][gc,start    ] GC(134) Pause Final Mark (unload classes)
[50.964s][info][gc,task     ] GC(134) Using 3 of 3 workers for final marking
[50.965s][info][gc,ergo     ] GC(134) Collectable Garbage: 408M (93%), Immediate: 408M (93%), CSet: 0B (0%)
[50.965s][info][gc          ] GC(134) Pause Final Mark (unload classes) 0.461ms
[50.965s][info][gc,start    ] GC(134) Concurrent weak references
[50.965s][info][gc,task     ] GC(134) Using 1 of 3 workers for concurrent weak references
[50.965s][info][gc,ref      ] GC(134) Encountered references: Soft: 2923, Weak: 5944, Final: 51, Phantom: 579
[50.965s][info][gc,ref      ] GC(134) Discovered  references: Soft: 0, Weak: 944, Final: 0, Phantom: 260
[50.965s][info][gc,ref      ] GC(134) Enqueued    references: Soft: 0, Weak: 163, Final: 0, Phantom: 0
[50.965s][info][gc          ] GC(134) Concurrent weak references 0.233ms
[50.965s][info][gc,start    ] GC(134) Concurrent weak roots
[50.965s][info][gc,task     ] GC(134) Using 1 of 3 workers for concurrent weak root
[50.968s][info][gc          ] GC(134) Concurrent weak roots 3.328ms
[50.968s][info][gc,start    ] GC(134) Concurrent cleanup
[50.968s][info][gc          ] GC(134) Concurrent cleanup 620M->211M(2048M) 0.048ms
[50.968s][info][gc,ergo     ] GC(134) Free: 1731M, Max: 1024K regular, 890M humongous, Frag: 49% external, 0% internal; Reserve: 103M, Max: 1024K
[50.968s][info][gc,start    ] GC(134) Concurrent class unloading
[50.968s][info][gc,task     ] GC(134) Using 1 of 3 workers for concurrent class unloading
[50.979s][info][gc          ] GC(134) Concurrent class unloading 10.579ms
[50.979s][info][gc,start    ] GC(134) Pause Final Roots
[50.979s][info][gc          ] GC(134) Pause Final Roots 0.068ms
[50.979s][info][gc,ergo     ] Free: 1731M, Max: 1024K regular, 890M humongous, Frag: 49% external, 0% internal; Reserve: 103M, Max: 1024K
[50.979s][info][gc,stats    ] 
[50.979s][info][gc,stats    ] All times are wall-clock times, except per-root-class counters, that are sum over
[50.979s][info][gc,stats    ] all workers. Dividing the <total> over the root stage time estimates parallelism.
[50.979s][info][gc,stats    ] 
[50.980s][info][gc,stats    ] Concurrent Reset                   1064 us
[50.980s][info][gc,stats    ] Pause Init Mark (G)                 232 us
[50.980s][info][gc,stats    ] Pause Init Mark (N)                 116 us
[50.980s][info][gc,stats    ]   Update Region States               42 us
[50.980s][info][gc,stats    ] Concurrent Mark Roots              9005 us, parallelism: 0.97x
[50.980s][info][gc,stats    ]   CMR: <total>                     8753 us
[50.980s][info][gc,stats    ]   CMR: Thread Roots                8637 us, workers (us): 8637, ---, ---, 
[50.980s][info][gc,stats    ]   CMR: VM Strong Roots               13 us, workers (us):  13, ---, ---, 
[50.980s][info][gc,stats    ]   CMR: CLDG Roots                   103 us, workers (us): 103, ---, ---, 
[50.980s][info][gc,stats    ] Concurrent Marking               129115 us
[50.980s][info][gc,stats    ] Pause Final Mark (G)                606 us
[50.980s][info][gc,stats    ] Pause Final Mark (N)                486 us
[50.980s][info][gc,stats    ]   Finish Mark                       137 us
[50.980s][info][gc,stats    ]   Update Region States              122 us
[50.980s][info][gc,stats    ]   Choose Collection Set              83 us
[50.980s][info][gc,stats    ]   Rebuild Free Set                   23 us
[50.980s][info][gc,stats    ] Concurrent Weak References          241 us, parallelism: 0.39x
[50.980s][info][gc,stats    ]   CWRF: <total>                      93 us
[50.980s][info][gc,stats    ]   CWRF: Weak References              93 us, workers (us):  93, ---, ---, 
[50.980s][info][gc,stats    ] Concurrent Weak Roots              3375 us
[50.980s][info][gc,stats    ]   Roots                            3133 us, parallelism: 0.98x
[50.980s][info][gc,stats    ]     CWR: <total>                   3056 us
[50.980s][info][gc,stats    ]     CWR: Code Cache Roots          2410 us, workers (us): 2410, ---, ---, 
[50.980s][info][gc,stats    ]     CWR: VM Weak Roots              588 us, workers (us): 588, ---, ---, 
[50.980s][info][gc,stats    ]     CWR: CLDG Roots                  58 us, workers (us):  58, ---, ---, 
[50.980s][info][gc,stats    ]   Rendezvous                        178 us
[50.980s][info][gc,stats    ] Concurrent Cleanup                   56 us
[50.980s][info][gc,stats    ] Concurrent Class Unloading        10644 us
[50.980s][info][gc,stats    ]   Unlink Stale                     9608 us
[50.980s][info][gc,stats    ]     System Dictionary                50 us
[50.980s][info][gc,stats    ]     Weak Class Links                  0 us
[50.980s][info][gc,stats    ]     Code Roots                     9556 us
[50.980s][info][gc,stats    ]   Rendezvous                        259 us
[50.980s][info][gc,stats    ]   Purge Unlinked                    691 us
[50.980s][info][gc,stats    ]     Code Roots                      675 us
[50.980s][info][gc,stats    ]     CLDG                             15 us
[50.980s][info][gc,stats    ]     Exception Caches                  0 us
[50.980s][info][gc,stats    ] Pause Final Roots (G)               226 us
[50.980s][info][gc,stats    ] Pause Final Roots (N)                87 us
[50.980s][info][gc,stats    ] 
[50.980s][info][gc,stats    ] Allocation pacing accrued:
[50.980s][info][gc,stats    ]       0 of   162 ms (  0.0%): <total>
[50.980s][info][gc,stats    ]       0 of   162 ms (  0.0%): <average total>
[50.980s][info][gc,stats    ] 
[50.980s][info][gc,metaspace] Metaspace: 65944K(66752K)->65948K(66752K) NonClass: 57652K(58112K)->57656K(58112K) Class: 8291K(8640K)->8291K(8640K)
[50.980s][info][gc,ergo     ] Pacer for Idle. Initial: 41943K, Alloc Tax Rate: 1.0x
[50.982s][info][gc          ] Trigger: Explicit GC request (System.gc())
[50.982s][info][gc,ergo     ] Free: 1731M, Max: 1024K regular, 890M humongous, Frag: 49% external, 0% internal; Reserve: 103M, Max: 1024K
[50.982s][info][gc,start    ] GC(135) Concurrent reset
[50.982s][info][gc,task     ] GC(135) Using 1 of 3 workers for concurrent reset
[50.982s][info][gc,ergo     ] GC(135) Pacer for Reset. Non-Taxable: 2048M
[50.983s][info][gc          ] GC(135) Concurrent reset 1.017ms
[50.983s][info][gc,start    ] GC(135) Pause Init Mark (unload classes)
[50.983s][info][gc,task     ] GC(135) Using 3 of 3 workers for init marking
[50.983s][info][gc,ref      ] GC(135) Clearing All SoftReferences
[50.983s][info][gc,ergo     ] GC(135) Pacer for Mark. Expected Live: 171M, Free: 1731M, Non-Taxable: 173M, Alloc Tax Rate: 0.1x
[50.983s][info][gc          ] GC(135) Pause Init Mark (unload classes) 0.309ms
[50.983s][info][gc,start    ] GC(135) Concurrent marking roots
[50.984s][info][gc,task     ] GC(135) Using 1 of 3 workers for concurrent marking roots
[50.992s][info][gc          ] GC(135) Concurrent marking roots 8.965ms
[50.993s][info][gc,start    ] GC(135) Concurrent marking (unload classes)
[50.993s][info][gc,task     ] GC(135) Using 1 of 3 workers for concurrent marking
[51.120s][info][gc          ] GC(135) Concurrent marking (unload classes) 127.291ms
[51.120s][info][gc,start    ] GC(135) Pause Final Mark (unload classes)
[51.120s][info][gc,task     ] GC(135) Using 3 of 3 workers for final marking
[51.120s][info][gc,ergo     ] GC(135) Adaptive CSet Selection. Target Free: 290M, Actual Free: 1822M, Max CSet: 87381K, Min Garbage: 0B
[51.120s][info][gc,ergo     ] GC(135) Collectable Garbage: 37856K (89%), Immediate: 2048K (4%), CSet: 35808K (85%)
[51.120s][info][gc,ergo     ] GC(135) Pacer for Evacuation. Used CSet: 36641K, Free: 1732M, Non-Taxable: 173M, Alloc Tax Rate: 1.1x
[51.120s][info][gc          ] GC(135) Pause Final Mark (unload classes) 0.452ms
[51.120s][info][gc,start    ] GC(135) Concurrent thread roots
[51.120s][info][gc,task     ] GC(135) Using 1 of 3 workers for Concurrent thread roots
[51.130s][info][gc          ] GC(135) Concurrent thread roots 9.227ms
[51.130s][info][gc,start    ] GC(135) Concurrent weak references
[51.130s][info][gc,task     ] GC(135) Using 1 of 3 workers for concurrent weak references
[51.130s][info][gc,ref      ] GC(135) Encountered references: Soft: 2824, Weak: 5685, Final: 51, Phantom: 579
[51.130s][info][gc,ref      ] GC(135) Discovered  references: Soft: 658, Weak: 793, Final: 0, Phantom: 337
[51.130s][info][gc,ref      ] GC(135) Enqueued    references: Soft: 296, Weak: 3, Final: 0, Phantom: 0
[51.130s][info][gc          ] GC(135) Concurrent weak references 0.445ms
[51.130s][info][gc,start    ] GC(135) Concurrent weak roots
[51.130s][info][gc,task     ] GC(135) Using 1 of 3 workers for concurrent weak root
[51.133s][info][gc          ] GC(135) Concurrent weak roots 2.920ms
[51.133s][info][gc,start    ] GC(135) Concurrent cleanup
[51.133s][info][gc          ] GC(135) Concurrent cleanup 213M->211M(2048M) 0.044ms
[51.133s][info][gc,ergo     ] GC(135) Free: 1732M, Max: 1024K regular, 890M humongous, Frag: 49% external, 0% internal; Reserve: 102M, Max: 1024K
[51.133s][info][gc,start    ] GC(135) Concurrent class unloading
[51.133s][info][gc,task     ] GC(135) Using 1 of 3 workers for concurrent class unloading
[51.151s][info][gc          ] GC(135) Concurrent class unloading 17.782ms
[51.151s][info][gc,start    ] GC(135) Concurrent strong roots
[51.151s][info][gc,task     ] GC(135) Using 1 of 3 workers for concurrent strong root
[51.151s][info][gc          ] GC(135) Concurrent strong roots 0.288ms
[51.151s][info][gc,start    ] GC(135) Concurrent evacuation
[51.151s][info][gc,task     ] GC(135) Using 1 of 3 workers for concurrent evacuation
[51.152s][info][gc          ] GC(135) Concurrent evacuation 0.425ms
[51.152s][info][gc,start    ] GC(135) Pause Init Update Refs
[51.152s][info][gc,ergo     ] GC(135) Pacer for Update Refs. Used: 211M, Free: 1732M, Non-Taxable: 173M, Alloc Tax Rate: 1.1x
[51.152s][info][gc          ] GC(135) Pause Init Update Refs 0.060ms
[51.152s][info][gc,start    ] GC(135) Concurrent update references
[51.152s][info][gc,task     ] GC(135) Using 1 of 3 workers for concurrent reference update
[51.214s][info][gc          ] GC(135) Concurrent update references 61.643ms
[51.214s][info][gc,start    ] GC(135) Concurrent update thread roots
[51.222s][info][gc          ] GC(135) Concurrent update thread roots 7.809ms
[51.222s][info][gc,start    ] GC(135) Pause Final Update Refs
[51.222s][info][gc,task     ] GC(135) Using 3 of 3 workers for final reference update
[51.222s][info][gc          ] GC(135) Pause Final Update Refs 0.318ms
[51.222s][info][gc,start    ] GC(135) Concurrent cleanup
[51.222s][info][gc          ] GC(135) Concurrent cleanup 211M->175M(2048M) 0.075ms
[51.222s][info][gc,ergo     ] Free: 1767M, Max: 1024K regular, 1394M humongous, Frag: 21% external, 0% internal; Reserve: 103M, Max: 1024K
[51.222s][info][gc,stats    ] 
[51.222s][info][gc,stats    ] All times are wall-clock times, except per-root-class counters, that are sum over
[51.222s][info][gc,stats    ] all workers. Dividing the <total> over the root stage time estimates parallelism.
[51.222s][info][gc,stats    ] 
[51.222s][info][gc,stats    ] Concurrent Reset                   1046 us
[51.222s][info][gc,stats    ] Pause Init Mark (G)                 486 us
[51.222s][info][gc,stats    ] Pause Init Mark (N)                 327 us
[51.222s][info][gc,stats    ]   Update Region States               95 us
[51.222s][info][gc,stats    ] Concurrent Mark Roots              9033 us, parallelism: 0.96x
[51.222s][info][gc,stats    ]   CMR: <total>                     8676 us
[51.222s][info][gc,stats    ]   CMR: Thread Roots                8585 us, workers (us): 8585, ---, ---, 
[51.222s][info][gc,stats    ]   CMR: VM Strong Roots               11 us, workers (us):  11, ---, ---, 
[51.222s][info][gc,stats    ]   CMR: CLDG Roots                    80 us, workers (us):  80, ---, ---, 
[51.222s][info][gc,stats    ] Concurrent Marking               127362 us
[51.222s][info][gc,stats    ] Pause Final Mark (G)                553 us
[51.222s][info][gc,stats    ] Pause Final Mark (N)                464 us
[51.223s][info][gc,stats    ]   Finish Mark                       259 us
[51.223s][info][gc,stats    ]   Update Region States               47 us
[51.223s][info][gc,stats    ]   Choose Collection Set              52 us
[51.223s][info][gc,stats    ]   Rebuild Free Set                    8 us
[51.223s][info][gc,stats    ] Concurrent Thread Roots            9281 us, parallelism: 0.97x
[51.223s][info][gc,stats    ]   CTR: <total>                     9006 us
[51.223s][info][gc,stats    ]   CTR: Thread Roots                9006 us, workers (us): 9006, ---, ---, 
[51.223s][info][gc,stats    ] Concurrent Weak References          461 us, parallelism: 0.57x
[51.223s][info][gc,stats    ]   CWRF: <total>                     261 us
[51.223s][info][gc,stats    ]   CWRF: Weak References             261 us, workers (us): 261, ---, ---, 
[51.223s][info][gc,stats    ] Concurrent Weak Roots              2987 us
[51.223s][info][gc,stats    ]   Roots                            2629 us, parallelism: 0.94x
[51.223s][info][gc,stats    ]     CWR: <total>                   2460 us
[51.223s][info][gc,stats    ]     CWR: Code Cache Roots          1979 us, workers (us): 1979, ---, ---, 
[51.223s][info][gc,stats    ]     CWR: VM Weak Roots              434 us, workers (us): 434, ---, ---, 
[51.223s][info][gc,stats    ]     CWR: CLDG Roots                  47 us, workers (us):  47, ---, ---, 
[51.223s][info][gc,stats    ]   Rendezvous                        253 us
[51.223s][info][gc,stats    ] Concurrent Cleanup                   62 us
[51.223s][info][gc,stats    ] Concurrent Class Unloading        17830 us
[51.223s][info][gc,stats    ]   Unlink Stale                    16535 us
[51.223s][info][gc,stats    ]     System Dictionary               851 us
[51.223s][info][gc,stats    ]     Weak Class Links               6049 us
[51.223s][info][gc,stats    ]     Code Roots                     9634 us
[51.223s][info][gc,stats    ]   Rendezvous                        264 us
[51.223s][info][gc,stats    ]   Purge Unlinked                    947 us
[51.223s][info][gc,stats    ]     Code Roots                      614 us
[51.223s][info][gc,stats    ]     CLDG                            333 us
[51.223s][info][gc,stats    ]     Exception Caches                  0 us
[51.223s][info][gc,stats    ] Concurrent Strong Roots             308 us, parallelism: 0.62x
[51.223s][info][gc,stats    ]   CSR: <total>                      192 us
[51.223s][info][gc,stats    ]   CSR: VM Strong Roots               11 us, workers (us):  11, ---, ---, 
[51.223s][info][gc,stats    ]   CSR: CLDG Roots                   181 us, workers (us): 181, ---, ---, 
[51.223s][info][gc,stats    ] Concurrent Evacuation               446 us
[51.223s][info][gc,stats    ] Pause Init Update Refs (G)          125 us
[51.223s][info][gc,stats    ] Pause Init Update Refs (N)           68 us
[51.223s][info][gc,stats    ]   Manage GCLABs                      10 us
[51.223s][info][gc,stats    ] Concurrent Update Refs            61723 us
[51.223s][info][gc,stats    ] Concurrent Update Thread Roots     7860 us
[51.223s][info][gc,stats    ] Pause Final Update Refs (G)         420 us
[51.223s][info][gc,stats    ] Pause Final Update Refs (N)         329 us
[51.223s][info][gc,stats    ]   Update Region States              233 us
[51.223s][info][gc,stats    ]   Trash Collection Set                4 us
[51.223s][info][gc,stats    ]   Rebuild Free Set                   23 us
[51.223s][info][gc,stats    ] Concurrent Cleanup                  101 us
[51.223s][info][gc,stats    ] 
[51.223s][info][gc,stats    ] Allocation pacing accrued:
[51.223s][info][gc,stats    ]       0 of   243 ms (  0.0%): <total>
[51.223s][info][gc,stats    ]       0 of   243 ms (  0.0%): <average total>
[51.223s][info][gc,stats    ] 
[51.223s][info][gc,metaspace] Metaspace: 65948K(66752K)->65625K(66688K) NonClass: 57656K(58112K)->57388K(58112K) Class: 8291K(8640K)->8237K(8576K)
[51.223s][info][gc,ergo     ] Pacer for Idle. Initial: 41943K, Alloc Tax Rate: 1.0x
[51.433s][info][gc          ] Trigger: Learning 2 of 5. Free (1405M) is below initial threshold (1433M)
[51.433s][info][gc,ergo     ] Free: 1405M, Max: 1024K regular, 1391M humongous, Frag: 0% external, 0% internal; Reserve: 103M, Max: 1024K
[51.433s][info][gc,start    ] GC(136) Concurrent reset
[51.433s][info][gc,task     ] GC(136) Using 1 of 3 workers for concurrent reset
[51.433s][info][gc,ergo     ] GC(136) Pacer for Reset. Non-Taxable: 2048M
[51.434s][info][gc          ] GC(136) Concurrent reset 0.992ms
[51.434s][info][gc,start    ] GC(136) Pause Init Mark (unload classes)
[51.434s][info][gc,task     ] GC(136) Using 3 of 3 workers for init marking
[51.434s][info][gc,ergo     ] GC(136) Pacer for Mark. Expected Live: 171M, Free: 1405M, Non-Taxable: 140M, Alloc Tax Rate: 0.1x
[51.434s][info][gc          ] GC(136) Pause Init Mark (unload classes) 0.108ms
[51.434s][info][gc,start    ] GC(136) Concurrent marking roots
[51.434s][info][gc,task     ] GC(136) Using 1 of 3 workers for concurrent marking roots
[51.443s][info][gc          ] GC(136) Concurrent marking roots 9.151ms
[51.443s][info][gc,start    ] GC(136) Concurrent marking (unload classes)
[51.443s][info][gc,task     ] GC(136) Using 1 of 3 workers for concurrent marking
[51.575s][info][gc          ] GC(136) Concurrent marking (unload classes) 132.074ms
[51.575s][info][gc,start    ] GC(136) Pause Final Mark (unload classes)
[51.576s][info][gc,task     ] GC(136) Using 3 of 3 workers for final marking
[51.576s][info][gc,ergo     ] GC(136) Collectable Garbage: 332M (91%), Immediate: 332M (91%), CSet: 0B (0%)
[51.576s][info][gc          ] GC(136) Pause Final Mark (unload classes) 0.177ms
[51.576s][info][gc,start    ] GC(136) Concurrent weak references
[51.576s][info][gc,task     ] GC(136) Using 1 of 3 workers for concurrent weak references
[51.576s][info][gc,ref      ] GC(136) Encountered references: Soft: 2909, Weak: 5963, Final: 51, Phantom: 579
[51.576s][info][gc,ref      ] GC(136) Discovered  references: Soft: 0, Weak: 876, Final: 0, Phantom: 337
[51.576s][info][gc,ref      ] GC(136) Enqueued    references: Soft: 0, Weak: 92, Final: 0, Phantom: 0
[51.576s][info][gc          ] GC(136) Concurrent weak references 0.192ms
[51.576s][info][gc,start    ] GC(136) Concurrent weak roots
[51.576s][info][gc,task     ] GC(136) Using 1 of 3 workers for concurrent weak root
[51.580s][info][gc          ] GC(136) Concurrent weak roots 3.760ms
[51.580s][info][gc,start    ] GC(136) Concurrent cleanup
[51.580s][info][gc          ] GC(136) Concurrent cleanup 977M->645M(2048M) 0.052ms
[51.580s][info][gc,ergo     ] GC(136) Free: 1297M, Max: 1024K regular, 948M humongous, Frag: 27% external, 0% internal; Reserve: 103M, Max: 1024K
[51.580s][info][gc,start    ] GC(136) Concurrent class unloading
[51.580s][info][gc,task     ] GC(136) Using 1 of 3 workers for concurrent class unloading
[51.602s][info][gc          ] GC(136) Concurrent class unloading 21.765ms
[51.602s][info][gc,start    ] GC(136) Pause Final Roots
[51.602s][info][gc          ] GC(136) Pause Final Roots 0.036ms
[51.602s][info][gc,ergo     ] Free: 1216M, Max: 1024K regular, 948M humongous, Frag: 22% external, 0% internal; Reserve: 103M, Max: 1024K
[51.602s][info][gc,stats    ] 
[51.602s][info][gc,stats    ] All times are wall-clock times, except per-root-class counters, that are sum over
[51.602s][info][gc,stats    ] all workers. Dividing the <total> over the root stage time estimates parallelism.
[51.602s][info][gc,stats    ] 
[51.602s][info][gc,stats    ] Concurrent Reset                   1041 us
[51.602s][info][gc,stats    ] Pause Init Mark (G)                 225 us
[51.602s][info][gc,stats    ] Pause Init Mark (N)                 117 us
[51.602s][info][gc,stats    ]   Update Region States               41 us
[51.602s][info][gc,stats    ] Concurrent Mark Roots              9200 us, parallelism: 0.96x
[51.602s][info][gc,stats    ]   CMR: <total>                     8803 us
[51.602s][info][gc,stats    ]   CMR: Thread Roots                8698 us, workers (us): 8698, ---, ---, 
[51.602s][info][gc,stats    ]   CMR: VM Strong Roots               14 us, workers (us):  14, ---, ---, 
[51.602s][info][gc,stats    ]   CMR: CLDG Roots                    91 us, workers (us):  91, ---, ---, 
[51.602s][info][gc,stats    ] Concurrent Marking               132121 us
[51.602s][info][gc,stats    ] Pause Final Mark (G)                244 us
[51.602s][info][gc,stats    ] Pause Final Mark (N)                186 us
[51.602s][info][gc,stats    ]   Finish Mark                        64 us
[51.602s][info][gc,stats    ]   Update Region States               29 us
[51.602s][info][gc,stats    ]   Choose Collection Set              26 us
[51.602s][info][gc,stats    ]   Rebuild Free Set                    7 us
[51.602s][info][gc,stats    ] Concurrent Weak References          200 us, parallelism: 0.59x
[51.602s][info][gc,stats    ]   CWRF: <total>                     119 us
[51.602s][info][gc,stats    ]   CWRF: Weak References             119 us, workers (us): 119, ---, ---, 
[51.602s][info][gc,stats    ] Concurrent Weak Roots              3795 us
[51.602s][info][gc,stats    ]   Roots                            3516 us, parallelism: 0.99x
[51.602s][info][gc,stats    ]     CWR: <total>                   3477 us
[51.602s][info][gc,stats    ]     CWR: Code Cache Roots          3028 us, workers (us): 3028, ---, ---, 
[51.602s][info][gc,stats    ]     CWR: VM Weak Roots              383 us, workers (us): 383, ---, ---, 
[51.602s][info][gc,stats    ]     CWR: CLDG Roots                  67 us, workers (us):  67, ---, ---, 
[51.602s][info][gc,stats    ]   Rendezvous                        227 us
[51.602s][info][gc,stats    ] Concurrent Cleanup                   60 us
[51.602s][info][gc,stats    ] Concurrent Class Unloading        21832 us
[51.602s][info][gc,stats    ]   Unlink Stale                    20795 us
[51.602s][info][gc,stats    ]     System Dictionary               235 us
[51.602s][info][gc,stats    ]     Weak Class Links               8730 us
[51.602s][info][gc,stats    ]     Code Roots                    11828 us
[51.602s][info][gc,stats    ]   Rendezvous                        210 us
[51.602s][info][gc,stats    ]   Purge Unlinked                    739 us
[51.602s][info][gc,stats    ]     Code Roots                      713 us
[51.602s][info][gc,stats    ]     CLDG                             25 us
[51.602s][info][gc,stats    ]     Exception Caches                  0 us
[51.602s][info][gc,stats    ] Pause Final Roots (G)               120 us
[51.602s][info][gc,stats    ] Pause Final Roots (N)                45 us
[51.602s][info][gc,stats    ] Pacing                           130382 us
[51.602s][info][gc,stats    ] 
[51.602s][info][gc,stats    ] Allocation pacing accrued:
[51.602s][info][gc,stats    ]      58 of   379 ms ( 15.2%): Executor task launch worker for task 1.0 in stage 85.0 (TID 142)
[51.602s][info][gc,stats    ]      73 of   379 ms ( 19.2%): Executor task launch worker for task 0.0 in stage 85.0 (TID 141)
[51.602s][info][gc,stats    ]     130 of   379 ms ( 34.4%): <total>
[51.602s][info][gc,stats    ]       0 of   379 ms (  0.1%): <average total>
[51.602s][info][gc,stats    ]      65 of   379 ms ( 17.2%): <average non-zero>
[51.602s][info][gc,stats    ] 
[51.602s][info][gc,metaspace] Metaspace: 65949K(66688K)->65948K(66688K) NonClass: 57660K(58112K)->57659K(58112K) Class: 8289K(8576K)->8288K(8576K)
[51.602s][info][gc,ergo     ] Pacer for Idle. Initial: 41943K, Alloc Tax Rate: 1.0x
[51.605s][info][gc          ] Trigger: Learning 3 of 5. Free (1203M) is below initial threshold (1433M)
[51.605s][info][gc,ergo     ] Free: 1203M, Max: 1024K regular, 948M humongous, Frag: 21% external, 0% internal; Reserve: 103M, Max: 1024K
[51.605s][info][gc,start    ] GC(137) Concurrent reset
[51.605s][info][gc,task     ] GC(137) Using 1 of 3 workers for concurrent reset
[51.605s][info][gc,ergo     ] GC(137) Pacer for Reset. Non-Taxable: 2048M
[51.606s][info][gc          ] GC(137) Concurrent reset 1.003ms
[51.606s][info][gc,start    ] GC(137) Pause Init Mark (unload classes)
[51.607s][info][gc,task     ] GC(137) Using 3 of 3 workers for init marking
[51.607s][info][gc,ergo     ] GC(137) Pacer for Mark. Expected Live: 171M, Free: 1199M, Non-Taxable: 119M, Alloc Tax Rate: 0.2x
[51.607s][info][gc          ] GC(137) Pause Init Mark (unload classes) 0.160ms
[51.607s][info][gc,start    ] GC(137) Concurrent marking roots
[51.607s][info][gc,task     ] GC(137) Using 1 of 3 workers for concurrent marking roots
[51.616s][info][gc          ] GC(137) Concurrent marking roots 9.010ms
[51.616s][info][gc,start    ] GC(137) Concurrent marking (unload classes)
[51.616s][info][gc,task     ] GC(137) Using 1 of 3 workers for concurrent marking
[51.748s][info][gc          ] GC(137) Concurrent marking (unload classes) 132.020ms
[51.748s][info][gc,start    ] GC(137) Pause Final Mark (unload classes)
[51.748s][info][gc,task     ] GC(137) Using 3 of 3 workers for final marking
[51.748s][info][gc,ergo     ] GC(137) Collectable Garbage: 530M (92%), Immediate: 530M (92%), CSet: 0B (0%)
[51.748s][info][gc          ] GC(137) Pause Final Mark (unload classes) 0.207ms
[51.748s][info][gc,start    ] GC(137) Concurrent weak references
[51.748s][info][gc,task     ] GC(137) Using 1 of 3 workers for concurrent weak references
[51.748s][info][gc,ref      ] GC(137) Encountered references: Soft: 2909, Weak: 5870, Final: 51, Phantom: 579
[51.748s][info][gc,ref      ] GC(137) Discovered  references: Soft: 0, Weak: 790, Final: 0, Phantom: 260
[51.748s][info][gc,ref      ] GC(137) Enqueued    references: Soft: 0, Weak: 21, Final: 0, Phantom: 0
[51.748s][info][gc          ] GC(137) Concurrent weak references 0.179ms
[51.748s][info][gc,start    ] GC(137) Concurrent weak roots
[51.748s][info][gc,task     ] GC(137) Using 1 of 3 workers for concurrent weak root
[51.752s][info][gc          ] GC(137) Concurrent weak roots 3.614ms
[51.752s][info][gc,start    ] GC(137) Concurrent cleanup
[51.752s][info][gc          ] GC(137) Concurrent cleanup 1230M->700M(2048M) 0.085ms
[51.752s][info][gc,ergo     ] GC(137) Free: 1241M, Max: 1024K regular, 698M humongous, Frag: 44% external, 0% internal; Reserve: 103M, Max: 1024K
[51.752s][info][gc,start    ] GC(137) Concurrent class unloading
[51.752s][info][gc,task     ] GC(137) Using 1 of 3 workers for concurrent class unloading
[51.764s][info][gc          ] GC(137) Concurrent class unloading 11.728ms
[51.764s][info][gc,start    ] GC(137) Pause Final Roots
[51.764s][info][gc          ] GC(137) Pause Final Roots 0.059ms
[51.764s][info][gc,ergo     ] Free: 1197M, Max: 1024K regular, 698M humongous, Frag: 41% external, 0% internal; Reserve: 103M, Max: 1024K
[51.764s][info][gc,stats    ] 
[51.764s][info][gc,stats    ] All times are wall-clock times, except per-root-class counters, that are sum over
[51.764s][info][gc,stats    ] all workers. Dividing the <total> over the root stage time estimates parallelism.
[51.764s][info][gc,stats    ] 
[51.764s][info][gc,stats    ] Concurrent Reset                   1029 us
[51.764s][info][gc,stats    ] Pause Init Mark (G)                 310 us
[51.764s][info][gc,stats    ] Pause Init Mark (N)                 169 us
[51.764s][info][gc,stats    ]   Update Region States               41 us
[51.764s][info][gc,stats    ] Concurrent Mark Roots              9105 us, parallelism: 0.97x
[51.764s][info][gc,stats    ]   CMR: <total>                     8858 us
[51.764s][info][gc,stats    ]   CMR: Thread Roots                8778 us, workers (us): 8778, ---, ---, 
[51.764s][info][gc,stats    ]   CMR: VM Strong Roots               11 us, workers (us):  11, ---, ---, 
[51.764s][info][gc,stats    ]   CMR: CLDG Roots                    68 us, workers (us):  68, ---, ---, 
[51.764s][info][gc,stats    ] Concurrent Marking               132095 us
[51.764s][info][gc,stats    ] Pause Final Mark (G)                286 us
[51.764s][info][gc,stats    ] Pause Final Mark (N)                217 us
[51.764s][info][gc,stats    ]   Finish Mark                        56 us
[51.764s][info][gc,stats    ]   Update Region States               46 us
[51.765s][info][gc,stats    ]   Choose Collection Set              41 us
[51.765s][info][gc,stats    ]   Rebuild Free Set                    8 us
[51.765s][info][gc,stats    ] Concurrent Weak References          186 us, parallelism: 0.49x
[51.765s][info][gc,stats    ]   CWRF: <total>                      91 us
[51.765s][info][gc,stats    ]   CWRF: Weak References              91 us, workers (us):  91, ---, ---, 
[51.765s][info][gc,stats    ] Concurrent Weak Roots              3644 us
[51.765s][info][gc,stats    ]   Roots                            3405 us, parallelism: 0.98x
[51.765s][info][gc,stats    ]     CWR: <total>                   3326 us
[51.765s][info][gc,stats    ]     CWR: Code Cache Roots          2721 us, workers (us): 2721, ---, ---, 
[51.765s][info][gc,stats    ]     CWR: VM Weak Roots              552 us, workers (us): 552, ---, ---, 
[51.765s][info][gc,stats    ]     CWR: CLDG Roots                  53 us, workers (us):  53, ---, ---, 
[51.765s][info][gc,stats    ]   Rendezvous                        192 us
[51.765s][info][gc,stats    ] Concurrent Cleanup                  102 us
[51.765s][info][gc,stats    ] Concurrent Class Unloading        11790 us
[51.765s][info][gc,stats    ]   Unlink Stale                    10903 us
[51.765s][info][gc,stats    ]     System Dictionary                67 us
[51.765s][info][gc,stats    ]     Weak Class Links                  0 us
[51.765s][info][gc,stats    ]     Code Roots                    10835 us
[51.765s][info][gc,stats    ]   Rendezvous                        200 us
[51.765s][info][gc,stats    ]   Purge Unlinked                    591 us
[51.765s][info][gc,stats    ]     Code Roots                      586 us
[51.765s][info][gc,stats    ]     CLDG                              4 us
[51.765s][info][gc,stats    ]     Exception Caches                  0 us
[51.765s][info][gc,stats    ] Pause Final Roots (G)               186 us
[51.765s][info][gc,stats    ] Pause Final Roots (N)                69 us
[51.765s][info][gc,stats    ] 
[51.765s][info][gc,stats    ] Allocation pacing accrued:
[51.765s][info][gc,stats    ]       0 of   163 ms (  0.0%): <total>
[51.765s][info][gc,stats    ]       0 of   163 ms (  0.0%): <average total>
[51.765s][info][gc,stats    ] 
[51.765s][info][gc,metaspace] Metaspace: 65948K(66688K)->65948K(66688K) NonClass: 57659K(58112K)->57659K(58112K) Class: 8288K(8576K)->8288K(8576K)
[51.765s][info][gc,ergo     ] Pacer for Idle. Initial: 41943K, Alloc Tax Rate: 1.0x
[51.778s][info][gc          ] Trigger: Learning 4 of 5. Free (1154M) is below initial threshold (1433M)
[51.778s][info][gc,ergo     ] Free: 1154M, Max: 1024K regular, 698M humongous, Frag: 39% external, 0% internal; Reserve: 103M, Max: 1024K
[51.778s][info][gc,start    ] GC(138) Concurrent reset
[51.778s][info][gc,task     ] GC(138) Using 1 of 3 workers for concurrent reset
[51.778s][info][gc,ergo     ] GC(138) Pacer for Reset. Non-Taxable: 2048M
[51.779s][info][gc          ] GC(138) Concurrent reset 0.797ms
[51.779s][info][gc,start    ] GC(138) Pause Init Mark (unload classes)
[51.779s][info][gc,task     ] GC(138) Using 3 of 3 workers for init marking
[51.779s][info][gc,ergo     ] GC(138) Pacer for Mark. Expected Live: 171M, Free: 1154M, Non-Taxable: 115M, Alloc Tax Rate: 0.2x
[51.779s][info][gc          ] GC(138) Pause Init Mark (unload classes) 0.103ms
[51.779s][info][gc,start    ] GC(138) Concurrent marking roots
[51.779s][info][gc,task     ] GC(138) Using 1 of 3 workers for concurrent marking roots
[51.788s][info][gc          ] GC(138) Concurrent marking roots 9.555ms
[51.788s][info][gc,start    ] GC(138) Concurrent marking (unload classes)
[51.788s][info][gc,task     ] GC(138) Using 1 of 3 workers for concurrent marking
[51.918s][info][gc          ] GC(138) Concurrent marking (unload classes) 129.936ms
[51.918s][info][gc,start    ] GC(138) Pause Final Mark (unload classes)
[51.918s][info][gc,task     ] GC(138) Using 3 of 3 workers for final marking
[51.919s][info][gc,ergo     ] GC(138) Collectable Garbage: 575M (93%), Immediate: 575M (93%), CSet: 0B (0%)
[51.919s][info][gc          ] GC(138) Pause Final Mark (unload classes) 0.257ms
[51.919s][info][gc,start    ] GC(138) Concurrent weak references
[51.919s][info][gc,task     ] GC(138) Using 1 of 3 workers for concurrent weak references
[51.919s][info][gc,ref      ] GC(138) Encountered references: Soft: 2909, Weak: 5849, Final: 51, Phantom: 579
[51.919s][info][gc,ref      ] GC(138) Discovered  references: Soft: 0, Weak: 779, Final: 0, Phantom: 260
[51.919s][info][gc,ref      ] GC(138) Enqueued    references: Soft: 0, Weak: 0, Final: 0, Phantom: 0
[51.919s][info][gc          ] GC(138) Concurrent weak references 0.191ms
[51.919s][info][gc,start    ] GC(138) Concurrent weak roots
[51.919s][info][gc,task     ] GC(138) Using 1 of 3 workers for concurrent weak root
[51.923s][info][gc          ] GC(138) Concurrent weak roots 4.056ms
[51.923s][info][gc,start    ] GC(138) Concurrent cleanup
[51.923s][info][gc          ] GC(138) Concurrent cleanup 1220M->645M(2048M) 0.097ms
[51.923s][info][gc,ergo     ] GC(138) Free: 1297M, Max: 1024K regular, 710M humongous, Frag: 45% external, 0% internal; Reserve: 103M, Max: 1024K
[51.923s][info][gc,start    ] GC(138) Concurrent class unloading
[51.923s][info][gc,task     ] GC(138) Using 1 of 3 workers for concurrent class unloading
[51.935s][info][gc          ] GC(138) Concurrent class unloading 11.707ms
[51.935s][info][gc,start    ] GC(138) Pause Final Roots
[51.935s][info][gc          ] GC(138) Pause Final Roots 0.039ms
[51.935s][info][gc,ergo     ] Free: 1253M, Max: 1024K regular, 710M humongous, Frag: 43% external, 0% internal; Reserve: 103M, Max: 1024K
[51.935s][info][gc,stats    ] 
[51.935s][info][gc,stats    ] All times are wall-clock times, except per-root-class counters, that are sum over
[51.935s][info][gc,stats    ] all workers. Dividing the <total> over the root stage time estimates parallelism.
[51.935s][info][gc,stats    ] 
[51.935s][info][gc,stats    ] Concurrent Reset                    856 us
[51.935s][info][gc,stats    ] Pause Init Mark (G)                 177 us
[51.935s][info][gc,stats    ] Pause Init Mark (N)                 111 us
[51.935s][info][gc,stats    ]   Update Region States               39 us
[51.935s][info][gc,stats    ] Concurrent Mark Roots              9582 us, parallelism: 0.98x
[51.935s][info][gc,stats    ]   CMR: <total>                     9384 us
[51.935s][info][gc,stats    ]   CMR: Thread Roots                9212 us, workers (us): 9212, ---, ---, 
[51.935s][info][gc,stats    ]   CMR: VM Strong Roots               12 us, workers (us):  12, ---, ---, 
[51.935s][info][gc,stats    ]   CMR: CLDG Roots                   160 us, workers (us): 160, ---, ---, 
[51.935s][info][gc,stats    ] Concurrent Marking               130008 us
[51.935s][info][gc,stats    ] Pause Final Mark (G)                389 us
[51.935s][info][gc,stats    ] Pause Final Mark (N)                267 us
[51.935s][info][gc,stats    ]   Finish Mark                        65 us
[51.935s][info][gc,stats    ]   Update Region States               54 us
[51.935s][info][gc,stats    ]   Choose Collection Set              39 us
[51.935s][info][gc,stats    ]   Rebuild Free Set                    8 us
[51.935s][info][gc,stats    ] Concurrent Weak References          199 us, parallelism: 0.42x
[51.935s][info][gc,stats    ]   CWRF: <total>                      84 us
[51.935s][info][gc,stats    ]   CWRF: Weak References              84 us, workers (us):  84, ---, ---, 
[51.935s][info][gc,stats    ] Concurrent Weak Roots              4096 us
[51.935s][info][gc,stats    ]   Roots                            3795 us, parallelism: 0.98x
[51.935s][info][gc,stats    ]     CWR: <total>                   3711 us
[51.935s][info][gc,stats    ]     CWR: Code Cache Roots          2754 us, workers (us): 2754, ---, ---, 
[51.935s][info][gc,stats    ]     CWR: VM Weak Roots              903 us, workers (us): 903, ---, ---, 
[51.935s][info][gc,stats    ]     CWR: CLDG Roots                  53 us, workers (us):  53, ---, ---, 
[51.935s][info][gc,stats    ]   Rendezvous                        244 us
[51.935s][info][gc,stats    ] Concurrent Cleanup                  114 us
[51.935s][info][gc,stats    ] Concurrent Class Unloading        11793 us
[51.935s][info][gc,stats    ]   Unlink Stale                    10829 us
[51.935s][info][gc,stats    ]     System Dictionary                67 us
[51.935s][info][gc,stats    ]     Weak Class Links                  0 us
[51.935s][info][gc,stats    ]     Code Roots                    10759 us
[51.935s][info][gc,stats    ]   Rendezvous                        175 us
[51.935s][info][gc,stats    ]   Purge Unlinked                    667 us
[51.935s][info][gc,stats    ]     Code Roots                      659 us
[51.935s][info][gc,stats    ]     CLDG                              8 us
[51.935s][info][gc,stats    ]     Exception Caches                  0 us
[51.935s][info][gc,stats    ] Pause Final Roots (G)               128 us
[51.935s][info][gc,stats    ] Pause Final Roots (N)                57 us
[51.936s][info][gc,stats    ] Pacing                            34749 us
[51.936s][info][gc,stats    ] 
[51.936s][info][gc,stats    ] Allocation pacing accrued:
[51.936s][info][gc,stats    ]      17 of   171 ms ( 10.1%): Executor task launch worker for task 1.0 in stage 85.0 (TID 142)
[51.936s][info][gc,stats    ]      18 of   171 ms ( 10.3%): Executor task launch worker for task 0.0 in stage 85.0 (TID 141)
[51.936s][info][gc,stats    ]      35 of   171 ms ( 20.4%): <total>
[51.936s][info][gc,stats    ]       0 of   171 ms (  0.1%): <average total>
[51.936s][info][gc,stats    ]      17 of   171 ms ( 10.2%): <average non-zero>
[51.936s][info][gc,stats    ] 
[51.936s][info][gc,metaspace] Metaspace: 65948K(66688K)->65948K(66688K) NonClass: 57659K(58112K)->57659K(58112K) Class: 8288K(8576K)->8288K(8576K)
[51.936s][info][gc,ergo     ] Pacer for Idle. Initial: 41943K, Alloc Tax Rate: 1.0x
[51.951s][info][gc          ] Trigger: Learning 5 of 5. Free (1212M) is below initial threshold (1433M)
[51.951s][info][gc,ergo     ] Free: 1212M, Max: 1024K regular, 710M humongous, Frag: 41% external, 0% internal; Reserve: 103M, Max: 1024K
[51.951s][info][gc,start    ] GC(139) Concurrent reset
[51.951s][info][gc,task     ] GC(139) Using 1 of 3 workers for concurrent reset
[51.951s][info][gc,ergo     ] GC(139) Pacer for Reset. Non-Taxable: 2048M
[51.952s][info][gc          ] GC(139) Concurrent reset 1.241ms
[51.952s][info][gc,start    ] GC(139) Pause Init Mark (unload classes)
[51.952s][info][gc,task     ] GC(139) Using 3 of 3 workers for init marking
[51.952s][info][gc,ergo     ] GC(139) Pacer for Mark. Expected Live: 171M, Free: 1212M, Non-Taxable: 121M, Alloc Tax Rate: 0.2x
[51.952s][info][gc          ] GC(139) Pause Init Mark (unload classes) 0.163ms
[51.952s][info][gc,start    ] GC(139) Concurrent marking roots
[51.952s][info][gc,task     ] GC(139) Using 1 of 3 workers for concurrent marking roots
[51.961s][info][gc          ] GC(139) Concurrent marking roots 9.093ms
[51.961s][info][gc,start    ] GC(139) Concurrent marking (unload classes)
[51.961s][info][gc,task     ] GC(139) Using 1 of 3 workers for concurrent marking
[52.093s][info][gc          ] GC(139) Concurrent marking (unload classes) 131.698ms
[52.093s][info][gc,start    ] GC(139) Pause Final Mark (unload classes)
[52.093s][info][gc,task     ] GC(139) Using 3 of 3 workers for final marking
[52.093s][info][gc,ergo     ] GC(139) Collectable Garbage: 519M (92%), Immediate: 519M (92%), CSet: 0B (0%)
[52.093s][info][gc          ] GC(139) Pause Final Mark (unload classes) 0.216ms
[52.094s][info][gc,start    ] GC(139) Concurrent weak references
[52.094s][info][gc,task     ] GC(139) Using 1 of 3 workers for concurrent weak references
[52.094s][info][gc,ref      ] GC(139) Encountered references: Soft: 2909, Weak: 5845, Final: 51, Phantom: 579
[52.094s][info][gc,ref      ] GC(139) Discovered  references: Soft: 0, Weak: 472, Final: 0, Phantom: 337
[52.094s][info][gc,ref      ] GC(139) Enqueued    references: Soft: 0, Weak: 0, Final: 0, Phantom: 0
[52.094s][info][gc          ] GC(139) Concurrent weak references 0.215ms
[52.094s][info][gc,start    ] GC(139) Concurrent weak roots
[52.094s][info][gc,task     ] GC(139) Using 1 of 3 workers for concurrent weak root
[52.097s][info][gc          ] GC(139) Concurrent weak roots 3.296ms
[52.097s][info][gc,start    ] GC(139) Concurrent cleanup
[52.097s][info][gc          ] GC(139) Concurrent cleanup 1049M->530M(2048M) 0.086ms
[52.097s][info][gc,ergo     ] GC(139) Free: 1407M, Max: 1024K regular, 877M humongous, Frag: 38% external, 0% internal; Reserve: 103M, Max: 1024K
[52.097s][info][gc,start    ] GC(139) Concurrent class unloading
[52.097s][info][gc,task     ] GC(139) Using 1 of 3 workers for concurrent class unloading
[52.107s][info][gc          ] GC(139) Concurrent class unloading 9.905ms
[52.107s][info][gc,start    ] GC(139) Pause Final Roots
[52.107s][info][gc          ] GC(139) Pause Final Roots 0.042ms
[52.107s][info][gc,ergo     ] Free: 1407M, Max: 1024K regular, 877M humongous, Frag: 38% external, 0% internal; Reserve: 103M, Max: 1024K
[52.107s][info][gc,stats    ] 
[52.107s][info][gc,stats    ] All times are wall-clock times, except per-root-class counters, that are sum over
[52.107s][info][gc,stats    ] all workers. Dividing the <total> over the root stage time estimates parallelism.
[52.108s][info][gc,stats    ] 
[52.108s][info][gc,stats    ] Concurrent Reset                   1263 us
[52.108s][info][gc,stats    ] Pause Init Mark (G)                 296 us
[52.108s][info][gc,stats    ] Pause Init Mark (N)                 180 us
[52.108s][info][gc,stats    ]   Update Region States               47 us
[52.108s][info][gc,stats    ] Concurrent Mark Roots              9152 us, parallelism: 0.97x
[52.108s][info][gc,stats    ]   CMR: <total>                     8909 us
[52.108s][info][gc,stats    ]   CMR: Thread Roots                8815 us, workers (us): 8815, ---, ---, 
[52.108s][info][gc,stats    ]   CMR: VM Strong Roots               14 us, workers (us):  14, ---, ---, 
[52.108s][info][gc,stats    ]   CMR: CLDG Roots                    80 us, workers (us):  80, ---, ---, 
[52.108s][info][gc,stats    ] Concurrent Marking               131759 us
[52.108s][info][gc,stats    ] Pause Final Mark (G)                323 us
[52.108s][info][gc,stats    ] Pause Final Mark (N)                226 us
[52.108s][info][gc,stats    ]   Finish Mark                        87 us
[52.108s][info][gc,stats    ]   Update Region States               28 us
[52.108s][info][gc,stats    ]   Choose Collection Set              37 us
[52.108s][info][gc,stats    ]   Rebuild Free Set                    8 us
[52.108s][info][gc,stats    ] Concurrent Weak References          222 us, parallelism: 0.38x
[52.108s][info][gc,stats    ]   CWRF: <total>                      84 us
[52.108s][info][gc,stats    ]   CWRF: Weak References              84 us, workers (us):  84, ---, ---, 
[52.108s][info][gc,stats    ] Concurrent Weak Roots              3356 us
[52.108s][info][gc,stats    ]   Roots                            3113 us, parallelism: 0.98x
[52.108s][info][gc,stats    ]     CWR: <total>                   3044 us
[52.108s][info][gc,stats    ]     CWR: Code Cache Roots          2361 us, workers (us): 2361, ---, ---, 
[52.108s][info][gc,stats    ]     CWR: VM Weak Roots              619 us, workers (us): 619, ---, ---, 
[52.108s][info][gc,stats    ]     CWR: CLDG Roots                  64 us, workers (us):  64, ---, ---, 
[52.108s][info][gc,stats    ]   Rendezvous                        163 us
[52.108s][info][gc,stats    ] Concurrent Cleanup                  104 us
[52.108s][info][gc,stats    ] Concurrent Class Unloading         9963 us
[52.108s][info][gc,stats    ]   Unlink Stale                     9213 us
[52.108s][info][gc,stats    ]     System Dictionary                54 us
[52.108s][info][gc,stats    ]     Weak Class Links                  0 us
[52.108s][info][gc,stats    ]     Code Roots                     9157 us
[52.108s][info][gc,stats    ]   Rendezvous                        216 us
[52.108s][info][gc,stats    ]   Purge Unlinked                    440 us
[52.108s][info][gc,stats    ]     Code Roots                      430 us
[52.108s][info][gc,stats    ]     CLDG                              9 us
[52.108s][info][gc,stats    ]     Exception Caches                  0 us
[52.108s][info][gc,stats    ] Pause Final Roots (G)               142 us
[52.108s][info][gc,stats    ] Pause Final Roots (N)                51 us
[52.108s][info][gc,stats    ] Pacing                            38933 us
[52.108s][info][gc,stats    ] 
[52.108s][info][gc,stats    ] Allocation pacing accrued:
[52.108s][info][gc,stats    ]      20 of   172 ms ( 11.4%): Executor task launch worker for task 1.0 in stage 86.0 (TID 144)
[52.108s][info][gc,stats    ]      19 of   172 ms ( 11.2%): Executor task launch worker for task 0.0 in stage 86.0 (TID 143)
[52.108s][info][gc,stats    ]      39 of   172 ms ( 22.6%): <total>
[52.108s][info][gc,stats    ]       0 of   172 ms (  0.1%): <average total>
[52.108s][info][gc,stats    ]      19 of   172 ms ( 11.3%): <average non-zero>
[52.108s][info][gc,stats    ] 
[52.108s][info][gc,metaspace] Metaspace: 65948K(66688K)->65974K(66752K) NonClass: 57659K(58112K)->57682K(58112K) Class: 8288K(8576K)->8291K(8640K)
[52.108s][info][gc,ergo     ] Pacer for Idle. Initial: 41943K, Alloc Tax Rate: 1.0x
[52.110s][info][gc          ] Trigger: Explicit GC request (System.gc())
[52.110s][info][gc,ergo     ] Free: 1407M, Max: 1024K regular, 877M humongous, Frag: 38% external, 0% internal; Reserve: 103M, Max: 1024K
[52.110s][info][gc,start    ] GC(140) Concurrent reset
[52.110s][info][gc,task     ] GC(140) Using 1 of 3 workers for concurrent reset
[52.110s][info][gc,ergo     ] GC(140) Pacer for Reset. Non-Taxable: 2048M
[52.112s][info][gc          ] GC(140) Concurrent reset 1.248ms
[52.112s][info][gc,start    ] GC(140) Pause Init Mark (unload classes)
[52.112s][info][gc,task     ] GC(140) Using 3 of 3 workers for init marking
[52.112s][info][gc,ref      ] GC(140) Clearing All SoftReferences
[52.112s][info][gc,ergo     ] GC(140) Pacer for Mark. Expected Live: 171M, Free: 1407M, Non-Taxable: 140M, Alloc Tax Rate: 0.1x
[52.112s][info][gc          ] GC(140) Pause Init Mark (unload classes) 0.127ms
[52.112s][info][gc,start    ] GC(140) Concurrent marking roots
[52.112s][info][gc,task     ] GC(140) Using 1 of 3 workers for concurrent marking roots
[52.120s][info][gc          ] GC(140) Concurrent marking roots 8.274ms
[52.120s][info][gc,start    ] GC(140) Concurrent marking (unload classes)
[52.120s][info][gc,task     ] GC(140) Using 1 of 3 workers for concurrent marking
[52.248s][info][gc          ] GC(140) Concurrent marking (unload classes) 127.882ms
[52.248s][info][gc,start    ] GC(140) Pause Final Mark (unload classes)
[52.248s][info][gc,task     ] GC(140) Using 3 of 3 workers for final marking
[52.249s][info][gc,ergo     ] GC(140) Adaptive CSet Selection. Target Free: 290M, Actual Free: 1804M, Max CSet: 87381K, Min Garbage: 0B
[52.249s][info][gc,ergo     ] GC(140) Collectable Garbage: 356M (98%), Immediate: 309M (85%), CSet: 48312K (13%)
[52.249s][info][gc,ergo     ] GC(140) Pacer for Evacuation. Used CSet: 49152K, Free: 1720M, Non-Taxable: 172M, Alloc Tax Rate: 1.1x
[52.249s][info][gc          ] GC(140) Pause Final Mark (unload classes) 0.489ms
[52.249s][info][gc,start    ] GC(140) Concurrent thread roots
[52.249s][info][gc,task     ] GC(140) Using 1 of 3 workers for Concurrent thread roots
[52.258s][info][gc          ] GC(140) Concurrent thread roots 9.447ms
[52.258s][info][gc,start    ] GC(140) Concurrent weak references
[52.258s][info][gc,task     ] GC(140) Using 1 of 3 workers for concurrent weak references
[52.259s][info][gc,ref      ] GC(140) Encountered references: Soft: 2826, Weak: 5863, Final: 51, Phantom: 579
[52.259s][info][gc,ref      ] GC(140) Discovered  references: Soft: 660, Weak: 957, Final: 0, Phantom: 337
[52.259s][info][gc,ref      ] GC(140) Enqueued    references: Soft: 298, Weak: 165, Final: 0, Phantom: 0
[52.259s][info][gc          ] GC(140) Concurrent weak references 0.392ms
[52.259s][info][gc,start    ] GC(140) Concurrent weak roots
[52.259s][info][gc,task     ] GC(140) Using 1 of 3 workers for concurrent weak root
[52.262s][info][gc          ] GC(140) Concurrent weak roots 3.558ms
[52.262s][info][gc,start    ] GC(140) Concurrent cleanup
[52.262s][info][gc          ] GC(140) Concurrent cleanup 543M->234M(2048M) 0.045ms
[52.262s][info][gc,ergo     ] GC(140) Free: 1709M, Max: 1024K regular, 877M humongous, Frag: 49% external, 0% internal; Reserve: 102M, Max: 1024K
[52.262s][info][gc,start    ] GC(140) Concurrent class unloading
[52.262s][info][gc,task     ] GC(140) Using 1 of 3 workers for concurrent class unloading
[52.280s][info][gc          ] GC(140) Concurrent class unloading 17.743ms
[52.280s][info][gc,start    ] GC(140) Concurrent strong roots
[52.280s][info][gc,task     ] GC(140) Using 1 of 3 workers for concurrent strong root
[52.281s][info][gc          ] GC(140) Concurrent strong roots 0.547ms
[52.281s][info][gc,start    ] GC(140) Concurrent evacuation
[52.281s][info][gc,task     ] GC(140) Using 1 of 3 workers for concurrent evacuation
[52.281s][info][gc          ] GC(140) Concurrent evacuation 0.454ms
[52.281s][info][gc,start    ] GC(140) Pause Init Update Refs
[52.281s][info][gc,ergo     ] GC(140) Pacer for Update Refs. Used: 234M, Free: 1709M, Non-Taxable: 170M, Alloc Tax Rate: 1.1x
[52.281s][info][gc          ] GC(140) Pause Init Update Refs 0.060ms
[52.281s][info][gc,start    ] GC(140) Concurrent update references
[52.281s][info][gc,task     ] GC(140) Using 1 of 3 workers for concurrent reference update
[52.343s][info][gc          ] GC(140) Concurrent update references 61.463ms
[52.343s][info][gc,start    ] GC(140) Concurrent update thread roots
[52.352s][info][gc          ] GC(140) Concurrent update thread roots 8.990ms
[52.352s][info][gc,start    ] GC(140) Pause Final Update Refs
[52.352s][info][gc,task     ] GC(140) Using 3 of 3 workers for final reference update
[52.352s][info][gc          ] GC(140) Pause Final Update Refs 0.173ms
[52.352s][info][gc,start    ] GC(140) Concurrent cleanup
[52.352s][info][gc          ] GC(140) Concurrent cleanup 234M->186M(2048M) 0.080ms
[52.353s][info][gc,ergo     ] Free: 1756M, Max: 1024K regular, 1393M humongous, Frag: 20% external, 0% internal; Reserve: 103M, Max: 1024K
[52.353s][info][gc,stats    ] 
[52.353s][info][gc,stats    ] All times are wall-clock times, except per-root-class counters, that are sum over
[52.353s][info][gc,stats    ] all workers. Dividing the <total> over the root stage time estimates parallelism.
[52.353s][info][gc,stats    ] 
[52.353s][info][gc,stats    ] Concurrent Reset                   1333 us
[52.353s][info][gc,stats    ] Pause Init Mark (G)                 234 us
[52.353s][info][gc,stats    ] Pause Init Mark (N)                 140 us
[52.353s][info][gc,stats    ]   Update Region States               49 us
[52.353s][info][gc,stats    ] Concurrent Mark Roots              8311 us, parallelism: 0.97x
[52.353s][info][gc,stats    ]   CMR: <total>                     8082 us
[52.353s][info][gc,stats    ]   CMR: Thread Roots                7976 us, workers (us): 7976, ---, ---, 
[52.353s][info][gc,stats    ]   CMR: VM Strong Roots               16 us, workers (us):  16, ---, ---, 
[52.353s][info][gc,stats    ]   CMR: CLDG Roots                    90 us, workers (us):  90, ---, ---, 
[52.353s][info][gc,stats    ] Concurrent Marking               127958 us
[52.353s][info][gc,stats    ] Pause Final Mark (G)                646 us
[52.353s][info][gc,stats    ] Pause Final Mark (N)                506 us
[52.353s][info][gc,stats    ]   Finish Mark                       139 us
[52.353s][info][gc,stats    ]   Update Region States              104 us
[52.353s][info][gc,stats    ]   Choose Collection Set             112 us
[52.353s][info][gc,stats    ]   Rebuild Free Set                   18 us
[52.353s][info][gc,stats    ] Concurrent Thread Roots            9508 us, parallelism: 0.96x
[52.353s][info][gc,stats    ]   CTR: <total>                     9125 us
[52.353s][info][gc,stats    ]   CTR: Thread Roots                9125 us, workers (us): 9125, ---, ---, 
[52.353s][info][gc,stats    ] Concurrent Weak References          408 us, parallelism: 0.49x
[52.353s][info][gc,stats    ]   CWRF: <total>                     199 us
[52.353s][info][gc,stats    ]   CWRF: Weak References             199 us, workers (us): 199, ---, ---, 
[52.353s][info][gc,stats    ] Concurrent Weak Roots              3602 us
[52.353s][info][gc,stats    ]   Roots                            3343 us, parallelism: 0.97x
[52.353s][info][gc,stats    ]     CWR: <total>                   3252 us
[52.353s][info][gc,stats    ]     CWR: Code Cache Roots          2130 us, workers (us): 2130, ---, ---, 
[52.353s][info][gc,stats    ]     CWR: VM Weak Roots             1076 us, workers (us): 1076, ---, ---, 
[52.353s][info][gc,stats    ]     CWR: CLDG Roots                  46 us, workers (us):  46, ---, ---, 
[52.353s][info][gc,stats    ]   Rendezvous                        180 us
[52.353s][info][gc,stats    ] Concurrent Cleanup                   53 us
[52.353s][info][gc,stats    ] Concurrent Class Unloading        17791 us
[52.353s][info][gc,stats    ]   Unlink Stale                    16745 us
[52.353s][info][gc,stats    ]     System Dictionary               653 us
[52.353s][info][gc,stats    ]     Weak Class Links               6060 us
[52.353s][info][gc,stats    ]     Code Roots                    10030 us
[52.353s][info][gc,stats    ]   Rendezvous                        233 us
[52.353s][info][gc,stats    ]   Purge Unlinked                    746 us
[52.353s][info][gc,stats    ]     Code Roots                      422 us
[52.353s][info][gc,stats    ]     CLDG                            323 us
[52.353s][info][gc,stats    ]     Exception Caches                  0 us
[52.353s][info][gc,stats    ] Concurrent Strong Roots             565 us, parallelism: 0.73x
[52.353s][info][gc,stats    ]   CSR: <total>                      412 us
[52.353s][info][gc,stats    ]   CSR: VM Strong Roots               22 us, workers (us):  22, ---, ---, 
[52.353s][info][gc,stats    ]   CSR: CLDG Roots                   389 us, workers (us): 389, ---, ---, 
[52.353s][info][gc,stats    ] Concurrent Evacuation               476 us
[52.353s][info][gc,stats    ] Pause Init Update Refs (G)          139 us
[52.353s][info][gc,stats    ] Pause Init Update Refs (N)           68 us
[52.353s][info][gc,stats    ]   Manage GCLABs                      11 us
[52.353s][info][gc,stats    ] Concurrent Update Refs            61532 us
[52.353s][info][gc,stats    ] Concurrent Update Thread Roots     9042 us
[52.353s][info][gc,stats    ] Pause Final Update Refs (G)         374 us
[52.353s][info][gc,stats    ] Pause Final Update Refs (N)         191 us
[52.353s][info][gc,stats    ]   Update Region States               89 us
[52.353s][info][gc,stats    ]   Trash Collection Set                5 us
[52.353s][info][gc,stats    ]   Rebuild Free Set                   21 us
[52.353s][info][gc,stats    ] Concurrent Cleanup                  106 us
[52.353s][info][gc,stats    ] 
[52.353s][info][gc,stats    ] Allocation pacing accrued:
[52.353s][info][gc,stats    ]       0 of   245 ms (  0.0%): <total>
[52.353s][info][gc,stats    ]       0 of   245 ms (  0.0%): <average total>
[52.353s][info][gc,stats    ] 
[52.353s][info][gc,metaspace] Metaspace: 65974K(66752K)->65651K(66688K) NonClass: 57682K(58112K)->57414K(58112K) Class: 8291K(8640K)->8237K(8576K)
[52.353s][info][gc,ergo     ] Pacer for Idle. Initial: 41943K, Alloc Tax Rate: 1.0x
[52.541s][info][gc          ] Trigger: Learning 2 of 5. Free (1398M) is below initial threshold (1433M)
[52.542s][info][gc,ergo     ] Free: 1398M, Max: 1024K regular, 1383M humongous, Frag: 0% external, 0% internal; Reserve: 103M, Max: 1024K
[52.542s][info][gc,start    ] GC(141) Concurrent reset
[52.542s][info][gc,task     ] GC(141) Using 1 of 3 workers for concurrent reset
[52.542s][info][gc,ergo     ] GC(141) Pacer for Reset. Non-Taxable: 2048M
[52.542s][info][gc          ] GC(141) Concurrent reset 0.899ms
[52.543s][info][gc,start    ] GC(141) Pause Init Mark (unload classes)
[52.543s][info][gc,task     ] GC(141) Using 3 of 3 workers for init marking
[52.543s][info][gc,ergo     ] GC(141) Pacer for Mark. Expected Live: 171M, Free: 1398M, Non-Taxable: 139M, Alloc Tax Rate: 0.1x
[52.543s][info][gc          ] GC(141) Pause Init Mark (unload classes) 0.180ms
[52.543s][info][gc,start    ] GC(141) Concurrent marking roots
[52.543s][info][gc,task     ] GC(141) Using 1 of 3 workers for concurrent marking roots
[52.552s][info][gc          ] GC(141) Concurrent marking roots 8.952ms
[52.552s][info][gc,start    ] GC(141) Concurrent marking (unload classes)
[52.552s][info][gc,task     ] GC(141) Using 1 of 3 workers for concurrent marking
[52.682s][info][gc          ] GC(141) Concurrent marking (unload classes) 130.461ms
[52.682s][info][gc,start    ] GC(141) Pause Final Mark (unload classes)
[52.683s][info][gc,task     ] GC(141) Using 3 of 3 workers for final marking
[52.683s][info][gc,ergo     ] GC(141) Adaptive CSet Selection. Target Free: 290M, Actual Free: 1397M, Max CSet: 87381K, Min Garbage: 0B
[52.683s][info][gc,ergo     ] GC(141) Collectable Garbage: 365M (98%), Immediate: 327M (88%), CSet: 38383K (10%)
[52.683s][info][gc,ergo     ] GC(141) Pacer for Evacuation. Used CSet: 40487K, Free: 1313M, Non-Taxable: 131M, Alloc Tax Rate: 1.1x
[52.683s][info][gc          ] GC(141) Pause Final Mark (unload classes) 0.266ms
[52.683s][info][gc,start    ] GC(141) Concurrent thread roots
[52.683s][info][gc,task     ] GC(141) Using 1 of 3 workers for Concurrent thread roots
[52.691s][info][gc          ] GC(141) Concurrent thread roots 8.662ms
[52.692s][info][gc,start    ] GC(141) Concurrent weak references
[52.692s][info][gc,task     ] GC(141) Using 1 of 3 workers for concurrent weak references
[52.692s][info][gc,ref      ] GC(141) Encountered references: Soft: 2909, Weak: 5955, Final: 51, Phantom: 579
[52.692s][info][gc,ref      ] GC(141) Discovered  references: Soft: 0, Weak: 875, Final: 0, Phantom: 260
[52.692s][info][gc,ref      ] GC(141) Enqueued    references: Soft: 0, Weak: 94, Final: 0, Phantom: 0
[52.692s][info][gc          ] GC(141) Concurrent weak references 0.356ms
[52.692s][info][gc,start    ] GC(141) Concurrent weak roots
[52.692s][info][gc,task     ] GC(141) Using 1 of 3 workers for concurrent weak root
[52.695s][info][gc          ] GC(141) Concurrent weak roots 3.586ms
[52.696s][info][gc,start    ] GC(141) Concurrent cleanup
[52.696s][info][gc          ] GC(141) Concurrent cleanup 999M->671M(2048M) 0.074ms
[52.696s][info][gc,ergo     ] GC(141) Free: 1271M, Max: 1024K regular, 925M humongous, Frag: 27% external, 0% internal; Reserve: 102M, Max: 1024K
[52.696s][info][gc,start    ] GC(141) Concurrent class unloading
[52.696s][info][gc,task     ] GC(141) Using 1 of 3 workers for concurrent class unloading
[52.715s][info][gc          ] GC(141) Concurrent class unloading 19.388ms
[52.715s][info][gc,start    ] GC(141) Concurrent strong roots
[52.715s][info][gc,task     ] GC(141) Using 1 of 3 workers for concurrent strong root
[52.715s][info][gc          ] GC(141) Concurrent strong roots 0.355ms
[52.715s][info][gc,start    ] GC(141) Concurrent evacuation
[52.715s][info][gc,task     ] GC(141) Using 1 of 3 workers for concurrent evacuation
[52.717s][info][gc          ] GC(141) Concurrent evacuation 1.171ms
[52.717s][info][gc,start    ] GC(141) Pause Init Update Refs
[52.717s][info][gc,ergo     ] GC(141) Pacer for Update Refs. Used: 732M, Free: 1212M, Non-Taxable: 121M, Alloc Tax Rate: 1.1x
[52.717s][info][gc          ] GC(141) Pause Init Update Refs 0.090ms
[52.717s][info][gc,start    ] GC(141) Concurrent update references
[52.717s][info][gc,task     ] GC(141) Using 1 of 3 workers for concurrent reference update
[52.893s][info][gc          ] GC(141) Concurrent update references 176.172ms
[52.893s][info][gc,start    ] GC(141) Concurrent update thread roots
[52.901s][info][gc          ] GC(141) Concurrent update thread roots 7.999ms
[52.901s][info][gc,start    ] GC(141) Pause Final Update Refs
[52.901s][info][gc,task     ] GC(141) Using 3 of 3 workers for final reference update
[52.901s][info][gc          ] GC(141) Pause Final Update Refs 0.151ms
[52.902s][info][gc,start    ] GC(141) Concurrent cleanup
[52.902s][info][gc          ] GC(141) Concurrent cleanup 1240M->1201M(2048M) 0.055ms
[52.902s][info][gc,ergo     ] Free: 741M, Max: 1024K regular, 688M humongous, Frag: 6% external, 0% internal; Reserve: 103M, Max: 1024K
[52.902s][info][gc,stats    ] 
[52.902s][info][gc,stats    ] All times are wall-clock times, except per-root-class counters, that are sum over
[52.902s][info][gc,stats    ] all workers. Dividing the <total> over the root stage time estimates parallelism.
[52.902s][info][gc,stats    ] 
[52.902s][info][gc,stats    ] Concurrent Reset                    923 us
[52.902s][info][gc,stats    ] Pause Init Mark (G)                 327 us
[52.902s][info][gc,stats    ] Pause Init Mark (N)                 197 us
[52.902s][info][gc,stats    ]   Update Region States               62 us
[52.902s][info][gc,stats    ] Concurrent Mark Roots              9002 us, parallelism: 0.97x
[52.902s][info][gc,stats    ]   CMR: <total>                     8736 us
[52.902s][info][gc,stats    ]   CMR: Thread Roots                8594 us, workers (us): 8594, ---, ---, 
[52.902s][info][gc,stats    ]   CMR: VM Strong Roots               20 us, workers (us):  20, ---, ---, 
[52.902s][info][gc,stats    ]   CMR: CLDG Roots                   122 us, workers (us): 122, ---, ---, 
[52.902s][info][gc,stats    ] Concurrent Marking               130531 us
[52.902s][info][gc,stats    ] Pause Final Mark (G)                455 us
[52.902s][info][gc,stats    ] Pause Final Mark (N)                274 us
[52.902s][info][gc,stats    ]   Finish Mark                        63 us
[52.902s][info][gc,stats    ]   Update Region States               56 us
[52.902s][info][gc,stats    ]   Choose Collection Set              72 us
[52.902s][info][gc,stats    ]   Rebuild Free Set                    8 us
[52.902s][info][gc,stats    ] Concurrent Thread Roots            8703 us, parallelism: 0.98x
[52.902s][info][gc,stats    ]   CTR: <total>                     8560 us
[52.902s][info][gc,stats    ]   CTR: Thread Roots                8560 us, workers (us): 8560, ---, ---, 
[52.902s][info][gc,stats    ] Concurrent Weak References          372 us, parallelism: 0.47x
[52.902s][info][gc,stats    ]   CWRF: <total>                     176 us
[52.902s][info][gc,stats    ]   CWRF: Weak References             176 us, workers (us): 176, ---, ---, 
[52.902s][info][gc,stats    ] Concurrent Weak Roots              3634 us
[52.902s][info][gc,stats    ]   Roots                            3339 us, parallelism: 0.98x
[52.902s][info][gc,stats    ]     CWR: <total>                   3263 us
[52.902s][info][gc,stats    ]     CWR: Code Cache Roots          2538 us, workers (us): 2538, ---, ---, 
[52.902s][info][gc,stats    ]     CWR: VM Weak Roots              658 us, workers (us): 658, ---, ---, 
[52.902s][info][gc,stats    ]     CWR: CLDG Roots                  67 us, workers (us):  67, ---, ---, 
[52.902s][info][gc,stats    ]   Rendezvous                        212 us
[52.902s][info][gc,stats    ] Concurrent Cleanup                   92 us
[52.902s][info][gc,stats    ] Concurrent Class Unloading        19441 us
[52.902s][info][gc,stats    ]   Unlink Stale                    18653 us
[52.902s][info][gc,stats    ]     System Dictionary               250 us
[52.902s][info][gc,stats    ]     Weak Class Links               7625 us
[52.902s][info][gc,stats    ]     Code Roots                    10776 us
[52.902s][info][gc,stats    ]   Rendezvous                        199 us
[52.902s][info][gc,stats    ]   Purge Unlinked                    501 us
[52.902s][info][gc,stats    ]     Code Roots                      483 us
[52.902s][info][gc,stats    ]     CLDG                             18 us
[52.902s][info][gc,stats    ]     Exception Caches                  0 us
[52.902s][info][gc,stats    ] Concurrent Strong Roots             376 us, parallelism: 0.65x
[52.902s][info][gc,stats    ]   CSR: <total>                      246 us
[52.902s][info][gc,stats    ]   CSR: VM Strong Roots               14 us, workers (us):  14, ---, ---, 
[52.902s][info][gc,stats    ]   CSR: CLDG Roots                   232 us, workers (us): 232, ---, ---, 
[52.902s][info][gc,stats    ] Concurrent Evacuation              1189 us
[52.902s][info][gc,stats    ] Pause Init Update Refs (G)          279 us
[52.902s][info][gc,stats    ] Pause Init Update Refs (N)          107 us
[52.902s][info][gc,stats    ]   Manage GCLABs                      16 us
[52.902s][info][gc,stats    ] Concurrent Update Refs           176286 us
[52.902s][info][gc,stats    ] Concurrent Update Thread Roots     8054 us
[52.902s][info][gc,stats    ] Pause Final Update Refs (G)         269 us
[52.902s][info][gc,stats    ] Pause Final Update Refs (N)         170 us
[52.902s][info][gc,stats    ]   Update Region States               46 us
[52.902s][info][gc,stats    ]   Trash Collection Set                4 us
[52.902s][info][gc,stats    ]   Rebuild Free Set                   19 us
[52.902s][info][gc,stats    ] Concurrent Cleanup                   76 us
[52.902s][info][gc,stats    ] Pacing                           100618 us
[52.902s][info][gc,stats    ] 
[52.902s][info][gc,stats    ] Allocation pacing accrued:
[52.902s][info][gc,stats    ]      67 of   549 ms ( 12.1%): Executor task launch worker for task 0.0 in stage 88.0 (TID 146)
[52.902s][info][gc,stats    ]      34 of   549 ms (  6.2%): Executor task launch worker for task 1.0 in stage 88.0 (TID 147)
[52.902s][info][gc,stats    ]     101 of   549 ms ( 18.3%): <total>
[52.902s][info][gc,stats    ]       0 of   549 ms (  0.1%): <average total>
[52.902s][info][gc,stats    ]      50 of   549 ms (  9.2%): <average non-zero>
[52.902s][info][gc,stats    ] 
[52.902s][info][gc,metaspace] Metaspace: 65964K(66688K)->65962K(66688K) NonClass: 57675K(58112K)->57673K(58112K) Class: 8289K(8576K)->8288K(8576K)
[52.902s][info][gc,ergo     ] Pacer for Idle. Initial: 41943K, Alloc Tax Rate: 1.0x
[52.904s][info][gc          ] Trigger: Learning 3 of 5. Free (735M) is below initial threshold (1433M)
[52.904s][info][gc,ergo     ] Free: 735M, Max: 1024K regular, 688M humongous, Frag: 5% external, 0% internal; Reserve: 103M, Max: 1024K
[52.904s][info][gc,start    ] GC(142) Concurrent reset
[52.904s][info][gc,task     ] GC(142) Using 1 of 3 workers for concurrent reset
[52.904s][info][gc,ergo     ] GC(142) Pacer for Reset. Non-Taxable: 2048M
[52.905s][info][gc          ] GC(142) Concurrent reset 0.988ms
[52.905s][info][gc,start    ] GC(142) Pause Init Mark (unload classes)
[52.905s][info][gc,task     ] GC(142) Using 3 of 3 workers for init marking
[52.905s][info][gc,ergo     ] GC(142) Pacer for Mark. Expected Live: 171M, Free: 730M, Non-Taxable: 74814K, Alloc Tax Rate: 0.3x
[52.905s][info][gc          ] GC(142) Pause Init Mark (unload classes) 0.182ms
[52.905s][info][gc,start    ] GC(142) Concurrent marking roots
[52.905s][info][gc,task     ] GC(142) Using 1 of 3 workers for concurrent marking roots
[52.914s][info][gc          ] GC(142) Concurrent marking roots 8.887ms
[52.914s][info][gc,start    ] GC(142) Concurrent marking (unload classes)
[52.914s][info][gc,task     ] GC(142) Using 1 of 3 workers for concurrent marking
[53.043s][info][gc          ] GC(142) Concurrent marking (unload classes) 129.497ms
[53.044s][info][gc,start    ] GC(142) Pause Final Mark (unload classes)
[53.044s][info][gc,task     ] GC(142) Using 3 of 3 workers for final marking
[53.044s][info][gc,ergo     ] GC(142) Collectable Garbage: 1021M (98%), Immediate: 1021M (98%), CSet: 0B (0%)
[53.044s][info][gc          ] GC(142) Pause Final Mark (unload classes) 0.230ms
[53.044s][info][gc,start    ] GC(142) Concurrent weak references
[53.044s][info][gc,task     ] GC(142) Using 1 of 3 workers for concurrent weak references
[53.044s][info][gc,ref      ] GC(142) Encountered references: Soft: 2909, Weak: 5861, Final: 51, Phantom: 579
[53.044s][info][gc,ref      ] GC(142) Discovered  references: Soft: 0, Weak: 782, Final: 0, Phantom: 260
[53.044s][info][gc,ref      ] GC(142) Enqueued    references: Soft: 0, Weak: 16, Final: 0, Phantom: 0
[53.044s][info][gc          ] GC(142) Concurrent weak references 0.312ms
[53.044s][info][gc,start    ] GC(142) Concurrent weak roots
[53.044s][info][gc,task     ] GC(142) Using 1 of 3 workers for concurrent weak root
[53.048s][info][gc          ] GC(142) Concurrent weak roots 3.869ms
[53.048s][info][gc,start    ] GC(142) Concurrent cleanup
[53.048s][info][gc          ] GC(142) Concurrent cleanup 1630M->610M(2048M) 0.170ms
[53.048s][info][gc,ergo     ] GC(142) Free: 1332M, Max: 1024K regular, 416M humongous, Frag: 69% external, 0% internal; Reserve: 103M, Max: 1024K
[53.048s][info][gc,start    ] GC(142) Concurrent class unloading
[53.048s][info][gc,task     ] GC(142) Using 1 of 3 workers for concurrent class unloading
[53.059s][info][gc          ] GC(142) Concurrent class unloading 11.137ms
[53.060s][info][gc,start    ] GC(142) Pause Final Roots
[53.060s][info][gc          ] GC(142) Pause Final Roots 0.042ms
[53.060s][info][gc,ergo     ] Free: 1290M, Max: 1024K regular, 416M humongous, Frag: 68% external, 0% internal; Reserve: 103M, Max: 1024K
[53.060s][info][gc,stats    ] 
[53.060s][info][gc,stats    ] All times are wall-clock times, except per-root-class counters, that are sum over
[53.060s][info][gc,stats    ] all workers. Dividing the <total> over the root stage time estimates parallelism.
[53.060s][info][gc,stats    ] 
[53.060s][info][gc,stats    ] Concurrent Reset                   1006 us
[53.060s][info][gc,stats    ] Pause Init Mark (G)                 329 us
[53.060s][info][gc,stats    ] Pause Init Mark (N)                 193 us
[53.060s][info][gc,stats    ]   Update Region States               39 us
[53.060s][info][gc,stats    ] Concurrent Mark Roots              8944 us, parallelism: 0.97x
[53.060s][info][gc,stats    ]   CMR: <total>                     8692 us
[53.060s][info][gc,stats    ]   CMR: Thread Roots                8592 us, workers (us): 8592, ---, ---, 
[53.060s][info][gc,stats    ]   CMR: VM Strong Roots               13 us, workers (us):  13, ---, ---, 
[53.060s][info][gc,stats    ]   CMR: CLDG Roots                    88 us, workers (us):  88, ---, ---, 
[53.060s][info][gc,stats    ] Concurrent Marking               129582 us
[53.060s][info][gc,stats    ] Pause Final Mark (G)                304 us
[53.060s][info][gc,stats    ] Pause Final Mark (N)                244 us
[53.060s][info][gc,stats    ]   Finish Mark                        62 us
[53.060s][info][gc,stats    ]   Update Region States               44 us
[53.060s][info][gc,stats    ]   Choose Collection Set              47 us
[53.060s][info][gc,stats    ]   Rebuild Free Set                    8 us
[53.060s][info][gc,stats    ] Concurrent Weak References          333 us, parallelism: 0.15x
[53.060s][info][gc,stats    ]   CWRF: <total>                      49 us
[53.060s][info][gc,stats    ]   CWRF: Weak References              49 us, workers (us):  49, ---, ---, 
[53.060s][info][gc,stats    ] Concurrent Weak Roots              3937 us
[53.060s][info][gc,stats    ]   Roots                            3581 us, parallelism: 0.96x
[53.060s][info][gc,stats    ]     CWR: <total>                   3435 us
[53.060s][info][gc,stats    ]     CWR: Code Cache Roots          2731 us, workers (us): 2731, ---, ---, 
[53.060s][info][gc,stats    ]     CWR: VM Weak Roots              657 us, workers (us): 657, ---, ---, 
[53.060s][info][gc,stats    ]     CWR: CLDG Roots                  47 us, workers (us):  47, ---, ---, 
[53.060s][info][gc,stats    ]   Rendezvous                        243 us
[53.060s][info][gc,stats    ] Concurrent Cleanup                  188 us
[53.060s][info][gc,stats    ] Concurrent Class Unloading        11199 us
[53.060s][info][gc,stats    ]   Unlink Stale                    10248 us
[53.060s][info][gc,stats    ]     System Dictionary                61 us
[53.060s][info][gc,stats    ]     Weak Class Links                  0 us
[53.060s][info][gc,stats    ]     Code Roots                    10185 us
[53.060s][info][gc,stats    ]   Rendezvous                        186 us
[53.060s][info][gc,stats    ]   Purge Unlinked                    666 us
[53.060s][info][gc,stats    ]     Code Roots                      660 us
[53.060s][info][gc,stats    ]     CLDG                              6 us
[53.060s][info][gc,stats    ]     Exception Caches                  0 us
[53.060s][info][gc,stats    ] Pause Final Roots (G)               173 us
[53.060s][info][gc,stats    ] Pause Final Roots (N)                51 us
[53.060s][info][gc,stats    ] Pacing                            33824 us
[53.060s][info][gc,stats    ] 
[53.060s][info][gc,stats    ] Allocation pacing accrued:
[53.060s][info][gc,stats    ]      21 of   158 ms ( 13.1%): Executor task launch worker for task 0.0 in stage 88.0 (TID 146)
[53.060s][info][gc,stats    ]      13 of   158 ms (  8.3%): Executor task launch worker for task 1.0 in stage 88.0 (TID 147)
[53.060s][info][gc,stats    ]      34 of   158 ms ( 21.5%): <total>
[53.060s][info][gc,stats    ]       0 of   158 ms (  0.1%): <average total>
[53.060s][info][gc,stats    ]      17 of   158 ms ( 10.7%): <average non-zero>
[53.060s][info][gc,stats    ] 
[53.060s][info][gc,metaspace] Metaspace: 65962K(66688K)->65962K(66688K) NonClass: 57673K(58112K)->57673K(58112K) Class: 8288K(8576K)->8288K(8576K)
[53.060s][info][gc,ergo     ] Pacer for Idle. Initial: 41943K, Alloc Tax Rate: 1.0x
[53.076s][info][gc          ] Trigger: Learning 4 of 5. Free (1248M) is below initial threshold (1433M)
[53.076s][info][gc,ergo     ] Free: 1248M, Max: 1024K regular, 416M humongous, Frag: 67% external, 0% internal; Reserve: 103M, Max: 1024K
[53.077s][info][gc,start    ] GC(143) Concurrent reset
[53.077s][info][gc,task     ] GC(143) Using 1 of 3 workers for concurrent reset
[53.077s][info][gc,ergo     ] GC(143) Pacer for Reset. Non-Taxable: 2048M
[53.078s][info][gc          ] GC(143) Concurrent reset 1.177ms
[53.078s][info][gc,start    ] GC(143) Pause Init Mark (unload classes)
[53.078s][info][gc,task     ] GC(143) Using 3 of 3 workers for init marking
[53.078s][info][gc,ergo     ] GC(143) Pacer for Mark. Expected Live: 171M, Free: 1248M, Non-Taxable: 124M, Alloc Tax Rate: 0.2x
[53.078s][info][gc          ] GC(143) Pause Init Mark (unload classes) 0.183ms
[53.078s][info][gc,start    ] GC(143) Concurrent marking roots
[53.078s][info][gc,task     ] GC(143) Using 1 of 3 workers for concurrent marking roots
[53.087s][info][gc          ] GC(143) Concurrent marking roots 8.952ms
[53.087s][info][gc,start    ] GC(143) Concurrent marking (unload classes)
[53.087s][info][gc,task     ] GC(143) Using 1 of 3 workers for concurrent marking
[53.216s][info][gc          ] GC(143) Concurrent marking (unload classes) 129.108ms
[53.216s][info][gc,start    ] GC(143) Pause Final Mark (unload classes)
[53.216s][info][gc,task     ] GC(143) Using 3 of 3 workers for final marking
[53.217s][info][gc,ergo     ] GC(143) Collectable Garbage: 503M (96%), Immediate: 503M (96%), CSet: 0B (0%)
[53.217s][info][gc          ] GC(143) Pause Final Mark (unload classes) 0.381ms
[53.217s][info][gc,start    ] GC(143) Concurrent weak references
[53.217s][info][gc,task     ] GC(143) Using 1 of 3 workers for concurrent weak references
[53.217s][info][gc,ref      ] GC(143) Encountered references: Soft: 2909, Weak: 5843, Final: 51, Phantom: 579
[53.217s][info][gc,ref      ] GC(143) Discovered  references: Soft: 0, Weak: 603, Final: 0, Phantom: 337
[53.217s][info][gc,ref      ] GC(143) Enqueued    references: Soft: 0, Weak: 0, Final: 0, Phantom: 0
[53.217s][info][gc          ] GC(143) Concurrent weak references 0.132ms
[53.217s][info][gc,start    ] GC(143) Concurrent weak roots
[53.217s][info][gc,task     ] GC(143) Using 1 of 3 workers for concurrent weak root
[53.220s][info][gc          ] GC(143) Concurrent weak roots 2.806ms
[53.220s][info][gc,start    ] GC(143) Concurrent cleanup
[53.220s][info][gc          ] GC(143) Concurrent cleanup 1081M->578M(2048M) 0.084ms
[53.220s][info][gc,ergo     ] GC(143) Free: 1363M, Max: 1024K regular, 404M humongous, Frag: 71% external, 0% internal; Reserve: 103M, Max: 1024K
[53.220s][info][gc,start    ] GC(143) Concurrent class unloading
[53.220s][info][gc,task     ] GC(143) Using 1 of 3 workers for concurrent class unloading
[53.230s][info][gc          ] GC(143) Concurrent class unloading 10.055ms
[53.230s][info][gc,start    ] GC(143) Pause Final Roots
[53.230s][info][gc          ] GC(143) Pause Final Roots 0.038ms
[53.230s][info][gc,ergo     ] Free: 1345M, Max: 1024K regular, 404M humongous, Frag: 70% external, 0% internal; Reserve: 103M, Max: 1024K
[53.230s][info][gc,stats    ] 
[53.230s][info][gc,stats    ] All times are wall-clock times, except per-root-class counters, that are sum over
[53.230s][info][gc,stats    ] all workers. Dividing the <total> over the root stage time estimates parallelism.
[53.230s][info][gc,stats    ] 
[53.230s][info][gc,stats    ] Concurrent Reset                   1202 us
[53.230s][info][gc,stats    ] Pause Init Mark (G)                 306 us
[53.230s][info][gc,stats    ] Pause Init Mark (N)                 201 us
[53.230s][info][gc,stats    ]   Update Region States               61 us
[53.230s][info][gc,stats    ] Concurrent Mark Roots              9004 us, parallelism: 0.97x
[53.230s][info][gc,stats    ]   CMR: <total>                     8759 us
[53.230s][info][gc,stats    ]   CMR: Thread Roots                8619 us, workers (us): 8619, ---, ---, 
[53.230s][info][gc,stats    ]   CMR: VM Strong Roots               19 us, workers (us):  19, ---, ---, 
[53.230s][info][gc,stats    ]   CMR: CLDG Roots                   122 us, workers (us): 122, ---, ---, 
[53.230s][info][gc,stats    ] Concurrent Marking               129173 us
[53.230s][info][gc,stats    ] Pause Final Mark (G)                514 us
[53.230s][info][gc,stats    ] Pause Final Mark (N)                401 us
[53.230s][info][gc,stats    ]   Finish Mark                       123 us
[53.230s][info][gc,stats    ]   Update Region States               87 us
[53.230s][info][gc,stats    ]   Choose Collection Set              64 us
[53.230s][info][gc,stats    ]   Rebuild Free Set                   17 us
[53.230s][info][gc,stats    ] Concurrent Weak References          142 us, parallelism: 0.39x
[53.230s][info][gc,stats    ]   CWRF: <total>                      56 us
[53.230s][info][gc,stats    ]   CWRF: Weak References              56 us, workers (us):  56, ---, ---, 
[53.230s][info][gc,stats    ] Concurrent Weak Roots              2860 us
[53.230s][info][gc,stats    ]   Roots                            2692 us, parallelism: 0.98x
[53.230s][info][gc,stats    ]     CWR: <total>                   2634 us
[53.230s][info][gc,stats    ]     CWR: Code Cache Roots          2271 us, workers (us): 2271, ---, ---, 
[53.230s][info][gc,stats    ]     CWR: VM Weak Roots              320 us, workers (us): 320, ---, ---, 
[53.230s][info][gc,stats    ]     CWR: CLDG Roots                  44 us, workers (us):  44, ---, ---, 
[53.230s][info][gc,stats    ]   Rendezvous                         96 us
[53.230s][info][gc,stats    ] Concurrent Cleanup                  101 us
[53.230s][info][gc,stats    ] Concurrent Class Unloading        10111 us
[53.230s][info][gc,stats    ]   Unlink Stale                     9265 us
[53.230s][info][gc,stats    ]     System Dictionary                56 us
[53.230s][info][gc,stats    ]     Weak Class Links                  0 us
[53.230s][info][gc,stats    ]     Code Roots                     9208 us
[53.230s][info][gc,stats    ]   Rendezvous                        186 us
[53.230s][info][gc,stats    ]   Purge Unlinked                    567 us
[53.230s][info][gc,stats    ]     Code Roots                      560 us
[53.230s][info][gc,stats    ]     CLDG                              7 us
[53.230s][info][gc,stats    ]     Exception Caches                  0 us
[53.230s][info][gc,stats    ] Pause Final Roots (G)               129 us
[53.230s][info][gc,stats    ] Pause Final Roots (N)                47 us
[53.230s][info][gc,stats    ] Pacing                            41670 us
[53.230s][info][gc,stats    ] 
[53.230s][info][gc,stats    ] Allocation pacing accrued:
[53.231s][info][gc,stats    ]      21 of   170 ms ( 12.2%): Executor task launch worker for task 0.0 in stage 88.0 (TID 146)
[53.231s][info][gc,stats    ]      21 of   170 ms ( 12.2%): Executor task launch worker for task 1.0 in stage 88.0 (TID 147)
[53.231s][info][gc,stats    ]      42 of   170 ms ( 24.4%): <total>
[53.231s][info][gc,stats    ]       0 of   170 ms (  0.1%): <average total>
[53.231s][info][gc,stats    ]      21 of   170 ms ( 12.2%): <average non-zero>
[53.231s][info][gc,stats    ] 
[53.231s][info][gc,metaspace] Metaspace: 65962K(66688K)->65973K(66688K) NonClass: 57673K(58112K)->57684K(58112K) Class: 8288K(8576K)->8289K(8576K)
[53.231s][info][gc,ergo     ] Pacer for Idle. Initial: 41943K, Alloc Tax Rate: 1.0x
[53.233s][info][gc          ] Trigger: Learning 5 of 5. Free (1337M) is below initial threshold (1433M)
[53.233s][info][gc,ergo     ] Free: 1337M, Max: 1024K regular, 404M humongous, Frag: 70% external, 0% internal; Reserve: 103M, Max: 1024K
[53.233s][info][gc,start    ] GC(144) Concurrent reset
[53.233s][info][gc,task     ] GC(144) Using 1 of 3 workers for concurrent reset
[53.233s][info][gc,ergo     ] GC(144) Pacer for Reset. Non-Taxable: 2048M
[53.234s][info][gc          ] GC(144) Concurrent reset 1.080ms
[53.235s][info][gc,start    ] GC(144) Pause Init Mark (unload classes)
[53.235s][info][gc,task     ] GC(144) Using 3 of 3 workers for init marking
[53.235s][info][gc,ergo     ] GC(144) Pacer for Mark. Expected Live: 171M, Free: 1337M, Non-Taxable: 133M, Alloc Tax Rate: 0.2x
[53.235s][info][gc          ] GC(144) Pause Init Mark (unload classes) 0.225ms
[53.235s][info][gc,start    ] GC(144) Concurrent marking roots
[53.235s][info][gc,task     ] GC(144) Using 1 of 3 workers for concurrent marking roots
[53.244s][info][gc          ] GC(144) Concurrent marking roots 9.625ms
[53.245s][info][gc,start    ] GC(144) Concurrent marking (unload classes)
[53.245s][info][gc,task     ] GC(144) Using 1 of 3 workers for concurrent marking
[53.374s][info][gc          ] GC(144) Concurrent marking (unload classes) 129.792ms
[53.374s][info][gc,start    ] GC(144) Pause Final Mark (unload classes)
[53.375s][info][gc,task     ] GC(144) Using 3 of 3 workers for final marking
[53.375s][info][gc,ergo     ] GC(144) Collectable Garbage: 406M (94%), Immediate: 406M (94%), CSet: 0B (0%)
[53.375s][info][gc          ] GC(144) Pause Final Mark (unload classes) 0.509ms
[53.375s][info][gc,start    ] GC(144) Concurrent weak references
[53.375s][info][gc,task     ] GC(144) Using 1 of 3 workers for concurrent weak references
[53.375s][info][gc,ref      ] GC(144) Encountered references: Soft: 2915, Weak: 5933, Final: 51, Phantom: 579
[53.375s][info][gc,ref      ] GC(144) Discovered  references: Soft: 0, Weak: 3421, Final: 0, Phantom: 260
[53.375s][info][gc,ref      ] GC(144) Enqueued    references: Soft: 0, Weak: 2, Final: 0, Phantom: 0
[53.375s][info][gc          ] GC(144) Concurrent weak references 0.415ms
[53.375s][info][gc,start    ] GC(144) Concurrent weak roots
[53.375s][info][gc,task     ] GC(144) Using 1 of 3 workers for concurrent weak root
[53.378s][info][gc          ] GC(144) Concurrent weak roots 2.579ms
[53.378s][info][gc,start    ] GC(144) Concurrent cleanup
[53.378s][info][gc          ] GC(144) Concurrent cleanup 617M->210M(2048M) 0.115ms
[53.378s][info][gc,ergo     ] GC(144) Free: 1730M, Max: 1024K regular, 929M humongous, Frag: 46% external, 0% internal; Reserve: 103M, Max: 1024K
[53.378s][info][gc,start    ] GC(144) Concurrent class unloading
[53.378s][info][gc,task     ] GC(144) Using 1 of 3 workers for concurrent class unloading
[53.388s][info][gc          ] GC(144) Concurrent class unloading 9.757ms
[53.388s][info][gc,start    ] GC(144) Pause Final Roots
[53.388s][info][gc          ] GC(144) Pause Final Roots 0.049ms
[53.388s][info][gc,ergo     ] Free: 1730M, Max: 1024K regular, 929M humongous, Frag: 46% external, 0% internal; Reserve: 103M, Max: 1024K
[53.388s][info][gc,stats    ] 
[53.388s][info][gc,stats    ] All times are wall-clock times, except per-root-class counters, that are sum over
[53.388s][info][gc,stats    ] all workers. Dividing the <total> over the root stage time estimates parallelism.
[53.388s][info][gc,stats    ] 
[53.388s][info][gc,stats    ] Concurrent Reset                   1136 us
[53.388s][info][gc,stats    ] Pause Init Mark (G)                 381 us
[53.388s][info][gc,stats    ] Pause Init Mark (N)                 242 us
[53.388s][info][gc,stats    ]   Update Region States               94 us
[53.388s][info][gc,stats    ] Concurrent Mark Roots              9705 us, parallelism: 0.95x
[53.388s][info][gc,stats    ]   CMR: <total>                     9258 us
[53.388s][info][gc,stats    ]   CMR: Thread Roots                9153 us, workers (us): 9153, ---, ---, 
[53.388s][info][gc,stats    ]   CMR: VM Strong Roots               13 us, workers (us):  13, ---, ---, 
[53.388s][info][gc,stats    ]   CMR: CLDG Roots                    92 us, workers (us):  92, ---, ---, 
[53.388s][info][gc,stats    ] Concurrent Marking               129841 us
[53.388s][info][gc,stats    ] Pause Final Mark (G)                654 us
[53.388s][info][gc,stats    ] Pause Final Mark (N)                535 us
[53.388s][info][gc,stats    ]   Finish Mark                       174 us
[53.388s][info][gc,stats    ]   Update Region States              124 us
[53.388s][info][gc,stats    ]   Choose Collection Set              83 us
[53.388s][info][gc,stats    ]   Rebuild Free Set                   22 us
[53.388s][info][gc,stats    ] Concurrent Weak References          422 us, parallelism: 0.75x
[53.388s][info][gc,stats    ]   CWRF: <total>                     318 us
[53.388s][info][gc,stats    ]   CWRF: Weak References             318 us, workers (us): 318, ---, ---, 
[53.388s][info][gc,stats    ] Concurrent Weak Roots              2628 us
[53.388s][info][gc,stats    ]   Roots                            2417 us, parallelism: 0.98x
[53.388s][info][gc,stats    ]     CWR: <total>                   2366 us
[53.388s][info][gc,stats    ]     CWR: Code Cache Roots          2007 us, workers (us): 2007, ---, ---, 
[53.388s][info][gc,stats    ]     CWR: VM Weak Roots              312 us, workers (us): 312, ---, ---, 
[53.388s][info][gc,stats    ]     CWR: CLDG Roots                  47 us, workers (us):  47, ---, ---, 
[53.388s][info][gc,stats    ]   Rendezvous                        144 us
[53.388s][info][gc,stats    ] Concurrent Cleanup                  133 us
[53.388s][info][gc,stats    ] Concurrent Class Unloading         9792 us
[53.388s][info][gc,stats    ]   Unlink Stale                     8790 us
[53.388s][info][gc,stats    ]     System Dictionary                57 us
[53.388s][info][gc,stats    ]     Weak Class Links                  0 us
[53.388s][info][gc,stats    ]     Code Roots                     8731 us
[53.388s][info][gc,stats    ]   Rendezvous                        182 us
[53.388s][info][gc,stats    ]   Purge Unlinked                    665 us
[53.388s][info][gc,stats    ]     Code Roots                      658 us
[53.388s][info][gc,stats    ]     CLDG                              7 us
[53.388s][info][gc,stats    ]     Exception Caches                  0 us
[53.388s][info][gc,stats    ] Pause Final Roots (G)               122 us
[53.388s][info][gc,stats    ] Pause Final Roots (N)                58 us
[53.388s][info][gc,stats    ] 
[53.388s][info][gc,stats    ] Allocation pacing accrued:
[53.389s][info][gc,stats    ]       0 of   158 ms (  0.0%): <total>
[53.389s][info][gc,stats    ]       0 of   158 ms (  0.0%): <average total>
[53.389s][info][gc,stats    ] 
[53.389s][info][gc,metaspace] Metaspace: 65975K(66752K)->66000K(66752K) NonClass: 57685K(58112K)->57708K(58112K) Class: 8289K(8640K)->8291K(8640K)
[53.389s][info][gc,ergo     ] Pacer for Idle. Initial: 41943K, Alloc Tax Rate: 1.0x
[53.394s][info][gc          ] Trigger: Explicit GC request (System.gc())
[53.394s][info][gc,ergo     ] Free: 1730M, Max: 1024K regular, 929M humongous, Frag: 46% external, 0% internal; Reserve: 103M, Max: 1024K
[53.394s][info][gc,start    ] GC(145) Concurrent reset
[53.394s][info][gc,task     ] GC(145) Using 1 of 3 workers for concurrent reset
[53.394s][info][gc,ergo     ] GC(145) Pacer for Reset. Non-Taxable: 2048M
[53.395s][info][gc          ] GC(145) Concurrent reset 1.099ms
[53.395s][info][gc,start    ] GC(145) Pause Init Mark (unload classes)
[53.395s][info][gc,task     ] GC(145) Using 3 of 3 workers for init marking
[53.395s][info][gc,ref      ] GC(145) Clearing All SoftReferences
[53.395s][info][gc,ergo     ] GC(145) Pacer for Mark. Expected Live: 171M, Free: 1730M, Non-Taxable: 173M, Alloc Tax Rate: 0.1x
[53.395s][info][gc          ] GC(145) Pause Init Mark (unload classes) 0.226ms
[53.395s][info][gc,start    ] GC(145) Concurrent marking roots
[53.396s][info][gc,task     ] GC(145) Using 1 of 3 workers for concurrent marking roots
[53.404s][info][gc          ] GC(145) Concurrent marking roots 8.189ms
[53.404s][info][gc,start    ] GC(145) Concurrent marking (unload classes)
[53.404s][info][gc,task     ] GC(145) Using 1 of 3 workers for concurrent marking
[53.531s][info][gc          ] GC(145) Concurrent marking (unload classes) 127.284ms
[53.531s][info][gc,start    ] GC(145) Pause Final Mark (unload classes)
[53.531s][info][gc,task     ] GC(145) Using 3 of 3 workers for final marking
[53.531s][info][gc,ergo     ] GC(145) Adaptive CSet Selection. Target Free: 290M, Actual Free: 1821M, Max CSet: 87381K, Min Garbage: 0B
[53.532s][info][gc,ergo     ] GC(145) Collectable Garbage: 36839K (89%), Immediate: 4096K (9%), CSet: 32743K (79%)
[53.532s][info][gc,ergo     ] GC(145) Pacer for Evacuation. Used CSet: 33572K, Free: 1735M, Non-Taxable: 173M, Alloc Tax Rate: 1.1x
[53.532s][info][gc          ] GC(145) Pause Final Mark (unload classes) 0.431ms
[53.532s][info][gc,start    ] GC(145) Concurrent thread roots
[53.532s][info][gc,task     ] GC(145) Using 1 of 3 workers for Concurrent thread roots
[53.540s][info][gc          ] GC(145) Concurrent thread roots 8.144ms
[53.540s][info][gc,start    ] GC(145) Concurrent weak references
[53.540s][info][gc,task     ] GC(145) Using 1 of 3 workers for concurrent weak references
[53.540s][info][gc,ref      ] GC(145) Encountered references: Soft: 2824, Weak: 5849, Final: 51, Phantom: 579
[53.540s][info][gc,ref      ] GC(145) Discovered  references: Soft: 658, Weak: 953, Final: 0, Phantom: 337
[53.540s][info][gc,ref      ] GC(145) Enqueued    references: Soft: 296, Weak: 163, Final: 0, Phantom: 0
[53.540s][info][gc          ] GC(145) Concurrent weak references 0.565ms
[53.540s][info][gc,start    ] GC(145) Concurrent weak roots
[53.540s][info][gc,task     ] GC(145) Using 1 of 3 workers for concurrent weak root
[53.544s][info][gc          ] GC(145) Concurrent weak roots 3.537ms
[53.544s][info][gc,start    ] GC(145) Concurrent cleanup
[53.544s][info][gc          ] GC(145) Concurrent cleanup 221M->217M(2048M) 0.028ms
[53.544s][info][gc,ergo     ] GC(145) Free: 1726M, Max: 1024K regular, 929M humongous, Frag: 46% external, 0% internal; Reserve: 102M, Max: 1024K
[53.544s][info][gc,start    ] GC(145) Concurrent class unloading
[53.544s][info][gc,task     ] GC(145) Using 1 of 3 workers for concurrent class unloading
[53.562s][info][gc          ] GC(145) Concurrent class unloading 18.380ms
[53.562s][info][gc,start    ] GC(145) Concurrent strong roots
[53.562s][info][gc,task     ] GC(145) Using 1 of 3 workers for concurrent strong root
[53.563s][info][gc          ] GC(145) Concurrent strong roots 0.435ms
[53.563s][info][gc,start    ] GC(145) Concurrent evacuation
[53.563s][info][gc,task     ] GC(145) Using 1 of 3 workers for concurrent evacuation
[53.563s][info][gc          ] GC(145) Concurrent evacuation 0.414ms
[53.563s][info][gc,start    ] GC(145) Pause Init Update Refs
[53.563s][info][gc,ergo     ] GC(145) Pacer for Update Refs. Used: 217M, Free: 1726M, Non-Taxable: 172M, Alloc Tax Rate: 1.1x
[53.563s][info][gc          ] GC(145) Pause Init Update Refs 0.067ms
[53.564s][info][gc,start    ] GC(145) Concurrent update references
[53.564s][info][gc,task     ] GC(145) Using 1 of 3 workers for concurrent reference update
[53.625s][info][gc          ] GC(145) Concurrent update references 61.561ms
[53.625s][info][gc,start    ] GC(145) Concurrent update thread roots
[53.634s][info][gc          ] GC(145) Concurrent update thread roots 8.994ms
[53.634s][info][gc,start    ] GC(145) Pause Final Update Refs
[53.634s][info][gc,task     ] GC(145) Using 3 of 3 workers for final reference update
[53.634s][info][gc          ] GC(145) Pause Final Update Refs 0.166ms
[53.634s][info][gc,start    ] GC(145) Concurrent cleanup
[53.635s][info][gc          ] GC(145) Concurrent cleanup 217M->185M(2048M) 0.079ms
[53.635s][info][gc,ergo     ] Free: 1758M, Max: 1024K regular, 1392M humongous, Frag: 21% external, 0% internal; Reserve: 103M, Max: 1024K
[53.635s][info][gc,stats    ] 
[53.635s][info][gc,stats    ] All times are wall-clock times, except per-root-class counters, that are sum over
[53.635s][info][gc,stats    ] all workers. Dividing the <total> over the root stage time estimates parallelism.
[53.635s][info][gc,stats    ] 
[53.635s][info][gc,stats    ] Concurrent Reset                   1172 us
[53.635s][info][gc,stats    ] Pause Init Mark (G)                 339 us
[53.635s][info][gc,stats    ] Pause Init Mark (N)                 243 us
[53.635s][info][gc,stats    ]   Update Region States               93 us
[53.635s][info][gc,stats    ] Concurrent Mark Roots              8214 us, parallelism: 0.98x
[53.635s][info][gc,stats    ]   CMR: <total>                     8030 us
[53.635s][info][gc,stats    ]   CMR: Thread Roots                7855 us, workers (us): 7855, ---, ---, 
[53.635s][info][gc,stats    ]   CMR: VM Strong Roots               20 us, workers (us):  20, ---, ---, 
[53.635s][info][gc,stats    ]   CMR: CLDG Roots                   155 us, workers (us): 155, ---, ---, 
[53.635s][info][gc,stats    ] Concurrent Marking               127362 us
[53.635s][info][gc,stats    ] Pause Final Mark (G)                558 us
[53.635s][info][gc,stats    ] Pause Final Mark (N)                448 us
[53.635s][info][gc,stats    ]   Finish Mark                       134 us
[53.635s][info][gc,stats    ]   Update Region States               65 us
[53.635s][info][gc,stats    ]   Choose Collection Set              98 us
[53.635s][info][gc,stats    ]   Rebuild Free Set                   17 us
[53.635s][info][gc,stats    ] Concurrent Thread Roots            8193 us, parallelism: 0.97x
[53.635s][info][gc,stats    ]   CTR: <total>                     7986 us
[53.635s][info][gc,stats    ]   CTR: Thread Roots                7986 us, workers (us): 7986, ---, ---, 
[53.635s][info][gc,stats    ] Concurrent Weak References          581 us, parallelism: 0.51x
[53.635s][info][gc,stats    ]   CWRF: <total>                     299 us
[53.635s][info][gc,stats    ]   CWRF: Weak References             299 us, workers (us): 299, ---, ---, 
[53.635s][info][gc,stats    ] Concurrent Weak Roots              3581 us
[53.635s][info][gc,stats    ]   Roots                            3345 us, parallelism: 0.97x
[53.635s][info][gc,stats    ]     CWR: <total>                   3259 us
[53.635s][info][gc,stats    ]     CWR: Code Cache Roots          2342 us, workers (us): 2342, ---, ---, 
[53.635s][info][gc,stats    ]     CWR: VM Weak Roots              869 us, workers (us): 869, ---, ---, 
[53.635s][info][gc,stats    ]     CWR: CLDG Roots                  48 us, workers (us):  48, ---, ---, 
[53.635s][info][gc,stats    ]   Rendezvous                        172 us
[53.635s][info][gc,stats    ] Concurrent Cleanup                   36 us
[53.635s][info][gc,stats    ] Concurrent Class Unloading        18427 us
[53.635s][info][gc,stats    ]   Unlink Stale                    17040 us
[53.635s][info][gc,stats    ]     System Dictionary               667 us
[53.635s][info][gc,stats    ]     Weak Class Links               6052 us
[53.635s][info][gc,stats    ]     Code Roots                    10319 us
[53.635s][info][gc,stats    ]   Rendezvous                        253 us
[53.635s][info][gc,stats    ]   Purge Unlinked                   1068 us
[53.635s][info][gc,stats    ]     Code Roots                      545 us
[53.635s][info][gc,stats    ]     CLDG                            522 us
[53.635s][info][gc,stats    ]     Exception Caches                  0 us
[53.635s][info][gc,stats    ] Concurrent Strong Roots             457 us, parallelism: 0.70x
[53.635s][info][gc,stats    ]   CSR: <total>                      319 us
[53.635s][info][gc,stats    ]   CSR: VM Strong Roots               18 us, workers (us):  18, ---, ---, 
[53.635s][info][gc,stats    ]   CSR: CLDG Roots                   301 us, workers (us): 301, ---, ---, 
[53.635s][info][gc,stats    ] Concurrent Evacuation               432 us
[53.635s][info][gc,stats    ] Pause Init Update Refs (G)          150 us
[53.635s][info][gc,stats    ] Pause Init Update Refs (N)           75 us
[53.635s][info][gc,stats    ]   Manage GCLABs                      13 us
[53.635s][info][gc,stats    ] Concurrent Update Refs            61630 us
[53.635s][info][gc,stats    ] Concurrent Update Thread Roots     9043 us
[53.635s][info][gc,stats    ] Pause Final Update Refs (G)         304 us
[53.635s][info][gc,stats    ] Pause Final Update Refs (N)         184 us
[53.635s][info][gc,stats    ]   Update Region States               87 us
[53.635s][info][gc,stats    ]   Trash Collection Set                5 us
[53.635s][info][gc,stats    ]   Rebuild Free Set                   22 us
[53.635s][info][gc,stats    ] Concurrent Cleanup                  106 us
[53.635s][info][gc,stats    ] 
[53.635s][info][gc,stats    ] Allocation pacing accrued:
[53.635s][info][gc,stats    ]       0 of   247 ms (  0.0%): <total>
[53.635s][info][gc,stats    ]       0 of   247 ms (  0.0%): <average total>
[53.635s][info][gc,stats    ] 
[53.635s][info][gc,metaspace] Metaspace: 66000K(66752K)->65680K(66688K) NonClass: 57708K(58112K)->57443K(58112K) Class: 8291K(8640K)->8237K(8576K)
[53.635s][info][gc,ergo     ] Pacer for Idle. Initial: 41943K, Alloc Tax Rate: 1.0x
[53.793s][info][gc          ] Trigger: Learning 2 of 5. Free (1416M) is below initial threshold (1433M)
[53.793s][info][gc,ergo     ] Free: 1416M, Max: 1024K regular, 1392M humongous, Frag: 1% external, 0% internal; Reserve: 103M, Max: 1024K
[53.793s][info][gc,start    ] GC(146) Concurrent reset
[53.794s][info][gc,task     ] GC(146) Using 1 of 3 workers for concurrent reset
[53.794s][info][gc,ergo     ] GC(146) Pacer for Reset. Non-Taxable: 2048M
[53.794s][info][gc          ] GC(146) Concurrent reset 0.957ms
[53.795s][info][gc,start    ] GC(146) Pause Init Mark (unload classes)
[53.795s][info][gc,task     ] GC(146) Using 3 of 3 workers for init marking
[53.795s][info][gc,ergo     ] GC(146) Pacer for Mark. Expected Live: 171M, Free: 1416M, Non-Taxable: 141M, Alloc Tax Rate: 0.1x
[53.795s][info][gc          ] GC(146) Pause Init Mark (unload classes) 0.193ms
[53.795s][info][gc,start    ] GC(146) Concurrent marking roots
[53.795s][info][gc,task     ] GC(146) Using 1 of 3 workers for concurrent marking roots
[53.804s][info][gc          ] GC(146) Concurrent marking roots 9.061ms
[53.804s][info][gc,start    ] GC(146) Concurrent marking (unload classes)
[53.804s][info][gc,task     ] GC(146) Using 1 of 3 workers for concurrent marking
[53.935s][info][gc          ] GC(146) Concurrent marking (unload classes) 130.966ms
[53.935s][info][gc,start    ] GC(146) Pause Final Mark (unload classes)
[53.935s][info][gc,task     ] GC(146) Using 3 of 3 workers for final marking
[53.935s][info][gc,ergo     ] GC(146) Adaptive CSet Selection. Target Free: 290M, Actual Free: 1392M, Max CSet: 87381K, Min Garbage: 0B
[53.935s][info][gc,ergo     ] GC(146) Collectable Garbage: 347M (98%), Immediate: 312M (88%), CSet: 36471K (10%)
[53.935s][info][gc,ergo     ] GC(146) Pacer for Evacuation. Used CSet: 38470K, Free: 1308M, Non-Taxable: 130M, Alloc Tax Rate: 1.1x
[53.935s][info][gc          ] GC(146) Pause Final Mark (unload classes) 0.262ms
[53.935s][info][gc,start    ] GC(146) Concurrent thread roots
[53.935s][info][gc,task     ] GC(146) Using 1 of 3 workers for Concurrent thread roots
[53.944s][info][gc          ] GC(146) Concurrent thread roots 8.604ms
[53.944s][info][gc,start    ] GC(146) Concurrent weak references
[53.944s][info][gc,task     ] GC(146) Using 1 of 3 workers for concurrent weak references
[53.944s][info][gc,ref      ] GC(146) Encountered references: Soft: 2909, Weak: 5969, Final: 51, Phantom: 579
[53.944s][info][gc,ref      ] GC(146) Discovered  references: Soft: 0, Weak: 878, Final: 0, Phantom: 337
[53.944s][info][gc,ref      ] GC(146) Enqueued    references: Soft: 0, Weak: 94, Final: 0, Phantom: 0
[53.944s][info][gc          ] GC(146) Concurrent weak references 0.257ms
[53.944s][info][gc,start    ] GC(146) Concurrent weak roots
[53.944s][info][gc,task     ] GC(146) Using 1 of 3 workers for concurrent weak root
[53.948s][info][gc          ] GC(146) Concurrent weak roots 3.579ms
[53.948s][info][gc,start    ] GC(146) Concurrent cleanup
[53.948s][info][gc          ] GC(146) Concurrent cleanup 987M->675M(2048M) 0.042ms
[53.948s][info][gc,ergo     ] GC(146) Free: 1267M, Max: 1024K regular, 936M humongous, Frag: 26% external, 0% internal; Reserve: 102M, Max: 1024K
[53.948s][info][gc,start    ] GC(146) Concurrent class unloading
[53.948s][info][gc,task     ] GC(146) Using 1 of 3 workers for concurrent class unloading
[53.968s][info][gc          ] GC(146) Concurrent class unloading 19.905ms
[53.968s][info][gc,start    ] GC(146) Concurrent strong roots
[53.968s][info][gc,task     ] GC(146) Using 1 of 3 workers for concurrent strong root
[53.968s][info][gc          ] GC(146) Concurrent strong roots 0.403ms
[53.968s][info][gc,start    ] GC(146) Concurrent evacuation
[53.968s][info][gc,task     ] GC(146) Using 1 of 3 workers for concurrent evacuation
[53.970s][info][gc          ] GC(146) Concurrent evacuation 1.244ms
[53.970s][info][gc,start    ] GC(146) Pause Init Update Refs
[53.970s][info][gc,ergo     ] GC(146) Pacer for Update Refs. Used: 738M, Free: 1207M, Non-Taxable: 120M, Alloc Tax Rate: 1.1x
[53.970s][info][gc          ] GC(146) Pause Init Update Refs 0.061ms
[53.970s][info][gc,start    ] GC(146) Concurrent update references
[53.970s][info][gc,task     ] GC(146) Using 1 of 3 workers for concurrent reference update
[54.143s][info][gc          ] GC(146) Concurrent update references 173.646ms
[54.144s][info][gc,start    ] GC(146) Concurrent update thread roots
[54.151s][info][gc          ] GC(146) Concurrent update thread roots 7.567ms
[54.151s][info][gc,start    ] GC(146) Pause Final Update Refs
[54.151s][info][gc,task     ] GC(146) Using 3 of 3 workers for final reference update
[54.151s][info][gc          ] GC(146) Pause Final Update Refs 0.131ms
[54.151s][info][gc,start    ] GC(146) Concurrent cleanup
[54.151s][info][gc          ] GC(146) Concurrent cleanup 1238M->1200M(2048M) 0.025ms
[54.151s][info][gc,ergo     ] Free: 742M, Max: 1024K regular, 689M humongous, Frag: 6% external, 0% internal; Reserve: 103M, Max: 1024K
[54.151s][info][gc,stats    ] 
[54.151s][info][gc,stats    ] All times are wall-clock times, except per-root-class counters, that are sum over
[54.151s][info][gc,stats    ] all workers. Dividing the <total> over the root stage time estimates parallelism.
[54.151s][info][gc,stats    ] 
[54.151s][info][gc,stats    ] Concurrent Reset                    976 us
[54.152s][info][gc,stats    ] Pause Init Mark (G)                 325 us
[54.152s][info][gc,stats    ] Pause Init Mark (N)                 210 us
[54.152s][info][gc,stats    ]   Update Region States               78 us
[54.152s][info][gc,stats    ] Concurrent Mark Roots              9112 us, parallelism: 0.95x
[54.152s][info][gc,stats    ]   CMR: <total>                     8686 us
[54.152s][info][gc,stats    ]   CMR: Thread Roots                8598 us, workers (us): 8598, ---, ---, 
[54.152s][info][gc,stats    ]   CMR: VM Strong Roots               14 us, workers (us):  14, ---, ---, 
[54.152s][info][gc,stats    ]   CMR: CLDG Roots                    74 us, workers (us):  74, ---, ---, 
[54.152s][info][gc,stats    ] Concurrent Marking               131031 us
[54.152s][info][gc,stats    ] Pause Final Mark (G)                379 us
[54.152s][info][gc,stats    ] Pause Final Mark (N)                270 us
[54.152s][info][gc,stats    ]   Finish Mark                        68 us
[54.152s][info][gc,stats    ]   Update Region States               30 us
[54.152s][info][gc,stats    ]   Choose Collection Set              64 us
[54.152s][info][gc,stats    ]   Rebuild Free Set                    7 us
[54.152s][info][gc,stats    ] Concurrent Thread Roots            8625 us, parallelism: 0.99x
[54.152s][info][gc,stats    ]   CTR: <total>                     8548 us
[54.152s][info][gc,stats    ]   CTR: Thread Roots                8548 us, workers (us): 8548, ---, ---, 
[54.152s][info][gc,stats    ] Concurrent Weak References          273 us, parallelism: 0.53x
[54.152s][info][gc,stats    ]   CWRF: <total>                     144 us
[54.152s][info][gc,stats    ]   CWRF: Weak References             144 us, workers (us): 144, ---, ---, 
[54.152s][info][gc,stats    ] Concurrent Weak Roots              3604 us
[54.152s][info][gc,stats    ]   Roots                            3369 us, parallelism: 0.99x
[54.152s][info][gc,stats    ]     CWR: <total>                   3329 us
[54.152s][info][gc,stats    ]     CWR: Code Cache Roots          2600 us, workers (us): 2600, ---, ---, 
[54.152s][info][gc,stats    ]     CWR: VM Weak Roots              664 us, workers (us): 664, ---, ---, 
[54.152s][info][gc,stats    ]     CWR: CLDG Roots                  65 us, workers (us):  65, ---, ---, 
[54.152s][info][gc,stats    ]   Rendezvous                        179 us
[54.152s][info][gc,stats    ] Concurrent Cleanup                   51 us
[54.152s][info][gc,stats    ] Concurrent Class Unloading        19967 us
[54.152s][info][gc,stats    ]   Unlink Stale                    18991 us
[54.152s][info][gc,stats    ]     System Dictionary               188 us
[54.152s][info][gc,stats    ]     Weak Class Links               7876 us
[54.152s][info][gc,stats    ]     Code Roots                    10924 us
[54.152s][info][gc,stats    ]   Rendezvous                        232 us
[54.152s][info][gc,stats    ]   Purge Unlinked                    663 us
[54.152s][info][gc,stats    ]     Code Roots                      641 us
[54.152s][info][gc,stats    ]     CLDG                             20 us
[54.152s][info][gc,stats    ]     Exception Caches                  0 us
[54.152s][info][gc,stats    ] Concurrent Strong Roots             423 us, parallelism: 0.65x
[54.152s][info][gc,stats    ]   CSR: <total>                      274 us
[54.152s][info][gc,stats    ]   CSR: VM Strong Roots               15 us, workers (us):  15, ---, ---, 
[54.152s][info][gc,stats    ]   CSR: CLDG Roots                   259 us, workers (us): 259, ---, ---, 
[54.152s][info][gc,stats    ] Concurrent Evacuation              1324 us
[54.152s][info][gc,stats    ] Pause Init Update Refs (G)          206 us
[54.152s][info][gc,stats    ] Pause Init Update Refs (N)           69 us
[54.152s][info][gc,stats    ]   Manage GCLABs                      11 us
[54.152s][info][gc,stats    ] Concurrent Update Refs           173708 us
[54.152s][info][gc,stats    ] Concurrent Update Thread Roots     7620 us
[54.152s][info][gc,stats    ] Pause Final Update Refs (G)         251 us
[54.152s][info][gc,stats    ] Pause Final Update Refs (N)         148 us
[54.152s][info][gc,stats    ]   Update Region States               44 us
[54.152s][info][gc,stats    ]   Trash Collection Set                3 us
[54.152s][info][gc,stats    ]   Rebuild Free Set                   14 us
[54.152s][info][gc,stats    ] Concurrent Cleanup                   34 us
[54.152s][info][gc,stats    ] Pacing                            49313 us
[54.152s][info][gc,stats    ] 
[54.152s][info][gc,stats    ] Allocation pacing accrued:
[54.152s][info][gc,stats    ]      25 of   517 ms (  4.8%): Executor task launch worker for task 0.0 in stage 91.0 (TID 151)
[54.152s][info][gc,stats    ]      24 of   517 ms (  4.7%): Executor task launch worker for task 1.0 in stage 91.0 (TID 152)
[54.152s][info][gc,stats    ]      49 of   517 ms (  9.5%): <total>
[54.152s][info][gc,stats    ]       0 of   517 ms (  0.0%): <average total>
[54.152s][info][gc,stats    ]      25 of   517 ms (  4.8%): <average non-zero>
[54.152s][info][gc,stats    ] 
[54.152s][info][gc,metaspace] Metaspace: 65994K(66688K)->65992K(66688K) NonClass: 57705K(58112K)->57703K(58112K) Class: 8289K(8576K)->8288K(8576K)
[54.152s][info][gc,ergo     ] Pacer for Idle. Initial: 41943K, Alloc Tax Rate: 1.0x
[54.157s][info][gc          ] Trigger: Learning 3 of 5. Free (720M) is below initial threshold (1433M)
[54.157s][info][gc,ergo     ] Free: 720M, Max: 1024K regular, 689M humongous, Frag: 3% external, 0% internal; Reserve: 103M, Max: 1024K
[54.157s][info][gc,start    ] GC(147) Concurrent reset
[54.157s][info][gc,task     ] GC(147) Using 1 of 3 workers for concurrent reset
[54.157s][info][gc,ergo     ] GC(147) Pacer for Reset. Non-Taxable: 2048M
[54.158s][info][gc          ] GC(147) Concurrent reset 0.919ms
[54.158s][info][gc,start    ] GC(147) Pause Init Mark (unload classes)
[54.159s][info][gc,task     ] GC(147) Using 3 of 3 workers for init marking
[54.159s][info][gc,ergo     ] GC(147) Pacer for Mark. Expected Live: 171M, Free: 718M, Non-Taxable: 73605K, Alloc Tax Rate: 0.3x
[54.159s][info][gc          ] GC(147) Pause Init Mark (unload classes) 0.177ms
[54.159s][info][gc,start    ] GC(147) Concurrent marking roots
[54.159s][info][gc,task     ] GC(147) Using 1 of 3 workers for concurrent marking roots
[54.168s][info][gc          ] GC(147) Concurrent marking roots 8.928ms
[54.168s][info][gc,start    ] GC(147) Concurrent marking (unload classes)
[54.168s][info][gc,task     ] GC(147) Using 1 of 3 workers for concurrent marking
[54.297s][info][gc          ] GC(147) Concurrent marking (unload classes) 128.832ms
[54.297s][info][gc,start    ] GC(147) Pause Final Mark (unload classes)
[54.297s][info][gc,task     ] GC(147) Using 3 of 3 workers for final marking
[54.297s][info][gc,ergo     ] GC(147) Collectable Garbage: 1031M (97%), Immediate: 1031M (97%), CSet: 0B (0%)
[54.297s][info][gc          ] GC(147) Pause Final Mark (unload classes) 0.364ms
[54.297s][info][gc,start    ] GC(147) Concurrent weak references
[54.297s][info][gc,task     ] GC(147) Using 1 of 3 workers for concurrent weak references
[54.297s][info][gc,ref      ] GC(147) Encountered references: Soft: 2909, Weak: 5874, Final: 51, Phantom: 579
[54.297s][info][gc,ref      ] GC(147) Discovered  references: Soft: 0, Weak: 800, Final: 0, Phantom: 260
[54.297s][info][gc,ref      ] GC(147) Enqueued    references: Soft: 0, Weak: 21, Final: 0, Phantom: 0
[54.297s][info][gc          ] GC(147) Concurrent weak references 0.150ms
[54.297s][info][gc,start    ] GC(147) Concurrent weak roots
[54.297s][info][gc,task     ] GC(147) Using 1 of 3 workers for concurrent weak root
[54.301s][info][gc          ] GC(147) Concurrent weak roots 3.462ms
[54.301s][info][gc,start    ] GC(147) Concurrent cleanup
[54.301s][info][gc          ] GC(147) Concurrent cleanup 1618M->588M(2048M) 0.136ms
[54.301s][info][gc,ergo     ] GC(147) Free: 1354M, Max: 1024K regular, 439M humongous, Frag: 68% external, 0% internal; Reserve: 103M, Max: 1024K
[54.301s][info][gc,start    ] GC(147) Concurrent class unloading
[54.301s][info][gc,task     ] GC(147) Using 1 of 3 workers for concurrent class unloading
[54.313s][info][gc          ] GC(147) Concurrent class unloading 11.708ms
[54.313s][info][gc,start    ] GC(147) Pause Final Roots
[54.313s][info][gc          ] GC(147) Pause Final Roots 0.062ms
[54.313s][info][gc,ergo     ] Free: 1310M, Max: 1024K regular, 439M humongous, Frag: 67% external, 0% internal; Reserve: 103M, Max: 1024K
[54.313s][info][gc,stats    ] 
[54.313s][info][gc,stats    ] All times are wall-clock times, except per-root-class counters, that are sum over
[54.313s][info][gc,stats    ] all workers. Dividing the <total> over the root stage time estimates parallelism.
[54.313s][info][gc,stats    ] 
[54.313s][info][gc,stats    ] Concurrent Reset                    976 us
[54.313s][info][gc,stats    ] Pause Init Mark (G)                 305 us
[54.313s][info][gc,stats    ] Pause Init Mark (N)                 186 us
[54.313s][info][gc,stats    ]   Update Region States               38 us
[54.313s][info][gc,stats    ] Concurrent Mark Roots              9004 us, parallelism: 0.97x
[54.313s][info][gc,stats    ]   CMR: <total>                     8692 us
[54.313s][info][gc,stats    ]   CMR: Thread Roots                8539 us, workers (us): 8539, ---, ---, 
[54.313s][info][gc,stats    ]   CMR: VM Strong Roots               22 us, workers (us):  22, ---, ---, 
[54.313s][info][gc,stats    ]   CMR: CLDG Roots                   131 us, workers (us): 131, ---, ---, 
[54.313s][info][gc,stats    ] Concurrent Marking               128912 us
[54.313s][info][gc,stats    ] Pause Final Mark (G)                442 us
[54.313s][info][gc,stats    ] Pause Final Mark (N)                383 us
[54.313s][info][gc,stats    ]   Finish Mark                       123 us
[54.313s][info][gc,stats    ]   Update Region States               84 us
[54.313s][info][gc,stats    ]   Choose Collection Set              63 us
[54.313s][info][gc,stats    ]   Rebuild Free Set                   17 us
[54.313s][info][gc,stats    ] Concurrent Weak References          158 us, parallelism: 0.43x
[54.313s][info][gc,stats    ]   CWRF: <total>                      68 us
[54.313s][info][gc,stats    ]   CWRF: Weak References              68 us, workers (us):  68, ---, ---, 
[54.313s][info][gc,stats    ] Concurrent Weak Roots              3511 us
[54.313s][info][gc,stats    ]   Roots                            3287 us, parallelism: 0.96x
[54.313s][info][gc,stats    ]     CWR: <total>                   3156 us
[54.313s][info][gc,stats    ]     CWR: Code Cache Roots          2557 us, workers (us): 2557, ---, ---, 
[54.313s][info][gc,stats    ]     CWR: VM Weak Roots              558 us, workers (us): 558, ---, ---, 
[54.313s][info][gc,stats    ]     CWR: CLDG Roots                  41 us, workers (us):  41, ---, ---, 
[54.313s][info][gc,stats    ]   Rendezvous                        155 us
[54.313s][info][gc,stats    ] Concurrent Cleanup                  145 us
[54.313s][info][gc,stats    ] Concurrent Class Unloading        11792 us
[54.313s][info][gc,stats    ]   Unlink Stale                    10796 us
[54.313s][info][gc,stats    ]     System Dictionary                57 us
[54.313s][info][gc,stats    ]     Weak Class Links                  0 us
[54.313s][info][gc,stats    ]     Code Roots                    10737 us
[54.313s][info][gc,stats    ]   Rendezvous                        192 us
[54.313s][info][gc,stats    ]   Purge Unlinked                    699 us
[54.313s][info][gc,stats    ]     Code Roots                      688 us
[54.313s][info][gc,stats    ]     CLDG                             10 us
[54.313s][info][gc,stats    ]     Exception Caches                  0 us
[54.313s][info][gc,stats    ] Pause Final Roots (G)               227 us
[54.313s][info][gc,stats    ] Pause Final Roots (N)                81 us
[54.313s][info][gc,stats    ] Pacing                            44541 us
[54.313s][info][gc,stats    ] 
[54.313s][info][gc,stats    ] Allocation pacing accrued:
[54.313s][info][gc,stats    ]      23 of   161 ms ( 14.5%): Executor task launch worker for task 0.0 in stage 91.0 (TID 151)
[54.313s][info][gc,stats    ]      21 of   161 ms ( 13.1%): Executor task launch worker for task 1.0 in stage 91.0 (TID 152)
[54.313s][info][gc,stats    ]      45 of   161 ms ( 27.6%): <total>
[54.313s][info][gc,stats    ]       0 of   161 ms (  0.1%): <average total>
[54.313s][info][gc,stats    ]      22 of   161 ms ( 13.8%): <average non-zero>
[54.313s][info][gc,stats    ] 
[54.313s][info][gc,metaspace] Metaspace: 65992K(66688K)->65992K(66688K) NonClass: 57703K(58112K)->57703K(58112K) Class: 8288K(8576K)->8288K(8576K)
[54.313s][info][gc,ergo     ] Pacer for Idle. Initial: 41943K, Alloc Tax Rate: 1.0x
[54.330s][info][gc          ] Trigger: Learning 4 of 5. Free (1268M) is below initial threshold (1433M)
[54.330s][info][gc,ergo     ] Free: 1268M, Max: 1024K regular, 439M humongous, Frag: 65% external, 0% internal; Reserve: 103M, Max: 1024K
[54.330s][info][gc,start    ] GC(148) Concurrent reset
[54.330s][info][gc,task     ] GC(148) Using 1 of 3 workers for concurrent reset
[54.330s][info][gc,ergo     ] GC(148) Pacer for Reset. Non-Taxable: 2048M
[54.332s][info][gc          ] GC(148) Concurrent reset 1.136ms
[54.332s][info][gc,start    ] GC(148) Pause Init Mark (unload classes)
[54.332s][info][gc,task     ] GC(148) Using 3 of 3 workers for init marking
[54.332s][info][gc,ergo     ] GC(148) Pacer for Mark. Expected Live: 171M, Free: 1268M, Non-Taxable: 126M, Alloc Tax Rate: 0.2x
[54.332s][info][gc          ] GC(148) Pause Init Mark (unload classes) 0.211ms
[54.332s][info][gc,start    ] GC(148) Concurrent marking roots
[54.332s][info][gc,task     ] GC(148) Using 1 of 3 workers for concurrent marking roots
[54.341s][info][gc          ] GC(148) Concurrent marking roots 8.911ms
[54.341s][info][gc,start    ] GC(148) Concurrent marking (unload classes)
[54.341s][info][gc,task     ] GC(148) Using 1 of 3 workers for concurrent marking
[54.471s][info][gc          ] GC(148) Concurrent marking (unload classes) 130.476ms
[54.471s][info][gc,start    ] GC(148) Pause Final Mark (unload classes)
[54.471s][info][gc,task     ] GC(148) Using 3 of 3 workers for final marking
[54.472s][info][gc,ergo     ] GC(148) Collectable Garbage: 481M (95%), Immediate: 481M (95%), CSet: 0B (0%)
[54.472s][info][gc          ] GC(148) Pause Final Mark (unload classes) 0.181ms
[54.472s][info][gc,start    ] GC(148) Concurrent weak references
[54.472s][info][gc,task     ] GC(148) Using 1 of 3 workers for concurrent weak references
[54.472s][info][gc,ref      ] GC(148) Encountered references: Soft: 2909, Weak: 5853, Final: 51, Phantom: 579
[54.472s][info][gc,ref      ] GC(148) Discovered  references: Soft: 0, Weak: 779, Final: 0, Phantom: 260
[54.472s][info][gc,ref      ] GC(148) Enqueued    references: Soft: 0, Weak: 0, Final: 0, Phantom: 0
[54.472s][info][gc          ] GC(148) Concurrent weak references 0.246ms
[54.472s][info][gc,start    ] GC(148) Concurrent weak roots
[54.472s][info][gc,task     ] GC(148) Using 1 of 3 workers for concurrent weak root
[54.475s][info][gc          ] GC(148) Concurrent weak roots 3.147ms
[54.475s][info][gc,start    ] GC(148) Concurrent cleanup
[54.475s][info][gc          ] GC(148) Concurrent cleanup 1100M->618M(2048M) 0.048ms
[54.475s][info][gc,ergo     ] GC(148) Free: 1323M, Max: 1024K regular, 474M humongous, Frag: 64% external, 0% internal; Reserve: 103M, Max: 1024K
[54.475s][info][gc,start    ] GC(148) Concurrent class unloading
[54.475s][info][gc,task     ] GC(148) Using 1 of 3 workers for concurrent class unloading
[54.485s][info][gc          ] GC(148) Concurrent class unloading 9.969ms
[54.485s][info][gc,start    ] GC(148) Pause Final Roots
[54.485s][info][gc          ] GC(148) Pause Final Roots 0.038ms
[54.485s][info][gc,ergo     ] Free: 1309M, Max: 1024K regular, 474M humongous, Frag: 64% external, 0% internal; Reserve: 103M, Max: 1024K
[54.486s][info][gc,stats    ] 
[54.486s][info][gc,stats    ] All times are wall-clock times, except per-root-class counters, that are sum over
[54.486s][info][gc,stats    ] all workers. Dividing the <total> over the root stage time estimates parallelism.
[54.486s][info][gc,stats    ] 
[54.486s][info][gc,stats    ] Concurrent Reset                   1183 us
[54.486s][info][gc,stats    ] Pause Init Mark (G)                 342 us
[54.486s][info][gc,stats    ] Pause Init Mark (N)                 230 us
[54.486s][info][gc,stats    ]   Update Region States               91 us
[54.486s][info][gc,stats    ] Concurrent Mark Roots              8957 us, parallelism: 0.95x
[54.486s][info][gc,stats    ]   CMR: <total>                     8540 us
[54.486s][info][gc,stats    ]   CMR: Thread Roots                8460 us, workers (us): 8460, ---, ---, 
[54.486s][info][gc,stats    ]   CMR: VM Strong Roots               13 us, workers (us):  13, ---, ---, 
[54.486s][info][gc,stats    ]   CMR: CLDG Roots                    66 us, workers (us):  66, ---, ---, 
[54.486s][info][gc,stats    ] Concurrent Marking               130520 us
[54.486s][info][gc,stats    ] Pause Final Mark (G)                283 us
[54.486s][info][gc,stats    ] Pause Final Mark (N)                190 us
[54.486s][info][gc,stats    ]   Finish Mark                        47 us
[54.486s][info][gc,stats    ]   Update Region States               35 us
[54.486s][info][gc,stats    ]   Choose Collection Set              41 us
[54.486s][info][gc,stats    ]   Rebuild Free Set                    8 us
[54.486s][info][gc,stats    ] Concurrent Weak References          262 us, parallelism: 0.24x
[54.486s][info][gc,stats    ]   CWRF: <total>                      63 us
[54.486s][info][gc,stats    ]   CWRF: Weak References              63 us, workers (us):  63, ---, ---, 
[54.486s][info][gc,stats    ] Concurrent Weak Roots              3202 us
[54.486s][info][gc,stats    ]   Roots                            2930 us, parallelism: 0.99x
[54.486s][info][gc,stats    ]     CWR: <total>                   2888 us
[54.486s][info][gc,stats    ]     CWR: Code Cache Roots          2503 us, workers (us): 2503, ---, ---, 
[54.486s][info][gc,stats    ]     CWR: VM Weak Roots              330 us, workers (us): 330, ---, ---, 
[54.486s][info][gc,stats    ]     CWR: CLDG Roots                  56 us, workers (us):  56, ---, ---, 
[54.486s][info][gc,stats    ]   Rendezvous                        183 us
[54.486s][info][gc,stats    ] Concurrent Cleanup                   57 us
[54.486s][info][gc,stats    ] Concurrent Class Unloading        10020 us
[54.486s][info][gc,stats    ]   Unlink Stale                     9294 us
[54.486s][info][gc,stats    ]     System Dictionary                48 us
[54.486s][info][gc,stats    ]     Weak Class Links                  0 us
[54.486s][info][gc,stats    ]     Code Roots                     9245 us
[54.486s][info][gc,stats    ]   Rendezvous                        159 us
[54.486s][info][gc,stats    ]   Purge Unlinked                    498 us
[54.486s][info][gc,stats    ]     Code Roots                      491 us
[54.486s][info][gc,stats    ]     CLDG                              6 us
[54.486s][info][gc,stats    ]     Exception Caches                  0 us
[54.486s][info][gc,stats    ] Pause Final Roots (G)               162 us
[54.486s][info][gc,stats    ] Pause Final Roots (N)                47 us
[54.486s][info][gc,stats    ] Pacing                            42877 us
[54.486s][info][gc,stats    ] 
[54.486s][info][gc,stats    ] Allocation pacing accrued:
[54.486s][info][gc,stats    ]      21 of   173 ms ( 12.4%): Executor task launch worker for task 1.0 in stage 92.0 (TID 154)
[54.486s][info][gc,stats    ]      22 of   173 ms ( 12.5%): Executor task launch worker for task 0.0 in stage 92.0 (TID 153)
[54.486s][info][gc,stats    ]      43 of   173 ms ( 24.9%): <total>
[54.486s][info][gc,stats    ]       0 of   173 ms (  0.1%): <average total>
[54.486s][info][gc,stats    ]      21 of   173 ms ( 12.4%): <average non-zero>
[54.486s][info][gc,stats    ] 
[54.486s][info][gc,metaspace] Metaspace: 65992K(66688K)->66007K(66816K) NonClass: 57703K(58112K)->57716K(58176K) Class: 8288K(8576K)->8291K(8640K)
[54.486s][info][gc,ergo     ] Pacer for Idle. Initial: 41943K, Alloc Tax Rate: 1.0x
[54.491s][info][gc          ] Trigger: Learning 5 of 5. Free (1305M) is below initial threshold (1433M)
[54.492s][info][gc,ergo     ] Free: 1305M, Max: 1024K regular, 474M humongous, Frag: 64% external, 0% internal; Reserve: 103M, Max: 1024K
[54.492s][info][gc,start    ] GC(149) Concurrent reset
[54.492s][info][gc,task     ] GC(149) Using 1 of 3 workers for concurrent reset
[54.492s][info][gc,ergo     ] GC(149) Pacer for Reset. Non-Taxable: 2048M
[54.492s][info][gc          ] GC(149) Concurrent reset 0.836ms
[54.493s][info][gc,start    ] GC(149) Pause Init Mark (unload classes)
[54.493s][info][gc,task     ] GC(149) Using 3 of 3 workers for init marking
[54.493s][info][gc,ergo     ] GC(149) Pacer for Mark. Expected Live: 171M, Free: 1303M, Non-Taxable: 130M, Alloc Tax Rate: 0.2x
[54.493s][info][gc          ] GC(149) Pause Init Mark (unload classes) 0.157ms
[54.493s][info][gc,start    ] GC(149) Concurrent marking roots
[54.493s][info][gc,task     ] GC(149) Using 1 of 3 workers for concurrent marking roots
[54.501s][info][gc          ] GC(149) Concurrent marking roots 8.083ms
[54.501s][info][gc,start    ] GC(149) Concurrent marking (unload classes)
[54.501s][info][gc,task     ] GC(149) Using 1 of 3 workers for concurrent marking
[54.631s][info][gc          ] GC(149) Concurrent marking (unload classes) 130.459ms
[54.632s][info][gc,start    ] GC(149) Pause Final Mark (unload classes)
[54.632s][info][gc,task     ] GC(149) Using 3 of 3 workers for final marking
[54.632s][info][gc,ergo     ] GC(149) Collectable Garbage: 434M (93%), Immediate: 434M (93%), CSet: 0B (0%)
[54.632s][info][gc          ] GC(149) Pause Final Mark (unload classes) 0.249ms
[54.632s][info][gc,start    ] GC(149) Concurrent weak references
[54.632s][info][gc,task     ] GC(149) Using 1 of 3 workers for concurrent weak references
[54.632s][info][gc,ref      ] GC(149) Encountered references: Soft: 2923, Weak: 5957, Final: 51, Phantom: 579
[54.632s][info][gc,ref      ] GC(149) Discovered  references: Soft: 0, Weak: 938, Final: 0, Phantom: 260
[54.632s][info][gc,ref      ] GC(149) Enqueued    references: Soft: 0, Weak: 86, Final: 0, Phantom: 0
[54.632s][info][gc          ] GC(149) Concurrent weak references 0.223ms
[54.632s][info][gc,start    ] GC(149) Concurrent weak roots
[54.632s][info][gc,task     ] GC(149) Using 1 of 3 workers for concurrent weak root
[54.635s][info][gc          ] GC(149) Concurrent weak roots 3.252ms
[54.635s][info][gc,start    ] GC(149) Concurrent cleanup
[54.635s][info][gc          ] GC(149) Concurrent cleanup 644M->209M(2048M) 0.044ms
[54.635s][info][gc,ergo     ] GC(149) Free: 1733M, Max: 1024K regular, 940M humongous, Frag: 46% external, 0% internal; Reserve: 103M, Max: 1024K
[54.635s][info][gc,start    ] GC(149) Concurrent class unloading
[54.635s][info][gc,task     ] GC(149) Using 1 of 3 workers for concurrent class unloading
[54.645s][info][gc          ] GC(149) Concurrent class unloading 10.063ms
[54.646s][info][gc,start    ] GC(149) Pause Final Roots
[54.646s][info][gc          ] GC(149) Pause Final Roots 0.051ms
[54.646s][info][gc,ergo     ] Free: 1733M, Max: 1024K regular, 940M humongous, Frag: 46% external, 0% internal; Reserve: 103M, Max: 1024K
[54.646s][info][gc,stats    ] 
[54.646s][info][gc,stats    ] All times are wall-clock times, except per-root-class counters, that are sum over
[54.646s][info][gc,stats    ] all workers. Dividing the <total> over the root stage time estimates parallelism.
[54.646s][info][gc,stats    ] 
[54.646s][info][gc,stats    ] Concurrent Reset                    900 us
[54.646s][info][gc,stats    ] Pause Init Mark (G)                 303 us
[54.646s][info][gc,stats    ] Pause Init Mark (N)                 174 us
[54.646s][info][gc,stats    ]   Update Region States               53 us
[54.646s][info][gc,stats    ] Concurrent Mark Roots              8130 us, parallelism: 0.97x
[54.646s][info][gc,stats    ]   CMR: <total>                     7917 us
[54.646s][info][gc,stats    ]   CMR: Thread Roots                7746 us, workers (us): 7746, ---, ---, 
[54.646s][info][gc,stats    ]   CMR: VM Strong Roots               21 us, workers (us):  21, ---, ---, 
[54.646s][info][gc,stats    ]   CMR: CLDG Roots                   149 us, workers (us): 149, ---, ---, 
[54.646s][info][gc,stats    ] Concurrent Marking               130536 us
[54.646s][info][gc,stats    ] Pause Final Mark (G)                315 us
[54.646s][info][gc,stats    ] Pause Final Mark (N)                257 us
[54.646s][info][gc,stats    ]   Finish Mark                       103 us
[54.646s][info][gc,stats    ]   Update Region States               40 us
[54.646s][info][gc,stats    ]   Choose Collection Set              33 us
[54.646s][info][gc,stats    ]   Rebuild Free Set                    8 us
[54.646s][info][gc,stats    ] Concurrent Weak References          231 us, parallelism: 0.37x
[54.646s][info][gc,stats    ]   CWRF: <total>                      86 us
[54.646s][info][gc,stats    ]   CWRF: Weak References              86 us, workers (us):  86, ---, ---, 
[54.646s][info][gc,stats    ] Concurrent Weak Roots              3298 us
[54.646s][info][gc,stats    ]   Roots                            3078 us, parallelism: 0.97x
[54.646s][info][gc,stats    ]     CWR: <total>                   2983 us
[54.646s][info][gc,stats    ]     CWR: Code Cache Roots          2243 us, workers (us): 2243, ---, ---, 
[54.646s][info][gc,stats    ]     CWR: VM Weak Roots              597 us, workers (us): 597, ---, ---, 
[54.646s][info][gc,stats    ]     CWR: CLDG Roots                 143 us, workers (us): 143, ---, ---, 
[54.646s][info][gc,stats    ]   Rendezvous                        156 us
[54.646s][info][gc,stats    ] Concurrent Cleanup                   52 us
[54.646s][info][gc,stats    ] Concurrent Class Unloading        10119 us
[54.646s][info][gc,stats    ]   Unlink Stale                     9098 us
[54.646s][info][gc,stats    ]     System Dictionary                43 us
[54.646s][info][gc,stats    ]     Weak Class Links                  0 us
[54.646s][info][gc,stats    ]     Code Roots                     9054 us
[54.646s][info][gc,stats    ]   Rendezvous                        201 us
[54.646s][info][gc,stats    ]   Purge Unlinked                    743 us
[54.646s][info][gc,stats    ]     Code Roots                      728 us
[54.646s][info][gc,stats    ]     CLDG                             14 us
[54.646s][info][gc,stats    ]     Exception Caches                  0 us
[54.646s][info][gc,stats    ] Pause Final Roots (G)               120 us
[54.646s][info][gc,stats    ] Pause Final Roots (N)                59 us
[54.646s][info][gc,stats    ] 
[54.646s][info][gc,stats    ] Allocation pacing accrued:
[54.646s][info][gc,stats    ]       0 of   160 ms (  0.0%): <total>
[54.646s][info][gc,stats    ]       0 of   160 ms (  0.0%): <average total>
[54.646s][info][gc,stats    ] 
[54.646s][info][gc,metaspace] Metaspace: 66009K(66816K)->66011K(66816K) NonClass: 57717K(58176K)->57719K(58176K) Class: 8291K(8640K)->8291K(8640K)
[54.646s][info][gc,ergo     ] Pacer for Idle. Initial: 41943K, Alloc Tax Rate: 1.0x
[54.649s][info][gc          ] Trigger: Explicit GC request (System.gc())
[54.649s][info][gc,ergo     ] Free: 1733M, Max: 1024K regular, 940M humongous, Frag: 46% external, 0% internal; Reserve: 103M, Max: 1024K
[54.649s][info][gc,start    ] GC(150) Concurrent reset
[54.649s][info][gc,task     ] GC(150) Using 1 of 3 workers for concurrent reset
[54.649s][info][gc,ergo     ] GC(150) Pacer for Reset. Non-Taxable: 2048M
[54.650s][info][gc          ] GC(150) Concurrent reset 1.150ms
[54.650s][info][gc,start    ] GC(150) Pause Init Mark (unload classes)
[54.650s][info][gc,task     ] GC(150) Using 3 of 3 workers for init marking
[54.650s][info][gc,ref      ] GC(150) Clearing All SoftReferences
[54.650s][info][gc,ergo     ] GC(150) Pacer for Mark. Expected Live: 171M, Free: 1733M, Non-Taxable: 173M, Alloc Tax Rate: 0.1x
[54.650s][info][gc          ] GC(150) Pause Init Mark (unload classes) 0.180ms
[54.650s][info][gc,start    ] GC(150) Concurrent marking roots
[54.650s][info][gc,task     ] GC(150) Using 1 of 3 workers for concurrent marking roots
[54.658s][info][gc          ] GC(150) Concurrent marking roots 7.987ms
[54.659s][info][gc,start    ] GC(150) Concurrent marking (unload classes)
[54.659s][info][gc,task     ] GC(150) Using 1 of 3 workers for concurrent marking
[54.785s][info][gc          ] GC(150) Concurrent marking (unload classes) 126.077ms
[54.785s][info][gc,start    ] GC(150) Pause Final Mark (unload classes)
[54.785s][info][gc,task     ] GC(150) Using 3 of 3 workers for final marking
[54.785s][info][gc,ergo     ] GC(150) Adaptive CSet Selection. Target Free: 290M, Actual Free: 1822M, Max CSet: 87381K, Min Garbage: 0B
[54.785s][info][gc,ergo     ] GC(150) Collectable Garbage: 35818K (88%), Immediate: 3072K (7%), CSet: 32746K (81%)
[54.785s][info][gc,ergo     ] GC(150) Pacer for Evacuation. Used CSet: 33554K, Free: 1735M, Non-Taxable: 173M, Alloc Tax Rate: 1.1x
[54.785s][info][gc          ] GC(150) Pause Final Mark (unload classes) 0.600ms
[54.785s][info][gc,start    ] GC(150) Concurrent thread roots
[54.785s][info][gc,task     ] GC(150) Using 1 of 3 workers for Concurrent thread roots
[54.793s][info][gc          ] GC(150) Concurrent thread roots 7.710ms
[54.793s][info][gc,start    ] GC(150) Concurrent weak references
[54.793s][info][gc,task     ] GC(150) Using 1 of 3 workers for concurrent weak references
[54.793s][info][gc,ref      ] GC(150) Encountered references: Soft: 2824, Weak: 5778, Final: 51, Phantom: 579
[54.793s][info][gc,ref      ] GC(150) Discovered  references: Soft: 658, Weak: 870, Final: 0, Phantom: 337
[54.794s][info][gc,ref      ] GC(150) Enqueued    references: Soft: 296, Weak: 78, Final: 0, Phantom: 0
[54.794s][info][gc          ] GC(150) Concurrent weak references 0.339ms
[54.794s][info][gc,start    ] GC(150) Concurrent weak roots
[54.794s][info][gc,task     ] GC(150) Using 1 of 3 workers for concurrent weak root
[54.797s][info][gc          ] GC(150) Concurrent weak roots 3.195ms
[54.797s][info][gc,start    ] GC(150) Concurrent cleanup
[54.797s][info][gc          ] GC(150) Concurrent cleanup 217M->214M(2048M) 0.027ms
[54.797s][info][gc,ergo     ] GC(150) Free: 1729M, Max: 1024K regular, 940M humongous, Frag: 46% external, 0% internal; Reserve: 102M, Max: 1024K
[54.797s][info][gc,start    ] GC(150) Concurrent class unloading
[54.797s][info][gc,task     ] GC(150) Using 1 of 3 workers for concurrent class unloading
[54.815s][info][gc          ] GC(150) Concurrent class unloading 18.504ms
[54.815s][info][gc,start    ] GC(150) Concurrent strong roots
[54.815s][info][gc,task     ] GC(150) Using 1 of 3 workers for concurrent strong root
[54.816s][info][gc          ] GC(150) Concurrent strong roots 0.457ms
[54.816s][info][gc,start    ] GC(150) Concurrent evacuation
[54.816s][info][gc,task     ] GC(150) Using 1 of 3 workers for concurrent evacuation
[54.816s][info][gc          ] GC(150) Concurrent evacuation 0.487ms
[54.816s][info][gc,start    ] GC(150) Pause Init Update Refs
[54.816s][info][gc,ergo     ] GC(150) Pacer for Update Refs. Used: 214M, Free: 1729M, Non-Taxable: 172M, Alloc Tax Rate: 1.1x
[54.817s][info][gc          ] GC(150) Pause Init Update Refs 0.062ms
[54.817s][info][gc,start    ] GC(150) Concurrent update references
[54.817s][info][gc,task     ] GC(150) Using 1 of 3 workers for concurrent reference update
[54.879s][info][gc          ] GC(150) Concurrent update references 62.624ms
[54.879s][info][gc,start    ] GC(150) Concurrent update thread roots
[54.888s][info][gc          ] GC(150) Concurrent update thread roots 8.578ms
[54.888s][info][gc,start    ] GC(150) Pause Final Update Refs
[54.888s][info][gc,task     ] GC(150) Using 3 of 3 workers for final reference update
[54.888s][info][gc          ] GC(150) Pause Final Update Refs 0.170ms
[54.888s][info][gc,start    ] GC(150) Concurrent cleanup
[54.888s][info][gc          ] GC(150) Concurrent cleanup 214M->182M(2048M) 0.077ms
[54.888s][info][gc,ergo     ] Free: 1761M, Max: 1024K regular, 1391M humongous, Frag: 21% external, 0% internal; Reserve: 103M, Max: 1024K
[54.888s][info][gc,stats    ] 
[54.888s][info][gc,stats    ] All times are wall-clock times, except per-root-class counters, that are sum over
[54.888s][info][gc,stats    ] all workers. Dividing the <total> over the root stage time estimates parallelism.
[54.888s][info][gc,stats    ] 
[54.888s][info][gc,stats    ] Concurrent Reset                   1169 us
[54.888s][info][gc,stats    ] Pause Init Mark (G)                 293 us
[54.888s][info][gc,stats    ] Pause Init Mark (N)                 189 us
[54.889s][info][gc,stats    ]   Update Region States               70 us
[54.889s][info][gc,stats    ] Concurrent Mark Roots              8038 us, parallelism: 0.97x
[54.889s][info][gc,stats    ]   CMR: <total>                     7760 us
[54.889s][info][gc,stats    ]   CMR: Thread Roots                7676 us, workers (us): 7676, ---, ---, 
[54.889s][info][gc,stats    ]   CMR: VM Strong Roots               13 us, workers (us):  13, ---, ---, 
[54.889s][info][gc,stats    ]   CMR: CLDG Roots                    71 us, workers (us):  71, ---, ---, 
[54.889s][info][gc,stats    ] Concurrent Marking               126144 us
[54.889s][info][gc,stats    ] Pause Final Mark (G)                775 us
[54.889s][info][gc,stats    ] Pause Final Mark (N)                622 us
[54.889s][info][gc,stats    ]   Finish Mark                       182 us
[54.889s][info][gc,stats    ]   Update Region States              124 us
[54.889s][info][gc,stats    ]   Choose Collection Set             133 us
[54.889s][info][gc,stats    ]   Rebuild Free Set                   23 us
[54.889s][info][gc,stats    ] Concurrent Thread Roots            7761 us, parallelism: 0.98x
[54.889s][info][gc,stats    ]   CTR: <total>                     7592 us
[54.889s][info][gc,stats    ]   CTR: Thread Roots                7592 us, workers (us): 7592, ---, ---, 
[54.889s][info][gc,stats    ] Concurrent Weak References          356 us, parallelism: 0.48x
[54.889s][info][gc,stats    ]   CWRF: <total>                     170 us
[54.889s][info][gc,stats    ]   CWRF: Weak References             170 us, workers (us): 170, ---, ---, 
[54.889s][info][gc,stats    ] Concurrent Weak Roots              3235 us
[54.889s][info][gc,stats    ]   Roots                            2993 us, parallelism: 0.98x
[54.889s][info][gc,stats    ]     CWR: <total>                   2922 us
[54.889s][info][gc,stats    ]     CWR: Code Cache Roots          2280 us, workers (us): 2280, ---, ---, 
[54.889s][info][gc,stats    ]     CWR: VM Weak Roots              594 us, workers (us): 594, ---, ---, 
[54.889s][info][gc,stats    ]     CWR: CLDG Roots                  47 us, workers (us):  47, ---, ---, 
[54.889s][info][gc,stats    ]   Rendezvous                        167 us
[54.889s][info][gc,stats    ] Concurrent Cleanup                   35 us
[54.889s][info][gc,stats    ] Concurrent Class Unloading        18550 us
[54.889s][info][gc,stats    ]   Unlink Stale                    17397 us
[54.889s][info][gc,stats    ]     System Dictionary               658 us
[54.889s][info][gc,stats    ]     Weak Class Links               6148 us
[54.889s][info][gc,stats    ]     Code Roots                    10589 us
[54.889s][info][gc,stats    ]   Rendezvous                        293 us
[54.889s][info][gc,stats    ]   Purge Unlinked                    796 us
[54.889s][info][gc,stats    ]     Code Roots                      466 us
[54.889s][info][gc,stats    ]     CLDG                            329 us
[54.889s][info][gc,stats    ]     Exception Caches                  0 us
[54.889s][info][gc,stats    ] Concurrent Strong Roots             476 us, parallelism: 0.71x
[54.889s][info][gc,stats    ]   CSR: <total>                      339 us
[54.889s][info][gc,stats    ]   CSR: VM Strong Roots               18 us, workers (us):  18, ---, ---, 
[54.889s][info][gc,stats    ]   CSR: CLDG Roots                   321 us, workers (us): 321, ---, ---, 
[54.889s][info][gc,stats    ] Concurrent Evacuation               524 us
[54.889s][info][gc,stats    ] Pause Init Update Refs (G)          146 us
[54.889s][info][gc,stats    ] Pause Init Update Refs (N)           71 us
[54.889s][info][gc,stats    ]   Manage GCLABs                      11 us
[54.889s][info][gc,stats    ] Concurrent Update Refs            62692 us
[54.889s][info][gc,stats    ] Concurrent Update Thread Roots     8639 us
[54.889s][info][gc,stats    ] Pause Final Update Refs (G)         293 us
[54.889s][info][gc,stats    ] Pause Final Update Refs (N)         188 us
[54.889s][info][gc,stats    ]   Update Region States               78 us
[54.889s][info][gc,stats    ]   Trash Collection Set                6 us
[54.889s][info][gc,stats    ]   Rebuild Free Set                   22 us
[54.889s][info][gc,stats    ] Concurrent Cleanup                  104 us
[54.889s][info][gc,stats    ] 
[54.889s][info][gc,stats    ] Allocation pacing accrued:
[54.889s][info][gc,stats    ]       0 of   243 ms (  0.0%): <total>
[54.889s][info][gc,stats    ]       0 of   243 ms (  0.0%): <average total>
[54.889s][info][gc,stats    ] 
[54.889s][info][gc,metaspace] Metaspace: 66011K(66816K)->65695K(66752K) NonClass: 57719K(58176K)->57458K(58176K) Class: 8291K(8640K)->8237K(8576K)
[54.889s][info][gc,ergo     ] Pacer for Idle. Initial: 41943K, Alloc Tax Rate: 1.0x
[55.067s][info][gc          ] Trigger: Learning 2 of 5. Free (1427M) is below initial threshold (1433M)
[55.067s][info][gc,ergo     ] Free: 1427M, Max: 1024K regular, 1391M humongous, Frag: 2% external, 0% internal; Reserve: 103M, Max: 1024K
[55.067s][info][gc,start    ] GC(151) Concurrent reset
[55.067s][info][gc,task     ] GC(151) Using 1 of 3 workers for concurrent reset
[55.067s][info][gc,ergo     ] GC(151) Pacer for Reset. Non-Taxable: 2048M
[55.068s][info][gc          ] GC(151) Concurrent reset 0.905ms
[55.068s][info][gc,start    ] GC(151) Pause Init Mark (unload classes)
[55.068s][info][gc,task     ] GC(151) Using 3 of 3 workers for init marking
[55.068s][info][gc,ergo     ] GC(151) Pacer for Mark. Expected Live: 171M, Free: 1427M, Non-Taxable: 142M, Alloc Tax Rate: 0.1x
[55.068s][info][gc          ] GC(151) Pause Init Mark (unload classes) 0.140ms
[55.068s][info][gc,start    ] GC(151) Concurrent marking roots
[55.068s][info][gc,task     ] GC(151) Using 1 of 3 workers for concurrent marking roots
[55.077s][info][gc          ] GC(151) Concurrent marking roots 8.629ms
[55.077s][info][gc,start    ] GC(151) Concurrent marking (unload classes)
[55.077s][info][gc,task     ] GC(151) Using 1 of 3 workers for concurrent marking
[55.209s][info][gc          ] GC(151) Concurrent marking (unload classes) 131.659ms
[55.209s][info][gc,start    ] GC(151) Pause Final Mark (unload classes)
[55.209s][info][gc,task     ] GC(151) Using 3 of 3 workers for final marking
[55.209s][info][gc,ergo     ] GC(151) Adaptive CSet Selection. Target Free: 290M, Actual Free: 1398M, Max CSet: 87381K, Min Garbage: 0B
[55.209s][info][gc,ergo     ] GC(151) Collectable Garbage: 336M (98%), Immediate: 305M (89%), CSet: 32370K (9%)
[55.209s][info][gc,ergo     ] GC(151) Pacer for Evacuation. Used CSet: 34372K, Free: 1315M, Non-Taxable: 131M, Alloc Tax Rate: 1.1x
[55.209s][info][gc          ] GC(151) Pause Final Mark (unload classes) 0.286ms
[55.209s][info][gc,start    ] GC(151) Concurrent thread roots
[55.209s][info][gc,task     ] GC(151) Using 1 of 3 workers for Concurrent thread roots
[55.217s][info][gc          ] GC(151) Concurrent thread roots 8.370ms
[55.217s][info][gc,start    ] GC(151) Concurrent weak references
[55.217s][info][gc,task     ] GC(151) Using 1 of 3 workers for concurrent weak references
[55.218s][info][gc,ref      ] GC(151) Encountered references: Soft: 2909, Weak: 5950, Final: 51, Phantom: 579
[55.218s][info][gc,ref      ] GC(151) Discovered  references: Soft: 0, Weak: 870, Final: 0, Phantom: 260
[55.218s][info][gc,ref      ] GC(151) Enqueued    references: Soft: 0, Weak: 89, Final: 0, Phantom: 0
[55.218s][info][gc          ] GC(151) Concurrent weak references 0.313ms
[55.218s][info][gc,start    ] GC(151) Concurrent weak roots
[55.218s][info][gc,task     ] GC(151) Using 1 of 3 workers for concurrent weak root
[55.222s][info][gc          ] GC(151) Concurrent weak roots 4.381ms
[55.222s][info][gc,start    ] GC(151) Concurrent cleanup
[55.222s][info][gc          ] GC(151) Concurrent cleanup 977M->672M(2048M) 0.077ms
[55.222s][info][gc,ergo     ] GC(151) Free: 1271M, Max: 1024K regular, 946M humongous, Frag: 25% external, 0% internal; Reserve: 102M, Max: 1024K
[55.222s][info][gc,start    ] GC(151) Concurrent class unloading
[55.222s][info][gc,task     ] GC(151) Using 1 of 3 workers for concurrent class unloading
[55.242s][info][gc          ] GC(151) Concurrent class unloading 20.112ms
[55.243s][info][gc,start    ] GC(151) Concurrent strong roots
[55.243s][info][gc,task     ] GC(151) Using 1 of 3 workers for concurrent strong root
[55.243s][info][gc          ] GC(151) Concurrent strong roots 0.487ms
[55.243s][info][gc,start    ] GC(151) Concurrent evacuation
[55.243s][info][gc,task     ] GC(151) Using 1 of 3 workers for concurrent evacuation
[55.244s][info][gc          ] GC(151) Concurrent evacuation 1.174ms
[55.244s][info][gc,start    ] GC(151) Pause Init Update Refs
[55.244s][info][gc,ergo     ] GC(151) Pacer for Update Refs. Used: 736M, Free: 1209M, Non-Taxable: 120M, Alloc Tax Rate: 1.1x
[55.244s][info][gc          ] GC(151) Pause Init Update Refs 0.065ms
[55.245s][info][gc,start    ] GC(151) Concurrent update references
[55.245s][info][gc,task     ] GC(151) Using 1 of 3 workers for concurrent reference update
[55.418s][info][gc          ] GC(151) Concurrent update references 173.482ms
[55.418s][info][gc,start    ] GC(151) Concurrent update thread roots
[55.426s][info][gc          ] GC(151) Concurrent update thread roots 7.962ms
[55.426s][info][gc,start    ] GC(151) Pause Final Update Refs
[55.426s][info][gc,task     ] GC(151) Using 3 of 3 workers for final reference update
[55.426s][info][gc          ] GC(151) Pause Final Update Refs 0.158ms
[55.426s][info][gc,start    ] GC(151) Concurrent cleanup
[55.426s][info][gc          ] GC(151) Concurrent cleanup 1233M->1200M(2048M) 0.051ms
[55.426s][info][gc,ergo     ] Free: 742M, Max: 1024K regular, 693M humongous, Frag: 5% external, 0% internal; Reserve: 103M, Max: 1024K
[55.427s][info][gc,stats    ] 
[55.427s][info][gc,stats    ] All times are wall-clock times, except per-root-class counters, that are sum over
[55.427s][info][gc,stats    ] all workers. Dividing the <total> over the root stage time estimates parallelism.
[55.427s][info][gc,stats    ] 
[55.427s][info][gc,stats    ] Concurrent Reset                    957 us
[55.427s][info][gc,stats    ] Pause Init Mark (G)                 265 us
[55.427s][info][gc,stats    ] Pause Init Mark (N)                 148 us
[55.427s][info][gc,stats    ]   Update Region States               59 us
[55.427s][info][gc,stats    ] Concurrent Mark Roots              8677 us, parallelism: 0.97x
[55.427s][info][gc,stats    ]   CMR: <total>                     8450 us
[55.427s][info][gc,stats    ]   CMR: Thread Roots                8341 us, workers (us): 8341, ---, ---, 
[55.427s][info][gc,stats    ]   CMR: VM Strong Roots               17 us, workers (us):  17, ---, ---, 
[55.427s][info][gc,stats    ]   CMR: CLDG Roots                    92 us, workers (us):  92, ---, ---, 
[55.427s][info][gc,stats    ] Concurrent Marking               131713 us
[55.427s][info][gc,stats    ] Pause Final Mark (G)                409 us
[55.427s][info][gc,stats    ] Pause Final Mark (N)                294 us
[55.427s][info][gc,stats    ]   Finish Mark                        84 us
[55.427s][info][gc,stats    ]   Update Region States               58 us
[55.427s][info][gc,stats    ]   Choose Collection Set              71 us
[55.427s][info][gc,stats    ]   Rebuild Free Set                    8 us
[55.427s][info][gc,stats    ] Concurrent Thread Roots            8411 us, parallelism: 0.98x
[55.427s][info][gc,stats    ]   CTR: <total>                     8278 us
[55.427s][info][gc,stats    ]   CTR: Thread Roots                8278 us, workers (us): 8278, ---, ---, 
[55.427s][info][gc,stats    ] Concurrent Weak References          329 us, parallelism: 0.41x
[55.427s][info][gc,stats    ]   CWRF: <total>                     135 us
[55.427s][info][gc,stats    ]   CWRF: Weak References             135 us, workers (us): 135, ---, ---, 
[55.427s][info][gc,stats    ] Concurrent Weak Roots              4443 us
[55.427s][info][gc,stats    ]   Roots                            4103 us, parallelism: 0.98x
[55.427s][info][gc,stats    ]     CWR: <total>                   4022 us
[55.427s][info][gc,stats    ]     CWR: Code Cache Roots          2958 us, workers (us): 2958, ---, ---, 
[55.427s][info][gc,stats    ]     CWR: VM Weak Roots              998 us, workers (us): 998, ---, ---, 
[55.427s][info][gc,stats    ]     CWR: CLDG Roots                  66 us, workers (us):  66, ---, ---, 
[55.427s][info][gc,stats    ]   Rendezvous                        243 us
[55.427s][info][gc,stats    ] Concurrent Cleanup                   95 us
[55.427s][info][gc,stats    ] Concurrent Class Unloading        20170 us
[55.427s][info][gc,stats    ]   Unlink Stale                    19336 us
[55.427s][info][gc,stats    ]     System Dictionary               243 us
[55.427s][info][gc,stats    ]     Weak Class Links               8404 us
[55.427s][info][gc,stats    ]     Code Roots                    10687 us
[55.427s][info][gc,stats    ]   Rendezvous                        193 us
[55.427s][info][gc,stats    ]   Purge Unlinked                    548 us
[55.427s][info][gc,stats    ]     Code Roots                      528 us
[55.427s][info][gc,stats    ]     CLDG                             19 us
[55.427s][info][gc,stats    ]     Exception Caches                  0 us
[55.427s][info][gc,stats    ] Concurrent Strong Roots             524 us, parallelism: 0.71x
[55.427s][info][gc,stats    ]   CSR: <total>                      370 us
[55.427s][info][gc,stats    ]   CSR: VM Strong Roots               13 us, workers (us):  13, ---, ---, 
[55.427s][info][gc,stats    ]   CSR: CLDG Roots                   358 us, workers (us): 358, ---, ---, 
[55.427s][info][gc,stats    ] Concurrent Evacuation              1245 us
[55.427s][info][gc,stats    ] Pause Init Update Refs (G)          212 us
[55.427s][info][gc,stats    ] Pause Init Update Refs (N)           73 us
[55.427s][info][gc,stats    ]   Manage GCLABs                      10 us
[55.427s][info][gc,stats    ] Concurrent Update Refs           173567 us
[55.427s][info][gc,stats    ] Concurrent Update Thread Roots     8018 us
[55.427s][info][gc,stats    ] Pause Final Update Refs (G)         271 us
[55.427s][info][gc,stats    ] Pause Final Update Refs (N)         178 us
[55.427s][info][gc,stats    ]   Update Region States               62 us
[55.427s][info][gc,stats    ]   Trash Collection Set                2 us
[55.427s][info][gc,stats    ]   Rebuild Free Set                   13 us
[55.427s][info][gc,stats    ] Concurrent Cleanup                   71 us
[55.427s][info][gc,stats    ] Pacing                            81095 us
[55.427s][info][gc,stats    ] 
[55.427s][info][gc,stats    ] Allocation pacing accrued:
[55.427s][info][gc,stats    ]      41 of   538 ms (  7.6%): Executor task launch worker for task 1.0 in stage 94.0 (TID 157)
[55.427s][info][gc,stats    ]      40 of   538 ms (  7.4%): Executor task launch worker for task 0.0 in stage 94.0 (TID 156)
[55.427s][info][gc,stats    ]      81 of   538 ms ( 15.1%): <total>
[55.427s][info][gc,stats    ]       0 of   538 ms (  0.1%): <average total>
[55.427s][info][gc,stats    ]      41 of   538 ms (  7.5%): <average non-zero>
[55.427s][info][gc,stats    ] 
[55.427s][info][gc,metaspace] Metaspace: 66026K(66752K)->66073K(66816K) NonClass: 57737K(58176K)->57784K(58240K) Class: 8289K(8576K)->8288K(8576K)
[55.427s][info][gc,ergo     ] Pacer for Idle. Initial: 41943K, Alloc Tax Rate: 1.0x
[55.431s][info][gc          ] Trigger: Learning 3 of 5. Free (725M) is below initial threshold (1433M)
[55.431s][info][gc,ergo     ] Free: 724M, Max: 1024K regular, 693M humongous, Frag: 2% external, 0% internal; Reserve: 103M, Max: 1024K
[55.431s][info][gc,start    ] GC(152) Concurrent reset
[55.431s][info][gc,task     ] GC(152) Using 1 of 3 workers for concurrent reset
[55.431s][info][gc,ergo     ] GC(152) Pacer for Reset. Non-Taxable: 2048M
[55.432s][info][gc          ] GC(152) Concurrent reset 1.030ms
[55.433s][info][gc,start    ] GC(152) Pause Init Mark (unload classes)
[55.433s][info][gc,task     ] GC(152) Using 3 of 3 workers for init marking
[55.433s][info][gc,ergo     ] GC(152) Pacer for Mark. Expected Live: 171M, Free: 722M, Non-Taxable: 73936K, Alloc Tax Rate: 0.3x
[55.433s][info][gc          ] GC(152) Pause Init Mark (unload classes) 0.196ms
[55.433s][info][gc,start    ] GC(152) Concurrent marking roots
[55.433s][info][gc,task     ] GC(152) Using 1 of 3 workers for concurrent marking roots
[55.441s][info][gc          ] GC(152) Concurrent marking roots 8.682ms
[55.442s][info][gc,start    ] GC(152) Concurrent marking (unload classes)
[55.442s][info][gc,task     ] GC(152) Using 1 of 3 workers for concurrent marking
[55.571s][info][gc          ] GC(152) Concurrent marking (unload classes) 128.983ms
[55.571s][info][gc,start    ] GC(152) Pause Final Mark (unload classes)
[55.571s][info][gc,task     ] GC(152) Using 3 of 3 workers for final marking
[55.571s][info][gc,ergo     ] GC(152) Collectable Garbage: 1029M (98%), Immediate: 1029M (98%), CSet: 0B (0%)
[55.571s][info][gc          ] GC(152) Pause Final Mark (unload classes) 0.360ms
[55.571s][info][gc,start    ] GC(152) Concurrent weak references
[55.571s][info][gc,task     ] GC(152) Using 1 of 3 workers for concurrent weak references
[55.571s][info][gc,ref      ] GC(152) Encountered references: Soft: 2909, Weak: 5864, Final: 51, Phantom: 579
[55.571s][info][gc,ref      ] GC(152) Discovered  references: Soft: 0, Weak: 783, Final: 0, Phantom: 260
[55.571s][info][gc,ref      ] GC(152) Enqueued    references: Soft: 0, Weak: 2, Final: 0, Phantom: 0
[55.571s][info][gc          ] GC(152) Concurrent weak references 0.205ms
[55.571s][info][gc,start    ] GC(152) Concurrent weak roots
[55.571s][info][gc,task     ] GC(152) Using 1 of 3 workers for concurrent weak root
[55.575s][info][gc          ] GC(152) Concurrent weak roots 3.731ms
[55.575s][info][gc,start    ] GC(152) Concurrent cleanup
[55.575s][info][gc          ] GC(152) Concurrent cleanup 1619M->590M(2048M) 0.178ms
[55.575s][info][gc,ergo     ] GC(152) Free: 1352M, Max: 1024K regular, 425M humongous, Frag: 69% external, 0% internal; Reserve: 103M, Max: 1024K
[55.575s][info][gc,start    ] GC(152) Concurrent class unloading
[55.575s][info][gc,task     ] GC(152) Using 1 of 3 workers for concurrent class unloading
[55.587s][info][gc          ] GC(152) Concurrent class unloading 11.221ms
[55.587s][info][gc,start    ] GC(152) Pause Final Roots
[55.587s][info][gc          ] GC(152) Pause Final Roots 0.044ms
[55.587s][info][gc,ergo     ] Free: 1310M, Max: 1024K regular, 425M humongous, Frag: 68% external, 0% internal; Reserve: 103M, Max: 1024K
[55.587s][info][gc,stats    ] 
[55.587s][info][gc,stats    ] All times are wall-clock times, except per-root-class counters, that are sum over
[55.587s][info][gc,stats    ] all workers. Dividing the <total> over the root stage time estimates parallelism.
[55.587s][info][gc,stats    ] 
[55.587s][info][gc,stats    ] Concurrent Reset                   1054 us
[55.587s][info][gc,stats    ] Pause Init Mark (G)                 391 us
[55.587s][info][gc,stats    ] Pause Init Mark (N)                 205 us
[55.587s][info][gc,stats    ]   Update Region States               42 us
[55.587s][info][gc,stats    ] Concurrent Mark Roots              8732 us, parallelism: 0.97x
[55.587s][info][gc,stats    ]   CMR: <total>                     8467 us
[55.587s][info][gc,stats    ]   CMR: Thread Roots                8339 us, workers (us): 8339, ---, ---, 
[55.587s][info][gc,stats    ]   CMR: VM Strong Roots               20 us, workers (us):  20, ---, ---, 
[55.587s][info][gc,stats    ]   CMR: CLDG Roots                   108 us, workers (us): 108, ---, ---, 
[55.587s][info][gc,stats    ] Concurrent Marking               129052 us
[55.587s][info][gc,stats    ] Pause Final Mark (G)                477 us
[55.587s][info][gc,stats    ] Pause Final Mark (N)                385 us
[55.587s][info][gc,stats    ]   Finish Mark                        74 us
[55.587s][info][gc,stats    ]   Update Region States               67 us
[55.587s][info][gc,stats    ]   Choose Collection Set              90 us
[55.587s][info][gc,stats    ]   Rebuild Free Set                   21 us
[55.587s][info][gc,stats    ] Concurrent Weak References          213 us, parallelism: 0.46x
[55.587s][info][gc,stats    ]   CWRF: <total>                      97 us
[55.587s][info][gc,stats    ]   CWRF: Weak References              97 us, workers (us):  97, ---, ---, 
[55.587s][info][gc,stats    ] Concurrent Weak Roots              3792 us
[55.587s][info][gc,stats    ]   Roots                            3505 us, parallelism: 0.97x
[55.587s][info][gc,stats    ]     CWR: <total>                   3398 us
[55.587s][info][gc,stats    ]     CWR: Code Cache Roots          2752 us, workers (us): 2752, ---, ---, 
[55.587s][info][gc,stats    ]     CWR: VM Weak Roots              599 us, workers (us): 599, ---, ---, 
[55.587s][info][gc,stats    ]     CWR: CLDG Roots                  47 us, workers (us):  47, ---, ---, 
[55.587s][info][gc,stats    ]   Rendezvous                        203 us
[55.587s][info][gc,stats    ] Concurrent Cleanup                  196 us
[55.587s][info][gc,stats    ] Concurrent Class Unloading        11255 us
[55.587s][info][gc,stats    ]   Unlink Stale                    10421 us
[55.587s][info][gc,stats    ]     System Dictionary                64 us
[55.587s][info][gc,stats    ]     Weak Class Links                  0 us
[55.587s][info][gc,stats    ]     Code Roots                    10356 us
[55.587s][info][gc,stats    ]   Rendezvous                        209 us
[55.587s][info][gc,stats    ]   Purge Unlinked                    572 us
[55.587s][info][gc,stats    ]     Code Roots                      567 us
[55.587s][info][gc,stats    ]     CLDG                              5 us
[55.587s][info][gc,stats    ]     Exception Caches                  0 us
[55.587s][info][gc,stats    ] Pause Final Roots (G)               178 us
[55.587s][info][gc,stats    ] Pause Final Roots (N)                54 us
[55.587s][info][gc,stats    ] Pacing                            44318 us
[55.587s][info][gc,stats    ] 
[55.587s][info][gc,stats    ] Allocation pacing accrued:
[55.587s][info][gc,stats    ]      22 of   160 ms ( 14.0%): Executor task launch worker for task 1.0 in stage 94.0 (TID 157)
[55.587s][info][gc,stats    ]      22 of   160 ms ( 13.8%): Executor task launch worker for task 0.0 in stage 94.0 (TID 156)
[55.587s][info][gc,stats    ]      44 of   160 ms ( 27.7%): <total>
[55.587s][info][gc,stats    ]       0 of   160 ms (  0.1%): <average total>
[55.587s][info][gc,stats    ]      22 of   160 ms ( 13.9%): <average non-zero>
[55.587s][info][gc,stats    ] 
[55.587s][info][gc,metaspace] Metaspace: 66073K(66816K)->66073K(66816K) NonClass: 57784K(58240K)->57784K(58240K) Class: 8288K(8576K)->8288K(8576K)
[55.587s][info][gc,ergo     ] Pacer for Idle. Initial: 41943K, Alloc Tax Rate: 1.0x
[55.604s][info][gc          ] Trigger: Learning 4 of 5. Free (1268M) is below initial threshold (1433M)
[55.604s][info][gc,ergo     ] Free: 1268M, Max: 1024K regular, 425M humongous, Frag: 67% external, 0% internal; Reserve: 103M, Max: 1024K
[55.604s][info][gc,start    ] GC(153) Concurrent reset
[55.604s][info][gc,task     ] GC(153) Using 1 of 3 workers for concurrent reset
[55.604s][info][gc,ergo     ] GC(153) Pacer for Reset. Non-Taxable: 2048M
[55.605s][info][gc          ] GC(153) Concurrent reset 1.082ms
[55.605s][info][gc,start    ] GC(153) Pause Init Mark (unload classes)
[55.605s][info][gc,task     ] GC(153) Using 3 of 3 workers for init marking
[55.605s][info][gc,ergo     ] GC(153) Pacer for Mark. Expected Live: 171M, Free: 1268M, Non-Taxable: 126M, Alloc Tax Rate: 0.2x
[55.605s][info][gc          ] GC(153) Pause Init Mark (unload classes) 0.187ms
[55.605s][info][gc,start    ] GC(153) Concurrent marking roots
[55.605s][info][gc,task     ] GC(153) Using 1 of 3 workers for concurrent marking roots
[55.614s][info][gc          ] GC(153) Concurrent marking roots 8.526ms
[55.614s][info][gc,start    ] GC(153) Concurrent marking (unload classes)
[55.614s][info][gc,task     ] GC(153) Using 1 of 3 workers for concurrent marking
[55.744s][info][gc          ] GC(153) Concurrent marking (unload classes) 130.196ms
[55.744s][info][gc,start    ] GC(153) Pause Final Mark (unload classes)
[55.744s][info][gc,task     ] GC(153) Using 3 of 3 workers for final marking
[55.744s][info][gc,ergo     ] GC(153) Collectable Garbage: 483M (95%), Immediate: 483M (95%), CSet: 0B (0%)
[55.744s][info][gc          ] GC(153) Pause Final Mark (unload classes) 0.264ms
[55.744s][info][gc,start    ] GC(153) Concurrent weak references
[55.744s][info][gc,task     ] GC(153) Using 1 of 3 workers for concurrent weak references
[55.745s][info][gc,ref      ] GC(153) Encountered references: Soft: 2909, Weak: 5862, Final: 51, Phantom: 579
[55.745s][info][gc,ref      ] GC(153) Discovered  references: Soft: 0, Weak: 781, Final: 0, Phantom: 260
[55.745s][info][gc,ref      ] GC(153) Enqueued    references: Soft: 0, Weak: 0, Final: 0, Phantom: 0
[55.745s][info][gc          ] GC(153) Concurrent weak references 0.272ms
[55.745s][info][gc,start    ] GC(153) Concurrent weak roots
[55.745s][info][gc,task     ] GC(153) Using 1 of 3 workers for concurrent weak root
[55.748s][info][gc          ] GC(153) Concurrent weak roots 3.368ms
[55.748s][info][gc,start    ] GC(153) Concurrent cleanup
[55.748s][info][gc          ] GC(153) Concurrent cleanup 1104M->621M(2048M) 0.088ms
[55.748s][info][gc,ergo     ] GC(153) Free: 1321M, Max: 1024K regular, 498M humongous, Frag: 62% external, 0% internal; Reserve: 103M, Max: 1024K
[55.748s][info][gc,start    ] GC(153) Concurrent class unloading
[55.748s][info][gc,task     ] GC(153) Using 1 of 3 workers for concurrent class unloading
[55.760s][info][gc          ] GC(153) Concurrent class unloading 11.342ms
[55.760s][info][gc,start    ] GC(153) Pause Final Roots
[55.760s][info][gc          ] GC(153) Pause Final Roots 0.040ms
[55.760s][info][gc,ergo     ] Free: 1299M, Max: 1024K regular, 498M humongous, Frag: 62% external, 0% internal; Reserve: 103M, Max: 1024K
[55.760s][info][gc,stats    ] 
[55.760s][info][gc,stats    ] All times are wall-clock times, except per-root-class counters, that are sum over
[55.760s][info][gc,stats    ] all workers. Dividing the <total> over the root stage time estimates parallelism.
[55.760s][info][gc,stats    ] 
[55.760s][info][gc,stats    ] Concurrent Reset                   1098 us
[55.760s][info][gc,stats    ] Pause Init Mark (G)                 311 us
[55.760s][info][gc,stats    ] Pause Init Mark (N)                 204 us
[55.760s][info][gc,stats    ]   Update Region States               60 us
[55.760s][info][gc,stats    ] Concurrent Mark Roots              8553 us, parallelism: 0.98x
[55.760s][info][gc,stats    ]   CMR: <total>                     8374 us
[55.760s][info][gc,stats    ]   CMR: Thread Roots                8247 us, workers (us): 8247, ---, ---, 
[55.760s][info][gc,stats    ]   CMR: VM Strong Roots               19 us, workers (us):  19, ---, ---, 
[55.760s][info][gc,stats    ]   CMR: CLDG Roots                   108 us, workers (us): 108, ---, ---, 
[55.760s][info][gc,stats    ] Concurrent Marking               130280 us
[55.760s][info][gc,stats    ] Pause Final Mark (G)                427 us
[55.760s][info][gc,stats    ] Pause Final Mark (N)                273 us
[55.760s][info][gc,stats    ]   Finish Mark                       104 us
[55.760s][info][gc,stats    ]   Update Region States               47 us
[55.760s][info][gc,stats    ]   Choose Collection Set              37 us
[55.760s][info][gc,stats    ]   Rebuild Free Set                    7 us
[55.760s][info][gc,stats    ] Concurrent Weak References          280 us, parallelism: 0.18x
[55.760s][info][gc,stats    ]   CWRF: <total>                      51 us
[55.760s][info][gc,stats    ]   CWRF: Weak References              51 us, workers (us):  51, ---, ---, 
[55.760s][info][gc,stats    ] Concurrent Weak Roots              3424 us
[55.760s][info][gc,stats    ]   Roots                            3118 us, parallelism: 0.98x
[55.760s][info][gc,stats    ]     CWR: <total>                   3041 us
[55.760s][info][gc,stats    ]     CWR: Code Cache Roots          2611 us, workers (us): 2611, ---, ---, 
[55.760s][info][gc,stats    ]     CWR: VM Weak Roots              367 us, workers (us): 367, ---, ---, 
[55.760s][info][gc,stats    ]     CWR: CLDG Roots                  62 us, workers (us):  62, ---, ---, 
[55.760s][info][gc,stats    ]   Rendezvous                        231 us
[55.760s][info][gc,stats    ] Concurrent Cleanup                  106 us
[55.760s][info][gc,stats    ] Concurrent Class Unloading        11400 us
[55.760s][info][gc,stats    ]   Unlink Stale                    10546 us
[55.760s][info][gc,stats    ]     System Dictionary                61 us
[55.760s][info][gc,stats    ]     Weak Class Links                  0 us
[55.760s][info][gc,stats    ]     Code Roots                    10483 us
[55.760s][info][gc,stats    ]   Rendezvous                        223 us
[55.760s][info][gc,stats    ]   Purge Unlinked                    539 us
[55.760s][info][gc,stats    ]     Code Roots                      533 us
[55.760s][info][gc,stats    ]     CLDG                              6 us
[55.760s][info][gc,stats    ]     Exception Caches                  0 us
[55.760s][info][gc,stats    ] Pause Final Roots (G)               150 us
[55.760s][info][gc,stats    ] Pause Final Roots (N)                50 us
[55.760s][info][gc,stats    ] Pacing                            42688 us
[55.760s][info][gc,stats    ] 
[55.760s][info][gc,stats    ] Allocation pacing accrued:
[55.760s][info][gc,stats    ]      21 of   173 ms ( 12.4%): Executor task launch worker for task 0.0 in stage 95.0 (TID 158)
[55.760s][info][gc,stats    ]      21 of   173 ms ( 12.3%): Executor task launch worker for task 1.0 in stage 95.0 (TID 159)
[55.760s][info][gc,stats    ]      43 of   173 ms ( 24.7%): <total>
[55.760s][info][gc,stats    ]       0 of   173 ms (  0.1%): <average total>
[55.760s][info][gc,stats    ]      21 of   173 ms ( 12.3%): <average non-zero>
[55.760s][info][gc,stats    ] 
[55.760s][info][gc,metaspace] Metaspace: 66073K(66816K)->66097K(66880K) NonClass: 57784K(58240K)->57807K(58240K) Class: 8288K(8576K)->8290K(8640K)
[55.760s][info][gc,ergo     ] Pacer for Idle. Initial: 41943K, Alloc Tax Rate: 1.0x
[55.767s][info][gc          ] Trigger: Learning 5 of 5. Free (1293M) is below initial threshold (1433M)
[55.767s][info][gc,ergo     ] Free: 1293M, Max: 1024K regular, 498M humongous, Frag: 61% external, 0% internal; Reserve: 103M, Max: 1024K
[55.767s][info][gc,start    ] GC(154) Concurrent reset
[55.767s][info][gc,task     ] GC(154) Using 1 of 3 workers for concurrent reset
[55.767s][info][gc,ergo     ] GC(154) Pacer for Reset. Non-Taxable: 2048M
[55.768s][info][gc          ] GC(154) Concurrent reset 1.055ms
[55.769s][info][gc,start    ] GC(154) Pause Init Mark (unload classes)
[55.769s][info][gc,task     ] GC(154) Using 3 of 3 workers for init marking
[55.769s][info][gc,ergo     ] GC(154) Pacer for Mark. Expected Live: 171M, Free: 1292M, Non-Taxable: 129M, Alloc Tax Rate: 0.2x
[55.769s][info][gc          ] GC(154) Pause Init Mark (unload classes) 0.106ms
[55.769s][info][gc,start    ] GC(154) Concurrent marking roots
[55.769s][info][gc,task     ] GC(154) Using 1 of 3 workers for concurrent marking roots
[55.779s][info][gc          ] GC(154) Concurrent marking roots 10.171ms
[55.779s][info][gc,start    ] GC(154) Concurrent marking (unload classes)
[55.779s][info][gc,task     ] GC(154) Using 1 of 3 workers for concurrent marking
[55.908s][info][gc          ] GC(154) Concurrent marking (unload classes) 129.041ms
[55.908s][info][gc,start    ] GC(154) Pause Final Mark (unload classes)
[55.908s][info][gc,task     ] GC(154) Using 3 of 3 workers for final marking
[55.909s][info][gc,ergo     ] GC(154) Collectable Garbage: 444M (93%), Immediate: 444M (93%), CSet: 0B (0%)
[55.909s][info][gc          ] GC(154) Pause Final Mark (unload classes) 0.386ms
[55.909s][info][gc,start    ] GC(154) Concurrent weak references
[55.909s][info][gc,task     ] GC(154) Using 1 of 3 workers for concurrent weak references
[55.909s][info][gc,ref      ] GC(154) Encountered references: Soft: 2925, Weak: 5957, Final: 51, Phantom: 579
[55.909s][info][gc,ref      ] GC(154) Discovered  references: Soft: 0, Weak: 952, Final: 0, Phantom: 260
[55.909s][info][gc,ref      ] GC(154) Enqueued    references: Soft: 0, Weak: 160, Final: 0, Phantom: 0
[55.909s][info][gc          ] GC(154) Concurrent weak references 0.383ms
[55.909s][info][gc,start    ] GC(154) Concurrent weak roots
[55.909s][info][gc,task     ] GC(154) Using 1 of 3 workers for concurrent weak root
[55.912s][info][gc          ] GC(154) Concurrent weak roots 2.821ms
[55.912s][info][gc,start    ] GC(154) Concurrent cleanup
[55.912s][info][gc          ] GC(154) Concurrent cleanup 654M->210M(2048M) 0.042ms
[55.912s][info][gc,ergo     ] GC(154) Free: 1733M, Max: 1024K regular, 952M humongous, Frag: 45% external, 0% internal; Reserve: 103M, Max: 1024K
[55.912s][info][gc,start    ] GC(154) Concurrent class unloading
[55.912s][info][gc,task     ] GC(154) Using 1 of 3 workers for concurrent class unloading
[55.922s][info][gc          ] GC(154) Concurrent class unloading 10.265ms
[55.922s][info][gc,start    ] GC(154) Pause Final Roots
[55.923s][info][gc          ] GC(154) Pause Final Roots 0.073ms
[55.923s][info][gc,ergo     ] Free: 1733M, Max: 1024K regular, 952M humongous, Frag: 45% external, 0% internal; Reserve: 103M, Max: 1024K
[55.923s][info][gc,stats    ] 
[55.923s][info][gc,stats    ] All times are wall-clock times, except per-root-class counters, that are sum over
[55.923s][info][gc,stats    ] all workers. Dividing the <total> over the root stage time estimates parallelism.
[55.923s][info][gc,stats    ] 
[55.923s][info][gc,stats    ] Concurrent Reset                   1116 us
[55.923s][info][gc,stats    ] Pause Init Mark (G)                 252 us
[55.923s][info][gc,stats    ] Pause Init Mark (N)                 115 us
[55.923s][info][gc,stats    ]   Update Region States               42 us
[55.923s][info][gc,stats    ] Concurrent Mark Roots             10234 us, parallelism: 0.98x
[55.923s][info][gc,stats    ]   CMR: <total>                     9993 us
[55.923s][info][gc,stats    ]   CMR: Thread Roots                9899 us, workers (us): 9899, ---, ---, 
[55.923s][info][gc,stats    ]   CMR: VM Strong Roots               19 us, workers (us):  19, ---, ---, 
[55.923s][info][gc,stats    ]   CMR: CLDG Roots                    75 us, workers (us):  75, ---, ---, 
[55.923s][info][gc,stats    ] Concurrent Marking               129116 us
[55.923s][info][gc,stats    ] Pause Final Mark (G)                544 us
[55.923s][info][gc,stats    ] Pause Final Mark (N)                404 us
[55.923s][info][gc,stats    ]   Finish Mark                        82 us
[55.923s][info][gc,stats    ]   Update Region States               45 us
[55.923s][info][gc,stats    ]   Choose Collection Set              51 us
[55.923s][info][gc,stats    ]   Rebuild Free Set                   17 us
[55.923s][info][gc,stats    ] Concurrent Weak References          391 us, parallelism: 0.29x
[55.923s][info][gc,stats    ]   CWRF: <total>                     113 us
[55.923s][info][gc,stats    ]   CWRF: Weak References             113 us, workers (us): 113, ---, ---, 
[55.923s][info][gc,stats    ] Concurrent Weak Roots              2863 us
[55.923s][info][gc,stats    ]   Roots                            2629 us, parallelism: 0.98x
[55.923s][info][gc,stats    ]     CWR: <total>                   2574 us
[55.923s][info][gc,stats    ]     CWR: Code Cache Roots          2213 us, workers (us): 2213, ---, ---, 
[55.923s][info][gc,stats    ]     CWR: VM Weak Roots              318 us, workers (us): 318, ---, ---, 
[55.923s][info][gc,stats    ]     CWR: CLDG Roots                  42 us, workers (us):  42, ---, ---, 
[55.923s][info][gc,stats    ]   Rendezvous                        175 us
[55.923s][info][gc,stats    ] Concurrent Cleanup                   51 us
[55.923s][info][gc,stats    ] Concurrent Class Unloading        10329 us
[55.923s][info][gc,stats    ]   Unlink Stale                     9601 us
[55.923s][info][gc,stats    ]     System Dictionary                45 us
[55.923s][info][gc,stats    ]     Weak Class Links                  0 us
[55.923s][info][gc,stats    ]     Code Roots                     9554 us
[55.923s][info][gc,stats    ]   Rendezvous                        195 us
[55.923s][info][gc,stats    ]   Purge Unlinked                    447 us
[55.923s][info][gc,stats    ]     Code Roots                      437 us
[55.923s][info][gc,stats    ]     CLDG                              9 us
[55.923s][info][gc,stats    ]     Exception Caches                  1 us
[55.923s][info][gc,stats    ] Pause Final Roots (G)               243 us
[55.923s][info][gc,stats    ] Pause Final Roots (N)                98 us
[55.923s][info][gc,stats    ] 
[55.923s][info][gc,stats    ] Allocation pacing accrued:
[55.923s][info][gc,stats    ]       0 of   163 ms (  0.0%): <total>
[55.923s][info][gc,stats    ]       0 of   163 ms (  0.0%): <average total>
[55.923s][info][gc,stats    ] 
[55.923s][info][gc,metaspace] Metaspace: 66114K(66880K)->66125K(66880K) NonClass: 57822K(58240K)->57833K(58240K) Class: 8292K(8640K)->8292K(8640K)
[55.923s][info][gc,ergo     ] Pacer for Idle. Initial: 41943K, Alloc Tax Rate: 1.0x
[55.924s][info][gc          ] Trigger: Explicit GC request (System.gc())
[55.924s][info][gc,ergo     ] Free: 1733M, Max: 1024K regular, 952M humongous, Frag: 45% external, 0% internal; Reserve: 103M, Max: 1024K
[55.924s][info][gc,start    ] GC(155) Concurrent reset
[55.924s][info][gc,task     ] GC(155) Using 1 of 3 workers for concurrent reset
[55.924s][info][gc,ergo     ] GC(155) Pacer for Reset. Non-Taxable: 2048M
[55.925s][info][gc          ] GC(155) Concurrent reset 0.726ms
[55.925s][info][gc,start    ] GC(155) Pause Init Mark (unload classes)
[55.925s][info][gc,task     ] GC(155) Using 3 of 3 workers for init marking
[55.925s][info][gc,ref      ] GC(155) Clearing All SoftReferences
[55.926s][info][gc,ergo     ] GC(155) Pacer for Mark. Expected Live: 171M, Free: 1733M, Non-Taxable: 173M, Alloc Tax Rate: 0.1x
[55.926s][info][gc          ] GC(155) Pause Init Mark (unload classes) 0.222ms
[55.926s][info][gc,start    ] GC(155) Concurrent marking roots
[55.926s][info][gc,task     ] GC(155) Using 1 of 3 workers for concurrent marking roots
[55.933s][info][gc          ] GC(155) Concurrent marking roots 7.879ms
[55.934s][info][gc,start    ] GC(155) Concurrent marking (unload classes)
[55.934s][info][gc,task     ] GC(155) Using 1 of 3 workers for concurrent marking
[56.061s][info][gc          ] GC(155) Concurrent marking (unload classes) 127.309ms
[56.061s][info][gc,start    ] GC(155) Pause Final Mark (unload classes)
[56.061s][info][gc,task     ] GC(155) Using 3 of 3 workers for final marking
[56.061s][info][gc,ergo     ] GC(155) Adaptive CSet Selection. Target Free: 290M, Actual Free: 1823M, Max CSet: 87381K, Min Garbage: 0B
[56.061s][info][gc,ergo     ] GC(155) Collectable Garbage: 36057K (88%), Immediate: 5120K (12%), CSet: 30937K (76%)
[56.061s][info][gc,ergo     ] GC(155) Pacer for Evacuation. Used CSet: 31744K, Free: 1737M, Non-Taxable: 173M, Alloc Tax Rate: 1.1x
[56.061s][info][gc          ] GC(155) Pause Final Mark (unload classes) 0.471ms
[56.061s][info][gc,start    ] GC(155) Concurrent thread roots
[56.062s][info][gc,task     ] GC(155) Using 1 of 3 workers for Concurrent thread roots
[56.070s][info][gc          ] GC(155) Concurrent thread roots 8.689ms
[56.070s][info][gc,start    ] GC(155) Concurrent weak references
[56.070s][info][gc,task     ] GC(155) Using 1 of 3 workers for concurrent weak references
[56.071s][info][gc,ref      ] GC(155) Encountered references: Soft: 2826, Weak: 5701, Final: 51, Phantom: 579
[56.071s][info][gc,ref      ] GC(155) Discovered  references: Soft: 660, Weak: 803, Final: 0, Phantom: 337
[56.071s][info][gc,ref      ] GC(155) Enqueued    references: Soft: 298, Weak: 13, Final: 0, Phantom: 0
[56.071s][info][gc          ] GC(155) Concurrent weak references 0.456ms
[56.071s][info][gc,start    ] GC(155) Concurrent weak roots
[56.071s][info][gc,task     ] GC(155) Using 1 of 3 workers for concurrent weak root
[56.074s][info][gc          ] GC(155) Concurrent weak roots 3.039ms
[56.074s][info][gc,start    ] GC(155) Concurrent cleanup
[56.074s][info][gc          ] GC(155) Concurrent cleanup 217M->212M(2048M) 0.026ms
[56.074s][info][gc,ergo     ] GC(155) Free: 1731M, Max: 1024K regular, 952M humongous, Frag: 45% external, 0% internal; Reserve: 102M, Max: 1024K
[56.074s][info][gc,start    ] GC(155) Concurrent class unloading
[56.074s][info][gc,task     ] GC(155) Using 1 of 3 workers for concurrent class unloading
[56.092s][info][gc          ] GC(155) Concurrent class unloading 18.092ms
[56.092s][info][gc,start    ] GC(155) Concurrent strong roots
[56.092s][info][gc,task     ] GC(155) Using 1 of 3 workers for concurrent strong root
[56.092s][info][gc          ] GC(155) Concurrent strong roots 0.441ms
[56.092s][info][gc,start    ] GC(155) Concurrent evacuation
[56.092s][info][gc,task     ] GC(155) Using 1 of 3 workers for concurrent evacuation
[56.093s][info][gc          ] GC(155) Concurrent evacuation 0.724ms
[56.093s][info][gc,start    ] GC(155) Pause Init Update Refs
[56.093s][info][gc,ergo     ] GC(155) Pacer for Update Refs. Used: 213M, Free: 1731M, Non-Taxable: 173M, Alloc Tax Rate: 1.1x
[56.093s][info][gc          ] GC(155) Pause Init Update Refs 0.060ms
[56.093s][info][gc,start    ] GC(155) Concurrent update references
[56.093s][info][gc,task     ] GC(155) Using 1 of 3 workers for concurrent reference update
[56.156s][info][gc          ] GC(155) Concurrent update references 62.431ms
[56.156s][info][gc,start    ] GC(155) Concurrent update thread roots
[56.163s][info][gc          ] GC(155) Concurrent update thread roots 7.438ms
[56.163s][info][gc,start    ] GC(155) Pause Final Update Refs
[56.163s][info][gc,task     ] GC(155) Using 3 of 3 workers for final reference update
[56.164s][info][gc          ] GC(155) Pause Final Update Refs 0.507ms
[56.164s][info][gc,start    ] GC(155) Concurrent cleanup
[56.164s][info][gc          ] GC(155) Concurrent cleanup 213M->182M(2048M) 0.079ms
[56.164s][info][gc,ergo     ] Free: 1760M, Max: 1024K regular, 1390M humongous, Frag: 21% external, 0% internal; Reserve: 103M, Max: 1024K
[56.164s][info][gc,stats    ] 
[56.164s][info][gc,stats    ] All times are wall-clock times, except per-root-class counters, that are sum over
[56.164s][info][gc,stats    ] all workers. Dividing the <total> over the root stage time estimates parallelism.
[56.164s][info][gc,stats    ] 
[56.164s][info][gc,stats    ] Concurrent Reset                    751 us
[56.164s][info][gc,stats    ] Pause Init Mark (G)                 376 us
[56.164s][info][gc,stats    ] Pause Init Mark (N)                 239 us
[56.164s][info][gc,stats    ]   Update Region States               77 us
[56.164s][info][gc,stats    ] Concurrent Mark Roots              7945 us, parallelism: 0.97x
[56.164s][info][gc,stats    ]   CMR: <total>                     7695 us
[56.164s][info][gc,stats    ]   CMR: Thread Roots                7558 us, workers (us): 7558, ---, ---, 
[56.164s][info][gc,stats    ]   CMR: VM Strong Roots               19 us, workers (us):  19, ---, ---, 
[56.164s][info][gc,stats    ]   CMR: CLDG Roots                   118 us, workers (us): 118, ---, ---, 
[56.164s][info][gc,stats    ] Concurrent Marking               127386 us
[56.164s][info][gc,stats    ] Pause Final Mark (G)                567 us
[56.164s][info][gc,stats    ] Pause Final Mark (N)                479 us
[56.164s][info][gc,stats    ]   Finish Mark                       283 us
[56.164s][info][gc,stats    ]   Update Region States               51 us
[56.164s][info][gc,stats    ]   Choose Collection Set              49 us
[56.164s][info][gc,stats    ]   Rebuild Free Set                    8 us
[56.164s][info][gc,stats    ] Concurrent Thread Roots            8747 us, parallelism: 0.97x
[56.164s][info][gc,stats    ]   CTR: <total>                     8477 us
[56.164s][info][gc,stats    ]   CTR: Thread Roots                8477 us, workers (us): 8477, ---, ---, 
[56.164s][info][gc,stats    ] Concurrent Weak References          473 us, parallelism: 0.55x
[56.165s][info][gc,stats    ]   CWRF: <total>                     260 us
[56.165s][info][gc,stats    ]   CWRF: Weak References             260 us, workers (us): 260, ---, ---, 
[56.165s][info][gc,stats    ] Concurrent Weak Roots              3084 us
[56.165s][info][gc,stats    ]   Roots                            2851 us, parallelism: 0.98x
[56.165s][info][gc,stats    ]     CWR: <total>                   2784 us
[56.165s][info][gc,stats    ]     CWR: Code Cache Roots          2290 us, workers (us): 2290, ---, ---, 
[56.165s][info][gc,stats    ]     CWR: VM Weak Roots              448 us, workers (us): 448, ---, ---, 
[56.165s][info][gc,stats    ]     CWR: CLDG Roots                  47 us, workers (us):  47, ---, ---, 
[56.165s][info][gc,stats    ]   Rendezvous                        153 us
[56.165s][info][gc,stats    ] Concurrent Cleanup                   35 us
[56.165s][info][gc,stats    ] Concurrent Class Unloading        18140 us
[56.165s][info][gc,stats    ]   Unlink Stale                    16934 us
[56.165s][info][gc,stats    ]     System Dictionary               646 us
[56.165s][info][gc,stats    ]     Weak Class Links               6098 us
[56.165s][info][gc,stats    ]     Code Roots                    10189 us
[56.165s][info][gc,stats    ]   Rendezvous                        194 us
[56.165s][info][gc,stats    ]   Purge Unlinked                    945 us
[56.165s][info][gc,stats    ]     Code Roots                      641 us
[56.165s][info][gc,stats    ]     CLDG                            303 us
[56.165s][info][gc,stats    ]     Exception Caches                  0 us
[56.165s][info][gc,stats    ] Concurrent Strong Roots             465 us, parallelism: 0.69x
[56.165s][info][gc,stats    ]   CSR: <total>                      321 us
[56.165s][info][gc,stats    ]   CSR: VM Strong Roots               17 us, workers (us):  17, ---, ---, 
[56.165s][info][gc,stats    ]   CSR: CLDG Roots                   304 us, workers (us): 304, ---, ---, 
[56.165s][info][gc,stats    ] Concurrent Evacuation               748 us
[56.165s][info][gc,stats    ] Pause Init Update Refs (G)          126 us
[56.165s][info][gc,stats    ] Pause Init Update Refs (N)           68 us
[56.165s][info][gc,stats    ]   Manage GCLABs                      12 us
[56.165s][info][gc,stats    ] Concurrent Update Refs            62491 us
[56.165s][info][gc,stats    ] Concurrent Update Thread Roots     7477 us
[56.165s][info][gc,stats    ] Pause Final Update Refs (G)         604 us
[56.165s][info][gc,stats    ] Pause Final Update Refs (N)         517 us
[56.165s][info][gc,stats    ]   Update Region States              432 us
[56.165s][info][gc,stats    ]   Trash Collection Set                3 us
[56.165s][info][gc,stats    ]   Rebuild Free Set                   22 us
[56.165s][info][gc,stats    ] Concurrent Cleanup                  105 us
[56.165s][info][gc,stats    ] 
[56.165s][info][gc,stats    ] Allocation pacing accrued:
[56.165s][info][gc,stats    ]       0 of   242 ms (  0.0%): <total>
[56.165s][info][gc,stats    ]       0 of   242 ms (  0.0%): <average total>
[56.165s][info][gc,stats    ] 
[56.165s][info][gc,metaspace] Metaspace: 66125K(66880K)->65805K(66880K) NonClass: 57833K(58240K)->57567K(58240K) Class: 8292K(8640K)->8237K(8640K)
[56.165s][info][gc,ergo     ] Pacer for Idle. Initial: 41943K, Alloc Tax Rate: 1.0x
[56.348s][info][gc          ] Trigger: Learning 2 of 5. Free (1401M) is below initial threshold (1433M)
[56.349s][info][gc,ergo     ] Free: 1401M, Max: 1024K regular, 1384M humongous, Frag: 0% external, 0% internal; Reserve: 103M, Max: 1024K
[56.349s][info][gc,start    ] GC(156) Concurrent reset
[56.349s][info][gc,task     ] GC(156) Using 1 of 3 workers for concurrent reset
[56.349s][info][gc,ergo     ] GC(156) Pacer for Reset. Non-Taxable: 2048M
[56.349s][info][gc          ] GC(156) Concurrent reset 0.837ms
[56.350s][info][gc,start    ] GC(156) Pause Init Mark (unload classes)
[56.350s][info][gc,task     ] GC(156) Using 3 of 3 workers for init marking
[56.350s][info][gc,ergo     ] GC(156) Pacer for Mark. Expected Live: 171M, Free: 1401M, Non-Taxable: 140M, Alloc Tax Rate: 0.1x
[56.350s][info][gc          ] GC(156) Pause Init Mark (unload classes) 0.189ms
[56.350s][info][gc,start    ] GC(156) Concurrent marking roots
[56.350s][info][gc,task     ] GC(156) Using 1 of 3 workers for concurrent marking roots
[56.358s][info][gc          ] GC(156) Concurrent marking roots 8.406ms
[56.358s][info][gc,start    ] GC(156) Concurrent marking (unload classes)
[56.358s][info][gc,task     ] GC(156) Using 1 of 3 workers for concurrent marking
[56.489s][info][gc          ] GC(156) Concurrent marking (unload classes) 130.537ms
[56.489s][info][gc,start    ] GC(156) Pause Final Mark (unload classes)
[56.489s][info][gc,task     ] GC(156) Using 3 of 3 workers for final marking
[56.489s][info][gc,ergo     ] GC(156) Adaptive CSet Selection. Target Free: 290M, Actual Free: 1403M, Max CSet: 87381K, Min Garbage: 0B
[56.489s][info][gc,ergo     ] GC(156) Collectable Garbage: 361M (98%), Immediate: 330M (90%), CSet: 32379K (8%)
[56.489s][info][gc,ergo     ] GC(156) Pacer for Evacuation. Used CSet: 34378K, Free: 1320M, Non-Taxable: 132M, Alloc Tax Rate: 1.1x
[56.489s][info][gc          ] GC(156) Pause Final Mark (unload classes) 0.303ms
[56.489s][info][gc,start    ] GC(156) Concurrent thread roots
[56.489s][info][gc,task     ] GC(156) Using 1 of 3 workers for Concurrent thread roots
[56.498s][info][gc          ] GC(156) Concurrent thread roots 8.561ms
[56.498s][info][gc,start    ] GC(156) Concurrent weak references
[56.498s][info][gc,task     ] GC(156) Using 1 of 3 workers for concurrent weak references
[56.498s][info][gc,ref      ] GC(156) Encountered references: Soft: 2909, Weak: 5967, Final: 51, Phantom: 579
[56.498s][info][gc,ref      ] GC(156) Discovered  references: Soft: 0, Weak: 875, Final: 0, Phantom: 260
[56.498s][info][gc,ref      ] GC(156) Enqueued    references: Soft: 0, Weak: 91, Final: 0, Phantom: 0
[56.498s][info][gc          ] GC(156) Concurrent weak references 0.373ms
[56.498s][info][gc,start    ] GC(156) Concurrent weak roots
[56.498s][info][gc,task     ] GC(156) Using 1 of 3 workers for concurrent weak root
[56.503s][info][gc          ] GC(156) Concurrent weak roots 4.227ms
[56.503s][info][gc,start    ] GC(156) Concurrent cleanup
[56.503s][info][gc          ] GC(156) Concurrent cleanup 996M->666M(2048M) 0.077ms
[56.503s][info][gc,ergo     ] GC(156) Free: 1277M, Max: 1024K regular, 926M humongous, Frag: 27% external, 0% internal; Reserve: 102M, Max: 1024K
[56.503s][info][gc,start    ] GC(156) Concurrent class unloading
[56.503s][info][gc,task     ] GC(156) Using 1 of 3 workers for concurrent class unloading
[56.514s][info][gc          ] GC(156) Concurrent class unloading 11.529ms
[56.514s][info][gc,start    ] GC(156) Concurrent strong roots
[56.514s][info][gc,task     ] GC(156) Using 1 of 3 workers for concurrent strong root
[56.515s][info][gc          ] GC(156) Concurrent strong roots 0.497ms
[56.515s][info][gc,start    ] GC(156) Concurrent evacuation
[56.515s][info][gc,task     ] GC(156) Using 1 of 3 workers for concurrent evacuation
[56.516s][info][gc          ] GC(156) Concurrent evacuation 1.083ms
[56.516s][info][gc,start    ] GC(156) Pause Init Update Refs
[56.516s][info][gc,ergo     ] GC(156) Pacer for Update Refs. Used: 706M, Free: 1239M, Non-Taxable: 123M, Alloc Tax Rate: 1.1x
[56.516s][info][gc          ] GC(156) Pause Init Update Refs 0.068ms
[56.516s][info][gc,start    ] GC(156) Concurrent update references
[56.516s][info][gc,task     ] GC(156) Using 1 of 3 workers for concurrent reference update
[56.689s][info][gc          ] GC(156) Concurrent update references 172.890ms
[56.689s][info][gc,start    ] GC(156) Concurrent update thread roots
[56.697s][info][gc          ] GC(156) Concurrent update thread roots 7.447ms
[56.697s][info][gc,start    ] GC(156) Pause Final Update Refs
[56.697s][info][gc,task     ] GC(156) Using 3 of 3 workers for final reference update
[56.697s][info][gc          ] GC(156) Pause Final Update Refs 0.121ms
[56.697s][info][gc,start    ] GC(156) Concurrent cleanup
[56.697s][info][gc          ] GC(156) Concurrent cleanup 1205M->1172M(2048M) 0.032ms
[56.697s][info][gc,ergo     ] Free: 770M, Max: 1024K regular, 720M humongous, Frag: 5% external, 0% internal; Reserve: 103M, Max: 1024K
[56.697s][info][gc,stats    ] 
[56.697s][info][gc,stats    ] All times are wall-clock times, except per-root-class counters, that are sum over
[56.697s][info][gc,stats    ] all workers. Dividing the <total> over the root stage time estimates parallelism.
[56.697s][info][gc,stats    ] 
[56.697s][info][gc,stats    ] Concurrent Reset                    861 us
[56.697s][info][gc,stats    ] Pause Init Mark (G)                 329 us
[56.697s][info][gc,stats    ] Pause Init Mark (N)                 205 us
[56.697s][info][gc,stats    ]   Update Region States               68 us
[56.697s][info][gc,stats    ] Concurrent Mark Roots              8456 us, parallelism: 0.97x
[56.697s][info][gc,stats    ]   CMR: <total>                     8240 us
[56.697s][info][gc,stats    ]   CMR: Thread Roots                8160 us, workers (us): 8160, ---, ---, 
[56.697s][info][gc,stats    ]   CMR: VM Strong Roots               14 us, workers (us):  14, ---, ---, 
[56.697s][info][gc,stats    ]   CMR: CLDG Roots                    67 us, workers (us):  67, ---, ---, 
[56.697s][info][gc,stats    ] Concurrent Marking               130605 us
[56.697s][info][gc,stats    ] Pause Final Mark (G)                442 us
[56.697s][info][gc,stats    ] Pause Final Mark (N)                312 us
[56.697s][info][gc,stats    ]   Finish Mark                        74 us
[56.697s][info][gc,stats    ]   Update Region States               49 us
[56.697s][info][gc,stats    ]   Choose Collection Set              76 us
[56.697s][info][gc,stats    ]   Rebuild Free Set                    7 us
[56.697s][info][gc,stats    ] Concurrent Thread Roots            8609 us, parallelism: 0.98x
[56.697s][info][gc,stats    ]   CTR: <total>                     8462 us
[56.697s][info][gc,stats    ]   CTR: Thread Roots                8462 us, workers (us): 8462, ---, ---, 
[56.697s][info][gc,stats    ] Concurrent Weak References          390 us, parallelism: 0.44x
[56.697s][info][gc,stats    ]   CWRF: <total>                     170 us
[56.697s][info][gc,stats    ]   CWRF: Weak References             170 us, workers (us): 170, ---, ---, 
[56.697s][info][gc,stats    ] Concurrent Weak Roots              4296 us
[56.697s][info][gc,stats    ]   Roots                            3922 us, parallelism: 0.97x
[56.697s][info][gc,stats    ]     CWR: <total>                   3788 us
[56.697s][info][gc,stats    ]     CWR: Code Cache Roots          2630 us, workers (us): 2630, ---, ---, 
[56.697s][info][gc,stats    ]     CWR: VM Weak Roots             1090 us, workers (us): 1090, ---, ---, 
[56.697s][info][gc,stats    ]     CWR: CLDG Roots                  67 us, workers (us):  67, ---, ---, 
[56.697s][info][gc,stats    ]   Rendezvous                        267 us
[56.697s][info][gc,stats    ] Concurrent Cleanup                   95 us
[56.697s][info][gc,stats    ] Concurrent Class Unloading        11587 us
[56.697s][info][gc,stats    ]   Unlink Stale                    10636 us
[56.697s][info][gc,stats    ]     System Dictionary                65 us
[56.697s][info][gc,stats    ]     Weak Class Links                  0 us
[56.697s][info][gc,stats    ]     Code Roots                    10569 us
[56.697s][info][gc,stats    ]   Rendezvous                        216 us
[56.697s][info][gc,stats    ]   Purge Unlinked                    643 us
[56.697s][info][gc,stats    ]     Code Roots                      636 us
[56.697s][info][gc,stats    ]     CLDG                              6 us
[56.697s][info][gc,stats    ]     Exception Caches                  0 us
[56.697s][info][gc,stats    ] Concurrent Strong Roots             523 us, parallelism: 0.71x
[56.697s][info][gc,stats    ]   CSR: <total>                      369 us
[56.697s][info][gc,stats    ]   CSR: VM Strong Roots               18 us, workers (us):  18, ---, ---, 
[56.697s][info][gc,stats    ]   CSR: CLDG Roots                   351 us, workers (us): 351, ---, ---, 
[56.697s][info][gc,stats    ] Concurrent Evacuation              1100 us
[56.697s][info][gc,stats    ] Pause Init Update Refs (G)          233 us
[56.697s][info][gc,stats    ] Pause Init Update Refs (N)           77 us
[56.697s][info][gc,stats    ]   Manage GCLABs                      13 us
[56.697s][info][gc,stats    ] Concurrent Update Refs           173011 us
[56.697s][info][gc,stats    ] Concurrent Update Thread Roots     7492 us
[56.697s][info][gc,stats    ] Pause Final Update Refs (G)         213 us
[56.697s][info][gc,stats    ] Pause Final Update Refs (N)         139 us
[56.697s][info][gc,stats    ]   Update Region States               44 us
[56.697s][info][gc,stats    ]   Trash Collection Set                4 us
[56.697s][info][gc,stats    ]   Rebuild Free Set                   18 us
[56.697s][info][gc,stats    ] Concurrent Cleanup                   42 us
[56.697s][info][gc,stats    ] Pacing                            87209 us
[56.697s][info][gc,stats    ] 
[56.697s][info][gc,stats    ] Allocation pacing accrued:
[56.697s][info][gc,stats    ]      44 of   533 ms (  8.2%): Executor task launch worker for task 1.0 in stage 97.0 (TID 162)
[56.697s][info][gc,stats    ]      43 of   533 ms (  8.1%): Executor task launch worker for task 0.0 in stage 97.0 (TID 161)
[56.697s][info][gc,stats    ]      87 of   533 ms ( 16.4%): <total>
[56.697s][info][gc,stats    ]       0 of   533 ms (  0.1%): <average total>
[56.697s][info][gc,stats    ]      44 of   533 ms (  8.2%): <average non-zero>
[56.697s][info][gc,stats    ] 
[56.697s][info][gc,metaspace] Metaspace: 66119K(66880K)->66119K(66880K) NonClass: 57829K(58240K)->57829K(58240K) Class: 8289K(8640K)->8289K(8640K)
[56.697s][info][gc,ergo     ] Pacer for Idle. Initial: 41943K, Alloc Tax Rate: 1.0x
[56.710s][info][gc          ] Trigger: Learning 3 of 5. Free (728M) is below initial threshold (1433M)
[56.710s][info][gc,ergo     ] Free: 728M, Max: 1024K regular, 711M humongous, Frag: 0% external, 0% internal; Reserve: 103M, Max: 1024K
[56.710s][info][gc,start    ] GC(157) Concurrent reset
[56.710s][info][gc,task     ] GC(157) Using 1 of 3 workers for concurrent reset
[56.710s][info][gc,ergo     ] GC(157) Pacer for Reset. Non-Taxable: 2048M
[56.711s][info][gc          ] GC(157) Concurrent reset 1.032ms
[56.712s][info][gc,start    ] GC(157) Pause Init Mark (unload classes)
[56.712s][info][gc,task     ] GC(157) Using 3 of 3 workers for init marking
[56.712s][info][gc,ergo     ] GC(157) Pacer for Mark. Expected Live: 171M, Free: 728M, Non-Taxable: 74640K, Alloc Tax Rate: 0.3x
[56.712s][info][gc          ] GC(157) Pause Init Mark (unload classes) 0.235ms
[56.712s][info][gc,start    ] GC(157) Concurrent marking roots
[56.712s][info][gc,task     ] GC(157) Using 1 of 3 workers for concurrent marking roots
[56.721s][info][gc          ] GC(157) Concurrent marking roots 8.804ms
[56.721s][info][gc,start    ] GC(157) Concurrent marking (unload classes)
[56.721s][info][gc,task     ] GC(157) Using 1 of 3 workers for concurrent marking
[56.853s][info][gc          ] GC(157) Concurrent marking (unload classes) 132.155ms
[56.853s][info][gc,start    ] GC(157) Pause Final Mark (unload classes)
[56.853s][info][gc,task     ] GC(157) Using 3 of 3 workers for final marking
[56.853s][info][gc,ergo     ] GC(157) Collectable Garbage: 1021M (97%), Immediate: 1021M (97%), CSet: 0B (0%)
[56.853s][info][gc          ] GC(157) Pause Final Mark (unload classes) 0.300ms
[56.853s][info][gc,start    ] GC(157) Concurrent weak references
[56.853s][info][gc,task     ] GC(157) Using 1 of 3 workers for concurrent weak references
[56.853s][info][gc,ref      ] GC(157) Encountered references: Soft: 2909, Weak: 5880, Final: 51, Phantom: 579
[56.853s][info][gc,ref      ] GC(157) Discovered  references: Soft: 0, Weak: 786, Final: 0, Phantom: 260
[56.853s][info][gc,ref      ] GC(157) Enqueued    references: Soft: 0, Weak: 2, Final: 0, Phantom: 0
[56.853s][info][gc          ] GC(157) Concurrent weak references 0.176ms
[56.853s][info][gc,start    ] GC(157) Concurrent weak roots
[56.853s][info][gc,task     ] GC(157) Using 1 of 3 workers for concurrent weak root
[56.856s][info][gc          ] GC(157) Concurrent weak roots 2.895ms
[56.856s][info][gc,start    ] GC(157) Concurrent cleanup
[56.857s][info][gc          ] GC(157) Concurrent cleanup 1622M->601M(2048M) 0.159ms
[56.857s][info][gc,ergo     ] GC(157) Free: 1341M, Max: 1024K regular, 444M humongous, Frag: 67% external, 0% internal; Reserve: 103M, Max: 1024K
[56.857s][info][gc,start    ] GC(157) Concurrent class unloading
[56.857s][info][gc,task     ] GC(157) Using 1 of 3 workers for concurrent class unloading
[56.868s][info][gc          ] GC(157) Concurrent class unloading 11.631ms
[56.868s][info][gc,start    ] GC(157) Pause Final Roots
[56.868s][info][gc          ] GC(157) Pause Final Roots 0.059ms
[56.869s][info][gc,ergo     ] Free: 1337M, Max: 1024K regular, 444M humongous, Frag: 67% external, 0% internal; Reserve: 103M, Max: 1024K
[56.869s][info][gc,stats    ] 
[56.869s][info][gc,stats    ] All times are wall-clock times, except per-root-class counters, that are sum over
[56.869s][info][gc,stats    ] all workers. Dividing the <total> over the root stage time estimates parallelism.
[56.869s][info][gc,stats    ] 
[56.869s][info][gc,stats    ] Concurrent Reset                   1069 us
[56.869s][info][gc,stats    ] Pause Init Mark (G)                 382 us
[56.869s][info][gc,stats    ] Pause Init Mark (N)                 253 us
[56.869s][info][gc,stats    ]   Update Region States               62 us
[56.869s][info][gc,stats    ] Concurrent Mark Roots              8853 us, parallelism: 0.97x
[56.869s][info][gc,stats    ]   CMR: <total>                     8625 us
[56.869s][info][gc,stats    ]   CMR: Thread Roots                8486 us, workers (us): 8486, ---, ---, 
[56.869s][info][gc,stats    ]   CMR: VM Strong Roots               18 us, workers (us):  18, ---, ---, 
[56.869s][info][gc,stats    ]   CMR: CLDG Roots                   121 us, workers (us): 121, ---, ---, 
[56.869s][info][gc,stats    ] Concurrent Marking               132199 us
[56.869s][info][gc,stats    ] Pause Final Mark (G)                423 us
[56.869s][info][gc,stats    ] Pause Final Mark (N)                319 us
[56.869s][info][gc,stats    ]   Finish Mark                        67 us
[56.869s][info][gc,stats    ]   Update Region States               72 us
[56.869s][info][gc,stats    ]   Choose Collection Set              63 us
[56.869s][info][gc,stats    ]   Rebuild Free Set                   16 us
[56.869s][info][gc,stats    ] Concurrent Weak References          184 us, parallelism: 0.37x
[56.869s][info][gc,stats    ]   CWRF: <total>                      67 us
[56.869s][info][gc,stats    ]   CWRF: Weak References              67 us, workers (us):  67, ---, ---, 
[56.869s][info][gc,stats    ] Concurrent Weak Roots              2944 us
[56.869s][info][gc,stats    ]   Roots                            2669 us, parallelism: 0.96x
[56.869s][info][gc,stats    ]     CWR: <total>                   2567 us
[56.869s][info][gc,stats    ]     CWR: Code Cache Roots          2041 us, workers (us): 2041, ---, ---, 
[56.869s][info][gc,stats    ]     CWR: VM Weak Roots              484 us, workers (us): 484, ---, ---, 
[56.869s][info][gc,stats    ]     CWR: CLDG Roots                  42 us, workers (us):  42, ---, ---, 
[56.869s][info][gc,stats    ]   Rendezvous                        207 us
[56.869s][info][gc,stats    ] Concurrent Cleanup                  182 us
[56.869s][info][gc,stats    ] Concurrent Class Unloading        11703 us
[56.869s][info][gc,stats    ]   Unlink Stale                    10620 us
[56.869s][info][gc,stats    ]     System Dictionary                63 us
[56.869s][info][gc,stats    ]     Weak Class Links                  1 us
[56.869s][info][gc,stats    ]     Code Roots                    10555 us
[56.869s][info][gc,stats    ]   Rendezvous                        300 us
[56.869s][info][gc,stats    ]   Purge Unlinked                    668 us
[56.869s][info][gc,stats    ]     Code Roots                      658 us
[56.869s][info][gc,stats    ]     CLDG                              9 us
[56.869s][info][gc,stats    ]     Exception Caches                  0 us
[56.869s][info][gc,stats    ] Pause Final Roots (G)               243 us
[56.869s][info][gc,stats    ] Pause Final Roots (N)                78 us
[56.869s][info][gc,stats    ] Pacing                            70305 us
[56.869s][info][gc,stats    ] 
[56.869s][info][gc,stats    ] Allocation pacing accrued:
[56.869s][info][gc,stats    ]      35 of   172 ms ( 20.4%): Executor task launch worker for task 1.0 in stage 97.0 (TID 162)
[56.869s][info][gc,stats    ]      35 of   172 ms ( 20.5%): Executor task launch worker for task 0.0 in stage 97.0 (TID 161)
[56.869s][info][gc,stats    ]      70 of   172 ms ( 41.0%): <total>
[56.869s][info][gc,stats    ]       0 of   172 ms (  0.2%): <average total>
[56.869s][info][gc,stats    ]      35 of   172 ms ( 20.5%): <average non-zero>
[56.869s][info][gc,stats    ] 
[56.869s][info][gc,metaspace] Metaspace: 66119K(66880K)->66119K(66880K) NonClass: 57829K(58240K)->57829K(58240K) Class: 8289K(8640K)->8289K(8640K)
[56.869s][info][gc,ergo     ] Pacer for Idle. Initial: 41943K, Alloc Tax Rate: 1.0x
[56.883s][info][gc          ] Trigger: Learning 4 of 5. Free (1296M) is below initial threshold (1433M)
[56.883s][info][gc,ergo     ] Free: 1296M, Max: 1024K regular, 444M humongous, Frag: 66% external, 0% internal; Reserve: 103M, Max: 1024K
[56.883s][info][gc,start    ] GC(158) Concurrent reset
[56.883s][info][gc,task     ] GC(158) Using 1 of 3 workers for concurrent reset
[56.883s][info][gc,ergo     ] GC(158) Pacer for Reset. Non-Taxable: 2048M
[56.884s][info][gc          ] GC(158) Concurrent reset 1.080ms
[56.884s][info][gc,start    ] GC(158) Pause Init Mark (unload classes)
[56.884s][info][gc,task     ] GC(158) Using 3 of 3 workers for init marking
[56.885s][info][gc,ergo     ] GC(158) Pacer for Mark. Expected Live: 171M, Free: 1296M, Non-Taxable: 129M, Alloc Tax Rate: 0.2x
[56.885s][info][gc          ] GC(158) Pause Init Mark (unload classes) 0.182ms
[56.885s][info][gc,start    ] GC(158) Concurrent marking roots
[56.885s][info][gc,task     ] GC(158) Using 1 of 3 workers for concurrent marking roots
[56.893s][info][gc          ] GC(158) Concurrent marking roots 8.473ms
[56.893s][info][gc,start    ] GC(158) Concurrent marking (unload classes)
[56.893s][info][gc,task     ] GC(158) Using 1 of 3 workers for concurrent marking
[57.023s][info][gc          ] GC(158) Concurrent marking (unload classes) 129.829ms
[57.023s][info][gc,start    ] GC(158) Pause Final Mark (unload classes)
[57.023s][info][gc,task     ] GC(158) Using 3 of 3 workers for final marking
[57.023s][info][gc,ergo     ] GC(158) Collectable Garbage: 454M (95%), Immediate: 454M (95%), CSet: 0B (0%)
[57.023s][info][gc          ] GC(158) Pause Final Mark (unload classes) 0.268ms
[57.023s][info][gc,start    ] GC(158) Concurrent weak references
[57.023s][info][gc,task     ] GC(158) Using 1 of 3 workers for concurrent weak references
[57.024s][info][gc,ref      ] GC(158) Encountered references: Soft: 2909, Weak: 5878, Final: 51, Phantom: 579
[57.024s][info][gc,ref      ] GC(158) Discovered  references: Soft: 0, Weak: 784, Final: 0, Phantom: 260
[57.024s][info][gc,ref      ] GC(158) Enqueued    references: Soft: 0, Weak: 0, Final: 0, Phantom: 0
[57.024s][info][gc          ] GC(158) Concurrent weak references 0.129ms
[57.024s][info][gc,start    ] GC(158) Concurrent weak roots
[57.024s][info][gc,task     ] GC(158) Using 1 of 3 workers for concurrent weak root
[57.027s][info][gc          ] GC(158) Concurrent weak roots 3.484ms
[57.027s][info][gc,start    ] GC(158) Concurrent cleanup
[57.027s][info][gc          ] GC(158) Concurrent cleanup 1075M->621M(2048M) 0.103ms
[57.027s][info][gc,ergo     ] GC(158) Free: 1321M, Max: 1024K regular, 450M humongous, Frag: 66% external, 0% internal; Reserve: 103M, Max: 1024K
[57.027s][info][gc,start    ] GC(158) Concurrent class unloading
[57.027s][info][gc,task     ] GC(158) Using 1 of 3 workers for concurrent class unloading
[57.039s][info][gc          ] GC(158) Concurrent class unloading 12.022ms
[57.040s][info][gc,start    ] GC(158) Pause Final Roots
[57.040s][info][gc          ] GC(158) Pause Final Roots 0.048ms
[57.040s][info][gc,ergo     ] Free: 1291M, Max: 1024K regular, 450M humongous, Frag: 65% external, 0% internal; Reserve: 103M, Max: 1024K
[57.040s][info][gc,stats    ] 
[57.040s][info][gc,stats    ] All times are wall-clock times, except per-root-class counters, that are sum over
[57.040s][info][gc,stats    ] all workers. Dividing the <total> over the root stage time estimates parallelism.
[57.040s][info][gc,stats    ] 
[57.040s][info][gc,stats    ] Concurrent Reset                   1100 us
[57.040s][info][gc,stats    ] Pause Init Mark (G)                 330 us
[57.040s][info][gc,stats    ] Pause Init Mark (N)                 199 us
[57.040s][info][gc,stats    ]   Update Region States               57 us
[57.040s][info][gc,stats    ] Concurrent Mark Roots              8519 us, parallelism: 0.98x
[57.040s][info][gc,stats    ]   CMR: <total>                     8324 us
[57.040s][info][gc,stats    ]   CMR: Thread Roots                8188 us, workers (us): 8188, ---, ---, 
[57.040s][info][gc,stats    ]   CMR: VM Strong Roots               19 us, workers (us):  19, ---, ---, 
[57.040s][info][gc,stats    ]   CMR: CLDG Roots                   118 us, workers (us): 118, ---, ---, 
[57.040s][info][gc,stats    ] Concurrent Marking               129886 us
[57.040s][info][gc,stats    ] Pause Final Mark (G)                389 us
[57.040s][info][gc,stats    ] Pause Final Mark (N)                279 us
[57.040s][info][gc,stats    ]   Finish Mark                        83 us
[57.040s][info][gc,stats    ]   Update Region States               44 us
[57.040s][info][gc,stats    ]   Choose Collection Set              44 us
[57.040s][info][gc,stats    ]   Rebuild Free Set                    7 us
[57.040s][info][gc,stats    ] Concurrent Weak References          136 us, parallelism: 0.40x
[57.040s][info][gc,stats    ]   CWRF: <total>                      55 us
[57.040s][info][gc,stats    ]   CWRF: Weak References              55 us, workers (us):  55, ---, ---, 
[57.040s][info][gc,stats    ] Concurrent Weak Roots              3526 us
[57.040s][info][gc,stats    ]   Roots                            3253 us, parallelism: 0.98x
[57.040s][info][gc,stats    ]     CWR: <total>                   3194 us
[57.040s][info][gc,stats    ]     CWR: Code Cache Roots          2831 us, workers (us): 2831, ---, ---, 
[57.040s][info][gc,stats    ]     CWR: VM Weak Roots              319 us, workers (us): 319, ---, ---, 
[57.040s][info][gc,stats    ]     CWR: CLDG Roots                  44 us, workers (us):  44, ---, ---, 
[57.040s][info][gc,stats    ]   Rendezvous                        210 us
[57.040s][info][gc,stats    ] Concurrent Cleanup                  125 us
[57.040s][info][gc,stats    ] Concurrent Class Unloading        12079 us
[57.040s][info][gc,stats    ]   Unlink Stale                    11279 us
[57.040s][info][gc,stats    ]     System Dictionary                88 us
[57.040s][info][gc,stats    ]     Weak Class Links                  0 us
[57.040s][info][gc,stats    ]     Code Roots                    11188 us
[57.040s][info][gc,stats    ]   Rendezvous                        171 us
[57.040s][info][gc,stats    ]   Purge Unlinked                    531 us
[57.040s][info][gc,stats    ]     Code Roots                      525 us
[57.040s][info][gc,stats    ]     CLDG                              5 us
[57.040s][info][gc,stats    ]     Exception Caches                  0 us
[57.040s][info][gc,stats    ] Pause Final Roots (G)               293 us
[57.040s][info][gc,stats    ] Pause Final Roots (N)                57 us
[57.040s][info][gc,stats    ] Pacing                            37725 us
[57.040s][info][gc,stats    ] 
[57.040s][info][gc,stats    ] Allocation pacing accrued:
[57.040s][info][gc,stats    ]      19 of   171 ms ( 11.0%): Executor task launch worker for task 1.0 in stage 97.0 (TID 162)
[57.040s][info][gc,stats    ]      19 of   171 ms ( 11.0%): Executor task launch worker for task 0.0 in stage 97.0 (TID 161)
[57.040s][info][gc,stats    ]      38 of   171 ms ( 22.1%): <total>
[57.040s][info][gc,stats    ]       0 of   171 ms (  0.1%): <average total>
[57.040s][info][gc,stats    ]      19 of   171 ms ( 11.0%): <average non-zero>
[57.040s][info][gc,stats    ] 
[57.040s][info][gc,metaspace] Metaspace: 66119K(66880K)->66130K(66880K) NonClass: 57829K(58240K)->57840K(58240K) Class: 8289K(8640K)->8290K(8640K)
[57.040s][info][gc,ergo     ] Pacer for Idle. Initial: 41943K, Alloc Tax Rate: 1.0x
[57.050s][info][gc          ] Trigger: Learning 5 of 5. Free (1282M) is below initial threshold (1433M)
[57.050s][info][gc,ergo     ] Free: 1282M, Max: 1024K regular, 450M humongous, Frag: 65% external, 0% internal; Reserve: 103M, Max: 1024K
[57.050s][info][gc,start    ] GC(159) Concurrent reset
[57.050s][info][gc,task     ] GC(159) Using 1 of 3 workers for concurrent reset
[57.050s][info][gc,ergo     ] GC(159) Pacer for Reset. Non-Taxable: 2048M
[57.051s][info][gc          ] GC(159) Concurrent reset 1.010ms
[57.051s][info][gc,start    ] GC(159) Pause Init Mark (unload classes)
[57.051s][info][gc,task     ] GC(159) Using 3 of 3 workers for init marking
[57.051s][info][gc,ergo     ] GC(159) Pacer for Mark. Expected Live: 171M, Free: 1281M, Non-Taxable: 128M, Alloc Tax Rate: 0.2x
[57.051s][info][gc          ] GC(159) Pause Init Mark (unload classes) 0.144ms
[57.051s][info][gc,start    ] GC(159) Concurrent marking roots
[57.051s][info][gc,task     ] GC(159) Using 1 of 3 workers for concurrent marking roots
[57.059s][info][gc          ] GC(159) Concurrent marking roots 7.777ms
[57.059s][info][gc,start    ] GC(159) Concurrent marking (unload classes)
[57.059s][info][gc,task     ] GC(159) Using 1 of 3 workers for concurrent marking
[57.188s][info][gc          ] GC(159) Concurrent marking (unload classes) 128.865ms
[57.188s][info][gc,start    ] GC(159) Pause Final Mark (unload classes)
[57.188s][info][gc,task     ] GC(159) Using 3 of 3 workers for final marking
[57.189s][info][gc,ergo     ] GC(159) Collectable Garbage: 454M (93%), Immediate: 454M (93%), CSet: 0B (0%)
[57.189s][info][gc          ] GC(159) Pause Final Mark (unload classes) 0.398ms
[57.189s][info][gc,start    ] GC(159) Concurrent weak references
[57.189s][info][gc,task     ] GC(159) Using 1 of 3 workers for concurrent weak references
[57.189s][info][gc,ref      ] GC(159) Encountered references: Soft: 2923, Weak: 5978, Final: 51, Phantom: 579
[57.189s][info][gc,ref      ] GC(159) Discovered  references: Soft: 0, Weak: 962, Final: 0, Phantom: 337
[57.189s][info][gc,ref      ] GC(159) Enqueued    references: Soft: 0, Weak: 173, Final: 0, Phantom: 0
[57.189s][info][gc          ] GC(159) Concurrent weak references 0.236ms
[57.189s][info][gc,start    ] GC(159) Concurrent weak roots
[57.189s][info][gc,task     ] GC(159) Using 1 of 3 workers for concurrent weak root
[57.192s][info][gc          ] GC(159) Concurrent weak roots 3.203ms
[57.192s][info][gc,start    ] GC(159) Concurrent cleanup
[57.192s][info][gc          ] GC(159) Concurrent cleanup 668M->214M(2048M) 0.048ms
[57.192s][info][gc,ergo     ] GC(159) Free: 1728M, Max: 1024K regular, 932M humongous, Frag: 46% external, 0% internal; Reserve: 103M, Max: 1024K
[57.192s][info][gc,start    ] GC(159) Concurrent class unloading
[57.192s][info][gc,task     ] GC(159) Using 1 of 3 workers for concurrent class unloading
[57.203s][info][gc          ] GC(159) Concurrent class unloading 10.372ms
[57.203s][info][gc,start    ] GC(159) Pause Final Roots
[57.203s][info][gc          ] GC(159) Pause Final Roots 0.072ms
[57.203s][info][gc,ergo     ] Free: 1728M, Max: 1024K regular, 932M humongous, Frag: 46% external, 0% internal; Reserve: 103M, Max: 1024K
[57.203s][info][gc,stats    ] 
[57.203s][info][gc,stats    ] All times are wall-clock times, except per-root-class counters, that are sum over
[57.203s][info][gc,stats    ] all workers. Dividing the <total> over the root stage time estimates parallelism.
[57.203s][info][gc,stats    ] 
[57.203s][info][gc,stats    ] Concurrent Reset                   1068 us
[57.203s][info][gc,stats    ] Pause Init Mark (G)                 272 us
[57.203s][info][gc,stats    ] Pause Init Mark (N)                 153 us
[57.203s][info][gc,stats    ]   Update Region States               60 us
[57.203s][info][gc,stats    ] Concurrent Mark Roots              7839 us, parallelism: 0.97x
[57.203s][info][gc,stats    ]   CMR: <total>                     7605 us
[57.203s][info][gc,stats    ]   CMR: Thread Roots                7497 us, workers (us): 7497, ---, ---, 
[57.203s][info][gc,stats    ]   CMR: VM Strong Roots               18 us, workers (us):  18, ---, ---, 
[57.203s][info][gc,stats    ]   CMR: CLDG Roots                    90 us, workers (us):  90, ---, ---, 
[57.203s][info][gc,stats    ] Concurrent Marking               128944 us
[57.203s][info][gc,stats    ] Pause Final Mark (G)                530 us
[57.203s][info][gc,stats    ] Pause Final Mark (N)                418 us
[57.203s][info][gc,stats    ]   Finish Mark                       140 us
[57.203s][info][gc,stats    ]   Update Region States               83 us
[57.203s][info][gc,stats    ]   Choose Collection Set              64 us
[57.203s][info][gc,stats    ]   Rebuild Free Set                   17 us
[57.203s][info][gc,stats    ] Concurrent Weak References          243 us, parallelism: 0.41x
[57.203s][info][gc,stats    ]   CWRF: <total>                      99 us
[57.203s][info][gc,stats    ]   CWRF: Weak References              99 us, workers (us):  99, ---, ---, 
[57.203s][info][gc,stats    ] Concurrent Weak Roots              3245 us
[57.203s][info][gc,stats    ]   Roots                            3006 us, parallelism: 0.98x
[57.203s][info][gc,stats    ]     CWR: <total>                   2938 us
[57.203s][info][gc,stats    ]     CWR: Code Cache Roots          2400 us, workers (us): 2400, ---, ---, 
[57.203s][info][gc,stats    ]     CWR: VM Weak Roots              493 us, workers (us): 493, ---, ---, 
[57.203s][info][gc,stats    ]     CWR: CLDG Roots                  45 us, workers (us):  45, ---, ---, 
[57.203s][info][gc,stats    ]   Rendezvous                        178 us
[57.204s][info][gc,stats    ] Concurrent Cleanup                   56 us
[57.204s][info][gc,stats    ] Concurrent Class Unloading        10442 us
[57.204s][info][gc,stats    ]   Unlink Stale                     9669 us
[57.204s][info][gc,stats    ]     System Dictionary                46 us
[57.204s][info][gc,stats    ]     Weak Class Links                  0 us
[57.204s][info][gc,stats    ]     Code Roots                     9621 us
[57.204s][info][gc,stats    ]   Rendezvous                        187 us
[57.204s][info][gc,stats    ]   Purge Unlinked                    443 us
[57.204s][info][gc,stats    ]     Code Roots                      433 us
[57.204s][info][gc,stats    ]     CLDG                             10 us
[57.204s][info][gc,stats    ]     Exception Caches                  0 us
[57.204s][info][gc,stats    ] Pause Final Roots (G)               246 us
[57.204s][info][gc,stats    ] Pause Final Roots (N)                96 us
[57.204s][info][gc,stats    ] 
[57.204s][info][gc,stats    ] Allocation pacing accrued:
[57.204s][info][gc,stats    ]       0 of   164 ms (  0.0%): <total>
[57.204s][info][gc,stats    ]       0 of   164 ms (  0.0%): <average total>
[57.204s][info][gc,stats    ] 
[57.204s][info][gc,metaspace] Metaspace: 66151K(66944K)->66153K(66944K) NonClass: 57857K(58304K)->57859K(58304K) Class: 8293K(8640K)->8293K(8640K)
[57.204s][info][gc,ergo     ] Pacer for Idle. Initial: 41943K, Alloc Tax Rate: 1.0x
[57.207s][info][gc          ] Trigger: Explicit GC request (System.gc())
[57.207s][info][gc,ergo     ] Free: 1728M, Max: 1024K regular, 932M humongous, Frag: 46% external, 0% internal; Reserve: 103M, Max: 1024K
[57.207s][info][gc,start    ] GC(160) Concurrent reset
[57.207s][info][gc,task     ] GC(160) Using 1 of 3 workers for concurrent reset
[57.207s][info][gc,ergo     ] GC(160) Pacer for Reset. Non-Taxable: 2048M
[57.209s][info][gc          ] GC(160) Concurrent reset 1.136ms
[57.209s][info][gc,start    ] GC(160) Pause Init Mark (unload classes)
[57.209s][info][gc,task     ] GC(160) Using 3 of 3 workers for init marking
[57.209s][info][gc,ref      ] GC(160) Clearing All SoftReferences
[57.209s][info][gc,ergo     ] GC(160) Pacer for Mark. Expected Live: 171M, Free: 1728M, Non-Taxable: 172M, Alloc Tax Rate: 0.1x
[57.209s][info][gc          ] GC(160) Pause Init Mark (unload classes) 0.214ms
[57.209s][info][gc,start    ] GC(160) Concurrent marking roots
[57.209s][info][gc,task     ] GC(160) Using 1 of 3 workers for concurrent marking roots
[57.217s][info][gc          ] GC(160) Concurrent marking roots 7.895ms
[57.217s][info][gc,start    ] GC(160) Concurrent marking (unload classes)
[57.217s][info][gc,task     ] GC(160) Using 1 of 3 workers for concurrent marking
[57.344s][info][gc          ] GC(160) Concurrent marking (unload classes) 127.427ms
[57.344s][info][gc,start    ] GC(160) Pause Final Mark (unload classes)
[57.344s][info][gc,task     ] GC(160) Using 3 of 3 workers for final marking
[57.345s][info][gc,ergo     ] GC(160) Adaptive CSet Selection. Target Free: 290M, Actual Free: 1817M, Max CSet: 87381K, Min Garbage: 0B
[57.345s][info][gc,ergo     ] GC(160) Collectable Garbage: 40158K (89%), Immediate: 4096K (9%), CSet: 36062K (80%)
[57.345s][info][gc,ergo     ] GC(160) Pacer for Evacuation. Used CSet: 36864K, Free: 1732M, Non-Taxable: 173M, Alloc Tax Rate: 1.1x
[57.345s][info][gc          ] GC(160) Pause Final Mark (unload classes) 0.474ms
[57.345s][info][gc,start    ] GC(160) Concurrent thread roots
[57.345s][info][gc,task     ] GC(160) Using 1 of 3 workers for Concurrent thread roots
[57.354s][info][gc          ] GC(160) Concurrent thread roots 9.464ms
[57.354s][info][gc,start    ] GC(160) Concurrent weak references
[57.355s][info][gc,task     ] GC(160) Using 1 of 3 workers for concurrent weak references
[57.355s][info][gc,ref      ] GC(160) Encountered references: Soft: 2824, Weak: 5709, Final: 51, Phantom: 579
[57.355s][info][gc,ref      ] GC(160) Discovered  references: Soft: 658, Weak: 802, Final: 0, Phantom: 337
[57.355s][info][gc,ref      ] GC(160) Enqueued    references: Soft: 296, Weak: 11, Final: 0, Phantom: 0
[57.355s][info][gc          ] GC(160) Concurrent weak references 0.380ms
[57.355s][info][gc,start    ] GC(160) Concurrent weak roots
[57.355s][info][gc,task     ] GC(160) Using 1 of 3 workers for concurrent weak root
[57.359s][info][gc          ] GC(160) Concurrent weak roots 3.770ms
[57.359s][info][gc,start    ] GC(160) Concurrent cleanup
[57.359s][info][gc          ] GC(160) Concurrent cleanup 215M->211M(2048M) 0.044ms
[57.359s][info][gc,ergo     ] GC(160) Free: 1732M, Max: 1024K regular, 932M humongous, Frag: 46% external, 0% internal; Reserve: 102M, Max: 1024K
[57.359s][info][gc,start    ] GC(160) Concurrent class unloading
[57.359s][info][gc,task     ] GC(160) Using 1 of 3 workers for concurrent class unloading
[57.378s][info][gc          ] GC(160) Concurrent class unloading 18.962ms
[57.378s][info][gc,start    ] GC(160) Concurrent strong roots
[57.378s][info][gc,task     ] GC(160) Using 1 of 3 workers for concurrent strong root
[57.378s][info][gc          ] GC(160) Concurrent strong roots 0.594ms
[57.378s][info][gc,start    ] GC(160) Concurrent evacuation
[57.378s][info][gc,task     ] GC(160) Using 1 of 3 workers for concurrent evacuation
[57.379s][info][gc          ] GC(160) Concurrent evacuation 0.756ms
[57.379s][info][gc,start    ] GC(160) Pause Init Update Refs
[57.379s][info][gc,ergo     ] GC(160) Pacer for Update Refs. Used: 212M, Free: 1732M, Non-Taxable: 173M, Alloc Tax Rate: 1.1x
[57.379s][info][gc          ] GC(160) Pause Init Update Refs 0.063ms
[57.379s][info][gc,start    ] GC(160) Concurrent update references
[57.379s][info][gc,task     ] GC(160) Using 1 of 3 workers for concurrent reference update
[57.442s][info][gc          ] GC(160) Concurrent update references 62.615ms
[57.442s][info][gc,start    ] GC(160) Concurrent update thread roots
[57.450s][info][gc          ] GC(160) Concurrent update thread roots 7.522ms
[57.450s][info][gc,start    ] GC(160) Pause Final Update Refs
[57.450s][info][gc,task     ] GC(160) Using 3 of 3 workers for final reference update
[57.450s][info][gc          ] GC(160) Pause Final Update Refs 0.129ms
[57.450s][info][gc,start    ] GC(160) Concurrent cleanup
[57.450s][info][gc          ] GC(160) Concurrent cleanup 212M->176M(2048M) 0.057ms
[57.450s][info][gc,ergo     ] Free: 1766M, Max: 1024K regular, 1389M humongous, Frag: 21% external, 0% internal; Reserve: 103M, Max: 1024K
[57.450s][info][gc,stats    ] 
[57.450s][info][gc,stats    ] All times are wall-clock times, except per-root-class counters, that are sum over
[57.450s][info][gc,stats    ] all workers. Dividing the <total> over the root stage time estimates parallelism.
[57.450s][info][gc,stats    ] 
[57.450s][info][gc,stats    ] Concurrent Reset                   1159 us
[57.450s][info][gc,stats    ] Pause Init Mark (G)                 337 us
[57.450s][info][gc,stats    ] Pause Init Mark (N)                 231 us
[57.450s][info][gc,stats    ]   Update Region States               74 us
[57.450s][info][gc,stats    ] Concurrent Mark Roots              7947 us, parallelism: 0.97x
[57.450s][info][gc,stats    ]   CMR: <total>                     7720 us
[57.450s][info][gc,stats    ]   CMR: Thread Roots                7580 us, workers (us): 7580, ---, ---, 
[57.450s][info][gc,stats    ]   CMR: VM Strong Roots               19 us, workers (us):  19, ---, ---, 
[57.450s][info][gc,stats    ]   CMR: CLDG Roots                   121 us, workers (us): 121, ---, ---, 
[57.450s][info][gc,stats    ] Concurrent Marking               127507 us
[57.450s][info][gc,stats    ] Pause Final Mark (G)                571 us
[57.450s][info][gc,stats    ] Pause Final Mark (N)                482 us
[57.450s][info][gc,stats    ]   Finish Mark                       283 us
[57.450s][info][gc,stats    ]   Update Region States               51 us
[57.450s][info][gc,stats    ]   Choose Collection Set              51 us
[57.450s][info][gc,stats    ]   Rebuild Free Set                    8 us
[57.450s][info][gc,stats    ] Concurrent Thread Roots            9517 us, parallelism: 0.98x
[57.450s][info][gc,stats    ]   CTR: <total>                     9327 us
[57.450s][info][gc,stats    ]   CTR: Thread Roots                9327 us, workers (us): 9327, ---, ---, 
[57.450s][info][gc,stats    ] Concurrent Weak References          401 us, parallelism: 0.40x
[57.450s][info][gc,stats    ]   CWRF: <total>                     160 us
[57.450s][info][gc,stats    ]   CWRF: Weak References             160 us, workers (us): 160, ---, ---, 
[57.450s][info][gc,stats    ] Concurrent Weak Roots              3837 us
[57.450s][info][gc,stats    ]   Roots                            3502 us, parallelism: 0.92x
[57.450s][info][gc,stats    ]     CWR: <total>                   3217 us
[57.450s][info][gc,stats    ]     CWR: Code Cache Roots          2169 us, workers (us): 2169, ---, ---, 
[57.450s][info][gc,stats    ]     CWR: VM Weak Roots              997 us, workers (us): 997, ---, ---, 
[57.450s][info][gc,stats    ]     CWR: CLDG Roots                  51 us, workers (us):  51, ---, ---, 
[57.450s][info][gc,stats    ]   Rendezvous                        223 us
[57.450s][info][gc,stats    ] Concurrent Cleanup                   62 us
[57.450s][info][gc,stats    ] Concurrent Class Unloading        19018 us
[57.451s][info][gc,stats    ]   Unlink Stale                    17655 us
[57.451s][info][gc,stats    ]     System Dictionary              1133 us
[57.451s][info][gc,stats    ]     Weak Class Links               6164 us
[57.451s][info][gc,stats    ]     Code Roots                    10355 us
[57.451s][info][gc,stats    ]   Rendezvous                        190 us
[57.451s][info][gc,stats    ]   Purge Unlinked                   1078 us
[57.451s][info][gc,stats    ]     Code Roots                      661 us
[57.451s][info][gc,stats    ]     CLDG                            415 us
[57.451s][info][gc,stats    ]     Exception Caches                  0 us
[57.451s][info][gc,stats    ] Concurrent Strong Roots             618 us, parallelism: 0.52x
[57.451s][info][gc,stats    ]   CSR: <total>                      324 us
[57.451s][info][gc,stats    ]   CSR: VM Strong Roots               17 us, workers (us):  17, ---, ---, 
[57.451s][info][gc,stats    ]   CSR: CLDG Roots                   307 us, workers (us): 307, ---, ---, 
[57.451s][info][gc,stats    ] Concurrent Evacuation               786 us
[57.451s][info][gc,stats    ] Pause Init Update Refs (G)          126 us
[57.451s][info][gc,stats    ] Pause Init Update Refs (N)           71 us
[57.451s][info][gc,stats    ]   Manage GCLABs                      11 us
[57.451s][info][gc,stats    ] Concurrent Update Refs            62677 us
[57.451s][info][gc,stats    ] Concurrent Update Thread Roots     7569 us
[57.451s][info][gc,stats    ] Pause Final Update Refs (G)         215 us
[57.451s][info][gc,stats    ] Pause Final Update Refs (N)         139 us
[57.451s][info][gc,stats    ]   Update Region States               53 us
[57.451s][info][gc,stats    ]   Trash Collection Set                4 us
[57.451s][info][gc,stats    ]   Rebuild Free Set                   21 us
[57.451s][info][gc,stats    ] Concurrent Cleanup                   78 us
[57.451s][info][gc,stats    ] 
[57.451s][info][gc,stats    ] Allocation pacing accrued:
[57.451s][info][gc,stats    ]       0 of   247 ms (  0.0%): <total>
[57.451s][info][gc,stats    ]       0 of   247 ms (  0.0%): <average total>
[57.451s][info][gc,stats    ] 
[57.451s][info][gc,metaspace] Metaspace: 66153K(66944K)->65830K(66944K) NonClass: 57859K(58304K)->57591K(58304K) Class: 8293K(8640K)->8239K(8640K)
[57.451s][info][gc,ergo     ] Pacer for Idle. Initial: 41943K, Alloc Tax Rate: 1.0x
[57.644s][info][gc          ] Trigger: Learning 2 of 5. Free (1432M) is below initial threshold (1433M)
[57.644s][info][gc,ergo     ] Free: 1432M, Max: 1024K regular, 1389M humongous, Frag: 2% external, 0% internal; Reserve: 103M, Max: 1024K
[57.644s][info][gc,start    ] GC(161) Concurrent reset
[57.644s][info][gc,task     ] GC(161) Using 1 of 3 workers for concurrent reset
[57.644s][info][gc,ergo     ] GC(161) Pacer for Reset. Non-Taxable: 2048M
[57.646s][info][gc          ] GC(161) Concurrent reset 1.677ms
[57.646s][info][gc,start    ] GC(161) Pause Init Mark (unload classes)
[57.646s][info][gc,task     ] GC(161) Using 3 of 3 workers for init marking
[57.646s][info][gc,ergo     ] GC(161) Pacer for Mark. Expected Live: 171M, Free: 1428M, Non-Taxable: 142M, Alloc Tax Rate: 0.1x
[57.646s][info][gc          ] GC(161) Pause Init Mark (unload classes) 0.163ms
[57.646s][info][gc,start    ] GC(161) Concurrent marking roots
[57.646s][info][gc,task     ] GC(161) Using 1 of 3 workers for concurrent marking roots
[57.656s][info][gc          ] GC(161) Concurrent marking roots 9.612ms
[57.656s][info][gc,start    ] GC(161) Concurrent marking (unload classes)
[57.656s][info][gc,task     ] GC(161) Using 1 of 3 workers for concurrent marking
[57.787s][info][gc          ] GC(161) Concurrent marking (unload classes) 131.105ms
[57.787s][info][gc,start    ] GC(161) Pause Final Mark (unload classes)
[57.787s][info][gc,task     ] GC(161) Using 3 of 3 workers for final marking
[57.787s][info][gc,ergo     ] GC(161) Collectable Garbage: 309M (91%), Immediate: 309M (91%), CSet: 0B (0%)
[57.787s][info][gc          ] GC(161) Pause Final Mark (unload classes) 0.205ms
[57.787s][info][gc,start    ] GC(161) Concurrent weak references
[57.787s][info][gc,task     ] GC(161) Using 1 of 3 workers for concurrent weak references
[57.788s][info][gc,ref      ] GC(161) Encountered references: Soft: 2909, Weak: 5955, Final: 51, Phantom: 579
[57.788s][info][gc,ref      ] GC(161) Discovered  references: Soft: 0, Weak: 855, Final: 0, Phantom: 260
[57.788s][info][gc,ref      ] GC(161) Enqueued    references: Soft: 0, Weak: 88, Final: 0, Phantom: 0
[57.788s][info][gc          ] GC(161) Concurrent weak references 0.185ms
[57.788s][info][gc,start    ] GC(161) Concurrent weak roots
[57.788s][info][gc,task     ] GC(161) Using 1 of 3 workers for concurrent weak root
[57.791s][info][gc          ] GC(161) Concurrent weak roots 3.684ms
[57.791s][info][gc,start    ] GC(161) Concurrent cleanup
[57.791s][info][gc          ] GC(161) Concurrent cleanup 1004M->695M(2048M) 0.052ms
[57.791s][info][gc,ergo     ] GC(161) Free: 1247M, Max: 1024K regular, 917M humongous, Frag: 26% external, 0% internal; Reserve: 103M, Max: 1024K
[57.791s][info][gc,start    ] GC(161) Concurrent class unloading
[57.791s][info][gc,task     ] GC(161) Using 1 of 3 workers for concurrent class unloading
[57.813s][info][gc          ] GC(161) Concurrent class unloading 21.120ms
[57.813s][info][gc,start    ] GC(161) Pause Final Roots
[57.813s][info][gc          ] GC(161) Pause Final Roots 0.057ms
[57.813s][info][gc,ergo     ] Free: 1169M, Max: 1024K regular, 917M humongous, Frag: 21% external, 0% internal; Reserve: 103M, Max: 1024K
[57.813s][info][gc,stats    ] 
[57.813s][info][gc,stats    ] All times are wall-clock times, except per-root-class counters, that are sum over
[57.813s][info][gc,stats    ] all workers. Dividing the <total> over the root stage time estimates parallelism.
[57.813s][info][gc,stats    ] 
[57.813s][info][gc,stats    ] Concurrent Reset                   1788 us
[57.813s][info][gc,stats    ] Pause Init Mark (G)                 430 us
[57.813s][info][gc,stats    ] Pause Init Mark (N)                 173 us
[57.813s][info][gc,stats    ]   Update Region States               48 us
[57.813s][info][gc,stats    ] Concurrent Mark Roots              9664 us, parallelism: 0.97x
[57.813s][info][gc,stats    ]   CMR: <total>                     9342 us
[57.813s][info][gc,stats    ]   CMR: Thread Roots                9121 us, workers (us): 9121, ---, ---, 
[57.813s][info][gc,stats    ]   CMR: VM Strong Roots               29 us, workers (us):  29, ---, ---, 
[57.813s][info][gc,stats    ]   CMR: CLDG Roots                   193 us, workers (us): 193, ---, ---, 
[57.813s][info][gc,stats    ] Concurrent Marking               131160 us
[57.813s][info][gc,stats    ] Pause Final Mark (G)                326 us
[57.813s][info][gc,stats    ] Pause Final Mark (N)                220 us
[57.813s][info][gc,stats    ]   Finish Mark                        52 us
[57.813s][info][gc,stats    ]   Update Region States               43 us
[57.813s][info][gc,stats    ]   Choose Collection Set              42 us
[57.813s][info][gc,stats    ]   Rebuild Free Set                    8 us
[57.813s][info][gc,stats    ] Concurrent Weak References          193 us, parallelism: 0.50x
[57.813s][info][gc,stats    ]   CWRF: <total>                      96 us
[57.813s][info][gc,stats    ]   CWRF: Weak References              96 us, workers (us):  96, ---, ---, 
[57.813s][info][gc,stats    ] Concurrent Weak Roots              3740 us
[57.813s][info][gc,stats    ]   Roots                            3409 us, parallelism: 0.98x
[57.813s][info][gc,stats    ]     CWR: <total>                   3353 us
[57.813s][info][gc,stats    ]     CWR: Code Cache Roots          2904 us, workers (us): 2904, ---, ---, 
[57.813s][info][gc,stats    ]     CWR: VM Weak Roots              386 us, workers (us): 386, ---, ---, 
[57.813s][info][gc,stats    ]     CWR: CLDG Roots                  62 us, workers (us):  62, ---, ---, 
[57.813s][info][gc,stats    ]   Rendezvous                        255 us
[57.813s][info][gc,stats    ] Concurrent Cleanup                   62 us
[57.813s][info][gc,stats    ] Concurrent Class Unloading        21197 us
[57.813s][info][gc,stats    ]   Unlink Stale                    20186 us
[57.813s][info][gc,stats    ]     System Dictionary               236 us
[57.813s][info][gc,stats    ]     Weak Class Links               8249 us
[57.813s][info][gc,stats    ]     Code Roots                    11699 us
[57.813s][info][gc,stats    ]   Rendezvous                        291 us
[57.813s][info][gc,stats    ]   Purge Unlinked                    621 us
[57.813s][info][gc,stats    ]     Code Roots                      594 us
[57.813s][info][gc,stats    ]     CLDG                             27 us
[57.813s][info][gc,stats    ]     Exception Caches                  0 us
[57.813s][info][gc,stats    ] Pause Final Roots (G)               204 us
[57.813s][info][gc,stats    ] Pause Final Roots (N)                75 us
[57.813s][info][gc,stats    ] Pacing                            80206 us
[57.813s][info][gc,stats    ] 
[57.813s][info][gc,stats    ] Allocation pacing accrued:
[57.813s][info][gc,stats    ]       0 of   362 ms (  0.1%): RemoteBlock-temp-file-clean-thread
[57.813s][info][gc,stats    ]      41 of   362 ms ( 11.3%): Executor task launch worker for task 1.0 in stage 100.0 (TID 167)
[57.813s][info][gc,stats    ]      39 of   362 ms ( 10.8%): Executor task launch worker for task 0.0 in stage 100.0 (TID 166)
[57.813s][info][gc,stats    ]      80 of   362 ms ( 22.1%): <total>
[57.813s][info][gc,stats    ]       0 of   362 ms (  0.1%): <average total>
[57.813s][info][gc,stats    ]      27 of   362 ms (  7.4%): <average non-zero>
[57.813s][info][gc,stats    ] 
[57.813s][info][gc,metaspace] Metaspace: 66140K(66944K)->66138K(66944K) NonClass: 57849K(58304K)->57848K(58304K) Class: 8291K(8640K)->8290K(8640K)
[57.813s][info][gc,ergo     ] Pacer for Idle. Initial: 41943K, Alloc Tax Rate: 1.0x
[57.817s][info][gc          ] Trigger: Learning 3 of 5. Free (1156M) is below initial threshold (1433M)
[57.817s][info][gc,ergo     ] Free: 1156M, Max: 1024K regular, 917M humongous, Frag: 20% external, 0% internal; Reserve: 103M, Max: 1024K
[57.817s][info][gc,start    ] GC(162) Concurrent reset
[57.817s][info][gc,task     ] GC(162) Using 1 of 3 workers for concurrent reset
[57.817s][info][gc,ergo     ] GC(162) Pacer for Reset. Non-Taxable: 2048M
[57.818s][info][gc          ] GC(162) Concurrent reset 1.224ms
[57.818s][info][gc,start    ] GC(162) Pause Init Mark (unload classes)
[57.818s][info][gc,task     ] GC(162) Using 3 of 3 workers for init marking
[57.818s][info][gc,ergo     ] GC(162) Pacer for Mark. Expected Live: 171M, Free: 1150M, Non-Taxable: 115M, Alloc Tax Rate: 0.2x
[57.818s][info][gc          ] GC(162) Pause Init Mark (unload classes) 0.225ms
[57.818s][info][gc,start    ] GC(162) Concurrent marking roots
[57.818s][info][gc,task     ] GC(162) Using 1 of 3 workers for concurrent marking roots
[57.827s][info][gc          ] GC(162) Concurrent marking roots 8.517ms
[57.827s][info][gc,start    ] GC(162) Concurrent marking (unload classes)
[57.827s][info][gc,task     ] GC(162) Using 1 of 3 workers for concurrent marking
[57.959s][info][gc          ] GC(162) Concurrent marking (unload classes) 131.693ms
[57.959s][info][gc,start    ] GC(162) Pause Final Mark (unload classes)
[57.959s][info][gc,task     ] GC(162) Using 3 of 3 workers for final marking
[57.959s][info][gc,ergo     ] GC(162) Collectable Garbage: 579M (93%), Immediate: 579M (93%), CSet: 0B (0%)
[57.959s][info][gc          ] GC(162) Pause Final Mark (unload classes) 0.196ms
[57.959s][info][gc,start    ] GC(162) Concurrent weak references
[57.959s][info][gc,task     ] GC(162) Using 1 of 3 workers for concurrent weak references
[57.959s][info][gc,ref      ] GC(162) Encountered references: Soft: 2909, Weak: 5866, Final: 51, Phantom: 579
[57.959s][info][gc,ref      ] GC(162) Discovered  references: Soft: 0, Weak: 782, Final: 0, Phantom: 260
[57.959s][info][gc,ref      ] GC(162) Enqueued    references: Soft: 0, Weak: 16, Final: 0, Phantom: 0
[57.959s][info][gc          ] GC(162) Concurrent weak references 0.154ms
[57.959s][info][gc,start    ] GC(162) Concurrent weak roots
[57.959s][info][gc,task     ] GC(162) Using 1 of 3 workers for concurrent weak root
[57.963s][info][gc          ] GC(162) Concurrent weak roots 3.411ms
[57.963s][info][gc,start    ] GC(162) Concurrent cleanup
[57.963s][info][gc          ] GC(162) Concurrent cleanup 1275M->696M(2048M) 0.084ms
[57.963s][info][gc,ergo     ] GC(162) Free: 1247M, Max: 1024K regular, 649M humongous, Frag: 48% external, 0% internal; Reserve: 103M, Max: 1024K
[57.963s][info][gc,start    ] GC(162) Concurrent class unloading
[57.963s][info][gc,task     ] GC(162) Using 1 of 3 workers for concurrent class unloading
[57.974s][info][gc          ] GC(162) Concurrent class unloading 11.467ms
[57.974s][info][gc,start    ] GC(162) Pause Final Roots
[57.974s][info][gc          ] GC(162) Pause Final Roots 0.025ms
[57.974s][info][gc,ergo     ] Free: 1205M, Max: 1024K regular, 649M humongous, Frag: 46% external, 0% internal; Reserve: 103M, Max: 1024K
[57.974s][info][gc,stats    ] 
[57.974s][info][gc,stats    ] All times are wall-clock times, except per-root-class counters, that are sum over
[57.974s][info][gc,stats    ] all workers. Dividing the <total> over the root stage time estimates parallelism.
[57.974s][info][gc,stats    ] 
[57.974s][info][gc,stats    ] Concurrent Reset                   1242 us
[57.974s][info][gc,stats    ] Pause Init Mark (G)                 383 us
[57.974s][info][gc,stats    ] Pause Init Mark (N)                 245 us
[57.974s][info][gc,stats    ]   Update Region States               49 us
[57.975s][info][gc,stats    ] Concurrent Mark Roots              8561 us, parallelism: 0.98x
[57.975s][info][gc,stats    ]   CMR: <total>                     8357 us
[57.975s][info][gc,stats    ]   CMR: Thread Roots                8202 us, workers (us): 8202, ---, ---, 
[57.975s][info][gc,stats    ]   CMR: VM Strong Roots               19 us, workers (us):  19, ---, ---, 
[57.975s][info][gc,stats    ]   CMR: CLDG Roots                   137 us, workers (us): 137, ---, ---, 
[57.975s][info][gc,stats    ] Concurrent Marking               131760 us
[57.975s][info][gc,stats    ] Pause Final Mark (G)                269 us
[57.975s][info][gc,stats    ] Pause Final Mark (N)                205 us
[57.975s][info][gc,stats    ]   Finish Mark                        72 us
[57.975s][info][gc,stats    ]   Update Region States               36 us
[57.975s][info][gc,stats    ]   Choose Collection Set              26 us
[57.975s][info][gc,stats    ]   Rebuild Free Set                    8 us
[57.975s][info][gc,stats    ] Concurrent Weak References          166 us, parallelism: 0.50x
[57.975s][info][gc,stats    ]   CWRF: <total>                      82 us
[57.975s][info][gc,stats    ]   CWRF: Weak References              82 us, workers (us):  82, ---, ---, 
[57.975s][info][gc,stats    ] Concurrent Weak Roots              3431 us
[57.975s][info][gc,stats    ]   Roots                            3216 us, parallelism: 0.99x
[57.975s][info][gc,stats    ]     CWR: <total>                   3175 us
[57.975s][info][gc,stats    ]     CWR: Code Cache Roots          2792 us, workers (us): 2792, ---, ---, 
[57.975s][info][gc,stats    ]     CWR: VM Weak Roots              334 us, workers (us): 334, ---, ---, 
[57.975s][info][gc,stats    ]     CWR: CLDG Roots                  49 us, workers (us):  49, ---, ---, 
[57.975s][info][gc,stats    ]   Rendezvous                        179 us
[57.975s][info][gc,stats    ] Concurrent Cleanup                  101 us
[57.975s][info][gc,stats    ] Concurrent Class Unloading        11517 us
[57.975s][info][gc,stats    ]   Unlink Stale                    10541 us
[57.975s][info][gc,stats    ]     System Dictionary                67 us
[57.975s][info][gc,stats    ]     Weak Class Links                  0 us
[57.975s][info][gc,stats    ]     Code Roots                    10472 us
[57.975s][info][gc,stats    ]   Rendezvous                        280 us
[57.975s][info][gc,stats    ]   Purge Unlinked                    613 us
[57.975s][info][gc,stats    ]     Code Roots                      607 us
[57.975s][info][gc,stats    ]     CLDG                              6 us
[57.975s][info][gc,stats    ]     Exception Caches                  0 us
[57.975s][info][gc,stats    ] Pause Final Roots (G)               120 us
[57.975s][info][gc,stats    ] Pause Final Roots (N)                34 us
[57.975s][info][gc,stats    ] 
[57.975s][info][gc,stats    ] Allocation pacing accrued:
[57.975s][info][gc,stats    ]       0 of   162 ms (  0.0%): <total>
[57.975s][info][gc,stats    ]       0 of   162 ms (  0.0%): <average total>
[57.975s][info][gc,stats    ] 
[57.975s][info][gc,metaspace] Metaspace: 66138K(66944K)->66138K(66944K) NonClass: 57848K(58304K)->57848K(58304K) Class: 8290K(8640K)->8290K(8640K)
[57.975s][info][gc,ergo     ] Pacer for Idle. Initial: 41943K, Alloc Tax Rate: 1.0x
[57.989s][info][gc          ] Trigger: Learning 4 of 5. Free (1163M) is below initial threshold (1433M)
[57.989s][info][gc,ergo     ] Free: 1163M, Max: 1024K regular, 649M humongous, Frag: 44% external, 0% internal; Reserve: 103M, Max: 1024K
[57.989s][info][gc,start    ] GC(163) Concurrent reset
[57.989s][info][gc,task     ] GC(163) Using 1 of 3 workers for concurrent reset
[57.989s][info][gc,ergo     ] GC(163) Pacer for Reset. Non-Taxable: 2048M
[57.990s][info][gc          ] GC(163) Concurrent reset 1.185ms
[57.991s][info][gc,start    ] GC(163) Pause Init Mark (unload classes)
[57.991s][info][gc,task     ] GC(163) Using 3 of 3 workers for init marking
[57.991s][info][gc,ergo     ] GC(163) Pacer for Mark. Expected Live: 171M, Free: 1163M, Non-Taxable: 116M, Alloc Tax Rate: 0.2x
[57.991s][info][gc          ] GC(163) Pause Init Mark (unload classes) 0.187ms
[57.991s][info][gc,start    ] GC(163) Concurrent marking roots
[57.991s][info][gc,task     ] GC(163) Using 1 of 3 workers for concurrent marking roots
[58.000s][info][gc          ] GC(163) Concurrent marking roots 9.158ms
[58.000s][info][gc,start    ] GC(163) Concurrent marking (unload classes)
[58.000s][info][gc,task     ] GC(163) Using 1 of 3 workers for concurrent marking
[58.131s][info][gc          ] GC(163) Concurrent marking (unload classes) 131.209ms
[58.131s][info][gc,start    ] GC(163) Pause Final Mark (unload classes)
[58.131s][info][gc,task     ] GC(163) Using 3 of 3 workers for final marking
[58.131s][info][gc,ergo     ] GC(163) Collectable Garbage: 567M (93%), Immediate: 567M (93%), CSet: 0B (0%)
[58.131s][info][gc          ] GC(163) Pause Final Mark (unload classes) 0.158ms
[58.132s][info][gc,start    ] GC(163) Concurrent weak references
[58.132s][info][gc,task     ] GC(163) Using 1 of 3 workers for concurrent weak references
[58.132s][info][gc,ref      ] GC(163) Encountered references: Soft: 2909, Weak: 5850, Final: 51, Phantom: 579
[58.132s][info][gc,ref      ] GC(163) Discovered  references: Soft: 0, Weak: 776, Final: 0, Phantom: 260
[58.132s][info][gc,ref      ] GC(163) Enqueued    references: Soft: 0, Weak: 0, Final: 0, Phantom: 0
[58.132s][info][gc          ] GC(163) Concurrent weak references 0.185ms
[58.132s][info][gc,start    ] GC(163) Concurrent weak roots
[58.132s][info][gc,task     ] GC(163) Using 1 of 3 workers for concurrent weak root
[58.135s][info][gc          ] GC(163) Concurrent weak roots 3.565ms
[58.135s][info][gc,start    ] GC(163) Concurrent cleanup
[58.135s][info][gc          ] GC(163) Concurrent cleanup 1214M->647M(2048M) 0.088ms
[58.135s][info][gc,ergo     ] GC(163) Free: 1295M, Max: 1024K regular, 689M humongous, Frag: 47% external, 0% internal; Reserve: 103M, Max: 1024K
[58.135s][info][gc,start    ] GC(163) Concurrent class unloading
[58.136s][info][gc,task     ] GC(163) Using 1 of 3 workers for concurrent class unloading
[58.147s][info][gc          ] GC(163) Concurrent class unloading 11.540ms
[58.147s][info][gc,start    ] GC(163) Pause Final Roots
[58.147s][info][gc          ] GC(163) Pause Final Roots 0.055ms
[58.147s][info][gc,ergo     ] Free: 1253M, Max: 1024K regular, 689M humongous, Frag: 45% external, 0% internal; Reserve: 103M, Max: 1024K
[58.147s][info][gc,stats    ] 
[58.147s][info][gc,stats    ] All times are wall-clock times, except per-root-class counters, that are sum over
[58.147s][info][gc,stats    ] all workers. Dividing the <total> over the root stage time estimates parallelism.
[58.147s][info][gc,stats    ] 
[58.147s][info][gc,stats    ] Concurrent Reset                   1210 us
[58.147s][info][gc,stats    ] Pause Init Mark (G)                 311 us
[58.147s][info][gc,stats    ] Pause Init Mark (N)                 204 us
[58.147s][info][gc,stats    ]   Update Region States               71 us
[58.147s][info][gc,stats    ] Concurrent Mark Roots              9210 us, parallelism: 0.98x
[58.147s][info][gc,stats    ]   CMR: <total>                     8980 us
[58.147s][info][gc,stats    ]   CMR: Thread Roots                8889 us, workers (us): 8889, ---, ---, 
[58.147s][info][gc,stats    ]   CMR: VM Strong Roots               19 us, workers (us):  19, ---, ---, 
[58.147s][info][gc,stats    ]   CMR: CLDG Roots                    71 us, workers (us):  71, ---, ---, 
[58.147s][info][gc,stats    ] Concurrent Marking               131258 us
[58.147s][info][gc,stats    ] Pause Final Mark (G)                248 us
[58.147s][info][gc,stats    ] Pause Final Mark (N)                166 us
[58.147s][info][gc,stats    ]   Finish Mark                        46 us
[58.147s][info][gc,stats    ]   Update Region States               32 us
[58.147s][info][gc,stats    ]   Choose Collection Set              25 us
[58.147s][info][gc,stats    ]   Rebuild Free Set                    8 us
[58.147s][info][gc,stats    ] Concurrent Weak References          192 us, parallelism: 0.48x
[58.147s][info][gc,stats    ]   CWRF: <total>                      92 us
[58.147s][info][gc,stats    ]   CWRF: Weak References              92 us, workers (us):  92, ---, ---, 
[58.147s][info][gc,stats    ] Concurrent Weak Roots              3602 us
[58.147s][info][gc,stats    ]   Roots                            3325 us, parallelism: 0.98x
[58.147s][info][gc,stats    ]     CWR: <total>                   3257 us
[58.148s][info][gc,stats    ]     CWR: Code Cache Roots          2864 us, workers (us): 2864, ---, ---, 
[58.148s][info][gc,stats    ]     CWR: VM Weak Roots              345 us, workers (us): 345, ---, ---, 
[58.148s][info][gc,stats    ]     CWR: CLDG Roots                  48 us, workers (us):  48, ---, ---, 
[58.148s][info][gc,stats    ]   Rendezvous                        223 us
[58.148s][info][gc,stats    ] Concurrent Cleanup                  105 us
[58.148s][info][gc,stats    ] Concurrent Class Unloading        11585 us
[58.148s][info][gc,stats    ]   Unlink Stale                    10646 us
[58.148s][info][gc,stats    ]     System Dictionary                69 us
[58.148s][info][gc,stats    ]     Weak Class Links                  0 us
[58.148s][info][gc,stats    ]     Code Roots                    10573 us
[58.148s][info][gc,stats    ]   Rendezvous                        312 us
[58.148s][info][gc,stats    ]   Purge Unlinked                    549 us
[58.148s][info][gc,stats    ]     Code Roots                      544 us
[58.148s][info][gc,stats    ]     CLDG                              5 us
[58.148s][info][gc,stats    ]     Exception Caches                  0 us
[58.148s][info][gc,stats    ] Pause Final Roots (G)               179 us
[58.148s][info][gc,stats    ] Pause Final Roots (N)                64 us
[58.148s][info][gc,stats    ] Pacing                            37992 us
[58.148s][info][gc,stats    ] 
[58.148s][info][gc,stats    ] Allocation pacing accrued:
[58.148s][info][gc,stats    ]      19 of   173 ms ( 11.0%): Executor task launch worker for task 1.0 in stage 100.0 (TID 167)
[58.148s][info][gc,stats    ]      19 of   173 ms ( 11.0%): Executor task launch worker for task 0.0 in stage 100.0 (TID 166)
[58.148s][info][gc,stats    ]      38 of   173 ms ( 22.0%): <total>
[58.148s][info][gc,stats    ]       0 of   173 ms (  0.1%): <average total>
[58.148s][info][gc,stats    ]      19 of   173 ms ( 11.0%): <average non-zero>
[58.148s][info][gc,stats    ] 
[58.148s][info][gc,metaspace] Metaspace: 66138K(66944K)->66138K(66944K) NonClass: 57848K(58304K)->57848K(58304K) Class: 8290K(8640K)->8290K(8640K)
[58.148s][info][gc,ergo     ] Pacer for Idle. Initial: 41943K, Alloc Tax Rate: 1.0x
[58.162s][info][gc          ] Trigger: Learning 5 of 5. Free (1210M) is below initial threshold (1433M)
[58.162s][info][gc,ergo     ] Free: 1210M, Max: 1024K regular, 689M humongous, Frag: 43% external, 0% internal; Reserve: 103M, Max: 1024K
[58.162s][info][gc,start    ] GC(164) Concurrent reset
[58.162s][info][gc,task     ] GC(164) Using 1 of 3 workers for concurrent reset
[58.162s][info][gc,ergo     ] GC(164) Pacer for Reset. Non-Taxable: 2048M
[58.163s][info][gc          ] GC(164) Concurrent reset 1.132ms
[58.163s][info][gc,start    ] GC(164) Pause Init Mark (unload classes)
[58.163s][info][gc,task     ] GC(164) Using 3 of 3 workers for init marking
[58.163s][info][gc,ergo     ] GC(164) Pacer for Mark. Expected Live: 171M, Free: 1210M, Non-Taxable: 121M, Alloc Tax Rate: 0.2x
[58.163s][info][gc          ] GC(164) Pause Init Mark (unload classes) 0.166ms
[58.163s][info][gc,start    ] GC(164) Concurrent marking roots
[58.163s][info][gc,task     ] GC(164) Using 1 of 3 workers for concurrent marking roots
[58.172s][info][gc          ] GC(164) Concurrent marking roots 8.359ms
[58.172s][info][gc,start    ] GC(164) Concurrent marking (unload classes)
[58.172s][info][gc,task     ] GC(164) Using 1 of 3 workers for concurrent marking
[58.302s][info][gc          ] GC(164) Concurrent marking (unload classes) 130.591ms
[58.303s][info][gc,start    ] GC(164) Pause Final Mark (unload classes)
[58.303s][info][gc,task     ] GC(164) Using 3 of 3 workers for final marking
[58.303s][info][gc,ergo     ] GC(164) Collectable Garbage: 520M (92%), Immediate: 520M (92%), CSet: 0B (0%)
[58.303s][info][gc          ] GC(164) Pause Final Mark (unload classes) 0.378ms
[58.303s][info][gc,start    ] GC(164) Concurrent weak references
[58.303s][info][gc,task     ] GC(164) Using 1 of 3 workers for concurrent weak references
[58.303s][info][gc,ref      ] GC(164) Encountered references: Soft: 2909, Weak: 5846, Final: 51, Phantom: 579
[58.303s][info][gc,ref      ] GC(164) Discovered  references: Soft: 0, Weak: 463, Final: 0, Phantom: 337
[58.303s][info][gc,ref      ] GC(164) Enqueued    references: Soft: 0, Weak: 0, Final: 0, Phantom: 0
[58.303s][info][gc          ] GC(164) Concurrent weak references 0.144ms
[58.303s][info][gc,start    ] GC(164) Concurrent weak roots
[58.303s][info][gc,task     ] GC(164) Using 1 of 3 workers for concurrent weak root
[58.306s][info][gc          ] GC(164) Concurrent weak roots 2.906ms
[58.306s][info][gc,start    ] GC(164) Concurrent cleanup
[58.306s][info][gc          ] GC(164) Concurrent cleanup 1035M->515M(2048M) 0.083ms
[58.306s][info][gc,ergo     ] GC(164) Free: 1422M, Max: 1024K regular, 887M humongous, Frag: 37% external, 0% internal; Reserve: 103M, Max: 1024K
[58.306s][info][gc,start    ] GC(164) Concurrent class unloading
[58.306s][info][gc,task     ] GC(164) Using 1 of 3 workers for concurrent class unloading
[58.317s][info][gc          ] GC(164) Concurrent class unloading 10.871ms
[58.317s][info][gc,start    ] GC(164) Pause Final Roots
[58.317s][info][gc          ] GC(164) Pause Final Roots 0.040ms
[58.317s][info][gc,ergo     ] Free: 1422M, Max: 1024K regular, 887M humongous, Frag: 37% external, 0% internal; Reserve: 103M, Max: 1024K
[58.317s][info][gc,stats    ] 
[58.317s][info][gc,stats    ] All times are wall-clock times, except per-root-class counters, that are sum over
[58.317s][info][gc,stats    ] all workers. Dividing the <total> over the root stage time estimates parallelism.
[58.317s][info][gc,stats    ] 
[58.317s][info][gc,stats    ] Concurrent Reset                   1150 us
[58.317s][info][gc,stats    ] Pause Init Mark (G)                 284 us
[58.317s][info][gc,stats    ] Pause Init Mark (N)                 174 us
[58.317s][info][gc,stats    ]   Update Region States               51 us
[58.317s][info][gc,stats    ] Concurrent Mark Roots              8405 us, parallelism: 0.98x
[58.317s][info][gc,stats    ]   CMR: <total>                     8216 us
[58.317s][info][gc,stats    ]   CMR: Thread Roots                8133 us, workers (us): 8133, ---, ---, 
[58.317s][info][gc,stats    ]   CMR: VM Strong Roots               11 us, workers (us):  11, ---, ---, 
[58.317s][info][gc,stats    ]   CMR: CLDG Roots                    71 us, workers (us):  71, ---, ---, 
[58.317s][info][gc,stats    ] Concurrent Marking               130651 us
[58.317s][info][gc,stats    ] Pause Final Mark (G)                488 us
[58.317s][info][gc,stats    ] Pause Final Mark (N)                398 us
[58.317s][info][gc,stats    ]   Finish Mark                       118 us
[58.317s][info][gc,stats    ]   Update Region States               92 us
[58.317s][info][gc,stats    ]   Choose Collection Set              64 us
[58.317s][info][gc,stats    ]   Rebuild Free Set                   17 us
[58.317s][info][gc,stats    ] Concurrent Weak References          151 us, parallelism: 0.52x
[58.317s][info][gc,stats    ]   CWRF: <total>                      79 us
[58.317s][info][gc,stats    ]   CWRF: Weak References              79 us, workers (us):  79, ---, ---, 
[58.317s][info][gc,stats    ] Concurrent Weak Roots              2934 us
[58.317s][info][gc,stats    ]   Roots                            2690 us, parallelism: 0.98x
[58.317s][info][gc,stats    ]     CWR: <total>                   2645 us
[58.317s][info][gc,stats    ]     CWR: Code Cache Roots          2051 us, workers (us): 2051, ---, ---, 
[58.317s][info][gc,stats    ]     CWR: VM Weak Roots              552 us, workers (us): 552, ---, ---, 
[58.318s][info][gc,stats    ]     CWR: CLDG Roots                  41 us, workers (us):  41, ---, ---, 
[58.318s][info][gc,stats    ]   Rendezvous                        200 us
[58.318s][info][gc,stats    ] Concurrent Cleanup                  101 us
[58.318s][info][gc,stats    ] Concurrent Class Unloading        10916 us
[58.318s][info][gc,stats    ]   Unlink Stale                     9648 us
[58.318s][info][gc,stats    ]     System Dictionary                53 us
[58.318s][info][gc,stats    ]     Weak Class Links                  0 us
[58.318s][info][gc,stats    ]     Code Roots                     9592 us
[58.318s][info][gc,stats    ]   Rendezvous                        240 us
[58.318s][info][gc,stats    ]   Purge Unlinked                    950 us
[58.318s][info][gc,stats    ]     Code Roots                      944 us
[58.318s][info][gc,stats    ]     CLDG                              6 us
[58.318s][info][gc,stats    ]     Exception Caches                  0 us
[58.318s][info][gc,stats    ] Pause Final Roots (G)               120 us
[58.318s][info][gc,stats    ] Pause Final Roots (N)                49 us
[58.318s][info][gc,stats    ] Pacing                            37392 us
[58.318s][info][gc,stats    ] 
[58.318s][info][gc,stats    ] Allocation pacing accrued:
[58.318s][info][gc,stats    ]      19 of   170 ms ( 11.1%): Executor task launch worker for task 0.0 in stage 101.0 (TID 168)
[58.318s][info][gc,stats    ]      19 of   170 ms ( 10.9%): Executor task launch worker for task 1.0 in stage 101.0 (TID 169)
[58.318s][info][gc,stats    ]      37 of   170 ms ( 22.0%): <total>
[58.318s][info][gc,stats    ]       0 of   170 ms (  0.1%): <average total>
[58.318s][info][gc,stats    ]      19 of   170 ms ( 11.0%): <average non-zero>
[58.318s][info][gc,stats    ] 
[58.318s][info][gc,metaspace] Metaspace: 66138K(66944K)->66163K(66944K) NonClass: 57848K(58304K)->57869K(58304K) Class: 8290K(8640K)->8293K(8640K)
[58.318s][info][gc,ergo     ] Pacer for Idle. Initial: 41943K, Alloc Tax Rate: 1.0x
[58.329s][info][gc          ] Trigger: Explicit GC request (System.gc())
[58.329s][info][gc,ergo     ] Free: 1422M, Max: 1024K regular, 887M humongous, Frag: 37% external, 0% internal; Reserve: 103M, Max: 1024K
[58.329s][info][gc,start    ] GC(165) Concurrent reset
[58.329s][info][gc,task     ] GC(165) Using 1 of 3 workers for concurrent reset
[58.329s][info][gc,ergo     ] GC(165) Pacer for Reset. Non-Taxable: 2048M
[58.331s][info][gc          ] GC(165) Concurrent reset 1.583ms
[58.331s][info][gc,start    ] GC(165) Pause Init Mark (unload classes)
[58.331s][info][gc,task     ] GC(165) Using 3 of 3 workers for init marking
[58.331s][info][gc,ref      ] GC(165) Clearing All SoftReferences
[58.331s][info][gc,ergo     ] GC(165) Pacer for Mark. Expected Live: 171M, Free: 1422M, Non-Taxable: 142M, Alloc Tax Rate: 0.1x
[58.331s][info][gc          ] GC(165) Pause Init Mark (unload classes) 0.177ms
[58.331s][info][gc,start    ] GC(165) Concurrent marking roots
[58.331s][info][gc,task     ] GC(165) Using 1 of 3 workers for concurrent marking roots
[58.340s][info][gc          ] GC(165) Concurrent marking roots 8.513ms
[58.340s][info][gc,start    ] GC(165) Concurrent marking (unload classes)
[58.340s][info][gc,task     ] GC(165) Using 1 of 3 workers for concurrent marking
[58.468s][info][gc          ] GC(165) Concurrent marking (unload classes) 128.429ms
[58.468s][info][gc,start    ] GC(165) Pause Final Mark (unload classes)
[58.468s][info][gc,task     ] GC(165) Using 3 of 3 workers for final marking
[58.469s][info][gc,ergo     ] GC(165) Adaptive CSet Selection. Target Free: 290M, Actual Free: 1804M, Max CSet: 87381K, Min Garbage: 0B
[58.469s][info][gc,ergo     ] GC(165) Collectable Garbage: 340M (98%), Immediate: 298M (86%), CSet: 43189K (12%)
[58.469s][info][gc,ergo     ] GC(165) Pacer for Evacuation. Used CSet: 44032K, Free: 1725M, Non-Taxable: 172M, Alloc Tax Rate: 1.1x
[58.469s][info][gc          ] GC(165) Pause Final Mark (unload classes) 0.452ms
[58.469s][info][gc,start    ] GC(165) Concurrent thread roots
[58.469s][info][gc,task     ] GC(165) Using 1 of 3 workers for Concurrent thread roots
[58.478s][info][gc          ] GC(165) Concurrent thread roots 8.877ms
[58.478s][info][gc,start    ] GC(165) Concurrent weak references
[58.478s][info][gc,task     ] GC(165) Using 1 of 3 workers for concurrent weak references
[58.478s][info][gc,ref      ] GC(165) Encountered references: Soft: 2824, Weak: 5850, Final: 51, Phantom: 579
[58.478s][info][gc,ref      ] GC(165) Discovered  references: Soft: 658, Weak: 951, Final: 0, Phantom: 337
[58.478s][info][gc,ref      ] GC(165) Enqueued    references: Soft: 296, Weak: 161, Final: 0, Phantom: 0
[58.478s][info][gc          ] GC(165) Concurrent weak references 0.438ms
[58.478s][info][gc,start    ] GC(165) Concurrent weak roots
[58.478s][info][gc,task     ] GC(165) Using 1 of 3 workers for concurrent weak root
[58.481s][info][gc          ] GC(165) Concurrent weak roots 3.278ms
[58.481s][info][gc,start    ] GC(165) Concurrent cleanup
[58.482s][info][gc          ] GC(165) Concurrent cleanup 529M->232M(2048M) 0.043ms
[58.482s][info][gc,ergo     ] GC(165) Free: 1711M, Max: 1024K regular, 887M humongous, Frag: 48% external, 0% internal; Reserve: 102M, Max: 1024K
[58.482s][info][gc,start    ] GC(165) Concurrent class unloading
[58.482s][info][gc,task     ] GC(165) Using 1 of 3 workers for concurrent class unloading
[58.500s][info][gc          ] GC(165) Concurrent class unloading 18.373ms
[58.500s][info][gc,start    ] GC(165) Concurrent strong roots
[58.500s][info][gc,task     ] GC(165) Using 1 of 3 workers for concurrent strong root
[58.501s][info][gc          ] GC(165) Concurrent strong roots 0.638ms
[58.501s][info][gc,start    ] GC(165) Concurrent evacuation
[58.501s][info][gc,task     ] GC(165) Using 1 of 3 workers for concurrent evacuation
[58.501s][info][gc          ] GC(165) Concurrent evacuation 0.835ms
[58.502s][info][gc,start    ] GC(165) Pause Init Update Refs
[58.502s][info][gc,ergo     ] GC(165) Pacer for Update Refs. Used: 232M, Free: 1711M, Non-Taxable: 171M, Alloc Tax Rate: 1.1x
[58.502s][info][gc          ] GC(165) Pause Init Update Refs 0.068ms
[58.502s][info][gc,start    ] GC(165) Concurrent update references
[58.502s][info][gc,task     ] GC(165) Using 1 of 3 workers for concurrent reference update
[58.564s][info][gc          ] GC(165) Concurrent update references 62.234ms
[58.564s][info][gc,start    ] GC(165) Concurrent update thread roots
[58.571s][info][gc          ] GC(165) Concurrent update thread roots 7.352ms
[58.571s][info][gc,start    ] GC(165) Pause Final Update Refs
[58.571s][info][gc,task     ] GC(165) Using 3 of 3 workers for final reference update
[58.572s][info][gc          ] GC(165) Pause Final Update Refs 0.333ms
[58.572s][info][gc,start    ] GC(165) Concurrent cleanup
[58.572s][info][gc          ] GC(165) Concurrent cleanup 232M->189M(2048M) 0.080ms
[58.572s][info][gc,ergo     ] Free: 1753M, Max: 1024K regular, 1388M humongous, Frag: 20% external, 0% internal; Reserve: 103M, Max: 1024K
[58.572s][info][gc,stats    ] 
[58.572s][info][gc,stats    ] All times are wall-clock times, except per-root-class counters, that are sum over
[58.572s][info][gc,stats    ] all workers. Dividing the <total> over the root stage time estimates parallelism.
[58.572s][info][gc,stats    ] 
[58.572s][info][gc,stats    ] Concurrent Reset                   1663 us
[58.572s][info][gc,stats    ] Pause Init Mark (G)                 262 us
[58.572s][info][gc,stats    ] Pause Init Mark (N)                 185 us
[58.572s][info][gc,stats    ]   Update Region States               95 us
[58.572s][info][gc,stats    ] Concurrent Mark Roots              8562 us, parallelism: 0.97x
[58.572s][info][gc,stats    ]   CMR: <total>                     8286 us
[58.572s][info][gc,stats    ]   CMR: Thread Roots                8122 us, workers (us): 8122, ---, ---, 
[58.572s][info][gc,stats    ]   CMR: VM Strong Roots               23 us, workers (us):  23, ---, ---, 
[58.572s][info][gc,stats    ]   CMR: CLDG Roots                   141 us, workers (us): 141, ---, ---, 
[58.572s][info][gc,stats    ] Concurrent Marking               128506 us
[58.572s][info][gc,stats    ] Pause Final Mark (G)                548 us
[58.572s][info][gc,stats    ] Pause Final Mark (N)                461 us
[58.572s][info][gc,stats    ]   Finish Mark                       260 us
[58.572s][info][gc,stats    ]   Update Region States               50 us
[58.572s][info][gc,stats    ]   Choose Collection Set              56 us
[58.572s][info][gc,stats    ]   Rebuild Free Set                    8 us
[58.572s][info][gc,stats    ] Concurrent Thread Roots            8931 us, parallelism: 0.97x
[58.572s][info][gc,stats    ]   CTR: <total>                     8650 us
[58.572s][info][gc,stats    ]   CTR: Thread Roots                8650 us, workers (us): 8650, ---, ---, 
[58.572s][info][gc,stats    ] Concurrent Weak References          453 us, parallelism: 0.67x
[58.572s][info][gc,stats    ]   CWRF: <total>                     304 us
[58.572s][info][gc,stats    ]   CWRF: Weak References             304 us, workers (us): 304, ---, ---, 
[58.572s][info][gc,stats    ] Concurrent Weak Roots              3320 us
[58.572s][info][gc,stats    ]   Roots                            3095 us, parallelism: 0.98x
[58.572s][info][gc,stats    ]     CWR: <total>                   3032 us
[58.572s][info][gc,stats    ]     CWR: Code Cache Roots          2521 us, workers (us): 2521, ---, ---, 
[58.572s][info][gc,stats    ]     CWR: VM Weak Roots              463 us, workers (us): 463, ---, ---, 
[58.572s][info][gc,stats    ]     CWR: CLDG Roots                  48 us, workers (us):  48, ---, ---, 
[58.572s][info][gc,stats    ]   Rendezvous                        165 us
[58.572s][info][gc,stats    ] Concurrent Cleanup                   51 us
[58.572s][info][gc,stats    ] Concurrent Class Unloading        18436 us
[58.572s][info][gc,stats    ]   Unlink Stale                    17048 us
[58.572s][info][gc,stats    ]     System Dictionary               668 us
[58.572s][info][gc,stats    ]     Weak Class Links               6171 us
[58.572s][info][gc,stats    ]     Code Roots                    10207 us
[58.572s][info][gc,stats    ]   Rendezvous                        237 us
[58.572s][info][gc,stats    ]   Purge Unlinked                   1066 us
[58.572s][info][gc,stats    ]     Code Roots                      655 us
[58.572s][info][gc,stats    ]     CLDG                            410 us
[58.572s][info][gc,stats    ]     Exception Caches                  0 us
[58.572s][info][gc,stats    ] Concurrent Strong Roots             661 us, parallelism: 0.48x
[58.572s][info][gc,stats    ]   CSR: <total>                      319 us
[58.572s][info][gc,stats    ]   CSR: VM Strong Roots               17 us, workers (us):  17, ---, ---, 
[58.572s][info][gc,stats    ]   CSR: CLDG Roots                   303 us, workers (us): 303, ---, ---, 
[58.572s][info][gc,stats    ] Concurrent Evacuation               859 us
[58.572s][info][gc,stats    ] Pause Init Update Refs (G)          155 us
[58.572s][info][gc,stats    ] Pause Init Update Refs (N)           76 us
[58.572s][info][gc,stats    ]   Manage GCLABs                      14 us
[58.572s][info][gc,stats    ] Concurrent Update Refs            62293 us
[58.572s][info][gc,stats    ] Concurrent Update Thread Roots     7402 us
[58.572s][info][gc,stats    ] Pause Final Update Refs (G)         434 us
[58.572s][info][gc,stats    ] Pause Final Update Refs (N)         344 us
[58.572s][info][gc,stats    ]   Update Region States              254 us
[58.572s][info][gc,stats    ]   Trash Collection Set                3 us
[58.572s][info][gc,stats    ]   Rebuild Free Set                   22 us
[58.572s][info][gc,stats    ] Concurrent Cleanup                  107 us
[58.572s][info][gc,stats    ] 
[58.572s][info][gc,stats    ] Allocation pacing accrued:
[58.572s][info][gc,stats    ]       0 of   255 ms (  0.0%): <total>
[58.572s][info][gc,stats    ]       0 of   255 ms (  0.0%): <average total>
[58.572s][info][gc,stats    ] 
[58.573s][info][gc,metaspace] Metaspace: 66163K(66944K)->65840K(66944K) NonClass: 57869K(58304K)->57601K(58304K) Class: 8293K(8640K)->8239K(8640K)
[58.573s][info][gc,ergo     ] Pacer for Idle. Initial: 41943K, Alloc Tax Rate: 1.0x
[58.755s][info][gc          ] Trigger: Learning 2 of 5. Free (1391M) is below initial threshold (1433M)
[58.755s][info][gc,ergo     ] Free: 1391M, Max: 1024K regular, 1372M humongous, Frag: 0% external, 0% internal; Reserve: 103M, Max: 1024K
[58.755s][info][gc,start    ] GC(166) Concurrent reset
[58.755s][info][gc,task     ] GC(166) Using 1 of 3 workers for concurrent reset
[58.755s][info][gc,ergo     ] GC(166) Pacer for Reset. Non-Taxable: 2048M
[58.756s][info][gc          ] GC(166) Concurrent reset 1.095ms
[58.756s][info][gc,start    ] GC(166) Pause Init Mark (unload classes)
[58.756s][info][gc,task     ] GC(166) Using 3 of 3 workers for init marking
[58.756s][info][gc,ergo     ] GC(166) Pacer for Mark. Expected Live: 171M, Free: 1387M, Non-Taxable: 138M, Alloc Tax Rate: 0.2x
[58.756s][info][gc          ] GC(166) Pause Init Mark (unload classes) 0.147ms
[58.756s][info][gc,start    ] GC(166) Concurrent marking roots
[58.756s][info][gc,task     ] GC(166) Using 1 of 3 workers for concurrent marking roots
[58.765s][info][gc          ] GC(166) Concurrent marking roots 8.602ms
[58.765s][info][gc,start    ] GC(166) Concurrent marking (unload classes)
[58.765s][info][gc,task     ] GC(166) Using 1 of 3 workers for concurrent marking
[58.896s][info][gc          ] GC(166) Concurrent marking (unload classes) 131.262ms
[58.897s][info][gc,start    ] GC(166) Pause Final Mark (unload classes)
[58.897s][info][gc,task     ] GC(166) Using 3 of 3 workers for final marking
[58.897s][info][gc,ergo     ] GC(166) Adaptive CSet Selection. Target Free: 290M, Actual Free: 1339M, Max CSet: 87381K, Min Garbage: 0B
[58.897s][info][gc,ergo     ] GC(166) Collectable Garbage: 375M (98%), Immediate: 334M (88%), CSet: 41547K (10%)
[58.897s][info][gc,ergo     ] GC(166) Pacer for Evacuation. Used CSet: 43550K, Free: 1259M, Non-Taxable: 125M, Alloc Tax Rate: 1.1x
[58.897s][info][gc          ] GC(166) Pause Final Mark (unload classes) 0.450ms
[58.897s][info][gc,start    ] GC(166) Concurrent thread roots
[58.897s][info][gc,task     ] GC(166) Using 1 of 3 workers for Concurrent thread roots
[58.906s][info][gc          ] GC(166) Concurrent thread roots 8.592ms
[58.906s][info][gc,start    ] GC(166) Concurrent weak references
[58.906s][info][gc,task     ] GC(166) Using 1 of 3 workers for concurrent weak references
[58.906s][info][gc,ref      ] GC(166) Encountered references: Soft: 2909, Weak: 5974, Final: 51, Phantom: 579
[58.906s][info][gc,ref      ] GC(166) Discovered  references: Soft: 0, Weak: 868, Final: 0, Phantom: 260
[58.906s][info][gc,ref      ] GC(166) Enqueued    references: Soft: 0, Weak: 95, Final: 0, Phantom: 0
[58.906s][info][gc          ] GC(166) Concurrent weak references 0.309ms
[58.906s][info][gc,start    ] GC(166) Concurrent weak roots
[58.906s][info][gc,task     ] GC(166) Using 1 of 3 workers for concurrent weak root
[58.910s][info][gc          ] GC(166) Concurrent weak roots 4.299ms
[58.910s][info][gc,start    ] GC(166) Concurrent cleanup
[58.910s][info][gc          ] GC(166) Concurrent cleanup 1062M->728M(2048M) 0.075ms
[58.910s][info][gc,ergo     ] GC(166) Free: 1215M, Max: 1024K regular, 858M humongous, Frag: 29% external, 0% internal; Reserve: 102M, Max: 1024K
[58.910s][info][gc,start    ] GC(166) Concurrent class unloading
[58.910s][info][gc,task     ] GC(166) Using 1 of 3 workers for concurrent class unloading
[58.930s][info][gc          ] GC(166) Concurrent class unloading 19.732ms
[58.930s][info][gc,start    ] GC(166) Concurrent strong roots
[58.930s][info][gc,task     ] GC(166) Using 1 of 3 workers for concurrent strong root
[58.931s][info][gc          ] GC(166) Concurrent strong roots 0.374ms
[58.931s][info][gc,start    ] GC(166) Concurrent evacuation
[58.931s][info][gc,task     ] GC(166) Using 1 of 3 workers for concurrent evacuation
[58.932s][info][gc          ] GC(166) Concurrent evacuation 1.471ms
[58.932s][info][gc,start    ] GC(166) Pause Init Update Refs
[58.932s][info][gc,ergo     ] GC(166) Pacer for Update Refs. Used: 788M, Free: 1157M, Non-Taxable: 115M, Alloc Tax Rate: 1.1x
[58.932s][info][gc          ] GC(166) Pause Init Update Refs 0.069ms
[58.932s][info][gc,start    ] GC(166) Concurrent update references
[58.932s][info][gc,task     ] GC(166) Using 1 of 3 workers for concurrent reference update
[59.117s][info][gc          ] GC(166) Concurrent update references 184.781ms
[59.117s][info][gc,start    ] GC(166) Concurrent update thread roots
[59.126s][info][gc          ] GC(166) Concurrent update thread roots 8.260ms
[59.126s][info][gc,start    ] GC(166) Pause Final Update Refs
[59.126s][info][gc,task     ] GC(166) Using 3 of 3 workers for final reference update
[59.126s][info][gc          ] GC(166) Pause Final Update Refs 0.130ms
[59.126s][info][gc,start    ] GC(166) Concurrent cleanup
[59.126s][info][gc          ] GC(166) Concurrent cleanup 1321M->1279M(2048M) 0.065ms
[59.126s][info][gc,ergo     ] Free: 664M, Max: 1024K regular, 602M humongous, Frag: 7% external, 0% internal; Reserve: 103M, Max: 1024K
[59.126s][info][gc,stats    ] 
[59.126s][info][gc,stats    ] All times are wall-clock times, except per-root-class counters, that are sum over
[59.126s][info][gc,stats    ] all workers. Dividing the <total> over the root stage time estimates parallelism.
[59.126s][info][gc,stats    ] 
[59.126s][info][gc,stats    ] Concurrent Reset                   1176 us
[59.126s][info][gc,stats    ] Pause Init Mark (G)                 358 us
[59.126s][info][gc,stats    ] Pause Init Mark (N)                 156 us
[59.126s][info][gc,stats    ]   Update Region States               69 us
[59.126s][info][gc,stats    ] Concurrent Mark Roots              8655 us, parallelism: 0.97x
[59.126s][info][gc,stats    ]   CMR: <total>                     8410 us
[59.126s][info][gc,stats    ]   CMR: Thread Roots                8300 us, workers (us): 8300, ---, ---, 
[59.126s][info][gc,stats    ]   CMR: VM Strong Roots               18 us, workers (us):  18, ---, ---, 
[59.126s][info][gc,stats    ]   CMR: CLDG Roots                    92 us, workers (us):  92, ---, ---, 
[59.126s][info][gc,stats    ] Concurrent Marking               131344 us
[59.126s][info][gc,stats    ] Pause Final Mark (G)                564 us
[59.126s][info][gc,stats    ] Pause Final Mark (N)                467 us
[59.126s][info][gc,stats    ]   Finish Mark                        82 us
[59.126s][info][gc,stats    ]   Update Region States               43 us
[59.126s][info][gc,stats    ]   Choose Collection Set             141 us
[59.126s][info][gc,stats    ]   Rebuild Free Set                   17 us
[59.126s][info][gc,stats    ] Concurrent Thread Roots            8619 us, parallelism: 0.99x
[59.126s][info][gc,stats    ]   CTR: <total>                     8510 us
[59.126s][info][gc,stats    ]   CTR: Thread Roots                8510 us, workers (us): 8510, ---, ---, 
[59.126s][info][gc,stats    ] Concurrent Weak References          326 us, parallelism: 0.44x
[59.126s][info][gc,stats    ]   CWRF: <total>                     142 us
[59.126s][info][gc,stats    ]   CWRF: Weak References             142 us, workers (us): 142, ---, ---, 
[59.126s][info][gc,stats    ] Concurrent Weak Roots              4349 us
[59.126s][info][gc,stats    ]   Roots                            4053 us, parallelism: 0.97x
[59.126s][info][gc,stats    ]     CWR: <total>                   3937 us
[59.126s][info][gc,stats    ]     CWR: Code Cache Roots          2879 us, workers (us): 2879, ---, ---, 
[59.126s][info][gc,stats    ]     CWR: VM Weak Roots              994 us, workers (us): 994, ---, ---, 
[59.126s][info][gc,stats    ]     CWR: CLDG Roots                  64 us, workers (us):  64, ---, ---, 
[59.126s][info][gc,stats    ]   Rendezvous                        211 us
[59.126s][info][gc,stats    ] Concurrent Cleanup                   93 us
[59.126s][info][gc,stats    ] Concurrent Class Unloading        19790 us
[59.126s][info][gc,stats    ]   Unlink Stale                    18886 us
[59.126s][info][gc,stats    ]     System Dictionary               247 us
[59.126s][info][gc,stats    ]     Weak Class Links               7594 us
[59.126s][info][gc,stats    ]     Code Roots                    11042 us
[59.126s][info][gc,stats    ]   Rendezvous                        217 us
[59.126s][info][gc,stats    ]   Purge Unlinked                    593 us
[59.126s][info][gc,stats    ]     Code Roots                      575 us
[59.126s][info][gc,stats    ]     CLDG                             17 us
[59.126s][info][gc,stats    ]     Exception Caches                  0 us
[59.126s][info][gc,stats    ] Concurrent Strong Roots             395 us, parallelism: 0.68x
[59.126s][info][gc,stats    ]   CSR: <total>                      268 us
[59.126s][info][gc,stats    ]   CSR: VM Strong Roots               16 us, workers (us):  16, ---, ---, 
[59.126s][info][gc,stats    ]   CSR: CLDG Roots                   252 us, workers (us): 252, ---, ---, 
[59.126s][info][gc,stats    ] Concurrent Evacuation              1516 us
[59.126s][info][gc,stats    ] Pause Init Update Refs (G)          231 us
[59.126s][info][gc,stats    ] Pause Init Update Refs (N)           78 us
[59.126s][info][gc,stats    ]   Manage GCLABs                      12 us
[59.126s][info][gc,stats    ] Concurrent Update Refs           184852 us
[59.126s][info][gc,stats    ] Concurrent Update Thread Roots     8311 us
[59.126s][info][gc,stats    ] Pause Final Update Refs (G)         258 us
[59.126s][info][gc,stats    ] Pause Final Update Refs (N)         140 us
[59.126s][info][gc,stats    ]   Update Region States               58 us
[59.126s][info][gc,stats    ]   Trash Collection Set                2 us
[59.126s][info][gc,stats    ]   Rebuild Free Set                    9 us
[59.126s][info][gc,stats    ] Concurrent Cleanup                   85 us
[59.126s][info][gc,stats    ] Pacing                            49504 us
[59.126s][info][gc,stats    ] 
[59.126s][info][gc,stats    ] Allocation pacing accrued:
[59.126s][info][gc,stats    ]      17 of   554 ms (  3.1%): Executor task launch worker for task 0.0 in stage 103.0 (TID 171)
[59.126s][info][gc,stats    ]      33 of   554 ms (  5.9%): Executor task launch worker for task 1.0 in stage 103.0 (TID 172)
[59.127s][info][gc,stats    ]      50 of   554 ms (  8.9%): <total>
[59.127s][info][gc,stats    ]       0 of   554 ms (  0.0%): <average total>
[59.127s][info][gc,stats    ]      25 of   554 ms (  4.5%): <average non-zero>
[59.127s][info][gc,stats    ] 
[59.127s][info][gc,metaspace] Metaspace: 66182K(66944K)->66185K(66944K) NonClass: 57891K(58304K)->57895K(58304K) Class: 8291K(8640K)->8290K(8640K)
[59.127s][info][gc,ergo     ] Pacer for Idle. Initial: 41943K, Alloc Tax Rate: 1.0x
[59.134s][info][gc          ] Trigger: Learning 3 of 5. Free (634M) is below initial threshold (1433M)
[59.134s][info][gc,ergo     ] Free: 634M, Max: 1024K regular, 602M humongous, Frag: 2% external, 0% internal; Reserve: 103M, Max: 1024K
[59.134s][info][gc,start    ] GC(167) Concurrent reset
[59.134s][info][gc,task     ] GC(167) Using 1 of 3 workers for concurrent reset
[59.134s][info][gc,ergo     ] GC(167) Pacer for Reset. Non-Taxable: 2048M
[59.135s][info][gc          ] GC(167) Concurrent reset 1.167ms
[59.135s][info][gc,start    ] GC(167) Pause Init Mark (unload classes)
[59.136s][info][gc,task     ] GC(167) Using 3 of 3 workers for init marking
[59.136s][info][gc,ergo     ] GC(167) Pacer for Mark. Expected Live: 171M, Free: 630M, Non-Taxable: 64512K, Alloc Tax Rate: 0.3x
[59.136s][info][gc          ] GC(167) Pause Init Mark (unload classes) 0.143ms
[59.136s][info][gc,start    ] GC(167) Concurrent marking roots
[59.136s][info][gc,task     ] GC(167) Using 1 of 3 workers for concurrent marking roots
[59.144s][info][gc          ] GC(167) Concurrent marking roots 8.488ms
[59.144s][info][gc,start    ] GC(167) Concurrent marking (unload classes)
[59.144s][info][gc,task     ] GC(167) Using 1 of 3 workers for concurrent marking
[59.274s][info][gc          ] GC(167) Concurrent marking (unload classes) 129.620ms
[59.274s][info][gc,start    ] GC(167) Pause Final Mark (unload classes)
[59.274s][info][gc,task     ] GC(167) Using 3 of 3 workers for final marking
[59.274s][info][gc,ergo     ] GC(167) Collectable Garbage: 1122M (98%), Immediate: 1122M (98%), CSet: 0B (0%)
[59.274s][info][gc          ] GC(167) Pause Final Mark (unload classes) 0.249ms
[59.274s][info][gc,start    ] GC(167) Concurrent weak references
[59.274s][info][gc,task     ] GC(167) Using 1 of 3 workers for concurrent weak references
[59.274s][info][gc,ref      ] GC(167) Encountered references: Soft: 2909, Weak: 5880, Final: 51, Phantom: 579
[59.274s][info][gc,ref      ] GC(167) Discovered  references: Soft: 0, Weak: 790, Final: 0, Phantom: 260
[59.275s][info][gc,ref      ] GC(167) Enqueued    references: Soft: 0, Weak: 21, Final: 0, Phantom: 0
[59.275s][info][gc          ] GC(167) Concurrent weak references 0.201ms
[59.275s][info][gc,start    ] GC(167) Concurrent weak roots
[59.275s][info][gc,task     ] GC(167) Using 1 of 3 workers for concurrent weak root
[59.278s][info][gc          ] GC(167) Concurrent weak roots 3.943ms
[59.279s][info][gc,start    ] GC(167) Concurrent cleanup
[59.279s][info][gc          ] GC(167) Concurrent cleanup 1677M->555M(2048M) 0.142ms
[59.279s][info][gc,ergo     ] GC(167) Free: 1387M, Max: 1024K regular, 491M humongous, Frag: 65% external, 0% internal; Reserve: 103M, Max: 1024K
[59.279s][info][gc,start    ] GC(167) Concurrent class unloading
[59.279s][info][gc,task     ] GC(167) Using 1 of 3 workers for concurrent class unloading
[59.290s][info][gc          ] GC(167) Concurrent class unloading 11.488ms
[59.290s][info][gc,start    ] GC(167) Pause Final Roots
[59.290s][info][gc          ] GC(167) Pause Final Roots 0.057ms
[59.291s][info][gc,ergo     ] Free: 1344M, Max: 1024K regular, 491M humongous, Frag: 63% external, 0% internal; Reserve: 103M, Max: 1024K
[59.291s][info][gc,stats    ] 
[59.291s][info][gc,stats    ] All times are wall-clock times, except per-root-class counters, that are sum over
[59.291s][info][gc,stats    ] all workers. Dividing the <total> over the root stage time estimates parallelism.
[59.291s][info][gc,stats    ] 
[59.291s][info][gc,stats    ] Concurrent Reset                   1201 us
[59.291s][info][gc,stats    ] Pause Init Mark (G)                 268 us
[59.291s][info][gc,stats    ] Pause Init Mark (N)                 159 us
[59.291s][info][gc,stats    ]   Update Region States               52 us
[59.291s][info][gc,stats    ] Concurrent Mark Roots              8555 us, parallelism: 0.97x
[59.291s][info][gc,stats    ]   CMR: <total>                     8274 us
[59.291s][info][gc,stats    ]   CMR: Thread Roots                8094 us, workers (us): 8094, ---, ---, 
[59.291s][info][gc,stats    ]   CMR: VM Strong Roots               25 us, workers (us):  25, ---, ---, 
[59.291s][info][gc,stats    ]   CMR: CLDG Roots                   155 us, workers (us): 155, ---, ---, 
[59.291s][info][gc,stats    ] Concurrent Marking               129698 us
[59.291s][info][gc,stats    ] Pause Final Mark (G)                341 us
[59.291s][info][gc,stats    ] Pause Final Mark (N)                258 us
[59.291s][info][gc,stats    ]   Finish Mark                        98 us
[59.291s][info][gc,stats    ]   Update Region States               47 us
[59.291s][info][gc,stats    ]   Choose Collection Set              30 us
[59.291s][info][gc,stats    ]   Rebuild Free Set                    8 us
[59.291s][info][gc,stats    ] Concurrent Weak References          208 us, parallelism: 0.22x
[59.291s][info][gc,stats    ]   CWRF: <total>                      46 us
[59.291s][info][gc,stats    ]   CWRF: Weak References              46 us, workers (us):  46, ---, ---, 
[59.291s][info][gc,stats    ] Concurrent Weak Roots              4008 us
[59.291s][info][gc,stats    ]   Roots                            3762 us, parallelism: 0.96x
[59.291s][info][gc,stats    ]     CWR: <total>                   3629 us
[59.291s][info][gc,stats    ]     CWR: Code Cache Roots          2920 us, workers (us): 2920, ---, ---, 
[59.291s][info][gc,stats    ]     CWR: VM Weak Roots              647 us, workers (us): 647, ---, ---, 
[59.291s][info][gc,stats    ]     CWR: CLDG Roots                  61 us, workers (us):  61, ---, ---, 
[59.291s][info][gc,stats    ]   Rendezvous                        161 us
[59.291s][info][gc,stats    ] Concurrent Cleanup                  160 us
[59.291s][info][gc,stats    ] Concurrent Class Unloading        11563 us
[59.291s][info][gc,stats    ]   Unlink Stale                    10578 us
[59.291s][info][gc,stats    ]     System Dictionary                64 us
[59.291s][info][gc,stats    ]     Weak Class Links                  0 us
[59.291s][info][gc,stats    ]     Code Roots                    10512 us
[59.291s][info][gc,stats    ]   Rendezvous                        158 us
[59.291s][info][gc,stats    ]   Purge Unlinked                    712 us
[59.291s][info][gc,stats    ]     Code Roots                      701 us
[59.291s][info][gc,stats    ]     CLDG                             10 us
[59.291s][info][gc,stats    ]     Exception Caches                  1 us
[59.291s][info][gc,stats    ] Pause Final Roots (G)               245 us
[59.291s][info][gc,stats    ] Pause Final Roots (N)                76 us
[59.291s][info][gc,stats    ] Pacing                            66116 us
[59.291s][info][gc,stats    ] 
[59.291s][info][gc,stats    ] Allocation pacing accrued:
[59.291s][info][gc,stats    ]      37 of   164 ms ( 22.3%): Executor task launch worker for task 0.0 in stage 103.0 (TID 171)
[59.291s][info][gc,stats    ]      30 of   164 ms ( 18.0%): Executor task launch worker for task 1.0 in stage 103.0 (TID 172)
[59.291s][info][gc,stats    ]      66 of   164 ms ( 40.2%): <total>
[59.291s][info][gc,stats    ]       0 of   164 ms (  0.2%): <average total>
[59.291s][info][gc,stats    ]      33 of   164 ms ( 20.1%): <average non-zero>
[59.291s][info][gc,stats    ] 
[59.291s][info][gc,metaspace] Metaspace: 66185K(66944K)->66185K(66944K) NonClass: 57895K(58304K)->57895K(58304K) Class: 8290K(8640K)->8290K(8640K)
[59.291s][info][gc,ergo     ] Pacer for Idle. Initial: 41943K, Alloc Tax Rate: 1.0x
[59.307s][info][gc          ] Trigger: Learning 4 of 5. Free (1302M) is below initial threshold (1433M)
[59.307s][info][gc,ergo     ] Free: 1302M, Max: 1024K regular, 491M humongous, Frag: 62% external, 0% internal; Reserve: 103M, Max: 1024K
[59.307s][info][gc,start    ] GC(168) Concurrent reset
[59.307s][info][gc,task     ] GC(168) Using 1 of 3 workers for concurrent reset
[59.307s][info][gc,ergo     ] GC(168) Pacer for Reset. Non-Taxable: 2048M
[59.308s][info][gc          ] GC(168) Concurrent reset 1.212ms
[59.308s][info][gc,start    ] GC(168) Pause Init Mark (unload classes)
[59.308s][info][gc,task     ] GC(168) Using 3 of 3 workers for init marking
[59.308s][info][gc,ergo     ] GC(168) Pacer for Mark. Expected Live: 171M, Free: 1302M, Non-Taxable: 130M, Alloc Tax Rate: 0.2x
[59.308s][info][gc          ] GC(168) Pause Init Mark (unload classes) 0.192ms
[59.308s][info][gc,start    ] GC(168) Concurrent marking roots
[59.308s][info][gc,task     ] GC(168) Using 1 of 3 workers for concurrent marking roots
[59.317s][info][gc          ] GC(168) Concurrent marking roots 9.069ms
[59.317s][info][gc,start    ] GC(168) Concurrent marking (unload classes)
[59.317s][info][gc,task     ] GC(168) Using 1 of 3 workers for concurrent marking
[59.447s][info][gc          ] GC(168) Concurrent marking (unload classes) 129.777ms
[59.447s][info][gc,start    ] GC(168) Pause Final Mark (unload classes)
[59.447s][info][gc,task     ] GC(168) Using 3 of 3 workers for final marking
[59.448s][info][gc,ergo     ] GC(168) Collectable Garbage: 449M (95%), Immediate: 449M (95%), CSet: 0B (0%)
[59.448s][info][gc          ] GC(168) Pause Final Mark (unload classes) 0.311ms
[59.448s][info][gc,start    ] GC(168) Concurrent weak references
[59.448s][info][gc,task     ] GC(168) Using 1 of 3 workers for concurrent weak references
[59.448s][info][gc,ref      ] GC(168) Encountered references: Soft: 2909, Weak: 5855, Final: 51, Phantom: 579
[59.448s][info][gc,ref      ] GC(168) Discovered  references: Soft: 0, Weak: 509, Final: 0, Phantom: 337
[59.448s][info][gc,ref      ] GC(168) Enqueued    references: Soft: 0, Weak: 0, Final: 0, Phantom: 0
[59.448s][info][gc          ] GC(168) Concurrent weak references 0.160ms
[59.448s][info][gc,start    ] GC(168) Concurrent weak roots
[59.448s][info][gc,task     ] GC(168) Using 1 of 3 workers for concurrent weak root
[59.451s][info][gc          ] GC(168) Concurrent weak roots 3.361ms
[59.451s][info][gc,start    ] GC(168) Concurrent cleanup
[59.451s][info][gc          ] GC(168) Concurrent cleanup 1003M->553M(2048M) 0.051ms
[59.451s][info][gc,ergo     ] GC(168) Free: 1384M, Max: 1024K regular, 418M humongous, Frag: 70% external, 0% internal; Reserve: 103M, Max: 1024K
[59.451s][info][gc,start    ] GC(168) Concurrent class unloading
[59.451s][info][gc,task     ] GC(168) Using 1 of 3 workers for concurrent class unloading
[59.462s][info][gc          ] GC(168) Concurrent class unloading 10.373ms
[59.462s][info][gc,start    ] GC(168) Pause Final Roots
[59.462s][info][gc          ] GC(168) Pause Final Roots 0.046ms
[59.462s][info][gc,ergo     ] Free: 1384M, Max: 1024K regular, 418M humongous, Frag: 70% external, 0% internal; Reserve: 103M, Max: 1024K
[59.462s][info][gc,stats    ] 
[59.462s][info][gc,stats    ] All times are wall-clock times, except per-root-class counters, that are sum over
[59.462s][info][gc,stats    ] all workers. Dividing the <total> over the root stage time estimates parallelism.
[59.462s][info][gc,stats    ] 
[59.462s][info][gc,stats    ] Concurrent Reset                   1234 us
[59.462s][info][gc,stats    ] Pause Init Mark (G)                 313 us
[59.462s][info][gc,stats    ] Pause Init Mark (N)                 209 us
[59.462s][info][gc,stats    ]   Update Region States               66 us
[59.462s][info][gc,stats    ] Concurrent Mark Roots              9120 us, parallelism: 0.97x
[59.462s][info][gc,stats    ]   CMR: <total>                     8891 us
[59.462s][info][gc,stats    ]   CMR: Thread Roots                8784 us, workers (us): 8784, ---, ---, 
[59.462s][info][gc,stats    ]   CMR: VM Strong Roots               19 us, workers (us):  19, ---, ---, 
[59.462s][info][gc,stats    ]   CMR: CLDG Roots                    89 us, workers (us):  89, ---, ---, 
[59.462s][info][gc,stats    ] Concurrent Marking               129814 us
[59.462s][info][gc,stats    ] Pause Final Mark (G)                476 us
[59.462s][info][gc,stats    ] Pause Final Mark (N)                331 us
[59.462s][info][gc,stats    ]   Finish Mark                        61 us
[59.462s][info][gc,stats    ]   Update Region States               50 us
[59.462s][info][gc,stats    ]   Choose Collection Set             111 us
[59.462s][info][gc,stats    ]   Rebuild Free Set                   17 us
[59.462s][info][gc,stats    ] Concurrent Weak References          167 us, parallelism: 0.37x
[59.462s][info][gc,stats    ]   CWRF: <total>                      62 us
[59.462s][info][gc,stats    ]   CWRF: Weak References              62 us, workers (us):  62, ---, ---, 
[59.462s][info][gc,stats    ] Concurrent Weak Roots              3415 us
[59.462s][info][gc,stats    ]   Roots                            3156 us, parallelism: 0.99x
[59.462s][info][gc,stats    ]     CWR: <total>                   3110 us
[59.462s][info][gc,stats    ]     CWR: Code Cache Roots          2743 us, workers (us): 2743, ---, ---, 
[59.462s][info][gc,stats    ]     CWR: VM Weak Roots              322 us, workers (us): 322, ---, ---, 
[59.462s][info][gc,stats    ]     CWR: CLDG Roots                  45 us, workers (us):  45, ---, ---, 
[59.462s][info][gc,stats    ]   Rendezvous                        186 us
[59.462s][info][gc,stats    ] Concurrent Cleanup                   60 us
[59.462s][info][gc,stats    ] Concurrent Class Unloading        10448 us
[59.462s][info][gc,stats    ]   Unlink Stale                     9337 us
[59.462s][info][gc,stats    ]     System Dictionary                60 us
[59.462s][info][gc,stats    ]     Weak Class Links                  0 us
[59.462s][info][gc,stats    ]     Code Roots                     9276 us
[59.462s][info][gc,stats    ]   Rendezvous                        166 us
[59.462s][info][gc,stats    ]   Purge Unlinked                    849 us
[59.462s][info][gc,stats    ]     Code Roots                      842 us
[59.462s][info][gc,stats    ]     CLDG                              6 us
[59.462s][info][gc,stats    ]     Exception Caches                  0 us
[59.462s][info][gc,stats    ] Pause Final Roots (G)               105 us
[59.462s][info][gc,stats    ] Pause Final Roots (N)                57 us
[59.462s][info][gc,stats    ] Pacing                            41401 us
[59.462s][info][gc,stats    ] 
[59.462s][info][gc,stats    ] Allocation pacing accrued:
[59.462s][info][gc,stats    ]      21 of   171 ms ( 12.1%): Executor task launch worker for task 1.0 in stage 104.0 (TID 174)
[59.462s][info][gc,stats    ]      21 of   171 ms ( 12.0%): Executor task launch worker for task 0.0 in stage 104.0 (TID 173)
[59.462s][info][gc,stats    ]      41 of   171 ms ( 24.2%): <total>
[59.462s][info][gc,stats    ]       0 of   171 ms (  0.1%): <average total>
[59.462s][info][gc,stats    ]      21 of   171 ms ( 12.1%): <average non-zero>
[59.462s][info][gc,stats    ] 
[59.462s][info][gc,metaspace] Metaspace: 66185K(66944K)->66211K(66944K) NonClass: 57895K(58304K)->57917K(58304K) Class: 8290K(8640K)->8293K(8640K)
[59.462s][info][gc,ergo     ] Pacer for Idle. Initial: 41943K, Alloc Tax Rate: 1.0x
[59.465s][info][gc          ] Trigger: Explicit GC request (System.gc())
[59.466s][info][gc,ergo     ] Free: 1384M, Max: 1024K regular, 418M humongous, Frag: 70% external, 0% internal; Reserve: 103M, Max: 1024K
[59.466s][info][gc,start    ] GC(169) Concurrent reset
[59.466s][info][gc,task     ] GC(169) Using 1 of 3 workers for concurrent reset
[59.466s][info][gc,ergo     ] GC(169) Pacer for Reset. Non-Taxable: 2048M
[59.467s][info][gc          ] GC(169) Concurrent reset 0.978ms
[59.467s][info][gc,start    ] GC(169) Pause Init Mark (unload classes)
[59.467s][info][gc,task     ] GC(169) Using 3 of 3 workers for init marking
[59.467s][info][gc,ref      ] GC(169) Clearing All SoftReferences
[59.467s][info][gc,ergo     ] GC(169) Pacer for Mark. Expected Live: 171M, Free: 1384M, Non-Taxable: 138M, Alloc Tax Rate: 0.2x
[59.467s][info][gc          ] GC(169) Pause Init Mark (unload classes) 0.242ms
[59.467s][info][gc,start    ] GC(169) Concurrent marking roots
[59.467s][info][gc,task     ] GC(169) Using 1 of 3 workers for concurrent marking roots
[59.475s][info][gc          ] GC(169) Concurrent marking roots 7.972ms
[59.475s][info][gc,start    ] GC(169) Concurrent marking (unload classes)
[59.475s][info][gc,task     ] GC(169) Using 1 of 3 workers for concurrent marking
[59.604s][info][gc          ] GC(169) Concurrent marking (unload classes) 129.279ms
[59.604s][info][gc,start    ] GC(169) Pause Final Mark (unload classes)
[59.604s][info][gc,task     ] GC(169) Using 3 of 3 workers for final marking
[59.605s][info][gc,ergo     ] GC(169) Collectable Garbage: 354M (92%), Immediate: 354M (92%), CSet: 0B (0%)
[59.605s][info][gc          ] GC(169) Pause Final Mark (unload classes) 0.338ms
[59.605s][info][gc,start    ] GC(169) Concurrent weak references
[59.605s][info][gc,task     ] GC(169) Using 1 of 3 workers for concurrent weak references
[59.605s][info][gc,ref      ] GC(169) Encountered references: Soft: 2824, Weak: 5871, Final: 51, Phantom: 579
[59.605s][info][gc,ref      ] GC(169) Discovered  references: Soft: 658, Weak: 953, Final: 0, Phantom: 337
[59.605s][info][gc,ref      ] GC(169) Enqueued    references: Soft: 296, Weak: 160, Final: 0, Phantom: 0
[59.605s][info][gc          ] GC(169) Concurrent weak references 0.380ms
[59.605s][info][gc,start    ] GC(169) Concurrent weak roots
[59.605s][info][gc,task     ] GC(169) Using 1 of 3 workers for concurrent weak root
[59.609s][info][gc          ] GC(169) Concurrent weak roots 3.373ms
[59.609s][info][gc,start    ] GC(169) Concurrent cleanup
[59.609s][info][gc          ] GC(169) Concurrent cleanup 566M->212M(2048M) 0.040ms
[59.609s][info][gc,ergo     ] GC(169) Free: 1731M, Max: 1024K regular, 864M humongous, Frag: 50% external, 0% internal; Reserve: 103M, Max: 1024K
[59.609s][info][gc,start    ] GC(169) Concurrent class unloading
[59.609s][info][gc,task     ] GC(169) Using 1 of 3 workers for concurrent class unloading
[59.627s][info][gc          ] GC(169) Concurrent class unloading 18.517ms
[59.627s][info][gc,start    ] GC(169) Pause Final Roots
[59.627s][info][gc          ] GC(169) Pause Final Roots 0.072ms
[59.628s][info][gc,ergo     ] Free: 1731M, Max: 1024K regular, 864M humongous, Frag: 50% external, 0% internal; Reserve: 103M, Max: 1024K
[59.628s][info][gc,stats    ] 
[59.628s][info][gc,stats    ] All times are wall-clock times, except per-root-class counters, that are sum over
[59.628s][info][gc,stats    ] all workers. Dividing the <total> over the root stage time estimates parallelism.
[59.628s][info][gc,stats    ] 
[59.628s][info][gc,stats    ] Concurrent Reset                   1021 us
[59.628s][info][gc,stats    ] Pause Init Mark (G)                 377 us
[59.628s][info][gc,stats    ] Pause Init Mark (N)                 264 us
[59.628s][info][gc,stats    ]   Update Region States               64 us
[59.628s][info][gc,stats    ] Concurrent Mark Roots              8021 us, parallelism: 0.97x
[59.628s][info][gc,stats    ]   CMR: <total>                     7779 us
[59.628s][info][gc,stats    ]   CMR: Thread Roots                7641 us, workers (us): 7641, ---, ---, 
[59.628s][info][gc,stats    ]   CMR: VM Strong Roots               19 us, workers (us):  19, ---, ---, 
[59.628s][info][gc,stats    ]   CMR: CLDG Roots                   119 us, workers (us): 119, ---, ---, 
[59.628s][info][gc,stats    ] Concurrent Marking               129357 us
[59.628s][info][gc,stats    ] Pause Final Mark (G)                453 us
[59.628s][info][gc,stats    ] Pause Final Mark (N)                348 us
[59.628s][info][gc,stats    ]   Finish Mark                       131 us
[59.628s][info][gc,stats    ]   Update Region States               86 us
[59.628s][info][gc,stats    ]   Choose Collection Set              43 us
[59.628s][info][gc,stats    ]   Rebuild Free Set                    8 us
[59.628s][info][gc,stats    ] Concurrent Weak References          388 us, parallelism: 0.32x
[59.628s][info][gc,stats    ]   CWRF: <total>                     126 us
[59.628s][info][gc,stats    ]   CWRF: Weak References             126 us, workers (us): 126, ---, ---, 
[59.628s][info][gc,stats    ] Concurrent Weak Roots              3419 us
[59.628s][info][gc,stats    ]   Roots                            3199 us, parallelism: 0.98x
[59.628s][info][gc,stats    ]     CWR: <total>                   3143 us
[59.628s][info][gc,stats    ]     CWR: Code Cache Roots          2471 us, workers (us): 2471, ---, ---, 
[59.628s][info][gc,stats    ]     CWR: VM Weak Roots              617 us, workers (us): 617, ---, ---, 
[59.628s][info][gc,stats    ]     CWR: CLDG Roots                  56 us, workers (us):  56, ---, ---, 
[59.628s][info][gc,stats    ]   Rendezvous                        156 us
[59.628s][info][gc,stats    ] Concurrent Cleanup                   48 us
[59.628s][info][gc,stats    ] Concurrent Class Unloading        18569 us
[59.628s][info][gc,stats    ]   Unlink Stale                    17251 us
[59.628s][info][gc,stats    ]     System Dictionary               648 us
[59.628s][info][gc,stats    ]     Weak Class Links               6103 us
[59.628s][info][gc,stats    ]     Code Roots                    10498 us
[59.628s][info][gc,stats    ]   Rendezvous                        196 us
[59.628s][info][gc,stats    ]   Purge Unlinked                   1049 us
[59.628s][info][gc,stats    ]     Code Roots                      655 us
[59.628s][info][gc,stats    ]     CLDG                            393 us
[59.628s][info][gc,stats    ]     Exception Caches                  0 us
[59.628s][info][gc,stats    ] Pause Final Roots (G)               235 us
[59.628s][info][gc,stats    ] Pause Final Roots (N)                95 us
[59.628s][info][gc,stats    ] 
[59.628s][info][gc,stats    ] Allocation pacing accrued:
[59.628s][info][gc,stats    ]       0 of   165 ms (  0.0%): <total>
[59.628s][info][gc,stats    ]       0 of   165 ms (  0.0%): <average total>
[59.628s][info][gc,stats    ] 
[59.628s][info][gc,metaspace] Metaspace: 66211K(66944K)->65888K(66944K) NonClass: 57917K(58304K)->57649K(58304K) Class: 8293K(8640K)->8239K(8640K)
[59.628s][info][gc,ergo     ] Pacer for Idle. Initial: 41943K, Alloc Tax Rate: 1.0x
[59.799s][info][gc          ] Trigger: Learning 2 of 5. Free (1432M) is below initial threshold (1433M)
[59.799s][info][gc,ergo     ] Free: 1432M, Max: 1024K regular, 864M humongous, Frag: 39% external, 0% internal; Reserve: 103M, Max: 1024K
[59.799s][info][gc,start    ] GC(170) Concurrent reset
[59.799s][info][gc,task     ] GC(170) Using 1 of 3 workers for concurrent reset
[59.799s][info][gc,ergo     ] GC(170) Pacer for Reset. Non-Taxable: 2048M
[59.800s][info][gc          ] GC(170) Concurrent reset 0.811ms
[59.800s][info][gc,start    ] GC(170) Pause Init Mark (unload classes)
[59.800s][info][gc,task     ] GC(170) Using 3 of 3 workers for init marking
[59.800s][info][gc,ergo     ] GC(170) Pacer for Mark. Expected Live: 171M, Free: 1430M, Non-Taxable: 143M, Alloc Tax Rate: 0.1x
[59.800s][info][gc          ] GC(170) Pause Init Mark (unload classes) 0.167ms
[59.800s][info][gc,start    ] GC(170) Concurrent marking roots
[59.800s][info][gc,task     ] GC(170) Using 1 of 3 workers for concurrent marking roots
[59.809s][info][gc          ] GC(170) Concurrent marking roots 8.894ms
[59.809s][info][gc,start    ] GC(170) Concurrent marking (unload classes)
[59.809s][info][gc,task     ] GC(170) Using 1 of 3 workers for concurrent marking
[59.940s][info][gc          ] GC(170) Concurrent marking (unload classes) 131.146ms
[59.940s][info][gc,start    ] GC(170) Pause Final Mark (unload classes)
[59.940s][info][gc,task     ] GC(170) Using 3 of 3 workers for final marking
[59.940s][info][gc,ergo     ] GC(170) Adaptive CSet Selection. Target Free: 290M, Actual Free: 1349M, Max CSet: 87381K, Min Garbage: 0B
[59.941s][info][gc,ergo     ] GC(170) Collectable Garbage: 332M (98%), Immediate: 276M (81%), CSet: 57625K (16%)
[59.941s][info][gc,ergo     ] GC(170) Pacer for Evacuation. Used CSet: 59971K, Free: 1268M, Non-Taxable: 126M, Alloc Tax Rate: 1.1x
[59.941s][info][gc          ] GC(170) Pause Final Mark (unload classes) 0.290ms
[59.941s][info][gc,start    ] GC(170) Concurrent thread roots
[59.941s][info][gc,task     ] GC(170) Using 1 of 3 workers for Concurrent thread roots
[59.949s][info][gc          ] GC(170) Concurrent thread roots 8.349ms
[59.949s][info][gc,start    ] GC(170) Concurrent weak references
[59.949s][info][gc,task     ] GC(170) Using 1 of 3 workers for concurrent weak references
[59.949s][info][gc,ref      ] GC(170) Encountered references: Soft: 2909, Weak: 5967, Final: 51, Phantom: 579
[59.949s][info][gc,ref      ] GC(170) Discovered  references: Soft: 0, Weak: 864, Final: 0, Phantom: 260
[59.949s][info][gc,ref      ] GC(170) Enqueued    references: Soft: 0, Weak: 94, Final: 0, Phantom: 0
[59.949s][info][gc          ] GC(170) Concurrent weak references 0.301ms
[59.949s][info][gc,start    ] GC(170) Concurrent weak roots
[59.949s][info][gc,task     ] GC(170) Using 1 of 3 workers for concurrent weak root
[59.953s][info][gc          ] GC(170) Concurrent weak roots 3.792ms
[59.953s][info][gc,start    ] GC(170) Concurrent cleanup
[59.953s][info][gc          ] GC(170) Concurrent cleanup 991M->715M(2048M) 0.068ms
[59.953s][info][gc,ergo     ] GC(170) Free: 1227M, Max: 1024K regular, 864M humongous, Frag: 29% external, 0% internal; Reserve: 102M, Max: 1024K
[59.953s][info][gc,start    ] GC(170) Concurrent class unloading
[59.953s][info][gc,task     ] GC(170) Using 1 of 3 workers for concurrent class unloading
[59.973s][info][gc          ] GC(170) Concurrent class unloading 20.046ms
[59.973s][info][gc,start    ] GC(170) Concurrent strong roots
[59.973s][info][gc,task     ] GC(170) Using 1 of 3 workers for concurrent strong root
[59.974s][info][gc          ] GC(170) Concurrent strong roots 0.404ms
[59.974s][info][gc,start    ] GC(170) Concurrent evacuation
[59.974s][info][gc,task     ] GC(170) Using 1 of 3 workers for concurrent evacuation
[59.976s][info][gc          ] GC(170) Concurrent evacuation 1.831ms
[59.976s][info][gc,start    ] GC(170) Pause Init Update Refs
[59.976s][info][gc,ergo     ] GC(170) Pacer for Update Refs. Used: 780M, Free: 1165M, Non-Taxable: 116M, Alloc Tax Rate: 1.1x
[59.976s][info][gc          ] GC(170) Pause Init Update Refs 0.066ms
[59.976s][info][gc,start    ] GC(170) Concurrent update references
[59.976s][info][gc,task     ] GC(170) Using 1 of 3 workers for concurrent reference update
[60.156s][info][gc          ] GC(170) Concurrent update references 180.051ms
[60.156s][info][gc,start    ] GC(170) Concurrent update thread roots
[60.163s][info][gc          ] GC(170) Concurrent update thread roots 7.352ms
[60.164s][info][gc,start    ] GC(170) Pause Final Update Refs
[60.164s][info][gc,task     ] GC(170) Using 3 of 3 workers for final reference update
[60.164s][info][gc          ] GC(170) Pause Final Update Refs 0.104ms
[60.164s][info][gc,start    ] GC(170) Concurrent cleanup
[60.164s][info][gc          ] GC(170) Concurrent cleanup 1295M->1237M(2048M) 0.026ms
[60.164s][info][gc,ergo     ] Free: 705M, Max: 1024K regular, 630M humongous, Frag: 9% external, 0% internal; Reserve: 103M, Max: 1024K
[60.164s][info][gc,stats    ] 
[60.164s][info][gc,stats    ] All times are wall-clock times, except per-root-class counters, that are sum over
[60.164s][info][gc,stats    ] all workers. Dividing the <total> over the root stage time estimates parallelism.
[60.164s][info][gc,stats    ] 
[60.164s][info][gc,stats    ] Concurrent Reset                    859 us
[60.164s][info][gc,stats    ] Pause Init Mark (G)                 355 us
[60.164s][info][gc,stats    ] Pause Init Mark (N)                 176 us
[60.164s][info][gc,stats    ]   Update Region States               78 us
[60.164s][info][gc,stats    ] Concurrent Mark Roots              8959 us, parallelism: 0.97x
[60.164s][info][gc,stats    ]   CMR: <total>                     8659 us
[60.164s][info][gc,stats    ]   CMR: Thread Roots                8581 us, workers (us): 8581, ---, ---, 
[60.164s][info][gc,stats    ]   CMR: VM Strong Roots               12 us, workers (us):  12, ---, ---, 
[60.164s][info][gc,stats    ]   CMR: CLDG Roots                    66 us, workers (us):  66, ---, ---, 
[60.164s][info][gc,stats    ] Concurrent Marking               131202 us
[60.164s][info][gc,stats    ] Pause Final Mark (G)                399 us
[60.164s][info][gc,stats    ] Pause Final Mark (N)                299 us
[60.164s][info][gc,stats    ]   Finish Mark                       102 us
[60.164s][info][gc,stats    ]   Update Region States               39 us
[60.164s][info][gc,stats    ]   Choose Collection Set              80 us
[60.164s][info][gc,stats    ]   Rebuild Free Set                    8 us
[60.164s][info][gc,stats    ] Concurrent Thread Roots            8391 us, parallelism: 0.98x
[60.164s][info][gc,stats    ]   CTR: <total>                     8257 us
[60.164s][info][gc,stats    ]   CTR: Thread Roots                8257 us, workers (us): 8257, ---, ---, 
[60.164s][info][gc,stats    ] Concurrent Weak References          318 us, parallelism: 0.42x
[60.164s][info][gc,stats    ]   CWRF: <total>                     133 us
[60.164s][info][gc,stats    ]   CWRF: Weak References             133 us, workers (us): 133, ---, ---, 
[60.164s][info][gc,stats    ] Concurrent Weak Roots              3839 us
[60.164s][info][gc,stats    ]   Roots                            3537 us, parallelism: 0.98x
[60.164s][info][gc,stats    ]     CWR: <total>                   3467 us
[60.164s][info][gc,stats    ]     CWR: Code Cache Roots          2711 us, workers (us): 2711, ---, ---, 
[60.164s][info][gc,stats    ]     CWR: VM Weak Roots              692 us, workers (us): 692, ---, ---, 
[60.164s][info][gc,stats    ]     CWR: CLDG Roots                  64 us, workers (us):  64, ---, ---, 
[60.164s][info][gc,stats    ]   Rendezvous                        220 us
[60.164s][info][gc,stats    ] Concurrent Cleanup                   86 us
[60.164s][info][gc,stats    ] Concurrent Class Unloading        20113 us
[60.164s][info][gc,stats    ]   Unlink Stale                    19116 us
[60.164s][info][gc,stats    ]     System Dictionary               248 us
[60.164s][info][gc,stats    ]     Weak Class Links               7830 us
[60.164s][info][gc,stats    ]     Code Roots                    11036 us
[60.164s][info][gc,stats    ]   Rendezvous                        202 us
[60.164s][info][gc,stats    ]   Purge Unlinked                    693 us
[60.164s][info][gc,stats    ]     Code Roots                      664 us
[60.164s][info][gc,stats    ]     CLDG                             28 us
[60.164s][info][gc,stats    ]     Exception Caches                  0 us
[60.164s][info][gc,stats    ] Concurrent Strong Roots             430 us, parallelism: 0.61x
[60.164s][info][gc,stats    ]   CSR: <total>                      261 us
[60.164s][info][gc,stats    ]   CSR: VM Strong Roots               13 us, workers (us):  13, ---, ---, 
[60.164s][info][gc,stats    ]   CSR: CLDG Roots                   248 us, workers (us): 248, ---, ---, 
[60.164s][info][gc,stats    ] Concurrent Evacuation              1909 us
[60.164s][info][gc,stats    ] Pause Init Update Refs (G)          235 us
[60.164s][info][gc,stats    ] Pause Init Update Refs (N)           75 us
[60.164s][info][gc,stats    ]   Manage GCLABs                      12 us
[60.164s][info][gc,stats    ] Concurrent Update Refs           180127 us
[60.164s][info][gc,stats    ] Concurrent Update Thread Roots     7401 us
[60.164s][info][gc,stats    ] Pause Final Update Refs (G)         356 us
[60.164s][info][gc,stats    ] Pause Final Update Refs (N)         120 us
[60.164s][info][gc,stats    ]   Update Region States               53 us
[60.164s][info][gc,stats    ]   Trash Collection Set                3 us
[60.164s][info][gc,stats    ]   Rebuild Free Set                   14 us
[60.164s][info][gc,stats    ] Concurrent Cleanup                   35 us
[60.164s][info][gc,stats    ] Pacing                            83848 us
[60.164s][info][gc,stats    ] 
[60.164s][info][gc,stats    ] Allocation pacing accrued:
[60.164s][info][gc,stats    ]      50 of   537 ms (  9.2%): Executor task launch worker for task 0.0 in stage 106.0 (TID 176)
[60.164s][info][gc,stats    ]      34 of   537 ms (  6.4%): Executor task launch worker for task 1.0 in stage 106.0 (TID 177)
[60.164s][info][gc,stats    ]      84 of   537 ms ( 15.6%): <total>
[60.164s][info][gc,stats    ]       0 of   537 ms (  0.1%): <average total>
[60.164s][info][gc,stats    ]      42 of   537 ms (  7.8%): <average non-zero>
[60.164s][info][gc,stats    ] 
[60.164s][info][gc,metaspace] Metaspace: 66204K(66944K)->66202K(66944K) NonClass: 57913K(58304K)->57911K(58304K) Class: 8291K(8640K)->8290K(8640K)
[60.164s][info][gc,ergo     ] Pacer for Idle. Initial: 41943K, Alloc Tax Rate: 1.0x
[60.179s][info][gc          ] Trigger: Learning 3 of 5. Free (662M) is below initial threshold (1433M)
[60.179s][info][gc,ergo     ] Free: 662M, Max: 1024K regular, 630M humongous, Frag: 3% external, 0% internal; Reserve: 103M, Max: 1024K
[60.179s][info][gc,start    ] GC(171) Concurrent reset
[60.179s][info][gc,task     ] GC(171) Using 1 of 3 workers for concurrent reset
[60.179s][info][gc,ergo     ] GC(171) Pacer for Reset. Non-Taxable: 2048M
[60.180s][info][gc          ] GC(171) Concurrent reset 1.183ms
[60.180s][info][gc,start    ] GC(171) Pause Init Mark (unload classes)
[60.180s][info][gc,task     ] GC(171) Using 3 of 3 workers for init marking
[60.180s][info][gc,ergo     ] GC(171) Pacer for Mark. Expected Live: 171M, Free: 662M, Non-Taxable: 67891K, Alloc Tax Rate: 0.3x
[60.180s][info][gc          ] GC(171) Pause Init Mark (unload classes) 0.193ms
[60.180s][info][gc,start    ] GC(171) Concurrent marking roots
[60.180s][info][gc,task     ] GC(171) Using 1 of 3 workers for concurrent marking roots
[60.190s][info][gc          ] GC(171) Concurrent marking roots 9.348ms
[60.190s][info][gc,start    ] GC(171) Concurrent marking (unload classes)
[60.190s][info][gc,task     ] GC(171) Using 1 of 3 workers for concurrent marking
[60.319s][info][gc          ] GC(171) Concurrent marking (unload classes) 129.449ms
[60.319s][info][gc,start    ] GC(171) Pause Final Mark (unload classes)
[60.320s][info][gc,task     ] GC(171) Using 3 of 3 workers for final marking
[60.320s][info][gc,ergo     ] GC(171) Collectable Garbage: 1089M (98%), Immediate: 1089M (98%), CSet: 0B (0%)
[60.320s][info][gc          ] GC(171) Pause Final Mark (unload classes) 0.335ms
[60.320s][info][gc,start    ] GC(171) Concurrent weak references
[60.320s][info][gc,task     ] GC(171) Using 1 of 3 workers for concurrent weak references
[60.320s][info][gc,ref      ] GC(171) Encountered references: Soft: 2909, Weak: 5872, Final: 51, Phantom: 579
[60.320s][info][gc,ref      ] GC(171) Discovered  references: Soft: 0, Weak: 792, Final: 0, Phantom: 337
[60.320s][info][gc,ref      ] GC(171) Enqueued    references: Soft: 0, Weak: 16, Final: 0, Phantom: 0
[60.320s][info][gc          ] GC(171) Concurrent weak references 0.182ms
[60.320s][info][gc,start    ] GC(171) Concurrent weak roots
[60.320s][info][gc,task     ] GC(171) Using 1 of 3 workers for concurrent weak root
[60.324s][info][gc          ] GC(171) Concurrent weak roots 3.890ms
[60.324s][info][gc,start    ] GC(171) Concurrent cleanup
[60.324s][info][gc          ] GC(171) Concurrent cleanup 1647M->559M(2048M) 0.091ms
[60.324s][info][gc,ergo     ] GC(171) Free: 1383M, Max: 1024K regular, 330M humongous, Frag: 76% external, 0% internal; Reserve: 103M, Max: 1024K
[60.324s][info][gc,start    ] GC(171) Concurrent class unloading
[60.324s][info][gc,task     ] GC(171) Using 1 of 3 workers for concurrent class unloading
[60.336s][info][gc          ] GC(171) Concurrent class unloading 12.236ms
[60.336s][info][gc,start    ] GC(171) Pause Final Roots
[60.336s][info][gc          ] GC(171) Pause Final Roots 0.043ms
[60.337s][info][gc,ergo     ] Free: 1338M, Max: 1024K regular, 330M humongous, Frag: 75% external, 0% internal; Reserve: 103M, Max: 1024K
[60.337s][info][gc,stats    ] 
[60.337s][info][gc,stats    ] All times are wall-clock times, except per-root-class counters, that are sum over
[60.337s][info][gc,stats    ] all workers. Dividing the <total> over the root stage time estimates parallelism.
[60.337s][info][gc,stats    ] 
[60.337s][info][gc,stats    ] Concurrent Reset                   1237 us
[60.337s][info][gc,stats    ] Pause Init Mark (G)                 335 us
[60.337s][info][gc,stats    ] Pause Init Mark (N)                 202 us
[60.337s][info][gc,stats    ]   Update Region States               72 us
[60.337s][info][gc,stats    ] Concurrent Mark Roots              9397 us, parallelism: 0.96x
[60.337s][info][gc,stats    ]   CMR: <total>                     9012 us
[60.337s][info][gc,stats    ]   CMR: Thread Roots                8872 us, workers (us): 8872, ---, ---, 
[60.337s][info][gc,stats    ]   CMR: VM Strong Roots               19 us, workers (us):  19, ---, ---, 
[60.337s][info][gc,stats    ]   CMR: CLDG Roots                   121 us, workers (us): 121, ---, ---, 
[60.337s][info][gc,stats    ] Concurrent Marking               129526 us
[60.337s][info][gc,stats    ] Pause Final Mark (G)                410 us
[60.337s][info][gc,stats    ] Pause Final Mark (N)                353 us
[60.337s][info][gc,stats    ]   Finish Mark                       108 us
[60.337s][info][gc,stats    ]   Update Region States               58 us
[60.337s][info][gc,stats    ]   Choose Collection Set              55 us
[60.337s][info][gc,stats    ]   Rebuild Free Set                   17 us
[60.337s][info][gc,stats    ] Concurrent Weak References          191 us, parallelism: 0.44x
[60.337s][info][gc,stats    ]   CWRF: <total>                      83 us
[60.337s][info][gc,stats    ]   CWRF: Weak References              83 us, workers (us):  83, ---, ---, 
[60.337s][info][gc,stats    ] Concurrent Weak Roots              3939 us
[60.337s][info][gc,stats    ]   Roots                            3699 us, parallelism: 0.96x
[60.337s][info][gc,stats    ]     CWR: <total>                   3567 us
[60.337s][info][gc,stats    ]     CWR: Code Cache Roots          2909 us, workers (us): 2909, ---, ---, 
[60.337s][info][gc,stats    ]     CWR: VM Weak Roots              600 us, workers (us): 600, ---, ---, 
[60.337s][info][gc,stats    ]     CWR: CLDG Roots                  58 us, workers (us):  58, ---, ---, 
[60.337s][info][gc,stats    ]   Rendezvous                        172 us
[60.337s][info][gc,stats    ] Concurrent Cleanup                   99 us
[60.337s][info][gc,stats    ] Concurrent Class Unloading        12285 us
[60.337s][info][gc,stats    ]   Unlink Stale                    11133 us
[60.337s][info][gc,stats    ]     System Dictionary                57 us
[60.337s][info][gc,stats    ]     Weak Class Links                  0 us
[60.337s][info][gc,stats    ]     Code Roots                    11075 us
[60.337s][info][gc,stats    ]   Rendezvous                        238 us
[60.337s][info][gc,stats    ]   Purge Unlinked                    845 us
[60.337s][info][gc,stats    ]     Code Roots                      837 us
[60.337s][info][gc,stats    ]     CLDG                              8 us
[60.337s][info][gc,stats    ]     Exception Caches                  0 us
[60.337s][info][gc,stats    ] Pause Final Roots (G)               182 us
[60.337s][info][gc,stats    ] Pause Final Roots (N)                57 us
[60.337s][info][gc,stats    ] Pacing                            75894 us
[60.337s][info][gc,stats    ] 
[60.337s][info][gc,stats    ] Allocation pacing accrued:
[60.337s][info][gc,stats    ]      38 of   173 ms ( 22.2%): Executor task launch worker for task 0.0 in stage 106.0 (TID 176)
[60.337s][info][gc,stats    ]      38 of   173 ms ( 21.8%): Executor task launch worker for task 1.0 in stage 106.0 (TID 177)
[60.337s][info][gc,stats    ]      76 of   173 ms ( 44.0%): <total>
[60.337s][info][gc,stats    ]       0 of   173 ms (  0.2%): <average total>
[60.337s][info][gc,stats    ]      38 of   173 ms ( 22.0%): <average non-zero>
[60.337s][info][gc,stats    ] 
[60.337s][info][gc,metaspace] Metaspace: 66202K(66944K)->66202K(66944K) NonClass: 57911K(58304K)->57911K(58304K) Class: 8290K(8640K)->8290K(8640K)
[60.337s][info][gc,ergo     ] Pacer for Idle. Initial: 41943K, Alloc Tax Rate: 1.0x
[60.352s][info][gc          ] Trigger: Learning 4 of 5. Free (1296M) is below initial threshold (1433M)
[60.352s][info][gc,ergo     ] Free: 1296M, Max: 1024K regular, 330M humongous, Frag: 75% external, 0% internal; Reserve: 103M, Max: 1024K
[60.352s][info][gc,start    ] GC(172) Concurrent reset
[60.352s][info][gc,task     ] GC(172) Using 1 of 3 workers for concurrent reset
[60.352s][info][gc,ergo     ] GC(172) Pacer for Reset. Non-Taxable: 2048M
[60.353s][info][gc          ] GC(172) Concurrent reset 1.152ms
[60.353s][info][gc,start    ] GC(172) Pause Init Mark (unload classes)
[60.353s][info][gc,task     ] GC(172) Using 3 of 3 workers for init marking
[60.353s][info][gc,ergo     ] GC(172) Pacer for Mark. Expected Live: 171M, Free: 1296M, Non-Taxable: 129M, Alloc Tax Rate: 0.2x
[60.353s][info][gc          ] GC(172) Pause Init Mark (unload classes) 0.192ms
[60.354s][info][gc,start    ] GC(172) Concurrent marking roots
[60.354s][info][gc,task     ] GC(172) Using 1 of 3 workers for concurrent marking roots
[60.362s][info][gc          ] GC(172) Concurrent marking roots 8.494ms
[60.362s][info][gc,start    ] GC(172) Concurrent marking (unload classes)
[60.362s][info][gc,task     ] GC(172) Using 1 of 3 workers for concurrent marking
[60.492s][info][gc          ] GC(172) Concurrent marking (unload classes) 130.192ms
[60.492s][info][gc,start    ] GC(172) Pause Final Mark (unload classes)
[60.492s][info][gc,task     ] GC(172) Using 3 of 3 workers for final marking
[60.493s][info][gc,ergo     ] GC(172) Collectable Garbage: 456M (96%), Immediate: 456M (96%), CSet: 0B (0%)
[60.493s][info][gc          ] GC(172) Pause Final Mark (unload classes) 0.251ms
[60.493s][info][gc,start    ] GC(172) Concurrent weak references
[60.493s][info][gc,task     ] GC(172) Using 1 of 3 workers for concurrent weak references
[60.493s][info][gc,ref      ] GC(172) Encountered references: Soft: 2909, Weak: 5856, Final: 51, Phantom: 579
[60.493s][info][gc,ref      ] GC(172) Discovered  references: Soft: 0, Weak: 776, Final: 0, Phantom: 260
[60.493s][info][gc,ref      ] GC(172) Enqueued    references: Soft: 0, Weak: 0, Final: 0, Phantom: 0
[60.493s][info][gc          ] GC(172) Concurrent weak references 0.164ms
[60.493s][info][gc,start    ] GC(172) Concurrent weak roots
[60.493s][info][gc,task     ] GC(172) Using 1 of 3 workers for concurrent weak root
[60.496s][info][gc          ] GC(172) Concurrent weak roots 3.515ms
[60.496s][info][gc,start    ] GC(172) Concurrent cleanup
[60.496s][info][gc          ] GC(172) Concurrent cleanup 1075M->619M(2048M) 0.050ms
[60.496s][info][gc,ergo     ] GC(172) Free: 1322M, Max: 1024K regular, 504M humongous, Frag: 62% external, 0% internal; Reserve: 103M, Max: 1024K
[60.496s][info][gc,start    ] GC(172) Concurrent class unloading
[60.496s][info][gc,task     ] GC(172) Using 1 of 3 workers for concurrent class unloading
[60.508s][info][gc          ] GC(172) Concurrent class unloading 11.067ms
[60.508s][info][gc,start    ] GC(172) Pause Final Roots
[60.508s][info][gc          ] GC(172) Pause Final Roots 0.040ms
[60.508s][info][gc,ergo     ] Free: 1301M, Max: 1024K regular, 504M humongous, Frag: 61% external, 0% internal; Reserve: 103M, Max: 1024K
[60.508s][info][gc,stats    ] 
[60.508s][info][gc,stats    ] All times are wall-clock times, except per-root-class counters, that are sum over
[60.508s][info][gc,stats    ] all workers. Dividing the <total> over the root stage time estimates parallelism.
[60.508s][info][gc,stats    ] 
[60.508s][info][gc,stats    ] Concurrent Reset                   1173 us
[60.508s][info][gc,stats    ] Pause Init Mark (G)                 335 us
[60.508s][info][gc,stats    ] Pause Init Mark (N)                 209 us
[60.508s][info][gc,stats    ]   Update Region States               69 us
[60.508s][info][gc,stats    ] Concurrent Mark Roots              8542 us, parallelism: 0.97x
[60.508s][info][gc,stats    ]   CMR: <total>                     8290 us
[60.508s][info][gc,stats    ]   CMR: Thread Roots                8185 us, workers (us): 8185, ---, ---, 
[60.508s][info][gc,stats    ]   CMR: VM Strong Roots               11 us, workers (us):  11, ---, ---, 
[60.508s][info][gc,stats    ]   CMR: CLDG Roots                    94 us, workers (us):  94, ---, ---, 
[60.508s][info][gc,stats    ] Concurrent Marking               130259 us
[60.508s][info][gc,stats    ] Pause Final Mark (G)                358 us
[60.508s][info][gc,stats    ] Pause Final Mark (N)                261 us
[60.508s][info][gc,stats    ]   Finish Mark                        67 us
[60.508s][info][gc,stats    ]   Update Region States               56 us
[60.508s][info][gc,stats    ]   Choose Collection Set              45 us
[60.508s][info][gc,stats    ]   Rebuild Free Set                    7 us
[60.508s][info][gc,stats    ] Concurrent Weak References          173 us, parallelism: 0.31x
[60.508s][info][gc,stats    ]   CWRF: <total>                      54 us
[60.508s][info][gc,stats    ]   CWRF: Weak References              54 us, workers (us):  54, ---, ---, 
[60.508s][info][gc,stats    ] Concurrent Weak Roots              3574 us
[60.508s][info][gc,stats    ]   Roots                            3315 us, parallelism: 0.98x
[60.508s][info][gc,stats    ]     CWR: <total>                   3262 us
[60.508s][info][gc,stats    ]     CWR: Code Cache Roots          2778 us, workers (us): 2778, ---, ---, 
[60.508s][info][gc,stats    ]     CWR: VM Weak Roots              426 us, workers (us): 426, ---, ---, 
[60.508s][info][gc,stats    ]     CWR: CLDG Roots                  58 us, workers (us):  58, ---, ---, 
[60.508s][info][gc,stats    ]   Rendezvous                        182 us
[60.508s][info][gc,stats    ] Concurrent Cleanup                   58 us
[60.508s][info][gc,stats    ] Concurrent Class Unloading        11132 us
[60.508s][info][gc,stats    ]   Unlink Stale                    10253 us
[60.508s][info][gc,stats    ]     System Dictionary                51 us
[60.508s][info][gc,stats    ]     Weak Class Links                  0 us
[60.508s][info][gc,stats    ]     Code Roots                    10200 us
[60.508s][info][gc,stats    ]   Rendezvous                        191 us
[60.508s][info][gc,stats    ]   Purge Unlinked                    604 us
[60.508s][info][gc,stats    ]     Code Roots                      597 us
[60.508s][info][gc,stats    ]     CLDG                              6 us
[60.508s][info][gc,stats    ]     Exception Caches                  0 us
[60.508s][info][gc,stats    ] Pause Final Roots (G)               146 us
[60.508s][info][gc,stats    ] Pause Final Roots (N)                49 us
[60.508s][info][gc,stats    ] Pacing                            38558 us
[60.508s][info][gc,stats    ] 
[60.508s][info][gc,stats    ] Allocation pacing accrued:
[60.508s][info][gc,stats    ]      19 of   171 ms ( 11.3%): Executor task launch worker for task 0.0 in stage 106.0 (TID 176)
[60.508s][info][gc,stats    ]      19 of   171 ms ( 11.2%): Executor task launch worker for task 1.0 in stage 106.0 (TID 177)
[60.508s][info][gc,stats    ]      39 of   171 ms ( 22.5%): <total>
[60.508s][info][gc,stats    ]       0 of   171 ms (  0.1%): <average total>
[60.508s][info][gc,stats    ]      19 of   171 ms ( 11.3%): <average non-zero>
[60.508s][info][gc,stats    ] 
[60.508s][info][gc,metaspace] Metaspace: 66202K(66944K)->66214K(66944K) NonClass: 57911K(58304K)->57922K(58304K) Class: 8290K(8640K)->8292K(8640K)
[60.508s][info][gc,ergo     ] Pacer for Idle. Initial: 41943K, Alloc Tax Rate: 1.0x
[60.516s][info][gc          ] Trigger: Learning 5 of 5. Free (1296M) is below initial threshold (1433M)
[60.516s][info][gc,ergo     ] Free: 1295M, Max: 1024K regular, 504M humongous, Frag: 61% external, 0% internal; Reserve: 103M, Max: 1024K
[60.516s][info][gc,start    ] GC(173) Concurrent reset
[60.516s][info][gc,task     ] GC(173) Using 1 of 3 workers for concurrent reset
[60.516s][info][gc,ergo     ] GC(173) Pacer for Reset. Non-Taxable: 2048M
[60.517s][info][gc          ] GC(173) Concurrent reset 1.088ms
[60.517s][info][gc,start    ] GC(173) Pause Init Mark (unload classes)
[60.517s][info][gc,task     ] GC(173) Using 3 of 3 workers for init marking
[60.517s][info][gc,ergo     ] GC(173) Pacer for Mark. Expected Live: 171M, Free: 1294M, Non-Taxable: 129M, Alloc Tax Rate: 0.2x
[60.517s][info][gc          ] GC(173) Pause Init Mark (unload classes) 0.198ms
[60.517s][info][gc,start    ] GC(173) Concurrent marking roots
[60.517s][info][gc,task     ] GC(173) Using 1 of 3 workers for concurrent marking roots
[60.525s][info][gc          ] GC(173) Concurrent marking roots 8.040ms
[60.525s][info][gc,start    ] GC(173) Concurrent marking (unload classes)
[60.525s][info][gc,task     ] GC(173) Using 1 of 3 workers for concurrent marking
[60.656s][info][gc          ] GC(173) Concurrent marking (unload classes) 130.219ms
[60.656s][info][gc,start    ] GC(173) Pause Final Mark (unload classes)
[60.656s][info][gc,task     ] GC(173) Using 3 of 3 workers for final marking
[60.656s][info][gc,ergo     ] GC(173) Collectable Garbage: 444M (94%), Immediate: 444M (94%), CSet: 0B (0%)
[60.656s][info][gc          ] GC(173) Pause Final Mark (unload classes) 0.274ms
[60.656s][info][gc,start    ] GC(173) Concurrent weak references
[60.656s][info][gc,task     ] GC(173) Using 1 of 3 workers for concurrent weak references
[60.656s][info][gc,ref      ] GC(173) Encountered references: Soft: 2923, Weak: 5959, Final: 51, Phantom: 579
[60.656s][info][gc,ref      ] GC(173) Discovered  references: Soft: 0, Weak: 931, Final: 0, Phantom: 260
[60.656s][info][gc,ref      ] GC(173) Enqueued    references: Soft: 0, Weak: 85, Final: 0, Phantom: 0
[60.656s][info][gc          ] GC(173) Concurrent weak references 0.265ms
[60.656s][info][gc,start    ] GC(173) Concurrent weak roots
[60.656s][info][gc,task     ] GC(173) Using 1 of 3 workers for concurrent weak root
[60.660s][info][gc          ] GC(173) Concurrent weak roots 3.419ms
[60.660s][info][gc,start    ] GC(173) Concurrent cleanup
[60.660s][info][gc          ] GC(173) Concurrent cleanup 654M->209M(2048M) 0.083ms
[60.660s][info][gc,ergo     ] GC(173) Free: 1733M, Max: 1024K regular, 943M humongous, Frag: 45% external, 0% internal; Reserve: 103M, Max: 1024K
[60.660s][info][gc,start    ] GC(173) Concurrent class unloading
[60.660s][info][gc,task     ] GC(173) Using 1 of 3 workers for concurrent class unloading
[60.671s][info][gc          ] GC(173) Concurrent class unloading 11.324ms
[60.671s][info][gc,start    ] GC(173) Pause Final Roots
[60.671s][info][gc          ] GC(173) Pause Final Roots 0.041ms
[60.672s][info][gc,ergo     ] Free: 1733M, Max: 1024K regular, 943M humongous, Frag: 45% external, 0% internal; Reserve: 103M, Max: 1024K
[60.672s][info][gc,stats    ] 
[60.672s][info][gc,stats    ] All times are wall-clock times, except per-root-class counters, that are sum over
[60.672s][info][gc,stats    ] all workers. Dividing the <total> over the root stage time estimates parallelism.
[60.672s][info][gc,stats    ] 
[60.672s][info][gc,stats    ] Concurrent Reset                   1174 us
[60.672s][info][gc,stats    ] Pause Init Mark (G)                 360 us
[60.672s][info][gc,stats    ] Pause Init Mark (N)                 208 us
[60.672s][info][gc,stats    ]   Update Region States               76 us
[60.672s][info][gc,stats    ] Concurrent Mark Roots              8084 us, parallelism: 0.98x
[60.672s][info][gc,stats    ]   CMR: <total>                     7902 us
[60.672s][info][gc,stats    ]   CMR: Thread Roots                7815 us, workers (us): 7815, ---, ---, 
[60.672s][info][gc,stats    ]   CMR: VM Strong Roots               12 us, workers (us):  12, ---, ---, 
[60.672s][info][gc,stats    ]   CMR: CLDG Roots                    75 us, workers (us):  75, ---, ---, 
[60.672s][info][gc,stats    ] Concurrent Marking               130296 us
[60.672s][info][gc,stats    ] Pause Final Mark (G)                373 us
[60.672s][info][gc,stats    ] Pause Final Mark (N)                283 us
[60.672s][info][gc,stats    ]   Finish Mark                       105 us
[60.672s][info][gc,stats    ]   Update Region States               53 us
[60.672s][info][gc,stats    ]   Choose Collection Set              39 us
[60.672s][info][gc,stats    ]   Rebuild Free Set                    8 us
[60.672s][info][gc,stats    ] Concurrent Weak References          273 us, parallelism: 0.33x
[60.672s][info][gc,stats    ]   CWRF: <total>                      90 us
[60.672s][info][gc,stats    ]   CWRF: Weak References              90 us, workers (us):  90, ---, ---, 
[60.672s][info][gc,stats    ] Concurrent Weak Roots              3484 us
[60.672s][info][gc,stats    ]   Roots                            3212 us, parallelism: 0.96x
[60.672s][info][gc,stats    ]     CWR: <total>                   3092 us
[60.672s][info][gc,stats    ]     CWR: Code Cache Roots          2430 us, workers (us): 2430, ---, ---, 
[60.672s][info][gc,stats    ]     CWR: VM Weak Roots              604 us, workers (us): 604, ---, ---, 
[60.672s][info][gc,stats    ]     CWR: CLDG Roots                  58 us, workers (us):  58, ---, ---, 
[60.672s][info][gc,stats    ]   Rendezvous                        187 us
[60.672s][info][gc,stats    ] Concurrent Cleanup                  101 us
[60.672s][info][gc,stats    ] Concurrent Class Unloading        11353 us
[60.672s][info][gc,stats    ]   Unlink Stale                    10404 us
[60.672s][info][gc,stats    ]     System Dictionary                53 us
[60.672s][info][gc,stats    ]     Weak Class Links                  0 us
[60.672s][info][gc,stats    ]     Code Roots                    10349 us
[60.672s][info][gc,stats    ]   Rendezvous                        203 us
[60.672s][info][gc,stats    ]   Purge Unlinked                    684 us
[60.672s][info][gc,stats    ]     Code Roots                      678 us
[60.672s][info][gc,stats    ]     CLDG                              5 us
[60.672s][info][gc,stats    ]     Exception Caches                  0 us
[60.672s][info][gc,stats    ] Pause Final Roots (G)               101 us
[60.672s][info][gc,stats    ] Pause Final Roots (N)                50 us
[60.672s][info][gc,stats    ] 
[60.672s][info][gc,stats    ] Allocation pacing accrued:
[60.672s][info][gc,stats    ]       0 of   164 ms (  0.0%): <total>
[60.672s][info][gc,stats    ]       0 of   164 ms (  0.0%): <average total>
[60.672s][info][gc,stats    ] 
[60.672s][info][gc,metaspace] Metaspace: 66230K(67008K)->66232K(67008K) NonClass: 57936K(58368K)->57938K(58368K) Class: 8293K(8640K)->8293K(8640K)
[60.672s][info][gc,ergo     ] Pacer for Idle. Initial: 41943K, Alloc Tax Rate: 1.0x
[60.689s][info][gc          ] Trigger: Explicit GC request (System.gc())
[60.689s][info][gc,ergo     ] Free: 1733M, Max: 1024K regular, 943M humongous, Frag: 45% external, 0% internal; Reserve: 103M, Max: 1024K
[60.689s][info][gc,start    ] GC(174) Concurrent reset
[60.689s][info][gc,task     ] GC(174) Using 1 of 3 workers for concurrent reset
[60.689s][info][gc,ergo     ] GC(174) Pacer for Reset. Non-Taxable: 2048M
[60.690s][info][gc          ] GC(174) Concurrent reset 0.979ms
[60.690s][info][gc,start    ] GC(174) Pause Init Mark (unload classes)
[60.690s][info][gc,task     ] GC(174) Using 3 of 3 workers for init marking
[60.690s][info][gc,ref      ] GC(174) Clearing All SoftReferences
[60.690s][info][gc,ergo     ] GC(174) Pacer for Mark. Expected Live: 171M, Free: 1733M, Non-Taxable: 173M, Alloc Tax Rate: 0.1x
[60.690s][info][gc          ] GC(174) Pause Init Mark (unload classes) 0.148ms
[60.690s][info][gc,start    ] GC(174) Concurrent marking roots
[60.690s][info][gc,task     ] GC(174) Using 1 of 3 workers for concurrent marking roots
[60.698s][info][gc          ] GC(174) Concurrent marking roots 8.351ms
[60.698s][info][gc,start    ] GC(174) Concurrent marking (unload classes)
[60.698s][info][gc,task     ] GC(174) Using 1 of 3 workers for concurrent marking
[60.825s][info][gc          ] GC(174) Concurrent marking (unload classes) 127.051ms
[60.826s][info][gc,start    ] GC(174) Pause Final Mark (unload classes)
[60.826s][info][gc,task     ] GC(174) Using 3 of 3 workers for final marking
[60.826s][info][gc,ergo     ] GC(174) Adaptive CSet Selection. Target Free: 290M, Actual Free: 1819M, Max CSet: 87381K, Min Garbage: 0B
[60.826s][info][gc,ergo     ] GC(174) Collectable Garbage: 34751K (87%), Immediate: 3072K (7%), CSet: 31679K (79%)
[60.826s][info][gc,ergo     ] GC(174) Pacer for Evacuation. Used CSet: 32526K, Free: 1735M, Non-Taxable: 173M, Alloc Tax Rate: 1.1x
[60.826s][info][gc          ] GC(174) Pause Final Mark (unload classes) 0.580ms
[60.826s][info][gc,start    ] GC(174) Concurrent thread roots
[60.826s][info][gc,task     ] GC(174) Using 1 of 3 workers for Concurrent thread roots
[60.835s][info][gc          ] GC(174) Concurrent thread roots 8.754ms
[60.835s][info][gc,start    ] GC(174) Concurrent weak references
[60.835s][info][gc,task     ] GC(174) Using 1 of 3 workers for concurrent weak references
[60.835s][info][gc,ref      ] GC(174) Encountered references: Soft: 2824, Weak: 5779, Final: 51, Phantom: 579
[60.835s][info][gc,ref      ] GC(174) Discovered  references: Soft: 658, Weak: 871, Final: 0, Phantom: 337
[60.835s][info][gc,ref      ] GC(174) Enqueued    references: Soft: 296, Weak: 81, Final: 0, Phantom: 0
[60.835s][info][gc          ] GC(174) Concurrent weak references 0.285ms
[60.835s][info][gc,start    ] GC(174) Concurrent weak roots
[60.835s][info][gc,task     ] GC(174) Using 1 of 3 workers for concurrent weak root
[60.839s][info][gc          ] GC(174) Concurrent weak roots 3.335ms
[60.839s][info][gc,start    ] GC(174) Concurrent cleanup
[60.839s][info][gc          ] GC(174) Concurrent cleanup 215M->212M(2048M) 0.028ms
[60.839s][info][gc,ergo     ] GC(174) Free: 1730M, Max: 1024K regular, 943M humongous, Frag: 45% external, 0% internal; Reserve: 102M, Max: 1024K
[60.839s][info][gc,start    ] GC(174) Concurrent class unloading
[60.839s][info][gc,task     ] GC(174) Using 1 of 3 workers for concurrent class unloading
[60.858s][info][gc          ] GC(174) Concurrent class unloading 19.453ms
[60.858s][info][gc,start    ] GC(174) Concurrent strong roots
[60.858s][info][gc,task     ] GC(174) Using 1 of 3 workers for concurrent strong root
[60.859s][info][gc          ] GC(174) Concurrent strong roots 0.570ms
[60.859s][info][gc,start    ] GC(174) Concurrent evacuation
[60.859s][info][gc,task     ] GC(174) Using 1 of 3 workers for concurrent evacuation
[60.860s][info][gc          ] GC(174) Concurrent evacuation 0.730ms
[60.860s][info][gc,start    ] GC(174) Pause Init Update Refs
[60.860s][info][gc,ergo     ] GC(174) Pacer for Update Refs. Used: 213M, Free: 1730M, Non-Taxable: 173M, Alloc Tax Rate: 1.1x
[60.860s][info][gc          ] GC(174) Pause Init Update Refs 0.061ms
[60.860s][info][gc,start    ] GC(174) Concurrent update references
[60.860s][info][gc,task     ] GC(174) Using 1 of 3 workers for concurrent reference update
[60.923s][info][gc          ] GC(174) Concurrent update references 63.200ms
[60.923s][info][gc,start    ] GC(174) Concurrent update thread roots
[60.931s][info][gc          ] GC(174) Concurrent update thread roots 7.992ms
[60.931s][info][gc,start    ] GC(174) Pause Final Update Refs
[60.931s][info][gc,task     ] GC(174) Using 3 of 3 workers for final reference update
[60.931s][info][gc          ] GC(174) Pause Final Update Refs 0.141ms
[60.931s][info][gc,start    ] GC(174) Concurrent cleanup
[60.931s][info][gc          ] GC(174) Concurrent cleanup 213M->181M(2048M) 0.062ms
[60.931s][info][gc,ergo     ] Free: 1761M, Max: 1024K regular, 1387M humongous, Frag: 21% external, 0% internal; Reserve: 103M, Max: 1024K
[60.932s][info][gc,stats    ] 
[60.932s][info][gc,stats    ] All times are wall-clock times, except per-root-class counters, that are sum over
[60.932s][info][gc,stats    ] all workers. Dividing the <total> over the root stage time estimates parallelism.
[60.932s][info][gc,stats    ] 
[60.932s][info][gc,stats    ] Concurrent Reset                   1022 us
[60.932s][info][gc,stats    ] Pause Init Mark (G)                 272 us
[60.932s][info][gc,stats    ] Pause Init Mark (N)                 164 us
[60.932s][info][gc,stats    ]   Update Region States               60 us
[60.932s][info][gc,stats    ] Concurrent Mark Roots              8400 us, parallelism: 0.97x
[60.932s][info][gc,stats    ]   CMR: <total>                     8181 us
[60.932s][info][gc,stats    ]   CMR: Thread Roots                8013 us, workers (us): 8013, ---, ---, 
[60.932s][info][gc,stats    ]   CMR: VM Strong Roots               20 us, workers (us):  20, ---, ---, 
[60.932s][info][gc,stats    ]   CMR: CLDG Roots                   148 us, workers (us): 148, ---, ---, 
[60.932s][info][gc,stats    ] Concurrent Marking               127119 us
[60.932s][info][gc,stats    ] Pause Final Mark (G)                753 us
[60.932s][info][gc,stats    ] Pause Final Mark (N)                601 us
[60.932s][info][gc,stats    ]   Finish Mark                       166 us
[60.932s][info][gc,stats    ]   Update Region States              124 us
[60.932s][info][gc,stats    ]   Choose Collection Set             134 us
[60.932s][info][gc,stats    ]   Rebuild Free Set                   23 us
[60.932s][info][gc,stats    ] Concurrent Thread Roots            8803 us, parallelism: 0.98x
[60.932s][info][gc,stats    ]   CTR: <total>                     8648 us
[60.932s][info][gc,stats    ]   CTR: Thread Roots                8648 us, workers (us): 8648, ---, ---, 
[60.932s][info][gc,stats    ] Concurrent Weak References          292 us, parallelism: 0.61x
[60.932s][info][gc,stats    ]   CWRF: <total>                     178 us
[60.932s][info][gc,stats    ]   CWRF: Weak References             178 us, workers (us): 178, ---, ---, 
[60.932s][info][gc,stats    ] Concurrent Weak Roots              3381 us
[60.932s][info][gc,stats    ]   Roots                            3129 us, parallelism: 0.98x
[60.932s][info][gc,stats    ]     CWR: <total>                   3060 us
[60.932s][info][gc,stats    ]     CWR: Code Cache Roots          2532 us, workers (us): 2532, ---, ---, 
[60.932s][info][gc,stats    ]     CWR: VM Weak Roots              467 us, workers (us): 467, ---, ---, 
[60.932s][info][gc,stats    ]     CWR: CLDG Roots                  61 us, workers (us):  61, ---, ---, 
[60.932s][info][gc,stats    ]   Rendezvous                        188 us
[60.932s][info][gc,stats    ] Concurrent Cleanup                   36 us
[60.932s][info][gc,stats    ] Concurrent Class Unloading        19500 us
[60.932s][info][gc,stats    ]   Unlink Stale                    18315 us
[60.932s][info][gc,stats    ]     System Dictionary               655 us
[60.932s][info][gc,stats    ]     Weak Class Links               6985 us
[60.932s][info][gc,stats    ]     Code Roots                    10672 us
[60.932s][info][gc,stats    ]   Rendezvous                        314 us
[60.932s][info][gc,stats    ]   Purge Unlinked                    805 us
[60.932s][info][gc,stats    ]     Code Roots                      494 us
[60.932s][info][gc,stats    ]     CLDG                            310 us
[60.932s][info][gc,stats    ]     Exception Caches                  0 us
[60.932s][info][gc,stats    ] Concurrent Strong Roots             588 us, parallelism: 0.74x
[60.932s][info][gc,stats    ]   CSR: <total>                      434 us
[60.932s][info][gc,stats    ]   CSR: VM Strong Roots               23 us, workers (us):  23, ---, ---, 
[60.932s][info][gc,stats    ]   CSR: CLDG Roots                   412 us, workers (us): 412, ---, ---, 
[60.932s][info][gc,stats    ] Concurrent Evacuation               751 us
[60.932s][info][gc,stats    ] Pause Init Update Refs (G)          136 us
[60.932s][info][gc,stats    ] Pause Init Update Refs (N)           69 us
[60.932s][info][gc,stats    ]   Manage GCLABs                      11 us
[60.932s][info][gc,stats    ] Concurrent Update Refs            63261 us
[60.932s][info][gc,stats    ] Concurrent Update Thread Roots     8057 us
[60.932s][info][gc,stats    ] Pause Final Update Refs (G)         261 us
[60.932s][info][gc,stats    ] Pause Final Update Refs (N)         159 us
[60.932s][info][gc,stats    ]   Update Region States               71 us
[60.932s][info][gc,stats    ]   Trash Collection Set                3 us
[60.932s][info][gc,stats    ]   Rebuild Free Set                   13 us
[60.932s][info][gc,stats    ] Concurrent Cleanup                   82 us
[60.932s][info][gc,stats    ] 
[60.932s][info][gc,stats    ] Allocation pacing accrued:
[60.932s][info][gc,stats    ]       0 of   260 ms (  0.0%): <total>
[60.932s][info][gc,stats    ]       0 of   260 ms (  0.0%): <average total>
[60.932s][info][gc,stats    ] 
[60.932s][info][gc,metaspace] Metaspace: 66232K(67008K)->65909K(66944K) NonClass: 57938K(58368K)->57670K(58304K) Class: 8293K(8640K)->8239K(8640K)
[60.932s][info][gc,ergo     ] Pacer for Idle. Initial: 41943K, Alloc Tax Rate: 1.0x
[61.135s][info][gc          ] Trigger: Learning 2 of 5. Free (1393M) is below initial threshold (1433M)
[61.135s][info][gc,ergo     ] Free: 1393M, Max: 1024K regular, 1373M humongous, Frag: 0% external, 0% internal; Reserve: 103M, Max: 1024K
[61.135s][info][gc,start    ] GC(175) Concurrent reset
[61.135s][info][gc,task     ] GC(175) Using 1 of 3 workers for concurrent reset
[61.135s][info][gc,ergo     ] GC(175) Pacer for Reset. Non-Taxable: 2048M
[61.137s][info][gc          ] GC(175) Concurrent reset 1.180ms
[61.137s][info][gc,start    ] GC(175) Pause Init Mark (unload classes)
[61.137s][info][gc,task     ] GC(175) Using 3 of 3 workers for init marking
[61.137s][info][gc,ergo     ] GC(175) Pacer for Mark. Expected Live: 171M, Free: 1393M, Non-Taxable: 139M, Alloc Tax Rate: 0.2x
[61.137s][info][gc          ] GC(175) Pause Init Mark (unload classes) 0.118ms
[61.137s][info][gc,start    ] GC(175) Concurrent marking roots
[61.137s][info][gc,task     ] GC(175) Using 1 of 3 workers for concurrent marking roots
[61.146s][info][gc          ] GC(175) Concurrent marking roots 8.799ms
[61.146s][info][gc,start    ] GC(175) Concurrent marking (unload classes)
[61.146s][info][gc,task     ] GC(175) Using 1 of 3 workers for concurrent marking
[61.277s][info][gc          ] GC(175) Concurrent marking (unload classes) 131.601ms
[61.277s][info][gc,start    ] GC(175) Pause Final Mark (unload classes)
[61.277s][info][gc,task     ] GC(175) Using 3 of 3 workers for final marking
[61.278s][info][gc,ergo     ] GC(175) Adaptive CSet Selection. Target Free: 290M, Actual Free: 1395M, Max CSet: 87381K, Min Garbage: 0B
[61.278s][info][gc,ergo     ] GC(175) Collectable Garbage: 369M (98%), Immediate: 337M (90%), CSet: 33404K (8%)
[61.278s][info][gc,ergo     ] GC(175) Pacer for Evacuation. Used CSet: 35398K, Free: 1315M, Non-Taxable: 131M, Alloc Tax Rate: 1.1x
[61.278s][info][gc          ] GC(175) Pause Final Mark (unload classes) 0.252ms
[61.278s][info][gc,start    ] GC(175) Concurrent thread roots
[61.278s][info][gc,task     ] GC(175) Using 1 of 3 workers for Concurrent thread roots
[61.286s][info][gc          ] GC(175) Concurrent thread roots 8.434ms
[61.286s][info][gc,start    ] GC(175) Concurrent weak references
[61.286s][info][gc,task     ] GC(175) Using 1 of 3 workers for concurrent weak references
[61.286s][info][gc,ref      ] GC(175) Encountered references: Soft: 2909, Weak: 5977, Final: 51, Phantom: 579
[61.286s][info][gc,ref      ] GC(175) Discovered  references: Soft: 0, Weak: 875, Final: 0, Phantom: 260
[61.286s][info][gc,ref      ] GC(175) Enqueued    references: Soft: 0, Weak: 91, Final: 0, Phantom: 0
[61.287s][info][gc          ] GC(175) Concurrent weak references 0.305ms
[61.287s][info][gc,start    ] GC(175) Concurrent weak roots
[61.287s][info][gc,task     ] GC(175) Using 1 of 3 workers for concurrent weak root
[61.291s][info][gc          ] GC(175) Concurrent weak roots 4.079ms
[61.291s][info][gc,start    ] GC(175) Concurrent cleanup
[61.291s][info][gc          ] GC(175) Concurrent cleanup 1009M->672M(2048M) 0.073ms
[61.291s][info][gc,ergo     ] GC(175) Free: 1270M, Max: 1024K regular, 910M humongous, Frag: 28% external, 0% internal; Reserve: 102M, Max: 1024K
[61.291s][info][gc,start    ] GC(175) Concurrent class unloading
[61.291s][info][gc,task     ] GC(175) Using 1 of 3 workers for concurrent class unloading
[61.311s][info][gc          ] GC(175) Concurrent class unloading 20.522ms
[61.311s][info][gc,start    ] GC(175) Concurrent strong roots
[61.311s][info][gc,task     ] GC(175) Using 1 of 3 workers for concurrent strong root
[61.312s][info][gc          ] GC(175) Concurrent strong roots 0.552ms
[61.312s][info][gc,start    ] GC(175) Concurrent evacuation
[61.312s][info][gc,task     ] GC(175) Using 1 of 3 workers for concurrent evacuation
[61.314s][info][gc          ] GC(175) Concurrent evacuation 2.067ms
[61.314s][info][gc,start    ] GC(175) Pause Init Update Refs
[61.314s][info][gc,ergo     ] GC(175) Pacer for Update Refs. Used: 739M, Free: 1206M, Non-Taxable: 120M, Alloc Tax Rate: 1.1x
[61.314s][info][gc          ] GC(175) Pause Init Update Refs 0.108ms
[61.314s][info][gc,start    ] GC(175) Concurrent update references
[61.314s][info][gc,task     ] GC(175) Using 1 of 3 workers for concurrent reference update
[61.488s][info][gc          ] GC(175) Concurrent update references 173.935ms
[61.488s][info][gc,start    ] GC(175) Concurrent update thread roots
[61.496s][info][gc          ] GC(175) Concurrent update thread roots 7.449ms
[61.496s][info][gc,start    ] GC(175) Pause Final Update Refs
[61.496s][info][gc,task     ] GC(175) Using 3 of 3 workers for final reference update
[61.496s][info][gc          ] GC(175) Pause Final Update Refs 0.141ms
[61.496s][info][gc,start    ] GC(175) Concurrent cleanup
[61.496s][info][gc          ] GC(175) Concurrent cleanup 1238M->1204M(2048M) 0.060ms
[61.496s][info][gc,ergo     ] Free: 738M, Max: 1024K regular, 684M humongous, Frag: 5% external, 0% internal; Reserve: 103M, Max: 1024K
[61.496s][info][gc,stats    ] 
[61.496s][info][gc,stats    ] All times are wall-clock times, except per-root-class counters, that are sum over
[61.496s][info][gc,stats    ] all workers. Dividing the <total> over the root stage time estimates parallelism.
[61.496s][info][gc,stats    ] 
[61.496s][info][gc,stats    ] Concurrent Reset                   1230 us
[61.496s][info][gc,stats    ] Pause Init Mark (G)                 247 us
[61.496s][info][gc,stats    ] Pause Init Mark (N)                 127 us
[61.496s][info][gc,stats    ]   Update Region States               43 us
[61.496s][info][gc,stats    ] Concurrent Mark Roots              8842 us, parallelism: 0.98x
[61.496s][info][gc,stats    ]   CMR: <total>                     8625 us
[61.496s][info][gc,stats    ]   CMR: Thread Roots                8544 us, workers (us): 8544, ---, ---, 
[61.496s][info][gc,stats    ]   CMR: VM Strong Roots               15 us, workers (us):  15, ---, ---, 
[61.497s][info][gc,stats    ]   CMR: CLDG Roots                    67 us, workers (us):  67, ---, ---, 
[61.497s][info][gc,stats    ] Concurrent Marking               131651 us
[61.497s][info][gc,stats    ] Pause Final Mark (G)                352 us
[61.497s][info][gc,stats    ] Pause Final Mark (N)                261 us
[61.497s][info][gc,stats    ]   Finish Mark                        65 us
[61.497s][info][gc,stats    ]   Update Region States               37 us
[61.497s][info][gc,stats    ]   Choose Collection Set              73 us
[61.497s][info][gc,stats    ]   Rebuild Free Set                    7 us
[61.497s][info][gc,stats    ] Concurrent Thread Roots            8477 us, parallelism: 0.98x
[61.497s][info][gc,stats    ]   CTR: <total>                     8314 us
[61.497s][info][gc,stats    ]   CTR: Thread Roots                8314 us, workers (us): 8314, ---, ---, 
[61.497s][info][gc,stats    ] Concurrent Weak References          322 us, parallelism: 0.41x
[61.497s][info][gc,stats    ]   CWRF: <total>                     133 us
[61.497s][info][gc,stats    ]   CWRF: Weak References             133 us, workers (us): 133, ---, ---, 
[61.497s][info][gc,stats    ] Concurrent Weak Roots              4124 us
[61.497s][info][gc,stats    ]   Roots                            3792 us, parallelism: 0.97x
[61.497s][info][gc,stats    ]     CWR: <total>                   3695 us
[61.497s][info][gc,stats    ]     CWR: Code Cache Roots          2654 us, workers (us): 2654, ---, ---, 
[61.497s][info][gc,stats    ]     CWR: VM Weak Roots              976 us, workers (us): 976, ---, ---, 
[61.497s][info][gc,stats    ]     CWR: CLDG Roots                  65 us, workers (us):  65, ---, ---, 
[61.497s][info][gc,stats    ]   Rendezvous                        253 us
[61.497s][info][gc,stats    ] Concurrent Cleanup                   97 us
[61.497s][info][gc,stats    ] Concurrent Class Unloading        20595 us
[61.497s][info][gc,stats    ]   Unlink Stale                    19527 us
[61.497s][info][gc,stats    ]     System Dictionary               247 us
[61.497s][info][gc,stats    ]     Weak Class Links               7817 us
[61.497s][info][gc,stats    ]     Code Roots                    11461 us
[61.497s][info][gc,stats    ]   Rendezvous                        276 us
[61.497s][info][gc,stats    ]   Purge Unlinked                    682 us
[61.497s][info][gc,stats    ]     Code Roots                      657 us
[61.497s][info][gc,stats    ]     CLDG                             24 us
[61.497s][info][gc,stats    ]     Exception Caches                  0 us
[61.497s][info][gc,stats    ] Concurrent Strong Roots             591 us, parallelism: 0.63x
[61.497s][info][gc,stats    ]   CSR: <total>                      370 us
[61.497s][info][gc,stats    ]   CSR: VM Strong Roots               19 us, workers (us):  19, ---, ---, 
[61.497s][info][gc,stats    ]   CSR: CLDG Roots                   351 us, workers (us): 351, ---, ---, 
[61.497s][info][gc,stats    ] Concurrent Evacuation              2136 us
[61.497s][info][gc,stats    ] Pause Init Update Refs (G)          295 us
[61.497s][info][gc,stats    ] Pause Init Update Refs (N)          125 us
[61.497s][info][gc,stats    ]   Manage GCLABs                      24 us
[61.497s][info][gc,stats    ] Concurrent Update Refs           174003 us
[61.497s][info][gc,stats    ] Concurrent Update Thread Roots     7500 us
[61.497s][info][gc,stats    ] Pause Final Update Refs (G)         281 us
[61.497s][info][gc,stats    ] Pause Final Update Refs (N)         160 us
[61.497s][info][gc,stats    ]   Update Region States               59 us
[61.497s][info][gc,stats    ]   Trash Collection Set                3 us
[61.497s][info][gc,stats    ]   Rebuild Free Set                   13 us
[61.497s][info][gc,stats    ] Concurrent Cleanup                   80 us
[61.497s][info][gc,stats    ] Pacing                           126404 us
[61.497s][info][gc,stats    ] 
[61.497s][info][gc,stats    ] Allocation pacing accrued:
[61.497s][info][gc,stats    ]      63 of   565 ms ( 11.2%): Executor task launch worker for task 0.0 in stage 109.0 (TID 181)
[61.497s][info][gc,stats    ]      63 of   565 ms ( 11.2%): Executor task launch worker for task 1.0 in stage 109.0 (TID 182)
[61.497s][info][gc,stats    ]     126 of   565 ms ( 22.4%): <total>
[61.497s][info][gc,stats    ]       0 of   565 ms (  0.1%): <average total>
[61.497s][info][gc,stats    ]      63 of   565 ms ( 11.2%): <average non-zero>
[61.497s][info][gc,stats    ] 
[61.497s][info][gc,metaspace] Metaspace: 66250K(67008K)->66248K(67008K) NonClass: 57959K(58368K)->57957K(58368K) Class: 8291K(8640K)->8290K(8640K)
[61.497s][info][gc,ergo     ] Pacer for Idle. Initial: 41943K, Alloc Tax Rate: 1.0x
[61.499s][info][gc          ] Trigger: Learning 3 of 5. Free (730M) is below initial threshold (1433M)
[61.499s][info][gc,ergo     ] Free: 730M, Max: 1024K regular, 684M humongous, Frag: 4% external, 0% internal; Reserve: 103M, Max: 1024K
[61.499s][info][gc,start    ] GC(176) Concurrent reset
[61.499s][info][gc,task     ] GC(176) Using 1 of 3 workers for concurrent reset
[61.499s][info][gc,ergo     ] GC(176) Pacer for Reset. Non-Taxable: 2048M
[61.500s][info][gc          ] GC(176) Concurrent reset 1.218ms
[61.501s][info][gc,start    ] GC(176) Pause Init Mark (unload classes)
[61.501s][info][gc,task     ] GC(176) Using 3 of 3 workers for init marking
[61.501s][info][gc,ergo     ] GC(176) Pacer for Mark. Expected Live: 171M, Free: 725M, Non-Taxable: 74256K, Alloc Tax Rate: 0.3x
[61.501s][info][gc          ] GC(176) Pause Init Mark (unload classes) 0.138ms
[61.501s][info][gc,start    ] GC(176) Concurrent marking roots
[61.501s][info][gc,task     ] GC(176) Using 1 of 3 workers for concurrent marking roots
[61.509s][info][gc          ] GC(176) Concurrent marking roots 8.495ms
[61.509s][info][gc,start    ] GC(176) Concurrent marking (unload classes)
[61.509s][info][gc,task     ] GC(176) Using 1 of 3 workers for concurrent marking
[61.639s][info][gc          ] GC(176) Concurrent marking (unload classes) 129.552ms
[61.639s][info][gc,start    ] GC(176) Pause Final Mark (unload classes)
[61.639s][info][gc,task     ] GC(176) Using 3 of 3 workers for final marking
[61.639s][info][gc,ergo     ] GC(176) Collectable Garbage: 1025M (97%), Immediate: 1025M (97%), CSet: 0B (0%)
[61.639s][info][gc          ] GC(176) Pause Final Mark (unload classes) 0.265ms
[61.639s][info][gc,start    ] GC(176) Concurrent weak references
[61.639s][info][gc,task     ] GC(176) Using 1 of 3 workers for concurrent weak references
[61.639s][info][gc,ref      ] GC(176) Encountered references: Soft: 2909, Weak: 5890, Final: 51, Phantom: 579
[61.639s][info][gc,ref      ] GC(176) Discovered  references: Soft: 0, Weak: 777, Final: 0, Phantom: 260
[61.640s][info][gc,ref      ] GC(176) Enqueued    references: Soft: 0, Weak: 2, Final: 0, Phantom: 0
[61.640s][info][gc          ] GC(176) Concurrent weak references 0.237ms
[61.640s][info][gc,start    ] GC(176) Concurrent weak roots
[61.640s][info][gc,task     ] GC(176) Using 1 of 3 workers for concurrent weak root
[61.644s][info][gc          ] GC(176) Concurrent weak roots 3.974ms
[61.644s][info][gc,start    ] GC(176) Concurrent cleanup
[61.644s][info][gc          ] GC(176) Concurrent cleanup 1617M->593M(2048M) 0.086ms
[61.644s][info][gc,ergo     ] GC(176) Free: 1350M, Max: 1024K regular, 443M humongous, Frag: 67% external, 0% internal; Reserve: 103M, Max: 1024K
[61.644s][info][gc,start    ] GC(176) Concurrent class unloading
[61.644s][info][gc,task     ] GC(176) Using 1 of 3 workers for concurrent class unloading
[61.656s][info][gc          ] GC(176) Concurrent class unloading 12.261ms
[61.656s][info][gc,start    ] GC(176) Pause Final Roots
[61.656s][info][gc          ] GC(176) Pause Final Roots 0.055ms
[61.656s][info][gc,ergo     ] Free: 1303M, Max: 1024K regular, 443M humongous, Frag: 66% external, 0% internal; Reserve: 103M, Max: 1024K
[61.656s][info][gc,stats    ] 
[61.656s][info][gc,stats    ] All times are wall-clock times, except per-root-class counters, that are sum over
[61.656s][info][gc,stats    ] all workers. Dividing the <total> over the root stage time estimates parallelism.
[61.656s][info][gc,stats    ] 
[61.656s][info][gc,stats    ] Concurrent Reset                   1277 us
[61.656s][info][gc,stats    ] Pause Init Mark (G)                 330 us
[61.656s][info][gc,stats    ] Pause Init Mark (N)                 147 us
[61.656s][info][gc,stats    ]   Update Region States               36 us
[61.656s][info][gc,stats    ] Concurrent Mark Roots              8548 us, parallelism: 0.97x
[61.657s][info][gc,stats    ]   CMR: <total>                     8322 us
[61.657s][info][gc,stats    ]   CMR: Thread Roots                8203 us, workers (us): 8203, ---, ---, 
[61.657s][info][gc,stats    ]   CMR: VM Strong Roots               15 us, workers (us):  15, ---, ---, 
[61.657s][info][gc,stats    ]   CMR: CLDG Roots                   104 us, workers (us): 104, ---, ---, 
[61.657s][info][gc,stats    ] Concurrent Marking               129630 us
[61.657s][info][gc,stats    ] Pause Final Mark (G)                361 us
[61.657s][info][gc,stats    ] Pause Final Mark (N)                274 us
[61.657s][info][gc,stats    ]   Finish Mark                        93 us
[61.657s][info][gc,stats    ]   Update Region States               53 us
[61.657s][info][gc,stats    ]   Choose Collection Set              44 us
[61.657s][info][gc,stats    ]   Rebuild Free Set                    7 us
[61.657s][info][gc,stats    ] Concurrent Weak References          257 us, parallelism: 0.18x
[61.657s][info][gc,stats    ]   CWRF: <total>                      45 us
[61.657s][info][gc,stats    ]   CWRF: Weak References              45 us, workers (us):  45, ---, ---, 
[61.657s][info][gc,stats    ] Concurrent Weak Roots              4025 us
[61.657s][info][gc,stats    ]   Roots                            3735 us, parallelism: 0.96x
[61.657s][info][gc,stats    ]     CWR: <total>                   3586 us
[61.657s][info][gc,stats    ]     CWR: Code Cache Roots          2850 us, workers (us): 2850, ---, ---, 
[61.657s][info][gc,stats    ]     CWR: VM Weak Roots              689 us, workers (us): 689, ---, ---, 
[61.657s][info][gc,stats    ]     CWR: CLDG Roots                  47 us, workers (us):  47, ---, ---, 
[61.657s][info][gc,stats    ]   Rendezvous                        196 us
[61.657s][info][gc,stats    ] Concurrent Cleanup                   96 us
[61.657s][info][gc,stats    ] Concurrent Class Unloading        12338 us
[61.657s][info][gc,stats    ]   Unlink Stale                    11372 us
[61.657s][info][gc,stats    ]     System Dictionary                56 us
[61.657s][info][gc,stats    ]     Weak Class Links                  0 us
[61.657s][info][gc,stats    ]     Code Roots                    11314 us
[61.657s][info][gc,stats    ]   Rendezvous                        160 us
[61.657s][info][gc,stats    ]   Purge Unlinked                    707 us
[61.657s][info][gc,stats    ]     Code Roots                      696 us
[61.657s][info][gc,stats    ]     CLDG                              9 us
[61.657s][info][gc,stats    ]     Exception Caches                  0 us
[61.657s][info][gc,stats    ] Pause Final Roots (G)               241 us
[61.657s][info][gc,stats    ] Pause Final Roots (N)                73 us
[61.657s][info][gc,stats    ] Pacing                            44859 us
[61.657s][info][gc,stats    ] 
[61.657s][info][gc,stats    ] Allocation pacing accrued:
[61.657s][info][gc,stats    ]      23 of   160 ms ( 14.1%): Executor task launch worker for task 0.0 in stage 109.0 (TID 181)
[61.657s][info][gc,stats    ]      22 of   160 ms ( 13.9%): Executor task launch worker for task 1.0 in stage 109.0 (TID 182)
[61.657s][info][gc,stats    ]      45 of   160 ms ( 28.0%): <total>
[61.657s][info][gc,stats    ]       0 of   160 ms (  0.1%): <average total>
[61.657s][info][gc,stats    ]      22 of   160 ms ( 14.0%): <average non-zero>
[61.657s][info][gc,stats    ] 
[61.657s][info][gc,metaspace] Metaspace: 66248K(67008K)->66248K(67008K) NonClass: 57957K(58368K)->57957K(58368K) Class: 8290K(8640K)->8290K(8640K)
[61.657s][info][gc,ergo     ] Pacer for Idle. Initial: 41943K, Alloc Tax Rate: 1.0x
[61.672s][info][gc          ] Trigger: Learning 4 of 5. Free (1260M) is below initial threshold (1433M)
[61.672s][info][gc,ergo     ] Free: 1260M, Max: 1024K regular, 443M humongous, Frag: 65% external, 0% internal; Reserve: 103M, Max: 1024K
[61.672s][info][gc,start    ] GC(177) Concurrent reset
[61.672s][info][gc,task     ] GC(177) Using 1 of 3 workers for concurrent reset
[61.672s][info][gc,ergo     ] GC(177) Pacer for Reset. Non-Taxable: 2048M
[61.673s][info][gc          ] GC(177) Concurrent reset 1.383ms
[61.673s][info][gc,start    ] GC(177) Pause Init Mark (unload classes)
[61.673s][info][gc,task     ] GC(177) Using 3 of 3 workers for init marking
[61.674s][info][gc,ergo     ] GC(177) Pacer for Mark. Expected Live: 171M, Free: 1260M, Non-Taxable: 126M, Alloc Tax Rate: 0.2x
[61.674s][info][gc          ] GC(177) Pause Init Mark (unload classes) 0.104ms
[61.674s][info][gc,start    ] GC(177) Concurrent marking roots
[61.674s][info][gc,task     ] GC(177) Using 1 of 3 workers for concurrent marking roots
[61.682s][info][gc          ] GC(177) Concurrent marking roots 8.310ms
[61.682s][info][gc,start    ] GC(177) Concurrent marking (unload classes)
[61.682s][info][gc,task     ] GC(177) Using 1 of 3 workers for concurrent marking
[61.812s][info][gc          ] GC(177) Concurrent marking (unload classes) 129.941ms
[61.812s][info][gc,start    ] GC(177) Pause Final Mark (unload classes)
[61.812s][info][gc,task     ] GC(177) Using 3 of 3 workers for final marking
[61.812s][info][gc,ergo     ] GC(177) Collectable Garbage: 491M (96%), Immediate: 491M (96%), CSet: 0B (0%)
[61.812s][info][gc          ] GC(177) Pause Final Mark (unload classes) 0.175ms
[61.812s][info][gc,start    ] GC(177) Concurrent weak references
[61.812s][info][gc,task     ] GC(177) Using 1 of 3 workers for concurrent weak references
[61.812s][info][gc,ref      ] GC(177) Encountered references: Soft: 2909, Weak: 5885, Final: 51, Phantom: 579
[61.812s][info][gc,ref      ] GC(177) Discovered  references: Soft: 0, Weak: 729, Final: 0, Phantom: 260
[61.812s][info][gc,ref      ] GC(177) Enqueued    references: Soft: 0, Weak: 0, Final: 0, Phantom: 0
[61.812s][info][gc          ] GC(177) Concurrent weak references 0.164ms
[61.812s][info][gc,start    ] GC(177) Concurrent weak roots
[61.812s][info][gc,task     ] GC(177) Using 1 of 3 workers for concurrent weak root
[61.816s][info][gc          ] GC(177) Concurrent weak roots 3.415ms
[61.816s][info][gc,start    ] GC(177) Concurrent cleanup
[61.816s][info][gc          ] GC(177) Concurrent cleanup 1095M->604M(2048M) 0.046ms
[61.816s][info][gc,ergo     ] GC(177) Free: 1335M, Max: 1024K regular, 435M humongous, Frag: 67% external, 0% internal; Reserve: 103M, Max: 1024K
[61.816s][info][gc,start    ] GC(177) Concurrent class unloading
[61.816s][info][gc,task     ] GC(177) Using 1 of 3 workers for concurrent class unloading
[61.827s][info][gc          ] GC(177) Concurrent class unloading 10.968ms
[61.827s][info][gc,start    ] GC(177) Pause Final Roots
[61.827s][info][gc          ] GC(177) Pause Final Roots 0.037ms
[61.827s][info][gc,ergo     ] Free: 1327M, Max: 1024K regular, 435M humongous, Frag: 67% external, 0% internal; Reserve: 103M, Max: 1024K
[61.827s][info][gc,stats    ] 
[61.827s][info][gc,stats    ] All times are wall-clock times, except per-root-class counters, that are sum over
[61.827s][info][gc,stats    ] all workers. Dividing the <total> over the root stage time estimates parallelism.
[61.827s][info][gc,stats    ] 
[61.827s][info][gc,stats    ] Concurrent Reset                   1446 us
[61.827s][info][gc,stats    ] Pause Init Mark (G)                 192 us
[61.827s][info][gc,stats    ] Pause Init Mark (N)                 112 us
[61.827s][info][gc,stats    ]   Update Region States               56 us
[61.827s][info][gc,stats    ] Concurrent Mark Roots              8376 us, parallelism: 0.97x
[61.827s][info][gc,stats    ]   CMR: <total>                     8121 us
[61.827s][info][gc,stats    ]   CMR: Thread Roots                8039 us, workers (us): 8039, ---, ---, 
[61.827s][info][gc,stats    ]   CMR: VM Strong Roots               15 us, workers (us):  15, ---, ---, 
[61.827s][info][gc,stats    ]   CMR: CLDG Roots                    66 us, workers (us):  66, ---, ---, 
[61.827s][info][gc,stats    ] Concurrent Marking               129986 us
[61.827s][info][gc,stats    ] Pause Final Mark (G)                263 us
[61.827s][info][gc,stats    ] Pause Final Mark (N)                184 us
[61.827s][info][gc,stats    ]   Finish Mark                        49 us
[61.827s][info][gc,stats    ]   Update Region States               31 us
[61.827s][info][gc,stats    ]   Choose Collection Set              35 us
[61.827s][info][gc,stats    ]   Rebuild Free Set                    8 us
[61.827s][info][gc,stats    ] Concurrent Weak References          172 us, parallelism: 0.33x
[61.827s][info][gc,stats    ]   CWRF: <total>                      57 us
[61.827s][info][gc,stats    ]   CWRF: Weak References              57 us, workers (us):  57, ---, ---, 
[61.827s][info][gc,stats    ] Concurrent Weak Roots              3459 us
[61.827s][info][gc,stats    ]   Roots                            3239 us, parallelism: 0.99x
[61.827s][info][gc,stats    ]     CWR: <total>                   3193 us
[61.827s][info][gc,stats    ]     CWR: Code Cache Roots          2751 us, workers (us): 2751, ---, ---, 
[61.827s][info][gc,stats    ]     CWR: VM Weak Roots              379 us, workers (us): 379, ---, ---, 
[61.827s][info][gc,stats    ]     CWR: CLDG Roots                  63 us, workers (us):  63, ---, ---, 
[61.827s][info][gc,stats    ]   Rendezvous                        159 us
[61.827s][info][gc,stats    ] Concurrent Cleanup                   55 us
[61.827s][info][gc,stats    ] Concurrent Class Unloading        11012 us
[61.827s][info][gc,stats    ]   Unlink Stale                    10311 us
[61.827s][info][gc,stats    ]     System Dictionary                47 us
[61.827s][info][gc,stats    ]     Weak Class Links                  0 us
[61.827s][info][gc,stats    ]     Code Roots                    10263 us
[61.827s][info][gc,stats    ]   Rendezvous                        162 us
[61.827s][info][gc,stats    ]   Purge Unlinked                    477 us
[61.827s][info][gc,stats    ]     Code Roots                      471 us
[61.827s][info][gc,stats    ]     CLDG                              5 us
[61.827s][info][gc,stats    ]     Exception Caches                  0 us
[61.827s][info][gc,stats    ] Pause Final Roots (G)               122 us
[61.827s][info][gc,stats    ] Pause Final Roots (N)                46 us
[61.827s][info][gc,stats    ] Pacing                            38601 us
[61.827s][info][gc,stats    ] 
[61.827s][info][gc,stats    ] Allocation pacing accrued:
[61.827s][info][gc,stats    ]      19 of   170 ms ( 11.3%): Executor task launch worker for task 1.0 in stage 110.0 (TID 184)
[61.827s][info][gc,stats    ]      19 of   170 ms ( 11.4%): Executor task launch worker for task 0.0 in stage 110.0 (TID 183)
[61.827s][info][gc,stats    ]      39 of   170 ms ( 22.7%): <total>
[61.827s][info][gc,stats    ]       0 of   170 ms (  0.1%): <average total>
[61.827s][info][gc,stats    ]      19 of   170 ms ( 11.3%): <average non-zero>
[61.827s][info][gc,stats    ] 
[61.827s][info][gc,metaspace] Metaspace: 66248K(67008K)->66284K(67008K) NonClass: 57957K(58368K)->57990K(58368K) Class: 8290K(8640K)->8293K(8640K)
[61.827s][info][gc,ergo     ] Pacer for Idle. Initial: 41943K, Alloc Tax Rate: 1.0x
[61.829s][info][gc          ] Trigger: Explicit GC request (System.gc())
[61.829s][info][gc,ergo     ] Free: 1327M, Max: 1024K regular, 435M humongous, Frag: 67% external, 0% internal; Reserve: 103M, Max: 1024K
[61.829s][info][gc,start    ] GC(178) Concurrent reset
[61.829s][info][gc,task     ] GC(178) Using 1 of 3 workers for concurrent reset
[61.829s][info][gc,ergo     ] GC(178) Pacer for Reset. Non-Taxable: 2048M
[61.830s][info][gc          ] GC(178) Concurrent reset 1.265ms
[61.830s][info][gc,start    ] GC(178) Pause Init Mark (unload classes)
[61.830s][info][gc,task     ] GC(178) Using 3 of 3 workers for init marking
[61.830s][info][gc,ref      ] GC(178) Clearing All SoftReferences
[61.830s][info][gc,ergo     ] GC(178) Pacer for Mark. Expected Live: 171M, Free: 1327M, Non-Taxable: 132M, Alloc Tax Rate: 0.2x
[61.830s][info][gc          ] GC(178) Pause Init Mark (unload classes) 0.136ms
[61.830s][info][gc,start    ] GC(178) Concurrent marking roots
[61.830s][info][gc,task     ] GC(178) Using 1 of 3 workers for concurrent marking roots
[61.839s][info][gc          ] GC(178) Concurrent marking roots 8.239ms
[61.839s][info][gc,start    ] GC(178) Concurrent marking (unload classes)
[61.839s][info][gc,task     ] GC(178) Using 1 of 3 workers for concurrent marking
[61.964s][info][gc          ] GC(178) Concurrent marking (unload classes) 125.738ms
[61.965s][info][gc,start    ] GC(178) Pause Final Mark (unload classes)
[61.965s][info][gc,task     ] GC(178) Using 3 of 3 workers for final marking
[61.965s][info][gc,ergo     ] GC(178) Collectable Garbage: 409M (93%), Immediate: 409M (93%), CSet: 0B (0%)
[61.965s][info][gc          ] GC(178) Pause Final Mark (unload classes) 0.520ms
[61.965s][info][gc,start    ] GC(178) Concurrent weak references
[61.965s][info][gc,task     ] GC(178) Using 1 of 3 workers for concurrent weak references
[61.965s][info][gc,ref      ] GC(178) Encountered references: Soft: 2824, Weak: 5889, Final: 51, Phantom: 579
[61.965s][info][gc,ref      ] GC(178) Discovered  references: Soft: 658, Weak: 959, Final: 0, Phantom: 260
[61.965s][info][gc,ref      ] GC(178) Enqueued    references: Soft: 296, Weak: 173, Final: 0, Phantom: 0
[61.965s][info][gc          ] GC(178) Concurrent weak references 0.263ms
[61.965s][info][gc,start    ] GC(178) Concurrent weak roots
[61.965s][info][gc,task     ] GC(178) Using 1 of 3 workers for concurrent weak root
[61.969s][info][gc          ] GC(178) Concurrent weak roots 3.298ms
[61.969s][info][gc,start    ] GC(178) Concurrent cleanup
[61.969s][info][gc          ] GC(178) Concurrent cleanup 620M->211M(2048M) 0.050ms
[61.969s][info][gc,ergo     ] GC(178) Free: 1731M, Max: 1024K regular, 916M humongous, Frag: 47% external, 0% internal; Reserve: 103M, Max: 1024K
[61.969s][info][gc,start    ] GC(178) Concurrent class unloading
[61.969s][info][gc,task     ] GC(178) Using 1 of 3 workers for concurrent class unloading
[61.988s][info][gc          ] GC(178) Concurrent class unloading 19.103ms
[61.988s][info][gc,start    ] GC(178) Pause Final Roots
[61.988s][info][gc          ] GC(178) Pause Final Roots 0.043ms
[61.988s][info][gc,ergo     ] Free: 1727M, Max: 1024K regular, 916M humongous, Frag: 47% external, 0% internal; Reserve: 103M, Max: 1024K
[61.988s][info][gc,stats    ] 
[61.988s][info][gc,stats    ] All times are wall-clock times, except per-root-class counters, that are sum over
[61.988s][info][gc,stats    ] all workers. Dividing the <total> over the root stage time estimates parallelism.
[61.988s][info][gc,stats    ] 
[61.988s][info][gc,stats    ] Concurrent Reset                   1305 us
[61.988s][info][gc,stats    ] Pause Init Mark (G)                 237 us
[61.988s][info][gc,stats    ] Pause Init Mark (N)                 144 us
[61.988s][info][gc,stats    ]   Update Region States               43 us
[61.988s][info][gc,stats    ] Concurrent Mark Roots              8284 us, parallelism: 0.97x
[61.988s][info][gc,stats    ]   CMR: <total>                     8071 us
[61.988s][info][gc,stats    ]   CMR: Thread Roots                7967 us, workers (us): 7967, ---, ---, 
[61.988s][info][gc,stats    ]   CMR: VM Strong Roots               11 us, workers (us):  11, ---, ---, 
[61.988s][info][gc,stats    ]   CMR: CLDG Roots                    92 us, workers (us):  92, ---, ---, 
[61.988s][info][gc,stats    ] Concurrent Marking               125788 us
[61.988s][info][gc,stats    ] Pause Final Mark (G)                672 us
[61.988s][info][gc,stats    ] Pause Final Mark (N)                551 us
[61.988s][info][gc,stats    ]   Finish Mark                       172 us
[61.988s][info][gc,stats    ]   Update Region States              124 us
[61.988s][info][gc,stats    ]   Choose Collection Set              92 us
[61.988s][info][gc,stats    ]   Rebuild Free Set                   22 us
[61.988s][info][gc,stats    ] Concurrent Weak References          272 us, parallelism: 0.59x
[61.988s][info][gc,stats    ]   CWRF: <total>                     160 us
[61.988s][info][gc,stats    ]   CWRF: Weak References             160 us, workers (us): 160, ---, ---, 
[61.988s][info][gc,stats    ] Concurrent Weak Roots              3342 us
[61.988s][info][gc,stats    ]   Roots                            3109 us, parallelism: 0.98x
[61.988s][info][gc,stats    ]     CWR: <total>                   3045 us
[61.988s][info][gc,stats    ]     CWR: Code Cache Roots          2379 us, workers (us): 2379, ---, ---, 
[61.988s][info][gc,stats    ]     CWR: VM Weak Roots              613 us, workers (us): 613, ---, ---, 
[61.988s][info][gc,stats    ]     CWR: CLDG Roots                  53 us, workers (us):  53, ---, ---, 
[61.988s][info][gc,stats    ]   Rendezvous                        171 us
[61.988s][info][gc,stats    ] Concurrent Cleanup                   59 us
[61.988s][info][gc,stats    ] Concurrent Class Unloading        19151 us
[61.988s][info][gc,stats    ]   Unlink Stale                    18030 us
[61.988s][info][gc,stats    ]     System Dictionary               664 us
[61.988s][info][gc,stats    ]     Weak Class Links               6209 us
[61.988s][info][gc,stats    ]     Code Roots                    11155 us
[61.988s][info][gc,stats    ]   Rendezvous                        150 us
[61.988s][info][gc,stats    ]   Purge Unlinked                    904 us
[61.988s][info][gc,stats    ]     Code Roots                      617 us
[61.988s][info][gc,stats    ]     CLDG                            287 us
[61.988s][info][gc,stats    ]     Exception Caches                  0 us
[61.988s][info][gc,stats    ] Pause Final Roots (G)               144 us
[61.988s][info][gc,stats    ] Pause Final Roots (N)                52 us
[61.988s][info][gc,stats    ] 
[61.988s][info][gc,stats    ] Allocation pacing accrued:
[61.989s][info][gc,stats    ]       0 of   161 ms (  0.0%): <total>
[61.989s][info][gc,stats    ]       0 of   161 ms (  0.0%): <average total>
[61.989s][info][gc,stats    ] 
[61.989s][info][gc,metaspace] Metaspace: 66284K(67008K)->65968K(67072K) NonClass: 57990K(58368K)->57729K(58432K) Class: 8293K(8640K)->8239K(8640K)
[61.989s][info][gc,ergo     ] Pacer for Idle. Initial: 41943K, Alloc Tax Rate: 1.0x
[62.132s][info][gc          ] Trigger: Learning 2 of 5. Free (1428M) is below initial threshold (1433M)
[62.132s][info][gc,ergo     ] Free: 1428M, Max: 1024K regular, 916M humongous, Frag: 35% external, 0% internal; Reserve: 103M, Max: 1024K
[62.132s][info][gc,start    ] GC(179) Concurrent reset
[62.132s][info][gc,task     ] GC(179) Using 1 of 3 workers for concurrent reset
[62.132s][info][gc,ergo     ] GC(179) Pacer for Reset. Non-Taxable: 2048M
[62.133s][info][gc          ] GC(179) Concurrent reset 0.789ms
[62.133s][info][gc,start    ] GC(179) Pause Init Mark (unload classes)
[62.133s][info][gc,task     ] GC(179) Using 3 of 3 workers for init marking
[62.133s][info][gc,ergo     ] GC(179) Pacer for Mark. Expected Live: 171M, Free: 1428M, Non-Taxable: 142M, Alloc Tax Rate: 0.1x
[62.133s][info][gc          ] GC(179) Pause Init Mark (unload classes) 0.162ms
[62.133s][info][gc,start    ] GC(179) Concurrent marking roots
[62.133s][info][gc,task     ] GC(179) Using 1 of 3 workers for concurrent marking roots
[62.142s][info][gc          ] GC(179) Concurrent marking roots 9.487ms
[62.142s][info][gc,start    ] GC(179) Concurrent marking (unload classes)
[62.142s][info][gc,task     ] GC(179) Using 1 of 3 workers for concurrent marking
[62.274s][info][gc          ] GC(179) Concurrent marking (unload classes) 131.617ms
[62.274s][info][gc,start    ] GC(179) Pause Final Mark (unload classes)
[62.274s][info][gc,task     ] GC(179) Using 3 of 3 workers for final marking
[62.274s][info][gc,ergo     ] GC(179) Adaptive CSet Selection. Target Free: 290M, Actual Free: 1365M, Max CSet: 87381K, Min Garbage: 0B
[62.274s][info][gc,ergo     ] GC(179) Collectable Garbage: 334M (98%), Immediate: 277M (81%), CSet: 58836K (16%)
[62.274s][info][gc,ergo     ] GC(179) Pacer for Evacuation. Used CSet: 61220K, Free: 1285M, Non-Taxable: 128M, Alloc Tax Rate: 1.1x
[62.274s][info][gc          ] GC(179) Pause Final Mark (unload classes) 0.265ms
[62.275s][info][gc,start    ] GC(179) Concurrent thread roots
[62.275s][info][gc,task     ] GC(179) Using 1 of 3 workers for Concurrent thread roots
[62.283s][info][gc          ] GC(179) Concurrent thread roots 8.159ms
[62.283s][info][gc,start    ] GC(179) Concurrent weak references
[62.283s][info][gc,task     ] GC(179) Using 1 of 3 workers for concurrent weak references
[62.283s][info][gc,ref      ] GC(179) Encountered references: Soft: 2912, Weak: 5975, Final: 51, Phantom: 579
[62.283s][info][gc,ref      ] GC(179) Discovered  references: Soft: 0, Weak: 878, Final: 0, Phantom: 260
[62.283s][info][gc,ref      ] GC(179) Enqueued    references: Soft: 0, Weak: 97, Final: 0, Phantom: 0
[62.283s][info][gc          ] GC(179) Concurrent weak references 0.314ms
[62.283s][info][gc,start    ] GC(179) Concurrent weak roots
[62.283s][info][gc,task     ] GC(179) Using 1 of 3 workers for concurrent weak root
[62.287s][info][gc          ] GC(179) Concurrent weak roots 4.158ms
[62.287s][info][gc,start    ] GC(179) Concurrent cleanup
[62.287s][info][gc          ] GC(179) Concurrent cleanup 977M->700M(2048M) 0.068ms
[62.287s][info][gc,ergo     ] GC(179) Free: 1242M, Max: 1024K regular, 916M humongous, Frag: 26% external, 0% internal; Reserve: 102M, Max: 1024K
[62.287s][info][gc,start    ] GC(179) Concurrent class unloading
[62.287s][info][gc,task     ] GC(179) Using 1 of 3 workers for concurrent class unloading
[62.299s][info][gc          ] GC(179) Concurrent class unloading 11.974ms
[62.299s][info][gc,start    ] GC(179) Concurrent strong roots
[62.299s][info][gc,task     ] GC(179) Using 1 of 3 workers for concurrent strong root
[62.300s][info][gc          ] GC(179) Concurrent strong roots 0.344ms
[62.300s][info][gc,start    ] GC(179) Concurrent evacuation
[62.300s][info][gc,task     ] GC(179) Using 1 of 3 workers for concurrent evacuation
[62.301s][info][gc          ] GC(179) Concurrent evacuation 1.726ms
[62.302s][info][gc,start    ] GC(179) Pause Init Update Refs
[62.302s][info][gc,ergo     ] GC(179) Pacer for Update Refs. Used: 743M, Free: 1202M, Non-Taxable: 120M, Alloc Tax Rate: 1.1x
[62.302s][info][gc          ] GC(179) Pause Init Update Refs 0.077ms
[62.302s][info][gc,start    ] GC(179) Concurrent update references
[62.302s][info][gc,task     ] GC(179) Using 1 of 3 workers for concurrent reference update
[62.477s][info][gc          ] GC(179) Concurrent update references 175.018ms
[62.477s][info][gc,start    ] GC(179) Concurrent update thread roots
[62.489s][info][gc          ] GC(179) Concurrent update thread roots 11.784ms
[62.489s][info][gc,start    ] GC(179) Pause Final Update Refs
[62.489s][info][gc,task     ] GC(179) Using 3 of 3 workers for final reference update
[62.489s][info][gc          ] GC(179) Pause Final Update Refs 0.155ms
[62.489s][info][gc,start    ] GC(179) Concurrent cleanup
[62.489s][info][gc          ] GC(179) Concurrent cleanup 1258M->1200M(2048M) 0.087ms
[62.489s][info][gc,ergo     ] Free: 742M, Max: 1024K regular, 666M humongous, Frag: 8% external, 0% internal; Reserve: 103M, Max: 1024K
[62.489s][info][gc,stats    ] 
[62.489s][info][gc,stats    ] All times are wall-clock times, except per-root-class counters, that are sum over
[62.489s][info][gc,stats    ] all workers. Dividing the <total> over the root stage time estimates parallelism.
[62.489s][info][gc,stats    ] 
[62.489s][info][gc,stats    ] Concurrent Reset                    853 us
[62.489s][info][gc,stats    ] Pause Init Mark (G)                 303 us
[62.489s][info][gc,stats    ] Pause Init Mark (N)                 171 us
[62.489s][info][gc,stats    ]   Update Region States               80 us
[62.489s][info][gc,stats    ] Concurrent Mark Roots              9531 us, parallelism: 0.95x
[62.489s][info][gc,stats    ]   CMR: <total>                     9094 us
[62.489s][info][gc,stats    ]   CMR: Thread Roots                8957 us, workers (us): 8957, ---, ---, 
[62.489s][info][gc,stats    ]   CMR: VM Strong Roots               17 us, workers (us):  17, ---, ---, 
[62.489s][info][gc,stats    ]   CMR: CLDG Roots                   119 us, workers (us): 119, ---, ---, 
[62.490s][info][gc,stats    ] Concurrent Marking               131667 us
[62.490s][info][gc,stats    ] Pause Final Mark (G)                366 us
[62.490s][info][gc,stats    ] Pause Final Mark (N)                273 us
[62.490s][info][gc,stats    ]   Finish Mark                        59 us
[62.490s][info][gc,stats    ]   Update Region States               35 us
[62.490s][info][gc,stats    ]   Choose Collection Set              71 us
[62.490s][info][gc,stats    ]   Rebuild Free Set                    8 us
[62.490s][info][gc,stats    ] Concurrent Thread Roots            8198 us, parallelism: 0.98x
[62.490s][info][gc,stats    ]   CTR: <total>                     8073 us
[62.490s][info][gc,stats    ]   CTR: Thread Roots                8073 us, workers (us): 8073, ---, ---, 
[62.490s][info][gc,stats    ] Concurrent Weak References          331 us, parallelism: 0.41x
[62.490s][info][gc,stats    ]   CWRF: <total>                     134 us
[62.490s][info][gc,stats    ]   CWRF: Weak References             134 us, workers (us): 134, ---, ---, 
[62.490s][info][gc,stats    ] Concurrent Weak Roots              4206 us
[62.490s][info][gc,stats    ]   Roots                            3910 us, parallelism: 0.97x
[62.490s][info][gc,stats    ]     CWR: <total>                   3792 us
[62.490s][info][gc,stats    ]     CWR: Code Cache Roots          2641 us, workers (us): 2641, ---, ---, 
[62.490s][info][gc,stats    ]     CWR: VM Weak Roots             1079 us, workers (us): 1079, ---, ---, 
[62.490s][info][gc,stats    ]     CWR: CLDG Roots                  73 us, workers (us):  73, ---, ---, 
[62.490s][info][gc,stats    ]   Rendezvous                        213 us
[62.490s][info][gc,stats    ] Concurrent Cleanup                   86 us
[62.490s][info][gc,stats    ] Concurrent Class Unloading        12011 us
[62.490s][info][gc,stats    ]   Unlink Stale                    11164 us
[62.490s][info][gc,stats    ]     System Dictionary                66 us
[62.490s][info][gc,stats    ]     Weak Class Links                  0 us
[62.490s][info][gc,stats    ]     Code Roots                    11096 us
[62.490s][info][gc,stats    ]   Rendezvous                        217 us
[62.490s][info][gc,stats    ]   Purge Unlinked                    559 us
[62.490s][info][gc,stats    ]     Code Roots                      553 us
[62.490s][info][gc,stats    ]     CLDG                              6 us
[62.490s][info][gc,stats    ]     Exception Caches                  0 us
[62.490s][info][gc,stats    ] Concurrent Strong Roots             362 us, parallelism: 0.72x
[62.490s][info][gc,stats    ]   CSR: <total>                      259 us
[62.490s][info][gc,stats    ]   CSR: VM Strong Roots               13 us, workers (us):  13, ---, ---, 
[62.490s][info][gc,stats    ]   CSR: CLDG Roots                   246 us, workers (us): 246, ---, ---, 
[62.490s][info][gc,stats    ] Concurrent Evacuation              1763 us
[62.490s][info][gc,stats    ] Pause Init Update Refs (G)          259 us
[62.490s][info][gc,stats    ] Pause Init Update Refs (N)           86 us
[62.490s][info][gc,stats    ]   Manage GCLABs                      15 us
[62.490s][info][gc,stats    ] Concurrent Update Refs           175090 us
[62.490s][info][gc,stats    ] Concurrent Update Thread Roots    11870 us
[62.490s][info][gc,stats    ] Pause Final Update Refs (G)         347 us
[62.490s][info][gc,stats    ] Pause Final Update Refs (N)         176 us
[62.490s][info][gc,stats    ]   Update Region States               74 us
[62.490s][info][gc,stats    ]   Trash Collection Set                3 us
[62.490s][info][gc,stats    ]   Rebuild Free Set                    7 us
[62.490s][info][gc,stats    ] Concurrent Cleanup                  114 us
[62.490s][info][gc,stats    ] Pacing                            46343 us
[62.490s][info][gc,stats    ] 
[62.490s][info][gc,stats    ] Allocation pacing accrued:
[62.490s][info][gc,stats    ]      24 of   501 ms (  4.7%): Executor task launch worker for task 0.0 in stage 112.0 (TID 186)
[62.490s][info][gc,stats    ]      23 of   501 ms (  4.5%): Executor task launch worker for task 1.0 in stage 112.0 (TID 187)
[62.490s][info][gc,stats    ]      46 of   501 ms (  9.2%): <total>
[62.490s][info][gc,stats    ]       0 of   501 ms (  0.0%): <average total>
[62.490s][info][gc,stats    ]      23 of   501 ms (  4.6%): <average non-zero>
[62.490s][info][gc,stats    ] 
[62.490s][info][gc,metaspace] Metaspace: 66277K(67072K)->66277K(67072K) NonClass: 57986K(58432K)->57986K(58432K) Class: 8291K(8640K)->8291K(8640K)
[62.490s][info][gc,ergo     ] Pacer for Idle. Initial: 41943K, Alloc Tax Rate: 1.0x
[62.495s][info][gc          ] Trigger: Learning 3 of 5. Free (722M) is below initial threshold (1433M)
[62.496s][info][gc,ergo     ] Free: 721M, Max: 1024K regular, 666M humongous, Frag: 5% external, 0% internal; Reserve: 103M, Max: 1024K
[62.496s][info][gc,start    ] GC(180) Concurrent reset
[62.496s][info][gc,task     ] GC(180) Using 1 of 3 workers for concurrent reset
[62.496s][info][gc,ergo     ] GC(180) Pacer for Reset. Non-Taxable: 2048M
[62.497s][info][gc          ] GC(180) Concurrent reset 1.220ms
[62.497s][info][gc,start    ] GC(180) Pause Init Mark (unload classes)
[62.497s][info][gc,task     ] GC(180) Using 3 of 3 workers for init marking
[62.497s][info][gc,ergo     ] GC(180) Pacer for Mark. Expected Live: 171M, Free: 717M, Non-Taxable: 73519K, Alloc Tax Rate: 0.3x
[62.497s][info][gc          ] GC(180) Pause Init Mark (unload classes) 0.185ms
[62.497s][info][gc,start    ] GC(180) Concurrent marking roots
[62.497s][info][gc,task     ] GC(180) Using 1 of 3 workers for concurrent marking roots
[62.506s][info][gc          ] GC(180) Concurrent marking roots 8.551ms
[62.506s][info][gc,start    ] GC(180) Concurrent marking (unload classes)
[62.506s][info][gc,task     ] GC(180) Using 1 of 3 workers for concurrent marking
[62.635s][info][gc          ] GC(180) Concurrent marking (unload classes) 129.042ms
[62.635s][info][gc,start    ] GC(180) Pause Final Mark (unload classes)
[62.635s][info][gc,task     ] GC(180) Using 3 of 3 workers for final marking
[62.635s][info][gc,ergo     ] GC(180) Collectable Garbage: 1033M (98%), Immediate: 1033M (98%), CSet: 0B (0%)
[62.635s][info][gc          ] GC(180) Pause Final Mark (unload classes) 0.316ms
[62.635s][info][gc,start    ] GC(180) Concurrent weak references
[62.635s][info][gc,task     ] GC(180) Using 1 of 3 workers for concurrent weak references
[62.636s][info][gc,ref      ] GC(180) Encountered references: Soft: 2912, Weak: 5878, Final: 51, Phantom: 579
[62.636s][info][gc,ref      ] GC(180) Discovered  references: Soft: 0, Weak: 782, Final: 0, Phantom: 260
[62.636s][info][gc,ref      ] GC(180) Enqueued    references: Soft: 0, Weak: 16, Final: 0, Phantom: 0
[62.636s][info][gc          ] GC(180) Concurrent weak references 0.276ms
[62.636s][info][gc,start    ] GC(180) Concurrent weak roots
[62.636s][info][gc,task     ] GC(180) Using 1 of 3 workers for concurrent weak root
[62.639s][info][gc          ] GC(180) Concurrent weak roots 3.393ms
[62.639s][info][gc,start    ] GC(180) Concurrent cleanup
[62.639s][info][gc          ] GC(180) Concurrent cleanup 1613M->580M(2048M) 0.077ms
[62.639s][info][gc,ergo     ] GC(180) Free: 1362M, Max: 1024K regular, 309M humongous, Frag: 77% external, 0% internal; Reserve: 103M, Max: 1024K
[62.639s][info][gc,start    ] GC(180) Concurrent class unloading
[62.639s][info][gc,task     ] GC(180) Using 1 of 3 workers for concurrent class unloading
[62.651s][info][gc          ] GC(180) Concurrent class unloading 11.905ms
[62.651s][info][gc,start    ] GC(180) Pause Final Roots
[62.651s][info][gc          ] GC(180) Pause Final Roots 0.055ms
[62.651s][info][gc,ergo     ] Free: 1319M, Max: 1024K regular, 309M humongous, Frag: 77% external, 0% internal; Reserve: 103M, Max: 1024K
[62.651s][info][gc,stats    ] 
[62.651s][info][gc,stats    ] All times are wall-clock times, except per-root-class counters, that are sum over
[62.651s][info][gc,stats    ] all workers. Dividing the <total> over the root stage time estimates parallelism.
[62.651s][info][gc,stats    ] 
[62.651s][info][gc,stats    ] Concurrent Reset                   1238 us
[62.651s][info][gc,stats    ] Pause Init Mark (G)                 364 us
[62.651s][info][gc,stats    ] Pause Init Mark (N)                 203 us
[62.651s][info][gc,stats    ]   Update Region States               50 us
[62.651s][info][gc,stats    ] Concurrent Mark Roots              8607 us, parallelism: 0.97x
[62.652s][info][gc,stats    ]   CMR: <total>                     8354 us
[62.652s][info][gc,stats    ]   CMR: Thread Roots                8191 us, workers (us): 8191, ---, ---, 
[62.652s][info][gc,stats    ]   CMR: VM Strong Roots               18 us, workers (us):  18, ---, ---, 
[62.652s][info][gc,stats    ]   CMR: CLDG Roots                   145 us, workers (us): 145, ---, ---, 
[62.652s][info][gc,stats    ] Concurrent Marking               129126 us
[62.652s][info][gc,stats    ] Pause Final Mark (G)                438 us
[62.652s][info][gc,stats    ] Pause Final Mark (N)                340 us
[62.652s][info][gc,stats    ]   Finish Mark                        74 us
[62.652s][info][gc,stats    ]   Update Region States               76 us
[62.652s][info][gc,stats    ]   Choose Collection Set              75 us
[62.652s][info][gc,stats    ]   Rebuild Free Set                   17 us
[62.652s][info][gc,stats    ] Concurrent Weak References          297 us, parallelism: 0.17x
[62.652s][info][gc,stats    ]   CWRF: <total>                      50 us
[62.652s][info][gc,stats    ]   CWRF: Weak References              50 us, workers (us):  50, ---, ---, 
[62.652s][info][gc,stats    ] Concurrent Weak Roots              3423 us
[62.652s][info][gc,stats    ]   Roots                            3090 us, parallelism: 0.99x
[62.652s][info][gc,stats    ]     CWR: <total>                   3047 us
[62.652s][info][gc,stats    ]     CWR: Code Cache Roots          2684 us, workers (us): 2684, ---, ---, 
[62.652s][info][gc,stats    ]     CWR: VM Weak Roots              321 us, workers (us): 321, ---, ---, 
[62.652s][info][gc,stats    ]     CWR: CLDG Roots                  42 us, workers (us):  42, ---, ---, 
[62.652s][info][gc,stats    ]   Rendezvous                        263 us
[62.652s][info][gc,stats    ] Concurrent Cleanup                   85 us
[62.652s][info][gc,stats    ] Concurrent Class Unloading        11954 us
[62.652s][info][gc,stats    ]   Unlink Stale                    10977 us
[62.652s][info][gc,stats    ]     System Dictionary                57 us
[62.652s][info][gc,stats    ]     Weak Class Links                  0 us
[62.652s][info][gc,stats    ]     Code Roots                    10918 us
[62.652s][info][gc,stats    ]   Rendezvous                        348 us
[62.652s][info][gc,stats    ]   Purge Unlinked                    563 us
[62.652s][info][gc,stats    ]     Code Roots                      553 us
[62.652s][info][gc,stats    ]     CLDG                              9 us
[62.652s][info][gc,stats    ]     Exception Caches                  0 us
[62.652s][info][gc,stats    ] Pause Final Roots (G)               161 us
[62.652s][info][gc,stats    ] Pause Final Roots (N)                65 us
[62.652s][info][gc,stats    ] Pacing                            54245 us
[62.652s][info][gc,stats    ] 
[62.652s][info][gc,stats    ] Allocation pacing accrued:
[62.652s][info][gc,stats    ]      27 of   162 ms ( 16.7%): Executor task launch worker for task 0.0 in stage 112.0 (TID 186)
[62.652s][info][gc,stats    ]      27 of   162 ms ( 16.7%): Executor task launch worker for task 1.0 in stage 112.0 (TID 187)
[62.652s][info][gc,stats    ]      54 of   162 ms ( 33.5%): <total>
[62.652s][info][gc,stats    ]       0 of   162 ms (  0.1%): <average total>
[62.652s][info][gc,stats    ]      27 of   162 ms ( 16.7%): <average non-zero>
[62.652s][info][gc,stats    ] 
[62.652s][info][gc,metaspace] Metaspace: 66277K(67072K)->66277K(67072K) NonClass: 57986K(58432K)->57986K(58432K) Class: 8291K(8640K)->8291K(8640K)
[62.652s][info][gc,ergo     ] Pacer for Idle. Initial: 41943K, Alloc Tax Rate: 1.0x
[62.668s][info][gc          ] Trigger: Learning 4 of 5. Free (1275M) is below initial threshold (1433M)
[62.669s][info][gc,ergo     ] Free: 1275M, Max: 1024K regular, 309M humongous, Frag: 76% external, 0% internal; Reserve: 103M, Max: 1024K
[62.669s][info][gc,start    ] GC(181) Concurrent reset
[62.669s][info][gc,task     ] GC(181) Using 1 of 3 workers for concurrent reset
[62.669s][info][gc,ergo     ] GC(181) Pacer for Reset. Non-Taxable: 2048M
[62.670s][info][gc          ] GC(181) Concurrent reset 1.195ms
[62.670s][info][gc,start    ] GC(181) Pause Init Mark (unload classes)
[62.670s][info][gc,task     ] GC(181) Using 3 of 3 workers for init marking
[62.670s][info][gc,ergo     ] GC(181) Pacer for Mark. Expected Live: 171M, Free: 1275M, Non-Taxable: 127M, Alloc Tax Rate: 0.2x
[62.670s][info][gc          ] GC(181) Pause Init Mark (unload classes) 0.197ms
[62.670s][info][gc,start    ] GC(181) Concurrent marking roots
[62.670s][info][gc,task     ] GC(181) Using 1 of 3 workers for concurrent marking roots
[62.679s][info][gc          ] GC(181) Concurrent marking roots 8.917ms
[62.679s][info][gc,start    ] GC(181) Concurrent marking (unload classes)
[62.679s][info][gc,task     ] GC(181) Using 1 of 3 workers for concurrent marking
[62.810s][info][gc          ] GC(181) Concurrent marking (unload classes) 130.587ms
[62.810s][info][gc,start    ] GC(181) Pause Final Mark (unload classes)
[62.810s][info][gc,task     ] GC(181) Using 3 of 3 workers for final marking
[62.810s][info][gc,ergo     ] GC(181) Collectable Garbage: 476M (96%), Immediate: 476M (96%), CSet: 0B (0%)
[62.810s][info][gc          ] GC(181) Pause Final Mark (unload classes) 0.203ms
[62.810s][info][gc,start    ] GC(181) Concurrent weak references
[62.810s][info][gc,task     ] GC(181) Using 1 of 3 workers for concurrent weak references
[62.810s][info][gc,ref      ] GC(181) Encountered references: Soft: 2912, Weak: 5862, Final: 51, Phantom: 579
[62.810s][info][gc,ref      ] GC(181) Discovered  references: Soft: 0, Weak: 776, Final: 0, Phantom: 260
[62.810s][info][gc,ref      ] GC(181) Enqueued    references: Soft: 0, Weak: 0, Final: 0, Phantom: 0
[62.810s][info][gc          ] GC(181) Concurrent weak references 0.143ms
[62.810s][info][gc,start    ] GC(181) Concurrent weak roots
[62.810s][info][gc,task     ] GC(181) Using 1 of 3 workers for concurrent weak root
[62.814s][info][gc          ] GC(181) Concurrent weak roots 3.371ms
[62.814s][info][gc,start    ] GC(181) Concurrent cleanup
[62.814s][info][gc          ] GC(181) Concurrent cleanup 1101M->624M(2048M) 0.082ms
[62.814s][info][gc,ergo     ] GC(181) Free: 1318M, Max: 1024K regular, 543M humongous, Frag: 59% external, 0% internal; Reserve: 103M, Max: 1024K
[62.814s][info][gc,start    ] GC(181) Concurrent class unloading
[62.814s][info][gc,task     ] GC(181) Using 1 of 3 workers for concurrent class unloading
[62.826s][info][gc          ] GC(181) Concurrent class unloading 12.280ms
[62.826s][info][gc,start    ] GC(181) Pause Final Roots
[62.826s][info][gc          ] GC(181) Pause Final Roots 0.041ms
[62.826s][info][gc,ergo     ] Free: 1278M, Max: 1024K regular, 543M humongous, Frag: 57% external, 0% internal; Reserve: 103M, Max: 1024K
[62.826s][info][gc,stats    ] 
[62.826s][info][gc,stats    ] All times are wall-clock times, except per-root-class counters, that are sum over
[62.826s][info][gc,stats    ] all workers. Dividing the <total> over the root stage time estimates parallelism.
[62.826s][info][gc,stats    ] 
[62.826s][info][gc,stats    ] Concurrent Reset                   1273 us
[62.826s][info][gc,stats    ] Pause Init Mark (G)                 331 us
[62.826s][info][gc,stats    ] Pause Init Mark (N)                 207 us
[62.826s][info][gc,stats    ]   Update Region States               87 us
[62.826s][info][gc,stats    ] Concurrent Mark Roots              8983 us, parallelism: 0.97x
[62.826s][info][gc,stats    ]   CMR: <total>                     8743 us
[62.826s][info][gc,stats    ]   CMR: Thread Roots                8660 us, workers (us): 8660, ---, ---, 
[62.826s][info][gc,stats    ]   CMR: VM Strong Roots               12 us, workers (us):  12, ---, ---, 
[62.826s][info][gc,stats    ]   CMR: CLDG Roots                    71 us, workers (us):  71, ---, ---, 
[62.826s][info][gc,stats    ] Concurrent Marking               130636 us
[62.826s][info][gc,stats    ] Pause Final Mark (G)                319 us
[62.826s][info][gc,stats    ] Pause Final Mark (N)                212 us
[62.826s][info][gc,stats    ]   Finish Mark                        69 us
[62.826s][info][gc,stats    ]   Update Region States               35 us
[62.826s][info][gc,stats    ]   Choose Collection Set              34 us
[62.827s][info][gc,stats    ]   Rebuild Free Set                    8 us
[62.827s][info][gc,stats    ] Concurrent Weak References          150 us, parallelism: 0.34x
[62.827s][info][gc,stats    ]   CWRF: <total>                      51 us
[62.827s][info][gc,stats    ]   CWRF: Weak References              51 us, workers (us):  51, ---, ---, 
[62.827s][info][gc,stats    ] Concurrent Weak Roots              3408 us
[62.827s][info][gc,stats    ]   Roots                            3131 us, parallelism: 0.98x
[62.827s][info][gc,stats    ]     CWR: <total>                   3062 us
[62.827s][info][gc,stats    ]     CWR: Code Cache Roots          2706 us, workers (us): 2706, ---, ---, 
[62.827s][info][gc,stats    ]     CWR: VM Weak Roots              312 us, workers (us): 312, ---, ---, 
[62.827s][info][gc,stats    ]     CWR: CLDG Roots                  44 us, workers (us):  44, ---, ---, 
[62.827s][info][gc,stats    ]   Rendezvous                        222 us
[62.827s][info][gc,stats    ] Concurrent Cleanup                   99 us
[62.827s][info][gc,stats    ] Concurrent Class Unloading        12340 us
[62.827s][info][gc,stats    ]   Unlink Stale                    11249 us
[62.827s][info][gc,stats    ]     System Dictionary                63 us
[62.827s][info][gc,stats    ]     Weak Class Links                  0 us
[62.827s][info][gc,stats    ]     Code Roots                    11184 us
[62.827s][info][gc,stats    ]   Rendezvous                        258 us
[62.827s][info][gc,stats    ]   Purge Unlinked                    740 us
[62.827s][info][gc,stats    ]     Code Roots                      734 us
[62.827s][info][gc,stats    ]     CLDG                              6 us
[62.827s][info][gc,stats    ]     Exception Caches                  0 us
[62.827s][info][gc,stats    ] Pause Final Roots (G)               172 us
[62.827s][info][gc,stats    ] Pause Final Roots (N)                50 us
[62.827s][info][gc,stats    ] Pacing                            41533 us
[62.827s][info][gc,stats    ] 
[62.827s][info][gc,stats    ] Allocation pacing accrued:
[62.827s][info][gc,stats    ]      21 of   175 ms ( 11.9%): Executor task launch worker for task 0.0 in stage 112.0 (TID 186)
[62.827s][info][gc,stats    ]      21 of   175 ms ( 11.8%): Executor task launch worker for task 1.0 in stage 112.0 (TID 187)
[62.827s][info][gc,stats    ]      42 of   175 ms ( 23.8%): <total>
[62.827s][info][gc,stats    ]       0 of   175 ms (  0.1%): <average total>
[62.827s][info][gc,stats    ]      21 of   175 ms ( 11.9%): <average non-zero>
[62.827s][info][gc,stats    ] 
[62.827s][info][gc,metaspace] Metaspace: 66277K(67072K)->66288K(67072K) NonClass: 57986K(58432K)->57996K(58432K) Class: 8291K(8640K)->8291K(8640K)
[62.827s][info][gc,ergo     ] Pacer for Idle. Initial: 41943K, Alloc Tax Rate: 1.0x
[62.841s][info][gc          ] Trigger: Learning 5 of 5. Free (1265M) is below initial threshold (1433M)
[62.841s][info][gc,ergo     ] Free: 1265M, Max: 1024K regular, 543M humongous, Frag: 57% external, 0% internal; Reserve: 103M, Max: 1024K
[62.841s][info][gc,start    ] GC(182) Concurrent reset
[62.841s][info][gc,task     ] GC(182) Using 1 of 3 workers for concurrent reset
[62.841s][info][gc,ergo     ] GC(182) Pacer for Reset. Non-Taxable: 2048M
[62.842s][info][gc          ] GC(182) Concurrent reset 1.063ms
[62.842s][info][gc,start    ] GC(182) Pause Init Mark (unload classes)
[62.842s][info][gc,task     ] GC(182) Using 3 of 3 workers for init marking
[62.842s][info][gc,ergo     ] GC(182) Pacer for Mark. Expected Live: 171M, Free: 1261M, Non-Taxable: 126M, Alloc Tax Rate: 0.2x
[62.842s][info][gc          ] GC(182) Pause Init Mark (unload classes) 0.139ms
[62.843s][info][gc,start    ] GC(182) Concurrent marking roots
[62.843s][info][gc,task     ] GC(182) Using 1 of 3 workers for concurrent marking roots
[62.851s][info][gc          ] GC(182) Concurrent marking roots 8.681ms
[62.851s][info][gc,start    ] GC(182) Concurrent marking (unload classes)
[62.851s][info][gc,task     ] GC(182) Using 1 of 3 workers for concurrent marking
[62.980s][info][gc          ] GC(182) Concurrent marking (unload classes) 128.449ms
[62.980s][info][gc,start    ] GC(182) Pause Final Mark (unload classes)
[62.980s][info][gc,task     ] GC(182) Using 3 of 3 workers for final marking
[62.980s][info][gc,ergo     ] GC(182) Collectable Garbage: 475M (94%), Immediate: 475M (94%), CSet: 0B (0%)
[62.980s][info][gc          ] GC(182) Pause Final Mark (unload classes) 0.517ms
[62.980s][info][gc,start    ] GC(182) Concurrent weak references
[62.980s][info][gc,task     ] GC(182) Using 1 of 3 workers for concurrent weak references
[62.981s][info][gc,ref      ] GC(182) Encountered references: Soft: 2928, Weak: 5964, Final: 51, Phantom: 579
[62.981s][info][gc,ref      ] GC(182) Discovered  references: Soft: 0, Weak: 804, Final: 0, Phantom: 260
[62.981s][info][gc,ref      ] GC(182) Enqueued    references: Soft: 0, Weak: 7, Final: 0, Phantom: 0
[62.981s][info][gc          ] GC(182) Concurrent weak references 0.216ms
[62.981s][info][gc,start    ] GC(182) Concurrent weak roots
[62.981s][info][gc,task     ] GC(182) Using 1 of 3 workers for concurrent weak root
[62.984s][info][gc          ] GC(182) Concurrent weak roots 3.521ms
[62.984s][info][gc,start    ] GC(182) Concurrent cleanup
[62.984s][info][gc          ] GC(182) Concurrent cleanup 687M->211M(2048M) 0.083ms
[62.984s][info][gc,ergo     ] GC(182) Free: 1730M, Max: 1024K regular, 960M humongous, Frag: 44% external, 0% internal; Reserve: 103M, Max: 1024K
[62.984s][info][gc,start    ] GC(182) Concurrent class unloading
[62.984s][info][gc,task     ] GC(182) Using 1 of 3 workers for concurrent class unloading
[62.995s][info][gc          ] GC(182) Concurrent class unloading 10.786ms
[62.995s][info][gc,start    ] GC(182) Pause Final Roots
[62.995s][info][gc          ] GC(182) Pause Final Roots 0.041ms
[62.995s][info][gc,ergo     ] Free: 1730M, Max: 1024K regular, 960M humongous, Frag: 44% external, 0% internal; Reserve: 103M, Max: 1024K
[62.995s][info][gc,stats    ] 
[62.995s][info][gc,stats    ] All times are wall-clock times, except per-root-class counters, that are sum over
[62.995s][info][gc,stats    ] all workers. Dividing the <total> over the root stage time estimates parallelism.
[62.995s][info][gc,stats    ] 
[62.995s][info][gc,stats    ] Concurrent Reset                   1147 us
[62.996s][info][gc,stats    ] Pause Init Mark (G)                 325 us
[62.996s][info][gc,stats    ] Pause Init Mark (N)                 149 us
[62.996s][info][gc,stats    ]   Update Region States               42 us
[62.996s][info][gc,stats    ] Concurrent Mark Roots              8729 us, parallelism: 0.98x
[62.996s][info][gc,stats    ]   CMR: <total>                     8522 us
[62.996s][info][gc,stats    ]   CMR: Thread Roots                8432 us, workers (us): 8432, ---, ---, 
[62.996s][info][gc,stats    ]   CMR: VM Strong Roots               13 us, workers (us):  13, ---, ---, 
[62.996s][info][gc,stats    ]   CMR: CLDG Roots                    77 us, workers (us):  77, ---, ---, 
[62.996s][info][gc,stats    ] Concurrent Marking               128497 us
[62.996s][info][gc,stats    ] Pause Final Mark (G)                676 us
[62.996s][info][gc,stats    ] Pause Final Mark (N)                543 us
[62.996s][info][gc,stats    ]   Finish Mark                       180 us
[62.996s][info][gc,stats    ]   Update Region States              125 us
[62.996s][info][gc,stats    ]   Choose Collection Set              84 us
[62.996s][info][gc,stats    ]   Rebuild Free Set                   22 us
[62.996s][info][gc,stats    ] Concurrent Weak References          224 us, parallelism: 0.34x
[62.996s][info][gc,stats    ]   CWRF: <total>                      77 us
[62.996s][info][gc,stats    ]   CWRF: Weak References              77 us, workers (us):  77, ---, ---, 
[62.996s][info][gc,stats    ] Concurrent Weak Roots              3584 us
[62.996s][info][gc,stats    ]   Roots                            3323 us, parallelism: 0.87x
[62.996s][info][gc,stats    ]     CWR: <total>                   2882 us
[62.996s][info][gc,stats    ]     CWR: Code Cache Roots          2229 us, workers (us): 2229, ---, ---, 
[62.996s][info][gc,stats    ]     CWR: VM Weak Roots              603 us, workers (us): 603, ---, ---, 
[62.996s][info][gc,stats    ]     CWR: CLDG Roots                  50 us, workers (us):  50, ---, ---, 
[62.996s][info][gc,stats    ]   Rendezvous                        178 us
[62.996s][info][gc,stats    ] Concurrent Cleanup                  102 us
[62.996s][info][gc,stats    ] Concurrent Class Unloading        10834 us
[62.996s][info][gc,stats    ]   Unlink Stale                     9977 us
[62.996s][info][gc,stats    ]     System Dictionary                51 us
[62.996s][info][gc,stats    ]     Weak Class Links                  0 us
[62.996s][info][gc,stats    ]     Code Roots                     9925 us
[62.996s][info][gc,stats    ]   Rendezvous                        230 us
[62.996s][info][gc,stats    ]   Purge Unlinked                    544 us
[62.996s][info][gc,stats    ]     Code Roots                      535 us
[62.996s][info][gc,stats    ]     CLDG                              9 us
[62.996s][info][gc,stats    ]     Exception Caches                  0 us
[62.996s][info][gc,stats    ] Pause Final Roots (G)               134 us
[62.996s][info][gc,stats    ] Pause Final Roots (N)                50 us
[62.996s][info][gc,stats    ] 
[62.996s][info][gc,stats    ] Allocation pacing accrued:
[62.996s][info][gc,stats    ]       0 of   169 ms (  0.0%): <total>
[62.996s][info][gc,stats    ]       0 of   169 ms (  0.0%): <average total>
[62.996s][info][gc,stats    ] 
[62.996s][info][gc,metaspace] Metaspace: 66306K(67072K)->66309K(67072K) NonClass: 58012K(58432K)->58015K(58432K) Class: 8294K(8640K)->8294K(8640K)
[62.996s][info][gc,ergo     ] Pacer for Idle. Initial: 41943K, Alloc Tax Rate: 1.0x
[62.997s][info][gc          ] Trigger: Explicit GC request (System.gc())
[62.997s][info][gc,ergo     ] Free: 1730M, Max: 1024K regular, 960M humongous, Frag: 44% external, 0% internal; Reserve: 103M, Max: 1024K
[62.997s][info][gc,start    ] GC(183) Concurrent reset
[62.997s][info][gc,task     ] GC(183) Using 1 of 3 workers for concurrent reset
[62.997s][info][gc,ergo     ] GC(183) Pacer for Reset. Non-Taxable: 2048M
[62.999s][info][gc          ] GC(183) Concurrent reset 1.238ms
[62.999s][info][gc,start    ] GC(183) Pause Init Mark (unload classes)
[62.999s][info][gc,task     ] GC(183) Using 3 of 3 workers for init marking
[62.999s][info][gc,ref      ] GC(183) Clearing All SoftReferences
[62.999s][info][gc,ergo     ] GC(183) Pacer for Mark. Expected Live: 171M, Free: 1730M, Non-Taxable: 173M, Alloc Tax Rate: 0.1x
[62.999s][info][gc          ] GC(183) Pause Init Mark (unload classes) 0.245ms
[62.999s][info][gc,start    ] GC(183) Concurrent marking roots
[62.999s][info][gc,task     ] GC(183) Using 1 of 3 workers for concurrent marking roots
[63.008s][info][gc          ] GC(183) Concurrent marking roots 8.400ms
[63.008s][info][gc,start    ] GC(183) Concurrent marking (unload classes)
[63.008s][info][gc,task     ] GC(183) Using 1 of 3 workers for concurrent marking
[63.136s][info][gc          ] GC(183) Concurrent marking (unload classes) 128.790ms
[63.137s][info][gc,start    ] GC(183) Pause Final Mark (unload classes)
[63.137s][info][gc,task     ] GC(183) Using 3 of 3 workers for final marking
[63.137s][info][gc,ergo     ] GC(183) Adaptive CSet Selection. Target Free: 290M, Actual Free: 1814M, Max CSet: 87381K, Min Garbage: 0B
[63.137s][info][gc,ergo     ] GC(183) Collectable Garbage: 37032K (88%), Immediate: 2048K (4%), CSet: 34984K (83%)
[63.137s][info][gc,ergo     ] GC(183) Pacer for Evacuation. Used CSet: 35840K, Free: 1732M, Non-Taxable: 173M, Alloc Tax Rate: 1.1x
[63.137s][info][gc          ] GC(183) Pause Final Mark (unload classes) 0.318ms
[63.137s][info][gc,start    ] GC(183) Concurrent thread roots
[63.137s][info][gc,task     ] GC(183) Using 1 of 3 workers for Concurrent thread roots
[63.146s][info][gc          ] GC(183) Concurrent thread roots 8.589ms
[63.146s][info][gc,start    ] GC(183) Concurrent weak references
[63.146s][info][gc,task     ] GC(183) Using 1 of 3 workers for concurrent weak references
[63.146s][info][gc,ref      ] GC(183) Encountered references: Soft: 2827, Weak: 5861, Final: 51, Phantom: 579
[63.146s][info][gc,ref      ] GC(183) Discovered  references: Soft: 661, Weak: 948, Final: 0, Phantom: 337
[63.146s][info][gc,ref      ] GC(183) Enqueued    references: Soft: 299, Weak: 158, Final: 0, Phantom: 0
[63.146s][info][gc          ] GC(183) Concurrent weak references 0.445ms
[63.146s][info][gc,start    ] GC(183) Concurrent weak roots
[63.146s][info][gc,task     ] GC(183) Using 1 of 3 workers for concurrent weak root
[63.150s][info][gc          ] GC(183) Concurrent weak roots 3.488ms
[63.150s][info][gc,start    ] GC(183) Concurrent cleanup
[63.150s][info][gc          ] GC(183) Concurrent cleanup 222M->220M(2048M) 0.027ms
[63.150s][info][gc,ergo     ] GC(183) Free: 1723M, Max: 1024K regular, 960M humongous, Frag: 44% external, 0% internal; Reserve: 102M, Max: 1024K
[63.150s][info][gc,start    ] GC(183) Concurrent class unloading
[63.150s][info][gc,task     ] GC(183) Using 1 of 3 workers for concurrent class unloading
[63.168s][info][gc          ] GC(183) Concurrent class unloading 18.493ms
[63.168s][info][gc,start    ] GC(183) Concurrent strong roots
[63.168s][info][gc,task     ] GC(183) Using 1 of 3 workers for concurrent strong root
[63.169s][info][gc          ] GC(183) Concurrent strong roots 0.531ms
[63.169s][info][gc,start    ] GC(183) Concurrent evacuation
[63.169s][info][gc,task     ] GC(183) Using 1 of 3 workers for concurrent evacuation
[63.169s][info][gc          ] GC(183) Concurrent evacuation 0.556ms
[63.169s][info][gc,start    ] GC(183) Pause Init Update Refs
[63.169s][info][gc,ergo     ] GC(183) Pacer for Update Refs. Used: 220M, Free: 1723M, Non-Taxable: 172M, Alloc Tax Rate: 1.1x
[63.169s][info][gc          ] GC(183) Pause Init Update Refs 0.062ms
[63.169s][info][gc,start    ] GC(183) Concurrent update references
[63.169s][info][gc,task     ] GC(183) Using 1 of 3 workers for concurrent reference update
[63.233s][info][gc          ] GC(183) Concurrent update references 63.687ms
[63.233s][info][gc,start    ] GC(183) Concurrent update thread roots
[63.240s][info][gc          ] GC(183) Concurrent update thread roots 7.079ms
[63.240s][info][gc,start    ] GC(183) Pause Final Update Refs
[63.240s][info][gc,task     ] GC(183) Using 3 of 3 workers for final reference update
[63.240s][info][gc          ] GC(183) Pause Final Update Refs 0.121ms
[63.240s][info][gc,start    ] GC(183) Concurrent cleanup
[63.241s][info][gc          ] GC(183) Concurrent cleanup 220M->185M(2048M) 0.034ms
[63.241s][info][gc,ergo     ] Free: 1757M, Max: 1024K regular, 1386M humongous, Frag: 21% external, 0% internal; Reserve: 103M, Max: 1024K
[63.241s][info][gc,stats    ] 
[63.241s][info][gc,stats    ] All times are wall-clock times, except per-root-class counters, that are sum over
[63.241s][info][gc,stats    ] all workers. Dividing the <total> over the root stage time estimates parallelism.
[63.241s][info][gc,stats    ] 
[63.241s][info][gc,stats    ] Concurrent Reset                   1356 us
[63.241s][info][gc,stats    ] Pause Init Mark (G)                 389 us
[63.241s][info][gc,stats    ] Pause Init Mark (N)                 261 us
[63.241s][info][gc,stats    ]   Update Region States              108 us
[63.241s][info][gc,stats    ] Concurrent Mark Roots              8448 us, parallelism: 0.97x
[63.241s][info][gc,stats    ]   CMR: <total>                     8171 us
[63.241s][info][gc,stats    ]   CMR: Thread Roots                8009 us, workers (us): 8009, ---, ---, 
[63.241s][info][gc,stats    ]   CMR: VM Strong Roots               19 us, workers (us):  19, ---, ---, 
[63.241s][info][gc,stats    ]   CMR: CLDG Roots                   143 us, workers (us): 143, ---, ---, 
[63.241s][info][gc,stats    ] Concurrent Marking               128870 us
[63.241s][info][gc,stats    ] Pause Final Mark (G)                414 us
[63.241s][info][gc,stats    ] Pause Final Mark (N)                326 us
[63.241s][info][gc,stats    ]   Finish Mark                       115 us
[63.241s][info][gc,stats    ]   Update Region States               52 us
[63.241s][info][gc,stats    ]   Choose Collection Set              59 us
[63.241s][info][gc,stats    ]   Rebuild Free Set                    8 us
[63.241s][info][gc,stats    ] Concurrent Thread Roots            8637 us, parallelism: 0.96x
[63.241s][info][gc,stats    ]   CTR: <total>                     8296 us
[63.241s][info][gc,stats    ]   CTR: Thread Roots                8296 us, workers (us): 8296, ---, ---, 
[63.241s][info][gc,stats    ] Concurrent Weak References          452 us, parallelism: 0.62x
[63.241s][info][gc,stats    ]   CWRF: <total>                     282 us
[63.241s][info][gc,stats    ]   CWRF: Weak References             282 us, workers (us): 282, ---, ---, 
[63.241s][info][gc,stats    ] Concurrent Weak Roots              3523 us
[63.241s][info][gc,stats    ]   Roots                            3308 us, parallelism: 0.98x
[63.241s][info][gc,stats    ]     CWR: <total>                   3254 us
[63.241s][info][gc,stats    ]     CWR: Code Cache Roots          2363 us, workers (us): 2363, ---, ---, 
[63.241s][info][gc,stats    ]     CWR: VM Weak Roots              838 us, workers (us): 838, ---, ---, 
[63.241s][info][gc,stats    ]     CWR: CLDG Roots                  53 us, workers (us):  53, ---, ---, 
[63.241s][info][gc,stats    ]   Rendezvous                        162 us
[63.241s][info][gc,stats    ] Concurrent Cleanup                   35 us
[63.241s][info][gc,stats    ] Concurrent Class Unloading        18541 us
[63.241s][info][gc,stats    ]   Unlink Stale                    17264 us
[63.241s][info][gc,stats    ]     System Dictionary               657 us
[63.241s][info][gc,stats    ]     Weak Class Links               6146 us
[63.241s][info][gc,stats    ]     Code Roots                    10459 us
[63.241s][info][gc,stats    ]   Rendezvous                        274 us
[63.241s][info][gc,stats    ]   Purge Unlinked                    934 us
[63.241s][info][gc,stats    ]     Code Roots                      556 us
[63.241s][info][gc,stats    ]     CLDG                            378 us
[63.241s][info][gc,stats    ]     Exception Caches                  0 us
[63.241s][info][gc,stats    ] Concurrent Strong Roots             549 us, parallelism: 0.77x
[63.241s][info][gc,stats    ]   CSR: <total>                      421 us
[63.241s][info][gc,stats    ]   CSR: VM Strong Roots               22 us, workers (us):  22, ---, ---, 
[63.241s][info][gc,stats    ]   CSR: CLDG Roots                   399 us, workers (us): 399, ---, ---, 
[63.241s][info][gc,stats    ] Concurrent Evacuation               577 us
[63.241s][info][gc,stats    ] Pause Init Update Refs (G)          125 us
[63.241s][info][gc,stats    ] Pause Init Update Refs (N)           69 us
[63.241s][info][gc,stats    ]   Manage GCLABs                      13 us
[63.241s][info][gc,stats    ] Concurrent Update Refs            63758 us
[63.241s][info][gc,stats    ] Concurrent Update Thread Roots     7097 us
[63.241s][info][gc,stats    ] Pause Final Update Refs (G)         183 us
[63.241s][info][gc,stats    ] Pause Final Update Refs (N)         131 us
[63.241s][info][gc,stats    ]   Update Region States               54 us
[63.241s][info][gc,stats    ]   Trash Collection Set                3 us
[63.241s][info][gc,stats    ]   Rebuild Free Set                   14 us
[63.241s][info][gc,stats    ] Concurrent Cleanup                   44 us
[63.241s][info][gc,stats    ] 
[63.241s][info][gc,stats    ] Allocation pacing accrued:
[63.241s][info][gc,stats    ]       0 of   245 ms (  0.0%): <total>
[63.241s][info][gc,stats    ]       0 of   245 ms (  0.0%): <average total>
[63.241s][info][gc,stats    ] 
[63.241s][info][gc,metaspace] Metaspace: 66309K(67072K)->65986K(67072K) NonClass: 58015K(58432K)->57746K(58432K) Class: 8294K(8640K)->8239K(8640K)
[63.241s][info][gc,ergo     ] Pacer for Idle. Initial: 41943K, Alloc Tax Rate: 1.0x
[63.432s][info][gc          ] Trigger: Learning 2 of 5. Free (1414M) is below initial threshold (1433M)
[63.433s][info][gc,ergo     ] Free: 1414M, Max: 1024K regular, 1386M humongous, Frag: 1% external, 0% internal; Reserve: 103M, Max: 1024K
[63.433s][info][gc,start    ] GC(184) Concurrent reset
[63.433s][info][gc,task     ] GC(184) Using 1 of 3 workers for concurrent reset
[63.433s][info][gc,ergo     ] GC(184) Pacer for Reset. Non-Taxable: 2048M
[63.434s][info][gc          ] GC(184) Concurrent reset 1.313ms
[63.434s][info][gc,start    ] GC(184) Pause Init Mark (unload classes)
[63.434s][info][gc,task     ] GC(184) Using 3 of 3 workers for init marking
[63.434s][info][gc,ergo     ] GC(184) Pacer for Mark. Expected Live: 171M, Free: 1414M, Non-Taxable: 141M, Alloc Tax Rate: 0.1x
[63.434s][info][gc          ] GC(184) Pause Init Mark (unload classes) 0.244ms
[63.434s][info][gc,start    ] GC(184) Concurrent marking roots
[63.434s][info][gc,task     ] GC(184) Using 1 of 3 workers for concurrent marking roots
[63.443s][info][gc          ] GC(184) Concurrent marking roots 8.792ms
[63.443s][info][gc,start    ] GC(184) Concurrent marking (unload classes)
[63.443s][info][gc,task     ] GC(184) Using 1 of 3 workers for concurrent marking
[63.573s][info][gc          ] GC(184) Concurrent marking (unload classes) 129.596ms
[63.573s][info][gc,start    ] GC(184) Pause Final Mark (unload classes)
[63.573s][info][gc,task     ] GC(184) Using 3 of 3 workers for final marking
[63.573s][info][gc,ergo     ] GC(184) Adaptive CSet Selection. Target Free: 290M, Actual Free: 1396M, Max CSet: 87381K, Min Garbage: 0B
[63.573s][info][gc,ergo     ] GC(184) Collectable Garbage: 348M (98%), Immediate: 313M (88%), CSet: 36464K (10%)
[63.573s][info][gc,ergo     ] GC(184) Pacer for Evacuation. Used CSet: 38466K, Free: 1317M, Non-Taxable: 131M, Alloc Tax Rate: 1.1x
[63.573s][info][gc          ] GC(184) Pause Final Mark (unload classes) 0.390ms
[63.573s][info][gc,start    ] GC(184) Concurrent thread roots
[63.573s][info][gc,task     ] GC(184) Using 1 of 3 workers for Concurrent thread roots
[63.582s][info][gc          ] GC(184) Concurrent thread roots 8.322ms
[63.582s][info][gc,start    ] GC(184) Concurrent weak references
[63.582s][info][gc,task     ] GC(184) Using 1 of 3 workers for concurrent weak references
[63.582s][info][gc,ref      ] GC(184) Encountered references: Soft: 2910, Weak: 5986, Final: 51, Phantom: 579
[63.582s][info][gc,ref      ] GC(184) Discovered  references: Soft: 0, Weak: 878, Final: 0, Phantom: 337
[63.582s][info][gc,ref      ] GC(184) Enqueued    references: Soft: 0, Weak: 94, Final: 0, Phantom: 0
[63.582s][info][gc          ] GC(184) Concurrent weak references 0.332ms
[63.582s][info][gc,start    ] GC(184) Concurrent weak roots
[63.582s][info][gc,task     ] GC(184) Using 1 of 3 workers for concurrent weak root
[63.586s][info][gc          ] GC(184) Concurrent weak roots 4.184ms
[63.586s][info][gc,start    ] GC(184) Concurrent cleanup
[63.586s][info][gc          ] GC(184) Concurrent cleanup 980M->667M(2048M) 0.075ms
[63.586s][info][gc,ergo     ] GC(184) Free: 1275M, Max: 1024K regular, 938M humongous, Frag: 26% external, 0% internal; Reserve: 102M, Max: 1024K
[63.586s][info][gc,start    ] GC(184) Concurrent class unloading
[63.586s][info][gc,task     ] GC(184) Using 1 of 3 workers for concurrent class unloading
[63.607s][info][gc          ] GC(184) Concurrent class unloading 20.769ms
[63.607s][info][gc,start    ] GC(184) Concurrent strong roots
[63.607s][info][gc,task     ] GC(184) Using 1 of 3 workers for concurrent strong root
[63.608s][info][gc          ] GC(184) Concurrent strong roots 0.391ms
[63.608s][info][gc,start    ] GC(184) Concurrent evacuation
[63.608s][info][gc,task     ] GC(184) Using 1 of 3 workers for concurrent evacuation
[63.609s][info][gc          ] GC(184) Concurrent evacuation 1.209ms
[63.609s][info][gc,start    ] GC(184) Pause Init Update Refs
[63.609s][info][gc,ergo     ] GC(184) Pacer for Update Refs. Used: 733M, Free: 1212M, Non-Taxable: 121M, Alloc Tax Rate: 1.1x
[63.609s][info][gc          ] GC(184) Pause Init Update Refs 0.070ms
[63.609s][info][gc,start    ] GC(184) Concurrent update references
[63.609s][info][gc,task     ] GC(184) Using 1 of 3 workers for concurrent reference update
[63.782s][info][gc          ] GC(184) Concurrent update references 172.366ms
[63.782s][info][gc,start    ] GC(184) Concurrent update thread roots
[63.789s][info][gc          ] GC(184) Concurrent update thread roots 7.085ms
[63.789s][info][gc,start    ] GC(184) Pause Final Update Refs
[63.789s][info][gc,task     ] GC(184) Using 3 of 3 workers for final reference update
[63.789s][info][gc          ] GC(184) Pause Final Update Refs 0.149ms
[63.789s][info][gc,start    ] GC(184) Concurrent cleanup
[63.789s][info][gc          ] GC(184) Concurrent cleanup 1233M->1195M(2048M) 0.040ms
[63.789s][info][gc,ergo     ] Free: 747M, Max: 1024K regular, 689M humongous, Frag: 6% external, 0% internal; Reserve: 103M, Max: 1024K
[63.789s][info][gc,stats    ] 
[63.789s][info][gc,stats    ] All times are wall-clock times, except per-root-class counters, that are sum over
[63.789s][info][gc,stats    ] all workers. Dividing the <total> over the root stage time estimates parallelism.
[63.789s][info][gc,stats    ] 
[63.789s][info][gc,stats    ] Concurrent Reset                   1336 us
[63.789s][info][gc,stats    ] Pause Init Mark (G)                 392 us
[63.789s][info][gc,stats    ] Pause Init Mark (N)                 263 us
[63.789s][info][gc,stats    ]   Update Region States              108 us
[63.789s][info][gc,stats    ] Concurrent Mark Roots              8842 us, parallelism: 0.97x
[63.789s][info][gc,stats    ]   CMR: <total>                     8610 us
[63.789s][info][gc,stats    ]   CMR: Thread Roots                8470 us, workers (us): 8470, ---, ---, 
[63.789s][info][gc,stats    ]   CMR: VM Strong Roots               19 us, workers (us):  19, ---, ---, 
[63.789s][info][gc,stats    ]   CMR: CLDG Roots                   121 us, workers (us): 121, ---, ---, 
[63.789s][info][gc,stats    ] Concurrent Marking               129668 us
[63.789s][info][gc,stats    ] Pause Final Mark (G)                564 us
[63.789s][info][gc,stats    ] Pause Final Mark (N)                407 us
[63.789s][info][gc,stats    ]   Finish Mark                        93 us
[63.789s][info][gc,stats    ]   Update Region States               42 us
[63.789s][info][gc,stats    ]   Choose Collection Set             132 us
[63.789s][info][gc,stats    ]   Rebuild Free Set                   16 us
[63.789s][info][gc,stats    ] Concurrent Thread Roots            8366 us, parallelism: 0.98x
[63.789s][info][gc,stats    ]   CTR: <total>                     8210 us
[63.789s][info][gc,stats    ]   CTR: Thread Roots                8210 us, workers (us): 8210, ---, ---, 
[63.789s][info][gc,stats    ] Concurrent Weak References          349 us, parallelism: 0.42x
[63.789s][info][gc,stats    ]   CWRF: <total>                     146 us
[63.789s][info][gc,stats    ]   CWRF: Weak References             146 us, workers (us): 146, ---, ---, 
[63.789s][info][gc,stats    ] Concurrent Weak Roots              4253 us
[63.789s][info][gc,stats    ]   Roots                            3879 us, parallelism: 0.96x
[63.789s][info][gc,stats    ]     CWR: <total>                   3735 us
[63.789s][info][gc,stats    ]     CWR: Code Cache Roots          2713 us, workers (us): 2713, ---, ---, 
[63.789s][info][gc,stats    ]     CWR: VM Weak Roots              953 us, workers (us): 953, ---, ---, 
[63.789s][info][gc,stats    ]     CWR: CLDG Roots                  69 us, workers (us):  69, ---, ---, 
[63.789s][info][gc,stats    ]   Rendezvous                        268 us
[63.789s][info][gc,stats    ] Concurrent Cleanup                   93 us
[63.789s][info][gc,stats    ] Concurrent Class Unloading        20839 us
[63.789s][info][gc,stats    ]   Unlink Stale                    19833 us
[63.789s][info][gc,stats    ]     System Dictionary               252 us
[63.789s][info][gc,stats    ]     Weak Class Links               7816 us
[63.789s][info][gc,stats    ]     Code Roots                    11762 us
[63.789s][info][gc,stats    ]   Rendezvous                        262 us
[63.789s][info][gc,stats    ]   Purge Unlinked                    637 us
[63.789s][info][gc,stats    ]     Code Roots                      613 us
[63.789s][info][gc,stats    ]     CLDG                             24 us
[63.789s][info][gc,stats    ]     Exception Caches                  0 us
[63.790s][info][gc,stats    ] Concurrent Strong Roots             430 us, parallelism: 0.58x
[63.790s][info][gc,stats    ]   CSR: <total>                      249 us
[63.790s][info][gc,stats    ]   CSR: VM Strong Roots               14 us, workers (us):  14, ---, ---, 
[63.790s][info][gc,stats    ]   CSR: CLDG Roots                   235 us, workers (us): 235, ---, ---, 
[63.790s][info][gc,stats    ] Concurrent Evacuation              1260 us
[63.790s][info][gc,stats    ] Pause Init Update Refs (G)          245 us
[63.790s][info][gc,stats    ] Pause Init Update Refs (N)           78 us
[63.790s][info][gc,stats    ]   Manage GCLABs                      12 us
[63.790s][info][gc,stats    ] Concurrent Update Refs           172456 us
[63.790s][info][gc,stats    ] Concurrent Update Thread Roots     7141 us
[63.790s][info][gc,stats    ] Pause Final Update Refs (G)         260 us
[63.790s][info][gc,stats    ] Pause Final Update Refs (N)         168 us
[63.790s][info][gc,stats    ]   Update Region States               60 us
[63.790s][info][gc,stats    ]   Trash Collection Set                2 us
[63.790s][info][gc,stats    ]   Rebuild Free Set                    7 us
[63.790s][info][gc,stats    ] Concurrent Cleanup                   49 us
[63.790s][info][gc,stats    ] Pacing                           109528 us
[63.790s][info][gc,stats    ] 
[63.790s][info][gc,stats    ] Allocation pacing accrued:
[63.790s][info][gc,stats    ]      54 of   549 ms (  9.9%): Executor task launch worker for task 1.0 in stage 115.0 (TID 192)
[63.790s][info][gc,stats    ]      55 of   549 ms ( 10.0%): Executor task launch worker for task 0.0 in stage 115.0 (TID 191)
[63.790s][info][gc,stats    ]     110 of   549 ms ( 20.0%): <total>
[63.790s][info][gc,stats    ]       0 of   549 ms (  0.1%): <average total>
[63.790s][info][gc,stats    ]      55 of   549 ms ( 10.0%): <average non-zero>
[63.790s][info][gc,stats    ] 
[63.790s][info][gc,metaspace] Metaspace: 66332K(67136K)->66330K(67136K) NonClass: 58040K(58496K)->58039K(58496K) Class: 8292K(8640K)->8291K(8640K)
[63.790s][info][gc,ergo     ] Pacer for Idle. Initial: 41943K, Alloc Tax Rate: 1.0x
[63.794s][info][gc          ] Trigger: Learning 3 of 5. Free (730M) is below initial threshold (1433M)
[63.794s][info][gc,ergo     ] Free: 730M, Max: 1024K regular, 689M humongous, Frag: 3% external, 0% internal; Reserve: 103M, Max: 1024K
[63.794s][info][gc,start    ] GC(185) Concurrent reset
[63.794s][info][gc,task     ] GC(185) Using 1 of 3 workers for concurrent reset
[63.795s][info][gc,ergo     ] GC(185) Pacer for Reset. Non-Taxable: 2048M
[63.796s][info][gc          ] GC(185) Concurrent reset 1.218ms
[63.796s][info][gc,start    ] GC(185) Pause Init Mark (unload classes)
[63.796s][info][gc,task     ] GC(185) Using 3 of 3 workers for init marking
[63.796s][info][gc,ergo     ] GC(185) Pacer for Mark. Expected Live: 171M, Free: 726M, Non-Taxable: 74345K, Alloc Tax Rate: 0.3x
[63.796s][info][gc          ] GC(185) Pause Init Mark (unload classes) 0.098ms
[63.796s][info][gc,start    ] GC(185) Concurrent marking roots
[63.796s][info][gc,task     ] GC(185) Using 1 of 3 workers for concurrent marking roots
[63.804s][info][gc          ] GC(185) Concurrent marking roots 8.329ms
[63.804s][info][gc,start    ] GC(185) Concurrent marking (unload classes)
[63.804s][info][gc,task     ] GC(185) Using 1 of 3 workers for concurrent marking
[63.934s][info][gc          ] GC(185) Concurrent marking (unload classes) 130.126ms
[63.935s][info][gc,start    ] GC(185) Pause Final Mark (unload classes)
[63.935s][info][gc,task     ] GC(185) Using 3 of 3 workers for final marking
[63.935s][info][gc,ergo     ] GC(185) Collectable Garbage: 1024M (97%), Immediate: 1024M (97%), CSet: 0B (0%)
[63.935s][info][gc          ] GC(185) Pause Final Mark (unload classes) 0.329ms
[63.935s][info][gc,start    ] GC(185) Concurrent weak references
[63.935s][info][gc,task     ] GC(185) Using 1 of 3 workers for concurrent weak references
[63.935s][info][gc,ref      ] GC(185) Encountered references: Soft: 2910, Weak: 5891, Final: 51, Phantom: 579
[63.935s][info][gc,ref      ] GC(185) Discovered  references: Soft: 0, Weak: 800, Final: 0, Phantom: 260
[63.935s][info][gc,ref      ] GC(185) Enqueued    references: Soft: 0, Weak: 21, Final: 0, Phantom: 0
[63.935s][info][gc          ] GC(185) Concurrent weak references 0.202ms
[63.935s][info][gc,start    ] GC(185) Concurrent weak roots
[63.935s][info][gc,task     ] GC(185) Using 1 of 3 workers for concurrent weak root
[63.939s][info][gc          ] GC(185) Concurrent weak roots 4.057ms
[63.939s][info][gc,start    ] GC(185) Concurrent cleanup
[63.939s][info][gc          ] GC(185) Concurrent cleanup 1613M->590M(2048M) 0.086ms
[63.939s][info][gc,ergo     ] GC(185) Free: 1353M, Max: 1024K regular, 308M humongous, Frag: 77% external, 0% internal; Reserve: 103M, Max: 1024K
[63.939s][info][gc,start    ] GC(185) Concurrent class unloading
[63.939s][info][gc,task     ] GC(185) Using 1 of 3 workers for concurrent class unloading
[63.952s][info][gc          ] GC(185) Concurrent class unloading 12.882ms
[63.953s][info][gc,start    ] GC(185) Pause Final Roots
[63.953s][info][gc          ] GC(185) Pause Final Roots 0.057ms
[63.953s][info][gc,ergo     ] Free: 1305M, Max: 1024K regular, 308M humongous, Frag: 76% external, 0% internal; Reserve: 103M, Max: 1024K
[63.953s][info][gc,stats    ] 
[63.953s][info][gc,stats    ] All times are wall-clock times, except per-root-class counters, that are sum over
[63.953s][info][gc,stats    ] all workers. Dividing the <total> over the root stage time estimates parallelism.
[63.953s][info][gc,stats    ] 
[63.953s][info][gc,stats    ] Concurrent Reset                   1273 us
[63.953s][info][gc,stats    ] Pause Init Mark (G)                 220 us
[63.953s][info][gc,stats    ] Pause Init Mark (N)                 106 us
[63.953s][info][gc,stats    ]   Update Region States               37 us
[63.953s][info][gc,stats    ] Concurrent Mark Roots              8378 us, parallelism: 0.97x
[63.953s][info][gc,stats    ]   CMR: <total>                     8092 us
[63.953s][info][gc,stats    ]   CMR: Thread Roots                7959 us, workers (us): 7959, ---, ---, 
[63.953s][info][gc,stats    ]   CMR: VM Strong Roots               13 us, workers (us):  13, ---, ---, 
[63.953s][info][gc,stats    ]   CMR: CLDG Roots                   119 us, workers (us): 119, ---, ---, 
[63.953s][info][gc,stats    ] Concurrent Marking               130208 us
[63.953s][info][gc,stats    ] Pause Final Mark (G)                446 us
[63.953s][info][gc,stats    ] Pause Final Mark (N)                348 us
[63.953s][info][gc,stats    ]   Finish Mark                       115 us
[63.953s][info][gc,stats    ]   Update Region States               56 us
[63.953s][info][gc,stats    ]   Choose Collection Set              60 us
[63.953s][info][gc,stats    ]   Rebuild Free Set                   17 us
[63.953s][info][gc,stats    ] Concurrent Weak References          210 us, parallelism: 0.33x
[63.953s][info][gc,stats    ]   CWRF: <total>                      69 us
[63.953s][info][gc,stats    ]   CWRF: Weak References              69 us, workers (us):  69, ---, ---, 
[63.953s][info][gc,stats    ] Concurrent Weak Roots              4119 us
[63.953s][info][gc,stats    ]   Roots                            3807 us, parallelism: 0.98x
[63.953s][info][gc,stats    ]     CWR: <total>                   3736 us
[63.953s][info][gc,stats    ]     CWR: Code Cache Roots          3220 us, workers (us): 3220, ---, ---, 
[63.953s][info][gc,stats    ]     CWR: VM Weak Roots              459 us, workers (us): 459, ---, ---, 
[63.953s][info][gc,stats    ]     CWR: CLDG Roots                  57 us, workers (us):  57, ---, ---, 
[63.953s][info][gc,stats    ]   Rendezvous                        231 us
[63.953s][info][gc,stats    ] Concurrent Cleanup                   95 us
[63.953s][info][gc,stats    ] Concurrent Class Unloading        12953 us
[63.953s][info][gc,stats    ]   Unlink Stale                    11815 us
[63.953s][info][gc,stats    ]     System Dictionary                61 us
[63.953s][info][gc,stats    ]     Weak Class Links                  0 us
[63.953s][info][gc,stats    ]     Code Roots                    11751 us
[63.953s][info][gc,stats    ]   Rendezvous                        284 us
[63.953s][info][gc,stats    ]   Purge Unlinked                    761 us
[63.953s][info][gc,stats    ]     Code Roots                      751 us
[63.953s][info][gc,stats    ]     CLDG                             10 us
[63.953s][info][gc,stats    ]     Exception Caches                  0 us
[63.953s][info][gc,stats    ] Pause Final Roots (G)               250 us
[63.953s][info][gc,stats    ] Pause Final Roots (N)                76 us
[63.953s][info][gc,stats    ] Pacing                            46480 us
[63.953s][info][gc,stats    ] 
[63.953s][info][gc,stats    ] Allocation pacing accrued:
[63.953s][info][gc,stats    ]      23 of   163 ms ( 14.3%): Executor task launch worker for task 1.0 in stage 115.0 (TID 192)
[63.953s][info][gc,stats    ]      23 of   163 ms ( 14.2%): Executor task launch worker for task 0.0 in stage 115.0 (TID 191)
[63.953s][info][gc,stats    ]      46 of   163 ms ( 28.4%): <total>
[63.953s][info][gc,stats    ]       0 of   163 ms (  0.1%): <average total>
[63.953s][info][gc,stats    ]      23 of   163 ms ( 14.2%): <average non-zero>
[63.953s][info][gc,stats    ] 
[63.953s][info][gc,metaspace] Metaspace: 66330K(67136K)->66330K(67136K) NonClass: 58039K(58496K)->58039K(58496K) Class: 8291K(8640K)->8291K(8640K)
[63.953s][info][gc,ergo     ] Pacer for Idle. Initial: 41943K, Alloc Tax Rate: 1.0x
[63.967s][info][gc          ] Trigger: Learning 4 of 5. Free (1262M) is below initial threshold (1433M)
[63.967s][info][gc,ergo     ] Free: 1262M, Max: 1024K regular, 308M humongous, Frag: 76% external, 0% internal; Reserve: 103M, Max: 1024K
[63.967s][info][gc,start    ] GC(186) Concurrent reset
[63.967s][info][gc,task     ] GC(186) Using 1 of 3 workers for concurrent reset
[63.967s][info][gc,ergo     ] GC(186) Pacer for Reset. Non-Taxable: 2048M
[63.968s][info][gc          ] GC(186) Concurrent reset 1.058ms
[63.968s][info][gc,start    ] GC(186) Pause Init Mark (unload classes)
[63.969s][info][gc,task     ] GC(186) Using 3 of 3 workers for init marking
[63.969s][info][gc,ergo     ] GC(186) Pacer for Mark. Expected Live: 171M, Free: 1262M, Non-Taxable: 126M, Alloc Tax Rate: 0.2x
[63.969s][info][gc          ] GC(186) Pause Init Mark (unload classes) 0.163ms
[63.969s][info][gc,start    ] GC(186) Concurrent marking roots
[63.969s][info][gc,task     ] GC(186) Using 1 of 3 workers for concurrent marking roots
[63.977s][info][gc          ] GC(186) Concurrent marking roots 8.294ms
[63.977s][info][gc,start    ] GC(186) Concurrent marking (unload classes)
[63.977s][info][gc,task     ] GC(186) Using 1 of 3 workers for concurrent marking
[64.108s][info][gc          ] GC(186) Concurrent marking (unload classes) 131.044ms
[64.108s][info][gc,start    ] GC(186) Pause Final Mark (unload classes)
[64.108s][info][gc,task     ] GC(186) Using 3 of 3 workers for final marking
[64.108s][info][gc,ergo     ] GC(186) Collectable Garbage: 488M (95%), Immediate: 488M (95%), CSet: 0B (0%)
[64.108s][info][gc          ] GC(186) Pause Final Mark (unload classes) 0.216ms
[64.108s][info][gc,start    ] GC(186) Concurrent weak references
[64.108s][info][gc,task     ] GC(186) Using 1 of 3 workers for concurrent weak references
[64.109s][info][gc,ref      ] GC(186) Encountered references: Soft: 2910, Weak: 5870, Final: 51, Phantom: 579
[64.109s][info][gc,ref      ] GC(186) Discovered  references: Soft: 0, Weak: 779, Final: 0, Phantom: 260
[64.109s][info][gc,ref      ] GC(186) Enqueued    references: Soft: 0, Weak: 0, Final: 0, Phantom: 0
[64.109s][info][gc          ] GC(186) Concurrent weak references 0.144ms
[64.109s][info][gc,start    ] GC(186) Concurrent weak roots
[64.109s][info][gc,task     ] GC(186) Using 1 of 3 workers for concurrent weak root
[64.112s][info][gc          ] GC(186) Concurrent weak roots 3.508ms
[64.112s][info][gc,start    ] GC(186) Concurrent cleanup
[64.112s][info][gc          ] GC(186) Concurrent cleanup 1108M->620M(2048M) 0.047ms
[64.112s][info][gc,ergo     ] GC(186) Free: 1321M, Max: 1024K regular, 482M humongous, Frag: 63% external, 0% internal; Reserve: 103M, Max: 1024K
[64.112s][info][gc,start    ] GC(186) Concurrent class unloading
[64.112s][info][gc,task     ] GC(186) Using 1 of 3 workers for concurrent class unloading
[64.123s][info][gc          ] GC(186) Concurrent class unloading 10.945ms
[64.123s][info][gc,start    ] GC(186) Pause Final Roots
[64.123s][info][gc          ] GC(186) Pause Final Roots 0.039ms
[64.123s][info][gc,ergo     ] Free: 1310M, Max: 1024K regular, 482M humongous, Frag: 63% external, 0% internal; Reserve: 103M, Max: 1024K
[64.123s][info][gc,stats    ] 
[64.123s][info][gc,stats    ] All times are wall-clock times, except per-root-class counters, that are sum over
[64.123s][info][gc,stats    ] all workers. Dividing the <total> over the root stage time estimates parallelism.
[64.123s][info][gc,stats    ] 
[64.123s][info][gc,stats    ] Concurrent Reset                   1111 us
[64.123s][info][gc,stats    ] Pause Init Mark (G)                 281 us
[64.123s][info][gc,stats    ] Pause Init Mark (N)                 179 us
[64.123s][info][gc,stats    ]   Update Region States               65 us
[64.123s][info][gc,stats    ] Concurrent Mark Roots              8343 us, parallelism: 0.97x
[64.123s][info][gc,stats    ]   CMR: <total>                     8081 us
[64.123s][info][gc,stats    ]   CMR: Thread Roots                7947 us, workers (us): 7947, ---, ---, 
[64.123s][info][gc,stats    ]   CMR: VM Strong Roots               19 us, workers (us):  19, ---, ---, 
[64.123s][info][gc,stats    ]   CMR: CLDG Roots                   115 us, workers (us): 115, ---, ---, 
[64.123s][info][gc,stats    ] Concurrent Marking               131097 us
[64.123s][info][gc,stats    ] Pause Final Mark (G)                310 us
[64.124s][info][gc,stats    ] Pause Final Mark (N)                226 us
[64.124s][info][gc,stats    ]   Finish Mark                        83 us
[64.124s][info][gc,stats    ]   Update Region States               51 us
[64.124s][info][gc,stats    ]   Choose Collection Set              28 us
[64.124s][info][gc,stats    ]   Rebuild Free Set                    8 us
[64.124s][info][gc,stats    ] Concurrent Weak References          152 us, parallelism: 0.37x
[64.124s][info][gc,stats    ]   CWRF: <total>                      57 us
[64.124s][info][gc,stats    ]   CWRF: Weak References              57 us, workers (us):  57, ---, ---, 
[64.124s][info][gc,stats    ] Concurrent Weak Roots              3544 us
[64.124s][info][gc,stats    ]   Roots                            3315 us, parallelism: 0.98x
[64.124s][info][gc,stats    ]     CWR: <total>                   3255 us
[64.124s][info][gc,stats    ]     CWR: Code Cache Roots          2859 us, workers (us): 2859, ---, ---, 
[64.124s][info][gc,stats    ]     CWR: VM Weak Roots              340 us, workers (us): 340, ---, ---, 
[64.124s][info][gc,stats    ]     CWR: CLDG Roots                  56 us, workers (us):  56, ---, ---, 
[64.124s][info][gc,stats    ]   Rendezvous                        176 us
[64.124s][info][gc,stats    ] Concurrent Cleanup                   56 us
[64.124s][info][gc,stats    ] Concurrent Class Unloading        10980 us
[64.124s][info][gc,stats    ]   Unlink Stale                    10217 us
[64.124s][info][gc,stats    ]     System Dictionary                50 us
[64.124s][info][gc,stats    ]     Weak Class Links                  0 us
[64.124s][info][gc,stats    ]     Code Roots                    10166 us
[64.124s][info][gc,stats    ]   Rendezvous                        172 us
[64.124s][info][gc,stats    ]   Purge Unlinked                    537 us
[64.124s][info][gc,stats    ]     Code Roots                      532 us
[64.124s][info][gc,stats    ]     CLDG                              5 us
[64.124s][info][gc,stats    ]     Exception Caches                  0 us
[64.124s][info][gc,stats    ] Pause Final Roots (G)               136 us
[64.124s][info][gc,stats    ] Pause Final Roots (N)                49 us
[64.124s][info][gc,stats    ] Pacing                            36991 us
[64.124s][info][gc,stats    ] 
[64.124s][info][gc,stats    ] Allocation pacing accrued:
[64.124s][info][gc,stats    ]      19 of   171 ms ( 10.9%): Executor task launch worker for task 0.0 in stage 116.0 (TID 193)
[64.124s][info][gc,stats    ]      18 of   171 ms ( 10.8%): Executor task launch worker for task 1.0 in stage 116.0 (TID 194)
[64.124s][info][gc,stats    ]      37 of   171 ms ( 21.7%): <total>
[64.124s][info][gc,stats    ]       0 of   171 ms (  0.1%): <average total>
[64.124s][info][gc,stats    ]      18 of   171 ms ( 10.8%): <average non-zero>
[64.124s][info][gc,stats    ] 
[64.124s][info][gc,metaspace] Metaspace: 66330K(67136K)->66364K(67136K) NonClass: 58039K(58496K)->58069K(58496K) Class: 8291K(8640K)->8294K(8640K)
[64.124s][info][gc,ergo     ] Pacer for Idle. Initial: 41943K, Alloc Tax Rate: 1.0x
[64.141s][info][gc          ] Trigger: Explicit GC request (System.gc())
[64.142s][info][gc,ergo     ] Free: 1304M, Max: 1024K regular, 482M humongous, Frag: 63% external, 0% internal; Reserve: 103M, Max: 1024K
[64.142s][info][gc,start    ] GC(187) Concurrent reset
[64.142s][info][gc,task     ] GC(187) Using 1 of 3 workers for concurrent reset
[64.142s][info][gc,ergo     ] GC(187) Pacer for Reset. Non-Taxable: 2048M
[64.143s][info][gc          ] GC(187) Concurrent reset 1.277ms
[64.143s][info][gc,start    ] GC(187) Pause Init Mark (unload classes)
[64.143s][info][gc,task     ] GC(187) Using 3 of 3 workers for init marking
[64.143s][info][gc,ref      ] GC(187) Clearing All SoftReferences
[64.143s][info][gc,ergo     ] GC(187) Pacer for Mark. Expected Live: 171M, Free: 1304M, Non-Taxable: 130M, Alloc Tax Rate: 0.2x
[64.143s][info][gc          ] GC(187) Pause Init Mark (unload classes) 0.186ms
[64.143s][info][gc,start    ] GC(187) Concurrent marking roots
[64.143s][info][gc,task     ] GC(187) Using 1 of 3 workers for concurrent marking roots
[64.151s][info][gc          ] GC(187) Concurrent marking roots 8.120ms
[64.151s][info][gc,start    ] GC(187) Concurrent marking (unload classes)
[64.151s][info][gc,task     ] GC(187) Using 1 of 3 workers for concurrent marking
[64.279s][info][gc          ] GC(187) Concurrent marking (unload classes) 127.383ms
[64.279s][info][gc,start    ] GC(187) Pause Final Mark (unload classes)
[64.279s][info][gc,task     ] GC(187) Using 3 of 3 workers for final marking
[64.279s][info][gc,ergo     ] GC(187) Collectable Garbage: 434M (93%), Immediate: 434M (93%), CSet: 0B (0%)
[64.279s][info][gc          ] GC(187) Pause Final Mark (unload classes) 0.438ms
[64.279s][info][gc,start    ] GC(187) Concurrent weak references
[64.279s][info][gc,task     ] GC(187) Using 1 of 3 workers for concurrent weak references
[64.280s][info][gc,ref      ] GC(187) Encountered references: Soft: 2825, Weak: 5881, Final: 51, Phantom: 579
[64.280s][info][gc,ref      ] GC(187) Discovered  references: Soft: 659, Weak: 954, Final: 0, Phantom: 337
[64.280s][info][gc,ref      ] GC(187) Enqueued    references: Soft: 297, Weak: 162, Final: 0, Phantom: 0
[64.280s][info][gc          ] GC(187) Concurrent weak references 0.351ms
[64.280s][info][gc,start    ] GC(187) Concurrent weak roots
[64.280s][info][gc,task     ] GC(187) Using 1 of 3 workers for concurrent weak root
[64.283s][info][gc          ] GC(187) Concurrent weak roots 3.660ms
[64.283s][info][gc,start    ] GC(187) Concurrent cleanup
[64.284s][info][gc          ] GC(187) Concurrent cleanup 644M->211M(2048M) 0.054ms
[64.284s][info][gc,ergo     ] GC(187) Free: 1731M, Max: 1024K regular, 944M humongous, Frag: 45% external, 0% internal; Reserve: 103M, Max: 1024K
[64.284s][info][gc,start    ] GC(187) Concurrent class unloading
[64.284s][info][gc,task     ] GC(187) Using 1 of 3 workers for concurrent class unloading
[64.302s][info][gc          ] GC(187) Concurrent class unloading 18.715ms
[64.302s][info][gc,start    ] GC(187) Pause Final Roots
[64.302s][info][gc          ] GC(187) Pause Final Roots 0.069ms
[64.303s][info][gc,ergo     ] Free: 1730M, Max: 1024K regular, 944M humongous, Frag: 45% external, 0% internal; Reserve: 103M, Max: 1024K
[64.303s][info][gc,stats    ] 
[64.303s][info][gc,stats    ] All times are wall-clock times, except per-root-class counters, that are sum over
[64.303s][info][gc,stats    ] all workers. Dividing the <total> over the root stage time estimates parallelism.
[64.303s][info][gc,stats    ] 
[64.303s][info][gc,stats    ] Concurrent Reset                   1298 us
[64.303s][info][gc,stats    ] Pause Init Mark (G)                 341 us
[64.303s][info][gc,stats    ] Pause Init Mark (N)                 194 us
[64.303s][info][gc,stats    ]   Update Region States               65 us
[64.303s][info][gc,stats    ] Concurrent Mark Roots              8179 us, parallelism: 0.92x
[64.303s][info][gc,stats    ]   CMR: <total>                     7526 us
[64.303s][info][gc,stats    ]   CMR: Thread Roots                7430 us, workers (us): 7430, ---, ---, 
[64.303s][info][gc,stats    ]   CMR: VM Strong Roots               14 us, workers (us):  14, ---, ---, 
[64.303s][info][gc,stats    ]   CMR: CLDG Roots                    82 us, workers (us):  82, ---, ---, 
[64.303s][info][gc,stats    ] Concurrent Marking               127462 us
[64.303s][info][gc,stats    ] Pause Final Mark (G)                538 us
[64.303s][info][gc,stats    ] Pause Final Mark (N)                447 us
[64.303s][info][gc,stats    ]   Finish Mark                       276 us
[64.303s][info][gc,stats    ]   Update Region States               51 us
[64.303s][info][gc,stats    ]   Choose Collection Set              32 us
[64.303s][info][gc,stats    ]   Rebuild Free Set                    8 us
[64.303s][info][gc,stats    ] Concurrent Weak References          359 us, parallelism: 0.51x
[64.303s][info][gc,stats    ]   CWRF: <total>                     184 us
[64.303s][info][gc,stats    ]   CWRF: Weak References             184 us, workers (us): 184, ---, ---, 
[64.303s][info][gc,stats    ] Concurrent Weak Roots              3710 us
[64.303s][info][gc,stats    ]   Roots                            3477 us, parallelism: 0.99x
[64.303s][info][gc,stats    ]     CWR: <total>                   3429 us
[64.303s][info][gc,stats    ]     CWR: Code Cache Roots          3059 us, workers (us): 3059, ---, ---, 
[64.303s][info][gc,stats    ]     CWR: VM Weak Roots              329 us, workers (us): 329, ---, ---, 
[64.303s][info][gc,stats    ]     CWR: CLDG Roots                  42 us, workers (us):  42, ---, ---, 
[64.303s][info][gc,stats    ]   Rendezvous                        166 us
[64.303s][info][gc,stats    ] Concurrent Cleanup                   66 us
[64.303s][info][gc,stats    ] Concurrent Class Unloading        18765 us
[64.303s][info][gc,stats    ]   Unlink Stale                    17654 us
[64.303s][info][gc,stats    ]     System Dictionary               641 us
[64.303s][info][gc,stats    ]     Weak Class Links               6207 us
[64.303s][info][gc,stats    ]     Code Roots                    10803 us
[64.303s][info][gc,stats    ]   Rendezvous                        198 us
[64.303s][info][gc,stats    ]   Purge Unlinked                    845 us
[64.303s][info][gc,stats    ]     Code Roots                      525 us
[64.303s][info][gc,stats    ]     CLDG                            319 us
[64.303s][info][gc,stats    ]     Exception Caches                  0 us
[64.303s][info][gc,stats    ] Pause Final Roots (G)               183 us
[64.303s][info][gc,stats    ] Pause Final Roots (N)                92 us
[64.303s][info][gc,stats    ] 
[64.303s][info][gc,stats    ] Allocation pacing accrued:
[64.303s][info][gc,stats    ]       0 of   179 ms (  0.0%): <total>
[64.303s][info][gc,stats    ]       0 of   179 ms (  0.0%): <average total>
[64.303s][info][gc,stats    ] 
[64.303s][info][gc,metaspace] Metaspace: 66405K(67200K)->66083K(67200K) NonClass: 58110K(58560K)->57843K(58560K) Class: 8294K(8640K)->8240K(8640K)
[64.303s][info][gc,ergo     ] Pacer for Idle. Initial: 41943K, Alloc Tax Rate: 1.0x
[64.447s][info][gc          ] Trigger: Learning 2 of 5. Free (1427M) is below initial threshold (1433M)
[64.447s][info][gc,ergo     ] Free: 1427M, Max: 1024K regular, 944M humongous, Frag: 33% external, 0% internal; Reserve: 103M, Max: 1024K
[64.447s][info][gc,start    ] GC(188) Concurrent reset
[64.448s][info][gc,task     ] GC(188) Using 1 of 3 workers for concurrent reset
[64.448s][info][gc,ergo     ] GC(188) Pacer for Reset. Non-Taxable: 2048M
[64.448s][info][gc          ] GC(188) Concurrent reset 0.759ms
[64.448s][info][gc,start    ] GC(188) Pause Init Mark (unload classes)
[64.448s][info][gc,task     ] GC(188) Using 3 of 3 workers for init marking
[64.449s][info][gc,ergo     ] GC(188) Pacer for Mark. Expected Live: 171M, Free: 1427M, Non-Taxable: 142M, Alloc Tax Rate: 0.1x
[64.449s][info][gc          ] GC(188) Pause Init Mark (unload classes) 0.136ms
[64.449s][info][gc,start    ] GC(188) Concurrent marking roots
[64.449s][info][gc,task     ] GC(188) Using 1 of 3 workers for concurrent marking roots
[64.457s][info][gc          ] GC(188) Concurrent marking roots 8.225ms
[64.457s][info][gc,start    ] GC(188) Concurrent marking (unload classes)
[64.457s][info][gc,task     ] GC(188) Using 1 of 3 workers for concurrent marking
[64.588s][info][gc          ] GC(188) Concurrent marking (unload classes) 130.805ms
[64.588s][info][gc,start    ] GC(188) Pause Final Mark (unload classes)
[64.588s][info][gc,task     ] GC(188) Using 3 of 3 workers for final marking
[64.588s][info][gc,ergo     ] GC(188) Adaptive CSet Selection. Target Free: 290M, Actual Free: 1368M, Max CSet: 87381K, Min Garbage: 0B
[64.588s][info][gc,ergo     ] GC(188) Collectable Garbage: 335M (98%), Immediate: 280M (82%), CSet: 56869K (16%)
[64.588s][info][gc,ergo     ] GC(188) Pacer for Evacuation. Used CSet: 59177K, Free: 1289M, Non-Taxable: 128M, Alloc Tax Rate: 1.1x
[64.588s][info][gc          ] GC(188) Pause Final Mark (unload classes) 0.272ms
[64.588s][info][gc,start    ] GC(188) Concurrent thread roots
[64.588s][info][gc,task     ] GC(188) Using 1 of 3 workers for Concurrent thread roots
[64.596s][info][gc          ] GC(188) Concurrent thread roots 8.085ms
[64.596s][info][gc,start    ] GC(188) Concurrent weak references
[64.596s][info][gc,task     ] GC(188) Using 1 of 3 workers for concurrent weak references
[64.596s][info][gc,ref      ] GC(188) Encountered references: Soft: 2909, Weak: 5980, Final: 51, Phantom: 579
[64.596s][info][gc,ref      ] GC(188) Discovered  references: Soft: 0, Weak: 870, Final: 0, Phantom: 260
[64.596s][info][gc,ref      ] GC(188) Enqueued    references: Soft: 0, Weak: 96, Final: 0, Phantom: 0
[64.597s][info][gc          ] GC(188) Concurrent weak references 0.257ms
[64.597s][info][gc,start    ] GC(188) Concurrent weak roots
[64.597s][info][gc,task     ] GC(188) Using 1 of 3 workers for concurrent weak root
[64.600s][info][gc          ] GC(188) Concurrent weak roots 3.832ms
[64.600s][info][gc,start    ] GC(188) Concurrent cleanup
[64.600s][info][gc          ] GC(188) Concurrent cleanup 974M->694M(2048M) 0.041ms
[64.600s][info][gc,ergo     ] GC(188) Free: 1249M, Max: 1024K regular, 944M humongous, Frag: 24% external, 0% internal; Reserve: 102M, Max: 1024K
[64.600s][info][gc,start    ] GC(188) Concurrent class unloading
[64.600s][info][gc,task     ] GC(188) Using 1 of 3 workers for concurrent class unloading
[64.621s][info][gc          ] GC(188) Concurrent class unloading 20.549ms
[64.621s][info][gc,start    ] GC(188) Concurrent strong roots
[64.621s][info][gc,task     ] GC(188) Using 1 of 3 workers for concurrent strong root
[64.622s][info][gc          ] GC(188) Concurrent strong roots 0.487ms
[64.622s][info][gc,start    ] GC(188) Concurrent evacuation
[64.622s][info][gc,task     ] GC(188) Using 1 of 3 workers for concurrent evacuation
[64.624s][info][gc          ] GC(188) Concurrent evacuation 2.127ms
[64.624s][info][gc,start    ] GC(188) Pause Init Update Refs
[64.624s][info][gc,ergo     ] GC(188) Pacer for Update Refs. Used: 762M, Free: 1183M, Non-Taxable: 118M, Alloc Tax Rate: 1.1x
[64.624s][info][gc          ] GC(188) Pause Init Update Refs 0.106ms
[64.624s][info][gc,start    ] GC(188) Concurrent update references
[64.624s][info][gc,task     ] GC(188) Using 1 of 3 workers for concurrent reference update
[64.800s][info][gc          ] GC(188) Concurrent update references 175.519ms
[64.800s][info][gc,start    ] GC(188) Concurrent update thread roots
[64.807s][info][gc          ] GC(188) Concurrent update thread roots 7.233ms
[64.807s][info][gc,start    ] GC(188) Pause Final Update Refs
[64.807s][info][gc,task     ] GC(188) Using 3 of 3 workers for final reference update
[64.807s][info][gc          ] GC(188) Pause Final Update Refs 0.133ms
[64.807s][info][gc,start    ] GC(188) Concurrent cleanup
[64.807s][info][gc          ] GC(188) Concurrent cleanup 1270M->1213M(2048M) 0.062ms
[64.807s][info][gc,ergo     ] Free: 729M, Max: 1024K regular, 654M humongous, Frag: 8% external, 0% internal; Reserve: 103M, Max: 1024K
[64.807s][info][gc,stats    ] 
[64.807s][info][gc,stats    ] All times are wall-clock times, except per-root-class counters, that are sum over
[64.807s][info][gc,stats    ] all workers. Dividing the <total> over the root stage time estimates parallelism.
[64.807s][info][gc,stats    ] 
[64.807s][info][gc,stats    ] Concurrent Reset                    822 us
[64.807s][info][gc,stats    ] Pause Init Mark (G)                 258 us
[64.807s][info][gc,stats    ] Pause Init Mark (N)                 145 us
[64.807s][info][gc,stats    ]   Update Region States               58 us
[64.807s][info][gc,stats    ] Concurrent Mark Roots              8271 us, parallelism: 0.95x
[64.807s][info][gc,stats    ]   CMR: <total>                     7849 us
[64.807s][info][gc,stats    ]   CMR: Thread Roots                7770 us, workers (us): 7770, ---, ---, 
[64.807s][info][gc,stats    ]   CMR: VM Strong Roots               12 us, workers (us):  12, ---, ---, 
[64.807s][info][gc,stats    ]   CMR: CLDG Roots                    67 us, workers (us):  67, ---, ---, 
[64.808s][info][gc,stats    ] Concurrent Marking               130883 us
[64.808s][info][gc,stats    ] Pause Final Mark (G)                386 us
[64.808s][info][gc,stats    ] Pause Final Mark (N)                281 us
[64.808s][info][gc,stats    ]   Finish Mark                        90 us
[64.808s][info][gc,stats    ]   Update Region States               30 us
[64.808s][info][gc,stats    ]   Choose Collection Set              70 us
[64.808s][info][gc,stats    ]   Rebuild Free Set                    8 us
[64.808s][info][gc,stats    ] Concurrent Thread Roots            8128 us, parallelism: 0.99x
[64.808s][info][gc,stats    ]   CTR: <total>                     8023 us
[64.808s][info][gc,stats    ]   CTR: Thread Roots                8023 us, workers (us): 8023, ---, ---, 
[64.808s][info][gc,stats    ] Concurrent Weak References          273 us, parallelism: 0.51x
[64.808s][info][gc,stats    ]   CWRF: <total>                     138 us
[64.808s][info][gc,stats    ]   CWRF: Weak References             138 us, workers (us): 138, ---, ---, 
[64.808s][info][gc,stats    ] Concurrent Weak Roots              3859 us
[64.808s][info][gc,stats    ]   Roots                            3610 us, parallelism: 0.99x
[64.808s][info][gc,stats    ]     CWR: <total>                   3570 us
[64.808s][info][gc,stats    ]     CWR: Code Cache Roots          2821 us, workers (us): 2821, ---, ---, 
[64.808s][info][gc,stats    ]     CWR: VM Weak Roots              683 us, workers (us): 683, ---, ---, 
[64.808s][info][gc,stats    ]     CWR: CLDG Roots                  66 us, workers (us):  66, ---, ---, 
[64.808s][info][gc,stats    ]   Rendezvous                        190 us
[64.808s][info][gc,stats    ] Concurrent Cleanup                   50 us
[64.808s][info][gc,stats    ] Concurrent Class Unloading        20602 us
[64.808s][info][gc,stats    ]   Unlink Stale                    19592 us
[64.808s][info][gc,stats    ]     System Dictionary               186 us
[64.808s][info][gc,stats    ]     Weak Class Links               7946 us
[64.808s][info][gc,stats    ]     Code Roots                    11459 us
[64.808s][info][gc,stats    ]   Rendezvous                        247 us
[64.808s][info][gc,stats    ]   Purge Unlinked                    691 us
[64.808s][info][gc,stats    ]     Code Roots                      673 us
[64.808s][info][gc,stats    ]     CLDG                             18 us
[64.808s][info][gc,stats    ]     Exception Caches                  0 us
[64.808s][info][gc,stats    ] Concurrent Strong Roots             506 us, parallelism: 0.74x
[64.808s][info][gc,stats    ]   CSR: <total>                      377 us
[64.808s][info][gc,stats    ]   CSR: VM Strong Roots               20 us, workers (us):  20, ---, ---, 
[64.808s][info][gc,stats    ]   CSR: CLDG Roots                   357 us, workers (us): 357, ---, ---, 
[64.808s][info][gc,stats    ] Concurrent Evacuation              2164 us
[64.808s][info][gc,stats    ] Pause Init Update Refs (G)          333 us
[64.808s][info][gc,stats    ] Pause Init Update Refs (N)          116 us
[64.808s][info][gc,stats    ]   Manage GCLABs                      17 us
[64.808s][info][gc,stats    ] Concurrent Update Refs           175590 us
[64.808s][info][gc,stats    ] Concurrent Update Thread Roots     7278 us
[64.808s][info][gc,stats    ] Pause Final Update Refs (G)         248 us
[64.808s][info][gc,stats    ] Pause Final Update Refs (N)         143 us
[64.808s][info][gc,stats    ]   Update Region States               53 us
[64.808s][info][gc,stats    ]   Trash Collection Set                3 us
[64.808s][info][gc,stats    ]   Rebuild Free Set                   13 us
[64.808s][info][gc,stats    ] Concurrent Cleanup                   83 us
[64.808s][info][gc,stats    ] Pacing                            35946 us
[64.808s][info][gc,stats    ] 
[64.808s][info][gc,stats    ] Allocation pacing accrued:
[64.808s][info][gc,stats    ]      18 of   505 ms (  3.5%): Executor task launch worker for task 1.0 in stage 118.0 (TID 197)
[64.808s][info][gc,stats    ]      18 of   505 ms (  3.6%): Executor task launch worker for task 0.0 in stage 118.0 (TID 196)
[64.808s][info][gc,stats    ]      36 of   505 ms (  7.1%): <total>
[64.808s][info][gc,stats    ]       0 of   505 ms (  0.0%): <average total>
[64.808s][info][gc,stats    ]      18 of   505 ms (  3.6%): <average non-zero>
[64.808s][info][gc,stats    ] 
[64.808s][info][gc,metaspace] Metaspace: 66395K(67200K)->66393K(67200K) NonClass: 58103K(58560K)->58101K(58560K) Class: 8292K(8640K)->8291K(8640K)
[64.808s][info][gc,ergo     ] Pacer for Idle. Initial: 41943K, Alloc Tax Rate: 1.0x
[64.825s][info][gc          ] Trigger: Learning 3 of 5. Free (685M) is below initial threshold (1433M)
[64.825s][info][gc,ergo     ] Free: 685M, Max: 1024K regular, 654M humongous, Frag: 2% external, 0% internal; Reserve: 103M, Max: 1024K
[64.825s][info][gc,start    ] GC(189) Concurrent reset
[64.825s][info][gc,task     ] GC(189) Using 1 of 3 workers for concurrent reset
[64.825s][info][gc,ergo     ] GC(189) Pacer for Reset. Non-Taxable: 2048M
[64.827s][info][gc          ] GC(189) Concurrent reset 1.463ms
[64.827s][info][gc,start    ] GC(189) Pause Init Mark (unload classes)
[64.827s][info][gc,task     ] GC(189) Using 3 of 3 workers for init marking
[64.827s][info][gc,ergo     ] GC(189) Pacer for Mark. Expected Live: 171M, Free: 685M, Non-Taxable: 70228K, Alloc Tax Rate: 0.3x
[64.827s][info][gc          ] GC(189) Pause Init Mark (unload classes) 0.213ms
[64.827s][info][gc,start    ] GC(189) Concurrent marking roots
[64.827s][info][gc,task     ] GC(189) Using 1 of 3 workers for concurrent marking roots
[64.835s][info][gc          ] GC(189) Concurrent marking roots 8.213ms
[64.835s][info][gc,start    ] GC(189) Concurrent marking (unload classes)
[64.835s][info][gc,task     ] GC(189) Using 1 of 3 workers for concurrent marking
[64.964s][info][gc          ] GC(189) Concurrent marking (unload classes) 128.223ms
[64.964s][info][gc,start    ] GC(189) Pause Final Mark (unload classes)
[64.964s][info][gc,task     ] GC(189) Using 3 of 3 workers for final marking
[64.964s][info][gc,ergo     ] GC(189) Collectable Garbage: 1063M (97%), Immediate: 1063M (97%), CSet: 0B (0%)
[64.964s][info][gc          ] GC(189) Pause Final Mark (unload classes) 0.276ms
[64.964s][info][gc,start    ] GC(189) Concurrent weak references
[64.964s][info][gc,task     ] GC(189) Using 1 of 3 workers for concurrent weak references
[64.964s][info][gc,ref      ] GC(189) Encountered references: Soft: 2909, Weak: 5883, Final: 51, Phantom: 579
[64.964s][info][gc,ref      ] GC(189) Discovered  references: Soft: 0, Weak: 794, Final: 0, Phantom: 260
[64.964s][info][gc,ref      ] GC(189) Enqueued    references: Soft: 0, Weak: 16, Final: 0, Phantom: 0
[64.964s][info][gc          ] GC(189) Concurrent weak references 0.158ms
[64.964s][info][gc,start    ] GC(189) Concurrent weak roots
[64.964s][info][gc,task     ] GC(189) Using 1 of 3 workers for concurrent weak root
[64.967s][info][gc          ] GC(189) Concurrent weak roots 3.280ms
[64.967s][info][gc,start    ] GC(189) Concurrent cleanup
[64.968s][info][gc          ] GC(189) Concurrent cleanup 1633M->571M(2048M) 0.194ms
[64.968s][info][gc,ergo     ] GC(189) Free: 1372M, Max: 1024K regular, 288M humongous, Frag: 79% external, 0% internal; Reserve: 103M, Max: 1024K
[64.968s][info][gc,start    ] GC(189) Concurrent class unloading
[64.968s][info][gc,task     ] GC(189) Using 1 of 3 workers for concurrent class unloading
[64.980s][info][gc          ] GC(189) Concurrent class unloading 11.925ms
[64.980s][info][gc,start    ] GC(189) Pause Final Roots
[64.980s][info][gc          ] GC(189) Pause Final Roots 0.075ms
[64.980s][info][gc,ergo     ] Free: 1328M, Max: 1024K regular, 288M humongous, Frag: 78% external, 0% internal; Reserve: 103M, Max: 1024K
[64.980s][info][gc,stats    ] 
[64.980s][info][gc,stats    ] All times are wall-clock times, except per-root-class counters, that are sum over
[64.980s][info][gc,stats    ] all workers. Dividing the <total> over the root stage time estimates parallelism.
[64.980s][info][gc,stats    ] 
[64.980s][info][gc,stats    ] Concurrent Reset                   1485 us
[64.980s][info][gc,stats    ] Pause Init Mark (G)                 377 us
[64.980s][info][gc,stats    ] Pause Init Mark (N)                 259 us
[64.980s][info][gc,stats    ]   Update Region States               74 us
[64.980s][info][gc,stats    ] Concurrent Mark Roots              8269 us, parallelism: 0.97x
[64.980s][info][gc,stats    ]   CMR: <total>                     8035 us
[64.980s][info][gc,stats    ]   CMR: Thread Roots                7911 us, workers (us): 7911, ---, ---, 
[64.980s][info][gc,stats    ]   CMR: VM Strong Roots               19 us, workers (us):  19, ---, ---, 
[64.980s][info][gc,stats    ]   CMR: CLDG Roots                   106 us, workers (us): 106, ---, ---, 
[64.980s][info][gc,stats    ] Concurrent Marking               128272 us
[64.980s][info][gc,stats    ] Pause Final Mark (G)                390 us
[64.980s][info][gc,stats    ] Pause Final Mark (N)                285 us
[64.980s][info][gc,stats    ]   Finish Mark                        93 us
[64.980s][info][gc,stats    ]   Update Region States               55 us
[64.980s][info][gc,stats    ]   Choose Collection Set              42 us
[64.980s][info][gc,stats    ]   Rebuild Free Set                    8 us
[64.980s][info][gc,stats    ] Concurrent Weak References          166 us, parallelism: 0.39x
[64.980s][info][gc,stats    ]   CWRF: <total>                      65 us
[64.980s][info][gc,stats    ]   CWRF: Weak References              65 us, workers (us):  65, ---, ---, 
[64.980s][info][gc,stats    ] Concurrent Weak Roots              3330 us
[64.980s][info][gc,stats    ]   Roots                            3056 us, parallelism: 0.97x
[64.980s][info][gc,stats    ]     CWR: <total>                   2976 us
[64.980s][info][gc,stats    ]     CWR: Code Cache Roots          2403 us, workers (us): 2403, ---, ---, 
[64.980s][info][gc,stats    ]     CWR: VM Weak Roots              531 us, workers (us): 531, ---, ---, 
[64.980s][info][gc,stats    ]     CWR: CLDG Roots                  42 us, workers (us):  42, ---, ---, 
[64.980s][info][gc,stats    ]   Rendezvous                        205 us
[64.980s][info][gc,stats    ] Concurrent Cleanup                  203 us
[64.980s][info][gc,stats    ] Concurrent Class Unloading        11958 us
[64.980s][info][gc,stats    ]   Unlink Stale                    11134 us
[64.980s][info][gc,stats    ]     System Dictionary                50 us
[64.980s][info][gc,stats    ]     Weak Class Links                  0 us
[64.980s][info][gc,stats    ]     Code Roots                    11083 us
[64.980s][info][gc,stats    ]   Rendezvous                        159 us
[64.980s][info][gc,stats    ]   Purge Unlinked                    616 us
[64.980s][info][gc,stats    ]     Code Roots                      611 us
[64.981s][info][gc,stats    ]     CLDG                              4 us
[64.981s][info][gc,stats    ]     Exception Caches                  0 us
[64.981s][info][gc,stats    ] Pause Final Roots (G)               210 us
[64.981s][info][gc,stats    ] Pause Final Roots (N)                95 us
[64.981s][info][gc,stats    ] Pacing                            71865 us
[64.981s][info][gc,stats    ] 
[64.981s][info][gc,stats    ] Allocation pacing accrued:
[64.981s][info][gc,stats    ]      36 of   172 ms ( 20.7%): Executor task launch worker for task 1.0 in stage 118.0 (TID 197)
[64.981s][info][gc,stats    ]      36 of   172 ms ( 21.0%): Executor task launch worker for task 0.0 in stage 118.0 (TID 196)
[64.981s][info][gc,stats    ]      72 of   172 ms ( 41.7%): <total>
[64.981s][info][gc,stats    ]       0 of   172 ms (  0.2%): <average total>
[64.981s][info][gc,stats    ]      36 of   172 ms ( 20.8%): <average non-zero>
[64.981s][info][gc,stats    ] 
[64.981s][info][gc,metaspace] Metaspace: 66393K(67200K)->66393K(67200K) NonClass: 58101K(58560K)->58101K(58560K) Class: 8291K(8640K)->8291K(8640K)
[64.981s][info][gc,ergo     ] Pacer for Idle. Initial: 41943K, Alloc Tax Rate: 1.0x
[64.982s][info][gc          ] Trigger: Learning 4 of 5. Free (1322M) is below initial threshold (1433M)
[64.982s][info][gc,ergo     ] Free: 1322M, Max: 1024K regular, 288M humongous, Frag: 78% external, 0% internal; Reserve: 103M, Max: 1024K
[64.982s][info][gc,start    ] GC(190) Concurrent reset
[64.982s][info][gc,task     ] GC(190) Using 1 of 3 workers for concurrent reset
[64.982s][info][gc,ergo     ] GC(190) Pacer for Reset. Non-Taxable: 2048M
[64.983s][info][gc          ] GC(190) Concurrent reset 0.835ms
[64.983s][info][gc,start    ] GC(190) Pause Init Mark (unload classes)
[64.983s][info][gc,task     ] GC(190) Using 3 of 3 workers for init marking
[64.983s][info][gc,ergo     ] GC(190) Pacer for Mark. Expected Live: 171M, Free: 1318M, Non-Taxable: 131M, Alloc Tax Rate: 0.2x
[64.983s][info][gc          ] GC(190) Pause Init Mark (unload classes) 0.128ms
[64.983s][info][gc,start    ] GC(190) Concurrent marking roots
[64.983s][info][gc,task     ] GC(190) Using 1 of 3 workers for concurrent marking roots
[64.991s][info][gc          ] GC(190) Concurrent marking roots 8.295ms
[64.991s][info][gc,start    ] GC(190) Concurrent marking (unload classes)
[64.991s][info][gc,task     ] GC(190) Using 1 of 3 workers for concurrent marking
[65.122s][info][gc          ] GC(190) Concurrent marking (unload classes) 130.492ms
[65.122s][info][gc,start    ] GC(190) Pause Final Mark (unload classes)
[65.122s][info][gc,task     ] GC(190) Using 3 of 3 workers for final marking
[65.122s][info][gc,ergo     ] GC(190) Collectable Garbage: 431M (95%), Immediate: 431M (95%), CSet: 0B (0%)
[65.122s][info][gc          ] GC(190) Pause Final Mark (unload classes) 0.240ms
[65.122s][info][gc,start    ] GC(190) Concurrent weak references
[65.122s][info][gc,task     ] GC(190) Using 1 of 3 workers for concurrent weak references
[65.122s][info][gc,ref      ] GC(190) Encountered references: Soft: 2909, Weak: 5867, Final: 51, Phantom: 579
[65.122s][info][gc,ref      ] GC(190) Discovered  references: Soft: 0, Weak: 778, Final: 0, Phantom: 260
[65.122s][info][gc,ref      ] GC(190) Enqueued    references: Soft: 0, Weak: 0, Final: 0, Phantom: 0
[65.122s][info][gc          ] GC(190) Concurrent weak references 0.150ms
[65.122s][info][gc,start    ] GC(190) Concurrent weak roots
[65.122s][info][gc,task     ] GC(190) Using 1 of 3 workers for concurrent weak root
[65.126s][info][gc          ] GC(190) Concurrent weak roots 3.278ms
[65.126s][info][gc,start    ] GC(190) Concurrent cleanup
[65.126s][info][gc          ] GC(190) Concurrent cleanup 1099M->667M(2048M) 0.044ms
[65.126s][info][gc,ergo     ] GC(190) Free: 1274M, Max: 1024K regular, 522M humongous, Frag: 59% external, 0% internal; Reserve: 103M, Max: 1024K
[65.126s][info][gc,start    ] GC(190) Concurrent class unloading
[65.126s][info][gc,task     ] GC(190) Using 1 of 3 workers for concurrent class unloading
[65.137s][info][gc          ] GC(190) Concurrent class unloading 11.635ms
[65.138s][info][gc,start    ] GC(190) Pause Final Roots
[65.138s][info][gc          ] GC(190) Pause Final Roots 0.041ms
[65.138s][info][gc,ergo     ] Free: 1253M, Max: 1024K regular, 522M humongous, Frag: 58% external, 0% internal; Reserve: 103M, Max: 1024K
[65.138s][info][gc,stats    ] 
[65.138s][info][gc,stats    ] All times are wall-clock times, except per-root-class counters, that are sum over
[65.138s][info][gc,stats    ] all workers. Dividing the <total> over the root stage time estimates parallelism.
[65.138s][info][gc,stats    ] 
[65.138s][info][gc,stats    ] Concurrent Reset                    855 us
[65.138s][info][gc,stats    ] Pause Init Mark (G)                 296 us
[65.138s][info][gc,stats    ] Pause Init Mark (N)                 136 us
[65.138s][info][gc,stats    ]   Update Region States               38 us
[65.138s][info][gc,stats    ] Concurrent Mark Roots              8322 us, parallelism: 0.98x
[65.138s][info][gc,stats    ]   CMR: <total>                     8164 us
[65.138s][info][gc,stats    ]   CMR: Thread Roots                8060 us, workers (us): 8060, ---, ---, 
[65.138s][info][gc,stats    ]   CMR: VM Strong Roots               11 us, workers (us):  11, ---, ---, 
[65.138s][info][gc,stats    ]   CMR: CLDG Roots                    93 us, workers (us):  93, ---, ---, 
[65.138s][info][gc,stats    ] Concurrent Marking               130539 us
[65.138s][info][gc,stats    ] Pause Final Mark (G)                328 us
[65.138s][info][gc,stats    ] Pause Final Mark (N)                249 us
[65.138s][info][gc,stats    ]   Finish Mark                        57 us
[65.138s][info][gc,stats    ]   Update Region States               31 us
[65.138s][info][gc,stats    ]   Choose Collection Set              32 us
[65.138s][info][gc,stats    ]   Rebuild Free Set                    8 us
[65.138s][info][gc,stats    ] Concurrent Weak References          157 us, parallelism: 0.36x
[65.138s][info][gc,stats    ]   CWRF: <total>                      56 us
[65.138s][info][gc,stats    ]   CWRF: Weak References              56 us, workers (us):  56, ---, ---, 
[65.138s][info][gc,stats    ] Concurrent Weak Roots              3318 us
[65.138s][info][gc,stats    ]   Roots                            3080 us, parallelism: 0.98x
[65.138s][info][gc,stats    ]     CWR: <total>                   3014 us
[65.138s][info][gc,stats    ]     CWR: Code Cache Roots          2619 us, workers (us): 2619, ---, ---, 
[65.138s][info][gc,stats    ]     CWR: VM Weak Roots              344 us, workers (us): 344, ---, ---, 
[65.138s][info][gc,stats    ]     CWR: CLDG Roots                  51 us, workers (us):  51, ---, ---, 
[65.138s][info][gc,stats    ]   Rendezvous                        180 us
[65.138s][info][gc,stats    ] Concurrent Cleanup                   53 us
[65.138s][info][gc,stats    ] Concurrent Class Unloading        11689 us
[65.138s][info][gc,stats    ]   Unlink Stale                    10889 us
[65.138s][info][gc,stats    ]     System Dictionary                55 us
[65.138s][info][gc,stats    ]     Weak Class Links                  0 us
[65.138s][info][gc,stats    ]     Code Roots                    10832 us
[65.138s][info][gc,stats    ]   Rendezvous                        177 us
[65.138s][info][gc,stats    ]   Purge Unlinked                    549 us
[65.138s][info][gc,stats    ]     Code Roots                      545 us
[65.138s][info][gc,stats    ]     CLDG                              4 us
[65.138s][info][gc,stats    ]     Exception Caches                  0 us
[65.138s][info][gc,stats    ] Pause Final Roots (G)               175 us
[65.138s][info][gc,stats    ] Pause Final Roots (N)                50 us
[65.138s][info][gc,stats    ] 
[65.138s][info][gc,stats    ] Allocation pacing accrued:
[65.138s][info][gc,stats    ]       0 of   158 ms (  0.0%): <total>
[65.138s][info][gc,stats    ]       0 of   158 ms (  0.0%): <average total>
[65.138s][info][gc,stats    ] 
[65.138s][info][gc,metaspace] Metaspace: 66393K(67200K)->66402K(67200K) NonClass: 58101K(58560K)->58109K(58560K) Class: 8291K(8640K)->8293K(8640K)
[65.138s][info][gc,ergo     ] Pacer for Idle. Initial: 41943K, Alloc Tax Rate: 1.0x
[65.144s][info][gc          ] Trigger: Learning 5 of 5. Free (1248M) is below initial threshold (1433M)
[65.144s][info][gc,ergo     ] Free: 1248M, Max: 1024K regular, 522M humongous, Frag: 58% external, 0% internal; Reserve: 103M, Max: 1024K
[65.144s][info][gc,start    ] GC(191) Concurrent reset
[65.144s][info][gc,task     ] GC(191) Using 1 of 3 workers for concurrent reset
[65.144s][info][gc,ergo     ] GC(191) Pacer for Reset. Non-Taxable: 2048M
[65.145s][info][gc          ] GC(191) Concurrent reset 1.043ms
[65.145s][info][gc,start    ] GC(191) Pause Init Mark (unload classes)
[65.145s][info][gc,task     ] GC(191) Using 3 of 3 workers for init marking
[65.145s][info][gc,ergo     ] GC(191) Pacer for Mark. Expected Live: 171M, Free: 1245M, Non-Taxable: 124M, Alloc Tax Rate: 0.2x
[65.145s][info][gc          ] GC(191) Pause Init Mark (unload classes) 0.163ms
[65.146s][info][gc,start    ] GC(191) Concurrent marking roots
[65.146s][info][gc,task     ] GC(191) Using 1 of 3 workers for concurrent marking roots
[65.155s][info][gc          ] GC(191) Concurrent marking roots 9.203ms
[65.155s][info][gc,start    ] GC(191) Concurrent marking (unload classes)
[65.155s][info][gc,task     ] GC(191) Using 1 of 3 workers for concurrent marking
[65.283s][info][gc          ] GC(191) Concurrent marking (unload classes) 127.805ms
[65.283s][info][gc,start    ] GC(191) Pause Final Mark (unload classes)
[65.283s][info][gc,task     ] GC(191) Using 3 of 3 workers for final marking
[65.283s][info][gc,ergo     ] GC(191) Collectable Garbage: 489M (94%), Immediate: 489M (94%), CSet: 0B (0%)
[65.283s][info][gc          ] GC(191) Pause Final Mark (unload classes) 0.276ms
[65.283s][info][gc,start    ] GC(191) Concurrent weak references
[65.283s][info][gc,task     ] GC(191) Using 1 of 3 workers for concurrent weak references
[65.283s][info][gc,ref      ] GC(191) Encountered references: Soft: 2923, Weak: 5970, Final: 51, Phantom: 579
[65.283s][info][gc,ref      ] GC(191) Discovered  references: Soft: 0, Weak: 945, Final: 0, Phantom: 260
[65.283s][info][gc,ref      ] GC(191) Enqueued    references: Soft: 0, Weak: 155, Final: 0, Phantom: 0
[65.283s][info][gc          ] GC(191) Concurrent weak references 0.305ms
[65.283s][info][gc,start    ] GC(191) Concurrent weak roots
[65.283s][info][gc,task     ] GC(191) Using 1 of 3 workers for concurrent weak root
[65.287s][info][gc          ] GC(191) Concurrent weak roots 3.260ms
[65.287s][info][gc,start    ] GC(191) Concurrent cleanup
[65.287s][info][gc          ] GC(191) Concurrent cleanup 701M->211M(2048M) 0.048ms
[65.287s][info][gc,ergo     ] GC(191) Free: 1731M, Max: 1024K regular, 957M humongous, Frag: 45% external, 0% internal; Reserve: 103M, Max: 1024K
[65.287s][info][gc,start    ] GC(191) Concurrent class unloading
[65.287s][info][gc,task     ] GC(191) Using 1 of 3 workers for concurrent class unloading
[65.297s][info][gc          ] GC(191) Concurrent class unloading 10.743ms
[65.298s][info][gc,start    ] GC(191) Pause Final Roots
[65.298s][info][gc          ] GC(191) Pause Final Roots 0.058ms
[65.298s][info][gc,ergo     ] Free: 1731M, Max: 1024K regular, 957M humongous, Frag: 45% external, 0% internal; Reserve: 103M, Max: 1024K
[65.298s][info][gc,stats    ] 
[65.298s][info][gc,stats    ] All times are wall-clock times, except per-root-class counters, that are sum over
[65.298s][info][gc,stats    ] all workers. Dividing the <total> over the root stage time estimates parallelism.
[65.298s][info][gc,stats    ] 
[65.298s][info][gc,stats    ] Concurrent Reset                   1110 us
[65.298s][info][gc,stats    ] Pause Init Mark (G)                 320 us
[65.298s][info][gc,stats    ] Pause Init Mark (N)                 180 us
[65.298s][info][gc,stats    ]   Update Region States               52 us
[65.298s][info][gc,stats    ] Concurrent Mark Roots              9264 us, parallelism: 0.98x
[65.298s][info][gc,stats    ]   CMR: <total>                     9037 us
[65.298s][info][gc,stats    ]   CMR: Thread Roots                8953 us, workers (us): 8953, ---, ---, 
[65.298s][info][gc,stats    ]   CMR: VM Strong Roots               14 us, workers (us):  14, ---, ---, 
[65.298s][info][gc,stats    ]   CMR: CLDG Roots                    70 us, workers (us):  70, ---, ---, 
[65.298s][info][gc,stats    ] Concurrent Marking               127883 us
[65.298s][info][gc,stats    ] Pause Final Mark (G)                372 us
[65.298s][info][gc,stats    ] Pause Final Mark (N)                285 us
[65.298s][info][gc,stats    ]   Finish Mark                       110 us
[65.298s][info][gc,stats    ]   Update Region States               55 us
[65.298s][info][gc,stats    ]   Choose Collection Set              33 us
[65.298s][info][gc,stats    ]   Rebuild Free Set                    8 us
[65.298s][info][gc,stats    ] Concurrent Weak References          313 us, parallelism: 0.33x
[65.298s][info][gc,stats    ]   CWRF: <total>                     104 us
[65.298s][info][gc,stats    ]   CWRF: Weak References             104 us, workers (us): 104, ---, ---, 
[65.298s][info][gc,stats    ] Concurrent Weak Roots              3309 us
[65.298s][info][gc,stats    ]   Roots                            3078 us, parallelism: 0.98x
[65.298s][info][gc,stats    ]     CWR: <total>                   3031 us
[65.298s][info][gc,stats    ]     CWR: Code Cache Roots          2666 us, workers (us): 2666, ---, ---, 
[65.298s][info][gc,stats    ]     CWR: VM Weak Roots              321 us, workers (us): 321, ---, ---, 
[65.298s][info][gc,stats    ]     CWR: CLDG Roots                  44 us, workers (us):  44, ---, ---, 
[65.298s][info][gc,stats    ]   Rendezvous                        163 us
[65.298s][info][gc,stats    ] Concurrent Cleanup                   56 us
[65.298s][info][gc,stats    ] Concurrent Class Unloading        10809 us
[65.298s][info][gc,stats    ]   Unlink Stale                    10087 us
[65.298s][info][gc,stats    ]     System Dictionary                45 us
[65.298s][info][gc,stats    ]     Weak Class Links                  0 us
[65.298s][info][gc,stats    ]     Code Roots                    10040 us
[65.298s][info][gc,stats    ]   Rendezvous                        166 us
[65.298s][info][gc,stats    ]   Purge Unlinked                    469 us
[65.298s][info][gc,stats    ]     Code Roots                      459 us
[65.298s][info][gc,stats    ]     CLDG                             10 us
[65.298s][info][gc,stats    ]     Exception Caches                  0 us
[65.298s][info][gc,stats    ] Pause Final Roots (G)               173 us
[65.298s][info][gc,stats    ] Pause Final Roots (N)                79 us
[65.298s][info][gc,stats    ] 
[65.298s][info][gc,stats    ] Allocation pacing accrued:
[65.298s][info][gc,stats    ]       0 of   160 ms (  0.0%): <total>
[65.298s][info][gc,stats    ]       0 of   160 ms (  0.0%): <average total>
[65.298s][info][gc,stats    ] 
[65.298s][info][gc,metaspace] Metaspace: 66411K(67200K)->66411K(67200K) NonClass: 58116K(58560K)->58116K(58560K) Class: 8294K(8640K)->8294K(8640K)
[65.298s][info][gc,ergo     ] Pacer for Idle. Initial: 41943K, Alloc Tax Rate: 1.0x
[65.301s][info][gc          ] Trigger: Explicit GC request (System.gc())
[65.301s][info][gc,ergo     ] Free: 1731M, Max: 1024K regular, 957M humongous, Frag: 45% external, 0% internal; Reserve: 103M, Max: 1024K
[65.301s][info][gc,start    ] GC(192) Concurrent reset
[65.301s][info][gc,task     ] GC(192) Using 1 of 3 workers for concurrent reset
[65.301s][info][gc,ergo     ] GC(192) Pacer for Reset. Non-Taxable: 2048M
[65.302s][info][gc          ] GC(192) Concurrent reset 1.304ms
[65.302s][info][gc,start    ] GC(192) Pause Init Mark (unload classes)
[65.302s][info][gc,task     ] GC(192) Using 3 of 3 workers for init marking
[65.303s][info][gc,ref      ] GC(192) Clearing All SoftReferences
[65.303s][info][gc,ergo     ] GC(192) Pacer for Mark. Expected Live: 171M, Free: 1731M, Non-Taxable: 173M, Alloc Tax Rate: 0.1x
[65.303s][info][gc          ] GC(192) Pause Init Mark (unload classes) 0.164ms
[65.303s][info][gc,start    ] GC(192) Concurrent marking roots
[65.303s][info][gc,task     ] GC(192) Using 1 of 3 workers for concurrent marking roots
[65.310s][info][gc          ] GC(192) Concurrent marking roots 7.585ms
[65.310s][info][gc,start    ] GC(192) Concurrent marking (unload classes)
[65.310s][info][gc,task     ] GC(192) Using 1 of 3 workers for concurrent marking
[65.439s][info][gc          ] GC(192) Concurrent marking (unload classes) 128.263ms
[65.439s][info][gc,start    ] GC(192) Pause Final Mark (unload classes)
[65.439s][info][gc,task     ] GC(192) Using 3 of 3 workers for final marking
[65.439s][info][gc,ergo     ] GC(192) Adaptive CSet Selection. Target Free: 290M, Actual Free: 1815M, Max CSet: 87381K, Min Garbage: 0B
[65.439s][info][gc,ergo     ] GC(192) Collectable Garbage: 37056K (88%), Immediate: 3072K (7%), CSet: 33984K (80%)
[65.439s][info][gc,ergo     ] GC(192) Pacer for Evacuation. Used CSet: 34816K, Free: 1733M, Non-Taxable: 173M, Alloc Tax Rate: 1.1x
[65.439s][info][gc          ] GC(192) Pause Final Mark (unload classes) 0.441ms
[65.439s][info][gc,start    ] GC(192) Concurrent thread roots
[65.439s][info][gc,task     ] GC(192) Using 1 of 3 workers for Concurrent thread roots
[65.447s][info][gc          ] GC(192) Concurrent thread roots 7.434ms
[65.447s][info][gc,start    ] GC(192) Concurrent weak references
[65.447s][info][gc,task     ] GC(192) Using 1 of 3 workers for concurrent weak references
[65.447s][info][gc,ref      ] GC(192) Encountered references: Soft: 2824, Weak: 5720, Final: 51, Phantom: 579
[65.447s][info][gc,ref      ] GC(192) Discovered  references: Soft: 658, Weak: 803, Final: 0, Phantom: 337
[65.447s][info][gc,ref      ] GC(192) Enqueued    references: Soft: 296, Weak: 11, Final: 0, Phantom: 0
[65.447s][info][gc          ] GC(192) Concurrent weak references 0.607ms
[65.447s][info][gc,start    ] GC(192) Concurrent weak roots
[65.447s][info][gc,task     ] GC(192) Using 1 of 3 workers for concurrent weak root
[65.451s][info][gc          ] GC(192) Concurrent weak roots 3.664ms
[65.451s][info][gc,start    ] GC(192) Concurrent cleanup
[65.451s][info][gc          ] GC(192) Concurrent cleanup 218M->215M(2048M) 0.044ms
[65.451s][info][gc,ergo     ] GC(192) Free: 1728M, Max: 1024K regular, 957M humongous, Frag: 44% external, 0% internal; Reserve: 102M, Max: 1024K
[65.451s][info][gc,start    ] GC(192) Concurrent class unloading
[65.451s][info][gc,task     ] GC(192) Using 1 of 3 workers for concurrent class unloading
[65.472s][info][gc          ] GC(192) Concurrent class unloading 20.790ms
[65.472s][info][gc,start    ] GC(192) Concurrent strong roots
[65.472s][info][gc,task     ] GC(192) Using 1 of 3 workers for concurrent strong root
[65.472s][info][gc          ] GC(192) Concurrent strong roots 0.440ms
[65.472s][info][gc,start    ] GC(192) Concurrent evacuation
[65.472s][info][gc,task     ] GC(192) Using 1 of 3 workers for concurrent evacuation
[65.473s][info][gc          ] GC(192) Concurrent evacuation 0.469ms
[65.473s][info][gc,start    ] GC(192) Pause Init Update Refs
[65.473s][info][gc,ergo     ] GC(192) Pacer for Update Refs. Used: 215M, Free: 1728M, Non-Taxable: 172M, Alloc Tax Rate: 1.1x
[65.473s][info][gc          ] GC(192) Pause Init Update Refs 0.064ms
[65.473s][info][gc,start    ] GC(192) Concurrent update references
[65.473s][info][gc,task     ] GC(192) Using 1 of 3 workers for concurrent reference update
[65.535s][info][gc          ] GC(192) Concurrent update references 62.013ms
[65.535s][info][gc,start    ] GC(192) Concurrent update thread roots
[65.543s][info][gc          ] GC(192) Concurrent update thread roots 7.898ms
[65.543s][info][gc,start    ] GC(192) Pause Final Update Refs
[65.543s][info][gc,task     ] GC(192) Using 3 of 3 workers for final reference update
[65.543s][info][gc          ] GC(192) Pause Final Update Refs 0.140ms
[65.543s][info][gc,start    ] GC(192) Concurrent cleanup
[65.543s][info][gc          ] GC(192) Concurrent cleanup 215M->181M(2048M) 0.058ms
[65.543s][info][gc,ergo     ] Free: 1761M, Max: 1024K regular, 1385M humongous, Frag: 21% external, 0% internal; Reserve: 103M, Max: 1024K
[65.543s][info][gc,stats    ] 
[65.543s][info][gc,stats    ] All times are wall-clock times, except per-root-class counters, that are sum over
[65.543s][info][gc,stats    ] all workers. Dividing the <total> over the root stage time estimates parallelism.
[65.544s][info][gc,stats    ] 
[65.544s][info][gc,stats    ] Concurrent Reset                   1356 us
[65.544s][info][gc,stats    ] Pause Init Mark (G)                 294 us
[65.544s][info][gc,stats    ] Pause Init Mark (N)                 172 us
[65.544s][info][gc,stats    ]   Update Region States               50 us
[65.544s][info][gc,stats    ] Concurrent Mark Roots              7634 us, parallelism: 0.97x
[65.544s][info][gc,stats    ]   CMR: <total>                     7379 us
[65.544s][info][gc,stats    ]   CMR: Thread Roots                7239 us, workers (us): 7239, ---, ---, 
[65.544s][info][gc,stats    ]   CMR: VM Strong Roots               19 us, workers (us):  19, ---, ---, 
[65.544s][info][gc,stats    ]   CMR: CLDG Roots                   122 us, workers (us): 122, ---, ---, 
[65.544s][info][gc,stats    ] Concurrent Marking               128336 us
[65.544s][info][gc,stats    ] Pause Final Mark (G)                536 us
[65.544s][info][gc,stats    ] Pause Final Mark (N)                448 us
[65.544s][info][gc,stats    ]   Finish Mark                       259 us
[65.544s][info][gc,stats    ]   Update Region States               49 us
[65.544s][info][gc,stats    ]   Choose Collection Set              53 us
[65.544s][info][gc,stats    ]   Rebuild Free Set                    8 us
[65.544s][info][gc,stats    ] Concurrent Thread Roots            7484 us, parallelism: 0.97x
[65.544s][info][gc,stats    ]   CTR: <total>                     7285 us
[65.544s][info][gc,stats    ]   CTR: Thread Roots                7285 us, workers (us): 7285, ---, ---, 
[65.544s][info][gc,stats    ] Concurrent Weak References          628 us, parallelism: 0.44x
[65.544s][info][gc,stats    ]   CWRF: <total>                     275 us
[65.544s][info][gc,stats    ]   CWRF: Weak References             275 us, workers (us): 275, ---, ---, 
[65.544s][info][gc,stats    ] Concurrent Weak Roots              3727 us
[65.544s][info][gc,stats    ]   Roots                            3448 us, parallelism: 0.96x
[65.544s][info][gc,stats    ]     CWR: <total>                   3310 us
[65.544s][info][gc,stats    ]     CWR: Code Cache Roots          2353 us, workers (us): 2353, ---, ---, 
[65.544s][info][gc,stats    ]     CWR: VM Weak Roots              905 us, workers (us): 905, ---, ---, 
[65.544s][info][gc,stats    ]     CWR: CLDG Roots                  51 us, workers (us):  51, ---, ---, 
[65.544s][info][gc,stats    ]   Rendezvous                        172 us
[65.544s][info][gc,stats    ] Concurrent Cleanup                   62 us
[65.544s][info][gc,stats    ] Concurrent Class Unloading        20843 us
[65.544s][info][gc,stats    ]   Unlink Stale                    19495 us
[65.544s][info][gc,stats    ]     System Dictionary               820 us
[65.544s][info][gc,stats    ]     Weak Class Links               7172 us
[65.544s][info][gc,stats    ]     Code Roots                    11500 us
[65.544s][info][gc,stats    ]   Rendezvous                        220 us
[65.544s][info][gc,stats    ]   Purge Unlinked                   1040 us
[65.544s][info][gc,stats    ]     Code Roots                      738 us
[65.544s][info][gc,stats    ]     CLDG                            302 us
[65.544s][info][gc,stats    ]     Exception Caches                  0 us
[65.544s][info][gc,stats    ] Concurrent Strong Roots             464 us, parallelism: 0.69x
[65.544s][info][gc,stats    ]   CSR: <total>                      319 us
[65.544s][info][gc,stats    ]   CSR: VM Strong Roots               17 us, workers (us):  17, ---, ---, 
[65.544s][info][gc,stats    ]   CSR: CLDG Roots                   302 us, workers (us): 302, ---, ---, 
[65.544s][info][gc,stats    ] Concurrent Evacuation               486 us
[65.544s][info][gc,stats    ] Pause Init Update Refs (G)          142 us
[65.544s][info][gc,stats    ] Pause Init Update Refs (N)           72 us
[65.544s][info][gc,stats    ]   Manage GCLABs                      12 us
[65.544s][info][gc,stats    ] Concurrent Update Refs            62083 us
[65.544s][info][gc,stats    ] Concurrent Update Thread Roots     7939 us
[65.544s][info][gc,stats    ] Pause Final Update Refs (G)         282 us
[65.544s][info][gc,stats    ] Pause Final Update Refs (N)         158 us
[65.544s][info][gc,stats    ]   Update Region States               71 us
[65.544s][info][gc,stats    ]   Trash Collection Set                4 us
[65.544s][info][gc,stats    ]   Rebuild Free Set                   22 us
[65.544s][info][gc,stats    ] Concurrent Cleanup                   78 us
[65.544s][info][gc,stats    ] 
[65.544s][info][gc,stats    ] Allocation pacing accrued:
[65.544s][info][gc,stats    ]       0 of   246 ms (  0.0%): <total>
[65.544s][info][gc,stats    ]       0 of   246 ms (  0.0%): <average total>
[65.544s][info][gc,stats    ] 
[65.544s][info][gc,metaspace] Metaspace: 66411K(67200K)->66088K(67200K) NonClass: 58116K(58560K)->57848K(58560K) Class: 8294K(8640K)->8240K(8640K)
[65.544s][info][gc,ergo     ] Pacer for Idle. Initial: 41943K, Alloc Tax Rate: 1.0x
[65.770s][info][gc          ] Trigger: Learning 2 of 5. Free (1394M) is below initial threshold (1433M)
[65.770s][info][gc,ergo     ] Free: 1394M, Max: 1024K regular, 1372M humongous, Frag: 0% external, 0% internal; Reserve: 103M, Max: 1024K
[65.770s][info][gc,start    ] GC(193) Concurrent reset
[65.770s][info][gc,task     ] GC(193) Using 1 of 3 workers for concurrent reset
[65.770s][info][gc,ergo     ] GC(193) Pacer for Reset. Non-Taxable: 2048M
[65.771s][info][gc          ] GC(193) Concurrent reset 1.144ms
[65.772s][info][gc,start    ] GC(193) Pause Init Mark (unload classes)
[65.772s][info][gc,task     ] GC(193) Using 3 of 3 workers for init marking
[65.772s][info][gc,ergo     ] GC(193) Pacer for Mark. Expected Live: 171M, Free: 1394M, Non-Taxable: 139M, Alloc Tax Rate: 0.2x
[65.772s][info][gc          ] GC(193) Pause Init Mark (unload classes) 0.137ms
[65.772s][info][gc,start    ] GC(193) Concurrent marking roots
[65.772s][info][gc,task     ] GC(193) Using 1 of 3 workers for concurrent marking roots
[65.780s][info][gc          ] GC(193) Concurrent marking roots 8.060ms
[65.780s][info][gc,start    ] GC(193) Concurrent marking (unload classes)
[65.780s][info][gc,task     ] GC(193) Using 1 of 3 workers for concurrent marking
[65.910s][info][gc          ] GC(193) Concurrent marking (unload classes) 130.536ms
[65.911s][info][gc,start    ] GC(193) Pause Final Mark (unload classes)
[65.911s][info][gc,task     ] GC(193) Using 3 of 3 workers for final marking
[65.911s][info][gc,ergo     ] GC(193) Adaptive CSet Selection. Target Free: 290M, Actual Free: 1396M, Max CSet: 87381K, Min Garbage: 0B
[65.911s][info][gc,ergo     ] GC(193) Collectable Garbage: 368M (98%), Immediate: 336M (89%), CSet: 33303K (8%)
[65.911s][info][gc,ergo     ] GC(193) Pacer for Evacuation. Used CSet: 35394K, Free: 1318M, Non-Taxable: 131M, Alloc Tax Rate: 1.1x
[65.911s][info][gc          ] GC(193) Pause Final Mark (unload classes) 0.423ms
[65.911s][info][gc,start    ] GC(193) Concurrent thread roots
[65.911s][info][gc,task     ] GC(193) Using 1 of 3 workers for Concurrent thread roots
[65.920s][info][gc          ] GC(193) Concurrent thread roots 8.622ms
[65.920s][info][gc,start    ] GC(193) Concurrent weak references
[65.920s][info][gc,task     ] GC(193) Using 1 of 3 workers for concurrent weak references
[65.920s][info][gc,ref      ] GC(193) Encountered references: Soft: 2911, Weak: 5990, Final: 51, Phantom: 579
[65.920s][info][gc,ref      ] GC(193) Discovered  references: Soft: 0, Weak: 878, Final: 0, Phantom: 260
[65.920s][info][gc,ref      ] GC(193) Enqueued    references: Soft: 0, Weak: 92, Final: 0, Phantom: 0
[65.920s][info][gc          ] GC(193) Concurrent weak references 0.361ms
[65.920s][info][gc,start    ] GC(193) Concurrent weak roots
[65.920s][info][gc,task     ] GC(193) Using 1 of 3 workers for concurrent weak root
[65.924s][info][gc          ] GC(193) Concurrent weak roots 4.341ms
[65.924s][info][gc,start    ] GC(193) Concurrent cleanup
[65.925s][info][gc          ] GC(193) Concurrent cleanup 1005M->669M(2048M) 0.073ms
[65.925s][info][gc,ergo     ] GC(193) Free: 1273M, Max: 1024K regular, 912M humongous, Frag: 28% external, 0% internal; Reserve: 102M, Max: 1024K
[65.925s][info][gc,start    ] GC(193) Concurrent class unloading
[65.925s][info][gc,task     ] GC(193) Using 1 of 3 workers for concurrent class unloading
[65.946s][info][gc          ] GC(193) Concurrent class unloading 21.065ms
[65.946s][info][gc,start    ] GC(193) Concurrent strong roots
[65.946s][info][gc,task     ] GC(193) Using 1 of 3 workers for concurrent strong root
[65.946s][info][gc          ] GC(193) Concurrent strong roots 0.361ms
[65.946s][info][gc,start    ] GC(193) Concurrent evacuation
[65.946s][info][gc,task     ] GC(193) Using 1 of 3 workers for concurrent evacuation
[65.948s][info][gc          ] GC(193) Concurrent evacuation 1.628ms
[65.948s][info][gc,start    ] GC(193) Pause Init Update Refs
[65.948s][info][gc,ergo     ] GC(193) Pacer for Update Refs. Used: 733M, Free: 1211M, Non-Taxable: 121M, Alloc Tax Rate: 1.1x
[65.948s][info][gc          ] GC(193) Pause Init Update Refs 0.062ms
[65.948s][info][gc,start    ] GC(193) Concurrent update references
[65.948s][info][gc,task     ] GC(193) Using 1 of 3 workers for concurrent reference update
[66.122s][info][gc          ] GC(193) Concurrent update references 173.849ms
[66.122s][info][gc,start    ] GC(193) Concurrent update thread roots
[66.130s][info][gc          ] GC(193) Concurrent update thread roots 7.837ms
[66.130s][info][gc,start    ] GC(193) Pause Final Update Refs
[66.130s][info][gc,task     ] GC(193) Using 3 of 3 workers for final reference update
[66.130s][info][gc          ] GC(193) Pause Final Update Refs 0.122ms
[66.130s][info][gc,start    ] GC(193) Concurrent cleanup
[66.130s][info][gc          ] GC(193) Concurrent cleanup 1232M->1197M(2048M) 0.058ms
[66.130s][info][gc,ergo     ] Free: 744M, Max: 1024K regular, 689M humongous, Frag: 5% external, 0% internal; Reserve: 103M, Max: 1024K
[66.130s][info][gc,stats    ] 
[66.130s][info][gc,stats    ] All times are wall-clock times, except per-root-class counters, that are sum over
[66.130s][info][gc,stats    ] all workers. Dividing the <total> over the root stage time estimates parallelism.
[66.130s][info][gc,stats    ] 
[66.130s][info][gc,stats    ] Concurrent Reset                   1202 us
[66.130s][info][gc,stats    ] Pause Init Mark (G)                 260 us
[66.130s][info][gc,stats    ] Pause Init Mark (N)                 145 us
[66.130s][info][gc,stats    ]   Update Region States               55 us
[66.130s][info][gc,stats    ] Concurrent Mark Roots              8109 us, parallelism: 0.97x
[66.130s][info][gc,stats    ]   CMR: <total>                     7881 us
[66.130s][info][gc,stats    ]   CMR: Thread Roots                7774 us, workers (us): 7774, ---, ---, 
[66.130s][info][gc,stats    ]   CMR: VM Strong Roots               18 us, workers (us):  18, ---, ---, 
[66.130s][info][gc,stats    ]   CMR: CLDG Roots                    89 us, workers (us):  89, ---, ---, 
[66.130s][info][gc,stats    ] Concurrent Marking               130614 us
[66.130s][info][gc,stats    ] Pause Final Mark (G)                553 us
[66.130s][info][gc,stats    ] Pause Final Mark (N)                440 us
[66.130s][info][gc,stats    ]   Finish Mark                        89 us
[66.130s][info][gc,stats    ]   Update Region States               39 us
[66.131s][info][gc,stats    ]   Choose Collection Set             168 us
[66.131s][info][gc,stats    ]   Rebuild Free Set                   18 us
[66.131s][info][gc,stats    ] Concurrent Thread Roots            8648 us, parallelism: 0.99x
[66.131s][info][gc,stats    ]   CTR: <total>                     8542 us
[66.131s][info][gc,stats    ]   CTR: Thread Roots                8542 us, workers (us): 8542, ---, ---, 
[66.131s][info][gc,stats    ] Concurrent Weak References          370 us, parallelism: 0.54x
[66.131s][info][gc,stats    ]   CWRF: <total>                     198 us
[66.131s][info][gc,stats    ]   CWRF: Weak References             198 us, workers (us): 198, ---, ---, 
[66.131s][info][gc,stats    ] Concurrent Weak Roots              4394 us
[66.131s][info][gc,stats    ]   Roots                            4138 us, parallelism: 0.99x
[66.131s][info][gc,stats    ]     CWR: <total>                   4093 us
[66.131s][info][gc,stats    ]     CWR: Code Cache Roots          2748 us, workers (us): 2748, ---, ---, 
[66.131s][info][gc,stats    ]     CWR: VM Weak Roots             1283 us, workers (us): 1283, ---, ---, 
[66.131s][info][gc,stats    ]     CWR: CLDG Roots                  62 us, workers (us):  62, ---, ---, 
[66.131s][info][gc,stats    ]   Rendezvous                        182 us
[66.131s][info][gc,stats    ] Concurrent Cleanup                   91 us
[66.131s][info][gc,stats    ] Concurrent Class Unloading        21123 us
[66.131s][info][gc,stats    ]   Unlink Stale                    20172 us
[66.131s][info][gc,stats    ]     System Dictionary               247 us
[66.131s][info][gc,stats    ]     Weak Class Links               8036 us
[66.131s][info][gc,stats    ]     Code Roots                    11887 us
[66.131s][info][gc,stats    ]   Rendezvous                        238 us
[66.131s][info][gc,stats    ]   Purge Unlinked                    620 us
[66.131s][info][gc,stats    ]     Code Roots                      600 us
[66.131s][info][gc,stats    ]     CLDG                             20 us
[66.131s][info][gc,stats    ]     Exception Caches                  0 us
[66.131s][info][gc,stats    ] Concurrent Strong Roots             382 us, parallelism: 0.64x
[66.131s][info][gc,stats    ]   CSR: <total>                      245 us
[66.131s][info][gc,stats    ]   CSR: VM Strong Roots               13 us, workers (us):  13, ---, ---, 
[66.131s][info][gc,stats    ]   CSR: CLDG Roots                   232 us, workers (us): 232, ---, ---, 
[66.131s][info][gc,stats    ] Concurrent Evacuation              1700 us
[66.131s][info][gc,stats    ] Pause Init Update Refs (G)          227 us
[66.131s][info][gc,stats    ] Pause Init Update Refs (N)           70 us
[66.131s][info][gc,stats    ]   Manage GCLABs                      11 us
[66.131s][info][gc,stats    ] Concurrent Update Refs           173921 us
[66.131s][info][gc,stats    ] Concurrent Update Thread Roots     7892 us
[66.131s][info][gc,stats    ] Pause Final Update Refs (G)         212 us
[66.131s][info][gc,stats    ] Pause Final Update Refs (N)         133 us
[66.131s][info][gc,stats    ]   Update Region States               42 us
[66.131s][info][gc,stats    ]   Trash Collection Set                4 us
[66.131s][info][gc,stats    ]   Rebuild Free Set                   14 us
[66.131s][info][gc,stats    ] Concurrent Cleanup                   78 us
[66.131s][info][gc,stats    ] Pacing                           159932 us
[66.131s][info][gc,stats    ] 
[66.131s][info][gc,stats    ] Allocation pacing accrued:
[66.131s][info][gc,stats    ]      80 of   587 ms ( 13.6%): Executor task launch worker for task 0.0 in stage 121.0 (TID 201)
[66.131s][info][gc,stats    ]      80 of   587 ms ( 13.7%): Executor task launch worker for task 1.0 in stage 121.0 (TID 202)
[66.131s][info][gc,stats    ]     160 of   587 ms ( 27.2%): <total>
[66.131s][info][gc,stats    ]       1 of   587 ms (  0.1%): <average total>
[66.131s][info][gc,stats    ]      80 of   587 ms ( 13.6%): <average non-zero>
[66.131s][info][gc,stats    ] 
[66.131s][info][gc,metaspace] Metaspace: 66401K(67200K)->66399K(67200K) NonClass: 58109K(58560K)->58108K(58560K) Class: 8292K(8640K)->8291K(8640K)
[66.131s][info][gc,ergo     ] Pacer for Idle. Initial: 41943K, Alloc Tax Rate: 1.0x
[66.133s][info][gc          ] Trigger: Learning 3 of 5. Free (735M) is below initial threshold (1433M)
[66.133s][info][gc,ergo     ] Free: 735M, Max: 1024K regular, 689M humongous, Frag: 4% external, 0% internal; Reserve: 103M, Max: 1024K
[66.133s][info][gc,start    ] GC(194) Concurrent reset
[66.133s][info][gc,task     ] GC(194) Using 1 of 3 workers for concurrent reset
[66.133s][info][gc,ergo     ] GC(194) Pacer for Reset. Non-Taxable: 2048M
[66.134s][info][gc          ] GC(194) Concurrent reset 1.241ms
[66.134s][info][gc,start    ] GC(194) Pause Init Mark (unload classes)
[66.134s][info][gc,task     ] GC(194) Using 3 of 3 workers for init marking
[66.134s][info][gc,ergo     ] GC(194) Pacer for Mark. Expected Live: 171M, Free: 730M, Non-Taxable: 74812K, Alloc Tax Rate: 0.3x
[66.134s][info][gc          ] GC(194) Pause Init Mark (unload classes) 0.173ms
[66.134s][info][gc,start    ] GC(194) Concurrent marking roots
[66.134s][info][gc,task     ] GC(194) Using 1 of 3 workers for concurrent marking roots
[66.143s][info][gc          ] GC(194) Concurrent marking roots 8.484ms
[66.143s][info][gc,start    ] GC(194) Concurrent marking (unload classes)
[66.143s][info][gc,task     ] GC(194) Using 1 of 3 workers for concurrent marking
[66.273s][info][gc          ] GC(194) Concurrent marking (unload classes) 129.822ms
[66.273s][info][gc,start    ] GC(194) Pause Final Mark (unload classes)
[66.273s][info][gc,task     ] GC(194) Using 3 of 3 workers for final marking
[66.273s][info][gc,ergo     ] GC(194) Collectable Garbage: 1020M (98%), Immediate: 1020M (98%), CSet: 0B (0%)
[66.273s][info][gc          ] GC(194) Pause Final Mark (unload classes) 0.233ms
[66.273s][info][gc,start    ] GC(194) Concurrent weak references
[66.273s][info][gc,task     ] GC(194) Using 1 of 3 workers for concurrent weak references
[66.273s][info][gc,ref      ] GC(194) Encountered references: Soft: 2911, Weak: 5902, Final: 51, Phantom: 579
[66.273s][info][gc,ref      ] GC(194) Discovered  references: Soft: 0, Weak: 788, Final: 0, Phantom: 260
[66.273s][info][gc,ref      ] GC(194) Enqueued    references: Soft: 0, Weak: 2, Final: 0, Phantom: 0
[66.273s][info][gc          ] GC(194) Concurrent weak references 0.203ms
[66.273s][info][gc,start    ] GC(194) Concurrent weak roots
[66.273s][info][gc,task     ] GC(194) Using 1 of 3 workers for concurrent weak root
[66.277s][info][gc          ] GC(194) Concurrent weak roots 3.592ms
[66.277s][info][gc,start    ] GC(194) Concurrent cleanup
[66.277s][info][gc          ] GC(194) Concurrent cleanup 1631M->612M(2048M) 0.132ms
[66.277s][info][gc,ergo     ] GC(194) Free: 1330M, Max: 1024K regular, 441M humongous, Frag: 67% external, 0% internal; Reserve: 103M, Max: 1024K
[66.277s][info][gc,start    ] GC(194) Concurrent class unloading
[66.277s][info][gc,task     ] GC(194) Using 1 of 3 workers for concurrent class unloading
[66.290s][info][gc          ] GC(194) Concurrent class unloading 12.528ms
[66.290s][info][gc,start    ] GC(194) Pause Final Roots
[66.290s][info][gc          ] GC(194) Pause Final Roots 0.038ms
[66.290s][info][gc,ergo     ] Free: 1284M, Max: 1024K regular, 441M humongous, Frag: 66% external, 0% internal; Reserve: 103M, Max: 1024K
[66.290s][info][gc,stats    ] 
[66.290s][info][gc,stats    ] All times are wall-clock times, except per-root-class counters, that are sum over
[66.290s][info][gc,stats    ] all workers. Dividing the <total> over the root stage time estimates parallelism.
[66.290s][info][gc,stats    ] 
[66.290s][info][gc,stats    ] Concurrent Reset                   1278 us
[66.290s][info][gc,stats    ] Pause Init Mark (G)                 346 us
[66.290s][info][gc,stats    ] Pause Init Mark (N)                 191 us
[66.290s][info][gc,stats    ]   Update Region States               44 us
[66.290s][info][gc,stats    ] Concurrent Mark Roots              8544 us, parallelism: 0.97x
[66.290s][info][gc,stats    ]   CMR: <total>                     8269 us
[66.290s][info][gc,stats    ]   CMR: Thread Roots                8092 us, workers (us): 8092, ---, ---, 
[66.290s][info][gc,stats    ]   CMR: VM Strong Roots               19 us, workers (us):  19, ---, ---, 
[66.290s][info][gc,stats    ]   CMR: CLDG Roots                   158 us, workers (us): 158, ---, ---, 
[66.290s][info][gc,stats    ] Concurrent Marking               129886 us
[66.290s][info][gc,stats    ] Pause Final Mark (G)                321 us
[66.290s][info][gc,stats    ] Pause Final Mark (N)                242 us
[66.290s][info][gc,stats    ]   Finish Mark                        87 us
[66.290s][info][gc,stats    ]   Update Region States               42 us
[66.290s][info][gc,stats    ]   Choose Collection Set              34 us
[66.290s][info][gc,stats    ]   Rebuild Free Set                    8 us
[66.290s][info][gc,stats    ] Concurrent Weak References          211 us, parallelism: 0.28x
[66.290s][info][gc,stats    ]   CWRF: <total>                      59 us
[66.290s][info][gc,stats    ]   CWRF: Weak References              59 us, workers (us):  59, ---, ---, 
[66.290s][info][gc,stats    ] Concurrent Weak Roots              3653 us
[66.291s][info][gc,stats    ]   Roots                            3350 us, parallelism: 0.97x
[66.291s][info][gc,stats    ]     CWR: <total>                   3238 us
[66.291s][info][gc,stats    ]     CWR: Code Cache Roots          2875 us, workers (us): 2875, ---, ---, 
[66.291s][info][gc,stats    ]     CWR: VM Weak Roots              323 us, workers (us): 323, ---, ---, 
[66.291s][info][gc,stats    ]     CWR: CLDG Roots                  41 us, workers (us):  41, ---, ---, 
[66.291s][info][gc,stats    ]   Rendezvous                        220 us
[66.291s][info][gc,stats    ] Concurrent Cleanup                  149 us
[66.291s][info][gc,stats    ] Concurrent Class Unloading        12601 us
[66.291s][info][gc,stats    ]   Unlink Stale                    11446 us
[66.291s][info][gc,stats    ]     System Dictionary                59 us
[66.291s][info][gc,stats    ]     Weak Class Links                  0 us
[66.291s][info][gc,stats    ]     Code Roots                    11386 us
[66.291s][info][gc,stats    ]   Rendezvous                        224 us
[66.291s][info][gc,stats    ]   Purge Unlinked                    826 us
[66.291s][info][gc,stats    ]     Code Roots                      820 us
[66.291s][info][gc,stats    ]     CLDG                              5 us
[66.291s][info][gc,stats    ]     Exception Caches                  0 us
[66.291s][info][gc,stats    ] Pause Final Roots (G)               369 us
[66.291s][info][gc,stats    ] Pause Final Roots (N)                47 us
[66.291s][info][gc,stats    ] Pacing                            33120 us
[66.291s][info][gc,stats    ] 
[66.291s][info][gc,stats    ] Allocation pacing accrued:
[66.291s][info][gc,stats    ]      19 of   160 ms ( 11.9%): Executor task launch worker for task 0.0 in stage 121.0 (TID 201)
[66.291s][info][gc,stats    ]      14 of   160 ms (  8.8%): Executor task launch worker for task 1.0 in stage 121.0 (TID 202)
[66.291s][info][gc,stats    ]      33 of   160 ms ( 20.7%): <total>
[66.291s][info][gc,stats    ]       0 of   160 ms (  0.1%): <average total>
[66.291s][info][gc,stats    ]      17 of   160 ms ( 10.4%): <average non-zero>
[66.291s][info][gc,stats    ] 
[66.291s][info][gc,metaspace] Metaspace: 66399K(67200K)->66399K(67200K) NonClass: 58108K(58560K)->58108K(58560K) Class: 8291K(8640K)->8291K(8640K)
[66.291s][info][gc,ergo     ] Pacer for Idle. Initial: 41943K, Alloc Tax Rate: 1.0x
[66.305s][info][gc          ] Trigger: Learning 4 of 5. Free (1240M) is below initial threshold (1433M)
[66.305s][info][gc,ergo     ] Free: 1240M, Max: 1024K regular, 441M humongous, Frag: 64% external, 0% internal; Reserve: 103M, Max: 1024K
[66.305s][info][gc,start    ] GC(195) Concurrent reset
[66.305s][info][gc,task     ] GC(195) Using 1 of 3 workers for concurrent reset
[66.305s][info][gc,ergo     ] GC(195) Pacer for Reset. Non-Taxable: 2048M
[66.307s][info][gc          ] GC(195) Concurrent reset 1.202ms
[66.307s][info][gc,start    ] GC(195) Pause Init Mark (unload classes)
[66.307s][info][gc,task     ] GC(195) Using 3 of 3 workers for init marking
[66.307s][info][gc,ergo     ] GC(195) Pacer for Mark. Expected Live: 171M, Free: 1240M, Non-Taxable: 124M, Alloc Tax Rate: 0.2x
[66.307s][info][gc          ] GC(195) Pause Init Mark (unload classes) 0.148ms
[66.307s][info][gc,start    ] GC(195) Concurrent marking roots
[66.307s][info][gc,task     ] GC(195) Using 1 of 3 workers for concurrent marking roots
[66.315s][info][gc          ] GC(195) Concurrent marking roots 8.119ms
[66.315s][info][gc,start    ] GC(195) Concurrent marking (unload classes)
[66.315s][info][gc,task     ] GC(195) Using 1 of 3 workers for concurrent marking
[66.446s][info][gc          ] GC(195) Concurrent marking (unload classes) 131.016ms
[66.446s][info][gc,start    ] GC(195) Pause Final Mark (unload classes)
[66.446s][info][gc,task     ] GC(195) Using 3 of 3 workers for final marking
[66.446s][info][gc,ergo     ] GC(195) Collectable Garbage: 510M (96%), Immediate: 510M (96%), CSet: 0B (0%)
[66.446s][info][gc          ] GC(195) Pause Final Mark (unload classes) 0.170ms
[66.446s][info][gc,start    ] GC(195) Concurrent weak references
[66.446s][info][gc,task     ] GC(195) Using 1 of 3 workers for concurrent weak references
[66.446s][info][gc,ref      ] GC(195) Encountered references: Soft: 2911, Weak: 5894, Final: 51, Phantom: 579
[66.446s][info][gc,ref      ] GC(195) Discovered  references: Soft: 0, Weak: 627, Final: 0, Phantom: 260
[66.446s][info][gc,ref      ] GC(195) Enqueued    references: Soft: 0, Weak: 0, Final: 0, Phantom: 0
[66.446s][info][gc          ] GC(195) Concurrent weak references 0.130ms
[66.446s][info][gc,start    ] GC(195) Concurrent weak roots
[66.446s][info][gc,task     ] GC(195) Using 1 of 3 workers for concurrent weak root
[66.450s][info][gc          ] GC(195) Concurrent weak roots 3.379ms
[66.450s][info][gc,start    ] GC(195) Concurrent cleanup
[66.450s][info][gc          ] GC(195) Concurrent cleanup 1103M->592M(2048M) 0.065ms
[66.450s][info][gc,ergo     ] GC(195) Free: 1345M, Max: 1024K regular, 431M humongous, Frag: 68% external, 0% internal; Reserve: 103M, Max: 1024K
[66.450s][info][gc,start    ] GC(195) Concurrent class unloading
[66.450s][info][gc,task     ] GC(195) Using 1 of 3 workers for concurrent class unloading
[66.461s][info][gc          ] GC(195) Concurrent class unloading 11.394ms
[66.461s][info][gc,start    ] GC(195) Pause Final Roots
[66.462s][info][gc          ] GC(195) Pause Final Roots 0.053ms
[66.462s][info][gc,ergo     ] Free: 1343M, Max: 1024K regular, 431M humongous, Frag: 68% external, 0% internal; Reserve: 103M, Max: 1024K
[66.462s][info][gc,stats    ] 
[66.462s][info][gc,stats    ] All times are wall-clock times, except per-root-class counters, that are sum over
[66.462s][info][gc,stats    ] all workers. Dividing the <total> over the root stage time estimates parallelism.
[66.462s][info][gc,stats    ] 
[66.462s][info][gc,stats    ] Concurrent Reset                   1244 us
[66.462s][info][gc,stats    ] Pause Init Mark (G)                 259 us
[66.462s][info][gc,stats    ] Pause Init Mark (N)                 164 us
[66.462s][info][gc,stats    ]   Update Region States               60 us
[66.462s][info][gc,stats    ] Concurrent Mark Roots              8167 us, parallelism: 0.97x
[66.462s][info][gc,stats    ]   CMR: <total>                     7940 us
[66.462s][info][gc,stats    ]   CMR: Thread Roots                7771 us, workers (us): 7771, ---, ---, 
[66.462s][info][gc,stats    ]   CMR: VM Strong Roots               20 us, workers (us):  20, ---, ---, 
[66.462s][info][gc,stats    ]   CMR: CLDG Roots                   149 us, workers (us): 149, ---, ---, 
[66.462s][info][gc,stats    ] Concurrent Marking               131051 us
[66.462s][info][gc,stats    ] Pause Final Mark (G)                214 us
[66.462s][info][gc,stats    ] Pause Final Mark (N)                178 us
[66.462s][info][gc,stats    ]   Finish Mark                        50 us
[66.462s][info][gc,stats    ]   Update Region States               30 us
[66.462s][info][gc,stats    ]   Choose Collection Set              28 us
[66.462s][info][gc,stats    ]   Rebuild Free Set                    8 us
[66.462s][info][gc,stats    ] Concurrent Weak References          137 us, parallelism: 0.40x
[66.462s][info][gc,stats    ]   CWRF: <total>                      55 us
[66.462s][info][gc,stats    ]   CWRF: Weak References              55 us, workers (us):  55, ---, ---, 
[66.462s][info][gc,stats    ] Concurrent Weak Roots              3454 us
[66.462s][info][gc,stats    ]   Roots                            3122 us, parallelism: 0.96x
[66.462s][info][gc,stats    ]     CWR: <total>                   2984 us
[66.462s][info][gc,stats    ]     CWR: Code Cache Roots          2610 us, workers (us): 2610, ---, ---, 
[66.462s][info][gc,stats    ]     CWR: VM Weak Roots              327 us, workers (us): 327, ---, ---, 
[66.462s][info][gc,stats    ]     CWR: CLDG Roots                  46 us, workers (us):  46, ---, ---, 
[66.462s][info][gc,stats    ]   Rendezvous                        239 us
[66.462s][info][gc,stats    ] Concurrent Cleanup                   74 us
[66.462s][info][gc,stats    ] Concurrent Class Unloading        11477 us
[66.462s][info][gc,stats    ]   Unlink Stale                    10523 us
[66.462s][info][gc,stats    ]     System Dictionary                69 us
[66.462s][info][gc,stats    ]     Weak Class Links                  0 us
[66.462s][info][gc,stats    ]     Code Roots                    10452 us
[66.462s][info][gc,stats    ]   Rendezvous                        167 us
[66.462s][info][gc,stats    ]   Purge Unlinked                    683 us
[66.462s][info][gc,stats    ]     Code Roots                      676 us
[66.462s][info][gc,stats    ]     CLDG                              6 us
[66.462s][info][gc,stats    ]     Exception Caches                  0 us
[66.462s][info][gc,stats    ] Pause Final Roots (G)               122 us
[66.462s][info][gc,stats    ] Pause Final Roots (N)                72 us
[66.462s][info][gc,stats    ] Pacing                            37511 us
[66.462s][info][gc,stats    ] 
[66.462s][info][gc,stats    ] Allocation pacing accrued:
[66.462s][info][gc,stats    ]      19 of   171 ms ( 10.9%): Executor task launch worker for task 1.0 in stage 122.0 (TID 204)
[66.462s][info][gc,stats    ]      19 of   171 ms ( 11.0%): Executor task launch worker for task 0.0 in stage 122.0 (TID 203)
[66.462s][info][gc,stats    ]      38 of   171 ms ( 21.9%): <total>
[66.462s][info][gc,stats    ]       0 of   171 ms (  0.1%): <average total>
[66.462s][info][gc,stats    ]      19 of   171 ms ( 11.0%): <average non-zero>
[66.462s][info][gc,stats    ] 
[66.462s][info][gc,metaspace] Metaspace: 66399K(67200K)->66416K(67200K) NonClass: 58108K(58560K)->58121K(58560K) Class: 8291K(8640K)->8294K(8640K)
[66.462s][info][gc,ergo     ] Pacer for Idle. Initial: 41943K, Alloc Tax Rate: 1.0x
[66.466s][info][gc          ] Trigger: Explicit GC request (System.gc())
[66.466s][info][gc,ergo     ] Free: 1343M, Max: 1024K regular, 431M humongous, Frag: 68% external, 0% internal; Reserve: 103M, Max: 1024K
[66.466s][info][gc,start    ] GC(196) Concurrent reset
[66.466s][info][gc,task     ] GC(196) Using 1 of 3 workers for concurrent reset
[66.466s][info][gc,ergo     ] GC(196) Pacer for Reset. Non-Taxable: 2048M
[66.467s][info][gc          ] GC(196) Concurrent reset 1.232ms
[66.467s][info][gc,start    ] GC(196) Pause Init Mark (unload classes)
[66.467s][info][gc,task     ] GC(196) Using 3 of 3 workers for init marking
[66.467s][info][gc,ref      ] GC(196) Clearing All SoftReferences
[66.467s][info][gc,ergo     ] GC(196) Pacer for Mark. Expected Live: 171M, Free: 1343M, Non-Taxable: 134M, Alloc Tax Rate: 0.2x
[66.467s][info][gc          ] GC(196) Pause Init Mark (unload classes) 0.169ms
[66.467s][info][gc,start    ] GC(196) Concurrent marking roots
[66.467s][info][gc,task     ] GC(196) Using 1 of 3 workers for concurrent marking roots
[66.475s][info][gc          ] GC(196) Concurrent marking roots 7.573ms
[66.475s][info][gc,start    ] GC(196) Concurrent marking (unload classes)
[66.475s][info][gc,task     ] GC(196) Using 1 of 3 workers for concurrent marking
[66.603s][info][gc          ] GC(196) Concurrent marking (unload classes) 127.927ms
[66.603s][info][gc,start    ] GC(196) Pause Final Mark (unload classes)
[66.603s][info][gc,task     ] GC(196) Using 3 of 3 workers for final marking
[66.603s][info][gc,ergo     ] GC(196) Collectable Garbage: 396M (93%), Immediate: 396M (93%), CSet: 0B (0%)
[66.603s][info][gc          ] GC(196) Pause Final Mark (unload classes) 0.427ms
[66.603s][info][gc,start    ] GC(196) Concurrent weak references
[66.603s][info][gc,task     ] GC(196) Using 1 of 3 workers for concurrent weak references
[66.604s][info][gc,ref      ] GC(196) Encountered references: Soft: 2826, Weak: 5898, Final: 51, Phantom: 579
[66.604s][info][gc,ref      ] GC(196) Discovered  references: Soft: 660, Weak: 966, Final: 0, Phantom: 337
[66.604s][info][gc,ref      ] GC(196) Enqueued    references: Soft: 298, Weak: 172, Final: 0, Phantom: 0
[66.604s][info][gc          ] GC(196) Concurrent weak references 0.429ms
[66.604s][info][gc,start    ] GC(196) Concurrent weak roots
[66.604s][info][gc,task     ] GC(196) Using 1 of 3 workers for concurrent weak root
[66.607s][info][gc          ] GC(196) Concurrent weak roots 3.100ms
[66.607s][info][gc,start    ] GC(196) Concurrent cleanup
[66.607s][info][gc          ] GC(196) Concurrent cleanup 606M->210M(2048M) 0.055ms
[66.607s][info][gc,ergo     ] GC(196) Free: 1732M, Max: 1024K regular, 917M humongous, Frag: 47% external, 0% internal; Reserve: 103M, Max: 1024K
[66.607s][info][gc,start    ] GC(196) Concurrent class unloading
[66.607s][info][gc,task     ] GC(196) Using 1 of 3 workers for concurrent class unloading
[66.626s][info][gc          ] GC(196) Concurrent class unloading 18.735ms
[66.626s][info][gc,start    ] GC(196) Pause Final Roots
[66.626s][info][gc          ] GC(196) Pause Final Roots 0.068ms
[66.626s][info][gc,ergo     ] Free: 1732M, Max: 1024K regular, 917M humongous, Frag: 47% external, 0% internal; Reserve: 103M, Max: 1024K
[66.626s][info][gc,stats    ] 
[66.626s][info][gc,stats    ] All times are wall-clock times, except per-root-class counters, that are sum over
[66.626s][info][gc,stats    ] all workers. Dividing the <total> over the root stage time estimates parallelism.
[66.626s][info][gc,stats    ] 
[66.626s][info][gc,stats    ] Concurrent Reset                   1295 us
[66.626s][info][gc,stats    ] Pause Init Mark (G)                 265 us
[66.626s][info][gc,stats    ] Pause Init Mark (N)                 185 us
[66.626s][info][gc,stats    ]   Update Region States               57 us
[66.626s][info][gc,stats    ] Concurrent Mark Roots              7599 us, parallelism: 0.98x
[66.626s][info][gc,stats    ]   CMR: <total>                     7417 us
[66.626s][info][gc,stats    ]   CMR: Thread Roots                7305 us, workers (us): 7305, ---, ---, 
[66.626s][info][gc,stats    ]   CMR: VM Strong Roots               17 us, workers (us):  17, ---, ---, 
[66.626s][info][gc,stats    ]   CMR: CLDG Roots                    95 us, workers (us):  95, ---, ---, 
[66.626s][info][gc,stats    ] Concurrent Marking               128004 us
[66.626s][info][gc,stats    ] Pause Final Mark (G)                523 us
[66.626s][info][gc,stats    ] Pause Final Mark (N)                435 us
[66.626s][info][gc,stats    ]   Finish Mark                       279 us
[66.626s][info][gc,stats    ]   Update Region States               45 us
[66.626s][info][gc,stats    ]   Choose Collection Set              33 us
[66.626s][info][gc,stats    ]   Rebuild Free Set                    8 us
[66.626s][info][gc,stats    ] Concurrent Weak References          437 us, parallelism: 0.52x
[66.626s][info][gc,stats    ]   CWRF: <total>                     226 us
[66.626s][info][gc,stats    ]   CWRF: Weak References             226 us, workers (us): 226, ---, ---, 
[66.626s][info][gc,stats    ] Concurrent Weak Roots              3142 us
[66.626s][info][gc,stats    ]   Roots                            2916 us, parallelism: 0.98x
[66.626s][info][gc,stats    ]     CWR: <total>                   2871 us
[66.626s][info][gc,stats    ]     CWR: Code Cache Roots          2502 us, workers (us): 2502, ---, ---, 
[66.626s][info][gc,stats    ]     CWR: VM Weak Roots              326 us, workers (us): 326, ---, ---, 
[66.626s][info][gc,stats    ]     CWR: CLDG Roots                  43 us, workers (us):  43, ---, ---, 
[66.626s][info][gc,stats    ]   Rendezvous                        166 us
[66.626s][info][gc,stats    ] Concurrent Cleanup                   64 us
[66.626s][info][gc,stats    ] Concurrent Class Unloading        18783 us
[66.626s][info][gc,stats    ]   Unlink Stale                    17705 us
[66.626s][info][gc,stats    ]     System Dictionary               671 us
[66.626s][info][gc,stats    ]     Weak Class Links               6196 us
[66.626s][info][gc,stats    ]     Code Roots                    10836 us
[66.626s][info][gc,stats    ]   Rendezvous                        105 us
[66.626s][info][gc,stats    ]   Purge Unlinked                    906 us
[66.626s][info][gc,stats    ]     Code Roots                      507 us
[66.626s][info][gc,stats    ]     CLDG                            397 us
[66.626s][info][gc,stats    ]     Exception Caches                  0 us
[66.626s][info][gc,stats    ] Pause Final Roots (G)               171 us
[66.626s][info][gc,stats    ] Pause Final Roots (N)                91 us
[66.626s][info][gc,stats    ] 
[66.626s][info][gc,stats    ] Allocation pacing accrued:
[66.626s][info][gc,stats    ]       0 of   164 ms (  0.0%): <total>
[66.626s][info][gc,stats    ]       0 of   164 ms (  0.0%): <average total>
[66.626s][info][gc,stats    ] 
[66.626s][info][gc,metaspace] Metaspace: 66416K(67200K)->66093K(67200K) NonClass: 58121K(58560K)->57853K(58560K) Class: 8294K(8640K)->8240K(8640K)
[66.626s][info][gc,ergo     ] Pacer for Idle. Initial: 41943K, Alloc Tax Rate: 1.0x
[66.802s][info][gc          ] Trigger: Learning 2 of 5. Free (1382M) is below initial threshold (1433M)
[66.802s][info][gc,ergo     ] Free: 1382M, Max: 1024K regular, 917M humongous, Frag: 33% external, 0% internal; Reserve: 103M, Max: 1024K
[66.802s][info][gc,start    ] GC(197) Concurrent reset
[66.802s][info][gc,task     ] GC(197) Using 1 of 3 workers for concurrent reset
[66.802s][info][gc,ergo     ] GC(197) Pacer for Reset. Non-Taxable: 2048M
[66.803s][info][gc          ] GC(197) Concurrent reset 0.879ms
[66.803s][info][gc,start    ] GC(197) Pause Init Mark (unload classes)
[66.803s][info][gc,task     ] GC(197) Using 3 of 3 workers for init marking
[66.803s][info][gc,ergo     ] GC(197) Pacer for Mark. Expected Live: 171M, Free: 1382M, Non-Taxable: 138M, Alloc Tax Rate: 0.2x
[66.803s][info][gc          ] GC(197) Pause Init Mark (unload classes) 0.148ms
[66.803s][info][gc,start    ] GC(197) Concurrent marking roots
[66.803s][info][gc,task     ] GC(197) Using 1 of 3 workers for concurrent marking roots
[66.811s][info][gc          ] GC(197) Concurrent marking roots 8.023ms
[66.811s][info][gc,start    ] GC(197) Concurrent marking (unload classes)
[66.811s][info][gc,task     ] GC(197) Using 1 of 3 workers for concurrent marking
[66.942s][info][gc          ] GC(197) Concurrent marking (unload classes) 131.151ms
[66.943s][info][gc,start    ] GC(197) Pause Final Mark (unload classes)
[66.943s][info][gc,task     ] GC(197) Using 3 of 3 workers for final marking
[66.943s][info][gc,ergo     ] GC(197) Adaptive CSet Selection. Target Free: 290M, Actual Free: 1371M, Max CSet: 87381K, Min Garbage: 0B
[66.943s][info][gc,ergo     ] GC(197) Collectable Garbage: 380M (98%), Immediate: 324M (84%), CSet: 57850K (14%)
[66.943s][info][gc,ergo     ] GC(197) Pacer for Evacuation. Used CSet: 60233K, Free: 1293M, Non-Taxable: 129M, Alloc Tax Rate: 1.1x
[66.943s][info][gc          ] GC(197) Pause Final Mark (unload classes) 0.255ms
[66.943s][info][gc,start    ] GC(197) Concurrent thread roots
[66.943s][info][gc,task     ] GC(197) Using 1 of 3 workers for Concurrent thread roots
[66.951s][info][gc          ] GC(197) Concurrent thread roots 7.969ms
[66.951s][info][gc,start    ] GC(197) Concurrent weak references
[66.951s][info][gc,task     ] GC(197) Using 1 of 3 workers for concurrent weak references
[66.951s][info][gc,ref      ] GC(197) Encountered references: Soft: 2909, Weak: 5980, Final: 51, Phantom: 579
[66.951s][info][gc,ref      ] GC(197) Discovered  references: Soft: 0, Weak: 876, Final: 0, Phantom: 260
[66.951s][info][gc,ref      ] GC(197) Enqueued    references: Soft: 0, Weak: 93, Final: 0, Phantom: 0
[66.951s][info][gc          ] GC(197) Concurrent weak references 0.329ms
[66.951s][info][gc,start    ] GC(197) Concurrent weak roots
[66.951s][info][gc,task     ] GC(197) Using 1 of 3 workers for concurrent weak root
[66.955s][info][gc          ] GC(197) Concurrent weak roots 4.191ms
[66.955s][info][gc,start    ] GC(197) Concurrent cleanup
[66.956s][info][gc          ] GC(197) Concurrent cleanup 1016M->692M(2048M) 0.076ms
[66.956s][info][gc,ergo     ] GC(197) Free: 1251M, Max: 1024K regular, 902M humongous, Frag: 27% external, 0% internal; Reserve: 102M, Max: 1024K
[66.956s][info][gc,start    ] GC(197) Concurrent class unloading
[66.956s][info][gc,task     ] GC(197) Using 1 of 3 workers for concurrent class unloading
[66.968s][info][gc          ] GC(197) Concurrent class unloading 12.469ms
[66.968s][info][gc,start    ] GC(197) Concurrent strong roots
[66.968s][info][gc,task     ] GC(197) Using 1 of 3 workers for concurrent strong root
[66.969s][info][gc          ] GC(197) Concurrent strong roots 0.497ms
[66.969s][info][gc,start    ] GC(197) Concurrent evacuation
[66.969s][info][gc,task     ] GC(197) Using 1 of 3 workers for concurrent evacuation
[66.970s][info][gc          ] GC(197) Concurrent evacuation 1.845ms
[66.971s][info][gc,start    ] GC(197) Pause Init Update Refs
[66.971s][info][gc,ergo     ] GC(197) Pacer for Update Refs. Used: 735M, Free: 1210M, Non-Taxable: 121M, Alloc Tax Rate: 1.1x
[66.971s][info][gc          ] GC(197) Pause Init Update Refs 0.062ms
[66.971s][info][gc,start    ] GC(197) Concurrent update references
[66.971s][info][gc,task     ] GC(197) Using 1 of 3 workers for concurrent reference update
[67.144s][info][gc          ] GC(197) Concurrent update references 173.062ms
[67.144s][info][gc,start    ] GC(197) Concurrent update thread roots
[67.152s][info][gc          ] GC(197) Concurrent update thread roots 8.355ms
[67.152s][info][gc,start    ] GC(197) Pause Final Update Refs
[67.152s][info][gc,task     ] GC(197) Using 3 of 3 workers for final reference update
[67.152s][info][gc          ] GC(197) Pause Final Update Refs 0.136ms
[67.153s][info][gc,start    ] GC(197) Concurrent cleanup
[67.153s][info][gc          ] GC(197) Concurrent cleanup 1234M->1175M(2048M) 0.051ms
[67.153s][info][gc,ergo     ] Free: 767M, Max: 1024K regular, 689M humongous, Frag: 8% external, 0% internal; Reserve: 103M, Max: 1024K
[67.153s][info][gc,stats    ] 
[67.153s][info][gc,stats    ] All times are wall-clock times, except per-root-class counters, that are sum over
[67.153s][info][gc,stats    ] all workers. Dividing the <total> over the root stage time estimates parallelism.
[67.153s][info][gc,stats    ] 
[67.153s][info][gc,stats    ] Concurrent Reset                    929 us
[67.153s][info][gc,stats    ] Pause Init Mark (G)                 278 us
[67.153s][info][gc,stats    ] Pause Init Mark (N)                 161 us
[67.153s][info][gc,stats    ]   Update Region States               58 us
[67.153s][info][gc,stats    ] Concurrent Mark Roots              8074 us, parallelism: 0.97x
[67.153s][info][gc,stats    ]   CMR: <total>                     7859 us
[67.153s][info][gc,stats    ]   CMR: Thread Roots                7780 us, workers (us): 7780, ---, ---, 
[67.153s][info][gc,stats    ]   CMR: VM Strong Roots               12 us, workers (us):  12, ---, ---, 
[67.153s][info][gc,stats    ]   CMR: CLDG Roots                    68 us, workers (us):  68, ---, ---, 
[67.153s][info][gc,stats    ] Concurrent Marking               131213 us
[67.153s][info][gc,stats    ] Pause Final Mark (G)                358 us
[67.153s][info][gc,stats    ] Pause Final Mark (N)                263 us
[67.153s][info][gc,stats    ]   Finish Mark                        72 us
[67.153s][info][gc,stats    ]   Update Region States               34 us
[67.153s][info][gc,stats    ]   Choose Collection Set              66 us
[67.153s][info][gc,stats    ]   Rebuild Free Set                    8 us
[67.153s][info][gc,stats    ] Concurrent Thread Roots            8010 us, parallelism: 0.98x
[67.153s][info][gc,stats    ]   CTR: <total>                     7878 us
[67.153s][info][gc,stats    ]   CTR: Thread Roots                7878 us, workers (us): 7878, ---, ---, 
[67.153s][info][gc,stats    ] Concurrent Weak References          345 us, parallelism: 0.50x
[67.153s][info][gc,stats    ]   CWRF: <total>                     173 us
[67.153s][info][gc,stats    ]   CWRF: Weak References             173 us, workers (us): 173, ---, ---, 
[67.153s][info][gc,stats    ] Concurrent Weak Roots              4258 us
[67.153s][info][gc,stats    ]   Roots                            3989 us, parallelism: 0.98x
[67.153s][info][gc,stats    ]     CWR: <total>                   3903 us
[67.153s][info][gc,stats    ]     CWR: Code Cache Roots          2716 us, workers (us): 2716, ---, ---, 
[67.153s][info][gc,stats    ]     CWR: VM Weak Roots             1114 us, workers (us): 1114, ---, ---, 
[67.153s][info][gc,stats    ]     CWR: CLDG Roots                  73 us, workers (us):  73, ---, ---, 
[67.153s][info][gc,stats    ]   Rendezvous                        167 us
[67.153s][info][gc,stats    ] Concurrent Cleanup                   94 us
[67.153s][info][gc,stats    ] Concurrent Class Unloading        12530 us
[67.153s][info][gc,stats    ]   Unlink Stale                    11525 us
[67.153s][info][gc,stats    ]     System Dictionary                61 us
[67.153s][info][gc,stats    ]     Weak Class Links                  0 us
[67.153s][info][gc,stats    ]     Code Roots                    11462 us
[67.153s][info][gc,stats    ]   Rendezvous                        247 us
[67.153s][info][gc,stats    ]   Purge Unlinked                    663 us
[67.153s][info][gc,stats    ]     Code Roots                      656 us
[67.153s][info][gc,stats    ]     CLDG                              6 us
[67.153s][info][gc,stats    ]     Exception Caches                  0 us
[67.153s][info][gc,stats    ] Concurrent Strong Roots             515 us, parallelism: 0.76x
[67.153s][info][gc,stats    ]   CSR: <total>                      390 us
[67.153s][info][gc,stats    ]   CSR: VM Strong Roots               19 us, workers (us):  19, ---, ---, 
[67.153s][info][gc,stats    ]   CSR: CLDG Roots                   371 us, workers (us): 371, ---, ---, 
[67.153s][info][gc,stats    ] Concurrent Evacuation              1914 us
[67.153s][info][gc,stats    ] Pause Init Update Refs (G)          181 us
[67.153s][info][gc,stats    ] Pause Init Update Refs (N)           71 us
[67.153s][info][gc,stats    ]   Manage GCLABs                      12 us
[67.153s][info][gc,stats    ] Concurrent Update Refs           173136 us
[67.153s][info][gc,stats    ] Concurrent Update Thread Roots     8413 us
[67.153s][info][gc,stats    ] Pause Final Update Refs (G)         254 us
[67.153s][info][gc,stats    ] Pause Final Update Refs (N)         146 us
[67.153s][info][gc,stats    ]   Update Region States               53 us
[67.153s][info][gc,stats    ]   Trash Collection Set                5 us
[67.153s][info][gc,stats    ]   Rebuild Free Set                   13 us
[67.153s][info][gc,stats    ] Concurrent Cleanup                   73 us
[67.153s][info][gc,stats    ] Pacing                            75460 us
[67.153s][info][gc,stats    ] 
[67.153s][info][gc,stats    ] Allocation pacing accrued:
[67.153s][info][gc,stats    ]      38 of   527 ms (  7.2%): Executor task launch worker for task 0.0 in stage 124.0 (TID 206)
[67.153s][info][gc,stats    ]      37 of   527 ms (  7.1%): Executor task launch worker for task 1.0 in stage 124.0 (TID 207)
[67.153s][info][gc,stats    ]      75 of   527 ms ( 14.3%): <total>
[67.153s][info][gc,stats    ]       0 of   527 ms (  0.1%): <average total>
[67.153s][info][gc,stats    ]      38 of   527 ms (  7.2%): <average non-zero>
[67.153s][info][gc,stats    ] 
[67.153s][info][gc,metaspace] Metaspace: 66405K(67200K)->66407K(67200K) NonClass: 58114K(58560K)->58115K(58560K) Class: 8291K(8640K)->8291K(8640K)
[67.153s][info][gc,ergo     ] Pacer for Idle. Initial: 41943K, Alloc Tax Rate: 1.0x
[67.164s][info][gc          ] Trigger: Learning 3 of 5. Free (727M) is below initial threshold (1433M)
[67.164s][info][gc,ergo     ] Free: 727M, Max: 1024K regular, 689M humongous, Frag: 3% external, 0% internal; Reserve: 103M, Max: 1024K
[67.164s][info][gc,start    ] GC(198) Concurrent reset
[67.164s][info][gc,task     ] GC(198) Using 1 of 3 workers for concurrent reset
[67.164s][info][gc,ergo     ] GC(198) Pacer for Reset. Non-Taxable: 2048M
[67.165s][info][gc          ] GC(198) Concurrent reset 0.997ms
[67.165s][info][gc,start    ] GC(198) Pause Init Mark (unload classes)
[67.165s][info][gc,task     ] GC(198) Using 3 of 3 workers for init marking
[67.165s][info][gc,ergo     ] GC(198) Pacer for Mark. Expected Live: 171M, Free: 725M, Non-Taxable: 74335K, Alloc Tax Rate: 0.3x
[67.165s][info][gc          ] GC(198) Pause Init Mark (unload classes) 0.130ms
[67.165s][info][gc,start    ] GC(198) Concurrent marking roots
[67.165s][info][gc,task     ] GC(198) Using 1 of 3 workers for concurrent marking roots
[67.173s][info][gc          ] GC(198) Concurrent marking roots 8.060ms
[67.173s][info][gc,start    ] GC(198) Concurrent marking (unload classes)
[67.173s][info][gc,task     ] GC(198) Using 1 of 3 workers for concurrent marking
[67.304s][info][gc          ] GC(198) Concurrent marking (unload classes) 130.502ms
[67.304s][info][gc,start    ] GC(198) Pause Final Mark (unload classes)
[67.304s][info][gc,task     ] GC(198) Using 3 of 3 workers for final marking
[67.304s][info][gc,ergo     ] GC(198) Collectable Garbage: 1024M (97%), Immediate: 1024M (97%), CSet: 0B (0%)
[67.304s][info][gc          ] GC(198) Pause Final Mark (unload classes) 0.252ms
[67.304s][info][gc,start    ] GC(198) Concurrent weak references
[67.304s][info][gc,task     ] GC(198) Using 1 of 3 workers for concurrent weak references
[67.304s][info][gc,ref      ] GC(198) Encountered references: Soft: 2909, Weak: 5887, Final: 51, Phantom: 579
[67.304s][info][gc,ref      ] GC(198) Discovered  references: Soft: 0, Weak: 794, Final: 0, Phantom: 260
[67.304s][info][gc,ref      ] GC(198) Enqueued    references: Soft: 0, Weak: 16, Final: 0, Phantom: 0
[67.304s][info][gc          ] GC(198) Concurrent weak references 0.181ms
[67.304s][info][gc,start    ] GC(198) Concurrent weak roots
[67.304s][info][gc,task     ] GC(198) Using 1 of 3 workers for concurrent weak root
[67.309s][info][gc          ] GC(198) Concurrent weak roots 4.281ms
[67.309s][info][gc,start    ] GC(198) Concurrent cleanup
[67.309s][info][gc          ] GC(198) Concurrent cleanup 1633M->609M(2048M) 0.133ms
[67.309s][info][gc,ergo     ] GC(198) Free: 1333M, Max: 1024K regular, 299M humongous, Frag: 78% external, 0% internal; Reserve: 103M, Max: 1024K
[67.309s][info][gc,start    ] GC(198) Concurrent class unloading
[67.309s][info][gc,task     ] GC(198) Using 1 of 3 workers for concurrent class unloading
[67.321s][info][gc          ] GC(198) Concurrent class unloading 12.296ms
[67.321s][info][gc,start    ] GC(198) Pause Final Roots
[67.321s][info][gc          ] GC(198) Pause Final Roots 0.056ms
[67.321s][info][gc,ergo     ] Free: 1288M, Max: 1024K regular, 299M humongous, Frag: 77% external, 0% internal; Reserve: 103M, Max: 1024K
[67.322s][info][gc,stats    ] 
[67.322s][info][gc,stats    ] All times are wall-clock times, except per-root-class counters, that are sum over
[67.322s][info][gc,stats    ] all workers. Dividing the <total> over the root stage time estimates parallelism.
[67.322s][info][gc,stats    ] 
[67.322s][info][gc,stats    ] Concurrent Reset                   1038 us
[67.322s][info][gc,stats    ] Pause Init Mark (G)                 254 us
[67.322s][info][gc,stats    ] Pause Init Mark (N)                 147 us
[67.322s][info][gc,stats    ]   Update Region States               55 us
[67.322s][info][gc,stats    ] Concurrent Mark Roots              8093 us, parallelism: 0.98x
[67.322s][info][gc,stats    ]   CMR: <total>                     7914 us
[67.322s][info][gc,stats    ]   CMR: Thread Roots                7806 us, workers (us): 7806, ---, ---, 
[67.322s][info][gc,stats    ]   CMR: VM Strong Roots               13 us, workers (us):  13, ---, ---, 
[67.322s][info][gc,stats    ]   CMR: CLDG Roots                    95 us, workers (us):  95, ---, ---, 
[67.322s][info][gc,stats    ] Concurrent Marking               130587 us
[67.322s][info][gc,stats    ] Pause Final Mark (G)                314 us
[67.322s][info][gc,stats    ] Pause Final Mark (N)                261 us
[67.322s][info][gc,stats    ]   Finish Mark                        78 us
[67.322s][info][gc,stats    ]   Update Region States               52 us
[67.322s][info][gc,stats    ]   Choose Collection Set              47 us
[67.322s][info][gc,stats    ]   Rebuild Free Set                    8 us
[67.322s][info][gc,stats    ] Concurrent Weak References          196 us, parallelism: 0.25x
[67.322s][info][gc,stats    ]   CWRF: <total>                      48 us
[67.322s][info][gc,stats    ]   CWRF: Weak References              48 us, workers (us):  48, ---, ---, 
[67.322s][info][gc,stats    ] Concurrent Weak Roots              4357 us
[67.322s][info][gc,stats    ]   Roots                            4007 us, parallelism: 0.97x
[67.322s][info][gc,stats    ]     CWR: <total>                   3886 us
[67.322s][info][gc,stats    ]     CWR: Code Cache Roots          3206 us, workers (us): 3206, ---, ---, 
[67.322s][info][gc,stats    ]     CWR: VM Weak Roots              620 us, workers (us): 620, ---, ---, 
[67.322s][info][gc,stats    ]     CWR: CLDG Roots                  59 us, workers (us):  59, ---, ---, 
[67.322s][info][gc,stats    ]   Rendezvous                        248 us
[67.322s][info][gc,stats    ] Concurrent Cleanup                  151 us
[67.322s][info][gc,stats    ] Concurrent Class Unloading        12360 us
[67.322s][info][gc,stats    ]   Unlink Stale                    11424 us
[67.322s][info][gc,stats    ]     System Dictionary                58 us
[67.322s][info][gc,stats    ]     Weak Class Links                  0 us
[67.322s][info][gc,stats    ]     Code Roots                    11364 us
[67.322s][info][gc,stats    ]   Rendezvous                        242 us
[67.322s][info][gc,stats    ]   Purge Unlinked                    596 us
[67.322s][info][gc,stats    ]     Code Roots                      589 us
[67.322s][info][gc,stats    ]     CLDG                              6 us
[67.322s][info][gc,stats    ]     Exception Caches                  0 us
[67.322s][info][gc,stats    ] Pause Final Roots (G)               170 us
[67.322s][info][gc,stats    ] Pause Final Roots (N)                74 us
[67.322s][info][gc,stats    ] Pacing                            37926 us
[67.322s][info][gc,stats    ] 
[67.322s][info][gc,stats    ] Allocation pacing accrued:
[67.322s][info][gc,stats    ]      25 of   169 ms ( 15.0%): Executor task launch worker for task 0.0 in stage 124.0 (TID 206)
[67.322s][info][gc,stats    ]      13 of   169 ms (  7.4%): Executor task launch worker for task 1.0 in stage 124.0 (TID 207)
[67.322s][info][gc,stats    ]      38 of   169 ms ( 22.4%): <total>
[67.322s][info][gc,stats    ]       0 of   169 ms (  0.1%): <average total>
[67.322s][info][gc,stats    ]      19 of   169 ms ( 11.2%): <average non-zero>
[67.322s][info][gc,stats    ] 
[67.322s][info][gc,metaspace] Metaspace: 66407K(67200K)->66407K(67200K) NonClass: 58115K(58560K)->58115K(58560K) Class: 8291K(8640K)->8291K(8640K)
[67.322s][info][gc,ergo     ] Pacer for Idle. Initial: 41943K, Alloc Tax Rate: 1.0x
[67.337s][info][gc          ] Trigger: Learning 4 of 5. Free (1244M) is below initial threshold (1433M)
[67.337s][info][gc,ergo     ] Free: 1244M, Max: 1024K regular, 299M humongous, Frag: 76% external, 0% internal; Reserve: 103M, Max: 1024K
[67.337s][info][gc,start    ] GC(199) Concurrent reset
[67.337s][info][gc,task     ] GC(199) Using 1 of 3 workers for concurrent reset
[67.337s][info][gc,ergo     ] GC(199) Pacer for Reset. Non-Taxable: 2048M
[67.338s][info][gc          ] GC(199) Concurrent reset 1.413ms
[67.338s][info][gc,start    ] GC(199) Pause Init Mark (unload classes)
[67.339s][info][gc,task     ] GC(199) Using 3 of 3 workers for init marking
[67.339s][info][gc,ergo     ] GC(199) Pacer for Mark. Expected Live: 171M, Free: 1244M, Non-Taxable: 124M, Alloc Tax Rate: 0.2x
[67.339s][info][gc          ] GC(199) Pause Init Mark (unload classes) 0.109ms
[67.339s][info][gc,start    ] GC(199) Concurrent marking roots
[67.339s][info][gc,task     ] GC(199) Using 1 of 3 workers for concurrent marking roots
[67.347s][info][gc          ] GC(199) Concurrent marking roots 8.286ms
[67.347s][info][gc,start    ] GC(199) Concurrent marking (unload classes)
[67.347s][info][gc,task     ] GC(199) Using 1 of 3 workers for concurrent marking
[67.477s][info][gc          ] GC(199) Concurrent marking (unload classes) 130.265ms
[67.477s][info][gc,start    ] GC(199) Pause Final Mark (unload classes)
[67.477s][info][gc,task     ] GC(199) Using 3 of 3 workers for final marking
[67.477s][info][gc,ergo     ] GC(199) Collectable Garbage: 505M (96%), Immediate: 505M (96%), CSet: 0B (0%)
[67.477s][info][gc          ] GC(199) Pause Final Mark (unload classes) 0.203ms
[67.478s][info][gc,start    ] GC(199) Concurrent weak references
[67.478s][info][gc,task     ] GC(199) Using 1 of 3 workers for concurrent weak references
[67.478s][info][gc,ref      ] GC(199) Encountered references: Soft: 2909, Weak: 5869, Final: 51, Phantom: 579
[67.478s][info][gc,ref      ] GC(199) Discovered  references: Soft: 0, Weak: 571, Final: 0, Phantom: 260
[67.478s][info][gc,ref      ] GC(199) Enqueued    references: Soft: 0, Weak: 0, Final: 0, Phantom: 0
[67.478s][info][gc          ] GC(199) Concurrent weak references 0.160ms
[67.478s][info][gc,start    ] GC(199) Concurrent weak roots
[67.478s][info][gc,task     ] GC(199) Using 1 of 3 workers for concurrent weak root
[67.481s][info][gc          ] GC(199) Concurrent weak roots 3.138ms
[67.481s][info][gc,start    ] GC(199) Concurrent cleanup
[67.481s][info][gc          ] GC(199) Concurrent cleanup 1107M->601M(2048M) 0.056ms
[67.481s][info][gc,ergo     ] GC(199) Free: 1338M, Max: 1024K regular, 440M humongous, Frag: 67% external, 0% internal; Reserve: 103M, Max: 1024K
[67.481s][info][gc,start    ] GC(199) Concurrent class unloading
[67.481s][info][gc,task     ] GC(199) Using 1 of 3 workers for concurrent class unloading
[67.493s][info][gc          ] GC(199) Concurrent class unloading 11.567ms
[67.493s][info][gc,start    ] GC(199) Pause Final Roots
[67.493s][info][gc          ] GC(199) Pause Final Roots 0.020ms
[67.493s][info][gc,ergo     ] Free: 1328M, Max: 1024K regular, 440M humongous, Frag: 67% external, 0% internal; Reserve: 103M, Max: 1024K
[67.493s][info][gc,stats    ] 
[67.493s][info][gc,stats    ] All times are wall-clock times, except per-root-class counters, that are sum over
[67.493s][info][gc,stats    ] all workers. Dividing the <total> over the root stage time estimates parallelism.
[67.493s][info][gc,stats    ] 
[67.493s][info][gc,stats    ] Concurrent Reset                   1481 us
[67.493s][info][gc,stats    ] Pause Init Mark (G)                 183 us
[67.493s][info][gc,stats    ] Pause Init Mark (N)                 117 us
[67.493s][info][gc,stats    ]   Update Region States               57 us
[67.493s][info][gc,stats    ] Concurrent Mark Roots              8329 us, parallelism: 0.97x
[67.493s][info][gc,stats    ]   CMR: <total>                     8061 us
[67.493s][info][gc,stats    ]   CMR: Thread Roots                7925 us, workers (us): 7925, ---, ---, 
[67.493s][info][gc,stats    ]   CMR: VM Strong Roots               17 us, workers (us):  17, ---, ---, 
[67.493s][info][gc,stats    ]   CMR: CLDG Roots                   119 us, workers (us): 119, ---, ---, 
[67.493s][info][gc,stats    ] Concurrent Marking               130297 us
[67.493s][info][gc,stats    ] Pause Final Mark (G)                290 us
[67.493s][info][gc,stats    ] Pause Final Mark (N)                212 us
[67.493s][info][gc,stats    ]   Finish Mark                        62 us
[67.493s][info][gc,stats    ]   Update Region States               38 us
[67.493s][info][gc,stats    ]   Choose Collection Set              41 us
[67.493s][info][gc,stats    ]   Rebuild Free Set                    8 us
[67.493s][info][gc,stats    ] Concurrent Weak References          167 us, parallelism: 0.40x
[67.493s][info][gc,stats    ]   CWRF: <total>                      68 us
[67.493s][info][gc,stats    ]   CWRF: Weak References              68 us, workers (us):  68, ---, ---, 
[67.493s][info][gc,stats    ] Concurrent Weak Roots              3199 us
[67.493s][info][gc,stats    ]   Roots                            2937 us, parallelism: 0.98x
[67.493s][info][gc,stats    ]     CWR: <total>                   2888 us
[67.493s][info][gc,stats    ]     CWR: Code Cache Roots          2488 us, workers (us): 2488, ---, ---, 
[67.493s][info][gc,stats    ]     CWR: VM Weak Roots              355 us, workers (us): 355, ---, ---, 
[67.493s][info][gc,stats    ]     CWR: CLDG Roots                  46 us, workers (us):  46, ---, ---, 
[67.493s][info][gc,stats    ]   Rendezvous                        181 us
[67.493s][info][gc,stats    ] Concurrent Cleanup                   65 us
[67.493s][info][gc,stats    ] Concurrent Class Unloading        11620 us
[67.493s][info][gc,stats    ]   Unlink Stale                    10744 us
[67.493s][info][gc,stats    ]     System Dictionary                79 us
[67.493s][info][gc,stats    ]     Weak Class Links                  0 us
[67.493s][info][gc,stats    ]     Code Roots                    10663 us
[67.493s][info][gc,stats    ]   Rendezvous                        165 us
[67.493s][info][gc,stats    ]   Purge Unlinked                    624 us
[67.493s][info][gc,stats    ]     Code Roots                      615 us
[67.493s][info][gc,stats    ]     CLDG                              7 us
[67.493s][info][gc,stats    ]     Exception Caches                  0 us
[67.493s][info][gc,stats    ] Pause Final Roots (G)               129 us
[67.493s][info][gc,stats    ] Pause Final Roots (N)                30 us
[67.493s][info][gc,stats    ] Pacing                            38698 us
[67.493s][info][gc,stats    ] 
[67.493s][info][gc,stats    ] Allocation pacing accrued:
[67.493s][info][gc,stats    ]      19 of   171 ms ( 11.3%): Executor task launch worker for task 0.0 in stage 125.0 (TID 208)
[67.493s][info][gc,stats    ]      19 of   171 ms ( 11.3%): Executor task launch worker for task 1.0 in stage 125.0 (TID 209)
[67.493s][info][gc,stats    ]      39 of   171 ms ( 22.6%): <total>
[67.493s][info][gc,stats    ]       0 of   171 ms (  0.1%): <average total>
[67.493s][info][gc,stats    ]      19 of   171 ms ( 11.3%): <average non-zero>
[67.493s][info][gc,stats    ] 
[67.493s][info][gc,metaspace] Metaspace: 66407K(67200K)->66442K(67200K) NonClass: 58115K(58560K)->58147K(58560K) Class: 8291K(8640K)->8294K(8640K)
[67.493s][info][gc,ergo     ] Pacer for Idle. Initial: 41943K, Alloc Tax Rate: 1.0x
[67.507s][info][gc          ] Trigger: Explicit GC request (System.gc())
[67.507s][info][gc,ergo     ] Free: 1328M, Max: 1024K regular, 440M humongous, Frag: 67% external, 0% internal; Reserve: 103M, Max: 1024K
[67.507s][info][gc,start    ] GC(200) Concurrent reset
[67.507s][info][gc,task     ] GC(200) Using 1 of 3 workers for concurrent reset
[67.507s][info][gc,ergo     ] GC(200) Pacer for Reset. Non-Taxable: 2048M
[67.508s][info][gc          ] GC(200) Concurrent reset 1.005ms
[67.508s][info][gc,start    ] GC(200) Pause Init Mark (unload classes)
[67.508s][info][gc,task     ] GC(200) Using 3 of 3 workers for init marking
[67.508s][info][gc,ref      ] GC(200) Clearing All SoftReferences
[67.508s][info][gc,ergo     ] GC(200) Pacer for Mark. Expected Live: 171M, Free: 1328M, Non-Taxable: 132M, Alloc Tax Rate: 0.2x
[67.508s][info][gc          ] GC(200) Pause Init Mark (unload classes) 0.144ms
[67.508s][info][gc,start    ] GC(200) Concurrent marking roots
[67.509s][info][gc,task     ] GC(200) Using 1 of 3 workers for concurrent marking roots
[67.518s][info][gc          ] GC(200) Concurrent marking roots 9.071ms
[67.518s][info][gc,start    ] GC(200) Concurrent marking (unload classes)
[67.518s][info][gc,task     ] GC(200) Using 1 of 3 workers for concurrent marking
[67.645s][info][gc          ] GC(200) Concurrent marking (unload classes) 127.391ms
[67.645s][info][gc,start    ] GC(200) Pause Final Mark (unload classes)
[67.645s][info][gc,task     ] GC(200) Using 3 of 3 workers for final marking
[67.645s][info][gc,ergo     ] GC(200) Collectable Garbage: 409M (93%), Immediate: 409M (93%), CSet: 0B (0%)
[67.645s][info][gc          ] GC(200) Pause Final Mark (unload classes) 0.280ms
[67.645s][info][gc,start    ] GC(200) Concurrent weak references
[67.646s][info][gc,task     ] GC(200) Using 1 of 3 workers for concurrent weak references
[67.646s][info][gc,ref      ] GC(200) Encountered references: Soft: 2824, Weak: 5875, Final: 51, Phantom: 579
[67.646s][info][gc,ref      ] GC(200) Discovered  references: Soft: 658, Weak: 949, Final: 0, Phantom: 260
[67.646s][info][gc,ref      ] GC(200) Enqueued    references: Soft: 296, Weak: 163, Final: 0, Phantom: 0
[67.646s][info][gc          ] GC(200) Concurrent weak references 0.411ms
[67.646s][info][gc,start    ] GC(200) Concurrent weak roots
[67.646s][info][gc,task     ] GC(200) Using 1 of 3 workers for concurrent weak root
[67.649s][info][gc          ] GC(200) Concurrent weak roots 3.057ms
[67.649s][info][gc,start    ] GC(200) Concurrent cleanup
[67.649s][info][gc          ] GC(200) Concurrent cleanup 619M->210M(2048M) 0.043ms
[67.649s][info][gc,ergo     ] GC(200) Free: 1732M, Max: 1024K regular, 910M humongous, Frag: 47% external, 0% internal; Reserve: 103M, Max: 1024K
[67.649s][info][gc,start    ] GC(200) Concurrent class unloading
[67.649s][info][gc,task     ] GC(200) Using 1 of 3 workers for concurrent class unloading
[67.668s][info][gc          ] GC(200) Concurrent class unloading 19.248ms
[67.668s][info][gc,start    ] GC(200) Pause Final Roots
[67.668s][info][gc          ] GC(200) Pause Final Roots 0.065ms
[67.669s][info][gc,ergo     ] Free: 1730M, Max: 1024K regular, 910M humongous, Frag: 47% external, 0% internal; Reserve: 103M, Max: 1024K
[67.669s][info][gc,stats    ] 
[67.669s][info][gc,stats    ] All times are wall-clock times, except per-root-class counters, that are sum over
[67.669s][info][gc,stats    ] all workers. Dividing the <total> over the root stage time estimates parallelism.
[67.669s][info][gc,stats    ] 
[67.669s][info][gc,stats    ] Concurrent Reset                   1058 us
[67.669s][info][gc,stats    ] Pause Init Mark (G)                 266 us
[67.669s][info][gc,stats    ] Pause Init Mark (N)                 152 us
[67.669s][info][gc,stats    ]   Update Region States               52 us
[67.669s][info][gc,stats    ] Concurrent Mark Roots              9105 us, parallelism: 0.98x
[67.669s][info][gc,stats    ]   CMR: <total>                     8914 us
[67.669s][info][gc,stats    ]   CMR: Thread Roots                8823 us, workers (us): 8823, ---, ---, 
[67.669s][info][gc,stats    ]   CMR: VM Strong Roots               18 us, workers (us):  18, ---, ---, 
[67.669s][info][gc,stats    ]   CMR: CLDG Roots                    73 us, workers (us):  73, ---, ---, 
[67.669s][info][gc,stats    ] Concurrent Marking               127472 us
[67.669s][info][gc,stats    ] Pause Final Mark (G)                377 us
[67.669s][info][gc,stats    ] Pause Final Mark (N)                289 us
[67.669s][info][gc,stats    ]   Finish Mark                       123 us
[67.669s][info][gc,stats    ]   Update Region States               45 us
[67.669s][info][gc,stats    ]   Choose Collection Set              35 us
[67.669s][info][gc,stats    ]   Rebuild Free Set                    8 us
[67.669s][info][gc,stats    ] Concurrent Weak References          418 us, parallelism: 0.50x
[67.669s][info][gc,stats    ]   CWRF: <total>                     208 us
[67.669s][info][gc,stats    ]   CWRF: Weak References             208 us, workers (us): 208, ---, ---, 
[67.669s][info][gc,stats    ] Concurrent Weak Roots              3099 us
[67.669s][info][gc,stats    ]   Roots                            2876 us, parallelism: 0.98x
[67.669s][info][gc,stats    ]     CWR: <total>                   2831 us
[67.669s][info][gc,stats    ]     CWR: Code Cache Roots          2456 us, workers (us): 2456, ---, ---, 
[67.669s][info][gc,stats    ]     CWR: VM Weak Roots              328 us, workers (us): 328, ---, ---, 
[67.669s][info][gc,stats    ]     CWR: CLDG Roots                  46 us, workers (us):  46, ---, ---, 
[67.669s][info][gc,stats    ]   Rendezvous                        164 us
[67.669s][info][gc,stats    ] Concurrent Cleanup                   53 us
[67.669s][info][gc,stats    ] Concurrent Class Unloading        19296 us
[67.669s][info][gc,stats    ]   Unlink Stale                    18096 us
[67.669s][info][gc,stats    ]     System Dictionary               638 us
[67.669s][info][gc,stats    ]     Weak Class Links               6205 us
[67.669s][info][gc,stats    ]     Code Roots                    11251 us
[67.669s][info][gc,stats    ]   Rendezvous                        276 us
[67.669s][info][gc,stats    ]   Purge Unlinked                    856 us
[67.669s][info][gc,stats    ]     Code Roots                      554 us
[67.669s][info][gc,stats    ]     CLDG                            301 us
[67.669s][info][gc,stats    ]     Exception Caches                  0 us
[67.669s][info][gc,stats    ] Pause Final Roots (G)               169 us
[67.669s][info][gc,stats    ] Pause Final Roots (N)                87 us
[67.669s][info][gc,stats    ] 
[67.669s][info][gc,stats    ] Allocation pacing accrued:
[67.669s][info][gc,stats    ]       0 of   176 ms (  0.0%): <total>
[67.669s][info][gc,stats    ]       0 of   176 ms (  0.0%): <average total>
[67.669s][info][gc,stats    ] 
[67.669s][info][gc,metaspace] Metaspace: 66442K(67200K)->66119K(67200K) NonClass: 58147K(58560K)->57879K(58560K) Class: 8294K(8640K)->8240K(8640K)
[67.669s][info][gc,ergo     ] Pacer for Idle. Initial: 41943K, Alloc Tax Rate: 1.0x
[67.844s][info][gc          ] Trigger: Learning 2 of 5. Free (1430M) is below initial threshold (1433M)
[67.844s][info][gc,ergo     ] Free: 1430M, Max: 1024K regular, 910M humongous, Frag: 36% external, 0% internal; Reserve: 103M, Max: 1024K
[67.844s][info][gc,start    ] GC(201) Concurrent reset
[67.844s][info][gc,task     ] GC(201) Using 1 of 3 workers for concurrent reset
[67.844s][info][gc,ergo     ] GC(201) Pacer for Reset. Non-Taxable: 2048M
[67.845s][info][gc          ] GC(201) Concurrent reset 0.812ms
[67.845s][info][gc,start    ] GC(201) Pause Init Mark (unload classes)
[67.845s][info][gc,task     ] GC(201) Using 3 of 3 workers for init marking
[67.845s][info][gc,ergo     ] GC(201) Pacer for Mark. Expected Live: 171M, Free: 1430M, Non-Taxable: 143M, Alloc Tax Rate: 0.1x
[67.845s][info][gc          ] GC(201) Pause Init Mark (unload classes) 0.141ms
[67.845s][info][gc,start    ] GC(201) Concurrent marking roots
[67.845s][info][gc,task     ] GC(201) Using 1 of 3 workers for concurrent marking roots
[67.854s][info][gc          ] GC(201) Concurrent marking roots 8.485ms
[67.854s][info][gc,start    ] GC(201) Concurrent marking (unload classes)
[67.854s][info][gc,task     ] GC(201) Using 1 of 3 workers for concurrent marking
[67.985s][info][gc          ] GC(201) Concurrent marking (unload classes) 131.618ms
[67.985s][info][gc,start    ] GC(201) Pause Final Mark (unload classes)
[67.985s][info][gc,task     ] GC(201) Using 3 of 3 workers for final marking
[67.986s][info][gc,ergo     ] GC(201) Adaptive CSet Selection. Target Free: 290M, Actual Free: 1360M, Max CSet: 87381K, Min Garbage: 0B
[67.986s][info][gc,ergo     ] GC(201) Collectable Garbage: 332M (98%), Immediate: 276M (81%), CSet: 58106K (16%)
[67.986s][info][gc,ergo     ] GC(201) Pacer for Evacuation. Used CSet: 60599K, Free: 1281M, Non-Taxable: 128M, Alloc Tax Rate: 1.1x
[67.986s][info][gc          ] GC(201) Pause Final Mark (unload classes) 0.290ms
[67.986s][info][gc,start    ] GC(201) Concurrent thread roots
[67.986s][info][gc,task     ] GC(201) Using 1 of 3 workers for Concurrent thread roots
[67.994s][info][gc          ] GC(201) Concurrent thread roots 7.852ms
[67.994s][info][gc,start    ] GC(201) Concurrent weak references
[67.994s][info][gc,task     ] GC(201) Using 1 of 3 workers for concurrent weak references
[67.994s][info][gc,ref      ] GC(201) Encountered references: Soft: 2909, Weak: 5998, Final: 51, Phantom: 579
[67.994s][info][gc,ref      ] GC(201) Discovered  references: Soft: 0, Weak: 881, Final: 0, Phantom: 260
[67.994s][info][gc,ref      ] GC(201) Enqueued    references: Soft: 0, Weak: 95, Final: 0, Phantom: 0
[67.994s][info][gc          ] GC(201) Concurrent weak references 0.317ms
[67.994s][info][gc,start    ] GC(201) Concurrent weak roots
[67.994s][info][gc,task     ] GC(201) Using 1 of 3 workers for concurrent weak root
[67.998s][info][gc          ] GC(201) Concurrent weak roots 4.141ms
[67.998s][info][gc,start    ] GC(201) Concurrent cleanup
[67.998s][info][gc          ] GC(201) Concurrent cleanup 979M->703M(2048M) 0.068ms
[67.998s][info][gc,ergo     ] GC(201) Free: 1239M, Max: 1024K regular, 910M humongous, Frag: 26% external, 0% internal; Reserve: 102M, Max: 1024K
[67.998s][info][gc,start    ] GC(201) Concurrent class unloading
[67.998s][info][gc,task     ] GC(201) Using 1 of 3 workers for concurrent class unloading
[68.019s][info][gc          ] GC(201) Concurrent class unloading 20.605ms
[68.019s][info][gc,start    ] GC(201) Concurrent strong roots
[68.019s][info][gc,task     ] GC(201) Using 1 of 3 workers for concurrent strong root
[68.019s][info][gc          ] GC(201) Concurrent strong roots 0.390ms
[68.019s][info][gc,start    ] GC(201) Concurrent evacuation
[68.019s][info][gc,task     ] GC(201) Using 1 of 3 workers for concurrent evacuation
[68.021s][info][gc          ] GC(201) Concurrent evacuation 1.846ms
[68.021s][info][gc,start    ] GC(201) Pause Init Update Refs
[68.021s][info][gc,ergo     ] GC(201) Pacer for Update Refs. Used: 768M, Free: 1177M, Non-Taxable: 117M, Alloc Tax Rate: 1.1x
[68.021s][info][gc          ] GC(201) Pause Init Update Refs 0.094ms
[68.022s][info][gc,start    ] GC(201) Concurrent update references
[68.022s][info][gc,task     ] GC(201) Using 1 of 3 workers for concurrent reference update
[68.197s][info][gc          ] GC(201) Concurrent update references 175.877ms
[68.197s][info][gc,start    ] GC(201) Concurrent update thread roots
[68.205s][info][gc          ] GC(201) Concurrent update thread roots 8.005ms
[68.206s][info][gc,start    ] GC(201) Pause Final Update Refs
[68.206s][info][gc,task     ] GC(201) Using 3 of 3 workers for final reference update
[68.206s][info][gc          ] GC(201) Pause Final Update Refs 0.173ms
[68.206s][info][gc,start    ] GC(201) Concurrent cleanup
[68.206s][info][gc          ] GC(201) Concurrent cleanup 1279M->1221M(2048M) 0.037ms
[68.206s][info][gc,ergo     ] Free: 722M, Max: 1024K regular, 645M humongous, Frag: 8% external, 0% internal; Reserve: 103M, Max: 1024K
[68.206s][info][gc,stats    ] 
[68.206s][info][gc,stats    ] All times are wall-clock times, except per-root-class counters, that are sum over
[68.206s][info][gc,stats    ] all workers. Dividing the <total> over the root stage time estimates parallelism.
[68.206s][info][gc,stats    ] 
[68.206s][info][gc,stats    ] Concurrent Reset                    855 us
[68.206s][info][gc,stats    ] Pause Init Mark (G)                 292 us
[68.206s][info][gc,stats    ] Pause Init Mark (N)                 150 us
[68.206s][info][gc,stats    ]   Update Region States               60 us
[68.206s][info][gc,stats    ] Concurrent Mark Roots              8550 us, parallelism: 0.96x
[68.206s][info][gc,stats    ]   CMR: <total>                     8250 us
[68.206s][info][gc,stats    ]   CMR: Thread Roots                8112 us, workers (us): 8112, ---, ---, 
[68.206s][info][gc,stats    ]   CMR: VM Strong Roots               19 us, workers (us):  19, ---, ---, 
[68.206s][info][gc,stats    ]   CMR: CLDG Roots                   120 us, workers (us): 120, ---, ---, 
[68.206s][info][gc,stats    ] Concurrent Marking               131687 us
[68.206s][info][gc,stats    ] Pause Final Mark (G)                388 us
[68.206s][info][gc,stats    ] Pause Final Mark (N)                298 us
[68.206s][info][gc,stats    ]   Finish Mark                        61 us
[68.206s][info][gc,stats    ]   Update Region States               48 us
[68.206s][info][gc,stats    ]   Choose Collection Set              79 us
[68.206s][info][gc,stats    ]   Rebuild Free Set                    8 us
[68.206s][info][gc,stats    ] Concurrent Thread Roots            7872 us, parallelism: 0.99x
[68.206s][info][gc,stats    ]   CTR: <total>                     7790 us
[68.206s][info][gc,stats    ]   CTR: Thread Roots                7790 us, workers (us): 7790, ---, ---, 
[68.206s][info][gc,stats    ] Concurrent Weak References          333 us, parallelism: 0.42x
[68.206s][info][gc,stats    ]   CWRF: <total>                     139 us
[68.206s][info][gc,stats    ]   CWRF: Weak References             139 us, workers (us): 139, ---, ---, 
[68.206s][info][gc,stats    ] Concurrent Weak Roots              4189 us
[68.206s][info][gc,stats    ]   Roots                            3867 us, parallelism: 0.98x
[68.206s][info][gc,stats    ]     CWR: <total>                   3781 us
[68.206s][info][gc,stats    ]     CWR: Code Cache Roots          2845 us, workers (us): 2845, ---, ---, 
[68.206s][info][gc,stats    ]     CWR: VM Weak Roots              866 us, workers (us): 866, ---, ---, 
[68.206s][info][gc,stats    ]     CWR: CLDG Roots                  71 us, workers (us):  71, ---, ---, 
[68.206s][info][gc,stats    ]   Rendezvous                        239 us
[68.206s][info][gc,stats    ] Concurrent Cleanup                   85 us
[68.206s][info][gc,stats    ] Concurrent Class Unloading        20673 us
[68.206s][info][gc,stats    ]   Unlink Stale                    19722 us
[68.206s][info][gc,stats    ]     System Dictionary               224 us
[68.206s][info][gc,stats    ]     Weak Class Links               7750 us
[68.206s][info][gc,stats    ]     Code Roots                    11746 us
[68.206s][info][gc,stats    ]   Rendezvous                        193 us
[68.206s][info][gc,stats    ]   Purge Unlinked                    654 us
[68.206s][info][gc,stats    ]     Code Roots                      629 us
[68.206s][info][gc,stats    ]     CLDG                             24 us
[68.206s][info][gc,stats    ]     Exception Caches                  0 us
[68.206s][info][gc,stats    ] Concurrent Strong Roots             428 us, parallelism: 0.58x
[68.206s][info][gc,stats    ]   CSR: <total>                      249 us
[68.206s][info][gc,stats    ]   CSR: VM Strong Roots               14 us, workers (us):  14, ---, ---, 
[68.206s][info][gc,stats    ]   CSR: CLDG Roots                   236 us, workers (us): 236, ---, ---, 
[68.206s][info][gc,stats    ] Concurrent Evacuation              1864 us
[68.206s][info][gc,stats    ] Pause Init Update Refs (G)          312 us
[68.206s][info][gc,stats    ] Pause Init Update Refs (N)          112 us
[68.206s][info][gc,stats    ]   Manage GCLABs                      15 us
[68.206s][info][gc,stats    ] Concurrent Update Refs           175958 us
[68.206s][info][gc,stats    ] Concurrent Update Thread Roots     8043 us
[68.206s][info][gc,stats    ] Pause Final Update Refs (G)         296 us
[68.206s][info][gc,stats    ] Pause Final Update Refs (N)         192 us
[68.206s][info][gc,stats    ]   Update Region States               53 us
[68.206s][info][gc,stats    ]   Trash Collection Set                3 us
[68.206s][info][gc,stats    ]   Rebuild Free Set                   13 us
[68.206s][info][gc,stats    ] Concurrent Cleanup                   51 us
[68.206s][info][gc,stats    ] Pacing                            99973 us
[68.206s][info][gc,stats    ] 
[68.206s][info][gc,stats    ] Allocation pacing accrued:
[68.206s][info][gc,stats    ]      50 of   537 ms (  9.3%): Executor task launch worker for task 1.0 in stage 127.0 (TID 212)
[68.206s][info][gc,stats    ]      50 of   537 ms (  9.3%): Executor task launch worker for task 0.0 in stage 127.0 (TID 211)
[68.206s][info][gc,stats    ]     100 of   537 ms ( 18.6%): <total>
[68.206s][info][gc,stats    ]       0 of   537 ms (  0.1%): <average total>
[68.206s][info][gc,stats    ]      50 of   537 ms (  9.3%): <average non-zero>
[68.206s][info][gc,stats    ] 
[68.206s][info][gc,metaspace] Metaspace: 66470K(67264K)->66470K(67264K) NonClass: 58175K(58624K)->58177K(58624K) Class: 8294K(8640K)->8293K(8640K)
[68.206s][info][gc,ergo     ] Pacer for Idle. Initial: 41943K, Alloc Tax Rate: 1.0x
[68.222s][info][gc          ] Trigger: Learning 3 of 5. Free (681M) is below initial threshold (1433M)
[68.222s][info][gc,ergo     ] Free: 681M, Max: 1024K regular, 645M humongous, Frag: 3% external, 0% internal; Reserve: 103M, Max: 1024K
[68.222s][info][gc,start    ] GC(202) Concurrent reset
[68.222s][info][gc,task     ] GC(202) Using 1 of 3 workers for concurrent reset
[68.222s][info][gc,ergo     ] GC(202) Pacer for Reset. Non-Taxable: 2048M
[68.223s][info][gc          ] GC(202) Concurrent reset 1.433ms
[68.223s][info][gc,start    ] GC(202) Pause Init Mark (unload classes)
[68.223s][info][gc,task     ] GC(202) Using 3 of 3 workers for init marking
[68.223s][info][gc,ergo     ] GC(202) Pacer for Mark. Expected Live: 171M, Free: 681M, Non-Taxable: 69743K, Alloc Tax Rate: 0.3x
[68.223s][info][gc          ] GC(202) Pause Init Mark (unload classes) 0.188ms
[68.223s][info][gc,start    ] GC(202) Concurrent marking roots
[68.223s][info][gc,task     ] GC(202) Using 1 of 3 workers for concurrent marking roots
[68.232s][info][gc          ] GC(202) Concurrent marking roots 8.111ms
[68.232s][info][gc,start    ] GC(202) Concurrent marking (unload classes)
[68.232s][info][gc,task     ] GC(202) Using 1 of 3 workers for concurrent marking
[68.362s][info][gc          ] GC(202) Concurrent marking (unload classes) 130.053ms
[68.362s][info][gc,start    ] GC(202) Pause Final Mark (unload classes)
[68.362s][info][gc,task     ] GC(202) Using 3 of 3 workers for final marking
[68.362s][info][gc,ergo     ] GC(202) Collectable Garbage: 1068M (97%), Immediate: 1068M (97%), CSet: 0B (0%)
[68.362s][info][gc          ] GC(202) Pause Final Mark (unload classes) 0.361ms
[68.362s][info][gc,start    ] GC(202) Concurrent weak references
[68.362s][info][gc,task     ] GC(202) Using 1 of 3 workers for concurrent weak references
[68.362s][info][gc,ref      ] GC(202) Encountered references: Soft: 2909, Weak: 5903, Final: 51, Phantom: 579
[68.362s][info][gc,ref      ] GC(202) Discovered  references: Soft: 0, Weak: 802, Final: 0, Phantom: 260
[68.362s][info][gc,ref      ] GC(202) Enqueued    references: Soft: 0, Weak: 21, Final: 0, Phantom: 0
[68.362s][info][gc          ] GC(202) Concurrent weak references 0.153ms
[68.362s][info][gc,start    ] GC(202) Concurrent weak roots
[68.362s][info][gc,task     ] GC(202) Using 1 of 3 workers for concurrent weak root
[68.366s][info][gc          ] GC(202) Concurrent weak roots 4.152ms
[68.367s][info][gc,start    ] GC(202) Concurrent cleanup
[68.367s][info][gc          ] GC(202) Concurrent cleanup 1636M->568M(2048M) 0.135ms
[68.367s][info][gc,ergo     ] GC(202) Free: 1374M, Max: 1024K regular, 285M humongous, Frag: 79% external, 0% internal; Reserve: 103M, Max: 1024K
[68.367s][info][gc,start    ] GC(202) Concurrent class unloading
[68.367s][info][gc,task     ] GC(202) Using 1 of 3 workers for concurrent class unloading
[68.379s][info][gc          ] GC(202) Concurrent class unloading 12.664ms
[68.379s][info][gc,start    ] GC(202) Pause Final Roots
[68.380s][info][gc          ] GC(202) Pause Final Roots 0.048ms
[68.380s][info][gc,ergo     ] Free: 1326M, Max: 1024K regular, 285M humongous, Frag: 79% external, 0% internal; Reserve: 103M, Max: 1024K
[68.380s][info][gc,stats    ] 
[68.380s][info][gc,stats    ] All times are wall-clock times, except per-root-class counters, that are sum over
[68.380s][info][gc,stats    ] all workers. Dividing the <total> over the root stage time estimates parallelism.
[68.380s][info][gc,stats    ] 
[68.380s][info][gc,stats    ] Concurrent Reset                   1457 us
[68.380s][info][gc,stats    ] Pause Init Mark (G)                 318 us
[68.380s][info][gc,stats    ] Pause Init Mark (N)                 198 us
[68.380s][info][gc,stats    ]   Update Region States               69 us
[68.380s][info][gc,stats    ] Concurrent Mark Roots              8158 us, parallelism: 0.97x
[68.380s][info][gc,stats    ]   CMR: <total>                     7932 us
[68.380s][info][gc,stats    ]   CMR: Thread Roots                7789 us, workers (us): 7789, ---, ---, 
[68.380s][info][gc,stats    ]   CMR: VM Strong Roots               20 us, workers (us):  20, ---, ---, 
[68.380s][info][gc,stats    ]   CMR: CLDG Roots                   123 us, workers (us): 123, ---, ---, 
[68.380s][info][gc,stats    ] Concurrent Marking               130128 us
[68.380s][info][gc,stats    ] Pause Final Mark (G)                455 us
[68.380s][info][gc,stats    ] Pause Final Mark (N)                381 us
[68.380s][info][gc,stats    ]   Finish Mark                        91 us
[68.380s][info][gc,stats    ]   Update Region States               84 us
[68.380s][info][gc,stats    ]   Choose Collection Set              75 us
[68.380s][info][gc,stats    ]   Rebuild Free Set                   17 us
[68.380s][info][gc,stats    ] Concurrent Weak References          160 us, parallelism: 0.36x
[68.380s][info][gc,stats    ]   CWRF: <total>                      58 us
[68.380s][info][gc,stats    ]   CWRF: Weak References              58 us, workers (us):  58, ---, ---, 
[68.380s][info][gc,stats    ] Concurrent Weak Roots              4198 us
[68.380s][info][gc,stats    ]   Roots                            3810 us, parallelism: 0.99x
[68.380s][info][gc,stats    ]     CWR: <total>                   3757 us
[68.380s][info][gc,stats    ]     CWR: Code Cache Roots          3394 us, workers (us): 3394, ---, ---, 
[68.380s][info][gc,stats    ]     CWR: VM Weak Roots              322 us, workers (us): 322, ---, ---, 
[68.380s][info][gc,stats    ]     CWR: CLDG Roots                  41 us, workers (us):  41, ---, ---, 
[68.380s][info][gc,stats    ]   Rendezvous                        324 us
[68.380s][info][gc,stats    ] Concurrent Cleanup                  152 us
[68.380s][info][gc,stats    ] Concurrent Class Unloading        12711 us
[68.380s][info][gc,stats    ]   Unlink Stale                    11601 us
[68.380s][info][gc,stats    ]     System Dictionary                67 us
[68.380s][info][gc,stats    ]     Weak Class Links                  0 us
[68.380s][info][gc,stats    ]     Code Roots                    11532 us
[68.380s][info][gc,stats    ]   Rendezvous                        274 us
[68.380s][info][gc,stats    ]   Purge Unlinked                    754 us
[68.380s][info][gc,stats    ]     Code Roots                      747 us
[68.380s][info][gc,stats    ]     CLDG                              7 us
[68.380s][info][gc,stats    ]     Exception Caches                  0 us
[68.380s][info][gc,stats    ] Pause Final Roots (G)               152 us
[68.380s][info][gc,stats    ] Pause Final Roots (N)                57 us
[68.380s][info][gc,stats    ] Pacing                            72302 us
[68.380s][info][gc,stats    ] 
[68.380s][info][gc,stats    ] Allocation pacing accrued:
[68.380s][info][gc,stats    ]      36 of   174 ms ( 20.8%): Executor task launch worker for task 1.0 in stage 127.0 (TID 212)
[68.380s][info][gc,stats    ]      36 of   174 ms ( 20.8%): Executor task launch worker for task 0.0 in stage 127.0 (TID 211)
[68.380s][info][gc,stats    ]      72 of   174 ms ( 41.6%): <total>
[68.380s][info][gc,stats    ]       0 of   174 ms (  0.2%): <average total>
[68.380s][info][gc,stats    ]      36 of   174 ms ( 20.8%): <average non-zero>
[68.380s][info][gc,stats    ] 
[68.380s][info][gc,metaspace] Metaspace: 66470K(67264K)->66470K(67264K) NonClass: 58177K(58624K)->58177K(58624K) Class: 8293K(8640K)->8293K(8640K)
[68.380s][info][gc,ergo     ] Pacer for Idle. Initial: 41943K, Alloc Tax Rate: 1.0x
[68.395s][info][gc          ] Trigger: Learning 4 of 5. Free (1284M) is below initial threshold (1433M)
[68.395s][info][gc,ergo     ] Free: 1284M, Max: 1024K regular, 285M humongous, Frag: 78% external, 0% internal; Reserve: 103M, Max: 1024K
[68.395s][info][gc,start    ] GC(203) Concurrent reset
[68.395s][info][gc,task     ] GC(203) Using 1 of 3 workers for concurrent reset
[68.395s][info][gc,ergo     ] GC(203) Pacer for Reset. Non-Taxable: 2048M
[68.396s][info][gc          ] GC(203) Concurrent reset 0.971ms
[68.396s][info][gc,start    ] GC(203) Pause Init Mark (unload classes)
[68.396s][info][gc,task     ] GC(203) Using 3 of 3 workers for init marking
[68.396s][info][gc,ergo     ] GC(203) Pacer for Mark. Expected Live: 171M, Free: 1284M, Non-Taxable: 128M, Alloc Tax Rate: 0.2x
[68.396s][info][gc          ] GC(203) Pause Init Mark (unload classes) 0.154ms
[68.396s][info][gc,start    ] GC(203) Concurrent marking roots
[68.396s][info][gc,task     ] GC(203) Using 1 of 3 workers for concurrent marking roots
[68.404s][info][gc          ] GC(203) Concurrent marking roots 8.039ms
[68.404s][info][gc,start    ] GC(203) Concurrent marking (unload classes)
[68.404s][info][gc,task     ] GC(203) Using 1 of 3 workers for concurrent marking
[68.535s][info][gc          ] GC(203) Concurrent marking (unload classes) 130.360ms
[68.535s][info][gc,start    ] GC(203) Pause Final Mark (unload classes)
[68.535s][info][gc,task     ] GC(203) Using 3 of 3 workers for final marking
[68.535s][info][gc,ergo     ] GC(203) Collectable Garbage: 465M (95%), Immediate: 465M (95%), CSet: 0B (0%)
[68.535s][info][gc          ] GC(203) Pause Final Mark (unload classes) 0.229ms
[68.535s][info][gc,start    ] GC(203) Concurrent weak references
[68.535s][info][gc,task     ] GC(203) Using 1 of 3 workers for concurrent weak references
[68.535s][info][gc,ref      ] GC(203) Encountered references: Soft: 2909, Weak: 5882, Final: 51, Phantom: 579
[68.535s][info][gc,ref      ] GC(203) Discovered  references: Soft: 0, Weak: 781, Final: 0, Phantom: 337
[68.535s][info][gc,ref      ] GC(203) Enqueued    references: Soft: 0, Weak: 0, Final: 0, Phantom: 0
[68.535s][info][gc          ] GC(203) Concurrent weak references 0.169ms
[68.535s][info][gc,start    ] GC(203) Concurrent weak roots
[68.535s][info][gc,task     ] GC(203) Using 1 of 3 workers for concurrent weak root
[68.539s][info][gc          ] GC(203) Concurrent weak roots 3.789ms
[68.539s][info][gc,start    ] GC(203) Concurrent cleanup
[68.539s][info][gc          ] GC(203) Concurrent cleanup 1093M->628M(2048M) 0.086ms
[68.539s][info][gc,ergo     ] GC(203) Free: 1314M, Max: 1024K regular, 540M humongous, Frag: 59% external, 0% internal; Reserve: 103M, Max: 1024K
[68.539s][info][gc,start    ] GC(203) Concurrent class unloading
[68.539s][info][gc,task     ] GC(203) Using 1 of 3 workers for concurrent class unloading
[68.552s][info][gc          ] GC(203) Concurrent class unloading 13.183ms
[68.552s][info][gc,start    ] GC(203) Pause Final Roots
[68.552s][info][gc          ] GC(203) Pause Final Roots 0.056ms
[68.553s][info][gc,ergo     ] Free: 1288M, Max: 1024K regular, 540M humongous, Frag: 58% external, 0% internal; Reserve: 103M, Max: 1024K
[68.553s][info][gc,stats    ] 
[68.553s][info][gc,stats    ] All times are wall-clock times, except per-root-class counters, that are sum over
[68.553s][info][gc,stats    ] all workers. Dividing the <total> over the root stage time estimates parallelism.
[68.553s][info][gc,stats    ] 
[68.553s][info][gc,stats    ] Concurrent Reset                   1012 us
[68.553s][info][gc,stats    ] Pause Init Mark (G)                 235 us
[68.553s][info][gc,stats    ] Pause Init Mark (N)                 170 us
[68.553s][info][gc,stats    ]   Update Region States               69 us
[68.553s][info][gc,stats    ] Concurrent Mark Roots              8063 us, parallelism: 0.98x
[68.553s][info][gc,stats    ]   CMR: <total>                     7898 us
[68.553s][info][gc,stats    ]   CMR: Thread Roots                7778 us, workers (us): 7778, ---, ---, 
[68.553s][info][gc,stats    ]   CMR: VM Strong Roots               19 us, workers (us):  19, ---, ---, 
[68.553s][info][gc,stats    ]   CMR: CLDG Roots                   102 us, workers (us): 102, ---, ---, 
[68.553s][info][gc,stats    ] Concurrent Marking               130419 us
[68.553s][info][gc,stats    ] Pause Final Mark (G)                348 us
[68.553s][info][gc,stats    ] Pause Final Mark (N)                239 us
[68.553s][info][gc,stats    ]   Finish Mark                        62 us
[68.553s][info][gc,stats    ]   Update Region States               35 us
[68.553s][info][gc,stats    ]   Choose Collection Set              42 us
[68.553s][info][gc,stats    ]   Rebuild Free Set                    8 us
[68.553s][info][gc,stats    ] Concurrent Weak References          176 us, parallelism: 0.35x
[68.553s][info][gc,stats    ]   CWRF: <total>                      62 us
[68.553s][info][gc,stats    ]   CWRF: Weak References              62 us, workers (us):  62, ---, ---, 
[68.553s][info][gc,stats    ] Concurrent Weak Roots              3842 us
[68.553s][info][gc,stats    ]   Roots                            3515 us, parallelism: 0.98x
[68.553s][info][gc,stats    ]     CWR: <total>                   3432 us
[68.553s][info][gc,stats    ]     CWR: Code Cache Roots          3031 us, workers (us): 3031, ---, ---, 
[68.553s][info][gc,stats    ]     CWR: VM Weak Roots              346 us, workers (us): 346, ---, ---, 
[68.553s][info][gc,stats    ]     CWR: CLDG Roots                  55 us, workers (us):  55, ---, ---, 
[68.553s][info][gc,stats    ]   Rendezvous                        251 us
[68.553s][info][gc,stats    ] Concurrent Cleanup                  103 us
[68.553s][info][gc,stats    ] Concurrent Class Unloading        13240 us
[68.553s][info][gc,stats    ]   Unlink Stale                    12292 us
[68.553s][info][gc,stats    ]     System Dictionary                67 us
[68.553s][info][gc,stats    ]     Weak Class Links                  0 us
[68.553s][info][gc,stats    ]     Code Roots                    12222 us
[68.553s][info][gc,stats    ]   Rendezvous                        196 us
[68.553s][info][gc,stats    ]   Purge Unlinked                    660 us
[68.553s][info][gc,stats    ]     Code Roots                      652 us
[68.553s][info][gc,stats    ]     CLDG                              7 us
[68.553s][info][gc,stats    ]     Exception Caches                  0 us
[68.553s][info][gc,stats    ] Pause Final Roots (G)               213 us
[68.553s][info][gc,stats    ] Pause Final Roots (N)                75 us
[68.553s][info][gc,stats    ] Pacing                            37625 us
[68.553s][info][gc,stats    ] 
[68.553s][info][gc,stats    ] Allocation pacing accrued:
[68.553s][info][gc,stats    ]      19 of   173 ms ( 11.0%): Executor task launch worker for task 0.0 in stage 128.0 (TID 213)
[68.553s][info][gc,stats    ]      19 of   173 ms ( 10.8%): Executor task launch worker for task 1.0 in stage 128.0 (TID 214)
[68.553s][info][gc,stats    ]      38 of   173 ms ( 21.7%): <total>
[68.553s][info][gc,stats    ]       0 of   173 ms (  0.1%): <average total>
[68.553s][info][gc,stats    ]      19 of   173 ms ( 10.9%): <average non-zero>
[68.553s][info][gc,stats    ] 
[68.553s][info][gc,metaspace] Metaspace: 66470K(67264K)->66553K(67328K) NonClass: 58177K(58624K)->58255K(58688K) Class: 8293K(8640K)->8297K(8640K)
[68.553s][info][gc,ergo     ] Pacer for Idle. Initial: 41943K, Alloc Tax Rate: 1.0x
[68.558s][info][gc          ] Trigger: Learning 5 of 5. Free (1283M) is below initial threshold (1433M)
[68.558s][info][gc,ergo     ] Free: 1283M, Max: 1024K regular, 540M humongous, Frag: 58% external, 0% internal; Reserve: 103M, Max: 1024K
[68.558s][info][gc,start    ] GC(204) Concurrent reset
[68.558s][info][gc,task     ] GC(204) Using 1 of 3 workers for concurrent reset
[68.558s][info][gc,ergo     ] GC(204) Pacer for Reset. Non-Taxable: 2048M
[68.559s][info][gc          ] GC(204) Concurrent reset 1.050ms
[68.559s][info][gc,start    ] GC(204) Pause Init Mark (unload classes)
[68.559s][info][gc,task     ] GC(204) Using 3 of 3 workers for init marking
[68.559s][info][gc,ergo     ] GC(204) Pacer for Mark. Expected Live: 171M, Free: 1282M, Non-Taxable: 128M, Alloc Tax Rate: 0.2x
[68.559s][info][gc          ] GC(204) Pause Init Mark (unload classes) 0.107ms
[68.559s][info][gc,start    ] GC(204) Concurrent marking roots
[68.559s][info][gc,task     ] GC(204) Using 1 of 3 workers for concurrent marking roots
[68.567s][info][gc          ] GC(204) Concurrent marking roots 7.968ms
[68.567s][info][gc,start    ] GC(204) Concurrent marking (unload classes)
[68.567s][info][gc,task     ] GC(204) Using 1 of 3 workers for concurrent marking
[68.697s][info][gc          ] GC(204) Concurrent marking (unload classes) 129.573ms
[68.697s][info][gc,start    ] GC(204) Pause Final Mark (unload classes)
[68.697s][info][gc,task     ] GC(204) Using 3 of 3 workers for final marking
[68.697s][info][gc,ergo     ] GC(204) Collectable Garbage: 457M (94%), Immediate: 457M (94%), CSet: 0B (0%)
[68.697s][info][gc          ] GC(204) Pause Final Mark (unload classes) 0.286ms
[68.697s][info][gc,start    ] GC(204) Concurrent weak references
[68.698s][info][gc,task     ] GC(204) Using 1 of 3 workers for concurrent weak references
[68.698s][info][gc,ref      ] GC(204) Encountered references: Soft: 2923, Weak: 5986, Final: 51, Phantom: 579
[68.698s][info][gc,ref      ] GC(204) Discovered  references: Soft: 0, Weak: 933, Final: 0, Phantom: 260
[68.698s][info][gc,ref      ] GC(204) Enqueued    references: Soft: 0, Weak: 86, Final: 0, Phantom: 0
[68.698s][info][gc          ] GC(204) Concurrent weak references 0.297ms
[68.698s][info][gc,start    ] GC(204) Concurrent weak roots
[68.698s][info][gc,task     ] GC(204) Using 1 of 3 workers for concurrent weak root
[68.701s][info][gc          ] GC(204) Concurrent weak roots 3.445ms
[68.701s][info][gc,start    ] GC(204) Concurrent cleanup
[68.701s][info][gc          ] GC(204) Concurrent cleanup 667M->209M(2048M) 0.083ms
[68.701s][info][gc,ergo     ] GC(204) Free: 1733M, Max: 1024K regular, 956M humongous, Frag: 45% external, 0% internal; Reserve: 103M, Max: 1024K
[68.701s][info][gc,start    ] GC(204) Concurrent class unloading
[68.701s][info][gc,task     ] GC(204) Using 1 of 3 workers for concurrent class unloading
[68.720s][info][gc          ] GC(204) Concurrent class unloading 18.416ms
[68.720s][info][gc,start    ] GC(204) Pause Final Roots
[68.720s][info][gc          ] GC(204) Pause Final Roots 0.076ms
[68.720s][info][gc,ergo     ] Free: 1733M, Max: 1024K regular, 956M humongous, Frag: 45% external, 0% internal; Reserve: 103M, Max: 1024K
[68.720s][info][gc,stats    ] 
[68.720s][info][gc,stats    ] All times are wall-clock times, except per-root-class counters, that are sum over
[68.720s][info][gc,stats    ] all workers. Dividing the <total> over the root stage time estimates parallelism.
[68.720s][info][gc,stats    ] 
[68.720s][info][gc,stats    ] Concurrent Reset                   1140 us
[68.720s][info][gc,stats    ] Pause Init Mark (G)                 250 us
[68.720s][info][gc,stats    ] Pause Init Mark (N)                 117 us
[68.720s][info][gc,stats    ]   Update Region States               34 us
[68.720s][info][gc,stats    ] Concurrent Mark Roots              8030 us, parallelism: 0.97x
[68.720s][info][gc,stats    ]   CMR: <total>                     7779 us
[68.720s][info][gc,stats    ]   CMR: Thread Roots                7654 us, workers (us): 7654, ---, ---, 
[68.720s][info][gc,stats    ]   CMR: VM Strong Roots               19 us, workers (us):  19, ---, ---, 
[68.720s][info][gc,stats    ]   CMR: CLDG Roots                   106 us, workers (us): 106, ---, ---, 
[68.720s][info][gc,stats    ] Concurrent Marking               129653 us
[68.720s][info][gc,stats    ] Pause Final Mark (G)                381 us
[68.720s][info][gc,stats    ] Pause Final Mark (N)                295 us
[68.720s][info][gc,stats    ]   Finish Mark                       114 us
[68.720s][info][gc,stats    ]   Update Region States               52 us
[68.720s][info][gc,stats    ]   Choose Collection Set              41 us
[68.720s][info][gc,stats    ]   Rebuild Free Set                    8 us
[68.720s][info][gc,stats    ] Concurrent Weak References          304 us, parallelism: 0.20x
[68.720s][info][gc,stats    ]   CWRF: <total>                      60 us
[68.720s][info][gc,stats    ]   CWRF: Weak References              60 us, workers (us):  60, ---, ---, 
[68.720s][info][gc,stats    ] Concurrent Weak Roots              3509 us
[68.720s][info][gc,stats    ]   Roots                            3253 us, parallelism: 0.96x
[68.720s][info][gc,stats    ]     CWR: <total>                   3136 us
[68.720s][info][gc,stats    ]     CWR: Code Cache Roots          2466 us, workers (us): 2466, ---, ---, 
[68.720s][info][gc,stats    ]     CWR: VM Weak Roots              612 us, workers (us): 612, ---, ---, 
[68.720s][info][gc,stats    ]     CWR: CLDG Roots                  58 us, workers (us):  58, ---, ---, 
[68.720s][info][gc,stats    ]   Rendezvous                        172 us
[68.720s][info][gc,stats    ] Concurrent Cleanup                  101 us
[68.720s][info][gc,stats    ] Concurrent Class Unloading        18468 us
[68.720s][info][gc,stats    ]   Unlink Stale                    17464 us
[68.720s][info][gc,stats    ]     System Dictionary               225 us
[68.720s][info][gc,stats    ]     Weak Class Links               6285 us
[68.720s][info][gc,stats    ]     Code Roots                    10952 us
[68.720s][info][gc,stats    ]   Rendezvous                        206 us
[68.720s][info][gc,stats    ]   Purge Unlinked                    711 us
[68.720s][info][gc,stats    ]     Code Roots                      690 us
[68.720s][info][gc,stats    ]     CLDG                             21 us
[68.720s][info][gc,stats    ]     Exception Caches                  0 us
[68.720s][info][gc,stats    ] Pause Final Roots (G)               195 us
[68.720s][info][gc,stats    ] Pause Final Roots (N)               100 us
[68.720s][info][gc,stats    ] 
[68.720s][info][gc,stats    ] Allocation pacing accrued:
[68.720s][info][gc,stats    ]       0 of   167 ms (  0.0%): <total>
[68.720s][info][gc,stats    ]       0 of   167 ms (  0.0%): <average total>
[68.720s][info][gc,stats    ] 
[68.720s][info][gc,metaspace] Metaspace: 66556K(67328K)->66562K(67328K) NonClass: 58258K(58688K)->58265K(58688K) Class: 8297K(8640K)->8297K(8640K)
[68.721s][info][gc,ergo     ] Pacer for Idle. Initial: 41943K, Alloc Tax Rate: 1.0x
[68.731s][info][gc          ] Trigger: Explicit GC request (System.gc())
[68.731s][info][gc,ergo     ] Free: 1733M, Max: 1024K regular, 956M humongous, Frag: 45% external, 0% internal; Reserve: 103M, Max: 1024K
[68.731s][info][gc,start    ] GC(205) Concurrent reset
[68.731s][info][gc,task     ] GC(205) Using 1 of 3 workers for concurrent reset
[68.731s][info][gc,ergo     ] GC(205) Pacer for Reset. Non-Taxable: 2048M
[68.732s][info][gc          ] GC(205) Concurrent reset 1.310ms
[68.732s][info][gc,start    ] GC(205) Pause Init Mark (unload classes)
[68.732s][info][gc,task     ] GC(205) Using 3 of 3 workers for init marking
[68.732s][info][gc,ref      ] GC(205) Clearing All SoftReferences
[68.732s][info][gc,ergo     ] GC(205) Pacer for Mark. Expected Live: 171M, Free: 1733M, Non-Taxable: 173M, Alloc Tax Rate: 0.1x
[68.732s][info][gc          ] GC(205) Pause Init Mark (unload classes) 0.219ms
[68.732s][info][gc,start    ] GC(205) Concurrent marking roots
[68.732s][info][gc,task     ] GC(205) Using 1 of 3 workers for concurrent marking roots
[68.740s][info][gc          ] GC(205) Concurrent marking roots 7.653ms
[68.740s][info][gc,start    ] GC(205) Concurrent marking (unload classes)
[68.740s][info][gc,task     ] GC(205) Using 1 of 3 workers for concurrent marking
[68.868s][info][gc          ] GC(205) Concurrent marking (unload classes) 127.713ms
[68.868s][info][gc,start    ] GC(205) Pause Final Mark (unload classes)
[68.868s][info][gc,task     ] GC(205) Using 3 of 3 workers for final marking
[68.868s][info][gc,ergo     ] GC(205) Adaptive CSet Selection. Target Free: 290M, Actual Free: 1818M, Max CSet: 87381K, Min Garbage: 0B
[68.868s][info][gc,ergo     ] GC(205) Collectable Garbage: 34844K (87%), Immediate: 4096K (10%), CSet: 30748K (77%)
[68.868s][info][gc,ergo     ] GC(205) Pacer for Evacuation. Used CSet: 31744K, Free: 1736M, Non-Taxable: 173M, Alloc Tax Rate: 1.1x
[68.868s][info][gc          ] GC(205) Pause Final Mark (unload classes) 0.459ms
[68.868s][info][gc,start    ] GC(205) Concurrent thread roots
[68.868s][info][gc,task     ] GC(205) Using 1 of 3 workers for Concurrent thread roots
[68.877s][info][gc          ] GC(205) Concurrent thread roots 8.085ms
[68.877s][info][gc,start    ] GC(205) Concurrent weak references
[68.877s][info][gc,task     ] GC(205) Using 1 of 3 workers for concurrent weak references
[68.877s][info][gc,ref      ] GC(205) Encountered references: Soft: 2824, Weak: 5807, Final: 51, Phantom: 579
[68.877s][info][gc,ref      ] GC(205) Discovered  references: Soft: 658, Weak: 872, Final: 0, Phantom: 337
[68.877s][info][gc,ref      ] GC(205) Enqueued    references: Soft: 296, Weak: 78, Final: 0, Phantom: 0
[68.877s][info][gc          ] GC(205) Concurrent weak references 0.348ms
[68.877s][info][gc,start    ] GC(205) Concurrent weak roots
[68.877s][info][gc,task     ] GC(205) Using 1 of 3 workers for concurrent weak root
[68.881s][info][gc          ] GC(205) Concurrent weak roots 3.977ms
[68.881s][info][gc,start    ] GC(205) Concurrent cleanup
[68.881s][info][gc          ] GC(205) Concurrent cleanup 216M->212M(2048M) 0.025ms
[68.881s][info][gc,ergo     ] GC(205) Free: 1731M, Max: 1024K regular, 956M humongous, Frag: 45% external, 0% internal; Reserve: 102M, Max: 1024K
[68.881s][info][gc,start    ] GC(205) Concurrent class unloading
[68.881s][info][gc,task     ] GC(205) Using 1 of 3 workers for concurrent class unloading
[68.900s][info][gc          ] GC(205) Concurrent class unloading 19.461ms
[68.901s][info][gc,start    ] GC(205) Concurrent strong roots
[68.901s][info][gc,task     ] GC(205) Using 1 of 3 workers for concurrent strong root
[68.901s][info][gc          ] GC(205) Concurrent strong roots 0.560ms
[68.901s][info][gc,start    ] GC(205) Concurrent evacuation
[68.901s][info][gc,task     ] GC(205) Using 1 of 3 workers for concurrent evacuation
[68.902s][info][gc          ] GC(205) Concurrent evacuation 0.567ms
[68.902s][info][gc,start    ] GC(205) Pause Init Update Refs
[68.902s][info][gc,ergo     ] GC(205) Pacer for Update Refs. Used: 212M, Free: 1731M, Non-Taxable: 173M, Alloc Tax Rate: 1.1x
[68.902s][info][gc          ] GC(205) Pause Init Update Refs 0.064ms
[68.902s][info][gc,start    ] GC(205) Concurrent update references
[68.902s][info][gc,task     ] GC(205) Using 1 of 3 workers for concurrent reference update
[68.965s][info][gc          ] GC(205) Concurrent update references 62.849ms
[68.965s][info][gc,start    ] GC(205) Concurrent update thread roots
[68.972s][info][gc          ] GC(205) Concurrent update thread roots 7.556ms
[68.972s][info][gc,start    ] GC(205) Pause Final Update Refs
[68.972s][info][gc,task     ] GC(205) Using 3 of 3 workers for final reference update
[68.973s][info][gc          ] GC(205) Pause Final Update Refs 0.162ms
[68.973s][info][gc,start    ] GC(205) Concurrent cleanup
[68.973s][info][gc          ] GC(205) Concurrent cleanup 212M->181M(2048M) 0.079ms
[68.973s][info][gc,ergo     ] Free: 1761M, Max: 1024K regular, 1385M humongous, Frag: 21% external, 0% internal; Reserve: 103M, Max: 1024K
[68.973s][info][gc,stats    ] 
[68.973s][info][gc,stats    ] All times are wall-clock times, except per-root-class counters, that are sum over
[68.973s][info][gc,stats    ] all workers. Dividing the <total> over the root stage time estimates parallelism.
[68.973s][info][gc,stats    ] 
[68.973s][info][gc,stats    ] Concurrent Reset                   1350 us
[68.973s][info][gc,stats    ] Pause Init Mark (G)                 366 us
[68.973s][info][gc,stats    ] Pause Init Mark (N)                 228 us
[68.973s][info][gc,stats    ]   Update Region States               73 us
[68.973s][info][gc,stats    ] Concurrent Mark Roots              7703 us, parallelism: 0.96x
[68.973s][info][gc,stats    ]   CMR: <total>                     7409 us
[68.973s][info][gc,stats    ]   CMR: Thread Roots                7243 us, workers (us): 7243, ---, ---, 
[68.973s][info][gc,stats    ]   CMR: VM Strong Roots               24 us, workers (us):  24, ---, ---, 
[68.973s][info][gc,stats    ]   CMR: CLDG Roots                   142 us, workers (us): 142, ---, ---, 
[68.973s][info][gc,stats    ] Concurrent Marking               127793 us
[68.973s][info][gc,stats    ] Pause Final Mark (G)                585 us
[68.973s][info][gc,stats    ] Pause Final Mark (N)                476 us
[68.973s][info][gc,stats    ]   Finish Mark                       129 us
[68.973s][info][gc,stats    ]   Update Region States               88 us
[68.973s][info][gc,stats    ]   Choose Collection Set             107 us
[68.973s][info][gc,stats    ]   Rebuild Free Set                   17 us
[68.973s][info][gc,stats    ] Concurrent Thread Roots            8148 us, parallelism: 0.98x
[68.973s][info][gc,stats    ]   CTR: <total>                     7996 us
[68.973s][info][gc,stats    ]   CTR: Thread Roots                7996 us, workers (us): 7996, ---, ---, 
[68.973s][info][gc,stats    ] Concurrent Weak References          365 us, parallelism: 0.47x
[68.973s][info][gc,stats    ]   CWRF: <total>                     172 us
[68.973s][info][gc,stats    ]   CWRF: Weak References             172 us, workers (us): 172, ---, ---, 
[68.973s][info][gc,stats    ] Concurrent Weak Roots              4007 us
[68.973s][info][gc,stats    ]   Roots                            3774 us, parallelism: 0.97x
[68.973s][info][gc,stats    ]     CWR: <total>                   3676 us
[68.973s][info][gc,stats    ]     CWR: Code Cache Roots          2535 us, workers (us): 2535, ---, ---, 
[68.973s][info][gc,stats    ]     CWR: VM Weak Roots             1077 us, workers (us): 1077, ---, ---, 
[68.973s][info][gc,stats    ]     CWR: CLDG Roots                  65 us, workers (us):  65, ---, ---, 
[68.973s][info][gc,stats    ]   Rendezvous                        170 us
[68.973s][info][gc,stats    ] Concurrent Cleanup                   33 us
[68.973s][info][gc,stats    ] Concurrent Class Unloading        19509 us
[68.973s][info][gc,stats    ]   Unlink Stale                    18311 us
[68.973s][info][gc,stats    ]     System Dictionary              1131 us
[68.973s][info][gc,stats    ]     Weak Class Links               6366 us
[68.973s][info][gc,stats    ]     Code Roots                    10811 us
[68.973s][info][gc,stats    ]   Rendezvous                        222 us
[68.973s][info][gc,stats    ]   Purge Unlinked                    909 us
[68.973s][info][gc,stats    ]     Code Roots                      568 us
[68.973s][info][gc,stats    ]     CLDG                            340 us
[68.974s][info][gc,stats    ]     Exception Caches                  0 us
[68.974s][info][gc,stats    ] Concurrent Strong Roots             578 us, parallelism: 0.73x
[68.974s][info][gc,stats    ]   CSR: <total>                      421 us
[68.974s][info][gc,stats    ]   CSR: VM Strong Roots               22 us, workers (us):  22, ---, ---, 
[68.974s][info][gc,stats    ]   CSR: CLDG Roots                   399 us, workers (us): 399, ---, ---, 
[68.974s][info][gc,stats    ] Concurrent Evacuation               594 us
[68.974s][info][gc,stats    ] Pause Init Update Refs (G)          147 us
[68.974s][info][gc,stats    ] Pause Init Update Refs (N)           72 us
[68.974s][info][gc,stats    ]   Manage GCLABs                      11 us
[68.974s][info][gc,stats    ] Concurrent Update Refs            62929 us
[68.974s][info][gc,stats    ] Concurrent Update Thread Roots     7615 us
[68.974s][info][gc,stats    ] Pause Final Update Refs (G)         265 us
[68.974s][info][gc,stats    ] Pause Final Update Refs (N)         172 us
[68.974s][info][gc,stats    ]   Update Region States               69 us
[68.974s][info][gc,stats    ]   Trash Collection Set                4 us
[68.974s][info][gc,stats    ]   Rebuild Free Set                   24 us
[68.974s][info][gc,stats    ] Concurrent Cleanup                  106 us
[68.974s][info][gc,stats    ] 
[68.974s][info][gc,stats    ] Allocation pacing accrued:
[68.974s][info][gc,stats    ]       0 of   253 ms (  0.0%): <total>
[68.974s][info][gc,stats    ]       0 of   253 ms (  0.0%): <average total>
[68.974s][info][gc,stats    ] 
[68.974s][info][gc,metaspace] Metaspace: 66562K(67328K)->66240K(67328K) NonClass: 58265K(58688K)->57998K(58688K) Class: 8297K(8640K)->8242K(8640K)
[68.974s][info][gc,ergo     ] Pacer for Idle. Initial: 41943K, Alloc Tax Rate: 1.0x
[69.148s][info][gc          ] Trigger: Learning 2 of 5. Free (1395M) is below initial threshold (1433M)
[69.149s][info][gc,ergo     ] Free: 1395M, Max: 1024K regular, 1373M humongous, Frag: 0% external, 0% internal; Reserve: 103M, Max: 1024K
[69.149s][info][gc,start    ] GC(206) Concurrent reset
[69.149s][info][gc,task     ] GC(206) Using 1 of 3 workers for concurrent reset
[69.149s][info][gc,ergo     ] GC(206) Pacer for Reset. Non-Taxable: 2048M
[69.150s][info][gc          ] GC(206) Concurrent reset 1.163ms
[69.150s][info][gc,start    ] GC(206) Pause Init Mark (unload classes)
[69.150s][info][gc,task     ] GC(206) Using 3 of 3 workers for init marking
[69.150s][info][gc,ergo     ] GC(206) Pacer for Mark. Expected Live: 171M, Free: 1395M, Non-Taxable: 139M, Alloc Tax Rate: 0.2x
[69.150s][info][gc          ] GC(206) Pause Init Mark (unload classes) 0.186ms
[69.150s][info][gc,start    ] GC(206) Concurrent marking roots
[69.150s][info][gc,task     ] GC(206) Using 1 of 3 workers for concurrent marking roots
[69.158s][info][gc          ] GC(206) Concurrent marking roots 8.104ms
[69.158s][info][gc,start    ] GC(206) Concurrent marking (unload classes)
[69.158s][info][gc,task     ] GC(206) Using 1 of 3 workers for concurrent marking
[69.289s][info][gc          ] GC(206) Concurrent marking (unload classes) 130.478ms
[69.289s][info][gc,start    ] GC(206) Pause Final Mark (unload classes)
[69.289s][info][gc,task     ] GC(206) Using 3 of 3 workers for final marking
[69.289s][info][gc,ergo     ] GC(206) Adaptive CSet Selection. Target Free: 290M, Actual Free: 1391M, Max CSet: 87381K, Min Garbage: 0B
[69.289s][info][gc,ergo     ] GC(206) Collectable Garbage: 367M (98%), Immediate: 337M (90%), CSet: 31359K (8%)
[69.289s][info][gc,ergo     ] GC(206) Pacer for Evacuation. Used CSet: 33352K, Free: 1313M, Non-Taxable: 131M, Alloc Tax Rate: 1.1x
[69.289s][info][gc          ] GC(206) Pause Final Mark (unload classes) 0.280ms
[69.289s][info][gc,start    ] GC(206) Concurrent thread roots
[69.289s][info][gc,task     ] GC(206) Using 1 of 3 workers for Concurrent thread roots
[69.298s][info][gc          ] GC(206) Concurrent thread roots 8.577ms
[69.298s][info][gc,start    ] GC(206) Concurrent weak references
[69.298s][info][gc,task     ] GC(206) Using 1 of 3 workers for concurrent weak references
[69.298s][info][gc,ref      ] GC(206) Encountered references: Soft: 2909, Weak: 5979, Final: 51, Phantom: 579
[69.298s][info][gc,ref      ] GC(206) Discovered  references: Soft: 0, Weak: 872, Final: 0, Phantom: 260
[69.298s][info][gc,ref      ] GC(206) Enqueued    references: Soft: 0, Weak: 89, Final: 0, Phantom: 0
[69.298s][info][gc          ] GC(206) Concurrent weak references 0.261ms
[69.298s][info][gc,start    ] GC(206) Concurrent weak roots
[69.298s][info][gc,task     ] GC(206) Using 1 of 3 workers for concurrent weak root
[69.302s][info][gc          ] GC(206) Concurrent weak roots 4.237ms
[69.302s][info][gc,start    ] GC(206) Concurrent cleanup
[69.302s][info][gc          ] GC(206) Concurrent cleanup 1010M->673M(2048M) 0.073ms
[69.302s][info][gc,ergo     ] GC(206) Free: 1269M, Max: 1024K regular, 907M humongous, Frag: 28% external, 0% internal; Reserve: 102M, Max: 1024K
[69.303s][info][gc,start    ] GC(206) Concurrent class unloading
[69.303s][info][gc,task     ] GC(206) Using 1 of 3 workers for concurrent class unloading
[69.324s][info][gc          ] GC(206) Concurrent class unloading 21.303ms
[69.324s][info][gc,start    ] GC(206) Concurrent strong roots
[69.324s][info][gc,task     ] GC(206) Using 1 of 3 workers for concurrent strong root
[69.324s][info][gc          ] GC(206) Concurrent strong roots 0.364ms
[69.324s][info][gc,start    ] GC(206) Concurrent evacuation
[69.324s][info][gc,task     ] GC(206) Using 1 of 3 workers for concurrent evacuation
[69.325s][info][gc          ] GC(206) Concurrent evacuation 1.078ms
[69.325s][info][gc,start    ] GC(206) Pause Init Update Refs
[69.325s][info][gc,ergo     ] GC(206) Pacer for Update Refs. Used: 738M, Free: 1206M, Non-Taxable: 120M, Alloc Tax Rate: 1.1x
[69.325s][info][gc          ] GC(206) Pause Init Update Refs 0.076ms
[69.326s][info][gc,start    ] GC(206) Concurrent update references
[69.326s][info][gc,task     ] GC(206) Using 1 of 3 workers for concurrent reference update
[69.500s][info][gc          ] GC(206) Concurrent update references 174.722ms
[69.500s][info][gc,start    ] GC(206) Concurrent update thread roots
[69.507s][info][gc          ] GC(206) Concurrent update thread roots 6.941ms
[69.507s][info][gc,start    ] GC(206) Pause Final Update Refs
[69.507s][info][gc,task     ] GC(206) Using 3 of 3 workers for final reference update
[69.508s][info][gc          ] GC(206) Pause Final Update Refs 0.128ms
[69.508s][info][gc,start    ] GC(206) Concurrent cleanup
[69.508s][info][gc          ] GC(206) Concurrent cleanup 1243M->1210M(2048M) 0.059ms
[69.508s][info][gc,ergo     ] Free: 732M, Max: 1024K regular, 678M humongous, Frag: 5% external, 0% internal; Reserve: 103M, Max: 1024K
[69.508s][info][gc,stats    ] 
[69.508s][info][gc,stats    ] All times are wall-clock times, except per-root-class counters, that are sum over
[69.508s][info][gc,stats    ] all workers. Dividing the <total> over the root stage time estimates parallelism.
[69.508s][info][gc,stats    ] 
[69.508s][info][gc,stats    ] Concurrent Reset                   1189 us
[69.508s][info][gc,stats    ] Pause Init Mark (G)                 346 us
[69.508s][info][gc,stats    ] Pause Init Mark (N)                 203 us
[69.508s][info][gc,stats    ]   Update Region States               63 us
[69.508s][info][gc,stats    ] Concurrent Mark Roots              8158 us, parallelism: 0.97x
[69.508s][info][gc,stats    ]   CMR: <total>                     7930 us
[69.508s][info][gc,stats    ]   CMR: Thread Roots                7789 us, workers (us): 7789, ---, ---, 
[69.508s][info][gc,stats    ]   CMR: VM Strong Roots               20 us, workers (us):  20, ---, ---, 
[69.508s][info][gc,stats    ]   CMR: CLDG Roots                   121 us, workers (us): 121, ---, ---, 
[69.508s][info][gc,stats    ] Concurrent Marking               130548 us
[69.508s][info][gc,stats    ] Pause Final Mark (G)                361 us
[69.508s][info][gc,stats    ] Pause Final Mark (N)                287 us
[69.508s][info][gc,stats    ]   Finish Mark                        95 us
[69.508s][info][gc,stats    ]   Update Region States               33 us
[69.508s][info][gc,stats    ]   Choose Collection Set              75 us
[69.508s][info][gc,stats    ]   Rebuild Free Set                    8 us
[69.508s][info][gc,stats    ] Concurrent Thread Roots            8627 us, parallelism: 0.98x
[69.508s][info][gc,stats    ]   CTR: <total>                     8471 us
[69.508s][info][gc,stats    ]   CTR: Thread Roots                8471 us, workers (us): 8471, ---, ---, 
[69.508s][info][gc,stats    ] Concurrent Weak References          276 us, parallelism: 0.50x
[69.508s][info][gc,stats    ]   CWRF: <total>                     138 us
[69.508s][info][gc,stats    ]   CWRF: Weak References             138 us, workers (us): 138, ---, ---, 
[69.508s][info][gc,stats    ] Concurrent Weak Roots              4286 us
[69.508s][info][gc,stats    ]   Roots                            3929 us, parallelism: 0.98x
[69.508s][info][gc,stats    ]     CWR: <total>                   3844 us
[69.508s][info][gc,stats    ]     CWR: Code Cache Roots          2818 us, workers (us): 2818, ---, ---, 
[69.508s][info][gc,stats    ]     CWR: VM Weak Roots              963 us, workers (us): 963, ---, ---, 
[69.508s][info][gc,stats    ]     CWR: CLDG Roots                  63 us, workers (us):  63, ---, ---, 
[69.508s][info][gc,stats    ]   Rendezvous                        275 us
[69.508s][info][gc,stats    ] Concurrent Cleanup                   90 us
[69.508s][info][gc,stats    ] Concurrent Class Unloading        21358 us
[69.508s][info][gc,stats    ]   Unlink Stale                    20507 us
[69.508s][info][gc,stats    ]     System Dictionary               242 us
[69.508s][info][gc,stats    ]     Weak Class Links               7901 us
[69.508s][info][gc,stats    ]     Code Roots                    12362 us
[69.508s][info][gc,stats    ]   Rendezvous                        174 us
[69.508s][info][gc,stats    ]   Purge Unlinked                    587 us
[69.508s][info][gc,stats    ]     Code Roots                      570 us
[69.508s][info][gc,stats    ]     CLDG                             17 us
[69.508s][info][gc,stats    ]     Exception Caches                  0 us
[69.508s][info][gc,stats    ] Concurrent Strong Roots             383 us, parallelism: 0.71x
[69.508s][info][gc,stats    ]   CSR: <total>                      271 us
[69.508s][info][gc,stats    ]   CSR: VM Strong Roots               13 us, workers (us):  13, ---, ---, 
[69.508s][info][gc,stats    ]   CSR: CLDG Roots                   258 us, workers (us): 258, ---, ---, 
[69.508s][info][gc,stats    ] Concurrent Evacuation              1092 us
[69.508s][info][gc,stats    ] Pause Init Update Refs (G)          198 us
[69.508s][info][gc,stats    ] Pause Init Update Refs (N)           83 us
[69.508s][info][gc,stats    ]   Manage GCLABs                      11 us
[69.508s][info][gc,stats    ] Concurrent Update Refs           174794 us
[69.508s][info][gc,stats    ] Concurrent Update Thread Roots     6990 us
[69.509s][info][gc,stats    ] Pause Final Update Refs (G)         243 us
[69.509s][info][gc,stats    ] Pause Final Update Refs (N)         152 us
[69.509s][info][gc,stats    ]   Update Region States               40 us
[69.509s][info][gc,stats    ]   Trash Collection Set                4 us
[69.509s][info][gc,stats    ]   Rebuild Free Set                   19 us
[69.509s][info][gc,stats    ] Concurrent Cleanup                   81 us
[69.509s][info][gc,stats    ] Pacing                            61806 us
[69.509s][info][gc,stats    ] 
[69.509s][info][gc,stats    ] Allocation pacing accrued:
[69.509s][info][gc,stats    ]      31 of   535 ms (  5.8%): Executor task launch worker for task 1.0 in stage 130.0 (TID 217)
[69.509s][info][gc,stats    ]      31 of   535 ms (  5.8%): Executor task launch worker for task 0.0 in stage 130.0 (TID 216)
[69.509s][info][gc,stats    ]      62 of   535 ms ( 11.6%): <total>
[69.509s][info][gc,stats    ]       0 of   535 ms (  0.0%): <average total>
[69.509s][info][gc,stats    ]      31 of   535 ms (  5.8%): <average non-zero>
[69.509s][info][gc,stats    ] 
[69.509s][info][gc,metaspace] Metaspace: 66555K(67328K)->66553K(67328K) NonClass: 58260K(58688K)->58259K(58688K) Class: 8294K(8640K)->8294K(8640K)
[69.509s][info][gc,ergo     ] Pacer for Idle. Initial: 41943K, Alloc Tax Rate: 1.0x
[69.511s][info][gc          ] Trigger: Learning 3 of 5. Free (721M) is below initial threshold (1433M)
[69.511s][info][gc,ergo     ] Free: 721M, Max: 1024K regular, 678M humongous, Frag: 4% external, 0% internal; Reserve: 103M, Max: 1024K
[69.511s][info][gc,start    ] GC(207) Concurrent reset
[69.511s][info][gc,task     ] GC(207) Using 1 of 3 workers for concurrent reset
[69.511s][info][gc,ergo     ] GC(207) Pacer for Reset. Non-Taxable: 2048M
[69.512s][info][gc          ] GC(207) Concurrent reset 1.013ms
[69.512s][info][gc,start    ] GC(207) Pause Init Mark (unload classes)
[69.512s][info][gc,task     ] GC(207) Using 3 of 3 workers for init marking
[69.512s][info][gc,ergo     ] GC(207) Pacer for Mark. Expected Live: 171M, Free: 718M, Non-Taxable: 73584K, Alloc Tax Rate: 0.3x
[69.512s][info][gc          ] GC(207) Pause Init Mark (unload classes) 0.176ms
[69.512s][info][gc,start    ] GC(207) Concurrent marking roots
[69.512s][info][gc,task     ] GC(207) Using 1 of 3 workers for concurrent marking roots
[69.520s][info][gc          ] GC(207) Concurrent marking roots 7.947ms
[69.520s][info][gc,start    ] GC(207) Concurrent marking (unload classes)
[69.520s][info][gc,task     ] GC(207) Using 1 of 3 workers for concurrent marking
[69.650s][info][gc          ] GC(207) Concurrent marking (unload classes) 129.548ms
[69.650s][info][gc,start    ] GC(207) Pause Final Mark (unload classes)
[69.650s][info][gc,task     ] GC(207) Using 3 of 3 workers for final marking
[69.650s][info][gc,ergo     ] GC(207) Collectable Garbage: 1033M (98%), Immediate: 1033M (98%), CSet: 0B (0%)
[69.650s][info][gc          ] GC(207) Pause Final Mark (unload classes) 0.293ms
[69.650s][info][gc,start    ] GC(207) Concurrent weak references
[69.650s][info][gc,task     ] GC(207) Using 1 of 3 workers for concurrent weak references
[69.650s][info][gc,ref      ] GC(207) Encountered references: Soft: 2909, Weak: 5895, Final: 51, Phantom: 579
[69.650s][info][gc,ref      ] GC(207) Discovered  references: Soft: 0, Weak: 776, Final: 0, Phantom: 260
[69.650s][info][gc,ref      ] GC(207) Enqueued    references: Soft: 0, Weak: 2, Final: 0, Phantom: 0
[69.650s][info][gc          ] GC(207) Concurrent weak references 0.401ms
[69.650s][info][gc,start    ] GC(207) Concurrent weak roots
[69.651s][info][gc,task     ] GC(207) Using 1 of 3 workers for concurrent weak root
[69.654s][info][gc          ] GC(207) Concurrent weak roots 3.899ms
[69.654s][info][gc,start    ] GC(207) Concurrent cleanup
[69.655s][info][gc          ] GC(207) Concurrent cleanup 1628M->596M(2048M) 0.132ms
[69.655s][info][gc,ergo     ] GC(207) Free: 1347M, Max: 1024K regular, 447M humongous, Frag: 67% external, 0% internal; Reserve: 103M, Max: 1024K
[69.655s][info][gc,start    ] GC(207) Concurrent class unloading
[69.655s][info][gc,task     ] GC(207) Using 1 of 3 workers for concurrent class unloading
[69.668s][info][gc          ] GC(207) Concurrent class unloading 13.198ms
[69.668s][info][gc,start    ] GC(207) Pause Final Roots
[69.668s][info][gc          ] GC(207) Pause Final Roots 0.052ms
[69.668s][info][gc,ergo     ] Free: 1297M, Max: 1024K regular, 447M humongous, Frag: 65% external, 0% internal; Reserve: 103M, Max: 1024K
[69.668s][info][gc,stats    ] 
[69.668s][info][gc,stats    ] All times are wall-clock times, except per-root-class counters, that are sum over
[69.668s][info][gc,stats    ] all workers. Dividing the <total> over the root stage time estimates parallelism.
[69.668s][info][gc,stats    ] 
[69.668s][info][gc,stats    ] Concurrent Reset                   1037 us
[69.668s][info][gc,stats    ] Pause Init Mark (G)                 366 us
[69.668s][info][gc,stats    ] Pause Init Mark (N)                 185 us
[69.668s][info][gc,stats    ]   Update Region States               41 us
[69.668s][info][gc,stats    ] Concurrent Mark Roots              7992 us, parallelism: 0.97x
[69.668s][info][gc,stats    ]   CMR: <total>                     7746 us
[69.668s][info][gc,stats    ]   CMR: Thread Roots                7629 us, workers (us): 7629, ---, ---, 
[69.668s][info][gc,stats    ]   CMR: VM Strong Roots               13 us, workers (us):  13, ---, ---, 
[69.668s][info][gc,stats    ]   CMR: CLDG Roots                   105 us, workers (us): 105, ---, ---, 
[69.668s][info][gc,stats    ] Concurrent Marking               129634 us
[69.668s][info][gc,stats    ] Pause Final Mark (G)                398 us
[69.668s][info][gc,stats    ] Pause Final Mark (N)                308 us
[69.668s][info][gc,stats    ]   Finish Mark                       146 us
[69.668s][info][gc,stats    ]   Update Region States               42 us
[69.668s][info][gc,stats    ]   Choose Collection Set              28 us
[69.668s][info][gc,stats    ]   Rebuild Free Set                    8 us
[69.668s][info][gc,stats    ] Concurrent Weak References          422 us, parallelism: 0.22x
[69.668s][info][gc,stats    ]   CWRF: <total>                      93 us
[69.668s][info][gc,stats    ]   CWRF: Weak References              93 us, workers (us):  93, ---, ---, 
[69.668s][info][gc,stats    ] Concurrent Weak Roots              3961 us
[69.668s][info][gc,stats    ]   Roots                            3687 us, parallelism: 0.96x
[69.668s][info][gc,stats    ]     CWR: <total>                   3539 us
[69.668s][info][gc,stats    ]     CWR: Code Cache Roots          2858 us, workers (us): 2858, ---, ---, 
[69.668s][info][gc,stats    ]     CWR: VM Weak Roots              632 us, workers (us): 632, ---, ---, 
[69.668s][info][gc,stats    ]     CWR: CLDG Roots                  49 us, workers (us):  49, ---, ---, 
[69.668s][info][gc,stats    ]   Rendezvous                        167 us
[69.668s][info][gc,stats    ] Concurrent Cleanup                  150 us
[69.668s][info][gc,stats    ] Concurrent Class Unloading        13251 us
[69.668s][info][gc,stats    ]   Unlink Stale                    11959 us
[69.668s][info][gc,stats    ]     System Dictionary                66 us
[69.668s][info][gc,stats    ]     Weak Class Links                  0 us
[69.668s][info][gc,stats    ]     Code Roots                    11890 us
[69.668s][info][gc,stats    ]   Rendezvous                        241 us
[69.668s][info][gc,stats    ]   Purge Unlinked                    965 us
[69.668s][info][gc,stats    ]     Code Roots                      959 us
[69.668s][info][gc,stats    ]     CLDG                              6 us
[69.668s][info][gc,stats    ]     Exception Caches                  0 us
[69.668s][info][gc,stats    ] Pause Final Roots (G)               167 us
[69.668s][info][gc,stats    ] Pause Final Roots (N)                60 us
[69.668s][info][gc,stats    ] Pacing                            38487 us
[69.668s][info][gc,stats    ] 
[69.668s][info][gc,stats    ] Allocation pacing accrued:
[69.668s][info][gc,stats    ]      14 of   160 ms (  9.1%): Executor task launch worker for task 1.0 in stage 130.0 (TID 217)
[69.668s][info][gc,stats    ]      24 of   160 ms ( 15.0%): Executor task launch worker for task 0.0 in stage 130.0 (TID 216)
[69.668s][info][gc,stats    ]      38 of   160 ms ( 24.1%): <total>
[69.668s][info][gc,stats    ]       0 of   160 ms (  0.1%): <average total>
[69.668s][info][gc,stats    ]      19 of   160 ms ( 12.0%): <average non-zero>
[69.668s][info][gc,stats    ] 
[69.668s][info][gc,metaspace] Metaspace: 66553K(67328K)->66553K(67328K) NonClass: 58259K(58688K)->58259K(58688K) Class: 8294K(8640K)->8294K(8640K)
[69.669s][info][gc,ergo     ] Pacer for Idle. Initial: 41943K, Alloc Tax Rate: 1.0x
[69.683s][info][gc          ] Trigger: Learning 4 of 5. Free (1254M) is below initial threshold (1433M)
[69.683s][info][gc,ergo     ] Free: 1254M, Max: 1024K regular, 447M humongous, Frag: 64% external, 0% internal; Reserve: 103M, Max: 1024K
[69.683s][info][gc,start    ] GC(208) Concurrent reset
[69.683s][info][gc,task     ] GC(208) Using 1 of 3 workers for concurrent reset
[69.683s][info][gc,ergo     ] GC(208) Pacer for Reset. Non-Taxable: 2048M
[69.684s][info][gc          ] GC(208) Concurrent reset 1.126ms
[69.684s][info][gc,start    ] GC(208) Pause Init Mark (unload classes)
[69.684s][info][gc,task     ] GC(208) Using 3 of 3 workers for init marking
[69.684s][info][gc,ergo     ] GC(208) Pacer for Mark. Expected Live: 171M, Free: 1254M, Non-Taxable: 125M, Alloc Tax Rate: 0.2x
[69.684s][info][gc          ] GC(208) Pause Init Mark (unload classes) 0.146ms
[69.684s][info][gc,start    ] GC(208) Concurrent marking roots
[69.685s][info][gc,task     ] GC(208) Using 1 of 3 workers for concurrent marking roots
[69.692s][info][gc          ] GC(208) Concurrent marking roots 7.912ms
[69.692s][info][gc,start    ] GC(208) Concurrent marking (unload classes)
[69.692s][info][gc,task     ] GC(208) Using 1 of 3 workers for concurrent marking
[69.823s][info][gc          ] GC(208) Concurrent marking (unload classes) 131.001ms
[69.824s][info][gc,start    ] GC(208) Pause Final Mark (unload classes)
[69.824s][info][gc,task     ] GC(208) Using 3 of 3 workers for final marking
[69.824s][info][gc,ergo     ] GC(208) Collectable Garbage: 497M (96%), Immediate: 497M (96%), CSet: 0B (0%)
[69.824s][info][gc          ] GC(208) Pause Final Mark (unload classes) 0.193ms
[69.824s][info][gc,start    ] GC(208) Concurrent weak references
[69.824s][info][gc,task     ] GC(208) Using 1 of 3 workers for concurrent weak references
[69.824s][info][gc,ref      ] GC(208) Encountered references: Soft: 2909, Weak: 5888, Final: 51, Phantom: 579
[69.824s][info][gc,ref      ] GC(208) Discovered  references: Soft: 0, Weak: 672, Final: 0, Phantom: 337
[69.824s][info][gc,ref      ] GC(208) Enqueued    references: Soft: 0, Weak: 0, Final: 0, Phantom: 0
[69.824s][info][gc          ] GC(208) Concurrent weak references 0.131ms
[69.824s][info][gc,start    ] GC(208) Concurrent weak roots
[69.824s][info][gc,task     ] GC(208) Using 1 of 3 workers for concurrent weak root
[69.827s][info][gc          ] GC(208) Concurrent weak roots 3.102ms
[69.827s][info][gc,start    ] GC(208) Concurrent cleanup
[69.827s][info][gc          ] GC(208) Concurrent cleanup 1087M->589M(2048M) 0.046ms
[69.827s][info][gc,ergo     ] GC(208) Free: 1350M, Max: 1024K regular, 426M humongous, Frag: 68% external, 0% internal; Reserve: 103M, Max: 1024K
[69.827s][info][gc,start    ] GC(208) Concurrent class unloading
[69.827s][info][gc,task     ] GC(208) Using 1 of 3 workers for concurrent class unloading
[69.840s][info][gc          ] GC(208) Concurrent class unloading 12.969ms
[69.840s][info][gc,start    ] GC(208) Pause Final Roots
[69.840s][info][gc          ] GC(208) Pause Final Roots 0.042ms
[69.840s][info][gc,ergo     ] Free: 1343M, Max: 1024K regular, 426M humongous, Frag: 68% external, 0% internal; Reserve: 103M, Max: 1024K
[69.840s][info][gc,stats    ] 
[69.840s][info][gc,stats    ] All times are wall-clock times, except per-root-class counters, that are sum over
[69.840s][info][gc,stats    ] all workers. Dividing the <total> over the root stage time estimates parallelism.
[69.840s][info][gc,stats    ] 
[69.840s][info][gc,stats    ] Concurrent Reset                   1168 us
[69.840s][info][gc,stats    ] Pause Init Mark (G)                 243 us
[69.840s][info][gc,stats    ] Pause Init Mark (N)                 162 us
[69.840s][info][gc,stats    ]   Update Region States               59 us
[69.840s][info][gc,stats    ] Concurrent Mark Roots              7955 us, parallelism: 0.97x
[69.840s][info][gc,stats    ]   CMR: <total>                     7729 us
[69.840s][info][gc,stats    ]   CMR: Thread Roots                7621 us, workers (us): 7621, ---, ---, 
[69.840s][info][gc,stats    ]   CMR: VM Strong Roots               17 us, workers (us):  17, ---, ---, 
[69.840s][info][gc,stats    ]   CMR: CLDG Roots                    91 us, workers (us):  91, ---, ---, 
[69.840s][info][gc,stats    ] Concurrent Marking               131052 us
[69.840s][info][gc,stats    ] Pause Final Mark (G)                264 us
[69.840s][info][gc,stats    ] Pause Final Mark (N)                202 us
[69.840s][info][gc,stats    ]   Finish Mark                        58 us
[69.840s][info][gc,stats    ]   Update Region States               37 us
[69.841s][info][gc,stats    ]   Choose Collection Set              34 us
[69.841s][info][gc,stats    ]   Rebuild Free Set                    8 us
[69.841s][info][gc,stats    ] Concurrent Weak References          138 us, parallelism: 0.50x
[69.841s][info][gc,stats    ]   CWRF: <total>                      70 us
[69.841s][info][gc,stats    ]   CWRF: Weak References              70 us, workers (us):  70, ---, ---, 
[69.841s][info][gc,stats    ] Concurrent Weak Roots              3136 us
[69.841s][info][gc,stats    ]   Roots                            2919 us, parallelism: 0.99x
[69.841s][info][gc,stats    ]     CWR: <total>                   2881 us
[69.841s][info][gc,stats    ]     CWR: Code Cache Roots          2493 us, workers (us): 2493, ---, ---, 
[69.841s][info][gc,stats    ]     CWR: VM Weak Roots              339 us, workers (us): 339, ---, ---, 
[69.841s][info][gc,stats    ]     CWR: CLDG Roots                  48 us, workers (us):  48, ---, ---, 
[69.841s][info][gc,stats    ]   Rendezvous                        164 us
[69.841s][info][gc,stats    ] Concurrent Cleanup                   55 us
[69.841s][info][gc,stats    ] Concurrent Class Unloading        13023 us
[69.841s][info][gc,stats    ]   Unlink Stale                    12113 us
[69.841s][info][gc,stats    ]     System Dictionary                46 us
[69.841s][info][gc,stats    ]     Weak Class Links                  0 us
[69.841s][info][gc,stats    ]     Code Roots                    12064 us
[69.841s][info][gc,stats    ]   Rendezvous                        182 us
[69.841s][info][gc,stats    ]   Purge Unlinked                    654 us
[69.841s][info][gc,stats    ]     Code Roots                      650 us
[69.841s][info][gc,stats    ]     CLDG                              4 us
[69.841s][info][gc,stats    ]     Exception Caches                  0 us
[69.841s][info][gc,stats    ] Pause Final Roots (G)               148 us
[69.841s][info][gc,stats    ] Pause Final Roots (N)                51 us
[69.841s][info][gc,stats    ] Pacing                            37981 us
[69.841s][info][gc,stats    ] 
[69.841s][info][gc,stats    ] Allocation pacing accrued:
[69.841s][info][gc,stats    ]      19 of   172 ms ( 11.0%): Executor task launch worker for task 0.0 in stage 131.0 (TID 218)
[69.841s][info][gc,stats    ]      19 of   172 ms ( 11.0%): Executor task launch worker for task 1.0 in stage 131.0 (TID 219)
[69.841s][info][gc,stats    ]      38 of   172 ms ( 22.0%): <total>
[69.841s][info][gc,stats    ]       0 of   172 ms (  0.1%): <average total>
[69.841s][info][gc,stats    ]      19 of   172 ms ( 11.0%): <average non-zero>
[69.841s][info][gc,stats    ] 
[69.841s][info][gc,metaspace] Metaspace: 66553K(67328K)->66569K(67328K) NonClass: 58259K(58688K)->58272K(58688K) Class: 8294K(8640K)->8296K(8640K)
[69.841s][info][gc,ergo     ] Pacer for Idle. Initial: 41943K, Alloc Tax Rate: 1.0x
[69.846s][info][gc          ] Trigger: Explicit GC request (System.gc())
[69.846s][info][gc,ergo     ] Free: 1343M, Max: 1024K regular, 426M humongous, Frag: 68% external, 0% internal; Reserve: 103M, Max: 1024K
[69.846s][info][gc,start    ] GC(209) Concurrent reset
[69.846s][info][gc,task     ] GC(209) Using 1 of 3 workers for concurrent reset
[69.846s][info][gc,ergo     ] GC(209) Pacer for Reset. Non-Taxable: 2048M
[69.847s][info][gc          ] GC(209) Concurrent reset 1.041ms
[69.847s][info][gc,start    ] GC(209) Pause Init Mark (unload classes)
[69.847s][info][gc,task     ] GC(209) Using 3 of 3 workers for init marking
[69.847s][info][gc,ref      ] GC(209) Clearing All SoftReferences
[69.847s][info][gc,ergo     ] GC(209) Pacer for Mark. Expected Live: 171M, Free: 1343M, Non-Taxable: 134M, Alloc Tax Rate: 0.2x
[69.847s][info][gc          ] GC(209) Pause Init Mark (unload classes) 0.152ms
[69.847s][info][gc,start    ] GC(209) Concurrent marking roots
[69.847s][info][gc,task     ] GC(209) Using 1 of 3 workers for concurrent marking roots
[69.855s][info][gc          ] GC(209) Concurrent marking roots 7.934ms
[69.855s][info][gc,start    ] GC(209) Concurrent marking (unload classes)
[69.855s][info][gc,task     ] GC(209) Using 1 of 3 workers for concurrent marking
[69.983s][info][gc          ] GC(209) Concurrent marking (unload classes) 127.614ms
[69.983s][info][gc,start    ] GC(209) Pause Final Mark (unload classes)
[69.983s][info][gc,task     ] GC(209) Using 3 of 3 workers for final marking
[69.984s][info][gc,ergo     ] GC(209) Collectable Garbage: 397M (93%), Immediate: 397M (93%), CSet: 0B (0%)
[69.984s][info][gc          ] GC(209) Pause Final Mark (unload classes) 0.500ms
[69.984s][info][gc,start    ] GC(209) Concurrent weak references
[69.984s][info][gc,task     ] GC(209) Using 1 of 3 workers for concurrent weak references
[69.984s][info][gc,ref      ] GC(209) Encountered references: Soft: 2824, Weak: 5887, Final: 51, Phantom: 579
[69.984s][info][gc,ref      ] GC(209) Discovered  references: Soft: 658, Weak: 961, Final: 0, Phantom: 260
[69.984s][info][gc,ref      ] GC(209) Enqueued    references: Soft: 296, Weak: 169, Final: 0, Phantom: 0
[69.984s][info][gc          ] GC(209) Concurrent weak references 0.309ms
[69.984s][info][gc,start    ] GC(209) Concurrent weak roots
[69.984s][info][gc,task     ] GC(209) Using 1 of 3 workers for concurrent weak root
[69.987s][info][gc          ] GC(209) Concurrent weak roots 3.132ms
[69.987s][info][gc,start    ] GC(209) Concurrent cleanup
[69.987s][info][gc          ] GC(209) Concurrent cleanup 604M->207M(2048M) 0.049ms
[69.987s][info][gc,ergo     ] GC(209) Free: 1735M, Max: 1024K regular, 914M humongous, Frag: 47% external, 0% internal; Reserve: 103M, Max: 1024K
[69.987s][info][gc,start    ] GC(209) Concurrent class unloading
[69.987s][info][gc,task     ] GC(209) Using 1 of 3 workers for concurrent class unloading
[70.008s][info][gc          ] GC(209) Concurrent class unloading 20.749ms
[70.008s][info][gc,start    ] GC(209) Pause Final Roots
[70.008s][info][gc          ] GC(209) Pause Final Roots 0.036ms
[70.008s][info][gc,ergo     ] Free: 1733M, Max: 1024K regular, 914M humongous, Frag: 47% external, 0% internal; Reserve: 103M, Max: 1024K
[70.008s][info][gc,stats    ] 
[70.008s][info][gc,stats    ] All times are wall-clock times, except per-root-class counters, that are sum over
[70.008s][info][gc,stats    ] all workers. Dividing the <total> over the root stage time estimates parallelism.
[70.008s][info][gc,stats    ] 
[70.008s][info][gc,stats    ] Concurrent Reset                   1118 us
[70.008s][info][gc,stats    ] Pause Init Mark (G)                 243 us
[70.008s][info][gc,stats    ] Pause Init Mark (N)                 160 us
[70.008s][info][gc,stats    ]   Update Region States               51 us
[70.008s][info][gc,stats    ] Concurrent Mark Roots              7988 us, parallelism: 0.97x
[70.008s][info][gc,stats    ]   CMR: <total>                     7772 us
[70.008s][info][gc,stats    ]   CMR: Thread Roots                7625 us, workers (us): 7625, ---, ---, 
[70.008s][info][gc,stats    ]   CMR: VM Strong Roots               19 us, workers (us):  19, ---, ---, 
[70.008s][info][gc,stats    ]   CMR: CLDG Roots                   128 us, workers (us): 128, ---, ---, 
[70.008s][info][gc,stats    ] Concurrent Marking               127690 us
[70.008s][info][gc,stats    ] Pause Final Mark (G)                568 us
[70.008s][info][gc,stats    ] Pause Final Mark (N)                509 us
[70.008s][info][gc,stats    ]   Finish Mark                       334 us
[70.008s][info][gc,stats    ]   Update Region States               53 us
[70.008s][info][gc,stats    ]   Choose Collection Set              37 us
[70.008s][info][gc,stats    ]   Rebuild Free Set                    8 us
[70.008s][info][gc,stats    ] Concurrent Weak References          316 us, parallelism: 0.55x
[70.008s][info][gc,stats    ]   CWRF: <total>                     173 us
[70.008s][info][gc,stats    ]   CWRF: Weak References             173 us, workers (us): 173, ---, ---, 
[70.008s][info][gc,stats    ] Concurrent Weak Roots              3186 us
[70.008s][info][gc,stats    ]   Roots                            2917 us, parallelism: 0.98x
[70.008s][info][gc,stats    ]     CWR: <total>                   2871 us
[70.008s][info][gc,stats    ]     CWR: Code Cache Roots          2498 us, workers (us): 2498, ---, ---, 
[70.008s][info][gc,stats    ]     CWR: VM Weak Roots              329 us, workers (us): 329, ---, ---, 
[70.008s][info][gc,stats    ]     CWR: CLDG Roots                  44 us, workers (us):  44, ---, ---, 
[70.008s][info][gc,stats    ]   Rendezvous                        197 us
[70.008s][info][gc,stats    ] Concurrent Cleanup                   58 us
[70.008s][info][gc,stats    ] Concurrent Class Unloading        20798 us
[70.008s][info][gc,stats    ]   Unlink Stale                    19702 us
[70.008s][info][gc,stats    ]     System Dictionary               665 us
[70.008s][info][gc,stats    ]     Weak Class Links               6935 us
[70.008s][info][gc,stats    ]     Code Roots                    12100 us
[70.008s][info][gc,stats    ]   Rendezvous                        164 us
[70.008s][info][gc,stats    ]   Purge Unlinked                    828 us
[70.008s][info][gc,stats    ]     Code Roots                      544 us
[70.008s][info][gc,stats    ]     CLDG                            284 us
[70.008s][info][gc,stats    ]     Exception Caches                  0 us
[70.008s][info][gc,stats    ] Pause Final Roots (G)                97 us
[70.008s][info][gc,stats    ] Pause Final Roots (N)                45 us
[70.008s][info][gc,stats    ] 
[70.008s][info][gc,stats    ] Allocation pacing accrued:
[70.008s][info][gc,stats    ]       0 of   168 ms (  0.0%): <total>
[70.008s][info][gc,stats    ]       0 of   168 ms (  0.0%): <average total>
[70.008s][info][gc,stats    ] 
[70.008s][info][gc,metaspace] Metaspace: 66569K(67328K)->66249K(67328K) NonClass: 58272K(58688K)->58006K(58688K) Class: 8296K(8640K)->8242K(8640K)
[70.008s][info][gc,ergo     ] Pacer for Idle. Initial: 41943K, Alloc Tax Rate: 1.0x
[70.167s][info][gc          ] Trigger: Learning 2 of 5. Free (1433M) is below initial threshold (1433M)
[70.167s][info][gc,ergo     ] Free: 1433M, Max: 1024K regular, 914M humongous, Frag: 36% external, 0% internal; Reserve: 103M, Max: 1024K
[70.167s][info][gc,start    ] GC(210) Concurrent reset
[70.167s][info][gc,task     ] GC(210) Using 1 of 3 workers for concurrent reset
[70.167s][info][gc,ergo     ] GC(210) Pacer for Reset. Non-Taxable: 2048M
[70.168s][info][gc          ] GC(210) Concurrent reset 0.919ms
[70.168s][info][gc,start    ] GC(210) Pause Init Mark (unload classes)
[70.168s][info][gc,task     ] GC(210) Using 3 of 3 workers for init marking
[70.168s][info][gc,ergo     ] GC(210) Pacer for Mark. Expected Live: 171M, Free: 1433M, Non-Taxable: 143M, Alloc Tax Rate: 0.1x
[70.168s][info][gc          ] GC(210) Pause Init Mark (unload classes) 0.178ms
[70.168s][info][gc,start    ] GC(210) Concurrent marking roots
[70.168s][info][gc,task     ] GC(210) Using 1 of 3 workers for concurrent marking roots
[70.177s][info][gc          ] GC(210) Concurrent marking roots 8.426ms
[70.177s][info][gc,start    ] GC(210) Concurrent marking (unload classes)
[70.177s][info][gc,task     ] GC(210) Using 1 of 3 workers for concurrent marking
[70.306s][info][gc          ] GC(210) Concurrent marking (unload classes) 129.295ms
[70.306s][info][gc,start    ] GC(210) Pause Final Mark (unload classes)
[70.306s][info][gc,task     ] GC(210) Using 3 of 3 workers for final marking
[70.307s][info][gc,ergo     ] GC(210) Adaptive CSet Selection. Target Free: 290M, Actual Free: 1379M, Max CSet: 87381K, Min Garbage: 0B
[70.307s][info][gc,ergo     ] GC(210) Collectable Garbage: 329M (98%), Immediate: 277M (82%), CSet: 53794K (15%)
[70.307s][info][gc,ergo     ] GC(210) Pacer for Evacuation. Used CSet: 56122K, Free: 1301M, Non-Taxable: 130M, Alloc Tax Rate: 1.1x
[70.307s][info][gc          ] GC(210) Pause Final Mark (unload classes) 0.463ms
[70.307s][info][gc,start    ] GC(210) Concurrent thread roots
[70.307s][info][gc,task     ] GC(210) Using 1 of 3 workers for Concurrent thread roots
[70.315s][info][gc          ] GC(210) Concurrent thread roots 8.277ms
[70.315s][info][gc,start    ] GC(210) Concurrent weak references
[70.315s][info][gc,task     ] GC(210) Using 1 of 3 workers for concurrent weak references
[70.316s][info][gc,ref      ] GC(210) Encountered references: Soft: 2909, Weak: 6001, Final: 51, Phantom: 579
[70.316s][info][gc,ref      ] GC(210) Discovered  references: Soft: 0, Weak: 881, Final: 0, Phantom: 260
[70.316s][info][gc,ref      ] GC(210) Enqueued    references: Soft: 0, Weak: 95, Final: 0, Phantom: 0
[70.316s][info][gc          ] GC(210) Concurrent weak references 0.360ms
[70.316s][info][gc,start    ] GC(210) Concurrent weak roots
[70.316s][info][gc,task     ] GC(210) Using 1 of 3 workers for concurrent weak root
[70.320s][info][gc          ] GC(210) Concurrent weak roots 4.249ms
[70.320s][info][gc,start    ] GC(210) Concurrent cleanup
[70.320s][info][gc          ] GC(210) Concurrent cleanup 960M->683M(2048M) 0.052ms
[70.320s][info][gc,ergo     ] GC(210) Free: 1260M, Max: 1024K regular, 914M humongous, Frag: 27% external, 0% internal; Reserve: 102M, Max: 1024K
[70.320s][info][gc,start    ] GC(210) Concurrent class unloading
[70.320s][info][gc,task     ] GC(210) Using 1 of 3 workers for concurrent class unloading
[70.341s][info][gc          ] GC(210) Concurrent class unloading 21.419ms
[70.342s][info][gc,start    ] GC(210) Concurrent strong roots
[70.342s][info][gc,task     ] GC(210) Using 1 of 3 workers for concurrent strong root
[70.342s][info][gc          ] GC(210) Concurrent strong roots 0.479ms
[70.342s][info][gc,start    ] GC(210) Concurrent evacuation
[70.342s][info][gc,task     ] GC(210) Using 1 of 3 workers for concurrent evacuation
[70.344s][info][gc          ] GC(210) Concurrent evacuation 1.724ms
[70.344s][info][gc,start    ] GC(210) Pause Init Update Refs
[70.344s][info][gc,ergo     ] GC(210) Pacer for Update Refs. Used: 750M, Free: 1195M, Non-Taxable: 119M, Alloc Tax Rate: 1.1x
[70.344s][info][gc          ] GC(210) Pause Init Update Refs 0.076ms
[70.344s][info][gc,start    ] GC(210) Concurrent update references
[70.344s][info][gc,task     ] GC(210) Using 1 of 3 workers for concurrent reference update
[70.516s][info][gc          ] GC(210) Concurrent update references 171.762ms
[70.516s][info][gc,start    ] GC(210) Concurrent update thread roots
[70.523s][info][gc          ] GC(210) Concurrent update thread roots 6.843ms
[70.523s][info][gc,start    ] GC(210) Pause Final Update Refs
[70.523s][info][gc,task     ] GC(210) Using 3 of 3 workers for final reference update
[70.523s][info][gc          ] GC(210) Pause Final Update Refs 0.149ms
[70.523s][info][gc,start    ] GC(210) Concurrent cleanup
[70.523s][info][gc          ] GC(210) Concurrent cleanup 1247M->1192M(2048M) 0.058ms
[70.523s][info][gc,ergo     ] Free: 750M, Max: 1024K regular, 676M humongous, Frag: 8% external, 0% internal; Reserve: 103M, Max: 1024K
[70.523s][info][gc,stats    ] 
[70.523s][info][gc,stats    ] All times are wall-clock times, except per-root-class counters, that are sum over
[70.523s][info][gc,stats    ] all workers. Dividing the <total> over the root stage time estimates parallelism.
[70.523s][info][gc,stats    ] 
[70.523s][info][gc,stats    ] Concurrent Reset                    965 us
[70.523s][info][gc,stats    ] Pause Init Mark (G)                 326 us
[70.523s][info][gc,stats    ] Pause Init Mark (N)                 195 us
[70.523s][info][gc,stats    ]   Update Region States               58 us
[70.523s][info][gc,stats    ] Concurrent Mark Roots              8477 us, parallelism: 0.97x
[70.523s][info][gc,stats    ]   CMR: <total>                     8225 us
[70.523s][info][gc,stats    ]   CMR: Thread Roots                8145 us, workers (us): 8145, ---, ---, 
[70.523s][info][gc,stats    ]   CMR: VM Strong Roots               13 us, workers (us):  13, ---, ---, 
[70.523s][info][gc,stats    ]   CMR: CLDG Roots                    67 us, workers (us):  67, ---, ---, 
[70.523s][info][gc,stats    ] Concurrent Marking               129370 us
[70.523s][info][gc,stats    ] Pause Final Mark (G)                641 us
[70.523s][info][gc,stats    ] Pause Final Mark (N)                481 us
[70.523s][info][gc,stats    ]   Finish Mark                       114 us
[70.523s][info][gc,stats    ]   Update Region States               88 us
[70.523s][info][gc,stats    ]   Choose Collection Set             136 us
[70.523s][info][gc,stats    ]   Rebuild Free Set                   17 us
[70.523s][info][gc,stats    ] Concurrent Thread Roots            8320 us, parallelism: 0.98x
[70.523s][info][gc,stats    ]   CTR: <total>                     8163 us
[70.523s][info][gc,stats    ]   CTR: Thread Roots                8163 us, workers (us): 8163, ---, ---, 
[70.523s][info][gc,stats    ] Concurrent Weak References          377 us, parallelism: 0.47x
[70.523s][info][gc,stats    ]   CWRF: <total>                     177 us
[70.523s][info][gc,stats    ]   CWRF: Weak References             177 us, workers (us): 177, ---, ---, 
[70.523s][info][gc,stats    ] Concurrent Weak Roots              4306 us
[70.523s][info][gc,stats    ]   Roots                            4013 us, parallelism: 0.98x
[70.523s][info][gc,stats    ]     CWR: <total>                   3920 us
[70.523s][info][gc,stats    ]     CWR: Code Cache Roots          2719 us, workers (us): 2719, ---, ---, 
[70.523s][info][gc,stats    ]     CWR: VM Weak Roots             1130 us, workers (us): 1130, ---, ---, 
[70.523s][info][gc,stats    ]     CWR: CLDG Roots                  72 us, workers (us):  72, ---, ---, 
[70.523s][info][gc,stats    ]   Rendezvous                        200 us
[70.523s][info][gc,stats    ] Concurrent Cleanup                   61 us
[70.523s][info][gc,stats    ] Concurrent Class Unloading        21477 us
[70.523s][info][gc,stats    ]   Unlink Stale                    20498 us
[70.523s][info][gc,stats    ]     System Dictionary               206 us
[70.524s][info][gc,stats    ]     Weak Class Links               8043 us
[70.524s][info][gc,stats    ]     Code Roots                    12247 us
[70.524s][info][gc,stats    ]   Rendezvous                        193 us
[70.524s][info][gc,stats    ]   Purge Unlinked                    708 us
[70.524s][info][gc,stats    ]     Code Roots                      686 us
[70.524s][info][gc,stats    ]     CLDG                             21 us
[70.524s][info][gc,stats    ]     Exception Caches                  0 us
[70.524s][info][gc,stats    ] Concurrent Strong Roots             500 us, parallelism: 0.70x
[70.524s][info][gc,stats    ]   CSR: <total>                      350 us
[70.524s][info][gc,stats    ]   CSR: VM Strong Roots               18 us, workers (us):  18, ---, ---, 
[70.524s][info][gc,stats    ]   CSR: CLDG Roots                   332 us, workers (us): 332, ---, ---, 
[70.524s][info][gc,stats    ] Concurrent Evacuation              1761 us
[70.524s][info][gc,stats    ] Pause Init Update Refs (G)          321 us
[70.524s][info][gc,stats    ] Pause Init Update Refs (N)           84 us
[70.524s][info][gc,stats    ]   Manage GCLABs                      13 us
[70.524s][info][gc,stats    ] Concurrent Update Refs           171832 us
[70.524s][info][gc,stats    ] Concurrent Update Thread Roots     6887 us
[70.524s][info][gc,stats    ] Pause Final Update Refs (G)         269 us
[70.524s][info][gc,stats    ] Pause Final Update Refs (N)         166 us
[70.524s][info][gc,stats    ]   Update Region States               66 us
[70.524s][info][gc,stats    ]   Trash Collection Set                4 us
[70.524s][info][gc,stats    ]   Rebuild Free Set                   18 us
[70.524s][info][gc,stats    ] Concurrent Cleanup                   79 us
[70.524s][info][gc,stats    ] Pacing                            76433 us
[70.524s][info][gc,stats    ] 
[70.524s][info][gc,stats    ] Allocation pacing accrued:
[70.524s][info][gc,stats    ]      38 of   515 ms (  7.3%): Executor task launch worker for task 0.0 in stage 133.0 (TID 221)
[70.524s][info][gc,stats    ]      39 of   515 ms (  7.5%): Executor task launch worker for task 1.0 in stage 133.0 (TID 222)
[70.524s][info][gc,stats    ]      76 of   515 ms ( 14.8%): <total>
[70.524s][info][gc,stats    ]       0 of   515 ms (  0.1%): <average total>
[70.524s][info][gc,stats    ]      38 of   515 ms (  7.4%): <average non-zero>
[70.524s][info][gc,stats    ] 
[70.524s][info][gc,metaspace] Metaspace: 66559K(67328K)->66557K(67328K) NonClass: 58264K(58688K)->58263K(58688K) Class: 8294K(8640K)->8294K(8640K)
[70.524s][info][gc,ergo     ] Pacer for Idle. Initial: 41943K, Alloc Tax Rate: 1.0x
[70.528s][info][gc          ] Trigger: Learning 3 of 5. Free (733M) is below initial threshold (1433M)
[70.528s][info][gc,ergo     ] Free: 732M, Max: 1024K regular, 676M humongous, Frag: 5% external, 0% internal; Reserve: 103M, Max: 1024K
[70.528s][info][gc,start    ] GC(211) Concurrent reset
[70.528s][info][gc,task     ] GC(211) Using 1 of 3 workers for concurrent reset
[70.528s][info][gc,ergo     ] GC(211) Pacer for Reset. Non-Taxable: 2048M
[70.529s][info][gc          ] GC(211) Concurrent reset 1.031ms
[70.529s][info][gc,start    ] GC(211) Pause Init Mark (unload classes)
[70.529s][info][gc,task     ] GC(211) Using 3 of 3 workers for init marking
[70.529s][info][gc,ergo     ] GC(211) Pacer for Mark. Expected Live: 171M, Free: 729M, Non-Taxable: 74720K, Alloc Tax Rate: 0.3x
[70.529s][info][gc          ] GC(211) Pause Init Mark (unload classes) 0.114ms
[70.529s][info][gc,start    ] GC(211) Concurrent marking roots
[70.529s][info][gc,task     ] GC(211) Using 1 of 3 workers for concurrent marking roots
[70.537s][info][gc          ] GC(211) Concurrent marking roots 7.892ms
[70.537s][info][gc,start    ] GC(211) Concurrent marking (unload classes)
[70.537s][info][gc,task     ] GC(211) Using 1 of 3 workers for concurrent marking
[70.667s][info][gc          ] GC(211) Concurrent marking (unload classes) 129.409ms
[70.667s][info][gc,start    ] GC(211) Pause Final Mark (unload classes)
[70.667s][info][gc,task     ] GC(211) Using 3 of 3 workers for final marking
[70.667s][info][gc,ergo     ] GC(211) Collectable Garbage: 1020M (97%), Immediate: 1020M (97%), CSet: 0B (0%)
[70.667s][info][gc          ] GC(211) Pause Final Mark (unload classes) 0.331ms
[70.667s][info][gc,start    ] GC(211) Concurrent weak references
[70.667s][info][gc,task     ] GC(211) Using 1 of 3 workers for concurrent weak references
[70.667s][info][gc,ref      ] GC(211) Encountered references: Soft: 2909, Weak: 5906, Final: 51, Phantom: 579
[70.667s][info][gc,ref      ] GC(211) Discovered  references: Soft: 0, Weak: 792, Final: 0, Phantom: 260
[70.667s][info][gc,ref      ] GC(211) Enqueued    references: Soft: 0, Weak: 21, Final: 0, Phantom: 0
[70.667s][info][gc          ] GC(211) Concurrent weak references 0.405ms
[70.668s][info][gc,start    ] GC(211) Concurrent weak roots
[70.668s][info][gc,task     ] GC(211) Using 1 of 3 workers for concurrent weak root
[70.672s][info][gc          ] GC(211) Concurrent weak roots 3.999ms
[70.672s][info][gc,start    ] GC(211) Concurrent cleanup
[70.672s][info][gc          ] GC(211) Concurrent cleanup 1611M->592M(2048M) 0.099ms
[70.672s][info][gc,ergo     ] GC(211) Free: 1350M, Max: 1024K regular, 309M humongous, Frag: 77% external, 0% internal; Reserve: 103M, Max: 1024K
[70.672s][info][gc,start    ] GC(211) Concurrent class unloading
[70.672s][info][gc,task     ] GC(211) Using 1 of 3 workers for concurrent class unloading
[70.685s][info][gc          ] GC(211) Concurrent class unloading 12.921ms
[70.685s][info][gc,start    ] GC(211) Pause Final Roots
[70.685s][info][gc          ] GC(211) Pause Final Roots 0.056ms
[70.685s][info][gc,ergo     ] Free: 1303M, Max: 1024K regular, 309M humongous, Frag: 76% external, 0% internal; Reserve: 103M, Max: 1024K
[70.685s][info][gc,stats    ] 
[70.685s][info][gc,stats    ] All times are wall-clock times, except per-root-class counters, that are sum over
[70.685s][info][gc,stats    ] all workers. Dividing the <total> over the root stage time estimates parallelism.
[70.685s][info][gc,stats    ] 
[70.685s][info][gc,stats    ] Concurrent Reset                   1077 us
[70.685s][info][gc,stats    ] Pause Init Mark (G)                 248 us
[70.685s][info][gc,stats    ] Pause Init Mark (N)                 130 us
[70.685s][info][gc,stats    ]   Update Region States               36 us
[70.685s][info][gc,stats    ] Concurrent Mark Roots              7946 us, parallelism: 0.97x
[70.685s][info][gc,stats    ]   CMR: <total>                     7709 us
[70.685s][info][gc,stats    ]   CMR: Thread Roots                7588 us, workers (us): 7588, ---, ---, 
[70.685s][info][gc,stats    ]   CMR: VM Strong Roots               17 us, workers (us):  17, ---, ---, 
[70.685s][info][gc,stats    ]   CMR: CLDG Roots                   105 us, workers (us): 105, ---, ---, 
[70.685s][info][gc,stats    ] Concurrent Marking               129489 us
[70.685s][info][gc,stats    ] Pause Final Mark (G)                432 us
[70.685s][info][gc,stats    ] Pause Final Mark (N)                350 us
[70.685s][info][gc,stats    ]   Finish Mark                        80 us
[70.685s][info][gc,stats    ]   Update Region States               74 us
[70.685s][info][gc,stats    ]   Choose Collection Set              65 us
[70.685s][info][gc,stats    ]   Rebuild Free Set                   17 us
[70.685s][info][gc,stats    ] Concurrent Weak References          427 us, parallelism: 0.23x
[70.685s][info][gc,stats    ]   CWRF: <total>                      98 us
[70.685s][info][gc,stats    ]   CWRF: Weak References              98 us, workers (us):  98, ---, ---, 
[70.685s][info][gc,stats    ] Concurrent Weak Roots              4087 us
[70.685s][info][gc,stats    ]   Roots                            3615 us, parallelism: 0.97x
[70.685s][info][gc,stats    ]     CWR: <total>                   3521 us
[70.685s][info][gc,stats    ]     CWR: Code Cache Roots          2861 us, workers (us): 2861, ---, ---, 
[70.685s][info][gc,stats    ]     CWR: VM Weak Roots              612 us, workers (us): 612, ---, ---, 
[70.685s][info][gc,stats    ]     CWR: CLDG Roots                  48 us, workers (us):  48, ---, ---, 
[70.685s][info][gc,stats    ]   Rendezvous                        337 us
[70.685s][info][gc,stats    ] Concurrent Cleanup                  108 us
[70.685s][info][gc,stats    ] Concurrent Class Unloading        12982 us
[70.685s][info][gc,stats    ]   Unlink Stale                    11948 us
[70.685s][info][gc,stats    ]     System Dictionary                74 us
[70.685s][info][gc,stats    ]     Weak Class Links                  0 us
[70.685s][info][gc,stats    ]     Code Roots                    11869 us
[70.685s][info][gc,stats    ]   Rendezvous                        236 us
[70.685s][info][gc,stats    ]   Purge Unlinked                    708 us
[70.685s][info][gc,stats    ]     Code Roots                      701 us
[70.685s][info][gc,stats    ]     CLDG                              6 us
[70.685s][info][gc,stats    ]     Exception Caches                  0 us
[70.685s][info][gc,stats    ] Pause Final Roots (G)               265 us
[70.685s][info][gc,stats    ] Pause Final Roots (N)                74 us
[70.685s][info][gc,stats    ] Pacing                            47739 us
[70.685s][info][gc,stats    ] 
[70.685s][info][gc,stats    ] Allocation pacing accrued:
[70.685s][info][gc,stats    ]      15 of   162 ms (  9.5%): Executor task launch worker for task 0.0 in stage 133.0 (TID 221)
[70.685s][info][gc,stats    ]      32 of   162 ms ( 20.0%): Executor task launch worker for task 1.0 in stage 133.0 (TID 222)
[70.685s][info][gc,stats    ]      48 of   162 ms ( 29.5%): <total>
[70.685s][info][gc,stats    ]       0 of   162 ms (  0.1%): <average total>
[70.685s][info][gc,stats    ]      24 of   162 ms ( 14.8%): <average non-zero>
[70.685s][info][gc,stats    ] 
[70.685s][info][gc,metaspace] Metaspace: 66557K(67328K)->66557K(67328K) NonClass: 58263K(58688K)->58263K(58688K) Class: 8294K(8640K)->8294K(8640K)
[70.685s][info][gc,ergo     ] Pacer for Idle. Initial: 41943K, Alloc Tax Rate: 1.0x
[70.701s][info][gc          ] Trigger: Learning 4 of 5. Free (1260M) is below initial threshold (1433M)
[70.701s][info][gc,ergo     ] Free: 1260M, Max: 1024K regular, 309M humongous, Frag: 76% external, 0% internal; Reserve: 103M, Max: 1024K
[70.701s][info][gc,start    ] GC(212) Concurrent reset
[70.701s][info][gc,task     ] GC(212) Using 1 of 3 workers for concurrent reset
[70.701s][info][gc,ergo     ] GC(212) Pacer for Reset. Non-Taxable: 2048M
[70.702s][info][gc          ] GC(212) Concurrent reset 1.193ms
[70.702s][info][gc,start    ] GC(212) Pause Init Mark (unload classes)
[70.702s][info][gc,task     ] GC(212) Using 3 of 3 workers for init marking
[70.702s][info][gc,ergo     ] GC(212) Pacer for Mark. Expected Live: 171M, Free: 1260M, Non-Taxable: 126M, Alloc Tax Rate: 0.2x
[70.702s][info][gc          ] GC(212) Pause Init Mark (unload classes) 0.173ms
[70.702s][info][gc,start    ] GC(212) Concurrent marking roots
[70.702s][info][gc,task     ] GC(212) Using 1 of 3 workers for concurrent marking roots
[70.710s][info][gc          ] GC(212) Concurrent marking roots 7.887ms
[70.710s][info][gc,start    ] GC(212) Concurrent marking (unload classes)
[70.710s][info][gc,task     ] GC(212) Using 1 of 3 workers for concurrent marking
[70.842s][info][gc          ] GC(212) Concurrent marking (unload classes) 131.627ms
[70.842s][info][gc,start    ] GC(212) Pause Final Mark (unload classes)
[70.842s][info][gc,task     ] GC(212) Using 3 of 3 workers for final marking
[70.842s][info][gc,ergo     ] GC(212) Collectable Garbage: 490M (96%), Immediate: 490M (96%), CSet: 0B (0%)
[70.842s][info][gc          ] GC(212) Pause Final Mark (unload classes) 0.208ms
[70.842s][info][gc,start    ] GC(212) Concurrent weak references
[70.842s][info][gc,task     ] GC(212) Using 1 of 3 workers for concurrent weak references
[70.842s][info][gc,ref      ] GC(212) Encountered references: Soft: 2909, Weak: 5885, Final: 51, Phantom: 579
[70.842s][info][gc,ref      ] GC(212) Discovered  references: Soft: 0, Weak: 781, Final: 0, Phantom: 260
[70.842s][info][gc,ref      ] GC(212) Enqueued    references: Soft: 0, Weak: 0, Final: 0, Phantom: 0
[70.842s][info][gc          ] GC(212) Concurrent weak references 0.130ms
[70.842s][info][gc,start    ] GC(212) Concurrent weak roots
[70.842s][info][gc,task     ] GC(212) Using 1 of 3 workers for concurrent weak root
[70.846s][info][gc          ] GC(212) Concurrent weak roots 4.115ms
[70.847s][info][gc,start    ] GC(212) Concurrent cleanup
[70.847s][info][gc          ] GC(212) Concurrent cleanup 1125M->636M(2048M) 0.095ms
[70.847s][info][gc,ergo     ] GC(212) Free: 1306M, Max: 1024K regular, 557M humongous, Frag: 57% external, 0% internal; Reserve: 103M, Max: 1024K
[70.847s][info][gc,start    ] GC(212) Concurrent class unloading
[70.847s][info][gc,task     ] GC(212) Using 1 of 3 workers for concurrent class unloading
[70.859s][info][gc          ] GC(212) Concurrent class unloading 11.913ms
[70.859s][info][gc,start    ] GC(212) Pause Final Roots
[70.859s][info][gc          ] GC(212) Pause Final Roots 0.057ms
[70.859s][info][gc,ergo     ] Free: 1281M, Max: 1024K regular, 557M humongous, Frag: 56% external, 0% internal; Reserve: 103M, Max: 1024K
[70.859s][info][gc,stats    ] 
[70.859s][info][gc,stats    ] All times are wall-clock times, except per-root-class counters, that are sum over
[70.859s][info][gc,stats    ] all workers. Dividing the <total> over the root stage time estimates parallelism.
[70.859s][info][gc,stats    ] 
[70.859s][info][gc,stats    ] Concurrent Reset                   1233 us
[70.859s][info][gc,stats    ] Pause Init Mark (G)                 299 us
[70.859s][info][gc,stats    ] Pause Init Mark (N)                 190 us
[70.859s][info][gc,stats    ]   Update Region States               52 us
[70.859s][info][gc,stats    ] Concurrent Mark Roots              7934 us, parallelism: 0.98x
[70.859s][info][gc,stats    ]   CMR: <total>                     7737 us
[70.859s][info][gc,stats    ]   CMR: Thread Roots                7580 us, workers (us): 7580, ---, ---, 
[70.859s][info][gc,stats    ]   CMR: VM Strong Roots               18 us, workers (us):  18, ---, ---, 
[70.859s][info][gc,stats    ]   CMR: CLDG Roots                   139 us, workers (us): 139, ---, ---, 
[70.859s][info][gc,stats    ] Concurrent Marking               131687 us
[70.859s][info][gc,stats    ] Pause Final Mark (G)                329 us
[70.859s][info][gc,stats    ] Pause Final Mark (N)                219 us
[70.859s][info][gc,stats    ]   Finish Mark                        66 us
[70.859s][info][gc,stats    ]   Update Region States               40 us
[70.859s][info][gc,stats    ]   Choose Collection Set              55 us
[70.859s][info][gc,stats    ]   Rebuild Free Set                    8 us
[70.859s][info][gc,stats    ] Concurrent Weak References          137 us, parallelism: 0.43x
[70.859s][info][gc,stats    ]   CWRF: <total>                      59 us
[70.859s][info][gc,stats    ]   CWRF: Weak References              59 us, workers (us):  59, ---, ---, 
[70.859s][info][gc,stats    ] Concurrent Weak Roots              4171 us
[70.859s][info][gc,stats    ]   Roots                            3885 us, parallelism: 0.98x
[70.859s][info][gc,stats    ]     CWR: <total>                   3817 us
[70.859s][info][gc,stats    ]     CWR: Code Cache Roots          3379 us, workers (us): 3379, ---, ---, 
[70.859s][info][gc,stats    ]     CWR: VM Weak Roots              372 us, workers (us): 372, ---, ---, 
[70.859s][info][gc,stats    ]     CWR: CLDG Roots                  65 us, workers (us):  65, ---, ---, 
[70.859s][info][gc,stats    ]   Rendezvous                        212 us
[70.859s][info][gc,stats    ] Concurrent Cleanup                  113 us
[70.859s][info][gc,stats    ] Concurrent Class Unloading        11959 us
[70.859s][info][gc,stats    ]   Unlink Stale                    11109 us
[70.859s][info][gc,stats    ]     System Dictionary                68 us
[70.859s][info][gc,stats    ]     Weak Class Links                  0 us
[70.859s][info][gc,stats    ]     Code Roots                    11039 us
[70.859s][info][gc,stats    ]   Rendezvous                        215 us
[70.859s][info][gc,stats    ]   Purge Unlinked                    555 us
[70.859s][info][gc,stats    ]     Code Roots                      550 us
[70.859s][info][gc,stats    ]     CLDG                              5 us
[70.859s][info][gc,stats    ]     Exception Caches                  0 us
[70.859s][info][gc,stats    ] Pause Final Roots (G)               188 us
[70.859s][info][gc,stats    ] Pause Final Roots (N)                76 us
[70.859s][info][gc,stats    ] Pacing                            39553 us
[70.859s][info][gc,stats    ] 
[70.859s][info][gc,stats    ] Allocation pacing accrued:
[70.859s][info][gc,stats    ]      20 of   174 ms ( 11.3%): Executor task launch worker for task 0.0 in stage 133.0 (TID 221)
[70.859s][info][gc,stats    ]      20 of   174 ms ( 11.4%): Executor task launch worker for task 1.0 in stage 133.0 (TID 222)
[70.859s][info][gc,stats    ]      40 of   174 ms ( 22.7%): <total>
[70.859s][info][gc,stats    ]       0 of   174 ms (  0.1%): <average total>
[70.859s][info][gc,stats    ]      20 of   174 ms ( 11.4%): <average non-zero>
[70.859s][info][gc,stats    ] 
[70.859s][info][gc,metaspace] Metaspace: 66557K(67328K)->66560K(67328K) NonClass: 58263K(58688K)->58265K(58688K) Class: 8294K(8640K)->8294K(8640K)
[70.859s][info][gc,ergo     ] Pacer for Idle. Initial: 41943K, Alloc Tax Rate: 1.0x
[70.873s][info][gc          ] Trigger: Learning 5 of 5. Free (1262M) is below initial threshold (1433M)
[70.873s][info][gc,ergo     ] Free: 1261M, Max: 1024K regular, 557M humongous, Frag: 56% external, 0% internal; Reserve: 103M, Max: 1024K
[70.873s][info][gc,start    ] GC(213) Concurrent reset
[70.873s][info][gc,task     ] GC(213) Using 1 of 3 workers for concurrent reset
[70.873s][info][gc,ergo     ] GC(213) Pacer for Reset. Non-Taxable: 2048M
[70.874s][info][gc          ] GC(213) Concurrent reset 0.987ms
[70.874s][info][gc,start    ] GC(213) Pause Init Mark (unload classes)
[70.874s][info][gc,task     ] GC(213) Using 3 of 3 workers for init marking
[70.874s][info][gc,ergo     ] GC(213) Pacer for Mark. Expected Live: 171M, Free: 1260M, Non-Taxable: 126M, Alloc Tax Rate: 0.2x
[70.874s][info][gc          ] GC(213) Pause Init Mark (unload classes) 0.159ms
[70.874s][info][gc,start    ] GC(213) Concurrent marking roots
[70.874s][info][gc,task     ] GC(213) Using 1 of 3 workers for concurrent marking roots
[70.881s][info][gc          ] GC(213) Concurrent marking roots 7.106ms
[70.881s][info][gc,start    ] GC(213) Concurrent marking (unload classes)
[70.881s][info][gc,task     ] GC(213) Using 1 of 3 workers for concurrent marking
[71.011s][info][gc          ] GC(213) Concurrent marking (unload classes) 129.618ms
[71.011s][info][gc,start    ] GC(213) Pause Final Mark (unload classes)
[71.011s][info][gc,task     ] GC(213) Using 3 of 3 workers for final marking
[71.012s][info][gc,ergo     ] GC(213) Collectable Garbage: 476M (94%), Immediate: 476M (94%), CSet: 0B (0%)
[71.012s][info][gc          ] GC(213) Pause Final Mark (unload classes) 0.536ms
[71.012s][info][gc,start    ] GC(213) Concurrent weak references
[71.012s][info][gc,task     ] GC(213) Using 1 of 3 workers for concurrent weak references
[71.012s][info][gc,ref      ] GC(213) Encountered references: Soft: 2923, Weak: 5992, Final: 51, Phantom: 579
[71.012s][info][gc,ref      ] GC(213) Discovered  references: Soft: 0, Weak: 954, Final: 0, Phantom: 260
[71.012s][info][gc,ref      ] GC(213) Enqueued    references: Soft: 0, Weak: 87, Final: 0, Phantom: 0
[71.012s][info][gc          ] GC(213) Concurrent weak references 0.227ms
[71.012s][info][gc,start    ] GC(213) Concurrent weak roots
[71.012s][info][gc,task     ] GC(213) Using 1 of 3 workers for concurrent weak root
[71.015s][info][gc          ] GC(213) Concurrent weak roots 3.369ms
[71.015s][info][gc,start    ] GC(213) Concurrent cleanup
[71.015s][info][gc          ] GC(213) Concurrent cleanup 688M->211M(2048M) 0.044ms
[71.015s][info][gc,ergo     ] GC(213) Free: 1731M, Max: 1024K regular, 974M humongous, Frag: 44% external, 0% internal; Reserve: 103M, Max: 1024K
[71.015s][info][gc,start    ] GC(213) Concurrent class unloading
[71.015s][info][gc,task     ] GC(213) Using 1 of 3 workers for concurrent class unloading
[71.027s][info][gc          ] GC(213) Concurrent class unloading 11.135ms
[71.027s][info][gc,start    ] GC(213) Pause Final Roots
[71.027s][info][gc          ] GC(213) Pause Final Roots 0.042ms
[71.027s][info][gc,ergo     ] Free: 1731M, Max: 1024K regular, 974M humongous, Frag: 44% external, 0% internal; Reserve: 103M, Max: 1024K
[71.027s][info][gc,stats    ] 
[71.027s][info][gc,stats    ] All times are wall-clock times, except per-root-class counters, that are sum over
[71.027s][info][gc,stats    ] all workers. Dividing the <total> over the root stage time estimates parallelism.
[71.027s][info][gc,stats    ] 
[71.027s][info][gc,stats    ] Concurrent Reset                   1033 us
[71.027s][info][gc,stats    ] Pause Init Mark (G)                 306 us
[71.027s][info][gc,stats    ] Pause Init Mark (N)                 176 us
[71.027s][info][gc,stats    ]   Update Region States               43 us
[71.027s][info][gc,stats    ] Concurrent Mark Roots              7157 us, parallelism: 0.97x
[71.027s][info][gc,stats    ]   CMR: <total>                     6972 us
[71.027s][info][gc,stats    ]   CMR: Thread Roots                6863 us, workers (us): 6863, ---, ---, 
[71.027s][info][gc,stats    ]   CMR: VM Strong Roots               16 us, workers (us):  16, ---, ---, 
[71.027s][info][gc,stats    ]   CMR: CLDG Roots                    93 us, workers (us):  93, ---, ---, 
[71.027s][info][gc,stats    ] Concurrent Marking               129694 us
[71.027s][info][gc,stats    ] Pause Final Mark (G)                597 us
[71.027s][info][gc,stats    ] Pause Final Mark (N)                545 us
[71.027s][info][gc,stats    ]   Finish Mark                       370 us
[71.027s][info][gc,stats    ]   Update Region States               49 us
[71.027s][info][gc,stats    ]   Choose Collection Set              39 us
[71.027s][info][gc,stats    ]   Rebuild Free Set                    8 us
[71.027s][info][gc,stats    ] Concurrent Weak References          234 us, parallelism: 0.38x
[71.027s][info][gc,stats    ]   CWRF: <total>                      89 us
[71.027s][info][gc,stats    ]   CWRF: Weak References              89 us, workers (us):  89, ---, ---, 
[71.027s][info][gc,stats    ] Concurrent Weak Roots              3414 us
[71.027s][info][gc,stats    ]   Roots                            3192 us, parallelism: 0.98x
[71.027s][info][gc,stats    ]     CWR: <total>                   3114 us
[71.027s][info][gc,stats    ]     CWR: Code Cache Roots          2450 us, workers (us): 2450, ---, ---, 
[71.027s][info][gc,stats    ]     CWR: VM Weak Roots              613 us, workers (us): 613, ---, ---, 
[71.027s][info][gc,stats    ]     CWR: CLDG Roots                  51 us, workers (us):  51, ---, ---, 
[71.027s][info][gc,stats    ]   Rendezvous                        158 us
[71.027s][info][gc,stats    ] Concurrent Cleanup                   53 us
[71.027s][info][gc,stats    ] Concurrent Class Unloading        11164 us
[71.027s][info][gc,stats    ]   Unlink Stale                    10183 us
[71.027s][info][gc,stats    ]     System Dictionary                46 us
[71.027s][info][gc,stats    ]     Weak Class Links                  0 us
[71.027s][info][gc,stats    ]     Code Roots                    10136 us
[71.027s][info][gc,stats    ]   Rendezvous                        198 us
[71.027s][info][gc,stats    ]   Purge Unlinked                    735 us
[71.027s][info][gc,stats    ]     Code Roots                      729 us
[71.027s][info][gc,stats    ]     CLDG                              5 us
[71.027s][info][gc,stats    ]     Exception Caches                  0 us
[71.027s][info][gc,stats    ] Pause Final Roots (G)                99 us
[71.027s][info][gc,stats    ] Pause Final Roots (N)                51 us
[71.027s][info][gc,stats    ] 
[71.027s][info][gc,stats    ] Allocation pacing accrued:
[71.027s][info][gc,stats    ]       0 of   168 ms (  0.0%): <total>
[71.027s][info][gc,stats    ]       0 of   168 ms (  0.0%): <average total>
[71.027s][info][gc,stats    ] 
[71.027s][info][gc,metaspace] Metaspace: 66579K(67328K)->66580K(67328K) NonClass: 58282K(58688K)->58282K(58688K) Class: 8297K(8640K)->8297K(8640K)
[71.027s][info][gc,ergo     ] Pacer for Idle. Initial: 41943K, Alloc Tax Rate: 1.0x
[71.030s][info][gc          ] Trigger: Explicit GC request (System.gc())
[71.030s][info][gc,ergo     ] Free: 1731M, Max: 1024K regular, 974M humongous, Frag: 44% external, 0% internal; Reserve: 103M, Max: 1024K
[71.030s][info][gc,start    ] GC(214) Concurrent reset
[71.030s][info][gc,task     ] GC(214) Using 1 of 3 workers for concurrent reset
[71.030s][info][gc,ergo     ] GC(214) Pacer for Reset. Non-Taxable: 2048M
[71.032s][info][gc          ] GC(214) Concurrent reset 1.220ms
[71.032s][info][gc,start    ] GC(214) Pause Init Mark (unload classes)
[71.032s][info][gc,task     ] GC(214) Using 3 of 3 workers for init marking
[71.032s][info][gc,ref      ] GC(214) Clearing All SoftReferences
[71.032s][info][gc,ergo     ] GC(214) Pacer for Mark. Expected Live: 171M, Free: 1731M, Non-Taxable: 173M, Alloc Tax Rate: 0.1x
[71.032s][info][gc          ] GC(214) Pause Init Mark (unload classes) 0.204ms
[71.032s][info][gc,start    ] GC(214) Concurrent marking roots
[71.032s][info][gc,task     ] GC(214) Using 1 of 3 workers for concurrent marking roots
[71.040s][info][gc          ] GC(214) Concurrent marking roots 7.819ms
[71.040s][info][gc,start    ] GC(214) Concurrent marking (unload classes)
[71.040s][info][gc,task     ] GC(214) Using 1 of 3 workers for concurrent marking
[71.167s][info][gc          ] GC(214) Concurrent marking (unload classes) 126.708ms
[71.167s][info][gc,start    ] GC(214) Pause Final Mark (unload classes)
[71.167s][info][gc,task     ] GC(214) Using 3 of 3 workers for final marking
[71.167s][info][gc,ergo     ] GC(214) Adaptive CSet Selection. Target Free: 290M, Actual Free: 1814M, Max CSet: 87381K, Min Garbage: 0B
[71.167s][info][gc,ergo     ] GC(214) Collectable Garbage: 37053K (88%), Immediate: 3072K (7%), CSet: 33981K (80%)
[71.167s][info][gc,ergo     ] GC(214) Pacer for Evacuation. Used CSet: 34816K, Free: 1733M, Non-Taxable: 173M, Alloc Tax Rate: 1.1x
[71.167s][info][gc          ] GC(214) Pause Final Mark (unload classes) 0.530ms
[71.167s][info][gc,start    ] GC(214) Concurrent thread roots
[71.167s][info][gc,task     ] GC(214) Using 1 of 3 workers for Concurrent thread roots
[71.175s][info][gc          ] GC(214) Concurrent thread roots 7.308ms
[71.175s][info][gc,start    ] GC(214) Concurrent weak references
[71.175s][info][gc,task     ] GC(214) Using 1 of 3 workers for concurrent weak references
[71.175s][info][gc,ref      ] GC(214) Encountered references: Soft: 2824, Weak: 5814, Final: 51, Phantom: 579
[71.175s][info][gc,ref      ] GC(214) Discovered  references: Soft: 658, Weak: 872, Final: 0, Phantom: 337
[71.175s][info][gc,ref      ] GC(214) Enqueued    references: Soft: 296, Weak: 78, Final: 0, Phantom: 0
[71.175s][info][gc          ] GC(214) Concurrent weak references 0.479ms
[71.175s][info][gc,start    ] GC(214) Concurrent weak roots
[71.175s][info][gc,task     ] GC(214) Using 1 of 3 workers for concurrent weak root
[71.178s][info][gc          ] GC(214) Concurrent weak roots 3.287ms
[71.179s][info][gc,start    ] GC(214) Concurrent cleanup
[71.179s][info][gc          ] GC(214) Concurrent cleanup 218M->215M(2048M) 0.027ms
[71.179s][info][gc,ergo     ] GC(214) Free: 1728M, Max: 1024K regular, 974M humongous, Frag: 43% external, 0% internal; Reserve: 102M, Max: 1024K
[71.179s][info][gc,start    ] GC(214) Concurrent class unloading
[71.179s][info][gc,task     ] GC(214) Using 1 of 3 workers for concurrent class unloading
[71.198s][info][gc          ] GC(214) Concurrent class unloading 19.621ms
[71.198s][info][gc,start    ] GC(214) Concurrent strong roots
[71.198s][info][gc,task     ] GC(214) Using 1 of 3 workers for concurrent strong root
[71.199s][info][gc          ] GC(214) Concurrent strong roots 0.443ms
[71.199s][info][gc,start    ] GC(214) Concurrent evacuation
[71.199s][info][gc,task     ] GC(214) Using 1 of 3 workers for concurrent evacuation
[71.199s][info][gc          ] GC(214) Concurrent evacuation 0.753ms
[71.200s][info][gc,start    ] GC(214) Pause Init Update Refs
[71.200s][info][gc,ergo     ] GC(214) Pacer for Update Refs. Used: 216M, Free: 1728M, Non-Taxable: 172M, Alloc Tax Rate: 1.1x
[71.200s][info][gc          ] GC(214) Pause Init Update Refs 0.061ms
[71.200s][info][gc,start    ] GC(214) Concurrent update references
[71.200s][info][gc,task     ] GC(214) Using 1 of 3 workers for concurrent reference update
[71.262s][info][gc          ] GC(214) Concurrent update references 62.409ms
[71.262s][info][gc,start    ] GC(214) Concurrent update thread roots
[71.269s][info][gc          ] GC(214) Concurrent update thread roots 6.721ms
[71.269s][info][gc,start    ] GC(214) Pause Final Update Refs
[71.269s][info][gc,task     ] GC(214) Using 3 of 3 workers for final reference update
[71.269s][info][gc          ] GC(214) Pause Final Update Refs 0.330ms
[71.269s][info][gc,start    ] GC(214) Concurrent cleanup
[71.269s][info][gc          ] GC(214) Concurrent cleanup 216M->182M(2048M) 0.089ms
[71.269s][info][gc,ergo     ] Free: 1761M, Max: 1024K regular, 1384M humongous, Frag: 21% external, 0% internal; Reserve: 103M, Max: 1024K
[71.269s][info][gc,stats    ] 
[71.270s][info][gc,stats    ] All times are wall-clock times, except per-root-class counters, that are sum over
[71.270s][info][gc,stats    ] all workers. Dividing the <total> over the root stage time estimates parallelism.
[71.270s][info][gc,stats    ] 
[71.270s][info][gc,stats    ] Concurrent Reset                   1238 us
[71.270s][info][gc,stats    ] Pause Init Mark (G)                 317 us
[71.270s][info][gc,stats    ] Pause Init Mark (N)                 220 us
[71.270s][info][gc,stats    ]   Update Region States               65 us
[71.270s][info][gc,stats    ] Concurrent Mark Roots              7872 us, parallelism: 0.97x
[71.270s][info][gc,stats    ]   CMR: <total>                     7644 us
[71.270s][info][gc,stats    ]   CMR: Thread Roots                7503 us, workers (us): 7503, ---, ---, 
[71.270s][info][gc,stats    ]   CMR: VM Strong Roots               18 us, workers (us):  18, ---, ---, 
[71.270s][info][gc,stats    ]   CMR: CLDG Roots                   124 us, workers (us): 124, ---, ---, 
[71.270s][info][gc,stats    ] Concurrent Marking               126774 us
[71.270s][info][gc,stats    ] Pause Final Mark (G)                688 us
[71.270s][info][gc,stats    ] Pause Final Mark (N)                547 us
[71.270s][info][gc,stats    ]   Finish Mark                       180 us
[71.270s][info][gc,stats    ]   Update Region States              111 us
[71.270s][info][gc,stats    ]   Choose Collection Set             105 us
[71.270s][info][gc,stats    ]   Rebuild Free Set                   18 us
[71.270s][info][gc,stats    ] Concurrent Thread Roots            7355 us, parallelism: 0.94x
[71.270s][info][gc,stats    ]   CTR: <total>                     6916 us
[71.270s][info][gc,stats    ]   CTR: Thread Roots                6916 us, workers (us): 6916, ---, ---, 
[71.270s][info][gc,stats    ] Concurrent Weak References          495 us, parallelism: 0.53x
[71.270s][info][gc,stats    ]   CWRF: <total>                     262 us
[71.270s][info][gc,stats    ]   CWRF: Weak References             262 us, workers (us): 262, ---, ---, 
[71.270s][info][gc,stats    ] Concurrent Weak Roots              3334 us
[71.270s][info][gc,stats    ]   Roots                            3078 us, parallelism: 0.98x
[71.270s][info][gc,stats    ]     CWR: <total>                   3003 us
[71.270s][info][gc,stats    ]     CWR: Code Cache Roots          2497 us, workers (us): 2497, ---, ---, 
[71.270s][info][gc,stats    ]     CWR: VM Weak Roots              456 us, workers (us): 456, ---, ---, 
[71.270s][info][gc,stats    ]     CWR: CLDG Roots                  49 us, workers (us):  49, ---, ---, 
[71.270s][info][gc,stats    ]   Rendezvous                        174 us
[71.270s][info][gc,stats    ] Concurrent Cleanup                   36 us
[71.270s][info][gc,stats    ] Concurrent Class Unloading        19668 us
[71.270s][info][gc,stats    ]   Unlink Stale                    18434 us
[71.270s][info][gc,stats    ]     System Dictionary               657 us
[71.270s][info][gc,stats    ]     Weak Class Links               6314 us
[71.270s][info][gc,stats    ]     Code Roots                    11462 us
[71.270s][info][gc,stats    ]   Rendezvous                        198 us
[71.270s][info][gc,stats    ]   Purge Unlinked                    968 us
[71.270s][info][gc,stats    ]     Code Roots                      677 us
[71.270s][info][gc,stats    ]     CLDG                            291 us
[71.270s][info][gc,stats    ]     Exception Caches                  0 us
[71.270s][info][gc,stats    ] Concurrent Strong Roots             467 us, parallelism: 0.69x
[71.270s][info][gc,stats    ]   CSR: <total>                      321 us
[71.270s][info][gc,stats    ]   CSR: VM Strong Roots               17 us, workers (us):  17, ---, ---, 
[71.270s][info][gc,stats    ]   CSR: CLDG Roots                   304 us, workers (us): 304, ---, ---, 
[71.270s][info][gc,stats    ] Concurrent Evacuation               779 us
[71.270s][info][gc,stats    ] Pause Init Update Refs (G)          144 us
[71.270s][info][gc,stats    ] Pause Init Update Refs (N)           69 us
[71.270s][info][gc,stats    ]   Manage GCLABs                      11 us
[71.270s][info][gc,stats    ] Concurrent Update Refs            62468 us
[71.270s][info][gc,stats    ] Concurrent Update Thread Roots     6770 us
[71.270s][info][gc,stats    ] Pause Final Update Refs (G)         402 us
[71.270s][info][gc,stats    ] Pause Final Update Refs (N)         340 us
[71.270s][info][gc,stats    ]   Update Region States              243 us
[71.270s][info][gc,stats    ]   Trash Collection Set                4 us
[71.270s][info][gc,stats    ]   Rebuild Free Set                   21 us
[71.270s][info][gc,stats    ] Concurrent Cleanup                  116 us
[71.270s][info][gc,stats    ] 
[71.270s][info][gc,stats    ] Allocation pacing accrued:
[71.270s][info][gc,stats    ]       0 of   243 ms (  0.0%): <total>
[71.270s][info][gc,stats    ]       0 of   243 ms (  0.0%): <average total>
[71.270s][info][gc,stats    ] 
[71.270s][info][gc,metaspace] Metaspace: 66580K(67328K)->66258K(67328K) NonClass: 58282K(58688K)->58015K(58688K) Class: 8297K(8640K)->8242K(8640K)
[71.270s][info][gc,ergo     ] Pacer for Idle. Initial: 41943K, Alloc Tax Rate: 1.0x
[71.451s][info][gc          ] Trigger: Learning 2 of 5. Free (1398M) is below initial threshold (1433M)
[71.451s][info][gc,ergo     ] Free: 1398M, Max: 1024K regular, 1375M humongous, Frag: 0% external, 0% internal; Reserve: 103M, Max: 1024K
[71.451s][info][gc,start    ] GC(215) Concurrent reset
[71.451s][info][gc,task     ] GC(215) Using 1 of 3 workers for concurrent reset
[71.451s][info][gc,ergo     ] GC(215) Pacer for Reset. Non-Taxable: 2048M
[71.452s][info][gc          ] GC(215) Concurrent reset 1.295ms
[71.452s][info][gc,start    ] GC(215) Pause Init Mark (unload classes)
[71.452s][info][gc,task     ] GC(215) Using 3 of 3 workers for init marking
[71.452s][info][gc,ergo     ] GC(215) Pacer for Mark. Expected Live: 171M, Free: 1398M, Non-Taxable: 139M, Alloc Tax Rate: 0.2x
[71.452s][info][gc          ] GC(215) Pause Init Mark (unload classes) 0.138ms
[71.452s][info][gc,start    ] GC(215) Concurrent marking roots
[71.453s][info][gc,task     ] GC(215) Using 1 of 3 workers for concurrent marking roots
[71.461s][info][gc          ] GC(215) Concurrent marking roots 8.620ms
[71.461s][info][gc,start    ] GC(215) Concurrent marking (unload classes)
[71.461s][info][gc,task     ] GC(215) Using 1 of 3 workers for concurrent marking
[71.593s][info][gc          ] GC(215) Concurrent marking (unload classes) 132.306ms
[71.594s][info][gc,start    ] GC(215) Pause Final Mark (unload classes)
[71.594s][info][gc,task     ] GC(215) Using 3 of 3 workers for final marking
[71.594s][info][gc,ergo     ] GC(215) Adaptive CSet Selection. Target Free: 290M, Actual Free: 1385M, Max CSet: 87381K, Min Garbage: 0B
[71.594s][info][gc,ergo     ] GC(215) Collectable Garbage: 364M (98%), Immediate: 334M (90%), CSet: 31351K (8%)
[71.594s][info][gc,ergo     ] GC(215) Pacer for Evacuation. Used CSet: 33345K, Free: 1308M, Non-Taxable: 130M, Alloc Tax Rate: 1.1x
[71.594s][info][gc          ] GC(215) Pause Final Mark (unload classes) 0.263ms
[71.594s][info][gc,start    ] GC(215) Concurrent thread roots
[71.594s][info][gc,task     ] GC(215) Using 1 of 3 workers for Concurrent thread roots
[71.602s][info][gc          ] GC(215) Concurrent thread roots 7.705ms
[71.602s][info][gc,start    ] GC(215) Concurrent weak references
[71.602s][info][gc,task     ] GC(215) Using 1 of 3 workers for concurrent weak references
[71.602s][info][gc,ref      ] GC(215) Encountered references: Soft: 2909, Weak: 5986, Final: 51, Phantom: 579
[71.602s][info][gc,ref      ] GC(215) Discovered  references: Soft: 0, Weak: 864, Final: 0, Phantom: 260
[71.602s][info][gc,ref      ] GC(215) Enqueued    references: Soft: 0, Weak: 90, Final: 0, Phantom: 0
[71.602s][info][gc          ] GC(215) Concurrent weak references 0.311ms
[71.602s][info][gc,start    ] GC(215) Concurrent weak roots
[71.602s][info][gc,task     ] GC(215) Using 1 of 3 workers for concurrent weak root
[71.606s][info][gc          ] GC(215) Concurrent weak roots 4.193ms
[71.606s][info][gc,start    ] GC(215) Concurrent cleanup
[71.606s][info][gc          ] GC(215) Concurrent cleanup 1010M->676M(2048M) 0.075ms
[71.606s][info][gc,ergo     ] GC(215) Free: 1267M, Max: 1024K regular, 907M humongous, Frag: 28% external, 0% internal; Reserve: 102M, Max: 1024K
[71.606s][info][gc,start    ] GC(215) Concurrent class unloading
[71.606s][info][gc,task     ] GC(215) Using 1 of 3 workers for concurrent class unloading
[71.630s][info][gc          ] GC(215) Concurrent class unloading 23.460ms
[71.630s][info][gc,start    ] GC(215) Concurrent strong roots
[71.630s][info][gc,task     ] GC(215) Using 1 of 3 workers for concurrent strong root
[71.630s][info][gc          ] GC(215) Concurrent strong roots 0.512ms
[71.630s][info][gc,start    ] GC(215) Concurrent evacuation
[71.630s][info][gc,task     ] GC(215) Using 1 of 3 workers for concurrent evacuation
[71.632s][info][gc          ] GC(215) Concurrent evacuation 1.184ms
[71.632s][info][gc,start    ] GC(215) Pause Init Update Refs
[71.632s][info][gc,ergo     ] GC(215) Pacer for Update Refs. Used: 749M, Free: 1196M, Non-Taxable: 119M, Alloc Tax Rate: 1.1x
[71.632s][info][gc          ] GC(215) Pause Init Update Refs 0.062ms
[71.632s][info][gc,start    ] GC(215) Concurrent update references
[71.632s][info][gc,task     ] GC(215) Using 1 of 3 workers for concurrent reference update
[71.809s][info][gc          ] GC(215) Concurrent update references 177.179ms
[71.809s][info][gc,start    ] GC(215) Concurrent update thread roots
[71.817s][info][gc          ] GC(215) Concurrent update thread roots 7.521ms
[71.817s][info][gc,start    ] GC(215) Pause Final Update Refs
[71.817s][info][gc,task     ] GC(215) Using 3 of 3 workers for final reference update
[71.817s][info][gc          ] GC(215) Pause Final Update Refs 0.120ms
[71.817s][info][gc,start    ] GC(215) Concurrent cleanup
[71.817s][info][gc          ] GC(215) Concurrent cleanup 1258M->1226M(2048M) 0.034ms
[71.817s][info][gc,ergo     ] Free: 716M, Max: 1024K regular, 662M humongous, Frag: 5% external, 0% internal; Reserve: 103M, Max: 1024K
[71.817s][info][gc,stats    ] 
[71.817s][info][gc,stats    ] All times are wall-clock times, except per-root-class counters, that are sum over
[71.817s][info][gc,stats    ] all workers. Dividing the <total> over the root stage time estimates parallelism.
[71.817s][info][gc,stats    ] 
[71.817s][info][gc,stats    ] Concurrent Reset                   1398 us
[71.817s][info][gc,stats    ] Pause Init Mark (G)                 297 us
[71.817s][info][gc,stats    ] Pause Init Mark (N)                 147 us
[71.817s][info][gc,stats    ]   Update Region States               69 us
[71.817s][info][gc,stats    ] Concurrent Mark Roots              8669 us, parallelism: 0.97x
[71.817s][info][gc,stats    ]   CMR: <total>                     8368 us
[71.817s][info][gc,stats    ]   CMR: Thread Roots                8255 us, workers (us): 8255, ---, ---, 
[71.817s][info][gc,stats    ]   CMR: VM Strong Roots               14 us, workers (us):  14, ---, ---, 
[71.817s][info][gc,stats    ]   CMR: CLDG Roots                    98 us, workers (us):  98, ---, ---, 
[71.817s][info][gc,stats    ] Concurrent Marking               132375 us
[71.817s][info][gc,stats    ] Pause Final Mark (G)                380 us
[71.817s][info][gc,stats    ] Pause Final Mark (N)                271 us
[71.817s][info][gc,stats    ]   Finish Mark                        78 us
[71.817s][info][gc,stats    ]   Update Region States               39 us
[71.817s][info][gc,stats    ]   Choose Collection Set              69 us
[71.817s][info][gc,stats    ]   Rebuild Free Set                    8 us
[71.817s][info][gc,stats    ] Concurrent Thread Roots            7744 us, parallelism: 0.98x
[71.817s][info][gc,stats    ]   CTR: <total>                     7587 us
[71.817s][info][gc,stats    ]   CTR: Thread Roots                7587 us, workers (us): 7587, ---, ---, 
[71.817s][info][gc,stats    ] Concurrent Weak References          328 us, parallelism: 0.40x
[71.817s][info][gc,stats    ]   CWRF: <total>                     133 us
[71.817s][info][gc,stats    ]   CWRF: Weak References             133 us, workers (us): 133, ---, ---, 
[71.817s][info][gc,stats    ] Concurrent Weak Roots              4239 us
[71.817s][info][gc,stats    ]   Roots                            3935 us, parallelism: 0.98x
[71.817s][info][gc,stats    ]     CWR: <total>                   3862 us
[71.817s][info][gc,stats    ]     CWR: Code Cache Roots          3093 us, workers (us): 3093, ---, ---, 
[71.817s][info][gc,stats    ]     CWR: VM Weak Roots              698 us, workers (us): 698, ---, ---, 
[71.817s][info][gc,stats    ]     CWR: CLDG Roots                  70 us, workers (us):  70, ---, ---, 
[71.817s][info][gc,stats    ]   Rendezvous                        223 us
[71.817s][info][gc,stats    ] Concurrent Cleanup                   93 us
[71.817s][info][gc,stats    ] Concurrent Class Unloading        23517 us
[71.817s][info][gc,stats    ]   Unlink Stale                    22343 us
[71.817s][info][gc,stats    ]     System Dictionary               249 us
[71.817s][info][gc,stats    ]     Weak Class Links               8461 us
[71.817s][info][gc,stats    ]     Code Roots                    13631 us
[71.817s][info][gc,stats    ]   Rendezvous                        266 us
[71.817s][info][gc,stats    ]   Purge Unlinked                    815 us
[71.817s][info][gc,stats    ]     Code Roots                      798 us
[71.817s][info][gc,stats    ]     CLDG                             17 us
[71.817s][info][gc,stats    ]     Exception Caches                  0 us
[71.817s][info][gc,stats    ] Concurrent Strong Roots             538 us, parallelism: 0.70x
[71.817s][info][gc,stats    ]   CSR: <total>                      379 us
[71.817s][info][gc,stats    ]   CSR: VM Strong Roots               18 us, workers (us):  18, ---, ---, 
[71.817s][info][gc,stats    ]   CSR: CLDG Roots                   361 us, workers (us): 361, ---, ---, 
[71.817s][info][gc,stats    ] Concurrent Evacuation              1252 us
[71.817s][info][gc,stats    ] Pause Init Update Refs (G)          237 us
[71.817s][info][gc,stats    ] Pause Init Update Refs (N)           71 us
[71.817s][info][gc,stats    ]   Manage GCLABs                      12 us
[71.817s][info][gc,stats    ] Concurrent Update Refs           177261 us
[71.817s][info][gc,stats    ] Concurrent Update Thread Roots     7564 us
[71.817s][info][gc,stats    ] Pause Final Update Refs (G)         223 us
[71.817s][info][gc,stats    ] Pause Final Update Refs (N)         139 us
[71.817s][info][gc,stats    ]   Update Region States               40 us
[71.817s][info][gc,stats    ]   Trash Collection Set                4 us
[71.817s][info][gc,stats    ]   Rebuild Free Set                   16 us
[71.817s][info][gc,stats    ] Concurrent Cleanup                   44 us
[71.817s][info][gc,stats    ] Pacing                            79749 us
[71.817s][info][gc,stats    ] 
[71.817s][info][gc,stats    ] Allocation pacing accrued:
[71.817s][info][gc,stats    ]      33 of   547 ms (  6.0%): Executor task launch worker for task 1.0 in stage 136.0 (TID 227)
[71.817s][info][gc,stats    ]      47 of   547 ms (  8.5%): Executor task launch worker for task 0.0 in stage 136.0 (TID 226)
[71.817s][info][gc,stats    ]      80 of   547 ms ( 14.6%): <total>
[71.817s][info][gc,stats    ]       0 of   547 ms (  0.1%): <average total>
[71.817s][info][gc,stats    ]      40 of   547 ms (  7.3%): <average non-zero>
[71.817s][info][gc,stats    ] 
[71.818s][info][gc,metaspace] Metaspace: 66571K(67328K)->66568K(67328K) NonClass: 58276K(58688K)->58274K(58688K) Class: 8294K(8640K)->8294K(8640K)
[71.818s][info][gc,ergo     ] Pacer for Idle. Initial: 41943K, Alloc Tax Rate: 1.0x
[71.831s][info][gc          ] Trigger: Learning 3 of 5. Free (675M) is below initial threshold (1433M)
[71.831s][info][gc,ergo     ] Free: 675M, Max: 1024K regular, 652M humongous, Frag: 0% external, 0% internal; Reserve: 103M, Max: 1024K
[71.831s][info][gc,start    ] GC(216) Concurrent reset
[71.831s][info][gc,task     ] GC(216) Using 1 of 3 workers for concurrent reset
[71.831s][info][gc,ergo     ] GC(216) Pacer for Reset. Non-Taxable: 2048M
[71.832s][info][gc          ] GC(216) Concurrent reset 0.847ms
[71.832s][info][gc,start    ] GC(216) Pause Init Mark (unload classes)
[71.832s][info][gc,task     ] GC(216) Using 3 of 3 workers for init marking
[71.832s][info][gc,ergo     ] GC(216) Pacer for Mark. Expected Live: 171M, Free: 675M, Non-Taxable: 69168K, Alloc Tax Rate: 0.3x
[71.832s][info][gc          ] GC(216) Pause Init Mark (unload classes) 0.144ms
[71.832s][info][gc,start    ] GC(216) Concurrent marking roots
[71.832s][info][gc,task     ] GC(216) Using 1 of 3 workers for concurrent marking roots
[71.840s][info][gc          ] GC(216) Concurrent marking roots 7.937ms
[71.840s][info][gc,start    ] GC(216) Concurrent marking (unload classes)
[71.840s][info][gc,task     ] GC(216) Using 1 of 3 workers for concurrent marking
[71.969s][info][gc          ] GC(216) Concurrent marking (unload classes) 129.282ms
[71.970s][info][gc,start    ] GC(216) Pause Final Mark (unload classes)
[71.970s][info][gc,task     ] GC(216) Using 3 of 3 workers for final marking
[71.970s][info][gc,ergo     ] GC(216) Collectable Garbage: 1075M (98%), Immediate: 1075M (98%), CSet: 0B (0%)
[71.970s][info][gc          ] GC(216) Pause Final Mark (unload classes) 0.425ms
[71.970s][info][gc,start    ] GC(216) Concurrent weak references
[71.970s][info][gc,task     ] GC(216) Using 1 of 3 workers for concurrent weak references
[71.970s][info][gc,ref      ] GC(216) Encountered references: Soft: 2909, Weak: 5899, Final: 51, Phantom: 579
[71.970s][info][gc,ref      ] GC(216) Discovered  references: Soft: 0, Weak: 785, Final: 0, Phantom: 260
[71.970s][info][gc,ref      ] GC(216) Enqueued    references: Soft: 0, Weak: 2, Final: 0, Phantom: 0
[71.970s][info][gc          ] GC(216) Concurrent weak references 0.223ms
[71.970s][info][gc,start    ] GC(216) Concurrent weak roots
[71.970s][info][gc,task     ] GC(216) Using 1 of 3 workers for concurrent weak root
[71.974s][info][gc          ] GC(216) Concurrent weak roots 3.589ms
[71.974s][info][gc,start    ] GC(216) Concurrent cleanup
[71.974s][info][gc          ] GC(216) Concurrent cleanup 1635M->560M(2048M) 0.090ms
[71.974s][info][gc,ergo     ] GC(216) Free: 1382M, Max: 1024K regular, 459M humongous, Frag: 67% external, 0% internal; Reserve: 103M, Max: 1024K
[71.974s][info][gc,start    ] GC(216) Concurrent class unloading
[71.974s][info][gc,task     ] GC(216) Using 1 of 3 workers for concurrent class unloading
[71.987s][info][gc          ] GC(216) Concurrent class unloading 12.822ms
[71.987s][info][gc,start    ] GC(216) Pause Final Roots
[71.987s][info][gc          ] GC(216) Pause Final Roots 0.058ms
[71.987s][info][gc,ergo     ] Free: 1333M, Max: 1024K regular, 459M humongous, Frag: 65% external, 0% internal; Reserve: 103M, Max: 1024K
[71.987s][info][gc,stats    ] 
[71.987s][info][gc,stats    ] All times are wall-clock times, except per-root-class counters, that are sum over
[71.987s][info][gc,stats    ] all workers. Dividing the <total> over the root stage time estimates parallelism.
[71.987s][info][gc,stats    ] 
[71.987s][info][gc,stats    ] Concurrent Reset                    919 us
[71.987s][info][gc,stats    ] Pause Init Mark (G)                 234 us
[71.987s][info][gc,stats    ] Pause Init Mark (N)                 153 us
[71.987s][info][gc,stats    ]   Update Region States               54 us
[71.987s][info][gc,stats    ] Concurrent Mark Roots              7987 us, parallelism: 0.97x
[71.987s][info][gc,stats    ]   CMR: <total>                     7763 us
[71.987s][info][gc,stats    ]   CMR: Thread Roots                7679 us, workers (us): 7679, ---, ---, 
[71.987s][info][gc,stats    ]   CMR: VM Strong Roots               11 us, workers (us):  11, ---, ---, 
[71.987s][info][gc,stats    ]   CMR: CLDG Roots                    73 us, workers (us):  73, ---, ---, 
[71.987s][info][gc,stats    ] Concurrent Marking               129359 us
[71.987s][info][gc,stats    ] Pause Final Mark (G)                586 us
[71.987s][info][gc,stats    ] Pause Final Mark (N)                445 us
[71.987s][info][gc,stats    ]   Finish Mark                       136 us
[71.987s][info][gc,stats    ]   Update Region States              105 us
[71.987s][info][gc,stats    ]   Choose Collection Set              73 us
[71.987s][info][gc,stats    ]   Rebuild Free Set                   16 us
[71.987s][info][gc,stats    ] Concurrent Weak References          230 us, parallelism: 0.28x
[71.987s][info][gc,stats    ]   CWRF: <total>                      65 us
[71.987s][info][gc,stats    ]   CWRF: Weak References              65 us, workers (us):  65, ---, ---, 
[71.987s][info][gc,stats    ] Concurrent Weak Roots              3639 us
[71.987s][info][gc,stats    ]   Roots                            3357 us, parallelism: 0.97x
[71.987s][info][gc,stats    ]     CWR: <total>                   3247 us
[71.987s][info][gc,stats    ]     CWR: Code Cache Roots          2585 us, workers (us): 2585, ---, ---, 
[71.987s][info][gc,stats    ]     CWR: VM Weak Roots              615 us, workers (us): 615, ---, ---, 
[71.987s][info][gc,stats    ]     CWR: CLDG Roots                  48 us, workers (us):  48, ---, ---, 
[71.987s][info][gc,stats    ]   Rendezvous                        212 us
[71.987s][info][gc,stats    ] Concurrent Cleanup                   99 us
[71.987s][info][gc,stats    ] Concurrent Class Unloading        12899 us
[71.987s][info][gc,stats    ]   Unlink Stale                    11852 us
[71.987s][info][gc,stats    ]     System Dictionary                60 us
[71.987s][info][gc,stats    ]     Weak Class Links                  0 us
[71.987s][info][gc,stats    ]     Code Roots                    11789 us
[71.987s][info][gc,stats    ]   Rendezvous                        189 us
[71.987s][info][gc,stats    ]   Purge Unlinked                    759 us
[71.987s][info][gc,stats    ]     Code Roots                      749 us
[71.988s][info][gc,stats    ]     CLDG                              9 us
[71.988s][info][gc,stats    ]     Exception Caches                  0 us
[71.988s][info][gc,stats    ] Pause Final Roots (G)               226 us
[71.988s][info][gc,stats    ] Pause Final Roots (N)                76 us
[71.988s][info][gc,stats    ] Pacing                            68287 us
[71.988s][info][gc,stats    ] 
[71.988s][info][gc,stats    ] Allocation pacing accrued:
[71.988s][info][gc,stats    ]      34 of   170 ms ( 20.1%): Executor task launch worker for task 1.0 in stage 136.0 (TID 227)
[71.988s][info][gc,stats    ]      34 of   170 ms ( 20.1%): Executor task launch worker for task 0.0 in stage 136.0 (TID 226)
[71.988s][info][gc,stats    ]      68 of   170 ms ( 40.1%): <total>
[71.988s][info][gc,stats    ]       0 of   170 ms (  0.2%): <average total>
[71.988s][info][gc,stats    ]      34 of   170 ms ( 20.1%): <average non-zero>
[71.988s][info][gc,stats    ] 
[71.988s][info][gc,metaspace] Metaspace: 66568K(67328K)->66568K(67328K) NonClass: 58274K(58688K)->58274K(58688K) Class: 8294K(8640K)->8294K(8640K)
[71.988s][info][gc,ergo     ] Pacer for Idle. Initial: 41943K, Alloc Tax Rate: 1.0x
[72.003s][info][gc          ] Trigger: Learning 4 of 5. Free (1291M) is below initial threshold (1433M)
[72.003s][info][gc,ergo     ] Free: 1291M, Max: 1024K regular, 459M humongous, Frag: 64% external, 0% internal; Reserve: 103M, Max: 1024K
[72.003s][info][gc,start    ] GC(217) Concurrent reset
[72.004s][info][gc,task     ] GC(217) Using 1 of 3 workers for concurrent reset
[72.004s][info][gc,ergo     ] GC(217) Pacer for Reset. Non-Taxable: 2048M
[72.005s][info][gc          ] GC(217) Concurrent reset 1.270ms
[72.005s][info][gc,start    ] GC(217) Pause Init Mark (unload classes)
[72.005s][info][gc,task     ] GC(217) Using 3 of 3 workers for init marking
[72.005s][info][gc,ergo     ] GC(217) Pacer for Mark. Expected Live: 171M, Free: 1291M, Non-Taxable: 129M, Alloc Tax Rate: 0.2x
[72.005s][info][gc          ] GC(217) Pause Init Mark (unload classes) 0.174ms
[72.005s][info][gc,start    ] GC(217) Concurrent marking roots
[72.005s][info][gc,task     ] GC(217) Using 1 of 3 workers for concurrent marking roots
[72.013s][info][gc          ] GC(217) Concurrent marking roots 7.961ms
[72.013s][info][gc,start    ] GC(217) Concurrent marking (unload classes)
[72.013s][info][gc,task     ] GC(217) Using 1 of 3 workers for concurrent marking
[72.145s][info][gc          ] GC(217) Concurrent marking (unload classes) 131.435ms
[72.145s][info][gc,start    ] GC(217) Pause Final Mark (unload classes)
[72.145s][info][gc,task     ] GC(217) Using 3 of 3 workers for final marking
[72.145s][info][gc,ergo     ] GC(217) Collectable Garbage: 455M (95%), Immediate: 455M (95%), CSet: 0B (0%)
[72.145s][info][gc          ] GC(217) Pause Final Mark (unload classes) 0.221ms
[72.145s][info][gc,start    ] GC(217) Concurrent weak references
[72.145s][info][gc,task     ] GC(217) Using 1 of 3 workers for concurrent weak references
[72.145s][info][gc,ref      ] GC(217) Encountered references: Soft: 2911, Weak: 5895, Final: 51, Phantom: 579
[72.145s][info][gc,ref      ] GC(217) Discovered  references: Soft: 0, Weak: 524, Final: 0, Phantom: 337
[72.145s][info][gc,ref      ] GC(217) Enqueued    references: Soft: 0, Weak: 2, Final: 0, Phantom: 0
[72.145s][info][gc          ] GC(217) Concurrent weak references 0.269ms
[72.145s][info][gc,start    ] GC(217) Concurrent weak roots
[72.145s][info][gc,task     ] GC(217) Using 1 of 3 workers for concurrent weak root
[72.148s][info][gc          ] GC(217) Concurrent weak roots 3.170ms
[72.148s][info][gc,start    ] GC(217) Concurrent cleanup
[72.149s][info][gc          ] GC(217) Concurrent cleanup 1050M->594M(2048M) 0.046ms
[72.149s][info][gc,ergo     ] GC(217) Free: 1345M, Max: 1024K regular, 413M humongous, Frag: 69% external, 0% internal; Reserve: 103M, Max: 1024K
[72.149s][info][gc,start    ] GC(217) Concurrent class unloading
[72.149s][info][gc,task     ] GC(217) Using 1 of 3 workers for concurrent class unloading
[72.160s][info][gc          ] GC(217) Concurrent class unloading 11.903ms
[72.161s][info][gc,start    ] GC(217) Pause Final Roots
[72.161s][info][gc          ] GC(217) Pause Final Roots 0.057ms
[72.161s][info][gc,ergo     ] Free: 1339M, Max: 1024K regular, 413M humongous, Frag: 69% external, 0% internal; Reserve: 103M, Max: 1024K
[72.161s][info][gc,stats    ] 
[72.161s][info][gc,stats    ] All times are wall-clock times, except per-root-class counters, that are sum over
[72.161s][info][gc,stats    ] all workers. Dividing the <total> over the root stage time estimates parallelism.
[72.161s][info][gc,stats    ] 
[72.161s][info][gc,stats    ] Concurrent Reset                   1320 us
[72.161s][info][gc,stats    ] Pause Init Mark (G)                 316 us
[72.161s][info][gc,stats    ] Pause Init Mark (N)                 191 us
[72.161s][info][gc,stats    ]   Update Region States               54 us
[72.161s][info][gc,stats    ] Concurrent Mark Roots              8010 us, parallelism: 0.97x
[72.161s][info][gc,stats    ]   CMR: <total>                     7771 us
[72.161s][info][gc,stats    ]   CMR: Thread Roots                7666 us, workers (us): 7666, ---, ---, 
[72.161s][info][gc,stats    ]   CMR: VM Strong Roots               15 us, workers (us):  15, ---, ---, 
[72.161s][info][gc,stats    ]   CMR: CLDG Roots                    89 us, workers (us):  89, ---, ---, 
[72.161s][info][gc,stats    ] Concurrent Marking               131502 us
[72.161s][info][gc,stats    ] Pause Final Mark (G)                334 us
[72.161s][info][gc,stats    ] Pause Final Mark (N)                230 us
[72.161s][info][gc,stats    ]   Finish Mark                        59 us
[72.161s][info][gc,stats    ]   Update Region States               53 us
[72.161s][info][gc,stats    ]   Choose Collection Set              41 us
[72.161s][info][gc,stats    ]   Rebuild Free Set                    8 us
[72.161s][info][gc,stats    ] Concurrent Weak References          286 us, parallelism: 0.21x
[72.161s][info][gc,stats    ]   CWRF: <total>                      61 us
[72.161s][info][gc,stats    ]   CWRF: Weak References              61 us, workers (us):  61, ---, ---, 
[72.161s][info][gc,stats    ] Concurrent Weak Roots              3205 us
[72.161s][info][gc,stats    ]   Roots                            2965 us, parallelism: 0.98x
[72.161s][info][gc,stats    ]     CWR: <total>                   2913 us
[72.161s][info][gc,stats    ]     CWR: Code Cache Roots          2541 us, workers (us): 2541, ---, ---, 
[72.161s][info][gc,stats    ]     CWR: VM Weak Roots              328 us, workers (us): 328, ---, ---, 
[72.161s][info][gc,stats    ]     CWR: CLDG Roots                  45 us, workers (us):  45, ---, ---, 
[72.161s][info][gc,stats    ]   Rendezvous                        169 us
[72.161s][info][gc,stats    ] Concurrent Cleanup                   55 us
[72.161s][info][gc,stats    ] Concurrent Class Unloading        11968 us
[72.161s][info][gc,stats    ]   Unlink Stale                    10841 us
[72.161s][info][gc,stats    ]     System Dictionary                48 us
[72.161s][info][gc,stats    ]     Weak Class Links                  0 us
[72.161s][info][gc,stats    ]     Code Roots                    10790 us
[72.161s][info][gc,stats    ]   Rendezvous                        330 us
[72.161s][info][gc,stats    ]   Purge Unlinked                    712 us
[72.161s][info][gc,stats    ]     Code Roots                      701 us
[72.161s][info][gc,stats    ]     CLDG                             10 us
[72.161s][info][gc,stats    ]     Exception Caches                  1 us
[72.161s][info][gc,stats    ] Pause Final Roots (G)               225 us
[72.161s][info][gc,stats    ] Pause Final Roots (N)                75 us
[72.161s][info][gc,stats    ] Pacing                            41144 us
[72.161s][info][gc,stats    ] 
[72.161s][info][gc,stats    ] Allocation pacing accrued:
[72.161s][info][gc,stats    ]      21 of   174 ms ( 11.9%): Executor task launch worker for task 1.0 in stage 137.0 (TID 229)
[72.161s][info][gc,stats    ]      21 of   174 ms ( 11.8%): Executor task launch worker for task 0.0 in stage 137.0 (TID 228)
[72.161s][info][gc,stats    ]      41 of   174 ms ( 23.7%): <total>
[72.161s][info][gc,stats    ]       0 of   174 ms (  0.1%): <average total>
[72.161s][info][gc,stats    ]      21 of   174 ms ( 11.9%): <average non-zero>
[72.161s][info][gc,stats    ] 
[72.161s][info][gc,metaspace] Metaspace: 66568K(67328K)->66588K(67328K) NonClass: 58274K(58688K)->58291K(58688K) Class: 8294K(8640K)->8297K(8640K)
[72.161s][info][gc,ergo     ] Pacer for Idle. Initial: 41943K, Alloc Tax Rate: 1.0x
[72.166s][info][gc          ] Trigger: Explicit GC request (System.gc())
[72.166s][info][gc,ergo     ] Free: 1339M, Max: 1024K regular, 413M humongous, Frag: 69% external, 0% internal; Reserve: 103M, Max: 1024K
[72.166s][info][gc,start    ] GC(218) Concurrent reset
[72.166s][info][gc,task     ] GC(218) Using 1 of 3 workers for concurrent reset
[72.166s][info][gc,ergo     ] GC(218) Pacer for Reset. Non-Taxable: 2048M
[72.167s][info][gc          ] GC(218) Concurrent reset 0.836ms
[72.167s][info][gc,start    ] GC(218) Pause Init Mark (unload classes)
[72.167s][info][gc,task     ] GC(218) Using 3 of 3 workers for init marking
[72.167s][info][gc,ref      ] GC(218) Clearing All SoftReferences
[72.167s][info][gc,ergo     ] GC(218) Pacer for Mark. Expected Live: 171M, Free: 1339M, Non-Taxable: 133M, Alloc Tax Rate: 0.2x
[72.167s][info][gc          ] GC(218) Pause Init Mark (unload classes) 0.213ms
[72.167s][info][gc,start    ] GC(218) Concurrent marking roots
[72.168s][info][gc,task     ] GC(218) Using 1 of 3 workers for concurrent marking roots
[72.175s][info][gc          ] GC(218) Concurrent marking roots 7.878ms
[72.175s][info][gc,start    ] GC(218) Concurrent marking (unload classes)
[72.175s][info][gc,task     ] GC(218) Using 1 of 3 workers for concurrent marking
[72.303s][info][gc          ] GC(218) Concurrent marking (unload classes) 127.415ms
[72.303s][info][gc,start    ] GC(218) Pause Final Mark (unload classes)
[72.303s][info][gc,task     ] GC(218) Using 3 of 3 workers for final marking
[72.303s][info][gc,ergo     ] GC(218) Collectable Garbage: 393M (91%), Immediate: 393M (91%), CSet: 0B (0%)
[72.303s][info][gc          ] GC(218) Pause Final Mark (unload classes) 0.475ms
[72.304s][info][gc,start    ] GC(218) Concurrent weak references
[72.304s][info][gc,task     ] GC(218) Using 1 of 3 workers for concurrent weak references
[72.304s][info][gc,ref      ] GC(218) Encountered references: Soft: 2826, Weak: 5888, Final: 51, Phantom: 579
[72.304s][info][gc,ref      ] GC(218) Discovered  references: Soft: 660, Weak: 960, Final: 0, Phantom: 337
[72.304s][info][gc,ref      ] GC(218) Enqueued    references: Soft: 298, Weak: 168, Final: 0, Phantom: 0
[72.304s][info][gc          ] GC(218) Concurrent weak references 0.241ms
[72.304s][info][gc,start    ] GC(218) Concurrent weak roots
[72.304s][info][gc,task     ] GC(218) Using 1 of 3 workers for concurrent weak root
[72.307s][info][gc          ] GC(218) Concurrent weak roots 3.524ms
[72.307s][info][gc,start    ] GC(218) Concurrent cleanup
[72.307s][info][gc          ] GC(218) Concurrent cleanup 610M->217M(2048M) 0.041ms
[72.307s][info][gc,ergo     ] GC(218) Free: 1725M, Max: 1024K regular, 912M humongous, Frag: 47% external, 0% internal; Reserve: 103M, Max: 1024K
[72.307s][info][gc,start    ] GC(218) Concurrent class unloading
[72.307s][info][gc,task     ] GC(218) Using 1 of 3 workers for concurrent class unloading
[72.328s][info][gc          ] GC(218) Concurrent class unloading 20.341ms
[72.328s][info][gc,start    ] GC(218) Pause Final Roots
[72.328s][info][gc          ] GC(218) Pause Final Roots 0.043ms
[72.328s][info][gc,ergo     ] Free: 1725M, Max: 1024K regular, 912M humongous, Frag: 47% external, 0% internal; Reserve: 103M, Max: 1024K
[72.328s][info][gc,stats    ] 
[72.328s][info][gc,stats    ] All times are wall-clock times, except per-root-class counters, that are sum over
[72.328s][info][gc,stats    ] all workers. Dividing the <total> over the root stage time estimates parallelism.
[72.328s][info][gc,stats    ] 
[72.328s][info][gc,stats    ] Concurrent Reset                    889 us
[72.328s][info][gc,stats    ] Pause Init Mark (G)                 369 us
[72.328s][info][gc,stats    ] Pause Init Mark (N)                 222 us
[72.328s][info][gc,stats    ]   Update Region States               85 us
[72.328s][info][gc,stats    ] Concurrent Mark Roots              7937 us, parallelism: 0.96x
[72.328s][info][gc,stats    ]   CMR: <total>                     7643 us
[72.328s][info][gc,stats    ]   CMR: Thread Roots                7502 us, workers (us): 7502, ---, ---, 
[72.328s][info][gc,stats    ]   CMR: VM Strong Roots               19 us, workers (us):  19, ---, ---, 
[72.328s][info][gc,stats    ]   CMR: CLDG Roots                   123 us, workers (us): 123, ---, ---, 
[72.328s][info][gc,stats    ] Concurrent Marking               127469 us
[72.328s][info][gc,stats    ] Pause Final Mark (G)                619 us
[72.328s][info][gc,stats    ] Pause Final Mark (N)                500 us
[72.328s][info][gc,stats    ]   Finish Mark                       169 us
[72.328s][info][gc,stats    ]   Update Region States               87 us
[72.328s][info][gc,stats    ]   Choose Collection Set              86 us
[72.328s][info][gc,stats    ]   Rebuild Free Set                   22 us
[72.328s][info][gc,stats    ] Concurrent Weak References          248 us, parallelism: 0.68x
[72.328s][info][gc,stats    ]   CWRF: <total>                     169 us
[72.328s][info][gc,stats    ]   CWRF: Weak References             169 us, workers (us): 169, ---, ---, 
[72.328s][info][gc,stats    ] Concurrent Weak Roots              3569 us
[72.328s][info][gc,stats    ]   Roots                            3350 us, parallelism: 0.99x
[72.328s][info][gc,stats    ]     CWR: <total>                   3311 us
[72.328s][info][gc,stats    ]     CWR: Code Cache Roots          2632 us, workers (us): 2632, ---, ---, 
[72.328s][info][gc,stats    ]     CWR: VM Weak Roots              629 us, workers (us): 629, ---, ---, 
[72.328s][info][gc,stats    ]     CWR: CLDG Roots                  51 us, workers (us):  51, ---, ---, 
[72.328s][info][gc,stats    ]   Rendezvous                        157 us
[72.328s][info][gc,stats    ] Concurrent Cleanup                   49 us
[72.328s][info][gc,stats    ] Concurrent Class Unloading        20416 us
[72.328s][info][gc,stats    ]   Unlink Stale                    18951 us
[72.328s][info][gc,stats    ]     System Dictionary               662 us
[72.328s][info][gc,stats    ]     Weak Class Links               6337 us
[72.328s][info][gc,stats    ]     Code Roots                    11949 us
[72.328s][info][gc,stats    ]   Rendezvous                        173 us
[72.328s][info][gc,stats    ]   Purge Unlinked                   1196 us
[72.328s][info][gc,stats    ]     Code Roots                      704 us
[72.328s][info][gc,stats    ]     CLDG                            490 us
[72.328s][info][gc,stats    ]     Exception Caches                  0 us
[72.328s][info][gc,stats    ] Pause Final Roots (G)               127 us
[72.328s][info][gc,stats    ] Pause Final Roots (N)                52 us
[72.328s][info][gc,stats    ] 
[72.328s][info][gc,stats    ] Allocation pacing accrued:
[72.328s][info][gc,stats    ]       0 of   167 ms (  0.0%): <total>
[72.328s][info][gc,stats    ]       0 of   167 ms (  0.0%): <average total>
[72.328s][info][gc,stats    ] 
[72.328s][info][gc,metaspace] Metaspace: 66588K(67328K)->66266K(67328K) NonClass: 58291K(58688K)->58023K(58688K) Class: 8297K(8640K)->8242K(8640K)
[72.328s][info][gc,ergo     ] Pacer for Idle. Initial: 41943K, Alloc Tax Rate: 1.0x
[72.501s][info][gc          ] Trigger: Learning 2 of 5. Free (1396M) is below initial threshold (1433M)
[72.501s][info][gc,ergo     ] Free: 1396M, Max: 1024K regular, 912M humongous, Frag: 34% external, 0% internal; Reserve: 103M, Max: 1024K
[72.501s][info][gc,start    ] GC(219) Concurrent reset
[72.501s][info][gc,task     ] GC(219) Using 1 of 3 workers for concurrent reset
[72.501s][info][gc,ergo     ] GC(219) Pacer for Reset. Non-Taxable: 2048M
[72.502s][info][gc          ] GC(219) Concurrent reset 1.046ms
[72.502s][info][gc,start    ] GC(219) Pause Init Mark (unload classes)
[72.502s][info][gc,task     ] GC(219) Using 3 of 3 workers for init marking
[72.502s][info][gc,ergo     ] GC(219) Pacer for Mark. Expected Live: 171M, Free: 1396M, Non-Taxable: 139M, Alloc Tax Rate: 0.2x
[72.502s][info][gc          ] GC(219) Pause Init Mark (unload classes) 0.145ms
[72.502s][info][gc,start    ] GC(219) Concurrent marking roots
[72.502s][info][gc,task     ] GC(219) Using 1 of 3 workers for concurrent marking roots
[72.510s][info][gc          ] GC(219) Concurrent marking roots 7.749ms
[72.510s][info][gc,start    ] GC(219) Concurrent marking (unload classes)
[72.510s][info][gc,task     ] GC(219) Using 1 of 3 workers for concurrent marking
[72.642s][info][gc          ] GC(219) Concurrent marking (unload classes) 131.720ms
[72.642s][info][gc,start    ] GC(219) Pause Final Mark (unload classes)
[72.642s][info][gc,task     ] GC(219) Using 3 of 3 workers for final marking
[72.642s][info][gc,ergo     ] GC(219) Adaptive CSet Selection. Target Free: 290M, Actual Free: 1357M, Max CSet: 87381K, Min Garbage: 0B
[72.642s][info][gc,ergo     ] GC(219) Collectable Garbage: 366M (98%), Immediate: 305M (82%), CSet: 62642K (16%)
[72.642s][info][gc,ergo     ] GC(219) Pacer for Evacuation. Used CSet: 65256K, Free: 1280M, Non-Taxable: 128M, Alloc Tax Rate: 1.1x
[72.642s][info][gc          ] GC(219) Pause Final Mark (unload classes) 0.270ms
[72.642s][info][gc,start    ] GC(219) Concurrent thread roots
[72.642s][info][gc,task     ] GC(219) Using 1 of 3 workers for Concurrent thread roots
[72.650s][info][gc          ] GC(219) Concurrent thread roots 7.750ms
[72.650s][info][gc,start    ] GC(219) Concurrent weak references
[72.650s][info][gc,task     ] GC(219) Using 1 of 3 workers for concurrent weak references
[72.650s][info][gc,ref      ] GC(219) Encountered references: Soft: 2909, Weak: 6003, Final: 51, Phantom: 579
[72.650s][info][gc,ref      ] GC(219) Discovered  references: Soft: 0, Weak: 881, Final: 0, Phantom: 260
[72.650s][info][gc,ref      ] GC(219) Enqueued    references: Soft: 0, Weak: 95, Final: 0, Phantom: 0
[72.650s][info][gc          ] GC(219) Concurrent weak references 0.263ms
[72.650s][info][gc,start    ] GC(219) Concurrent weak roots
[72.650s][info][gc,task     ] GC(219) Using 1 of 3 workers for concurrent weak root
[72.654s][info][gc          ] GC(219) Concurrent weak roots 3.974ms
[72.654s][info][gc,start    ] GC(219) Concurrent cleanup
[72.655s][info][gc          ] GC(219) Concurrent cleanup 1007M->702M(2048M) 0.069ms
[72.655s][info][gc,ergo     ] GC(219) Free: 1240M, Max: 1024K regular, 910M humongous, Frag: 26% external, 0% internal; Reserve: 102M, Max: 1024K
[72.655s][info][gc,start    ] GC(219) Concurrent class unloading
[72.655s][info][gc,task     ] GC(219) Using 1 of 3 workers for concurrent class unloading
[72.676s][info][gc          ] GC(219) Concurrent class unloading 21.862ms
[72.676s][info][gc,start    ] GC(219) Concurrent strong roots
[72.677s][info][gc,task     ] GC(219) Using 1 of 3 workers for concurrent strong root
[72.677s][info][gc          ] GC(219) Concurrent strong roots 0.513ms
[72.677s][info][gc,start    ] GC(219) Concurrent evacuation
[72.677s][info][gc,task     ] GC(219) Using 1 of 3 workers for concurrent evacuation
[72.679s][info][gc          ] GC(219) Concurrent evacuation 1.898ms
[72.679s][info][gc,start    ] GC(219) Pause Init Update Refs
[72.679s][info][gc,ergo     ] GC(219) Pacer for Update Refs. Used: 772M, Free: 1173M, Non-Taxable: 117M, Alloc Tax Rate: 1.1x
[72.679s][info][gc          ] GC(219) Pause Init Update Refs 0.089ms
[72.679s][info][gc,start    ] GC(219) Concurrent update references
[72.679s][info][gc,task     ] GC(219) Using 1 of 3 workers for concurrent reference update
[72.855s][info][gc          ] GC(219) Concurrent update references 176.115ms
[72.855s][info][gc,start    ] GC(219) Concurrent update thread roots
[72.864s][info][gc          ] GC(219) Concurrent update thread roots 8.063ms
[72.864s][info][gc,start    ] GC(219) Pause Final Update Refs
[72.864s][info][gc,task     ] GC(219) Using 3 of 3 workers for final reference update
[72.864s][info][gc          ] GC(219) Pause Final Update Refs 0.101ms
[72.864s][info][gc,start    ] GC(219) Concurrent cleanup
[72.864s][info][gc          ] GC(219) Concurrent cleanup 1284M->1221M(2048M) 0.068ms
[72.864s][info][gc,ergo     ] Free: 721M, Max: 1024K regular, 638M humongous, Frag: 9% external, 0% internal; Reserve: 103M, Max: 1024K
[72.864s][info][gc,stats    ] 
[72.864s][info][gc,stats    ] All times are wall-clock times, except per-root-class counters, that are sum over
[72.864s][info][gc,stats    ] all workers. Dividing the <total> over the root stage time estimates parallelism.
[72.864s][info][gc,stats    ] 
[72.864s][info][gc,stats    ] Concurrent Reset                   1113 us
[72.864s][info][gc,stats    ] Pause Init Mark (G)                 314 us
[72.864s][info][gc,stats    ] Pause Init Mark (N)                 154 us
[72.864s][info][gc,stats    ]   Update Region States               59 us
[72.864s][info][gc,stats    ] Concurrent Mark Roots              7792 us, parallelism: 0.97x
[72.864s][info][gc,stats    ]   CMR: <total>                     7565 us
[72.864s][info][gc,stats    ]   CMR: Thread Roots                7487 us, workers (us): 7487, ---, ---, 
[72.864s][info][gc,stats    ]   CMR: VM Strong Roots               13 us, workers (us):  13, ---, ---, 
[72.864s][info][gc,stats    ]   CMR: CLDG Roots                    65 us, workers (us):  65, ---, ---, 
[72.864s][info][gc,stats    ] Concurrent Marking               131787 us
[72.864s][info][gc,stats    ] Pause Final Mark (G)                368 us
[72.864s][info][gc,stats    ] Pause Final Mark (N)                278 us
[72.864s][info][gc,stats    ]   Finish Mark                        76 us
[72.864s][info][gc,stats    ]   Update Region States               46 us
[72.864s][info][gc,stats    ]   Choose Collection Set              71 us
[72.864s][info][gc,stats    ]   Rebuild Free Set                    8 us
[72.864s][info][gc,stats    ] Concurrent Thread Roots            7795 us, parallelism: 0.99x
[72.864s][info][gc,stats    ]   CTR: <total>                     7687 us
[72.864s][info][gc,stats    ]   CTR: Thread Roots                7687 us, workers (us): 7687, ---, ---, 
[72.864s][info][gc,stats    ] Concurrent Weak References          279 us, parallelism: 0.49x
[72.864s][info][gc,stats    ]   CWRF: <total>                     138 us
[72.864s][info][gc,stats    ]   CWRF: Weak References             138 us, workers (us): 138, ---, ---, 
[72.864s][info][gc,stats    ] Concurrent Weak Roots              4014 us
[72.864s][info][gc,stats    ]   Roots                            3746 us, parallelism: 0.99x
[72.864s][info][gc,stats    ]     CWR: <total>                   3698 us
[72.864s][info][gc,stats    ]     CWR: Code Cache Roots          2949 us, workers (us): 2949, ---, ---, 
[72.864s][info][gc,stats    ]     CWR: VM Weak Roots              684 us, workers (us): 684, ---, ---, 
[72.864s][info][gc,stats    ]     CWR: CLDG Roots                  65 us, workers (us):  65, ---, ---, 
[72.864s][info][gc,stats    ]   Rendezvous                        195 us
[72.864s][info][gc,stats    ] Concurrent Cleanup                   87 us
[72.864s][info][gc,stats    ] Concurrent Class Unloading        21936 us
[72.864s][info][gc,stats    ]   Unlink Stale                    20982 us
[72.864s][info][gc,stats    ]     System Dictionary               245 us
[72.864s][info][gc,stats    ]     Weak Class Links               7937 us
[72.864s][info][gc,stats    ]     Code Roots                    12797 us
[72.864s][info][gc,stats    ]   Rendezvous                        191 us
[72.864s][info][gc,stats    ]   Purge Unlinked                    655 us
[72.864s][info][gc,stats    ]     Code Roots                      638 us
[72.864s][info][gc,stats    ]     CLDG                             17 us
[72.864s][info][gc,stats    ]     Exception Caches                  0 us
[72.864s][info][gc,stats    ] Concurrent Strong Roots             572 us, parallelism: 0.57x
[72.864s][info][gc,stats    ]   CSR: <total>                      324 us
[72.864s][info][gc,stats    ]   CSR: VM Strong Roots               13 us, workers (us):  13, ---, ---, 
[72.864s][info][gc,stats    ]   CSR: CLDG Roots                   311 us, workers (us): 311, ---, ---, 
[72.864s][info][gc,stats    ] Concurrent Evacuation              1931 us
[72.864s][info][gc,stats    ] Pause Init Update Refs (G)          239 us
[72.864s][info][gc,stats    ] Pause Init Update Refs (N)           98 us
[72.864s][info][gc,stats    ]   Manage GCLABs                      13 us
[72.864s][info][gc,stats    ] Concurrent Update Refs           176192 us
[72.864s][info][gc,stats    ] Concurrent Update Thread Roots     8122 us
[72.864s][info][gc,stats    ] Pause Final Update Refs (G)         254 us
[72.864s][info][gc,stats    ] Pause Final Update Refs (N)         121 us
[72.864s][info][gc,stats    ]   Update Region States               26 us
[72.864s][info][gc,stats    ]   Trash Collection Set                3 us
[72.864s][info][gc,stats    ]   Rebuild Free Set                    8 us
[72.864s][info][gc,stats    ] Concurrent Cleanup                   88 us
[72.864s][info][gc,stats    ] Pacing                            88008 us
[72.864s][info][gc,stats    ] 
[72.864s][info][gc,stats    ] Allocation pacing accrued:
[72.864s][info][gc,stats    ]      52 of   536 ms (  9.7%): Executor task launch worker for task 0.0 in stage 139.0 (TID 231)
[72.864s][info][gc,stats    ]      36 of   536 ms (  6.7%): Executor task launch worker for task 1.0 in stage 139.0 (TID 232)
[72.864s][info][gc,stats    ]      88 of   536 ms ( 16.4%): <total>
[72.864s][info][gc,stats    ]       0 of   536 ms (  0.1%): <average total>
[72.864s][info][gc,stats    ]      44 of   536 ms (  8.2%): <average non-zero>
[72.864s][info][gc,stats    ] 
[72.864s][info][gc,metaspace] Metaspace: 66611K(67392K)->66609K(67392K) NonClass: 58316K(58752K)->58315K(58752K) Class: 8294K(8640K)->8294K(8640K)
[72.864s][info][gc,ergo     ] Pacer for Idle. Initial: 41943K, Alloc Tax Rate: 1.0x
[72.878s][info][gc          ] Trigger: Learning 3 of 5. Free (679M) is below initial threshold (1433M)
[72.878s][info][gc,ergo     ] Free: 679M, Max: 1024K regular, 638M humongous, Frag: 3% external, 0% internal; Reserve: 103M, Max: 1024K
[72.878s][info][gc,start    ] GC(220) Concurrent reset
[72.878s][info][gc,task     ] GC(220) Using 1 of 3 workers for concurrent reset
[72.878s][info][gc,ergo     ] GC(220) Pacer for Reset. Non-Taxable: 2048M
[72.879s][info][gc          ] GC(220) Concurrent reset 0.814ms
[72.879s][info][gc,start    ] GC(220) Pause Init Mark (unload classes)
[72.879s][info][gc,task     ] GC(220) Using 3 of 3 workers for init marking
[72.879s][info][gc,ergo     ] GC(220) Pacer for Mark. Expected Live: 171M, Free: 679M, Non-Taxable: 69589K, Alloc Tax Rate: 0.3x
[72.879s][info][gc          ] GC(220) Pause Init Mark (unload classes) 0.251ms
[72.879s][info][gc,start    ] GC(220) Concurrent marking roots
[72.879s][info][gc,task     ] GC(220) Using 1 of 3 workers for concurrent marking roots
[72.887s][info][gc          ] GC(220) Concurrent marking roots 8.093ms
[72.887s][info][gc,start    ] GC(220) Concurrent marking (unload classes)
[72.887s][info][gc,task     ] GC(220) Using 1 of 3 workers for concurrent marking
[73.017s][info][gc          ] GC(220) Concurrent marking (unload classes) 129.078ms
[73.017s][info][gc,start    ] GC(220) Pause Final Mark (unload classes)
[73.017s][info][gc,task     ] GC(220) Using 3 of 3 workers for final marking
[73.017s][info][gc,ergo     ] GC(220) Collectable Garbage: 1071M (98%), Immediate: 1071M (98%), CSet: 0B (0%)
[73.017s][info][gc          ] GC(220) Pause Final Mark (unload classes) 0.414ms
[73.017s][info][gc,start    ] GC(220) Concurrent weak references
[73.017s][info][gc,task     ] GC(220) Using 1 of 3 workers for concurrent weak references
[73.017s][info][gc,ref      ] GC(220) Encountered references: Soft: 2909, Weak: 5907, Final: 51, Phantom: 579
[73.017s][info][gc,ref      ] GC(220) Discovered  references: Soft: 0, Weak: 802, Final: 0, Phantom: 260
[73.017s][info][gc,ref      ] GC(220) Enqueued    references: Soft: 0, Weak: 21, Final: 0, Phantom: 0
[73.017s][info][gc          ] GC(220) Concurrent weak references 0.164ms
[73.017s][info][gc,start    ] GC(220) Concurrent weak roots
[73.017s][info][gc,task     ] GC(220) Using 1 of 3 workers for concurrent weak root
[73.021s][info][gc          ] GC(220) Concurrent weak roots 3.671ms
[73.021s][info][gc,start    ] GC(220) Concurrent cleanup
[73.021s][info][gc          ] GC(220) Concurrent cleanup 1639M->568M(2048M) 0.093ms
[73.021s][info][gc,ergo     ] GC(220) Free: 1374M, Max: 1024K regular, 313M humongous, Frag: 77% external, 0% internal; Reserve: 103M, Max: 1024K
[73.021s][info][gc,start    ] GC(220) Concurrent class unloading
[73.021s][info][gc,task     ] GC(220) Using 1 of 3 workers for concurrent class unloading
[73.034s][info][gc          ] GC(220) Concurrent class unloading 12.411ms
[73.034s][info][gc,start    ] GC(220) Pause Final Roots
[73.034s][info][gc          ] GC(220) Pause Final Roots 0.051ms
[73.034s][info][gc,ergo     ] Free: 1327M, Max: 1024K regular, 313M humongous, Frag: 76% external, 0% internal; Reserve: 103M, Max: 1024K
[73.034s][info][gc,stats    ] 
[73.034s][info][gc,stats    ] All times are wall-clock times, except per-root-class counters, that are sum over
[73.034s][info][gc,stats    ] all workers. Dividing the <total> over the root stage time estimates parallelism.
[73.034s][info][gc,stats    ] 
[73.034s][info][gc,stats    ] Concurrent Reset                    835 us
[73.034s][info][gc,stats    ] Pause Init Mark (G)                 368 us
[73.034s][info][gc,stats    ] Pause Init Mark (N)                 269 us
[73.034s][info][gc,stats    ]   Update Region States               71 us
[73.034s][info][gc,stats    ] Concurrent Mark Roots              8119 us, parallelism: 0.98x
[73.034s][info][gc,stats    ]   CMR: <total>                     7933 us
[73.034s][info][gc,stats    ]   CMR: Thread Roots                7825 us, workers (us): 7825, ---, ---, 
[73.034s][info][gc,stats    ]   CMR: VM Strong Roots               19 us, workers (us):  19, ---, ---, 
[73.034s][info][gc,stats    ]   CMR: CLDG Roots                    90 us, workers (us):  90, ---, ---, 
[73.034s][info][gc,stats    ] Concurrent Marking               129126 us
[73.034s][info][gc,stats    ] Pause Final Mark (G)                555 us
[73.034s][info][gc,stats    ] Pause Final Mark (N)                439 us
[73.034s][info][gc,stats    ]   Finish Mark                       129 us
[73.034s][info][gc,stats    ]   Update Region States               71 us
[73.034s][info][gc,stats    ]   Choose Collection Set              86 us
[73.034s][info][gc,stats    ]   Rebuild Free Set                   21 us
[73.034s][info][gc,stats    ] Concurrent Weak References          173 us, parallelism: 0.38x
[73.034s][info][gc,stats    ]   CWRF: <total>                      65 us
[73.034s][info][gc,stats    ]   CWRF: Weak References              65 us, workers (us):  65, ---, ---, 
[73.034s][info][gc,stats    ] Concurrent Weak Roots              3696 us
[73.034s][info][gc,stats    ]   Roots                            3462 us, parallelism: 0.97x
[73.034s][info][gc,stats    ]     CWR: <total>                   3367 us
[73.034s][info][gc,stats    ]     CWR: Code Cache Roots          2549 us, workers (us): 2549, ---, ---, 
[73.034s][info][gc,stats    ]     CWR: VM Weak Roots              773 us, workers (us): 773, ---, ---, 
[73.034s][info][gc,stats    ]     CWR: CLDG Roots                  45 us, workers (us):  45, ---, ---, 
[73.034s][info][gc,stats    ]   Rendezvous                        193 us
[73.034s][info][gc,stats    ] Concurrent Cleanup                  102 us
[73.034s][info][gc,stats    ] Concurrent Class Unloading        12471 us
[73.034s][info][gc,stats    ]   Unlink Stale                    11476 us
[73.034s][info][gc,stats    ]     System Dictionary                53 us
[73.034s][info][gc,stats    ]     Weak Class Links                  0 us
[73.034s][info][gc,stats    ]     Code Roots                    11421 us
[73.034s][info][gc,stats    ]   Rendezvous                        248 us
[73.034s][info][gc,stats    ]   Purge Unlinked                    667 us
[73.034s][info][gc,stats    ]     Code Roots                      656 us
[73.034s][info][gc,stats    ]     CLDG                             10 us
[73.034s][info][gc,stats    ]     Exception Caches                  0 us
[73.034s][info][gc,stats    ] Pause Final Roots (G)               179 us
[73.034s][info][gc,stats    ] Pause Final Roots (N)                61 us
[73.034s][info][gc,stats    ] Pacing                            64357 us
[73.034s][info][gc,stats    ] 
[73.034s][info][gc,stats    ] Allocation pacing accrued:
[73.034s][info][gc,stats    ]      31 of   170 ms ( 18.2%): Executor task launch worker for task 0.0 in stage 139.0 (TID 231)
[73.034s][info][gc,stats    ]      33 of   170 ms ( 19.7%): Executor task launch worker for task 1.0 in stage 139.0 (TID 232)
[73.034s][info][gc,stats    ]      64 of   170 ms ( 37.9%): <total>
[73.034s][info][gc,stats    ]       0 of   170 ms (  0.1%): <average total>
[73.034s][info][gc,stats    ]      32 of   170 ms ( 19.0%): <average non-zero>
[73.034s][info][gc,stats    ] 
[73.034s][info][gc,metaspace] Metaspace: 66609K(67392K)->66609K(67392K) NonClass: 58315K(58752K)->58315K(58752K) Class: 8294K(8640K)->8294K(8640K)
[73.034s][info][gc,ergo     ] Pacer for Idle. Initial: 41943K, Alloc Tax Rate: 1.0x
[73.051s][info][gc          ] Trigger: Learning 4 of 5. Free (1286M) is below initial threshold (1433M)
[73.051s][info][gc,ergo     ] Free: 1286M, Max: 1024K regular, 313M humongous, Frag: 76% external, 0% internal; Reserve: 103M, Max: 1024K
[73.051s][info][gc,start    ] GC(221) Concurrent reset
[73.051s][info][gc,task     ] GC(221) Using 1 of 3 workers for concurrent reset
[73.051s][info][gc,ergo     ] GC(221) Pacer for Reset. Non-Taxable: 2048M
[73.052s][info][gc          ] GC(221) Concurrent reset 1.150ms
[73.052s][info][gc,start    ] GC(221) Pause Init Mark (unload classes)
[73.052s][info][gc,task     ] GC(221) Using 3 of 3 workers for init marking
[73.053s][info][gc,ergo     ] GC(221) Pacer for Mark. Expected Live: 171M, Free: 1286M, Non-Taxable: 128M, Alloc Tax Rate: 0.2x
[73.053s][info][gc          ] GC(221) Pause Init Mark (unload classes) 0.171ms
[73.053s][info][gc,start    ] GC(221) Concurrent marking roots
[73.053s][info][gc,task     ] GC(221) Using 1 of 3 workers for concurrent marking roots
[73.061s][info][gc          ] GC(221) Concurrent marking roots 8.000ms
[73.061s][info][gc,start    ] GC(221) Concurrent marking (unload classes)
[73.061s][info][gc,task     ] GC(221) Using 1 of 3 workers for concurrent marking
[73.191s][info][gc          ] GC(221) Concurrent marking (unload classes) 129.931ms
[73.191s][info][gc,start    ] GC(221) Pause Final Mark (unload classes)
[73.191s][info][gc,task     ] GC(221) Using 3 of 3 workers for final marking
[73.191s][info][gc,ergo     ] GC(221) Collectable Garbage: 466M (96%), Immediate: 466M (96%), CSet: 0B (0%)
[73.191s][info][gc          ] GC(221) Pause Final Mark (unload classes) 0.222ms
[73.191s][info][gc,start    ] GC(221) Concurrent weak references
[73.191s][info][gc,task     ] GC(221) Using 1 of 3 workers for concurrent weak references
[73.191s][info][gc,ref      ] GC(221) Encountered references: Soft: 2909, Weak: 5884, Final: 51, Phantom: 579
[73.191s][info][gc,ref      ] GC(221) Discovered  references: Soft: 0, Weak: 781, Final: 0, Phantom: 260
[73.191s][info][gc,ref      ] GC(221) Enqueued    references: Soft: 0, Weak: 0, Final: 0, Phantom: 0
[73.191s][info][gc          ] GC(221) Concurrent weak references 0.121ms
[73.191s][info][gc,start    ] GC(221) Concurrent weak roots
[73.191s][info][gc,task     ] GC(221) Using 1 of 3 workers for concurrent weak root
[73.194s][info][gc          ] GC(221) Concurrent weak roots 3.105ms
[73.194s][info][gc,start    ] GC(221) Concurrent cleanup
[73.194s][info][gc          ] GC(221) Concurrent cleanup 1074M->608M(2048M) 0.049ms
[73.194s][info][gc,ergo     ] GC(221) Free: 1333M, Max: 1024K regular, 463M humongous, Frag: 65% external, 0% internal; Reserve: 103M, Max: 1024K
[73.194s][info][gc,start    ] GC(221) Concurrent class unloading
[73.194s][info][gc,task     ] GC(221) Using 1 of 3 workers for concurrent class unloading
[73.205s][info][gc          ] GC(221) Concurrent class unloading 10.987ms
[73.205s][info][gc,start    ] GC(221) Pause Final Roots
[73.205s][info][gc          ] GC(221) Pause Final Roots 0.042ms
[73.205s][info][gc,ergo     ] Free: 1321M, Max: 1024K regular, 463M humongous, Frag: 65% external, 0% internal; Reserve: 103M, Max: 1024K
[73.206s][info][gc,stats    ] 
[73.206s][info][gc,stats    ] All times are wall-clock times, except per-root-class counters, that are sum over
[73.206s][info][gc,stats    ] all workers. Dividing the <total> over the root stage time estimates parallelism.
[73.206s][info][gc,stats    ] 
[73.206s][info][gc,stats    ] Concurrent Reset                   1170 us
[73.206s][info][gc,stats    ] Pause Init Mark (G)                 278 us
[73.206s][info][gc,stats    ] Pause Init Mark (N)                 180 us
[73.206s][info][gc,stats    ]   Update Region States               70 us
[73.206s][info][gc,stats    ] Concurrent Mark Roots              8023 us, parallelism: 0.98x
[73.206s][info][gc,stats    ]   CMR: <total>                     7851 us
[73.206s][info][gc,stats    ]   CMR: Thread Roots                7705 us, workers (us): 7705, ---, ---, 
[73.206s][info][gc,stats    ]   CMR: VM Strong Roots               19 us, workers (us):  19, ---, ---, 
[73.206s][info][gc,stats    ]   CMR: CLDG Roots                   127 us, workers (us): 127, ---, ---, 
[73.206s][info][gc,stats    ] Concurrent Marking               129983 us
[73.206s][info][gc,stats    ] Pause Final Mark (G)                325 us
[73.206s][info][gc,stats    ] Pause Final Mark (N)                232 us
[73.206s][info][gc,stats    ]   Finish Mark                        90 us
[73.206s][info][gc,stats    ]   Update Region States               34 us
[73.206s][info][gc,stats    ]   Choose Collection Set              35 us
[73.206s][info][gc,stats    ]   Rebuild Free Set                    8 us
[73.206s][info][gc,stats    ] Concurrent Weak References          128 us, parallelism: 0.36x
[73.206s][info][gc,stats    ]   CWRF: <total>                      47 us
[73.206s][info][gc,stats    ]   CWRF: Weak References              47 us, workers (us):  47, ---, ---, 
[73.206s][info][gc,stats    ] Concurrent Weak Roots              3147 us
[73.206s][info][gc,stats    ]   Roots                            2928 us, parallelism: 0.98x
[73.206s][info][gc,stats    ]     CWR: <total>                   2865 us
[73.206s][info][gc,stats    ]     CWR: Code Cache Roots          2490 us, workers (us): 2490, ---, ---, 
[73.206s][info][gc,stats    ]     CWR: VM Weak Roots              325 us, workers (us): 325, ---, ---, 
[73.206s][info][gc,stats    ]     CWR: CLDG Roots                  50 us, workers (us):  50, ---, ---, 
[73.206s][info][gc,stats    ]   Rendezvous                        158 us
[73.206s][info][gc,stats    ] Concurrent Cleanup                   58 us
[73.206s][info][gc,stats    ] Concurrent Class Unloading        11027 us
[73.206s][info][gc,stats    ]   Unlink Stale                    10329 us
[73.206s][info][gc,stats    ]     System Dictionary                50 us
[73.206s][info][gc,stats    ]     Weak Class Links                  0 us
[73.206s][info][gc,stats    ]     Code Roots                    10278 us
[73.206s][info][gc,stats    ]   Rendezvous                        160 us
[73.206s][info][gc,stats    ]   Purge Unlinked                    479 us
[73.206s][info][gc,stats    ]     Code Roots                      474 us
[73.206s][info][gc,stats    ]     CLDG                              4 us
[73.206s][info][gc,stats    ]     Exception Caches                  0 us
[73.206s][info][gc,stats    ] Pause Final Roots (G)               107 us
[73.206s][info][gc,stats    ] Pause Final Roots (N)                51 us
[73.206s][info][gc,stats    ] Pacing                            42320 us
[73.206s][info][gc,stats    ] 
[73.206s][info][gc,stats    ] Allocation pacing accrued:
[73.206s][info][gc,stats    ]      21 of   172 ms ( 12.4%): Executor task launch worker for task 0.0 in stage 140.0 (TID 233)
[73.206s][info][gc,stats    ]      21 of   172 ms ( 12.3%): Executor task launch worker for task 1.0 in stage 140.0 (TID 234)
[73.206s][info][gc,stats    ]      42 of   172 ms ( 24.7%): <total>
[73.206s][info][gc,stats    ]       0 of   172 ms (  0.1%): <average total>
[73.206s][info][gc,stats    ]      21 of   172 ms ( 12.3%): <average non-zero>
[73.206s][info][gc,stats    ] 
[73.206s][info][gc,metaspace] Metaspace: 66609K(67392K)->66624K(67392K) NonClass: 58315K(58752K)->58326K(58752K) Class: 8294K(8640K)->8297K(8640K)
[73.206s][info][gc,ergo     ] Pacer for Idle. Initial: 41943K, Alloc Tax Rate: 1.0x
[73.208s][info][gc          ] Trigger: Learning 5 of 5. Free (1316M) is below initial threshold (1433M)
[73.208s][info][gc,ergo     ] Free: 1316M, Max: 1024K regular, 463M humongous, Frag: 65% external, 0% internal; Reserve: 103M, Max: 1024K
[73.208s][info][gc,start    ] GC(222) Concurrent reset
[73.208s][info][gc,task     ] GC(222) Using 1 of 3 workers for concurrent reset
[73.208s][info][gc,ergo     ] GC(222) Pacer for Reset. Non-Taxable: 2048M
[73.209s][info][gc          ] GC(222) Concurrent reset 1.015ms
[73.209s][info][gc,start    ] GC(222) Pause Init Mark (unload classes)
[73.209s][info][gc,task     ] GC(222) Using 3 of 3 workers for init marking
[73.209s][info][gc,ergo     ] GC(222) Pacer for Mark. Expected Live: 171M, Free: 1314M, Non-Taxable: 131M, Alloc Tax Rate: 0.2x
[73.209s][info][gc          ] GC(222) Pause Init Mark (unload classes) 0.180ms
[73.209s][info][gc,start    ] GC(222) Concurrent marking roots
[73.209s][info][gc,task     ] GC(222) Using 1 of 3 workers for concurrent marking roots
[73.217s][info][gc          ] GC(222) Concurrent marking roots 7.215ms
[73.217s][info][gc,start    ] GC(222) Concurrent marking (unload classes)
[73.217s][info][gc,task     ] GC(222) Using 1 of 3 workers for concurrent marking
[73.346s][info][gc          ] GC(222) Concurrent marking (unload classes) 129.684ms
[73.347s][info][gc,start    ] GC(222) Pause Final Mark (unload classes)
[73.347s][info][gc,task     ] GC(222) Using 3 of 3 workers for final marking
[73.347s][info][gc,ergo     ] GC(222) Collectable Garbage: 425M (94%), Immediate: 425M (94%), CSet: 0B (0%)
[73.347s][info][gc          ] GC(222) Pause Final Mark (unload classes) 0.309ms
[73.347s][info][gc,start    ] GC(222) Concurrent weak references
[73.347s][info][gc,task     ] GC(222) Using 1 of 3 workers for concurrent weak references
[73.347s][info][gc,ref      ] GC(222) Encountered references: Soft: 2923, Weak: 5994, Final: 51, Phantom: 579
[73.347s][info][gc,ref      ] GC(222) Discovered  references: Soft: 0, Weak: 943, Final: 0, Phantom: 260
[73.347s][info][gc,ref      ] GC(222) Enqueued    references: Soft: 0, Weak: 14, Final: 0, Phantom: 0
[73.347s][info][gc          ] GC(222) Concurrent weak references 0.187ms
[73.347s][info][gc,start    ] GC(222) Concurrent weak roots
[73.347s][info][gc,task     ] GC(222) Using 1 of 3 workers for concurrent weak root
[73.350s][info][gc          ] GC(222) Concurrent weak roots 3.381ms
[73.351s][info][gc,start    ] GC(222) Concurrent cleanup
[73.351s][info][gc          ] GC(222) Concurrent cleanup 631M->206M(2048M) 0.080ms
[73.351s][info][gc,ergo     ] GC(222) Free: 1737M, Max: 1024K regular, 926M humongous, Frag: 46% external, 0% internal; Reserve: 103M, Max: 1024K
[73.351s][info][gc,start    ] GC(222) Concurrent class unloading
[73.351s][info][gc,task     ] GC(222) Using 1 of 3 workers for concurrent class unloading
[73.362s][info][gc          ] GC(222) Concurrent class unloading 11.694ms
[73.362s][info][gc,start    ] GC(222) Pause Final Roots
[73.362s][info][gc          ] GC(222) Pause Final Roots 0.056ms
[73.363s][info][gc,ergo     ] Free: 1737M, Max: 1024K regular, 926M humongous, Frag: 46% external, 0% internal; Reserve: 103M, Max: 1024K
[73.363s][info][gc,stats    ] 
[73.363s][info][gc,stats    ] All times are wall-clock times, except per-root-class counters, that are sum over
[73.363s][info][gc,stats    ] all workers. Dividing the <total> over the root stage time estimates parallelism.
[73.363s][info][gc,stats    ] 
[73.363s][info][gc,stats    ] Concurrent Reset                   1065 us
[73.363s][info][gc,stats    ] Pause Init Mark (G)                 345 us
[73.363s][info][gc,stats    ] Pause Init Mark (N)                 202 us
[73.363s][info][gc,stats    ]   Update Region States               56 us
[73.363s][info][gc,stats    ] Concurrent Mark Roots              7278 us, parallelism: 0.97x
[73.363s][info][gc,stats    ]   CMR: <total>                     7038 us
[73.363s][info][gc,stats    ]   CMR: Thread Roots                6953 us, workers (us): 6953, ---, ---, 
[73.363s][info][gc,stats    ]   CMR: VM Strong Roots               13 us, workers (us):  13, ---, ---, 
[73.363s][info][gc,stats    ]   CMR: CLDG Roots                    72 us, workers (us):  72, ---, ---, 
[73.363s][info][gc,stats    ] Concurrent Marking               129762 us
[73.363s][info][gc,stats    ] Pause Final Mark (G)                402 us
[73.363s][info][gc,stats    ] Pause Final Mark (N)                329 us
[73.363s][info][gc,stats    ]   Finish Mark                       107 us
[73.363s][info][gc,stats    ]   Update Region States               53 us
[73.363s][info][gc,stats    ]   Choose Collection Set              58 us
[73.363s][info][gc,stats    ]   Rebuild Free Set                   18 us
[73.363s][info][gc,stats    ] Concurrent Weak References          194 us, parallelism: 0.42x
[73.363s][info][gc,stats    ]   CWRF: <total>                      82 us
[73.363s][info][gc,stats    ]   CWRF: Weak References              82 us, workers (us):  82, ---, ---, 
[73.363s][info][gc,stats    ] Concurrent Weak Roots              3442 us
[73.363s][info][gc,stats    ]   Roots                            3194 us, parallelism: 0.98x
[73.363s][info][gc,stats    ]     CWR: <total>                   3127 us
[73.363s][info][gc,stats    ]     CWR: Code Cache Roots          2464 us, workers (us): 2464, ---, ---, 
[73.363s][info][gc,stats    ]     CWR: VM Weak Roots              613 us, workers (us): 613, ---, ---, 
[73.363s][info][gc,stats    ]     CWR: CLDG Roots                  50 us, workers (us):  50, ---, ---, 
[73.363s][info][gc,stats    ]   Rendezvous                        167 us
[73.363s][info][gc,stats    ] Concurrent Cleanup                   98 us
[73.363s][info][gc,stats    ] Concurrent Class Unloading        11773 us
[73.363s][info][gc,stats    ]   Unlink Stale                    10705 us
[73.363s][info][gc,stats    ]     System Dictionary                52 us
[73.363s][info][gc,stats    ]     Weak Class Links                  0 us
[73.363s][info][gc,stats    ]     Code Roots                    10651 us
[73.363s][info][gc,stats    ]   Rendezvous                        203 us
[73.363s][info][gc,stats    ]   Purge Unlinked                    748 us
[73.363s][info][gc,stats    ]     Code Roots                      731 us
[73.363s][info][gc,stats    ]     CLDG                             16 us
[73.363s][info][gc,stats    ]     Exception Caches                  1 us
[73.363s][info][gc,stats    ] Pause Final Roots (G)               122 us
[73.363s][info][gc,stats    ] Pause Final Roots (N)                65 us
[73.363s][info][gc,stats    ] 
[73.363s][info][gc,stats    ] Allocation pacing accrued:
[73.363s][info][gc,stats    ]       0 of   157 ms (  0.0%): <total>
[73.363s][info][gc,stats    ]       0 of   157 ms (  0.0%): <average total>
[73.363s][info][gc,stats    ] 
[73.363s][info][gc,metaspace] Metaspace: 66624K(67392K)->66626K(67392K) NonClass: 58327K(58752K)->58328K(58752K) Class: 8297K(8640K)->8297K(8640K)
[73.363s][info][gc,ergo     ] Pacer for Idle. Initial: 41943K, Alloc Tax Rate: 1.0x
[73.366s][info][gc          ] Trigger: Explicit GC request (System.gc())
[73.366s][info][gc,ergo     ] Free: 1737M, Max: 1024K regular, 926M humongous, Frag: 46% external, 0% internal; Reserve: 103M, Max: 1024K
[73.366s][info][gc,start    ] GC(223) Concurrent reset
[73.366s][info][gc,task     ] GC(223) Using 1 of 3 workers for concurrent reset
[73.366s][info][gc,ergo     ] GC(223) Pacer for Reset. Non-Taxable: 2048M
[73.367s][info][gc          ] GC(223) Concurrent reset 1.059ms
[73.367s][info][gc,start    ] GC(223) Pause Init Mark (unload classes)
[73.367s][info][gc,task     ] GC(223) Using 3 of 3 workers for init marking
[73.367s][info][gc,ref      ] GC(223) Clearing All SoftReferences
[73.367s][info][gc,ergo     ] GC(223) Pacer for Mark. Expected Live: 171M, Free: 1737M, Non-Taxable: 173M, Alloc Tax Rate: 0.1x
[73.367s][info][gc          ] GC(223) Pause Init Mark (unload classes) 0.190ms
[73.367s][info][gc,start    ] GC(223) Concurrent marking roots
[73.367s][info][gc,task     ] GC(223) Using 1 of 3 workers for concurrent marking roots
[73.374s][info][gc          ] GC(223) Concurrent marking roots 7.134ms
[73.375s][info][gc,start    ] GC(223) Concurrent marking (unload classes)
[73.375s][info][gc,task     ] GC(223) Using 1 of 3 workers for concurrent marking
[73.503s][info][gc          ] GC(223) Concurrent marking (unload classes) 128.671ms
[73.503s][info][gc,start    ] GC(223) Pause Final Mark (unload classes)
[73.503s][info][gc,task     ] GC(223) Using 3 of 3 workers for final marking
[73.504s][info][gc,ergo     ] GC(223) Adaptive CSet Selection. Target Free: 290M, Actual Free: 1814M, Max CSet: 87381K, Min Garbage: 0B
[73.504s][info][gc,ergo     ] GC(223) Collectable Garbage: 30888K (85%), Immediate: 1024K (2%), CSet: 29864K (82%)
[73.504s][info][gc,ergo     ] GC(223) Pacer for Evacuation. Used CSet: 30720K, Free: 1734M, Non-Taxable: 173M, Alloc Tax Rate: 1.1x
[73.504s][info][gc          ] GC(223) Pause Final Mark (unload classes) 0.436ms
[73.504s][info][gc,start    ] GC(223) Concurrent thread roots
[73.504s][info][gc,task     ] GC(223) Using 1 of 3 workers for Concurrent thread roots
[73.511s][info][gc          ] GC(223) Concurrent thread roots 7.362ms
[73.511s][info][gc,start    ] GC(223) Concurrent weak references
[73.511s][info][gc,task     ] GC(223) Using 1 of 3 workers for concurrent weak references
[73.512s][info][gc,ref      ] GC(223) Encountered references: Soft: 2824, Weak: 5887, Final: 51, Phantom: 579
[73.512s][info][gc,ref      ] GC(223) Discovered  references: Soft: 658, Weak: 943, Final: 0, Phantom: 337
[73.512s][info][gc,ref      ] GC(223) Enqueued    references: Soft: 296, Weak: 148, Final: 0, Phantom: 0
[73.512s][info][gc          ] GC(223) Concurrent weak references 0.516ms
[73.512s][info][gc,start    ] GC(223) Concurrent weak roots
[73.512s][info][gc,task     ] GC(223) Using 1 of 3 workers for concurrent weak root
[73.515s][info][gc          ] GC(223) Concurrent weak roots 3.538ms
[73.515s][info][gc,start    ] GC(223) Concurrent cleanup
[73.515s][info][gc          ] GC(223) Concurrent cleanup 221M->220M(2048M) 0.028ms
[73.515s][info][gc,ergo     ] GC(223) Free: 1723M, Max: 1024K regular, 926M humongous, Frag: 46% external, 0% internal; Reserve: 102M, Max: 1024K
[73.515s][info][gc,start    ] GC(223) Concurrent class unloading
[73.515s][info][gc,task     ] GC(223) Using 1 of 3 workers for concurrent class unloading
[73.536s][info][gc          ] GC(223) Concurrent class unloading 20.788ms
[73.536s][info][gc,start    ] GC(223) Concurrent strong roots
[73.536s][info][gc,task     ] GC(223) Using 1 of 3 workers for concurrent strong root
[73.537s][info][gc          ] GC(223) Concurrent strong roots 0.290ms
[73.537s][info][gc,start    ] GC(223) Concurrent evacuation
[73.537s][info][gc,task     ] GC(223) Using 1 of 3 workers for concurrent evacuation
[73.537s][info][gc          ] GC(223) Concurrent evacuation 0.398ms
[73.537s][info][gc,start    ] GC(223) Pause Init Update Refs
[73.537s][info][gc,ergo     ] GC(223) Pacer for Update Refs. Used: 221M, Free: 1723M, Non-Taxable: 172M, Alloc Tax Rate: 1.1x
[73.537s][info][gc          ] GC(223) Pause Init Update Refs 0.062ms
[73.537s][info][gc,start    ] GC(223) Concurrent update references
[73.537s][info][gc,task     ] GC(223) Using 1 of 3 workers for concurrent reference update
[73.600s][info][gc          ] GC(223) Concurrent update references 62.458ms
[73.600s][info][gc,start    ] GC(223) Concurrent update thread roots
[73.606s][info][gc          ] GC(223) Concurrent update thread roots 6.609ms
[73.606s][info][gc,start    ] GC(223) Pause Final Update Refs
[73.606s][info][gc,task     ] GC(223) Using 3 of 3 workers for final reference update
[73.606s][info][gc          ] GC(223) Pause Final Update Refs 0.133ms
[73.606s][info][gc,start    ] GC(223) Concurrent cleanup
[73.607s][info][gc          ] GC(223) Concurrent cleanup 221M->191M(2048M) 0.034ms
[73.607s][info][gc,ergo     ] Free: 1752M, Max: 1024K regular, 1383M humongous, Frag: 20% external, 0% internal; Reserve: 103M, Max: 1024K
[73.607s][info][gc,stats    ] 
[73.607s][info][gc,stats    ] All times are wall-clock times, except per-root-class counters, that are sum over
[73.607s][info][gc,stats    ] all workers. Dividing the <total> over the root stage time estimates parallelism.
[73.607s][info][gc,stats    ] 
[73.607s][info][gc,stats    ] Concurrent Reset                   1112 us
[73.607s][info][gc,stats    ] Pause Init Mark (G)                 326 us
[73.607s][info][gc,stats    ] Pause Init Mark (N)                 211 us
[73.607s][info][gc,stats    ]   Update Region States               48 us
[73.607s][info][gc,stats    ] Concurrent Mark Roots              7184 us, parallelism: 0.96x
[73.607s][info][gc,stats    ]   CMR: <total>                     6868 us
[73.607s][info][gc,stats    ]   CMR: Thread Roots                6780 us, workers (us): 6780, ---, ---, 
[73.607s][info][gc,stats    ]   CMR: VM Strong Roots               11 us, workers (us):  11, ---, ---, 
[73.607s][info][gc,stats    ]   CMR: CLDG Roots                    77 us, workers (us):  77, ---, ---, 
[73.607s][info][gc,stats    ] Concurrent Marking               128727 us
[73.607s][info][gc,stats    ] Pause Final Mark (G)                576 us
[73.607s][info][gc,stats    ] Pause Final Mark (N)                453 us
[73.607s][info][gc,stats    ]   Finish Mark                       107 us
[73.607s][info][gc,stats    ]   Update Region States               89 us
[73.607s][info][gc,stats    ]   Choose Collection Set             111 us
[73.607s][info][gc,stats    ]   Rebuild Free Set                   18 us
[73.607s][info][gc,stats    ] Concurrent Thread Roots            7407 us, parallelism: 0.98x
[73.607s][info][gc,stats    ]   CTR: <total>                     7230 us
[73.607s][info][gc,stats    ]   CTR: Thread Roots                7230 us, workers (us): 7230, ---, ---, 
[73.607s][info][gc,stats    ] Concurrent Weak References          523 us, parallelism: 0.67x
[73.607s][info][gc,stats    ]   CWRF: <total>                     353 us
[73.607s][info][gc,stats    ]   CWRF: Weak References             353 us, workers (us): 353, ---, ---, 
[73.607s][info][gc,stats    ] Concurrent Weak Roots              3583 us
[73.607s][info][gc,stats    ]   Roots                            3337 us, parallelism: 0.97x
[73.607s][info][gc,stats    ]     CWR: <total>                   3247 us
[73.607s][info][gc,stats    ]     CWR: Code Cache Roots          2594 us, workers (us): 2594, ---, ---, 
[73.607s][info][gc,stats    ]     CWR: VM Weak Roots              601 us, workers (us): 601, ---, ---, 
[73.607s][info][gc,stats    ]     CWR: CLDG Roots                  52 us, workers (us):  52, ---, ---, 
[73.607s][info][gc,stats    ]   Rendezvous                        181 us
[73.607s][info][gc,stats    ] Concurrent Cleanup                   36 us
[73.607s][info][gc,stats    ] Concurrent Class Unloading        20837 us
[73.607s][info][gc,stats    ]   Unlink Stale                    19281 us
[73.607s][info][gc,stats    ]     System Dictionary               640 us
[73.607s][info][gc,stats    ]     Weak Class Links               6931 us
[73.607s][info][gc,stats    ]     Code Roots                    11708 us
[73.607s][info][gc,stats    ]   Rendezvous                        323 us
[73.607s][info][gc,stats    ]   Purge Unlinked                   1163 us
[73.607s][info][gc,stats    ]     Code Roots                      735 us
[73.607s][info][gc,stats    ]     CLDG                            428 us
[73.607s][info][gc,stats    ]     Exception Caches                  0 us
[73.607s][info][gc,stats    ] Concurrent Strong Roots             310 us, parallelism: 0.62x
[73.607s][info][gc,stats    ]   CSR: <total>                      193 us
[73.607s][info][gc,stats    ]   CSR: VM Strong Roots               12 us, workers (us):  12, ---, ---, 
[73.607s][info][gc,stats    ]   CSR: CLDG Roots                   182 us, workers (us): 182, ---, ---, 
[73.607s][info][gc,stats    ] Concurrent Evacuation               418 us
[73.607s][info][gc,stats    ] Pause Init Update Refs (G)          149 us
[73.607s][info][gc,stats    ] Pause Init Update Refs (N)           70 us
[73.607s][info][gc,stats    ]   Manage GCLABs                      12 us
[73.607s][info][gc,stats    ] Concurrent Update Refs            62514 us
[73.607s][info][gc,stats    ] Concurrent Update Thread Roots     6659 us
[73.607s][info][gc,stats    ] Pause Final Update Refs (G)         203 us
[73.607s][info][gc,stats    ] Pause Final Update Refs (N)         143 us
[73.607s][info][gc,stats    ]   Update Region States               56 us
[73.607s][info][gc,stats    ]   Trash Collection Set                4 us
[73.607s][info][gc,stats    ]   Rebuild Free Set                   13 us
[73.607s][info][gc,stats    ] Concurrent Cleanup                   43 us
[73.607s][info][gc,stats    ] 
[73.607s][info][gc,stats    ] Allocation pacing accrued:
[73.607s][info][gc,stats    ]       0 of   244 ms (  0.0%): <total>
[73.607s][info][gc,stats    ]       0 of   244 ms (  0.0%): <average total>
[73.607s][info][gc,stats    ] 
[73.607s][info][gc,metaspace] Metaspace: 66626K(67392K)->66304K(67392K) NonClass: 58328K(58752K)->58061K(58752K) Class: 8297K(8640K)->8242K(8640K)
[73.607s][info][gc,ergo     ] Pacer for Idle. Initial: 41943K, Alloc Tax Rate: 1.0x
[73.764s][info][gc          ] Trigger: Learning 2 of 5. Free (1410M) is below initial threshold (1433M)
[73.764s][info][gc,ergo     ] Free: 1410M, Max: 1024K regular, 1383M humongous, Frag: 1% external, 0% internal; Reserve: 103M, Max: 1024K
[73.764s][info][gc,start    ] GC(224) Concurrent reset
[73.764s][info][gc,task     ] GC(224) Using 1 of 3 workers for concurrent reset
[73.764s][info][gc,ergo     ] GC(224) Pacer for Reset. Non-Taxable: 2048M
[73.765s][info][gc          ] GC(224) Concurrent reset 0.953ms
[73.766s][info][gc,start    ] GC(224) Pause Init Mark (unload classes)
[73.766s][info][gc,task     ] GC(224) Using 3 of 3 workers for init marking
[73.766s][info][gc,ergo     ] GC(224) Pacer for Mark. Expected Live: 171M, Free: 1407M, Non-Taxable: 140M, Alloc Tax Rate: 0.1x
[73.766s][info][gc          ] GC(224) Pause Init Mark (unload classes) 0.128ms
[73.766s][info][gc,start    ] GC(224) Concurrent marking roots
[73.766s][info][gc,task     ] GC(224) Using 1 of 3 workers for concurrent marking roots
[73.774s][info][gc          ] GC(224) Concurrent marking roots 7.886ms
[73.774s][info][gc,start    ] GC(224) Concurrent marking (unload classes)
[73.774s][info][gc,task     ] GC(224) Using 1 of 3 workers for concurrent marking
[73.904s][info][gc          ] GC(224) Concurrent marking (unload classes) 130.813ms
[73.905s][info][gc,start    ] GC(224) Pause Final Mark (unload classes)
[73.905s][info][gc,task     ] GC(224) Using 3 of 3 workers for final marking
[73.905s][info][gc,ergo     ] GC(224) Adaptive CSet Selection. Target Free: 290M, Actual Free: 1341M, Max CSet: 87381K, Min Garbage: 0B
[73.905s][info][gc,ergo     ] GC(224) Collectable Garbage: 355M (98%), Immediate: 316M (87%), CSet: 40567K (10%)
[73.905s][info][gc,ergo     ] GC(224) Pacer for Evacuation. Used CSet: 42562K, Free: 1265M, Non-Taxable: 126M, Alloc Tax Rate: 1.1x
[73.905s][info][gc          ] GC(224) Pause Final Mark (unload classes) 0.273ms
[73.905s][info][gc,start    ] GC(224) Concurrent thread roots
[73.905s][info][gc,task     ] GC(224) Using 1 of 3 workers for Concurrent thread roots
[73.912s][info][gc          ] GC(224) Concurrent thread roots 7.564ms
[73.913s][info][gc,start    ] GC(224) Concurrent weak references
[73.913s][info][gc,task     ] GC(224) Using 1 of 3 workers for concurrent weak references
[73.913s][info][gc,ref      ] GC(224) Encountered references: Soft: 2909, Weak: 5990, Final: 51, Phantom: 579
[73.913s][info][gc,ref      ] GC(224) Discovered  references: Soft: 0, Weak: 865, Final: 0, Phantom: 260
[73.913s][info][gc,ref      ] GC(224) Enqueued    references: Soft: 0, Weak: 93, Final: 0, Phantom: 0
[73.913s][info][gc          ] GC(224) Concurrent weak references 0.309ms
[73.913s][info][gc,start    ] GC(224) Concurrent weak roots
[73.913s][info][gc,task     ] GC(224) Using 1 of 3 workers for concurrent weak root
[73.917s][info][gc          ] GC(224) Concurrent weak roots 4.301ms
[73.917s][info][gc,start    ] GC(224) Concurrent cleanup
[73.917s][info][gc          ] GC(224) Concurrent cleanup 1035M->720M(2048M) 0.072ms
[73.917s][info][gc,ergo     ] GC(224) Free: 1223M, Max: 1024K regular, 881M humongous, Frag: 27% external, 0% internal; Reserve: 102M, Max: 1024K
[73.917s][info][gc,start    ] GC(224) Concurrent class unloading
[73.917s][info][gc,task     ] GC(224) Using 1 of 3 workers for concurrent class unloading
[73.939s][info][gc          ] GC(224) Concurrent class unloading 22.089ms
[73.939s][info][gc,start    ] GC(224) Concurrent strong roots
[73.940s][info][gc,task     ] GC(224) Using 1 of 3 workers for concurrent strong root
[73.940s][info][gc          ] GC(224) Concurrent strong roots 0.416ms
[73.940s][info][gc,start    ] GC(224) Concurrent evacuation
[73.940s][info][gc,task     ] GC(224) Using 1 of 3 workers for concurrent evacuation
[73.942s][info][gc          ] GC(224) Concurrent evacuation 1.630ms
[73.942s][info][gc,start    ] GC(224) Pause Init Update Refs
[73.942s][info][gc,ergo     ] GC(224) Pacer for Update Refs. Used: 789M, Free: 1156M, Non-Taxable: 115M, Alloc Tax Rate: 1.1x
[73.942s][info][gc          ] GC(224) Pause Init Update Refs 0.095ms
[73.942s][info][gc,start    ] GC(224) Concurrent update references
[73.942s][info][gc,task     ] GC(224) Using 1 of 3 workers for concurrent reference update
[74.128s][info][gc          ] GC(224) Concurrent update references 186.169ms
[74.128s][info][gc,start    ] GC(224) Concurrent update thread roots
[74.136s][info][gc          ] GC(224) Concurrent update thread roots 7.755ms
[74.136s][info][gc,start    ] GC(224) Pause Final Update Refs
[74.136s][info][gc,task     ] GC(224) Using 3 of 3 workers for final reference update
[74.136s][info][gc          ] GC(224) Pause Final Update Refs 0.141ms
[74.136s][info][gc,start    ] GC(224) Concurrent cleanup
[74.136s][info][gc          ] GC(224) Concurrent cleanup 1334M->1293M(2048M) 0.036ms
[74.136s][info][gc,ergo     ] Free: 649M, Max: 1024K regular, 585M humongous, Frag: 7% external, 0% internal; Reserve: 103M, Max: 1024K
[74.136s][info][gc,stats    ] 
[74.136s][info][gc,stats    ] All times are wall-clock times, except per-root-class counters, that are sum over
[74.136s][info][gc,stats    ] all workers. Dividing the <total> over the root stage time estimates parallelism.
[74.136s][info][gc,stats    ] 
[74.136s][info][gc,stats    ] Concurrent Reset                   1007 us
[74.136s][info][gc,stats    ] Pause Init Mark (G)                 316 us
[74.136s][info][gc,stats    ] Pause Init Mark (N)                 137 us
[74.136s][info][gc,stats    ]   Update Region States               46 us
[74.136s][info][gc,stats    ] Concurrent Mark Roots              7945 us, parallelism: 0.97x
[74.136s][info][gc,stats    ]   CMR: <total>                     7705 us
[74.136s][info][gc,stats    ]   CMR: Thread Roots                7585 us, workers (us): 7585, ---, ---, 
[74.136s][info][gc,stats    ]   CMR: VM Strong Roots               18 us, workers (us):  18, ---, ---, 
[74.136s][info][gc,stats    ]   CMR: CLDG Roots                   102 us, workers (us): 102, ---, ---, 
[74.136s][info][gc,stats    ] Concurrent Marking               130893 us
[74.136s][info][gc,stats    ] Pause Final Mark (G)                371 us
[74.136s][info][gc,stats    ] Pause Final Mark (N)                281 us
[74.136s][info][gc,stats    ]   Finish Mark                        58 us
[74.136s][info][gc,stats    ]   Update Region States               43 us
[74.136s][info][gc,stats    ]   Choose Collection Set              73 us
[74.136s][info][gc,stats    ]   Rebuild Free Set                    8 us
[74.136s][info][gc,stats    ] Concurrent Thread Roots            7611 us, parallelism: 0.98x
[74.136s][info][gc,stats    ]   CTR: <total>                     7474 us
[74.136s][info][gc,stats    ]   CTR: Thread Roots                7474 us, workers (us): 7474, ---, ---, 
[74.136s][info][gc,stats    ] Concurrent Weak References          326 us, parallelism: 0.42x
[74.136s][info][gc,stats    ]   CWRF: <total>                     137 us
[74.136s][info][gc,stats    ]   CWRF: Weak References             137 us, workers (us): 137, ---, ---, 
[74.136s][info][gc,stats    ] Concurrent Weak Roots              4347 us
[74.136s][info][gc,stats    ]   Roots                            4018 us, parallelism: 0.98x
[74.136s][info][gc,stats    ]     CWR: <total>                   3932 us
[74.136s][info][gc,stats    ]     CWR: Code Cache Roots          2831 us, workers (us): 2831, ---, ---, 
[74.136s][info][gc,stats    ]     CWR: VM Weak Roots             1034 us, workers (us): 1034, ---, ---, 
[74.136s][info][gc,stats    ]     CWR: CLDG Roots                  67 us, workers (us):  67, ---, ---, 
[74.136s][info][gc,stats    ]   Rendezvous                        249 us
[74.136s][info][gc,stats    ] Concurrent Cleanup                   91 us
[74.136s][info][gc,stats    ] Concurrent Class Unloading        22159 us
[74.136s][info][gc,stats    ]   Unlink Stale                    21225 us
[74.137s][info][gc,stats    ]     System Dictionary               246 us
[74.137s][info][gc,stats    ]     Weak Class Links               8242 us
[74.137s][info][gc,stats    ]     Code Roots                    12734 us
[74.137s][info][gc,stats    ]   Rendezvous                        196 us
[74.137s][info][gc,stats    ]   Purge Unlinked                    633 us
[74.137s][info][gc,stats    ]     Code Roots                      608 us
[74.137s][info][gc,stats    ]     CLDG                             24 us
[74.137s][info][gc,stats    ]     Exception Caches                  0 us
[74.137s][info][gc,stats    ] Concurrent Strong Roots             452 us, parallelism: 0.58x
[74.137s][info][gc,stats    ]   CSR: <total>                      261 us
[74.137s][info][gc,stats    ]   CSR: VM Strong Roots               13 us, workers (us):  13, ---, ---, 
[74.137s][info][gc,stats    ]   CSR: CLDG Roots                   248 us, workers (us): 248, ---, ---, 
[74.137s][info][gc,stats    ] Concurrent Evacuation              1697 us
[74.137s][info][gc,stats    ] Pause Init Update Refs (G)          209 us
[74.137s][info][gc,stats    ] Pause Init Update Refs (N)          104 us
[74.137s][info][gc,stats    ]   Manage GCLABs                      21 us
[74.137s][info][gc,stats    ] Concurrent Update Refs           186229 us
[74.137s][info][gc,stats    ] Concurrent Update Thread Roots     7810 us
[74.137s][info][gc,stats    ] Pause Final Update Refs (G)         278 us
[74.137s][info][gc,stats    ] Pause Final Update Refs (N)         159 us
[74.137s][info][gc,stats    ]   Update Region States               55 us
[74.137s][info][gc,stats    ]   Trash Collection Set                4 us
[74.137s][info][gc,stats    ]   Rebuild Free Set                   14 us
[74.137s][info][gc,stats    ] Concurrent Cleanup                   45 us
[74.137s][info][gc,stats    ] Pacing                            18417 us
[74.137s][info][gc,stats    ] 
[74.137s][info][gc,stats    ] Allocation pacing accrued:
[74.137s][info][gc,stats    ]       1 of   530 ms (  0.3%): Executor task launch worker for task 1.0 in stage 142.0 (TID 237)
[74.137s][info][gc,stats    ]      17 of   530 ms (  3.2%): Executor task launch worker for task 0.0 in stage 142.0 (TID 236)
[74.137s][info][gc,stats    ]      18 of   530 ms (  3.5%): <total>
[74.137s][info][gc,stats    ]       0 of   530 ms (  0.0%): <average total>
[74.137s][info][gc,stats    ]       9 of   530 ms (  1.7%): <average non-zero>
[74.137s][info][gc,stats    ] 
[74.137s][info][gc,metaspace] Metaspace: 66615K(67392K)->66613K(67392K) NonClass: 58321K(58752K)->58319K(58752K) Class: 8294K(8640K)->8294K(8640K)
[74.137s][info][gc,ergo     ] Pacer for Idle. Initial: 41943K, Alloc Tax Rate: 1.0x
[74.141s][info][gc          ] Trigger: Learning 3 of 5. Free (634M) is below initial threshold (1433M)
[74.141s][info][gc,ergo     ] Free: 634M, Max: 1024K regular, 585M humongous, Frag: 5% external, 0% internal; Reserve: 103M, Max: 1024K
[74.141s][info][gc,start    ] GC(225) Concurrent reset
[74.141s][info][gc,task     ] GC(225) Using 1 of 3 workers for concurrent reset
[74.141s][info][gc,ergo     ] GC(225) Pacer for Reset. Non-Taxable: 2048M
[74.142s][info][gc          ] GC(225) Concurrent reset 1.202ms
[74.142s][info][gc,start    ] GC(225) Pause Init Mark (unload classes)
[74.142s][info][gc,task     ] GC(225) Using 3 of 3 workers for init marking
[74.142s][info][gc,ergo     ] GC(225) Pacer for Mark. Expected Live: 171M, Free: 629M, Non-Taxable: 64482K, Alloc Tax Rate: 0.3x
[74.142s][info][gc          ] GC(225) Pause Init Mark (unload classes) 0.175ms
[74.142s][info][gc,start    ] GC(225) Concurrent marking roots
[74.142s][info][gc,task     ] GC(225) Using 1 of 3 workers for concurrent marking roots
[74.150s][info][gc          ] GC(225) Concurrent marking roots 7.852ms
[74.150s][info][gc,start    ] GC(225) Concurrent marking (unload classes)
[74.150s][info][gc,task     ] GC(225) Using 1 of 3 workers for concurrent marking
[74.280s][info][gc          ] GC(225) Concurrent marking (unload classes) 129.674ms
[74.280s][info][gc,start    ] GC(225) Pause Final Mark (unload classes)
[74.280s][info][gc,task     ] GC(225) Using 3 of 3 workers for final marking
[74.280s][info][gc,ergo     ] GC(225) Collectable Garbage: 1121M (98%), Immediate: 1121M (98%), CSet: 0B (0%)
[74.280s][info][gc          ] GC(225) Pause Final Mark (unload classes) 0.294ms
[74.280s][info][gc,start    ] GC(225) Concurrent weak references
[74.280s][info][gc,task     ] GC(225) Using 1 of 3 workers for concurrent weak references
[74.280s][info][gc,ref      ] GC(225) Encountered references: Soft: 2909, Weak: 5897, Final: 51, Phantom: 579
[74.281s][info][gc,ref      ] GC(225) Discovered  references: Soft: 0, Weak: 785, Final: 0, Phantom: 260
[74.281s][info][gc,ref      ] GC(225) Enqueued    references: Soft: 0, Weak: 16, Final: 0, Phantom: 0
[74.281s][info][gc          ] GC(225) Concurrent weak references 0.236ms
[74.281s][info][gc,start    ] GC(225) Concurrent weak roots
[74.281s][info][gc,task     ] GC(225) Using 1 of 3 workers for concurrent weak root
[74.284s][info][gc          ] GC(225) Concurrent weak roots 3.678ms
[74.284s][info][gc,start    ] GC(225) Concurrent cleanup
[74.284s][info][gc          ] GC(225) Concurrent cleanup 1670M->549M(2048M) 0.141ms
[74.284s][info][gc,ergo     ] GC(225) Free: 1393M, Max: 1024K regular, 484M humongous, Frag: 65% external, 0% internal; Reserve: 103M, Max: 1024K
[74.285s][info][gc,start    ] GC(225) Concurrent class unloading
[74.285s][info][gc,task     ] GC(225) Using 1 of 3 workers for concurrent class unloading
[74.297s][info][gc          ] GC(225) Concurrent class unloading 12.764ms
[74.297s][info][gc,start    ] GC(225) Pause Final Roots
[74.297s][info][gc          ] GC(225) Pause Final Roots 0.058ms
[74.298s][info][gc,ergo     ] Free: 1344M, Max: 1024K regular, 484M humongous, Frag: 64% external, 0% internal; Reserve: 103M, Max: 1024K
[74.298s][info][gc,stats    ] 
[74.298s][info][gc,stats    ] All times are wall-clock times, except per-root-class counters, that are sum over
[74.298s][info][gc,stats    ] all workers. Dividing the <total> over the root stage time estimates parallelism.
[74.298s][info][gc,stats    ] 
[74.298s][info][gc,stats    ] Concurrent Reset                   1220 us
[74.298s][info][gc,stats    ] Pause Init Mark (G)                 355 us
[74.298s][info][gc,stats    ] Pause Init Mark (N)                 192 us
[74.298s][info][gc,stats    ]   Update Region States               50 us
[74.298s][info][gc,stats    ] Concurrent Mark Roots              7902 us, parallelism: 0.97x
[74.298s][info][gc,stats    ]   CMR: <total>                     7656 us
[74.298s][info][gc,stats    ]   CMR: Thread Roots                7550 us, workers (us): 7550, ---, ---, 
[74.298s][info][gc,stats    ]   CMR: VM Strong Roots               11 us, workers (us):  11, ---, ---, 
[74.298s][info][gc,stats    ]   CMR: CLDG Roots                    94 us, workers (us):  94, ---, ---, 
[74.298s][info][gc,stats    ] Concurrent Marking               129754 us
[74.298s][info][gc,stats    ] Pause Final Mark (G)                391 us
[74.298s][info][gc,stats    ] Pause Final Mark (N)                303 us
[74.298s][info][gc,stats    ]   Finish Mark                       120 us
[74.298s][info][gc,stats    ]   Update Region States               52 us
[74.298s][info][gc,stats    ]   Choose Collection Set              45 us
[74.298s][info][gc,stats    ]   Rebuild Free Set                    8 us
[74.298s][info][gc,stats    ] Concurrent Weak References          257 us, parallelism: 0.18x
[74.298s][info][gc,stats    ]   CWRF: <total>                      46 us
[74.298s][info][gc,stats    ]   CWRF: Weak References              46 us, workers (us):  46, ---, ---, 
[74.298s][info][gc,stats    ] Concurrent Weak Roots              3741 us
[74.298s][info][gc,stats    ]   Roots                            3490 us, parallelism: 0.96x
[74.298s][info][gc,stats    ]     CWR: <total>                   3362 us
[74.298s][info][gc,stats    ]     CWR: Code Cache Roots          2694 us, workers (us): 2694, ---, ---, 
[74.298s][info][gc,stats    ]     CWR: VM Weak Roots              621 us, workers (us): 621, ---, ---, 
[74.298s][info][gc,stats    ]     CWR: CLDG Roots                  48 us, workers (us):  48, ---, ---, 
[74.298s][info][gc,stats    ]   Rendezvous                        148 us
[74.298s][info][gc,stats    ] Concurrent Cleanup                  159 us
[74.298s][info][gc,stats    ] Concurrent Class Unloading        12841 us
[74.298s][info][gc,stats    ]   Unlink Stale                    11816 us
[74.298s][info][gc,stats    ]     System Dictionary                61 us
[74.298s][info][gc,stats    ]     Weak Class Links                  0 us
[74.298s][info][gc,stats    ]     Code Roots                    11753 us
[74.298s][info][gc,stats    ]   Rendezvous                        155 us
[74.298s][info][gc,stats    ]   Purge Unlinked                    753 us
[74.298s][info][gc,stats    ]     Code Roots                      743 us
[74.298s][info][gc,stats    ]     CLDG                              9 us
[74.298s][info][gc,stats    ]     Exception Caches                  0 us
[74.298s][info][gc,stats    ] Pause Final Roots (G)               206 us
[74.298s][info][gc,stats    ] Pause Final Roots (N)                75 us
[74.298s][info][gc,stats    ] Pacing                            64540 us
[74.298s][info][gc,stats    ] 
[74.298s][info][gc,stats    ] Allocation pacing accrued:
[74.298s][info][gc,stats    ]      33 of   161 ms ( 20.3%): Executor task launch worker for task 1.0 in stage 142.0 (TID 237)
[74.298s][info][gc,stats    ]      32 of   161 ms ( 19.7%): Executor task launch worker for task 0.0 in stage 142.0 (TID 236)
[74.298s][info][gc,stats    ]      65 of   161 ms ( 40.0%): <total>
[74.298s][info][gc,stats    ]       0 of   161 ms (  0.2%): <average total>
[74.298s][info][gc,stats    ]      32 of   161 ms ( 20.0%): <average non-zero>
[74.298s][info][gc,stats    ] 
[74.298s][info][gc,metaspace] Metaspace: 66613K(67392K)->66613K(67392K) NonClass: 58319K(58752K)->58319K(58752K) Class: 8294K(8640K)->8294K(8640K)
[74.298s][info][gc,ergo     ] Pacer for Idle. Initial: 41943K, Alloc Tax Rate: 1.0x
[74.314s][info][gc          ] Trigger: Learning 4 of 5. Free (1302M) is below initial threshold (1433M)
[74.314s][info][gc,ergo     ] Free: 1302M, Max: 1024K regular, 484M humongous, Frag: 63% external, 0% internal; Reserve: 103M, Max: 1024K
[74.314s][info][gc,start    ] GC(226) Concurrent reset
[74.314s][info][gc,task     ] GC(226) Using 1 of 3 workers for concurrent reset
[74.314s][info][gc,ergo     ] GC(226) Pacer for Reset. Non-Taxable: 2048M
[74.315s][info][gc          ] GC(226) Concurrent reset 1.151ms
[74.315s][info][gc,start    ] GC(226) Pause Init Mark (unload classes)
[74.315s][info][gc,task     ] GC(226) Using 3 of 3 workers for init marking
[74.315s][info][gc,ergo     ] GC(226) Pacer for Mark. Expected Live: 171M, Free: 1302M, Non-Taxable: 130M, Alloc Tax Rate: 0.2x
[74.315s][info][gc          ] GC(226) Pause Init Mark (unload classes) 0.179ms
[74.315s][info][gc,start    ] GC(226) Concurrent marking roots
[74.315s][info][gc,task     ] GC(226) Using 1 of 3 workers for concurrent marking roots
[74.323s][info][gc          ] GC(226) Concurrent marking roots 7.937ms
[74.323s][info][gc,start    ] GC(226) Concurrent marking (unload classes)
[74.323s][info][gc,task     ] GC(226) Using 1 of 3 workers for concurrent marking
[74.454s][info][gc          ] GC(226) Concurrent marking (unload classes) 130.460ms
[74.454s][info][gc,start    ] GC(226) Pause Final Mark (unload classes)
[74.454s][info][gc,task     ] GC(226) Using 3 of 3 workers for final marking
[74.454s][info][gc,ergo     ] GC(226) Collectable Garbage: 448M (95%), Immediate: 448M (95%), CSet: 0B (0%)
[74.454s][info][gc          ] GC(226) Pause Final Mark (unload classes) 0.201ms
[74.454s][info][gc,start    ] GC(226) Concurrent weak references
[74.454s][info][gc,task     ] GC(226) Using 1 of 3 workers for concurrent weak references
[74.454s][info][gc,ref      ] GC(226) Encountered references: Soft: 2909, Weak: 5877, Final: 51, Phantom: 579
[74.454s][info][gc,ref      ] GC(226) Discovered  references: Soft: 0, Weak: 499, Final: 0, Phantom: 337
[74.454s][info][gc,ref      ] GC(226) Enqueued    references: Soft: 0, Weak: 0, Final: 0, Phantom: 0
[74.454s][info][gc          ] GC(226) Concurrent weak references 0.152ms
[74.454s][info][gc,start    ] GC(226) Concurrent weak roots
[74.454s][info][gc,task     ] GC(226) Using 1 of 3 workers for concurrent weak root
[74.457s][info][gc          ] GC(226) Concurrent weak roots 3.121ms
[74.457s][info][gc,start    ] GC(226) Concurrent cleanup
[74.457s][info][gc          ] GC(226) Concurrent cleanup 1021M->573M(2048M) 0.043ms
[74.457s][info][gc,ergo     ] GC(226) Free: 1367M, Max: 1024K regular, 410M humongous, Frag: 70% external, 0% internal; Reserve: 103M, Max: 1024K
[74.457s][info][gc,start    ] GC(226) Concurrent class unloading
[74.457s][info][gc,task     ] GC(226) Using 1 of 3 workers for concurrent class unloading
[74.469s][info][gc          ] GC(226) Concurrent class unloading 11.864ms
[74.469s][info][gc,start    ] GC(226) Pause Final Roots
[74.469s][info][gc          ] GC(226) Pause Final Roots 0.056ms
[74.469s][info][gc,ergo     ] Free: 1360M, Max: 1024K regular, 410M humongous, Frag: 70% external, 0% internal; Reserve: 103M, Max: 1024K
[74.470s][info][gc,stats    ] 
[74.470s][info][gc,stats    ] All times are wall-clock times, except per-root-class counters, that are sum over
[74.470s][info][gc,stats    ] all workers. Dividing the <total> over the root stage time estimates parallelism.
[74.470s][info][gc,stats    ] 
[74.470s][info][gc,stats    ] Concurrent Reset                   1208 us
[74.470s][info][gc,stats    ] Pause Init Mark (G)                 301 us
[74.470s][info][gc,stats    ] Pause Init Mark (N)                 196 us
[74.470s][info][gc,stats    ]   Update Region States               72 us
[74.470s][info][gc,stats    ] Concurrent Mark Roots              7981 us, parallelism: 0.97x
[74.470s][info][gc,stats    ]   CMR: <total>                     7754 us
[74.470s][info][gc,stats    ]   CMR: Thread Roots                7613 us, workers (us): 7613, ---, ---, 
[74.470s][info][gc,stats    ]   CMR: VM Strong Roots               17 us, workers (us):  17, ---, ---, 
[74.470s][info][gc,stats    ]   CMR: CLDG Roots                   124 us, workers (us): 124, ---, ---, 
[74.470s][info][gc,stats    ] Concurrent Marking               130525 us
[74.470s][info][gc,stats    ] Pause Final Mark (G)                297 us
[74.470s][info][gc,stats    ] Pause Final Mark (N)                211 us
[74.470s][info][gc,stats    ]   Finish Mark                        80 us
[74.470s][info][gc,stats    ]   Update Region States               31 us
[74.470s][info][gc,stats    ]   Choose Collection Set              30 us
[74.470s][info][gc,stats    ]   Rebuild Free Set                    8 us
[74.470s][info][gc,stats    ] Concurrent Weak References          160 us, parallelism: 0.35x
[74.470s][info][gc,stats    ]   CWRF: <total>                      56 us
[74.470s][info][gc,stats    ]   CWRF: Weak References              56 us, workers (us):  56, ---, ---, 
[74.470s][info][gc,stats    ] Concurrent Weak Roots              3155 us
[74.470s][info][gc,stats    ]   Roots                            2944 us, parallelism: 0.98x
[74.470s][info][gc,stats    ]     CWR: <total>                   2897 us
[74.470s][info][gc,stats    ]     CWR: Code Cache Roots          2527 us, workers (us): 2527, ---, ---, 
[74.470s][info][gc,stats    ]     CWR: VM Weak Roots              326 us, workers (us): 326, ---, ---, 
[74.470s][info][gc,stats    ]     CWR: CLDG Roots                  44 us, workers (us):  44, ---, ---, 
[74.470s][info][gc,stats    ]   Rendezvous                        158 us
[74.470s][info][gc,stats    ] Concurrent Cleanup                   52 us
[74.470s][info][gc,stats    ] Concurrent Class Unloading        11930 us
[74.470s][info][gc,stats    ]   Unlink Stale                    11044 us
[74.470s][info][gc,stats    ]     System Dictionary                46 us
[74.470s][info][gc,stats    ]     Weak Class Links                  0 us
[74.470s][info][gc,stats    ]     Code Roots                    10996 us
[74.470s][info][gc,stats    ]   Rendezvous                        298 us
[74.470s][info][gc,stats    ]   Purge Unlinked                    502 us
[74.470s][info][gc,stats    ]     Code Roots                      492 us
[74.470s][info][gc,stats    ]     CLDG                              9 us
[74.470s][info][gc,stats    ]     Exception Caches                  0 us
[74.470s][info][gc,stats    ] Pause Final Roots (G)               162 us
[74.470s][info][gc,stats    ] Pause Final Roots (N)                74 us
[74.470s][info][gc,stats    ] Pacing                            40074 us
[74.470s][info][gc,stats    ] 
[74.470s][info][gc,stats    ] Allocation pacing accrued:
[74.470s][info][gc,stats    ]      20 of   172 ms ( 11.7%): Executor task launch worker for task 1.0 in stage 143.0 (TID 239)
[74.470s][info][gc,stats    ]      20 of   172 ms ( 11.6%): Executor task launch worker for task 0.0 in stage 143.0 (TID 238)
[74.470s][info][gc,stats    ]      40 of   172 ms ( 23.3%): <total>
[74.470s][info][gc,stats    ]       0 of   172 ms (  0.1%): <average total>
[74.470s][info][gc,stats    ]      20 of   172 ms ( 11.6%): <average non-zero>
[74.470s][info][gc,stats    ] 
[74.470s][info][gc,metaspace] Metaspace: 66613K(67392K)->66648K(67392K) NonClass: 58319K(58752K)->58350K(58752K) Class: 8294K(8640K)->8297K(8640K)
[74.470s][info][gc,ergo     ] Pacer for Idle. Initial: 41943K, Alloc Tax Rate: 1.0x
[74.486s][info][gc          ] Trigger: Explicit GC request (System.gc())
[74.486s][info][gc,ergo     ] Free: 1360M, Max: 1024K regular, 410M humongous, Frag: 70% external, 0% internal; Reserve: 103M, Max: 1024K
[74.486s][info][gc,start    ] GC(227) Concurrent reset
[74.486s][info][gc,task     ] GC(227) Using 1 of 3 workers for concurrent reset
[74.486s][info][gc,ergo     ] GC(227) Pacer for Reset. Non-Taxable: 2048M
[74.487s][info][gc          ] GC(227) Concurrent reset 1.234ms
[74.488s][info][gc,start    ] GC(227) Pause Init Mark (unload classes)
[74.488s][info][gc,task     ] GC(227) Using 3 of 3 workers for init marking
[74.488s][info][gc,ref      ] GC(227) Clearing All SoftReferences
[74.488s][info][gc,ergo     ] GC(227) Pacer for Mark. Expected Live: 171M, Free: 1360M, Non-Taxable: 136M, Alloc Tax Rate: 0.2x
[74.488s][info][gc          ] GC(227) Pause Init Mark (unload classes) 0.286ms
[74.488s][info][gc,start    ] GC(227) Concurrent marking roots
[74.488s][info][gc,task     ] GC(227) Using 1 of 3 workers for concurrent marking roots
[74.496s][info][gc          ] GC(227) Concurrent marking roots 7.700ms
[74.496s][info][gc,start    ] GC(227) Concurrent marking (unload classes)
[74.496s][info][gc,task     ] GC(227) Using 1 of 3 workers for concurrent marking
[74.624s][info][gc          ] GC(227) Concurrent marking (unload classes) 128.155ms
[74.624s][info][gc,start    ] GC(227) Pause Final Mark (unload classes)
[74.624s][info][gc,task     ] GC(227) Using 3 of 3 workers for final marking
[74.624s][info][gc,ergo     ] GC(227) Collectable Garbage: 377M (92%), Immediate: 377M (92%), CSet: 0B (0%)
[74.624s][info][gc          ] GC(227) Pause Final Mark (unload classes) 0.322ms
[74.624s][info][gc,start    ] GC(227) Concurrent weak references
[74.624s][info][gc,task     ] GC(227) Using 1 of 3 workers for concurrent weak references
[74.625s][info][gc,ref      ] GC(227) Encountered references: Soft: 2824, Weak: 5881, Final: 51, Phantom: 579
[74.625s][info][gc,ref      ] GC(227) Discovered  references: Soft: 658, Weak: 953, Final: 0, Phantom: 337
[74.625s][info][gc,ref      ] GC(227) Enqueued    references: Soft: 296, Weak: 161, Final: 0, Phantom: 0
[74.625s][info][gc          ] GC(227) Concurrent weak references 0.309ms
[74.625s][info][gc,start    ] GC(227) Concurrent weak roots
[74.625s][info][gc,task     ] GC(227) Using 1 of 3 workers for concurrent weak root
[74.628s][info][gc          ] GC(227) Concurrent weak roots 3.768ms
[74.628s][info][gc,start    ] GC(227) Concurrent cleanup
[74.629s][info][gc          ] GC(227) Concurrent cleanup 589M->212M(2048M) 0.042ms
[74.629s][info][gc,ergo     ] GC(227) Free: 1731M, Max: 1024K regular, 886M humongous, Frag: 49% external, 0% internal; Reserve: 103M, Max: 1024K
[74.629s][info][gc,start    ] GC(227) Concurrent class unloading
[74.629s][info][gc,task     ] GC(227) Using 1 of 3 workers for concurrent class unloading
[74.649s][info][gc          ] GC(227) Concurrent class unloading 20.138ms
[74.649s][info][gc,start    ] GC(227) Pause Final Roots
[74.649s][info][gc          ] GC(227) Pause Final Roots 0.041ms
[74.649s][info][gc,ergo     ] Free: 1731M, Max: 1024K regular, 886M humongous, Frag: 49% external, 0% internal; Reserve: 103M, Max: 1024K
[74.649s][info][gc,stats    ] 
[74.649s][info][gc,stats    ] All times are wall-clock times, except per-root-class counters, that are sum over
[74.649s][info][gc,stats    ] all workers. Dividing the <total> over the root stage time estimates parallelism.
[74.649s][info][gc,stats    ] 
[74.649s][info][gc,stats    ] Concurrent Reset                   1259 us
[74.649s][info][gc,stats    ] Pause Init Mark (G)                 468 us
[74.649s][info][gc,stats    ] Pause Init Mark (N)                 304 us
[74.649s][info][gc,stats    ]   Update Region States               88 us
[74.649s][info][gc,stats    ] Concurrent Mark Roots              7758 us, parallelism: 0.96x
[74.649s][info][gc,stats    ]   CMR: <total>                     7464 us
[74.649s][info][gc,stats    ]   CMR: Thread Roots                7327 us, workers (us): 7327, ---, ---, 
[74.649s][info][gc,stats    ]   CMR: VM Strong Roots               21 us, workers (us):  21, ---, ---, 
[74.649s][info][gc,stats    ]   CMR: CLDG Roots                   115 us, workers (us): 115, ---, ---, 
[74.649s][info][gc,stats    ] Concurrent Marking               128234 us
[74.649s][info][gc,stats    ] Pause Final Mark (G)                436 us
[74.649s][info][gc,stats    ] Pause Final Mark (N)                332 us
[74.649s][info][gc,stats    ]   Finish Mark                       128 us
[74.649s][info][gc,stats    ]   Update Region States               69 us
[74.649s][info][gc,stats    ]   Choose Collection Set              46 us
[74.649s][info][gc,stats    ]   Rebuild Free Set                    8 us
[74.649s][info][gc,stats    ] Concurrent Weak References          317 us, parallelism: 0.56x
[74.649s][info][gc,stats    ]   CWRF: <total>                     179 us
[74.649s][info][gc,stats    ]   CWRF: Weak References             179 us, workers (us): 179, ---, ---, 
[74.649s][info][gc,stats    ] Concurrent Weak Roots              3817 us
[74.649s][info][gc,stats    ]   Roots                            3579 us, parallelism: 0.98x
[74.649s][info][gc,stats    ]     CWR: <total>                   3519 us
[74.649s][info][gc,stats    ]     CWR: Code Cache Roots          2836 us, workers (us): 2836, ---, ---, 
[74.649s][info][gc,stats    ]     CWR: VM Weak Roots              630 us, workers (us): 630, ---, ---, 
[74.649s][info][gc,stats    ]     CWR: CLDG Roots                  53 us, workers (us):  53, ---, ---, 
[74.649s][info][gc,stats    ]   Rendezvous                        171 us
[74.649s][info][gc,stats    ] Concurrent Cleanup                   50 us
[74.649s][info][gc,stats    ] Concurrent Class Unloading        20184 us
[74.649s][info][gc,stats    ]   Unlink Stale                    18837 us
[74.649s][info][gc,stats    ]     System Dictionary               643 us
[74.649s][info][gc,stats    ]     Weak Class Links               6333 us
[74.649s][info][gc,stats    ]     Code Roots                    11859 us
[74.649s][info][gc,stats    ]   Rendezvous                        207 us
[74.649s][info][gc,stats    ]   Purge Unlinked                   1075 us
[74.649s][info][gc,stats    ]     Code Roots                      784 us
[74.649s][info][gc,stats    ]     CLDG                            290 us
[74.649s][info][gc,stats    ]     Exception Caches                  0 us
[74.649s][info][gc,stats    ] Pause Final Roots (G)               101 us
[74.649s][info][gc,stats    ] Pause Final Roots (N)                50 us
[74.649s][info][gc,stats    ] 
[74.649s][info][gc,stats    ] Allocation pacing accrued:
[74.649s][info][gc,stats    ]       0 of   179 ms (  0.0%): <total>
[74.649s][info][gc,stats    ]       0 of   179 ms (  0.0%): <average total>
[74.649s][info][gc,stats    ] 
[74.649s][info][gc,metaspace] Metaspace: 66648K(67392K)->66331K(67392K) NonClass: 58350K(58752K)->58088K(58752K) Class: 8297K(8640K)->8242K(8640K)
[74.649s][info][gc,ergo     ] Pacer for Idle. Initial: 41943K, Alloc Tax Rate: 1.0x
[74.823s][info][gc          ] Trigger: Learning 2 of 5. Free (1383M) is below initial threshold (1433M)
[74.823s][info][gc,ergo     ] Free: 1383M, Max: 1024K regular, 886M humongous, Frag: 35% external, 0% internal; Reserve: 103M, Max: 1024K
[74.823s][info][gc,start    ] GC(228) Concurrent reset
[74.823s][info][gc,task     ] GC(228) Using 1 of 3 workers for concurrent reset
[74.823s][info][gc,ergo     ] GC(228) Pacer for Reset. Non-Taxable: 2048M
[74.824s][info][gc          ] GC(228) Concurrent reset 1.045ms
[74.824s][info][gc,start    ] GC(228) Pause Init Mark (unload classes)
[74.824s][info][gc,task     ] GC(228) Using 3 of 3 workers for init marking
[74.824s][info][gc,ergo     ] GC(228) Pacer for Mark. Expected Live: 171M, Free: 1380M, Non-Taxable: 138M, Alloc Tax Rate: 0.2x
[74.824s][info][gc          ] GC(228) Pause Init Mark (unload classes) 0.135ms
[74.824s][info][gc,start    ] GC(228) Concurrent marking roots
[74.824s][info][gc,task     ] GC(228) Using 1 of 3 workers for concurrent marking roots
[74.832s][info][gc          ] GC(228) Concurrent marking roots 8.012ms
[74.832s][info][gc,start    ] GC(228) Concurrent marking (unload classes)
[74.832s][info][gc,task     ] GC(228) Using 1 of 3 workers for concurrent marking
[74.965s][info][gc          ] GC(228) Concurrent marking (unload classes) 132.814ms
[74.965s][info][gc,start    ] GC(228) Pause Final Mark (unload classes)
[74.965s][info][gc,task     ] GC(228) Using 3 of 3 workers for final marking
[74.965s][info][gc,ergo     ] GC(228) Adaptive CSet Selection. Target Free: 290M, Actual Free: 1320M, Max CSet: 87381K, Min Garbage: 0B
[74.965s][info][gc,ergo     ] GC(228) Collectable Garbage: 382M (98%), Immediate: 325M (83%), CSet: 58903K (14%)
[74.965s][info][gc,ergo     ] GC(228) Pacer for Evacuation. Used CSet: 61239K, Free: 1244M, Non-Taxable: 124M, Alloc Tax Rate: 1.1x
[74.965s][info][gc          ] GC(228) Pause Final Mark (unload classes) 0.263ms
[74.965s][info][gc,start    ] GC(228) Concurrent thread roots
[74.966s][info][gc,task     ] GC(228) Using 1 of 3 workers for Concurrent thread roots
[74.973s][info][gc          ] GC(228) Concurrent thread roots 7.488ms
[74.973s][info][gc,start    ] GC(228) Concurrent weak references
[74.973s][info][gc,task     ] GC(228) Using 1 of 3 workers for concurrent weak references
[74.973s][info][gc,ref      ] GC(228) Encountered references: Soft: 2909, Weak: 6004, Final: 51, Phantom: 579
[74.973s][info][gc,ref      ] GC(228) Discovered  references: Soft: 0, Weak: 870, Final: 0, Phantom: 260
[74.973s][info][gc,ref      ] GC(228) Enqueued    references: Soft: 0, Weak: 95, Final: 0, Phantom: 0
[74.973s][info][gc          ] GC(228) Concurrent weak references 0.297ms
[74.973s][info][gc,start    ] GC(228) Concurrent weak roots
[74.973s][info][gc,task     ] GC(228) Using 1 of 3 workers for concurrent weak root
[74.978s][info][gc          ] GC(228) Concurrent weak roots 4.276ms
[74.978s][info][gc,start    ] GC(228) Concurrent cleanup
[74.978s][info][gc          ] GC(228) Concurrent cleanup 1064M->739M(2048M) 0.069ms
[74.978s][info][gc,ergo     ] GC(228) Free: 1203M, Max: 1024K regular, 852M humongous, Frag: 28% external, 0% internal; Reserve: 102M, Max: 1024K
[74.978s][info][gc,start    ] GC(228) Concurrent class unloading
[74.978s][info][gc,task     ] GC(228) Using 1 of 3 workers for concurrent class unloading
[74.999s][info][gc          ] GC(228) Concurrent class unloading 21.192ms
[74.999s][info][gc,start    ] GC(228) Concurrent strong roots
[74.999s][info][gc,task     ] GC(228) Using 1 of 3 workers for concurrent strong root
[74.999s][info][gc          ] GC(228) Concurrent strong roots 0.460ms
[74.999s][info][gc,start    ] GC(228) Concurrent evacuation
[74.999s][info][gc,task     ] GC(228) Using 1 of 3 workers for concurrent evacuation
[75.001s][info][gc          ] GC(228) Concurrent evacuation 1.581ms
[75.001s][info][gc,start    ] GC(228) Pause Init Update Refs
[75.001s][info][gc,ergo     ] GC(228) Pacer for Update Refs. Used: 806M, Free: 1139M, Non-Taxable: 113M, Alloc Tax Rate: 1.1x
[75.001s][info][gc          ] GC(228) Pause Init Update Refs 0.069ms
[75.001s][info][gc,start    ] GC(228) Concurrent update references
[75.001s][info][gc,task     ] GC(228) Using 1 of 3 workers for concurrent reference update
[75.189s][info][gc          ] GC(228) Concurrent update references 187.293ms
[75.189s][info][gc,start    ] GC(228) Concurrent update thread roots
[75.196s][info][gc          ] GC(228) Concurrent update thread roots 6.844ms
[75.196s][info][gc,start    ] GC(228) Pause Final Update Refs
[75.196s][info][gc,task     ] GC(228) Using 3 of 3 workers for final reference update
[75.196s][info][gc          ] GC(228) Pause Final Update Refs 0.122ms
[75.196s][info][gc,start    ] GC(228) Concurrent cleanup
[75.196s][info][gc          ] GC(228) Concurrent cleanup 1350M->1290M(2048M) 0.066ms
[75.196s][info][gc,ergo     ] Free: 652M, Max: 1024K regular, 571M humongous, Frag: 10% external, 0% internal; Reserve: 103M, Max: 1024K
[75.196s][info][gc,stats    ] 
[75.196s][info][gc,stats    ] All times are wall-clock times, except per-root-class counters, that are sum over
[75.196s][info][gc,stats    ] all workers. Dividing the <total> over the root stage time estimates parallelism.
[75.196s][info][gc,stats    ] 
[75.196s][info][gc,stats    ] Concurrent Reset                   1109 us
[75.196s][info][gc,stats    ] Pause Init Mark (G)                 278 us
[75.196s][info][gc,stats    ] Pause Init Mark (N)                 144 us
[75.196s][info][gc,stats    ]   Update Region States               48 us
[75.196s][info][gc,stats    ] Concurrent Mark Roots              8071 us, parallelism: 0.97x
[75.196s][info][gc,stats    ]   CMR: <total>                     7847 us
[75.196s][info][gc,stats    ]   CMR: Thread Roots                7762 us, workers (us): 7762, ---, ---, 
[75.196s][info][gc,stats    ]   CMR: VM Strong Roots               13 us, workers (us):  13, ---, ---, 
[75.196s][info][gc,stats    ]   CMR: CLDG Roots                    73 us, workers (us):  73, ---, ---, 
[75.196s][info][gc,stats    ] Concurrent Marking               132887 us
[75.196s][info][gc,stats    ] Pause Final Mark (G)                371 us
[75.196s][info][gc,stats    ] Pause Final Mark (N)                271 us
[75.196s][info][gc,stats    ]   Finish Mark                        69 us
[75.196s][info][gc,stats    ]   Update Region States               42 us
[75.196s][info][gc,stats    ]   Choose Collection Set              78 us
[75.196s][info][gc,stats    ]   Rebuild Free Set                    7 us
[75.196s][info][gc,stats    ] Concurrent Thread Roots            7510 us, parallelism: 0.99x
[75.196s][info][gc,stats    ]   CTR: <total>                     7418 us
[75.196s][info][gc,stats    ]   CTR: Thread Roots                7418 us, workers (us): 7418, ---, ---, 
[75.196s][info][gc,stats    ] Concurrent Weak References          312 us, parallelism: 0.54x
[75.196s][info][gc,stats    ]   CWRF: <total>                     168 us
[75.196s][info][gc,stats    ]   CWRF: Weak References             168 us, workers (us): 168, ---, ---, 
[75.196s][info][gc,stats    ] Concurrent Weak Roots              4321 us
[75.196s][info][gc,stats    ]   Roots                            4057 us, parallelism: 0.99x
[75.196s][info][gc,stats    ]     CWR: <total>                   3998 us
[75.196s][info][gc,stats    ]     CWR: Code Cache Roots          2967 us, workers (us): 2967, ---, ---, 
[75.196s][info][gc,stats    ]     CWR: VM Weak Roots              962 us, workers (us): 962, ---, ---, 
[75.196s][info][gc,stats    ]     CWR: CLDG Roots                  69 us, workers (us):  69, ---, ---, 
[75.196s][info][gc,stats    ]   Rendezvous                        186 us
[75.196s][info][gc,stats    ] Concurrent Cleanup                   94 us
[75.196s][info][gc,stats    ] Concurrent Class Unloading        21247 us
[75.196s][info][gc,stats    ]   Unlink Stale                    20358 us
[75.196s][info][gc,stats    ]     System Dictionary               233 us
[75.197s][info][gc,stats    ]     Weak Class Links               7929 us
[75.197s][info][gc,stats    ]     Code Roots                    12193 us
[75.197s][info][gc,stats    ]   Rendezvous                        199 us
[75.197s][info][gc,stats    ]   Purge Unlinked                    601 us
[75.197s][info][gc,stats    ]     Code Roots                      580 us
[75.197s][info][gc,stats    ]     CLDG                             19 us
[75.197s][info][gc,stats    ]     Exception Caches                  0 us
[75.197s][info][gc,stats    ] Concurrent Strong Roots             470 us, parallelism: 0.80x
[75.197s][info][gc,stats    ]   CSR: <total>                      374 us
[75.197s][info][gc,stats    ]   CSR: VM Strong Roots               18 us, workers (us):  18, ---, ---, 
[75.197s][info][gc,stats    ]   CSR: CLDG Roots                   356 us, workers (us): 356, ---, ---, 
[75.197s][info][gc,stats    ] Concurrent Evacuation              1598 us
[75.197s][info][gc,stats    ] Pause Init Update Refs (G)          252 us
[75.197s][info][gc,stats    ] Pause Init Update Refs (N)           77 us
[75.197s][info][gc,stats    ]   Manage GCLABs                      13 us
[75.197s][info][gc,stats    ] Concurrent Update Refs           187373 us
[75.197s][info][gc,stats    ] Concurrent Update Thread Roots     6884 us
[75.197s][info][gc,stats    ] Pause Final Update Refs (G)         268 us
[75.197s][info][gc,stats    ] Pause Final Update Refs (N)         141 us
[75.197s][info][gc,stats    ]   Update Region States               42 us
[75.197s][info][gc,stats    ]   Trash Collection Set                4 us
[75.197s][info][gc,stats    ]   Rebuild Free Set                    8 us
[75.197s][info][gc,stats    ] Concurrent Cleanup                   86 us
[75.197s][info][gc,stats    ] Pacing                            44198 us
[75.197s][info][gc,stats    ] 
[75.197s][info][gc,stats    ] Allocation pacing accrued:
[75.197s][info][gc,stats    ]       0 of   547 ms (  0.0%): RemoteBlock-temp-file-clean-thread
[75.197s][info][gc,stats    ]      22 of   547 ms (  4.1%): Executor task launch worker for task 1.0 in stage 145.0 (TID 242)
[75.197s][info][gc,stats    ]      22 of   547 ms (  4.0%): Executor task launch worker for task 0.0 in stage 145.0 (TID 241)
[75.197s][info][gc,stats    ]      44 of   547 ms (  8.1%): <total>
[75.197s][info][gc,stats    ]       0 of   547 ms (  0.0%): <average total>
[75.197s][info][gc,stats    ]      15 of   547 ms (  2.7%): <average non-zero>
[75.197s][info][gc,stats    ] 
[75.197s][info][gc,metaspace] Metaspace: 66664K(67392K)->66662K(67392K) NonClass: 58370K(58752K)->58368K(58752K) Class: 8294K(8640K)->8294K(8640K)
[75.197s][info][gc,ergo     ] Pacer for Idle. Initial: 41943K, Alloc Tax Rate: 1.0x
[75.201s][info][gc          ] Trigger: Learning 3 of 5. Free (635M) is below initial threshold (1433M)
[75.201s][info][gc,ergo     ] Free: 635M, Max: 1024K regular, 571M humongous, Frag: 7% external, 0% internal; Reserve: 103M, Max: 1024K
[75.201s][info][gc,start    ] GC(229) Concurrent reset
[75.201s][info][gc,task     ] GC(229) Using 1 of 3 workers for concurrent reset
[75.201s][info][gc,ergo     ] GC(229) Pacer for Reset. Non-Taxable: 2048M
[75.202s][info][gc          ] GC(229) Concurrent reset 1.251ms
[75.202s][info][gc,start    ] GC(229) Pause Init Mark (unload classes)
[75.202s][info][gc,task     ] GC(229) Using 3 of 3 workers for init marking
[75.202s][info][gc,ergo     ] GC(229) Pacer for Mark. Expected Live: 171M, Free: 630M, Non-Taxable: 64586K, Alloc Tax Rate: 0.3x
[75.202s][info][gc          ] GC(229) Pause Init Mark (unload classes) 0.221ms
[75.203s][info][gc,start    ] GC(229) Concurrent marking roots
[75.203s][info][gc,task     ] GC(229) Using 1 of 3 workers for concurrent marking roots
[75.211s][info][gc          ] GC(229) Concurrent marking roots 8.454ms
[75.211s][info][gc,start    ] GC(229) Concurrent marking (unload classes)
[75.211s][info][gc,task     ] GC(229) Using 1 of 3 workers for concurrent marking
[75.341s][info][gc          ] GC(229) Concurrent marking (unload classes) 129.911ms
[75.341s][info][gc,start    ] GC(229) Pause Final Mark (unload classes)
[75.341s][info][gc,task     ] GC(229) Using 3 of 3 workers for final marking
[75.341s][info][gc,ergo     ] GC(229) Collectable Garbage: 1120M (98%), Immediate: 1120M (98%), CSet: 0B (0%)
[75.341s][info][gc          ] GC(229) Pause Final Mark (unload classes) 0.293ms
[75.341s][info][gc,start    ] GC(229) Concurrent weak references
[75.341s][info][gc,task     ] GC(229) Using 1 of 3 workers for concurrent weak references
[75.342s][info][gc,ref      ] GC(229) Encountered references: Soft: 2909, Weak: 5908, Final: 51, Phantom: 579
[75.342s][info][gc,ref      ] GC(229) Discovered  references: Soft: 0, Weak: 792, Final: 0, Phantom: 260
[75.342s][info][gc,ref      ] GC(229) Enqueued    references: Soft: 0, Weak: 21, Final: 0, Phantom: 0
[75.342s][info][gc          ] GC(229) Concurrent weak references 0.280ms
[75.342s][info][gc,start    ] GC(229) Concurrent weak roots
[75.342s][info][gc,task     ] GC(229) Using 1 of 3 workers for concurrent weak root
[75.346s][info][gc          ] GC(229) Concurrent weak roots 4.114ms
[75.346s][info][gc,start    ] GC(229) Concurrent cleanup
[75.346s][info][gc          ] GC(229) Concurrent cleanup 1664M->544M(2048M) 0.141ms
[75.346s][info][gc,ergo     ] GC(229) Free: 1398M, Max: 1024K regular, 349M humongous, Frag: 75% external, 0% internal; Reserve: 103M, Max: 1024K
[75.346s][info][gc,start    ] GC(229) Concurrent class unloading
[75.346s][info][gc,task     ] GC(229) Using 1 of 3 workers for concurrent class unloading
[75.359s][info][gc          ] GC(229) Concurrent class unloading 12.604ms
[75.359s][info][gc,start    ] GC(229) Pause Final Roots
[75.359s][info][gc          ] GC(229) Pause Final Roots 0.043ms
[75.359s][info][gc,ergo     ] Free: 1351M, Max: 1024K regular, 349M humongous, Frag: 74% external, 0% internal; Reserve: 103M, Max: 1024K
[75.359s][info][gc,stats    ] 
[75.359s][info][gc,stats    ] All times are wall-clock times, except per-root-class counters, that are sum over
[75.359s][info][gc,stats    ] all workers. Dividing the <total> over the root stage time estimates parallelism.
[75.359s][info][gc,stats    ] 
[75.359s][info][gc,stats    ] Concurrent Reset                   1269 us
[75.359s][info][gc,stats    ] Pause Init Mark (G)                 357 us
[75.359s][info][gc,stats    ] Pause Init Mark (N)                 230 us
[75.359s][info][gc,stats    ]   Update Region States               58 us
[75.359s][info][gc,stats    ] Concurrent Mark Roots              8515 us, parallelism: 0.97x
[75.359s][info][gc,stats    ]   CMR: <total>                     8270 us
[75.359s][info][gc,stats    ]   CMR: Thread Roots                8161 us, workers (us): 8161, ---, ---, 
[75.359s][info][gc,stats    ]   CMR: VM Strong Roots               12 us, workers (us):  12, ---, ---, 
[75.359s][info][gc,stats    ]   CMR: CLDG Roots                    97 us, workers (us):  97, ---, ---, 
[75.359s][info][gc,stats    ] Concurrent Marking               129999 us
[75.359s][info][gc,stats    ] Pause Final Mark (G)                401 us
[75.359s][info][gc,stats    ] Pause Final Mark (N)                313 us
[75.359s][info][gc,stats    ]   Finish Mark                        58 us
[75.359s][info][gc,stats    ]   Update Region States               54 us
[75.359s][info][gc,stats    ]   Choose Collection Set              72 us
[75.359s][info][gc,stats    ]   Rebuild Free Set                   17 us
[75.359s][info][gc,stats    ] Concurrent Weak References          287 us, parallelism: 0.33x
[75.359s][info][gc,stats    ]   CWRF: <total>                      94 us
[75.359s][info][gc,stats    ]   CWRF: Weak References              94 us, workers (us):  94, ---, ---, 
[75.359s][info][gc,stats    ] Concurrent Weak Roots              4161 us
[75.359s][info][gc,stats    ]   Roots                            3879 us, parallelism: 0.98x
[75.359s][info][gc,stats    ]     CWR: <total>                   3806 us
[75.359s][info][gc,stats    ]     CWR: Code Cache Roots          3054 us, workers (us): 3054, ---, ---, 
[75.359s][info][gc,stats    ]     CWR: VM Weak Roots              692 us, workers (us): 692, ---, ---, 
[75.359s][info][gc,stats    ]     CWR: CLDG Roots                  60 us, workers (us):  60, ---, ---, 
[75.359s][info][gc,stats    ]   Rendezvous                        217 us
[75.359s][info][gc,stats    ] Concurrent Cleanup                  160 us
[75.359s][info][gc,stats    ] Concurrent Class Unloading        12672 us
[75.359s][info][gc,stats    ]   Unlink Stale                    11625 us
[75.359s][info][gc,stats    ]     System Dictionary                65 us
[75.359s][info][gc,stats    ]     Weak Class Links                  0 us
[75.359s][info][gc,stats    ]     Code Roots                    11558 us
[75.359s][info][gc,stats    ]   Rendezvous                        284 us
[75.359s][info][gc,stats    ]   Purge Unlinked                    659 us
[75.359s][info][gc,stats    ]     Code Roots                      648 us
[75.359s][info][gc,stats    ]     CLDG                             11 us
[75.359s][info][gc,stats    ]     Exception Caches                  0 us
[75.359s][info][gc,stats    ] Pause Final Roots (G)               169 us
[75.359s][info][gc,stats    ] Pause Final Roots (N)                52 us
[75.359s][info][gc,stats    ] Pacing                            70583 us
[75.359s][info][gc,stats    ] 
[75.359s][info][gc,stats    ] Allocation pacing accrued:
[75.359s][info][gc,stats    ]      43 of   163 ms ( 26.6%): Executor task launch worker for task 1.0 in stage 145.0 (TID 242)
[75.359s][info][gc,stats    ]      27 of   163 ms ( 16.8%): Executor task launch worker for task 0.0 in stage 145.0 (TID 241)
[75.359s][info][gc,stats    ]      71 of   163 ms ( 43.4%): <total>
[75.359s][info][gc,stats    ]       0 of   163 ms (  0.2%): <average total>
[75.359s][info][gc,stats    ]      35 of   163 ms ( 21.7%): <average non-zero>
[75.359s][info][gc,stats    ] 
[75.359s][info][gc,metaspace] Metaspace: 66662K(67392K)->66662K(67392K) NonClass: 58368K(58752K)->58368K(58752K) Class: 8294K(8640K)->8294K(8640K)
[75.359s][info][gc,ergo     ] Pacer for Idle. Initial: 41943K, Alloc Tax Rate: 1.0x
[75.374s][info][gc          ] Trigger: Learning 4 of 5. Free (1310M) is below initial threshold (1433M)
[75.374s][info][gc,ergo     ] Free: 1310M, Max: 1024K regular, 349M humongous, Frag: 73% external, 0% internal; Reserve: 103M, Max: 1024K
[75.374s][info][gc,start    ] GC(230) Concurrent reset
[75.374s][info][gc,task     ] GC(230) Using 1 of 3 workers for concurrent reset
[75.374s][info][gc,ergo     ] GC(230) Pacer for Reset. Non-Taxable: 2048M
[75.375s][info][gc          ] GC(230) Concurrent reset 1.243ms
[75.375s][info][gc,start    ] GC(230) Pause Init Mark (unload classes)
[75.375s][info][gc,task     ] GC(230) Using 3 of 3 workers for init marking
[75.375s][info][gc,ergo     ] GC(230) Pacer for Mark. Expected Live: 171M, Free: 1310M, Non-Taxable: 131M, Alloc Tax Rate: 0.2x
[75.375s][info][gc          ] GC(230) Pause Init Mark (unload classes) 0.188ms
[75.376s][info][gc,start    ] GC(230) Concurrent marking roots
[75.376s][info][gc,task     ] GC(230) Using 1 of 3 workers for concurrent marking roots
[75.384s][info][gc          ] GC(230) Concurrent marking roots 8.014ms
[75.384s][info][gc,start    ] GC(230) Concurrent marking (unload classes)
[75.384s][info][gc,task     ] GC(230) Using 1 of 3 workers for concurrent marking
[75.514s][info][gc          ] GC(230) Concurrent marking (unload classes) 130.382ms
[75.514s][info][gc,start    ] GC(230) Pause Final Mark (unload classes)
[75.514s][info][gc,task     ] GC(230) Using 3 of 3 workers for final marking
[75.514s][info][gc,ergo     ] GC(230) Collectable Garbage: 441M (95%), Immediate: 441M (95%), CSet: 0B (0%)
[75.514s][info][gc          ] GC(230) Pause Final Mark (unload classes) 0.182ms
[75.514s][info][gc,start    ] GC(230) Concurrent weak references
[75.514s][info][gc,task     ] GC(230) Using 1 of 3 workers for concurrent weak references
[75.514s][info][gc,ref      ] GC(230) Encountered references: Soft: 2909, Weak: 5885, Final: 51, Phantom: 579
[75.514s][info][gc,ref      ] GC(230) Discovered  references: Soft: 0, Weak: 511, Final: 0, Phantom: 260
[75.514s][info][gc,ref      ] GC(230) Enqueued    references: Soft: 0, Weak: 0, Final: 0, Phantom: 0
[75.514s][info][gc          ] GC(230) Concurrent weak references 0.122ms
[75.514s][info][gc,start    ] GC(230) Concurrent weak roots
[75.514s][info][gc,task     ] GC(230) Using 1 of 3 workers for concurrent weak root
[75.518s][info][gc          ] GC(230) Concurrent weak roots 3.500ms
[75.518s][info][gc,start    ] GC(230) Concurrent cleanup
[75.518s][info][gc          ] GC(230) Concurrent cleanup 1013M->571M(2048M) 0.048ms
[75.518s][info][gc,ergo     ] GC(230) Free: 1368M, Max: 1024K regular, 412M humongous, Frag: 70% external, 0% internal; Reserve: 103M, Max: 1024K
[75.518s][info][gc,start    ] GC(230) Concurrent class unloading
[75.518s][info][gc,task     ] GC(230) Using 1 of 3 workers for concurrent class unloading
[75.530s][info][gc          ] GC(230) Concurrent class unloading 12.092ms
[75.530s][info][gc,start    ] GC(230) Pause Final Roots
[75.530s][info][gc          ] GC(230) Pause Final Roots 0.045ms
[75.530s][info][gc,ergo     ] Free: 1360M, Max: 1024K regular, 412M humongous, Frag: 70% external, 0% internal; Reserve: 103M, Max: 1024K
[75.530s][info][gc,stats    ] 
[75.530s][info][gc,stats    ] All times are wall-clock times, except per-root-class counters, that are sum over
[75.530s][info][gc,stats    ] all workers. Dividing the <total> over the root stage time estimates parallelism.
[75.530s][info][gc,stats    ] 
[75.530s][info][gc,stats    ] Concurrent Reset                   1286 us
[75.530s][info][gc,stats    ] Pause Init Mark (G)                 334 us
[75.530s][info][gc,stats    ] Pause Init Mark (N)                 206 us
[75.531s][info][gc,stats    ]   Update Region States               66 us
[75.531s][info][gc,stats    ] Concurrent Mark Roots              8064 us, parallelism: 0.95x
[75.531s][info][gc,stats    ]   CMR: <total>                     7661 us
[75.531s][info][gc,stats    ]   CMR: Thread Roots                7533 us, workers (us): 7533, ---, ---, 
[75.531s][info][gc,stats    ]   CMR: VM Strong Roots               19 us, workers (us):  19, ---, ---, 
[75.531s][info][gc,stats    ]   CMR: CLDG Roots                   109 us, workers (us): 109, ---, ---, 
[75.531s][info][gc,stats    ] Concurrent Marking               130433 us
[75.531s][info][gc,stats    ] Pause Final Mark (G)                248 us
[75.531s][info][gc,stats    ] Pause Final Mark (N)                190 us
[75.531s][info][gc,stats    ]   Finish Mark                        53 us
[75.531s][info][gc,stats    ]   Update Region States               33 us
[75.531s][info][gc,stats    ]   Choose Collection Set              32 us
[75.531s][info][gc,stats    ]   Rebuild Free Set                    8 us
[75.531s][info][gc,stats    ] Concurrent Weak References          129 us, parallelism: 0.39x
[75.531s][info][gc,stats    ]   CWRF: <total>                      50 us
[75.531s][info][gc,stats    ]   CWRF: Weak References              50 us, workers (us):  50, ---, ---, 
[75.531s][info][gc,stats    ] Concurrent Weak Roots              3549 us
[75.531s][info][gc,stats    ]   Roots                            3304 us, parallelism: 0.98x
[75.531s][info][gc,stats    ]     CWR: <total>                   3249 us
[75.531s][info][gc,stats    ]     CWR: Code Cache Roots          2837 us, workers (us): 2837, ---, ---, 
[75.531s][info][gc,stats    ]     CWR: VM Weak Roots              356 us, workers (us): 356, ---, ---, 
[75.531s][info][gc,stats    ]     CWR: CLDG Roots                  56 us, workers (us):  56, ---, ---, 
[75.531s][info][gc,stats    ]   Rendezvous                        177 us
[75.531s][info][gc,stats    ] Concurrent Cleanup                   56 us
[75.531s][info][gc,stats    ] Concurrent Class Unloading        12188 us
[75.531s][info][gc,stats    ]   Unlink Stale                    11174 us
[75.531s][info][gc,stats    ]     System Dictionary                49 us
[75.531s][info][gc,stats    ]     Weak Class Links                  0 us
[75.531s][info][gc,stats    ]     Code Roots                    11123 us
[75.531s][info][gc,stats    ]   Rendezvous                        181 us
[75.531s][info][gc,stats    ]   Purge Unlinked                    718 us
[75.531s][info][gc,stats    ]     Code Roots                      714 us
[75.531s][info][gc,stats    ]     CLDG                              3 us
[75.531s][info][gc,stats    ]     Exception Caches                  1 us
[75.531s][info][gc,stats    ] Pause Final Roots (G)               173 us
[75.531s][info][gc,stats    ] Pause Final Roots (N)                55 us
[75.531s][info][gc,stats    ] Pacing                            37999 us
[75.531s][info][gc,stats    ] 
[75.531s][info][gc,stats    ] Allocation pacing accrued:
[75.531s][info][gc,stats    ]      19 of   172 ms ( 11.0%): Executor task launch worker for task 0.0 in stage 146.0 (TID 243)
[75.531s][info][gc,stats    ]      19 of   172 ms ( 11.1%): Executor task launch worker for task 1.0 in stage 146.0 (TID 244)
[75.531s][info][gc,stats    ]      38 of   172 ms ( 22.2%): <total>
[75.531s][info][gc,stats    ]       0 of   172 ms (  0.1%): <average total>
[75.531s][info][gc,stats    ]      19 of   172 ms ( 11.1%): <average non-zero>
[75.531s][info][gc,stats    ] 
[75.531s][info][gc,metaspace] Metaspace: 66662K(67392K)->66683K(67456K) NonClass: 58368K(58752K)->58385K(58816K) Class: 8294K(8640K)->8297K(8640K)
[75.531s][info][gc,ergo     ] Pacer for Idle. Initial: 41943K, Alloc Tax Rate: 1.0x
[75.541s][info][gc          ] Trigger: Explicit GC request (System.gc())
[75.541s][info][gc,ergo     ] Free: 1360M, Max: 1024K regular, 412M humongous, Frag: 70% external, 0% internal; Reserve: 103M, Max: 1024K
[75.541s][info][gc,start    ] GC(231) Concurrent reset
[75.541s][info][gc,task     ] GC(231) Using 1 of 3 workers for concurrent reset
[75.541s][info][gc,ergo     ] GC(231) Pacer for Reset. Non-Taxable: 2048M
[75.542s][info][gc          ] GC(231) Concurrent reset 1.079ms
[75.542s][info][gc,start    ] GC(231) Pause Init Mark (unload classes)
[75.542s][info][gc,task     ] GC(231) Using 3 of 3 workers for init marking
[75.543s][info][gc,ref      ] GC(231) Clearing All SoftReferences
[75.543s][info][gc,ergo     ] GC(231) Pacer for Mark. Expected Live: 171M, Free: 1360M, Non-Taxable: 136M, Alloc Tax Rate: 0.2x
[75.543s][info][gc          ] GC(231) Pause Init Mark (unload classes) 0.187ms
[75.543s][info][gc,start    ] GC(231) Concurrent marking roots
[75.543s][info][gc,task     ] GC(231) Using 1 of 3 workers for concurrent marking roots
[75.550s][info][gc          ] GC(231) Concurrent marking roots 7.142ms
[75.550s][info][gc,start    ] GC(231) Concurrent marking (unload classes)
[75.550s][info][gc,task     ] GC(231) Using 1 of 3 workers for concurrent marking
[75.679s][info][gc          ] GC(231) Concurrent marking (unload classes) 129.164ms
[75.679s][info][gc,start    ] GC(231) Pause Final Mark (unload classes)
[75.679s][info][gc,task     ] GC(231) Using 3 of 3 workers for final marking
[75.679s][info][gc,ergo     ] GC(231) Collectable Garbage: 378M (92%), Immediate: 378M (92%), CSet: 0B (0%)
[75.679s][info][gc          ] GC(231) Pause Final Mark (unload classes) 0.315ms
[75.680s][info][gc,start    ] GC(231) Concurrent weak references
[75.680s][info][gc,task     ] GC(231) Using 1 of 3 workers for concurrent weak references
[75.680s][info][gc,ref      ] GC(231) Encountered references: Soft: 2824, Weak: 5899, Final: 51, Phantom: 579
[75.680s][info][gc,ref      ] GC(231) Discovered  references: Soft: 658, Weak: 955, Final: 0, Phantom: 337
[75.680s][info][gc,ref      ] GC(231) Enqueued    references: Soft: 296, Weak: 160, Final: 0, Phantom: 0
[75.680s][info][gc          ] GC(231) Concurrent weak references 0.284ms
[75.680s][info][gc,start    ] GC(231) Concurrent weak roots
[75.680s][info][gc,task     ] GC(231) Using 1 of 3 workers for concurrent weak root
[75.683s][info][gc          ] GC(231) Concurrent weak roots 3.427ms
[75.683s][info][gc,start    ] GC(231) Concurrent cleanup
[75.683s][info][gc          ] GC(231) Concurrent cleanup 589M->212M(2048M) 0.044ms
[75.683s][info][gc,ergo     ] GC(231) Free: 1730M, Max: 1024K regular, 860M humongous, Frag: 50% external, 0% internal; Reserve: 103M, Max: 1024K
[75.683s][info][gc,start    ] GC(231) Concurrent class unloading
[75.683s][info][gc,task     ] GC(231) Using 1 of 3 workers for concurrent class unloading
[75.704s][info][gc          ] GC(231) Concurrent class unloading 20.305ms
[75.704s][info][gc,start    ] GC(231) Pause Final Roots
[75.704s][info][gc          ] GC(231) Pause Final Roots 0.041ms
[75.704s][info][gc,ergo     ] Free: 1730M, Max: 1024K regular, 860M humongous, Frag: 50% external, 0% internal; Reserve: 103M, Max: 1024K
[75.704s][info][gc,stats    ] 
[75.704s][info][gc,stats    ] All times are wall-clock times, except per-root-class counters, that are sum over
[75.704s][info][gc,stats    ] all workers. Dividing the <total> over the root stage time estimates parallelism.
[75.704s][info][gc,stats    ] 
[75.704s][info][gc,stats    ] Concurrent Reset                   1138 us
[75.704s][info][gc,stats    ] Pause Init Mark (G)                 324 us
[75.704s][info][gc,stats    ] Pause Init Mark (N)                 204 us
[75.704s][info][gc,stats    ]   Update Region States               65 us
[75.704s][info][gc,stats    ] Concurrent Mark Roots              7190 us, parallelism: 0.97x
[75.704s][info][gc,stats    ]   CMR: <total>                     6951 us
[75.704s][info][gc,stats    ]   CMR: Thread Roots                6789 us, workers (us): 6789, ---, ---, 
[75.704s][info][gc,stats    ]   CMR: VM Strong Roots               19 us, workers (us):  19, ---, ---, 
[75.704s][info][gc,stats    ]   CMR: CLDG Roots                   144 us, workers (us): 144, ---, ---, 
[75.704s][info][gc,stats    ] Concurrent Marking               129244 us
[75.704s][info][gc,stats    ] Pause Final Mark (G)                399 us
[75.704s][info][gc,stats    ] Pause Final Mark (N)                325 us
[75.704s][info][gc,stats    ]   Finish Mark                       114 us
[75.704s][info][gc,stats    ]   Update Region States               70 us
[75.704s][info][gc,stats    ]   Choose Collection Set              45 us
[75.704s][info][gc,stats    ]   Rebuild Free Set                    8 us
[75.704s][info][gc,stats    ] Concurrent Weak References          291 us, parallelism: 0.62x
[75.704s][info][gc,stats    ]   CWRF: <total>                     180 us
[75.704s][info][gc,stats    ]   CWRF: Weak References             180 us, workers (us): 180, ---, ---, 
[75.704s][info][gc,stats    ] Concurrent Weak Roots              3479 us
[75.704s][info][gc,stats    ]   Roots                            3221 us, parallelism: 0.99x
[75.704s][info][gc,stats    ]     CWR: <total>                   3182 us
[75.704s][info][gc,stats    ]     CWR: Code Cache Roots          2558 us, workers (us): 2558, ---, ---, 
[75.704s][info][gc,stats    ]     CWR: VM Weak Roots              570 us, workers (us): 570, ---, ---, 
[75.704s][info][gc,stats    ]     CWR: CLDG Roots                  54 us, workers (us):  54, ---, ---, 
[75.704s][info][gc,stats    ]   Rendezvous                        186 us
[75.704s][info][gc,stats    ] Concurrent Cleanup                   54 us
[75.704s][info][gc,stats    ] Concurrent Class Unloading        20350 us
[75.704s][info][gc,stats    ]   Unlink Stale                    19005 us
[75.704s][info][gc,stats    ]     System Dictionary               667 us
[75.704s][info][gc,stats    ]     Weak Class Links               6312 us
[75.704s][info][gc,stats    ]     Code Roots                    12023 us
[75.704s][info][gc,stats    ]   Rendezvous                        229 us
[75.704s][info][gc,stats    ]   Purge Unlinked                   1053 us
[75.704s][info][gc,stats    ]     Code Roots                      742 us
[75.704s][info][gc,stats    ]     CLDG                            310 us
[75.704s][info][gc,stats    ]     Exception Caches                  0 us
[75.704s][info][gc,stats    ] Pause Final Roots (G)               120 us
[75.704s][info][gc,stats    ] Pause Final Roots (N)                51 us
[75.704s][info][gc,stats    ] 
[75.704s][info][gc,stats    ] Allocation pacing accrued:
[75.704s][info][gc,stats    ]       0 of   173 ms (  0.0%): <total>
[75.704s][info][gc,stats    ]       0 of   173 ms (  0.0%): <average total>
[75.704s][info][gc,stats    ] 
[75.704s][info][gc,metaspace] Metaspace: 66683K(67456K)->66361K(67392K) NonClass: 58385K(58816K)->58118K(58752K) Class: 8297K(8640K)->8242K(8640K)
[75.704s][info][gc,ergo     ] Pacer for Idle. Initial: 41943K, Alloc Tax Rate: 1.0x
[75.845s][info][gc          ] Trigger: Learning 2 of 5. Free (1429M) is below initial threshold (1433M)
[75.845s][info][gc,ergo     ] Free: 1429M, Max: 1024K regular, 860M humongous, Frag: 39% external, 0% internal; Reserve: 103M, Max: 1024K
[75.845s][info][gc,start    ] GC(232) Concurrent reset
[75.845s][info][gc,task     ] GC(232) Using 1 of 3 workers for concurrent reset
[75.845s][info][gc,ergo     ] GC(232) Pacer for Reset. Non-Taxable: 2048M
[75.846s][info][gc          ] GC(232) Concurrent reset 0.949ms
[75.846s][info][gc,start    ] GC(232) Pause Init Mark (unload classes)
[75.846s][info][gc,task     ] GC(232) Using 3 of 3 workers for init marking
[75.846s][info][gc,ergo     ] GC(232) Pacer for Mark. Expected Live: 171M, Free: 1429M, Non-Taxable: 142M, Alloc Tax Rate: 0.1x
[75.846s][info][gc          ] GC(232) Pause Init Mark (unload classes) 0.170ms
[75.846s][info][gc,start    ] GC(232) Concurrent marking roots
[75.846s][info][gc,task     ] GC(232) Using 1 of 3 workers for concurrent marking roots
[75.854s][info][gc          ] GC(232) Concurrent marking roots 7.850ms
[75.854s][info][gc,start    ] GC(232) Concurrent marking (unload classes)
[75.854s][info][gc,task     ] GC(232) Using 1 of 3 workers for concurrent marking
[75.987s][info][gc          ] GC(232) Concurrent marking (unload classes) 133.086ms
[75.988s][info][gc,start    ] GC(232) Pause Final Mark (unload classes)
[75.988s][info][gc,task     ] GC(232) Using 3 of 3 workers for final marking
[75.988s][info][gc,ergo     ] GC(232) Adaptive CSet Selection. Target Free: 290M, Actual Free: 1365M, Max CSet: 87381K, Min Garbage: 0B
[75.988s][info][gc,ergo     ] GC(232) Collectable Garbage: 333M (98%), Immediate: 279M (82%), CSet: 55619K (16%)
[75.988s][info][gc,ergo     ] GC(232) Pacer for Evacuation. Used CSet: 57965K, Free: 1289M, Non-Taxable: 128M, Alloc Tax Rate: 1.1x
[75.988s][info][gc          ] GC(232) Pause Final Mark (unload classes) 0.492ms
[75.988s][info][gc,start    ] GC(232) Concurrent thread roots
[75.988s][info][gc,task     ] GC(232) Using 1 of 3 workers for Concurrent thread roots
[75.996s][info][gc          ] GC(232) Concurrent thread roots 7.830ms
[75.996s][info][gc,start    ] GC(232) Concurrent weak references
[75.996s][info][gc,task     ] GC(232) Using 1 of 3 workers for concurrent weak references
[75.996s][info][gc,ref      ] GC(232) Encountered references: Soft: 2911, Weak: 5994, Final: 51, Phantom: 579
[75.996s][info][gc,ref      ] GC(232) Discovered  references: Soft: 0, Weak: 869, Final: 0, Phantom: 337
[75.996s][info][gc,ref      ] GC(232) Enqueued    references: Soft: 0, Weak: 95, Final: 0, Phantom: 0
[75.996s][info][gc          ] GC(232) Concurrent weak references 0.335ms
[75.996s][info][gc,start    ] GC(232) Concurrent weak roots
[75.996s][info][gc,task     ] GC(232) Using 1 of 3 workers for concurrent weak root
[76.000s][info][gc          ] GC(232) Concurrent weak roots 4.035ms
[76.000s][info][gc,start    ] GC(232) Concurrent cleanup
[76.001s][info][gc          ] GC(232) Concurrent cleanup 973M->695M(2048M) 0.069ms
[76.001s][info][gc,ergo     ] GC(232) Free: 1248M, Max: 1024K regular, 860M humongous, Frag: 30% external, 0% internal; Reserve: 102M, Max: 1024K
[76.001s][info][gc,start    ] GC(232) Concurrent class unloading
[76.001s][info][gc,task     ] GC(232) Using 1 of 3 workers for concurrent class unloading
[76.022s][info][gc          ] GC(232) Concurrent class unloading 21.777ms
[76.022s][info][gc,start    ] GC(232) Concurrent strong roots
[76.022s][info][gc,task     ] GC(232) Using 1 of 3 workers for concurrent strong root
[76.023s][info][gc          ] GC(232) Concurrent strong roots 0.415ms
[76.023s][info][gc,start    ] GC(232) Concurrent evacuation
[76.023s][info][gc,task     ] GC(232) Using 1 of 3 workers for concurrent evacuation
[76.024s][info][gc          ] GC(232) Concurrent evacuation 1.475ms
[76.025s][info][gc,start    ] GC(232) Pause Init Update Refs
[76.025s][info][gc,ergo     ] GC(232) Pacer for Update Refs. Used: 762M, Free: 1183M, Non-Taxable: 118M, Alloc Tax Rate: 1.1x
[76.025s][info][gc          ] GC(232) Pause Init Update Refs 0.092ms
[76.025s][info][gc,start    ] GC(232) Concurrent update references
[76.025s][info][gc,task     ] GC(232) Using 1 of 3 workers for concurrent reference update
[76.200s][info][gc          ] GC(232) Concurrent update references 174.896ms
[76.200s][info][gc,start    ] GC(232) Concurrent update thread roots
[76.207s][info][gc          ] GC(232) Concurrent update thread roots 7.312ms
[76.207s][info][gc,start    ] GC(232) Pause Final Update Refs
[76.207s][info][gc,task     ] GC(232) Using 3 of 3 workers for final reference update
[76.207s][info][gc          ] GC(232) Pause Final Update Refs 0.150ms
[76.207s][info][gc,start    ] GC(232) Concurrent cleanup
[76.207s][info][gc          ] GC(232) Concurrent cleanup 1266M->1210M(2048M) 0.063ms
[76.208s][info][gc,ergo     ] Free: 732M, Max: 1024K regular, 655M humongous, Frag: 8% external, 0% internal; Reserve: 103M, Max: 1024K
[76.208s][info][gc,stats    ] 
[76.208s][info][gc,stats    ] All times are wall-clock times, except per-root-class counters, that are sum over
[76.208s][info][gc,stats    ] all workers. Dividing the <total> over the root stage time estimates parallelism.
[76.208s][info][gc,stats    ] 
[76.208s][info][gc,stats    ] Concurrent Reset                   1010 us
[76.208s][info][gc,stats    ] Pause Init Mark (G)                 332 us
[76.208s][info][gc,stats    ] Pause Init Mark (N)                 187 us
[76.208s][info][gc,stats    ]   Update Region States               57 us
[76.208s][info][gc,stats    ] Concurrent Mark Roots              7932 us, parallelism: 0.96x
[76.208s][info][gc,stats    ]   CMR: <total>                     7593 us
[76.208s][info][gc,stats    ]   CMR: Thread Roots                7454 us, workers (us): 7454, ---, ---, 
[76.208s][info][gc,stats    ]   CMR: VM Strong Roots               23 us, workers (us):  23, ---, ---, 
[76.208s][info][gc,stats    ]   CMR: CLDG Roots                   115 us, workers (us): 115, ---, ---, 
[76.208s][info][gc,stats    ] Concurrent Marking               133156 us
[76.208s][info][gc,stats    ] Pause Final Mark (G)                651 us
[76.208s][info][gc,stats    ] Pause Final Mark (N)                509 us
[76.208s][info][gc,stats    ]   Finish Mark                       134 us
[76.208s][info][gc,stats    ]   Update Region States               90 us
[76.208s][info][gc,stats    ]   Choose Collection Set             145 us
[76.208s][info][gc,stats    ]   Rebuild Free Set                   17 us
[76.208s][info][gc,stats    ] Concurrent Thread Roots            7869 us, parallelism: 0.98x
[76.208s][info][gc,stats    ]   CTR: <total>                     7717 us
[76.208s][info][gc,stats    ]   CTR: Thread Roots                7717 us, workers (us): 7717, ---, ---, 
[76.208s][info][gc,stats    ] Concurrent Weak References          352 us, parallelism: 0.40x
[76.208s][info][gc,stats    ]   CWRF: <total>                     142 us
[76.208s][info][gc,stats    ]   CWRF: Weak References             142 us, workers (us): 142, ---, ---, 
[76.208s][info][gc,stats    ] Concurrent Weak Roots              4092 us
[76.208s][info][gc,stats    ]   Roots                            3770 us, parallelism: 0.98x
[76.208s][info][gc,stats    ]     CWR: <total>                   3682 us
[76.208s][info][gc,stats    ]     CWR: Code Cache Roots          2892 us, workers (us): 2892, ---, ---, 
[76.208s][info][gc,stats    ]     CWR: VM Weak Roots              703 us, workers (us): 703, ---, ---, 
[76.208s][info][gc,stats    ]     CWR: CLDG Roots                  87 us, workers (us):  87, ---, ---, 
[76.208s][info][gc,stats    ]   Rendezvous                        229 us
[76.208s][info][gc,stats    ] Concurrent Cleanup                   88 us
[76.208s][info][gc,stats    ] Concurrent Class Unloading        21850 us
[76.208s][info][gc,stats    ]   Unlink Stale                    20827 us
[76.208s][info][gc,stats    ]     System Dictionary               246 us
[76.208s][info][gc,stats    ]     Weak Class Links               7789 us
[76.208s][info][gc,stats    ]     Code Roots                    12789 us
[76.208s][info][gc,stats    ]   Rendezvous                        280 us
[76.208s][info][gc,stats    ]   Purge Unlinked                    633 us
[76.208s][info][gc,stats    ]     Code Roots                      608 us
[76.208s][info][gc,stats    ]     CLDG                             24 us
[76.208s][info][gc,stats    ]     Exception Caches                  1 us
[76.208s][info][gc,stats    ] Concurrent Strong Roots             452 us, parallelism: 0.57x
[76.208s][info][gc,stats    ]   CSR: <total>                      260 us
[76.208s][info][gc,stats    ]   CSR: VM Strong Roots               13 us, workers (us):  13, ---, ---, 
[76.208s][info][gc,stats    ]   CSR: CLDG Roots                   246 us, workers (us): 246, ---, ---, 
[76.208s][info][gc,stats    ] Concurrent Evacuation              1548 us
[76.208s][info][gc,stats    ] Pause Init Update Refs (G)          334 us
[76.208s][info][gc,stats    ] Pause Init Update Refs (N)          109 us
[76.208s][info][gc,stats    ]   Manage GCLABs                      14 us
[76.208s][info][gc,stats    ] Concurrent Update Refs           174967 us
[76.208s][info][gc,stats    ] Concurrent Update Thread Roots     7357 us
[76.208s][info][gc,stats    ] Pause Final Update Refs (G)         290 us
[76.208s][info][gc,stats    ] Pause Final Update Refs (N)         168 us
[76.208s][info][gc,stats    ]   Update Region States               72 us
[76.208s][info][gc,stats    ]   Trash Collection Set                4 us
[76.208s][info][gc,stats    ]   Rebuild Free Set                   14 us
[76.208s][info][gc,stats    ] Concurrent Cleanup                   83 us
[76.208s][info][gc,stats    ] Pacing                            40335 us
[76.208s][info][gc,stats    ] 
[76.208s][info][gc,stats    ] Allocation pacing accrued:
[76.208s][info][gc,stats    ]      20 of   504 ms (  4.0%): Executor task launch worker for task 0.0 in stage 148.0 (TID 246)
[76.208s][info][gc,stats    ]      20 of   504 ms (  4.0%): Executor task launch worker for task 1.0 in stage 148.0 (TID 247)
[76.208s][info][gc,stats    ]      40 of   504 ms (  8.0%): <total>
[76.208s][info][gc,stats    ]       0 of   504 ms (  0.0%): <average total>
[76.208s][info][gc,stats    ]      20 of   504 ms (  4.0%): <average non-zero>
[76.208s][info][gc,stats    ] 
[76.208s][info][gc,metaspace] Metaspace: 66675K(67456K)->66673K(67456K) NonClass: 58380K(58816K)->58379K(58816K) Class: 8294K(8640K)->8294K(8640K)
[76.208s][info][gc,ergo     ] Pacer for Idle. Initial: 41943K, Alloc Tax Rate: 1.0x
[76.225s][info][gc          ] Trigger: Learning 3 of 5. Free (689M) is below initial threshold (1433M)
[76.225s][info][gc,ergo     ] Free: 689M, Max: 1024K regular, 655M humongous, Frag: 2% external, 0% internal; Reserve: 103M, Max: 1024K
[76.225s][info][gc,start    ] GC(233) Concurrent reset
[76.225s][info][gc,task     ] GC(233) Using 1 of 3 workers for concurrent reset
[76.225s][info][gc,ergo     ] GC(233) Pacer for Reset. Non-Taxable: 2048M
[76.226s][info][gc          ] GC(233) Concurrent reset 1.435ms
[76.226s][info][gc,start    ] GC(233) Pause Init Mark (unload classes)
[76.226s][info][gc,task     ] GC(233) Using 3 of 3 workers for init marking
[76.227s][info][gc,ergo     ] GC(233) Pacer for Mark. Expected Live: 171M, Free: 689M, Non-Taxable: 70590K, Alloc Tax Rate: 0.3x
[76.227s][info][gc          ] GC(233) Pause Init Mark (unload classes) 0.129ms
[76.227s][info][gc,start    ] GC(233) Concurrent marking roots
[76.227s][info][gc,task     ] GC(233) Using 1 of 3 workers for concurrent marking roots
[76.235s][info][gc          ] GC(233) Concurrent marking roots 8.488ms
[76.235s][info][gc,start    ] GC(233) Concurrent marking (unload classes)
[76.235s][info][gc,task     ] GC(233) Using 1 of 3 workers for concurrent marking
[76.366s][info][gc          ] GC(233) Concurrent marking (unload classes) 130.626ms
[76.366s][info][gc,start    ] GC(233) Pause Final Mark (unload classes)
[76.366s][info][gc,task     ] GC(233) Using 3 of 3 workers for final marking
[76.366s][info][gc,ergo     ] GC(233) Collectable Garbage: 1061M (98%), Immediate: 1061M (98%), CSet: 0B (0%)
[76.366s][info][gc          ] GC(233) Pause Final Mark (unload classes) 0.358ms
[76.366s][info][gc,start    ] GC(233) Concurrent weak references
[76.366s][info][gc,task     ] GC(233) Using 1 of 3 workers for concurrent weak references
[76.367s][info][gc,ref      ] GC(233) Encountered references: Soft: 2911, Weak: 5898, Final: 51, Phantom: 579
[76.367s][info][gc,ref      ] GC(233) Discovered  references: Soft: 0, Weak: 794, Final: 0, Phantom: 260
[76.367s][info][gc,ref      ] GC(233) Enqueued    references: Soft: 0, Weak: 16, Final: 0, Phantom: 0
[76.367s][info][gc          ] GC(233) Concurrent weak references 0.185ms
[76.367s][info][gc,start    ] GC(233) Concurrent weak roots
[76.367s][info][gc,task     ] GC(233) Using 1 of 3 workers for concurrent weak root
[76.370s][info][gc          ] GC(233) Concurrent weak roots 3.844ms
[76.370s][info][gc,start    ] GC(233) Concurrent cleanup
[76.371s][info][gc          ] GC(233) Concurrent cleanup 1638M->578M(2048M) 0.136ms
[76.371s][info][gc,ergo     ] GC(233) Free: 1364M, Max: 1024K regular, 280M humongous, Frag: 80% external, 0% internal; Reserve: 103M, Max: 1024K
[76.371s][info][gc,start    ] GC(233) Concurrent class unloading
[76.371s][info][gc,task     ] GC(233) Using 1 of 3 workers for concurrent class unloading
[76.384s][info][gc          ] GC(233) Concurrent class unloading 12.913ms
[76.384s][info][gc,start    ] GC(233) Pause Final Roots
[76.384s][info][gc          ] GC(233) Pause Final Roots 0.054ms
[76.384s][info][gc,ergo     ] Free: 1317M, Max: 1024K regular, 280M humongous, Frag: 79% external, 0% internal; Reserve: 103M, Max: 1024K
[76.384s][info][gc,stats    ] 
[76.384s][info][gc,stats    ] All times are wall-clock times, except per-root-class counters, that are sum over
[76.384s][info][gc,stats    ] all workers. Dividing the <total> over the root stage time estimates parallelism.
[76.384s][info][gc,stats    ] 
[76.384s][info][gc,stats    ] Concurrent Reset                   1513 us
[76.384s][info][gc,stats    ] Pause Init Mark (G)                 238 us
[76.384s][info][gc,stats    ] Pause Init Mark (N)                 137 us
[76.384s][info][gc,stats    ]   Update Region States               62 us
[76.384s][info][gc,stats    ] Concurrent Mark Roots              8529 us, parallelism: 0.96x
[76.384s][info][gc,stats    ]   CMR: <total>                     8162 us
[76.384s][info][gc,stats    ]   CMR: Thread Roots                8077 us, workers (us): 8077, ---, ---, 
[76.384s][info][gc,stats    ]   CMR: VM Strong Roots               13 us, workers (us):  13, ---, ---, 
[76.384s][info][gc,stats    ]   CMR: CLDG Roots                    72 us, workers (us):  72, ---, ---, 
[76.384s][info][gc,stats    ] Concurrent Marking               130705 us
[76.384s][info][gc,stats    ] Pause Final Mark (G)                527 us
[76.384s][info][gc,stats    ] Pause Final Mark (N)                369 us
[76.384s][info][gc,stats    ]   Finish Mark                       159 us
[76.384s][info][gc,stats    ]   Update Region States               46 us
[76.384s][info][gc,stats    ]   Choose Collection Set              53 us
[76.384s][info][gc,stats    ]   Rebuild Free Set                    7 us
[76.384s][info][gc,stats    ] Concurrent Weak References          193 us, parallelism: 0.38x
[76.384s][info][gc,stats    ]   CWRF: <total>                      73 us
[76.384s][info][gc,stats    ]   CWRF: Weak References              73 us, workers (us):  73, ---, ---, 
[76.384s][info][gc,stats    ] Concurrent Weak Roots              3907 us
[76.384s][info][gc,stats    ]   Roots                            3570 us, parallelism: 0.98x
[76.384s][info][gc,stats    ]     CWR: <total>                   3492 us
[76.384s][info][gc,stats    ]     CWR: Code Cache Roots          3072 us, workers (us): 3072, ---, ---, 
[76.384s][info][gc,stats    ]     CWR: VM Weak Roots              368 us, workers (us): 368, ---, ---, 
[76.384s][info][gc,stats    ]     CWR: CLDG Roots                  52 us, workers (us):  52, ---, ---, 
[76.384s][info][gc,stats    ]   Rendezvous                        256 us
[76.384s][info][gc,stats    ] Concurrent Cleanup                  155 us
[76.384s][info][gc,stats    ] Concurrent Class Unloading        12980 us
[76.384s][info][gc,stats    ]   Unlink Stale                    12028 us
[76.384s][info][gc,stats    ]     System Dictionary                66 us
[76.384s][info][gc,stats    ]     Weak Class Links                  0 us
[76.384s][info][gc,stats    ]     Code Roots                    11959 us
[76.384s][info][gc,stats    ]   Rendezvous                        187 us
[76.384s][info][gc,stats    ]   Purge Unlinked                    661 us
[76.384s][info][gc,stats    ]     Code Roots                      654 us
[76.384s][info][gc,stats    ]     CLDG                              6 us
[76.384s][info][gc,stats    ]     Exception Caches                  0 us
[76.384s][info][gc,stats    ] Pause Final Roots (G)               160 us
[76.384s][info][gc,stats    ] Pause Final Roots (N)                64 us
[76.384s][info][gc,stats    ] Pacing                            70798 us
[76.384s][info][gc,stats    ] 
[76.384s][info][gc,stats    ] Allocation pacing accrued:
[76.384s][info][gc,stats    ]      35 of   176 ms ( 19.7%): Executor task launch worker for task 0.0 in stage 148.0 (TID 246)
[76.384s][info][gc,stats    ]      36 of   176 ms ( 20.5%): Executor task launch worker for task 1.0 in stage 148.0 (TID 247)
[76.384s][info][gc,stats    ]      71 of   176 ms ( 40.3%): <total>
[76.384s][info][gc,stats    ]       0 of   176 ms (  0.2%): <average total>
[76.384s][info][gc,stats    ]      35 of   176 ms ( 20.1%): <average non-zero>
[76.384s][info][gc,stats    ] 
[76.384s][info][gc,metaspace] Metaspace: 66673K(67456K)->66673K(67456K) NonClass: 58379K(58816K)->58379K(58816K) Class: 8294K(8640K)->8294K(8640K)
[76.384s][info][gc,ergo     ] Pacer for Idle. Initial: 41943K, Alloc Tax Rate: 1.0x
[76.397s][info][gc          ] Trigger: Learning 4 of 5. Free (1275M) is below initial threshold (1433M)
[76.397s][info][gc,ergo     ] Free: 1275M, Max: 1024K regular, 280M humongous, Frag: 78% external, 0% internal; Reserve: 103M, Max: 1024K
[76.397s][info][gc,start    ] GC(234) Concurrent reset
[76.397s][info][gc,task     ] GC(234) Using 1 of 3 workers for concurrent reset
[76.397s][info][gc,ergo     ] GC(234) Pacer for Reset. Non-Taxable: 2048M
[76.398s][info][gc          ] GC(234) Concurrent reset 0.659ms
[76.398s][info][gc,start    ] GC(234) Pause Init Mark (unload classes)
[76.398s][info][gc,task     ] GC(234) Using 3 of 3 workers for init marking
[76.398s][info][gc,ergo     ] GC(234) Pacer for Mark. Expected Live: 171M, Free: 1275M, Non-Taxable: 127M, Alloc Tax Rate: 0.2x
[76.398s][info][gc          ] GC(234) Pause Init Mark (unload classes) 0.161ms
[76.398s][info][gc,start    ] GC(234) Concurrent marking roots
[76.398s][info][gc,task     ] GC(234) Using 1 of 3 workers for concurrent marking roots
[76.406s][info][gc          ] GC(234) Concurrent marking roots 7.665ms
[76.406s][info][gc,start    ] GC(234) Concurrent marking (unload classes)
[76.406s][info][gc,task     ] GC(234) Using 1 of 3 workers for concurrent marking
[76.536s][info][gc          ] GC(234) Concurrent marking (unload classes) 130.375ms
[76.536s][info][gc,start    ] GC(234) Pause Final Mark (unload classes)
[76.536s][info][gc,task     ] GC(234) Using 3 of 3 workers for final marking
[76.537s][info][gc,ergo     ] GC(234) Collectable Garbage: 475M (95%), Immediate: 475M (95%), CSet: 0B (0%)
[76.537s][info][gc          ] GC(234) Pause Final Mark (unload classes) 0.238ms
[76.537s][info][gc,start    ] GC(234) Concurrent weak references
[76.537s][info][gc,task     ] GC(234) Using 1 of 3 workers for concurrent weak references
[76.537s][info][gc,ref      ] GC(234) Encountered references: Soft: 2911, Weak: 5882, Final: 51, Phantom: 579
[76.537s][info][gc,ref      ] GC(234) Discovered  references: Soft: 0, Weak: 778, Final: 0, Phantom: 260
[76.537s][info][gc,ref      ] GC(234) Enqueued    references: Soft: 0, Weak: 0, Final: 0, Phantom: 0
[76.537s][info][gc          ] GC(234) Concurrent weak references 0.230ms
[76.537s][info][gc,start    ] GC(234) Concurrent weak roots
[76.537s][info][gc,task     ] GC(234) Using 1 of 3 workers for concurrent weak root
[76.541s][info][gc          ] GC(234) Concurrent weak roots 3.818ms
[76.541s][info][gc,start    ] GC(234) Concurrent cleanup
[76.541s][info][gc          ] GC(234) Concurrent cleanup 1097M->622M(2048M) 0.045ms
[76.541s][info][gc,ergo     ] GC(234) Free: 1320M, Max: 1024K regular, 538M humongous, Frag: 59% external, 0% internal; Reserve: 103M, Max: 1024K
[76.541s][info][gc,start    ] GC(234) Concurrent class unloading
[76.541s][info][gc,task     ] GC(234) Using 1 of 3 workers for concurrent class unloading
[76.553s][info][gc          ] GC(234) Concurrent class unloading 12.635ms
[76.554s][info][gc,start    ] GC(234) Pause Final Roots
[76.554s][info][gc          ] GC(234) Pause Final Roots 0.041ms
[76.554s][info][gc,ergo     ] Free: 1294M, Max: 1024K regular, 538M humongous, Frag: 58% external, 0% internal; Reserve: 103M, Max: 1024K
[76.554s][info][gc,stats    ] 
[76.554s][info][gc,stats    ] All times are wall-clock times, except per-root-class counters, that are sum over
[76.554s][info][gc,stats    ] all workers. Dividing the <total> over the root stage time estimates parallelism.
[76.554s][info][gc,stats    ] 
[76.554s][info][gc,stats    ] Concurrent Reset                    682 us
[76.554s][info][gc,stats    ] Pause Init Mark (G)                 269 us
[76.554s][info][gc,stats    ] Pause Init Mark (N)                 170 us
[76.554s][info][gc,stats    ]   Update Region States               66 us
[76.554s][info][gc,stats    ] Concurrent Mark Roots              7719 us, parallelism: 0.97x
[76.554s][info][gc,stats    ]   CMR: <total>                     7479 us
[76.554s][info][gc,stats    ]   CMR: Thread Roots                7400 us, workers (us): 7400, ---, ---, 
[76.554s][info][gc,stats    ]   CMR: VM Strong Roots               13 us, workers (us):  13, ---, ---, 
[76.554s][info][gc,stats    ]   CMR: CLDG Roots                    67 us, workers (us):  67, ---, ---, 
[76.554s][info][gc,stats    ] Concurrent Marking               130445 us
[76.554s][info][gc,stats    ] Pause Final Mark (G)                373 us
[76.554s][info][gc,stats    ] Pause Final Mark (N)                247 us
[76.554s][info][gc,stats    ]   Finish Mark                        98 us
[76.554s][info][gc,stats    ]   Update Region States               42 us
[76.554s][info][gc,stats    ]   Choose Collection Set              34 us
[76.554s][info][gc,stats    ]   Rebuild Free Set                    8 us
[76.554s][info][gc,stats    ] Concurrent Weak References          246 us, parallelism: 0.21x
[76.554s][info][gc,stats    ]   CWRF: <total>                      51 us
[76.554s][info][gc,stats    ]   CWRF: Weak References              51 us, workers (us):  51, ---, ---, 
[76.554s][info][gc,stats    ] Concurrent Weak Roots              3855 us
[76.554s][info][gc,stats    ]   Roots                            3588 us, parallelism: 0.99x
[76.554s][info][gc,stats    ]     CWR: <total>                   3547 us
[76.554s][info][gc,stats    ]     CWR: Code Cache Roots          3163 us, workers (us): 3163, ---, ---, 
[76.554s][info][gc,stats    ]     CWR: VM Weak Roots              337 us, workers (us): 337, ---, ---, 
[76.554s][info][gc,stats    ]     CWR: CLDG Roots                  47 us, workers (us):  47, ---, ---, 
[76.554s][info][gc,stats    ]   Rendezvous                        207 us
[76.554s][info][gc,stats    ] Concurrent Cleanup                   54 us
[76.554s][info][gc,stats    ] Concurrent Class Unloading        12688 us
[76.554s][info][gc,stats    ]   Unlink Stale                    11855 us
[76.554s][info][gc,stats    ]     System Dictionary                57 us
[76.554s][info][gc,stats    ]     Weak Class Links                  0 us
[76.554s][info][gc,stats    ]     Code Roots                    11796 us
[76.554s][info][gc,stats    ]   Rendezvous                        182 us
[76.554s][info][gc,stats    ]   Purge Unlinked                    580 us
[76.554s][info][gc,stats    ]     Code Roots                      569 us
[76.554s][info][gc,stats    ]     CLDG                             10 us
[76.554s][info][gc,stats    ]     Exception Caches                  0 us
[76.554s][info][gc,stats    ] Pause Final Roots (G)               140 us
[76.554s][info][gc,stats    ] Pause Final Roots (N)                50 us
[76.554s][info][gc,stats    ] Pacing                            35572 us
[76.554s][info][gc,stats    ] 
[76.554s][info][gc,stats    ] Allocation pacing accrued:
[76.554s][info][gc,stats    ]      18 of   170 ms ( 10.4%): Executor task launch worker for task 1.0 in stage 149.0 (TID 249)
[76.554s][info][gc,stats    ]      18 of   170 ms ( 10.6%): Executor task launch worker for task 0.0 in stage 149.0 (TID 248)
[76.554s][info][gc,stats    ]      36 of   170 ms ( 20.9%): <total>
[76.554s][info][gc,stats    ]       0 of   170 ms (  0.1%): <average total>
[76.554s][info][gc,stats    ]      18 of   170 ms ( 10.5%): <average non-zero>
[76.554s][info][gc,stats    ] 
[76.554s][info][gc,metaspace] Metaspace: 66673K(67456K)->66694K(67456K) NonClass: 58379K(58816K)->58396K(58816K) Class: 8294K(8640K)->8297K(8640K)
[76.554s][info][gc,ergo     ] Pacer for Idle. Initial: 41943K, Alloc Tax Rate: 1.0x
[76.564s][info][gc          ] Trigger: Explicit GC request (System.gc())
[76.564s][info][gc,ergo     ] Free: 1287M, Max: 1024K regular, 538M humongous, Frag: 58% external, 0% internal; Reserve: 103M, Max: 1024K
[76.564s][info][gc,start    ] GC(235) Concurrent reset
[76.564s][info][gc,task     ] GC(235) Using 1 of 3 workers for concurrent reset
[76.564s][info][gc,ergo     ] GC(235) Pacer for Reset. Non-Taxable: 2048M
[76.565s][info][gc          ] GC(235) Concurrent reset 0.778ms
[76.565s][info][gc,start    ] GC(235) Pause Init Mark (unload classes)
[76.565s][info][gc,task     ] GC(235) Using 3 of 3 workers for init marking
[76.565s][info][gc,ref      ] GC(235) Clearing All SoftReferences
[76.565s][info][gc,ergo     ] GC(235) Pacer for Mark. Expected Live: 171M, Free: 1287M, Non-Taxable: 128M, Alloc Tax Rate: 0.2x
[76.565s][info][gc          ] GC(235) Pause Init Mark (unload classes) 0.129ms
[76.565s][info][gc,start    ] GC(235) Concurrent marking roots
[76.565s][info][gc,task     ] GC(235) Using 1 of 3 workers for concurrent marking roots
[76.572s][info][gc          ] GC(235) Concurrent marking roots 7.102ms
[76.572s][info][gc,start    ] GC(235) Concurrent marking (unload classes)
[76.572s][info][gc,task     ] GC(235) Using 1 of 3 workers for concurrent marking
[76.700s][info][gc          ] GC(235) Concurrent marking (unload classes) 127.790ms
[76.700s][info][gc,start    ] GC(235) Pause Final Mark (unload classes)
[76.700s][info][gc,task     ] GC(235) Using 3 of 3 workers for final marking
[76.701s][info][gc,ergo     ] GC(235) Collectable Garbage: 451M (94%), Immediate: 451M (94%), CSet: 0B (0%)
[76.701s][info][gc          ] GC(235) Pause Final Mark (unload classes) 0.455ms
[76.701s][info][gc,start    ] GC(235) Concurrent weak references
[76.701s][info][gc,task     ] GC(235) Using 1 of 3 workers for concurrent weak references
[76.701s][info][gc,ref      ] GC(235) Encountered references: Soft: 2826, Weak: 5885, Final: 51, Phantom: 579
[76.701s][info][gc,ref      ] GC(235) Discovered  references: Soft: 660, Weak: 955, Final: 0, Phantom: 337
[76.701s][info][gc,ref      ] GC(235) Enqueued    references: Soft: 298, Weak: 163, Final: 0, Phantom: 0
[76.701s][info][gc          ] GC(235) Concurrent weak references 0.221ms
[76.701s][info][gc,start    ] GC(235) Concurrent weak roots
[76.701s][info][gc,task     ] GC(235) Using 1 of 3 workers for concurrent weak root
[76.705s][info][gc          ] GC(235) Concurrent weak roots 3.709ms
[76.705s][info][gc,start    ] GC(235) Concurrent cleanup
[76.705s][info][gc          ] GC(235) Concurrent cleanup 663M->211M(2048M) 0.082ms
[76.705s][info][gc,ergo     ] GC(235) Free: 1732M, Max: 1024K regular, 956M humongous, Frag: 45% external, 0% internal; Reserve: 103M, Max: 1024K
[76.705s][info][gc,start    ] GC(235) Concurrent class unloading
[76.705s][info][gc,task     ] GC(235) Using 1 of 3 workers for concurrent class unloading
[76.726s][info][gc          ] GC(235) Concurrent class unloading 20.814ms
[76.726s][info][gc,start    ] GC(235) Pause Final Roots
[76.726s][info][gc          ] GC(235) Pause Final Roots 0.041ms
[76.726s][info][gc,ergo     ] Free: 1732M, Max: 1024K regular, 956M humongous, Frag: 45% external, 0% internal; Reserve: 103M, Max: 1024K
[76.726s][info][gc,stats    ] 
[76.726s][info][gc,stats    ] All times are wall-clock times, except per-root-class counters, that are sum over
[76.726s][info][gc,stats    ] all workers. Dividing the <total> over the root stage time estimates parallelism.
[76.726s][info][gc,stats    ] 
[76.726s][info][gc,stats    ] Concurrent Reset                    843 us
[76.726s][info][gc,stats    ] Pause Init Mark (G)                 247 us
[76.726s][info][gc,stats    ] Pause Init Mark (N)                 137 us
[76.726s][info][gc,stats    ]   Update Region States               49 us
[76.726s][info][gc,stats    ] Concurrent Mark Roots              7164 us, parallelism: 0.97x
[76.726s][info][gc,stats    ]   CMR: <total>                     6921 us
[76.726s][info][gc,stats    ]   CMR: Thread Roots                6734 us, workers (us): 6734, ---, ---, 
[76.726s][info][gc,stats    ]   CMR: VM Strong Roots               13 us, workers (us):  13, ---, ---, 
[76.726s][info][gc,stats    ]   CMR: CLDG Roots                   174 us, workers (us): 174, ---, ---, 
[76.726s][info][gc,stats    ] Concurrent Marking               127868 us
[76.726s][info][gc,stats    ] Pause Final Mark (G)                522 us
[76.726s][info][gc,stats    ] Pause Final Mark (N)                462 us
[76.726s][info][gc,stats    ]   Finish Mark                       294 us
[76.726s][info][gc,stats    ]   Update Region States               49 us
[76.726s][info][gc,stats    ]   Choose Collection Set              41 us
[76.726s][info][gc,stats    ]   Rebuild Free Set                    8 us
[76.726s][info][gc,stats    ] Concurrent Weak References          228 us, parallelism: 0.54x
[76.726s][info][gc,stats    ]   CWRF: <total>                     122 us
[76.726s][info][gc,stats    ]   CWRF: Weak References             122 us, workers (us): 122, ---, ---, 
[76.726s][info][gc,stats    ] Concurrent Weak Roots              3772 us
[76.726s][info][gc,stats    ]   Roots                            3514 us, parallelism: 0.96x
[76.726s][info][gc,stats    ]     CWR: <total>                   3360 us
[76.726s][info][gc,stats    ]     CWR: Code Cache Roots          2641 us, workers (us): 2641, ---, ---, 
[76.726s][info][gc,stats    ]     CWR: VM Weak Roots              662 us, workers (us): 662, ---, ---, 
[76.726s][info][gc,stats    ]     CWR: CLDG Roots                  58 us, workers (us):  58, ---, ---, 
[76.726s][info][gc,stats    ]   Rendezvous                        175 us
[76.726s][info][gc,stats    ] Concurrent Cleanup                  100 us
[76.726s][info][gc,stats    ] Concurrent Class Unloading        20859 us
[76.726s][info][gc,stats    ]   Unlink Stale                    19683 us
[76.726s][info][gc,stats    ]     System Dictionary               986 us
[76.726s][info][gc,stats    ]     Weak Class Links               6333 us
[76.726s][info][gc,stats    ]     Code Roots                    12361 us
[76.726s][info][gc,stats    ]   Rendezvous                        219 us
[76.726s][info][gc,stats    ]   Purge Unlinked                    878 us
