[0.008s][info][gc] Min heap equals to max heap, disabling ShenandoahUncommit
[0.011s][info][gc] Heuristics ergonomically sets -XX:+ExplicitGCInvokesConcurrent
[0.011s][info][gc] Heuristics ergonomically sets -XX:+ShenandoahImplicitGCInvokesConcurrent
[0.011s][info][gc] Using Shenandoah
[0.026s][info][gc,ergo] Pacer for Idle. Initial: 163M, Alloc Tax Rate: 1.0x
[0.026s][info][gc,init] Version: 17.0.12+7-adhoc..jdk17u (release)
[0.026s][info][gc,init] CPUs: 6 total, 6 available
[0.026s][info][gc,init] Memory: 15591M
[0.026s][info][gc,init] Large Page Support: Disabled
[0.026s][info][gc,init] NUMA Support: Disabled
[0.026s][info][gc,init] Compressed Oops: Enabled (Zero based)
[0.026s][info][gc,init] Heap Min Capacity: 8G
[0.026s][info][gc,init] Heap Initial Capacity: 8G
[0.026s][info][gc,init] Heap Max Capacity: 8G
[0.026s][info][gc,init] Pre-touch: Disabled
[0.026s][info][gc,init] Mode: Snapshot-At-The-Beginning (SATB)
[0.026s][info][gc,init] Heuristics: Adaptive
[0.027s][info][gc,init] Heap Region Count: 2048
[0.027s][info][gc,init] Heap Region Size: 4M
[0.027s][info][gc,init] TLAB Size Max: 4M
[0.027s][info][gc,init] Humongous Object Threshold: 4M
[0.027s][info][gc,init] Parallel Workers: 3
[0.027s][info][gc,init] Concurrent Workers: 1
[0.034s][info][gc,metaspace] CDS archive(s) mapped at: [0x0000024f3d000000-0x0000024f3dbc0000-0x0000024f3dbc0000), size 12320768, SharedBaseAddress: 0x0000024f3d000000, ArchiveRelocationMode: 1.
[0.034s][info][gc,metaspace] Compressed class space mapped at: 0x0000024f3e000000-0x0000024f7e000000, reserved size: 1073741824
[0.034s][info][gc,metaspace] Narrow klass base: 0x0000024f3d000000, Narrow klass shift: 0, Narrow klass range: 0x100000000
[2.318s][info][gc          ] Trigger: Explicit GC request (System.gc())
[2.319s][info][gc,ergo     ] Free: 7032M, Max: 4096K regular, 7032M humongous, Frag: 0% external, 0% internal; Reserve: 412M, Max: 4096K
[2.319s][info][gc,start    ] GC(0) Concurrent reset
[2.319s][info][gc,task     ] GC(0) Using 1 of 3 workers for concurrent reset
[2.319s][info][gc,ergo     ] GC(0) Pacer for Reset. Non-Taxable: 8192M
[2.319s][info][gc          ] GC(0) Concurrent reset 0.383ms
[2.319s][info][gc,start    ] GC(0) Pause Init Mark (unload classes)
[2.320s][info][gc,task     ] GC(0) Using 3 of 3 workers for init marking
[2.320s][info][gc,ref      ] GC(0) Clearing All SoftReferences
[2.320s][info][gc,ergo     ] GC(0) Pacer for Mark. Expected Live: 819M, Free: 7032M, Non-Taxable: 703M, Alloc Tax Rate: 0.1x
[2.320s][info][gc          ] GC(0) Pause Init Mark (unload classes) 0.385ms
[2.320s][info][gc,start    ] GC(0) Concurrent marking roots
[2.320s][info][gc,task     ] GC(0) Using 1 of 3 workers for concurrent marking roots
[2.321s][info][gc          ] GC(0) Concurrent marking roots 0.895ms
[2.321s][info][gc,start    ] GC(0) Concurrent marking (unload classes)
[2.321s][info][gc,task     ] GC(0) Using 1 of 3 workers for concurrent marking
[2.362s][info][gc          ] GC(0) Concurrent marking (unload classes) 41.357ms
[2.362s][info][gc,start    ] GC(0) Pause Final Mark (unload classes)
[2.362s][info][gc,task     ] GC(0) Using 3 of 3 workers for final marking
[2.362s][info][gc,ergo     ] GC(0) Adaptive CSet Selection. Target Free: 1160M, Actual Free: 7528M, Max CSet: 341M, Min Garbage: 0B
[2.362s][info][gc,ergo     ] GC(0) Collectable Garbage: 726M (100%), Immediate: 86016K (11%), CSet: 642M (88%)
[2.362s][info][gc,ergo     ] GC(0) Pacer for Evacuation. Used CSet: 664M, Free: 7116M, Non-Taxable: 711M, Alloc Tax Rate: 1.1x
[2.362s][info][gc          ] GC(0) Pause Final Mark (unload classes) 0.304ms
[2.362s][info][gc,start    ] GC(0) Concurrent thread roots
[2.362s][info][gc,task     ] GC(0) Using 1 of 3 workers for Concurrent thread roots
[2.363s][info][gc          ] GC(0) Concurrent thread roots 0.590ms
[2.363s][info][gc,start    ] GC(0) Concurrent weak references
[2.363s][info][gc,task     ] GC(0) Using 1 of 3 workers for concurrent weak references
[2.363s][info][gc,ref      ] GC(0) Encountered references: Soft: 3383, Weak: 4472, Final: 26, Phantom: 200
[2.363s][info][gc,ref      ] GC(0) Discovered  references: Soft: 353, Weak: 521, Final: 21, Phantom: 176
[2.363s][info][gc,ref      ] GC(0) Enqueued    references: Soft: 293, Weak: 147, Final: 20, Phantom: 111
[2.364s][info][gc          ] GC(0) Concurrent weak references 0.441ms
[2.364s][info][gc,start    ] GC(0) Concurrent weak roots
[2.364s][info][gc,task     ] GC(0) Using 1 of 3 workers for concurrent weak root
[2.367s][info][gc          ] GC(0) Concurrent weak roots 3.050ms
[2.367s][info][gc,start    ] GC(0) Concurrent cleanup
[2.367s][info][gc          ] GC(0) Concurrent cleanup 753M->669M(8192M) 0.031ms
[2.367s][info][gc,ergo     ] GC(0) Free: 7112M, Max: 4096K regular, 7028M humongous, Frag: 2% external, 0% internal; Reserve: 409M, Max: 4096K
[2.367s][info][gc,start    ] GC(0) Concurrent class unloading
[2.367s][info][gc,task     ] GC(0) Using 1 of 3 workers for concurrent class unloading
[2.374s][info][gc          ] GC(0) Concurrent class unloading 7.131ms
[2.374s][info][gc,start    ] GC(0) Concurrent strong roots
[2.374s][info][gc,task     ] GC(0) Using 1 of 3 workers for concurrent strong root
[2.375s][info][gc          ] GC(0) Concurrent strong roots 0.637ms
[2.375s][info][gc,start    ] GC(0) Concurrent evacuation
[2.375s][info][gc,task     ] GC(0) Using 1 of 3 workers for concurrent evacuation
[2.398s][info][gc          ] GC(0) Concurrent evacuation 23.109ms
[2.398s][info][gc,start    ] GC(0) Pause Init Update Refs
[2.398s][info][gc,ergo     ] GC(0) Pacer for Update Refs. Used: 691M, Free: 7112M, Non-Taxable: 711M, Alloc Tax Rate: 1.1x
[2.398s][info][gc          ] GC(0) Pause Init Update Refs 0.087ms
[2.398s][info][gc,start    ] GC(0) Concurrent update references
[2.398s][info][gc,task     ] GC(0) Using 1 of 3 workers for concurrent reference update
[2.418s][info][gc          ] GC(0) Concurrent update references 19.560ms
[2.418s][info][gc,start    ] GC(0) Concurrent update thread roots
[2.418s][info][gc          ] GC(0) Concurrent update thread roots 0.685ms
[2.418s][info][gc,start    ] GC(0) Pause Final Update Refs
[2.418s][info][gc,task     ] GC(0) Using 3 of 3 workers for final reference update
[2.419s][info][gc          ] GC(0) Pause Final Update Refs 0.229ms
[2.419s][info][gc,start    ] GC(0) Concurrent cleanup
[2.419s][info][gc          ] GC(0) Concurrent cleanup 691M->27M(8192M) 0.044ms
[2.419s][info][gc,ergo     ] Free: 7752M, Max: 4096K regular, 7004M humongous, Frag: 10% external, 0% internal; Reserve: 412M, Max: 4096K
[2.419s][info][gc,stats    ] 
[2.419s][info][gc,stats    ] All times are wall-clock times, except per-root-class counters, that are sum over
[2.419s][info][gc,stats    ] all workers. Dividing the <total> over the root stage time estimates parallelism.
[2.419s][info][gc,stats    ] 
[2.419s][info][gc,stats    ] Concurrent Reset                    450 us
[2.419s][info][gc,stats    ] Pause Init Mark (G)                 593 us
[2.419s][info][gc,stats    ] Pause Init Mark (N)                 403 us
[2.419s][info][gc,stats    ]   Update Region States               51 us
[2.419s][info][gc,stats    ] Concurrent Mark Roots               913 us, parallelism: 0.86x
[2.419s][info][gc,stats    ]   CMR: <total>                      781 us
[2.419s][info][gc,stats    ]   CMR: Thread Roots                 474 us, workers (us): 474, ---, ---, 
[2.419s][info][gc,stats    ]   CMR: VM Strong Roots               60 us, workers (us):  60, ---, ---, 
[2.419s][info][gc,stats    ]   CMR: CLDG Roots                   247 us, workers (us): 247, ---, ---, 
[2.419s][info][gc,stats    ] Concurrent Marking                41445 us
[2.419s][info][gc,stats    ] Pause Final Mark (G)                360 us
[2.419s][info][gc,stats    ] Pause Final Mark (N)                312 us
[2.419s][info][gc,stats    ]   Finish Mark                       111 us
[2.419s][info][gc,stats    ]   Update Region States               44 us
[2.419s][info][gc,stats    ]   Choose Collection Set              59 us
[2.419s][info][gc,stats    ]   Rebuild Free Set                    8 us
[2.419s][info][gc,stats    ] Concurrent Thread Roots             615 us, parallelism: 0.81x
[2.419s][info][gc,stats    ]   CTR: <total>                      495 us
[2.419s][info][gc,stats    ]   CTR: Thread Roots                 495 us, workers (us): 495, ---, ---, 
[2.419s][info][gc,stats    ] Concurrent Weak References          449 us, parallelism: 0.55x
[2.419s][info][gc,stats    ]   CWRF: <total>                     249 us
[2.419s][info][gc,stats    ]   CWRF: Weak References             249 us, workers (us): 249, ---, ---, 
[2.419s][info][gc,stats    ] Concurrent Weak Roots              3094 us
[2.419s][info][gc,stats    ]   Roots                            2949 us, parallelism: 0.96x
[2.419s][info][gc,stats    ]     CWR: <total>                   2841 us
[2.419s][info][gc,stats    ]     CWR: Code Cache Roots           886 us, workers (us): 886, ---, ---, 
[2.419s][info][gc,stats    ]     CWR: VM Weak Roots             1945 us, workers (us): 1945, ---, ---, 
[2.419s][info][gc,stats    ]     CWR: CLDG Roots                  10 us, workers (us):  10, ---, ---, 
[2.419s][info][gc,stats    ]   Rendezvous                         83 us
[2.419s][info][gc,stats    ] Concurrent Cleanup                   40 us
[2.419s][info][gc,stats    ] Concurrent Class Unloading         7201 us
[2.419s][info][gc,stats    ]   Unlink Stale                     6790 us
[2.419s][info][gc,stats    ]     System Dictionary               140 us
[2.419s][info][gc,stats    ]     Weak Class Links               2369 us
[2.419s][info][gc,stats    ]     Code Roots                     4279 us
[2.419s][info][gc,stats    ]   Rendezvous                         63 us
[2.419s][info][gc,stats    ]   Purge Unlinked                    257 us
[2.419s][info][gc,stats    ]     Code Roots                      150 us
[2.419s][info][gc,stats    ]     CLDG                            107 us
[2.419s][info][gc,stats    ]     Exception Caches                  0 us
[2.419s][info][gc,stats    ] Concurrent Strong Roots             676 us, parallelism: 0.80x
[2.419s][info][gc,stats    ]   CSR: <total>                      540 us
[2.419s][info][gc,stats    ]   CSR: VM Strong Roots               25 us, workers (us):  25, ---, ---, 
[2.419s][info][gc,stats    ]   CSR: CLDG Roots                   515 us, workers (us): 515, ---, ---, 
[2.419s][info][gc,stats    ] Concurrent Evacuation             23194 us
[2.419s][info][gc,stats    ] Pause Init Update Refs (G)          202 us
[2.419s][info][gc,stats    ] Pause Init Update Refs (N)          105 us
[2.419s][info][gc,stats    ]   Manage GCLABs                       5 us
[2.419s][info][gc,stats    ] Concurrent Update Refs            19632 us
[2.419s][info][gc,stats    ] Concurrent Update Thread Roots      724 us
[2.419s][info][gc,stats    ] Pause Final Update Refs (G)         334 us
[2.419s][info][gc,stats    ] Pause Final Update Refs (N)         259 us
[2.419s][info][gc,stats    ]   Update Region States               79 us
[2.419s][info][gc,stats    ]   Trash Collection Set               12 us
[2.419s][info][gc,stats    ]   Rebuild Free Set                   24 us
[2.419s][info][gc,stats    ] Concurrent Cleanup                   54 us
[2.419s][info][gc,stats    ] 
[2.419s][info][gc,stats    ] Allocation pacing accrued:
[2.419s][info][gc,stats    ]       0 of  2393 ms (  0.0%): <total>
[2.419s][info][gc,stats    ]       0 of  2393 ms (  0.0%): <average total>
[2.419s][info][gc,stats    ] 
[2.419s][info][gc,metaspace] Metaspace: 17984K(18304K)->17982K(18368K) NonClass: 14101K(14272K)->14104K(14336K) Class: 3883K(4032K)->3877K(4032K)
[2.419s][info][gc,ergo     ] Pacer for Idle. Initial: 163M, Alloc Tax Rate: 1.0x
[3.919s][info][gc          ] Trigger: Metadata GC Threshold
[3.919s][info][gc,ergo     ] Free: 7468M, Max: 4096K regular, 7004M humongous, Frag: 7% external, 0% internal; Reserve: 412M, Max: 4096K
[3.919s][info][gc,start    ] GC(1) Concurrent reset
[3.919s][info][gc,task     ] GC(1) Using 1 of 3 workers for concurrent reset
[3.919s][info][gc,ergo     ] GC(1) Pacer for Reset. Non-Taxable: 8192M
[3.922s][info][gc          ] GC(1) Concurrent reset 2.760ms
[3.922s][info][gc,start    ] GC(1) Pause Init Mark (unload classes)
[3.922s][info][gc,task     ] GC(1) Using 3 of 3 workers for init marking
[3.922s][info][gc,ergo     ] GC(1) Pacer for Mark. Expected Live: 21695K, Free: 7468M, Non-Taxable: 746M, Alloc Tax Rate: 0.0x
[3.922s][info][gc          ] GC(1) Pause Init Mark (unload classes) 0.149ms
[3.922s][info][gc,start    ] GC(1) Concurrent marking roots
[3.922s][info][gc,task     ] GC(1) Using 1 of 3 workers for concurrent marking roots
[3.925s][info][gc          ] GC(1) Concurrent marking roots 2.514ms
[3.925s][info][gc,start    ] GC(1) Concurrent marking (unload classes)
[3.925s][info][gc,task     ] GC(1) Using 1 of 3 workers for concurrent marking
[3.961s][info][gc          ] GC(1) Concurrent marking (unload classes) 36.119ms
[3.961s][info][gc,start    ] GC(1) Pause Final Mark (unload classes)
[3.961s][info][gc,task     ] GC(1) Using 3 of 3 workers for final marking
[3.961s][info][gc,ergo     ] GC(1) Adaptive CSet Selection. Target Free: 1160M, Actual Free: 7996M, Max CSet: 341M, Min Garbage: 0B
[3.961s][info][gc,ergo     ] GC(1) Collectable Garbage: 286M (99%), Immediate: 120M (41%), CSet: 166M (58%)
[3.961s][info][gc,ergo     ] GC(1) Pacer for Evacuation. Used CSet: 175M, Free: 7584M, Non-Taxable: 758M, Alloc Tax Rate: 1.1x
[3.961s][info][gc          ] GC(1) Pause Final Mark (unload classes) 0.215ms
[3.961s][info][gc,start    ] GC(1) Concurrent thread roots
[3.961s][info][gc,task     ] GC(1) Using 1 of 3 workers for Concurrent thread roots
[3.964s][info][gc          ] GC(1) Concurrent thread roots 2.532ms
[3.964s][info][gc,start    ] GC(1) Concurrent weak references
[3.964s][info][gc,task     ] GC(1) Using 1 of 3 workers for concurrent weak references
[3.964s][info][gc,ref      ] GC(1) Encountered references: Soft: 3396, Weak: 7155, Final: 19, Phantom: 91
[3.964s][info][gc,ref      ] GC(1) Discovered  references: Soft: 0, Weak: 1352, Final: 14, Phantom: 63
[3.964s][info][gc,ref      ] GC(1) Enqueued    references: Soft: 0, Weak: 18, Final: 13, Phantom: 4
[3.964s][info][gc          ] GC(1) Concurrent weak references 0.353ms
[3.964s][info][gc,start    ] GC(1) Concurrent weak roots
[3.964s][info][gc,task     ] GC(1) Using 1 of 3 workers for concurrent weak root
[3.968s][info][gc          ] GC(1) Concurrent weak roots 3.265ms
[3.968s][info][gc,start    ] GC(1) Concurrent cleanup
[3.968s][info][gc          ] GC(1) Concurrent cleanup 321M->201M(8192M) 0.033ms
[3.968s][info][gc,ergo     ] GC(1) Free: 7580M, Max: 4096K regular, 7004M humongous, Frag: 8% external, 0% internal; Reserve: 410M, Max: 4096K
[3.968s][info][gc,start    ] GC(1) Concurrent class unloading
[3.968s][info][gc,task     ] GC(1) Using 1 of 3 workers for concurrent class unloading
[3.980s][info][gc          ] GC(1) Concurrent class unloading 12.507ms
[3.980s][info][gc,start    ] GC(1) Concurrent strong roots
[3.980s][info][gc,task     ] GC(1) Using 1 of 3 workers for concurrent strong root
[3.981s][info][gc          ] GC(1) Concurrent strong roots 0.673ms
[3.981s][info][gc,start    ] GC(1) Concurrent evacuation
[3.981s][info][gc,task     ] GC(1) Using 1 of 3 workers for concurrent evacuation
[3.988s][info][gc          ] GC(1) Concurrent evacuation 6.668ms
[3.988s][info][gc,start    ] GC(1) Pause Init Update Refs
[3.988s][info][gc,ergo     ] GC(1) Pacer for Update Refs. Used: 211M, Free: 7580M, Non-Taxable: 758M, Alloc Tax Rate: 1.1x
[3.988s][info][gc          ] GC(1) Pause Init Update Refs 0.063ms
[3.988s][info][gc,start    ] GC(1) Concurrent update references
[3.988s][info][gc,task     ] GC(1) Using 1 of 3 workers for concurrent reference update
[4.003s][info][gc          ] GC(1) Concurrent update references 15.176ms
[4.003s][info][gc,start    ] GC(1) Concurrent update thread roots
[4.014s][info][gc          ] GC(1) Concurrent update thread roots 11.343ms
[4.015s][info][gc,start    ] GC(1) Pause Final Update Refs
[4.015s][info][gc,task     ] GC(1) Using 3 of 3 workers for final reference update
[4.015s][info][gc          ] GC(1) Pause Final Update Refs 0.255ms
[4.015s][info][gc,start    ] GC(1) Concurrent cleanup
[4.015s][info][gc          ] GC(1) Concurrent cleanup 211M->36M(8192M) 0.041ms
[4.015s][info][gc,ergo     ] Free: 7744M, Max: 4096K regular, 7460M humongous, Frag: 4% external, 0% internal; Reserve: 412M, Max: 4096K
[4.015s][info][gc,stats    ] 
[4.015s][info][gc,stats    ] All times are wall-clock times, except per-root-class counters, that are sum over
[4.015s][info][gc,stats    ] all workers. Dividing the <total> over the root stage time estimates parallelism.
[4.015s][info][gc,stats    ] 
[4.015s][info][gc,stats    ] Concurrent Reset                   2838 us
[4.015s][info][gc,stats    ] Pause Init Mark (G)                 407 us
[4.015s][info][gc,stats    ] Pause Init Mark (N)                 158 us
[4.015s][info][gc,stats    ]   Update Region States               63 us
[4.015s][info][gc,stats    ] Concurrent Mark Roots              2559 us, parallelism: 0.92x
[4.015s][info][gc,stats    ]   CMR: <total>                     2357 us
[4.015s][info][gc,stats    ]   CMR: Thread Roots                2279 us, workers (us): 2279, ---, ---, 
[4.015s][info][gc,stats    ]   CMR: VM Strong Roots               10 us, workers (us):  10, ---, ---, 
[4.015s][info][gc,stats    ]   CMR: CLDG Roots                    68 us, workers (us):  68, ---, ---, 
[4.015s][info][gc,stats    ] Concurrent Marking                36168 us
[4.015s][info][gc,stats    ] Pause Final Mark (G)                330 us
[4.015s][info][gc,stats    ] Pause Final Mark (N)                223 us
[4.015s][info][gc,stats    ]   Finish Mark                        69 us
[4.015s][info][gc,stats    ]   Update Region States               39 us
[4.015s][info][gc,stats    ]   Choose Collection Set              45 us
[4.015s][info][gc,stats    ]   Rebuild Free Set                    8 us
[4.015s][info][gc,stats    ] Concurrent Thread Roots            2591 us, parallelism: 0.93x
[4.015s][info][gc,stats    ]   CTR: <total>                     2402 us
[4.015s][info][gc,stats    ]   CTR: Thread Roots                2402 us, workers (us): 2402, ---, ---, 
[4.015s][info][gc,stats    ] Concurrent Weak References          370 us, parallelism: 0.45x
[4.015s][info][gc,stats    ]   CWRF: <total>                     166 us
[4.015s][info][gc,stats    ]   CWRF: Weak References             166 us, workers (us): 166, ---, ---, 
[4.015s][info][gc,stats    ] Concurrent Weak Roots              3321 us
[4.015s][info][gc,stats    ]   Roots                            3133 us, parallelism: 0.97x
[4.015s][info][gc,stats    ]     CWR: <total>                   3048 us
[4.015s][info][gc,stats    ]     CWR: Code Cache Roots          1323 us, workers (us): 1323, ---, ---, 
[4.015s][info][gc,stats    ]     CWR: VM Weak Roots             1708 us, workers (us): 1708, ---, ---, 
[4.015s][info][gc,stats    ]     CWR: CLDG Roots                  17 us, workers (us):  17, ---, ---, 
[4.015s][info][gc,stats    ]   Rendezvous                         96 us
[4.015s][info][gc,stats    ] Concurrent Cleanup                   42 us
[4.015s][info][gc,stats    ] Concurrent Class Unloading        12575 us
[4.015s][info][gc,stats    ]   Unlink Stale                    12125 us
[4.015s][info][gc,stats    ]     System Dictionary               130 us
[4.015s][info][gc,stats    ]     Weak Class Links               5498 us
[4.015s][info][gc,stats    ]     Code Roots                     6494 us
[4.015s][info][gc,stats    ]   Rendezvous                         66 us
[4.015s][info][gc,stats    ]   Purge Unlinked                    295 us
[4.015s][info][gc,stats    ]     Code Roots                      240 us
[4.015s][info][gc,stats    ]     CLDG                             55 us
[4.015s][info][gc,stats    ]     Exception Caches                  0 us
[4.015s][info][gc,stats    ] Concurrent Strong Roots             720 us, parallelism: 0.78x
[4.015s][info][gc,stats    ]   CSR: <total>                      564 us
[4.015s][info][gc,stats    ]   CSR: VM Strong Roots                7 us, workers (us):   7, ---, ---, 
[4.015s][info][gc,stats    ]   CSR: CLDG Roots                   558 us, workers (us): 558, ---, ---, 
[4.015s][info][gc,stats    ] Concurrent Evacuation              6729 us
[4.015s][info][gc,stats    ] Pause Init Update Refs (G)          179 us
[4.015s][info][gc,stats    ] Pause Init Update Refs (N)           72 us
[4.015s][info][gc,stats    ]   Manage GCLABs                       4 us
[4.015s][info][gc,stats    ] Concurrent Update Refs            15246 us
[4.015s][info][gc,stats    ] Concurrent Update Thread Roots    11420 us
[4.015s][info][gc,stats    ] Pause Final Update Refs (G)         408 us
[4.015s][info][gc,stats    ] Pause Final Update Refs (N)         276 us
[4.015s][info][gc,stats    ]   Update Region States               70 us
[4.015s][info][gc,stats    ]   Trash Collection Set                3 us
[4.015s][info][gc,stats    ]   Rebuild Free Set                   15 us
[4.015s][info][gc,stats    ] Concurrent Cleanup                   52 us
[4.015s][info][gc,stats    ] 
[4.015s][info][gc,stats    ] Allocation pacing accrued:
[4.015s][info][gc,stats    ]       0 of  1596 ms (  0.0%): <total>
[4.015s][info][gc,stats    ]       0 of  1596 ms (  0.0%): <average total>
[4.015s][info][gc,stats    ] 
[4.016s][info][gc,metaspace] Metaspace: 30203K(30720K)->31474K(32000K) NonClass: 24159K(24512K)->25224K(25600K) Class: 6043K(6208K)->6249K(6400K)
[4.016s][info][gc,ergo     ] Pacer for Idle. Initial: 163M, Alloc Tax Rate: 1.0x
[9.257s][info][gc          ] Trigger: Learning 3 of 5. Free (5720M) is below initial threshold (5734M)
[9.257s][info][gc,ergo     ] Free: 5716M, Max: 4096K regular, 5716M humongous, Frag: 0% external, 0% internal; Reserve: 412M, Max: 4096K
[9.257s][info][gc,start    ] GC(2) Concurrent reset
[9.257s][info][gc,task     ] GC(2) Using 1 of 3 workers for concurrent reset
[9.257s][info][gc,ergo     ] GC(2) Pacer for Reset. Non-Taxable: 8192M
[9.259s][info][gc          ] GC(2) Concurrent reset 1.140ms
[9.259s][info][gc,start    ] GC(2) Pause Init Mark (unload classes)
[9.259s][info][gc,task     ] GC(2) Using 3 of 3 workers for init marking
[9.259s][info][gc,ergo     ] GC(2) Pacer for Mark. Expected Live: 23695K, Free: 5716M, Non-Taxable: 571M, Alloc Tax Rate: 0.0x
[9.259s][info][gc          ] GC(2) Pause Init Mark (unload classes) 0.187ms
[9.259s][info][gc,start    ] GC(2) Concurrent marking roots
[9.259s][info][gc,task     ] GC(2) Using 1 of 3 workers for concurrent marking roots
[9.260s][info][gc          ] GC(2) Concurrent marking roots 1.068ms
[9.260s][info][gc,start    ] GC(2) Concurrent marking (unload classes)
[9.260s][info][gc,task     ] GC(2) Using 1 of 3 workers for concurrent marking
[9.329s][info][gc          ] GC(2) Concurrent marking (unload classes) 68.949ms
[9.329s][info][gc,start    ] GC(2) Pause Final Mark (unload classes)
[9.329s][info][gc,task     ] GC(2) Using 3 of 3 workers for final marking
[9.329s][info][gc,ergo     ] GC(2) Adaptive CSet Selection. Target Free: 1160M, Actual Free: 7664M, Max CSet: 341M, Min Garbage: 0B
[9.330s][info][gc,ergo     ] GC(2) Collectable Garbage: 2019M (99%), Immediate: 1612M (79%), CSet: 407M (20%)
[9.330s][info][gc,ergo     ] GC(2) Pacer for Evacuation. Used CSet: 428M, Free: 7252M, Non-Taxable: 725M, Alloc Tax Rate: 1.1x
[9.330s][info][gc          ] GC(2) Pause Final Mark (unload classes) 0.404ms
[9.330s][info][gc,start    ] GC(2) Concurrent thread roots
[9.330s][info][gc,task     ] GC(2) Using 1 of 3 workers for Concurrent thread roots
[9.331s][info][gc          ] GC(2) Concurrent thread roots 1.054ms
[9.331s][info][gc,start    ] GC(2) Concurrent weak references
[9.331s][info][gc,task     ] GC(2) Using 1 of 3 workers for concurrent weak references
[9.334s][info][gc,ref      ] GC(2) Encountered references: Soft: 3553, Weak: 7601, Final: 25038, Phantom: 112
[9.334s][info][gc,ref      ] GC(2) Discovered  references: Soft: 0, Weak: 925, Final: 25008, Phantom: 77
[9.334s][info][gc,ref      ] GC(2) Enqueued    references: Soft: 0, Weak: 30, Final: 25007, Phantom: 22
[9.334s][info][gc          ] GC(2) Concurrent weak references 3.514ms
[9.334s][info][gc,start    ] GC(2) Concurrent weak roots
[9.334s][info][gc,task     ] GC(2) Using 1 of 3 workers for concurrent weak root
[9.337s][info][gc          ] GC(2) Concurrent weak roots 2.988ms
[9.337s][info][gc,start    ] GC(2) Concurrent cleanup
[9.337s][info][gc          ] GC(2) Concurrent cleanup 2153M->541M(8192M) 0.041ms
[9.337s][info][gc,ergo     ] GC(2) Free: 7240M, Max: 4096K regular, 5628M humongous, Frag: 23% external, 0% internal; Reserve: 410M, Max: 4096K
[9.337s][info][gc,start    ] GC(2) Concurrent class unloading
[9.337s][info][gc,task     ] GC(2) Using 1 of 3 workers for concurrent class unloading
[9.351s][info][gc          ] GC(2) Concurrent class unloading 13.163ms
[9.351s][info][gc,start    ] GC(2) Concurrent strong roots
[9.351s][info][gc,task     ] GC(2) Using 1 of 3 workers for concurrent strong root
[9.351s][info][gc          ] GC(2) Concurrent strong roots 0.209ms
[9.351s][info][gc,start    ] GC(2) Concurrent evacuation
[9.351s][info][gc,task     ] GC(2) Using 1 of 3 workers for concurrent evacuation
[9.375s][info][gc          ] GC(2) Concurrent evacuation 24.087ms
[9.375s][info][gc,start    ] GC(2) Pause Init Update Refs
[9.375s][info][gc,ergo     ] GC(2) Pacer for Update Refs. Used: 587M, Free: 7216M, Non-Taxable: 721M, Alloc Tax Rate: 1.1x
[9.375s][info][gc          ] GC(2) Pause Init Update Refs 0.086ms
[9.375s][info][gc,start    ] GC(2) Concurrent update references
[9.375s][info][gc,task     ] GC(2) Using 1 of 3 workers for concurrent reference update
[9.429s][info][gc          ] GC(2) Concurrent update references 53.404ms
[9.429s][info][gc,start    ] GC(2) Concurrent update thread roots
[9.430s][info][gc          ] GC(2) Concurrent update thread roots 0.879ms
[9.430s][info][gc,start    ] GC(2) Pause Final Update Refs
[9.430s][info][gc,task     ] GC(2) Using 3 of 3 workers for final reference update
[9.430s][info][gc          ] GC(2) Pause Final Update Refs 0.130ms
[9.430s][info][gc,start    ] GC(2) Concurrent cleanup
[9.430s][info][gc          ] GC(2) Concurrent cleanup 587M->159M(8192M) 0.038ms
[9.430s][info][gc,ergo     ] Free: 7620M, Max: 4096K regular, 5608M humongous, Frag: 27% external, 0% internal; Reserve: 412M, Max: 4096K
[9.430s][info][gc,stats    ] 
[9.430s][info][gc,stats    ] All times are wall-clock times, except per-root-class counters, that are sum over
[9.430s][info][gc,stats    ] all workers. Dividing the <total> over the root stage time estimates parallelism.
[9.430s][info][gc,stats    ] 
[9.430s][info][gc,stats    ] Concurrent Reset                   1218 us
[9.430s][info][gc,stats    ] Pause Init Mark (G)                 385 us
[9.430s][info][gc,stats    ] Pause Init Mark (N)                 196 us
[9.430s][info][gc,stats    ]   Update Region States               98 us
[9.430s][info][gc,stats    ] Concurrent Mark Roots              1087 us, parallelism: 0.86x
[9.430s][info][gc,stats    ]   CMR: <total>                      936 us
[9.430s][info][gc,stats    ]   CMR: Thread Roots                 844 us, workers (us): 844, ---, ---, 
[9.430s][info][gc,stats    ]   CMR: VM Strong Roots               14 us, workers (us):  14, ---, ---, 
[9.430s][info][gc,stats    ]   CMR: CLDG Roots                    77 us, workers (us):  77, ---, ---, 
[9.430s][info][gc,stats    ] Concurrent Marking                69021 us
[9.430s][info][gc,stats    ] Pause Final Mark (G)                545 us
[9.430s][info][gc,stats    ] Pause Final Mark (N)                422 us
[9.430s][info][gc,stats    ]   Finish Mark                       124 us
[9.430s][info][gc,stats    ]   Update Region States               68 us
[9.430s][info][gc,stats    ]   Choose Collection Set              96 us
[9.430s][info][gc,stats    ]   Rebuild Free Set                   17 us
[9.430s][info][gc,stats    ] Concurrent Thread Roots            1073 us, parallelism: 0.89x
[9.430s][info][gc,stats    ]   CTR: <total>                      958 us
[9.430s][info][gc,stats    ]   CTR: Thread Roots                 958 us, workers (us): 958, ---, ---, 
[9.430s][info][gc,stats    ] Concurrent Weak References         3542 us, parallelism: 0.92x
[9.430s][info][gc,stats    ]   CWRF: <total>                    3272 us
[9.430s][info][gc,stats    ]   CWRF: Weak References            3272 us, workers (us): 3272, ---, ---, 
[9.430s][info][gc,stats    ] Concurrent Weak Roots              3037 us
[9.430s][info][gc,stats    ]   Roots                            2662 us, parallelism: 0.98x
[9.430s][info][gc,stats    ]     CWR: <total>                   2610 us
[9.430s][info][gc,stats    ]     CWR: Code Cache Roots          1649 us, workers (us): 1649, ---, ---, 
[9.430s][info][gc,stats    ]     CWR: VM Weak Roots              945 us, workers (us): 945, ---, ---, 
[9.430s][info][gc,stats    ]     CWR: CLDG Roots                  16 us, workers (us):  16, ---, ---, 
[9.430s][info][gc,stats    ]   Rendezvous                        282 us
[9.430s][info][gc,stats    ] Concurrent Cleanup                   50 us
[9.430s][info][gc,stats    ] Concurrent Class Unloading        13241 us
[9.430s][info][gc,stats    ]   Unlink Stale                    12738 us
[9.430s][info][gc,stats    ]     System Dictionary               124 us
[9.430s][info][gc,stats    ]     Weak Class Links               4871 us
[9.430s][info][gc,stats    ]     Code Roots                     7741 us
[9.430s][info][gc,stats    ]   Rendezvous                         56 us
[9.430s][info][gc,stats    ]   Purge Unlinked                    349 us
[9.430s][info][gc,stats    ]     Code Roots                      314 us
[9.430s][info][gc,stats    ]     CLDG                             35 us
[9.430s][info][gc,stats    ]     Exception Caches                  0 us
[9.430s][info][gc,stats    ] Concurrent Strong Roots             228 us, parallelism: 0.69x
[9.431s][info][gc,stats    ]   CSR: <total>                      156 us
[9.431s][info][gc,stats    ]   CSR: VM Strong Roots                4 us, workers (us):   4, ---, ---, 
[9.431s][info][gc,stats    ]   CSR: CLDG Roots                   152 us, workers (us): 152, ---, ---, 
[9.431s][info][gc,stats    ] Concurrent Evacuation             24159 us
[9.431s][info][gc,stats    ] Pause Init Update Refs (G)          251 us
[9.431s][info][gc,stats    ] Pause Init Update Refs (N)          104 us
[9.431s][info][gc,stats    ]   Manage GCLABs                       5 us
[9.431s][info][gc,stats    ] Concurrent Update Refs            53467 us
[9.431s][info][gc,stats    ] Concurrent Update Thread Roots      897 us
[9.431s][info][gc,stats    ] Pause Final Update Refs (G)         201 us
[9.431s][info][gc,stats    ] Pause Final Update Refs (N)         141 us
[9.431s][info][gc,stats    ]   Update Region States               58 us
[9.431s][info][gc,stats    ]   Trash Collection Set                3 us
[9.431s][info][gc,stats    ]   Rebuild Free Set                   12 us
[9.431s][info][gc,stats    ] Concurrent Cleanup                   47 us
[9.431s][info][gc,stats    ] 
[9.431s][info][gc,stats    ] Allocation pacing accrued:
[9.431s][info][gc,stats    ]       0 of  5415 ms (  0.0%): <total>
[9.431s][info][gc,stats    ]       0 of  5415 ms (  0.0%): <average total>
[9.431s][info][gc,stats    ] 
[9.431s][info][gc,metaspace] Metaspace: 34236K(34880K)->34251K(34880K) NonClass: 27715K(28160K)->27731K(28160K) Class: 6520K(6720K)->6519K(6720K)
[9.431s][info][gc,ergo     ] Pacer for Idle. Initial: 163M, Alloc Tax Rate: 1.0x
[12.477s][info][gc          ] Trigger: Explicit GC request (System.gc())
[12.477s][info][gc,ergo     ] Free: 6096M, Max: 4096K regular, 5608M humongous, Frag: 9% external, 0% internal; Reserve: 412M, Max: 4096K
[12.477s][info][gc,start    ] GC(3) Concurrent reset
[12.477s][info][gc,task     ] GC(3) Using 1 of 3 workers for concurrent reset
[12.477s][info][gc,ergo     ] GC(3) Pacer for Reset. Non-Taxable: 8192M
[12.479s][info][gc          ] GC(3) Concurrent reset 2.599ms
[12.480s][info][gc,start    ] GC(3) Pause Init Mark (unload classes)
[12.480s][info][gc,task     ] GC(3) Using 3 of 3 workers for init marking
[12.480s][info][gc,ref      ] GC(3) Clearing All SoftReferences
[12.480s][info][gc,ergo     ] GC(3) Pacer for Mark. Expected Live: 30718K, Free: 6096M, Non-Taxable: 609M, Alloc Tax Rate: 0.0x
[12.480s][info][gc          ] GC(3) Pause Init Mark (unload classes) 0.314ms
[12.480s][info][gc,start    ] GC(3) Concurrent marking roots
[12.480s][info][gc,task     ] GC(3) Using 1 of 3 workers for concurrent marking roots
[12.480s][info][gc          ] GC(3) Concurrent marking roots 0.557ms
[12.480s][info][gc,start    ] GC(3) Concurrent marking (unload classes)
[12.480s][info][gc,task     ] GC(3) Using 1 of 3 workers for concurrent marking
[12.547s][info][gc          ] GC(3) Concurrent marking (unload classes) 66.483ms
[12.547s][info][gc,start    ] GC(3) Pause Final Mark (unload classes)
[12.547s][info][gc,task     ] GC(3) Using 3 of 3 workers for final marking
[12.547s][info][gc,ergo     ] GC(3) Adaptive CSet Selection. Target Free: 1160M, Actual Free: 7816M, Max CSet: 341M, Min Garbage: 0B
[12.547s][info][gc,ergo     ] GC(3) Collectable Garbage: 1638M (99%), Immediate: 1308M (79%), CSet: 330M (20%)
[12.547s][info][gc,ergo     ] GC(3) Pacer for Evacuation. Used CSet: 351M, Free: 7404M, Non-Taxable: 740M, Alloc Tax Rate: 1.1x
[12.548s][info][gc          ] GC(3) Pause Final Mark (unload classes) 0.451ms
[12.548s][info][gc,start    ] GC(3) Concurrent thread roots
[12.548s][info][gc,task     ] GC(3) Using 1 of 3 workers for Concurrent thread roots
[12.548s][info][gc          ] GC(3) Concurrent thread roots 0.655ms
[12.548s][info][gc,start    ] GC(3) Concurrent weak references
[12.548s][info][gc,task     ] GC(3) Using 1 of 3 workers for concurrent weak references
[12.551s][info][gc,ref      ] GC(3) Encountered references: Soft: 3553, Weak: 7580, Final: 25031, Phantom: 88
[12.551s][info][gc,ref      ] GC(3) Discovered  references: Soft: 526, Weak: 645, Final: 25001, Phantom: 53
[12.551s][info][gc,ref      ] GC(3) Enqueued    references: Soft: 462, Weak: 7, Final: 25000, Phantom: 0
[12.551s][info][gc          ] GC(3) Concurrent weak references 2.907ms
[12.551s][info][gc,start    ] GC(3) Concurrent weak roots
[12.551s][info][gc,task     ] GC(3) Using 1 of 3 workers for concurrent weak root
[12.554s][info][gc          ] GC(3) Concurrent weak roots 2.935ms
[12.554s][info][gc,start    ] GC(3) Concurrent cleanup
[12.554s][info][gc          ] GC(3) Concurrent cleanup 1689M->381M(8192M) 0.068ms
[12.554s][info][gc,ergo     ] GC(3) Free: 7400M, Max: 4096K regular, 5608M humongous, Frag: 25% external, 0% internal; Reserve: 409M, Max: 4096K
[12.554s][info][gc,start    ] GC(3) Concurrent class unloading
[12.554s][info][gc,task     ] GC(3) Using 1 of 3 workers for concurrent class unloading
[12.569s][info][gc          ] GC(3) Concurrent class unloading 14.389ms
[12.569s][info][gc,start    ] GC(3) Concurrent strong roots
[12.569s][info][gc,task     ] GC(3) Using 1 of 3 workers for concurrent strong root
[12.569s][info][gc          ] GC(3) Concurrent strong roots 0.333ms
[12.569s][info][gc,start    ] GC(3) Concurrent evacuation
[12.569s][info][gc,task     ] GC(3) Using 1 of 3 workers for concurrent evacuation
[12.592s][info][gc          ] GC(3) Concurrent evacuation 23.310ms
[12.593s][info][gc,start    ] GC(3) Pause Init Update Refs
[12.593s][info][gc,ergo     ] GC(3) Pacer for Update Refs. Used: 407M, Free: 7400M, Non-Taxable: 740M, Alloc Tax Rate: 1.1x
[12.593s][info][gc          ] GC(3) Pause Init Update Refs 0.110ms
[12.593s][info][gc,start    ] GC(3) Concurrent update references
[12.593s][info][gc,task     ] GC(3) Using 1 of 3 workers for concurrent reference update
[12.628s][info][gc          ] GC(3) Concurrent update references 34.883ms
[12.628s][info][gc,start    ] GC(3) Concurrent update thread roots
[12.628s][info][gc          ] GC(3) Concurrent update thread roots 0.603ms
[12.629s][info][gc,start    ] GC(3) Pause Final Update Refs
[12.629s][info][gc,task     ] GC(3) Using 3 of 3 workers for final reference update
[12.629s][info][gc          ] GC(3) Pause Final Update Refs 0.202ms
[12.629s][info][gc,start    ] GC(3) Concurrent cleanup
[12.629s][info][gc          ] GC(3) Concurrent cleanup 407M->55M(8192M) 0.046ms
[12.629s][info][gc,ergo     ] Free: 7724M, Max: 4096K regular, 6176M humongous, Frag: 21% external, 0% internal; Reserve: 412M, Max: 4096K
[12.629s][info][gc,stats    ] 
[12.629s][info][gc,stats    ] All times are wall-clock times, except per-root-class counters, that are sum over
[12.629s][info][gc,stats    ] all workers. Dividing the <total> over the root stage time estimates parallelism.
[12.629s][info][gc,stats    ] 
[12.629s][info][gc,stats    ] Concurrent Reset                   2638 us
[12.629s][info][gc,stats    ] Pause Init Mark (G)                 435 us
[12.629s][info][gc,stats    ] Pause Init Mark (N)                 331 us
[12.629s][info][gc,stats    ]   Update Region States               78 us
[12.629s][info][gc,stats    ] Concurrent Mark Roots               566 us, parallelism: 0.81x
[12.629s][info][gc,stats    ]   CMR: <total>                      458 us
[12.629s][info][gc,stats    ]   CMR: Thread Roots                 406 us, workers (us): 406, ---, ---, 
[12.629s][info][gc,stats    ]   CMR: VM Strong Roots                4 us, workers (us):   4, ---, ---, 
[12.629s][info][gc,stats    ]   CMR: CLDG Roots                    47 us, workers (us):  47, ---, ---, 
[12.629s][info][gc,stats    ] Concurrent Marking                66543 us
[12.629s][info][gc,stats    ] Pause Final Mark (G)                600 us
[12.629s][info][gc,stats    ] Pause Final Mark (N)                469 us
[12.629s][info][gc,stats    ]   Finish Mark                       123 us
[12.629s][info][gc,stats    ]   Update Region States              108 us
[12.629s][info][gc,stats    ]   Choose Collection Set              91 us
[12.629s][info][gc,stats    ]   Rebuild Free Set                   17 us
[12.629s][info][gc,stats    ] Concurrent Thread Roots             674 us, parallelism: 0.73x
[12.629s][info][gc,stats    ]   CTR: <total>                      495 us
[12.629s][info][gc,stats    ]   CTR: Thread Roots                 495 us, workers (us): 495, ---, ---, 
[12.629s][info][gc,stats    ] Concurrent Weak References         2931 us, parallelism: 0.94x
[12.629s][info][gc,stats    ]   CWRF: <total>                    2745 us
[12.629s][info][gc,stats    ]   CWRF: Weak References            2745 us, workers (us): 2745, ---, ---, 
[12.629s][info][gc,stats    ] Concurrent Weak Roots              3006 us
[12.629s][info][gc,stats    ]   Roots                            2754 us, parallelism: 0.87x
[12.629s][info][gc,stats    ]     CWR: <total>                   2406 us
[12.629s][info][gc,stats    ]     CWR: Code Cache Roots          1562 us, workers (us): 1562, ---, ---, 
[12.629s][info][gc,stats    ]     CWR: VM Weak Roots              830 us, workers (us): 830, ---, ---, 
[12.629s][info][gc,stats    ]     CWR: CLDG Roots                  13 us, workers (us):  13, ---, ---, 
[12.629s][info][gc,stats    ]   Rendezvous                        133 us
[12.629s][info][gc,stats    ] Concurrent Cleanup                   87 us
[12.629s][info][gc,stats    ] Concurrent Class Unloading        14457 us
[12.629s][info][gc,stats    ]   Unlink Stale                    13815 us
[12.629s][info][gc,stats    ]     System Dictionary               166 us
[12.629s][info][gc,stats    ]     Weak Class Links               6144 us
[12.629s][info][gc,stats    ]     Code Roots                     7503 us
[12.629s][info][gc,stats    ]   Rendezvous                        135 us
[12.629s][info][gc,stats    ]   Purge Unlinked                    401 us
[12.629s][info][gc,stats    ]     Code Roots                      374 us
[12.629s][info][gc,stats    ]     CLDG                             26 us
[12.629s][info][gc,stats    ]     Exception Caches                  0 us
[12.629s][info][gc,stats    ] Concurrent Strong Roots             373 us, parallelism: 0.51x
[12.629s][info][gc,stats    ]   CSR: <total>                      192 us
[12.629s][info][gc,stats    ]   CSR: VM Strong Roots                6 us, workers (us):   6, ---, ---, 
[12.629s][info][gc,stats    ]   CSR: CLDG Roots                   186 us, workers (us): 186, ---, ---, 
[12.629s][info][gc,stats    ] Concurrent Evacuation             23396 us
[12.629s][info][gc,stats    ] Pause Init Update Refs (G)          326 us
[12.629s][info][gc,stats    ] Pause Init Update Refs (N)          132 us
[12.629s][info][gc,stats    ]   Manage GCLABs                       5 us
[12.629s][info][gc,stats    ] Concurrent Update Refs            34953 us
[12.629s][info][gc,stats    ] Concurrent Update Thread Roots      622 us
[12.629s][info][gc,stats    ] Pause Final Update Refs (G)         322 us
[12.629s][info][gc,stats    ] Pause Final Update Refs (N)         254 us
[12.629s][info][gc,stats    ]   Update Region States               89 us
[12.629s][info][gc,stats    ]   Trash Collection Set                6 us
[12.629s][info][gc,stats    ]   Rebuild Free Set                   18 us
[12.629s][info][gc,stats    ] Concurrent Cleanup                   56 us
[12.629s][info][gc,stats    ] 
[12.629s][info][gc,stats    ] Allocation pacing accrued:
[12.629s][info][gc,stats    ]       0 of  3198 ms (  0.0%): <total>
[12.629s][info][gc,stats    ]       0 of  3198 ms (  0.0%): <average total>
[12.629s][info][gc,stats    ] 
[12.629s][info][gc,metaspace] Metaspace: 34341K(34944K)->34338K(34944K) NonClass: 27814K(28224K)->27812K(28224K) Class: 6527K(6720K)->6526K(6720K)
[12.629s][info][gc,ergo     ] Pacer for Idle. Initial: 163M, Alloc Tax Rate: 1.0x
[16.743s][info][gc          ] Trigger: Learning 2 of 5. Free (5728M) is below initial threshold (5734M)
[16.743s][info][gc,ergo     ] Free: 5728M, Max: 4096K regular, 5728M humongous, Frag: 0% external, 0% internal; Reserve: 412M, Max: 4096K
[16.743s][info][gc,start    ] GC(4) Concurrent reset
[16.743s][info][gc,task     ] GC(4) Using 1 of 3 workers for concurrent reset
[16.743s][info][gc,ergo     ] GC(4) Pacer for Reset. Non-Taxable: 8192M
[16.745s][info][gc          ] GC(4) Concurrent reset 1.578ms
[16.745s][info][gc,start    ] GC(4) Pause Init Mark (unload classes)
[16.745s][info][gc,task     ] GC(4) Using 3 of 3 workers for init marking
[16.745s][info][gc,ergo     ] GC(4) Pacer for Mark. Expected Live: 34107K, Free: 5724M, Non-Taxable: 572M, Alloc Tax Rate: 0.0x
[16.745s][info][gc          ] GC(4) Pause Init Mark (unload classes) 0.186ms
[16.745s][info][gc,start    ] GC(4) Concurrent marking roots
[16.745s][info][gc,task     ] GC(4) Using 1 of 3 workers for concurrent marking roots
[16.746s][info][gc          ] GC(4) Concurrent marking roots 1.077ms
[16.747s][info][gc,start    ] GC(4) Concurrent marking (unload classes)
[16.747s][info][gc,task     ] GC(4) Using 1 of 3 workers for concurrent marking
[16.812s][info][gc          ] GC(4) Concurrent marking (unload classes) 65.883ms
[16.813s][info][gc,start    ] GC(4) Pause Final Mark (unload classes)
[16.813s][info][gc,task     ] GC(4) Using 3 of 3 workers for final marking
[16.813s][info][gc,ergo     ] GC(4) Adaptive CSet Selection. Target Free: 1160M, Actual Free: 7692M, Max CSet: 341M, Min Garbage: 0B
[16.813s][info][gc,ergo     ] GC(4) Collectable Garbage: 2010M (99%), Immediate: 1636M (81%), CSet: 374M (18%)
[16.813s][info][gc,ergo     ] GC(4) Pacer for Evacuation. Used CSet: 392M, Free: 7280M, Non-Taxable: 728M, Alloc Tax Rate: 1.1x
[16.813s][info][gc          ] GC(4) Pause Final Mark (unload classes) 0.304ms
[16.813s][info][gc,start    ] GC(4) Concurrent thread roots
[16.813s][info][gc,task     ] GC(4) Using 1 of 3 workers for Concurrent thread roots
[16.814s][info][gc          ] GC(4) Concurrent thread roots 1.389ms
[16.814s][info][gc,start    ] GC(4) Concurrent weak references
[16.814s][info][gc,task     ] GC(4) Using 1 of 3 workers for concurrent weak references
[16.817s][info][gc,ref      ] GC(4) Encountered references: Soft: 3098, Weak: 7601, Final: 25034, Phantom: 90
[16.818s][info][gc,ref      ] GC(4) Discovered  references: Soft: 0, Weak: 906, Final: 25004, Phantom: 55
[16.818s][info][gc,ref      ] GC(4) Enqueued    references: Soft: 0, Weak: 7, Final: 25003, Phantom: 0
[16.818s][info][gc          ] GC(4) Concurrent weak references 3.297ms
[16.818s][info][gc,start    ] GC(4) Concurrent weak roots
[16.818s][info][gc,task     ] GC(4) Using 1 of 3 workers for concurrent weak root
[16.820s][info][gc          ] GC(4) Concurrent weak roots 2.723ms
[16.820s][info][gc,start    ] GC(4) Concurrent cleanup
[16.820s][info][gc          ] GC(4) Concurrent cleanup 2145M->509M(8192M) 0.043ms
[16.820s][info][gc,ergo     ] GC(4) Free: 7272M, Max: 4096K regular, 5644M humongous, Frag: 23% external, 0% internal; Reserve: 409M, Max: 4096K
[16.820s][info][gc,start    ] GC(4) Concurrent class unloading
[16.820s][info][gc,task     ] GC(4) Using 1 of 3 workers for concurrent class unloading
[16.829s][info][gc          ] GC(4) Concurrent class unloading 8.252ms
[16.829s][info][gc,start    ] GC(4) Concurrent strong roots
[16.829s][info][gc,task     ] GC(4) Using 1 of 3 workers for concurrent strong root
[16.829s][info][gc          ] GC(4) Concurrent strong roots 0.178ms
[16.829s][info][gc,start    ] GC(4) Concurrent evacuation
[16.829s][info][gc,task     ] GC(4) Using 1 of 3 workers for concurrent evacuation
[16.849s][info][gc          ] GC(4) Concurrent evacuation 19.759ms
[16.849s][info][gc,start    ] GC(4) Pause Init Update Refs
[16.849s][info][gc,ergo     ] GC(4) Pacer for Update Refs. Used: 547M, Free: 7256M, Non-Taxable: 725M, Alloc Tax Rate: 1.1x
[16.849s][info][gc          ] GC(4) Pause Init Update Refs 0.061ms
[16.849s][info][gc,start    ] GC(4) Concurrent update references
[16.849s][info][gc,task     ] GC(4) Using 1 of 3 workers for concurrent reference update
[16.903s][info][gc          ] GC(4) Concurrent update references 53.846ms
[16.903s][info][gc,start    ] GC(4) Concurrent update thread roots
[16.904s][info][gc          ] GC(4) Concurrent update thread roots 0.822ms
[16.904s][info][gc,start    ] GC(4) Pause Final Update Refs
[16.904s][info][gc,task     ] GC(4) Using 3 of 3 workers for final reference update
[16.904s][info][gc          ] GC(4) Pause Final Update Refs 0.188ms
[16.904s][info][gc,start    ] GC(4) Concurrent cleanup
[16.904s][info][gc          ] GC(4) Concurrent cleanup 547M->155M(8192M) 0.038ms
[16.904s][info][gc,ergo     ] Free: 7624M, Max: 4096K regular, 5636M humongous, Frag: 27% external, 0% internal; Reserve: 412M, Max: 4096K
[16.904s][info][gc,stats    ] 
[16.904s][info][gc,stats    ] All times are wall-clock times, except per-root-class counters, that are sum over
[16.904s][info][gc,stats    ] all workers. Dividing the <total> over the root stage time estimates parallelism.
[16.904s][info][gc,stats    ] 
[16.904s][info][gc,stats    ] Concurrent Reset                   1618 us
[16.904s][info][gc,stats    ] Pause Init Mark (G)                 364 us
[16.904s][info][gc,stats    ] Pause Init Mark (N)                 204 us
[16.904s][info][gc,stats    ]   Update Region States               71 us
[16.904s][info][gc,stats    ] Concurrent Mark Roots              1128 us, parallelism: 0.84x
[16.904s][info][gc,stats    ]   CMR: <total>                      948 us
[16.904s][info][gc,stats    ]   CMR: Thread Roots                 888 us, workers (us): 888, ---, ---, 
[16.904s][info][gc,stats    ]   CMR: VM Strong Roots                5 us, workers (us):   5, ---, ---, 
[16.904s][info][gc,stats    ]   CMR: CLDG Roots                    55 us, workers (us):  55, ---, ---, 
[16.904s][info][gc,stats    ] Concurrent Marking                65948 us
[16.904s][info][gc,stats    ] Pause Final Mark (G)                422 us
[16.904s][info][gc,stats    ] Pause Final Mark (N)                313 us
[16.904s][info][gc,stats    ]   Finish Mark                       118 us
[16.904s][info][gc,stats    ]   Update Region States               41 us
[16.904s][info][gc,stats    ]   Choose Collection Set              57 us
[16.904s][info][gc,stats    ]   Rebuild Free Set                    8 us
[16.904s][info][gc,stats    ] Concurrent Thread Roots            1408 us, parallelism: 0.92x
[16.904s][info][gc,stats    ]   CTR: <total>                     1295 us
[16.904s][info][gc,stats    ]   CTR: Thread Roots                1295 us, workers (us): 1295, ---, ---, 
[16.904s][info][gc,stats    ] Concurrent Weak References         3321 us, parallelism: 0.92x
[16.904s][info][gc,stats    ]   CWRF: <total>                    3067 us
[16.904s][info][gc,stats    ]   CWRF: Weak References            3067 us, workers (us): 3067, ---, ---, 
[16.904s][info][gc,stats    ] Concurrent Weak Roots              2782 us
[16.904s][info][gc,stats    ]   Roots                            2548 us, parallelism: 0.96x
[16.904s][info][gc,stats    ]     CWR: <total>                   2448 us
[16.904s][info][gc,stats    ]     CWR: Code Cache Roots          1734 us, workers (us): 1734, ---, ---, 
[16.904s][info][gc,stats    ]     CWR: VM Weak Roots              698 us, workers (us): 698, ---, ---, 
[16.904s][info][gc,stats    ]     CWR: CLDG Roots                  16 us, workers (us):  16, ---, ---, 
[16.904s][info][gc,stats    ]   Rendezvous                        136 us
[16.904s][info][gc,stats    ] Concurrent Cleanup                   54 us
[16.904s][info][gc,stats    ] Concurrent Class Unloading         8317 us
[16.904s][info][gc,stats    ]   Unlink Stale                     7843 us
[16.904s][info][gc,stats    ]     System Dictionary                17 us
[16.904s][info][gc,stats    ]     Weak Class Links                  1 us
[16.904s][info][gc,stats    ]     Code Roots                     7824 us
[16.904s][info][gc,stats    ]   Rendezvous                        108 us
[16.904s][info][gc,stats    ]   Purge Unlinked                    280 us
[16.904s][info][gc,stats    ]     Code Roots                      272 us
[16.904s][info][gc,stats    ]     CLDG                              8 us
[16.905s][info][gc,stats    ]     Exception Caches                  0 us
[16.905s][info][gc,stats    ] Concurrent Strong Roots             198 us, parallelism: 0.49x
[16.905s][info][gc,stats    ]   CSR: <total>                       97 us
[16.905s][info][gc,stats    ]   CSR: VM Strong Roots                3 us, workers (us):   3, ---, ---, 
[16.905s][info][gc,stats    ]   CSR: CLDG Roots                    94 us, workers (us):  94, ---, ---, 
[16.905s][info][gc,stats    ] Concurrent Evacuation             19818 us
[16.905s][info][gc,stats    ] Pause Init Update Refs (G)          263 us
[16.905s][info][gc,stats    ] Pause Init Update Refs (N)           70 us
[16.905s][info][gc,stats    ]   Manage GCLABs                       4 us
[16.905s][info][gc,stats    ] Concurrent Update Refs            53909 us
[16.905s][info][gc,stats    ] Concurrent Update Thread Roots      841 us
[16.905s][info][gc,stats    ] Pause Final Update Refs (G)         306 us
[16.905s][info][gc,stats    ] Pause Final Update Refs (N)         227 us
[16.905s][info][gc,stats    ]   Update Region States               95 us
[16.905s][info][gc,stats    ]   Trash Collection Set                6 us
[16.905s][info][gc,stats    ]   Rebuild Free Set                   20 us
[16.905s][info][gc,stats    ] Concurrent Cleanup                   48 us
[16.905s][info][gc,stats    ] 
[16.905s][info][gc,stats    ] Allocation pacing accrued:
[16.905s][info][gc,stats    ]       0 of  4275 ms (  0.0%): <total>
[16.905s][info][gc,stats    ]       0 of  4275 ms (  0.0%): <average total>
[16.905s][info][gc,stats    ] 
[16.905s][info][gc,metaspace] Metaspace: 34419K(35008K)->34422K(35008K) NonClass: 27892K(28288K)->27894K(28288K) Class: 6527K(6720K)->6527K(6720K)
[16.905s][info][gc,ergo     ] Pacer for Idle. Initial: 163M, Alloc Tax Rate: 1.0x
[19.847s][info][gc          ] Trigger: Explicit GC request (System.gc())
[19.847s][info][gc,ergo     ] Free: 6116M, Max: 4096K regular, 5636M humongous, Frag: 8% external, 0% internal; Reserve: 412M, Max: 4096K
[19.847s][info][gc,start    ] GC(5) Concurrent reset
[19.847s][info][gc,task     ] GC(5) Using 1 of 3 workers for concurrent reset
[19.847s][info][gc,ergo     ] GC(5) Pacer for Reset. Non-Taxable: 8192M
[19.849s][info][gc          ] GC(5) Concurrent reset 1.538ms
[19.849s][info][gc,start    ] GC(5) Pause Init Mark (unload classes)
[19.849s][info][gc,task     ] GC(5) Using 3 of 3 workers for init marking
[19.849s][info][gc,ref      ] GC(5) Clearing All SoftReferences
[19.849s][info][gc,ergo     ] GC(5) Pacer for Mark. Expected Live: 36150K, Free: 6116M, Non-Taxable: 611M, Alloc Tax Rate: 0.0x
[19.849s][info][gc          ] GC(5) Pause Init Mark (unload classes) 0.233ms
[19.849s][info][gc,start    ] GC(5) Concurrent marking roots
[19.849s][info][gc,task     ] GC(5) Using 1 of 3 workers for concurrent marking roots
[19.849s][info][gc          ] GC(5) Concurrent marking roots 0.378ms
[19.849s][info][gc,start    ] GC(5) Concurrent marking (unload classes)
[19.849s][info][gc,task     ] GC(5) Using 1 of 3 workers for concurrent marking
[19.915s][info][gc          ] GC(5) Concurrent marking (unload classes) 65.805ms
[19.915s][info][gc,start    ] GC(5) Pause Final Mark (unload classes)
[19.915s][info][gc,task     ] GC(5) Using 3 of 3 workers for final marking
[19.916s][info][gc,ergo     ] GC(5) Adaptive CSet Selection. Target Free: 1160M, Actual Free: 7823M, Max CSet: 341M, Min Garbage: 0B
[19.916s][info][gc,ergo     ] GC(5) Collectable Garbage: 1618M (99%), Immediate: 1295M (79%), CSet: 322M (19%)
[19.916s][info][gc,ergo     ] GC(5) Pacer for Evacuation. Used CSet: 339M, Free: 7412M, Non-Taxable: 741M, Alloc Tax Rate: 1.1x
[19.916s][info][gc          ] GC(5) Pause Final Mark (unload classes) 0.464ms
[19.916s][info][gc,start    ] GC(5) Concurrent thread roots
[19.916s][info][gc,task     ] GC(5) Using 1 of 3 workers for Concurrent thread roots
[19.916s][info][gc          ] GC(5) Concurrent thread roots 0.336ms
[19.916s][info][gc,start    ] GC(5) Concurrent weak references
[19.916s][info][gc,task     ] GC(5) Using 1 of 3 workers for concurrent weak references
[19.919s][info][gc,ref      ] GC(5) Encountered references: Soft: 3098, Weak: 7598, Final: 25031, Phantom: 88
[19.919s][info][gc,ref      ] GC(5) Discovered  references: Soft: 71, Weak: 647, Final: 25001, Phantom: 53
[19.920s][info][gc,ref      ] GC(5) Enqueued    references: Soft: 7, Weak: 7, Final: 25000, Phantom: 0
[19.920s][info][gc          ] GC(5) Concurrent weak references 3.192ms
[19.920s][info][gc,start    ] GC(5) Concurrent weak roots
[19.920s][info][gc,task     ] GC(5) Using 1 of 3 workers for concurrent weak root
[19.922s][info][gc          ] GC(5) Concurrent weak roots 2.002ms
[19.922s][info][gc,start    ] GC(5) Concurrent cleanup
[19.922s][info][gc          ] GC(5) Concurrent cleanup 1668M->372M(8192M) 0.066ms
[19.922s][info][gc,ergo     ] GC(5) Free: 7408M, Max: 4096K regular, 6204M humongous, Frag: 17% external, 0% internal; Reserve: 410M, Max: 4096K
[19.922s][info][gc,start    ] GC(5) Concurrent class unloading
[19.922s][info][gc,task     ] GC(5) Using 1 of 3 workers for concurrent class unloading
[19.928s][info][gc          ] GC(5) Concurrent class unloading 6.443ms
[19.928s][info][gc,start    ] GC(5) Concurrent strong roots
[19.928s][info][gc,task     ] GC(5) Using 1 of 3 workers for concurrent strong root
[19.928s][info][gc          ] GC(5) Concurrent strong roots 0.161ms
[19.928s][info][gc,start    ] GC(5) Concurrent evacuation
[19.928s][info][gc,task     ] GC(5) Using 1 of 3 workers for concurrent evacuation
[19.948s][info][gc          ] GC(5) Concurrent evacuation 19.769ms
[19.948s][info][gc,start    ] GC(5) Pause Init Update Refs
[19.949s][info][gc,ergo     ] GC(5) Pacer for Update Refs. Used: 391M, Free: 7408M, Non-Taxable: 740M, Alloc Tax Rate: 1.1x
[19.949s][info][gc          ] GC(5) Pause Init Update Refs 0.100ms
[19.949s][info][gc,start    ] GC(5) Concurrent update references
[19.949s][info][gc,task     ] GC(5) Using 1 of 3 workers for concurrent reference update
[19.982s][info][gc          ] GC(5) Concurrent update references 33.877ms
[19.983s][info][gc,start    ] GC(5) Concurrent update thread roots
[19.983s][info][gc          ] GC(5) Concurrent update thread roots 0.286ms
[19.983s][info][gc,start    ] GC(5) Pause Final Update Refs
[19.983s][info][gc,task     ] GC(5) Using 3 of 3 workers for final reference update
[19.983s][info][gc          ] GC(5) Pause Final Update Refs 0.219ms
[19.983s][info][gc,start    ] GC(5) Concurrent cleanup
[19.983s][info][gc          ] GC(5) Concurrent cleanup 391M->51M(8192M) 0.070ms
[19.983s][info][gc,ergo     ] Free: 7728M, Max: 4096K regular, 6204M humongous, Frag: 20% external, 0% internal; Reserve: 412M, Max: 4096K
[19.983s][info][gc,stats    ] 
[19.983s][info][gc,stats    ] All times are wall-clock times, except per-root-class counters, that are sum over
[19.983s][info][gc,stats    ] all workers. Dividing the <total> over the root stage time estimates parallelism.
[19.983s][info][gc,stats    ] 
[19.983s][info][gc,stats    ] Concurrent Reset                   1589 us
[19.983s][info][gc,stats    ] Pause Init Mark (G)                 356 us
[19.983s][info][gc,stats    ] Pause Init Mark (N)                 251 us
[19.983s][info][gc,stats    ]   Update Region States              100 us
[19.983s][info][gc,stats    ] Concurrent Mark Roots               403 us, parallelism: 0.70x
[19.984s][info][gc,stats    ]   CMR: <total>                      281 us
[19.984s][info][gc,stats    ]   CMR: Thread Roots                 230 us, workers (us): 230, ---, ---, 
[19.984s][info][gc,stats    ]   CMR: VM Strong Roots                6 us, workers (us):   6, ---, ---, 
[19.984s][info][gc,stats    ]   CMR: CLDG Roots                    45 us, workers (us):  45, ---, ---, 
[19.984s][info][gc,stats    ] Concurrent Marking                65882 us
[19.984s][info][gc,stats    ] Pause Final Mark (G)                605 us
[19.984s][info][gc,stats    ] Pause Final Mark (N)                488 us
[19.984s][info][gc,stats    ]   Finish Mark                       101 us
[19.984s][info][gc,stats    ]   Update Region States               88 us
[19.984s][info][gc,stats    ]   Choose Collection Set             125 us
[19.984s][info][gc,stats    ]   Rebuild Free Set                   24 us
[19.984s][info][gc,stats    ] Concurrent Thread Roots             397 us, parallelism: 0.53x
[19.984s][info][gc,stats    ]   CTR: <total>                      208 us
[19.984s][info][gc,stats    ]   CTR: Thread Roots                 208 us, workers (us): 208, ---, ---, 
[19.984s][info][gc,stats    ] Concurrent Weak References         3210 us, parallelism: 0.85x
[19.984s][info][gc,stats    ]   CWRF: <total>                    2726 us
[19.984s][info][gc,stats    ]   CWRF: Weak References            2726 us, workers (us): 2726, ---, ---, 
[19.984s][info][gc,stats    ] Concurrent Weak Roots              2071 us
[19.984s][info][gc,stats    ]   Roots                            1862 us, parallelism: 0.95x
[19.984s][info][gc,stats    ]     CWR: <total>                   1769 us
[19.984s][info][gc,stats    ]     CWR: Code Cache Roots          1374 us, workers (us): 1374, ---, ---, 
[19.984s][info][gc,stats    ]     CWR: VM Weak Roots              382 us, workers (us): 382, ---, ---, 
[19.984s][info][gc,stats    ]     CWR: CLDG Roots                  14 us, workers (us):  14, ---, ---, 
[19.984s][info][gc,stats    ]   Rendezvous                        101 us
[19.984s][info][gc,stats    ] Concurrent Cleanup                   84 us
[19.984s][info][gc,stats    ] Concurrent Class Unloading         6488 us
[19.984s][info][gc,stats    ]   Unlink Stale                     6012 us
[19.984s][info][gc,stats    ]     System Dictionary                18 us
[19.984s][info][gc,stats    ]     Weak Class Links                  0 us
[19.984s][info][gc,stats    ]     Code Roots                     5993 us
[19.984s][info][gc,stats    ]   Rendezvous                        122 us
[19.984s][info][gc,stats    ]   Purge Unlinked                    274 us
[19.984s][info][gc,stats    ]     Code Roots                      267 us
[19.984s][info][gc,stats    ]     CLDG                              7 us
[19.984s][info][gc,stats    ]     Exception Caches                  0 us
[19.984s][info][gc,stats    ] Concurrent Strong Roots             180 us, parallelism: 0.47x
[19.984s][info][gc,stats    ]   CSR: <total>                       85 us
[19.984s][info][gc,stats    ]   CSR: VM Strong Roots                4 us, workers (us):   4, ---, ---, 
[19.984s][info][gc,stats    ]   CSR: CLDG Roots                    81 us, workers (us):  81, ---, ---, 
[19.984s][info][gc,stats    ] Concurrent Evacuation             19855 us
[19.984s][info][gc,stats    ] Pause Init Update Refs (G)          293 us
[19.984s][info][gc,stats    ] Pause Init Update Refs (N)          118 us
[19.984s][info][gc,stats    ]   Manage GCLABs                       4 us
[19.984s][info][gc,stats    ] Concurrent Update Refs            33950 us
[19.984s][info][gc,stats    ] Concurrent Update Thread Roots      325 us
[19.984s][info][gc,stats    ] Pause Final Update Refs (G)         366 us
[19.984s][info][gc,stats    ] Pause Final Update Refs (N)         247 us
[19.984s][info][gc,stats    ]   Update Region States               80 us
[19.984s][info][gc,stats    ]   Trash Collection Set                9 us
[19.984s][info][gc,stats    ]   Rebuild Free Set                   26 us
[19.984s][info][gc,stats    ] Concurrent Cleanup                   91 us
[19.984s][info][gc,stats    ] 
[19.984s][info][gc,stats    ] Allocation pacing accrued:
[19.984s][info][gc,stats    ]       0 of  3079 ms (  0.0%): <total>
[19.984s][info][gc,stats    ]       0 of  3079 ms (  0.0%): <average total>
[19.984s][info][gc,stats    ] 
[19.984s][info][gc,metaspace] Metaspace: 34422K(35008K)->34422K(35008K) NonClass: 27895K(28288K)->27895K(28288K) Class: 6527K(6720K)->6527K(6720K)
[19.984s][info][gc,ergo     ] Pacer for Idle. Initial: 163M, Alloc Tax Rate: 1.0x
[23.923s][info][gc          ] Trigger: Learning 2 of 5. Free (5716M) is below initial threshold (5734M)
[23.924s][info][gc,ergo     ] Free: 5716M, Max: 4096K regular, 5716M humongous, Frag: 0% external, 0% internal; Reserve: 412M, Max: 4096K
[23.924s][info][gc,start    ] GC(6) Concurrent reset
[23.924s][info][gc,task     ] GC(6) Using 1 of 3 workers for concurrent reset
[23.924s][info][gc,ergo     ] GC(6) Pacer for Reset. Non-Taxable: 8192M
[23.926s][info][gc          ] GC(6) Concurrent reset 1.964ms
[23.926s][info][gc,start    ] GC(6) Pause Init Mark (unload classes)
[23.926s][info][gc,task     ] GC(6) Using 3 of 3 workers for init marking
[23.926s][info][gc,ergo     ] GC(6) Pacer for Mark. Expected Live: 40667K, Free: 5716M, Non-Taxable: 571M, Alloc Tax Rate: 0.0x
[23.926s][info][gc          ] GC(6) Pause Init Mark (unload classes) 0.221ms
[23.926s][info][gc,start    ] GC(6) Concurrent marking roots
[23.926s][info][gc,task     ] GC(6) Using 1 of 3 workers for concurrent marking roots
[23.928s][info][gc          ] GC(6) Concurrent marking roots 1.443ms
[23.928s][info][gc,start    ] GC(6) Concurrent marking (unload classes)
[23.928s][info][gc,task     ] GC(6) Using 1 of 3 workers for concurrent marking
[23.993s][info][gc          ] GC(6) Concurrent marking (unload classes) 65.631ms
[23.993s][info][gc,start    ] GC(6) Pause Final Mark (unload classes)
[23.993s][info][gc,task     ] GC(6) Using 3 of 3 workers for final marking
[23.994s][info][gc,ergo     ] GC(6) Adaptive CSet Selection. Target Free: 1160M, Actual Free: 7700M, Max CSet: 341M, Min Garbage: 0B
[23.994s][info][gc,ergo     ] GC(6) Collectable Garbage: 2018M (99%), Immediate: 1652M (81%), CSet: 366M (18%)
[23.994s][info][gc,ergo     ] GC(6) Pacer for Evacuation. Used CSet: 384M, Free: 7288M, Non-Taxable: 728M, Alloc Tax Rate: 1.1x
[23.994s][info][gc          ] GC(6) Pause Final Mark (unload classes) 0.426ms
[23.994s][info][gc,start    ] GC(6) Concurrent thread roots
[23.994s][info][gc,task     ] GC(6) Using 1 of 3 workers for Concurrent thread roots
[23.996s][info][gc          ] GC(6) Concurrent thread roots 1.696ms
[23.996s][info][gc,start    ] GC(6) Concurrent weak references
[23.996s][info][gc,task     ] GC(6) Using 1 of 3 workers for concurrent weak references
[23.999s][info][gc,ref      ] GC(6) Encountered references: Soft: 3098, Weak: 7613, Final: 25034, Phantom: 90
[23.999s][info][gc,ref      ] GC(6) Discovered  references: Soft: 0, Weak: 905, Final: 25004, Phantom: 55
[23.999s][info][gc,ref      ] GC(6) Enqueued    references: Soft: 0, Weak: 7, Final: 25003, Phantom: 0
[23.999s][info][gc          ] GC(6) Concurrent weak references 3.498ms
[23.999s][info][gc,start    ] GC(6) Concurrent weak roots
[23.999s][info][gc,task     ] GC(6) Using 1 of 3 workers for concurrent weak root
[24.001s][info][gc          ] GC(6) Concurrent weak roots 2.102ms
[24.001s][info][gc,start    ] GC(6) Concurrent cleanup
[24.001s][info][gc          ] GC(6) Concurrent cleanup 2153M->501M(8192M) 0.043ms
[24.001s][info][gc,ergo     ] GC(6) Free: 7280M, Max: 4096K regular, 5636M humongous, Frag: 23% external, 0% internal; Reserve: 410M, Max: 4096K
[24.001s][info][gc,start    ] GC(6) Concurrent class unloading
[24.001s][info][gc,task     ] GC(6) Using 1 of 3 workers for concurrent class unloading
[24.014s][info][gc          ] GC(6) Concurrent class unloading 12.943ms
[24.014s][info][gc,start    ] GC(6) Concurrent strong roots
[24.014s][info][gc,task     ] GC(6) Using 1 of 3 workers for concurrent strong root
[24.015s][info][gc          ] GC(6) Concurrent strong roots 0.244ms
[24.015s][info][gc,start    ] GC(6) Concurrent evacuation
[24.015s][info][gc,task     ] GC(6) Using 1 of 3 workers for concurrent evacuation
[24.033s][info][gc          ] GC(6) Concurrent evacuation 18.190ms
[24.033s][info][gc,start    ] GC(6) Pause Init Update Refs
[24.033s][info][gc,ergo     ] GC(6) Pacer for Update Refs. Used: 524M, Free: 7280M, Non-Taxable: 728M, Alloc Tax Rate: 1.1x
[24.033s][info][gc          ] GC(6) Pause Init Update Refs 0.074ms
[24.033s][info][gc,start    ] GC(6) Concurrent update references
[24.033s][info][gc,task     ] GC(6) Using 1 of 3 workers for concurrent reference update
[24.085s][info][gc          ] GC(6) Concurrent update references 52.213ms
[24.085s][info][gc,start    ] GC(6) Concurrent update thread roots
[24.096s][info][gc          ] GC(6) Concurrent update thread roots 10.588ms
[24.096s][info][gc,start    ] GC(6) Pause Final Update Refs
[24.096s][info][gc,task     ] GC(6) Using 3 of 3 workers for final reference update
[24.096s][info][gc          ] GC(6) Pause Final Update Refs 0.205ms
[24.096s][info][gc,start    ] GC(6) Concurrent cleanup
[24.096s][info][gc          ] GC(6) Concurrent cleanup 524M->140M(8192M) 0.087ms
[24.097s][info][gc,ergo     ] Free: 7640M, Max: 4096K regular, 5624M humongous, Frag: 27% external, 0% internal; Reserve: 412M, Max: 4096K
[24.097s][info][gc,stats    ] 
[24.097s][info][gc,stats    ] All times are wall-clock times, except per-root-class counters, that are sum over
[24.097s][info][gc,stats    ] all workers. Dividing the <total> over the root stage time estimates parallelism.
[24.097s][info][gc,stats    ] 
[24.097s][info][gc,stats    ] Concurrent Reset                   2033 us
[24.097s][info][gc,stats    ] Pause Init Mark (G)                 442 us
[24.097s][info][gc,stats    ] Pause Init Mark (N)                 240 us
[24.097s][info][gc,stats    ]   Update Region States               95 us
[24.097s][info][gc,stats    ] Concurrent Mark Roots              1482 us, parallelism: 0.88x
[24.097s][info][gc,stats    ]   CMR: <total>                     1310 us
[24.097s][info][gc,stats    ]   CMR: Thread Roots                1214 us, workers (us): 1214, ---, ---, 
[24.097s][info][gc,stats    ]   CMR: VM Strong Roots                6 us, workers (us):   6, ---, ---, 
[24.097s][info][gc,stats    ]   CMR: CLDG Roots                    89 us, workers (us):  89, ---, ---, 
[24.097s][info][gc,stats    ] Concurrent Marking                65715 us
[24.097s][info][gc,stats    ] Pause Final Mark (G)                558 us
[24.097s][info][gc,stats    ] Pause Final Mark (N)                444 us
[24.097s][info][gc,stats    ]   Finish Mark                       107 us
[24.097s][info][gc,stats    ]   Update Region States               97 us
[24.097s][info][gc,stats    ]   Choose Collection Set              92 us
[24.097s][info][gc,stats    ]   Rebuild Free Set                   17 us
[24.097s][info][gc,stats    ] Concurrent Thread Roots            1735 us, parallelism: 0.90x
[24.097s][info][gc,stats    ]   CTR: <total>                     1556 us
[24.097s][info][gc,stats    ]   CTR: Thread Roots                1556 us, workers (us): 1556, ---, ---, 
[24.097s][info][gc,stats    ] Concurrent Weak References         3516 us, parallelism: 0.87x
[24.097s][info][gc,stats    ]   CWRF: <total>                    3066 us
[24.097s][info][gc,stats    ]   CWRF: Weak References            3066 us, workers (us): 3066, ---, ---, 
[24.097s][info][gc,stats    ] Concurrent Weak Roots              2154 us
[24.097s][info][gc,stats    ]   Roots                            1986 us, parallelism: 0.96x
[24.097s][info][gc,stats    ]     CWR: <total>                   1910 us
[24.097s][info][gc,stats    ]     CWR: Code Cache Roots          1509 us, workers (us): 1509, ---, ---, 
[24.097s][info][gc,stats    ]     CWR: VM Weak Roots              384 us, workers (us): 384, ---, ---, 
[24.097s][info][gc,stats    ]     CWR: CLDG Roots                  17 us, workers (us):  17, ---, ---, 
[24.097s][info][gc,stats    ]   Rendezvous                         78 us
[24.097s][info][gc,stats    ] Concurrent Cleanup                   53 us
[24.097s][info][gc,stats    ] Concurrent Class Unloading        13010 us
[24.097s][info][gc,stats    ]   Unlink Stale                    12504 us
[24.097s][info][gc,stats    ]     System Dictionary               155 us
[24.097s][info][gc,stats    ]     Weak Class Links               4741 us
[24.097s][info][gc,stats    ]     Code Roots                     7605 us
[24.097s][info][gc,stats    ]   Rendezvous                         95 us
[24.097s][info][gc,stats    ]   Purge Unlinked                    307 us
[24.097s][info][gc,stats    ]     Code Roots                      253 us
[24.097s][info][gc,stats    ]     CLDG                             53 us
[24.097s][info][gc,stats    ]     Exception Caches                  0 us
[24.097s][info][gc,stats    ] Concurrent Strong Roots             269 us, parallelism: 0.52x
[24.097s][info][gc,stats    ]   CSR: <total>                      139 us
[24.097s][info][gc,stats    ]   CSR: VM Strong Roots                6 us, workers (us):   6, ---, ---, 
[24.097s][info][gc,stats    ]   CSR: CLDG Roots                   133 us, workers (us): 133, ---, ---, 
[24.097s][info][gc,stats    ] Concurrent Evacuation             18254 us
[24.097s][info][gc,stats    ] Pause Init Update Refs (G)          181 us
[24.097s][info][gc,stats    ] Pause Init Update Refs (N)           82 us
[24.097s][info][gc,stats    ]   Manage GCLABs                       4 us
[24.097s][info][gc,stats    ] Concurrent Update Refs            52277 us
[24.097s][info][gc,stats    ] Concurrent Update Thread Roots    10647 us
[24.097s][info][gc,stats    ] Pause Final Update Refs (G)         388 us
[24.097s][info][gc,stats    ] Pause Final Update Refs (N)         244 us
[24.097s][info][gc,stats    ]   Update Region States              104 us
[24.097s][info][gc,stats    ]   Trash Collection Set                7 us
[24.097s][info][gc,stats    ]   Rebuild Free Set                   21 us
[24.097s][info][gc,stats    ] Concurrent Cleanup                  114 us
[24.097s][info][gc,stats    ] 
[24.097s][info][gc,stats    ] Allocation pacing accrued:
[24.097s][info][gc,stats    ]       0 of  4113 ms (  0.0%): <total>
[24.097s][info][gc,stats    ]       0 of  4113 ms (  0.0%): <average total>
[24.097s][info][gc,stats    ] 
[24.097s][info][gc,metaspace] Metaspace: 34519K(35136K)->34477K(35136K) NonClass: 27991K(28416K)->27949K(28416K) Class: 6528K(6720K)->6527K(6720K)
[24.097s][info][gc,ergo     ] Pacer for Idle. Initial: 163M, Alloc Tax Rate: 1.0x
[27.014s][info][gc          ] Trigger: Explicit GC request (System.gc())
[27.014s][info][gc,ergo     ] Free: 6128M, Max: 4096K regular, 5624M humongous, Frag: 9% external, 0% internal; Reserve: 412M, Max: 4096K
[27.014s][info][gc,start    ] GC(7) Concurrent reset
[27.014s][info][gc,task     ] GC(7) Using 1 of 3 workers for concurrent reset
[27.014s][info][gc,ergo     ] GC(7) Pacer for Reset. Non-Taxable: 8192M
[27.016s][info][gc          ] GC(7) Concurrent reset 1.979ms
[27.016s][info][gc,start    ] GC(7) Pause Init Mark (unload classes)
[27.017s][info][gc,task     ] GC(7) Using 3 of 3 workers for init marking
[27.017s][info][gc,ref      ] GC(7) Clearing All SoftReferences
[27.017s][info][gc,ergo     ] GC(7) Pacer for Mark. Expected Live: 44393K, Free: 6128M, Non-Taxable: 612M, Alloc Tax Rate: 0.0x
[27.017s][info][gc          ] GC(7) Pause Init Mark (unload classes) 0.144ms
[27.017s][info][gc,start    ] GC(7) Concurrent marking roots
[27.017s][info][gc,task     ] GC(7) Using 1 of 3 workers for concurrent marking roots
[27.017s][info][gc          ] GC(7) Concurrent marking roots 0.412ms
[27.017s][info][gc,start    ] GC(7) Concurrent marking (unload classes)
[27.017s][info][gc,task     ] GC(7) Using 1 of 3 workers for concurrent marking
[27.082s][info][gc          ] GC(7) Concurrent marking (unload classes) 64.969ms
[27.082s][info][gc,start    ] GC(7) Pause Final Mark (unload classes)
[27.082s][info][gc,task     ] GC(7) Using 3 of 3 workers for final marking
[27.083s][info][gc,ergo     ] GC(7) Adaptive CSet Selection. Target Free: 1160M, Actual Free: 7832M, Max CSet: 341M, Min Garbage: 0B
[27.083s][info][gc,ergo     ] GC(7) Collectable Garbage: 1606M (99%), Immediate: 1292M (80%), CSet: 314M (19%)
[27.083s][info][gc,ergo     ] GC(7) Pacer for Evacuation. Used CSet: 331M, Free: 7420M, Non-Taxable: 742M, Alloc Tax Rate: 1.1x
[27.083s][info][gc          ] GC(7) Pause Final Mark (unload classes) 0.493ms
[27.083s][info][gc,start    ] GC(7) Concurrent thread roots
[27.083s][info][gc,task     ] GC(7) Using 1 of 3 workers for Concurrent thread roots
[27.083s][info][gc          ] GC(7) Concurrent thread roots 0.349ms
[27.083s][info][gc,start    ] GC(7) Concurrent weak references
[27.083s][info][gc,task     ] GC(7) Using 1 of 3 workers for concurrent weak references
[27.087s][info][gc,ref      ] GC(7) Encountered references: Soft: 3098, Weak: 7608, Final: 25031, Phantom: 88
[27.087s][info][gc,ref      ] GC(7) Discovered  references: Soft: 70, Weak: 643, Final: 25001, Phantom: 53
[27.087s][info][gc,ref      ] GC(7) Enqueued    references: Soft: 7, Weak: 7, Final: 25000, Phantom: 0
[27.087s][info][gc          ] GC(7) Concurrent weak references 3.516ms
[27.087s][info][gc,start    ] GC(7) Concurrent weak roots
[27.087s][info][gc,task     ] GC(7) Using 1 of 3 workers for concurrent weak root
[27.089s][info][gc          ] GC(7) Concurrent weak roots 2.051ms
[27.089s][info][gc,start    ] GC(7) Concurrent cleanup
[27.089s][info][gc          ] GC(7) Concurrent cleanup 1657M->365M(8192M) 0.067ms
[27.089s][info][gc,ergo     ] GC(7) Free: 7416M, Max: 4096K regular, 5632M humongous, Frag: 25% external, 0% internal; Reserve: 409M, Max: 4096K
[27.089s][info][gc,start    ] GC(7) Concurrent class unloading
[27.089s][info][gc,task     ] GC(7) Using 1 of 3 workers for concurrent class unloading
[27.096s][info][gc          ] GC(7) Concurrent class unloading 7.145ms
[27.096s][info][gc,start    ] GC(7) Concurrent strong roots
[27.096s][info][gc,task     ] GC(7) Using 1 of 3 workers for concurrent strong root
[27.096s][info][gc          ] GC(7) Concurrent strong roots 0.150ms
[27.096s][info][gc,start    ] GC(7) Concurrent evacuation
[27.096s][info][gc,task     ] GC(7) Using 1 of 3 workers for concurrent evacuation
[27.115s][info][gc          ] GC(7) Concurrent evacuation 18.250ms
[27.115s][info][gc,start    ] GC(7) Pause Init Update Refs
[27.115s][info][gc,ergo     ] GC(7) Pacer for Update Refs. Used: 387M, Free: 7416M, Non-Taxable: 741M, Alloc Tax Rate: 1.1x
[27.115s][info][gc          ] GC(7) Pause Init Update Refs 0.099ms
[27.115s][info][gc,start    ] GC(7) Concurrent update references
[27.115s][info][gc,task     ] GC(7) Using 1 of 3 workers for concurrent reference update
[27.150s][info][gc          ] GC(7) Concurrent update references 35.139ms
[27.150s][info][gc,start    ] GC(7) Concurrent update thread roots
[27.151s][info][gc          ] GC(7) Concurrent update thread roots 0.565ms
[27.151s][info][gc,start    ] GC(7) Pause Final Update Refs
[27.151s][info][gc,task     ] GC(7) Using 3 of 3 workers for final reference update
[27.151s][info][gc          ] GC(7) Pause Final Update Refs 0.131ms
[27.151s][info][gc,start    ] GC(7) Concurrent cleanup
[27.151s][info][gc          ] GC(7) Concurrent cleanup 387M->55M(8192M) 0.058ms
[27.151s][info][gc,ergo     ] Free: 7724M, Max: 4096K regular, 6212M humongous, Frag: 20% external, 0% internal; Reserve: 412M, Max: 4096K
[27.151s][info][gc,stats    ] 
[27.151s][info][gc,stats    ] All times are wall-clock times, except per-root-class counters, that are sum over
[27.151s][info][gc,stats    ] all workers. Dividing the <total> over the root stage time estimates parallelism.
[27.151s][info][gc,stats    ] 
[27.151s][info][gc,stats    ] Concurrent Reset                   2050 us
[27.151s][info][gc,stats    ] Pause Init Mark (G)                 310 us
[27.151s][info][gc,stats    ] Pause Init Mark (N)                 153 us
[27.151s][info][gc,stats    ]   Update Region States               63 us
[27.151s][info][gc,stats    ] Concurrent Mark Roots               435 us, parallelism: 0.65x
[27.151s][info][gc,stats    ]   CMR: <total>                      283 us
[27.151s][info][gc,stats    ]   CMR: Thread Roots                 212 us, workers (us): 212, ---, ---, 
[27.151s][info][gc,stats    ]   CMR: VM Strong Roots                6 us, workers (us):   6, ---, ---, 
[27.151s][info][gc,stats    ]   CMR: CLDG Roots                    66 us, workers (us):  66, ---, ---, 
[27.151s][info][gc,stats    ] Concurrent Marking                65051 us
[27.151s][info][gc,stats    ] Pause Final Mark (G)                639 us
[27.151s][info][gc,stats    ] Pause Final Mark (N)                511 us
[27.151s][info][gc,stats    ]   Finish Mark                       157 us
[27.151s][info][gc,stats    ]   Update Region States              110 us
[27.151s][info][gc,stats    ]   Choose Collection Set              92 us
[27.151s][info][gc,stats    ]   Rebuild Free Set                   18 us
[27.151s][info][gc,stats    ] Concurrent Thread Roots             401 us, parallelism: 0.49x
[27.151s][info][gc,stats    ]   CTR: <total>                      198 us
[27.152s][info][gc,stats    ]   CTR: Thread Roots                 198 us, workers (us): 198, ---, ---, 
[27.152s][info][gc,stats    ] Concurrent Weak References         3534 us, parallelism: 0.84x
[27.152s][info][gc,stats    ]   CWRF: <total>                    2978 us
[27.152s][info][gc,stats    ]   CWRF: Weak References            2978 us, workers (us): 2978, ---, ---, 
[27.152s][info][gc,stats    ] Concurrent Weak Roots              2119 us
[27.152s][info][gc,stats    ]   Roots                            1940 us, parallelism: 0.96x
[27.152s][info][gc,stats    ]     CWR: <total>                   1865 us
[27.152s][info][gc,stats    ]     CWR: Code Cache Roots          1470 us, workers (us): 1470, ---, ---, 
[27.152s][info][gc,stats    ]     CWR: VM Weak Roots              381 us, workers (us): 381, ---, ---, 
[27.152s][info][gc,stats    ]     CWR: CLDG Roots                  14 us, workers (us):  14, ---, ---, 
[27.152s][info][gc,stats    ]   Rendezvous                         72 us
[27.152s][info][gc,stats    ] Concurrent Cleanup                   86 us
[27.152s][info][gc,stats    ] Concurrent Class Unloading         7196 us
[27.152s][info][gc,stats    ]   Unlink Stale                     6812 us
[27.152s][info][gc,stats    ]     System Dictionary                18 us
[27.152s][info][gc,stats    ]     Weak Class Links                  0 us
[27.152s][info][gc,stats    ]     Code Roots                     6792 us
[27.152s][info][gc,stats    ]   Rendezvous                         73 us
[27.152s][info][gc,stats    ]   Purge Unlinked                    225 us
[27.152s][info][gc,stats    ]     Code Roots                      218 us
[27.152s][info][gc,stats    ]     CLDG                              6 us
[27.152s][info][gc,stats    ]     Exception Caches                  0 us
[27.152s][info][gc,stats    ] Concurrent Strong Roots             190 us, parallelism: 0.47x
[27.152s][info][gc,stats    ]   CSR: <total>                       89 us
[27.152s][info][gc,stats    ]   CSR: VM Strong Roots                3 us, workers (us):   3, ---, ---, 
[27.152s][info][gc,stats    ]   CSR: CLDG Roots                    86 us, workers (us):  86, ---, ---, 
[27.152s][info][gc,stats    ] Concurrent Evacuation             18302 us
[27.152s][info][gc,stats    ] Pause Init Update Refs (G)          266 us
[27.152s][info][gc,stats    ] Pause Init Update Refs (N)          117 us
[27.152s][info][gc,stats    ]   Manage GCLABs                       4 us
[27.152s][info][gc,stats    ] Concurrent Update Refs            35211 us
[27.152s][info][gc,stats    ] Concurrent Update Thread Roots      610 us
[27.152s][info][gc,stats    ] Pause Final Update Refs (G)         226 us
[27.152s][info][gc,stats    ] Pause Final Update Refs (N)         170 us
[27.152s][info][gc,stats    ]   Update Region States               35 us
[27.152s][info][gc,stats    ]   Trash Collection Set                8 us
[27.152s][info][gc,stats    ]   Rebuild Free Set                   20 us
[27.152s][info][gc,stats    ] Concurrent Cleanup                   79 us
[27.152s][info][gc,stats    ] 
[27.152s][info][gc,stats    ] Allocation pacing accrued:
[27.152s][info][gc,stats    ]       0 of  3055 ms (  0.0%): <total>
[27.152s][info][gc,stats    ]       0 of  3055 ms (  0.0%): <average total>
[27.152s][info][gc,stats    ] 
[27.152s][info][gc,metaspace] Metaspace: 34485K(35200K)->34485K(35200K) NonClass: 27958K(28480K)->27958K(28480K) Class: 6527K(6720K)->6527K(6720K)
[27.152s][info][gc,ergo     ] Pacer for Idle. Initial: 163M, Alloc Tax Rate: 1.0x
[30.917s][info][gc          ] Trigger: Learning 2 of 5. Free (5728M) is below initial threshold (5734M)
[30.917s][info][gc,ergo     ] Free: 5728M, Max: 4096K regular, 5728M humongous, Frag: 0% external, 0% internal; Reserve: 412M, Max: 4096K
[30.917s][info][gc,start    ] GC(8) Concurrent reset
[30.917s][info][gc,task     ] GC(8) Using 1 of 3 workers for concurrent reset
[30.917s][info][gc,ergo     ] GC(8) Pacer for Reset. Non-Taxable: 8192M
[30.919s][info][gc          ] GC(8) Concurrent reset 1.757ms
[30.919s][info][gc,start    ] GC(8) Pause Init Mark (unload classes)
[30.919s][info][gc,task     ] GC(8) Using 3 of 3 workers for init marking
[30.919s][info][gc,ergo     ] GC(8) Pacer for Mark. Expected Live: 44298K, Free: 5724M, Non-Taxable: 572M, Alloc Tax Rate: 0.0x
[30.919s][info][gc          ] GC(8) Pause Init Mark (unload classes) 0.135ms
[30.919s][info][gc,start    ] GC(8) Concurrent marking roots
[30.919s][info][gc,task     ] GC(8) Using 1 of 3 workers for concurrent marking roots
[30.921s][info][gc          ] GC(8) Concurrent marking roots 1.903ms
[30.921s][info][gc,start    ] GC(8) Concurrent marking (unload classes)
[30.921s][info][gc,task     ] GC(8) Using 1 of 3 workers for concurrent marking
[30.990s][info][gc          ] GC(8) Concurrent marking (unload classes) 68.734ms
[30.990s][info][gc,start    ] GC(8) Pause Final Mark (unload classes)
[30.990s][info][gc,task     ] GC(8) Using 3 of 3 workers for final marking
[30.990s][info][gc,ergo     ] GC(8) Adaptive CSet Selection. Target Free: 1160M, Actual Free: 7708M, Max CSet: 341M, Min Garbage: 0B
[30.990s][info][gc,ergo     ] GC(8) Collectable Garbage: 2010M (99%), Immediate: 1652M (82%), CSet: 358M (17%)
[30.990s][info][gc,ergo     ] GC(8) Pacer for Evacuation. Used CSet: 376M, Free: 7296M, Non-Taxable: 729M, Alloc Tax Rate: 1.1x
[30.990s][info][gc          ] GC(8) Pause Final Mark (unload classes) 0.239ms
[30.990s][info][gc,start    ] GC(8) Concurrent thread roots
[30.990s][info][gc,task     ] GC(8) Using 1 of 3 workers for Concurrent thread roots
[30.992s][info][gc          ] GC(8) Concurrent thread roots 1.745ms
[30.992s][info][gc,start    ] GC(8) Concurrent weak references
[30.992s][info][gc,task     ] GC(8) Using 1 of 3 workers for concurrent weak references
[30.996s][info][gc,ref      ] GC(8) Encountered references: Soft: 3098, Weak: 7621, Final: 25034, Phantom: 90
[30.996s][info][gc,ref      ] GC(8) Discovered  references: Soft: 0, Weak: 694, Final: 25004, Phantom: 55
[30.996s][info][gc,ref      ] GC(8) Enqueued    references: Soft: 0, Weak: 7, Final: 25003, Phantom: 0
[30.996s][info][gc          ] GC(8) Concurrent weak references 3.733ms
[30.996s][info][gc,start    ] GC(8) Concurrent weak roots
[30.996s][info][gc,task     ] GC(8) Using 1 of 3 workers for concurrent weak root
[30.998s][info][gc          ] GC(8) Concurrent weak roots 2.665ms
[30.998s][info][gc,start    ] GC(8) Concurrent cleanup
[30.998s][info][gc          ] GC(8) Concurrent cleanup 2149M->497M(8192M) 0.049ms
[30.998s][info][gc,ergo     ] GC(8) Free: 7284M, Max: 4096K regular, 5644M humongous, Frag: 23% external, 0% internal; Reserve: 410M, Max: 4096K
[30.998s][info][gc,start    ] GC(8) Concurrent class unloading
[30.998s][info][gc,task     ] GC(8) Using 1 of 3 workers for concurrent class unloading
[31.013s][info][gc          ] GC(8) Concurrent class unloading 14.630ms
[31.013s][info][gc,start    ] GC(8) Concurrent strong roots
[31.013s][info][gc,task     ] GC(8) Using 1 of 3 workers for concurrent strong root
[31.013s][info][gc          ] GC(8) Concurrent strong roots 0.204ms
[31.013s][info][gc,start    ] GC(8) Concurrent evacuation
[31.013s][info][gc,task     ] GC(8) Using 1 of 3 workers for concurrent evacuation
[31.032s][info][gc          ] GC(8) Concurrent evacuation 18.797ms
[31.032s][info][gc,start    ] GC(8) Pause Init Update Refs
[31.032s][info][gc,ergo     ] GC(8) Pacer for Update Refs. Used: 527M, Free: 7276M, Non-Taxable: 727M, Alloc Tax Rate: 1.1x
[31.032s][info][gc          ] GC(8) Pause Init Update Refs 0.078ms
[31.033s][info][gc,start    ] GC(8) Concurrent update references
[31.033s][info][gc,task     ] GC(8) Using 1 of 3 workers for concurrent reference update
[31.086s][info][gc          ] GC(8) Concurrent update references 53.439ms
[31.086s][info][gc,start    ] GC(8) Concurrent update thread roots
[31.087s][info][gc          ] GC(8) Concurrent update thread roots 0.845ms
[31.087s][info][gc,start    ] GC(8) Pause Final Update Refs
[31.087s][info][gc,task     ] GC(8) Using 3 of 3 workers for final reference update
[31.087s][info][gc          ] GC(8) Pause Final Update Refs 0.144ms
[31.087s][info][gc,start    ] GC(8) Concurrent cleanup
[31.087s][info][gc          ] GC(8) Concurrent cleanup 527M->151M(8192M) 0.046ms
[31.087s][info][gc,ergo     ] Free: 7628M, Max: 4096K regular, 5632M humongous, Frag: 27% external, 0% internal; Reserve: 412M, Max: 4096K
[31.087s][info][gc,stats    ] 
[31.087s][info][gc,stats    ] All times are wall-clock times, except per-root-class counters, that are sum over
[31.087s][info][gc,stats    ] all workers. Dividing the <total> over the root stage time estimates parallelism.
[31.087s][info][gc,stats    ] 
[31.087s][info][gc,stats    ] Concurrent Reset                   1804 us
[31.087s][info][gc,stats    ] Pause Init Mark (G)                 287 us
[31.087s][info][gc,stats    ] Pause Init Mark (N)                 144 us
[31.087s][info][gc,stats    ]   Update Region States               47 us
[31.087s][info][gc,stats    ] Concurrent Mark Roots              1941 us, parallelism: 0.92x
[31.087s][info][gc,stats    ]   CMR: <total>                     1788 us
[31.087s][info][gc,stats    ]   CMR: Thread Roots                1738 us, workers (us): 1738, ---, ---, 
[31.087s][info][gc,stats    ]   CMR: VM Strong Roots                6 us, workers (us):   6, ---, ---, 
[31.087s][info][gc,stats    ]   CMR: CLDG Roots                    45 us, workers (us):  45, ---, ---, 
[31.087s][info][gc,stats    ] Concurrent Marking                68799 us
[31.087s][info][gc,stats    ] Pause Final Mark (G)                312 us
[31.087s][info][gc,stats    ] Pause Final Mark (N)                248 us
[31.087s][info][gc,stats    ]   Finish Mark                        72 us
[31.087s][info][gc,stats    ]   Update Region States               40 us
[31.087s][info][gc,stats    ]   Choose Collection Set              46 us
[31.087s][info][gc,stats    ]   Rebuild Free Set                    8 us
[31.087s][info][gc,stats    ] Concurrent Thread Roots            1769 us, parallelism: 0.94x
[31.087s][info][gc,stats    ]   CTR: <total>                     1654 us
[31.087s][info][gc,stats    ]   CTR: Thread Roots                1654 us, workers (us): 1654, ---, ---, 
[31.087s][info][gc,stats    ] Concurrent Weak References         3754 us, parallelism: 0.93x
[31.087s][info][gc,stats    ]   CWRF: <total>                    3503 us
[31.087s][info][gc,stats    ]   CWRF: Weak References            3503 us, workers (us): 3503, ---, ---, 
[31.087s][info][gc,stats    ] Concurrent Weak Roots              2724 us
[31.087s][info][gc,stats    ]   Roots                            2531 us, parallelism: 0.95x
[31.087s][info][gc,stats    ]     CWR: <total>                   2399 us
[31.087s][info][gc,stats    ]     CWR: Code Cache Roots          1639 us, workers (us): 1639, ---, ---, 
[31.087s][info][gc,stats    ]     CWR: VM Weak Roots              745 us, workers (us): 745, ---, ---, 
[31.087s][info][gc,stats    ]     CWR: CLDG Roots                  16 us, workers (us):  16, ---, ---, 
[31.087s][info][gc,stats    ]   Rendezvous                         88 us
[31.087s][info][gc,stats    ] Concurrent Cleanup                   58 us
[31.087s][info][gc,stats    ] Concurrent Class Unloading        14698 us
[31.087s][info][gc,stats    ]   Unlink Stale                    14107 us
[31.087s][info][gc,stats    ]     System Dictionary               143 us
[31.087s][info][gc,stats    ]     Weak Class Links               5070 us
[31.088s][info][gc,stats    ]     Code Roots                     8891 us
[31.088s][info][gc,stats    ]   Rendezvous                        108 us
[31.088s][info][gc,stats    ]   Purge Unlinked                    393 us
[31.088s][info][gc,stats    ]     Code Roots                      342 us
[31.088s][info][gc,stats    ]     CLDG                             51 us
[31.088s][info][gc,stats    ]     Exception Caches                  0 us
[31.088s][info][gc,stats    ] Concurrent Strong Roots             242 us, parallelism: 0.37x
[31.088s][info][gc,stats    ]   CSR: <total>                       90 us
[31.088s][info][gc,stats    ]   CSR: VM Strong Roots                4 us, workers (us):   4, ---, ---, 
[31.088s][info][gc,stats    ]   CSR: CLDG Roots                    86 us, workers (us):  86, ---, ---, 
[31.088s][info][gc,stats    ] Concurrent Evacuation             18868 us
[31.088s][info][gc,stats    ] Pause Init Update Refs (G)          223 us
[31.088s][info][gc,stats    ] Pause Init Update Refs (N)           95 us
[31.088s][info][gc,stats    ]   Manage GCLABs                       4 us
[31.088s][info][gc,stats    ] Concurrent Update Refs            53492 us
[31.088s][info][gc,stats    ] Concurrent Update Thread Roots      897 us
[31.088s][info][gc,stats    ] Pause Final Update Refs (G)         251 us
[31.088s][info][gc,stats    ] Pause Final Update Refs (N)         155 us
[31.088s][info][gc,stats    ]   Update Region States               74 us
[31.088s][info][gc,stats    ]   Trash Collection Set                3 us
[31.088s][info][gc,stats    ]   Rebuild Free Set                    9 us
[31.088s][info][gc,stats    ] Concurrent Cleanup                   56 us
[31.088s][info][gc,stats    ] 
[31.088s][info][gc,stats    ] Allocation pacing accrued:
[31.088s][info][gc,stats    ]       0 of  3936 ms (  0.0%): <total>
[31.088s][info][gc,stats    ]       0 of  3936 ms (  0.0%): <average total>
[31.088s][info][gc,stats    ] 
[31.088s][info][gc,metaspace] Metaspace: 34741K(35392K)->34698K(35392K) NonClass: 28212K(28672K)->28170K(28672K) Class: 6529K(6720K)->6528K(6720K)
[31.088s][info][gc,ergo     ] Pacer for Idle. Initial: 163M, Alloc Tax Rate: 1.0x
[33.837s][info][gc          ] Trigger: Explicit GC request (System.gc())
[33.837s][info][gc,ergo     ] Free: 6120M, Max: 4096K regular, 5632M humongous, Frag: 8% external, 0% internal; Reserve: 412M, Max: 4096K
[33.837s][info][gc,start    ] GC(9) Concurrent reset
[33.837s][info][gc,task     ] GC(9) Using 1 of 3 workers for concurrent reset
[33.837s][info][gc,ergo     ] GC(9) Pacer for Reset. Non-Taxable: 8192M
[33.839s][info][gc          ] GC(9) Concurrent reset 1.498ms
[33.839s][info][gc,start    ] GC(9) Pause Init Mark (unload classes)
[33.839s][info][gc,task     ] GC(9) Using 3 of 3 workers for init marking
[33.839s][info][gc,ref      ] GC(9) Clearing All SoftReferences
[33.839s][info][gc,ergo     ] GC(9) Pacer for Mark. Expected Live: 44308K, Free: 6120M, Non-Taxable: 612M, Alloc Tax Rate: 0.0x
[33.839s][info][gc          ] GC(9) Pause Init Mark (unload classes) 0.142ms
[33.839s][info][gc,start    ] GC(9) Concurrent marking roots
[33.839s][info][gc,task     ] GC(9) Using 1 of 3 workers for concurrent marking roots
[33.839s][info][gc          ] GC(9) Concurrent marking roots 0.602ms
[33.840s][info][gc,start    ] GC(9) Concurrent marking (unload classes)
[33.840s][info][gc,task     ] GC(9) Using 1 of 3 workers for concurrent marking
[33.905s][info][gc          ] GC(9) Concurrent marking (unload classes) 65.039ms
[33.905s][info][gc,start    ] GC(9) Pause Final Mark (unload classes)
[33.905s][info][gc,task     ] GC(9) Using 3 of 3 workers for final marking
[33.905s][info][gc,ergo     ] GC(9) Adaptive CSet Selection. Target Free: 1160M, Actual Free: 7835M, Max CSet: 341M, Min Garbage: 0B
[33.905s][info][gc,ergo     ] GC(9) Collectable Garbage: 1614M (99%), Immediate: 1303M (80%), CSet: 310M (19%)
[33.905s][info][gc,ergo     ] GC(9) Pacer for Evacuation. Used CSet: 327M, Free: 7424M, Non-Taxable: 742M, Alloc Tax Rate: 1.1x
[33.905s][info][gc          ] GC(9) Pause Final Mark (unload classes) 0.443ms
[33.905s][info][gc,start    ] GC(9) Concurrent thread roots
[33.905s][info][gc,task     ] GC(9) Using 1 of 3 workers for Concurrent thread roots
[33.906s][info][gc          ] GC(9) Concurrent thread roots 0.615ms
[33.906s][info][gc,start    ] GC(9) Concurrent weak references
[33.906s][info][gc,task     ] GC(9) Using 1 of 3 workers for concurrent weak references
[33.909s][info][gc,ref      ] GC(9) Encountered references: Soft: 3098, Weak: 7620, Final: 25031, Phantom: 88
[33.909s][info][gc,ref      ] GC(9) Discovered  references: Soft: 71, Weak: 647, Final: 25001, Phantom: 53
[33.909s][info][gc,ref      ] GC(9) Enqueued    references: Soft: 7, Weak: 7, Final: 25000, Phantom: 0
[33.909s][info][gc          ] GC(9) Concurrent weak references 3.175ms
[33.909s][info][gc,start    ] GC(9) Concurrent weak roots
[33.909s][info][gc,task     ] GC(9) Using 1 of 3 workers for concurrent weak root
[33.912s][info][gc          ] GC(9) Concurrent weak roots 2.649ms
[33.912s][info][gc,start    ] GC(9) Concurrent cleanup
[33.912s][info][gc          ] GC(9) Concurrent cleanup 1665M->361M(8192M) 0.068ms
[33.912s][info][gc,ergo     ] GC(9) Free: 7420M, Max: 4096K regular, 6216M humongous, Frag: 17% external, 0% internal; Reserve: 409M, Max: 4096K
[33.912s][info][gc,start    ] GC(9) Concurrent class unloading
[33.912s][info][gc,task     ] GC(9) Using 1 of 3 workers for concurrent class unloading
[33.919s][info][gc          ] GC(9) Concurrent class unloading 7.391ms
[33.919s][info][gc,start    ] GC(9) Concurrent strong roots
[33.919s][info][gc,task     ] GC(9) Using 1 of 3 workers for concurrent strong root
[33.919s][info][gc          ] GC(9) Concurrent strong roots 0.211ms
[33.920s][info][gc,start    ] GC(9) Concurrent evacuation
[33.920s][info][gc,task     ] GC(9) Using 1 of 3 workers for concurrent evacuation
[33.938s][info][gc          ] GC(9) Concurrent evacuation 18.204ms
[33.938s][info][gc,start    ] GC(9) Pause Init Update Refs
[33.938s][info][gc,ergo     ] GC(9) Pacer for Update Refs. Used: 383M, Free: 7420M, Non-Taxable: 742M, Alloc Tax Rate: 1.1x
[33.938s][info][gc          ] GC(9) Pause Init Update Refs 0.095ms
[33.938s][info][gc,start    ] GC(9) Concurrent update references
[33.938s][info][gc,task     ] GC(9) Using 1 of 3 workers for concurrent reference update
[33.973s][info][gc          ] GC(9) Concurrent update references 34.521ms
[33.973s][info][gc,start    ] GC(9) Concurrent update thread roots
[33.973s][info][gc          ] GC(9) Concurrent update thread roots 0.433ms
[33.973s][info][gc,start    ] GC(9) Pause Final Update Refs
[33.973s][info][gc,task     ] GC(9) Using 3 of 3 workers for final reference update
[33.973s][info][gc          ] GC(9) Pause Final Update Refs 0.147ms
[33.973s][info][gc,start    ] GC(9) Concurrent cleanup
[33.973s][info][gc          ] GC(9) Concurrent cleanup 383M->55M(8192M) 0.086ms
[33.974s][info][gc,ergo     ] Free: 7724M, Max: 4096K regular, 6208M humongous, Frag: 20% external, 0% internal; Reserve: 412M, Max: 4096K
[33.974s][info][gc,stats    ] 
[33.974s][info][gc,stats    ] All times are wall-clock times, except per-root-class counters, that are sum over
[33.974s][info][gc,stats    ] all workers. Dividing the <total> over the root stage time estimates parallelism.
[33.974s][info][gc,stats    ] 
[33.974s][info][gc,stats    ] Concurrent Reset                   1559 us
[33.974s][info][gc,stats    ] Pause Init Mark (G)                 272 us
[33.974s][info][gc,stats    ] Pause Init Mark (N)                 150 us
[33.974s][info][gc,stats    ]   Update Region States               77 us
[33.974s][info][gc,stats    ] Concurrent Mark Roots               641 us, parallelism: 0.72x
[33.974s][info][gc,stats    ]   CMR: <total>                      462 us
[33.974s][info][gc,stats    ]   CMR: Thread Roots                 373 us, workers (us): 373, ---, ---, 
[33.974s][info][gc,stats    ]   CMR: VM Strong Roots                6 us, workers (us):   6, ---, ---, 
[33.974s][info][gc,stats    ]   CMR: CLDG Roots                    83 us, workers (us):  83, ---, ---, 
[33.974s][info][gc,stats    ] Concurrent Marking                65102 us
[33.974s][info][gc,stats    ] Pause Final Mark (G)                524 us
[33.974s][info][gc,stats    ] Pause Final Mark (N)                451 us
[33.974s][info][gc,stats    ]   Finish Mark                       260 us
[33.974s][info][gc,stats    ]   Update Region States               46 us
[33.974s][info][gc,stats    ]   Choose Collection Set              51 us
[33.974s][info][gc,stats    ]   Rebuild Free Set                    8 us
[33.974s][info][gc,stats    ] Concurrent Thread Roots             637 us, parallelism: 0.71x
[33.974s][info][gc,stats    ]   CTR: <total>                      453 us
[33.974s][info][gc,stats    ]   CTR: Thread Roots                 453 us, workers (us): 453, ---, ---, 
[33.974s][info][gc,stats    ] Concurrent Weak References         3197 us, parallelism: 0.91x
[33.974s][info][gc,stats    ]   CWRF: <total>                    2911 us
[33.974s][info][gc,stats    ]   CWRF: Weak References            2911 us, workers (us): 2911, ---, ---, 
[33.974s][info][gc,stats    ] Concurrent Weak Roots              2721 us
[33.974s][info][gc,stats    ]   Roots                            2461 us, parallelism: 0.95x
[33.974s][info][gc,stats    ]     CWR: <total>                   2330 us
[33.974s][info][gc,stats    ]     CWR: Code Cache Roots          1466 us, workers (us): 1466, ---, ---, 
[33.974s][info][gc,stats    ]     CWR: VM Weak Roots              851 us, workers (us): 851, ---, ---, 
[33.974s][info][gc,stats    ]     CWR: CLDG Roots                  13 us, workers (us):  13, ---, ---, 
[33.974s][info][gc,stats    ]   Rendezvous                        140 us
[33.974s][info][gc,stats    ] Concurrent Cleanup                   87 us
[33.974s][info][gc,stats    ] Concurrent Class Unloading         7457 us
[33.974s][info][gc,stats    ]   Unlink Stale                     6891 us
[33.974s][info][gc,stats    ]     System Dictionary                18 us
[33.974s][info][gc,stats    ]     Weak Class Links                  0 us
[33.974s][info][gc,stats    ]     Code Roots                     6871 us
[33.974s][info][gc,stats    ]   Rendezvous                         81 us
[33.974s][info][gc,stats    ]   Purge Unlinked                    380 us
[33.974s][info][gc,stats    ]     Code Roots                      367 us
[33.974s][info][gc,stats    ]     CLDG                             12 us
[33.974s][info][gc,stats    ]     Exception Caches                  1 us
[33.974s][info][gc,stats    ] Concurrent Strong Roots             250 us, parallelism: 0.36x
[33.974s][info][gc,stats    ]   CSR: <total>                       89 us
[33.974s][info][gc,stats    ]   CSR: VM Strong Roots                4 us, workers (us):   4, ---, ---, 
[33.974s][info][gc,stats    ]   CSR: CLDG Roots                    86 us, workers (us):  86, ---, ---, 
[33.974s][info][gc,stats    ] Concurrent Evacuation             18274 us
[33.974s][info][gc,stats    ] Pause Init Update Refs (G)          212 us
[33.974s][info][gc,stats    ] Pause Init Update Refs (N)          117 us
[33.974s][info][gc,stats    ]   Manage GCLABs                       5 us
[33.974s][info][gc,stats    ] Concurrent Update Refs            34582 us
[33.974s][info][gc,stats    ] Concurrent Update Thread Roots      485 us
[33.974s][info][gc,stats    ] Pause Final Update Refs (G)         274 us
[33.974s][info][gc,stats    ] Pause Final Update Refs (N)         167 us
[33.974s][info][gc,stats    ]   Update Region States               86 us
[33.974s][info][gc,stats    ]   Trash Collection Set                3 us
[33.974s][info][gc,stats    ]   Rebuild Free Set                    9 us
[33.974s][info][gc,stats    ] Concurrent Cleanup                  113 us
[33.974s][info][gc,stats    ] 
[33.974s][info][gc,stats    ] Allocation pacing accrued:
[33.974s][info][gc,stats    ]       0 of  2886 ms (  0.0%): <total>
[33.974s][info][gc,stats    ]       0 of  2886 ms (  0.0%): <average total>
[33.974s][info][gc,stats    ] 
[33.974s][info][gc,metaspace] Metaspace: 34716K(35392K)->34717K(35392K) NonClass: 28188K(28672K)->28188K(28672K) Class: 6528K(6720K)->6528K(6720K)
[33.974s][info][gc,ergo     ] Pacer for Idle. Initial: 163M, Alloc Tax Rate: 1.0x
[37.625s][info][gc          ] Trigger: Learning 2 of 5. Free (5728M) is below initial threshold (5734M)
[37.625s][info][gc,ergo     ] Free: 5728M, Max: 4096K regular, 5728M humongous, Frag: 0% external, 0% internal; Reserve: 412M, Max: 4096K
[37.625s][info][gc,start    ] GC(10) Concurrent reset
[37.625s][info][gc,task     ] GC(10) Using 1 of 3 workers for concurrent reset
[37.625s][info][gc,ergo     ] GC(10) Pacer for Reset. Non-Taxable: 8192M
[37.626s][info][gc          ] GC(10) Concurrent reset 1.526ms
[37.627s][info][gc,start    ] GC(10) Pause Init Mark (unload classes)
[37.627s][info][gc,task     ] GC(10) Using 3 of 3 workers for init marking
[37.627s][info][gc,ergo     ] GC(10) Pacer for Mark. Expected Live: 44302K, Free: 5724M, Non-Taxable: 572M, Alloc Tax Rate: 0.0x
[37.627s][info][gc          ] GC(10) Pause Init Mark (unload classes) 0.188ms
[37.627s][info][gc,start    ] GC(10) Concurrent marking roots
[37.627s][info][gc,task     ] GC(10) Using 1 of 3 workers for concurrent marking roots
[37.628s][info][gc          ] GC(10) Concurrent marking roots 0.997ms
[37.628s][info][gc,start    ] GC(10) Concurrent marking (unload classes)
[37.628s][info][gc,task     ] GC(10) Using 1 of 3 workers for concurrent marking
[37.693s][info][gc          ] GC(10) Concurrent marking (unload classes) 64.975ms
[37.693s][info][gc,start    ] GC(10) Pause Final Mark (unload classes)
[37.693s][info][gc,task     ] GC(10) Using 3 of 3 workers for final marking
[37.693s][info][gc,ergo     ] GC(10) Adaptive CSet Selection. Target Free: 1160M, Actual Free: 7708M, Max CSet: 341M, Min Garbage: 0B
[37.693s][info][gc,ergo     ] GC(10) Collectable Garbage: 2010M (99%), Immediate: 1648M (81%), CSet: 362M (18%)
[37.693s][info][gc,ergo     ] GC(10) Pacer for Evacuation. Used CSet: 380M, Free: 7296M, Non-Taxable: 729M, Alloc Tax Rate: 1.1x
[37.693s][info][gc          ] GC(10) Pause Final Mark (unload classes) 0.292ms
[37.693s][info][gc,start    ] GC(10) Concurrent thread roots
[37.693s][info][gc,task     ] GC(10) Using 1 of 3 workers for Concurrent thread roots
[37.695s][info][gc          ] GC(10) Concurrent thread roots 1.725ms
[37.695s][info][gc,start    ] GC(10) Concurrent weak references
[37.695s][info][gc,task     ] GC(10) Using 1 of 3 workers for concurrent weak references
[37.698s][info][gc,ref      ] GC(10) Encountered references: Soft: 3098, Weak: 7635, Final: 25034, Phantom: 90
[37.698s][info][gc,ref      ] GC(10) Discovered  references: Soft: 0, Weak: 902, Final: 25004, Phantom: 55
[37.698s][info][gc,ref      ] GC(10) Enqueued    references: Soft: 0, Weak: 7, Final: 25003, Phantom: 0
[37.698s][info][gc          ] GC(10) Concurrent weak references 3.350ms
[37.699s][info][gc,start    ] GC(10) Concurrent weak roots
[37.699s][info][gc,task     ] GC(10) Using 1 of 3 workers for concurrent weak root
[37.701s][info][gc          ] GC(10) Concurrent weak roots 2.802ms
[37.701s][info][gc,start    ] GC(10) Concurrent cleanup
[37.701s][info][gc          ] GC(10) Concurrent cleanup 2145M->497M(8192M) 0.046ms
[37.701s][info][gc,ergo     ] GC(10) Free: 7284M, Max: 4096K regular, 5644M humongous, Frag: 23% external, 0% internal; Reserve: 410M, Max: 4096K
[37.701s][info][gc,start    ] GC(10) Concurrent class unloading
[37.701s][info][gc,task     ] GC(10) Using 1 of 3 workers for concurrent class unloading
[37.715s][info][gc          ] GC(10) Concurrent class unloading 13.130ms
[37.715s][info][gc,start    ] GC(10) Concurrent strong roots
[37.715s][info][gc,task     ] GC(10) Using 1 of 3 workers for concurrent strong root
[37.715s][info][gc          ] GC(10) Concurrent strong roots 0.239ms
[37.715s][info][gc,start    ] GC(10) Concurrent evacuation
[37.715s][info][gc,task     ] GC(10) Using 1 of 3 workers for concurrent evacuation
[37.733s][info][gc          ] GC(10) Concurrent evacuation 18.208ms
[37.733s][info][gc,start    ] GC(10) Pause Init Update Refs
[37.733s][info][gc,ergo     ] GC(10) Pacer for Update Refs. Used: 531M, Free: 7272M, Non-Taxable: 727M, Alloc Tax Rate: 1.1x
[37.733s][info][gc          ] GC(10) Pause Init Update Refs 0.083ms
[37.733s][info][gc,start    ] GC(10) Concurrent update references
[37.733s][info][gc,task     ] GC(10) Using 1 of 3 workers for concurrent reference update
[37.787s][info][gc          ] GC(10) Concurrent update references 53.065ms
[37.787s][info][gc,start    ] GC(10) Concurrent update thread roots
[37.787s][info][gc          ] GC(10) Concurrent update thread roots 0.722ms
[37.787s][info][gc,start    ] GC(10) Pause Final Update Refs
[37.787s][info][gc,task     ] GC(10) Using 3 of 3 workers for final reference update
[37.787s][info][gc          ] GC(10) Pause Final Update Refs 0.136ms
[37.788s][info][gc,start    ] GC(10) Concurrent cleanup
[37.788s][info][gc          ] GC(10) Concurrent cleanup 547M->167M(8192M) 0.036ms
[37.788s][info][gc,ergo     ] Free: 7612M, Max: 4096K regular, 5636M humongous, Frag: 26% external, 0% internal; Reserve: 412M, Max: 4096K
[37.788s][info][gc,stats    ] 
[37.788s][info][gc,stats    ] All times are wall-clock times, except per-root-class counters, that are sum over
[37.788s][info][gc,stats    ] all workers. Dividing the <total> over the root stage time estimates parallelism.
[37.788s][info][gc,stats    ] 
[37.788s][info][gc,stats    ] Concurrent Reset                   1551 us
[37.788s][info][gc,stats    ] Pause Init Mark (G)                 405 us
[37.788s][info][gc,stats    ] Pause Init Mark (N)                 206 us
[37.788s][info][gc,stats    ]   Update Region States               73 us
[37.788s][info][gc,stats    ] Concurrent Mark Roots              1036 us, parallelism: 0.82x
[37.788s][info][gc,stats    ]   CMR: <total>                      854 us
[37.788s][info][gc,stats    ]   CMR: Thread Roots                 763 us, workers (us): 763, ---, ---, 
[37.788s][info][gc,stats    ]   CMR: VM Strong Roots                7 us, workers (us):   7, ---, ---, 
[37.788s][info][gc,stats    ]   CMR: CLDG Roots                    84 us, workers (us):  84, ---, ---, 
[37.788s][info][gc,stats    ] Concurrent Marking                65033 us
[37.788s][info][gc,stats    ] Pause Final Mark (G)                412 us
[37.788s][info][gc,stats    ] Pause Final Mark (N)                301 us
[37.788s][info][gc,stats    ]   Finish Mark                       100 us
[37.788s][info][gc,stats    ]   Update Region States               58 us
[37.788s][info][gc,stats    ]   Choose Collection Set              54 us
[37.788s][info][gc,stats    ]   Rebuild Free Set                    8 us
[37.788s][info][gc,stats    ] Concurrent Thread Roots            1770 us, parallelism: 0.85x
[37.788s][info][gc,stats    ]   CTR: <total>                     1505 us
[37.788s][info][gc,stats    ]   CTR: Thread Roots                1505 us, workers (us): 1505, ---, ---, 
[37.788s][info][gc,stats    ] Concurrent Weak References         3371 us, parallelism: 0.90x
[37.788s][info][gc,stats    ]   CWRF: <total>                    3043 us
[37.788s][info][gc,stats    ]   CWRF: Weak References            3043 us, workers (us): 3043, ---, ---, 
[37.788s][info][gc,stats    ] Concurrent Weak Roots              2857 us
[37.788s][info][gc,stats    ]   Roots                            2657 us, parallelism: 0.95x
[37.788s][info][gc,stats    ]     CWR: <total>                   2528 us
[37.788s][info][gc,stats    ]     CWR: Code Cache Roots          1725 us, workers (us): 1725, ---, ---, 
[37.788s][info][gc,stats    ]     CWR: VM Weak Roots              790 us, workers (us): 790, ---, ---, 
[37.788s][info][gc,stats    ]     CWR: CLDG Roots                  13 us, workers (us):  13, ---, ---, 
[37.788s][info][gc,stats    ]   Rendezvous                        100 us
[37.788s][info][gc,stats    ] Concurrent Cleanup                   56 us
[37.788s][info][gc,stats    ] Concurrent Class Unloading        13199 us
[37.788s][info][gc,stats    ]   Unlink Stale                    12581 us
[37.788s][info][gc,stats    ]     System Dictionary               117 us
[37.788s][info][gc,stats    ]     Weak Class Links               4516 us
[37.788s][info][gc,stats    ]     Code Roots                     7945 us
[37.788s][info][gc,stats    ]   Rendezvous                        122 us
[37.788s][info][gc,stats    ]   Purge Unlinked                    407 us
[37.788s][info][gc,stats    ]     Code Roots                      367 us
[37.788s][info][gc,stats    ]     CLDG                             40 us
[37.788s][info][gc,stats    ]     Exception Caches                  0 us
[37.788s][info][gc,stats    ] Concurrent Strong Roots             264 us, parallelism: 0.52x
[37.788s][info][gc,stats    ]   CSR: <total>                      138 us
[37.788s][info][gc,stats    ]   CSR: VM Strong Roots                6 us, workers (us):   6, ---, ---, 
[37.788s][info][gc,stats    ]   CSR: CLDG Roots                   132 us, workers (us): 132, ---, ---, 
[37.788s][info][gc,stats    ] Concurrent Evacuation             18276 us
[37.788s][info][gc,stats    ] Pause Init Update Refs (G)          240 us
[37.788s][info][gc,stats    ] Pause Init Update Refs (N)          100 us
[37.788s][info][gc,stats    ]   Manage GCLABs                       3 us
[37.788s][info][gc,stats    ] Concurrent Update Refs            53128 us
[37.788s][info][gc,stats    ] Concurrent Update Thread Roots      741 us
[37.788s][info][gc,stats    ] Pause Final Update Refs (G)         227 us
[37.788s][info][gc,stats    ] Pause Final Update Refs (N)         147 us
[37.788s][info][gc,stats    ]   Update Region States               61 us
[37.788s][info][gc,stats    ]   Trash Collection Set                5 us
[37.788s][info][gc,stats    ]   Rebuild Free Set                   12 us
[37.788s][info][gc,stats    ] Concurrent Cleanup                   46 us
[37.788s][info][gc,stats    ] 
[37.788s][info][gc,stats    ] Allocation pacing accrued:
[37.788s][info][gc,stats    ]       0 of  3814 ms (  0.0%): <total>
[37.788s][info][gc,stats    ]       0 of  3814 ms (  0.0%): <average total>
[37.788s][info][gc,stats    ] 
[37.788s][info][gc,metaspace] Metaspace: 34937K(35584K)->34895K(35584K) NonClass: 28408K(28864K)->28366K(28864K) Class: 6529K(6720K)->6528K(6720K)
[37.788s][info][gc,ergo     ] Pacer for Idle. Initial: 163M, Alloc Tax Rate: 1.0x
[40.360s][info][gc          ] Trigger: Explicit GC request (System.gc())
[40.361s][info][gc,ergo     ] Free: 6120M, Max: 4096K regular, 5636M humongous, Frag: 8% external, 0% internal; Reserve: 412M, Max: 4096K
[40.361s][info][gc,start    ] GC(11) Concurrent reset
[40.361s][info][gc,task     ] GC(11) Using 1 of 3 workers for concurrent reset
[40.361s][info][gc,ergo     ] GC(11) Pacer for Reset. Non-Taxable: 8192M
[40.362s][info][gc          ] GC(11) Concurrent reset 1.769ms
[40.362s][info][gc,start    ] GC(11) Pause Init Mark (unload classes)
[40.363s][info][gc,task     ] GC(11) Using 3 of 3 workers for init marking
[40.363s][info][gc,ref      ] GC(11) Clearing All SoftReferences
[40.363s][info][gc,ergo     ] GC(11) Pacer for Mark. Expected Live: 44311K, Free: 6120M, Non-Taxable: 612M, Alloc Tax Rate: 0.0x
[40.363s][info][gc          ] GC(11) Pause Init Mark (unload classes) 0.125ms
[40.363s][info][gc,start    ] GC(11) Concurrent marking roots
[40.363s][info][gc,task     ] GC(11) Using 1 of 3 workers for concurrent marking roots
[40.363s][info][gc          ] GC(11) Concurrent marking roots 0.437ms
[40.363s][info][gc,start    ] GC(11) Concurrent marking (unload classes)
[40.363s][info][gc,task     ] GC(11) Using 1 of 3 workers for concurrent marking
[40.428s][info][gc          ] GC(11) Concurrent marking (unload classes) 65.076ms
[40.428s][info][gc,start    ] GC(11) Pause Final Mark (unload classes)
[40.428s][info][gc,task     ] GC(11) Using 3 of 3 workers for final marking
[40.429s][info][gc,ergo     ] GC(11) Adaptive CSet Selection. Target Free: 1160M, Actual Free: 7835M, Max CSet: 341M, Min Garbage: 0B
[40.429s][info][gc,ergo     ] GC(11) Collectable Garbage: 1614M (99%), Immediate: 1303M (80%), CSet: 310M (19%)
[40.429s][info][gc,ergo     ] GC(11) Pacer for Evacuation. Used CSet: 327M, Free: 7424M, Non-Taxable: 742M, Alloc Tax Rate: 1.1x
[40.429s][info][gc          ] GC(11) Pause Final Mark (unload classes) 0.452ms
[40.429s][info][gc,start    ] GC(11) Concurrent thread roots
[40.429s][info][gc,task     ] GC(11) Using 1 of 3 workers for Concurrent thread roots
[40.429s][info][gc          ] GC(11) Concurrent thread roots 0.491ms
[40.429s][info][gc,start    ] GC(11) Concurrent weak references
[40.429s][info][gc,task     ] GC(11) Using 1 of 3 workers for concurrent weak references
[40.432s][info][gc,ref      ] GC(11) Encountered references: Soft: 3098, Weak: 7632, Final: 25031, Phantom: 88
[40.432s][info][gc,ref      ] GC(11) Discovered  references: Soft: 70, Weak: 4799, Final: 25001, Phantom: 53
[40.432s][info][gc,ref      ] GC(11) Enqueued    references: Soft: 7, Weak: 7, Final: 25000, Phantom: 0
[40.433s][info][gc          ] GC(11) Concurrent weak references 3.159ms
[40.433s][info][gc,start    ] GC(11) Concurrent weak roots
[40.433s][info][gc,task     ] GC(11) Using 1 of 3 workers for concurrent weak root
[40.435s][info][gc          ] GC(11) Concurrent weak roots 2.801ms
[40.435s][info][gc,start    ] GC(11) Concurrent cleanup
[40.435s][info][gc          ] GC(11) Concurrent cleanup 1664M->361M(8192M) 0.036ms
[40.435s][info][gc,ergo     ] GC(11) Free: 7420M, Max: 4096K regular, 6212M humongous, Frag: 17% external, 0% internal; Reserve: 410M, Max: 4096K
[40.435s][info][gc,start    ] GC(11) Concurrent class unloading
[40.435s][info][gc,task     ] GC(11) Using 1 of 3 workers for concurrent class unloading
[40.444s][info][gc          ] GC(11) Concurrent class unloading 8.370ms
[40.444s][info][gc,start    ] GC(11) Concurrent strong roots
[40.444s][info][gc,task     ] GC(11) Using 1 of 3 workers for concurrent strong root
[40.444s][info][gc          ] GC(11) Concurrent strong roots 0.189ms
[40.444s][info][gc,start    ] GC(11) Concurrent evacuation
[40.444s][info][gc,task     ] GC(11) Using 1 of 3 workers for concurrent evacuation
[40.463s][info][gc          ] GC(11) Concurrent evacuation 18.935ms
[40.463s][info][gc,start    ] GC(11) Pause Init Update Refs
[40.463s][info][gc,ergo     ] GC(11) Pacer for Update Refs. Used: 379M, Free: 7420M, Non-Taxable: 742M, Alloc Tax Rate: 1.1x
[40.463s][info][gc          ] GC(11) Pause Init Update Refs 0.098ms
[40.463s][info][gc,start    ] GC(11) Concurrent update references
[40.463s][info][gc,task     ] GC(11) Using 1 of 3 workers for concurrent reference update
[40.498s][info][gc          ] GC(11) Concurrent update references 34.429ms
[40.498s][info][gc,start    ] GC(11) Concurrent update thread roots
[40.498s][info][gc          ] GC(11) Concurrent update thread roots 0.578ms
[40.499s][info][gc,start    ] GC(11) Pause Final Update Refs
[40.499s][info][gc,task     ] GC(11) Using 3 of 3 workers for final reference update
[40.499s][info][gc          ] GC(11) Pause Final Update Refs 0.185ms
[40.499s][info][gc,start    ] GC(11) Concurrent cleanup
[40.499s][info][gc          ] GC(11) Concurrent cleanup 379M->51M(8192M) 0.065ms
[40.499s][info][gc,ergo     ] Free: 7728M, Max: 4096K regular, 6208M humongous, Frag: 20% external, 0% internal; Reserve: 412M, Max: 4096K
[40.499s][info][gc,stats    ] 
[40.499s][info][gc,stats    ] All times are wall-clock times, except per-root-class counters, that are sum over
[40.499s][info][gc,stats    ] all workers. Dividing the <total> over the root stage time estimates parallelism.
[40.499s][info][gc,stats    ] 
[40.499s][info][gc,stats    ] Concurrent Reset                   1814 us
[40.499s][info][gc,stats    ] Pause Init Mark (G)                 221 us
[40.499s][info][gc,stats    ] Pause Init Mark (N)                 133 us
[40.499s][info][gc,stats    ]   Update Region States               32 us
[40.499s][info][gc,stats    ] Concurrent Mark Roots               457 us, parallelism: 0.70x
[40.499s][info][gc,stats    ]   CMR: <total>                      321 us
[40.499s][info][gc,stats    ]   CMR: Thread Roots                 256 us, workers (us): 256, ---, ---, 
[40.499s][info][gc,stats    ]   CMR: VM Strong Roots                6 us, workers (us):   6, ---, ---, 
[40.499s][info][gc,stats    ]   CMR: CLDG Roots                    59 us, workers (us):  59, ---, ---, 
[40.499s][info][gc,stats    ] Concurrent Marking                65124 us
[40.499s][info][gc,stats    ] Pause Final Mark (G)                587 us
[40.499s][info][gc,stats    ] Pause Final Mark (N)                470 us
[40.499s][info][gc,stats    ]   Finish Mark                       143 us
[40.499s][info][gc,stats    ]   Update Region States               91 us
[40.499s][info][gc,stats    ]   Choose Collection Set              96 us
[40.499s][info][gc,stats    ]   Rebuild Free Set                   17 us
[40.499s][info][gc,stats    ] Concurrent Thread Roots             510 us, parallelism: 0.71x
[40.499s][info][gc,stats    ]   CTR: <total>                      363 us
[40.499s][info][gc,stats    ]   CTR: Thread Roots                 363 us, workers (us): 363, ---, ---, 
[40.499s][info][gc,stats    ] Concurrent Weak References         3181 us, parallelism: 0.93x
[40.499s][info][gc,stats    ]   CWRF: <total>                    2946 us
[40.499s][info][gc,stats    ]   CWRF: Weak References            2946 us, workers (us): 2946, ---, ---, 
[40.499s][info][gc,stats    ] Concurrent Weak Roots              2858 us
[40.499s][info][gc,stats    ]   Roots                            2641 us, parallelism: 0.97x
[40.499s][info][gc,stats    ]     CWR: <total>                   2553 us
[40.499s][info][gc,stats    ]     CWR: Code Cache Roots          1659 us, workers (us): 1659, ---, ---, 
[40.499s][info][gc,stats    ]     CWR: VM Weak Roots              877 us, workers (us): 877, ---, ---, 
[40.499s][info][gc,stats    ]     CWR: CLDG Roots                  17 us, workers (us):  17, ---, ---, 
[40.499s][info][gc,stats    ]   Rendezvous                        115 us
[40.499s][info][gc,stats    ] Concurrent Cleanup                   44 us
[40.499s][info][gc,stats    ] Concurrent Class Unloading         8438 us
[40.499s][info][gc,stats    ]   Unlink Stale                     7831 us
[40.499s][info][gc,stats    ]     System Dictionary                16 us
[40.499s][info][gc,stats    ]     Weak Class Links                  1 us
[40.499s][info][gc,stats    ]     Code Roots                     7813 us
[40.499s][info][gc,stats    ]   Rendezvous                        127 us
[40.499s][info][gc,stats    ]   Purge Unlinked                    390 us
[40.499s][info][gc,stats    ]     Code Roots                      376 us
[40.499s][info][gc,stats    ]     CLDG                             13 us
[40.499s][info][gc,stats    ]     Exception Caches                  0 us
[40.499s][info][gc,stats    ] Concurrent Strong Roots             228 us, parallelism: 0.38x
[40.499s][info][gc,stats    ]   CSR: <total>                       88 us
[40.500s][info][gc,stats    ]   CSR: VM Strong Roots                3 us, workers (us):   3, ---, ---, 
[40.500s][info][gc,stats    ]   CSR: CLDG Roots                    84 us, workers (us):  84, ---, ---, 
[40.500s][info][gc,stats    ] Concurrent Evacuation             19005 us
[40.500s][info][gc,stats    ] Pause Init Update Refs (G)          244 us
[40.500s][info][gc,stats    ] Pause Init Update Refs (N)          122 us
[40.500s][info][gc,stats    ]   Manage GCLABs                       4 us
[40.500s][info][gc,stats    ] Concurrent Update Refs            34488 us
[40.500s][info][gc,stats    ] Concurrent Update Thread Roots      612 us
[40.500s][info][gc,stats    ] Pause Final Update Refs (G)         296 us
[40.500s][info][gc,stats    ] Pause Final Update Refs (N)         209 us
[40.500s][info][gc,stats    ]   Update Region States               74 us
[40.500s][info][gc,stats    ]   Trash Collection Set                5 us
[40.500s][info][gc,stats    ]   Rebuild Free Set                   12 us
[40.500s][info][gc,stats    ] Concurrent Cleanup                   86 us
[40.500s][info][gc,stats    ] 
[40.500s][info][gc,stats    ] Allocation pacing accrued:
[40.500s][info][gc,stats    ]       0 of  2712 ms (  0.0%): <total>
[40.500s][info][gc,stats    ]       0 of  2712 ms (  0.0%): <average total>
[40.500s][info][gc,stats    ] 
[40.500s][info][gc,metaspace] Metaspace: 34927K(35584K)->34927K(35584K) NonClass: 28399K(28864K)->28399K(28864K) Class: 6528K(6720K)->6528K(6720K)
[40.500s][info][gc,ergo     ] Pacer for Idle. Initial: 163M, Alloc Tax Rate: 1.0x
[43.882s][info][gc          ] Trigger: Learning 2 of 5. Free (5716M) is below initial threshold (5734M)
[43.882s][info][gc,ergo     ] Free: 5716M, Max: 4096K regular, 5716M humongous, Frag: 0% external, 0% internal; Reserve: 412M, Max: 4096K
[43.882s][info][gc,start    ] GC(12) Concurrent reset
[43.882s][info][gc,task     ] GC(12) Using 1 of 3 workers for concurrent reset
[43.882s][info][gc,ergo     ] GC(12) Pacer for Reset. Non-Taxable: 8192M
[43.884s][info][gc          ] GC(12) Concurrent reset 1.443ms
[43.884s][info][gc,start    ] GC(12) Pause Init Mark (unload classes)
[43.884s][info][gc,task     ] GC(12) Using 3 of 3 workers for init marking
[43.884s][info][gc,ergo     ] GC(12) Pacer for Mark. Expected Live: 44304K, Free: 5716M, Non-Taxable: 571M, Alloc Tax Rate: 0.0x
[43.884s][info][gc          ] GC(12) Pause Init Mark (unload classes) 0.170ms
[43.884s][info][gc,start    ] GC(12) Concurrent marking roots
[43.884s][info][gc,task     ] GC(12) Using 1 of 3 workers for concurrent marking roots
[43.885s][info][gc          ] GC(12) Concurrent marking roots 1.085ms
[43.885s][info][gc,start    ] GC(12) Concurrent marking (unload classes)
[43.885s][info][gc,task     ] GC(12) Using 1 of 3 workers for concurrent marking
[43.949s][info][gc          ] GC(12) Concurrent marking (unload classes) 64.210ms
[43.950s][info][gc,start    ] GC(12) Pause Final Mark (unload classes)
[43.950s][info][gc,task     ] GC(12) Using 3 of 3 workers for final marking
[43.950s][info][gc,ergo     ] GC(12) Adaptive CSet Selection. Target Free: 1160M, Actual Free: 7712M, Max CSet: 341M, Min Garbage: 0B
[43.950s][info][gc,ergo     ] GC(12) Collectable Garbage: 2018M (99%), Immediate: 1660M (82%), CSet: 358M (17%)
[43.950s][info][gc,ergo     ] GC(12) Pacer for Evacuation. Used CSet: 376M, Free: 7300M, Non-Taxable: 730M, Alloc Tax Rate: 1.1x
[43.950s][info][gc          ] GC(12) Pause Final Mark (unload classes) 0.422ms
[43.950s][info][gc,start    ] GC(12) Concurrent thread roots
[43.950s][info][gc,task     ] GC(12) Using 1 of 3 workers for Concurrent thread roots
[43.951s][info][gc          ] GC(12) Concurrent thread roots 1.355ms
[43.951s][info][gc,start    ] GC(12) Concurrent weak references
[43.951s][info][gc,task     ] GC(12) Using 1 of 3 workers for concurrent weak references
[43.954s][info][gc,ref      ] GC(12) Encountered references: Soft: 3098, Weak: 7647, Final: 25034, Phantom: 90
[43.954s][info][gc,ref      ] GC(12) Discovered  references: Soft: 0, Weak: 901, Final: 25004, Phantom: 55
[43.954s][info][gc,ref      ] GC(12) Enqueued    references: Soft: 0, Weak: 7, Final: 25003, Phantom: 0
[43.954s][info][gc          ] GC(12) Concurrent weak references 3.019ms
[43.954s][info][gc,start    ] GC(12) Concurrent weak roots
[43.955s][info][gc,task     ] GC(12) Using 1 of 3 workers for concurrent weak root
[43.957s][info][gc          ] GC(12) Concurrent weak roots 2.246ms
[43.957s][info][gc,start    ] GC(12) Concurrent cleanup
[43.957s][info][gc          ] GC(12) Concurrent cleanup 2149M->489M(8192M) 0.046ms
[43.957s][info][gc,ergo     ] GC(12) Free: 7292M, Max: 4096K regular, 5640M humongous, Frag: 23% external, 0% internal; Reserve: 410M, Max: 4096K
[43.957s][info][gc,start    ] GC(12) Concurrent class unloading
[43.957s][info][gc,task     ] GC(12) Using 1 of 3 workers for concurrent class unloading
[43.971s][info][gc          ] GC(12) Concurrent class unloading 13.872ms
[43.971s][info][gc,start    ] GC(12) Concurrent strong roots
[43.971s][info][gc,task     ] GC(12) Using 1 of 3 workers for concurrent strong root
[43.971s][info][gc          ] GC(12) Concurrent strong roots 0.210ms
[43.971s][info][gc,start    ] GC(12) Concurrent evacuation
[43.971s][info][gc,task     ] GC(12) Using 1 of 3 workers for concurrent evacuation
[43.989s][info][gc          ] GC(12) Concurrent evacuation 18.289ms
[43.989s][info][gc,start    ] GC(12) Pause Init Update Refs
[43.989s][info][gc,ergo     ] GC(12) Pacer for Update Refs. Used: 515M, Free: 7288M, Non-Taxable: 728M, Alloc Tax Rate: 1.1x
[43.989s][info][gc          ] GC(12) Pause Init Update Refs 0.058ms
[43.990s][info][gc,start    ] GC(12) Concurrent update references
[43.990s][info][gc,task     ] GC(12) Using 1 of 3 workers for concurrent reference update
[44.044s][info][gc          ] GC(12) Concurrent update references 54.327ms
[44.044s][info][gc,start    ] GC(12) Concurrent update thread roots
[44.045s][info][gc          ] GC(12) Concurrent update thread roots 0.770ms
[44.045s][info][gc,start    ] GC(12) Pause Final Update Refs
[44.045s][info][gc,task     ] GC(12) Using 3 of 3 workers for final reference update
[44.045s][info][gc          ] GC(12) Pause Final Update Refs 0.205ms
[44.045s][info][gc,start    ] GC(12) Concurrent cleanup
[44.045s][info][gc          ] GC(12) Concurrent cleanup 539M->163M(8192M) 0.038ms
[44.045s][info][gc,ergo     ] Free: 7616M, Max: 4096K regular, 5628M humongous, Frag: 27% external, 0% internal; Reserve: 412M, Max: 4096K
[44.045s][info][gc,stats    ] 
[44.045s][info][gc,stats    ] All times are wall-clock times, except per-root-class counters, that are sum over
[44.045s][info][gc,stats    ] all workers. Dividing the <total> over the root stage time estimates parallelism.
[44.045s][info][gc,stats    ] 
[44.045s][info][gc,stats    ] Concurrent Reset                   1508 us
[44.045s][info][gc,stats    ] Pause Init Mark (G)                 418 us
[44.045s][info][gc,stats    ] Pause Init Mark (N)                 179 us
[44.045s][info][gc,stats    ]   Update Region States               68 us
[44.045s][info][gc,stats    ] Concurrent Mark Roots              1104 us, parallelism: 0.89x
[44.045s][info][gc,stats    ]   CMR: <total>                      984 us
[44.045s][info][gc,stats    ]   CMR: Thread Roots                 928 us, workers (us): 928, ---, ---, 
[44.045s][info][gc,stats    ]   CMR: VM Strong Roots                4 us, workers (us):   4, ---, ---, 
[44.045s][info][gc,stats    ]   CMR: CLDG Roots                    52 us, workers (us):  52, ---, ---, 
[44.045s][info][gc,stats    ] Concurrent Marking                64280 us
[44.045s][info][gc,stats    ] Pause Final Mark (G)                560 us
[44.045s][info][gc,stats    ] Pause Final Mark (N)                443 us
[44.045s][info][gc,stats    ]   Finish Mark                       126 us
[44.045s][info][gc,stats    ]   Update Region States               89 us
[44.045s][info][gc,stats    ]   Choose Collection Set              94 us
[44.045s][info][gc,stats    ]   Rebuild Free Set                   17 us
[44.045s][info][gc,stats    ] Concurrent Thread Roots            1374 us, parallelism: 0.91x
[44.045s][info][gc,stats    ]   CTR: <total>                     1253 us
[44.045s][info][gc,stats    ]   CTR: Thread Roots                1253 us, workers (us): 1253, ---, ---, 
[44.045s][info][gc,stats    ] Concurrent Weak References         3037 us, parallelism: 0.92x
[44.046s][info][gc,stats    ]   CWRF: <total>                    2803 us
[44.046s][info][gc,stats    ]   CWRF: Weak References            2803 us, workers (us): 2803, ---, ---, 
[44.046s][info][gc,stats    ] Concurrent Weak Roots              2301 us
[44.046s][info][gc,stats    ]   Roots                            2130 us, parallelism: 0.97x
[44.046s][info][gc,stats    ]     CWR: <total>                   2059 us
[44.046s][info][gc,stats    ]     CWR: Code Cache Roots          1675 us, workers (us): 1675, ---, ---, 
[44.046s][info][gc,stats    ]     CWR: VM Weak Roots              368 us, workers (us): 368, ---, ---, 
[44.046s][info][gc,stats    ]     CWR: CLDG Roots                  15 us, workers (us):  15, ---, ---, 
[44.046s][info][gc,stats    ]   Rendezvous                         76 us
[44.046s][info][gc,stats    ] Concurrent Cleanup                   56 us
[44.046s][info][gc,stats    ] Concurrent Class Unloading        13924 us
[44.046s][info][gc,stats    ]   Unlink Stale                    13409 us
[44.046s][info][gc,stats    ]     System Dictionary               113 us
[44.046s][info][gc,stats    ]     Weak Class Links               4635 us
[44.046s][info][gc,stats    ]     Code Roots                     8660 us
[44.046s][info][gc,stats    ]   Rendezvous                         78 us
[44.046s][info][gc,stats    ]   Purge Unlinked                    365 us
[44.046s][info][gc,stats    ]     Code Roots                      327 us
[44.046s][info][gc,stats    ]     CLDG                             38 us
[44.046s][info][gc,stats    ]     Exception Caches                  0 us
[44.046s][info][gc,stats    ] Concurrent Strong Roots             228 us, parallelism: 0.62x
[44.046s][info][gc,stats    ]   CSR: <total>                      141 us
[44.046s][info][gc,stats    ]   CSR: VM Strong Roots                7 us, workers (us):   7, ---, ---, 
[44.046s][info][gc,stats    ]   CSR: CLDG Roots                   135 us, workers (us): 135, ---, ---, 
[44.046s][info][gc,stats    ] Concurrent Evacuation             18318 us
[44.046s][info][gc,stats    ] Pause Init Update Refs (G)          181 us
[44.046s][info][gc,stats    ] Pause Init Update Refs (N)           66 us
[44.046s][info][gc,stats    ]   Manage GCLABs                       3 us
[44.046s][info][gc,stats    ] Concurrent Update Refs            54402 us
[44.046s][info][gc,stats    ] Concurrent Update Thread Roots      793 us
[44.046s][info][gc,stats    ] Pause Final Update Refs (G)         355 us
[44.046s][info][gc,stats    ] Pause Final Update Refs (N)         246 us
[44.046s][info][gc,stats    ]   Update Region States               95 us
[44.046s][info][gc,stats    ]   Trash Collection Set                7 us
[44.046s][info][gc,stats    ]   Rebuild Free Set                   20 us
[44.046s][info][gc,stats    ] Concurrent Cleanup                   48 us
[44.046s][info][gc,stats    ] 
[44.046s][info][gc,stats    ] Allocation pacing accrued:
[44.046s][info][gc,stats    ]       0 of  3546 ms (  0.0%): <total>
[44.046s][info][gc,stats    ]       0 of  3546 ms (  0.0%): <average total>
[44.046s][info][gc,stats    ] 
[44.046s][info][gc,metaspace] Metaspace: 35234K(35904K)->35192K(35904K) NonClass: 28705K(29184K)->28663K(29184K) Class: 6529K(6720K)->6528K(6720K)
[44.046s][info][gc,ergo     ] Pacer for Idle. Initial: 163M, Alloc Tax Rate: 1.0x
[46.538s][info][gc          ] Trigger: Explicit GC request (System.gc())
[46.538s][info][gc,ergo     ] Free: 6136M, Max: 4096K regular, 5628M humongous, Frag: 9% external, 0% internal; Reserve: 412M, Max: 4096K
[46.538s][info][gc,start    ] GC(13) Concurrent reset
[46.538s][info][gc,task     ] GC(13) Using 1 of 3 workers for concurrent reset
[46.538s][info][gc,ergo     ] GC(13) Pacer for Reset. Non-Taxable: 8192M
[46.539s][info][gc          ] GC(13) Concurrent reset 1.732ms
[46.540s][info][gc,start    ] GC(13) Pause Init Mark (unload classes)
[46.540s][info][gc,task     ] GC(13) Using 3 of 3 workers for init marking
[46.540s][info][gc,ref      ] GC(13) Clearing All SoftReferences
[46.540s][info][gc,ergo     ] GC(13) Pacer for Mark. Expected Live: 44313K, Free: 6136M, Non-Taxable: 613M, Alloc Tax Rate: 0.0x
[46.540s][info][gc          ] GC(13) Pause Init Mark (unload classes) 0.190ms
[46.540s][info][gc,start    ] GC(13) Concurrent marking roots
[46.540s][info][gc,task     ] GC(13) Using 1 of 3 workers for concurrent marking roots
[46.541s][info][gc          ] GC(13) Concurrent marking roots 0.600ms
[46.541s][info][gc,start    ] GC(13) Concurrent marking (unload classes)
[46.541s][info][gc,task     ] GC(13) Using 1 of 3 workers for concurrent marking
[46.606s][info][gc          ] GC(13) Concurrent marking (unload classes) 65.693ms
[46.606s][info][gc,start    ] GC(13) Pause Final Mark (unload classes)
[46.606s][info][gc,task     ] GC(13) Using 3 of 3 workers for final marking
[46.607s][info][gc,ergo     ] GC(13) Adaptive CSet Selection. Target Free: 1160M, Actual Free: 7836M, Max CSet: 341M, Min Garbage: 0B
[46.607s][info][gc,ergo     ] GC(13) Collectable Garbage: 1598M (99%), Immediate: 1288M (80%), CSet: 310M (19%)
[46.607s][info][gc,ergo     ] GC(13) Pacer for Evacuation. Used CSet: 328M, Free: 7424M, Non-Taxable: 742M, Alloc Tax Rate: 1.1x
[46.607s][info][gc          ] GC(13) Pause Final Mark (unload classes) 0.299ms
[46.607s][info][gc,start    ] GC(13) Concurrent thread roots
[46.607s][info][gc,task     ] GC(13) Using 1 of 3 workers for Concurrent thread roots
[46.607s][info][gc          ] GC(13) Concurrent thread roots 0.352ms
[46.607s][info][gc,start    ] GC(13) Concurrent weak references
[46.607s][info][gc,task     ] GC(13) Using 1 of 3 workers for concurrent weak references
[46.610s][info][gc,ref      ] GC(13) Encountered references: Soft: 3098, Weak: 7638, Final: 25031, Phantom: 88
[46.610s][info][gc,ref      ] GC(13) Discovered  references: Soft: 70, Weak: 639, Final: 25001, Phantom: 53
[46.610s][info][gc,ref      ] GC(13) Enqueued    references: Soft: 7, Weak: 7, Final: 25000, Phantom: 0
[46.610s][info][gc          ] GC(13) Concurrent weak references 3.169ms
[46.610s][info][gc,start    ] GC(13) Concurrent weak roots
[46.610s][info][gc,task     ] GC(13) Using 1 of 3 workers for concurrent weak root
[46.613s][info][gc          ] GC(13) Concurrent weak roots 2.670ms
[46.613s][info][gc,start    ] GC(13) Concurrent cleanup
[46.613s][info][gc          ] GC(13) Concurrent cleanup 1649M->361M(8192M) 0.040ms
[46.613s][info][gc,ergo     ] GC(13) Free: 7420M, Max: 4096K regular, 6224M humongous, Frag: 17% external, 0% internal; Reserve: 409M, Max: 4096K
[46.613s][info][gc,start    ] GC(13) Concurrent class unloading
[46.613s][info][gc,task     ] GC(13) Using 1 of 3 workers for concurrent class unloading
[46.622s][info][gc          ] GC(13) Concurrent class unloading 9.082ms
[46.622s][info][gc,start    ] GC(13) Concurrent strong roots
[46.622s][info][gc,task     ] GC(13) Using 1 of 3 workers for concurrent strong root
[46.622s][info][gc          ] GC(13) Concurrent strong roots 0.220ms
[46.623s][info][gc,start    ] GC(13) Concurrent evacuation
[46.623s][info][gc,task     ] GC(13) Using 1 of 3 workers for concurrent evacuation
[46.641s][info][gc          ] GC(13) Concurrent evacuation 18.749ms
[46.641s][info][gc,start    ] GC(13) Pause Init Update Refs
[46.641s][info][gc,ergo     ] GC(13) Pacer for Update Refs. Used: 383M, Free: 7420M, Non-Taxable: 742M, Alloc Tax Rate: 1.1x
[46.641s][info][gc          ] GC(13) Pause Init Update Refs 0.062ms
[46.641s][info][gc,start    ] GC(13) Concurrent update references
[46.641s][info][gc,task     ] GC(13) Using 1 of 3 workers for concurrent reference update
[46.676s][info][gc          ] GC(13) Concurrent update references 34.794ms
[46.676s][info][gc,start    ] GC(13) Concurrent update thread roots
[46.677s][info][gc          ] GC(13) Concurrent update thread roots 0.586ms
[46.677s][info][gc,start    ] GC(13) Pause Final Update Refs
[46.677s][info][gc,task     ] GC(13) Using 3 of 3 workers for final reference update
[46.678s][info][gc          ] GC(13) Pause Final Update Refs 0.460ms
[46.678s][info][gc,start    ] GC(13) Concurrent cleanup
[46.678s][info][gc          ] GC(13) Concurrent cleanup 383M->55M(8192M) 0.056ms
[46.678s][info][gc,ergo     ] Free: 7724M, Max: 4096K regular, 6216M humongous, Frag: 20% external, 0% internal; Reserve: 412M, Max: 4096K
[46.678s][info][gc,stats    ] 
[46.678s][info][gc,stats    ] All times are wall-clock times, except per-root-class counters, that are sum over
[46.678s][info][gc,stats    ] all workers. Dividing the <total> over the root stage time estimates parallelism.
[46.678s][info][gc,stats    ] 
[46.678s][info][gc,stats    ] Concurrent Reset                   1806 us
[46.678s][info][gc,stats    ] Pause Init Mark (G)                 364 us
[46.678s][info][gc,stats    ] Pause Init Mark (N)                 199 us
[46.678s][info][gc,stats    ]   Update Region States               80 us
[46.678s][info][gc,stats    ] Concurrent Mark Roots               625 us, parallelism: 0.77x
[46.678s][info][gc,stats    ]   CMR: <total>                      481 us
[46.678s][info][gc,stats    ]   CMR: Thread Roots                 384 us, workers (us): 384, ---, ---, 
[46.678s][info][gc,stats    ]   CMR: VM Strong Roots                8 us, workers (us):   8, ---, ---, 
[46.678s][info][gc,stats    ]   CMR: CLDG Roots                    89 us, workers (us):  89, ---, ---, 
[46.678s][info][gc,stats    ] Concurrent Marking                65784 us
[46.678s][info][gc,stats    ] Pause Final Mark (G)                384 us
[46.678s][info][gc,stats    ] Pause Final Mark (N)                307 us
[46.678s][info][gc,stats    ]   Finish Mark                        85 us
[46.678s][info][gc,stats    ]   Update Region States               89 us
[46.678s][info][gc,stats    ]   Choose Collection Set              39 us
[46.678s][info][gc,stats    ]   Rebuild Free Set                    8 us
[46.678s][info][gc,stats    ] Concurrent Thread Roots             404 us, parallelism: 0.49x
[46.678s][info][gc,stats    ]   CTR: <total>                      198 us
[46.678s][info][gc,stats    ]   CTR: Thread Roots                 198 us, workers (us): 198, ---, ---, 
[46.678s][info][gc,stats    ] Concurrent Weak References         3187 us, parallelism: 0.90x
[46.678s][info][gc,stats    ]   CWRF: <total>                    2879 us
[46.678s][info][gc,stats    ]   CWRF: Weak References            2879 us, workers (us): 2879, ---, ---, 
[46.678s][info][gc,stats    ] Concurrent Weak Roots              2730 us
[46.678s][info][gc,stats    ]   Roots                            2531 us, parallelism: 0.94x
[46.678s][info][gc,stats    ]     CWR: <total>                   2391 us
[46.678s][info][gc,stats    ]     CWR: Code Cache Roots          1678 us, workers (us): 1678, ---, ---, 
[46.678s][info][gc,stats    ]     CWR: VM Weak Roots              698 us, workers (us): 698, ---, ---, 
[46.678s][info][gc,stats    ]     CWR: CLDG Roots                  15 us, workers (us):  15, ---, ---, 
[46.678s][info][gc,stats    ]   Rendezvous                         96 us
[46.678s][info][gc,stats    ] Concurrent Cleanup                   50 us
[46.678s][info][gc,stats    ] Concurrent Class Unloading         9157 us
[46.678s][info][gc,stats    ]   Unlink Stale                     8532 us
[46.678s][info][gc,stats    ]     System Dictionary                20 us
[46.678s][info][gc,stats    ]     Weak Class Links                  0 us
[46.678s][info][gc,stats    ]     Code Roots                     8510 us
[46.678s][info][gc,stats    ]   Rendezvous                         85 us
[46.678s][info][gc,stats    ]   Purge Unlinked                    444 us
[46.678s][info][gc,stats    ]     Code Roots                      430 us
[46.678s][info][gc,stats    ]     CLDG                             14 us
[46.678s][info][gc,stats    ]     Exception Caches                  0 us
[46.678s][info][gc,stats    ] Concurrent Strong Roots             259 us, parallelism: 0.37x
[46.678s][info][gc,stats    ]   CSR: <total>                       97 us
[46.678s][info][gc,stats    ]   CSR: VM Strong Roots                7 us, workers (us):   7, ---, ---, 
[46.678s][info][gc,stats    ]   CSR: CLDG Roots                    90 us, workers (us):  90, ---, ---, 
[46.678s][info][gc,stats    ] Concurrent Evacuation             18796 us
[46.678s][info][gc,stats    ] Pause Init Update Refs (G)          149 us
[46.678s][info][gc,stats    ] Pause Init Update Refs (N)           70 us
[46.678s][info][gc,stats    ]   Manage GCLABs                       3 us
[46.678s][info][gc,stats    ] Concurrent Update Refs            34867 us
[46.678s][info][gc,stats    ] Concurrent Update Thread Roots      625 us
[46.678s][info][gc,stats    ] Pause Final Update Refs (G)         641 us
[46.678s][info][gc,stats    ] Pause Final Update Refs (N)         511 us
[46.678s][info][gc,stats    ]   Update Region States              339 us
[46.678s][info][gc,stats    ]   Trash Collection Set               10 us
[46.678s][info][gc,stats    ]   Rebuild Free Set                   26 us
[46.678s][info][gc,stats    ] Concurrent Cleanup                   66 us
[46.678s][info][gc,stats    ] 
[46.678s][info][gc,stats    ] Allocation pacing accrued:
[46.678s][info][gc,stats    ]       0 of  2632 ms (  0.0%): <total>
[46.678s][info][gc,stats    ]       0 of  2632 ms (  0.0%): <average total>
[46.678s][info][gc,stats    ] 
[46.678s][info][gc,metaspace] Metaspace: 35194K(35904K)->35194K(35904K) NonClass: 28666K(29184K)->28666K(29184K) Class: 6528K(6720K)->6528K(6720K)
[46.678s][info][gc,ergo     ] Pacer for Idle. Initial: 163M, Alloc Tax Rate: 1.0x
[49.934s][info][gc          ] Trigger: Learning 2 of 5. Free (5732M) is below initial threshold (5734M)
[49.934s][info][gc,ergo     ] Free: 5732M, Max: 4096K regular, 5732M humongous, Frag: 0% external, 0% internal; Reserve: 412M, Max: 4096K
[49.934s][info][gc,start    ] GC(14) Concurrent reset
[49.934s][info][gc,task     ] GC(14) Using 1 of 3 workers for concurrent reset
[49.934s][info][gc,ergo     ] GC(14) Pacer for Reset. Non-Taxable: 8192M
[49.936s][info][gc          ] GC(14) Concurrent reset 1.837ms
[49.936s][info][gc,start    ] GC(14) Pause Init Mark (unload classes)
[49.936s][info][gc,task     ] GC(14) Using 3 of 3 workers for init marking
[49.936s][info][gc,ergo     ] GC(14) Pacer for Mark. Expected Live: 44306K, Free: 5728M, Non-Taxable: 572M, Alloc Tax Rate: 0.0x
[49.936s][info][gc          ] GC(14) Pause Init Mark (unload classes) 0.222ms
[49.937s][info][gc,start    ] GC(14) Concurrent marking roots
[49.937s][info][gc,task     ] GC(14) Using 1 of 3 workers for concurrent marking roots
[49.938s][info][gc          ] GC(14) Concurrent marking roots 1.354ms
[49.938s][info][gc,start    ] GC(14) Concurrent marking (unload classes)
[49.938s][info][gc,task     ] GC(14) Using 1 of 3 workers for concurrent marking
[50.003s][info][gc          ] GC(14) Concurrent marking (unload classes) 64.799ms
[50.003s][info][gc,start    ] GC(14) Pause Final Mark (unload classes)
[50.003s][info][gc,task     ] GC(14) Using 3 of 3 workers for final marking
[50.003s][info][gc,ergo     ] GC(14) Adaptive CSet Selection. Target Free: 1160M, Actual Free: 7712M, Max CSet: 341M, Min Garbage: 0B
[50.003s][info][gc,ergo     ] GC(14) Collectable Garbage: 2006M (99%), Immediate: 1648M (82%), CSet: 358M (17%)
[50.003s][info][gc,ergo     ] GC(14) Pacer for Evacuation. Used CSet: 376M, Free: 7300M, Non-Taxable: 730M, Alloc Tax Rate: 1.1x
[50.003s][info][gc          ] GC(14) Pause Final Mark (unload classes) 0.305ms
[50.003s][info][gc,start    ] GC(14) Concurrent thread roots
[50.003s][info][gc,task     ] GC(14) Using 1 of 3 workers for Concurrent thread roots
[50.005s][info][gc          ] GC(14) Concurrent thread roots 1.703ms
[50.005s][info][gc,start    ] GC(14) Concurrent weak references
[50.005s][info][gc,task     ] GC(14) Using 1 of 3 workers for concurrent weak references
[50.008s][info][gc,ref      ] GC(14) Encountered references: Soft: 3098, Weak: 7647, Final: 25034, Phantom: 90
[50.008s][info][gc,ref      ] GC(14) Discovered  references: Soft: 0, Weak: 901, Final: 25004, Phantom: 55
[50.008s][info][gc,ref      ] GC(14) Enqueued    references: Soft: 0, Weak: 7, Final: 25003, Phantom: 0
[50.008s][info][gc          ] GC(14) Concurrent weak references 3.385ms
[50.008s][info][gc,start    ] GC(14) Concurrent weak roots
[50.008s][info][gc,task     ] GC(14) Using 1 of 3 workers for concurrent weak root
[50.011s][info][gc          ] GC(14) Concurrent weak roots 2.924ms
[50.011s][info][gc,start    ] GC(14) Concurrent cleanup
[50.011s][info][gc          ] GC(14) Concurrent cleanup 2141M->493M(8192M) 0.046ms
[50.011s][info][gc,ergo     ] GC(14) Free: 7288M, Max: 4096K regular, 5648M humongous, Frag: 23% external, 0% internal; Reserve: 410M, Max: 4096K
[50.011s][info][gc,start    ] GC(14) Concurrent class unloading
[50.011s][info][gc,task     ] GC(14) Using 1 of 3 workers for concurrent class unloading
[50.027s][info][gc          ] GC(14) Concurrent class unloading 15.267ms
[50.027s][info][gc,start    ] GC(14) Concurrent strong roots
[50.027s][info][gc,task     ] GC(14) Using 1 of 3 workers for concurrent strong root
[50.027s][info][gc          ] GC(14) Concurrent strong roots 0.260ms
[50.027s][info][gc,start    ] GC(14) Concurrent evacuation
[50.027s][info][gc,task     ] GC(14) Using 1 of 3 workers for concurrent evacuation
[50.046s][info][gc          ] GC(14) Concurrent evacuation 19.008ms
[50.046s][info][gc,start    ] GC(14) Pause Init Update Refs
[50.046s][info][gc,ergo     ] GC(14) Pacer for Update Refs. Used: 531M, Free: 7272M, Non-Taxable: 727M, Alloc Tax Rate: 1.1x
[50.046s][info][gc          ] GC(14) Pause Init Update Refs 0.083ms
[50.046s][info][gc,start    ] GC(14) Concurrent update references
[50.046s][info][gc,task     ] GC(14) Using 1 of 3 workers for concurrent reference update
[50.100s][info][gc          ] GC(14) Concurrent update references 53.982ms
[50.100s][info][gc,start    ] GC(14) Concurrent update thread roots
[50.101s][info][gc          ] GC(14) Concurrent update thread roots 0.716ms
[50.101s][info][gc,start    ] GC(14) Pause Final Update Refs
[50.101s][info][gc,task     ] GC(14) Using 3 of 3 workers for final reference update
[50.101s][info][gc          ] GC(14) Pause Final Update Refs 0.145ms
[50.101s][info][gc,start    ] GC(14) Concurrent cleanup
[50.101s][info][gc          ] GC(14) Concurrent cleanup 555M->179M(8192M) 0.037ms
[50.102s][info][gc,ergo     ] Free: 7600M, Max: 4096K regular, 5640M humongous, Frag: 26% external, 0% internal; Reserve: 412M, Max: 4096K
[50.102s][info][gc,stats    ] 
[50.102s][info][gc,stats    ] All times are wall-clock times, except per-root-class counters, that are sum over
[50.102s][info][gc,stats    ] all workers. Dividing the <total> over the root stage time estimates parallelism.
[50.102s][info][gc,stats    ] 
[50.102s][info][gc,stats    ] Concurrent Reset                   1907 us
[50.102s][info][gc,stats    ] Pause Init Mark (G)                 434 us
[50.102s][info][gc,stats    ] Pause Init Mark (N)                 241 us
[50.102s][info][gc,stats    ]   Update Region States               94 us
[50.102s][info][gc,stats    ] Concurrent Mark Roots              1392 us, parallelism: 0.88x
[50.102s][info][gc,stats    ]   CMR: <total>                     1219 us
[50.102s][info][gc,stats    ]   CMR: Thread Roots                1129 us, workers (us): 1129, ---, ---, 
[50.102s][info][gc,stats    ]   CMR: VM Strong Roots                6 us, workers (us):   6, ---, ---, 
[50.102s][info][gc,stats    ]   CMR: CLDG Roots                    84 us, workers (us):  84, ---, ---, 
[50.102s][info][gc,stats    ] Concurrent Marking                64855 us
[50.102s][info][gc,stats    ] Pause Final Mark (G)                395 us
[50.102s][info][gc,stats    ] Pause Final Mark (N)                314 us
[50.102s][info][gc,stats    ]   Finish Mark                       101 us
[50.102s][info][gc,stats    ]   Update Region States               56 us
[50.102s][info][gc,stats    ]   Choose Collection Set              67 us
[50.102s][info][gc,stats    ]   Rebuild Free Set                    8 us
[50.102s][info][gc,stats    ] Concurrent Thread Roots            1738 us, parallelism: 0.90x
[50.102s][info][gc,stats    ]   CTR: <total>                     1563 us
[50.102s][info][gc,stats    ]   CTR: Thread Roots                1563 us, workers (us): 1563, ---, ---, 
[50.102s][info][gc,stats    ] Concurrent Weak References         3407 us, parallelism: 0.90x
[50.102s][info][gc,stats    ]   CWRF: <total>                    3051 us
[50.102s][info][gc,stats    ]   CWRF: Weak References            3051 us, workers (us): 3051, ---, ---, 
[50.102s][info][gc,stats    ] Concurrent Weak Roots              2980 us
[50.102s][info][gc,stats    ]   Roots                            2756 us, parallelism: 0.95x
[50.102s][info][gc,stats    ]     CWR: <total>                   2624 us
[50.102s][info][gc,stats    ]     CWR: Code Cache Roots          1804 us, workers (us): 1804, ---, ---, 
[50.102s][info][gc,stats    ]     CWR: VM Weak Roots              808 us, workers (us): 808, ---, ---, 
[50.102s][info][gc,stats    ]     CWR: CLDG Roots                  13 us, workers (us):  13, ---, ---, 
[50.102s][info][gc,stats    ]   Rendezvous                        122 us
[50.102s][info][gc,stats    ] Concurrent Cleanup                   56 us
[50.102s][info][gc,stats    ] Concurrent Class Unloading        15336 us
[50.102s][info][gc,stats    ]   Unlink Stale                    14654 us
[50.102s][info][gc,stats    ]     System Dictionary               116 us
[50.102s][info][gc,stats    ]     Weak Class Links               4725 us
[50.102s][info][gc,stats    ]     Code Roots                     9811 us
[50.102s][info][gc,stats    ]   Rendezvous                        175 us
[50.102s][info][gc,stats    ]   Purge Unlinked                    417 us
[50.102s][info][gc,stats    ]     Code Roots                      361 us
[50.102s][info][gc,stats    ]     CLDG                             55 us
[50.102s][info][gc,stats    ]     Exception Caches                  0 us
[50.102s][info][gc,stats    ] Concurrent Strong Roots             286 us, parallelism: 0.48x
[50.102s][info][gc,stats    ]   CSR: <total>                      139 us
[50.102s][info][gc,stats    ]   CSR: VM Strong Roots                8 us, workers (us):   8, ---, ---, 
[50.102s][info][gc,stats    ]   CSR: CLDG Roots                   131 us, workers (us): 131, ---, ---, 
[50.102s][info][gc,stats    ] Concurrent Evacuation             19077 us
[50.102s][info][gc,stats    ] Pause Init Update Refs (G)          305 us
[50.102s][info][gc,stats    ] Pause Init Update Refs (N)          101 us
[50.102s][info][gc,stats    ]   Manage GCLABs                       3 us
[50.102s][info][gc,stats    ] Concurrent Update Refs            54070 us
[50.102s][info][gc,stats    ] Concurrent Update Thread Roots      735 us
[50.102s][info][gc,stats    ] Pause Final Update Refs (G)         260 us
[50.102s][info][gc,stats    ] Pause Final Update Refs (N)         165 us
[50.102s][info][gc,stats    ]   Update Region States               71 us
[50.102s][info][gc,stats    ]   Trash Collection Set                4 us
[50.102s][info][gc,stats    ]   Rebuild Free Set                   11 us
[50.102s][info][gc,stats    ] Concurrent Cleanup                   47 us
[50.102s][info][gc,stats    ] 
[50.102s][info][gc,stats    ] Allocation pacing accrued:
[50.102s][info][gc,stats    ]       0 of  3424 ms (  0.0%): <total>
[50.102s][info][gc,stats    ]       0 of  3424 ms (  0.0%): <average total>
[50.102s][info][gc,stats    ] 
[50.102s][info][gc,metaspace] Metaspace: 35462K(36160K)->35420K(36160K) NonClass: 28933K(29440K)->28891K(29440K) Class: 6529K(6720K)->6528K(6720K)
[50.102s][info][gc,ergo     ] Pacer for Idle. Initial: 163M, Alloc Tax Rate: 1.0x
[52.318s][info][gc          ] Trigger: Explicit GC request (System.gc())
[52.318s][info][gc,ergo     ] Free: 6116M, Max: 4096K regular, 5640M humongous, Frag: 8% external, 0% internal; Reserve: 412M, Max: 4096K
[52.319s][info][gc,start    ] GC(15) Concurrent reset
[52.319s][info][gc,task     ] GC(15) Using 1 of 3 workers for concurrent reset
[52.319s][info][gc,ergo     ] GC(15) Pacer for Reset. Non-Taxable: 8192M
[52.321s][info][gc          ] GC(15) Concurrent reset 2.067ms
[52.321s][info][gc,start    ] GC(15) Pause Init Mark (unload classes)
[52.321s][info][gc,task     ] GC(15) Using 3 of 3 workers for init marking
[52.321s][info][gc,ref      ] GC(15) Clearing All SoftReferences
[52.321s][info][gc,ergo     ] GC(15) Pacer for Mark. Expected Live: 44315K, Free: 6116M, Non-Taxable: 611M, Alloc Tax Rate: 0.0x
[52.321s][info][gc          ] GC(15) Pause Init Mark (unload classes) 0.191ms
[52.321s][info][gc,start    ] GC(15) Concurrent marking roots
[52.321s][info][gc,task     ] GC(15) Using 1 of 3 workers for concurrent marking roots
[52.321s][info][gc          ] GC(15) Concurrent marking roots 0.504ms
[52.321s][info][gc,start    ] GC(15) Concurrent marking (unload classes)
[52.321s][info][gc,task     ] GC(15) Using 1 of 3 workers for concurrent marking
[52.387s][info][gc          ] GC(15) Concurrent marking (unload classes) 65.118ms
[52.387s][info][gc,start    ] GC(15) Pause Final Mark (unload classes)
[52.387s][info][gc,task     ] GC(15) Using 3 of 3 workers for final marking
[52.387s][info][gc,ergo     ] GC(15) Adaptive CSet Selection. Target Free: 1160M, Actual Free: 7835M, Max CSet: 341M, Min Garbage: 0B
[52.387s][info][gc,ergo     ] GC(15) Collectable Garbage: 1618M (99%), Immediate: 1307M (80%), CSet: 310M (19%)
[52.387s][info][gc,ergo     ] GC(15) Pacer for Evacuation. Used CSet: 327M, Free: 7424M, Non-Taxable: 742M, Alloc Tax Rate: 1.1x
[52.387s][info][gc          ] GC(15) Pause Final Mark (unload classes) 0.585ms
[52.387s][info][gc,start    ] GC(15) Concurrent thread roots
[52.387s][info][gc,task     ] GC(15) Using 1 of 3 workers for Concurrent thread roots
[52.388s][info][gc          ] GC(15) Concurrent thread roots 0.307ms
[52.388s][info][gc,start    ] GC(15) Concurrent weak references
[52.388s][info][gc,task     ] GC(15) Using 1 of 3 workers for concurrent weak references
[52.390s][info][gc,ref      ] GC(15) Encountered references: Soft: 3098, Weak: 7650, Final: 25031, Phantom: 88
[52.391s][info][gc,ref      ] GC(15) Discovered  references: Soft: 71, Weak: 647, Final: 25001, Phantom: 53
[52.391s][info][gc,ref      ] GC(15) Enqueued    references: Soft: 7, Weak: 7, Final: 25000, Phantom: 0
[52.391s][info][gc          ] GC(15) Concurrent weak references 2.898ms
[52.391s][info][gc,start    ] GC(15) Concurrent weak roots
[52.391s][info][gc,task     ] GC(15) Using 1 of 3 workers for concurrent weak root
[52.393s][info][gc          ] GC(15) Concurrent weak roots 2.787ms
[52.393s][info][gc,start    ] GC(15) Concurrent cleanup
[52.394s][info][gc          ] GC(15) Concurrent cleanup 1669M->361M(8192M) 0.083ms
[52.394s][info][gc,ergo     ] GC(15) Free: 7420M, Max: 4096K regular, 6208M humongous, Frag: 17% external, 0% internal; Reserve: 409M, Max: 4096K
[52.394s][info][gc,start    ] GC(15) Concurrent class unloading
[52.394s][info][gc,task     ] GC(15) Using 1 of 3 workers for concurrent class unloading
[52.404s][info][gc          ] GC(15) Concurrent class unloading 10.475ms
[52.404s][info][gc,start    ] GC(15) Concurrent strong roots
[52.404s][info][gc,task     ] GC(15) Using 1 of 3 workers for concurrent strong root
[52.405s][info][gc          ] GC(15) Concurrent strong roots 0.363ms
[52.405s][info][gc,start    ] GC(15) Concurrent evacuation
[52.405s][info][gc,task     ] GC(15) Using 1 of 3 workers for concurrent evacuation
[52.423s][info][gc          ] GC(15) Concurrent evacuation 18.095ms
[52.423s][info][gc,start    ] GC(15) Pause Init Update Refs
[52.423s][info][gc,ergo     ] GC(15) Pacer for Update Refs. Used: 383M, Free: 7420M, Non-Taxable: 742M, Alloc Tax Rate: 1.1x
[52.423s][info][gc          ] GC(15) Pause Init Update Refs 0.106ms
[52.423s][info][gc,start    ] GC(15) Concurrent update references
[52.423s][info][gc,task     ] GC(15) Using 1 of 3 workers for concurrent reference update
[52.457s][info][gc          ] GC(15) Concurrent update references 34.221ms
[52.457s][info][gc,start    ] GC(15) Concurrent update thread roots
[52.458s][info][gc          ] GC(15) Concurrent update thread roots 0.572ms
[52.458s][info][gc,start    ] GC(15) Pause Final Update Refs
[52.458s][info][gc,task     ] GC(15) Using 3 of 3 workers for final reference update
[52.458s][info][gc          ] GC(15) Pause Final Update Refs 0.209ms
[52.458s][info][gc,start    ] GC(15) Concurrent cleanup
[52.458s][info][gc          ] GC(15) Concurrent cleanup 383M->55M(8192M) 0.036ms
[52.458s][info][gc,ergo     ] Free: 7724M, Max: 4096K regular, 6200M humongous, Frag: 20% external, 0% internal; Reserve: 412M, Max: 4096K
[52.458s][info][gc,stats    ] 
[52.458s][info][gc,stats    ] All times are wall-clock times, except per-root-class counters, that are sum over
[52.458s][info][gc,stats    ] all workers. Dividing the <total> over the root stage time estimates parallelism.
[52.458s][info][gc,stats    ] 
[52.458s][info][gc,stats    ] Concurrent Reset                   2125 us
[52.458s][info][gc,stats    ] Pause Init Mark (G)                 301 us
[52.458s][info][gc,stats    ] Pause Init Mark (N)                 200 us
[52.458s][info][gc,stats    ]   Update Region States               74 us
[52.458s][info][gc,stats    ] Concurrent Mark Roots               522 us, parallelism: 0.76x
[52.458s][info][gc,stats    ]   CMR: <total>                      399 us
[52.458s][info][gc,stats    ]   CMR: Thread Roots                 324 us, workers (us): 324, ---, ---, 
[52.458s][info][gc,stats    ]   CMR: VM Strong Roots                8 us, workers (us):   8, ---, ---, 
[52.458s][info][gc,stats    ]   CMR: CLDG Roots                    67 us, workers (us):  67, ---, ---, 
[52.458s][info][gc,stats    ] Concurrent Marking                65186 us
[52.458s][info][gc,stats    ] Pause Final Mark (G)                740 us
[52.458s][info][gc,stats    ] Pause Final Mark (N)                607 us
[52.458s][info][gc,stats    ]   Finish Mark                       177 us
[52.458s][info][gc,stats    ]   Update Region States              132 us
[52.458s][info][gc,stats    ]   Choose Collection Set             122 us
[52.458s][info][gc,stats    ]   Rebuild Free Set                   22 us
[52.458s][info][gc,stats    ] Concurrent Thread Roots             325 us, parallelism: 0.64x
[52.458s][info][gc,stats    ]   CTR: <total>                      208 us
[52.458s][info][gc,stats    ]   CTR: Thread Roots                 208 us, workers (us): 208, ---, ---, 
[52.458s][info][gc,stats    ] Concurrent Weak References         2915 us, parallelism: 0.92x
[52.458s][info][gc,stats    ]   CWRF: <total>                    2693 us
[52.458s][info][gc,stats    ]   CWRF: Weak References            2693 us, workers (us): 2693, ---, ---, 
[52.459s][info][gc,stats    ] Concurrent Weak Roots              2826 us
[52.459s][info][gc,stats    ]   Roots                            2641 us, parallelism: 0.93x
[52.459s][info][gc,stats    ]     CWR: <total>                   2445 us
[52.459s][info][gc,stats    ]     CWR: Code Cache Roots          1641 us, workers (us): 1641, ---, ---, 
[52.459s][info][gc,stats    ]     CWR: VM Weak Roots              792 us, workers (us): 792, ---, ---, 
[52.459s][info][gc,stats    ]     CWR: CLDG Roots                  13 us, workers (us):  13, ---, ---, 
[52.459s][info][gc,stats    ]   Rendezvous                        109 us
[52.459s][info][gc,stats    ] Concurrent Cleanup                  106 us
[52.459s][info][gc,stats    ] Concurrent Class Unloading        10542 us
[52.459s][info][gc,stats    ]   Unlink Stale                     9878 us
[52.459s][info][gc,stats    ]     System Dictionary                22 us
[52.459s][info][gc,stats    ]     Weak Class Links                  0 us
[52.459s][info][gc,stats    ]     Code Roots                     9854 us
[52.459s][info][gc,stats    ]   Rendezvous                        263 us
[52.459s][info][gc,stats    ]   Purge Unlinked                    287 us
[52.459s][info][gc,stats    ]     Code Roots                      276 us
[52.459s][info][gc,stats    ]     CLDG                             11 us
[52.459s][info][gc,stats    ]     Exception Caches                  0 us
[52.459s][info][gc,stats    ] Concurrent Strong Roots             402 us, parallelism: 0.45x
[52.459s][info][gc,stats    ]   CSR: <total>                      181 us
[52.459s][info][gc,stats    ]   CSR: VM Strong Roots                8 us, workers (us):   8, ---, ---, 
[52.459s][info][gc,stats    ]   CSR: CLDG Roots                   173 us, workers (us): 173, ---, ---, 
[52.459s][info][gc,stats    ] Concurrent Evacuation             18166 us
[52.459s][info][gc,stats    ] Pause Init Update Refs (G)          311 us
[52.459s][info][gc,stats    ] Pause Init Update Refs (N)          128 us
[52.459s][info][gc,stats    ]   Manage GCLABs                       4 us
[52.459s][info][gc,stats    ] Concurrent Update Refs            34293 us
[52.459s][info][gc,stats    ] Concurrent Update Thread Roots      591 us
[52.459s][info][gc,stats    ] Pause Final Update Refs (G)         298 us
[52.459s][info][gc,stats    ] Pause Final Update Refs (N)         236 us
[52.459s][info][gc,stats    ]   Update Region States               86 us
[52.459s][info][gc,stats    ]   Trash Collection Set                9 us
[52.459s][info][gc,stats    ]   Rebuild Free Set                   31 us
[52.459s][info][gc,stats    ] Concurrent Cleanup                   46 us
[52.459s][info][gc,stats    ] 
[52.459s][info][gc,stats    ] Allocation pacing accrued:
[52.459s][info][gc,stats    ]       0 of  2357 ms (  0.0%): <total>
[52.459s][info][gc,stats    ]       0 of  2357 ms (  0.0%): <average total>
[52.459s][info][gc,stats    ] 
[52.459s][info][gc,metaspace] Metaspace: 35451K(36160K)->35451K(36160K) NonClass: 28923K(29440K)->28923K(29440K) Class: 6528K(6720K)->6528K(6720K)
[52.459s][info][gc,ergo     ] Pacer for Idle. Initial: 163M, Alloc Tax Rate: 1.0x
[55.448s][info][gc          ] Trigger: Learning 2 of 5. Free (5724M) is below initial threshold (5734M)
[55.448s][info][gc,ergo     ] Free: 5724M, Max: 4096K regular, 5724M humongous, Frag: 0% external, 0% internal; Reserve: 412M, Max: 4096K
[55.448s][info][gc,start    ] GC(16) Concurrent reset
[55.448s][info][gc,task     ] GC(16) Using 1 of 3 workers for concurrent reset
[55.448s][info][gc,ergo     ] GC(16) Pacer for Reset. Non-Taxable: 8192M
[55.449s][info][gc          ] GC(16) Concurrent reset 1.485ms
[55.449s][info][gc,start    ] GC(16) Pause Init Mark (unload classes)
[55.450s][info][gc,task     ] GC(16) Using 3 of 3 workers for init marking
[55.450s][info][gc,ergo     ] GC(16) Pacer for Mark. Expected Live: 44308K, Free: 5724M, Non-Taxable: 572M, Alloc Tax Rate: 0.0x
[55.450s][info][gc          ] GC(16) Pause Init Mark (unload classes) 0.151ms
[55.450s][info][gc,start    ] GC(16) Concurrent marking roots
[55.450s][info][gc,task     ] GC(16) Using 1 of 3 workers for concurrent marking roots
[55.451s][info][gc          ] GC(16) Concurrent marking roots 1.362ms
[55.451s][info][gc,start    ] GC(16) Concurrent marking (unload classes)
[55.451s][info][gc,task     ] GC(16) Using 1 of 3 workers for concurrent marking
[55.518s][info][gc          ] GC(16) Concurrent marking (unload classes) 66.794ms
[55.518s][info][gc,start    ] GC(16) Pause Final Mark (unload classes)
[55.518s][info][gc,task     ] GC(16) Using 3 of 3 workers for final marking
[55.518s][info][gc,ergo     ] GC(16) Adaptive CSet Selection. Target Free: 1160M, Actual Free: 7708M, Max CSet: 341M, Min Garbage: 0B
[55.518s][info][gc,ergo     ] GC(16) Collectable Garbage: 2010M (99%), Immediate: 1652M (82%), CSet: 358M (17%)
[55.518s][info][gc,ergo     ] GC(16) Pacer for Evacuation. Used CSet: 376M, Free: 7296M, Non-Taxable: 729M, Alloc Tax Rate: 1.1x
[55.518s][info][gc          ] GC(16) Pause Final Mark (unload classes) 0.451ms
[55.519s][info][gc,start    ] GC(16) Concurrent thread roots
[55.519s][info][gc,task     ] GC(16) Using 1 of 3 workers for Concurrent thread roots
[55.520s][info][gc          ] GC(16) Concurrent thread roots 1.045ms
[55.520s][info][gc,start    ] GC(16) Concurrent weak references
[55.520s][info][gc,task     ] GC(16) Using 1 of 3 workers for concurrent weak references
[55.523s][info][gc,ref      ] GC(16) Encountered references: Soft: 3098, Weak: 7661, Final: 25034, Phantom: 90
[55.523s][info][gc,ref      ] GC(16) Discovered  references: Soft: 0, Weak: 692, Final: 25004, Phantom: 55
[55.523s][info][gc,ref      ] GC(16) Enqueued    references: Soft: 0, Weak: 7, Final: 25003, Phantom: 0
[55.523s][info][gc          ] GC(16) Concurrent weak references 3.311ms
[55.523s][info][gc,start    ] GC(16) Concurrent weak roots
[55.523s][info][gc,task     ] GC(16) Using 1 of 3 workers for concurrent weak root
[55.526s][info][gc          ] GC(16) Concurrent weak roots 2.785ms
[55.526s][info][gc,start    ] GC(16) Concurrent cleanup
[55.526s][info][gc          ] GC(16) Concurrent cleanup 2145M->493M(8192M) 0.046ms
[55.526s][info][gc,ergo     ] GC(16) Free: 7288M, Max: 4096K regular, 5644M humongous, Frag: 23% external, 0% internal; Reserve: 410M, Max: 4096K
[55.526s][info][gc,start    ] GC(16) Concurrent class unloading
[55.526s][info][gc,task     ] GC(16) Using 1 of 3 workers for concurrent class unloading
[55.543s][info][gc          ] GC(16) Concurrent class unloading 17.131ms
[55.543s][info][gc,start    ] GC(16) Concurrent strong roots
[55.543s][info][gc,task     ] GC(16) Using 1 of 3 workers for concurrent strong root
[55.543s][info][gc          ] GC(16) Concurrent strong roots 0.216ms
[55.543s][info][gc,start    ] GC(16) Concurrent evacuation
[55.543s][info][gc,task     ] GC(16) Using 1 of 3 workers for concurrent evacuation
[55.562s][info][gc          ] GC(16) Concurrent evacuation 18.207ms
[55.562s][info][gc,start    ] GC(16) Pause Init Update Refs
[55.562s][info][gc,ergo     ] GC(16) Pacer for Update Refs. Used: 527M, Free: 7276M, Non-Taxable: 727M, Alloc Tax Rate: 1.1x
[55.562s][info][gc          ] GC(16) Pause Init Update Refs 0.088ms
[55.562s][info][gc,start    ] GC(16) Concurrent update references
[55.562s][info][gc,task     ] GC(16) Using 1 of 3 workers for concurrent reference update
[55.615s][info][gc          ] GC(16) Concurrent update references 53.008ms
[55.615s][info][gc,start    ] GC(16) Concurrent update thread roots
[55.616s][info][gc          ] GC(16) Concurrent update thread roots 0.777ms
[55.616s][info][gc,start    ] GC(16) Pause Final Update Refs
[55.616s][info][gc,task     ] GC(16) Using 3 of 3 workers for final reference update
[55.616s][info][gc          ] GC(16) Pause Final Update Refs 0.130ms
[55.616s][info][gc,start    ] GC(16) Concurrent cleanup
[55.616s][info][gc          ] GC(16) Concurrent cleanup 551M->175M(8192M) 0.036ms
[55.616s][info][gc,ergo     ] Free: 7604M, Max: 4096K regular, 5636M humongous, Frag: 26% external, 0% internal; Reserve: 412M, Max: 4096K
[55.616s][info][gc,stats    ] 
[55.616s][info][gc,stats    ] All times are wall-clock times, except per-root-class counters, that are sum over
[55.616s][info][gc,stats    ] all workers. Dividing the <total> over the root stage time estimates parallelism.
[55.616s][info][gc,stats    ] 
[55.616s][info][gc,stats    ] Concurrent Reset                   1529 us
[55.616s][info][gc,stats    ] Pause Init Mark (G)                 334 us
[55.616s][info][gc,stats    ] Pause Init Mark (N)                 168 us
[55.616s][info][gc,stats    ]   Update Region States               56 us
[55.616s][info][gc,stats    ] Concurrent Mark Roots              1384 us, parallelism: 0.92x
[55.616s][info][gc,stats    ]   CMR: <total>                     1267 us
[55.616s][info][gc,stats    ]   CMR: Thread Roots                1215 us, workers (us): 1215, ---, ---, 
[55.616s][info][gc,stats    ]   CMR: VM Strong Roots                4 us, workers (us):   4, ---, ---, 
[55.616s][info][gc,stats    ]   CMR: CLDG Roots                    48 us, workers (us):  48, ---, ---, 
[55.616s][info][gc,stats    ] Concurrent Marking                66882 us
[55.616s][info][gc,stats    ] Pause Final Mark (G)                581 us
[55.616s][info][gc,stats    ] Pause Final Mark (N)                469 us
[55.616s][info][gc,stats    ]   Finish Mark                       137 us
[55.616s][info][gc,stats    ]   Update Region States               90 us
[55.616s][info][gc,stats    ]   Choose Collection Set              95 us
[55.616s][info][gc,stats    ]   Rebuild Free Set                   17 us
[55.616s][info][gc,stats    ] Concurrent Thread Roots            1083 us, parallelism: 0.89x
[55.616s][info][gc,stats    ]   CTR: <total>                      962 us
[55.616s][info][gc,stats    ]   CTR: Thread Roots                 962 us, workers (us): 962, ---, ---, 
[55.616s][info][gc,stats    ] Concurrent Weak References         3332 us, parallelism: 0.92x
[55.616s][info][gc,stats    ]   CWRF: <total>                    3077 us
[55.616s][info][gc,stats    ]   CWRF: Weak References            3077 us, workers (us): 3077, ---, ---, 
[55.616s][info][gc,stats    ] Concurrent Weak Roots              2841 us
[55.616s][info][gc,stats    ]   Roots                            2672 us, parallelism: 0.97x
[55.616s][info][gc,stats    ]     CWR: <total>                   2583 us
[55.616s][info][gc,stats    ]     CWR: Code Cache Roots          1912 us, workers (us): 1912, ---, ---, 
[55.616s][info][gc,stats    ]     CWR: VM Weak Roots              656 us, workers (us): 656, ---, ---, 
[55.616s][info][gc,stats    ]     CWR: CLDG Roots                  14 us, workers (us):  14, ---, ---, 
[55.616s][info][gc,stats    ]   Rendezvous                         70 us
[55.616s][info][gc,stats    ] Concurrent Cleanup                   55 us
[55.616s][info][gc,stats    ] Concurrent Class Unloading        17182 us
[55.616s][info][gc,stats    ]   Unlink Stale                    16555 us
[55.616s][info][gc,stats    ]     System Dictionary               124 us
[55.616s][info][gc,stats    ]     Weak Class Links               5487 us
[55.616s][info][gc,stats    ]     Code Roots                    10942 us
[55.616s][info][gc,stats    ]   Rendezvous                        141 us
[55.616s][info][gc,stats    ]   Purge Unlinked                    415 us
[55.616s][info][gc,stats    ]     Code Roots                      374 us
[55.616s][info][gc,stats    ]     CLDG                             40 us
[55.616s][info][gc,stats    ]     Exception Caches                  0 us
[55.616s][info][gc,stats    ] Concurrent Strong Roots             234 us, parallelism: 0.58x
[55.616s][info][gc,stats    ]   CSR: <total>                      137 us
[55.616s][info][gc,stats    ]   CSR: VM Strong Roots                6 us, workers (us):   6, ---, ---, 
[55.616s][info][gc,stats    ]   CSR: CLDG Roots                   131 us, workers (us): 131, ---, ---, 
[55.616s][info][gc,stats    ] Concurrent Evacuation             18288 us
[55.616s][info][gc,stats    ] Pause Init Update Refs (G)          237 us
[55.616s][info][gc,stats    ] Pause Init Update Refs (N)          105 us
[55.616s][info][gc,stats    ]   Manage GCLABs                       5 us
[55.616s][info][gc,stats    ] Concurrent Update Refs            53075 us
[55.616s][info][gc,stats    ] Concurrent Update Thread Roots      817 us
[55.616s][info][gc,stats    ] Pause Final Update Refs (G)         233 us
[55.616s][info][gc,stats    ] Pause Final Update Refs (N)         141 us
[55.616s][info][gc,stats    ]   Update Region States               59 us
[55.616s][info][gc,stats    ]   Trash Collection Set                4 us
[55.616s][info][gc,stats    ]   Rebuild Free Set                   12 us
[55.616s][info][gc,stats    ] Concurrent Cleanup                   45 us
[55.616s][info][gc,stats    ] 
[55.616s][info][gc,stats    ] Allocation pacing accrued:
[55.616s][info][gc,stats    ]       0 of  3158 ms (  0.0%): <total>
[55.616s][info][gc,stats    ]       0 of  3158 ms (  0.0%): <average total>
[55.616s][info][gc,stats    ] 
[55.616s][info][gc,metaspace] Metaspace: 35546K(36224K)->35503K(36224K) NonClass: 29017K(29504K)->28975K(29504K) Class: 6529K(6720K)->6528K(6720K)
[55.616s][info][gc,ergo     ] Pacer for Idle. Initial: 163M, Alloc Tax Rate: 1.0x
[57.762s][info][gc          ] Trigger: Explicit GC request (System.gc())
[57.762s][info][gc,ergo     ] Free: 6120M, Max: 4096K regular, 5636M humongous, Frag: 8% external, 0% internal; Reserve: 412M, Max: 4096K
[57.762s][info][gc,start    ] GC(17) Concurrent reset
[57.762s][info][gc,task     ] GC(17) Using 1 of 3 workers for concurrent reset
[57.762s][info][gc,ergo     ] GC(17) Pacer for Reset. Non-Taxable: 8192M
[57.764s][info][gc          ] GC(17) Concurrent reset 1.692ms
[57.764s][info][gc,start    ] GC(17) Pause Init Mark (unload classes)
[57.764s][info][gc,task     ] GC(17) Using 3 of 3 workers for init marking
[57.764s][info][gc,ref      ] GC(17) Clearing All SoftReferences
[57.764s][info][gc,ergo     ] GC(17) Pacer for Mark. Expected Live: 44317K, Free: 6120M, Non-Taxable: 612M, Alloc Tax Rate: 0.0x
[57.764s][info][gc          ] GC(17) Pause Init Mark (unload classes) 0.153ms
[57.764s][info][gc,start    ] GC(17) Concurrent marking roots
[57.764s][info][gc,task     ] GC(17) Using 1 of 3 workers for concurrent marking roots
[57.764s][info][gc          ] GC(17) Concurrent marking roots 0.369ms
[57.764s][info][gc,start    ] GC(17) Concurrent marking (unload classes)
[57.764s][info][gc,task     ] GC(17) Using 1 of 3 workers for concurrent marking
[57.833s][info][gc          ] GC(17) Concurrent marking (unload classes) 68.549ms
[57.833s][info][gc,start    ] GC(17) Pause Final Mark (unload classes)
[57.833s][info][gc,task     ] GC(17) Using 3 of 3 workers for final marking
[57.833s][info][gc,ergo     ] GC(17) Adaptive CSet Selection. Target Free: 1160M, Actual Free: 7839M, Max CSet: 341M, Min Garbage: 0B
[57.833s][info][gc,ergo     ] GC(17) Collectable Garbage: 1614M (99%), Immediate: 1307M (80%), CSet: 306M (18%)
[57.833s][info][gc,ergo     ] GC(17) Pacer for Evacuation. Used CSet: 323M, Free: 7428M, Non-Taxable: 742M, Alloc Tax Rate: 1.1x
[57.833s][info][gc          ] GC(17) Pause Final Mark (unload classes) 0.338ms
[57.834s][info][gc,start    ] GC(17) Concurrent thread roots
[57.834s][info][gc,task     ] GC(17) Using 1 of 3 workers for Concurrent thread roots
[57.834s][info][gc          ] GC(17) Concurrent thread roots 0.364ms
[57.834s][info][gc,start    ] GC(17) Concurrent weak references
[57.834s][info][gc,task     ] GC(17) Using 1 of 3 workers for concurrent weak references
[57.837s][info][gc,ref      ] GC(17) Encountered references: Soft: 3099, Weak: 7661, Final: 25031, Phantom: 88
[57.837s][info][gc,ref      ] GC(17) Discovered  references: Soft: 71, Weak: 637, Final: 25001, Phantom: 53
[57.837s][info][gc,ref      ] GC(17) Enqueued    references: Soft: 8, Weak: 7, Final: 25000, Phantom: 0
[57.837s][info][gc          ] GC(17) Concurrent weak references 3.264ms
[57.837s][info][gc,start    ] GC(17) Concurrent weak roots
[57.837s][info][gc,task     ] GC(17) Using 1 of 3 workers for concurrent weak root
[57.840s][info][gc          ] GC(17) Concurrent weak roots 3.240ms
[57.841s][info][gc,start    ] GC(17) Concurrent cleanup
[57.841s][info][gc          ] GC(17) Concurrent cleanup 1666M->358M(8192M) 0.073ms
[57.841s][info][gc,ergo     ] GC(17) Free: 7424M, Max: 4096K regular, 6212M humongous, Frag: 17% external, 0% internal; Reserve: 408M, Max: 4096K
[57.841s][info][gc,start    ] GC(17) Concurrent class unloading
[57.841s][info][gc,task     ] GC(17) Using 1 of 3 workers for concurrent class unloading
[57.853s][info][gc          ] GC(17) Concurrent class unloading 12.425ms
[57.853s][info][gc,start    ] GC(17) Concurrent strong roots
[57.853s][info][gc,task     ] GC(17) Using 1 of 3 workers for concurrent strong root
[57.853s][info][gc          ] GC(17) Concurrent strong roots 0.217ms
[57.853s][info][gc,start    ] GC(17) Concurrent evacuation
[57.853s][info][gc,task     ] GC(17) Using 1 of 3 workers for concurrent evacuation
[57.871s][info][gc          ] GC(17) Concurrent evacuation 18.056ms
[57.872s][info][gc,start    ] GC(17) Pause Init Update Refs
[57.872s][info][gc,ergo     ] GC(17) Pacer for Update Refs. Used: 379M, Free: 7424M, Non-Taxable: 742M, Alloc Tax Rate: 1.1x
[57.872s][info][gc          ] GC(17) Pause Init Update Refs 0.110ms
[57.872s][info][gc,start    ] GC(17) Concurrent update references
[57.872s][info][gc,task     ] GC(17) Using 1 of 3 workers for concurrent reference update
[57.906s][info][gc          ] GC(17) Concurrent update references 34.135ms
[57.906s][info][gc,start    ] GC(17) Concurrent update thread roots
[57.907s][info][gc          ] GC(17) Concurrent update thread roots 0.564ms
[57.907s][info][gc,start    ] GC(17) Pause Final Update Refs
[57.907s][info][gc,task     ] GC(17) Using 3 of 3 workers for final reference update
[57.907s][info][gc          ] GC(17) Pause Final Update Refs 0.242ms
[57.907s][info][gc,start    ] GC(17) Concurrent cleanup
[57.907s][info][gc          ] GC(17) Concurrent cleanup 379M->55M(8192M) 0.035ms
[57.907s][info][gc,ergo     ] Free: 7724M, Max: 4096K regular, 6204M humongous, Frag: 20% external, 0% internal; Reserve: 412M, Max: 4096K
[57.907s][info][gc,stats    ] 
[57.907s][info][gc,stats    ] All times are wall-clock times, except per-root-class counters, that are sum over
[57.907s][info][gc,stats    ] all workers. Dividing the <total> over the root stage time estimates parallelism.
[57.907s][info][gc,stats    ] 
[57.907s][info][gc,stats    ] Concurrent Reset                   1756 us
[57.907s][info][gc,stats    ] Pause Init Mark (G)                 258 us
[57.907s][info][gc,stats    ] Pause Init Mark (N)                 161 us
[57.907s][info][gc,stats    ]   Update Region States               42 us
[57.907s][info][gc,stats    ] Concurrent Mark Roots               383 us, parallelism: 0.74x
[57.907s][info][gc,stats    ]   CMR: <total>                      284 us
[57.907s][info][gc,stats    ]   CMR: Thread Roots                 219 us, workers (us): 219, ---, ---, 
[57.907s][info][gc,stats    ]   CMR: VM Strong Roots                6 us, workers (us):   6, ---, ---, 
[57.907s][info][gc,stats    ]   CMR: CLDG Roots                    59 us, workers (us):  59, ---, ---, 
[57.907s][info][gc,stats    ] Concurrent Marking                68624 us
[57.907s][info][gc,stats    ] Pause Final Mark (G)                463 us
[57.907s][info][gc,stats    ] Pause Final Mark (N)                349 us
[57.907s][info][gc,stats    ]   Finish Mark                       107 us
[57.907s][info][gc,stats    ]   Update Region States               70 us
[57.907s][info][gc,stats    ]   Choose Collection Set              58 us
[57.907s][info][gc,stats    ]   Rebuild Free Set                    8 us
[57.907s][info][gc,stats    ] Concurrent Thread Roots             385 us, parallelism: 0.69x
[57.907s][info][gc,stats    ]   CTR: <total>                      264 us
[57.907s][info][gc,stats    ]   CTR: Thread Roots                 264 us, workers (us): 264, ---, ---, 
[57.907s][info][gc,stats    ] Concurrent Weak References         3282 us, parallelism: 0.86x
[57.907s][info][gc,stats    ]   CWRF: <total>                    2821 us
[57.907s][info][gc,stats    ]   CWRF: Weak References            2821 us, workers (us): 2821, ---, ---, 
[57.907s][info][gc,stats    ] Concurrent Weak Roots              3315 us
[57.907s][info][gc,stats    ]   Roots                            3068 us, parallelism: 0.95x
[57.907s][info][gc,stats    ]     CWR: <total>                   2928 us
[57.907s][info][gc,stats    ]     CWR: Code Cache Roots          1996 us, workers (us): 1996, ---, ---, 
[57.907s][info][gc,stats    ]     CWR: VM Weak Roots              917 us, workers (us): 917, ---, ---, 
[57.907s][info][gc,stats    ]     CWR: CLDG Roots                  15 us, workers (us):  15, ---, ---, 
[57.907s][info][gc,stats    ]   Rendezvous                        131 us
[57.907s][info][gc,stats    ] Concurrent Cleanup                   91 us
[57.907s][info][gc,stats    ] Concurrent Class Unloading        12476 us
[57.907s][info][gc,stats    ]   Unlink Stale                    12021 us
[57.907s][info][gc,stats    ]     System Dictionary                22 us
[57.907s][info][gc,stats    ]     Weak Class Links                  0 us
[57.907s][info][gc,stats    ]     Code Roots                    11998 us
[57.907s][info][gc,stats    ]   Rendezvous                        101 us
[57.907s][info][gc,stats    ]   Purge Unlinked                    258 us
[57.907s][info][gc,stats    ]     Code Roots                      252 us
[57.907s][info][gc,stats    ]     CLDG                              6 us
[57.907s][info][gc,stats    ]     Exception Caches                  0 us
[57.907s][info][gc,stats    ] Concurrent Strong Roots             256 us, parallelism: 0.36x
[57.907s][info][gc,stats    ]   CSR: <total>                       93 us
[57.907s][info][gc,stats    ]   CSR: VM Strong Roots                4 us, workers (us):   4, ---, ---, 
[57.907s][info][gc,stats    ]   CSR: CLDG Roots                    88 us, workers (us):  88, ---, ---, 
[57.907s][info][gc,stats    ] Concurrent Evacuation             18126 us
[57.907s][info][gc,stats    ] Pause Init Update Refs (G)          269 us
[57.907s][info][gc,stats    ] Pause Init Update Refs (N)          132 us
[57.907s][info][gc,stats    ]   Manage GCLABs                       5 us
[57.907s][info][gc,stats    ] Concurrent Update Refs            34203 us
[57.907s][info][gc,stats    ] Concurrent Update Thread Roots      582 us
[57.907s][info][gc,stats    ] Pause Final Update Refs (G)         368 us
[57.907s][info][gc,stats    ] Pause Final Update Refs (N)         295 us
[57.907s][info][gc,stats    ]   Update Region States              123 us
[57.907s][info][gc,stats    ]   Trash Collection Set               10 us
[57.907s][info][gc,stats    ]   Rebuild Free Set                   26 us
[57.907s][info][gc,stats    ] Concurrent Cleanup                   45 us
[57.907s][info][gc,stats    ] 
[57.907s][info][gc,stats    ] Allocation pacing accrued:
[57.907s][info][gc,stats    ]       0 of  2291 ms (  0.0%): <total>
[57.907s][info][gc,stats    ]       0 of  2291 ms (  0.0%): <average total>
[57.907s][info][gc,stats    ] 
[57.908s][info][gc,metaspace] Metaspace: 35623K(36288K)->35623K(36288K) NonClass: 29094K(29568K)->29094K(29568K) Class: 6528K(6720K)->6528K(6720K)
[57.908s][info][gc,ergo     ] Pacer for Idle. Initial: 163M, Alloc Tax Rate: 1.0x
[60.667s][info][gc          ] Trigger: Learning 2 of 5. Free (5724M) is below initial threshold (5734M)
[60.667s][info][gc,ergo     ] Free: 5724M, Max: 4096K regular, 5724M humongous, Frag: 0% external, 0% internal; Reserve: 412M, Max: 4096K
[60.667s][info][gc,start    ] GC(18) Concurrent reset
[60.667s][info][gc,task     ] GC(18) Using 1 of 3 workers for concurrent reset
[60.667s][info][gc,ergo     ] GC(18) Pacer for Reset. Non-Taxable: 8192M
[60.669s][info][gc          ] GC(18) Concurrent reset 1.789ms
[60.669s][info][gc,start    ] GC(18) Pause Init Mark (unload classes)
[60.669s][info][gc,task     ] GC(18) Using 3 of 3 workers for init marking
[60.669s][info][gc,ergo     ] GC(18) Pacer for Mark. Expected Live: 44310K, Free: 5724M, Non-Taxable: 572M, Alloc Tax Rate: 0.0x
[60.669s][info][gc          ] GC(18) Pause Init Mark (unload classes) 0.158ms
[60.669s][info][gc,start    ] GC(18) Concurrent marking roots
[60.670s][info][gc,task     ] GC(18) Using 1 of 3 workers for concurrent marking roots
[60.671s][info][gc          ] GC(18) Concurrent marking roots 1.946ms
[60.671s][info][gc,start    ] GC(18) Concurrent marking (unload classes)
[60.672s][info][gc,task     ] GC(18) Using 1 of 3 workers for concurrent marking
[60.741s][info][gc          ] GC(18) Concurrent marking (unload classes) 69.097ms
[60.741s][info][gc,start    ] GC(18) Pause Final Mark (unload classes)
[60.741s][info][gc,task     ] GC(18) Using 3 of 3 workers for final marking
[60.741s][info][gc,ergo     ] GC(18) Adaptive CSet Selection. Target Free: 1160M, Actual Free: 7692M, Max CSet: 341M, Min Garbage: 0B
[60.741s][info][gc,ergo     ] GC(18) Collectable Garbage: 2010M (99%), Immediate: 1652M (82%), CSet: 358M (17%)
[60.741s][info][gc,ergo     ] GC(18) Pacer for Evacuation. Used CSet: 376M, Free: 7280M, Non-Taxable: 728M, Alloc Tax Rate: 1.1x
[60.741s][info][gc          ] GC(18) Pause Final Mark (unload classes) 0.303ms
[60.741s][info][gc,start    ] GC(18) Concurrent thread roots
[60.741s][info][gc,task     ] GC(18) Using 1 of 3 workers for Concurrent thread roots
[60.743s][info][gc          ] GC(18) Concurrent thread roots 1.490ms
[60.743s][info][gc,start    ] GC(18) Concurrent weak references
[60.743s][info][gc,task     ] GC(18) Using 1 of 3 workers for concurrent weak references
[60.746s][info][gc,ref      ] GC(18) Encountered references: Soft: 3098, Weak: 7682, Final: 25034, Phantom: 90
[60.746s][info][gc,ref      ] GC(18) Discovered  references: Soft: 0, Weak: 692, Final: 25004, Phantom: 55
[60.746s][info][gc,ref      ] GC(18) Enqueued    references: Soft: 0, Weak: 7, Final: 25003, Phantom: 0
[60.746s][info][gc          ] GC(18) Concurrent weak references 3.382ms
[60.746s][info][gc,start    ] GC(18) Concurrent weak roots
[60.746s][info][gc,task     ] GC(18) Using 1 of 3 workers for concurrent weak root
[60.748s][info][gc          ] GC(18) Concurrent weak roots 2.293ms
[60.748s][info][gc,start    ] GC(18) Concurrent cleanup
[60.748s][info][gc          ] GC(18) Concurrent cleanup 2157M->505M(8192M) 0.075ms
[60.748s][info][gc,ergo     ] GC(18) Free: 7276M, Max: 4096K regular, 5632M humongous, Frag: 23% external, 0% internal; Reserve: 410M, Max: 4096K
[60.748s][info][gc,start    ] GC(18) Concurrent class unloading
[60.748s][info][gc,task     ] GC(18) Using 1 of 3 workers for concurrent class unloading
[60.766s][info][gc          ] GC(18) Concurrent class unloading 17.295ms
[60.766s][info][gc,start    ] GC(18) Concurrent strong roots
[60.766s][info][gc,task     ] GC(18) Using 1 of 3 workers for concurrent strong root
[60.766s][info][gc          ] GC(18) Concurrent strong roots 0.207ms
[60.766s][info][gc,start    ] GC(18) Concurrent evacuation
[60.766s][info][gc,task     ] GC(18) Using 1 of 3 workers for concurrent evacuation
[60.785s][info][gc          ] GC(18) Concurrent evacuation 18.961ms
[60.785s][info][gc,start    ] GC(18) Pause Init Update Refs
[60.785s][info][gc,ergo     ] GC(18) Pacer for Update Refs. Used: 528M, Free: 7276M, Non-Taxable: 727M, Alloc Tax Rate: 1.1x
[60.785s][info][gc          ] GC(18) Pause Init Update Refs 0.055ms
[60.785s][info][gc,start    ] GC(18) Concurrent update references
[60.785s][info][gc,task     ] GC(18) Using 1 of 3 workers for concurrent reference update
[60.850s][info][gc          ] GC(18) Concurrent update references 64.749ms
[60.850s][info][gc,start    ] GC(18) Concurrent update thread roots
[60.851s][info][gc          ] GC(18) Concurrent update thread roots 0.803ms
[60.851s][info][gc,start    ] GC(18) Pause Final Update Refs
[60.851s][info][gc,task     ] GC(18) Using 3 of 3 workers for final reference update
[60.851s][info][gc          ] GC(18) Pause Final Update Refs 0.155ms
[60.851s][info][gc,start    ] GC(18) Concurrent cleanup
[60.851s][info][gc          ] GC(18) Concurrent cleanup 655M->279M(8192M) 0.034ms
[60.851s][info][gc,ergo     ] Free: 7500M, Max: 4096K regular, 5624M humongous, Frag: 26% external, 0% internal; Reserve: 412M, Max: 4096K
[60.851s][info][gc,stats    ] 
[60.851s][info][gc,stats    ] All times are wall-clock times, except per-root-class counters, that are sum over
[60.851s][info][gc,stats    ] all workers. Dividing the <total> over the root stage time estimates parallelism.
[60.851s][info][gc,stats    ] 
[60.851s][info][gc,stats    ] Concurrent Reset                   1890 us
[60.851s][info][gc,stats    ] Pause Init Mark (G)                 373 us
[60.851s][info][gc,stats    ] Pause Init Mark (N)                 168 us
[60.851s][info][gc,stats    ]   Update Region States               60 us
[60.851s][info][gc,stats    ] Concurrent Mark Roots              2002 us, parallelism: 0.90x
[60.851s][info][gc,stats    ]   CMR: <total>                     1797 us
[60.851s][info][gc,stats    ]   CMR: Thread Roots                1738 us, workers (us): 1738, ---, ---, 
[60.851s][info][gc,stats    ]   CMR: VM Strong Roots                4 us, workers (us):   4, ---, ---, 
[60.851s][info][gc,stats    ]   CMR: CLDG Roots                    54 us, workers (us):  54, ---, ---, 
[60.851s][info][gc,stats    ] Concurrent Marking                69162 us
[60.851s][info][gc,stats    ] Pause Final Mark (G)                414 us
[60.851s][info][gc,stats    ] Pause Final Mark (N)                320 us
[60.851s][info][gc,stats    ]   Finish Mark                        66 us
[60.851s][info][gc,stats    ]   Update Region States               37 us
[60.851s][info][gc,stats    ]   Choose Collection Set              82 us
[60.851s][info][gc,stats    ]   Rebuild Free Set                   17 us
[60.851s][info][gc,stats    ] Concurrent Thread Roots            1509 us, parallelism: 0.92x
[60.851s][info][gc,stats    ]   CTR: <total>                     1384 us
[60.851s][info][gc,stats    ]   CTR: Thread Roots                1384 us, workers (us): 1384, ---, ---, 
[60.851s][info][gc,stats    ] Concurrent Weak References         3400 us, parallelism: 0.94x
[60.851s][info][gc,stats    ]   CWRF: <total>                    3190 us
[60.852s][info][gc,stats    ]   CWRF: Weak References            3190 us, workers (us): 3190, ---, ---, 
[60.852s][info][gc,stats    ] Concurrent Weak Roots              2362 us
[60.852s][info][gc,stats    ]   Roots                            2192 us, parallelism: 0.96x
[60.852s][info][gc,stats    ]     CWR: <total>                   2107 us
[60.852s][info][gc,stats    ]     CWR: Code Cache Roots          1667 us, workers (us): 1667, ---, ---, 
[60.852s][info][gc,stats    ]     CWR: VM Weak Roots              425 us, workers (us): 425, ---, ---, 
[60.852s][info][gc,stats    ]     CWR: CLDG Roots                  15 us, workers (us):  15, ---, ---, 
[60.852s][info][gc,stats    ]   Rendezvous                         63 us
[60.852s][info][gc,stats    ] Concurrent Cleanup                   94 us
[60.852s][info][gc,stats    ] Concurrent Class Unloading        17345 us
[60.852s][info][gc,stats    ]   Unlink Stale                    16808 us
[60.852s][info][gc,stats    ]     System Dictionary               148 us
[60.852s][info][gc,stats    ]     Weak Class Links               4756 us
[60.852s][info][gc,stats    ]     Code Roots                    11900 us
[60.852s][info][gc,stats    ]   Rendezvous                         95 us
[60.852s][info][gc,stats    ]   Purge Unlinked                    356 us
[60.852s][info][gc,stats    ]     Code Roots                      314 us
[60.852s][info][gc,stats    ]     CLDG                             42 us
[60.852s][info][gc,stats    ]     Exception Caches                  0 us
[60.852s][info][gc,stats    ] Concurrent Strong Roots             226 us, parallelism: 0.62x
[60.852s][info][gc,stats    ]   CSR: <total>                      139 us
[60.852s][info][gc,stats    ]   CSR: VM Strong Roots                8 us, workers (us):   8, ---, ---, 
[60.852s][info][gc,stats    ]   CSR: CLDG Roots                   131 us, workers (us): 131, ---, ---, 
[60.852s][info][gc,stats    ] Concurrent Evacuation             19042 us
[60.852s][info][gc,stats    ] Pause Init Update Refs (G)          181 us
[60.852s][info][gc,stats    ] Pause Init Update Refs (N)           63 us
[60.852s][info][gc,stats    ]   Manage GCLABs                       3 us
[60.852s][info][gc,stats    ] Concurrent Update Refs            64853 us
[60.852s][info][gc,stats    ] Concurrent Update Thread Roots      830 us
[60.852s][info][gc,stats    ] Pause Final Update Refs (G)         259 us
[60.852s][info][gc,stats    ] Pause Final Update Refs (N)         178 us
[60.852s][info][gc,stats    ]   Update Region States               59 us
[60.852s][info][gc,stats    ]   Trash Collection Set                6 us
[60.852s][info][gc,stats    ]   Rebuild Free Set                   17 us
[60.852s][info][gc,stats    ] Concurrent Cleanup                   44 us
[60.852s][info][gc,stats    ] 
[60.852s][info][gc,stats    ] Allocation pacing accrued:
[60.852s][info][gc,stats    ]       0 of  2944 ms (  0.0%): <total>
[60.852s][info][gc,stats    ]       0 of  2944 ms (  0.0%): <average total>
[60.852s][info][gc,stats    ] 
[60.852s][info][gc,metaspace] Metaspace: 35810K(36544K)->35768K(36544K) NonClass: 29281K(29824K)->29239K(29824K) Class: 6529K(6720K)->6528K(6720K)
[60.852s][info][gc,ergo     ] Pacer for Idle. Initial: 163M, Alloc Tax Rate: 1.0x
[62.747s][info][gc          ] Trigger: Explicit GC request (System.gc())
[62.747s][info][gc,ergo     ] Free: 6120M, Max: 4096K regular, 5624M humongous, Frag: 9% external, 0% internal; Reserve: 412M, Max: 4096K
[62.747s][info][gc,start    ] GC(19) Concurrent reset
[62.747s][info][gc,task     ] GC(19) Using 1 of 3 workers for concurrent reset
[62.747s][info][gc,ergo     ] GC(19) Pacer for Reset. Non-Taxable: 8192M
[62.749s][info][gc          ] GC(19) Concurrent reset 1.824ms
[62.749s][info][gc,start    ] GC(19) Pause Init Mark (unload classes)
[62.749s][info][gc,task     ] GC(19) Using 3 of 3 workers for init marking
[62.750s][info][gc,ref      ] GC(19) Clearing All SoftReferences
[62.750s][info][gc,ergo     ] GC(19) Pacer for Mark. Expected Live: 44320K, Free: 6120M, Non-Taxable: 612M, Alloc Tax Rate: 0.0x
[62.750s][info][gc          ] GC(19) Pause Init Mark (unload classes) 0.256ms
[62.750s][info][gc,start    ] GC(19) Concurrent marking roots
[62.750s][info][gc,task     ] GC(19) Using 1 of 3 workers for concurrent marking roots
[62.750s][info][gc          ] GC(19) Concurrent marking roots 0.636ms
[62.750s][info][gc,start    ] GC(19) Concurrent marking (unload classes)
[62.750s][info][gc,task     ] GC(19) Using 1 of 3 workers for concurrent marking
[62.816s][info][gc          ] GC(19) Concurrent marking (unload classes) 65.927ms
[62.816s][info][gc,start    ] GC(19) Pause Final Mark (unload classes)
[62.816s][info][gc,task     ] GC(19) Using 3 of 3 workers for final marking
[62.817s][info][gc,ergo     ] GC(19) Adaptive CSet Selection. Target Free: 1160M, Actual Free: 7832M, Max CSet: 341M, Min Garbage: 0B
[62.817s][info][gc,ergo     ] GC(19) Collectable Garbage: 1614M (99%), Immediate: 1300M (80%), CSet: 314M (19%)
[62.817s][info][gc,ergo     ] GC(19) Pacer for Evacuation. Used CSet: 331M, Free: 7420M, Non-Taxable: 742M, Alloc Tax Rate: 1.1x
[62.817s][info][gc          ] GC(19) Pause Final Mark (unload classes) 0.502ms
[62.817s][info][gc,start    ] GC(19) Concurrent thread roots
[62.817s][info][gc,task     ] GC(19) Using 1 of 3 workers for Concurrent thread roots
[62.817s][info][gc          ] GC(19) Concurrent thread roots 0.268ms
[62.817s][info][gc,start    ] GC(19) Concurrent weak references
[62.817s][info][gc,task     ] GC(19) Using 1 of 3 workers for concurrent weak references
[62.820s][info][gc,ref      ] GC(19) Encountered references: Soft: 3098, Weak: 7675, Final: 25031, Phantom: 88
[62.820s][info][gc,ref      ] GC(19) Discovered  references: Soft: 71, Weak: 647, Final: 25001, Phantom: 53
[62.820s][info][gc,ref      ] GC(19) Enqueued    references: Soft: 7, Weak: 7, Final: 25000, Phantom: 0
[62.821s][info][gc          ] GC(19) Concurrent weak references 3.269ms
[62.821s][info][gc,start    ] GC(19) Concurrent weak roots
[62.821s][info][gc,task     ] GC(19) Using 1 of 3 workers for concurrent weak root
[62.824s][info][gc          ] GC(19) Concurrent weak roots 3.163ms
[62.824s][info][gc,start    ] GC(19) Concurrent cleanup
[62.824s][info][gc          ] GC(19) Concurrent cleanup 1665M->365M(8192M) 0.056ms
[62.824s][info][gc,ergo     ] GC(19) Free: 7416M, Max: 4096K regular, 5632M humongous, Frag: 25% external, 0% internal; Reserve: 409M, Max: 4096K
[62.824s][info][gc,start    ] GC(19) Concurrent class unloading
[62.824s][info][gc,task     ] GC(19) Using 1 of 3 workers for concurrent class unloading
[62.834s][info][gc          ] GC(19) Concurrent class unloading 10.467ms
[62.834s][info][gc,start    ] GC(19) Concurrent strong roots
[62.834s][info][gc,task     ] GC(19) Using 1 of 3 workers for concurrent strong root
[62.835s][info][gc          ] GC(19) Concurrent strong roots 0.220ms
[62.835s][info][gc,start    ] GC(19) Concurrent evacuation
[62.835s][info][gc,task     ] GC(19) Using 1 of 3 workers for concurrent evacuation
[62.853s][info][gc          ] GC(19) Concurrent evacuation 18.652ms
[62.853s][info][gc,start    ] GC(19) Pause Init Update Refs
[62.854s][info][gc,ergo     ] GC(19) Pacer for Update Refs. Used: 387M, Free: 7416M, Non-Taxable: 741M, Alloc Tax Rate: 1.1x
[62.854s][info][gc          ] GC(19) Pause Init Update Refs 0.107ms
[62.854s][info][gc,start    ] GC(19) Concurrent update references
[62.854s][info][gc,task     ] GC(19) Using 1 of 3 workers for concurrent reference update
[62.888s][info][gc          ] GC(19) Concurrent update references 34.654ms
[62.888s][info][gc,start    ] GC(19) Concurrent update thread roots
[62.889s][info][gc          ] GC(19) Concurrent update thread roots 0.508ms
[62.889s][info][gc,start    ] GC(19) Pause Final Update Refs
[62.889s][info][gc,task     ] GC(19) Using 3 of 3 workers for final reference update
[62.889s][info][gc          ] GC(19) Pause Final Update Refs 0.165ms
[62.889s][info][gc,start    ] GC(19) Concurrent cleanup
[62.889s][info][gc          ] GC(19) Concurrent cleanup 387M->55M(8192M) 0.040ms
[62.889s][info][gc,ergo     ] Free: 7724M, Max: 4096K regular, 6216M humongous, Frag: 20% external, 0% internal; Reserve: 412M, Max: 4096K
[62.889s][info][gc,stats    ] 
[62.889s][info][gc,stats    ] All times are wall-clock times, except per-root-class counters, that are sum over
[62.889s][info][gc,stats    ] all workers. Dividing the <total> over the root stage time estimates parallelism.
[62.889s][info][gc,stats    ] 
[62.889s][info][gc,stats    ] Concurrent Reset                   1890 us
[62.889s][info][gc,stats    ] Pause Init Mark (G)                 452 us
[62.889s][info][gc,stats    ] Pause Init Mark (N)                 274 us
[62.889s][info][gc,stats    ]   Update Region States              104 us
[62.889s][info][gc,stats    ] Concurrent Mark Roots               660 us, parallelism: 0.73x
[62.889s][info][gc,stats    ]   CMR: <total>                      480 us
[62.889s][info][gc,stats    ]   CMR: Thread Roots                 387 us, workers (us): 387, ---, ---, 
[62.889s][info][gc,stats    ]   CMR: VM Strong Roots                7 us, workers (us):   7, ---, ---, 
[62.889s][info][gc,stats    ]   CMR: CLDG Roots                    85 us, workers (us):  85, ---, ---, 
[62.889s][info][gc,stats    ] Concurrent Marking                65997 us
[62.889s][info][gc,stats    ] Pause Final Mark (G)                634 us
[62.889s][info][gc,stats    ] Pause Final Mark (N)                525 us
[62.889s][info][gc,stats    ]   Finish Mark                       148 us
[62.889s][info][gc,stats    ]   Update Region States               79 us
[62.889s][info][gc,stats    ]   Choose Collection Set             122 us
[62.889s][info][gc,stats    ]   Rebuild Free Set                   22 us
[62.889s][info][gc,stats    ] Concurrent Thread Roots             287 us, parallelism: 0.71x
[62.889s][info][gc,stats    ]   CTR: <total>                      203 us
[62.889s][info][gc,stats    ]   CTR: Thread Roots                 203 us, workers (us): 203, ---, ---, 
[62.889s][info][gc,stats    ] Concurrent Weak References         3290 us, parallelism: 0.88x
[62.889s][info][gc,stats    ]   CWRF: <total>                    2904 us
[62.889s][info][gc,stats    ]   CWRF: Weak References            2904 us, workers (us): 2904, ---, ---, 
[62.889s][info][gc,stats    ] Concurrent Weak Roots              3221 us
[62.889s][info][gc,stats    ]   Roots                            3058 us, parallelism: 0.98x
[62.889s][info][gc,stats    ]     CWR: <total>                   2985 us
[62.889s][info][gc,stats    ]     CWR: Code Cache Roots          2083 us, workers (us): 2083, ---, ---, 
[62.889s][info][gc,stats    ]     CWR: VM Weak Roots              883 us, workers (us): 883, ---, ---, 
[62.889s][info][gc,stats    ]     CWR: CLDG Roots                  19 us, workers (us):  19, ---, ---, 
[62.889s][info][gc,stats    ]   Rendezvous                         59 us
[62.890s][info][gc,stats    ] Concurrent Cleanup                   71 us
[62.890s][info][gc,stats    ] Concurrent Class Unloading        10521 us
[62.890s][info][gc,stats    ]   Unlink Stale                     9980 us
[62.890s][info][gc,stats    ]     System Dictionary                16 us
[62.890s][info][gc,stats    ]     Weak Class Links                  0 us
[62.890s][info][gc,stats    ]     Code Roots                     9961 us
[62.890s][info][gc,stats    ]   Rendezvous                        101 us
[62.890s][info][gc,stats    ]   Purge Unlinked                    363 us
[62.890s][info][gc,stats    ]     Code Roots                      356 us
[62.890s][info][gc,stats    ]     CLDG                              7 us
[62.890s][info][gc,stats    ]     Exception Caches                  0 us
[62.890s][info][gc,stats    ] Concurrent Strong Roots             239 us, parallelism: 0.59x
[62.890s][info][gc,stats    ]   CSR: <total>                      141 us
[62.890s][info][gc,stats    ]   CSR: VM Strong Roots               13 us, workers (us):  13, ---, ---, 
[62.890s][info][gc,stats    ]   CSR: CLDG Roots                   128 us, workers (us): 128, ---, ---, 
[62.890s][info][gc,stats    ] Concurrent Evacuation             18721 us
[62.890s][info][gc,stats    ] Pause Init Update Refs (G)          311 us
[62.890s][info][gc,stats    ] Pause Init Update Refs (N)          129 us
[62.890s][info][gc,stats    ]   Manage GCLABs                       5 us
[62.890s][info][gc,stats    ] Concurrent Update Refs            34723 us
[62.890s][info][gc,stats    ] Concurrent Update Thread Roots      529 us
[62.890s][info][gc,stats    ] Pause Final Update Refs (G)         270 us
[62.890s][info][gc,stats    ] Pause Final Update Refs (N)         187 us
[62.890s][info][gc,stats    ]   Update Region States               56 us
[62.890s][info][gc,stats    ]   Trash Collection Set                5 us
[62.890s][info][gc,stats    ]   Rebuild Free Set                   18 us
[62.890s][info][gc,stats    ] Concurrent Cleanup                   50 us
[62.890s][info][gc,stats    ] 
[62.890s][info][gc,stats    ] Allocation pacing accrued:
[62.890s][info][gc,stats    ]       0 of  2038 ms (  0.0%): <total>
[62.890s][info][gc,stats    ]       0 of  2038 ms (  0.0%): <average total>
[62.890s][info][gc,stats    ] 
[62.890s][info][gc,metaspace] Metaspace: 35791K(36544K)->35791K(36544K) NonClass: 29262K(29824K)->29262K(29824K) Class: 6528K(6720K)->6528K(6720K)
[62.890s][info][gc,ergo     ] Pacer for Idle. Initial: 163M, Alloc Tax Rate: 1.0x
[65.326s][info][gc          ] Trigger: Learning 2 of 5. Free (5708M) is below initial threshold (5734M)
[65.326s][info][gc,ergo     ] Free: 5708M, Max: 4096K regular, 5708M humongous, Frag: 0% external, 0% internal; Reserve: 412M, Max: 4096K
[65.326s][info][gc,start    ] GC(20) Concurrent reset
[65.326s][info][gc,task     ] GC(20) Using 1 of 3 workers for concurrent reset
[65.326s][info][gc,ergo     ] GC(20) Pacer for Reset. Non-Taxable: 8192M
[65.328s][info][gc          ] GC(20) Concurrent reset 1.678ms
[65.328s][info][gc,start    ] GC(20) Pause Init Mark (unload classes)
[65.328s][info][gc,task     ] GC(20) Using 3 of 3 workers for init marking
[65.328s][info][gc,ergo     ] GC(20) Pacer for Mark. Expected Live: 44313K, Free: 5708M, Non-Taxable: 570M, Alloc Tax Rate: 0.0x
[65.328s][info][gc          ] GC(20) Pause Init Mark (unload classes) 0.136ms
[65.328s][info][gc,start    ] GC(20) Concurrent marking roots
[65.328s][info][gc,task     ] GC(20) Using 1 of 3 workers for concurrent marking roots
[65.329s][info][gc          ] GC(20) Concurrent marking roots 0.843ms
[65.329s][info][gc,start    ] GC(20) Concurrent marking (unload classes)
[65.329s][info][gc,task     ] GC(20) Using 1 of 3 workers for concurrent marking
[65.394s][info][gc          ] GC(20) Concurrent marking (unload classes) 64.787ms
[65.394s][info][gc,start    ] GC(20) Pause Final Mark (unload classes)
[65.394s][info][gc,task     ] GC(20) Using 3 of 3 workers for final marking
[65.394s][info][gc,ergo     ] GC(20) Adaptive CSet Selection. Target Free: 1160M, Actual Free: 7711M, Max CSet: 341M, Min Garbage: 0B
[65.394s][info][gc,ergo     ] GC(20) Collectable Garbage: 2026M (99%), Immediate: 1671M (82%), CSet: 354M (17%)
[65.394s][info][gc,ergo     ] GC(20) Pacer for Evacuation. Used CSet: 372M, Free: 7300M, Non-Taxable: 730M, Alloc Tax Rate: 1.1x
[65.395s][info][gc          ] GC(20) Pause Final Mark (unload classes) 0.288ms
[65.395s][info][gc,start    ] GC(20) Concurrent thread roots
[65.395s][info][gc,task     ] GC(20) Using 1 of 3 workers for Concurrent thread roots
[65.395s][info][gc          ] GC(20) Concurrent thread roots 0.765ms
[65.395s][info][gc,start    ] GC(20) Concurrent weak references
[65.395s][info][gc,task     ] GC(20) Using 1 of 3 workers for concurrent weak references
[65.398s][info][gc,ref      ] GC(20) Encountered references: Soft: 3098, Weak: 7696, Final: 25034, Phantom: 90
[65.398s][info][gc,ref      ] GC(20) Discovered  references: Soft: 0, Weak: 899, Final: 25004, Phantom: 55
[65.398s][info][gc,ref      ] GC(20) Enqueued    references: Soft: 0, Weak: 7, Final: 25003, Phantom: 0
[65.398s][info][gc          ] GC(20) Concurrent weak references 2.938ms
[65.398s][info][gc,start    ] GC(20) Concurrent weak roots
[65.398s][info][gc,task     ] GC(20) Using 1 of 3 workers for concurrent weak root
[65.401s][info][gc          ] GC(20) Concurrent weak roots 2.412ms
[65.401s][info][gc,start    ] GC(20) Concurrent cleanup
[65.401s][info][gc          ] GC(20) Concurrent cleanup 2157M->485M(8192M) 0.045ms
[65.401s][info][gc,ergo     ] GC(20) Free: 7296M, Max: 4096K regular, 5636M humongous, Frag: 23% external, 0% internal; Reserve: 410M, Max: 4096K
[65.401s][info][gc,start    ] GC(20) Concurrent class unloading
[65.401s][info][gc,task     ] GC(20) Using 1 of 3 workers for concurrent class unloading
[65.418s][info][gc          ] GC(20) Concurrent class unloading 16.879ms
[65.418s][info][gc,start    ] GC(20) Concurrent strong roots
[65.418s][info][gc,task     ] GC(20) Using 1 of 3 workers for concurrent strong root
[65.418s][info][gc          ] GC(20) Concurrent strong roots 0.174ms
[65.418s][info][gc,start    ] GC(20) Concurrent evacuation
[65.418s][info][gc,task     ] GC(20) Using 1 of 3 workers for concurrent evacuation
[65.437s][info][gc          ] GC(20) Concurrent evacuation 19.237ms
[65.437s][info][gc,start    ] GC(20) Pause Init Update Refs
[65.438s][info][gc,ergo     ] GC(20) Pacer for Update Refs. Used: 528M, Free: 7276M, Non-Taxable: 727M, Alloc Tax Rate: 1.1x
[65.438s][info][gc          ] GC(20) Pause Init Update Refs 0.110ms
[65.438s][info][gc,start    ] GC(20) Concurrent update references
[65.438s][info][gc,task     ] GC(20) Using 1 of 3 workers for concurrent reference update
[65.500s][info][gc          ] GC(20) Concurrent update references 62.723ms
[65.500s][info][gc,start    ] GC(20) Concurrent update thread roots
[65.501s][info][gc          ] GC(20) Concurrent update thread roots 0.856ms
[65.501s][info][gc,start    ] GC(20) Pause Final Update Refs
[65.501s][info][gc,task     ] GC(20) Using 3 of 3 workers for final reference update
[65.502s][info][gc          ] GC(20) Pause Final Update Refs 0.185ms
[65.502s][info][gc,start    ] GC(20) Concurrent cleanup
[65.502s][info][gc          ] GC(20) Concurrent cleanup 743M->371M(8192M) 0.036ms
[65.502s][info][gc,ergo     ] Free: 7408M, Max: 4096K regular, 5624M humongous, Frag: 25% external, 0% internal; Reserve: 412M, Max: 4096K
[65.502s][info][gc,stats    ] 
[65.502s][info][gc,stats    ] All times are wall-clock times, except per-root-class counters, that are sum over
[65.502s][info][gc,stats    ] all workers. Dividing the <total> over the root stage time estimates parallelism.
[65.502s][info][gc,stats    ] 
[65.502s][info][gc,stats    ] Concurrent Reset                   1740 us
[65.502s][info][gc,stats    ] Pause Init Mark (G)                 324 us
[65.502s][info][gc,stats    ] Pause Init Mark (N)                 149 us
[65.502s][info][gc,stats    ]   Update Region States               68 us
[65.502s][info][gc,stats    ] Concurrent Mark Roots               861 us, parallelism: 0.84x
[65.502s][info][gc,stats    ]   CMR: <total>                      722 us
[65.502s][info][gc,stats    ]   CMR: Thread Roots                 665 us, workers (us): 665, ---, ---, 
[65.502s][info][gc,stats    ]   CMR: VM Strong Roots                5 us, workers (us):   5, ---, ---, 
[65.502s][info][gc,stats    ]   CMR: CLDG Roots                    52 us, workers (us):  52, ---, ---, 
[65.502s][info][gc,stats    ] Concurrent Marking                64843 us
[65.502s][info][gc,stats    ] Pause Final Mark (G)                462 us
[65.502s][info][gc,stats    ] Pause Final Mark (N)                306 us
[65.502s][info][gc,stats    ]   Finish Mark                        51 us
[65.502s][info][gc,stats    ]   Update Region States               46 us
[65.502s][info][gc,stats    ]   Choose Collection Set              98 us
[65.502s][info][gc,stats    ]   Rebuild Free Set                   17 us
[65.502s][info][gc,stats    ] Concurrent Thread Roots             784 us, parallelism: 0.85x
[65.502s][info][gc,stats    ]   CTR: <total>                      669 us
[65.502s][info][gc,stats    ]   CTR: Thread Roots                 669 us, workers (us): 669, ---, ---, 
[65.502s][info][gc,stats    ] Concurrent Weak References         2956 us, parallelism: 0.92x
[65.502s][info][gc,stats    ]   CWRF: <total>                    2715 us
[65.502s][info][gc,stats    ]   CWRF: Weak References            2715 us, workers (us): 2715, ---, ---, 
[65.502s][info][gc,stats    ] Concurrent Weak Roots              2453 us
[65.502s][info][gc,stats    ]   Roots                            2312 us, parallelism: 0.97x
[65.502s][info][gc,stats    ]     CWR: <total>                   2240 us
[65.502s][info][gc,stats    ]     CWR: Code Cache Roots          1705 us, workers (us): 1705, ---, ---, 
[65.502s][info][gc,stats    ]     CWR: VM Weak Roots              521 us, workers (us): 521, ---, ---, 
[65.502s][info][gc,stats    ]     CWR: CLDG Roots                  14 us, workers (us):  14, ---, ---, 
[65.502s][info][gc,stats    ]   Rendezvous                         63 us
[65.502s][info][gc,stats    ] Concurrent Cleanup                   54 us
[65.502s][info][gc,stats    ] Concurrent Class Unloading        16939 us
[65.502s][info][gc,stats    ]   Unlink Stale                    16366 us
[65.502s][info][gc,stats    ]     System Dictionary               113 us
[65.502s][info][gc,stats    ]     Weak Class Links               4871 us
[65.502s][info][gc,stats    ]     Code Roots                    11379 us
[65.502s][info][gc,stats    ]   Rendezvous                        137 us
[65.502s][info][gc,stats    ]   Purge Unlinked                    359 us
[65.502s][info][gc,stats    ]     Code Roots                      321 us
[65.502s][info][gc,stats    ]     CLDG                             37 us
[65.502s][info][gc,stats    ]     Exception Caches                  0 us
[65.502s][info][gc,stats    ] Concurrent Strong Roots             193 us, parallelism: 0.46x
[65.502s][info][gc,stats    ]   CSR: <total>                       89 us
[65.502s][info][gc,stats    ]   CSR: VM Strong Roots                4 us, workers (us):   4, ---, ---, 
[65.502s][info][gc,stats    ]   CSR: CLDG Roots                    84 us, workers (us):  84, ---, ---, 
[65.502s][info][gc,stats    ] Concurrent Evacuation             19308 us
[65.502s][info][gc,stats    ] Pause Init Update Refs (G)          324 us
[65.502s][info][gc,stats    ] Pause Init Update Refs (N)          132 us
[65.502s][info][gc,stats    ]   Manage GCLABs                       4 us
[65.502s][info][gc,stats    ] Concurrent Update Refs            62806 us
[65.502s][info][gc,stats    ] Concurrent Update Thread Roots      875 us
[65.502s][info][gc,stats    ] Pause Final Update Refs (G)         287 us
[65.502s][info][gc,stats    ] Pause Final Update Refs (N)         207 us
[65.502s][info][gc,stats    ]   Update Region States               76 us
[65.502s][info][gc,stats    ]   Trash Collection Set                8 us
[65.502s][info][gc,stats    ]   Rebuild Free Set                   20 us
[65.502s][info][gc,stats    ] Concurrent Cleanup                   46 us
[65.502s][info][gc,stats    ] 
[65.502s][info][gc,stats    ] Allocation pacing accrued:
[65.502s][info][gc,stats    ]       0 of  2613 ms (  0.0%): <total>
[65.502s][info][gc,stats    ]       0 of  2613 ms (  0.0%): <average total>
[65.502s][info][gc,stats    ] 
[65.502s][info][gc,metaspace] Metaspace: 35842K(36544K)->35799K(36544K) NonClass: 29312K(29824K)->29270K(29824K) Class: 6529K(6720K)->6528K(6720K)
[65.503s][info][gc,ergo     ] Pacer for Idle. Initial: 163M, Alloc Tax Rate: 1.0x
[67.296s][info][gc          ] Cancelling GC: Stopping VM
[67.311s][info][gc,heap,exit] Heap
[67.311s][info][gc,heap,exit] Shenandoah Heap
[67.311s][info][gc,heap,exit]  8192M max, 8192M soft max, 8192M committed, 1696M used
[67.311s][info][gc,heap,exit]  2048 x 4096K regions
[67.311s][info][gc,heap,exit] Status: cancelled
[67.311s][info][gc,heap,exit] Reserved region:
[67.311s][info][gc,heap,exit]  - [0x0000000600000000, 0x0000000800000000) 
[67.311s][info][gc,heap,exit] Collection set:
[67.311s][info][gc,heap,exit]  - map (vanilla): 0x0000000000011800
[67.311s][info][gc,heap,exit]  - map (biased):  0x0000000000010000
[67.311s][info][gc,heap,exit] 
[67.311s][info][gc,heap,exit]  Metaspace       used 35839K, committed 36544K, reserved 1114112K
[67.311s][info][gc,heap,exit]   class space    used 6534K, committed 6720K, reserved 1048576K
[67.311s][info][gc,stats    ] 
[67.311s][info][gc,stats    ] GC STATISTICS:
[67.311s][info][gc,stats    ]   "(G)" (gross) pauses include VM time: time to notify and block threads, do the pre-
[67.311s][info][gc,stats    ]         and post-safepoint housekeeping. Use -Xlog:safepoint+stats to dissect.
[67.311s][info][gc,stats    ]   "(N)" (net) pauses are the times spent in the actual GC code.
[67.311s][info][gc,stats    ]   "a" is average time for each phase, look at levels to see if average makes sense.
[67.311s][info][gc,stats    ]   "lvls" are quantiles: 0% (minimum), 25%, 50% (median), 75%, 100% (maximum).
[67.311s][info][gc,stats    ] 
[67.311s][info][gc,stats    ]   All times are wall-clock times, except per-root-class counters, that are sum over
[67.311s][info][gc,stats    ]   all workers. Dividing the <total> over the root stage time estimates parallelism.
[67.311s][info][gc,stats    ] 
[67.311s][info][gc,stats    ]   Pacing delays are measured from entering the pacing code till exiting it. Therefore,
[67.311s][info][gc,stats    ]   observed pacing delays may be higher than the threshold when paced thread spent more
[67.311s][info][gc,stats    ]   time in the pacing code. It usually happens when thread is de-scheduled while paced,
[67.311s][info][gc,stats    ]   OS takes longer to unblock the thread, or JVM experiences an STW pause.
[67.311s][info][gc,stats    ] 
[67.311s][info][gc,stats    ]   Higher delay would prevent application outpacing the GC, but it will hide the GC latencies
[67.311s][info][gc,stats    ]   from the STW pause times. Pacing affects the individual threads, and so it would also be
[67.311s][info][gc,stats    ]   invisible to the usual profiling tools, but would add up to end-to-end application latency.
[67.311s][info][gc,stats    ]   Raise max pacing delay with care.
[67.311s][info][gc,stats    ] 
[67.311s][info][gc,stats    ] Concurrent Reset               =    0.037 s (a =     1777 us) (n =    21) (lvls, us =      449,     1543,     1738,     1875,     2838)
[67.311s][info][gc,stats    ] Pause Init Mark (G)            =    0.008 s (a =      368 us) (n =    21) (lvls, us =      221,      301,      363,      406,      593)
[67.311s][info][gc,stats    ] Pause Init Mark (N)            =    0.004 s (a =      205 us) (n =    21) (lvls, us =      133,      152,      178,      205,      403)
[67.312s][info][gc,stats    ]   Update Region States         =    0.001 s (a =       71 us) (n =    21) (lvls, us =       32,       55,       68,       78,      104)
[67.312s][info][gc,stats    ] Concurrent Mark Roots          =    0.022 s (a =     1028 us) (n =    21) (lvls, us =      383,      521,      859,     1113,     2559)
[67.312s][info][gc,stats    ]   CMR: <total>                 =    0.018 s (a =      877 us) (n =    21) (lvls, us =      279,      398,      721,      982,     2357)
[67.312s][info][gc,stats    ]   CMR: Thread Roots            =    0.017 s (a =      794 us) (n =    21) (lvls, us =      211,      324,      473,      928,     2279)
[67.312s][info][gc,stats    ]   CMR: VM Strong Roots         =    0.000 s (a =        9 us) (n =    21) (lvls, us =        4,        5,        6,        7,       60)
[67.312s][info][gc,stats    ]   CMR: CLDG Roots              =    0.002 s (a =       74 us) (n =    21) (lvls, us =       45,       52,       59,       83,      247)
[67.312s][info][gc,stats    ] Concurrent Marking             =    1.335 s (a =    63593 us) (n =    21) (lvls, us =    36133,    64844,    65039,    65820,    69162)
[67.312s][info][gc,stats    ] Pause Final Mark (G)           =    0.011 s (a =      501 us) (n =    21) (lvls, us =      311,      393,      463,      580,      740)
[67.312s][info][gc,stats    ] Pause Final Mark (N)           =    0.008 s (a =      395 us) (n =    21) (lvls, us =      223,      307,      348,      467,      607)
[67.312s][info][gc,stats    ]   Finish Mark                  =    0.002 s (a =      118 us) (n =    21) (lvls, us =       51,       85,      105,      125,      260)
[67.312s][info][gc,stats    ]   Update Region States         =    0.002 s (a =       72 us) (n =    21) (lvls, us =       37,       44,       68,       89,      132)
[67.312s][info][gc,stats    ]   Choose Collection Set        =    0.002 s (a =       80 us) (n =    21) (lvls, us =       39,       54,       82,       95,      125)
[67.312s][info][gc,stats    ]   Rebuild Free Set             =    0.000 s (a =       14 us) (n =    21) (lvls, us =        8,        8,       17,       17,       24)
[67.312s][info][gc,stats    ] Concurrent Thread Roots        =    0.021 s (a =     1022 us) (n =    21) (lvls, us =      285,      400,      674,     1406,     2591)
[67.312s][info][gc,stats    ]   CTR: <total>                 =    0.018 s (a =      871 us) (n =    21) (lvls, us =      197,      207,      494,     1289,     2402)
[67.312s][info][gc,stats    ]   CTR: Thread Roots            =    0.018 s (a =      871 us) (n =    21) (lvls, us =      197,      207,      494,     1289,     2402)
[67.312s][info][gc,stats    ] Concurrent Weak References     =    0.063 s (a =     3009 us) (n =    21) (lvls, us =      369,     2949,     3203,     3359,     3754)
[67.312s][info][gc,stats    ]   CWRF: <total>                =    0.057 s (a =     2705 us) (n =    21) (lvls, us =      166,     2715,     2891,     3047,     3503)
[67.312s][info][gc,stats    ]   CWRF: Weak References        =    0.057 s (a =     2705 us) (n =    21) (lvls, us =      166,     2715,     2891,     3047,     3503)
[67.312s][info][gc,stats    ] Concurrent Weak Roots          =    0.058 s (a =     2751 us) (n =    21) (lvls, us =     2070,     2344,     2773,     2969,     3321)
[67.312s][info][gc,stats    ]   Roots                        =    0.053 s (a =     2547 us) (n =    21) (lvls, us =     1855,     2188,     2539,     2656,     3133)
[67.312s][info][gc,stats    ]     CWR: <total>               =    0.051 s (a =     2432 us) (n =    21) (lvls, us =     1758,     2090,     2402,     2578,     3048)
[67.312s][info][gc,stats    ]     CWR: Code Cache Roots      =    0.034 s (a =     1627 us) (n =    21) (lvls, us =      885,     1465,     1641,     1699,     2083)
[67.312s][info][gc,stats    ]     CWR: VM Weak Roots         =    0.017 s (a =      791 us) (n =    21) (lvls, us =      367,      424,      744,      850,     1945)
[67.312s][info][gc,stats    ]     CWR: CLDG Roots            =    0.000 s (a =       15 us) (n =    21) (lvls, us =       10,       13,       14,       16,       19)
[67.312s][info][gc,stats    ]   Rendezvous                   =    0.002 s (a =      105 us) (n =    21) (lvls, us =       59,       72,       96,      113,      282)
[67.312s][info][gc,stats    ] Concurrent Cleanup             =    0.001 s (a =       65 us) (n =    21) (lvls, us =       40,       50,       55,       84,      106)
[67.312s][info][gc,stats    ] Concurrent Class Unloading     =    0.250 s (a =    11891 us) (n =    21) (lvls, us =     6484,     8301,    12305,    13867,    17345)
[67.312s][info][gc,stats    ]   Unlink Stale                 =    0.238 s (a =    11345 us) (n =    21) (lvls, us =     5996,     7812,    11914,    13281,    16808)
[67.312s][info][gc,stats    ]     System Dictionary          =    0.002 s (a =       84 us) (n =    21) (lvls, us =       15,       18,      111,      123,      166)
[67.312s][info][gc,stats    ]     Weak Class Links           =    0.058 s (a =     2747 us) (n =    21) (lvls, us =        0,        0,     2363,     4746,     6144)
[67.312s][info][gc,stats    ]     Code Roots                 =    0.179 s (a =     8513 us) (n =    21) (lvls, us =     4277,     6855,     7812,     9805,    11998)
[67.312s][info][gc,stats    ]   Rendezvous                   =    0.002 s (a =      111 us) (n =    21) (lvls, us =       56,       78,      100,      121,      263)
[67.312s][info][gc,stats    ]   Purge Unlinked               =    0.007 s (a =      344 us) (n =    21) (lvls, us =      225,      279,      355,      389,      444)
[67.312s][info][gc,stats    ]     Code Roots                 =    0.007 s (a =      312 us) (n =    21) (lvls, us =      148,      252,      312,      361,      430)
[67.312s][info][gc,stats    ]     CLDG                       =    0.001 s (a =       31 us) (n =    21) (lvls, us =        6,        8,       26,       40,      107)
[67.312s][info][gc,stats    ]     Exception Caches           =    0.000 s (a =        0 us) (n =    21) (lvls, us =        0,        0,        0,        0,        1)
[67.312s][info][gc,stats    ] Concurrent Strong Roots        =    0.006 s (a =      292 us) (n =    21) (lvls, us =      180,      225,      238,      262,      720)
[67.312s][info][gc,stats    ]   CSR: <total>                 =    0.003 s (a =      163 us) (n =    21) (lvls, us =       85,       89,      137,      141,      564)
[67.312s][info][gc,stats    ]   CSR: VM Strong Roots         =    0.000 s (a =        7 us) (n =    21) (lvls, us =        3,        4,        5,        7,       25)
[67.312s][info][gc,stats    ]   CSR: CLDG Roots              =    0.003 s (a =      156 us) (n =    21) (lvls, us =       81,       86,      127,      133,      558)
[67.312s][info][gc,stats    ] Concurrent Evacuation          =    0.396 s (a =    18856 us) (n =    21) (lvls, us =     6719,    18164,    18555,    18945,    24159)
[67.312s][info][gc,stats    ] Pause Init Update Refs (G)     =    0.005 s (a =      245 us) (n =    21) (lvls, us =      148,      180,      240,      268,      326)
[67.312s][info][gc,stats    ] Pause Init Update Refs (N)     =    0.002 s (a =      103 us) (n =    21) (lvls, us =       63,       72,      104,      117,      132)
[67.312s][info][gc,stats    ]   Manage GCLABs                =    0.000 s (a =        4 us) (n =    21) (lvls, us =        2,        3,        4,        4,        5)
[67.312s][info][gc,stats    ] Concurrent Update Refs         =    0.902 s (a =    42935 us) (n =    21) (lvls, us =    15234,    34180,    34766,    53320,    64853)
[67.312s][info][gc,stats    ] Concurrent Update Thread Roots =    0.035 s (a =     1676 us) (n =    21) (lvls, us =      324,      590,      723,      828,    11420)
[67.312s][info][gc,stats    ] Pause Final Update Refs (G)    =    0.007 s (a =      313 us) (n =    21) (lvls, us =      201,      250,      287,      332,      641)
[67.312s][info][gc,stats    ] Pause Final Update Refs (N)    =    0.005 s (a =      222 us) (n =    21) (lvls, us =      141,      164,      205,      246,      511)
[67.312s][info][gc,stats    ]   Update Region States         =    0.002 s (a =       89 us) (n =    21) (lvls, us =       35,       59,       74,       86,      339)
[67.312s][info][gc,stats    ]   Trash Collection Set         =    0.000 s (a =        6 us) (n =    21) (lvls, us =        3,        4,        5,        8,       12)
[67.312s][info][gc,stats    ]   Rebuild Free Set             =    0.000 s (a =       18 us) (n =    21) (lvls, us =        9,       12,       18,       20,       31)
[67.312s][info][gc,stats    ] Concurrent Cleanup             =    0.001 s (a =       61 us) (n =    21) (lvls, us =       44,       46,       48,       56,      114)
[67.312s][info][gc,stats    ] 
[67.312s][info][gc,stats    ] 
[67.312s][info][gc,stats    ] Under allocation pressure, concurrent cycles may cancel, and either continue cycle
[67.312s][info][gc,stats    ] under stop-the-world pause or result in stop-the-world Full GC. Increase heap size,
[67.312s][info][gc,stats    ] tune GC heuristics, set more aggressive pacing delay, or lower allocation rate
[67.312s][info][gc,stats    ] to avoid Degenerated and Full GC cycles.
[67.312s][info][gc,stats    ] 
[67.312s][info][gc,stats    ]    21 successful concurrent GCs
[67.312s][info][gc,stats    ]      10 invoked explicitly
[67.312s][info][gc,stats    ]       0 invoked implicitly
[67.312s][info][gc,stats    ] 
[67.312s][info][gc,stats    ]     0 Degenerated GCs
[67.312s][info][gc,stats    ]       0 caused by allocation failure
[67.312s][info][gc,stats    ]       0 upgraded to Full GC
[67.312s][info][gc,stats    ] 
[67.312s][info][gc,stats    ]     0 Full GCs
[67.312s][info][gc,stats    ]       0 invoked explicitly
[67.312s][info][gc,stats    ]       0 invoked implicitly
[67.312s][info][gc,stats    ]       0 caused by allocation failure
[67.312s][info][gc,stats    ]       0 upgraded from Degenerated GC
[67.312s][info][gc,stats    ] 
[67.312s][info][gc,stats    ] 
