[0.007s][info][gc,init] CardTable entry size: 512
[0.007s][info][gc     ] Using Serial
[0.014s][info][gc,init] Version: 21.0.4+7-adhoc.Administrator.jdk21u (release)
[0.014s][info][gc,init] CPUs: 6 total, 6 available
[0.014s][info][gc,init] Memory: 15591M
[0.014s][info][gc,init] Large Page Support: Disabled
[0.014s][info][gc,init] NUMA Support: Disabled
[0.014s][info][gc,init] Compressed Oops: Enabled (Zero based)
[0.014s][info][gc,init] Heap Min Capacity: 4G
[0.014s][info][gc,init] Heap Initial Capacity: 4G
[0.014s][info][gc,init] Heap Max Capacity: 4G
[0.014s][info][gc,init] Pre-touch: Disabled
[0.023s][info][gc,metaspace] CDS archive(s) mapped at: [0x0000022f5c000000-0x0000022f5cc90000-0x0000022f5cc90000), size 13172736, SharedBaseAddress: 0x0000022f5c000000, ArchiveRelocationMode: 1.
[0.023s][info][gc,metaspace] Compressed class space mapped at: 0x0000022f5d000000-0x0000022f9d000000, reserved size: 1073741824
[0.023s][info][gc,metaspace] Narrow klass base: 0x0000022f5c000000, Narrow klass shift: 0, Narrow klass range: 0x100000000
[3.833s][info][gc,start    ] GC(0) Pause Full (Metadata GC Threshold)
[3.833s][info][gc,phases,start] GC(0) Phase 1: Mark live objects
[3.841s][info][gc,phases      ] GC(0) Phase 1: Mark live objects 8.139ms
[3.841s][info][gc,phases,start] GC(0) Phase 2: Compute new object addresses
[3.847s][info][gc,phases      ] GC(0) Phase 2: Compute new object addresses 5.724ms
[3.847s][info][gc,phases,start] GC(0) Phase 3: Adjust pointers
[3.852s][info][gc,phases      ] GC(0) Phase 3: Adjust pointers 5.087ms
[3.852s][info][gc,phases,start] GC(0) Phase 4: Move objects
[3.857s][info][gc,phases      ] GC(0) Phase 4: Move objects 4.380ms
[3.858s][info][gc,heap        ] GC(0) DefNew: 201335K(1258304K)->0K(1258304K) Eden: 201335K(1118528K)->0K(1118528K) From: 0K(139776K)->0K(139776K)
[3.858s][info][gc,heap        ] GC(0) Tenured: 0K(2796224K)->7722K(2796224K)
[3.858s][info][gc,metaspace   ] GC(0) Metaspace: 21271K(21504K)->21271K(21504K) NonClass: 18592K(18688K)->18592K(18688K) Class: 2678K(2816K)->2678K(2816K)
[3.858s][info][gc             ] GC(0) Pause Full (Metadata GC Threshold) 196M->7M(3959M) 24.796ms
[3.858s][info][gc,cpu         ] GC(0) User=0.02s Sys=0.00s Real=0.02s
[4.586s][info][gc,start       ] GC(1) Pause Full (System.gc())
[4.586s][info][gc,phases,start] GC(1) Phase 1: Mark live objects
[4.600s][info][gc,phases      ] GC(1) Phase 1: Mark live objects 13.788ms
[4.600s][info][gc,phases,start] GC(1) Phase 2: Compute new object addresses
[4.607s][info][gc,phases      ] GC(1) Phase 2: Compute new object addresses 7.423ms
[4.607s][info][gc,phases,start] GC(1) Phase 3: Adjust pointers
[4.615s][info][gc,phases      ] GC(1) Phase 3: Adjust pointers 7.862ms
[4.615s][info][gc,phases,start] GC(1) Phase 4: Move objects
[4.618s][info][gc,phases      ] GC(1) Phase 4: Move objects 2.716ms
[4.618s][info][gc,heap        ] GC(1) DefNew: 184557K(1258304K)->0K(1258304K) Eden: 184557K(1118528K)->0K(1118528K) From: 0K(139776K)->0K(139776K)
[4.618s][info][gc,heap        ] GC(1) Tenured: 7722K(2796224K)->11244K(2796224K)
[4.618s][info][gc,metaspace   ] GC(1) Metaspace: 34362K(34752K)->34362K(34752K) NonClass: 29757K(29952K)->29757K(29952K) Class: 4604K(4800K)->4604K(4800K)
[4.618s][info][gc             ] GC(1) Pause Full (System.gc()) 187M->10M(3959M) 32.533ms
[4.618s][info][gc,cpu         ] GC(1) User=0.03s Sys=0.00s Real=0.03s
[11.090s][info][gc,start       ] GC(2) Pause Young (Allocation Failure)
[11.107s][info][gc,heap        ] GC(2) DefNew: 1118528K(1258304K)->5498K(1258304K) Eden: 1118528K(1118528K)->0K(1118528K) From: 0K(139776K)->5498K(139776K)
[11.107s][info][gc,heap        ] GC(2) Tenured: 11244K(2796224K)->11244K(2796224K)
[11.107s][info][gc,metaspace   ] GC(2) Metaspace: 51097K(51712K)->51097K(51712K) NonClass: 43680K(44032K)->43680K(44032K) Class: 7417K(7680K)->7417K(7680K)
[11.107s][info][gc             ] GC(2) Pause Young (Allocation Failure) 1103M->16M(3959M) 16.717ms
[11.107s][info][gc,cpu         ] GC(2) User=0.02s Sys=0.00s Real=0.02s
[12.687s][info][gc,start       ] GC(3) Pause Young (Allocation Failure)
[12.698s][info][gc,heap        ] GC(3) DefNew: 1124026K(1258304K)->5398K(1258304K) Eden: 1118528K(1118528K)->0K(1118528K) From: 5498K(139776K)->5398K(139776K)
[12.698s][info][gc,heap        ] GC(3) Tenured: 11244K(2796224K)->11244K(2796224K)
[12.698s][info][gc,metaspace   ] GC(3) Metaspace: 51100K(51712K)->51100K(51712K) NonClass: 43682K(44032K)->43682K(44032K) Class: 7417K(7680K)->7417K(7680K)
[12.698s][info][gc             ] GC(3) Pause Young (Allocation Failure) 1108M->16M(3959M) 11.080ms
[12.698s][info][gc,cpu         ] GC(3) User=0.00s Sys=0.00s Real=0.00s
[13.898s][info][gc,start       ] GC(4) Pause Full (System.gc())
[13.898s][info][gc,phases,start] GC(4) Phase 1: Mark live objects
[13.927s][info][gc,phases      ] GC(4) Phase 1: Mark live objects 28.984ms
[13.927s][info][gc,phases,start] GC(4) Phase 2: Compute new object addresses
[14.064s][info][gc,phases      ] GC(4) Phase 2: Compute new object addresses 137.115ms
[14.064s][info][gc,phases,start] GC(4) Phase 3: Adjust pointers
[14.078s][info][gc,phases      ] GC(4) Phase 3: Adjust pointers 14.080ms
[14.078s][info][gc,phases,start] GC(4) Phase 4: Move objects
[14.081s][info][gc,phases      ] GC(4) Phase 4: Move objects 2.319ms
[14.083s][info][gc,heap        ] GC(4) DefNew: 875059K(1258304K)->0K(1258304K) Eden: 869661K(1118528K)->0K(1118528K) From: 5398K(139776K)->0K(139776K)
[14.083s][info][gc,heap        ] GC(4) Tenured: 11244K(2796224K)->16171K(2796224K)
[14.083s][info][gc,metaspace   ] GC(4) Metaspace: 51372K(51904K)->51133K(51904K) NonClass: 43910K(44224K)->43742K(44224K) Class: 7462K(7680K)->7391K(7680K)
[14.083s][info][gc             ] GC(4) Pause Full (System.gc()) 865M->15M(3959M) 184.534ms
[14.083s][info][gc,cpu         ] GC(4) User=0.17s Sys=0.00s Real=0.19s
[16.832s][info][gc,start       ] GC(5) Pause Young (Allocation Failure)
[16.834s][info][gc,heap        ] GC(5) DefNew: 1118528K(1258304K)->546K(1258304K) Eden: 1118528K(1118528K)->0K(1118528K) From: 0K(139776K)->546K(139776K)
[16.834s][info][gc,heap        ] GC(5) Tenured: 16171K(2796224K)->16171K(2796224K)
[16.834s][info][gc,metaspace   ] GC(5) Metaspace: 51285K(51904K)->51285K(51904K) NonClass: 43837K(44224K)->43837K(44224K) Class: 7448K(7680K)->7448K(7680K)
[16.834s][info][gc             ] GC(5) Pause Young (Allocation Failure) 1108M->16M(3959M) 2.618ms
[16.834s][info][gc,cpu         ] GC(5) User=0.02s Sys=0.00s Real=0.00s
[18.240s][info][gc,start       ] GC(6) Pause Young (Allocation Failure)
[18.242s][info][gc,heap        ] GC(6) DefNew: 1119074K(1258304K)->549K(1258304K) Eden: 1118528K(1118528K)->0K(1118528K) From: 546K(139776K)->549K(139776K)
[18.242s][info][gc,heap        ] GC(6) Tenured: 16171K(2796224K)->16171K(2796224K)
[18.242s][info][gc,metaspace   ] GC(6) Metaspace: 51285K(51904K)->51285K(51904K) NonClass: 43837K(44224K)->43837K(44224K) Class: 7448K(7680K)->7448K(7680K)
[18.242s][info][gc             ] GC(6) Pause Young (Allocation Failure) 1108M->16M(3959M) 2.077ms
[18.242s][info][gc,cpu         ] GC(6) User=0.00s Sys=0.00s Real=0.00s
[19.109s][info][gc,start       ] GC(7) Pause Full (System.gc())
[19.109s][info][gc,phases,start] GC(7) Phase 1: Mark live objects
[19.140s][info][gc,phases      ] GC(7) Phase 1: Mark live objects 31.432ms
[19.140s][info][gc,phases,start] GC(7) Phase 2: Compute new object addresses
[19.240s][info][gc,phases      ] GC(7) Phase 2: Compute new object addresses 99.352ms
[19.240s][info][gc,phases,start] GC(7) Phase 3: Adjust pointers
[19.252s][info][gc,phases      ] GC(7) Phase 3: Adjust pointers 12.653ms
[19.252s][info][gc,phases,start] GC(7) Phase 4: Move objects
[19.256s][info][gc,phases      ] GC(7) Phase 4: Move objects 3.728ms
[19.257s][info][gc,heap        ] GC(7) DefNew: 611985K(1258304K)->0K(1258304K) Eden: 611436K(1118528K)->0K(1118528K) From: 549K(139776K)->0K(139776K)
[19.257s][info][gc,heap        ] GC(7) Tenured: 16171K(2796224K)->15829K(2796224K)
[19.257s][info][gc,metaspace   ] GC(7) Metaspace: 51309K(51904K)->51296K(51904K) NonClass: 43861K(44224K)->43851K(44224K) Class: 7448K(7680K)->7444K(7680K)
[19.257s][info][gc             ] GC(7) Pause Full (System.gc()) 613M->15M(3959M) 147.876ms
[19.257s][info][gc,cpu         ] GC(7) User=0.14s Sys=0.00s Real=0.16s
[20.702s][info][gc,start       ] GC(8) Pause Young (Allocation Failure)
[20.705s][info][gc,heap        ] GC(8) DefNew: 1118528K(1258304K)->587K(1258304K) Eden: 1118528K(1118528K)->0K(1118528K) From: 0K(139776K)->587K(139776K)
[20.705s][info][gc,heap        ] GC(8) Tenured: 15829K(2796224K)->15829K(2796224K)
[20.705s][info][gc,metaspace   ] GC(8) Metaspace: 51360K(51968K)->51360K(51968K) NonClass: 43915K(44288K)->43915K(44288K) Class: 7445K(7680K)->7445K(7680K)
[20.705s][info][gc             ] GC(8) Pause Young (Allocation Failure) 1107M->16M(3959M) 2.554ms
[20.705s][info][gc,cpu         ] GC(8) User=0.00s Sys=0.00s Real=0.00s
[22.072s][info][gc,start       ] GC(9) Pause Young (Allocation Failure)
[22.074s][info][gc,heap        ] GC(9) DefNew: 1119115K(1258304K)->598K(1258304K) Eden: 1118528K(1118528K)->0K(1118528K) From: 587K(139776K)->598K(139776K)
[22.074s][info][gc,heap        ] GC(9) Tenured: 15829K(2796224K)->15829K(2796224K)
[22.074s][info][gc,metaspace   ] GC(9) Metaspace: 51360K(51968K)->51360K(51968K) NonClass: 43915K(44288K)->43915K(44288K) Class: 7445K(7680K)->7445K(7680K)
[22.074s][info][gc             ] GC(9) Pause Young (Allocation Failure) 1108M->16M(3959M) 2.130ms
[22.074s][info][gc,cpu         ] GC(9) User=0.00s Sys=0.00s Real=0.00s
[22.778s][info][gc,start       ] GC(10) Pause Full (System.gc())
[22.780s][info][gc,phases,start] GC(10) Phase 1: Mark live objects
[22.803s][info][gc,phases      ] GC(10) Phase 1: Mark live objects 23.061ms
[22.803s][info][gc,phases,start] GC(10) Phase 2: Compute new object addresses
[22.896s][info][gc,phases      ] GC(10) Phase 2: Compute new object addresses 92.494ms
[22.896s][info][gc,phases,start] GC(10) Phase 3: Adjust pointers
[22.908s][info][gc,phases      ] GC(10) Phase 3: Adjust pointers 12.123ms
[22.908s][info][gc,phases,start] GC(10) Phase 4: Move objects
[22.908s][info][gc,phases      ] GC(10) Phase 4: Move objects 0.117ms
[22.908s][info][gc,heap        ] GC(10) DefNew: 558091K(1258304K)->0K(1258304K) Eden: 557493K(1118528K)->0K(1118528K) From: 598K(139776K)->0K(139776K)
[22.909s][info][gc,heap        ] GC(10) Tenured: 15829K(2796224K)->16156K(2796224K)
[22.909s][info][gc,metaspace   ] GC(10) Metaspace: 51384K(52032K)->51384K(52032K) NonClass: 43939K(44352K)->43939K(44352K) Class: 7445K(7680K)->7445K(7680K)
[22.909s][info][gc             ] GC(10) Pause Full (System.gc()) 560M->15M(3959M) 130.546ms
[22.909s][info][gc,cpu         ] GC(10) User=0.12s Sys=0.00s Real=0.12s
[24.294s][info][gc,start       ] GC(11) Pause Young (Allocation Failure)
[24.296s][info][gc,heap        ] GC(11) DefNew: 1118528K(1258304K)->515K(1258304K) Eden: 1118528K(1118528K)->0K(1118528K) From: 0K(139776K)->515K(139776K)
[24.296s][info][gc,heap        ] GC(11) Tenured: 16156K(2796224K)->16156K(2796224K)
[24.296s][info][gc,metaspace   ] GC(11) Metaspace: 51435K(52032K)->51435K(52032K) NonClass: 43990K(44352K)->43990K(44352K) Class: 7445K(7680K)->7445K(7680K)
[24.296s][info][gc             ] GC(11) Pause Young (Allocation Failure) 1108M->16M(3959M) 2.445ms
[24.296s][info][gc,cpu         ] GC(11) User=0.00s Sys=0.00s Real=0.00s
[25.815s][info][gc,start       ] GC(12) Pause Young (Allocation Failure)
[25.817s][info][gc,heap        ] GC(12) DefNew: 1119043K(1258304K)->503K(1258304K) Eden: 1118528K(1118528K)->0K(1118528K) From: 515K(139776K)->503K(139776K)
[25.817s][info][gc,heap        ] GC(12) Tenured: 16156K(2796224K)->16156K(2796224K)
[25.817s][info][gc,metaspace   ] GC(12) Metaspace: 51435K(52032K)->51435K(52032K) NonClass: 43990K(44352K)->43990K(44352K) Class: 7445K(7680K)->7445K(7680K)
[25.817s][info][gc             ] GC(12) Pause Young (Allocation Failure) 1108M->16M(3959M) 1.881ms
[25.817s][info][gc,cpu         ] GC(12) User=0.00s Sys=0.00s Real=0.00s
[26.629s][info][gc,start       ] GC(13) Pause Full (System.gc())
[26.629s][info][gc,phases,start] GC(13) Phase 1: Mark live objects
[26.651s][info][gc,phases      ] GC(13) Phase 1: Mark live objects 21.750ms
[26.651s][info][gc,phases,start] GC(13) Phase 2: Compute new object addresses
[26.742s][info][gc,phases      ] GC(13) Phase 2: Compute new object addresses 91.402ms
[26.742s][info][gc,phases,start] GC(13) Phase 3: Adjust pointers
[26.754s][info][gc,phases      ] GC(13) Phase 3: Adjust pointers 11.953ms
[26.754s][info][gc,phases,start] GC(13) Phase 4: Move objects
[26.754s][info][gc,phases      ] GC(13) Phase 4: Move objects 0.139ms
[26.754s][info][gc,heap        ] GC(13) DefNew: 551062K(1258304K)->0K(1258304K) Eden: 550558K(1118528K)->0K(1118528K) From: 503K(139776K)->0K(139776K)
[26.754s][info][gc,heap        ] GC(13) Tenured: 16156K(2796224K)->16357K(2796224K)
[26.754s][info][gc,metaspace   ] GC(13) Metaspace: 51455K(52032K)->51455K(52032K) NonClass: 44010K(44352K)->44010K(44352K) Class: 7445K(7680K)->7445K(7680K)
[26.754s][info][gc             ] GC(13) Pause Full (System.gc()) 553M->15M(3959M) 125.630ms
[26.754s][info][gc,cpu         ] GC(13) User=0.12s Sys=0.00s Real=0.11s
[28.131s][info][gc,start       ] GC(14) Pause Young (Allocation Failure)
[28.133s][info][gc,heap        ] GC(14) DefNew: 1118528K(1258304K)->489K(1258304K) Eden: 1118528K(1118528K)->0K(1118528K) From: 0K(139776K)->489K(139776K)
[28.133s][info][gc,heap        ] GC(14) Tenured: 16357K(2796224K)->16357K(2796224K)
[28.133s][info][gc,metaspace   ] GC(14) Metaspace: 51490K(52032K)->51490K(52032K) NonClass: 44045K(44352K)->44045K(44352K) Class: 7445K(7680K)->7445K(7680K)
[28.133s][info][gc             ] GC(14) Pause Young (Allocation Failure) 1108M->16M(3959M) 2.150ms
[28.133s][info][gc,cpu         ] GC(14) User=0.00s Sys=0.00s Real=0.00s
[29.502s][info][gc,start       ] GC(15) Pause Young (Allocation Failure)
[29.503s][info][gc,heap        ] GC(15) DefNew: 1119017K(1258304K)->514K(1258304K) Eden: 1118528K(1118528K)->0K(1118528K) From: 489K(139776K)->514K(139776K)
[29.503s][info][gc,heap        ] GC(15) Tenured: 16357K(2796224K)->16357K(2796224K)
[29.503s][info][gc,metaspace   ] GC(15) Metaspace: 51492K(52032K)->51492K(52032K) NonClass: 44047K(44352K)->44047K(44352K) Class: 7445K(7680K)->7445K(7680K)
[29.504s][info][gc             ] GC(15) Pause Young (Allocation Failure) 1108M->16M(3959M) 1.912ms
[29.504s][info][gc,cpu         ] GC(15) User=0.00s Sys=0.00s Real=0.00s
[30.179s][info][gc,start       ] GC(16) Pause Full (System.gc())
[30.179s][info][gc,phases,start] GC(16) Phase 1: Mark live objects
[30.201s][info][gc,phases      ] GC(16) Phase 1: Mark live objects 22.182ms
[30.201s][info][gc,phases,start] GC(16) Phase 2: Compute new object addresses
[30.292s][info][gc,phases      ] GC(16) Phase 2: Compute new object addresses 90.877ms
[30.292s][info][gc,phases,start] GC(16) Phase 3: Adjust pointers
[30.304s][info][gc,phases      ] GC(16) Phase 3: Adjust pointers 12.039ms
[30.304s][info][gc,phases,start] GC(16) Phase 4: Move objects
[30.304s][info][gc,phases      ] GC(16) Phase 4: Move objects 0.171ms
[30.305s][info][gc,heap        ] GC(16) DefNew: 545988K(1258304K)->0K(1258304K) Eden: 545473K(1118528K)->0K(1118528K) From: 514K(139776K)->0K(139776K)
[30.305s][info][gc,heap        ] GC(16) Tenured: 16357K(2796224K)->16605K(2796224K)
[30.305s][info][gc,metaspace   ] GC(16) Metaspace: 51514K(52032K)->51514K(52032K) NonClass: 44069K(44352K)->44069K(44352K) Class: 7445K(7680K)->7445K(7680K)
[30.305s][info][gc             ] GC(16) Pause Full (System.gc()) 549M->16M(3959M) 125.681ms
[30.305s][info][gc,cpu         ] GC(16) User=0.11s Sys=0.00s Real=0.13s
[31.700s][info][gc,start       ] GC(17) Pause Young (Allocation Failure)
[31.702s][info][gc,heap        ] GC(17) DefNew: 1118528K(1258304K)->501K(1258304K) Eden: 1118528K(1118528K)->0K(1118528K) From: 0K(139776K)->501K(139776K)
[31.702s][info][gc,heap        ] GC(17) Tenured: 16605K(2796224K)->16605K(2796224K)
[31.702s][info][gc,metaspace   ] GC(17) Metaspace: 51539K(52032K)->51539K(52032K) NonClass: 44094K(44352K)->44094K(44352K) Class: 7445K(7680K)->7445K(7680K)
[31.702s][info][gc             ] GC(17) Pause Young (Allocation Failure) 1108M->16M(3959M) 2.365ms
[31.702s][info][gc,cpu         ] GC(17) User=0.00s Sys=0.00s Real=0.00s
[33.058s][info][gc,start       ] GC(18) Pause Young (Allocation Failure)
[33.060s][info][gc,heap        ] GC(18) DefNew: 1119029K(1258304K)->484K(1258304K) Eden: 1118528K(1118528K)->0K(1118528K) From: 501K(139776K)->484K(139776K)
[33.060s][info][gc,heap        ] GC(18) Tenured: 16605K(2796224K)->16605K(2796224K)
[33.060s][info][gc,metaspace   ] GC(18) Metaspace: 51540K(52032K)->51540K(52032K) NonClass: 44094K(44352K)->44094K(44352K) Class: 7445K(7680K)->7445K(7680K)
[33.060s][info][gc             ] GC(18) Pause Young (Allocation Failure) 1109M->16M(3959M) 1.844ms
[33.060s][info][gc,cpu         ] GC(18) User=0.00s Sys=0.00s Real=0.00s
[33.748s][info][gc,start       ] GC(19) Pause Full (System.gc())
[33.748s][info][gc,phases,start] GC(19) Phase 1: Mark live objects
[33.771s][info][gc,phases      ] GC(19) Phase 1: Mark live objects 23.197ms
[33.772s][info][gc,phases,start] GC(19) Phase 2: Compute new object addresses
[33.862s][info][gc,phases      ] GC(19) Phase 2: Compute new object addresses 90.448ms
[33.862s][info][gc,phases,start] GC(19) Phase 3: Adjust pointers
[33.874s][info][gc,phases      ] GC(19) Phase 3: Adjust pointers 12.400ms
[33.874s][info][gc,phases,start] GC(19) Phase 4: Move objects
[33.876s][info][gc,phases      ] GC(19) Phase 4: Move objects 1.071ms
[33.876s][info][gc,heap        ] GC(19) DefNew: 537086K(1258304K)->0K(1258304K) Eden: 536602K(1118528K)->0K(1118528K) From: 484K(139776K)->0K(139776K)
[33.876s][info][gc,heap        ] GC(19) Tenured: 16605K(2796224K)->15937K(2796224K)
[33.876s][info][gc,metaspace   ] GC(19) Metaspace: 51540K(52032K)->51540K(52032K) NonClass: 44095K(44352K)->44095K(44352K) Class: 7445K(7680K)->7445K(7680K)
[33.876s][info][gc             ] GC(19) Pause Full (System.gc()) 540M->15M(3959M) 127.587ms
[33.876s][info][gc,cpu         ] GC(19) User=0.14s Sys=0.00s Real=0.13s
[35.264s][info][gc,start       ] GC(20) Pause Young (Allocation Failure)
[35.266s][info][gc,heap        ] GC(20) DefNew: 1118528K(1258304K)->504K(1258304K) Eden: 1118528K(1118528K)->0K(1118528K) From: 0K(139776K)->504K(139776K)
[35.266s][info][gc,heap        ] GC(20) Tenured: 15937K(2796224K)->15937K(2796224K)
[35.266s][info][gc,metaspace   ] GC(20) Metaspace: 51594K(52032K)->51594K(52032K) NonClass: 44149K(44352K)->44149K(44352K) Class: 7445K(7680K)->7445K(7680K)
[35.266s][info][gc             ] GC(20) Pause Young (Allocation Failure) 1107M->16M(3959M) 2.248ms
[35.266s][info][gc,cpu         ] GC(20) User=0.00s Sys=0.00s Real=0.00s
[36.642s][info][gc,start       ] GC(21) Pause Young (Allocation Failure)
[36.645s][info][gc,heap        ] GC(21) DefNew: 1119032K(1258304K)->520K(1258304K) Eden: 1118528K(1118528K)->0K(1118528K) From: 504K(139776K)->520K(139776K)
[36.645s][info][gc,heap        ] GC(21) Tenured: 15937K(2796224K)->15937K(2796224K)
[36.645s][info][gc,metaspace   ] GC(21) Metaspace: 51598K(52032K)->51598K(52032K) NonClass: 44153K(44352K)->44153K(44352K) Class: 7445K(7680K)->7445K(7680K)
[36.645s][info][gc             ] GC(21) Pause Young (Allocation Failure) 1108M->16M(3959M) 2.130ms
[36.645s][info][gc,cpu         ] GC(21) User=0.00s Sys=0.00s Real=0.00s
[37.303s][info][gc,start       ] GC(22) Pause Full (System.gc())
[37.304s][info][gc,phases,start] GC(22) Phase 1: Mark live objects
[37.326s][info][gc,phases      ] GC(22) Phase 1: Mark live objects 22.180ms
[37.326s][info][gc,phases,start] GC(22) Phase 2: Compute new object addresses
[37.416s][info][gc,phases      ] GC(22) Phase 2: Compute new object addresses 90.274ms
[37.416s][info][gc,phases,start] GC(22) Phase 3: Adjust pointers
[37.428s][info][gc,phases      ] GC(22) Phase 3: Adjust pointers 12.407ms
[37.428s][info][gc,phases,start] GC(22) Phase 4: Move objects
[37.429s][info][gc,phases      ] GC(22) Phase 4: Move objects 0.089ms
[37.429s][info][gc,heap        ] GC(22) DefNew: 540759K(1258304K)->0K(1258304K) Eden: 540239K(1118528K)->0K(1118528K) From: 520K(139776K)->0K(139776K)
[37.429s][info][gc,heap        ] GC(22) Tenured: 15937K(2796224K)->16145K(2796224K)
[37.429s][info][gc,metaspace   ] GC(22) Metaspace: 51609K(52032K)->51609K(52032K) NonClass: 44164K(44352K)->44164K(44352K) Class: 7445K(7680K)->7445K(7680K)
[37.429s][info][gc             ] GC(22) Pause Full (System.gc()) 543M->15M(3959M) 125.374ms
[37.429s][info][gc,cpu         ] GC(22) User=0.11s Sys=0.00s Real=0.13s
[38.807s][info][gc,start       ] GC(23) Pause Young (Allocation Failure)
[38.809s][info][gc,heap        ] GC(23) DefNew: 1118528K(1258304K)->504K(1258304K) Eden: 1118528K(1118528K)->0K(1118528K) From: 0K(139776K)->504K(139776K)
[38.809s][info][gc,heap        ] GC(23) Tenured: 16145K(2796224K)->16145K(2796224K)
[38.809s][info][gc,metaspace   ] GC(23) Metaspace: 51634K(52096K)->51634K(52096K) NonClass: 44188K(44416K)->44188K(44416K) Class: 7445K(7680K)->7445K(7680K)
[38.809s][info][gc             ] GC(23) Pause Young (Allocation Failure) 1108M->16M(3959M) 2.249ms
[38.809s][info][gc,cpu         ] GC(23) User=0.00s Sys=0.00s Real=0.00s
[40.180s][info][gc,start       ] GC(24) Pause Young (Allocation Failure)
[40.182s][info][gc,heap        ] GC(24) DefNew: 1119032K(1258304K)->493K(1258304K) Eden: 1118528K(1118528K)->0K(1118528K) From: 504K(139776K)->493K(139776K)
[40.182s][info][gc,heap        ] GC(24) Tenured: 16145K(2796224K)->16145K(2796224K)
[40.182s][info][gc,metaspace   ] GC(24) Metaspace: 51635K(52096K)->51635K(52096K) NonClass: 44189K(44416K)->44189K(44416K) Class: 7445K(7680K)->7445K(7680K)
[40.182s][info][gc             ] GC(24) Pause Young (Allocation Failure) 1108M->16M(3959M) 2.048ms
[40.182s][info][gc,cpu         ] GC(24) User=0.00s Sys=0.00s Real=0.00s
[40.854s][info][gc,start       ] GC(25) Pause Full (System.gc())
[40.854s][info][gc,phases,start] GC(25) Phase 1: Mark live objects
[40.877s][info][gc,phases      ] GC(25) Phase 1: Mark live objects 22.505ms
[40.877s][info][gc,phases,start] GC(25) Phase 2: Compute new object addresses
[40.967s][info][gc,phases      ] GC(25) Phase 2: Compute new object addresses 90.212ms
[40.967s][info][gc,phases,start] GC(25) Phase 3: Adjust pointers
[40.979s][info][gc,phases      ] GC(25) Phase 3: Adjust pointers 12.233ms
[40.979s][info][gc,phases,start] GC(25) Phase 4: Move objects
[40.979s][info][gc,phases      ] GC(25) Phase 4: Move objects 0.114ms
[40.979s][info][gc,heap        ] GC(25) DefNew: 535583K(1258304K)->0K(1258304K) Eden: 535089K(1118528K)->0K(1118528K) From: 493K(139776K)->0K(139776K)
[40.979s][info][gc,heap        ] GC(25) Tenured: 16145K(2796224K)->16415K(2796224K)
[40.979s][info][gc,metaspace   ] GC(25) Metaspace: 51643K(52096K)->51643K(52096K) NonClass: 44197K(44416K)->44197K(44416K) Class: 7445K(7680K)->7445K(7680K)
[40.979s][info][gc             ] GC(25) Pause Full (System.gc()) 538M->16M(3959M) 125.516ms
[40.980s][info][gc,cpu         ] GC(25) User=0.12s Sys=0.00s Real=0.12s
[42.392s][info][gc,start       ] GC(26) Pause Young (Allocation Failure)
[42.395s][info][gc,heap        ] GC(26) DefNew: 1118528K(1258304K)->490K(1258304K) Eden: 1118528K(1118528K)->0K(1118528K) From: 0K(139776K)->490K(139776K)
[42.395s][info][gc,heap        ] GC(26) Tenured: 16415K(2796224K)->16415K(2796224K)
[42.395s][info][gc,metaspace   ] GC(26) Metaspace: 51672K(52096K)->51672K(52096K) NonClass: 44226K(44416K)->44226K(44416K) Class: 7445K(7680K)->7445K(7680K)
[42.395s][info][gc             ] GC(26) Pause Young (Allocation Failure) 1108M->16M(3959M) 2.324ms
[42.395s][info][gc,cpu         ] GC(26) User=0.00s Sys=0.00s Real=0.00s
[44.173s][info][gc,start       ] GC(27) Pause Young (Allocation Failure)
[44.175s][info][gc,heap        ] GC(27) DefNew: 1119018K(1258304K)->478K(1258304K) Eden: 1118528K(1118528K)->0K(1118528K) From: 490K(139776K)->478K(139776K)
[44.175s][info][gc,heap        ] GC(27) Tenured: 16415K(2796224K)->16415K(2796224K)
[44.175s][info][gc,metaspace   ] GC(27) Metaspace: 51674K(52096K)->51674K(52096K) NonClass: 44228K(44416K)->44228K(44416K) Class: 7445K(7680K)->7445K(7680K)
[44.175s][info][gc             ] GC(27) Pause Young (Allocation Failure) 1108M->16M(3959M) 1.944ms
[44.175s][info][gc,cpu         ] GC(27) User=0.00s Sys=0.00s Real=0.00s
[44.882s][info][gc,start       ] GC(28) Pause Full (System.gc())
[44.882s][info][gc,phases,start] GC(28) Phase 1: Mark live objects
[44.904s][info][gc,phases      ] GC(28) Phase 1: Mark live objects 21.751ms
[44.904s][info][gc,phases,start] GC(28) Phase 2: Compute new object addresses
[44.993s][info][gc,phases      ] GC(28) Phase 2: Compute new object addresses 89.214ms
[44.993s][info][gc,phases,start] GC(28) Phase 3: Adjust pointers
[45.006s][info][gc,phases      ] GC(28) Phase 3: Adjust pointers 12.310ms
[45.006s][info][gc,phases,start] GC(28) Phase 4: Move objects
[45.006s][info][gc,phases      ] GC(28) Phase 4: Move objects 0.104ms
[45.006s][info][gc,heap        ] GC(28) DefNew: 535475K(1258304K)->0K(1258304K) Eden: 534997K(1118528K)->0K(1118528K) From: 478K(139776K)->0K(139776K)
[45.006s][info][gc,heap        ] GC(28) Tenured: 16415K(2796224K)->16631K(2796224K)
[45.006s][info][gc,metaspace   ] GC(28) Metaspace: 51692K(52096K)->51692K(52096K) NonClass: 44247K(44416K)->44247K(44416K) Class: 7445K(7680K)->7445K(7680K)
[45.006s][info][gc             ] GC(28) Pause Full (System.gc()) 538M->16M(3959M) 123.735ms
[45.006s][info][gc,cpu         ] GC(28) User=0.11s Sys=0.00s Real=0.11s
[46.363s][info][gc,start       ] GC(29) Pause Young (Allocation Failure)
[46.365s][info][gc,heap        ] GC(29) DefNew: 1118528K(1258304K)->508K(1258304K) Eden: 1118528K(1118528K)->0K(1118528K) From: 0K(139776K)->508K(139776K)
[46.365s][info][gc,heap        ] GC(29) Tenured: 16631K(2796224K)->16631K(2796224K)
[46.365s][info][gc,metaspace   ] GC(29) Metaspace: 51719K(52224K)->51719K(52224K) NonClass: 44273K(44544K)->44273K(44544K) Class: 7445K(7680K)->7445K(7680K)
[46.365s][info][gc             ] GC(29) Pause Young (Allocation Failure) 1108M->16M(3959M) 2.207ms
[46.365s][info][gc,cpu         ] GC(29) User=0.00s Sys=0.00s Real=0.00s
[47.694s][info][gc,start       ] GC(30) Pause Young (Allocation Failure)
[47.696s][info][gc,heap        ] GC(30) DefNew: 1119036K(1258304K)->515K(1258304K) Eden: 1118528K(1118528K)->0K(1118528K) From: 508K(139776K)->515K(139776K)
[47.696s][info][gc,heap        ] GC(30) Tenured: 16631K(2796224K)->16631K(2796224K)
[47.696s][info][gc,metaspace   ] GC(30) Metaspace: 51719K(52224K)->51719K(52224K) NonClass: 44273K(44544K)->44273K(44544K) Class: 7445K(7680K)->7445K(7680K)
[47.696s][info][gc             ] GC(30) Pause Young (Allocation Failure) 1109M->16M(3959M) 1.941ms
[47.696s][info][gc,cpu         ] GC(30) User=0.00s Sys=0.00s Real=0.00s
[48.357s][info][gc,start       ] GC(31) Pause Full (System.gc())
[48.357s][info][gc,phases,start] GC(31) Phase 1: Mark live objects
[48.379s][info][gc,phases      ] GC(31) Phase 1: Mark live objects 21.655ms
[48.379s][info][gc,phases,start] GC(31) Phase 2: Compute new object addresses
[48.469s][info][gc,phases      ] GC(31) Phase 2: Compute new object addresses 89.972ms
[48.469s][info][gc,phases,start] GC(31) Phase 3: Adjust pointers
[48.481s][info][gc,phases      ] GC(31) Phase 3: Adjust pointers 12.235ms
[48.481s][info][gc,phases,start] GC(31) Phase 4: Move objects
[48.481s][info][gc,phases      ] GC(31) Phase 4: Move objects 0.359ms
[48.481s][info][gc,heap        ] GC(31) DefNew: 535972K(1258304K)->0K(1258304K) Eden: 535457K(1118528K)->0K(1118528K) From: 515K(139776K)->0K(139776K)
[48.481s][info][gc,heap        ] GC(31) Tenured: 16631K(2796224K)->15944K(2796224K)
[48.481s][info][gc,metaspace   ] GC(31) Metaspace: 51720K(52224K)->51720K(52224K) NonClass: 44274K(44544K)->44274K(44544K) Class: 7445K(7680K)->7445K(7680K)
[48.482s][info][gc             ] GC(31) Pause Full (System.gc()) 539M->15M(3959M) 124.665ms
[48.482s][info][gc,cpu         ] GC(31) User=0.11s Sys=0.00s Real=0.11s
[49.842s][info][gc,start       ] GC(32) Pause Young (Allocation Failure)
[49.844s][info][gc,heap        ] GC(32) DefNew: 1118528K(1258304K)->506K(1258304K) Eden: 1118528K(1118528K)->0K(1118528K) From: 0K(139776K)->506K(139776K)
[49.844s][info][gc,heap        ] GC(32) Tenured: 15944K(2796224K)->15944K(2796224K)
[49.844s][info][gc,metaspace   ] GC(32) Metaspace: 51758K(52224K)->51758K(52224K) NonClass: 44313K(44544K)->44313K(44544K) Class: 7445K(7680K)->7445K(7680K)
[49.844s][info][gc             ] GC(32) Pause Young (Allocation Failure) 1107M->16M(3959M) 2.284ms
[49.844s][info][gc,cpu         ] GC(32) User=0.00s Sys=0.00s Real=0.00s
[51.195s][info][gc,start       ] GC(33) Pause Young (Allocation Failure)
[51.197s][info][gc,heap        ] GC(33) DefNew: 1119034K(1258304K)->489K(1258304K) Eden: 1118528K(1118528K)->0K(1118528K) From: 506K(139776K)->489K(139776K)
[51.197s][info][gc,heap        ] GC(33) Tenured: 15944K(2796224K)->15944K(2796224K)
[51.197s][info][gc,metaspace   ] GC(33) Metaspace: 51760K(52224K)->51760K(52224K) NonClass: 44314K(44544K)->44314K(44544K) Class: 7445K(7680K)->7445K(7680K)
[51.197s][info][gc             ] GC(33) Pause Young (Allocation Failure) 1108M->16M(3959M) 1.829ms
[51.197s][info][gc,cpu         ] GC(33) User=0.00s Sys=0.00s Real=0.00s
[51.860s][info][gc,start       ] GC(34) Pause Full (System.gc())
[51.860s][info][gc,phases,start] GC(34) Phase 1: Mark live objects
[51.882s][info][gc,phases      ] GC(34) Phase 1: Mark live objects 22.180ms
[51.882s][info][gc,phases,start] GC(34) Phase 2: Compute new object addresses
[51.973s][info][gc,phases      ] GC(34) Phase 2: Compute new object addresses 90.596ms
[51.973s][info][gc,phases,start] GC(34) Phase 3: Adjust pointers
[51.985s][info][gc,phases      ] GC(34) Phase 3: Adjust pointers 12.473ms
[51.985s][info][gc,phases,start] GC(34) Phase 4: Move objects
[51.985s][info][gc,phases      ] GC(34) Phase 4: Move objects 0.097ms
[51.985s][info][gc,heap        ] GC(34) DefNew: 533834K(1258304K)->0K(1258304K) Eden: 533345K(1118528K)->0K(1118528K) From: 489K(139776K)->0K(139776K)
[51.985s][info][gc,heap        ] GC(34) Tenured: 15944K(2796224K)->16182K(2796224K)
[51.985s][info][gc,metaspace   ] GC(34) Metaspace: 51792K(52288K)->51792K(52288K) NonClass: 44346K(44608K)->44346K(44608K) Class: 7445K(7680K)->7445K(7680K)
[51.986s][info][gc             ] GC(34) Pause Full (System.gc()) 536M->15M(3959M) 125.739ms
[51.986s][info][gc,cpu         ] GC(34) User=0.11s Sys=0.00s Real=0.11s
[53.349s][info][gc,start       ] GC(35) Pause Young (Allocation Failure)
[53.351s][info][gc,heap        ] GC(35) DefNew: 1118528K(1258304K)->488K(1258304K) Eden: 1118528K(1118528K)->0K(1118528K) From: 0K(139776K)->488K(139776K)
[53.351s][info][gc,heap        ] GC(35) Tenured: 16182K(2796224K)->16182K(2796224K)
[53.351s][info][gc,metaspace   ] GC(35) Metaspace: 51803K(52288K)->51803K(52288K) NonClass: 44357K(44608K)->44357K(44608K) Class: 7445K(7680K)->7445K(7680K)
[53.351s][info][gc             ] GC(35) Pause Young (Allocation Failure) 1108M->16M(3959M) 2.266ms
[53.351s][info][gc,cpu         ] GC(35) User=0.00s Sys=0.00s Real=0.00s
[54.706s][info][gc,start       ] GC(36) Pause Young (Allocation Failure)
[54.708s][info][gc,heap        ] GC(36) DefNew: 1119016K(1258304K)->482K(1258304K) Eden: 1118528K(1118528K)->0K(1118528K) From: 488K(139776K)->482K(139776K)
[54.708s][info][gc,heap        ] GC(36) Tenured: 16182K(2796224K)->16182K(2796224K)
[54.708s][info][gc,metaspace   ] GC(36) Metaspace: 51803K(52288K)->51803K(52288K) NonClass: 44357K(44608K)->44357K(44608K) Class: 7445K(7680K)->7445K(7680K)
[54.708s][info][gc             ] GC(36) Pause Young (Allocation Failure) 1108M->16M(3959M) 1.973ms
[54.708s][info][gc,cpu         ] GC(36) User=0.00s Sys=0.00s Real=0.00s
[55.359s][info][gc,start       ] GC(37) Pause Full (System.gc())
[55.359s][info][gc,phases,start] GC(37) Phase 1: Mark live objects
[55.382s][info][gc,phases      ] GC(37) Phase 1: Mark live objects 22.399ms
[55.382s][info][gc,phases,start] GC(37) Phase 2: Compute new object addresses
[55.471s][info][gc,phases      ] GC(37) Phase 2: Compute new object addresses 89.469ms
[55.471s][info][gc,phases,start] GC(37) Phase 3: Adjust pointers
[55.484s][info][gc,phases      ] GC(37) Phase 3: Adjust pointers 12.489ms
[55.484s][info][gc,phases,start] GC(37) Phase 4: Move objects
[55.484s][info][gc,phases      ] GC(37) Phase 4: Move objects 0.089ms
[55.484s][info][gc,heap        ] GC(37) DefNew: 533194K(1258304K)->0K(1258304K) Eden: 532711K(1118528K)->0K(1118528K) From: 482K(139776K)->0K(139776K)
[55.484s][info][gc,heap        ] GC(37) Tenured: 16182K(2796224K)->16378K(2796224K)
[55.484s][info][gc,metaspace   ] GC(37) Metaspace: 51806K(52288K)->51806K(52288K) NonClass: 44360K(44608K)->44360K(44608K) Class: 7445K(7680K)->7445K(7680K)
[55.484s][info][gc             ] GC(37) Pause Full (System.gc()) 536M->15M(3959M) 124.913ms
[55.484s][info][gc,cpu         ] GC(37) User=0.11s Sys=0.00s Real=0.13s
[56.833s][info][gc,start       ] GC(38) Pause Young (Allocation Failure)
[56.835s][info][gc,heap        ] GC(38) DefNew: 1118528K(1258304K)->526K(1258304K) Eden: 1118528K(1118528K)->0K(1118528K) From: 0K(139776K)->526K(139776K)
[56.835s][info][gc,heap        ] GC(38) Tenured: 16378K(2796224K)->16378K(2796224K)
[56.835s][info][gc,metaspace   ] GC(38) Metaspace: 51843K(52288K)->51843K(52288K) NonClass: 44397K(44608K)->44397K(44608K) Class: 7445K(7680K)->7445K(7680K)
[56.835s][info][gc             ] GC(38) Pause Young (Allocation Failure) 1108M->16M(3959M) 2.337ms
[56.835s][info][gc,cpu         ] GC(38) User=0.00s Sys=0.00s Real=0.00s
[58.203s][info][gc,start       ] GC(39) Pause Young (Allocation Failure)
[58.204s][info][gc,heap        ] GC(39) DefNew: 1119054K(1258304K)->497K(1258304K) Eden: 1118528K(1118528K)->0K(1118528K) From: 526K(139776K)->497K(139776K)
[58.204s][info][gc,heap        ] GC(39) Tenured: 16378K(2796224K)->16378K(2796224K)
[58.204s][info][gc,metaspace   ] GC(39) Metaspace: 51843K(52288K)->51843K(52288K) NonClass: 44397K(44608K)->44397K(44608K) Class: 7445K(7680K)->7445K(7680K)
[58.204s][info][gc             ] GC(39) Pause Young (Allocation Failure) 1108M->16M(3959M) 1.944ms
[58.204s][info][gc,cpu         ] GC(39) User=0.00s Sys=0.00s Real=0.00s
[58.865s][info][gc,start       ] GC(40) Pause Full (System.gc())
[58.865s][info][gc,phases,start] GC(40) Phase 1: Mark live objects
[58.887s][info][gc,phases      ] GC(40) Phase 1: Mark live objects 22.374ms
[58.887s][info][gc,phases,start] GC(40) Phase 2: Compute new object addresses
[58.977s][info][gc,phases      ] GC(40) Phase 2: Compute new object addresses 89.742ms
[58.977s][info][gc,phases,start] GC(40) Phase 3: Adjust pointers
[58.989s][info][gc,phases      ] GC(40) Phase 3: Adjust pointers 12.449ms
[58.989s][info][gc,phases,start] GC(40) Phase 4: Move objects
[58.989s][info][gc,phases      ] GC(40) Phase 4: Move objects 0.098ms
[58.990s][info][gc,heap        ] GC(40) DefNew: 537272K(1258304K)->0K(1258304K) Eden: 536774K(1118528K)->0K(1118528K) From: 497K(139776K)->0K(139776K)
[58.990s][info][gc,heap        ] GC(40) Tenured: 16378K(2796224K)->16611K(2796224K)
[58.990s][info][gc,metaspace   ] GC(40) Metaspace: 51859K(52288K)->51859K(52288K) NonClass: 44414K(44608K)->44414K(44608K) Class: 7445K(7680K)->7445K(7680K)
[58.990s][info][gc             ] GC(40) Pause Full (System.gc()) 540M->16M(3959M) 125.025ms
[58.990s][info][gc,cpu         ] GC(40) User=0.12s Sys=0.00s Real=0.11s
[60.358s][info][gc,start       ] GC(41) Pause Young (Allocation Failure)
[60.360s][info][gc,heap        ] GC(41) DefNew: 1118528K(1258304K)->494K(1258304K) Eden: 1118528K(1118528K)->0K(1118528K) From: 0K(139776K)->494K(139776K)
[60.360s][info][gc,heap        ] GC(41) Tenured: 16611K(2796224K)->16611K(2796224K)
[60.360s][info][gc,metaspace   ] GC(41) Metaspace: 51875K(52352K)->51875K(52352K) NonClass: 44429K(44672K)->44429K(44672K) Class: 7445K(7680K)->7445K(7680K)
[60.360s][info][gc             ] GC(41) Pause Young (Allocation Failure) 1108M->16M(3959M) 2.203ms
[60.360s][info][gc,cpu         ] GC(41) User=0.00s Sys=0.00s Real=0.00s
[61.754s][info][gc,start       ] GC(42) Pause Young (Allocation Failure)
[61.756s][info][gc,heap        ] GC(42) DefNew: 1119022K(1258304K)->551K(1258304K) Eden: 1118528K(1118528K)->0K(1118528K) From: 494K(139776K)->551K(139776K)
[61.756s][info][gc,heap        ] GC(42) Tenured: 16611K(2796224K)->16611K(2796224K)
[61.756s][info][gc,metaspace   ] GC(42) Metaspace: 51877K(52352K)->51877K(52352K) NonClass: 44431K(44672K)->44431K(44672K) Class: 7445K(7680K)->7445K(7680K)
[61.756s][info][gc             ] GC(42) Pause Young (Allocation Failure) 1109M->16M(3959M) 2.048ms
[61.756s][info][gc,cpu         ] GC(42) User=0.00s Sys=0.00s Real=0.00s
[62.414s][info][gc,start       ] GC(43) Pause Full (System.gc())
[62.414s][info][gc,phases,start] GC(43) Phase 1: Mark live objects
[62.436s][info][gc,phases      ] GC(43) Phase 1: Mark live objects 22.241ms
[62.436s][info][gc,phases,start] GC(43) Phase 2: Compute new object addresses
[62.526s][info][gc,phases      ] GC(43) Phase 2: Compute new object addresses 89.716ms
[62.526s][info][gc,phases,start] GC(43) Phase 3: Adjust pointers
[62.538s][info][gc,phases      ] GC(43) Phase 3: Adjust pointers 12.298ms
[62.538s][info][gc,phases,start] GC(43) Phase 4: Move objects
[62.538s][info][gc,phases      ] GC(43) Phase 4: Move objects 0.189ms
[62.538s][info][gc,heap        ] GC(43) DefNew: 530245K(1258304K)->0K(1258304K) Eden: 529693K(1118528K)->0K(1118528K) From: 551K(139776K)->0K(139776K)
[62.538s][info][gc,heap        ] GC(43) Tenured: 16611K(2796224K)->15944K(2796224K)
[62.538s][info][gc,metaspace   ] GC(43) Metaspace: 51881K(52352K)->51881K(52352K) NonClass: 44435K(44672K)->44435K(44672K) Class: 7445K(7680K)->7445K(7680K)
[62.538s][info][gc             ] GC(43) Pause Full (System.gc()) 534M->15M(3959M) 124.799ms
[62.538s][info][gc,cpu         ] GC(43) User=0.11s Sys=0.00s Real=0.11s
[63.884s][info][gc,start       ] GC(44) Pause Young (Allocation Failure)
[63.886s][info][gc,heap        ] GC(44) DefNew: 1118528K(1258304K)->519K(1258304K) Eden: 1118528K(1118528K)->0K(1118528K) From: 0K(139776K)->519K(139776K)
[63.886s][info][gc,heap        ] GC(44) Tenured: 15944K(2796224K)->15944K(2796224K)
[63.886s][info][gc,metaspace   ] GC(44) Metaspace: 51913K(52416K)->51913K(52416K) NonClass: 44467K(44736K)->44467K(44736K) Class: 7445K(7680K)->7445K(7680K)
[63.886s][info][gc             ] GC(44) Pause Young (Allocation Failure) 1107M->16M(3959M) 2.138ms
[63.886s][info][gc,cpu         ] GC(44) User=0.00s Sys=0.00s Real=0.00s
[65.227s][info][gc,start       ] GC(45) Pause Young (Allocation Failure)
[65.229s][info][gc,heap        ] GC(45) DefNew: 1119047K(1258304K)->497K(1258304K) Eden: 1118528K(1118528K)->0K(1118528K) From: 519K(139776K)->497K(139776K)
[65.229s][info][gc,heap        ] GC(45) Tenured: 15944K(2796224K)->15944K(2796224K)
[65.229s][info][gc,metaspace   ] GC(45) Metaspace: 51916K(52416K)->51916K(52416K) NonClass: 44470K(44736K)->44470K(44736K) Class: 7445K(7680K)->7445K(7680K)
[65.229s][info][gc             ] GC(45) Pause Young (Allocation Failure) 1108M->16M(3959M) 1.837ms
[65.229s][info][gc,cpu         ] GC(45) User=0.00s Sys=0.00s Real=0.00s
[65.884s][info][gc,start       ] GC(46) Pause Full (System.gc())
[65.884s][info][gc,phases,start] GC(46) Phase 1: Mark live objects
[65.907s][info][gc,phases      ] GC(46) Phase 1: Mark live objects 22.771ms
[65.907s][info][gc,phases,start] GC(46) Phase 2: Compute new object addresses
[65.996s][info][gc,phases      ] GC(46) Phase 2: Compute new object addresses 88.947ms
[65.996s][info][gc,phases,start] GC(46) Phase 3: Adjust pointers
[66.009s][info][gc,phases      ] GC(46) Phase 3: Adjust pointers 12.555ms
[66.009s][info][gc,phases,start] GC(46) Phase 4: Move objects
[66.009s][info][gc,phases      ] GC(46) Phase 4: Move objects 0.089ms
[66.009s][info][gc,heap        ] GC(46) DefNew: 529891K(1258304K)->0K(1258304K) Eden: 529394K(1118528K)->0K(1118528K) From: 497K(139776K)->0K(139776K)
[66.009s][info][gc,heap        ] GC(46) Tenured: 15944K(2796224K)->16163K(2796224K)
[66.009s][info][gc,metaspace   ] GC(46) Metaspace: 51925K(52416K)->51925K(52416K) NonClass: 44480K(44736K)->44480K(44736K) Class: 7445K(7680K)->7445K(7680K)
[66.009s][info][gc             ] GC(46) Pause Full (System.gc()) 533M->15M(3959M) 124.730ms
[66.009s][info][gc,cpu         ] GC(46) User=0.12s Sys=0.00s Real=0.12s
[67.371s][info][gc,start       ] GC(47) Pause Young (Allocation Failure)
[67.373s][info][gc,heap        ] GC(47) DefNew: 1118528K(1258304K)->509K(1258304K) Eden: 1118528K(1118528K)->0K(1118528K) From: 0K(139776K)->509K(139776K)
[67.373s][info][gc,heap        ] GC(47) Tenured: 16163K(2796224K)->16163K(2796224K)
[67.373s][info][gc,metaspace   ] GC(47) Metaspace: 51944K(52416K)->51944K(52416K) NonClass: 44498K(44736K)->44498K(44736K) Class: 7445K(7680K)->7445K(7680K)
[67.373s][info][gc             ] GC(47) Pause Young (Allocation Failure) 1108M->16M(3959M) 2.274ms
[67.373s][info][gc,cpu         ] GC(47) User=0.00s Sys=0.00s Real=0.00s
[68.748s][info][gc,start       ] GC(48) Pause Young (Allocation Failure)
[68.750s][info][gc,heap        ] GC(48) DefNew: 1119037K(1258304K)->519K(1258304K) Eden: 1118528K(1118528K)->0K(1118528K) From: 509K(139776K)->519K(139776K)
[68.750s][info][gc,heap        ] GC(48) Tenured: 16163K(2796224K)->16163K(2796224K)
[68.750s][info][gc,metaspace   ] GC(48) Metaspace: 51947K(52416K)->51947K(52416K) NonClass: 44501K(44736K)->44501K(44736K) Class: 7445K(7680K)->7445K(7680K)
[68.750s][info][gc             ] GC(48) Pause Young (Allocation Failure) 1108M->16M(3959M) 1.989ms
[68.750s][info][gc,cpu         ] GC(48) User=0.00s Sys=0.00s Real=0.00s
[69.414s][info][gc,start       ] GC(49) Pause Full (System.gc())
[69.415s][info][gc,phases,start] GC(49) Phase 1: Mark live objects
[69.437s][info][gc,phases      ] GC(49) Phase 1: Mark live objects 22.876ms
[69.437s][info][gc,phases,start] GC(49) Phase 2: Compute new object addresses
[69.528s][info][gc,phases      ] GC(49) Phase 2: Compute new object addresses 90.138ms
[69.528s][info][gc,phases,start] GC(49) Phase 3: Adjust pointers
[69.540s][info][gc,phases      ] GC(49) Phase 3: Adjust pointers 12.447ms
[69.540s][info][gc,phases,start] GC(49) Phase 4: Move objects
[69.540s][info][gc,phases      ] GC(49) Phase 4: Move objects 0.076ms
[69.540s][info][gc,heap        ] GC(49) DefNew: 535225K(1258304K)->0K(1258304K) Eden: 534705K(1118528K)->0K(1118528K) From: 519K(139776K)->0K(139776K)
[69.540s][info][gc,heap        ] GC(49) Tenured: 16163K(2796224K)->16343K(2796224K)
[69.540s][info][gc,metaspace   ] GC(49) Metaspace: 51953K(52416K)->51953K(52416K) NonClass: 44507K(44736K)->44507K(44736K) Class: 7445K(7680K)->7445K(7680K)
[69.540s][info][gc             ] GC(49) Pause Full (System.gc()) 538M->15M(3959M) 125.908ms
[69.540s][info][gc,cpu         ] GC(49) User=0.09s Sys=0.00s Real=0.13s
[70.898s][info][gc,start       ] GC(50) Pause Young (Allocation Failure)
[70.901s][info][gc,heap        ] GC(50) DefNew: 1118528K(1258304K)->532K(1258304K) Eden: 1118528K(1118528K)->0K(1118528K) From: 0K(139776K)->532K(139776K)
[70.901s][info][gc,heap        ] GC(50) Tenured: 16343K(2796224K)->16343K(2796224K)
[70.901s][info][gc,metaspace   ] GC(50) Metaspace: 51986K(52480K)->51986K(52480K) NonClass: 44540K(44800K)->44540K(44800K) Class: 7445K(7680K)->7445K(7680K)
[70.901s][info][gc             ] GC(50) Pause Young (Allocation Failure) 1108M->16M(3959M) 2.177ms
[70.901s][info][gc,cpu         ] GC(50) User=0.00s Sys=0.00s Real=0.00s
[72.268s][info][gc,start       ] GC(51) Pause Young (Allocation Failure)
[72.270s][info][gc,heap        ] GC(51) DefNew: 1119060K(1258304K)->502K(1258304K) Eden: 1118528K(1118528K)->0K(1118528K) From: 532K(139776K)->502K(139776K)
[72.270s][info][gc,heap        ] GC(51) Tenured: 16343K(2796224K)->16343K(2796224K)
[72.270s][info][gc,metaspace   ] GC(51) Metaspace: 51986K(52480K)->51986K(52480K) NonClass: 44540K(44800K)->44540K(44800K) Class: 7445K(7680K)->7445K(7680K)
[72.270s][info][gc             ] GC(51) Pause Young (Allocation Failure) 1108M->16M(3959M) 1.885ms
[72.270s][info][gc,cpu         ] GC(51) User=0.00s Sys=0.00s Real=0.00s
[72.968s][info][gc,start       ] GC(52) Pause Full (System.gc())
[72.968s][info][gc,phases,start] GC(52) Phase 1: Mark live objects
[72.990s][info][gc,phases      ] GC(52) Phase 1: Mark live objects 22.000ms
[72.990s][info][gc,phases,start] GC(52) Phase 2: Compute new object addresses
[73.080s][info][gc,phases      ] GC(52) Phase 2: Compute new object addresses 89.810ms
[73.080s][info][gc,phases,start] GC(52) Phase 3: Adjust pointers
[73.093s][info][gc,phases      ] GC(52) Phase 3: Adjust pointers 13.159ms
[73.093s][info][gc,phases,start] GC(52) Phase 4: Move objects
[73.093s][info][gc,phases      ] GC(52) Phase 4: Move objects 0.084ms
[73.093s][info][gc,heap        ] GC(52) DefNew: 535427K(1258304K)->0K(1258304K) Eden: 534924K(1118528K)->0K(1118528K) From: 502K(139776K)->0K(139776K)
[73.093s][info][gc,heap        ] GC(52) Tenured: 16343K(2796224K)->16536K(2796224K)
[73.093s][info][gc,metaspace   ] GC(52) Metaspace: 51986K(52480K)->51986K(52480K) NonClass: 44540K(44800K)->44540K(44800K) Class: 7445K(7680K)->7445K(7680K)
[73.093s][info][gc             ] GC(52) Pause Full (System.gc()) 538M->16M(3959M) 125.439ms
[73.093s][info][gc,cpu         ] GC(52) User=0.12s Sys=0.00s Real=0.12s
[74.436s][info][gc,start       ] GC(53) Pause Young (Allocation Failure)
[74.439s][info][gc,heap        ] GC(53) DefNew: 1118528K(1258304K)->512K(1258304K) Eden: 1118528K(1118528K)->0K(1118528K) From: 0K(139776K)->512K(139776K)
[74.439s][info][gc,heap        ] GC(53) Tenured: 16536K(2796224K)->16536K(2796224K)
[74.439s][info][gc,metaspace   ] GC(53) Metaspace: 51994K(52480K)->51994K(52480K) NonClass: 44548K(44800K)->44548K(44800K) Class: 7445K(7680K)->7445K(7680K)
[74.439s][info][gc             ] GC(53) Pause Young (Allocation Failure) 1108M->16M(3959M) 2.269ms
[74.439s][info][gc,cpu         ] GC(53) User=0.00s Sys=0.00s Real=0.00s
[75.802s][info][gc,start       ] GC(54) Pause Young (Allocation Failure)
[75.804s][info][gc,heap        ] GC(54) DefNew: 1119040K(1258304K)->491K(1258304K) Eden: 1118528K(1118528K)->0K(1118528K) From: 512K(139776K)->491K(139776K)
[75.804s][info][gc,heap        ] GC(54) Tenured: 16536K(2796224K)->16536K(2796224K)
[75.804s][info][gc,metaspace   ] GC(54) Metaspace: 51994K(52480K)->51994K(52480K) NonClass: 44548K(44800K)->44548K(44800K) Class: 7445K(7680K)->7445K(7680K)
[75.804s][info][gc             ] GC(54) Pause Young (Allocation Failure) 1108M->16M(3959M) 1.870ms
[75.804s][info][gc,cpu         ] GC(54) User=0.00s Sys=0.00s Real=0.00s
[76.446s][info][gc,start       ] GC(55) Pause Full (System.gc())
[76.446s][info][gc,phases,start] GC(55) Phase 1: Mark live objects
[76.470s][info][gc,phases      ] GC(55) Phase 1: Mark live objects 24.221ms
[76.470s][info][gc,phases,start] GC(55) Phase 2: Compute new object addresses
[76.561s][info][gc,phases      ] GC(55) Phase 2: Compute new object addresses 91.044ms
[76.561s][info][gc,phases,start] GC(55) Phase 3: Adjust pointers
[76.574s][info][gc,phases      ] GC(55) Phase 3: Adjust pointers 12.806ms
[76.574s][info][gc,phases,start] GC(55) Phase 4: Move objects
[76.574s][info][gc,phases      ] GC(55) Phase 4: Move objects 0.133ms
[76.574s][info][gc,heap        ] GC(55) DefNew: 534406K(1258304K)->0K(1258304K) Eden: 533915K(1118528K)->0K(1118528K) From: 491K(139776K)->0K(139776K)
[76.574s][info][gc,heap        ] GC(55) Tenured: 16536K(2796224K)->16054K(2796224K)
[76.574s][info][gc,metaspace   ] GC(55) Metaspace: 52000K(52480K)->52000K(52480K) NonClass: 44554K(44800K)->44554K(44800K) Class: 7445K(7680K)->7445K(7680K)
[76.574s][info][gc             ] GC(55) Pause Full (System.gc()) 538M->15M(3959M) 128.593ms
[76.574s][info][gc,cpu         ] GC(55) User=0.09s Sys=0.00s Real=0.13s
[77.918s][info][gc,start       ] GC(56) Pause Young (Allocation Failure)
[77.920s][info][gc,heap        ] GC(56) DefNew: 1118528K(1258304K)->425K(1258304K) Eden: 1118528K(1118528K)->0K(1118528K) From: 0K(139776K)->425K(139776K)
[77.920s][info][gc,heap        ] GC(56) Tenured: 16054K(2796224K)->16054K(2796224K)
[77.920s][info][gc,metaspace   ] GC(56) Metaspace: 52008K(52480K)->52008K(52480K) NonClass: 44562K(44800K)->44562K(44800K) Class: 7445K(7680K)->7445K(7680K)
[77.920s][info][gc             ] GC(56) Pause Young (Allocation Failure) 1107M->16M(3959M) 2.092ms
[77.920s][info][gc,cpu         ] GC(56) User=0.00s Sys=0.00s Real=0.00s
[79.268s][info][gc,start       ] GC(57) Pause Young (Allocation Failure)
[79.270s][info][gc,heap        ] GC(57) DefNew: 1118953K(1258304K)->410K(1258304K) Eden: 1118528K(1118528K)->0K(1118528K) From: 425K(139776K)->410K(139776K)
[79.270s][info][gc,heap        ] GC(57) Tenured: 16054K(2796224K)->16054K(2796224K)
[79.270s][info][gc,metaspace   ] GC(57) Metaspace: 52008K(52480K)->52008K(52480K) NonClass: 44562K(44800K)->44562K(44800K) Class: 7445K(7680K)->7445K(7680K)
[79.270s][info][gc             ] GC(57) Pause Young (Allocation Failure) 1108M->16M(3959M) 1.930ms
[79.270s][info][gc,cpu         ] GC(57) User=0.00s Sys=0.00s Real=0.00s
[79.913s][info][gc,start       ] GC(58) Pause Full (System.gc())
[79.913s][info][gc,phases,start] GC(58) Phase 1: Mark live objects
[79.936s][info][gc,phases      ] GC(58) Phase 1: Mark live objects 22.539ms
[79.936s][info][gc,phases,start] GC(58) Phase 2: Compute new object addresses
[80.025s][info][gc,phases      ] GC(58) Phase 2: Compute new object addresses 88.791ms
[80.026s][info][gc,phases,start] GC(58) Phase 3: Adjust pointers
[80.040s][info][gc,phases      ] GC(58) Phase 3: Adjust pointers 13.169ms
[80.040s][info][gc,phases,start] GC(58) Phase 4: Move objects
[80.040s][info][gc,phases      ] GC(58) Phase 4: Move objects 0.089ms
[80.040s][info][gc,heap        ] GC(58) DefNew: 530117K(1258304K)->0K(1258304K) Eden: 529707K(1118528K)->0K(1118528K) From: 410K(139776K)->0K(139776K)
[80.040s][info][gc,heap        ] GC(58) Tenured: 16054K(2796224K)->16237K(2796224K)
[80.040s][info][gc,metaspace   ] GC(58) Metaspace: 52010K(52480K)->52010K(52480K) NonClass: 44564K(44800K)->44564K(44800K) Class: 7445K(7680K)->7445K(7680K)
[80.040s][info][gc             ] GC(58) Pause Full (System.gc()) 533M->15M(3959M) 126.578ms
[80.040s][info][gc,cpu         ] GC(58) User=0.09s Sys=0.00s Real=0.13s
[81.400s][info][gc,start       ] GC(59) Pause Young (Allocation Failure)
[81.402s][info][gc,heap        ] GC(59) DefNew: 1118528K(1258304K)->503K(1258304K) Eden: 1118528K(1118528K)->0K(1118528K) From: 0K(139776K)->503K(139776K)
[81.402s][info][gc,heap        ] GC(59) Tenured: 16237K(2796224K)->16237K(2796224K)
[81.402s][info][gc,metaspace   ] GC(59) Metaspace: 52023K(52480K)->52023K(52480K) NonClass: 44577K(44800K)->44577K(44800K) Class: 7445K(7680K)->7445K(7680K)
[81.402s][info][gc             ] GC(59) Pause Young (Allocation Failure) 1108M->16M(3959M) 2.261ms
[81.402s][info][gc,cpu         ] GC(59) User=0.00s Sys=0.00s Real=0.00s
[82.777s][info][gc,start       ] GC(60) Pause Young (Allocation Failure)
[82.779s][info][gc,heap        ] GC(60) DefNew: 1119031K(1258304K)->535K(1258304K) Eden: 1118528K(1118528K)->0K(1118528K) From: 503K(139776K)->535K(139776K)
[82.779s][info][gc,heap        ] GC(60) Tenured: 16237K(2796224K)->16237K(2796224K)
[82.779s][info][gc,metaspace   ] GC(60) Metaspace: 52023K(52480K)->52023K(52480K) NonClass: 44577K(44800K)->44577K(44800K) Class: 7445K(7680K)->7445K(7680K)
[82.779s][info][gc             ] GC(60) Pause Young (Allocation Failure) 1108M->16M(3959M) 2.049ms
[82.779s][info][gc,cpu         ] GC(60) User=0.00s Sys=0.00s Real=0.00s
[83.438s][info][gc,start       ] GC(61) Pause Full (System.gc())
[83.438s][info][gc,phases,start] GC(61) Phase 1: Mark live objects
[83.460s][info][gc,phases      ] GC(61) Phase 1: Mark live objects 22.703ms
[83.460s][info][gc,phases,start] GC(61) Phase 2: Compute new object addresses
[83.550s][info][gc,phases      ] GC(61) Phase 2: Compute new object addresses 89.734ms
[83.550s][info][gc,phases,start] GC(61) Phase 3: Adjust pointers
[83.563s][info][gc,phases      ] GC(61) Phase 3: Adjust pointers 12.493ms
[83.563s][info][gc,phases,start] GC(61) Phase 4: Move objects
[83.563s][info][gc,phases      ] GC(61) Phase 4: Move objects 0.074ms
[83.563s][info][gc,heap        ] GC(61) DefNew: 532281K(1258304K)->0K(1258304K) Eden: 531746K(1118528K)->0K(1118528K) From: 535K(139776K)->0K(139776K)
[83.563s][info][gc,heap        ] GC(61) Tenured: 16237K(2796224K)->16428K(2796224K)
[83.563s][info][gc,metaspace   ] GC(61) Metaspace: 52026K(52480K)->52026K(52480K) NonClass: 44581K(44800K)->44581K(44800K) Class: 7445K(7680K)->7445K(7680K)
[83.563s][info][gc             ] GC(61) Pause Full (System.gc()) 535M->16M(3959M) 125.378ms
[83.563s][info][gc,cpu         ] GC(61) User=0.11s Sys=0.00s Real=0.13s
[84.943s][info][gc,start       ] GC(62) Pause Young (Allocation Failure)
[84.945s][info][gc,heap        ] GC(62) DefNew: 1118528K(1258304K)->504K(1258304K) Eden: 1118528K(1118528K)->0K(1118528K) From: 0K(139776K)->504K(139776K)
[84.946s][info][gc,heap        ] GC(62) Tenured: 16428K(2796224K)->16428K(2796224K)
[84.946s][info][gc,metaspace   ] GC(62) Metaspace: 52044K(52480K)->52044K(52480K) NonClass: 44598K(44800K)->44598K(44800K) Class: 7445K(7680K)->7445K(7680K)
[84.946s][info][gc             ] GC(62) Pause Young (Allocation Failure) 1108M->16M(3959M) 2.262ms
[84.946s][info][gc,cpu         ] GC(62) User=0.00s Sys=0.00s Real=0.00s
[86.314s][info][gc,start       ] GC(63) Pause Young (Allocation Failure)
[86.316s][info][gc,heap        ] GC(63) DefNew: 1119032K(1258304K)->510K(1258304K) Eden: 1118528K(1118528K)->0K(1118528K) From: 504K(139776K)->510K(139776K)
[86.316s][info][gc,heap        ] GC(63) Tenured: 16428K(2796224K)->16428K(2796224K)
[86.316s][info][gc,metaspace   ] GC(63) Metaspace: 52046K(52480K)->52046K(52480K) NonClass: 44600K(44800K)->44600K(44800K) Class: 7445K(7680K)->7445K(7680K)
[86.316s][info][gc             ] GC(63) Pause Young (Allocation Failure) 1108M->16M(3959M) 1.864ms
[86.316s][info][gc,cpu         ] GC(63) User=0.00s Sys=0.00s Real=0.00s
[87.059s][info][gc,start       ] GC(64) Pause Full (System.gc())
[87.059s][info][gc,phases,start] GC(64) Phase 1: Mark live objects
[87.083s][info][gc,phases      ] GC(64) Phase 1: Mark live objects 23.875ms
[87.083s][info][gc,phases,start] GC(64) Phase 2: Compute new object addresses
[87.173s][info][gc,phases      ] GC(64) Phase 2: Compute new object addresses 90.775ms
[87.173s][info][gc,phases,start] GC(64) Phase 3: Adjust pointers
[87.187s][info][gc,phases      ] GC(64) Phase 3: Adjust pointers 13.193ms
[87.187s][info][gc,phases,start] GC(64) Phase 4: Move objects
[87.187s][info][gc,phases      ] GC(64) Phase 4: Move objects 0.082ms
[87.187s][info][gc,heap        ] GC(64) DefNew: 528168K(1258304K)->0K(1258304K) Eden: 527657K(1118528K)->0K(1118528K) From: 510K(139776K)->0K(139776K)
[87.187s][info][gc,heap        ] GC(64) Tenured: 16428K(2796224K)->16616K(2796224K)
[87.187s][info][gc,metaspace   ] GC(64) Metaspace: 52048K(52480K)->52048K(52480K) NonClass: 44602K(44800K)->44602K(44800K) Class: 7445K(7680K)->7445K(7680K)
[87.187s][info][gc             ] GC(64) Pause Full (System.gc()) 531M->16M(3959M) 128.328ms
[87.187s][info][gc,cpu         ] GC(64) User=0.11s Sys=0.00s Real=0.13s
[88.558s][info][gc,start       ] GC(65) Pause Young (Allocation Failure)
[88.560s][info][gc,heap        ] GC(65) DefNew: 1118528K(1258304K)->535K(1258304K) Eden: 1118528K(1118528K)->0K(1118528K) From: 0K(139776K)->535K(139776K)
[88.560s][info][gc,heap        ] GC(65) Tenured: 16616K(2796224K)->16616K(2796224K)
[88.560s][info][gc,metaspace   ] GC(65) Metaspace: 52103K(52544K)->52103K(52544K) NonClass: 44657K(44864K)->44657K(44864K) Class: 7445K(7680K)->7445K(7680K)
[88.560s][info][gc             ] GC(65) Pause Young (Allocation Failure) 1108M->16M(3959M) 2.130ms
[88.561s][info][gc,cpu         ] GC(65) User=0.00s Sys=0.00s Real=0.00s
[89.914s][info][gc,start       ] GC(66) Pause Young (Allocation Failure)
[89.916s][info][gc,heap        ] GC(66) DefNew: 1119063K(1258304K)->526K(1258304K) Eden: 1118528K(1118528K)->0K(1118528K) From: 535K(139776K)->526K(139776K)
[89.916s][info][gc,heap        ] GC(66) Tenured: 16616K(2796224K)->16616K(2796224K)
[89.916s][info][gc,metaspace   ] GC(66) Metaspace: 52106K(52544K)->52106K(52544K) NonClass: 44660K(44864K)->44660K(44864K) Class: 7445K(7680K)->7445K(7680K)
[89.916s][info][gc             ] GC(66) Pause Young (Allocation Failure) 1109M->16M(3959M) 1.956ms
[89.916s][info][gc,cpu         ] GC(66) User=0.00s Sys=0.00s Real=0.00s
[90.579s][info][gc,start       ] GC(67) Pause Full (System.gc())
[90.579s][info][gc,phases,start] GC(67) Phase 1: Mark live objects
[90.602s][info][gc,phases      ] GC(67) Phase 1: Mark live objects 23.072ms
[90.602s][info][gc,phases,start] GC(67) Phase 2: Compute new object addresses
[90.692s][info][gc,phases      ] GC(67) Phase 2: Compute new object addresses 89.850ms
[90.692s][info][gc,phases,start] GC(67) Phase 3: Adjust pointers
[90.705s][info][gc,phases      ] GC(67) Phase 3: Adjust pointers 12.670ms
[90.705s][info][gc,phases,start] GC(67) Phase 4: Move objects
[90.705s][info][gc,phases      ] GC(67) Phase 4: Move objects 0.087ms
[90.705s][info][gc,heap        ] GC(67) DefNew: 537702K(1258304K)->0K(1258304K) Eden: 537175K(1118528K)->0K(1118528K) From: 526K(139776K)->0K(139776K)
[90.705s][info][gc,heap        ] GC(67) Tenured: 16616K(2796224K)->15956K(2796224K)
[90.705s][info][gc,metaspace   ] GC(67) Metaspace: 52134K(52544K)->52134K(52544K) NonClass: 44688K(44864K)->44688K(44864K) Class: 7445K(7680K)->7445K(7680K)
[90.705s][info][gc             ] GC(67) Pause Full (System.gc()) 541M->15M(3959M) 126.054ms
[90.705s][info][gc,cpu         ] GC(67) User=0.12s Sys=0.00s Real=0.14s
[92.040s][info][gc,start       ] GC(68) Pause Young (Allocation Failure)
[92.042s][info][gc,heap        ] GC(68) DefNew: 1118528K(1258304K)->483K(1258304K) Eden: 1118528K(1118528K)->0K(1118528K) From: 0K(139776K)->483K(139776K)
[92.042s][info][gc,heap        ] GC(68) Tenured: 15956K(2796224K)->15956K(2796224K)
[92.042s][info][gc,metaspace   ] GC(68) Metaspace: 52165K(52608K)->52165K(52608K) NonClass: 44719K(44928K)->44719K(44928K) Class: 7445K(7680K)->7445K(7680K)
[92.042s][info][gc             ] GC(68) Pause Young (Allocation Failure) 1107M->16M(3959M) 2.014ms
[92.042s][info][gc,cpu         ] GC(68) User=0.00s Sys=0.00s Real=0.00s
[93.379s][info][gc,start       ] GC(69) Pause Young (Allocation Failure)
[93.381s][info][gc,heap        ] GC(69) DefNew: 1119011K(1258304K)->538K(1258304K) Eden: 1118528K(1118528K)->0K(1118528K) From: 483K(139776K)->538K(139776K)
[93.381s][info][gc,heap        ] GC(69) Tenured: 15956K(2796224K)->15956K(2796224K)
[93.381s][info][gc,metaspace   ] GC(69) Metaspace: 52169K(52608K)->52169K(52608K) NonClass: 44723K(44928K)->44723K(44928K) Class: 7445K(7680K)->7445K(7680K)
[93.381s][info][gc             ] GC(69) Pause Young (Allocation Failure) 1108M->16M(3959M) 2.019ms
[93.381s][info][gc,cpu         ] GC(69) User=0.00s Sys=0.00s Real=0.00s
[94.018s][info][gc,start       ] GC(70) Pause Full (System.gc())
[94.018s][info][gc,phases,start] GC(70) Phase 1: Mark live objects
[94.041s][info][gc,phases      ] GC(70) Phase 1: Mark live objects 23.210ms
[94.041s][info][gc,phases,start] GC(70) Phase 2: Compute new object addresses
[94.130s][info][gc,phases      ] GC(70) Phase 2: Compute new object addresses 88.847ms
[94.130s][info][gc,phases,start] GC(70) Phase 3: Adjust pointers
[94.143s][info][gc,phases      ] GC(70) Phase 3: Adjust pointers 12.846ms
[94.143s][info][gc,phases,start] GC(70) Phase 4: Move objects
[94.143s][info][gc,phases      ] GC(70) Phase 4: Move objects 0.111ms
[94.143s][info][gc,heap        ] GC(70) DefNew: 530887K(1258304K)->0K(1258304K) Eden: 530349K(1118528K)->0K(1118528K) From: 538K(139776K)->0K(139776K)
[94.143s][info][gc,heap        ] GC(70) Tenured: 15956K(2796224K)->16211K(2796224K)
[94.143s][info][gc,metaspace   ] GC(70) Metaspace: 52176K(52608K)->52176K(52608K) NonClass: 44730K(44928K)->44730K(44928K) Class: 7445K(7680K)->7445K(7680K)
[94.143s][info][gc             ] GC(70) Pause Full (System.gc()) 534M->15M(3959M) 125.390ms
[94.143s][info][gc,cpu         ] GC(70) User=0.12s Sys=0.00s Real=0.13s
[95.520s][info][gc,start       ] GC(71) Pause Young (Allocation Failure)
[95.522s][info][gc,heap        ] GC(71) DefNew: 1118528K(1258304K)->437K(1258304K) Eden: 1118528K(1118528K)->0K(1118528K) From: 0K(139776K)->437K(139776K)
[95.522s][info][gc,heap        ] GC(71) Tenured: 16211K(2796224K)->16211K(2796224K)
[95.522s][info][gc,metaspace   ] GC(71) Metaspace: 52189K(52608K)->52189K(52608K) NonClass: 44742K(44928K)->44742K(44928K) Class: 7446K(7680K)->7446K(7680K)
[95.522s][info][gc             ] GC(71) Pause Young (Allocation Failure) 1108M->16M(3959M) 1.937ms
[95.522s][info][gc,cpu         ] GC(71) User=0.00s Sys=0.00s Real=0.00s
[96.864s][info][gc,start       ] GC(72) Pause Young (Allocation Failure)
[96.866s][info][gc,heap        ] GC(72) DefNew: 1118965K(1258304K)->478K(1258304K) Eden: 1118528K(1118528K)->0K(1118528K) From: 437K(139776K)->478K(139776K)
[96.866s][info][gc,heap        ] GC(72) Tenured: 16211K(2796224K)->16211K(2796224K)
[96.866s][info][gc,metaspace   ] GC(72) Metaspace: 52189K(52608K)->52189K(52608K) NonClass: 44742K(44928K)->44742K(44928K) Class: 7446K(7680K)->7446K(7680K)
[96.866s][info][gc             ] GC(72) Pause Young (Allocation Failure) 1108M->16M(3959M) 1.873ms
[96.866s][info][gc,cpu         ] GC(72) User=0.00s Sys=0.00s Real=0.00s
[97.524s][info][gc,start       ] GC(73) Pause Full (System.gc())
[97.524s][info][gc,phases,start] GC(73) Phase 1: Mark live objects
[97.547s][info][gc,phases      ] GC(73) Phase 1: Mark live objects 22.883ms
[97.547s][info][gc,phases,start] GC(73) Phase 2: Compute new object addresses
[97.635s][info][gc,phases      ] GC(73) Phase 2: Compute new object addresses 88.590ms
[97.635s][info][gc,phases,start] GC(73) Phase 3: Adjust pointers
[97.648s][info][gc,phases      ] GC(73) Phase 3: Adjust pointers 12.703ms
[97.648s][info][gc,phases,start] GC(73) Phase 4: Move objects
[97.648s][info][gc,phases      ] GC(73) Phase 4: Move objects 0.076ms
[97.648s][info][gc,heap        ] GC(73) DefNew: 528285K(1258304K)->0K(1258304K) Eden: 527807K(1118528K)->0K(1118528K) From: 478K(139776K)->0K(139776K)
[97.648s][info][gc,heap        ] GC(73) Tenured: 16211K(2796224K)->16395K(2796224K)
[97.648s][info][gc,metaspace   ] GC(73) Metaspace: 52190K(52608K)->52190K(52608K) NonClass: 44743K(44928K)->44743K(44928K) Class: 7446K(7680K)->7446K(7680K)
[97.648s][info][gc             ] GC(73) Pause Full (System.gc()) 531M->16M(3959M) 124.612ms
[97.648s][info][gc,cpu         ] GC(73) User=0.11s Sys=0.00s Real=0.11s
[99.000s][info][gc,start       ] GC(74) Pause Young (Allocation Failure)
[99.002s][info][gc,heap        ] GC(74) DefNew: 1118528K(1258304K)->486K(1258304K) Eden: 1118528K(1118528K)->0K(1118528K) From: 0K(139776K)->486K(139776K)
[99.002s][info][gc,heap        ] GC(74) Tenured: 16395K(2796224K)->16395K(2796224K)
[99.002s][info][gc,metaspace   ] GC(74) Metaspace: 52200K(52672K)->52200K(52672K) NonClass: 44754K(44992K)->44754K(44992K) Class: 7446K(7680K)->7446K(7680K)
[99.002s][info][gc             ] GC(74) Pause Young (Allocation Failure) 1108M->16M(3959M) 2.090ms
[99.002s][info][gc,cpu         ] GC(74) User=0.00s Sys=0.00s Real=0.00s
[100.343s][info][gc,start       ] GC(75) Pause Young (Allocation Failure)
[100.345s][info][gc,heap        ] GC(75) DefNew: 1119014K(1258304K)->508K(1258304K) Eden: 1118528K(1118528K)->0K(1118528K) From: 486K(139776K)->508K(139776K)
[100.345s][info][gc,heap        ] GC(75) Tenured: 16395K(2796224K)->16395K(2796224K)
[100.345s][info][gc,metaspace   ] GC(75) Metaspace: 52200K(52672K)->52200K(52672K) NonClass: 44754K(44992K)->44754K(44992K) Class: 7446K(7680K)->7446K(7680K)
[100.345s][info][gc             ] GC(75) Pause Young (Allocation Failure) 1108M->16M(3959M) 1.916ms
[100.345s][info][gc,cpu         ] GC(75) User=0.00s Sys=0.00s Real=0.00s
[101.002s][info][gc,start       ] GC(76) Pause Full (System.gc())
[101.002s][info][gc,phases,start] GC(76) Phase 1: Mark live objects
[101.025s][info][gc,phases      ] GC(76) Phase 1: Mark live objects 22.570ms
[101.025s][info][gc,phases,start] GC(76) Phase 2: Compute new object addresses
[101.115s][info][gc,phases      ] GC(76) Phase 2: Compute new object addresses 90.269ms
[101.115s][info][gc,phases,start] GC(76) Phase 3: Adjust pointers
[101.128s][info][gc,phases      ] GC(76) Phase 3: Adjust pointers 12.646ms
[101.128s][info][gc,phases,start] GC(76) Phase 4: Move objects
[101.128s][info][gc,phases      ] GC(76) Phase 4: Move objects 0.076ms
[101.128s][info][gc,heap        ] GC(76) DefNew: 532536K(1258304K)->0K(1258304K) Eden: 532027K(1118528K)->0K(1118528K) From: 508K(139776K)->0K(139776K)
[101.128s][info][gc,heap        ] GC(76) Tenured: 16395K(2796224K)->16580K(2796224K)
[101.128s][info][gc,metaspace   ] GC(76) Metaspace: 52200K(52672K)->52200K(52672K) NonClass: 44754K(44992K)->44754K(44992K) Class: 7446K(7680K)->7446K(7680K)
[101.128s][info][gc             ] GC(76) Pause Full (System.gc()) 536M->16M(3959M) 126.011ms
[101.128s][info][gc,cpu         ] GC(76) User=0.11s Sys=0.00s Real=0.11s
[102.473s][info][gc,start       ] GC(77) Pause Young (Allocation Failure)
[102.476s][info][gc,heap        ] GC(77) DefNew: 1118528K(1258304K)->499K(1258304K) Eden: 1118528K(1118528K)->0K(1118528K) From: 0K(139776K)->499K(139776K)
[102.476s][info][gc,heap        ] GC(77) Tenured: 16580K(2796224K)->16580K(2796224K)
[102.476s][info][gc,metaspace   ] GC(77) Metaspace: 52201K(52672K)->52201K(52672K) NonClass: 44755K(44992K)->44755K(44992K) Class: 7446K(7680K)->7446K(7680K)
[102.476s][info][gc             ] GC(77) Pause Young (Allocation Failure) 1108M->16M(3959M) 2.189ms
[102.476s][info][gc,cpu         ] GC(77) User=0.00s Sys=0.00s Real=0.00s
[103.825s][info][gc,start       ] GC(78) Pause Young (Allocation Failure)
[103.827s][info][gc,heap        ] GC(78) DefNew: 1119027K(1258304K)->509K(1258304K) Eden: 1118528K(1118528K)->0K(1118528K) From: 499K(139776K)->509K(139776K)
[103.827s][info][gc,heap        ] GC(78) Tenured: 16580K(2796224K)->16580K(2796224K)
[103.827s][info][gc,metaspace   ] GC(78) Metaspace: 52201K(52672K)->52201K(52672K) NonClass: 44755K(44992K)->44755K(44992K) Class: 7446K(7680K)->7446K(7680K)
[103.827s][info][gc             ] GC(78) Pause Young (Allocation Failure) 1108M->16M(3959M) 1.923ms
[103.827s][info][gc,cpu         ] GC(78) User=0.00s Sys=0.00s Real=0.00s
[104.474s][info][gc,start       ] GC(79) Pause Full (System.gc())
[104.474s][info][gc,phases,start] GC(79) Phase 1: Mark live objects
[104.499s][info][gc,phases      ] GC(79) Phase 1: Mark live objects 24.632ms
[104.499s][info][gc,phases,start] GC(79) Phase 2: Compute new object addresses
[104.588s][info][gc,phases      ] GC(79) Phase 2: Compute new object addresses 89.338ms
[104.588s][info][gc,phases,start] GC(79) Phase 3: Adjust pointers
[104.601s][info][gc,phases      ] GC(79) Phase 3: Adjust pointers 12.920ms
[104.601s][info][gc,phases,start] GC(79) Phase 4: Move objects
[104.601s][info][gc,phases      ] GC(79) Phase 4: Move objects 0.125ms
[104.601s][info][gc,heap        ] GC(79) DefNew: 530361K(1258304K)->0K(1258304K) Eden: 529852K(1118528K)->0K(1118528K) From: 509K(139776K)->0K(139776K)
[104.601s][info][gc,heap        ] GC(79) Tenured: 16580K(2796224K)->16041K(2796224K)
[104.601s][info][gc,metaspace   ] GC(79) Metaspace: 52205K(52672K)->52205K(52672K) NonClass: 44759K(44992K)->44759K(44992K) Class: 7446K(7680K)->7446K(7680K)
[104.601s][info][gc             ] GC(79) Pause Full (System.gc()) 534M->15M(3959M) 127.404ms
[104.601s][info][gc,cpu         ] GC(79) User=0.11s Sys=0.00s Real=0.13s
[105.957s][info][gc,start       ] GC(80) Pause Young (Allocation Failure)
[105.959s][info][gc,heap        ] GC(80) DefNew: 1118528K(1258304K)->423K(1258304K) Eden: 1118528K(1118528K)->0K(1118528K) From: 0K(139776K)->423K(139776K)
[105.959s][info][gc,heap        ] GC(80) Tenured: 16041K(2796224K)->16041K(2796224K)
[105.959s][info][gc,metaspace   ] GC(80) Metaspace: 52213K(52672K)->52213K(52672K) NonClass: 44767K(44992K)->44767K(44992K) Class: 7446K(7680K)->7446K(7680K)
[105.959s][info][gc             ] GC(80) Pause Young (Allocation Failure) 1107M->16M(3959M) 2.064ms
[105.959s][info][gc,cpu         ] GC(80) User=0.00s Sys=0.00s Real=0.00s
[107.299s][info][gc,start       ] GC(81) Pause Young (Allocation Failure)
[107.301s][info][gc,heap        ] GC(81) DefNew: 1118951K(1258304K)->412K(1258304K) Eden: 1118528K(1118528K)->0K(1118528K) From: 423K(139776K)->412K(139776K)
[107.301s][info][gc,heap        ] GC(81) Tenured: 16041K(2796224K)->16041K(2796224K)
[107.301s][info][gc,metaspace   ] GC(81) Metaspace: 52213K(52672K)->52213K(52672K) NonClass: 44767K(44992K)->44767K(44992K) Class: 7446K(7680K)->7446K(7680K)
[107.301s][info][gc             ] GC(81) Pause Young (Allocation Failure) 1108M->16M(3959M) 1.826ms
[107.301s][info][gc,cpu         ] GC(81) User=0.00s Sys=0.00s Real=0.00s
[107.964s][info][gc,start       ] GC(82) Pause Full (System.gc())
[107.964s][info][gc,phases,start] GC(82) Phase 1: Mark live objects
[107.987s][info][gc,phases      ] GC(82) Phase 1: Mark live objects 23.034ms
[107.987s][info][gc,phases,start] GC(82) Phase 2: Compute new object addresses
[108.076s][info][gc,phases      ] GC(82) Phase 2: Compute new object addresses 89.289ms
[108.076s][info][gc,phases,start] GC(82) Phase 3: Adjust pointers
[108.089s][info][gc,phases      ] GC(82) Phase 3: Adjust pointers 12.951ms
[108.089s][info][gc,phases,start] GC(82) Phase 4: Move objects
[108.090s][info][gc,phases      ] GC(82) Phase 4: Move objects 0.105ms
[108.090s][info][gc,heap        ] GC(82) DefNew: 527594K(1258304K)->0K(1258304K) Eden: 527182K(1118528K)->0K(1118528K) From: 412K(139776K)->0K(139776K)
[108.090s][info][gc,heap        ] GC(82) Tenured: 16041K(2796224K)->16293K(2796224K)
[108.090s][info][gc,metaspace   ] GC(82) Metaspace: 52216K(52672K)->52216K(52672K) NonClass: 44770K(44992K)->44770K(44992K) Class: 7446K(7680K)->7446K(7680K)
[108.090s][info][gc             ] GC(82) Pause Full (System.gc()) 530M->15M(3959M) 125.745ms
[108.090s][info][gc,cpu         ] GC(82) User=0.12s Sys=0.00s Real=0.13s
[109.441s][info][gc,start       ] GC(83) Pause Young (Allocation Failure)
[109.443s][info][gc,heap        ] GC(83) DefNew: 1118528K(1258304K)->476K(1258304K) Eden: 1118528K(1118528K)->0K(1118528K) From: 0K(139776K)->476K(139776K)
[109.443s][info][gc,heap        ] GC(83) Tenured: 16293K(2796224K)->16293K(2796224K)
[109.443s][info][gc,metaspace   ] GC(83) Metaspace: 52247K(52736K)->52247K(52736K) NonClass: 44801K(45056K)->44801K(45056K) Class: 7446K(7680K)->7446K(7680K)
[109.443s][info][gc             ] GC(83) Pause Young (Allocation Failure) 1108M->16M(3959M) 2.007ms
[109.443s][info][gc,cpu         ] GC(83) User=0.00s Sys=0.00s Real=0.00s
[110.805s][info][gc,start       ] GC(84) Pause Young (Allocation Failure)
[110.807s][info][gc,heap        ] GC(84) DefNew: 1119004K(1258304K)->461K(1258304K) Eden: 1118528K(1118528K)->0K(1118528K) From: 476K(139776K)->461K(139776K)
[110.807s][info][gc,heap        ] GC(84) Tenured: 16293K(2796224K)->16293K(2796224K)
[110.807s][info][gc,metaspace   ] GC(84) Metaspace: 52247K(52736K)->52247K(52736K) NonClass: 44801K(45056K)->44801K(45056K) Class: 7446K(7680K)->7446K(7680K)
[110.807s][info][gc             ] GC(84) Pause Young (Allocation Failure) 1108M->16M(3959M) 1.893ms
[110.807s][info][gc,cpu         ] GC(84) User=0.00s Sys=0.00s Real=0.00s
[111.453s][info][gc,start       ] GC(85) Pause Full (System.gc())
[111.453s][info][gc,phases,start] GC(85) Phase 1: Mark live objects
[111.476s][info][gc,phases      ] GC(85) Phase 1: Mark live objects 23.292ms
[111.476s][info][gc,phases,start] GC(85) Phase 2: Compute new object addresses
[111.566s][info][gc,phases      ] GC(85) Phase 2: Compute new object addresses 89.776ms
[111.566s][info][gc,phases,start] GC(85) Phase 3: Adjust pointers
[111.579s][info][gc,phases      ] GC(85) Phase 3: Adjust pointers 12.721ms
[111.579s][info][gc,phases,start] GC(85) Phase 4: Move objects
[111.579s][info][gc,phases      ] GC(85) Phase 4: Move objects 0.074ms
[111.579s][info][gc,heap        ] GC(85) DefNew: 529233K(1258304K)->0K(1258304K) Eden: 528772K(1118528K)->0K(1118528K) From: 461K(139776K)->0K(139776K)
[111.579s][info][gc,heap        ] GC(85) Tenured: 16293K(2796224K)->16477K(2796224K)
[111.579s][info][gc,metaspace   ] GC(85) Metaspace: 52254K(52736K)->52254K(52736K) NonClass: 44808K(45056K)->44808K(45056K) Class: 7446K(7680K)->7446K(7680K)
[111.579s][info][gc             ] GC(85) Pause Full (System.gc()) 532M->16M(3959M) 126.222ms
[111.579s][info][gc,cpu         ] GC(85) User=0.11s Sys=0.00s Real=0.13s
[112.946s][info][gc,start       ] GC(86) Pause Young (Allocation Failure)
[112.948s][info][gc,heap        ] GC(86) DefNew: 1118528K(1258304K)->533K(1258304K) Eden: 1118528K(1118528K)->0K(1118528K) From: 0K(139776K)->533K(139776K)
[112.948s][info][gc,heap        ] GC(86) Tenured: 16477K(2796224K)->16477K(2796224K)
[112.948s][info][gc,metaspace   ] GC(86) Metaspace: 52281K(52736K)->52281K(52736K) NonClass: 44834K(45056K)->44834K(45056K) Class: 7446K(7680K)->7446K(7680K)
[112.948s][info][gc             ] GC(86) Pause Young (Allocation Failure) 1108M->16M(3959M) 2.228ms
[112.948s][info][gc,cpu         ] GC(86) User=0.00s Sys=0.00s Real=0.00s
[114.329s][info][gc,start       ] GC(87) Pause Young (Allocation Failure)
[114.330s][info][gc,heap        ] GC(87) DefNew: 1119061K(1258304K)->504K(1258304K) Eden: 1118528K(1118528K)->0K(1118528K) From: 533K(139776K)->504K(139776K)
[114.330s][info][gc,heap        ] GC(87) Tenured: 16477K(2796224K)->16477K(2796224K)
[114.330s][info][gc,metaspace   ] GC(87) Metaspace: 52281K(52736K)->52281K(52736K) NonClass: 44835K(45056K)->44835K(45056K) Class: 7446K(7680K)->7446K(7680K)
[114.330s][info][gc             ] GC(87) Pause Young (Allocation Failure) 1108M->16M(3959M) 1.919ms
[114.330s][info][gc,cpu         ] GC(87) User=0.00s Sys=0.00s Real=0.00s
[115.009s][info][gc,start       ] GC(88) Pause Full (System.gc())
[115.009s][info][gc,phases,start] GC(88) Phase 1: Mark live objects
[115.032s][info][gc,phases      ] GC(88) Phase 1: Mark live objects 22.721ms
[115.032s][info][gc,phases,start] GC(88) Phase 2: Compute new object addresses
[115.122s][info][gc,phases      ] GC(88) Phase 2: Compute new object addresses 90.252ms
[115.122s][info][gc,phases,start] GC(88) Phase 3: Adjust pointers
[115.135s][info][gc,phases      ] GC(88) Phase 3: Adjust pointers 12.887ms
[115.135s][info][gc,phases,start] GC(88) Phase 4: Move objects
[115.135s][info][gc,phases      ] GC(88) Phase 4: Move objects 0.101ms
[115.135s][info][gc,heap        ] GC(88) DefNew: 534495K(1258304K)->0K(1258304K) Eden: 533991K(1118528K)->0K(1118528K) From: 504K(139776K)->0K(139776K)
[115.135s][info][gc,heap        ] GC(88) Tenured: 16477K(2796224K)->16672K(2796224K)
[115.135s][info][gc,metaspace   ] GC(88) Metaspace: 52288K(52736K)->52288K(52736K) NonClass: 44842K(45056K)->44842K(45056K) Class: 7446K(7680K)->7446K(7680K)
[115.135s][info][gc             ] GC(88) Pause Full (System.gc()) 538M->16M(3959M) 126.356ms
[115.135s][info][gc,cpu         ] GC(88) User=0.11s Sys=0.00s Real=0.12s
[116.530s][info][gc,start       ] GC(89) Pause Young (Allocation Failure)
[116.533s][info][gc,heap        ] GC(89) DefNew: 1118528K(1258304K)->510K(1258304K) Eden: 1118528K(1118528K)->0K(1118528K) From: 0K(139776K)->510K(139776K)
[116.533s][info][gc,heap        ] GC(89) Tenured: 16672K(2796224K)->16672K(2796224K)
[116.533s][info][gc,metaspace   ] GC(89) Metaspace: 52314K(52736K)->52314K(52736K) NonClass: 44868K(45056K)->44868K(45056K) Class: 7446K(7680K)->7446K(7680K)
[116.533s][info][gc             ] GC(89) Pause Young (Allocation Failure) 1108M->16M(3959M) 2.250ms
[116.533s][info][gc,cpu         ] GC(89) User=0.00s Sys=0.00s Real=0.00s
[117.899s][info][gc,start       ] GC(90) Pause Young (Allocation Failure)
[117.901s][info][gc,heap        ] GC(90) DefNew: 1119038K(1258304K)->507K(1258304K) Eden: 1118528K(1118528K)->0K(1118528K) From: 510K(139776K)->507K(139776K)
[117.901s][info][gc,heap        ] GC(90) Tenured: 16672K(2796224K)->16672K(2796224K)
[117.901s][info][gc,metaspace   ] GC(90) Metaspace: 52315K(52736K)->52315K(52736K) NonClass: 44868K(45056K)->44868K(45056K) Class: 7446K(7680K)->7446K(7680K)
[117.901s][info][gc             ] GC(90) Pause Young (Allocation Failure) 1109M->16M(3959M) 1.911ms
[117.901s][info][gc,cpu         ] GC(90) User=0.00s Sys=0.00s Real=0.00s
[118.560s][info][gc,start       ] GC(91) Pause Full (System.gc())
[118.560s][info][gc,phases,start] GC(91) Phase 1: Mark live objects
[118.584s][info][gc,phases      ] GC(91) Phase 1: Mark live objects 23.581ms
[118.584s][info][gc,phases,start] GC(91) Phase 2: Compute new object addresses
[118.673s][info][gc,phases      ] GC(91) Phase 2: Compute new object addresses 88.738ms
[118.673s][info][gc,phases,start] GC(91) Phase 3: Adjust pointers
[118.686s][info][gc,phases      ] GC(91) Phase 3: Adjust pointers 12.923ms
[118.686s][info][gc,phases,start] GC(91) Phase 4: Move objects
[118.686s][info][gc,phases      ] GC(91) Phase 4: Move objects 0.099ms
[118.686s][info][gc,heap        ] GC(91) DefNew: 531125K(1258304K)->0K(1258304K) Eden: 530617K(1118528K)->0K(1118528K) From: 507K(139776K)->0K(139776K)
[118.686s][info][gc,heap        ] GC(91) Tenured: 16672K(2796224K)->15994K(2796224K)
[118.686s][info][gc,metaspace   ] GC(91) Metaspace: 52329K(52736K)->52329K(52736K) NonClass: 44883K(45056K)->44883K(45056K) Class: 7446K(7680K)->7446K(7680K)
[118.686s][info][gc             ] GC(91) Pause Full (System.gc()) 534M->15M(3959M) 125.719ms
[118.686s][info][gc,cpu         ] GC(91) User=0.11s Sys=0.00s Real=0.12s
[120.033s][info][gc,start       ] GC(92) Pause Young (Allocation Failure)
[120.035s][info][gc,heap        ] GC(92) DefNew: 1118528K(1258304K)->508K(1258304K) Eden: 1118528K(1118528K)->0K(1118528K) From: 0K(139776K)->508K(139776K)
[120.035s][info][gc,heap        ] GC(92) Tenured: 15994K(2796224K)->15994K(2796224K)
[120.035s][info][gc,metaspace   ] GC(92) Metaspace: 52337K(52800K)->52337K(52800K) NonClass: 44891K(45120K)->44891K(45120K) Class: 7446K(7680K)->7446K(7680K)
[120.035s][info][gc             ] GC(92) Pause Young (Allocation Failure) 1107M->16M(3959M) 2.137ms
[120.035s][info][gc,cpu         ] GC(92) User=0.00s Sys=0.00s Real=0.00s
[121.384s][info][gc,start       ] GC(93) Pause Young (Allocation Failure)
[121.385s][info][gc,heap        ] GC(93) DefNew: 1119036K(1258304K)->484K(1258304K) Eden: 1118528K(1118528K)->0K(1118528K) From: 508K(139776K)->484K(139776K)
[121.385s][info][gc,heap        ] GC(93) Tenured: 15994K(2796224K)->15994K(2796224K)
[121.385s][info][gc,metaspace   ] GC(93) Metaspace: 52339K(52800K)->52339K(52800K) NonClass: 44892K(45120K)->44892K(45120K) Class: 7446K(7680K)->7446K(7680K)
[121.386s][info][gc             ] GC(93) Pause Young (Allocation Failure) 1108M->16M(3959M) 1.864ms
[121.386s][info][gc,cpu         ] GC(93) User=0.00s Sys=0.00s Real=0.00s
[122.049s][info][gc,start       ] GC(94) Pause Full (System.gc())
[122.049s][info][gc,phases,start] GC(94) Phase 1: Mark live objects
[122.072s][info][gc,phases      ] GC(94) Phase 1: Mark live objects 23.207ms
[122.072s][info][gc,phases,start] GC(94) Phase 2: Compute new object addresses
[122.162s][info][gc,phases      ] GC(94) Phase 2: Compute new object addresses 89.621ms
[122.162s][info][gc,phases,start] GC(94) Phase 3: Adjust pointers
[122.175s][info][gc,phases      ] GC(94) Phase 3: Adjust pointers 12.908ms
[122.175s][info][gc,phases,start] GC(94) Phase 4: Move objects
[122.175s][info][gc,phases      ] GC(94) Phase 4: Move objects 0.080ms
[122.175s][info][gc,heap        ] GC(94) DefNew: 534770K(1258304K)->0K(1258304K) Eden: 534286K(1118528K)->0K(1118528K) From: 484K(139776K)->0K(139776K)
[122.175s][info][gc,heap        ] GC(94) Tenured: 15994K(2796224K)->16183K(2796224K)
[122.175s][info][gc,metaspace   ] GC(94) Metaspace: 52340K(52800K)->52340K(52800K) NonClass: 44894K(45120K)->44894K(45120K) Class: 7446K(7680K)->7446K(7680K)
[122.175s][info][gc             ] GC(94) Pause Full (System.gc()) 537M->15M(3959M) 126.177ms
[122.175s][info][gc,cpu         ] GC(94) User=0.12s Sys=0.00s Real=0.13s
[123.535s][info][gc,start       ] GC(95) Pause Young (Allocation Failure)
[123.538s][info][gc,heap        ] GC(95) DefNew: 1118528K(1258304K)->537K(1258304K) Eden: 1118528K(1118528K)->0K(1118528K) From: 0K(139776K)->537K(139776K)
[123.538s][info][gc,heap        ] GC(95) Tenured: 16183K(2796224K)->16183K(2796224K)
[123.538s][info][gc,metaspace   ] GC(95) Metaspace: 52369K(52800K)->52369K(52800K) NonClass: 44922K(45120K)->44922K(45120K) Class: 7446K(7680K)->7446K(7680K)
[123.538s][info][gc             ] GC(95) Pause Young (Allocation Failure) 1108M->16M(3959M) 2.323ms
[123.538s][info][gc,cpu         ] GC(95) User=0.00s Sys=0.00s Real=0.00s
[124.894s][info][gc,start       ] GC(96) Pause Young (Allocation Failure)
[124.896s][info][gc,heap        ] GC(96) DefNew: 1119065K(1258304K)->529K(1258304K) Eden: 1118528K(1118528K)->0K(1118528K) From: 537K(139776K)->529K(139776K)
[124.896s][info][gc,heap        ] GC(96) Tenured: 16183K(2796224K)->16183K(2796224K)
[124.896s][info][gc,metaspace   ] GC(96) Metaspace: 52370K(52800K)->52370K(52800K) NonClass: 44924K(45120K)->44924K(45120K) Class: 7446K(7680K)->7446K(7680K)
[124.896s][info][gc             ] GC(96) Pause Young (Allocation Failure) 1108M->16M(3959M) 1.994ms
[124.896s][info][gc,cpu         ] GC(96) User=0.00s Sys=0.00s Real=0.00s
[125.543s][info][gc,start       ] GC(97) Pause Full (System.gc())
[125.543s][info][gc,phases,start] GC(97) Phase 1: Mark live objects
[125.566s][info][gc,phases      ] GC(97) Phase 1: Mark live objects 22.744ms
[125.566s][info][gc,phases,start] GC(97) Phase 2: Compute new object addresses
[125.654s][info][gc,phases      ] GC(97) Phase 2: Compute new object addresses 88.804ms
[125.654s][info][gc,phases,start] GC(97) Phase 3: Adjust pointers
[125.667s][info][gc,phases      ] GC(97) Phase 3: Adjust pointers 12.927ms
[125.667s][info][gc,phases,start] GC(97) Phase 4: Move objects
[125.667s][info][gc,phases      ] GC(97) Phase 4: Move objects 0.080ms
[125.668s][info][gc,heap        ] GC(97) DefNew: 527365K(1258304K)->0K(1258304K) Eden: 526835K(1118528K)->0K(1118528K) From: 529K(139776K)->0K(139776K)
[125.668s][info][gc,heap        ] GC(97) Tenured: 16183K(2796224K)->16375K(2796224K)
[125.668s][info][gc,metaspace   ] GC(97) Metaspace: 52377K(52800K)->52377K(52800K) NonClass: 44931K(45120K)->44931K(45120K) Class: 7446K(7680K)->7446K(7680K)
[125.668s][info][gc             ] GC(97) Pause Full (System.gc()) 530M->15M(3959M) 124.952ms
[125.668s][info][gc,cpu         ] GC(97) User=0.11s Sys=0.00s Real=0.12s
[127.030s][info][gc,start       ] GC(98) Pause Young (Allocation Failure)
[127.032s][info][gc,heap        ] GC(98) DefNew: 1118528K(1258304K)->491K(1258304K) Eden: 1118528K(1118528K)->0K(1118528K) From: 0K(139776K)->491K(139776K)
[127.032s][info][gc,heap        ] GC(98) Tenured: 16375K(2796224K)->16375K(2796224K)
[127.032s][info][gc,metaspace   ] GC(98) Metaspace: 52430K(52928K)->52430K(52928K) NonClass: 44984K(45248K)->44984K(45248K) Class: 7446K(7680K)->7446K(7680K)
[127.032s][info][gc             ] GC(98) Pause Young (Allocation Failure) 1108M->16M(3959M) 2.135ms
[127.032s][info][gc,cpu         ] GC(98) User=0.00s Sys=0.00s Real=0.00s
[128.369s][info][gc,start       ] GC(99) Pause Young (Allocation Failure)
[128.371s][info][gc,heap        ] GC(99) DefNew: 1119019K(1258304K)->546K(1258304K) Eden: 1118528K(1118528K)->0K(1118528K) From: 491K(139776K)->546K(139776K)
[128.371s][info][gc,heap        ] GC(99) Tenured: 16375K(2796224K)->16375K(2796224K)
[128.371s][info][gc,metaspace   ] GC(99) Metaspace: 52431K(52928K)->52431K(52928K) NonClass: 44984K(45248K)->44984K(45248K) Class: 7446K(7680K)->7446K(7680K)
[128.372s][info][gc             ] GC(99) Pause Young (Allocation Failure) 1108M->16M(3959M) 2.090ms
[128.372s][info][gc,cpu         ] GC(99) User=0.00s Sys=0.00s Real=0.00s
[129.027s][info][gc,start       ] GC(100) Pause Full (System.gc())
[129.027s][info][gc,phases,start] GC(100) Phase 1: Mark live objects
[129.051s][info][gc,phases      ] GC(100) Phase 1: Mark live objects 23.416ms
[129.051s][info][gc,phases,start] GC(100) Phase 2: Compute new object addresses
[129.139s][info][gc,phases      ] GC(100) Phase 2: Compute new object addresses 88.909ms
[129.140s][info][gc,phases,start] GC(100) Phase 3: Adjust pointers
[129.153s][info][gc,phases      ] GC(100) Phase 3: Adjust pointers 13.084ms
[129.153s][info][gc,phases,start] GC(100) Phase 4: Move objects
[129.153s][info][gc,phases      ] GC(100) Phase 4: Move objects 0.078ms
[129.153s][info][gc,heap        ] GC(100) DefNew: 528259K(1258304K)->0K(1258304K) Eden: 527712K(1118528K)->0K(1118528K) From: 546K(139776K)->0K(139776K)
[129.153s][info][gc,heap        ] GC(100) Tenured: 16375K(2796224K)->16572K(2796224K)
[129.153s][info][gc,metaspace   ] GC(100) Metaspace: 52455K(52928K)->52455K(52928K) NonClass: 45009K(45248K)->45009K(45248K) Class: 7446K(7680K)->7446K(7680K)
[129.153s][info][gc             ] GC(100) Pause Full (System.gc()) 531M->16M(3959M) 125.866ms
[129.153s][info][gc,cpu         ] GC(100) User=0.11s Sys=0.02s Real=0.13s
[130.540s][info][gc,start       ] GC(101) Pause Young (Allocation Failure)
[130.542s][info][gc,heap        ] GC(101) DefNew: 1118528K(1258304K)->503K(1258304K) Eden: 1118528K(1118528K)->0K(1118528K) From: 0K(139776K)->503K(139776K)
[130.543s][info][gc,heap        ] GC(101) Tenured: 16572K(2796224K)->16572K(2796224K)
[130.543s][info][gc,metaspace   ] GC(101) Metaspace: 52507K(52992K)->52507K(52992K) NonClass: 45061K(45312K)->45061K(45312K) Class: 7446K(7680K)->7446K(7680K)
[130.543s][info][gc             ] GC(101) Pause Young (Allocation Failure) 1108M->16M(3959M) 2.087ms
[130.543s][info][gc,cpu         ] GC(101) User=0.00s Sys=0.00s Real=0.00s
[131.898s][info][gc,start       ] GC(102) Pause Young (Allocation Failure)
[131.900s][info][gc,heap        ] GC(102) DefNew: 1119031K(1258304K)->524K(1258304K) Eden: 1118528K(1118528K)->0K(1118528K) From: 503K(139776K)->524K(139776K)
[131.900s][info][gc,heap        ] GC(102) Tenured: 16572K(2796224K)->16572K(2796224K)
[131.900s][info][gc,metaspace   ] GC(102) Metaspace: 52511K(52992K)->52511K(52992K) NonClass: 45065K(45312K)->45065K(45312K) Class: 7446K(7680K)->7446K(7680K)
[131.900s][info][gc             ] GC(102) Pause Young (Allocation Failure) 1108M->16M(3959M) 1.989ms
[131.900s][info][gc,cpu         ] GC(102) User=0.00s Sys=0.00s Real=0.00s
[132.571s][info][gc,start       ] GC(103) Pause Full (System.gc())
[132.571s][info][gc,phases,start] GC(103) Phase 1: Mark live objects
[132.595s][info][gc,phases      ] GC(103) Phase 1: Mark live objects 23.924ms
[132.595s][info][gc,phases,start] GC(103) Phase 2: Compute new object addresses
[132.684s][info][gc,phases      ] GC(103) Phase 2: Compute new object addresses 89.093ms
[132.684s][info][gc,phases,start] GC(103) Phase 3: Adjust pointers
[132.697s][info][gc,phases      ] GC(103) Phase 3: Adjust pointers 13.303ms
[132.697s][info][gc,phases,start] GC(103) Phase 4: Move objects
[132.697s][info][gc,phases      ] GC(103) Phase 4: Move objects 0.117ms
[132.697s][info][gc,heap        ] GC(103) DefNew: 533768K(1258304K)->0K(1258304K) Eden: 533243K(1118528K)->0K(1118528K) From: 524K(139776K)->0K(139776K)
[132.697s][info][gc,heap        ] GC(103) Tenured: 16572K(2796224K)->16032K(2796224K)
[132.697s][info][gc,metaspace   ] GC(103) Metaspace: 52514K(52992K)->52514K(52992K) NonClass: 45068K(45312K)->45068K(45312K) Class: 7446K(7680K)->7446K(7680K)
[132.697s][info][gc             ] GC(103) Pause Full (System.gc()) 537M->15M(3959M) 126.795ms
[132.697s][info][gc,cpu         ] GC(103) User=0.11s Sys=0.00s Real=0.13s
[134.049s][info][gc,start       ] GC(104) Pause Young (Allocation Failure)
[134.051s][info][gc,heap        ] GC(104) DefNew: 1118528K(1258304K)->466K(1258304K) Eden: 1118528K(1118528K)->0K(1118528K) From: 0K(139776K)->466K(139776K)
[134.051s][info][gc,heap        ] GC(104) Tenured: 16032K(2796224K)->16032K(2796224K)
[134.051s][info][gc,metaspace   ] GC(104) Metaspace: 52526K(52992K)->52526K(52992K) NonClass: 45079K(45312K)->45079K(45312K) Class: 7446K(7680K)->7446K(7680K)
[134.051s][info][gc             ] GC(104) Pause Young (Allocation Failure) 1107M->16M(3959M) 2.093ms
[134.051s][info][gc,cpu         ] GC(104) User=0.00s Sys=0.00s Real=0.00s
[135.402s][info][gc,start       ] GC(105) Pause Young (Allocation Failure)
[135.404s][info][gc,heap        ] GC(105) DefNew: 1118994K(1258304K)->495K(1258304K) Eden: 1118528K(1118528K)->0K(1118528K) From: 466K(139776K)->495K(139776K)
[135.404s][info][gc,heap        ] GC(105) Tenured: 16032K(2796224K)->16032K(2796224K)
[135.404s][info][gc,metaspace   ] GC(105) Metaspace: 52526K(52992K)->52526K(52992K) NonClass: 45079K(45312K)->45079K(45312K) Class: 7446K(7680K)->7446K(7680K)
[135.404s][info][gc             ] GC(105) Pause Young (Allocation Failure) 1108M->16M(3959M) 2.011ms
[135.404s][info][gc,cpu         ] GC(105) User=0.00s Sys=0.00s Real=0.00s
[136.069s][info][gc,start       ] GC(106) Pause Full (System.gc())
[136.069s][info][gc,phases,start] GC(106) Phase 1: Mark live objects
[136.093s][info][gc,phases      ] GC(106) Phase 1: Mark live objects 23.797ms
[136.093s][info][gc,phases,start] GC(106) Phase 2: Compute new object addresses
[136.183s][info][gc,phases      ] GC(106) Phase 2: Compute new object addresses 90.475ms
[136.183s][info][gc,phases,start] GC(106) Phase 3: Adjust pointers
[136.196s][info][gc,phases      ] GC(106) Phase 3: Adjust pointers 13.216ms
[136.196s][info][gc,phases,start] GC(106) Phase 4: Move objects
[136.197s][info][gc,phases      ] GC(106) Phase 4: Move objects 0.086ms
[136.197s][info][gc,heap        ] GC(106) DefNew: 531258K(1258304K)->0K(1258304K) Eden: 530763K(1118528K)->0K(1118528K) From: 495K(139776K)->0K(139776K)
[136.197s][info][gc,heap        ] GC(106) Tenured: 16032K(2796224K)->16243K(2796224K)
[136.197s][info][gc,metaspace   ] GC(106) Metaspace: 52526K(52992K)->52526K(52992K) NonClass: 45080K(45312K)->45080K(45312K) Class: 7446K(7680K)->7446K(7680K)
[136.197s][info][gc             ] GC(106) Pause Full (System.gc()) 534M->15M(3959M) 127.959ms
[136.197s][info][gc,cpu         ] GC(106) User=0.11s Sys=0.00s Real=0.13s
[137.533s][info][gc,start       ] GC(107) Pause Young (Allocation Failure)
[137.535s][info][gc,heap        ] GC(107) DefNew: 1118528K(1258304K)->513K(1258304K) Eden: 1118528K(1118528K)->0K(1118528K) From: 0K(139776K)->513K(139776K)
[137.535s][info][gc,heap        ] GC(107) Tenured: 16243K(2796224K)->16243K(2796224K)
[137.535s][info][gc,metaspace   ] GC(107) Metaspace: 52526K(52992K)->52526K(52992K) NonClass: 45080K(45312K)->45080K(45312K) Class: 7446K(7680K)->7446K(7680K)
[137.535s][info][gc             ] GC(107) Pause Young (Allocation Failure) 1108M->16M(3959M) 2.054ms
[137.535s][info][gc,cpu         ] GC(107) User=0.00s Sys=0.00s Real=0.00s
[138.864s][info][gc,start       ] GC(108) Pause Young (Allocation Failure)
[138.866s][info][gc,heap        ] GC(108) DefNew: 1119041K(1258304K)->522K(1258304K) Eden: 1118528K(1118528K)->0K(1118528K) From: 513K(139776K)->522K(139776K)
[138.866s][info][gc,heap        ] GC(108) Tenured: 16243K(2796224K)->16243K(2796224K)
[138.866s][info][gc,metaspace   ] GC(108) Metaspace: 52526K(52992K)->52526K(52992K) NonClass: 45080K(45312K)->45080K(45312K) Class: 7446K(7680K)->7446K(7680K)
[138.866s][info][gc             ] GC(108) Pause Young (Allocation Failure) 1108M->16M(3959M) 1.976ms
[138.866s][info][gc,cpu         ] GC(108) User=0.00s Sys=0.00s Real=0.00s
[139.505s][info][gc,start       ] GC(109) Pause Full (System.gc())
[139.505s][info][gc,phases,start] GC(109) Phase 1: Mark live objects
[139.528s][info][gc,phases      ] GC(109) Phase 1: Mark live objects 22.971ms
[139.529s][info][gc,phases,start] GC(109) Phase 2: Compute new object addresses
[139.618s][info][gc,phases      ] GC(109) Phase 2: Compute new object addresses 89.223ms
[139.618s][info][gc,phases,start] GC(109) Phase 3: Adjust pointers
[139.631s][info][gc,phases      ] GC(109) Phase 3: Adjust pointers 13.050ms
[139.631s][info][gc,phases,start] GC(109) Phase 4: Move objects
[139.631s][info][gc,phases      ] GC(109) Phase 4: Move objects 0.078ms
[139.631s][info][gc,heap        ] GC(109) DefNew: 534389K(1258304K)->0K(1258304K) Eden: 533867K(1118528K)->0K(1118528K) From: 522K(139776K)->0K(139776K)
[139.631s][info][gc,heap        ] GC(109) Tenured: 16243K(2796224K)->16428K(2796224K)
[139.631s][info][gc,metaspace   ] GC(109) Metaspace: 52526K(52992K)->52526K(52992K) NonClass: 45080K(45312K)->45080K(45312K) Class: 7446K(7680K)->7446K(7680K)
[139.631s][info][gc             ] GC(109) Pause Full (System.gc()) 537M->16M(3959M) 125.665ms
[139.631s][info][gc,cpu         ] GC(109) User=0.11s Sys=0.00s Real=0.11s
[140.971s][info][gc,start       ] GC(110) Pause Young (Allocation Failure)
[140.973s][info][gc,heap        ] GC(110) DefNew: 1118528K(1258304K)->519K(1258304K) Eden: 1118528K(1118528K)->0K(1118528K) From: 0K(139776K)->519K(139776K)
[140.973s][info][gc,heap        ] GC(110) Tenured: 16428K(2796224K)->16428K(2796224K)
[140.973s][info][gc,metaspace   ] GC(110) Metaspace: 52532K(52992K)->52532K(52992K) NonClass: 45085K(45312K)->45085K(45312K) Class: 7446K(7680K)->7446K(7680K)
[140.973s][info][gc             ] GC(110) Pause Young (Allocation Failure) 1108M->16M(3959M) 2.168ms
[140.973s][info][gc,cpu         ] GC(110) User=0.00s Sys=0.00s Real=0.00s
[142.309s][info][gc,start       ] GC(111) Pause Young (Allocation Failure)
[142.311s][info][gc,heap        ] GC(111) DefNew: 1119047K(1258304K)->513K(1258304K) Eden: 1118528K(1118528K)->0K(1118528K) From: 519K(139776K)->513K(139776K)
[142.311s][info][gc,heap        ] GC(111) Tenured: 16428K(2796224K)->16428K(2796224K)
[142.311s][info][gc,metaspace   ] GC(111) Metaspace: 52532K(52992K)->52532K(52992K) NonClass: 45085K(45312K)->45085K(45312K) Class: 7446K(7680K)->7446K(7680K)
[142.311s][info][gc             ] GC(111) Pause Young (Allocation Failure) 1108M->16M(3959M) 1.940ms
[142.311s][info][gc,cpu         ] GC(111) User=0.00s Sys=0.00s Real=0.00s
[142.997s][info][gc,start       ] GC(112) Pause Full (System.gc())
[142.997s][info][gc,phases,start] GC(112) Phase 1: Mark live objects
[143.021s][info][gc,phases      ] GC(112) Phase 1: Mark live objects 23.503ms
[143.021s][info][gc,phases,start] GC(112) Phase 2: Compute new object addresses
[143.110s][info][gc,phases      ] GC(112) Phase 2: Compute new object addresses 89.412ms
[143.110s][info][gc,phases,start] GC(112) Phase 3: Adjust pointers
[143.123s][info][gc,phases      ] GC(112) Phase 3: Adjust pointers 13.127ms
[143.123s][info][gc,phases,start] GC(112) Phase 4: Move objects
[143.123s][info][gc,phases      ] GC(112) Phase 4: Move objects 0.081ms
[143.124s][info][gc,heap        ] GC(112) DefNew: 532185K(1258304K)->0K(1258304K) Eden: 531671K(1118528K)->0K(1118528K) From: 513K(139776K)->0K(139776K)
[143.124s][info][gc,heap        ] GC(112) Tenured: 16428K(2796224K)->16621K(2796224K)
[143.124s][info][gc,metaspace   ] GC(112) Metaspace: 52541K(52992K)->52541K(52992K) NonClass: 45095K(45312K)->45095K(45312K) Class: 7446K(7680K)->7446K(7680K)
[143.124s][info][gc             ] GC(112) Pause Full (System.gc()) 535M->16M(3959M) 126.483ms
[143.124s][info][gc,cpu         ] GC(112) User=0.11s Sys=0.00s Real=0.13s
[144.499s][info][gc,start       ] GC(113) Pause Young (Allocation Failure)
[144.501s][info][gc,heap        ] GC(113) DefNew: 1118528K(1258304K)->510K(1258304K) Eden: 1118528K(1118528K)->0K(1118528K) From: 0K(139776K)->510K(139776K)
[144.501s][info][gc,heap        ] GC(113) Tenured: 16621K(2796224K)->16621K(2796224K)
[144.501s][info][gc,metaspace   ] GC(113) Metaspace: 52543K(52992K)->52543K(52992K) NonClass: 45096K(45312K)->45096K(45312K) Class: 7446K(7680K)->7446K(7680K)
[144.501s][info][gc             ] GC(113) Pause Young (Allocation Failure) 1108M->16M(3959M) 2.233ms
[144.501s][info][gc,cpu         ] GC(113) User=0.00s Sys=0.00s Real=0.00s
[145.874s][info][gc,start       ] GC(114) Pause Young (Allocation Failure)
[145.876s][info][gc,heap        ] GC(114) DefNew: 1119038K(1258304K)->548K(1258304K) Eden: 1118528K(1118528K)->0K(1118528K) From: 510K(139776K)->548K(139776K)
[145.876s][info][gc,heap        ] GC(114) Tenured: 16621K(2796224K)->16621K(2796224K)
[145.876s][info][gc,metaspace   ] GC(114) Metaspace: 52543K(52992K)->52543K(52992K) NonClass: 45096K(45312K)->45096K(45312K) Class: 7446K(7680K)->7446K(7680K)
[145.876s][info][gc             ] GC(114) Pause Young (Allocation Failure) 1109M->16M(3959M) 1.994ms
[145.876s][info][gc,cpu         ] GC(114) User=0.00s Sys=0.00s Real=0.00s
[146.529s][info][gc,start       ] GC(115) Pause Full (System.gc())
[146.529s][info][gc,phases,start] GC(115) Phase 1: Mark live objects
[146.553s][info][gc,phases      ] GC(115) Phase 1: Mark live objects 23.851ms
[146.553s][info][gc,phases,start] GC(115) Phase 2: Compute new object addresses
[146.642s][info][gc,phases      ] GC(115) Phase 2: Compute new object addresses 88.915ms
[146.642s][info][gc,phases,start] GC(115) Phase 3: Adjust pointers
[146.655s][info][gc,phases      ] GC(115) Phase 3: Adjust pointers 13.057ms
[146.655s][info][gc,phases,start] GC(115) Phase 4: Move objects
[146.655s][info][gc,phases      ] GC(115) Phase 4: Move objects 0.143ms
[146.655s][info][gc,heap        ] GC(115) DefNew: 530670K(1258304K)->0K(1258304K) Eden: 530121K(1118528K)->0K(1118528K) From: 548K(139776K)->0K(139776K)
[146.655s][info][gc,heap        ] GC(115) Tenured: 16621K(2796224K)->15970K(2796224K)
[146.655s][info][gc,metaspace   ] GC(115) Metaspace: 52543K(52992K)->52543K(52992K) NonClass: 45096K(45312K)->45096K(45312K) Class: 7446K(7680K)->7446K(7680K)
[146.655s][info][gc             ] GC(115) Pause Full (System.gc()) 534M->15M(3959M) 126.330ms
[146.655s][info][gc,cpu         ] GC(115) User=0.14s Sys=0.00s Real=0.14s
[148.182s][info][gc,start       ] GC(116) Pause Young (Allocation Failure)
[148.184s][info][gc,heap        ] GC(116) DefNew: 1118528K(1258304K)->511K(1258304K) Eden: 1118528K(1118528K)->0K(1118528K) From: 0K(139776K)->511K(139776K)
[148.184s][info][gc,heap        ] GC(116) Tenured: 15970K(2796224K)->15970K(2796224K)
[148.184s][info][gc,metaspace   ] GC(116) Metaspace: 52547K(52992K)->52547K(52992K) NonClass: 45100K(45312K)->45100K(45312K) Class: 7446K(7680K)->7446K(7680K)
[148.184s][info][gc             ] GC(116) Pause Young (Allocation Failure) 1107M->16M(3959M) 2.196ms
[148.184s][info][gc,cpu         ] GC(116) User=0.00s Sys=0.00s Real=0.00s
[149.745s][info][gc,start       ] GC(117) Pause Young (Allocation Failure)
[149.746s][info][gc,heap        ] GC(117) DefNew: 1119039K(1258304K)->532K(1258304K) Eden: 1118528K(1118528K)->0K(1118528K) From: 511K(139776K)->532K(139776K)
[149.746s][info][gc,heap        ] GC(117) Tenured: 15970K(2796224K)->15970K(2796224K)
[149.746s][info][gc,metaspace   ] GC(117) Metaspace: 52547K(52992K)->52547K(52992K) NonClass: 45100K(45312K)->45100K(45312K) Class: 7446K(7680K)->7446K(7680K)
[149.747s][info][gc             ] GC(117) Pause Young (Allocation Failure) 1108M->16M(3959M) 2.014ms
[149.747s][info][gc,cpu         ] GC(117) User=0.00s Sys=0.00s Real=0.00s
[150.500s][info][gc,start       ] GC(118) Pause Full (System.gc())
[150.501s][info][gc,phases,start] GC(118) Phase 1: Mark live objects
[150.523s][info][gc,phases      ] GC(118) Phase 1: Mark live objects 22.272ms
[150.523s][info][gc,phases,start] GC(118) Phase 2: Compute new object addresses
[150.612s][info][gc,phases      ] GC(118) Phase 2: Compute new object addresses 89.490ms
[150.612s][info][gc,phases,start] GC(118) Phase 3: Adjust pointers
[150.626s][info][gc,phases      ] GC(118) Phase 3: Adjust pointers 13.129ms
[150.626s][info][gc,phases,start] GC(118) Phase 4: Move objects
[150.626s][info][gc,phases      ] GC(118) Phase 4: Move objects 0.076ms
[150.626s][info][gc,heap        ] GC(118) DefNew: 530413K(1258304K)->0K(1258304K) Eden: 529881K(1118528K)->0K(1118528K) From: 532K(139776K)->0K(139776K)
[150.626s][info][gc,heap        ] GC(118) Tenured: 15970K(2796224K)->16155K(2796224K)
[150.626s][info][gc,metaspace   ] GC(118) Metaspace: 52547K(52992K)->52547K(52992K) NonClass: 45100K(45312K)->45100K(45312K) Class: 7446K(7680K)->7446K(7680K)
[150.626s][info][gc             ] GC(118) Pause Full (System.gc()) 533M->15M(3959M) 125.315ms
[150.626s][info][gc,cpu         ] GC(118) User=0.11s Sys=0.00s Real=0.12s
[151.970s][info][gc,start       ] GC(119) Pause Young (Allocation Failure)
[151.972s][info][gc,heap        ] GC(119) DefNew: 1118528K(1258304K)->541K(1258304K) Eden: 1118528K(1118528K)->0K(1118528K) From: 0K(139776K)->541K(139776K)
[151.972s][info][gc,heap        ] GC(119) Tenured: 16155K(2796224K)->16155K(2796224K)
[151.972s][info][gc,metaspace   ] GC(119) Metaspace: 52553K(52992K)->52553K(52992K) NonClass: 45107K(45312K)->45107K(45312K) Class: 7446K(7680K)->7446K(7680K)
[151.972s][info][gc             ] GC(119) Pause Young (Allocation Failure) 1108M->16M(3959M) 2.349ms
[151.972s][info][gc,cpu         ] GC(119) User=0.00s Sys=0.00s Real=0.00s
[153.331s][info][gc,start       ] GC(120) Pause Young (Allocation Failure)
[153.333s][info][gc,heap        ] GC(120) DefNew: 1119069K(1258304K)->538K(1258304K) Eden: 1118528K(1118528K)->0K(1118528K) From: 541K(139776K)->538K(139776K)
[153.333s][info][gc,heap        ] GC(120) Tenured: 16155K(2796224K)->16155K(2796224K)
[153.333s][info][gc,metaspace   ] GC(120) Metaspace: 52553K(52992K)->52553K(52992K) NonClass: 45107K(45312K)->45107K(45312K) Class: 7446K(7680K)->7446K(7680K)
[153.333s][info][gc             ] GC(120) Pause Young (Allocation Failure) 1108M->16M(3959M) 1.975ms
[153.333s][info][gc,cpu         ] GC(120) User=0.00s Sys=0.00s Real=0.00s
[153.998s][info][gc,start       ] GC(121) Pause Full (System.gc())
[153.998s][info][gc,phases,start] GC(121) Phase 1: Mark live objects
[154.023s][info][gc,phases      ] GC(121) Phase 1: Mark live objects 24.358ms
[154.023s][info][gc,phases,start] GC(121) Phase 2: Compute new object addresses
[154.112s][info][gc,phases      ] GC(121) Phase 2: Compute new object addresses 89.427ms
[154.112s][info][gc,phases,start] GC(121) Phase 3: Adjust pointers
[154.125s][info][gc,phases      ] GC(121) Phase 3: Adjust pointers 13.327ms
[154.125s][info][gc,phases,start] GC(121) Phase 4: Move objects
[154.125s][info][gc,phases      ] GC(121) Phase 4: Move objects 0.107ms
[154.126s][info][gc,heap        ] GC(121) DefNew: 535516K(1258304K)->0K(1258304K) Eden: 534978K(1118528K)->0K(1118528K) From: 538K(139776K)->0K(139776K)
[154.126s][info][gc,heap        ] GC(121) Tenured: 16155K(2796224K)->16410K(2796224K)
[154.126s][info][gc,metaspace   ] GC(121) Metaspace: 52557K(52992K)->52557K(52992K) NonClass: 45111K(45312K)->45111K(45312K) Class: 7446K(7680K)->7446K(7680K)
[154.126s][info][gc             ] GC(121) Pause Full (System.gc()) 538M->16M(3959M) 127.581ms
[154.126s][info][gc,cpu         ] GC(121) User=0.11s Sys=0.00s Real=0.12s
[155.510s][info][gc,start       ] GC(122) Pause Young (Allocation Failure)
[155.512s][info][gc,heap        ] GC(122) DefNew: 1118528K(1258304K)->450K(1258304K) Eden: 1118528K(1118528K)->0K(1118528K) From: 0K(139776K)->450K(139776K)
[155.512s][info][gc,heap        ] GC(122) Tenured: 16410K(2796224K)->16410K(2796224K)
[155.512s][info][gc,metaspace   ] GC(122) Metaspace: 52564K(52992K)->52564K(52992K) NonClass: 45118K(45312K)->45118K(45312K) Class: 7446K(7680K)->7446K(7680K)
[155.512s][info][gc             ] GC(122) Pause Young (Allocation Failure) 1108M->16M(3959M) 2.098ms
[155.512s][info][gc,cpu         ] GC(122) User=0.00s Sys=0.00s Real=0.00s
[156.866s][info][gc,start       ] GC(123) Pause Young (Allocation Failure)
[156.867s][info][gc,heap        ] GC(123) DefNew: 1118978K(1258304K)->486K(1258304K) Eden: 1118528K(1118528K)->0K(1118528K) From: 450K(139776K)->486K(139776K)
[156.867s][info][gc,heap        ] GC(123) Tenured: 16410K(2796224K)->16410K(2796224K)
[156.867s][info][gc,metaspace   ] GC(123) Metaspace: 52564K(52992K)->52564K(52992K) NonClass: 45118K(45312K)->45118K(45312K) Class: 7446K(7680K)->7446K(7680K)
[156.867s][info][gc             ] GC(123) Pause Young (Allocation Failure) 1108M->16M(3959M) 1.917ms
[156.868s][info][gc,cpu         ] GC(123) User=0.00s Sys=0.00s Real=0.00s
[157.537s][info][gc,start       ] GC(124) Pause Full (System.gc())
[157.537s][info][gc,phases,start] GC(124) Phase 1: Mark live objects
[157.561s][info][gc,phases      ] GC(124) Phase 1: Mark live objects 24.240ms
[157.561s][info][gc,phases,start] GC(124) Phase 2: Compute new object addresses
[157.650s][info][gc,phases      ] GC(124) Phase 2: Compute new object addresses 88.658ms
[157.650s][info][gc,phases,start] GC(124) Phase 3: Adjust pointers
[157.663s][info][gc,phases      ] GC(124) Phase 3: Adjust pointers 13.141ms
[157.663s][info][gc,phases,start] GC(124) Phase 4: Move objects
[157.663s][info][gc,phases      ] GC(124) Phase 4: Move objects 0.089ms
[157.663s][info][gc,heap        ] GC(124) DefNew: 531607K(1258304K)->0K(1258304K) Eden: 531120K(1118528K)->0K(1118528K) From: 486K(139776K)->0K(139776K)
[157.663s][info][gc,heap        ] GC(124) Tenured: 16410K(2796224K)->16628K(2796224K)
[157.663s][info][gc,metaspace   ] GC(124) Metaspace: 52576K(52992K)->52576K(52992K) NonClass: 45130K(45312K)->45130K(45312K) Class: 7446K(7680K)->7446K(7680K)
[157.663s][info][gc             ] GC(124) Pause Full (System.gc()) 535M->16M(3959M) 126.507ms
[157.663s][info][gc,cpu         ] GC(124) User=0.09s Sys=0.00s Real=0.11s
[159.013s][info][gc,start       ] GC(125) Pause Young (Allocation Failure)
[159.016s][info][gc,heap        ] GC(125) DefNew: 1118528K(1258304K)->483K(1258304K) Eden: 1118528K(1118528K)->0K(1118528K) From: 0K(139776K)->483K(139776K)
[159.016s][info][gc,heap        ] GC(125) Tenured: 16628K(2796224K)->16628K(2796224K)
[159.016s][info][gc,metaspace   ] GC(125) Metaspace: 52596K(53056K)->52596K(53056K) NonClass: 45150K(45376K)->45150K(45376K) Class: 7446K(7680K)->7446K(7680K)
[159.016s][info][gc             ] GC(125) Pause Young (Allocation Failure) 1108M->16M(3959M) 2.199ms
[159.016s][info][gc,cpu         ] GC(125) User=0.00s Sys=0.00s Real=0.00s
[160.365s][info][gc,start       ] GC(126) Pause Young (Allocation Failure)
[160.367s][info][gc,heap        ] GC(126) DefNew: 1119011K(1258304K)->509K(1258304K) Eden: 1118528K(1118528K)->0K(1118528K) From: 483K(139776K)->509K(139776K)
[160.367s][info][gc,heap        ] GC(126) Tenured: 16628K(2796224K)->16628K(2796224K)
[160.367s][info][gc,metaspace   ] GC(126) Metaspace: 52597K(53056K)->52597K(53056K) NonClass: 45151K(45376K)->45151K(45376K) Class: 7446K(7680K)->7446K(7680K)
[160.367s][info][gc             ] GC(126) Pause Young (Allocation Failure) 1109M->16M(3959M) 1.920ms
[160.367s][info][gc,cpu         ] GC(126) User=0.00s Sys=0.00s Real=0.00s
[161.034s][info][gc,start       ] GC(127) Pause Full (System.gc())
[161.034s][info][gc,phases,start] GC(127) Phase 1: Mark live objects
[161.057s][info][gc,phases      ] GC(127) Phase 1: Mark live objects 23.617ms
[161.057s][info][gc,phases,start] GC(127) Phase 2: Compute new object addresses
[161.146s][info][gc,phases      ] GC(127) Phase 2: Compute new object addresses 89.233ms
[161.147s][info][gc,phases,start] GC(127) Phase 3: Adjust pointers
[161.160s][info][gc,phases      ] GC(127) Phase 3: Adjust pointers 13.494ms
[161.160s][info][gc,phases,start] GC(127) Phase 4: Move objects
[161.161s][info][gc,phases      ] GC(127) Phase 4: Move objects 1.081ms
[161.161s][info][gc,heap        ] GC(127) DefNew: 530794K(1258304K)->0K(1258304K) Eden: 530284K(1118528K)->0K(1118528K) From: 509K(139776K)->0K(139776K)
[161.161s][info][gc,heap        ] GC(127) Tenured: 16628K(2796224K)->15966K(2796224K)
[161.161s][info][gc,metaspace   ] GC(127) Metaspace: 52601K(53056K)->52601K(53056K) NonClass: 45154K(45376K)->45154K(45376K) Class: 7446K(7680K)->7446K(7680K)
[161.161s][info][gc             ] GC(127) Pause Full (System.gc()) 534M->15M(3959M) 127.875ms
[161.161s][info][gc,cpu         ] GC(127) User=0.11s Sys=0.00s Real=0.13s
[162.501s][info][gc,start       ] GC(128) Pause Young (Allocation Failure)
[162.503s][info][gc,heap        ] GC(128) DefNew: 1118528K(1258304K)->499K(1258304K) Eden: 1118528K(1118528K)->0K(1118528K) From: 0K(139776K)->499K(139776K)
[162.503s][info][gc,heap        ] GC(128) Tenured: 15966K(2796224K)->15966K(2796224K)
[162.503s][info][gc,metaspace   ] GC(128) Metaspace: 52659K(53056K)->52659K(53056K) NonClass: 45213K(45376K)->45213K(45376K) Class: 7446K(7680K)->7446K(7680K)
[162.503s][info][gc             ] GC(128) Pause Young (Allocation Failure) 1107M->16M(3959M) 2.144ms
[162.503s][info][gc,cpu         ] GC(128) User=0.00s Sys=0.00s Real=0.00s
[163.849s][info][gc,start       ] GC(129) Pause Young (Allocation Failure)
[163.851s][info][gc,heap        ] GC(129) DefNew: 1119027K(1258304K)->544K(1258304K) Eden: 1118528K(1118528K)->0K(1118528K) From: 499K(139776K)->544K(139776K)
[163.851s][info][gc,heap        ] GC(129) Tenured: 15966K(2796224K)->15966K(2796224K)
[163.851s][info][gc,metaspace   ] GC(129) Metaspace: 52661K(53120K)->52661K(53120K) NonClass: 45215K(45440K)->45215K(45440K) Class: 7446K(7680K)->7446K(7680K)
[163.851s][info][gc             ] GC(129) Pause Young (Allocation Failure) 1108M->16M(3959M) 2.011ms
[163.851s][info][gc,cpu         ] GC(129) User=0.00s Sys=0.00s Real=0.00s
[164.481s][info][gc,start       ] GC(130) Pause Full (System.gc())
[164.481s][info][gc,phases,start] GC(130) Phase 1: Mark live objects
[164.505s][info][gc,phases      ] GC(130) Phase 1: Mark live objects 24.346ms
[164.505s][info][gc,phases,start] GC(130) Phase 2: Compute new object addresses
[164.596s][info][gc,phases      ] GC(130) Phase 2: Compute new object addresses 90.494ms
[164.596s][info][gc,phases,start] GC(130) Phase 3: Adjust pointers
[164.609s][info][gc,phases      ] GC(130) Phase 3: Adjust pointers 13.422ms
[164.609s][info][gc,phases,start] GC(130) Phase 4: Move objects
[164.609s][info][gc,phases      ] GC(130) Phase 4: Move objects 0.078ms
[164.610s][info][gc,heap        ] GC(130) DefNew: 529933K(1258304K)->0K(1258304K) Eden: 529388K(1118528K)->0K(1118528K) From: 544K(139776K)->0K(139776K)
[164.610s][info][gc,heap        ] GC(130) Tenured: 15966K(2796224K)->16158K(2796224K)
[164.610s][info][gc,metaspace   ] GC(130) Metaspace: 52677K(53120K)->52677K(53120K) NonClass: 45231K(45440K)->45231K(45440K) Class: 7446K(7680K)->7446K(7680K)
[164.610s][info][gc             ] GC(130) Pause Full (System.gc()) 533M->15M(3959M) 128.725ms
[164.610s][info][gc,cpu         ] GC(130) User=0.11s Sys=0.00s Real=0.13s
[166.010s][info][gc,start       ] GC(131) Pause Young (Allocation Failure)
[166.012s][info][gc,heap        ] GC(131) DefNew: 1118528K(1258304K)->479K(1258304K) Eden: 1118528K(1118528K)->0K(1118528K) From: 0K(139776K)->479K(139776K)
[166.012s][info][gc,heap        ] GC(131) Tenured: 16158K(2796224K)->16158K(2796224K)
[166.012s][info][gc,metaspace   ] GC(131) Metaspace: 52775K(53184K)->52775K(53184K) NonClass: 45329K(45504K)->45329K(45504K) Class: 7446K(7680K)->7446K(7680K)
[166.012s][info][gc             ] GC(131) Pause Young (Allocation Failure) 1108M->16M(3959M) 2.127ms
[166.012s][info][gc,cpu         ] GC(131) User=0.00s Sys=0.00s Real=0.00s
[167.386s][info][gc,start       ] GC(132) Pause Young (Allocation Failure)
[167.387s][info][gc,heap        ] GC(132) DefNew: 1119007K(1258304K)->533K(1258304K) Eden: 1118528K(1118528K)->0K(1118528K) From: 479K(139776K)->533K(139776K)
[167.388s][info][gc,heap        ] GC(132) Tenured: 16158K(2796224K)->16158K(2796224K)
[167.388s][info][gc,metaspace   ] GC(132) Metaspace: 52777K(53184K)->52777K(53184K) NonClass: 45331K(45504K)->45331K(45504K) Class: 7446K(7680K)->7446K(7680K)
[167.388s][info][gc             ] GC(132) Pause Young (Allocation Failure) 1108M->16M(3959M) 2.012ms
[167.388s][info][gc,cpu         ] GC(132) User=0.00s Sys=0.00s Real=0.00s
[168.058s][info][gc,start       ] GC(133) Pause Full (System.gc())
[168.058s][info][gc,phases,start] GC(133) Phase 1: Mark live objects
[168.082s][info][gc,phases      ] GC(133) Phase 1: Mark live objects 23.983ms
[168.082s][info][gc,phases,start] GC(133) Phase 2: Compute new object addresses
[168.171s][info][gc,phases      ] GC(133) Phase 2: Compute new object addresses 89.179ms
[168.171s][info][gc,phases,start] GC(133) Phase 3: Adjust pointers
[168.185s][info][gc,phases      ] GC(133) Phase 3: Adjust pointers 13.271ms
[168.185s][info][gc,phases,start] GC(133) Phase 4: Move objects
[168.185s][info][gc,phases      ] GC(133) Phase 4: Move objects 0.076ms
[168.185s][info][gc,heap        ] GC(133) DefNew: 531256K(1258304K)->0K(1258304K) Eden: 530722K(1118528K)->0K(1118528K) From: 533K(139776K)->0K(139776K)
[168.185s][info][gc,heap        ] GC(133) Tenured: 16158K(2796224K)->16346K(2796224K)
[168.185s][info][gc,metaspace   ] GC(133) Metaspace: 52783K(53184K)->52783K(53184K) NonClass: 45337K(45504K)->45337K(45504K) Class: 7446K(7680K)->7446K(7680K)
[168.185s][info][gc             ] GC(133) Pause Full (System.gc()) 534M->15M(3959M) 126.868ms
[168.185s][info][gc,cpu         ] GC(133) User=0.12s Sys=0.00s Real=0.14s
[169.581s][info][gc,start       ] GC(134) Pause Young (Allocation Failure)
[169.584s][info][gc,heap        ] GC(134) DefNew: 1118528K(1258304K)->503K(1258304K) Eden: 1118528K(1118528K)->0K(1118528K) From: 0K(139776K)->503K(139776K)
[169.584s][info][gc,heap        ] GC(134) Tenured: 16346K(2796224K)->16346K(2796224K)
[169.584s][info][gc,metaspace   ] GC(134) Metaspace: 52815K(53248K)->52815K(53248K) NonClass: 45369K(45568K)->45369K(45568K) Class: 7446K(7680K)->7446K(7680K)
[169.584s][info][gc             ] GC(134) Pause Young (Allocation Failure) 1108M->16M(3959M) 2.213ms
[169.584s][info][gc,cpu         ] GC(134) User=0.00s Sys=0.00s Real=0.00s
[170.966s][info][gc,start       ] GC(135) Pause Young (Allocation Failure)
[170.968s][info][gc,heap        ] GC(135) DefNew: 1119031K(1258304K)->542K(1258304K) Eden: 1118528K(1118528K)->0K(1118528K) From: 503K(139776K)->542K(139776K)
[170.968s][info][gc,heap        ] GC(135) Tenured: 16346K(2796224K)->16346K(2796224K)
[170.968s][info][gc,metaspace   ] GC(135) Metaspace: 52820K(53248K)->52820K(53248K) NonClass: 45373K(45568K)->45373K(45568K) Class: 7446K(7680K)->7446K(7680K)
[170.968s][info][gc             ] GC(135) Pause Young (Allocation Failure) 1108M->16M(3959M) 1.970ms
[170.968s][info][gc,cpu         ] GC(135) User=0.00s Sys=0.00s Real=0.00s
[171.627s][info][gc,start       ] GC(136) Pause Full (System.gc())
[171.627s][info][gc,phases,start] GC(136) Phase 1: Mark live objects
[171.651s][info][gc,phases      ] GC(136) Phase 1: Mark live objects 23.876ms
[171.651s][info][gc,phases,start] GC(136) Phase 2: Compute new object addresses
[171.740s][info][gc,phases      ] GC(136) Phase 2: Compute new object addresses 89.117ms
[171.740s][info][gc,phases,start] GC(136) Phase 3: Adjust pointers
[171.753s][info][gc,phases      ] GC(136) Phase 3: Adjust pointers 13.365ms
[171.753s][info][gc,phases,start] GC(136) Phase 4: Move objects
[171.753s][info][gc,phases      ] GC(136) Phase 4: Move objects 0.074ms
[171.753s][info][gc,heap        ] GC(136) DefNew: 530607K(1258304K)->0K(1258304K) Eden: 530064K(1118528K)->0K(1118528K) From: 542K(139776K)->0K(139776K)
[171.753s][info][gc,heap        ] GC(136) Tenured: 16346K(2796224K)->16542K(2796224K)
[171.753s][info][gc,metaspace   ] GC(136) Metaspace: 52823K(53248K)->52823K(53248K) NonClass: 45377K(45568K)->45377K(45568K) Class: 7446K(7680K)->7446K(7680K)
[171.753s][info][gc             ] GC(136) Pause Full (System.gc()) 534M->16M(3959M) 126.776ms
[171.753s][info][gc,cpu         ] GC(136) User=0.11s Sys=0.00s Real=0.13s
[173.107s][info][gc,start       ] GC(137) Pause Young (Allocation Failure)
[173.109s][info][gc,heap        ] GC(137) DefNew: 1118528K(1258304K)->505K(1258304K) Eden: 1118528K(1118528K)->0K(1118528K) From: 0K(139776K)->505K(139776K)
[173.109s][info][gc,heap        ] GC(137) Tenured: 16542K(2796224K)->16542K(2796224K)
[173.109s][info][gc,metaspace   ] GC(137) Metaspace: 52868K(53312K)->52868K(53312K) NonClass: 45421K(45632K)->45421K(45632K) Class: 7446K(7680K)->7446K(7680K)
[173.109s][info][gc             ] GC(137) Pause Young (Allocation Failure) 1108M->16M(3959M) 2.146ms
[173.109s][info][gc,cpu         ] GC(137) User=0.00s Sys=0.00s Real=0.00s
[174.461s][info][gc,start       ] GC(138) Pause Young (Allocation Failure)
[174.463s][info][gc,heap        ] GC(138) DefNew: 1119033K(1258304K)->525K(1258304K) Eden: 1118528K(1118528K)->0K(1118528K) From: 505K(139776K)->525K(139776K)
[174.463s][info][gc,heap        ] GC(138) Tenured: 16542K(2796224K)->16542K(2796224K)
[174.463s][info][gc,metaspace   ] GC(138) Metaspace: 52870K(53312K)->52870K(53312K) NonClass: 45423K(45632K)->45423K(45632K) Class: 7446K(7680K)->7446K(7680K)
[174.463s][info][gc             ] GC(138) Pause Young (Allocation Failure) 1108M->16M(3959M) 2.015ms
[174.463s][info][gc,cpu         ] GC(138) User=0.00s Sys=0.00s Real=0.00s
[175.126s][info][gc,start       ] GC(139) Pause Full (System.gc())
[175.126s][info][gc,phases,start] GC(139) Phase 1: Mark live objects
[175.149s][info][gc,phases      ] GC(139) Phase 1: Mark live objects 23.762ms
[175.149s][info][gc,phases,start] GC(139) Phase 2: Compute new object addresses
[175.238s][info][gc,phases      ] GC(139) Phase 2: Compute new object addresses 88.880ms
[175.238s][info][gc,phases,start] GC(139) Phase 3: Adjust pointers
[175.252s][info][gc,phases      ] GC(139) Phase 3: Adjust pointers 13.413ms
[175.252s][info][gc,phases,start] GC(139) Phase 4: Move objects
[175.252s][info][gc,phases      ] GC(139) Phase 4: Move objects 0.085ms
[175.252s][info][gc,heap        ] GC(139) DefNew: 526375K(1258304K)->0K(1258304K) Eden: 525849K(1118528K)->0K(1118528K) From: 525K(139776K)->0K(139776K)
[175.252s][info][gc,heap        ] GC(139) Tenured: 16542K(2796224K)->15961K(2796224K)
[175.252s][info][gc,metaspace   ] GC(139) Metaspace: 52870K(53312K)->52870K(53312K) NonClass: 45423K(45632K)->45423K(45632K) Class: 7446K(7680K)->7446K(7680K)
[175.252s][info][gc             ] GC(139) Pause Full (System.gc()) 530M->15M(3959M) 126.529ms
[175.252s][info][gc,cpu         ] GC(139) User=0.11s Sys=0.00s Real=0.13s
[176.628s][info][gc,start       ] GC(140) Pause Young (Allocation Failure)
[176.630s][info][gc,heap        ] GC(140) DefNew: 1118528K(1258304K)->495K(1258304K) Eden: 1118528K(1118528K)->0K(1118528K) From: 0K(139776K)->495K(139776K)
[176.630s][info][gc,heap        ] GC(140) Tenured: 15961K(2796224K)->15961K(2796224K)
[176.630s][info][gc,metaspace   ] GC(140) Metaspace: 52915K(53312K)->52915K(53312K) NonClass: 45468K(45632K)->45468K(45632K) Class: 7446K(7680K)->7446K(7680K)
[176.630s][info][gc             ] GC(140) Pause Young (Allocation Failure) 1107M->16M(3959M) 2.182ms
[176.630s][info][gc,cpu         ] GC(140) User=0.00s Sys=0.00s Real=0.00s
[177.990s][info][gc,start       ] GC(141) Pause Young (Allocation Failure)
[177.992s][info][gc,heap        ] GC(141) DefNew: 1119023K(1258304K)->512K(1258304K) Eden: 1118528K(1118528K)->0K(1118528K) From: 495K(139776K)->512K(139776K)
[177.992s][info][gc,heap        ] GC(141) Tenured: 15961K(2796224K)->15961K(2796224K)
[177.992s][info][gc,metaspace   ] GC(141) Metaspace: 52915K(53312K)->52915K(53312K) NonClass: 45468K(45632K)->45468K(45632K) Class: 7446K(7680K)->7446K(7680K)
[177.992s][info][gc             ] GC(141) Pause Young (Allocation Failure) 1108M->16M(3959M) 1.825ms
[177.992s][info][gc,cpu         ] GC(141) User=0.00s Sys=0.00s Real=0.00s
[178.659s][info][gc,start       ] GC(142) Pause Full (System.gc())
[178.660s][info][gc,phases,start] GC(142) Phase 1: Mark live objects
[178.684s][info][gc,phases      ] GC(142) Phase 1: Mark live objects 24.342ms
[178.684s][info][gc,phases,start] GC(142) Phase 2: Compute new object addresses
[178.773s][info][gc,phases      ] GC(142) Phase 2: Compute new object addresses 89.111ms
[178.773s][info][gc,phases,start] GC(142) Phase 3: Adjust pointers
[178.786s][info][gc,phases      ] GC(142) Phase 3: Adjust pointers 13.398ms
[178.787s][info][gc,phases,start] GC(142) Phase 4: Move objects
[178.787s][info][gc,phases      ] GC(142) Phase 4: Move objects 0.081ms
[178.787s][info][gc,heap        ] GC(142) DefNew: 531199K(1258304K)->0K(1258304K) Eden: 530687K(1118528K)->0K(1118528K) From: 512K(139776K)->0K(139776K)
[178.787s][info][gc,heap        ] GC(142) Tenured: 15961K(2796224K)->16157K(2796224K)
[178.787s][info][gc,metaspace   ] GC(142) Metaspace: 52916K(53312K)->52916K(53312K) NonClass: 45470K(45632K)->45470K(45632K) Class: 7446K(7680K)->7446K(7680K)
[178.787s][info][gc             ] GC(142) Pause Full (System.gc()) 534M->15M(3959M) 127.324ms
[178.787s][info][gc,cpu         ] GC(142) User=0.12s Sys=0.00s Real=0.13s
[180.130s][info][gc,start       ] GC(143) Pause Young (Allocation Failure)
[180.132s][info][gc,heap        ] GC(143) DefNew: 1118528K(1258304K)->503K(1258304K) Eden: 1118528K(1118528K)->0K(1118528K) From: 0K(139776K)->503K(139776K)
[180.132s][info][gc,heap        ] GC(143) Tenured: 16157K(2796224K)->16157K(2796224K)
[180.132s][info][gc,metaspace   ] GC(143) Metaspace: 52941K(53376K)->52941K(53376K) NonClass: 45495K(45696K)->45495K(45696K) Class: 7446K(7680K)->7446K(7680K)
[180.132s][info][gc             ] GC(143) Pause Young (Allocation Failure) 1108M->16M(3959M) 2.303ms
[180.132s][info][gc,cpu         ] GC(143) User=0.00s Sys=0.00s Real=0.00s
[181.481s][info][gc,start       ] GC(144) Pause Young (Allocation Failure)
[181.483s][info][gc,heap        ] GC(144) DefNew: 1119031K(1258304K)->527K(1258304K) Eden: 1118528K(1118528K)->0K(1118528K) From: 503K(139776K)->527K(139776K)
[181.483s][info][gc,heap        ] GC(144) Tenured: 16157K(2796224K)->16157K(2796224K)
[181.483s][info][gc,metaspace   ] GC(144) Metaspace: 52941K(53376K)->52941K(53376K) NonClass: 45495K(45696K)->45495K(45696K) Class: 7446K(7680K)->7446K(7680K)
[181.483s][info][gc             ] GC(144) Pause Young (Allocation Failure) 1108M->16M(3959M) 1.930ms
[181.483s][info][gc,cpu         ] GC(144) User=0.00s Sys=0.00s Real=0.00s
[182.174s][info][gc,start       ] GC(145) Pause Full (System.gc())
[182.174s][info][gc,phases,start] GC(145) Phase 1: Mark live objects
[182.199s][info][gc,phases      ] GC(145) Phase 1: Mark live objects 24.821ms
[182.199s][info][gc,phases,start] GC(145) Phase 2: Compute new object addresses
[182.289s][info][gc,phases      ] GC(145) Phase 2: Compute new object addresses 90.072ms
[182.289s][info][gc,phases,start] GC(145) Phase 3: Adjust pointers
[182.303s][info][gc,phases      ] GC(145) Phase 3: Adjust pointers 13.696ms
[182.303s][info][gc,phases,start] GC(145) Phase 4: Move objects
[182.303s][info][gc,phases      ] GC(145) Phase 4: Move objects 0.106ms
[182.303s][info][gc,heap        ] GC(145) DefNew: 535632K(1258304K)->0K(1258304K) Eden: 535104K(1118528K)->0K(1118528K) From: 527K(139776K)->0K(139776K)
[182.303s][info][gc,heap        ] GC(145) Tenured: 16157K(2796224K)->16411K(2796224K)
[182.303s][info][gc,metaspace   ] GC(145) Metaspace: 52943K(53376K)->52943K(53376K) NonClass: 45497K(45696K)->45497K(45696K) Class: 7446K(7680K)->7446K(7680K)
[182.303s][info][gc             ] GC(145) Pause Full (System.gc()) 538M->16M(3959M) 129.059ms
[182.303s][info][gc,cpu         ] GC(145) User=0.12s Sys=0.00s Real=0.13s
[183.687s][info][gc,start       ] GC(146) Pause Young (Allocation Failure)
[183.689s][info][gc,heap        ] GC(146) DefNew: 1118528K(1258304K)->441K(1258304K) Eden: 1118528K(1118528K)->0K(1118528K) From: 0K(139776K)->441K(139776K)
[183.689s][info][gc,heap        ] GC(146) Tenured: 16411K(2796224K)->16411K(2796224K)
[183.689s][info][gc,metaspace   ] GC(146) Metaspace: 52965K(53440K)->52965K(53440K) NonClass: 45518K(45760K)->45518K(45760K) Class: 7446K(7680K)->7446K(7680K)
[183.689s][info][gc             ] GC(146) Pause Young (Allocation Failure) 1108M->16M(3959M) 1.989ms
[183.689s][info][gc,cpu         ] GC(146) User=0.00s Sys=0.00s Real=0.00s
[185.039s][info][gc,start       ] GC(147) Pause Young (Allocation Failure)
[185.041s][info][gc,heap        ] GC(147) DefNew: 1118969K(1258304K)->479K(1258304K) Eden: 1118528K(1118528K)->0K(1118528K) From: 441K(139776K)->479K(139776K)
[185.041s][info][gc,heap        ] GC(147) Tenured: 16411K(2796224K)->16411K(2796224K)
[185.041s][info][gc,metaspace   ] GC(147) Metaspace: 52965K(53440K)->52965K(53440K) NonClass: 45518K(45760K)->45518K(45760K) Class: 7446K(7680K)->7446K(7680K)
[185.041s][info][gc             ] GC(147) Pause Young (Allocation Failure) 1108M->16M(3959M) 1.966ms
[185.041s][info][gc,cpu         ] GC(147) User=0.00s Sys=0.00s Real=0.00s
[185.717s][info][gc,start       ] GC(148) Pause Full (System.gc())
[185.718s][info][gc,phases,start] GC(148) Phase 1: Mark live objects
[185.742s][info][gc,phases      ] GC(148) Phase 1: Mark live objects 24.086ms
[185.742s][info][gc,phases,start] GC(148) Phase 2: Compute new object addresses
[185.831s][info][gc,phases      ] GC(148) Phase 2: Compute new object addresses 88.873ms
[185.831s][info][gc,phases,start] GC(148) Phase 3: Adjust pointers
[185.844s][info][gc,phases      ] GC(148) Phase 3: Adjust pointers 13.553ms
[185.844s][info][gc,phases,start] GC(148) Phase 4: Move objects
[185.844s][info][gc,phases      ] GC(148) Phase 4: Move objects 0.075ms
[185.844s][info][gc,heap        ] GC(148) DefNew: 531604K(1258304K)->0K(1258304K) Eden: 531125K(1118528K)->0K(1118528K) From: 479K(139776K)->0K(139776K)
[185.844s][info][gc,heap        ] GC(148) Tenured: 16411K(2796224K)->16593K(2796224K)
[185.844s][info][gc,metaspace   ] GC(148) Metaspace: 52965K(53440K)->52965K(53440K) NonClass: 45518K(45760K)->45518K(45760K) Class: 7446K(7680K)->7446K(7680K)
[185.844s][info][gc             ] GC(148) Pause Full (System.gc()) 535M->16M(3959M) 126.994ms
[185.844s][info][gc,cpu         ] GC(148) User=0.12s Sys=0.00s Real=0.13s
[187.200s][info][gc,start       ] GC(149) Pause Young (Allocation Failure)
[187.202s][info][gc,heap        ] GC(149) DefNew: 1118528K(1258304K)->504K(1258304K) Eden: 1118528K(1118528K)->0K(1118528K) From: 0K(139776K)->504K(139776K)
[187.202s][info][gc,heap        ] GC(149) Tenured: 16593K(2796224K)->16593K(2796224K)
[187.202s][info][gc,metaspace   ] GC(149) Metaspace: 52970K(53440K)->52970K(53440K) NonClass: 45524K(45760K)->45524K(45760K) Class: 7446K(7680K)->7446K(7680K)
[187.202s][info][gc             ] GC(149) Pause Young (Allocation Failure) 1108M->16M(3959M) 2.154ms
[187.202s][info][gc,cpu         ] GC(149) User=0.00s Sys=0.00s Real=0.00s
[188.573s][info][gc,start       ] GC(150) Pause Young (Allocation Failure)
[188.575s][info][gc,heap        ] GC(150) DefNew: 1119032K(1258304K)->537K(1258304K) Eden: 1118528K(1118528K)->0K(1118528K) From: 504K(139776K)->537K(139776K)
[188.575s][info][gc,heap        ] GC(150) Tenured: 16593K(2796224K)->16593K(2796224K)
[188.575s][info][gc,metaspace   ] GC(150) Metaspace: 52970K(53440K)->52970K(53440K) NonClass: 45524K(45760K)->45524K(45760K) Class: 7446K(7680K)->7446K(7680K)
[188.575s][info][gc             ] GC(150) Pause Young (Allocation Failure) 1109M->16M(3959M) 1.912ms
[188.575s][info][gc,cpu         ] GC(150) User=0.00s Sys=0.00s Real=0.00s
[189.225s][info][gc,start       ] GC(151) Pause Full (System.gc())
[189.225s][info][gc,phases,start] GC(151) Phase 1: Mark live objects
[189.250s][info][gc,phases      ] GC(151) Phase 1: Mark live objects 24.282ms
[189.250s][info][gc,phases,start] GC(151) Phase 2: Compute new object addresses
[189.340s][info][gc,phases      ] GC(151) Phase 2: Compute new object addresses 90.251ms
[189.340s][info][gc,phases,start] GC(151) Phase 3: Adjust pointers
[189.354s][info][gc,phases      ] GC(151) Phase 3: Adjust pointers 13.682ms
[189.354s][info][gc,phases,start] GC(151) Phase 4: Move objects
[189.354s][info][gc,phases      ] GC(151) Phase 4: Move objects 0.452ms
[189.354s][info][gc,heap        ] GC(151) DefNew: 534739K(1258304K)->0K(1258304K) Eden: 534201K(1118528K)->0K(1118528K) From: 537K(139776K)->0K(139776K)
[189.354s][info][gc,heap        ] GC(151) Tenured: 16593K(2796224K)->15971K(2796224K)
[189.354s][info][gc,metaspace   ] GC(151) Metaspace: 52970K(53440K)->52970K(53440K) NonClass: 45524K(45760K)->45524K(45760K) Class: 7446K(7680K)->7446K(7680K)
[189.354s][info][gc             ] GC(151) Pause Full (System.gc()) 538M->15M(3959M) 129.140ms
[189.354s][info][gc,cpu         ] GC(151) User=0.12s Sys=0.00s Real=0.13s
[190.695s][info][gc,start       ] GC(152) Pause Young (Allocation Failure)
[190.697s][info][gc,heap        ] GC(152) DefNew: 1118528K(1258304K)->493K(1258304K) Eden: 1118528K(1118528K)->0K(1118528K) From: 0K(139776K)->493K(139776K)
[190.697s][info][gc,heap        ] GC(152) Tenured: 15971K(2796224K)->15971K(2796224K)
[190.697s][info][gc,metaspace   ] GC(152) Metaspace: 52981K(53440K)->52981K(53440K) NonClass: 45534K(45760K)->45534K(45760K) Class: 7446K(7680K)->7446K(7680K)
[190.697s][info][gc             ] GC(152) Pause Young (Allocation Failure) 1107M->16M(3959M) 2.120ms
[190.697s][info][gc,cpu         ] GC(152) User=0.00s Sys=0.00s Real=0.00s
[192.026s][info][gc,start       ] GC(153) Pause Young (Allocation Failure)
[192.028s][info][gc,heap        ] GC(153) DefNew: 1119021K(1258304K)->515K(1258304K) Eden: 1118528K(1118528K)->0K(1118528K) From: 493K(139776K)->515K(139776K)
[192.028s][info][gc,heap        ] GC(153) Tenured: 15971K(2796224K)->15971K(2796224K)
[192.028s][info][gc,metaspace   ] GC(153) Metaspace: 52981K(53440K)->52981K(53440K) NonClass: 45534K(45760K)->45534K(45760K) Class: 7446K(7680K)->7446K(7680K)
[192.028s][info][gc             ] GC(153) Pause Young (Allocation Failure) 1108M->16M(3959M) 1.896ms
[192.028s][info][gc,cpu         ] GC(153) User=0.00s Sys=0.00s Real=0.00s
[192.703s][info][gc,start       ] GC(154) Pause Full (System.gc())
[192.703s][info][gc,phases,start] GC(154) Phase 1: Mark live objects
[192.728s][info][gc,phases      ] GC(154) Phase 1: Mark live objects 24.511ms
[192.728s][info][gc,phases,start] GC(154) Phase 2: Compute new object addresses
[192.817s][info][gc,phases      ] GC(154) Phase 2: Compute new object addresses 89.359ms
[192.817s][info][gc,phases,start] GC(154) Phase 3: Adjust pointers
[192.831s][info][gc,phases      ] GC(154) Phase 3: Adjust pointers 13.538ms
[192.831s][info][gc,phases,start] GC(154) Phase 4: Move objects
[192.831s][info][gc,phases      ] GC(154) Phase 4: Move objects 0.088ms
[192.831s][info][gc,heap        ] GC(154) DefNew: 536384K(1258304K)->0K(1258304K) Eden: 535869K(1118528K)->0K(1118528K) From: 515K(139776K)->0K(139776K)
[192.831s][info][gc,heap        ] GC(154) Tenured: 15971K(2796224K)->16183K(2796224K)
[192.831s][info][gc,metaspace   ] GC(154) Metaspace: 52981K(53440K)->52981K(53440K) NonClass: 45535K(45760K)->45535K(45760K) Class: 7446K(7680K)->7446K(7680K)
[192.831s][info][gc             ] GC(154) Pause Full (System.gc()) 539M->15M(3959M) 127.845ms
[192.831s][info][gc,cpu         ] GC(154) User=0.11s Sys=0.00s Real=0.13s
[194.196s][info][gc,start       ] GC(155) Pause Young (Allocation Failure)
[194.198s][info][gc,heap        ] GC(155) DefNew: 1118528K(1258304K)->506K(1258304K) Eden: 1118528K(1118528K)->0K(1118528K) From: 0K(139776K)->506K(139776K)
[194.198s][info][gc,heap        ] GC(155) Tenured: 16183K(2796224K)->16183K(2796224K)
[194.198s][info][gc,metaspace   ] GC(155) Metaspace: 52994K(53440K)->52994K(53440K) NonClass: 45548K(45760K)->45548K(45760K) Class: 7446K(7680K)->7446K(7680K)
[194.198s][info][gc             ] GC(155) Pause Young (Allocation Failure) 1108M->16M(3959M) 2.277ms
[194.198s][info][gc,cpu         ] GC(155) User=0.00s Sys=0.00s Real=0.00s
[195.565s][info][gc,start       ] GC(156) Pause Young (Allocation Failure)
[195.566s][info][gc,heap        ] GC(156) DefNew: 1119034K(1258304K)->497K(1258304K) Eden: 1118528K(1118528K)->0K(1118528K) From: 506K(139776K)->497K(139776K)
[195.566s][info][gc,heap        ] GC(156) Tenured: 16183K(2796224K)->16183K(2796224K)
[195.566s][info][gc,metaspace   ] GC(156) Metaspace: 52994K(53440K)->52994K(53440K) NonClass: 45548K(45760K)->45548K(45760K) Class: 7446K(7680K)->7446K(7680K)
[195.567s][info][gc             ] GC(156) Pause Young (Allocation Failure) 1108M->16M(3959M) 1.851ms
[195.567s][info][gc,cpu         ] GC(156) User=0.00s Sys=0.00s Real=0.00s
[196.224s][info][gc,start       ] GC(157) Pause Full (System.gc())
[196.224s][info][gc,phases,start] GC(157) Phase 1: Mark live objects
[196.248s][info][gc,phases      ] GC(157) Phase 1: Mark live objects 24.498ms
[196.248s][info][gc,phases,start] GC(157) Phase 2: Compute new object addresses
[196.337s][info][gc,phases      ] GC(157) Phase 2: Compute new object addresses 89.058ms
[196.337s][info][gc,phases,start] GC(157) Phase 3: Adjust pointers
[196.351s][info][gc,phases      ] GC(157) Phase 3: Adjust pointers 13.524ms
[196.351s][info][gc,phases,start] GC(157) Phase 4: Move objects
[196.351s][info][gc,phases      ] GC(157) Phase 4: Move objects 0.078ms
[196.351s][info][gc,heap        ] GC(157) DefNew: 532403K(1258304K)->0K(1258304K) Eden: 531905K(1118528K)->0K(1118528K) From: 497K(139776K)->0K(139776K)
[196.351s][info][gc,heap        ] GC(157) Tenured: 16183K(2796224K)->16373K(2796224K)
[196.351s][info][gc,metaspace   ] GC(157) Metaspace: 52994K(53440K)->52994K(53440K) NonClass: 45548K(45760K)->45548K(45760K) Class: 7446K(7680K)->7446K(7680K)
[196.351s][info][gc             ] GC(157) Pause Full (System.gc()) 535M->15M(3959M) 127.497ms
[196.351s][info][gc,cpu         ] GC(157) User=0.11s Sys=0.00s Real=0.13s
[197.720s][info][gc,start       ] GC(158) Pause Young (Allocation Failure)
[197.722s][info][gc,heap        ] GC(158) DefNew: 1118528K(1258304K)->490K(1258304K) Eden: 1118528K(1118528K)->0K(1118528K) From: 0K(139776K)->490K(139776K)
[197.722s][info][gc,heap        ] GC(158) Tenured: 16373K(2796224K)->16373K(2796224K)
[197.722s][info][gc,metaspace   ] GC(158) Metaspace: 52998K(53504K)->52998K(53504K) NonClass: 45552K(45824K)->45552K(45824K) Class: 7446K(7680K)->7446K(7680K)
[197.722s][info][gc             ] GC(158) Pause Young (Allocation Failure) 1108M->16M(3959M) 2.087ms
[197.722s][info][gc,cpu         ] GC(158) User=0.00s Sys=0.00s Real=0.00s
[199.088s][info][gc,start       ] GC(159) Pause Young (Allocation Failure)
[199.090s][info][gc,heap        ] GC(159) DefNew: 1119018K(1258304K)->502K(1258304K) Eden: 1118528K(1118528K)->0K(1118528K) From: 490K(139776K)->502K(139776K)
[199.090s][info][gc,heap        ] GC(159) Tenured: 16373K(2796224K)->16373K(2796224K)
[199.090s][info][gc,metaspace   ] GC(159) Metaspace: 52998K(53504K)->52998K(53504K) NonClass: 45552K(45824K)->45552K(45824K) Class: 7446K(7680K)->7446K(7680K)
[199.090s][info][gc             ] GC(159) Pause Young (Allocation Failure) 1108M->16M(3959M) 1.753ms
[199.090s][info][gc,cpu         ] GC(159) User=0.00s Sys=0.00s Real=0.00s
[199.759s][info][gc,start       ] GC(160) Pause Full (System.gc())
[199.759s][info][gc,phases,start] GC(160) Phase 1: Mark live objects
[199.783s][info][gc,phases      ] GC(160) Phase 1: Mark live objects 24.469ms
[199.783s][info][gc,phases,start] GC(160) Phase 2: Compute new object addresses
[199.872s][info][gc,phases      ] GC(160) Phase 2: Compute new object addresses 88.832ms
[199.872s][info][gc,phases,start] GC(160) Phase 3: Adjust pointers
[199.886s][info][gc,phases      ] GC(160) Phase 3: Adjust pointers 13.558ms
[199.886s][info][gc,phases,start] GC(160) Phase 4: Move objects
[199.886s][info][gc,phases      ] GC(160) Phase 4: Move objects 0.077ms
[199.886s][info][gc,heap        ] GC(160) DefNew: 531262K(1258304K)->0K(1258304K) Eden: 530759K(1118528K)->0K(1118528K) From: 502K(139776K)->0K(139776K)
[199.886s][info][gc,heap        ] GC(160) Tenured: 16373K(2796224K)->16564K(2796224K)
[199.886s][info][gc,metaspace   ] GC(160) Metaspace: 52998K(53504K)->52998K(53504K) NonClass: 45552K(45824K)->45552K(45824K) Class: 7446K(7680K)->7446K(7680K)
[199.886s][info][gc             ] GC(160) Pause Full (System.gc()) 534M->16M(3959M) 127.287ms
[199.886s][info][gc,cpu         ] GC(160) User=0.14s Sys=0.00s Real=0.13s
[201.252s][info][gc,start       ] GC(161) Pause Young (Allocation Failure)
[201.254s][info][gc,heap        ] GC(161) DefNew: 1118528K(1258304K)->487K(1258304K) Eden: 1118528K(1118528K)->0K(1118528K) From: 0K(139776K)->487K(139776K)
[201.254s][info][gc,heap        ] GC(161) Tenured: 16564K(2796224K)->16564K(2796224K)
[201.254s][info][gc,metaspace   ] GC(161) Metaspace: 53003K(53504K)->53003K(53504K) NonClass: 45556K(45824K)->45556K(45824K) Class: 7446K(7680K)->7446K(7680K)
[201.254s][info][gc             ] GC(161) Pause Young (Allocation Failure) 1108M->16M(3959M) 2.034ms
[201.254s][info][gc,cpu         ] GC(161) User=0.00s Sys=0.00s Real=0.00s
[202.634s][info][gc,start       ] GC(162) Pause Young (Allocation Failure)
[202.636s][info][gc,heap        ] GC(162) DefNew: 1119015K(1258304K)->514K(1258304K) Eden: 1118528K(1118528K)->0K(1118528K) From: 487K(139776K)->514K(139776K)
[202.636s][info][gc,heap        ] GC(162) Tenured: 16564K(2796224K)->16564K(2796224K)
[202.636s][info][gc,metaspace   ] GC(162) Metaspace: 53003K(53504K)->53003K(53504K) NonClass: 45556K(45824K)->45556K(45824K) Class: 7446K(7680K)->7446K(7680K)
[202.636s][info][gc             ] GC(162) Pause Young (Allocation Failure) 1108M->16M(3959M) 2.014ms
[202.636s][info][gc,cpu         ] GC(162) User=0.00s Sys=0.00s Real=0.00s
[203.294s][info][gc,start       ] GC(163) Pause Full (System.gc())
[203.294s][info][gc,phases,start] GC(163) Phase 1: Mark live objects
[203.320s][info][gc,phases      ] GC(163) Phase 1: Mark live objects 25.245ms
[203.320s][info][gc,phases,start] GC(163) Phase 2: Compute new object addresses
[203.409s][info][gc,phases      ] GC(163) Phase 2: Compute new object addresses 88.924ms
[203.409s][info][gc,phases,start] GC(163) Phase 3: Adjust pointers
[203.422s][info][gc,phases      ] GC(163) Phase 3: Adjust pointers 13.754ms
[203.422s][info][gc,phases,start] GC(163) Phase 4: Move objects
[203.423s][info][gc,phases      ] GC(163) Phase 4: Move objects 0.113ms
[203.423s][info][gc,heap        ] GC(163) DefNew: 533998K(1258304K)->0K(1258304K) Eden: 533484K(1118528K)->0K(1118528K) From: 514K(139776K)->0K(139776K)
[203.423s][info][gc,heap        ] GC(163) Tenured: 16564K(2796224K)->16042K(2796224K)
[203.423s][info][gc,metaspace   ] GC(163) Metaspace: 53003K(53504K)->53003K(53504K) NonClass: 45557K(45824K)->45557K(45824K) Class: 7446K(7680K)->7446K(7680K)
[203.423s][info][gc             ] GC(163) Pause Full (System.gc()) 537M->15M(3959M) 128.413ms
[203.423s][info][gc,cpu         ] GC(163) User=0.09s Sys=0.00s Real=0.13s
[204.786s][info][gc,start       ] GC(164) Pause Young (Allocation Failure)
[204.788s][info][gc,heap        ] GC(164) DefNew: 1118528K(1258304K)->479K(1258304K) Eden: 1118528K(1118528K)->0K(1118528K) From: 0K(139776K)->479K(139776K)
[204.788s][info][gc,heap        ] GC(164) Tenured: 16042K(2796224K)->16042K(2796224K)
[204.788s][info][gc,metaspace   ] GC(164) Metaspace: 53006K(53504K)->53006K(53504K) NonClass: 45560K(45824K)->45560K(45824K) Class: 7446K(7680K)->7446K(7680K)
[204.788s][info][gc             ] GC(164) Pause Young (Allocation Failure) 1107M->16M(3959M) 2.033ms
[204.788s][info][gc,cpu         ] GC(164) User=0.00s Sys=0.00s Real=0.00s
[206.133s][info][gc,start       ] GC(165) Pause Young (Allocation Failure)
[206.135s][info][gc,heap        ] GC(165) DefNew: 1119007K(1258304K)->469K(1258304K) Eden: 1118528K(1118528K)->0K(1118528K) From: 479K(139776K)->469K(139776K)
[206.135s][info][gc,heap        ] GC(165) Tenured: 16042K(2796224K)->16042K(2796224K)
[206.135s][info][gc,metaspace   ] GC(165) Metaspace: 53006K(53504K)->53006K(53504K) NonClass: 45560K(45824K)->45560K(45824K) Class: 7446K(7680K)->7446K(7680K)
[206.135s][info][gc             ] GC(165) Pause Young (Allocation Failure) 1108M->16M(3959M) 1.833ms
[206.135s][info][gc,cpu         ] GC(165) User=0.00s Sys=0.00s Real=0.00s
[206.799s][info][gc,start       ] GC(166) Pause Full (System.gc())
[206.799s][info][gc,phases,start] GC(166) Phase 1: Mark live objects
[206.824s][info][gc,phases      ] GC(166) Phase 1: Mark live objects 24.758ms
[206.824s][info][gc,phases,start] GC(166) Phase 2: Compute new object addresses
[206.914s][info][gc,phases      ] GC(166) Phase 2: Compute new object addresses 89.693ms
[206.914s][info][gc,phases,start] GC(166) Phase 3: Adjust pointers
[206.928s][info][gc,phases      ] GC(166) Phase 3: Adjust pointers 13.613ms
[206.928s][info][gc,phases,start] GC(166) Phase 4: Move objects
[206.928s][info][gc,phases      ] GC(166) Phase 4: Move objects 0.082ms
[206.928s][info][gc,heap        ] GC(166) DefNew: 529423K(1258304K)->0K(1258304K) Eden: 528953K(1118528K)->0K(1118528K) From: 469K(139776K)->0K(139776K)
[206.928s][info][gc,heap        ] GC(166) Tenured: 16042K(2796224K)->16229K(2796224K)
[206.928s][info][gc,metaspace   ] GC(166) Metaspace: 53006K(53504K)->53006K(53504K) NonClass: 45560K(45824K)->45560K(45824K) Class: 7446K(7680K)->7446K(7680K)
[206.928s][info][gc             ] GC(166) Pause Full (System.gc()) 532M->15M(3959M) 128.510ms
[206.928s][info][gc,cpu         ] GC(166) User=0.14s Sys=0.00s Real=0.14s
[208.315s][info][gc,start       ] GC(167) Pause Young (Allocation Failure)
[208.317s][info][gc,heap        ] GC(167) DefNew: 1118528K(1258304K)->518K(1258304K) Eden: 1118528K(1118528K)->0K(1118528K) From: 0K(139776K)->518K(139776K)
[208.317s][info][gc,heap        ] GC(167) Tenured: 16229K(2796224K)->16229K(2796224K)
[208.317s][info][gc,metaspace   ] GC(167) Metaspace: 53013K(53504K)->53013K(53504K) NonClass: 45567K(45824K)->45567K(45824K) Class: 7446K(7680K)->7446K(7680K)
[208.317s][info][gc             ] GC(167) Pause Young (Allocation Failure) 1108M->16M(3959M) 2.284ms
[208.317s][info][gc,cpu         ] GC(167) User=0.00s Sys=0.00s Real=0.00s
[209.714s][info][gc,start       ] GC(168) Pause Young (Allocation Failure)
[209.716s][info][gc,heap        ] GC(168) DefNew: 1119046K(1258304K)->534K(1258304K) Eden: 1118528K(1118528K)->0K(1118528K) From: 518K(139776K)->534K(139776K)
[209.716s][info][gc,heap        ] GC(168) Tenured: 16229K(2796224K)->16229K(2796224K)
[209.716s][info][gc,metaspace   ] GC(168) Metaspace: 53013K(53504K)->53013K(53504K) NonClass: 45567K(45824K)->45567K(45824K) Class: 7446K(7680K)->7446K(7680K)
[209.716s][info][gc             ] GC(168) Pause Young (Allocation Failure) 1108M->16M(3959M) 1.962ms
[209.716s][info][gc,cpu         ] GC(168) User=0.00s Sys=0.00s Real=0.00s
[210.388s][info][gc,start       ] GC(169) Pause Full (System.gc())
[210.388s][info][gc,phases,start] GC(169) Phase 1: Mark live objects
[210.415s][info][gc,phases      ] GC(169) Phase 1: Mark live objects 26.432ms
[210.415s][info][gc,phases,start] GC(169) Phase 2: Compute new object addresses
[210.506s][info][gc,phases      ] GC(169) Phase 2: Compute new object addresses 91.130ms
[210.506s][info][gc,phases,start] GC(169) Phase 3: Adjust pointers
[210.520s][info][gc,phases      ] GC(169) Phase 3: Adjust pointers 14.098ms
[210.520s][info][gc,phases,start] GC(169) Phase 4: Move objects
[210.520s][info][gc,phases      ] GC(169) Phase 4: Move objects 0.151ms
[210.520s][info][gc,heap        ] GC(169) DefNew: 534723K(1258304K)->0K(1258304K) Eden: 534189K(1118528K)->0K(1118528K) From: 534K(139776K)->0K(139776K)
[210.520s][info][gc,heap        ] GC(169) Tenured: 16229K(2796224K)->16511K(2796224K)
[210.520s][info][gc,metaspace   ] GC(169) Metaspace: 53013K(53504K)->53013K(53504K) NonClass: 45567K(45824K)->45567K(45824K) Class: 7446K(7680K)->7446K(7680K)
[210.520s][info][gc             ] GC(169) Pause Full (System.gc()) 538M->16M(3959M) 132.201ms
[210.520s][info][gc,cpu         ] GC(169) User=0.12s Sys=0.00s Real=0.12s
[211.942s][info][gc,start       ] GC(170) Pause Young (Allocation Failure)
[211.944s][info][gc,heap        ] GC(170) DefNew: 1118528K(1258304K)->460K(1258304K) Eden: 1118528K(1118528K)->0K(1118528K) From: 0K(139776K)->460K(139776K)
[211.944s][info][gc,heap        ] GC(170) Tenured: 16511K(2796224K)->16511K(2796224K)
[211.944s][info][gc,metaspace   ] GC(170) Metaspace: 53013K(53504K)->53013K(53504K) NonClass: 45567K(45824K)->45567K(45824K) Class: 7446K(7680K)->7446K(7680K)
[211.944s][info][gc             ] GC(170) Pause Young (Allocation Failure) 1108M->16M(3959M) 2.083ms
[211.944s][info][gc,cpu         ] GC(170) User=0.00s Sys=0.00s Real=0.00s
[213.284s][info][gc,start       ] GC(171) Pause Young (Allocation Failure)
[213.286s][info][gc,heap        ] GC(171) DefNew: 1118988K(1258304K)->466K(1258304K) Eden: 1118528K(1118528K)->0K(1118528K) From: 460K(139776K)->466K(139776K)
[213.286s][info][gc,heap        ] GC(171) Tenured: 16511K(2796224K)->16511K(2796224K)
[213.286s][info][gc,metaspace   ] GC(171) Metaspace: 53013K(53504K)->53013K(53504K) NonClass: 45567K(45824K)->45567K(45824K) Class: 7446K(7680K)->7446K(7680K)
[213.286s][info][gc             ] GC(171) Pause Young (Allocation Failure) 1108M->16M(3959M) 1.833ms
[213.286s][info][gc,cpu         ] GC(171) User=0.00s Sys=0.00s Real=0.00s
[213.942s][info][gc,start       ] GC(172) Pause Full (System.gc())
[213.942s][info][gc,phases,start] GC(172) Phase 1: Mark live objects
[213.967s][info][gc,phases      ] GC(172) Phase 1: Mark live objects 24.612ms
[213.967s][info][gc,phases,start] GC(172) Phase 2: Compute new object addresses
[214.057s][info][gc,phases      ] GC(172) Phase 2: Compute new object addresses 90.539ms
[214.057s][info][gc,phases,start] GC(172) Phase 3: Adjust pointers
[214.071s][info][gc,phases      ] GC(172) Phase 3: Adjust pointers 13.675ms
[214.071s][info][gc,phases,start] GC(172) Phase 4: Move objects
[214.071s][info][gc,phases      ] GC(172) Phase 4: Move objects 0.087ms
[214.071s][info][gc,heap        ] GC(172) DefNew: 534114K(1258304K)->0K(1258304K) Eden: 533648K(1118528K)->0K(1118528K) From: 466K(139776K)->0K(139776K)
[214.071s][info][gc,heap        ] GC(172) Tenured: 16511K(2796224K)->16695K(2796224K)
[214.071s][info][gc,metaspace   ] GC(172) Metaspace: 53013K(53504K)->53013K(53504K) NonClass: 45567K(45824K)->45567K(45824K) Class: 7446K(7680K)->7446K(7680K)
[214.071s][info][gc             ] GC(172) Pause Full (System.gc()) 537M->16M(3959M) 129.299ms
[214.071s][info][gc,cpu         ] GC(172) User=0.12s Sys=0.00s Real=0.13s
[215.437s][info][gc,start       ] GC(173) Pause Young (Allocation Failure)
[215.439s][info][gc,heap        ] GC(173) DefNew: 1118528K(1258304K)->494K(1258304K) Eden: 1118528K(1118528K)->0K(1118528K) From: 0K(139776K)->494K(139776K)
[215.440s][info][gc,heap        ] GC(173) Tenured: 16695K(2796224K)->16695K(2796224K)
[215.440s][info][gc,metaspace   ] GC(173) Metaspace: 53017K(53504K)->53017K(53504K) NonClass: 45571K(45824K)->45571K(45824K) Class: 7446K(7680K)->7446K(7680K)
[215.440s][info][gc             ] GC(173) Pause Young (Allocation Failure) 1108M->16M(3959M) 2.134ms
[215.440s][info][gc,cpu         ] GC(173) User=0.00s Sys=0.00s Real=0.00s
[216.820s][info][gc,start       ] GC(174) Pause Young (Allocation Failure)
[216.822s][info][gc,heap        ] GC(174) DefNew: 1119022K(1258304K)->500K(1258304K) Eden: 1118528K(1118528K)->0K(1118528K) From: 494K(139776K)->500K(139776K)
[216.822s][info][gc,heap        ] GC(174) Tenured: 16695K(2796224K)->16695K(2796224K)
[216.822s][info][gc,metaspace   ] GC(174) Metaspace: 53017K(53504K)->53017K(53504K) NonClass: 45571K(45824K)->45571K(45824K) Class: 7446K(7680K)->7446K(7680K)
[216.822s][info][gc             ] GC(174) Pause Young (Allocation Failure) 1109M->16M(3959M) 1.848ms
[216.822s][info][gc,cpu         ] GC(174) User=0.00s Sys=0.00s Real=0.00s
[217.468s][info][gc,start       ] GC(175) Pause Full (System.gc())
[217.468s][info][gc,phases,start] GC(175) Phase 1: Mark live objects
[217.493s][info][gc,phases      ] GC(175) Phase 1: Mark live objects 24.753ms
[217.493s][info][gc,phases,start] GC(175) Phase 2: Compute new object addresses
[217.583s][info][gc,phases      ] GC(175) Phase 2: Compute new object addresses 90.065ms
[217.583s][info][gc,phases,start] GC(175) Phase 3: Adjust pointers
[217.597s][info][gc,phases      ] GC(175) Phase 3: Adjust pointers 13.676ms
[217.597s][info][gc,phases,start] GC(175) Phase 4: Move objects
[217.597s][info][gc,phases      ] GC(175) Phase 4: Move objects 0.088ms
[217.597s][info][gc,heap        ] GC(175) DefNew: 533517K(1258304K)->0K(1258304K) Eden: 533016K(1118528K)->0K(1118528K) From: 500K(139776K)->0K(139776K)
[217.597s][info][gc,heap        ] GC(175) Tenured: 16695K(2796224K)->15975K(2796224K)
[217.597s][info][gc,metaspace   ] GC(175) Metaspace: 53018K(53504K)->53018K(53504K) NonClass: 45571K(45824K)->45571K(45824K) Class: 7446K(7680K)->7446K(7680K)
[217.597s][info][gc             ] GC(175) Pause Full (System.gc()) 537M->15M(3959M) 128.959ms
[217.597s][info][gc,cpu         ] GC(175) User=0.12s Sys=0.00s Real=0.12s
[218.961s][info][gc,start       ] GC(176) Pause Young (Allocation Failure)
[218.963s][info][gc,heap        ] GC(176) DefNew: 1118528K(1258304K)->493K(1258304K) Eden: 1118528K(1118528K)->0K(1118528K) From: 0K(139776K)->493K(139776K)
[218.963s][info][gc,heap        ] GC(176) Tenured: 15975K(2796224K)->15975K(2796224K)
[218.963s][info][gc,metaspace   ] GC(176) Metaspace: 53018K(53504K)->53018K(53504K) NonClass: 45571K(45824K)->45571K(45824K) Class: 7446K(7680K)->7446K(7680K)
[218.963s][info][gc             ] GC(176) Pause Young (Allocation Failure) 1107M->16M(3959M) 2.111ms
[218.963s][info][gc,cpu         ] GC(176) User=0.00s Sys=0.00s Real=0.00s
[220.336s][info][gc,start       ] GC(177) Pause Young (Allocation Failure)
[220.338s][info][gc,heap        ] GC(177) DefNew: 1119021K(1258304K)->549K(1258304K) Eden: 1118528K(1118528K)->0K(1118528K) From: 493K(139776K)->549K(139776K)
[220.338s][info][gc,heap        ] GC(177) Tenured: 15975K(2796224K)->15975K(2796224K)
[220.338s][info][gc,metaspace   ] GC(177) Metaspace: 53018K(53504K)->53018K(53504K) NonClass: 45571K(45824K)->45571K(45824K) Class: 7446K(7680K)->7446K(7680K)
[220.338s][info][gc             ] GC(177) Pause Young (Allocation Failure) 1108M->16M(3959M) 1.941ms
[220.338s][info][gc,cpu         ] GC(177) User=0.00s Sys=0.00s Real=0.00s
[221.003s][info][gc,start       ] GC(178) Pause Full (System.gc())
[221.003s][info][gc,phases,start] GC(178) Phase 1: Mark live objects
[221.028s][info][gc,phases      ] GC(178) Phase 1: Mark live objects 24.780ms
[221.028s][info][gc,phases,start] GC(178) Phase 2: Compute new object addresses
[221.116s][info][gc,phases      ] GC(178) Phase 2: Compute new object addresses 88.530ms
[221.116s][info][gc,phases,start] GC(178) Phase 3: Adjust pointers
[221.130s][info][gc,phases      ] GC(178) Phase 3: Adjust pointers 13.799ms
[221.130s][info][gc,phases,start] GC(178) Phase 4: Move objects
[221.130s][info][gc,phases      ] GC(178) Phase 4: Move objects 0.096ms
[221.130s][info][gc,heap        ] GC(178) DefNew: 526865K(1258304K)->0K(1258304K) Eden: 526315K(1118528K)->0K(1118528K) From: 549K(139776K)->0K(139776K)
[221.130s][info][gc,heap        ] GC(178) Tenured: 15975K(2796224K)->16212K(2796224K)
[221.130s][info][gc,metaspace   ] GC(178) Metaspace: 53018K(53504K)->53018K(53504K) NonClass: 45571K(45824K)->45571K(45824K) Class: 7446K(7680K)->7446K(7680K)
[221.131s][info][gc             ] GC(178) Pause Full (System.gc()) 530M->15M(3959M) 127.566ms
[221.131s][info][gc,cpu         ] GC(178) User=0.12s Sys=0.00s Real=0.13s
[222.483s][info][gc,start       ] GC(179) Pause Young (Allocation Failure)
[222.485s][info][gc,heap        ] GC(179) DefNew: 1118528K(1258304K)->511K(1258304K) Eden: 1118528K(1118528K)->0K(1118528K) From: 0K(139776K)->511K(139776K)
[222.485s][info][gc,heap        ] GC(179) Tenured: 16212K(2796224K)->16212K(2796224K)
[222.485s][info][gc,metaspace   ] GC(179) Metaspace: 53019K(53504K)->53019K(53504K) NonClass: 45573K(45824K)->45573K(45824K) Class: 7446K(7680K)->7446K(7680K)
[222.485s][info][gc             ] GC(179) Pause Young (Allocation Failure) 1108M->16M(3959M) 2.246ms
[222.485s][info][gc,cpu         ] GC(179) User=0.00s Sys=0.00s Real=0.00s
[223.859s][info][gc,start       ] GC(180) Pause Young (Allocation Failure)
[223.861s][info][gc,heap        ] GC(180) DefNew: 1119039K(1258304K)->527K(1258304K) Eden: 1118528K(1118528K)->0K(1118528K) From: 511K(139776K)->527K(139776K)
[223.861s][info][gc,heap        ] GC(180) Tenured: 16212K(2796224K)->16212K(2796224K)
[223.861s][info][gc,metaspace   ] GC(180) Metaspace: 53019K(53504K)->53019K(53504K) NonClass: 45573K(45824K)->45573K(45824K) Class: 7446K(7680K)->7446K(7680K)
[223.861s][info][gc             ] GC(180) Pause Young (Allocation Failure) 1108M->16M(3959M) 1.974ms
[223.861s][info][gc,cpu         ] GC(180) User=0.00s Sys=0.00s Real=0.00s
[224.508s][info][gc,start       ] GC(181) Pause Full (System.gc())
[224.510s][info][gc,phases,start] GC(181) Phase 1: Mark live objects
[224.535s][info][gc,phases      ] GC(181) Phase 1: Mark live objects 25.017ms
[224.535s][info][gc,phases,start] GC(181) Phase 2: Compute new object addresses
[224.625s][info][gc,phases      ] GC(181) Phase 2: Compute new object addresses 89.552ms
[224.625s][info][gc,phases,start] GC(181) Phase 3: Adjust pointers
[224.638s][info][gc,phases      ] GC(181) Phase 3: Adjust pointers 13.849ms
[224.639s][info][gc,phases,start] GC(181) Phase 4: Move objects
[224.639s][info][gc,phases      ] GC(181) Phase 4: Move objects 0.104ms
[224.639s][info][gc,heap        ] GC(181) DefNew: 531020K(1258304K)->0K(1258304K) Eden: 530492K(1118528K)->0K(1118528K) From: 527K(139776K)->0K(139776K)
[224.639s][info][gc,heap        ] GC(181) Tenured: 16212K(2796224K)->16464K(2796224K)
[224.639s][info][gc,metaspace   ] GC(181) Metaspace: 53019K(53504K)->53019K(53504K) NonClass: 45573K(45824K)->45573K(45824K) Class: 7446K(7680K)->7446K(7680K)
[224.639s][info][gc             ] GC(181) Pause Full (System.gc()) 534M->16M(3959M) 131.000ms
[224.639s][info][gc,cpu         ] GC(181) User=0.12s Sys=0.00s Real=0.13s
[226.002s][info][gc,start       ] GC(182) Pause Young (Allocation Failure)
[226.004s][info][gc,heap        ] GC(182) DefNew: 1118528K(1258304K)->492K(1258304K) Eden: 1118528K(1118528K)->0K(1118528K) From: 0K(139776K)->492K(139776K)
[226.004s][info][gc,heap        ] GC(182) Tenured: 16464K(2796224K)->16464K(2796224K)
[226.004s][info][gc,metaspace   ] GC(182) Metaspace: 53022K(53504K)->53022K(53504K) NonClass: 45575K(45824K)->45575K(45824K) Class: 7446K(7680K)->7446K(7680K)
[226.005s][info][gc             ] GC(182) Pause Young (Allocation Failure) 1108M->16M(3959M) 2.162ms
[226.005s][info][gc,cpu         ] GC(182) User=0.00s Sys=0.00s Real=0.00s
[227.351s][info][gc,start       ] GC(183) Pause Young (Allocation Failure)
[227.352s][info][gc,heap        ] GC(183) DefNew: 1119020K(1258304K)->486K(1258304K) Eden: 1118528K(1118528K)->0K(1118528K) From: 492K(139776K)->486K(139776K)
[227.352s][info][gc,heap        ] GC(183) Tenured: 16464K(2796224K)->16464K(2796224K)
[227.352s][info][gc,metaspace   ] GC(183) Metaspace: 53022K(53504K)->53022K(53504K) NonClass: 45575K(45824K)->45575K(45824K) Class: 7446K(7680K)->7446K(7680K)
[227.352s][info][gc             ] GC(183) Pause Young (Allocation Failure) 1108M->16M(3959M) 1.808ms
[227.352s][info][gc,cpu         ] GC(183) User=0.00s Sys=0.00s Real=0.00s
[228.001s][info][gc,start       ] GC(184) Pause Full (System.gc())
[228.001s][info][gc,phases,start] GC(184) Phase 1: Mark live objects
[228.026s][info][gc,phases      ] GC(184) Phase 1: Mark live objects 24.785ms
[228.026s][info][gc,phases,start] GC(184) Phase 2: Compute new object addresses
[228.115s][info][gc,phases      ] GC(184) Phase 2: Compute new object addresses 89.092ms
[228.115s][info][gc,phases,start] GC(184) Phase 3: Adjust pointers
[228.129s][info][gc,phases      ] GC(184) Phase 3: Adjust pointers 13.761ms
[228.129s][info][gc,phases,start] GC(184) Phase 4: Move objects
[228.129s][info][gc,phases      ] GC(184) Phase 4: Move objects 0.119ms
[228.129s][info][gc,heap        ] GC(184) DefNew: 529894K(1258304K)->0K(1258304K) Eden: 529407K(1118528K)->0K(1118528K) From: 486K(139776K)->0K(139776K)
[228.129s][info][gc,heap        ] GC(184) Tenured: 16464K(2796224K)->16701K(2796224K)
[228.129s][info][gc,metaspace   ] GC(184) Metaspace: 53022K(53504K)->53022K(53504K) NonClass: 45575K(45824K)->45575K(45824K) Class: 7446K(7680K)->7446K(7680K)
[228.129s][info][gc             ] GC(184) Pause Full (System.gc()) 533M->16M(3959M) 128.115ms
[228.129s][info][gc,cpu         ] GC(184) User=0.12s Sys=0.00s Real=0.13s
[229.504s][info][gc,start       ] GC(185) Pause Young (Allocation Failure)
[229.506s][info][gc,heap        ] GC(185) DefNew: 1118528K(1258304K)->519K(1258304K) Eden: 1118528K(1118528K)->0K(1118528K) From: 0K(139776K)->519K(139776K)
[229.506s][info][gc,heap        ] GC(185) Tenured: 16701K(2796224K)->16701K(2796224K)
[229.506s][info][gc,metaspace   ] GC(185) Metaspace: 53024K(53504K)->53024K(53504K) NonClass: 45577K(45824K)->45577K(45824K) Class: 7446K(7680K)->7446K(7680K)
[229.506s][info][gc             ] GC(185) Pause Young (Allocation Failure) 1108M->16M(3959M) 2.246ms
[229.506s][info][gc,cpu         ] GC(185) User=0.00s Sys=0.00s Real=0.00s
[230.894s][info][gc,start       ] GC(186) Pause Young (Allocation Failure)
[230.896s][info][gc,heap        ] GC(186) DefNew: 1119047K(1258304K)->500K(1258304K) Eden: 1118528K(1118528K)->0K(1118528K) From: 519K(139776K)->500K(139776K)
[230.896s][info][gc,heap        ] GC(186) Tenured: 16701K(2796224K)->16701K(2796224K)
[230.896s][info][gc,metaspace   ] GC(186) Metaspace: 53024K(53504K)->53024K(53504K) NonClass: 45577K(45824K)->45577K(45824K) Class: 7446K(7680K)->7446K(7680K)
[230.896s][info][gc             ] GC(186) Pause Young (Allocation Failure) 1109M->16M(3959M) 1.971ms
[230.896s][info][gc,cpu         ] GC(186) User=0.00s Sys=0.00s Real=0.00s
[231.523s][info][gc,start       ] GC(187) Pause Full (System.gc())
[231.523s][info][gc,phases,start] GC(187) Phase 1: Mark live objects
[231.548s][info][gc,phases      ] GC(187) Phase 1: Mark live objects 25.103ms
[231.548s][info][gc,phases,start] GC(187) Phase 2: Compute new object addresses
[231.638s][info][gc,phases      ] GC(187) Phase 2: Compute new object addresses 89.293ms
[231.638s][info][gc,phases,start] GC(187) Phase 3: Adjust pointers
[231.652s][info][gc,phases      ] GC(187) Phase 3: Adjust pointers 13.753ms
[231.652s][info][gc,phases,start] GC(187) Phase 4: Move objects
[231.652s][info][gc,phases      ] GC(187) Phase 4: Move objects 0.082ms
[231.652s][info][gc,heap        ] GC(187) DefNew: 529367K(1258304K)->0K(1258304K) Eden: 528867K(1118528K)->0K(1118528K) From: 500K(139776K)->0K(139776K)
[231.652s][info][gc,heap        ] GC(187) Tenured: 16701K(2796224K)->15976K(2796224K)
[231.652s][info][gc,metaspace   ] GC(187) Metaspace: 53024K(53504K)->53024K(53504K) NonClass: 45577K(45824K)->45577K(45824K) Class: 7446K(7680K)->7446K(7680K)
[231.652s][info][gc             ] GC(187) Pause Full (System.gc()) 533M->15M(3959M) 128.612ms
[231.652s][info][gc,cpu         ] GC(187) User=0.11s Sys=0.00s Real=0.13s
[232.992s][info][gc,start       ] GC(188) Pause Young (Allocation Failure)
[232.994s][info][gc,heap        ] GC(188) DefNew: 1118528K(1258304K)->530K(1258304K) Eden: 1118528K(1118528K)->0K(1118528K) From: 0K(139776K)->530K(139776K)
[232.994s][info][gc,heap        ] GC(188) Tenured: 15976K(2796224K)->15976K(2796224K)
[232.994s][info][gc,metaspace   ] GC(188) Metaspace: 53028K(53504K)->53028K(53504K) NonClass: 45582K(45824K)->45582K(45824K) Class: 7446K(7680K)->7446K(7680K)
[232.994s][info][gc             ] GC(188) Pause Young (Allocation Failure) 1107M->16M(3959M) 2.266ms
[232.994s][info][gc,cpu         ] GC(188) User=0.00s Sys=0.00s Real=0.00s
[234.334s][info][gc,start       ] GC(189) Pause Young (Allocation Failure)
[234.336s][info][gc,heap        ] GC(189) DefNew: 1119058K(1258304K)->505K(1258304K) Eden: 1118528K(1118528K)->0K(1118528K) From: 530K(139776K)->505K(139776K)
[234.336s][info][gc,heap        ] GC(189) Tenured: 15976K(2796224K)->15976K(2796224K)
[234.336s][info][gc,metaspace   ] GC(189) Metaspace: 53028K(53504K)->53028K(53504K) NonClass: 45582K(45824K)->45582K(45824K) Class: 7446K(7680K)->7446K(7680K)
[234.336s][info][gc             ] GC(189) Pause Young (Allocation Failure) 1108M->16M(3959M) 1.907ms
[234.336s][info][gc,cpu         ] GC(189) User=0.00s Sys=0.00s Real=0.00s
[234.997s][info][gc,start       ] GC(190) Pause Full (System.gc())
[234.997s][info][gc,phases,start] GC(190) Phase 1: Mark live objects
[235.022s][info][gc,phases      ] GC(190) Phase 1: Mark live objects 25.091ms
[235.022s][info][gc,phases,start] GC(190) Phase 2: Compute new object addresses
[235.111s][info][gc,phases      ] GC(190) Phase 2: Compute new object addresses 89.321ms
[235.111s][info][gc,phases,start] GC(190) Phase 3: Adjust pointers
[235.125s][info][gc,phases      ] GC(190) Phase 3: Adjust pointers 13.836ms
[235.125s][info][gc,phases,start] GC(190) Phase 4: Move objects
[235.125s][info][gc,phases      ] GC(190) Phase 4: Move objects 0.113ms
[235.125s][info][gc,heap        ] GC(190) DefNew: 531699K(1258304K)->0K(1258304K) Eden: 531193K(1118528K)->0K(1118528K) From: 505K(139776K)->0K(139776K)
[235.125s][info][gc,heap        ] GC(190) Tenured: 15976K(2796224K)->16248K(2796224K)
[235.125s][info][gc,metaspace   ] GC(190) Metaspace: 53031K(53504K)->53031K(53504K) NonClass: 45585K(45824K)->45585K(45824K) Class: 7446K(7680K)->7446K(7680K)
[235.125s][info][gc             ] GC(190) Pause Full (System.gc()) 534M->15M(3959M) 128.721ms
[235.125s][info][gc,cpu         ] GC(190) User=0.12s Sys=0.00s Real=0.13s
[236.450s][info][gc,start       ] GC(191) Pause Young (Allocation Failure)
[236.452s][info][gc,heap        ] GC(191) DefNew: 1118528K(1258304K)->451K(1258304K) Eden: 1118528K(1118528K)->0K(1118528K) From: 0K(139776K)->451K(139776K)
[236.452s][info][gc,heap        ] GC(191) Tenured: 16248K(2796224K)->16248K(2796224K)
[236.452s][info][gc,metaspace   ] GC(191) Metaspace: 53058K(53504K)->53058K(53504K) NonClass: 45612K(45824K)->45612K(45824K) Class: 7446K(7680K)->7446K(7680K)
[236.452s][info][gc             ] GC(191) Pause Young (Allocation Failure) 1108M->16M(3959M) 2.113ms
[236.452s][info][gc,cpu         ] GC(191) User=0.00s Sys=0.00s Real=0.00s
[237.785s][info][gc,start       ] GC(192) Pause Young (Allocation Failure)
[237.787s][info][gc,heap        ] GC(192) DefNew: 1118979K(1258304K)->447K(1258304K) Eden: 1118528K(1118528K)->0K(1118528K) From: 451K(139776K)->447K(139776K)
[237.787s][info][gc,heap        ] GC(192) Tenured: 16248K(2796224K)->16248K(2796224K)
[237.787s][info][gc,metaspace   ] GC(192) Metaspace: 53058K(53504K)->53058K(53504K) NonClass: 45612K(45824K)->45612K(45824K) Class: 7446K(7680K)->7446K(7680K)
[237.787s][info][gc             ] GC(192) Pause Young (Allocation Failure) 1108M->16M(3959M) 1.845ms
[237.787s][info][gc,cpu         ] GC(192) User=0.00s Sys=0.00s Real=0.00s
[238.413s][info][gc,start       ] GC(193) Pause Full (System.gc())
[238.414s][info][gc,phases,start] GC(193) Phase 1: Mark live objects
[238.438s][info][gc,phases      ] GC(193) Phase 1: Mark live objects 24.937ms
[238.438s][info][gc,phases,start] GC(193) Phase 2: Compute new object addresses
[238.527s][info][gc,phases      ] GC(193) Phase 2: Compute new object addresses 88.386ms
[238.527s][info][gc,phases,start] GC(193) Phase 3: Adjust pointers
[238.541s][info][gc,phases      ] GC(193) Phase 3: Adjust pointers 13.680ms
[238.541s][info][gc,phases,start] GC(193) Phase 4: Move objects
[238.541s][info][gc,phases      ] GC(193) Phase 4: Move objects 0.074ms
[238.541s][info][gc,heap        ] GC(193) DefNew: 524028K(1258304K)->0K(1258304K) Eden: 523581K(1118528K)->0K(1118528K) From: 447K(139776K)->0K(139776K)
[238.541s][info][gc,heap        ] GC(193) Tenured: 16248K(2796224K)->16429K(2796224K)
[238.541s][info][gc,metaspace   ] GC(193) Metaspace: 53059K(53504K)->53059K(53504K) NonClass: 45613K(45824K)->45613K(45824K) Class: 7446K(7680K)->7446K(7680K)
[238.541s][info][gc             ] GC(193) Pause Full (System.gc()) 527M->16M(3959M) 127.443ms
[238.541s][info][gc,cpu         ] GC(193) User=0.11s Sys=0.00s Real=0.13s
[239.955s][info][gc,start       ] GC(194) Pause Young (Allocation Failure)
[239.957s][info][gc,heap        ] GC(194) DefNew: 1118528K(1258304K)->501K(1258304K) Eden: 1118528K(1118528K)->0K(1118528K) From: 0K(139776K)->501K(139776K)
[239.957s][info][gc,heap        ] GC(194) Tenured: 16429K(2796224K)->16429K(2796224K)
[239.957s][info][gc,metaspace   ] GC(194) Metaspace: 53105K(53568K)->53105K(53568K) NonClass: 45659K(45888K)->45659K(45888K) Class: 7446K(7680K)->7446K(7680K)
[239.957s][info][gc             ] GC(194) Pause Young (Allocation Failure) 1108M->16M(3959M) 2.259ms
[239.957s][info][gc,cpu         ] GC(194) User=0.00s Sys=0.00s Real=0.00s
[241.299s][info][gc,start       ] GC(195) Pause Young (Allocation Failure)
[241.301s][info][gc,heap        ] GC(195) DefNew: 1119029K(1258304K)->489K(1258304K) Eden: 1118528K(1118528K)->0K(1118528K) From: 501K(139776K)->489K(139776K)
[241.301s][info][gc,heap        ] GC(195) Tenured: 16429K(2796224K)->16429K(2796224K)
[241.301s][info][gc,metaspace   ] GC(195) Metaspace: 53108K(53568K)->53108K(53568K) NonClass: 45662K(45888K)->45662K(45888K) Class: 7446K(7680K)->7446K(7680K)
[241.301s][info][gc             ] GC(195) Pause Young (Allocation Failure) 1108M->16M(3959M) 1.827ms
[241.301s][info][gc,cpu         ] GC(195) User=0.00s Sys=0.00s Real=0.00s
[241.968s][info][gc,start       ] GC(196) Pause Full (System.gc())
[241.968s][info][gc,phases,start] GC(196) Phase 1: Mark live objects
[241.993s][info][gc,phases      ] GC(196) Phase 1: Mark live objects 24.975ms
[241.993s][info][gc,phases,start] GC(196) Phase 2: Compute new object addresses
[242.083s][info][gc,phases      ] GC(196) Phase 2: Compute new object addresses 89.834ms
[242.083s][info][gc,phases,start] GC(196) Phase 3: Adjust pointers
[242.097s][info][gc,phases      ] GC(196) Phase 3: Adjust pointers 13.908ms
[242.097s][info][gc,phases,start] GC(196) Phase 4: Move objects
[242.097s][info][gc,phases      ] GC(196) Phase 4: Move objects 0.125ms
[242.097s][info][gc,heap        ] GC(196) DefNew: 536142K(1258304K)->0K(1258304K) Eden: 535652K(1118528K)->0K(1118528K) From: 489K(139776K)->0K(139776K)
[242.097s][info][gc,heap        ] GC(196) Tenured: 16429K(2796224K)->16711K(2796224K)
[242.097s][info][gc,metaspace   ] GC(196) Metaspace: 53122K(53568K)->53122K(53568K) NonClass: 45676K(45888K)->45676K(45888K) Class: 7446K(7680K)->7446K(7680K)
[242.097s][info][gc             ] GC(196) Pause Full (System.gc()) 539M->16M(3959M) 129.209ms
[242.097s][info][gc,cpu         ] GC(196) User=0.12s Sys=0.00s Real=0.12s
[243.468s][info][gc,start       ] GC(197) Pause Young (Allocation Failure)
[243.470s][info][gc,heap        ] GC(197) DefNew: 1118528K(1258304K)->481K(1258304K) Eden: 1118528K(1118528K)->0K(1118528K) From: 0K(139776K)->481K(139776K)
[243.470s][info][gc,heap        ] GC(197) Tenured: 16711K(2796224K)->16711K(2796224K)
[243.470s][info][gc,metaspace   ] GC(197) Metaspace: 53170K(53632K)->53170K(53632K) NonClass: 45724K(45952K)->45724K(45952K) Class: 7446K(7680K)->7446K(7680K)
[243.470s][info][gc             ] GC(197) Pause Young (Allocation Failure) 1108M->16M(3959M) 2.055ms
[243.470s][info][gc,cpu         ] GC(197) User=0.00s Sys=0.00s Real=0.00s
[244.858s][info][gc,start       ] GC(198) Pause Young (Allocation Failure)
[244.860s][info][gc,heap        ] GC(198) DefNew: 1119009K(1258304K)->489K(1258304K) Eden: 1118528K(1118528K)->0K(1118528K) From: 481K(139776K)->489K(139776K)
[244.860s][info][gc,heap        ] GC(198) Tenured: 16711K(2796224K)->16711K(2796224K)
[244.860s][info][gc,metaspace   ] GC(198) Metaspace: 53173K(53632K)->53173K(53632K) NonClass: 45727K(45952K)->45727K(45952K) Class: 7446K(7680K)->7446K(7680K)
[244.860s][info][gc             ] GC(198) Pause Young (Allocation Failure) 1109M->16M(3959M) 1.932ms
[244.860s][info][gc,cpu         ] GC(198) User=0.00s Sys=0.00s Real=0.00s
[245.542s][info][gc,start       ] GC(199) Pause Full (System.gc())
[245.542s][info][gc,phases,start] GC(199) Phase 1: Mark live objects
[245.568s][info][gc,phases      ] GC(199) Phase 1: Mark live objects 25.201ms
[245.568s][info][gc,phases,start] GC(199) Phase 2: Compute new object addresses
[245.658s][info][gc,phases      ] GC(199) Phase 2: Compute new object addresses 90.304ms
[245.658s][info][gc,phases,start] GC(199) Phase 3: Adjust pointers
[245.672s][info][gc,phases      ] GC(199) Phase 3: Adjust pointers 13.825ms
[245.672s][info][gc,phases,start] GC(199) Phase 4: Move objects
[245.672s][info][gc,phases      ] GC(199) Phase 4: Move objects 0.082ms
[245.672s][info][gc,heap        ] GC(199) DefNew: 537090K(1258304K)->0K(1258304K) Eden: 536600K(1118528K)->0K(1118528K) From: 489K(139776K)->0K(139776K)
[245.672s][info][gc,heap        ] GC(199) Tenured: 16711K(2796224K)->15973K(2796224K)
[245.672s][info][gc,metaspace   ] GC(199) Metaspace: 53174K(53632K)->53174K(53632K) NonClass: 45727K(45952K)->45727K(45952K) Class: 7446K(7680K)->7446K(7680K)
[245.672s][info][gc             ] GC(199) Pause Full (System.gc()) 540M->15M(3959M) 129.775ms
[245.672s][info][gc,cpu         ] GC(199) User=0.12s Sys=0.00s Real=0.13s
[247.015s][info][gc,start       ] GC(200) Pause Young (Allocation Failure)
[247.017s][info][gc,heap        ] GC(200) DefNew: 1118528K(1258304K)->512K(1258304K) Eden: 1118528K(1118528K)->0K(1118528K) From: 0K(139776K)->512K(139776K)
[247.017s][info][gc,heap        ] GC(200) Tenured: 15973K(2796224K)->15973K(2796224K)
[247.017s][info][gc,metaspace   ] GC(200) Metaspace: 53218K(53696K)->53218K(53696K) NonClass: 45772K(46016K)->45772K(46016K) Class: 7446K(7680K)->7446K(7680K)
[247.017s][info][gc             ] GC(200) Pause Young (Allocation Failure) 1107M->16M(3959M) 2.091ms
[247.017s][info][gc,cpu         ] GC(200) User=0.00s Sys=0.00s Real=0.00s
[248.370s][info][gc,start       ] GC(201) Pause Young (Allocation Failure)
[248.371s][info][gc,heap        ] GC(201) DefNew: 1119040K(1258304K)->511K(1258304K) Eden: 1118528K(1118528K)->0K(1118528K) From: 512K(139776K)->511K(139776K)
[248.371s][info][gc,heap        ] GC(201) Tenured: 15973K(2796224K)->15973K(2796224K)
[248.371s][info][gc,metaspace   ] GC(201) Metaspace: 53220K(53696K)->53220K(53696K) NonClass: 45774K(46016K)->45774K(46016K) Class: 7446K(7680K)->7446K(7680K)
[248.371s][info][gc             ] GC(201) Pause Young (Allocation Failure) 1108M->16M(3959M) 1.868ms
[248.371s][info][gc,cpu         ] GC(201) User=0.00s Sys=0.00s Real=0.00s
[249.029s][info][gc,start       ] GC(202) Pause Full (System.gc())
[249.029s][info][gc,phases,start] GC(202) Phase 1: Mark live objects
[249.054s][info][gc,phases      ] GC(202) Phase 1: Mark live objects 25.181ms
[249.054s][info][gc,phases,start] GC(202) Phase 2: Compute new object addresses
[249.144s][info][gc,phases      ] GC(202) Phase 2: Compute new object addresses 89.639ms
[249.144s][info][gc,phases,start] GC(202) Phase 3: Adjust pointers
[249.158s][info][gc,phases      ] GC(202) Phase 3: Adjust pointers 14.004ms
[249.158s][info][gc,phases,start] GC(202) Phase 4: Move objects
[249.158s][info][gc,phases      ] GC(202) Phase 4: Move objects 0.078ms
[249.158s][info][gc,heap        ] GC(202) DefNew: 534661K(1258304K)->0K(1258304K) Eden: 534150K(1118528K)->0K(1118528K) From: 511K(139776K)->0K(139776K)
[249.158s][info][gc,heap        ] GC(202) Tenured: 15973K(2796224K)->16157K(2796224K)
[249.158s][info][gc,metaspace   ] GC(202) Metaspace: 53220K(53696K)->53220K(53696K) NonClass: 45774K(46016K)->45774K(46016K) Class: 7446K(7680K)->7446K(7680K)
[249.158s][info][gc             ] GC(202) Pause Full (System.gc()) 537M->15M(3959M) 129.264ms
[249.158s][info][gc,cpu         ] GC(202) User=0.11s Sys=0.00s Real=0.13s
[250.496s][info][gc,start       ] GC(203) Pause Young (Allocation Failure)
[250.498s][info][gc,heap        ] GC(203) DefNew: 1118528K(1258304K)->506K(1258304K) Eden: 1118528K(1118528K)->0K(1118528K) From: 0K(139776K)->506K(139776K)
[250.498s][info][gc,heap        ] GC(203) Tenured: 16157K(2796224K)->16157K(2796224K)
[250.498s][info][gc,metaspace   ] GC(203) Metaspace: 53281K(53760K)->53281K(53760K) NonClass: 45834K(46080K)->45834K(46080K) Class: 7446K(7680K)->7446K(7680K)
[250.498s][info][gc             ] GC(203) Pause Young (Allocation Failure) 1108M->16M(3959M) 2.115ms
[250.499s][info][gc,cpu         ] GC(203) User=0.00s Sys=0.00s Real=0.00s
[251.855s][info][gc,start       ] GC(204) Pause Young (Allocation Failure)
[251.857s][info][gc,heap        ] GC(204) DefNew: 1119034K(1258304K)->496K(1258304K) Eden: 1118528K(1118528K)->0K(1118528K) From: 506K(139776K)->496K(139776K)
[251.857s][info][gc,heap        ] GC(204) Tenured: 16157K(2796224K)->16157K(2796224K)
[251.857s][info][gc,metaspace   ] GC(204) Metaspace: 53281K(53760K)->53281K(53760K) NonClass: 45835K(46080K)->45835K(46080K) Class: 7446K(7680K)->7446K(7680K)
[251.857s][info][gc             ] GC(204) Pause Young (Allocation Failure) 1108M->16M(3959M) 1.884ms
[251.857s][info][gc,cpu         ] GC(204) User=0.00s Sys=0.00s Real=0.00s
[252.501s][info][gc,start       ] GC(205) Pause Full (System.gc())
[252.501s][info][gc,phases,start] GC(205) Phase 1: Mark live objects
[252.526s][info][gc,phases      ] GC(205) Phase 1: Mark live objects 24.858ms
[252.526s][info][gc,phases,start] GC(205) Phase 2: Compute new object addresses
[252.616s][info][gc,phases      ] GC(205) Phase 2: Compute new object addresses 90.194ms
[252.616s][info][gc,phases,start] GC(205) Phase 3: Adjust pointers
[252.630s][info][gc,phases      ] GC(205) Phase 3: Adjust pointers 14.210ms
[252.630s][info][gc,phases,start] GC(205) Phase 4: Move objects
[252.630s][info][gc,phases      ] GC(205) Phase 4: Move objects 0.132ms
[252.630s][info][gc,heap        ] GC(205) DefNew: 533385K(1258304K)->0K(1258304K) Eden: 532888K(1118528K)->0K(1118528K) From: 496K(139776K)->0K(139776K)
[252.631s][info][gc,heap        ] GC(205) Tenured: 16157K(2796224K)->16479K(2796224K)
[252.631s][info][gc,metaspace   ] GC(205) Metaspace: 53291K(53760K)->53291K(53760K) NonClass: 45845K(46080K)->45845K(46080K) Class: 7446K(7680K)->7446K(7680K)
[252.631s][info][gc             ] GC(205) Pause Full (System.gc()) 536M->16M(3959M) 129.780ms
[252.631s][info][gc,cpu         ] GC(205) User=0.12s Sys=0.00s Real=0.13s
[253.969s][info][gc,start       ] GC(206) Pause Young (Allocation Failure)
[253.971s][info][gc,heap        ] GC(206) DefNew: 1118528K(1258304K)->365K(1258304K) Eden: 1118528K(1118528K)->0K(1118528K) From: 0K(139776K)->365K(139776K)
[253.971s][info][gc,heap        ] GC(206) Tenured: 16479K(2796224K)->16479K(2796224K)
[253.971s][info][gc,metaspace   ] GC(206) Metaspace: 53325K(53760K)->53325K(53760K) NonClass: 45879K(46080K)->45879K(46080K) Class: 7446K(7680K)->7446K(7680K)
[253.971s][info][gc             ] GC(206) Pause Young (Allocation Failure) 1108M->16M(3959M) 1.879ms
[253.971s][info][gc,cpu         ] GC(206) User=0.00s Sys=0.00s Real=0.00s
[255.306s][info][gc,start       ] GC(207) Pause Young (Allocation Failure)
[255.308s][info][gc,heap        ] GC(207) DefNew: 1118893K(1258304K)->383K(1258304K) Eden: 1118528K(1118528K)->0K(1118528K) From: 365K(139776K)->383K(139776K)
[255.308s][info][gc,heap        ] GC(207) Tenured: 16479K(2796224K)->16479K(2796224K)
[255.308s][info][gc,metaspace   ] GC(207) Metaspace: 53325K(53760K)->53325K(53760K) NonClass: 45879K(46080K)->45879K(46080K) Class: 7446K(7680K)->7446K(7680K)
[255.308s][info][gc             ] GC(207) Pause Young (Allocation Failure) 1108M->16M(3959M) 1.701ms
[255.308s][info][gc,cpu         ] GC(207) User=0.00s Sys=0.00s Real=0.00s
[255.994s][info][gc,start       ] GC(208) Pause Full (System.gc())
[255.994s][info][gc,phases,start] GC(208) Phase 1: Mark live objects
[256.020s][info][gc,phases      ] GC(208) Phase 1: Mark live objects 25.485ms
[256.020s][info][gc,phases,start] GC(208) Phase 2: Compute new object addresses
[256.109s][info][gc,phases      ] GC(208) Phase 2: Compute new object addresses 89.418ms
[256.109s][info][gc,phases,start] GC(208) Phase 3: Adjust pointers
[256.123s][info][gc,phases      ] GC(208) Phase 3: Adjust pointers 13.924ms
[256.123s][info][gc,phases,start] GC(208) Phase 4: Move objects
[256.123s][info][gc,phases      ] GC(208) Phase 4: Move objects 0.073ms
[256.123s][info][gc,heap        ] GC(208) DefNew: 531216K(1258304K)->0K(1258304K) Eden: 530832K(1118528K)->0K(1118528K) From: 383K(139776K)->0K(139776K)
[256.123s][info][gc,heap        ] GC(208) Tenured: 16479K(2796224K)->16661K(2796224K)
[256.123s][info][gc,metaspace   ] GC(208) Metaspace: 53325K(53760K)->53325K(53760K) NonClass: 45879K(46080K)->45879K(46080K) Class: 7446K(7680K)->7446K(7680K)
[256.123s][info][gc             ] GC(208) Pause Full (System.gc()) 534M->16M(3959M) 129.263ms
[256.123s][info][gc,cpu         ] GC(208) User=0.12s Sys=0.00s Real=0.13s
[257.455s][info][gc,start       ] GC(209) Pause Young (Allocation Failure)
[257.457s][info][gc,heap        ] GC(209) DefNew: 1118528K(1258304K)->527K(1258304K) Eden: 1118528K(1118528K)->0K(1118528K) From: 0K(139776K)->527K(139776K)
[257.457s][info][gc,heap        ] GC(209) Tenured: 16661K(2796224K)->16661K(2796224K)
[257.457s][info][gc,metaspace   ] GC(209) Metaspace: 53351K(53824K)->53351K(53824K) NonClass: 45905K(46144K)->45905K(46144K) Class: 7446K(7680K)->7446K(7680K)
[257.457s][info][gc             ] GC(209) Pause Young (Allocation Failure) 1108M->16M(3959M) 2.246ms
[257.457s][info][gc,cpu         ] GC(209) User=0.00s Sys=0.00s Real=0.00s
[258.811s][info][gc,start       ] GC(210) Pause Young (Allocation Failure)
[258.813s][info][gc,heap        ] GC(210) DefNew: 1119055K(1258304K)->521K(1258304K) Eden: 1118528K(1118528K)->0K(1118528K) From: 527K(139776K)->521K(139776K)
[258.813s][info][gc,heap        ] GC(210) Tenured: 16661K(2796224K)->16661K(2796224K)
[258.813s][info][gc,metaspace   ] GC(210) Metaspace: 53351K(53824K)->53351K(53824K) NonClass: 45905K(46144K)->45905K(46144K) Class: 7446K(7680K)->7446K(7680K)
[258.813s][info][gc             ] GC(210) Pause Young (Allocation Failure) 1109M->16M(3959M) 1.955ms
[258.813s][info][gc,cpu         ] GC(210) User=0.00s Sys=0.00s Real=0.00s
[259.467s][info][gc,start       ] GC(211) Pause Full (System.gc())
[259.467s][info][gc,phases,start] GC(211) Phase 1: Mark live objects
[259.492s][info][gc,phases      ] GC(211) Phase 1: Mark live objects 24.694ms
[259.492s][info][gc,phases,start] GC(211) Phase 2: Compute new object addresses
[259.582s][info][gc,phases      ] GC(211) Phase 2: Compute new object addresses 90.339ms
[259.582s][info][gc,phases,start] GC(211) Phase 3: Adjust pointers
[259.596s][info][gc,phases      ] GC(211) Phase 3: Adjust pointers 14.255ms
[259.596s][info][gc,phases,start] GC(211) Phase 4: Move objects
[259.596s][info][gc,phases      ] GC(211) Phase 4: Move objects 0.087ms
[259.597s][info][gc,heap        ] GC(211) DefNew: 538143K(1258304K)->0K(1258304K) Eden: 537622K(1118528K)->0K(1118528K) From: 521K(139776K)->0K(139776K)
[259.597s][info][gc,heap        ] GC(211) Tenured: 16661K(2796224K)->15970K(2796224K)
[259.597s][info][gc,metaspace   ] GC(211) Metaspace: 53351K(53824K)->53351K(53824K) NonClass: 45905K(46144K)->45905K(46144K) Class: 7446K(7680K)->7446K(7680K)
[259.597s][info][gc             ] GC(211) Pause Full (System.gc()) 541M->15M(3959M) 129.726ms
[259.597s][info][gc,cpu         ] GC(211) User=0.11s Sys=0.00s Real=0.13s
[260.932s][info][gc,start       ] GC(212) Pause Young (Allocation Failure)
[260.934s][info][gc,heap        ] GC(212) DefNew: 1118528K(1258304K)->497K(1258304K) Eden: 1118528K(1118528K)->0K(1118528K) From: 0K(139776K)->497K(139776K)
[260.934s][info][gc,heap        ] GC(212) Tenured: 15970K(2796224K)->15970K(2796224K)
[260.934s][info][gc,metaspace   ] GC(212) Metaspace: 53372K(53824K)->53372K(53824K) NonClass: 45926K(46144K)->45926K(46144K) Class: 7446K(7680K)->7446K(7680K)
[260.934s][info][gc             ] GC(212) Pause Young (Allocation Failure) 1107M->16M(3959M) 2.206ms
[260.934s][info][gc,cpu         ] GC(212) User=0.00s Sys=0.00s Real=0.00s
[262.277s][info][gc,start       ] GC(213) Pause Young (Allocation Failure)
[262.279s][info][gc,heap        ] GC(213) DefNew: 1119025K(1258304K)->502K(1258304K) Eden: 1118528K(1118528K)->0K(1118528K) From: 497K(139776K)->502K(139776K)
[262.279s][info][gc,heap        ] GC(213) Tenured: 15970K(2796224K)->15970K(2796224K)
[262.279s][info][gc,metaspace   ] GC(213) Metaspace: 53372K(53824K)->53372K(53824K) NonClass: 45926K(46144K)->45926K(46144K) Class: 7446K(7680K)->7446K(7680K)
[262.279s][info][gc             ] GC(213) Pause Young (Allocation Failure) 1108M->16M(3959M) 1.830ms
[262.279s][info][gc,cpu         ] GC(213) User=0.00s Sys=0.00s Real=0.00s
[262.930s][info][gc,start       ] GC(214) Pause Full (System.gc())
[262.931s][info][gc,phases,start] GC(214) Phase 1: Mark live objects
[262.956s][info][gc,phases      ] GC(214) Phase 1: Mark live objects 25.236ms
[262.956s][info][gc,phases,start] GC(214) Phase 2: Compute new object addresses
[263.044s][info][gc,phases      ] GC(214) Phase 2: Compute new object addresses 88.561ms
[263.044s][info][gc,phases,start] GC(214) Phase 3: Adjust pointers
[263.059s][info][gc,phases      ] GC(214) Phase 3: Adjust pointers 14.075ms
[263.059s][info][gc,phases,start] GC(214) Phase 4: Move objects
[263.059s][info][gc,phases      ] GC(214) Phase 4: Move objects 0.084ms
[263.059s][info][gc,heap        ] GC(214) DefNew: 530010K(1258304K)->0K(1258304K) Eden: 529507K(1118528K)->0K(1118528K) From: 502K(139776K)->0K(139776K)
[263.059s][info][gc,heap        ] GC(214) Tenured: 15970K(2796224K)->16161K(2796224K)
[263.059s][info][gc,metaspace   ] GC(214) Metaspace: 53372K(53824K)->53372K(53824K) NonClass: 45926K(46144K)->45926K(46144K) Class: 7446K(7680K)->7446K(7680K)
[263.059s][info][gc             ] GC(214) Pause Full (System.gc()) 533M->15M(3959M) 128.301ms
[263.059s][info][gc,cpu         ] GC(214) User=0.11s Sys=0.00s Real=0.13s
[264.391s][info][gc,start       ] GC(215) Pause Young (Allocation Failure)
[264.393s][info][gc,heap        ] GC(215) DefNew: 1118528K(1258304K)->533K(1258304K) Eden: 1118528K(1118528K)->0K(1118528K) From: 0K(139776K)->533K(139776K)
[264.393s][info][gc,heap        ] GC(215) Tenured: 16161K(2796224K)->16161K(2796224K)
[264.393s][info][gc,metaspace   ] GC(215) Metaspace: 53383K(53824K)->53383K(53824K) NonClass: 45937K(46144K)->45937K(46144K) Class: 7446K(7680K)->7446K(7680K)
[264.393s][info][gc             ] GC(215) Pause Young (Allocation Failure) 1108M->16M(3959M) 2.275ms
[264.393s][info][gc,cpu         ] GC(215) User=0.00s Sys=0.00s Real=0.00s
[265.744s][info][gc,start       ] GC(216) Pause Young (Allocation Failure)
[265.746s][info][gc,heap        ] GC(216) DefNew: 1119061K(1258304K)->524K(1258304K) Eden: 1118528K(1118528K)->0K(1118528K) From: 533K(139776K)->524K(139776K)
[265.746s][info][gc,heap        ] GC(216) Tenured: 16161K(2796224K)->16161K(2796224K)
[265.746s][info][gc,metaspace   ] GC(216) Metaspace: 53383K(53824K)->53383K(53824K) NonClass: 45937K(46144K)->45937K(46144K) Class: 7446K(7680K)->7446K(7680K)
[265.746s][info][gc             ] GC(216) Pause Young (Allocation Failure) 1108M->16M(3959M) 1.969ms
[265.746s][info][gc,cpu         ] GC(216) User=0.00s Sys=0.00s Real=0.00s
[266.396s][info][gc,start       ] GC(217) Pause Full (System.gc())
[266.396s][info][gc,phases,start] GC(217) Phase 1: Mark live objects
[266.421s][info][gc,phases      ] GC(217) Phase 1: Mark live objects 25.534ms
[266.421s][info][gc,phases,start] GC(217) Phase 2: Compute new object addresses
[266.511s][info][gc,phases      ] GC(217) Phase 2: Compute new object addresses 89.940ms
[266.511s][info][gc,phases,start] GC(217) Phase 3: Adjust pointers
[266.526s][info][gc,phases      ] GC(217) Phase 3: Adjust pointers 14.199ms
[266.526s][info][gc,phases,start] GC(217) Phase 4: Move objects
[266.526s][info][gc,phases      ] GC(217) Phase 4: Move objects 0.108ms
[266.526s][info][gc,heap        ] GC(217) DefNew: 534225K(1258304K)->0K(1258304K) Eden: 533701K(1118528K)->0K(1118528K) From: 524K(139776K)->0K(139776K)
[266.526s][info][gc,heap        ] GC(217) Tenured: 16161K(2796224K)->16427K(2796224K)
[266.526s][info][gc,metaspace   ] GC(217) Metaspace: 53384K(53824K)->53384K(53824K) NonClass: 45938K(46144K)->45938K(46144K) Class: 7446K(7680K)->7446K(7680K)
[266.526s][info][gc             ] GC(217) Pause Full (System.gc()) 537M->16M(3959M) 130.136ms
[266.526s][info][gc,cpu         ] GC(217) User=0.12s Sys=0.00s Real=0.13s
[267.881s][info][gc,start       ] GC(218) Pause Young (Allocation Failure)
[267.883s][info][gc,heap        ] GC(218) DefNew: 1118528K(1258304K)->489K(1258304K) Eden: 1118528K(1118528K)->0K(1118528K) From: 0K(139776K)->489K(139776K)
[267.883s][info][gc,heap        ] GC(218) Tenured: 16427K(2796224K)->16427K(2796224K)
[267.883s][info][gc,metaspace   ] GC(218) Metaspace: 53395K(53824K)->53395K(53824K) NonClass: 45948K(46144K)->45948K(46144K) Class: 7446K(7680K)->7446K(7680K)
[267.883s][info][gc             ] GC(218) Pause Young (Allocation Failure) 1108M->16M(3959M) 2.088ms
[267.883s][info][gc,cpu         ] GC(218) User=0.00s Sys=0.00s Real=0.00s
[269.234s][info][gc,start       ] GC(219) Pause Young (Allocation Failure)
[269.236s][info][gc,heap        ] GC(219) DefNew: 1119017K(1258304K)->453K(1258304K) Eden: 1118528K(1118528K)->0K(1118528K) From: 489K(139776K)->453K(139776K)
[269.236s][info][gc,heap        ] GC(219) Tenured: 16427K(2796224K)->16427K(2796224K)
[269.236s][info][gc,metaspace   ] GC(219) Metaspace: 53395K(53824K)->53395K(53824K) NonClass: 45948K(46144K)->45948K(46144K) Class: 7446K(7680K)->7446K(7680K)
[269.236s][info][gc             ] GC(219) Pause Young (Allocation Failure) 1108M->16M(3959M) 1.809ms
[269.236s][info][gc,cpu         ] GC(219) User=0.00s Sys=0.00s Real=0.00s
[269.901s][info][gc,start       ] GC(220) Pause Full (System.gc())
[269.901s][info][gc,phases,start] GC(220) Phase 1: Mark live objects
[269.926s][info][gc,phases      ] GC(220) Phase 1: Mark live objects 24.904ms
[269.926s][info][gc,phases,start] GC(220) Phase 2: Compute new object addresses
[270.016s][info][gc,phases      ] GC(220) Phase 2: Compute new object addresses 89.606ms
[270.016s][info][gc,phases,start] GC(220) Phase 3: Adjust pointers
[270.030s][info][gc,phases      ] GC(220) Phase 3: Adjust pointers 14.137ms
[270.030s][info][gc,phases,start] GC(220) Phase 4: Move objects
[270.030s][info][gc,phases      ] GC(220) Phase 4: Move objects 0.076ms
[270.030s][info][gc,heap        ] GC(220) DefNew: 536096K(1258304K)->0K(1258304K) Eden: 535643K(1118528K)->0K(1118528K) From: 453K(139776K)->0K(139776K)
[270.030s][info][gc,heap        ] GC(220) Tenured: 16427K(2796224K)->16610K(2796224K)
[270.030s][info][gc,metaspace   ] GC(220) Metaspace: 53395K(53824K)->53395K(53824K) NonClass: 45948K(46144K)->45948K(46144K) Class: 7446K(7680K)->7446K(7680K)
[270.030s][info][gc             ] GC(220) Pause Full (System.gc()) 539M->16M(3959M) 129.082ms
[270.030s][info][gc,cpu         ] GC(220) User=0.12s Sys=0.00s Real=0.13s
[271.406s][info][gc,start       ] GC(221) Pause Young (Allocation Failure)
[271.409s][info][gc,heap        ] GC(221) DefNew: 1118528K(1258304K)->494K(1258304K) Eden: 1118528K(1118528K)->0K(1118528K) From: 0K(139776K)->494K(139776K)
[271.409s][info][gc,heap        ] GC(221) Tenured: 16610K(2796224K)->16610K(2796224K)
[271.409s][info][gc,metaspace   ] GC(221) Metaspace: 53413K(53888K)->53413K(53888K) NonClass: 45967K(46208K)->45967K(46208K) Class: 7446K(7680K)->7446K(7680K)
[271.409s][info][gc             ] GC(221) Pause Young (Allocation Failure) 1108M->16M(3959M) 2.400ms
[271.409s][info][gc,cpu         ] GC(221) User=0.00s Sys=0.00s Real=0.00s
[272.948s][info][gc,start       ] GC(222) Pause Young (Allocation Failure)
[272.950s][info][gc,heap        ] GC(222) DefNew: 1119022K(1258304K)->533K(1258304K) Eden: 1118528K(1118528K)->0K(1118528K) From: 494K(139776K)->533K(139776K)
[272.950s][info][gc,heap        ] GC(222) Tenured: 16610K(2796224K)->16610K(2796224K)
[272.950s][info][gc,metaspace   ] GC(222) Metaspace: 53413K(53888K)->53413K(53888K) NonClass: 45967K(46208K)->45967K(46208K) Class: 7446K(7680K)->7446K(7680K)
[272.950s][info][gc             ] GC(222) Pause Young (Allocation Failure) 1109M->16M(3959M) 2.133ms
[272.951s][info][gc,cpu         ] GC(222) User=0.02s Sys=0.00s Real=0.00s
[273.742s][info][gc,start       ] GC(223) Pause Full (System.gc())
[273.742s][info][gc,phases,start] GC(223) Phase 1: Mark live objects
[273.767s][info][gc,phases      ] GC(223) Phase 1: Mark live objects 24.947ms
[273.767s][info][gc,phases,start] GC(223) Phase 2: Compute new object addresses
[273.856s][info][gc,phases      ] GC(223) Phase 2: Compute new object addresses 88.851ms
[273.856s][info][gc,phases,start] GC(223) Phase 3: Adjust pointers
[273.870s][info][gc,phases      ] GC(223) Phase 3: Adjust pointers 14.260ms
[273.870s][info][gc,phases,start] GC(223) Phase 4: Move objects
[273.870s][info][gc,phases      ] GC(223) Phase 4: Move objects 0.089ms
[273.870s][info][gc,heap        ] GC(223) DefNew: 532822K(1258304K)->0K(1258304K) Eden: 532289K(1118528K)->0K(1118528K) From: 533K(139776K)->0K(139776K)
[273.870s][info][gc,heap        ] GC(223) Tenured: 16610K(2796224K)->15990K(2796224K)
[273.870s][info][gc,metaspace   ] GC(223) Metaspace: 53413K(53888K)->53413K(53888K) NonClass: 45967K(46208K)->45967K(46208K) Class: 7446K(7680K)->7446K(7680K)
[273.870s][info][gc             ] GC(223) Pause Full (System.gc()) 536M->15M(3959M) 128.509ms
[273.870s][info][gc,cpu         ] GC(223) User=0.11s Sys=0.00s Real=0.13s
[275.247s][info][gc,start       ] GC(224) Pause Young (Allocation Failure)
[275.249s][info][gc,heap        ] GC(224) DefNew: 1118528K(1258304K)->512K(1258304K) Eden: 1118528K(1118528K)->0K(1118528K) From: 0K(139776K)->512K(139776K)
[275.249s][info][gc,heap        ] GC(224) Tenured: 15990K(2796224K)->15990K(2796224K)
[275.249s][info][gc,metaspace   ] GC(224) Metaspace: 53423K(53888K)->53423K(53888K) NonClass: 45977K(46208K)->45977K(46208K) Class: 7446K(7680K)->7446K(7680K)
[275.249s][info][gc             ] GC(224) Pause Young (Allocation Failure) 1107M->16M(3959M) 2.285ms
[275.249s][info][gc,cpu         ] GC(224) User=0.00s Sys=0.00s Real=0.00s
[276.833s][info][gc,start       ] GC(225) Pause Young (Allocation Failure)
[276.835s][info][gc,heap        ] GC(225) DefNew: 1119040K(1258304K)->518K(1258304K) Eden: 1118528K(1118528K)->0K(1118528K) From: 512K(139776K)->518K(139776K)
[276.835s][info][gc,heap        ] GC(225) Tenured: 15990K(2796224K)->15990K(2796224K)
[276.835s][info][gc,metaspace   ] GC(225) Metaspace: 53423K(53888K)->53423K(53888K) NonClass: 45977K(46208K)->45977K(46208K) Class: 7446K(7680K)->7446K(7680K)
[276.835s][info][gc             ] GC(225) Pause Young (Allocation Failure) 1108M->16M(3959M) 1.871ms
[276.835s][info][gc,cpu         ] GC(225) User=0.00s Sys=0.00s Real=0.00s
[277.477s][info][gc,start       ] GC(226) Pause Full (System.gc())
[277.477s][info][gc,phases,start] GC(226) Phase 1: Mark live objects
[277.503s][info][gc,phases      ] GC(226) Phase 1: Mark live objects 25.856ms
[277.503s][info][gc,phases,start] GC(226) Phase 2: Compute new object addresses
[277.592s][info][gc,phases      ] GC(226) Phase 2: Compute new object addresses 89.482ms
[277.592s][info][gc,phases,start] GC(226) Phase 3: Adjust pointers
[277.607s][info][gc,phases      ] GC(226) Phase 3: Adjust pointers 14.446ms
[277.607s][info][gc,phases,start] GC(226) Phase 4: Move objects
[277.607s][info][gc,phases      ] GC(226) Phase 4: Move objects 0.080ms
[277.607s][info][gc,heap        ] GC(226) DefNew: 528289K(1258304K)->0K(1258304K) Eden: 527770K(1118528K)->0K(1118528K) From: 518K(139776K)->0K(139776K)
[277.607s][info][gc,heap        ] GC(226) Tenured: 15990K(2796224K)->16183K(2796224K)
[277.607s][info][gc,metaspace   ] GC(226) Metaspace: 53423K(53888K)->53423K(53888K) NonClass: 45977K(46208K)->45977K(46208K) Class: 7446K(7680K)->7446K(7680K)
[277.607s][info][gc             ] GC(226) Pause Full (System.gc()) 531M->15M(3959M) 130.251ms
[277.607s][info][gc,cpu         ] GC(226) User=0.14s Sys=0.00s Real=0.14s
[278.955s][info][gc,start       ] GC(227) Pause Young (Allocation Failure)
[278.957s][info][gc,heap        ] GC(227) DefNew: 1118528K(1258304K)->509K(1258304K) Eden: 1118528K(1118528K)->0K(1118528K) From: 0K(139776K)->509K(139776K)
[278.957s][info][gc,heap        ] GC(227) Tenured: 16183K(2796224K)->16183K(2796224K)
[278.957s][info][gc,metaspace   ] GC(227) Metaspace: 53424K(53888K)->53424K(53888K) NonClass: 45978K(46208K)->45978K(46208K) Class: 7446K(7680K)->7446K(7680K)
[278.957s][info][gc             ] GC(227) Pause Young (Allocation Failure) 1108M->16M(3959M) 2.287ms
[278.957s][info][gc,cpu         ] GC(227) User=0.00s Sys=0.00s Real=0.00s
[280.301s][info][gc,start       ] GC(228) Pause Young (Allocation Failure)
[280.303s][info][gc,heap        ] GC(228) DefNew: 1119037K(1258304K)->513K(1258304K) Eden: 1118528K(1118528K)->0K(1118528K) From: 509K(139776K)->513K(139776K)
[280.303s][info][gc,heap        ] GC(228) Tenured: 16183K(2796224K)->16183K(2796224K)
[280.303s][info][gc,metaspace   ] GC(228) Metaspace: 53424K(53888K)->53424K(53888K) NonClass: 45978K(46208K)->45978K(46208K) Class: 7446K(7680K)->7446K(7680K)
[280.303s][info][gc             ] GC(228) Pause Young (Allocation Failure) 1108M->16M(3959M) 1.838ms
[280.303s][info][gc,cpu         ] GC(228) User=0.00s Sys=0.00s Real=0.00s
[280.946s][info][gc,start       ] GC(229) Pause Full (System.gc())
[280.946s][info][gc,phases,start] GC(229) Phase 1: Mark live objects
[280.972s][info][gc,phases      ] GC(229) Phase 1: Mark live objects 25.433ms
[280.972s][info][gc,phases,start] GC(229) Phase 2: Compute new object addresses
[281.062s][info][gc,phases      ] GC(229) Phase 2: Compute new object addresses 90.247ms
[281.062s][info][gc,phases,start] GC(229) Phase 3: Adjust pointers
[281.076s][info][gc,phases      ] GC(229) Phase 3: Adjust pointers 14.168ms
[281.076s][info][gc,phases,start] GC(229) Phase 4: Move objects
[281.076s][info][gc,phases      ] GC(229) Phase 4: Move objects 0.076ms
[281.077s][info][gc,heap        ] GC(229) DefNew: 530572K(1258304K)->0K(1258304K) Eden: 530059K(1118528K)->0K(1118528K) From: 513K(139776K)->0K(139776K)
[281.077s][info][gc,heap        ] GC(229) Tenured: 16183K(2796224K)->16363K(2796224K)
[281.077s][info][gc,metaspace   ] GC(229) Metaspace: 53424K(53888K)->53424K(53888K) NonClass: 45978K(46208K)->45978K(46208K) Class: 7446K(7680K)->7446K(7680K)
[281.077s][info][gc             ] GC(229) Pause Full (System.gc()) 533M->15M(3959M) 130.286ms
[281.077s][info][gc,cpu         ] GC(229) User=0.11s Sys=0.00s Real=0.13s
[282.396s][info][gc,start       ] GC(230) Pause Young (Allocation Failure)
[282.398s][info][gc,heap        ] GC(230) DefNew: 1118528K(1258304K)->540K(1258304K) Eden: 1118528K(1118528K)->0K(1118528K) From: 0K(139776K)->540K(139776K)
[282.398s][info][gc,heap        ] GC(230) Tenured: 16363K(2796224K)->16363K(2796224K)
[282.398s][info][gc,metaspace   ] GC(230) Metaspace: 53427K(53888K)->53427K(53888K) NonClass: 45980K(46208K)->45980K(46208K) Class: 7446K(7680K)->7446K(7680K)
[282.398s][info][gc             ] GC(230) Pause Young (Allocation Failure) 1108M->16M(3959M) 2.415ms
[282.398s][info][gc,cpu         ] GC(230) User=0.00s Sys=0.00s Real=0.00s
[283.749s][info][gc,start       ] GC(231) Pause Young (Allocation Failure)
[283.751s][info][gc,heap        ] GC(231) DefNew: 1119068K(1258304K)->507K(1258304K) Eden: 1118528K(1118528K)->0K(1118528K) From: 540K(139776K)->507K(139776K)
[283.751s][info][gc,heap        ] GC(231) Tenured: 16363K(2796224K)->16363K(2796224K)
[283.751s][info][gc,metaspace   ] GC(231) Metaspace: 53427K(53888K)->53427K(53888K) NonClass: 45980K(46208K)->45980K(46208K) Class: 7446K(7680K)->7446K(7680K)
[283.751s][info][gc             ] GC(231) Pause Young (Allocation Failure) 1108M->16M(3959M) 1.889ms
[283.751s][info][gc,cpu         ] GC(231) User=0.00s Sys=0.00s Real=0.00s
[284.379s][info][gc,start       ] GC(232) Pause Full (System.gc())
[284.379s][info][gc,phases,start] GC(232) Phase 1: Mark live objects
[284.404s][info][gc,phases      ] GC(232) Phase 1: Mark live objects 25.310ms
[284.404s][info][gc,phases,start] GC(232) Phase 2: Compute new object addresses
[284.493s][info][gc,phases      ] GC(232) Phase 2: Compute new object addresses 88.905ms
[284.493s][info][gc,phases,start] GC(232) Phase 3: Adjust pointers
[284.507s][info][gc,phases      ] GC(232) Phase 3: Adjust pointers 14.266ms
[284.507s][info][gc,phases,start] GC(232) Phase 4: Move objects
[284.508s][info][gc,phases      ] GC(232) Phase 4: Move objects 0.083ms
[284.508s][info][gc,heap        ] GC(232) DefNew: 531214K(1258304K)->0K(1258304K) Eden: 530707K(1118528K)->0K(1118528K) From: 507K(139776K)->0K(139776K)
[284.508s][info][gc,heap        ] GC(232) Tenured: 16363K(2796224K)->16558K(2796224K)
[284.508s][info][gc,metaspace   ] GC(232) Metaspace: 53427K(53888K)->53427K(53888K) NonClass: 45980K(46208K)->45980K(46208K) Class: 7446K(7680K)->7446K(7680K)
[284.508s][info][gc             ] GC(232) Pause Full (System.gc()) 534M->16M(3959M) 128.927ms
[284.508s][info][gc,cpu         ] GC(232) User=0.09s Sys=0.00s Real=0.12s
[285.934s][info][gc,start       ] GC(233) Pause Young (Allocation Failure)
[285.936s][info][gc,heap        ] GC(233) DefNew: 1118528K(1258304K)->480K(1258304K) Eden: 1118528K(1118528K)->0K(1118528K) From: 0K(139776K)->480K(139776K)
[285.936s][info][gc,heap        ] GC(233) Tenured: 16558K(2796224K)->16558K(2796224K)
[285.936s][info][gc,metaspace   ] GC(233) Metaspace: 53429K(53888K)->53429K(53888K) NonClass: 45982K(46208K)->45982K(46208K) Class: 7446K(7680K)->7446K(7680K)
[285.936s][info][gc             ] GC(233) Pause Young (Allocation Failure) 1108M->16M(3959M) 2.063ms
[285.936s][info][gc,cpu         ] GC(233) User=0.00s Sys=0.00s Real=0.00s
[287.316s][info][gc,start       ] GC(234) Pause Young (Allocation Failure)
[287.318s][info][gc,heap        ] GC(234) DefNew: 1119008K(1258304K)->504K(1258304K) Eden: 1118528K(1118528K)->0K(1118528K) From: 480K(139776K)->504K(139776K)
[287.318s][info][gc,heap        ] GC(234) Tenured: 16558K(2796224K)->16558K(2796224K)
[287.318s][info][gc,metaspace   ] GC(234) Metaspace: 53429K(53888K)->53429K(53888K) NonClass: 45982K(46208K)->45982K(46208K) Class: 7446K(7680K)->7446K(7680K)
[287.318s][info][gc             ] GC(234) Pause Young (Allocation Failure) 1108M->16M(3959M) 2.003ms
[287.318s][info][gc,cpu         ] GC(234) User=0.00s Sys=0.00s Real=0.00s
[288.007s][info][gc,start       ] GC(235) Pause Full (System.gc())
[288.007s][info][gc,phases,start] GC(235) Phase 1: Mark live objects
[288.033s][info][gc,phases      ] GC(235) Phase 1: Mark live objects 25.520ms
[288.033s][info][gc,phases,start] GC(235) Phase 2: Compute new object addresses
[288.122s][info][gc,phases      ] GC(235) Phase 2: Compute new object addresses 89.481ms
[288.122s][info][gc,phases,start] GC(235) Phase 3: Adjust pointers
[288.137s][info][gc,phases      ] GC(235) Phase 3: Adjust pointers 14.204ms
[288.137s][info][gc,phases,start] GC(235) Phase 4: Move objects
[288.137s][info][gc,phases      ] GC(235) Phase 4: Move objects 0.086ms
[288.137s][info][gc,heap        ] GC(235) DefNew: 536429K(1258304K)->0K(1258304K) Eden: 535925K(1118528K)->0K(1118528K) From: 504K(139776K)->0K(139776K)
[288.137s][info][gc,heap        ] GC(235) Tenured: 16558K(2796224K)->15984K(2796224K)
[288.137s][info][gc,metaspace   ] GC(235) Metaspace: 53429K(53888K)->53429K(53888K) NonClass: 45982K(46208K)->45982K(46208K) Class: 7446K(7680K)->7446K(7680K)
[288.137s][info][gc             ] GC(235) Pause Full (System.gc()) 540M->15M(3959M) 129.707ms
[288.137s][info][gc,cpu         ] GC(235) User=0.12s Sys=0.00s Real=0.13s
[289.579s][info][gc,start       ] GC(236) Pause Young (Allocation Failure)
[289.581s][info][gc,heap        ] GC(236) DefNew: 1118528K(1258304K)->515K(1258304K) Eden: 1118528K(1118528K)->0K(1118528K) From: 0K(139776K)->515K(139776K)
[289.581s][info][gc,heap        ] GC(236) Tenured: 15984K(2796224K)->15984K(2796224K)
[289.581s][info][gc,metaspace   ] GC(236) Metaspace: 53435K(53888K)->53435K(53888K) NonClass: 45989K(46208K)->45989K(46208K) Class: 7446K(7680K)->7446K(7680K)
[289.581s][info][gc             ] GC(236) Pause Young (Allocation Failure) 1107M->16M(3959M) 2.301ms
[289.581s][info][gc,cpu         ] GC(236) User=0.00s Sys=0.00s Real=0.00s
[290.953s][info][gc,start       ] GC(237) Pause Young (Allocation Failure)
[290.955s][info][gc,heap        ] GC(237) DefNew: 1119043K(1258304K)->525K(1258304K) Eden: 1118528K(1118528K)->0K(1118528K) From: 515K(139776K)->525K(139776K)
[290.955s][info][gc,heap        ] GC(237) Tenured: 15984K(2796224K)->15984K(2796224K)
[290.955s][info][gc,metaspace   ] GC(237) Metaspace: 53435K(53888K)->53435K(53888K) NonClass: 45989K(46208K)->45989K(46208K) Class: 7446K(7680K)->7446K(7680K)
[290.955s][info][gc             ] GC(237) Pause Young (Allocation Failure) 1108M->16M(3959M) 1.881ms
[290.955s][info][gc,cpu         ] GC(237) User=0.00s Sys=0.00s Real=0.00s
[291.617s][info][gc,start       ] GC(238) Pause Full (System.gc())
[291.617s][info][gc,phases,start] GC(238) Phase 1: Mark live objects
[291.642s][info][gc,phases      ] GC(238) Phase 1: Mark live objects 25.371ms
[291.642s][info][gc,phases,start] GC(238) Phase 2: Compute new object addresses
[291.732s][info][gc,phases      ] GC(238) Phase 2: Compute new object addresses 89.971ms
[291.732s][info][gc,phases,start] GC(238) Phase 3: Adjust pointers
[291.747s][info][gc,phases      ] GC(238) Phase 3: Adjust pointers 14.193ms
[291.747s][info][gc,phases,start] GC(238) Phase 4: Move objects
[291.747s][info][gc,phases      ] GC(238) Phase 4: Move objects 0.081ms
[291.747s][info][gc,heap        ] GC(238) DefNew: 535798K(1258304K)->0K(1258304K) Eden: 535272K(1118528K)->0K(1118528K) From: 525K(139776K)->0K(139776K)
[291.747s][info][gc,heap        ] GC(238) Tenured: 15984K(2796224K)->16181K(2796224K)
[291.747s][info][gc,metaspace   ] GC(238) Metaspace: 53435K(53888K)->53435K(53888K) NonClass: 45989K(46208K)->45989K(46208K) Class: 7446K(7680K)->7446K(7680K)
[291.747s][info][gc             ] GC(238) Pause Full (System.gc()) 538M->15M(3959M) 129.991ms
[291.747s][info][gc,cpu         ] GC(238) User=0.11s Sys=0.00s Real=0.14s
[293.081s][info][gc,start       ] GC(239) Pause Young (Allocation Failure)
[293.083s][info][gc,heap        ] GC(239) DefNew: 1118528K(1258304K)->492K(1258304K) Eden: 1118528K(1118528K)->0K(1118528K) From: 0K(139776K)->492K(139776K)
[293.083s][info][gc,heap        ] GC(239) Tenured: 16181K(2796224K)->16181K(2796224K)
[293.083s][info][gc,metaspace   ] GC(239) Metaspace: 53435K(53888K)->53435K(53888K) NonClass: 45989K(46208K)->45989K(46208K) Class: 7446K(7680K)->7446K(7680K)
[293.083s][info][gc             ] GC(239) Pause Young (Allocation Failure) 1108M->16M(3959M) 2.108ms
[293.083s][info][gc,cpu         ] GC(239) User=0.00s Sys=0.00s Real=0.00s
[294.422s][info][gc,start       ] GC(240) Pause Young (Allocation Failure)
[294.424s][info][gc,heap        ] GC(240) DefNew: 1119020K(1258304K)->487K(1258304K) Eden: 1118528K(1118528K)->0K(1118528K) From: 492K(139776K)->487K(139776K)
[294.424s][info][gc,heap        ] GC(240) Tenured: 16181K(2796224K)->16181K(2796224K)
[294.424s][info][gc,metaspace   ] GC(240) Metaspace: 53435K(53888K)->53435K(53888K) NonClass: 45989K(46208K)->45989K(46208K) Class: 7446K(7680K)->7446K(7680K)
[294.424s][info][gc             ] GC(240) Pause Young (Allocation Failure) 1108M->16M(3959M) 1.766ms
[294.424s][info][gc,cpu         ] GC(240) User=0.00s Sys=0.00s Real=0.00s
[295.086s][info][gc,start       ] GC(241) Pause Full (System.gc())
[295.086s][info][gc,phases,start] GC(241) Phase 1: Mark live objects
[295.112s][info][gc,phases      ] GC(241) Phase 1: Mark live objects 26.274ms
[295.112s][info][gc,phases,start] GC(241) Phase 2: Compute new object addresses
[295.201s][info][gc,phases      ] GC(241) Phase 2: Compute new object addresses 88.981ms
[295.201s][info][gc,phases,start] GC(241) Phase 3: Adjust pointers
[295.215s][info][gc,phases      ] GC(241) Phase 3: Adjust pointers 14.175ms
[295.215s][info][gc,phases,start] GC(241) Phase 4: Move objects
[295.216s][info][gc,phases      ] GC(241) Phase 4: Move objects 0.079ms
[295.216s][info][gc,heap        ] GC(241) DefNew: 530099K(1258304K)->0K(1258304K) Eden: 529611K(1118528K)->0K(1118528K) From: 487K(139776K)->0K(139776K)
[295.216s][info][gc,heap        ] GC(241) Tenured: 16181K(2796224K)->16373K(2796224K)
[295.216s][info][gc,metaspace   ] GC(241) Metaspace: 53435K(53888K)->53435K(53888K) NonClass: 45989K(46208K)->45989K(46208K) Class: 7446K(7680K)->7446K(7680K)
[295.216s][info][gc             ] GC(241) Pause Full (System.gc()) 533M->15M(3959M) 129.880ms
[295.216s][info][gc,cpu         ] GC(241) User=0.11s Sys=0.00s Real=0.13s
[296.602s][info][gc,start       ] GC(242) Pause Young (Allocation Failure)
[296.604s][info][gc,heap        ] GC(242) DefNew: 1118528K(1258304K)->488K(1258304K) Eden: 1118528K(1118528K)->0K(1118528K) From: 0K(139776K)->488K(139776K)
[296.604s][info][gc,heap        ] GC(242) Tenured: 16373K(2796224K)->16373K(2796224K)
[296.604s][info][gc,metaspace   ] GC(242) Metaspace: 53436K(53888K)->53436K(53888K) NonClass: 45989K(46208K)->45989K(46208K) Class: 7446K(7680K)->7446K(7680K)
[296.604s][info][gc             ] GC(242) Pause Young (Allocation Failure) 1108M->16M(3959M) 2.171ms
[296.604s][info][gc,cpu         ] GC(242) User=0.00s Sys=0.00s Real=0.00s
[297.989s][info][gc,start       ] GC(243) Pause Young (Allocation Failure)
[297.991s][info][gc,heap        ] GC(243) DefNew: 1119016K(1258304K)->548K(1258304K) Eden: 1118528K(1118528K)->0K(1118528K) From: 488K(139776K)->548K(139776K)
[297.991s][info][gc,heap        ] GC(243) Tenured: 16373K(2796224K)->16373K(2796224K)
[297.991s][info][gc,metaspace   ] GC(243) Metaspace: 53436K(53888K)->53436K(53888K) NonClass: 45989K(46208K)->45989K(46208K) Class: 7446K(7680K)->7446K(7680K)
[297.991s][info][gc             ] GC(243) Pause Young (Allocation Failure) 1108M->16M(3959M) 1.930ms
[297.991s][info][gc,cpu         ] GC(243) User=0.00s Sys=0.00s Real=0.00s
[298.667s][info][gc,start       ] GC(244) Pause Full (System.gc())
[298.667s][info][gc,phases,start] GC(244) Phase 1: Mark live objects
[298.693s][info][gc,phases      ] GC(244) Phase 1: Mark live objects 25.315ms
[298.693s][info][gc,phases,start] GC(244) Phase 2: Compute new object addresses
[298.782s][info][gc,phases      ] GC(244) Phase 2: Compute new object addresses 89.154ms
[298.782s][info][gc,phases,start] GC(244) Phase 3: Adjust pointers
[298.796s][info][gc,phases      ] GC(244) Phase 3: Adjust pointers 14.159ms
[298.796s][info][gc,phases,start] GC(244) Phase 4: Move objects
[298.796s][info][gc,phases      ] GC(244) Phase 4: Move objects 0.077ms
[298.796s][info][gc,heap        ] GC(244) DefNew: 531485K(1258304K)->0K(1258304K) Eden: 530937K(1118528K)->0K(1118528K) From: 548K(139776K)->0K(139776K)
[298.796s][info][gc,heap        ] GC(244) Tenured: 16373K(2796224K)->16575K(2796224K)
[298.796s][info][gc,metaspace   ] GC(244) Metaspace: 53436K(53888K)->53436K(53888K) NonClass: 45989K(46208K)->45989K(46208K) Class: 7446K(7680K)->7446K(7680K)
[298.796s][info][gc             ] GC(244) Pause Full (System.gc()) 535M->16M(3959M) 129.105ms
[298.796s][info][gc,cpu         ] GC(244) User=0.12s Sys=0.00s Real=0.13s
[300.176s][info][gc,start       ] GC(245) Pause Young (Allocation Failure)
[300.179s][info][gc,heap        ] GC(245) DefNew: 1118528K(1258304K)->509K(1258304K) Eden: 1118528K(1118528K)->0K(1118528K) From: 0K(139776K)->509K(139776K)
[300.179s][info][gc,heap        ] GC(245) Tenured: 16575K(2796224K)->16575K(2796224K)
[300.179s][info][gc,metaspace   ] GC(245) Metaspace: 53436K(53888K)->53436K(53888K) NonClass: 45989K(46208K)->45989K(46208K) Class: 7446K(7680K)->7446K(7680K)
[300.179s][info][gc             ] GC(245) Pause Young (Allocation Failure) 1108M->16M(3959M) 2.336ms
[300.179s][info][gc,cpu         ] GC(245) User=0.00s Sys=0.00s Real=0.00s
[301.554s][info][gc,start       ] GC(246) Pause Young (Allocation Failure)
[301.556s][info][gc,heap        ] GC(246) DefNew: 1119037K(1258304K)->507K(1258304K) Eden: 1118528K(1118528K)->0K(1118528K) From: 509K(139776K)->507K(139776K)
[301.556s][info][gc,heap        ] GC(246) Tenured: 16575K(2796224K)->16575K(2796224K)
[301.556s][info][gc,metaspace   ] GC(246) Metaspace: 53436K(53888K)->53436K(53888K) NonClass: 45989K(46208K)->45989K(46208K) Class: 7446K(7680K)->7446K(7680K)
[301.556s][info][gc             ] GC(246) Pause Young (Allocation Failure) 1108M->16M(3959M) 2.026ms
[301.556s][info][gc,cpu         ] GC(246) User=0.00s Sys=0.00s Real=0.00s
[302.235s][info][gc,start       ] GC(247) Pause Full (System.gc())
[302.235s][info][gc,phases,start] GC(247) Phase 1: Mark live objects
[302.261s][info][gc,phases      ] GC(247) Phase 1: Mark live objects 25.274ms
[302.261s][info][gc,phases,start] GC(247) Phase 2: Compute new object addresses
[302.351s][info][gc,phases      ] GC(247) Phase 2: Compute new object addresses 90.239ms
[302.351s][info][gc,phases,start] GC(247) Phase 3: Adjust pointers
[302.365s][info][gc,phases      ] GC(247) Phase 3: Adjust pointers 14.361ms
[302.365s][info][gc,phases,start] GC(247) Phase 4: Move objects
[302.365s][info][gc,phases      ] GC(247) Phase 4: Move objects 0.110ms
[302.365s][info][gc,heap        ] GC(247) DefNew: 536462K(1258304K)->0K(1258304K) Eden: 535954K(1118528K)->0K(1118528K) From: 507K(139776K)->0K(139776K)
[302.365s][info][gc,heap        ] GC(247) Tenured: 16575K(2796224K)->16046K(2796224K)
[302.366s][info][gc,metaspace   ] GC(247) Metaspace: 53436K(53888K)->53436K(53888K) NonClass: 45989K(46208K)->45989K(46208K) Class: 7446K(7680K)->7446K(7680K)
[302.366s][info][gc             ] GC(247) Pause Full (System.gc()) 540M->15M(3959M) 130.342ms
[302.366s][info][gc,cpu         ] GC(247) User=0.12s Sys=0.00s Real=0.12s
[303.717s][info][gc,start       ] GC(248) Pause Young (Allocation Failure)
[303.719s][info][gc,heap        ] GC(248) DefNew: 1118528K(1258304K)->479K(1258304K) Eden: 1118528K(1118528K)->0K(1118528K) From: 0K(139776K)->479K(139776K)
[303.719s][info][gc,heap        ] GC(248) Tenured: 16046K(2796224K)->16046K(2796224K)
[303.719s][info][gc,metaspace   ] GC(248) Metaspace: 53436K(53888K)->53436K(53888K) NonClass: 45989K(46208K)->45989K(46208K) Class: 7446K(7680K)->7446K(7680K)
[303.719s][info][gc             ] GC(248) Pause Young (Allocation Failure) 1107M->16M(3959M) 2.122ms
[303.719s][info][gc,cpu         ] GC(248) User=0.00s Sys=0.00s Real=0.00s
[305.051s][info][gc,start       ] GC(249) Pause Young (Allocation Failure)
[305.053s][info][gc,heap        ] GC(249) DefNew: 1119007K(1258304K)->511K(1258304K) Eden: 1118528K(1118528K)->0K(1118528K) From: 479K(139776K)->511K(139776K)
[305.053s][info][gc,heap        ] GC(249) Tenured: 16046K(2796224K)->16046K(2796224K)
[305.053s][info][gc,metaspace   ] GC(249) Metaspace: 53436K(53888K)->53436K(53888K) NonClass: 45989K(46208K)->45989K(46208K) Class: 7446K(7680K)->7446K(7680K)
[305.053s][info][gc             ] GC(249) Pause Young (Allocation Failure) 1108M->16M(3959M) 1.948ms
[305.053s][info][gc,cpu         ] GC(249) User=0.00s Sys=0.00s Real=0.00s
[305.695s][info][gc,start       ] GC(250) Pause Full (System.gc())
[305.695s][info][gc,phases,start] GC(250) Phase 1: Mark live objects
[305.721s][info][gc,phases      ] GC(250) Phase 1: Mark live objects 26.032ms
[305.721s][info][gc,phases,start] GC(250) Phase 2: Compute new object addresses
[305.811s][info][gc,phases      ] GC(250) Phase 2: Compute new object addresses 89.831ms
[305.811s][info][gc,phases,start] GC(250) Phase 3: Adjust pointers
[305.825s][info][gc,phases      ] GC(250) Phase 3: Adjust pointers 14.272ms
[305.825s][info][gc,phases,start] GC(250) Phase 4: Move objects
[305.825s][info][gc,phases      ] GC(250) Phase 4: Move objects 0.080ms
[305.826s][info][gc,heap        ] GC(250) DefNew: 531683K(1258304K)->0K(1258304K) Eden: 531172K(1118528K)->0K(1118528K) From: 511K(139776K)->0K(139776K)
[305.826s][info][gc,heap        ] GC(250) Tenured: 16046K(2796224K)->16234K(2796224K)
[305.826s][info][gc,metaspace   ] GC(250) Metaspace: 53436K(53888K)->53436K(53888K) NonClass: 45989K(46208K)->45989K(46208K) Class: 7446K(7680K)->7446K(7680K)
[305.826s][info][gc             ] GC(250) Pause Full (System.gc()) 534M->15M(3959M) 130.593ms
[305.826s][info][gc,cpu         ] GC(250) User=0.12s Sys=0.00s Real=0.12s
[307.157s][info][gc,start       ] GC(251) Pause Young (Allocation Failure)
[307.159s][info][gc,heap        ] GC(251) DefNew: 1118528K(1258304K)->494K(1258304K) Eden: 1118528K(1118528K)->0K(1118528K) From: 0K(139776K)->494K(139776K)
[307.159s][info][gc,heap        ] GC(251) Tenured: 16234K(2796224K)->16234K(2796224K)
[307.159s][info][gc,metaspace   ] GC(251) Metaspace: 53436K(53888K)->53436K(53888K) NonClass: 45989K(46208K)->45989K(46208K) Class: 7446K(7680K)->7446K(7680K)
[307.159s][info][gc             ] GC(251) Pause Young (Allocation Failure) 1108M->16M(3959M) 2.243ms
[307.159s][info][gc,cpu         ] GC(251) User=0.00s Sys=0.00s Real=0.00s
[308.492s][info][gc,start       ] GC(252) Pause Young (Allocation Failure)
[308.494s][info][gc,heap        ] GC(252) DefNew: 1119022K(1258304K)->504K(1258304K) Eden: 1118528K(1118528K)->0K(1118528K) From: 494K(139776K)->504K(139776K)
[308.494s][info][gc,heap        ] GC(252) Tenured: 16234K(2796224K)->16234K(2796224K)
[308.494s][info][gc,metaspace   ] GC(252) Metaspace: 53436K(53888K)->53436K(53888K) NonClass: 45989K(46208K)->45989K(46208K) Class: 7446K(7680K)->7446K(7680K)
[308.494s][info][gc             ] GC(252) Pause Young (Allocation Failure) 1108M->16M(3959M) 1.937ms
[308.494s][info][gc,cpu         ] GC(252) User=0.00s Sys=0.00s Real=0.00s
[309.137s][info][gc,start       ] GC(253) Pause Full (System.gc())
[309.137s][info][gc,phases,start] GC(253) Phase 1: Mark live objects
[309.162s][info][gc,phases      ] GC(253) Phase 1: Mark live objects 25.618ms
[309.162s][info][gc,phases,start] GC(253) Phase 2: Compute new object addresses
[309.252s][info][gc,phases      ] GC(253) Phase 2: Compute new object addresses 89.082ms
[309.252s][info][gc,phases,start] GC(253) Phase 3: Adjust pointers
[309.266s][info][gc,phases      ] GC(253) Phase 3: Adjust pointers 14.237ms
[309.266s][info][gc,phases,start] GC(253) Phase 4: Move objects
[309.266s][info][gc,phases      ] GC(253) Phase 4: Move objects 0.083ms
[309.266s][info][gc,heap        ] GC(253) DefNew: 529242K(1258304K)->0K(1258304K) Eden: 528737K(1118528K)->0K(1118528K) From: 504K(139776K)->0K(139776K)
[309.266s][info][gc,heap        ] GC(253) Tenured: 16234K(2796224K)->16426K(2796224K)
[309.266s][info][gc,metaspace   ] GC(253) Metaspace: 53436K(53888K)->53436K(53888K) NonClass: 45989K(46208K)->45989K(46208K) Class: 7446K(7680K)->7446K(7680K)
[309.266s][info][gc             ] GC(253) Pause Full (System.gc()) 532M->16M(3959M) 129.400ms
[309.266s][info][gc,cpu         ] GC(253) User=0.09s Sys=0.00s Real=0.13s
[310.624s][info][gc,start       ] GC(254) Pause Young (Allocation Failure)
[310.626s][info][gc,heap        ] GC(254) DefNew: 1118528K(1258304K)->502K(1258304K) Eden: 1118528K(1118528K)->0K(1118528K) From: 0K(139776K)->502K(139776K)
[310.626s][info][gc,heap        ] GC(254) Tenured: 16426K(2796224K)->16426K(2796224K)
[310.627s][info][gc,metaspace   ] GC(254) Metaspace: 53436K(53888K)->53436K(53888K) NonClass: 45990K(46208K)->45990K(46208K) Class: 7446K(7680K)->7446K(7680K)
[310.627s][info][gc             ] GC(254) Pause Young (Allocation Failure) 1108M->16M(3959M) 2.215ms
[310.627s][info][gc,cpu         ] GC(254) User=0.00s Sys=0.00s Real=0.00s
[311.981s][info][gc,start       ] GC(255) Pause Young (Allocation Failure)
[311.983s][info][gc,heap        ] GC(255) DefNew: 1119030K(1258304K)->509K(1258304K) Eden: 1118528K(1118528K)->0K(1118528K) From: 502K(139776K)->509K(139776K)
[311.983s][info][gc,heap        ] GC(255) Tenured: 16426K(2796224K)->16426K(2796224K)
[311.983s][info][gc,metaspace   ] GC(255) Metaspace: 53436K(53888K)->53436K(53888K) NonClass: 45990K(46208K)->45990K(46208K) Class: 7446K(7680K)->7446K(7680K)
[311.983s][info][gc             ] GC(255) Pause Young (Allocation Failure) 1108M->16M(3959M) 1.927ms
[311.983s][info][gc,cpu         ] GC(255) User=0.00s Sys=0.00s Real=0.00s
[312.656s][info][gc,start       ] GC(256) Pause Full (System.gc())
[312.656s][info][gc,phases,start] GC(256) Phase 1: Mark live objects
[312.681s][info][gc,phases      ] GC(256) Phase 1: Mark live objects 24.796ms
[312.681s][info][gc,phases,start] GC(256) Phase 2: Compute new object addresses
[312.772s][info][gc,phases      ] GC(256) Phase 2: Compute new object addresses 90.520ms
[312.772s][info][gc,phases,start] GC(256) Phase 3: Adjust pointers
[312.786s][info][gc,phases      ] GC(256) Phase 3: Adjust pointers 14.239ms
[312.786s][info][gc,phases,start] GC(256) Phase 4: Move objects
[312.786s][info][gc,phases      ] GC(256) Phase 4: Move objects 0.083ms
[312.786s][info][gc,heap        ] GC(256) DefNew: 531837K(1258304K)->0K(1258304K) Eden: 531328K(1118528K)->0K(1118528K) From: 509K(139776K)->0K(139776K)
[312.786s][info][gc,heap        ] GC(256) Tenured: 16426K(2796224K)->16620K(2796224K)
[312.786s][info][gc,metaspace   ] GC(256) Metaspace: 53438K(53888K)->53438K(53888K) NonClass: 45992K(46208K)->45992K(46208K) Class: 7446K(7680K)->7446K(7680K)
[312.786s][info][gc             ] GC(256) Pause Full (System.gc()) 535M->16M(3959M) 130.019ms
[312.786s][info][gc,cpu         ] GC(256) User=0.12s Sys=0.00s Real=0.12s
[314.147s][info][gc,start       ] GC(257) Pause Young (Allocation Failure)
[314.149s][info][gc,heap        ] GC(257) DefNew: 1118528K(1258304K)->488K(1258304K) Eden: 1118528K(1118528K)->0K(1118528K) From: 0K(139776K)->488K(139776K)
[314.149s][info][gc,heap        ] GC(257) Tenured: 16620K(2796224K)->16620K(2796224K)
[314.149s][info][gc,metaspace   ] GC(257) Metaspace: 53481K(53952K)->53481K(53952K) NonClass: 46034K(46272K)->46034K(46272K) Class: 7446K(7680K)->7446K(7680K)
[314.149s][info][gc             ] GC(257) Pause Young (Allocation Failure) 1108M->16M(3959M) 2.149ms
[314.149s][info][gc,cpu         ] GC(257) User=0.00s Sys=0.00s Real=0.00s
[315.509s][info][gc,start       ] GC(258) Pause Young (Allocation Failure)
[315.511s][info][gc,heap        ] GC(258) DefNew: 1119016K(1258304K)->533K(1258304K) Eden: 1118528K(1118528K)->0K(1118528K) From: 488K(139776K)->533K(139776K)
[315.511s][info][gc,heap        ] GC(258) Tenured: 16620K(2796224K)->16620K(2796224K)
[315.511s][info][gc,metaspace   ] GC(258) Metaspace: 53481K(53952K)->53481K(53952K) NonClass: 46034K(46272K)->46034K(46272K) Class: 7446K(7680K)->7446K(7680K)
[315.511s][info][gc             ] GC(258) Pause Young (Allocation Failure) 1109M->16M(3959M) 2.103ms
[315.511s][info][gc,cpu         ] GC(258) User=0.00s Sys=0.00s Real=0.00s
[316.186s][info][gc,start       ] GC(259) Pause Full (System.gc())
[316.186s][info][gc,phases,start] GC(259) Phase 1: Mark live objects
[316.212s][info][gc,phases      ] GC(259) Phase 1: Mark live objects 25.746ms
[316.212s][info][gc,phases,start] GC(259) Phase 2: Compute new object addresses
[316.302s][info][gc,phases      ] GC(259) Phase 2: Compute new object addresses 89.775ms
[316.302s][info][gc,phases,start] GC(259) Phase 3: Adjust pointers
[316.316s][info][gc,phases      ] GC(259) Phase 3: Adjust pointers 14.236ms
[316.316s][info][gc,phases,start] GC(259) Phase 4: Move objects
[316.316s][info][gc,phases      ] GC(259) Phase 4: Move objects 0.084ms
[316.316s][info][gc,heap        ] GC(259) DefNew: 536167K(1258304K)->0K(1258304K) Eden: 535633K(1118528K)->0K(1118528K) From: 533K(139776K)->0K(139776K)
[316.316s][info][gc,heap        ] GC(259) Tenured: 16620K(2796224K)->15994K(2796224K)
[316.316s][info][gc,metaspace   ] GC(259) Metaspace: 53552K(54016K)->53552K(54016K) NonClass: 46105K(46336K)->46105K(46336K) Class: 7446K(7680K)->7446K(7680K)
[316.316s][info][gc             ] GC(259) Pause Full (System.gc()) 539M->15M(3959M) 130.208ms
[316.316s][info][gc,cpu         ] GC(259) User=0.12s Sys=0.00s Real=0.12s
[317.688s][info][gc,start       ] GC(260) Pause Young (Allocation Failure)
[317.690s][info][gc,heap        ] GC(260) DefNew: 1118528K(1258304K)->520K(1258304K) Eden: 1118528K(1118528K)->0K(1118528K) From: 0K(139776K)->520K(139776K)
[317.690s][info][gc,heap        ] GC(260) Tenured: 15994K(2796224K)->15994K(2796224K)
[317.690s][info][gc,metaspace   ] GC(260) Metaspace: 53593K(54016K)->53593K(54016K) NonClass: 46146K(46336K)->46146K(46336K) Class: 7446K(7680K)->7446K(7680K)
[317.690s][info][gc             ] GC(260) Pause Young (Allocation Failure) 1107M->16M(3959M) 2.261ms
[317.690s][info][gc,cpu         ] GC(260) User=0.00s Sys=0.00s Real=0.00s
[319.042s][info][gc,start       ] GC(261) Pause Young (Allocation Failure)
[319.044s][info][gc,heap        ] GC(261) DefNew: 1119048K(1258304K)->478K(1258304K) Eden: 1118528K(1118528K)->0K(1118528K) From: 520K(139776K)->478K(139776K)
[319.044s][info][gc,heap        ] GC(261) Tenured: 15994K(2796224K)->15994K(2796224K)
[319.044s][info][gc,metaspace   ] GC(261) Metaspace: 53593K(54016K)->53593K(54016K) NonClass: 46146K(46336K)->46146K(46336K) Class: 7446K(7680K)->7446K(7680K)
[319.044s][info][gc             ] GC(261) Pause Young (Allocation Failure) 1108M->16M(3959M) 1.746ms
[319.044s][info][gc,cpu         ] GC(261) User=0.00s Sys=0.00s Real=0.00s
[319.703s][info][gc,start       ] GC(262) Pause Full (System.gc())
[319.703s][info][gc,phases,start] GC(262) Phase 1: Mark live objects
[319.729s][info][gc,phases      ] GC(262) Phase 1: Mark live objects 25.749ms
[319.729s][info][gc,phases,start] GC(262) Phase 2: Compute new object addresses
[319.818s][info][gc,phases      ] GC(262) Phase 2: Compute new object addresses 89.793ms
[319.818s][info][gc,phases,start] GC(262) Phase 3: Adjust pointers
[319.833s][info][gc,phases      ] GC(262) Phase 3: Adjust pointers 14.411ms
[319.833s][info][gc,phases,start] GC(262) Phase 4: Move objects
[319.833s][info][gc,phases      ] GC(262) Phase 4: Move objects 0.108ms
[319.833s][info][gc,heap        ] GC(262) DefNew: 532829K(1258304K)->0K(1258304K) Eden: 532351K(1118528K)->0K(1118528K) From: 478K(139776K)->0K(139776K)
[319.833s][info][gc,heap        ] GC(262) Tenured: 15994K(2796224K)->16257K(2796224K)
[319.833s][info][gc,metaspace   ] GC(262) Metaspace: 53601K(54016K)->53601K(54016K) NonClass: 46154K(46336K)->46154K(46336K) Class: 7446K(7680K)->7446K(7680K)
[319.833s][info][gc             ] GC(262) Pause Full (System.gc()) 535M->15M(3959M) 130.435ms
[319.833s][info][gc,cpu         ] GC(262) User=0.11s Sys=0.00s Real=0.13s
[321.168s][info][gc,start       ] GC(263) Pause Young (Allocation Failure)
[321.170s][info][gc,heap        ] GC(263) DefNew: 1118528K(1258304K)->499K(1258304K) Eden: 1118528K(1118528K)->0K(1118528K) From: 0K(139776K)->499K(139776K)
[321.170s][info][gc,heap        ] GC(263) Tenured: 16257K(2796224K)->16257K(2796224K)
[321.170s][info][gc,metaspace   ] GC(263) Metaspace: 53639K(54080K)->53639K(54080K) NonClass: 46193K(46400K)->46193K(46400K) Class: 7446K(7680K)->7446K(7680K)
[321.170s][info][gc             ] GC(263) Pause Young (Allocation Failure) 1108M->16M(3959M) 2.199ms
[321.170s][info][gc,cpu         ] GC(263) User=0.00s Sys=0.00s Real=0.00s
[322.514s][info][gc,start       ] GC(264) Pause Young (Allocation Failure)
[322.516s][info][gc,heap        ] GC(264) DefNew: 1119027K(1258304K)->503K(1258304K) Eden: 1118528K(1118528K)->0K(1118528K) From: 499K(139776K)->503K(139776K)
[322.516s][info][gc,heap        ] GC(264) Tenured: 16257K(2796224K)->16257K(2796224K)
[322.516s][info][gc,metaspace   ] GC(264) Metaspace: 53639K(54080K)->53639K(54080K) NonClass: 46193K(46400K)->46193K(46400K) Class: 7446K(7680K)->7446K(7680K)
[322.516s][info][gc             ] GC(264) Pause Young (Allocation Failure) 1108M->16M(3959M) 1.965ms
[322.516s][info][gc,cpu         ] GC(264) User=0.00s Sys=0.00s Real=0.00s
[323.175s][info][gc,start       ] GC(265) Pause Full (System.gc())
[323.175s][info][gc,phases,start] GC(265) Phase 1: Mark live objects
[323.200s][info][gc,phases      ] GC(265) Phase 1: Mark live objects 24.873ms
[323.200s][info][gc,phases,start] GC(265) Phase 2: Compute new object addresses
[323.289s][info][gc,phases      ] GC(265) Phase 2: Compute new object addresses 89.156ms
[323.289s][info][gc,phases,start] GC(265) Phase 3: Adjust pointers
[323.303s][info][gc,phases      ] GC(265) Phase 3: Adjust pointers 14.411ms
[323.303s][info][gc,phases,start] GC(265) Phase 4: Move objects
[323.304s][info][gc,phases      ] GC(265) Phase 4: Move objects 0.074ms
[323.304s][info][gc,heap        ] GC(265) DefNew: 535403K(1258304K)->0K(1258304K) Eden: 534900K(1118528K)->0K(1118528K) From: 503K(139776K)->0K(139776K)
[323.304s][info][gc,heap        ] GC(265) Tenured: 16257K(2796224K)->16431K(2796224K)
[323.304s][info][gc,metaspace   ] GC(265) Metaspace: 53639K(54080K)->53639K(54080K) NonClass: 46193K(46400K)->46193K(46400K) Class: 7446K(7680K)->7446K(7680K)
[323.304s][info][gc             ] GC(265) Pause Full (System.gc()) 538M->16M(3959M) 128.863ms
[323.304s][info][gc,cpu         ] GC(265) User=0.14s Sys=0.00s Real=0.12s
[324.684s][info][gc,start       ] GC(266) Pause Young (Allocation Failure)
[324.686s][info][gc,heap        ] GC(266) DefNew: 1118528K(1258304K)->484K(1258304K) Eden: 1118528K(1118528K)->0K(1118528K) From: 0K(139776K)->484K(139776K)
[324.686s][info][gc,heap        ] GC(266) Tenured: 16431K(2796224K)->16431K(2796224K)
[324.686s][info][gc,metaspace   ] GC(266) Metaspace: 53683K(54080K)->53683K(54080K) NonClass: 46237K(46400K)->46237K(46400K) Class: 7446K(7680K)->7446K(7680K)
[324.686s][info][gc             ] GC(266) Pause Young (Allocation Failure) 1108M->16M(3959M) 2.014ms
[324.686s][info][gc,cpu         ] GC(266) User=0.00s Sys=0.00s Real=0.00s
[326.038s][info][gc,start       ] GC(267) Pause Young (Allocation Failure)
[326.039s][info][gc,heap        ] GC(267) DefNew: 1119012K(1258304K)->512K(1258304K) Eden: 1118528K(1118528K)->0K(1118528K) From: 484K(139776K)->512K(139776K)
[326.039s][info][gc,heap        ] GC(267) Tenured: 16431K(2796224K)->16431K(2796224K)
[326.039s][info][gc,metaspace   ] GC(267) Metaspace: 53683K(54080K)->53683K(54080K) NonClass: 46237K(46400K)->46237K(46400K) Class: 7446K(7680K)->7446K(7680K)
[326.039s][info][gc             ] GC(267) Pause Young (Allocation Failure) 1108M->16M(3959M) 1.838ms
[326.039s][info][gc,cpu         ] GC(267) User=0.00s Sys=0.00s Real=0.00s
[326.697s][info][gc,start       ] GC(268) Pause Full (System.gc())
[326.697s][info][gc,phases,start] GC(268) Phase 1: Mark live objects
[326.722s][info][gc,phases      ] GC(268) Phase 1: Mark live objects 25.302ms
[326.722s][info][gc,phases,start] GC(268) Phase 2: Compute new object addresses
[326.814s][info][gc,phases      ] GC(268) Phase 2: Compute new object addresses 91.481ms
[326.814s][info][gc,phases,start] GC(268) Phase 3: Adjust pointers
[326.829s][info][gc,phases      ] GC(268) Phase 3: Adjust pointers 14.725ms
[326.829s][info][gc,phases,start] GC(268) Phase 4: Move objects
[326.829s][info][gc,phases      ] GC(268) Phase 4: Move objects 0.148ms
[326.829s][info][gc,heap        ] GC(268) DefNew: 533428K(1258304K)->0K(1258304K) Eden: 532916K(1118528K)->0K(1118528K) From: 512K(139776K)->0K(139776K)
[326.829s][info][gc,heap        ] GC(268) Tenured: 16431K(2796224K)->16740K(2796224K)
[326.829s][info][gc,metaspace   ] GC(268) Metaspace: 53690K(54080K)->53690K(54080K) NonClass: 46244K(46400K)->46244K(46400K) Class: 7446K(7680K)->7446K(7680K)
[326.829s][info][gc             ] GC(268) Pause Full (System.gc()) 536M->16M(3959M) 132.049ms
[326.829s][info][gc,cpu         ] GC(268) User=0.08s Sys=0.00s Real=0.13s
[328.174s][info][gc,start       ] GC(269) Pause Young (Allocation Failure)
[328.175s][info][gc,heap        ] GC(269) DefNew: 1118528K(1258304K)->402K(1258304K) Eden: 1118528K(1118528K)->0K(1118528K) From: 0K(139776K)->402K(139776K)
[328.176s][info][gc,heap        ] GC(269) Tenured: 16740K(2796224K)->16740K(2796224K)
[328.176s][info][gc,metaspace   ] GC(269) Metaspace: 53716K(54144K)->53716K(54144K) NonClass: 46269K(46464K)->46269K(46464K) Class: 7446K(7680K)->7446K(7680K)
[328.176s][info][gc             ] GC(269) Pause Young (Allocation Failure) 1108M->16M(3959M) 1.984ms
[328.176s][info][gc,cpu         ] GC(269) User=0.00s Sys=0.00s Real=0.00s
[329.517s][info][gc,start       ] GC(270) Pause Young (Allocation Failure)
[329.519s][info][gc,heap        ] GC(270) DefNew: 1118930K(1258304K)->423K(1258304K) Eden: 1118528K(1118528K)->0K(1118528K) From: 402K(139776K)->423K(139776K)
[329.519s][info][gc,heap        ] GC(270) Tenured: 16740K(2796224K)->16740K(2796224K)
[329.519s][info][gc,metaspace   ] GC(270) Metaspace: 53716K(54144K)->53716K(54144K) NonClass: 46269K(46464K)->46269K(46464K) Class: 7446K(7680K)->7446K(7680K)
[329.519s][info][gc             ] GC(270) Pause Young (Allocation Failure) 1109M->16M(3959M) 1.953ms
[329.519s][info][gc,cpu         ] GC(270) User=0.00s Sys=0.00s Real=0.00s
[330.167s][info][gc,start       ] GC(271) Pause Full (System.gc())
[330.167s][info][gc,phases,start] GC(271) Phase 1: Mark live objects
[330.193s][info][gc,phases      ] GC(271) Phase 1: Mark live objects 26.377ms
[330.193s][info][gc,phases,start] GC(271) Phase 2: Compute new object addresses
[330.283s][info][gc,phases      ] GC(271) Phase 2: Compute new object addresses 89.525ms
[330.283s][info][gc,phases,start] GC(271) Phase 3: Adjust pointers
[330.297s][info][gc,phases      ] GC(271) Phase 3: Adjust pointers 14.531ms
[330.297s][info][gc,phases,start] GC(271) Phase 4: Move objects
[330.297s][info][gc,phases      ] GC(271) Phase 4: Move objects 0.081ms
[330.297s][info][gc,heap        ] GC(271) DefNew: 529557K(1258304K)->0K(1258304K) Eden: 529133K(1118528K)->0K(1118528K) From: 423K(139776K)->0K(139776K)
[330.297s][info][gc,heap        ] GC(271) Tenured: 16740K(2796224K)->15983K(2796224K)
[330.297s][info][gc,metaspace   ] GC(271) Metaspace: 53716K(54144K)->53716K(54144K) NonClass: 46269K(46464K)->46269K(46464K) Class: 7446K(7680K)->7446K(7680K)
[330.297s][info][gc             ] GC(271) Pause Full (System.gc()) 533M->15M(3959M) 130.898ms
[330.298s][info][gc,cpu         ] GC(271) User=0.11s Sys=0.00s Real=0.13s
[331.658s][info][gc,start       ] GC(272) Pause Young (Allocation Failure)
[331.660s][info][gc,heap        ] GC(272) DefNew: 1118528K(1258304K)->513K(1258304K) Eden: 1118528K(1118528K)->0K(1118528K) From: 0K(139776K)->513K(139776K)
[331.660s][info][gc,heap        ] GC(272) Tenured: 15983K(2796224K)->15983K(2796224K)
[331.660s][info][gc,metaspace   ] GC(272) Metaspace: 53741K(54144K)->53741K(54144K) NonClass: 46294K(46464K)->46294K(46464K) Class: 7446K(7680K)->7446K(7680K)
[331.660s][info][gc             ] GC(272) Pause Young (Allocation Failure) 1107M->16M(3959M) 2.228ms
[331.660s][info][gc,cpu         ] GC(272) User=0.00s Sys=0.00s Real=0.00s
[333.009s][info][gc,start       ] GC(273) Pause Young (Allocation Failure)
[333.011s][info][gc,heap        ] GC(273) DefNew: 1119041K(1258304K)->540K(1258304K) Eden: 1118528K(1118528K)->0K(1118528K) From: 513K(139776K)->540K(139776K)
[333.011s][info][gc,heap        ] GC(273) Tenured: 15983K(2796224K)->15983K(2796224K)
[333.011s][info][gc,metaspace   ] GC(273) Metaspace: 53741K(54144K)->53741K(54144K) NonClass: 46294K(46464K)->46294K(46464K) Class: 7446K(7680K)->7446K(7680K)
[333.011s][info][gc             ] GC(273) Pause Young (Allocation Failure) 1108M->16M(3959M) 2.006ms
[333.011s][info][gc,cpu         ] GC(273) User=0.00s Sys=0.00s Real=0.00s
[333.663s][info][gc,start       ] GC(274) Pause Full (System.gc())
[333.664s][info][gc,phases,start] GC(274) Phase 1: Mark live objects
[333.689s][info][gc,phases      ] GC(274) Phase 1: Mark live objects 25.804ms
[333.689s][info][gc,phases,start] GC(274) Phase 2: Compute new object addresses
[333.781s][info][gc,phases      ] GC(274) Phase 2: Compute new object addresses 91.227ms
[333.781s][info][gc,phases,start] GC(274) Phase 3: Adjust pointers
[333.796s][info][gc,phases      ] GC(274) Phase 3: Adjust pointers 14.848ms
[333.796s][info][gc,phases,start] GC(274) Phase 4: Move objects
[333.796s][info][gc,phases      ] GC(274) Phase 4: Move objects 0.086ms
[333.796s][info][gc,heap        ] GC(274) DefNew: 530546K(1258304K)->0K(1258304K) Eden: 530006K(1118528K)->0K(1118528K) From: 540K(139776K)->0K(139776K)
[333.796s][info][gc,heap        ] GC(274) Tenured: 15983K(2796224K)->16200K(2796224K)
[333.796s][info][gc,metaspace   ] GC(274) Metaspace: 53741K(54144K)->53741K(54144K) NonClass: 46294K(46464K)->46294K(46464K) Class: 7446K(7680K)->7446K(7680K)
[333.796s][info][gc             ] GC(274) Pause Full (System.gc()) 533M->15M(3959M) 132.335ms
[333.796s][info][gc,cpu         ] GC(274) User=0.08s Sys=0.00s Real=0.13s
[335.311s][info][gc,start       ] GC(275) Pause Young (Allocation Failure)
[335.313s][info][gc,heap        ] GC(275) DefNew: 1118528K(1258304K)->485K(1258304K) Eden: 1118528K(1118528K)->0K(1118528K) From: 0K(139776K)->485K(139776K)
[335.313s][info][gc,heap        ] GC(275) Tenured: 16200K(2796224K)->16200K(2796224K)
[335.313s][info][gc,metaspace   ] GC(275) Metaspace: 53759K(54208K)->53759K(54208K) NonClass: 46313K(46528K)->46313K(46528K) Class: 7446K(7680K)->7446K(7680K)
[335.314s][info][gc             ] GC(275) Pause Young (Allocation Failure) 1108M->16M(3959M) 2.240ms
[335.314s][info][gc,cpu         ] GC(275) User=0.00s Sys=0.00s Real=0.00s
[336.868s][info][gc,start       ] GC(276) Pause Young (Allocation Failure)
[336.870s][info][gc,heap        ] GC(276) DefNew: 1119013K(1258304K)->511K(1258304K) Eden: 1118528K(1118528K)->0K(1118528K) From: 485K(139776K)->511K(139776K)
[336.870s][info][gc,heap        ] GC(276) Tenured: 16200K(2796224K)->16200K(2796224K)
[336.870s][info][gc,metaspace   ] GC(276) Metaspace: 53759K(54208K)->53759K(54208K) NonClass: 46313K(46528K)->46313K(46528K) Class: 7446K(7680K)->7446K(7680K)
[336.870s][info][gc             ] GC(276) Pause Young (Allocation Failure) 1108M->16M(3959M) 2.001ms
[336.870s][info][gc,cpu         ] GC(276) User=0.00s Sys=0.00s Real=0.00s
[337.558s][info][gc,start       ] GC(277) Pause Full (System.gc())
[337.558s][info][gc,phases,start] GC(277) Phase 1: Mark live objects
[337.584s][info][gc,phases      ] GC(277) Phase 1: Mark live objects 26.108ms
[337.584s][info][gc,phases,start] GC(277) Phase 2: Compute new object addresses
[337.675s][info][gc,phases      ] GC(277) Phase 2: Compute new object addresses 90.808ms
[337.675s][info][gc,phases,start] GC(277) Phase 3: Adjust pointers
[337.690s][info][gc,phases      ] GC(277) Phase 3: Adjust pointers 14.887ms
[337.690s][info][gc,phases,start] GC(277) Phase 4: Move objects
[337.690s][info][gc,phases      ] GC(277) Phase 4: Move objects 0.112ms
[337.690s][info][gc,heap        ] GC(277) DefNew: 532054K(1258304K)->0K(1258304K) Eden: 531542K(1118528K)->0K(1118528K) From: 511K(139776K)->0K(139776K)
[337.690s][info][gc,heap        ] GC(277) Tenured: 16200K(2796224K)->16476K(2796224K)
[337.690s][info][gc,metaspace   ] GC(277) Metaspace: 53760K(54208K)->53760K(54208K) NonClass: 46313K(46528K)->46313K(46528K) Class: 7446K(7680K)->7446K(7680K)
[337.691s][info][gc             ] GC(277) Pause Full (System.gc()) 535M->16M(3959M) 132.309ms
[337.691s][info][gc,cpu         ] GC(277) User=0.08s Sys=0.00s Real=0.13s
[339.028s][info][gc,start       ] GC(278) Pause Young (Allocation Failure)
[339.031s][info][gc,heap        ] GC(278) DefNew: 1118528K(1258304K)->498K(1258304K) Eden: 1118528K(1118528K)->0K(1118528K) From: 0K(139776K)->498K(139776K)
[339.031s][info][gc,heap        ] GC(278) Tenured: 16476K(2796224K)->16476K(2796224K)
[339.031s][info][gc,metaspace   ] GC(278) Metaspace: 53775K(54272K)->53775K(54272K) NonClass: 46329K(46592K)->46329K(46592K) Class: 7446K(7680K)->7446K(7680K)
[339.031s][info][gc             ] GC(278) Pause Young (Allocation Failure) 1108M->16M(3959M) 2.185ms
[339.031s][info][gc,cpu         ] GC(278) User=0.00s Sys=0.00s Real=0.00s
[340.365s][info][gc,start       ] GC(279) Pause Young (Allocation Failure)
[340.367s][info][gc,heap        ] GC(279) DefNew: 1119026K(1258304K)->481K(1258304K) Eden: 1118528K(1118528K)->0K(1118528K) From: 498K(139776K)->481K(139776K)
[340.367s][info][gc,heap        ] GC(279) Tenured: 16476K(2796224K)->16476K(2796224K)
[340.367s][info][gc,metaspace   ] GC(279) Metaspace: 53775K(54272K)->53775K(54272K) NonClass: 46329K(46592K)->46329K(46592K) Class: 7446K(7680K)->7446K(7680K)
[340.367s][info][gc             ] GC(279) Pause Young (Allocation Failure) 1108M->16M(3959M) 1.887ms
[340.367s][info][gc,cpu         ] GC(279) User=0.00s Sys=0.00s Real=0.00s
[341.013s][info][gc,start       ] GC(280) Pause Full (System.gc())
[341.013s][info][gc,phases,start] GC(280) Phase 1: Mark live objects
[341.040s][info][gc,phases      ] GC(280) Phase 1: Mark live objects 26.490ms
[341.040s][info][gc,phases,start] GC(280) Phase 2: Compute new object addresses
[341.129s][info][gc,phases      ] GC(280) Phase 2: Compute new object addresses 88.886ms
[341.129s][info][gc,phases,start] GC(280) Phase 3: Adjust pointers
[341.143s][info][gc,phases      ] GC(280) Phase 3: Adjust pointers 14.639ms
[341.143s][info][gc,phases,start] GC(280) Phase 4: Move objects
[341.143s][info][gc,phases      ] GC(280) Phase 4: Move objects 0.075ms
[341.143s][info][gc,heap        ] GC(280) DefNew: 527934K(1258304K)->0K(1258304K) Eden: 527453K(1118528K)->0K(1118528K) From: 481K(139776K)->0K(139776K)
[341.143s][info][gc,heap        ] GC(280) Tenured: 16476K(2796224K)->16660K(2796224K)
[341.143s][info][gc,metaspace   ] GC(280) Metaspace: 53775K(54272K)->53775K(54272K) NonClass: 46329K(46592K)->46329K(46592K) Class: 7446K(7680K)->7446K(7680K)
[341.144s][info][gc             ] GC(280) Pause Full (System.gc()) 531M->16M(3959M) 130.447ms
[341.144s][info][gc,cpu         ] GC(280) User=0.12s Sys=0.00s Real=0.13s
[342.501s][info][gc,start       ] GC(281) Pause Young (Allocation Failure)
[342.503s][info][gc,heap        ] GC(281) DefNew: 1118528K(1258304K)->519K(1258304K) Eden: 1118528K(1118528K)->0K(1118528K) From: 0K(139776K)->519K(139776K)
[342.503s][info][gc,heap        ] GC(281) Tenured: 16660K(2796224K)->16660K(2796224K)
[342.503s][info][gc,metaspace   ] GC(281) Metaspace: 53791K(54272K)->53791K(54272K) NonClass: 46344K(46592K)->46344K(46592K) Class: 7446K(7680K)->7446K(7680K)
[342.503s][info][gc             ] GC(281) Pause Young (Allocation Failure) 1108M->16M(3959M) 2.303ms
[342.503s][info][gc,cpu         ] GC(281) User=0.00s Sys=0.00s Real=0.00s
[343.880s][info][gc,start       ] GC(282) Pause Young (Allocation Failure)
[343.882s][info][gc,heap        ] GC(282) DefNew: 1119047K(1258304K)->498K(1258304K) Eden: 1118528K(1118528K)->0K(1118528K) From: 519K(139776K)->498K(139776K)
[343.882s][info][gc,heap        ] GC(282) Tenured: 16660K(2796224K)->16660K(2796224K)
[343.882s][info][gc,metaspace   ] GC(282) Metaspace: 53791K(54272K)->53791K(54272K) NonClass: 46344K(46592K)->46344K(46592K) Class: 7446K(7680K)->7446K(7680K)
[343.882s][info][gc             ] GC(282) Pause Young (Allocation Failure) 1109M->16M(3959M) 1.886ms
[343.882s][info][gc,cpu         ] GC(282) User=0.00s Sys=0.00s Real=0.00s
[344.537s][info][gc,start       ] GC(283) Pause Full (System.gc())
[344.537s][info][gc,phases,start] GC(283) Phase 1: Mark live objects
[344.564s][info][gc,phases      ] GC(283) Phase 1: Mark live objects 26.305ms
[344.564s][info][gc,phases,start] GC(283) Phase 2: Compute new object addresses
[344.654s][info][gc,phases      ] GC(283) Phase 2: Compute new object addresses 90.257ms
[344.654s][info][gc,phases,start] GC(283) Phase 3: Adjust pointers
[344.669s][info][gc,phases      ] GC(283) Phase 3: Adjust pointers 15.144ms
[344.669s][info][gc,phases,start] GC(283) Phase 4: Move objects
[344.669s][info][gc,phases      ] GC(283) Phase 4: Move objects 0.087ms
[344.669s][info][gc,heap        ] GC(283) DefNew: 538347K(1258304K)->0K(1258304K) Eden: 537848K(1118528K)->0K(1118528K) From: 498K(139776K)->0K(139776K)
[344.669s][info][gc,heap        ] GC(283) Tenured: 16660K(2796224K)->15993K(2796224K)
[344.669s][info][gc,metaspace   ] GC(283) Metaspace: 53791K(54272K)->53791K(54272K) NonClass: 46344K(46592K)->46344K(46592K) Class: 7446K(7680K)->7446K(7680K)
[344.669s][info][gc             ] GC(283) Pause Full (System.gc()) 542M->15M(3959M) 132.147ms
[344.669s][info][gc,cpu         ] GC(283) User=0.12s Sys=0.00s Real=0.13s
[346.067s][info][gc,start       ] GC(284) Pause Young (Allocation Failure)
[346.070s][info][gc,heap        ] GC(284) DefNew: 1118528K(1258304K)->501K(1258304K) Eden: 1118528K(1118528K)->0K(1118528K) From: 0K(139776K)->501K(139776K)
[346.070s][info][gc,heap        ] GC(284) Tenured: 15993K(2796224K)->15993K(2796224K)
[346.070s][info][gc,metaspace   ] GC(284) Metaspace: 53803K(54272K)->53803K(54272K) NonClass: 46357K(46592K)->46357K(46592K) Class: 7446K(7680K)->7446K(7680K)
[346.070s][info][gc             ] GC(284) Pause Young (Allocation Failure) 1107M->16M(3959M) 2.118ms
[346.070s][info][gc,cpu         ] GC(284) User=0.00s Sys=0.00s Real=0.00s
[347.443s][info][gc,start       ] GC(285) Pause Young (Allocation Failure)
[347.445s][info][gc,heap        ] GC(285) DefNew: 1119029K(1258304K)->487K(1258304K) Eden: 1118528K(1118528K)->0K(1118528K) From: 501K(139776K)->487K(139776K)
[347.445s][info][gc,heap        ] GC(285) Tenured: 15993K(2796224K)->15993K(2796224K)
[347.445s][info][gc,metaspace   ] GC(285) Metaspace: 53803K(54272K)->53803K(54272K) NonClass: 46357K(46592K)->46357K(46592K) Class: 7446K(7680K)->7446K(7680K)
[347.445s][info][gc             ] GC(285) Pause Young (Allocation Failure) 1108M->16M(3959M) 1.828ms
[347.445s][info][gc,cpu         ] GC(285) User=0.00s Sys=0.00s Real=0.00s
[348.127s][info][gc,start       ] GC(286) Pause Full (System.gc())
[348.127s][info][gc,phases,start] GC(286) Phase 1: Mark live objects
[348.154s][info][gc,phases      ] GC(286) Phase 1: Mark live objects 26.312ms
[348.154s][info][gc,phases,start] GC(286) Phase 2: Compute new object addresses
[348.242s][info][gc,phases      ] GC(286) Phase 2: Compute new object addresses 88.620ms
[348.242s][info][gc,phases,start] GC(286) Phase 3: Adjust pointers
[348.257s][info][gc,phases      ] GC(286) Phase 3: Adjust pointers 14.713ms
[348.257s][info][gc,phases,start] GC(286) Phase 4: Move objects
[348.257s][info][gc,phases      ] GC(286) Phase 4: Move objects 0.086ms
[348.257s][info][gc,heap        ] GC(286) DefNew: 528562K(1258304K)->0K(1258304K) Eden: 528074K(1118528K)->0K(1118528K) From: 487K(139776K)->0K(139776K)
[348.257s][info][gc,heap        ] GC(286) Tenured: 15993K(2796224K)->16199K(2796224K)
[348.257s][info][gc,metaspace   ] GC(286) Metaspace: 53803K(54272K)->53803K(54272K) NonClass: 46357K(46592K)->46357K(46592K) Class: 7446K(7680K)->7446K(7680K)
[348.257s][info][gc             ] GC(286) Pause Full (System.gc()) 531M->15M(3959M) 130.098ms
[348.257s][info][gc,cpu         ] GC(286) User=0.14s Sys=0.00s Real=0.13s
[349.622s][info][gc,start       ] GC(287) Pause Young (Allocation Failure)
[349.624s][info][gc,heap        ] GC(287) DefNew: 1118528K(1258304K)->494K(1258304K) Eden: 1118528K(1118528K)->0K(1118528K) From: 0K(139776K)->494K(139776K)
[349.624s][info][gc,heap        ] GC(287) Tenured: 16199K(2796224K)->16199K(2796224K)
[349.624s][info][gc,metaspace   ] GC(287) Metaspace: 53812K(54272K)->53812K(54272K) NonClass: 46366K(46592K)->46366K(46592K) Class: 7446K(7680K)->7446K(7680K)
[349.624s][info][gc             ] GC(287) Pause Young (Allocation Failure) 1108M->16M(3959M) 2.294ms
[349.624s][info][gc,cpu         ] GC(287) User=0.00s Sys=0.00s Real=0.00s
[350.981s][info][gc,start       ] GC(288) Pause Young (Allocation Failure)
[350.983s][info][gc,heap        ] GC(288) DefNew: 1119022K(1258304K)->505K(1258304K) Eden: 1118528K(1118528K)->0K(1118528K) From: 494K(139776K)->505K(139776K)
[350.983s][info][gc,heap        ] GC(288) Tenured: 16199K(2796224K)->16199K(2796224K)
[350.983s][info][gc,metaspace   ] GC(288) Metaspace: 53812K(54272K)->53812K(54272K) NonClass: 46366K(46592K)->46366K(46592K) Class: 7446K(7680K)->7446K(7680K)
[350.983s][info][gc             ] GC(288) Pause Young (Allocation Failure) 1108M->16M(3959M) 2.003ms
[350.983s][info][gc,cpu         ] GC(288) User=0.00s Sys=0.00s Real=0.00s
[351.658s][info][gc,start       ] GC(289) Pause Full (System.gc())
[351.658s][info][gc,phases,start] GC(289) Phase 1: Mark live objects
[351.686s][info][gc,phases      ] GC(289) Phase 1: Mark live objects 27.837ms
[351.686s][info][gc,phases,start] GC(289) Phase 2: Compute new object addresses
[351.775s][info][gc,phases      ] GC(289) Phase 2: Compute new object addresses 88.795ms
[351.775s][info][gc,phases,start] GC(289) Phase 3: Adjust pointers
[351.789s][info][gc,phases      ] GC(289) Phase 3: Adjust pointers 14.662ms
[351.789s][info][gc,phases,start] GC(289) Phase 4: Move objects
[351.789s][info][gc,phases      ] GC(289) Phase 4: Move objects 0.078ms
[351.789s][info][gc,heap        ] GC(289) DefNew: 528339K(1258304K)->0K(1258304K) Eden: 527833K(1118528K)->0K(1118528K) From: 505K(139776K)->0K(139776K)
[351.789s][info][gc,heap        ] GC(289) Tenured: 16199K(2796224K)->16385K(2796224K)
[351.789s][info][gc,metaspace   ] GC(289) Metaspace: 53812K(54272K)->53812K(54272K) NonClass: 46366K(46592K)->46366K(46592K) Class: 7446K(7680K)->7446K(7680K)
[351.790s][info][gc             ] GC(289) Pause Full (System.gc()) 531M->16M(3959M) 131.756ms
[351.790s][info][gc,cpu         ] GC(289) User=0.11s Sys=0.00s Real=0.13s
[353.135s][info][gc,start       ] GC(290) Pause Young (Allocation Failure)
[353.137s][info][gc,heap        ] GC(290) DefNew: 1118528K(1258304K)->491K(1258304K) Eden: 1118528K(1118528K)->0K(1118528K) From: 0K(139776K)->491K(139776K)
[353.137s][info][gc,heap        ] GC(290) Tenured: 16385K(2796224K)->16385K(2796224K)
[353.137s][info][gc,metaspace   ] GC(290) Metaspace: 53824K(54272K)->53824K(54272K) NonClass: 46377K(46592K)->46377K(46592K) Class: 7446K(7680K)->7446K(7680K)
[353.137s][info][gc             ] GC(290) Pause Young (Allocation Failure) 1108M->16M(3959M) 2.074ms
[353.137s][info][gc,cpu         ] GC(290) User=0.00s Sys=0.00s Real=0.00s
[354.471s][info][gc,start       ] GC(291) Pause Young (Allocation Failure)
[354.473s][info][gc,heap        ] GC(291) DefNew: 1119019K(1258304K)->515K(1258304K) Eden: 1118528K(1118528K)->0K(1118528K) From: 491K(139776K)->515K(139776K)
[354.473s][info][gc,heap        ] GC(291) Tenured: 16385K(2796224K)->16385K(2796224K)
[354.473s][info][gc,metaspace   ] GC(291) Metaspace: 53824K(54272K)->53824K(54272K) NonClass: 46377K(46592K)->46377K(46592K) Class: 7446K(7680K)->7446K(7680K)
[354.473s][info][gc             ] GC(291) Pause Young (Allocation Failure) 1108M->16M(3959M) 1.991ms
[354.473s][info][gc,cpu         ] GC(291) User=0.00s Sys=0.00s Real=0.00s
[355.138s][info][gc,start       ] GC(292) Pause Full (System.gc())
[355.138s][info][gc,phases,start] GC(292) Phase 1: Mark live objects
[355.165s][info][gc,phases      ] GC(292) Phase 1: Mark live objects 26.722ms
[355.165s][info][gc,phases,start] GC(292) Phase 2: Compute new object addresses
[355.254s][info][gc,phases      ] GC(292) Phase 2: Compute new object addresses 88.936ms
[355.254s][info][gc,phases,start] GC(292) Phase 3: Adjust pointers
[355.269s][info][gc,phases      ] GC(292) Phase 3: Adjust pointers 14.689ms
[355.269s][info][gc,phases,start] GC(292) Phase 4: Move objects
[355.269s][info][gc,phases      ] GC(292) Phase 4: Move objects 0.082ms
[355.269s][info][gc,heap        ] GC(292) DefNew: 533363K(1258304K)->0K(1258304K) Eden: 532848K(1118528K)->0K(1118528K) From: 515K(139776K)->0K(139776K)
[355.269s][info][gc,heap        ] GC(292) Tenured: 16385K(2796224K)->16583K(2796224K)
[355.269s][info][gc,metaspace   ] GC(292) Metaspace: 53824K(54272K)->53824K(54272K) NonClass: 46377K(46592K)->46377K(46592K) Class: 7446K(7680K)->7446K(7680K)
[355.269s][info][gc             ] GC(292) Pause Full (System.gc()) 536M->16M(3959M) 130.828ms
[355.269s][info][gc,cpu         ] GC(292) User=0.12s Sys=0.00s Real=0.13s
[356.641s][info][gc,start       ] GC(293) Pause Young (Allocation Failure)
[356.643s][info][gc,heap        ] GC(293) DefNew: 1118528K(1258304K)->529K(1258304K) Eden: 1118528K(1118528K)->0K(1118528K) From: 0K(139776K)->529K(139776K)
[356.643s][info][gc,heap        ] GC(293) Tenured: 16583K(2796224K)->16583K(2796224K)
[356.643s][info][gc,metaspace   ] GC(293) Metaspace: 53826K(54272K)->53826K(54272K) NonClass: 46379K(46592K)->46379K(46592K) Class: 7446K(7680K)->7446K(7680K)
[356.643s][info][gc             ] GC(293) Pause Young (Allocation Failure) 1108M->16M(3959M) 2.205ms
[356.643s][info][gc,cpu         ] GC(293) User=0.00s Sys=0.00s Real=0.00s
[358.021s][info][gc,start       ] GC(294) Pause Young (Allocation Failure)
[358.023s][info][gc,heap        ] GC(294) DefNew: 1119057K(1258304K)->486K(1258304K) Eden: 1118528K(1118528K)->0K(1118528K) From: 529K(139776K)->486K(139776K)
[358.023s][info][gc,heap        ] GC(294) Tenured: 16583K(2796224K)->16583K(2796224K)
[358.023s][info][gc,metaspace   ] GC(294) Metaspace: 53826K(54272K)->53826K(54272K) NonClass: 46379K(46592K)->46379K(46592K) Class: 7446K(7680K)->7446K(7680K)
[358.023s][info][gc             ] GC(294) Pause Young (Allocation Failure) 1109M->16M(3959M) 1.823ms
[358.023s][info][gc,cpu         ] GC(294) User=0.00s Sys=0.00s Real=0.00s
[358.681s][info][gc,start       ] GC(295) Pause Full (System.gc())
[358.681s][info][gc,phases,start] GC(295) Phase 1: Mark live objects
[358.707s][info][gc,phases      ] GC(295) Phase 1: Mark live objects 25.894ms
[358.707s][info][gc,phases,start] GC(295) Phase 2: Compute new object addresses
[358.797s][info][gc,phases      ] GC(295) Phase 2: Compute new object addresses 89.831ms
[358.797s][info][gc,phases,start] GC(295) Phase 3: Adjust pointers
[358.812s][info][gc,phases      ] GC(295) Phase 3: Adjust pointers 14.728ms
[358.812s][info][gc,phases,start] GC(295) Phase 4: Move objects
[358.812s][info][gc,phases      ] GC(295) Phase 4: Move objects 0.112ms
[358.812s][info][gc,heap        ] GC(295) DefNew: 536346K(1258304K)->0K(1258304K) Eden: 535859K(1118528K)->0K(1118528K) From: 486K(139776K)->0K(139776K)
[358.812s][info][gc,heap        ] GC(295) Tenured: 16583K(2796224K)->15993K(2796224K)
[358.812s][info][gc,metaspace   ] GC(295) Metaspace: 53826K(54272K)->53826K(54272K) NonClass: 46379K(46592K)->46379K(46592K) Class: 7446K(7680K)->7446K(7680K)
[358.812s][info][gc             ] GC(295) Pause Full (System.gc()) 539M->15M(3959M) 130.957ms
[358.812s][info][gc,cpu         ] GC(295) User=0.11s Sys=0.00s Real=0.12s
[360.156s][info][gc,start       ] GC(296) Pause Young (Allocation Failure)
[360.158s][info][gc,heap        ] GC(296) DefNew: 1118528K(1258304K)->494K(1258304K) Eden: 1118528K(1118528K)->0K(1118528K) From: 0K(139776K)->494K(139776K)
[360.158s][info][gc,heap        ] GC(296) Tenured: 15993K(2796224K)->15993K(2796224K)
[360.158s][info][gc,metaspace   ] GC(296) Metaspace: 53830K(54336K)->53830K(54336K) NonClass: 46384K(46656K)->46384K(46656K) Class: 7446K(7680K)->7446K(7680K)
[360.158s][info][gc             ] GC(296) Pause Young (Allocation Failure) 1107M->16M(3959M) 2.157ms
[360.158s][info][gc,cpu         ] GC(296) User=0.00s Sys=0.00s Real=0.00s
[361.508s][info][gc,start       ] GC(297) Pause Young (Allocation Failure)
[361.510s][info][gc,heap        ] GC(297) DefNew: 1119022K(1258304K)->515K(1258304K) Eden: 1118528K(1118528K)->0K(1118528K) From: 494K(139776K)->515K(139776K)
[361.510s][info][gc,heap        ] GC(297) Tenured: 15993K(2796224K)->15993K(2796224K)
[361.510s][info][gc,metaspace   ] GC(297) Metaspace: 53830K(54336K)->53830K(54336K) NonClass: 46384K(46656K)->46384K(46656K) Class: 7446K(7680K)->7446K(7680K)
[361.510s][info][gc             ] GC(297) Pause Young (Allocation Failure) 1108M->16M(3959M) 2.091ms
[361.510s][info][gc,cpu         ] GC(297) User=0.00s Sys=0.00s Real=0.00s
[362.160s][info][gc,start       ] GC(298) Pause Full (System.gc())
[362.160s][info][gc,phases,start] GC(298) Phase 1: Mark live objects
[362.186s][info][gc,phases      ] GC(298) Phase 1: Mark live objects 26.049ms
[362.186s][info][gc,phases,start] GC(298) Phase 2: Compute new object addresses
[362.276s][info][gc,phases      ] GC(298) Phase 2: Compute new object addresses 89.227ms
[362.276s][info][gc,phases,start] GC(298) Phase 3: Adjust pointers
[362.291s][info][gc,phases      ] GC(298) Phase 3: Adjust pointers 14.856ms
[362.291s][info][gc,phases,start] GC(298) Phase 4: Move objects
[362.291s][info][gc,phases      ] GC(298) Phase 4: Move objects 0.111ms
[362.291s][info][gc,heap        ] GC(298) DefNew: 531590K(1258304K)->0K(1258304K) Eden: 531074K(1118528K)->0K(1118528K) From: 515K(139776K)->0K(139776K)
[362.291s][info][gc,heap        ] GC(298) Tenured: 15993K(2796224K)->16258K(2796224K)
[362.291s][info][gc,metaspace   ] GC(298) Metaspace: 53830K(54336K)->53830K(54336K) NonClass: 46384K(46656K)->46384K(46656K) Class: 7446K(7680K)->7446K(7680K)
[362.291s][info][gc             ] GC(298) Pause Full (System.gc()) 534M->15M(3959M) 130.614ms
[362.291s][info][gc,cpu         ] GC(298) User=0.14s Sys=0.00s Real=0.13s
[363.639s][info][gc,start       ] GC(299) Pause Young (Allocation Failure)
[363.641s][info][gc,heap        ] GC(299) DefNew: 1118528K(1258304K)->457K(1258304K) Eden: 1118528K(1118528K)->0K(1118528K) From: 0K(139776K)->457K(139776K)
[363.641s][info][gc,heap        ] GC(299) Tenured: 16258K(2796224K)->16258K(2796224K)
[363.641s][info][gc,metaspace   ] GC(299) Metaspace: 53835K(54336K)->53835K(54336K) NonClass: 46389K(46656K)->46389K(46656K) Class: 7446K(7680K)->7446K(7680K)
[363.641s][info][gc             ] GC(299) Pause Young (Allocation Failure) 1108M->16M(3959M) 2.107ms
[363.641s][info][gc,cpu         ] GC(299) User=0.00s Sys=0.00s Real=0.00s
[365.016s][info][gc,start       ] GC(300) Pause Young (Allocation Failure)
[365.018s][info][gc,heap        ] GC(300) DefNew: 1118985K(1258304K)->463K(1258304K) Eden: 1118528K(1118528K)->0K(1118528K) From: 457K(139776K)->463K(139776K)
[365.018s][info][gc,heap        ] GC(300) Tenured: 16258K(2796224K)->16258K(2796224K)
[365.018s][info][gc,metaspace   ] GC(300) Metaspace: 53835K(54336K)->53835K(54336K) NonClass: 46389K(46656K)->46389K(46656K) Class: 7446K(7680K)->7446K(7680K)
[365.018s][info][gc             ] GC(300) Pause Young (Allocation Failure) 1108M->16M(3959M) 1.827ms
[365.018s][info][gc,cpu         ] GC(300) User=0.00s Sys=0.00s Real=0.00s
[365.689s][info][gc,heap,exit   ] Heap
[365.689s][info][gc,heap,exit   ]  def new generation   total 1258304K, used 527810K [0x0000000700000000, 0x0000000755550000, 0x0000000755550000)
[365.689s][info][gc,heap,exit   ]   eden space 1118528K,  47% used [0x0000000700000000, 0x00000007202fcb10, 0x0000000744450000)
[365.689s][info][gc,heap,exit   ]   from space 139776K,   0% used [0x0000000744450000, 0x00000007444c3eb8, 0x000000074ccd0000)
[365.689s][info][gc,heap,exit   ]   to   space 139776K,   0% used [0x000000074ccd0000, 0x000000074ccd0000, 0x0000000755550000)
[365.689s][info][gc,heap,exit   ]  tenured generation   total 2796224K, used 16258K [0x0000000755550000, 0x0000000800000000, 0x0000000800000000)
[365.689s][info][gc,heap,exit   ]    the space 2796224K,   0% used [0x0000000755550000, 0x00000007565309f0, 0x0000000756530a00, 0x0000000800000000)
[365.689s][info][gc,heap,exit   ]  Metaspace       used 53915K, committed 54400K, reserved 1114112K
[365.689s][info][gc,heap,exit   ]   class space    used 7468K, committed 7744K, reserved 1048576K
