OpenJDK 64-Bit Server VM (25.422-b05) for windows-amd64 JRE (1.8.0_422-422-b05), built on Jul 18 2024 05:34:18 by "Administrator" with MS VC++ 16.10 / 16.11 (VS2019)
Memory: 4k page, physical 15965620k(11149296k free), swap 19635636k(12927460k free)
CommandLine flags: -XX:InitialHeapSize=4294967296 -XX:MaxHeapSize=4294967296 -XX:+PrintGC -XX:+PrintGCApplicationConcurrentTime -XX:+PrintGCApplicationStoppedTime -XX:+PrintGCDateStamps -XX:+PrintGCDetails -XX:+PrintGCTimeStamps -XX:+UnlockExperimentalVMOptions -XX:+UseCompressedClassPointers -XX:+UseCompressedOops -XX:-UseLargePagesIndividualAllocation -XX:+UseSerialGC 
2024-10-04T02:45:10.910+0300: 0.069: Application time: 0.0175366 seconds
2024-10-04T02:45:10.910+0300: 0.069: Total time for which application threads were stopped: 0.0001039 seconds, Stopping threads took: 0.0000413 seconds
2024-10-04T02:45:10.926+0300: 0.077: Application time: 0.0082072 seconds
2024-10-04T02:45:10.926+0300: 0.077: Total time for which application threads were stopped: 0.0000754 seconds, Stopping threads took: 0.0000272 seconds
2024-10-04T02:45:11.099+0300: 0.252: Application time: 0.1749875 seconds
2024-10-04T02:45:11.099+0300: 0.252: [Full GC (System.gc()) 2024-10-04T02:45:11.099+0300: 0.252: [Tenured: 0K->3705K(2796224K), 0.0099951 secs] 89482K->3705K(4054528K), [Metaspace: 7096K->7096K(1056768K)], 0.0101652 secs] [Times: user=0.00 sys=0.00, real=0.02 secs] 
2024-10-04T02:45:11.114+0300: 0.262: Total time for which application threads were stopped: 0.0103519 seconds, Stopping threads took: 0.0000392 seconds
2024-10-04T02:45:11.114+0300: 0.263: Application time: 0.0001215 seconds
2024-10-04T02:45:11.114+0300: 0.263: [Full GC (System.gc()) 2024-10-04T02:45:11.114+0300: 0.263: [Tenured: 3705K->3705K(2796224K), 0.0055445 secs] 3705K->3705K(4054528K), [Metaspace: 7096K->7096K(1056768K)], 0.0056088 secs] [Times: user=0.00 sys=0.00, real=0.00 secs] 
2024-10-04T02:45:11.114+0300: 0.268: Total time for which application threads were stopped: 0.0057091 seconds, Stopping threads took: 0.0000315 seconds
2024-10-04T02:45:11.177+0300: 0.329: Application time: 0.0611052 seconds
2024-10-04T02:45:11.177+0300: 0.330: Total time for which application threads were stopped: 0.0001367 seconds, Stopping threads took: 0.0000250 seconds
2024-10-04T02:45:11.255+0300: 0.405: Application time: 0.0758597 seconds
2024-10-04T02:45:11.255+0300: 0.406: Total time for which application threads were stopped: 0.0001527 seconds, Stopping threads took: 0.0000191 seconds
2024-10-04T02:45:11.255+0300: 0.416: Application time: 0.0103735 seconds
2024-10-04T02:45:11.255+0300: 0.416: Total time for which application threads were stopped: 0.0001858 seconds, Stopping threads took: 0.0000228 seconds
2024-10-04T02:45:11.428+0300: 0.580: Application time: 0.1638134 seconds
2024-10-04T02:45:11.428+0300: 0.580: Total time for which application threads were stopped: 0.0001832 seconds, Stopping threads took: 0.0000592 seconds
2024-10-04T02:45:11.444+0300: 0.604: Application time: 0.0237752 seconds
2024-10-04T02:45:11.444+0300: 0.604: Total time for which application threads were stopped: 0.0003147 seconds, Stopping threads took: 0.0000446 seconds
2024-10-04T02:45:12.136+0300: 1.293: Application time: 0.6892689 seconds
2024-10-04T02:45:12.136+0300: 1.294: Total time for which application threads were stopped: 0.0003163 seconds, Stopping threads took: 0.0000299 seconds
2024-10-04T02:45:12.230+0300: 1.376: Application time: 0.0825806 seconds
2024-10-04T02:45:12.230+0300: 1.377: Total time for which application threads were stopped: 0.0002907 seconds, Stopping threads took: 0.0000346 seconds
2024-10-04T02:45:13.235+0300: 2.380: Application time: 1.0032774 seconds
2024-10-04T02:45:13.235+0300: 2.380: Total time for which application threads were stopped: 0.0001551 seconds, Stopping threads took: 0.0000339 seconds
2024-10-04T02:45:13.706+0300: 2.854: Application time: 0.4738694 seconds
2024-10-04T02:45:13.706+0300: 2.854: Total time for which application threads were stopped: 0.0004070 seconds, Stopping threads took: 0.0000220 seconds
2024-10-04T02:45:13.979+0300: 3.125: Application time: 0.2707526 seconds
2024-10-04T02:45:13.979+0300: 3.126: Total time for which application threads were stopped: 0.0004888 seconds, Stopping threads took: 0.0000401 seconds
2024-10-04T02:45:14.665+0300: 3.826: Application time: 0.6999795 seconds
2024-10-04T02:45:14.681+0300: 3.826: Total time for which application threads were stopped: 0.0005334 seconds, Stopping threads took: 0.0002957 seconds
2024-10-04T02:45:14.947+0300: 4.093: Application time: 0.2664994 seconds
2024-10-04T02:45:14.947+0300: 4.093: Total time for which application threads were stopped: 0.0004057 seconds, Stopping threads took: 0.0001885 seconds
2024-10-04T02:45:15.683+0300: 4.831: Application time: 0.7378715 seconds
2024-10-04T02:45:15.683+0300: 4.831: Total time for which application threads were stopped: 0.0002553 seconds, Stopping threads took: 0.0000446 seconds
2024-10-04T02:45:16.692+0300: 5.837: Application time: 1.0060630 seconds
2024-10-04T02:45:16.692+0300: 5.837: Total time for which application threads were stopped: 0.0002247 seconds, Stopping threads took: 0.0000798 seconds
2024-10-04T02:45:17.698+0300: 6.844: Application time: 1.0060831 seconds
2024-10-04T02:45:17.698+0300: 6.844: Total time for which application threads were stopped: 0.0001624 seconds, Stopping threads took: 0.0000231 seconds
2024-10-04T02:45:18.704+0300: 7.849: Application time: 1.0048827 seconds
2024-10-04T02:45:18.704+0300: 7.849: Total time for which application threads were stopped: 0.0001150 seconds, Stopping threads took: 0.0000667 seconds
2024-10-04T02:45:19.708+0300: 8.853: Application time: 1.0040498 seconds
2024-10-04T02:45:19.708+0300: 8.853: Total time for which application threads were stopped: 0.0001022 seconds, Stopping threads took: 0.0000267 seconds
2024-10-04T02:45:20.711+0300: 9.857: Application time: 1.0038682 seconds
2024-10-04T02:45:20.711+0300: 9.857: Total time for which application threads were stopped: 0.0000791 seconds, Stopping threads took: 0.0000295 seconds
2024-10-04T02:45:21.717+0300: 10.862: Application time: 1.0049210 seconds
2024-10-04T02:45:21.717+0300: 10.862: Total time for which application threads were stopped: 0.0001260 seconds, Stopping threads took: 0.0000228 seconds
2024-10-04T02:45:22.723+0300: 11.868: Application time: 1.0063638 seconds
2024-10-04T02:45:22.723+0300: 11.868: Total time for which application threads were stopped: 0.0000789 seconds, Stopping threads took: 0.0000252 seconds
2024-10-04T02:45:23.730+0300: 12.875: Application time: 1.0062134 seconds
2024-10-04T02:45:23.730+0300: 12.875: Total time for which application threads were stopped: 0.0001158 seconds, Stopping threads took: 0.0000262 seconds
2024-10-04T02:45:24.735+0300: 13.880: Application time: 1.0054082 seconds
2024-10-04T02:45:24.735+0300: 13.881: Total time for which application threads were stopped: 0.0004578 seconds, Stopping threads took: 0.0000489 seconds
2024-10-04T02:45:25.740+0300: 14.885: Application time: 1.0039382 seconds
2024-10-04T02:45:25.740+0300: 14.885: Total time for which application threads were stopped: 0.0000995 seconds, Stopping threads took: 0.0000397 seconds
2024-10-04T02:45:26.744+0300: 15.889: Application time: 1.0045476 seconds
2024-10-04T02:45:26.744+0300: 15.889: Total time for which application threads were stopped: 0.0000994 seconds, Stopping threads took: 0.0000250 seconds
2024-10-04T02:45:28.756+0300: 17.901: Application time: 2.0115731 seconds
2024-10-04T02:45:28.756+0300: 17.901: Total time for which application threads were stopped: 0.0001057 seconds, Stopping threads took: 0.0000278 seconds
2024-10-04T02:45:29.760+0300: 18.905: Application time: 1.0043392 seconds
2024-10-04T02:45:29.760+0300: 18.906: Total time for which application threads were stopped: 0.0000894 seconds, Stopping threads took: 0.0000371 seconds
2024-10-04T02:45:30.765+0300: 19.910: Application time: 1.0046986 seconds
2024-10-04T02:45:30.765+0300: 19.910: Total time for which application threads were stopped: 0.0000846 seconds, Stopping threads took: 0.0000546 seconds
2024-10-04T02:45:31.771+0300: 20.916: Application time: 1.0055392 seconds
2024-10-04T02:45:31.771+0300: 20.916: Total time for which application threads were stopped: 0.0001089 seconds, Stopping threads took: 0.0000363 seconds
2024-10-04T02:45:32.776+0300: 21.921: Application time: 1.0051516 seconds
2024-10-04T02:45:32.776+0300: 21.921: Total time for which application threads were stopped: 0.0001464 seconds, Stopping threads took: 0.0000339 seconds
2024-10-04T02:45:32.949+0300: 22.100: Application time: 0.1786011 seconds
2024-10-04T02:45:32.965+0300: 22.110: Total time for which application threads were stopped: 0.0106145 seconds, Stopping threads took: 0.0104440 seconds
2024-10-04T02:45:33.106+0300: 22.252: Application time: 0.1414543 seconds
2024-10-04T02:45:33.106+0300: 22.252: Total time for which application threads were stopped: 0.0002968 seconds, Stopping threads took: 0.0001417 seconds
2024-10-04T02:45:33.200+0300: 22.357: Application time: 0.1044317 seconds
2024-10-04T02:45:33.200+0300: 22.357: Total time for which application threads were stopped: 0.0003224 seconds, Stopping threads took: 0.0001851 seconds
2024-10-04T02:45:33.200+0300: 22.357: Application time: 0.0000270 seconds
2024-10-04T02:45:33.200+0300: 22.357: Total time for which application threads were stopped: 0.0000688 seconds, Stopping threads took: 0.0000400 seconds
2024-10-04T02:45:33.200+0300: 22.357: Application time: 0.0000301 seconds
2024-10-04T02:45:33.200+0300: 22.357: Total time for which application threads were stopped: 0.0000825 seconds, Stopping threads took: 0.0000461 seconds
2024-10-04T02:45:33.200+0300: 22.357: Application time: 0.0000261 seconds
2024-10-04T02:45:33.200+0300: 22.357: Total time for which application threads were stopped: 0.0000626 seconds, Stopping threads took: 0.0000337 seconds
2024-10-04T02:45:33.279+0300: 22.425: Application time: 0.0672410 seconds
2024-10-04T02:45:33.279+0300: 22.425: Total time for which application threads were stopped: 0.0002749 seconds, Stopping threads took: 0.0001705 seconds
2024-10-04T02:45:33.279+0300: 22.429: Application time: 0.0044609 seconds
2024-10-04T02:45:33.279+0300: 22.430: Total time for which application threads were stopped: 0.0001880 seconds, Stopping threads took: 0.0001271 seconds
2024-10-04T02:45:33.404+0300: 22.559: Application time: 0.1295963 seconds
2024-10-04T02:45:33.404+0300: 22.559: Total time for which application threads were stopped: 0.0003122 seconds, Stopping threads took: 0.0001395 seconds
2024-10-04T02:45:33.451+0300: 22.608: Application time: 0.0482361 seconds
2024-10-04T02:45:33.451+0300: 22.608: [GC (Allocation Failure) 2024-10-04T02:45:33.451+0300: 22.608: [DefNew: 1118528K->13974K(1258304K), 0.0145440 secs] 1122233K->17680K(4054528K), 0.0146251 secs] [Times: user=0.00 sys=0.02, real=0.02 secs] 
2024-10-04T02:45:33.467+0300: 22.623: Total time for which application threads were stopped: 0.0149294 seconds, Stopping threads took: 0.0001844 seconds
2024-10-04T02:45:33.467+0300: 22.623: Application time: 0.0002615 seconds
2024-10-04T02:45:33.467+0300: 22.623: Total time for which application threads were stopped: 0.0002915 seconds, Stopping threads took: 0.0001674 seconds
2024-10-04T02:45:33.467+0300: 22.623: Application time: 0.0000985 seconds
2024-10-04T02:45:33.467+0300: 22.624: Total time for which application threads were stopped: 0.0007380 seconds, Stopping threads took: 0.0006637 seconds
2024-10-04T02:45:33.467+0300: 22.625: Application time: 0.0005971 seconds
2024-10-04T02:45:33.467+0300: 22.625: Total time for which application threads were stopped: 0.0003014 seconds, Stopping threads took: 0.0002535 seconds
2024-10-04T02:45:33.498+0300: 22.648: Application time: 0.0235116 seconds
2024-10-04T02:45:33.498+0300: 22.649: Total time for which application threads were stopped: 0.0002595 seconds, Stopping threads took: 0.0001755 seconds
2024-10-04T02:45:33.498+0300: 22.650: Application time: 0.0010359 seconds
2024-10-04T02:45:33.498+0300: 22.650: Total time for which application threads were stopped: 0.0002388 seconds, Stopping threads took: 0.0001623 seconds
2024-10-04T02:45:33.498+0300: 22.650: Application time: 0.0000509 seconds
2024-10-04T02:45:33.498+0300: 22.650: Total time for which application threads were stopped: 0.0001141 seconds, Stopping threads took: 0.0000716 seconds
2024-10-04T02:45:33.498+0300: 22.650: Application time: 0.0000395 seconds
2024-10-04T02:45:33.498+0300: 22.650: Total time for which application threads were stopped: 0.0000969 seconds, Stopping threads took: 0.0000596 seconds
2024-10-04T02:45:33.498+0300: 22.650: Application time: 0.0000391 seconds
2024-10-04T02:45:33.498+0300: 22.650: Total time for which application threads were stopped: 0.0000951 seconds, Stopping threads took: 0.0000572 seconds
2024-10-04T02:45:33.498+0300: 22.650: Application time: 0.0000442 seconds
2024-10-04T02:45:33.498+0300: 22.651: Total time for which application threads were stopped: 0.0000908 seconds, Stopping threads took: 0.0000549 seconds
2024-10-04T02:45:33.498+0300: 22.651: Application time: 0.0000326 seconds
2024-10-04T02:45:33.498+0300: 22.651: Total time for which application threads were stopped: 0.0000801 seconds, Stopping threads took: 0.0000456 seconds
2024-10-04T02:45:33.498+0300: 22.651: Application time: 0.0000269 seconds
2024-10-04T02:45:33.498+0300: 22.651: Total time for which application threads were stopped: 0.0000625 seconds, Stopping threads took: 0.0000295 seconds
2024-10-04T02:45:33.498+0300: 22.651: Application time: 0.0000232 seconds
2024-10-04T02:45:33.498+0300: 22.651: Total time for which application threads were stopped: 0.0000729 seconds, Stopping threads took: 0.0000413 seconds
2024-10-04T02:45:33.498+0300: 22.651: Application time: 0.0000237 seconds
2024-10-04T02:45:33.498+0300: 22.651: Total time for which application threads were stopped: 0.0000823 seconds, Stopping threads took: 0.0000508 seconds
2024-10-04T02:45:33.498+0300: 22.651: Application time: 0.0000214 seconds
2024-10-04T02:45:33.498+0300: 22.651: Total time for which application threads were stopped: 0.0000771 seconds, Stopping threads took: 0.0000471 seconds
2024-10-04T02:45:33.498+0300: 22.651: Application time: 0.0000298 seconds
2024-10-04T02:45:33.498+0300: 22.651: Total time for which application threads were stopped: 0.0000776 seconds, Stopping threads took: 0.0000461 seconds
2024-10-04T02:45:33.498+0300: 22.651: Application time: 0.0000269 seconds
2024-10-04T02:45:33.498+0300: 22.651: Total time for which application threads were stopped: 0.0000707 seconds, Stopping threads took: 0.0000399 seconds
2024-10-04T02:45:33.498+0300: 22.651: Application time: 0.0000264 seconds
2024-10-04T02:45:33.498+0300: 22.651: Total time for which application threads were stopped: 0.0000697 seconds, Stopping threads took: 0.0000394 seconds
2024-10-04T02:45:33.498+0300: 22.651: Application time: 0.0000259 seconds
2024-10-04T02:45:33.498+0300: 22.652: Total time for which application threads were stopped: 0.0001881 seconds, Stopping threads took: 0.0000438 seconds
2024-10-04T02:45:34.064+0300: 23.220: Application time: 0.5686976 seconds
2024-10-04T02:45:34.064+0300: 23.221: [GC (Allocation Failure) 2024-10-04T02:45:34.064+0300: 23.221: [DefNew: 1132502K->12658K(1258304K), 0.0122940 secs] 1136208K->16363K(4054528K), 0.0124331 secs] [Times: user=0.03 sys=0.00, real=0.02 secs] 
2024-10-04T02:45:34.080+0300: 23.233: Total time for which application threads were stopped: 0.0130788 seconds, Stopping threads took: 0.0002203 seconds
2024-10-04T02:45:34.597+0300: 23.748: Application time: 0.5143306 seconds
2024-10-04T02:45:34.597+0300: 23.748: Total time for which application threads were stopped: 0.0003142 seconds, Stopping threads took: 0.0001718 seconds
2024-10-04T02:45:34.644+0300: 23.804: Application time: 0.0559749 seconds
2024-10-04T02:45:34.644+0300: 23.804: [GC (Allocation Failure) 2024-10-04T02:45:34.644+0300: 23.804: [DefNew: 1131186K->13337K(1258304K), 0.0104419 secs] 1134891K->17043K(4054528K), 0.0105222 secs] [Times: user=0.02 sys=0.00, real=0.02 secs] 
2024-10-04T02:45:34.660+0300: 23.815: Total time for which application threads were stopped: 0.0108951 seconds, Stopping threads took: 0.0001717 seconds
2024-10-04T02:45:35.209+0300: 24.362: Application time: 0.5468709 seconds
2024-10-04T02:45:35.209+0300: 24.362: [GC (Allocation Failure) 2024-10-04T02:45:35.209+0300: 24.362: [DefNew: 1131865K->12453K(1258304K), 0.0095853 secs] 1135571K->16158K(4054528K), 0.0097271 secs] [Times: user=0.02 sys=0.00, real=0.02 secs] 
2024-10-04T02:45:35.225+0300: 24.372: Total time for which application threads were stopped: 0.0100897 seconds, Stopping threads took: 0.0001862 seconds
2024-10-04T02:45:35.712+0300: 24.869: Application time: 0.4972310 seconds
2024-10-04T02:45:35.712+0300: 24.869: [GC (Allocation Failure) 2024-10-04T02:45:35.712+0300: 24.869: [DefNew: 1130981K->12615K(1258304K), 0.0091337 secs] 1134686K->16320K(4054528K), 0.0092083 secs] [Times: user=0.02 sys=0.00, real=0.02 secs] 
2024-10-04T02:45:35.730+0300: 24.879: Total time for which application threads were stopped: 0.0095696 seconds, Stopping threads took: 0.0001415 seconds
2024-10-04T02:45:36.215+0300: 25.362: Application time: 0.4831455 seconds
2024-10-04T02:45:36.215+0300: 25.362: [GC (Allocation Failure) 2024-10-04T02:45:36.215+0300: 25.362: [DefNew: 1131143K->14205K(1258304K), 0.0128377 secs] 1134848K->17910K(4054528K), 0.0129156 secs] [Times: user=0.00 sys=0.00, real=0.00 secs] 
2024-10-04T02:45:36.215+0300: 25.375: Total time for which application threads were stopped: 0.0133003 seconds, Stopping threads took: 0.0001736 seconds
2024-10-04T02:45:36.591+0300: 25.742: Application time: 0.3671078 seconds
2024-10-04T02:45:36.591+0300: 25.743: [GC (Allocation Failure) 2024-10-04T02:45:36.591+0300: 25.743: [DefNew: 1132733K->12459K(1258304K), 0.0095304 secs] 1136438K->16164K(4054528K), 0.0096021 secs] [Times: user=0.00 sys=0.00, real=0.02 secs] 
2024-10-04T02:45:36.607+0300: 25.752: Total time for which application threads were stopped: 0.0099279 seconds, Stopping threads took: 0.0001760 seconds
2024-10-04T02:45:36.984+0300: 26.135: Application time: 0.3829223 seconds
2024-10-04T02:45:36.984+0300: 26.135: [GC (Allocation Failure) 2024-10-04T02:45:36.984+0300: 26.135: [DefNew: 1130987K->12610K(1258304K), 0.0097807 secs] 1134692K->16315K(4054528K), 0.0098584 secs] [Times: user=0.00 sys=0.00, real=0.02 secs] 
2024-10-04T02:45:37.000+0300: 26.145: Total time for which application threads were stopped: 0.0101646 seconds, Stopping threads took: 0.0001709 seconds
2024-10-04T02:45:37.345+0300: 26.493: Application time: 0.3481767 seconds
2024-10-04T02:45:37.345+0300: 26.494: [GC (Allocation Failure) 2024-10-04T02:45:37.345+0300: 26.494: [DefNew: 1131138K->12648K(1258304K), 0.0092656 secs] 1134843K->16353K(4054528K), 0.0093342 secs] [Times: user=0.00 sys=0.00, real=0.00 secs] 
2024-10-04T02:45:37.345+0300: 26.503: Total time for which application threads were stopped: 0.0096185 seconds, Stopping threads took: 0.0001444 seconds
2024-10-04T02:45:37.690+0300: 26.844: Application time: 0.3405563 seconds
2024-10-04T02:45:37.690+0300: 26.844: [GC (Allocation Failure) 2024-10-04T02:45:37.690+0300: 26.844: [DefNew: 1131176K->12855K(1258304K), 0.0093105 secs] 1134881K->16560K(4054528K), 0.0093804 secs] [Times: user=0.00 sys=0.00, real=0.02 secs] 
2024-10-04T02:45:37.707+0300: 26.853: Total time for which application threads were stopped: 0.0096444 seconds, Stopping threads took: 0.0001409 seconds
2024-10-04T02:45:38.067+0300: 27.213: Application time: 0.3593932 seconds
2024-10-04T02:45:38.067+0300: 27.213: [GC (Allocation Failure) 2024-10-04T02:45:38.067+0300: 27.213: [DefNew: 1131383K->12905K(1258304K), 0.0094093 secs] 1135088K->16611K(4054528K), 0.0094680 secs] [Times: user=0.00 sys=0.00, real=0.00 secs] 
2024-10-04T02:45:38.067+0300: 27.222: Total time for which application threads were stopped: 0.0097434 seconds, Stopping threads took: 0.0001390 seconds
2024-10-04T02:45:38.413+0300: 27.561: Application time: 0.3384214 seconds
2024-10-04T02:45:38.413+0300: 27.561: [GC (Allocation Failure) 2024-10-04T02:45:38.413+0300: 27.561: [DefNew: 1131433K->14245K(1258304K), 0.0110074 secs] 1135139K->17951K(4054528K), 0.0110828 secs] [Times: user=0.00 sys=0.00, real=0.00 secs] 
2024-10-04T02:45:38.413+0300: 27.572: Total time for which application threads were stopped: 0.0113784 seconds, Stopping threads took: 0.0001456 seconds
2024-10-04T02:45:38.758+0300: 27.912: Application time: 0.3400903 seconds
2024-10-04T02:45:38.758+0300: 27.913: [GC (Allocation Failure) 2024-10-04T02:45:38.758+0300: 27.913: [DefNew: 1132773K->12469K(1258304K), 0.0093869 secs] 1136479K->16174K(4054528K), 0.0094599 secs] [Times: user=0.00 sys=0.00, real=0.02 secs] 
2024-10-04T02:45:38.774+0300: 27.922: Total time for which application threads were stopped: 0.0097465 seconds, Stopping threads took: 0.0001589 seconds
2024-10-04T02:45:39.135+0300: 28.281: Application time: 0.3587010 seconds
2024-10-04T02:45:39.135+0300: 28.281: [GC (Allocation Failure) 2024-10-04T02:45:39.135+0300: 28.281: [DefNew: 1130997K->12448K(1258304K), 0.0092959 secs] 1134702K->16153K(4054528K), 0.0093670 secs] [Times: user=0.00 sys=0.00, real=0.00 secs] 
2024-10-04T02:45:39.139+0300: 28.290: Total time for which application threads were stopped: 0.0096596 seconds, Stopping threads took: 0.0001666 seconds
2024-10-04T02:45:39.496+0300: 28.654: Application time: 0.3637937 seconds
2024-10-04T02:45:39.496+0300: 28.654: [GC (Allocation Failure) 2024-10-04T02:45:39.496+0300: 28.655: [DefNew: 1130976K->12518K(1258304K), 0.0092101 secs] 1134681K->16223K(4054528K), 0.0092839 secs] [Times: user=0.00 sys=0.00, real=0.02 secs] 
2024-10-04T02:45:39.512+0300: 28.664: Total time for which application threads were stopped: 0.0095746 seconds, Stopping threads took: 0.0001808 seconds
2024-10-04T02:45:39.841+0300: 29.001: Application time: 0.3370353 seconds
2024-10-04T02:45:39.841+0300: 29.001: [GC (Allocation Failure) 2024-10-04T02:45:39.841+0300: 29.001: [DefNew: 1131046K->6023K(1258304K), 0.0114590 secs] 1134751K->16625K(4054528K), 0.0115335 secs] [Times: user=0.00 sys=0.00, real=0.02 secs] 
2024-10-04T02:45:39.857+0300: 29.013: Total time for which application threads were stopped: 0.0119227 seconds, Stopping threads took: 0.0002371 seconds
2024-10-04T02:45:40.218+0300: 29.365: Application time: 0.3521155 seconds
2024-10-04T02:45:40.218+0300: 29.365: [GC (Allocation Failure) 2024-10-04T02:45:40.218+0300: 29.365: [DefNew: 1124551K->5768K(1258304K), 0.0035573 secs] 1135153K->16373K(4054528K), 0.0036277 secs] [Times: user=0.00 sys=0.00, real=0.00 secs] 
2024-10-04T02:45:40.218+0300: 29.369: Total time for which application threads were stopped: 0.0039322 seconds, Stopping threads took: 0.0001717 seconds
2024-10-04T02:45:40.579+0300: 29.739: Application time: 0.3705053 seconds
2024-10-04T02:45:40.579+0300: 29.740: [GC (Allocation Failure) 2024-10-04T02:45:40.579+0300: 29.740: [DefNew: 1124296K->5881K(1258304K), 0.0042093 secs] 1134901K->16492K(4054528K), 0.0042870 secs] [Times: user=0.00 sys=0.00, real=0.02 secs] 
2024-10-04T02:45:40.595+0300: 29.744: Total time for which application threads were stopped: 0.0046627 seconds, Stopping threads took: 0.0002391 seconds
2024-10-04T02:45:40.944+0300: 30.098: Application time: 0.3543240 seconds
2024-10-04T02:45:40.944+0300: 30.099: [GC (Allocation Failure) 2024-10-04T02:45:40.944+0300: 30.099: [DefNew: 1124409K->6070K(1258304K), 0.0036885 secs] 1135020K->16690K(4054528K), 0.0037629 secs] [Times: user=0.00 sys=0.00, real=0.01 secs] 
2024-10-04T02:45:40.956+0300: 30.102: Total time for which application threads were stopped: 0.0041493 seconds, Stopping threads took: 0.0001979 seconds
2024-10-04T02:45:41.301+0300: 30.460: Application time: 0.3579127 seconds
2024-10-04T02:45:41.301+0300: 30.461: [GC (Allocation Failure) 2024-10-04T02:45:41.301+0300: 30.461: [DefNew: 1124598K->5541K(1258304K), 0.0034863 secs] 1135218K->16162K(4054528K), 0.0035656 secs] [Times: user=0.01 sys=0.00, real=0.02 secs] 
2024-10-04T02:45:41.317+0300: 30.464: Total time for which application threads were stopped: 0.0039600 seconds, Stopping threads took: 0.0001741 seconds
2024-10-04T02:45:41.647+0300: 30.795: Application time: 0.3303852 seconds
2024-10-04T02:45:41.647+0300: 30.795: [GC (Allocation Failure) 2024-10-04T02:45:41.647+0300: 30.795: [DefNew: 1124069K->7783K(1258304K), 0.0057939 secs] 1134690K->18406K(4054528K), 0.0058721 secs] [Times: user=0.00 sys=0.00, real=0.00 secs] 
2024-10-04T02:45:41.647+0300: 30.801: Total time for which application threads were stopped: 0.0061580 seconds, Stopping threads took: 0.0001381 seconds
2024-10-04T02:45:41.992+0300: 31.145: Application time: 0.3440600 seconds
2024-10-04T02:45:41.992+0300: 31.145: [GC (Allocation Failure) 2024-10-04T02:45:41.992+0300: 31.145: [DefNew: 1126311K->6259K(1258304K), 0.0036009 secs] 1136934K->16884K(4054528K), 0.0036715 secs] [Times: user=0.00 sys=0.00, real=0.00 secs] 
2024-10-04T02:45:41.992+0300: 31.149: Total time for which application threads were stopped: 0.0039906 seconds, Stopping threads took: 0.0001854 seconds
2024-10-04T02:45:42.322+0300: 31.478: Application time: 0.3293119 seconds
2024-10-04T02:45:42.322+0300: 31.479: [GC (Allocation Failure) 2024-10-04T02:45:42.322+0300: 31.479: [DefNew: 1124787K->5583K(1258304K), 0.0031150 secs] 1135412K->16208K(4054528K), 0.0031882 secs] [Times: user=0.00 sys=0.00, real=0.00 secs] 
2024-10-04T02:45:42.322+0300: 31.482: Total time for which application threads were stopped: 0.0034962 seconds, Stopping threads took: 0.0001686 seconds
2024-10-04T02:45:42.667+0300: 31.818: Application time: 0.3360819 seconds
2024-10-04T02:45:42.667+0300: 31.818: [GC (Allocation Failure) 2024-10-04T02:45:42.667+0300: 31.818: [DefNew: 1124111K->5848K(1258304K), 0.0033691 secs] 1134736K->16474K(4054528K), 0.0034382 secs] [Times: user=0.00 sys=0.00, real=0.00 secs] 
2024-10-04T02:45:42.667+0300: 31.822: Total time for which application threads were stopped: 0.0037289 seconds, Stopping threads took: 0.0001670 seconds
2024-10-04T02:45:42.997+0300: 32.155: Application time: 0.3331033 seconds
2024-10-04T02:45:42.997+0300: 32.155: [GC (Allocation Failure) 2024-10-04T02:45:42.997+0300: 32.155: [DefNew: 1124376K->6424K(1258304K), 0.0039089 secs] 1135002K->17051K(4054528K), 0.0039739 secs] [Times: user=0.00 sys=0.00, real=0.02 secs] 
2024-10-04T02:45:43.012+0300: 32.159: Total time for which application threads were stopped: 0.0043339 seconds, Stopping threads took: 0.0002197 seconds
2024-10-04T02:45:43.342+0300: 32.487: Application time: 0.3283321 seconds
2024-10-04T02:45:43.342+0300: 32.488: [GC (Allocation Failure) 2024-10-04T02:45:43.342+0300: 32.488: [DefNew: 1124952K->6914K(1258304K), 0.0043498 secs] 1135579K->17541K(4054528K), 0.0044175 secs] [Times: user=0.00 sys=0.00, real=0.00 secs] 
2024-10-04T02:45:43.342+0300: 32.492: Total time for which application threads were stopped: 0.0048978 seconds, Stopping threads took: 0.0003500 seconds
2024-10-04T02:45:43.688+0300: 32.834: Application time: 0.3418901 seconds
2024-10-04T02:45:43.688+0300: 32.834: [GC (Allocation Failure) 2024-10-04T02:45:43.688+0300: 32.834: [DefNew: 1125442K->6323K(1258304K), 0.0035948 secs] 1136069K->16952K(4054528K), 0.0036641 secs] [Times: user=0.00 sys=0.00, real=0.00 secs] 
2024-10-04T02:45:43.688+0300: 32.838: Total time for which application threads were stopped: 0.0039775 seconds, Stopping threads took: 0.0001818 seconds
2024-10-04T02:45:44.033+0300: 33.186: Application time: 0.3479216 seconds
2024-10-04T02:45:44.033+0300: 33.186: [GC (Allocation Failure) 2024-10-04T02:45:44.033+0300: 33.186: [DefNew: 1124851K->5550K(1258304K), 0.0032496 secs] 1135480K->16178K(4054528K), 0.0033372 secs] [Times: user=0.00 sys=0.00, real=0.00 secs] 
2024-10-04T02:45:44.033+0300: 33.190: Total time for which application threads were stopped: 0.0036124 seconds, Stopping threads took: 0.0001448 seconds
2024-10-04T02:45:44.363+0300: 33.520: Application time: 0.3299015 seconds
2024-10-04T02:45:44.363+0300: 33.520: [GC (Allocation Failure) 2024-10-04T02:45:44.363+0300: 33.520: [DefNew: 1124078K->5504K(1258304K), 0.0031429 secs] 1134706K->16134K(4054528K), 0.0032211 secs] [Times: user=0.00 sys=0.00, real=0.00 secs] 
2024-10-04T02:45:44.363+0300: 33.523: Total time for which application threads were stopped: 0.0035294 seconds, Stopping threads took: 0.0001648 seconds
2024-10-04T02:45:44.693+0300: 33.853: Application time: 0.3296733 seconds
2024-10-04T02:45:44.693+0300: 33.853: [GC (Allocation Failure) 2024-10-04T02:45:44.693+0300: 33.853: [DefNew: 1124032K->5554K(1258304K), 0.0032218 secs] 1134662K->16183K(4054528K), 0.0032957 secs] [Times: user=0.00 sys=0.00, real=0.01 secs] 
2024-10-04T02:45:44.708+0300: 33.856: Total time for which application threads were stopped: 0.0036180 seconds, Stopping threads took: 0.0001896 seconds
2024-10-04T02:45:45.038+0300: 34.195: Application time: 0.3381465 seconds
2024-10-04T02:45:45.038+0300: 34.195: [GC (Allocation Failure) 2024-10-04T02:45:45.038+0300: 34.195: [DefNew: 1124082K->7431K(1258304K), 0.0052721 secs] 1134711K->18061K(4054528K), 0.0053516 secs] [Times: user=0.02 sys=0.00, real=0.02 secs] 
2024-10-04T02:45:45.054+0300: 34.200: Total time for which application threads were stopped: 0.0057761 seconds, Stopping threads took: 0.0002600 seconds
2024-10-04T02:45:45.383+0300: 34.539: Application time: 0.3387233 seconds
2024-10-04T02:45:45.383+0300: 34.539: [GC (Allocation Failure) 2024-10-04T02:45:45.383+0300: 34.539: [DefNew: 1125959K->8175K(1258304K), 0.0055325 secs] 1136589K->18806K(4054528K), 0.0056117 secs] [Times: user=0.00 sys=0.00, real=0.02 secs] 
2024-10-04T02:45:45.399+0300: 34.545: Total time for which application threads were stopped: 0.0059115 seconds, Stopping threads took: 0.0001650 seconds
2024-10-04T02:45:45.744+0300: 34.891: Application time: 0.3461436 seconds
2024-10-04T02:45:45.744+0300: 34.891: [GC (Allocation Failure) 2024-10-04T02:45:45.744+0300: 34.891: [DefNew: 1126703K->7346K(1258304K), 0.0054550 secs] 1137334K->17977K(4054528K), 0.0055237 secs] [Times: user=0.00 sys=0.00, real=0.00 secs] 
2024-10-04T02:45:45.744+0300: 34.897: Total time for which application threads were stopped: 0.0057891 seconds, Stopping threads took: 0.0001445 seconds
2024-10-04T02:45:46.089+0300: 35.245: Application time: 0.3481341 seconds
2024-10-04T02:45:46.089+0300: 35.245: [GC (Allocation Failure) 2024-10-04T02:45:46.089+0300: 35.245: [DefNew: 1125874K->5622K(1258304K), 0.0037064 secs] 1136505K->16253K(4054528K), 0.0037856 secs] [Times: user=0.00 sys=0.00, real=0.00 secs] 
2024-10-04T02:45:46.089+0300: 35.249: Total time for which application threads were stopped: 0.0041541 seconds, Stopping threads took: 0.0002226 seconds
2024-10-04T02:45:46.435+0300: 35.588: Application time: 0.3385163 seconds
2024-10-04T02:45:46.435+0300: 35.588: [GC (Allocation Failure) 2024-10-04T02:45:46.435+0300: 35.588: [DefNew: 1124150K->5716K(1258304K), 0.0034842 secs] 1134781K->16348K(4054528K), 0.0035548 secs] [Times: user=0.00 sys=0.00, real=0.00 secs] 
2024-10-04T02:45:46.435+0300: 35.592: Total time for which application threads were stopped: 0.0038468 seconds, Stopping threads took: 0.0001644 seconds
2024-10-04T02:45:46.780+0300: 35.926: Application time: 0.3345046 seconds
2024-10-04T02:45:46.780+0300: 35.926: [GC (Allocation Failure) 2024-10-04T02:45:46.780+0300: 35.926: [DefNew: 1124244K->7394K(1258304K), 0.0049729 secs] 1134876K->18026K(4054528K), 0.0050377 secs] [Times: user=0.00 sys=0.00, real=0.00 secs] 
2024-10-04T02:45:46.780+0300: 35.931: Total time for which application threads were stopped: 0.0052821 seconds, Stopping threads took: 0.0001298 seconds
2024-10-04T02:45:47.110+0300: 36.270: Application time: 0.3383640 seconds
2024-10-04T02:45:47.110+0300: 36.270: [GC (Allocation Failure) 2024-10-04T02:45:47.110+0300: 36.270: [DefNew: 1125922K->7624K(1258304K), 0.0056082 secs] 1136554K->18256K(4054528K), 0.0056842 secs] [Times: user=0.00 sys=0.00, real=0.02 secs] 
2024-10-04T02:45:47.125+0300: 36.276: Total time for which application threads were stopped: 0.0059583 seconds, Stopping threads took: 0.0001487 seconds
2024-10-04T02:45:47.471+0300: 36.620: Application time: 0.3439741 seconds
2024-10-04T02:45:47.471+0300: 36.620: [GC (Allocation Failure) 2024-10-04T02:45:47.471+0300: 36.620: [DefNew: 1126152K->5533K(1258304K), 0.0031222 secs] 1136784K->16166K(4054528K), 0.0032718 secs] [Times: user=0.00 sys=0.00, real=0.00 secs] 
2024-10-04T02:45:47.471+0300: 36.623: Total time for which application threads were stopped: 0.0035865 seconds, Stopping threads took: 0.0001528 seconds
2024-10-04T02:45:47.817+0300: 36.963: Application time: 0.3397846 seconds
2024-10-04T02:45:47.817+0300: 36.963: [GC (Allocation Failure) 2024-10-04T02:45:47.817+0300: 36.963: [DefNew: 1124061K->7533K(1258304K), 0.0057474 secs] 1134694K->18166K(4054528K), 0.0058156 secs] [Times: user=0.00 sys=0.00, real=0.00 secs] 
2024-10-04T02:45:47.817+0300: 36.969: Total time for which application threads were stopped: 0.0060656 seconds, Stopping threads took: 0.0001385 seconds
2024-10-04T02:45:48.147+0300: 37.303: Application time: 0.3341450 seconds
2024-10-04T02:45:48.147+0300: 37.304: [GC (Allocation Failure) 2024-10-04T02:45:48.147+0300: 37.304: [DefNew: 1126061K->5796K(1258304K), 0.0035849 secs] 1136694K->16430K(4054528K), 0.0036589 secs] [Times: user=0.00 sys=0.00, real=0.01 secs] 
2024-10-04T02:45:48.161+0300: 37.307: Total time for which application threads were stopped: 0.0039722 seconds, Stopping threads took: 0.0001802 seconds
2024-10-04T02:45:48.351+0300: 37.503: Application time: 0.1956058 seconds
2024-10-04T02:45:48.351+0300: 37.503: Total time for which application threads were stopped: 0.0002597 seconds, Stopping threads took: 0.0001918 seconds
2024-10-04T02:45:48.508+0300: 37.662: Application time: 0.1587990 seconds
2024-10-04T02:45:48.508+0300: 37.662: [GC (Allocation Failure) 2024-10-04T02:45:48.508+0300: 37.662: [DefNew: 1124324K->5730K(1258304K), 0.0030788 secs] 1134958K->16364K(4054528K), 0.0031514 secs] [Times: user=0.00 sys=0.00, real=0.00 secs] 
2024-10-04T02:45:48.508+0300: 37.665: Total time for which application threads were stopped: 0.0034455 seconds, Stopping threads took: 0.0001771 seconds
2024-10-04T02:45:48.539+0300: 37.697: Application time: 0.0316949 seconds
2024-10-04T02:45:48.539+0300: 37.697: Total time for which application threads were stopped: 0.0002503 seconds, Stopping threads took: 0.0001514 seconds
2024-10-04T02:45:48.586+0300: 37.734: Application time: 0.0368839 seconds
2024-10-04T02:45:48.586+0300: 37.734: Total time for which application threads were stopped: 0.0002276 seconds, Stopping threads took: 0.0001443 seconds
2024-10-04T02:45:48.743+0300: 37.895: Application time: 0.1608417 seconds
2024-10-04T02:45:48.743+0300: 37.896: Total time for which application threads were stopped: 0.0004045 seconds, Stopping threads took: 0.0003729 seconds
2024-10-04T02:45:48.743+0300: 37.900: Application time: 0.0039169 seconds
2024-10-04T02:45:48.743+0300: 37.900: Total time for which application threads were stopped: 0.0002205 seconds, Stopping threads took: 0.0001136 seconds
2024-10-04T02:45:48.743+0300: 37.900: Application time: 0.0001302 seconds
2024-10-04T02:45:48.743+0300: 37.900: Total time for which application threads were stopped: 0.0001372 seconds, Stopping threads took: 0.0000905 seconds
2024-10-04T02:45:48.743+0300: 37.903: Application time: 0.0025014 seconds
2024-10-04T02:45:48.743+0300: 37.903: Total time for which application threads were stopped: 0.0002361 seconds, Stopping threads took: 0.0001648 seconds
2024-10-04T02:45:48.853+0300: 38.005: Application time: 0.1018470 seconds
2024-10-04T02:45:48.853+0300: 38.005: Total time for which application threads were stopped: 0.0003761 seconds, Stopping threads took: 0.0002152 seconds
2024-10-04T02:45:48.853+0300: 38.005: Application time: 0.0000352 seconds
2024-10-04T02:45:48.853+0300: 38.005: Total time for which application threads were stopped: 0.0001692 seconds, Stopping threads took: 0.0000958 seconds
2024-10-04T02:45:48.869+0300: 38.018: Application time: 0.0131891 seconds
2024-10-04T02:45:48.869+0300: 38.019: Total time for which application threads were stopped: 0.0002607 seconds, Stopping threads took: 0.0001476 seconds
2024-10-04T02:45:48.869+0300: 38.019: Application time: 0.0000291 seconds
2024-10-04T02:45:48.869+0300: 38.019: Total time for which application threads were stopped: 0.0000854 seconds, Stopping threads took: 0.0000394 seconds
2024-10-04T02:45:48.869+0300: 38.024: Application time: 0.0056640 seconds
2024-10-04T02:45:48.869+0300: 38.025: Total time for which application threads were stopped: 0.0002834 seconds, Stopping threads took: 0.0002047 seconds
2024-10-04T02:45:48.869+0300: 38.025: Application time: 0.0000329 seconds
2024-10-04T02:45:48.869+0300: 38.025: Total time for which application threads were stopped: 0.0001040 seconds, Stopping threads took: 0.0000682 seconds
2024-10-04T02:45:48.885+0300: 38.035: Application time: 0.0098376 seconds
2024-10-04T02:45:48.885+0300: 38.035: Total time for which application threads were stopped: 0.0002908 seconds, Stopping threads took: 0.0001905 seconds
2024-10-04T02:45:48.885+0300: 38.035: Application time: 0.0000379 seconds
2024-10-04T02:45:48.885+0300: 38.035: Total time for which application threads were stopped: 0.0001015 seconds, Stopping threads took: 0.0000480 seconds
2024-10-04T02:45:48.885+0300: 38.037: Application time: 0.0019595 seconds
2024-10-04T02:45:48.885+0300: 38.037: Total time for which application threads were stopped: 0.0002322 seconds, Stopping threads took: 0.0001363 seconds
2024-10-04T02:45:48.885+0300: 38.037: Application time: 0.0000329 seconds
2024-10-04T02:45:48.885+0300: 38.038: Total time for which application threads were stopped: 0.0001055 seconds, Stopping threads took: 0.0000511 seconds
2024-10-04T02:45:48.994+0300: 38.141: Application time: 0.1029939 seconds
2024-10-04T02:45:48.994+0300: 38.141: [GC (Allocation Failure) 2024-10-04T02:45:48.994+0300: 38.141: [DefNew: 1124258K->7184K(1258304K), 0.0048299 secs] 1134892K->17818K(4054528K), 0.0049720 secs] [Times: user=0.00 sys=0.00, real=0.00 secs] 
2024-10-04T02:45:48.994+0300: 38.146: Total time for which application threads were stopped: 0.0052220 seconds, Stopping threads took: 0.0001339 seconds
2024-10-04T02:45:49.324+0300: 38.483: Application time: 0.3370883 seconds
2024-10-04T02:45:49.324+0300: 38.483: [GC (Allocation Failure) 2024-10-04T02:45:49.324+0300: 38.483: [DefNew: 1125712K->6711K(1258304K), 0.0039273 secs] 1136346K->17345K(4054528K), 0.0039989 secs] [Times: user=0.00 sys=0.00, real=0.02 secs] 
2024-10-04T02:45:49.339+0300: 38.487: Total time for which application threads were stopped: 0.0042695 seconds, Stopping threads took: 0.0001512 seconds
2024-10-04T02:45:49.669+0300: 38.827: Application time: 0.3396934 seconds
2024-10-04T02:45:49.669+0300: 38.827: [GC (Allocation Failure) 2024-10-04T02:45:49.669+0300: 38.827: [DefNew: 1125239K->6858K(1258304K), 0.0041372 secs] 1135873K->17493K(4054528K), 0.0042034 secs] [Times: user=0.00 sys=0.00, real=0.02 secs] 
2024-10-04T02:45:49.685+0300: 38.831: Total time for which application threads were stopped: 0.0045124 seconds, Stopping threads took: 0.0001828 seconds
2024-10-04T02:45:50.015+0300: 39.175: Application time: 0.3438487 seconds
2024-10-04T02:45:50.030+0300: 39.176: [GC (Allocation Failure) 2024-10-04T02:45:50.030+0300: 39.176: [DefNew: 1125386K->6758K(1258304K), 0.0041527 secs] 1136021K->17393K(4054528K), 0.0042248 secs] [Times: user=0.00 sys=0.00, real=0.00 secs] 
2024-10-04T02:45:50.030+0300: 39.180: Total time for which application threads were stopped: 0.0046239 seconds, Stopping threads took: 0.0002709 seconds
2024-10-04T02:45:50.366+0300: 39.513: Application time: 0.3332273 seconds
2024-10-04T02:45:50.366+0300: 39.513: [GC (Allocation Failure) 2024-10-04T02:45:50.366+0300: 39.513: [DefNew: 1125286K->6761K(1258304K), 0.0041609 secs] 1135921K->17397K(4054528K), 0.0042322 secs] [Times: user=0.00 sys=0.00, real=0.00 secs] 
2024-10-04T02:45:50.366+0300: 39.517: Total time for which application threads were stopped: 0.0044348 seconds, Stopping threads took: 0.0000892 seconds
2024-10-04T02:45:50.705+0300: 39.854: Application time: 0.3365477 seconds
2024-10-04T02:45:50.705+0300: 39.854: [GC (Allocation Failure) 2024-10-04T02:45:50.705+0300: 39.854: [DefNew: 1125289K->13940K(1258304K), 0.0140920 secs] 1135925K->24576K(4054528K), 0.0141593 secs] [Times: user=0.00 sys=0.00, real=0.02 secs] 
2024-10-04T02:45:50.721+0300: 39.868: Total time for which application threads were stopped: 0.0144733 seconds, Stopping threads took: 0.0001919 seconds
2024-10-04T02:45:51.068+0300: 40.214: Application time: 0.3457669 seconds
2024-10-04T02:45:51.068+0300: 40.215: [GC (Allocation Failure) 2024-10-04T02:45:51.068+0300: 40.215: [DefNew: 1132468K->7281K(1258304K), 0.0042439 secs] 1143104K->17917K(4054528K), 0.0043174 secs] [Times: user=0.00 sys=0.00, real=0.00 secs] 
2024-10-04T02:45:51.068+0300: 40.219: Total time for which application threads were stopped: 0.0046166 seconds, Stopping threads took: 0.0001804 seconds
2024-10-04T02:45:51.411+0300: 40.562: Application time: 0.3431820 seconds
2024-10-04T02:45:51.411+0300: 40.562: [GC (Allocation Failure) 2024-10-04T02:45:51.411+0300: 40.562: [DefNew: 1125809K->6842K(1258304K), 0.0041366 secs] 1136445K->17479K(4054528K), 0.0042050 secs] [Times: user=0.00 sys=0.00, real=0.00 secs] 
2024-10-04T02:45:51.411+0300: 40.567: Total time for which application threads were stopped: 0.0044537 seconds, Stopping threads took: 0.0001349 seconds
2024-10-04T02:45:51.741+0300: 40.899: Application time: 0.3326010 seconds
2024-10-04T02:45:51.741+0300: 40.899: [GC (Allocation Failure) 2024-10-04T02:45:51.741+0300: 40.899: [DefNew: 1125370K->6835K(1258304K), 0.0042077 secs] 1136007K->17472K(4054528K), 0.0046428 secs] [Times: user=0.00 sys=0.00, real=0.02 secs] 
2024-10-04T02:45:51.757+0300: 40.904: Total time for which application threads were stopped: 0.0050129 seconds, Stopping threads took: 0.0002086 seconds
2024-10-04T02:45:52.086+0300: 41.240: Application time: 0.3356989 seconds
2024-10-04T02:45:52.086+0300: 41.240: [GC (Allocation Failure) 2024-10-04T02:45:52.086+0300: 41.240: [DefNew: 1125363K->7133K(1258304K), 0.0045494 secs] 1136000K->17770K(4054528K), 0.0046287 secs] [Times: user=0.00 sys=0.00, real=0.00 secs] 
2024-10-04T02:45:52.086+0300: 41.245: Total time for which application threads were stopped: 0.0049050 seconds, Stopping threads took: 0.0001577 seconds
2024-10-04T02:45:52.431+0300: 41.580: Application time: 0.3356622 seconds
2024-10-04T02:45:52.431+0300: 41.581: [GC (Allocation Failure) 2024-10-04T02:45:52.431+0300: 41.581: [DefNew: 1125661K->7402K(1258304K), 0.0043214 secs] 1136298K->18039K(4054528K), 0.0043917 secs] [Times: user=0.00 sys=0.00, real=0.00 secs] 
2024-10-04T02:45:52.431+0300: 41.585: Total time for which application threads were stopped: 0.0047003 seconds, Stopping threads took: 0.0001812 seconds
2024-10-04T02:45:52.776+0300: 41.928: Application time: 0.3428182 seconds
2024-10-04T02:45:52.776+0300: 41.928: [GC (Allocation Failure) 2024-10-04T02:45:52.776+0300: 41.928: [DefNew: 1125930K->7020K(1258304K), 0.0041664 secs] 1136567K->17658K(4054528K), 0.0042338 secs] [Times: user=0.00 sys=0.00, real=0.00 secs] 
2024-10-04T02:45:52.776+0300: 41.932: Total time for which application threads were stopped: 0.0045071 seconds, Stopping threads took: 0.0001526 seconds
2024-10-04T02:45:53.122+0300: 42.281: Application time: 0.3483197 seconds
2024-10-04T02:45:53.122+0300: 42.281: [GC (Allocation Failure) 2024-10-04T02:45:53.122+0300: 42.281: [DefNew: 1125548K->6728K(1258304K), 0.0044812 secs] 1136186K->17366K(4054528K), 0.0045692 secs] [Times: user=0.02 sys=0.00, real=0.02 secs] 
2024-10-04T02:45:53.137+0300: 42.286: Total time for which application threads were stopped: 0.0049014 seconds, Stopping threads took: 0.0002012 seconds
2024-10-04T02:45:53.467+0300: 42.618: Application time: 0.3321675 seconds
2024-10-04T02:45:53.467+0300: 42.618: [GC (Allocation Failure) 2024-10-04T02:45:53.467+0300: 42.618: [DefNew: 1125256K->6692K(1258304K), 0.0039140 secs] 1135894K->17331K(4054528K), 0.0039818 secs] [Times: user=0.00 sys=0.00, real=0.01 secs] 
2024-10-04T02:45:53.473+0300: 42.622: Total time for which application threads were stopped: 0.0042287 seconds, Stopping threads took: 0.0001230 seconds
2024-10-04T02:45:53.797+0300: 42.957: Application time: 0.3348232 seconds
2024-10-04T02:45:53.797+0300: 42.957: [GC (Allocation Failure) 2024-10-04T02:45:53.797+0300: 42.957: [DefNew: 1125220K->11990K(1258304K), 0.0118083 secs] 1135859K->22706K(4054528K), 0.0118835 secs] [Times: user=0.00 sys=0.00, real=0.02 secs] 
2024-10-04T02:45:53.812+0300: 42.969: Total time for which application threads were stopped: 0.0122017 seconds, Stopping threads took: 0.0002013 seconds
2024-10-04T02:45:54.158+0300: 43.314: Application time: 0.3453724 seconds
2024-10-04T02:45:54.158+0300: 43.315: [GC (Allocation Failure) 2024-10-04T02:45:54.158+0300: 43.315: [DefNew: 1130518K->7510K(1258304K), 0.0059054 secs] 1141234K->19393K(4054528K), 0.0059768 secs] [Times: user=0.00 sys=0.00, real=0.02 secs] 
2024-10-04T02:45:54.175+0300: 43.321: Total time for which application threads were stopped: 0.0062487 seconds, Stopping threads took: 0.0001468 seconds
2024-10-04T02:45:54.520+0300: 43.670: Application time: 0.3492667 seconds
2024-10-04T02:45:54.520+0300: 43.670: [GC (Allocation Failure) 2024-10-04T02:45:54.520+0300: 43.670: [DefNew: 1126038K->5592K(1258304K), 0.0032072 secs] 1137921K->17476K(4054528K), 0.0032798 secs] [Times: user=0.00 sys=0.00, real=0.00 secs] 
2024-10-04T02:45:54.520+0300: 43.674: Total time for which application threads were stopped: 0.0036010 seconds, Stopping threads took: 0.0001979 seconds
2024-10-04T02:45:54.864+0300: 44.018: Application time: 0.3446759 seconds
2024-10-04T02:45:54.864+0300: 44.019: [GC (Allocation Failure) 2024-10-04T02:45:54.864+0300: 44.019: [DefNew: 1124120K->5753K(1258304K), 0.0038729 secs] 1136004K->17637K(4054528K), 0.0039583 secs] [Times: user=0.02 sys=0.00, real=0.01 secs] 
2024-10-04T02:45:54.877+0300: 44.023: Total time for which application threads were stopped: 0.0042910 seconds, Stopping threads took: 0.0001762 seconds
2024-10-04T02:45:55.210+0300: 44.356: Application time: 0.3334319 seconds
2024-10-04T02:45:55.210+0300: 44.356: [GC (Allocation Failure) 2024-10-04T02:45:55.210+0300: 44.356: [DefNew: 1124281K->7389K(1258304K), 0.0049537 secs] 1136165K->19274K(4054528K), 0.0050237 secs] [Times: user=0.00 sys=0.00, real=0.00 secs] 
2024-10-04T02:45:55.210+0300: 44.361: Total time for which application threads were stopped: 0.0052738 seconds, Stopping threads took: 0.0001378 seconds
2024-10-04T02:45:55.588+0300: 44.734: Application time: 0.3728675 seconds
2024-10-04T02:45:55.588+0300: 44.734: [GC (Allocation Failure) 2024-10-04T02:45:55.588+0300: 44.734: [DefNew: 1125917K->6140K(1258304K), 0.0037052 secs] 1137802K->18024K(4054528K), 0.0037707 secs] [Times: user=0.00 sys=0.00, real=0.00 secs] 
2024-10-04T02:45:55.592+0300: 44.738: Total time for which application threads were stopped: 0.0040763 seconds, Stopping threads took: 0.0001888 seconds
2024-10-04T02:45:55.949+0300: 45.101: Application time: 0.3629220 seconds
2024-10-04T02:45:55.949+0300: 45.102: [GC (Allocation Failure) 2024-10-04T02:45:55.949+0300: 45.102: [DefNew: 1124668K->5633K(1258304K), 0.0033527 secs] 1136552K->17518K(4054528K), 0.0034813 secs] [Times: user=0.00 sys=0.00, real=0.00 secs] 
2024-10-04T02:45:55.949+0300: 45.105: Total time for which application threads were stopped: 0.0038749 seconds, Stopping threads took: 0.0001831 seconds
2024-10-04T02:45:56.294+0300: 45.440: Application time: 0.3351215 seconds
2024-10-04T02:45:56.294+0300: 45.440: [GC (Allocation Failure) 2024-10-04T02:45:56.294+0300: 45.440: [DefNew: 1124161K->5718K(1258304K), 0.0034398 secs] 1136046K->17603K(4054528K), 0.0035082 secs] [Times: user=0.00 sys=0.00, real=0.00 secs] 
2024-10-04T02:45:56.294+0300: 45.444: Total time for which application threads were stopped: 0.0037906 seconds, Stopping threads took: 0.0001499 seconds
2024-10-04T02:45:56.624+0300: 45.783: Application time: 0.3393533 seconds
2024-10-04T02:45:56.624+0300: 45.784: [GC (Allocation Failure) 2024-10-04T02:45:56.624+0300: 45.784: [DefNew: 1124246K->6123K(1258304K), 0.0035426 secs] 1136131K->18008K(4054528K), 0.0036157 secs] [Times: user=0.00 sys=0.00, real=0.01 secs] 
2024-10-04T02:45:56.639+0300: 45.787: Total time for which application threads were stopped: 0.0038989 seconds, Stopping threads took: 0.0001781 seconds
2024-10-04T02:45:56.985+0300: 46.133: Application time: 0.3459689 seconds
2024-10-04T02:45:56.985+0300: 46.133: [GC (Allocation Failure) 2024-10-04T02:45:56.985+0300: 46.133: [DefNew: 1124651K->5944K(1258304K), 0.0038153 secs] 1136536K->17830K(4054528K), 0.0038950 secs] [Times: user=0.00 sys=0.00, real=0.00 secs] 
2024-10-04T02:45:56.985+0300: 46.137: Total time for which application threads were stopped: 0.0041812 seconds, Stopping threads took: 0.0001587 seconds
2024-10-04T02:45:57.314+0300: 46.463: Application time: 0.3260850 seconds
2024-10-04T02:45:57.314+0300: 46.464: [GC (Allocation Failure) 2024-10-04T02:45:57.314+0300: 46.464: [DefNew: 1124472K->5618K(1258304K), 0.0036345 secs] 1136358K->17505K(4054528K), 0.0037138 secs] [Times: user=0.00 sys=0.00, real=0.00 secs] 
2024-10-04T02:45:57.314+0300: 46.467: Total time for which application threads were stopped: 0.0039795 seconds, Stopping threads took: 0.0001462 seconds
2024-10-04T02:45:57.659+0300: 46.810: Application time: 0.3424179 seconds
2024-10-04T02:45:57.659+0300: 46.810: [GC (Allocation Failure) 2024-10-04T02:45:57.659+0300: 46.810: [DefNew: 1124146K->5705K(1258304K), 0.0034241 secs] 1136033K->17592K(4054528K), 0.0035012 secs] [Times: user=0.00 sys=0.00, real=0.00 secs] 
2024-10-04T02:45:57.659+0300: 46.814: Total time for which application threads were stopped: 0.0037547 seconds, Stopping threads took: 0.0001418 seconds
2024-10-04T02:45:58.005+0300: 47.161: Application time: 0.3473097 seconds
2024-10-04T02:45:58.005+0300: 47.161: [GC (Allocation Failure) 2024-10-04T02:45:58.005+0300: 47.161: [DefNew: 1124233K->5655K(1258304K), 0.0036503 secs] 1136120K->17541K(4054528K), 0.0037265 secs] [Times: user=0.00 sys=0.00, real=0.00 secs] 
2024-10-04T02:45:58.005+0300: 47.165: Total time for which application threads were stopped: 0.0040240 seconds, Stopping threads took: 0.0001481 seconds
2024-10-04T02:45:58.350+0300: 47.495: Application time: 0.3303602 seconds
2024-10-04T02:45:58.350+0300: 47.496: [GC (Allocation Failure) 2024-10-04T02:45:58.350+0300: 47.496: [DefNew: 1124183K->5577K(1258304K), 0.0033153 secs] 1136069K->17464K(4054528K), 0.0033872 secs] [Times: user=0.00 sys=0.00, real=0.00 secs] 
2024-10-04T02:45:58.350+0300: 47.499: Total time for which application threads were stopped: 0.0037261 seconds, Stopping threads took: 0.0001988 seconds
2024-10-04T02:45:58.686+0300: 47.836: Application time: 0.3373980 seconds
2024-10-04T02:45:58.686+0300: 47.837: [GC (Allocation Failure) 2024-10-04T02:45:58.686+0300: 47.837: [DefNew: 1124105K->5720K(1258304K), 0.0033115 secs] 1135992K->17608K(4054528K), 0.0034267 secs] [Times: user=0.00 sys=0.00, real=0.00 secs] 
2024-10-04T02:45:58.686+0300: 47.840: Total time for which application threads were stopped: 0.0037194 seconds, Stopping threads took: 0.0001715 seconds
2024-10-04T02:45:59.025+0300: 48.184: Application time: 0.3438178 seconds
2024-10-04T02:45:59.025+0300: 48.184: [GC (Allocation Failure) 2024-10-04T02:45:59.025+0300: 48.184: [DefNew: 1124248K->7681K(1258304K), 0.0052473 secs] 1136136K->19569K(4054528K), 0.0053207 secs] [Times: user=0.00 sys=0.00, real=0.02 secs] 
2024-10-04T02:45:59.041+0300: 48.190: Total time for which application threads were stopped: 0.0056000 seconds, Stopping threads took: 0.0001515 seconds
2024-10-04T02:45:59.370+0300: 48.526: Application time: 0.3369135 seconds
2024-10-04T02:45:59.370+0300: 48.527: [GC (Allocation Failure) 2024-10-04T02:45:59.370+0300: 48.527: [DefNew: 1126209K->7284K(1258304K), 0.0050764 secs] 1138097K->19173K(4054528K), 0.0051435 secs] [Times: user=0.00 sys=0.00, real=0.02 secs] 
2024-10-04T02:45:59.386+0300: 48.532: Total time for which application threads were stopped: 0.0054732 seconds, Stopping threads took: 0.0002118 seconds
2024-10-04T02:45:59.716+0300: 48.873: Application time: 0.3411355 seconds
2024-10-04T02:45:59.716+0300: 48.873: [GC (Allocation Failure) 2024-10-04T02:45:59.716+0300: 48.873: [DefNew: 1125812K->5638K(1258304K), 0.0031735 secs] 1137701K->17527K(4054528K), 0.0032940 secs] [Times: user=0.00 sys=0.00, real=0.01 secs] 
2024-10-04T02:45:59.731+0300: 48.877: Total time for which application threads were stopped: 0.0035836 seconds, Stopping threads took: 0.0001499 seconds
2024-10-04T02:46:00.077+0300: 49.222: Application time: 0.3453721 seconds
2024-10-04T02:46:00.077+0300: 49.222: [GC (Allocation Failure) 2024-10-04T02:46:00.077+0300: 49.222: [DefNew: 1124166K->7026K(1258304K), 0.0049392 secs] 1136055K->18915K(4054528K), 0.0050101 secs] [Times: user=0.00 sys=0.00, real=0.00 secs] 
2024-10-04T02:46:00.077+0300: 49.227: Total time for which application threads were stopped: 0.0053357 seconds, Stopping threads took: 0.0001952 seconds
2024-10-04T02:46:00.407+0300: 49.558: Application time: 0.3301755 seconds
2024-10-04T02:46:00.407+0300: 49.558: [GC (Allocation Failure) 2024-10-04T02:46:00.407+0300: 49.558: [DefNew: 1125554K->5890K(1258304K), 0.0031963 secs] 1137443K->17779K(4054528K), 0.0032651 secs] [Times: user=0.00 sys=0.00, real=0.00 secs] 
2024-10-04T02:46:00.407+0300: 49.561: Total time for which application threads were stopped: 0.0035258 seconds, Stopping threads took: 0.0001504 seconds
2024-10-04T02:46:00.752+0300: 49.902: Application time: 0.3404152 seconds
2024-10-04T02:46:00.752+0300: 49.902: [GC (Allocation Failure) 2024-10-04T02:46:00.752+0300: 49.902: [DefNew: 1124418K->8144K(1258304K), 0.0053149 secs] 1136307K->20034K(4054528K), 0.0053808 secs] [Times: user=0.00 sys=0.00, real=0.00 secs] 
2024-10-04T02:46:00.752+0300: 49.907: Total time for which application threads were stopped: 0.0056804 seconds, Stopping threads took: 0.0001782 seconds
2024-10-04T02:46:01.113+0300: 50.259: Application time: 0.3521711 seconds
2024-10-04T02:46:01.113+0300: 50.260: [GC (Allocation Failure) 2024-10-04T02:46:01.113+0300: 50.260: [DefNew: 1126672K->5728K(1258304K), 0.0036609 secs] 1138562K->17618K(4054528K), 0.0037310 secs] [Times: user=0.00 sys=0.00, real=0.00 secs] 
2024-10-04T02:46:01.113+0300: 50.263: Total time for which application threads were stopped: 0.0039840 seconds, Stopping threads took: 0.0001148 seconds
2024-10-04T02:46:01.442+0300: 50.598: Application time: 0.3347905 seconds
2024-10-04T02:46:01.442+0300: 50.598: [GC (Allocation Failure) 2024-10-04T02:46:01.442+0300: 50.598: [DefNew: 1124256K->5664K(1258304K), 0.0032665 secs] 1136146K->17554K(4054528K), 0.0033385 secs] [Times: user=0.00 sys=0.00, real=0.00 secs] 
2024-10-04T02:46:01.442+0300: 50.602: Total time for which application threads were stopped: 0.0036661 seconds, Stopping threads took: 0.0001936 seconds
2024-10-04T02:46:01.788+0300: 50.935: Application time: 0.3326863 seconds
2024-10-04T02:46:01.788+0300: 50.935: [GC (Allocation Failure) 2024-10-04T02:46:01.788+0300: 50.935: [DefNew: 1124192K->7684K(1258304K), 0.0048762 secs] 1136082K->19575K(4054528K), 0.0049455 secs] [Times: user=0.00 sys=0.00, real=0.00 secs] 
2024-10-04T02:46:01.793+0300: 50.940: Total time for which application threads were stopped: 0.0051752 seconds, Stopping threads took: 0.0001326 seconds
2024-10-04T02:46:02.133+0300: 51.282: Application time: 0.3422062 seconds
2024-10-04T02:46:02.133+0300: 51.282: [GC (Allocation Failure) 2024-10-04T02:46:02.133+0300: 51.282: [DefNew: 1126212K->6891K(1258304K), 0.0040253 secs] 1138103K->18782K(4054528K), 0.0040969 secs] [Times: user=0.00 sys=0.00, real=0.00 secs] 
2024-10-04T02:46:02.133+0300: 51.286: Total time for which application threads were stopped: 0.0043691 seconds, Stopping threads took: 0.0001377 seconds
2024-10-04T02:46:02.478+0300: 51.632: Application time: 0.3456207 seconds
2024-10-04T02:46:02.478+0300: 51.632: [GC (Allocation Failure) 2024-10-04T02:46:02.478+0300: 51.632: [DefNew: 1125419K->5518K(1258304K), 0.0031419 secs] 1137310K->17410K(4054528K), 0.0032103 secs] [Times: user=0.00 sys=0.00, real=0.00 secs] 
2024-10-04T02:46:02.478+0300: 51.635: Total time for which application threads were stopped: 0.0034866 seconds, Stopping threads took: 0.0001554 seconds
2024-10-04T02:46:02.824+0300: 51.982: Application time: 0.3468429 seconds
2024-10-04T02:46:02.824+0300: 51.983: [GC (Allocation Failure) 2024-10-04T02:46:02.824+0300: 51.983: [DefNew: 1124046K->5576K(1258304K), 0.0036878 secs] 1135938K->17467K(4054528K), 0.0037804 secs] [Times: user=0.00 sys=0.00, real=0.02 secs] 
2024-10-04T02:46:02.839+0300: 51.986: Total time for which application threads were stopped: 0.0040819 seconds, Stopping threads took: 0.0001661 seconds
2024-10-04T02:46:03.169+0300: 52.328: Application time: 0.3415825 seconds
2024-10-04T02:46:03.169+0300: 52.328: [GC (Allocation Failure) 2024-10-04T02:46:03.169+0300: 52.328: [DefNew: 1124104K->5589K(1258304K), 0.0033070 secs] 1135995K->17480K(4054528K), 0.0033784 secs] [Times: user=0.00 sys=0.00, real=0.02 secs] 
2024-10-04T02:46:03.185+0300: 52.332: Total time for which application threads were stopped: 0.0036659 seconds, Stopping threads took: 0.0001587 seconds
2024-10-04T02:46:03.499+0300: 52.658: Application time: 0.3266087 seconds
2024-10-04T02:46:03.499+0300: 52.658: [GC (Allocation Failure) 2024-10-04T02:46:03.499+0300: 52.658: [DefNew: 1124117K->5590K(1258304K), 0.0033667 secs] 1136008K->17482K(4054528K), 0.0034360 secs] [Times: user=0.00 sys=0.00, real=0.02 secs] 
2024-10-04T02:46:03.515+0300: 52.662: Total time for which application threads were stopped: 0.0037101 seconds, Stopping threads took: 0.0001486 seconds
2024-10-04T02:46:03.860+0300: 53.012: Application time: 0.3497203 seconds
2024-10-04T02:46:03.860+0300: 53.012: [GC (Allocation Failure) 2024-10-04T02:46:03.860+0300: 53.012: [DefNew: 1124118K->8340K(1258304K), 0.0052849 secs] 1136010K->20233K(4054528K), 0.0053699 secs] [Times: user=0.00 sys=0.00, real=0.00 secs] 
2024-10-04T02:46:03.860+0300: 53.017: Total time for which application threads were stopped: 0.0056842 seconds, Stopping threads took: 0.0001817 seconds
2024-10-04T02:46:04.222+0300: 53.370: Application time: 0.3527760 seconds
2024-10-04T02:46:04.222+0300: 53.370: [GC (Allocation Failure) 2024-10-04T02:46:04.222+0300: 53.370: [DefNew: 1126868K->5600K(1258304K), 0.0031978 secs] 1138761K->17493K(4054528K), 0.0032710 secs] [Times: user=0.00 sys=0.00, real=0.00 secs] 
2024-10-04T02:46:04.222+0300: 53.374: Total time for which application threads were stopped: 0.0035598 seconds, Stopping threads took: 0.0001721 seconds
2024-10-04T02:46:04.567+0300: 53.713: Application time: 0.3398155 seconds
2024-10-04T02:46:04.567+0300: 53.714: [GC (Allocation Failure) 2024-10-04T02:46:04.567+0300: 53.714: [DefNew: 1124128K->5554K(1258304K), 0.0032034 secs] 1136021K->17447K(4054528K), 0.0032687 secs] [Times: user=0.00 sys=0.00, real=0.00 secs] 
2024-10-04T02:46:04.567+0300: 53.717: Total time for which application threads were stopped: 0.0035072 seconds, Stopping threads took: 0.0001234 seconds
2024-10-04T02:46:04.913+0300: 54.059: Application time: 0.3420661 seconds
2024-10-04T02:46:04.913+0300: 54.059: [GC (Allocation Failure) 2024-10-04T02:46:04.913+0300: 54.059: [DefNew: 1124082K->6203K(1258304K), 0.0035933 secs] 1135975K->18097K(4054528K), 0.0036642 secs] [Times: user=0.00 sys=0.00, real=0.00 secs] 
2024-10-04T02:46:04.913+0300: 54.063: Total time for which application threads were stopped: 0.0039560 seconds, Stopping threads took: 0.0001542 seconds
2024-10-04T02:46:05.242+0300: 54.393: Application time: 0.3298820 seconds
2024-10-04T02:46:05.242+0300: 54.393: [GC (Allocation Failure) 2024-10-04T02:46:05.242+0300: 54.393: [DefNew: 1124731K->9257K(1258304K), 0.0073949 secs] 1136625K->21151K(4054528K), 0.0074648 secs] [Times: user=0.00 sys=0.00, real=0.00 secs] 
2024-10-04T02:46:05.242+0300: 54.401: Total time for which application threads were stopped: 0.0076896 seconds, Stopping threads took: 0.0001109 seconds
2024-10-04T02:46:05.603+0300: 54.752: Application time: 0.3513545 seconds
2024-10-04T02:46:05.603+0300: 54.752: [GC (Allocation Failure) 2024-10-04T02:46:05.603+0300: 54.752: [DefNew: 1127785K->5592K(1258304K), 0.0033398 secs] 1139679K->17486K(4054528K), 0.0034279 secs] [Times: user=0.00 sys=0.00, real=0.00 secs] 
2024-10-04T02:46:05.603+0300: 54.756: Total time for which application threads were stopped: 0.0037215 seconds, Stopping threads took: 0.0001733 seconds
2024-10-04T02:46:06.003+0300: 55.154: Application time: 0.3984664 seconds
2024-10-04T02:46:06.003+0300: 55.155: [GC (Allocation Failure) 2024-10-04T02:46:06.003+0300: 55.155: [DefNew: 1124120K->5551K(1258304K), 0.0036381 secs] 1136014K->17445K(4054528K), 0.0037534 secs] [Times: user=0.00 sys=0.00, real=0.01 secs] 
2024-10-04T02:46:06.012+0300: 55.158: Total time for which application threads were stopped: 0.0041945 seconds, Stopping threads took: 0.0002585 seconds
2024-10-04T02:46:06.342+0300: 55.491: Application time: 0.3324321 seconds
2024-10-04T02:46:06.342+0300: 55.491: [GC (Allocation Failure) 2024-10-04T02:46:06.342+0300: 55.491: [DefNew: 1124079K->5442K(1258304K), 0.0030390 secs] 1135973K->17337K(4054528K), 0.0031067 secs] [Times: user=0.00 sys=0.00, real=0.00 secs] 
2024-10-04T02:46:06.342+0300: 55.494: Total time for which application threads were stopped: 0.0033669 seconds, Stopping threads took: 0.0001471 seconds
2024-10-04T02:46:06.687+0300: 55.834: Application time: 0.3396803 seconds
2024-10-04T02:46:06.687+0300: 55.834: [GC (Allocation Failure) 2024-10-04T02:46:06.687+0300: 55.834: [DefNew: 1123970K->5673K(1258304K), 0.0032787 secs] 1135865K->17568K(4054528K), 0.0033533 secs] [Times: user=0.00 sys=0.00, real=0.00 secs] 
2024-10-04T02:46:06.687+0300: 55.837: Total time for which application threads were stopped: 0.0036426 seconds, Stopping threads took: 0.0001572 seconds
2024-10-04T02:46:07.033+0300: 56.182: Application time: 0.3440979 seconds
2024-10-04T02:46:07.033+0300: 56.182: [GC (Allocation Failure) 2024-10-04T02:46:07.033+0300: 56.182: [DefNew: 1124201K->7455K(1258304K), 0.0057137 secs] 1136096K->19351K(4054528K), 0.0057919 secs] [Times: user=0.00 sys=0.00, real=0.00 secs] 
2024-10-04T02:46:07.033+0300: 56.188: Total time for which application threads were stopped: 0.0060890 seconds, Stopping threads took: 0.0001375 seconds
2024-10-04T02:46:07.378+0300: 56.526: Application time: 0.3383465 seconds
2024-10-04T02:46:07.378+0300: 56.526: [GC (Allocation Failure) 2024-10-04T02:46:07.378+0300: 56.526: [DefNew: 1125983K->6726K(1258304K), 0.0052999 secs] 1137879K->18622K(4054528K), 0.0053714 secs] [Times: user=0.00 sys=0.00, real=0.00 secs] 
2024-10-04T02:46:07.378+0300: 56.532: Total time for which application threads were stopped: 0.0056701 seconds, Stopping threads took: 0.0001677 seconds
2024-10-04T02:46:07.724+0300: 56.876: Application time: 0.3441134 seconds
2024-10-04T02:46:07.724+0300: 56.876: [GC (Allocation Failure) 2024-10-04T02:46:07.724+0300: 56.876: [DefNew: 1125254K->7432K(1258304K), 0.0064873 secs] 1137150K->19328K(4054528K), 0.0065691 secs] [Times: user=0.00 sys=0.00, real=0.00 secs] 
2024-10-04T02:46:07.724+0300: 56.883: Total time for which application threads were stopped: 0.0068937 seconds, Stopping threads took: 0.0001884 seconds
2024-10-04T02:46:08.085+0300: 57.236: Application time: 0.3534702 seconds
2024-10-04T02:46:08.085+0300: 57.237: [GC (Allocation Failure) 2024-10-04T02:46:08.085+0300: 57.237: [DefNew: 1125960K->7968K(1258304K), 0.0057185 secs] 1137856K->19864K(4054528K), 0.0057895 secs] [Times: user=0.00 sys=0.00, real=0.00 secs] 
2024-10-04T02:46:08.085+0300: 57.242: Total time for which application threads were stopped: 0.0061734 seconds, Stopping threads took: 0.0002461 seconds
2024-10-04T02:46:08.430+0300: 57.581: Application time: 0.3383129 seconds
2024-10-04T02:46:08.430+0300: 57.581: [GC (Allocation Failure) 2024-10-04T02:46:08.430+0300: 57.581: [DefNew: 1126496K->5693K(1258304K), 0.0039958 secs] 1138392K->17589K(4054528K), 0.0040608 secs] [Times: user=0.00 sys=0.00, real=0.00 secs] 
2024-10-04T02:46:08.430+0300: 57.585: Total time for which application threads were stopped: 0.0044102 seconds, Stopping threads took: 0.0002163 seconds
2024-10-04T02:46:08.775+0300: 57.925: Application time: 0.3395282 seconds
2024-10-04T02:46:08.775+0300: 57.925: [GC (Allocation Failure) 2024-10-04T02:46:08.775+0300: 57.925: [DefNew: 1124221K->6147K(1258304K), 0.0038699 secs] 1136117K->18044K(4054528K), 0.0039457 secs] [Times: user=0.00 sys=0.00, real=0.00 secs] 
2024-10-04T02:46:08.775+0300: 57.929: Total time for which application threads were stopped: 0.0042821 seconds, Stopping threads took: 0.0001854 seconds
2024-10-04T02:46:09.136+0300: 58.286: Application time: 0.3567881 seconds
2024-10-04T02:46:09.136+0300: 58.286: [GC (Allocation Failure) 2024-10-04T02:46:09.136+0300: 58.286: [DefNew: 1124675K->5659K(1258304K), 0.0034241 secs] 1136572K->17556K(4054528K), 0.0035039 secs] [Times: user=0.00 sys=0.00, real=0.00 secs] 
2024-10-04T02:46:09.136+0300: 58.290: Total time for which application threads were stopped: 0.0038603 seconds, Stopping threads took: 0.0002044 seconds
2024-10-04T02:46:09.466+0300: 58.625: Application time: 0.3357313 seconds
2024-10-04T02:46:09.466+0300: 58.626: [GC (Allocation Failure) 2024-10-04T02:46:09.466+0300: 58.626: [DefNew: 1124187K->5934K(1258304K), 0.0038293 secs] 1136084K->17832K(4054528K), 0.0039024 secs] [Times: user=0.00 sys=0.00, real=0.01 secs] 
2024-10-04T02:46:09.481+0300: 58.629: Total time for which application threads were stopped: 0.0042115 seconds, Stopping threads took: 0.0001782 seconds
2024-10-04T02:46:09.812+0300: 58.963: Application time: 0.3339753 seconds
2024-10-04T02:46:09.812+0300: 58.964: [GC (Allocation Failure) 2024-10-04T02:46:09.812+0300: 58.964: [DefNew: 1124462K->5813K(1258304K), 0.0039556 secs] 1136360K->17711K(4054528K), 0.0040422 secs] [Times: user=0.00 sys=0.00, real=0.00 secs] 
2024-10-04T02:46:09.812+0300: 58.968: Total time for which application threads were stopped: 0.0042995 seconds, Stopping threads took: 0.0001241 seconds
2024-10-04T02:46:10.172+0300: 59.317: Application time: 0.3495403 seconds
2024-10-04T02:46:10.172+0300: 59.318: [GC (Allocation Failure) 2024-10-04T02:46:10.172+0300: 59.318: [DefNew: 1124341K->8146K(1258304K), 0.0061460 secs] 1136239K->20045K(4054528K), 0.0062173 secs] [Times: user=0.00 sys=0.00, real=0.00 secs] 
2024-10-04T02:46:10.172+0300: 59.324: Total time for which application threads were stopped: 0.0065260 seconds, Stopping threads took: 0.0001673 seconds
2024-10-04T02:46:10.518+0300: 59.671: Application time: 0.3471652 seconds
2024-10-04T02:46:10.518+0300: 59.671: [GC (Allocation Failure) 2024-10-04T02:46:10.518+0300: 59.671: [DefNew: 1126674K->5725K(1258304K), 0.0035150 secs] 1138573K->17624K(4054528K), 0.0035808 secs] [Times: user=0.00 sys=0.00, real=0.00 secs] 
2024-10-04T02:46:10.518+0300: 59.675: Total time for which application threads were stopped: 0.0038601 seconds, Stopping threads took: 0.0001572 seconds
2024-10-04T02:46:10.879+0300: 60.027: Application time: 0.3519964 seconds
2024-10-04T02:46:10.879+0300: 60.027: [GC (Allocation Failure) 2024-10-04T02:46:10.879+0300: 60.027: [DefNew: 1124253K->5493K(1258304K), 0.0035607 secs] 1136152K->17391K(4054528K), 0.0036186 secs] [Times: user=0.00 sys=0.00, real=0.00 secs] 
2024-10-04T02:46:10.879+0300: 60.031: Total time for which application threads were stopped: 0.0038982 seconds, Stopping threads took: 0.0001554 seconds
2024-10-04T02:46:11.225+0300: 60.370: Application time: 0.3397292 seconds
2024-10-04T02:46:11.225+0300: 60.371: [GC (Allocation Failure) 2024-10-04T02:46:11.225+0300: 60.371: [DefNew: 1124021K->7432K(1258304K), 0.0059188 secs] 1135919K->19331K(4054528K), 0.0059945 secs] [Times: user=0.00 sys=0.00, real=0.00 secs] 
2024-10-04T02:46:11.225+0300: 60.377: Total time for which application threads were stopped: 0.0063290 seconds, Stopping threads took: 0.0001930 seconds
2024-10-04T02:46:11.555+0300: 60.708: Application time: 0.3315241 seconds
2024-10-04T02:46:11.555+0300: 60.709: [GC (Allocation Failure) 2024-10-04T02:46:11.555+0300: 60.709: [DefNew: 1125960K->5438K(1258304K), 0.0034655 secs] 1137859K->17337K(4054528K), 0.0035756 secs] [Times: user=0.00 sys=0.00, real=0.00 secs] 
2024-10-04T02:46:11.555+0300: 60.712: Total time for which application threads were stopped: 0.0039720 seconds, Stopping threads took: 0.0002221 seconds
2024-10-04T02:46:11.917+0300: 61.065: Application time: 0.3524098 seconds
2024-10-04T02:46:11.917+0300: 61.065: [GC (Allocation Failure) 2024-10-04T02:46:11.917+0300: 61.065: [DefNew: 1123966K->5851K(1258304K), 0.0038006 secs] 1135865K->17750K(4054528K), 0.0038789 secs] [Times: user=0.00 sys=0.00, real=0.00 secs] 
2024-10-04T02:46:11.917+0300: 61.069: Total time for which application threads were stopped: 0.0041522 seconds, Stopping threads took: 0.0001519 seconds
2024-10-04T02:46:12.262+0300: 61.413: Application time: 0.3440754 seconds
2024-10-04T02:46:12.262+0300: 61.413: [GC (Allocation Failure) 2024-10-04T02:46:12.262+0300: 61.413: [DefNew: 1124379K->5699K(1258304K), 0.0033713 secs] 1136278K->17599K(4054528K), 0.0034351 secs] [Times: user=0.00 sys=0.00, real=0.00 secs] 
2024-10-04T02:46:12.262+0300: 61.417: Total time for which application threads were stopped: 0.0037060 seconds, Stopping threads took: 0.0001457 seconds
2024-10-04T02:46:12.607+0300: 61.755: Application time: 0.3385105 seconds
2024-10-04T02:46:12.607+0300: 61.755: [GC (Allocation Failure) 2024-10-04T02:46:12.607+0300: 61.755: [DefNew: 1124227K->5539K(1258304K), 0.0031489 secs] 1136127K->17439K(4054528K), 0.0032120 secs] [Times: user=0.00 sys=0.00, real=0.00 secs] 
2024-10-04T02:46:12.607+0300: 61.759: Total time for which application threads were stopped: 0.0035206 seconds, Stopping threads took: 0.0001874 seconds
2024-10-04T02:46:12.952+0300: 62.100: Application time: 0.3416532 seconds
2024-10-04T02:46:12.952+0300: 62.101: [GC (Allocation Failure) 2024-10-04T02:46:12.952+0300: 62.101: [DefNew: 1124067K->5745K(1258304K), 0.0033551 secs] 1135967K->17646K(4054528K), 0.0034263 secs] [Times: user=0.00 sys=0.00, real=0.00 secs] 
2024-10-04T02:46:12.952+0300: 62.104: Total time for which application threads were stopped: 0.0037419 seconds, Stopping threads took: 0.0001951 seconds
2024-10-04T02:46:13.282+0300: 62.438: Application time: 0.3340846 seconds
2024-10-04T02:46:13.282+0300: 62.438: [GC (Allocation Failure) 2024-10-04T02:46:13.282+0300: 62.438: [DefNew: 1124273K->6090K(1258304K), 0.0035633 secs] 1136174K->17991K(4054528K), 0.0036335 secs] [Times: user=0.00 sys=0.00, real=0.00 secs] 
2024-10-04T02:46:13.282+0300: 62.442: Total time for which application threads were stopped: 0.0038882 seconds, Stopping threads took: 0.0001436 seconds
2024-10-04T02:46:13.628+0300: 62.787: Application time: 0.3448577 seconds
2024-10-04T02:46:13.628+0300: 62.787: [GC (Allocation Failure) 2024-10-04T02:46:13.628+0300: 62.787: [DefNew: 1124618K->5963K(1258304K), 0.0035399 secs] 1136519K->17864K(4054528K), 0.0036155 secs] [Times: user=0.00 sys=0.00, real=0.01 secs] 
2024-10-04T02:46:13.643+0300: 62.791: Total time for which application threads were stopped: 0.0039356 seconds, Stopping threads took: 0.0001619 seconds
2024-10-04T02:46:13.989+0300: 63.143: Application time: 0.3522665 seconds
2024-10-04T02:46:13.989+0300: 63.143: [GC (Allocation Failure) 2024-10-04T02:46:13.989+0300: 63.144: [DefNew: 1124491K->5615K(1258304K), 0.0032800 secs] 1136392K->17517K(4054528K), 0.0033558 secs] [Times: user=0.00 sys=0.00, real=0.00 secs] 
2024-10-04T02:46:13.989+0300: 63.147: Total time for which application threads were stopped: 0.0037428 seconds, Stopping threads took: 0.0002542 seconds
2024-10-04T02:46:14.334+0300: 63.480: Application time: 0.3330545 seconds
2024-10-04T02:46:14.334+0300: 63.480: [GC (Allocation Failure) 2024-10-04T02:46:14.334+0300: 63.480: [DefNew: 1124143K->5586K(1258304K), 0.0032110 secs] 1136045K->17488K(4054528K), 0.0032822 secs] [Times: user=0.00 sys=0.00, real=0.00 secs] 
2024-10-04T02:46:14.334+0300: 63.483: Total time for which application threads were stopped: 0.0035266 seconds, Stopping threads took: 0.0001039 seconds
2024-10-04T02:46:14.664+0300: 63.819: Application time: 0.3353749 seconds
2024-10-04T02:46:14.664+0300: 63.819: [GC (Allocation Failure) 2024-10-04T02:46:14.664+0300: 63.819: [DefNew: 1124114K->9256K(1258304K), 0.0076658 secs] 1136016K->21158K(4054528K), 0.0077354 secs] [Times: user=0.00 sys=0.00, real=0.02 secs] 
2024-10-04T02:46:14.680+0300: 63.827: Total time for which application threads were stopped: 0.0080382 seconds, Stopping threads took: 0.0001842 seconds
2024-10-04T02:46:15.025+0300: 64.174: Application time: 0.3470759 seconds
2024-10-04T02:46:15.025+0300: 64.174: [GC (Allocation Failure) 2024-10-04T02:46:15.025+0300: 64.174: [DefNew: 1127784K->6336K(1258304K), 0.0035002 secs] 1139686K->18239K(4054528K), 0.0035838 secs] [Times: user=0.00 sys=0.00, real=0.00 secs] 
2024-10-04T02:46:15.025+0300: 64.178: Total time for which application threads were stopped: 0.0039077 seconds, Stopping threads took: 0.0001859 seconds
2024-10-04T02:46:15.370+0300: 64.525: Application time: 0.3467032 seconds
2024-10-04T02:46:15.370+0300: 64.525: [GC (Allocation Failure) 2024-10-04T02:46:15.370+0300: 64.525: [DefNew: 1124864K->5575K(1258304K), 0.0032256 secs] 1136767K->17478K(4054528K), 0.0032962 secs] [Times: user=0.00 sys=0.00, real=0.00 secs] 
2024-10-04T02:46:15.370+0300: 64.528: Total time for which application threads were stopped: 0.0036123 seconds, Stopping threads took: 0.0001884 seconds
2024-10-04T02:46:15.714+0300: 64.868: Application time: 0.3396020 seconds
2024-10-04T02:46:15.714+0300: 64.868: [GC (Allocation Failure) 2024-10-04T02:46:15.714+0300: 64.868: [DefNew: 1121583K->5507K(1258304K), 0.0031717 secs] 1133486K->17411K(4054528K), 0.0032413 secs] [Times: user=0.00 sys=0.00, real=0.00 secs] 
2024-10-04T02:46:15.714+0300: 64.871: Total time for which application threads were stopped: 0.0035579 seconds, Stopping threads took: 0.0001984 seconds
2024-10-04T02:46:16.060+0300: 65.210: Application time: 0.3391376 seconds
2024-10-04T02:46:16.060+0300: 65.211: [GC (Allocation Failure) 2024-10-04T02:46:16.060+0300: 65.211: [DefNew: 1124035K->5665K(1258304K), 0.0035931 secs] 1135939K->17569K(4054528K), 0.0036793 secs] [Times: user=0.00 sys=0.00, real=0.00 secs] 
2024-10-04T02:46:16.060+0300: 65.215: Total time for which application threads were stopped: 0.0039962 seconds, Stopping threads took: 0.0001772 seconds
2024-10-04T02:46:16.390+0300: 65.550: Application time: 0.3359516 seconds
2024-10-04T02:46:16.421+0300: 65.566: [GC (Allocation Failure) 2024-10-04T02:46:16.421+0300: 65.567: [DefNew: 1124193K->5889K(1258304K), 0.0054259 secs] 1136097K->17793K(4054528K), 0.0055497 secs] [Times: user=0.00 sys=0.00, real=0.00 secs] 
2024-10-04T02:46:16.421+0300: 65.572: Total time for which application threads were stopped: 0.0216179 seconds, Stopping threads took: 0.0158543 seconds
2024-10-04T02:46:16.767+0300: 65.916: Application time: 0.3435624 seconds
2024-10-04T02:46:16.767+0300: 65.916: [GC (Allocation Failure) 2024-10-04T02:46:16.767+0300: 65.916: [DefNew: 1124417K->5578K(1258304K), 0.0032474 secs] 1136321K->17482K(4054528K), 0.0033139 secs] [Times: user=0.00 sys=0.00, real=0.00 secs] 
2024-10-04T02:46:16.767+0300: 65.919: Total time for which application threads were stopped: 0.0036302 seconds, Stopping threads took: 0.0001970 seconds
2024-10-04T02:46:17.111+0300: 66.272: Application time: 0.3526807 seconds
2024-10-04T02:46:17.127+0300: 66.272: [GC (Allocation Failure) 2024-10-04T02:46:17.127+0300: 66.272: [DefNew: 1124106K->5689K(1258304K), 0.0033110 secs] 1136010K->17593K(4054528K), 0.0033913 secs] [Times: user=0.00 sys=0.00, real=0.00 secs] 
2024-10-04T02:46:17.130+0300: 66.276: Total time for which application threads were stopped: 0.0038341 seconds, Stopping threads took: 0.0003074 seconds
2024-10-04T02:46:17.457+0300: 66.613: Application time: 0.3375723 seconds
2024-10-04T02:46:17.457+0300: 66.614: [GC (Allocation Failure) 2024-10-04T02:46:17.457+0300: 66.614: [DefNew: 1124217K->5695K(1258304K), 0.0032150 secs] 1136121K->17600K(4054528K), 0.0032823 secs] [Times: user=0.00 sys=0.00, real=0.00 secs] 
2024-10-04T02:46:17.457+0300: 66.617: Total time for which application threads were stopped: 0.0036187 seconds, Stopping threads took: 0.0002223 seconds
2024-10-04T02:46:17.787+0300: 66.946: Application time: 0.3289838 seconds
2024-10-04T02:46:17.787+0300: 66.946: [GC (Allocation Failure) 2024-10-04T02:46:17.787+0300: 66.946: [DefNew: 1124223K->6018K(1258304K), 0.0038115 secs] 1136128K->17923K(4054528K), 0.0038823 secs] [Times: user=0.00 sys=0.00, real=0.02 secs] 
2024-10-04T02:46:17.802+0300: 66.950: Total time for which application threads were stopped: 0.0041953 seconds, Stopping threads took: 0.0001936 seconds
2024-10-04T02:46:18.148+0300: 67.305: Application time: 0.3551970 seconds
2024-10-04T02:46:18.148+0300: 67.306: [GC (Allocation Failure) 2024-10-04T02:46:18.148+0300: 67.306: [DefNew: 1124546K->5699K(1258304K), 0.0034625 secs] 1136451K->17604K(4054528K), 0.0035436 secs] [Times: user=0.00 sys=0.00, real=0.02 secs] 
2024-10-04T02:46:18.163+0300: 67.309: Total time for which application threads were stopped: 0.0038980 seconds, Stopping threads took: 0.0002345 seconds
2024-10-04T02:46:18.508+0300: 67.657: Application time: 0.3473178 seconds
2024-10-04T02:46:18.508+0300: 67.657: [GC (Allocation Failure) 2024-10-04T02:46:18.508+0300: 67.657: [DefNew: 1124227K->5640K(1258304K), 0.0032476 secs] 1136132K->17546K(4054528K), 0.0033143 secs] [Times: user=0.00 sys=0.00, real=0.00 secs] 
2024-10-04T02:46:18.508+0300: 67.660: Total time for which application threads were stopped: 0.0035823 seconds, Stopping threads took: 0.0001573 seconds
2024-10-04T02:46:18.855+0300: 68.004: Application time: 0.3433786 seconds
2024-10-04T02:46:18.855+0300: 68.004: [GC (Allocation Failure) 2024-10-04T02:46:18.855+0300: 68.004: [DefNew: 1124168K->5572K(1258304K), 0.0031468 secs] 1136074K->17478K(4054528K), 0.0032168 secs] [Times: user=0.00 sys=0.00, real=0.00 secs] 
2024-10-04T02:46:18.855+0300: 68.007: Total time for which application threads were stopped: 0.0035677 seconds, Stopping threads took: 0.0002333 seconds
2024-10-04T02:46:19.200+0300: 68.355: Application time: 0.3481824 seconds
2024-10-04T02:46:19.200+0300: 68.356: [GC (Allocation Failure) 2024-10-04T02:46:19.200+0300: 68.356: [DefNew: 1124100K->7399K(1258304K), 0.0051920 secs] 1136006K->19305K(4054528K), 0.0052714 secs] [Times: user=0.00 sys=0.00, real=0.01 secs] 
2024-10-04T02:46:19.215+0300: 68.361: Total time for which application threads were stopped: 0.0055792 seconds, Stopping threads took: 0.0001692 seconds
2024-10-04T02:46:19.545+0300: 68.700: Application time: 0.3388883 seconds
2024-10-04T02:46:19.545+0300: 68.700: [GC (Allocation Failure) 2024-10-04T02:46:19.545+0300: 68.700: [DefNew: 1125927K->7905K(1258304K), 0.0052696 secs] 1137833K->19811K(4054528K), 0.0053429 secs] [Times: user=0.00 sys=0.00, real=0.00 secs] 
2024-10-04T02:46:19.545+0300: 68.705: Total time for which application threads were stopped: 0.0056524 seconds, Stopping threads took: 0.0001856 seconds
2024-10-04T02:46:19.906+0300: 69.053: Application time: 0.3474248 seconds
2024-10-04T02:46:19.906+0300: 69.053: [GC (Allocation Failure) 2024-10-04T02:46:19.906+0300: 69.053: [DefNew: 1126433K->5741K(1258304K), 0.0032969 secs] 1138339K->17648K(4054528K), 0.0033709 secs] [Times: user=0.00 sys=0.00, real=0.00 secs] 
2024-10-04T02:46:19.906+0300: 69.057: Total time for which application threads were stopped: 0.0036422 seconds, Stopping threads took: 0.0001449 seconds
2024-10-04T02:46:20.251+0300: 69.398: Application time: 0.3413372 seconds
2024-10-04T02:46:20.251+0300: 69.398: [GC (Allocation Failure) 2024-10-04T02:46:20.251+0300: 69.398: [DefNew: 1124269K->5457K(1258304K), 0.0031595 secs] 1136176K->17364K(4054528K), 0.0032270 secs] [Times: user=0.00 sys=0.00, real=0.00 secs] 
2024-10-04T02:46:20.251+0300: 69.401: Total time for which application threads were stopped: 0.0035012 seconds, Stopping threads took: 0.0001494 seconds
2024-10-04T02:46:20.582+0300: 69.738: Application time: 0.3364106 seconds
2024-10-04T02:46:20.582+0300: 69.738: [GC (Allocation Failure) 2024-10-04T02:46:20.582+0300: 69.738: [DefNew: 1123985K->6971K(1258304K), 0.0048295 secs] 1135892K->18878K(4054528K), 0.0048995 secs] [Times: user=0.00 sys=0.00, real=0.01 secs] 
2024-10-04T02:46:20.597+0300: 69.743: Total time for which application threads were stopped: 0.0052260 seconds, Stopping threads took: 0.0001974 seconds
2024-10-04T02:46:20.926+0300: 70.082: Application time: 0.3393572 seconds
2024-10-04T02:46:20.926+0300: 70.083: [GC (Allocation Failure) 2024-10-04T02:46:20.926+0300: 70.083: [DefNew: 1125499K->6098K(1258304K), 0.0035483 secs] 1137406K->18006K(4054528K), 0.0036280 secs] [Times: user=0.00 sys=0.00, real=0.01 secs] 
2024-10-04T02:46:20.939+0300: 70.086: Total time for which application threads were stopped: 0.0039436 seconds, Stopping threads took: 0.0001876 seconds
2024-10-04T02:46:21.272+0300: 70.429: Application time: 0.3428635 seconds
2024-10-04T02:46:21.272+0300: 70.429: [GC (Allocation Failure) 2024-10-04T02:46:21.272+0300: 70.430: [DefNew: 1124626K->6926K(1258304K), 0.0046743 secs] 1136534K->18834K(4054528K), 0.0047439 secs] [Times: user=0.00 sys=0.00, real=0.02 secs] 
2024-10-04T02:46:21.288+0300: 70.434: Total time for which application threads were stopped: 0.0050860 seconds, Stopping threads took: 0.0002159 seconds
2024-10-04T02:46:21.633+0300: 70.782: Application time: 0.3474692 seconds
2024-10-04T02:46:21.633+0300: 70.782: [GC (Allocation Failure) 2024-10-04T02:46:21.633+0300: 70.782: [DefNew: 1125454K->5486K(1258304K), 0.0031988 secs] 1137362K->17394K(4054528K), 0.0032641 secs] [Times: user=0.00 sys=0.00, real=0.00 secs] 
2024-10-04T02:46:21.633+0300: 70.785: Total time for which application threads were stopped: 0.0035622 seconds, Stopping threads took: 0.0001740 seconds
2024-10-04T02:46:21.978+0300: 71.136: Application time: 0.3504942 seconds
2024-10-04T02:46:21.978+0300: 71.136: [GC (Allocation Failure) 2024-10-04T02:46:21.978+0300: 71.136: [DefNew: 1124014K->5699K(1258304K), 0.0041672 secs] 1135922K->17608K(4054528K), 0.0042439 secs] [Times: user=0.00 sys=0.00, real=0.02 secs] 
2024-10-04T02:46:21.994+0300: 71.140: Total time for which application threads were stopped: 0.0045109 seconds, Stopping threads took: 0.0001395 seconds
2024-10-04T02:46:22.323+0300: 71.473: Application time: 0.3324092 seconds
2024-10-04T02:46:22.323+0300: 71.473: [GC (Allocation Failure) 2024-10-04T02:46:22.323+0300: 71.473: [DefNew: 1124227K->6704K(1258304K), 0.0042275 secs] 1136136K->18614K(4054528K), 0.0042989 secs] [Times: user=0.00 sys=0.00, real=0.00 secs] 
2024-10-04T02:46:22.323+0300: 71.477: Total time for which application threads were stopped: 0.0045602 seconds, Stopping threads took: 0.0001409 seconds
2024-10-04T02:46:22.653+0300: 71.808: Application time: 0.3303778 seconds
2024-10-04T02:46:22.653+0300: 71.808: [GC (Allocation Failure) 2024-10-04T02:46:22.653+0300: 71.808: [DefNew: 1125232K->9177K(1258304K), 0.0076637 secs] 1137142K->21086K(4054528K), 0.0077540 secs] [Times: user=0.00 sys=0.00, real=0.01 secs] 
2024-10-04T02:46:22.668+0300: 71.816: Total time for which application threads were stopped: 0.0080445 seconds, Stopping threads took: 0.0001671 seconds
2024-10-04T02:46:23.014+0300: 72.171: Application time: 0.3548223 seconds
2024-10-04T02:46:23.014+0300: 72.171: [GC (Allocation Failure) 2024-10-04T02:46:23.014+0300: 72.171: [DefNew: 1127705K->5572K(1258304K), 0.0033861 secs] 1139614K->17482K(4054528K), 0.0034568 secs] [Times: user=0.00 sys=0.00, real=0.00 secs] 
2024-10-04T02:46:23.014+0300: 72.174: Total time for which application threads were stopped: 0.0037245 seconds, Stopping threads took: 0.0001458 seconds
2024-10-04T02:46:23.375+0300: 72.520: Application time: 0.3462464 seconds
2024-10-04T02:46:23.375+0300: 72.521: [GC (Allocation Failure) 2024-10-04T02:46:23.375+0300: 72.521: [DefNew: 1124100K->5628K(1258304K), 0.0033834 secs] 1136010K->17538K(4054528K), 0.0034525 secs] [Times: user=0.00 sys=0.00, real=0.00 secs] 
2024-10-04T02:46:23.375+0300: 72.524: Total time for which application threads were stopped: 0.0036967 seconds, Stopping threads took: 0.0001283 seconds
2024-10-04T02:46:23.705+0300: 72.860: Application time: 0.3358425 seconds
2024-10-04T02:46:23.705+0300: 72.860: [GC (Allocation Failure) 2024-10-04T02:46:23.705+0300: 72.860: [DefNew: 1124156K->5630K(1258304K), 0.0032960 secs] 1136066K->17540K(4054528K), 0.0033697 secs] [Times: user=0.00 sys=0.00, real=0.00 secs] 
2024-10-04T02:46:23.705+0300: 72.864: Total time for which application threads were stopped: 0.0036856 seconds, Stopping threads took: 0.0001954 seconds
2024-10-04T02:46:24.049+0300: 73.205: Application time: 0.3417396 seconds
2024-10-04T02:46:24.049+0300: 73.206: [GC (Allocation Failure) 2024-10-04T02:46:24.049+0300: 73.206: [DefNew: 1124158K->5620K(1258304K), 0.0033402 secs] 1136068K->17531K(4054528K), 0.0034244 secs] [Times: user=0.00 sys=0.00, real=0.00 secs] 
2024-10-04T02:46:24.049+0300: 73.209: Total time for which application threads were stopped: 0.0036856 seconds, Stopping threads took: 0.0001427 seconds
2024-10-04T02:46:24.394+0300: 73.547: Application time: 0.3377957 seconds
2024-10-04T02:46:24.394+0300: 73.547: [GC (Allocation Failure) 2024-10-04T02:46:24.394+0300: 73.547: [DefNew: 1124148K->7800K(1258304K), 0.0050278 secs] 1136059K->19711K(4054528K), 0.0050941 secs] [Times: user=0.00 sys=0.00, real=0.00 secs] 
2024-10-04T02:46:24.394+0300: 73.552: Total time for which application threads were stopped: 0.0053818 seconds, Stopping threads took: 0.0001667 seconds
2024-10-04T02:46:24.748+0300: 73.895: Application time: 0.3426101 seconds
2024-10-04T02:46:24.748+0300: 73.895: [GC (Allocation Failure) 2024-10-04T02:46:24.748+0300: 73.895: [DefNew: 1126328K->5510K(1258304K), 0.0031855 secs] 1138239K->17421K(4054528K), 0.0032517 secs] [Times: user=0.00 sys=0.00, real=0.00 secs] 
2024-10-04T02:46:24.748+0300: 73.898: Total time for which application threads were stopped: 0.0035223 seconds, Stopping threads took: 0.0001505 seconds
2024-10-04T02:46:25.100+0300: 74.253: Application time: 0.3543120 seconds
2024-10-04T02:46:25.100+0300: 74.253: [GC (Allocation Failure) 2024-10-04T02:46:25.100+0300: 74.253: [DefNew: 1124038K->5560K(1258304K), 0.0033297 secs] 1135949K->17471K(4054528K), 0.0034124 secs] [Times: user=0.00 sys=0.00, real=0.00 secs] 
2024-10-04T02:46:25.100+0300: 74.257: Total time for which application threads were stopped: 0.0037511 seconds, Stopping threads took: 0.0001770 seconds
2024-10-04T02:46:25.446+0300: 74.594: Application time: 0.3378464 seconds
2024-10-04T02:46:25.446+0300: 74.595: [GC (Allocation Failure) 2024-10-04T02:46:25.446+0300: 74.595: [DefNew: 1124088K->5599K(1258304K), 0.0031594 secs] 1135999K->17511K(4054528K), 0.0032260 secs] [Times: user=0.00 sys=0.00, real=0.00 secs] 
2024-10-04T02:46:25.450+0300: 74.598: Total time for which application threads were stopped: 0.0034729 seconds, Stopping threads took: 0.0001347 seconds
2024-10-04T02:46:25.776+0300: 74.930: Application time: 0.3319230 seconds
2024-10-04T02:46:25.776+0300: 74.930: [GC (Allocation Failure) 2024-10-04T02:46:25.776+0300: 74.930: [DefNew: 1124127K->5848K(1258304K), 0.0034687 secs] 1136039K->17760K(4054528K), 0.0035402 secs] [Times: user=0.00 sys=0.00, real=0.00 secs] 
2024-10-04T02:46:25.776+0300: 74.934: Total time for which application threads were stopped: 0.0038061 seconds, Stopping threads took: 0.0001349 seconds
2024-10-04T02:46:26.137+0300: 75.288: Application time: 0.3545884 seconds
2024-10-04T02:46:26.137+0300: 75.289: [GC (Allocation Failure) 2024-10-04T02:46:26.137+0300: 75.289: [DefNew: 1124376K->5561K(1258304K), 0.0031957 secs] 1136288K->17473K(4054528K), 0.0032698 secs] [Times: user=0.00 sys=0.00, real=0.00 secs] 
2024-10-04T02:46:26.137+0300: 75.292: Total time for which application threads were stopped: 0.0036049 seconds, Stopping threads took: 0.0002122 seconds
2024-10-04T02:46:26.482+0300: 75.640: Application time: 0.3483576 seconds
2024-10-04T02:46:26.482+0300: 75.640: [GC (Allocation Failure) 2024-10-04T02:46:26.482+0300: 75.640: [DefNew: 1124089K->5654K(1258304K), 0.0035020 secs] 1136001K->17567K(4054528K), 0.0035663 secs] [Times: user=0.00 sys=0.00, real=0.02 secs] 
2024-10-04T02:46:26.498+0300: 75.644: Total time for which application threads were stopped: 0.0038573 seconds, Stopping threads took: 0.0001623 seconds
2024-10-04T02:46:26.828+0300: 75.984: Application time: 0.3401418 seconds
2024-10-04T02:46:26.828+0300: 75.985: [GC (Allocation Failure) 2024-10-04T02:46:26.828+0300: 75.985: [DefNew: 1124182K->5642K(1258304K), 0.0037817 secs] 1136095K->17555K(4054528K), 0.0038638 secs] [Times: user=0.00 sys=0.00, real=0.01 secs] 
2024-10-04T02:46:26.843+0300: 75.988: Total time for which application threads were stopped: 0.0042804 seconds, Stopping threads took: 0.0002563 seconds
2024-10-04T02:46:27.174+0300: 76.326: Application time: 0.3378341 seconds
2024-10-04T02:46:27.174+0300: 76.327: [GC (Allocation Failure) 2024-10-04T02:46:27.174+0300: 76.327: [DefNew: 1124170K->5654K(1258304K), 0.0032242 secs] 1136083K->17567K(4054528K), 0.0033169 secs] [Times: user=0.00 sys=0.00, real=0.00 secs] 
2024-10-04T02:46:27.174+0300: 76.330: Total time for which application threads were stopped: 0.0036298 seconds, Stopping threads took: 0.0001653 seconds
2024-10-04T02:46:27.519+0300: 76.669: Application time: 0.3391315 seconds
2024-10-04T02:46:27.519+0300: 76.669: [GC (Allocation Failure) 2024-10-04T02:46:27.519+0300: 76.669: [DefNew: 1124182K->8062K(1258304K), 0.0055724 secs] 1136095K->19975K(4054528K), 0.0056469 secs] [Times: user=0.00 sys=0.00, real=0.00 secs] 
2024-10-04T02:46:27.519+0300: 76.675: Total time for which application threads were stopped: 0.0059884 seconds, Stopping threads took: 0.0002127 seconds
2024-10-04T02:46:27.880+0300: 77.027: Application time: 0.3516951 seconds
2024-10-04T02:46:27.880+0300: 77.027: [GC (Allocation Failure) 2024-10-04T02:46:27.880+0300: 77.027: [DefNew: 1126590K->5691K(1258304K), 0.0035080 secs] 1138503K->17606K(4054528K), 0.0035774 secs] [Times: user=0.00 sys=0.00, real=0.00 secs] 
2024-10-04T02:46:27.880+0300: 77.031: Total time for which application threads were stopped: 0.0038371 seconds, Stopping threads took: 0.0001280 seconds
2024-10-04T02:46:28.242+0300: 77.397: Application time: 0.3664466 seconds
2024-10-04T02:46:28.242+0300: 77.397: [GC (Allocation Failure) 2024-10-04T02:46:28.242+0300: 77.397: [DefNew: 1124219K->5503K(1258304K), 0.0031708 secs] 1136134K->17417K(4054528K), 0.0032463 secs] [Times: user=0.00 sys=0.00, real=0.00 secs] 
2024-10-04T02:46:28.242+0300: 77.401: Total time for which application threads were stopped: 0.0036014 seconds, Stopping threads took: 0.0002062 seconds
2024-10-04T02:46:28.588+0300: 77.735: Application time: 0.3343466 seconds
2024-10-04T02:46:28.588+0300: 77.735: [GC (Allocation Failure) 2024-10-04T02:46:28.588+0300: 77.735: [DefNew: 1124031K->5552K(1258304K), 0.0031515 secs] 1135945K->17466K(4054528K), 0.0032177 secs] [Times: user=0.00 sys=0.00, real=0.00 secs] 
2024-10-04T02:46:28.588+0300: 77.738: Total time for which application threads were stopped: 0.0034728 seconds, Stopping threads took: 0.0001393 seconds
2024-10-04T02:46:28.917+0300: 78.077: Application time: 0.3388017 seconds
2024-10-04T02:46:28.917+0300: 78.078: [GC (Allocation Failure) 2024-10-04T02:46:28.917+0300: 78.078: [DefNew: 1124080K->6471K(1258304K), 0.0037849 secs] 1135994K->18386K(4054528K), 0.0038643 secs] [Times: user=0.00 sys=0.00, real=0.02 secs] 
2024-10-04T02:46:28.933+0300: 78.081: Total time for which application threads were stopped: 0.0042269 seconds, Stopping threads took: 0.0002286 seconds
2024-10-04T02:46:29.263+0300: 78.422: Application time: 0.3402762 seconds
2024-10-04T02:46:29.263+0300: 78.422: [GC (Allocation Failure) 2024-10-04T02:46:29.263+0300: 78.422: [DefNew: 1124999K->5816K(1258304K), 0.0034520 secs] 1136914K->17731K(4054528K), 0.0035208 secs] [Times: user=0.00 sys=0.00, real=0.02 secs] 
2024-10-04T02:46:29.278+0300: 78.426: Total time for which application threads were stopped: 0.0038415 seconds, Stopping threads took: 0.0001983 seconds
2024-10-04T02:46:29.624+0300: 78.770: Application time: 0.3445929 seconds
2024-10-04T02:46:29.624+0300: 78.771: [GC (Allocation Failure) 2024-10-04T02:46:29.624+0300: 78.771: [DefNew: 1124344K->5695K(1258304K), 0.0033216 secs] 1136259K->17611K(4054528K), 0.0033992 secs] [Times: user=0.00 sys=0.02, real=0.00 secs] 
2024-10-04T02:46:29.624+0300: 78.774: Total time for which application threads were stopped: 0.0037298 seconds, Stopping threads took: 0.0001876 seconds
2024-10-04T02:46:29.969+0300: 79.122: Application time: 0.3478942 seconds
2024-10-04T02:46:29.969+0300: 79.122: [GC (Allocation Failure) 2024-10-04T02:46:29.969+0300: 79.122: [DefNew: 1124223K->5590K(1258304K), 0.0032593 secs] 1136139K->17505K(4054528K), 0.0033320 secs] [Times: user=0.00 sys=0.00, real=0.00 secs] 
2024-10-04T02:46:29.969+0300: 79.125: Total time for which application threads were stopped: 0.0036521 seconds, Stopping threads took: 0.0001919 seconds
2024-10-04T02:46:30.314+0300: 79.460: Application time: 0.3341981 seconds
2024-10-04T02:46:30.314+0300: 79.460: [GC (Allocation Failure) 2024-10-04T02:46:30.314+0300: 79.460: [DefNew: 1124118K->5500K(1258304K), 0.0031792 secs] 1136033K->17416K(4054528K), 0.0032477 secs] [Times: user=0.00 sys=0.00, real=0.00 secs] 
2024-10-04T02:46:30.314+0300: 79.463: Total time for which application threads were stopped: 0.0035355 seconds, Stopping threads took: 0.0001638 seconds
2024-10-04T02:46:30.643+0300: 79.801: Application time: 0.3374750 seconds
2024-10-04T02:46:30.643+0300: 79.801: [GC (Allocation Failure) 2024-10-04T02:46:30.643+0300: 79.801: [DefNew: 1124028K->9338K(1258304K), 0.0072287 secs] 1135944K->21255K(4054528K), 0.0072985 secs] [Times: user=0.00 sys=0.00, real=0.02 secs] 
2024-10-04T02:46:30.663+0300: 79.808: Total time for which application threads were stopped: 0.0075993 seconds, Stopping threads took: 0.0001868 seconds
2024-10-04T02:46:31.004+0300: 80.163: Application time: 0.3545664 seconds
2024-10-04T02:46:31.004+0300: 80.163: [GC (Allocation Failure) 2024-10-04T02:46:31.004+0300: 80.163: [DefNew: 1127866K->5709K(1258304K), 0.0037539 secs] 1139783K->17626K(4054528K), 0.0038390 secs] [Times: user=0.00 sys=0.00, real=0.02 secs] 
2024-10-04T02:46:31.020+0300: 80.167: Total time for which application threads were stopped: 0.0042181 seconds, Stopping threads took: 0.0002394 seconds
2024-10-04T02:46:31.350+0300: 80.508: Application time: 0.3405707 seconds
2024-10-04T02:46:31.350+0300: 80.508: [GC (Allocation Failure) 2024-10-04T02:46:31.350+0300: 80.508: [DefNew: 1124237K->5636K(1258304K), 0.0032907 secs] 1136154K->17553K(4054528K), 0.0033672 secs] [Times: user=0.00 sys=0.00, real=0.02 secs] 
2024-10-04T02:46:31.366+0300: 80.511: Total time for which application threads were stopped: 0.0036785 seconds, Stopping threads took: 0.0001776 seconds
2024-10-04T02:46:31.696+0300: 80.849: Application time: 0.3373914 seconds
2024-10-04T02:46:31.696+0300: 80.849: [GC (Allocation Failure) 2024-10-04T02:46:31.696+0300: 80.849: [DefNew: 1124164K->5631K(1258304K), 0.0032325 secs] 1136081K->17549K(4054528K), 0.0033091 secs] [Times: user=0.00 sys=0.00, real=0.00 secs] 
2024-10-04T02:46:31.696+0300: 80.852: Total time for which application threads were stopped: 0.0035842 seconds, Stopping threads took: 0.0001659 seconds
2024-10-04T02:46:32.041+0300: 81.194: Application time: 0.3420689 seconds
2024-10-04T02:46:32.041+0300: 81.195: [GC (Allocation Failure) 2024-10-04T02:46:32.041+0300: 81.195: [DefNew: 1124159K->7860K(1258304K), 0.0060012 secs] 1136077K->19778K(4054528K), 0.0060801 secs] [Times: user=0.00 sys=0.00, real=0.00 secs] 
2024-10-04T02:46:32.041+0300: 81.201: Total time for which application threads were stopped: 0.0063783 seconds, Stopping threads took: 0.0001702 seconds
2024-10-04T02:46:32.386+0300: 81.540: Application time: 0.3396626 seconds
2024-10-04T02:46:32.386+0300: 81.541: [GC (Allocation Failure) 2024-10-04T02:46:32.386+0300: 81.541: [DefNew: 1126388K->8099K(1258304K), 0.0053935 secs] 1138306K->20017K(4054528K), 0.0054651 secs] [Times: user=0.00 sys=0.00, real=0.00 secs] 
2024-10-04T02:46:32.386+0300: 81.546: Total time for which application threads were stopped: 0.0057559 seconds, Stopping threads took: 0.0001718 seconds
2024-10-04T02:46:32.747+0300: 81.897: Application time: 0.3505997 seconds
2024-10-04T02:46:32.747+0300: 81.897: [GC (Allocation Failure) 2024-10-04T02:46:32.747+0300: 81.897: [DefNew: 1126627K->5544K(1258304K), 0.0031805 secs] 1138545K->17462K(4054528K), 0.0032463 secs] [Times: user=0.00 sys=0.00, real=0.00 secs] 
2024-10-04T02:46:32.747+0300: 81.900: Total time for which application threads were stopped: 0.0035046 seconds, Stopping threads took: 0.0001380 seconds
2024-10-04T02:46:33.092+0300: 82.249: Application time: 0.3488180 seconds
2024-10-04T02:46:33.092+0300: 82.249: [GC (Allocation Failure) 2024-10-04T02:46:33.092+0300: 82.249: [DefNew: 1124072K->5616K(1258304K), 0.0032285 secs] 1135990K->17535K(4054528K), 0.0033088 secs] [Times: user=0.00 sys=0.00, real=0.00 secs] 
2024-10-04T02:46:33.092+0300: 82.253: Total time for which application threads were stopped: 0.0036504 seconds, Stopping threads took: 0.0002018 seconds
2024-10-04T02:46:33.437+0300: 82.585: Application time: 0.3322586 seconds
2024-10-04T02:46:33.437+0300: 82.585: [GC (Allocation Failure) 2024-10-04T02:46:33.437+0300: 82.585: [DefNew: 1124144K->5671K(1258304K), 0.0036002 secs] 1136063K->17590K(4054528K), 0.0036715 secs] [Times: user=0.00 sys=0.00, real=0.00 secs] 
2024-10-04T02:46:33.437+0300: 82.589: Total time for which application threads were stopped: 0.0039592 seconds, Stopping threads took: 0.0001486 seconds
2024-10-04T02:46:33.770+0300: 82.924: Application time: 0.3347585 seconds
2024-10-04T02:46:33.770+0300: 82.924: [GC (Allocation Failure) 2024-10-04T02:46:33.770+0300: 82.924: [DefNew: 1124199K->7561K(1258304K), 0.0049739 secs] 1136118K->19480K(4054528K), 0.0050381 secs] [Times: user=0.00 sys=0.00, real=0.01 secs] 
2024-10-04T02:46:33.783+0300: 82.929: Total time for which application threads were stopped: 0.0053254 seconds, Stopping threads took: 0.0001748 seconds
2024-10-04T02:46:34.127+0300: 83.283: Application time: 0.3537266 seconds
2024-10-04T02:46:34.127+0300: 83.283: [GC (Allocation Failure) 2024-10-04T02:46:34.127+0300: 83.283: [DefNew: 1126089K->5392K(1258304K), 0.0031405 secs] 1138008K->17311K(4054528K), 0.0032185 secs] [Times: user=0.00 sys=0.00, real=0.00 secs] 
2024-10-04T02:46:34.127+0300: 83.286: Total time for which application threads were stopped: 0.0036221 seconds, Stopping threads took: 0.0002486 seconds
2024-10-04T02:46:34.473+0300: 83.632: Application time: 0.3459514 seconds
2024-10-04T02:46:34.473+0300: 83.633: [GC (Allocation Failure) 2024-10-04T02:46:34.473+0300: 83.633: [DefNew: 1123920K->5517K(1258304K), 0.0032259 secs] 1135839K->17437K(4054528K), 0.0032959 secs] [Times: user=0.00 sys=0.00, real=0.02 secs] 
2024-10-04T02:46:34.489+0300: 83.636: Total time for which application threads were stopped: 0.0036183 seconds, Stopping threads took: 0.0002008 seconds
2024-10-04T02:46:34.818+0300: 83.975: Application time: 0.3394328 seconds
2024-10-04T02:46:34.818+0300: 83.976: [GC (Allocation Failure) 2024-10-04T02:46:34.818+0300: 83.976: [DefNew: 1124045K->5667K(1258304K), 0.0035372 secs] 1135965K->17587K(4054528K), 0.0036138 secs] [Times: user=0.01 sys=0.00, real=0.02 secs] 
2024-10-04T02:46:34.834+0300: 83.979: Total time for which application threads were stopped: 0.0039765 seconds, Stopping threads took: 0.0002260 seconds
2024-10-04T02:46:35.163+0300: 84.314: Application time: 0.3347818 seconds
2024-10-04T02:46:35.163+0300: 84.314: [GC (Allocation Failure) 2024-10-04T02:46:35.163+0300: 84.315: [DefNew: 1124195K->6843K(1258304K), 0.0045701 secs] 1136115K->18763K(4054528K), 0.0046540 secs] [Times: user=0.00 sys=0.00, real=0.01 secs] 
2024-10-04T02:46:35.174+0300: 84.319: Total time for which application threads were stopped: 0.0049500 seconds, Stopping threads took: 0.0001559 seconds
2024-10-04T02:46:35.509+0300: 84.661: Application time: 0.3421116 seconds
2024-10-04T02:46:35.509+0300: 84.662: [GC (Allocation Failure) 2024-10-04T02:46:35.509+0300: 84.662: [DefNew: 1125371K->7843K(1258304K), 0.0056372 secs] 1137291K->19764K(4054528K), 0.0057104 secs] [Times: user=0.00 sys=0.00, real=0.00 secs] 
2024-10-04T02:46:35.509+0300: 84.667: Total time for which application threads were stopped: 0.0059834 seconds, Stopping threads took: 0.0001539 seconds
2024-10-04T02:46:35.875+0300: 85.025: Application time: 0.3579146 seconds
2024-10-04T02:46:35.875+0300: 85.025: [GC (Allocation Failure) 2024-10-04T02:46:35.875+0300: 85.025: [DefNew: 1126371K->5656K(1258304K), 0.0033102 secs] 1138292K->17577K(4054528K), 0.0033819 secs] [Times: user=0.00 sys=0.00, real=0.00 secs] 
2024-10-04T02:46:35.875+0300: 85.029: Total time for which application threads were stopped: 0.0036749 seconds, Stopping threads took: 0.0001520 seconds
2024-10-04T02:46:36.215+0300: 85.371: Application time: 0.3424714 seconds
2024-10-04T02:46:36.215+0300: 85.372: [GC (Allocation Failure) 2024-10-04T02:46:36.215+0300: 85.372: [DefNew: 1124184K->5686K(1258304K), 0.0033677 secs] 1136105K->17608K(4054528K), 0.0034658 secs] [Times: user=0.00 sys=0.00, real=0.00 secs] 
2024-10-04T02:46:36.215+0300: 85.375: Total time for which application threads were stopped: 0.0037954 seconds, Stopping threads took: 0.0001807 seconds
2024-10-04T02:46:36.560+0300: 85.710: Application time: 0.3348033 seconds
2024-10-04T02:46:36.560+0300: 85.710: [GC (Allocation Failure) 2024-10-04T02:46:36.560+0300: 85.710: [DefNew: 1124214K->5623K(1258304K), 0.0032481 secs] 1136136K->17545K(4054528K), 0.0033197 secs] [Times: user=0.00 sys=0.00, real=0.00 secs] 
2024-10-04T02:46:36.560+0300: 85.714: Total time for which application threads were stopped: 0.0035659 seconds, Stopping threads took: 0.0001367 seconds
2024-10-04T02:46:36.907+0300: 86.053: Application time: 0.3393252 seconds
2024-10-04T02:46:36.907+0300: 86.053: [GC (Allocation Failure) 2024-10-04T02:46:36.907+0300: 86.053: [DefNew: 1124151K->11156K(1258304K), 0.0105134 secs] 1136073K->23078K(4054528K), 0.0105804 secs] [Times: user=0.02 sys=0.00, real=0.00 secs] 
2024-10-04T02:46:36.907+0300: 86.064: Total time for which application threads were stopped: 0.0108819 seconds, Stopping threads took: 0.0001787 seconds
2024-10-04T02:46:37.268+0300: 86.419: Application time: 0.3556250 seconds
2024-10-04T02:46:37.268+0300: 86.420: [GC (Allocation Failure) 2024-10-04T02:46:37.268+0300: 86.420: [DefNew: 1129684K->5681K(1258304K), 0.0033052 secs] 1141606K->17604K(4054528K), 0.0033790 secs] [Times: user=0.00 sys=0.00, real=0.00 secs] 
2024-10-04T02:46:37.268+0300: 86.423: Total time for which application threads were stopped: 0.0036952 seconds, Stopping threads took: 0.0001906 seconds
2024-10-04T02:46:37.613+0300: 86.770: Application time: 0.3472468 seconds
2024-10-04T02:46:37.613+0300: 86.771: [GC (Allocation Failure) 2024-10-04T02:46:37.613+0300: 86.771: [DefNew: 1124209K->5590K(1258304K), 0.0032779 secs] 1136132K->17513K(4054528K), 0.0033440 secs] [Times: user=0.00 sys=0.00, real=0.02 secs] 
2024-10-04T02:46:37.629+0300: 86.774: Total time for which application threads were stopped: 0.0036683 seconds, Stopping threads took: 0.0001772 seconds
2024-10-04T02:46:37.974+0300: 87.120: Application time: 0.3463892 seconds
2024-10-04T02:46:37.974+0300: 87.121: [GC (Allocation Failure) 2024-10-04T02:46:37.974+0300: 87.121: [DefNew: 1124118K->5448K(1258304K), 0.0030914 secs] 1136041K->17371K(4054528K), 0.0031586 secs] [Times: user=0.00 sys=0.00, real=0.00 secs] 
2024-10-04T02:46:37.974+0300: 87.124: Total time for which application threads were stopped: 0.0034294 seconds, Stopping threads took: 0.0001339 seconds
2024-10-04T02:46:38.304+0300: 87.454: Application time: 0.3303342 seconds
2024-10-04T02:46:38.304+0300: 87.454: [GC (Allocation Failure) 2024-10-04T02:46:38.304+0300: 87.454: [DefNew: 1123976K->5912K(1258304K), 0.0033645 secs] 1135899K->17836K(4054528K), 0.0034428 secs] [Times: user=0.00 sys=0.00, real=0.00 secs] 
2024-10-04T02:46:38.304+0300: 87.458: Total time for which application threads were stopped: 0.0037273 seconds, Stopping threads took: 0.0001722 seconds
2024-10-04T02:46:38.650+0300: 87.800: Application time: 0.3417118 seconds
2024-10-04T02:46:38.650+0300: 87.800: [GC (Allocation Failure) 2024-10-04T02:46:38.650+0300: 87.800: [DefNew: 1124440K->6694K(1258304K), 0.0037590 secs] 1136364K->18618K(4054528K), 0.0038258 secs] [Times: user=0.00 sys=0.00, real=0.00 secs] 
2024-10-04T02:46:38.650+0300: 87.804: Total time for which application threads were stopped: 0.0040760 seconds, Stopping threads took: 0.0001407 seconds
2024-10-04T02:46:39.011+0300: 88.158: Application time: 0.3545128 seconds
2024-10-04T02:46:39.011+0300: 88.158: [GC (Allocation Failure) 2024-10-04T02:46:39.011+0300: 88.158: [DefNew: 1125222K->5648K(1258304K), 0.0036658 secs] 1137146K->17572K(4054528K), 0.0037419 secs] [Times: user=0.00 sys=0.00, real=0.00 secs] 
2024-10-04T02:46:39.011+0300: 88.162: Total time for which application threads were stopped: 0.0040293 seconds, Stopping threads took: 0.0001495 seconds
2024-10-04T02:46:39.355+0300: 88.507: Application time: 0.3448025 seconds
2024-10-04T02:46:39.355+0300: 88.507: [GC (Allocation Failure) 2024-10-04T02:46:39.355+0300: 88.507: [DefNew: 1124176K->5418K(1258304K), 0.0030728 secs] 1136100K->17342K(4054528K), 0.0031329 secs] [Times: user=0.00 sys=0.00, real=0.00 secs] 
2024-10-04T02:46:39.355+0300: 88.510: Total time for which application threads were stopped: 0.0033933 seconds, Stopping threads took: 0.0001396 seconds
2024-10-04T02:46:39.685+0300: 88.846: Application time: 0.3353727 seconds
2024-10-04T02:46:39.701+0300: 88.846: [GC (Allocation Failure) 2024-10-04T02:46:39.701+0300: 88.846: [DefNew: 1123946K->5652K(1258304K), 0.0032762 secs] 1135870K->17577K(4054528K), 0.0033538 secs] [Times: user=0.00 sys=0.00, real=0.00 secs] 
2024-10-04T02:46:39.701+0300: 88.849: Total time for which application threads were stopped: 0.0037112 seconds, Stopping threads took: 0.0001992 seconds
2024-10-04T02:46:40.030+0300: 89.191: Application time: 0.3415464 seconds
2024-10-04T02:46:40.046+0300: 89.191: [GC (Allocation Failure) 2024-10-04T02:46:40.046+0300: 89.192: [DefNew: 1124180K->8200K(1258304K), 0.0057899 secs] 1136105K->20125K(4054528K), 0.0058809 secs] [Times: user=0.00 sys=0.00, real=0.00 secs] 
2024-10-04T02:46:40.046+0300: 89.197: Total time for which application threads were stopped: 0.0063291 seconds, Stopping threads took: 0.0002932 seconds
2024-10-04T02:46:40.392+0300: 89.543: Application time: 0.3456367 seconds
2024-10-04T02:46:40.392+0300: 89.543: [GC (Allocation Failure) 2024-10-04T02:46:40.392+0300: 89.543: [DefNew: 1126728K->5587K(1258304K), 0.0032891 secs] 1138653K->17512K(4054528K), 0.0033606 secs] [Times: user=0.00 sys=0.00, real=0.00 secs] 
2024-10-04T02:46:40.392+0300: 89.547: Total time for which application threads were stopped: 0.0036887 seconds, Stopping threads took: 0.0002004 seconds
2024-10-04T02:46:40.737+0300: 89.893: Application time: 0.3464023 seconds
2024-10-04T02:46:40.737+0300: 89.893: [GC (Allocation Failure) 2024-10-04T02:46:40.737+0300: 89.893: [DefNew: 1124115K->5595K(1258304K), 0.0031336 secs] 1136040K->17521K(4054528K), 0.0032020 secs] [Times: user=0.00 sys=0.00, real=0.00 secs] 
2024-10-04T02:46:40.737+0300: 89.897: Total time for which application threads were stopped: 0.0034646 seconds, Stopping threads took: 0.0001549 seconds
2024-10-04T02:46:41.097+0300: 90.247: Application time: 0.3504899 seconds
2024-10-04T02:46:41.097+0300: 90.247: [GC (Allocation Failure) 2024-10-04T02:46:41.097+0300: 90.247: [DefNew: 1124123K->5530K(1258304K), 0.0031827 secs] 1136049K->17456K(4054528K), 0.0032518 secs] [Times: user=0.00 sys=0.00, real=0.00 secs] 
2024-10-04T02:46:41.097+0300: 90.251: Total time for which application threads were stopped: 0.0035124 seconds, Stopping threads took: 0.0001502 seconds
2024-10-04T02:46:41.427+0300: 90.578: Application time: 0.3275305 seconds
2024-10-04T02:46:41.427+0300: 90.578: [GC (Allocation Failure) 2024-10-04T02:46:41.427+0300: 90.578: [DefNew: 1124058K->5670K(1258304K), 0.0032572 secs] 1135984K->17597K(4054528K), 0.0033267 secs] [Times: user=0.00 sys=0.00, real=0.00 secs] 
2024-10-04T02:46:41.427+0300: 90.582: Total time for which application threads were stopped: 0.0036064 seconds, Stopping threads took: 0.0001626 seconds
2024-10-04T02:46:41.772+0300: 90.924: Application time: 0.3426260 seconds
2024-10-04T02:46:41.772+0300: 90.925: [GC (Allocation Failure) 2024-10-04T02:46:41.772+0300: 90.925: [DefNew: 1124198K->5708K(1258304K), 0.0031534 secs] 1136125K->17635K(4054528K), 0.0032196 secs] [Times: user=0.00 sys=0.00, real=0.00 secs] 
2024-10-04T02:46:41.772+0300: 90.928: Total time for which application threads were stopped: 0.0034879 seconds, Stopping threads took: 0.0001655 seconds
2024-10-04T02:46:42.133+0300: 91.283: Application time: 0.3554779 seconds
2024-10-04T02:46:42.133+0300: 91.284: [GC (Allocation Failure) 2024-10-04T02:46:42.133+0300: 91.284: [DefNew: 1124236K->5611K(1258304K), 0.0032930 secs] 1136163K->17538K(4054528K), 0.0033736 secs] [Times: user=0.00 sys=0.00, real=0.00 secs] 
2024-10-04T02:46:42.133+0300: 91.287: Total time for which application threads were stopped: 0.0036899 seconds, Stopping threads took: 0.0001937 seconds
2024-10-04T02:46:42.478+0300: 91.628: Application time: 0.3411927 seconds
2024-10-04T02:46:42.478+0300: 91.628: [GC (Allocation Failure) 2024-10-04T02:46:42.478+0300: 91.629: [DefNew: 1124139K->5533K(1258304K), 0.0031360 secs] 1136066K->17460K(4054528K), 0.0032069 secs] [Times: user=0.00 sys=0.00, real=0.00 secs] 
2024-10-04T02:46:42.478+0300: 91.632: Total time for which application threads were stopped: 0.0035127 seconds, Stopping threads took: 0.0001847 seconds
2024-10-04T02:46:42.823+0300: 91.969: Application time: 0.3377006 seconds
2024-10-04T02:46:42.823+0300: 91.970: [GC (Allocation Failure) 2024-10-04T02:46:42.823+0300: 91.970: [DefNew: 1124061K->5667K(1258304K), 0.0036285 secs] 1135988K->17595K(4054528K), 0.0037032 secs] [Times: user=0.00 sys=0.00, real=0.00 secs] 
2024-10-04T02:46:42.823+0300: 91.974: Total time for which application threads were stopped: 0.0040796 seconds, Stopping threads took: 0.0002151 seconds
2024-10-04T02:46:43.153+0300: 92.310: Application time: 0.3363572 seconds
2024-10-04T02:46:43.153+0300: 92.310: [GC (Allocation Failure) 2024-10-04T02:46:43.153+0300: 92.310: [DefNew: 1124195K->5881K(1258304K), 0.0033707 secs] 1136123K->17808K(4054528K), 0.0034452 secs] [Times: user=0.00 sys=0.00, real=0.00 secs] 
2024-10-04T02:46:43.153+0300: 92.314: Total time for which application threads were stopped: 0.0038114 seconds, Stopping threads took: 0.0002435 seconds
2024-10-04T02:46:43.499+0300: 92.657: Application time: 0.3437022 seconds
2024-10-04T02:46:43.499+0300: 92.658: [GC (Allocation Failure) 2024-10-04T02:46:43.499+0300: 92.658: [DefNew: 1124409K->5843K(1258304K), 0.0034300 secs] 1136336K->17771K(4054528K), 0.0034951 secs] [Times: user=0.00 sys=0.00, real=0.01 secs] 
2024-10-04T02:46:43.514+0300: 92.661: Total time for which application threads were stopped: 0.0038095 seconds, Stopping threads took: 0.0001892 seconds
2024-10-04T02:46:43.860+0300: 93.016: Application time: 0.3551364 seconds
2024-10-04T02:46:43.860+0300: 93.017: [GC (Allocation Failure) 2024-10-04T02:46:43.860+0300: 93.017: [DefNew: 1124371K->5661K(1258304K), 0.0032925 secs] 1136299K->17589K(4054528K), 0.0033652 secs] [Times: user=0.00 sys=0.00, real=0.00 secs] 
2024-10-04T02:46:43.860+0300: 93.020: Total time for which application threads were stopped: 0.0037004 seconds, Stopping threads took: 0.0001967 seconds
2024-10-04T02:46:44.205+0300: 93.357: Application time: 0.3371149 seconds
2024-10-04T02:46:44.205+0300: 93.357: [GC (Allocation Failure) 2024-10-04T02:46:44.205+0300: 93.357: [DefNew: 1124189K->5641K(1258304K), 0.0032872 secs] 1136117K->17569K(4054528K), 0.0033559 secs] [Times: user=0.00 sys=0.00, real=0.00 secs] 
2024-10-04T02:46:44.205+0300: 93.361: Total time for which application threads were stopped: 0.0036519 seconds, Stopping threads took: 0.0001714 seconds
2024-10-04T02:46:44.535+0300: 93.693: Application time: 0.3320437 seconds
2024-10-04T02:46:44.535+0300: 93.693: [GC (Allocation Failure) 2024-10-04T02:46:44.535+0300: 93.693: [DefNew: 1124169K->5987K(1258304K), 0.0035076 secs] 1136097K->17916K(4054528K), 0.0035804 secs] [Times: user=0.00 sys=0.00, real=0.01 secs] 
2024-10-04T02:46:44.550+0300: 93.697: Total time for which application threads were stopped: 0.0039039 seconds, Stopping threads took: 0.0001841 seconds
2024-10-04T02:46:44.880+0300: 94.038: Application time: 0.3407833 seconds
2024-10-04T02:46:44.880+0300: 94.038: [GC (Allocation Failure) 2024-10-04T02:46:44.880+0300: 94.038: [DefNew: 1124515K->8101K(1258304K), 0.0057098 secs] 1136444K->20031K(4054528K), 0.0057849 secs] [Times: user=0.03 sys=0.00, real=0.02 secs] 
2024-10-04T02:46:44.897+0300: 94.044: Total time for which application threads were stopped: 0.0061089 seconds, Stopping threads took: 0.0001986 seconds
2024-10-04T02:46:45.241+0300: 94.393: Application time: 0.3489070 seconds
2024-10-04T02:46:45.241+0300: 94.393: [GC (Allocation Failure) 2024-10-04T02:46:45.241+0300: 94.393: [DefNew: 1126629K->5558K(1258304K), 0.0031812 secs] 1138559K->17488K(4054528K), 0.0032541 secs] [Times: user=0.00 sys=0.00, real=0.00 secs] 
2024-10-04T02:46:45.241+0300: 94.396: Total time for which application threads were stopped: 0.0034918 seconds, Stopping threads took: 0.0001260 seconds
2024-10-04T02:46:45.586+0300: 94.743: Application time: 0.3468043 seconds
2024-10-04T02:46:45.586+0300: 94.743: [GC (Allocation Failure) 2024-10-04T02:46:45.586+0300: 94.743: [DefNew: 1124086K->5469K(1258304K), 0.0035368 secs] 1136016K->17399K(4054528K), 0.0035991 secs] [Times: user=0.00 sys=0.00, real=0.01 secs] 
2024-10-04T02:46:45.599+0300: 94.747: Total time for which application threads were stopped: 0.0039779 seconds, Stopping threads took: 0.0002382 seconds
2024-10-04T02:46:45.947+0300: 95.095: Application time: 0.3477584 seconds
2024-10-04T02:46:45.947+0300: 95.095: [GC (Allocation Failure) 2024-10-04T02:46:45.947+0300: 95.095: [DefNew: 1123997K->6457K(1258304K), 0.0039126 secs] 1135927K->18387K(4054528K), 0.0039928 secs] [Times: user=0.00 sys=0.00, real=0.00 secs] 
2024-10-04T02:46:45.947+0300: 95.099: Total time for which application threads were stopped: 0.0043032 seconds, Stopping threads took: 0.0001622 seconds
2024-10-04T02:46:46.276+0300: 95.429: Application time: 0.3302261 seconds
2024-10-04T02:46:46.276+0300: 95.429: [GC (Allocation Failure) 2024-10-04T02:46:46.276+0300: 95.429: [DefNew: 1124985K->5714K(1258304K), 0.0032828 secs] 1136915K->17645K(4054528K), 0.0033612 secs] [Times: user=0.00 sys=0.00, real=0.00 secs] 
2024-10-04T02:46:46.276+0300: 95.433: Total time for which application threads were stopped: 0.0036758 seconds, Stopping threads took: 0.0001940 seconds
2024-10-04T02:46:46.622+0300: 95.778: Application time: 0.3452638 seconds
2024-10-04T02:46:46.622+0300: 95.778: [GC (Allocation Failure) 2024-10-04T02:46:46.622+0300: 95.778: [DefNew: 1124242K->6012K(1258304K), 0.0034374 secs] 1136173K->17943K(4054528K), 0.0035063 secs] [Times: user=0.00 sys=0.00, real=0.00 secs] 
2024-10-04T02:46:46.622+0300: 95.782: Total time for which application threads were stopped: 0.0038298 seconds, Stopping threads took: 0.0002007 seconds
2024-10-04T02:46:46.983+0300: 96.134: Application time: 0.3516636 seconds
2024-10-04T02:46:46.983+0300: 96.134: [GC (Allocation Failure) 2024-10-04T02:46:46.983+0300: 96.134: [DefNew: 1124540K->5666K(1258304K), 0.0033692 secs] 1136471K->17597K(4054528K), 0.0034392 secs] [Times: user=0.00 sys=0.00, real=0.00 secs] 
2024-10-04T02:46:46.983+0300: 96.137: Total time for which application threads were stopped: 0.0037670 seconds, Stopping threads took: 0.0001714 seconds
2024-10-04T02:46:47.329+0300: 96.479: Application time: 0.3421297 seconds
2024-10-04T02:46:47.329+0300: 96.480: [GC (Allocation Failure) 2024-10-04T02:46:47.329+0300: 96.480: [DefNew: 1124194K->5708K(1258304K), 0.0033197 secs] 1136125K->17640K(4054528K), 0.0033941 secs] [Times: user=0.00 sys=0.00, real=0.00 secs] 
2024-10-04T02:46:47.329+0300: 96.483: Total time for which application threads were stopped: 0.0036963 seconds, Stopping threads took: 0.0001705 seconds
2024-10-04T02:46:47.658+0300: 96.813: Application time: 0.3296855 seconds
2024-10-04T02:46:47.658+0300: 96.813: [GC (Allocation Failure) 2024-10-04T02:46:47.658+0300: 96.813: [DefNew: 1124236K->6938K(1258304K), 0.0047073 secs] 1136168K->18870K(4054528K), 0.0047771 secs] [Times: user=0.00 sys=0.00, real=0.00 secs] 
2024-10-04T02:46:47.658+0300: 96.818: Total time for which application threads were stopped: 0.0050691 seconds, Stopping threads took: 0.0001762 seconds
2024-10-04T02:46:48.004+0300: 97.163: Application time: 0.3449534 seconds
2024-10-04T02:46:48.004+0300: 97.163: [GC (Allocation Failure) 2024-10-04T02:46:48.004+0300: 97.163: [DefNew: 1125466K->8704K(1258304K), 0.0065069 secs] 1137398K->20636K(4054528K), 0.0065931 secs] [Times: user=0.02 sys=0.00, real=0.02 secs] 
2024-10-04T02:46:48.020+0300: 97.170: Total time for which application threads were stopped: 0.0068824 seconds, Stopping threads took: 0.0001416 seconds
2024-10-04T02:46:48.365+0300: 97.516: Application time: 0.3464360 seconds
2024-10-04T02:46:48.365+0300: 97.516: [GC (Allocation Failure) 2024-10-04T02:46:48.365+0300: 97.517: [DefNew: 1127232K->5789K(1258304K), 0.0033749 secs] 1139164K->17722K(4054528K), 0.0034558 secs] [Times: user=0.00 sys=0.00, real=0.00 secs] 
2024-10-04T02:46:48.365+0300: 97.520: Total time for which application threads were stopped: 0.0037599 seconds, Stopping threads took: 0.0001627 seconds
2024-10-04T02:46:48.711+0300: 97.864: Application time: 0.3436460 seconds
2024-10-04T02:46:48.711+0300: 97.864: [GC (Allocation Failure) 2024-10-04T02:46:48.711+0300: 97.864: [DefNew: 1124317K->5525K(1258304K), 0.0031338 secs] 1136250K->17457K(4054528K), 0.0032002 secs] [Times: user=0.00 sys=0.00, real=0.00 secs] 
2024-10-04T02:46:48.711+0300: 97.867: Total time for which application threads were stopped: 0.0034974 seconds, Stopping threads took: 0.0001813 seconds
2024-10-04T02:46:49.056+0300: 98.210: Application time: 0.3424997 seconds
2024-10-04T02:46:49.056+0300: 98.210: [GC (Allocation Failure) 2024-10-04T02:46:49.056+0300: 98.210: [DefNew: 1124053K->5605K(1258304K), 0.0033270 secs] 1135985K->17538K(4054528K), 0.0033987 secs] [Times: user=0.00 sys=0.00, real=0.00 secs] 
2024-10-04T02:46:49.056+0300: 98.213: Total time for which application threads were stopped: 0.0037352 seconds, Stopping threads took: 0.0002111 seconds
2024-10-04T02:46:49.401+0300: 98.549: Application time: 0.3351824 seconds
2024-10-04T02:46:49.401+0300: 98.549: [GC (Allocation Failure) 2024-10-04T02:46:49.401+0300: 98.549: [DefNew: 1124133K->7408K(1258304K), 0.0051627 secs] 1136066K->19342K(4054528K), 0.0052310 secs] [Times: user=0.00 sys=0.00, real=0.01 secs] 
2024-10-04T02:46:49.407+0300: 98.554: Total time for which application threads were stopped: 0.0054767 seconds, Stopping threads took: 0.0001380 seconds
2024-10-04T02:46:49.747+0300: 98.893: Application time: 0.3385901 seconds
2024-10-04T02:46:49.747+0300: 98.893: [GC (Allocation Failure) 2024-10-04T02:46:49.747+0300: 98.893: [DefNew: 1125936K->6698K(1258304K), 0.0041372 secs] 1137870K->18632K(4054528K), 0.0042003 secs] [Times: user=0.00 sys=0.00, real=0.00 secs] 
2024-10-04T02:46:49.747+0300: 98.897: Total time for which application threads were stopped: 0.0044398 seconds, Stopping threads took: 0.0001297 seconds
2024-10-04T02:46:50.109+0300: 99.257: Application time: 0.3596090 seconds
2024-10-04T02:46:50.109+0300: 99.257: [GC (Allocation Failure) 2024-10-04T02:46:50.109+0300: 99.257: [DefNew: 1125226K->5553K(1258304K), 0.0032900 secs] 1137160K->17487K(4054528K), 0.0033648 secs] [Times: user=0.00 sys=0.00, real=0.00 secs] 
2024-10-04T02:46:50.109+0300: 99.260: Total time for which application threads were stopped: 0.0036626 seconds, Stopping threads took: 0.0001713 seconds
2024-10-04T02:46:50.453+0300: 99.606: Application time: 0.3455875 seconds
2024-10-04T02:46:50.453+0300: 99.606: [GC (Allocation Failure) 2024-10-04T02:46:50.453+0300: 99.606: [DefNew: 1124081K->5610K(1258304K), 0.0032036 secs] 1136015K->17544K(4054528K), 0.0032757 secs] [Times: user=0.00 sys=0.00, real=0.00 secs] 
2024-10-04T02:46:50.453+0300: 99.610: Total time for which application threads were stopped: 0.0035606 seconds, Stopping threads took: 0.0001646 seconds
2024-10-04T02:46:50.782+0300: 99.941: Application time: 0.3316280 seconds
2024-10-04T02:46:50.782+0300: 99.941: [GC (Allocation Failure) 2024-10-04T02:46:50.782+0300: 99.941: [DefNew: 1124138K->5558K(1258304K), 0.0032689 secs] 1136072K->17493K(4054528K), 0.0033385 secs] [Times: user=0.00 sys=0.00, real=0.02 secs] 
2024-10-04T02:46:50.798+0300: 99.945: Total time for which application threads were stopped: 0.0036746 seconds, Stopping threads took: 0.0002108 seconds
2024-10-04T02:46:51.144+0300: 100.290: Application time: 0.3453257 seconds
2024-10-04T02:46:51.144+0300: 100.290: [GC (Allocation Failure) 2024-10-04T02:46:51.144+0300: 100.290: [DefNew: 1124086K->7685K(1258304K), 0.0052507 secs] 1136021K->19620K(4054528K), 0.0053262 secs] [Times: user=0.00 sys=0.00, real=0.00 secs] 
2024-10-04T02:46:51.144+0300: 100.296: Total time for which application threads were stopped: 0.0055888 seconds, Stopping threads took: 0.0001466 seconds
2024-10-04T02:46:51.490+0300: 100.643: Application time: 0.3474822 seconds
2024-10-04T02:46:51.490+0300: 100.643: [GC (Allocation Failure) 2024-10-04T02:46:51.490+0300: 100.644: [DefNew: 1126213K->5626K(1258304K), 0.0031942 secs] 1138148K->17561K(4054528K), 0.0032652 secs] [Times: user=0.00 sys=0.00, real=0.00 secs] 
2024-10-04T02:46:51.490+0300: 100.647: Total time for which application threads were stopped: 0.0035598 seconds, Stopping threads took: 0.0001736 seconds
2024-10-04T02:46:51.851+0300: 100.999: Application time: 0.3518349 seconds
2024-10-04T02:46:51.851+0300: 100.999: [GC (Allocation Failure) 2024-10-04T02:46:51.851+0300: 100.999: [DefNew: 1124154K->5621K(1258304K), 0.0035060 secs] 1136089K->17557K(4054528K), 0.0035787 secs] [Times: user=0.00 sys=0.00, real=0.00 secs] 
2024-10-04T02:46:51.851+0300: 101.003: Total time for which application threads were stopped: 0.0038882 seconds, Stopping threads took: 0.0001577 seconds
2024-10-04T02:46:52.180+0300: 101.340: Application time: 0.3378448 seconds
2024-10-04T02:46:52.195+0300: 101.341: [GC (Allocation Failure) 2024-10-04T02:46:52.195+0300: 101.341: [DefNew: 1124149K->5677K(1258304K), 0.0033490 secs] 1136085K->17613K(4054528K), 0.0034415 secs] [Times: user=0.00 sys=0.00, real=0.00 secs] 
2024-10-04T02:46:52.195+0300: 101.344: Total time for which application threads were stopped: 0.0038846 seconds, Stopping threads took: 0.0003078 seconds
2024-10-04T02:46:52.525+0300: 101.678: Application time: 0.3333462 seconds
2024-10-04T02:46:52.525+0300: 101.678: [GC (Allocation Failure) 2024-10-04T02:46:52.525+0300: 101.678: [DefNew: 1124205K->9312K(1258304K), 0.0072636 secs] 1136141K->21248K(4054528K), 0.0073322 secs] [Times: user=0.00 sys=0.00, real=0.00 secs] 
2024-10-04T02:46:52.525+0300: 101.685: Total time for which application threads were stopped: 0.0076092 seconds, Stopping threads took: 0.0001652 seconds
2024-10-04T02:46:52.886+0300: 102.033: Application time: 0.3481933 seconds
2024-10-04T02:46:52.886+0300: 102.034: [GC (Allocation Failure) 2024-10-04T02:46:52.886+0300: 102.034: [DefNew: 1127840K->7622K(1258304K), 0.0054958 secs] 1139776K->19558K(4054528K), 0.0055740 secs] [Times: user=0.00 sys=0.00, real=0.00 secs] 
2024-10-04T02:46:52.886+0300: 102.039: Total time for which application threads were stopped: 0.0059295 seconds, Stopping threads took: 0.0002131 seconds
2024-10-04T02:46:53.232+0300: 102.390: Application time: 0.3502711 seconds
2024-10-04T02:46:53.232+0300: 102.390: [GC (Allocation Failure) 2024-10-04T02:46:53.232+0300: 102.390: [DefNew: 1126150K->5481K(1258304K), 0.0032899 secs] 1138086K->17418K(4054528K), 0.0033584 secs] [Times: user=0.00 sys=0.00, real=0.02 secs] 
2024-10-04T02:46:53.248+0300: 102.393: Total time for which application threads were stopped: 0.0036736 seconds, Stopping threads took: 0.0001939 seconds
2024-10-04T02:46:53.577+0300: 102.734: Application time: 0.3407111 seconds
2024-10-04T02:46:53.577+0300: 102.734: [GC (Allocation Failure) 2024-10-04T02:46:53.577+0300: 102.734: [DefNew: 1124009K->5600K(1258304K), 0.0032170 secs] 1135946K->17537K(4054528K), 0.0032869 secs] [Times: user=0.00 sys=0.00, real=0.00 secs] 
2024-10-04T02:46:53.577+0300: 102.738: Total time for which application threads were stopped: 0.0036028 seconds, Stopping threads took: 0.0001933 seconds
2024-10-04T02:46:53.923+0300: 103.075: Application time: 0.3375754 seconds
2024-10-04T02:46:53.923+0300: 103.076: [GC (Allocation Failure) 2024-10-04T02:46:53.923+0300: 103.076: [DefNew: 1124128K->5811K(1258304K), 0.0034548 secs] 1136065K->17749K(4054528K), 0.0035322 secs] [Times: user=0.00 sys=0.00, real=0.00 secs] 
2024-10-04T02:46:53.923+0300: 103.079: Total time for which application threads were stopped: 0.0039551 seconds, Stopping threads took: 0.0002722 seconds
2024-10-04T02:46:54.268+0300: 103.413: Application time: 0.3338523 seconds
2024-10-04T02:46:54.268+0300: 103.413: [GC (Allocation Failure) 2024-10-04T02:46:54.268+0300: 103.413: [DefNew: 1124339K->7649K(1258304K), 0.0049362 secs] 1136277K->19587K(4054528K), 0.0050102 secs] [Times: user=0.00 sys=0.00, real=0.00 secs] 
2024-10-04T02:46:54.268+0300: 103.418: Total time for which application threads were stopped: 0.0052962 seconds, Stopping threads took: 0.0001642 seconds
2024-10-04T02:46:54.613+0300: 103.761: Application time: 0.3429325 seconds
2024-10-04T02:46:54.613+0300: 103.761: [GC (Allocation Failure) 2024-10-04T02:46:54.613+0300: 103.762: [DefNew: 1126177K->5604K(1258304K), 0.0031859 secs] 1138115K->17543K(4054528K), 0.0032674 secs] [Times: user=0.00 sys=0.00, real=0.00 secs] 
2024-10-04T02:46:54.613+0300: 103.765: Total time for which application threads were stopped: 0.0035694 seconds, Stopping threads took: 0.0001794 seconds
2024-10-04T02:46:54.974+0300: 104.120: Application time: 0.3556929 seconds
2024-10-04T02:46:54.974+0300: 104.121: [GC (Allocation Failure) 2024-10-04T02:46:54.974+0300: 104.121: [DefNew: 1124132K->5571K(1258304K), 0.0035262 secs] 1136071K->17509K(4054528K), 0.0036056 secs] [Times: user=0.00 sys=0.00, real=0.00 secs] 
2024-10-04T02:46:54.974+0300: 104.124: Total time for which application threads were stopped: 0.0039341 seconds, Stopping threads took: 0.0001833 seconds
2024-10-04T02:46:55.319+0300: 104.464: Application time: 0.3396737 seconds
2024-10-04T02:46:55.319+0300: 104.464: [GC (Allocation Failure) 2024-10-04T02:46:55.319+0300: 104.464: [DefNew: 1124099K->5520K(1258304K), 0.0032931 secs] 1136037K->17459K(4054528K), 0.0033637 secs] [Times: user=0.00 sys=0.00, real=0.00 secs] 
2024-10-04T02:46:55.322+0300: 104.468: Total time for which application threads were stopped: 0.0036620 seconds, Stopping threads took: 0.0001720 seconds
2024-10-04T02:46:55.649+0300: 104.796: Application time: 0.3285753 seconds
2024-10-04T02:46:55.649+0300: 104.797: [GC (Allocation Failure) 2024-10-04T02:46:55.649+0300: 104.797: [DefNew: 1124048K->5614K(1258304K), 0.0032049 secs] 1135987K->17553K(4054528K), 0.0032732 secs] [Times: user=0.00 sys=0.00, real=0.00 secs] 
2024-10-04T02:46:55.649+0300: 104.800: Total time for which application threads were stopped: 0.0035653 seconds, Stopping threads took: 0.0001743 seconds
2024-10-04T02:46:55.994+0300: 105.150: Application time: 0.3503876 seconds
2024-10-04T02:46:55.994+0300: 105.151: [GC (Allocation Failure) 2024-10-04T02:46:55.994+0300: 105.151: [DefNew: 1124142K->9883K(1258304K), 0.0086029 secs] 1136081K->21823K(4054528K), 0.0086755 secs] [Times: user=0.00 sys=0.00, real=0.02 secs] 
2024-10-04T02:46:56.010+0300: 105.159: Total time for which application threads were stopped: 0.0090345 seconds, Stopping threads took: 0.0002260 seconds
2024-10-04T02:46:56.355+0300: 105.513: Application time: 0.3541442 seconds
2024-10-04T02:46:56.355+0300: 105.514: [GC (Allocation Failure) 2024-10-04T02:46:56.355+0300: 105.514: [DefNew: 1128411K->5423K(1258304K), 0.0031575 secs] 1140351K->17363K(4054528K), 0.0032231 secs] [Times: user=0.00 sys=0.00, real=0.02 secs] 
2024-10-04T02:46:56.371+0300: 105.517: Total time for which application threads were stopped: 0.0035047 seconds, Stopping threads took: 0.0001649 seconds
2024-10-04T02:46:56.701+0300: 105.858: Application time: 0.3407705 seconds
2024-10-04T02:46:56.701+0300: 105.858: [GC (Allocation Failure) 2024-10-04T02:46:56.701+0300: 105.858: [DefNew: 1123951K->5561K(1258304K), 0.0031093 secs] 1135891K->17501K(4054528K), 0.0031812 secs] [Times: user=0.00 sys=0.00, real=0.00 secs] 
2024-10-04T02:46:56.701+0300: 105.861: Total time for which application threads were stopped: 0.0034228 seconds, Stopping threads took: 0.0001241 seconds
2024-10-04T02:46:57.047+0300: 106.199: Application time: 0.3379418 seconds
2024-10-04T02:46:57.047+0300: 106.199: [GC (Allocation Failure) 2024-10-04T02:46:57.047+0300: 106.200: [DefNew: 1124089K->5702K(1258304K), 0.0032847 secs] 1136029K->17643K(4054528K), 0.0034275 secs] [Times: user=0.00 sys=0.00, real=0.00 secs] 
2024-10-04T02:46:57.047+0300: 106.203: Total time for which application threads were stopped: 0.0037856 seconds, Stopping threads took: 0.0002143 seconds
2024-10-04T02:46:57.392+0300: 106.539: Application time: 0.3358310 seconds
2024-10-04T02:46:57.392+0300: 106.539: [GC (Allocation Failure) 2024-10-04T02:46:57.392+0300: 106.539: [DefNew: 1124230K->8467K(1258304K), 0.0058824 secs] 1136171K->20408K(4054528K), 0.0059478 secs] [Times: user=0.00 sys=0.00, real=0.00 secs] 
2024-10-04T02:46:57.392+0300: 106.545: Total time for which application threads were stopped: 0.0061793 seconds, Stopping threads took: 0.0001205 seconds
2024-10-04T02:46:57.737+0300: 106.891: Application time: 0.3456223 seconds
2024-10-04T02:46:57.737+0300: 106.891: [GC (Allocation Failure) 2024-10-04T02:46:57.737+0300: 106.891: [DefNew: 1126995K->5740K(1258304K), 0.0032843 secs] 1138936K->17681K(4054528K), 0.0033551 secs] [Times: user=0.00 sys=0.00, real=0.00 secs] 
2024-10-04T02:46:57.737+0300: 106.894: Total time for which application threads were stopped: 0.0036687 seconds, Stopping threads took: 0.0002055 seconds
2024-10-04T02:46:58.098+0300: 107.249: Application time: 0.3550111 seconds
2024-10-04T02:46:58.098+0300: 107.250: [GC (Allocation Failure) 2024-10-04T02:46:58.098+0300: 107.250: [DefNew: 1124268K->5542K(1258304K), 0.0032384 secs] 1136209K->17483K(4054528K), 0.0033133 secs] [Times: user=0.00 sys=0.00, real=0.00 secs] 
2024-10-04T02:46:58.098+0300: 107.253: Total time for which application threads were stopped: 0.0036357 seconds, Stopping threads took: 0.0001773 seconds
2024-10-04T02:46:58.443+0300: 107.595: Application time: 0.3422897 seconds
2024-10-04T02:46:58.443+0300: 107.595: [GC (Allocation Failure) 2024-10-04T02:46:58.443+0300: 107.596: [DefNew: 1124070K->5807K(1258304K), 0.0034001 secs] 1136011K->17748K(4054528K), 0.0034714 secs] [Times: user=0.00 sys=0.00, real=0.00 secs] 
2024-10-04T02:46:58.443+0300: 107.599: Total time for which application threads were stopped: 0.0038288 seconds, Stopping threads took: 0.0001934 seconds
2024-10-04T02:46:58.773+0300: 107.926: Application time: 0.3273001 seconds
2024-10-04T02:46:58.773+0300: 107.927: [GC (Allocation Failure) 2024-10-04T02:46:58.773+0300: 107.927: [DefNew: 1124335K->5438K(1258304K), 0.0030342 secs] 1136276K->17380K(4054528K), 0.0031061 secs] [Times: user=0.00 sys=0.00, real=0.00 secs] 
2024-10-04T02:46:58.773+0300: 107.930: Total time for which application threads were stopped: 0.0033578 seconds, Stopping threads took: 0.0001507 seconds
2024-10-04T02:46:59.131+0300: 108.279: Application time: 0.3490542 seconds
2024-10-04T02:46:59.131+0300: 108.279: [GC (Allocation Failure) 2024-10-04T02:46:59.131+0300: 108.279: [DefNew: 1123966K->6643K(1258304K), 0.0038211 secs] 1135908K->18585K(4054528K), 0.0038965 secs] [Times: user=0.00 sys=0.00, real=0.00 secs] 
2024-10-04T02:46:59.134+0300: 108.283: Total time for which application threads were stopped: 0.0041863 seconds, Stopping threads took: 0.0001669 seconds
2024-10-04T02:46:59.479+0300: 108.631: Application time: 0.3485062 seconds
2024-10-04T02:46:59.479+0300: 108.632: [GC (Allocation Failure) 2024-10-04T02:46:59.479+0300: 108.632: [DefNew: 1125171K->5605K(1258304K), 0.0031599 secs] 1137113K->17548K(4054528K), 0.0032266 secs] [Times: user=0.00 sys=0.00, real=0.00 secs] 
2024-10-04T02:46:59.479+0300: 108.635: Total time for which application threads were stopped: 0.0034857 seconds, Stopping threads took: 0.0001477 seconds
2024-10-04T02:46:59.833+0300: 108.981: Application time: 0.3457067 seconds
2024-10-04T02:46:59.833+0300: 108.981: [GC (Allocation Failure) 2024-10-04T02:46:59.833+0300: 108.981: [DefNew: 1124133K->5737K(1258304K), 0.0034567 secs] 1136076K->17679K(4054528K), 0.0035261 secs] [Times: user=0.00 sys=0.00, real=0.00 secs] 
2024-10-04T02:46:59.833+0300: 108.984: Total time for which application threads were stopped: 0.0038712 seconds, Stopping threads took: 0.0002260 seconds
2024-10-04T02:47:00.186+0300: 109.332: Application time: 0.3476081 seconds
2024-10-04T02:47:00.186+0300: 109.332: [GC (Allocation Failure) 2024-10-04T02:47:00.186+0300: 109.332: [DefNew: 1124265K->5654K(1258304K), 0.0034731 secs] 1136207K->17597K(4054528K), 0.0036250 secs] [Times: user=0.00 sys=0.00, real=0.00 secs] 
2024-10-04T02:47:00.186+0300: 109.336: Total time for which application threads were stopped: 0.0039012 seconds, Stopping threads took: 0.0001473 seconds
2024-10-04T02:47:00.516+0300: 109.667: Application time: 0.3308666 seconds
2024-10-04T02:47:00.516+0300: 109.667: [GC (Allocation Failure) 2024-10-04T02:47:00.516+0300: 109.667: [DefNew: 1124182K->9366K(1258304K), 0.0076166 secs] 1136125K->21309K(4054528K), 0.0076984 secs] [Times: user=0.00 sys=0.00, real=0.00 secs] 
2024-10-04T02:47:00.516+0300: 109.675: Total time for which application threads were stopped: 0.0080077 seconds, Stopping threads took: 0.0001870 seconds
2024-10-04T02:47:00.877+0300: 110.024: Application time: 0.3493320 seconds
2024-10-04T02:47:00.877+0300: 110.024: [GC (Allocation Failure) 2024-10-04T02:47:00.877+0300: 110.024: [DefNew: 1127894K->7442K(1258304K), 0.0050207 secs] 1139837K->19386K(4054528K), 0.0050951 secs] [Times: user=0.00 sys=0.00, real=0.00 secs] 
2024-10-04T02:47:00.877+0300: 110.030: Total time for which application threads were stopped: 0.0053777 seconds, Stopping threads took: 0.0001385 seconds
2024-10-04T02:47:01.222+0300: 110.378: Application time: 0.3482155 seconds
2024-10-04T02:47:01.222+0300: 110.378: [GC (Allocation Failure) 2024-10-04T02:47:01.222+0300: 110.378: [DefNew: 1125970K->5578K(1258304K), 0.0032344 secs] 1137914K->17522K(4054528K), 0.0033047 secs] [Times: user=0.00 sys=0.00, real=0.01 secs] 
2024-10-04T02:47:01.236+0300: 110.381: Total time for which application threads were stopped: 0.0035946 seconds, Stopping threads took: 0.0001730 seconds
2024-10-04T02:47:01.568+0300: 110.722: Application time: 0.3405846 seconds
2024-10-04T02:47:01.568+0300: 110.722: [GC (Allocation Failure) 2024-10-04T02:47:01.568+0300: 110.722: [DefNew: 1124106K->5623K(1258304K), 0.0032271 secs] 1136050K->17567K(4054528K), 0.0032939 secs] [Times: user=0.00 sys=0.00, real=0.00 secs] 
2024-10-04T02:47:01.568+0300: 110.726: Total time for which application threads were stopped: 0.0036322 seconds, Stopping threads took: 0.0002175 seconds
2024-10-04T02:47:01.913+0300: 111.065: Application time: 0.3389478 seconds
2024-10-04T02:47:01.913+0300: 111.065: [GC (Allocation Failure) 2024-10-04T02:47:01.913+0300: 111.065: [DefNew: 1124151K->7065K(1258304K), 0.0050351 secs] 1136095K->19010K(4054528K), 0.0051141 secs] [Times: user=0.00 sys=0.00, real=0.00 secs] 
2024-10-04T02:47:01.913+0300: 111.070: Total time for which application threads were stopped: 0.0054582 seconds, Stopping threads took: 0.0001810 seconds
2024-10-04T02:47:02.259+0300: 111.409: Application time: 0.3390909 seconds
2024-10-04T02:47:02.259+0300: 111.409: [GC (Allocation Failure) 2024-10-04T02:47:02.259+0300: 111.409: [DefNew: 1125593K->5598K(1258304K), 0.0032284 secs] 1137538K->17543K(4054528K), 0.0032967 secs] [Times: user=0.00 sys=0.00, real=0.00 secs] 
2024-10-04T02:47:02.259+0300: 111.413: Total time for which application threads were stopped: 0.0035340 seconds, Stopping threads took: 0.0001188 seconds
2024-10-04T02:47:02.603+0300: 111.762: Application time: 0.3489178 seconds
2024-10-04T02:47:02.603+0300: 111.762: [GC (Allocation Failure) 2024-10-04T02:47:02.603+0300: 111.762: [DefNew: 1124126K->5477K(1258304K), 0.0032658 secs] 1136071K->17422K(4054528K), 0.0033318 secs] [Times: user=0.00 sys=0.00, real=0.02 secs] 
2024-10-04T02:47:02.619+0300: 111.765: Total time for which application threads were stopped: 0.0036443 seconds, Stopping threads took: 0.0001961 seconds
2024-10-04T02:47:02.964+0300: 112.115: Application time: 0.3495611 seconds
2024-10-04T02:47:02.964+0300: 112.115: [GC (Allocation Failure) 2024-10-04T02:47:02.964+0300: 112.115: [DefNew: 1124005K->5467K(1258304K), 0.0031775 secs] 1135950K->17412K(4054528K), 0.0032499 secs] [Times: user=0.00 sys=0.00, real=0.00 secs] 
2024-10-04T02:47:02.964+0300: 112.118: Total time for which application threads were stopped: 0.0036233 seconds, Stopping threads took: 0.0002190 seconds
2024-10-04T02:47:03.310+0300: 112.455: Application time: 0.3368982 seconds
2024-10-04T02:47:03.310+0300: 112.456: [GC (Allocation Failure) 2024-10-04T02:47:03.310+0300: 112.456: [DefNew: 1123995K->5744K(1258304K), 0.0033499 secs] 1135940K->17690K(4054528K), 0.0034178 secs] [Times: user=0.00 sys=0.00, real=0.00 secs] 
2024-10-04T02:47:03.310+0300: 112.459: Total time for which application threads were stopped: 0.0036854 seconds, Stopping threads took: 0.0001506 seconds
2024-10-04T02:47:03.642+0300: 112.791: Application time: 0.3323466 seconds
2024-10-04T02:47:03.642+0300: 112.792: [GC (Allocation Failure) 2024-10-04T02:47:03.642+0300: 112.792: [DefNew: 1124272K->7748K(1258304K), 0.0050822 secs] 1136218K->19694K(4054528K), 0.0051495 secs] [Times: user=0.00 sys=0.00, real=0.00 secs] 
2024-10-04T02:47:03.642+0300: 112.797: Total time for which application threads were stopped: 0.0054703 seconds, Stopping threads took: 0.0002040 seconds
2024-10-04T02:47:03.986+0300: 113.144: Application time: 0.3471973 seconds
2024-10-04T02:47:03.986+0300: 113.144: [GC (Allocation Failure) 2024-10-04T02:47:03.986+0300: 113.144: [DefNew: 1126276K->7574K(1258304K), 0.0057369 secs] 1138222K->19521K(4054528K), 0.0058074 secs] [Times: user=0.00 sys=0.00, real=0.01 secs] 
2024-10-04T02:47:04.001+0300: 113.150: Total time for which application threads were stopped: 0.0061174 seconds, Stopping threads took: 0.0001901 seconds
2024-10-04T02:47:04.347+0300: 113.496: Application time: 0.3461722 seconds
2024-10-04T02:47:04.347+0300: 113.497: [GC (Allocation Failure) 2024-10-04T02:47:04.347+0300: 113.497: [DefNew: 1126102K->5516K(1258304K), 0.0031503 secs] 1138049K->17462K(4054528K), 0.0032150 secs] [Times: user=0.00 sys=0.00, real=0.00 secs] 
2024-10-04T02:47:04.347+0300: 113.500: Total time for which application threads were stopped: 0.0035381 seconds, Stopping threads took: 0.0001985 seconds
2024-10-04T02:47:04.692+0300: 113.841: Application time: 0.3415092 seconds
2024-10-04T02:47:04.692+0300: 113.842: [GC (Allocation Failure) 2024-10-04T02:47:04.692+0300: 113.842: [DefNew: 1124044K->5665K(1258304K), 0.0032546 secs] 1135990K->17612K(4054528K), 0.0033254 secs] [Times: user=0.00 sys=0.00, real=0.00 secs] 
2024-10-04T02:47:04.692+0300: 113.845: Total time for which application threads were stopped: 0.0036050 seconds, Stopping threads took: 0.0001578 seconds
2024-10-04T02:47:05.038+0300: 114.183: Application time: 0.3379926 seconds
2024-10-04T02:47:05.038+0300: 114.183: [GC (Allocation Failure) 2024-10-04T02:47:05.038+0300: 114.183: [DefNew: 1124193K->5691K(1258304K), 0.0033571 secs] 1136140K->17639K(4054528K), 0.0034320 secs] [Times: user=0.00 sys=0.00, real=0.00 secs] 
2024-10-04T02:47:05.038+0300: 114.187: Total time for which application threads were stopped: 0.0037448 seconds, Stopping threads took: 0.0001722 seconds
2024-10-04T02:47:05.368+0300: 114.524: Application time: 0.3373111 seconds
2024-10-04T02:47:05.368+0300: 114.524: [GC (Allocation Failure) 2024-10-04T02:47:05.368+0300: 114.524: [DefNew: 1124219K->6761K(1258304K), 0.0036153 secs] 1136167K->18709K(4054528K), 0.0036792 secs] [Times: user=0.00 sys=0.00, real=0.00 secs] 
2024-10-04T02:47:05.368+0300: 114.528: Total time for which application threads were stopped: 0.0039311 seconds, Stopping threads took: 0.0001414 seconds
2024-10-04T02:47:05.729+0300: 114.877: Application time: 0.3486181 seconds
2024-10-04T02:47:05.729+0300: 114.877: [GC (Allocation Failure) 2024-10-04T02:47:05.729+0300: 114.877: [DefNew: 1125289K->5578K(1258304K), 0.0032004 secs] 1137237K->17526K(4054528K), 0.0032670 secs] [Times: user=0.00 sys=0.00, real=0.00 secs] 
2024-10-04T02:47:05.729+0300: 114.880: Total time for which application threads were stopped: 0.0035370 seconds, Stopping threads took: 0.0001565 seconds
2024-10-04T02:47:06.075+0300: 115.230: Application time: 0.3503273 seconds
2024-10-04T02:47:06.075+0300: 115.231: [GC (Allocation Failure) 2024-10-04T02:47:06.075+0300: 115.231: [DefNew: 1124106K->5475K(1258304K), 0.0031566 secs] 1136054K->17424K(4054528K), 0.0032362 secs] [Times: user=0.00 sys=0.00, real=0.00 secs] 
2024-10-04T02:47:06.075+0300: 115.234: Total time for which application threads were stopped: 0.0036038 seconds, Stopping threads took: 0.0001833 seconds
2024-10-04T02:47:06.420+0300: 115.573: Application time: 0.3390746 seconds
2024-10-04T02:47:06.420+0300: 115.573: [GC (Allocation Failure) 2024-10-04T02:47:06.420+0300: 115.574: [DefNew: 1124003K->5549K(1258304K), 0.0032579 secs] 1135952K->17498K(4054528K), 0.0033491 secs] [Times: user=0.00 sys=0.00, real=0.00 secs] 
2024-10-04T02:47:06.420+0300: 115.577: Total time for which application threads were stopped: 0.0036760 seconds, Stopping threads took: 0.0001846 seconds
2024-10-04T02:47:06.750+0300: 115.909: Application time: 0.3324431 seconds
2024-10-04T02:47:06.750+0300: 115.910: [GC (Allocation Failure) 2024-10-04T02:47:06.750+0300: 115.910: [DefNew: 1124077K->6132K(1258304K), 0.0036677 secs] 1136026K->18081K(4054528K), 0.0037368 secs] [Times: user=0.00 sys=0.00, real=0.02 secs] 
2024-10-04T02:47:06.765+0300: 115.913: Total time for which application threads were stopped: 0.0040682 seconds, Stopping threads took: 0.0002056 seconds
2024-10-04T02:47:07.111+0300: 116.263: Application time: 0.3494664 seconds
2024-10-04T02:47:07.111+0300: 116.263: [GC (Allocation Failure) 2024-10-04T02:47:07.111+0300: 116.263: [DefNew: 1124660K->8998K(1258304K), 0.0069122 secs] 1136609K->20947K(4054528K), 0.0069877 secs] [Times: user=0.00 sys=0.00, real=0.00 secs] 
2024-10-04T02:47:07.111+0300: 116.270: Total time for which application threads were stopped: 0.0073125 seconds, Stopping threads took: 0.0002027 seconds
2024-10-04T02:47:07.456+0300: 116.615: Application time: 0.3451649 seconds
2024-10-04T02:47:07.456+0300: 116.616: [GC (Allocation Failure) 2024-10-04T02:47:07.456+0300: 116.616: [DefNew: 1127526K->5575K(1258304K), 0.0033545 secs] 1139475K->17525K(4054528K), 0.0034252 secs] [Times: user=0.00 sys=0.00, real=0.02 secs] 
2024-10-04T02:47:07.472+0300: 116.619: Total time for which application threads were stopped: 0.0037341 seconds, Stopping threads took: 0.0001923 seconds
2024-10-04T02:47:07.802+0300: 116.960: Application time: 0.3413838 seconds
2024-10-04T02:47:07.802+0300: 116.961: [GC (Allocation Failure) 2024-10-04T02:47:07.802+0300: 116.961: [DefNew: 1124103K->5596K(1258304K), 0.0036590 secs] 1136053K->17546K(4054528K), 0.0037334 secs] [Times: user=0.00 sys=0.00, real=0.01 secs] 
2024-10-04T02:47:07.817+0300: 116.964: Total time for which application threads were stopped: 0.0040321 seconds, Stopping threads took: 0.0001818 seconds
2024-10-04T02:47:08.163+0300: 117.309: Application time: 0.3444939 seconds
2024-10-04T02:47:08.163+0300: 117.309: [GC (Allocation Failure) 2024-10-04T02:47:08.163+0300: 117.309: [DefNew: 1124124K->7411K(1258304K), 0.0050424 secs] 1136074K->19361K(4054528K), 0.0051131 secs] [Times: user=0.00 sys=0.00, real=0.00 secs] 
2024-10-04T02:47:08.163+0300: 117.314: Total time for which application threads were stopped: 0.0054073 seconds, Stopping threads took: 0.0001700 seconds
2024-10-04T02:47:08.493+0300: 117.647: Application time: 0.3321747 seconds
2024-10-04T02:47:08.493+0300: 117.647: [GC (Allocation Failure) 2024-10-04T02:47:08.493+0300: 117.647: [DefNew: 1125939K->9105K(1258304K), 0.0075191 secs] 1137889K->21056K(4054528K), 0.0075861 secs] [Times: user=0.00 sys=0.00, real=0.01 secs] 
2024-10-04T02:47:08.508+0300: 117.654: Total time for which application threads were stopped: 0.0079113 seconds, Stopping threads took: 0.0002092 seconds
2024-10-04T02:47:08.854+0300: 118.010: Application time: 0.3554949 seconds
2024-10-04T02:47:08.854+0300: 118.010: [GC (Allocation Failure) 2024-10-04T02:47:08.854+0300: 118.010: [DefNew: 1127633K->5673K(1258304K), 0.0035227 secs] 1139584K->17624K(4054528K), 0.0035956 secs] [Times: user=0.00 sys=0.00, real=0.00 secs] 
2024-10-04T02:47:08.854+0300: 118.014: Total time for which application threads were stopped: 0.0039513 seconds, Stopping threads took: 0.0002209 seconds
2024-10-04T02:47:09.214+0300: 118.360: Application time: 0.3459996 seconds
2024-10-04T02:47:09.214+0300: 118.360: [GC (Allocation Failure) 2024-10-04T02:47:09.214+0300: 118.360: [DefNew: 1124201K->5710K(1258304K), 0.0033328 secs] 1136152K->17661K(4054528K), 0.0034101 secs] [Times: user=0.00 sys=0.00, real=0.00 secs] 
2024-10-04T02:47:09.214+0300: 118.364: Total time for which application threads were stopped: 0.0036858 seconds, Stopping threads took: 0.0001572 seconds
2024-10-04T02:47:09.544+0300: 118.699: Application time: 0.3358665 seconds
2024-10-04T02:47:09.544+0300: 118.700: [GC (Allocation Failure) 2024-10-04T02:47:09.544+0300: 118.700: [DefNew: 1124238K->5573K(1258304K), 0.0032287 secs] 1136189K->17525K(4054528K), 0.0033000 secs] [Times: user=0.00 sys=0.00, real=0.01 secs] 
2024-10-04T02:47:09.555+0300: 118.703: Total time for which application threads were stopped: 0.0036288 seconds, Stopping threads took: 0.0001922 seconds
2024-10-04T02:47:09.889+0300: 119.046: Application time: 0.3432811 seconds
2024-10-04T02:47:09.889+0300: 119.047: [GC (Allocation Failure) 2024-10-04T02:47:09.889+0300: 119.047: [DefNew: 1124101K->7448K(1258304K), 0.0052755 secs] 1136053K->19400K(4054528K), 0.0053550 secs] [Times: user=0.00 sys=0.00, real=0.02 secs] 
2024-10-04T02:47:09.905+0300: 119.052: Total time for which application threads were stopped: 0.0056560 seconds, Stopping threads took: 0.0001766 seconds
2024-10-04T02:47:10.234+0300: 119.393: Application time: 0.3414072 seconds
2024-10-04T02:47:10.234+0300: 119.394: [GC (Allocation Failure) 2024-10-04T02:47:10.234+0300: 119.394: [DefNew: 1125976K->7815K(1258304K), 0.0051909 secs] 1137928K->19767K(4054528K), 0.0052643 secs] [Times: user=0.00 sys=0.00, real=0.02 secs] 
2024-10-04T02:47:10.250+0300: 119.399: Total time for which application threads were stopped: 0.0056022 seconds, Stopping threads took: 0.0002142 seconds
2024-10-04T02:47:10.596+0300: 119.744: Application time: 0.3448118 seconds
2024-10-04T02:47:10.596+0300: 119.744: [GC (Allocation Failure) 2024-10-04T02:47:10.596+0300: 119.744: [DefNew: 1126343K->5602K(1258304K), 0.0032133 secs] 1138295K->17555K(4054528K), 0.0032797 secs] [Times: user=0.00 sys=0.00, real=0.00 secs] 
2024-10-04T02:47:10.596+0300: 119.747: Total time for which application threads were stopped: 0.0035415 seconds, Stopping threads took: 0.0001427 seconds
2024-10-04T02:47:10.940+0300: 120.096: Application time: 0.3481545 seconds
2024-10-04T02:47:10.940+0300: 120.096: [GC (Allocation Failure) 2024-10-04T02:47:10.940+0300: 120.096: [DefNew: 1124130K->5626K(1258304K), 0.0033172 secs] 1136083K->17579K(4054528K), 0.0033951 secs] [Times: user=0.00 sys=0.00, real=0.00 secs] 
2024-10-04T02:47:10.940+0300: 120.099: Total time for which application threads were stopped: 0.0036977 seconds, Stopping threads took: 0.0001780 seconds
2024-10-04T02:47:11.285+0300: 120.441: Application time: 0.3413231 seconds
2024-10-04T02:47:11.285+0300: 120.441: [GC (Allocation Failure) 2024-10-04T02:47:11.285+0300: 120.441: [DefNew: 1124154K->7490K(1258304K), 0.0059700 secs] 1136107K->19443K(4054528K), 0.0060489 secs] [Times: user=0.02 sys=0.00, real=0.02 secs] 
2024-10-04T02:47:11.301+0300: 120.447: Total time for which application threads were stopped: 0.0064110 seconds, Stopping threads took: 0.0002045 seconds
2024-10-04T02:47:11.631+0300: 120.785: Application time: 0.3382696 seconds
2024-10-04T02:47:11.631+0300: 120.786: [GC (Allocation Failure) 2024-10-04T02:47:11.631+0300: 120.786: [DefNew: 1126018K->5685K(1258304K), 0.0039294 secs] 1137971K->17639K(4054528K), 0.0040009 secs] [Times: user=0.00 sys=0.00, real=0.00 secs] 
2024-10-04T02:47:11.631+0300: 120.790: Total time for which application threads were stopped: 0.0043158 seconds, Stopping threads took: 0.0001682 seconds
2024-10-04T02:47:11.991+0300: 121.152: Application time: 0.3620336 seconds
2024-10-04T02:47:12.007+0300: 121.152: [GC (Allocation Failure) 2024-10-04T02:47:12.007+0300: 121.152: [DefNew: 1124213K->6023K(1258304K), 0.0043302 secs] 1136167K->17977K(4054528K), 0.0044268 secs] [Times: user=0.00 sys=0.02, real=0.00 secs] 
2024-10-04T02:47:12.007+0300: 121.156: Total time for which application threads were stopped: 0.0047992 seconds, Stopping threads took: 0.0002198 seconds
2024-10-04T02:47:12.362+0300: 121.508: Application time: 0.3513800 seconds
2024-10-04T02:47:12.362+0300: 121.508: [GC (Allocation Failure) 2024-10-04T02:47:12.362+0300: 121.508: [DefNew: 1124551K->5562K(1258304K), 0.0035972 secs] 1136505K->17516K(4054528K), 0.0036650 secs] [Times: user=0.00 sys=0.00, real=0.00 secs] 
2024-10-04T02:47:12.362+0300: 121.512: Total time for which application threads were stopped: 0.0039276 seconds, Stopping threads took: 0.0001392 seconds
2024-10-04T02:47:12.698+0300: 121.852: Application time: 0.3398303 seconds
2024-10-04T02:47:12.698+0300: 121.852: [GC (Allocation Failure) 2024-10-04T02:47:12.698+0300: 121.852: [DefNew: 1124090K->5615K(1258304K), 0.0034863 secs] 1136044K->17569K(4054528K), 0.0035625 secs] [Times: user=0.00 sys=0.00, real=0.00 secs] 
2024-10-04T02:47:12.698+0300: 121.855: Total time for which application threads were stopped: 0.0039032 seconds, Stopping threads took: 0.0001944 seconds
2024-10-04T02:47:13.043+0300: 122.203: Application time: 0.3471213 seconds
2024-10-04T02:47:13.043+0300: 122.203: [GC (Allocation Failure) 2024-10-04T02:47:13.043+0300: 122.203: [DefNew: 1124143K->5998K(1258304K), 0.0038569 secs] 1136097K->17953K(4054528K), 0.0039357 secs] [Times: user=0.00 sys=0.00, real=0.02 secs] 
2024-10-04T02:47:13.059+0300: 122.207: Total time for which application threads were stopped: 0.0043148 seconds, Stopping threads took: 0.0002343 seconds
2024-10-04T02:47:13.389+0300: 122.543: Application time: 0.3361630 seconds
2024-10-04T02:47:13.389+0300: 122.543: [GC (Allocation Failure) 2024-10-04T02:47:13.389+0300: 122.543: [DefNew: 1124526K->8153K(1258304K), 0.0056554 secs] 1136481K->20108K(4054528K), 0.0057310 secs] [Times: user=0.00 sys=0.00, real=0.00 secs] 
2024-10-04T02:47:13.389+0300: 122.549: Total time for which application threads were stopped: 0.0060966 seconds, Stopping threads took: 0.0002275 seconds
2024-10-04T02:47:13.750+0300: 122.899: Application time: 0.3493968 seconds
2024-10-04T02:47:13.750+0300: 122.899: [GC (Allocation Failure) 2024-10-04T02:47:13.750+0300: 122.899: [DefNew: 1126681K->5392K(1258304K), 0.0033484 secs] 1138636K->17347K(4054528K), 0.0034109 secs] [Times: user=0.00 sys=0.00, real=0.00 secs] 
2024-10-04T02:47:13.750+0300: 122.902: Total time for which application threads were stopped: 0.0036884 seconds, Stopping threads took: 0.0001549 seconds
2024-10-04T02:47:14.111+0300: 123.257: Application time: 0.3544445 seconds
2024-10-04T02:47:14.111+0300: 123.257: [GC (Allocation Failure) 2024-10-04T02:47:14.111+0300: 123.257: [DefNew: 1123920K->5561K(1258304K), 0.0036079 secs] 1135875K->17517K(4054528K), 0.0036735 secs] [Times: user=0.00 sys=0.00, real=0.00 secs] 
2024-10-04T02:47:14.111+0300: 123.261: Total time for which application threads were stopped: 0.0039981 seconds, Stopping threads took: 0.0002004 seconds
2024-10-04T02:47:14.441+0300: 123.596: Application time: 0.3354941 seconds
2024-10-04T02:47:14.441+0300: 123.596: [GC (Allocation Failure) 2024-10-04T02:47:14.441+0300: 123.596: [DefNew: 1124089K->6776K(1258304K), 0.0046020 secs] 1136045K->18732K(4054528K), 0.0046793 secs] [Times: user=0.00 sys=0.00, real=0.00 secs] 
2024-10-04T02:47:14.441+0300: 123.601: Total time for which application threads were stopped: 0.0049333 seconds, Stopping threads took: 0.0001172 seconds
2024-10-04T02:47:14.786+0300: 123.941: Application time: 0.3393878 seconds
2024-10-04T02:47:14.786+0300: 123.941: [GC (Allocation Failure) 2024-10-04T02:47:14.786+0300: 123.941: [DefNew: 1125304K->5952K(1258304K), 0.0040504 secs] 1137260K->17909K(4054528K), 0.0041308 secs] [Times: user=0.00 sys=0.00, real=0.00 secs] 
2024-10-04T02:47:14.786+0300: 123.945: Total time for which application threads were stopped: 0.0044906 seconds, Stopping threads took: 0.0002131 seconds
2024-10-04T02:47:15.147+0300: 124.296: Application time: 0.3507330 seconds
2024-10-04T02:47:15.147+0300: 124.296: [GC (Allocation Failure) 2024-10-04T02:47:15.147+0300: 124.296: [DefNew: 1124480K->5903K(1258304K), 0.0040101 secs] 1136437K->17860K(4054528K), 0.0041165 secs] [Times: user=0.00 sys=0.00, real=0.00 secs] 
2024-10-04T02:47:15.147+0300: 124.300: Total time for which application threads were stopped: 0.0044405 seconds, Stopping threads took: 0.0001761 seconds
2024-10-04T02:47:15.493+0300: 124.650: Application time: 0.3496461 seconds
2024-10-04T02:47:15.493+0300: 124.650: [GC (Allocation Failure) 2024-10-04T02:47:15.493+0300: 124.650: [DefNew: 1124431K->5601K(1258304K), 0.0036871 secs] 1136388K->17558K(4054528K), 0.0037569 secs] [Times: user=0.02 sys=0.00, real=0.01 secs] 
2024-10-04T02:47:15.508+0300: 124.654: Total time for which application threads were stopped: 0.0040638 seconds, Stopping threads took: 0.0001708 seconds
2024-10-04T02:47:15.853+0300: 125.001: Application time: 0.3468355 seconds
2024-10-04T02:47:15.853+0300: 125.001: [GC (Allocation Failure) 2024-10-04T02:47:15.853+0300: 125.001: [DefNew: 1124129K->5561K(1258304K), 0.0036853 secs] 1136086K->17518K(4054528K), 0.0037613 secs] [Times: user=0.00 sys=0.00, real=0.00 secs] 
2024-10-04T02:47:15.853+0300: 125.005: Total time for which application threads were stopped: 0.0040643 seconds, Stopping threads took: 0.0001602 seconds
2024-10-04T02:47:16.199+0300: 125.345: Application time: 0.3403750 seconds
2024-10-04T02:47:16.199+0300: 125.345: [GC (Allocation Failure) 2024-10-04T02:47:16.199+0300: 125.345: [DefNew: 1124089K->7758K(1258304K), 0.0059805 secs] 1136046K->19715K(4054528K), 0.0060530 secs] [Times: user=0.00 sys=0.00, real=0.00 secs] 
2024-10-04T02:47:16.199+0300: 125.352: Total time for which application threads were stopped: 0.0062960 seconds, Stopping threads took: 0.0001233 seconds
2024-10-04T02:47:16.529+0300: 125.689: Application time: 0.3372409 seconds
2024-10-04T02:47:16.529+0300: 125.689: [GC (Allocation Failure) 2024-10-04T02:47:16.529+0300: 125.689: [DefNew: 1126286K->6962K(1258304K), 0.0057632 secs] 1138243K->18919K(4054528K), 0.0058640 secs] [Times: user=0.00 sys=0.00, real=0.01 secs] 
2024-10-04T02:47:16.544+0300: 125.695: Total time for which application threads were stopped: 0.0061545 seconds, Stopping threads took: 0.0001409 seconds
2024-10-04T02:47:16.905+0300: 126.052: Application time: 0.3573835 seconds
2024-10-04T02:47:16.905+0300: 126.053: [GC (Allocation Failure) 2024-10-04T02:47:16.905+0300: 126.053: [DefNew: 1125490K->5614K(1258304K), 0.0032238 secs] 1137447K->17572K(4054528K), 0.0033016 secs] [Times: user=0.00 sys=0.00, real=0.00 secs] 
2024-10-04T02:47:16.905+0300: 126.056: Total time for which application threads were stopped: 0.0036077 seconds, Stopping threads took: 0.0001758 seconds
2024-10-04T02:47:17.250+0300: 126.405: Application time: 0.3491775 seconds
2024-10-04T02:47:17.250+0300: 126.405: [GC (Allocation Failure) 2024-10-04T02:47:17.250+0300: 126.405: [DefNew: 1124142K->5676K(1258304K), 0.0031924 secs] 1136100K->17634K(4054528K), 0.0032693 secs] [Times: user=0.00 sys=0.00, real=0.00 secs] 
2024-10-04T02:47:17.250+0300: 126.409: Total time for which application threads were stopped: 0.0035440 seconds, Stopping threads took: 0.0001493 seconds
2024-10-04T02:47:17.596+0300: 126.745: Application time: 0.3365848 seconds
2024-10-04T02:47:17.596+0300: 126.746: [GC (Allocation Failure) 2024-10-04T02:47:17.596+0300: 126.746: [DefNew: 1124204K->5488K(1258304K), 0.0034255 secs] 1136162K->17447K(4054528K), 0.0035143 secs] [Times: user=0.00 sys=0.00, real=0.00 secs] 
2024-10-04T02:47:17.596+0300: 126.749: Total time for which application threads were stopped: 0.0038385 seconds, Stopping threads took: 0.0001794 seconds
2024-10-04T02:47:17.941+0300: 127.087: Application time: 0.3381533 seconds
2024-10-04T02:47:17.941+0300: 127.087: [GC (Allocation Failure) 2024-10-04T02:47:17.941+0300: 127.087: [DefNew: 1124016K->5611K(1258304K), 0.0031236 secs] 1135975K->17570K(4054528K), 0.0031926 secs] [Times: user=0.00 sys=0.00, real=0.00 secs] 
2024-10-04T02:47:17.941+0300: 127.091: Total time for which application threads were stopped: 0.0034375 seconds, Stopping threads took: 0.0001055 seconds
2024-10-04T02:47:18.287+0300: 127.440: Application time: 0.3490056 seconds
2024-10-04T02:47:18.287+0300: 127.440: [GC (Allocation Failure) 2024-10-04T02:47:18.287+0300: 127.440: [DefNew: 1124139K->5907K(1258304K), 0.0033654 secs] 1136098K->17866K(4054528K), 0.0034388 secs] [Times: user=0.00 sys=0.00, real=0.00 secs] 
2024-10-04T02:47:18.287+0300: 127.443: Total time for which application threads were stopped: 0.0036755 seconds, Stopping threads took: 0.0001249 seconds
2024-10-04T02:47:18.632+0300: 127.792: Application time: 0.3486278 seconds
2024-10-04T02:47:18.632+0300: 127.792: [GC (Allocation Failure) 2024-10-04T02:47:18.632+0300: 127.792: [DefNew: 1124435K->5718K(1258304K), 0.0034435 secs] 1136394K->17678K(4054528K), 0.0035130 secs] [Times: user=0.00 sys=0.00, real=0.02 secs] 
2024-10-04T02:47:18.647+0300: 127.796: Total time for which application threads were stopped: 0.0038265 seconds, Stopping threads took: 0.0001864 seconds
2024-10-04T02:47:18.993+0300: 128.143: Application time: 0.3472773 seconds
2024-10-04T02:47:18.993+0300: 128.143: [GC (Allocation Failure) 2024-10-04T02:47:18.993+0300: 128.143: [DefNew: 1124246K->5688K(1258304K), 0.0033830 secs] 1136206K->17648K(4054528K), 0.0034540 secs] [Times: user=0.00 sys=0.00, real=0.00 secs] 
2024-10-04T02:47:18.993+0300: 128.147: Total time for which application threads were stopped: 0.0037127 seconds, Stopping threads took: 0.0001357 seconds
2024-10-04T02:47:19.338+0300: 128.485: Application time: 0.3378099 seconds
2024-10-04T02:47:19.338+0300: 128.485: [GC (Allocation Failure) 2024-10-04T02:47:19.338+0300: 128.485: [DefNew: 1124216K->5826K(1258304K), 0.0033945 secs] 1136176K->17786K(4054528K), 0.0034642 secs] [Times: user=0.00 sys=0.00, real=0.00 secs] 
2024-10-04T02:47:19.338+0300: 128.488: Total time for which application threads were stopped: 0.0037222 seconds, Stopping threads took: 0.0001372 seconds
2024-10-04T02:47:19.668+0300: 128.822: Application time: 0.3332577 seconds
2024-10-04T02:47:19.668+0300: 128.822: [GC (Allocation Failure) 2024-10-04T02:47:19.668+0300: 128.822: [DefNew: 1124354K->7984K(1258304K), 0.0052553 secs] 1136314K->19945K(4054528K), 0.0053261 secs] [Times: user=0.00 sys=0.00, real=0.01 secs] 
2024-10-04T02:47:19.679+0300: 128.827: Total time for which application threads were stopped: 0.0056366 seconds, Stopping threads took: 0.0001906 seconds
2024-10-04T02:47:20.029+0300: 129.181: Application time: 0.3534729 seconds
2024-10-04T02:47:20.029+0300: 129.181: [GC (Allocation Failure) 2024-10-04T02:47:20.029+0300: 129.181: [DefNew: 1126512K->5729K(1258304K), 0.0034956 secs] 1138473K->17690K(4054528K), 0.0035766 secs] [Times: user=0.00 sys=0.00, real=0.00 secs] 
2024-10-04T02:47:20.029+0300: 129.185: Total time for which application threads were stopped: 0.0039539 seconds, Stopping threads took: 0.0002111 seconds
2024-10-04T02:47:20.381+0300: 129.532: Application time: 0.3474530 seconds
2024-10-04T02:47:20.381+0300: 129.532: [GC (Allocation Failure) 2024-10-04T02:47:20.381+0300: 129.532: [DefNew: 1124257K->5778K(1258304K), 0.0033901 secs] 1136218K->17739K(4054528K), 0.0034643 secs] [Times: user=0.00 sys=0.00, real=0.01 secs] 
2024-10-04T02:47:20.391+0300: 129.536: Total time for which application threads were stopped: 0.0037738 seconds, Stopping threads took: 0.0001917 seconds
2024-10-04T02:47:20.720+0300: 129.875: Application time: 0.3389670 seconds
2024-10-04T02:47:20.720+0300: 129.875: [GC (Allocation Failure) 2024-10-04T02:47:20.720+0300: 129.875: [DefNew: 1124306K->7452K(1258304K), 0.0054656 secs] 1136267K->19413K(4054528K), 0.0055295 secs] [Times: user=0.00 sys=0.00, real=0.00 secs] 
2024-10-04T02:47:20.720+0300: 129.881: Total time for which application threads were stopped: 0.0058413 seconds, Stopping threads took: 0.0001845 seconds
2024-10-04T02:47:21.065+0300: 130.220: Application time: 0.3394740 seconds
2024-10-04T02:47:21.065+0300: 130.220: [GC (Allocation Failure) 2024-10-04T02:47:21.065+0300: 130.221: [DefNew: 1125980K->5603K(1258304K), 0.0032550 secs] 1137941K->17565K(4054528K), 0.0033458 secs] [Times: user=0.00 sys=0.00, real=0.00 secs] 
2024-10-04T02:47:21.065+0300: 130.224: Total time for which application threads were stopped: 0.0036532 seconds, Stopping threads took: 0.0001657 seconds
2024-10-04T02:47:21.411+0300: 130.564: Application time: 0.3403276 seconds
2024-10-04T02:47:21.411+0300: 130.564: [GC (Allocation Failure) 2024-10-04T02:47:21.411+0300: 130.564: [DefNew: 1124131K->9361K(1258304K), 0.0077020 secs] 1136093K->21323K(4054528K), 0.0077684 secs] [Times: user=0.00 sys=0.00, real=0.02 secs] 
2024-10-04T02:47:21.427+0300: 130.572: Total time for which application threads were stopped: 0.0080744 seconds, Stopping threads took: 0.0001879 seconds
2024-10-04T02:47:21.772+0300: 130.918: Application time: 0.3456713 seconds
2024-10-04T02:47:21.772+0300: 130.918: [GC (Allocation Failure) 2024-10-04T02:47:21.772+0300: 130.918: [DefNew: 1127889K->5529K(1258304K), 0.0031844 secs] 1139851K->17491K(4054528K), 0.0032478 secs] [Times: user=0.00 sys=0.00, real=0.00 secs] 
2024-10-04T02:47:21.772+0300: 130.921: Total time for which application threads were stopped: 0.0035323 seconds, Stopping threads took: 0.0001631 seconds
2024-10-04T02:47:22.118+0300: 131.272: Application time: 0.3503989 seconds
2024-10-04T02:47:22.118+0300: 131.272: [GC (Allocation Failure) 2024-10-04T02:47:22.118+0300: 131.272: [DefNew: 1124057K->5601K(1258304K), 0.0032136 secs] 1136019K->17564K(4054528K), 0.0032942 secs] [Times: user=0.00 sys=0.00, real=0.00 secs] 
2024-10-04T02:47:22.118+0300: 131.275: Total time for which application threads were stopped: 0.0035999 seconds, Stopping threads took: 0.0001628 seconds
2024-10-04T02:47:22.463+0300: 131.614: Application time: 0.3387142 seconds
2024-10-04T02:47:22.463+0300: 131.614: [GC (Allocation Failure) 2024-10-04T02:47:22.463+0300: 131.614: [DefNew: 1124129K->5671K(1258304K), 0.0032879 secs] 1136092K->17634K(4054528K), 0.0033686 secs] [Times: user=0.00 sys=0.00, real=0.00 secs] 
2024-10-04T02:47:22.463+0300: 131.618: Total time for which application threads were stopped: 0.0036631 seconds, Stopping threads took: 0.0001688 seconds
2024-10-04T02:47:22.793+0300: 131.947: Application time: 0.3289776 seconds
2024-10-04T02:47:22.793+0300: 131.947: [GC (Allocation Failure) 2024-10-04T02:47:22.793+0300: 131.947: [DefNew: 1124199K->6767K(1258304K), 0.0047514 secs] 1136162K->18731K(4054528K), 0.0048294 secs] [Times: user=0.00 sys=0.00, real=0.00 secs] 
2024-10-04T02:47:22.793+0300: 131.952: Total time for which application threads were stopped: 0.0051764 seconds, Stopping threads took: 0.0002183 seconds
2024-10-04T02:47:23.154+0300: 132.307: Application time: 0.3545986 seconds
2024-10-04T02:47:23.154+0300: 132.307: [GC (Allocation Failure) 2024-10-04T02:47:23.154+0300: 132.307: [DefNew: 1125295K->5566K(1258304K), 0.0032170 secs] 1137259K->17530K(4054528K), 0.0032913 secs] [Times: user=0.00 sys=0.00, real=0.00 secs] 
2024-10-04T02:47:23.154+0300: 132.310: Total time for which application threads were stopped: 0.0036217 seconds, Stopping threads took: 0.0002119 seconds
2024-10-04T02:47:23.499+0300: 132.655: Application time: 0.3452370 seconds
2024-10-04T02:47:23.499+0300: 132.656: [GC (Allocation Failure) 2024-10-04T02:47:23.499+0300: 132.656: [DefNew: 1124094K->5623K(1258304K), 0.0033149 secs] 1136058K->17587K(4054528K), 0.0033951 secs] [Times: user=0.00 sys=0.00, real=0.00 secs] 
2024-10-04T02:47:23.499+0300: 132.659: Total time for which application threads were stopped: 0.0036914 seconds, Stopping threads took: 0.0001554 seconds
2024-10-04T02:47:23.844+0300: 133.002: Application time: 0.3431764 seconds
2024-10-04T02:47:23.844+0300: 133.003: [GC (Allocation Failure) 2024-10-04T02:47:23.844+0300: 133.003: [DefNew: 1124151K->5608K(1258304K), 0.0034814 secs] 1136115K->17573K(4054528K), 0.0035597 secs] [Times: user=0.02 sys=0.00, real=0.02 secs] 
2024-10-04T02:47:23.860+0300: 133.006: Total time for which application threads were stopped: 0.0039818 seconds, Stopping threads took: 0.0002468 seconds
2024-10-04T02:47:24.191+0300: 133.342: Application time: 0.3351928 seconds
2024-10-04T02:47:24.191+0300: 133.342: [GC (Allocation Failure) 2024-10-04T02:47:24.191+0300: 133.342: [DefNew: 1124136K->5782K(1258304K), 0.0033507 secs] 1136101K->17746K(4054528K), 0.0034323 secs] [Times: user=0.00 sys=0.00, real=0.00 secs] 
2024-10-04T02:47:24.191+0300: 133.345: Total time for which application threads were stopped: 0.0036957 seconds, Stopping threads took: 0.0001394 seconds
2024-10-04T02:47:24.536+0300: 133.683: Application time: 0.3379511 seconds
2024-10-04T02:47:24.536+0300: 133.683: [GC (Allocation Failure) 2024-10-04T02:47:24.536+0300: 133.683: [DefNew: 1124310K->5964K(1258304K), 0.0034878 secs] 1136274K->17929K(4054528K), 0.0035582 secs] [Times: user=0.00 sys=0.00, real=0.00 secs] 
2024-10-04T02:47:24.536+0300: 133.687: Total time for which application threads were stopped: 0.0038374 seconds, Stopping threads took: 0.0001599 seconds
2024-10-04T02:47:24.892+0300: 134.040: Application time: 0.3527601 seconds
2024-10-04T02:47:24.892+0300: 134.040: [GC (Allocation Failure) 2024-10-04T02:47:24.892+0300: 134.040: [DefNew: 1124492K->5520K(1258304K), 0.0033972 secs] 1136457K->17485K(4054528K), 0.0034714 secs] [Times: user=0.00 sys=0.00, real=0.01 secs] 
2024-10-04T02:47:24.897+0300: 134.044: Total time for which application threads were stopped: 0.0038000 seconds, Stopping threads took: 0.0002030 seconds
2024-10-04T02:47:25.242+0300: 134.389: Application time: 0.3455279 seconds
2024-10-04T02:47:25.242+0300: 134.389: [GC (Allocation Failure) 2024-10-04T02:47:25.242+0300: 134.389: [DefNew: 1124048K->5615K(1258304K), 0.0032685 secs] 1136013K->17581K(4054528K), 0.0033401 secs] [Times: user=0.00 sys=0.00, real=0.00 secs] 
2024-10-04T02:47:25.242+0300: 134.393: Total time for which application threads were stopped: 0.0035945 seconds, Stopping threads took: 0.0001208 seconds
2024-10-04T02:47:25.572+0300: 134.729: Application time: 0.3367436 seconds
2024-10-04T02:47:25.572+0300: 134.730: [GC (Allocation Failure) 2024-10-04T02:47:25.572+0300: 134.730: [DefNew: 1124143K->6056K(1258304K), 0.0034910 secs] 1136109K->18022K(4054528K), 0.0035667 secs] [Times: user=0.00 sys=0.00, real=0.02 secs] 
2024-10-04T02:47:25.588+0300: 134.733: Total time for which application threads were stopped: 0.0038873 seconds, Stopping threads took: 0.0001792 seconds
2024-10-04T02:47:25.917+0300: 135.073: Application time: 0.3392436 seconds
2024-10-04T02:47:25.917+0300: 135.073: [GC (Allocation Failure) 2024-10-04T02:47:25.917+0300: 135.073: [DefNew: 1124584K->5896K(1258304K), 0.0034493 secs] 1136550K->17862K(4054528K), 0.0035293 secs] [Times: user=0.00 sys=0.00, real=0.00 secs] 
2024-10-04T02:47:25.917+0300: 135.076: Total time for which application threads were stopped: 0.0038924 seconds, Stopping threads took: 0.0002096 seconds
2024-10-04T02:47:26.263+0300: 135.422: Application time: 0.3459938 seconds
2024-10-04T02:47:26.263+0300: 135.423: [GC (Allocation Failure) 2024-10-04T02:47:26.263+0300: 135.423: [DefNew: 1124424K->5925K(1258304K), 0.0035369 secs] 1136390K->17891K(4054528K), 0.0036109 secs] [Times: user=0.00 sys=0.00, real=0.02 secs] 
2024-10-04T02:47:26.278+0300: 135.426: Total time for which application threads were stopped: 0.0039569 seconds, Stopping threads took: 0.0002241 seconds
2024-10-04T02:47:26.624+0300: 135.771: Application time: 0.3441912 seconds
2024-10-04T02:47:26.624+0300: 135.771: [GC (Allocation Failure) 2024-10-04T02:47:26.624+0300: 135.771: [DefNew: 1124453K->5730K(1258304K), 0.0034159 secs] 1136419K->17697K(4054528K), 0.0034841 secs] [Times: user=0.00 sys=0.00, real=0.00 secs] 
2024-10-04T02:47:26.624+0300: 135.774: Total time for which application threads were stopped: 0.0037822 seconds, Stopping threads took: 0.0001678 seconds
2024-10-04T02:47:26.969+0300: 136.121: Application time: 0.3469503 seconds
2024-10-04T02:47:26.969+0300: 136.122: [GC (Allocation Failure) 2024-10-04T02:47:26.969+0300: 136.122: [DefNew: 1124258K->5599K(1258304K), 0.0033039 secs] 1136225K->17566K(4054528K), 0.0033877 secs] [Times: user=0.00 sys=0.00, real=0.00 secs] 
2024-10-04T02:47:26.969+0300: 136.125: Total time for which application threads were stopped: 0.0037071 seconds, Stopping threads took: 0.0001398 seconds
2024-10-04T02:47:27.300+0300: 136.458: Application time: 0.3333977 seconds
2024-10-04T02:47:27.300+0300: 136.459: [GC (Allocation Failure) 2024-10-04T02:47:27.300+0300: 136.459: [DefNew: 1124127K->7335K(1258304K), 0.0050445 secs] 1136094K->19303K(4054528K), 0.0051146 secs] [Times: user=0.00 sys=0.00, real=0.02 secs] 
2024-10-04T02:47:27.315+0300: 136.464: Total time for which application threads were stopped: 0.0053932 seconds, Stopping threads took: 0.0001615 seconds
2024-10-04T02:47:27.645+0300: 136.801: Application time: 0.3370105 seconds
2024-10-04T02:47:27.645+0300: 136.801: [GC (Allocation Failure) 2024-10-04T02:47:27.645+0300: 136.801: [DefNew: 1125863K->6487K(1258304K), 0.0037145 secs] 1137831K->18455K(4054528K), 0.0037866 secs] [Times: user=0.00 sys=0.00, real=0.00 secs] 
2024-10-04T02:47:27.645+0300: 136.805: Total time for which application threads were stopped: 0.0040708 seconds, Stopping threads took: 0.0001681 seconds
2024-10-04T02:47:28.006+0300: 137.157: Application time: 0.3522920 seconds
2024-10-04T02:47:28.006+0300: 137.158: [GC (Allocation Failure) 2024-10-04T02:47:28.006+0300: 137.158: [DefNew: 1125015K->5514K(1258304K), 0.0034750 secs] 1136983K->17482K(4054528K), 0.0035486 secs] [Times: user=0.00 sys=0.00, real=0.00 secs] 
2024-10-04T02:47:28.006+0300: 137.161: Total time for which application threads were stopped: 0.0038997 seconds, Stopping threads took: 0.0002013 seconds
2024-10-04T02:47:28.351+0300: 137.505: Application time: 0.3440033 seconds
2024-10-04T02:47:28.351+0300: 137.505: [GC (Allocation Failure) 2024-10-04T02:47:28.351+0300: 137.505: [DefNew: 1124042K->5540K(1258304K), 0.0031880 secs] 1136010K->17508K(4054528K), 0.0032565 secs] [Times: user=0.00 sys=0.00, real=0.00 secs] 
2024-10-04T02:47:28.351+0300: 137.509: Total time for which application threads were stopped: 0.0035502 seconds, Stopping threads took: 0.0001640 seconds
2024-10-04T02:47:28.696+0300: 137.844: Application time: 0.3350173 seconds
2024-10-04T02:47:28.696+0300: 137.844: [GC (Allocation Failure) 2024-10-04T02:47:28.696+0300: 137.844: [DefNew: 1124068K->5439K(1258304K), 0.0030758 secs] 1136036K->17407K(4054528K), 0.0031426 secs] [Times: user=0.00 sys=0.00, real=0.01 secs] 
2024-10-04T02:47:28.702+0300: 137.847: Total time for which application threads were stopped: 0.0034001 seconds, Stopping threads took: 0.0001373 seconds
2024-10-04T02:47:29.043+0300: 138.188: Application time: 0.3412427 seconds
2024-10-04T02:47:29.043+0300: 138.189: [GC (Allocation Failure) 2024-10-04T02:47:29.043+0300: 138.189: [DefNew: 1123967K->5942K(1258304K), 0.0034963 secs] 1135935K->17911K(4054528K), 0.0035693 secs] [Times: user=0.00 sys=0.00, real=0.00 secs] 
2024-10-04T02:47:29.043+0300: 138.192: Total time for which application threads were stopped: 0.0038367 seconds, Stopping threads took: 0.0001524 seconds
2024-10-04T02:47:29.372+0300: 138.532: Application time: 0.3400482 seconds
2024-10-04T02:47:29.372+0300: 138.533: [GC (Allocation Failure) 2024-10-04T02:47:29.372+0300: 138.533: [DefNew: 1124470K->7469K(1258304K), 0.0051819 secs] 1136439K->19439K(4054528K), 0.0052549 secs] [Times: user=0.00 sys=0.00, real=0.02 secs] 
2024-10-04T02:47:29.388+0300: 138.538: Total time for which application threads were stopped: 0.0055761 seconds, Stopping threads took: 0.0001871 seconds
2024-10-04T02:47:29.733+0300: 138.888: Application time: 0.3496906 seconds
2024-10-04T02:47:29.733+0300: 138.888: [GC (Allocation Failure) 2024-10-04T02:47:29.733+0300: 138.888: [DefNew: 1125997K->5742K(1258304K), 0.0033107 secs] 1137967K->17712K(4054528K), 0.0033786 secs] [Times: user=0.00 sys=0.00, real=0.00 secs] 
2024-10-04T02:47:29.733+0300: 138.891: Total time for which application threads were stopped: 0.0036932 seconds, Stopping threads took: 0.0001968 seconds
2024-10-04T02:47:30.094+0300: 139.243: Application time: 0.3516836 seconds
2024-10-04T02:47:30.094+0300: 139.243: [GC (Allocation Failure) 2024-10-04T02:47:30.094+0300: 139.243: [DefNew: 1124270K->5508K(1258304K), 0.0032408 secs] 1136240K->17478K(4054528K), 0.0033429 secs] [Times: user=0.00 sys=0.00, real=0.00 secs] 
2024-10-04T02:47:30.094+0300: 139.247: Total time for which application threads were stopped: 0.0036523 seconds, Stopping threads took: 0.0001711 seconds
2024-10-04T02:47:30.424+0300: 139.580: Application time: 0.3338952 seconds
2024-10-04T02:47:30.424+0300: 139.581: [GC (Allocation Failure) 2024-10-04T02:47:30.424+0300: 139.581: [DefNew: 1124036K->5758K(1258304K), 0.0033634 secs] 1136006K->17728K(4054528K), 0.0034375 secs] [Times: user=0.00 sys=0.00, real=0.00 secs] 
2024-10-04T02:47:30.424+0300: 139.584: Total time for which application threads were stopped: 0.0037200 seconds, Stopping threads took: 0.0001666 seconds
2024-10-04T02:47:30.769+0300: 139.920: Application time: 0.3356820 seconds
2024-10-04T02:47:30.769+0300: 139.920: [GC (Allocation Failure) 2024-10-04T02:47:30.769+0300: 139.920: [DefNew: 1124286K->10119K(1258304K), 0.0074696 secs] 1136256K->22090K(4054528K), 0.0075380 secs] [Times: user=0.00 sys=0.00, real=0.00 secs] 
2024-10-04T02:47:30.769+0300: 139.928: Total time for which application threads were stopped: 0.0078276 seconds, Stopping threads took: 0.0001758 seconds
2024-10-04T02:47:31.130+0300: 140.281: Application time: 0.3535940 seconds
2024-10-04T02:47:31.130+0300: 140.282: [GC (Allocation Failure) 2024-10-04T02:47:31.130+0300: 140.282: [DefNew: 1128647K->5432K(1258304K), 0.0031094 secs] 1140618K->17403K(4054528K), 0.0031845 secs] [Times: user=0.00 sys=0.00, real=0.00 secs] 
2024-10-04T02:47:31.130+0300: 140.285: Total time for which application threads were stopped: 0.0035589 seconds, Stopping threads took: 0.0002307 seconds
2024-10-04T02:47:31.475+0300: 140.634: Application time: 0.3489928 seconds
2024-10-04T02:47:31.475+0300: 140.634: [GC (Allocation Failure) 2024-10-04T02:47:31.475+0300: 140.634: [DefNew: 1123960K->5668K(1258304K), 0.0034584 secs] 1135931K->17639K(4054528K), 0.0035302 secs] [Times: user=0.00 sys=0.00, real=0.02 secs] 
2024-10-04T02:47:31.491+0300: 140.638: Total time for which application threads were stopped: 0.0038364 seconds, Stopping threads took: 0.0001872 seconds
2024-10-04T02:47:31.821+0300: 140.980: Application time: 0.3418661 seconds
2024-10-04T02:47:31.821+0300: 140.980: [GC (Allocation Failure) 2024-10-04T02:47:31.821+0300: 140.980: [DefNew: 1124196K->5793K(1258304K), 0.0039598 secs] 1136167K->17764K(4054528K), 0.0040400 secs] [Times: user=0.02 sys=0.00, real=0.01 secs] 
2024-10-04T02:47:31.836+0300: 140.984: Total time for which application threads were stopped: 0.0043409 seconds, Stopping threads took: 0.0001587 seconds
2024-10-04T02:47:32.166+0300: 141.317: Application time: 0.3326803 seconds
2024-10-04T02:47:32.166+0300: 141.317: [GC (Allocation Failure) 2024-10-04T02:47:32.166+0300: 141.317: [DefNew: 1124321K->6156K(1258304K), 0.0036696 secs] 1136292K->18128K(4054528K), 0.0037435 secs] [Times: user=0.00 sys=0.00, real=0.00 secs] 
2024-10-04T02:47:32.166+0300: 141.321: Total time for which application threads were stopped: 0.0040446 seconds, Stopping threads took: 0.0001870 seconds
2024-10-04T02:47:32.512+0300: 141.664: Application time: 0.3436607 seconds
2024-10-04T02:47:32.512+0300: 141.665: [GC (Allocation Failure) 2024-10-04T02:47:32.512+0300: 141.665: [DefNew: 1124684K->6803K(1258304K), 0.0037625 secs] 1136656K->18775K(4054528K), 0.0038337 secs] [Times: user=0.00 sys=0.00, real=0.00 secs] 
2024-10-04T02:47:32.512+0300: 141.668: Total time for which application threads were stopped: 0.0041880 seconds, Stopping threads took: 0.0002168 seconds
2024-10-04T02:47:32.872+0300: 142.021: Application time: 0.3525657 seconds
2024-10-04T02:47:32.872+0300: 142.021: [GC (Allocation Failure) 2024-10-04T02:47:32.872+0300: 142.021: [DefNew: 1125331K->5711K(1258304K), 0.0036423 secs] 1137303K->17683K(4054528K), 0.0037133 secs] [Times: user=0.00 sys=0.00, real=0.00 secs] 
2024-10-04T02:47:32.872+0300: 142.025: Total time for which application threads were stopped: 0.0040090 seconds, Stopping threads took: 0.0001385 seconds
2024-10-04T02:47:33.218+0300: 142.366: Application time: 0.3408592 seconds
2024-10-04T02:47:33.218+0300: 142.366: [GC (Allocation Failure) 2024-10-04T02:47:33.218+0300: 142.366: [DefNew: 1124239K->5823K(1258304K), 0.0034407 secs] 1136211K->17796K(4054528K), 0.0035240 secs] [Times: user=0.00 sys=0.00, real=0.00 secs] 
2024-10-04T02:47:33.218+0300: 142.370: Total time for which application threads were stopped: 0.0038569 seconds, Stopping threads took: 0.0002066 seconds
2024-10-04T02:47:33.547+0300: 142.704: Application time: 0.3345319 seconds
2024-10-04T02:47:33.547+0300: 142.705: [GC (Allocation Failure) 2024-10-04T02:47:33.547+0300: 142.705: [DefNew: 1124351K->5790K(1258304K), 0.0033524 secs] 1136324K->17763K(4054528K), 0.0034251 secs] [Times: user=0.00 sys=0.00, real=0.02 secs] 
2024-10-04T02:47:33.563+0300: 142.708: Total time for which application threads were stopped: 0.0037709 seconds, Stopping threads took: 0.0002009 seconds
2024-10-04T02:47:33.892+0300: 143.050: Application time: 0.3414225 seconds
2024-10-04T02:47:33.892+0300: 143.050: [GC (Allocation Failure) 2024-10-04T02:47:33.892+0300: 143.050: [DefNew: 1124318K->12003K(1258304K), 0.0117012 secs] 1136291K->23977K(4054528K), 0.0117777 secs] [Times: user=0.00 sys=0.00, real=0.02 secs] 
2024-10-04T02:47:33.914+0300: 143.062: Total time for which application threads were stopped: 0.0120537 seconds, Stopping threads took: 0.0001502 seconds
2024-10-04T02:47:34.254+0300: 143.407: Application time: 0.3453582 seconds
2024-10-04T02:47:34.254+0300: 143.407: [GC (Allocation Failure) 2024-10-04T02:47:34.254+0300: 143.407: [DefNew: 1130531K->5621K(1258304K), 0.0032244 secs] 1142505K->17595K(4054528K), 0.0032925 secs] [Times: user=0.00 sys=0.00, real=0.00 secs] 
2024-10-04T02:47:34.254+0300: 143.411: Total time for which application threads were stopped: 0.0036061 seconds, Stopping threads took: 0.0001984 seconds
2024-10-04T02:47:34.599+0300: 143.759: Application time: 0.3486191 seconds
2024-10-04T02:47:34.599+0300: 143.759: [GC (Allocation Failure) 2024-10-04T02:47:34.599+0300: 143.759: [DefNew: 1124149K->5840K(1258304K), 0.0034483 secs] 1136123K->17814K(4054528K), 0.0035212 secs] [Times: user=0.00 sys=0.00, real=0.02 secs] 
2024-10-04T02:47:34.615+0300: 143.763: Total time for which application threads were stopped: 0.0038107 seconds, Stopping threads took: 0.0001731 seconds
2024-10-04T02:47:34.960+0300: 144.110: Application time: 0.3474451 seconds
2024-10-04T02:47:34.960+0300: 144.111: [GC (Allocation Failure) 2024-10-04T02:47:34.960+0300: 144.111: [DefNew: 1124368K->5637K(1258304K), 0.0032916 secs] 1136342K->17612K(4054528K), 0.0033627 secs] [Times: user=0.00 sys=0.00, real=0.00 secs] 
2024-10-04T02:47:34.960+0300: 144.114: Total time for which application threads were stopped: 0.0036837 seconds, Stopping threads took: 0.0001963 seconds
2024-10-04T02:47:35.290+0300: 144.443: Application time: 0.3291220 seconds
2024-10-04T02:47:35.290+0300: 144.443: [GC (Allocation Failure) 2024-10-04T02:47:35.290+0300: 144.444: [DefNew: 1124165K->5749K(1258304K), 0.0032687 secs] 1136140K->17723K(4054528K), 0.0033408 secs] [Times: user=0.00 sys=0.00, real=0.00 secs] 
2024-10-04T02:47:35.290+0300: 144.447: Total time for which application threads were stopped: 0.0036162 seconds, Stopping threads took: 0.0001631 seconds
2024-10-04T02:47:35.636+0300: 144.796: Application time: 0.3486757 seconds
2024-10-04T02:47:35.636+0300: 144.796: [GC (Allocation Failure) 2024-10-04T02:47:35.636+0300: 144.796: [DefNew: 1124277K->7695K(1258304K), 0.0055791 secs] 1136251K->19670K(4054528K), 0.0056489 secs] [Times: user=0.00 sys=0.00, real=0.02 secs] 
2024-10-04T02:47:35.652+0300: 144.801: Total time for which application threads were stopped: 0.0059351 seconds, Stopping threads took: 0.0001638 seconds
2024-10-04T02:47:36.012+0300: 145.158: Application time: 0.3563928 seconds
2024-10-04T02:47:36.012+0300: 145.158: [GC (Allocation Failure) 2024-10-04T02:47:36.012+0300: 145.158: [DefNew: 1126223K->5803K(1258304K), 0.0035611 secs] 1138198K->17778K(4054528K), 0.0036412 secs] [Times: user=0.00 sys=0.00, real=0.00 secs] 
2024-10-04T02:47:36.012+0300: 145.162: Total time for which application threads were stopped: 0.0039392 seconds, Stopping threads took: 0.0001708 seconds
2024-10-04T02:47:36.358+0300: 145.504: Application time: 0.3420089 seconds
2024-10-04T02:47:36.358+0300: 145.504: [GC (Allocation Failure) 2024-10-04T02:47:36.358+0300: 145.504: [DefNew: 1124331K->5681K(1258304K), 0.0032930 secs] 1136306K->17656K(4054528K), 0.0033601 secs] [Times: user=0.00 sys=0.00, real=0.00 secs] 
2024-10-04T02:47:36.358+0300: 145.507: Total time for which application threads were stopped: 0.0036647 seconds, Stopping threads took: 0.0001837 seconds
2024-10-04T02:47:36.688+0300: 145.841: Application time: 0.3337444 seconds
2024-10-04T02:47:36.688+0300: 145.841: [GC (Allocation Failure) 2024-10-04T02:47:36.688+0300: 145.842: [DefNew: 1124209K->5682K(1258304K), 0.0032932 secs] 1136184K->17658K(4054528K), 0.0033652 secs] [Times: user=0.00 sys=0.00, real=0.00 secs] 
2024-10-04T02:47:36.688+0300: 145.845: Total time for which application threads were stopped: 0.0036366 seconds, Stopping threads took: 0.0001560 seconds
2024-10-04T02:47:37.033+0300: 146.188: Application time: 0.3431010 seconds
2024-10-04T02:47:37.033+0300: 146.188: [GC (Allocation Failure) 2024-10-04T02:47:37.033+0300: 146.188: [DefNew: 1124210K->5627K(1258304K), 0.0032442 secs] 1136186K->17603K(4054528K), 0.0033129 secs] [Times: user=0.00 sys=0.00, real=0.00 secs] 
2024-10-04T02:47:37.033+0300: 146.192: Total time for which application threads were stopped: 0.0036977 seconds, Stopping threads took: 0.0002285 seconds
2024-10-04T02:47:37.379+0300: 146.534: Application time: 0.3424227 seconds
2024-10-04T02:47:37.379+0300: 146.534: [GC (Allocation Failure) 2024-10-04T02:47:37.379+0300: 146.534: [DefNew: 1124155K->7453K(1258304K), 0.0052692 secs] 1136131K->19430K(4054528K), 0.0053531 secs] [Times: user=0.00 sys=0.00, real=0.02 secs] 
2024-10-04T02:47:37.395+0300: 146.540: Total time for which application threads were stopped: 0.0057276 seconds, Stopping threads took: 0.0002332 seconds
2024-10-04T02:47:37.740+0300: 146.885: Application time: 0.3456646 seconds
2024-10-04T02:47:37.740+0300: 146.886: [GC (Allocation Failure) 2024-10-04T02:47:37.740+0300: 146.886: [DefNew: 1125981K->5600K(1258304K), 0.0033201 secs] 1137958K->17576K(4054528K), 0.0033858 secs] [Times: user=0.00 sys=0.00, real=0.00 secs] 
2024-10-04T02:47:37.740+0300: 146.889: Total time for which application threads were stopped: 0.0036706 seconds, Stopping threads took: 0.0001573 seconds
2024-10-04T02:47:38.086+0300: 147.236: Application time: 0.3463713 seconds
2024-10-04T02:47:38.086+0300: 147.236: [GC (Allocation Failure) 2024-10-04T02:47:38.086+0300: 147.236: [DefNew: 1124128K->5626K(1258304K), 0.0032659 secs] 1136104K->17603K(4054528K), 0.0033409 secs] [Times: user=0.00 sys=0.00, real=0.00 secs] 
2024-10-04T02:47:38.086+0300: 147.239: Total time for which application threads were stopped: 0.0036074 seconds, Stopping threads took: 0.0001335 seconds
2024-10-04T02:47:38.424+0300: 147.572: Application time: 0.3329030 seconds
2024-10-04T02:47:38.424+0300: 147.572: [GC (Allocation Failure) 2024-10-04T02:47:38.424+0300: 147.572: [DefNew: 1124154K->7749K(1258304K), 0.0055662 secs] 1136131K->19726K(4054528K), 0.0056347 secs] [Times: user=0.00 sys=0.00, real=0.01 secs] 
2024-10-04T02:47:38.432+0300: 147.578: Total time for which application threads were stopped: 0.0059049 seconds, Stopping threads took: 0.0001512 seconds
2024-10-04T02:47:38.761+0300: 147.911: Application time: 0.3334907 seconds
2024-10-04T02:47:38.761+0300: 147.912: [GC (Allocation Failure) 2024-10-04T02:47:38.761+0300: 147.912: [DefNew: 1126277K->6356K(1258304K), 0.0035883 secs] 1138254K->18334K(4054528K), 0.0036589 secs] [Times: user=0.00 sys=0.00, real=0.00 secs] 
2024-10-04T02:47:38.761+0300: 147.915: Total time for which application threads were stopped: 0.0039237 seconds, Stopping threads took: 0.0001559 seconds
2024-10-04T02:47:39.125+0300: 148.273: Application time: 0.3572821 seconds
2024-10-04T02:47:39.125+0300: 148.273: [GC (Allocation Failure) 2024-10-04T02:47:39.125+0300: 148.273: [DefNew: 1124884K->5748K(1258304K), 0.0033444 secs] 1136862K->17726K(4054528K), 0.0034189 secs] [Times: user=0.00 sys=0.00, real=0.00 secs] 
2024-10-04T02:47:39.125+0300: 148.276: Total time for which application threads were stopped: 0.0037134 seconds, Stopping threads took: 0.0001636 seconds
2024-10-04T02:47:39.467+0300: 148.617: Application time: 0.3410651 seconds
2024-10-04T02:47:39.467+0300: 148.618: [GC (Allocation Failure) 2024-10-04T02:47:39.467+0300: 148.618: [DefNew: 1124276K->5528K(1258304K), 0.0032141 secs] 1136254K->17507K(4054528K), 0.0032864 secs] [Times: user=0.00 sys=0.00, real=0.00 secs] 
2024-10-04T02:47:39.467+0300: 148.621: Total time for which application threads were stopped: 0.0035976 seconds, Stopping threads took: 0.0001833 seconds
2024-10-04T02:47:39.813+0300: 148.960: Application time: 0.3390921 seconds
2024-10-04T02:47:39.813+0300: 148.960: [GC (Allocation Failure) 2024-10-04T02:47:39.813+0300: 148.960: [DefNew: 1124056K->5603K(1258304K), 0.0036131 secs] 1136035K->17582K(4054528K), 0.0036807 secs] [Times: user=0.00 sys=0.00, real=0.00 secs] 
2024-10-04T02:47:39.813+0300: 148.964: Total time for which application threads were stopped: 0.0039803 seconds, Stopping threads took: 0.0001854 seconds
2024-10-04T02:47:40.142+0300: 149.300: Application time: 0.3359450 seconds
2024-10-04T02:47:40.142+0300: 149.300: [GC (Allocation Failure) 2024-10-04T02:47:40.142+0300: 149.300: [DefNew: 1124131K->8342K(1258304K), 0.0060559 secs] 1136110K->20322K(4054528K), 0.0061554 secs] [Times: user=0.00 sys=0.00, real=0.02 secs] 
2024-10-04T02:47:40.158+0300: 149.307: Total time for which application threads were stopped: 0.0064624 seconds, Stopping threads took: 0.0001450 seconds
2024-10-04T02:47:40.503+0300: 149.651: Application time: 0.3444661 seconds
2024-10-04T02:47:40.503+0300: 149.651: [GC (Allocation Failure) 2024-10-04T02:47:40.503+0300: 149.651: [DefNew: 1126870K->6475K(1258304K), 0.0036384 secs] 1138850K->18454K(4054528K), 0.0037056 secs] [Times: user=0.00 sys=0.00, real=0.00 secs] 
2024-10-04T02:47:40.503+0300: 149.655: Total time for which application threads were stopped: 0.0040070 seconds, Stopping threads took: 0.0001753 seconds
2024-10-04T02:47:40.848+0300: 150.008: Application time: 0.3529624 seconds
2024-10-04T02:47:40.848+0300: 150.008: [GC (Allocation Failure) 2024-10-04T02:47:40.848+0300: 150.008: [DefNew: 1125003K->5609K(1258304K), 0.0034143 secs] 1136982K->17589K(4054528K), 0.0034996 secs] [Times: user=0.00 sys=0.00, real=0.02 secs] 
2024-10-04T02:47:40.864+0300: 150.012: Total time for which application threads were stopped: 0.0038599 seconds, Stopping threads took: 0.0002107 seconds
2024-10-04T02:47:41.194+0300: 150.353: Application time: 0.3409735 seconds
2024-10-04T02:47:41.194+0300: 150.353: [GC (Allocation Failure) 2024-10-04T02:47:41.194+0300: 150.353: [DefNew: 1124137K->5700K(1258304K), 0.0033878 secs] 1136117K->17680K(4054528K), 0.0034645 secs] [Times: user=0.00 sys=0.00, real=0.02 secs] 
2024-10-04T02:47:41.209+0300: 150.357: Total time for which application threads were stopped: 0.0037543 seconds, Stopping threads took: 0.0001650 seconds
2024-10-04T02:47:41.540+0300: 150.690: Application time: 0.3339195 seconds
2024-10-04T02:47:41.540+0300: 150.691: [GC (Allocation Failure) 2024-10-04T02:47:41.540+0300: 150.691: [DefNew: 1124228K->5785K(1258304K), 0.0033410 secs] 1136208K->17765K(4054528K), 0.0034133 secs] [Times: user=0.00 sys=0.00, real=0.00 secs] 
2024-10-04T02:47:41.540+0300: 150.694: Total time for which application threads were stopped: 0.0036521 seconds, Stopping threads took: 0.0001360 seconds
2024-10-04T02:47:41.885+0300: 151.035: Application time: 0.3412678 seconds
2024-10-04T02:47:41.885+0300: 151.036: [GC (Allocation Failure) 2024-10-04T02:47:41.885+0300: 151.036: [DefNew: 1124313K->7378K(1258304K), 0.0049404 secs] 1136293K->19359K(4054528K), 0.0050190 secs] [Times: user=0.00 sys=0.00, real=0.00 secs] 
2024-10-04T02:47:41.885+0300: 151.041: Total time for which application threads were stopped: 0.0053304 seconds, Stopping threads took: 0.0001574 seconds
2024-10-04T02:47:42.233+0300: 151.388: Application time: 0.3468776 seconds
2024-10-04T02:47:42.233+0300: 151.388: [GC (Allocation Failure) 2024-10-04T02:47:42.233+0300: 151.388: [DefNew: 1125906K->5606K(1258304K), 0.0034315 secs] 1137887K->17587K(4054528K), 0.0035052 secs] [Times: user=0.00 sys=0.00, real=0.01 secs] 
2024-10-04T02:47:42.246+0300: 151.391: Total time for which application threads were stopped: 0.0038264 seconds, Stopping threads took: 0.0001893 seconds
2024-10-04T02:47:42.591+0300: 151.740: Application time: 0.3485527 seconds
2024-10-04T02:47:42.591+0300: 151.740: [GC (Allocation Failure) 2024-10-04T02:47:42.591+0300: 151.740: [DefNew: 1124134K->5370K(1258304K), 0.0030246 secs] 1136115K->17351K(4054528K), 0.0030937 secs] [Times: user=0.00 sys=0.00, real=0.00 secs] 
2024-10-04T02:47:42.591+0300: 151.743: Total time for which application threads were stopped: 0.0033955 seconds, Stopping threads took: 0.0001848 seconds
2024-10-04T02:47:42.937+0300: 152.089: Application time: 0.3457452 seconds
2024-10-04T02:47:42.937+0300: 152.090: [GC (Allocation Failure) 2024-10-04T02:47:42.937+0300: 152.090: [DefNew: 1123898K->5734K(1258304K), 0.0033986 secs] 1135879K->17716K(4054528K), 0.0034770 secs] [Times: user=0.00 sys=0.00, real=0.00 secs] 
2024-10-04T02:47:42.937+0300: 152.093: Total time for which application threads were stopped: 0.0038453 seconds, Stopping threads took: 0.0002200 seconds
2024-10-04T02:47:43.266+0300: 152.425: Application time: 0.3318316 seconds
2024-10-04T02:47:43.266+0300: 152.425: [GC (Allocation Failure) 2024-10-04T02:47:43.266+0300: 152.425: [DefNew: 1124262K->5557K(1258304K), 0.0033399 secs] 1136244K->17539K(4054528K), 0.0034125 secs] [Times: user=0.00 sys=0.00, real=0.02 secs] 
2024-10-04T02:47:43.282+0300: 152.429: Total time for which application threads were stopped: 0.0036657 seconds, Stopping threads took: 0.0001322 seconds
2024-10-04T02:47:43.611+0300: 152.769: Application time: 0.3400083 seconds
2024-10-04T02:47:43.611+0300: 152.769: [GC (Allocation Failure) 2024-10-04T02:47:43.611+0300: 152.769: [DefNew: 1124085K->7184K(1258304K), 0.0051506 secs] 1136067K->19167K(4054528K), 0.0052200 secs] [Times: user=0.00 sys=0.00, real=0.02 secs] 
2024-10-04T02:47:43.627+0300: 152.774: Total time for which application threads were stopped: 0.0055690 seconds, Stopping threads took: 0.0002292 seconds
2024-10-04T02:47:43.973+0300: 153.130: Application time: 0.3557953 seconds
2024-10-04T02:47:43.973+0300: 153.130: [GC (Allocation Failure) 2024-10-04T02:47:43.973+0300: 153.130: [DefNew: 1125712K->5554K(1258304K), 0.0031614 secs] 1137695K->17536K(4054528K), 0.0032399 secs] [Times: user=0.01 sys=0.00, real=0.01 secs] 
2024-10-04T02:47:43.988+0300: 153.133: Total time for which application threads were stopped: 0.0035655 seconds, Stopping threads took: 0.0001917 seconds
2024-10-04T02:47:44.318+0300: 153.477: Application time: 0.3438623 seconds
2024-10-04T02:47:44.318+0300: 153.478: [GC (Allocation Failure) 2024-10-04T02:47:44.318+0300: 153.478: [DefNew: 1124082K->5647K(1258304K), 0.0033385 secs] 1136064K->17630K(4054528K), 0.0034102 secs] [Times: user=0.00 sys=0.00, real=0.02 secs] 
2024-10-04T02:47:44.334+0300: 153.481: Total time for which application threads were stopped: 0.0037072 seconds, Stopping threads took: 0.0001742 seconds
2024-10-04T02:47:44.664+0300: 153.815: Application time: 0.3341599 seconds
2024-10-04T02:47:44.664+0300: 153.815: [GC (Allocation Failure) 2024-10-04T02:47:44.664+0300: 153.815: [DefNew: 1124175K->5578K(1258304K), 0.0032194 secs] 1136158K->17561K(4054528K), 0.0032893 secs] [Times: user=0.00 sys=0.00, real=0.00 secs] 
2024-10-04T02:47:44.664+0300: 153.819: Total time for which application threads were stopped: 0.0035571 seconds, Stopping threads took: 0.0001484 seconds
2024-10-04T02:47:45.009+0300: 154.160: Application time: 0.3412193 seconds
2024-10-04T02:47:45.009+0300: 154.160: [GC (Allocation Failure) 2024-10-04T02:47:45.009+0300: 154.160: [DefNew: 1124106K->10962K(1258304K), 0.0114335 secs] 1136089K->22945K(4054528K), 0.0115340 secs] [Times: user=0.02 sys=0.00, real=0.01 secs] 
2024-10-04T02:47:45.024+0300: 154.172: Total time for which application threads were stopped: 0.0118639 seconds, Stopping threads took: 0.0001858 seconds
2024-10-04T02:47:45.370+0300: 154.518: Application time: 0.3465655 seconds
2024-10-04T02:47:45.370+0300: 154.519: [GC (Allocation Failure) 2024-10-04T02:47:45.370+0300: 154.519: [DefNew: 1129490K->5875K(1258304K), 0.0034165 secs] 1141473K->17858K(4054528K), 0.0034850 secs] [Times: user=0.00 sys=0.00, real=0.00 secs] 
2024-10-04T02:47:45.370+0300: 154.522: Total time for which application threads were stopped: 0.0037520 seconds, Stopping threads took: 0.0001483 seconds
2024-10-04T02:47:45.716+0300: 154.871: Application time: 0.3488110 seconds
2024-10-04T02:47:45.716+0300: 154.871: [GC (Allocation Failure) 2024-10-04T02:47:45.716+0300: 154.871: [DefNew: 1124403K->5688K(1258304K), 0.0033563 secs] 1136386K->17671K(4054528K), 0.0034347 secs] [Times: user=0.00 sys=0.00, real=0.00 secs] 
2024-10-04T02:47:45.716+0300: 154.875: Total time for which application threads were stopped: 0.0037178 seconds, Stopping threads took: 0.0001403 seconds
2024-10-04T02:47:46.061+0300: 155.221: Application time: 0.3460527 seconds
2024-10-04T02:47:46.061+0300: 155.221: [GC (Allocation Failure) 2024-10-04T02:47:46.061+0300: 155.221: [DefNew: 1124216K->5821K(1258304K), 0.0036223 secs] 1136199K->17805K(4054528K), 0.0036972 secs] [Times: user=0.00 sys=0.00, real=0.02 secs] 
2024-10-04T02:47:46.077+0300: 155.225: Total time for which application threads were stopped: 0.0040476 seconds, Stopping threads took: 0.0002113 seconds
2024-10-04T02:47:46.406+0300: 155.553: Application time: 0.3282541 seconds
2024-10-04T02:47:46.406+0300: 155.553: [GC (Allocation Failure) 2024-10-04T02:47:46.406+0300: 155.553: [DefNew: 1124349K->5617K(1258304K), 0.0031634 secs] 1136333K->17601K(4054528K), 0.0032312 secs] [Times: user=0.00 sys=0.00, real=0.00 secs] 
2024-10-04T02:47:46.406+0300: 155.557: Total time for which application threads were stopped: 0.0035049 seconds, Stopping threads took: 0.0001655 seconds
2024-10-04T02:47:46.753+0300: 155.901: Application time: 0.3442740 seconds
2024-10-04T02:47:46.753+0300: 155.901: [GC (Allocation Failure) 2024-10-04T02:47:46.753+0300: 155.901: [DefNew: 1124145K->6527K(1258304K), 0.0037323 secs] 1136129K->18512K(4054528K), 0.0038144 secs] [Times: user=0.00 sys=0.00, real=0.00 secs] 
2024-10-04T02:47:46.753+0300: 155.905: Total time for which application threads were stopped: 0.0040841 seconds, Stopping threads took: 0.0001510 seconds
2024-10-04T02:47:47.113+0300: 156.264: Application time: 0.3592632 seconds
2024-10-04T02:47:47.113+0300: 156.265: [GC (Allocation Failure) 2024-10-04T02:47:47.113+0300: 156.265: [DefNew: 1125055K->5579K(1258304K), 0.0033009 secs] 1137040K->17564K(4054528K), 0.0033739 secs] [Times: user=0.00 sys=0.00, real=0.00 secs] 
2024-10-04T02:47:47.113+0300: 156.268: Total time for which application threads were stopped: 0.0037150 seconds, Stopping threads took: 0.0001942 seconds
2024-10-04T02:47:47.458+0300: 156.609: Application time: 0.3407639 seconds
2024-10-04T02:47:47.458+0300: 156.609: [GC (Allocation Failure) 2024-10-04T02:47:47.458+0300: 156.609: [DefNew: 1124107K->5668K(1258304K), 0.0032266 secs] 1136092K->17654K(4054528K), 0.0032940 secs] [Times: user=0.00 sys=0.00, real=0.00 secs] 
2024-10-04T02:47:47.458+0300: 156.612: Total time for which application threads were stopped: 0.0035795 seconds, Stopping threads took: 0.0001727 seconds
2024-10-04T02:47:47.804+0300: 156.950: Application time: 0.3378022 seconds
2024-10-04T02:47:47.804+0300: 156.950: [GC (Allocation Failure) 2024-10-04T02:47:47.804+0300: 156.950: [DefNew: 1124196K->5787K(1258304K), 0.0038288 secs] 1136182K->17773K(4054528K), 0.0038958 secs] [Times: user=0.00 sys=0.00, real=0.00 secs] 
2024-10-04T02:47:47.804+0300: 156.954: Total time for which application threads were stopped: 0.0041896 seconds, Stopping threads took: 0.0001675 seconds
2024-10-04T02:47:48.146+0300: 157.291: Application time: 0.3372031 seconds
2024-10-04T02:47:48.146+0300: 157.292: [GC (Allocation Failure) 2024-10-04T02:47:48.146+0300: 157.292: [DefNew: 1124315K->6631K(1258304K), 0.0043674 secs] 1136301K->18617K(4054528K), 0.0044393 secs] [Times: user=0.00 sys=0.00, real=0.00 secs] 
2024-10-04T02:47:48.149+0300: 157.296: Total time for which application threads were stopped: 0.0046938 seconds, Stopping threads took: 0.0001411 seconds
2024-10-04T02:47:48.494+0300: 157.644: Application time: 0.3478942 seconds
2024-10-04T02:47:48.494+0300: 157.644: [GC (Allocation Failure) 2024-10-04T02:47:48.494+0300: 157.644: [DefNew: 1125159K->6008K(1258304K), 0.0035195 secs] 1137145K->17994K(4054528K), 0.0035871 secs] [Times: user=0.00 sys=0.00, real=0.00 secs] 
2024-10-04T02:47:48.494+0300: 157.648: Total time for which application threads were stopped: 0.0038644 seconds, Stopping threads took: 0.0001684 seconds
2024-10-04T02:47:48.855+0300: 158.006: Application time: 0.3582929 seconds
2024-10-04T02:47:48.855+0300: 158.007: [GC (Allocation Failure) 2024-10-04T02:47:48.855+0300: 158.007: [DefNew: 1124536K->5654K(1258304K), 0.0036676 secs] 1136522K->17641K(4054528K), 0.0037359 secs] [Times: user=0.00 sys=0.00, real=0.00 secs] 
2024-10-04T02:47:48.855+0300: 158.010: Total time for which application threads were stopped: 0.0040432 seconds, Stopping threads took: 0.0001711 seconds
2024-10-04T02:47:49.201+0300: 158.354: Application time: 0.3438069 seconds
2024-10-04T02:47:49.201+0300: 158.354: [GC (Allocation Failure) 2024-10-04T02:47:49.201+0300: 158.354: [DefNew: 1124182K->5848K(1258304K), 0.0034610 secs] 1136169K->17835K(4054528K), 0.0035437 secs] [Times: user=0.00 sys=0.00, real=0.00 secs] 
2024-10-04T02:47:49.201+0300: 158.358: Total time for which application threads were stopped: 0.0038365 seconds, Stopping threads took: 0.0001574 seconds
2024-10-04T02:47:49.531+0300: 158.688: Application time: 0.3304485 seconds
2024-10-04T02:47:49.531+0300: 158.689: [GC (Allocation Failure) 2024-10-04T02:47:49.531+0300: 158.689: [DefNew: 1124376K->5580K(1258304K), 0.0032622 secs] 1136363K->17567K(4054528K), 0.0033331 secs] [Times: user=0.00 sys=0.00, real=0.02 secs] 
2024-10-04T02:47:49.546+0300: 158.692: Total time for which application threads were stopped: 0.0036359 seconds, Stopping threads took: 0.0001992 seconds
2024-10-04T02:47:49.891+0300: 159.041: Application time: 0.3485382 seconds
2024-10-04T02:47:49.891+0300: 159.041: [GC (Allocation Failure) 2024-10-04T02:47:49.891+0300: 159.041: [DefNew: 1124108K->7575K(1258304K), 0.0053241 secs] 1136095K->19563K(4054528K), 0.0053905 secs] [Times: user=0.00 sys=0.00, real=0.00 secs] 
2024-10-04T02:47:49.891+0300: 159.046: Total time for which application threads were stopped: 0.0056324 seconds, Stopping threads took: 0.0001350 seconds
2024-10-04T02:47:50.237+0300: 159.395: Application time: 0.3484268 seconds
2024-10-04T02:47:50.237+0300: 159.395: [GC (Allocation Failure) 2024-10-04T02:47:50.237+0300: 159.395: [DefNew: 1126103K->5520K(1258304K), 0.0032483 secs] 1138091K->17508K(4054528K), 0.0033156 secs] [Times: user=0.00 sys=0.00, real=0.02 secs] 
2024-10-04T02:47:50.252+0300: 159.398: Total time for which application threads were stopped: 0.0036133 seconds, Stopping threads took: 0.0001800 seconds
2024-10-04T02:47:50.582+0300: 159.742: Application time: 0.3433928 seconds
2024-10-04T02:47:50.582+0300: 159.742: [GC (Allocation Failure) 2024-10-04T02:47:50.582+0300: 159.742: [DefNew: 1124048K->5643K(1258304K), 0.0033032 secs] 1136036K->17632K(4054528K), 0.0033763 secs] [Times: user=0.00 sys=0.00, real=0.02 secs] 
2024-10-04T02:47:50.598+0300: 159.745: Total time for which application threads were stopped: 0.0036787 seconds, Stopping threads took: 0.0001779 seconds
2024-10-04T02:47:50.946+0300: 160.091: Application time: 0.3455993 seconds
2024-10-04T02:47:50.946+0300: 160.091: [GC (Allocation Failure) 2024-10-04T02:47:50.946+0300: 160.091: [DefNew: 1124171K->5657K(1258304K), 0.0032337 secs] 1136160K->17646K(4054528K), 0.0033105 secs] [Times: user=0.00 sys=0.00, real=0.00 secs] 
2024-10-04T02:47:50.949+0300: 160.094: Total time for which application threads were stopped: 0.0035604 seconds, Stopping threads took: 0.0001413 seconds
2024-10-04T02:47:51.273+0300: 160.424: Application time: 0.3300034 seconds
2024-10-04T02:47:51.273+0300: 160.425: [GC (Allocation Failure) 2024-10-04T02:47:51.273+0300: 160.425: [DefNew: 1124185K->5928K(1258304K), 0.0033228 secs] 1136174K->17917K(4054528K), 0.0033970 secs] [Times: user=0.00 sys=0.00, real=0.00 secs] 
2024-10-04T02:47:51.273+0300: 160.428: Total time for which application threads were stopped: 0.0036496 seconds, Stopping threads took: 0.0001331 seconds
2024-10-04T02:47:51.618+0300: 160.775: Application time: 0.3470619 seconds
2024-10-04T02:47:51.618+0300: 160.775: [GC (Allocation Failure) 2024-10-04T02:47:51.618+0300: 160.775: [DefNew: 1124456K->5948K(1258304K), 0.0035022 secs] 1136445K->17938K(4054528K), 0.0035732 secs] [Times: user=0.00 sys=0.00, real=0.02 secs] 
2024-10-04T02:47:51.634+0300: 160.779: Total time for which application threads were stopped: 0.0038431 seconds, Stopping threads took: 0.0001526 seconds
2024-10-04T02:47:51.980+0300: 161.136: Application time: 0.3567208 seconds
2024-10-04T02:47:51.980+0300: 161.136: [GC (Allocation Failure) 2024-10-04T02:47:51.980+0300: 161.136: [DefNew: 1124476K->5629K(1258304K), 0.0033345 secs] 1136466K->17619K(4054528K), 0.0034044 secs] [Times: user=0.02 sys=0.00, real=0.00 secs] 
2024-10-04T02:47:51.980+0300: 161.139: Total time for which application threads were stopped: 0.0037057 seconds, Stopping threads took: 0.0001417 seconds
2024-10-04T02:47:52.325+0300: 161.477: Application time: 0.3370949 seconds
2024-10-04T02:47:52.325+0300: 161.477: [GC (Allocation Failure) 2024-10-04T02:47:52.325+0300: 161.477: [DefNew: 1124157K->5699K(1258304K), 0.0032438 secs] 1136147K->17689K(4054528K), 0.0033169 secs] [Times: user=0.00 sys=0.00, real=0.00 secs] 
2024-10-04T02:47:52.325+0300: 161.480: Total time for which application threads were stopped: 0.0036303 seconds, Stopping threads took: 0.0001956 seconds
2024-10-04T02:47:52.657+0300: 161.815: Application time: 0.3348060 seconds
2024-10-04T02:47:52.657+0300: 161.815: [GC (Allocation Failure) 2024-10-04T02:47:52.657+0300: 161.815: [DefNew: 1124227K->7342K(1258304K), 0.0049794 secs] 1136217K->19332K(4054528K), 0.0050542 secs] [Times: user=0.00 sys=0.00, real=0.01 secs] 
2024-10-04T02:47:52.671+0300: 161.820: Total time for which application threads were stopped: 0.0053365 seconds, Stopping threads took: 0.0001678 seconds
2024-10-04T02:47:53.016+0300: 162.161: Application time: 0.3406844 seconds
2024-10-04T02:47:53.016+0300: 162.161: [GC (Allocation Failure) 2024-10-04T02:47:53.016+0300: 162.161: [DefNew: 1125870K->9521K(1258304K), 0.0082339 secs] 1137860K->21512K(4054528K), 0.0083206 secs] [Times: user=0.02 sys=0.00, real=0.00 secs] 
2024-10-04T02:47:53.016+0300: 162.170: Total time for which application threads were stopped: 0.0087147 seconds, Stopping threads took: 0.0002417 seconds
2024-10-04T02:47:53.362+0300: 162.514: Application time: 0.3445999 seconds
2024-10-04T02:47:53.362+0300: 162.515: [GC (Allocation Failure) 2024-10-04T02:47:53.362+0300: 162.515: [DefNew: 1128049K->5781K(1258304K), 0.0034754 secs] 1140040K->17772K(4054528K), 0.0035427 secs] [Times: user=0.00 sys=0.00, real=0.00 secs] 
2024-10-04T02:47:53.362+0300: 162.518: Total time for which application threads were stopped: 0.0038283 seconds, Stopping threads took: 0.0001660 seconds
2024-10-04T02:47:53.707+0300: 162.865: Application time: 0.3464262 seconds
2024-10-04T02:47:53.707+0300: 162.865: [GC (Allocation Failure) 2024-10-04T02:47:53.707+0300: 162.865: [DefNew: 1124309K->5675K(1258304K), 0.0035942 secs] 1136300K->17666K(4054528K), 0.0036640 secs] [Times: user=0.00 sys=0.00, real=0.01 secs] 
2024-10-04T02:47:53.722+0300: 162.869: Total time for which application threads were stopped: 0.0039681 seconds, Stopping threads took: 0.0001670 seconds
2024-10-04T02:47:54.060+0300: 163.213: Application time: 0.3440549 seconds
2024-10-04T02:47:54.060+0300: 163.213: [GC (Allocation Failure) 2024-10-04T02:47:54.060+0300: 163.213: [DefNew: 1124203K->6745K(1258304K), 0.0044775 secs] 1136194K->18736K(4054528K), 0.0045577 secs] [Times: user=0.00 sys=0.00, real=0.01 secs] 
2024-10-04T02:47:54.068+0300: 163.218: Total time for which application threads were stopped: 0.0048899 seconds, Stopping threads took: 0.0002067 seconds
2024-10-04T02:47:54.398+0300: 163.551: Application time: 0.3332763 seconds
2024-10-04T02:47:54.398+0300: 163.551: [GC (Allocation Failure) 2024-10-04T02:47:54.398+0300: 163.551: [DefNew: 1125273K->7559K(1258304K), 0.0051568 secs] 1137264K->19551K(4054528K), 0.0052262 secs] [Times: user=0.00 sys=0.00, real=0.00 secs] 
2024-10-04T02:47:54.398+0300: 163.556: Total time for which application threads were stopped: 0.0055519 seconds, Stopping threads took: 0.0001932 seconds
2024-10-04T02:47:54.744+0300: 163.891: Application time: 0.3347216 seconds
2024-10-04T02:47:54.744+0300: 163.891: [GC (Allocation Failure) 2024-10-04T02:47:54.744+0300: 163.891: [DefNew: 1126087K->8862K(1258304K), 0.0068334 secs] 1138079K->20854K(4054528K), 0.0069028 secs] [Times: user=0.00 sys=0.00, real=0.00 secs] 
2024-10-04T02:47:54.744+0300: 163.898: Total time for which application threads were stopped: 0.0072430 seconds, Stopping threads took: 0.0001868 seconds
2024-10-04T02:47:55.105+0300: 164.254: Application time: 0.3558210 seconds
2024-10-04T02:47:55.105+0300: 164.254: [GC (Allocation Failure) 2024-10-04T02:47:55.105+0300: 164.254: [DefNew: 1127390K->5623K(1258304K), 0.0032440 secs] 1139382K->17616K(4054528K), 0.0033197 secs] [Times: user=0.00 sys=0.00, real=0.00 secs] 
2024-10-04T02:47:55.105+0300: 164.258: Total time for which application threads were stopped: 0.0036130 seconds, Stopping threads took: 0.0001694 seconds
2024-10-04T02:47:55.450+0300: 164.598: Application time: 0.3400013 seconds
2024-10-04T02:47:55.450+0300: 164.598: [GC (Allocation Failure) 2024-10-04T02:47:55.450+0300: 164.598: [DefNew: 1124151K->5760K(1258304K), 0.0033727 secs] 1136144K->17753K(4054528K), 0.0034424 secs] [Times: user=0.00 sys=0.00, real=0.00 secs] 
2024-10-04T02:47:55.450+0300: 164.601: Total time for which application threads were stopped: 0.0037218 seconds, Stopping threads took: 0.0001640 seconds
2024-10-04T02:47:55.780+0300: 164.934: Application time: 0.3320789 seconds
2024-10-04T02:47:55.780+0300: 164.934: [GC (Allocation Failure) 2024-10-04T02:47:55.780+0300: 164.934: [DefNew: 1124288K->6112K(1258304K), 0.0035512 secs] 1136281K->18105K(4054528K), 0.0036239 secs] [Times: user=0.00 sys=0.00, real=0.00 secs] 
2024-10-04T02:47:55.780+0300: 164.938: Total time for which application threads were stopped: 0.0039346 seconds, Stopping threads took: 0.0001850 seconds
2024-10-04T02:47:56.125+0300: 165.285: Application time: 0.3470224 seconds
2024-10-04T02:47:56.125+0300: 165.285: [GC (Allocation Failure) 2024-10-04T02:47:56.125+0300: 165.285: [DefNew: 1124640K->5808K(1258304K), 0.0034726 secs] 1136633K->17801K(4054528K), 0.0035490 secs] [Times: user=0.00 sys=0.00, real=0.02 secs] 
2024-10-04T02:47:56.140+0300: 165.288: Total time for which application threads were stopped: 0.0038389 seconds, Stopping threads took: 0.0001655 seconds
2024-10-04T02:47:56.470+0300: 165.626: Application time: 0.3373205 seconds
2024-10-04T02:47:56.470+0300: 165.626: [GC (Allocation Failure) 2024-10-04T02:47:56.470+0300: 165.626: [DefNew: 1124336K->7610K(1258304K), 0.0048869 secs] 1136329K->19603K(4054528K), 0.0049536 secs] [Times: user=0.00 sys=0.00, real=0.00 secs] 
2024-10-04T02:47:56.470+0300: 165.631: Total time for which application threads were stopped: 0.0052415 seconds, Stopping threads took: 0.0001750 seconds
2024-10-04T02:47:56.816+0300: 165.972: Application time: 0.3410173 seconds
2024-10-04T02:47:56.816+0300: 165.972: [GC (Allocation Failure) 2024-10-04T02:47:56.816+0300: 165.972: [DefNew: 1126138K->5630K(1258304K), 0.0036364 secs] 1138131K->17624K(4054528K), 0.0037174 secs] [Times: user=0.00 sys=0.00, real=0.00 secs] 
2024-10-04T02:47:56.816+0300: 165.976: Total time for which application threads were stopped: 0.0041883 seconds, Stopping threads took: 0.0003124 seconds
2024-10-04T02:47:57.177+0300: 166.324: Application time: 0.3479135 seconds
2024-10-04T02:47:57.177+0300: 166.324: [GC (Allocation Failure) 2024-10-04T02:47:57.177+0300: 166.324: [DefNew: 1124158K->7408K(1258304K), 0.0053344 secs] 1136152K->19402K(4054528K), 0.0054065 secs] [Times: user=0.00 sys=0.00, real=0.00 secs] 
2024-10-04T02:47:57.177+0300: 166.330: Total time for which application threads were stopped: 0.0056890 seconds, Stopping threads took: 0.0001524 seconds
2024-10-04T02:47:57.506+0300: 166.662: Application time: 0.3317618 seconds
2024-10-04T02:47:57.506+0300: 166.662: [GC (Allocation Failure) 2024-10-04T02:47:57.506+0300: 166.662: [DefNew: 1125936K->6223K(1258304K), 0.0037325 secs] 1137930K->18217K(4054528K), 0.0038018 secs] [Times: user=0.00 sys=0.00, real=0.00 secs] 
2024-10-04T02:47:57.506+0300: 166.666: Total time for which application threads were stopped: 0.0041189 seconds, Stopping threads took: 0.0002015 seconds
2024-10-04T02:47:57.852+0300: 167.009: Application time: 0.3429828 seconds
2024-10-04T02:47:57.852+0300: 167.009: [GC (Allocation Failure) 2024-10-04T02:47:57.852+0300: 167.009: [DefNew: 1124751K->5576K(1258304K), 0.0032062 secs] 1136745K->17571K(4054528K), 0.0032765 secs] [Times: user=0.00 sys=0.00, real=0.00 secs] 
2024-10-04T02:47:57.867+0300: 167.012: Total time for which application threads were stopped: 0.0036506 seconds, Stopping threads took: 0.0002405 seconds
2024-10-04T02:47:58.197+0300: 167.357: Application time: 0.3449142 seconds
2024-10-04T02:47:58.197+0300: 167.357: [GC (Allocation Failure) 2024-10-04T02:47:58.197+0300: 167.358: [DefNew: 1124104K->5684K(1258304K), 0.0033116 secs] 1136099K->17679K(4054528K), 0.0034006 secs] [Times: user=0.02 sys=0.00, real=0.02 secs] 
2024-10-04T02:47:58.213+0300: 167.361: Total time for which application threads were stopped: 0.0037197 seconds, Stopping threads took: 0.0001825 seconds
2024-10-04T02:47:58.543+0300: 167.702: Application time: 0.3407371 seconds
2024-10-04T02:47:58.543+0300: 167.702: [GC (Allocation Failure) 2024-10-04T02:47:58.543+0300: 167.702: [DefNew: 1124212K->5639K(1258304K), 0.0038195 secs] 1136207K->17635K(4054528K), 0.0039056 secs] [Times: user=0.00 sys=0.00, real=0.02 secs] 
2024-10-04T02:47:58.558+0300: 167.706: Total time for which application threads were stopped: 0.0042824 seconds, Stopping threads took: 0.0002326 seconds
2024-10-04T02:47:58.904+0300: 168.052: Application time: 0.3458610 seconds
2024-10-04T02:47:58.904+0300: 168.052: [GC (Allocation Failure) 2024-10-04T02:47:58.904+0300: 168.052: [DefNew: 1124167K->5799K(1258304K), 0.0035176 secs] 1136163K->17795K(4054528K), 0.0035998 secs] [Times: user=0.00 sys=0.00, real=0.00 secs] 
2024-10-04T02:47:58.904+0300: 168.056: Total time for which application threads were stopped: 0.0039263 seconds, Stopping threads took: 0.0001460 seconds
2024-10-04T02:47:59.234+0300: 168.388: Application time: 0.3317613 seconds
2024-10-04T02:47:59.234+0300: 168.388: [GC (Allocation Failure) 2024-10-04T02:47:59.234+0300: 168.388: [DefNew: 1124327K->5556K(1258304K), 0.0031499 secs] 1136323K->17552K(4054528K), 0.0032516 secs] [Times: user=0.00 sys=0.00, real=0.00 secs] 
2024-10-04T02:47:59.234+0300: 168.391: Total time for which application threads were stopped: 0.0035355 seconds, Stopping threads took: 0.0001527 seconds
2024-10-04T02:47:59.579+0300: 168.734: Application time: 0.3432698 seconds
2024-10-04T02:47:59.579+0300: 168.735: [GC (Allocation Failure) 2024-10-04T02:47:59.579+0300: 168.735: [DefNew: 1124084K->7832K(1258304K), 0.0052107 secs] 1136080K->19828K(4054528K), 0.0052782 secs] [Times: user=0.00 sys=0.00, real=0.00 secs] 
2024-10-04T02:47:59.579+0300: 168.740: Total time for which application threads were stopped: 0.0056146 seconds, Stopping threads took: 0.0002127 seconds
2024-10-04T02:47:59.940+0300: 169.096: Application time: 0.3561304 seconds
2024-10-04T02:47:59.940+0300: 169.096: [GC (Allocation Failure) 2024-10-04T02:47:59.940+0300: 169.096: [DefNew: 1126360K->5556K(1258304K), 0.0032145 secs] 1138356K->17553K(4054528K), 0.0032897 secs] [Times: user=0.00 sys=0.00, real=0.00 secs] 
2024-10-04T02:47:59.940+0300: 169.100: Total time for which application threads were stopped: 0.0035944 seconds, Stopping threads took: 0.0001703 seconds
2024-10-04T02:48:00.285+0300: 169.446: Application time: 0.3459675 seconds
2024-10-04T02:48:00.301+0300: 169.446: [GC (Allocation Failure) 2024-10-04T02:48:00.301+0300: 169.446: [DefNew: 1124084K->5558K(1258304K), 0.0031984 secs] 1136081K->17555K(4054528K), 0.0032700 secs] [Times: user=0.00 sys=0.00, real=0.00 secs] 
2024-10-04T02:48:00.301+0300: 169.449: Total time for which application threads were stopped: 0.0036338 seconds, Stopping threads took: 0.0002382 seconds
2024-10-04T02:48:00.630+0300: 169.786: Application time: 0.3365309 seconds
2024-10-04T02:48:00.630+0300: 169.786: [GC (Allocation Failure) 2024-10-04T02:48:00.630+0300: 169.786: [DefNew: 1124086K->5670K(1258304K), 0.0032058 secs] 1136083K->17667K(4054528K), 0.0032789 secs] [Times: user=0.00 sys=0.00, real=0.00 secs] 
2024-10-04T02:48:00.630+0300: 169.789: Total time for which application threads were stopped: 0.0035282 seconds, Stopping threads took: 0.0001365 seconds
2024-10-04T02:48:00.976+0300: 170.132: Application time: 0.3429427 seconds
2024-10-04T02:48:00.976+0300: 170.133: [GC (Allocation Failure) 2024-10-04T02:48:00.976+0300: 170.133: [DefNew: 1124198K->8743K(1258304K), 0.0077440 secs] 1136195K->20740K(4054528K), 0.0078177 secs] [Times: user=0.00 sys=0.00, real=0.01 secs] 
2024-10-04T02:48:00.991+0300: 170.140: Total time for which application threads were stopped: 0.0081754 seconds, Stopping threads took: 0.0002201 seconds
2024-10-04T02:48:01.336+0300: 170.484: Application time: 0.3440022 seconds
2024-10-04T02:48:01.336+0300: 170.485: [GC (Allocation Failure) 2024-10-04T02:48:01.336+0300: 170.485: [DefNew: 1127271K->5619K(1258304K), 0.0033263 secs] 1139268K->17617K(4054528K), 0.0033917 secs] [Times: user=0.00 sys=0.00, real=0.00 secs] 
2024-10-04T02:48:01.336+0300: 170.488: Total time for which application threads were stopped: 0.0036766 seconds, Stopping threads took: 0.0001587 seconds
2024-10-04T02:48:01.681+0300: 170.835: Application time: 0.3466615 seconds
2024-10-04T02:48:01.681+0300: 170.835: [GC (Allocation Failure) 2024-10-04T02:48:01.681+0300: 170.835: [DefNew: 1124147K->5863K(1258304K), 0.0034458 secs] 1136145K->17862K(4054528K), 0.0035190 secs] [Times: user=0.00 sys=0.00, real=0.00 secs] 
2024-10-04T02:48:01.681+0300: 170.839: Total time for which application threads were stopped: 0.0038515 seconds, Stopping threads took: 0.0001841 seconds
2024-10-04T02:48:02.027+0300: 171.185: Application time: 0.3464540 seconds
2024-10-04T02:48:02.027+0300: 171.185: [GC (Allocation Failure) 2024-10-04T02:48:02.027+0300: 171.185: [DefNew: 1124391K->7399K(1258304K), 0.0051406 secs] 1136390K->19398K(4054528K), 0.0052179 secs] [Times: user=0.00 sys=0.00, real=0.02 secs] 
2024-10-04T02:48:02.042+0300: 171.191: Total time for which application threads were stopped: 0.0055401 seconds, Stopping threads took: 0.0001840 seconds
2024-10-04T02:48:02.372+0300: 171.523: Application time: 0.3323944 seconds
2024-10-04T02:48:02.372+0300: 171.523: [GC (Allocation Failure) 2024-10-04T02:48:02.372+0300: 171.523: [DefNew: 1125927K->6115K(1258304K), 0.0034314 secs] 1137926K->18113K(4054528K), 0.0035025 secs] [Times: user=0.00 sys=0.00, real=0.01 secs] 
2024-10-04T02:48:02.379+0300: 171.527: Total time for which application threads were stopped: 0.0038414 seconds, Stopping threads took: 0.0002207 seconds
2024-10-04T02:48:02.717+0300: 171.870: Application time: 0.3431230 seconds
2024-10-04T02:48:02.717+0300: 171.870: [GC (Allocation Failure) 2024-10-04T02:48:02.717+0300: 171.870: [DefNew: 1124643K->7896K(1258304K), 0.0051199 secs] 1136641K->19895K(4054528K), 0.0052027 secs] [Times: user=0.00 sys=0.00, real=0.00 secs] 
2024-10-04T02:48:02.717+0300: 171.876: Total time for which application threads were stopped: 0.0055059 seconds, Stopping threads took: 0.0001679 seconds
2024-10-04T02:48:03.081+0300: 172.230: Application time: 0.3547282 seconds
2024-10-04T02:48:03.081+0300: 172.231: [GC (Allocation Failure) 2024-10-04T02:48:03.081+0300: 172.231: [DefNew: 1126424K->5414K(1258304K), 0.0036501 secs] 1138423K->17414K(4054528K), 0.0037243 secs] [Times: user=0.01 sys=0.00, real=0.00 secs] 
2024-10-04T02:48:03.081+0300: 172.234: Total time for which application threads were stopped: 0.0040464 seconds, Stopping threads took: 0.0001774 seconds
2024-10-04T02:48:03.424+0300: 172.573: Application time: 0.3387831 seconds
2024-10-04T02:48:03.424+0300: 172.573: [GC (Allocation Failure) 2024-10-04T02:48:03.424+0300: 172.573: [DefNew: 1123942K->5557K(1258304K), 0.0032632 secs] 1135942K->17557K(4054528K), 0.0033342 secs] [Times: user=0.00 sys=0.00, real=0.00 secs] 
2024-10-04T02:48:03.424+0300: 172.577: Total time for which application threads were stopped: 0.0036662 seconds, Stopping threads took: 0.0002103 seconds
2024-10-04T02:48:03.754+0300: 172.911: Application time: 0.3342982 seconds
2024-10-04T02:48:03.754+0300: 172.911: [GC (Allocation Failure) 2024-10-04T02:48:03.754+0300: 172.911: [DefNew: 1124085K->6121K(1258304K), 0.0037186 secs] 1136085K->18121K(4054528K), 0.0037862 secs] [Times: user=0.00 sys=0.00, real=0.02 secs] 
2024-10-04T02:48:03.769+0300: 172.915: Total time for which application threads were stopped: 0.0041279 seconds, Stopping threads took: 0.0002088 seconds
2024-10-04T02:48:04.099+0300: 173.259: Application time: 0.3437182 seconds
2024-10-04T02:48:04.099+0300: 173.259: [GC (Allocation Failure) 2024-10-04T02:48:04.099+0300: 173.259: [DefNew: 1124649K->10905K(1258304K), 0.0106526 secs] 1136649K->22905K(4054528K), 0.0107338 secs] [Times: user=0.00 sys=0.00, real=0.03 secs] 
2024-10-04T02:48:04.124+0300: 173.270: Total time for which application threads were stopped: 0.0111162 seconds, Stopping threads took: 0.0002359 seconds
2024-10-04T02:48:04.459+0300: 173.618: Application time: 0.3480587 seconds
2024-10-04T02:48:04.459+0300: 173.618: [GC (Allocation Failure) 2024-10-04T02:48:04.459+0300: 173.618: [DefNew: 1129433K->5592K(1258304K), 0.0033590 secs] 1141433K->17593K(4054528K), 0.0034254 secs] [Times: user=0.00 sys=0.00, real=0.02 secs] 
2024-10-04T02:48:04.475+0300: 173.622: Total time for which application threads were stopped: 0.0037672 seconds, Stopping threads took: 0.0002183 seconds
2024-10-04T02:48:04.820+0300: 173.968: Application time: 0.3462817 seconds
2024-10-04T02:48:04.820+0300: 173.968: [GC (Allocation Failure) 2024-10-04T02:48:04.820+0300: 173.969: [DefNew: 1124120K->5760K(1258304K), 0.0036448 secs] 1136121K->17761K(4054528K), 0.0037426 secs] [Times: user=0.00 sys=0.00, real=0.00 secs] 
2024-10-04T02:48:04.820+0300: 173.972: Total time for which application threads were stopped: 0.0040940 seconds, Stopping threads took: 0.0001887 seconds
2024-10-04T02:48:05.165+0300: 174.313: Application time: 0.3411657 seconds
2024-10-04T02:48:05.165+0300: 174.314: [GC (Allocation Failure) 2024-10-04T02:48:05.165+0300: 174.314: [DefNew: 1124288K->5574K(1258304K), 0.0035319 secs] 1136289K->17576K(4054528K), 0.0036158 secs] [Times: user=0.00 sys=0.00, real=0.00 secs] 
2024-10-04T02:48:05.165+0300: 174.317: Total time for which application threads were stopped: 0.0039464 seconds, Stopping threads took: 0.0001848 seconds
2024-10-04T02:48:05.495+0300: 174.649: Application time: 0.3317279 seconds
2024-10-04T02:48:05.495+0300: 174.649: [GC (Allocation Failure) 2024-10-04T02:48:05.495+0300: 174.649: [DefNew: 1124102K->7844K(1258304K), 0.0052481 secs] 1136104K->19846K(4054528K), 0.0053302 secs] [Times: user=0.00 sys=0.00, real=0.00 secs] 
2024-10-04T02:48:05.495+0300: 174.655: Total time for which application threads were stopped: 0.0056663 seconds, Stopping threads took: 0.0002163 seconds
2024-10-04T02:48:05.856+0300: 175.002: Application time: 0.3475624 seconds
2024-10-04T02:48:05.856+0300: 175.003: [GC (Allocation Failure) 2024-10-04T02:48:05.856+0300: 175.003: [DefNew: 1126372K->7884K(1258304K), 0.0057028 secs] 1138374K->19886K(4054528K), 0.0057846 secs] [Times: user=0.00 sys=0.00, real=0.00 secs] 
2024-10-04T02:48:05.856+0300: 175.008: Total time for which application threads were stopped: 0.0060807 seconds, Stopping threads took: 0.0001519 seconds
2024-10-04T02:48:06.201+0300: 175.360: Application time: 0.3515909 seconds
2024-10-04T02:48:06.201+0300: 175.360: [GC (Allocation Failure) 2024-10-04T02:48:06.201+0300: 175.360: [DefNew: 1126412K->5497K(1258304K), 0.0032702 secs] 1138414K->17499K(4054528K), 0.0033480 secs] [Times: user=0.00 sys=0.00, real=0.02 secs] 
2024-10-04T02:48:06.217+0300: 175.364: Total time for which application threads were stopped: 0.0037164 seconds, Stopping threads took: 0.0002445 seconds
2024-10-04T02:48:06.546+0300: 175.705: Application time: 0.3415980 seconds
2024-10-04T02:48:06.546+0300: 175.706: [GC (Allocation Failure) 2024-10-04T02:48:06.546+0300: 175.706: [DefNew: 1124025K->5510K(1258304K), 0.0032667 secs] 1136027K->17512K(4054528K), 0.0033391 secs] [Times: user=0.00 sys=0.00, real=0.02 secs] 
2024-10-04T02:48:06.562+0300: 175.709: Total time for which application threads were stopped: 0.0036527 seconds, Stopping threads took: 0.0001762 seconds
2024-10-04T02:48:06.906+0300: 176.052: Application time: 0.3428076 seconds
2024-10-04T02:48:06.906+0300: 176.052: [GC (Allocation Failure) 2024-10-04T02:48:06.906+0300: 176.052: [DefNew: 1124038K->7222K(1258304K), 0.0048755 secs] 1136040K->19225K(4054528K), 0.0049458 secs] [Times: user=0.00 sys=0.00, real=0.00 secs] 
2024-10-04T02:48:06.906+0300: 176.057: Total time for which application threads were stopped: 0.0052812 seconds, Stopping threads took: 0.0001871 seconds
2024-10-04T02:48:07.236+0300: 176.391: Application time: 0.3338058 seconds
2024-10-04T02:48:07.236+0300: 176.391: [GC (Allocation Failure) 2024-10-04T02:48:07.236+0300: 176.391: [DefNew: 1125750K->7760K(1258304K), 0.0054078 secs] 1137753K->19763K(4054528K), 0.0055062 secs] [Times: user=0.00 sys=0.00, real=0.00 secs] 
2024-10-04T02:48:07.252+0300: 176.397: Total time for which application threads were stopped: 0.0057955 seconds, Stopping threads took: 0.0001314 seconds
2024-10-04T02:48:07.597+0300: 176.745: Application time: 0.3479622 seconds
2024-10-04T02:48:07.597+0300: 176.745: [GC (Allocation Failure) 2024-10-04T02:48:07.597+0300: 176.745: [DefNew: 1126288K->5559K(1258304K), 0.0032325 secs] 1138291K->17562K(4054528K), 0.0033002 secs] [Times: user=0.00 sys=0.00, real=0.00 secs] 
2024-10-04T02:48:07.597+0300: 176.748: Total time for which application threads were stopped: 0.0036209 seconds, Stopping threads took: 0.0002010 seconds
2024-10-04T02:48:07.942+0300: 177.101: Application time: 0.3530921 seconds
2024-10-04T02:48:07.942+0300: 177.102: [GC (Allocation Failure) 2024-10-04T02:48:07.942+0300: 177.102: [DefNew: 1124087K->5533K(1258304K), 0.0032813 secs] 1136090K->17537K(4054528K), 0.0033481 secs] [Times: user=0.00 sys=0.00, real=0.02 secs] 
2024-10-04T02:48:07.958+0300: 177.105: Total time for which application threads were stopped: 0.0037132 seconds, Stopping threads took: 0.0002043 seconds
2024-10-04T02:48:08.294+0300: 177.443: Application time: 0.3381020 seconds
2024-10-04T02:48:08.294+0300: 177.443: [GC (Allocation Failure) 2024-10-04T02:48:08.294+0300: 177.443: [DefNew: 1124061K->5581K(1258304K), 0.0032158 secs] 1136065K->17585K(4054528K), 0.0032839 secs] [Times: user=0.00 sys=0.00, real=0.00 secs] 
2024-10-04T02:48:08.294+0300: 177.447: Total time for which application threads were stopped: 0.0035546 seconds, Stopping threads took: 0.0001496 seconds
2024-10-04T02:48:08.633+0300: 177.780: Application time: 0.3331650 seconds
2024-10-04T02:48:08.633+0300: 177.780: [GC (Allocation Failure) 2024-10-04T02:48:08.633+0300: 177.780: [DefNew: 1124109K->8997K(1258304K), 0.0071922 secs] 1136113K->21002K(4054528K), 0.0072595 secs] [Times: user=0.00 sys=0.00, real=0.00 secs] 
2024-10-04T02:48:08.633+0300: 177.787: Total time for which application threads were stopped: 0.0075544 seconds, Stopping threads took: 0.0001771 seconds
2024-10-04T02:48:08.979+0300: 178.136: Application time: 0.3481760 seconds
2024-10-04T02:48:08.979+0300: 178.136: [GC (Allocation Failure) 2024-10-04T02:48:08.979+0300: 178.136: [DefNew: 1127525K->11510K(1258304K), 0.0107451 secs] 1139530K->23515K(4054528K), 0.0108269 secs] [Times: user=0.00 sys=0.00, real=0.02 secs] 
2024-10-04T02:48:08.996+0300: 178.147: Total time for which application threads were stopped: 0.0111409 seconds, Stopping threads took: 0.0001900 seconds
2024-10-04T02:48:09.340+0300: 178.497: Application time: 0.3499949 seconds
2024-10-04T02:48:09.340+0300: 178.497: [GC (Allocation Failure) 2024-10-04T02:48:09.340+0300: 178.497: [DefNew: 1130038K->5673K(1258304K), 0.0033011 secs] 1142043K->17678K(4054528K), 0.0033693 secs] [Times: user=0.00 sys=0.00, real=0.00 secs] 
2024-10-04T02:48:09.340+0300: 178.500: Total time for which application threads were stopped: 0.0036286 seconds, Stopping threads took: 0.0001428 seconds
2024-10-04T02:48:09.686+0300: 178.841: Application time: 0.3405404 seconds
2024-10-04T02:48:09.686+0300: 178.841: [GC (Allocation Failure) 2024-10-04T02:48:09.686+0300: 178.841: [DefNew: 1124201K->5520K(1258304K), 0.0031920 secs] 1136206K->17526K(4054528K), 0.0032643 secs] [Times: user=0.00 sys=0.00, real=0.01 secs] 
2024-10-04T02:48:09.697+0300: 178.845: Total time for which application threads were stopped: 0.0035709 seconds, Stopping threads took: 0.0001804 seconds
2024-10-04T02:48:10.031+0300: 179.184: Application time: 0.3395808 seconds
2024-10-04T02:48:10.031+0300: 179.184: [GC (Allocation Failure) 2024-10-04T02:48:10.031+0300: 179.187: [DefNew: 1124048K->5548K(1258304K), 0.0039358 secs] 1136054K->17554K(4054528K), 0.0061909 secs] [Times: user=0.00 sys=0.00, real=0.00 secs] 
2024-10-04T02:48:10.031+0300: 179.191: Total time for which application threads were stopped: 0.0065702 seconds, Stopping threads took: 0.0002321 seconds
2024-10-04T02:48:10.376+0300: 179.524: Application time: 0.3330943 seconds
2024-10-04T02:48:10.376+0300: 179.524: [GC (Allocation Failure) 2024-10-04T02:48:10.376+0300: 179.524: [DefNew: 1124076K->6374K(1258304K), 0.0036485 secs] 1136082K->18380K(4054528K), 0.0037155 secs] [Times: user=0.00 sys=0.00, real=0.00 secs] 
2024-10-04T02:48:10.376+0300: 179.528: Total time for which application threads were stopped: 0.0039503 seconds, Stopping threads took: 0.0001303 seconds
2024-10-04T02:48:10.722+0300: 179.875: Application time: 0.3471392 seconds
2024-10-04T02:48:10.722+0300: 179.875: [GC (Allocation Failure) 2024-10-04T02:48:10.722+0300: 179.875: [DefNew: 1124902K->5625K(1258304K), 0.0032630 secs] 1136908K->17632K(4054528K), 0.0033327 secs] [Times: user=0.00 sys=0.00, real=0.00 secs] 
2024-10-04T02:48:10.722+0300: 179.879: Total time for which application threads were stopped: 0.0036436 seconds, Stopping threads took: 0.0001867 seconds
2024-10-04T02:48:11.082+0300: 180.234: Application time: 0.3550559 seconds
2024-10-04T02:48:11.082+0300: 180.234: [GC (Allocation Failure) 2024-10-04T02:48:11.082+0300: 180.234: [DefNew: 1124153K->5711K(1258304K), 0.0033642 secs] 1136160K->17717K(4054528K), 0.0034349 secs] [Times: user=0.00 sys=0.00, real=0.00 secs] 
2024-10-04T02:48:11.082+0300: 180.237: Total time for which application threads were stopped: 0.0037382 seconds, Stopping threads took: 0.0001711 seconds
2024-10-04T02:48:11.428+0300: 180.574: Application time: 0.3362543 seconds
2024-10-04T02:48:11.428+0300: 180.574: [GC (Allocation Failure) 2024-10-04T02:48:11.428+0300: 180.574: [DefNew: 1124239K->5548K(1258304K), 0.0031887 secs] 1136245K->17555K(4054528K), 0.0032578 secs] [Times: user=0.00 sys=0.00, real=0.00 secs] 
2024-10-04T02:48:11.428+0300: 180.577: Total time for which application threads were stopped: 0.0035300 seconds, Stopping threads took: 0.0001450 seconds
2024-10-04T02:48:11.758+0300: 180.910: Application time: 0.3331325 seconds
2024-10-04T02:48:11.758+0300: 180.910: [GC (Allocation Failure) 2024-10-04T02:48:11.758+0300: 180.911: [DefNew: 1124076K->7075K(1258304K), 0.0042694 secs] 1136083K->19082K(4054528K), 0.0043809 secs] [Times: user=0.00 sys=0.00, real=0.00 secs] 
2024-10-04T02:48:11.758+0300: 180.915: Total time for which application threads were stopped: 0.0046416 seconds, Stopping threads took: 0.0001215 seconds
2024-10-04T02:48:12.119+0300: 181.268: Application time: 0.3527026 seconds
2024-10-04T02:48:12.119+0300: 181.268: [GC (Allocation Failure) 2024-10-04T02:48:12.119+0300: 181.268: [DefNew: 1125603K->6528K(1258304K), 0.0040130 secs] 1137610K->18535K(4054528K), 0.0040970 secs] [Times: user=0.00 sys=0.00, real=0.00 secs] 
2024-10-04T02:48:12.119+0300: 181.272: Total time for which application threads were stopped: 0.0044225 seconds, Stopping threads took: 0.0001921 seconds
2024-10-04T02:48:12.465+0300: 181.621: Application time: 0.3489269 seconds
2024-10-04T02:48:12.465+0300: 181.621: [GC (Allocation Failure) 2024-10-04T02:48:12.465+0300: 181.621: [DefNew: 1125056K->5637K(1258304K), 0.0032106 secs] 1137063K->17645K(4054528K), 0.0032760 secs] [Times: user=0.00 sys=0.00, real=0.00 secs] 
2024-10-04T02:48:12.465+0300: 181.624: Total time for which application threads were stopped: 0.0035557 seconds, Stopping threads took: 0.0001658 seconds
2024-10-04T02:48:12.811+0300: 181.965: Application time: 0.3405998 seconds
2024-10-04T02:48:12.811+0300: 181.965: [GC (Allocation Failure) 2024-10-04T02:48:12.811+0300: 181.965: [DefNew: 1124165K->5584K(1258304K), 0.0033652 secs] 1136173K->17593K(4054528K), 0.0034406 secs] [Times: user=0.00 sys=0.00, real=0.00 secs] 
2024-10-04T02:48:12.811+0300: 181.969: Total time for which application threads were stopped: 0.0037574 seconds, Stopping threads took: 0.0001789 seconds
2024-10-04T02:48:13.156+0300: 182.311: Application time: 0.3425314 seconds
2024-10-04T02:48:13.156+0300: 182.312: [GC (Allocation Failure) 2024-10-04T02:48:13.156+0300: 182.312: [DefNew: 1124112K->5690K(1258304K), 0.0032851 secs] 1136121K->17698K(4054528K), 0.0033648 secs] [Times: user=0.00 sys=0.00, real=0.00 secs] 
2024-10-04T02:48:13.156+0300: 182.315: Total time for which application threads were stopped: 0.0036659 seconds, Stopping threads took: 0.0001833 seconds
2024-10-04T02:48:13.485+0300: 182.645: Application time: 0.3299344 seconds
2024-10-04T02:48:13.485+0300: 182.645: [GC (Allocation Failure) 2024-10-04T02:48:13.485+0300: 182.645: [DefNew: 1124218K->5967K(1258304K), 0.0034928 secs] 1136226K->17976K(4054528K), 0.0035657 secs] [Times: user=0.00 sys=0.00, real=0.02 secs] 
2024-10-04T02:48:13.501+0300: 182.649: Total time for which application threads were stopped: 0.0038402 seconds, Stopping threads took: 0.0001619 seconds
2024-10-04T02:48:13.846+0300: 183.004: Application time: 0.3549217 seconds
2024-10-04T02:48:13.846+0300: 183.004: [GC (Allocation Failure) 2024-10-04T02:48:13.846+0300: 183.004: [DefNew: 1124495K->5773K(1258304K), 0.0035441 secs] 1136504K->17782K(4054528K), 0.0036171 secs] [Times: user=0.00 sys=0.00, real=0.02 secs] 
2024-10-04T02:48:13.862+0300: 183.008: Total time for which application threads were stopped: 0.0039344 seconds, Stopping threads took: 0.0001730 seconds
2024-10-04T02:48:14.208+0300: 183.359: Application time: 0.3512799 seconds
2024-10-04T02:48:14.208+0300: 183.359: [GC (Allocation Failure) 2024-10-04T02:48:14.208+0300: 183.359: [DefNew: 1124301K->5695K(1258304K), 0.0033819 secs] 1136310K->17704K(4054528K), 0.0034585 secs] [Times: user=0.00 sys=0.00, real=0.00 secs] 
2024-10-04T02:48:14.208+0300: 183.363: Total time for which application threads were stopped: 0.0037658 seconds, Stopping threads took: 0.0001765 seconds
2024-10-04T02:48:14.553+0300: 183.700: Application time: 0.3374585 seconds
2024-10-04T02:48:14.553+0300: 183.700: [GC (Allocation Failure) 2024-10-04T02:48:14.553+0300: 183.700: [DefNew: 1124223K->5801K(1258304K), 0.0034908 secs] 1136232K->17811K(4054528K), 0.0035641 secs] [Times: user=0.00 sys=0.00, real=0.00 secs] 
2024-10-04T02:48:14.553+0300: 183.704: Total time for which application threads were stopped: 0.0038495 seconds, Stopping threads took: 0.0001651 seconds
2024-10-04T02:48:14.898+0300: 184.046: Application time: 0.3420471 seconds
2024-10-04T02:48:14.898+0300: 184.046: [GC (Allocation Failure) 2024-10-04T02:48:14.898+0300: 184.046: [DefNew: 1124329K->8417K(1258304K), 0.0060543 secs] 1136339K->20427K(4054528K), 0.0061310 secs] [Times: user=0.02 sys=0.00, real=0.00 secs] 
2024-10-04T02:48:14.898+0300: 184.053: Total time for which application threads were stopped: 0.0064206 seconds, Stopping threads took: 0.0001680 seconds
2024-10-04T02:48:15.244+0300: 184.390: Application time: 0.3378420 seconds
2024-10-04T02:48:15.244+0300: 184.391: [GC (Allocation Failure) 2024-10-04T02:48:15.244+0300: 184.391: [DefNew: 1126945K->8094K(1258304K), 0.0054821 secs] 1138955K->20104K(4054528K), 0.0055517 secs] [Times: user=0.00 sys=0.00, real=0.00 secs] 
2024-10-04T02:48:15.244+0300: 184.396: Total time for which application threads were stopped: 0.0058387 seconds, Stopping threads took: 0.0001671 seconds
2024-10-04T02:48:15.589+0300: 184.746: Application time: 0.3500991 seconds
2024-10-04T02:48:15.589+0300: 184.747: [GC (Allocation Failure) 2024-10-04T02:48:15.589+0300: 184.747: [DefNew: 1126622K->5588K(1258304K), 0.0032407 secs] 1138632K->17599K(4054528K), 0.0033104 secs] [Times: user=0.00 sys=0.00, real=0.00 secs] 
2024-10-04T02:48:15.589+0300: 184.750: Total time for which application threads were stopped: 0.0035991 seconds, Stopping threads took: 0.0001658 seconds
2024-10-04T02:48:15.950+0300: 185.101: Application time: 0.3512396 seconds
2024-10-04T02:48:15.950+0300: 185.101: [GC (Allocation Failure) 2024-10-04T02:48:15.950+0300: 185.101: [DefNew: 1124116K->5703K(1258304K), 0.0033187 secs] 1136127K->17714K(4054528K), 0.0033912 secs] [Times: user=0.00 sys=0.00, real=0.00 secs] 
2024-10-04T02:48:15.950+0300: 185.105: Total time for which application threads were stopped: 0.0037062 seconds, Stopping threads took: 0.0001854 seconds
2024-10-04T02:48:16.280+0300: 185.440: Application time: 0.3354832 seconds
2024-10-04T02:48:16.296+0300: 185.441: [GC (Allocation Failure) 2024-10-04T02:48:16.296+0300: 185.441: [DefNew: 1124231K->5574K(1258304K), 0.0037612 secs] 1136242K->17585K(4054528K), 0.0038330 secs] [Times: user=0.00 sys=0.00, real=0.00 secs] 
2024-10-04T02:48:16.296+0300: 185.445: Total time for which application threads were stopped: 0.0042284 seconds, Stopping threads took: 0.0002382 seconds
2024-10-04T02:48:16.641+0300: 185.788: Application time: 0.3429948 seconds
2024-10-04T02:48:16.641+0300: 185.788: [GC (Allocation Failure) 2024-10-04T02:48:16.641+0300: 185.788: [DefNew: 1124102K->5912K(1258304K), 0.0037330 secs] 1136113K->17924K(4054528K), 0.0037969 secs] [Times: user=0.00 sys=0.00, real=0.00 secs] 
2024-10-04T02:48:16.641+0300: 185.792: Total time for which application threads were stopped: 0.0040602 seconds, Stopping threads took: 0.0001239 seconds
2024-10-04T02:48:17.015+0300: 186.161: Application time: 0.3691257 seconds
2024-10-04T02:48:17.015+0300: 186.161: [GC (Allocation Failure) 2024-10-04T02:48:17.015+0300: 186.161: [DefNew: 1124440K->7211K(1258304K), 0.0060225 secs] 1136452K->19223K(4054528K), 0.0060986 secs] [Times: user=0.00 sys=0.00, real=0.00 secs] 
2024-10-04T02:48:17.018+0300: 186.167: Total time for which application threads were stopped: 0.0063710 seconds, Stopping threads took: 0.0001388 seconds
2024-10-04T02:48:17.363+0300: 186.518: Application time: 0.3510209 seconds
2024-10-04T02:48:17.363+0300: 186.518: [GC (Allocation Failure) 2024-10-04T02:48:17.363+0300: 186.518: [DefNew: 1125739K->5619K(1258304K), 0.0035190 secs] 1137751K->17632K(4054528K), 0.0035786 secs] [Times: user=0.00 sys=0.00, real=0.00 secs] 
2024-10-04T02:48:17.363+0300: 186.522: Total time for which application threads were stopped: 0.0038293 seconds, Stopping threads took: 0.0001201 seconds
2024-10-04T02:48:17.716+0300: 186.865: Application time: 0.3429176 seconds
2024-10-04T02:48:17.716+0300: 186.865: [GC (Allocation Failure) 2024-10-04T02:48:17.716+0300: 186.865: [DefNew: 1124147K->5571K(1258304K), 0.0038532 secs] 1136160K->17584K(4054528K), 0.0039224 secs] [Times: user=0.02 sys=0.00, real=0.00 secs] 
2024-10-04T02:48:17.716+0300: 186.869: Total time for which application threads were stopped: 0.0042309 seconds, Stopping threads took: 0.0001714 seconds
2024-10-04T02:48:18.070+0300: 187.215: Application time: 0.3458596 seconds
2024-10-04T02:48:18.070+0300: 187.215: [GC (Allocation Failure) 2024-10-04T02:48:18.070+0300: 187.215: [DefNew: 1124099K->7197K(1258304K), 0.0054949 secs] 1136112K->19210K(4054528K), 0.0055720 secs] [Times: user=0.02 sys=0.00, real=0.00 secs] 
2024-10-04T02:48:18.070+0300: 187.221: Total time for which application threads were stopped: 0.0059332 seconds, Stopping threads took: 0.0002203 seconds
2024-10-04T02:48:18.415+0300: 187.560: Application time: 0.3392413 seconds
2024-10-04T02:48:18.415+0300: 187.560: [GC (Allocation Failure) 2024-10-04T02:48:18.415+0300: 187.561: [DefNew: 1125725K->11164K(1258304K), 0.0114006 secs] 1137738K->23177K(4054528K), 0.0114598 secs] [Times: user=0.01 sys=0.00, real=0.00 secs] 
2024-10-04T02:48:18.418+0300: 187.572: Total time for which application threads were stopped: 0.0117680 seconds, Stopping threads took: 0.0001971 seconds
2024-10-04T02:48:18.775+0300: 187.921: Application time: 0.3493637 seconds
2024-10-04T02:48:18.775+0300: 187.922: [GC (Allocation Failure) 2024-10-04T02:48:18.775+0300: 187.922: [DefNew: 1129692K->5545K(1258304K), 0.0037995 secs] 1141705K->17559K(4054528K), 0.0038669 secs] [Times: user=0.00 sys=0.00, real=0.00 secs] 
2024-10-04T02:48:18.775+0300: 187.925: Total time for which application threads were stopped: 0.0041387 seconds, Stopping threads took: 0.0001461 seconds
2024-10-04T02:48:19.121+0300: 188.280: Application time: 0.3540527 seconds
2024-10-04T02:48:19.121+0300: 188.280: [GC (Allocation Failure) 2024-10-04T02:48:19.121+0300: 188.280: [DefNew: 1124073K->5591K(1258304K), 0.0036434 secs] 1136087K->17604K(4054528K), 0.0037325 secs] [Times: user=0.02 sys=0.00, real=0.02 secs] 
2024-10-04T02:48:19.137+0300: 188.284: Total time for which application threads were stopped: 0.0040287 seconds, Stopping threads took: 0.0001491 seconds
2024-10-04T02:48:19.466+0300: 188.626: Application time: 0.3422499 seconds
2024-10-04T02:48:19.466+0300: 188.626: [GC (Allocation Failure) 2024-10-04T02:48:19.466+0300: 188.626: [DefNew: 1124119K->5486K(1258304K), 0.0034634 secs] 1136132K->17500K(4054528K), 0.0035469 secs] [Times: user=0.00 sys=0.00, real=0.02 secs] 
2024-10-04T02:48:19.482+0300: 188.630: Total time for which application threads were stopped: 0.0038094 seconds, Stopping threads took: 0.0001441 seconds
2024-10-04T02:48:19.811+0300: 188.959: Application time: 0.3289665 seconds
2024-10-04T02:48:19.811+0300: 188.959: [GC (Allocation Failure) 2024-10-04T02:48:19.811+0300: 188.959: [DefNew: 1124014K->5548K(1258304K), 0.0038082 secs] 1136028K->17562K(4054528K), 0.0038832 secs] [Times: user=0.00 sys=0.00, real=0.00 secs] 
2024-10-04T02:48:19.811+0300: 188.963: Total time for which application threads were stopped: 0.0041356 seconds, Stopping threads took: 0.0001276 seconds
2024-10-04T02:48:20.173+0300: 189.319: Application time: 0.3557736 seconds
2024-10-04T02:48:20.173+0300: 189.319: [GC (Allocation Failure) 2024-10-04T02:48:20.173+0300: 189.319: [DefNew: 1124076K->5652K(1258304K), 0.0033659 secs] 1136090K->17667K(4054528K), 0.0034716 secs] [Times: user=0.00 sys=0.00, real=0.00 secs] 
2024-10-04T02:48:20.173+0300: 189.322: Total time for which application threads were stopped: 0.0037032 seconds, Stopping threads took: 0.0001062 seconds
2024-10-04T02:48:20.523+0300: 189.677: Application time: 0.3548854 seconds
2024-10-04T02:48:20.523+0300: 189.677: [GC (Allocation Failure) 2024-10-04T02:48:20.523+0300: 189.677: [DefNew: 1124180K->5683K(1258304K), 0.0033354 secs] 1136195K->17698K(4054528K), 0.0034018 secs] [Times: user=0.00 sys=0.00, real=0.01 secs] 
2024-10-04T02:48:20.534+0300: 189.681: Total time for which application threads were stopped: 0.0036612 seconds, Stopping threads took: 0.0001388 seconds
2024-10-04T02:48:20.878+0300: 190.027: Application time: 0.3463614 seconds
2024-10-04T02:48:20.878+0300: 190.027: [GC (Allocation Failure) 2024-10-04T02:48:20.878+0300: 190.027: [DefNew: 1124211K->5849K(1258304K), 0.0035314 secs] 1136226K->17864K(4054528K), 0.0036022 secs] [Times: user=0.00 sys=0.00, real=0.00 secs] 
2024-10-04T02:48:20.878+0300: 190.031: Total time for which application threads were stopped: 0.0039014 seconds, Stopping threads took: 0.0001736 seconds
2024-10-04T02:48:21.207+0300: 190.365: Application time: 0.3344426 seconds
2024-10-04T02:48:21.207+0300: 190.366: [GC (Allocation Failure) 2024-10-04T02:48:21.207+0300: 190.366: [DefNew: 1124377K->5657K(1258304K), 0.0033804 secs] 1136392K->17673K(4054528K), 0.0034579 secs] [Times: user=0.00 sys=0.00, real=0.02 secs] 
2024-10-04T02:48:21.223+0300: 190.369: Total time for which application threads were stopped: 0.0037600 seconds, Stopping threads took: 0.0001905 seconds
2024-10-04T02:48:21.553+0300: 190.713: Application time: 0.3440057 seconds
2024-10-04T02:48:21.553+0300: 190.714: [GC (Allocation Failure) 2024-10-04T02:48:21.553+0300: 190.714: [DefNew: 1124185K->11360K(1258304K), 0.0079830 secs] 1136201K->23376K(4054528K), 0.0080578 secs] [Times: user=0.02 sys=0.00, real=0.02 secs] 
2024-10-04T02:48:21.569+0300: 190.722: Total time for which application threads were stopped: 0.0083670 seconds, Stopping threads took: 0.0001716 seconds
2024-10-04T02:48:21.929+0300: 191.075: Application time: 0.3537199 seconds
2024-10-04T02:48:21.929+0300: 191.076: [GC (Allocation Failure) 2024-10-04T02:48:21.929+0300: 191.076: [DefNew: 1129888K->5556K(1258304K), 0.0032692 secs] 1141904K->17572K(4054528K), 0.0033386 secs] [Times: user=0.00 sys=0.00, real=0.00 secs] 
2024-10-04T02:48:21.929+0300: 191.079: Total time for which application threads were stopped: 0.0036879 seconds, Stopping threads took: 0.0002142 seconds
2024-10-04T02:48:22.275+0300: 191.427: Application time: 0.3478225 seconds
2024-10-04T02:48:22.275+0300: 191.427: [GC (Allocation Failure) 2024-10-04T02:48:22.275+0300: 191.427: [DefNew: 1124084K->5575K(1258304K), 0.0031060 secs] 1136100K->17592K(4054528K), 0.0031775 secs] [Times: user=0.00 sys=0.00, real=0.00 secs] 
2024-10-04T02:48:22.275+0300: 191.430: Total time for which application threads were stopped: 0.0034217 seconds, Stopping threads took: 0.0001318 seconds
2024-10-04T02:48:22.620+0300: 191.769: Application time: 0.3388976 seconds
2024-10-04T02:48:22.620+0300: 191.769: [GC (Allocation Failure) 2024-10-04T02:48:22.620+0300: 191.770: [DefNew: 1124103K->5600K(1258304K), 0.0032354 secs] 1136120K->17617K(4054528K), 0.0033217 secs] [Times: user=0.00 sys=0.00, real=0.01 secs] 
2024-10-04T02:48:22.628+0300: 191.773: Total time for which application threads were stopped: 0.0036538 seconds, Stopping threads took: 0.0001802 seconds
2024-10-04T02:48:22.950+0300: 192.109: Application time: 0.3360599 seconds
2024-10-04T02:48:22.950+0300: 192.109: [GC (Allocation Failure) 2024-10-04T02:48:22.950+0300: 192.109: [DefNew: 1124128K->5498K(1258304K), 0.0032877 secs] 1136145K->17516K(4054528K), 0.0033645 secs] [Times: user=0.00 sys=0.00, real=0.02 secs] 
2024-10-04T02:48:22.966+0300: 192.113: Total time for which application threads were stopped: 0.0037095 seconds, Stopping threads took: 0.0002176 seconds
2024-10-04T02:48:23.311+0300: 192.461: Application time: 0.3487371 seconds
2024-10-04T02:48:23.311+0300: 192.462: [GC (Allocation Failure) 2024-10-04T02:48:23.311+0300: 192.462: [DefNew: 1124026K->6340K(1258304K), 0.0036686 secs] 1136044K->18357K(4054528K), 0.0037386 secs] [Times: user=0.00 sys=0.00, real=0.00 secs] 
2024-10-04T02:48:23.311+0300: 192.465: Total time for which application threads were stopped: 0.0039686 seconds, Stopping threads took: 0.0001184 seconds
2024-10-04T02:48:23.656+0300: 192.816: Application time: 0.3503689 seconds
2024-10-04T02:48:23.656+0300: 192.816: [GC (Allocation Failure) 2024-10-04T02:48:23.656+0300: 192.816: [DefNew: 1124868K->5560K(1258304K), 0.0031846 secs] 1136885K->17578K(4054528K), 0.0032521 secs] [Times: user=0.00 sys=0.00, real=0.02 secs] 
2024-10-04T02:48:23.672+0300: 192.819: Total time for which application threads were stopped: 0.0035504 seconds, Stopping threads took: 0.0001826 seconds
2024-10-04T02:48:24.019+0300: 193.164: Application time: 0.3451604 seconds
2024-10-04T02:48:24.019+0300: 193.165: [GC (Allocation Failure) 2024-10-04T02:48:24.019+0300: 193.165: [DefNew: 1124088K->5500K(1258304K), 0.0032437 secs] 1136106K->17519K(4054528K), 0.0033188 secs] [Times: user=0.00 sys=0.00, real=0.00 secs] 
2024-10-04T02:48:24.023+0300: 193.168: Total time for which application threads were stopped: 0.0035967 seconds, Stopping threads took: 0.0001622 seconds
2024-10-04T02:48:24.347+0300: 193.506: Application time: 0.3375201 seconds
2024-10-04T02:48:24.347+0300: 193.506: [GC (Allocation Failure) 2024-10-04T02:48:24.347+0300: 193.506: [DefNew: 1124028K->7428K(1258304K), 0.0053713 secs] 1136047K->19446K(4054528K), 0.0054420 secs] [Times: user=0.00 sys=0.00, real=0.02 secs] 
2024-10-04T02:48:24.363+0300: 193.511: Total time for which application threads were stopped: 0.0057174 seconds, Stopping threads took: 0.0001570 seconds
2024-10-04T02:48:24.693+0300: 193.843: Application time: 0.3318531 seconds
2024-10-04T02:48:24.693+0300: 193.843: [GC (Allocation Failure) 2024-10-04T02:48:24.693+0300: 193.843: [DefNew: 1125956K->5890K(1258304K), 0.0032571 secs] 1137974K->17909K(4054528K), 0.0033253 secs] [Times: user=0.00 sys=0.00, real=0.00 secs] 
2024-10-04T02:48:24.693+0300: 193.847: Total time for which application threads were stopped: 0.0035814 seconds, Stopping threads took: 0.0001472 seconds
2024-10-04T02:48:25.054+0300: 194.204: Application time: 0.3576594 seconds
2024-10-04T02:48:25.054+0300: 194.205: [GC (Allocation Failure) 2024-10-04T02:48:25.054+0300: 194.207: [DefNew: 1124418K->5677K(1258304K), 0.0033923 secs] 1136437K->17696K(4054528K), 0.0056925 secs] [Times: user=0.00 sys=0.00, real=0.00 secs] 
2024-10-04T02:48:25.054+0300: 194.210: Total time for which application threads were stopped: 0.0060535 seconds, Stopping threads took: 0.0002075 seconds
2024-10-04T02:48:25.399+0300: 194.557: Application time: 0.3467437 seconds
2024-10-04T02:48:25.399+0300: 194.557: [GC (Allocation Failure) 2024-10-04T02:48:25.399+0300: 194.557: [DefNew: 1124205K->5507K(1258304K), 0.0033676 secs] 1136224K->17527K(4054528K), 0.0034354 secs] [Times: user=0.00 sys=0.00, real=0.02 secs] 
2024-10-04T02:48:25.415+0300: 194.561: Total time for which application threads were stopped: 0.0037036 seconds, Stopping threads took: 0.0001483 seconds
2024-10-04T02:48:25.745+0300: 194.895: Application time: 0.3339908 seconds
2024-10-04T02:48:25.745+0300: 194.895: [GC (Allocation Failure) 2024-10-04T02:48:25.745+0300: 194.895: [DefNew: 1124035K->5602K(1258304K), 0.0032132 secs] 1136055K->17622K(4054528K), 0.0032783 secs] [Times: user=0.00 sys=0.00, real=0.00 secs] 
2024-10-04T02:48:25.745+0300: 194.898: Total time for which application threads were stopped: 0.0035861 seconds, Stopping threads took: 0.0001877 seconds
2024-10-04T02:48:26.090+0300: 195.244: Application time: 0.3457701 seconds
2024-10-04T02:48:26.090+0300: 195.244: [GC (Allocation Failure) 2024-10-04T02:48:26.090+0300: 195.245: [DefNew: 1124130K->8119K(1258304K), 0.0052147 secs] 1136150K->20139K(4054528K), 0.0053221 secs] [Times: user=0.00 sys=0.00, real=0.00 secs] 
2024-10-04T02:48:26.090+0300: 195.250: Total time for which application threads were stopped: 0.0056253 seconds, Stopping threads took: 0.0001856 seconds
2024-10-04T02:48:26.437+0300: 195.585: Application time: 0.3347174 seconds
2024-10-04T02:48:26.437+0300: 195.585: [GC (Allocation Failure) 2024-10-04T02:48:26.437+0300: 195.585: [DefNew: 1126647K->8594K(1258304K), 0.0066624 secs] 1138667K->20615K(4054528K), 0.0067350 secs] [Times: user=0.00 sys=0.00, real=0.00 secs] 
2024-10-04T02:48:26.437+0300: 195.592: Total time for which application threads were stopped: 0.0070439 seconds, Stopping threads took: 0.0001809 seconds
2024-10-04T02:48:26.796+0300: 195.942: Application time: 0.3501134 seconds
2024-10-04T02:48:26.796+0300: 195.942: [GC (Allocation Failure) 2024-10-04T02:48:26.796+0300: 195.942: [DefNew: 1127122K->5550K(1258304K), 0.0034496 secs] 1139143K->17571K(4054528K), 0.0035335 secs] [Times: user=0.00 sys=0.00, real=0.00 secs] 
2024-10-04T02:48:26.796+0300: 195.946: Total time for which application threads were stopped: 0.0038549 seconds, Stopping threads took: 0.0001849 seconds
2024-10-04T02:48:27.142+0300: 196.294: Application time: 0.3484092 seconds
2024-10-04T02:48:27.142+0300: 196.294: [GC (Allocation Failure) 2024-10-04T02:48:27.142+0300: 196.294: [DefNew: 1124078K->5670K(1258304K), 0.0033220 secs] 1136099K->17691K(4054528K), 0.0033926 secs] [Times: user=0.00 sys=0.00, real=0.00 secs] 
2024-10-04T02:48:27.142+0300: 196.298: Total time for which application threads were stopped: 0.0037331 seconds, Stopping threads took: 0.0002106 seconds
2024-10-04T02:48:27.487+0300: 196.633: Application time: 0.3350426 seconds
2024-10-04T02:48:27.487+0300: 196.633: [GC (Allocation Failure) 2024-10-04T02:48:27.487+0300: 196.633: [DefNew: 1124198K->6644K(1258304K), 0.0042673 secs] 1136219K->18665K(4054528K), 0.0043329 secs] [Times: user=0.00 sys=0.00, real=0.00 secs] 
2024-10-04T02:48:27.487+0300: 196.637: Total time for which application threads were stopped: 0.0046049 seconds, Stopping threads took: 0.0001563 seconds
2024-10-04T02:48:27.817+0300: 196.971: Application time: 0.3339372 seconds
2024-10-04T02:48:27.817+0300: 196.972: [GC (Allocation Failure) 2024-10-04T02:48:27.817+0300: 196.972: [DefNew: 1125172K->7120K(1258304K), 0.0055008 secs] 1137193K->19142K(4054528K), 0.0055750 secs] [Times: user=0.00 sys=0.00, real=0.00 secs] 
2024-10-04T02:48:27.817+0300: 196.977: Total time for which application threads were stopped: 0.0058626 seconds, Stopping threads took: 0.0001567 seconds
2024-10-04T02:48:28.178+0300: 197.326: Application time: 0.3487293 seconds
2024-10-04T02:48:28.178+0300: 197.326: [GC (Allocation Failure) 2024-10-04T02:48:28.178+0300: 197.326: [DefNew: 1125648K->7781K(1258304K), 0.0050185 secs] 1137670K->19803K(4054528K), 0.0050921 secs] [Times: user=0.00 sys=0.00, real=0.00 secs] 
2024-10-04T02:48:28.178+0300: 197.331: Total time for which application threads were stopped: 0.0053829 seconds, Stopping threads took: 0.0001757 seconds
2024-10-04T02:48:28.523+0300: 197.676: Application time: 0.3448273 seconds
2024-10-04T02:48:28.523+0300: 197.676: [GC (Allocation Failure) 2024-10-04T02:48:28.523+0300: 197.676: [DefNew: 1126309K->5580K(1258304K), 0.0032275 secs] 1138331K->17602K(4054528K), 0.0032991 secs] [Times: user=0.00 sys=0.00, real=0.00 secs] 
2024-10-04T02:48:28.523+0300: 197.680: Total time for which application threads were stopped: 0.0036003 seconds, Stopping threads took: 0.0001472 seconds
2024-10-04T02:48:28.868+0300: 198.028: Application time: 0.3482730 seconds
2024-10-04T02:48:28.868+0300: 198.028: [GC (Allocation Failure) 2024-10-04T02:48:28.868+0300: 198.028: [DefNew: 1124108K->5618K(1258304K), 0.0033459 secs] 1136130K->17641K(4054528K), 0.0034238 secs] [Times: user=0.00 sys=0.00, real=0.02 secs] 
2024-10-04T02:48:28.884+0300: 198.032: Total time for which application threads were stopped: 0.0037263 seconds, Stopping threads took: 0.0001361 seconds
2024-10-04T02:48:29.213+0300: 198.362: Application time: 0.3305976 seconds
2024-10-04T02:48:29.213+0300: 198.363: [GC (Allocation Failure) 2024-10-04T02:48:29.213+0300: 198.363: [DefNew: 1124146K->5882K(1258304K), 0.0033647 secs] 1136169K->17905K(4054528K), 0.0034416 secs] [Times: user=0.00 sys=0.00, real=0.00 secs] 
2024-10-04T02:48:29.213+0300: 198.366: Total time for which application threads were stopped: 0.0036854 seconds, Stopping threads took: 0.0001298 seconds
2024-10-04T02:48:29.559+0300: 198.708: Application time: 0.3419190 seconds
2024-10-04T02:48:29.559+0300: 198.708: [GC (Allocation Failure) 2024-10-04T02:48:29.559+0300: 198.708: [DefNew: 1124410K->8515K(1258304K), 0.0053368 secs] 1136433K->20539K(4054528K), 0.0054049 secs] [Times: user=0.00 sys=0.00, real=0.00 secs] 
2024-10-04T02:48:29.559+0300: 198.714: Total time for which application threads were stopped: 0.0056950 seconds, Stopping threads took: 0.0001759 seconds
2024-10-04T02:48:29.919+0300: 199.069: Application time: 0.3556799 seconds
2024-10-04T02:48:29.919+0300: 199.070: [GC (Allocation Failure) 2024-10-04T02:48:29.919+0300: 199.070: [DefNew: 1127043K->5667K(1258304K), 0.0033150 secs] 1139067K->17690K(4054528K), 0.0033942 secs] [Times: user=0.00 sys=0.00, real=0.00 secs] 
2024-10-04T02:48:29.919+0300: 199.073: Total time for which application threads were stopped: 0.0036916 seconds, Stopping threads took: 0.0001686 seconds
2024-10-04T02:48:30.265+0300: 199.419: Application time: 0.3457774 seconds
2024-10-04T02:48:30.265+0300: 199.419: [GC (Allocation Failure) 2024-10-04T02:48:30.265+0300: 199.419: [DefNew: 1124195K->5638K(1258304K), 0.0032611 secs] 1136218K->17661K(4054528K), 0.0033293 secs] [Times: user=0.00 sys=0.00, real=0.00 secs] 
2024-10-04T02:48:30.265+0300: 199.422: Total time for which application threads were stopped: 0.0036586 seconds, Stopping threads took: 0.0002007 seconds
2024-10-04T02:48:30.611+0300: 199.758: Application time: 0.3360176 seconds
2024-10-04T02:48:30.611+0300: 199.759: [GC (Allocation Failure) 2024-10-04T02:48:30.611+0300: 199.759: [DefNew: 1124166K->5611K(1258304K), 0.0032380 secs] 1136189K->17635K(4054528K), 0.0033092 secs] [Times: user=0.00 sys=0.00, real=0.00 secs] 
2024-10-04T02:48:30.611+0300: 199.762: Total time for which application threads were stopped: 0.0035771 seconds, Stopping threads took: 0.0001430 seconds
2024-10-04T02:48:30.956+0300: 200.104: Application time: 0.3418174 seconds
2024-10-04T02:48:30.956+0300: 200.104: [GC (Allocation Failure) 2024-10-04T02:48:30.956+0300: 200.104: [DefNew: 1124139K->7614K(1258304K), 0.0050652 secs] 1136163K->19639K(4054528K), 0.0051400 secs] [Times: user=0.00 sys=0.00, real=0.00 secs] 
2024-10-04T02:48:30.956+0300: 200.109: Total time for which application threads were stopped: 0.0054173 seconds, Stopping threads took: 0.0001526 seconds
2024-10-04T02:48:31.302+0300: 200.455: Application time: 0.3452259 seconds
2024-10-04T02:48:31.302+0300: 200.455: [GC (Allocation Failure) 2024-10-04T02:48:31.302+0300: 200.455: [DefNew: 1126142K->5973K(1258304K), 0.0037715 secs] 1138167K->17998K(4054528K), 0.0038391 secs] [Times: user=0.00 sys=0.00, real=0.00 secs] 
2024-10-04T02:48:31.302+0300: 200.459: Total time for which application threads were stopped: 0.0041371 seconds, Stopping threads took: 0.0001719 seconds
2024-10-04T02:48:31.649+0300: 200.803: Application time: 0.3440141 seconds
2024-10-04T02:48:31.649+0300: 200.803: [GC (Allocation Failure) 2024-10-04T02:48:31.649+0300: 200.803: [DefNew: 1124501K->5725K(1258304K), 0.0032872 secs] 1136526K->17750K(4054528K), 0.0033553 secs] [Times: user=0.00 sys=0.00, real=0.00 secs] 
2024-10-04T02:48:31.649+0300: 200.806: Total time for which application threads were stopped: 0.0036617 seconds, Stopping threads took: 0.0001922 seconds
2024-10-04T02:48:32.012+0300: 201.158: Application time: 0.3511582 seconds
2024-10-04T02:48:32.013+0300: 201.158: [GC (Allocation Failure) 2024-10-04T02:48:32.013+0300: 201.158: [DefNew: 1124253K->5591K(1258304K), 0.0033586 secs] 1136278K->17617K(4054528K), 0.0034245 secs] [Times: user=0.00 sys=0.00, real=0.00 secs] 
2024-10-04T02:48:32.014+0300: 201.161: Total time for which application threads were stopped: 0.0037574 seconds, Stopping threads took: 0.0001750 seconds
2024-10-04T02:48:32.337+0300: 201.494: Application time: 0.3324149 seconds
2024-10-04T02:48:32.337+0300: 201.494: [GC (Allocation Failure) 2024-10-04T02:48:32.337+0300: 201.494: [DefNew: 1124119K->5690K(1258304K), 0.0037102 secs] 1136145K->17716K(4054528K), 0.0037942 secs] [Times: user=0.00 sys=0.00, real=0.01 secs] 
2024-10-04T02:48:32.351+0300: 201.498: Total time for which application threads were stopped: 0.0041601 seconds, Stopping threads took: 0.0002253 seconds
2024-10-04T02:48:32.683+0300: 201.834: Application time: 0.3360668 seconds
2024-10-04T02:48:32.683+0300: 201.834: [GC (Allocation Failure) 2024-10-04T02:48:32.683+0300: 201.834: [DefNew: 1124218K->9630K(1258304K), 0.0076439 secs] 1136244K->21656K(4054528K), 0.0077165 secs] [Times: user=0.00 sys=0.00, real=0.00 secs] 
2024-10-04T02:48:32.683+0300: 201.842: Total time for which application threads were stopped: 0.0081818 seconds, Stopping threads took: 0.0002132 seconds
2024-10-04T02:48:33.052+0300: 202.197: Application time: 0.3553393 seconds
2024-10-04T02:48:33.052+0300: 202.198: [GC (Allocation Failure) 2024-10-04T02:48:33.052+0300: 202.198: [DefNew: 1128158K->5845K(1258304K), 0.0035091 secs] 1140184K->17872K(4054528K), 0.0035822 secs] [Times: user=0.00 sys=0.00, real=0.00 secs] 
2024-10-04T02:48:33.052+0300: 202.201: Total time for which application threads were stopped: 0.0038675 seconds, Stopping threads took: 0.0001476 seconds
2024-10-04T02:48:33.389+0300: 202.545: Application time: 0.3435581 seconds
2024-10-04T02:48:33.389+0300: 202.545: [GC (Allocation Failure) 2024-10-04T02:48:33.389+0300: 202.545: [DefNew: 1124373K->5530K(1258304K), 0.0031449 secs] 1136400K->17557K(4054528K), 0.0032161 secs] [Times: user=0.00 sys=0.00, real=0.00 secs] 
2024-10-04T02:48:33.389+0300: 202.548: Total time for which application threads were stopped: 0.0035279 seconds, Stopping threads took: 0.0001889 seconds
2024-10-04T02:48:33.734+0300: 202.881: Application time: 0.3326149 seconds
2024-10-04T02:48:33.734+0300: 202.881: [GC (Allocation Failure) 2024-10-04T02:48:33.734+0300: 202.881: [DefNew: 1121049K->5604K(1258304K), 0.0031911 secs] 1133075K->17631K(4054528K), 0.0032583 secs] [Times: user=0.00 sys=0.00, real=0.00 secs] 
2024-10-04T02:48:33.734+0300: 202.885: Total time for which application threads were stopped: 0.0035052 seconds, Stopping threads took: 0.0001333 seconds
2024-10-04T02:48:34.080+0300: 203.228: Application time: 0.3434729 seconds
2024-10-04T02:48:34.080+0300: 203.228: [GC (Allocation Failure) 2024-10-04T02:48:34.080+0300: 203.228: [DefNew: 1124132K->5600K(1258304K), 0.0032372 secs] 1136159K->17627K(4054528K), 0.0033287 secs] [Times: user=0.00 sys=0.00, real=0.00 secs] 
2024-10-04T02:48:34.080+0300: 203.232: Total time for which application threads were stopped: 0.0036376 seconds, Stopping threads took: 0.0001732 seconds
2024-10-04T02:48:34.410+0300: 203.568: Application time: 0.3363115 seconds
2024-10-04T02:48:34.410+0300: 203.568: [GC (Allocation Failure) 2024-10-04T02:48:34.410+0300: 203.568: [DefNew: 1124128K->6276K(1258304K), 0.0038149 secs] 1136155K->18304K(4054528K), 0.0038887 secs] [Times: user=0.00 sys=0.00, real=0.01 secs] 
2024-10-04T02:48:34.425+0300: 203.572: Total time for which application threads were stopped: 0.0041675 seconds, Stopping threads took: 0.0001754 seconds
2024-10-04T02:48:34.771+0300: 203.921: Application time: 0.3484174 seconds
2024-10-04T02:48:34.771+0300: 203.921: [GC (Allocation Failure) 2024-10-04T02:48:34.771+0300: 203.921: [DefNew: 1124804K->5723K(1258304K), 0.0033538 secs] 1136832K->17751K(4054528K), 0.0034189 secs] [Times: user=0.00 sys=0.00, real=0.00 secs] 
2024-10-04T02:48:34.771+0300: 203.924: Total time for which application threads were stopped: 0.0037235 seconds, Stopping threads took: 0.0001760 seconds
2024-10-04T02:48:35.132+0300: 204.277: Application time: 0.3529997 seconds
2024-10-04T02:48:35.132+0300: 204.278: [GC (Allocation Failure) 2024-10-04T02:48:35.132+0300: 204.278: [DefNew: 1124251K->5638K(1258304K), 0.0032417 secs] 1136279K->17666K(4054528K), 0.0033107 secs] [Times: user=0.00 sys=0.00, real=0.00 secs] 
2024-10-04T02:48:35.132+0300: 204.281: Total time for which application threads were stopped: 0.0036103 seconds, Stopping threads took: 0.0001798 seconds
2024-10-04T02:48:35.462+0300: 204.615: Application time: 0.3342279 seconds
2024-10-04T02:48:35.462+0300: 204.615: [GC (Allocation Failure) 2024-10-04T02:48:35.462+0300: 204.615: [DefNew: 1124166K->5716K(1258304K), 0.0033825 secs] 1136194K->17745K(4054528K), 0.0034574 secs] [Times: user=0.00 sys=0.00, real=0.00 secs] 
2024-10-04T02:48:35.462+0300: 204.619: Total time for which application threads were stopped: 0.0037338 seconds, Stopping threads took: 0.0001549 seconds
2024-10-04T02:48:35.791+0300: 204.952: Application time: 0.3328689 seconds
2024-10-04T02:48:35.791+0300: 204.952: [GC (Allocation Failure) 2024-10-04T02:48:35.807+0300: 204.952: [DefNew: 1124244K->10046K(1258304K), 0.0094526 secs] 1136273K->22074K(4054528K), 0.0096419 secs] [Times: user=0.00 sys=0.00, real=0.02 secs] 
2024-10-04T02:48:35.807+0300: 204.962: Total time for which application threads were stopped: 0.0099360 seconds, Stopping threads took: 0.0001785 seconds
2024-10-04T02:48:36.168+0300: 205.315: Application time: 0.3533401 seconds
2024-10-04T02:48:36.168+0300: 205.315: [GC (Allocation Failure) 2024-10-04T02:48:36.168+0300: 205.315: [DefNew: 1128574K->5820K(1258304K), 0.0034886 secs] 1140602K->17850K(4054528K), 0.0035625 secs] [Times: user=0.00 sys=0.00, real=0.00 secs] 
2024-10-04T02:48:36.168+0300: 205.319: Total time for which application threads were stopped: 0.0038389 seconds, Stopping threads took: 0.0001594 seconds
2024-10-04T02:48:36.513+0300: 205.665: Application time: 0.3463033 seconds
2024-10-04T02:48:36.513+0300: 205.665: [GC (Allocation Failure) 2024-10-04T02:48:36.513+0300: 205.665: [DefNew: 1124348K->5561K(1258304K), 0.0033193 secs] 1136378K->17590K(4054528K), 0.0033865 secs] [Times: user=0.00 sys=0.00, real=0.00 secs] 
2024-10-04T02:48:36.513+0300: 205.669: Total time for which application threads were stopped: 0.0036831 seconds, Stopping threads took: 0.0001669 seconds
2024-10-04T02:48:36.862+0300: 206.012: Application time: 0.3431605 seconds
2024-10-04T02:48:36.862+0300: 206.012: [GC (Allocation Failure) 2024-10-04T02:48:36.862+0300: 206.012: [DefNew: 1124089K->5501K(1258304K), 0.0031095 secs] 1136118K->17531K(4054528K), 0.0031916 secs] [Times: user=0.00 sys=0.00, real=0.00 secs] 
2024-10-04T02:48:36.862+0300: 206.016: Total time for which application threads were stopped: 0.0035160 seconds, Stopping threads took: 0.0001560 seconds
2024-10-04T02:48:37.203+0300: 206.351: Application time: 0.3351987 seconds
2024-10-04T02:48:37.203+0300: 206.351: [GC (Allocation Failure) 2024-10-04T02:48:37.203+0300: 206.351: [DefNew: 1124029K->5537K(1258304K), 0.0031431 secs] 1136059K->17567K(4054528K), 0.0032145 secs] [Times: user=0.00 sys=0.00, real=0.00 secs] 
2024-10-04T02:48:37.203+0300: 206.354: Total time for which application threads were stopped: 0.0034641 seconds, Stopping threads took: 0.0001357 seconds
2024-10-04T02:48:37.549+0300: 206.699: Application time: 0.3445996 seconds
2024-10-04T02:48:37.549+0300: 206.699: [GC (Allocation Failure) 2024-10-04T02:48:37.549+0300: 206.699: [DefNew: 1124065K->7949K(1258304K), 0.0052333 secs] 1136095K->19979K(4054528K), 0.0053029 secs] [Times: user=0.00 sys=0.00, real=0.00 secs] 
2024-10-04T02:48:37.549+0300: 206.704: Total time for which application threads were stopped: 0.0056122 seconds, Stopping threads took: 0.0001940 seconds
2024-10-04T02:48:37.910+0300: 207.060: Application time: 0.3554794 seconds
2024-10-04T02:48:37.910+0300: 207.060: [GC (Allocation Failure) 2024-10-04T02:48:37.910+0300: 207.060: [DefNew: 1126477K->5527K(1258304K), 0.0030785 secs] 1138507K->17558K(4054528K), 0.0031426 secs] [Times: user=0.00 sys=0.00, real=0.00 secs] 
2024-10-04T02:48:37.910+0300: 207.063: Total time for which application threads were stopped: 0.0034308 seconds, Stopping threads took: 0.0001708 seconds
2024-10-04T02:48:38.255+0300: 207.406: Application time: 0.3427629 seconds
2024-10-04T02:48:38.255+0300: 207.406: [GC (Allocation Failure) 2024-10-04T02:48:38.255+0300: 207.406: [DefNew: 1124055K->5605K(1258304K), 0.0032363 secs] 1136086K->17636K(4054528K), 0.0033090 secs] [Times: user=0.00 sys=0.00, real=0.00 secs] 
2024-10-04T02:48:38.255+0300: 207.410: Total time for which application threads were stopped: 0.0036472 seconds, Stopping threads took: 0.0002081 seconds
2024-10-04T02:48:38.585+0300: 207.745: Application time: 0.3353321 seconds
2024-10-04T02:48:38.585+0300: 207.745: [GC (Allocation Failure) 2024-10-04T02:48:38.585+0300: 207.745: [DefNew: 1124133K->5643K(1258304K), 0.0032683 secs] 1136164K->17674K(4054528K), 0.0033395 secs] [Times: user=0.00 sys=0.00, real=0.01 secs] 
2024-10-04T02:48:38.600+0300: 207.749: Total time for which application threads were stopped: 0.0036401 seconds, Stopping threads took: 0.0001797 seconds
2024-10-04T02:48:38.930+0300: 208.087: Application time: 0.3386281 seconds
2024-10-04T02:48:38.930+0300: 208.088: [GC (Allocation Failure) 2024-10-04T02:48:38.930+0300: 208.088: [DefNew: 1124171K->8559K(1258304K), 0.0065415 secs] 1136202K->20591K(4054528K), 0.0066263 secs] [Times: user=0.02 sys=0.00, real=0.02 secs] 
2024-10-04T02:48:38.946+0300: 208.094: Total time for which application threads were stopped: 0.0070240 seconds, Stopping threads took: 0.0002323 seconds
2024-10-04T02:48:39.291+0300: 208.442: Application time: 0.3474462 seconds
2024-10-04T02:48:39.291+0300: 208.442: [GC (Allocation Failure) 2024-10-04T02:48:39.291+0300: 208.442: [DefNew: 1127087K->5912K(1258304K), 0.0032606 secs] 1139119K->17943K(4054528K), 0.0033304 secs] [Times: user=0.00 sys=0.00, real=0.00 secs] 
2024-10-04T02:48:39.291+0300: 208.445: Total time for which application threads were stopped: 0.0036308 seconds, Stopping threads took: 0.0001891 seconds
2024-10-04T02:48:39.637+0300: 208.793: Application time: 0.3480068 seconds
2024-10-04T02:48:39.637+0300: 208.794: [GC (Allocation Failure) 2024-10-04T02:48:39.637+0300: 208.794: [DefNew: 1124440K->5626K(1258304K), 0.0032839 secs] 1136471K->17658K(4054528K), 0.0033499 secs] [Times: user=0.00 sys=0.00, real=0.00 secs] 
2024-10-04T02:48:39.637+0300: 208.797: Total time for which application threads were stopped: 0.0036389 seconds, Stopping threads took: 0.0001650 seconds
2024-10-04T02:48:39.982+0300: 209.140: Application time: 0.3431776 seconds
2024-10-04T02:48:39.982+0300: 209.141: [GC (Allocation Failure) 2024-10-04T02:48:39.982+0300: 209.141: [DefNew: 1124154K->5551K(1258304K), 0.0033495 secs] 1136186K->17584K(4054528K), 0.0034372 secs] [Times: user=0.00 sys=0.00, real=0.02 secs] 
2024-10-04T02:48:39.998+0300: 209.144: Total time for which application threads were stopped: 0.0038221 seconds, Stopping threads took: 0.0001871 seconds
2024-10-04T02:48:40.327+0300: 209.480: Application time: 0.3359791 seconds
2024-10-04T02:48:40.327+0300: 209.480: [GC (Allocation Failure) 2024-10-04T02:48:40.327+0300: 209.480: [DefNew: 1124079K->5660K(1258304K), 0.0033461 secs] 1136112K->17693K(4054528K), 0.0034323 secs] [Times: user=0.00 sys=0.00, real=0.00 secs] 
2024-10-04T02:48:40.327+0300: 209.484: Total time for which application threads were stopped: 0.0037110 seconds, Stopping threads took: 0.0001645 seconds
2024-10-04T02:48:40.673+0300: 209.823: Application time: 0.3390206 seconds
2024-10-04T02:48:40.673+0300: 209.823: [GC (Allocation Failure) 2024-10-04T02:48:40.673+0300: 209.823: [DefNew: 1124188K->6314K(1258304K), 0.0035285 secs] 1136221K->18348K(4054528K), 0.0036118 secs] [Times: user=0.00 sys=0.00, real=0.00 secs] 
2024-10-04T02:48:40.673+0300: 209.827: Total time for which application threads were stopped: 0.0039932 seconds, Stopping threads took: 0.0002322 seconds
2024-10-04T02:48:41.034+0300: 210.182: Application time: 0.3551705 seconds
2024-10-04T02:48:41.034+0300: 210.182: [GC (Allocation Failure) 2024-10-04T02:48:41.034+0300: 210.182: [DefNew: 1124842K->5553K(1258304K), 0.0031740 secs] 1136876K->17587K(4054528K), 0.0032415 secs] [Times: user=0.00 sys=0.00, real=0.00 secs] 
2024-10-04T02:48:41.034+0300: 210.186: Total time for which application threads were stopped: 0.0035710 seconds, Stopping threads took: 0.0001936 seconds
2024-10-04T02:48:41.379+0300: 210.529: Application time: 0.3429804 seconds
2024-10-04T02:48:41.379+0300: 210.529: [GC (Allocation Failure) 2024-10-04T02:48:41.379+0300: 210.529: [DefNew: 1124081K->5648K(1258304K), 0.0033816 secs] 1136115K->17682K(4054528K), 0.0034547 secs] [Times: user=0.00 sys=0.00, real=0.00 secs] 
2024-10-04T02:48:41.379+0300: 210.532: Total time for which application threads were stopped: 0.0038497 seconds, Stopping threads took: 0.0002600 seconds
2024-10-04T02:48:41.724+0300: 210.870: Application time: 0.3377474 seconds
2024-10-04T02:48:41.724+0300: 210.870: [GC (Allocation Failure) 2024-10-04T02:48:41.724+0300: 210.870: [DefNew: 1124176K->6138K(1258304K), 0.0036196 secs] 1136210K->18172K(4054528K), 0.0036977 secs] [Times: user=0.00 sys=0.00, real=0.00 secs] 
2024-10-04T02:48:41.724+0300: 210.874: Total time for which application threads were stopped: 0.0039773 seconds, Stopping threads took: 0.0001571 seconds
2024-10-04T02:48:42.065+0300: 211.214: Application time: 0.3396088 seconds
2024-10-04T02:48:42.065+0300: 211.214: [GC (Allocation Failure) 2024-10-04T02:48:42.065+0300: 211.214: [DefNew: 1124666K->6054K(1258304K), 0.0034726 secs] 1136700K->18088K(4054528K), 0.0035430 secs] [Times: user=0.00 sys=0.00, real=0.00 secs] 
2024-10-04T02:48:42.070+0300: 211.218: Total time for which application threads were stopped: 0.0038526 seconds, Stopping threads took: 0.0001717 seconds
2024-10-04T02:48:42.416+0300: 211.561: Application time: 0.3438731 seconds
2024-10-04T02:48:42.416+0300: 211.562: [GC (Allocation Failure) 2024-10-04T02:48:42.416+0300: 211.562: [DefNew: 1124582K->7390K(1258304K), 0.0052454 secs] 1136616K->19425K(4054528K), 0.0053122 secs] [Times: user=0.00 sys=0.00, real=0.00 secs] 
2024-10-04T02:48:42.416+0300: 211.567: Total time for which application threads were stopped: 0.0055768 seconds, Stopping threads took: 0.0001334 seconds
2024-10-04T02:48:42.761+0300: 211.917: Application time: 0.3500322 seconds
2024-10-04T02:48:42.761+0300: 211.917: [GC (Allocation Failure) 2024-10-04T02:48:42.761+0300: 211.917: [DefNew: 1125918K->5607K(1258304K), 0.0032947 secs] 1137953K->17642K(4054528K), 0.0033603 secs] [Times: user=0.00 sys=0.00, real=0.01 secs] 
2024-10-04T02:48:42.775+0300: 211.921: Total time for which application threads were stopped: 0.0036439 seconds, Stopping threads took: 0.0001549 seconds
2024-10-04T02:48:43.122+0300: 212.274: Application time: 0.3529109 seconds
2024-10-04T02:48:43.122+0300: 212.274: [GC (Allocation Failure) 2024-10-04T02:48:43.122+0300: 212.274: [DefNew: 1124135K->5589K(1258304K), 0.0032396 secs] 1136170K->17624K(4054528K), 0.0033138 secs] [Times: user=0.00 sys=0.00, real=0.00 secs] 
2024-10-04T02:48:43.122+0300: 212.277: Total time for which application threads were stopped: 0.0036506 seconds, Stopping threads took: 0.0002018 seconds
2024-10-04T02:48:43.451+0300: 212.606: Application time: 0.3289626 seconds
2024-10-04T02:48:43.451+0300: 212.607: [GC (Allocation Failure) 2024-10-04T02:48:43.451+0300: 212.607: [DefNew: 1124117K->5783K(1258304K), 0.0033399 secs] 1136152K->17818K(4054528K), 0.0034120 secs] [Times: user=0.00 sys=0.00, real=0.00 secs] 
2024-10-04T02:48:43.451+0300: 212.610: Total time for which application threads were stopped: 0.0036851 seconds, Stopping threads took: 0.0001483 seconds
2024-10-04T02:48:43.797+0300: 212.947: Application time: 0.3372955 seconds
2024-10-04T02:48:43.797+0300: 212.947: [GC (Allocation Failure) 2024-10-04T02:48:43.797+0300: 212.948: [DefNew: 1124311K->10488K(1258304K), 0.0078637 secs] 1136346K->22525K(4054528K), 0.0079331 secs] [Times: user=0.00 sys=0.00, real=0.00 secs] 
2024-10-04T02:48:43.797+0300: 212.955: Total time for which application threads were stopped: 0.0082002 seconds, Stopping threads took: 0.0001494 seconds
2024-10-04T02:48:44.158+0300: 213.313: Application time: 0.3576705 seconds
2024-10-04T02:48:44.158+0300: 213.313: [GC (Allocation Failure) 2024-10-04T02:48:44.158+0300: 213.313: [DefNew: 1129016K->5473K(1258304K), 0.0031395 secs] 1141053K->17509K(4054528K), 0.0032313 secs] [Times: user=0.00 sys=0.00, real=0.00 secs] 
2024-10-04T02:48:44.158+0300: 213.317: Total time for which application threads were stopped: 0.0035115 seconds, Stopping threads took: 0.0001428 seconds
2024-10-04T02:48:44.504+0300: 213.661: Application time: 0.3441907 seconds
2024-10-04T02:48:44.504+0300: 213.661: [GC (Allocation Failure) 2024-10-04T02:48:44.504+0300: 213.661: [DefNew: 1124001K->5575K(1258304K), 0.0031478 secs] 1136037K->17612K(4054528K), 0.0032190 secs] [Times: user=0.00 sys=0.00, real=0.02 secs] 
2024-10-04T02:48:44.519+0300: 213.664: Total time for which application threads were stopped: 0.0036007 seconds, Stopping threads took: 0.0002177 seconds
2024-10-04T02:48:44.849+0300: 214.007: Application time: 0.3424023 seconds
2024-10-04T02:48:44.849+0300: 214.007: [GC (Allocation Failure) 2024-10-04T02:48:44.849+0300: 214.007: [DefNew: 1124103K->5488K(1258304K), 0.0033554 secs] 1136140K->17525K(4054528K), 0.0034514 secs] [Times: user=0.02 sys=0.00, real=0.02 secs] 
2024-10-04T02:48:44.864+0300: 214.011: Total time for which application threads were stopped: 0.0038261 seconds, Stopping threads took: 0.0001873 seconds
2024-10-04T02:48:45.194+0300: 214.343: Application time: 0.3327357 seconds
2024-10-04T02:48:45.194+0300: 214.344: [GC (Allocation Failure) 2024-10-04T02:48:45.194+0300: 214.344: [DefNew: 1124016K->6130K(1258304K), 0.0033985 secs] 1136053K->18168K(4054528K), 0.0034685 secs] [Times: user=0.00 sys=0.00, real=0.00 secs] 
2024-10-04T02:48:45.194+0300: 214.347: Total time for which application threads were stopped: 0.0037541 seconds, Stopping threads took: 0.0001702 seconds
2024-10-04T02:48:45.539+0300: 214.692: Application time: 0.3445150 seconds
2024-10-04T02:48:45.539+0300: 214.692: [GC (Allocation Failure) 2024-10-04T02:48:45.539+0300: 214.692: [DefNew: 1124658K->6613K(1258304K), 0.0038508 secs] 1136696K->18651K(4054528K), 0.0039243 secs] [Times: user=0.00 sys=0.00, real=0.00 secs] 
2024-10-04T02:48:45.539+0300: 214.696: Total time for which application threads were stopped: 0.0041841 seconds, Stopping threads took: 0.0001455 seconds
2024-10-04T02:48:45.900+0300: 215.056: Application time: 0.3602572 seconds
2024-10-04T02:48:45.900+0300: 215.056: [GC (Allocation Failure) 2024-10-04T02:48:45.900+0300: 215.056: [DefNew: 1125141K->5727K(1258304K), 0.0034686 secs] 1137179K->17764K(4054528K), 0.0035377 secs] [Times: user=0.00 sys=0.00, real=0.00 secs] 
2024-10-04T02:48:45.900+0300: 215.060: Total time for which application threads were stopped: 0.0038261 seconds, Stopping threads took: 0.0001671 seconds
2024-10-04T02:48:46.245+0300: 215.404: Application time: 0.3439719 seconds
2024-10-04T02:48:46.245+0300: 215.404: [GC (Allocation Failure) 2024-10-04T02:48:46.245+0300: 215.404: [DefNew: 1124255K->5573K(1258304K), 0.0034211 secs] 1136292K->17611K(4054528K), 0.0035043 secs] [Times: user=0.00 sys=0.00, real=0.02 secs] 
2024-10-04T02:48:46.261+0300: 215.408: Total time for which application threads were stopped: 0.0038978 seconds, Stopping threads took: 0.0002478 seconds
2024-10-04T02:48:46.591+0300: 215.741: Application time: 0.3329117 seconds
2024-10-04T02:48:46.591+0300: 215.741: [GC (Allocation Failure) 2024-10-04T02:48:46.591+0300: 215.741: [DefNew: 1124101K->5824K(1258304K), 0.0034527 secs] 1136139K->17863K(4054528K), 0.0035413 secs] [Times: user=0.00 sys=0.00, real=0.00 secs] 
2024-10-04T02:48:46.591+0300: 215.745: Total time for which application threads were stopped: 0.0038922 seconds, Stopping threads took: 0.0001845 seconds
2024-10-04T02:48:46.936+0300: 216.088: Application time: 0.3436726 seconds
2024-10-04T02:48:46.936+0300: 216.089: [GC (Allocation Failure) 2024-10-04T02:48:46.936+0300: 216.089: [DefNew: 1124352K->7784K(1258304K), 0.0055410 secs] 1136391K->19823K(4054528K), 0.0056177 secs] [Times: user=0.00 sys=0.00, real=0.00 secs] 
2024-10-04T02:48:46.936+0300: 216.094: Total time for which application threads were stopped: 0.0060059 seconds, Stopping threads took: 0.0002473 seconds
2024-10-04T02:48:47.298+0300: 216.444: Application time: 0.3501614 seconds
2024-10-04T02:48:47.298+0300: 216.445: [GC (Allocation Failure) 2024-10-04T02:48:47.298+0300: 216.445: [DefNew: 1126312K->5557K(1258304K), 0.0031027 secs] 1138351K->17596K(4054528K), 0.0031697 secs] [Times: user=0.00 sys=0.00, real=0.00 secs] 
2024-10-04T02:48:47.298+0300: 216.448: Total time for which application threads were stopped: 0.0034169 seconds, Stopping threads took: 0.0001389 seconds
2024-10-04T02:48:47.643+0300: 216.794: Application time: 0.3458273 seconds
2024-10-04T02:48:47.643+0300: 216.794: [GC (Allocation Failure) 2024-10-04T02:48:47.643+0300: 216.794: [DefNew: 1124085K->5649K(1258304K), 0.0032969 secs] 1136124K->17689K(4054528K), 0.0033644 secs] [Times: user=0.00 sys=0.00, real=0.00 secs] 
2024-10-04T02:48:47.643+0300: 216.797: Total time for which application threads were stopped: 0.0036517 seconds, Stopping threads took: 0.0001539 seconds
2024-10-04T02:48:47.989+0300: 217.142: Application time: 0.3448716 seconds
2024-10-04T02:48:47.989+0300: 217.142: [GC (Allocation Failure) 2024-10-04T02:48:47.989+0300: 217.143: [DefNew: 1124177K->5527K(1258304K), 0.0031749 secs] 1136217K->17567K(4054528K), 0.0032515 secs] [Times: user=0.00 sys=0.00, real=0.00 secs] 
2024-10-04T02:48:47.989+0300: 217.146: Total time for which application threads were stopped: 0.0035199 seconds, Stopping threads took: 0.0001194 seconds
2024-10-04T02:48:48.334+0300: 217.479: Application time: 0.3336713 seconds
2024-10-04T02:48:48.334+0300: 217.480: [GC (Allocation Failure) 2024-10-04T02:48:48.334+0300: 217.480: [DefNew: 1124055K->7564K(1258304K), 0.0051825 secs] 1136095K->19604K(4054528K), 0.0052529 secs] [Times: user=0.00 sys=0.00, real=0.00 secs] 
2024-10-04T02:48:48.334+0300: 217.485: Total time for which application threads were stopped: 0.0055434 seconds, Stopping threads took: 0.0001574 seconds
2024-10-04T02:48:48.679+0300: 217.828: Application time: 0.3428336 seconds
2024-10-04T02:48:48.679+0300: 217.828: [GC (Allocation Failure) 2024-10-04T02:48:48.679+0300: 217.828: [DefNew: 1126092K->7775K(1258304K), 0.0053628 secs] 1138132K->19815K(4054528K), 0.0054360 secs] [Times: user=0.00 sys=0.00, real=0.00 secs] 
2024-10-04T02:48:48.679+0300: 217.834: Total time for which application threads were stopped: 0.0057081 seconds, Stopping threads took: 0.0001337 seconds
2024-10-04T02:48:49.042+0300: 218.187: Application time: 0.3536071 seconds
2024-10-04T02:48:49.042+0300: 218.187: [GC (Allocation Failure) 2024-10-04T02:48:49.042+0300: 218.187: [DefNew: 1126303K->5702K(1258304K), 0.0034741 secs] 1138343K->17743K(4054528K), 0.0035435 secs] [Times: user=0.00 sys=0.00, real=0.00 secs] 
2024-10-04T02:48:49.042+0300: 218.191: Total time for which application threads were stopped: 0.0038344 seconds, Stopping threads took: 0.0001540 seconds
2024-10-04T02:48:49.387+0300: 218.533: Application time: 0.3416703 seconds
2024-10-04T02:48:49.387+0300: 218.533: [GC (Allocation Failure) 2024-10-04T02:48:49.387+0300: 218.533: [DefNew: 1124230K->5591K(1258304K), 0.0032649 secs] 1136271K->17632K(4054528K), 0.0033328 secs] [Times: user=0.00 sys=0.00, real=0.00 secs] 
2024-10-04T02:48:49.391+0300: 218.536: Total time for which application threads were stopped: 0.0036248 seconds, Stopping threads took: 0.0001672 seconds
2024-10-04T02:48:49.717+0300: 218.872: Application time: 0.3352421 seconds
2024-10-04T02:48:49.717+0300: 218.872: [GC (Allocation Failure) 2024-10-04T02:48:49.717+0300: 218.872: [DefNew: 1124119K->7335K(1258304K), 0.0053554 secs] 1136160K->19376K(4054528K), 0.0054294 secs] [Times: user=0.00 sys=0.00, real=0.00 secs] 
2024-10-04T02:48:49.717+0300: 218.877: Total time for which application threads were stopped: 0.0057405 seconds, Stopping threads took: 0.0001896 seconds
2024-10-04T02:48:50.062+0300: 219.217: Application time: 0.3400279 seconds
2024-10-04T02:48:50.062+0300: 219.218: [GC (Allocation Failure) 2024-10-04T02:48:50.062+0300: 219.218: [DefNew: 1125863K->6454K(1258304K), 0.0038391 secs] 1137904K->18496K(4054528K), 0.0039172 secs] [Times: user=0.00 sys=0.00, real=0.00 secs] 
2024-10-04T02:48:50.062+0300: 219.222: Total time for which application threads were stopped: 0.0042656 seconds, Stopping threads took: 0.0002185 seconds
2024-10-04T02:48:50.422+0300: 219.568: Application time: 0.3459717 seconds
2024-10-04T02:48:50.422+0300: 219.568: [GC (Allocation Failure) 2024-10-04T02:48:50.422+0300: 219.568: [DefNew: 1124982K->5724K(1258304K), 0.0033390 secs] 1137024K->17766K(4054528K), 0.0034119 secs] [Times: user=0.00 sys=0.00, real=0.00 secs] 
2024-10-04T02:48:50.422+0300: 219.571: Total time for which application threads were stopped: 0.0037125 seconds, Stopping threads took: 0.0001699 seconds
2024-10-04T02:48:50.768+0300: 219.918: Application time: 0.3462945 seconds
2024-10-04T02:48:50.768+0300: 219.918: [GC (Allocation Failure) 2024-10-04T02:48:50.768+0300: 219.918: [DefNew: 1124252K->5616K(1258304K), 0.0032216 secs] 1136294K->17658K(4054528K), 0.0032933 secs] [Times: user=0.00 sys=0.00, real=0.00 secs] 
2024-10-04T02:48:50.768+0300: 219.921: Total time for which application threads were stopped: 0.0035878 seconds, Stopping threads took: 0.0001772 seconds
2024-10-04T02:48:51.114+0300: 220.267: Application time: 0.3460624 seconds
2024-10-04T02:48:51.114+0300: 220.268: [GC (Allocation Failure) 2024-10-04T02:48:51.114+0300: 220.268: [DefNew: 1124144K->5636K(1258304K), 0.0032530 secs] 1136186K->17679K(4054528K), 0.0033331 secs] [Times: user=0.00 sys=0.00, real=0.00 secs] 
2024-10-04T02:48:51.114+0300: 220.271: Total time for which application threads were stopped: 0.0036460 seconds, Stopping threads took: 0.0001730 seconds
2024-10-04T02:48:51.459+0300: 220.605: Application time: 0.3343219 seconds
2024-10-04T02:48:51.459+0300: 220.605: [GC (Allocation Failure) 2024-10-04T02:48:51.459+0300: 220.605: [DefNew: 1124164K->7171K(1258304K), 0.0046654 secs] 1136207K->19214K(4054528K), 0.0047328 secs] [Times: user=0.00 sys=0.00, real=0.00 secs] 
2024-10-04T02:48:51.459+0300: 220.610: Total time for which application threads were stopped: 0.0049361 seconds, Stopping threads took: 0.0000991 seconds
2024-10-04T02:48:51.804+0300: 220.952: Application time: 0.3422880 seconds
2024-10-04T02:48:51.804+0300: 220.953: [GC (Allocation Failure) 2024-10-04T02:48:51.804+0300: 220.953: [DefNew: 1125699K->7351K(1258304K), 0.0046378 secs] 1137742K->19394K(4054528K), 0.0047044 secs] [Times: user=0.00 sys=0.00, real=0.00 secs] 
2024-10-04T02:48:51.804+0300: 220.957: Total time for which application threads were stopped: 0.0049848 seconds, Stopping threads took: 0.0001258 seconds
2024-10-04T02:48:52.165+0300: 221.312: Application time: 0.3546637 seconds
2024-10-04T02:48:52.165+0300: 221.312: [GC (Allocation Failure) 2024-10-04T02:48:52.165+0300: 221.312: [DefNew: 1125879K->5435K(1258304K), 0.0030732 secs] 1137922K->17479K(4054528K), 0.0031422 secs] [Times: user=0.00 sys=0.00, real=0.00 secs] 
2024-10-04T02:48:52.165+0300: 221.316: Total time for which application threads were stopped: 0.0034379 seconds, Stopping threads took: 0.0001700 seconds
2024-10-04T02:48:52.511+0300: 221.659: Application time: 0.3436232 seconds
2024-10-04T02:48:52.511+0300: 221.659: [GC (Allocation Failure) 2024-10-04T02:48:52.511+0300: 221.659: [DefNew: 1123963K->5653K(1258304K), 0.0032787 secs] 1136007K->17697K(4054528K), 0.0033443 secs] [Times: user=0.00 sys=0.00, real=0.00 secs] 
2024-10-04T02:48:52.511+0300: 221.663: Total time for which application threads were stopped: 0.0036516 seconds, Stopping threads took: 0.0001880 seconds
2024-10-04T02:48:52.856+0300: 222.004: Application time: 0.3410168 seconds
2024-10-04T02:48:52.856+0300: 222.004: [GC (Allocation Failure) 2024-10-04T02:48:52.856+0300: 222.004: [DefNew: 1124181K->5801K(1258304K), 0.0034148 secs] 1136225K->17846K(4054528K), 0.0034894 secs] [Times: user=0.00 sys=0.00, real=0.00 secs] 
2024-10-04T02:48:52.856+0300: 222.008: Total time for which application threads were stopped: 0.0038001 seconds, Stopping threads took: 0.0001655 seconds
2024-10-04T02:48:53.186+0300: 222.341: Application time: 0.3333434 seconds
2024-10-04T02:48:53.186+0300: 222.341: [GC (Allocation Failure) 2024-10-04T02:48:53.186+0300: 222.341: [DefNew: 1124329K->6409K(1258304K), 0.0037345 secs] 1136374K->18453K(4054528K), 0.0038112 secs] [Times: user=0.00 sys=0.00, real=0.00 secs] 
2024-10-04T02:48:53.186+0300: 222.345: Total time for which application threads were stopped: 0.0042275 seconds, Stopping threads took: 0.0002640 seconds
2024-10-04T02:48:53.547+0300: 222.692: Application time: 0.3468061 seconds
2024-10-04T02:48:53.547+0300: 222.692: [GC (Allocation Failure) 2024-10-04T02:48:53.547+0300: 222.692: [DefNew: 1124937K->5685K(1258304K), 0.0032958 secs] 1136981K->17730K(4054528K), 0.0033644 secs] [Times: user=0.00 sys=0.00, real=0.00 secs] 
2024-10-04T02:48:53.547+0300: 222.696: Total time for which application threads were stopped: 0.0036478 seconds, Stopping threads took: 0.0001596 seconds
2024-10-04T02:48:53.902+0300: 223.050: Application time: 0.3541070 seconds
2024-10-04T02:48:53.902+0300: 223.050: [GC (Allocation Failure) 2024-10-04T02:48:53.902+0300: 223.050: [DefNew: 1124213K->5671K(1258304K), 0.0034164 secs] 1136258K->17716K(4054528K), 0.0034973 secs] [Times: user=0.00 sys=0.00, real=0.01 secs] 
2024-10-04T02:48:53.908+0300: 223.054: Total time for which application threads were stopped: 0.0038172 seconds, Stopping threads took: 0.0001840 seconds
2024-10-04T02:48:54.238+0300: 223.392: Application time: 0.3388154 seconds
2024-10-04T02:48:54.238+0300: 223.393: [GC (Allocation Failure) 2024-10-04T02:48:54.238+0300: 223.393: [DefNew: 1124199K->5466K(1258304K), 0.0031360 secs] 1136244K->17511K(4054528K), 0.0032130 secs] [Times: user=0.00 sys=0.00, real=0.00 secs] 
2024-10-04T02:48:54.238+0300: 223.396: Total time for which application threads were stopped: 0.0034620 seconds, Stopping threads took: 0.0001316 seconds
2024-10-04T02:48:54.583+0300: 223.733: Application time: 0.3367720 seconds
2024-10-04T02:48:54.583+0300: 223.733: [GC (Allocation Failure) 2024-10-04T02:48:54.583+0300: 223.733: [DefNew: 1123994K->8733K(1258304K), 0.0068256 secs] 1136039K->20779K(4054528K), 0.0068936 secs] [Times: user=0.00 sys=0.00, real=0.00 secs] 
2024-10-04T02:48:54.583+0300: 223.740: Total time for which application threads were stopped: 0.0071780 seconds, Stopping threads took: 0.0001682 seconds
2024-10-04T02:48:54.929+0300: 224.081: Application time: 0.3413578 seconds
2024-10-04T02:48:54.929+0300: 224.081: [GC (Allocation Failure) 2024-10-04T02:48:54.929+0300: 224.081: [DefNew: 1127261K->5792K(1258304K), 0.0033893 secs] 1139307K->17838K(4054528K), 0.0034588 secs] [Times: user=0.00 sys=0.00, real=0.00 secs] 
2024-10-04T02:48:54.929+0300: 224.085: Total time for which application threads were stopped: 0.0037493 seconds, Stopping threads took: 0.0001293 seconds
2024-10-04T02:48:55.274+0300: 224.433: Application time: 0.3478172 seconds
2024-10-04T02:48:55.274+0300: 224.433: [GC (Allocation Failure) 2024-10-04T02:48:55.274+0300: 224.433: [DefNew: 1124320K->5549K(1258304K), 0.0033589 secs] 1136366K->17596K(4054528K), 0.0034294 secs] [Times: user=0.00 sys=0.00, real=0.02 secs] 
2024-10-04T02:48:55.290+0300: 224.437: Total time for which application threads were stopped: 0.0037536 seconds, Stopping threads took: 0.0001964 seconds
2024-10-04T02:48:55.635+0300: 224.786: Application time: 0.3494160 seconds
2024-10-04T02:48:55.635+0300: 224.786: [GC (Allocation Failure) 2024-10-04T02:48:55.635+0300: 224.786: [DefNew: 1124077K->5699K(1258304K), 0.0033521 secs] 1136124K->17746K(4054528K), 0.0034281 secs] [Times: user=0.00 sys=0.00, real=0.00 secs] 
2024-10-04T02:48:55.635+0300: 224.790: Total time for which application threads were stopped: 0.0037601 seconds, Stopping threads took: 0.0001864 seconds
2024-10-04T02:48:55.980+0300: 225.128: Application time: 0.3383824 seconds
2024-10-04T02:48:55.980+0300: 225.128: [GC (Allocation Failure) 2024-10-04T02:48:55.980+0300: 225.128: [DefNew: 1124227K->5879K(1258304K), 0.0033507 secs] 1136274K->17926K(4054528K), 0.0034235 secs] [Times: user=0.00 sys=0.00, real=0.00 secs] 
2024-10-04T02:48:55.980+0300: 225.132: Total time for which application threads were stopped: 0.0037506 seconds, Stopping threads took: 0.0001675 seconds
2024-10-04T02:48:56.310+0300: 225.465: Application time: 0.3335829 seconds
2024-10-04T02:48:56.310+0300: 225.466: [GC (Allocation Failure) 2024-10-04T02:48:56.310+0300: 225.466: [DefNew: 1124407K->9531K(1258304K), 0.0078853 secs] 1136454K->21578K(4054528K), 0.0079592 secs] [Times: user=0.00 sys=0.00, real=0.02 secs] 
2024-10-04T02:48:56.326+0300: 225.474: Total time for which application threads were stopped: 0.0083024 seconds, Stopping threads took: 0.0002153 seconds
2024-10-04T02:48:56.671+0300: 225.820: Application time: 0.3466247 seconds
2024-10-04T02:48:56.671+0300: 225.821: [GC (Allocation Failure) 2024-10-04T02:48:56.671+0300: 225.821: [DefNew: 1128059K->5703K(1258304K), 0.0032356 secs] 1140106K->17751K(4054528K), 0.0033141 secs] [Times: user=0.00 sys=0.00, real=0.00 secs] 
2024-10-04T02:48:56.671+0300: 225.824: Total time for which application threads were stopped: 0.0035769 seconds, Stopping threads took: 0.0001502 seconds
2024-10-04T02:48:57.033+0300: 226.180: Application time: 0.3557253 seconds
2024-10-04T02:48:57.033+0300: 226.180: [GC (Allocation Failure) 2024-10-04T02:48:57.033+0300: 226.180: [DefNew: 1124231K->5633K(1258304K), 0.0033155 secs] 1136279K->17681K(4054528K), 0.0033833 secs] [Times: user=0.00 sys=0.00, real=0.00 secs] 
2024-10-04T02:48:57.033+0300: 226.183: Total time for which application threads were stopped: 0.0036993 seconds, Stopping threads took: 0.0001871 seconds
2024-10-04T02:48:57.363+0300: 226.522: Application time: 0.3391088 seconds
2024-10-04T02:48:57.363+0300: 226.523: [GC (Allocation Failure) 2024-10-04T02:48:57.363+0300: 226.523: [DefNew: 1124161K->5590K(1258304K), 0.0032877 secs] 1136209K->17638K(4054528K), 0.0033592 secs] [Times: user=0.00 sys=0.00, real=0.02 secs] 
2024-10-04T02:48:57.378+0300: 226.526: Total time for which application threads were stopped: 0.0036861 seconds, Stopping threads took: 0.0001942 seconds
2024-10-04T02:48:57.712+0300: 226.859: Application time: 0.3333479 seconds
2024-10-04T02:48:57.712+0300: 226.860: [GC (Allocation Failure) 2024-10-04T02:48:57.712+0300: 226.860: [DefNew: 1124118K->7386K(1258304K), 0.0049993 secs] 1136166K->19434K(4054528K), 0.0050701 secs] [Times: user=0.00 sys=0.00, real=0.00 secs] 
2024-10-04T02:48:57.712+0300: 226.865: Total time for which application threads were stopped: 0.0053710 seconds, Stopping threads took: 0.0001676 seconds
2024-10-04T02:48:58.053+0300: 227.209: Application time: 0.3441616 seconds
2024-10-04T02:48:58.053+0300: 227.209: [GC (Allocation Failure) 2024-10-04T02:48:58.053+0300: 227.209: [DefNew: 1125914K->6842K(1258304K), 0.0040443 secs] 1137962K->18890K(4054528K), 0.0041189 secs] [Times: user=0.00 sys=0.00, real=0.00 secs] 
2024-10-04T02:48:58.053+0300: 227.213: Total time for which application threads were stopped: 0.0044284 seconds, Stopping threads took: 0.0001841 seconds
2024-10-04T02:48:58.413+0300: 227.559: Application time: 0.3454696 seconds
2024-10-04T02:48:58.413+0300: 227.559: [GC (Allocation Failure) 2024-10-04T02:48:58.413+0300: 227.559: [DefNew: 1125370K->5505K(1258304K), 0.0031070 secs] 1137418K->17554K(4054528K), 0.0031756 secs] [Times: user=0.00 sys=0.00, real=0.00 secs] 
2024-10-04T02:48:58.414+0300: 227.562: Total time for which application threads were stopped: 0.0034663 seconds, Stopping threads took: 0.0001745 seconds
2024-10-04T02:48:58.760+0300: 227.909: Application time: 0.3466029 seconds
2024-10-04T02:48:58.760+0300: 227.909: [GC (Allocation Failure) 2024-10-04T02:48:58.760+0300: 227.909: [DefNew: 1124033K->5539K(1258304K), 0.0031738 secs] 1136082K->17589K(4054528K), 0.0032426 secs] [Times: user=0.00 sys=0.00, real=0.00 secs] 
2024-10-04T02:48:58.760+0300: 227.913: Total time for which application threads were stopped: 0.0035131 seconds, Stopping threads took: 0.0001511 seconds
2024-10-04T02:48:59.105+0300: 228.256: Application time: 0.3430519 seconds
2024-10-04T02:48:59.105+0300: 228.256: [GC (Allocation Failure) 2024-10-04T02:48:59.105+0300: 228.256: [DefNew: 1124067K->6833K(1258304K), 0.0045557 secs] 1136117K->18883K(4054528K), 0.0046222 secs] [Times: user=0.00 sys=0.00, real=0.01 secs] 
2024-10-04T02:48:59.115+0300: 228.261: Total time for which application threads were stopped: 0.0049967 seconds, Stopping threads took: 0.0002430 seconds
2024-10-04T02:48:59.435+0300: 228.594: Application time: 0.3332301 seconds
2024-10-04T02:48:59.435+0300: 228.594: [GC (Allocation Failure) 2024-10-04T02:48:59.435+0300: 228.594: [DefNew: 1125361K->7538K(1258304K), 0.0052013 secs] 1137411K->19588K(4054528K), 0.0052761 secs] [Times: user=0.00 sys=0.00, real=0.02 secs] 
2024-10-04T02:48:59.451+0300: 228.599: Total time for which application threads were stopped: 0.0056078 seconds, Stopping threads took: 0.0002164 seconds
2024-10-04T02:48:59.796+0300: 228.941: Application time: 0.3419256 seconds
2024-10-04T02:48:59.796+0300: 228.942: [GC (Allocation Failure) 2024-10-04T02:48:59.796+0300: 228.942: [DefNew: 1126066K->6075K(1258304K), 0.0034116 secs] 1138116K->18126K(4054528K), 0.0034827 secs] [Times: user=0.00 sys=0.00, real=0.00 secs] 
2024-10-04T02:48:59.796+0300: 228.945: Total time for which application threads were stopped: 0.0037849 seconds, Stopping threads took: 0.0001829 seconds
2024-10-04T02:49:00.157+0300: 229.305: Application time: 0.3597240 seconds
2024-10-04T02:49:00.157+0300: 229.305: [GC (Allocation Failure) 2024-10-04T02:49:00.157+0300: 229.305: [DefNew: 1124603K->5713K(1258304K), 0.0036228 secs] 1136654K->17764K(4054528K), 0.0036941 secs] [Times: user=0.00 sys=0.00, real=0.00 secs] 
2024-10-04T02:49:00.157+0300: 229.309: Total time for which application threads were stopped: 0.0040020 seconds, Stopping threads took: 0.0001754 seconds
2024-10-04T02:49:00.487+0300: 229.646: Application time: 0.3369042 seconds
2024-10-04T02:49:00.487+0300: 229.646: [GC (Allocation Failure) 2024-10-04T02:49:00.487+0300: 229.646: [DefNew: 1124241K->7377K(1258304K), 0.0051648 secs] 1136292K->19428K(4054528K), 0.0052359 secs] [Times: user=0.00 sys=0.00, real=0.02 secs] 
2024-10-04T02:49:00.503+0300: 229.651: Total time for which application threads were stopped: 0.0055460 seconds, Stopping threads took: 0.0001933 seconds
2024-10-04T02:49:00.848+0300: 229.994: Application time: 0.3423868 seconds
2024-10-04T02:49:00.848+0300: 229.994: [GC (Allocation Failure) 2024-10-04T02:49:00.848+0300: 229.994: [DefNew: 1125905K->5583K(1258304K), 0.0032243 secs] 1137956K->17635K(4054528K), 0.0033105 secs] [Times: user=0.00 sys=0.00, real=0.00 secs] 
2024-10-04T02:49:00.848+0300: 229.997: Total time for which application threads were stopped: 0.0036951 seconds, Stopping threads took: 0.0001177 seconds
2024-10-04T02:49:01.178+0300: 230.332: Application time: 0.3345616 seconds
2024-10-04T02:49:01.178+0300: 230.332: [GC (Allocation Failure) 2024-10-04T02:49:01.178+0300: 230.332: [DefNew: 1124111K->9105K(1258304K), 0.0077450 secs] 1136163K->21157K(4054528K), 0.0078329 secs] [Times: user=0.00 sys=0.00, real=0.02 secs] 
2024-10-04T02:49:01.193+0300: 230.340: Total time for which application threads were stopped: 0.0081780 seconds, Stopping threads took: 0.0002074 seconds
2024-10-04T02:49:01.524+0300: 230.682: Application time: 0.3421444 seconds
2024-10-04T02:49:01.524+0300: 230.683: [GC (Allocation Failure) 2024-10-04T02:49:01.524+0300: 230.683: [DefNew: 1127633K->5574K(1258304K), 0.0033525 secs] 1139685K->17626K(4054528K), 0.0034213 secs] [Times: user=0.00 sys=0.00, real=0.02 secs] 
2024-10-04T02:49:01.539+0300: 230.686: Total time for which application threads were stopped: 0.0037495 seconds, Stopping threads took: 0.0002053 seconds
2024-10-04T02:49:01.884+0300: 231.033: Application time: 0.3473055 seconds
2024-10-04T02:49:01.884+0300: 231.034: [GC (Allocation Failure) 2024-10-04T02:49:01.884+0300: 231.034: [DefNew: 1124102K->5620K(1258304K), 0.0032456 secs] 1136154K->17672K(4054528K), 0.0033143 secs] [Times: user=0.00 sys=0.00, real=0.00 secs] 
2024-10-04T02:49:01.884+0300: 231.037: Total time for which application threads were stopped: 0.0035737 seconds, Stopping threads took: 0.0001360 seconds
2024-10-04T02:49:02.231+0300: 231.380: Application time: 0.3431172 seconds
2024-10-04T02:49:02.231+0300: 231.380: [GC (Allocation Failure) 2024-10-04T02:49:02.231+0300: 231.380: [DefNew: 1124148K->5728K(1258304K), 0.0034846 secs] 1136200K->17780K(4054528K), 0.0035640 secs] [Times: user=0.00 sys=0.00, real=0.00 secs] 
2024-10-04T02:49:02.231+0300: 231.384: Total time for which application threads were stopped: 0.0039202 seconds, Stopping threads took: 0.0001782 seconds
2024-10-04T02:49:02.560+0300: 231.721: Application time: 0.3368149 seconds
2024-10-04T02:49:02.576+0300: 231.721: [GC (Allocation Failure) 2024-10-04T02:49:02.576+0300: 231.721: [DefNew: 1124256K->6170K(1258304K), 0.0036957 secs] 1136308K->18223K(4054528K), 0.0037854 secs] [Times: user=0.00 sys=0.00, real=0.00 secs] 
2024-10-04T02:49:02.576+0300: 231.725: Total time for which application threads were stopped: 0.0040833 seconds, Stopping threads took: 0.0001588 seconds
2024-10-04T02:49:02.906+0300: 232.065: Application time: 0.3402440 seconds
2024-10-04T02:49:02.906+0300: 232.065: [GC (Allocation Failure) 2024-10-04T02:49:02.906+0300: 232.065: [DefNew: 1124698K->6098K(1258304K), 0.0037215 secs] 1136751K->18151K(4054528K), 0.0037998 secs] [Times: user=0.00 sys=0.00, real=0.02 secs] 
2024-10-04T02:49:02.922+0300: 232.069: Total time for which application threads were stopped: 0.0040968 seconds, Stopping threads took: 0.0001794 seconds
2024-10-04T02:49:03.255+0300: 232.413: Application time: 0.3433409 seconds
2024-10-04T02:49:03.268+0300: 232.413: [GC (Allocation Failure) 2024-10-04T02:49:03.268+0300: 232.413: [DefNew: 1124626K->5718K(1258304K), 0.0033057 secs] 1136679K->17772K(4054528K), 0.0033796 secs] [Times: user=0.00 sys=0.00, real=0.00 secs] 
2024-10-04T02:49:03.268+0300: 232.416: Total time for which application threads were stopped: 0.0037024 seconds, Stopping threads took: 0.0001895 seconds
2024-10-04T02:49:03.613+0300: 232.764: Application time: 0.3473358 seconds
2024-10-04T02:49:03.613+0300: 232.764: [GC (Allocation Failure) 2024-10-04T02:49:03.613+0300: 232.764: [DefNew: 1124246K->5576K(1258304K), 0.0032733 secs] 1136300K->17630K(4054528K), 0.0033427 secs] [Times: user=0.00 sys=0.00, real=0.00 secs] 
2024-10-04T02:49:03.613+0300: 232.767: Total time for which application threads were stopped: 0.0036854 seconds, Stopping threads took: 0.0001947 seconds
2024-10-04T02:49:03.958+0300: 233.114: Application time: 0.3465225 seconds
2024-10-04T02:49:03.958+0300: 233.114: [GC (Allocation Failure) 2024-10-04T02:49:03.958+0300: 233.114: [DefNew: 1124104K->5611K(1258304K), 0.0032335 secs] 1136158K->17665K(4054528K), 0.0033315 secs] [Times: user=0.00 sys=0.00, real=0.00 secs] 
2024-10-04T02:49:03.958+0300: 233.118: Total time for which application threads were stopped: 0.0036763 seconds, Stopping threads took: 0.0001590 seconds
2024-10-04T02:49:04.303+0300: 233.456: Application time: 0.3380566 seconds
2024-10-04T02:49:04.303+0300: 233.456: [GC (Allocation Failure) 2024-10-04T02:49:04.303+0300: 233.456: [DefNew: 1124139K->7799K(1258304K), 0.0053232 secs] 1136193K->19854K(4054528K), 0.0054001 secs] [Times: user=0.00 sys=0.00, real=0.00 secs] 
2024-10-04T02:49:04.303+0300: 233.461: Total time for which application threads were stopped: 0.0057326 seconds, Stopping threads took: 0.0001978 seconds
2024-10-04T02:49:04.649+0300: 233.796: Application time: 0.3343277 seconds
2024-10-04T02:49:04.649+0300: 233.796: [GC (Allocation Failure) 2024-10-04T02:49:04.649+0300: 233.796: [DefNew: 1126327K->5897K(1258304K), 0.0034444 secs] 1138382K->17951K(4054528K), 0.0035140 secs] [Times: user=0.00 sys=0.00, real=0.00 secs] 
2024-10-04T02:49:04.649+0300: 233.799: Total time for which application threads were stopped: 0.0037888 seconds, Stopping threads took: 0.0001509 seconds
2024-10-04T02:49:04.994+0300: 234.152: Application time: 0.3523588 seconds
2024-10-04T02:49:04.994+0300: 234.152: [GC (Allocation Failure) 2024-10-04T02:49:04.994+0300: 234.152: [DefNew: 1124425K->5512K(1258304K), 0.0034462 secs] 1136479K->17567K(4054528K), 0.0035293 secs] [Times: user=0.00 sys=0.00, real=0.02 secs] 
2024-10-04T02:49:05.010+0300: 234.156: Total time for which application threads were stopped: 0.0038094 seconds, Stopping threads took: 0.0001486 seconds
2024-10-04T02:49:05.355+0300: 234.506: Application time: 0.3508610 seconds
2024-10-04T02:49:05.355+0300: 234.507: [GC (Allocation Failure) 2024-10-04T02:49:05.355+0300: 234.507: [DefNew: 1124040K->5621K(1258304K), 0.0032481 secs] 1136095K->17676K(4054528K), 0.0033184 secs] [Times: user=0.00 sys=0.00, real=0.00 secs] 
2024-10-04T02:49:05.355+0300: 234.510: Total time for which application threads were stopped: 0.0036430 seconds, Stopping threads took: 0.0001880 seconds
2024-10-04T02:49:05.685+0300: 234.845: Application time: 0.3347943 seconds
2024-10-04T02:49:05.685+0300: 234.845: [GC (Allocation Failure) 2024-10-04T02:49:05.685+0300: 234.845: [DefNew: 1124149K->5677K(1258304K), 0.0032844 secs] 1136204K->17733K(4054528K), 0.0033599 secs] [Times: user=0.00 sys=0.00, real=0.02 secs] 
2024-10-04T02:49:05.701+0300: 234.849: Total time for which application threads were stopped: 0.0036461 seconds, Stopping threads took: 0.0001692 seconds
2024-10-04T02:49:06.032+0300: 235.189: Application time: 0.3402217 seconds
2024-10-04T02:49:06.032+0300: 235.189: [GC (Allocation Failure) 2024-10-04T02:49:06.032+0300: 235.189: [DefNew: 1124205K->6452K(1258304K), 0.0038347 secs] 1136261K->18508K(4054528K), 0.0039336 secs] [Times: user=0.02 sys=0.00, real=0.01 secs] 
2024-10-04T02:49:06.046+0300: 235.193: Total time for which application threads were stopped: 0.0042908 seconds, Stopping threads took: 0.0001700 seconds
2024-10-04T02:49:06.376+0300: 235.532: Application time: 0.3390815 seconds
2024-10-04T02:49:06.376+0300: 235.532: [GC (Allocation Failure) 2024-10-04T02:49:06.376+0300: 235.532: [DefNew: 1124980K->7189K(1258304K), 0.0050580 secs] 1137036K->19246K(4054528K), 0.0051272 secs] [Times: user=0.00 sys=0.00, real=0.02 secs] 
2024-10-04T02:49:06.391+0300: 235.538: Total time for which application threads were stopped: 0.0054158 seconds, Stopping threads took: 0.0001747 seconds
2024-10-04T02:49:06.738+0300: 235.884: Application time: 0.3463408 seconds
2024-10-04T02:49:06.738+0300: 235.884: [GC (Allocation Failure) 2024-10-04T02:49:06.738+0300: 235.884: [DefNew: 1125717K->5393K(1258304K), 0.0029751 secs] 1137774K->17450K(4054528K), 0.0030391 secs] [Times: user=0.00 sys=0.00, real=0.00 secs] 
2024-10-04T02:49:06.742+0300: 235.887: Total time for which application threads were stopped: 0.0032546 seconds, Stopping threads took: 0.0001091 seconds
2024-10-04T02:49:07.083+0300: 236.233: Application time: 0.3457932 seconds
2024-10-04T02:49:07.083+0300: 236.233: [GC (Allocation Failure) 2024-10-04T02:49:07.083+0300: 236.233: [DefNew: 1123921K->5560K(1258304K), 0.0031658 secs] 1135978K->17617K(4054528K), 0.0032335 secs] [Times: user=0.00 sys=0.00, real=0.00 secs] 
2024-10-04T02:49:07.083+0300: 236.237: Total time for which application threads were stopped: 0.0035404 seconds, Stopping threads took: 0.0001806 seconds
2024-10-04T02:49:07.413+0300: 236.570: Application time: 0.3332439 seconds
2024-10-04T02:49:07.413+0300: 236.570: [GC (Allocation Failure) 2024-10-04T02:49:07.413+0300: 236.570: [DefNew: 1124088K->7454K(1258304K), 0.0058684 secs] 1136145K->19511K(4054528K), 0.0059391 secs] [Times: user=0.00 sys=0.00, real=0.02 secs] 
2024-10-04T02:49:07.429+0300: 236.576: Total time for which application threads were stopped: 0.0062349 seconds, Stopping threads took: 0.0001660 seconds
2024-10-04T02:49:07.759+0300: 236.912: Application time: 0.3364431 seconds
2024-10-04T02:49:07.759+0300: 236.913: [GC (Allocation Failure) 2024-10-04T02:49:07.759+0300: 236.913: [DefNew: 1125982K->8516K(1258304K), 0.0063141 secs] 1138039K->20574K(4054528K), 0.0063854 secs] [Times: user=0.00 sys=0.00, real=0.00 secs] 
2024-10-04T02:49:07.759+0300: 236.919: Total time for which application threads were stopped: 0.0067187 seconds, Stopping threads took: 0.0002231 seconds
2024-10-04T02:49:08.119+0300: 237.274: Application time: 0.3550848 seconds
2024-10-04T02:49:08.119+0300: 237.275: [GC (Allocation Failure) 2024-10-04T02:49:08.119+0300: 237.275: [DefNew: 1127044K->5666K(1258304K), 0.0037444 secs] 1139102K->17724K(4054528K), 0.0038245 secs] [Times: user=0.00 sys=0.00, real=0.00 secs] 
2024-10-04T02:49:08.119+0300: 237.278: Total time for which application threads were stopped: 0.0041244 seconds, Stopping threads took: 0.0001765 seconds
2024-10-04T02:49:08.465+0300: 237.622: Application time: 0.3431797 seconds
2024-10-04T02:49:08.465+0300: 237.622: [GC (Allocation Failure) 2024-10-04T02:49:08.465+0300: 237.622: [DefNew: 1124194K->5688K(1258304K), 0.0032897 secs] 1136252K->17746K(4054528K), 0.0033643 secs] [Times: user=0.00 sys=0.00, real=0.00 secs] 
2024-10-04T02:49:08.465+0300: 237.625: Total time for which application threads were stopped: 0.0037066 seconds, Stopping threads took: 0.0002081 seconds
2024-10-04T02:49:08.810+0300: 237.958: Application time: 0.3326925 seconds
2024-10-04T02:49:08.810+0300: 237.958: [GC (Allocation Failure) 2024-10-04T02:49:08.810+0300: 237.958: [DefNew: 1124216K->5520K(1258304K), 0.0035933 secs] 1136274K->17579K(4054528K), 0.0036655 secs] [Times: user=0.00 sys=0.00, real=0.00 secs] 
2024-10-04T02:49:08.810+0300: 237.962: Total time for which application threads were stopped: 0.0039318 seconds, Stopping threads took: 0.0001305 seconds
2024-10-04T02:49:09.155+0300: 238.303: Application time: 0.3406103 seconds
2024-10-04T02:49:09.155+0300: 238.303: [GC (Allocation Failure) 2024-10-04T02:49:09.155+0300: 238.303: [DefNew: 1124048K->6293K(1258304K), 0.0036138 secs] 1136107K->18352K(4054528K), 0.0037009 secs] [Times: user=0.00 sys=0.00, real=0.00 secs] 
2024-10-04T02:49:09.155+0300: 238.307: Total time for which application threads were stopped: 0.0040251 seconds, Stopping threads took: 0.0001839 seconds
2024-10-04T02:49:09.485+0300: 238.644: Application time: 0.3369679 seconds
2024-10-04T02:49:09.485+0300: 238.644: [GC (Allocation Failure) 2024-10-04T02:49:09.485+0300: 238.644: [DefNew: 1124821K->7432K(1258304K), 0.0048627 secs] 1136880K->19491K(4054528K), 0.0049292 secs] [Times: user=0.00 sys=0.00, real=0.02 secs] 
2024-10-04T02:49:09.500+0300: 238.649: Total time for which application threads were stopped: 0.0052521 seconds, Stopping threads took: 0.0002018 seconds
2024-10-04T02:49:09.846+0300: 239.000: Application time: 0.3507764 seconds
2024-10-04T02:49:09.846+0300: 239.000: [GC (Allocation Failure) 2024-10-04T02:49:09.846+0300: 239.000: [DefNew: 1125960K->5587K(1258304K), 0.0033498 secs] 1138019K->17647K(4054528K), 0.0034362 secs] [Times: user=0.00 sys=0.00, real=0.00 secs] 
2024-10-04T02:49:09.846+0300: 239.003: Total time for which application threads were stopped: 0.0037584 seconds, Stopping threads took: 0.0001557 seconds
2024-10-04T02:49:10.191+0300: 239.348: Application time: 0.3448065 seconds
2024-10-04T02:49:10.191+0300: 239.348: [GC (Allocation Failure) 2024-10-04T02:49:10.191+0300: 239.348: [DefNew: 1124115K->5646K(1258304K), 0.0034044 secs] 1136175K->17706K(4054528K), 0.0034850 secs] [Times: user=0.00 sys=0.00, real=0.02 secs] 
2024-10-04T02:49:10.207+0300: 239.352: Total time for which application threads were stopped: 0.0038412 seconds, Stopping threads took: 0.0001772 seconds
2024-10-04T02:49:10.536+0300: 239.683: Application time: 0.3314292 seconds
2024-10-04T02:49:10.536+0300: 239.684: [GC (Allocation Failure) 2024-10-04T02:49:10.536+0300: 239.684: [DefNew: 1124174K->6001K(1258304K), 0.0035126 secs] 1136234K->18062K(4054528K), 0.0035816 secs] [Times: user=0.00 sys=0.00, real=0.01 secs] 
2024-10-04T02:49:10.542+0300: 239.687: Total time for which application threads were stopped: 0.0039013 seconds, Stopping threads took: 0.0001983 seconds
2024-10-04T02:49:10.882+0300: 240.032: Application time: 0.3444385 seconds
2024-10-04T02:49:10.882+0300: 240.032: [GC (Allocation Failure) 2024-10-04T02:49:10.882+0300: 240.032: [DefNew: 1124529K->6406K(1258304K), 0.0035677 secs] 1136590K->18467K(4054528K), 0.0036406 secs] [Times: user=0.00 sys=0.00, real=0.00 secs] 
2024-10-04T02:49:10.882+0300: 240.036: Total time for which application threads were stopped: 0.0039866 seconds, Stopping threads took: 0.0002003 seconds
2024-10-04T02:49:11.227+0300: 240.383: Application time: 0.3472358 seconds
2024-10-04T02:49:11.227+0300: 240.383: [GC (Allocation Failure) 2024-10-04T02:49:11.227+0300: 240.383: [DefNew: 1124934K->5541K(1258304K), 0.0031787 secs] 1136995K->17602K(4054528K), 0.0032500 secs] [Times: user=0.00 sys=0.00, real=0.00 secs] 
2024-10-04T02:49:11.227+0300: 240.387: Total time for which application threads were stopped: 0.0035594 seconds, Stopping threads took: 0.0001845 seconds
2024-10-04T02:49:11.573+0300: 240.729: Application time: 0.3429310 seconds
2024-10-04T02:49:11.573+0300: 240.730: [GC (Allocation Failure) 2024-10-04T02:49:11.573+0300: 240.730: [DefNew: 1124069K->5645K(1258304K), 0.0032617 secs] 1136130K->17706K(4054528K), 0.0033285 secs] [Times: user=0.00 sys=0.00, real=0.00 secs] 
2024-10-04T02:49:11.573+0300: 240.733: Total time for which application threads were stopped: 0.0036089 seconds, Stopping threads took: 0.0001523 seconds
2024-10-04T02:49:11.918+0300: 241.077: Application time: 0.3438504 seconds
2024-10-04T02:49:11.918+0300: 241.077: [GC (Allocation Failure) 2024-10-04T02:49:11.918+0300: 241.077: [DefNew: 1124173K->5692K(1258304K), 0.0034291 secs] 1136234K->17753K(4054528K), 0.0035048 secs] [Times: user=0.00 sys=0.00, real=0.02 secs] 
2024-10-04T02:49:11.933+0300: 241.081: Total time for which application threads were stopped: 0.0039711 seconds, Stopping threads took: 0.0003139 seconds
2024-10-04T02:49:12.263+0300: 241.418: Application time: 0.3371986 seconds
2024-10-04T02:49:12.263+0300: 241.418: [GC (Allocation Failure) 2024-10-04T02:49:12.263+0300: 241.418: [DefNew: 1124220K->7973K(1258304K), 0.0052768 secs] 1136281K->20035K(4054528K), 0.0053533 secs] [Times: user=0.00 sys=0.00, real=0.00 secs] 
2024-10-04T02:49:12.263+0300: 241.424: Total time for which application threads were stopped: 0.0056193 seconds, Stopping threads took: 0.0001516 seconds
2024-10-04T02:49:12.609+0300: 241.766: Application time: 0.3421525 seconds
2024-10-04T02:49:12.609+0300: 241.766: [GC (Allocation Failure) 2024-10-04T02:49:12.609+0300: 241.766: [DefNew: 1126501K->8037K(1258304K), 0.0057125 secs] 1138563K->20099K(4054528K), 0.0057814 secs] [Times: user=0.00 sys=0.00, real=0.02 secs] 
2024-10-04T02:49:12.624+0300: 241.772: Total time for which application threads were stopped: 0.0060539 seconds, Stopping threads took: 0.0001548 seconds
2024-10-04T02:49:12.970+0300: 242.124: Application time: 0.3521437 seconds
2024-10-04T02:49:12.970+0300: 242.124: [GC (Allocation Failure) 2024-10-04T02:49:12.970+0300: 242.124: [DefNew: 1126565K->5538K(1258304K), 0.0031550 secs] 1138627K->17600K(4054528K), 0.0032269 secs] [Times: user=0.00 sys=0.00, real=0.00 secs] 
2024-10-04T02:49:12.970+0300: 242.128: Total time for which application threads were stopped: 0.0035606 seconds, Stopping threads took: 0.0002129 seconds
2024-10-04T02:49:13.315+0300: 242.472: Application time: 0.3444279 seconds
2024-10-04T02:49:13.315+0300: 242.472: [GC (Allocation Failure) 2024-10-04T02:49:13.315+0300: 242.472: [DefNew: 1124066K->5629K(1258304K), 0.0032247 secs] 1136128K->17691K(4054528K), 0.0032954 secs] [Times: user=0.00 sys=0.00, real=0.00 secs] 
2024-10-04T02:49:13.315+0300: 242.476: Total time for which application threads were stopped: 0.0035425 seconds, Stopping threads took: 0.0001334 seconds
2024-10-04T02:49:13.661+0300: 242.813: Application time: 0.3371774 seconds
2024-10-04T02:49:13.661+0300: 242.813: [GC (Allocation Failure) 2024-10-04T02:49:13.661+0300: 242.813: [DefNew: 1124157K->6471K(1258304K), 0.0040064 secs] 1136219K->18534K(4054528K), 0.0040833 secs] [Times: user=0.00 sys=0.00, real=0.00 secs] 
2024-10-04T02:49:13.661+0300: 242.817: Total time for which application threads were stopped: 0.0044085 seconds, Stopping threads took: 0.0001691 seconds
2024-10-04T02:49:14.006+0300: 243.155: Application time: 0.3374116 seconds
2024-10-04T02:49:14.006+0300: 243.155: [GC (Allocation Failure) 2024-10-04T02:49:14.006+0300: 243.155: [DefNew: 1124999K->5611K(1258304K), 0.0034365 secs] 1137062K->17674K(4054528K), 0.0035194 secs] [Times: user=0.00 sys=0.00, real=0.00 secs] 
2024-10-04T02:49:14.006+0300: 243.158: Total time for which application threads were stopped: 0.0038408 seconds, Stopping threads took: 0.0001605 seconds
2024-10-04T02:49:14.352+0300: 243.506: Application time: 0.3473569 seconds
2024-10-04T02:49:14.352+0300: 243.506: [GC (Allocation Failure) 2024-10-04T02:49:14.352+0300: 243.506: [DefNew: 1124139K->5942K(1258304K), 0.0031747 secs] 1136202K->18006K(4054528K), 0.0032410 secs] [Times: user=0.00 sys=0.00, real=0.00 secs] 
2024-10-04T02:49:14.352+0300: 243.509: Total time for which application threads were stopped: 0.0035275 seconds, Stopping threads took: 0.0001746 seconds
2024-10-04T02:49:14.697+0300: 243.856: Application time: 0.3463765 seconds
2024-10-04T02:49:14.697+0300: 243.856: [GC (Allocation Failure) 2024-10-04T02:49:14.697+0300: 243.856: [DefNew: 1124470K->5620K(1258304K), 0.0034021 secs] 1136534K->17684K(4054528K), 0.0034775 secs] [Times: user=0.00 sys=0.00, real=0.02 secs] 
2024-10-04T02:49:14.713+0300: 243.859: Total time for which application threads were stopped: 0.0037697 seconds, Stopping threads took: 0.0001689 seconds
2024-10-04T02:49:15.058+0300: 244.205: Application time: 0.3456466 seconds
2024-10-04T02:49:15.058+0300: 244.205: [GC (Allocation Failure) 2024-10-04T02:49:15.058+0300: 244.205: [DefNew: 1124148K->7358K(1258304K), 0.0050583 secs] 1136212K->19422K(4054528K), 0.0051305 secs] [Times: user=0.00 sys=0.00, real=0.00 secs] 
2024-10-04T02:49:15.058+0300: 244.211: Total time for which application threads were stopped: 0.0054252 seconds, Stopping threads took: 0.0001671 seconds
2024-10-04T02:49:15.388+0300: 244.548: Application time: 0.3369351 seconds
2024-10-04T02:49:15.388+0300: 244.548: [GC (Allocation Failure) 2024-10-04T02:49:15.388+0300: 244.548: [DefNew: 1125886K->5511K(1258304K), 0.0031955 secs] 1137950K->17575K(4054528K), 0.0032631 secs] [Times: user=0.00 sys=0.00, real=0.02 secs] 
2024-10-04T02:49:15.403+0300: 244.551: Total time for which application threads were stopped: 0.0035754 seconds, Stopping threads took: 0.0001862 seconds
2024-10-04T02:49:15.733+0300: 244.885: Application time: 0.3335054 seconds
2024-10-04T02:49:15.733+0300: 244.885: [GC (Allocation Failure) 2024-10-04T02:49:15.733+0300: 244.885: [DefNew: 1124039K->9043K(1258304K), 0.0073327 secs] 1136103K->21108K(4054528K), 0.0074048 secs] [Times: user=0.00 sys=0.00, real=0.00 secs] 
2024-10-04T02:49:15.733+0300: 244.892: Total time for which application threads were stopped: 0.0076905 seconds, Stopping threads took: 0.0001661 seconds
2024-10-04T02:49:16.094+0300: 245.247: Application time: 0.3546254 seconds
2024-10-04T02:49:16.094+0300: 245.247: [GC (Allocation Failure) 2024-10-04T02:49:16.094+0300: 245.247: [DefNew: 1127571K->6009K(1258304K), 0.0035453 secs] 1139636K->18074K(4054528K), 0.0036203 secs] [Times: user=0.00 sys=0.00, real=0.00 secs] 
2024-10-04T02:49:16.094+0300: 245.251: Total time for which application threads were stopped: 0.0039389 seconds, Stopping threads took: 0.0001920 seconds
2024-10-04T02:49:16.439+0300: 245.594: Application time: 0.3433539 seconds
2024-10-04T02:49:16.439+0300: 245.594: [GC (Allocation Failure) 2024-10-04T02:49:16.439+0300: 245.595: [DefNew: 1124537K->5611K(1258304K), 0.0032234 secs] 1136602K->17677K(4054528K), 0.0032884 secs] [Times: user=0.00 sys=0.00, real=0.00 secs] 
2024-10-04T02:49:16.439+0300: 245.598: Total time for which application threads were stopped: 0.0035846 seconds, Stopping threads took: 0.0001833 seconds
2024-10-04T02:49:16.785+0300: 245.933: Application time: 0.3349849 seconds
2024-10-04T02:49:16.785+0300: 245.933: [GC (Allocation Failure) 2024-10-04T02:49:16.785+0300: 245.933: [DefNew: 1124139K->5589K(1258304K), 0.0033670 secs] 1136205K->17654K(4054528K), 0.0034426 secs] [Times: user=0.00 sys=0.00, real=0.00 secs] 
2024-10-04T02:49:16.785+0300: 245.937: Total time for which application threads were stopped: 0.0037874 seconds, Stopping threads took: 0.0002099 seconds
2024-10-04T02:49:17.130+0300: 246.286: Application time: 0.3492533 seconds
2024-10-04T02:49:17.130+0300: 246.286: [GC (Allocation Failure) 2024-10-04T02:49:17.130+0300: 246.286: [DefNew: 1124117K->5729K(1258304K), 0.0033950 secs] 1136182K->17795K(4054528K), 0.0034847 secs] [Times: user=0.00 sys=0.00, real=0.00 secs] 
2024-10-04T02:49:17.130+0300: 246.290: Total time for which application threads were stopped: 0.0037877 seconds, Stopping threads took: 0.0001749 seconds
2024-10-04T02:49:17.475+0300: 246.625: Application time: 0.3351486 seconds
2024-10-04T02:49:17.475+0300: 246.625: [GC (Allocation Failure) 2024-10-04T02:49:17.475+0300: 246.625: [DefNew: 1124257K->7524K(1258304K), 0.0049728 secs] 1136323K->19590K(4054528K), 0.0050420 secs] [Times: user=0.00 sys=0.00, real=0.00 secs] 
2024-10-04T02:49:17.475+0300: 246.630: Total time for which application threads were stopped: 0.0053571 seconds, Stopping threads took: 0.0001812 seconds
2024-10-04T02:49:17.821+0300: 246.973: Application time: 0.3432357 seconds
2024-10-04T02:49:17.821+0300: 246.974: [GC (Allocation Failure) 2024-10-04T02:49:17.821+0300: 246.974: [DefNew: 1126052K->5756K(1258304K), 0.0033758 secs] 1138118K->17822K(4054528K), 0.0034718 secs] [Times: user=0.00 sys=0.02, real=0.00 secs] 
2024-10-04T02:49:17.821+0300: 246.977: Total time for which application threads were stopped: 0.0037532 seconds, Stopping threads took: 0.0001208 seconds
2024-10-04T02:49:18.167+0300: 247.323: Application time: 0.3460505 seconds
2024-10-04T02:49:18.167+0300: 247.323: [GC (Allocation Failure) 2024-10-04T02:49:18.167+0300: 247.324: [DefNew: 1124284K->5642K(1258304K), 0.0033250 secs] 1136350K->17709K(4054528K), 0.0034199 secs] [Times: user=0.00 sys=0.00, real=0.00 secs] 
2024-10-04T02:49:18.167+0300: 247.327: Total time for which application threads were stopped: 0.0037588 seconds, Stopping threads took: 0.0001729 seconds
2024-10-04T02:49:18.512+0300: 247.669: Application time: 0.3420866 seconds
2024-10-04T02:49:18.512+0300: 247.669: [GC (Allocation Failure) 2024-10-04T02:49:18.512+0300: 247.669: [DefNew: 1124170K->5590K(1258304K), 0.0033588 secs] 1136237K->17658K(4054528K), 0.0034395 secs] [Times: user=0.00 sys=0.00, real=0.01 secs] 
2024-10-04T02:49:18.527+0300: 247.673: Total time for which application threads were stopped: 0.0037539 seconds, Stopping threads took: 0.0001760 seconds
2024-10-04T02:49:18.873+0300: 248.024: Application time: 0.3514631 seconds
2024-10-04T02:49:18.873+0300: 248.025: [GC (Allocation Failure) 2024-10-04T02:49:18.873+0300: 248.025: [DefNew: 1124118K->5764K(1258304K), 0.0033573 secs] 1136186K->17832K(4054528K), 0.0034287 secs] [Times: user=0.00 sys=0.00, real=0.00 secs] 
2024-10-04T02:49:18.873+0300: 248.028: Total time for which application threads were stopped: 0.0037222 seconds, Stopping threads took: 0.0001575 seconds
2024-10-04T02:49:19.218+0300: 248.365: Application time: 0.3370291 seconds
2024-10-04T02:49:19.218+0300: 248.365: [GC (Allocation Failure) 2024-10-04T02:49:19.218+0300: 248.365: [DefNew: 1124292K->5793K(1258304K), 0.0034147 secs] 1136360K->17860K(4054528K), 0.0034871 secs] [Times: user=0.00 sys=0.00, real=0.00 secs] 
2024-10-04T02:49:19.218+0300: 248.369: Total time for which application threads were stopped: 0.0037951 seconds, Stopping threads took: 0.0001770 seconds
2024-10-04T02:49:19.564+0300: 248.715: Application time: 0.3457584 seconds
2024-10-04T02:49:19.564+0300: 248.715: [GC (Allocation Failure) 2024-10-04T02:49:19.564+0300: 248.715: [DefNew: 1124321K->7596K(1258304K), 0.0058245 secs] 1136388K->19665K(4054528K), 0.0059108 secs] [Times: user=0.00 sys=0.00, real=0.00 secs] 
2024-10-04T02:49:19.564+0300: 248.721: Total time for which application threads were stopped: 0.0062844 seconds, Stopping threads took: 0.0002258 seconds
2024-10-04T02:49:19.924+0300: 249.078: Application time: 0.3572149 seconds
2024-10-04T02:49:19.924+0300: 249.078: [GC (Allocation Failure) 2024-10-04T02:49:19.924+0300: 249.078: [DefNew: 1126124K->5658K(1258304K), 0.0039208 secs] 1138193K->17727K(4054528K), 0.0039942 secs] [Times: user=0.02 sys=0.00, real=0.00 secs] 
2024-10-04T02:49:19.924+0300: 249.082: Total time for which application threads were stopped: 0.0043474 seconds, Stopping threads took: 0.0002159 seconds
2024-10-04T02:49:20.270+0300: 249.425: Application time: 0.3428112 seconds
2024-10-04T02:49:20.270+0300: 249.425: [GC (Allocation Failure) 2024-10-04T02:49:20.270+0300: 249.425: [DefNew: 1124186K->5523K(1258304K), 0.0032905 secs] 1136255K->17592K(4054528K), 0.0033544 secs] [Times: user=0.00 sys=0.00, real=0.00 secs] 
2024-10-04T02:49:20.270+0300: 249.429: Total time for which application threads were stopped: 0.0036119 seconds, Stopping threads took: 0.0001340 seconds
2024-10-04T02:49:20.630+0300: 249.778: Application time: 0.3494714 seconds
2024-10-04T02:49:20.630+0300: 249.779: [GC (Allocation Failure) 2024-10-04T02:49:20.630+0300: 249.779: [DefNew: 1124051K->5661K(1258304K), 0.0034163 secs] 1136120K->17730K(4054528K), 0.0034838 secs] [Times: user=0.00 sys=0.00, real=0.00 secs] 
2024-10-04T02:49:20.630+0300: 249.782: Total time for which application threads were stopped: 0.0037451 seconds, Stopping threads took: 0.0001577 seconds
2024-10-04T02:49:20.967+0300: 250.121: Application time: 0.3387393 seconds
2024-10-04T02:49:20.976+0300: 250.121: [GC (Allocation Failure) 2024-10-04T02:49:20.976+0300: 250.121: [DefNew: 1124189K->7674K(1258304K), 0.0059793 secs] 1136258K->19743K(4054528K), 0.0060577 secs] [Times: user=0.00 sys=0.00, real=0.00 secs] 
2024-10-04T02:49:20.976+0300: 250.127: Total time for which application threads were stopped: 0.0063823 seconds, Stopping threads took: 0.0001754 seconds
2024-10-04T02:49:21.321+0300: 250.474: Application time: 0.3470644 seconds
2024-10-04T02:49:21.321+0300: 250.475: [GC (Allocation Failure) 2024-10-04T02:49:21.321+0300: 250.475: [DefNew: 1126202K->5792K(1258304K), 0.0033805 secs] 1138271K->17862K(4054528K), 0.0034556 secs] [Times: user=0.00 sys=0.00, real=0.00 secs] 
2024-10-04T02:49:21.321+0300: 250.478: Total time for which application threads were stopped: 0.0037712 seconds, Stopping threads took: 0.0001877 seconds
2024-10-04T02:49:21.682+0300: 250.827: Application time: 0.3491511 seconds
2024-10-04T02:49:21.682+0300: 250.827: [GC (Allocation Failure) 2024-10-04T02:49:21.682+0300: 250.827: [DefNew: 1124320K->5659K(1258304K), 0.0034368 secs] 1136390K->17729K(4054528K), 0.0035090 secs] [Times: user=0.00 sys=0.00, real=0.00 secs] 
2024-10-04T02:49:21.682+0300: 250.831: Total time for which application threads were stopped: 0.0037617 seconds, Stopping threads took: 0.0001173 seconds
2024-10-04T02:49:22.027+0300: 251.179: Application time: 0.3484030 seconds
2024-10-04T02:49:22.027+0300: 251.180: [GC (Allocation Failure) 2024-10-04T02:49:22.027+0300: 251.180: [DefNew: 1124187K->7328K(1258304K), 0.0062841 secs] 1136257K->19398K(4054528K), 0.0063553 secs] [Times: user=0.02 sys=0.00, real=0.00 secs] 
2024-10-04T02:49:22.027+0300: 251.186: Total time for which application threads were stopped: 0.0066106 seconds, Stopping threads took: 0.0001338 seconds
2024-10-04T02:49:22.373+0300: 251.521: Application time: 0.3351150 seconds
2024-10-04T02:49:22.373+0300: 251.521: [GC (Allocation Failure) 2024-10-04T02:49:22.373+0300: 251.521: [DefNew: 1125856K->6269K(1258304K), 0.0039817 secs] 1137926K->18340K(4054528K), 0.0040528 secs] [Times: user=0.00 sys=0.00, real=0.00 secs] 
2024-10-04T02:49:22.373+0300: 251.525: Total time for which application threads were stopped: 0.0042809 seconds, Stopping threads took: 0.0001111 seconds
2024-10-04T02:49:22.718+0300: 251.868: Application time: 0.3429957 seconds
2024-10-04T02:49:22.718+0300: 251.869: [GC (Allocation Failure) 2024-10-04T02:49:22.718+0300: 251.869: [DefNew: 1124797K->9583K(1258304K), 0.0095454 secs] 1136868K->21654K(4054528K), 0.0096069 secs] [Times: user=0.01 sys=0.00, real=0.00 secs] 
2024-10-04T02:49:22.718+0300: 251.878: Total time for which application threads were stopped: 0.0099658 seconds, Stopping threads took: 0.0002322 seconds
2024-10-04T02:49:23.079+0300: 252.232: Application time: 0.3539702 seconds
2024-10-04T02:49:23.079+0300: 252.233: [GC (Allocation Failure) 2024-10-04T02:49:23.079+0300: 252.233: [DefNew: 1128111K->5533K(1258304K), 0.0032834 secs] 1140182K->17605K(4054528K), 0.0033410 secs] [Times: user=0.00 sys=0.00, real=0.00 secs] 
2024-10-04T02:49:23.079+0300: 252.236: Total time for which application threads were stopped: 0.0036101 seconds, Stopping threads took: 0.0001491 seconds
2024-10-04T02:49:23.424+0300: 252.581: Application time: 0.3449083 seconds
2024-10-04T02:49:23.424+0300: 252.581: [GC (Allocation Failure) 2024-10-04T02:49:23.424+0300: 252.581: [DefNew: 1124061K->5499K(1258304K), 0.0036428 secs] 1136133K->17571K(4054528K), 0.0037055 secs] [Times: user=0.00 sys=0.00, real=0.01 secs] 
2024-10-04T02:49:23.439+0300: 252.585: Total time for which application threads were stopped: 0.0039529 seconds, Stopping threads took: 0.0001184 seconds
2024-10-04T02:49:23.773+0300: 252.922: Application time: 0.3375665 seconds
2024-10-04T02:49:23.773+0300: 252.923: [GC (Allocation Failure) 2024-10-04T02:49:23.773+0300: 252.923: [DefNew: 1124027K->7235K(1258304K), 0.0053242 secs] 1136099K->19307K(4054528K), 0.0054003 secs] [Times: user=0.00 sys=0.00, real=0.00 secs] 
2024-10-04T02:49:23.773+0300: 252.928: Total time for which application threads were stopped: 0.0057125 seconds, Stopping threads took: 0.0001731 seconds
2024-10-04T02:49:24.115+0300: 253.272: Application time: 0.3435473 seconds
2024-10-04T02:49:24.115+0300: 253.272: [GC (Allocation Failure) 2024-10-04T02:49:24.115+0300: 253.272: [DefNew: 1125763K->7506K(1258304K), 0.0058915 secs] 1137835K->19579K(4054528K), 0.0060129 secs] [Times: user=0.00 sys=0.00, real=0.02 secs] 
2024-10-04T02:49:24.131+0300: 253.278: Total time for which application threads were stopped: 0.0063425 seconds, Stopping threads took: 0.0001744 seconds
2024-10-04T02:49:24.476+0300: 253.624: Application time: 0.3457041 seconds
2024-10-04T02:49:24.476+0300: 253.624: [GC (Allocation Failure) 2024-10-04T02:49:24.476+0300: 253.624: [DefNew: 1126034K->5982K(1258304K), 0.0035047 secs] 1138107K->18054K(4054528K), 0.0035789 secs] [Times: user=0.00 sys=0.00, real=0.00 secs] 
2024-10-04T02:49:24.476+0300: 253.628: Total time for which application threads were stopped: 0.0038443 seconds, Stopping threads took: 0.0001429 seconds
2024-10-04T02:49:24.821+0300: 253.978: Application time: 0.3505839 seconds
2024-10-04T02:49:24.821+0300: 253.978: [GC (Allocation Failure) 2024-10-04T02:49:24.821+0300: 253.978: [DefNew: 1124510K->5478K(1258304K), 0.0038724 secs] 1136582K->17551K(4054528K), 0.0039419 secs] [Times: user=0.00 sys=0.00, real=0.02 secs] 
2024-10-04T02:49:24.837+0300: 253.982: Total time for which application threads were stopped: 0.0042152 seconds, Stopping threads took: 0.0001409 seconds
2024-10-04T02:49:25.177+0300: 254.325: Application time: 0.3423249 seconds
2024-10-04T02:49:25.177+0300: 254.325: [GC (Allocation Failure) 2024-10-04T02:49:25.177+0300: 254.325: [DefNew: 1124006K->5622K(1258304K), 0.0034012 secs] 1136079K->17695K(4054528K), 0.0034722 secs] [Times: user=0.00 sys=0.00, real=0.01 secs] 
2024-10-04T02:49:25.183+0300: 254.328: Total time for which application threads were stopped: 0.0037800 seconds, Stopping threads took: 0.0001783 seconds
2024-10-04T02:49:25.512+0300: 254.659: Application time: 0.3302398 seconds
2024-10-04T02:49:25.512+0300: 254.659: [GC (Allocation Failure) 2024-10-04T02:49:25.512+0300: 254.659: [DefNew: 1124150K->6456K(1258304K), 0.0040257 secs] 1136223K->18530K(4054528K), 0.0040965 secs] [Times: user=0.00 sys=0.00, real=0.00 secs] 
2024-10-04T02:49:25.512+0300: 254.663: Total time for which application threads were stopped: 0.0043612 seconds, Stopping threads took: 0.0001403 seconds
2024-10-04T02:49:25.857+0300: 255.008: Application time: 0.3453688 seconds
2024-10-04T02:49:25.857+0300: 255.009: [GC (Allocation Failure) 2024-10-04T02:49:25.857+0300: 255.009: [DefNew: 1124984K->6240K(1258304K), 0.0038234 secs] 1137058K->18314K(4054528K), 0.0038910 secs] [Times: user=0.00 sys=0.00, real=0.00 secs] 
2024-10-04T02:49:25.857+0300: 255.013: Total time for which application threads were stopped: 0.0042136 seconds, Stopping threads took: 0.0001814 seconds
2024-10-04T02:49:26.218+0300: 255.365: Application time: 0.3522339 seconds
2024-10-04T02:49:26.218+0300: 255.365: [GC (Allocation Failure) 2024-10-04T02:49:26.218+0300: 255.365: [DefNew: 1124768K->5498K(1258304K), 0.0031067 secs] 1136842K->17572K(4054528K), 0.0031785 secs] [Times: user=0.00 sys=0.00, real=0.00 secs] 
2024-10-04T02:49:26.218+0300: 255.368: Total time for which application threads were stopped: 0.0034812 seconds, Stopping threads took: 0.0001838 seconds
2024-10-04T02:49:26.563+0300: 255.710: Application time: 0.3419773 seconds
2024-10-04T02:49:26.563+0300: 255.711: [GC (Allocation Failure) 2024-10-04T02:49:26.563+0300: 255.711: [DefNew: 1124026K->5610K(1258304K), 0.0032121 secs] 1136100K->17684K(4054528K), 0.0032843 secs] [Times: user=0.00 sys=0.00, real=0.00 secs] 
2024-10-04T02:49:26.563+0300: 255.714: Total time for which application threads were stopped: 0.0035775 seconds, Stopping threads took: 0.0001647 seconds
2024-10-04T02:49:26.909+0300: 256.054: Application time: 0.3404276 seconds
2024-10-04T02:49:26.909+0300: 256.055: [GC (Allocation Failure) 2024-10-04T02:49:26.909+0300: 256.055: [DefNew: 1124138K->5504K(1258304K), 0.0031740 secs] 1136212K->17579K(4054528K), 0.0032612 secs] [Times: user=0.02 sys=0.00, real=0.00 secs] 
2024-10-04T02:49:26.909+0300: 256.058: Total time for which application threads were stopped: 0.0036282 seconds, Stopping threads took: 0.0002009 seconds
2024-10-04T02:49:27.249+0300: 256.395: Application time: 0.3368015 seconds
2024-10-04T02:49:27.249+0300: 256.395: [GC (Allocation Failure) 2024-10-04T02:49:27.249+0300: 256.395: [DefNew: 1124032K->8080K(1258304K), 0.0055575 secs] 1136107K->20155K(4054528K), 0.0056313 secs] [Times: user=0.00 sys=0.00, real=0.01 secs] 
2024-10-04T02:49:27.256+0300: 256.401: Total time for which application threads were stopped: 0.0059227 seconds, Stopping threads took: 0.0001683 seconds
2024-10-04T02:49:27.599+0300: 256.747: Application time: 0.3460830 seconds
2024-10-04T02:49:27.599+0300: 256.747: [GC (Allocation Failure) 2024-10-04T02:49:27.599+0300: 256.747: [DefNew: 1126608K->5758K(1258304K), 0.0033151 secs] 1138683K->17834K(4054528K), 0.0033832 secs] [Times: user=0.00 sys=0.00, real=0.00 secs] 
2024-10-04T02:49:27.599+0300: 256.750: Total time for which application threads were stopped: 0.0036671 seconds, Stopping threads took: 0.0001671 seconds
2024-10-04T02:49:27.945+0300: 257.105: Application time: 0.3545467 seconds
2024-10-04T02:49:27.960+0300: 257.105: [GC (Allocation Failure) 2024-10-04T02:49:27.960+0300: 257.105: [DefNew: 1124286K->5562K(1258304K), 0.0035786 secs] 1136362K->17638K(4054528K), 0.0036734 secs] [Times: user=0.00 sys=0.00, real=0.00 secs] 
2024-10-04T02:49:27.960+0300: 257.109: Total time for which application threads were stopped: 0.0040994 seconds, Stopping threads took: 0.0001647 seconds
2024-10-04T02:49:28.290+0300: 257.451: Application time: 0.3417027 seconds
2024-10-04T02:49:28.306+0300: 257.451: [GC (Allocation Failure) 2024-10-04T02:49:28.306+0300: 257.451: [DefNew: 1124090K->5588K(1258304K), 0.0031773 secs] 1136166K->17664K(4054528K), 0.0032557 secs] [Times: user=0.00 sys=0.00, real=0.00 secs] 
2024-10-04T02:49:28.306+0300: 257.454: Total time for which application threads were stopped: 0.0035427 seconds, Stopping threads took: 0.0001633 seconds
2024-10-04T02:49:28.635+0300: 257.788: Application time: 0.3333729 seconds
2024-10-04T02:49:28.635+0300: 257.788: [GC (Allocation Failure) 2024-10-04T02:49:28.635+0300: 257.788: [DefNew: 1124116K->8107K(1258304K), 0.0056258 secs] 1136192K->20183K(4054528K), 0.0056938 secs] [Times: user=0.00 sys=0.00, real=0.00 secs] 
2024-10-04T02:49:28.635+0300: 257.794: Total time for which application threads were stopped: 0.0060215 seconds, Stopping threads took: 0.0002155 seconds
2024-10-04T02:49:28.986+0300: 258.139: Application time: 0.3449503 seconds
2024-10-04T02:49:28.986+0300: 258.139: [GC (Allocation Failure) 2024-10-04T02:49:28.986+0300: 258.139: [DefNew: 1126635K->6199K(1258304K), 0.0037889 secs] 1138711K->18275K(4054528K), 0.0038637 secs] [Times: user=0.00 sys=0.00, real=0.01 secs] 
2024-10-04T02:49:28.996+0300: 258.143: Total time for which application threads were stopped: 0.0041612 seconds, Stopping threads took: 0.0001714 seconds
2024-10-04T02:49:29.341+0300: 258.492: Application time: 0.3488380 seconds
2024-10-04T02:49:29.341+0300: 258.492: [GC (Allocation Failure) 2024-10-04T02:49:29.341+0300: 258.492: [DefNew: 1124727K->5673K(1258304K), 0.0032255 secs] 1136803K->17751K(4054528K), 0.0032944 secs] [Times: user=0.00 sys=0.00, real=0.00 secs] 
2024-10-04T02:49:29.341+0300: 258.495: Total time for which application threads were stopped: 0.0035863 seconds, Stopping threads took: 0.0001808 seconds
2024-10-04T02:49:29.688+0300: 258.841: Application time: 0.3454670 seconds
2024-10-04T02:49:29.688+0300: 258.841: [GC (Allocation Failure) 2024-10-04T02:49:29.688+0300: 258.841: [DefNew: 1124201K->5585K(1258304K), 0.0032450 secs] 1136279K->17662K(4054528K), 0.0033207 secs] [Times: user=0.00 sys=0.00, real=0.00 secs] 
2024-10-04T02:49:29.688+0300: 258.844: Total time for which application threads were stopped: 0.0036160 seconds, Stopping threads took: 0.0001655 seconds
2024-10-04T02:49:30.032+0300: 259.185: Application time: 0.3403078 seconds
2024-10-04T02:49:30.032+0300: 259.185: [GC (Allocation Failure) 2024-10-04T02:49:30.032+0300: 259.185: [DefNew: 1124113K->6285K(1258304K), 0.0039068 secs] 1136190K->18363K(4054528K), 0.0039849 secs] [Times: user=0.00 sys=0.00, real=0.00 secs] 
2024-10-04T02:49:30.032+0300: 259.189: Total time for which application threads were stopped: 0.0043294 seconds, Stopping threads took: 0.0002175 seconds
2024-10-04T02:49:30.377+0300: 259.526: Application time: 0.3365539 seconds
2024-10-04T02:49:30.377+0300: 259.526: [GC (Allocation Failure) 2024-10-04T02:49:30.377+0300: 259.526: [DefNew: 1124813K->9633K(1258304K), 0.0077626 secs] 1136891K->21711K(4054528K), 0.0078412 secs] [Times: user=0.00 sys=0.00, real=0.00 secs] 
2024-10-04T02:49:30.377+0300: 259.534: Total time for which application threads were stopped: 0.0081880 seconds, Stopping threads took: 0.0001913 seconds
2024-10-04T02:49:30.723+0300: 259.876: Application time: 0.3417513 seconds
2024-10-04T02:49:30.723+0300: 259.876: [GC (Allocation Failure) 2024-10-04T02:49:30.723+0300: 259.876: [DefNew: 1128161K->6354K(1258304K), 0.0038803 secs] 1140239K->18432K(4054528K), 0.0039485 secs] [Times: user=0.00 sys=0.00, real=0.00 secs] 
2024-10-04T02:49:30.723+0300: 259.880: Total time for which application threads were stopped: 0.0042890 seconds, Stopping threads took: 0.0002147 seconds
2024-10-04T02:49:31.083+0300: 260.234: Application time: 0.3546294 seconds
2024-10-04T02:49:31.083+0300: 260.235: [GC (Allocation Failure) 2024-10-04T02:49:31.083+0300: 260.235: [DefNew: 1124882K->5676K(1258304K), 0.0033649 secs] 1136960K->17754K(4054528K), 0.0034445 secs] [Times: user=0.00 sys=0.00, real=0.01 secs] 
2024-10-04T02:49:31.091+0300: 260.238: Total time for which application threads were stopped: 0.0037930 seconds, Stopping threads took: 0.0002014 seconds
2024-10-04T02:49:31.429+0300: 260.577: Application time: 0.3387208 seconds
2024-10-04T02:49:31.429+0300: 260.577: [GC (Allocation Failure) 2024-10-04T02:49:31.429+0300: 260.577: [DefNew: 1124204K->5720K(1258304K), 0.0032389 secs] 1136282K->17798K(4054528K), 0.0033074 secs] [Times: user=0.00 sys=0.00, real=0.00 secs] 
2024-10-04T02:49:31.429+0300: 260.581: Total time for which application threads were stopped: 0.0035584 seconds, Stopping threads took: 0.0001351 seconds
2024-10-04T02:49:31.759+0300: 260.912: Application time: 0.3313718 seconds
2024-10-04T02:49:31.759+0300: 260.912: [GC (Allocation Failure) 2024-10-04T02:49:31.759+0300: 260.912: [DefNew: 1124248K->7486K(1258304K), 0.0053017 secs] 1136326K->19565K(4054528K), 0.0053752 secs] [Times: user=0.00 sys=0.00, real=0.00 secs] 
2024-10-04T02:49:31.759+0300: 260.918: Total time for which application threads were stopped: 0.0057068 seconds, Stopping threads took: 0.0002073 seconds
2024-10-04T02:49:32.104+0300: 261.265: Application time: 0.3474873 seconds
2024-10-04T02:49:32.120+0300: 261.265: [GC (Allocation Failure) 2024-10-04T02:49:32.120+0300: 261.266: [DefNew: 1126014K->7484K(1258304K), 0.0051675 secs] 1138093K->19564K(4054528K), 0.0052492 secs] [Times: user=0.00 sys=0.00, real=0.00 secs] 
2024-10-04T02:49:32.120+0300: 261.271: Total time for which application threads were stopped: 0.0056351 seconds, Stopping threads took: 0.0002275 seconds
2024-10-04T02:49:32.466+0300: 261.620: Application time: 0.3492482 seconds
2024-10-04T02:49:32.466+0300: 261.620: [GC (Allocation Failure) 2024-10-04T02:49:32.466+0300: 261.620: [DefNew: 1126012K->5837K(1258304K), 0.0033717 secs] 1138092K->17917K(4054528K), 0.0034423 secs] [Times: user=0.00 sys=0.00, real=0.00 secs] 
2024-10-04T02:49:32.466+0300: 261.624: Total time for which application threads were stopped: 0.0036848 seconds, Stopping threads took: 0.0001325 seconds
2024-10-04T02:49:32.812+0300: 261.970: Application time: 0.3464221 seconds
2024-10-04T02:49:32.812+0300: 261.970: [GC (Allocation Failure) 2024-10-04T02:49:32.812+0300: 261.970: [DefNew: 1124365K->5572K(1258304K), 0.0037037 secs] 1136445K->17652K(4054528K), 0.0038030 secs] [Times: user=0.02 sys=0.00, real=0.02 secs] 
2024-10-04T02:49:32.828+0300: 261.974: Total time for which application threads were stopped: 0.0041641 seconds, Stopping threads took: 0.0001745 seconds
2024-10-04T02:49:33.158+0300: 262.315: Application time: 0.3408005 seconds
2024-10-04T02:49:33.158+0300: 262.315: [GC (Allocation Failure) 2024-10-04T02:49:33.158+0300: 262.315: [DefNew: 1124100K->5738K(1258304K), 0.0034523 secs] 1136180K->17818K(4054528K), 0.0035308 secs] [Times: user=0.00 sys=0.00, real=0.02 secs] 
2024-10-04T02:49:33.173+0300: 262.319: Total time for which application threads were stopped: 0.0038764 seconds, Stopping threads took: 0.0002125 seconds
2024-10-04T02:49:33.503+0300: 262.654: Application time: 0.3351009 seconds
2024-10-04T02:49:33.503+0300: 262.654: [GC (Allocation Failure) 2024-10-04T02:49:33.503+0300: 262.654: [DefNew: 1124266K->6144K(1258304K), 0.0035709 secs] 1136346K->18225K(4054528K), 0.0036414 secs] [Times: user=0.00 sys=0.00, real=0.00 secs] 
2024-10-04T02:49:33.503+0300: 262.658: Total time for which application threads were stopped: 0.0039376 seconds, Stopping threads took: 0.0001765 seconds
2024-10-04T02:49:33.848+0300: 263.008: Application time: 0.3502975 seconds
2024-10-04T02:49:33.848+0300: 263.009: [GC (Allocation Failure) 2024-10-04T02:49:33.848+0300: 263.009: [DefNew: 1124672K->6218K(1258304K), 0.0035418 secs] 1136753K->18299K(4054528K), 0.0036122 secs] [Times: user=0.00 sys=0.00, real=0.02 secs] 
2024-10-04T02:49:33.864+0300: 263.012: Total time for which application threads were stopped: 0.0039637 seconds, Stopping threads took: 0.0002168 seconds
2024-10-04T02:49:34.210+0300: 263.360: Application time: 0.3474473 seconds
2024-10-04T02:49:34.210+0300: 263.360: [GC (Allocation Failure) 2024-10-04T02:49:34.210+0300: 263.360: [DefNew: 1124746K->5633K(1258304K), 0.0032834 secs] 1136827K->17714K(4054528K), 0.0033552 secs] [Times: user=0.00 sys=0.00, real=0.00 secs] 
2024-10-04T02:49:34.210+0300: 263.363: Total time for which application threads were stopped: 0.0036364 seconds, Stopping threads took: 0.0001596 seconds
2024-10-04T02:49:34.555+0300: 263.704: Application time: 0.3406604 seconds
2024-10-04T02:49:34.555+0300: 263.704: [GC (Allocation Failure) 2024-10-04T02:49:34.555+0300: 263.704: [DefNew: 1124161K->5606K(1258304K), 0.0032149 secs] 1136242K->17687K(4054528K), 0.0032893 secs] [Times: user=0.00 sys=0.00, real=0.00 secs] 
2024-10-04T02:49:34.555+0300: 263.708: Total time for which application threads were stopped: 0.0035235 seconds, Stopping threads took: 0.0001182 seconds
2024-10-04T02:49:34.901+0300: 264.048: Application time: 0.3399650 seconds
2024-10-04T02:49:34.901+0300: 264.048: [GC (Allocation Failure) 2024-10-04T02:49:34.901+0300: 264.048: [DefNew: 1124134K->6784K(1258304K), 0.0046369 secs] 1136215K->18866K(4054528K), 0.0047089 secs] [Times: user=0.02 sys=0.00, real=0.00 secs] 
2024-10-04T02:49:34.901+0300: 264.052: Total time for which application threads were stopped: 0.0049865 seconds, Stopping threads took: 0.0001192 seconds
2024-10-04T02:49:35.230+0300: 264.387: Application time: 0.3340565 seconds
2024-10-04T02:49:35.230+0300: 264.387: [GC (Allocation Failure) 2024-10-04T02:49:35.230+0300: 264.387: [DefNew: 1125312K->8507K(1258304K), 0.0067878 secs] 1137394K->20589K(4054528K), 0.0068708 secs] [Times: user=0.00 sys=0.00, real=0.02 secs] 
2024-10-04T02:49:35.246+0300: 264.394: Total time for which application threads were stopped: 0.0071074 seconds, Stopping threads took: 0.0001261 seconds
2024-10-04T02:49:35.591+0300: 264.744: Application time: 0.3502832 seconds
2024-10-04T02:49:35.591+0300: 264.744: [GC (Allocation Failure) 2024-10-04T02:49:35.591+0300: 264.744: [DefNew: 1127035K->5371K(1258304K), 0.0030172 secs] 1139117K->17454K(4054528K), 0.0030920 secs] [Times: user=0.00 sys=0.00, real=0.00 secs] 
2024-10-04T02:49:35.591+0300: 264.747: Total time for which application threads were stopped: 0.0034158 seconds, Stopping threads took: 0.0002075 seconds
2024-10-04T02:49:35.952+0300: 265.103: Application time: 0.3553881 seconds
2024-10-04T02:49:35.952+0300: 265.103: [GC (Allocation Failure) 2024-10-04T02:49:35.952+0300: 265.103: [DefNew: 1123899K->5455K(1258304K), 0.0031406 secs] 1135982K->17538K(4054528K), 0.0032137 secs] [Times: user=0.00 sys=0.00, real=0.00 secs] 
2024-10-04T02:49:35.952+0300: 265.106: Total time for which application threads were stopped: 0.0035087 seconds, Stopping threads took: 0.0001656 seconds
2024-10-04T02:49:36.297+0300: 265.444: Application time: 0.3377642 seconds
2024-10-04T02:49:36.297+0300: 265.444: [GC (Allocation Failure) 2024-10-04T02:49:36.297+0300: 265.446: [DefNew: 1123983K->5459K(1258304K), 0.0037051 secs] 1136066K->17542K(4054528K), 0.0059436 secs] [Times: user=0.00 sys=0.00, real=0.01 secs] 
2024-10-04T02:49:36.304+0300: 265.450: Total time for which application threads were stopped: 0.0062373 seconds, Stopping threads took: 0.0001792 seconds
2024-10-04T02:49:36.627+0300: 265.784: Application time: 0.3336585 seconds
2024-10-04T02:49:36.627+0300: 265.784: [GC (Allocation Failure) 2024-10-04T02:49:36.627+0300: 265.784: [DefNew: 1123987K->5708K(1258304K), 0.0032730 secs] 1136070K->17791K(4054528K), 0.0033448 secs] [Times: user=0.00 sys=0.00, real=0.00 secs] 
2024-10-04T02:49:36.627+0300: 265.788: Total time for which application threads were stopped: 0.0036080 seconds, Stopping threads took: 0.0001501 seconds
2024-10-04T02:49:36.987+0300: 266.135: Application time: 0.3469868 seconds
2024-10-04T02:49:36.987+0300: 266.135: [GC (Allocation Failure) 2024-10-04T02:49:36.987+0300: 266.135: [DefNew: 1124236K->6931K(1258304K), 0.0045122 secs] 1136319K->19015K(4054528K), 0.0045896 secs] [Times: user=0.00 sys=0.00, real=0.00 secs] 
2024-10-04T02:49:36.987+0300: 266.139: Total time for which application threads were stopped: 0.0049068 seconds, Stopping threads took: 0.0001706 seconds
2024-10-04T02:49:37.342+0300: 266.488: Application time: 0.3480876 seconds
2024-10-04T02:49:37.342+0300: 266.488: [GC (Allocation Failure) 2024-10-04T02:49:37.342+0300: 266.488: [DefNew: 1125459K->5530K(1258304K), 0.0031892 secs] 1137543K->17614K(4054528K), 0.0032584 secs] [Times: user=0.00 sys=0.00, real=0.00 secs] 
2024-10-04T02:49:37.346+0300: 266.491: Total time for which application threads were stopped: 0.0035277 seconds, Stopping threads took: 0.0001449 seconds
2024-10-04T02:49:37.678+0300: 266.836: Application time: 0.3453237 seconds
2024-10-04T02:49:37.678+0300: 266.837: [GC (Allocation Failure) 2024-10-04T02:49:37.678+0300: 266.837: [DefNew: 1124058K->5682K(1258304K), 0.0033486 secs] 1136142K->17766K(4054528K), 0.0034106 secs] [Times: user=0.00 sys=0.00, real=0.02 secs] 
2024-10-04T02:49:37.694+0300: 266.840: Total time for which application threads were stopped: 0.0036953 seconds, Stopping threads took: 0.0001750 seconds
2024-10-04T02:49:38.024+0300: 267.184: Application time: 0.3438094 seconds
2024-10-04T02:49:38.024+0300: 267.184: [GC (Allocation Failure) 2024-10-04T02:49:38.024+0300: 267.184: [DefNew: 1124210K->7232K(1258304K), 0.0050432 secs] 1136294K->19317K(4054528K), 0.0051221 secs] [Times: user=0.00 sys=0.00, real=0.02 secs] 
2024-10-04T02:49:38.039+0300: 267.189: Total time for which application threads were stopped: 0.0054362 seconds, Stopping threads took: 0.0001725 seconds
2024-10-04T02:49:38.369+0300: 267.524: Application time: 0.3346115 seconds
2024-10-04T02:49:38.369+0300: 267.524: [GC (Allocation Failure) 2024-10-04T02:49:38.369+0300: 267.524: [DefNew: 1125760K->10892K(1258304K), 0.0107219 secs] 1137845K->22977K(4054528K), 0.0107942 secs] [Times: user=0.02 sys=0.00, real=0.02 secs] 
2024-10-04T02:49:38.385+0300: 267.535: Total time for which application threads were stopped: 0.0111708 seconds, Stopping threads took: 0.0002427 seconds
2024-10-04T02:49:38.730+0300: 267.881: Application time: 0.3455868 seconds
2024-10-04T02:49:38.730+0300: 267.881: [GC (Allocation Failure) 2024-10-04T02:49:38.730+0300: 267.881: [DefNew: 1129420K->5584K(1258304K), 0.0031568 secs] 1141505K->17670K(4054528K), 0.0032283 secs] [Times: user=0.00 sys=0.00, real=0.00 secs] 
2024-10-04T02:49:38.730+0300: 267.884: Total time for which application threads were stopped: 0.0035403 seconds, Stopping threads took: 0.0001932 seconds
2024-10-04T02:49:39.091+0300: 268.241: Application time: 0.3563839 seconds
2024-10-04T02:49:39.091+0300: 268.241: [GC (Allocation Failure) 2024-10-04T02:49:39.091+0300: 268.241: [DefNew: 1124112K->5637K(1258304K), 0.0034000 secs] 1136198K->17723K(4054528K), 0.0034822 secs] [Times: user=0.00 sys=0.00, real=0.00 secs] 
2024-10-04T02:49:39.091+0300: 268.244: Total time for which application threads were stopped: 0.0037931 seconds, Stopping threads took: 0.0001830 seconds
2024-10-04T02:49:39.421+0300: 268.582: Application time: 0.3372640 seconds
2024-10-04T02:49:39.421+0300: 268.582: [GC (Allocation Failure) 2024-10-04T02:49:39.421+0300: 268.582: [DefNew: 1124165K->5683K(1258304K), 0.0033471 secs] 1136251K->17769K(4054528K), 0.0034492 secs] [Times: user=0.00 sys=0.00, real=0.02 secs] 
2024-10-04T02:49:39.437+0300: 268.585: Total time for which application threads were stopped: 0.0037609 seconds, Stopping threads took: 0.0001751 seconds
2024-10-04T02:49:39.767+0300: 268.919: Application time: 0.3335070 seconds
2024-10-04T02:49:39.767+0300: 268.919: [GC (Allocation Failure) 2024-10-04T02:49:39.767+0300: 268.919: [DefNew: 1124211K->7500K(1258304K), 0.0051385 secs] 1136297K->19587K(4054528K), 0.0052121 secs] [Times: user=0.00 sys=0.00, real=0.00 secs] 
2024-10-04T02:49:39.767+0300: 268.924: Total time for which application threads were stopped: 0.0055058 seconds, Stopping threads took: 0.0001759 seconds
2024-10-04T02:49:40.113+0300: 269.270: Application time: 0.3456546 seconds
2024-10-04T02:49:40.113+0300: 269.270: [GC (Allocation Failure) 2024-10-04T02:49:40.113+0300: 269.270: [DefNew: 1126028K->9269K(1258304K), 0.0076783 secs] 1138115K->21355K(4054528K), 0.0077549 secs] [Times: user=0.00 sys=0.00, real=0.02 secs] 
2024-10-04T02:49:40.129+0300: 269.278: Total time for which application threads were stopped: 0.0080940 seconds, Stopping threads took: 0.0002068 seconds
2024-10-04T02:49:40.474+0300: 269.627: Application time: 0.3492462 seconds
2024-10-04T02:49:40.474+0300: 269.628: [GC (Allocation Failure) 2024-10-04T02:49:40.474+0300: 269.628: [DefNew: 1127797K->5618K(1258304K), 0.0032197 secs] 1139883K->17705K(4054528K), 0.0032888 secs] [Times: user=0.00 sys=0.00, real=0.00 secs] 
2024-10-04T02:49:40.474+0300: 269.631: Total time for which application threads were stopped: 0.0035926 seconds, Stopping threads took: 0.0001856 seconds
2024-10-04T02:49:40.819+0300: 269.977: Application time: 0.3461738 seconds
2024-10-04T02:49:40.819+0300: 269.978: [GC (Allocation Failure) 2024-10-04T02:49:40.819+0300: 269.978: [DefNew: 1124146K->5756K(1258304K), 0.0037712 secs] 1136233K->17843K(4054528K), 0.0038501 secs] [Times: user=0.00 sys=0.00, real=0.02 secs] 
2024-10-04T02:49:40.835+0300: 269.981: Total time for which application threads were stopped: 0.0042359 seconds, Stopping threads took: 0.0002170 seconds
2024-10-04T02:49:41.165+0300: 270.324: Application time: 0.3422159 seconds
2024-10-04T02:49:41.165+0300: 270.324: [GC (Allocation Failure) 2024-10-04T02:49:41.165+0300: 270.324: [DefNew: 1124284K->5502K(1258304K), 0.0032982 secs] 1136371K->17590K(4054528K), 0.0033735 secs] [Times: user=0.00 sys=0.00, real=0.02 secs] 
2024-10-04T02:49:41.180+0300: 270.327: Total time for which application threads were stopped: 0.0037203 seconds, Stopping threads took: 0.0002129 seconds
2024-10-04T02:49:41.510+0300: 270.656: Application time: 0.3288689 seconds
2024-10-04T02:49:41.510+0300: 270.657: [GC (Allocation Failure) 2024-10-04T02:49:41.510+0300: 270.657: [DefNew: 1124030K->5813K(1258304K), 0.0033370 secs] 1136118K->17901K(4054528K), 0.0034039 secs] [Times: user=0.00 sys=0.00, real=0.00 secs] 
2024-10-04T02:49:41.510+0300: 270.660: Total time for which application threads were stopped: 0.0036803 seconds, Stopping threads took: 0.0001581 seconds
2024-10-04T02:49:41.855+0300: 271.014: Application time: 0.3540014 seconds
2024-10-04T02:49:41.855+0300: 271.014: [GC (Allocation Failure) 2024-10-04T02:49:41.855+0300: 271.014: [DefNew: 1124341K->5996K(1258304K), 0.0036460 secs] 1136429K->18084K(4054528K), 0.0037186 secs] [Times: user=0.00 sys=0.00, real=0.02 secs] 
2024-10-04T02:49:41.871+0300: 271.018: Total time for which application threads were stopped: 0.0041105 seconds, Stopping threads took: 0.0002248 seconds
2024-10-04T02:49:42.219+0300: 271.368: Application time: 0.3496078 seconds
2024-10-04T02:49:42.219+0300: 271.368: [GC (Allocation Failure) 2024-10-04T02:49:42.219+0300: 271.368: [DefNew: 1124524K->5684K(1258304K), 0.0033279 secs] 1136612K->17772K(4054528K), 0.0033991 secs] [Times: user=0.00 sys=0.00, real=0.00 secs] 
2024-10-04T02:49:42.219+0300: 271.371: Total time for which application threads were stopped: 0.0036714 seconds, Stopping threads took: 0.0001519 seconds
2024-10-04T02:49:42.561+0300: 271.709: Application time: 0.3371870 seconds
2024-10-04T02:49:42.561+0300: 271.709: [GC (Allocation Failure) 2024-10-04T02:49:42.561+0300: 271.709: [DefNew: 1124212K->5522K(1258304K), 0.0031722 secs] 1136300K->17611K(4054528K), 0.0032435 secs] [Times: user=0.00 sys=0.00, real=0.00 secs] 
2024-10-04T02:49:42.561+0300: 271.712: Total time for which application threads were stopped: 0.0035220 seconds, Stopping threads took: 0.0001622 seconds
2024-10-04T02:49:42.907+0300: 272.053: Application time: 0.3404378 seconds
2024-10-04T02:49:42.907+0300: 272.053: [GC (Allocation Failure) 2024-10-04T02:49:42.907+0300: 272.053: [DefNew: 1124050K->7418K(1258304K), 0.0052550 secs] 1136139K->19507K(4054528K), 0.0053319 secs] [Times: user=0.00 sys=0.00, real=0.00 secs] 
2024-10-04T02:49:42.907+0300: 272.058: Total time for which application threads were stopped: 0.0056307 seconds, Stopping threads took: 0.0001560 seconds
2024-10-04T02:49:43.252+0300: 272.398: Application time: 0.3394946 seconds
2024-10-04T02:49:43.252+0300: 272.398: [GC (Allocation Failure) 2024-10-04T02:49:43.252+0300: 272.398: [DefNew: 1125946K->11316K(1258304K), 0.0106325 secs] 1138035K->23406K(4054528K), 0.0107023 secs] [Times: user=0.00 sys=0.00, real=0.00 secs] 
2024-10-04T02:49:43.252+0300: 272.409: Total time for which application threads were stopped: 0.0109642 seconds, Stopping threads took: 0.0001389 seconds
2024-10-04T02:49:43.597+0300: 272.756: Application time: 0.3468739 seconds
2024-10-04T02:49:43.597+0300: 272.756: [GC (Allocation Failure) 2024-10-04T02:49:43.597+0300: 272.756: [DefNew: 1129844K->5526K(1258304K), 0.0032981 secs] 1141934K->17616K(4054528K), 0.0033667 secs] [Times: user=0.00 sys=0.00, real=0.02 secs] 
2024-10-04T02:49:43.613+0300: 272.759: Total time for which application threads were stopped: 0.0036720 seconds, Stopping threads took: 0.0001856 seconds
2024-10-04T02:49:43.959+0300: 273.111: Application time: 0.3515349 seconds
2024-10-04T02:49:43.959+0300: 273.111: [GC (Allocation Failure) 2024-10-04T02:49:43.959+0300: 273.111: [DefNew: 1124054K->5674K(1258304K), 0.0033676 secs] 1136144K->17764K(4054528K), 0.0034480 secs] [Times: user=0.00 sys=0.00, real=0.00 secs] 
2024-10-04T02:49:43.959+0300: 273.115: Total time for which application threads were stopped: 0.0037802 seconds, Stopping threads took: 0.0001946 seconds
2024-10-04T02:49:44.304+0300: 273.453: Application time: 0.3387728 seconds
2024-10-04T02:49:44.304+0300: 273.454: [GC (Allocation Failure) 2024-10-04T02:49:44.304+0300: 273.454: [DefNew: 1124202K->7380K(1258304K), 0.0052139 secs] 1136292K->19471K(4054528K), 0.0052808 secs] [Times: user=0.00 sys=0.00, real=0.00 secs] 
2024-10-04T02:49:44.304+0300: 273.459: Total time for which application threads were stopped: 0.0055975 seconds, Stopping threads took: 0.0001852 seconds
2024-10-04T02:49:44.634+0300: 273.789: Application time: 0.3304127 seconds
2024-10-04T02:49:44.634+0300: 273.790: [GC (Allocation Failure) 2024-10-04T02:49:44.634+0300: 273.790: [DefNew: 1125908K->5695K(1258304K), 0.0032213 secs] 1137999K->17786K(4054528K), 0.0032977 secs] [Times: user=0.00 sys=0.00, real=0.00 secs] 
2024-10-04T02:49:44.634+0300: 273.793: Total time for which application threads were stopped: 0.0035599 seconds, Stopping threads took: 0.0001495 seconds
2024-10-04T02:49:44.995+0300: 274.142: Application time: 0.3494497 seconds
2024-10-04T02:49:44.995+0300: 274.143: [GC (Allocation Failure) 2024-10-04T02:49:44.995+0300: 274.143: [DefNew: 1124223K->7564K(1258304K), 0.0052091 secs] 1136314K->19655K(4054528K), 0.0052801 secs] [Times: user=0.00 sys=0.00, real=0.00 secs] 
2024-10-04T02:49:44.995+0300: 274.148: Total time for which application threads were stopped: 0.0055912 seconds, Stopping threads took: 0.0001768 seconds
2024-10-04T02:49:45.340+0300: 274.497: Application time: 0.3493315 seconds
2024-10-04T02:49:45.340+0300: 274.498: [GC (Allocation Failure) 2024-10-04T02:49:45.340+0300: 274.498: [DefNew: 1126092K->5522K(1258304K), 0.0031630 secs] 1138183K->17613K(4054528K), 0.0032300 secs] [Times: user=0.00 sys=0.00, real=0.00 secs] 
2024-10-04T02:49:45.340+0300: 274.501: Total time for which application threads were stopped: 0.0035378 seconds, Stopping threads took: 0.0001861 seconds
2024-10-04T02:49:45.685+0300: 274.843: Application time: 0.3426433 seconds
2024-10-04T02:49:45.685+0300: 274.844: [GC (Allocation Failure) 2024-10-04T02:49:45.685+0300: 274.844: [DefNew: 1124050K->5598K(1258304K), 0.0033673 secs] 1136141K->17690K(4054528K), 0.0034332 secs] [Times: user=0.00 sys=0.00, real=0.02 secs] 
2024-10-04T02:49:45.701+0300: 274.847: Total time for which application threads were stopped: 0.0037592 seconds, Stopping threads took: 0.0002025 seconds
2024-10-04T02:49:46.031+0300: 275.187: Application time: 0.3397252 seconds
2024-10-04T02:49:46.031+0300: 275.187: [GC (Allocation Failure) 2024-10-04T02:49:46.031+0300: 275.187: [DefNew: 1124126K->6794K(1258304K), 0.0047081 secs] 1136218K->18886K(4054528K), 0.0047952 secs] [Times: user=0.00 sys=0.00, real=0.02 secs] 
2024-10-04T02:49:46.047+0300: 275.192: Total time for which application threads were stopped: 0.0050762 seconds, Stopping threads took: 0.0001418 seconds
2024-10-04T02:49:46.376+0300: 275.525: Application time: 0.3333458 seconds
2024-10-04T02:49:46.376+0300: 275.526: [GC (Allocation Failure) 2024-10-04T02:49:46.376+0300: 275.526: [DefNew: 1125322K->7769K(1258304K), 0.0052221 secs] 1137414K->19861K(4054528K), 0.0052963 secs] [Times: user=0.00 sys=0.00, real=0.00 secs] 
2024-10-04T02:49:46.376+0300: 275.531: Total time for which application threads were stopped: 0.0056194 seconds, Stopping threads took: 0.0001631 seconds
2024-10-04T02:49:46.729+0300: 275.879: Application time: 0.3477462 seconds
2024-10-04T02:49:46.729+0300: 275.879: [GC (Allocation Failure) 2024-10-04T02:49:46.729+0300: 275.879: [DefNew: 1126297K->5604K(1258304K), 0.0031746 secs] 1138389K->17697K(4054528K), 0.0032410 secs] [Times: user=0.00 sys=0.00, real=0.00 secs] 
2024-10-04T02:49:46.729+0300: 275.882: Total time for which application threads were stopped: 0.0035504 seconds, Stopping threads took: 0.0001957 seconds
2024-10-04T02:49:47.083+0300: 276.238: Application time: 0.3554890 seconds
2024-10-04T02:49:47.083+0300: 276.238: [GC (Allocation Failure) 2024-10-04T02:49:47.083+0300: 276.238: [DefNew: 1124132K->5419K(1258304K), 0.0032680 secs] 1136225K->17512K(4054528K), 0.0033420 secs] [Times: user=0.00 sys=0.00, real=0.00 secs] 
2024-10-04T02:49:47.083+0300: 276.241: Total time for which application threads were stopped: 0.0036854 seconds, Stopping threads took: 0.0002079 seconds
2024-10-04T02:49:47.430+0300: 276.578: Application time: 0.3369512 seconds
2024-10-04T02:49:47.430+0300: 276.579: [GC (Allocation Failure) 2024-10-04T02:49:47.430+0300: 276.579: [DefNew: 1123947K->5707K(1258304K), 0.0033709 secs] 1136040K->17800K(4054528K), 0.0034402 secs] [Times: user=0.00 sys=0.00, real=0.00 secs] 
2024-10-04T02:49:47.430+0300: 276.582: Total time for which application threads were stopped: 0.0037555 seconds, Stopping threads took: 0.0001887 seconds
2024-10-04T02:49:47.759+0300: 276.916: Application time: 0.3339948 seconds
2024-10-04T02:49:47.759+0300: 276.916: [GC (Allocation Failure) 2024-10-04T02:49:47.759+0300: 276.916: [DefNew: 1124235K->5845K(1258304K), 0.0032907 secs] 1136328K->17938K(4054528K), 0.0033738 secs] [Times: user=0.00 sys=0.00, real=0.01 secs] 
2024-10-04T02:49:47.774+0300: 276.920: Total time for which application threads were stopped: 0.0036278 seconds, Stopping threads took: 0.0001324 seconds
2024-10-04T02:49:48.120+0300: 277.270: Application time: 0.3506615 seconds
2024-10-04T02:49:48.120+0300: 277.271: [GC (Allocation Failure) 2024-10-04T02:49:48.120+0300: 277.271: [DefNew: 1124373K->7634K(1258304K), 0.0051605 secs] 1136466K->19728K(4054528K), 0.0052305 secs] [Times: user=0.00 sys=0.00, real=0.00 secs] 
2024-10-04T02:49:48.120+0300: 277.276: Total time for which application threads were stopped: 0.0055608 seconds, Stopping threads took: 0.0001960 seconds
2024-10-04T02:49:48.466+0300: 277.623: Application time: 0.3465657 seconds
2024-10-04T02:49:48.466+0300: 277.623: [GC (Allocation Failure) 2024-10-04T02:49:48.466+0300: 277.623: [DefNew: 1126162K->5641K(1258304K), 0.0034118 secs] 1138256K->17735K(4054528K), 0.0034886 secs] [Times: user=0.00 sys=0.00, real=0.01 secs] 
2024-10-04T02:49:48.481+0300: 277.626: Total time for which application threads were stopped: 0.0038213 seconds, Stopping threads took: 0.0001915 seconds
2024-10-04T02:49:48.811+0300: 277.969: Application time: 0.3430663 seconds
2024-10-04T02:49:48.811+0300: 277.970: [GC (Allocation Failure) 2024-10-04T02:49:48.811+0300: 277.970: [DefNew: 1124169K->5754K(1258304K), 0.0037959 secs] 1136263K->17848K(4054528K), 0.0038908 secs] [Times: user=0.02 sys=0.00, real=0.01 secs] 
2024-10-04T02:49:48.826+0300: 277.974: Total time for which application threads were stopped: 0.0042843 seconds, Stopping threads took: 0.0002085 seconds
2024-10-04T02:49:48.999+0300: 278.148: Application time: 0.1741361 seconds
2024-10-04T02:49:48.999+0300: 278.148: Total time for which application threads were stopped: 0.0002446 seconds, Stopping threads took: 0.0001647 seconds
2024-10-04T02:49:49.188+0300: 278.334: Application time: 0.1853862 seconds
2024-10-04T02:49:49.188+0300: 278.334: [GC (Allocation Failure) 2024-10-04T02:49:49.188+0300: 278.334: [DefNew: 1124282K->9084K(1258304K), 0.0071733 secs] 1136376K->21178K(4054528K), 0.0072349 secs] [Times: user=0.00 sys=0.00, real=0.00 secs] 
2024-10-04T02:49:49.188+0300: 278.341: Total time for which application threads were stopped: 0.0074696 seconds, Stopping threads took: 0.0001172 seconds
2024-10-04T02:49:49.408+0300: 278.559: Application time: 0.2184374 seconds
2024-10-04T02:49:49.408+0300: 278.560: Total time for which application threads were stopped: 0.0002419 seconds, Stopping threads took: 0.0001475 seconds
2024-10-04T02:49:49.408+0300: 278.563: Application time: 0.0038090 seconds
2024-10-04T02:49:49.408+0300: 278.564: Total time for which application threads were stopped: 0.0001325 seconds, Stopping threads took: 0.0000787 seconds
2024-10-04T02:49:49.408+0300: 278.567: Application time: 0.0036684 seconds
2024-10-04T02:49:49.408+0300: 278.567: Total time for which application threads were stopped: 0.0000878 seconds, Stopping threads took: 0.0000499 seconds
2024-10-04T02:49:49.471+0300: 278.618: Application time: 0.0501137 seconds
2024-10-04T02:49:49.486+0300: 278.632: Total time for which application threads were stopped: 0.0142079 seconds, Stopping threads took: 0.0140334 seconds
2024-10-04T02:49:49.660+0300: 278.813: Application time: 0.1810623 seconds
2024-10-04T02:49:49.660+0300: 278.813: [GC (Allocation Failure) 2024-10-04T02:49:49.660+0300: 278.813: [DefNew: 1127612K->6854K(1258304K), 0.0052091 secs] 1139706K->18949K(4054528K), 0.0052928 secs] [Times: user=0.00 sys=0.00, real=0.00 secs] 
2024-10-04T02:49:49.660+0300: 278.818: Total time for which application threads were stopped: 0.0056125 seconds, Stopping threads took: 0.0001535 seconds
2024-10-04T02:49:49.989+0300: 279.150: Application time: 0.3312504 seconds
2024-10-04T02:49:50.005+0300: 279.150: [GC (Allocation Failure) 2024-10-04T02:49:50.005+0300: 279.150: [DefNew: 1125382K->7038K(1258304K), 0.0049374 secs] 1137477K->19133K(4054528K), 0.0050340 secs] [Times: user=0.00 sys=0.00, real=0.00 secs] 
2024-10-04T02:49:50.005+0300: 279.155: Total time for which application threads were stopped: 0.0054600 seconds, Stopping threads took: 0.0002565 seconds
2024-10-04T02:49:50.337+0300: 279.494: Application time: 0.3392888 seconds
2024-10-04T02:49:50.337+0300: 279.495: [GC (Allocation Failure) 2024-10-04T02:49:50.337+0300: 279.495: [DefNew: 1125566K->8279K(1258304K), 0.0051188 secs] 1137661K->20375K(4054528K), 0.0051870 secs] [Times: user=0.00 sys=0.00, real=0.01 secs] 
2024-10-04T02:49:50.350+0300: 279.500: Total time for which application threads were stopped: 0.0054905 seconds, Stopping threads took: 0.0001626 seconds
2024-10-04T02:49:50.695+0300: 279.845: Application time: 0.3449105 seconds
2024-10-04T02:49:50.695+0300: 279.845: [GC (Allocation Failure) 2024-10-04T02:49:50.695+0300: 279.845: [DefNew: 1126807K->6665K(1258304K), 0.0043695 secs] 1138903K->18761K(4054528K), 0.0044392 secs] [Times: user=0.00 sys=0.00, real=0.00 secs] 
2024-10-04T02:49:50.695+0300: 279.850: Total time for which application threads were stopped: 0.0047559 seconds, Stopping threads took: 0.0001942 seconds
2024-10-04T02:49:51.041+0300: 280.200: Application time: 0.3507854 seconds
2024-10-04T02:49:51.041+0300: 280.201: [GC (Allocation Failure) 2024-10-04T02:49:51.041+0300: 280.201: [DefNew: 1125193K->6989K(1258304K), 0.0045252 secs] 1137289K->19085K(4054528K), 0.0046088 secs] [Times: user=0.00 sys=0.00, real=0.02 secs] 
2024-10-04T02:49:51.057+0300: 280.205: Total time for which application threads were stopped: 0.0050708 seconds, Stopping threads took: 0.0002769 seconds
2024-10-04T02:49:51.386+0300: 280.543: Application time: 0.3377348 seconds
2024-10-04T02:49:51.386+0300: 280.543: [GC (Allocation Failure) 2024-10-04T02:49:51.386+0300: 280.544: [DefNew: 1125517K->6926K(1258304K), 0.0046227 secs] 1137613K->19022K(4054528K), 0.0046983 secs] [Times: user=0.00 sys=0.00, real=0.02 secs] 
2024-10-04T02:49:51.402+0300: 280.548: Total time for which application threads were stopped: 0.0050384 seconds, Stopping threads took: 0.0002149 seconds
2024-10-04T02:49:51.716+0300: 280.876: Application time: 0.3273325 seconds
2024-10-04T02:49:51.716+0300: 280.876: [GC (Allocation Failure) 2024-10-04T02:49:51.716+0300: 280.876: [DefNew: 1125454K->7008K(1258304K), 0.0044867 secs] 1137550K->19105K(4054528K), 0.0045634 secs] [Times: user=0.00 sys=0.00, real=0.01 secs] 
2024-10-04T02:49:51.731+0300: 280.880: Total time for which application threads were stopped: 0.0048711 seconds, Stopping threads took: 0.0001663 seconds
2024-10-04T02:49:52.077+0300: 281.236: Application time: 0.3552552 seconds
2024-10-04T02:49:52.077+0300: 281.236: [GC (Allocation Failure) 2024-10-04T02:49:52.077+0300: 281.236: [DefNew: 1125536K->6967K(1258304K), 0.0046334 secs] 1137633K->19065K(4054528K), 0.0047175 secs] [Times: user=0.00 sys=0.00, real=0.02 secs] 
2024-10-04T02:49:52.093+0300: 281.241: Total time for which application threads were stopped: 0.0050822 seconds, Stopping threads took: 0.0002128 seconds
2024-10-04T02:49:52.442+0300: 281.589: Application time: 0.3487740 seconds
2024-10-04T02:49:52.442+0300: 281.590: [GC (Allocation Failure) 2024-10-04T02:49:52.442+0300: 281.590: [DefNew: 1125495K->6745K(1258304K), 0.0046809 secs] 1137593K->18842K(4054528K), 0.0047866 secs] [Times: user=0.00 sys=0.00, real=0.00 secs] 
2024-10-04T02:49:52.442+0300: 281.595: Total time for which application threads were stopped: 0.0050933 seconds, Stopping threads took: 0.0001453 seconds
2024-10-04T02:49:52.784+0300: 281.935: Application time: 0.3399269 seconds
2024-10-04T02:49:52.784+0300: 281.935: [GC (Allocation Failure) 2024-10-04T02:49:52.784+0300: 281.935: [DefNew: 1125273K->6748K(1258304K), 0.0043733 secs] 1137370K->18846K(4054528K), 0.0044420 secs] [Times: user=0.00 sys=0.00, real=0.00 secs] 
2024-10-04T02:49:52.784+0300: 281.939: Total time for which application threads were stopped: 0.0047882 seconds, Stopping threads took: 0.0001963 seconds
2024-10-04T02:49:53.130+0300: 282.275: Application time: 0.3355943 seconds
2024-10-04T02:49:53.130+0300: 282.275: [GC (Allocation Failure) 2024-10-04T02:49:53.130+0300: 282.275: [DefNew: 1125276K->6825K(1258304K), 0.0042073 secs] 1137374K->18923K(4054528K), 0.0042820 secs] [Times: user=0.00 sys=0.00, real=0.00 secs] 
2024-10-04T02:49:53.130+0300: 282.280: Total time for which application threads were stopped: 0.0045663 seconds, Stopping threads took: 0.0001483 seconds
2024-10-04T02:49:53.474+0300: 282.626: Application time: 0.3461566 seconds
2024-10-04T02:49:53.474+0300: 282.626: [GC (Allocation Failure) 2024-10-04T02:49:53.474+0300: 282.626: [DefNew: 1125353K->8286K(1258304K), 0.0059033 secs] 1137451K->20384K(4054528K), 0.0059671 secs] [Times: user=0.00 sys=0.00, real=0.00 secs] 
2024-10-04T02:49:53.474+0300: 282.632: Total time for which application threads were stopped: 0.0062896 seconds, Stopping threads took: 0.0002008 seconds
2024-10-04T02:49:53.835+0300: 282.980: Application time: 0.3482758 seconds
2024-10-04T02:49:53.835+0300: 282.981: [GC (Allocation Failure) 2024-10-04T02:49:53.835+0300: 282.981: [DefNew: 1126814K->6848K(1258304K), 0.0046162 secs] 1138912K->18946K(4054528K), 0.0046905 secs] [Times: user=0.00 sys=0.00, real=0.00 secs] 
2024-10-04T02:49:53.835+0300: 282.985: Total time for which application threads were stopped: 0.0050719 seconds, Stopping threads took: 0.0002274 seconds
2024-10-04T02:49:54.181+0300: 283.331: Application time: 0.3459979 seconds
2024-10-04T02:49:54.181+0300: 283.332: [GC (Allocation Failure) 2024-10-04T02:49:54.181+0300: 283.332: [DefNew: 1125376K->6662K(1258304K), 0.0045459 secs] 1137474K->18761K(4054528K), 0.0046209 secs] [Times: user=0.00 sys=0.00, real=0.00 secs] 
2024-10-04T02:49:54.181+0300: 283.336: Total time for which application threads were stopped: 0.0048968 seconds, Stopping threads took: 0.0001463 seconds
2024-10-04T02:49:54.511+0300: 283.669: Application time: 0.3329928 seconds
2024-10-04T02:49:54.511+0300: 283.670: [GC (Allocation Failure) 2024-10-04T02:49:54.511+0300: 283.670: [DefNew: 1125190K->6956K(1258304K), 0.0045437 secs] 1137289K->19132K(4054528K), 0.0046169 secs] [Times: user=0.00 sys=0.00, real=0.02 secs] 
2024-10-04T02:49:54.527+0300: 283.674: Total time for which application threads were stopped: 0.0049555 seconds, Stopping threads took: 0.0002086 seconds
2024-10-04T02:49:54.857+0300: 284.017: Application time: 0.3425184 seconds
2024-10-04T02:49:54.857+0300: 284.017: [GC (Allocation Failure) 2024-10-04T02:49:54.857+0300: 284.017: [DefNew: 1125484K->5934K(1258304K), 0.0048500 secs] 1137660K->19282K(4054528K), 0.0049381 secs] [Times: user=0.00 sys=0.00, real=0.01 secs] 
2024-10-04T02:49:54.872+0300: 284.022: Total time for which application threads were stopped: 0.0052860 seconds, Stopping threads took: 0.0002217 seconds
2024-10-04T02:49:55.217+0300: 284.371: Application time: 0.3491595 seconds
2024-10-04T02:49:55.217+0300: 284.371: [GC (Allocation Failure) 2024-10-04T02:49:55.217+0300: 284.371: [DefNew: 1124462K->6272K(1258304K), 0.0041208 secs] 1137810K->19620K(4054528K), 0.0041962 secs] [Times: user=0.00 sys=0.00, real=0.00 secs] 
2024-10-04T02:49:55.217+0300: 284.376: Total time for which application threads were stopped: 0.0044996 seconds, Stopping threads took: 0.0001767 seconds
2024-10-04T02:49:55.578+0300: 284.730: Application time: 0.3544190 seconds
2024-10-04T02:49:55.578+0300: 284.730: [GC (Allocation Failure) 2024-10-04T02:49:55.578+0300: 284.730: [DefNew: 1124800K->5738K(1258304K), 0.0036340 secs] 1138148K->19085K(4054528K), 0.0037136 secs] [Times: user=0.00 sys=0.00, real=0.00 secs] 
2024-10-04T02:49:55.578+0300: 284.734: Total time for which application threads were stopped: 0.0040244 seconds, Stopping threads took: 0.0001833 seconds
2024-10-04T02:49:55.940+0300: 285.086: Application time: 0.3520457 seconds
2024-10-04T02:49:55.940+0300: 285.086: [GC (Allocation Failure) 2024-10-04T02:49:55.940+0300: 285.086: [DefNew: 1124266K->5673K(1258304K), 0.0036285 secs] 1137613K->19021K(4054528K), 0.0037080 secs] [Times: user=0.00 sys=0.00, real=0.00 secs] 
2024-10-04T02:49:55.940+0300: 285.090: Total time for which application threads were stopped: 0.0039980 seconds, Stopping threads took: 0.0001478 seconds
2024-10-04T02:49:56.270+0300: 285.423: Application time: 0.3329173 seconds
2024-10-04T02:49:56.270+0300: 285.423: [GC (Allocation Failure) 2024-10-04T02:49:56.270+0300: 285.423: [DefNew: 1124201K->7387K(1258304K), 0.0055182 secs] 1137549K->20736K(4054528K), 0.0055946 secs] [Times: user=0.00 sys=0.00, real=0.00 secs] 
2024-10-04T02:49:56.270+0300: 285.429: Total time for which application threads were stopped: 0.0059400 seconds, Stopping threads took: 0.0002137 seconds
2024-10-04T02:49:56.615+0300: 285.762: Application time: 0.3325337 seconds
2024-10-04T02:49:56.615+0300: 285.762: [GC (Allocation Failure) 2024-10-04T02:49:56.615+0300: 285.762: [DefNew: 1125915K->9767K(1258304K), 0.0082296 secs] 1139264K->23116K(4054528K), 0.0083023 secs] [Times: user=0.00 sys=0.00, real=0.00 secs] 
2024-10-04T02:49:56.615+0300: 285.770: Total time for which application threads were stopped: 0.0085627 seconds, Stopping threads took: 0.0001351 seconds
2024-10-04T02:49:56.976+0300: 286.133: Application time: 0.3625551 seconds
2024-10-04T02:49:56.976+0300: 286.133: [GC (Allocation Failure) 2024-10-04T02:49:56.976+0300: 286.133: [DefNew: 1128295K->6143K(1258304K), 0.0045123 secs] 1141644K->19492K(4054528K), 0.0045951 secs] [Times: user=0.00 sys=0.00, real=0.01 secs] 
2024-10-04T02:49:56.991+0300: 286.138: Total time for which application threads were stopped: 0.0049967 seconds, Stopping threads took: 0.0002405 seconds
2024-10-04T02:49:57.337+0300: 286.486: Application time: 0.3479052 seconds
2024-10-04T02:49:57.337+0300: 286.486: [GC (Allocation Failure) 2024-10-04T02:49:57.337+0300: 286.486: [DefNew: 1124503K->5463K(1258304K), 0.0032138 secs] 1137852K->18812K(4054528K), 0.0032828 secs] [Times: user=0.00 sys=0.00, real=0.00 secs] 
2024-10-04T02:49:57.337+0300: 286.489: Total time for which application threads were stopped: 0.0035365 seconds, Stopping threads took: 0.0001418 seconds
2024-10-04T02:49:57.698+0300: 286.851: Application time: 0.3621243 seconds
2024-10-04T02:49:57.698+0300: 286.852: [GC (Allocation Failure) 2024-10-04T02:49:57.698+0300: 286.852: [DefNew: 1123991K->5684K(1258304K), 0.0034856 secs] 1137340K->19034K(4054528K), 0.0035543 secs] [Times: user=0.00 sys=0.00, real=0.00 secs] 
2024-10-04T02:49:57.698+0300: 286.855: Total time for which application threads were stopped: 0.0038706 seconds, Stopping threads took: 0.0001835 seconds
2024-10-04T02:49:58.106+0300: 287.252: Application time: 0.3965592 seconds
2024-10-04T02:49:58.106+0300: 287.252: [GC (Allocation Failure) 2024-10-04T02:49:58.106+0300: 287.252: [DefNew: 1124212K->5484K(1258304K), 0.0034048 secs] 1137562K->18835K(4054528K), 0.0034758 secs] [Times: user=0.00 sys=0.00, real=0.00 secs] 
2024-10-04T02:49:58.106+0300: 287.255: Total time for which application threads were stopped: 0.0038072 seconds, Stopping threads took: 0.0001918 seconds
2024-10-04T02:49:58.451+0300: 287.600: Application time: 0.3445491 seconds
2024-10-04T02:49:58.451+0300: 287.600: [GC (Allocation Failure) 2024-10-04T02:49:58.451+0300: 287.600: [DefNew: 1124012K->6002K(1258304K), 0.0038323 secs] 1137363K->19352K(4054528K), 0.0039103 secs] [Times: user=0.00 sys=0.00, real=0.01 secs] 
2024-10-04T02:49:58.457+0300: 287.604: Total time for which application threads were stopped: 0.0042326 seconds, Stopping threads took: 0.0001805 seconds
2024-10-04T02:49:58.813+0300: 287.960: Application time: 0.3558743 seconds
2024-10-04T02:49:58.813+0300: 287.960: [GC (Allocation Failure) 2024-10-04T02:49:58.813+0300: 287.960: [DefNew: 1124530K->5874K(1258304K), 0.0037664 secs] 1137880K->19225K(4054528K), 0.0038398 secs] [Times: user=0.00 sys=0.00, real=0.00 secs] 
2024-10-04T02:49:58.813+0300: 287.964: Total time for which application threads were stopped: 0.0040543 seconds, Stopping threads took: 0.0000809 seconds
2024-10-04T02:49:59.159+0300: 288.312: Application time: 0.3479451 seconds
2024-10-04T02:49:59.159+0300: 288.312: [GC (Allocation Failure) 2024-10-04T02:49:59.159+0300: 288.312: [DefNew: 1124402K->5488K(1258304K), 0.0031124 secs] 1137753K->18839K(4054528K), 0.0031843 secs] [Times: user=0.00 sys=0.00, real=0.00 secs] 
2024-10-04T02:49:59.159+0300: 288.316: Total time for which application threads were stopped: 0.0034900 seconds, Stopping threads took: 0.0001852 seconds
2024-10-04T02:49:59.520+0300: 288.674: Application time: 0.3582686 seconds
2024-10-04T02:49:59.520+0300: 288.674: [GC (Allocation Failure) 2024-10-04T02:49:59.520+0300: 288.674: [DefNew: 1124016K->5621K(1258304K), 0.0039792 secs] 1137367K->18972K(4054528K), 0.0040749 secs] [Times: user=0.02 sys=0.00, real=0.00 secs] 
2024-10-04T02:49:59.520+0300: 288.678: Total time for which application threads were stopped: 0.0044682 seconds, Stopping threads took: 0.0002100 seconds
2024-10-04T02:49:59.881+0300: 289.029: Application time: 0.3507161 seconds
2024-10-04T02:49:59.881+0300: 289.029: [GC (Allocation Failure) 2024-10-04T02:49:59.881+0300: 289.029: [DefNew: 1124149K->7079K(1258304K), 0.0062734 secs] 1137500K->20431K(4054528K), 0.0063569 secs] [Times: user=0.00 sys=0.00, real=0.00 secs] 
2024-10-04T02:49:59.881+0300: 289.036: Total time for which application threads were stopped: 0.0065706 seconds, Stopping threads took: 0.0000893 seconds
2024-10-04T02:50:00.226+0300: 289.384: Application time: 0.3486529 seconds
2024-10-04T02:50:00.226+0300: 289.385: [GC (Allocation Failure) 2024-10-04T02:50:00.226+0300: 289.385: [DefNew: 1125607K->9491K(1258304K), 0.0080778 secs] 1138959K->22843K(4054528K), 0.0081637 secs] [Times: user=0.00 sys=0.00, real=0.01 secs] 
2024-10-04T02:50:00.241+0300: 289.393: Total time for which application threads were stopped: 0.0084293 seconds, Stopping threads took: 0.0001340 seconds
2024-10-04T02:50:00.587+0300: 289.745: Application time: 0.3519233 seconds
2024-10-04T02:50:00.587+0300: 289.745: [GC (Allocation Failure) 2024-10-04T02:50:00.587+0300: 289.745: [DefNew: 1128019K->5702K(1258304K), 0.0037089 secs] 1141371K->19054K(4054528K), 0.0037842 secs] [Times: user=0.00 sys=0.00, real=0.02 secs] 
2024-10-04T02:50:00.603+0300: 289.749: Total time for which application threads were stopped: 0.0041377 seconds, Stopping threads took: 0.0002235 seconds
2024-10-04T02:50:00.964+0300: 290.112: Application time: 0.3634154 seconds
2024-10-04T02:50:00.964+0300: 290.113: [GC (Allocation Failure) 2024-10-04T02:50:00.964+0300: 290.113: [DefNew: 1124230K->5636K(1258304K), 0.0036275 secs] 1137582K->18988K(4054528K), 0.0037066 secs] [Times: user=0.00 sys=0.00, real=0.00 secs] 
2024-10-04T02:50:00.964+0300: 290.116: Total time for which application threads were stopped: 0.0040210 seconds, Stopping threads took: 0.0001819 seconds
2024-10-04T02:50:01.309+0300: 290.464: Application time: 0.3476128 seconds
2024-10-04T02:50:01.309+0300: 290.464: [GC (Allocation Failure) 2024-10-04T02:50:01.309+0300: 290.464: [DefNew: 1124164K->5815K(1258304K), 0.0035174 secs] 1137516K->19168K(4054528K), 0.0036057 secs] [Times: user=0.00 sys=0.00, real=0.00 secs] 
2024-10-04T02:50:01.309+0300: 290.468: Total time for which application threads were stopped: 0.0038479 seconds, Stopping threads took: 0.0000914 seconds
2024-10-04T02:50:01.654+0300: 290.804: Application time: 0.3360932 seconds
2024-10-04T02:50:01.654+0300: 290.804: [GC (Allocation Failure) 2024-10-04T02:50:01.654+0300: 290.804: [DefNew: 1124343K->5715K(1258304K), 0.0034525 secs] 1137696K->19068K(4054528K), 0.0035290 secs] [Times: user=0.00 sys=0.00, real=0.00 secs] 
2024-10-04T02:50:01.654+0300: 290.808: Total time for which application threads were stopped: 0.0038414 seconds, Stopping threads took: 0.0001901 seconds
2024-10-04T02:50:02.016+0300: 291.170: Application time: 0.3628020 seconds
2024-10-04T02:50:02.016+0300: 291.171: [GC (Allocation Failure) 2024-10-04T02:50:02.016+0300: 291.171: [DefNew: 1124243K->7750K(1258304K), 0.0064122 secs] 1137596K->21103K(4054528K), 0.0065149 secs] [Times: user=0.02 sys=0.00, real=0.01 secs] 
2024-10-04T02:50:02.031+0300: 291.177: Total time for which application threads were stopped: 0.0068374 seconds, Stopping threads took: 0.0001695 seconds
2024-10-04T02:50:02.377+0300: 291.529: Application time: 0.3512411 seconds
2024-10-04T02:50:02.377+0300: 291.529: [GC (Allocation Failure) 2024-10-04T02:50:02.377+0300: 291.529: [DefNew: 1126278K->5497K(1258304K), 0.0031146 secs] 1139631K->18851K(4054528K), 0.0031842 secs] [Times: user=0.00 sys=0.00, real=0.00 secs] 
2024-10-04T02:50:02.377+0300: 291.532: Total time for which application threads were stopped: 0.0034717 seconds, Stopping threads took: 0.0001595 seconds
2024-10-04T02:50:02.722+0300: 291.875: Application time: 0.3425442 seconds
2024-10-04T02:50:02.722+0300: 291.875: [GC (Allocation Failure) 2024-10-04T02:50:02.722+0300: 291.875: [DefNew: 1124025K->5559K(1258304K), 0.0032695 secs] 1137379K->18913K(4054528K), 0.0033366 secs] [Times: user=0.00 sys=0.00, real=0.00 secs] 
2024-10-04T02:50:02.722+0300: 291.878: Total time for which application threads were stopped: 0.0036708 seconds, Stopping threads took: 0.0002046 seconds
2024-10-04T02:50:03.068+0300: 292.224: Application time: 0.3455085 seconds
2024-10-04T02:50:03.068+0300: 292.224: [GC (Allocation Failure) 2024-10-04T02:50:03.068+0300: 292.224: [DefNew: 1124087K->5600K(1258304K), 0.0036966 secs] 1137441K->18955K(4054528K), 0.0037678 secs] [Times: user=0.00 sys=0.00, real=0.00 secs] 
2024-10-04T02:50:03.068+0300: 292.228: Total time for which application threads were stopped: 0.0040491 seconds, Stopping threads took: 0.0001451 seconds
2024-10-04T02:50:03.413+0300: 292.567: Application time: 0.3389094 seconds
2024-10-04T02:50:03.413+0300: 292.567: [GC (Allocation Failure) 2024-10-04T02:50:03.413+0300: 292.567: [DefNew: 1124128K->9019K(1258304K), 0.0076649 secs] 1137483K->22374K(4054528K), 0.0077428 secs] [Times: user=0.00 sys=0.00, real=0.02 secs] 
2024-10-04T02:50:03.429+0300: 292.575: Total time for which application threads were stopped: 0.0080489 seconds, Stopping threads took: 0.0001741 seconds
2024-10-04T02:50:03.770+0300: 292.918: Application time: 0.3435133 seconds
2024-10-04T02:50:03.770+0300: 292.919: [GC (Allocation Failure) 2024-10-04T02:50:03.770+0300: 292.919: [DefNew: 1127547K->5877K(1258304K), 0.0034434 secs] 1140902K->19232K(4054528K), 0.0035155 secs] [Times: user=0.00 sys=0.00, real=0.01 secs] 
2024-10-04T02:50:03.775+0300: 292.922: Total time for which application threads were stopped: 0.0038479 seconds, Stopping threads took: 0.0002023 seconds
2024-10-04T02:50:04.120+0300: 293.277: Application time: 0.3550805 seconds
2024-10-04T02:50:04.120+0300: 293.278: [GC (Allocation Failure) 2024-10-04T02:50:04.120+0300: 293.278: [DefNew: 1124405K->5376K(1258304K), 0.0037442 secs] 1137760K->18732K(4054528K), 0.0038232 secs] [Times: user=0.00 sys=0.00, real=0.02 secs] 
2024-10-04T02:50:04.136+0300: 293.281: Total time for which application threads were stopped: 0.0041826 seconds, Stopping threads took: 0.0002215 seconds
2024-10-04T02:50:04.471+0300: 293.621: Application time: 0.3396734 seconds
2024-10-04T02:50:04.471+0300: 293.621: [GC (Allocation Failure) 2024-10-04T02:50:04.471+0300: 293.621: [DefNew: 1123904K->5739K(1258304K), 0.0039246 secs] 1137260K->19095K(4054528K), 0.0040030 secs] [Times: user=0.00 sys=0.00, real=0.00 secs] 
2024-10-04T02:50:04.471+0300: 293.625: Total time for which application threads were stopped: 0.0043495 seconds, Stopping threads took: 0.0002121 seconds
2024-10-04T02:50:04.811+0300: 293.956: Application time: 0.3306176 seconds
2024-10-04T02:50:04.811+0300: 293.956: [GC (Allocation Failure) 2024-10-04T02:50:04.811+0300: 293.956: [DefNew: 1124267K->7337K(1258304K), 0.0061645 secs] 1137623K->20693K(4054528K), 0.0062524 secs] [Times: user=0.00 sys=0.00, real=0.00 secs] 
2024-10-04T02:50:04.811+0300: 293.963: Total time for which application threads were stopped: 0.0066267 seconds, Stopping threads took: 0.0001616 seconds
2024-10-04T02:50:05.156+0300: 294.314: Application time: 0.3511737 seconds
2024-10-04T02:50:05.156+0300: 294.314: [GC (Allocation Failure) 2024-10-04T02:50:05.156+0300: 294.314: [DefNew: 1125865K->7022K(1258304K), 0.0042084 secs] 1139221K->20378K(4054528K), 0.0042928 secs] [Times: user=0.00 sys=0.00, real=0.02 secs] 
2024-10-04T02:50:05.173+0300: 294.319: Total time for which application threads were stopped: 0.0046488 seconds, Stopping threads took: 0.0002309 seconds
2024-10-04T02:50:05.517+0300: 294.670: Application time: 0.3519342 seconds
2024-10-04T02:50:05.517+0300: 294.671: [GC (Allocation Failure) 2024-10-04T02:50:05.517+0300: 294.671: [DefNew: 1125550K->5812K(1258304K), 0.0039944 secs] 1138906K->19168K(4054528K), 0.0040693 secs] [Times: user=0.00 sys=0.00, real=0.00 secs] 
2024-10-04T02:50:05.517+0300: 294.675: Total time for which application threads were stopped: 0.0043524 seconds, Stopping threads took: 0.0001525 seconds
2024-10-04T02:50:05.878+0300: 295.031: Application time: 0.3558420 seconds
2024-10-04T02:50:05.878+0300: 295.031: [GC (Allocation Failure) 2024-10-04T02:50:05.878+0300: 295.031: [DefNew: 1124340K->5669K(1258304K), 0.0035896 secs] 1137696K->19026K(4054528K), 0.0036660 secs] [Times: user=0.00 sys=0.00, real=0.00 secs] 
2024-10-04T02:50:05.878+0300: 295.035: Total time for which application threads were stopped: 0.0040375 seconds, Stopping threads took: 0.0002419 seconds
2024-10-04T02:50:06.239+0300: 295.395: Application time: 0.3599591 seconds
2024-10-04T02:50:06.239+0300: 295.395: [GC (Allocation Failure) 2024-10-04T02:50:06.239+0300: 295.395: [DefNew: 1124197K->6878K(1258304K), 0.0057927 secs] 1137554K->20235K(4054528K), 0.0058667 secs] [Times: user=0.00 sys=0.00, real=0.02 secs] 
2024-10-04T02:50:06.255+0300: 295.401: Total time for which application threads were stopped: 0.0062244 seconds, Stopping threads took: 0.0001978 seconds
2024-10-04T02:50:06.585+0300: 295.737: Application time: 0.3356532 seconds
2024-10-04T02:50:06.585+0300: 295.737: [GC (Allocation Failure) 2024-10-04T02:50:06.585+0300: 295.737: [DefNew: 1125406K->8161K(1258304K), 0.0061024 secs] 1138763K->21519K(4054528K), 0.0061693 secs] [Times: user=0.00 sys=0.00, real=0.00 secs] 
2024-10-04T02:50:06.585+0300: 295.743: Total time for which application threads were stopped: 0.0064506 seconds, Stopping threads took: 0.0001663 seconds
2024-10-04T02:50:06.930+0300: 296.090: Application time: 0.3472085 seconds
2024-10-04T02:50:06.930+0300: 296.090: [GC (Allocation Failure) 2024-10-04T02:50:06.930+0300: 296.091: [DefNew: 1126689K->5606K(1258304K), 0.0038440 secs] 1140047K->18964K(4054528K), 0.0039397 secs] [Times: user=0.00 sys=0.00, real=0.02 secs] 
2024-10-04T02:50:06.946+0300: 296.094: Total time for which application threads were stopped: 0.0042396 seconds, Stopping threads took: 0.0001608 seconds
2024-10-04T02:50:07.291+0300: 296.447: Application time: 0.3530196 seconds
2024-10-04T02:50:07.291+0300: 296.448: [GC (Allocation Failure) 2024-10-04T02:50:07.291+0300: 296.448: [DefNew: 1124134K->5535K(1258304K), 0.0037573 secs] 1137492K->18894K(4054528K), 0.0038337 secs] [Times: user=0.00 sys=0.00, real=0.00 secs] 
2024-10-04T02:50:07.291+0300: 296.452: Total time for which application threads were stopped: 0.0041553 seconds, Stopping threads took: 0.0001908 seconds
2024-10-04T02:50:07.637+0300: 296.797: Application time: 0.3454129 seconds
2024-10-04T02:50:07.637+0300: 296.797: [GC (Allocation Failure) 2024-10-04T02:50:07.637+0300: 296.797: [DefNew: 1124063K->5739K(1258304K), 0.0038434 secs] 1137422K->19098K(4054528K), 0.0039278 secs] [Times: user=0.02 sys=0.00, real=0.02 secs] 
2024-10-04T02:50:07.653+0300: 296.801: Total time for which application threads were stopped: 0.0042508 seconds, Stopping threads took: 0.0001480 seconds
2024-10-04T02:50:07.983+0300: 297.142: Application time: 0.3405085 seconds
2024-10-04T02:50:07.983+0300: 297.142: [GC (Allocation Failure) 2024-10-04T02:50:07.983+0300: 297.142: [DefNew: 1124267K->7720K(1258304K), 0.0053193 secs] 1137626K->21078K(4054528K), 0.0053951 secs] [Times: user=0.00 sys=0.00, real=0.01 secs] 
2024-10-04T02:50:07.998+0300: 297.148: Total time for which application threads were stopped: 0.0058350 seconds, Stopping threads took: 0.0002276 seconds
2024-10-04T02:50:08.344+0300: 297.492: Application time: 0.3443740 seconds
2024-10-04T02:50:08.344+0300: 297.492: [GC (Allocation Failure) 2024-10-04T02:50:08.344+0300: 297.492: [DefNew: 1126248K->5934K(1258304K), 0.0036397 secs] 1139606K->19293K(4054528K), 0.0037081 secs] [Times: user=0.00 sys=0.00, real=0.00 secs] 
2024-10-04T02:50:08.344+0300: 297.496: Total time for which application threads were stopped: 0.0039701 seconds, Stopping threads took: 0.0001524 seconds
2024-10-04T02:50:08.705+0300: 297.851: Application time: 0.3552185 seconds
2024-10-04T02:50:08.705+0300: 297.851: [GC (Allocation Failure) 2024-10-04T02:50:08.705+0300: 297.851: [DefNew: 1124462K->5627K(1258304K), 0.0033417 secs] 1137821K->18986K(4054528K), 0.0034105 secs] [Times: user=0.00 sys=0.00, real=0.00 secs] 
2024-10-04T02:50:08.705+0300: 297.855: Total time for which application threads were stopped: 0.0036962 seconds, Stopping threads took: 0.0001470 seconds
2024-10-04T02:50:09.051+0300: 298.209: Application time: 0.3536471 seconds
2024-10-04T02:50:09.051+0300: 298.209: [GC (Allocation Failure) 2024-10-04T02:50:09.051+0300: 298.209: [DefNew: 1124155K->5615K(1258304K), 0.0042349 secs] 1137514K->18975K(4054528K), 0.0043143 secs] [Times: user=0.02 sys=0.00, real=0.02 secs] 
2024-10-04T02:50:09.067+0300: 298.213: Total time for which application threads were stopped: 0.0047038 seconds, Stopping threads took: 0.0002390 seconds
2024-10-04T02:50:09.412+0300: 298.569: Application time: 0.3561071 seconds
2024-10-04T02:50:09.412+0300: 298.570: [GC (Allocation Failure) 2024-10-04T02:50:09.412+0300: 298.570: [DefNew: 1124143K->5679K(1258304K), 0.0039126 secs] 1137503K->19039K(4054528K), 0.0039889 secs] [Times: user=0.00 sys=0.00, real=0.02 secs] 
2024-10-04T02:50:09.428+0300: 298.574: Total time for which application threads were stopped: 0.0044194 seconds, Stopping threads took: 0.0002572 seconds
2024-10-04T02:50:09.758+0300: 298.906: Application time: 0.3321373 seconds
2024-10-04T02:50:09.758+0300: 298.906: [GC (Allocation Failure) 2024-10-04T02:50:09.758+0300: 298.906: [DefNew: 1124207K->7342K(1258304K), 0.0054479 secs] 1137567K->20703K(4054528K), 0.0055310 secs] [Times: user=0.00 sys=0.00, real=0.00 secs] 
2024-10-04T02:50:09.758+0300: 298.912: Total time for which application threads were stopped: 0.0058129 seconds, Stopping threads took: 0.0001600 seconds
2024-10-04T02:50:10.120+0300: 299.274: Application time: 0.3618504 seconds
2024-10-04T02:50:10.120+0300: 299.274: [GC (Allocation Failure) 2024-10-04T02:50:10.120+0300: 299.274: [DefNew: 1125870K->5763K(1258304K), 0.0039641 secs] 1139231K->19124K(4054528K), 0.0040509 secs] [Times: user=0.00 sys=0.00, real=0.00 secs] 
2024-10-04T02:50:10.120+0300: 299.278: Total time for which application threads were stopped: 0.0044592 seconds, Stopping threads took: 0.0002734 seconds
2024-10-04T02:50:10.465+0300: 299.624: Application time: 0.3455199 seconds
2024-10-04T02:50:10.465+0300: 299.624: [GC (Allocation Failure) 2024-10-04T02:50:10.465+0300: 299.624: [DefNew: 1124291K->5584K(1258304K), 0.0035921 secs] 1137652K->18945K(4054528K), 0.0036610 secs] [Times: user=0.00 sys=0.00, real=0.02 secs] 
2024-10-04T02:50:10.481+0300: 299.628: Total time for which application threads were stopped: 0.0039860 seconds, Stopping threads took: 0.0001916 seconds
2024-10-04T02:50:10.811+0300: 299.967: Application time: 0.3391405 seconds
2024-10-04T02:50:10.811+0300: 299.967: [GC (Allocation Failure) 2024-10-04T02:50:10.811+0300: 299.967: [DefNew: 1124112K->5746K(1258304K), 0.0035429 secs] 1137473K->19107K(4054528K), 0.0036251 secs] [Times: user=0.00 sys=0.00, real=0.00 secs] 
2024-10-04T02:50:10.811+0300: 299.971: Total time for which application threads were stopped: 0.0040968 seconds, Stopping threads took: 0.0003201 seconds
2024-10-04T02:50:11.156+0300: 300.314: Application time: 0.3435610 seconds
2024-10-04T02:50:11.156+0300: 300.315: [GC (Allocation Failure) 2024-10-04T02:50:11.156+0300: 300.315: [DefNew: 1124274K->7298K(1258304K), 0.0053987 secs] 1137635K->20660K(4054528K), 0.0055395 secs] [Times: user=0.00 sys=0.00, real=0.02 secs] 
2024-10-04T02:50:11.172+0300: 300.320: Total time for which application threads were stopped: 0.0058750 seconds, Stopping threads took: 0.0001999 seconds
2024-10-04T02:50:11.501+0300: 300.656: Application time: 0.3360537 seconds
2024-10-04T02:50:11.501+0300: 300.657: [GC (Allocation Failure) 2024-10-04T02:50:11.501+0300: 300.657: [DefNew: 1125826K->11196K(1258304K), 0.0105113 secs] 1139188K->24558K(4054528K), 0.0105808 secs] [Times: user=0.00 sys=0.00, real=0.02 secs] 
2024-10-04T02:50:11.517+0300: 300.667: Total time for which application threads were stopped: 0.0109009 seconds, Stopping threads took: 0.0002011 seconds
2024-10-04T02:50:11.862+0300: 301.019: Application time: 0.3519225 seconds
2024-10-04T02:50:11.862+0300: 301.019: [GC (Allocation Failure) 2024-10-04T02:50:11.862+0300: 301.019: [DefNew: 1129724K->5529K(1258304K), 0.0032392 secs] 1143086K->18892K(4054528K), 0.0056712 secs] [Times: user=0.00 sys=0.00, real=0.02 secs] 
2024-10-04T02:50:11.878+0300: 301.025: Total time for which application threads were stopped: 0.0060189 seconds, Stopping threads took: 0.0001984 seconds
2024-10-04T02:50:12.223+0300: 301.374: Application time: 0.3488962 seconds
2024-10-04T02:50:12.223+0300: 301.374: [GC (Allocation Failure) 2024-10-04T02:50:12.223+0300: 301.374: [DefNew: 1124057K->5608K(1258304K), 0.0032803 secs] 1137420K->18971K(4054528K), 0.0033543 secs] [Times: user=0.00 sys=0.00, real=0.00 secs] 
2024-10-04T02:50:12.223+0300: 301.378: Total time for which application threads were stopped: 0.0036936 seconds, Stopping threads took: 0.0002021 seconds
2024-10-04T02:50:12.569+0300: 301.716: Application time: 0.3380363 seconds
2024-10-04T02:50:12.569+0300: 301.716: [GC (Allocation Failure) 2024-10-04T02:50:12.569+0300: 301.716: [DefNew: 1124136K->5694K(1258304K), 0.0033118 secs] 1137499K->19056K(4054528K), 0.0033812 secs] [Times: user=0.00 sys=0.00, real=0.00 secs] 
2024-10-04T02:50:12.569+0300: 301.719: Total time for which application threads were stopped: 0.0036731 seconds, Stopping threads took: 0.0001705 seconds
2024-10-04T02:50:12.899+0300: 302.058: Application time: 0.3382602 seconds
2024-10-04T02:50:12.899+0300: 302.058: [GC (Allocation Failure) 2024-10-04T02:50:12.899+0300: 302.058: [DefNew: 1124222K->6096K(1258304K), 0.0035955 secs] 1137584K->19459K(4054528K), 0.0036664 secs] [Times: user=0.00 sys=0.00, real=0.02 secs] 
2024-10-04T02:50:12.914+0300: 302.062: Total time for which application threads were stopped: 0.0039357 seconds, Stopping threads took: 0.0001572 seconds
2024-10-04T02:50:13.259+0300: 302.409: Application time: 0.3476286 seconds
2024-10-04T02:50:13.259+0300: 302.410: [GC (Allocation Failure) 2024-10-04T02:50:13.259+0300: 302.410: [DefNew: 1124624K->6365K(1258304K), 0.0038296 secs] 1137987K->19729K(4054528K), 0.0039002 secs] [Times: user=0.00 sys=0.00, real=0.00 secs] 
2024-10-04T02:50:13.259+0300: 302.413: Total time for which application threads were stopped: 0.0041701 seconds, Stopping threads took: 0.0001347 seconds
2024-10-04T02:50:13.605+0300: 302.761: Application time: 0.3475417 seconds
2024-10-04T02:50:13.605+0300: 302.761: [GC (Allocation Failure) 2024-10-04T02:50:13.605+0300: 302.761: [DefNew: 1124893K->5554K(1258304K), 0.0032427 secs] 1138257K->18918K(4054528K), 0.0033140 secs] [Times: user=0.00 sys=0.00, real=0.00 secs] 
2024-10-04T02:50:13.605+0300: 302.765: Total time for which application threads were stopped: 0.0036618 seconds, Stopping threads took: 0.0002184 seconds
2024-10-04T02:50:13.950+0300: 303.111: Application time: 0.3458719 seconds
2024-10-04T02:50:13.981+0300: 303.127: [GC (Allocation Failure) 2024-10-04T02:50:13.981+0300: 303.127: [DefNew: 1124082K->5664K(1258304K), 0.0044343 secs] 1137446K->19028K(4054528K), 0.0045385 secs] [Times: user=0.00 sys=0.00, real=0.00 secs] 
2024-10-04T02:50:13.981+0300: 303.131: Total time for which application threads were stopped: 0.0206443 seconds, Stopping threads took: 0.0158767 seconds
2024-10-04T02:50:14.311+0300: 303.467: Application time: 0.3353993 seconds
2024-10-04T02:50:14.311+0300: 303.467: [GC (Allocation Failure) 2024-10-04T02:50:14.311+0300: 303.467: [DefNew: 1124192K->6051K(1258304K), 0.0034735 secs] 1137556K->19416K(4054528K), 0.0036383 secs] [Times: user=0.00 sys=0.00, real=0.00 secs] 
2024-10-04T02:50:14.311+0300: 303.471: Total time for which application threads were stopped: 0.0039289 seconds, Stopping threads took: 0.0001468 seconds
2024-10-04T02:50:14.656+0300: 303.803: Application time: 0.3328098 seconds
2024-10-04T02:50:14.656+0300: 303.804: [GC (Allocation Failure) 2024-10-04T02:50:14.656+0300: 303.804: [DefNew: 1124579K->7874K(1258304K), 0.0054575 secs] 1137944K->21238K(4054528K), 0.0055289 secs] [Times: user=0.00 sys=0.00, real=0.00 secs] 
2024-10-04T02:50:14.656+0300: 303.809: Total time for which application threads were stopped: 0.0057992 seconds, Stopping threads took: 0.0001501 seconds
2024-10-04T02:50:15.017+0300: 304.167: Application time: 0.3573810 seconds
2024-10-04T02:50:15.017+0300: 304.167: [GC (Allocation Failure) 2024-10-04T02:50:15.017+0300: 304.167: [DefNew: 1126402K->5542K(1258304K), 0.0031882 secs] 1139766K->18907K(4054528K), 0.0032576 secs] [Times: user=0.00 sys=0.00, real=0.00 secs] 
2024-10-04T02:50:15.017+0300: 304.170: Total time for which application threads were stopped: 0.0036177 seconds, Stopping threads took: 0.0002368 seconds
2024-10-04T02:50:15.362+0300: 304.516: Application time: 0.3456338 seconds
2024-10-04T02:50:15.362+0300: 304.516: [GC (Allocation Failure) 2024-10-04T02:50:15.362+0300: 304.516: [DefNew: 1124070K->5579K(1258304K), 0.0033123 secs] 1137435K->18945K(4054528K), 0.0033817 secs] [Times: user=0.00 sys=0.00, real=0.00 secs] 
2024-10-04T02:50:15.362+0300: 304.519: Total time for which application threads were stopped: 0.0036999 seconds, Stopping threads took: 0.0001782 seconds
2024-10-04T02:50:15.708+0300: 304.857: Application time: 0.3373865 seconds
2024-10-04T02:50:15.708+0300: 304.857: [GC (Allocation Failure) 2024-10-04T02:50:15.708+0300: 304.857: [DefNew: 1124107K->5468K(1258304K), 0.0030651 secs] 1137473K->18834K(4054528K), 0.0031353 secs] [Times: user=0.00 sys=0.00, real=0.00 secs] 
2024-10-04T02:50:15.708+0300: 304.860: Total time for which application threads were stopped: 0.0034265 seconds, Stopping threads took: 0.0001755 seconds
2024-10-04T02:50:16.053+0300: 305.202: Application time: 0.3416786 seconds
2024-10-04T02:50:16.053+0300: 305.202: [GC (Allocation Failure) 2024-10-04T02:50:16.053+0300: 305.202: [DefNew: 1123996K->5523K(1258304K), 0.0032434 secs] 1137362K->18889K(4054528K), 0.0033232 secs] [Times: user=0.00 sys=0.00, real=0.00 secs] 
2024-10-04T02:50:16.053+0300: 305.206: Total time for which application threads were stopped: 0.0036432 seconds, Stopping threads took: 0.0001683 seconds
2024-10-04T02:50:16.400+0300: 305.546: Application time: 0.3404427 seconds
2024-10-04T02:50:16.400+0300: 305.546: [GC (Allocation Failure) 2024-10-04T02:50:16.400+0300: 305.546: [DefNew: 1124051K->8308K(1258304K), 0.0054249 secs] 1137417K->21674K(4054528K), 0.0054957 secs] [Times: user=0.00 sys=0.00, real=0.00 secs] 
2024-10-04T02:50:16.400+0300: 305.552: Total time for which application threads were stopped: 0.0057949 seconds, Stopping threads took: 0.0001755 seconds
2024-10-04T02:50:16.744+0300: 305.900: Application time: 0.3478653 seconds
2024-10-04T02:50:16.744+0300: 305.900: [GC (Allocation Failure) 2024-10-04T02:50:16.744+0300: 305.900: [DefNew: 1126836K->5452K(1258304K), 0.0030907 secs] 1140202K->18818K(4054528K), 0.0031601 secs] [Times: user=0.00 sys=0.00, real=0.00 secs] 
2024-10-04T02:50:16.744+0300: 305.903: Total time for which application threads were stopped: 0.0034366 seconds, Stopping threads took: 0.0001518 seconds
2024-10-04T02:50:17.105+0300: 306.254: Application time: 0.3503289 seconds
2024-10-04T02:50:17.105+0300: 306.254: [GC (Allocation Failure) 2024-10-04T02:50:17.105+0300: 306.254: [DefNew: 1123980K->5608K(1258304K), 0.0033634 secs] 1137346K->18975K(4054528K), 0.0034372 secs] [Times: user=0.00 sys=0.00, real=0.00 secs] 
2024-10-04T02:50:17.105+0300: 306.257: Total time for which application threads were stopped: 0.0037248 seconds, Stopping threads took: 0.0001634 seconds
2024-10-04T02:50:17.435+0300: 306.595: Application time: 0.3379350 seconds
2024-10-04T02:50:17.435+0300: 306.595: [GC (Allocation Failure) 2024-10-04T02:50:17.435+0300: 306.595: [DefNew: 1124136K->6028K(1258304K), 0.0034356 secs] 1137503K->19395K(4054528K), 0.0035106 secs] [Times: user=0.00 sys=0.00, real=0.02 secs] 
2024-10-04T02:50:17.450+0300: 306.599: Total time for which application threads were stopped: 0.0038261 seconds, Stopping threads took: 0.0001872 seconds
2024-10-04T02:50:17.781+0300: 306.936: Application time: 0.3371083 seconds
2024-10-04T02:50:17.781+0300: 306.936: [GC (Allocation Failure) 2024-10-04T02:50:17.781+0300: 306.937: [DefNew: 1124556K->5836K(1258304K), 0.0034948 secs] 1137923K->19204K(4054528K), 0.0035698 secs] [Times: user=0.00 sys=0.00, real=0.00 secs] 
2024-10-04T02:50:17.781+0300: 306.940: Total time for which application threads were stopped: 0.0039581 seconds, Stopping threads took: 0.0002492 seconds
2024-10-04T02:50:18.143+0300: 307.291: Application time: 0.3505691 seconds
2024-10-04T02:50:18.143+0300: 307.291: [GC (Allocation Failure) 2024-10-04T02:50:18.143+0300: 307.291: [DefNew: 1124364K->6379K(1258304K), 0.0035418 secs] 1137732K->19747K(4054528K), 0.0036129 secs] [Times: user=0.00 sys=0.00, real=0.00 secs] 
2024-10-04T02:50:18.143+0300: 307.295: Total time for which application threads were stopped: 0.0039142 seconds, Stopping threads took: 0.0001783 seconds
2024-10-04T02:50:18.488+0300: 307.639: Application time: 0.3445784 seconds
2024-10-04T02:50:18.488+0300: 307.639: [GC (Allocation Failure) 2024-10-04T02:50:18.488+0300: 307.639: [DefNew: 1124907K->5657K(1258304K), 0.0033105 secs] 1138275K->19025K(4054528K), 0.0033747 secs] [Times: user=0.00 sys=0.00, real=0.00 secs] 
2024-10-04T02:50:18.488+0300: 307.643: Total time for which application threads were stopped: 0.0036282 seconds, Stopping threads took: 0.0001383 seconds
2024-10-04T02:50:18.834+0300: 307.989: Application time: 0.3463882 seconds
2024-10-04T02:50:18.834+0300: 307.989: [GC (Allocation Failure) 2024-10-04T02:50:18.834+0300: 307.990: [DefNew: 1124185K->7745K(1258304K), 0.0053130 secs] 1137553K->21114K(4054528K), 0.0054034 secs] [Times: user=0.00 sys=0.00, real=0.01 secs] 
2024-10-04T02:50:18.849+0300: 307.995: Total time for which application threads were stopped: 0.0057647 seconds, Stopping threads took: 0.0002084 seconds
2024-10-04T02:50:19.179+0300: 308.330: Application time: 0.3349496 seconds
2024-10-04T02:50:19.179+0300: 308.330: [GC (Allocation Failure) 2024-10-04T02:50:19.179+0300: 308.330: [DefNew: 1126273K->7289K(1258304K), 0.0050049 secs] 1139642K->20658K(4054528K), 0.0050803 secs] [Times: user=0.00 sys=0.00, real=0.00 secs] 
2024-10-04T02:50:19.179+0300: 308.335: Total time for which application threads were stopped: 0.0053947 seconds, Stopping threads took: 0.0001828 seconds
2024-10-04T02:50:19.524+0300: 308.674: Application time: 0.3387185 seconds
2024-10-04T02:50:19.524+0300: 308.674: [GC (Allocation Failure) 2024-10-04T02:50:19.524+0300: 308.674: [DefNew: 1125817K->7924K(1258304K), 0.0053388 secs] 1139186K->21293K(4054528K), 0.0054090 secs] [Times: user=0.00 sys=0.00, real=0.00 secs] 
2024-10-04T02:50:19.524+0300: 308.680: Total time for which application threads were stopped: 0.0056994 seconds, Stopping threads took: 0.0001531 seconds
2024-10-04T02:50:19.870+0300: 309.030: Application time: 0.3503343 seconds
2024-10-04T02:50:19.885+0300: 309.030: [GC (Allocation Failure) 2024-10-04T02:50:19.885+0300: 309.030: [DefNew: 1126452K->6053K(1258304K), 0.0036526 secs] 1139821K->19422K(4054528K), 0.0037360 secs] [Times: user=0.00 sys=0.00, real=0.00 secs] 
2024-10-04T02:50:19.885+0300: 309.034: Total time for which application threads were stopped: 0.0040689 seconds, Stopping threads took: 0.0001454 seconds
2024-10-04T02:50:20.231+0300: 309.378: Application time: 0.3434567 seconds
2024-10-04T02:50:20.231+0300: 309.378: [GC (Allocation Failure) 2024-10-04T02:50:20.231+0300: 309.378: [DefNew: 1124581K->5797K(1258304K), 0.0032647 secs] 1137950K->19166K(4054528K), 0.0033413 secs] [Times: user=0.00 sys=0.00, real=0.00 secs] 
2024-10-04T02:50:20.231+0300: 309.381: Total time for which application threads were stopped: 0.0036306 seconds, Stopping threads took: 0.0001685 seconds
2024-10-04T02:50:20.561+0300: 309.719: Application time: 0.3379329 seconds
2024-10-04T02:50:20.561+0300: 309.719: [GC (Allocation Failure) 2024-10-04T02:50:20.561+0300: 309.719: [DefNew: 1124325K->5626K(1258304K), 0.0034184 secs] 1137694K->18996K(4054528K), 0.0034876 secs] [Times: user=0.00 sys=0.00, real=0.01 secs] 
2024-10-04T02:50:20.576+0300: 309.723: Total time for which application threads were stopped: 0.0037477 seconds, Stopping threads took: 0.0001382 seconds
2024-10-04T02:50:20.912+0300: 310.067: Application time: 0.3437581 seconds
2024-10-04T02:50:20.912+0300: 310.067: [GC (Allocation Failure) 2024-10-04T02:50:20.922+0300: 310.067: [DefNew: 1124154K->6165K(1258304K), 0.0036740 secs] 1137524K->19536K(4054528K), 0.0037454 secs] [Times: user=0.00 sys=0.00, real=0.01 secs] 
2024-10-04T02:50:20.922+0300: 310.071: Total time for which application threads were stopped: 0.0042145 seconds, Stopping threads took: 0.0003292 seconds
2024-10-04T02:50:21.252+0300: 310.412: Application time: 0.3407069 seconds
2024-10-04T02:50:21.252+0300: 310.412: [GC (Allocation Failure) 2024-10-04T02:50:21.252+0300: 310.412: [DefNew: 1124693K->7868K(1258304K), 0.0052847 secs] 1138064K->21239K(4054528K), 0.0053625 secs] [Times: user=0.00 sys=0.00, real=0.02 secs] 
2024-10-04T02:50:21.268+0300: 310.417: Total time for which application threads were stopped: 0.0057035 seconds, Stopping threads took: 0.0002020 seconds
2024-10-04T02:50:21.613+0300: 310.760: Application time: 0.3429298 seconds
2024-10-04T02:50:21.613+0300: 310.760: [GC (Allocation Failure) 2024-10-04T02:50:21.613+0300: 310.760: [DefNew: 1126396K->5593K(1258304K), 0.0031823 secs] 1139767K->18964K(4054528K), 0.0032518 secs] [Times: user=0.00 sys=0.00, real=0.00 secs] 
2024-10-04T02:50:21.613+0300: 310.764: Total time for which application threads were stopped: 0.0034986 seconds, Stopping threads took: 0.0001365 seconds
2024-10-04T02:50:21.959+0300: 311.114: Application time: 0.3500761 seconds
2024-10-04T02:50:21.959+0300: 311.114: [GC (Allocation Failure) 2024-10-04T02:50:21.959+0300: 311.114: [DefNew: 1124121K->5613K(1258304K), 0.0033694 secs] 1137492K->18984K(4054528K), 0.0034462 secs] [Times: user=0.00 sys=0.00, real=0.00 secs] 
2024-10-04T02:50:21.959+0300: 311.118: Total time for which application threads were stopped: 0.0037656 seconds, Stopping threads took: 0.0001810 seconds
2024-10-04T02:50:22.315+0300: 311.460: Application time: 0.3427978 seconds
2024-10-04T02:50:22.315+0300: 311.461: [GC (Allocation Failure) 2024-10-04T02:50:22.315+0300: 311.461: [DefNew: 1124141K->7244K(1258304K), 0.0049411 secs] 1137512K->20615K(4054528K), 0.0050042 secs] [Times: user=0.00 sys=0.00, real=0.00 secs] 
2024-10-04T02:50:22.320+0300: 311.466: Total time for which application threads were stopped: 0.0052915 seconds, Stopping threads took: 0.0001636 seconds
2024-10-04T02:50:22.650+0300: 311.797: Application time: 0.3315205 seconds
2024-10-04T02:50:22.650+0300: 311.797: [GC (Allocation Failure) 2024-10-04T02:50:22.650+0300: 311.797: [DefNew: 1125772K->6694K(1258304K), 0.0042942 secs] 1139143K->20066K(4054528K), 0.0043623 secs] [Times: user=0.00 sys=0.00, real=0.00 secs] 
2024-10-04T02:50:22.650+0300: 311.802: Total time for which application threads were stopped: 0.0046199 seconds, Stopping threads took: 0.0001391 seconds
2024-10-04T02:50:22.995+0300: 312.150: Application time: 0.3481040 seconds
2024-10-04T02:50:22.995+0300: 312.150: [GC (Allocation Failure) 2024-10-04T02:50:22.995+0300: 312.150: [DefNew: 1125222K->9066K(1258304K), 0.0080091 secs] 1138594K->22438K(4054528K), 0.0080853 secs] [Times: user=0.00 sys=0.00, real=0.02 secs] 
2024-10-04T02:50:23.011+0300: 312.158: Total time for which application threads were stopped: 0.0084036 seconds, Stopping threads took: 0.0001888 seconds
2024-10-04T02:50:23.356+0300: 312.504: Application time: 0.3455100 seconds
2024-10-04T02:50:23.356+0300: 312.504: [GC (Allocation Failure) 2024-10-04T02:50:23.356+0300: 312.504: [DefNew: 1127594K->5491K(1258304K), 0.0031077 secs] 1140966K->18863K(4054528K), 0.0031754 secs] [Times: user=0.00 sys=0.00, real=0.00 secs] 
2024-10-04T02:50:23.356+0300: 312.507: Total time for which application threads were stopped: 0.0034529 seconds, Stopping threads took: 0.0001566 seconds
2024-10-04T02:50:23.701+0300: 312.848: Application time: 0.3407988 seconds
2024-10-04T02:50:23.701+0300: 312.848: [GC (Allocation Failure) 2024-10-04T02:50:23.701+0300: 312.848: [DefNew: 1124019K->5636K(1258304K), 0.0032976 secs] 1137391K->19009K(4054528K), 0.0033644 secs] [Times: user=0.00 sys=0.00, real=0.00 secs] 
2024-10-04T02:50:23.701+0300: 312.852: Total time for which application threads were stopped: 0.0036640 seconds, Stopping threads took: 0.0001731 seconds
2024-10-04T02:50:24.048+0300: 313.208: Application time: 0.3564170 seconds
2024-10-04T02:50:24.063+0300: 313.209: [GC (Allocation Failure) 2024-10-04T02:50:24.063+0300: 313.209: [DefNew: 1124164K->5541K(1258304K), 0.0036724 secs] 1137537K->18915K(4054528K), 0.0037426 secs] [Times: user=0.00 sys=0.00, real=0.00 secs] 
2024-10-04T02:50:24.063+0300: 313.212: Total time for which application threads were stopped: 0.0042563 seconds, Stopping threads took: 0.0003466 seconds
2024-10-04T02:50:24.393+0300: 313.553: Application time: 0.3403696 seconds
2024-10-04T02:50:24.393+0300: 313.553: [GC (Allocation Failure) 2024-10-04T02:50:24.393+0300: 313.553: [DefNew: 1124069K->6064K(1258304K), 0.0038375 secs] 1137443K->19438K(4054528K), 0.0039137 secs] [Times: user=0.00 sys=0.00, real=0.02 secs] 
2024-10-04T02:50:24.408+0300: 313.557: Total time for which application threads were stopped: 0.0041853 seconds, Stopping threads took: 0.0001422 seconds
2024-10-04T02:50:24.754+0300: 313.905: Application time: 0.3483531 seconds
2024-10-04T02:50:24.754+0300: 313.906: [GC (Allocation Failure) 2024-10-04T02:50:24.754+0300: 313.906: [DefNew: 1124592K->5585K(1258304K), 0.0035693 secs] 1137966K->18959K(4054528K), 0.0036294 secs] [Times: user=0.00 sys=0.00, real=0.00 secs] 
2024-10-04T02:50:24.754+0300: 313.909: Total time for which application threads were stopped: 0.0038780 seconds, Stopping threads took: 0.0001333 seconds
2024-10-04T02:50:25.115+0300: 314.260: Application time: 0.3512010 seconds
2024-10-04T02:50:25.115+0300: 314.261: [GC (Allocation Failure) 2024-10-04T02:50:25.115+0300: 314.261: [DefNew: 1124113K->6185K(1258304K), 0.0040559 secs] 1137487K->19559K(4054528K), 0.0041170 secs] [Times: user=0.02 sys=0.00, real=0.00 secs] 
2024-10-04T02:50:25.115+0300: 314.265: Total time for which application threads were stopped: 0.0043711 seconds, Stopping threads took: 0.0001220 seconds
2024-10-04T02:50:25.445+0300: 314.605: Application time: 0.3404394 seconds
2024-10-04T02:50:25.461+0300: 314.606: [GC (Allocation Failure) 2024-10-04T02:50:25.461+0300: 314.606: [DefNew: 1124713K->5514K(1258304K), 0.0033682 secs] 1138087K->18889K(4054528K), 0.0034565 secs] [Times: user=0.00 sys=0.00, real=0.00 secs] 
2024-10-04T02:50:25.461+0300: 314.609: Total time for which application threads were stopped: 0.0038895 seconds, Stopping threads took: 0.0002452 seconds
2024-10-04T02:50:25.806+0300: 314.954: Application time: 0.3453557 seconds
2024-10-04T02:50:25.806+0300: 314.955: [GC (Allocation Failure) 2024-10-04T02:50:25.806+0300: 314.955: [DefNew: 1124042K->5458K(1258304K), 0.0036381 secs] 1137417K->18833K(4054528K), 0.0037062 secs] [Times: user=0.00 sys=0.00, real=0.00 secs] 
2024-10-04T02:50:25.806+0300: 314.958: Total time for which application threads were stopped: 0.0039716 seconds, Stopping threads took: 0.0001293 seconds
2024-10-04T02:50:26.152+0300: 315.299: Application time: 0.3401367 seconds
2024-10-04T02:50:26.152+0300: 315.299: [GC (Allocation Failure) 2024-10-04T02:50:26.152+0300: 315.299: [DefNew: 1123986K->5683K(1258304K), 0.0037673 secs] 1137361K->19058K(4054528K), 0.0038396 secs] [Times: user=0.00 sys=0.00, real=0.00 secs] 
2024-10-04T02:50:26.152+0300: 315.303: Total time for which application threads were stopped: 0.0040874 seconds, Stopping threads took: 0.0001199 seconds
2024-10-04T02:50:26.497+0300: 315.646: Application time: 0.3433494 seconds
2024-10-04T02:50:26.497+0300: 315.646: [GC (Allocation Failure) 2024-10-04T02:50:26.497+0300: 315.646: [DefNew: 1124211K->5789K(1258304K), 0.0036463 secs] 1137586K->19165K(4054528K), 0.0037113 secs] [Times: user=0.00 sys=0.00, real=0.00 secs] 
2024-10-04T02:50:26.497+0300: 315.650: Total time for which application threads were stopped: 0.0039655 seconds, Stopping threads took: 0.0001275 seconds
2024-10-04T02:50:26.843+0300: 316.002: Application time: 0.3523688 seconds
2024-10-04T02:50:26.843+0300: 316.003: [GC (Allocation Failure) 2024-10-04T02:50:26.843+0300: 316.003: [DefNew: 1124317K->5545K(1258304K), 0.0036813 secs] 1137693K->18920K(4054528K), 0.0037583 secs] [Times: user=0.00 sys=0.00, real=0.02 secs] 
2024-10-04T02:50:26.858+0300: 316.007: Total time for which application threads were stopped: 0.0041571 seconds, Stopping threads took: 0.0002519 seconds
2024-10-04T02:50:27.204+0300: 316.353: Application time: 0.3463245 seconds
2024-10-04T02:50:27.204+0300: 316.353: [GC (Allocation Failure) 2024-10-04T02:50:27.204+0300: 316.353: [DefNew: 1124073K->5652K(1258304K), 0.0037982 secs] 1137448K->19028K(4054528K), 0.0038710 secs] [Times: user=0.00 sys=0.00, real=0.00 secs] 
2024-10-04T02:50:27.204+0300: 316.357: Total time for which application threads were stopped: 0.0042134 seconds, Stopping threads took: 0.0002088 seconds
2024-10-04T02:50:27.549+0300: 316.699: Application time: 0.3418771 seconds
2024-10-04T02:50:27.549+0300: 316.699: [GC (Allocation Failure) 2024-10-04T02:50:27.549+0300: 316.699: [DefNew: 1124180K->5769K(1258304K), 0.0036876 secs] 1137556K->19145K(4054528K), 0.0037528 secs] [Times: user=0.00 sys=0.00, real=0.00 secs] 
2024-10-04T02:50:27.549+0300: 316.703: Total time for which application threads were stopped: 0.0040203 seconds, Stopping threads took: 0.0001389 seconds
2024-10-04T02:50:27.894+0300: 317.050: Application time: 0.3474122 seconds
2024-10-04T02:50:27.894+0300: 317.051: [GC (Allocation Failure) 2024-10-04T02:50:27.894+0300: 317.051: [DefNew: 1124297K->6982K(1258304K), 0.0048411 secs] 1137673K->20359K(4054528K), 0.0049093 secs] [Times: user=0.00 sys=0.00, real=0.01 secs] 
2024-10-04T02:50:27.909+0300: 317.056: Total time for which application threads were stopped: 0.0052068 seconds, Stopping threads took: 0.0001375 seconds
2024-10-04T02:50:28.240+0300: 317.399: Application time: 0.3430219 seconds
2024-10-04T02:50:28.240+0300: 317.399: [GC (Allocation Failure) 2024-10-04T02:50:28.240+0300: 317.399: [DefNew: 1125510K->7633K(1258304K), 0.0058896 secs] 1138887K->21010K(4054528K), 0.0060057 secs] [Times: user=0.00 sys=0.00, real=0.02 secs] 
2024-10-04T02:50:28.255+0300: 317.405: Total time for which application threads were stopped: 0.0064124 seconds, Stopping threads took: 0.0002222 seconds
2024-10-04T02:50:28.600+0300: 317.750: Application time: 0.3444625 seconds
2024-10-04T02:50:28.600+0300: 317.750: [GC (Allocation Failure) 2024-10-04T02:50:28.600+0300: 317.750: [DefNew: 1126161K->5492K(1258304K), 0.0032368 secs] 1139538K->18869K(4054528K), 0.0033076 secs] [Times: user=0.00 sys=0.00, real=0.00 secs] 
2024-10-04T02:50:28.600+0300: 317.753: Total time for which application threads were stopped: 0.0035858 seconds, Stopping threads took: 0.0001467 seconds
2024-10-04T02:50:28.946+0300: 318.102: Application time: 0.3488299 seconds
2024-10-04T02:50:28.946+0300: 318.102: [GC (Allocation Failure) 2024-10-04T02:50:28.946+0300: 318.102: [DefNew: 1124020K->7352K(1258304K), 0.0052039 secs] 1137397K->20730K(4054528K), 0.0052734 secs] [Times: user=0.00 sys=0.00, real=0.02 secs] 
2024-10-04T02:50:28.962+0300: 318.108: Total time for which application threads were stopped: 0.0055775 seconds, Stopping threads took: 0.0001753 seconds
2024-10-04T02:50:29.291+0300: 318.440: Application time: 0.3321086 seconds
2024-10-04T02:50:29.291+0300: 318.440: [GC (Allocation Failure) 2024-10-04T02:50:29.291+0300: 318.440: [DefNew: 1125880K->5459K(1258304K), 0.0031598 secs] 1139258K->18837K(4054528K), 0.0032319 secs] [Times: user=0.00 sys=0.00, real=0.00 secs] 
2024-10-04T02:50:29.291+0300: 318.443: Total time for which application threads were stopped: 0.0035187 seconds, Stopping threads took: 0.0001633 seconds
2024-10-04T02:50:29.632+0300: 318.780: Application time: 0.3365471 seconds
2024-10-04T02:50:29.632+0300: 318.780: [GC (Allocation Failure) 2024-10-04T02:50:29.632+0300: 318.780: [DefNew: 1123987K->6023K(1258304K), 0.0035455 secs] 1137365K->19401K(4054528K), 0.0036139 secs] [Times: user=0.00 sys=0.00, real=0.01 secs] 
2024-10-04T02:50:29.637+0300: 318.784: Total time for which application threads were stopped: 0.0038973 seconds, Stopping threads took: 0.0001582 seconds
2024-10-04T02:50:29.982+0300: 319.136: Application time: 0.3527405 seconds
2024-10-04T02:50:29.982+0300: 319.137: [GC (Allocation Failure) 2024-10-04T02:50:29.982+0300: 319.137: [DefNew: 1124551K->5725K(1258304K), 0.0033787 secs] 1137929K->19104K(4054528K), 0.0034537 secs] [Times: user=0.00 sys=0.00, real=0.00 secs] 
2024-10-04T02:50:29.982+0300: 319.140: Total time for which application threads were stopped: 0.0037501 seconds, Stopping threads took: 0.0001702 seconds
2024-10-04T02:50:30.334+0300: 319.483: Application time: 0.3425234 seconds
2024-10-04T02:50:30.334+0300: 319.483: [GC (Allocation Failure) 2024-10-04T02:50:30.334+0300: 319.483: [DefNew: 1124253K->6003K(1258304K), 0.0035776 secs] 1137632K->19382K(4054528K), 0.0036452 secs] [Times: user=0.00 sys=0.00, real=0.00 secs] 
2024-10-04T02:50:30.334+0300: 319.487: Total time for which application threads were stopped: 0.0039937 seconds, Stopping threads took: 0.0002277 seconds
2024-10-04T02:50:30.672+0300: 319.823: Application time: 0.3368571 seconds
2024-10-04T02:50:30.672+0300: 319.824: [GC (Allocation Failure) 2024-10-04T02:50:30.672+0300: 319.824: [DefNew: 1124531K->5663K(1258304K), 0.0032996 secs] 1137910K->19043K(4054528K), 0.0033726 secs] [Times: user=0.00 sys=0.00, real=0.00 secs] 
2024-10-04T02:50:30.672+0300: 319.827: Total time for which application threads were stopped: 0.0036163 seconds, Stopping threads took: 0.0001245 seconds
2024-10-04T02:50:31.017+0300: 320.170: Application time: 0.3424845 seconds
2024-10-04T02:50:31.017+0300: 320.170: [GC (Allocation Failure) 2024-10-04T02:50:31.017+0300: 320.170: [DefNew: 1124191K->6020K(1258304K), 0.0036972 secs] 1137571K->19400K(4054528K), 0.0037813 secs] [Times: user=0.00 sys=0.00, real=0.00 secs] 
2024-10-04T02:50:31.017+0300: 320.174: Total time for which application threads were stopped: 0.0042819 seconds, Stopping threads took: 0.0003195 seconds
2024-10-04T02:50:31.363+0300: 320.514: Application time: 0.3402202 seconds
2024-10-04T02:50:31.363+0300: 320.514: [GC (Allocation Failure) 2024-10-04T02:50:31.363+0300: 320.514: [DefNew: 1124548K->9452K(1258304K), 0.0076414 secs] 1137928K->22832K(4054528K), 0.0077114 secs] [Times: user=0.00 sys=0.00, real=0.00 secs] 
2024-10-04T02:50:31.363+0300: 320.522: Total time for which application threads were stopped: 0.0079948 seconds, Stopping threads took: 0.0001540 seconds
2024-10-04T02:50:31.708+0300: 320.861: Application time: 0.3387507 seconds
2024-10-04T02:50:31.708+0300: 320.861: [GC (Allocation Failure) 2024-10-04T02:50:31.708+0300: 320.861: [DefNew: 1127980K->5490K(1258304K), 0.0031801 secs] 1141360K->18870K(4054528K), 0.0032498 secs] [Times: user=0.00 sys=0.00, real=0.00 secs] 
2024-10-04T02:50:31.708+0300: 320.864: Total time for which application threads were stopped: 0.0035872 seconds, Stopping threads took: 0.0002193 seconds
2024-10-04T02:50:32.069+0300: 321.221: Application time: 0.3565545 seconds
2024-10-04T02:50:32.069+0300: 321.221: [GC (Allocation Failure) 2024-10-04T02:50:32.069+0300: 321.221: [DefNew: 1124018K->5666K(1258304K), 0.0033377 secs] 1137398K->19047K(4054528K), 0.0034236 secs] [Times: user=0.00 sys=0.00, real=0.00 secs] 
2024-10-04T02:50:32.069+0300: 321.225: Total time for which application threads were stopped: 0.0036688 seconds, Stopping threads took: 0.0001186 seconds
2024-10-04T02:50:32.415+0300: 321.564: Application time: 0.3388675 seconds
2024-10-04T02:50:32.415+0300: 321.564: [GC (Allocation Failure) 2024-10-04T02:50:32.415+0300: 321.564: [DefNew: 1124194K->5921K(1258304K), 0.0033372 secs] 1137575K->19302K(4054528K), 0.0033993 secs] [Times: user=0.00 sys=0.00, real=0.00 secs] 
2024-10-04T02:50:32.415+0300: 321.567: Total time for which application threads were stopped: 0.0037030 seconds, Stopping threads took: 0.0001848 seconds
2024-10-04T02:50:32.745+0300: 321.904: Application time: 0.3372165 seconds
2024-10-04T02:50:32.745+0300: 321.905: [GC (Allocation Failure) 2024-10-04T02:50:32.745+0300: 321.905: [DefNew: 1124449K->6165K(1258304K), 0.0036895 secs] 1137830K->19546K(4054528K), 0.0037661 secs] [Times: user=0.00 sys=0.00, real=0.02 secs] 
2024-10-04T02:50:32.760+0300: 321.909: Total time for which application threads were stopped: 0.0040882 seconds, Stopping threads took: 0.0001886 seconds
2024-10-04T02:50:33.106+0300: 322.259: Application time: 0.3501931 seconds
2024-10-04T02:50:33.106+0300: 322.259: [GC (Allocation Failure) 2024-10-04T02:50:33.106+0300: 322.259: [DefNew: 1124693K->7513K(1258304K), 0.0054072 secs] 1138074K->20894K(4054528K), 0.0054862 secs] [Times: user=0.00 sys=0.00, real=0.00 secs] 
2024-10-04T02:50:33.106+0300: 322.265: Total time for which application threads were stopped: 0.0058119 seconds, Stopping threads took: 0.0001978 seconds
2024-10-04T02:50:33.451+0300: 322.606: Application time: 0.3412630 seconds
2024-10-04T02:50:33.451+0300: 322.606: [GC (Allocation Failure) 2024-10-04T02:50:33.451+0300: 322.606: [DefNew: 1126041K->5773K(1258304K), 0.0034216 secs] 1139422K->19155K(4054528K), 0.0034935 secs] [Times: user=0.00 sys=0.00, real=0.00 secs] 
2024-10-04T02:50:33.451+0300: 322.610: Total time for which application threads were stopped: 0.0037807 seconds, Stopping threads took: 0.0001679 seconds
2024-10-04T02:50:33.797+0300: 322.950: Application time: 0.3403027 seconds
2024-10-04T02:50:33.797+0300: 322.950: [GC (Allocation Failure) 2024-10-04T02:50:33.797+0300: 322.952: [DefNew: 1124301K->6789K(1258304K), 0.0050520 secs] 1137683K->20171K(4054528K), 0.0073411 secs] [Times: user=0.00 sys=0.00, real=0.00 secs] 
2024-10-04T02:50:33.797+0300: 322.958: Total time for which application threads were stopped: 0.0076467 seconds, Stopping threads took: 0.0001820 seconds
2024-10-04T02:50:34.158+0300: 323.305: Application time: 0.3471555 seconds
2024-10-04T02:50:34.158+0300: 323.305: [GC (Allocation Failure) 2024-10-04T02:50:34.158+0300: 323.305: [DefNew: 1125317K->5515K(1258304K), 0.0032817 secs] 1138699K->18897K(4054528K), 0.0033534 secs] [Times: user=0.00 sys=0.00, real=0.00 secs] 
2024-10-04T02:50:34.158+0300: 323.308: Total time for which application threads were stopped: 0.0036065 seconds, Stopping threads took: 0.0001111 seconds
2024-10-04T02:50:34.488+0300: 323.644: Application time: 0.3352796 seconds
2024-10-04T02:50:34.488+0300: 323.644: [GC (Allocation Failure) 2024-10-04T02:50:34.488+0300: 323.644: [DefNew: 1124043K->6449K(1258304K), 0.0039470 secs] 1137425K->19832K(4054528K), 0.0040176 secs] [Times: user=0.00 sys=0.00, real=0.00 secs] 
2024-10-04T02:50:34.488+0300: 323.648: Total time for which application threads were stopped: 0.0043398 seconds, Stopping threads took: 0.0001970 seconds
2024-10-04T02:50:34.844+0300: 323.993: Application time: 0.3448593 seconds
2024-10-04T02:50:34.844+0300: 323.993: [GC (Allocation Failure) 2024-10-04T02:50:34.844+0300: 323.993: [DefNew: 1124977K->6433K(1258304K), 0.0037977 secs] 1138360K->19816K(4054528K), 0.0038711 secs] [Times: user=0.00 sys=0.00, real=0.00 secs] 
2024-10-04T02:50:34.849+0300: 323.997: Total time for which application threads were stopped: 0.0042067 seconds, Stopping threads took: 0.0001836 seconds
2024-10-04T02:50:35.194+0300: 324.342: Application time: 0.3453724 seconds
2024-10-04T02:50:35.194+0300: 324.343: [GC (Allocation Failure) 2024-10-04T02:50:35.194+0300: 324.343: [DefNew: 1124961K->5694K(1258304K), 0.0033893 secs] 1138344K->19077K(4054528K), 0.0034740 secs] [Times: user=0.00 sys=0.00, real=0.00 secs] 
2024-10-04T02:50:35.194+0300: 324.346: Total time for which application threads were stopped: 0.0037666 seconds, Stopping threads took: 0.0001506 seconds
2024-10-04T02:50:35.539+0300: 324.687: Application time: 0.3406531 seconds
2024-10-04T02:50:35.539+0300: 324.687: [GC (Allocation Failure) 2024-10-04T02:50:35.539+0300: 324.687: [DefNew: 1124222K->5457K(1258304K), 0.0031461 secs] 1137605K->18841K(4054528K), 0.0032104 secs] [Times: user=0.00 sys=0.00, real=0.00 secs] 
2024-10-04T02:50:35.539+0300: 324.690: Total time for which application threads were stopped: 0.0035116 seconds, Stopping threads took: 0.0001779 seconds
2024-10-04T02:50:35.885+0300: 325.037: Application time: 0.3465028 seconds
2024-10-04T02:50:35.885+0300: 325.037: [GC (Allocation Failure) 2024-10-04T02:50:35.885+0300: 325.037: [DefNew: 1123985K->5436K(1258304K), 0.0033670 secs] 1137369K->18819K(4054528K), 0.0034480 secs] [Times: user=0.00 sys=0.00, real=0.00 secs] 
2024-10-04T02:50:35.885+0300: 325.041: Total time for which application threads were stopped: 0.0037708 seconds, Stopping threads took: 0.0001647 seconds
2024-10-04T02:50:36.230+0300: 325.380: Application time: 0.3393142 seconds
2024-10-04T02:50:36.230+0300: 325.380: [GC (Allocation Failure) 2024-10-04T02:50:36.230+0300: 325.380: [DefNew: 1123964K->5481K(1258304K), 0.0033036 secs] 1137347K->18866K(4054528K), 0.0033907 secs] [Times: user=0.00 sys=0.00, real=0.00 secs] 
2024-10-04T02:50:36.230+0300: 325.384: Total time for which application threads were stopped: 0.0038001 seconds, Stopping threads took: 0.0002374 seconds
2024-10-04T02:50:36.576+0300: 325.723: Application time: 0.3391016 seconds
2024-10-04T02:50:36.576+0300: 325.723: [GC (Allocation Failure) 2024-10-04T02:50:36.576+0300: 325.723: [DefNew: 1124009K->7481K(1258304K), 0.0048369 secs] 1137394K->20866K(4054528K), 0.0049038 secs] [Times: user=0.00 sys=0.00, real=0.00 secs] 
2024-10-04T02:50:36.576+0300: 325.728: Total time for which application threads were stopped: 0.0051689 seconds, Stopping threads took: 0.0001542 seconds
2024-10-04T02:50:36.921+0300: 326.076: Application time: 0.3478525 seconds
2024-10-04T02:50:36.921+0300: 326.076: [GC (Allocation Failure) 2024-10-04T02:50:36.921+0300: 326.076: [DefNew: 1126009K->6202K(1258304K), 0.0036395 secs] 1139394K->19587K(4054528K), 0.0037116 secs] [Times: user=0.00 sys=0.00, real=0.00 secs] 
2024-10-04T02:50:36.921+0300: 326.080: Total time for which application threads were stopped: 0.0040748 seconds, Stopping threads took: 0.0001707 seconds
2024-10-04T02:50:37.266+0300: 326.426: Application time: 0.3460207 seconds
2024-10-04T02:50:37.266+0300: 326.426: [GC (Allocation Failure) 2024-10-04T02:50:37.266+0300: 326.426: [DefNew: 1124730K->5773K(1258304K), 0.0034783 secs] 1138115K->19159K(4054528K), 0.0035562 secs] [Times: user=0.00 sys=0.00, real=0.01 secs] 
2024-10-04T02:50:37.281+0300: 326.430: Total time for which application threads were stopped: 0.0038400 seconds, Stopping threads took: 0.0001562 seconds
2024-10-04T02:50:37.611+0300: 326.766: Application time: 0.3361752 seconds
2024-10-04T02:50:37.611+0300: 326.766: [GC (Allocation Failure) 2024-10-04T02:50:37.611+0300: 326.766: [DefNew: 1124301K->6472K(1258304K), 0.0040501 secs] 1137687K->19858K(4054528K), 0.0041185 secs] [Times: user=0.00 sys=0.00, real=0.00 secs] 
2024-10-04T02:50:37.611+0300: 326.770: Total time for which application threads were stopped: 0.0044604 seconds, Stopping threads took: 0.0002130 seconds
2024-10-04T02:50:37.957+0300: 327.117: Application time: 0.3467461 seconds
2024-10-04T02:50:37.972+0300: 327.118: [GC (Allocation Failure) 2024-10-04T02:50:37.972+0300: 327.118: [DefNew: 1125000K->6027K(1258304K), 0.0036108 secs] 1138386K->19413K(4054528K), 0.0037043 secs] [Times: user=0.00 sys=0.00, real=0.00 secs] 
2024-10-04T02:50:37.972+0300: 327.121: Total time for which application threads were stopped: 0.0041293 seconds, Stopping threads took: 0.0002535 seconds
2024-10-04T02:50:38.302+0300: 327.460: Application time: 0.3388812 seconds
2024-10-04T02:50:38.302+0300: 327.460: [GC (Allocation Failure) 2024-10-04T02:50:38.302+0300: 327.461: [DefNew: 1124555K->7739K(1258304K), 0.0052637 secs] 1137941K->21125K(4054528K), 0.0053396 secs] [Times: user=0.00 sys=0.00, real=0.01 secs] 
2024-10-04T02:50:38.317+0300: 327.466: Total time for which application threads were stopped: 0.0056492 seconds, Stopping threads took: 0.0001946 seconds
2024-10-04T02:50:38.654+0300: 327.807: Application time: 0.3411687 seconds
2024-10-04T02:50:38.654+0300: 327.807: [GC (Allocation Failure) 2024-10-04T02:50:38.654+0300: 327.807: [DefNew: 1126267K->5656K(1258304K), 0.0033803 secs] 1139653K->19042K(4054528K), 0.0034534 secs] [Times: user=0.00 sys=0.00, real=0.01 secs] 
2024-10-04T02:50:38.663+0300: 327.811: Total time for which application threads were stopped: 0.0037508 seconds, Stopping threads took: 0.0001690 seconds
2024-10-04T02:50:39.008+0300: 328.165: Application time: 0.3543727 seconds
2024-10-04T02:50:39.008+0300: 328.165: [GC (Allocation Failure) 2024-10-04T02:50:39.008+0300: 328.166: [DefNew: 1124184K->5722K(1258304K), 0.0039120 secs] 1137570K->19109K(4054528K), 0.0039927 secs] [Times: user=0.00 sys=0.00, real=0.02 secs] 
2024-10-04T02:50:39.024+0300: 328.170: Total time for which application threads were stopped: 0.0043698 seconds, Stopping threads took: 0.0002155 seconds
2024-10-04T02:50:39.356+0300: 328.508: Application time: 0.3380397 seconds
2024-10-04T02:50:39.356+0300: 328.508: [GC (Allocation Failure) 2024-10-04T02:50:39.356+0300: 328.508: [DefNew: 1124250K->5766K(1258304K), 0.0032984 secs] 1137637K->19153K(4054528K), 0.0033667 secs] [Times: user=0.00 sys=0.00, real=0.00 secs] 
2024-10-04T02:50:39.356+0300: 328.511: Total time for which application threads were stopped: 0.0036569 seconds, Stopping threads took: 0.0001721 seconds
2024-10-04T02:50:39.699+0300: 328.848: Application time: 0.3363195 seconds
2024-10-04T02:50:39.699+0300: 328.848: [GC (Allocation Failure) 2024-10-04T02:50:39.699+0300: 328.848: [DefNew: 1124294K->5649K(1258304K), 0.0033653 secs] 1137681K->19036K(4054528K), 0.0034466 secs] [Times: user=0.00 sys=0.00, real=0.00 secs] 
2024-10-04T02:50:39.699+0300: 328.851: Total time for which application threads were stopped: 0.0037768 seconds, Stopping threads took: 0.0001703 seconds
2024-10-04T02:50:40.044+0300: 329.195: Application time: 0.3434823 seconds
2024-10-04T02:50:40.044+0300: 329.195: [GC (Allocation Failure) 2024-10-04T02:50:40.044+0300: 329.195: [DefNew: 1124177K->5735K(1258304K), 0.0034684 secs] 1137564K->19122K(4054528K), 0.0035395 secs] [Times: user=0.00 sys=0.00, real=0.00 secs] 
2024-10-04T02:50:40.044+0300: 329.199: Total time for which application threads were stopped: 0.0038474 seconds, Stopping threads took: 0.0001488 seconds
2024-10-04T02:50:40.389+0300: 329.541: Application time: 0.3427071 seconds
2024-10-04T02:50:40.389+0300: 329.542: [GC (Allocation Failure) 2024-10-04T02:50:40.389+0300: 329.542: [DefNew: 1124263K->5916K(1258304K), 0.0034628 secs] 1137650K->19303K(4054528K), 0.0035355 secs] [Times: user=0.00 sys=0.00, real=0.00 secs] 
2024-10-04T02:50:40.389+0300: 329.545: Total time for which application threads were stopped: 0.0038323 seconds, Stopping threads took: 0.0001793 seconds
2024-10-04T02:50:40.735+0300: 329.889: Application time: 0.3438249 seconds
2024-10-04T02:50:40.735+0300: 329.889: [GC (Allocation Failure) 2024-10-04T02:50:40.735+0300: 329.889: [DefNew: 1124444K->5667K(1258304K), 0.0032811 secs] 1137831K->19055K(4054528K), 0.0033482 secs] [Times: user=0.00 sys=0.00, real=0.00 secs] 
2024-10-04T02:50:40.735+0300: 329.893: Total time for which application threads were stopped: 0.0036150 seconds, Stopping threads took: 0.0001488 seconds
2024-10-04T02:50:41.079+0300: 330.239: Application time: 0.3463782 seconds
2024-10-04T02:50:41.079+0300: 330.239: [GC (Allocation Failure) 2024-10-04T02:50:41.079+0300: 330.239: [DefNew: 1124195K->5834K(1258304K), 0.0035293 secs] 1137583K->19223K(4054528K), 0.0036089 secs] [Times: user=0.00 sys=0.00, real=0.02 secs] 
2024-10-04T02:50:41.095+0300: 330.243: Total time for which application threads were stopped: 0.0039314 seconds, Stopping threads took: 0.0001943 seconds
2024-10-04T02:50:41.425+0300: 330.579: Application time: 0.3356245 seconds
2024-10-04T02:50:41.425+0300: 330.579: [GC (Allocation Failure) 2024-10-04T02:50:41.425+0300: 330.579: [DefNew: 1124362K->7563K(1258304K), 0.0052835 secs] 1137751K->20952K(4054528K), 0.0053583 secs] [Times: user=0.00 sys=0.00, real=0.00 secs] 
2024-10-04T02:50:41.425+0300: 330.584: Total time for which application threads were stopped: 0.0057303 seconds, Stopping threads took: 0.0002383 seconds
2024-10-04T02:50:41.770+0300: 330.917: Application time: 0.3326829 seconds
2024-10-04T02:50:41.770+0300: 330.917: [GC (Allocation Failure) 2024-10-04T02:50:41.770+0300: 330.917: [DefNew: 1126091K->7475K(1258304K), 0.0050612 secs] 1139480K->20864K(4054528K), 0.0051324 secs] [Times: user=0.00 sys=0.00, real=0.00 secs] 
2024-10-04T02:50:41.770+0300: 330.922: Total time for which application threads were stopped: 0.0054335 seconds, Stopping threads took: 0.0001808 seconds
2024-10-04T02:50:42.131+0300: 331.279: Application time: 0.3569386 seconds
2024-10-04T02:50:42.131+0300: 331.280: [GC (Allocation Failure) 2024-10-04T02:50:42.131+0300: 331.280: [DefNew: 1126003K->5859K(1258304K), 0.0035540 secs] 1139392K->19248K(4054528K), 0.0036356 secs] [Times: user=0.00 sys=0.02, real=0.00 secs] 
2024-10-04T02:50:42.131+0300: 331.283: Total time for which application threads were stopped: 0.0039619 seconds, Stopping threads took: 0.0001970 seconds
2024-10-04T02:50:42.477+0300: 331.630: Application time: 0.3469684 seconds
2024-10-04T02:50:42.477+0300: 331.631: [GC (Allocation Failure) 2024-10-04T02:50:42.477+0300: 331.631: [DefNew: 1124387K->5539K(1258304K), 0.0031280 secs] 1137776K->18928K(4054528K), 0.0031928 secs] [Times: user=0.00 sys=0.00, real=0.00 secs] 
2024-10-04T02:50:42.477+0300: 331.634: Total time for which application threads were stopped: 0.0035079 seconds, Stopping threads took: 0.0002019 seconds
2024-10-04T02:50:42.823+0300: 331.969: Application time: 0.3348259 seconds
2024-10-04T02:50:42.823+0300: 331.969: [GC (Allocation Failure) 2024-10-04T02:50:42.823+0300: 331.969: [DefNew: 1124067K->5617K(1258304K), 0.0036385 secs] 1137456K->19007K(4054528K), 0.0037144 secs] [Times: user=0.00 sys=0.00, real=0.00 secs] 
2024-10-04T02:50:42.823+0300: 331.973: Total time for which application threads were stopped: 0.0040278 seconds, Stopping threads took: 0.0001693 seconds
2024-10-04T02:50:43.169+0300: 332.315: Application time: 0.3423556 seconds
2024-10-04T02:50:43.169+0300: 332.315: [GC (Allocation Failure) 2024-10-04T02:50:43.169+0300: 332.315: [DefNew: 1124145K->7154K(1258304K), 0.0050104 secs] 1137535K->20545K(4054528K), 0.0050860 secs] [Times: user=0.00 sys=0.00, real=0.00 secs] 
2024-10-04T02:50:43.169+0300: 332.320: Total time for which application threads were stopped: 0.0053087 seconds, Stopping threads took: 0.0001164 seconds
2024-10-04T02:50:43.514+0300: 332.663: Application time: 0.3424519 seconds
2024-10-04T02:50:43.514+0300: 332.663: [GC (Allocation Failure) 2024-10-04T02:50:43.514+0300: 332.663: [DefNew: 1125682K->6196K(1258304K), 0.0037858 secs] 1139073K->19587K(4054528K), 0.0038581 secs] [Times: user=0.00 sys=0.00, real=0.00 secs] 
2024-10-04T02:50:43.514+0300: 332.667: Total time for which application threads were stopped: 0.0041481 seconds, Stopping threads took: 0.0001666 seconds
2024-10-04T02:50:43.867+0300: 333.017: Application time: 0.3499361 seconds
2024-10-04T02:50:43.867+0300: 333.017: [GC (Allocation Failure) 2024-10-04T02:50:43.867+0300: 333.017: [DefNew: 1124724K->5434K(1258304K), 0.0036106 secs] 1138115K->18825K(4054528K), 0.0036762 secs] [Times: user=0.00 sys=0.00, real=0.01 secs] 
2024-10-04T02:50:43.875+0300: 333.021: Total time for which application threads were stopped: 0.0040174 seconds, Stopping threads took: 0.0001866 seconds
2024-10-04T02:50:44.205+0300: 333.363: Application time: 0.3423264 seconds
2024-10-04T02:50:44.205+0300: 333.364: [GC (Allocation Failure) 2024-10-04T02:50:44.205+0300: 333.364: [DefNew: 1123962K->5626K(1258304K), 0.0034566 secs] 1137353K->19018K(4054528K), 0.0035337 secs] [Times: user=0.00 sys=0.00, real=0.02 secs] 
2024-10-04T02:50:44.221+0300: 333.367: Total time for which application threads were stopped: 0.0038716 seconds, Stopping threads took: 0.0002190 seconds
2024-10-04T02:50:44.550+0300: 333.698: Application time: 0.3307415 seconds
2024-10-04T02:50:44.550+0300: 333.698: [GC (Allocation Failure) 2024-10-04T02:50:44.550+0300: 333.698: [DefNew: 1124154K->5533K(1258304K), 0.0032585 secs] 1137546K->18925K(4054528K), 0.0033297 secs] [Times: user=0.00 sys=0.00, real=0.00 secs] 
2024-10-04T02:50:44.550+0300: 333.701: Total time for which application threads were stopped: 0.0036280 seconds, Stopping threads took: 0.0001619 seconds
2024-10-04T02:50:44.896+0300: 334.044: Application time: 0.3421767 seconds
2024-10-04T02:50:44.896+0300: 334.044: [GC (Allocation Failure) 2024-10-04T02:50:44.896+0300: 334.044: [DefNew: 1124061K->7259K(1258304K), 0.0045227 secs] 1137453K->20651K(4054528K), 0.0046003 secs] [Times: user=0.00 sys=0.00, real=0.00 secs] 
2024-10-04T02:50:44.896+0300: 334.049: Total time for which application threads were stopped: 0.0049449 seconds, Stopping threads took: 0.0002013 seconds
2024-10-04T02:50:45.242+0300: 334.397: Application time: 0.3479097 seconds
2024-10-04T02:50:45.242+0300: 334.397: [GC (Allocation Failure) 2024-10-04T02:50:45.242+0300: 334.397: [DefNew: 1125787K->5733K(1258304K), 0.0033751 secs] 1139179K->19125K(4054528K), 0.0034488 secs] [Times: user=0.00 sys=0.00, real=0.00 secs] 
2024-10-04T02:50:45.242+0300: 334.400: Total time for which application threads were stopped: 0.0037822 seconds, Stopping threads took: 0.0002082 seconds
2024-10-04T02:50:45.603+0300: 334.749: Application time: 0.3490340 seconds
2024-10-04T02:50:45.603+0300: 334.750: [GC (Allocation Failure) 2024-10-04T02:50:45.603+0300: 334.750: [DefNew: 1124261K->5469K(1258304K), 0.0031935 secs] 1137653K->18861K(4054528K), 0.0032614 secs] [Times: user=0.00 sys=0.00, real=0.00 secs] 
2024-10-04T02:50:45.603+0300: 334.753: Total time for which application threads were stopped: 0.0035578 seconds, Stopping threads took: 0.0001610 seconds
2024-10-04T02:50:45.948+0300: 335.098: Application time: 0.3449858 seconds
2024-10-04T02:50:45.948+0300: 335.098: [GC (Allocation Failure) 2024-10-04T02:50:45.948+0300: 335.098: [DefNew: 1123997K->5603K(1258304K), 0.0034164 secs] 1137389K->18996K(4054528K), 0.0034850 secs] [Times: user=0.00 sys=0.00, real=0.00 secs] 
2024-10-04T02:50:45.948+0300: 335.102: Total time for which application threads were stopped: 0.0037956 seconds, Stopping threads took: 0.0001719 seconds
2024-10-04T02:50:46.278+0300: 335.436: Application time: 0.3343033 seconds
2024-10-04T02:50:46.278+0300: 335.436: [GC (Allocation Failure) 2024-10-04T02:50:46.278+0300: 335.436: [DefNew: 1124131K->5741K(1258304K), 0.0041612 secs] 1137524K->19135K(4054528K), 0.0042479 secs] [Times: user=0.02 sys=0.00, real=0.02 secs] 
2024-10-04T02:50:46.294+0300: 335.441: Total time for which application threads were stopped: 0.0045684 seconds, Stopping threads took: 0.0001956 seconds
2024-10-04T02:50:46.639+0300: 335.787: Application time: 0.3461910 seconds
2024-10-04T02:50:46.639+0300: 335.787: [GC (Allocation Failure) 2024-10-04T02:50:46.639+0300: 335.787: [DefNew: 1124269K->5892K(1258304K), 0.0033386 secs] 1137663K->19286K(4054528K), 0.0034075 secs] [Times: user=0.00 sys=0.00, real=0.00 secs] 
2024-10-04T02:50:46.639+0300: 335.790: Total time for which application threads were stopped: 0.0036796 seconds, Stopping threads took: 0.0001555 seconds
2024-10-04T02:50:47.000+0300: 336.147: Application time: 0.3569179 seconds
2024-10-04T02:50:47.000+0300: 336.148: [GC (Allocation Failure) 2024-10-04T02:50:47.000+0300: 336.148: [DefNew: 1124420K->5710K(1258304K), 0.0034188 secs] 1137814K->19104K(4054528K), 0.0034987 secs] [Times: user=0.02 sys=0.00, real=0.00 secs] 
2024-10-04T02:50:47.000+0300: 336.151: Total time for which application threads were stopped: 0.0037999 seconds, Stopping threads took: 0.0001557 seconds
2024-10-04T02:50:47.345+0300: 336.491: Application time: 0.3394842 seconds
2024-10-04T02:50:47.345+0300: 336.491: [GC (Allocation Failure) 2024-10-04T02:50:47.345+0300: 336.491: [DefNew: 1124238K->5563K(1258304K), 0.0032212 secs] 1137632K->18957K(4054528K), 0.0032876 secs] [Times: user=0.00 sys=0.00, real=0.00 secs] 
2024-10-04T02:50:47.345+0300: 336.494: Total time for which application threads were stopped: 0.0035711 seconds, Stopping threads took: 0.0001695 seconds
2024-10-04T02:50:47.690+0300: 336.838: Application time: 0.3436779 seconds
2024-10-04T02:50:47.690+0300: 336.838: [GC (Allocation Failure) 2024-10-04T02:50:47.690+0300: 336.838: [DefNew: 1124091K->5714K(1258304K), 0.0032798 secs] 1137485K->19109K(4054528K), 0.0033734 secs] [Times: user=0.00 sys=0.00, real=0.00 secs] 
2024-10-04T02:50:47.690+0300: 336.842: Total time for which application threads were stopped: 0.0036552 seconds, Stopping threads took: 0.0001389 seconds
2024-10-04T02:50:48.035+0300: 337.188: Application time: 0.3460642 seconds
2024-10-04T02:50:48.035+0300: 337.188: [GC (Allocation Failure) 2024-10-04T02:50:48.035+0300: 337.188: [DefNew: 1124242K->7501K(1258304K), 0.0048786 secs] 1137637K->20895K(4054528K), 0.0049488 secs] [Times: user=0.00 sys=0.00, real=0.00 secs] 
2024-10-04T02:50:48.035+0300: 337.193: Total time for which application threads were stopped: 0.0052636 seconds, Stopping threads took: 0.0001919 seconds
2024-10-04T02:50:48.381+0300: 337.539: Application time: 0.3458053 seconds
2024-10-04T02:50:48.381+0300: 337.539: [GC (Allocation Failure) 2024-10-04T02:50:48.381+0300: 337.539: [DefNew: 1126029K->5445K(1258304K), 0.0031994 secs] 1139423K->18840K(4054528K), 0.0032640 secs] [Times: user=0.00 sys=0.00, real=0.02 secs] 
2024-10-04T02:50:48.397+0300: 337.542: Total time for which application threads were stopped: 0.0035908 seconds, Stopping threads took: 0.0002053 seconds
2024-10-04T02:50:48.742+0300: 337.892: Application time: 0.3498037 seconds
2024-10-04T02:50:48.742+0300: 337.892: [GC (Allocation Failure) 2024-10-04T02:50:48.742+0300: 337.892: [DefNew: 1123973K->5719K(1258304K), 0.0032622 secs] 1137368K->19114K(4054528K), 0.0033315 secs] [Times: user=0.00 sys=0.00, real=0.00 secs] 
2024-10-04T02:50:48.742+0300: 337.896: Total time for which application threads were stopped: 0.0035815 seconds, Stopping threads took: 0.0001412 seconds
2024-10-04T02:50:49.087+0300: 338.245: Application time: 0.3488146 seconds
2024-10-04T02:50:49.087+0300: 338.245: [GC (Allocation Failure) 2024-10-04T02:50:49.087+0300: 338.245: [DefNew: 1124247K->6187K(1258304K), 0.0036965 secs] 1137642K->19583K(4054528K), 0.0037721 secs] [Times: user=0.00 sys=0.00, real=0.02 secs] 
2024-10-04T02:50:49.103+0300: 338.249: Total time for which application threads were stopped: 0.0040931 seconds, Stopping threads took: 0.0001770 seconds
2024-10-04T02:50:49.433+0300: 338.580: Application time: 0.3312292 seconds
2024-10-04T02:50:49.433+0300: 338.580: [GC (Allocation Failure) 2024-10-04T02:50:49.433+0300: 338.580: [DefNew: 1124715K->5364K(1258304K), 0.0030541 secs] 1138111K->18760K(4054528K), 0.0031180 secs] [Times: user=0.00 sys=0.00, real=0.00 secs] 
2024-10-04T02:50:49.433+0300: 338.583: Total time for which application threads were stopped: 0.0033900 seconds, Stopping threads took: 0.0001420 seconds
2024-10-04T02:50:49.763+0300: 338.922: Application time: 0.3392170 seconds
2024-10-04T02:50:49.763+0300: 338.923: [GC (Allocation Failure) 2024-10-04T02:50:49.763+0300: 338.923: [DefNew: 1123892K->9524K(1258304K), 0.0076346 secs] 1137288K->22921K(4054528K), 0.0077076 secs] [Times: user=0.00 sys=0.00, real=0.02 secs] 
2024-10-04T02:50:49.781+0300: 338.930: Total time for which application threads were stopped: 0.0080259 seconds, Stopping threads took: 0.0001928 seconds
2024-10-04T02:50:50.139+0300: 339.285: Application time: 0.3549859 seconds
2024-10-04T02:50:50.139+0300: 339.286: [GC (Allocation Failure) 2024-10-04T02:50:50.139+0300: 339.286: [DefNew: 1128052K->5548K(1258304K), 0.0032481 secs] 1141449K->18945K(4054528K), 0.0033239 secs] [Times: user=0.00 sys=0.00, real=0.00 secs] 
2024-10-04T02:50:50.139+0300: 339.289: Total time for which application threads were stopped: 0.0035823 seconds, Stopping threads took: 0.0001303 seconds
2024-10-04T02:50:50.482+0300: 339.628: Application time: 0.3387672 seconds
2024-10-04T02:50:50.482+0300: 339.628: [GC (Allocation Failure) 2024-10-04T02:50:50.482+0300: 339.628: [DefNew: 1124076K->5480K(1258304K), 0.0032421 secs] 1137473K->18877K(4054528K), 0.0033104 secs] [Times: user=0.00 sys=0.00, real=0.00 secs] 
2024-10-04T02:50:50.485+0300: 339.631: Total time for which application threads were stopped: 0.0036315 seconds, Stopping threads took: 0.0001974 seconds
2024-10-04T02:50:50.814+0300: 339.967: Application time: 0.3353531 seconds
2024-10-04T02:50:50.814+0300: 339.967: [GC (Allocation Failure) 2024-10-04T02:50:50.814+0300: 339.967: [DefNew: 1124008K->5583K(1258304K), 0.0035780 secs] 1137405K->18980K(4054528K), 0.0036669 secs] [Times: user=0.00 sys=0.00, real=0.00 secs] 
2024-10-04T02:50:50.814+0300: 339.971: Total time for which application threads were stopped: 0.0040159 seconds, Stopping threads took: 0.0001843 seconds
2024-10-04T02:50:51.159+0300: 340.316: Application time: 0.3451711 seconds
2024-10-04T02:50:51.159+0300: 340.316: [GC (Allocation Failure) 2024-10-04T02:50:51.159+0300: 340.316: [DefNew: 1124111K->5900K(1258304K), 0.0034950 secs] 1137508K->19298K(4054528K), 0.0035685 secs] [Times: user=0.00 sys=0.00, real=0.00 secs] 
2024-10-04T02:50:51.159+0300: 340.320: Total time for which application threads were stopped: 0.0038533 seconds, Stopping threads took: 0.0001643 seconds
2024-10-04T02:50:51.505+0300: 340.658: Application time: 0.3385317 seconds
2024-10-04T02:50:51.505+0300: 340.659: [GC (Allocation Failure) 2024-10-04T02:50:51.505+0300: 340.659: [DefNew: 1124428K->7455K(1258304K), 0.0048262 secs] 1137826K->20853K(4054528K), 0.0049040 secs] [Times: user=0.00 sys=0.00, real=0.00 secs] 
2024-10-04T02:50:51.505+0300: 340.664: Total time for which application threads were stopped: 0.0052161 seconds, Stopping threads took: 0.0001854 seconds
2024-10-04T02:50:51.850+0300: 341.010: Application time: 0.3467023 seconds
2024-10-04T02:50:51.850+0300: 341.011: [GC (Allocation Failure) 2024-10-04T02:50:51.850+0300: 341.011: [DefNew: 1125983K->5533K(1258304K), 0.0037344 secs] 1139381K->18931K(4054528K), 0.0038099 secs] [Times: user=0.00 sys=0.00, real=0.02 secs] 
2024-10-04T02:50:51.866+0300: 341.014: Total time for which application threads were stopped: 0.0041082 seconds, Stopping threads took: 0.0001286 seconds
2024-10-04T02:50:52.196+0300: 341.354: Application time: 0.3399797 seconds
2024-10-04T02:50:52.196+0300: 341.355: [GC (Allocation Failure) 2024-10-04T02:50:52.196+0300: 341.355: [DefNew: 1124061K->5554K(1258304K), 0.0033828 secs] 1137459K->18953K(4054528K), 0.0034582 secs] [Times: user=0.00 sys=0.00, real=0.02 secs] 
2024-10-04T02:50:52.212+0300: 341.358: Total time for which application threads were stopped: 0.0037176 seconds, Stopping threads took: 0.0001437 seconds
2024-10-04T02:50:52.541+0300: 341.687: Application time: 0.3291107 seconds
2024-10-04T02:50:52.541+0300: 341.687: [GC (Allocation Failure) 2024-10-04T02:50:52.541+0300: 341.688: [DefNew: 1124082K->6188K(1258304K), 0.0034867 secs] 1137481K->19587K(4054528K), 0.0035561 secs] [Times: user=0.00 sys=0.00, real=0.00 secs] 
2024-10-04T02:50:52.541+0300: 341.691: Total time for which application threads were stopped: 0.0038407 seconds, Stopping threads took: 0.0001644 seconds
2024-10-04T02:50:52.888+0300: 342.040: Application time: 0.3492079 seconds
2024-10-04T02:50:52.888+0300: 342.041: [GC (Allocation Failure) 2024-10-04T02:50:52.888+0300: 342.041: [DefNew: 1124716K->6123K(1258304K), 0.0040859 secs] 1138115K->19523K(4054528K), 0.0041845 secs] [Times: user=0.00 sys=0.00, real=0.00 secs] 
2024-10-04T02:50:52.888+0300: 342.045: Total time for which application threads were stopped: 0.0045993 seconds, Stopping threads took: 0.0002226 seconds
2024-10-04T02:50:53.248+0300: 342.396: Application time: 0.3508554 seconds
2024-10-04T02:50:53.248+0300: 342.396: [GC (Allocation Failure) 2024-10-04T02:50:53.248+0300: 342.396: [DefNew: 1124651K->5728K(1258304K), 0.0034249 secs] 1138051K->19127K(4054528K), 0.0035028 secs] [Times: user=0.00 sys=0.00, real=0.00 secs] 
2024-10-04T02:50:53.248+0300: 342.400: Total time for which application threads were stopped: 0.0038223 seconds, Stopping threads took: 0.0001647 seconds
2024-10-04T02:50:53.593+0300: 342.742: Application time: 0.3420776 seconds
2024-10-04T02:50:53.593+0300: 342.742: [GC (Allocation Failure) 2024-10-04T02:50:53.593+0300: 342.742: [DefNew: 1124256K->5638K(1258304K), 0.0034277 secs] 1137655K->19038K(4054528K), 0.0035154 secs] [Times: user=0.00 sys=0.00, real=0.00 secs] 
2024-10-04T02:50:53.593+0300: 342.745: Total time for which application threads were stopped: 0.0037997 seconds, Stopping threads took: 0.0001526 seconds
2024-10-04T02:50:53.938+0300: 343.085: Application time: 0.3394006 seconds
2024-10-04T02:50:53.938+0300: 343.085: [GC (Allocation Failure) 2024-10-04T02:50:53.938+0300: 343.085: [DefNew: 1124166K->5592K(1258304K), 0.0033012 secs] 1137566K->18992K(4054528K), 0.0033904 secs] [Times: user=0.00 sys=0.00, real=0.00 secs] 
2024-10-04T02:50:53.938+0300: 343.089: Total time for which application threads were stopped: 0.0037002 seconds, Stopping threads took: 0.0001540 seconds
2024-10-04T02:50:54.268+0300: 343.426: Application time: 0.3370395 seconds
2024-10-04T02:50:54.268+0300: 343.426: [GC (Allocation Failure) 2024-10-04T02:50:54.268+0300: 343.426: [DefNew: 1124120K->11374K(1258304K), 0.0107090 secs] 1137520K->24774K(4054528K), 0.0107770 secs] [Times: user=0.00 sys=0.00, real=0.02 secs] 
2024-10-04T02:50:54.291+0300: 343.437: Total time for which application threads were stopped: 0.0111056 seconds, Stopping threads took: 0.0002062 seconds
2024-10-04T02:50:54.629+0300: 343.782: Application time: 0.3451205 seconds
2024-10-04T02:50:54.629+0300: 343.782: [GC (Allocation Failure) 2024-10-04T02:50:54.629+0300: 343.782: [DefNew: 1129902K->5635K(1258304K), 0.0032342 secs] 1143302K->19036K(4054528K), 0.0033071 secs] [Times: user=0.00 sys=0.00, real=0.00 secs] 
2024-10-04T02:50:54.629+0300: 343.785: Total time for which application threads were stopped: 0.0036109 seconds, Stopping threads took: 0.0001878 seconds
2024-10-04T02:50:54.993+0300: 344.141: Application time: 0.3552619 seconds
2024-10-04T02:50:54.993+0300: 344.141: [GC (Allocation Failure) 2024-10-04T02:50:54.993+0300: 344.141: [DefNew: 1124163K->5588K(1258304K), 0.0033054 secs] 1137564K->18989K(4054528K), 0.0033796 secs] [Times: user=0.00 sys=0.00, real=0.00 secs] 
2024-10-04T02:50:54.993+0300: 344.144: Total time for which application threads were stopped: 0.0036931 seconds, Stopping threads took: 0.0001742 seconds
2024-10-04T02:50:55.334+0300: 344.487: Application time: 0.3424837 seconds
2024-10-04T02:50:55.334+0300: 344.487: [GC (Allocation Failure) 2024-10-04T02:50:55.334+0300: 344.487: [DefNew: 1124116K->5788K(1258304K), 0.0034362 secs] 1137517K->19189K(4054528K), 0.0035076 secs] [Times: user=0.00 sys=0.00, real=0.00 secs] 
2024-10-04T02:50:55.334+0300: 344.491: Total time for which application threads were stopped: 0.0038145 seconds, Stopping threads took: 0.0001725 seconds
2024-10-04T02:50:55.664+0300: 344.822: Application time: 0.3315107 seconds
2024-10-04T02:50:55.664+0300: 344.822: [GC (Allocation Failure) 2024-10-04T02:50:55.664+0300: 344.823: [DefNew: 1124316K->5674K(1258304K), 0.0033918 secs] 1137717K->19075K(4054528K), 0.0034610 secs] [Times: user=0.00 sys=0.00, real=0.02 secs] 
2024-10-04T02:50:55.680+0300: 344.826: Total time for which application threads were stopped: 0.0037398 seconds, Stopping threads took: 0.0001596 seconds
2024-10-04T02:50:56.025+0300: 345.175: Application time: 0.3489833 seconds
2024-10-04T02:50:56.025+0300: 345.175: [GC (Allocation Failure) 2024-10-04T02:50:56.025+0300: 345.175: [DefNew: 1124202K->6300K(1258304K), 0.0034760 secs] 1137603K->19702K(4054528K), 0.0035575 secs] [Times: user=0.00 sys=0.00, real=0.00 secs] 
2024-10-04T02:50:56.025+0300: 345.179: Total time for which application threads were stopped: 0.0038727 seconds, Stopping threads took: 0.0001872 seconds
2024-10-04T02:50:56.371+0300: 345.528: Application time: 0.3488922 seconds
2024-10-04T02:50:56.371+0300: 345.528: [GC (Allocation Failure) 2024-10-04T02:50:56.371+0300: 345.528: [DefNew: 1124828K->5516K(1258304K), 0.0031028 secs] 1138230K->18918K(4054528K), 0.0031681 secs] [Times: user=0.00 sys=0.00, real=0.00 secs] 
2024-10-04T02:50:56.371+0300: 345.531: Total time for which application threads were stopped: 0.0034399 seconds, Stopping threads took: 0.0001606 seconds
2024-10-04T02:50:56.716+0300: 345.876: Application time: 0.3450040 seconds
2024-10-04T02:50:56.716+0300: 345.876: [GC (Allocation Failure) 2024-10-04T02:50:56.716+0300: 345.876: [DefNew: 1124044K->5675K(1258304K), 0.0033325 secs] 1137446K->19078K(4054528K), 0.0034051 secs] [Times: user=0.00 sys=0.00, real=0.02 secs] 
2024-10-04T02:50:56.732+0300: 345.880: Total time for which application threads were stopped: 0.0036879 seconds, Stopping threads took: 0.0001616 seconds
2024-10-04T02:50:57.061+0300: 346.221: Application time: 0.3411191 seconds
2024-10-04T02:50:57.061+0300: 346.221: [GC (Allocation Failure) 2024-10-04T02:50:57.061+0300: 346.221: [DefNew: 1124203K->5613K(1258304K), 0.0033509 secs] 1137606K->19016K(4054528K), 0.0034206 secs] [Times: user=0.00 sys=0.00, real=0.02 secs] 
2024-10-04T02:50:57.077+0300: 346.225: Total time for which application threads were stopped: 0.0037539 seconds, Stopping threads took: 0.0001971 seconds
2024-10-04T02:50:57.407+0300: 346.560: Application time: 0.3353381 seconds
2024-10-04T02:50:57.407+0300: 346.560: [GC (Allocation Failure) 2024-10-04T02:50:57.407+0300: 346.560: [DefNew: 1124141K->6901K(1258304K), 0.0038067 secs] 1137544K->20304K(4054528K), 0.0038784 secs] [Times: user=0.00 sys=0.00, real=0.00 secs] 
2024-10-04T02:50:57.407+0300: 346.564: Total time for which application threads were stopped: 0.0041461 seconds, Stopping threads took: 0.0001446 seconds
2024-10-04T02:50:57.752+0300: 346.909: Application time: 0.3447936 seconds
2024-10-04T02:50:57.752+0300: 346.909: [GC (Allocation Failure) 2024-10-04T02:50:57.752+0300: 346.909: [DefNew: 1125429K->6094K(1258304K), 0.0036527 secs] 1138832K->19498K(4054528K), 0.0037275 secs] [Times: user=0.00 sys=0.00, real=0.02 secs] 
2024-10-04T02:50:57.768+0300: 346.913: Total time for which application threads were stopped: 0.0040054 seconds, Stopping threads took: 0.0001605 seconds
2024-10-04T02:50:58.113+0300: 347.270: Application time: 0.3570395 seconds
2024-10-04T02:50:58.113+0300: 347.270: [GC (Allocation Failure) 2024-10-04T02:50:58.113+0300: 347.270: [DefNew: 1124622K->5571K(1258304K), 0.0032750 secs] 1138026K->18974K(4054528K), 0.0033511 secs] [Times: user=0.00 sys=0.00, real=0.00 secs] 
2024-10-04T02:50:58.113+0300: 347.274: Total time for which application threads were stopped: 0.0037102 seconds, Stopping threads took: 0.0002294 seconds
2024-10-04T02:50:58.459+0300: 347.612: Application time: 0.3379675 seconds
2024-10-04T02:50:58.459+0300: 347.612: [GC (Allocation Failure) 2024-10-04T02:50:58.459+0300: 347.612: [DefNew: 1124099K->5649K(1258304K), 0.0032397 secs] 1137502K->19053K(4054528K), 0.0033085 secs] [Times: user=0.00 sys=0.00, real=0.00 secs] 
2024-10-04T02:50:58.459+0300: 347.615: Total time for which application threads were stopped: 0.0036057 seconds, Stopping threads took: 0.0001782 seconds
2024-10-04T02:50:58.804+0300: 347.951: Application time: 0.3352140 seconds
2024-10-04T02:50:58.804+0300: 347.951: [GC (Allocation Failure) 2024-10-04T02:50:58.804+0300: 347.951: [DefNew: 1124177K->7569K(1258304K), 0.0060029 secs] 1137581K->20973K(4054528K), 0.0060779 secs] [Times: user=0.00 sys=0.00, real=0.00 secs] 
2024-10-04T02:50:58.804+0300: 347.957: Total time for which application threads were stopped: 0.0063550 seconds, Stopping threads took: 0.0001500 seconds
2024-10-04T02:50:59.149+0300: 348.301: Application time: 0.3437404 seconds
2024-10-04T02:50:59.149+0300: 348.301: [GC (Allocation Failure) 2024-10-04T02:50:59.149+0300: 348.301: [DefNew: 1126097K->9803K(1258304K), 0.0076138 secs] 1139501K->23208K(4054528K), 0.0076990 secs] [Times: user=0.00 sys=0.00, real=0.00 secs] 
2024-10-04T02:50:59.149+0300: 348.309: Total time for which application threads were stopped: 0.0080400 seconds, Stopping threads took: 0.0002200 seconds
2024-10-04T02:50:59.511+0300: 348.657: Application time: 0.3482253 seconds
2024-10-04T02:50:59.511+0300: 348.657: [GC (Allocation Failure) 2024-10-04T02:50:59.511+0300: 348.657: [DefNew: 1128331K->5546K(1258304K), 0.0031482 secs] 1141736K->18951K(4054528K), 0.0032126 secs] [Times: user=0.00 sys=0.00, real=0.00 secs] 
2024-10-04T02:50:59.511+0300: 348.660: Total time for which application threads were stopped: 0.0034840 seconds, Stopping threads took: 0.0001618 seconds
2024-10-04T02:50:59.856+0300: 349.013: Application time: 0.3528542 seconds
2024-10-04T02:50:59.856+0300: 349.014: [GC (Allocation Failure) 2024-10-04T02:50:59.856+0300: 349.014: [DefNew: 1124074K->5466K(1258304K), 0.0031592 secs] 1137479K->18871K(4054528K), 0.0032820 secs] [Times: user=0.00 sys=0.00, real=0.02 secs] 
2024-10-04T02:50:59.872+0300: 349.017: Total time for which application threads were stopped: 0.0036483 seconds, Stopping threads took: 0.0001972 seconds
2024-10-04T02:51:00.219+0300: 349.364: Application time: 0.3475372 seconds
2024-10-04T02:51:00.219+0300: 349.365: [GC (Allocation Failure) 2024-10-04T02:51:00.219+0300: 349.365: [DefNew: 1123994K->5595K(1258304K), 0.0034329 secs] 1137399K->19001K(4054528K), 0.0035019 secs] [Times: user=0.00 sys=0.00, real=0.00 secs] 
2024-10-04T02:51:00.222+0300: 349.368: Total time for which application threads were stopped: 0.0037742 seconds, Stopping threads took: 0.0001437 seconds
2024-10-04T02:51:00.547+0300: 349.699: Application time: 0.3302542 seconds
2024-10-04T02:51:00.547+0300: 349.699: [GC (Allocation Failure) 2024-10-04T02:51:00.547+0300: 349.699: [DefNew: 1124123K->9553K(1258304K), 0.0076010 secs] 1137529K->22959K(4054528K), 0.0076761 secs] [Times: user=0.00 sys=0.00, real=0.00 secs] 
2024-10-04T02:51:00.547+0300: 349.707: Total time for which application threads were stopped: 0.0080656 seconds, Stopping threads took: 0.0002572 seconds
2024-10-04T02:51:00.909+0300: 350.057: Application time: 0.3500578 seconds
2024-10-04T02:51:00.909+0300: 350.057: [GC (Allocation Failure) 2024-10-04T02:51:00.909+0300: 350.057: [DefNew: 1128081K->6085K(1258304K), 0.0035146 secs] 1141487K->19492K(4054528K), 0.0035897 secs] [Times: user=0.00 sys=0.00, real=0.00 secs] 
2024-10-04T02:51:00.909+0300: 350.060: Total time for which application threads were stopped: 0.0038481 seconds, Stopping threads took: 0.0001048 seconds
2024-10-04T02:51:01.255+0300: 350.408: Application time: 0.3476139 seconds
2024-10-04T02:51:01.255+0300: 350.408: [GC (Allocation Failure) 2024-10-04T02:51:01.255+0300: 350.408: [DefNew: 1124613K->5546K(1258304K), 0.0031966 secs] 1138020K->18953K(4054528K), 0.0032674 secs] [Times: user=0.00 sys=0.00, real=0.00 secs] 
2024-10-04T02:51:01.255+0300: 350.412: Total time for which application threads were stopped: 0.0035742 seconds, Stopping threads took: 0.0001753 seconds
2024-10-04T02:51:01.608+0300: 350.754: Application time: 0.3422835 seconds
2024-10-04T02:51:01.608+0300: 350.754: [GC (Allocation Failure) 2024-10-04T02:51:01.608+0300: 350.754: [DefNew: 1124074K->5612K(1258304K), 0.0033556 secs] 1137481K->19019K(4054528K), 0.0034290 secs] [Times: user=0.00 sys=0.00, real=0.00 secs] 
2024-10-04T02:51:01.608+0300: 350.758: Total time for which application threads were stopped: 0.0037114 seconds, Stopping threads took: 0.0001584 seconds
2024-10-04T02:51:01.946+0300: 351.095: Application time: 0.3373622 seconds
2024-10-04T02:51:01.946+0300: 351.095: [GC (Allocation Failure) 2024-10-04T02:51:01.946+0300: 351.095: [DefNew: 1124140K->5672K(1258304K), 0.0034386 secs] 1137547K->19079K(4054528K), 0.0035232 secs] [Times: user=0.00 sys=0.00, real=0.00 secs] 
2024-10-04T02:51:01.946+0300: 351.099: Total time for which application threads were stopped: 0.0038676 seconds, Stopping threads took: 0.0002045 seconds
2024-10-04T02:51:02.291+0300: 351.438: Application time: 0.3387388 seconds
2024-10-04T02:51:02.291+0300: 351.438: [GC (Allocation Failure) 2024-10-04T02:51:02.291+0300: 351.438: [DefNew: 1124200K->7435K(1258304K), 0.0048614 secs] 1137607K->20842K(4054528K), 0.0049304 secs] [Times: user=0.00 sys=0.00, real=0.00 secs] 
2024-10-04T02:51:02.291+0300: 351.443: Total time for which application threads were stopped: 0.0051654 seconds, Stopping threads took: 0.0001271 seconds
2024-10-04T02:51:02.637+0300: 351.789: Application time: 0.3464214 seconds
2024-10-04T02:51:02.637+0300: 351.790: [GC (Allocation Failure) 2024-10-04T02:51:02.637+0300: 351.790: [DefNew: 1125963K->6019K(1258304K), 0.0035545 secs] 1139370K->19426K(4054528K), 0.0036183 secs] [Times: user=0.00 sys=0.00, real=0.00 secs] 
2024-10-04T02:51:02.637+0300: 351.793: Total time for which application threads were stopped: 0.0039283 seconds, Stopping threads took: 0.0001916 seconds
2024-10-04T02:51:02.983+0300: 352.143: Application time: 0.3500598 seconds
2024-10-04T02:51:02.998+0300: 352.144: [GC (Allocation Failure) 2024-10-04T02:51:02.998+0300: 352.144: [DefNew: 1124547K->5490K(1258304K), 0.0032239 secs] 1137954K->18899K(4054528K), 0.0033040 secs] [Times: user=0.00 sys=0.00, real=0.00 secs] 
2024-10-04T02:51:02.998+0300: 352.147: Total time for which application threads were stopped: 0.0036744 seconds, Stopping threads took: 0.0002277 seconds
2024-10-04T02:51:03.328+0300: 352.483: Application time: 0.3358868 seconds
2024-10-04T02:51:03.328+0300: 352.483: [GC (Allocation Failure) 2024-10-04T02:51:03.328+0300: 352.483: [DefNew: 1124018K->5632K(1258304K), 0.0032257 secs] 1137427K->19040K(4054528K), 0.0032949 secs] [Times: user=0.00 sys=0.00, real=0.00 secs] 
2024-10-04T02:51:03.328+0300: 352.486: Total time for which application threads were stopped: 0.0035843 seconds, Stopping threads took: 0.0001659 seconds
2024-10-04T02:51:03.673+0300: 352.820: Application time: 0.3333448 seconds
2024-10-04T02:51:03.673+0300: 352.820: [GC (Allocation Failure) 2024-10-04T02:51:03.673+0300: 352.820: [DefNew: 1124160K->9227K(1258304K), 0.0073276 secs] 1137568K->22635K(4054528K), 0.0073952 secs] [Times: user=0.00 sys=0.00, real=0.00 secs] 
2024-10-04T02:51:03.673+0300: 352.827: Total time for which application threads were stopped: 0.0077084 seconds, Stopping threads took: 0.0001975 seconds
2024-10-04T02:51:04.018+0300: 353.177: Application time: 0.3490736 seconds
2024-10-04T02:51:04.018+0300: 353.177: [GC (Allocation Failure) 2024-10-04T02:51:04.018+0300: 353.177: [DefNew: 1127755K->5524K(1258304K), 0.0033285 secs] 1141163K->18933K(4054528K), 0.0034026 secs] [Times: user=0.00 sys=0.00, real=0.02 secs] 
2024-10-04T02:51:04.034+0300: 353.180: Total time for which application threads were stopped: 0.0037148 seconds, Stopping threads took: 0.0001877 seconds
2024-10-04T02:51:04.380+0300: 353.525: Application time: 0.3452141 seconds
2024-10-04T02:51:04.380+0300: 353.526: [GC (Allocation Failure) 2024-10-04T02:51:04.380+0300: 353.526: [DefNew: 1124052K->5671K(1258304K), 0.0032787 secs] 1137461K->19081K(4054528K), 0.0033469 secs] [Times: user=0.00 sys=0.00, real=0.00 secs] 
2024-10-04T02:51:04.380+0300: 353.529: Total time for which application threads were stopped: 0.0036138 seconds, Stopping threads took: 0.0001443 seconds
2024-10-04T02:51:04.725+0300: 353.874: Application time: 0.3444985 seconds
2024-10-04T02:51:04.725+0300: 353.874: [GC (Allocation Failure) 2024-10-04T02:51:04.725+0300: 353.874: [DefNew: 1124199K->5542K(1258304K), 0.0034935 secs] 1137609K->18952K(4054528K), 0.0035642 secs] [Times: user=0.00 sys=0.00, real=0.00 secs] 
2024-10-04T02:51:04.725+0300: 353.877: Total time for which application threads were stopped: 0.0038103 seconds, Stopping threads took: 0.0001183 seconds
2024-10-04T02:51:05.071+0300: 354.218: Application time: 0.3404416 seconds
2024-10-04T02:51:05.071+0300: 354.218: [GC (Allocation Failure) 2024-10-04T02:51:05.071+0300: 354.218: [DefNew: 1124070K->5698K(1258304K), 0.0034333 secs] 1137480K->19108K(4054528K), 0.0035215 secs] [Times: user=0.00 sys=0.00, real=0.00 secs] 
2024-10-04T02:51:05.071+0300: 354.222: Total time for which application threads were stopped: 0.0038900 seconds, Stopping threads took: 0.0002237 seconds
2024-10-04T02:51:05.401+0300: 354.556: Application time: 0.3346879 seconds
2024-10-04T02:51:05.401+0300: 354.557: [GC (Allocation Failure) 2024-10-04T02:51:05.401+0300: 354.557: [DefNew: 1124226K->8916K(1258304K), 0.0073006 secs] 1137636K->22327K(4054528K), 0.0073870 secs] [Times: user=0.00 sys=0.00, real=0.02 secs] 
2024-10-04T02:51:05.417+0300: 354.564: Total time for which application threads were stopped: 0.0076473 seconds, Stopping threads took: 0.0001220 seconds
2024-10-04T02:51:05.762+0300: 354.911: Application time: 0.3472853 seconds
2024-10-04T02:51:05.762+0300: 354.912: [GC (Allocation Failure) 2024-10-04T02:51:05.762+0300: 354.912: [DefNew: 1127444K->5793K(1258304K), 0.0033551 secs] 1140855K->19204K(4054528K), 0.0034222 secs] [Times: user=0.00 sys=0.00, real=0.00 secs] 
2024-10-04T02:51:05.762+0300: 354.915: Total time for which application threads were stopped: 0.0037241 seconds, Stopping threads took: 0.0001808 seconds
2024-10-04T02:51:06.122+0300: 355.273: Application time: 0.3575316 seconds
2024-10-04T02:51:06.122+0300: 355.273: [GC (Allocation Failure) 2024-10-04T02:51:06.122+0300: 355.273: [DefNew: 1124321K->5687K(1258304K), 0.0033645 secs] 1137732K->19098K(4054528K), 0.0034418 secs] [Times: user=0.00 sys=0.00, real=0.00 secs] 
2024-10-04T02:51:06.122+0300: 355.276: Total time for which application threads were stopped: 0.0037861 seconds, Stopping threads took: 0.0001657 seconds
2024-10-04T02:51:06.452+0300: 355.611: Application time: 0.3343927 seconds
2024-10-04T02:51:06.452+0300: 355.611: [GC (Allocation Failure) 2024-10-04T02:51:06.452+0300: 355.611: [DefNew: 1124215K->5731K(1258304K), 0.0036376 secs] 1137626K->19142K(4054528K), 0.0037073 secs] [Times: user=0.00 sys=0.00, real=0.02 secs] 
2024-10-04T02:51:06.468+0300: 355.615: Total time for which application threads were stopped: 0.0040183 seconds, Stopping threads took: 0.0001909 seconds
2024-10-04T02:51:06.797+0300: 355.949: Application time: 0.3338003 seconds
2024-10-04T02:51:06.797+0300: 355.949: [GC (Allocation Failure) 2024-10-04T02:51:06.797+0300: 355.949: [DefNew: 1124259K->8387K(1258304K), 0.0055864 secs] 1137670K->21799K(4054528K), 0.0056622 secs] [Times: user=0.00 sys=0.00, real=0.00 secs] 
2024-10-04T02:51:06.797+0300: 355.955: Total time for which application threads were stopped: 0.0059403 seconds, Stopping threads took: 0.0001656 seconds
2024-10-04T02:51:07.143+0300: 356.300: Application time: 0.3457222 seconds
2024-10-04T02:51:07.143+0300: 356.301: [GC (Allocation Failure) 2024-10-04T02:51:07.143+0300: 356.301: [DefNew: 1126915K->8841K(1258304K), 0.0070533 secs] 1140327K->22252K(4054528K), 0.0071289 secs] [Times: user=0.00 sys=0.00, real=0.02 secs] 
2024-10-04T02:51:07.158+0300: 356.308: Total time for which application threads were stopped: 0.0074332 seconds, Stopping threads took: 0.0001780 seconds
2024-10-04T02:51:07.503+0300: 356.654: Application time: 0.3460664 seconds
2024-10-04T02:51:07.503+0300: 356.654: [GC (Allocation Failure) 2024-10-04T02:51:07.503+0300: 356.654: [DefNew: 1127369K->5474K(1258304K), 0.0031341 secs] 1140780K->18886K(4054528K), 0.0031989 secs] [Times: user=0.00 sys=0.00, real=0.00 secs] 
2024-10-04T02:51:07.503+0300: 356.657: Total time for which application threads were stopped: 0.0034456 seconds, Stopping threads took: 0.0001323 seconds
2024-10-04T02:51:07.860+0300: 357.008: Application time: 0.3508612 seconds
2024-10-04T02:51:07.860+0300: 357.008: [GC (Allocation Failure) 2024-10-04T02:51:07.860+0300: 357.008: [DefNew: 1124002K->5730K(1258304K), 0.0033840 secs] 1137414K->19143K(4054528K), 0.0034458 secs] [Times: user=0.00 sys=0.00, real=0.00 secs] 
2024-10-04T02:51:07.864+0300: 357.012: Total time for which application threads were stopped: 0.0037482 seconds, Stopping threads took: 0.0001530 seconds
2024-10-04T02:51:08.194+0300: 357.349: Application time: 0.3367187 seconds
2024-10-04T02:51:08.194+0300: 357.349: [GC (Allocation Failure) 2024-10-04T02:51:08.194+0300: 357.349: [DefNew: 1124258K->5773K(1258304K), 0.0034452 secs] 1137671K->19186K(4054528K), 0.0035342 secs] [Times: user=0.00 sys=0.00, real=0.00 secs] 
2024-10-04T02:51:08.194+0300: 357.352: Total time for which application threads were stopped: 0.0038506 seconds, Stopping threads took: 0.0001668 seconds
2024-10-04T02:51:08.539+0300: 357.684: Application time: 0.3318517 seconds
2024-10-04T02:51:08.539+0300: 357.685: [GC (Allocation Failure) 2024-10-04T02:51:08.539+0300: 357.685: [DefNew: 1124301K->5930K(1258304K), 0.0032925 secs] 1137714K->19343K(4054528K), 0.0033699 secs] [Times: user=0.00 sys=0.00, real=0.00 secs] 
2024-10-04T02:51:08.539+0300: 357.688: Total time for which application threads were stopped: 0.0037409 seconds, Stopping threads took: 0.0002536 seconds
2024-10-04T02:51:08.884+0300: 358.045: Application time: 0.3565052 seconds
2024-10-04T02:51:08.884+0300: 358.045: [GC (Allocation Failure) 2024-10-04T02:51:08.884+0300: 358.045: [DefNew: 1124458K->6074K(1258304K), 0.0037816 secs] 1137871K->19487K(4054528K), 0.0038609 secs] [Times: user=0.00 sys=0.00, real=0.02 secs] 
2024-10-04T02:51:08.900+0300: 358.049: Total time for which application threads were stopped: 0.0042053 seconds, Stopping threads took: 0.0001777 seconds
2024-10-04T02:51:09.246+0300: 358.396: Application time: 0.3470518 seconds
2024-10-04T02:51:09.246+0300: 358.396: [GC (Allocation Failure) 2024-10-04T02:51:09.246+0300: 358.396: [DefNew: 1124602K->5685K(1258304K), 0.0033828 secs] 1138015K->19099K(4054528K), 0.0034554 secs] [Times: user=0.00 sys=0.00, real=0.00 secs] 
2024-10-04T02:51:09.246+0300: 358.400: Total time for which application threads were stopped: 0.0037632 seconds, Stopping threads took: 0.0001773 seconds
2024-10-04T02:51:09.590+0300: 358.738: Application time: 0.3384774 seconds
2024-10-04T02:51:09.590+0300: 358.738: [GC (Allocation Failure) 2024-10-04T02:51:09.590+0300: 358.738: [DefNew: 1124213K->5387K(1258304K), 0.0029515 secs] 1137627K->18801K(4054528K), 0.0030208 secs] [Times: user=0.00 sys=0.00, real=0.00 secs] 
2024-10-04T02:51:09.590+0300: 358.741: Total time for which application threads were stopped: 0.0032610 seconds, Stopping threads took: 0.0001316 seconds
2024-10-04T02:51:09.936+0300: 359.083: Application time: 0.3420669 seconds
2024-10-04T02:51:09.936+0300: 359.084: [GC (Allocation Failure) 2024-10-04T02:51:09.936+0300: 359.084: [DefNew: 1123915K->6636K(1258304K), 0.0040272 secs] 1137329K->20051K(4054528K), 0.0040980 secs] [Times: user=0.00 sys=0.00, real=0.00 secs] 
2024-10-04T02:51:09.936+0300: 359.088: Total time for which application threads were stopped: 0.0043731 seconds, Stopping threads took: 0.0001565 seconds
2024-10-04T02:51:10.281+0300: 359.430: Application time: 0.3422620 seconds
2024-10-04T02:51:10.281+0300: 359.430: [GC (Allocation Failure) 2024-10-04T02:51:10.281+0300: 359.430: [DefNew: 1125164K->7460K(1258304K), 0.0051247 secs] 1138579K->20875K(4054528K), 0.0051986 secs] [Times: user=0.00 sys=0.00, real=0.00 secs] 
2024-10-04T02:51:10.281+0300: 359.436: Total time for which application threads were stopped: 0.0054889 seconds, Stopping threads took: 0.0001659 seconds
2024-10-04T02:51:10.630+0300: 359.785: Application time: 0.3496668 seconds
2024-10-04T02:51:10.630+0300: 359.785: [GC (Allocation Failure) 2024-10-04T02:51:10.630+0300: 359.785: [DefNew: 1125988K->5513K(1258304K), 0.0032815 secs] 1139403K->18928K(4054528K), 0.0033445 secs] [Times: user=0.00 sys=0.00, real=0.01 secs] 
2024-10-04T02:51:10.643+0300: 359.789: Total time for which application threads were stopped: 0.0036142 seconds, Stopping threads took: 0.0001581 seconds
2024-10-04T02:51:10.988+0300: 360.141: Application time: 0.3524103 seconds
2024-10-04T02:51:10.988+0300: 360.141: [GC (Allocation Failure) 2024-10-04T02:51:10.988+0300: 360.142: [DefNew: 1124041K->5725K(1258304K), 0.0038352 secs] 1137456K->19141K(4054528K), 0.0039195 secs] [Times: user=0.00 sys=0.00, real=0.00 secs] 
2024-10-04T02:51:10.988+0300: 360.145: Total time for which application threads were stopped: 0.0042303 seconds, Stopping threads took: 0.0001890 seconds
2024-10-04T02:51:11.332+0300: 360.481: Application time: 0.3352813 seconds
2024-10-04T02:51:11.332+0300: 360.481: [GC (Allocation Failure) 2024-10-04T02:51:11.332+0300: 360.481: [DefNew: 1124253K->5624K(1258304K), 0.0032461 secs] 1137669K->19040K(4054528K), 0.0033151 secs] [Times: user=0.00 sys=0.00, real=0.00 secs] 
2024-10-04T02:51:11.332+0300: 360.484: Total time for which application threads were stopped: 0.0036331 seconds, Stopping threads took: 0.0001972 seconds
2024-10-04T02:51:11.662+0300: 360.819: Application time: 0.3341714 seconds
2024-10-04T02:51:11.662+0300: 360.819: [GC (Allocation Failure) 2024-10-04T02:51:11.662+0300: 360.819: [DefNew: 1124152K->11012K(1258304K), 0.0105303 secs] 1137568K->24428K(4054528K), 0.0105982 secs] [Times: user=0.00 sys=0.00, real=0.02 secs] 
2024-10-04T02:51:11.677+0300: 360.829: Total time for which application threads were stopped: 0.0109498 seconds, Stopping threads took: 0.0002301 seconds
2024-10-04T02:51:12.039+0300: 361.184: Application time: 0.3543479 seconds
2024-10-04T02:51:12.039+0300: 361.184: [GC (Allocation Failure) 2024-10-04T02:51:12.039+0300: 361.184: [DefNew: 1129540K->5693K(1258304K), 0.0033355 secs] 1142956K->19109K(4054528K), 0.0034069 secs] [Times: user=0.00 sys=0.00, real=0.00 secs] 
2024-10-04T02:51:12.039+0300: 361.188: Total time for which application threads were stopped: 0.0036988 seconds, Stopping threads took: 0.0001735 seconds
2024-10-04T02:51:12.384+0300: 361.535: Application time: 0.3474595 seconds
2024-10-04T02:51:12.384+0300: 361.535: [GC (Allocation Failure) 2024-10-04T02:51:12.384+0300: 361.535: [DefNew: 1124221K->5414K(1258304K), 0.0030613 secs] 1137637K->18830K(4054528K), 0.0031275 secs] [Times: user=0.00 sys=0.00, real=0.00 secs] 
2024-10-04T02:51:12.384+0300: 361.538: Total time for which application threads were stopped: 0.0034142 seconds, Stopping threads took: 0.0001643 seconds
2024-10-04T02:51:12.730+0300: 361.879: Application time: 0.3401912 seconds
2024-10-04T02:51:12.730+0300: 361.879: [GC (Allocation Failure) 2024-10-04T02:51:12.730+0300: 361.879: [DefNew: 1123942K->5659K(1258304K), 0.0032317 secs] 1137358K->19076K(4054528K), 0.0032991 secs] [Times: user=0.00 sys=0.00, real=0.01 secs] 
2024-10-04T02:51:12.736+0300: 361.882: Total time for which application threads were stopped: 0.0035451 seconds, Stopping threads took: 0.0001329 seconds
2024-10-04T02:51:13.076+0300: 362.224: Application time: 0.3417589 seconds
2024-10-04T02:51:13.076+0300: 362.224: [GC (Allocation Failure) 2024-10-04T02:51:13.076+0300: 362.224: [DefNew: 1124187K->5909K(1258304K), 0.0034667 secs] 1137604K->19327K(4054528K), 0.0035416 secs] [Times: user=0.00 sys=0.00, real=0.00 secs] 
2024-10-04T02:51:13.076+0300: 362.228: Total time for which application threads were stopped: 0.0038894 seconds, Stopping threads took: 0.0002223 seconds
2024-10-04T02:51:13.421+0300: 362.569: Application time: 0.3414673 seconds
2024-10-04T02:51:13.421+0300: 362.570: [GC (Allocation Failure) 2024-10-04T02:51:13.421+0300: 362.570: [DefNew: 1124437K->9692K(1258304K), 0.0076047 secs] 1137855K->23110K(4054528K), 0.0076755 secs] [Times: user=0.00 sys=0.00, real=0.00 secs] 
2024-10-04T02:51:13.421+0300: 362.577: Total time for which application threads were stopped: 0.0079663 seconds, Stopping threads took: 0.0001768 seconds
2024-10-04T02:51:13.767+0300: 362.927: Application time: 0.3497815 seconds
2024-10-04T02:51:13.767+0300: 362.927: [GC (Allocation Failure) 2024-10-04T02:51:13.782+0300: 362.927: [DefNew: 1128220K->5615K(1258304K), 0.0033724 secs] 1141638K->19032K(4054528K), 0.0034461 secs] [Times: user=0.00 sys=0.00, real=0.02 secs] 
2024-10-04T02:51:13.782+0300: 362.931: Total time for which application threads were stopped: 0.0037805 seconds, Stopping threads took: 0.0002109 seconds
2024-10-04T02:51:14.139+0300: 363.285: Application time: 0.3540309 seconds
2024-10-04T02:51:14.139+0300: 363.285: [GC (Allocation Failure) 2024-10-04T02:51:14.139+0300: 363.285: [DefNew: 1124143K->5639K(1258304K), 0.0032848 secs] 1137560K->19057K(4054528K), 0.0033650 secs] [Times: user=0.00 sys=0.00, real=0.00 secs] 
2024-10-04T02:51:14.139+0300: 363.289: Total time for which application threads were stopped: 0.0036808 seconds, Stopping threads took: 0.0001899 seconds
2024-10-04T02:51:14.478+0300: 363.623: Application time: 0.3347282 seconds
2024-10-04T02:51:14.478+0300: 363.624: [GC (Allocation Failure) 2024-10-04T02:51:14.478+0300: 363.624: [DefNew: 1124167K->5686K(1258304K), 0.0034517 secs] 1137585K->19105K(4054528K), 0.0035245 secs] [Times: user=0.00 sys=0.00, real=0.00 secs] 
2024-10-04T02:51:14.481+0300: 363.627: Total time for which application threads were stopped: 0.0038324 seconds, Stopping threads took: 0.0001762 seconds
2024-10-04T02:51:14.803+0300: 363.962: Application time: 0.3350026 seconds
2024-10-04T02:51:14.803+0300: 363.962: [GC (Allocation Failure) 2024-10-04T02:51:14.803+0300: 363.962: [DefNew: 1124214K->9346K(1258304K), 0.0090252 secs] 1137633K->22765K(4054528K), 0.0091030 secs] [Times: user=0.02 sys=0.00, real=0.02 secs] 
2024-10-04T02:51:14.818+0300: 363.972: Total time for which application threads were stopped: 0.0094161 seconds, Stopping threads took: 0.0001621 seconds
2024-10-04T02:51:15.164+0300: 364.324: Application time: 0.3529298 seconds
2024-10-04T02:51:15.164+0300: 364.325: [GC (Allocation Failure) 2024-10-04T02:51:15.164+0300: 364.325: [DefNew: 1127874K->5650K(1258304K), 0.0033653 secs] 1141293K->19069K(4054528K), 0.0034405 secs] [Times: user=0.00 sys=0.00, real=0.02 secs] 
2024-10-04T02:51:15.180+0300: 364.328: Total time for which application threads were stopped: 0.0037450 seconds, Stopping threads took: 0.0001769 seconds
2024-10-04T02:51:15.525+0300: 364.672: Application time: 0.3438279 seconds
2024-10-04T02:51:15.525+0300: 364.672: [GC (Allocation Failure) 2024-10-04T02:51:15.525+0300: 364.672: [DefNew: 1124178K->5529K(1258304K), 0.0032608 secs] 1137597K->18949K(4054528K), 0.0033292 secs] [Times: user=0.00 sys=0.00, real=0.00 secs] 
2024-10-04T02:51:15.525+0300: 364.676: Total time for which application threads were stopped: 0.0036404 seconds, Stopping threads took: 0.0001851 seconds
2024-10-04T02:51:15.871+0300: 365.022: Application time: 0.3467669 seconds
2024-10-04T02:51:15.871+0300: 365.023: [GC (Allocation Failure) 2024-10-04T02:51:15.871+0300: 365.023: [DefNew: 1124057K->5581K(1258304K), 0.0033776 secs] 1137477K->19001K(4054528K), 0.0034449 secs] [Times: user=0.00 sys=0.00, real=0.00 secs] 
2024-10-04T02:51:15.871+0300: 365.026: Total time for which application threads were stopped: 0.0037744 seconds, Stopping threads took: 0.0002027 seconds
2024-10-04T02:51:16.216+0300: 365.362: Application time: 0.3355230 seconds
2024-10-04T02:51:16.216+0300: 365.362: [GC (Allocation Failure) 2024-10-04T02:51:16.216+0300: 365.364: [DefNew: 1124109K->5531K(1258304K), 0.0038031 secs] 1137529K->18952K(4054528K), 0.0060657 secs] [Times: user=0.00 sys=0.00, real=0.00 secs] 
2024-10-04T02:51:16.216+0300: 365.368: Total time for which application threads were stopped: 0.0063466 seconds, Stopping threads took: 0.0001435 seconds
2024-10-04T02:51:16.546+0300: 365.705: Application time: 0.3366014 seconds
2024-10-04T02:51:16.546+0300: 365.705: [GC (Allocation Failure) 2024-10-04T02:51:16.546+0300: 365.705: [DefNew: 1124059K->5965K(1258304K), 0.0035616 secs] 1137480K->19386K(4054528K), 0.0036362 secs] [Times: user=0.00 sys=0.00, real=0.02 secs] 
2024-10-04T02:51:16.562+0300: 365.709: Total time for which application threads were stopped: 0.0039284 seconds, Stopping threads took: 0.0001592 seconds
2024-10-04T02:51:16.907+0300: 366.065: Application time: 0.3567150 seconds
2024-10-04T02:51:16.907+0300: 366.066: [GC (Allocation Failure) 2024-10-04T02:51:16.907+0300: 366.066: [DefNew: 1124493K->5639K(1258304K), 0.0034371 secs] 1137914K->19060K(4054528K), 0.0035208 secs] [Times: user=0.02 sys=0.00, real=0.02 secs] 
2024-10-04T02:51:16.923+0300: 366.069: Total time for which application threads were stopped: 0.0038536 seconds, Stopping threads took: 0.0001652 seconds
2024-10-04T02:51:17.269+0300: 366.416: Application time: 0.3464589 seconds
2024-10-04T02:51:17.269+0300: 366.416: [GC (Allocation Failure) 2024-10-04T02:51:17.269+0300: 366.416: [DefNew: 1124167K->5566K(1258304K), 0.0032568 secs] 1137588K->18987K(4054528K), 0.0033273 secs] [Times: user=0.00 sys=0.00, real=0.00 secs] 
2024-10-04T02:51:17.269+0300: 366.419: Total time for which application threads were stopped: 0.0036457 seconds, Stopping threads took: 0.0001909 seconds
2024-10-04T02:51:17.598+0300: 366.756: Application time: 0.3362855 seconds
2024-10-04T02:51:17.598+0300: 366.756: [GC (Allocation Failure) 2024-10-04T02:51:17.598+0300: 366.756: [DefNew: 1124094K->5584K(1258304K), 0.0034191 secs] 1137515K->19005K(4054528K), 0.0035009 secs] [Times: user=0.00 sys=0.00, real=0.01 secs] 
2024-10-04T02:51:17.613+0300: 366.759: Total time for which application threads were stopped: 0.0039044 seconds, Stopping threads took: 0.0002352 seconds
2024-10-04T02:51:17.948+0300: 367.102: Application time: 0.3429018 seconds
2024-10-04T02:51:17.948+0300: 367.103: [GC (Allocation Failure) 2024-10-04T02:51:17.948+0300: 367.103: [DefNew: 1124112K->7752K(1258304K), 0.0054932 secs] 1137533K->21174K(4054528K), 0.0055820 secs] [Times: user=0.02 sys=0.00, real=0.01 secs] 
2024-10-04T02:51:17.959+0300: 367.108: Total time for which application threads were stopped: 0.0059208 seconds, Stopping threads took: 0.0001967 seconds
2024-10-04T02:51:18.289+0300: 367.449: Application time: 0.3402227 seconds
2024-10-04T02:51:18.289+0300: 367.449: [GC (Allocation Failure) 2024-10-04T02:51:18.289+0300: 367.449: [DefNew: 1126280K->6948K(1258304K), 0.0045101 secs] 1139702K->20370K(4054528K), 0.0045880 secs] [Times: user=0.00 sys=0.00, real=0.01 secs] 
2024-10-04T02:51:18.304+0300: 367.453: Total time for which application threads were stopped: 0.0049090 seconds, Stopping threads took: 0.0001930 seconds
2024-10-04T02:51:18.650+0300: 367.806: Application time: 0.3520808 seconds
2024-10-04T02:51:18.650+0300: 367.806: [GC (Allocation Failure) 2024-10-04T02:51:18.650+0300: 367.806: [DefNew: 1125476K->5603K(1258304K), 0.0032466 secs] 1138898K->19025K(4054528K), 0.0033136 secs] [Times: user=0.00 sys=0.00, real=0.00 secs] 
2024-10-04T02:51:18.650+0300: 367.809: Total time for which application threads were stopped: 0.0035896 seconds, Stopping threads took: 0.0001597 seconds
2024-10-04T02:51:19.011+0300: 368.163: Application time: 0.3533688 seconds
2024-10-04T02:51:19.011+0300: 368.163: [GC (Allocation Failure) 2024-10-04T02:51:19.011+0300: 368.163: [DefNew: 1124131K->5490K(1258304K), 0.0035844 secs] 1137553K->18912K(4054528K), 0.0036579 secs] [Times: user=0.00 sys=0.00, real=0.00 secs] 
2024-10-04T02:51:19.011+0300: 368.166: Total time for which application threads were stopped: 0.0039410 seconds, Stopping threads took: 0.0001536 seconds
2024-10-04T02:51:19.352+0300: 368.501: Application time: 0.3346104 seconds
2024-10-04T02:51:19.356+0300: 368.501: [GC (Allocation Failure) 2024-10-04T02:51:19.356+0300: 368.502: [DefNew: 1124018K->6004K(1258304K), 0.0036046 secs] 1137440K->19427K(4054528K), 0.0036963 secs] [Times: user=0.00 sys=0.00, real=0.00 secs] 
2024-10-04T02:51:19.356+0300: 368.505: Total time for which application threads were stopped: 0.0041485 seconds, Stopping threads took: 0.0002391 seconds
2024-10-04T02:51:19.701+0300: 368.854: Application time: 0.3489691 seconds
2024-10-04T02:51:19.701+0300: 368.855: [GC (Allocation Failure) 2024-10-04T02:51:19.701+0300: 368.855: [DefNew: 1124532K->9753K(1258304K), 0.0086594 secs] 1137955K->23176K(4054528K), 0.0087353 secs] [Times: user=0.00 sys=0.00, real=0.02 secs] 
2024-10-04T02:51:19.717+0300: 368.863: Total time for which application threads were stopped: 0.0091515 seconds, Stopping threads took: 0.0002628 seconds
2024-10-04T02:51:20.079+0300: 369.233: Application time: 0.3696626 seconds
2024-10-04T02:51:20.079+0300: 369.233: [GC (Allocation Failure) 2024-10-04T02:51:20.079+0300: 369.233: [DefNew: 1128281K->5783K(1258304K), 0.0042444 secs] 1141704K->19207K(4054528K), 0.0043410 secs] [Times: user=0.00 sys=0.00, real=0.00 secs] 
2024-10-04T02:51:20.079+0300: 369.238: Total time for which application threads were stopped: 0.0047130 seconds, Stopping threads took: 0.0002025 seconds
2024-10-04T02:51:20.440+0300: 369.593: Application time: 0.3557828 seconds
2024-10-04T02:51:20.440+0300: 369.594: [GC (Allocation Failure) 2024-10-04T02:51:20.440+0300: 369.594: [DefNew: 1124311K->5526K(1258304K), 0.0037074 secs] 1137735K->18950K(4054528K), 0.0037937 secs] [Times: user=0.00 sys=0.00, real=0.00 secs] 
2024-10-04T02:51:20.440+0300: 369.598: Total time for which application threads were stopped: 0.0041955 seconds, Stopping threads took: 0.0002437 seconds
2024-10-04T02:51:20.801+0300: 369.950: Application time: 0.3525472 seconds
2024-10-04T02:51:20.801+0300: 369.951: [GC (Allocation Failure) 2024-10-04T02:51:20.801+0300: 369.951: [DefNew: 1124054K->5592K(1258304K), 0.0034093 secs] 1137478K->19016K(4054528K), 0.0034905 secs] [Times: user=0.00 sys=0.00, real=0.00 secs] 
2024-10-04T02:51:20.801+0300: 369.954: Total time for which application threads were stopped: 0.0037740 seconds, Stopping threads took: 0.0001508 seconds
2024-10-04T02:51:21.147+0300: 370.299: Application time: 0.3448465 seconds
2024-10-04T02:51:21.147+0300: 370.299: [GC (Allocation Failure) 2024-10-04T02:51:21.147+0300: 370.299: [DefNew: 1124120K->7565K(1258304K), 0.0059679 secs] 1137544K->20990K(4054528K), 0.0060637 secs] [Times: user=0.00 sys=0.00, real=0.01 secs] 
2024-10-04T02:51:21.156+0300: 370.305: Total time for which application threads were stopped: 0.0064534 seconds, Stopping threads took: 0.0002434 seconds
2024-10-04T02:51:21.492+0300: 370.644: Application time: 0.3391659 seconds
2024-10-04T02:51:21.492+0300: 370.645: [GC (Allocation Failure) 2024-10-04T02:51:21.492+0300: 370.645: [DefNew: 1126093K->7336K(1258304K), 0.0052903 secs] 1139518K->20760K(4054528K), 0.0053591 secs] [Times: user=0.00 sys=0.00, real=0.00 secs] 
2024-10-04T02:51:21.492+0300: 370.650: Total time for which application threads were stopped: 0.0056943 seconds, Stopping threads took: 0.0002039 seconds
2024-10-04T02:51:21.857+0300: 371.005: Application time: 0.3546664 seconds
2024-10-04T02:51:21.857+0300: 371.005: [GC (Allocation Failure) 2024-10-04T02:51:21.857+0300: 371.005: [DefNew: 1125864K->5569K(1258304K), 0.0032381 secs] 1139288K->18994K(4054528K), 0.0033200 secs] [Times: user=0.00 sys=0.00, real=0.00 secs] 
2024-10-04T02:51:21.857+0300: 371.008: Total time for which application threads were stopped: 0.0036313 seconds, Stopping threads took: 0.0001686 seconds
2024-10-04T02:51:22.199+0300: 371.359: Application time: 0.3500876 seconds
2024-10-04T02:51:22.199+0300: 371.359: [GC (Allocation Failure) 2024-10-04T02:51:22.199+0300: 371.359: [DefNew: 1124097K->5698K(1258304K), 0.0035962 secs] 1137522K->19123K(4054528K), 0.0036920 secs] [Times: user=0.00 sys=0.00, real=0.02 secs] 
2024-10-04T02:51:22.215+0300: 371.363: Total time for which application threads were stopped: 0.0039813 seconds, Stopping threads took: 0.0001438 seconds
2024-10-04T02:51:22.544+0300: 371.695: Application time: 0.3320424 seconds
2024-10-04T02:51:22.544+0300: 371.695: [GC (Allocation Failure) 2024-10-04T02:51:22.544+0300: 371.695: [DefNew: 1124226K->5439K(1258304K), 0.0031376 secs] 1137651K->18865K(4054528K), 0.0032081 secs] [Times: user=0.00 sys=0.00, real=0.00 secs] 
2024-10-04T02:51:22.544+0300: 371.698: Total time for which application threads were stopped: 0.0035680 seconds, Stopping threads took: 0.0002239 seconds
2024-10-04T02:51:22.890+0300: 372.039: Application time: 0.3404612 seconds
2024-10-04T02:51:22.890+0300: 372.039: [GC (Allocation Failure) 2024-10-04T02:51:22.890+0300: 372.039: [DefNew: 1123967K->7551K(1258304K), 0.0051281 secs] 1137393K->20977K(4054528K), 0.0051985 secs] [Times: user=0.00 sys=0.00, real=0.00 secs] 
2024-10-04T02:51:22.890+0300: 372.044: Total time for which application threads were stopped: 0.0055439 seconds, Stopping threads took: 0.0002181 seconds
2024-10-04T02:51:23.235+0300: 372.393: Application time: 0.3485835 seconds
2024-10-04T02:51:23.235+0300: 372.393: [GC (Allocation Failure) 2024-10-04T02:51:23.235+0300: 372.393: [DefNew: 1126079K->6307K(1258304K), 0.0037201 secs] 1139505K->19733K(4054528K), 0.0037962 secs] [Times: user=0.00 sys=0.00, real=0.02 secs] 
2024-10-04T02:51:23.250+0300: 372.397: Total time for which application threads were stopped: 0.0041316 seconds, Stopping threads took: 0.0002035 seconds
2024-10-04T02:51:23.597+0300: 372.743: Application time: 0.3458421 seconds
2024-10-04T02:51:23.597+0300: 372.743: [GC (Allocation Failure) 2024-10-04T02:51:23.597+0300: 372.743: [DefNew: 1124835K->5493K(1258304K), 0.0031662 secs] 1138261K->18920K(4054528K), 0.0032346 secs] [Times: user=0.00 sys=0.00, real=0.00 secs] 
2024-10-04T02:51:23.597+0300: 372.746: Total time for which application threads were stopped: 0.0035240 seconds, Stopping threads took: 0.0001609 seconds
2024-10-04T02:51:23.942+0300: 373.093: Application time: 0.3465217 seconds
2024-10-04T02:51:23.942+0300: 373.093: [GC (Allocation Failure) 2024-10-04T02:51:23.942+0300: 373.093: [DefNew: 1124021K->5623K(1258304K), 0.0037437 secs] 1137448K->19050K(4054528K), 0.0038191 secs] [Times: user=0.00 sys=0.00, real=0.00 secs] 
2024-10-04T02:51:23.942+0300: 373.097: Total time for which application threads were stopped: 0.0041313 seconds, Stopping threads took: 0.0001813 seconds
2024-10-04T02:51:24.272+0300: 373.432: Application time: 0.3348006 seconds
2024-10-04T02:51:24.272+0300: 373.432: [GC (Allocation Failure) 2024-10-04T02:51:24.272+0300: 373.432: [DefNew: 1124151K->5562K(1258304K), 0.0032043 secs] 1137578K->18989K(4054528K), 0.0032774 secs] [Times: user=0.00 sys=0.00, real=0.02 secs] 
2024-10-04T02:51:24.288+0300: 373.435: Total time for which application threads were stopped: 0.0035988 seconds, Stopping threads took: 0.0002016 seconds
2024-10-04T02:51:24.617+0300: 373.774: Application time: 0.3385911 seconds
2024-10-04T02:51:24.617+0300: 373.774: [GC (Allocation Failure) 2024-10-04T02:51:24.617+0300: 373.774: [DefNew: 1124090K->6426K(1258304K), 0.0038165 secs] 1137517K->19854K(4054528K), 0.0038981 secs] [Times: user=0.00 sys=0.00, real=0.02 secs] 
2024-10-04T02:51:24.633+0300: 373.778: Total time for which application threads were stopped: 0.0042019 seconds, Stopping threads took: 0.0001829 seconds
2024-10-04T02:51:24.978+0300: 374.130: Application time: 0.3518438 seconds
2024-10-04T02:51:24.978+0300: 374.130: [GC (Allocation Failure) 2024-10-04T02:51:24.978+0300: 374.130: [DefNew: 1124954K->5829K(1258304K), 0.0035943 secs] 1138382K->19257K(4054528K), 0.0036688 secs] [Times: user=0.00 sys=0.00, real=0.00 secs] 
2024-10-04T02:51:24.978+0300: 374.134: Total time for which application threads were stopped: 0.0039633 seconds, Stopping threads took: 0.0001619 seconds
2024-10-04T02:51:25.323+0300: 374.477: Application time: 0.3430190 seconds
2024-10-04T02:51:25.323+0300: 374.477: [GC (Allocation Failure) 2024-10-04T02:51:25.323+0300: 374.477: [DefNew: 1124357K->5590K(1258304K), 0.0032283 secs] 1137785K->19018K(4054528K), 0.0032961 secs] [Times: user=0.00 sys=0.00, real=0.00 secs] 
2024-10-04T02:51:25.323+0300: 374.481: Total time for which application threads were stopped: 0.0036492 seconds, Stopping threads took: 0.0002255 seconds
2024-10-04T02:51:25.668+0300: 374.819: Application time: 0.3384048 seconds
2024-10-04T02:51:25.668+0300: 374.819: [GC (Allocation Failure) 2024-10-04T02:51:25.668+0300: 374.819: [DefNew: 1124118K->7344K(1258304K), 0.0050738 secs] 1137546K->20772K(4054528K), 0.0051433 secs] [Times: user=0.00 sys=0.00, real=0.00 secs] 
2024-10-04T02:51:25.668+0300: 374.824: Total time for which application threads were stopped: 0.0054455 seconds, Stopping threads took: 0.0001802 seconds
2024-10-04T02:51:26.014+0300: 375.166: Application time: 0.3417045 seconds
2024-10-04T02:51:26.014+0300: 375.167: [GC (Allocation Failure) 2024-10-04T02:51:26.014+0300: 375.167: [DefNew: 1125872K->5689K(1258304K), 0.0037244 secs] 1139300K->19117K(4054528K), 0.0038133 secs] [Times: user=0.02 sys=0.00, real=0.00 secs] 
2024-10-04T02:51:26.014+0300: 375.170: Total time for which application threads were stopped: 0.0041962 seconds, Stopping threads took: 0.0002292 seconds
2024-10-04T02:51:26.368+0300: 375.514: Application time: 0.3436146 seconds
2024-10-04T02:51:26.368+0300: 375.514: [GC (Allocation Failure) 2024-10-04T02:51:26.368+0300: 375.514: [DefNew: 1124217K->6459K(1258304K), 0.0036552 secs] 1137645K->19888K(4054528K), 0.0037254 secs] [Times: user=0.00 sys=0.00, real=0.00 secs] 
2024-10-04T02:51:26.368+0300: 375.518: Total time for which application threads were stopped: 0.0040309 seconds, Stopping threads took: 0.0001709 seconds
2024-10-04T02:51:26.719+0300: 375.865: Application time: 0.3466166 seconds
2024-10-04T02:51:26.719+0300: 375.865: [GC (Allocation Failure) 2024-10-04T02:51:26.719+0300: 375.865: [DefNew: 1124987K->5654K(1258304K), 0.0033140 secs] 1138416K->19084K(4054528K), 0.0033823 secs] [Times: user=0.00 sys=0.00, real=0.00 secs] 
2024-10-04T02:51:26.723+0300: 375.868: Total time for which application threads were stopped: 0.0036649 seconds, Stopping threads took: 0.0001468 seconds
2024-10-04T02:51:27.070+0300: 376.216: Application time: 0.3476637 seconds
2024-10-04T02:51:27.070+0300: 376.216: [GC (Allocation Failure) 2024-10-04T02:51:27.070+0300: 376.216: [DefNew: 1124182K->5577K(1258304K), 0.0031918 secs] 1137612K->19007K(4054528K), 0.0032608 secs] [Times: user=0.00 sys=0.00, real=0.00 secs] 
2024-10-04T02:51:27.070+0300: 376.220: Total time for which application threads were stopped: 0.0035493 seconds, Stopping threads took: 0.0001692 seconds
2024-10-04T02:51:27.395+0300: 376.553: Application time: 0.3330529 seconds
2024-10-04T02:51:27.395+0300: 376.553: [GC (Allocation Failure) 2024-10-04T02:51:27.395+0300: 376.553: [DefNew: 1124105K->5980K(1258304K), 0.0036054 secs] 1137535K->19410K(4054528K), 0.0036770 secs] [Times: user=0.00 sys=0.00, real=0.02 secs] 
2024-10-04T02:51:27.410+0300: 376.557: Total time for which application threads were stopped: 0.0039532 seconds, Stopping threads took: 0.0001521 seconds
2024-10-04T02:51:27.740+0300: 376.890: Application time: 0.3333522 seconds
2024-10-04T02:51:27.740+0300: 376.890: [GC (Allocation Failure) 2024-10-04T02:51:27.740+0300: 376.890: [DefNew: 1124508K->8012K(1258304K), 0.0054888 secs] 1137938K->21443K(4054528K), 0.0055614 secs] [Times: user=0.00 sys=0.00, real=0.00 secs] 
2024-10-04T02:51:27.740+0300: 376.896: Total time for which application threads were stopped: 0.0058904 seconds, Stopping threads took: 0.0002044 seconds
2024-10-04T02:51:28.101+0300: 377.253: Application time: 0.3575582 seconds
2024-10-04T02:51:28.101+0300: 377.254: [GC (Allocation Failure) 2024-10-04T02:51:28.101+0300: 377.254: [DefNew: 1126540K->5642K(1258304K), 0.0036771 secs] 1139971K->19073K(4054528K), 0.0037516 secs] [Times: user=0.00 sys=0.00, real=0.00 secs] 
2024-10-04T02:51:28.101+0300: 377.257: Total time for which application threads were stopped: 0.0040911 seconds, Stopping threads took: 0.0001689 seconds
2024-10-04T02:51:28.462+0300: 377.616: Application time: 0.3590100 seconds
2024-10-04T02:51:28.462+0300: 377.617: [GC (Allocation Failure) 2024-10-04T02:51:28.462+0300: 377.617: [DefNew: 1124170K->5629K(1258304K), 0.0037851 secs] 1137601K->19060K(4054528K), 0.0038510 secs] [Times: user=0.00 sys=0.00, real=0.01 secs] 
2024-10-04T02:51:28.473+0300: 377.621: Total time for which application threads were stopped: 0.0041439 seconds, Stopping threads took: 0.0001643 seconds
2024-10-04T02:51:28.823+0300: 377.971: Application time: 0.3508702 seconds
2024-10-04T02:51:28.823+0300: 377.972: [GC (Allocation Failure) 2024-10-04T02:51:28.823+0300: 377.972: [DefNew: 1124157K->5709K(1258304K), 0.0038673 secs] 1137588K->19140K(4054528K), 0.0039385 secs] [Times: user=0.00 sys=0.00, real=0.00 secs] 
2024-10-04T02:51:28.823+0300: 377.976: Total time for which application threads were stopped: 0.0042573 seconds, Stopping threads took: 0.0001829 seconds
2024-10-04T02:51:29.168+0300: 378.315: Application time: 0.3388355 seconds
2024-10-04T02:51:29.168+0300: 378.315: [GC (Allocation Failure) 2024-10-04T02:51:29.168+0300: 378.315: [DefNew: 1124237K->5696K(1258304K), 0.0035364 secs] 1137668K->19128K(4054528K), 0.0036010 secs] [Times: user=0.00 sys=0.00, real=0.00 secs] 
2024-10-04T02:51:29.168+0300: 378.318: Total time for which application threads were stopped: 0.0038835 seconds, Stopping threads took: 0.0001635 seconds
2024-10-04T02:51:29.514+0300: 378.666: Application time: 0.3470403 seconds
2024-10-04T02:51:29.514+0300: 378.666: [GC (Allocation Failure) 2024-10-04T02:51:29.514+0300: 378.666: [DefNew: 1124224K->5763K(1258304K), 0.0033665 secs] 1137656K->19195K(4054528K), 0.0034385 secs] [Times: user=0.00 sys=0.00, real=0.00 secs] 
2024-10-04T02:51:29.514+0300: 378.669: Total time for which application threads were stopped: 0.0037511 seconds, Stopping threads took: 0.0001770 seconds
2024-10-04T02:51:29.876+0300: 379.028: Application time: 0.3592069 seconds
2024-10-04T02:51:29.876+0300: 379.029: [GC (Allocation Failure) 2024-10-04T02:51:29.876+0300: 379.029: [DefNew: 1124291K->5520K(1258304K), 0.0040463 secs] 1137723K->18952K(4054528K), 0.0041165 secs] [Times: user=0.02 sys=0.00, real=0.00 secs] 
2024-10-04T02:51:29.876+0300: 379.033: Total time for which application threads were stopped: 0.0044273 seconds, Stopping threads took: 0.0001695 seconds
2024-10-04T02:51:30.236+0300: 379.382: Application time: 0.3488345 seconds
2024-10-04T02:51:30.236+0300: 379.382: [GC (Allocation Failure) 2024-10-04T02:51:30.236+0300: 379.382: [DefNew: 1124048K->5698K(1258304K), 0.0039446 secs] 1137480K->19131K(4054528K), 0.0040098 secs] [Times: user=0.00 sys=0.00, real=0.00 secs] 
2024-10-04T02:51:30.236+0300: 379.386: Total time for which application threads were stopped: 0.0042374 seconds, Stopping threads took: 0.0001053 seconds
2024-10-04T02:51:30.566+0300: 379.721: Application time: 0.3349817 seconds
2024-10-04T02:51:30.566+0300: 379.721: [GC (Allocation Failure) 2024-10-04T02:51:30.566+0300: 379.721: [DefNew: 1124226K->5543K(1258304K), 0.0037145 secs] 1137659K->18976K(4054528K), 0.0037839 secs] [Times: user=0.00 sys=0.00, real=0.01 secs] 
2024-10-04T02:51:30.578+0300: 379.725: Total time for which application threads were stopped: 0.0040973 seconds, Stopping threads took: 0.0001742 seconds
2024-10-04T02:51:30.911+0300: 380.069: Application time: 0.3434925 seconds
2024-10-04T02:51:30.911+0300: 380.069: [GC (Allocation Failure) 2024-10-04T02:51:30.911+0300: 380.069: [DefNew: 1124071K->6416K(1258304K), 0.0041428 secs] 1137504K->19849K(4054528K), 0.0042131 secs] [Times: user=0.02 sys=0.00, real=0.02 secs] 
2024-10-04T02:51:30.927+0300: 380.073: Total time for which application threads were stopped: 0.0045501 seconds, Stopping threads took: 0.0001924 seconds
2024-10-04T02:51:31.280+0300: 380.429: Application time: 0.3562736 seconds
2024-10-04T02:51:31.280+0300: 380.430: [GC (Allocation Failure) 2024-10-04T02:51:31.280+0300: 380.430: [DefNew: 1124944K->7510K(1258304K), 0.0054192 secs] 1138377K->20943K(4054528K), 0.0054964 secs] [Times: user=0.01 sys=0.00, real=0.01 secs] 
2024-10-04T02:51:31.288+0300: 380.435: Total time for which application threads were stopped: 0.0058146 seconds, Stopping threads took: 0.0001822 seconds
2024-10-04T02:51:31.633+0300: 380.786: Application time: 0.3508987 seconds
2024-10-04T02:51:31.633+0300: 380.786: [GC (Allocation Failure) 2024-10-04T02:51:31.633+0300: 380.786: [DefNew: 1126038K->5706K(1258304K), 0.0036948 secs] 1139471K->19139K(4054528K), 0.0037747 secs] [Times: user=0.00 sys=0.00, real=0.00 secs] 
2024-10-04T02:51:31.633+0300: 380.790: Total time for which application threads were stopped: 0.0040992 seconds, Stopping threads took: 0.0001924 seconds
2024-10-04T02:51:31.981+0300: 381.133: Application time: 0.3429459 seconds
2024-10-04T02:51:31.981+0300: 381.133: [GC (Allocation Failure) 2024-10-04T02:51:31.981+0300: 381.134: [DefNew: 1124234K->5811K(1258304K), 0.0034532 secs] 1137667K->19246K(4054528K), 0.0035402 secs] [Times: user=0.00 sys=0.00, real=0.00 secs] 
2024-10-04T02:51:31.981+0300: 381.137: Total time for which application threads were stopped: 0.0039182 seconds, Stopping threads took: 0.0002181 seconds
2024-10-04T02:51:32.324+0300: 381.472: Application time: 0.3352597 seconds
2024-10-04T02:51:32.324+0300: 381.473: [GC (Allocation Failure) 2024-10-04T02:51:32.324+0300: 381.473: [DefNew: 1124339K->6183K(1258304K), 0.0036399 secs] 1137774K->19617K(4054528K), 0.0037114 secs] [Times: user=0.00 sys=0.00, real=0.00 secs] 
2024-10-04T02:51:32.324+0300: 381.476: Total time for which application threads were stopped: 0.0040250 seconds, Stopping threads took: 0.0001643 seconds
2024-10-04T02:51:32.669+0300: 381.815: Application time: 0.3383262 seconds
2024-10-04T02:51:32.669+0300: 381.815: [GC (Allocation Failure) 2024-10-04T02:51:32.669+0300: 381.815: [DefNew: 1124711K->8538K(1258304K), 0.0064909 secs] 1138145K->21973K(4054528K), 0.0065544 secs] [Times: user=0.00 sys=0.00, real=0.00 secs] 
2024-10-04T02:51:32.669+0300: 381.822: Total time for which application threads were stopped: 0.0068022 seconds, Stopping threads took: 0.0001390 seconds
2024-10-04T02:51:33.014+0300: 382.174: Application time: 0.3521273 seconds
2024-10-04T02:51:33.014+0300: 382.174: [GC (Allocation Failure) 2024-10-04T02:51:33.014+0300: 382.174: [DefNew: 1127066K->5634K(1258304K), 0.0036002 secs] 1140501K->19069K(4054528K), 0.0036850 secs] [Times: user=0.01 sys=0.00, real=0.02 secs] 
2024-10-04T02:51:33.030+0300: 382.178: Total time for which application threads were stopped: 0.0040382 seconds, Stopping threads took: 0.0002089 seconds
2024-10-04T02:51:33.375+0300: 382.525: Application time: 0.3477928 seconds
2024-10-04T02:51:33.375+0300: 382.526: [GC (Allocation Failure) 2024-10-04T02:51:33.375+0300: 382.526: [DefNew: 1124162K->5584K(1258304K), 0.0033256 secs] 1137597K->19020K(4054528K), 0.0034068 secs] [Times: user=0.02 sys=0.00, real=0.01 secs] 
2024-10-04T02:51:33.384+0300: 382.529: Total time for which application threads were stopped: 0.0038428 seconds, Stopping threads took: 0.0002785 seconds
2024-10-04T02:51:33.705+0300: 382.865: Application time: 0.3357185 seconds
2024-10-04T02:51:33.705+0300: 382.865: [GC (Allocation Failure) 2024-10-04T02:51:33.705+0300: 382.865: [DefNew: 1124112K->7108K(1258304K), 0.0053811 secs] 1137548K->20544K(4054528K), 0.0054502 secs] [Times: user=0.00 sys=0.00, real=0.02 secs] 
2024-10-04T02:51:33.721+0300: 382.871: Total time for which application threads were stopped: 0.0057069 seconds, Stopping threads took: 0.0001396 seconds
2024-10-04T02:51:34.066+0300: 383.212: Application time: 0.3414246 seconds
2024-10-04T02:51:34.066+0300: 383.212: [GC (Allocation Failure) 2024-10-04T02:51:34.066+0300: 383.212: [DefNew: 1125636K->9119K(1258304K), 0.0073553 secs] 1139072K->22555K(4054528K), 0.0074328 secs] [Times: user=0.00 sys=0.00, real=0.00 secs] 
2024-10-04T02:51:34.066+0300: 383.220: Total time for which application threads were stopped: 0.0077505 seconds, Stopping threads took: 0.0001846 seconds
2024-10-04T02:51:34.412+0300: 383.565: Application time: 0.3451214 seconds
2024-10-04T02:51:34.412+0300: 383.565: [GC (Allocation Failure) 2024-10-04T02:51:34.412+0300: 383.565: [DefNew: 1127647K->5626K(1258304K), 0.0032780 secs] 1141083K->19063K(4054528K), 0.0033496 secs] [Times: user=0.00 sys=0.00, real=0.00 secs] 
2024-10-04T02:51:34.412+0300: 383.569: Total time for which application threads were stopped: 0.0036511 seconds, Stopping threads took: 0.0001793 seconds
2024-10-04T02:51:34.757+0300: 383.915: Application time: 0.3461740 seconds
2024-10-04T02:51:34.757+0300: 383.915: [GC (Allocation Failure) 2024-10-04T02:51:34.757+0300: 383.915: [DefNew: 1124154K->5694K(1258304K), 0.0034205 secs] 1137591K->19131K(4054528K), 0.0034858 secs] [Times: user=0.00 sys=0.00, real=0.02 secs] 
2024-10-04T02:51:34.773+0300: 383.919: Total time for which application threads were stopped: 0.0037275 seconds, Stopping threads took: 0.0001250 seconds
2024-10-04T02:51:35.103+0300: 384.260: Application time: 0.3413123 seconds
2024-10-04T02:51:35.103+0300: 384.260: [GC (Allocation Failure) 2024-10-04T02:51:35.103+0300: 384.260: [DefNew: 1124222K->5549K(1258304K), 0.0031656 secs] 1137659K->18985K(4054528K), 0.0032429 secs] [Times: user=0.00 sys=0.00, real=0.00 secs] 
2024-10-04T02:51:35.103+0300: 384.264: Total time for which application threads were stopped: 0.0036065 seconds, Stopping threads took: 0.0002373 seconds
2024-10-04T02:51:35.448+0300: 384.599: Application time: 0.3354933 seconds
2024-10-04T02:51:35.448+0300: 384.599: [GC (Allocation Failure) 2024-10-04T02:51:35.448+0300: 384.599: [DefNew: 1124077K->7719K(1258304K), 0.0051155 secs] 1137513K->21156K(4054528K), 0.0051896 secs] [Times: user=0.00 sys=0.00, real=0.00 secs] 
2024-10-04T02:51:35.448+0300: 384.605: Total time for which application threads were stopped: 0.0054924 seconds, Stopping threads took: 0.0001905 seconds
2024-10-04T02:51:35.790+0300: 384.938: Application time: 0.3337148 seconds
2024-10-04T02:51:35.790+0300: 384.938: [GC (Allocation Failure) 2024-10-04T02:51:35.790+0300: 384.939: [DefNew: 1126247K->8686K(1258304K), 0.0068675 secs] 1139684K->22124K(4054528K), 0.0069348 secs] [Times: user=0.00 sys=0.00, real=0.00 secs] 
2024-10-04T02:51:35.794+0300: 384.945: Total time for which application threads were stopped: 0.0072241 seconds, Stopping threads took: 0.0001615 seconds
2024-10-04T02:51:36.139+0300: 385.299: Application time: 0.3536934 seconds
2024-10-04T02:51:36.139+0300: 385.299: [GC (Allocation Failure) 2024-10-04T02:51:36.139+0300: 385.300: [DefNew: 1127214K->5640K(1258304K), 0.0033577 secs] 1140652K->19078K(4054528K), 0.0034366 secs] [Times: user=0.00 sys=0.00, real=0.02 secs] 
2024-10-04T02:51:36.155+0300: 385.303: Total time for which application threads were stopped: 0.0038047 seconds, Stopping threads took: 0.0002408 seconds
2024-10-04T02:51:36.501+0300: 385.648: Application time: 0.3455047 seconds
2024-10-04T02:51:36.501+0300: 385.649: [GC (Allocation Failure) 2024-10-04T02:51:36.501+0300: 385.649: [DefNew: 1124168K->5711K(1258304K), 0.0032912 secs] 1137606K->19149K(4054528K), 0.0033663 secs] [Times: user=0.00 sys=0.00, real=0.00 secs] 
2024-10-04T02:51:36.501+0300: 385.652: Total time for which application threads were stopped: 0.0036033 seconds, Stopping threads took: 0.0001150 seconds
2024-10-04T02:51:36.831+0300: 385.988: Application time: 0.3360479 seconds
2024-10-04T02:51:36.831+0300: 385.988: [GC (Allocation Failure) 2024-10-04T02:51:36.831+0300: 385.989: [DefNew: 1124239K->5484K(1258304K), 0.0035372 secs] 1137677K->18923K(4054528K), 0.0036346 secs] [Times: user=0.00 sys=0.00, real=0.01 secs] 
2024-10-04T02:51:36.846+0300: 385.992: Total time for which application threads were stopped: 0.0039792 seconds, Stopping threads took: 0.0001658 seconds
2024-10-04T02:51:37.176+0300: 386.331: Application time: 0.3392101 seconds
2024-10-04T02:51:37.176+0300: 386.332: [GC (Allocation Failure) 2024-10-04T02:51:37.176+0300: 386.332: [DefNew: 1124012K->5705K(1258304K), 0.0033173 secs] 1137451K->19144K(4054528K), 0.0033946 secs] [Times: user=0.00 sys=0.00, real=0.00 secs] 
2024-10-04T02:51:37.176+0300: 386.335: Total time for which application threads were stopped: 0.0037113 seconds, Stopping threads took: 0.0002005 seconds
2024-10-04T02:51:37.521+0300: 386.679: Application time: 0.3437206 seconds
2024-10-04T02:51:37.521+0300: 386.679: [GC (Allocation Failure) 2024-10-04T02:51:37.521+0300: 386.679: [DefNew: 1124233K->7810K(1258304K), 0.0051131 secs] 1137672K->21249K(4054528K), 0.0051824 secs] [Times: user=0.00 sys=0.00, real=0.02 secs] 
2024-10-04T02:51:37.537+0300: 386.684: Total time for which application threads were stopped: 0.0054304 seconds, Stopping threads took: 0.0001381 seconds
2024-10-04T02:51:37.882+0300: 387.033: Application time: 0.3490994 seconds
2024-10-04T02:51:37.882+0300: 387.034: [GC (Allocation Failure) 2024-10-04T02:51:37.882+0300: 387.034: [DefNew: 1126338K->5632K(1258304K), 0.0032623 secs] 1139777K->19072K(4054528K), 0.0033307 secs] [Times: user=0.00 sys=0.00, real=0.00 secs] 
2024-10-04T02:51:37.882+0300: 387.037: Total time for which application threads were stopped: 0.0036179 seconds, Stopping threads took: 0.0001658 seconds
2024-10-04T02:51:38.228+0300: 387.378: Application time: 0.3408548 seconds
2024-10-04T02:51:38.228+0300: 387.378: [GC (Allocation Failure) 2024-10-04T02:51:38.228+0300: 387.378: [DefNew: 1124160K->5577K(1258304K), 0.0036118 secs] 1137600K->19017K(4054528K), 0.0037096 secs] [Times: user=0.00 sys=0.00, real=0.00 secs] 
2024-10-04T02:51:38.228+0300: 387.382: Total time for which application threads were stopped: 0.0040473 seconds, Stopping threads took: 0.0001940 seconds
2024-10-04T02:51:38.574+0300: 387.720: Application time: 0.3384510 seconds
2024-10-04T02:51:38.574+0300: 387.720: [GC (Allocation Failure) 2024-10-04T02:51:38.574+0300: 387.721: [DefNew: 1124105K->8278K(1258304K), 0.0057557 secs] 1137545K->21718K(4054528K), 0.0058257 secs] [Times: user=0.00 sys=0.00, real=0.00 secs] 
2024-10-04T02:51:38.574+0300: 387.726: Total time for which application threads were stopped: 0.0060628 seconds, Stopping threads took: 0.0001150 seconds
2024-10-04T02:51:38.919+0300: 388.066: Application time: 0.3393665 seconds
2024-10-04T02:51:38.919+0300: 388.066: [GC (Allocation Failure) 2024-10-04T02:51:38.919+0300: 388.066: [DefNew: 1126806K->7808K(1258304K), 0.0058146 secs] 1140246K->21248K(4054528K), 0.0058792 secs] [Times: user=0.00 sys=0.00, real=0.00 secs] 
2024-10-04T02:51:38.919+0300: 388.072: Total time for which application threads were stopped: 0.0061230 seconds, Stopping threads took: 0.0001232 seconds
2024-10-04T02:51:39.264+0300: 388.419: Application time: 0.3472802 seconds
2024-10-04T02:51:39.264+0300: 388.419: [GC (Allocation Failure) 2024-10-04T02:51:39.264+0300: 388.419: [DefNew: 1126336K->5718K(1258304K), 0.0034140 secs] 1139776K->19159K(4054528K), 0.0034860 secs] [Times: user=0.00 sys=0.00, real=0.00 secs] 
2024-10-04T02:51:39.264+0300: 388.423: Total time for which application threads were stopped: 0.0037892 seconds, Stopping threads took: 0.0001750 seconds
2024-10-04T02:51:39.610+0300: 388.767: Application time: 0.3440012 seconds
2024-10-04T02:51:39.610+0300: 388.767: [GC (Allocation Failure) 2024-10-04T02:51:39.610+0300: 388.767: [DefNew: 1124246K->5486K(1258304K), 0.0031480 secs] 1137687K->18927K(4054528K), 0.0032220 secs] [Times: user=0.00 sys=0.00, real=0.00 secs] 
2024-10-04T02:51:39.610+0300: 388.770: Total time for which application threads were stopped: 0.0035448 seconds, Stopping threads took: 0.0001901 seconds
2024-10-04T02:51:39.955+0300: 389.111: Application time: 0.3409817 seconds
2024-10-04T02:51:39.955+0300: 389.112: [GC (Allocation Failure) 2024-10-04T02:51:39.955+0300: 389.112: [DefNew: 1124014K->5683K(1258304K), 0.0033769 secs] 1137455K->19124K(4054528K), 0.0034523 secs] [Times: user=0.00 sys=0.00, real=0.00 secs] 
2024-10-04T02:51:39.955+0300: 389.115: Total time for which application threads were stopped: 0.0038312 seconds, Stopping threads took: 0.0002451 seconds
2024-10-04T02:51:40.301+0300: 389.451: Application time: 0.3352609 seconds
2024-10-04T02:51:40.301+0300: 389.451: [GC (Allocation Failure) 2024-10-04T02:51:40.301+0300: 389.451: [DefNew: 1124211K->6187K(1258304K), 0.0035605 secs] 1137652K->19629K(4054528K), 0.0036342 secs] [Times: user=0.00 sys=0.00, real=0.00 secs] 
2024-10-04T02:51:40.301+0300: 389.455: Total time for which application threads were stopped: 0.0039985 seconds, Stopping threads took: 0.0001984 seconds
2024-10-04T02:51:40.646+0300: 389.796: Application time: 0.3413205 seconds
2024-10-04T02:51:40.646+0300: 389.796: [GC (Allocation Failure) 2024-10-04T02:51:40.646+0300: 389.796: [DefNew: 1124715K->8150K(1258304K), 0.0054862 secs] 1138157K->21592K(4054528K), 0.0055547 secs] [Times: user=0.00 sys=0.00, real=0.00 secs] 
2024-10-04T02:51:40.646+0300: 389.802: Total time for which application threads were stopped: 0.0058115 seconds, Stopping threads took: 0.0001411 seconds
2024-10-04T02:51:41.007+0300: 390.154: Application time: 0.3527479 seconds
2024-10-04T02:51:41.007+0300: 390.155: [GC (Allocation Failure) 2024-10-04T02:51:41.007+0300: 390.155: [DefNew: 1126678K->5636K(1258304K), 0.0037425 secs] 1140120K->19078K(4054528K), 0.0038207 secs] [Times: user=0.00 sys=0.00, real=0.00 secs] 
2024-10-04T02:51:41.007+0300: 390.159: Total time for which application threads were stopped: 0.0040987 seconds, Stopping threads took: 0.0001255 seconds
2024-10-04T02:51:41.353+0300: 390.499: Application time: 0.3401910 seconds
2024-10-04T02:51:41.353+0300: 390.499: [GC (Allocation Failure) 2024-10-04T02:51:41.353+0300: 390.499: [DefNew: 1124164K->5596K(1258304K), 0.0032063 secs] 1137606K->19039K(4054528K), 0.0032755 secs] [Times: user=0.00 sys=0.00, real=0.00 secs] 
2024-10-04T02:51:41.353+0300: 390.502: Total time for which application threads were stopped: 0.0035640 seconds, Stopping threads took: 0.0001691 seconds
2024-10-04T02:51:41.682+0300: 390.838: Application time: 0.3353681 seconds
2024-10-04T02:51:41.682+0300: 390.838: [GC (Allocation Failure) 2024-10-04T02:51:41.682+0300: 390.838: [DefNew: 1124124K->7434K(1258304K), 0.0059118 secs] 1137567K->20877K(4054528K), 0.0059976 secs] [Times: user=0.00 sys=0.00, real=0.02 secs] 
2024-10-04T02:51:41.698+0300: 390.844: Total time for which application threads were stopped: 0.0063524 seconds, Stopping threads took: 0.0001991 seconds
2024-10-04T02:51:42.028+0300: 391.183: Application time: 0.3392824 seconds
2024-10-04T02:51:42.028+0300: 391.184: [GC (Allocation Failure) 2024-10-04T02:51:42.028+0300: 391.184: [DefNew: 1125962K->7646K(1258304K), 0.0057193 secs] 1139405K->21089K(4054528K), 0.0057922 secs] [Times: user=0.00 sys=0.00, real=0.01 secs] 
2024-10-04T02:51:42.043+0300: 391.189: Total time for which application threads were stopped: 0.0060917 seconds, Stopping threads took: 0.0001831 seconds
2024-10-04T02:51:42.389+0300: 391.537: Application time: 0.3473245 seconds
2024-10-04T02:51:42.389+0300: 391.537: [GC (Allocation Failure) 2024-10-04T02:51:42.389+0300: 391.537: [DefNew: 1126174K->5683K(1258304K), 0.0032799 secs] 1139617K->19126K(4054528K), 0.0033525 secs] [Times: user=0.00 sys=0.00, real=0.00 secs] 
2024-10-04T02:51:42.389+0300: 391.540: Total time for which application threads were stopped: 0.0036554 seconds, Stopping threads took: 0.0001661 seconds
2024-10-04T02:51:42.735+0300: 391.889: Application time: 0.3485311 seconds
2024-10-04T02:51:42.735+0300: 391.889: [GC (Allocation Failure) 2024-10-04T02:51:42.735+0300: 391.889: [DefNew: 1124211K->5699K(1258304K), 0.0033932 secs] 1137654K->19142K(4054528K), 0.0034649 secs] [Times: user=0.00 sys=0.00, real=0.00 secs] 
2024-10-04T02:51:42.735+0300: 391.893: Total time for which application threads were stopped: 0.0037751 seconds, Stopping threads took: 0.0001865 seconds
2024-10-04T02:51:43.086+0300: 392.238: Application time: 0.3452939 seconds
2024-10-04T02:51:43.086+0300: 392.238: [GC (Allocation Failure) 2024-10-04T02:51:43.086+0300: 392.238: [DefNew: 1124227K->5582K(1258304K), 0.0034070 secs] 1137670K->19026K(4054528K), 0.0034726 secs] [Times: user=0.01 sys=0.00, real=0.01 secs] 
2024-10-04T02:51:43.095+0300: 392.242: Total time for which application threads were stopped: 0.0037966 seconds, Stopping threads took: 0.0001797 seconds
2024-10-04T02:51:43.425+0300: 392.574: Application time: 0.3325615 seconds
2024-10-04T02:51:43.425+0300: 392.575: [GC (Allocation Failure) 2024-10-04T02:51:43.425+0300: 392.575: [DefNew: 1124110K->5624K(1258304K), 0.0032747 secs] 1137554K->19068K(4054528K), 0.0033508 secs] [Times: user=0.00 sys=0.00, real=0.00 secs] 
2024-10-04T02:51:43.425+0300: 392.578: Total time for which application threads were stopped: 0.0036444 seconds, Stopping threads took: 0.0001619 seconds
2024-10-04T02:51:43.770+0300: 392.921: Application time: 0.3429092 seconds
2024-10-04T02:51:43.770+0300: 392.921: [GC (Allocation Failure) 2024-10-04T02:51:43.770+0300: 392.921: [DefNew: 1124152K->7899K(1258304K), 0.0056014 secs] 1137596K->21344K(4054528K), 0.0056705 secs] [Times: user=0.00 sys=0.00, real=0.00 secs] 
2024-10-04T02:51:43.770+0300: 392.927: Total time for which application threads were stopped: 0.0060190 seconds, Stopping threads took: 0.0002207 seconds
2024-10-04T02:51:44.131+0300: 393.280: Application time: 0.3527876 seconds
2024-10-04T02:51:44.131+0300: 393.280: [GC (Allocation Failure) 2024-10-04T02:51:44.131+0300: 393.280: [DefNew: 1126427K->5580K(1258304K), 0.0033237 secs] 1139872K->19025K(4054528K), 0.0034868 secs] [Times: user=0.00 sys=0.00, real=0.00 secs] 
2024-10-04T02:51:44.131+0300: 393.284: Total time for which application threads were stopped: 0.0038179 seconds, Stopping threads took: 0.0002005 seconds
2024-10-04T02:51:44.477+0300: 393.626: Application time: 0.3428441 seconds
2024-10-04T02:51:44.477+0300: 393.627: [GC (Allocation Failure) 2024-10-04T02:51:44.477+0300: 393.627: [DefNew: 1124108K->5635K(1258304K), 0.0033235 secs] 1137553K->19080K(4054528K), 0.0033859 secs] [Times: user=0.00 sys=0.00, real=0.00 secs] 
2024-10-04T02:51:44.477+0300: 393.630: Total time for which application threads were stopped: 0.0036440 seconds, Stopping threads took: 0.0001282 seconds
2024-10-04T02:51:44.812+0300: 393.963: Application time: 0.3331684 seconds
2024-10-04T02:51:44.812+0300: 393.963: [GC (Allocation Failure) 2024-10-04T02:51:44.812+0300: 393.964: [DefNew: 1124163K->5614K(1258304K), 0.0032682 secs] 1137608K->19059K(4054528K), 0.0033428 secs] [Times: user=0.00 sys=0.00, real=0.00 secs] 
2024-10-04T02:51:44.812+0300: 393.967: Total time for which application threads were stopped: 0.0036513 seconds, Stopping threads took: 0.0001863 seconds
2024-10-04T02:51:45.152+0300: 394.309: Application time: 0.3424938 seconds
2024-10-04T02:51:45.152+0300: 394.310: [GC (Allocation Failure) 2024-10-04T02:51:45.152+0300: 394.310: [DefNew: 1124142K->7823K(1258304K), 0.0054223 secs] 1137587K->21269K(4054528K), 0.0055010 secs] [Times: user=0.00 sys=0.00, real=0.02 secs] 
2024-10-04T02:51:45.167+0300: 394.315: Total time for which application threads were stopped: 0.0058200 seconds, Stopping threads took: 0.0001829 seconds
2024-10-04T02:51:45.514+0300: 394.663: Application time: 0.3481929 seconds
2024-10-04T02:51:45.514+0300: 394.664: [GC (Allocation Failure) 2024-10-04T02:51:45.514+0300: 394.664: [DefNew: 1126351K->5990K(1258304K), 0.0036321 secs] 1139797K->19436K(4054528K), 0.0037031 secs] [Times: user=0.00 sys=0.00, real=0.00 secs] 
2024-10-04T02:51:45.514+0300: 394.667: Total time for which application threads were stopped: 0.0039673 seconds, Stopping threads took: 0.0001488 seconds
2024-10-04T02:51:45.874+0300: 395.023: Application time: 0.3561427 seconds
2024-10-04T02:51:45.874+0300: 395.024: [GC (Allocation Failure) 2024-10-04T02:51:45.874+0300: 395.024: [DefNew: 1124518K->5514K(1258304K), 0.0032283 secs] 1137964K->18961K(4054528K), 0.0033036 secs] [Times: user=0.02 sys=0.00, real=0.00 secs] 
2024-10-04T02:51:45.874+0300: 395.027: Total time for which application threads were stopped: 0.0036642 seconds, Stopping threads took: 0.0002218 seconds
2024-10-04T02:51:46.220+0300: 395.366: Application time: 0.3385827 seconds
2024-10-04T02:51:46.220+0300: 395.366: [GC (Allocation Failure) 2024-10-04T02:51:46.220+0300: 395.366: [DefNew: 1124042K->5750K(1258304K), 0.0034275 secs] 1137489K->19196K(4054528K), 0.0034991 secs] [Times: user=0.00 sys=0.00, real=0.00 secs] 
2024-10-04T02:51:46.220+0300: 395.370: Total time for which application threads were stopped: 0.0037856 seconds, Stopping threads took: 0.0001612 seconds
2024-10-04T02:51:46.550+0300: 395.703: Application time: 0.3330078 seconds
2024-10-04T02:51:46.550+0300: 395.703: [GC (Allocation Failure) 2024-10-04T02:51:46.550+0300: 395.703: [DefNew: 1124278K->5646K(1258304K), 0.0035257 secs] 1137724K->19093K(4054528K), 0.0036092 secs] [Times: user=0.00 sys=0.00, real=0.00 secs] 
2024-10-04T02:51:46.550+0300: 395.706: Total time for which application threads were stopped: 0.0038846 seconds, Stopping threads took: 0.0001415 seconds
2024-10-04T02:51:46.895+0300: 396.053: Application time: 0.3465130 seconds
2024-10-04T02:51:46.895+0300: 396.053: [GC (Allocation Failure) 2024-10-04T02:51:46.895+0300: 396.053: [DefNew: 1124174K->6903K(1258304K), 0.0041270 secs] 1137621K->20351K(4054528K), 0.0042028 secs] [Times: user=0.00 sys=0.00, real=0.02 secs] 
2024-10-04T02:51:46.911+0300: 396.057: Total time for which application threads were stopped: 0.0045259 seconds, Stopping threads took: 0.0001381 seconds
2024-10-04T02:51:47.256+0300: 396.403: Application time: 0.3455289 seconds
2024-10-04T02:51:47.256+0300: 396.403: [GC (Allocation Failure) 2024-10-04T02:51:47.256+0300: 396.403: [DefNew: 1125431K->5750K(1258304K), 0.0034932 secs] 1138879K->19198K(4054528K), 0.0035638 secs] [Times: user=0.00 sys=0.00, real=0.00 secs] 
2024-10-04T02:51:47.256+0300: 396.407: Total time for which application threads were stopped: 0.0038602 seconds, Stopping threads took: 0.0001541 seconds
2024-10-04T02:51:47.602+0300: 396.748: Application time: 0.3409739 seconds
2024-10-04T02:51:47.602+0300: 396.748: [GC (Allocation Failure) 2024-10-04T02:51:47.602+0300: 396.748: [DefNew: 1124278K->5634K(1258304K), 0.0032665 secs] 1137726K->19082K(4054528K), 0.0033306 secs] [Times: user=0.00 sys=0.00, real=0.00 secs] 
2024-10-04T02:51:47.602+0300: 396.752: Total time for which application threads were stopped: 0.0036646 seconds, Stopping threads took: 0.0002116 seconds
2024-10-04T02:51:47.947+0300: 397.098: Application time: 0.3465772 seconds
2024-10-04T02:51:47.947+0300: 397.098: [GC (Allocation Failure) 2024-10-04T02:51:47.947+0300: 397.098: [DefNew: 1124162K->5645K(1258304K), 0.0032776 secs] 1137610K->19094K(4054528K), 0.0033530 secs] [Times: user=0.00 sys=0.00, real=0.00 secs] 
2024-10-04T02:51:47.947+0300: 397.102: Total time for which application threads were stopped: 0.0036629 seconds, Stopping threads took: 0.0001533 seconds
2024-10-04T02:51:48.293+0300: 397.440: Application time: 0.3387379 seconds
2024-10-04T02:51:48.293+0300: 397.441: [GC (Allocation Failure) 2024-10-04T02:51:48.293+0300: 397.441: [DefNew: 1124173K->9075K(1258304K), 0.0076669 secs] 1137622K->22524K(4054528K), 0.0077311 secs] [Times: user=0.00 sys=0.00, real=0.00 secs] 
2024-10-04T02:51:48.293+0300: 397.448: Total time for which application threads were stopped: 0.0079993 seconds, Stopping threads took: 0.0001494 seconds
2024-10-04T02:51:48.638+0300: 397.788: Application time: 0.3395586 seconds
2024-10-04T02:51:48.638+0300: 397.788: [GC (Allocation Failure) 2024-10-04T02:51:48.638+0300: 397.788: [DefNew: 1127603K->6098K(1258304K), 0.0035027 secs] 1141052K->19547K(4054528K), 0.0035722 secs] [Times: user=0.00 sys=0.00, real=0.00 secs] 
2024-10-04T02:51:48.638+0300: 397.792: Total time for which application threads were stopped: 0.0038753 seconds, Stopping threads took: 0.0001692 seconds
2024-10-04T02:51:48.983+0300: 398.142: Application time: 0.3502026 seconds
2024-10-04T02:51:48.983+0300: 398.142: [GC (Allocation Failure) 2024-10-04T02:51:48.983+0300: 398.142: [DefNew: 1124626K->5595K(1258304K), 0.0034323 secs] 1138075K->19044K(4054528K), 0.0041963 secs] [Times: user=0.00 sys=0.00, real=0.02 secs] 
2024-10-04T02:51:48.999+0300: 398.147: Total time for which application threads were stopped: 0.0045185 seconds, Stopping threads took: 0.0001853 seconds
2024-10-04T02:51:49.330+0300: 398.490: Application time: 0.3431414 seconds
2024-10-04T02:51:49.330+0300: 398.490: [GC (Allocation Failure) 2024-10-04T02:51:49.330+0300: 398.490: [DefNew: 1124123K->5760K(1258304K), 0.0034423 secs] 1137572K->19209K(4054528K), 0.0035139 secs] [Times: user=0.00 sys=0.00, real=0.02 secs] 
2024-10-04T02:51:49.345+0300: 398.494: Total time for which application threads were stopped: 0.0038226 seconds, Stopping threads took: 0.0001692 seconds
2024-10-04T02:51:49.675+0300: 398.827: Application time: 0.3338068 seconds
2024-10-04T02:51:49.675+0300: 398.828: [GC (Allocation Failure) 2024-10-04T02:51:49.675+0300: 398.828: [DefNew: 1124288K->5587K(1258304K), 0.0032965 secs] 1137737K->19037K(4054528K), 0.0033657 secs] [Times: user=0.00 sys=0.00, real=0.00 secs] 
2024-10-04T02:51:49.675+0300: 398.831: Total time for which application threads were stopped: 0.0037108 seconds, Stopping threads took: 0.0002152 seconds
2024-10-04T02:51:50.025+0300: 399.174: Application time: 0.3430852 seconds
2024-10-04T02:51:50.025+0300: 399.175: [GC (Allocation Failure) 2024-10-04T02:51:50.025+0300: 399.175: [DefNew: 1124115K->9595K(1258304K), 0.0081519 secs] 1137565K->23046K(4054528K), 0.0082367 secs] [Times: user=0.00 sys=0.00, real=0.01 secs] 
2024-10-04T02:51:50.036+0300: 399.183: Total time for which application threads were stopped: 0.0086285 seconds, Stopping threads took: 0.0002425 seconds
2024-10-04T02:51:50.366+0300: 399.526: Application time: 0.3435712 seconds
2024-10-04T02:51:50.381+0300: 399.527: [GC (Allocation Failure) 2024-10-04T02:51:50.381+0300: 399.529: [DefNew: 1128123K->5596K(1258304K), 0.0037052 secs] 1141574K->19047K(4054528K), 0.0059742 secs] [Times: user=0.00 sys=0.00, real=0.00 secs] 
2024-10-04T02:51:50.381+0300: 399.533: Total time for which application threads were stopped: 0.0063404 seconds, Stopping threads took: 0.0002050 seconds
2024-10-04T02:51:50.727+0300: 399.874: Application time: 0.3411617 seconds
2024-10-04T02:51:50.727+0300: 399.874: [GC (Allocation Failure) 2024-10-04T02:51:50.727+0300: 399.874: [DefNew: 1124124K->5481K(1258304K), 0.0031878 secs] 1137575K->18932K(4054528K), 0.0032553 secs] [Times: user=0.00 sys=0.00, real=0.00 secs] 
2024-10-04T02:51:50.727+0300: 399.877: Total time for which application threads were stopped: 0.0035358 seconds, Stopping threads took: 0.0001409 seconds
2024-10-04T02:51:51.072+0300: 400.226: Application time: 0.3482176 seconds
2024-10-04T02:51:51.072+0300: 400.226: [GC (Allocation Failure) 2024-10-04T02:51:51.072+0300: 400.226: [DefNew: 1124009K->5517K(1258304K), 0.0032615 secs] 1137460K->18968K(4054528K), 0.0033363 secs] [Times: user=0.00 sys=0.00, real=0.00 secs] 
2024-10-04T02:51:51.072+0300: 400.229: Total time for which application threads were stopped: 0.0036657 seconds, Stopping threads took: 0.0002004 seconds
2024-10-04T02:51:51.402+0300: 400.560: Application time: 0.3306375 seconds
2024-10-04T02:51:51.402+0300: 400.560: [GC (Allocation Failure) 2024-10-04T02:51:51.402+0300: 400.560: [DefNew: 1124045K->7121K(1258304K), 0.0044928 secs] 1137496K->20573K(4054528K), 0.0045642 secs] [Times: user=0.00 sys=0.00, real=0.02 secs] 
2024-10-04T02:51:51.417+0300: 400.565: Total time for which application threads were stopped: 0.0048696 seconds, Stopping threads took: 0.0001787 seconds
2024-10-04T02:51:51.747+0300: 400.902: Application time: 0.3371048 seconds
2024-10-04T02:51:51.747+0300: 400.902: [GC (Allocation Failure) 2024-10-04T02:51:51.747+0300: 400.902: [DefNew: 1125649K->7900K(1258304K), 0.0052993 secs] 1139101K->21351K(4054528K), 0.0053684 secs] [Times: user=0.00 sys=0.00, real=0.00 secs] 
2024-10-04T02:51:51.747+0300: 400.908: Total time for which application threads were stopped: 0.0057036 seconds, Stopping threads took: 0.0002145 seconds
2024-10-04T02:51:52.108+0300: 401.259: Application time: 0.3517970 seconds
2024-10-04T02:51:52.108+0300: 401.260: [GC (Allocation Failure) 2024-10-04T02:51:52.108+0300: 401.260: [DefNew: 1126428K->6086K(1258304K), 0.0035329 secs] 1139879K->19538K(4054528K), 0.0036037 secs] [Times: user=0.00 sys=0.00, real=0.00 secs] 
2024-10-04T02:51:52.108+0300: 401.263: Total time for which application threads were stopped: 0.0038968 seconds, Stopping threads took: 0.0001708 seconds
2024-10-04T02:51:52.454+0300: 401.604: Application time: 0.3409624 seconds
2024-10-04T02:51:52.454+0300: 401.605: [GC (Allocation Failure) 2024-10-04T02:51:52.454+0300: 401.605: [DefNew: 1124614K->5492K(1258304K), 0.0031405 secs] 1138066K->18944K(4054528K), 0.0032063 secs] [Times: user=0.00 sys=0.00, real=0.00 secs] 
2024-10-04T02:51:52.454+0300: 401.608: Total time for which application threads were stopped: 0.0035141 seconds, Stopping threads took: 0.0001845 seconds
2024-10-04T02:51:52.783+0300: 401.943: Application time: 0.3350654 seconds
2024-10-04T02:51:52.783+0300: 401.943: [GC (Allocation Failure) 2024-10-04T02:51:52.783+0300: 401.943: [DefNew: 1124020K->5466K(1258304K), 0.0033592 secs] 1137472K->18919K(4054528K), 0.0034419 secs] [Times: user=0.00 sys=0.00, real=0.02 secs] 
2024-10-04T02:51:52.799+0300: 401.947: Total time for which application threads were stopped: 0.0037557 seconds, Stopping threads took: 0.0001808 seconds
2024-10-04T02:51:53.146+0300: 402.291: Application time: 0.3440594 seconds
2024-10-04T02:51:53.146+0300: 402.291: [GC (Allocation Failure) 2024-10-04T02:51:53.148+0300: 402.293: [DefNew: 1123994K->8799K(1258304K), 0.0075301 secs] 1137447K->22252K(4054528K), 0.0098124 secs] [Times: user=0.00 sys=0.00, real=0.00 secs] 
2024-10-04T02:51:53.150+0300: 402.301: Total time for which application threads were stopped: 0.0101093 seconds, Stopping threads took: 0.0001348 seconds
2024-10-04T02:51:53.489+0300: 402.638: Application time: 0.3373097 seconds
2024-10-04T02:51:53.489+0300: 402.638: [GC (Allocation Failure) 2024-10-04T02:51:53.489+0300: 402.638: [DefNew: 1127327K->7295K(1258304K), 0.0052181 secs] 1140780K->20749K(4054528K), 0.0052841 secs] [Times: user=0.00 sys=0.00, real=0.00 secs] 
2024-10-04T02:51:53.489+0300: 402.644: Total time for which application threads were stopped: 0.0055629 seconds, Stopping threads took: 0.0001678 seconds
2024-10-04T02:51:53.850+0300: 402.998: Application time: 0.3546353 seconds
2024-10-04T02:51:53.850+0300: 402.999: [GC (Allocation Failure) 2024-10-04T02:51:53.850+0300: 402.999: [DefNew: 1125823K->5509K(1258304K), 0.0034459 secs] 1139277K->18963K(4054528K), 0.0035187 secs] [Times: user=0.00 sys=0.00, real=0.00 secs] 
2024-10-04T02:51:53.850+0300: 403.002: Total time for which application threads were stopped: 0.0038126 seconds, Stopping threads took: 0.0001613 seconds
2024-10-04T02:51:54.195+0300: 403.346: Application time: 0.3434560 seconds
2024-10-04T02:51:54.195+0300: 403.346: [GC (Allocation Failure) 2024-10-04T02:51:54.195+0300: 403.346: [DefNew: 1124037K->5624K(1258304K), 0.0032414 secs] 1137491K->19078K(4054528K), 0.0033137 secs] [Times: user=0.00 sys=0.00, real=0.00 secs] 
2024-10-04T02:51:54.195+0300: 403.349: Total time for which application threads were stopped: 0.0036044 seconds, Stopping threads took: 0.0001648 seconds
2024-10-04T02:51:54.536+0300: 403.681: Application time: 0.3316250 seconds
2024-10-04T02:51:54.536+0300: 403.681: [GC (Allocation Failure) 2024-10-04T02:51:54.536+0300: 403.681: [DefNew: 1124152K->5719K(1258304K), 0.0034116 secs] 1137606K->19174K(4054528K), 0.0034837 secs] [Times: user=0.00 sys=0.00, real=0.00 secs] 
2024-10-04T02:51:54.536+0300: 403.685: Total time for which application threads were stopped: 0.0037458 seconds, Stopping threads took: 0.0001383 seconds
2024-10-04T02:51:54.871+0300: 404.027: Application time: 0.3424786 seconds
2024-10-04T02:51:54.871+0300: 404.027: [GC (Allocation Failure) 2024-10-04T02:51:54.871+0300: 404.027: [DefNew: 1124247K->7325K(1258304K), 0.0052185 secs] 1137702K->20780K(4054528K), 0.0052969 secs] [Times: user=0.01 sys=0.00, real=0.01 secs] 
2024-10-04T02:51:54.886+0300: 404.033: Total time for which application threads were stopped: 0.0055885 seconds, Stopping threads took: 0.0001466 seconds
2024-10-04T02:51:55.231+0300: 404.377: Application time: 0.3443290 seconds
2024-10-04T02:51:55.231+0300: 404.377: [GC (Allocation Failure) 2024-10-04T02:51:55.231+0300: 404.377: [DefNew: 1125853K->5946K(1258304K), 0.0033327 secs] 1139308K->19401K(4054528K), 0.0034018 secs] [Times: user=0.00 sys=0.00, real=0.00 secs] 
2024-10-04T02:51:55.231+0300: 404.381: Total time for which application threads were stopped: 0.0037061 seconds, Stopping threads took: 0.0001800 seconds
2024-10-04T02:51:55.576+0300: 404.725: Application time: 0.3443610 seconds
2024-10-04T02:51:55.576+0300: 404.725: [GC (Allocation Failure) 2024-10-04T02:51:55.576+0300: 404.725: [DefNew: 1124474K->5484K(1258304K), 0.0032332 secs] 1137929K->18939K(4054528K), 0.0033029 secs] [Times: user=0.00 sys=0.00, real=0.00 secs] 
2024-10-04T02:51:55.576+0300: 404.729: Total time for which application threads were stopped: 0.0035935 seconds, Stopping threads took: 0.0001680 seconds
2024-10-04T02:51:55.922+0300: 405.078: Application time: 0.3490689 seconds
2024-10-04T02:51:55.922+0300: 405.078: [GC (Allocation Failure) 2024-10-04T02:51:55.922+0300: 405.078: [DefNew: 1124012K->5704K(1258304K), 0.0033969 secs] 1137467K->19159K(4054528K), 0.0034676 secs] [Times: user=0.00 sys=0.00, real=0.00 secs] 
2024-10-04T02:51:55.922+0300: 405.082: Total time for which application threads were stopped: 0.0037759 seconds, Stopping threads took: 0.0001785 seconds
2024-10-04T02:51:56.267+0300: 405.412: Application time: 0.3308880 seconds
2024-10-04T02:51:56.267+0300: 405.413: [GC (Allocation Failure) 2024-10-04T02:51:56.267+0300: 405.413: [DefNew: 1124232K->5797K(1258304K), 0.0031983 secs] 1137687K->19252K(4054528K), 0.0032729 secs] [Times: user=0.00 sys=0.00, real=0.00 secs] 
2024-10-04T02:51:56.267+0300: 405.416: Total time for which application threads were stopped: 0.0035791 seconds, Stopping threads took: 0.0001803 seconds
2024-10-04T02:51:56.597+0300: 405.755: Application time: 0.3388189 seconds
2024-10-04T02:51:56.597+0300: 405.755: [GC (Allocation Failure) 2024-10-04T02:51:56.597+0300: 405.755: [DefNew: 1124325K->6681K(1258304K), 0.0038788 secs] 1137780K->20137K(4054528K), 0.0039474 secs] [Times: user=0.00 sys=0.00, real=0.02 secs] 
2024-10-04T02:51:56.612+0300: 405.759: Total time for which application threads were stopped: 0.0042659 seconds, Stopping threads took: 0.0001944 seconds
2024-10-04T02:51:56.957+0300: 406.114: Application time: 0.3545624 seconds
2024-10-04T02:51:56.957+0300: 406.114: [GC (Allocation Failure) 2024-10-04T02:51:56.957+0300: 406.114: [DefNew: 1125209K->5687K(1258304K), 0.0033742 secs] 1138665K->19144K(4054528K), 0.0034603 secs] [Times: user=0.00 sys=0.00, real=0.00 secs] 
2024-10-04T02:51:56.957+0300: 406.118: Total time for which application threads were stopped: 0.0038129 seconds, Stopping threads took: 0.0002204 seconds
2024-10-04T02:51:57.303+0300: 406.461: Application time: 0.3437497 seconds
2024-10-04T02:51:57.303+0300: 406.462: [GC (Allocation Failure) 2024-10-04T02:51:57.303+0300: 406.462: [DefNew: 1124215K->5595K(1258304K), 0.0033758 secs] 1137672K->19052K(4054528K), 0.0034456 secs] [Times: user=0.00 sys=0.00, real=0.02 secs] 
2024-10-04T02:51:57.318+0300: 406.465: Total time for which application threads were stopped: 0.0038316 seconds, Stopping threads took: 0.0002550 seconds
2024-10-04T02:51:57.648+0300: 406.803: Application time: 0.3382821 seconds
2024-10-04T02:51:57.648+0300: 406.804: [GC (Allocation Failure) 2024-10-04T02:51:57.648+0300: 406.804: [DefNew: 1124123K->5637K(1258304K), 0.0033302 secs] 1137580K->19095K(4054528K), 0.0034081 secs] [Times: user=0.00 sys=0.00, real=0.00 secs] 
2024-10-04T02:51:57.648+0300: 406.807: Total time for which application threads were stopped: 0.0037089 seconds, Stopping threads took: 0.0001659 seconds
2024-10-04T02:51:57.993+0300: 407.143: Application time: 0.3355847 seconds
2024-10-04T02:51:57.993+0300: 407.143: [GC (Allocation Failure) 2024-10-04T02:51:57.993+0300: 407.143: [DefNew: 1124165K->7341K(1258304K), 0.0049417 secs] 1137623K->20799K(4054528K), 0.0050160 secs] [Times: user=0.00 sys=0.00, real=0.00 secs] 
2024-10-04T02:51:57.993+0300: 407.148: Total time for which application threads were stopped: 0.0054781 seconds, Stopping threads took: 0.0003239 seconds
2024-10-04T02:51:58.345+0300: 407.495: Application time: 0.3472003 seconds
2024-10-04T02:51:58.345+0300: 407.496: [GC (Allocation Failure) 2024-10-04T02:51:58.345+0300: 407.496: [DefNew: 1125869K->5746K(1258304K), 0.0033361 secs] 1139327K->19204K(4054528K), 0.0034055 secs] [Times: user=0.00 sys=0.00, real=0.00 secs] 
2024-10-04T02:51:58.345+0300: 407.499: Total time for which application threads were stopped: 0.0037412 seconds, Stopping threads took: 0.0002173 seconds
2024-10-04T02:51:58.699+0300: 407.849: Application time: 0.3499450 seconds
2024-10-04T02:51:58.699+0300: 407.849: [GC (Allocation Failure) 2024-10-04T02:51:58.699+0300: 407.849: [DefNew: 1124274K->5545K(1258304K), 0.0031506 secs] 1137732K->19003K(4054528K), 0.0032266 secs] [Times: user=0.00 sys=0.00, real=0.00 secs] 
2024-10-04T02:51:58.699+0300: 407.853: Total time for which application threads were stopped: 0.0035260 seconds, Stopping threads took: 0.0001792 seconds
2024-10-04T02:51:59.047+0300: 408.202: Application time: 0.3490334 seconds
2024-10-04T02:51:59.047+0300: 408.202: [GC (Allocation Failure) 2024-10-04T02:51:59.047+0300: 408.202: [DefNew: 1124073K->5632K(1258304K), 0.0032898 secs] 1137531K->19090K(4054528K), 0.0033730 secs] [Times: user=0.00 sys=0.00, real=0.00 secs] 
2024-10-04T02:51:59.047+0300: 408.205: Total time for which application threads were stopped: 0.0036733 seconds, Stopping threads took: 0.0001782 seconds
2024-10-04T02:51:59.374+0300: 408.533: Application time: 0.3278519 seconds
2024-10-04T02:51:59.374+0300: 408.533: [GC (Allocation Failure) 2024-10-04T02:51:59.374+0300: 408.533: [DefNew: 1124160K->5658K(1258304K), 0.0035707 secs] 1137618K->19117K(4054528K), 0.0036455 secs] [Times: user=0.00 sys=0.00, real=0.02 secs] 
2024-10-04T02:51:59.390+0300: 408.537: Total time for which application threads were stopped: 0.0039876 seconds, Stopping threads took: 0.0002127 seconds
2024-10-04T02:51:59.719+0300: 408.875: Application time: 0.3374321 seconds
2024-10-04T02:51:59.719+0300: 408.875: [GC (Allocation Failure) 2024-10-04T02:51:59.719+0300: 408.875: [DefNew: 1124186K->11543K(1258304K), 0.0106624 secs] 1137645K->25002K(4054528K), 0.0107334 secs] [Times: user=0.00 sys=0.00, real=0.02 secs] 
2024-10-04T02:51:59.735+0300: 408.886: Total time for which application threads were stopped: 0.0110660 seconds, Stopping threads took: 0.0002195 seconds
2024-10-04T02:52:00.096+0300: 409.251: Application time: 0.3650135 seconds
2024-10-04T02:52:00.096+0300: 409.251: [GC (Allocation Failure) 2024-10-04T02:52:00.096+0300: 409.251: [DefNew: 1130071K->5528K(1258304K), 0.0035518 secs] 1143530K->18988K(4054528K), 0.0036294 secs] [Times: user=0.00 sys=0.00, real=0.00 secs] 
2024-10-04T02:52:00.096+0300: 409.255: Total time for which application threads were stopped: 0.0039325 seconds, Stopping threads took: 0.0001668 seconds
2024-10-04T02:52:00.450+0300: 409.599: Application time: 0.3442817 seconds
2024-10-04T02:52:00.450+0300: 409.599: [GC (Allocation Failure) 2024-10-04T02:52:00.450+0300: 409.599: [DefNew: 1124056K->5610K(1258304K), 0.0032920 secs] 1137516K->19069K(4054528K), 0.0033640 secs] [Times: user=0.00 sys=0.00, real=0.00 secs] 
2024-10-04T02:52:00.450+0300: 409.603: Total time for which application threads were stopped: 0.0036991 seconds, Stopping threads took: 0.0002077 seconds
2024-10-04T02:52:00.788+0300: 409.943: Application time: 0.3408995 seconds
2024-10-04T02:52:00.788+0300: 409.944: [GC (Allocation Failure) 2024-10-04T02:52:00.788+0300: 409.944: [DefNew: 1124138K->5703K(1258304K), 0.0032332 secs] 1137597K->19163K(4054528K), 0.0033030 secs] [Times: user=0.00 sys=0.00, real=0.00 secs] 
2024-10-04T02:52:00.788+0300: 409.947: Total time for which application threads were stopped: 0.0035733 seconds, Stopping threads took: 0.0001520 seconds
2024-10-04T02:52:01.133+0300: 410.282: Application time: 0.3351115 seconds
2024-10-04T02:52:01.133+0300: 410.283: [GC (Allocation Failure) 2024-10-04T02:52:01.133+0300: 410.283: [DefNew: 1124231K->6124K(1258304K), 0.0035059 secs] 1137691K->19585K(4054528K), 0.0035766 secs] [Times: user=0.00 sys=0.00, real=0.00 secs] 
2024-10-04T02:52:01.133+0300: 410.286: Total time for which application threads were stopped: 0.0039697 seconds, Stopping threads took: 0.0002354 seconds
2024-10-04T02:52:01.477+0300: 410.636: Application time: 0.3497119 seconds
2024-10-04T02:52:01.477+0300: 410.636: [GC (Allocation Failure) 2024-10-04T02:52:01.477+0300: 410.636: [DefNew: 1124652K->7429K(1258304K), 0.0050645 secs] 1138113K->20890K(4054528K), 0.0051471 secs] [Times: user=0.00 sys=0.00, real=0.02 secs] 
2024-10-04T02:52:01.493+0300: 410.641: Total time for which application threads were stopped: 0.0055199 seconds, Stopping threads took: 0.0002358 seconds
2024-10-04T02:52:01.838+0300: 410.997: Application time: 0.3559206 seconds
2024-10-04T02:52:01.838+0300: 410.998: [GC (Allocation Failure) 2024-10-04T02:52:01.838+0300: 410.998: [DefNew: 1125957K->5453K(1258304K), 0.0032084 secs] 1139418K->18913K(4054528K), 0.0032849 secs] [Times: user=0.02 sys=0.00, real=0.02 secs] 
2024-10-04T02:52:01.854+0300: 411.001: Total time for which application threads were stopped: 0.0036484 seconds, Stopping threads took: 0.0002148 seconds
2024-10-04T02:52:02.199+0300: 411.345: Application time: 0.3443263 seconds
2024-10-04T02:52:02.199+0300: 411.346: [GC (Allocation Failure) 2024-10-04T02:52:02.199+0300: 411.346: [DefNew: 1123981K->5432K(1258304K), 0.0031553 secs] 1137441K->18893K(4054528K), 0.0032257 secs] [Times: user=0.00 sys=0.00, real=0.00 secs] 
2024-10-04T02:52:02.199+0300: 411.349: Total time for which application threads were stopped: 0.0035578 seconds, Stopping threads took: 0.0002117 seconds
2024-10-04T02:52:02.528+0300: 411.681: Application time: 0.3319722 seconds
2024-10-04T02:52:02.528+0300: 411.681: [GC (Allocation Failure) 2024-10-04T02:52:02.528+0300: 411.681: [DefNew: 1123960K->5652K(1258304K), 0.0032445 secs] 1137421K->19114K(4054528K), 0.0033166 secs] [Times: user=0.00 sys=0.00, real=0.00 secs] 
2024-10-04T02:52:02.528+0300: 411.684: Total time for which application threads were stopped: 0.0035911 seconds, Stopping threads took: 0.0001613 seconds
2024-10-04T02:52:02.874+0300: 412.028: Application time: 0.3435259 seconds
2024-10-04T02:52:02.874+0300: 412.028: [GC (Allocation Failure) 2024-10-04T02:52:02.874+0300: 412.028: [DefNew: 1124180K->6825K(1258304K), 0.0037790 secs] 1137642K->20287K(4054528K), 0.0038638 secs] [Times: user=0.02 sys=0.00, real=0.00 secs] 
2024-10-04T02:52:02.874+0300: 412.032: Total time for which application threads were stopped: 0.0042636 seconds, Stopping threads took: 0.0002503 seconds
2024-10-04T02:52:03.235+0300: 412.384: Application time: 0.3516853 seconds
2024-10-04T02:52:03.235+0300: 412.384: [GC (Allocation Failure) 2024-10-04T02:52:03.235+0300: 412.384: [DefNew: 1125353K->5556K(1258304K), 0.0032710 secs] 1138815K->19018K(4054528K), 0.0033447 secs] [Times: user=0.00 sys=0.00, real=0.00 secs] 
2024-10-04T02:52:03.235+0300: 412.388: Total time for which application threads were stopped: 0.0036754 seconds, Stopping threads took: 0.0001960 seconds
2024-10-04T02:52:03.581+0300: 412.733: Application time: 0.3453087 seconds
2024-10-04T02:52:03.581+0300: 412.733: [GC (Allocation Failure) 2024-10-04T02:52:03.581+0300: 412.733: [DefNew: 1124084K->5573K(1258304K), 0.0032440 secs] 1137546K->19035K(4054528K), 0.0033122 secs] [Times: user=0.00 sys=0.00, real=0.00 secs] 
2024-10-04T02:52:03.581+0300: 412.736: Total time for which application threads were stopped: 0.0036164 seconds, Stopping threads took: 0.0001757 seconds
2024-10-04T02:52:03.926+0300: 413.086: Application time: 0.3497137 seconds
2024-10-04T02:52:03.926+0300: 413.086: [GC (Allocation Failure) 2024-10-04T02:52:03.926+0300: 413.086: [DefNew: 1124101K->5656K(1258304K), 0.0032987 secs] 1137563K->19119K(4054528K), 0.0033697 secs] [Times: user=0.00 sys=0.00, real=0.02 secs] 
2024-10-04T02:52:03.942+0300: 413.090: Total time for which application threads were stopped: 0.0036174 seconds, Stopping threads took: 0.0001296 seconds
2024-10-04T02:52:04.272+0300: 413.426: Application time: 0.3361430 seconds
2024-10-04T02:52:04.272+0300: 413.426: [GC (Allocation Failure) 2024-10-04T02:52:04.272+0300: 413.426: [DefNew: 1124184K->7591K(1258304K), 0.0053100 secs] 1137647K->21054K(4054528K), 0.0053877 secs] [Times: user=0.00 sys=0.00, real=0.00 secs] 
2024-10-04T02:52:04.272+0300: 413.432: Total time for which application threads were stopped: 0.0057170 seconds, Stopping threads took: 0.0002047 seconds
2024-10-04T02:52:04.617+0300: 413.773: Application time: 0.3416211 seconds
2024-10-04T02:52:04.617+0300: 413.774: [GC (Allocation Failure) 2024-10-04T02:52:04.617+0300: 413.774: [DefNew: 1126119K->7936K(1258304K), 0.0054828 secs] 1139582K->21399K(4054528K), 0.0055534 secs] [Times: user=0.00 sys=0.00, real=0.02 secs] 
2024-10-04T02:52:04.633+0300: 413.779: Total time for which application threads were stopped: 0.0058541 seconds, Stopping threads took: 0.0001735 seconds
2024-10-04T02:52:04.979+0300: 414.136: Application time: 0.3565985 seconds
2024-10-04T02:52:04.979+0300: 414.136: [GC (Allocation Failure) 2024-10-04T02:52:04.979+0300: 414.136: [DefNew: 1126464K->5666K(1258304K), 0.0033380 secs] 1139927K->19130K(4054528K), 0.0034225 secs] [Times: user=0.00 sys=0.00, real=0.01 secs] 
2024-10-04T02:52:04.994+0300: 414.139: Total time for which application threads were stopped: 0.0036948 seconds, Stopping threads took: 0.0001480 seconds
2024-10-04T02:52:05.324+0300: 414.481: Application time: 0.3413477 seconds
2024-10-04T02:52:05.324+0300: 414.481: [GC (Allocation Failure) 2024-10-04T02:52:05.324+0300: 414.481: [DefNew: 1124194K->5626K(1258304K), 0.0033267 secs] 1137658K->19090K(4054528K), 0.0033974 secs] [Times: user=0.01 sys=0.00, real=0.02 secs] 
2024-10-04T02:52:05.339+0300: 414.484: Total time for which application threads were stopped: 0.0036737 seconds, Stopping threads took: 0.0001149 seconds
2024-10-04T02:52:05.669+0300: 414.819: Application time: 0.3343186 seconds
2024-10-04T02:52:05.669+0300: 414.819: [GC (Allocation Failure) 2024-10-04T02:52:05.669+0300: 414.819: [DefNew: 1124154K->5573K(1258304K), 0.0031976 secs] 1137618K->19038K(4054528K), 0.0032676 secs] [Times: user=0.00 sys=0.00, real=0.00 secs] 
2024-10-04T02:52:05.669+0300: 414.822: Total time for which application threads were stopped: 0.0035398 seconds, Stopping threads took: 0.0001620 seconds
2024-10-04T02:52:06.015+0300: 415.164: Application time: 0.3415711 seconds
2024-10-04T02:52:06.015+0300: 415.164: [GC (Allocation Failure) 2024-10-04T02:52:06.015+0300: 415.164: [DefNew: 1124101K->7786K(1258304K), 0.0052451 secs] 1137566K->21251K(4054528K), 0.0053206 secs] [Times: user=0.00 sys=0.00, real=0.00 secs] 
2024-10-04T02:52:06.015+0300: 415.170: Total time for which application threads were stopped: 0.0056673 seconds, Stopping threads took: 0.0001984 seconds
2024-10-04T02:52:06.364+0300: 415.518: Application time: 0.3481148 seconds
2024-10-04T02:52:06.364+0300: 415.518: [GC (Allocation Failure) 2024-10-04T02:52:06.364+0300: 415.518: [DefNew: 1126314K->5801K(1258304K), 0.0034704 secs] 1139779K->19266K(4054528K), 0.0035447 secs] [Times: user=0.00 sys=0.00, real=0.01 secs] 
2024-10-04T02:52:06.376+0300: 415.522: Total time for which application threads were stopped: 0.0038666 seconds, Stopping threads took: 0.0001711 seconds
2024-10-04T02:52:06.721+0300: 415.871: Application time: 0.3494956 seconds
2024-10-04T02:52:06.721+0300: 415.871: [GC (Allocation Failure) 2024-10-04T02:52:06.721+0300: 415.871: [DefNew: 1124329K->5567K(1258304K), 0.0032385 secs] 1137794K->19033K(4054528K), 0.0032992 secs] [Times: user=0.00 sys=0.00, real=0.00 secs] 
2024-10-04T02:52:06.721+0300: 415.875: Total time for which application threads were stopped: 0.0036275 seconds, Stopping threads took: 0.0002029 seconds
2024-10-04T02:52:07.066+0300: 416.222: Application time: 0.3474509 seconds
2024-10-04T02:52:07.066+0300: 416.223: [GC (Allocation Failure) 2024-10-04T02:52:07.066+0300: 416.223: [DefNew: 1124095K->5682K(1258304K), 0.0033340 secs] 1137561K->19148K(4054528K), 0.0034182 secs] [Times: user=0.00 sys=0.00, real=0.00 secs] 
2024-10-04T02:52:07.066+0300: 416.226: Total time for which application threads were stopped: 0.0038037 seconds, Stopping threads took: 0.0001920 seconds
2024-10-04T02:52:07.411+0300: 416.560: Application time: 0.3345120 seconds
2024-10-04T02:52:07.411+0300: 416.561: [GC (Allocation Failure) 2024-10-04T02:52:07.411+0300: 416.561: [DefNew: 1124210K->5606K(1258304K), 0.0035021 secs] 1137676K->19072K(4054528K), 0.0035837 secs] [Times: user=0.00 sys=0.00, real=0.00 secs] 
2024-10-04T02:52:07.411+0300: 416.564: Total time for which application threads were stopped: 0.0039362 seconds, Stopping threads took: 0.0002053 seconds
2024-10-04T02:52:07.757+0300: 416.905: Application time: 0.3406044 seconds
2024-10-04T02:52:07.757+0300: 416.905: [GC (Allocation Failure) 2024-10-04T02:52:07.757+0300: 416.905: [DefNew: 1124134K->8691K(1258304K), 0.0072467 secs] 1137600K->22157K(4054528K), 0.0073247 secs] [Times: user=0.00 sys=0.00, real=0.01 secs] 
2024-10-04T02:52:07.767+0300: 416.913: Total time for which application threads were stopped: 0.0076525 seconds, Stopping threads took: 0.0001991 seconds
2024-10-04T02:52:08.118+0300: 417.270: Application time: 0.3568831 seconds
2024-10-04T02:52:08.118+0300: 417.270: [GC (Allocation Failure) 2024-10-04T02:52:08.118+0300: 417.270: [DefNew: 1127219K->5495K(1258304K), 0.0032018 secs] 1140685K->18961K(4054528K), 0.0032799 secs] [Times: user=0.00 sys=0.00, real=0.00 secs] 
2024-10-04T02:52:08.118+0300: 417.273: Total time for which application threads were stopped: 0.0036075 seconds, Stopping threads took: 0.0002042 seconds
2024-10-04T02:52:08.469+0300: 417.617: Application time: 0.3441324 seconds
2024-10-04T02:52:08.469+0300: 417.618: [GC (Allocation Failure) 2024-10-04T02:52:08.469+0300: 417.618: [DefNew: 1124023K->5551K(1258304K), 0.0031566 secs] 1137489K->19017K(4054528K), 0.0032280 secs] [Times: user=0.00 sys=0.00, real=0.00 secs] 
2024-10-04T02:52:08.469+0300: 417.621: Total time for which application threads were stopped: 0.0034859 seconds, Stopping threads took: 0.0001390 seconds
2024-10-04T02:52:08.809+0300: 417.955: Application time: 0.3337036 seconds
2024-10-04T02:52:08.809+0300: 417.955: [GC (Allocation Failure) 2024-10-04T02:52:08.809+0300: 417.955: [DefNew: 1124079K->5873K(1258304K), 0.0034918 secs] 1137545K->19340K(4054528K), 0.0035726 secs] [Times: user=0.00 sys=0.00, real=0.00 secs] 
2024-10-04T02:52:08.809+0300: 417.958: Total time for which application threads were stopped: 0.0038297 seconds, Stopping threads took: 0.0001400 seconds
2024-10-04T02:52:09.153+0300: 418.300: Application time: 0.3419254 seconds
2024-10-04T02:52:09.153+0300: 418.301: [GC (Allocation Failure) 2024-10-04T02:52:09.153+0300: 418.301: [DefNew: 1124401K->5959K(1258304K), 0.0035531 secs] 1137868K->19427K(4054528K), 0.0036296 secs] [Times: user=0.00 sys=0.00, real=0.00 secs] 
2024-10-04T02:52:09.153+0300: 418.304: Total time for which application threads were stopped: 0.0039565 seconds, Stopping threads took: 0.0001986 seconds
2024-10-04T02:52:09.499+0300: 418.654: Application time: 0.3493727 seconds
2024-10-04T02:52:09.499+0300: 418.654: [GC (Allocation Failure) 2024-10-04T02:52:09.499+0300: 418.654: [DefNew: 1124487K->5810K(1258304K), 0.0034211 secs] 1137955K->19278K(4054528K), 0.0034895 secs] [Times: user=0.00 sys=0.00, real=0.00 secs] 
2024-10-04T02:52:09.499+0300: 418.657: Total time for which application threads were stopped: 0.0037442 seconds, Stopping threads took: 0.0001408 seconds
2024-10-04T02:52:09.860+0300: 419.015: Application time: 0.3574418 seconds
2024-10-04T02:52:09.860+0300: 419.015: [GC (Allocation Failure) 2024-10-04T02:52:09.860+0300: 419.015: [DefNew: 1124338K->5686K(1258304K), 0.0033626 secs] 1137806K->19154K(4054528K), 0.0034327 secs] [Times: user=0.00 sys=0.00, real=0.01 secs] 
2024-10-04T02:52:09.872+0300: 419.019: Total time for which application threads were stopped: 0.0037419 seconds, Stopping threads took: 0.0001780 seconds
2024-10-04T02:52:10.205+0300: 419.361: Application time: 0.3426785 seconds
2024-10-04T02:52:10.205+0300: 419.362: [GC (Allocation Failure) 2024-10-04T02:52:10.205+0300: 419.362: [DefNew: 1124214K->5747K(1258304K), 0.0033920 secs] 1137682K->19215K(4054528K), 0.0034641 secs] [Times: user=0.00 sys=0.00, real=0.00 secs] 
2024-10-04T02:52:10.205+0300: 419.365: Total time for which application threads were stopped: 0.0038089 seconds, Stopping threads took: 0.0002161 seconds
2024-10-04T02:52:10.535+0300: 419.694: Application time: 0.3289445 seconds
2024-10-04T02:52:10.535+0300: 419.694: [GC (Allocation Failure) 2024-10-04T02:52:10.535+0300: 419.694: [DefNew: 1124275K->5902K(1258304K), 0.0035137 secs] 1137743K->19371K(4054528K), 0.0035888 secs] [Times: user=0.00 sys=0.00, real=0.02 secs] 
2024-10-04T02:52:10.551+0300: 419.698: Total time for which application threads were stopped: 0.0038615 seconds, Stopping threads took: 0.0001611 seconds
2024-10-04T02:52:10.896+0300: 420.046: Application time: 0.3481648 seconds
2024-10-04T02:52:10.896+0300: 420.046: [GC (Allocation Failure) 2024-10-04T02:52:10.896+0300: 420.046: [DefNew: 1124430K->8369K(1258304K), 0.0059914 secs] 1137899K->21838K(4054528K), 0.0060619 secs] [Times: user=0.00 sys=0.00, real=0.00 secs] 
2024-10-04T02:52:10.896+0300: 420.052: Total time for which application threads were stopped: 0.0063519 seconds, Stopping threads took: 0.0001867 seconds
2024-10-04T02:52:11.241+0300: 420.401: Application time: 0.3488802 seconds
2024-10-04T02:52:11.241+0300: 420.402: [GC (Allocation Failure) 2024-10-04T02:52:11.241+0300: 420.402: [DefNew: 1126897K->5638K(1258304K), 0.0033733 secs] 1140366K->19108K(4054528K), 0.0034512 secs] [Times: user=0.00 sys=0.00, real=0.02 secs] 
2024-10-04T02:52:11.257+0300: 420.405: Total time for which application threads were stopped: 0.0037604 seconds, Stopping threads took: 0.0001878 seconds
2024-10-04T02:52:11.603+0300: 420.749: Application time: 0.3438079 seconds
2024-10-04T02:52:11.603+0300: 420.749: [GC (Allocation Failure) 2024-10-04T02:52:11.603+0300: 420.749: [DefNew: 1124166K->5552K(1258304K), 0.0031493 secs] 1137636K->19021K(4054528K), 0.0032206 secs] [Times: user=0.00 sys=0.00, real=0.00 secs] 
2024-10-04T02:52:11.603+0300: 420.752: Total time for which application threads were stopped: 0.0035009 seconds, Stopping threads took: 0.0001576 seconds
2024-10-04T02:52:11.948+0300: 421.097: Application time: 0.3444584 seconds
2024-10-04T02:52:11.948+0300: 421.097: [GC (Allocation Failure) 2024-10-04T02:52:11.948+0300: 421.097: [DefNew: 1124080K->5623K(1258304K), 0.0033265 secs] 1137549K->19093K(4054528K), 0.0033954 secs] [Times: user=0.01 sys=0.00, real=0.00 secs] 
2024-10-04T02:52:11.948+0300: 421.100: Total time for which application threads were stopped: 0.0036912 seconds, Stopping threads took: 0.0001477 seconds
2024-10-04T02:52:12.278+0300: 421.431: Application time: 0.3309618 seconds
2024-10-04T02:52:12.278+0300: 421.432: [GC (Allocation Failure) 2024-10-04T02:52:12.278+0300: 421.432: [DefNew: 1124151K->5894K(1258304K), 0.0034711 secs] 1137621K->19364K(4054528K), 0.0035430 secs] [Times: user=0.00 sys=0.00, real=0.00 secs] 
2024-10-04T02:52:12.278+0300: 421.435: Total time for which application threads were stopped: 0.0038808 seconds, Stopping threads took: 0.0002025 seconds
2024-10-04T02:52:12.623+0300: 421.781: Application time: 0.3459217 seconds
2024-10-04T02:52:12.623+0300: 421.781: [GC (Allocation Failure) 2024-10-04T02:52:12.623+0300: 421.782: [DefNew: 1124422K->5558K(1258304K), 0.0033425 secs] 1137892K->19028K(4054528K), 0.0034068 secs] [Times: user=0.00 sys=0.00, real=0.02 secs] 
2024-10-04T02:52:12.639+0300: 421.785: Total time for which application threads were stopped: 0.0036800 seconds, Stopping threads took: 0.0001633 seconds
2024-10-04T02:52:12.984+0300: 422.135: Application time: 0.3502850 seconds
2024-10-04T02:52:12.984+0300: 422.136: [GC (Allocation Failure) 2024-10-04T02:52:12.984+0300: 422.136: [DefNew: 1124086K->5577K(1258304K), 0.0032447 secs] 1137556K->19048K(4054528K), 0.0033169 secs] [Times: user=0.00 sys=0.00, real=0.00 secs] 
2024-10-04T02:52:12.984+0300: 422.139: Total time for which application threads were stopped: 0.0036299 seconds, Stopping threads took: 0.0001882 seconds
2024-10-04T02:52:13.330+0300: 422.481: Application time: 0.3420437 seconds
2024-10-04T02:52:13.330+0300: 422.481: [GC (Allocation Failure) 2024-10-04T02:52:13.330+0300: 422.481: [DefNew: 1124105K->5605K(1258304K), 0.0032618 secs] 1137576K->19077K(4054528K), 0.0033321 secs] [Times: user=0.00 sys=0.00, real=0.00 secs] 
2024-10-04T02:52:13.330+0300: 422.485: Total time for which application threads were stopped: 0.0036504 seconds, Stopping threads took: 0.0001874 seconds
2024-10-04T02:52:13.659+0300: 422.819: Application time: 0.3347217 seconds
2024-10-04T02:52:13.659+0300: 422.820: [GC (Allocation Failure) 2024-10-04T02:52:13.659+0300: 422.820: [DefNew: 1124133K->7362K(1258304K), 0.0051312 secs] 1137605K->20834K(4054528K), 0.0052023 secs] [Times: user=0.00 sys=0.00, real=0.02 secs] 
2024-10-04T02:52:13.675+0300: 422.825: Total time for which application threads were stopped: 0.0054728 seconds, Stopping threads took: 0.0001530 seconds
2024-10-04T02:52:14.021+0300: 423.168: Application time: 0.3435088 seconds
2024-10-04T02:52:14.021+0300: 423.168: [GC (Allocation Failure) 2024-10-04T02:52:14.021+0300: 423.169: [DefNew: 1125890K->7353K(1258304K), 0.0051606 secs] 1139362K->20825K(4054528K), 0.0052391 secs] [Times: user=0.00 sys=0.00, real=0.00 secs] 
2024-10-04T02:52:14.021+0300: 423.174: Total time for which application threads were stopped: 0.0055081 seconds, Stopping threads took: 0.0001252 seconds
2024-10-04T02:52:14.366+0300: 423.523: Application time: 0.3490451 seconds
2024-10-04T02:52:14.366+0300: 423.523: [GC (Allocation Failure) 2024-10-04T02:52:14.366+0300: 423.523: [DefNew: 1125881K->5992K(1258304K), 0.0037601 secs] 1139353K->19464K(4054528K), 0.0038318 secs] [Times: user=0.00 sys=0.00, real=0.02 secs] 
2024-10-04T02:52:14.382+0300: 423.527: Total time for which application threads were stopped: 0.0041363 seconds, Stopping threads took: 0.0001844 seconds
2024-10-04T02:52:14.727+0300: 423.874: Application time: 0.3470197 seconds
2024-10-04T02:52:14.727+0300: 423.874: [GC (Allocation Failure) 2024-10-04T02:52:14.727+0300: 423.874: [DefNew: 1124520K->5548K(1258304K), 0.0032395 secs] 1137992K->19021K(4054528K), 0.0033101 secs] [Times: user=0.00 sys=0.00, real=0.00 secs] 
2024-10-04T02:52:14.727+0300: 423.878: Total time for which application threads were stopped: 0.0035809 seconds, Stopping threads took: 0.0001429 seconds
2024-10-04T02:52:15.072+0300: 424.221: Application time: 0.3435033 seconds
2024-10-04T02:52:15.072+0300: 424.221: [GC (Allocation Failure) 2024-10-04T02:52:15.072+0300: 424.221: [DefNew: 1124076K->5602K(1258304K), 0.0032665 secs] 1137549K->19075K(4054528K), 0.0033374 secs] [Times: user=0.00 sys=0.00, real=0.00 secs] 
2024-10-04T02:52:15.072+0300: 424.225: Total time for which application threads were stopped: 0.0036479 seconds, Stopping threads took: 0.0001775 seconds
2024-10-04T02:52:15.402+0300: 424.558: Application time: 0.3328052 seconds
2024-10-04T02:52:15.402+0300: 424.558: [GC (Allocation Failure) 2024-10-04T02:52:15.402+0300: 424.558: [DefNew: 1124130K->7474K(1258304K), 0.0056512 secs] 1137603K->20948K(4054528K), 0.0057234 secs] [Times: user=0.00 sys=0.00, real=0.02 secs] 
2024-10-04T02:52:15.418+0300: 424.564: Total time for which application threads were stopped: 0.0060548 seconds, Stopping threads took: 0.0001949 seconds
2024-10-04T02:52:15.748+0300: 424.905: Application time: 0.3409196 seconds
2024-10-04T02:52:15.748+0300: 424.905: [GC (Allocation Failure) 2024-10-04T02:52:15.748+0300: 424.905: [DefNew: 1126002K->7854K(1258304K), 0.0054242 secs] 1139476K->21327K(4054528K), 0.0054922 secs] [Times: user=0.00 sys=0.00, real=0.02 secs] 
2024-10-04T02:52:15.763+0300: 424.910: Total time for which application threads were stopped: 0.0057639 seconds, Stopping threads took: 0.0001516 seconds
2024-10-04T02:52:16.109+0300: 425.267: Application time: 0.3569949 seconds
2024-10-04T02:52:16.109+0300: 425.268: [GC (Allocation Failure) 2024-10-04T02:52:16.109+0300: 425.268: [DefNew: 1126382K->5654K(1258304K), 0.0035093 secs] 1139855K->19128K(4054528K), 0.0035837 secs] [Times: user=0.00 sys=0.00, real=0.02 secs] 
2024-10-04T02:52:16.124+0300: 425.271: Total time for which application threads were stopped: 0.0039000 seconds, Stopping threads took: 0.0001911 seconds
2024-10-04T02:52:16.454+0300: 425.611: Application time: 0.3401289 seconds
2024-10-04T02:52:16.454+0300: 425.612: [GC (Allocation Failure) 2024-10-04T02:52:16.454+0300: 425.612: [DefNew: 1124182K->5671K(1258304K), 0.0033310 secs] 1137656K->19145K(4054528K), 0.0034036 secs] [Times: user=0.00 sys=0.00, real=0.02 secs] 
2024-10-04T02:52:16.470+0300: 425.615: Total time for which application threads were stopped: 0.0037343 seconds, Stopping threads took: 0.0002068 seconds
2024-10-04T02:52:16.800+0300: 425.951: Application time: 0.3364427 seconds
2024-10-04T02:52:16.800+0300: 425.952: [GC (Allocation Failure) 2024-10-04T02:52:16.800+0300: 425.952: [DefNew: 1124199K->5437K(1258304K), 0.0031083 secs] 1137673K->18912K(4054528K), 0.0031789 secs] [Times: user=0.00 sys=0.00, real=0.00 secs] 
2024-10-04T02:52:16.800+0300: 425.955: Total time for which application threads were stopped: 0.0035135 seconds, Stopping threads took: 0.0001997 seconds
2024-10-04T02:52:17.145+0300: 426.295: Application time: 0.3403599 seconds
2024-10-04T02:52:17.145+0300: 426.296: [GC (Allocation Failure) 2024-10-04T02:52:17.145+0300: 426.296: [DefNew: 1123965K->7108K(1258304K), 0.0053424 secs] 1137440K->20583K(4054528K), 0.0054135 secs] [Times: user=0.00 sys=0.00, real=0.00 secs] 
2024-10-04T02:52:17.145+0300: 426.301: Total time for which application threads were stopped: 0.0057088 seconds, Stopping threads took: 0.0001772 seconds
2024-10-04T02:52:17.491+0300: 426.651: Application time: 0.3497304 seconds
2024-10-04T02:52:17.491+0300: 426.651: [GC (Allocation Failure) 2024-10-04T02:52:17.491+0300: 426.651: [DefNew: 1125636K->5626K(1258304K), 0.0033181 secs] 1139111K->19101K(4054528K), 0.0033890 secs] [Times: user=0.00 sys=0.00, real=0.02 secs] 
2024-10-04T02:52:17.506+0300: 426.655: Total time for which application threads were stopped: 0.0037106 seconds, Stopping threads took: 0.0001967 seconds
2024-10-04T02:52:17.851+0300: 427.007: Application time: 0.3526416 seconds
2024-10-04T02:52:17.851+0300: 427.007: [GC (Allocation Failure) 2024-10-04T02:52:17.851+0300: 427.008: [DefNew: 1124154K->5682K(1258304K), 0.0036511 secs] 1137629K->19157K(4054528K), 0.0037228 secs] [Times: user=0.00 sys=0.00, real=0.00 secs] 
2024-10-04T02:52:17.851+0300: 427.011: Total time for which application threads were stopped: 0.0040834 seconds, Stopping threads took: 0.0002366 seconds
2024-10-04T02:52:18.197+0300: 427.351: Application time: 0.3399068 seconds
2024-10-04T02:52:18.197+0300: 427.351: [GC (Allocation Failure) 2024-10-04T02:52:18.197+0300: 427.351: [DefNew: 1124210K->6754K(1258304K), 0.0045662 secs] 1137685K->20230K(4054528K), 0.0046440 secs] [Times: user=0.00 sys=0.00, real=0.00 secs] 
2024-10-04T02:52:18.197+0300: 427.356: Total time for which application threads were stopped: 0.0049075 seconds, Stopping threads took: 0.0001205 seconds
2024-10-04T02:52:18.542+0300: 427.687: Application time: 0.3312985 seconds
2024-10-04T02:52:18.542+0300: 427.688: [GC (Allocation Failure) 2024-10-04T02:52:18.542+0300: 427.688: [DefNew: 1125282K->5599K(1258304K), 0.0032202 secs] 1138758K->19075K(4054528K), 0.0032914 secs] [Times: user=0.00 sys=0.00, real=0.00 secs] 
2024-10-04T02:52:18.542+0300: 427.691: Total time for which application threads were stopped: 0.0036034 seconds, Stopping threads took: 0.0001737 seconds
2024-10-04T02:52:18.887+0300: 428.038: Application time: 0.3467068 seconds
2024-10-04T02:52:18.887+0300: 428.038: [GC (Allocation Failure) 2024-10-04T02:52:18.887+0300: 428.038: [DefNew: 1124127K->7068K(1258304K), 0.0052497 secs] 1137603K->20544K(4054528K), 0.0053196 secs] [Times: user=0.00 sys=0.00, real=0.01 secs] 
2024-10-04T02:52:18.894+0300: 428.043: Total time for which application threads were stopped: 0.0056842 seconds, Stopping threads took: 0.0002321 seconds
2024-10-04T02:52:19.233+0300: 428.393: Application time: 0.3497399 seconds
2024-10-04T02:52:19.233+0300: 428.393: [GC (Allocation Failure) 2024-10-04T02:52:19.233+0300: 428.393: [DefNew: 1125596K->5658K(1258304K), 0.0033793 secs] 1139072K->19134K(4054528K), 0.0034555 secs] [Times: user=0.00 sys=0.00, real=0.02 secs] 
2024-10-04T02:52:19.249+0300: 428.397: Total time for which application threads were stopped: 0.0037837 seconds, Stopping threads took: 0.0001993 seconds
2024-10-04T02:52:19.578+0300: 428.738: Application time: 0.3409794 seconds
2024-10-04T02:52:19.578+0300: 428.738: [GC (Allocation Failure) 2024-10-04T02:52:19.578+0300: 428.738: [DefNew: 1124186K->5623K(1258304K), 0.0033800 secs] 1137662K->19100K(4054528K), 0.0034507 secs] [Times: user=0.00 sys=0.00, real=0.02 secs] 
2024-10-04T02:52:19.596+0300: 428.742: Total time for which application threads were stopped: 0.0037419 seconds, Stopping threads took: 0.0001561 seconds
2024-10-04T02:52:19.939+0300: 429.086: Application time: 0.3446333 seconds
2024-10-04T02:52:19.939+0300: 429.086: [GC (Allocation Failure) 2024-10-04T02:52:19.939+0300: 429.087: [DefNew: 1124151K->5718K(1258304K), 0.0034460 secs] 1137628K->19195K(4054528K), 0.0035237 secs] [Times: user=0.00 sys=0.00, real=0.00 secs] 
2024-10-04T02:52:19.939+0300: 429.090: Total time for which application threads were stopped: 0.0037940 seconds, Stopping threads took: 0.0001560 seconds
2024-10-04T02:52:20.269+0300: 429.422: Application time: 0.3320037 seconds
2024-10-04T02:52:20.269+0300: 429.422: [GC (Allocation Failure) 2024-10-04T02:52:20.269+0300: 429.422: [DefNew: 1124246K->5811K(1258304K), 0.0035056 secs] 1137723K->19288K(4054528K), 0.0035812 secs] [Times: user=0.00 sys=0.00, real=0.00 secs] 
2024-10-04T02:52:20.269+0300: 429.426: Total time for which application threads were stopped: 0.0039455 seconds, Stopping threads took: 0.0002333 seconds
2024-10-04T02:52:20.615+0300: 429.772: Application time: 0.3459252 seconds
2024-10-04T02:52:20.615+0300: 429.772: [GC (Allocation Failure) 2024-10-04T02:52:20.615+0300: 429.772: [DefNew: 1124339K->6154K(1258304K), 0.0035791 secs] 1137816K->19631K(4054528K), 0.0036528 secs] [Times: user=0.00 sys=0.00, real=0.02 secs] 
2024-10-04T02:52:20.631+0300: 429.776: Total time for which application threads were stopped: 0.0039679 seconds, Stopping threads took: 0.0001890 seconds
2024-10-04T02:52:20.976+0300: 430.129: Application time: 0.3530437 seconds
2024-10-04T02:52:20.976+0300: 430.129: [GC (Allocation Failure) 2024-10-04T02:52:20.976+0300: 430.129: [DefNew: 1124682K->5632K(1258304K), 0.0033799 secs] 1138159K->19110K(4054528K), 0.0034566 secs] [Times: user=0.00 sys=0.00, real=0.00 secs] 
2024-10-04T02:52:20.976+0300: 430.133: Total time for which application threads were stopped: 0.0037833 seconds, Stopping threads took: 0.0001941 seconds
2024-10-04T02:52:21.321+0300: 430.473: Application time: 0.3400909 seconds
2024-10-04T02:52:21.321+0300: 430.473: [GC (Allocation Failure) 2024-10-04T02:52:21.321+0300: 430.473: [DefNew: 1124160K->7751K(1258304K), 0.0050644 secs] 1137638K->21229K(4054528K), 0.0051342 secs] [Times: user=0.00 sys=0.00, real=0.00 secs] 
2024-10-04T02:52:21.321+0300: 430.478: Total time for which application threads were stopped: 0.0054137 seconds, Stopping threads took: 0.0001631 seconds
2024-10-04T02:52:21.667+0300: 430.814: Application time: 0.3353831 seconds
2024-10-04T02:52:21.667+0300: 430.814: [GC (Allocation Failure) 2024-10-04T02:52:21.667+0300: 430.814: [DefNew: 1126279K->5867K(1258304K), 0.0033869 secs] 1139757K->19346K(4054528K), 0.0034577 secs] [Times: user=0.00 sys=0.00, real=0.00 secs] 
2024-10-04T02:52:21.667+0300: 430.817: Total time for which application threads were stopped: 0.0036974 seconds, Stopping threads took: 0.0001274 seconds
2024-10-04T02:52:22.015+0300: 431.161: Application time: 0.3437623 seconds
2024-10-04T02:52:22.015+0300: 431.161: [GC (Allocation Failure) 2024-10-04T02:52:22.015+0300: 431.161: [DefNew: 1124395K->6483K(1258304K), 0.0041780 secs] 1137874K->19962K(4054528K), 0.0042474 secs] [Times: user=0.00 sys=0.00, real=0.00 secs] 
2024-10-04T02:52:22.020+0300: 431.166: Total time for which application threads were stopped: 0.0045018 seconds, Stopping threads took: 0.0001440 seconds
2024-10-04T02:52:22.358+0300: 431.511: Application time: 0.3458951 seconds
2024-10-04T02:52:22.358+0300: 431.512: [GC (Allocation Failure) 2024-10-04T02:52:22.358+0300: 431.512: [DefNew: 1125011K->5813K(1258304K), 0.0034016 secs] 1138490K->19293K(4054528K), 0.0034701 secs] [Times: user=0.00 sys=0.00, real=0.00 secs] 
2024-10-04T02:52:22.358+0300: 431.515: Total time for which application threads were stopped: 0.0037815 seconds, Stopping threads took: 0.0001956 seconds
2024-10-04T02:52:22.703+0300: 431.856: Application time: 0.3412103 seconds
2024-10-04T02:52:22.703+0300: 431.857: [GC (Allocation Failure) 2024-10-04T02:52:22.703+0300: 431.857: [DefNew: 1124341K->5815K(1258304K), 0.0034772 secs] 1137821K->19294K(4054528K), 0.0035432 secs] [Times: user=0.00 sys=0.00, real=0.00 secs] 
2024-10-04T02:52:22.703+0300: 431.860: Total time for which application threads were stopped: 0.0038493 seconds, Stopping threads took: 0.0001815 seconds
2024-10-04T02:52:23.048+0300: 432.207: Application time: 0.3469587 seconds
2024-10-04T02:52:23.048+0300: 432.208: [GC (Allocation Failure) 2024-10-04T02:52:23.048+0300: 432.208: [DefNew: 1124343K->5761K(1258304K), 0.0038172 secs] 1137822K->19241K(4054528K), 0.0039106 secs] [Times: user=0.00 sys=0.00, real=0.02 secs] 
2024-10-04T02:52:23.064+0300: 432.212: Total time for which application threads were stopped: 0.0042456 seconds, Stopping threads took: 0.0001981 seconds
2024-10-04T02:52:23.394+0300: 432.546: Application time: 0.3342835 seconds
2024-10-04T02:52:23.394+0300: 432.546: [GC (Allocation Failure) 2024-10-04T02:52:23.394+0300: 432.546: [DefNew: 1124289K->7208K(1258304K), 0.0050040 secs] 1137769K->20688K(4054528K), 0.0050707 secs] [Times: user=0.00 sys=0.00, real=0.01 secs] 
2024-10-04T02:52:23.405+0300: 432.551: Total time for which application threads were stopped: 0.0053733 seconds, Stopping threads took: 0.0001759 seconds
2024-10-04T02:52:23.740+0300: 432.891: Application time: 0.3397117 seconds
2024-10-04T02:52:23.740+0300: 432.891: [GC (Allocation Failure) 2024-10-04T02:52:23.740+0300: 432.891: [DefNew: 1125736K->6048K(1258304K), 0.0034235 secs] 1139216K->19529K(4054528K), 0.0034927 secs] [Times: user=0.00 sys=0.00, real=0.00 secs] 
2024-10-04T02:52:23.740+0300: 432.895: Total time for which application threads were stopped: 0.0037772 seconds, Stopping threads took: 0.0001726 seconds
2024-10-04T02:52:24.101+0300: 433.248: Application time: 0.3535945 seconds
2024-10-04T02:52:24.101+0300: 433.249: [GC (Allocation Failure) 2024-10-04T02:52:24.101+0300: 433.249: [DefNew: 1124576K->5661K(1258304K), 0.0033313 secs] 1138057K->19142K(4054528K), 0.0034038 secs] [Times: user=0.00 sys=0.00, real=0.00 secs] 
2024-10-04T02:52:24.106+0300: 433.252: Total time for which application threads were stopped: 0.0037291 seconds, Stopping threads took: 0.0001948 seconds
2024-10-04T02:52:24.446+0300: 433.594: Application time: 0.3423470 seconds
2024-10-04T02:52:24.446+0300: 433.595: [GC (Allocation Failure) 2024-10-04T02:52:24.446+0300: 433.595: [DefNew: 1124189K->5626K(1258304K), 0.0032288 secs] 1137670K->19107K(4054528K), 0.0033109 secs] [Times: user=0.00 sys=0.00, real=0.00 secs] 
2024-10-04T02:52:24.446+0300: 433.598: Total time for which application threads were stopped: 0.0035699 seconds, Stopping threads took: 0.0001280 seconds
2024-10-04T02:52:24.776+0300: 433.932: Application time: 0.3340209 seconds
2024-10-04T02:52:24.776+0300: 433.932: [GC (Allocation Failure) 2024-10-04T02:52:24.776+0300: 433.932: [DefNew: 1124154K->5471K(1258304K), 0.0030851 secs] 1137635K->18952K(4054528K), 0.0031543 secs] [Times: user=0.00 sys=0.00, real=0.00 secs] 
2024-10-04T02:52:24.776+0300: 433.935: Total time for which application threads were stopped: 0.0034704 seconds, Stopping threads took: 0.0001886 seconds
2024-10-04T02:52:25.137+0300: 434.283: Application time: 0.3473836 seconds
2024-10-04T02:52:25.137+0300: 434.283: [GC (Allocation Failure) 2024-10-04T02:52:25.137+0300: 434.283: [DefNew: 1123999K->7969K(1258304K), 0.0053782 secs] 1137480K->21451K(4054528K), 0.0054544 secs] [Times: user=0.00 sys=0.00, real=0.00 secs] 
2024-10-04T02:52:25.137+0300: 434.289: Total time for which application threads were stopped: 0.0057465 seconds, Stopping threads took: 0.0001707 seconds
2024-10-04T02:52:25.482+0300: 434.631: Application time: 0.3421499 seconds
2024-10-04T02:52:25.482+0300: 434.631: [GC (Allocation Failure) 2024-10-04T02:52:25.482+0300: 434.631: [DefNew: 1126497K->7696K(1258304K), 0.0050517 secs] 1139979K->21178K(4054528K), 0.0051149 secs] [Times: user=0.00 sys=0.00, real=0.00 secs] 
2024-10-04T02:52:25.482+0300: 434.636: Total time for which application threads were stopped: 0.0053637 seconds, Stopping threads took: 0.0001386 seconds
2024-10-04T02:52:25.828+0300: 434.976: Application time: 0.3396830 seconds
2024-10-04T02:52:25.828+0300: 434.976: [GC (Allocation Failure) 2024-10-04T02:52:25.828+0300: 434.976: [DefNew: 1126224K->6349K(1258304K), 0.0043316 secs] 1139706K->19831K(4054528K), 0.0044035 secs] [Times: user=0.00 sys=0.00, real=0.00 secs] 
2024-10-04T02:52:25.828+0300: 434.980: Total time for which application threads were stopped: 0.0046653 seconds, Stopping threads took: 0.0001169 seconds
2024-10-04T02:52:26.173+0300: 435.327: Application time: 0.3469830 seconds
2024-10-04T02:52:26.173+0300: 435.328: [GC (Allocation Failure) 2024-10-04T02:52:26.173+0300: 435.328: [DefNew: 1124877K->5729K(1258304K), 0.0033257 secs] 1138359K->19212K(4054528K), 0.0034036 secs] [Times: user=0.00 sys=0.00, real=0.00 secs] 
2024-10-04T02:52:26.173+0300: 435.331: Total time for which application threads were stopped: 0.0037322 seconds, Stopping threads took: 0.0002063 seconds
2024-10-04T02:52:26.519+0300: 435.667: Application time: 0.3354578 seconds
2024-10-04T02:52:26.519+0300: 435.667: [GC (Allocation Failure) 2024-10-04T02:52:26.519+0300: 435.667: [DefNew: 1124257K->9042K(1258304K), 0.0073978 secs] 1137740K->22526K(4054528K), 0.0074647 secs] [Times: user=0.00 sys=0.00, real=0.00 secs] 
2024-10-04T02:52:26.519+0300: 435.674: Total time for which application threads were stopped: 0.0077353 seconds, Stopping threads took: 0.0001487 seconds
2024-10-04T02:52:26.864+0300: 436.016: Application time: 0.3411360 seconds
2024-10-04T02:52:26.864+0300: 436.016: [GC (Allocation Failure) 2024-10-04T02:52:26.864+0300: 436.016: [DefNew: 1127570K->7431K(1258304K), 0.0053547 secs] 1141054K->20914K(4054528K), 0.0054320 secs] [Times: user=0.00 sys=0.00, real=0.00 secs] 
2024-10-04T02:52:26.864+0300: 436.021: Total time for which application threads were stopped: 0.0057339 seconds, Stopping threads took: 0.0001371 seconds
2024-10-04T02:52:27.213+0300: 436.367: Application time: 0.3457995 seconds
2024-10-04T02:52:27.213+0300: 436.367: [GC (Allocation Failure) 2024-10-04T02:52:27.213+0300: 436.367: [DefNew: 1125959K->5746K(1258304K), 0.0033728 secs] 1139442K->19230K(4054528K), 0.0034509 secs] [Times: user=0.00 sys=0.00, real=0.01 secs] 
2024-10-04T02:52:27.225+0300: 436.371: Total time for which application threads were stopped: 0.0037561 seconds, Stopping threads took: 0.0001850 seconds
2024-10-04T02:52:27.555+0300: 436.715: Application time: 0.3440831 seconds
2024-10-04T02:52:27.555+0300: 436.715: [GC (Allocation Failure) 2024-10-04T02:52:27.555+0300: 436.715: [DefNew: 1124274K->5628K(1258304K), 0.0034540 secs] 1137758K->19112K(4054528K), 0.0035290 secs] [Times: user=0.00 sys=0.00, real=0.01 secs] 
2024-10-04T02:52:27.570+0300: 436.719: Total time for which application threads were stopped: 0.0038607 seconds, Stopping threads took: 0.0001993 seconds
2024-10-04T02:52:27.915+0300: 437.060: Application time: 0.3414909 seconds
2024-10-04T02:52:27.915+0300: 437.061: [GC (Allocation Failure) 2024-10-04T02:52:27.915+0300: 437.061: [DefNew: 1124156K->5601K(1258304K), 0.0033697 secs] 1137640K->19085K(4054528K), 0.0034649 secs] [Times: user=0.00 sys=0.00, real=0.00 secs] 
2024-10-04T02:52:27.916+0300: 437.064: Total time for which application threads were stopped: 0.0037981 seconds, Stopping threads took: 0.0001585 seconds
2024-10-04T02:52:28.246+0300: 437.401: Application time: 0.3371666 seconds
2024-10-04T02:52:28.246+0300: 437.401: [GC (Allocation Failure) 2024-10-04T02:52:28.246+0300: 437.402: [DefNew: 1124129K->9511K(1258304K), 0.0076290 secs] 1137613K->22996K(4054528K), 0.0076976 secs] [Times: user=0.00 sys=0.00, real=0.02 secs] 
2024-10-04T02:52:28.262+0300: 437.409: Total time for which application threads were stopped: 0.0079914 seconds, Stopping threads took: 0.0001766 seconds
2024-10-04T02:52:28.591+0300: 437.747: Application time: 0.3375066 seconds
2024-10-04T02:52:28.591+0300: 437.747: [GC (Allocation Failure) 2024-10-04T02:52:28.591+0300: 437.747: [DefNew: 1128039K->7370K(1258304K), 0.0053090 secs] 1141524K->20855K(4054528K), 0.0053720 secs] [Times: user=0.00 sys=0.00, real=0.02 secs] 
2024-10-04T02:52:28.607+0300: 437.752: Total time for which application threads were stopped: 0.0056935 seconds, Stopping threads took: 0.0002032 seconds
2024-10-04T02:52:28.960+0300: 438.105: Application time: 0.3528413 seconds
2024-10-04T02:52:28.960+0300: 438.106: [GC (Allocation Failure) 2024-10-04T02:52:28.960+0300: 438.106: [DefNew: 1125898K->5619K(1258304K), 0.0033700 secs] 1139383K->19104K(4054528K), 0.0034602 secs] [Times: user=0.00 sys=0.00, real=0.00 secs] 
2024-10-04T02:52:28.963+0300: 438.109: Total time for which application threads were stopped: 0.0037933 seconds, Stopping threads took: 0.0001989 seconds
2024-10-04T02:52:29.299+0300: 438.457: Application time: 0.3478118 seconds
2024-10-04T02:52:29.299+0300: 438.457: [GC (Allocation Failure) 2024-10-04T02:52:29.299+0300: 438.457: [DefNew: 1124147K->5691K(1258304K), 0.0035787 secs] 1137632K->19176K(4054528K), 0.0036471 secs] [Times: user=0.00 sys=0.00, real=0.02 secs] 
2024-10-04T02:52:29.315+0300: 438.461: Total time for which application threads were stopped: 0.0039378 seconds, Stopping threads took: 0.0001659 seconds
2024-10-04T02:52:29.645+0300: 438.791: Application time: 0.3301364 seconds
2024-10-04T02:52:29.645+0300: 438.791: [GC (Allocation Failure) 2024-10-04T02:52:29.645+0300: 438.791: [DefNew: 1124219K->5684K(1258304K), 0.0032702 secs] 1137704K->19169K(4054528K), 0.0033401 secs] [Times: user=0.00 sys=0.00, real=0.00 secs] 
2024-10-04T02:52:29.645+0300: 438.795: Total time for which application threads were stopped: 0.0035852 seconds, Stopping threads took: 0.0001347 seconds
2024-10-04T02:52:29.990+0300: 439.139: Application time: 0.3444788 seconds
2024-10-04T02:52:29.990+0300: 439.139: [GC (Allocation Failure) 2024-10-04T02:52:29.990+0300: 439.139: [DefNew: 1124212K->6564K(1258304K), 0.0038576 secs] 1137697K->20050K(4054528K), 0.0039402 secs] [Times: user=0.02 sys=0.00, real=0.00 secs] 
2024-10-04T02:52:29.990+0300: 439.143: Total time for which application threads were stopped: 0.0042287 seconds, Stopping threads took: 0.0001395 seconds
2024-10-04T02:52:30.335+0300: 439.485: Application time: 0.3420590 seconds
2024-10-04T02:52:30.335+0300: 439.486: [GC (Allocation Failure) 2024-10-04T02:52:30.335+0300: 439.486: [DefNew: 1125092K->9006K(1258304K), 0.0063697 secs] 1138578K->22493K(4054528K), 0.0064378 secs] [Times: user=0.00 sys=0.00, real=0.00 secs] 
2024-10-04T02:52:30.335+0300: 439.492: Total time for which application threads were stopped: 0.0067271 seconds, Stopping threads took: 0.0001710 seconds
2024-10-04T02:52:30.680+0300: 439.836: Application time: 0.3438135 seconds
2024-10-04T02:52:30.680+0300: 439.836: [GC (Allocation Failure) 2024-10-04T02:52:30.680+0300: 439.836: [DefNew: 1127534K->5531K(1258304K), 0.0034736 secs] 1141021K->19018K(4054528K), 0.0035447 secs] [Times: user=0.00 sys=0.00, real=0.00 secs] 
2024-10-04T02:52:30.680+0300: 439.840: Total time for which application threads were stopped: 0.0038702 seconds, Stopping threads took: 0.0001950 seconds
2024-10-04T02:52:31.042+0300: 440.189: Application time: 0.3495289 seconds
2024-10-04T02:52:31.042+0300: 440.190: [GC (Allocation Failure) 2024-10-04T02:52:31.042+0300: 440.190: [DefNew: 1124059K->5671K(1258304K), 0.0033542 secs] 1137546K->19158K(4054528K), 0.0034267 secs] [Times: user=0.00 sys=0.00, real=0.00 secs] 
2024-10-04T02:52:31.042+0300: 440.193: Total time for which application threads were stopped: 0.0037058 seconds, Stopping threads took: 0.0001529 seconds
2024-10-04T02:52:31.371+0300: 440.524: Application time: 0.3314987 seconds
2024-10-04T02:52:31.371+0300: 440.525: [GC (Allocation Failure) 2024-10-04T02:52:31.371+0300: 440.525: [DefNew: 1124199K->5972K(1258304K), 0.0041526 secs] 1137686K->19459K(4054528K), 0.0042223 secs] [Times: user=0.00 sys=0.00, real=0.00 secs] 
2024-10-04T02:52:31.371+0300: 440.529: Total time for which application threads were stopped: 0.0046098 seconds, Stopping threads took: 0.0002233 seconds
2024-10-04T02:52:31.724+0300: 440.878: Application time: 0.3488135 seconds
2024-10-04T02:52:31.733+0300: 440.879: [GC (Allocation Failure) 2024-10-04T02:52:31.733+0300: 440.879: [DefNew: 1124500K->5649K(1258304K), 0.0038663 secs] 1137987K->19137K(4054528K), 0.0039418 secs] [Times: user=0.00 sys=0.00, real=0.00 secs] 
2024-10-04T02:52:31.733+0300: 440.883: Total time for which application threads were stopped: 0.0047753 seconds, Stopping threads took: 0.0006937 seconds
2024-10-04T02:52:32.094+0300: 441.249: Application time: 0.3660882 seconds
2024-10-04T02:52:32.094+0300: 441.249: [GC (Allocation Failure) 2024-10-04T02:52:32.094+0300: 441.249: [DefNew: 1124177K->5451K(1258304K), 0.0034873 secs] 1137665K->18939K(4054528K), 0.0035533 secs] [Times: user=0.00 sys=0.00, real=0.00 secs] 
2024-10-04T02:52:32.094+0300: 441.253: Total time for which application threads were stopped: 0.0038653 seconds, Stopping threads took: 0.0001811 seconds
2024-10-04T02:52:32.455+0300: 441.611: Application time: 0.3587988 seconds
2024-10-04T02:52:32.455+0300: 441.612: [GC (Allocation Failure) 2024-10-04T02:52:32.455+0300: 441.612: [DefNew: 1123979K->5627K(1258304K), 0.0033485 secs] 1137467K->19115K(4054528K), 0.0034230 secs] [Times: user=0.00 sys=0.00, real=0.00 secs] 
2024-10-04T02:52:32.455+0300: 441.615: Total time for which application threads were stopped: 0.0037918 seconds, Stopping threads took: 0.0001317 seconds
2024-10-04T02:52:32.801+0300: 441.956: Application time: 0.3405071 seconds
2024-10-04T02:52:32.801+0300: 441.956: [GC (Allocation Failure) 2024-10-04T02:52:32.801+0300: 441.956: [DefNew: 1124155K->5758K(1258304K), 0.0037586 secs] 1137643K->19247K(4054528K), 0.0038306 secs] [Times: user=0.02 sys=0.00, real=0.00 secs] 
2024-10-04T02:52:32.801+0300: 441.960: Total time for which application threads were stopped: 0.0041562 seconds, Stopping threads took: 0.0001647 seconds
2024-10-04T02:52:33.146+0300: 442.306: Application time: 0.3463103 seconds
2024-10-04T02:52:33.146+0300: 442.306: [GC (Allocation Failure) 2024-10-04T02:52:33.146+0300: 442.306: [DefNew: 1124286K->5536K(1258304K), 0.0037321 secs] 1137775K->19025K(4054528K), 0.0037982 secs] [Times: user=0.02 sys=0.00, real=0.02 secs] 
2024-10-04T02:52:33.162+0300: 442.310: Total time for which application threads were stopped: 0.0040173 seconds, Stopping threads took: 0.0001040 seconds
2024-10-04T02:52:33.506+0300: 442.658: Application time: 0.3476453 seconds
2024-10-04T02:52:33.506+0300: 442.658: [GC (Allocation Failure) 2024-10-04T02:52:33.506+0300: 442.658: [DefNew: 1124064K->6430K(1258304K), 0.0039631 secs] 1137553K->19919K(4054528K), 0.0040248 secs] [Times: user=0.00 sys=0.00, real=0.00 secs] 
2024-10-04T02:52:33.506+0300: 442.662: Total time for which application threads were stopped: 0.0044328 seconds, Stopping threads took: 0.0002745 seconds
2024-10-04T02:52:33.868+0300: 443.015: Application time: 0.3526065 seconds
2024-10-04T02:52:33.868+0300: 443.015: [GC (Allocation Failure) 2024-10-04T02:52:33.868+0300: 443.015: [DefNew: 1124958K->5578K(1258304K), 0.0037197 secs] 1138447K->19068K(4054528K), 0.0037788 secs] [Times: user=0.00 sys=0.00, real=0.00 secs] 
2024-10-04T02:52:33.868+0300: 443.019: Total time for which application threads were stopped: 0.0040778 seconds, Stopping threads took: 0.0001616 seconds
2024-10-04T02:52:34.213+0300: 443.366: Application time: 0.3469867 seconds
2024-10-04T02:52:34.213+0300: 443.366: [GC (Allocation Failure) 2024-10-04T02:52:34.213+0300: 443.366: [DefNew: 1124106K->5476K(1258304K), 0.0035118 secs] 1137596K->18965K(4054528K), 0.0036286 secs] [Times: user=0.00 sys=0.00, real=0.00 secs] 
2024-10-04T02:52:34.213+0300: 443.370: Total time for which application threads were stopped: 0.0039434 seconds, Stopping threads took: 0.0001476 seconds
2024-10-04T02:52:34.543+0300: 443.701: Application time: 0.3310899 seconds
2024-10-04T02:52:34.543+0300: 443.701: [GC (Allocation Failure) 2024-10-04T02:52:34.543+0300: 443.701: [DefNew: 1124004K->5495K(1258304K), 0.0032817 secs] 1137493K->18985K(4054528K), 0.0033477 secs] [Times: user=0.00 sys=0.00, real=0.02 secs] 
2024-10-04T02:52:34.559+0300: 443.705: Total time for which application threads were stopped: 0.0037074 seconds, Stopping threads took: 0.0002346 seconds
2024-10-04T02:52:34.888+0300: 444.046: Application time: 0.3408167 seconds
2024-10-04T02:52:34.888+0300: 444.046: [GC (Allocation Failure) 2024-10-04T02:52:34.888+0300: 444.046: [DefNew: 1124023K->9647K(1258304K), 0.0082453 secs] 1137513K->23137K(4054528K), 0.0083473 secs] [Times: user=0.01 sys=0.00, real=0.02 secs] 
2024-10-04T02:52:34.904+0300: 444.054: Total time for which application threads were stopped: 0.0086853 seconds, Stopping threads took: 0.0001987 seconds
2024-10-04T02:52:35.249+0300: 444.402: Application time: 0.3480501 seconds
2024-10-04T02:52:35.249+0300: 444.403: [GC (Allocation Failure) 2024-10-04T02:52:35.249+0300: 444.403: [DefNew: 1128175K->5943K(1258304K), 0.0035192 secs] 1141665K->19433K(4054528K), 0.0035913 secs] [Times: user=0.00 sys=0.00, real=0.00 secs] 
2024-10-04T02:52:35.249+0300: 444.406: Total time for which application threads were stopped: 0.0038785 seconds, Stopping threads took: 0.0001683 seconds
2024-10-04T02:52:35.610+0300: 444.760: Application time: 0.3539920 seconds
2024-10-04T02:52:35.610+0300: 444.760: [GC (Allocation Failure) 2024-10-04T02:52:35.610+0300: 444.761: [DefNew: 1124471K->5588K(1258304K), 0.0032832 secs] 1137961K->19079K(4054528K), 0.0033557 secs] [Times: user=0.00 sys=0.00, real=0.00 secs] 
2024-10-04T02:52:35.610+0300: 444.764: Total time for which application threads were stopped: 0.0036878 seconds, Stopping threads took: 0.0001916 seconds
2024-10-04T02:52:35.955+0300: 445.115: Application time: 0.3507633 seconds
2024-10-04T02:52:35.955+0300: 445.115: [GC (Allocation Failure) 2024-10-04T02:52:35.955+0300: 445.115: [DefNew: 1124116K->5675K(1258304K), 0.0033951 secs] 1137607K->19167K(4054528K), 0.0034698 secs] [Times: user=0.00 sys=0.00, real=0.02 secs] 
2024-10-04T02:52:35.971+0300: 445.118: Total time for which application threads were stopped: 0.0037866 seconds, Stopping threads took: 0.0001977 seconds
2024-10-04T02:52:36.301+0300: 445.455: Application time: 0.3364766 seconds
2024-10-04T02:52:36.301+0300: 445.455: [GC (Allocation Failure) 2024-10-04T02:52:36.301+0300: 445.455: [DefNew: 1124203K->5687K(1258304K), 0.0032606 secs] 1137695K->19179K(4054528K), 0.0033256 secs] [Times: user=0.00 sys=0.00, real=0.00 secs] 
2024-10-04T02:52:36.301+0300: 445.459: Total time for which application threads were stopped: 0.0036377 seconds, Stopping threads took: 0.0001897 seconds
2024-10-04T02:52:36.646+0300: 445.799: Application time: 0.3408445 seconds
2024-10-04T02:52:36.646+0300: 445.800: [GC (Allocation Failure) 2024-10-04T02:52:36.646+0300: 445.800: [DefNew: 1124215K->6405K(1258304K), 0.0035471 secs] 1137707K->19897K(4054528K), 0.0036115 secs] [Times: user=0.00 sys=0.00, real=0.00 secs] 
2024-10-04T02:52:36.646+0300: 445.803: Total time for which application threads were stopped: 0.0039017 seconds, Stopping threads took: 0.0001670 seconds
2024-10-04T02:52:37.007+0300: 446.160: Application time: 0.3569190 seconds
2024-10-04T02:52:37.007+0300: 446.161: [GC (Allocation Failure) 2024-10-04T02:52:37.007+0300: 446.161: [DefNew: 1124933K->5652K(1258304K), 0.0034351 secs] 1138425K->19144K(4054528K), 0.0035072 secs] [Times: user=0.00 sys=0.00, real=0.00 secs] 
2024-10-04T02:52:37.007+0300: 446.164: Total time for which application threads were stopped: 0.0038482 seconds, Stopping threads took: 0.0002027 seconds
2024-10-04T02:52:37.352+0300: 446.506: Application time: 0.3415482 seconds
2024-10-04T02:52:37.352+0300: 446.506: [GC (Allocation Failure) 2024-10-04T02:52:37.352+0300: 446.506: [DefNew: 1124180K->5502K(1258304K), 0.0031148 secs] 1137672K->18995K(4054528K), 0.0031849 secs] [Times: user=0.00 sys=0.00, real=0.00 secs] 
2024-10-04T02:52:37.352+0300: 446.509: Total time for which application threads were stopped: 0.0034549 seconds, Stopping threads took: 0.0001624 seconds
2024-10-04T02:52:37.682+0300: 446.843: Application time: 0.3335467 seconds
2024-10-04T02:52:37.698+0300: 446.843: [GC (Allocation Failure) 2024-10-04T02:52:37.698+0300: 446.843: [DefNew: 1124030K->6574K(1258304K), 0.0042931 secs] 1137523K->20067K(4054528K), 0.0043697 secs] [Times: user=0.00 sys=0.00, real=0.00 secs] 
2024-10-04T02:52:37.698+0300: 446.847: Total time for which application threads were stopped: 0.0046953 seconds, Stopping threads took: 0.0001912 seconds
2024-10-04T02:52:38.043+0300: 447.189: Application time: 0.3414534 seconds
2024-10-04T02:52:38.043+0300: 447.189: [GC (Allocation Failure) 2024-10-04T02:52:38.043+0300: 447.189: [DefNew: 1125102K->8988K(1258304K), 0.0082021 secs] 1138595K->22482K(4054528K), 0.0082799 secs] [Times: user=0.00 sys=0.00, real=0.00 secs] 
2024-10-04T02:52:38.043+0300: 447.197: Total time for which application threads were stopped: 0.0085865 seconds, Stopping threads took: 0.0001768 seconds
2024-10-04T02:52:38.388+0300: 447.545: Application time: 0.3473975 seconds
2024-10-04T02:52:38.388+0300: 447.545: [GC (Allocation Failure) 2024-10-04T02:52:38.388+0300: 447.545: [DefNew: 1127516K->5646K(1258304K), 0.0036577 secs] 1141010K->19139K(4054528K), 0.0037359 secs] [Times: user=0.00 sys=0.00, real=0.02 secs] 
2024-10-04T02:52:38.404+0300: 447.549: Total time for which application threads were stopped: 0.0040615 seconds, Stopping threads took: 0.0001963 seconds
2024-10-04T02:52:38.749+0300: 447.897: Application time: 0.3477330 seconds
2024-10-04T02:52:38.749+0300: 447.897: [GC (Allocation Failure) 2024-10-04T02:52:38.749+0300: 447.897: [DefNew: 1124174K->5825K(1258304K), 0.0034643 secs] 1137667K->19319K(4054528K), 0.0035393 secs] [Times: user=0.00 sys=0.00, real=0.00 secs] 
2024-10-04T02:52:38.749+0300: 447.900: Total time for which application threads were stopped: 0.0037968 seconds, Stopping threads took: 0.0001252 seconds
2024-10-04T02:52:39.095+0300: 448.246: Application time: 0.3456079 seconds
2024-10-04T02:52:39.095+0300: 448.246: [GC (Allocation Failure) 2024-10-04T02:52:39.095+0300: 448.246: [DefNew: 1124353K->6141K(1258304K), 0.0036851 secs] 1137847K->19636K(4054528K), 0.0037613 secs] [Times: user=0.00 sys=0.00, real=0.00 secs] 
2024-10-04T02:52:39.095+0300: 448.250: Total time for which application threads were stopped: 0.0040291 seconds, Stopping threads took: 0.0001471 seconds
2024-10-04T02:52:39.425+0300: 448.581: Application time: 0.3310095 seconds
2024-10-04T02:52:39.425+0300: 448.581: [GC (Allocation Failure) 2024-10-04T02:52:39.425+0300: 448.581: [DefNew: 1124669K->5736K(1258304K), 0.0032939 secs] 1138164K->19231K(4054528K), 0.0033668 secs] [Times: user=0.00 sys=0.00, real=0.00 secs] 
2024-10-04T02:52:39.425+0300: 448.585: Total time for which application threads were stopped: 0.0036370 seconds, Stopping threads took: 0.0001617 seconds
2024-10-04T02:52:39.770+0300: 448.922: Application time: 0.3377812 seconds
2024-10-04T02:52:39.770+0300: 448.923: [GC (Allocation Failure) 2024-10-04T02:52:39.770+0300: 448.923: [DefNew: 1124264K->8043K(1258304K), 0.0055226 secs] 1137759K->21537K(4054528K), 0.0055951 secs] [Times: user=0.00 sys=0.00, real=0.00 secs] 
2024-10-04T02:52:39.770+0300: 448.928: Total time for which application threads were stopped: 0.0059502 seconds, Stopping threads took: 0.0002321 seconds
2024-10-04T02:52:40.131+0300: 449.285: Application time: 0.3563685 seconds
2024-10-04T02:52:40.131+0300: 449.285: [GC (Allocation Failure) 2024-10-04T02:52:40.131+0300: 449.285: [DefNew: 1126571K->5591K(1258304K), 0.0032950 secs] 1140065K->19086K(4054528K), 0.0033636 secs] [Times: user=0.00 sys=0.00, real=0.00 secs] 
2024-10-04T02:52:40.131+0300: 449.288: Total time for which application threads were stopped: 0.0036954 seconds, Stopping threads took: 0.0002051 seconds
2024-10-04T02:52:40.477+0300: 449.630: Application time: 0.3419442 seconds
2024-10-04T02:52:40.477+0300: 449.631: [GC (Allocation Failure) 2024-10-04T02:52:40.477+0300: 449.631: [DefNew: 1124119K->5611K(1258304K), 0.0032322 secs] 1137614K->19107K(4054528K), 0.0033042 secs] [Times: user=0.00 sys=0.00, real=0.00 secs] 
2024-10-04T02:52:40.477+0300: 449.634: Total time for which application threads were stopped: 0.0035605 seconds, Stopping threads took: 0.0001474 seconds
2024-10-04T02:52:40.823+0300: 449.973: Application time: 0.3389277 seconds
2024-10-04T02:52:40.823+0300: 449.973: [GC (Allocation Failure) 2024-10-04T02:52:40.823+0300: 449.973: [DefNew: 1124139K->5698K(1258304K), 0.0035396 secs] 1137635K->19194K(4054528K), 0.0036342 secs] [Times: user=0.00 sys=0.00, real=0.00 secs] 
2024-10-04T02:52:40.823+0300: 449.977: Total time for which application threads were stopped: 0.0039038 seconds, Stopping threads took: 0.0001141 seconds
2024-10-04T02:52:41.168+0300: 450.316: Application time: 0.3389346 seconds
2024-10-04T02:52:41.168+0300: 450.316: [GC (Allocation Failure) 2024-10-04T02:52:41.168+0300: 450.316: [DefNew: 1124226K->5982K(1258304K), 0.0034683 secs] 1137722K->19479K(4054528K), 0.0035439 secs] [Times: user=0.00 sys=0.00, real=0.00 secs] 
2024-10-04T02:52:41.168+0300: 450.320: Total time for which application threads were stopped: 0.0039081 seconds, Stopping threads took: 0.0002185 seconds
2024-10-04T02:52:41.513+0300: 450.664: Application time: 0.3447221 seconds
2024-10-04T02:52:41.513+0300: 450.665: [GC (Allocation Failure) 2024-10-04T02:52:41.513+0300: 450.665: [DefNew: 1124510K->5747K(1258304K), 0.0033058 secs] 1138007K->19244K(4054528K), 0.0033754 secs] [Times: user=0.00 sys=0.00, real=0.00 secs] 
2024-10-04T02:52:41.513+0300: 450.668: Total time for which application threads were stopped: 0.0036180 seconds, Stopping threads took: 0.0001316 seconds
2024-10-04T02:52:41.859+0300: 451.017: Application time: 0.3490175 seconds
2024-10-04T02:52:41.859+0300: 451.017: [GC (Allocation Failure) 2024-10-04T02:52:41.859+0300: 451.017: [DefNew: 1124275K->5587K(1258304K), 0.0034493 secs] 1137772K->19084K(4054528K), 0.0035268 secs] [Times: user=0.00 sys=0.00, real=0.02 secs] 
2024-10-04T02:52:41.875+0300: 451.021: Total time for which application threads were stopped: 0.0039320 seconds, Stopping threads took: 0.0002440 seconds
2024-10-04T02:52:42.205+0300: 451.364: Application time: 0.3428038 seconds
2024-10-04T02:52:42.205+0300: 451.364: [GC (Allocation Failure) 2024-10-04T02:52:42.205+0300: 451.364: [DefNew: 1124115K->6033K(1258304K), 0.0035794 secs] 1137612K->19530K(4054528K), 0.0036566 secs] [Times: user=0.00 sys=0.00, real=0.02 secs] 
2024-10-04T02:52:42.220+0300: 451.368: Total time for which application threads were stopped: 0.0039724 seconds, Stopping threads took: 0.0001653 seconds
2024-10-04T02:52:42.550+0300: 451.704: Application time: 0.3363106 seconds
2024-10-04T02:52:42.550+0300: 451.704: [GC (Allocation Failure) 2024-10-04T02:52:42.550+0300: 451.704: [DefNew: 1124561K->7338K(1258304K), 0.0050569 secs] 1138058K->20835K(4054528K), 0.0051286 secs] [Times: user=0.00 sys=0.00, real=0.00 secs] 
2024-10-04T02:52:42.550+0300: 451.710: Total time for which application threads were stopped: 0.0054473 seconds, Stopping threads took: 0.0001852 seconds
2024-10-04T02:52:42.895+0300: 452.054: Application time: 0.3440669 seconds
2024-10-04T02:52:42.895+0300: 452.054: [GC (Allocation Failure) 2024-10-04T02:52:42.895+0300: 452.054: [DefNew: 1125866K->6347K(1258304K), 0.0036635 secs] 1139363K->19845K(4054528K), 0.0037340 secs] [Times: user=0.00 sys=0.00, real=0.02 secs] 
2024-10-04T02:52:42.911+0300: 452.058: Total time for which application threads were stopped: 0.0040294 seconds, Stopping threads took: 0.0001721 seconds
2024-10-04T02:52:43.256+0300: 452.404: Application time: 0.3462808 seconds
2024-10-04T02:52:43.256+0300: 452.404: [GC (Allocation Failure) 2024-10-04T02:52:43.256+0300: 452.404: [DefNew: 1124875K->5849K(1258304K), 0.0034828 secs] 1138373K->19347K(4054528K), 0.0035568 secs] [Times: user=0.00 sys=0.00, real=0.00 secs] 
2024-10-04T02:52:43.256+0300: 452.408: Total time for which application threads were stopped: 0.0038388 seconds, Stopping threads took: 0.0001533 seconds
2024-10-04T02:52:43.602+0300: 452.750: Application time: 0.3419448 seconds
2024-10-04T02:52:43.602+0300: 452.750: [GC (Allocation Failure) 2024-10-04T02:52:43.602+0300: 452.750: [DefNew: 1124377K->7293K(1258304K), 0.0049318 secs] 1137875K->20792K(4054528K), 0.0049992 secs] [Times: user=0.00 sys=0.00, real=0.00 secs] 
2024-10-04T02:52:43.602+0300: 452.755: Total time for which application threads were stopped: 0.0052797 seconds, Stopping threads took: 0.0001598 seconds
2024-10-04T02:52:43.954+0300: 453.101: Application time: 0.3456973 seconds
2024-10-04T02:52:43.954+0300: 453.101: [GC (Allocation Failure) 2024-10-04T02:52:43.954+0300: 453.101: [DefNew: 1125821K->5562K(1258304K), 0.0033728 secs] 1139320K->19061K(4054528K), 0.0034597 secs] [Times: user=0.00 sys=0.00, real=0.00 secs] 
2024-10-04T02:52:43.954+0300: 453.104: Total time for which application threads were stopped: 0.0037445 seconds, Stopping threads took: 0.0001092 seconds
2024-10-04T02:52:44.293+0300: 453.445: Application time: 0.3409815 seconds
2024-10-04T02:52:44.293+0300: 453.446: [GC (Allocation Failure) 2024-10-04T02:52:44.293+0300: 453.446: [DefNew: 1124090K->5593K(1258304K), 0.0033064 secs] 1137589K->19093K(4054528K), 0.0033796 secs] [Times: user=0.00 sys=0.00, real=0.00 secs] 
2024-10-04T02:52:44.293+0300: 453.449: Total time for which application threads were stopped: 0.0037189 seconds, Stopping threads took: 0.0002158 seconds
2024-10-04T02:52:44.638+0300: 453.788: Application time: 0.3385537 seconds
2024-10-04T02:52:44.638+0300: 453.788: [GC (Allocation Failure) 2024-10-04T02:52:44.638+0300: 453.788: [DefNew: 1124121K->6076K(1258304K), 0.0036800 secs] 1137621K->19576K(4054528K), 0.0037525 secs] [Times: user=0.00 sys=0.00, real=0.00 secs] 
2024-10-04T02:52:44.638+0300: 453.792: Total time for which application threads were stopped: 0.0040534 seconds, Stopping threads took: 0.0001691 seconds
2024-10-04T02:52:44.984+0300: 454.142: Application time: 0.3502168 seconds
2024-10-04T02:52:44.984+0300: 454.142: [GC (Allocation Failure) 2024-10-04T02:52:44.984+0300: 454.142: [DefNew: 1124604K->5894K(1258304K), 0.0035168 secs] 1138104K->19394K(4054528K), 0.0035860 secs] [Times: user=0.00 sys=0.00, real=0.02 secs] 
2024-10-04T02:52:45.000+0300: 454.146: Total time for which application threads were stopped: 0.0039020 seconds, Stopping threads took: 0.0001833 seconds
2024-10-04T02:52:45.329+0300: 454.488: Application time: 0.3417902 seconds
2024-10-04T02:52:45.329+0300: 454.488: [GC (Allocation Failure) 2024-10-04T02:52:45.329+0300: 454.488: [DefNew: 1124422K->5434K(1258304K), 0.0034076 secs] 1137922K->18934K(4054528K), 0.0034767 secs] [Times: user=0.00 sys=0.00, real=0.02 secs] 
2024-10-04T02:52:45.345+0300: 454.491: Total time for which application threads were stopped: 0.0037761 seconds, Stopping threads took: 0.0001487 seconds
2024-10-04T02:52:45.690+0300: 454.837: Application time: 0.3458781 seconds
2024-10-04T02:52:45.690+0300: 454.838: [GC (Allocation Failure) 2024-10-04T02:52:45.690+0300: 454.838: [DefNew: 1123962K->5696K(1258304K), 0.0036885 secs] 1137462K->19197K(4054528K), 0.0037574 secs] [Times: user=0.00 sys=0.00, real=0.00 secs] 
2024-10-04T02:52:45.690+0300: 454.841: Total time for which application threads were stopped: 0.0040497 seconds, Stopping threads took: 0.0001573 seconds
2024-10-04T02:52:46.036+0300: 455.182: Application time: 0.3408841 seconds
2024-10-04T02:52:46.036+0300: 455.182: [GC (Allocation Failure) 2024-10-04T02:52:46.036+0300: 455.183: [DefNew: 1124224K->5476K(1258304K), 0.0035103 secs] 1137725K->18977K(4054528K), 0.0035833 secs] [Times: user=0.00 sys=0.00, real=0.00 secs] 
2024-10-04T02:52:46.036+0300: 455.186: Total time for which application threads were stopped: 0.0038707 seconds, Stopping threads took: 0.0001605 seconds
2024-10-04T02:52:46.365+0300: 455.525: Application time: 0.3392544 seconds
2024-10-04T02:52:46.365+0300: 455.526: [GC (Allocation Failure) 2024-10-04T02:52:46.365+0300: 455.526: [DefNew: 1124004K->6345K(1258304K), 0.0036370 secs] 1137505K->19846K(4054528K), 0.0037112 secs] [Times: user=0.00 sys=0.00, real=0.02 secs] 
2024-10-04T02:52:46.381+0300: 455.529: Total time for which application threads were stopped: 0.0039826 seconds, Stopping threads took: 0.0001574 seconds
2024-10-04T02:52:46.726+0300: 455.876: Application time: 0.3467689 seconds
2024-10-04T02:52:46.726+0300: 455.876: [GC (Allocation Failure) 2024-10-04T02:52:46.726+0300: 455.876: [DefNew: 1124873K->5669K(1258304K), 0.0032783 secs] 1138374K->19171K(4054528K), 0.0033485 secs] [Times: user=0.00 sys=0.00, real=0.00 secs] 
2024-10-04T02:52:46.726+0300: 455.880: Total time for which application threads were stopped: 0.0036244 seconds, Stopping threads took: 0.0001514 seconds
2024-10-04T02:52:47.072+0300: 456.229: Application time: 0.3489652 seconds
2024-10-04T02:52:47.072+0300: 456.229: [GC (Allocation Failure) 2024-10-04T02:52:47.072+0300: 456.229: [DefNew: 1124197K->5540K(1258304K), 0.0032810 secs] 1137699K->19041K(4054528K), 0.0033581 secs] [Times: user=0.00 sys=0.00, real=0.00 secs] 
2024-10-04T02:52:47.072+0300: 456.232: Total time for which application threads were stopped: 0.0036914 seconds, Stopping threads took: 0.0002004 seconds
2024-10-04T02:52:47.417+0300: 456.574: Application time: 0.3418498 seconds
2024-10-04T02:52:47.417+0300: 456.574: [GC (Allocation Failure) 2024-10-04T02:52:47.417+0300: 456.574: [DefNew: 1124068K->5751K(1258304K), 0.0032472 secs] 1137569K->19253K(4054528K), 0.0033148 secs] [Times: user=0.00 sys=0.00, real=0.00 secs] 
2024-10-04T02:52:47.417+0300: 456.578: Total time for which application threads were stopped: 0.0035197 seconds, Stopping threads took: 0.0000918 seconds
2024-10-04T02:52:47.763+0300: 456.912: Application time: 0.3342455 seconds
2024-10-04T02:52:47.763+0300: 456.912: [GC (Allocation Failure) 2024-10-04T02:52:47.763+0300: 456.912: [DefNew: 1124279K->7760K(1258304K), 0.0053439 secs] 1137781K->21262K(4054528K), 0.0054163 secs] [Times: user=0.00 sys=0.00, real=0.00 secs] 
2024-10-04T02:52:47.763+0300: 456.918: Total time for which application threads were stopped: 0.0057097 seconds, Stopping threads took: 0.0001647 seconds
2024-10-04T02:52:48.108+0300: 457.268: Application time: 0.3501219 seconds
2024-10-04T02:52:48.108+0300: 457.268: [GC (Allocation Failure) 2024-10-04T02:52:48.108+0300: 457.268: [DefNew: 1126288K->5793K(1258304K), 0.0034591 secs] 1139790K->19296K(4054528K), 0.0035304 secs] [Times: user=0.00 sys=0.00, real=0.02 secs] 
2024-10-04T02:52:48.124+0300: 457.272: Total time for which application threads were stopped: 0.0038960 seconds, Stopping threads took: 0.0002347 seconds
2024-10-04T02:52:48.470+0300: 457.619: Application time: 0.3470674 seconds
2024-10-04T02:52:48.470+0300: 457.619: [GC (Allocation Failure) 2024-10-04T02:52:48.470+0300: 457.619: [DefNew: 1124321K->5627K(1258304K), 0.0032976 secs] 1137824K->19130K(4054528K), 0.0033696 secs] [Times: user=0.00 sys=0.00, real=0.00 secs] 
2024-10-04T02:52:48.470+0300: 457.622: Total time for which application threads were stopped: 0.0036236 seconds, Stopping threads took: 0.0001273 seconds
2024-10-04T02:52:48.815+0300: 457.963: Application time: 0.3405377 seconds
2024-10-04T02:52:48.815+0300: 457.963: [GC (Allocation Failure) 2024-10-04T02:52:48.815+0300: 457.963: [DefNew: 1124155K->6013K(1258304K), 0.0034184 secs] 1137658K->19516K(4054528K), 0.0034849 secs] [Times: user=0.00 sys=0.00, real=0.00 secs] 
2024-10-04T02:52:48.815+0300: 457.967: Total time for which application threads were stopped: 0.0037983 seconds, Stopping threads took: 0.0001868 seconds
2024-10-04T02:52:49.160+0300: 458.309: Application time: 0.3422988 seconds
2024-10-04T02:52:49.160+0300: 458.309: [GC (Allocation Failure) 2024-10-04T02:52:49.160+0300: 458.309: [DefNew: 1124541K->5413K(1258304K), 0.0031402 secs] 1138044K->18917K(4054528K), 0.0032190 secs] [Times: user=0.00 sys=0.00, real=0.01 secs] 
2024-10-04T02:52:49.167+0300: 458.313: Total time for which application threads were stopped: 0.0035495 seconds, Stopping threads took: 0.0001882 seconds
2024-10-04T02:52:49.506+0300: 458.653: Application time: 0.3402727 seconds
2024-10-04T02:52:49.506+0300: 458.653: [GC (Allocation Failure) 2024-10-04T02:52:49.506+0300: 458.653: [DefNew: 1123941K->6311K(1258304K), 0.0035764 secs] 1137445K->19815K(4054528K), 0.0036511 secs] [Times: user=0.00 sys=0.00, real=0.00 secs] 
2024-10-04T02:52:49.506+0300: 458.657: Total time for which application threads were stopped: 0.0039323 seconds, Stopping threads took: 0.0001471 seconds
2024-10-04T02:52:49.851+0300: 459.008: Application time: 0.3512878 seconds
2024-10-04T02:52:49.851+0300: 459.008: [GC (Allocation Failure) 2024-10-04T02:52:49.851+0300: 459.008: [DefNew: 1124839K->5593K(1258304K), 0.0033157 secs] 1138343K->19097K(4054528K), 0.0033941 secs] [Times: user=0.00 sys=0.00, real=0.02 secs] 
2024-10-04T02:52:49.867+0300: 459.012: Total time for which application threads were stopped: 0.0037196 seconds, Stopping threads took: 0.0001659 seconds
2024-10-04T02:52:50.197+0300: 459.356: Application time: 0.3437902 seconds
2024-10-04T02:52:50.197+0300: 459.356: [GC (Allocation Failure) 2024-10-04T02:52:50.197+0300: 459.356: [DefNew: 1124121K->7436K(1258304K), 0.0062506 secs] 1137625K->20941K(4054528K), 0.0063217 secs] [Times: user=0.00 sys=0.00, real=0.01 secs] 
2024-10-04T02:52:50.212+0300: 459.362: Total time for which application threads were stopped: 0.0066652 seconds, Stopping threads took: 0.0002097 seconds
2024-10-04T02:52:50.542+0300: 459.700: Application time: 0.3375464 seconds
2024-10-04T02:52:50.542+0300: 459.700: [GC (Allocation Failure) 2024-10-04T02:52:50.542+0300: 459.700: [DefNew: 1125964K->5673K(1258304K), 0.0037915 secs] 1139469K->19178K(4054528K), 0.0038682 secs] [Times: user=0.00 sys=0.00, real=0.01 secs] 
2024-10-04T02:52:50.557+0300: 459.704: Total time for which application threads were stopped: 0.0042032 seconds, Stopping threads took: 0.0001476 seconds
2024-10-04T02:52:50.888+0300: 460.046: Application time: 0.3421119 seconds
2024-10-04T02:52:50.888+0300: 460.046: [GC (Allocation Failure) 2024-10-04T02:52:50.888+0300: 460.047: [DefNew: 1124201K->7905K(1258304K), 0.0052424 secs] 1137706K->21410K(4054528K), 0.0053212 secs] [Times: user=0.00 sys=0.00, real=0.02 secs] 
2024-10-04T02:52:50.903+0300: 460.052: Total time for which application threads were stopped: 0.0056264 seconds, Stopping threads took: 0.0001793 seconds
2024-10-04T02:52:51.248+0300: 460.396: Application time: 0.3438743 seconds
2024-10-04T02:52:51.248+0300: 460.396: [GC (Allocation Failure) 2024-10-04T02:52:51.248+0300: 460.396: [DefNew: 1126433K->7871K(1258304K), 0.0051436 secs] 1139938K->21377K(4054528K), 0.0052188 secs] [Times: user=0.00 sys=0.00, real=0.00 secs] 
2024-10-04T02:52:51.248+0300: 460.401: Total time for which application threads were stopped: 0.0055119 seconds, Stopping threads took: 0.0001712 seconds
2024-10-04T02:52:51.594+0300: 460.745: Application time: 0.3433006 seconds
2024-10-04T02:52:51.594+0300: 460.745: [GC (Allocation Failure) 2024-10-04T02:52:51.594+0300: 460.745: [DefNew: 1126399K->7657K(1258304K), 0.0050216 secs] 1139905K->21163K(4054528K), 0.0050886 secs] [Times: user=0.00 sys=0.00, real=0.00 secs] 
2024-10-04T02:52:51.594+0300: 460.750: Total time for which application threads were stopped: 0.0053533 seconds, Stopping threads took: 0.0001477 seconds
2024-10-04T02:52:51.939+0300: 461.099: Application time: 0.3486858 seconds
2024-10-04T02:52:51.939+0300: 461.099: [GC (Allocation Failure) 2024-10-04T02:52:51.939+0300: 461.099: [DefNew: 1126185K->5742K(1258304K), 0.0035815 secs] 1139691K->19249K(4054528K), 0.0036549 secs] [Times: user=0.00 sys=0.00, real=0.02 secs] 
2024-10-04T02:52:51.955+0300: 461.103: Total time for which application threads were stopped: 0.0039858 seconds, Stopping threads took: 0.0002097 seconds
2024-10-04T02:52:52.284+0300: 461.443: Application time: 0.3406180 seconds
2024-10-04T02:52:52.284+0300: 461.443: [GC (Allocation Failure) 2024-10-04T02:52:52.284+0300: 461.443: [DefNew: 1124270K->7203K(1258304K), 0.0052614 secs] 1137777K->20710K(4054528K), 0.0053369 secs] [Times: user=0.00 sys=0.00, real=0.02 secs] 
2024-10-04T02:52:52.300+0300: 461.449: Total time for which application threads were stopped: 0.0055921 seconds, Stopping threads took: 0.0001395 seconds
2024-10-04T02:52:52.630+0300: 461.779: Application time: 0.3303128 seconds
2024-10-04T02:52:52.630+0300: 461.779: [GC (Allocation Failure) 2024-10-04T02:52:52.630+0300: 461.779: [DefNew: 1125731K->5978K(1258304K), 0.0035477 secs] 1139238K->19485K(4054528K), 0.0036231 secs] [Times: user=0.00 sys=0.00, real=0.00 secs] 
2024-10-04T02:52:52.630+0300: 461.783: Total time for which application threads were stopped: 0.0039344 seconds, Stopping threads took: 0.0001741 seconds
2024-10-04T02:52:52.976+0300: 462.133: Application time: 0.3502973 seconds
2024-10-04T02:52:52.976+0300: 462.134: [GC (Allocation Failure) 2024-10-04T02:52:52.976+0300: 462.134: [DefNew: 1124506K->7475K(1258304K), 0.0051791 secs] 1138013K->20982K(4054528K), 0.0052590 secs] [Times: user=0.00 sys=0.00, real=0.01 secs] 
2024-10-04T02:52:52.991+0300: 462.139: Total time for which application threads were stopped: 0.0055490 seconds, Stopping threads took: 0.0001689 seconds
2024-10-04T02:52:53.337+0300: 462.486: Application time: 0.3470079 seconds
2024-10-04T02:52:53.337+0300: 462.486: [GC (Allocation Failure) 2024-10-04T02:52:53.337+0300: 462.486: [DefNew: 1126003K->5661K(1258304K), 0.0033345 secs] 1139510K->19169K(4054528K), 0.0033986 secs] [Times: user=0.00 sys=0.00, real=0.00 secs] 
2024-10-04T02:52:53.337+0300: 462.490: Total time for which application threads were stopped: 0.0036967 seconds, Stopping threads took: 0.0001731 seconds
2024-10-04T02:52:53.682+0300: 462.831: Application time: 0.3413805 seconds
2024-10-04T02:52:53.682+0300: 462.831: [GC (Allocation Failure) 2024-10-04T02:52:53.682+0300: 462.831: [DefNew: 1124189K->5501K(1258304K), 0.0031856 secs] 1137697K->19008K(4054528K), 0.0032580 secs] [Times: user=0.00 sys=0.00, real=0.00 secs] 
2024-10-04T02:52:53.682+0300: 462.835: Total time for which application threads were stopped: 0.0035618 seconds, Stopping threads took: 0.0001850 seconds
2024-10-04T02:52:54.027+0300: 463.180: Application time: 0.3452262 seconds
2024-10-04T02:52:54.027+0300: 463.180: [GC (Allocation Failure) 2024-10-04T02:52:54.027+0300: 463.180: [DefNew: 1124029K->7806K(1258304K), 0.0053333 secs] 1137536K->21314K(4054528K), 0.0054055 secs] [Times: user=0.00 sys=0.00, real=0.00 secs] 
2024-10-04T02:52:54.027+0300: 463.185: Total time for which application threads were stopped: 0.0057114 seconds, Stopping threads took: 0.0001822 seconds
2024-10-04T02:52:54.357+0300: 463.516: Application time: 0.3300302 seconds
2024-10-04T02:52:54.357+0300: 463.516: [GC (Allocation Failure) 2024-10-04T02:52:54.357+0300: 463.516: [DefNew: 1126334K->6096K(1258304K), 0.0036460 secs] 1139842K->19604K(4054528K), 0.0037132 secs] [Times: user=0.00 sys=0.00, real=0.02 secs] 
2024-10-04T02:52:54.373+0300: 463.520: Total time for which application threads were stopped: 0.0040244 seconds, Stopping threads took: 0.0001978 seconds
2024-10-04T02:52:54.718+0300: 463.867: Application time: 0.3472393 seconds
2024-10-04T02:52:54.718+0300: 463.867: [GC (Allocation Failure) 2024-10-04T02:52:54.718+0300: 463.867: [DefNew: 1124624K->5708K(1258304K), 0.0033316 secs] 1138132K->19216K(4054528K), 0.0033899 secs] [Times: user=0.00 sys=0.00, real=0.00 secs] 
2024-10-04T02:52:54.718+0300: 463.870: Total time for which application threads were stopped: 0.0037081 seconds, Stopping threads took: 0.0001978 seconds
2024-10-04T02:52:55.081+0300: 464.228: Application time: 0.3577875 seconds
2024-10-04T02:52:55.081+0300: 464.229: [GC (Allocation Failure) 2024-10-04T02:52:55.081+0300: 464.229: [DefNew: 1124236K->5770K(1258304K), 0.0033981 secs] 1137744K->19279K(4054528K), 0.0034752 secs] [Times: user=0.00 sys=0.00, real=0.00 secs] 
2024-10-04T02:52:55.081+0300: 464.232: Total time for which application threads were stopped: 0.0037689 seconds, Stopping threads took: 0.0001692 seconds
2024-10-04T02:52:55.410+0300: 464.567: Application time: 0.3351100 seconds
2024-10-04T02:52:55.410+0300: 464.567: [GC (Allocation Failure) 2024-10-04T02:52:55.410+0300: 464.567: [DefNew: 1124298K->5625K(1258304K), 0.0032184 secs] 1137807K->19134K(4054528K), 0.0032904 secs] [Times: user=0.00 sys=0.00, real=0.01 secs] 
2024-10-04T02:52:55.425+0300: 464.571: Total time for which application threads were stopped: 0.0035643 seconds, Stopping threads took: 0.0001523 seconds
2024-10-04T02:52:55.755+0300: 464.901: Application time: 0.3302270 seconds
2024-10-04T02:52:55.755+0300: 464.901: [GC (Allocation Failure) 2024-10-04T02:52:55.755+0300: 464.901: [DefNew: 1124153K->7679K(1258304K), 0.0050830 secs] 1137662K->21188K(4054528K), 0.0051587 secs] [Times: user=0.00 sys=0.00, real=0.00 secs] 
2024-10-04T02:52:55.755+0300: 464.906: Total time for which application threads were stopped: 0.0054277 seconds, Stopping threads took: 0.0001556 seconds
2024-10-04T02:52:56.100+0300: 465.258: Application time: 0.3513521 seconds
2024-10-04T02:52:56.100+0300: 465.258: [GC (Allocation Failure) 2024-10-04T02:52:56.100+0300: 465.260: [DefNew: 1126207K->8326K(1258304K), 0.0055921 secs] 1139716K->21836K(4054528K), 0.0077966 secs] [Times: user=0.00 sys=0.00, real=0.02 secs] 
2024-10-04T02:52:56.116+0300: 465.266: Total time for which application threads were stopped: 0.0081454 seconds, Stopping threads took: 0.0002181 seconds
2024-10-04T02:52:56.461+0300: 465.612: Application time: 0.3465573 seconds
2024-10-04T02:52:56.461+0300: 465.613: [GC (Allocation Failure) 2024-10-04T02:52:56.461+0300: 465.613: [DefNew: 1126854K->5496K(1258304K), 0.0030840 secs] 1140364K->19007K(4054528K), 0.0031496 secs] [Times: user=0.00 sys=0.00, real=0.00 secs] 
2024-10-04T02:52:56.461+0300: 465.616: Total time for which application threads were stopped: 0.0034243 seconds, Stopping threads took: 0.0001617 seconds
2024-10-04T02:52:56.807+0300: 465.959: Application time: 0.3436102 seconds
2024-10-04T02:52:56.807+0300: 465.960: [GC (Allocation Failure) 2024-10-04T02:52:56.807+0300: 465.960: [DefNew: 1124024K->5670K(1258304K), 0.0037288 secs] 1137535K->19180K(4054528K), 0.0038084 secs] [Times: user=0.02 sys=0.00, real=0.00 secs] 
2024-10-04T02:52:56.807+0300: 465.964: Total time for which application threads were stopped: 0.0041333 seconds, Stopping threads took: 0.0001698 seconds
2024-10-04T02:52:57.152+0300: 466.309: Application time: 0.3456754 seconds
2024-10-04T02:52:57.152+0300: 466.310: [GC (Allocation Failure) 2024-10-04T02:52:57.152+0300: 466.310: [DefNew: 1124198K->7417K(1258304K), 0.0053669 secs] 1137708K->20928K(4054528K), 0.0054462 secs] [Times: user=0.00 sys=0.00, real=0.02 secs] 
2024-10-04T02:52:57.168+0300: 466.315: Total time for which application threads were stopped: 0.0057468 seconds, Stopping threads took: 0.0001619 seconds
2024-10-04T02:52:57.497+0300: 466.645: Application time: 0.3298618 seconds
2024-10-04T02:52:57.497+0300: 466.645: [GC (Allocation Failure) 2024-10-04T02:52:57.497+0300: 466.645: [DefNew: 1125945K->7444K(1258304K), 0.0050181 secs] 1139456K->20955K(4054528K), 0.0050914 secs] [Times: user=0.00 sys=0.00, real=0.00 secs] 
2024-10-04T02:52:57.497+0300: 466.650: Total time for which application threads were stopped: 0.0053776 seconds, Stopping threads took: 0.0001791 seconds
2024-10-04T02:52:57.843+0300: 466.998: Application time: 0.3476555 seconds
2024-10-04T02:52:57.843+0300: 466.998: [GC (Allocation Failure) 2024-10-04T02:52:57.843+0300: 466.998: [DefNew: 1125972K->5841K(1258304K), 0.0037262 secs] 1139483K->19352K(4054528K), 0.0037985 secs] [Times: user=0.00 sys=0.00, real=0.00 secs] 
2024-10-04T02:52:57.843+0300: 467.002: Total time for which application threads were stopped: 0.0041929 seconds, Stopping threads took: 0.0002437 seconds
2024-10-04T02:52:58.204+0300: 467.355: Application time: 0.3528160 seconds
2024-10-04T02:52:58.204+0300: 467.355: [GC (Allocation Failure) 2024-10-04T02:52:58.204+0300: 467.355: [DefNew: 1124369K->5710K(1258304K), 0.0034202 secs] 1137880K->19222K(4054528K), 0.0034950 secs] [Times: user=0.00 sys=0.00, real=0.00 secs] 
2024-10-04T02:52:58.204+0300: 467.359: Total time for which application threads were stopped: 0.0038315 seconds, Stopping threads took: 0.0002044 seconds
2024-10-04T02:52:58.533+0300: 467.693: Application time: 0.3343250 seconds
2024-10-04T02:52:58.533+0300: 467.693: [GC (Allocation Failure) 2024-10-04T02:52:58.533+0300: 467.693: [DefNew: 1124238K->5588K(1258304K), 0.0032742 secs] 1137750K->19100K(4054528K), 0.0033455 secs] [Times: user=0.00 sys=0.00, real=0.02 secs] 
2024-10-04T02:52:58.549+0300: 467.697: Total time for which application threads were stopped: 0.0036608 seconds, Stopping threads took: 0.0001937 seconds
2024-10-04T02:52:58.891+0300: 468.037: Application time: 0.3405295 seconds
2024-10-04T02:52:58.891+0300: 468.038: [GC (Allocation Failure) 2024-10-04T02:52:58.891+0300: 468.038: [DefNew: 1124116K->5989K(1258304K), 0.0034330 secs] 1137628K->19502K(4054528K), 0.0035166 secs] [Times: user=0.00 sys=0.00, real=0.00 secs] 
2024-10-04T02:52:58.894+0300: 468.041: Total time for which application threads were stopped: 0.0038466 seconds, Stopping threads took: 0.0002032 seconds
2024-10-04T02:52:59.224+0300: 468.380: Application time: 0.3387952 seconds
2024-10-04T02:52:59.224+0300: 468.380: [GC (Allocation Failure) 2024-10-04T02:52:59.224+0300: 468.380: [DefNew: 1124517K->9394K(1258304K), 0.0077118 secs] 1138030K->22907K(4054528K), 0.0077974 secs] [Times: user=0.00 sys=0.00, real=0.02 secs] 
2024-10-04T02:52:59.239+0300: 468.388: Total time for which application threads were stopped: 0.0081019 seconds, Stopping threads took: 0.0001660 seconds
2024-10-04T02:52:59.585+0300: 468.733: Application time: 0.3447686 seconds
2024-10-04T02:52:59.585+0300: 468.733: [GC (Allocation Failure) 2024-10-04T02:52:59.585+0300: 468.733: [DefNew: 1127922K->5600K(1258304K), 0.0031853 secs] 1141435K->19113K(4054528K), 0.0032519 secs] [Times: user=0.00 sys=0.00, real=0.00 secs] 
2024-10-04T02:52:59.585+0300: 468.736: Total time for which application threads were stopped: 0.0034921 seconds, Stopping threads took: 0.0001247 seconds
2024-10-04T02:52:59.931+0300: 469.086: Application time: 0.3492191 seconds
2024-10-04T02:52:59.931+0300: 469.086: [GC (Allocation Failure) 2024-10-04T02:52:59.931+0300: 469.086: [DefNew: 1124128K->5684K(1258304K), 0.0032884 secs] 1137641K->19197K(4054528K), 0.0033544 secs] [Times: user=0.00 sys=0.00, real=0.00 secs] 
2024-10-04T02:52:59.931+0300: 469.089: Total time for which application threads were stopped: 0.0036437 seconds, Stopping threads took: 0.0001752 seconds
2024-10-04T02:53:00.276+0300: 469.434: Application time: 0.3450393 seconds
2024-10-04T02:53:00.276+0300: 469.434: [GC (Allocation Failure) 2024-10-04T02:53:00.276+0300: 469.435: [DefNew: 1124212K->7314K(1258304K), 0.0052099 secs] 1137725K->20827K(4054528K), 0.0052901 secs] [Times: user=0.00 sys=0.00, real=0.02 secs] 
2024-10-04T02:53:00.294+0300: 469.440: Total time for which application threads were stopped: 0.0055618 seconds, Stopping threads took: 0.0001479 seconds
2024-10-04T02:53:00.621+0300: 469.772: Application time: 0.3326379 seconds
2024-10-04T02:53:00.621+0300: 469.773: [GC (Allocation Failure) 2024-10-04T02:53:00.621+0300: 469.773: [DefNew: 1125842K->7200K(1258304K), 0.0048492 secs] 1139355K->20715K(4054528K), 0.0049169 secs] [Times: user=0.00 sys=0.00, real=0.00 secs] 
2024-10-04T02:53:00.621+0300: 469.778: Total time for which application threads were stopped: 0.0052155 seconds, Stopping threads took: 0.0001744 seconds
2024-10-04T02:53:00.982+0300: 470.127: Application time: 0.3498281 seconds
2024-10-04T02:53:00.982+0300: 470.128: [GC (Allocation Failure) 2024-10-04T02:53:00.982+0300: 470.128: [DefNew: 1125728K->5894K(1258304K), 0.0035642 secs] 1139243K->19409K(4054528K), 0.0036398 secs] [Times: user=0.00 sys=0.00, real=0.00 secs] 
2024-10-04T02:53:00.982+0300: 470.131: Total time for which application threads were stopped: 0.0039252 seconds, Stopping threads took: 0.0001339 seconds
2024-10-04T02:53:01.335+0300: 470.480: Application time: 0.3490396 seconds
2024-10-04T02:53:01.335+0300: 470.481: [GC (Allocation Failure) 2024-10-04T02:53:01.335+0300: 470.481: [DefNew: 1124422K->5631K(1258304K), 0.0032578 secs] 1137937K->19145K(4054528K), 0.0033266 secs] [Times: user=0.00 sys=0.00, real=0.00 secs] 
2024-10-04T02:53:01.339+0300: 470.484: Total time for which application threads were stopped: 0.0035817 seconds, Stopping threads took: 0.0001407 seconds
2024-10-04T02:53:01.674+0300: 470.821: Application time: 0.3373259 seconds
2024-10-04T02:53:01.674+0300: 470.822: [GC (Allocation Failure) 2024-10-04T02:53:01.674+0300: 470.822: [DefNew: 1124159K->5567K(1258304K), 0.0032356 secs] 1137673K->19082K(4054528K), 0.0033072 secs] [Times: user=0.00 sys=0.00, real=0.00 secs] 
2024-10-04T02:53:01.674+0300: 470.825: Total time for which application threads were stopped: 0.0036431 seconds, Stopping threads took: 0.0002011 seconds
2024-10-04T02:53:02.019+0300: 471.171: Application time: 0.3455402 seconds
2024-10-04T02:53:02.019+0300: 471.171: [GC (Allocation Failure) 2024-10-04T02:53:02.019+0300: 471.171: [DefNew: 1124095K->5663K(1258304K), 0.0035895 secs] 1137610K->19178K(4054528K), 0.0036673 secs] [Times: user=0.00 sys=0.00, real=0.00 secs] 
2024-10-04T02:53:02.019+0300: 471.175: Total time for which application threads were stopped: 0.0039914 seconds, Stopping threads took: 0.0001799 seconds
2024-10-04T02:53:02.349+0300: 471.509: Application time: 0.3341509 seconds
2024-10-04T02:53:02.349+0300: 471.509: [GC (Allocation Failure) 2024-10-04T02:53:02.349+0300: 471.509: [DefNew: 1124191K->7856K(1258304K), 0.0056169 secs] 1137706K->21372K(4054528K), 0.0056880 secs] [Times: user=0.00 sys=0.00, real=0.02 secs] 
2024-10-04T02:53:02.364+0300: 471.515: Total time for which application threads were stopped: 0.0060024 seconds, Stopping threads took: 0.0001897 seconds
2024-10-04T02:53:02.709+0300: 471.859: Application time: 0.3439663 seconds
2024-10-04T02:53:02.709+0300: 471.859: [GC (Allocation Failure) 2024-10-04T02:53:02.709+0300: 471.859: [DefNew: 1126384K->5624K(1258304K), 0.0033137 secs] 1139900K->19140K(4054528K), 0.0033807 secs] [Times: user=0.00 sys=0.00, real=0.00 secs] 
2024-10-04T02:53:02.709+0300: 471.862: Total time for which application threads were stopped: 0.0036727 seconds, Stopping threads took: 0.0001740 seconds
2024-10-04T02:53:03.055+0300: 472.214: Application time: 0.3516348 seconds
2024-10-04T02:53:03.055+0300: 472.214: [GC (Allocation Failure) 2024-10-04T02:53:03.055+0300: 472.214: [DefNew: 1124152K->5563K(1258304K), 0.0034324 secs] 1137668K->19080K(4054528K), 0.0035090 secs] [Times: user=0.00 sys=0.00, real=0.01 secs] 
2024-10-04T02:53:03.070+0300: 472.218: Total time for which application threads were stopped: 0.0038369 seconds, Stopping threads took: 0.0002005 seconds
2024-10-04T02:53:03.402+0300: 472.560: Application time: 0.3417742 seconds
2024-10-04T02:53:03.402+0300: 472.560: [GC (Allocation Failure) 2024-10-04T02:53:03.402+0300: 472.560: [DefNew: 1124091K->5713K(1258304K), 0.0034047 secs] 1137608K->19230K(4054528K), 0.0034836 secs] [Times: user=0.00 sys=0.00, real=0.01 secs] 
2024-10-04T02:53:03.416+0300: 472.563: Total time for which application threads were stopped: 0.0037549 seconds, Stopping threads took: 0.0001519 seconds
2024-10-04T02:53:03.746+0300: 472.893: Application time: 0.3294170 seconds
2024-10-04T02:53:03.746+0300: 472.893: [GC (Allocation Failure) 2024-10-04T02:53:03.746+0300: 472.893: [DefNew: 1124241K->5637K(1258304K), 0.0035038 secs] 1137758K->19153K(4054528K), 0.0035826 secs] [Times: user=0.00 sys=0.00, real=0.00 secs] 
2024-10-04T02:53:03.746+0300: 472.897: Total time for which application threads were stopped: 0.0038777 seconds, Stopping threads took: 0.0001389 seconds
2024-10-04T02:53:04.091+0300: 473.248: Application time: 0.3511961 seconds
2024-10-04T02:53:04.091+0300: 473.248: [GC (Allocation Failure) 2024-10-04T02:53:04.091+0300: 473.248: [DefNew: 1124165K->6915K(1258304K), 0.0041192 secs] 1137681K->20432K(4054528K), 0.0041894 secs] [Times: user=0.00 sys=0.00, real=0.02 secs] 
2024-10-04T02:53:04.107+0300: 473.252: Total time for which application threads were stopped: 0.0045291 seconds, Stopping threads took: 0.0002142 seconds
2024-10-04T02:53:04.437+0300: 473.598: Application time: 0.3453304 seconds
2024-10-04T02:53:04.453+0300: 473.598: [GC (Allocation Failure) 2024-10-04T02:53:04.453+0300: 473.598: [DefNew: 1125443K->5682K(1258304K), 0.0033230 secs] 1138960K->19199K(4054528K), 0.0034003 secs] [Times: user=0.00 sys=0.00, real=0.00 secs] 
2024-10-04T02:53:04.453+0300: 473.601: Total time for which application threads were stopped: 0.0037519 seconds, Stopping threads took: 0.0002004 seconds
2024-10-04T02:53:04.782+0300: 473.943: Application time: 0.3413768 seconds
2024-10-04T02:53:04.798+0300: 473.943: [GC (Allocation Failure) 2024-10-04T02:53:04.798+0300: 473.943: [DefNew: 1124210K->7570K(1258304K), 0.0050564 secs] 1137727K->21088K(4054528K), 0.0051328 secs] [Times: user=0.00 sys=0.00, real=0.00 secs] 
2024-10-04T02:53:04.798+0300: 473.948: Total time for which application threads were stopped: 0.0054664 seconds, Stopping threads took: 0.0002079 seconds
2024-10-04T02:53:05.144+0300: 474.298: Application time: 0.3495383 seconds
2024-10-04T02:53:05.144+0300: 474.298: [GC (Allocation Failure) 2024-10-04T02:53:05.144+0300: 474.298: [DefNew: 1126098K->5640K(1258304K), 0.0033689 secs] 1139616K->19158K(4054528K), 0.0034454 secs] [Times: user=0.00 sys=0.00, real=0.00 secs] 
2024-10-04T02:53:05.144+0300: 474.302: Total time for which application threads were stopped: 0.0037641 seconds, Stopping threads took: 0.0001824 seconds
2024-10-04T02:53:05.488+0300: 474.634: Application time: 0.3325343 seconds
2024-10-04T02:53:05.488+0300: 474.634: [GC (Allocation Failure) 2024-10-04T02:53:05.488+0300: 474.634: [DefNew: 1124168K->6042K(1258304K), 0.0034542 secs] 1137686K->19560K(4054528K), 0.0035240 secs] [Times: user=0.00 sys=0.00, real=0.00 secs] 
2024-10-04T02:53:05.488+0300: 474.638: Total time for which application threads were stopped: 0.0037737 seconds, Stopping threads took: 0.0001419 seconds
2024-10-04T02:53:05.834+0300: 474.982: Application time: 0.3443738 seconds
2024-10-04T02:53:05.834+0300: 474.983: [GC (Allocation Failure) 2024-10-04T02:53:05.834+0300: 474.983: [DefNew: 1124570K->6370K(1258304K), 0.0039936 secs] 1138088K->19889K(4054528K), 0.0040648 secs] [Times: user=0.00 sys=0.00, real=0.00 secs] 
2024-10-04T02:53:05.834+0300: 474.987: Total time for which application threads were stopped: 0.0043843 seconds, Stopping threads took: 0.0001703 seconds
2024-10-04T02:53:06.180+0300: 475.337: Application time: 0.3504172 seconds
2024-10-04T02:53:06.180+0300: 475.337: [GC (Allocation Failure) 2024-10-04T02:53:06.180+0300: 475.337: [DefNew: 1124898K->7290K(1258304K), 0.0053145 secs] 1138417K->20809K(4054528K), 0.0053861 secs] [Times: user=0.00 sys=0.00, real=0.02 secs] 
2024-10-04T02:53:06.196+0300: 475.343: Total time for which application threads were stopped: 0.0056805 seconds, Stopping threads took: 0.0001713 seconds
2024-10-04T02:53:06.526+0300: 475.683: Application time: 0.3402063 seconds
2024-10-04T02:53:06.526+0300: 475.683: [GC (Allocation Failure) 2024-10-04T02:53:06.526+0300: 475.683: [DefNew: 1125818K->5559K(1258304K), 0.0032645 secs] 1139337K->19078K(4054528K), 0.0033400 secs] [Times: user=0.00 sys=0.00, real=0.00 secs] 
2024-10-04T02:53:06.526+0300: 475.687: Total time for which application threads were stopped: 0.0036117 seconds, Stopping threads took: 0.0001295 seconds
2024-10-04T02:53:06.871+0300: 476.031: Application time: 0.3439250 seconds
2024-10-04T02:53:06.871+0300: 476.031: [GC (Allocation Failure) 2024-10-04T02:53:06.871+0300: 476.031: [DefNew: 1124087K->5745K(1258304K), 0.0034810 secs] 1137606K->19264K(4054528K), 0.0035667 secs] [Times: user=0.00 sys=0.00, real=0.02 secs] 
2024-10-04T02:53:06.887+0300: 476.034: Total time for which application threads were stopped: 0.0038404 seconds, Stopping threads took: 0.0001501 seconds
2024-10-04T02:53:07.217+0300: 476.369: Application time: 0.3342497 seconds
2024-10-04T02:53:07.217+0300: 476.369: [GC (Allocation Failure) 2024-10-04T02:53:07.217+0300: 476.369: [DefNew: 1124273K->5798K(1258304K), 0.0033660 secs] 1137792K->19318K(4054528K), 0.0034454 secs] [Times: user=0.00 sys=0.00, real=0.00 secs] 
2024-10-04T02:53:07.217+0300: 476.372: Total time for which application threads were stopped: 0.0037295 seconds, Stopping threads took: 0.0001666 seconds
2024-10-04T02:53:07.562+0300: 476.713: Application time: 0.3405982 seconds
2024-10-04T02:53:07.562+0300: 476.713: [GC (Allocation Failure) 2024-10-04T02:53:07.562+0300: 476.713: [DefNew: 1124326K->5834K(1258304K), 0.0034105 secs] 1137846K->19354K(4054528K), 0.0034812 secs] [Times: user=0.00 sys=0.00, real=0.00 secs] 
2024-10-04T02:53:07.562+0300: 476.717: Total time for which application threads were stopped: 0.0037131 seconds, Stopping threads took: 0.0001074 seconds
2024-10-04T02:53:07.923+0300: 477.071: Application time: 0.3545994 seconds
2024-10-04T02:53:07.923+0300: 477.072: [GC (Allocation Failure) 2024-10-04T02:53:07.923+0300: 477.072: [DefNew: 1124362K->5547K(1258304K), 0.0032001 secs] 1137882K->19067K(4054528K), 0.0032854 secs] [Times: user=0.00 sys=0.00, real=0.00 secs] 
2024-10-04T02:53:07.923+0300: 477.075: Total time for which application threads were stopped: 0.0035897 seconds, Stopping threads took: 0.0001700 seconds
2024-10-04T02:53:08.269+0300: 477.419: Application time: 0.3438108 seconds
2024-10-04T02:53:08.269+0300: 477.419: [GC (Allocation Failure) 2024-10-04T02:53:08.269+0300: 477.419: [DefNew: 1124075K->5679K(1258304K), 0.0033116 secs] 1137595K->19200K(4054528K), 0.0033928 secs] [Times: user=0.00 sys=0.00, real=0.00 secs] 
2024-10-04T02:53:08.269+0300: 477.422: Total time for which application threads were stopped: 0.0036891 seconds, Stopping threads took: 0.0001713 seconds
2024-10-04T02:53:08.598+0300: 477.755: Application time: 0.3325570 seconds
2024-10-04T02:53:08.598+0300: 477.755: [GC (Allocation Failure) 2024-10-04T02:53:08.598+0300: 477.755: [DefNew: 1124207K->5773K(1258304K), 0.0035515 secs] 1137728K->19295K(4054528K), 0.0036327 secs] [Times: user=0.00 sys=0.00, real=0.02 secs] 
2024-10-04T02:53:08.614+0300: 477.759: Total time for which application threads were stopped: 0.0039332 seconds, Stopping threads took: 0.0001677 seconds
2024-10-04T02:53:08.944+0300: 478.102: Application time: 0.3434679 seconds
2024-10-04T02:53:08.944+0300: 478.103: [GC (Allocation Failure) 2024-10-04T02:53:08.944+0300: 478.103: [DefNew: 1124301K->5487K(1258304K), 0.0031847 secs] 1137823K->19008K(4054528K), 0.0032561 secs] [Times: user=0.00 sys=0.00, real=0.02 secs] 
2024-10-04T02:53:08.959+0300: 478.106: Total time for which application threads were stopped: 0.0035507 seconds, Stopping threads took: 0.0001820 seconds
2024-10-04T02:53:09.305+0300: 478.454: Application time: 0.3483470 seconds
2024-10-04T02:53:09.305+0300: 478.455: [GC (Allocation Failure) 2024-10-04T02:53:09.305+0300: 478.455: [DefNew: 1124015K->5542K(1258304K), 0.0031712 secs] 1137536K->19063K(4054528K), 0.0032591 secs] [Times: user=0.00 sys=0.00, real=0.00 secs] 
2024-10-04T02:53:09.305+0300: 478.458: Total time for which application threads were stopped: 0.0035617 seconds, Stopping threads took: 0.0001749 seconds
2024-10-04T02:53:09.651+0300: 478.805: Application time: 0.3474222 seconds
2024-10-04T02:53:09.651+0300: 478.806: [GC (Allocation Failure) 2024-10-04T02:53:09.651+0300: 478.806: [DefNew: 1124070K->5573K(1258304K), 0.0032464 secs] 1137591K->19096K(4054528K), 0.0033152 secs] [Times: user=0.00 sys=0.00, real=0.00 secs] 
2024-10-04T02:53:09.651+0300: 478.809: Total time for which application threads were stopped: 0.0036383 seconds, Stopping threads took: 0.0001917 seconds
2024-10-04T02:53:09.996+0300: 479.154: Application time: 0.3453120 seconds
2024-10-04T02:53:09.996+0300: 479.155: [GC (Allocation Failure) 2024-10-04T02:53:09.996+0300: 479.155: [DefNew: 1124101K->5608K(1258304K), 0.0036897 secs] 1137624K->19131K(4054528K), 0.0037714 secs] [Times: user=0.00 sys=0.00, real=0.01 secs] 
2024-10-04T02:53:10.011+0300: 479.158: Total time for which application threads were stopped: 0.0040819 seconds, Stopping threads took: 0.0001781 seconds
2024-10-04T02:53:10.341+0300: 479.489: Application time: 0.3307190 seconds
2024-10-04T02:53:10.341+0300: 479.489: [GC (Allocation Failure) 2024-10-04T02:53:10.341+0300: 479.489: [DefNew: 1124136K->6042K(1258304K), 0.0034110 secs] 1137659K->19565K(4054528K), 0.0034775 secs] [Times: user=0.00 sys=0.00, real=0.00 secs] 
2024-10-04T02:53:10.341+0300: 479.493: Total time for which application threads were stopped: 0.0037498 seconds, Stopping threads took: 0.0001552 seconds
2024-10-04T02:53:10.686+0300: 479.836: Application time: 0.3428991 seconds
2024-10-04T02:53:10.686+0300: 479.836: [GC (Allocation Failure) 2024-10-04T02:53:10.686+0300: 479.836: [DefNew: 1124570K->6747K(1258304K), 0.0037956 secs] 1138093K->20270K(4054528K), 0.0038692 secs] [Times: user=0.00 sys=0.00, real=0.00 secs] 
2024-10-04T02:53:10.686+0300: 479.840: Total time for which application threads were stopped: 0.0041271 seconds, Stopping threads took: 0.0001369 seconds
2024-10-04T02:53:11.048+0300: 480.195: Application time: 0.3554554 seconds
2024-10-04T02:53:11.048+0300: 480.196: [GC (Allocation Failure) 2024-10-04T02:53:11.048+0300: 480.196: [DefNew: 1125275K->5593K(1258304K), 0.0033145 secs] 1138798K->19116K(4054528K), 0.0033872 secs] [Times: user=0.00 sys=0.00, real=0.00 secs] 
2024-10-04T02:53:11.048+0300: 480.199: Total time for which application threads were stopped: 0.0037273 seconds, Stopping threads took: 0.0002251 seconds
2024-10-04T02:53:11.398+0300: 480.544: Application time: 0.3449968 seconds
2024-10-04T02:53:11.398+0300: 480.544: [GC (Allocation Failure) 2024-10-04T02:53:11.398+0300: 480.544: [DefNew: 1124121K->5720K(1258304K), 0.0032692 secs] 1137644K->19244K(4054528K), 0.0033409 secs] [Times: user=0.00 sys=0.00, real=0.00 secs] 
2024-10-04T02:53:11.402+0300: 480.548: Total time for which application threads were stopped: 0.0035868 seconds, Stopping threads took: 0.0001432 seconds
2024-10-04T02:53:11.724+0300: 480.884: Application time: 0.3359476 seconds
2024-10-04T02:53:11.724+0300: 480.884: [GC (Allocation Failure) 2024-10-04T02:53:11.724+0300: 480.884: [DefNew: 1124248K->6425K(1258304K), 0.0041709 secs] 1137772K->19949K(4054528K), 0.0042497 secs] [Times: user=0.00 sys=0.00, real=0.02 secs] 
2024-10-04T02:53:11.739+0300: 480.888: Total time for which application threads were stopped: 0.0045478 seconds, Stopping threads took: 0.0001755 seconds
2024-10-04T02:53:12.069+0300: 481.229: Application time: 0.3409934 seconds
2024-10-04T02:53:12.069+0300: 481.229: [GC (Allocation Failure) 2024-10-04T02:53:12.084+0300: 481.229: [DefNew: 1124953K->5602K(1258304K), 0.0033579 secs] 1138477K->19127K(4054528K), 0.0034465 secs] [Times: user=0.00 sys=0.00, real=0.02 secs] 
2024-10-04T02:53:12.084+0300: 481.233: Total time for which application threads were stopped: 0.0038105 seconds, Stopping threads took: 0.0002227 seconds
2024-10-04T02:53:12.430+0300: 481.578: Application time: 0.3455259 seconds
2024-10-04T02:53:12.430+0300: 481.579: [GC (Allocation Failure) 2024-10-04T02:53:12.430+0300: 481.579: [DefNew: 1124130K->5725K(1258304K), 0.0033149 secs] 1137655K->19250K(4054528K), 0.0033801 secs] [Times: user=0.00 sys=0.00, real=0.00 secs] 
2024-10-04T02:53:12.430+0300: 481.582: Total time for which application threads were stopped: 0.0036447 seconds, Stopping threads took: 0.0001524 seconds
2024-10-04T02:53:12.775+0300: 481.930: Application time: 0.3477230 seconds
2024-10-04T02:53:12.775+0300: 481.930: [GC (Allocation Failure) 2024-10-04T02:53:12.775+0300: 481.930: [DefNew: 1124253K->5475K(1258304K), 0.0030462 secs] 1137778K->19000K(4054528K), 0.0031134 secs] [Times: user=0.00 sys=0.00, real=0.00 secs] 
2024-10-04T02:53:12.775+0300: 481.933: Total time for which application threads were stopped: 0.0033778 seconds, Stopping threads took: 0.0001474 seconds
2024-10-04T02:53:13.126+0300: 482.281: Application time: 0.3475919 seconds
2024-10-04T02:53:13.126+0300: 482.281: [GC (Allocation Failure) 2024-10-04T02:53:13.126+0300: 482.281: [DefNew: 1124003K->5746K(1258304K), 0.0035224 secs] 1137528K->19271K(4054528K), 0.0036000 secs] [Times: user=0.00 sys=0.00, real=0.01 secs] 
2024-10-04T02:53:13.136+0300: 482.285: Total time for which application threads were stopped: 0.0039148 seconds, Stopping threads took: 0.0001754 seconds
2024-10-04T02:53:13.466+0300: 482.618: Application time: 0.3331606 seconds
2024-10-04T02:53:13.466+0300: 482.618: [GC (Allocation Failure) 2024-10-04T02:53:13.466+0300: 482.618: [DefNew: 1124274K->7304K(1258304K), 0.0048921 secs] 1137799K->20830K(4054528K), 0.0049636 secs] [Times: user=0.00 sys=0.00, real=0.00 secs] 
2024-10-04T02:53:13.466+0300: 482.623: Total time for which application threads were stopped: 0.0052839 seconds, Stopping threads took: 0.0001992 seconds
2024-10-04T02:53:13.811+0300: 482.961: Application time: 0.3377432 seconds
2024-10-04T02:53:13.811+0300: 482.961: [GC (Allocation Failure) 2024-10-04T02:53:13.811+0300: 482.961: [DefNew: 1125832K->6405K(1258304K), 0.0035808 secs] 1139358K->19930K(4054528K), 0.0036541 secs] [Times: user=0.00 sys=0.00, real=0.00 secs] 
2024-10-04T02:53:13.811+0300: 482.965: Total time for which application threads were stopped: 0.0039507 seconds, Stopping threads took: 0.0001726 seconds
2024-10-04T02:53:14.172+0300: 483.323: Application time: 0.3577852 seconds
2024-10-04T02:53:14.172+0300: 483.323: [GC (Allocation Failure) 2024-10-04T02:53:14.172+0300: 483.323: [DefNew: 1124933K->5366K(1258304K), 0.0030241 secs] 1138458K->18892K(4054528K), 0.0030968 secs] [Times: user=0.00 sys=0.00, real=0.00 secs] 
2024-10-04T02:53:14.172+0300: 483.326: Total time for which application threads were stopped: 0.0033865 seconds, Stopping threads took: 0.0001795 seconds
2024-10-04T02:53:14.517+0300: 483.671: Application time: 0.3452834 seconds
2024-10-04T02:53:14.517+0300: 483.672: [GC (Allocation Failure) 2024-10-04T02:53:14.517+0300: 483.672: [DefNew: 1123894K->5502K(1258304K), 0.0032639 secs] 1137420K->19029K(4054528K), 0.0033286 secs] [Times: user=0.00 sys=0.00, real=0.01 secs] 
2024-10-04T02:53:14.529+0300: 483.675: Total time for which application threads were stopped: 0.0036241 seconds, Stopping threads took: 0.0001766 seconds
2024-10-04T02:53:14.863+0300: 484.014: Application time: 0.3389073 seconds
2024-10-04T02:53:14.863+0300: 484.014: [GC (Allocation Failure) 2024-10-04T02:53:14.863+0300: 484.014: [DefNew: 1124030K->5657K(1258304K), 0.0035694 secs] 1137557K->19184K(4054528K), 0.0036485 secs] [Times: user=0.00 sys=0.00, real=0.00 secs] 
2024-10-04T02:53:14.863+0300: 484.018: Total time for which application threads were stopped: 0.0039820 seconds, Stopping threads took: 0.0001809 seconds
2024-10-04T02:53:15.208+0300: 484.360: Application time: 0.3419975 seconds
2024-10-04T02:53:15.208+0300: 484.360: [GC (Allocation Failure) 2024-10-04T02:53:15.208+0300: 484.360: [DefNew: 1124185K->6326K(1258304K), 0.0036656 secs] 1137712K->19853K(4054528K), 0.0037446 secs] [Times: user=0.00 sys=0.00, real=0.00 secs] 
2024-10-04T02:53:15.208+0300: 484.364: Total time for which application threads were stopped: 0.0040597 seconds, Stopping threads took: 0.0001976 seconds
2024-10-04T02:53:15.553+0300: 484.706: Application time: 0.3418747 seconds
2024-10-04T02:53:15.553+0300: 484.706: [GC (Allocation Failure) 2024-10-04T02:53:15.553+0300: 484.706: [DefNew: 1124854K->7813K(1258304K), 0.0050815 secs] 1138381K->21340K(4054528K), 0.0051498 secs] [Times: user=0.00 sys=0.00, real=0.00 secs] 
2024-10-04T02:53:15.553+0300: 484.711: Total time for which application threads were stopped: 0.0054548 seconds, Stopping threads took: 0.0001851 seconds
2024-10-04T02:53:15.914+0300: 485.063: Application time: 0.3522629 seconds
2024-10-04T02:53:15.914+0300: 485.064: [GC (Allocation Failure) 2024-10-04T02:53:15.914+0300: 485.064: [DefNew: 1126341K->5488K(1258304K), 0.0033122 secs] 1139868K->19016K(4054528K), 0.0033876 secs] [Times: user=0.00 sys=0.00, real=0.00 secs] 
2024-10-04T02:53:15.914+0300: 485.067: Total time for which application threads were stopped: 0.0036839 seconds, Stopping threads took: 0.0001743 seconds
2024-10-04T02:53:16.260+0300: 485.414: Application time: 0.3466768 seconds
2024-10-04T02:53:16.260+0300: 485.414: [GC (Allocation Failure) 2024-10-04T02:53:16.260+0300: 485.414: [DefNew: 1124016K->5628K(1258304K), 0.0032797 secs] 1137544K->19156K(4054528K), 0.0033513 secs] [Times: user=0.00 sys=0.00, real=0.00 secs] 
2024-10-04T02:53:16.260+0300: 485.417: Total time for which application threads were stopped: 0.0036305 seconds, Stopping threads took: 0.0001600 seconds
2024-10-04T02:53:16.590+0300: 485.749: Application time: 0.3318334 seconds
2024-10-04T02:53:16.590+0300: 485.750: [GC (Allocation Failure) 2024-10-04T02:53:16.590+0300: 485.750: [DefNew: 1124156K->5654K(1258304K), 0.0033285 secs] 1137684K->19182K(4054528K), 0.0033990 secs] [Times: user=0.00 sys=0.00, real=0.02 secs] 
2024-10-04T02:53:16.605+0300: 485.753: Total time for which application threads were stopped: 0.0036969 seconds, Stopping threads took: 0.0001761 seconds
2024-10-04T02:53:16.950+0300: 486.099: Application time: 0.3461673 seconds
2024-10-04T02:53:16.950+0300: 486.099: [GC (Allocation Failure) 2024-10-04T02:53:16.950+0300: 486.099: [DefNew: 1124182K->9659K(1258304K), 0.0076628 secs] 1137710K->23188K(4054528K), 0.0077416 secs] [Times: user=0.00 sys=0.00, real=0.00 secs] 
2024-10-04T02:53:16.950+0300: 486.107: Total time for which application threads were stopped: 0.0080353 seconds, Stopping threads took: 0.0001739 seconds
2024-10-04T02:53:17.311+0300: 486.458: Application time: 0.3504703 seconds
2024-10-04T02:53:17.311+0300: 486.458: [GC (Allocation Failure) 2024-10-04T02:53:17.311+0300: 486.458: [DefNew: 1128187K->5677K(1258304K), 0.0033281 secs] 1141716K->19206K(4054528K), 0.0033949 secs] [Times: user=0.00 sys=0.00, real=0.00 secs] 
2024-10-04T02:53:17.311+0300: 486.461: Total time for which application threads were stopped: 0.0036798 seconds, Stopping threads took: 0.0001637 seconds
2024-10-04T02:53:17.657+0300: 486.806: Application time: 0.3449898 seconds
2024-10-04T02:53:17.657+0300: 486.807: [GC (Allocation Failure) 2024-10-04T02:53:17.657+0300: 486.807: [DefNew: 1124205K->5716K(1258304K), 0.0033131 secs] 1137734K->19245K(4054528K), 0.0033906 secs] [Times: user=0.00 sys=0.00, real=0.00 secs] 
2024-10-04T02:53:17.657+0300: 486.810: Total time for which application threads were stopped: 0.0036671 seconds, Stopping threads took: 0.0001295 seconds
2024-10-04T02:53:18.002+0300: 487.152: Application time: 0.3423794 seconds
2024-10-04T02:53:18.002+0300: 487.153: [GC (Allocation Failure) 2024-10-04T02:53:18.002+0300: 487.153: [DefNew: 1124244K->5531K(1258304K), 0.0035693 secs] 1137773K->19061K(4054528K), 0.0036510 secs] [Times: user=0.01 sys=0.00, real=0.00 secs] 
2024-10-04T02:53:18.002+0300: 487.156: Total time for which application threads were stopped: 0.0039704 seconds, Stopping threads took: 0.0001360 seconds
2024-10-04T02:53:18.338+0300: 487.491: Application time: 0.3347861 seconds
2024-10-04T02:53:18.338+0300: 487.491: [GC (Allocation Failure) 2024-10-04T02:53:18.338+0300: 487.492: [DefNew: 1124059K->6454K(1258304K), 0.0037495 secs] 1137589K->19984K(4054528K), 0.0038254 secs] [Times: user=0.00 sys=0.00, real=0.01 secs] 
2024-10-04T02:53:18.348+0300: 487.495: Total time for which application threads were stopped: 0.0041697 seconds, Stopping threads took: 0.0002266 seconds
2024-10-04T02:53:18.693+0300: 487.842: Application time: 0.3465894 seconds
2024-10-04T02:53:18.693+0300: 487.842: [GC (Allocation Failure) 2024-10-04T02:53:18.693+0300: 487.842: [DefNew: 1124982K->5841K(1258304K), 0.0034188 secs] 1138512K->19372K(4054528K), 0.0034867 secs] [Times: user=0.00 sys=0.00, real=0.00 secs] 
2024-10-04T02:53:18.693+0300: 487.846: Total time for which application threads were stopped: 0.0037527 seconds, Stopping threads took: 0.0001571 seconds
2024-10-04T02:53:19.054+0300: 488.200: Application time: 0.3546473 seconds
2024-10-04T02:53:19.054+0300: 488.201: [GC (Allocation Failure) 2024-10-04T02:53:19.054+0300: 488.201: [DefNew: 1124369K->5511K(1258304K), 0.0032167 secs] 1137900K->19042K(4054528K), 0.0032903 secs] [Times: user=0.00 sys=0.00, real=0.00 secs] 
2024-10-04T02:53:19.054+0300: 488.204: Total time for which application threads were stopped: 0.0035909 seconds, Stopping threads took: 0.0001627 seconds
2024-10-04T02:53:19.400+0300: 488.546: Application time: 0.3420262 seconds
2024-10-04T02:53:19.400+0300: 488.546: [GC (Allocation Failure) 2024-10-04T02:53:19.400+0300: 488.546: [DefNew: 1124039K->5594K(1258304K), 0.0032178 secs] 1137570K->19125K(4054528K), 0.0032907 secs] [Times: user=0.00 sys=0.00, real=0.00 secs] 
2024-10-04T02:53:19.400+0300: 488.550: Total time for which application threads were stopped: 0.0035874 seconds, Stopping threads took: 0.0001750 seconds
2024-10-04T02:53:19.730+0300: 488.884: Application time: 0.3343161 seconds
2024-10-04T02:53:19.730+0300: 488.884: [GC (Allocation Failure) 2024-10-04T02:53:19.730+0300: 488.884: [DefNew: 1124122K->5496K(1258304K), 0.0035742 secs] 1137653K->19028K(4054528K), 0.0037046 secs] [Times: user=0.00 sys=0.00, real=0.01 secs] 
2024-10-04T02:53:19.741+0300: 488.888: Total time for which application threads were stopped: 0.0040312 seconds, Stopping threads took: 0.0002044 seconds
2024-10-04T02:53:20.075+0300: 489.231: Application time: 0.3435060 seconds
2024-10-04T02:53:20.075+0300: 489.232: [GC (Allocation Failure) 2024-10-04T02:53:20.075+0300: 489.232: [DefNew: 1124024K->6221K(1258304K), 0.0035944 secs] 1137556K->19752K(4054528K), 0.0036762 secs] [Times: user=0.02 sys=0.00, real=0.00 secs] 
2024-10-04T02:53:20.075+0300: 489.235: Total time for which application threads were stopped: 0.0040226 seconds, Stopping threads took: 0.0002049 seconds
2024-10-04T02:53:20.436+0300: 489.584: Application time: 0.3484032 seconds
2024-10-04T02:53:20.436+0300: 489.584: [GC (Allocation Failure) 2024-10-04T02:53:20.436+0300: 489.584: [DefNew: 1124749K->5333K(1258304K), 0.0030154 secs] 1138280K->18865K(4054528K), 0.0030917 secs] [Times: user=0.00 sys=0.00, real=0.00 secs] 
2024-10-04T02:53:20.436+0300: 489.587: Total time for which application threads were stopped: 0.0033526 seconds, Stopping threads took: 0.0001321 seconds
2024-10-04T02:53:20.781+0300: 489.934: Application time: 0.3472498 seconds
2024-10-04T02:53:20.781+0300: 489.935: [GC (Allocation Failure) 2024-10-04T02:53:20.781+0300: 489.935: [DefNew: 1123861K->5537K(1258304K), 0.0031314 secs] 1137393K->19069K(4054528K), 0.0031894 secs] [Times: user=0.00 sys=0.00, real=0.00 secs] 
2024-10-04T02:53:20.781+0300: 489.938: Total time for which application threads were stopped: 0.0034254 seconds, Stopping threads took: 0.0001170 seconds
2024-10-04T02:53:21.126+0300: 490.282: Application time: 0.3437016 seconds
2024-10-04T02:53:21.126+0300: 490.282: [GC (Allocation Failure) 2024-10-04T02:53:21.126+0300: 490.282: [DefNew: 1124065K->5643K(1258304K), 0.0032973 secs] 1137597K->19175K(4054528K), 0.0033739 secs] [Times: user=0.00 sys=0.00, real=0.00 secs] 
2024-10-04T02:53:21.126+0300: 490.285: Total time for which application threads were stopped: 0.0037105 seconds, Stopping threads took: 0.0002143 seconds
2024-10-04T02:53:21.456+0300: 490.616: Application time: 0.3310643 seconds
2024-10-04T02:53:21.472+0300: 490.617: [GC (Allocation Failure) 2024-10-04T02:53:21.472+0300: 490.617: [DefNew: 1124171K->7321K(1258304K), 0.0050774 secs] 1137703K->20853K(4054528K), 0.0051565 secs] [Times: user=0.00 sys=0.00, real=0.00 secs] 
2024-10-04T02:53:21.476+0300: 490.622: Total time for which application threads were stopped: 0.0054853 seconds, Stopping threads took: 0.0001673 seconds
2024-10-04T02:53:21.817+0300: 490.967: Application time: 0.3453148 seconds
2024-10-04T02:53:21.817+0300: 490.967: [GC (Allocation Failure) 2024-10-04T02:53:21.817+0300: 490.967: [DefNew: 1125849K->5990K(1258304K), 0.0034224 secs] 1139381K->19523K(4054528K), 0.0034909 secs] [Times: user=0.00 sys=0.00, real=0.00 secs] 
2024-10-04T02:53:21.817+0300: 490.971: Total time for which application threads were stopped: 0.0037866 seconds, Stopping threads took: 0.0001668 seconds
2024-10-04T02:53:22.178+0300: 491.329: Application time: 0.3582597 seconds
2024-10-04T02:53:22.178+0300: 491.330: [GC (Allocation Failure) 2024-10-04T02:53:22.178+0300: 491.330: [DefNew: 1124518K->5495K(1258304K), 0.0032073 secs] 1138051K->19028K(4054528K), 0.0032933 secs] [Times: user=0.00 sys=0.00, real=0.00 secs] 
2024-10-04T02:53:22.178+0300: 491.333: Total time for which application threads were stopped: 0.0036087 seconds, Stopping threads took: 0.0001919 seconds
2024-10-04T02:53:22.523+0300: 491.676: Application time: 0.3431874 seconds
2024-10-04T02:53:22.523+0300: 491.676: [GC (Allocation Failure) 2024-10-04T02:53:22.523+0300: 491.676: [DefNew: 1124023K->5611K(1258304K), 0.0032297 secs] 1137556K->19145K(4054528K), 0.0032992 secs] [Times: user=0.00 sys=0.00, real=0.00 secs] 
2024-10-04T02:53:22.523+0300: 491.680: Total time for which application threads were stopped: 0.0035786 seconds, Stopping threads took: 0.0001629 seconds
2024-10-04T02:53:22.868+0300: 492.016: Application time: 0.3360493 seconds
2024-10-04T02:53:22.868+0300: 492.016: [GC (Allocation Failure) 2024-10-04T02:53:22.868+0300: 492.016: [DefNew: 1124139K->5807K(1258304K), 0.0036795 secs] 1137673K->19341K(4054528K), 0.0038319 secs] [Times: user=0.00 sys=0.00, real=0.00 secs] 
2024-10-04T02:53:22.868+0300: 492.020: Total time for which application threads were stopped: 0.0041068 seconds, Stopping threads took: 0.0001370 seconds
2024-10-04T02:53:23.213+0300: 492.360: Application time: 0.3402280 seconds
2024-10-04T02:53:23.213+0300: 492.360: [GC (Allocation Failure) 2024-10-04T02:53:23.213+0300: 492.360: [DefNew: 1124335K->6712K(1258304K), 0.0039486 secs] 1137869K->20246K(4054528K), 0.0040244 secs] [Times: user=0.00 sys=0.00, real=0.00 secs] 
2024-10-04T02:53:23.213+0300: 492.364: Total time for which application threads were stopped: 0.0042801 seconds, Stopping threads took: 0.0001318 seconds
2024-10-04T02:53:23.559+0300: 492.711: Application time: 0.3468578 seconds
2024-10-04T02:53:23.559+0300: 492.711: [GC (Allocation Failure) 2024-10-04T02:53:23.559+0300: 492.711: [DefNew: 1125240K->5572K(1258304K), 0.0031815 secs] 1138774K->19106K(4054528K), 0.0032530 secs] [Times: user=0.00 sys=0.00, real=0.00 secs] 
2024-10-04T02:53:23.559+0300: 492.715: Total time for which application threads were stopped: 0.0035567 seconds, Stopping threads took: 0.0001861 seconds
2024-10-04T02:53:23.911+0300: 493.065: Application time: 0.3507944 seconds
2024-10-04T02:53:23.921+0300: 493.066: [GC (Allocation Failure) 2024-10-04T02:53:23.921+0300: 493.066: [DefNew: 1124100K->5601K(1258304K), 0.0033138 secs] 1137634K->19136K(4054528K), 0.0033904 secs] [Times: user=0.00 sys=0.00, real=0.00 secs] 
2024-10-04T02:53:23.921+0300: 493.069: Total time for which application threads were stopped: 0.0038907 seconds, Stopping threads took: 0.0003342 seconds
2024-10-04T02:53:24.261+0300: 493.411: Application time: 0.3411623 seconds
2024-10-04T02:53:24.261+0300: 493.411: [GC (Allocation Failure) 2024-10-04T02:53:24.261+0300: 493.411: [DefNew: 1124129K->5378K(1258304K), 0.0031189 secs] 1137664K->18913K(4054528K), 0.0031902 secs] [Times: user=0.00 sys=0.00, real=0.01 secs] 
2024-10-04T02:53:24.266+0300: 493.414: Total time for which application threads were stopped: 0.0034902 seconds, Stopping threads took: 0.0001741 seconds
2024-10-04T02:53:24.596+0300: 493.748: Application time: 0.3339625 seconds
2024-10-04T02:53:24.596+0300: 493.748: [GC (Allocation Failure) 2024-10-04T02:53:24.596+0300: 493.748: [DefNew: 1123906K->7981K(1258304K), 0.0056191 secs] 1137441K->21516K(4054528K), 0.0056884 secs] [Times: user=0.00 sys=0.00, real=0.00 secs] 
2024-10-04T02:53:24.596+0300: 493.754: Total time for which application threads were stopped: 0.0059908 seconds, Stopping threads took: 0.0001760 seconds
2024-10-04T02:53:24.941+0300: 494.098: Application time: 0.3443222 seconds
2024-10-04T02:53:24.941+0300: 494.099: [GC (Allocation Failure) 2024-10-04T02:53:24.954+0300: 494.099: [DefNew: 1126509K->7065K(1258304K), 0.0049156 secs] 1140044K->20601K(4054528K), 0.0049907 secs] [Times: user=0.00 sys=0.00, real=0.02 secs] 
2024-10-04T02:53:24.957+0300: 494.104: Total time for which application threads were stopped: 0.0053616 seconds, Stopping threads took: 0.0002463 seconds
2024-10-04T02:53:25.302+0300: 494.455: Application time: 0.3514119 seconds
2024-10-04T02:53:25.302+0300: 494.455: [GC (Allocation Failure) 2024-10-04T02:53:25.302+0300: 494.455: [DefNew: 1125593K->5608K(1258304K), 0.0032682 secs] 1139129K->19144K(4054528K), 0.0033270 secs] [Times: user=0.00 sys=0.00, real=0.00 secs] 
2024-10-04T02:53:25.302+0300: 494.459: Total time for which application threads were stopped: 0.0036352 seconds, Stopping threads took: 0.0001878 seconds
2024-10-04T02:53:25.655+0300: 494.801: Application time: 0.3422311 seconds
2024-10-04T02:53:25.655+0300: 494.801: [GC (Allocation Failure) 2024-10-04T02:53:25.655+0300: 494.801: [DefNew: 1124136K->5787K(1258304K), 0.0033862 secs] 1137672K->19324K(4054528K), 0.0034564 secs] [Times: user=0.00 sys=0.00, real=0.00 secs] 
2024-10-04T02:53:25.655+0300: 494.805: Total time for which application threads were stopped: 0.0037812 seconds, Stopping threads took: 0.0001352 seconds
2024-10-04T02:53:25.993+0300: 495.144: Application time: 0.3391775 seconds
2024-10-04T02:53:25.993+0300: 495.144: [GC (Allocation Failure) 2024-10-04T02:53:25.993+0300: 495.144: [DefNew: 1124315K->5694K(1258304K), 0.0032915 secs] 1137852K->19230K(4054528K), 0.0033732 secs] [Times: user=0.00 sys=0.00, real=0.00 secs] 
2024-10-04T02:53:25.993+0300: 495.148: Total time for which application threads were stopped: 0.0037180 seconds, Stopping threads took: 0.0001788 seconds
2024-10-04T02:53:26.339+0300: 495.485: Application time: 0.3373229 seconds
2024-10-04T02:53:26.339+0300: 495.485: [GC (Allocation Failure) 2024-10-04T02:53:26.339+0300: 495.485: [DefNew: 1124222K->9235K(1258304K), 0.0075488 secs] 1137758K->22772K(4054528K), 0.0076153 secs] [Times: user=0.00 sys=0.00, real=0.00 secs] 
2024-10-04T02:53:26.339+0300: 495.493: Total time for which application threads were stopped: 0.0078782 seconds, Stopping threads took: 0.0001550 seconds
2024-10-04T02:53:26.685+0300: 495.839: Application time: 0.3465866 seconds
2024-10-04T02:53:26.685+0300: 495.840: [GC (Allocation Failure) 2024-10-04T02:53:26.685+0300: 495.840: [DefNew: 1127763K->5733K(1258304K), 0.0033218 secs] 1141300K->19271K(4054528K), 0.0033951 secs] [Times: user=0.00 sys=0.00, real=0.00 secs] 
2024-10-04T02:53:26.685+0300: 495.843: Total time for which application threads were stopped: 0.0037213 seconds, Stopping threads took: 0.0002105 seconds
2024-10-04T02:53:27.046+0300: 496.197: Application time: 0.3539598 seconds
2024-10-04T02:53:27.046+0300: 496.197: [GC (Allocation Failure) 2024-10-04T02:53:27.046+0300: 496.198: [DefNew: 1124261K->5502K(1258304K), 0.0032390 secs] 1137799K->19040K(4054528K), 0.0033117 secs] [Times: user=0.00 sys=0.00, real=0.00 secs] 
2024-10-04T02:53:27.046+0300: 496.201: Total time for which application threads were stopped: 0.0036813 seconds, Stopping threads took: 0.0002174 seconds
2024-10-04T02:53:27.392+0300: 496.542: Application time: 0.3413912 seconds
2024-10-04T02:53:27.392+0300: 496.542: [GC (Allocation Failure) 2024-10-04T02:53:27.392+0300: 496.542: [DefNew: 1124030K->5489K(1258304K), 0.0034264 secs] 1137568K->19027K(4054528K), 0.0035030 secs] [Times: user=0.01 sys=0.00, real=0.00 secs] 
2024-10-04T02:53:27.392+0300: 496.546: Total time for which application threads were stopped: 0.0037528 seconds, Stopping threads took: 0.0001118 seconds
2024-10-04T02:53:27.721+0300: 496.878: Application time: 0.3316133 seconds
2024-10-04T02:53:27.721+0300: 496.878: [GC (Allocation Failure) 2024-10-04T02:53:27.721+0300: 496.878: [DefNew: 1124017K->5853K(1258304K), 0.0034171 secs] 1137555K->19391K(4054528K), 0.0034959 secs] [Times: user=0.00 sys=0.00, real=0.00 secs] 
2024-10-04T02:53:27.721+0300: 496.881: Total time for which application threads were stopped: 0.0038240 seconds, Stopping threads took: 0.0001964 seconds
2024-10-04T02:53:28.082+0300: 497.231: Application time: 0.3492469 seconds
2024-10-04T02:53:28.082+0300: 497.231: [GC (Allocation Failure) 2024-10-04T02:53:28.082+0300: 497.231: [DefNew: 1124381K->5688K(1258304K), 0.0034356 secs] 1137919K->19227K(4054528K), 0.0035102 secs] [Times: user=0.00 sys=0.00, real=0.00 secs] 
2024-10-04T02:53:28.082+0300: 497.235: Total time for which application threads were stopped: 0.0038885 seconds, Stopping threads took: 0.0002297 seconds
2024-10-04T02:53:28.427+0300: 497.584: Application time: 0.3493983 seconds
2024-10-04T02:53:28.427+0300: 497.584: [GC (Allocation Failure) 2024-10-04T02:53:28.427+0300: 497.584: [DefNew: 1124216K->5617K(1258304K), 0.0032220 secs] 1137755K->19156K(4054528K), 0.0032892 secs] [Times: user=0.00 sys=0.00, real=0.00 secs] 
2024-10-04T02:53:28.427+0300: 497.588: Total time for which application threads were stopped: 0.0035530 seconds, Stopping threads took: 0.0001484 seconds
2024-10-04T02:53:28.772+0300: 497.931: Application time: 0.3437992 seconds
2024-10-04T02:53:28.772+0300: 497.932: [GC (Allocation Failure) 2024-10-04T02:53:28.772+0300: 497.932: [DefNew: 1124145K->5513K(1258304K), 0.0032413 secs] 1137684K->19052K(4054528K), 0.0033735 secs] [Times: user=0.00 sys=0.00, real=0.02 secs] 
2024-10-04T02:53:28.788+0300: 497.935: Total time for which application threads were stopped: 0.0037167 seconds, Stopping threads took: 0.0002293 seconds
2024-10-04T02:53:29.118+0300: 498.276: Application time: 0.3413765 seconds
2024-10-04T02:53:29.118+0300: 498.277: [GC (Allocation Failure) 2024-10-04T02:53:29.118+0300: 498.277: [DefNew: 1124041K->5596K(1258304K), 0.0033540 secs] 1137580K->19135K(4054528K), 0.0034277 secs] [Times: user=0.00 sys=0.00, real=0.01 secs] 
2024-10-04T02:53:29.133+0300: 498.280: Total time for which application threads were stopped: 0.0037273 seconds, Stopping threads took: 0.0001752 seconds
2024-10-04T02:53:29.464+0300: 498.618: Application time: 0.3374384 seconds
2024-10-04T02:53:29.464+0300: 498.618: [GC (Allocation Failure) 2024-10-04T02:53:29.464+0300: 498.618: [DefNew: 1124124K->7289K(1258304K), 0.0044817 secs] 1137663K->20829K(4054528K), 0.0045505 secs] [Times: user=0.00 sys=0.00, real=0.00 secs] 
2024-10-04T02:53:29.464+0300: 498.622: Total time for which application threads were stopped: 0.0048406 seconds, Stopping threads took: 0.0001761 seconds
2024-10-04T02:53:29.808+0300: 498.966: Application time: 0.3430916 seconds
2024-10-04T02:53:29.808+0300: 498.966: [GC (Allocation Failure) 2024-10-04T02:53:29.808+0300: 498.966: [DefNew: 1125817K->5954K(1258304K), 0.0034572 secs] 1139357K->19494K(4054528K), 0.0035268 secs] [Times: user=0.00 sys=0.00, real=0.02 secs] 
2024-10-04T02:53:29.824+0300: 498.969: Total time for which application threads were stopped: 0.0038403 seconds, Stopping threads took: 0.0001914 seconds
2024-10-04T02:53:30.170+0300: 499.325: Application time: 0.3551505 seconds
2024-10-04T02:53:30.170+0300: 499.325: [GC (Allocation Failure) 2024-10-04T02:53:30.170+0300: 499.325: [DefNew: 1124482K->5575K(1258304K), 0.0032583 secs] 1138022K->19115K(4054528K), 0.0033327 secs] [Times: user=0.00 sys=0.00, real=0.00 secs] 
2024-10-04T02:53:30.170+0300: 499.328: Total time for which application threads were stopped: 0.0036471 seconds, Stopping threads took: 0.0001902 seconds
2024-10-04T02:53:30.515+0300: 499.667: Application time: 0.3384562 seconds
2024-10-04T02:53:30.515+0300: 499.667: [GC (Allocation Failure) 2024-10-04T02:53:30.515+0300: 499.667: [DefNew: 1124103K->5702K(1258304K), 0.0033491 secs] 1137643K->19243K(4054528K), 0.0034238 secs] [Times: user=0.00 sys=0.00, real=0.00 secs] 
2024-10-04T02:53:30.515+0300: 499.670: Total time for which application threads were stopped: 0.0037691 seconds, Stopping threads took: 0.0001897 seconds
2024-10-04T02:53:30.860+0300: 500.007: Application time: 0.3369723 seconds
2024-10-04T02:53:30.860+0300: 500.008: [GC (Allocation Failure) 2024-10-04T02:53:30.860+0300: 500.008: [DefNew: 1124230K->7239K(1258304K), 0.0056882 secs] 1137771K->20781K(4054528K), 0.0057570 secs] [Times: user=0.00 sys=0.00, real=0.01 secs] 
2024-10-04T02:53:30.868+0300: 500.013: Total time for which application threads were stopped: 0.0060419 seconds, Stopping threads took: 0.0001697 seconds
2024-10-04T02:53:31.205+0300: 500.352: Application time: 0.3384971 seconds
2024-10-04T02:53:31.205+0300: 500.352: [GC (Allocation Failure) 2024-10-04T02:53:31.205+0300: 500.352: [DefNew: 1125767K->7146K(1258304K), 0.0046401 secs] 1139309K->20687K(4054528K), 0.0047136 secs] [Times: user=0.00 sys=0.00, real=0.00 secs] 
2024-10-04T02:53:31.205+0300: 500.357: Total time for which application threads were stopped: 0.0049726 seconds, Stopping threads took: 0.0001376 seconds
2024-10-04T02:53:31.551+0300: 500.702: Application time: 0.3451776 seconds
2024-10-04T02:53:31.551+0300: 500.702: [GC (Allocation Failure) 2024-10-04T02:53:31.551+0300: 500.702: [DefNew: 1125674K->5483K(1258304K), 0.0031366 secs] 1139215K->19025K(4054528K), 0.0032034 secs] [Times: user=0.00 sys=0.00, real=0.00 secs] 
2024-10-04T02:53:31.551+0300: 500.706: Total time for which application threads were stopped: 0.0034843 seconds, Stopping threads took: 0.0001587 seconds
2024-10-04T02:53:31.912+0300: 501.058: Application time: 0.3526691 seconds
2024-10-04T02:53:31.912+0300: 501.058: [GC (Allocation Failure) 2024-10-04T02:53:31.912+0300: 501.059: [DefNew: 1124011K->5685K(1258304K), 0.0033199 secs] 1137553K->19228K(4054528K), 0.0034426 secs] [Times: user=0.00 sys=0.00, real=0.00 secs] 
2024-10-04T02:53:31.912+0300: 501.062: Total time for which application threads were stopped: 0.0037510 seconds, Stopping threads took: 0.0001795 seconds
2024-10-04T02:53:32.242+0300: 501.397: Application time: 0.3346165 seconds
2024-10-04T02:53:32.242+0300: 501.397: [GC (Allocation Failure) 2024-10-04T02:53:32.242+0300: 501.397: [DefNew: 1124213K->5934K(1258304K), 0.0034817 secs] 1137756K->19477K(4054528K), 0.0035590 secs] [Times: user=0.00 sys=0.00, real=0.00 secs] 
2024-10-04T02:53:32.242+0300: 501.400: Total time for which application threads were stopped: 0.0038729 seconds, Stopping threads took: 0.0001852 seconds
2024-10-04T02:53:32.587+0300: 501.736: Application time: 0.3350971 seconds
2024-10-04T02:53:32.587+0300: 501.736: [GC (Allocation Failure) 2024-10-04T02:53:32.587+0300: 501.736: [DefNew: 1124462K->8760K(1258304K), 0.0063587 secs] 1138005K->22302K(4054528K), 0.0064333 secs] [Times: user=0.00 sys=0.00, real=0.00 secs] 
2024-10-04T02:53:32.587+0300: 501.742: Total time for which application threads were stopped: 0.0067081 seconds, Stopping threads took: 0.0001665 seconds
2024-10-04T02:53:32.933+0300: 502.089: Application time: 0.3465325 seconds
2024-10-04T02:53:32.933+0300: 502.089: [GC (Allocation Failure) 2024-10-04T02:53:32.933+0300: 502.089: [DefNew: 1127288K->5579K(1258304K), 0.0032386 secs] 1140830K->19122K(4054528K), 0.0033163 secs] [Times: user=0.00 sys=0.00, real=0.00 secs] 
2024-10-04T02:53:32.933+0300: 502.092: Total time for which application threads were stopped: 0.0036840 seconds, Stopping threads took: 0.0002337 seconds
2024-10-04T02:53:33.294+0300: 502.442: Application time: 0.3492764 seconds
2024-10-04T02:53:33.294+0300: 502.442: [GC (Allocation Failure) 2024-10-04T02:53:33.294+0300: 502.442: [DefNew: 1124107K->5502K(1258304K), 0.0031857 secs] 1137650K->19045K(4054528K), 0.0032564 secs] [Times: user=0.00 sys=0.00, real=0.00 secs] 
2024-10-04T02:53:33.294+0300: 502.445: Total time for which application threads were stopped: 0.0035635 seconds, Stopping threads took: 0.0001789 seconds
2024-10-04T02:53:33.640+0300: 502.787: Application time: 0.3416770 seconds
2024-10-04T02:53:33.640+0300: 502.787: [GC (Allocation Failure) 2024-10-04T02:53:33.640+0300: 502.787: [DefNew: 1124030K->5625K(1258304K), 0.0032518 secs] 1137573K->19169K(4054528K), 0.0033217 secs] [Times: user=0.00 sys=0.00, real=0.00 secs] 
2024-10-04T02:53:33.640+0300: 502.791: Total time for which application threads were stopped: 0.0035995 seconds, Stopping threads took: 0.0001597 seconds
2024-10-04T02:53:33.975+0300: 503.127: Application time: 0.3368773 seconds
2024-10-04T02:53:33.975+0300: 503.128: [GC (Allocation Failure) 2024-10-04T02:53:33.975+0300: 503.128: [DefNew: 1124153K->5810K(1258304K), 0.0035017 secs] 1137697K->19354K(4054528K), 0.0035744 secs] [Times: user=0.00 sys=0.00, real=0.01 secs] 
2024-10-04T02:53:33.985+0300: 503.131: Total time for which application threads were stopped: 0.0039880 seconds, Stopping threads took: 0.0002222 seconds
2024-10-04T02:53:34.330+0300: 503.480: Application time: 0.3488108 seconds
2024-10-04T02:53:34.330+0300: 503.481: [GC (Allocation Failure) 2024-10-04T02:53:34.330+0300: 503.481: [DefNew: 1124338K->9063K(1258304K), 0.0084646 secs] 1137882K->22608K(4054528K), 0.0085348 secs] [Times: user=0.00 sys=0.00, real=0.00 secs] 
2024-10-04T02:53:34.330+0300: 503.489: Total time for which application threads were stopped: 0.0089035 seconds, Stopping threads took: 0.0002078 seconds
2024-10-04T02:53:34.692+0300: 503.846: Application time: 0.3568758 seconds
2024-10-04T02:53:34.692+0300: 503.846: [GC (Allocation Failure) 2024-10-04T02:53:34.692+0300: 503.846: [DefNew: 1127591K->5663K(1258304K), 0.0037842 secs] 1141136K->19208K(4054528K), 0.0038636 secs] [Times: user=0.00 sys=0.00, real=0.00 secs] 
2024-10-04T02:53:34.692+0300: 503.850: Total time for which application threads were stopped: 0.0041684 seconds, Stopping threads took: 0.0001692 seconds
2024-10-04T02:53:35.053+0300: 504.209: Application time: 0.3588573 seconds
2024-10-04T02:53:35.053+0300: 504.210: [GC (Allocation Failure) 2024-10-04T02:53:35.053+0300: 504.210: [DefNew: 1124191K->5551K(1258304K), 0.0036266 secs] 1137736K->19096K(4054528K), 0.0037049 secs] [Times: user=0.02 sys=0.00, real=0.00 secs] 
2024-10-04T02:53:35.053+0300: 504.213: Total time for which application threads were stopped: 0.0042626 seconds, Stopping threads took: 0.0004165 seconds
2024-10-04T02:53:35.398+0300: 504.551: Application time: 0.3371899 seconds
2024-10-04T02:53:35.398+0300: 504.551: [GC (Allocation Failure) 2024-10-04T02:53:35.398+0300: 504.551: [DefNew: 1124079K->5522K(1258304K), 0.0036788 secs] 1137624K->19067K(4054528K), 0.0037602 secs] [Times: user=0.00 sys=0.00, real=0.00 secs] 
2024-10-04T02:53:35.398+0300: 504.555: Total time for which application threads were stopped: 0.0039942 seconds, Stopping threads took: 0.0001114 seconds
2024-10-04T02:53:35.743+0300: 504.892: Application time: 0.3370714 seconds
2024-10-04T02:53:35.743+0300: 504.892: [GC (Allocation Failure) 2024-10-04T02:53:35.743+0300: 504.892: [DefNew: 1124050K->7277K(1258304K), 0.0060656 secs] 1137595K->20822K(4054528K), 0.0061392 secs] [Times: user=0.00 sys=0.00, real=0.00 secs] 
2024-10-04T02:53:35.743+0300: 504.898: Total time for which application threads were stopped: 0.0065362 seconds, Stopping threads took: 0.0002319 seconds
2024-10-04T02:53:36.088+0300: 505.244: Application time: 0.3456797 seconds
2024-10-04T02:53:36.088+0300: 505.244: [GC (Allocation Failure) 2024-10-04T02:53:36.088+0300: 505.244: [DefNew: 1125805K->6358K(1258304K), 0.0037223 secs] 1139350K->19904K(4054528K), 0.0038002 secs] [Times: user=0.00 sys=0.00, real=0.00 secs] 
2024-10-04T02:53:36.088+0300: 505.248: Total time for which application threads were stopped: 0.0041947 seconds, Stopping threads took: 0.0002276 seconds
2024-10-04T02:53:36.449+0300: 505.597: Application time: 0.3485880 seconds
2024-10-04T02:53:36.449+0300: 505.597: [GC (Allocation Failure) 2024-10-04T02:53:36.449+0300: 505.597: [DefNew: 1124886K->5534K(1258304K), 0.0035996 secs] 1138432K->19081K(4054528K), 0.0036615 secs] [Times: user=0.00 sys=0.00, real=0.00 secs] 
2024-10-04T02:53:36.449+0300: 505.601: Total time for which application threads were stopped: 0.0039533 seconds, Stopping threads took: 0.0001662 seconds
2024-10-04T02:53:36.795+0300: 505.944: Application time: 0.3433505 seconds
2024-10-04T02:53:36.795+0300: 505.944: [GC (Allocation Failure) 2024-10-04T02:53:36.795+0300: 505.944: [DefNew: 1124062K->5552K(1258304K), 0.0032893 secs] 1137609K->19098K(4054528K), 0.0033646 secs] [Times: user=0.00 sys=0.00, real=0.00 secs] 
2024-10-04T02:53:36.795+0300: 505.948: Total time for which application threads were stopped: 0.0038281 seconds, Stopping threads took: 0.0003289 seconds
2024-10-04T02:53:37.139+0300: 506.298: Application time: 0.3503892 seconds
2024-10-04T02:53:37.139+0300: 506.298: [GC (Allocation Failure) 2024-10-04T02:53:37.139+0300: 506.298: [DefNew: 1124080K->7296K(1258304K), 0.0057769 secs] 1137626K->20843K(4054528K), 0.0058488 secs] [Times: user=0.00 sys=0.00, real=0.02 secs] 
2024-10-04T02:53:37.155+0300: 506.304: Total time for which application threads were stopped: 0.0061533 seconds, Stopping threads took: 0.0001613 seconds
2024-10-04T02:53:37.501+0300: 506.652: Application time: 0.3474776 seconds
2024-10-04T02:53:37.501+0300: 506.652: [GC (Allocation Failure) 2024-10-04T02:53:37.501+0300: 506.652: [DefNew: 1125824K->6314K(1258304K), 0.0037088 secs] 1139371K->19861K(4054528K), 0.0037813 secs] [Times: user=0.02 sys=0.00, real=0.00 secs] 
2024-10-04T02:53:37.501+0300: 506.656: Total time for which application threads were stopped: 0.0040560 seconds, Stopping threads took: 0.0001484 seconds
2024-10-04T02:53:37.846+0300: 506.997: Application time: 0.3413557 seconds
2024-10-04T02:53:37.846+0300: 506.998: [GC (Allocation Failure) 2024-10-04T02:53:37.846+0300: 506.998: [DefNew: 1124842K->5555K(1258304K), 0.0039086 secs] 1138389K->19102K(4054528K), 0.0039813 secs] [Times: user=0.01 sys=0.00, real=0.00 secs] 
2024-10-04T02:53:37.846+0300: 507.002: Total time for which application threads were stopped: 0.0044317 seconds, Stopping threads took: 0.0003078 seconds
2024-10-04T02:53:38.192+0300: 507.351: Application time: 0.3491354 seconds
2024-10-04T02:53:38.192+0300: 507.351: [GC (Allocation Failure) 2024-10-04T02:53:38.192+0300: 507.351: [DefNew: 1124083K->5919K(1258304K), 0.0039763 secs] 1137630K->19467K(4054528K), 0.0040595 secs] [Times: user=0.00 sys=0.00, real=0.02 secs] 
2024-10-04T02:53:38.210+0300: 507.355: Total time for which application threads were stopped: 0.0043147 seconds, Stopping threads took: 0.0001336 seconds
2024-10-04T02:53:38.553+0300: 507.699: Application time: 0.3437952 seconds
2024-10-04T02:53:38.553+0300: 507.699: [GC (Allocation Failure) 2024-10-04T02:53:38.553+0300: 507.702: [DefNew: 1124447K->7564K(1258304K), 0.0058450 secs] 1137995K->21112K(4054528K), 0.0082769 secs] [Times: user=0.00 sys=0.00, real=0.00 secs] 
2024-10-04T02:53:38.553+0300: 507.707: Total time for which application threads were stopped: 0.0085440 seconds, Stopping threads took: 0.0000906 seconds
2024-10-04T02:53:38.899+0300: 508.052: Application time: 0.3443378 seconds
2024-10-04T02:53:38.899+0300: 508.052: [GC (Allocation Failure) 2024-10-04T02:53:38.899+0300: 508.052: [DefNew: 1126092K->7116K(1258304K), 0.0051446 secs] 1139640K->20664K(4054528K), 0.0052100 secs] [Times: user=0.00 sys=0.00, real=0.00 secs] 
2024-10-04T02:53:38.899+0300: 508.057: Total time for which application threads were stopped: 0.0054373 seconds, Stopping threads took: 0.0001193 seconds
2024-10-04T02:53:39.244+0300: 508.401: Application time: 0.3438060 seconds
2024-10-04T02:53:39.244+0300: 508.401: [GC (Allocation Failure) 2024-10-04T02:53:39.244+0300: 508.401: [DefNew: 1125644K->5630K(1258304K), 0.0034079 secs] 1139192K->19179K(4054528K), 0.0034878 secs] [Times: user=0.00 sys=0.00, real=0.02 secs] 
2024-10-04T02:53:39.260+0300: 508.405: Total time for which application threads were stopped: 0.0037943 seconds, Stopping threads took: 0.0001619 seconds
2024-10-04T02:53:39.599+0300: 508.745: Application time: 0.3396613 seconds
2024-10-04T02:53:39.599+0300: 508.745: [GC (Allocation Failure) 2024-10-04T02:53:39.599+0300: 508.745: [DefNew: 1124158K->6156K(1258304K), 0.0037729 secs] 1137707K->19705K(4054528K), 0.0038407 secs] [Times: user=0.00 sys=0.00, real=0.00 secs] 
2024-10-04T02:53:39.601+0300: 508.749: Total time for which application threads were stopped: 0.0041219 seconds, Stopping threads took: 0.0001524 seconds
2024-10-04T02:53:39.935+0300: 509.092: Application time: 0.3436435 seconds
2024-10-04T02:53:39.935+0300: 509.093: [GC (Allocation Failure) 2024-10-04T02:53:39.935+0300: 509.093: [DefNew: 1124684K->5609K(1258304K), 0.0032347 secs] 1138233K->19158K(4054528K), 0.0033022 secs] [Times: user=0.00 sys=0.00, real=0.02 secs] 
2024-10-04T02:53:39.951+0300: 509.096: Total time for which application threads were stopped: 0.0035726 seconds, Stopping threads took: 0.0001261 seconds
2024-10-04T02:53:40.290+0300: 509.436: Application time: 0.3403225 seconds
2024-10-04T02:53:40.290+0300: 509.436: [GC (Allocation Failure) 2024-10-04T02:53:40.290+0300: 509.436: [DefNew: 1124137K->7507K(1258304K), 0.0054137 secs] 1137686K->21057K(4054528K), 0.0054846 secs] [Times: user=0.00 sys=0.00, real=0.01 secs] 
2024-10-04T02:53:40.296+0300: 509.442: Total time for which application threads were stopped: 0.0057903 seconds, Stopping threads took: 0.0001739 seconds
2024-10-04T02:53:40.626+0300: 509.785: Application time: 0.3427722 seconds
2024-10-04T02:53:40.626+0300: 509.785: [GC (Allocation Failure) 2024-10-04T02:53:40.626+0300: 509.785: [DefNew: 1126035K->5934K(1258304K), 0.0034593 secs] 1139585K->19484K(4054528K), 0.0035267 secs] [Times: user=0.00 sys=0.00, real=0.02 secs] 
2024-10-04T02:53:40.641+0300: 509.789: Total time for which application threads were stopped: 0.0038644 seconds, Stopping threads took: 0.0002046 seconds
2024-10-04T02:53:40.987+0300: 510.134: Application time: 0.3457051 seconds
2024-10-04T02:53:40.987+0300: 510.135: [GC (Allocation Failure) 2024-10-04T02:53:40.987+0300: 510.135: [DefNew: 1124462K->5709K(1258304K), 0.0034070 secs] 1138012K->19259K(4054528K), 0.0034727 secs] [Times: user=0.02 sys=0.00, real=0.01 secs] 
2024-10-04T02:53:40.992+0300: 510.138: Total time for which application threads were stopped: 0.0037310 seconds, Stopping threads took: 0.0001180 seconds
2024-10-04T02:53:41.317+0300: 510.475: Application time: 0.3371041 seconds
2024-10-04T02:53:41.317+0300: 510.475: [GC (Allocation Failure) 2024-10-04T02:53:41.317+0300: 510.475: [DefNew: 1124237K->5865K(1258304K), 0.0035243 secs] 1137787K->19415K(4054528K), 0.0035915 secs] [Times: user=0.00 sys=0.00, real=0.02 secs] 
2024-10-04T02:53:41.332+0300: 510.479: Total time for which application threads were stopped: 0.0038816 seconds, Stopping threads took: 0.0001733 seconds
2024-10-04T02:53:41.662+0300: 510.816: Application time: 0.3364775 seconds
2024-10-04T02:53:41.662+0300: 510.816: [GC (Allocation Failure) 2024-10-04T02:53:41.662+0300: 510.816: [DefNew: 1124393K->6076K(1258304K), 0.0034216 secs] 1137943K->19627K(4054528K), 0.0034908 secs] [Times: user=0.00 sys=0.00, real=0.00 secs] 
2024-10-04T02:53:41.662+0300: 510.819: Total time for which application threads were stopped: 0.0037948 seconds, Stopping threads took: 0.0001878 seconds
2024-10-04T02:53:42.008+0300: 511.166: Application time: 0.3466705 seconds
2024-10-04T02:53:42.008+0300: 511.166: [GC (Allocation Failure) 2024-10-04T02:53:42.008+0300: 511.166: [DefNew: 1124604K->6101K(1258304K), 0.0039603 secs] 1138155K->19652K(4054528K), 0.0040370 secs] [Times: user=0.00 sys=0.00, real=0.02 secs] 
2024-10-04T02:53:42.023+0300: 511.170: Total time for which application threads were stopped: 0.0044077 seconds, Stopping threads took: 0.0002226 seconds
2024-10-04T02:53:42.353+0300: 511.513: Application time: 0.3424373 seconds
2024-10-04T02:53:42.353+0300: 511.513: [GC (Allocation Failure) 2024-10-04T02:53:42.353+0300: 511.513: [DefNew: 1124629K->5515K(1258304K), 0.0031788 secs] 1138180K->19066K(4054528K), 0.0032523 secs] [Times: user=0.00 sys=0.00, real=0.02 secs] 
2024-10-04T02:53:42.369+0300: 511.516: Total time for which application threads were stopped: 0.0035735 seconds, Stopping threads took: 0.0002031 seconds
2024-10-04T02:53:42.699+0300: 511.855: Application time: 0.3382020 seconds
2024-10-04T02:53:42.699+0300: 511.855: [GC (Allocation Failure) 2024-10-04T02:53:42.699+0300: 511.855: [DefNew: 1124043K->7478K(1258304K), 0.0052377 secs] 1137594K->21030K(4054528K), 0.0053180 secs] [Times: user=0.00 sys=0.00, real=0.02 secs] 
2024-10-04T02:53:42.714+0300: 511.860: Total time for which application threads were stopped: 0.0057152 seconds, Stopping threads took: 0.0002720 seconds
2024-10-04T02:53:43.044+0300: 512.203: Application time: 0.3423311 seconds
2024-10-04T02:53:43.044+0300: 512.203: [GC (Allocation Failure) 2024-10-04T02:53:43.044+0300: 512.203: [DefNew: 1126006K->5775K(1258304K), 0.0035532 secs] 1139558K->19327K(4054528K), 0.0036280 secs] [Times: user=0.00 sys=0.00, real=0.02 secs] 
2024-10-04T02:53:43.059+0300: 512.207: Total time for which application threads were stopped: 0.0039124 seconds, Stopping threads took: 0.0001707 seconds
2024-10-04T02:53:43.389+0300: 512.538: Application time: 0.3317689 seconds
2024-10-04T02:53:43.389+0300: 512.539: [GC (Allocation Failure) 2024-10-04T02:53:43.389+0300: 512.539: [DefNew: 1124303K->5601K(1258304K), 0.0033598 secs] 1137855K->19154K(4054528K), 0.0034449 secs] [Times: user=0.00 sys=0.00, real=0.00 secs] 
2024-10-04T02:53:43.389+0300: 512.542: Total time for which application threads were stopped: 0.0037755 seconds, Stopping threads took: 0.0001902 seconds
2024-10-04T02:53:43.735+0300: 512.885: Application time: 0.3431417 seconds
2024-10-04T02:53:43.735+0300: 512.886: [GC (Allocation Failure) 2024-10-04T02:53:43.735+0300: 512.886: [DefNew: 1124129K->5523K(1258304K), 0.0032428 secs] 1137682K->19075K(4054528K), 0.0033259 secs] [Times: user=0.00 sys=0.00, real=0.00 secs] 
2024-10-04T02:53:43.735+0300: 512.889: Total time for which application threads were stopped: 0.0036353 seconds, Stopping threads took: 0.0001813 seconds
2024-10-04T02:53:44.096+0300: 513.242: Application time: 0.3534205 seconds
2024-10-04T02:53:44.096+0300: 513.243: [GC (Allocation Failure) 2024-10-04T02:53:44.096+0300: 513.243: [DefNew: 1124051K->5706K(1258304K), 0.0034029 secs] 1137603K->19259K(4054528K), 0.0034772 secs] [Times: user=0.00 sys=0.00, real=0.00 secs] 
2024-10-04T02:53:44.100+0300: 513.246: Total time for which application threads were stopped: 0.0037543 seconds, Stopping threads took: 0.0001442 seconds
2024-10-04T02:53:44.426+0300: 513.586: Application time: 0.3398950 seconds
2024-10-04T02:53:44.426+0300: 513.586: [GC (Allocation Failure) 2024-10-04T02:53:44.426+0300: 513.586: [DefNew: 1124234K->6007K(1258304K), 0.0037650 secs] 1137787K->19560K(4054528K), 0.0038406 secs] [Times: user=0.00 sys=0.00, real=0.02 secs] 
2024-10-04T02:53:44.442+0300: 513.590: Total time for which application threads were stopped: 0.0042080 seconds, Stopping threads took: 0.0002328 seconds
2024-10-04T02:53:44.772+0300: 513.921: Application time: 0.3312119 seconds
2024-10-04T02:53:44.772+0300: 513.922: [GC (Allocation Failure) 2024-10-04T02:53:44.772+0300: 513.922: [DefNew: 1124535K->7207K(1258304K), 0.0049474 secs] 1138088K->20761K(4054528K), 0.0050162 secs] [Times: user=0.00 sys=0.00, real=0.00 secs] 
2024-10-04T02:53:44.772+0300: 513.927: Total time for which application threads were stopped: 0.0053456 seconds, Stopping threads took: 0.0002115 seconds
2024-10-04T02:53:45.117+0300: 514.277: Application time: 0.3501909 seconds
2024-10-04T02:53:45.117+0300: 514.277: [GC (Allocation Failure) 2024-10-04T02:53:45.117+0300: 514.277: [DefNew: 1125735K->7386K(1258304K), 0.0051191 secs] 1139289K->20940K(4054528K), 0.0051929 secs] [Times: user=0.00 sys=0.00, real=0.02 secs] 
2024-10-04T02:53:45.133+0300: 514.282: Total time for which application threads were stopped: 0.0054688 seconds, Stopping threads took: 0.0001517 seconds
2024-10-04T02:53:45.478+0300: 514.628: Application time: 0.3454230 seconds
2024-10-04T02:53:45.478+0300: 514.628: [GC (Allocation Failure) 2024-10-04T02:53:45.478+0300: 514.628: [DefNew: 1125914K->5598K(1258304K), 0.0032630 secs] 1139468K->19152K(4054528K), 0.0033399 secs] [Times: user=0.00 sys=0.00, real=0.00 secs] 
2024-10-04T02:53:45.478+0300: 514.632: Total time for which application threads were stopped: 0.0036292 seconds, Stopping threads took: 0.0001615 seconds
2024-10-04T02:53:45.823+0300: 514.975: Application time: 0.3433029 seconds
2024-10-04T02:53:45.823+0300: 514.975: [GC (Allocation Failure) 2024-10-04T02:53:45.823+0300: 514.975: [DefNew: 1124126K->5692K(1258304K), 0.0033486 secs] 1137680K->19246K(4054528K), 0.0034186 secs] [Times: user=0.00 sys=0.00, real=0.00 secs] 
2024-10-04T02:53:45.823+0300: 514.979: Total time for which application threads were stopped: 0.0037372 seconds, Stopping threads took: 0.0001965 seconds
2024-10-04T02:53:46.169+0300: 515.327: Application time: 0.3486031 seconds
2024-10-04T02:53:46.169+0300: 515.327: [GC (Allocation Failure) 2024-10-04T02:53:46.169+0300: 515.327: [DefNew: 1124220K->5679K(1258304K), 0.0034158 secs] 1137774K->19234K(4054528K), 0.0034899 secs] [Times: user=0.00 sys=0.00, real=0.02 secs] 
2024-10-04T02:53:46.184+0300: 515.331: Total time for which application threads were stopped: 0.0037913 seconds, Stopping threads took: 0.0001762 seconds
2024-10-04T02:53:46.514+0300: 515.662: Application time: 0.3311975 seconds
2024-10-04T02:53:46.514+0300: 515.662: [GC (Allocation Failure) 2024-10-04T02:53:46.514+0300: 515.662: [DefNew: 1124207K->5645K(1258304K), 0.0032886 secs] 1137762K->19200K(4054528K), 0.0033549 secs] [Times: user=0.00 sys=0.00, real=0.00 secs] 
2024-10-04T02:53:46.514+0300: 515.666: Total time for which application threads were stopped: 0.0036106 seconds, Stopping threads took: 0.0001368 seconds
2024-10-04T02:53:46.859+0300: 516.019: Application time: 0.3536978 seconds
2024-10-04T02:53:46.859+0300: 516.020: [GC (Allocation Failure) 2024-10-04T02:53:46.859+0300: 516.020: [DefNew: 1124173K->5560K(1258304K), 0.0038304 secs] 1137728K->19116K(4054528K), 0.0039095 secs] [Times: user=0.00 sys=0.00, real=0.02 secs] 
2024-10-04T02:53:46.875+0300: 516.024: Total time for which application threads were stopped: 0.0042096 seconds, Stopping threads took: 0.0001691 seconds
2024-10-04T02:53:47.221+0300: 516.375: Application time: 0.3508840 seconds
2024-10-04T02:53:47.221+0300: 516.375: [GC (Allocation Failure) 2024-10-04T02:53:47.221+0300: 516.375: [DefNew: 1124088K->5785K(1258304K), 0.0034558 secs] 1137644K->19341K(4054528K), 0.0035372 secs] [Times: user=0.00 sys=0.00, real=0.00 secs] 
2024-10-04T02:53:47.221+0300: 516.378: Total time for which application threads were stopped: 0.0038245 seconds, Stopping threads took: 0.0001603 seconds
2024-10-04T02:53:47.566+0300: 516.715: Application time: 0.3368383 seconds
2024-10-04T02:53:47.566+0300: 516.715: [GC (Allocation Failure) 2024-10-04T02:53:47.566+0300: 516.716: [DefNew: 1124313K->5615K(1258304K), 0.0034444 secs] 1137869K->19171K(4054528K), 0.0035131 secs] [Times: user=0.00 sys=0.00, real=0.00 secs] 
2024-10-04T02:53:47.566+0300: 516.719: Total time for which application threads were stopped: 0.0038078 seconds, Stopping threads took: 0.0001669 seconds
2024-10-04T02:53:47.913+0300: 517.059: Application time: 0.3395639 seconds
2024-10-04T02:53:47.913+0300: 517.059: [GC (Allocation Failure) 2024-10-04T02:53:47.913+0300: 517.059: [DefNew: 1124143K->7704K(1258304K), 0.0049167 secs] 1137699K->21260K(4054528K), 0.0049945 secs] [Times: user=0.00 sys=0.00, real=0.00 secs] 
2024-10-04T02:53:47.913+0300: 517.064: Total time for which application threads were stopped: 0.0052820 seconds, Stopping threads took: 0.0001396 seconds
2024-10-04T02:53:48.258+0300: 517.408: Application time: 0.3438214 seconds
2024-10-04T02:53:48.258+0300: 517.408: [GC (Allocation Failure) 2024-10-04T02:53:48.258+0300: 517.408: [DefNew: 1126232K->6750K(1258304K), 0.0036745 secs] 1139788K->20307K(4054528K), 0.0037455 secs] [Times: user=0.00 sys=0.00, real=0.00 secs] 
2024-10-04T02:53:48.258+0300: 517.412: Total time for which application threads were stopped: 0.0040331 seconds, Stopping threads took: 0.0001657 seconds
2024-10-04T02:53:48.611+0300: 517.759: Application time: 0.3474075 seconds
2024-10-04T02:53:48.611+0300: 517.759: [GC (Allocation Failure) 2024-10-04T02:53:48.611+0300: 517.759: [DefNew: 1125278K->5695K(1258304K), 0.0033887 secs] 1138835K->19252K(4054528K), 0.0034587 secs] [Times: user=0.00 sys=0.00, real=0.00 secs] 
2024-10-04T02:53:48.611+0300: 517.763: Total time for which application threads were stopped: 0.0037749 seconds, Stopping threads took: 0.0001845 seconds
2024-10-04T02:53:48.964+0300: 518.112: Application time: 0.3492165 seconds
2024-10-04T02:53:48.964+0300: 518.112: [GC (Allocation Failure) 2024-10-04T02:53:48.964+0300: 518.112: [DefNew: 1124223K->5646K(1258304K), 0.0032736 secs] 1137780K->19204K(4054528K), 0.0033484 secs] [Times: user=0.00 sys=0.00, real=0.00 secs] 
2024-10-04T02:53:48.964+0300: 518.116: Total time for which application threads were stopped: 0.0036413 seconds, Stopping threads took: 0.0001729 seconds
2024-10-04T02:53:49.294+0300: 518.452: Application time: 0.3366501 seconds
2024-10-04T02:53:49.294+0300: 518.453: [GC (Allocation Failure) 2024-10-04T02:53:49.294+0300: 518.453: [DefNew: 1124174K->5514K(1258304K), 0.0033056 secs] 1137732K->19072K(4054528K), 0.0033789 secs] [Times: user=0.00 sys=0.00, real=0.02 secs] 
2024-10-04T02:53:49.309+0300: 518.456: Total time for which application threads were stopped: 0.0036562 seconds, Stopping threads took: 0.0001525 seconds
2024-10-04T02:53:49.640+0300: 518.791: Application time: 0.3352027 seconds
2024-10-04T02:53:49.640+0300: 518.792: [GC (Allocation Failure) 2024-10-04T02:53:49.640+0300: 518.792: [DefNew: 1124042K->6477K(1258304K), 0.0036662 secs] 1137600K->20035K(4054528K), 0.0037391 secs] [Times: user=0.00 sys=0.00, real=0.00 secs] 
2024-10-04T02:53:49.640+0300: 518.795: Total time for which application threads were stopped: 0.0040268 seconds, Stopping threads took: 0.0001781 seconds
2024-10-04T02:53:50.017+0300: 519.170: Application time: 0.3750513 seconds
2024-10-04T02:53:50.017+0300: 519.171: [GC (Allocation Failure) 2024-10-04T02:53:50.017+0300: 519.171: [DefNew: 1125005K->5486K(1258304K), 0.0031066 secs] 1138563K->19044K(4054528K), 0.0031738 secs] [Times: user=0.00 sys=0.00, real=0.00 secs] 
2024-10-04T02:53:50.017+0300: 519.174: Total time for which application threads were stopped: 0.0034325 seconds, Stopping threads took: 0.0001408 seconds
2024-10-04T02:53:50.189+0300: 519.342: Application time: 0.1686166 seconds
2024-10-04T02:53:50.189+0300: 519.343: Total time for which application threads were stopped: 0.0002477 seconds, Stopping threads took: 0.0001767 seconds
2024-10-04T02:53:50.189+0300: 519.349: Application time: 0.0061405 seconds
2024-10-04T02:53:50.189+0300: 519.349: Total time for which application threads were stopped: 0.0001340 seconds, Stopping threads took: 0.0000867 seconds
2024-10-04T02:53:50.346+0300: 519.502: Application time: 0.1525699 seconds
2024-10-04T02:53:50.346+0300: 519.502: Total time for which application threads were stopped: 0.0003795 seconds, Stopping threads took: 0.0003517 seconds
2024-10-04T02:53:50.519+0300: 519.674: Application time: 0.1723762 seconds
2024-10-04T02:53:50.519+0300: 519.675: [GC (Allocation Failure) 2024-10-04T02:53:50.519+0300: 519.675: [DefNew: 1124014K->6857K(1258304K), 0.0045164 secs] 1137572K->20416K(4054528K), 0.0045958 secs] [Times: user=0.00 sys=0.00, real=0.00 secs] 
2024-10-04T02:53:50.519+0300: 519.679: Total time for which application threads were stopped: 0.0049267 seconds, Stopping threads took: 0.0001911 seconds
2024-10-04T02:53:50.864+0300: 520.010: Application time: 0.3307393 seconds
2024-10-04T02:53:50.864+0300: 520.010: [GC (Allocation Failure) 2024-10-04T02:53:50.864+0300: 520.010: [DefNew: 1125385K->6891K(1258304K), 0.0043390 secs] 1138944K->20450K(4054528K), 0.0044087 secs] [Times: user=0.02 sys=0.00, real=0.00 secs] 
2024-10-04T02:53:50.864+0300: 520.015: Total time for which application threads were stopped: 0.0046941 seconds, Stopping threads took: 0.0001591 seconds
2024-10-04T02:53:51.209+0300: 520.356: Application time: 0.3412721 seconds
2024-10-04T02:53:51.209+0300: 520.356: [GC (Allocation Failure) 2024-10-04T02:53:51.209+0300: 520.356: [DefNew: 1125419K->11268K(1258304K), 0.0087575 secs] 1138978K->24827K(4054528K), 0.0088275 secs] [Times: user=0.00 sys=0.00, real=0.01 secs] 
2024-10-04T02:53:51.217+0300: 520.365: Total time for which application threads were stopped: 0.0091297 seconds, Stopping threads took: 0.0001793 seconds
2024-10-04T02:53:51.555+0300: 520.703: Application time: 0.3383660 seconds
2024-10-04T02:53:51.555+0300: 520.704: [GC (Allocation Failure) 2024-10-04T02:53:51.555+0300: 520.704: [DefNew: 1129796K->6866K(1258304K), 0.0040980 secs] 1143355K->20426K(4054528K), 0.0041636 secs] [Times: user=0.00 sys=0.00, real=0.00 secs] 
2024-10-04T02:53:51.555+0300: 520.708: Total time for which application threads were stopped: 0.0044918 seconds, Stopping threads took: 0.0002073 seconds
2024-10-04T02:53:51.916+0300: 521.061: Application time: 0.3531997 seconds
2024-10-04T02:53:51.916+0300: 521.061: [GC (Allocation Failure) 2024-10-04T02:53:51.916+0300: 521.061: [DefNew: 1125394K->6583K(1258304K), 0.0038623 secs] 1138954K->20143K(4054528K), 0.0039367 secs] [Times: user=0.00 sys=0.00, real=0.00 secs] 
2024-10-04T02:53:51.919+0300: 521.065: Total time for which application threads were stopped: 0.0042167 seconds, Stopping threads took: 0.0001557 seconds
2024-10-04T02:53:52.261+0300: 521.409: Application time: 0.3435275 seconds
2024-10-04T02:53:52.261+0300: 521.409: [GC (Allocation Failure) 2024-10-04T02:53:52.261+0300: 521.409: [DefNew: 1125111K->6964K(1258304K), 0.0041807 secs] 1138671K->20524K(4054528K), 0.0042589 secs] [Times: user=0.00 sys=0.00, real=0.00 secs] 
2024-10-04T02:53:52.261+0300: 521.413: Total time for which application threads were stopped: 0.0045560 seconds, Stopping threads took: 0.0001769 seconds
2024-10-04T02:53:52.591+0300: 521.739: Application time: 0.3255489 seconds
2024-10-04T02:53:52.591+0300: 521.739: [GC (Allocation Failure) 2024-10-04T02:53:52.591+0300: 521.739: [DefNew: 1125492K->7099K(1258304K), 0.0041324 secs] 1139052K->20660K(4054528K), 0.0042033 secs] [Times: user=0.00 sys=0.00, real=0.00 secs] 
2024-10-04T02:53:52.591+0300: 521.744: Total time for which application threads were stopped: 0.0044869 seconds, Stopping threads took: 0.0001757 seconds
2024-10-04T02:53:52.936+0300: 522.095: Application time: 0.3518578 seconds
2024-10-04T02:53:52.936+0300: 522.096: [GC (Allocation Failure) 2024-10-04T02:53:52.936+0300: 522.096: [DefNew: 1125627K->8795K(1258304K), 0.0061801 secs] 1139188K->22356K(4054528K), 0.0062566 secs] [Times: user=0.01 sys=0.00, real=0.02 secs] 
2024-10-04T02:53:52.952+0300: 522.102: Total time for which application threads were stopped: 0.0066310 seconds, Stopping threads took: 0.0002249 seconds
2024-10-04T02:53:53.297+0300: 522.453: Application time: 0.3505890 seconds
2024-10-04T02:53:53.297+0300: 522.453: [GC (Allocation Failure) 2024-10-04T02:53:53.297+0300: 522.453: [DefNew: 1127323K->6849K(1258304K), 0.0040928 secs] 1140884K->20410K(4054528K), 0.0041643 secs] [Times: user=0.00 sys=0.00, real=0.00 secs] 
2024-10-04T02:53:53.297+0300: 522.457: Total time for which application threads were stopped: 0.0044329 seconds, Stopping threads took: 0.0001549 seconds
2024-10-04T02:53:53.642+0300: 522.794: Application time: 0.3368206 seconds
2024-10-04T02:53:53.642+0300: 522.794: [GC (Allocation Failure) 2024-10-04T02:53:53.642+0300: 522.794: [DefNew: 1125377K->6784K(1258304K), 0.0040418 secs] 1138938K->20345K(4054528K), 0.0041120 secs] [Times: user=0.00 sys=0.00, real=0.00 secs] 
2024-10-04T02:53:53.642+0300: 522.798: Total time for which application threads were stopped: 0.0044486 seconds, Stopping threads took: 0.0002151 seconds
2024-10-04T02:53:53.986+0300: 523.137: Application time: 0.3387644 seconds
2024-10-04T02:53:53.986+0300: 523.137: [GC (Allocation Failure) 2024-10-04T02:53:53.986+0300: 523.138: [DefNew: 1125312K->6985K(1258304K), 0.0042333 secs] 1138873K->20547K(4054528K), 0.0043116 secs] [Times: user=0.02 sys=0.00, real=0.00 secs] 
2024-10-04T02:53:53.986+0300: 523.142: Total time for which application threads were stopped: 0.0047481 seconds, Stopping threads took: 0.0002551 seconds
2024-10-04T02:53:54.325+0300: 523.475: Application time: 0.3328920 seconds
2024-10-04T02:53:54.325+0300: 523.475: [GC (Allocation Failure) 2024-10-04T02:53:54.325+0300: 523.475: [DefNew: 1125513K->9562K(1258304K), 0.0069278 secs] 1139075K->23124K(4054528K), 0.0070069 secs] [Times: user=0.00 sys=0.00, real=0.01 secs] 
2024-10-04T02:53:54.332+0300: 523.482: Total time for which application threads were stopped: 0.0072983 seconds, Stopping threads took: 0.0001491 seconds
2024-10-04T02:53:54.677+0300: 523.827: Application time: 0.3454390 seconds
2024-10-04T02:53:54.677+0300: 523.828: [GC (Allocation Failure) 2024-10-04T02:53:54.677+0300: 523.828: [DefNew: 1128090K->6822K(1258304K), 0.0040833 secs] 1141652K->20384K(4054528K), 0.0041522 secs] [Times: user=0.00 sys=0.00, real=0.00 secs] 
2024-10-04T02:53:54.677+0300: 523.832: Total time for which application threads were stopped: 0.0044418 seconds, Stopping threads took: 0.0001641 seconds
2024-10-04T02:53:55.039+0300: 524.186: Application time: 0.3537541 seconds
2024-10-04T02:53:55.039+0300: 524.186: [GC (Allocation Failure) 2024-10-04T02:53:55.039+0300: 524.186: [DefNew: 1125350K->6813K(1258304K), 0.0040828 secs] 1138912K->20375K(4054528K), 0.0041573 secs] [Times: user=0.00 sys=0.00, real=0.00 secs] 
2024-10-04T02:53:55.039+0300: 524.190: Total time for which application threads were stopped: 0.0044708 seconds, Stopping threads took: 0.0001788 seconds
2024-10-04T02:53:55.368+0300: 524.525: Application time: 0.3352096 seconds
2024-10-04T02:53:55.368+0300: 524.526: [GC (Allocation Failure) 2024-10-04T02:53:55.368+0300: 524.526: [DefNew: 1125341K->6905K(1258304K), 0.0044089 secs] 1138903K->20545K(4054528K), 0.0044845 secs] [Times: user=0.00 sys=0.00, real=0.01 secs] 
2024-10-04T02:53:55.383+0300: 524.530: Total time for which application threads were stopped: 0.0047960 seconds, Stopping threads took: 0.0001827 seconds
2024-10-04T02:53:55.713+0300: 524.858: Application time: 0.3278653 seconds
2024-10-04T02:53:55.713+0300: 524.858: [GC (Allocation Failure) 2024-10-04T02:53:55.713+0300: 524.858: [DefNew: 1125433K->7375K(1258304K), 0.0059490 secs] 1139073K->22182K(4054528K), 0.0060246 secs] [Times: user=0.00 sys=0.00, real=0.00 secs] 
2024-10-04T02:53:55.713+0300: 524.864: Total time for which application threads were stopped: 0.0063494 seconds, Stopping threads took: 0.0001916 seconds
2024-10-04T02:53:56.059+0300: 525.213: Application time: 0.3488569 seconds
2024-10-04T02:53:56.059+0300: 525.214: [GC (Allocation Failure) 2024-10-04T02:53:56.059+0300: 525.214: [DefNew: 1125903K->7841K(1258304K), 0.0052723 secs] 1140710K->22649K(4054528K), 0.0053460 secs] [Times: user=0.00 sys=0.00, real=0.00 secs] 
2024-10-04T02:53:56.059+0300: 525.219: Total time for which application threads were stopped: 0.0056827 seconds, Stopping threads took: 0.0002015 seconds
2024-10-04T02:53:56.420+0300: 525.570: Application time: 0.3506502 seconds
2024-10-04T02:53:56.420+0300: 525.570: [GC (Allocation Failure) 2024-10-04T02:53:56.420+0300: 525.570: [DefNew: 1126369K->5668K(1258304K), 0.0032597 secs] 1141177K->20475K(4054528K), 0.0033297 secs] [Times: user=0.00 sys=0.00, real=0.00 secs] 
2024-10-04T02:53:56.420+0300: 525.573: Total time for which application threads were stopped: 0.0036330 seconds, Stopping threads took: 0.0001759 seconds
2024-10-04T02:53:56.765+0300: 525.916: Application time: 0.3423366 seconds
2024-10-04T02:53:56.765+0300: 525.916: [GC (Allocation Failure) 2024-10-04T02:53:56.765+0300: 525.916: [DefNew: 1124196K->5636K(1258304K), 0.0032264 secs] 1139003K->20445K(4054528K), 0.0032943 secs] [Times: user=0.00 sys=0.00, real=0.00 secs] 
2024-10-04T02:53:56.765+0300: 525.919: Total time for which application threads were stopped: 0.0036056 seconds, Stopping threads took: 0.0001909 seconds
2024-10-04T02:53:57.110+0300: 526.263: Application time: 0.3438989 seconds
2024-10-04T02:53:57.110+0300: 526.263: [GC (Allocation Failure) 2024-10-04T02:53:57.110+0300: 526.263: [DefNew: 1124164K->5555K(1258304K), 0.0032081 secs] 1138973K->20364K(4054528K), 0.0032832 secs] [Times: user=0.00 sys=0.00, real=0.00 secs] 
2024-10-04T02:53:57.110+0300: 526.267: Total time for which application threads were stopped: 0.0035369 seconds, Stopping threads took: 0.0001213 seconds
2024-10-04T02:53:57.440+0300: 526.599: Application time: 0.3325369 seconds
2024-10-04T02:53:57.440+0300: 526.599: [GC (Allocation Failure) 2024-10-04T02:53:57.440+0300: 526.599: [DefNew: 1124083K->6693K(1258304K), 0.0038108 secs] 1138892K->21503K(4054528K), 0.0038813 secs] [Times: user=0.00 sys=0.00, real=0.02 secs] 
2024-10-04T02:53:57.456+0300: 526.603: Total time for which application threads were stopped: 0.0042270 seconds, Stopping threads took: 0.0002196 seconds
2024-10-04T02:53:57.801+0300: 526.951: Application time: 0.3479986 seconds
2024-10-04T02:53:57.801+0300: 526.952: [GC (Allocation Failure) 2024-10-04T02:53:57.801+0300: 526.952: [DefNew: 1125221K->5704K(1258304K), 0.0032888 secs] 1140031K->20513K(4054528K), 0.0033580 secs] [Times: user=0.00 sys=0.00, real=0.00 secs] 
2024-10-04T02:53:57.801+0300: 526.955: Total time for which application threads were stopped: 0.0036305 seconds, Stopping threads took: 0.0001655 seconds
2024-10-04T02:53:58.162+0300: 527.312: Application time: 0.3575102 seconds
2024-10-04T02:53:58.162+0300: 527.313: [GC (Allocation Failure) 2024-10-04T02:53:58.162+0300: 527.313: [DefNew: 1124232K->5567K(1258304K), 0.0032229 secs] 1139041K->20377K(4054528K), 0.0032944 secs] [Times: user=0.00 sys=0.00, real=0.00 secs] 
2024-10-04T02:53:58.162+0300: 527.316: Total time for which application threads were stopped: 0.0035811 seconds, Stopping threads took: 0.0001689 seconds
2024-10-04T02:53:58.508+0300: 527.655: Application time: 0.3391116 seconds
2024-10-04T02:53:58.508+0300: 527.655: [GC (Allocation Failure) 2024-10-04T02:53:58.508+0300: 527.656: [DefNew: 1124095K->5686K(1258304K), 0.0035232 secs] 1138905K->20496K(4054528K), 0.0036173 secs] [Times: user=0.00 sys=0.00, real=0.00 secs] 
2024-10-04T02:53:58.508+0300: 527.659: Total time for which application threads were stopped: 0.0039251 seconds, Stopping threads took: 0.0001535 seconds
2024-10-04T02:53:58.838+0300: 527.992: Application time: 0.3328103 seconds
2024-10-04T02:53:58.838+0300: 527.992: [GC (Allocation Failure) 2024-10-04T02:53:58.838+0300: 527.992: [DefNew: 1124214K->5591K(1258304K), 0.0033546 secs] 1139024K->20402K(4054528K), 0.0034325 secs] [Times: user=0.00 sys=0.00, real=0.00 secs] 
2024-10-04T02:53:58.838+0300: 527.996: Total time for which application threads were stopped: 0.0037456 seconds, Stopping threads took: 0.0001682 seconds
2024-10-04T02:53:59.183+0300: 528.342: Application time: 0.3467651 seconds
2024-10-04T02:53:59.183+0300: 528.343: [GC (Allocation Failure) 2024-10-04T02:53:59.183+0300: 528.343: [DefNew: 1124119K->6911K(1258304K), 0.0037801 secs] 1138930K->21721K(4054528K), 0.0038549 secs] [Times: user=0.00 sys=0.00, real=0.02 secs] 
2024-10-04T02:53:59.199+0300: 528.347: Total time for which application threads were stopped: 0.0041723 seconds, Stopping threads took: 0.0001988 seconds
2024-10-04T02:53:59.544+0300: 528.693: Application time: 0.3468666 seconds
2024-10-04T02:53:59.544+0300: 528.694: [GC (Allocation Failure) 2024-10-04T02:53:59.544+0300: 528.694: [DefNew: 1125439K->5539K(1258304K), 0.0032027 secs] 1140249K->20350K(4054528K), 0.0032679 secs] [Times: user=0.01 sys=0.00, real=0.00 secs] 
2024-10-04T02:53:59.544+0300: 528.697: Total time for which application threads were stopped: 0.0035330 seconds, Stopping threads took: 0.0001275 seconds
2024-10-04T02:53:59.888+0300: 529.045: Application time: 0.3483003 seconds
2024-10-04T02:53:59.888+0300: 529.046: [GC (Allocation Failure) 2024-10-04T02:53:59.888+0300: 529.046: [DefNew: 1124067K->5473K(1258304K), 0.0031601 secs] 1138878K->20284K(4054528K), 0.0032532 secs] [Times: user=0.00 sys=0.00, real=0.02 secs] 
2024-10-04T02:53:59.904+0300: 529.049: Total time for which application threads were stopped: 0.0036146 seconds, Stopping threads took: 0.0001934 seconds
2024-10-04T02:54:00.239+0300: 529.394: Application time: 0.3445890 seconds
2024-10-04T02:54:00.239+0300: 529.394: [GC (Allocation Failure) 2024-10-04T02:54:00.239+0300: 529.394: [DefNew: 1124001K->5573K(1258304K), 0.0035547 secs] 1138812K->20384K(4054528K), 0.0036259 secs] [Times: user=0.00 sys=0.00, real=0.01 secs] 
2024-10-04T02:54:00.249+0300: 529.397: Total time for which application threads were stopped: 0.0039422 seconds, Stopping threads took: 0.0001843 seconds
2024-10-04T02:54:00.579+0300: 529.732: Application time: 0.3340514 seconds
2024-10-04T02:54:00.579+0300: 529.732: [GC (Allocation Failure) 2024-10-04T02:54:00.579+0300: 529.732: [DefNew: 1124101K->6182K(1258304K), 0.0035661 secs] 1138912K->20994K(4054528K), 0.0036395 secs] [Times: user=0.00 sys=0.00, real=0.00 secs] 
2024-10-04T02:54:00.579+0300: 529.735: Total time for which application threads were stopped: 0.0039327 seconds, Stopping threads took: 0.0001693 seconds
2024-10-04T02:54:00.941+0300: 530.090: Application time: 0.3541690 seconds
2024-10-04T02:54:00.941+0300: 530.090: [GC (Allocation Failure) 2024-10-04T02:54:00.941+0300: 530.090: [DefNew: 1124710K->6102K(1258304K), 0.0036893 secs] 1139522K->20914K(4054528K), 0.0037723 secs] [Times: user=0.00 sys=0.00, real=0.00 secs] 
2024-10-04T02:54:00.941+0300: 530.094: Total time for which application threads were stopped: 0.0040500 seconds, Stopping threads took: 0.0001510 seconds
2024-10-04T02:54:01.285+0300: 530.441: Application time: 0.3470241 seconds
2024-10-04T02:54:01.285+0300: 530.441: [GC (Allocation Failure) 2024-10-04T02:54:01.285+0300: 530.441: [DefNew: 1124630K->5516K(1258304K), 0.0032120 secs] 1139442K->20329K(4054528K), 0.0032862 secs] [Times: user=0.00 sys=0.00, real=0.00 secs] 
2024-10-04T02:54:01.285+0300: 530.444: Total time for which application threads were stopped: 0.0035948 seconds, Stopping threads took: 0.0001827 seconds
2024-10-04T02:54:01.630+0300: 530.781: Application time: 0.3371752 seconds
2024-10-04T02:54:01.630+0300: 530.782: [GC (Allocation Failure) 2024-10-04T02:54:01.630+0300: 530.782: [DefNew: 1124044K->5549K(1258304K), 0.0031474 secs] 1138857K->20361K(4054528K), 0.0032111 secs] [Times: user=0.00 sys=0.00, real=0.00 secs] 
2024-10-04T02:54:01.630+0300: 530.785: Total time for which application threads were stopped: 0.0034745 seconds, Stopping threads took: 0.0001481 seconds
2024-10-04T02:54:01.976+0300: 531.131: Application time: 0.3458895 seconds
2024-10-04T02:54:01.976+0300: 531.131: [GC (Allocation Failure) 2024-10-04T02:54:01.976+0300: 531.131: [DefNew: 1124077K->9134K(1258304K), 0.0075684 secs] 1138889K->23947K(4054528K), 0.0076441 secs] [Times: user=0.00 sys=0.00, real=0.02 secs] 
2024-10-04T02:54:01.992+0300: 531.139: Total time for which application threads were stopped: 0.0079351 seconds, Stopping threads took: 0.0001633 seconds
2024-10-04T02:54:02.321+0300: 531.472: Application time: 0.3335356 seconds
2024-10-04T02:54:02.321+0300: 531.473: [GC (Allocation Failure) 2024-10-04T02:54:02.321+0300: 531.473: [DefNew: 1127662K->5528K(1258304K), 0.0029912 secs] 1142475K->20342K(4054528K), 0.0030575 secs] [Times: user=0.00 sys=0.00, real=0.00 secs] 
2024-10-04T02:54:02.321+0300: 531.476: Total time for which application threads were stopped: 0.0033743 seconds, Stopping threads took: 0.0002028 seconds
2024-10-04T02:54:02.667+0300: 531.824: Application time: 0.3478323 seconds
2024-10-04T02:54:02.667+0300: 531.824: [GC (Allocation Failure) 2024-10-04T02:54:02.667+0300: 531.824: [DefNew: 1124056K->5476K(1258304K), 0.0030336 secs] 1138870K->20290K(4054528K), 0.0031003 secs] [Times: user=0.00 sys=0.00, real=0.00 secs] 
2024-10-04T02:54:02.667+0300: 531.827: Total time for which application threads were stopped: 0.0033989 seconds, Stopping threads took: 0.0001904 seconds
2024-10-04T02:54:03.028+0300: 532.183: Application time: 0.3560786 seconds
2024-10-04T02:54:03.028+0300: 532.183: [GC (Allocation Failure) 2024-10-04T02:54:03.028+0300: 532.183: [DefNew: 1124004K->5593K(1258304K), 0.0031932 secs] 1138818K->20406K(4054528K), 0.0032710 secs] [Times: user=0.00 sys=0.00, real=0.00 secs] 
2024-10-04T02:54:03.028+0300: 532.187: Total time for which application threads were stopped: 0.0035757 seconds, Stopping threads took: 0.0001816 seconds
2024-10-04T02:54:03.373+0300: 532.521: Application time: 0.3347624 seconds
2024-10-04T02:54:03.373+0300: 532.522: [GC (Allocation Failure) 2024-10-04T02:54:03.373+0300: 532.522: [DefNew: 1124121K->5558K(1258304K), 0.0032128 secs] 1138934K->20372K(4054528K), 0.0032815 secs] [Times: user=0.00 sys=0.00, real=0.00 secs] 
2024-10-04T02:54:03.373+0300: 532.525: Total time for which application threads were stopped: 0.0035558 seconds, Stopping threads took: 0.0001553 seconds
2024-10-04T02:54:03.703+0300: 532.860: Application time: 0.3345760 seconds
2024-10-04T02:54:03.703+0300: 532.860: [GC (Allocation Failure) 2024-10-04T02:54:03.703+0300: 532.860: [DefNew: 1124086K->5984K(1258304K), 0.0033503 secs] 1138900K->20799K(4054528K), 0.0034211 secs] [Times: user=0.00 sys=0.00, real=0.00 secs] 
2024-10-04T02:54:03.703+0300: 532.863: Total time for which application threads were stopped: 0.0037171 seconds, Stopping threads took: 0.0001807 seconds
2024-10-04T02:54:04.064+0300: 533.215: Application time: 0.3513473 seconds
2024-10-04T02:54:04.064+0300: 533.215: [GC (Allocation Failure) 2024-10-04T02:54:04.064+0300: 533.215: [DefNew: 1124512K->6360K(1258304K), 0.0035580 secs] 1139327K->21175K(4054528K), 0.0036283 secs] [Times: user=0.00 sys=0.00, real=0.00 secs] 
2024-10-04T02:54:04.064+0300: 533.219: Total time for which application threads were stopped: 0.0039850 seconds, Stopping threads took: 0.0002210 seconds
2024-10-04T02:54:04.409+0300: 533.568: Application time: 0.3497263 seconds
2024-10-04T02:54:04.423+0300: 533.569: [GC (Allocation Failure) 2024-10-04T02:54:04.423+0300: 533.569: [DefNew: 1124888K->5604K(1258304K), 0.0033562 secs] 1139703K->20419K(4054528K), 0.0034283 secs] [Times: user=0.00 sys=0.00, real=0.00 secs] 
2024-10-04T02:54:04.426+0300: 533.572: Total time for which application threads were stopped: 0.0037469 seconds, Stopping threads took: 0.0001880 seconds
2024-10-04T02:54:04.755+0300: 533.911: Application time: 0.3391152 seconds
2024-10-04T02:54:04.755+0300: 533.911: [GC (Allocation Failure) 2024-10-04T02:54:04.755+0300: 533.911: [DefNew: 1124132K->5611K(1258304K), 0.0031949 secs] 1138947K->20427K(4054528K), 0.0032651 secs] [Times: user=0.00 sys=0.00, real=0.00 secs] 
2024-10-04T02:54:04.755+0300: 533.915: Total time for which application threads were stopped: 0.0035344 seconds, Stopping threads took: 0.0001462 seconds
2024-10-04T02:54:05.100+0300: 534.260: Application time: 0.3450967 seconds
2024-10-04T02:54:05.100+0300: 534.260: [GC (Allocation Failure) 2024-10-04T02:54:05.100+0300: 534.260: [DefNew: 1124139K->6270K(1258304K), 0.0035730 secs] 1138955K->21086K(4054528K), 0.0036490 secs] [Times: user=0.00 sys=0.00, real=0.02 secs] 
2024-10-04T02:54:05.116+0300: 534.264: Total time for which application threads were stopped: 0.0039752 seconds, Stopping threads took: 0.0002011 seconds
2024-10-04T02:54:05.445+0300: 534.596: Application time: 0.3324378 seconds
2024-10-04T02:54:05.445+0300: 534.597: [GC (Allocation Failure) 2024-10-04T02:54:05.445+0300: 534.597: [DefNew: 1124798K->7947K(1258304K), 0.0054427 secs] 1139614K->22763K(4054528K), 0.0055139 secs] [Times: user=0.00 sys=0.00, real=0.01 secs] 
2024-10-04T02:54:05.452+0300: 534.602: Total time for which application threads were stopped: 0.0058389 seconds, Stopping threads took: 0.0001755 seconds
2024-10-04T02:54:05.791+0300: 534.949: Application time: 0.3470754 seconds
2024-10-04T02:54:05.791+0300: 534.949: [GC (Allocation Failure) 2024-10-04T02:54:05.791+0300: 534.949: [DefNew: 1126475K->5589K(1258304K), 0.0033270 secs] 1141291K->20405K(4054528K), 0.0033943 secs] [Times: user=0.00 sys=0.00, real=0.02 secs] 
2024-10-04T02:54:05.806+0300: 534.953: Total time for which application threads were stopped: 0.0036821 seconds, Stopping threads took: 0.0001696 seconds
2024-10-04T02:54:06.153+0300: 535.310: Application time: 0.3567062 seconds
2024-10-04T02:54:06.153+0300: 535.310: [GC (Allocation Failure) 2024-10-04T02:54:06.153+0300: 535.310: [DefNew: 1124117K->5446K(1258304K), 0.0031620 secs] 1138933K->20263K(4054528K), 0.0032704 secs] [Times: user=0.00 sys=0.00, real=0.01 secs] 
2024-10-04T02:54:06.168+0300: 535.313: Total time for which application threads were stopped: 0.0035521 seconds, Stopping threads took: 0.0001462 seconds
2024-10-04T02:54:06.497+0300: 535.649: Application time: 0.3361376 seconds
2024-10-04T02:54:06.497+0300: 535.650: [GC (Allocation Failure) 2024-10-04T02:54:06.497+0300: 535.650: [DefNew: 1123974K->5666K(1258304K), 0.0036546 secs] 1138791K->20484K(4054528K), 0.0038478 secs] [Times: user=0.00 sys=0.00, real=0.00 secs] 
2024-10-04T02:54:06.497+0300: 535.653: Total time for which application threads were stopped: 0.0042039 seconds, Stopping threads took: 0.0002115 seconds
2024-10-04T02:54:06.827+0300: 535.986: Application time: 0.3322181 seconds
2024-10-04T02:54:06.827+0300: 535.986: [GC (Allocation Failure) 2024-10-04T02:54:06.827+0300: 535.986: [DefNew: 1124194K->5879K(1258304K), 0.0037295 secs] 1139012K->20696K(4054528K), 0.0038157 secs] [Times: user=0.02 sys=0.00, real=0.02 secs] 
2024-10-04T02:54:06.842+0300: 535.990: Total time for which application threads were stopped: 0.0041846 seconds, Stopping threads took: 0.0002286 seconds
2024-10-04T02:54:07.188+0300: 536.342: Application time: 0.3522814 seconds
2024-10-04T02:54:07.188+0300: 536.342: [GC (Allocation Failure) 2024-10-04T02:54:07.188+0300: 536.342: [DefNew: 1124407K->7343K(1258304K), 0.0050276 secs] 1139224K->22160K(4054528K), 0.0050996 secs] [Times: user=0.00 sys=0.00, real=0.00 secs] 
2024-10-04T02:54:07.188+0300: 536.348: Total time for which application threads were stopped: 0.0054190 seconds, Stopping threads took: 0.0001806 seconds
2024-10-04T02:54:07.549+0300: 536.696: Application time: 0.3488388 seconds
2024-10-04T02:54:07.549+0300: 536.697: [GC (Allocation Failure) 2024-10-04T02:54:07.549+0300: 536.697: [DefNew: 1125871K->5621K(1258304K), 0.0032488 secs] 1140688K->20439K(4054528K), 0.0033165 secs] [Times: user=0.00 sys=0.00, real=0.00 secs] 
2024-10-04T02:54:07.549+0300: 536.700: Total time for which application threads were stopped: 0.0036067 seconds, Stopping threads took: 0.0001786 seconds
2024-10-04T02:54:07.894+0300: 537.047: Application time: 0.3473280 seconds
2024-10-04T02:54:07.894+0300: 537.048: [GC (Allocation Failure) 2024-10-04T02:54:07.894+0300: 537.048: [DefNew: 1124149K->5480K(1258304K), 0.0031417 secs] 1138967K->20299K(4054528K), 0.0032119 secs] [Times: user=0.00 sys=0.00, real=0.00 secs] 
2024-10-04T02:54:07.894+0300: 537.051: Total time for which application threads were stopped: 0.0035499 seconds, Stopping threads took: 0.0001827 seconds
2024-10-04T02:54:08.239+0300: 537.385: Application time: 0.3342071 seconds
2024-10-04T02:54:08.239+0300: 537.385: [GC (Allocation Failure) 2024-10-04T02:54:08.239+0300: 537.385: [DefNew: 1124008K->5612K(1258304K), 0.0032711 secs] 1138827K->20430K(4054528K), 0.0033447 secs] [Times: user=0.00 sys=0.00, real=0.00 secs] 
2024-10-04T02:54:08.239+0300: 537.389: Total time for which application threads were stopped: 0.0036038 seconds, Stopping threads took: 0.0001317 seconds
2024-10-04T02:54:08.569+0300: 537.725: Application time: 0.3362599 seconds
2024-10-04T02:54:08.569+0300: 537.725: [GC (Allocation Failure) 2024-10-04T02:54:08.569+0300: 537.725: [DefNew: 1124140K->11374K(1258304K), 0.0104945 secs] 1138958K->26193K(4054528K), 0.0105638 secs] [Times: user=0.00 sys=0.00, real=0.02 secs] 
2024-10-04T02:54:08.585+0300: 537.736: Total time for which application threads were stopped: 0.0108380 seconds, Stopping threads took: 0.0001571 seconds
2024-10-04T02:54:08.930+0300: 538.090: Application time: 0.3544598 seconds
2024-10-04T02:54:08.945+0300: 538.091: [GC (Allocation Failure) 2024-10-04T02:54:08.945+0300: 538.091: [DefNew: 1129902K->5672K(1258304K), 0.0033119 secs] 1144721K->20491K(4054528K), 0.0033882 secs] [Times: user=0.00 sys=0.00, real=0.00 secs] 
2024-10-04T02:54:08.945+0300: 538.094: Total time for which application threads were stopped: 0.0037982 seconds, Stopping threads took: 0.0002668 seconds
2024-10-04T02:54:09.291+0300: 538.443: Application time: 0.3485395 seconds
2024-10-04T02:54:09.291+0300: 538.443: [GC (Allocation Failure) 2024-10-04T02:54:09.291+0300: 538.443: [DefNew: 1124200K->5451K(1258304K), 0.0032014 secs] 1139019K->20271K(4054528K), 0.0032777 secs] [Times: user=0.00 sys=0.00, real=0.00 secs] 
2024-10-04T02:54:09.291+0300: 538.446: Total time for which application threads were stopped: 0.0036113 seconds, Stopping threads took: 0.0002060 seconds
2024-10-04T02:54:09.637+0300: 538.787: Application time: 0.3410959 seconds
2024-10-04T02:54:09.637+0300: 538.788: [GC (Allocation Failure) 2024-10-04T02:54:09.637+0300: 538.788: [DefNew: 1123979K->5514K(1258304K), 0.0030484 secs] 1138799K->20334K(4054528K), 0.0031164 secs] [Times: user=0.00 sys=0.00, real=0.00 secs] 
2024-10-04T02:54:09.637+0300: 538.791: Total time for which application threads were stopped: 0.0033871 seconds, Stopping threads took: 0.0001606 seconds
2024-10-04T02:54:09.982+0300: 539.130: Application time: 0.3392217 seconds
2024-10-04T02:54:09.982+0300: 539.130: [GC (Allocation Failure) 2024-10-04T02:54:09.982+0300: 539.132: [DefNew: 1124042K->7551K(1258304K), 0.0054119 secs] 1138862K->22371K(4054528K), 0.0076118 secs] [Times: user=0.00 sys=0.00, real=0.00 secs] 
2024-10-04T02:54:09.982+0300: 539.138: Total time for which application threads were stopped: 0.0079251 seconds, Stopping threads took: 0.0001933 seconds
2024-10-04T02:54:10.326+0300: 539.481: Application time: 0.3435421 seconds
2024-10-04T02:54:10.326+0300: 539.482: [GC (Allocation Failure) 2024-10-04T02:54:10.326+0300: 539.482: [DefNew: 1126079K->6082K(1258304K), 0.0034850 secs] 1140899K->20903K(4054528K), 0.0035590 secs] [Times: user=0.00 sys=0.00, real=0.00 secs] 
2024-10-04T02:54:10.326+0300: 539.485: Total time for which application threads were stopped: 0.0038604 seconds, Stopping threads took: 0.0001855 seconds
2024-10-04T02:54:10.688+0300: 539.836: Application time: 0.3504032 seconds
2024-10-04T02:54:10.688+0300: 539.836: [GC (Allocation Failure) 2024-10-04T02:54:10.688+0300: 539.836: [DefNew: 1124610K->5557K(1258304K), 0.0031161 secs] 1139431K->20377K(4054528K), 0.0031825 secs] [Times: user=0.00 sys=0.00, real=0.00 secs] 
2024-10-04T02:54:10.688+0300: 539.839: Total time for which application threads were stopped: 0.0034777 seconds, Stopping threads took: 0.0001815 seconds
2024-10-04T02:54:11.033+0300: 540.188: Application time: 0.3485317 seconds
2024-10-04T02:54:11.033+0300: 540.188: [GC (Allocation Failure) 2024-10-04T02:54:11.033+0300: 540.188: [DefNew: 1124085K->5682K(1258304K), 0.0033113 secs] 1138905K->20503K(4054528K), 0.0033795 secs] [Times: user=0.00 sys=0.00, real=0.00 secs] 
2024-10-04T02:54:11.033+0300: 540.191: Total time for which application threads were stopped: 0.0036795 seconds, Stopping threads took: 0.0001807 seconds
2024-10-04T02:54:11.378+0300: 540.527: Application time: 0.3360462 seconds
2024-10-04T02:54:11.378+0300: 540.528: [GC (Allocation Failure) 2024-10-04T02:54:11.378+0300: 540.528: [DefNew: 1124210K->5568K(1258304K), 0.0031641 secs] 1139031K->20389K(4054528K), 0.0032333 secs] [Times: user=0.00 sys=0.00, real=0.00 secs] 
2024-10-04T02:54:11.378+0300: 540.531: Total time for which application threads were stopped: 0.0035279 seconds, Stopping threads took: 0.0001688 seconds
2024-10-04T02:54:11.708+0300: 540.865: Application time: 0.3338932 seconds
2024-10-04T02:54:11.708+0300: 540.865: [GC (Allocation Failure) 2024-10-04T02:54:11.708+0300: 540.865: [DefNew: 1124096K->6430K(1258304K), 0.0036233 secs] 1138917K->21251K(4054528K), 0.0036963 secs] [Times: user=0.00 sys=0.00, real=0.00 secs] 
2024-10-04T02:54:11.708+0300: 540.869: Total time for which application threads were stopped: 0.0040041 seconds, Stopping threads took: 0.0001859 seconds
2024-10-04T02:54:12.070+0300: 541.224: Application time: 0.3548947 seconds
2024-10-04T02:54:12.070+0300: 541.224: [GC (Allocation Failure) 2024-10-04T02:54:12.070+0300: 541.224: [DefNew: 1124958K->5723K(1258304K), 0.0033462 secs] 1139779K->20545K(4054528K), 0.0034196 secs] [Times: user=0.00 sys=0.00, real=0.00 secs] 
2024-10-04T02:54:12.070+0300: 541.228: Total time for which application threads were stopped: 0.0037812 seconds, Stopping threads took: 0.0002305 seconds
2024-10-04T02:54:12.431+0300: 541.577: Application time: 0.3497704 seconds
2024-10-04T02:54:12.431+0300: 541.578: [GC (Allocation Failure) 2024-10-04T02:54:12.431+0300: 541.578: [DefNew: 1124251K->5660K(1258304K), 0.0031811 secs] 1139073K->20482K(4054528K), 0.0032467 secs] [Times: user=0.00 sys=0.00, real=0.00 secs] 
2024-10-04T02:54:12.431+0300: 541.581: Total time for which application threads were stopped: 0.0035106 seconds, Stopping threads took: 0.0001578 seconds
2024-10-04T02:54:12.769+0300: 541.918: Application time: 0.3372770 seconds
2024-10-04T02:54:12.769+0300: 541.918: [GC (Allocation Failure) 2024-10-04T02:54:12.769+0300: 541.918: [DefNew: 1124188K->5562K(1258304K), 0.0032139 secs] 1139010K->20385K(4054528K), 0.0032850 secs] [Times: user=0.00 sys=0.00, real=0.00 secs] 
2024-10-04T02:54:12.769+0300: 541.922: Total time for which application threads were stopped: 0.0035959 seconds, Stopping threads took: 0.0001853 seconds
2024-10-04T02:54:13.106+0300: 542.261: Application time: 0.3391368 seconds
2024-10-04T02:54:13.106+0300: 542.261: [GC (Allocation Failure) 2024-10-04T02:54:13.106+0300: 542.261: [DefNew: 1124090K->7343K(1258304K), 0.0050734 secs] 1138913K->22166K(4054528K), 0.0051463 secs] [Times: user=0.00 sys=0.00, real=0.00 secs] 
2024-10-04T02:54:13.106+0300: 542.266: Total time for which application threads were stopped: 0.0054643 seconds, Stopping threads took: 0.0002004 seconds
2024-10-04T02:54:13.452+0300: 542.608: Application time: 0.3421473 seconds
2024-10-04T02:54:13.452+0300: 542.609: [GC (Allocation Failure) 2024-10-04T02:54:13.452+0300: 542.609: [DefNew: 1125871K->6452K(1258304K), 0.0039665 secs] 1140694K->21276K(4054528K), 0.0040563 secs] [Times: user=0.00 sys=0.00, real=0.02 secs] 
2024-10-04T02:54:13.467+0300: 542.613: Total time for which application threads were stopped: 0.0043698 seconds, Stopping threads took: 0.0001755 seconds
2024-10-04T02:54:13.813+0300: 542.962: Application time: 0.3487441 seconds
2024-10-04T02:54:13.813+0300: 542.962: [GC (Allocation Failure) 2024-10-04T02:54:13.813+0300: 542.962: [DefNew: 1124980K->5523K(1258304K), 0.0031705 secs] 1139804K->20347K(4054528K), 0.0032366 secs] [Times: user=0.00 sys=0.00, real=0.00 secs] 
2024-10-04T02:54:13.813+0300: 542.965: Total time for which application threads were stopped: 0.0035185 seconds, Stopping threads took: 0.0001638 seconds
2024-10-04T02:54:14.172+0300: 543.317: Application time: 0.3524240 seconds
2024-10-04T02:54:14.172+0300: 543.318: [GC (Allocation Failure) 2024-10-04T02:54:14.172+0300: 543.318: [DefNew: 1124051K->5517K(1258304K), 0.0032459 secs] 1138875K->20340K(4054528K), 0.0033197 secs] [Times: user=0.00 sys=0.00, real=0.00 secs] 
2024-10-04T02:54:14.174+0300: 543.321: Total time for which application threads were stopped: 0.0035964 seconds, Stopping threads took: 0.0001488 seconds
2024-10-04T02:54:14.504+0300: 543.656: Application time: 0.3352169 seconds
2024-10-04T02:54:14.504+0300: 543.657: [GC (Allocation Failure) 2024-10-04T02:54:14.504+0300: 543.657: [DefNew: 1124045K->5570K(1258304K), 0.0032370 secs] 1138868K->20395K(4054528K), 0.0033121 secs] [Times: user=0.00 sys=0.00, real=0.00 secs] 
2024-10-04T02:54:14.504+0300: 543.660: Total time for which application threads were stopped: 0.0036442 seconds, Stopping threads took: 0.0001510 seconds
2024-10-04T02:54:14.849+0300: 543.994: Application time: 0.3344430 seconds
2024-10-04T02:54:14.849+0300: 543.995: [GC (Allocation Failure) 2024-10-04T02:54:14.849+0300: 543.995: [DefNew: 1124098K->5884K(1258304K), 0.0036270 secs] 1138923K->20709K(4054528K), 0.0036996 secs] [Times: user=0.00 sys=0.00, real=0.00 secs] 
2024-10-04T02:54:14.849+0300: 543.998: Total time for which application threads were stopped: 0.0040067 seconds, Stopping threads took: 0.0001791 seconds
2024-10-04T02:54:15.194+0300: 544.349: Application time: 0.3502322 seconds
2024-10-04T02:54:15.194+0300: 544.349: [GC (Allocation Failure) 2024-10-04T02:54:15.194+0300: 544.349: [DefNew: 1124412K->5969K(1258304K), 0.0033712 secs] 1139237K->20793K(4054528K), 0.0034423 secs] [Times: user=0.00 sys=0.00, real=0.00 secs] 
2024-10-04T02:54:15.194+0300: 544.352: Total time for which application threads were stopped: 0.0037373 seconds, Stopping threads took: 0.0001812 seconds
2024-10-04T02:54:15.555+0300: 544.700: Application time: 0.3474470 seconds
2024-10-04T02:54:15.555+0300: 544.700: [GC (Allocation Failure) 2024-10-04T02:54:15.555+0300: 544.700: [DefNew: 1124497K->5567K(1258304K), 0.0032554 secs] 1139321K->20392K(4054528K), 0.0033331 secs] [Times: user=0.00 sys=0.00, real=0.00 secs] 
2024-10-04T02:54:15.555+0300: 544.704: Total time for which application threads were stopped: 0.0036787 seconds, Stopping threads took: 0.0002146 seconds
2024-10-04T02:54:15.900+0300: 545.049: Application time: 0.3453325 seconds
2024-10-04T02:54:15.900+0300: 545.049: [GC (Allocation Failure) 2024-10-04T02:54:15.900+0300: 545.049: [DefNew: 1124095K->5512K(1258304K), 0.0031695 secs] 1138920K->20338K(4054528K), 0.0032417 secs] [Times: user=0.00 sys=0.00, real=0.00 secs] 
2024-10-04T02:54:15.900+0300: 545.052: Total time for which application threads were stopped: 0.0035418 seconds, Stopping threads took: 0.0001672 seconds
2024-10-04T02:54:16.230+0300: 545.390: Application time: 0.3375772 seconds
2024-10-04T02:54:16.230+0300: 545.390: [GC (Allocation Failure) 2024-10-04T02:54:16.230+0300: 545.390: [DefNew: 1124040K->7327K(1258304K), 0.0049925 secs] 1138866K->22153K(4054528K), 0.0050739 secs] [Times: user=0.00 sys=0.00, real=0.02 secs] 
2024-10-04T02:54:16.246+0300: 545.395: Total time for which application threads were stopped: 0.0054106 seconds, Stopping threads took: 0.0001958 seconds
2024-10-04T02:54:16.578+0300: 545.732: Application time: 0.3370354 seconds
2024-10-04T02:54:16.578+0300: 545.733: [GC (Allocation Failure) 2024-10-04T02:54:16.578+0300: 545.733: [DefNew: 1125855K->8460K(1258304K), 0.0065812 secs] 1140681K->23286K(4054528K), 0.0066490 secs] [Times: user=0.00 sys=0.00, real=0.01 secs] 
2024-10-04T02:54:16.591+0300: 545.739: Total time for which application threads were stopped: 0.0069401 seconds, Stopping threads took: 0.0001686 seconds
2024-10-04T02:54:16.936+0300: 546.094: Application time: 0.3549111 seconds
2024-10-04T02:54:16.936+0300: 546.095: [GC (Allocation Failure) 2024-10-04T02:54:16.936+0300: 546.095: [DefNew: 1126988K->5675K(1258304K), 0.0035409 secs] 1141814K->20502K(4054528K), 0.0036098 secs] [Times: user=0.00 sys=0.00, real=0.02 secs] 
2024-10-04T02:54:16.952+0300: 546.098: Total time for which application threads were stopped: 0.0039567 seconds, Stopping threads took: 0.0002276 seconds
2024-10-04T02:54:17.297+0300: 546.444: Application time: 0.3457422 seconds
2024-10-04T02:54:17.297+0300: 546.444: [GC (Allocation Failure) 2024-10-04T02:54:17.297+0300: 546.444: [DefNew: 1124203K->5663K(1258304K), 0.0032703 secs] 1139030K->20490K(4054528K), 0.0033393 secs] [Times: user=0.00 sys=0.00, real=0.00 secs] 
2024-10-04T02:54:17.297+0300: 546.448: Total time for which application threads were stopped: 0.0036479 seconds, Stopping threads took: 0.0001832 seconds
2024-10-04T02:54:17.627+0300: 546.786: Application time: 0.3383643 seconds
2024-10-04T02:54:17.627+0300: 546.786: [GC (Allocation Failure) 2024-10-04T02:54:17.627+0300: 546.786: [DefNew: 1124191K->5642K(1258304K), 0.0033751 secs] 1139018K->20469K(4054528K), 0.0034467 secs] [Times: user=0.00 sys=0.00, real=0.02 secs] 
2024-10-04T02:54:17.643+0300: 546.790: Total time for which application threads were stopped: 0.0037838 seconds, Stopping threads took: 0.0002190 seconds
2024-10-04T02:54:17.981+0300: 547.127: Application time: 0.3372804 seconds
2024-10-04T02:54:17.981+0300: 547.127: [GC (Allocation Failure) 2024-10-04T02:54:17.981+0300: 547.127: [DefNew: 1124170K->7615K(1258304K), 0.0051140 secs] 1138997K->22442K(4054528K), 0.0051882 secs] [Times: user=0.00 sys=0.00, real=0.00 secs] 
2024-10-04T02:54:17.981+0300: 547.133: Total time for which application threads were stopped: 0.0055045 seconds, Stopping threads took: 0.0001985 seconds
2024-10-04T02:54:18.335+0300: 547.482: Application time: 0.3495744 seconds
2024-10-04T02:54:18.335+0300: 547.482: [GC (Allocation Failure) 2024-10-04T02:54:18.335+0300: 547.482: [DefNew: 1126143K->5796K(1258304K), 0.0033072 secs] 1140970K->20623K(4054528K), 0.0033741 secs] [Times: user=0.00 sys=0.00, real=0.00 secs] 
2024-10-04T02:54:18.335+0300: 547.486: Total time for which application threads were stopped: 0.0036630 seconds, Stopping threads took: 0.0001670 seconds
2024-10-04T02:54:18.683+0300: 547.837: Application time: 0.3515020 seconds
2024-10-04T02:54:18.683+0300: 547.838: [GC (Allocation Failure) 2024-10-04T02:54:18.683+0300: 547.838: [DefNew: 1124324K->5552K(1258304K), 0.0032222 secs] 1139151K->20380K(4054528K), 0.0032873 secs] [Times: user=0.00 sys=0.00, real=0.01 secs] 
2024-10-04T02:54:18.696+0300: 547.841: Total time for which application threads were stopped: 0.0035801 seconds, Stopping threads took: 0.0001742 seconds
2024-10-04T02:54:19.040+0300: 548.187: Application time: 0.3460475 seconds
2024-10-04T02:54:19.040+0300: 548.187: [GC (Allocation Failure) 2024-10-04T02:54:19.040+0300: 548.187: [DefNew: 1124080K->5553K(1258304K), 0.0031767 secs] 1138908K->20381K(4054528K), 0.0032476 secs] [Times: user=0.00 sys=0.00, real=0.00 secs] 
2024-10-04T02:54:19.040+0300: 548.191: Total time for which application threads were stopped: 0.0035626 seconds, Stopping threads took: 0.0001804 seconds
2024-10-04T02:54:19.385+0300: 548.530: Application time: 0.3397953 seconds
2024-10-04T02:54:19.385+0300: 548.531: [GC (Allocation Failure) 2024-10-04T02:54:19.385+0300: 548.531: [DefNew: 1124081K->5966K(1258304K), 0.0033942 secs] 1138909K->20794K(4054528K), 0.0034726 secs] [Times: user=0.00 sys=0.00, real=0.00 secs] 
2024-10-04T02:54:19.386+0300: 548.534: Total time for which application threads were stopped: 0.0037511 seconds, Stopping threads took: 0.0001561 seconds
2024-10-04T02:54:19.715+0300: 548.870: Application time: 0.3361938 seconds
2024-10-04T02:54:19.715+0300: 548.871: [GC (Allocation Failure) 2024-10-04T02:54:19.715+0300: 548.871: [DefNew: 1124494K->8371K(1258304K), 0.0053693 secs] 1139322K->23200K(4054528K), 0.0054360 secs] [Times: user=0.00 sys=0.00, real=0.00 secs] 
2024-10-04T02:54:19.715+0300: 548.876: Total time for which application threads were stopped: 0.0057223 seconds, Stopping threads took: 0.0001679 seconds
2024-10-04T02:54:20.086+0300: 549.232: Application time: 0.3559013 seconds
2024-10-04T02:54:20.086+0300: 549.232: [GC (Allocation Failure) 2024-10-04T02:54:20.086+0300: 549.232: [DefNew: 1126899K->5541K(1258304K), 0.0032630 secs] 1141728K->20370K(4054528K), 0.0033498 secs] [Times: user=0.00 sys=0.00, real=0.00 secs] 
2024-10-04T02:54:20.086+0300: 549.236: Total time for which application threads were stopped: 0.0036604 seconds, Stopping threads took: 0.0001689 seconds
2024-10-04T02:54:20.437+0300: 549.584: Application time: 0.3488321 seconds
2024-10-04T02:54:20.437+0300: 549.585: [GC (Allocation Failure) 2024-10-04T02:54:20.437+0300: 549.585: [DefNew: 1124069K->5625K(1258304K), 0.0038460 secs] 1138898K->20454K(4054528K), 0.0039233 secs] [Times: user=0.00 sys=0.00, real=0.00 secs] 
2024-10-04T02:54:20.437+0300: 549.589: Total time for which application threads were stopped: 0.0041574 seconds, Stopping threads took: 0.0001215 seconds
2024-10-04T02:54:20.782+0300: 549.930: Application time: 0.3413491 seconds
2024-10-04T02:54:20.782+0300: 549.930: [GC (Allocation Failure) 2024-10-04T02:54:20.782+0300: 549.930: [DefNew: 1124153K->5960K(1258304K), 0.0033649 secs] 1138982K->20790K(4054528K), 0.0034326 secs] [Times: user=0.00 sys=0.00, real=0.01 secs] 
2024-10-04T02:54:20.788+0300: 549.934: Total time for which application threads were stopped: 0.0037381 seconds, Stopping threads took: 0.0001796 seconds
2024-10-04T02:54:21.113+0300: 550.272: Application time: 0.3386801 seconds
2024-10-04T02:54:21.113+0300: 550.273: [GC (Allocation Failure) 2024-10-04T02:54:21.113+0300: 550.273: [DefNew: 1124488K->5509K(1258304K), 0.0034050 secs] 1139318K->20340K(4054528K), 0.0035430 secs] [Times: user=0.00 sys=0.00, real=0.02 secs] 
2024-10-04T02:54:21.129+0300: 550.276: Total time for which application threads were stopped: 0.0038452 seconds, Stopping threads took: 0.0001681 seconds
2024-10-04T02:54:21.474+0300: 550.624: Application time: 0.3475130 seconds
2024-10-04T02:54:21.474+0300: 550.624: [GC (Allocation Failure) 2024-10-04T02:54:21.474+0300: 550.624: [DefNew: 1124037K->5775K(1258304K), 0.0033850 secs] 1138868K->20606K(4054528K), 0.0034545 secs] [Times: user=0.00 sys=0.00, real=0.00 secs] 
2024-10-04T02:54:21.474+0300: 550.627: Total time for which application threads were stopped: 0.0037145 seconds, Stopping threads took: 0.0001524 seconds
2024-10-04T02:54:21.820+0300: 550.972: Application time: 0.3446739 seconds
2024-10-04T02:54:21.820+0300: 550.972: [GC (Allocation Failure) 2024-10-04T02:54:21.820+0300: 550.972: [DefNew: 1124303K->5506K(1258304K), 0.0031604 secs] 1139134K->20336K(4054528K), 0.0032287 secs] [Times: user=0.00 sys=0.00, real=0.00 secs] 
2024-10-04T02:54:21.820+0300: 550.976: Total time for which application threads were stopped: 0.0034957 seconds, Stopping threads took: 0.0001492 seconds
2024-10-04T02:54:22.181+0300: 551.328: Application time: 0.3519461 seconds
2024-10-04T02:54:22.181+0300: 551.328: [GC (Allocation Failure) 2024-10-04T02:54:22.181+0300: 551.328: [DefNew: 1124034K->5705K(1258304K), 0.0031964 secs] 1138864K->20537K(4054528K), 0.0032681 secs] [Times: user=0.00 sys=0.00, real=0.00 secs] 
2024-10-04T02:54:22.181+0300: 551.331: Total time for which application threads were stopped: 0.0035445 seconds, Stopping threads took: 0.0001530 seconds
2024-10-04T02:54:22.526+0300: 551.673: Application time: 0.3415254 seconds
2024-10-04T02:54:22.526+0300: 551.673: [GC (Allocation Failure) 2024-10-04T02:54:22.526+0300: 551.673: [DefNew: 1124233K->7495K(1258304K), 0.0055224 secs] 1139065K->22326K(4054528K), 0.0055930 secs] [Times: user=0.00 sys=0.00, real=0.00 secs] 
2024-10-04T02:54:22.526+0300: 551.679: Total time for which application threads were stopped: 0.0058862 seconds, Stopping threads took: 0.0001665 seconds
2024-10-04T02:54:22.871+0300: 552.017: Application time: 0.3384029 seconds
2024-10-04T02:54:22.871+0300: 552.017: [GC (Allocation Failure) 2024-10-04T02:54:22.871+0300: 552.017: [DefNew: 1126023K->5706K(1258304K), 0.0032035 secs] 1140854K->20538K(4054528K), 0.0032814 secs] [Times: user=0.00 sys=0.00, real=0.00 secs] 
2024-10-04T02:54:22.871+0300: 552.020: Total time for which application threads were stopped: 0.0035558 seconds, Stopping threads took: 0.0001467 seconds
2024-10-04T02:54:23.216+0300: 552.366: Application time: 0.3452791 seconds
2024-10-04T02:54:23.216+0300: 552.366: [GC (Allocation Failure) 2024-10-04T02:54:23.216+0300: 552.366: [DefNew: 1124234K->5952K(1258304K), 0.0033472 secs] 1139066K->20784K(4054528K), 0.0034181 secs] [Times: user=0.00 sys=0.00, real=0.00 secs] 
2024-10-04T02:54:23.216+0300: 552.369: Total time for which application threads were stopped: 0.0036654 seconds, Stopping threads took: 0.0001315 seconds
2024-10-04T02:54:23.562+0300: 552.713: Application time: 0.3434397 seconds
2024-10-04T02:54:23.562+0300: 552.713: [GC (Allocation Failure) 2024-10-04T02:54:23.562+0300: 552.713: [DefNew: 1124480K->5666K(1258304K), 0.0032646 secs] 1139312K->20499K(4054528K), 0.0033310 secs] [Times: user=0.00 sys=0.00, real=0.00 secs] 
2024-10-04T02:54:23.562+0300: 552.716: Total time for which application threads were stopped: 0.0035953 seconds, Stopping threads took: 0.0001569 seconds
2024-10-04T02:54:23.907+0300: 553.067: Application time: 0.3507530 seconds
2024-10-04T02:54:23.907+0300: 553.068: [GC (Allocation Failure) 2024-10-04T02:54:23.907+0300: 553.068: [DefNew: 1124194K->5683K(1258304K), 0.0033893 secs] 1139027K->20515K(4054528K), 0.0034637 secs] [Times: user=0.00 sys=0.00, real=0.02 secs] 
2024-10-04T02:54:23.923+0300: 553.071: Total time for which application threads were stopped: 0.0038319 seconds, Stopping threads took: 0.0002340 seconds
2024-10-04T02:54:24.252+0300: 553.412: Application time: 0.3412221 seconds
2024-10-04T02:54:24.252+0300: 553.413: [GC (Allocation Failure) 2024-10-04T02:54:24.252+0300: 553.413: [DefNew: 1124211K->5987K(1258304K), 0.0035804 secs] 1139043K->20820K(4054528K), 0.0036544 secs] [Times: user=0.00 sys=0.00, real=0.02 secs] 
2024-10-04T02:54:24.268+0300: 553.416: Total time for which application threads were stopped: 0.0039868 seconds, Stopping threads took: 0.0001965 seconds
2024-10-04T02:54:24.599+0300: 553.749: Application time: 0.3327081 seconds
2024-10-04T02:54:24.599+0300: 553.749: [GC (Allocation Failure) 2024-10-04T02:54:24.599+0300: 553.749: [DefNew: 1124515K->6379K(1258304K), 0.0037780 secs] 1139348K->21212K(4054528K), 0.0038512 secs] [Times: user=0.00 sys=0.00, real=0.00 secs] 
2024-10-04T02:54:24.599+0300: 553.753: Total time for which application threads were stopped: 0.0041051 seconds, Stopping threads took: 0.0001434 seconds
2024-10-04T02:54:24.959+0300: 554.106: Application time: 0.3531393 seconds
2024-10-04T02:54:24.959+0300: 554.106: [GC (Allocation Failure) 2024-10-04T02:54:24.959+0300: 554.106: [DefNew: 1124907K->7324K(1258304K), 0.0049485 secs] 1139740K->22157K(4054528K), 0.0050146 secs] [Times: user=0.00 sys=0.00, real=0.00 secs] 
2024-10-04T02:54:24.959+0300: 554.111: Total time for which application threads were stopped: 0.0052536 seconds, Stopping threads took: 0.0001292 seconds
2024-10-04T02:54:25.305+0300: 554.458: Application time: 0.3467710 seconds
2024-10-04T02:54:25.305+0300: 554.459: [GC (Allocation Failure) 2024-10-04T02:54:25.305+0300: 554.459: [DefNew: 1125852K->5504K(1258304K), 0.0035931 secs] 1140685K->20338K(4054528K), 0.0036769 secs] [Times: user=0.00 sys=0.00, real=0.00 secs] 
2024-10-04T02:54:25.305+0300: 554.462: Total time for which application threads were stopped: 0.0040230 seconds, Stopping threads took: 0.0001967 seconds
2024-10-04T02:54:25.650+0300: 554.804: Application time: 0.3413966 seconds
2024-10-04T02:54:25.650+0300: 554.804: [GC (Allocation Failure) 2024-10-04T02:54:25.650+0300: 554.804: [DefNew: 1124032K->5488K(1258304K), 0.0032263 secs] 1138866K->20322K(4054528K), 0.0032933 secs] [Times: user=0.00 sys=0.00, real=0.01 secs] 
2024-10-04T02:54:25.661+0300: 554.807: Total time for which application threads were stopped: 0.0036445 seconds, Stopping threads took: 0.0002271 seconds
2024-10-04T02:54:26.000+0300: 555.155: Application time: 0.3472848 seconds
2024-10-04T02:54:26.000+0300: 555.155: [GC (Allocation Failure) 2024-10-04T02:54:26.000+0300: 555.155: [DefNew: 1124016K->6168K(1258304K), 0.0039303 secs] 1138850K->21003K(4054528K), 0.0040176 secs] [Times: user=0.02 sys=0.00, real=0.01 secs] 
2024-10-04T02:54:26.012+0300: 555.159: Total time for which application threads were stopped: 0.0043081 seconds, Stopping threads took: 0.0001556 seconds
2024-10-04T02:54:26.341+0300: 555.491: Application time: 0.3321087 seconds
2024-10-04T02:54:26.341+0300: 555.491: [GC (Allocation Failure) 2024-10-04T02:54:26.341+0300: 555.491: [DefNew: 1124696K->5566K(1258304K), 0.0032240 secs] 1139531K->20401K(4054528K), 0.0032954 secs] [Times: user=0.00 sys=0.00, real=0.00 secs] 
2024-10-04T02:54:26.341+0300: 555.495: Total time for which application threads were stopped: 0.0035854 seconds, Stopping threads took: 0.0001709 seconds
2024-10-04T02:54:26.686+0300: 555.840: Application time: 0.3456442 seconds
2024-10-04T02:54:26.686+0300: 555.840: [GC (Allocation Failure) 2024-10-04T02:54:26.686+0300: 555.841: [DefNew: 1124094K->5519K(1258304K), 0.0031756 secs] 1138929K->20355K(4054528K), 0.0032468 secs] [Times: user=0.00 sys=0.00, real=0.00 secs] 
2024-10-04T02:54:26.686+0300: 555.844: Total time for which application threads were stopped: 0.0035040 seconds, Stopping threads took: 0.0001392 seconds
2024-10-04T02:54:27.047+0300: 556.192: Application time: 0.3487131 seconds
2024-10-04T02:54:27.047+0300: 556.193: [GC (Allocation Failure) 2024-10-04T02:54:27.047+0300: 556.193: [DefNew: 1124047K->5572K(1258304K), 0.0032537 secs] 1138883K->20408K(4054528K), 0.0033304 secs] [Times: user=0.00 sys=0.00, real=0.00 secs] 
2024-10-04T02:54:27.047+0300: 556.196: Total time for which application threads were stopped: 0.0036003 seconds, Stopping threads took: 0.0001189 seconds
2024-10-04T02:54:27.377+0300: 556.536: Application time: 0.3402044 seconds
2024-10-04T02:54:27.377+0300: 556.537: [GC (Allocation Failure) 2024-10-04T02:54:27.377+0300: 556.537: [DefNew: 1124100K->5590K(1258304K), 0.0033209 secs] 1138936K->20426K(4054528K), 0.0033972 secs] [Times: user=0.00 sys=0.00, real=0.01 secs] 
2024-10-04T02:54:27.392+0300: 556.540: Total time for which application threads were stopped: 0.0036814 seconds, Stopping threads took: 0.0001656 seconds
2024-10-04T02:54:27.723+0300: 556.880: Application time: 0.3401566 seconds
2024-10-04T02:54:27.723+0300: 556.880: [GC (Allocation Failure) 2024-10-04T02:54:27.723+0300: 556.881: [DefNew: 1124118K->5905K(1258304K), 0.0034310 secs] 1138954K->20741K(4054528K), 0.0055648 secs] [Times: user=0.00 sys=0.00, real=0.01 secs] 
2024-10-04T02:54:27.738+0300: 556.886: Total time for which application threads were stopped: 0.0059721 seconds, Stopping threads took: 0.0002061 seconds
2024-10-04T02:54:28.083+0300: 557.230: Application time: 0.3443146 seconds
2024-10-04T02:54:28.083+0300: 557.231: [GC (Allocation Failure) 2024-10-04T02:54:28.083+0300: 557.231: [DefNew: 1124433K->6472K(1258304K), 0.0043866 secs] 1139269K->21308K(4054528K), 0.0044617 secs] [Times: user=0.02 sys=0.00, real=0.00 secs] 
2024-10-04T02:54:28.083+0300: 557.235: Total time for which application threads were stopped: 0.0047943 seconds, Stopping threads took: 0.0001594 seconds
2024-10-04T02:54:28.429+0300: 557.580: Application time: 0.3451256 seconds
2024-10-04T02:54:28.429+0300: 557.581: [GC (Allocation Failure) 2024-10-04T02:54:28.429+0300: 557.581: [DefNew: 1125000K->5659K(1258304K), 0.0032693 secs] 1139836K->20496K(4054528K), 0.0033431 secs] [Times: user=0.00 sys=0.00, real=0.00 secs] 
2024-10-04T02:54:28.429+0300: 557.584: Total time for which application threads were stopped: 0.0036289 seconds, Stopping threads took: 0.0001686 seconds
2024-10-04T02:54:28.774+0300: 557.928: Application time: 0.3441779 seconds
2024-10-04T02:54:28.774+0300: 557.928: [GC (Allocation Failure) 2024-10-04T02:54:28.774+0300: 557.929: [DefNew: 1124187K->5562K(1258304K), 0.0032893 secs] 1139024K->20399K(4054528K), 0.0033727 secs] [Times: user=0.00 sys=0.00, real=0.00 secs] 
2024-10-04T02:54:28.774+0300: 557.932: Total time for which application threads were stopped: 0.0037075 seconds, Stopping threads took: 0.0001801 seconds
2024-10-04T02:54:29.119+0300: 558.277: Application time: 0.3452985 seconds
2024-10-04T02:54:29.119+0300: 558.277: [GC (Allocation Failure) 2024-10-04T02:54:29.119+0300: 558.278: [DefNew: 1124090K->7507K(1258304K), 0.0052914 secs] 1138927K->22345K(4054528K), 0.0053675 secs] [Times: user=0.00 sys=0.00, real=0.02 secs] 
2024-10-04T02:54:29.135+0300: 558.283: Total time for which application threads were stopped: 0.0057277 seconds, Stopping threads took: 0.0002213 seconds
2024-10-04T02:54:29.465+0300: 558.621: Application time: 0.3385253 seconds
2024-10-04T02:54:29.465+0300: 558.622: [GC (Allocation Failure) 2024-10-04T02:54:29.465+0300: 558.622: [DefNew: 1126035K->5584K(1258304K), 0.0032264 secs] 1140873K->20422K(4054528K), 0.0032952 secs] [Times: user=0.00 sys=0.00, real=0.00 secs] 
2024-10-04T02:54:29.465+0300: 558.625: Total time for which application threads were stopped: 0.0035851 seconds, Stopping threads took: 0.0001722 seconds
2024-10-04T02:54:29.810+0300: 558.964: Application time: 0.3384827 seconds
2024-10-04T02:54:29.810+0300: 558.964: [GC (Allocation Failure) 2024-10-04T02:54:29.810+0300: 558.964: [DefNew: 1124112K->5914K(1258304K), 0.0035206 secs] 1138950K->20752K(4054528K), 0.0035891 secs] [Times: user=0.00 sys=0.00, real=0.00 secs] 
2024-10-04T02:54:29.810+0300: 558.967: Total time for which application threads were stopped: 0.0038858 seconds, Stopping threads took: 0.0001745 seconds
2024-10-04T02:54:30.170+0300: 559.319: Application time: 0.3520164 seconds
2024-10-04T02:54:30.170+0300: 559.320: [GC (Allocation Failure) 2024-10-04T02:54:30.170+0300: 559.320: [DefNew: 1124442K->6059K(1258304K), 0.0034672 secs] 1139280K->20897K(4054528K), 0.0035370 secs] [Times: user=0.00 sys=0.00, real=0.00 secs] 
2024-10-04T02:54:30.170+0300: 559.323: Total time for which application threads were stopped: 0.0038508 seconds, Stopping threads took: 0.0001849 seconds
2024-10-04T02:54:30.515+0300: 559.665: Application time: 0.3416741 seconds
2024-10-04T02:54:30.515+0300: 559.665: [GC (Allocation Failure) 2024-10-04T02:54:30.515+0300: 559.665: [DefNew: 1124587K->5670K(1258304K), 0.0034364 secs] 1139425K->20509K(4054528K), 0.0035076 secs] [Times: user=0.00 sys=0.00, real=0.00 secs] 
2024-10-04T02:54:30.515+0300: 559.669: Total time for which application threads were stopped: 0.0038295 seconds, Stopping threads took: 0.0001927 seconds
2024-10-04T02:54:30.861+0300: 560.009: Application time: 0.3403637 seconds
2024-10-04T02:54:30.861+0300: 560.010: [GC (Allocation Failure) 2024-10-04T02:54:30.861+0300: 560.010: [DefNew: 1124198K->6036K(1258304K), 0.0036035 secs] 1139037K->20875K(4054528K), 0.0036777 secs] [Times: user=0.00 sys=0.00, real=0.00 secs] 
2024-10-04T02:54:30.861+0300: 560.013: Total time for which application threads were stopped: 0.0040966 seconds, Stopping threads took: 0.0002686 seconds
2024-10-04T02:54:31.206+0300: 560.356: Application time: 0.3431865 seconds
2024-10-04T02:54:31.206+0300: 560.357: [GC (Allocation Failure) 2024-10-04T02:54:31.206+0300: 560.357: [DefNew: 1124564K->5634K(1258304K), 0.0032342 secs] 1139403K->20474K(4054528K), 0.0033110 secs] [Times: user=0.00 sys=0.00, real=0.01 secs] 
2024-10-04T02:54:31.213+0300: 560.360: Total time for which application threads were stopped: 0.0036017 seconds, Stopping threads took: 0.0001755 seconds
2024-10-04T02:54:31.551+0300: 560.702: Application time: 0.3414813 seconds
2024-10-04T02:54:31.551+0300: 560.702: [GC (Allocation Failure) 2024-10-04T02:54:31.551+0300: 560.702: [DefNew: 1124162K->9620K(1258304K), 0.0075661 secs] 1139002K->24459K(4054528K), 0.0076374 secs] [Times: user=0.00 sys=0.00, real=0.00 secs] 
2024-10-04T02:54:31.551+0300: 560.709: Total time for which application threads were stopped: 0.0079452 seconds, Stopping threads took: 0.0001835 seconds
2024-10-04T02:54:31.896+0300: 561.054: Application time: 0.3448400 seconds
2024-10-04T02:54:31.896+0300: 561.055: [GC (Allocation Failure) 2024-10-04T02:54:31.896+0300: 561.055: [DefNew: 1128148K->5612K(1258304K), 0.0033553 secs] 1142987K->20452K(4054528K), 0.0034208 secs] [Times: user=0.00 sys=0.00, real=0.02 secs] 
2024-10-04T02:54:31.912+0300: 561.058: Total time for which application threads were stopped: 0.0037881 seconds, Stopping threads took: 0.0002377 seconds
2024-10-04T02:54:32.242+0300: 561.402: Application time: 0.3439065 seconds
2024-10-04T02:54:32.242+0300: 561.402: [GC (Allocation Failure) 2024-10-04T02:54:32.242+0300: 561.402: [DefNew: 1124140K->6017K(1258304K), 0.0035060 secs] 1138980K->20857K(4054528K), 0.0035838 secs] [Times: user=0.02 sys=0.00, real=0.02 secs] 
2024-10-04T02:54:32.258+0300: 561.406: Total time for which application threads were stopped: 0.0039211 seconds, Stopping threads took: 0.0001948 seconds
2024-10-04T02:54:32.587+0300: 561.741: Application time: 0.3347820 seconds
2024-10-04T02:54:32.587+0300: 561.741: [GC (Allocation Failure) 2024-10-04T02:54:32.587+0300: 561.741: [DefNew: 1124545K->6584K(1258304K), 0.0043083 secs] 1139385K->21424K(4054528K), 0.0043780 secs] [Times: user=0.00 sys=0.00, real=0.00 secs] 
2024-10-04T02:54:32.587+0300: 561.745: Total time for which application threads were stopped: 0.0046583 seconds, Stopping threads took: 0.0001549 seconds
2024-10-04T02:54:32.933+0300: 562.084: Application time: 0.3382453 seconds
2024-10-04T02:54:32.933+0300: 562.084: [GC (Allocation Failure) 2024-10-04T02:54:32.933+0300: 562.084: [DefNew: 1125112K->7517K(1258304K), 0.0052789 secs] 1139952K->22357K(4054528K), 0.0053446 secs] [Times: user=0.00 sys=0.00, real=0.00 secs] 
2024-10-04T02:54:32.933+0300: 562.089: Total time for which application threads were stopped: 0.0056000 seconds, Stopping threads took: 0.0001569 seconds
2024-10-04T02:54:33.278+0300: 562.434: Application time: 0.3443590 seconds
2024-10-04T02:54:33.278+0300: 562.434: [GC (Allocation Failure) 2024-10-04T02:54:33.278+0300: 562.434: [DefNew: 1126045K->6067K(1258304K), 0.0035341 secs] 1140885K->20909K(4054528K), 0.0036101 secs] [Times: user=0.00 sys=0.00, real=0.00 secs] 
2024-10-04T02:54:33.278+0300: 562.438: Total time for which application threads were stopped: 0.0039282 seconds, Stopping threads took: 0.0001737 seconds
2024-10-04T02:54:33.624+0300: 562.780: Application time: 0.3425640 seconds
2024-10-04T02:54:33.624+0300: 562.780: [GC (Allocation Failure) 2024-10-04T02:54:33.624+0300: 562.780: [DefNew: 1124595K->6049K(1258304K), 0.0035584 secs] 1139437K->20891K(4054528K), 0.0036239 secs] [Times: user=0.00 sys=0.00, real=0.00 secs] 
2024-10-04T02:54:33.624+0300: 562.784: Total time for which application threads were stopped: 0.0039517 seconds, Stopping threads took: 0.0001926 seconds
2024-10-04T02:54:33.985+0300: 563.130: Application time: 0.3463739 seconds
2024-10-04T02:54:33.985+0300: 563.131: [GC (Allocation Failure) 2024-10-04T02:54:33.985+0300: 563.131: [DefNew: 1124577K->5616K(1258304K), 0.0032277 secs] 1139419K->20458K(4054528K), 0.0032989 secs] [Times: user=0.00 sys=0.00, real=0.00 secs] 
2024-10-04T02:54:33.985+0300: 563.134: Total time for which application threads were stopped: 0.0035698 seconds, Stopping threads took: 0.0001461 seconds
2024-10-04T02:54:34.320+0300: 563.473: Application time: 0.3388583 seconds
2024-10-04T02:54:34.320+0300: 563.473: [GC (Allocation Failure) 2024-10-04T02:54:34.320+0300: 563.473: [DefNew: 1124144K->7360K(1258304K), 0.0052897 secs] 1138986K->22202K(4054528K), 0.0053791 secs] [Times: user=0.00 sys=0.00, real=0.01 secs] 
2024-10-04T02:54:34.330+0300: 563.479: Total time for which application threads were stopped: 0.0056678 seconds, Stopping threads took: 0.0001554 seconds
2024-10-04T02:54:34.660+0300: 563.814: Application time: 0.3354595 seconds
2024-10-04T02:54:34.660+0300: 563.814: [GC (Allocation Failure) 2024-10-04T02:54:34.660+0300: 563.814: [DefNew: 1125888K->5905K(1258304K), 0.0033602 secs] 1140730K->20747K(4054528K), 0.0034297 secs] [Times: user=0.00 sys=0.00, real=0.00 secs] 
2024-10-04T02:54:34.660+0300: 563.818: Total time for which application threads were stopped: 0.0037799 seconds, Stopping threads took: 0.0002264 seconds
2024-10-04T02:54:35.022+0300: 564.169: Application time: 0.3511777 seconds
2024-10-04T02:54:35.022+0300: 564.169: [GC (Allocation Failure) 2024-10-04T02:54:35.022+0300: 564.169: [DefNew: 1124433K->7486K(1258304K), 0.0051345 secs] 1139275K->22328K(4054528K), 0.0052084 secs] [Times: user=0.00 sys=0.00, real=0.00 secs] 
2024-10-04T02:54:35.022+0300: 564.174: Total time for which application threads were stopped: 0.0054917 seconds, Stopping threads took: 0.0001631 seconds
2024-10-04T02:54:35.366+0300: 564.520: Application time: 0.3458680 seconds
2024-10-04T02:54:35.366+0300: 564.521: [GC (Allocation Failure) 2024-10-04T02:54:35.366+0300: 564.521: [DefNew: 1126014K->5582K(1258304K), 0.0033233 secs] 1140856K->20425K(4054528K), 0.0033942 secs] [Times: user=0.00 sys=0.00, real=0.00 secs] 
2024-10-04T02:54:35.366+0300: 564.524: Total time for which application threads were stopped: 0.0036804 seconds, Stopping threads took: 0.0001466 seconds
2024-10-04T02:54:35.711+0300: 564.861: Application time: 0.3371688 seconds
2024-10-04T02:54:35.711+0300: 564.861: [GC (Allocation Failure) 2024-10-04T02:54:35.711+0300: 564.861: [DefNew: 1124110K->5775K(1258304K), 0.0034027 secs] 1138953K->20618K(4054528K), 0.0034696 secs] [Times: user=0.00 sys=0.00, real=0.00 secs] 
2024-10-04T02:54:35.711+0300: 564.865: Total time for which application threads were stopped: 0.0037857 seconds, Stopping threads took: 0.0001893 seconds
2024-10-04T02:54:36.057+0300: 565.206: Application time: 0.3415581 seconds
2024-10-04T02:54:36.057+0300: 565.207: [GC (Allocation Failure) 2024-10-04T02:54:36.057+0300: 565.207: [DefNew: 1124303K->7330K(1258304K), 0.0051718 secs] 1139146K->22174K(4054528K), 0.0052489 secs] [Times: user=0.00 sys=0.00, real=0.00 secs] 
2024-10-04T02:54:36.057+0300: 565.212: Total time for which application threads were stopped: 0.0055752 seconds, Stopping threads took: 0.0001972 seconds
2024-10-04T02:54:36.387+0300: 565.547: Application time: 0.3344784 seconds
2024-10-04T02:54:36.387+0300: 565.547: [GC (Allocation Failure) 2024-10-04T02:54:36.387+0300: 565.547: [DefNew: 1125858K->8467K(1258304K), 0.0062662 secs] 1140702K->23311K(4054528K), 0.0063380 secs] [Times: user=0.00 sys=0.00, real=0.01 secs] 
2024-10-04T02:54:36.402+0300: 565.553: Total time for which application threads were stopped: 0.0066598 seconds, Stopping threads took: 0.0001859 seconds
2024-10-04T02:54:36.748+0300: 565.897: Application time: 0.3440920 seconds
2024-10-04T02:54:36.748+0300: 565.898: [GC (Allocation Failure) 2024-10-04T02:54:36.748+0300: 565.898: [DefNew: 1126995K->5995K(1258304K), 0.0034295 secs] 1141839K->20839K(4054528K), 0.0034952 secs] [Times: user=0.00 sys=0.00, real=0.00 secs] 
2024-10-04T02:54:36.748+0300: 565.901: Total time for which application threads were stopped: 0.0037700 seconds, Stopping threads took: 0.0001575 seconds
2024-10-04T02:54:37.093+0300: 566.252: Application time: 0.3509409 seconds
2024-10-04T02:54:37.093+0300: 566.252: [GC (Allocation Failure) 2024-10-04T02:54:37.093+0300: 566.252: [DefNew: 1124523K->5782K(1258304K), 0.0036105 secs] 1139367K->20627K(4054528K), 0.0036884 secs] [Times: user=0.00 sys=0.00, real=0.02 secs] 
2024-10-04T02:54:37.109+0300: 566.256: Total time for which application threads were stopped: 0.0040150 seconds, Stopping threads took: 0.0001908 seconds
2024-10-04T02:54:37.439+0300: 566.590: Application time: 0.3337668 seconds
2024-10-04T02:54:37.439+0300: 566.590: [GC (Allocation Failure) 2024-10-04T02:54:37.439+0300: 566.590: [DefNew: 1124310K->7580K(1258304K), 0.0052620 secs] 1139155K->22425K(4054528K), 0.0053294 secs] [Times: user=0.00 sys=0.00, real=0.00 secs] 
2024-10-04T02:54:37.439+0300: 566.595: Total time for which application threads were stopped: 0.0055894 seconds, Stopping threads took: 0.0001434 seconds
2024-10-04T02:54:37.785+0300: 566.931: Application time: 0.3359590 seconds
2024-10-04T02:54:37.785+0300: 566.932: [GC (Allocation Failure) 2024-10-04T02:54:37.785+0300: 566.932: [DefNew: 1126108K->5719K(1258304K), 0.0031995 secs] 1140953K->20564K(4054528K), 0.0032657 secs] [Times: user=0.00 sys=0.00, real=0.00 secs] 
2024-10-04T02:54:37.785+0300: 566.935: Total time for which application threads were stopped: 0.0034958 seconds, Stopping threads took: 0.0001294 seconds
2024-10-04T02:54:38.130+0300: 567.284: Application time: 0.3489587 seconds
2024-10-04T02:54:38.130+0300: 567.284: [GC (Allocation Failure) 2024-10-04T02:54:38.130+0300: 567.284: [DefNew: 1124247K->7244K(1258304K), 0.0051844 secs] 1139092K->22089K(4054528K), 0.0052589 secs] [Times: user=0.00 sys=0.00, real=0.00 secs] 
2024-10-04T02:54:38.130+0300: 567.289: Total time for which application threads were stopped: 0.0055381 seconds, Stopping threads took: 0.0001534 seconds
2024-10-04T02:54:38.491+0300: 567.640: Application time: 0.3509643 seconds
2024-10-04T02:54:38.491+0300: 567.641: [GC (Allocation Failure) 2024-10-04T02:54:38.491+0300: 567.641: [DefNew: 1125772K->5644K(1258304K), 0.0035930 secs] 1140617K->20490K(4054528K), 0.0036562 secs] [Times: user=0.00 sys=0.00, real=0.00 secs] 
2024-10-04T02:54:38.491+0300: 567.644: Total time for which application threads were stopped: 0.0039412 seconds, Stopping threads took: 0.0001445 seconds
2024-10-04T02:54:38.837+0300: 567.989: Application time: 0.3450643 seconds
2024-10-04T02:54:38.837+0300: 567.990: [GC (Allocation Failure) 2024-10-04T02:54:38.837+0300: 567.990: [DefNew: 1124172K->5601K(1258304K), 0.0038269 secs] 1139018K->20447K(4054528K), 0.0039250 secs] [Times: user=0.01 sys=0.00, real=0.00 secs] 
2024-10-04T02:54:38.837+0300: 567.994: Total time for which application threads were stopped: 0.0042401 seconds, Stopping threads took: 0.0001655 seconds
2024-10-04T02:54:39.182+0300: 568.339: Application time: 0.3449220 seconds
2024-10-04T02:54:39.182+0300: 568.339: [GC (Allocation Failure) 2024-10-04T02:54:39.182+0300: 568.339: [DefNew: 1124129K->6054K(1258304K), 0.0038821 secs] 1138975K->20901K(4054528K), 0.0039604 secs] [Times: user=0.00 sys=0.00, real=0.02 secs] 
2024-10-04T02:54:39.197+0300: 568.343: Total time for which application threads were stopped: 0.0042310 seconds, Stopping threads took: 0.0001401 seconds
2024-10-04T02:54:39.533+0300: 568.685: Application time: 0.3426964 seconds
2024-10-04T02:54:39.533+0300: 568.686: [GC (Allocation Failure) 2024-10-04T02:54:39.533+0300: 568.686: [DefNew: 1124582K->8055K(1258304K), 0.0057748 secs] 1139429K->22902K(4054528K), 0.0058432 secs] [Times: user=0.01 sys=0.00, real=0.01 secs] 
2024-10-04T02:54:39.543+0300: 568.692: Total time for which application threads were stopped: 0.0061399 seconds, Stopping threads took: 0.0001803 seconds
2024-10-04T02:54:39.903+0300: 569.050: Application time: 0.3583718 seconds
2024-10-04T02:54:39.903+0300: 569.050: [GC (Allocation Failure) 2024-10-04T02:54:39.903+0300: 569.050: [DefNew: 1126583K->5675K(1258304K), 0.0035260 secs] 1141430K->20523K(4054528K), 0.0035824 secs] [Times: user=0.00 sys=0.00, real=0.00 secs] 
2024-10-04T02:54:39.903+0300: 569.054: Total time for which application threads were stopped: 0.0038970 seconds, Stopping threads took: 0.0001836 seconds
2024-10-04T02:54:40.248+0300: 569.402: Application time: 0.3483911 seconds
2024-10-04T02:54:40.248+0300: 569.403: [GC (Allocation Failure) 2024-10-04T02:54:40.248+0300: 569.403: [DefNew: 1124203K->5425K(1258304K), 0.0035114 secs] 1139051K->20272K(4054528K), 0.0036030 secs] [Times: user=0.00 sys=0.00, real=0.00 secs] 
2024-10-04T02:54:40.248+0300: 569.406: Total time for which application threads were stopped: 0.0039055 seconds, Stopping threads took: 0.0001741 seconds
2024-10-04T02:54:40.594+0300: 569.744: Application time: 0.3375298 seconds
2024-10-04T02:54:40.594+0300: 569.744: [GC (Allocation Failure) 2024-10-04T02:54:40.594+0300: 569.744: [DefNew: 1123953K->5787K(1258304K), 0.0035083 secs] 1138800K->20635K(4054528K), 0.0035899 secs] [Times: user=0.00 sys=0.00, real=0.00 secs] 
2024-10-04T02:54:40.594+0300: 569.748: Total time for which application threads were stopped: 0.0039140 seconds, Stopping threads took: 0.0001844 seconds
2024-10-04T02:54:40.940+0300: 570.089: Application time: 0.3411108 seconds
2024-10-04T02:54:40.940+0300: 570.089: [GC (Allocation Failure) 2024-10-04T02:54:40.940+0300: 570.089: [DefNew: 1124315K->7594K(1258304K), 0.0052713 secs] 1139163K->22442K(4054528K), 0.0053432 secs] [Times: user=0.00 sys=0.00, real=0.00 secs] 
2024-10-04T02:54:40.940+0300: 570.094: Total time for which application threads were stopped: 0.0056599 seconds, Stopping threads took: 0.0001651 seconds
2024-10-04T02:54:41.285+0300: 570.442: Application time: 0.3472947 seconds
2024-10-04T02:54:41.285+0300: 570.442: [GC (Allocation Failure) 2024-10-04T02:54:41.285+0300: 570.442: [DefNew: 1126122K->7845K(1258304K), 0.0053959 secs] 1140970K->22693K(4054528K), 0.0054693 secs] [Times: user=0.02 sys=0.00, real=0.01 secs] 
2024-10-04T02:54:41.300+0300: 570.447: Total time for which application threads were stopped: 0.0057514 seconds, Stopping threads took: 0.0001451 seconds
2024-10-04T02:54:41.646+0300: 570.798: Application time: 0.3506420 seconds
2024-10-04T02:54:41.646+0300: 570.798: [GC (Allocation Failure) 2024-10-04T02:54:41.646+0300: 570.798: [DefNew: 1126373K->5605K(1258304K), 0.0033171 secs] 1141221K->20453K(4054528K), 0.0033790 secs] [Times: user=0.00 sys=0.00, real=0.00 secs] 
2024-10-04T02:54:41.646+0300: 570.802: Total time for which application threads were stopped: 0.0036219 seconds, Stopping threads took: 0.0001225 seconds
2024-10-04T02:54:41.992+0300: 571.151: Application time: 0.3496816 seconds
2024-10-04T02:54:41.992+0300: 571.152: [GC (Allocation Failure) 2024-10-04T02:54:41.992+0300: 571.152: [DefNew: 1124133K->5513K(1258304K), 0.0038697 secs] 1138981K->20361K(4054528K), 0.0039288 secs] [Times: user=0.00 sys=0.00, real=0.01 secs] 
2024-10-04T02:54:42.007+0300: 571.156: Total time for which application threads were stopped: 0.0042190 seconds, Stopping threads took: 0.0001633 seconds
2024-10-04T02:54:42.340+0300: 571.493: Application time: 0.3378347 seconds
2024-10-04T02:54:42.340+0300: 571.494: [GC (Allocation Failure) 2024-10-04T02:54:42.340+0300: 571.494: [DefNew: 1124041K->5578K(1258304K), 0.0038011 secs] 1138889K->20427K(4054528K), 0.0038739 secs] [Times: user=0.00 sys=0.00, real=0.00 secs] 
2024-10-04T02:54:42.340+0300: 571.498: Total time for which application threads were stopped: 0.0041923 seconds, Stopping threads took: 0.0001829 seconds
2024-10-04T02:54:42.682+0300: 571.832: Application time: 0.3340952 seconds
2024-10-04T02:54:42.682+0300: 571.832: [GC (Allocation Failure) 2024-10-04T02:54:42.682+0300: 571.832: [DefNew: 1124106K->8842K(1258304K), 0.0072011 secs] 1138955K->23692K(4054528K), 0.0072662 secs] [Times: user=0.00 sys=0.00, real=0.00 secs] 
2024-10-04T02:54:42.682+0300: 571.839: Total time for which application threads were stopped: 0.0075414 seconds, Stopping threads took: 0.0001477 seconds
2024-10-04T02:54:43.043+0300: 572.199: Application time: 0.3597753 seconds
2024-10-04T02:54:43.043+0300: 572.199: [GC (Allocation Failure) 2024-10-04T02:54:43.043+0300: 572.199: [DefNew: 1127370K->5580K(1258304K), 0.0036702 secs] 1142220K->20430K(4054528K), 0.0037451 secs] [Times: user=0.00 sys=0.00, real=0.00 secs] 
2024-10-04T02:54:43.043+0300: 572.203: Total time for which application threads were stopped: 0.0040445 seconds, Stopping threads took: 0.0001636 seconds
2024-10-04T02:54:43.404+0300: 572.557: Application time: 0.3542687 seconds
2024-10-04T02:54:43.404+0300: 572.558: [GC (Allocation Failure) 2024-10-04T02:54:43.404+0300: 572.558: [DefNew: 1124108K->5593K(1258304K), 0.0035325 secs] 1138958K->20443K(4054528K), 0.0036096 secs] [Times: user=0.00 sys=0.00, real=0.00 secs] 
2024-10-04T02:54:43.404+0300: 572.561: Total time for which application threads were stopped: 0.0038679 seconds, Stopping threads took: 0.0001254 seconds
2024-10-04T02:54:43.749+0300: 572.904: Application time: 0.3429656 seconds
2024-10-04T02:54:43.749+0300: 572.905: [GC (Allocation Failure) 2024-10-04T02:54:43.749+0300: 572.905: [DefNew: 1124121K->5620K(1258304K), 0.0037044 secs] 1138971K->20470K(4054528K), 0.0038140 secs] [Times: user=0.00 sys=0.00, real=0.00 secs] 
2024-10-04T02:54:43.749+0300: 572.908: Total time for which application threads were stopped: 0.0042229 seconds, Stopping threads took: 0.0002355 seconds
2024-10-04T02:54:44.094+0300: 573.247: Application time: 0.3385879 seconds
2024-10-04T02:54:44.094+0300: 573.247: [GC (Allocation Failure) 2024-10-04T02:54:44.094+0300: 573.247: [DefNew: 1124148K->5566K(1258304K), 0.0031312 secs] 1138998K->20417K(4054528K), 0.0032096 secs] [Times: user=0.00 sys=0.00, real=0.00 secs] 
2024-10-04T02:54:44.094+0300: 573.251: Total time for which application threads were stopped: 0.0035303 seconds, Stopping threads took: 0.0001477 seconds
2024-10-04T02:54:44.446+0300: 573.593: Application time: 0.3427097 seconds
2024-10-04T02:54:44.446+0300: 573.594: [GC (Allocation Failure) 2024-10-04T02:54:44.446+0300: 573.594: [DefNew: 1124094K->11164K(1258304K), 0.0105414 secs] 1138945K->26016K(4054528K), 0.0106095 secs] [Times: user=0.00 sys=0.00, real=0.01 secs] 
2024-10-04T02:54:44.455+0300: 573.604: Total time for which application threads were stopped: 0.0108836 seconds, Stopping threads took: 0.0001647 seconds
2024-10-04T02:54:44.801+0300: 573.954: Application time: 0.3499361 seconds
2024-10-04T02:54:44.801+0300: 573.954: [GC (Allocation Failure) 2024-10-04T02:54:44.801+0300: 573.954: [DefNew: 1129692K->5687K(1258304K), 0.0032956 secs] 1144544K->20539K(4054528K), 0.0033608 secs] [Times: user=0.00 sys=0.00, real=0.00 secs] 
2024-10-04T02:54:44.801+0300: 573.958: Total time for which application threads were stopped: 0.0036576 seconds, Stopping threads took: 0.0001783 seconds
2024-10-04T02:54:45.162+0300: 574.310: Application time: 0.3525361 seconds
2024-10-04T02:54:45.162+0300: 574.311: [GC (Allocation Failure) 2024-10-04T02:54:45.162+0300: 574.311: [DefNew: 1124215K->5577K(1258304K), 0.0032793 secs] 1139067K->20429K(4054528K), 0.0033521 secs] [Times: user=0.00 sys=0.00, real=0.00 secs] 
2024-10-04T02:54:45.162+0300: 574.314: Total time for which application threads were stopped: 0.0036757 seconds, Stopping threads took: 0.0001900 seconds
2024-10-04T02:54:45.508+0300: 574.655: Application time: 0.3409161 seconds
2024-10-04T02:54:45.508+0300: 574.655: [GC (Allocation Failure) 2024-10-04T02:54:45.508+0300: 574.657: [DefNew: 1124105K->5610K(1258304K), 0.0042770 secs] 1138957K->20462K(4054528K), 0.0064914 secs] [Times: user=0.00 sys=0.00, real=0.00 secs] 
2024-10-04T02:54:45.508+0300: 574.662: Total time for which application threads were stopped: 0.0067826 seconds, Stopping threads took: 0.0001726 seconds
2024-10-04T02:54:45.848+0300: 574.994: Application time: 0.3326522 seconds
2024-10-04T02:54:45.848+0300: 574.995: [GC (Allocation Failure) 2024-10-04T02:54:45.848+0300: 574.995: [DefNew: 1124138K->6116K(1258304K), 0.0039900 secs] 1138990K->20968K(4054528K), 0.0040791 secs] [Times: user=0.00 sys=0.00, real=0.00 secs] 
2024-10-04T02:54:45.853+0300: 574.999: Total time for which application threads were stopped: 0.0044227 seconds, Stopping threads took: 0.0001668 seconds
2024-10-04T02:54:46.199+0300: 575.353: Application time: 0.3544710 seconds
2024-10-04T02:54:46.199+0300: 575.354: [GC (Allocation Failure) 2024-10-04T02:54:46.199+0300: 575.354: [DefNew: 1124644K->5633K(1258304K), 0.0032716 secs] 1139496K->20486K(4054528K), 0.0033491 secs] [Times: user=0.00 sys=0.00, real=0.00 secs] 
2024-10-04T02:54:46.199+0300: 575.357: Total time for which application threads were stopped: 0.0036870 seconds, Stopping threads took: 0.0002124 seconds
2024-10-04T02:54:46.560+0300: 575.708: Application time: 0.3507620 seconds
2024-10-04T02:54:46.560+0300: 575.708: [GC (Allocation Failure) 2024-10-04T02:54:46.560+0300: 575.708: [DefNew: 1124161K->5532K(1258304K), 0.0033029 secs] 1139014K->20385K(4054528K), 0.0033686 secs] [Times: user=0.00 sys=0.00, real=0.00 secs] 
2024-10-04T02:54:46.560+0300: 575.711: Total time for which application threads were stopped: 0.0036261 seconds, Stopping threads took: 0.0001323 seconds
2024-10-04T02:54:46.905+0300: 576.061: Application time: 0.3496795 seconds
2024-10-04T02:54:46.905+0300: 576.061: [GC (Allocation Failure) 2024-10-04T02:54:46.905+0300: 576.061: [DefNew: 1124060K->5562K(1258304K), 0.0031878 secs] 1138913K->20415K(4054528K), 0.0032618 secs] [Times: user=0.00 sys=0.00, real=0.00 secs] 
2024-10-04T02:54:46.905+0300: 576.065: Total time for which application threads were stopped: 0.0035228 seconds, Stopping threads took: 0.0001199 seconds
2024-10-04T02:54:47.252+0300: 576.400: Application time: 0.3352052 seconds
2024-10-04T02:54:47.252+0300: 576.400: [GC (Allocation Failure) 2024-10-04T02:54:47.252+0300: 576.400: [DefNew: 1124090K->5629K(1258304K), 0.0032751 secs] 1138943K->20482K(4054528K), 0.0033507 secs] [Times: user=0.00 sys=0.00, real=0.00 secs] 
2024-10-04T02:54:47.252+0300: 576.403: Total time for which application threads were stopped: 0.0036241 seconds, Stopping threads took: 0.0001600 seconds
2024-10-04T02:54:47.596+0300: 576.745: Application time: 0.3417373 seconds
2024-10-04T02:54:47.596+0300: 576.745: [GC (Allocation Failure) 2024-10-04T02:54:47.596+0300: 576.745: [DefNew: 1124157K->10592K(1258304K), 0.0086517 secs] 1139010K->25446K(4054528K), 0.0087190 secs] [Times: user=0.00 sys=0.00, real=0.00 secs] 
2024-10-04T02:54:47.596+0300: 576.754: Total time for which application threads were stopped: 0.0090048 seconds, Stopping threads took: 0.0001707 seconds
2024-10-04T02:54:47.957+0300: 577.108: Application time: 0.3538050 seconds
2024-10-04T02:54:47.957+0300: 577.108: [GC (Allocation Failure) 2024-10-04T02:54:47.957+0300: 577.108: [DefNew: 1129120K->5428K(1258304K), 0.0030845 secs] 1143974K->20282K(4054528K), 0.0031581 secs] [Times: user=0.02 sys=0.00, real=0.00 secs] 
2024-10-04T02:54:47.957+0300: 577.111: Total time for which application threads were stopped: 0.0034305 seconds, Stopping threads took: 0.0001363 seconds
2024-10-04T02:54:48.303+0300: 577.459: Application time: 0.3479643 seconds
2024-10-04T02:54:48.303+0300: 577.460: [GC (Allocation Failure) 2024-10-04T02:54:48.303+0300: 577.460: [DefNew: 1123956K->5486K(1258304K), 0.0030531 secs] 1138810K->20341K(4054528K), 0.0031286 secs] [Times: user=0.00 sys=0.00, real=0.00 secs] 
2024-10-04T02:54:48.303+0300: 577.463: Total time for which application threads were stopped: 0.0033952 seconds, Stopping threads took: 0.0001595 seconds
2024-10-04T02:54:48.648+0300: 577.800: Application time: 0.3370875 seconds
2024-10-04T02:54:48.648+0300: 577.800: [GC (Allocation Failure) 2024-10-04T02:54:48.648+0300: 577.800: [DefNew: 1124014K->5594K(1258304K), 0.0035520 secs] 1138869K->20449K(4054528K), 0.0036274 secs] [Times: user=0.00 sys=0.00, real=0.01 secs] 
2024-10-04T02:54:48.656+0300: 577.804: Total time for which application threads were stopped: 0.0038803 seconds, Stopping threads took: 0.0001421 seconds
2024-10-04T02:54:48.994+0300: 578.140: Application time: 0.3359787 seconds
2024-10-04T02:54:48.994+0300: 578.140: [GC (Allocation Failure) 2024-10-04T02:54:48.994+0300: 578.140: [DefNew: 1124122K->6294K(1258304K), 0.0038145 secs] 1138977K->21149K(4054528K), 0.0038949 secs] [Times: user=0.00 sys=0.00, real=0.00 secs] 
2024-10-04T02:54:48.994+0300: 578.144: Total time for which application threads were stopped: 0.0041908 seconds, Stopping threads took: 0.0001571 seconds
2024-10-04T02:54:49.339+0300: 578.492: Application time: 0.3476629 seconds
2024-10-04T02:54:49.339+0300: 578.492: [GC (Allocation Failure) 2024-10-04T02:54:49.339+0300: 578.492: [DefNew: 1124822K->6009K(1258304K), 0.0035224 secs] 1139677K->20865K(4054528K), 0.0035993 secs] [Times: user=0.00 sys=0.00, real=0.00 secs] 
2024-10-04T02:54:49.339+0300: 578.495: Total time for which application threads were stopped: 0.0039071 seconds, Stopping threads took: 0.0001897 seconds
2024-10-04T02:54:49.683+0300: 578.844: Application time: 0.3482063 seconds
2024-10-04T02:54:49.683+0300: 578.844: [GC (Allocation Failure) 2024-10-04T02:54:49.683+0300: 578.844: [DefNew: 1124537K->5473K(1258304K), 0.0031170 secs] 1139393K->20329K(4054528K), 0.0031864 secs] [Times: user=0.00 sys=0.00, real=0.02 secs] 
2024-10-04T02:54:49.699+0300: 578.847: Total time for which application threads were stopped: 0.0034567 seconds, Stopping threads took: 0.0001598 seconds
2024-10-04T02:54:50.044+0300: 579.196: Application time: 0.3484414 seconds
2024-10-04T02:54:50.044+0300: 579.196: [GC (Allocation Failure) 2024-10-04T02:54:50.044+0300: 579.196: [DefNew: 1124001K->5629K(1258304K), 0.0032800 secs] 1138857K->20485K(4054528K), 0.0033582 secs] [Times: user=0.00 sys=0.00, real=0.00 secs] 
2024-10-04T02:54:50.044+0300: 579.199: Total time for which application threads were stopped: 0.0036845 seconds, Stopping threads took: 0.0001734 seconds
2024-10-04T02:54:50.374+0300: 579.532: Application time: 0.3328479 seconds
2024-10-04T02:54:50.374+0300: 579.532: [GC (Allocation Failure) 2024-10-04T02:54:50.374+0300: 579.532: [DefNew: 1124157K->5709K(1258304K), 0.0036527 secs] 1139013K->20566K(4054528K), 0.0037229 secs] [Times: user=0.00 sys=0.00, real=0.02 secs] 
2024-10-04T02:54:50.390+0300: 579.536: Total time for which application threads were stopped: 0.0039930 seconds, Stopping threads took: 0.0001592 seconds
2024-10-04T02:54:50.719+0300: 579.871: Application time: 0.3348941 seconds
2024-10-04T02:54:50.719+0300: 579.871: [GC (Allocation Failure) 2024-10-04T02:54:50.719+0300: 579.871: [DefNew: 1124237K->7547K(1258304K), 0.0050756 secs] 1139094K->22404K(4054528K), 0.0051626 secs] [Times: user=0.00 sys=0.00, real=0.00 secs] 
2024-10-04T02:54:50.719+0300: 579.877: Total time for which application threads were stopped: 0.0055336 seconds, Stopping threads took: 0.0002547 seconds
2024-10-04T02:54:51.080+0300: 580.233: Application time: 0.3560871 seconds
2024-10-04T02:54:51.080+0300: 580.233: [GC (Allocation Failure) 2024-10-04T02:54:51.080+0300: 580.233: [DefNew: 1126075K->5705K(1258304K), 0.0033584 secs] 1140932K->20562K(4054528K), 0.0034360 secs] [Times: user=0.00 sys=0.00, real=0.00 secs] 
2024-10-04T02:54:51.080+0300: 580.236: Total time for which application threads were stopped: 0.0038039 seconds, Stopping threads took: 0.0002307 seconds
2024-10-04T02:54:51.426+0300: 580.584: Application time: 0.3472452 seconds
2024-10-04T02:54:51.426+0300: 580.584: [GC (Allocation Failure) 2024-10-04T02:54:51.426+0300: 580.584: [DefNew: 1124233K->5601K(1258304K), 0.0034255 secs] 1139090K->20459K(4054528K), 0.0034944 secs] [Times: user=0.00 sys=0.00, real=0.01 secs] 
2024-10-04T02:54:51.441+0300: 580.587: Total time for which application threads were stopped: 0.0038466 seconds, Stopping threads took: 0.0002173 seconds
2024-10-04T02:54:51.771+0300: 580.923: Application time: 0.3357692 seconds
2024-10-04T02:54:51.771+0300: 580.924: [GC (Allocation Failure) 2024-10-04T02:54:51.771+0300: 580.924: [DefNew: 1124129K->5632K(1258304K), 0.0033897 secs] 1138987K->20489K(4054528K), 0.0034622 secs] [Times: user=0.00 sys=0.00, real=0.00 secs] 
2024-10-04T02:54:51.771+0300: 580.927: Total time for which application threads were stopped: 0.0037605 seconds, Stopping threads took: 0.0001811 seconds
2024-10-04T02:54:52.116+0300: 581.270: Application time: 0.3427473 seconds
2024-10-04T02:54:52.116+0300: 581.270: [GC (Allocation Failure) 2024-10-04T02:54:52.116+0300: 581.270: [DefNew: 1124160K->7728K(1258304K), 0.0053114 secs] 1139017K->22586K(4054528K), 0.0053857 secs] [Times: user=0.00 sys=0.00, real=0.00 secs] 
2024-10-04T02:54:52.116+0300: 581.276: Total time for which application threads were stopped: 0.0057290 seconds, Stopping threads took: 0.0002128 seconds
2024-10-04T02:54:52.464+0300: 581.612: Application time: 0.3366695 seconds
2024-10-04T02:54:52.464+0300: 581.612: [GC (Allocation Failure) 2024-10-04T02:54:52.464+0300: 581.612: [DefNew: 1126256K->10675K(1258304K), 0.0100215 secs] 1141114K->25533K(4054528K), 0.0100896 secs] [Times: user=0.00 sys=0.00, real=0.01 secs] 
2024-10-04T02:54:52.477+0300: 581.623: Total time for which application threads were stopped: 0.0103962 seconds, Stopping threads took: 0.0001776 seconds
2024-10-04T02:54:52.823+0300: 581.970: Application time: 0.3471324 seconds
2024-10-04T02:54:52.823+0300: 581.970: [GC (Allocation Failure) 2024-10-04T02:54:52.823+0300: 581.970: [DefNew: 1129203K->5639K(1258304K), 0.0032558 secs] 1144061K->20498K(4054528K), 0.0033207 secs] [Times: user=0.00 sys=0.00, real=0.00 secs] 
2024-10-04T02:54:52.823+0300: 581.973: Total time for which application threads were stopped: 0.0035668 seconds, Stopping threads took: 0.0001330 seconds
2024-10-04T02:54:53.169+0300: 582.325: Application time: 0.3521448 seconds
2024-10-04T02:54:53.169+0300: 582.326: [GC (Allocation Failure) 2024-10-04T02:54:53.169+0300: 582.326: [DefNew: 1124167K->5695K(1258304K), 0.0033784 secs] 1139026K->20554K(4054528K), 0.0034538 secs] [Times: user=0.00 sys=0.00, real=0.00 secs] 
2024-10-04T02:54:53.169+0300: 582.329: Total time for which application threads were stopped: 0.0037516 seconds, Stopping threads took: 0.0001749 seconds
2024-10-04T02:54:53.513+0300: 582.661: Application time: 0.3320066 seconds
2024-10-04T02:54:53.513+0300: 582.661: [GC (Allocation Failure) 2024-10-04T02:54:53.513+0300: 582.662: [DefNew: 1124223K->5658K(1258304K), 0.0033476 secs] 1139082K->20517K(4054528K), 0.0034190 secs] [Times: user=0.00 sys=0.00, real=0.00 secs] 
2024-10-04T02:54:53.513+0300: 582.665: Total time for which application threads were stopped: 0.0037230 seconds, Stopping threads took: 0.0001758 seconds
2024-10-04T02:54:53.859+0300: 583.005: Application time: 0.3397771 seconds
2024-10-04T02:54:53.859+0300: 583.005: [GC (Allocation Failure) 2024-10-04T02:54:53.859+0300: 583.005: [DefNew: 1124186K->7820K(1258304K), 0.0056609 secs] 1139045K->22680K(4054528K), 0.0057373 secs] [Times: user=0.00 sys=0.00, real=0.00 secs] 
2024-10-04T02:54:53.859+0300: 583.011: Total time for which application threads were stopped: 0.0060265 seconds, Stopping threads took: 0.0001597 seconds
2024-10-04T02:54:54.204+0300: 583.360: Application time: 0.3497483 seconds
2024-10-04T02:54:54.204+0300: 583.361: [GC (Allocation Failure) 2024-10-04T02:54:54.204+0300: 583.361: [DefNew: 1126348K->5597K(1258304K), 0.0032027 secs] 1141208K->20457K(4054528K), 0.0032758 secs] [Times: user=0.00 sys=0.00, real=0.00 secs] 
2024-10-04T02:54:54.204+0300: 583.364: Total time for which application threads were stopped: 0.0035906 seconds, Stopping threads took: 0.0001878 seconds
2024-10-04T02:54:54.549+0300: 583.709: Application time: 0.3453224 seconds
2024-10-04T02:54:54.549+0300: 583.710: [GC (Allocation Failure) 2024-10-04T02:54:54.549+0300: 583.710: [DefNew: 1124125K->5556K(1258304K), 0.0032629 secs] 1138985K->20417K(4054528K), 0.0033297 secs] [Times: user=0.00 sys=0.00, real=0.02 secs] 
2024-10-04T02:54:54.565+0300: 583.713: Total time for which application threads were stopped: 0.0036455 seconds, Stopping threads took: 0.0001850 seconds
2024-10-04T02:54:54.911+0300: 584.058: Application time: 0.3454500 seconds
2024-10-04T02:54:54.911+0300: 584.059: [GC (Allocation Failure) 2024-10-04T02:54:54.911+0300: 584.059: [DefNew: 1124084K->5609K(1258304K), 0.0031604 secs] 1138945K->20469K(4054528K), 0.0032298 secs] [Times: user=0.00 sys=0.00, real=0.00 secs] 
2024-10-04T02:54:54.911+0300: 584.062: Total time for which application threads were stopped: 0.0034619 seconds, Stopping threads took: 0.0001236 seconds
2024-10-04T02:54:55.240+0300: 584.400: Application time: 0.3381386 seconds
2024-10-04T02:54:55.240+0300: 584.400: [GC (Allocation Failure) 2024-10-04T02:54:55.240+0300: 584.401: [DefNew: 1124137K->5974K(1258304K), 0.0034018 secs] 1138997K->20834K(4054528K), 0.0035945 secs] [Times: user=0.00 sys=0.00, real=0.02 secs] 
2024-10-04T02:54:55.256+0300: 584.404: Total time for which application threads were stopped: 0.0039075 seconds, Stopping threads took: 0.0001947 seconds
2024-10-04T02:54:55.586+0300: 584.739: Application time: 0.3351744 seconds
2024-10-04T02:54:55.586+0300: 584.739: [GC (Allocation Failure) 2024-10-04T02:54:55.586+0300: 584.739: [DefNew: 1124502K->8932K(1258304K), 0.0065759 secs] 1139362K->23793K(4054528K), 0.0066416 secs] [Times: user=0.00 sys=0.00, real=0.00 secs] 
2024-10-04T02:54:55.586+0300: 584.746: Total time for which application threads were stopped: 0.0069132 seconds, Stopping threads took: 0.0001553 seconds
2024-10-04T02:54:55.947+0300: 585.100: Application time: 0.3543910 seconds
2024-10-04T02:54:55.947+0300: 585.101: [GC (Allocation Failure) 2024-10-04T02:54:55.947+0300: 585.101: [DefNew: 1127460K->5850K(1258304K), 0.0034027 secs] 1142321K->20711K(4054528K), 0.0034727 secs] [Times: user=0.00 sys=0.00, real=0.00 secs] 
2024-10-04T02:54:55.947+0300: 585.104: Total time for which application threads were stopped: 0.0037495 seconds, Stopping threads took: 0.0001637 seconds
2024-10-04T02:54:56.292+0300: 585.448: Application time: 0.3438887 seconds
2024-10-04T02:54:56.292+0300: 585.448: [GC (Allocation Failure) 2024-10-04T02:54:56.292+0300: 585.448: [DefNew: 1124378K->5679K(1258304K), 0.0033572 secs] 1139239K->20541K(4054528K), 0.0034544 secs] [Times: user=0.00 sys=0.00, real=0.00 secs] 
2024-10-04T02:54:56.292+0300: 585.452: Total time for which application threads were stopped: 0.0037463 seconds, Stopping threads took: 0.0001518 seconds
2024-10-04T02:54:56.637+0300: 585.784: Application time: 0.3325259 seconds
2024-10-04T02:54:56.637+0300: 585.785: [GC (Allocation Failure) 2024-10-04T02:54:56.637+0300: 585.785: [DefNew: 1124207K->5481K(1258304K), 0.0032875 secs] 1139069K->20343K(4054528K), 0.0033640 secs] [Times: user=0.00 sys=0.00, real=0.00 secs] 
2024-10-04T02:54:56.637+0300: 585.788: Total time for which application threads were stopped: 0.0036400 seconds, Stopping threads took: 0.0001532 seconds
2024-10-04T02:54:56.983+0300: 586.133: Application time: 0.3448227 seconds
2024-10-04T02:54:56.983+0300: 586.133: [GC (Allocation Failure) 2024-10-04T02:54:56.983+0300: 586.133: [DefNew: 1124009K->7330K(1258304K), 0.0047349 secs] 1138871K->22193K(4054528K), 0.0048049 secs] [Times: user=0.00 sys=0.00, real=0.00 secs] 
2024-10-04T02:54:56.983+0300: 586.138: Total time for which application threads were stopped: 0.0051270 seconds, Stopping threads took: 0.0001871 seconds
2024-10-04T02:54:57.328+0300: 586.477: Application time: 0.3390116 seconds
2024-10-04T02:54:57.328+0300: 586.477: [GC (Allocation Failure) 2024-10-04T02:54:57.328+0300: 586.477: [DefNew: 1125858K->5961K(1258304K), 0.0033408 secs] 1140721K->20823K(4054528K), 0.0034153 secs] [Times: user=0.00 sys=0.00, real=0.00 secs] 
2024-10-04T02:54:57.328+0300: 586.481: Total time for which application threads were stopped: 0.0037286 seconds, Stopping threads took: 0.0001912 seconds
2024-10-04T02:54:57.676+0300: 586.831: Application time: 0.3501355 seconds
2024-10-04T02:54:57.676+0300: 586.831: [GC (Allocation Failure) 2024-10-04T02:54:57.676+0300: 586.831: [DefNew: 1124489K->5557K(1258304K), 0.0031362 secs] 1139351K->20420K(4054528K), 0.0032046 secs] [Times: user=0.00 sys=0.00, real=0.00 secs] 
2024-10-04T02:54:57.676+0300: 586.834: Total time for which application threads were stopped: 0.0035121 seconds, Stopping threads took: 0.0001928 seconds
2024-10-04T02:54:58.035+0300: 587.184: Application time: 0.3499306 seconds
2024-10-04T02:54:58.035+0300: 587.185: [GC (Allocation Failure) 2024-10-04T02:54:58.035+0300: 587.185: [DefNew: 1124085K->5428K(1258304K), 0.0030901 secs] 1138948K->20291K(4054528K), 0.0031582 secs] [Times: user=0.00 sys=0.00, real=0.00 secs] 
2024-10-04T02:54:58.035+0300: 587.188: Total time for which application threads were stopped: 0.0034996 seconds, Stopping threads took: 0.0001804 seconds
2024-10-04T02:54:58.365+0300: 587.518: Application time: 0.3303979 seconds
2024-10-04T02:54:58.365+0300: 587.518: [GC (Allocation Failure) 2024-10-04T02:54:58.365+0300: 587.519: [DefNew: 1123956K->5635K(1258304K), 0.0032566 secs] 1138819K->20499K(4054528K), 0.0033390 secs] [Times: user=0.00 sys=0.00, real=0.00 secs] 
2024-10-04T02:54:58.365+0300: 587.522: Total time for which application threads were stopped: 0.0035920 seconds, Stopping threads took: 0.0001377 seconds
2024-10-04T02:54:58.711+0300: 587.862: Application time: 0.3402713 seconds
2024-10-04T02:54:58.711+0300: 587.862: [GC (Allocation Failure) 2024-10-04T02:54:58.711+0300: 587.862: [DefNew: 1124163K->6135K(1258304K), 0.0034472 secs] 1139027K->20999K(4054528K), 0.0035305 secs] [Times: user=0.00 sys=0.00, real=0.00 secs] 
2024-10-04T02:54:58.711+0300: 587.866: Total time for which application threads were stopped: 0.0038731 seconds, Stopping threads took: 0.0002027 seconds
2024-10-04T02:54:59.071+0300: 588.222: Application time: 0.3557132 seconds
2024-10-04T02:54:59.071+0300: 588.222: [GC (Allocation Failure) 2024-10-04T02:54:59.071+0300: 588.222: [DefNew: 1124663K->5572K(1258304K), 0.0032934 secs] 1139527K->20436K(4054528K), 0.0033645 secs] [Times: user=0.00 sys=0.00, real=0.01 secs] 
2024-10-04T02:54:59.080+0300: 588.225: Total time for which application threads were stopped: 0.0036411 seconds, Stopping threads took: 0.0001536 seconds
2024-10-04T02:54:59.417+0300: 588.570: Application time: 0.3448683 seconds
2024-10-04T02:54:59.417+0300: 588.570: [GC (Allocation Failure) 2024-10-04T02:54:59.417+0300: 588.571: [DefNew: 1124100K->5459K(1258304K), 0.0031074 secs] 1138964K->20323K(4054528K), 0.0031744 secs] [Times: user=0.00 sys=0.00, real=0.00 secs] 
2024-10-04T02:54:59.417+0300: 588.574: Total time for which application threads were stopped: 0.0034833 seconds, Stopping threads took: 0.0001866 seconds
2024-10-04T02:54:59.762+0300: 588.916: Application time: 0.3427582 seconds
2024-10-04T02:54:59.762+0300: 588.917: [GC (Allocation Failure) 2024-10-04T02:54:59.762+0300: 588.917: [DefNew: 1123987K->5718K(1258304K), 0.0032778 secs] 1138851K->20583K(4054528K), 0.0033499 secs] [Times: user=0.00 sys=0.00, real=0.00 secs] 
2024-10-04T02:54:59.762+0300: 588.920: Total time for which application threads were stopped: 0.0036345 seconds, Stopping threads took: 0.0001640 seconds
2024-10-04T02:55:00.107+0300: 589.268: Application time: 0.3477840 seconds
2024-10-04T02:55:00.123+0300: 589.268: [GC (Allocation Failure) 2024-10-04T02:55:00.123+0300: 589.268: [DefNew: 1124246K->8230K(1258304K), 0.0058107 secs] 1139111K->23095K(4054528K), 0.0058937 secs] [Times: user=0.00 sys=0.00, real=0.00 secs] 
2024-10-04T02:55:00.123+0300: 589.274: Total time for which application threads were stopped: 0.0062902 seconds, Stopping threads took: 0.0002605 seconds
2024-10-04T02:55:00.468+0300: 589.614: Application time: 0.3394457 seconds
2024-10-04T02:55:00.468+0300: 589.614: [GC (Allocation Failure) 2024-10-04T02:55:00.468+0300: 589.614: [DefNew: 1126758K->7212K(1258304K), 0.0047848 secs] 1141623K->22077K(4054528K), 0.0048499 secs] [Times: user=0.00 sys=0.00, real=0.00 secs] 
2024-10-04T02:55:00.468+0300: 589.619: Total time for which application threads were stopped: 0.0050569 seconds, Stopping threads took: 0.0001011 seconds
2024-10-04T02:55:00.814+0300: 589.971: Application time: 0.3523955 seconds
2024-10-04T02:55:00.814+0300: 589.971: [GC (Allocation Failure) 2024-10-04T02:55:00.814+0300: 589.971: [DefNew: 1125740K->5642K(1258304K), 0.0033417 secs] 1140605K->20507K(4054528K), 0.0034080 secs] [Times: user=0.00 sys=0.00, real=0.02 secs] 
2024-10-04T02:55:00.829+0300: 589.975: Total time for which application threads were stopped: 0.0036468 seconds, Stopping threads took: 0.0001191 seconds
2024-10-04T02:55:01.174+0300: 590.327: Application time: 0.3522050 seconds
2024-10-04T02:55:01.174+0300: 590.327: [GC (Allocation Failure) 2024-10-04T02:55:01.174+0300: 590.327: [DefNew: 1124170K->5579K(1258304K), 0.0032615 secs] 1139035K->20445K(4054528K), 0.0033318 secs] [Times: user=0.00 sys=0.00, real=0.01 secs] 
2024-10-04T02:55:01.185+0300: 590.330: Total time for which application threads were stopped: 0.0035426 seconds, Stopping threads took: 0.0000978 seconds
2024-10-04T02:55:01.504+0300: 590.662: Application time: 0.3313459 seconds
2024-10-04T02:55:01.504+0300: 590.662: [GC (Allocation Failure) 2024-10-04T02:55:01.504+0300: 590.662: [DefNew: 1124107K->5692K(1258304K), 0.0035285 secs] 1138973K->20559K(4054528K), 0.0035997 secs] [Times: user=0.00 sys=0.00, real=0.02 secs] 
2024-10-04T02:55:01.520+0300: 590.666: Total time for which application threads were stopped: 0.0038765 seconds, Stopping threads took: 0.0001515 seconds
2024-10-04T02:55:01.849+0300: 591.003: Application time: 0.3374893 seconds
2024-10-04T02:55:01.849+0300: 591.003: [GC (Allocation Failure) 2024-10-04T02:55:01.849+0300: 591.004: [DefNew: 1124220K->9545K(1258304K), 0.0073370 secs] 1139087K->24411K(4054528K), 0.0074106 secs] [Times: user=0.00 sys=0.00, real=0.02 secs] 
2024-10-04T02:55:01.864+0300: 591.011: Total time for which application threads were stopped: 0.0077007 seconds, Stopping threads took: 0.0001431 seconds
2024-10-04T02:55:02.210+0300: 591.361: Application time: 0.3505561 seconds
2024-10-04T02:55:02.210+0300: 591.362: [GC (Allocation Failure) 2024-10-04T02:55:02.210+0300: 591.362: [DefNew: 1128073K->5621K(1258304K), 0.0032899 secs] 1142939K->20488K(4054528K), 0.0033747 secs] [Times: user=0.00 sys=0.00, real=0.00 secs] 
2024-10-04T02:55:02.210+0300: 591.365: Total time for which application threads were stopped: 0.0037341 seconds, Stopping threads took: 0.0002141 seconds
2024-10-04T02:55:02.556+0300: 591.716: Application time: 0.3509293 seconds
2024-10-04T02:55:02.556+0300: 591.716: [GC (Allocation Failure) 2024-10-04T02:55:02.556+0300: 591.716: [DefNew: 1124149K->5719K(1258304K), 0.0033563 secs] 1139016K->20586K(4054528K), 0.0034265 secs] [Times: user=0.00 sys=0.00, real=0.02 secs] 
2024-10-04T02:55:02.571+0300: 591.720: Total time for which application threads were stopped: 0.0037139 seconds, Stopping threads took: 0.0001630 seconds
2024-10-04T02:55:02.917+0300: 592.069: Application time: 0.3491989 seconds
2024-10-04T02:55:02.917+0300: 592.069: [GC (Allocation Failure) 2024-10-04T02:55:02.917+0300: 592.069: [DefNew: 1124247K->5760K(1258304K), 0.0033372 secs] 1139114K->20627K(4054528K), 0.0034083 secs] [Times: user=0.00 sys=0.00, real=0.00 secs] 
2024-10-04T02:55:02.917+0300: 592.073: Total time for which application threads were stopped: 0.0036878 seconds, Stopping threads took: 0.0001455 seconds
2024-10-04T02:55:03.247+0300: 592.403: Application time: 0.3303787 seconds
2024-10-04T02:55:03.247+0300: 592.403: [GC (Allocation Failure) 2024-10-04T02:55:03.247+0300: 592.403: [DefNew: 1124288K->5632K(1258304K), 0.0031836 secs] 1139155K->20500K(4054528K), 0.0032588 secs] [Times: user=0.00 sys=0.00, real=0.00 secs] 
2024-10-04T02:55:03.247+0300: 592.407: Total time for which application threads were stopped: 0.0035528 seconds, Stopping threads took: 0.0001709 seconds
2024-10-04T02:55:03.592+0300: 592.750: Application time: 0.3436086 seconds
2024-10-04T02:55:03.592+0300: 592.751: [GC (Allocation Failure) 2024-10-04T02:55:03.592+0300: 592.751: [DefNew: 1124160K->8729K(1258304K), 0.0059325 secs] 1139028K->23597K(4054528K), 0.0059997 secs] [Times: user=0.00 sys=0.00, real=0.02 secs] 
2024-10-04T02:55:03.608+0300: 592.757: Total time for which application threads were stopped: 0.0063141 seconds, Stopping threads took: 0.0001889 seconds
2024-10-04T02:55:03.968+0300: 593.114: Application time: 0.3569780 seconds
2024-10-04T02:55:03.968+0300: 593.114: [GC (Allocation Failure) 2024-10-04T02:55:03.968+0300: 593.114: [DefNew: 1127257K->5456K(1258304K), 0.0035107 secs] 1142125K->20324K(4054528K), 0.0035756 secs] [Times: user=0.00 sys=0.00, real=0.00 secs] 
2024-10-04T02:55:03.968+0300: 593.117: Total time for which application threads were stopped: 0.0038493 seconds, Stopping threads took: 0.0001373 seconds
2024-10-04T02:55:04.314+0300: 593.467: Application time: 0.3494372 seconds
2024-10-04T02:55:04.314+0300: 593.467: [GC (Allocation Failure) 2024-10-04T02:55:04.314+0300: 593.467: [DefNew: 1123984K->5636K(1258304K), 0.0034679 secs] 1138852K->20505K(4054528K), 0.0035560 secs] [Times: user=0.00 sys=0.00, real=0.00 secs] 
2024-10-04T02:55:04.314+0300: 593.471: Total time for which application threads were stopped: 0.0038520 seconds, Stopping threads took: 0.0001739 seconds
2024-10-04T02:55:04.659+0300: 593.813: Application time: 0.3420656 seconds
2024-10-04T02:55:04.659+0300: 593.813: [GC (Allocation Failure) 2024-10-04T02:55:04.659+0300: 593.813: [DefNew: 1124164K->5429K(1258304K), 0.0030231 secs] 1139033K->20298K(4054528K), 0.0030948 secs] [Times: user=0.00 sys=0.00, real=0.00 secs] 
2024-10-04T02:55:04.659+0300: 593.816: Total time for which application threads were stopped: 0.0033805 seconds, Stopping threads took: 0.0001703 seconds
2024-10-04T02:55:05.004+0300: 594.156: Application time: 0.3398570 seconds
2024-10-04T02:55:05.004+0300: 594.156: [GC (Allocation Failure) 2024-10-04T02:55:05.004+0300: 594.156: [DefNew: 1123957K->7265K(1258304K), 0.0051470 secs] 1138826K->22134K(4054528K), 0.0052315 secs] [Times: user=0.00 sys=0.00, real=0.00 secs] 
2024-10-04T02:55:05.004+0300: 594.162: Total time for which application threads were stopped: 0.0055921 seconds, Stopping threads took: 0.0002274 seconds
2024-10-04T02:55:05.365+0300: 594.511: Application time: 0.3488948 seconds
2024-10-04T02:55:05.365+0300: 594.511: [GC (Allocation Failure) 2024-10-04T02:55:05.365+0300: 594.511: [DefNew: 1125793K->6059K(1258304K), 0.0035331 secs] 1140662K->20929K(4054528K), 0.0036036 secs] [Times: user=0.00 sys=0.00, real=0.00 secs] 
2024-10-04T02:55:05.365+0300: 594.514: Total time for which application threads were stopped: 0.0038522 seconds, Stopping threads took: 0.0001404 seconds
2024-10-04T02:55:05.711+0300: 594.865: Application time: 0.3502630 seconds
2024-10-04T02:55:05.711+0300: 594.865: [GC (Allocation Failure) 2024-10-04T02:55:05.711+0300: 594.865: [DefNew: 1124587K->5674K(1258304K), 0.0033980 secs] 1139457K->20544K(4054528K), 0.0034776 secs] [Times: user=0.00 sys=0.00, real=0.00 secs] 
2024-10-04T02:55:05.711+0300: 594.868: Total time for which application threads were stopped: 0.0037688 seconds, Stopping threads took: 0.0001625 seconds
2024-10-04T02:55:06.071+0300: 595.217: Application time: 0.3487269 seconds
2024-10-04T02:55:06.071+0300: 595.217: [GC (Allocation Failure) 2024-10-04T02:55:06.071+0300: 595.217: [DefNew: 1124202K->5496K(1258304K), 0.0031452 secs] 1139072K->20366K(4054528K), 0.0032174 secs] [Times: user=0.00 sys=0.00, real=0.00 secs] 
2024-10-04T02:55:06.071+0300: 595.221: Total time for which application threads were stopped: 0.0034849 seconds, Stopping threads took: 0.0001536 seconds
2024-10-04T02:55:06.401+0300: 595.553: Application time: 0.3320025 seconds
2024-10-04T02:55:06.401+0300: 595.553: [GC (Allocation Failure) 2024-10-04T02:55:06.401+0300: 595.553: [DefNew: 1124024K->5699K(1258304K), 0.0033180 secs] 1138894K->20570K(4054528K), 0.0033879 secs] [Times: user=0.00 sys=0.00, real=0.00 secs] 
2024-10-04T02:55:06.401+0300: 595.556: Total time for which application threads were stopped: 0.0036721 seconds, Stopping threads took: 0.0001636 seconds
2024-10-04T02:55:06.747+0300: 595.892: Application time: 0.3358027 seconds
2024-10-04T02:55:06.747+0300: 595.892: [GC (Allocation Failure) 2024-10-04T02:55:06.747+0300: 595.892: [DefNew: 1124227K->7501K(1258304K), 0.0048128 secs] 1139098K->22372K(4054528K), 0.0048823 secs] [Times: user=0.00 sys=0.00, real=0.00 secs] 
2024-10-04T02:55:06.747+0300: 595.897: Total time for which application threads were stopped: 0.0051542 seconds, Stopping threads took: 0.0001607 seconds
2024-10-04T02:55:07.108+0300: 596.256: Application time: 0.3588544 seconds
2024-10-04T02:55:07.108+0300: 596.256: [GC (Allocation Failure) 2024-10-04T02:55:07.108+0300: 596.256: [DefNew: 1126029K->5519K(1258304K), 0.0031841 secs] 1140900K->20390K(4054528K), 0.0032556 secs] [Times: user=0.00 sys=0.00, real=0.00 secs] 
2024-10-04T02:55:07.108+0300: 596.260: Total time for which application threads were stopped: 0.0035358 seconds, Stopping threads took: 0.0001516 seconds
2024-10-04T02:55:07.453+0300: 596.607: Application time: 0.3475582 seconds
2024-10-04T02:55:07.453+0300: 596.607: [GC (Allocation Failure) 2024-10-04T02:55:07.453+0300: 596.608: [DefNew: 1124047K->5503K(1258304K), 0.0031402 secs] 1138918K->20374K(4054528K), 0.0032105 secs] [Times: user=0.00 sys=0.00, real=0.00 secs] 
2024-10-04T02:55:07.453+0300: 596.611: Total time for which application threads were stopped: 0.0034838 seconds, Stopping threads took: 0.0001474 seconds
2024-10-04T02:55:07.801+0300: 596.951: Application time: 0.3403386 seconds
2024-10-04T02:55:07.801+0300: 596.951: [GC (Allocation Failure) 2024-10-04T02:55:07.801+0300: 596.951: [DefNew: 1124031K->5695K(1258304K), 0.0032828 secs] 1138902K->20567K(4054528K), 0.0033487 secs] [Times: user=0.00 sys=0.00, real=0.00 secs] 
2024-10-04T02:55:07.801+0300: 596.955: Total time for which application threads were stopped: 0.0036122 seconds, Stopping threads took: 0.0001442 seconds
2024-10-04T02:55:08.144+0300: 597.297: Application time: 0.3422939 seconds
2024-10-04T02:55:08.144+0300: 597.297: [GC (Allocation Failure) 2024-10-04T02:55:08.144+0300: 597.297: [DefNew: 1124223K->7000K(1258304K), 0.0049480 secs] 1139095K->21872K(4054528K), 0.0050224 secs] [Times: user=0.00 sys=0.00, real=0.00 secs] 
2024-10-04T02:55:08.144+0300: 597.302: Total time for which application threads were stopped: 0.0053102 seconds, Stopping threads took: 0.0001579 seconds
2024-10-04T02:55:08.489+0300: 597.647: Application time: 0.3444392 seconds
2024-10-04T02:55:08.489+0300: 597.647: [GC (Allocation Failure) 2024-10-04T02:55:08.489+0300: 597.647: [DefNew: 1125528K->7780K(1258304K), 0.0052867 secs] 1140400K->22652K(4054528K), 0.0053541 secs] [Times: user=0.00 sys=0.00, real=0.02 secs] 
2024-10-04T02:55:08.505+0300: 597.652: Total time for which application threads were stopped: 0.0056516 seconds, Stopping threads took: 0.0001812 seconds
2024-10-04T02:55:08.850+0300: 598.004: Application time: 0.3516996 seconds
2024-10-04T02:55:08.850+0300: 598.004: [GC (Allocation Failure) 2024-10-04T02:55:08.850+0300: 598.004: [DefNew: 1126308K->5611K(1258304K), 0.0036017 secs] 1141180K->20484K(4054528K), 0.0036979 secs] [Times: user=0.00 sys=0.00, real=0.00 secs] 
2024-10-04T02:55:08.850+0300: 598.008: Total time for which application threads were stopped: 0.0040146 seconds, Stopping threads took: 0.0001836 seconds
2024-10-04T02:55:09.211+0300: 598.356: Application time: 0.3481833 seconds
2024-10-04T02:55:09.211+0300: 598.357: [GC (Allocation Failure) 2024-10-04T02:55:09.211+0300: 598.357: [DefNew: 1124139K->5618K(1258304K), 0.0033039 secs] 1139012K->20491K(4054528K), 0.0033726 secs] [Times: user=0.00 sys=0.00, real=0.00 secs] 
2024-10-04T02:55:09.211+0300: 598.360: Total time for which application threads were stopped: 0.0037138 seconds, Stopping threads took: 0.0002099 seconds
2024-10-04T02:55:09.541+0300: 598.693: Application time: 0.3331590 seconds
2024-10-04T02:55:09.541+0300: 598.693: [GC (Allocation Failure) 2024-10-04T02:55:09.541+0300: 598.693: [DefNew: 1124146K->5771K(1258304K), 0.0033020 secs] 1139019K->20644K(4054528K), 0.0033729 secs] [Times: user=0.00 sys=0.00, real=0.00 secs] 
2024-10-04T02:55:09.541+0300: 598.697: Total time for which application threads were stopped: 0.0036716 seconds, Stopping threads took: 0.0001829 seconds
2024-10-04T02:55:09.887+0300: 599.040: Application time: 0.3436082 seconds
2024-10-04T02:55:09.887+0300: 599.041: [GC (Allocation Failure) 2024-10-04T02:55:09.887+0300: 599.041: [DefNew: 1124299K->7354K(1258304K), 0.0051623 secs] 1139172K->22228K(4054528K), 0.0052364 secs] [Times: user=0.01 sys=0.00, real=0.00 secs] 
2024-10-04T02:55:09.887+0300: 599.046: Total time for which application threads were stopped: 0.0056679 seconds, Stopping threads took: 0.0002995 seconds
2024-10-04T02:55:10.248+0300: 599.396: Application time: 0.3496806 seconds
2024-10-04T02:55:10.248+0300: 599.396: [GC (Allocation Failure) 2024-10-04T02:55:10.248+0300: 599.396: [DefNew: 1125882K->5965K(1258304K), 0.0035039 secs] 1140756K->20839K(4054528K), 0.0035834 secs] [Times: user=0.00 sys=0.00, real=0.00 secs] 
2024-10-04T02:55:10.248+0300: 599.400: Total time for which application threads were stopped: 0.0039171 seconds, Stopping threads took: 0.0002081 seconds
2024-10-04T02:55:10.593+0300: 599.747: Application time: 0.3469162 seconds
2024-10-04T02:55:10.593+0300: 599.747: [GC (Allocation Failure) 2024-10-04T02:55:10.593+0300: 599.747: [DefNew: 1124493K->5504K(1258304K), 0.0034058 secs] 1139367K->20378K(4054528K), 0.0034772 secs] [Times: user=0.00 sys=0.00, real=0.00 secs] 
2024-10-04T02:55:10.593+0300: 599.750: Total time for which application threads were stopped: 0.0038024 seconds, Stopping threads took: 0.0001928 seconds
2024-10-04T02:55:10.939+0300: 600.095: Application time: 0.3441091 seconds
2024-10-04T02:55:10.939+0300: 600.095: [GC (Allocation Failure) 2024-10-04T02:55:10.939+0300: 600.095: [DefNew: 1124032K->5554K(1258304K), 0.0033212 secs] 1138906K->20428K(4054528K), 0.0033961 secs] [Times: user=0.00 sys=0.00, real=0.00 secs] 
2024-10-04T02:55:10.939+0300: 600.098: Total time for which application threads were stopped: 0.0037553 seconds, Stopping threads took: 0.0001950 seconds
2024-10-04T02:55:11.284+0300: 600.433: Application time: 0.3347599 seconds
2024-10-04T02:55:11.284+0300: 600.433: [GC (Allocation Failure) 2024-10-04T02:55:11.284+0300: 600.433: [DefNew: 1124082K->5992K(1258304K), 0.0034103 secs] 1138956K->20867K(4054528K), 0.0034883 secs] [Times: user=0.00 sys=0.00, real=0.00 secs] 
2024-10-04T02:55:11.284+0300: 600.437: Total time for which application threads were stopped: 0.0037790 seconds, Stopping threads took: 0.0001714 seconds
2024-10-04T02:55:11.629+0300: 600.778: Application time: 0.3412764 seconds
2024-10-04T02:55:11.629+0300: 600.778: [GC (Allocation Failure) 2024-10-04T02:55:11.629+0300: 600.778: [DefNew: 1124520K->7634K(1258304K), 0.0051150 secs] 1139395K->22509K(4054528K), 0.0051847 secs] [Times: user=0.00 sys=0.00, real=0.00 secs] 
2024-10-04T02:55:11.629+0300: 600.784: Total time for which application threads were stopped: 0.0054588 seconds, Stopping threads took: 0.0001535 seconds
2024-10-04T02:55:11.990+0300: 601.135: Application time: 0.3518579 seconds
2024-10-04T02:55:11.990+0300: 601.136: [GC (Allocation Failure) 2024-10-04T02:55:11.990+0300: 601.136: [DefNew: 1126162K->5619K(1258304K), 0.0032311 secs] 1141037K->20495K(4054528K), 0.0033043 secs] [Times: user=0.00 sys=0.00, real=0.00 secs] 
2024-10-04T02:55:11.990+0300: 601.139: Total time for which application threads were stopped: 0.0035580 seconds, Stopping threads took: 0.0001242 seconds
2024-10-04T02:55:12.335+0300: 601.486: Application time: 0.3473067 seconds
2024-10-04T02:55:12.335+0300: 601.487: [GC (Allocation Failure) 2024-10-04T02:55:12.335+0300: 601.487: [DefNew: 1124147K->5632K(1258304K), 0.0032320 secs] 1139023K->20508K(4054528K), 0.0033059 secs] [Times: user=0.00 sys=0.00, real=0.00 secs] 
2024-10-04T02:55:12.335+0300: 601.490: Total time for which application threads were stopped: 0.0035999 seconds, Stopping threads took: 0.0001518 seconds
2024-10-04T02:55:12.665+0300: 601.824: Application time: 0.3345499 seconds
2024-10-04T02:55:12.665+0300: 601.825: [GC (Allocation Failure) 2024-10-04T02:55:12.665+0300: 601.825: [DefNew: 1124160K->5759K(1258304K), 0.0035499 secs] 1139036K->20635K(4054528K), 0.0036310 secs] [Times: user=0.00 sys=0.00, real=0.02 secs] 
2024-10-04T02:55:12.680+0300: 601.828: Total time for which application threads were stopped: 0.0039818 seconds, Stopping threads took: 0.0002196 seconds
2024-10-04T02:55:13.013+0300: 602.169: Application time: 0.3409506 seconds
2024-10-04T02:55:13.013+0300: 602.170: [GC (Allocation Failure) 2024-10-04T02:55:13.013+0300: 602.170: [DefNew: 1124287K->7823K(1258304K), 0.0052871 secs] 1139163K->22700K(4054528K), 0.0053665 secs] [Times: user=0.00 sys=0.00, real=0.01 secs] 
2024-10-04T02:55:13.026+0300: 602.175: Total time for which application threads were stopped: 0.0057142 seconds, Stopping threads took: 0.0002196 seconds
2024-10-04T02:55:13.371+0300: 602.524: Application time: 0.3490528 seconds
2024-10-04T02:55:13.371+0300: 602.524: [GC (Allocation Failure) 2024-10-04T02:55:13.371+0300: 602.525: [DefNew: 1126351K->5907K(1258304K), 0.0034851 secs] 1141228K->20784K(4054528K), 0.0035609 secs] [Times: user=0.00 sys=0.00, real=0.00 secs] 
2024-10-04T02:55:13.371+0300: 602.528: Total time for which application threads were stopped: 0.0038700 seconds, Stopping threads took: 0.0001861 seconds
2024-10-04T02:55:13.732+0300: 602.879: Application time: 0.3508045 seconds
2024-10-04T02:55:13.732+0300: 602.879: [GC (Allocation Failure) 2024-10-04T02:55:13.732+0300: 602.879: [DefNew: 1124435K->5478K(1258304K), 0.0030855 secs] 1139312K->20356K(4054528K), 0.0031533 secs] [Times: user=0.00 sys=0.00, real=0.00 secs] 
2024-10-04T02:55:13.732+0300: 602.882: Total time for which application threads were stopped: 0.0034284 seconds, Stopping threads took: 0.0001559 seconds
2024-10-04T02:55:14.077+0300: 603.232: Application time: 0.3501600 seconds
2024-10-04T02:55:14.077+0300: 603.233: [GC (Allocation Failure) 2024-10-04T02:55:14.077+0300: 603.233: [DefNew: 1124006K->5429K(1258304K), 0.0030398 secs] 1138884K->20306K(4054528K), 0.0031221 secs] [Times: user=0.00 sys=0.00, real=0.00 secs] 
2024-10-04T02:55:14.077+0300: 603.236: Total time for which application threads were stopped: 0.0034178 seconds, Stopping threads took: 0.0001672 seconds
2024-10-04T02:55:14.416+0300: 603.567: Application time: 0.3313718 seconds
2024-10-04T02:55:14.416+0300: 603.567: [GC (Allocation Failure) 2024-10-04T02:55:14.416+0300: 603.567: [DefNew: 1123957K->5760K(1258304K), 0.0033444 secs] 1138834K->20638K(4054528K), 0.0034112 secs] [Times: user=0.00 sys=0.00, real=0.01 secs] 
2024-10-04T02:55:14.423+0300: 603.571: Total time for which application threads were stopped: 0.0036383 seconds, Stopping threads took: 0.0001152 seconds
2024-10-04T02:55:14.753+0300: 603.913: Application time: 0.3419277 seconds
2024-10-04T02:55:14.753+0300: 603.913: [GC (Allocation Failure) 2024-10-04T02:55:14.753+0300: 603.913: [DefNew: 1124288K->7955K(1258304K), 0.0053048 secs] 1139166K->22833K(4054528K), 0.0053773 secs] [Times: user=0.00 sys=0.00, real=0.01 secs] 
2024-10-04T02:55:14.768+0300: 603.919: Total time for which application threads were stopped: 0.0057240 seconds, Stopping threads took: 0.0002235 seconds
2024-10-04T02:55:15.130+0300: 604.280: Application time: 0.3612490 seconds
2024-10-04T02:55:15.130+0300: 604.280: [GC (Allocation Failure) 2024-10-04T02:55:15.130+0300: 604.280: [DefNew: 1126483K->5411K(1258304K), 0.0031436 secs] 1141361K->20289K(4054528K), 0.0032162 secs] [Times: user=0.00 sys=0.00, real=0.00 secs] 
2024-10-04T02:55:15.130+0300: 604.283: Total time for which application threads were stopped: 0.0035986 seconds, Stopping threads took: 0.0002462 seconds
2024-10-04T02:55:15.475+0300: 604.627: Application time: 0.3440494 seconds
2024-10-04T02:55:15.475+0300: 604.628: [GC (Allocation Failure) 2024-10-04T02:55:15.475+0300: 604.628: [DefNew: 1123939K->5517K(1258304K), 0.0032056 secs] 1138817K->20396K(4054528K), 0.0032711 secs] [Times: user=0.00 sys=0.00, real=0.00 secs] 
2024-10-04T02:55:15.475+0300: 604.631: Total time for which application threads were stopped: 0.0036437 seconds, Stopping threads took: 0.0002414 seconds
2024-10-04T02:55:15.821+0300: 604.971: Application time: 0.3403568 seconds
2024-10-04T02:55:15.821+0300: 604.972: [GC (Allocation Failure) 2024-10-04T02:55:15.821+0300: 604.972: [DefNew: 1124045K->5735K(1258304K), 0.0033522 secs] 1138924K->20614K(4054528K), 0.0034274 secs] [Times: user=0.00 sys=0.00, real=0.00 secs] 
2024-10-04T02:55:15.821+0300: 604.975: Total time for which application threads were stopped: 0.0037820 seconds, Stopping threads took: 0.0002224 seconds
2024-10-04T02:55:16.166+0300: 605.317: Application time: 0.3419056 seconds
2024-10-04T02:55:16.166+0300: 605.317: [GC (Allocation Failure) 2024-10-04T02:55:16.166+0300: 605.317: [DefNew: 1124263K->5748K(1258304K), 0.0035216 secs] 1139142K->20627K(4054528K), 0.0036055 secs] [Times: user=0.00 sys=0.00, real=0.00 secs] 
2024-10-04T02:55:16.166+0300: 605.321: Total time for which application threads were stopped: 0.0039179 seconds, Stopping threads took: 0.0001845 seconds
2024-10-04T02:55:16.521+0300: 605.667: Application time: 0.3459896 seconds
2024-10-04T02:55:16.521+0300: 605.667: [GC (Allocation Failure) 2024-10-04T02:55:16.521+0300: 605.667: [DefNew: 1124276K->6003K(1258304K), 0.0035175 secs] 1139155K->20883K(4054528K), 0.0036003 secs] [Times: user=0.00 sys=0.00, real=0.00 secs] 
2024-10-04T02:55:16.521+0300: 605.671: Total time for which application threads were stopped: 0.0038542 seconds, Stopping threads took: 0.0001393 seconds
2024-10-04T02:55:16.873+0300: 606.022: Application time: 0.3514480 seconds
2024-10-04T02:55:16.873+0300: 606.023: [GC (Allocation Failure) 2024-10-04T02:55:16.873+0300: 606.023: [DefNew: 1124531K->5580K(1258304K), 0.0032918 secs] 1139411K->20460K(4054528K), 0.0033681 secs] [Times: user=0.00 sys=0.00, real=0.00 secs] 
2024-10-04T02:55:16.873+0300: 606.026: Total time for which application threads were stopped: 0.0037566 seconds, Stopping threads took: 0.0002559 seconds
2024-10-04T02:55:17.223+0300: 606.370: Application time: 0.3443216 seconds
2024-10-04T02:55:17.223+0300: 606.371: [GC (Allocation Failure) 2024-10-04T02:55:17.223+0300: 606.371: [DefNew: 1124108K->5575K(1258304K), 0.0032096 secs] 1138988K->20456K(4054528K), 0.0032847 secs] [Times: user=0.00 sys=0.00, real=0.00 secs] 
2024-10-04T02:55:17.223+0300: 606.374: Total time for which application threads were stopped: 0.0036033 seconds, Stopping threads took: 0.0001959 seconds
2024-10-04T02:55:17.548+0300: 606.704: Application time: 0.3300491 seconds
2024-10-04T02:55:17.548+0300: 606.704: [GC (Allocation Failure) 2024-10-04T02:55:17.548+0300: 606.704: [DefNew: 1124103K->5488K(1258304K), 0.0030772 secs] 1138984K->20369K(4054528K), 0.0031466 secs] [Times: user=0.00 sys=0.00, real=0.00 secs] 
2024-10-04T02:55:17.548+0300: 606.708: Total time for which application threads were stopped: 0.0033901 seconds, Stopping threads took: 0.0001354 seconds
2024-10-04T02:55:17.893+0300: 607.050: Application time: 0.3421423 seconds
2024-10-04T02:55:17.893+0300: 607.050: [GC (Allocation Failure) 2024-10-04T02:55:17.893+0300: 607.050: [DefNew: 1124016K->7982K(1258304K), 0.0054474 secs] 1138897K->22863K(4054528K), 0.0055261 secs] [Times: user=0.00 sys=0.00, real=0.02 secs] 
2024-10-04T02:55:17.909+0300: 607.056: Total time for which application threads were stopped: 0.0059164 seconds, Stopping threads took: 0.0002625 seconds
2024-10-04T02:55:18.255+0300: 607.403: Application time: 0.3471815 seconds
2024-10-04T02:55:18.255+0300: 607.403: [GC (Allocation Failure) 2024-10-04T02:55:18.255+0300: 607.403: [DefNew: 1126510K->5573K(1258304K), 0.0032355 secs] 1141391K->20455K(4054528K), 0.0033071 secs] [Times: user=0.00 sys=0.00, real=0.00 secs] 
2024-10-04T02:55:18.255+0300: 607.406: Total time for which application threads were stopped: 0.0036211 seconds, Stopping threads took: 0.0001930 seconds
2024-10-04T02:55:18.600+0300: 607.751: Application time: 0.3450717 seconds
2024-10-04T02:55:18.600+0300: 607.752: [GC (Allocation Failure) 2024-10-04T02:55:18.600+0300: 607.752: [DefNew: 1124101K->5500K(1258304K), 0.0030926 secs] 1138983K->20382K(4054528K), 0.0031623 secs] [Times: user=0.00 sys=0.00, real=0.00 secs] 
2024-10-04T02:55:18.600+0300: 607.755: Total time for which application threads were stopped: 0.0034390 seconds, Stopping threads took: 0.0001593 seconds
2024-10-04T02:55:18.945+0300: 608.097: Application time: 0.3421106 seconds
2024-10-04T02:55:18.945+0300: 608.097: [GC (Allocation Failure) 2024-10-04T02:55:18.945+0300: 608.097: [DefNew: 1124028K->5632K(1258304K), 0.0035020 secs] 1138910K->20514K(4054528K), 0.0035742 secs] [Times: user=0.00 sys=0.00, real=0.00 secs] 
2024-10-04T02:55:18.945+0300: 608.101: Total time for which application threads were stopped: 0.0038530 seconds, Stopping threads took: 0.0001542 seconds
2024-10-04T02:55:19.275+0300: 608.432: Application time: 0.3313457 seconds
2024-10-04T02:55:19.275+0300: 608.433: [GC (Allocation Failure) 2024-10-04T02:55:19.275+0300: 608.433: [DefNew: 1124160K->7883K(1258304K), 0.0054940 secs] 1139042K->22766K(4054528K), 0.0055772 secs] [Times: user=0.00 sys=0.00, real=0.01 secs] 
2024-10-04T02:55:19.290+0300: 608.438: Total time for which application threads were stopped: 0.0059156 seconds, Stopping threads took: 0.0002074 seconds
2024-10-04T02:55:19.636+0300: 608.781: Application time: 0.3432913 seconds
2024-10-04T02:55:19.636+0300: 608.782: [GC (Allocation Failure) 2024-10-04T02:55:19.636+0300: 608.782: [DefNew: 1126411K->7728K(1258304K), 0.0050240 secs] 1141294K->22611K(4054528K), 0.0050899 secs] [Times: user=0.00 sys=0.00, real=0.00 secs] 
2024-10-04T02:55:19.636+0300: 608.787: Total time for which application threads were stopped: 0.0053375 seconds, Stopping threads took: 0.0001351 seconds
2024-10-04T02:55:19.981+0300: 609.142: Application time: 0.3551884 seconds
2024-10-04T02:55:19.997+0300: 609.142: [GC (Allocation Failure) 2024-10-04T02:55:19.997+0300: 609.142: [DefNew: 1126256K->5630K(1258304K), 0.0033703 secs] 1141139K->20513K(4054528K), 0.0034603 secs] [Times: user=0.00 sys=0.00, real=0.00 secs] 
2024-10-04T02:55:19.997+0300: 609.146: Total time for which application threads were stopped: 0.0038506 seconds, Stopping threads took: 0.0001932 seconds
2024-10-04T02:55:20.343+0300: 609.488: Application time: 0.3421564 seconds
2024-10-04T02:55:20.343+0300: 609.488: [GC (Allocation Failure) 2024-10-04T02:55:20.343+0300: 609.488: [DefNew: 1124158K->5798K(1258304K), 0.0034748 secs] 1139041K->20681K(4054528K), 0.0035615 secs] [Times: user=0.00 sys=0.00, real=0.00 secs] 
2024-10-04T02:55:20.343+0300: 609.492: Total time for which application threads were stopped: 0.0038756 seconds, Stopping threads took: 0.0001481 seconds
2024-10-04T02:55:20.672+0300: 609.824: Application time: 0.3324544 seconds
2024-10-04T02:55:20.672+0300: 609.825: [GC (Allocation Failure) 2024-10-04T02:55:20.672+0300: 609.825: [DefNew: 1124326K->5613K(1258304K), 0.0032368 secs] 1139209K->20496K(4054528K), 0.0033101 secs] [Times: user=0.00 sys=0.00, real=0.00 secs] 
2024-10-04T02:55:20.672+0300: 609.828: Total time for which application threads were stopped: 0.0035910 seconds, Stopping threads took: 0.0001626 seconds
2024-10-04T02:55:21.017+0300: 610.169: Application time: 0.3408170 seconds
2024-10-04T02:55:21.017+0300: 610.169: [GC (Allocation Failure) 2024-10-04T02:55:21.017+0300: 610.169: [DefNew: 1124141K->6823K(1258304K), 0.0037465 secs] 1139024K->21707K(4054528K), 0.0038208 secs] [Times: user=0.00 sys=0.00, real=0.00 secs] 
2024-10-04T02:55:21.017+0300: 610.173: Total time for which application threads were stopped: 0.0041221 seconds, Stopping threads took: 0.0001847 seconds
2024-10-04T02:55:21.363+0300: 610.520: Application time: 0.3471771 seconds
2024-10-04T02:55:21.363+0300: 610.520: [GC (Allocation Failure) 2024-10-04T02:55:21.363+0300: 610.520: [DefNew: 1125351K->5525K(1258304K), 0.0032154 secs] 1140235K->20409K(4054528K), 0.0032886 secs] [Times: user=0.00 sys=0.00, real=0.02 secs] 
2024-10-04T02:55:21.378+0300: 610.524: Total time for which application threads were stopped: 0.0035774 seconds, Stopping threads took: 0.0001705 seconds
2024-10-04T02:55:21.724+0300: 610.871: Application time: 0.3477022 seconds
2024-10-04T02:55:21.724+0300: 610.872: [GC (Allocation Failure) 2024-10-04T02:55:21.724+0300: 610.872: [DefNew: 1124053K->5613K(1258304K), 0.0032729 secs] 1138937K->20497K(4054528K), 0.0033431 secs] [Times: user=0.00 sys=0.00, real=0.00 secs] 
2024-10-04T02:55:21.724+0300: 610.875: Total time for which application threads were stopped: 0.0036580 seconds, Stopping threads took: 0.0001916 seconds
2024-10-04T02:55:22.070+0300: 611.222: Application time: 0.3468410 seconds
2024-10-04T02:55:22.070+0300: 611.222: [GC (Allocation Failure) 2024-10-04T02:55:22.070+0300: 611.222: [DefNew: 1124141K->5617K(1258304K), 0.0032568 secs] 1139025K->20501K(4054528K), 0.0033324 secs] [Times: user=0.00 sys=0.00, real=0.00 secs] 
2024-10-04T02:55:22.070+0300: 611.225: Total time for which application threads were stopped: 0.0036602 seconds, Stopping threads took: 0.0001970 seconds
2024-10-04T02:55:22.399+0300: 611.556: Application time: 0.3303705 seconds
2024-10-04T02:55:22.399+0300: 611.556: [GC (Allocation Failure) 2024-10-04T02:55:22.399+0300: 611.556: [DefNew: 1124145K->7252K(1258304K), 0.0055863 secs] 1139029K->22137K(4054528K), 0.0064417 secs] [Times: user=0.00 sys=0.00, real=0.02 secs] 
2024-10-04T02:55:22.415+0300: 611.563: Total time for which application threads were stopped: 0.0067009 seconds, Stopping threads took: 0.0001360 seconds
2024-10-04T02:55:22.761+0300: 611.907: Application time: 0.3440847 seconds
2024-10-04T02:55:22.761+0300: 611.907: [GC (Allocation Failure) 2024-10-04T02:55:22.761+0300: 611.907: [DefNew: 1125780K->6193K(1258304K), 0.0035157 secs] 1140665K->21078K(4054528K), 0.0035810 secs] [Times: user=0.00 sys=0.00, real=0.00 secs] 
2024-10-04T02:55:22.761+0300: 611.910: Total time for which application threads were stopped: 0.0038555 seconds, Stopping threads took: 0.0001521 seconds
2024-10-04T02:55:23.106+0300: 612.266: Application time: 0.3551560 seconds
2024-10-04T02:55:23.106+0300: 612.266: [GC (Allocation Failure) 2024-10-04T02:55:23.106+0300: 612.266: [DefNew: 1124721K->5760K(1258304K), 0.0034475 secs] 1139606K->20646K(4054528K), 0.0035207 secs] [Times: user=0.00 sys=0.00, real=0.02 secs] 
2024-10-04T02:55:23.122+0300: 612.270: Total time for which application threads were stopped: 0.0038599 seconds, Stopping threads took: 0.0002059 seconds
2024-10-04T02:55:23.452+0300: 612.611: Application time: 0.3417751 seconds
2024-10-04T02:55:23.452+0300: 612.612: [GC (Allocation Failure) 2024-10-04T02:55:23.452+0300: 612.612: [DefNew: 1124288K->5541K(1258304K), 0.0031924 secs] 1139174K->20427K(4054528K), 0.0032586 secs] [Times: user=0.00 sys=0.00, real=0.02 secs] 
2024-10-04T02:55:23.468+0300: 612.615: Total time for which application threads were stopped: 0.0035957 seconds, Stopping threads took: 0.0002200 seconds
2024-10-04T02:55:23.797+0300: 612.953: Application time: 0.3382134 seconds
2024-10-04T02:55:23.797+0300: 612.953: [GC (Allocation Failure) 2024-10-04T02:55:23.797+0300: 612.953: [DefNew: 1124069K->5832K(1258304K), 0.0032729 secs] 1138955K->20718K(4054528K), 0.0033455 secs] [Times: user=0.00 sys=0.00, real=0.00 secs] 
2024-10-04T02:55:23.797+0300: 612.957: Total time for which application threads were stopped: 0.0036016 seconds, Stopping threads took: 0.0001470 seconds
2024-10-04T02:55:24.142+0300: 613.298: Application time: 0.3412193 seconds
2024-10-04T02:55:24.142+0300: 613.298: [GC (Allocation Failure) 2024-10-04T02:55:24.142+0300: 613.298: [DefNew: 1124360K->5906K(1258304K), 0.0035403 secs] 1139246K->20793K(4054528K), 0.0036185 secs] [Times: user=0.00 sys=0.00, real=0.00 secs] 
2024-10-04T02:55:24.142+0300: 613.302: Total time for which application threads were stopped: 0.0039227 seconds, Stopping threads took: 0.0001857 seconds
2024-10-04T02:55:24.503+0300: 613.650: Application time: 0.3482240 seconds
2024-10-04T02:55:24.503+0300: 613.650: [GC (Allocation Failure) 2024-10-04T02:55:24.503+0300: 613.650: [DefNew: 1124434K->5620K(1258304K), 0.0031809 secs] 1139321K->20507K(4054528K), 0.0032482 secs] [Times: user=0.00 sys=0.00, real=0.00 secs] 
2024-10-04T02:55:24.503+0300: 613.654: Total time for which application threads were stopped: 0.0035033 seconds, Stopping threads took: 0.0001469 seconds
2024-10-04T02:55:24.848+0300: 613.999: Application time: 0.3453498 seconds
2024-10-04T02:55:24.848+0300: 613.999: [GC (Allocation Failure) 2024-10-04T02:55:24.848+0300: 613.999: [DefNew: 1124148K->5597K(1258304K), 0.0035956 secs] 1139035K->20484K(4054528K), 0.0036655 secs] [Times: user=0.00 sys=0.00, real=0.00 secs] 
2024-10-04T02:55:24.848+0300: 614.003: Total time for which application threads were stopped: 0.0039819 seconds, Stopping threads took: 0.0001779 seconds
2024-10-04T02:55:25.194+0300: 614.343: Application time: 0.3399329 seconds
2024-10-04T02:55:25.194+0300: 614.343: [GC (Allocation Failure) 2024-10-04T02:55:25.194+0300: 614.343: [DefNew: 1124125K->5736K(1258304K), 0.0036451 secs] 1139012K->20623K(4054528K), 0.0037525 secs] [Times: user=0.00 sys=0.00, real=0.00 secs] 
2024-10-04T02:55:25.194+0300: 614.347: Total time for which application threads were stopped: 0.0040752 seconds, Stopping threads took: 0.0001894 seconds
2024-10-04T02:55:25.539+0300: 614.687: Application time: 0.3403405 seconds
2024-10-04T02:55:25.539+0300: 614.688: [GC (Allocation Failure) 2024-10-04T02:55:25.539+0300: 614.688: [DefNew: 1124264K->7448K(1258304K), 0.0050367 secs] 1139151K->22336K(4054528K), 0.0051104 secs] [Times: user=0.00 sys=0.00, real=0.00 secs] 
2024-10-04T02:55:25.543+0300: 614.693: Total time for which application threads were stopped: 0.0054116 seconds, Stopping threads took: 0.0001808 seconds
2024-10-04T02:55:25.885+0300: 615.032: Application time: 0.3389925 seconds
2024-10-04T02:55:25.885+0300: 615.032: [GC (Allocation Failure) 2024-10-04T02:55:25.885+0300: 615.032: [DefNew: 1125976K->9717K(1258304K), 0.0072525 secs] 1140864K->24605K(4054528K), 0.0073359 secs] [Times: user=0.00 sys=0.00, real=0.00 secs] 
2024-10-04T02:55:25.885+0300: 615.039: Total time for which application threads were stopped: 0.0075919 seconds, Stopping threads took: 0.0001110 seconds
2024-10-04T02:55:26.230+0300: 615.386: Application time: 0.3464373 seconds
2024-10-04T02:55:26.230+0300: 615.386: [GC (Allocation Failure) 2024-10-04T02:55:26.230+0300: 615.386: [DefNew: 1128245K->5487K(1258304K), 0.0032309 secs] 1143133K->20375K(4054528K), 0.0033004 secs] [Times: user=0.00 sys=0.00, real=0.00 secs] 
2024-10-04T02:55:26.230+0300: 615.389: Total time for which application threads were stopped: 0.0036344 seconds, Stopping threads took: 0.0002016 seconds
2024-10-04T02:55:26.591+0300: 615.738: Application time: 0.3485647 seconds
2024-10-04T02:55:26.591+0300: 615.738: [GC (Allocation Failure) 2024-10-04T02:55:26.591+0300: 615.738: [DefNew: 1124015K->5662K(1258304K), 0.0032850 secs] 1138903K->20551K(4054528K), 0.0033539 secs] [Times: user=0.00 sys=0.00, real=0.00 secs] 
2024-10-04T02:55:26.591+0300: 615.742: Total time for which application threads were stopped: 0.0035877 seconds, Stopping threads took: 0.0001142 seconds
2024-10-04T02:55:26.921+0300: 616.081: Application time: 0.3390190 seconds
2024-10-04T02:55:26.921+0300: 616.081: [GC (Allocation Failure) 2024-10-04T02:55:26.921+0300: 616.081: [DefNew: 1124190K->5479K(1258304K), 0.0033073 secs] 1139079K->20368K(4054528K), 0.0033899 secs] [Times: user=0.00 sys=0.00, real=0.02 secs] 
2024-10-04T02:55:26.937+0300: 616.084: Total time for which application threads were stopped: 0.0037488 seconds, Stopping threads took: 0.0001752 seconds
2024-10-04T02:55:27.266+0300: 616.423: Application time: 0.3391165 seconds
2024-10-04T02:55:27.266+0300: 616.424: [GC (Allocation Failure) 2024-10-04T02:55:27.266+0300: 616.424: [DefNew: 1124007K->7553K(1258304K), 0.0052248 secs] 1138896K->22442K(4054528K), 0.0053021 secs] [Times: user=0.00 sys=0.00, real=0.01 secs] 
2024-10-04T02:55:27.281+0300: 616.429: Total time for which application threads were stopped: 0.0056393 seconds, Stopping threads took: 0.0002099 seconds
2024-10-04T02:55:27.627+0300: 616.773: Application time: 0.3438808 seconds
2024-10-04T02:55:27.627+0300: 616.773: [GC (Allocation Failure) 2024-10-04T02:55:27.627+0300: 616.773: [DefNew: 1126081K->6276K(1258304K), 0.0036547 secs] 1140970K->21165K(4054528K), 0.0037202 secs] [Times: user=0.00 sys=0.00, real=0.00 secs] 
2024-10-04T02:55:27.627+0300: 616.777: Total time for which application threads were stopped: 0.0040108 seconds, Stopping threads took: 0.0001659 seconds
2024-10-04T02:55:27.973+0300: 617.126: Application time: 0.3490180 seconds
2024-10-04T02:55:27.973+0300: 617.126: [GC (Allocation Failure) 2024-10-04T02:55:27.973+0300: 617.126: [DefNew: 1124804K->5728K(1258304K), 0.0034322 secs] 1139693K->20618K(4054528K), 0.0035050 secs] [Times: user=0.00 sys=0.00, real=0.00 secs] 
2024-10-04T02:55:27.973+0300: 617.130: Total time for which application threads were stopped: 0.0038573 seconds, Stopping threads took: 0.0001956 seconds
2024-10-04T02:55:28.318+0300: 617.471: Application time: 0.3412029 seconds
2024-10-04T02:55:28.318+0300: 617.471: [GC (Allocation Failure) 2024-10-04T02:55:28.318+0300: 617.471: [DefNew: 1124256K->5721K(1258304K), 0.0032613 secs] 1139146K->20612K(4054528K), 0.0033430 secs] [Times: user=0.00 sys=0.00, real=0.00 secs] 
2024-10-04T02:55:28.318+0300: 617.475: Total time for which application threads were stopped: 0.0036766 seconds, Stopping threads took: 0.0002150 seconds
2024-10-04T02:55:28.664+0300: 617.816: Application time: 0.3415001 seconds
2024-10-04T02:55:28.664+0300: 617.816: [GC (Allocation Failure) 2024-10-04T02:55:28.664+0300: 617.817: [DefNew: 1124249K->7772K(1258304K), 0.0052079 secs] 1139140K->22663K(4054528K), 0.0052714 secs] [Times: user=0.00 sys=0.00, real=0.00 secs] 
2024-10-04T02:55:28.664+0300: 617.822: Total time for which application threads were stopped: 0.0055824 seconds, Stopping threads took: 0.0001946 seconds
2024-10-04T02:55:29.009+0300: 618.162: Application time: 0.3402213 seconds
2024-10-04T02:55:29.009+0300: 618.162: [GC (Allocation Failure) 2024-10-04T02:55:29.009+0300: 618.162: [DefNew: 1126300K->5524K(1258304K), 0.0033811 secs] 1141191K->20415K(4054528K), 0.0034689 secs] [Times: user=0.00 sys=0.00, real=0.00 secs] 
2024-10-04T02:55:29.009+0300: 618.166: Total time for which application threads were stopped: 0.0038208 seconds, Stopping threads took: 0.0001872 seconds
2024-10-04T02:55:29.354+0300: 618.514: Application time: 0.3479786 seconds
2024-10-04T02:55:29.354+0300: 618.514: [GC (Allocation Failure) 2024-10-04T02:55:29.354+0300: 618.514: [DefNew: 1124052K->5743K(1258304K), 0.0033972 secs] 1138943K->20634K(4054528K), 0.0034759 secs] [Times: user=0.00 sys=0.00, real=0.02 secs] 
2024-10-04T02:55:29.370+0300: 618.518: Total time for which application threads were stopped: 0.0037931 seconds, Stopping threads took: 0.0001875 seconds
2024-10-04T02:55:29.715+0300: 618.866: Application time: 0.3482999 seconds
2024-10-04T02:55:29.715+0300: 618.866: [GC (Allocation Failure) 2024-10-04T02:55:29.715+0300: 618.866: [DefNew: 1124271K->5787K(1258304K), 0.0034651 secs] 1139162K->20679K(4054528K), 0.0035357 secs] [Times: user=0.00 sys=0.00, real=0.00 secs] 
2024-10-04T02:55:29.715+0300: 618.870: Total time for which application threads were stopped: 0.0038274 seconds, Stopping threads took: 0.0001596 seconds
2024-10-04T02:55:30.060+0300: 619.213: Application time: 0.3429249 seconds
2024-10-04T02:55:30.060+0300: 619.213: [GC (Allocation Failure) 2024-10-04T02:55:30.060+0300: 619.213: [DefNew: 1124315K->5587K(1258304K), 0.0032923 secs] 1139207K->20479K(4054528K), 0.0033695 secs] [Times: user=0.00 sys=0.00, real=0.00 secs] 
2024-10-04T02:55:30.060+0300: 619.216: Total time for which application threads were stopped: 0.0037055 seconds, Stopping threads took: 0.0002045 seconds
2024-10-04T02:55:30.405+0300: 619.554: Application time: 0.3375623 seconds
2024-10-04T02:55:30.405+0300: 619.554: [GC (Allocation Failure) 2024-10-04T02:55:30.405+0300: 619.554: [DefNew: 1124115K->8152K(1258304K), 0.0052482 secs] 1139007K->23044K(4054528K), 0.0053154 secs] [Times: user=0.00 sys=0.00, real=0.00 secs] 
2024-10-04T02:55:30.405+0300: 619.560: Total time for which application threads were stopped: 0.0055546 seconds, Stopping threads took: 0.0001339 seconds
2024-10-04T02:55:30.755+0300: 619.905: Application time: 0.3453271 seconds
2024-10-04T02:55:30.755+0300: 619.905: [GC (Allocation Failure) 2024-10-04T02:55:30.755+0300: 619.905: [DefNew: 1126680K->6160K(1258304K), 0.0039043 secs] 1141572K->21052K(4054528K), 0.0039728 secs] [Times: user=0.00 sys=0.00, real=0.00 secs] 
2024-10-04T02:55:30.755+0300: 619.909: Total time for which application threads were stopped: 0.0042991 seconds, Stopping threads took: 0.0002021 seconds
2024-10-04T02:55:31.112+0300: 620.263: Application time: 0.3539903 seconds
2024-10-04T02:55:31.112+0300: 620.263: [GC (Allocation Failure) 2024-10-04T02:55:31.112+0300: 620.263: [DefNew: 1124688K->5617K(1258304K), 0.0032115 secs] 1139580K->20510K(4054528K), 0.0032918 secs] [Times: user=0.00 sys=0.00, real=0.00 secs] 
2024-10-04T02:55:31.112+0300: 620.267: Total time for which application threads were stopped: 0.0035896 seconds, Stopping threads took: 0.0001803 seconds
2024-10-04T02:55:31.457+0300: 620.606: Application time: 0.3397766 seconds
2024-10-04T02:55:31.457+0300: 620.607: [GC (Allocation Failure) 2024-10-04T02:55:31.457+0300: 620.607: [DefNew: 1124145K->5594K(1258304K), 0.0031626 secs] 1139038K->20487K(4054528K), 0.0032365 secs] [Times: user=0.00 sys=0.00, real=0.00 secs] 
2024-10-04T02:55:31.457+0300: 620.610: Total time for which application threads were stopped: 0.0035349 seconds, Stopping threads took: 0.0001721 seconds
2024-10-04T02:55:31.786+0300: 620.944: Application time: 0.3338019 seconds
2024-10-04T02:55:31.786+0300: 620.944: [GC (Allocation Failure) 2024-10-04T02:55:31.786+0300: 620.944: [DefNew: 1124122K->5914K(1258304K), 0.0035985 secs] 1139015K->20808K(4054528K), 0.0036664 secs] [Times: user=0.00 sys=0.00, real=0.02 secs] 
2024-10-04T02:55:31.802+0300: 620.948: Total time for which application threads were stopped: 0.0039738 seconds, Stopping threads took: 0.0001852 seconds
2024-10-04T02:55:32.147+0300: 621.295: Application time: 0.3474351 seconds
2024-10-04T02:55:32.147+0300: 621.295: [GC (Allocation Failure) 2024-10-04T02:55:32.147+0300: 621.296: [DefNew: 1124442K->6122K(1258304K), 0.0034737 secs] 1139336K->21016K(4054528K), 0.0035439 secs] [Times: user=0.00 sys=0.00, real=0.00 secs] 
2024-10-04T02:55:32.147+0300: 621.299: Total time for which application threads were stopped: 0.0037970 seconds, Stopping threads took: 0.0001356 seconds
2024-10-04T02:55:32.493+0300: 621.647: Application time: 0.3479418 seconds
2024-10-04T02:55:32.493+0300: 621.647: [GC (Allocation Failure) 2024-10-04T02:55:32.493+0300: 621.647: [DefNew: 1124650K->5638K(1258304K), 0.0033080 secs] 1139544K->20532K(4054528K), 0.0033764 secs] [Times: user=0.00 sys=0.00, real=0.00 secs] 
2024-10-04T02:55:32.493+0300: 621.651: Total time for which application threads were stopped: 0.0036951 seconds, Stopping threads took: 0.0001952 seconds
2024-10-04T02:55:32.853+0300: 622.000: Application time: 0.3494045 seconds
2024-10-04T02:55:32.853+0300: 622.000: [GC (Allocation Failure) 2024-10-04T02:55:32.853+0300: 622.000: [DefNew: 1124166K->5557K(1258304K), 0.0036071 secs] 1139060K->20451K(4054528K), 0.0036762 secs] [Times: user=0.00 sys=0.00, real=0.00 secs] 
2024-10-04T02:55:32.853+0300: 622.004: Total time for which application threads were stopped: 0.0040024 seconds, Stopping threads took: 0.0001799 seconds
2024-10-04T02:55:33.199+0300: 622.350: Application time: 0.3456217 seconds
2024-10-04T02:55:33.199+0300: 622.350: [GC (Allocation Failure) 2024-10-04T02:55:33.199+0300: 622.350: [DefNew: 1124085K->5674K(1258304K), 0.0033053 secs] 1138979K->20569K(4054528K), 0.0033807 secs] [Times: user=0.00 sys=0.00, real=0.00 secs] 
2024-10-04T02:55:33.199+0300: 622.353: Total time for which application threads were stopped: 0.0036701 seconds, Stopping threads took: 0.0001758 seconds
2024-10-04T02:55:33.528+0300: 622.681: Application time: 0.3279436 seconds
2024-10-04T02:55:33.528+0300: 622.682: [GC (Allocation Failure) 2024-10-04T02:55:33.528+0300: 622.682: [DefNew: 1124202K->7272K(1258304K), 0.0051584 secs] 1139097K->22167K(4054528K), 0.0052330 secs] [Times: user=0.00 sys=0.00, real=0.00 secs] 
2024-10-04T02:55:33.528+0300: 622.687: Total time for which application threads were stopped: 0.0055001 seconds, Stopping threads took: 0.0001556 seconds
2024-10-04T02:55:33.890+0300: 623.042: Application time: 0.3550614 seconds
2024-10-04T02:55:33.890+0300: 623.042: [GC (Allocation Failure) 2024-10-04T02:55:33.890+0300: 623.042: [DefNew: 1125800K->5872K(1258304K), 0.0034127 secs] 1140695K->20767K(4054528K), 0.0034917 secs] [Times: user=0.00 sys=0.00, real=0.00 secs] 
2024-10-04T02:55:33.890+0300: 623.046: Total time for which application threads were stopped: 0.0038457 seconds, Stopping threads took: 0.0001855 seconds
2024-10-04T02:55:34.251+0300: 623.398: Application time: 0.3518825 seconds
2024-10-04T02:55:34.251+0300: 623.398: [GC (Allocation Failure) 2024-10-04T02:55:34.251+0300: 623.398: [DefNew: 1124400K->5563K(1258304K), 0.0032391 secs] 1139295K->20458K(4054528K), 0.0033099 secs] [Times: user=0.00 sys=0.00, real=0.00 secs] 
2024-10-04T02:55:34.251+0300: 623.401: Total time for which application threads were stopped: 0.0036061 seconds, Stopping threads took: 0.0001756 seconds
2024-10-04T02:55:34.597+0300: 623.744: Application time: 0.3423960 seconds
2024-10-04T02:55:34.597+0300: 623.744: [GC (Allocation Failure) 2024-10-04T02:55:34.597+0300: 623.744: [DefNew: 1124091K->5758K(1258304K), 0.0033647 secs] 1138986K->20654K(4054528K), 0.0034330 secs] [Times: user=0.00 sys=0.00, real=0.00 secs] 
2024-10-04T02:55:34.597+0300: 623.747: Total time for which application threads were stopped: 0.0037356 seconds, Stopping threads took: 0.0001840 seconds
2024-10-04T02:55:34.942+0300: 624.094: Application time: 0.3468628 seconds
2024-10-04T02:55:34.942+0300: 624.095: [GC (Allocation Failure) 2024-10-04T02:55:34.942+0300: 624.095: [DefNew: 1124286K->6120K(1258304K), 0.0034818 secs] 1139182K->21016K(4054528K), 0.0035578 secs] [Times: user=0.00 sys=0.00, real=0.00 secs] 
2024-10-04T02:55:34.942+0300: 624.098: Total time for which application threads were stopped: 0.0039469 seconds, Stopping threads took: 0.0002276 seconds
2024-10-04T02:55:35.272+0300: 624.431: Application time: 0.3332659 seconds
2024-10-04T02:55:35.272+0300: 624.432: [GC (Allocation Failure) 2024-10-04T02:55:35.272+0300: 624.432: [DefNew: 1124648K->8027K(1258304K), 0.0055119 secs] 1139544K->22923K(4054528K), 0.0055879 secs] [Times: user=0.00 sys=0.00, real=0.02 secs] 
2024-10-04T02:55:35.288+0300: 624.437: Total time for which application threads were stopped: 0.0059160 seconds, Stopping threads took: 0.0002016 seconds
2024-10-04T02:55:35.633+0300: 624.786: Application time: 0.3486062 seconds
2024-10-04T02:55:35.633+0300: 624.786: [GC (Allocation Failure) 2024-10-04T02:55:35.633+0300: 624.786: [DefNew: 1126555K->5619K(1258304K), 0.0032418 secs] 1141451K->20516K(4054528K), 0.0033108 secs] [Times: user=0.00 sys=0.00, real=0.00 secs] 
2024-10-04T02:55:35.633+0300: 624.790: Total time for which application threads were stopped: 0.0035988 seconds, Stopping threads took: 0.0001756 seconds
2024-10-04T02:55:35.995+0300: 625.145: Application time: 0.3558487 seconds
2024-10-04T02:55:35.995+0300: 625.146: [GC (Allocation Failure) 2024-10-04T02:55:35.995+0300: 625.146: [DefNew: 1124147K->5654K(1258304K), 0.0033973 secs] 1139044K->20551K(4054528K), 0.0034686 secs] [Times: user=0.00 sys=0.00, real=0.00 secs] 
2024-10-04T02:55:35.995+0300: 625.149: Total time for which application threads were stopped: 0.0037538 seconds, Stopping threads took: 0.0001603 seconds
2024-10-04T02:55:36.340+0300: 625.487: Application time: 0.3380866 seconds
2024-10-04T02:55:36.340+0300: 625.488: [GC (Allocation Failure) 2024-10-04T02:55:36.340+0300: 625.488: [DefNew: 1124182K->7474K(1258304K), 0.0055173 secs] 1139079K->22372K(4054528K), 0.0055856 secs] [Times: user=0.00 sys=0.00, real=0.00 secs] 
2024-10-04T02:55:36.340+0300: 625.493: Total time for which application threads were stopped: 0.0058990 seconds, Stopping threads took: 0.0001859 seconds
2024-10-04T02:55:36.670+0300: 625.828: Application time: 0.3346132 seconds
2024-10-04T02:55:36.670+0300: 625.828: [GC (Allocation Failure) 2024-10-04T02:55:36.670+0300: 625.828: [DefNew: 1126002K->7509K(1258304K), 0.0052923 secs] 1140900K->22407K(4054528K), 0.0053605 secs] [Times: user=0.00 sys=0.00, real=0.02 secs] 
2024-10-04T02:55:36.686+0300: 625.834: Total time for which application threads were stopped: 0.0057095 seconds, Stopping threads took: 0.0002267 seconds
2024-10-04T02:55:37.031+0300: 626.182: Application time: 0.3487020 seconds
2024-10-04T02:55:37.031+0300: 626.182: [GC (Allocation Failure) 2024-10-04T02:55:37.031+0300: 626.183: [DefNew: 1126037K->7909K(1258304K), 0.0057573 secs] 1140935K->22807K(4054528K), 0.0058301 secs] [Times: user=0.00 sys=0.00, real=0.00 secs] 
2024-10-04T02:55:37.031+0300: 626.188: Total time for which application threads were stopped: 0.0061413 seconds, Stopping threads took: 0.0001777 seconds
2024-10-04T02:55:37.376+0300: 626.535: Application time: 0.3463076 seconds
2024-10-04T02:55:37.376+0300: 626.535: [GC (Allocation Failure) 2024-10-04T02:55:37.376+0300: 626.535: [DefNew: 1126437K->5580K(1258304K), 0.0034956 secs] 1141335K->20479K(4054528K), 0.0035683 secs] [Times: user=0.00 sys=0.00, real=0.02 secs] 
2024-10-04T02:55:37.392+0300: 626.539: Total time for which application threads were stopped: 0.0038930 seconds, Stopping threads took: 0.0001930 seconds
2024-10-04T02:55:37.722+0300: 626.881: Application time: 0.3428242 seconds
2024-10-04T02:55:37.722+0300: 626.882: [GC (Allocation Failure) 2024-10-04T02:55:37.722+0300: 626.882: [DefNew: 1124108K->5623K(1258304K), 0.0033146 secs] 1139007K->20522K(4054528K), 0.0033804 secs] [Times: user=0.00 sys=0.00, real=0.02 secs] 
2024-10-04T02:55:37.737+0300: 626.885: Total time for which application threads were stopped: 0.0036667 seconds, Stopping threads took: 0.0001669 seconds
2024-10-04T02:55:38.083+0300: 627.232: Application time: 0.3473925 seconds
2024-10-04T02:55:38.083+0300: 627.233: [GC (Allocation Failure) 2024-10-04T02:55:38.083+0300: 627.233: [DefNew: 1124151K->5738K(1258304K), 0.0033800 secs] 1139050K->20637K(4054528K), 0.0034550 secs] [Times: user=0.00 sys=0.00, real=0.00 secs] 
2024-10-04T02:55:38.083+0300: 627.236: Total time for which application threads were stopped: 0.0037546 seconds, Stopping threads took: 0.0001635 seconds
2024-10-04T02:55:38.413+0300: 627.568: Application time: 0.3317515 seconds
2024-10-04T02:55:38.413+0300: 627.568: [GC (Allocation Failure) 2024-10-04T02:55:38.413+0300: 627.568: [DefNew: 1124266K->6086K(1258304K), 0.0035152 secs] 1139165K->20985K(4054528K), 0.0035843 secs] [Times: user=0.00 sys=0.00, real=0.00 secs] 
2024-10-04T02:55:38.413+0300: 627.572: Total time for which application threads were stopped: 0.0038944 seconds, Stopping threads took: 0.0001888 seconds
2024-10-04T02:55:38.774+0300: 627.920: Application time: 0.3480030 seconds
2024-10-04T02:55:38.774+0300: 627.920: [GC (Allocation Failure) 2024-10-04T02:55:38.774+0300: 627.920: [DefNew: 1124614K->5606K(1258304K), 0.0033107 secs] 1139513K->20506K(4054528K), 0.0033860 secs] [Times: user=0.00 sys=0.00, real=0.00 secs] 
2024-10-04T02:55:38.774+0300: 627.924: Total time for which application threads were stopped: 0.0036518 seconds, Stopping threads took: 0.0001410 seconds
2024-10-04T02:55:39.135+0300: 628.280: Application time: 0.3565121 seconds
2024-10-04T02:55:39.135+0300: 628.280: [GC (Allocation Failure) 2024-10-04T02:55:39.135+0300: 628.280: [DefNew: 1124134K->5604K(1258304K), 0.0033086 secs] 1139034K->20504K(4054528K), 0.0033851 secs] [Times: user=0.00 sys=0.00, real=0.00 secs] 
2024-10-04T02:55:39.135+0300: 628.284: Total time for which application threads were stopped: 0.0036874 seconds, Stopping threads took: 0.0001531 seconds
2024-10-04T02:55:39.465+0300: 628.620: Application time: 0.3357973 seconds
2024-10-04T02:55:39.465+0300: 628.620: [GC (Allocation Failure) 2024-10-04T02:55:39.465+0300: 628.620: [DefNew: 1124132K->7357K(1258304K), 0.0051131 secs] 1139032K->22257K(4054528K), 0.0051897 secs] [Times: user=0.00 sys=0.00, real=0.01 secs] 
2024-10-04T02:55:39.475+0300: 628.625: Total time for which application threads were stopped: 0.0054906 seconds, Stopping threads took: 0.0001721 seconds
2024-10-04T02:55:39.810+0300: 628.963: Application time: 0.3377808 seconds
2024-10-04T02:55:39.810+0300: 628.963: [GC (Allocation Failure) 2024-10-04T02:55:39.810+0300: 628.963: [DefNew: 1125885K->7346K(1258304K), 0.0049113 secs] 1140785K->22247K(4054528K), 0.0049829 secs] [Times: user=0.00 sys=0.00, real=0.00 secs] 
2024-10-04T02:55:39.810+0300: 628.968: Total time for which application threads were stopped: 0.0052557 seconds, Stopping threads took: 0.0001579 seconds
2024-10-04T02:55:40.156+0300: 629.311: Application time: 0.3428884 seconds
2024-10-04T02:55:40.156+0300: 629.311: [GC (Allocation Failure) 2024-10-04T02:55:40.156+0300: 629.311: [DefNew: 1125874K->9966K(1258304K), 0.0079788 secs] 1140775K->24867K(4054528K), 0.0080606 secs] [Times: user=0.00 sys=0.00, real=0.02 secs] 
2024-10-04T02:55:40.171+0300: 629.319: Total time for which application threads were stopped: 0.0083809 seconds, Stopping threads took: 0.0001965 seconds
2024-10-04T02:55:40.517+0300: 629.664: Application time: 0.3448642 seconds
2024-10-04T02:55:40.517+0300: 629.664: [GC (Allocation Failure) 2024-10-04T02:55:40.517+0300: 629.665: [DefNew: 1128494K->5652K(1258304K), 0.0033311 secs] 1143395K->20554K(4054528K), 0.0033995 secs] [Times: user=0.00 sys=0.00, real=0.00 secs] 
2024-10-04T02:55:40.517+0300: 629.668: Total time for which application threads were stopped: 0.0036951 seconds, Stopping threads took: 0.0001690 seconds
2024-10-04T02:55:40.863+0300: 630.018: Application time: 0.3505810 seconds
2024-10-04T02:55:40.863+0300: 630.019: [GC (Allocation Failure) 2024-10-04T02:55:40.863+0300: 630.019: [DefNew: 1124180K->5606K(1258304K), 0.0039123 secs] 1139082K->20507K(4054528K), 0.0039885 secs] [Times: user=0.00 sys=0.00, real=0.00 secs] 
2024-10-04T02:55:40.863+0300: 630.023: Total time for which application threads were stopped: 0.0042931 seconds, Stopping threads took: 0.0001784 seconds
2024-10-04T02:55:41.208+0300: 630.360: Application time: 0.3373321 seconds
2024-10-04T02:55:41.208+0300: 630.360: [GC (Allocation Failure) 2024-10-04T02:55:41.208+0300: 630.360: [DefNew: 1124134K->6010K(1258304K), 0.0034426 secs] 1139035K->20912K(4054528K), 0.0035158 secs] [Times: user=0.00 sys=0.00, real=0.00 secs] 
2024-10-04T02:55:41.208+0300: 630.364: Total time for which application threads were stopped: 0.0038419 seconds, Stopping threads took: 0.0002020 seconds
2024-10-04T02:55:41.553+0300: 630.699: Application time: 0.3350489 seconds
2024-10-04T02:55:41.553+0300: 630.699: [GC (Allocation Failure) 2024-10-04T02:55:41.553+0300: 630.699: [DefNew: 1124538K->5549K(1258304K), 0.0031480 secs] 1139440K->20452K(4054528K), 0.0032154 secs] [Times: user=0.00 sys=0.00, real=0.00 secs] 
2024-10-04T02:55:41.553+0300: 630.702: Total time for which application threads were stopped: 0.0034756 seconds, Stopping threads took: 0.0001403 seconds
2024-10-04T02:55:41.899+0300: 631.054: Application time: 0.3518387 seconds
2024-10-04T02:55:41.899+0300: 631.055: [GC (Allocation Failure) 2024-10-04T02:55:41.899+0300: 631.055: [DefNew: 1124077K->7296K(1258304K), 0.0050127 secs] 1138980K->22198K(4054528K), 0.0050882 secs] [Times: user=0.00 sys=0.00, real=0.02 secs] 
2024-10-04T02:55:41.914+0300: 631.060: Total time for which application threads were stopped: 0.0053814 seconds, Stopping threads took: 0.0001689 seconds
2024-10-04T02:55:42.244+0300: 631.404: Application time: 0.3439226 seconds
2024-10-04T02:55:42.244+0300: 631.404: [GC (Allocation Failure) 2024-10-04T02:55:42.244+0300: 631.404: [DefNew: 1125824K->5617K(1258304K), 0.0033159 secs] 1140726K->20519K(4054528K), 0.0033854 secs] [Times: user=0.00 sys=0.00, real=0.02 secs] 
2024-10-04T02:55:42.260+0300: 631.407: Total time for which application threads were stopped: 0.0037061 seconds, Stopping threads took: 0.0001956 seconds
2024-10-04T02:55:42.590+0300: 631.744: Application time: 0.3367658 seconds
2024-10-04T02:55:42.590+0300: 631.744: [GC (Allocation Failure) 2024-10-04T02:55:42.590+0300: 631.744: [DefNew: 1124145K->5672K(1258304K), 0.0032634 secs] 1139047K->20575K(4054528K), 0.0033333 secs] [Times: user=0.00 sys=0.00, real=0.00 secs] 
2024-10-04T02:55:42.590+0300: 631.748: Total time for which application threads were stopped: 0.0036327 seconds, Stopping threads took: 0.0001874 seconds
2024-10-04T02:55:42.935+0300: 632.093: Application time: 0.3447560 seconds
2024-10-04T02:55:42.935+0300: 632.093: [GC (Allocation Failure) 2024-10-04T02:55:42.935+0300: 632.093: [DefNew: 1124200K->7393K(1258304K), 0.0052339 secs] 1139103K->22296K(4054528K), 0.0053190 secs] [Times: user=0.00 sys=0.00, real=0.02 secs] 
2024-10-04T02:55:42.950+0300: 632.098: Total time for which application threads were stopped: 0.0056682 seconds, Stopping threads took: 0.0001907 seconds
2024-10-04T02:55:43.284+0300: 632.432: Application time: 0.3341004 seconds
2024-10-04T02:55:43.284+0300: 632.433: [GC (Allocation Failure) 2024-10-04T02:55:43.284+0300: 632.433: [DefNew: 1125921K->6878K(1258304K), 0.0047803 secs] 1140824K->21782K(4054528K), 0.0049261 secs] [Times: user=0.00 sys=0.00, real=0.00 secs] 
2024-10-04T02:55:43.284+0300: 632.438: Total time for which application threads were stopped: 0.0052640 seconds, Stopping threads took: 0.0002089 seconds
2024-10-04T02:55:43.642+0300: 632.798: Application time: 0.3602296 seconds
2024-10-04T02:55:43.642+0300: 632.798: [GC (Allocation Failure) 2024-10-04T02:55:43.642+0300: 632.798: [DefNew: 1125406K->5726K(1258304K), 0.0039131 secs] 1140310K->20630K(4054528K), 0.0039872 secs] [Times: user=0.01 sys=0.00, real=0.00 secs] 
2024-10-04T02:55:43.642+0300: 632.802: Total time for which application threads were stopped: 0.0043543 seconds, Stopping threads took: 0.0002096 seconds
2024-10-04T02:55:44.018+0300: 633.169: Application time: 0.3665112 seconds
2024-10-04T02:55:44.018+0300: 633.169: [GC (Allocation Failure) 2024-10-04T02:55:44.018+0300: 633.169: [DefNew: 1124254K->5552K(1258304K), 0.0034565 secs] 1139158K->20456K(4054528K), 0.0035339 secs] [Times: user=0.00 sys=0.00, real=0.00 secs] 
2024-10-04T02:55:44.018+0300: 633.173: Total time for which application threads were stopped: 0.0038455 seconds, Stopping threads took: 0.0001741 seconds
2024-10-04T02:55:44.364+0300: 633.515: Application time: 0.3421886 seconds
2024-10-04T02:55:44.364+0300: 633.515: [GC (Allocation Failure) 2024-10-04T02:55:44.364+0300: 633.515: [DefNew: 1124080K->7424K(1258304K), 0.0051131 secs] 1138984K->22329K(4054528K), 0.0051867 secs] [Times: user=0.00 sys=0.00, real=0.00 secs] 
2024-10-04T02:55:44.364+0300: 633.520: Total time for which application threads were stopped: 0.0054735 seconds, Stopping threads took: 0.0001544 seconds
2024-10-04T02:55:44.694+0300: 633.853: Application time: 0.3331900 seconds
2024-10-04T02:55:44.694+0300: 633.854: [GC (Allocation Failure) 2024-10-04T02:55:44.694+0300: 633.854: [DefNew: 1125952K->5831K(1258304K), 0.0039400 secs] 1140857K->20736K(4054528K), 0.0040223 secs] [Times: user=0.00 sys=0.00, real=0.02 secs] 
2024-10-04T02:55:44.710+0300: 633.858: Total time for which application threads were stopped: 0.0044088 seconds, Stopping threads took: 0.0002062 seconds
2024-10-04T02:55:45.054+0300: 634.215: Application time: 0.3570214 seconds
2024-10-04T02:55:45.070+0300: 634.215: [GC (Allocation Failure) 2024-10-04T02:55:45.070+0300: 634.215: [DefNew: 1124359K->7983K(1258304K), 0.0054775 secs] 1139264K->22888K(4054528K), 0.0055520 secs] [Times: user=0.02 sys=0.00, real=0.00 secs] 
2024-10-04T02:55:45.070+0300: 634.221: Total time for which application threads were stopped: 0.0059034 seconds, Stopping threads took: 0.0001512 seconds
2024-10-04T02:55:45.416+0300: 634.567: Application time: 0.3460184 seconds
2024-10-04T02:55:45.416+0300: 634.567: [GC (Allocation Failure) 2024-10-04T02:55:45.416+0300: 634.567: [DefNew: 1126511K->5573K(1258304K), 0.0034298 secs] 1141416K->20479K(4054528K), 0.0034988 secs] [Times: user=0.00 sys=0.00, real=0.00 secs] 
2024-10-04T02:55:45.416+0300: 634.571: Total time for which application threads were stopped: 0.0038089 seconds, Stopping threads took: 0.0001851 seconds
2024-10-04T02:55:45.761+0300: 634.917: Application time: 0.3460526 seconds
2024-10-04T02:55:45.761+0300: 634.917: [GC (Allocation Failure) 2024-10-04T02:55:45.761+0300: 634.917: [DefNew: 1124101K->6144K(1258304K), 0.0040064 secs] 1139007K->21050K(4054528K), 0.0040841 secs] [Times: user=0.00 sys=0.00, real=0.00 secs] 
2024-10-04T02:55:45.761+0300: 634.921: Total time for which application threads were stopped: 0.0043593 seconds, Stopping threads took: 0.0001305 seconds
2024-10-04T02:55:46.122+0300: 635.274: Application time: 0.3529280 seconds
2024-10-04T02:55:46.122+0300: 635.274: [GC (Allocation Failure) 2024-10-04T02:55:46.122+0300: 635.274: [DefNew: 1124672K->5632K(1258304K), 0.0040716 secs] 1139578K->20538K(4054528K), 0.0042339 secs] [Times: user=0.00 sys=0.00, real=0.00 secs] 
2024-10-04T02:55:46.122+0300: 635.278: Total time for which application threads were stopped: 0.0045388 seconds, Stopping threads took: 0.0001695 seconds
2024-10-04T02:55:46.467+0300: 635.613: Application time: 0.3348579 seconds
2024-10-04T02:55:46.467+0300: 635.613: [GC (Allocation Failure) 2024-10-04T02:55:46.467+0300: 635.613: [DefNew: 1124160K->6149K(1258304K), 0.0036362 secs] 1139066K->21055K(4054528K), 0.0037074 secs] [Times: user=0.00 sys=0.00, real=0.00 secs] 
2024-10-04T02:55:46.467+0300: 635.617: Total time for which application threads were stopped: 0.0039177 seconds, Stopping threads took: 0.0000976 seconds
2024-10-04T02:55:46.813+0300: 635.964: Application time: 0.3469738 seconds
2024-10-04T02:55:46.813+0300: 635.964: [GC (Allocation Failure) 2024-10-04T02:55:46.813+0300: 635.965: [DefNew: 1124677K->7708K(1258304K), 0.0056547 secs] 1139583K->22615K(4054528K), 0.0057708 secs] [Times: user=0.00 sys=0.00, real=0.00 secs] 
2024-10-04T02:55:46.813+0300: 635.970: Total time for which application threads were stopped: 0.0061131 seconds, Stopping threads took: 0.0001679 seconds
2024-10-04T02:55:47.174+0300: 636.324: Application time: 0.3537977 seconds
2024-10-04T02:55:47.174+0300: 636.324: [GC (Allocation Failure) 2024-10-04T02:55:47.174+0300: 636.324: [DefNew: 1126236K->5690K(1258304K), 0.0033222 secs] 1141143K->20598K(4054528K), 0.0033886 secs] [Times: user=0.00 sys=0.00, real=0.00 secs] 
2024-10-04T02:55:47.174+0300: 636.328: Total time for which application threads were stopped: 0.0036623 seconds, Stopping threads took: 0.0001536 seconds
2024-10-04T02:55:47.519+0300: 636.672: Application time: 0.3443783 seconds
2024-10-04T02:55:47.519+0300: 636.672: [GC (Allocation Failure) 2024-10-04T02:55:47.519+0300: 636.672: [DefNew: 1124218K->5420K(1258304K), 0.0030706 secs] 1139126K->20327K(4054528K), 0.0031387 secs] [Times: user=0.00 sys=0.00, real=0.00 secs] 
2024-10-04T02:55:47.519+0300: 636.676: Total time for which application threads were stopped: 0.0033738 seconds, Stopping threads took: 0.0001247 seconds
2024-10-04T02:55:47.865+0300: 637.020: Application time: 0.3449847 seconds
2024-10-04T02:55:47.865+0300: 637.021: [GC (Allocation Failure) 2024-10-04T02:55:47.865+0300: 637.021: [DefNew: 1123948K->7323K(1258304K), 0.0052001 secs] 1138855K->22231K(4054528K), 0.0052602 secs] [Times: user=0.00 sys=0.00, real=0.02 secs] 
2024-10-04T02:55:47.880+0300: 637.026: Total time for which application threads were stopped: 0.0055410 seconds, Stopping threads took: 0.0001464 seconds
2024-10-04T02:55:48.210+0300: 637.361: Application time: 0.3352302 seconds
2024-10-04T02:55:48.210+0300: 637.362: [GC (Allocation Failure) 2024-10-04T02:55:48.210+0300: 637.362: [DefNew: 1125851K->7150K(1258304K), 0.0048902 secs] 1140759K->22058K(4054528K), 0.0049650 secs] [Times: user=0.00 sys=0.00, real=0.00 secs] 
2024-10-04T02:55:48.210+0300: 637.367: Total time for which application threads were stopped: 0.0052387 seconds, Stopping threads took: 0.0001554 seconds
2024-10-04T02:55:48.555+0300: 637.710: Application time: 0.3436256 seconds
2024-10-04T02:55:48.555+0300: 637.710: [GC (Allocation Failure) 2024-10-04T02:55:48.555+0300: 637.710: [DefNew: 1125678K->6647K(1258304K), 0.0037753 secs] 1140586K->21556K(4054528K), 0.0038423 secs] [Times: user=0.00 sys=0.00, real=0.00 secs] 
2024-10-04T02:55:48.555+0300: 637.714: Total time for which application threads were stopped: 0.0041542 seconds, Stopping threads took: 0.0001870 seconds
2024-10-04T02:55:48.917+0300: 638.066: Application time: 0.3513522 seconds
2024-10-04T02:55:48.917+0300: 638.066: [GC (Allocation Failure) 2024-10-04T02:55:48.917+0300: 638.066: [DefNew: 1125175K->5579K(1258304K), 0.0031878 secs] 1140084K->20488K(4054528K), 0.0032530 secs] [Times: user=0.00 sys=0.00, real=0.00 secs] 
2024-10-04T02:55:48.917+0300: 638.069: Total time for which application threads were stopped: 0.0035745 seconds, Stopping threads took: 0.0001821 seconds
2024-10-04T02:55:49.261+0300: 638.414: Application time: 0.3450273 seconds
2024-10-04T02:55:49.261+0300: 638.415: [GC (Allocation Failure) 2024-10-04T02:55:49.261+0300: 638.415: [DefNew: 1124107K->5496K(1258304K), 0.0030842 secs] 1139016K->20405K(4054528K), 0.0031600 secs] [Times: user=0.00 sys=0.00, real=0.00 secs] 
2024-10-04T02:55:49.261+0300: 638.418: Total time for which application threads were stopped: 0.0034337 seconds, Stopping threads took: 0.0001546 seconds
2024-10-04T02:55:49.607+0300: 638.753: Application time: 0.3356333 seconds
2024-10-04T02:55:49.607+0300: 638.754: [GC (Allocation Failure) 2024-10-04T02:55:49.607+0300: 638.754: [DefNew: 1124024K->6074K(1258304K), 0.0034966 secs] 1138933K->20983K(4054528K), 0.0035676 secs] [Times: user=0.00 sys=0.00, real=0.00 secs] 
2024-10-04T02:55:49.607+0300: 638.757: Total time for which application threads were stopped: 0.0038371 seconds, Stopping threads took: 0.0001445 seconds
2024-10-04T02:55:49.936+0300: 639.096: Application time: 0.3386658 seconds
2024-10-04T02:55:49.936+0300: 639.096: [GC (Allocation Failure) 2024-10-04T02:55:49.936+0300: 639.096: [DefNew: 1124602K->6851K(1258304K), 0.0042065 secs] 1139511K->21761K(4054528K), 0.0042806 secs] [Times: user=0.00 sys=0.00, real=0.02 secs] 
2024-10-04T02:55:49.952+0300: 639.101: Total time for which application threads were stopped: 0.0046875 seconds, Stopping threads took: 0.0002623 seconds
2024-10-04T02:55:50.302+0300: 639.454: Application time: 0.3538696 seconds
2024-10-04T02:55:50.302+0300: 639.455: [GC (Allocation Failure) 2024-10-04T02:55:50.302+0300: 639.455: [DefNew: 1125379K->5399K(1258304K), 0.0030817 secs] 1140289K->20309K(4054528K), 0.0031559 secs] [Times: user=0.00 sys=0.00, real=0.00 secs] 
2024-10-04T02:55:50.302+0300: 639.458: Total time for which application threads were stopped: 0.0035316 seconds, Stopping threads took: 0.0002499 seconds
2024-10-04T02:55:50.659+0300: 639.807: Application time: 0.3487753 seconds
2024-10-04T02:55:50.659+0300: 639.807: [GC (Allocation Failure) 2024-10-04T02:55:50.659+0300: 639.807: [DefNew: 1123927K->5552K(1258304K), 0.0032467 secs] 1138837K->20463K(4054528K), 0.0033141 secs] [Times: user=0.00 sys=0.00, real=0.00 secs] 
2024-10-04T02:55:50.659+0300: 639.810: Total time for which application threads were stopped: 0.0035832 seconds, Stopping threads took: 0.0001503 seconds
2024-10-04T02:55:51.005+0300: 640.157: Application time: 0.3465872 seconds
2024-10-04T02:55:51.005+0300: 640.157: [GC (Allocation Failure) 2024-10-04T02:55:51.005+0300: 640.157: [DefNew: 1124080K->5687K(1258304K), 0.0032837 secs] 1138991K->20598K(4054528K), 0.0033544 secs] [Times: user=0.00 sys=0.00, real=0.00 secs] 
2024-10-04T02:55:51.005+0300: 640.161: Total time for which application threads were stopped: 0.0036423 seconds, Stopping threads took: 0.0001603 seconds
2024-10-04T02:55:51.334+0300: 640.495: Application time: 0.3341816 seconds
2024-10-04T02:55:51.334+0300: 640.495: [GC (Allocation Failure) 2024-10-04T02:55:51.334+0300: 640.495: [DefNew: 1124215K->5692K(1258304K), 0.0032414 secs] 1139126K->20603K(4054528K), 0.0033101 secs] [Times: user=0.00 sys=0.00, real=0.02 secs] 
2024-10-04T02:55:51.350+0300: 640.498: Total time for which application threads were stopped: 0.0036291 seconds, Stopping threads took: 0.0001870 seconds
2024-10-04T02:55:51.695+0300: 640.844: Application time: 0.3456564 seconds
2024-10-04T02:55:51.695+0300: 640.844: [GC (Allocation Failure) 2024-10-04T02:55:51.695+0300: 640.844: [DefNew: 1124220K->6347K(1258304K), 0.0035543 secs] 1139131K->21259K(4054528K), 0.0036284 secs] [Times: user=0.00 sys=0.00, real=0.00 secs] 
2024-10-04T02:55:51.695+0300: 640.848: Total time for which application threads were stopped: 0.0039012 seconds, Stopping threads took: 0.0001493 seconds
2024-10-04T02:55:52.057+0300: 641.208: Application time: 0.3602799 seconds
2024-10-04T02:55:52.057+0300: 641.208: [GC (Allocation Failure) 2024-10-04T02:55:52.057+0300: 641.208: [DefNew: 1124875K->5593K(1258304K), 0.0032815 secs] 1139787K->20505K(4054528K), 0.0033528 secs] [Times: user=0.00 sys=0.00, real=0.00 secs] 
2024-10-04T02:55:52.057+0300: 641.212: Total time for which application threads were stopped: 0.0036570 seconds, Stopping threads took: 0.0001670 seconds
2024-10-04T02:55:52.407+0300: 641.554: Application time: 0.3422120 seconds
2024-10-04T02:55:52.407+0300: 641.554: [GC (Allocation Failure) 2024-10-04T02:55:52.407+0300: 641.554: [DefNew: 1124121K->5494K(1258304K), 0.0030962 secs] 1139033K->20406K(4054528K), 0.0031671 secs] [Times: user=0.00 sys=0.00, real=0.00 secs] 
2024-10-04T02:55:52.407+0300: 641.558: Total time for which application threads were stopped: 0.0034534 seconds, Stopping threads took: 0.0001711 seconds
2024-10-04T02:55:52.733+0300: 641.893: Application time: 0.3349968 seconds
2024-10-04T02:55:52.733+0300: 641.893: [GC (Allocation Failure) 2024-10-04T02:55:52.733+0300: 641.893: [DefNew: 1124022K->5528K(1258304K), 0.0031491 secs] 1138934K->20440K(4054528K), 0.0032218 secs] [Times: user=0.00 sys=0.00, real=0.01 secs] 
2024-10-04T02:55:52.748+0300: 641.896: Total time for which application threads were stopped: 0.0035061 seconds, Stopping threads took: 0.0001817 seconds
2024-10-04T02:55:53.093+0300: 642.242: Application time: 0.3460657 seconds
2024-10-04T02:55:53.093+0300: 642.242: [GC (Allocation Failure) 2024-10-04T02:55:53.093+0300: 642.242: [DefNew: 1124056K->8558K(1258304K), 0.0063563 secs] 1138968K->23470K(4054528K), 0.0064258 secs] [Times: user=0.00 sys=0.00, real=0.00 secs] 
2024-10-04T02:55:53.093+0300: 642.249: Total time for which application threads were stopped: 0.0067117 seconds, Stopping threads took: 0.0001706 seconds
2024-10-04T02:55:53.439+0300: 642.595: Application time: 0.3465420 seconds
2024-10-04T02:55:53.439+0300: 642.596: [GC (Allocation Failure) 2024-10-04T02:55:53.439+0300: 642.596: [DefNew: 1127086K->5541K(1258304K), 0.0035544 secs] 1141998K->20454K(4054528K), 0.0036260 secs] [Times: user=0.00 sys=0.00, real=0.00 secs] 
2024-10-04T02:55:53.439+0300: 642.599: Total time for which application threads were stopped: 0.0040233 seconds, Stopping threads took: 0.0002597 seconds
2024-10-04T02:55:53.800+0300: 642.953: Application time: 0.3539501 seconds
2024-10-04T02:55:53.800+0300: 642.954: [GC (Allocation Failure) 2024-10-04T02:55:53.800+0300: 642.954: [DefNew: 1124069K->5672K(1258304K), 0.0033465 secs] 1138982K->20585K(4054528K), 0.0034280 secs] [Times: user=0.00 sys=0.00, real=0.01 secs] 
2024-10-04T02:55:53.810+0300: 642.957: Total time for which application threads were stopped: 0.0037581 seconds, Stopping threads took: 0.0002036 seconds
2024-10-04T02:55:54.146+0300: 643.303: Application time: 0.3461805 seconds
2024-10-04T02:55:54.146+0300: 643.304: [GC (Allocation Failure) 2024-10-04T02:55:54.146+0300: 643.304: [DefNew: 1124200K->6016K(1258304K), 0.0036255 secs] 1139113K->20929K(4054528K), 0.0036974 secs] [Times: user=0.00 sys=0.00, real=0.02 secs] 
2024-10-04T02:55:54.161+0300: 643.307: Total time for which application threads were stopped: 0.0040198 seconds, Stopping threads took: 0.0001985 seconds
2024-10-04T02:55:54.491+0300: 643.639: Application time: 0.3318774 seconds
2024-10-04T02:55:54.491+0300: 643.639: [GC (Allocation Failure) 2024-10-04T02:55:54.491+0300: 643.639: [DefNew: 1124544K->5742K(1258304K), 0.0033035 secs] 1139457K->20656K(4054528K), 0.0033724 secs] [Times: user=0.00 sys=0.00, real=0.00 secs] 
2024-10-04T02:55:54.491+0300: 643.643: Total time for which application threads were stopped: 0.0036455 seconds, Stopping threads took: 0.0001587 seconds
2024-10-04T02:55:54.837+0300: 643.983: Application time: 0.3400593 seconds
2024-10-04T02:55:54.837+0300: 643.983: [GC (Allocation Failure) 2024-10-04T02:55:54.837+0300: 643.983: [DefNew: 1124270K->10752K(1258304K), 0.0111018 secs] 1139184K->25666K(4054528K), 0.0111704 secs] [Times: user=0.00 sys=0.00, real=0.00 secs] 
2024-10-04T02:55:54.837+0300: 643.994: Total time for which application threads were stopped: 0.0114594 seconds, Stopping threads took: 0.0001638 seconds
2024-10-04T02:55:55.197+0300: 644.345: Application time: 0.3509285 seconds
2024-10-04T02:55:55.197+0300: 644.346: [GC (Allocation Failure) 2024-10-04T02:55:55.197+0300: 644.346: [DefNew: 1129280K->5433K(1258304K), 0.0032014 secs] 1144194K->20347K(4054528K), 0.0032830 secs] [Times: user=0.00 sys=0.00, real=0.00 secs] 
2024-10-04T02:55:55.197+0300: 644.349: Total time for which application threads were stopped: 0.0036645 seconds, Stopping threads took: 0.0002302 seconds
2024-10-04T02:55:55.543+0300: 644.695: Application time: 0.3455718 seconds
2024-10-04T02:55:55.543+0300: 644.695: [GC (Allocation Failure) 2024-10-04T02:55:55.543+0300: 644.695: [DefNew: 1123961K->5587K(1258304K), 0.0032751 secs] 1138875K->20502K(4054528K), 0.0033431 secs] [Times: user=0.00 sys=0.00, real=0.00 secs] 
2024-10-04T02:55:55.543+0300: 644.698: Total time for which application threads were stopped: 0.0036549 seconds, Stopping threads took: 0.0001834 seconds
2024-10-04T02:55:55.888+0300: 645.039: Application time: 0.3410791 seconds
2024-10-04T02:55:55.888+0300: 645.040: [GC (Allocation Failure) 2024-10-04T02:55:55.888+0300: 645.040: [DefNew: 1124115K->6461K(1258304K), 0.0042843 secs] 1139030K->21376K(4054528K), 0.0043629 secs] [Times: user=0.01 sys=0.00, real=0.00 secs] 
2024-10-04T02:55:55.888+0300: 645.044: Total time for which application threads were stopped: 0.0047055 seconds, Stopping threads took: 0.0001822 seconds
2024-10-04T02:55:56.234+0300: 645.384: Application time: 0.3404913 seconds
2024-10-04T02:55:56.234+0300: 645.385: [GC (Allocation Failure) 2024-10-04T02:55:56.234+0300: 645.385: [DefNew: 1124989K->7358K(1258304K), 0.0046893 secs] 1139904K->22274K(4054528K), 0.0047653 secs] [Times: user=0.00 sys=0.00, real=0.00 secs] 
2024-10-04T02:55:56.234+0300: 645.390: Total time for which application threads were stopped: 0.0050426 seconds, Stopping threads took: 0.0001608 seconds
2024-10-04T02:55:56.579+0300: 645.734: Application time: 0.3443378 seconds
2024-10-04T02:55:56.579+0300: 645.734: [GC (Allocation Failure) 2024-10-04T02:55:56.579+0300: 645.734: [DefNew: 1125886K->7723K(1258304K), 0.0052957 secs] 1140802K->22638K(4054528K), 0.0053673 secs] [Times: user=0.00 sys=0.00, real=0.02 secs] 
2024-10-04T02:55:56.594+0300: 645.740: Total time for which application threads were stopped: 0.0056709 seconds, Stopping threads took: 0.0001762 seconds
2024-10-04T02:55:56.940+0300: 646.091: Application time: 0.3512706 seconds
2024-10-04T02:55:56.940+0300: 646.091: [GC (Allocation Failure) 2024-10-04T02:55:56.940+0300: 646.091: [DefNew: 1126251K->5603K(1258304K), 0.0032984 secs] 1141166K->20519K(4054528K), 0.0033827 secs] [Times: user=0.00 sys=0.00, real=0.00 secs] 
2024-10-04T02:55:56.940+0300: 646.095: Total time for which application threads were stopped: 0.0037788 seconds, Stopping threads took: 0.0002387 seconds
2024-10-04T02:55:57.285+0300: 646.437: Application time: 0.3424175 seconds
2024-10-04T02:55:57.285+0300: 646.437: [GC (Allocation Failure) 2024-10-04T02:55:57.285+0300: 646.437: [DefNew: 1124131K->5626K(1258304K), 0.0032621 secs] 1139047K->20542K(4054528K), 0.0033410 secs] [Times: user=0.00 sys=0.00, real=0.00 secs] 
2024-10-04T02:55:57.285+0300: 646.441: Total time for which application threads were stopped: 0.0036347 seconds, Stopping threads took: 0.0001657 seconds
2024-10-04T02:55:57.631+0300: 646.778: Application time: 0.3377082 seconds
2024-10-04T02:55:57.631+0300: 646.779: [GC (Allocation Failure) 2024-10-04T02:55:57.631+0300: 646.779: [DefNew: 1124154K->7346K(1258304K), 0.0050488 secs] 1139070K->22263K(4054528K), 0.0051181 secs] [Times: user=0.00 sys=0.00, real=0.00 secs] 
2024-10-04T02:55:57.631+0300: 646.784: Total time for which application threads were stopped: 0.0054191 seconds, Stopping threads took: 0.0001800 seconds
2024-10-04T02:55:57.976+0300: 647.128: Application time: 0.3439615 seconds
2024-10-04T02:55:57.976+0300: 647.128: [GC (Allocation Failure) 2024-10-04T02:55:57.976+0300: 647.128: [DefNew: 1125874K->9491K(1258304K), 0.0077147 secs] 1140791K->24408K(4054528K), 0.0077860 secs] [Times: user=0.00 sys=0.00, real=0.00 secs] 
2024-10-04T02:55:57.976+0300: 647.136: Total time for which application threads were stopped: 0.0080783 seconds, Stopping threads took: 0.0001740 seconds
2024-10-04T02:55:58.337+0300: 647.488: Application time: 0.3518697 seconds
2024-10-04T02:55:58.337+0300: 647.488: [GC (Allocation Failure) 2024-10-04T02:55:58.337+0300: 647.488: [DefNew: 1128019K->5487K(1258304K), 0.0031395 secs] 1142936K->20404K(4054528K), 0.0032161 secs] [Times: user=0.00 sys=0.00, real=0.00 secs] 
2024-10-04T02:55:58.337+0300: 647.491: Total time for which application threads were stopped: 0.0035198 seconds, Stopping threads took: 0.0001792 seconds
2024-10-04T02:55:58.682+0300: 647.835: Application time: 0.3433494 seconds
2024-10-04T02:55:58.682+0300: 647.835: [GC (Allocation Failure) 2024-10-04T02:55:58.682+0300: 647.835: [DefNew: 1124015K->5778K(1258304K), 0.0033361 secs] 1138932K->20695K(4054528K), 0.0034071 secs] [Times: user=0.00 sys=0.00, real=0.00 secs] 
2024-10-04T02:55:58.682+0300: 647.838: Total time for which application threads were stopped: 0.0036741 seconds, Stopping threads took: 0.0001520 seconds
2024-10-04T02:55:59.028+0300: 648.185: Application time: 0.3462761 seconds
2024-10-04T02:55:59.028+0300: 648.185: [GC (Allocation Failure) 2024-10-04T02:55:59.028+0300: 648.185: [DefNew: 1124306K->5697K(1258304K), 0.0032278 secs] 1139223K->20615K(4054528K), 0.0032962 secs] [Times: user=0.00 sys=0.00, real=0.00 secs] 
2024-10-04T02:55:59.028+0300: 648.188: Total time for which application threads were stopped: 0.0036011 seconds, Stopping threads took: 0.0001683 seconds
2024-10-04T02:55:59.373+0300: 648.520: Application time: 0.3316743 seconds
2024-10-04T02:55:59.373+0300: 648.520: [GC (Allocation Failure) 2024-10-04T02:55:59.373+0300: 648.522: [DefNew: 1124225K->5627K(1258304K), 0.0036447 secs] 1139143K->20545K(4054528K), 0.0057627 secs] [Times: user=0.00 sys=0.00, real=0.00 secs] 
2024-10-04T02:55:59.373+0300: 648.526: Total time for which application threads were stopped: 0.0060912 seconds, Stopping threads took: 0.0001865 seconds
2024-10-04T02:55:59.724+0300: 648.874: Application time: 0.3480676 seconds
2024-10-04T02:55:59.724+0300: 648.874: [GC (Allocation Failure) 2024-10-04T02:55:59.724+0300: 648.874: [DefNew: 1124155K->5830K(1258304K), 0.0033552 secs] 1139073K->20748K(4054528K), 0.0034230 secs] [Times: user=0.00 sys=0.00, real=0.00 secs] 
2024-10-04T02:55:59.724+0300: 648.878: Total time for which application threads were stopped: 0.0037056 seconds, Stopping threads took: 0.0001765 seconds
2024-10-04T02:56:00.094+0300: 649.242: Application time: 0.3647413 seconds
2024-10-04T02:56:00.094+0300: 649.243: [GC (Allocation Failure) 2024-10-04T02:56:00.094+0300: 649.243: [DefNew: 1124358K->5765K(1258304K), 0.0037469 secs] 1139276K->20683K(4054528K), 0.0038289 secs] [Times: user=0.00 sys=0.00, real=0.00 secs] 
2024-10-04T02:56:00.094+0300: 649.247: Total time for which application threads were stopped: 0.0041520 seconds, Stopping threads took: 0.0001713 seconds
2024-10-04T02:56:00.439+0300: 649.585: Application time: 0.3382658 seconds
2024-10-04T02:56:00.439+0300: 649.585: [GC (Allocation Failure) 2024-10-04T02:56:00.439+0300: 649.585: [DefNew: 1124293K->5664K(1258304K), 0.0033200 secs] 1139211K->20583K(4054528K), 0.0033885 secs] [Times: user=0.00 sys=0.00, real=0.00 secs] 
2024-10-04T02:56:00.439+0300: 649.589: Total time for which application threads were stopped: 0.0036637 seconds, Stopping threads took: 0.0001549 seconds
2024-10-04T02:56:00.768+0300: 649.922: Application time: 0.3334164 seconds
2024-10-04T02:56:00.768+0300: 649.922: [GC (Allocation Failure) 2024-10-04T02:56:00.768+0300: 649.922: [DefNew: 1124192K->7502K(1258304K), 0.0049822 secs] 1139111K->22421K(4054528K), 0.0050556 secs] [Times: user=0.00 sys=0.00, real=0.00 secs] 
2024-10-04T02:56:00.768+0300: 649.927: Total time for which application threads were stopped: 0.0053522 seconds, Stopping threads took: 0.0001806 seconds
2024-10-04T02:56:01.114+0300: 650.266: Application time: 0.3392249 seconds
2024-10-04T02:56:01.114+0300: 650.267: [GC (Allocation Failure) 2024-10-04T02:56:01.114+0300: 650.267: [DefNew: 1126030K->7540K(1258304K), 0.0051863 secs] 1140949K->22460K(4054528K), 0.0052686 secs] [Times: user=0.02 sys=0.00, real=0.00 secs] 
2024-10-04T02:56:01.114+0300: 650.272: Total time for which application threads were stopped: 0.0056447 seconds, Stopping threads took: 0.0001890 seconds
2024-10-04T02:56:01.475+0300: 650.621: Application time: 0.3489175 seconds
2024-10-04T02:56:01.475+0300: 650.621: [GC (Allocation Failure) 2024-10-04T02:56:01.475+0300: 650.621: [DefNew: 1126068K->5398K(1258304K), 0.0031498 secs] 1140988K->20318K(4054528K), 0.0032198 secs] [Times: user=0.00 sys=0.00, real=0.00 secs] 
2024-10-04T02:56:01.475+0300: 650.625: Total time for which application threads were stopped: 0.0034919 seconds, Stopping threads took: 0.0001416 seconds
2024-10-04T02:56:01.820+0300: 650.973: Application time: 0.3481631 seconds
2024-10-04T02:56:01.820+0300: 650.973: [GC (Allocation Failure) 2024-10-04T02:56:01.820+0300: 650.973: [DefNew: 1123926K->5736K(1258304K), 0.0033556 secs] 1138846K->20657K(4054528K), 0.0034249 secs] [Times: user=0.00 sys=0.00, real=0.01 secs] 
2024-10-04T02:56:01.829+0300: 650.976: Total time for which application threads were stopped: 0.0036762 seconds, Stopping threads took: 0.0001311 seconds
2024-10-04T02:56:02.166+0300: 651.319: Application time: 0.3429190 seconds
2024-10-04T02:56:02.166+0300: 651.320: [GC (Allocation Failure) 2024-10-04T02:56:02.166+0300: 651.320: [DefNew: 1124264K->5761K(1258304K), 0.0034677 secs] 1139185K->20681K(4054528K), 0.0035411 secs] [Times: user=0.00 sys=0.00, real=0.00 secs] 
2024-10-04T02:56:02.166+0300: 651.323: Total time for which application threads were stopped: 0.0039183 seconds, Stopping threads took: 0.0002224 seconds
2024-10-04T02:56:02.511+0300: 651.660: Application time: 0.3370658 seconds
2024-10-04T02:56:02.511+0300: 651.661: [GC (Allocation Failure) 2024-10-04T02:56:02.511+0300: 651.661: [DefNew: 1124289K->5729K(1258304K), 0.0033834 secs] 1139209K->20650K(4054528K), 0.0034580 secs] [Times: user=0.00 sys=0.00, real=0.00 secs] 
2024-10-04T02:56:02.511+0300: 651.664: Total time for which application threads were stopped: 0.0037317 seconds, Stopping threads took: 0.0001525 seconds
2024-10-04T02:56:02.857+0300: 652.012: Application time: 0.3482450 seconds
2024-10-04T02:56:02.857+0300: 652.013: [GC (Allocation Failure) 2024-10-04T02:56:02.857+0300: 652.013: [DefNew: 1124257K->8155K(1258304K), 0.0057747 secs] 1139178K->23076K(4054528K), 0.0058553 secs] [Times: user=0.00 sys=0.00, real=0.01 secs] 
2024-10-04T02:56:02.872+0300: 652.018: Total time for which application threads were stopped: 0.0061941 seconds, Stopping threads took: 0.0001843 seconds
2024-10-04T02:56:03.217+0300: 652.365: Application time: 0.3462035 seconds
2024-10-04T02:56:03.217+0300: 652.365: [GC (Allocation Failure) 2024-10-04T02:56:03.217+0300: 652.365: [DefNew: 1126683K->5554K(1258304K), 0.0032104 secs] 1141604K->20475K(4054528K), 0.0032846 secs] [Times: user=0.00 sys=0.00, real=0.00 secs] 
2024-10-04T02:56:03.217+0300: 652.368: Total time for which application threads were stopped: 0.0035754 seconds, Stopping threads took: 0.0001671 seconds
2024-10-04T02:56:03.563+0300: 652.711: Application time: 0.3432214 seconds
2024-10-04T02:56:03.563+0300: 652.712: [GC (Allocation Failure) 2024-10-04T02:56:03.563+0300: 652.712: [DefNew: 1124082K->5656K(1258304K), 0.0032562 secs] 1139003K->20578K(4054528K), 0.0033252 secs] [Times: user=0.02 sys=0.00, real=0.00 secs] 
2024-10-04T02:56:03.563+0300: 652.715: Total time for which application threads were stopped: 0.0035923 seconds, Stopping threads took: 0.0001153 seconds
2024-10-04T02:56:03.908+0300: 653.055: Application time: 0.3400997 seconds
2024-10-04T02:56:03.908+0300: 653.055: [GC (Allocation Failure) 2024-10-04T02:56:03.908+0300: 653.056: [DefNew: 1124184K->9107K(1258304K), 0.0077856 secs] 1139106K->24029K(4054528K), 0.0078671 secs] [Times: user=0.02 sys=0.00, real=0.00 secs] 
2024-10-04T02:56:03.908+0300: 653.063: Total time for which application threads were stopped: 0.0081690 seconds, Stopping threads took: 0.0001318 seconds
2024-10-04T02:56:04.238+0300: 653.395: Application time: 0.3316551 seconds
2024-10-04T02:56:04.238+0300: 653.395: [GC (Allocation Failure) 2024-10-04T02:56:04.238+0300: 653.395: [DefNew: 1127635K->7424K(1258304K), 0.0051988 secs] 1142557K->22347K(4054528K), 0.0052771 secs] [Times: user=0.00 sys=0.00, real=0.02 secs] 
2024-10-04T02:56:04.254+0300: 653.401: Total time for which application threads were stopped: 0.0055543 seconds, Stopping threads took: 0.0001561 seconds
2024-10-04T02:56:04.599+0300: 653.749: Application time: 0.3482904 seconds
2024-10-04T02:56:04.599+0300: 653.749: [GC (Allocation Failure) 2024-10-04T02:56:04.599+0300: 653.749: [DefNew: 1125952K->5646K(1258304K), 0.0031921 secs] 1140875K->20569K(4054528K), 0.0032610 secs] [Times: user=0.00 sys=0.00, real=0.00 secs] 
2024-10-04T02:56:04.599+0300: 653.752: Total time for which application threads were stopped: 0.0035575 seconds, Stopping threads took: 0.0001806 seconds
2024-10-04T02:56:04.945+0300: 654.105: Application time: 0.3529158 seconds
2024-10-04T02:56:04.945+0300: 654.106: [GC (Allocation Failure) 2024-10-04T02:56:04.945+0300: 654.106: [DefNew: 1124174K->5602K(1258304K), 0.0034606 secs] 1139097K->20525K(4054528K), 0.0035351 secs] [Times: user=0.00 sys=0.00, real=0.02 secs] 
2024-10-04T02:56:04.961+0300: 654.109: Total time for which application threads were stopped: 0.0038941 seconds, Stopping threads took: 0.0002212 seconds
2024-10-04T02:56:05.290+0300: 654.445: Application time: 0.3362410 seconds
2024-10-04T02:56:05.290+0300: 654.446: [GC (Allocation Failure) 2024-10-04T02:56:05.290+0300: 654.446: [DefNew: 1124130K->5520K(1258304K), 0.0031797 secs] 1139053K->20443K(4054528K), 0.0032563 secs] [Times: user=0.00 sys=0.00, real=0.00 secs] 
2024-10-04T02:56:05.290+0300: 654.449: Total time for which application threads were stopped: 0.0035477 seconds, Stopping threads took: 0.0001697 seconds
2024-10-04T02:56:05.638+0300: 654.786: Application time: 0.3371277 seconds
2024-10-04T02:56:05.638+0300: 654.786: [GC (Allocation Failure) 2024-10-04T02:56:05.638+0300: 654.786: [DefNew: 1124048K->6371K(1258304K), 0.0035351 secs] 1138971K->21295K(4054528K), 0.0036053 secs] [Times: user=0.00 sys=0.00, real=0.00 secs] 
2024-10-04T02:56:05.638+0300: 654.790: Total time for which application threads were stopped: 0.0038924 seconds, Stopping threads took: 0.0001686 seconds
2024-10-04T02:56:05.981+0300: 655.135: Application time: 0.3449625 seconds
2024-10-04T02:56:05.981+0300: 655.135: [GC (Allocation Failure) 2024-10-04T02:56:05.981+0300: 655.135: [DefNew: 1124899K->7687K(1258304K), 0.0051526 secs] 1139823K->22611K(4054528K), 0.0052211 secs] [Times: user=0.00 sys=0.00, real=0.00 secs] 
2024-10-04T02:56:05.981+0300: 655.141: Total time for which application threads were stopped: 0.0055446 seconds, Stopping threads took: 0.0001839 seconds
2024-10-04T02:56:06.342+0300: 655.491: Application time: 0.3499659 seconds
2024-10-04T02:56:06.342+0300: 655.491: [GC (Allocation Failure) 2024-10-04T02:56:06.342+0300: 655.491: [DefNew: 1126215K->5577K(1258304K), 0.0033352 secs] 1141139K->20501K(4054528K), 0.0034069 secs] [Times: user=0.00 sys=0.00, real=0.00 secs] 
2024-10-04T02:56:06.342+0300: 655.494: Total time for which application threads were stopped: 0.0036966 seconds, Stopping threads took: 0.0001285 seconds
2024-10-04T02:56:06.687+0300: 655.837: Application time: 0.3428834 seconds
2024-10-04T02:56:06.687+0300: 655.837: [GC (Allocation Failure) 2024-10-04T02:56:06.687+0300: 655.837: [DefNew: 1124105K->5593K(1258304K), 0.0034572 secs] 1139029K->20518K(4054528K), 0.0035414 secs] [Times: user=0.00 sys=0.00, real=0.00 secs] 
2024-10-04T02:56:06.687+0300: 655.841: Total time for which application threads were stopped: 0.0038850 seconds, Stopping threads took: 0.0001994 seconds
2024-10-04T02:56:07.032+0300: 656.186: Application time: 0.3445963 seconds
2024-10-04T02:56:07.032+0300: 656.186: [GC (Allocation Failure) 2024-10-04T02:56:07.032+0300: 656.186: [DefNew: 1124121K->7537K(1258304K), 0.0052982 secs] 1139046K->22462K(4054528K), 0.0053975 secs] [Times: user=0.00 sys=0.00, real=0.01 secs] 
2024-10-04T02:56:07.041+0300: 656.191: Total time for which application threads were stopped: 0.0057177 seconds, Stopping threads took: 0.0001756 seconds
2024-10-04T02:56:07.377+0300: 656.523: Application time: 0.3320241 seconds
2024-10-04T02:56:07.377+0300: 656.524: [GC (Allocation Failure) 2024-10-04T02:56:07.377+0300: 656.524: [DefNew: 1126065K->8310K(1258304K), 0.0055865 secs] 1140990K->23235K(4054528K), 0.0056632 secs] [Times: user=0.00 sys=0.00, real=0.00 secs] 
2024-10-04T02:56:07.377+0300: 656.529: Total time for which application threads were stopped: 0.0059297 seconds, Stopping threads took: 0.0001533 seconds
2024-10-04T02:56:07.722+0300: 656.878: Application time: 0.3483553 seconds
2024-10-04T02:56:07.722+0300: 656.878: [GC (Allocation Failure) 2024-10-04T02:56:07.722+0300: 656.878: [DefNew: 1126838K->5631K(1258304K), 0.0031535 secs] 1141763K->20557K(4054528K), 0.0032227 secs] [Times: user=0.00 sys=0.00, real=0.00 secs] 
2024-10-04T02:56:07.722+0300: 656.881: Total time for which application threads were stopped: 0.0035279 seconds, Stopping threads took: 0.0001906 seconds
2024-10-04T02:56:08.084+0300: 657.237: Application time: 0.3559561 seconds
2024-10-04T02:56:08.084+0300: 657.237: [GC (Allocation Failure) 2024-10-04T02:56:08.084+0300: 657.238: [DefNew: 1124159K->5620K(1258304K), 0.0033638 secs] 1139085K->20546K(4054528K), 0.0034621 secs] [Times: user=0.00 sys=0.00, real=0.00 secs] 
2024-10-04T02:56:08.084+0300: 657.241: Total time for which application threads were stopped: 0.0038007 seconds, Stopping threads took: 0.0001992 seconds
2024-10-04T02:56:08.429+0300: 657.579: Application time: 0.3381837 seconds
2024-10-04T02:56:08.429+0300: 657.579: [GC (Allocation Failure) 2024-10-04T02:56:08.429+0300: 657.579: [DefNew: 1124148K->5674K(1258304K), 0.0032614 secs] 1139074K->20600K(4054528K), 0.0033274 secs] [Times: user=0.00 sys=0.00, real=0.00 secs] 
2024-10-04T02:56:08.429+0300: 657.583: Total time for which application threads were stopped: 0.0036030 seconds, Stopping threads took: 0.0001535 seconds
2024-10-04T02:56:08.773+0300: 657.919: Application time: 0.3358071 seconds
2024-10-04T02:56:08.773+0300: 657.919: [GC (Allocation Failure) 2024-10-04T02:56:08.773+0300: 657.919: [DefNew: 1124202K->7894K(1258304K), 0.0051420 secs] 1139128K->22820K(4054528K), 0.0052135 secs] [Times: user=0.00 sys=0.00, real=0.00 secs] 
2024-10-04T02:56:08.773+0300: 657.924: Total time for which application threads were stopped: 0.0054669 seconds, Stopping threads took: 0.0001389 seconds
2024-10-04T02:56:09.118+0300: 658.275: Application time: 0.3507215 seconds
2024-10-04T02:56:09.118+0300: 658.275: [GC (Allocation Failure) 2024-10-04T02:56:09.118+0300: 658.275: [DefNew: 1126422K->6223K(1258304K), 0.0035523 secs] 1141348K->21150K(4054528K), 0.0036561 secs] [Times: user=0.00 sys=0.00, real=0.00 secs] 
2024-10-04T02:56:09.118+0300: 658.279: Total time for which application threads were stopped: 0.0039535 seconds, Stopping threads took: 0.0001734 seconds
2024-10-04T02:56:09.479+0300: 658.625: Application time: 0.3465956 seconds
2024-10-04T02:56:09.479+0300: 658.626: [GC (Allocation Failure) 2024-10-04T02:56:09.479+0300: 658.626: [DefNew: 1124751K->5455K(1258304K), 0.0030262 secs] 1139678K->20383K(4054528K), 0.0030899 secs] [Times: user=0.00 sys=0.00, real=0.00 secs] 
2024-10-04T02:56:09.479+0300: 658.629: Total time for which application threads were stopped: 0.0033674 seconds, Stopping threads took: 0.0001691 seconds
2024-10-04T02:56:09.824+0300: 658.973: Application time: 0.3443187 seconds
2024-10-04T02:56:09.824+0300: 658.973: [GC (Allocation Failure) 2024-10-04T02:56:09.824+0300: 658.973: [DefNew: 1123983K->5466K(1258304K), 0.0030563 secs] 1138911K->20393K(4054528K), 0.0031208 secs] [Times: user=0.00 sys=0.00, real=0.00 secs] 
2024-10-04T02:56:09.824+0300: 658.976: Total time for which application threads were stopped: 0.0034425 seconds, Stopping threads took: 0.0002097 seconds
2024-10-04T02:56:10.171+0300: 659.327: Application time: 0.3504251 seconds
2024-10-04T02:56:10.171+0300: 659.327: [GC (Allocation Failure) 2024-10-04T02:56:10.171+0300: 659.327: [DefNew: 1123994K->6123K(1258304K), 0.0035555 secs] 1138921K->21051K(4054528K), 0.0036400 secs] [Times: user=0.00 sys=0.00, real=0.00 secs] 
2024-10-04T02:56:10.171+0300: 659.331: Total time for which application threads were stopped: 0.0039403 seconds, Stopping threads took: 0.0001471 seconds
2024-10-04T02:56:10.500+0300: 659.660: Application time: 0.3296788 seconds
2024-10-04T02:56:10.516+0300: 659.661: [GC (Allocation Failure) 2024-10-04T02:56:10.516+0300: 659.661: [DefNew: 1124651K->5676K(1258304K), 0.0033055 secs] 1139579K->20604K(4054528K), 0.0033837 secs] [Times: user=0.00 sys=0.00, real=0.00 secs] 
2024-10-04T02:56:10.516+0300: 659.664: Total time for which application threads were stopped: 0.0037692 seconds, Stopping threads took: 0.0002325 seconds
2024-10-04T02:56:10.861+0300: 660.016: Application time: 0.3520399 seconds
2024-10-04T02:56:10.861+0300: 660.016: [GC (Allocation Failure) 2024-10-04T02:56:10.861+0300: 660.017: [DefNew: 1124204K->5985K(1258304K), 0.0038614 secs] 1139132K->20914K(4054528K), 0.0039402 secs] [Times: user=0.00 sys=0.00, real=0.00 secs] 
2024-10-04T02:56:10.861+0300: 660.020: Total time for which application threads were stopped: 0.0041699 seconds, Stopping threads took: 0.0000984 seconds
2024-10-04T02:56:11.222+0300: 660.375: Application time: 0.3543488 seconds
2024-10-04T02:56:11.222+0300: 660.375: [GC (Allocation Failure) 2024-10-04T02:56:11.222+0300: 660.375: [DefNew: 1124513K->5662K(1258304K), 0.0033017 secs] 1139442K->20591K(4054528K), 0.0033754 secs] [Times: user=0.00 sys=0.00, real=0.00 secs] 
2024-10-04T02:56:11.222+0300: 660.379: Total time for which application threads were stopped: 0.0036843 seconds, Stopping threads took: 0.0001819 seconds
2024-10-04T02:56:11.568+0300: 660.714: Application time: 0.3354001 seconds
2024-10-04T02:56:11.568+0300: 660.714: [GC (Allocation Failure) 2024-10-04T02:56:11.568+0300: 660.714: [DefNew: 1124190K->5630K(1258304K), 0.0033143 secs] 1139119K->20559K(4054528K), 0.0033833 secs] [Times: user=0.00 sys=0.00, real=0.00 secs] 
2024-10-04T02:56:11.568+0300: 660.718: Total time for which application threads were stopped: 0.0036832 seconds, Stopping threads took: 0.0001761 seconds
2024-10-04T02:56:11.913+0300: 661.064: Application time: 0.3465166 seconds
2024-10-04T02:56:11.913+0300: 661.064: [GC (Allocation Failure) 2024-10-04T02:56:11.913+0300: 661.064: [DefNew: 1124158K->5605K(1258304K), 0.0031965 secs] 1139087K->20534K(4054528K), 0.0032716 secs] [Times: user=0.00 sys=0.00, real=0.00 secs] 
2024-10-04T02:56:11.913+0300: 661.068: Total time for which application threads were stopped: 0.0035410 seconds, Stopping threads took: 0.0001476 seconds
2024-10-04T02:56:12.259+0300: 661.405: Application time: 0.3368627 seconds
2024-10-04T02:56:12.259+0300: 661.405: [GC (Allocation Failure) 2024-10-04T02:56:12.259+0300: 661.405: [DefNew: 1124133K->8919K(1258304K), 0.0070694 secs] 1139062K->23848K(4054528K), 0.0071396 secs] [Times: user=0.00 sys=0.00, real=0.00 secs] 
2024-10-04T02:56:12.259+0300: 661.412: Total time for which application threads were stopped: 0.0074299 seconds, Stopping threads took: 0.0001439 seconds
2024-10-04T02:56:12.604+0300: 661.759: Application time: 0.3475022 seconds
2024-10-04T02:56:12.604+0300: 661.760: [GC (Allocation Failure) 2024-10-04T02:56:12.604+0300: 661.760: [DefNew: 1127447K->5629K(1258304K), 0.0037859 secs] 1142376K->20559K(4054528K), 0.0038601 secs] [Times: user=0.00 sys=0.00, real=0.00 secs] 
2024-10-04T02:56:12.604+0300: 661.764: Total time for which application threads were stopped: 0.0041577 seconds, Stopping threads took: 0.0001713 seconds
2024-10-04T02:56:12.965+0300: 662.119: Application time: 0.3552704 seconds
2024-10-04T02:56:12.965+0300: 662.119: [GC (Allocation Failure) 2024-10-04T02:56:12.965+0300: 662.119: [DefNew: 1124157K->5601K(1258304K), 0.0032427 secs] 1139087K->20532K(4054528K), 0.0033141 secs] [Times: user=0.00 sys=0.00, real=0.00 secs] 
2024-10-04T02:56:12.965+0300: 662.123: Total time for which application threads were stopped: 0.0037524 seconds, Stopping threads took: 0.0003132 seconds
2024-10-04T02:56:13.310+0300: 662.463: Application time: 0.3398902 seconds
2024-10-04T02:56:13.310+0300: 662.463: [GC (Allocation Failure) 2024-10-04T02:56:13.310+0300: 662.463: [DefNew: 1124129K->7428K(1258304K), 0.0051780 secs] 1139060K->22359K(4054528K), 0.0052604 secs] [Times: user=0.00 sys=0.00, real=0.00 secs] 
2024-10-04T02:56:13.310+0300: 662.468: Total time for which application threads were stopped: 0.0055650 seconds, Stopping threads took: 0.0001731 seconds
2024-10-04T02:56:13.639+0300: 662.799: Application time: 0.3306699 seconds
2024-10-04T02:56:13.639+0300: 662.799: [GC (Allocation Failure) 2024-10-04T02:56:13.639+0300: 662.799: [DefNew: 1125956K->5747K(1258304K), 0.0036778 secs] 1140887K->20679K(4054528K), 0.0037520 secs] [Times: user=0.00 sys=0.00, real=0.02 secs] 
2024-10-04T02:56:13.658+0300: 662.803: Total time for which application threads were stopped: 0.0040771 seconds, Stopping threads took: 0.0001655 seconds
2024-10-04T02:56:14.000+0300: 663.158: Application time: 0.3548571 seconds
2024-10-04T02:56:14.000+0300: 663.158: [GC (Allocation Failure) 2024-10-04T02:56:14.000+0300: 663.158: [DefNew: 1124275K->5627K(1258304K), 0.0032538 secs] 1139207K->20558K(4054528K), 0.0033298 secs] [Times: user=0.00 sys=0.00, real=0.02 secs] 
2024-10-04T02:56:14.016+0300: 663.161: Total time for which application threads were stopped: 0.0036318 seconds, Stopping threads took: 0.0001857 seconds
2024-10-04T02:56:14.362+0300: 663.510: Application time: 0.3481624 seconds
2024-10-04T02:56:14.362+0300: 663.510: [GC (Allocation Failure) 2024-10-04T02:56:14.362+0300: 663.510: [DefNew: 1124155K->5615K(1258304K), 0.0032446 secs] 1139086K->20546K(4054528K), 0.0033081 secs] [Times: user=0.00 sys=0.00, real=0.00 secs] 
2024-10-04T02:56:14.362+0300: 663.513: Total time for which application threads were stopped: 0.0035807 seconds, Stopping threads took: 0.0001568 seconds
2024-10-04T02:56:14.706+0300: 663.852: Application time: 0.3393681 seconds
2024-10-04T02:56:14.706+0300: 663.853: [GC (Allocation Failure) 2024-10-04T02:56:14.706+0300: 663.853: [DefNew: 1124143K->5547K(1258304K), 0.0031631 secs] 1139074K->20479K(4054528K), 0.0032335 secs] [Times: user=0.00 sys=0.00, real=0.00 secs] 
2024-10-04T02:56:14.706+0300: 663.856: Total time for which application threads were stopped: 0.0035057 seconds, Stopping threads took: 0.0001480 seconds
2024-10-04T02:56:15.052+0300: 664.203: Application time: 0.3466604 seconds
2024-10-04T02:56:15.052+0300: 664.203: [GC (Allocation Failure) 2024-10-04T02:56:15.052+0300: 664.203: [DefNew: 1124075K->5910K(1258304K), 0.0033075 secs] 1139007K->20843K(4054528K), 0.0033775 secs] [Times: user=0.00 sys=0.00, real=0.01 secs] 
2024-10-04T02:56:15.061+0300: 664.206: Total time for which application threads were stopped: 0.0037310 seconds, Stopping threads took: 0.0001863 seconds
2024-10-04T02:56:15.382+0300: 664.542: Application time: 0.3353253 seconds
2024-10-04T02:56:15.382+0300: 664.542: [GC (Allocation Failure) 2024-10-04T02:56:15.382+0300: 664.542: [DefNew: 1124438K->9220K(1258304K), 0.0075151 secs] 1139371K->24153K(4054528K), 0.0075852 secs] [Times: user=0.00 sys=0.00, real=0.02 secs] 
2024-10-04T02:56:15.398+0300: 664.550: Total time for which application threads were stopped: 0.0078996 seconds, Stopping threads took: 0.0001952 seconds
2024-10-04T02:56:15.743+0300: 664.896: Application time: 0.3460122 seconds
2024-10-04T02:56:15.743+0300: 664.896: [GC (Allocation Failure) 2024-10-04T02:56:15.743+0300: 664.896: [DefNew: 1127748K->5773K(1258304K), 0.0033407 secs] 1142681K->20706K(4054528K), 0.0034101 secs] [Times: user=0.00 sys=0.00, real=0.00 secs] 
2024-10-04T02:56:15.743+0300: 664.899: Total time for which application threads were stopped: 0.0037206 seconds, Stopping threads took: 0.0001951 seconds
2024-10-04T02:56:16.104+0300: 665.254: Application time: 0.3548825 seconds
2024-10-04T02:56:16.104+0300: 665.255: [GC (Allocation Failure) 2024-10-04T02:56:16.104+0300: 665.255: [DefNew: 1124301K->5607K(1258304K), 0.0032579 secs] 1139234K->20540K(4054528K), 0.0033301 secs] [Times: user=0.00 sys=0.00, real=0.00 secs] 
2024-10-04T02:56:16.104+0300: 665.258: Total time for which application threads were stopped: 0.0036553 seconds, Stopping threads took: 0.0001795 seconds
2024-10-04T02:56:16.434+0300: 665.594: Application time: 0.3363834 seconds
2024-10-04T02:56:16.450+0300: 665.595: [GC (Allocation Failure) 2024-10-04T02:56:16.450+0300: 665.595: [DefNew: 1124135K->5564K(1258304K), 0.0032105 secs] 1139068K->20497K(4054528K), 0.0033168 secs] [Times: user=0.00 sys=0.00, real=0.00 secs] 
2024-10-04T02:56:16.450+0300: 665.598: Total time for which application threads were stopped: 0.0036446 seconds, Stopping threads took: 0.0001958 seconds
2024-10-04T02:56:16.780+0300: 665.934: Application time: 0.3356213 seconds
2024-10-04T02:56:16.780+0300: 665.934: [GC (Allocation Failure) 2024-10-04T02:56:16.780+0300: 665.934: [DefNew: 1124092K->7629K(1258304K), 0.0050975 secs] 1139025K->22563K(4054528K), 0.0051685 secs] [Times: user=0.00 sys=0.00, real=0.00 secs] 
2024-10-04T02:56:16.780+0300: 665.939: Total time for which application threads were stopped: 0.0054419 seconds, Stopping threads took: 0.0001585 seconds
2024-10-04T02:56:17.140+0300: 666.290: Application time: 0.3507381 seconds
2024-10-04T02:56:17.140+0300: 666.290: [GC (Allocation Failure) 2024-10-04T02:56:17.140+0300: 666.290: [DefNew: 1126157K->7994K(1258304K), 0.0053997 secs] 1141091K->22928K(4054528K), 0.0054726 secs] [Times: user=0.00 sys=0.00, real=0.00 secs] 
2024-10-04T02:56:17.140+0300: 666.296: Total time for which application threads were stopped: 0.0058030 seconds, Stopping threads took: 0.0001974 seconds
2024-10-04T02:56:17.486+0300: 666.644: Application time: 0.3480068 seconds
2024-10-04T02:56:17.486+0300: 666.644: [GC (Allocation Failure) 2024-10-04T02:56:17.486+0300: 666.644: [DefNew: 1126522K->5634K(1258304K), 0.0035654 secs] 1141456K->20569K(4054528K), 0.0036301 secs] [Times: user=0.00 sys=0.00, real=0.02 secs] 
2024-10-04T02:56:17.502+0300: 666.648: Total time for which application threads were stopped: 0.0039892 seconds, Stopping threads took: 0.0002202 seconds
2024-10-04T02:56:17.831+0300: 666.989: Application time: 0.3414466 seconds
2024-10-04T02:56:17.831+0300: 666.989: [GC (Allocation Failure) 2024-10-04T02:56:17.831+0300: 666.989: [DefNew: 1124162K->5548K(1258304K), 0.0034818 secs] 1139097K->20483K(4054528K), 0.0035565 secs] [Times: user=0.00 sys=0.00, real=0.01 secs] 
2024-10-04T02:56:17.846+0300: 666.993: Total time for which application threads were stopped: 0.0038907 seconds, Stopping threads took: 0.0002032 seconds
2024-10-04T02:56:18.177+0300: 667.335: Application time: 0.3424655 seconds
2024-10-04T02:56:18.177+0300: 667.336: [GC (Allocation Failure) 2024-10-04T02:56:18.177+0300: 667.336: [DefNew: 1124076K->7754K(1258304K), 0.0056080 secs] 1139011K->22689K(4054528K), 0.0056870 secs] [Times: user=0.00 sys=0.00, real=0.01 secs] 
2024-10-04T02:56:18.192+0300: 667.341: Total time for which application threads were stopped: 0.0059641 seconds, Stopping threads took: 0.0001664 seconds
2024-10-04T02:56:18.522+0300: 667.673: Application time: 0.3315711 seconds
2024-10-04T02:56:18.522+0300: 667.673: [GC (Allocation Failure) 2024-10-04T02:56:18.522+0300: 667.673: [DefNew: 1126282K->7686K(1258304K), 0.0048963 secs] 1141217K->22622K(4054528K), 0.0049638 secs] [Times: user=0.00 sys=0.00, real=0.00 secs] 
2024-10-04T02:56:18.522+0300: 667.678: Total time for which application threads were stopped: 0.0052624 seconds, Stopping threads took: 0.0001805 seconds
2024-10-04T02:56:18.884+0300: 668.035: Application time: 0.3567484 seconds
2024-10-04T02:56:18.884+0300: 668.035: [GC (Allocation Failure) 2024-10-04T02:56:18.884+0300: 668.035: [DefNew: 1126214K->5626K(1258304K), 0.0031832 secs] 1141150K->20561K(4054528K), 0.0032507 secs] [Times: user=0.00 sys=0.00, real=0.00 secs] 
2024-10-04T02:56:18.884+0300: 668.038: Total time for which application threads were stopped: 0.0035310 seconds, Stopping threads took: 0.0001698 seconds
2024-10-04T02:56:19.229+0300: 668.389: Application time: 0.3504527 seconds
2024-10-04T02:56:19.229+0300: 668.389: [GC (Allocation Failure) 2024-10-04T02:56:19.229+0300: 668.389: [DefNew: 1124154K->5406K(1258304K), 0.0031229 secs] 1139089K->20342K(4054528K), 0.0032038 secs] [Times: user=0.00 sys=0.00, real=0.02 secs] 
2024-10-04T02:56:19.245+0300: 668.392: Total time for which application threads were stopped: 0.0034943 seconds, Stopping threads took: 0.0001632 seconds
2024-10-04T02:56:19.575+0300: 668.728: Application time: 0.3359472 seconds
2024-10-04T02:56:19.575+0300: 668.729: [GC (Allocation Failure) 2024-10-04T02:56:19.575+0300: 668.729: [DefNew: 1123934K->6611K(1258304K), 0.0044331 secs] 1138870K->21547K(4054528K), 0.0045049 secs] [Times: user=0.00 sys=0.00, real=0.00 secs] 
2024-10-04T02:56:19.575+0300: 668.733: Total time for which application threads were stopped: 0.0048433 seconds, Stopping threads took: 0.0002107 seconds
2024-10-04T02:56:19.920+0300: 669.077: Application time: 0.3437042 seconds
2024-10-04T02:56:19.920+0300: 669.077: [GC (Allocation Failure) 2024-10-04T02:56:19.920+0300: 669.077: [DefNew: 1125139K->7605K(1258304K), 0.0051980 secs] 1140075K->22542K(4054528K), 0.0056057 secs] [Times: user=0.02 sys=0.00, real=0.01 secs] 
2024-10-04T02:56:19.935+0300: 669.083: Total time for which application threads were stopped: 0.0060020 seconds, Stopping threads took: 0.0002013 seconds
2024-10-04T02:56:20.274+0300: 669.423: Application time: 0.3405432 seconds
2024-10-04T02:56:20.274+0300: 669.424: [GC (Allocation Failure) 2024-10-04T02:56:20.274+0300: 669.424: [DefNew: 1126133K->6689K(1258304K), 0.0039036 secs] 1141070K->21626K(4054528K), 0.0039755 secs] [Times: user=0.00 sys=0.00, real=0.01 secs] 
2024-10-04T02:56:20.281+0300: 669.428: Total time for which application threads were stopped: 0.0042907 seconds, Stopping threads took: 0.0001898 seconds
2024-10-04T02:56:20.626+0300: 669.773: Application time: 0.3457755 seconds
2024-10-04T02:56:20.626+0300: 669.774: [GC (Allocation Failure) 2024-10-04T02:56:20.626+0300: 669.774: [DefNew: 1125217K->5581K(1258304K), 0.0031873 secs] 1140154K->20518K(4054528K), 0.0032544 secs] [Times: user=0.00 sys=0.00, real=0.00 secs] 
2024-10-04T02:56:20.626+0300: 669.777: Total time for which application threads were stopped: 0.0035321 seconds, Stopping threads took: 0.0001613 seconds
2024-10-04T02:56:20.976+0300: 670.127: Application time: 0.3501027 seconds
2024-10-04T02:56:20.976+0300: 670.127: [GC (Allocation Failure) 2024-10-04T02:56:20.976+0300: 670.128: [DefNew: 1124109K->5922K(1258304K), 0.0034259 secs] 1139046K->20860K(4054528K), 0.0034995 secs] [Times: user=0.00 sys=0.00, real=0.00 secs] 
2024-10-04T02:56:20.976+0300: 670.131: Total time for which application threads were stopped: 0.0038663 seconds, Stopping threads took: 0.0002313 seconds
2024-10-04T02:56:21.316+0300: 670.471: Application time: 0.3397369 seconds
2024-10-04T02:56:21.316+0300: 670.471: [GC (Allocation Failure) 2024-10-04T02:56:21.316+0300: 670.471: [DefNew: 1124450K->5778K(1258304K), 0.0033991 secs] 1139388K->20716K(4054528K), 0.0034724 secs] [Times: user=0.00 sys=0.00, real=0.00 secs] 
2024-10-04T02:56:21.316+0300: 670.475: Total time for which application threads were stopped: 0.0037733 seconds, Stopping threads took: 0.0001849 seconds
2024-10-04T02:56:21.661+0300: 670.809: Application time: 0.3345418 seconds
2024-10-04T02:56:21.661+0300: 670.809: [GC (Allocation Failure) 2024-10-04T02:56:21.661+0300: 670.809: [DefNew: 1124306K->5652K(1258304K), 0.0032556 secs] 1139244K->20590K(4054528K), 0.0033247 secs] [Times: user=0.00 sys=0.00, real=0.00 secs] 
2024-10-04T02:56:21.661+0300: 670.813: Total time for which application threads were stopped: 0.0035917 seconds, Stopping threads took: 0.0001526 seconds
2024-10-04T02:56:22.023+0300: 671.168: Application time: 0.3555892 seconds
2024-10-04T02:56:22.023+0300: 671.168: [GC (Allocation Failure) 2024-10-04T02:56:22.023+0300: 671.169: [DefNew: 1124180K->6124K(1258304K), 0.0039400 secs] 1139118K->21062K(4054528K), 0.0040131 secs] [Times: user=0.02 sys=0.00, real=0.00 secs] 
2024-10-04T02:56:22.023+0300: 671.173: Total time for which application threads were stopped: 0.0042664 seconds, Stopping threads took: 0.0001012 seconds
2024-10-04T02:56:22.368+0300: 671.514: Application time: 0.3412182 seconds
2024-10-04T02:56:22.368+0300: 671.514: [GC (Allocation Failure) 2024-10-04T02:56:22.368+0300: 671.514: [DefNew: 1124652K->5612K(1258304K), 0.0032988 secs] 1139590K->20550K(4054528K), 0.0033799 secs] [Times: user=0.00 sys=0.00, real=0.00 secs] 
2024-10-04T02:56:22.368+0300: 671.517: Total time for which application threads were stopped: 0.0036839 seconds, Stopping threads took: 0.0001725 seconds
2024-10-04T02:56:22.714+0300: 671.863: Application time: 0.3452709 seconds
2024-10-04T02:56:22.714+0300: 671.863: [GC (Allocation Failure) 2024-10-04T02:56:22.714+0300: 671.863: [DefNew: 1124140K->5654K(1258304K), 0.0032045 secs] 1139078K->20593K(4054528K), 0.0032762 secs] [Times: user=0.00 sys=0.00, real=0.00 secs] 
2024-10-04T02:56:22.714+0300: 671.866: Total time for which application threads were stopped: 0.0035708 seconds, Stopping threads took: 0.0001790 seconds
2024-10-04T02:56:23.059+0300: 672.217: Application time: 0.3508345 seconds
2024-10-04T02:56:23.059+0300: 672.217: [GC (Allocation Failure) 2024-10-04T02:56:23.059+0300: 672.218: [DefNew: 1124182K->5684K(1258304K), 0.0034480 secs] 1139121K->20624K(4054528K), 0.0035175 secs] [Times: user=0.00 sys=0.00, real=0.02 secs] 
2024-10-04T02:56:23.075+0300: 672.221: Total time for which application threads were stopped: 0.0039155 seconds, Stopping threads took: 0.0002479 seconds
2024-10-04T02:56:23.405+0300: 672.551: Application time: 0.3304350 seconds
2024-10-04T02:56:23.405+0300: 672.552: [GC (Allocation Failure) 2024-10-04T02:56:23.405+0300: 672.552: [DefNew: 1124212K->7535K(1258304K), 0.0052245 secs] 1139152K->22475K(4054528K), 0.0052932 secs] [Times: user=0.00 sys=0.00, real=0.00 secs] 
2024-10-04T02:56:23.405+0300: 672.557: Total time for which application threads were stopped: 0.0055798 seconds, Stopping threads took: 0.0001579 seconds
2024-10-04T02:56:23.750+0300: 672.901: Application time: 0.3435421 seconds
2024-10-04T02:56:23.750+0300: 672.901: [GC (Allocation Failure) 2024-10-04T02:56:23.750+0300: 672.901: [DefNew: 1126063K->5595K(1258304K), 0.0032203 secs] 1141003K->20535K(4054528K), 0.0032964 secs] [Times: user=0.00 sys=0.00, real=0.00 secs] 
2024-10-04T02:56:23.750+0300: 672.904: Total time for which application threads were stopped: 0.0035806 seconds, Stopping threads took: 0.0001367 seconds
2024-10-04T02:56:24.111+0300: 673.261: Application time: 0.3564926 seconds
2024-10-04T02:56:24.111+0300: 673.261: [GC (Allocation Failure) 2024-10-04T02:56:24.111+0300: 673.261: [DefNew: 1124123K->5427K(1258304K), 0.0035100 secs] 1139063K->20367K(4054528K), 0.0035805 secs] [Times: user=0.00 sys=0.00, real=0.00 secs] 
2024-10-04T02:56:24.111+0300: 673.265: Total time for which application threads were stopped: 0.0038745 seconds, Stopping threads took: 0.0001708 seconds
2024-10-04T02:56:24.456+0300: 673.612: Application time: 0.3471126 seconds
2024-10-04T02:56:24.456+0300: 673.612: [GC (Allocation Failure) 2024-10-04T02:56:24.456+0300: 673.612: [DefNew: 1123955K->7357K(1258304K), 0.0063396 secs] 1138895K->22297K(4054528K), 0.0064116 secs] [Times: user=0.00 sys=0.00, real=0.02 secs] 
2024-10-04T02:56:24.472+0300: 673.618: Total time for which application threads were stopped: 0.0067402 seconds, Stopping threads took: 0.0001747 seconds
2024-10-04T02:56:24.801+0300: 673.952: Application time: 0.3331026 seconds
2024-10-04T02:56:24.801+0300: 673.952: [GC (Allocation Failure) 2024-10-04T02:56:24.801+0300: 673.952: [DefNew: 1125885K->5666K(1258304K), 0.0033355 secs] 1140825K->20607K(4054528K), 0.0034059 secs] [Times: user=0.00 sys=0.00, real=0.00 secs] 
2024-10-04T02:56:24.801+0300: 673.955: Total time for which application threads were stopped: 0.0036893 seconds, Stopping threads took: 0.0001534 seconds
2024-10-04T02:56:25.147+0300: 674.302: Application time: 0.3465152 seconds
2024-10-04T02:56:25.147+0300: 674.302: [GC (Allocation Failure) 2024-10-04T02:56:25.147+0300: 674.302: [DefNew: 1124194K->7495K(1258304K), 0.0050233 secs] 1139135K->22437K(4054528K), 0.0051254 secs] [Times: user=0.00 sys=0.00, real=0.00 secs] 
2024-10-04T02:56:25.147+0300: 674.307: Total time for which application threads were stopped: 0.0054679 seconds, Stopping threads took: 0.0001644 seconds
2024-10-04T02:56:25.493+0300: 674.650: Application time: 0.3426965 seconds
2024-10-04T02:56:25.493+0300: 674.650: [GC (Allocation Failure) 2024-10-04T02:56:25.493+0300: 674.650: [DefNew: 1126023K->6387K(1258304K), 0.0036315 secs] 1140965K->21329K(4054528K), 0.0036974 secs] [Times: user=0.00 sys=0.00, real=0.01 secs] 
2024-10-04T02:56:25.508+0300: 674.654: Total time for which application threads were stopped: 0.0039491 seconds, Stopping threads took: 0.0001380 seconds
2024-10-04T02:56:25.854+0300: 675.001: Application time: 0.3467633 seconds
2024-10-04T02:56:25.854+0300: 675.001: [GC (Allocation Failure) 2024-10-04T02:56:25.854+0300: 675.001: [DefNew: 1124915K->6051K(1258304K), 0.0037755 secs] 1139857K->20993K(4054528K), 0.0038457 secs] [Times: user=0.00 sys=0.00, real=0.00 secs] 
2024-10-04T02:56:25.854+0300: 675.005: Total time for which application threads were stopped: 0.0041622 seconds, Stopping threads took: 0.0001841 seconds
2024-10-04T02:56:26.205+0300: 675.351: Application time: 0.3461747 seconds
2024-10-04T02:56:26.205+0300: 675.351: [GC (Allocation Failure) 2024-10-04T02:56:26.205+0300: 675.351: [DefNew: 1124579K->5515K(1258304K), 0.0032126 secs] 1139521K->20457K(4054528K), 0.0032875 secs] [Times: user=0.00 sys=0.00, real=0.00 secs] 
2024-10-04T02:56:26.205+0300: 675.355: Total time for which application threads were stopped: 0.0036136 seconds, Stopping threads took: 0.0001999 seconds
2024-10-04T02:56:26.546+0300: 675.694: Application time: 0.3398383 seconds
2024-10-04T02:56:26.546+0300: 675.695: [GC (Allocation Failure) 2024-10-04T02:56:26.546+0300: 675.695: [DefNew: 1124043K->6063K(1258304K), 0.0039837 secs] 1138985K->21006K(4054528K), 0.0040620 secs] [Times: user=0.00 sys=0.00, real=0.00 secs] 
2024-10-04T02:56:26.546+0300: 675.699: Total time for which application threads were stopped: 0.0043796 seconds, Stopping threads took: 0.0001774 seconds
2024-10-04T02:56:26.891+0300: 676.038: Application time: 0.3388435 seconds
2024-10-04T02:56:26.891+0300: 676.038: [GC (Allocation Failure) 2024-10-04T02:56:26.891+0300: 676.038: [DefNew: 1124591K->5571K(1258304K), 0.0031840 secs] 1139534K->20514K(4054528K), 0.0032663 secs] [Times: user=0.00 sys=0.00, real=0.00 secs] 
2024-10-04T02:56:26.891+0300: 676.041: Total time for which application threads were stopped: 0.0036090 seconds, Stopping threads took: 0.0001983 seconds
2024-10-04T02:56:27.236+0300: 676.390: Application time: 0.3487737 seconds
2024-10-04T02:56:27.236+0300: 676.390: [GC (Allocation Failure) 2024-10-04T02:56:27.236+0300: 676.390: [DefNew: 1124099K->7442K(1258304K), 0.0055565 secs] 1139042K->22386K(4054528K), 0.0056290 secs] [Times: user=0.00 sys=0.00, real=0.00 secs] 
2024-10-04T02:56:27.236+0300: 676.396: Total time for which application threads were stopped: 0.0059126 seconds, Stopping threads took: 0.0001608 seconds
2024-10-04T02:56:27.597+0300: 676.744: Application time: 0.3485569 seconds
2024-10-04T02:56:27.597+0300: 676.745: [GC (Allocation Failure) 2024-10-04T02:56:27.597+0300: 676.745: [DefNew: 1125970K->5722K(1258304K), 0.0033116 secs] 1140914K->20666K(4054528K), 0.0033796 secs] [Times: user=0.00 sys=0.00, real=0.00 secs] 
2024-10-04T02:56:27.597+0300: 676.748: Total time for which application threads were stopped: 0.0036444 seconds, Stopping threads took: 0.0001504 seconds
2024-10-04T02:56:27.942+0300: 677.090: Application time: 0.3420648 seconds
2024-10-04T02:56:27.942+0300: 677.091: [GC (Allocation Failure) 2024-10-04T02:56:27.942+0300: 677.091: [DefNew: 1124250K->5549K(1258304K), 0.0032115 secs] 1139194K->20492K(4054528K), 0.0032885 secs] [Times: user=0.02 sys=0.00, real=0.00 secs] 
2024-10-04T02:56:27.942+0300: 677.094: Total time for which application threads were stopped: 0.0037641 seconds, Stopping threads took: 0.0003202 seconds
2024-10-04T02:56:28.287+0300: 677.438: Application time: 0.3442824 seconds
2024-10-04T02:56:28.287+0300: 677.438: [GC (Allocation Failure) 2024-10-04T02:56:28.287+0300: 677.439: [DefNew: 1124077K->5701K(1258304K), 0.0033019 secs] 1139020K->20645K(4054528K), 0.0033865 secs] [Times: user=0.00 sys=0.00, real=0.01 secs] 
2024-10-04T02:56:28.294+0300: 677.442: Total time for which application threads were stopped: 0.0036482 seconds, Stopping threads took: 0.0001479 seconds
2024-10-04T02:56:28.632+0300: 677.778: Application time: 0.3357248 seconds
2024-10-04T02:56:28.632+0300: 677.778: [GC (Allocation Failure) 2024-10-04T02:56:28.632+0300: 677.778: [DefNew: 1124229K->8320K(1258304K), 0.0065559 secs] 1139173K->23265K(4054528K), 0.0066209 secs] [Times: user=0.00 sys=0.00, real=0.00 secs] 
2024-10-04T02:56:28.632+0300: 677.785: Total time for which application threads were stopped: 0.0068931 seconds, Stopping threads took: 0.0001521 seconds
2024-10-04T02:56:28.993+0300: 678.140: Application time: 0.3558033 seconds
2024-10-04T02:56:28.993+0300: 678.141: [GC (Allocation Failure) 2024-10-04T02:56:28.993+0300: 678.141: [DefNew: 1126848K->5502K(1258304K), 0.0032480 secs] 1141793K->20447K(4054528K), 0.0033173 secs] [Times: user=0.00 sys=0.00, real=0.00 secs] 
2024-10-04T02:56:28.996+0300: 678.144: Total time for which application threads were stopped: 0.0036079 seconds, Stopping threads took: 0.0001346 seconds
2024-10-04T02:56:29.338+0300: 678.494: Application time: 0.3501465 seconds
2024-10-04T02:56:29.338+0300: 678.494: [GC (Allocation Failure) 2024-10-04T02:56:29.338+0300: 678.494: [DefNew: 1124030K->7255K(1258304K), 0.0049927 secs] 1138975K->22200K(4054528K), 0.0050606 secs] [Times: user=0.00 sys=0.00, real=0.02 secs] 
2024-10-04T02:56:29.354+0300: 678.499: Total time for which application threads were stopped: 0.0053997 seconds, Stopping threads took: 0.0002134 seconds
2024-10-04T02:56:29.683+0300: 678.842: Application time: 0.3424460 seconds
2024-10-04T02:56:29.683+0300: 678.842: [GC (Allocation Failure) 2024-10-04T02:56:29.683+0300: 678.842: [DefNew: 1125783K->5576K(1258304K), 0.0033144 secs] 1140728K->20521K(4054528K), 0.0033777 secs] [Times: user=0.00 sys=0.00, real=0.02 secs] 
2024-10-04T02:56:29.699+0300: 678.846: Total time for which application threads were stopped: 0.0037043 seconds, Stopping threads took: 0.0002056 seconds
2024-10-04T02:56:30.029+0300: 679.189: Application time: 0.3431998 seconds
2024-10-04T02:56:30.029+0300: 679.189: [GC (Allocation Failure) 2024-10-04T02:56:30.029+0300: 679.189: [DefNew: 1124104K->5477K(1258304K), 0.0033907 secs] 1139049K->20422K(4054528K), 0.0034772 secs] [Times: user=0.02 sys=0.00, real=0.02 secs] 
2024-10-04T02:56:30.045+0300: 679.193: Total time for which application threads were stopped: 0.0038065 seconds, Stopping threads took: 0.0001989 seconds
2024-10-04T02:56:30.375+0300: 679.529: Application time: 0.3367550 seconds
2024-10-04T02:56:30.375+0300: 679.530: [GC (Allocation Failure) 2024-10-04T02:56:30.375+0300: 679.530: [DefNew: 1124005K->8669K(1258304K), 0.0056007 secs] 1138950K->23615K(4054528K), 0.0056664 secs] [Times: user=0.00 sys=0.00, real=0.00 secs] 
2024-10-04T02:56:30.375+0300: 679.535: Total time for which application threads were stopped: 0.0059147 seconds, Stopping threads took: 0.0001415 seconds
2024-10-04T02:56:30.721+0300: 679.876: Application time: 0.3408826 seconds
2024-10-04T02:56:30.721+0300: 679.876: [GC (Allocation Failure) 2024-10-04T02:56:30.721+0300: 679.877: [DefNew: 1127197K->5624K(1258304K), 0.0031907 secs] 1142143K->20570K(4054528K), 0.0032585 secs] [Times: user=0.00 sys=0.00, real=0.00 secs] 
2024-10-04T02:56:30.721+0300: 679.880: Total time for which application threads were stopped: 0.0035403 seconds, Stopping threads took: 0.0001711 seconds
2024-10-04T02:56:31.081+0300: 680.236: Application time: 0.3563483 seconds
2024-10-04T02:56:31.081+0300: 680.236: [GC (Allocation Failure) 2024-10-04T02:56:31.081+0300: 680.236: [DefNew: 1124152K->5631K(1258304K), 0.0033587 secs] 1139098K->20578K(4054528K), 0.0034325 secs] [Times: user=0.00 sys=0.00, real=0.00 secs] 
2024-10-04T02:56:31.081+0300: 680.240: Total time for which application threads were stopped: 0.0037836 seconds, Stopping threads took: 0.0002133 seconds
2024-10-04T02:56:31.427+0300: 680.580: Application time: 0.3397572 seconds
2024-10-04T02:56:31.427+0300: 680.580: [GC (Allocation Failure) 2024-10-04T02:56:31.427+0300: 680.580: [DefNew: 1124159K->5526K(1258304K), 0.0031223 secs] 1139106K->20473K(4054528K), 0.0031903 secs] [Times: user=0.00 sys=0.00, real=0.00 secs] 
2024-10-04T02:56:31.427+0300: 680.583: Total time for which application threads were stopped: 0.0035302 seconds, Stopping threads took: 0.0002196 seconds
2024-10-04T02:56:31.757+0300: 680.915: Application time: 0.3320149 seconds
2024-10-04T02:56:31.757+0300: 680.915: [GC (Allocation Failure) 2024-10-04T02:56:31.757+0300: 680.916: [DefNew: 1124054K->7827K(1258304K), 0.0055536 secs] 1139001K->22774K(4054528K), 0.0056235 secs] [Times: user=0.00 sys=0.00, real=0.02 secs] 
2024-10-04T02:56:31.772+0300: 680.921: Total time for which application threads were stopped: 0.0059378 seconds, Stopping threads took: 0.0001934 seconds
2024-10-04T02:56:32.118+0300: 681.264: Application time: 0.3424535 seconds
2024-10-04T02:56:32.118+0300: 681.264: [GC (Allocation Failure) 2024-10-04T02:56:32.118+0300: 681.264: [DefNew: 1126355K->9217K(1258304K), 0.0075494 secs] 1141302K->24165K(4054528K), 0.0076198 secs] [Times: user=0.00 sys=0.00, real=0.00 secs] 
2024-10-04T02:56:32.118+0300: 681.272: Total time for which application threads were stopped: 0.0079305 seconds, Stopping threads took: 0.0001948 seconds
2024-10-04T02:56:32.463+0300: 681.623: Application time: 0.3517985 seconds
2024-10-04T02:56:32.463+0300: 681.624: [GC (Allocation Failure) 2024-10-04T02:56:32.463+0300: 681.624: [DefNew: 1127745K->5565K(1258304K), 0.0032413 secs] 1142693K->20513K(4054528K), 0.0033109 secs] [Times: user=0.00 sys=0.00, real=0.02 secs] 
2024-10-04T02:56:32.479+0300: 681.627: Total time for which application threads were stopped: 0.0036466 seconds, Stopping threads took: 0.0002145 seconds
2024-10-04T02:56:32.824+0300: 681.973: Application time: 0.3462618 seconds
2024-10-04T02:56:32.824+0300: 681.973: [GC (Allocation Failure) 2024-10-04T02:56:32.824+0300: 681.973: [DefNew: 1124093K->5421K(1258304K), 0.0029965 secs] 1139041K->20369K(4054528K), 0.0030605 secs] [Times: user=0.00 sys=0.00, real=0.00 secs] 
2024-10-04T02:56:32.824+0300: 681.977: Total time for which application threads were stopped: 0.0032944 seconds, Stopping threads took: 0.0001222 seconds
2024-10-04T02:56:33.169+0300: 682.325: Application time: 0.3480421 seconds
2024-10-04T02:56:33.169+0300: 682.325: [GC (Allocation Failure) 2024-10-04T02:56:33.169+0300: 682.325: [DefNew: 1123949K->6464K(1258304K), 0.0038888 secs] 1138897K->21413K(4054528K), 0.0039626 secs] [Times: user=0.00 sys=0.00, real=0.00 secs] 
2024-10-04T02:56:33.169+0300: 682.329: Total time for which application threads were stopped: 0.0042642 seconds, Stopping threads took: 0.0001781 seconds
2024-10-04T02:56:33.506+0300: 682.659: Application time: 0.3300854 seconds
2024-10-04T02:56:33.506+0300: 682.659: [GC (Allocation Failure) 2024-10-04T02:56:33.506+0300: 682.659: [DefNew: 1124992K->5831K(1258304K), 0.0034367 secs] 1139941K->20779K(4054528K), 0.0035408 secs] [Times: user=0.00 sys=0.00, real=0.01 secs] 
2024-10-04T02:56:33.514+0300: 682.663: Total time for which application threads were stopped: 0.0038124 seconds, Stopping threads took: 0.0001408 seconds
2024-10-04T02:56:33.860+0300: 683.012: Application time: 0.3491466 seconds
2024-10-04T02:56:33.860+0300: 683.012: [GC (Allocation Failure) 2024-10-04T02:56:33.860+0300: 683.012: [DefNew: 1124359K->5998K(1258304K), 0.0037122 secs] 1139307K->20947K(4054528K), 0.0037888 secs] [Times: user=0.00 sys=0.00, real=0.00 secs] 
2024-10-04T02:56:33.860+0300: 683.016: Total time for which application threads were stopped: 0.0040630 seconds, Stopping threads took: 0.0001413 seconds
2024-10-04T02:56:34.221+0300: 683.371: Application time: 0.3553874 seconds
2024-10-04T02:56:34.221+0300: 683.372: [GC (Allocation Failure) 2024-10-04T02:56:34.221+0300: 683.372: [DefNew: 1124526K->5635K(1258304K), 0.0032924 secs] 1139475K->20585K(4054528K), 0.0033709 secs] [Times: user=0.00 sys=0.00, real=0.00 secs] 
2024-10-04T02:56:34.221+0300: 683.375: Total time for which application threads were stopped: 0.0036571 seconds, Stopping threads took: 0.0001484 seconds
2024-10-04T02:56:34.565+0300: 683.712: Application time: 0.3367427 seconds
2024-10-04T02:56:34.565+0300: 683.712: [GC (Allocation Failure) 2024-10-04T02:56:34.565+0300: 683.712: [DefNew: 1124163K->5461K(1258304K), 0.0034196 secs] 1139113K->20411K(4054528K), 0.0034917 secs] [Times: user=0.00 sys=0.00, real=0.00 secs] 
2024-10-04T02:56:34.565+0300: 683.716: Total time for which application threads were stopped: 0.0037747 seconds, Stopping threads took: 0.0001573 seconds
2024-10-04T02:56:34.911+0300: 684.062: Application time: 0.3468349 seconds
2024-10-04T02:56:34.911+0300: 684.063: [GC (Allocation Failure) 2024-10-04T02:56:34.911+0300: 684.063: [DefNew: 1123989K->5913K(1258304K), 0.0033272 secs] 1138939K->20863K(4054528K), 0.0033962 secs] [Times: user=0.00 sys=0.00, real=0.00 secs] 
2024-10-04T02:56:34.911+0300: 684.066: Total time for which application threads were stopped: 0.0037162 seconds, Stopping threads took: 0.0002030 seconds
2024-10-04T02:56:35.256+0300: 684.403: Application time: 0.3373254 seconds
2024-10-04T02:56:35.256+0300: 684.404: [GC (Allocation Failure) 2024-10-04T02:56:35.256+0300: 684.404: [DefNew: 1124441K->10474K(1258304K), 0.0096382 secs] 1139391K->25424K(4054528K), 0.0097091 secs] [Times: user=0.00 sys=0.00, real=0.00 secs] 
2024-10-04T02:56:35.256+0300: 684.413: Total time for which application threads were stopped: 0.0100223 seconds, Stopping threads took: 0.0001853 seconds
2024-10-04T02:56:35.611+0300: 684.760: Application time: 0.3470427 seconds
2024-10-04T02:56:35.611+0300: 684.761: [GC (Allocation Failure) 2024-10-04T02:56:35.611+0300: 684.761: [DefNew: 1129002K->5377K(1258304K), 0.0031064 secs] 1143952K->20328K(4054528K), 0.0031756 secs] [Times: user=0.00 sys=0.00, real=0.01 secs] 
2024-10-04T02:56:35.617+0300: 684.764: Total time for which application threads were stopped: 0.0034295 seconds, Stopping threads took: 0.0001335 seconds
2024-10-04T02:56:35.962+0300: 685.118: Application time: 0.3545411 seconds
2024-10-04T02:56:35.962+0300: 685.119: [GC (Allocation Failure) 2024-10-04T02:56:35.962+0300: 685.119: [DefNew: 1123905K->5730K(1258304K), 0.0033698 secs] 1138856K->20681K(4054528K), 0.0034461 secs] [Times: user=0.00 sys=0.00, real=0.00 secs] 
2024-10-04T02:56:35.962+0300: 685.122: Total time for which application threads were stopped: 0.0038393 seconds, Stopping threads took: 0.0002404 seconds
2024-10-04T02:56:36.313+0300: 685.460: Application time: 0.3376685 seconds
2024-10-04T02:56:36.313+0300: 685.460: [GC (Allocation Failure) 2024-10-04T02:56:36.313+0300: 685.462: [DefNew: 1124258K->5583K(1258304K), 0.0034005 secs] 1139209K->20535K(4054528K), 0.0056000 secs] [Times: user=0.00 sys=0.00, real=0.00 secs] 
2024-10-04T02:56:36.313+0300: 685.466: Total time for which application threads were stopped: 0.0059603 seconds, Stopping threads took: 0.0002335 seconds
2024-10-04T02:56:36.638+0300: 685.798: Application time: 0.3318714 seconds
2024-10-04T02:56:36.638+0300: 685.798: [GC (Allocation Failure) 2024-10-04T02:56:36.638+0300: 685.798: [DefNew: 1124111K->5512K(1258304K), 0.0031788 secs] 1139063K->20464K(4054528K), 0.0032521 secs] [Times: user=0.00 sys=0.00, real=0.02 secs] 
2024-10-04T02:56:36.653+0300: 685.801: Total time for which application threads were stopped: 0.0035017 seconds, Stopping threads took: 0.0001099 seconds
2024-10-04T02:56:36.999+0300: 686.152: Application time: 0.3505713 seconds
2024-10-04T02:56:36.999+0300: 686.152: [GC (Allocation Failure) 2024-10-04T02:56:36.999+0300: 686.152: [DefNew: 1124040K->6676K(1258304K), 0.0036062 secs] 1138992K->21628K(4054528K), 0.0036730 secs] [Times: user=0.00 sys=0.00, real=0.00 secs] 
2024-10-04T02:56:36.999+0300: 686.156: Total time for which application threads were stopped: 0.0039977 seconds, Stopping threads took: 0.0001869 seconds
2024-10-04T02:56:37.344+0300: 686.503: Application time: 0.3469718 seconds
2024-10-04T02:56:37.344+0300: 686.503: [GC (Allocation Failure) 2024-10-04T02:56:37.344+0300: 686.503: [DefNew: 1125204K->5707K(1258304K), 0.0034628 secs] 1140156K->20659K(4054528K), 0.0035371 secs] [Times: user=0.00 sys=0.00, real=0.02 secs] 
2024-10-04T02:56:37.360+0300: 686.507: Total time for which application threads were stopped: 0.0038521 seconds, Stopping threads took: 0.0001931 seconds
2024-10-04T02:56:37.689+0300: 686.847: Application time: 0.3406724 seconds
2024-10-04T02:56:37.689+0300: 686.848: [GC (Allocation Failure) 2024-10-04T02:56:37.689+0300: 686.848: [DefNew: 1124235K->5549K(1258304K), 0.0033045 secs] 1139187K->20501K(4054528K), 0.0033691 secs] [Times: user=0.00 sys=0.00, real=0.02 secs] 
2024-10-04T02:56:37.705+0300: 686.851: Total time for which application threads were stopped: 0.0036861 seconds, Stopping threads took: 0.0002036 seconds
2024-10-04T02:56:38.035+0300: 687.194: Application time: 0.3426596 seconds
2024-10-04T02:56:38.035+0300: 687.194: [GC (Allocation Failure) 2024-10-04T02:56:38.035+0300: 687.194: [DefNew: 1124077K->5744K(1258304K), 0.0034059 secs] 1139029K->20697K(4054528K), 0.0034816 secs] [Times: user=0.00 sys=0.00, real=0.01 secs] 
2024-10-04T02:56:38.050+0300: 687.198: Total time for which application threads were stopped: 0.0038522 seconds, Stopping threads took: 0.0002242 seconds
2024-10-04T02:56:38.380+0300: 687.532: Application time: 0.3341823 seconds
2024-10-04T02:56:38.380+0300: 687.532: [GC (Allocation Failure) 2024-10-04T02:56:38.380+0300: 687.532: [DefNew: 1124272K->7066K(1258304K), 0.0046095 secs] 1139225K->22019K(4054528K), 0.0047176 secs] [Times: user=0.00 sys=0.00, real=0.00 secs] 
2024-10-04T02:56:38.380+0300: 687.537: Total time for which application threads were stopped: 0.0049840 seconds, Stopping threads took: 0.0001506 seconds
2024-10-04T02:56:38.726+0300: 687.884: Application time: 0.3469720 seconds
2024-10-04T02:56:38.726+0300: 687.884: [GC (Allocation Failure) 2024-10-04T02:56:38.726+0300: 687.884: [DefNew: 1125594K->5857K(1258304K), 0.0033989 secs] 1140547K->20811K(4054528K), 0.0034749 secs] [Times: user=0.00 sys=0.00, real=0.02 secs] 
2024-10-04T02:56:38.742+0300: 687.887: Total time for which application threads were stopped: 0.0037201 seconds, Stopping threads took: 0.0001254 seconds
2024-10-04T02:56:39.087+0300: 688.242: Application time: 0.3546506 seconds
2024-10-04T02:56:39.087+0300: 688.242: [GC (Allocation Failure) 2024-10-04T02:56:39.087+0300: 688.242: [DefNew: 1124385K->5605K(1258304K), 0.0032217 secs] 1139339K->20559K(4054528K), 0.0032920 secs] [Times: user=0.00 sys=0.00, real=0.00 secs] 
2024-10-04T02:56:39.087+0300: 688.246: Total time for which application threads were stopped: 0.0036375 seconds, Stopping threads took: 0.0002213 seconds
2024-10-04T02:56:39.433+0300: 688.583: Application time: 0.3375753 seconds
2024-10-04T02:56:39.433+0300: 688.584: [GC (Allocation Failure) 2024-10-04T02:56:39.433+0300: 688.584: [DefNew: 1124133K->5509K(1258304K), 0.0031777 secs] 1139087K->20463K(4054528K), 0.0032560 secs] [Times: user=0.00 sys=0.00, real=0.00 secs] 
2024-10-04T02:56:39.433+0300: 688.587: Total time for which application threads were stopped: 0.0035744 seconds, Stopping threads took: 0.0001649 seconds
2024-10-04T02:56:39.762+0300: 688.921: Application time: 0.3335889 seconds
2024-10-04T02:56:39.762+0300: 688.921: [GC (Allocation Failure) 2024-10-04T02:56:39.762+0300: 688.921: [DefNew: 1124037K->7477K(1258304K), 0.0050742 secs] 1138991K->22431K(4054528K), 0.0051470 secs] [Times: user=0.00 sys=0.00, real=0.02 secs] 
2024-10-04T02:56:39.778+0300: 688.926: Total time for which application threads were stopped: 0.0054795 seconds, Stopping threads took: 0.0002176 seconds
2024-10-04T02:56:40.123+0300: 689.273: Application time: 0.3474926 seconds
2024-10-04T02:56:40.123+0300: 689.274: [GC (Allocation Failure) 2024-10-04T02:56:40.123+0300: 689.274: [DefNew: 1126005K->10146K(1258304K), 0.0085223 secs] 1140959K->25101K(4054528K), 0.0085984 secs] [Times: user=0.00 sys=0.00, real=0.00 secs] 
2024-10-04T02:56:40.123+0300: 689.282: Total time for which application threads were stopped: 0.0089303 seconds, Stopping threads took: 0.0002093 seconds
2024-10-04T02:56:40.484+0300: 689.633: Application time: 0.3506881 seconds
2024-10-04T02:56:40.484+0300: 689.633: [GC (Allocation Failure) 2024-10-04T02:56:40.484+0300: 689.633: [DefNew: 1128674K->5667K(1258304K), 0.0032591 secs] 1143629K->20622K(4054528K), 0.0033273 secs] [Times: user=0.00 sys=0.00, real=0.00 secs] 
2024-10-04T02:56:40.484+0300: 689.637: Total time for which application threads were stopped: 0.0035952 seconds, Stopping threads took: 0.0001528 seconds
2024-10-04T02:56:40.830+0300: 689.981: Application time: 0.3446144 seconds
2024-10-04T02:56:40.830+0300: 689.982: [GC (Allocation Failure) 2024-10-04T02:56:40.830+0300: 689.982: [DefNew: 1124195K->5692K(1258304K), 0.0032932 secs] 1139150K->20648K(4054528K), 0.0033645 secs] [Times: user=0.00 sys=0.00, real=0.00 secs] 
2024-10-04T02:56:40.830+0300: 689.985: Total time for which application threads were stopped: 0.0036858 seconds, Stopping threads took: 0.0001953 seconds
2024-10-04T02:56:41.175+0300: 690.328: Application time: 0.3433959 seconds
2024-10-04T02:56:41.175+0300: 690.329: [GC (Allocation Failure) 2024-10-04T02:56:41.175+0300: 690.329: [DefNew: 1124220K->5581K(1258304K), 0.0034716 secs] 1139176K->20536K(4054528K), 0.0035658 secs] [Times: user=0.00 sys=0.00, real=0.00 secs] 
2024-10-04T02:56:41.175+0300: 690.332: Total time for which application threads were stopped: 0.0038768 seconds, Stopping threads took: 0.0001850 seconds
2024-10-04T02:56:41.520+0300: 690.666: Application time: 0.3340312 seconds
2024-10-04T02:56:41.520+0300: 690.667: [GC (Allocation Failure) 2024-10-04T02:56:41.520+0300: 690.667: [DefNew: 1124109K->9636K(1258304K), 0.0073392 secs] 1139064K->24592K(4054528K), 0.0074032 secs] [Times: user=0.00 sys=0.00, real=0.01 secs] 
2024-10-04T02:56:41.526+0300: 690.674: Total time for which application threads were stopped: 0.0076916 seconds, Stopping threads took: 0.0001745 seconds
2024-10-04T02:56:41.881+0300: 691.029: Application time: 0.3547661 seconds
2024-10-04T02:56:41.881+0300: 691.029: [GC (Allocation Failure) 2024-10-04T02:56:41.881+0300: 691.029: [DefNew: 1128164K->5548K(1258304K), 0.0032534 secs] 1143120K->20504K(4054528K), 0.0033235 secs] [Times: user=0.00 sys=0.00, real=0.00 secs] 
2024-10-04T02:56:41.881+0300: 691.032: Total time for which application threads were stopped: 0.0036429 seconds, Stopping threads took: 0.0001900 seconds
2024-10-04T02:56:42.227+0300: 691.382: Application time: 0.3496964 seconds
2024-10-04T02:56:42.227+0300: 691.382: [GC (Allocation Failure) 2024-10-04T02:56:42.227+0300: 691.382: [DefNew: 1124076K->5556K(1258304K), 0.0032579 secs] 1139032K->20513K(4054528K), 0.0033335 secs] [Times: user=0.00 sys=0.00, real=0.00 secs] 
2024-10-04T02:56:42.227+0300: 691.386: Total time for which application threads were stopped: 0.0036559 seconds, Stopping threads took: 0.0001939 seconds
2024-10-04T02:56:42.572+0300: 691.724: Application time: 0.3382429 seconds
2024-10-04T02:56:42.572+0300: 691.724: [GC (Allocation Failure) 2024-10-04T02:56:42.572+0300: 691.724: [DefNew: 1124084K->5589K(1258304K), 0.0032851 secs] 1139041K->20546K(4054528K), 0.0033540 secs] [Times: user=0.00 sys=0.00, real=0.00 secs] 
2024-10-04T02:56:42.572+0300: 691.728: Total time for which application threads were stopped: 0.0036685 seconds, Stopping threads took: 0.0001878 seconds
2024-10-04T02:56:42.916+0300: 692.068: Application time: 0.3400244 seconds
2024-10-04T02:56:42.916+0300: 692.068: [GC (Allocation Failure) 2024-10-04T02:56:42.916+0300: 692.068: [DefNew: 1124117K->6102K(1258304K), 0.0036162 secs] 1139074K->21060K(4054528K), 0.0037042 secs] [Times: user=0.00 sys=0.00, real=0.00 secs] 
2024-10-04T02:56:42.916+0300: 692.072: Total time for which application threads were stopped: 0.0040567 seconds, Stopping threads took: 0.0002067 seconds
2024-10-04T02:56:43.263+0300: 692.412: Application time: 0.3404251 seconds
2024-10-04T02:56:43.263+0300: 692.412: [GC (Allocation Failure) 2024-10-04T02:56:43.263+0300: 692.413: [DefNew: 1124630K->8506K(1258304K), 0.0060160 secs] 1139588K->23463K(4054528K), 0.0060983 secs] [Times: user=0.00 sys=0.00, real=0.00 secs] 
2024-10-04T02:56:43.263+0300: 692.419: Total time for which application threads were stopped: 0.0063841 seconds, Stopping threads took: 0.0001668 seconds
2024-10-04T02:56:43.608+0300: 692.766: Application time: 0.3476782 seconds
2024-10-04T02:56:43.608+0300: 692.767: [GC (Allocation Failure) 2024-10-04T02:56:43.608+0300: 692.767: [DefNew: 1127034K->5420K(1258304K), 0.0032250 secs] 1141991K->20378K(4054528K), 0.0032896 secs] [Times: user=0.00 sys=0.00, real=0.02 secs] 
2024-10-04T02:56:43.624+0300: 692.770: Total time for which application threads were stopped: 0.0035966 seconds, Stopping threads took: 0.0001926 seconds
2024-10-04T02:56:43.969+0300: 693.121: Application time: 0.3515770 seconds
2024-10-04T02:56:43.969+0300: 693.122: [GC (Allocation Failure) 2024-10-04T02:56:43.969+0300: 693.122: [DefNew: 1123948K->5720K(1258304K), 0.0033255 secs] 1138906K->20679K(4054528K), 0.0033942 secs] [Times: user=0.00 sys=0.00, real=0.00 secs] 
2024-10-04T02:56:43.969+0300: 693.125: Total time for which application threads were stopped: 0.0037823 seconds, Stopping threads took: 0.0002451 seconds
2024-10-04T02:56:44.315+0300: 693.462: Application time: 0.3364801 seconds
2024-10-04T02:56:44.315+0300: 693.462: [GC (Allocation Failure) 2024-10-04T02:56:44.315+0300: 693.462: [DefNew: 1124248K->5693K(1258304K), 0.0033461 secs] 1139207K->20652K(4054528K), 0.0034190 secs] [Times: user=0.00 sys=0.00, real=0.00 secs] 
2024-10-04T02:56:44.315+0300: 693.465: Total time for which application threads were stopped: 0.0036872 seconds, Stopping threads took: 0.0001323 seconds
2024-10-04T02:56:44.645+0300: 693.798: Application time: 0.3326105 seconds
2024-10-04T02:56:44.645+0300: 693.798: [GC (Allocation Failure) 2024-10-04T02:56:44.645+0300: 693.798: [DefNew: 1124221K->8160K(1258304K), 0.0055911 secs] 1139180K->23119K(4054528K), 0.0056636 secs] [Times: user=0.00 sys=0.00, real=0.00 secs] 
2024-10-04T02:56:44.645+0300: 693.804: Total time for which application threads were stopped: 0.0059577 seconds, Stopping threads took: 0.0001730 seconds
2024-10-04T02:56:45.006+0300: 694.154: Application time: 0.3504552 seconds
2024-10-04T02:56:45.006+0300: 694.155: [GC (Allocation Failure) 2024-10-04T02:56:45.006+0300: 694.155: [DefNew: 1126688K->5529K(1258304K), 0.0035356 secs] 1141647K->20488K(4054528K), 0.0036096 secs] [Times: user=0.00 sys=0.00, real=0.00 secs] 
2024-10-04T02:56:45.006+0300: 694.158: Total time for which application threads were stopped: 0.0039289 seconds, Stopping threads took: 0.0001901 seconds
2024-10-04T02:56:45.352+0300: 694.509: Application time: 0.3503158 seconds
2024-10-04T02:56:45.352+0300: 694.509: [GC (Allocation Failure) 2024-10-04T02:56:45.352+0300: 694.509: [DefNew: 1124057K->5443K(1258304K), 0.0031098 secs] 1139016K->20402K(4054528K), 0.0031802 secs] [Times: user=0.00 sys=0.00, real=0.00 secs] 
2024-10-04T02:56:45.352+0300: 694.512: Total time for which application threads were stopped: 0.0034586 seconds, Stopping threads took: 0.0001621 seconds
2024-10-04T02:56:45.697+0300: 694.856: Application time: 0.3438190 seconds
2024-10-04T02:56:45.697+0300: 694.856: [GC (Allocation Failure) 2024-10-04T02:56:45.697+0300: 694.856: [DefNew: 1123971K->5544K(1258304K), 0.0036139 secs] 1138930K->20503K(4054528K), 0.0036909 secs] [Times: user=0.02 sys=0.00, real=0.02 secs] 
2024-10-04T02:56:45.713+0300: 694.860: Total time for which application threads were stopped: 0.0040105 seconds, Stopping threads took: 0.0001693 seconds
2024-10-04T02:56:46.043+0300: 695.204: Application time: 0.3438651 seconds
2024-10-04T02:56:46.059+0300: 695.204: [GC (Allocation Failure) 2024-10-04T02:56:46.059+0300: 695.204: [DefNew: 1124072K->5628K(1258304K), 0.0032275 secs] 1139031K->20588K(4054528K), 0.0033140 secs] [Times: user=0.00 sys=0.00, real=0.00 secs] 
2024-10-04T02:56:46.059+0300: 695.208: Total time for which application threads were stopped: 0.0037415 seconds, Stopping threads took: 0.0002780 seconds
2024-10-04T02:56:46.389+0300: 695.543: Application time: 0.3354381 seconds
2024-10-04T02:56:46.389+0300: 695.543: [GC (Allocation Failure) 2024-10-04T02:56:46.389+0300: 695.543: [DefNew: 1124156K->7323K(1258304K), 0.0046968 secs] 1139116K->22284K(4054528K), 0.0047673 secs] [Times: user=0.00 sys=0.00, real=0.00 secs] 
2024-10-04T02:56:46.389+0300: 695.548: Total time for which application threads were stopped: 0.0050919 seconds, Stopping threads took: 0.0002025 seconds
2024-10-04T02:56:46.750+0300: 695.897: Application time: 0.3487444 seconds
2024-10-04T02:56:46.750+0300: 695.897: [GC (Allocation Failure) 2024-10-04T02:56:46.750+0300: 695.897: [DefNew: 1125851K->5712K(1258304K), 0.0040184 secs] 1140812K->20672K(4054528K), 0.0040791 secs] [Times: user=0.00 sys=0.00, real=0.00 secs] 
2024-10-04T02:56:46.750+0300: 695.901: Total time for which application threads were stopped: 0.0043573 seconds, Stopping threads took: 0.0001411 seconds
2024-10-04T02:56:47.111+0300: 696.270: Application time: 0.3692269 seconds
2024-10-04T02:56:47.111+0300: 696.271: [GC (Allocation Failure) 2024-10-04T02:56:47.111+0300: 696.271: [DefNew: 1124240K->5665K(1258304K), 0.0037771 secs] 1139200K->20626K(4054528K), 0.0038502 secs] [Times: user=0.00 sys=0.00, real=0.02 secs] 
2024-10-04T02:56:47.127+0300: 696.275: Total time for which application threads were stopped: 0.0041625 seconds, Stopping threads took: 0.0001813 seconds
2024-10-04T02:56:47.473+0300: 696.624: Application time: 0.3497571 seconds
2024-10-04T02:56:47.473+0300: 696.625: [GC (Allocation Failure) 2024-10-04T02:56:47.473+0300: 696.625: [DefNew: 1124193K->5696K(1258304K), 0.0038222 secs] 1139154K->20657K(4054528K), 0.0038944 secs] [Times: user=0.00 sys=0.00, real=0.00 secs] 
2024-10-04T02:56:47.473+0300: 696.629: Total time for which application threads were stopped: 0.0041636 seconds, Stopping threads took: 0.0001352 seconds
2024-10-04T02:56:47.802+0300: 696.962: Application time: 0.3335670 seconds
2024-10-04T02:56:47.802+0300: 696.962: [GC (Allocation Failure) 2024-10-04T02:56:47.817+0300: 696.962: [DefNew: 1124224K->5955K(1258304K), 0.0039710 secs] 1139185K->20916K(4054528K), 0.0040551 secs] [Times: user=0.00 sys=0.01, real=0.01 secs] 
2024-10-04T02:56:47.817+0300: 696.966: Total time for which application threads were stopped: 0.0043486 seconds, Stopping threads took: 0.0001738 seconds
2024-10-04T02:56:48.179+0300: 697.326: Application time: 0.3598724 seconds
2024-10-04T02:56:48.179+0300: 697.327: [GC (Allocation Failure) 2024-10-04T02:56:48.179+0300: 697.327: [DefNew: 1124483K->7313K(1258304K), 0.0054021 secs] 1139444K->22275K(4054528K), 0.0054609 secs] [Times: user=0.02 sys=0.00, real=0.00 secs] 
2024-10-04T02:56:48.179+0300: 697.332: Total time for which application threads were stopped: 0.0056954 seconds, Stopping threads took: 0.0000933 seconds
2024-10-04T02:56:48.524+0300: 697.682: Application time: 0.3501897 seconds
2024-10-04T02:56:48.524+0300: 697.683: [GC (Allocation Failure) 2024-10-04T02:56:48.524+0300: 697.683: [DefNew: 1125841K->5518K(1258304K), 0.0038250 secs] 1140803K->20480K(4054528K), 0.0039006 secs] [Times: user=0.00 sys=0.00, real=0.02 secs] 
2024-10-04T02:56:48.539+0300: 697.686: Total time for which application threads were stopped: 0.0041907 seconds, Stopping threads took: 0.0001357 seconds
2024-10-04T02:56:48.885+0300: 698.038: Application time: 0.3514040 seconds
2024-10-04T02:56:48.885+0300: 698.038: [GC (Allocation Failure) 2024-10-04T02:56:48.885+0300: 698.038: [DefNew: 1124046K->5487K(1258304K), 0.0039074 secs] 1139008K->20449K(4054528K), 0.0039789 secs] [Times: user=0.00 sys=0.00, real=0.00 secs] 
2024-10-04T02:56:48.885+0300: 698.042: Total time for which application threads were stopped: 0.0045181 seconds, Stopping threads took: 0.0003915 seconds
2024-10-04T02:56:49.231+0300: 698.382: Application time: 0.3394375 seconds
2024-10-04T02:56:49.231+0300: 698.382: [GC (Allocation Failure) 2024-10-04T02:56:49.231+0300: 698.382: [DefNew: 1124015K->7388K(1258304K), 0.0063874 secs] 1138977K->22351K(4054528K), 0.0064615 secs] [Times: user=0.00 sys=0.00, real=0.00 secs] 
2024-10-04T02:56:49.231+0300: 698.389: Total time for which application threads were stopped: 0.0067561 seconds, Stopping threads took: 0.0001543 seconds
2024-10-04T02:56:49.576+0300: 698.726: Application time: 0.3376391 seconds
2024-10-04T02:56:49.576+0300: 698.726: [GC (Allocation Failure) 2024-10-04T02:56:49.576+0300: 698.727: [DefNew: 1125916K->11122K(1258304K), 0.0116791 secs] 1140879K->26085K(4054528K), 0.0117677 secs] [Times: user=0.00 sys=0.00, real=0.02 secs] 
2024-10-04T02:56:49.592+0300: 698.738: Total time for which application threads were stopped: 0.0120593 seconds, Stopping threads took: 0.0001503 seconds
2024-10-04T02:56:49.936+0300: 699.090: Application time: 0.3519235 seconds
2024-10-04T02:56:49.936+0300: 699.090: [GC (Allocation Failure) 2024-10-04T02:56:49.945+0300: 699.091: [DefNew: 1129650K->5777K(1258304K), 0.0033452 secs] 1144613K->20741K(4054528K), 0.0034182 secs] [Times: user=0.00 sys=0.00, real=0.01 secs] 
2024-10-04T02:56:49.945+0300: 699.094: Total time for which application threads were stopped: 0.0037123 seconds, Stopping threads took: 0.0001445 seconds
2024-10-04T02:56:50.298+0300: 699.445: Application time: 0.3515324 seconds
2024-10-04T02:56:50.298+0300: 699.446: [GC (Allocation Failure) 2024-10-04T02:56:50.298+0300: 699.446: [DefNew: 1124305K->5608K(1258304K), 0.0034405 secs] 1139269K->20572K(4054528K), 0.0035190 secs] [Times: user=0.00 sys=0.00, real=0.00 secs] 
2024-10-04T02:56:50.298+0300: 699.449: Total time for which application threads were stopped: 0.0038659 seconds, Stopping threads took: 0.0002048 seconds
2024-10-04T02:56:50.643+0300: 699.789: Application time: 0.3394739 seconds
2024-10-04T02:56:50.643+0300: 699.789: [GC (Allocation Failure) 2024-10-04T02:56:50.643+0300: 699.789: [DefNew: 1124136K->5663K(1258304K), 0.0032592 secs] 1139100K->20627K(4054528K), 0.0033243 secs] [Times: user=0.00 sys=0.00, real=0.00 secs] 
2024-10-04T02:56:50.647+0300: 699.792: Total time for which application threads were stopped: 0.0035808 seconds, Stopping threads took: 0.0001399 seconds
2024-10-04T02:56:50.973+0300: 700.131: Application time: 0.3382564 seconds
2024-10-04T02:56:50.973+0300: 700.131: [GC (Allocation Failure) 2024-10-04T02:56:50.973+0300: 700.131: [DefNew: 1124191K->5358K(1258304K), 0.0031109 secs] 1139155K->20322K(4054528K), 0.0031788 secs] [Times: user=0.00 sys=0.00, real=0.02 secs] 
2024-10-04T02:56:50.989+0300: 700.134: Total time for which application threads were stopped: 0.0035977 seconds, Stopping threads took: 0.0002846 seconds
2024-10-04T02:56:51.318+0300: 700.475: Application time: 0.3403175 seconds
2024-10-04T02:56:51.318+0300: 700.475: [GC (Allocation Failure) 2024-10-04T02:56:51.318+0300: 700.475: [DefNew: 1123886K->8447K(1258304K), 0.0058167 secs] 1138850K->23412K(4054528K), 0.0067251 secs] [Times: user=0.00 sys=0.00, real=0.02 secs] 
2024-10-04T02:56:51.334+0300: 700.482: Total time for which application threads were stopped: 0.0070924 seconds, Stopping threads took: 0.0001930 seconds
2024-10-04T02:56:51.679+0300: 700.830: Application time: 0.3486433 seconds
2024-10-04T02:56:51.679+0300: 700.831: [GC (Allocation Failure) 2024-10-04T02:56:51.679+0300: 700.831: [DefNew: 1126975K->5558K(1258304K), 0.0031409 secs] 1141940K->20523K(4054528K), 0.0032063 secs] [Times: user=0.00 sys=0.00, real=0.00 secs] 
2024-10-04T02:56:51.679+0300: 700.834: Total time for which application threads were stopped: 0.0034793 seconds, Stopping threads took: 0.0001605 seconds
2024-10-04T02:56:52.040+0300: 701.189: Application time: 0.3555193 seconds
2024-10-04T02:56:52.040+0300: 701.190: [GC (Allocation Failure) 2024-10-04T02:56:52.040+0300: 701.190: [DefNew: 1124086K->5528K(1258304K), 0.0031306 secs] 1139051K->20493K(4054528K), 0.0032052 secs] [Times: user=0.00 sys=0.00, real=0.00 secs] 
2024-10-04T02:56:52.040+0300: 701.193: Total time for which application threads were stopped: 0.0035160 seconds, Stopping threads took: 0.0001911 seconds
2024-10-04T02:56:52.370+0300: 701.530: Application time: 0.3367841 seconds
2024-10-04T02:56:52.370+0300: 701.530: [GC (Allocation Failure) 2024-10-04T02:56:52.370+0300: 701.530: [DefNew: 1124056K->5559K(1258304K), 0.0033400 secs] 1139021K->20525K(4054528K), 0.0034144 secs] [Times: user=0.00 sys=0.00, real=0.02 secs] 
2024-10-04T02:56:52.386+0300: 701.533: Total time for which application threads were stopped: 0.0036312 seconds, Stopping threads took: 0.0000984 seconds
2024-10-04T02:56:52.716+0300: 701.866: Application time: 0.3324334 seconds
2024-10-04T02:56:52.716+0300: 701.866: [GC (Allocation Failure) 2024-10-04T02:56:52.716+0300: 701.866: [DefNew: 1124087K->7601K(1258304K), 0.0054395 secs] 1139053K->22567K(4054528K), 0.0055078 secs] [Times: user=0.00 sys=0.00, real=0.00 secs] 
2024-10-04T02:56:52.716+0300: 701.871: Total time for which application threads were stopped: 0.0057507 seconds, Stopping threads took: 0.0001336 seconds
2024-10-04T02:56:53.077+0300: 702.229: Application time: 0.3573887 seconds
2024-10-04T02:56:53.077+0300: 702.229: [GC (Allocation Failure) 2024-10-04T02:56:53.077+0300: 702.229: [DefNew: 1126129K->6105K(1258304K), 0.0036189 secs] 1141095K->21071K(4054528K), 0.0036953 secs] [Times: user=0.00 sys=0.00, real=0.00 secs] 
2024-10-04T02:56:53.077+0300: 702.233: Total time for which application threads were stopped: 0.0039876 seconds, Stopping threads took: 0.0001631 seconds
2024-10-04T02:56:53.422+0300: 702.580: Application time: 0.3470164 seconds
2024-10-04T02:56:53.422+0300: 702.580: [GC (Allocation Failure) 2024-10-04T02:56:53.422+0300: 702.580: [DefNew: 1124633K->5534K(1258304K), 0.0036273 secs] 1139599K->20501K(4054528K), 0.0037011 secs] [Times: user=0.00 sys=0.00, real=0.02 secs] 
2024-10-04T02:56:53.438+0300: 702.584: Total time for which application threads were stopped: 0.0040099 seconds, Stopping threads took: 0.0001769 seconds
2024-10-04T02:56:53.768+0300: 702.922: Application time: 0.3384052 seconds
2024-10-04T02:56:53.768+0300: 702.923: [GC (Allocation Failure) 2024-10-04T02:56:53.768+0300: 702.923: [DefNew: 1124062K->5649K(1258304K), 0.0036989 secs] 1139029K->20616K(4054528K), 0.0037712 secs] [Times: user=0.00 sys=0.00, real=0.00 secs] 
2024-10-04T02:56:53.768+0300: 702.926: Total time for which application threads were stopped: 0.0041411 seconds, Stopping threads took: 0.0002245 seconds
2024-10-04T02:56:54.113+0300: 703.266: Application time: 0.3397112 seconds
2024-10-04T02:56:54.113+0300: 703.266: [GC (Allocation Failure) 2024-10-04T02:56:54.113+0300: 703.267: [DefNew: 1124177K->7239K(1258304K), 0.0050262 secs] 1139144K->22207K(4054528K), 0.0051177 secs] [Times: user=0.00 sys=0.00, real=0.00 secs] 
2024-10-04T02:56:54.113+0300: 703.272: Total time for which application threads were stopped: 0.0055064 seconds, Stopping threads took: 0.0002215 seconds
2024-10-04T02:56:54.458+0300: 703.609: Application time: 0.3371446 seconds
2024-10-04T02:56:54.458+0300: 703.609: [GC (Allocation Failure) 2024-10-04T02:56:54.458+0300: 703.609: [DefNew: 1125767K->6454K(1258304K), 0.0037499 secs] 1140735K->21422K(4054528K), 0.0038159 secs] [Times: user=0.00 sys=0.00, real=0.00 secs] 
2024-10-04T02:56:54.458+0300: 703.613: Total time for which application threads were stopped: 0.0041304 seconds, Stopping threads took: 0.0001980 seconds
2024-10-04T02:56:54.804+0300: 703.962: Application time: 0.3487839 seconds
2024-10-04T02:56:54.804+0300: 703.962: [GC (Allocation Failure) 2024-10-04T02:56:54.804+0300: 703.962: [DefNew: 1124982K->5627K(1258304K), 0.0035453 secs] 1139950K->20595K(4054528K), 0.0036119 secs] [Times: user=0.00 sys=0.00, real=0.02 secs] 
2024-10-04T02:56:54.819+0300: 703.966: Total time for which application threads were stopped: 0.0039002 seconds, Stopping threads took: 0.0001590 seconds
2024-10-04T02:56:55.165+0300: 704.319: Application time: 0.3536647 seconds
2024-10-04T02:56:55.165+0300: 704.320: [GC (Allocation Failure) 2024-10-04T02:56:55.165+0300: 704.320: [DefNew: 1124155K->5586K(1258304K), 0.0032598 secs] 1139123K->20554K(4054528K), 0.0033391 secs] [Times: user=0.00 sys=0.00, real=0.00 secs] 
2024-10-04T02:56:55.165+0300: 704.323: Total time for which application threads were stopped: 0.0036190 seconds, Stopping threads took: 0.0001481 seconds
2024-10-04T02:56:55.510+0300: 704.661: Application time: 0.3381238 seconds
2024-10-04T02:56:55.510+0300: 704.661: [GC (Allocation Failure) 2024-10-04T02:56:55.510+0300: 704.661: [DefNew: 1124114K->5679K(1258304K), 0.0033072 secs] 1139082K->20647K(4054528K), 0.0033827 secs] [Times: user=0.00 sys=0.00, real=0.00 secs] 
2024-10-04T02:56:55.510+0300: 704.665: Total time for which application threads were stopped: 0.0036998 seconds, Stopping threads took: 0.0002006 seconds
2024-10-04T02:56:55.840+0300: 704.995: Application time: 0.3305198 seconds
2024-10-04T02:56:55.840+0300: 704.996: [GC (Allocation Failure) 2024-10-04T02:56:55.840+0300: 704.996: [DefNew: 1124207K->7391K(1258304K), 0.0051639 secs] 1139175K->22360K(4054528K), 0.0052857 secs] [Times: user=0.00 sys=0.00, real=0.02 secs] 
2024-10-04T02:56:55.855+0300: 705.001: Total time for which application threads were stopped: 0.0056023 seconds, Stopping threads took: 0.0001723 seconds
2024-10-04T02:56:56.201+0300: 705.355: Application time: 0.3544683 seconds
2024-10-04T02:56:56.201+0300: 705.356: [GC (Allocation Failure) 2024-10-04T02:56:56.201+0300: 705.356: [DefNew: 1125919K->6403K(1258304K), 0.0037063 secs] 1140888K->21372K(4054528K), 0.0037825 secs] [Times: user=0.00 sys=0.00, real=0.00 secs] 
2024-10-04T02:56:56.201+0300: 705.359: Total time for which application threads were stopped: 0.0040777 seconds, Stopping threads took: 0.0001662 seconds
2024-10-04T02:56:56.562+0300: 705.710: Application time: 0.3505242 seconds
2024-10-04T02:56:56.562+0300: 705.710: [GC (Allocation Failure) 2024-10-04T02:56:56.562+0300: 705.710: [DefNew: 1124931K->5481K(1258304K), 0.0031202 secs] 1139900K->20450K(4054528K), 0.0031865 secs] [Times: user=0.00 sys=0.00, real=0.00 secs] 
2024-10-04T02:56:56.562+0300: 705.713: Total time for which application threads were stopped: 0.0034512 seconds, Stopping threads took: 0.0001554 seconds
2024-10-04T02:56:56.907+0300: 706.060: Application time: 0.3467006 seconds
2024-10-04T02:56:56.907+0300: 706.060: [GC (Allocation Failure) 2024-10-04T02:56:56.907+0300: 706.060: [DefNew: 1124009K->5576K(1258304K), 0.0031962 secs] 1138978K->20546K(4054528K), 0.0032666 secs] [Times: user=0.00 sys=0.00, real=0.00 secs] 
2024-10-04T02:56:56.907+0300: 706.064: Total time for which application threads were stopped: 0.0035844 seconds, Stopping threads took: 0.0001753 seconds
2024-10-04T02:56:57.253+0300: 706.401: Application time: 0.3369956 seconds
2024-10-04T02:56:57.253+0300: 706.401: [GC (Allocation Failure) 2024-10-04T02:56:57.253+0300: 706.401: [DefNew: 1124104K->7518K(1258304K), 0.0050826 secs] 1139074K->22488K(4054528K), 0.0051595 secs] [Times: user=0.00 sys=0.00, real=0.00 secs] 
2024-10-04T02:56:57.253+0300: 706.406: Total time for which application threads were stopped: 0.0054548 seconds, Stopping threads took: 0.0001699 seconds
2024-10-04T02:56:57.583+0300: 706.738: Application time: 0.3315827 seconds
2024-10-04T02:56:57.583+0300: 706.738: [GC (Allocation Failure) 2024-10-04T02:56:57.583+0300: 706.738: [DefNew: 1126046K->5748K(1258304K), 0.0032443 secs] 1141016K->20718K(4054528K), 0.0033173 secs] [Times: user=0.00 sys=0.00, real=0.00 secs] 
2024-10-04T02:56:57.583+0300: 706.741: Total time for which application threads were stopped: 0.0036406 seconds, Stopping threads took: 0.0001803 seconds
2024-10-04T02:56:57.943+0300: 707.099: Application time: 0.3575338 seconds
2024-10-04T02:56:57.943+0300: 707.099: [GC (Allocation Failure) 2024-10-04T02:56:57.943+0300: 707.099: [DefNew: 1124276K->5747K(1258304K), 0.0033956 secs] 1139246K->20717K(4054528K), 0.0034734 secs] [Times: user=0.00 sys=0.00, real=0.00 secs] 
2024-10-04T02:56:57.943+0300: 707.103: Total time for which application threads were stopped: 0.0037745 seconds, Stopping threads took: 0.0001661 seconds
2024-10-04T02:56:58.289+0300: 707.449: Application time: 0.3463164 seconds
2024-10-04T02:56:58.289+0300: 707.449: [GC (Allocation Failure) 2024-10-04T02:56:58.289+0300: 707.449: [DefNew: 1124275K->5653K(1258304K), 0.0033580 secs] 1139245K->20624K(4054528K), 0.0034420 secs] [Times: user=0.00 sys=0.00, real=0.02 secs] 
2024-10-04T02:56:58.305+0300: 707.453: Total time for which application threads were stopped: 0.0037652 seconds, Stopping threads took: 0.0001826 seconds
2024-10-04T02:56:58.634+0300: 707.785: Application time: 0.3326146 seconds
2024-10-04T02:56:58.634+0300: 707.786: [GC (Allocation Failure) 2024-10-04T02:56:58.634+0300: 707.786: [DefNew: 1124181K->5726K(1258304K), 0.0033463 secs] 1139152K->20697K(4054528K), 0.0034122 secs] [Times: user=0.00 sys=0.00, real=0.00 secs] 
2024-10-04T02:56:58.634+0300: 707.789: Total time for which application threads were stopped: 0.0036882 seconds, Stopping threads took: 0.0001538 seconds
2024-10-04T02:56:58.980+0300: 708.130: Application time: 0.3410332 seconds
2024-10-04T02:56:58.980+0300: 708.130: [GC (Allocation Failure) 2024-10-04T02:56:58.980+0300: 708.130: [DefNew: 1124254K->7143K(1258304K), 0.0047212 secs] 1139225K->22115K(4054528K), 0.0047974 secs] [Times: user=0.00 sys=0.00, real=0.00 secs] 
2024-10-04T02:56:58.980+0300: 708.135: Total time for which application threads were stopped: 0.0051491 seconds, Stopping threads took: 0.0001975 seconds
2024-10-04T02:56:59.325+0300: 708.477: Application time: 0.3421984 seconds
2024-10-04T02:56:59.325+0300: 708.478: [GC (Allocation Failure) 2024-10-04T02:56:59.325+0300: 708.478: [DefNew: 1125671K->9467K(1258304K), 0.0075239 secs] 1140643K->24439K(4054528K), 0.0076094 secs] [Times: user=0.00 sys=0.00, real=0.00 secs] 
2024-10-04T02:56:59.325+0300: 708.485: Total time for which application threads were stopped: 0.0079431 seconds, Stopping threads took: 0.0001848 seconds
2024-10-04T02:56:59.671+0300: 708.830: Application time: 0.3443087 seconds
2024-10-04T02:56:59.671+0300: 708.830: [GC (Allocation Failure) 2024-10-04T02:56:59.671+0300: 708.830: [DefNew: 1127995K->5623K(1258304K), 0.0033216 secs] 1142967K->20595K(4054528K), 0.0033873 secs] [Times: user=0.00 sys=0.00, real=0.02 secs] 
2024-10-04T02:56:59.687+0300: 708.833: Total time for which application threads were stopped: 0.0036629 seconds, Stopping threads took: 0.0001669 seconds
2024-10-04T02:57:00.032+0300: 709.189: Application time: 0.3553791 seconds
2024-10-04T02:57:00.032+0300: 709.189: [GC (Allocation Failure) 2024-10-04T02:57:00.032+0300: 709.189: [DefNew: 1124151K->5441K(1258304K), 0.0034956 secs] 1139123K->20413K(4054528K), 0.0035766 secs] [Times: user=0.00 sys=0.00, real=0.01 secs] 
2024-10-04T02:57:00.047+0300: 709.193: Total time for which application threads were stopped: 0.0039258 seconds, Stopping threads took: 0.0001937 seconds
2024-10-04T02:57:00.377+0300: 709.529: Application time: 0.3365414 seconds
2024-10-04T02:57:00.377+0300: 709.529: [GC (Allocation Failure) 2024-10-04T02:57:00.377+0300: 709.530: [DefNew: 1123969K->7243K(1258304K), 0.0050142 secs] 1138941K->22215K(4054528K), 0.0050843 secs] [Times: user=0.00 sys=0.00, real=0.00 secs] 
2024-10-04T02:57:00.377+0300: 709.535: Total time for which application threads were stopped: 0.0054011 seconds, Stopping threads took: 0.0001960 seconds
2024-10-04T02:57:00.707+0300: 709.866: Application time: 0.3315401 seconds
2024-10-04T02:57:00.707+0300: 709.866: [GC (Allocation Failure) 2024-10-04T02:57:00.707+0300: 709.866: [DefNew: 1125771K->6148K(1258304K), 0.0036508 secs] 1140743K->21121K(4054528K), 0.0037224 secs] [Times: user=0.00 sys=0.00, real=0.01 secs] 
2024-10-04T02:57:00.722+0300: 709.870: Total time for which application threads were stopped: 0.0039779 seconds, Stopping threads took: 0.0001409 seconds
2024-10-04T02:57:01.072+0300: 710.228: Application time: 0.3575592 seconds
2024-10-04T02:57:01.072+0300: 710.228: [GC (Allocation Failure) 2024-10-04T02:57:01.072+0300: 710.228: [DefNew: 1124676K->5719K(1258304K), 0.0034361 secs] 1139649K->20692K(4054528K), 0.0035118 secs] [Times: user=0.00 sys=0.00, real=0.01 secs] 
2024-10-04T02:57:01.084+0300: 710.232: Total time for which application threads were stopped: 0.0038705 seconds, Stopping threads took: 0.0002256 seconds
2024-10-04T02:57:01.430+0300: 710.579: Application time: 0.3472332 seconds
2024-10-04T02:57:01.430+0300: 710.579: [GC (Allocation Failure) 2024-10-04T02:57:01.430+0300: 710.579: [DefNew: 1124247K->5525K(1258304K), 0.0032876 secs] 1139220K->20499K(4054528K), 0.0033590 secs] [Times: user=0.00 sys=0.00, real=0.00 secs] 
2024-10-04T02:57:01.430+0300: 710.582: Total time for which application threads were stopped: 0.0036473 seconds, Stopping threads took: 0.0001635 seconds
2024-10-04T02:57:01.759+0300: 710.917: Application time: 0.3341772 seconds
2024-10-04T02:57:01.759+0300: 710.917: [GC (Allocation Failure) 2024-10-04T02:57:01.759+0300: 710.917: [DefNew: 1124053K->5670K(1258304K), 0.0033028 secs] 1139027K->20644K(4054528K), 0.0033685 secs] [Times: user=0.00 sys=0.00, real=0.02 secs] 
2024-10-04T02:57:01.775+0300: 710.920: Total time for which application threads were stopped: 0.0037077 seconds, Stopping threads took: 0.0002214 seconds
2024-10-04T02:57:02.120+0300: 711.266: Application time: 0.3454878 seconds
2024-10-04T02:57:02.120+0300: 711.266: [GC (Allocation Failure) 2024-10-04T02:57:02.120+0300: 711.266: [DefNew: 1124198K->7171K(1258304K), 0.0049607 secs] 1139172K->22145K(4054528K), 0.0050443 secs] [Times: user=0.00 sys=0.00, real=0.00 secs] 
2024-10-04T02:57:02.120+0300: 711.271: Total time for which application threads were stopped: 0.0053100 seconds, Stopping threads took: 0.0001306 seconds
2024-10-04T02:57:02.450+0300: 711.609: Application time: 0.3380973 seconds
2024-10-04T02:57:02.450+0300: 711.610: [GC (Allocation Failure) 2024-10-04T02:57:02.450+0300: 711.610: [DefNew: 1125699K->9405K(1258304K), 0.0072175 secs] 1140673K->24380K(4054528K), 0.0072898 secs] [Times: user=0.00 sys=0.00, real=0.02 secs] 
2024-10-04T02:57:02.466+0300: 711.617: Total time for which application threads were stopped: 0.0075884 seconds, Stopping threads took: 0.0001766 seconds
2024-10-04T02:57:02.811+0300: 711.962: Application time: 0.3448915 seconds
2024-10-04T02:57:02.811+0300: 711.962: [GC (Allocation Failure) 2024-10-04T02:57:02.811+0300: 711.962: [DefNew: 1127933K->5527K(1258304K), 0.0031479 secs] 1142908K->20502K(4054528K), 0.0032092 secs] [Times: user=0.00 sys=0.00, real=0.00 secs] 
2024-10-04T02:57:02.811+0300: 711.965: Total time for which application threads were stopped: 0.0035033 seconds, Stopping threads took: 0.0001718 seconds
2024-10-04T02:57:03.157+0300: 712.317: Application time: 0.3519750 seconds
2024-10-04T02:57:03.172+0300: 712.318: [GC (Allocation Failure) 2024-10-04T02:57:03.172+0300: 712.318: [DefNew: 1124055K->5511K(1258304K), 0.0031859 secs] 1139030K->20487K(4054528K), 0.0032676 secs] [Times: user=0.00 sys=0.00, real=0.00 secs] 
2024-10-04T02:57:03.172+0300: 712.321: Total time for which application threads were stopped: 0.0036354 seconds, Stopping threads took: 0.0002124 seconds
2024-10-04T02:57:03.502+0300: 712.656: Application time: 0.3346862 seconds
2024-10-04T02:57:03.502+0300: 712.656: [GC (Allocation Failure) 2024-10-04T02:57:03.502+0300: 712.656: [DefNew: 1124039K->5912K(1258304K), 0.0033247 secs] 1139015K->20888K(4054528K), 0.0033954 secs] [Times: user=0.00 sys=0.00, real=0.00 secs] 
2024-10-04T02:57:03.502+0300: 712.659: Total time for which application threads were stopped: 0.0037310 seconds, Stopping threads took: 0.0002044 seconds
2024-10-04T02:57:03.848+0300: 712.995: Application time: 0.3354997 seconds
2024-10-04T02:57:03.848+0300: 712.995: [GC (Allocation Failure) 2024-10-04T02:57:03.848+0300: 712.995: [DefNew: 1124440K->7924K(1258304K), 0.0051199 secs] 1139416K->22900K(4054528K), 0.0051926 secs] [Times: user=0.00 sys=0.00, real=0.00 secs] 
2024-10-04T02:57:03.848+0300: 713.000: Total time for which application threads were stopped: 0.0054379 seconds, Stopping threads took: 0.0001331 seconds
2024-10-04T02:57:04.193+0300: 713.352: Application time: 0.3514694 seconds
2024-10-04T02:57:04.193+0300: 713.352: [GC (Allocation Failure) 2024-10-04T02:57:04.193+0300: 713.352: [DefNew: 1126452K->5774K(1258304K), 0.0035015 secs] 1141428K->20751K(4054528K), 0.0035805 secs] [Times: user=0.00 sys=0.00, real=0.01 secs] 
2024-10-04T02:57:04.208+0300: 713.356: Total time for which application threads were stopped: 0.0039031 seconds, Stopping threads took: 0.0002003 seconds
2024-10-04T02:57:04.553+0300: 713.702: Application time: 0.3459196 seconds
2024-10-04T02:57:04.553+0300: 713.702: [GC (Allocation Failure) 2024-10-04T02:57:04.553+0300: 713.702: [DefNew: 1124302K->5630K(1258304K), 0.0032980 secs] 1139279K->20606K(4054528K), 0.0033654 secs] [Times: user=0.00 sys=0.00, real=0.00 secs] 
2024-10-04T02:57:04.553+0300: 713.705: Total time for which application threads were stopped: 0.0036615 seconds, Stopping threads took: 0.0001686 seconds
2024-10-04T02:57:04.899+0300: 714.049: Application time: 0.3435113 seconds
2024-10-04T02:57:04.899+0300: 714.049: [GC (Allocation Failure) 2024-10-04T02:57:04.899+0300: 714.049: [DefNew: 1124158K->5744K(1258304K), 0.0038351 secs] 1139134K->20721K(4054528K), 0.0039144 secs] [Times: user=0.02 sys=0.00, real=0.00 secs] 
2024-10-04T02:57:04.899+0300: 714.053: Total time for which application threads were stopped: 0.0042373 seconds, Stopping threads took: 0.0001771 seconds
2024-10-04T02:57:05.244+0300: 714.391: Application time: 0.3379880 seconds
2024-10-04T02:57:05.244+0300: 714.391: [GC (Allocation Failure) 2024-10-04T02:57:05.244+0300: 714.391: [DefNew: 1124272K->7683K(1258304K), 0.0053706 secs] 1139249K->22661K(4054528K), 0.0054481 secs] [Times: user=0.00 sys=0.00, real=0.00 secs] 
2024-10-04T02:57:05.244+0300: 714.397: Total time for which application threads were stopped: 0.0057669 seconds, Stopping threads took: 0.0001812 seconds
2024-10-04T02:57:05.590+0300: 714.735: Application time: 0.3386383 seconds
2024-10-04T02:57:05.590+0300: 714.736: [GC (Allocation Failure) 2024-10-04T02:57:05.590+0300: 714.736: [DefNew: 1126211K->6493K(1258304K), 0.0036461 secs] 1141189K->21471K(4054528K), 0.0037126 secs] [Times: user=0.00 sys=0.00, real=0.00 secs] 
2024-10-04T02:57:05.590+0300: 714.739: Total time for which application threads were stopped: 0.0040478 seconds, Stopping threads took: 0.0002166 seconds
2024-10-04T02:57:05.935+0300: 715.091: Application time: 0.3519272 seconds
2024-10-04T02:57:05.935+0300: 715.092: [GC (Allocation Failure) 2024-10-04T02:57:05.935+0300: 715.092: [DefNew: 1125021K->5487K(1258304K), 0.0032486 secs] 1139999K->20465K(4054528K), 0.0033284 secs] [Times: user=0.00 sys=0.00, real=0.00 secs] 
2024-10-04T02:57:05.935+0300: 715.095: Total time for which application threads were stopped: 0.0037211 seconds, Stopping threads took: 0.0002331 seconds
2024-10-04T02:57:06.285+0300: 715.438: Application time: 0.3432878 seconds
2024-10-04T02:57:06.285+0300: 715.439: [GC (Allocation Failure) 2024-10-04T02:57:06.285+0300: 715.439: [DefNew: 1124015K->5497K(1258304K), 0.0032851 secs] 1138993K->20475K(4054528K), 0.0033582 secs] [Times: user=0.00 sys=0.00, real=0.01 secs] 
2024-10-04T02:57:06.296+0300: 715.442: Total time for which application threads were stopped: 0.0037368 seconds, Stopping threads took: 0.0002432 seconds
2024-10-04T02:57:06.626+0300: 715.778: Application time: 0.3362881 seconds
2024-10-04T02:57:06.626+0300: 715.779: [GC (Allocation Failure) 2024-10-04T02:57:06.626+0300: 715.779: [DefNew: 1124025K->5945K(1258304K), 0.0033664 secs] 1139003K->20923K(4054528K), 0.0034393 secs] [Times: user=0.00 sys=0.00, real=0.00 secs] 
2024-10-04T02:57:06.626+0300: 715.782: Total time for which application threads were stopped: 0.0037157 seconds, Stopping threads took: 0.0001470 seconds
2024-10-04T02:57:06.972+0300: 716.123: Application time: 0.3412454 seconds
2024-10-04T02:57:06.972+0300: 716.124: [GC (Allocation Failure) 2024-10-04T02:57:06.972+0300: 716.124: [DefNew: 1124473K->7510K(1258304K), 0.0053827 secs] 1139451K->22489K(4054528K), 0.0054607 secs] [Times: user=0.00 sys=0.00, real=0.00 secs] 
2024-10-04T02:57:06.972+0300: 716.129: Total time for which application threads were stopped: 0.0059046 seconds, Stopping threads took: 0.0002992 seconds
2024-10-04T02:57:07.318+0300: 716.474: Application time: 0.3452281 seconds
2024-10-04T02:57:07.318+0300: 716.475: [GC (Allocation Failure) 2024-10-04T02:57:07.318+0300: 716.475: [DefNew: 1126038K->6303K(1258304K), 0.0036443 secs] 1141017K->21282K(4054528K), 0.0037233 secs] [Times: user=0.00 sys=0.00, real=0.00 secs] 
2024-10-04T02:57:07.318+0300: 716.479: Total time for which application threads were stopped: 0.0040690 seconds, Stopping threads took: 0.0002203 seconds
2024-10-04T02:57:07.679+0300: 716.826: Application time: 0.3473722 seconds
2024-10-04T02:57:07.679+0300: 716.826: [GC (Allocation Failure) 2024-10-04T02:57:07.679+0300: 716.826: [DefNew: 1124831K->5499K(1258304K), 0.0030736 secs] 1139810K->20478K(4054528K), 0.0031555 secs] [Times: user=0.00 sys=0.00, real=0.00 secs] 
2024-10-04T02:57:07.679+0300: 716.829: Total time for which application threads were stopped: 0.0034673 seconds, Stopping threads took: 0.0001864 seconds
2024-10-04T02:57:08.025+0300: 717.176: Application time: 0.3465067 seconds
2024-10-04T02:57:08.025+0300: 717.176: [GC (Allocation Failure) 2024-10-04T02:57:08.025+0300: 717.176: [DefNew: 1124027K->5476K(1258304K), 0.0032236 secs] 1139006K->20455K(4054528K), 0.0032952 secs] [Times: user=0.00 sys=0.00, real=0.00 secs] 
2024-10-04T02:57:08.025+0300: 717.180: Total time for which application threads were stopped: 0.0036352 seconds, Stopping threads took: 0.0002006 seconds
2024-10-04T02:57:08.371+0300: 717.518: Application time: 0.3379956 seconds
2024-10-04T02:57:08.371+0300: 717.518: [GC (Allocation Failure) 2024-10-04T02:57:08.371+0300: 717.518: [DefNew: 1124004K->5749K(1258304K), 0.0032801 secs] 1138983K->20729K(4054528K), 0.0033496 secs] [Times: user=0.00 sys=0.00, real=0.00 secs] 
2024-10-04T02:57:08.371+0300: 717.521: Total time for which application threads were stopped: 0.0036195 seconds, Stopping threads took: 0.0001448 seconds
2024-10-04T02:57:08.700+0300: 717.855: Application time: 0.3341843 seconds
2024-10-04T02:57:08.700+0300: 717.856: [GC (Allocation Failure) 2024-10-04T02:57:08.700+0300: 717.856: [DefNew: 1124277K->7923K(1258304K), 0.0052426 secs] 1139257K->22904K(4054528K), 0.0053232 secs] [Times: user=0.00 sys=0.00, real=0.02 secs] 
2024-10-04T02:57:08.716+0300: 717.861: Total time for which application threads were stopped: 0.0056574 seconds, Stopping threads took: 0.0002180 seconds
2024-10-04T02:57:09.061+0300: 718.218: Application time: 0.3571837 seconds
2024-10-04T02:57:09.061+0300: 718.218: [GC (Allocation Failure) 2024-10-04T02:57:09.061+0300: 718.219: [DefNew: 1126451K->5984K(1258304K), 0.0035629 secs] 1141432K->20965K(4054528K), 0.0036466 secs] [Times: user=0.00 sys=0.00, real=0.02 secs] 
2024-10-04T02:57:09.077+0300: 718.222: Total time for which application threads were stopped: 0.0039817 seconds, Stopping threads took: 0.0001983 seconds
2024-10-04T02:57:09.407+0300: 718.565: Application time: 0.3424488 seconds
2024-10-04T02:57:09.407+0300: 718.565: [GC (Allocation Failure) 2024-10-04T02:57:09.407+0300: 718.565: [DefNew: 1124512K->5661K(1258304K), 0.0035000 secs] 1139493K->20642K(4054528K), 0.0035663 secs] [Times: user=0.00 sys=0.00, real=0.02 secs] 
2024-10-04T02:57:09.423+0300: 718.568: Total time for which application threads were stopped: 0.0038816 seconds, Stopping threads took: 0.0001844 seconds
2024-10-04T02:57:09.752+0300: 718.906: Application time: 0.3371970 seconds
2024-10-04T02:57:09.752+0300: 718.906: [GC (Allocation Failure) 2024-10-04T02:57:09.752+0300: 718.906: [DefNew: 1124189K->5703K(1258304K), 0.0033403 secs] 1139170K->20684K(4054528K), 0.0034131 secs] [Times: user=0.00 sys=0.00, real=0.00 secs] 
2024-10-04T02:57:09.752+0300: 718.909: Total time for which application threads were stopped: 0.0037026 seconds, Stopping threads took: 0.0001676 seconds
2024-10-04T02:57:10.113+0300: 719.261: Application time: 0.3515062 seconds
2024-10-04T02:57:10.113+0300: 719.261: [GC (Allocation Failure) 2024-10-04T02:57:10.113+0300: 719.261: [DefNew: 1124231K->5505K(1258304K), 0.0031561 secs] 1139212K->20486K(4054528K), 0.0032360 secs] [Times: user=0.00 sys=0.00, real=0.00 secs] 
2024-10-04T02:57:10.113+0300: 719.264: Total time for which application threads were stopped: 0.0035174 seconds, Stopping threads took: 0.0001503 seconds
2024-10-04T02:57:10.443+0300: 719.599: Application time: 0.3341948 seconds
2024-10-04T02:57:10.443+0300: 719.599: [GC (Allocation Failure) 2024-10-04T02:57:10.443+0300: 719.599: [DefNew: 1124033K->5915K(1258304K), 0.0039847 secs] 1139014K->20897K(4054528K), 0.0040600 secs] [Times: user=0.00 sys=0.00, real=0.00 secs] 
2024-10-04T02:57:10.443+0300: 719.603: Total time for which application threads were stopped: 0.0043954 seconds, Stopping threads took: 0.0001840 seconds
2024-10-04T02:57:10.796+0300: 719.947: Application time: 0.3440655 seconds
2024-10-04T02:57:10.796+0300: 719.947: [GC (Allocation Failure) 2024-10-04T02:57:10.796+0300: 719.947: [DefNew: 1124443K->5827K(1258304K), 0.0034774 secs] 1139425K->20809K(4054528K), 0.0035505 secs] [Times: user=0.00 sys=0.00, real=0.01 secs] 
2024-10-04T02:57:10.804+0300: 719.951: Total time for which application threads were stopped: 0.0038595 seconds, Stopping threads took: 0.0001907 seconds
2024-10-04T02:57:11.149+0300: 720.306: Application time: 0.3552525 seconds
2024-10-04T02:57:11.149+0300: 720.306: [GC (Allocation Failure) 2024-10-04T02:57:11.149+0300: 720.307: [DefNew: 1124355K->5551K(1258304K), 0.0032287 secs] 1139337K->20533K(4054528K), 0.0033097 secs] [Times: user=0.00 sys=0.00, real=0.00 secs] 
2024-10-04T02:57:11.149+0300: 720.310: Total time for which application threads were stopped: 0.0036067 seconds, Stopping threads took: 0.0001689 seconds
2024-10-04T02:57:11.497+0300: 720.645: Application time: 0.3353762 seconds
2024-10-04T02:57:11.497+0300: 720.645: [GC (Allocation Failure) 2024-10-04T02:57:11.497+0300: 720.646: [DefNew: 1124079K->5465K(1258304K), 0.0031558 secs] 1139061K->20448K(4054528K), 0.0032244 secs] [Times: user=0.00 sys=0.00, real=0.00 secs] 
2024-10-04T02:57:11.497+0300: 720.649: Total time for which application threads were stopped: 0.0035503 seconds, Stopping threads took: 0.0002059 seconds
2024-10-04T02:57:11.840+0300: 720.988: Application time: 0.3395021 seconds
2024-10-04T02:57:11.840+0300: 720.989: [GC (Allocation Failure) 2024-10-04T02:57:11.840+0300: 720.989: [DefNew: 1123993K->5816K(1258304K), 0.0034065 secs] 1138976K->20799K(4054528K), 0.0034820 secs] [Times: user=0.00 sys=0.00, real=0.00 secs] 
2024-10-04T02:57:11.840+0300: 720.992: Total time for which application threads were stopped: 0.0037731 seconds, Stopping threads took: 0.0001570 seconds
2024-10-04T02:57:12.185+0300: 721.339: Application time: 0.3470659 seconds
2024-10-04T02:57:12.185+0300: 721.339: [GC (Allocation Failure) 2024-10-04T02:57:12.185+0300: 721.339: [DefNew: 1124344K->9571K(1258304K), 0.0079116 secs] 1139327K->24555K(4054528K), 0.0079796 secs] [Times: user=0.00 sys=0.00, real=0.02 secs] 
2024-10-04T02:57:12.201+0300: 721.347: Total time for which application threads were stopped: 0.0082791 seconds, Stopping threads took: 0.0001823 seconds
2024-10-04T02:57:12.530+0300: 721.689: Application time: 0.3415645 seconds
2024-10-04T02:57:12.530+0300: 721.689: [GC (Allocation Failure) 2024-10-04T02:57:12.530+0300: 721.689: [DefNew: 1128099K->7849K(1258304K), 0.0053158 secs] 1143083K->22833K(4054528K), 0.0053879 secs] [Times: user=0.00 sys=0.00, real=0.02 secs] 
2024-10-04T02:57:12.546+0300: 721.695: Total time for which application threads were stopped: 0.0057137 seconds, Stopping threads took: 0.0001981 seconds
2024-10-04T02:57:12.891+0300: 722.043: Application time: 0.3484980 seconds
2024-10-04T02:57:12.891+0300: 722.043: [GC (Allocation Failure) 2024-10-04T02:57:12.891+0300: 722.043: [DefNew: 1126377K->5986K(1258304K), 0.0035095 secs] 1141361K->20970K(4054528K), 0.0035939 secs] [Times: user=0.00 sys=0.00, real=0.01 secs] 
2024-10-04T02:57:12.901+0300: 722.047: Total time for which application threads were stopped: 0.0039009 seconds, Stopping threads took: 0.0001643 seconds
2024-10-04T02:57:13.236+0300: 722.390: Application time: 0.3430935 seconds
2024-10-04T02:57:13.236+0300: 722.390: [GC (Allocation Failure) 2024-10-04T02:57:13.236+0300: 722.390: [DefNew: 1124514K->5574K(1258304K), 0.0032070 secs] 1139498K->20559K(4054528K), 0.0032858 secs] [Times: user=0.00 sys=0.00, real=0.00 secs] 
2024-10-04T02:57:13.236+0300: 722.394: Total time for which application threads were stopped: 0.0036131 seconds, Stopping threads took: 0.0001842 seconds
2024-10-04T02:57:13.581+0300: 722.734: Application time: 0.3407066 seconds
2024-10-04T02:57:13.581+0300: 722.735: [GC (Allocation Failure) 2024-10-04T02:57:13.581+0300: 722.735: [DefNew: 1124102K->5774K(1258304K), 0.0032571 secs] 1139087K->20758K(4054528K), 0.0033249 secs] [Times: user=0.00 sys=0.00, real=0.00 secs] 
2024-10-04T02:57:13.581+0300: 722.738: Total time for which application threads were stopped: 0.0036313 seconds, Stopping threads took: 0.0001908 seconds
2024-10-04T02:57:13.927+0300: 723.078: Application time: 0.3395981 seconds
2024-10-04T02:57:13.927+0300: 723.078: [GC (Allocation Failure) 2024-10-04T02:57:13.927+0300: 723.078: [DefNew: 1124302K->7800K(1258304K), 0.0058820 secs] 1139286K->22785K(4054528K), 0.0059593 secs] [Times: user=0.02 sys=0.00, real=0.00 secs] 
2024-10-04T02:57:13.927+0300: 723.084: Total time for which application threads were stopped: 0.0063133 seconds, Stopping threads took: 0.0002026 seconds
2024-10-04T02:57:14.272+0300: 723.429: Application time: 0.3446750 seconds
2024-10-04T02:57:14.272+0300: 723.429: [GC (Allocation Failure) 2024-10-04T02:57:14.272+0300: 723.429: [DefNew: 1126328K->5677K(1258304K), 0.0034709 secs] 1141313K->20663K(4054528K), 0.0035486 secs] [Times: user=0.00 sys=0.00, real=0.01 secs] 
2024-10-04T02:57:14.286+0300: 723.433: Total time for which application threads were stopped: 0.0038700 seconds, Stopping threads took: 0.0001866 seconds
2024-10-04T02:57:14.618+0300: 723.775: Application time: 0.3427866 seconds
2024-10-04T02:57:14.618+0300: 723.776: [GC (Allocation Failure) 2024-10-04T02:57:14.618+0300: 723.776: [DefNew: 1124205K->5640K(1258304K), 0.0033707 secs] 1139191K->20626K(4054528K), 0.0057078 secs] [Times: user=0.00 sys=0.00, real=0.02 secs] 
2024-10-04T02:57:14.634+0300: 723.781: Total time for which application threads were stopped: 0.0060376 seconds, Stopping threads took: 0.0001709 seconds
2024-10-04T02:57:14.979+0300: 724.128: Application time: 0.3467791 seconds
2024-10-04T02:57:14.979+0300: 724.128: [GC (Allocation Failure) 2024-10-04T02:57:14.979+0300: 724.128: [DefNew: 1124168K->5565K(1258304K), 0.0032309 secs] 1139154K->20551K(4054528K), 0.0032982 secs] [Times: user=0.00 sys=0.00, real=0.00 secs] 
2024-10-04T02:57:14.979+0300: 724.132: Total time for which application threads were stopped: 0.0036094 seconds, Stopping threads took: 0.0001859 seconds
2024-10-04T02:57:15.309+0300: 724.467: Application time: 0.3356524 seconds
2024-10-04T02:57:15.309+0300: 724.468: [GC (Allocation Failure) 2024-10-04T02:57:15.309+0300: 724.468: [DefNew: 1124093K->7250K(1258304K), 0.0050609 secs] 1139079K->22236K(4054528K), 0.0051318 secs] [Times: user=0.00 sys=0.00, real=0.02 secs] 
2024-10-04T02:57:15.325+0300: 724.473: Total time for which application threads were stopped: 0.0054570 seconds, Stopping threads took: 0.0001968 seconds
2024-10-04T02:57:15.654+0300: 724.814: Application time: 0.3406564 seconds
2024-10-04T02:57:15.654+0300: 724.814: [GC (Allocation Failure) 2024-10-04T02:57:15.654+0300: 724.814: [DefNew: 1125778K->7705K(1258304K), 0.0051699 secs] 1140764K->22692K(4054528K), 0.0052575 secs] [Times: user=0.02 sys=0.00, real=0.01 secs] 
2024-10-04T02:57:15.669+0300: 724.819: Total time for which application threads were stopped: 0.0056089 seconds, Stopping threads took: 0.0002008 seconds
2024-10-04T02:57:16.015+0300: 725.172: Application time: 0.3525106 seconds
2024-10-04T02:57:16.015+0300: 725.172: [GC (Allocation Failure) 2024-10-04T02:57:16.015+0300: 725.172: [DefNew: 1126233K->6077K(1258304K), 0.0034578 secs] 1141220K->21064K(4054528K), 0.0035274 secs] [Times: user=0.00 sys=0.00, real=0.00 secs] 
2024-10-04T02:57:16.015+0300: 725.176: Total time for which application threads were stopped: 0.0038269 seconds, Stopping threads took: 0.0001717 seconds
2024-10-04T02:57:16.361+0300: 725.514: Application time: 0.3381296 seconds
2024-10-04T02:57:16.361+0300: 725.514: [GC (Allocation Failure) 2024-10-04T02:57:16.361+0300: 725.514: [DefNew: 1124605K->7480K(1258304K), 0.0051220 secs] 1139592K->22467K(4054528K), 0.0051988 secs] [Times: user=0.00 sys=0.00, real=0.00 secs] 
2024-10-04T02:57:16.361+0300: 725.519: Total time for which application threads were stopped: 0.0054943 seconds, Stopping threads took: 0.0001707 seconds
2024-10-04T02:57:16.710+0300: 725.856: Application time: 0.3364344 seconds
2024-10-04T02:57:16.710+0300: 725.856: [GC (Allocation Failure) 2024-10-04T02:57:16.710+0300: 725.856: [DefNew: 1126008K->5777K(1258304K), 0.0034539 secs] 1140995K->20764K(4054528K), 0.0035214 secs] [Times: user=0.00 sys=0.00, real=0.00 secs] 
2024-10-04T02:57:16.710+0300: 725.859: Total time for which application threads were stopped: 0.0038092 seconds, Stopping threads took: 0.0001682 seconds
2024-10-04T02:57:17.052+0300: 726.206: Application time: 0.3468364 seconds
2024-10-04T02:57:17.052+0300: 726.207: [GC (Allocation Failure) 2024-10-04T02:57:17.052+0300: 726.207: [DefNew: 1124305K->7479K(1258304K), 0.0052887 secs] 1139292K->22467K(4054528K), 0.0053619 secs] [Times: user=0.00 sys=0.00, real=0.00 secs] 
2024-10-04T02:57:17.052+0300: 726.212: Total time for which application threads were stopped: 0.0057026 seconds, Stopping threads took: 0.0002019 seconds
2024-10-04T02:57:17.397+0300: 726.550: Application time: 0.3376048 seconds
2024-10-04T02:57:17.397+0300: 726.550: [GC (Allocation Failure) 2024-10-04T02:57:17.397+0300: 726.550: [DefNew: 1126007K->7429K(1258304K), 0.0052469 secs] 1140995K->22417K(4054528K), 0.0053250 secs] [Times: user=0.00 sys=0.00, real=0.00 secs] 
2024-10-04T02:57:17.397+0300: 726.555: Total time for which application threads were stopped: 0.0056746 seconds, Stopping threads took: 0.0001997 seconds
2024-10-04T02:57:17.742+0300: 726.897: Application time: 0.3418951 seconds
2024-10-04T02:57:17.742+0300: 726.897: [GC (Allocation Failure) 2024-10-04T02:57:17.742+0300: 726.898: [DefNew: 1125957K->5663K(1258304K), 0.0034913 secs] 1140945K->20651K(4054528K), 0.0035616 secs] [Times: user=0.00 sys=0.00, real=0.00 secs] 
2024-10-04T02:57:17.742+0300: 726.901: Total time for which application threads were stopped: 0.0039534 seconds, Stopping threads took: 0.0002516 seconds
2024-10-04T02:57:18.103+0300: 727.253: Application time: 0.3518837 seconds
2024-10-04T02:57:18.103+0300: 727.253: [GC (Allocation Failure) 2024-10-04T02:57:18.103+0300: 727.253: [DefNew: 1124191K->5706K(1258304K), 0.0033283 secs] 1139179K->20695K(4054528K), 0.0034023 secs] [Times: user=0.00 sys=0.00, real=0.00 secs] 
2024-10-04T02:57:18.103+0300: 727.257: Total time for which application threads were stopped: 0.0037067 seconds, Stopping threads took: 0.0001757 seconds
2024-10-04T02:57:18.433+0300: 727.593: Application time: 0.3359001 seconds
2024-10-04T02:57:18.433+0300: 727.593: [GC (Allocation Failure) 2024-10-04T02:57:18.433+0300: 727.593: [DefNew: 1124234K->5719K(1258304K), 0.0034484 secs] 1139223K->20708K(4054528K), 0.0035188 secs] [Times: user=0.00 sys=0.00, real=0.02 secs] 
2024-10-04T02:57:18.449+0300: 727.596: Total time for which application threads were stopped: 0.0038177 seconds, Stopping threads took: 0.0001726 seconds
2024-10-04T02:57:18.778+0300: 727.931: Application time: 0.3349041 seconds
2024-10-04T02:57:18.778+0300: 727.932: [GC (Allocation Failure) 2024-10-04T02:57:18.778+0300: 727.932: [DefNew: 1124247K->6378K(1258304K), 0.0035677 secs] 1139236K->21367K(4054528K), 0.0036422 secs] [Times: user=0.00 sys=0.00, real=0.00 secs] 
2024-10-04T02:57:18.778+0300: 727.935: Total time for which application threads were stopped: 0.0039722 seconds, Stopping threads took: 0.0002050 seconds
2024-10-04T02:57:19.139+0300: 728.289: Application time: 0.3535133 seconds
2024-10-04T02:57:19.139+0300: 728.289: [GC (Allocation Failure) 2024-10-04T02:57:19.139+0300: 728.289: [DefNew: 1124906K->5692K(1258304K), 0.0032812 secs] 1139895K->20682K(4054528K), 0.0034118 secs] [Times: user=0.00 sys=0.00, real=0.00 secs] 
2024-10-04T02:57:19.139+0300: 728.293: Total time for which application threads were stopped: 0.0037372 seconds, Stopping threads took: 0.0001935 seconds
2024-10-04T02:57:19.484+0300: 728.637: Application time: 0.3442259 seconds
2024-10-04T02:57:19.484+0300: 728.637: [GC (Allocation Failure) 2024-10-04T02:57:19.484+0300: 728.637: [DefNew: 1124220K->6108K(1258304K), 0.0034771 secs] 1139210K->21098K(4054528K), 0.0035499 secs] [Times: user=0.00 sys=0.00, real=0.00 secs] 
2024-10-04T02:57:19.484+0300: 728.641: Total time for which application threads were stopped: 0.0038541 seconds, Stopping threads took: 0.0001821 seconds
2024-10-04T02:57:19.829+0300: 728.982: Application time: 0.3414134 seconds
2024-10-04T02:57:19.829+0300: 728.982: [GC (Allocation Failure) 2024-10-04T02:57:19.829+0300: 728.982: [DefNew: 1124636K->5614K(1258304K), 0.0032801 secs] 1139626K->20604K(4054528K), 0.0033487 secs] [Times: user=0.00 sys=0.00, real=0.00 secs] 
2024-10-04T02:57:19.829+0300: 728.986: Total time for which application threads were stopped: 0.0037044 seconds, Stopping threads took: 0.0002223 seconds
2024-10-04T02:57:20.174+0300: 729.330: Application time: 0.3445715 seconds
2024-10-04T02:57:20.174+0300: 729.331: [GC (Allocation Failure) 2024-10-04T02:57:20.174+0300: 729.331: [DefNew: 1124142K->5504K(1258304K), 0.0032807 secs] 1139132K->20495K(4054528K), 0.0033796 secs] [Times: user=0.00 sys=0.00, real=0.00 secs] 
2024-10-04T02:57:20.174+0300: 729.334: Total time for which application threads were stopped: 0.0036311 seconds, Stopping threads took: 0.0001286 seconds
2024-10-04T02:57:20.521+0300: 729.675: Application time: 0.3407940 seconds
2024-10-04T02:57:20.521+0300: 729.675: [GC (Allocation Failure) 2024-10-04T02:57:20.521+0300: 729.675: [DefNew: 1124032K->6504K(1258304K), 0.0036556 secs] 1139023K->21495K(4054528K), 0.0037259 secs] [Times: user=0.00 sys=0.00, real=0.00 secs] 
2024-10-04T02:57:20.521+0300: 729.679: Total time for which application threads were stopped: 0.0040309 seconds, Stopping threads took: 0.0001879 seconds
2024-10-04T02:57:20.866+0300: 730.024: Application time: 0.3450838 seconds
2024-10-04T02:57:20.866+0300: 730.024: [GC (Allocation Failure) 2024-10-04T02:57:20.866+0300: 730.024: [DefNew: 1125032K->7379K(1258304K), 0.0056313 secs] 1140023K->22370K(4054528K), 0.0057083 secs] [Times: user=0.00 sys=0.00, real=0.02 secs] 
2024-10-04T02:57:20.882+0300: 730.030: Total time for which application threads were stopped: 0.0060637 seconds, Stopping threads took: 0.0002101 seconds
2024-10-04T02:57:21.227+0300: 730.379: Application time: 0.3486806 seconds
2024-10-04T02:57:21.227+0300: 730.379: [GC (Allocation Failure) 2024-10-04T02:57:21.227+0300: 730.379: [DefNew: 1125907K->5578K(1258304K), 0.0035858 secs] 1140898K->20569K(4054528K), 0.0036588 secs] [Times: user=0.00 sys=0.00, real=0.00 secs] 
2024-10-04T02:57:21.227+0300: 730.383: Total time for which application threads were stopped: 0.0039814 seconds, Stopping threads took: 0.0001893 seconds
2024-10-04T02:57:21.572+0300: 730.722: Application time: 0.3389344 seconds
2024-10-04T02:57:21.572+0300: 730.722: [GC (Allocation Failure) 2024-10-04T02:57:21.572+0300: 730.722: [DefNew: 1124106K->5813K(1258304K), 0.0033295 secs] 1139097K->20805K(4054528K), 0.0033984 secs] [Times: user=0.00 sys=0.00, real=0.00 secs] 
2024-10-04T02:57:21.572+0300: 730.725: Total time for which application threads were stopped: 0.0036367 seconds, Stopping threads took: 0.0001271 seconds
2024-10-04T02:57:21.902+0300: 731.062: Application time: 0.3365302 seconds
2024-10-04T02:57:21.902+0300: 731.062: [GC (Allocation Failure) 2024-10-04T02:57:21.902+0300: 731.062: [DefNew: 1124341K->7266K(1258304K), 0.0054824 secs] 1139333K->22258K(4054528K), 0.0055777 secs] [Times: user=0.00 sys=0.00, real=0.02 secs] 
2024-10-04T02:57:21.917+0300: 731.068: Total time for which application threads were stopped: 0.0058868 seconds, Stopping threads took: 0.0001383 seconds
2024-10-04T02:57:22.263+0300: 731.408: Application time: 0.3407866 seconds
2024-10-04T02:57:22.263+0300: 731.409: [GC (Allocation Failure) 2024-10-04T02:57:22.263+0300: 731.409: [DefNew: 1125794K->9565K(1258304K), 0.0073235 secs] 1140786K->24558K(4054528K), 0.0074597 secs] [Times: user=0.00 sys=0.00, real=0.00 secs] 
2024-10-04T02:57:22.263+0300: 731.416: Total time for which application threads were stopped: 0.0077187 seconds, Stopping threads took: 0.0001298 seconds
2024-10-04T02:57:22.608+0300: 731.764: Application time: 0.3482531 seconds
2024-10-04T02:57:22.608+0300: 731.765: [GC (Allocation Failure) 2024-10-04T02:57:22.608+0300: 731.765: [DefNew: 1128093K->5721K(1258304K), 0.0033099 secs] 1143086K->20714K(4054528K), 0.0033780 secs] [Times: user=0.00 sys=0.00, real=0.00 secs] 
2024-10-04T02:57:22.608+0300: 731.768: Total time for which application threads were stopped: 0.0036465 seconds, Stopping threads took: 0.0001452 seconds
2024-10-04T02:57:22.969+0300: 732.116: Application time: 0.3480871 seconds
2024-10-04T02:57:22.969+0300: 732.116: [GC (Allocation Failure) 2024-10-04T02:57:22.969+0300: 732.116: [DefNew: 1124249K->5578K(1258304K), 0.0032599 secs] 1139242K->20571K(4054528K), 0.0033300 secs] [Times: user=0.00 sys=0.00, real=0.00 secs] 
2024-10-04T02:57:22.969+0300: 732.120: Total time for which application threads were stopped: 0.0036469 seconds, Stopping threads took: 0.0001809 seconds
2024-10-04T02:57:23.299+0300: 732.457: Application time: 0.3371713 seconds
2024-10-04T02:57:23.299+0300: 732.457: [GC (Allocation Failure) 2024-10-04T02:57:23.299+0300: 732.457: [DefNew: 1124106K->5727K(1258304K), 0.0035526 secs] 1139099K->20720K(4054528K), 0.0036249 secs] [Times: user=0.00 sys=0.00, real=0.02 secs] 
2024-10-04T02:57:23.315+0300: 732.461: Total time for which application threads were stopped: 0.0039225 seconds, Stopping threads took: 0.0001755 seconds
2024-10-04T02:57:23.645+0300: 732.794: Application time: 0.3331010 seconds
2024-10-04T02:57:23.645+0300: 732.794: [GC (Allocation Failure) 2024-10-04T02:57:23.645+0300: 732.794: [DefNew: 1124255K->5985K(1258304K), 0.0033094 secs] 1139248K->20979K(4054528K), 0.0033719 secs] [Times: user=0.00 sys=0.00, real=0.00 secs] 
2024-10-04T02:57:23.645+0300: 732.798: Total time for which application threads were stopped: 0.0036748 seconds, Stopping threads took: 0.0001814 seconds
2024-10-04T02:57:23.990+0300: 733.149: Application time: 0.3512758 seconds
2024-10-04T02:57:23.990+0300: 733.149: [GC (Allocation Failure) 2024-10-04T02:57:23.990+0300: 733.149: [DefNew: 1124513K->5561K(1258304K), 0.0036283 secs] 1139507K->20555K(4054528K), 0.0037044 secs] [Times: user=0.00 sys=0.00, real=0.02 secs] 
2024-10-04T02:57:24.005+0300: 733.153: Total time for which application threads were stopped: 0.0039823 seconds, Stopping threads took: 0.0001612 seconds
2024-10-04T02:57:24.350+0300: 733.502: Application time: 0.3486287 seconds
2024-10-04T02:57:24.350+0300: 733.502: [GC (Allocation Failure) 2024-10-04T02:57:24.350+0300: 733.502: [DefNew: 1124089K->5471K(1258304K), 0.0031346 secs] 1139083K->20465K(4054528K), 0.0032069 secs] [Times: user=0.00 sys=0.00, real=0.00 secs] 
2024-10-04T02:57:24.350+0300: 733.505: Total time for which application threads were stopped: 0.0034722 seconds, Stopping threads took: 0.0001471 seconds
2024-10-04T02:57:24.695+0300: 733.842: Application time: 0.3370384 seconds
2024-10-04T02:57:24.695+0300: 733.842: [GC (Allocation Failure) 2024-10-04T02:57:24.695+0300: 733.842: [DefNew: 1123999K->5503K(1258304K), 0.0031090 secs] 1138993K->20497K(4054528K), 0.0031731 secs] [Times: user=0.00 sys=0.00, real=0.00 secs] 
2024-10-04T02:57:24.695+0300: 733.846: Total time for which application threads were stopped: 0.0034696 seconds, Stopping threads took: 0.0001771 seconds
2024-10-04T02:57:25.030+0300: 734.185: Application time: 0.3397679 seconds
2024-10-04T02:57:25.040+0300: 734.186: [GC (Allocation Failure) 2024-10-04T02:57:25.040+0300: 734.186: [DefNew: 1124031K->6859K(1258304K), 0.0044882 secs] 1139025K->21854K(4054528K), 0.0046414 secs] [Times: user=0.00 sys=0.00, real=0.00 secs] 
2024-10-04T02:57:25.040+0300: 734.190: Total time for which application threads were stopped: 0.0050072 seconds, Stopping threads took: 0.0001867 seconds
2024-10-04T02:57:25.370+0300: 734.528: Application time: 0.3376172 seconds
2024-10-04T02:57:25.370+0300: 734.528: [GC (Allocation Failure) 2024-10-04T02:57:25.370+0300: 734.528: [DefNew: 1125387K->9558K(1258304K), 0.0074756 secs] 1140382K->24553K(4054528K), 0.0075445 secs] [Times: user=0.00 sys=0.00, real=0.02 secs] 
2024-10-04T02:57:25.386+0300: 734.536: Total time for which application threads were stopped: 0.0078439 seconds, Stopping threads took: 0.0001855 seconds
2024-10-04T02:57:25.731+0300: 734.885: Application time: 0.3487855 seconds
2024-10-04T02:57:25.731+0300: 734.885: [GC (Allocation Failure) 2024-10-04T02:57:25.731+0300: 734.885: [DefNew: 1128086K->5614K(1258304K), 0.0033946 secs] 1143081K->20609K(4054528K), 0.0034653 secs] [Times: user=0.00 sys=0.00, real=0.00 secs] 
2024-10-04T02:57:25.731+0300: 734.888: Total time for which application threads were stopped: 0.0037358 seconds, Stopping threads took: 0.0001476 seconds
2024-10-04T02:57:26.092+0300: 735.240: Application time: 0.3517062 seconds
2024-10-04T02:57:26.092+0300: 735.240: [GC (Allocation Failure) 2024-10-04T02:57:26.092+0300: 735.240: [DefNew: 1124142K->5673K(1258304K), 0.0033158 secs] 1139137K->20669K(4054528K), 0.0033947 secs] [Times: user=0.00 sys=0.00, real=0.00 secs] 
2024-10-04T02:57:26.092+0300: 735.244: Total time for which application threads were stopped: 0.0036832 seconds, Stopping threads took: 0.0001618 seconds
2024-10-04T02:57:26.433+0300: 735.579: Application time: 0.3348794 seconds
2024-10-04T02:57:26.433+0300: 735.579: [GC (Allocation Failure) 2024-10-04T02:57:26.433+0300: 735.579: [DefNew: 1124201K->5647K(1258304K), 0.0033056 secs] 1139197K->20643K(4054528K), 0.0033740 secs] [Times: user=0.00 sys=0.00, real=0.00 secs] 
2024-10-04T02:57:26.433+0300: 735.582: Total time for which application threads were stopped: 0.0036804 seconds, Stopping threads took: 0.0001903 seconds
2024-10-04T02:57:26.768+0300: 735.914: Application time: 0.3315444 seconds
2024-10-04T02:57:26.768+0300: 735.914: [GC (Allocation Failure) 2024-10-04T02:57:26.768+0300: 735.914: [DefNew: 1124175K->9673K(1258304K), 0.0075427 secs] 1139171K->24669K(4054528K), 0.0076143 secs] [Times: user=0.00 sys=0.00, real=0.00 secs] 
2024-10-04T02:57:26.768+0300: 735.922: Total time for which application threads were stopped: 0.0079115 seconds, Stopping threads took: 0.0001731 seconds
2024-10-04T02:57:27.128+0300: 736.277: Application time: 0.3550836 seconds
2024-10-04T02:57:27.128+0300: 736.277: [GC (Allocation Failure) 2024-10-04T02:57:27.128+0300: 736.277: [DefNew: 1128201K->5699K(1258304K), 0.0033281 secs] 1143197K->20696K(4054528K), 0.0034032 secs] [Times: user=0.00 sys=0.00, real=0.01 secs] 
2024-10-04T02:57:27.135+0300: 736.280: Total time for which application threads were stopped: 0.0037129 seconds, Stopping threads took: 0.0001864 seconds
2024-10-04T02:57:27.474+0300: 736.626: Application time: 0.3459995 seconds
2024-10-04T02:57:27.474+0300: 736.627: [GC (Allocation Failure) 2024-10-04T02:57:27.474+0300: 736.627: [DefNew: 1124227K->5662K(1258304K), 0.0032080 secs] 1139224K->20659K(4054528K), 0.0032760 secs] [Times: user=0.00 sys=0.00, real=0.00 secs] 
2024-10-04T02:57:27.474+0300: 736.630: Total time for which application threads were stopped: 0.0035689 seconds, Stopping threads took: 0.0001788 seconds
2024-10-04T02:57:27.819+0300: 736.971: Application time: 0.3411988 seconds
2024-10-04T02:57:27.819+0300: 736.972: [GC (Allocation Failure) 2024-10-04T02:57:27.819+0300: 736.972: [DefNew: 1124190K->5524K(1258304K), 0.0032127 secs] 1139187K->20521K(4054528K), 0.0032995 secs] [Times: user=0.00 sys=0.00, real=0.00 secs] 
2024-10-04T02:57:27.819+0300: 736.975: Total time for which application threads were stopped: 0.0036197 seconds, Stopping threads took: 0.0001675 seconds
2024-10-04T02:57:28.165+0300: 737.319: Application time: 0.3437589 seconds
2024-10-04T02:57:28.165+0300: 737.319: [GC (Allocation Failure) 2024-10-04T02:57:28.165+0300: 737.319: [DefNew: 1124052K->6587K(1258304K), 0.0041568 secs] 1139049K->21584K(4054528K), 0.0043141 secs] [Times: user=0.00 sys=0.00, real=0.00 secs] 
2024-10-04T02:57:28.165+0300: 737.323: Total time for which application threads were stopped: 0.0046205 seconds, Stopping threads took: 0.0001675 seconds
2024-10-04T02:57:28.510+0300: 737.659: Application time: 0.3353238 seconds
2024-10-04T02:57:28.510+0300: 737.659: [GC (Allocation Failure) 2024-10-04T02:57:28.510+0300: 737.659: [DefNew: 1125115K->8718K(1258304K), 0.0059094 secs] 1140112K->23716K(4054528K), 0.0059758 secs] [Times: user=0.00 sys=0.00, real=0.00 secs] 
2024-10-04T02:57:28.510+0300: 737.665: Total time for which application threads were stopped: 0.0063523 seconds, Stopping threads took: 0.0002636 seconds
2024-10-04T02:57:28.856+0300: 738.012: Application time: 0.3475111 seconds
2024-10-04T02:57:28.856+0300: 738.013: [GC (Allocation Failure) 2024-10-04T02:57:28.856+0300: 738.013: [DefNew: 1127246K->5510K(1258304K), 0.0036260 secs] 1142244K->20508K(4054528K), 0.0037011 secs] [Times: user=0.00 sys=0.00, real=0.02 secs] 
2024-10-04T02:57:28.871+0300: 738.017: Total time for which application threads were stopped: 0.0040584 seconds, Stopping threads took: 0.0002076 seconds
2024-10-04T02:57:29.216+0300: 738.369: Application time: 0.3526118 seconds
2024-10-04T02:57:29.216+0300: 738.369: [GC (Allocation Failure) 2024-10-04T02:57:29.216+0300: 738.369: [DefNew: 1124038K->5554K(1258304K), 0.0032133 secs] 1139036K->20553K(4054528K), 0.0032868 secs] [Times: user=0.00 sys=0.00, real=0.00 secs] 
2024-10-04T02:57:29.216+0300: 738.373: Total time for which application threads were stopped: 0.0035722 seconds, Stopping threads took: 0.0001665 seconds
2024-10-04T02:57:29.562+0300: 738.708: Application time: 0.3356651 seconds
2024-10-04T02:57:29.562+0300: 738.709: [GC (Allocation Failure) 2024-10-04T02:57:29.562+0300: 738.709: [DefNew: 1124082K->5610K(1258304K), 0.0032311 secs] 1139081K->20609K(4054528K), 0.0032976 secs] [Times: user=0.00 sys=0.00, real=0.00 secs] 
2024-10-04T02:57:29.562+0300: 738.712: Total time for which application threads were stopped: 0.0035856 seconds, Stopping threads took: 0.0001687 seconds
2024-10-04T02:57:29.891+0300: 739.051: Application time: 0.3394567 seconds
2024-10-04T02:57:29.891+0300: 739.052: [GC (Allocation Failure) 2024-10-04T02:57:29.891+0300: 739.052: [DefNew: 1124138K->9427K(1258304K), 0.0080767 secs] 1139137K->24426K(4054528K), 0.0081547 secs] [Times: user=0.02 sys=0.00, real=0.02 secs] 
2024-10-04T02:57:29.907+0300: 739.060: Total time for which application threads were stopped: 0.0085085 seconds, Stopping threads took: 0.0002154 seconds
2024-10-04T02:57:30.253+0300: 739.406: Application time: 0.3458993 seconds
2024-10-04T02:57:30.253+0300: 739.406: [GC (Allocation Failure) 2024-10-04T02:57:30.253+0300: 739.406: [DefNew: 1127955K->6488K(1258304K), 0.0036872 secs] 1142954K->21488K(4054528K), 0.0037577 secs] [Times: user=0.00 sys=0.00, real=0.00 secs] 
2024-10-04T02:57:30.253+0300: 739.410: Total time for which application threads were stopped: 0.0041015 seconds, Stopping threads took: 0.0002061 seconds
2024-10-04T02:57:30.598+0300: 739.757: Application time: 0.3475414 seconds
2024-10-04T02:57:30.598+0300: 739.758: [GC (Allocation Failure) 2024-10-04T02:57:30.598+0300: 739.758: [DefNew: 1125016K->5593K(1258304K), 0.0032140 secs] 1140016K->20593K(4054528K), 0.0032803 secs] [Times: user=0.00 sys=0.00, real=0.01 secs] 
2024-10-04T02:57:30.613+0300: 739.761: Total time for which application threads were stopped: 0.0035954 seconds, Stopping threads took: 0.0002011 seconds
2024-10-04T02:57:30.959+0300: 740.108: Application time: 0.3470436 seconds
2024-10-04T02:57:30.959+0300: 740.108: [GC (Allocation Failure) 2024-10-04T02:57:30.959+0300: 740.108: [DefNew: 1124121K->5541K(1258304K), 0.0031542 secs] 1139121K->20542K(4054528K), 0.0032159 secs] [Times: user=0.00 sys=0.00, real=0.00 secs] 
2024-10-04T02:57:30.959+0300: 740.112: Total time for which application threads were stopped: 0.0035386 seconds, Stopping threads took: 0.0001380 seconds
2024-10-04T02:57:31.289+0300: 740.448: Application time: 0.3366662 seconds
2024-10-04T02:57:31.289+0300: 740.449: [GC (Allocation Failure) 2024-10-04T02:57:31.289+0300: 740.449: [DefNew: 1124069K->7924K(1258304K), 0.0054980 secs] 1139070K->22925K(4054528K), 0.0055997 secs] [Times: user=0.00 sys=0.00, real=0.01 secs] 
2024-10-04T02:57:31.304+0300: 740.454: Total time for which application threads were stopped: 0.0058968 seconds, Stopping threads took: 0.0001640 seconds
2024-10-04T02:57:31.634+0300: 740.788: Application time: 0.3336087 seconds
2024-10-04T02:57:31.634+0300: 740.788: [GC (Allocation Failure) 2024-10-04T02:57:31.634+0300: 740.788: [DefNew: 1126452K->5553K(1258304K), 0.0033129 secs] 1141453K->20554K(4054528K), 0.0033865 secs] [Times: user=0.00 sys=0.00, real=0.01 secs] 
2024-10-04T02:57:31.645+0300: 740.792: Total time for which application threads were stopped: 0.0036886 seconds, Stopping threads took: 0.0001787 seconds
2024-10-04T02:57:31.996+0300: 741.146: Application time: 0.3545372 seconds
2024-10-04T02:57:31.996+0300: 741.146: [GC (Allocation Failure) 2024-10-04T02:57:31.996+0300: 741.146: [DefNew: 1124081K->5704K(1258304K), 0.0032735 secs] 1139082K->20705K(4054528K), 0.0033437 secs] [Times: user=0.00 sys=0.00, real=0.00 secs] 
2024-10-04T02:57:31.996+0300: 741.150: Total time for which application threads were stopped: 0.0037069 seconds, Stopping threads took: 0.0002480 seconds
2024-10-04T02:57:32.347+0300: 741.499: Application time: 0.3496879 seconds
2024-10-04T02:57:32.347+0300: 741.500: [GC (Allocation Failure) 2024-10-04T02:57:32.347+0300: 741.500: [DefNew: 1124232K->5602K(1258304K), 0.0033562 secs] 1139233K->20604K(4054528K), 0.0034271 secs] [Times: user=0.00 sys=0.00, real=0.01 secs] 
2024-10-04T02:57:32.357+0300: 741.503: Total time for which application threads were stopped: 0.0036837 seconds, Stopping threads took: 0.0001486 seconds
2024-10-04T02:57:32.686+0300: 741.837: Application time: 0.3339035 seconds
2024-10-04T02:57:32.692+0300: 741.837: [GC (Allocation Failure) 2024-10-04T02:57:32.692+0300: 741.837: [DefNew: 1124130K->5586K(1258304K), 0.0031262 secs] 1139132K->20588K(4054528K), 0.0031925 secs] [Times: user=0.00 sys=0.00, real=0.00 secs] 
2024-10-04T02:57:32.692+0300: 741.841: Total time for which application threads were stopped: 0.0034932 seconds, Stopping threads took: 0.0001905 seconds
2024-10-04T02:57:33.032+0300: 742.184: Application time: 0.3435704 seconds
2024-10-04T02:57:33.032+0300: 742.184: [GC (Allocation Failure) 2024-10-04T02:57:33.032+0300: 742.184: [DefNew: 1124114K->6092K(1258304K), 0.0035846 secs] 1139116K->21094K(4054528K), 0.0036579 secs] [Times: user=0.00 sys=0.00, real=0.00 secs] 
2024-10-04T02:57:33.032+0300: 742.188: Total time for which application threads were stopped: 0.0039272 seconds, Stopping threads took: 0.0001424 seconds
2024-10-04T02:57:33.378+0300: 742.526: Application time: 0.3374588 seconds
2024-10-04T02:57:33.378+0300: 742.526: [GC (Allocation Failure) 2024-10-04T02:57:33.378+0300: 742.526: [DefNew: 1124620K->7430K(1258304K), 0.0051629 secs] 1139622K->22432K(4054528K), 0.0052384 secs] [Times: user=0.00 sys=0.00, real=0.00 secs] 
2024-10-04T02:57:33.378+0300: 742.531: Total time for which application threads were stopped: 0.0055491 seconds, Stopping threads took: 0.0001804 seconds
2024-10-04T02:57:33.723+0300: 742.877: Application time: 0.3458325 seconds
2024-10-04T02:57:33.723+0300: 742.877: [GC (Allocation Failure) 2024-10-04T02:57:33.723+0300: 742.877: [DefNew: 1125958K->5629K(1258304K), 0.0033090 secs] 1140960K->20632K(4054528K), 0.0033777 secs] [Times: user=0.00 sys=0.00, real=0.00 secs] 
2024-10-04T02:57:33.723+0300: 742.881: Total time for which application threads were stopped: 0.0036907 seconds, Stopping threads took: 0.0001921 seconds
2024-10-04T02:57:34.084+0300: 743.230: Application time: 0.3492138 seconds
2024-10-04T02:57:34.084+0300: 743.230: [GC (Allocation Failure) 2024-10-04T02:57:34.084+0300: 743.230: [DefNew: 1124157K->5714K(1258304K), 0.0037950 secs] 1139160K->20717K(4054528K), 0.0039407 secs] [Times: user=0.00 sys=0.00, real=0.00 secs] 
2024-10-04T02:57:34.084+0300: 743.234: Total time for which application threads were stopped: 0.0042058 seconds, Stopping threads took: 0.0001386 seconds
2024-10-04T02:57:34.413+0300: 743.567: Application time: 0.3331186 seconds
2024-10-04T02:57:34.413+0300: 743.567: [GC (Allocation Failure) 2024-10-04T02:57:34.413+0300: 743.567: [DefNew: 1124242K->7450K(1258304K), 0.0051956 secs] 1139245K->22454K(4054528K), 0.0052692 secs] [Times: user=0.00 sys=0.00, real=0.00 secs] 
2024-10-04T02:57:34.413+0300: 743.573: Total time for which application threads were stopped: 0.0055997 seconds, Stopping threads took: 0.0002134 seconds
2024-10-04T02:57:34.759+0300: 743.907: Application time: 0.3340649 seconds
2024-10-04T02:57:34.759+0300: 743.907: [GC (Allocation Failure) 2024-10-04T02:57:34.759+0300: 743.907: [DefNew: 1125978K->7823K(1258304K), 0.0051920 secs] 1140982K->22827K(4054528K), 0.0052669 secs] [Times: user=0.00 sys=0.00, real=0.00 secs] 
2024-10-04T02:57:34.759+0300: 743.912: Total time for which application threads were stopped: 0.0055987 seconds, Stopping threads took: 0.0001796 seconds
2024-10-04T02:57:35.119+0300: 744.268: Application time: 0.3556572 seconds
2024-10-04T02:57:35.119+0300: 744.268: [GC (Allocation Failure) 2024-10-04T02:57:35.119+0300: 744.268: [DefNew: 1126351K->5743K(1258304K), 0.0033971 secs] 1141355K->20747K(4054528K), 0.0034701 secs] [Times: user=0.00 sys=0.00, real=0.00 secs] 
2024-10-04T02:57:35.119+0300: 744.272: Total time for which application threads were stopped: 0.0037506 seconds, Stopping threads took: 0.0001550 seconds
2024-10-04T02:57:35.464+0300: 744.620: Application time: 0.3477682 seconds
2024-10-04T02:57:35.464+0300: 744.620: [GC (Allocation Failure) 2024-10-04T02:57:35.464+0300: 744.620: [DefNew: 1124271K->5703K(1258304K), 0.0033690 secs] 1139275K->20707K(4054528K), 0.0034495 secs] [Times: user=0.00 sys=0.00, real=0.00 secs] 
2024-10-04T02:57:35.464+0300: 744.623: Total time for which application threads were stopped: 0.0037598 seconds, Stopping threads took: 0.0001742 seconds
2024-10-04T02:57:35.810+0300: 744.968: Application time: 0.3450577 seconds
2024-10-04T02:57:35.810+0300: 744.969: [GC (Allocation Failure) 2024-10-04T02:57:35.810+0300: 744.969: [DefNew: 1124231K->5562K(1258304K), 0.0032713 secs] 1139235K->20566K(4054528K), 0.0033407 secs] [Times: user=0.00 sys=0.00, real=0.02 secs] 
2024-10-04T02:57:35.825+0300: 744.972: Total time for which application threads were stopped: 0.0036597 seconds, Stopping threads took: 0.0001961 seconds
2024-10-04T02:57:36.171+0300: 745.320: Application time: 0.3474041 seconds
2024-10-04T02:57:36.171+0300: 745.320: [GC (Allocation Failure) 2024-10-04T02:57:36.171+0300: 745.320: [DefNew: 1124090K->5745K(1258304K), 0.0034079 secs] 1139094K->20750K(4054528K), 0.0034786 secs] [Times: user=0.00 sys=0.00, real=0.00 secs] 
2024-10-04T02:57:36.171+0300: 745.323: Total time for which application threads were stopped: 0.0037468 seconds, Stopping threads took: 0.0001495 seconds
2024-10-04T02:57:36.501+0300: 745.660: Application time: 0.3370209 seconds
2024-10-04T02:57:36.501+0300: 745.661: [GC (Allocation Failure) 2024-10-04T02:57:36.501+0300: 745.661: [DefNew: 1124273K->9661K(1258304K), 0.0077201 secs] 1139278K->24666K(4054528K), 0.0077946 secs] [Times: user=0.00 sys=0.00, real=0.02 secs] 
2024-10-04T02:57:36.516+0300: 745.668: Total time for which application threads were stopped: 0.0081008 seconds, Stopping threads took: 0.0001845 seconds
2024-10-04T02:57:36.862+0300: 746.014: Application time: 0.3457267 seconds
2024-10-04T02:57:36.862+0300: 746.014: [GC (Allocation Failure) 2024-10-04T02:57:36.862+0300: 746.014: [DefNew: 1128189K->5452K(1258304K), 0.0032956 secs] 1143194K->20458K(4054528K), 0.0033719 secs] [Times: user=0.00 sys=0.00, real=0.00 secs] 
2024-10-04T02:57:36.862+0300: 746.018: Total time for which application threads were stopped: 0.0036942 seconds, Stopping threads took: 0.0001863 seconds
2024-10-04T02:57:37.223+0300: 746.368: Application time: 0.3502706 seconds
2024-10-04T02:57:37.223+0300: 746.368: [GC (Allocation Failure) 2024-10-04T02:57:37.223+0300: 746.368: [DefNew: 1123980K->5623K(1258304K), 0.0032582 secs] 1138986K->20629K(4054528K), 0.0034076 secs] [Times: user=0.00 sys=0.00, real=0.00 secs] 
2024-10-04T02:57:37.223+0300: 746.372: Total time for which application threads were stopped: 0.0036763 seconds, Stopping threads took: 0.0001366 seconds
2024-10-04T02:57:37.560+0300: 746.709: Application time: 0.3373712 seconds
2024-10-04T02:57:37.560+0300: 746.709: [GC (Allocation Failure) 2024-10-04T02:57:37.560+0300: 746.709: [DefNew: 1124151K->6150K(1258304K), 0.0034649 secs] 1139157K->21156K(4054528K), 0.0035340 secs] [Times: user=0.00 sys=0.00, real=0.00 secs] 
2024-10-04T02:57:37.560+0300: 746.713: Total time for which application threads were stopped: 0.0038461 seconds, Stopping threads took: 0.0001846 seconds
2024-10-04T02:57:37.898+0300: 747.053: Application time: 0.3400621 seconds
2024-10-04T02:57:37.898+0300: 747.053: [GC (Allocation Failure) 2024-10-04T02:57:37.898+0300: 747.053: [DefNew: 1124678K->8796K(1258304K), 0.0070306 secs] 1139684K->23803K(4054528K), 0.0074758 secs] [Times: user=0.02 sys=0.00, real=0.02 secs] 
2024-10-04T02:57:37.913+0300: 747.061: Total time for which application threads were stopped: 0.0078212 seconds, Stopping threads took: 0.0001407 seconds
2024-10-04T02:57:38.258+0300: 747.404: Application time: 0.3429901 seconds
2024-10-04T02:57:38.258+0300: 747.404: [GC (Allocation Failure) 2024-10-04T02:57:38.258+0300: 747.404: [DefNew: 1127324K->5822K(1258304K), 0.0034122 secs] 1142331K->20829K(4054528K), 0.0035022 secs] [Times: user=0.00 sys=0.00, real=0.00 secs] 
2024-10-04T02:57:38.262+0300: 747.408: Total time for which application threads were stopped: 0.0037661 seconds, Stopping threads took: 0.0001465 seconds
2024-10-04T02:57:38.604+0300: 747.754: Application time: 0.3460463 seconds
2024-10-04T02:57:38.604+0300: 747.754: [GC (Allocation Failure) 2024-10-04T02:57:38.604+0300: 747.754: [DefNew: 1124350K->5581K(1258304K), 0.0032304 secs] 1139357K->20588K(4054528K), 0.0032976 secs] [Times: user=0.00 sys=0.00, real=0.00 secs] 
2024-10-04T02:57:38.604+0300: 747.757: Total time for which application threads were stopped: 0.0035930 seconds, Stopping threads took: 0.0001672 seconds
2024-10-04T02:57:38.949+0300: 748.102: Application time: 0.3443079 seconds
2024-10-04T02:57:38.949+0300: 748.102: [GC (Allocation Failure) 2024-10-04T02:57:38.949+0300: 748.102: [DefNew: 1124109K->7334K(1258304K), 0.0050359 secs] 1139116K->22341K(4054528K), 0.0051072 secs] [Times: user=0.00 sys=0.00, real=0.00 secs] 
2024-10-04T02:57:38.949+0300: 748.107: Total time for which application threads were stopped: 0.0054399 seconds, Stopping threads took: 0.0001923 seconds
2024-10-04T02:57:39.295+0300: 748.443: Application time: 0.3359359 seconds
2024-10-04T02:57:39.295+0300: 748.443: [GC (Allocation Failure) 2024-10-04T02:57:39.295+0300: 748.443: [DefNew: 1125862K->5566K(1258304K), 0.0032998 secs] 1140869K->20573K(4054528K), 0.0033932 secs] [Times: user=0.00 sys=0.00, real=0.00 secs] 
2024-10-04T02:57:39.295+0300: 748.447: Total time for which application threads were stopped: 0.0036841 seconds, Stopping threads took: 0.0001622 seconds
2024-10-04T02:57:39.640+0300: 748.790: Application time: 0.3428621 seconds
2024-10-04T02:57:39.640+0300: 748.790: [GC (Allocation Failure) 2024-10-04T02:57:39.640+0300: 748.790: [DefNew: 1124094K->6219K(1258304K), 0.0037949 secs] 1139101K->21227K(4054528K), 0.0038667 secs] [Times: user=0.00 sys=0.00, real=0.00 secs] 
2024-10-04T02:57:39.640+0300: 748.794: Total time for which application threads were stopped: 0.0041389 seconds, Stopping threads took: 0.0001660 seconds
2024-10-04T02:57:39.985+0300: 749.143: Application time: 0.3488670 seconds
2024-10-04T02:57:39.985+0300: 749.143: [GC (Allocation Failure) 2024-10-04T02:57:39.985+0300: 749.143: [DefNew: 1124747K->7338K(1258304K), 0.0081946 secs] 1139755K->22346K(4054528K), 0.0083283 secs] [Times: user=0.00 sys=0.00, real=0.02 secs] 
2024-10-04T02:57:40.001+0300: 749.151: Total time for which application threads were stopped: 0.0086354 seconds, Stopping threads took: 0.0001716 seconds
2024-10-04T02:57:40.330+0300: 749.489: Application time: 0.3383304 seconds
2024-10-04T02:57:40.330+0300: 749.490: [GC (Allocation Failure) 2024-10-04T02:57:40.330+0300: 749.490: [DefNew: 1125866K->5701K(1258304K), 0.0035952 secs] 1140874K->20709K(4054528K), 0.0036824 secs] [Times: user=0.00 sys=0.00, real=0.02 secs] 
2024-10-04T02:57:40.346+0300: 749.493: Total time for which application threads were stopped: 0.0039923 seconds, Stopping threads took: 0.0001738 seconds
2024-10-04T02:57:40.692+0300: 749.839: Application time: 0.3452259 seconds
2024-10-04T02:57:40.692+0300: 749.839: [GC (Allocation Failure) 2024-10-04T02:57:40.692+0300: 749.839: [DefNew: 1124229K->5718K(1258304K), 0.0037334 secs] 1139237K->20727K(4054528K), 0.0038038 secs] [Times: user=0.00 sys=0.00, real=0.00 secs] 
2024-10-04T02:57:40.692+0300: 749.843: Total time for which application threads were stopped: 0.0040484 seconds, Stopping threads took: 0.0001122 seconds
2024-10-04T02:57:41.038+0300: 750.185: Application time: 0.3422743 seconds
2024-10-04T02:57:41.038+0300: 750.185: [GC (Allocation Failure) 2024-10-04T02:57:41.038+0300: 750.185: [DefNew: 1124246K->6456K(1258304K), 0.0039151 secs] 1139255K->21466K(4054528K), 0.0039862 secs] [Times: user=0.00 sys=0.00, real=0.00 secs] 
2024-10-04T02:57:41.038+0300: 750.189: Total time for which application threads were stopped: 0.0043371 seconds, Stopping threads took: 0.0002092 seconds
2024-10-04T02:57:41.383+0300: 750.529: Application time: 0.3399377 seconds
2024-10-04T02:57:41.383+0300: 750.530: [GC (Allocation Failure) 2024-10-04T02:57:41.383+0300: 750.530: [DefNew: 1124984K->5862K(1258304K), 0.0037553 secs] 1139994K->20872K(4054528K), 0.0038317 secs] [Times: user=0.00 sys=0.00, real=0.00 secs] 
2024-10-04T02:57:41.383+0300: 750.533: Total time for which application threads were stopped: 0.0041257 seconds, Stopping threads took: 0.0001676 seconds
2024-10-04T02:57:41.776+0300: 750.934: Application time: 0.4008502 seconds
2024-10-04T02:57:41.776+0300: 750.935: [GC (Allocation Failure) 2024-10-04T02:57:41.776+0300: 750.935: [DefNew: 1124390K->5871K(1258304K), 0.0035149 secs] 1139400K->20881K(4054528K), 0.0035916 secs] [Times: user=0.00 sys=0.00, real=0.01 secs] 
2024-10-04T02:57:41.791+0300: 750.938: Total time for which application threads were stopped: 0.0038895 seconds, Stopping threads took: 0.0001736 seconds
2024-10-04T02:57:42.136+0300: 751.293: Application time: 0.3545696 seconds
2024-10-04T02:57:42.136+0300: 751.293: [GC (Allocation Failure) 2024-10-04T02:57:42.136+0300: 751.293: [DefNew: 1124399K->7367K(1258304K), 0.0053697 secs] 1139409K->22378K(4054528K), 0.0054479 secs] [Times: user=0.00 sys=0.00, real=0.02 secs] 
2024-10-04T02:57:42.152+0300: 751.299: Total time for which application threads were stopped: 0.0058182 seconds, Stopping threads took: 0.0001918 seconds
2024-10-04T02:57:42.545+0300: 751.693: Application time: 0.3941645 seconds
2024-10-04T02:57:42.545+0300: 751.693: [GC (Allocation Failure) 2024-10-04T02:57:42.545+0300: 751.693: [DefNew: 1125895K->6060K(1258304K), 0.0035335 secs] 1140906K->21071K(4054528K), 0.0036056 secs] [Times: user=0.00 sys=0.00, real=0.00 secs] 
2024-10-04T02:57:42.545+0300: 751.697: Total time for which application threads were stopped: 0.0038844 seconds, Stopping threads took: 0.0001538 seconds
2024-10-04T02:57:42.954+0300: 752.104: Application time: 0.4074029 seconds
2024-10-04T02:57:42.954+0300: 752.104: [GC (Allocation Failure) 2024-10-04T02:57:42.954+0300: 752.104: [DefNew: 1124588K->5852K(1258304K), 0.0035018 secs] 1139599K->20862K(4054528K), 0.0035771 secs] [Times: user=0.00 sys=0.00, real=0.00 secs] 
2024-10-04T02:57:42.954+0300: 752.108: Total time for which application threads were stopped: 0.0039111 seconds, Stopping threads took: 0.0002036 seconds
2024-10-04T02:57:43.362+0300: 752.509: Application time: 0.4014838 seconds
2024-10-04T02:57:43.362+0300: 752.510: [GC (Allocation Failure) 2024-10-04T02:57:43.362+0300: 752.510: [DefNew: 1124380K->5603K(1258304K), 0.0033679 secs] 1139390K->20614K(4054528K), 0.0035090 secs] [Times: user=0.00 sys=0.00, real=0.00 secs] 
2024-10-04T02:57:43.362+0300: 752.513: Total time for which application threads were stopped: 0.0038204 seconds, Stopping threads took: 0.0001796 seconds
2024-10-04T02:57:43.770+0300: 752.916: Application time: 0.4028231 seconds
2024-10-04T02:57:43.770+0300: 752.916: [GC (Allocation Failure) 2024-10-04T02:57:43.770+0300: 752.916: [DefNew: 1124131K->7420K(1258304K), 0.0051246 secs] 1139142K->22432K(4054528K), 0.0051955 secs] [Times: user=0.00 sys=0.00, real=0.01 secs] 
2024-10-04T02:57:43.775+0300: 752.922: Total time for which application threads were stopped: 0.0054581 seconds, Stopping threads took: 0.0001371 seconds
2024-10-04T02:57:44.176+0300: 753.322: Application time: 0.4005706 seconds
2024-10-04T02:57:44.176+0300: 753.323: [GC (Allocation Failure) 2024-10-04T02:57:44.176+0300: 753.323: [DefNew: 1125948K->5614K(1258304K), 0.0044950 secs] 1140960K->20626K(4054528K), 0.0046122 secs] [Times: user=0.00 sys=0.00, real=0.00 secs] 
2024-10-04T02:57:44.179+0300: 753.327: Total time for which application threads were stopped: 0.0051035 seconds, Stopping threads took: 0.0002511 seconds
2024-10-04T02:57:44.508+0300: 753.664: Application time: 0.3366272 seconds
2024-10-04T02:57:44.508+0300: 753.664: [GC (Allocation Failure) 2024-10-04T02:57:44.508+0300: 753.664: [DefNew: 1124142K->5827K(1258304K), 0.0037277 secs] 1139154K->20839K(4054528K), 0.0038075 secs] [Times: user=0.00 sys=0.00, real=0.00 secs] 
2024-10-04T02:57:44.508+0300: 753.668: Total time for which application threads were stopped: 0.0041707 seconds, Stopping threads took: 0.0002239 seconds
2024-10-04T02:57:44.854+0300: 754.009: Application time: 0.3408053 seconds
2024-10-04T02:57:44.854+0300: 754.009: [GC (Allocation Failure) 2024-10-04T02:57:44.854+0300: 754.009: [DefNew: 1124355K->9595K(1258304K), 0.0090759 secs] 1139367K->24608K(4054528K), 0.0091500 secs] [Times: user=0.02 sys=0.00, real=0.01 secs] 
2024-10-04T02:57:44.869+0300: 754.018: Total time for which application threads were stopped: 0.0095291 seconds, Stopping threads took: 0.0002288 seconds
2024-10-04T02:57:45.215+0300: 754.367: Application time: 0.3490020 seconds
2024-10-04T02:57:45.215+0300: 754.368: [GC (Allocation Failure) 2024-10-04T02:57:45.215+0300: 754.368: [DefNew: 1128123K->5621K(1258304K), 0.0035887 secs] 1143136K->20634K(4054528K), 0.0036603 secs] [Times: user=0.00 sys=0.00, real=0.00 secs] 
2024-10-04T02:57:45.215+0300: 754.371: Total time for which application threads were stopped: 0.0039838 seconds, Stopping threads took: 0.0002039 seconds
2024-10-04T02:57:45.560+0300: 754.718: Application time: 0.3466657 seconds
2024-10-04T02:57:45.560+0300: 754.718: [GC (Allocation Failure) 2024-10-04T02:57:45.560+0300: 754.718: [DefNew: 1124149K->5859K(1258304K), 0.0043879 secs] 1139162K->20872K(4054528K), 0.0044560 secs] [Times: user=0.00 sys=0.00, real=0.02 secs] 
2024-10-04T02:57:45.576+0300: 754.723: Total time for which application threads were stopped: 0.0047382 seconds, Stopping threads took: 0.0001574 seconds
2024-10-04T02:57:45.921+0300: 755.069: Application time: 0.3457335 seconds
2024-10-04T02:57:45.921+0300: 755.069: [GC (Allocation Failure) 2024-10-04T02:57:45.921+0300: 755.069: [DefNew: 1124387K->5587K(1258304K), 0.0032965 secs] 1139400K->20601K(4054528K), 0.0033663 secs] [Times: user=0.00 sys=0.00, real=0.00 secs] 
2024-10-04T02:57:45.921+0300: 755.072: Total time for which application threads were stopped: 0.0036660 seconds, Stopping threads took: 0.0001676 seconds
2024-10-04T02:57:46.250+0300: 755.407: Application time: 0.3349918 seconds
2024-10-04T02:57:46.250+0300: 755.407: [GC (Allocation Failure) 2024-10-04T02:57:46.250+0300: 755.407: [DefNew: 1124115K->5971K(1258304K), 0.0037022 secs] 1139129K->20985K(4054528K), 0.0037979 secs] [Times: user=0.00 sys=0.00, real=0.02 secs] 
2024-10-04T02:57:46.266+0300: 755.411: Total time for which application threads were stopped: 0.0041756 seconds, Stopping threads took: 0.0001662 seconds
2024-10-04T02:57:46.596+0300: 755.753: Application time: 0.3414957 seconds
2024-10-04T02:57:46.596+0300: 755.753: [GC (Allocation Failure) 2024-10-04T02:57:46.596+0300: 755.753: [DefNew: 1124499K->7676K(1258304K), 0.0059409 secs] 1139513K->22691K(4054528K), 0.0060158 secs] [Times: user=0.00 sys=0.00, real=0.02 secs] 
2024-10-04T02:57:46.612+0300: 755.759: Total time for which application threads were stopped: 0.0063225 seconds, Stopping threads took: 0.0001746 seconds
2024-10-04T02:57:46.957+0300: 756.114: Application time: 0.3549428 seconds
2024-10-04T02:57:46.957+0300: 756.114: [GC (Allocation Failure) 2024-10-04T02:57:46.957+0300: 756.114: [DefNew: 1126204K->5579K(1258304K), 0.0032018 secs] 1141219K->20593K(4054528K), 0.0032706 secs] [Times: user=0.00 sys=0.00, real=0.01 secs] 
2024-10-04T02:57:46.972+0300: 756.118: Total time for which application threads were stopped: 0.0035766 seconds, Stopping threads took: 0.0001872 seconds
2024-10-04T02:57:47.302+0300: 756.463: Application time: 0.3448573 seconds
2024-10-04T02:57:47.302+0300: 756.463: [GC (Allocation Failure) 2024-10-04T02:57:47.302+0300: 756.463: [DefNew: 1124107K->5771K(1258304K), 0.0035040 secs] 1139121K->20786K(4054528K), 0.0035864 secs] [Times: user=0.00 sys=0.00, real=0.02 secs] 
2024-10-04T02:57:47.318+0300: 756.467: Total time for which application threads were stopped: 0.0039561 seconds, Stopping threads took: 0.0002300 seconds
2024-10-04T02:57:47.647+0300: 756.806: Application time: 0.3393161 seconds
2024-10-04T02:57:47.647+0300: 756.806: [GC (Allocation Failure) 2024-10-04T02:57:47.647+0300: 756.806: [DefNew: 1124299K->7506K(1258304K), 0.0050327 secs] 1139314K->22521K(4054528K), 0.0051044 secs] [Times: user=0.00 sys=0.00, real=0.02 secs] 
2024-10-04T02:57:47.663+0300: 756.811: Total time for which application threads were stopped: 0.0054234 seconds, Stopping threads took: 0.0002018 seconds
2024-10-04T02:57:47.993+0300: 757.150: Application time: 0.3384057 seconds
2024-10-04T02:57:47.993+0300: 757.150: [GC (Allocation Failure) 2024-10-04T02:57:47.993+0300: 757.150: [DefNew: 1126034K->5524K(1258304K), 0.0030824 secs] 1141049K->20539K(4054528K), 0.0031529 secs] [Times: user=0.00 sys=0.00, real=0.00 secs] 
2024-10-04T02:57:47.993+0300: 757.153: Total time for which application threads were stopped: 0.0035235 seconds, Stopping threads took: 0.0002540 seconds
2024-10-04T02:57:48.339+0300: 757.498: Application time: 0.3446781 seconds
2024-10-04T02:57:48.339+0300: 757.498: [GC (Allocation Failure) 2024-10-04T02:57:48.339+0300: 757.498: [DefNew: 1124052K->7388K(1258304K), 0.0052225 secs] 1139067K->22404K(4054528K), 0.0052963 secs] [Times: user=0.00 sys=0.00, real=0.02 secs] 
2024-10-04T02:57:48.355+0300: 757.503: Total time for which application threads were stopped: 0.0055841 seconds, Stopping threads took: 0.0001513 seconds
2024-10-04T02:57:48.700+0300: 757.851: Application time: 0.3476266 seconds
2024-10-04T02:57:48.700+0300: 757.851: [GC (Allocation Failure) 2024-10-04T02:57:48.700+0300: 757.851: [DefNew: 1125916K->5666K(1258304K), 0.0033166 secs] 1140932K->20682K(4054528K), 0.0033874 secs] [Times: user=0.00 sys=0.00, real=0.00 secs] 
2024-10-04T02:57:48.700+0300: 757.855: Total time for which application threads were stopped: 0.0036610 seconds, Stopping threads took: 0.0001422 seconds
2024-10-04T02:57:49.046+0300: 758.201: Application time: 0.3462824 seconds
2024-10-04T02:57:49.046+0300: 758.201: [GC (Allocation Failure) 2024-10-04T02:57:49.046+0300: 758.201: [DefNew: 1124194K->5597K(1258304K), 0.0032423 secs] 1139210K->20613K(4054528K), 0.0033184 secs] [Times: user=0.00 sys=0.00, real=0.00 secs] 
2024-10-04T02:57:49.046+0300: 758.205: Total time for which application threads were stopped: 0.0036826 seconds, Stopping threads took: 0.0002218 seconds
2024-10-04T02:57:49.391+0300: 758.542: Application time: 0.3368455 seconds
2024-10-04T02:57:49.391+0300: 758.542: [GC (Allocation Failure) 2024-10-04T02:57:49.391+0300: 758.542: [DefNew: 1124125K->5657K(1258304K), 0.0033026 secs] 1139141K->20674K(4054528K), 0.0034908 secs] [Times: user=0.00 sys=0.00, real=0.00 secs] 
2024-10-04T02:57:49.391+0300: 758.545: Total time for which application threads were stopped: 0.0037607 seconds, Stopping threads took: 0.0001462 seconds
2024-10-04T02:57:49.736+0300: 758.895: Application time: 0.3492770 seconds
2024-10-04T02:57:49.736+0300: 758.895: [GC (Allocation Failure) 2024-10-04T02:57:49.736+0300: 758.895: [DefNew: 1124185K->10162K(1258304K), 0.0091395 secs] 1139202K->25179K(4054528K), 0.0092094 secs] [Times: user=0.00 sys=0.00, real=0.02 secs] 
2024-10-04T02:57:49.752+0300: 758.904: Total time for which application threads were stopped: 0.0095144 seconds, Stopping threads took: 0.0001484 seconds
2024-10-04T02:57:50.113+0300: 759.266: Application time: 0.3623225 seconds
2024-10-04T02:57:50.113+0300: 759.267: [GC (Allocation Failure) 2024-10-04T02:57:50.113+0300: 759.267: [DefNew: 1128690K->7330K(1258304K), 0.0053768 secs] 1143707K->22347K(4054528K), 0.0054344 secs] [Times: user=0.00 sys=0.00, real=0.00 secs] 
2024-10-04T02:57:50.113+0300: 759.272: Total time for which application threads were stopped: 0.0057056 seconds, Stopping threads took: 0.0001501 seconds
2024-10-04T02:57:50.459+0300: 759.618: Application time: 0.3459589 seconds
2024-10-04T02:57:50.459+0300: 759.618: [GC (Allocation Failure) 2024-10-04T02:57:50.459+0300: 759.618: [DefNew: 1125858K->5963K(1258304K), 0.0038112 secs] 1140875K->20980K(4054528K), 0.0038742 secs] [Times: user=0.00 sys=0.00, real=0.01 secs] 
2024-10-04T02:57:50.474+0300: 759.622: Total time for which application threads were stopped: 0.0041332 seconds, Stopping threads took: 0.0001341 seconds
2024-10-04T02:57:50.792+0300: 759.939: Application time: 0.3166799 seconds
2024-10-04T02:57:50.792+0300: 759.939: Total time for which application threads were stopped: 0.0004629 seconds, Stopping threads took: 0.0002051 seconds
2024-10-04T02:57:50.820+0300: 759.973: Application time: 0.0338133 seconds
2024-10-04T02:57:50.820+0300: 759.973: [GC (Allocation Failure) 2024-10-04T02:57:50.820+0300: 759.973: [DefNew: 1124491K->5620K(1258304K), 0.0033707 secs] 1139508K->20638K(4054528K), 0.0034278 secs] [Times: user=0.00 sys=0.00, real=0.00 secs] 
2024-10-04T02:57:50.820+0300: 759.977: Total time for which application threads were stopped: 0.0036690 seconds, Stopping threads took: 0.0001093 seconds
2024-10-04T02:57:51.150+0300: 760.300: Application time: 0.3227379 seconds
2024-10-04T02:57:51.165+0300: 760.311: Total time for which application threads were stopped: 0.0109328 seconds, Stopping threads took: 0.0108478 seconds
2024-10-04T02:57:51.338+0300: 760.498: Application time: 0.1870782 seconds
2024-10-04T02:57:51.338+0300: 760.498: [GC (Allocation Failure) 2024-10-04T02:57:51.338+0300: 760.498: [DefNew: 1124148K->6823K(1258304K), 0.0044673 secs] 1139166K->21841K(4054528K), 0.0045418 secs] [Times: user=0.00 sys=0.00, real=0.02 secs] 
2024-10-04T02:57:51.354+0300: 760.502: Total time for which application threads were stopped: 0.0047989 seconds, Stopping threads took: 0.0001425 seconds
2024-10-04T02:57:51.668+0300: 760.824: Application time: 0.3217630 seconds
2024-10-04T02:57:51.668+0300: 760.824: [GC (Allocation Failure) 2024-10-04T02:57:51.668+0300: 760.825: [DefNew: 1125351K->7383K(1258304K), 0.0043602 secs] 1140369K->22402K(4054528K), 0.0044332 secs] [Times: user=0.00 sys=0.00, real=0.02 secs] 
2024-10-04T02:57:51.683+0300: 760.829: Total time for which application threads were stopped: 0.0047481 seconds, Stopping threads took: 0.0002028 seconds
2024-10-04T02:57:52.029+0300: 761.180: Application time: 0.3513418 seconds
2024-10-04T02:57:52.029+0300: 761.181: [GC (Allocation Failure) 2024-10-04T02:57:52.029+0300: 761.181: [DefNew: 1125911K->7322K(1258304K), 0.0042960 secs] 1140930K->22340K(4054528K), 0.0043705 secs] [Times: user=0.00 sys=0.00, real=0.00 secs] 
2024-10-04T02:57:52.029+0300: 761.185: Total time for which application threads were stopped: 0.0046918 seconds, Stopping threads took: 0.0001917 seconds
2024-10-04T02:57:52.373+0300: 761.531: Application time: 0.3463022 seconds
2024-10-04T02:57:52.373+0300: 761.532: [GC (Allocation Failure) 2024-10-04T02:57:52.373+0300: 761.532: [DefNew: 1125850K->6956K(1258304K), 0.0042073 secs] 1140868K->21975K(4054528K), 0.0043450 secs] [Times: user=0.00 sys=0.00, real=0.02 secs] 
2024-10-04T02:57:52.389+0300: 761.536: Total time for which application threads were stopped: 0.0046567 seconds, Stopping threads took: 0.0001875 seconds
2024-10-04T02:57:52.719+0300: 761.869: Application time: 0.3331596 seconds
2024-10-04T02:57:52.719+0300: 761.869: [GC (Allocation Failure) 2024-10-04T02:57:52.719+0300: 761.869: [DefNew: 1125484K->6944K(1258304K), 0.0041304 secs] 1140503K->21963K(4054528K), 0.0042333 secs] [Times: user=0.00 sys=0.00, real=0.00 secs] 
2024-10-04T02:57:52.719+0300: 761.874: Total time for which application threads were stopped: 0.0045054 seconds, Stopping threads took: 0.0001275 seconds
2024-10-04T02:57:53.064+0300: 762.215: Application time: 0.3408862 seconds
2024-10-04T02:57:53.064+0300: 762.215: [GC (Allocation Failure) 2024-10-04T02:57:53.064+0300: 762.215: [DefNew: 1125472K->6849K(1258304K), 0.0040604 secs] 1140491K->21869K(4054528K), 0.0041403 secs] [Times: user=0.00 sys=0.00, real=0.00 secs] 
2024-10-04T02:57:53.064+0300: 762.219: Total time for which application threads were stopped: 0.0044185 seconds, Stopping threads took: 0.0001655 seconds
2024-10-04T02:57:53.398+0300: 762.552: Application time: 0.3325634 seconds
2024-10-04T02:57:53.398+0300: 762.552: [GC (Allocation Failure) 2024-10-04T02:57:53.398+0300: 762.552: [DefNew: 1125377K->10859K(1258304K), 0.0088007 secs] 1140397K->25879K(4054528K), 0.0088675 secs] [Times: user=0.00 sys=0.00, real=0.01 secs] 
2024-10-04T02:57:53.410+0300: 762.561: Total time for which application threads were stopped: 0.0091625 seconds, Stopping threads took: 0.0001835 seconds
2024-10-04T02:57:53.755+0300: 762.903: Application time: 0.3427785 seconds
2024-10-04T02:57:53.755+0300: 762.904: [GC (Allocation Failure) 2024-10-04T02:57:53.755+0300: 762.904: [DefNew: 1129387K->6976K(1258304K), 0.0043364 secs] 1144407K->21996K(4054528K), 0.0043964 secs] [Times: user=0.00 sys=0.00, real=0.00 secs] 
2024-10-04T02:57:53.755+0300: 762.908: Total time for which application threads were stopped: 0.0047240 seconds, Stopping threads took: 0.0001983 seconds
2024-10-04T02:57:54.116+0300: 763.267: Application time: 0.3585486 seconds
2024-10-04T02:57:54.116+0300: 763.267: [GC (Allocation Failure) 2024-10-04T02:57:54.116+0300: 763.267: [DefNew: 1125504K->6972K(1258304K), 0.0041001 secs] 1140524K->21992K(4054528K), 0.0041776 secs] [Times: user=0.00 sys=0.00, real=0.00 secs] 
2024-10-04T02:57:54.116+0300: 763.271: Total time for which application threads were stopped: 0.0044698 seconds, Stopping threads took: 0.0001657 seconds
2024-10-04T02:57:54.461+0300: 763.608: Application time: 0.3371905 seconds
2024-10-04T02:57:54.461+0300: 763.609: [GC (Allocation Failure) 2024-10-04T02:57:54.461+0300: 763.609: [DefNew: 1125500K->6951K(1258304K), 0.0041164 secs] 1140520K->21972K(4054528K), 0.0041868 secs] [Times: user=0.00 sys=0.00, real=0.00 secs] 
2024-10-04T02:57:54.461+0300: 763.613: Total time for which application threads were stopped: 0.0044568 seconds, Stopping threads took: 0.0001508 seconds
2024-10-04T02:57:54.791+0300: 763.942: Application time: 0.3287999 seconds
2024-10-04T02:57:54.791+0300: 763.942: [GC (Allocation Failure) 2024-10-04T02:57:54.791+0300: 763.942: [DefNew: 1125479K->8750K(1258304K), 0.0059588 secs] 1140500K->23772K(4054528K), 0.0060366 secs] [Times: user=0.01 sys=0.00, real=0.01 secs] 
2024-10-04T02:57:54.801+0300: 763.948: Total time for which application threads were stopped: 0.0063286 seconds, Stopping threads took: 0.0001805 seconds
2024-10-04T02:57:55.152+0300: 764.300: Application time: 0.3520651 seconds
2024-10-04T02:57:55.152+0300: 764.300: [GC (Allocation Failure) 2024-10-04T02:57:55.152+0300: 764.300: [DefNew: 1127278K->7027K(1258304K), 0.0042121 secs] 1142300K->22048K(4054528K), 0.0042869 secs] [Times: user=0.00 sys=0.00, real=0.00 secs] 
2024-10-04T02:57:55.152+0300: 764.305: Total time for which application threads were stopped: 0.0046509 seconds, Stopping threads took: 0.0001558 seconds
2024-10-04T02:57:55.503+0300: 764.651: Application time: 0.3463838 seconds
2024-10-04T02:57:55.503+0300: 764.651: [GC (Allocation Failure) 2024-10-04T02:57:55.503+0300: 764.651: [DefNew: 1125555K->6781K(1258304K), 0.0039643 secs] 1140576K->21803K(4054528K), 0.0040335 secs] [Times: user=0.00 sys=0.00, real=0.00 secs] 
2024-10-04T02:57:55.503+0300: 764.655: Total time for which application threads were stopped: 0.0042762 seconds, Stopping threads took: 0.0001364 seconds
2024-10-04T02:57:55.843+0300: 764.995: Application time: 0.3399906 seconds
2024-10-04T02:57:55.843+0300: 764.996: [GC (Allocation Failure) 2024-10-04T02:57:55.843+0300: 764.996: [DefNew: 1125309K->6766K(1258304K), 0.0039820 secs] 1140331K->21788K(4054528K), 0.0040487 secs] [Times: user=0.00 sys=0.00, real=0.00 secs] 
2024-10-04T02:57:55.843+0300: 765.000: Total time for which application threads were stopped: 0.0043379 seconds, Stopping threads took: 0.0001670 seconds
2024-10-04T02:57:56.189+0300: 765.342: Application time: 0.3418710 seconds
2024-10-04T02:57:56.189+0300: 765.342: [GC (Allocation Failure) 2024-10-04T02:57:56.189+0300: 765.342: [DefNew: 1125294K->6616K(1258304K), 0.0039063 secs] 1140316K->21715K(4054528K), 0.0039842 secs] [Times: user=0.00 sys=0.00, real=0.00 secs] 
2024-10-04T02:57:56.189+0300: 765.346: Total time for which application threads were stopped: 0.0042351 seconds, Stopping threads took: 0.0001280 seconds
2024-10-04T02:57:56.519+0300: 765.677: Application time: 0.3315681 seconds
2024-10-04T02:57:56.519+0300: 765.678: [GC (Allocation Failure) 2024-10-04T02:57:56.519+0300: 765.678: [DefNew: 1125144K->7655K(1258304K), 0.0060773 secs] 1140243K->23922K(4054528K), 0.0061504 secs] [Times: user=0.00 sys=0.00, real=0.01 secs] 
2024-10-04T02:57:56.534+0300: 765.684: Total time for which application threads were stopped: 0.0064795 seconds, Stopping threads took: 0.0002109 seconds
2024-10-04T02:57:56.880+0300: 766.033: Application time: 0.3494192 seconds
2024-10-04T02:57:56.880+0300: 766.034: [GC (Allocation Failure) 2024-10-04T02:57:56.880+0300: 766.034: [DefNew: 1126183K->5684K(1258304K), 0.0039790 secs] 1142450K->21951K(4054528K), 0.0040462 secs] [Times: user=0.00 sys=0.00, real=0.00 secs] 
2024-10-04T02:57:56.880+0300: 766.038: Total time for which application threads were stopped: 0.0043145 seconds, Stopping threads took: 0.0001534 seconds
2024-10-04T02:57:57.241+0300: 766.391: Application time: 0.3533642 seconds
2024-10-04T02:57:57.241+0300: 766.391: [GC (Allocation Failure) 2024-10-04T02:57:57.241+0300: 766.391: [DefNew: 1124212K->5611K(1258304K), 0.0032718 secs] 1140479K->21878K(4054528K), 0.0033466 secs] [Times: user=0.00 sys=0.00, real=0.00 secs] 
2024-10-04T02:57:57.241+0300: 766.395: Total time for which application threads were stopped: 0.0036222 seconds, Stopping threads took: 0.0001462 seconds
2024-10-04T02:57:57.586+0300: 766.732: Application time: 0.3372809 seconds
2024-10-04T02:57:57.586+0300: 766.732: [GC (Allocation Failure) 2024-10-04T02:57:57.586+0300: 766.732: [DefNew: 1124139K->5729K(1258304K), 0.0033282 secs] 1140406K->21996K(4054528K), 0.0034007 secs] [Times: user=0.00 sys=0.00, real=0.00 secs] 
2024-10-04T02:57:57.586+0300: 766.736: Total time for which application threads were stopped: 0.0036399 seconds, Stopping threads took: 0.0001146 seconds
2024-10-04T02:57:57.916+0300: 767.072: Application time: 0.3364511 seconds
2024-10-04T02:57:57.916+0300: 767.072: [GC (Allocation Failure) 2024-10-04T02:57:57.916+0300: 767.072: [DefNew: 1124257K->6969K(1258304K), 0.0049427 secs] 1140524K->23238K(4054528K), 0.0050233 secs] [Times: user=0.00 sys=0.00, real=0.02 secs] 
2024-10-04T02:57:57.932+0300: 767.077: Total time for which application threads were stopped: 0.0053346 seconds, Stopping threads took: 0.0001870 seconds
2024-10-04T02:57:58.262+0300: 767.422: Application time: 0.3443847 seconds
2024-10-04T02:57:58.262+0300: 767.422: [GC (Allocation Failure) 2024-10-04T02:57:58.262+0300: 767.422: [DefNew: 1125497K->6308K(1258304K), 0.0037213 secs] 1141766K->22576K(4054528K), 0.0038206 secs] [Times: user=0.00 sys=0.00, real=0.01 secs] 
2024-10-04T02:57:58.277+0300: 767.426: Total time for which application threads were stopped: 0.0041522 seconds, Stopping threads took: 0.0001971 seconds
2024-10-04T02:57:58.623+0300: 767.775: Application time: 0.3487634 seconds
2024-10-04T02:57:58.623+0300: 767.775: [GC (Allocation Failure) 2024-10-04T02:57:58.623+0300: 767.775: [DefNew: 1124836K->5586K(1258304K), 0.0032505 secs] 1141104K->21855K(4054528K), 0.0033208 secs] [Times: user=0.00 sys=0.00, real=0.00 secs] 
2024-10-04T02:57:58.623+0300: 767.778: Total time for which application threads were stopped: 0.0036206 seconds, Stopping threads took: 0.0001807 seconds
2024-10-04T02:57:58.968+0300: 768.124: Application time: 0.3460181 seconds
2024-10-04T02:57:58.968+0300: 768.125: [GC (Allocation Failure) 2024-10-04T02:57:58.968+0300: 768.125: [DefNew: 1124114K->5662K(1258304K), 0.0032083 secs] 1140383K->21931K(4054528K), 0.0032706 secs] [Times: user=0.00 sys=0.00, real=0.00 secs] 
2024-10-04T02:57:58.968+0300: 768.128: Total time for which application threads were stopped: 0.0036204 seconds, Stopping threads took: 0.0002258 seconds
2024-10-04T02:57:59.313+0300: 768.465: Application time: 0.3370534 seconds
2024-10-04T02:57:59.313+0300: 768.465: [GC (Allocation Failure) 2024-10-04T02:57:59.313+0300: 768.465: [DefNew: 1124190K->7384K(1258304K), 0.0050083 secs] 1140459K->23653K(4054528K), 0.0050823 secs] [Times: user=0.00 sys=0.00, real=0.00 secs] 
2024-10-04T02:57:59.313+0300: 768.470: Total time for which application threads were stopped: 0.0054269 seconds, Stopping threads took: 0.0001888 seconds
2024-10-04T02:57:59.643+0300: 768.802: Application time: 0.3318062 seconds
2024-10-04T02:57:59.643+0300: 768.802: [GC (Allocation Failure) 2024-10-04T02:57:59.643+0300: 768.802: [DefNew: 1125912K->7010K(1258304K), 0.0048312 secs] 1142181K->23280K(4054528K), 0.0049026 secs] [Times: user=0.00 sys=0.00, real=0.02 secs] 
2024-10-04T02:57:59.659+0300: 768.807: Total time for which application threads were stopped: 0.0052086 seconds, Stopping threads took: 0.0001863 seconds
2024-10-04T02:58:00.014+0300: 769.162: Application time: 0.3550062 seconds
2024-10-04T02:58:00.014+0300: 769.163: [GC (Allocation Failure) 2024-10-04T02:58:00.014+0300: 769.163: [DefNew: 1125538K->5719K(1258304K), 0.0046893 secs] 1141808K->21989K(4054528K), 0.0047856 secs] [Times: user=0.02 sys=0.00, real=0.01 secs] 
2024-10-04T02:58:00.020+0300: 769.168: Total time for which application threads were stopped: 0.0051570 seconds, Stopping threads took: 0.0002092 seconds
2024-10-04T02:58:00.365+0300: 769.522: Application time: 0.3545589 seconds
2024-10-04T02:58:00.365+0300: 769.522: [GC (Allocation Failure) 2024-10-04T02:58:00.365+0300: 769.522: [DefNew: 1124247K->5611K(1258304K), 0.0035246 secs] 1140517K->21881K(4054528K), 0.0035989 secs] [Times: user=0.00 sys=0.00, real=0.02 secs] 
2024-10-04T02:58:00.381+0300: 769.526: Total time for which application threads were stopped: 0.0038817 seconds, Stopping threads took: 0.0001482 seconds
2024-10-04T02:58:00.716+0300: 769.864: Application time: 0.3380022 seconds
2024-10-04T02:58:00.716+0300: 769.864: [GC (Allocation Failure) 2024-10-04T02:58:00.716+0300: 769.864: [DefNew: 1124139K->5498K(1258304K), 0.0031435 secs] 1140409K->21769K(4054528K), 0.0032131 secs] [Times: user=0.00 sys=0.00, real=0.00 secs] 
2024-10-04T02:58:00.716+0300: 769.868: Total time for which application threads were stopped: 0.0035081 seconds, Stopping threads took: 0.0001711 seconds
2024-10-04T02:58:01.056+0300: 770.207: Application time: 0.3399605 seconds
2024-10-04T02:58:01.056+0300: 770.208: [GC (Allocation Failure) 2024-10-04T02:58:01.056+0300: 770.208: [DefNew: 1124026K->7472K(1258304K), 0.0054491 secs] 1140297K->23743K(4054528K), 0.0055417 secs] [Times: user=0.02 sys=0.00, real=0.00 secs] 
2024-10-04T02:58:01.056+0300: 770.213: Total time for which application threads were stopped: 0.0059398 seconds, Stopping threads took: 0.0002416 seconds
2024-10-04T02:58:01.401+0300: 770.554: Application time: 0.3406868 seconds
2024-10-04T02:58:01.401+0300: 770.554: [GC (Allocation Failure) 2024-10-04T02:58:01.401+0300: 770.554: [DefNew: 1126000K->8439K(1258304K), 0.0054344 secs] 1142271K->24710K(4054528K), 0.0055067 secs] [Times: user=0.00 sys=0.00, real=0.00 secs] 
2024-10-04T02:58:01.401+0300: 770.560: Total time for which application threads were stopped: 0.0058119 seconds, Stopping threads took: 0.0001848 seconds
2024-10-04T02:58:01.762+0300: 770.907: Application time: 0.3473223 seconds
2024-10-04T02:58:01.762+0300: 770.907: [GC (Allocation Failure) 2024-10-04T02:58:01.762+0300: 770.908: [DefNew: 1126967K->5559K(1258304K), 0.0032002 secs] 1143238K->21830K(4054528K), 0.0032685 secs] [Times: user=0.00 sys=0.00, real=0.00 secs] 
2024-10-04T02:58:01.762+0300: 770.911: Total time for which application threads were stopped: 0.0035320 seconds, Stopping threads took: 0.0001483 seconds
2024-10-04T02:58:02.107+0300: 771.264: Application time: 0.3534136 seconds
2024-10-04T02:58:02.119+0300: 771.265: [GC (Allocation Failure) 2024-10-04T02:58:02.119+0300: 771.265: [DefNew: 1124087K->5569K(1258304K), 0.0032542 secs] 1140358K->21841K(4054528K), 0.0033432 secs] [Times: user=0.00 sys=0.00, real=0.00 secs] 
2024-10-04T02:58:02.123+0300: 771.268: Total time for which application threads were stopped: 0.0036975 seconds, Stopping threads took: 0.0002224 seconds
2024-10-04T02:58:02.452+0300: 771.604: Application time: 0.3360135 seconds
2024-10-04T02:58:02.452+0300: 771.604: [GC (Allocation Failure) 2024-10-04T02:58:02.452+0300: 771.604: [DefNew: 1124097K->6104K(1258304K), 0.0035510 secs] 1140369K->22376K(4054528K), 0.0036194 secs] [Times: user=0.00 sys=0.00, real=0.00 secs] 
2024-10-04T02:58:02.452+0300: 771.608: Total time for which application threads were stopped: 0.0039325 seconds, Stopping threads took: 0.0002016 seconds
2024-10-04T02:58:02.782+0300: 771.940: Application time: 0.3322122 seconds
2024-10-04T02:58:02.782+0300: 771.940: [GC (Allocation Failure) 2024-10-04T02:58:02.782+0300: 771.940: [DefNew: 1124632K->7257K(1258304K), 0.0045378 secs] 1140904K->23530K(4054528K), 0.0046145 secs] [Times: user=0.00 sys=0.00, real=0.01 secs] 
2024-10-04T02:58:02.797+0300: 771.945: Total time for which application threads were stopped: 0.0048859 seconds, Stopping threads took: 0.0001585 seconds
2024-10-04T02:58:03.142+0300: 772.298: Application time: 0.3532748 seconds
2024-10-04T02:58:03.142+0300: 772.299: [GC (Allocation Failure) 2024-10-04T02:58:03.142+0300: 772.299: [DefNew: 1125785K->5951K(1258304K), 0.0039279 secs] 1142058K->22224K(4054528K), 0.0040079 secs] [Times: user=0.00 sys=0.00, real=0.02 secs] 
2024-10-04T02:58:03.157+0300: 772.303: Total time for which application threads were stopped: 0.0043876 seconds, Stopping threads took: 0.0002377 seconds
2024-10-04T02:58:03.502+0300: 772.650: Application time: 0.3478445 seconds
2024-10-04T02:58:03.502+0300: 772.651: [GC (Allocation Failure) 2024-10-04T02:58:03.502+0300: 772.651: [DefNew: 1124479K->5830K(1258304K), 0.0034547 secs] 1140752K->22104K(4054528K), 0.0035179 secs] [Times: user=0.00 sys=0.00, real=0.00 secs] 
2024-10-04T02:58:03.502+0300: 772.654: Total time for which application threads were stopped: 0.0037658 seconds, Stopping threads took: 0.0001273 seconds
2024-10-04T02:58:03.832+0300: 772.991: Application time: 0.3369445 seconds
2024-10-04T02:58:03.832+0300: 772.991: [GC (Allocation Failure) 2024-10-04T02:58:03.832+0300: 772.992: [DefNew: 1124358K->5652K(1258304K), 0.0032544 secs] 1140632K->21926K(4054528K), 0.0033499 secs] [Times: user=0.00 sys=0.00, real=0.02 secs] 
2024-10-04T02:58:03.848+0300: 772.995: Total time for which application threads were stopped: 0.0036856 seconds, Stopping threads took: 0.0002061 seconds
2024-10-04T02:58:04.178+0300: 773.338: Application time: 0.3426422 seconds
2024-10-04T02:58:04.178+0300: 773.338: [GC (Allocation Failure) 2024-10-04T02:58:04.178+0300: 773.338: [DefNew: 1124180K->6024K(1258304K), 0.0034918 secs] 1140454K->22298K(4054528K), 0.0035700 secs] [Times: user=0.00 sys=0.00, real=0.02 secs] 
2024-10-04T02:58:04.194+0300: 773.341: Total time for which application threads were stopped: 0.0038189 seconds, Stopping threads took: 0.0001307 seconds
2024-10-04T02:58:04.525+0300: 773.680: Application time: 0.3388428 seconds
2024-10-04T02:58:04.525+0300: 773.680: [GC (Allocation Failure) 2024-10-04T02:58:04.525+0300: 773.680: [DefNew: 1124552K->8620K(1258304K), 0.0068291 secs] 1140826K->24894K(4054528K), 0.0068961 secs] [Times: user=0.00 sys=0.00, real=0.01 secs] 
2024-10-04T02:58:04.539+0300: 773.687: Total time for which application threads were stopped: 0.0071653 seconds, Stopping threads took: 0.0001569 seconds
2024-10-04T02:58:04.885+0300: 774.040: Application time: 0.3522099 seconds
2024-10-04T02:58:04.885+0300: 774.040: [GC (Allocation Failure) 2024-10-04T02:58:04.885+0300: 774.040: [DefNew: 1127148K->5585K(1258304K), 0.0032650 secs] 1143422K->21860K(4054528K), 0.0033526 secs] [Times: user=0.00 sys=0.00, real=0.00 secs] 
2024-10-04T02:58:04.885+0300: 774.043: Total time for which application threads were stopped: 0.0037171 seconds, Stopping threads took: 0.0002002 seconds
2024-10-04T02:58:05.245+0300: 774.392: Application time: 0.3489481 seconds
2024-10-04T02:58:05.245+0300: 774.392: [GC (Allocation Failure) 2024-10-04T02:58:05.245+0300: 774.393: [DefNew: 1124113K->5730K(1258304K), 0.0032982 secs] 1140388K->22005K(4054528K), 0.0033738 secs] [Times: user=0.00 sys=0.00, real=0.00 secs] 
2024-10-04T02:58:05.245+0300: 774.396: Total time for which application threads were stopped: 0.0036513 seconds, Stopping threads took: 0.0001567 seconds
2024-10-04T02:58:05.575+0300: 774.731: Application time: 0.3347540 seconds
2024-10-04T02:58:05.575+0300: 774.731: [GC (Allocation Failure) 2024-10-04T02:58:05.575+0300: 774.731: [DefNew: 1124258K->7351K(1258304K), 0.0050602 secs] 1140533K->23626K(4054528K), 0.0051392 secs] [Times: user=0.00 sys=0.00, real=0.02 secs] 
2024-10-04T02:58:05.591+0300: 774.736: Total time for which application threads were stopped: 0.0054655 seconds, Stopping threads took: 0.0001876 seconds
2024-10-04T02:58:05.927+0300: 775.078: Application time: 0.3423865 seconds
2024-10-04T02:58:05.927+0300: 775.079: [GC (Allocation Failure) 2024-10-04T02:58:05.927+0300: 775.079: [DefNew: 1125879K->9061K(1258304K), 0.0076483 secs] 1142154K->25336K(4054528K), 0.0077346 secs] [Times: user=0.00 sys=0.00, real=0.01 secs] 
2024-10-04T02:58:05.936+0300: 775.087: Total time for which application threads were stopped: 0.0081302 seconds, Stopping threads took: 0.0002181 seconds
2024-10-04T02:58:06.282+0300: 775.435: Application time: 0.3483018 seconds
2024-10-04T02:58:06.282+0300: 775.435: [GC (Allocation Failure) 2024-10-04T02:58:06.282+0300: 775.435: [DefNew: 1127589K->6071K(1258304K), 0.0034678 secs] 1143864K->22347K(4054528K), 0.0035417 secs] [Times: user=0.00 sys=0.00, real=0.00 secs] 
2024-10-04T02:58:06.282+0300: 775.439: Total time for which application threads were stopped: 0.0038676 seconds, Stopping threads took: 0.0001975 seconds
2024-10-04T02:58:06.629+0300: 775.783: Application time: 0.3441830 seconds
2024-10-04T02:58:06.629+0300: 775.783: [GC (Allocation Failure) 2024-10-04T02:58:06.629+0300: 775.783: [DefNew: 1124599K->5588K(1258304K), 0.0031786 secs] 1140875K->21863K(4054528K), 0.0032429 secs] [Times: user=0.00 sys=0.00, real=0.00 secs] 
2024-10-04T02:58:06.629+0300: 775.787: Total time for which application threads were stopped: 0.0035358 seconds, Stopping threads took: 0.0001790 seconds
2024-10-04T02:58:06.972+0300: 776.131: Application time: 0.3446779 seconds
2024-10-04T02:58:06.972+0300: 776.132: [GC (Allocation Failure) 2024-10-04T02:58:06.972+0300: 776.132: [DefNew: 1124116K->5660K(1258304K), 0.0032712 secs] 1140391K->21936K(4054528K), 0.0033502 secs] [Times: user=0.00 sys=0.00, real=0.02 secs] 
2024-10-04T02:58:06.987+0300: 776.135: Total time for which application threads were stopped: 0.0036919 seconds, Stopping threads took: 0.0002015 seconds
2024-10-04T02:58:07.317+0300: 776.474: Application time: 0.3393771 seconds
2024-10-04T02:58:07.317+0300: 776.475: [GC (Allocation Failure) 2024-10-04T02:58:07.317+0300: 776.475: [DefNew: 1124188K->5530K(1258304K), 0.0032031 secs] 1140464K->21806K(4054528K), 0.0033936 secs] [Times: user=0.00 sys=0.00, real=0.01 secs] 
2024-10-04T02:58:07.331+0300: 776.478: Total time for which application threads were stopped: 0.0037038 seconds, Stopping threads took: 0.0001916 seconds
2024-10-04T02:58:07.662+0300: 776.814: Application time: 0.3355843 seconds
2024-10-04T02:58:07.662+0300: 776.814: [GC (Allocation Failure) 2024-10-04T02:58:07.662+0300: 776.814: [DefNew: 1124058K->5548K(1258304K), 0.0034310 secs] 1140334K->21825K(4054528K), 0.0035012 secs] [Times: user=0.00 sys=0.00, real=0.00 secs] 
2024-10-04T02:58:07.662+0300: 776.817: Total time for which application threads were stopped: 0.0038356 seconds, Stopping threads took: 0.0002022 seconds
2024-10-04T02:58:08.023+0300: 777.174: Application time: 0.3567089 seconds
2024-10-04T02:58:08.023+0300: 777.174: [GC (Allocation Failure) 2024-10-04T02:58:08.023+0300: 777.174: [DefNew: 1124076K->5462K(1258304K), 0.0032343 secs] 1140353K->21739K(4054528K), 0.0032990 secs] [Times: user=0.00 sys=0.00, real=0.01 secs] 
2024-10-04T02:58:08.032+0300: 777.178: Total time for which application threads were stopped: 0.0036070 seconds, Stopping threads took: 0.0001786 seconds
2024-10-04T02:58:08.369+0300: 777.523: Application time: 0.3451137 seconds
2024-10-04T02:58:08.369+0300: 777.523: [GC (Allocation Failure) 2024-10-04T02:58:08.369+0300: 777.523: [DefNew: 1123990K->5660K(1258304K), 0.0033258 secs] 1140267K->21937K(4054528K), 0.0034011 secs] [Times: user=0.00 sys=0.00, real=0.00 secs] 
2024-10-04T02:58:08.369+0300: 777.527: Total time for which application threads were stopped: 0.0037418 seconds, Stopping threads took: 0.0001974 seconds
2024-10-04T02:58:08.714+0300: 777.864: Application time: 0.3372618 seconds
2024-10-04T02:58:08.714+0300: 777.864: [GC (Allocation Failure) 2024-10-04T02:58:08.714+0300: 777.864: [DefNew: 1124188K->5932K(1258304K), 0.0033456 secs] 1140465K->22209K(4054528K), 0.0034146 secs] [Times: user=0.00 sys=0.00, real=0.00 secs] 
2024-10-04T02:58:08.714+0300: 777.868: Total time for which application threads were stopped: 0.0037076 seconds, Stopping threads took: 0.0001784 seconds
2024-10-04T02:58:09.060+0300: 778.211: Application time: 0.3432731 seconds
2024-10-04T02:58:09.060+0300: 778.211: [GC (Allocation Failure) 2024-10-04T02:58:09.060+0300: 778.211: [DefNew: 1124460K->7306K(1258304K), 0.0049590 secs] 1140737K->23584K(4054528K), 0.0050356 secs] [Times: user=0.00 sys=0.00, real=0.00 secs] 
2024-10-04T02:58:09.060+0300: 778.216: Total time for which application threads were stopped: 0.0053168 seconds, Stopping threads took: 0.0001668 seconds
2024-10-04T02:58:09.405+0300: 778.556: Application time: 0.3401024 seconds
2024-10-04T02:58:09.405+0300: 778.557: [GC (Allocation Failure) 2024-10-04T02:58:09.405+0300: 778.557: [DefNew: 1125834K->9616K(1258304K), 0.0076669 secs] 1142112K->25894K(4054528K), 0.0077357 secs] [Times: user=0.00 sys=0.00, real=0.00 secs] 
2024-10-04T02:58:09.405+0300: 778.564: Total time for which application threads were stopped: 0.0080534 seconds, Stopping threads took: 0.0001949 seconds
2024-10-04T02:58:09.751+0300: 778.912: Application time: 0.3473642 seconds
2024-10-04T02:58:09.751+0300: 778.912: [GC (Allocation Failure) 2024-10-04T02:58:09.767+0300: 778.912: [DefNew: 1128144K->5586K(1258304K), 0.0032405 secs] 1144422K->21864K(4054528K), 0.0033418 secs] [Times: user=0.00 sys=0.00, real=0.02 secs] 
2024-10-04T02:58:09.767+0300: 778.915: Total time for which application threads were stopped: 0.0036598 seconds, Stopping threads took: 0.0001959 seconds
2024-10-04T02:58:10.113+0300: 779.265: Application time: 0.3497086 seconds
2024-10-04T02:58:10.113+0300: 779.265: [GC (Allocation Failure) 2024-10-04T02:58:10.113+0300: 779.265: [DefNew: 1124114K->5553K(1258304K), 0.0032764 secs] 1140392K->21832K(4054528K), 0.0033542 secs] [Times: user=0.00 sys=0.00, real=0.00 secs] 
2024-10-04T02:58:10.113+0300: 779.269: Total time for which application threads were stopped: 0.0037329 seconds, Stopping threads took: 0.0002189 seconds
2024-10-04T02:58:10.458+0300: 779.605: Application time: 0.3361855 seconds
2024-10-04T02:58:10.458+0300: 779.605: [GC (Allocation Failure) 2024-10-04T02:58:10.458+0300: 779.605: [DefNew: 1124081K->5621K(1258304K), 0.0031772 secs] 1140360K->21901K(4054528K), 0.0032437 secs] [Times: user=0.00 sys=0.00, real=0.00 secs] 
2024-10-04T02:58:10.458+0300: 779.608: Total time for which application threads were stopped: 0.0034798 seconds, Stopping threads took: 0.0001226 seconds
2024-10-04T02:58:10.788+0300: 779.944: Application time: 0.3358484 seconds
2024-10-04T02:58:10.788+0300: 779.945: [GC (Allocation Failure) 2024-10-04T02:58:10.788+0300: 779.945: [DefNew: 1124149K->8634K(1258304K), 0.0056617 secs] 1140429K->24914K(4054528K), 0.0057284 secs] [Times: user=0.00 sys=0.00, real=0.01 secs] 
2024-10-04T02:58:10.803+0300: 779.950: Total time for which application threads were stopped: 0.0060513 seconds, Stopping threads took: 0.0001945 seconds
2024-10-04T02:58:11.149+0300: 780.303: Application time: 0.3525834 seconds
2024-10-04T02:58:11.149+0300: 780.303: [GC (Allocation Failure) 2024-10-04T02:58:11.149+0300: 780.303: [DefNew: 1127162K->5758K(1258304K), 0.0034036 secs] 1143442K->22038K(4054528K), 0.0034789 secs] [Times: user=0.00 sys=0.00, real=0.00 secs] 
2024-10-04T02:58:11.149+0300: 780.307: Total time for which application threads were stopped: 0.0037843 seconds, Stopping threads took: 0.0001774 seconds
2024-10-04T02:58:11.494+0300: 780.651: Application time: 0.3438567 seconds
2024-10-04T02:58:11.494+0300: 780.651: [GC (Allocation Failure) 2024-10-04T02:58:11.494+0300: 780.651: [DefNew: 1124286K->5486K(1258304K), 0.0031871 secs] 1140566K->21767K(4054528K), 0.0032570 secs] [Times: user=0.00 sys=0.00, real=0.00 secs] 
2024-10-04T02:58:11.494+0300: 780.654: Total time for which application threads were stopped: 0.0035303 seconds, Stopping threads took: 0.0001448 seconds
2024-10-04T02:58:11.841+0300: 780.994: Application time: 0.3398118 seconds
2024-10-04T02:58:11.841+0300: 780.994: [GC (Allocation Failure) 2024-10-04T02:58:11.841+0300: 780.994: [DefNew: 1124014K->5730K(1258304K), 0.0032868 secs] 1140295K->22011K(4054528K), 0.0033587 secs] [Times: user=0.00 sys=0.00, real=0.00 secs] 
2024-10-04T02:58:11.841+0300: 780.998: Total time for which application threads were stopped: 0.0036564 seconds, Stopping threads took: 0.0001787 seconds
2024-10-04T02:58:12.185+0300: 781.344: Application time: 0.3459279 seconds
2024-10-04T02:58:12.185+0300: 781.344: [GC (Allocation Failure) 2024-10-04T02:58:12.185+0300: 781.344: [DefNew: 1124258K->6172K(1258304K), 0.0036635 secs] 1140539K->22452K(4054528K), 0.0037402 secs] [Times: user=0.00 sys=0.00, real=0.02 secs] 
2024-10-04T02:58:12.201+0300: 781.348: Total time for which application threads were stopped: 0.0040279 seconds, Stopping threads took: 0.0001474 seconds
2024-10-04T02:58:12.530+0300: 781.685: Application time: 0.3370794 seconds
2024-10-04T02:58:12.530+0300: 781.685: [GC (Allocation Failure) 2024-10-04T02:58:12.530+0300: 781.685: [DefNew: 1124700K->7178K(1258304K), 0.0049195 secs] 1140980K->23459K(4054528K), 0.0049861 secs] [Times: user=0.00 sys=0.00, real=0.01 secs] 
2024-10-04T02:58:12.543+0300: 781.690: Total time for which application threads were stopped: 0.0053053 seconds, Stopping threads took: 0.0002008 seconds
2024-10-04T02:58:12.891+0300: 782.038: Application time: 0.3479312 seconds
2024-10-04T02:58:12.891+0300: 782.038: [GC (Allocation Failure) 2024-10-04T02:58:12.891+0300: 782.038: [DefNew: 1125706K->5738K(1258304K), 0.0040599 secs] 1141987K->22019K(4054528K), 0.0041374 secs] [Times: user=0.00 sys=0.00, real=0.00 secs] 
2024-10-04T02:58:12.891+0300: 782.042: Total time for which application threads were stopped: 0.0044140 seconds, Stopping threads took: 0.0001379 seconds
2024-10-04T02:58:13.245+0300: 782.391: Application time: 0.3490549 seconds
2024-10-04T02:58:13.245+0300: 782.392: [GC (Allocation Failure) 2024-10-04T02:58:13.245+0300: 782.392: [DefNew: 1124266K->5486K(1258304K), 0.0031499 secs] 1140547K->21768K(4054528K), 0.0032250 secs] [Times: user=0.00 sys=0.00, real=0.00 secs] 
2024-10-04T02:58:13.245+0300: 782.395: Total time for which application threads were stopped: 0.0035006 seconds, Stopping threads took: 0.0001492 seconds
2024-10-04T02:58:13.583+0300: 782.734: Application time: 0.3392280 seconds
2024-10-04T02:58:13.583+0300: 782.734: [GC (Allocation Failure) 2024-10-04T02:58:13.583+0300: 782.734: [DefNew: 1124014K->5689K(1258304K), 0.0033339 secs] 1140296K->21971K(4054528K), 0.0034136 secs] [Times: user=0.00 sys=0.00, real=0.00 secs] 
2024-10-04T02:58:13.583+0300: 782.738: Total time for which application threads were stopped: 0.0037437 seconds, Stopping threads took: 0.0001790 seconds
2024-10-04T02:58:13.928+0300: 783.082: Application time: 0.3438196 seconds
2024-10-04T02:58:13.928+0300: 783.082: [GC (Allocation Failure) 2024-10-04T02:58:13.928+0300: 783.082: [DefNew: 1124217K->6394K(1258304K), 0.0038009 secs] 1140499K->22676K(4054528K), 0.0038842 secs] [Times: user=0.00 sys=0.00, real=0.00 secs] 
2024-10-04T02:58:13.928+0300: 783.086: Total time for which application threads were stopped: 0.0041670 seconds, Stopping threads took: 0.0001563 seconds
2024-10-04T02:58:14.274+0300: 783.421: Application time: 0.3349395 seconds
2024-10-04T02:58:14.274+0300: 783.421: [GC (Allocation Failure) 2024-10-04T02:58:14.274+0300: 783.421: [DefNew: 1124922K->6494K(1258304K), 0.0036915 secs] 1141204K->22777K(4054528K), 0.0037669 secs] [Times: user=0.00 sys=0.00, real=0.00 secs] 
2024-10-04T02:58:14.274+0300: 783.425: Total time for which application threads were stopped: 0.0040798 seconds, Stopping threads took: 0.0001862 seconds
2024-10-04T02:58:14.619+0300: 783.776: Application time: 0.3512717 seconds
2024-10-04T02:58:14.619+0300: 783.776: [GC (Allocation Failure) 2024-10-04T02:58:14.619+0300: 783.776: [DefNew: 1125022K->5754K(1258304K), 0.0034578 secs] 1141305K->22037K(4054528K), 0.0035284 secs] [Times: user=0.00 sys=0.00, real=0.02 secs] 
2024-10-04T02:58:14.634+0300: 783.780: Total time for which application threads were stopped: 0.0038561 seconds, Stopping threads took: 0.0001727 seconds
2024-10-04T02:58:14.979+0300: 784.132: Application time: 0.3524625 seconds
2024-10-04T02:58:14.979+0300: 784.133: [GC (Allocation Failure) 2024-10-04T02:58:14.979+0300: 784.133: [DefNew: 1124282K->5706K(1258304K), 0.0034206 secs] 1140565K->21989K(4054528K), 0.0034950 secs] [Times: user=0.00 sys=0.00, real=0.00 secs] 
2024-10-04T02:58:14.979+0300: 784.136: Total time for which application threads were stopped: 0.0038407 seconds, Stopping threads took: 0.0002128 seconds
2024-10-04T02:58:15.324+0300: 784.471: Application time: 0.3345667 seconds
2024-10-04T02:58:15.324+0300: 784.471: [GC (Allocation Failure) 2024-10-04T02:58:15.324+0300: 784.471: [DefNew: 1124234K->5683K(1258304K), 0.0033469 secs] 1140517K->21967K(4054528K), 0.0034169 secs] [Times: user=0.00 sys=0.00, real=0.00 secs] 
2024-10-04T02:58:15.324+0300: 784.475: Total time for which application threads were stopped: 0.0037150 seconds, Stopping threads took: 0.0001751 seconds
2024-10-04T02:58:15.663+0300: 784.808: Application time: 0.3335448 seconds
2024-10-04T02:58:15.663+0300: 784.808: [GC (Allocation Failure) 2024-10-04T02:58:15.663+0300: 784.808: [DefNew: 1124211K->6343K(1258304K), 0.0037956 secs] 1140495K->22627K(4054528K), 0.0038673 secs] [Times: user=0.00 sys=0.00, real=0.00 secs] 
2024-10-04T02:58:15.665+0300: 784.812: Total time for which application threads were stopped: 0.0041786 seconds, Stopping threads took: 0.0001809 seconds
2024-10-04T02:58:15.999+0300: 785.159: Application time: 0.3465040 seconds
2024-10-04T02:58:15.999+0300: 785.159: [GC (Allocation Failure) 2024-10-04T02:58:15.999+0300: 785.159: [DefNew: 1124871K->7616K(1258304K), 0.0056029 secs] 1141155K->23900K(4054528K), 0.0056750 secs] [Times: user=0.00 sys=0.00, real=0.02 secs] 
2024-10-04T02:58:16.015+0300: 785.165: Total time for which application threads were stopped: 0.0059963 seconds, Stopping threads took: 0.0001918 seconds
2024-10-04T02:58:16.360+0300: 785.508: Application time: 0.3434182 seconds
2024-10-04T02:58:16.360+0300: 785.509: [GC (Allocation Failure) 2024-10-04T02:58:16.360+0300: 785.509: [DefNew: 1126144K->5545K(1258304K), 0.0032292 secs] 1142428K->21830K(4054528K), 0.0033160 secs] [Times: user=0.00 sys=0.00, real=0.00 secs] 
2024-10-04T02:58:16.360+0300: 785.512: Total time for which application threads were stopped: 0.0036207 seconds, Stopping threads took: 0.0001678 seconds
2024-10-04T02:58:16.706+0300: 785.853: Application time: 0.3410738 seconds
2024-10-04T02:58:16.706+0300: 785.853: [GC (Allocation Failure) 2024-10-04T02:58:16.706+0300: 785.853: [DefNew: 1124073K->5540K(1258304K), 0.0031408 secs] 1140358K->21825K(4054528K), 0.0032080 secs] [Times: user=0.00 sys=0.00, real=0.00 secs] 
2024-10-04T02:58:16.706+0300: 785.856: Total time for which application threads were stopped: 0.0035132 seconds, Stopping threads took: 0.0001846 seconds
2024-10-04T02:58:17.054+0300: 786.201: Application time: 0.3445375 seconds
2024-10-04T02:58:17.054+0300: 786.201: [GC (Allocation Failure) 2024-10-04T02:58:17.054+0300: 786.201: [DefNew: 1124068K->7613K(1258304K), 0.0050663 secs] 1140353K->23899K(4054528K), 0.0051501 secs] [Times: user=0.00 sys=0.00, real=0.00 secs] 
2024-10-04T02:58:17.054+0300: 786.206: Total time for which application threads were stopped: 0.0054346 seconds, Stopping threads took: 0.0001415 seconds
2024-10-04T02:58:17.381+0300: 786.538: Application time: 0.3314332 seconds
2024-10-04T02:58:17.381+0300: 786.538: [GC (Allocation Failure) 2024-10-04T02:58:17.381+0300: 786.538: [DefNew: 1126141K->6646K(1258304K), 0.0039584 secs] 1142427K->22932K(4054528K), 0.0040220 secs] [Times: user=0.00 sys=0.00, real=0.01 secs] 
2024-10-04T02:58:17.396+0300: 786.542: Total time for which application threads were stopped: 0.0043092 seconds, Stopping threads took: 0.0001813 seconds
2024-10-04T02:58:17.742+0300: 786.889: Application time: 0.3464362 seconds
2024-10-04T02:58:17.742+0300: 786.889: [GC (Allocation Failure) 2024-10-04T02:58:17.742+0300: 786.889: [DefNew: 1125174K->5640K(1258304K), 0.0033097 secs] 1141460K->21926K(4054528K), 0.0033776 secs] [Times: user=0.00 sys=0.00, real=0.00 secs] 
2024-10-04T02:58:17.742+0300: 786.892: Total time for which application threads were stopped: 0.0036793 seconds, Stopping threads took: 0.0001757 seconds
2024-10-04T02:58:18.087+0300: 787.246: Application time: 0.3537919 seconds
2024-10-04T02:58:18.087+0300: 787.246: [GC (Allocation Failure) 2024-10-04T02:58:18.087+0300: 787.246: [DefNew: 1124168K->5572K(1258304K), 0.0034179 secs] 1140454K->21858K(4054528K), 0.0035016 secs] [Times: user=0.00 sys=0.00, real=0.02 secs] 
2024-10-04T02:58:18.103+0300: 787.250: Total time for which application threads were stopped: 0.0038180 seconds, Stopping threads took: 0.0001242 seconds
2024-10-04T02:58:18.433+0300: 787.587: Application time: 0.3374157 seconds
2024-10-04T02:58:18.433+0300: 787.588: [GC (Allocation Failure) 2024-10-04T02:58:18.433+0300: 787.588: [DefNew: 1124100K->5719K(1258304K), 0.0037045 secs] 1140386K->22006K(4054528K), 0.0037918 secs] [Times: user=0.00 sys=0.00, real=0.00 secs] 
2024-10-04T02:58:18.433+0300: 787.591: Total time for which application threads were stopped: 0.0041035 seconds, Stopping threads took: 0.0001680 seconds
2024-10-04T02:58:18.779+0300: 787.927: Application time: 0.3351209 seconds
2024-10-04T02:58:18.779+0300: 787.927: [GC (Allocation Failure) 2024-10-04T02:58:18.779+0300: 787.927: [DefNew: 1124247K->8292K(1258304K), 0.0056332 secs] 1140534K->24579K(4054528K), 0.0057058 secs] [Times: user=0.00 sys=0.00, real=0.00 secs] 
2024-10-04T02:58:18.779+0300: 787.933: Total time for which application threads were stopped: 0.0060142 seconds, Stopping threads took: 0.0001803 seconds
2024-10-04T02:58:19.124+0300: 788.278: Application time: 0.3451818 seconds
2024-10-04T02:58:19.124+0300: 788.278: [GC (Allocation Failure) 2024-10-04T02:58:19.124+0300: 788.278: [DefNew: 1126820K->7426K(1258304K), 0.0052183 secs] 1143107K->23713K(4054528K), 0.0052938 secs] [Times: user=0.00 sys=0.00, real=0.00 secs] 
2024-10-04T02:58:19.124+0300: 788.283: Total time for which application threads were stopped: 0.0056270 seconds, Stopping threads took: 0.0001905 seconds
2024-10-04T02:58:19.485+0300: 788.632: Application time: 0.3486192 seconds
2024-10-04T02:58:19.485+0300: 788.632: [GC (Allocation Failure) 2024-10-04T02:58:19.485+0300: 788.632: [DefNew: 1125954K->5482K(1258304K), 0.0031783 secs] 1142241K->21770K(4054528K), 0.0032465 secs] [Times: user=0.00 sys=0.00, real=0.00 secs] 
2024-10-04T02:58:19.485+0300: 788.636: Total time for which application threads were stopped: 0.0035457 seconds, Stopping threads took: 0.0001611 seconds
2024-10-04T02:58:19.830+0300: 788.982: Application time: 0.3462284 seconds
2024-10-04T02:58:19.830+0300: 788.982: [GC (Allocation Failure) 2024-10-04T02:58:19.830+0300: 788.982: [DefNew: 1124010K->5588K(1258304K), 0.0031462 secs] 1140298K->21876K(4054528K), 0.0032132 secs] [Times: user=0.00 sys=0.00, real=0.00 secs] 
2024-10-04T02:58:19.830+0300: 788.985: Total time for which application threads were stopped: 0.0035193 seconds, Stopping threads took: 0.0001841 seconds
2024-10-04T02:58:20.176+0300: 789.326: Application time: 0.3407223 seconds
2024-10-04T02:58:20.176+0300: 789.326: [GC (Allocation Failure) 2024-10-04T02:58:20.176+0300: 789.326: [DefNew: 1124116K->5568K(1258304K), 0.0032138 secs] 1140404K->21856K(4054528K), 0.0032934 secs] [Times: user=0.00 sys=0.00, real=0.00 secs] 
2024-10-04T02:58:20.176+0300: 789.330: Total time for which application threads were stopped: 0.0035942 seconds, Stopping threads took: 0.0001695 seconds
2024-10-04T02:58:20.520+0300: 789.667: Application time: 0.3370224 seconds
2024-10-04T02:58:20.520+0300: 789.667: [GC (Allocation Failure) 2024-10-04T02:58:20.520+0300: 789.667: [DefNew: 1124096K->10268K(1258304K), 0.0077647 secs] 1140384K->26556K(4054528K), 0.0078494 secs] [Times: user=0.00 sys=0.00, real=0.00 secs] 
2024-10-04T02:58:20.520+0300: 789.675: Total time for which application threads were stopped: 0.0081033 seconds, Stopping threads took: 0.0001355 seconds
2024-10-04T02:58:20.866+0300: 790.024: Application time: 0.3493195 seconds
2024-10-04T02:58:20.866+0300: 790.024: [GC (Allocation Failure) 2024-10-04T02:58:20.866+0300: 790.024: [DefNew: 1128796K->5808K(1258304K), 0.0037260 secs] 1145084K->22097K(4054528K), 0.0037976 secs] [Times: user=0.02 sys=0.00, real=0.02 secs] 
2024-10-04T02:58:20.882+0300: 790.028: Total time for which application threads were stopped: 0.0041091 seconds, Stopping threads took: 0.0001771 seconds
2024-10-04T02:58:21.227+0300: 790.381: Application time: 0.3524194 seconds
2024-10-04T02:58:21.227+0300: 790.381: [GC (Allocation Failure) 2024-10-04T02:58:21.227+0300: 790.381: [DefNew: 1124336K->5474K(1258304K), 0.0032141 secs] 1140625K->21763K(4054528K), 0.0032886 secs] [Times: user=0.00 sys=0.00, real=0.00 secs] 
2024-10-04T02:58:21.227+0300: 790.384: Total time for which application threads were stopped: 0.0036546 seconds, Stopping threads took: 0.0002295 seconds
2024-10-04T02:58:21.573+0300: 790.722: Application time: 0.3377526 seconds
2024-10-04T02:58:21.573+0300: 790.722: [GC (Allocation Failure) 2024-10-04T02:58:21.573+0300: 790.722: [DefNew: 1124002K->5441K(1258304K), 0.0030232 secs] 1140291K->21730K(4054528K), 0.0030892 secs] [Times: user=0.00 sys=0.00, real=0.00 secs] 
2024-10-04T02:58:21.573+0300: 790.725: Total time for which application threads were stopped: 0.0033950 seconds, Stopping threads took: 0.0001890 seconds
2024-10-04T02:58:21.918+0300: 791.067: Application time: 0.3413293 seconds
2024-10-04T02:58:21.918+0300: 791.067: [GC (Allocation Failure) 2024-10-04T02:58:21.918+0300: 791.067: [DefNew: 1123969K->7437K(1258304K), 0.0051045 secs] 1140258K->23727K(4054528K), 0.0051824 secs] [Times: user=0.01 sys=0.00, real=0.00 secs] 
2024-10-04T02:58:21.918+0300: 791.072: Total time for which application threads were stopped: 0.0055142 seconds, Stopping threads took: 0.0001757 seconds
2024-10-04T02:58:22.266+0300: 791.412: Application time: 0.3392305 seconds
2024-10-04T02:58:22.266+0300: 791.412: [GC (Allocation Failure) 2024-10-04T02:58:22.266+0300: 791.412: [DefNew: 1125965K->9096K(1258304K), 0.0067754 secs] 1142255K->25386K(4054528K), 0.0068535 secs] [Times: user=0.00 sys=0.00, real=0.00 secs] 
2024-10-04T02:58:22.266+0300: 791.419: Total time for which application threads were stopped: 0.0071132 seconds, Stopping threads took: 0.0001376 seconds
2024-10-04T02:58:22.608+0300: 791.767: Application time: 0.3486554 seconds
2024-10-04T02:58:22.608+0300: 791.768: [GC (Allocation Failure) 2024-10-04T02:58:22.608+0300: 791.768: [DefNew: 1127624K->5462K(1258304K), 0.0031145 secs] 1143914K->21752K(4054528K), 0.0031806 secs] [Times: user=0.00 sys=0.00, real=0.02 secs] 
2024-10-04T02:58:22.624+0300: 791.771: Total time for which application threads were stopped: 0.0034852 seconds, Stopping threads took: 0.0001854 seconds
2024-10-04T02:58:22.969+0300: 792.124: Application time: 0.3534135 seconds
2024-10-04T02:58:22.969+0300: 792.124: [GC (Allocation Failure) 2024-10-04T02:58:22.969+0300: 792.124: [DefNew: 1123990K->5656K(1258304K), 0.0031994 secs] 1140280K->21946K(4054528K), 0.0032691 secs] [Times: user=0.00 sys=0.00, real=0.00 secs] 
2024-10-04T02:58:22.969+0300: 792.128: Total time for which application threads were stopped: 0.0035549 seconds, Stopping threads took: 0.0001672 seconds
2024-10-04T02:58:23.314+0300: 792.465: Application time: 0.3369381 seconds
2024-10-04T02:58:23.314+0300: 792.465: [GC (Allocation Failure) 2024-10-04T02:58:23.314+0300: 792.465: [DefNew: 1124184K->5612K(1258304K), 0.0032821 secs] 1140474K->21903K(4054528K), 0.0033597 secs] [Times: user=0.00 sys=0.00, real=0.00 secs] 
2024-10-04T02:58:23.314+0300: 792.468: Total time for which application threads were stopped: 0.0036475 seconds, Stopping threads took: 0.0001591 seconds
2024-10-04T02:58:23.644+0300: 792.802: Application time: 0.3336542 seconds
2024-10-04T02:58:23.644+0300: 792.802: [GC (Allocation Failure) 2024-10-04T02:58:23.644+0300: 792.802: [DefNew: 1124140K->9122K(1258304K), 0.0072711 secs] 1140431K->25414K(4054528K), 0.0073431 secs] [Times: user=0.00 sys=0.00, real=0.02 secs] 
2024-10-04T02:58:23.660+0300: 792.810: Total time for which application threads were stopped: 0.0076178 seconds, Stopping threads took: 0.0001593 seconds
2024-10-04T02:58:24.005+0300: 793.162: Application time: 0.3520488 seconds
2024-10-04T02:58:24.005+0300: 793.162: [GC (Allocation Failure) 2024-10-04T02:58:24.005+0300: 793.162: [DefNew: 1127650K->7506K(1258304K), 0.0054589 secs] 1143942K->23797K(4054528K), 0.0055384 secs] [Times: user=0.00 sys=0.00, real=0.02 secs] 
2024-10-04T02:58:24.021+0300: 793.168: Total time for which application threads were stopped: 0.0058878 seconds, Stopping threads took: 0.0002151 seconds
2024-10-04T02:58:24.366+0300: 793.514: Application time: 0.3466412 seconds
2024-10-04T02:58:24.366+0300: 793.514: [GC (Allocation Failure) 2024-10-04T02:58:24.366+0300: 793.514: [DefNew: 1126034K->5602K(1258304K), 0.0032456 secs] 1142325K->21894K(4054528K), 0.0033158 secs] [Times: user=0.00 sys=0.00, real=0.01 secs] 
2024-10-04T02:58:24.371+0300: 793.518: Total time for which application threads were stopped: 0.0035861 seconds, Stopping threads took: 0.0001538 seconds
2024-10-04T02:58:24.711+0300: 793.859: Application time: 0.3411728 seconds
2024-10-04T02:58:24.711+0300: 793.859: [GC (Allocation Failure) 2024-10-04T02:58:24.711+0300: 793.859: [DefNew: 1124130K->5546K(1258304K), 0.0031657 secs] 1140422K->21839K(4054528K), 0.0032376 secs] [Times: user=0.00 sys=0.00, real=0.00 secs] 
2024-10-04T02:58:24.711+0300: 793.862: Total time for which application threads were stopped: 0.0034678 seconds, Stopping threads took: 0.0001215 seconds
2024-10-04T02:58:25.056+0300: 794.204: Application time: 0.3418276 seconds
2024-10-04T02:58:25.056+0300: 794.205: [GC (Allocation Failure) 2024-10-04T02:58:25.056+0300: 794.205: [DefNew: 1124074K->5589K(1258304K), 0.0032879 secs] 1140367K->21881K(4054528K), 0.0033677 secs] [Times: user=0.00 sys=0.00, real=0.00 secs] 
2024-10-04T02:58:25.056+0300: 794.208: Total time for which application threads were stopped: 0.0036507 seconds, Stopping threads took: 0.0001505 seconds
2024-10-04T02:58:25.402+0300: 794.550: Application time: 0.3419634 seconds
2024-10-04T02:58:25.402+0300: 794.550: [GC (Allocation Failure) 2024-10-04T02:58:25.402+0300: 794.550: [DefNew: 1124117K->5633K(1258304K), 0.0031196 secs] 1140409K->21926K(4054528K), 0.0031869 secs] [Times: user=0.00 sys=0.00, real=0.00 secs] 
2024-10-04T02:58:25.402+0300: 794.553: Total time for which application threads were stopped: 0.0034533 seconds, Stopping threads took: 0.0001612 seconds
2024-10-04T02:58:25.747+0300: 794.903: Application time: 0.3494486 seconds
2024-10-04T02:58:25.747+0300: 794.903: [GC (Allocation Failure) 2024-10-04T02:58:25.747+0300: 794.903: [DefNew: 1124161K->5537K(1258304K), 0.0031940 secs] 1140454K->21830K(4054528K), 0.0032640 secs] [Times: user=0.00 sys=0.00, real=0.00 secs] 
2024-10-04T02:58:25.747+0300: 794.906: Total time for which application threads were stopped: 0.0035665 seconds, Stopping threads took: 0.0001833 seconds
2024-10-04T02:58:26.108+0300: 795.259: Application time: 0.3522475 seconds
2024-10-04T02:58:26.108+0300: 795.259: [GC (Allocation Failure) 2024-10-04T02:58:26.108+0300: 795.259: [DefNew: 1124065K->5653K(1258304K), 0.0038765 secs] 1140358K->21946K(4054528K), 0.0039649 secs] [Times: user=0.00 sys=0.00, real=0.00 secs] 
2024-10-04T02:58:26.108+0300: 795.263: Total time for which application threads were stopped: 0.0043293 seconds, Stopping threads took: 0.0001866 seconds
2024-10-04T02:58:26.453+0300: 795.601: Application time: 0.3385000 seconds
2024-10-04T02:58:26.453+0300: 795.602: [GC (Allocation Failure) 2024-10-04T02:58:26.453+0300: 795.602: [DefNew: 1124181K->5585K(1258304K), 0.0032333 secs] 1140474K->21878K(4054528K), 0.0033171 secs] [Times: user=0.00 sys=0.00, real=0.00 secs] 
2024-10-04T02:58:26.453+0300: 795.605: Total time for which application threads were stopped: 0.0036172 seconds, Stopping threads took: 0.0001577 seconds
2024-10-04T02:58:26.783+0300: 795.936: Application time: 0.3304909 seconds
2024-10-04T02:58:26.783+0300: 795.936: [GC (Allocation Failure) 2024-10-04T02:58:26.783+0300: 795.936: [DefNew: 1124113K->9074K(1258304K), 0.0075753 secs] 1140406K->25368K(4054528K), 0.0076461 secs] [Times: user=0.00 sys=0.00, real=0.00 secs] 
2024-10-04T02:58:26.783+0300: 795.943: Total time for which application threads were stopped: 0.0079228 seconds, Stopping threads took: 0.0001660 seconds
2024-10-04T02:58:27.144+0300: 796.302: Application time: 0.3583357 seconds
2024-10-04T02:58:27.144+0300: 796.302: [GC (Allocation Failure) 2024-10-04T02:58:27.144+0300: 796.304: [DefNew: 1127602K->5715K(1258304K), 0.0032104 secs] 1143896K->22009K(4054528K), 0.0054041 secs] [Times: user=0.00 sys=0.00, real=0.02 secs] 
2024-10-04T02:58:27.160+0300: 796.308: Total time for which application threads were stopped: 0.0057252 seconds, Stopping threads took: 0.0002050 seconds
2024-10-04T02:58:27.506+0300: 796.655: Application time: 0.3472166 seconds
2024-10-04T02:58:27.506+0300: 796.655: [GC (Allocation Failure) 2024-10-04T02:58:27.506+0300: 796.655: [DefNew: 1124243K->5688K(1258304K), 0.0033285 secs] 1140537K->21983K(4054528K), 0.0034222 secs] [Times: user=0.00 sys=0.00, real=0.00 secs] 
2024-10-04T02:58:27.506+0300: 796.658: Total time for which application threads were stopped: 0.0037000 seconds, Stopping threads took: 0.0001454 seconds
2024-10-04T02:58:27.851+0300: 797.002: Application time: 0.3432354 seconds
2024-10-04T02:58:27.851+0300: 797.002: [GC (Allocation Failure) 2024-10-04T02:58:27.851+0300: 797.002: [DefNew: 1124216K->5766K(1258304K), 0.0037915 secs] 1140511K->22061K(4054528K), 0.0038856 secs] [Times: user=0.02 sys=0.00, real=0.00 secs] 
2024-10-04T02:58:27.851+0300: 797.006: Total time for which application threads were stopped: 0.0041782 seconds, Stopping threads took: 0.0001549 seconds
2024-10-04T02:58:28.196+0300: 797.348: Application time: 0.3420527 seconds
2024-10-04T02:58:28.196+0300: 797.348: [GC (Allocation Failure) 2024-10-04T02:58:28.196+0300: 797.348: [DefNew: 1124294K->6052K(1258304K), 0.0035647 secs] 1140589K->22348K(4054528K), 0.0036470 secs] [Times: user=0.00 sys=0.00, real=0.00 secs] 
2024-10-04T02:58:28.196+0300: 797.352: Total time for which application threads were stopped: 0.0039284 seconds, Stopping threads took: 0.0001644 seconds
2024-10-04T02:58:28.541+0300: 797.687: Application time: 0.3346985 seconds
2024-10-04T02:58:28.541+0300: 797.687: [GC (Allocation Failure) 2024-10-04T02:58:28.541+0300: 797.687: [DefNew: 1124580K->6029K(1258304K), 0.0033433 secs] 1140876K->22324K(4054528K), 0.0034130 secs] [Times: user=0.00 sys=0.00, real=0.00 secs] 
2024-10-04T02:58:28.541+0300: 797.690: Total time for which application threads were stopped: 0.0037212 seconds, Stopping threads took: 0.0001814 seconds
2024-10-04T02:58:28.887+0300: 798.044: Application time: 0.3532799 seconds
2024-10-04T02:58:28.887+0300: 798.044: [GC (Allocation Failure) 2024-10-04T02:58:28.887+0300: 798.044: [DefNew: 1124557K->5640K(1258304K), 0.0033896 secs] 1140852K->21935K(4054528K), 0.0034792 secs] [Times: user=0.00 sys=0.00, real=0.01 secs] 
2024-10-04T02:58:28.902+0300: 798.048: Total time for which application threads were stopped: 0.0039917 seconds, Stopping threads took: 0.0003517 seconds
2024-10-04T02:58:29.248+0300: 798.396: Application time: 0.3480864 seconds
2024-10-04T02:58:29.248+0300: 798.396: [GC (Allocation Failure) 2024-10-04T02:58:29.248+0300: 798.396: [DefNew: 1124168K->5742K(1258304K), 0.0034279 secs] 1140463K->22038K(4054528K), 0.0034971 secs] [Times: user=0.00 sys=0.00, real=0.00 secs] 
2024-10-04T02:58:29.248+0300: 798.399: Total time for which application threads were stopped: 0.0038030 seconds, Stopping threads took: 0.0001801 seconds
2024-10-04T02:58:29.584+0300: 798.736: Application time: 0.3369304 seconds
2024-10-04T02:58:29.584+0300: 798.737: [GC (Allocation Failure) 2024-10-04T02:58:29.584+0300: 798.737: [DefNew: 1124270K->5579K(1258304K), 0.0038319 secs] 1140566K->21875K(4054528K), 0.0039281 secs] [Times: user=0.00 sys=0.00, real=0.01 secs] 
2024-10-04T02:58:29.593+0300: 798.741: Total time for which application threads were stopped: 0.0043023 seconds, Stopping threads took: 0.0002380 seconds
2024-10-04T02:58:29.938+0300: 799.099: Application time: 0.3582686 seconds
2024-10-04T02:58:29.954+0300: 799.099: [GC (Allocation Failure) 2024-10-04T02:58:29.954+0300: 799.099: [DefNew: 1124107K->5817K(1258304K), 0.0034914 secs] 1140403K->22114K(4054528K), 0.0035654 secs] [Times: user=0.00 sys=0.00, real=0.00 secs] 
2024-10-04T02:58:29.954+0300: 799.103: Total time for which application threads were stopped: 0.0039191 seconds, Stopping threads took: 0.0002273 seconds
2024-10-04T02:58:30.314+0300: 799.462: Application time: 0.3592278 seconds
2024-10-04T02:58:30.314+0300: 799.463: [GC (Allocation Failure) 2024-10-04T02:58:30.314+0300: 799.463: [DefNew: 1124345K->7410K(1258304K), 0.0064300 secs] 1140642K->23707K(4054528K), 0.0064939 secs] [Times: user=0.00 sys=0.00, real=0.00 secs] 
2024-10-04T02:58:30.314+0300: 799.469: Total time for which application threads were stopped: 0.0069001 seconds, Stopping threads took: 0.0002505 seconds
2024-10-04T02:58:30.674+0300: 799.831: Application time: 0.3616501 seconds
2024-10-04T02:58:30.674+0300: 799.831: [GC (Allocation Failure) 2024-10-04T02:58:30.674+0300: 799.831: [DefNew: 1125938K->5510K(1258304K), 0.0034425 secs] 1142235K->21808K(4054528K), 0.0035137 secs] [Times: user=0.02 sys=0.00, real=0.01 secs] 
2024-10-04T02:58:30.687+0300: 799.835: Total time for which application threads were stopped: 0.0038718 seconds, Stopping threads took: 0.0002031 seconds
2024-10-04T02:58:31.051+0300: 800.200: Application time: 0.3654355 seconds
2024-10-04T02:58:31.051+0300: 800.200: [GC (Allocation Failure) 2024-10-04T02:58:31.051+0300: 800.200: [DefNew: 1124038K->5626K(1258304K), 0.0038409 secs] 1140336K->21924K(4054528K), 0.0039099 secs] [Times: user=0.00 sys=0.00, real=0.00 secs] 
2024-10-04T02:58:31.051+0300: 800.204: Total time for which application threads were stopped: 0.0042266 seconds, Stopping threads took: 0.0001657 seconds
2024-10-04T02:58:31.397+0300: 800.546: Application time: 0.3413432 seconds
2024-10-04T02:58:31.397+0300: 800.546: [GC (Allocation Failure) 2024-10-04T02:58:31.397+0300: 800.546: [DefNew: 1124154K->6762K(1258304K), 0.0045829 secs] 1140452K->23060K(4054528K), 0.0046748 secs] [Times: user=0.00 sys=0.00, real=0.00 secs] 
2024-10-04T02:58:31.397+0300: 800.551: Total time for which application threads were stopped: 0.0049582 seconds, Stopping threads took: 0.0001600 seconds
2024-10-04T02:58:31.743+0300: 800.895: Application time: 0.3444374 seconds
2024-10-04T02:58:31.743+0300: 800.895: [GC (Allocation Failure) 2024-10-04T02:58:31.743+0300: 800.895: [DefNew: 1125290K->7600K(1258304K), 0.0062133 secs] 1141588K->23899K(4054528K), 0.0062882 secs] [Times: user=0.00 sys=0.00, real=0.00 secs] 
2024-10-04T02:58:31.743+0300: 800.902: Total time for which application threads were stopped: 0.0066421 seconds, Stopping threads took: 0.0002010 seconds
2024-10-04T02:58:32.120+0300: 801.275: Application time: 0.3737007 seconds
2024-10-04T02:58:32.120+0300: 801.276: [GC (Allocation Failure) 2024-10-04T02:58:32.120+0300: 801.276: [DefNew: 1126128K->5878K(1258304K), 0.0040576 secs] 1142427K->22176K(4054528K), 0.0041194 secs] [Times: user=0.00 sys=0.00, real=0.00 secs] 
2024-10-04T02:58:32.120+0300: 801.280: Total time for which application threads were stopped: 0.0044208 seconds, Stopping threads took: 0.0001761 seconds
2024-10-04T02:58:32.491+0300: 801.640: Application time: 0.3599556 seconds
2024-10-04T02:58:32.491+0300: 801.640: [GC (Allocation Failure) 2024-10-04T02:58:32.491+0300: 801.640: [DefNew: 1124406K->5514K(1258304K), 0.0039837 secs] 1140704K->21813K(4054528K), 0.0040750 secs] [Times: user=0.00 sys=0.00, real=0.01 secs] 
2024-10-04T02:58:32.499+0300: 801.644: Total time for which application threads were stopped: 0.0044173 seconds, Stopping threads took: 0.0001677 seconds
2024-10-04T02:58:32.827+0300: 801.987: Application time: 0.3428705 seconds
2024-10-04T02:58:32.827+0300: 801.987: [GC (Allocation Failure) 2024-10-04T02:58:32.842+0300: 801.987: [DefNew: 1124042K->5648K(1258304K), 0.0037058 secs] 1140341K->21947K(4054528K), 0.0037882 secs] [Times: user=0.00 sys=0.00, real=0.02 secs] 
2024-10-04T02:58:32.842+0300: 801.991: Total time for which application threads were stopped: 0.0041327 seconds, Stopping threads took: 0.0002186 seconds
2024-10-04T02:58:33.187+0300: 802.335: Application time: 0.3442545 seconds
2024-10-04T02:58:33.187+0300: 802.336: [GC (Allocation Failure) 2024-10-04T02:58:33.187+0300: 802.336: [DefNew: 1124176K->6491K(1258304K), 0.0040488 secs] 1140475K->22791K(4054528K), 0.0041339 secs] [Times: user=0.00 sys=0.00, real=0.00 secs] 
2024-10-04T02:58:33.192+0300: 802.340: Total time for which application threads were stopped: 0.0044790 seconds, Stopping threads took: 0.0001998 seconds
2024-10-04T02:58:33.533+0300: 802.685: Application time: 0.3448555 seconds
2024-10-04T02:58:33.533+0300: 802.685: [GC (Allocation Failure) 2024-10-04T02:58:33.533+0300: 802.685: [DefNew: 1125019K->9238K(1258304K), 0.0074345 secs] 1141319K->25538K(4054528K), 0.0075021 secs] [Times: user=0.00 sys=0.00, real=0.00 secs] 
2024-10-04T02:58:33.533+0300: 802.693: Total time for which application threads were stopped: 0.0078147 seconds, Stopping threads took: 0.0001864 seconds
2024-10-04T02:58:33.894+0300: 803.043: Application time: 0.3505512 seconds
2024-10-04T02:58:33.894+0300: 803.043: [GC (Allocation Failure) 2024-10-04T02:58:33.894+0300: 803.043: [DefNew: 1127766K->5569K(1258304K), 0.0035320 secs] 1144066K->21869K(4054528K), 0.0035980 secs] [Times: user=0.00 sys=0.00, real=0.00 secs] 
2024-10-04T02:58:33.894+0300: 803.047: Total time for which application threads were stopped: 0.0038900 seconds, Stopping threads took: 0.0001675 seconds
2024-10-04T02:58:34.239+0300: 803.393: Application time: 0.3464320 seconds
2024-10-04T02:58:34.239+0300: 803.394: [GC (Allocation Failure) 2024-10-04T02:58:34.239+0300: 803.394: [DefNew: 1124097K->5579K(1258304K), 0.0039969 secs] 1140397K->21879K(4054528K), 0.0040951 secs] [Times: user=0.00 sys=0.00, real=0.00 secs] 
2024-10-04T02:58:34.239+0300: 803.398: Total time for which application threads were stopped: 0.0044338 seconds, Stopping threads took: 0.0001926 seconds
2024-10-04T02:58:34.584+0300: 803.731: Application time: 0.3333673 seconds
2024-10-04T02:58:34.584+0300: 803.732: [GC (Allocation Failure) 2024-10-04T02:58:34.584+0300: 803.732: [DefNew: 1124107K->5490K(1258304K), 0.0031501 secs] 1140407K->21791K(4054528K), 0.0032258 secs] [Times: user=0.00 sys=0.00, real=0.00 secs] 
2024-10-04T02:58:34.584+0300: 803.735: Total time for which application threads were stopped: 0.0035498 seconds, Stopping threads took: 0.0001940 seconds
2024-10-04T02:58:34.930+0300: 804.081: Application time: 0.3458690 seconds
2024-10-04T02:58:34.930+0300: 804.081: [GC (Allocation Failure) 2024-10-04T02:58:34.930+0300: 804.081: [DefNew: 1124018K->7808K(1258304K), 0.0053114 secs] 1140319K->24109K(4054528K), 0.0053903 secs] [Times: user=0.02 sys=0.00, real=0.00 secs] 
2024-10-04T02:58:34.930+0300: 804.086: Total time for which application threads were stopped: 0.0057236 seconds, Stopping threads took: 0.0001681 seconds
2024-10-04T02:58:35.275+0300: 804.429: Application time: 0.3430003 seconds
2024-10-04T02:58:35.275+0300: 804.430: [GC (Allocation Failure) 2024-10-04T02:58:35.275+0300: 804.430: [DefNew: 1126336K->7643K(1258304K), 0.0051080 secs] 1142637K->23945K(4054528K), 0.0051818 secs] [Times: user=0.00 sys=0.00, real=0.00 secs] 
2024-10-04T02:58:35.275+0300: 804.435: Total time for which application threads were stopped: 0.0055066 seconds, Stopping threads took: 0.0001904 seconds
2024-10-04T02:58:35.636+0300: 804.782: Application time: 0.3475089 seconds
2024-10-04T02:58:35.636+0300: 804.783: [GC (Allocation Failure) 2024-10-04T02:58:35.636+0300: 804.783: [DefNew: 1126171K->5505K(1258304K), 0.0031600 secs] 1142473K->21806K(4054528K), 0.0032288 secs] [Times: user=0.00 sys=0.00, real=0.00 secs] 
2024-10-04T02:58:35.636+0300: 804.786: Total time for which application threads were stopped: 0.0034959 seconds, Stopping threads took: 0.0001503 seconds
2024-10-04T02:58:35.982+0300: 805.134: Application time: 0.3484735 seconds
2024-10-04T02:58:35.982+0300: 805.135: [GC (Allocation Failure) 2024-10-04T02:58:35.982+0300: 805.135: [DefNew: 1124033K->6182K(1258304K), 0.0037547 secs] 1140334K->22484K(4054528K), 0.0038254 secs] [Times: user=0.00 sys=0.00, real=0.00 secs] 
2024-10-04T02:58:35.982+0300: 805.139: Total time for which application threads were stopped: 0.0041449 seconds, Stopping threads took: 0.0001611 seconds
2024-10-04T02:58:36.328+0300: 805.475: Application time: 0.3361971 seconds
2024-10-04T02:58:36.328+0300: 805.475: [GC (Allocation Failure) 2024-10-04T02:58:36.328+0300: 805.475: [DefNew: 1124710K->5626K(1258304K), 0.0032986 secs] 1141012K->21928K(4054528K), 0.0033719 secs] [Times: user=0.00 sys=0.00, real=0.00 secs] 
2024-10-04T02:58:36.328+0300: 805.478: Total time for which application threads were stopped: 0.0036095 seconds, Stopping threads took: 0.0001211 seconds
2024-10-04T02:58:36.657+0300: 805.817: Application time: 0.3384693 seconds
2024-10-04T02:58:36.657+0300: 805.817: [GC (Allocation Failure) 2024-10-04T02:58:36.657+0300: 805.817: [DefNew: 1124154K->7835K(1258304K), 0.0052514 secs] 1140456K->24138K(4054528K), 0.0053267 secs] [Times: user=0.00 sys=0.00, real=0.02 secs] 
2024-10-04T02:58:36.673+0300: 805.822: Total time for which application threads were stopped: 0.0056772 seconds, Stopping threads took: 0.0002311 seconds
2024-10-04T02:58:37.018+0300: 806.178: Application time: 0.3558022 seconds
2024-10-04T02:58:37.018+0300: 806.179: [GC (Allocation Failure) 2024-10-04T02:58:37.018+0300: 806.179: [DefNew: 1126363K->5531K(1258304K), 0.0032615 secs] 1142666K->21834K(4054528K), 0.0033330 secs] [Times: user=0.00 sys=0.00, real=0.02 secs] 
2024-10-04T02:58:37.036+0300: 806.182: Total time for which application threads were stopped: 0.0036868 seconds, Stopping threads took: 0.0002259 seconds
2024-10-04T02:58:37.379+0300: 806.526: Application time: 0.3437639 seconds
2024-10-04T02:58:37.379+0300: 806.526: [GC (Allocation Failure) 2024-10-04T02:58:37.379+0300: 806.526: [DefNew: 1124059K->5485K(1258304K), 0.0031190 secs] 1140362K->21788K(4054528K), 0.0031962 secs] [Times: user=0.00 sys=0.00, real=0.00 secs] 
2024-10-04T02:58:37.379+0300: 806.529: Total time for which application threads were stopped: 0.0035096 seconds, Stopping threads took: 0.0001849 seconds
2024-10-04T02:58:37.709+0300: 806.868: Application time: 0.3391154 seconds
2024-10-04T02:58:37.709+0300: 806.869: [GC (Allocation Failure) 2024-10-04T02:58:37.709+0300: 806.869: [DefNew: 1124013K->5936K(1258304K), 0.0036484 secs] 1140316K->22240K(4054528K), 0.0037220 secs] [Times: user=0.00 sys=0.00, real=0.02 secs] 
2024-10-04T02:58:37.725+0300: 806.872: Total time for which application threads were stopped: 0.0040751 seconds, Stopping threads took: 0.0002214 seconds
2024-10-04T02:58:38.070+0300: 807.216: Application time: 0.3434311 seconds
2024-10-04T02:58:38.070+0300: 807.216: [GC (Allocation Failure) 2024-10-04T02:58:38.070+0300: 807.216: [DefNew: 1124464K->9316K(1258304K), 0.0074760 secs] 1140768K->25620K(4054528K), 0.0075546 secs] [Times: user=0.00 sys=0.00, real=0.00 secs] 
2024-10-04T02:58:38.070+0300: 807.224: Total time for which application threads were stopped: 0.0078434 seconds, Stopping threads took: 0.0001521 seconds
2024-10-04T02:58:38.416+0300: 807.563: Application time: 0.3389419 seconds
2024-10-04T02:58:38.416+0300: 807.563: [GC (Allocation Failure) 2024-10-04T02:58:38.416+0300: 807.563: [DefNew: 1127844K->7597K(1258304K), 0.0050283 secs] 1144148K->23902K(4054528K), 0.0050923 secs] [Times: user=0.00 sys=0.00, real=0.00 secs] 
2024-10-04T02:58:38.416+0300: 807.568: Total time for which application threads were stopped: 0.0053899 seconds, Stopping threads took: 0.0001806 seconds
2024-10-04T02:58:38.761+0300: 807.913: Application time: 0.3451592 seconds
2024-10-04T02:58:38.761+0300: 807.913: [GC (Allocation Failure) 2024-10-04T02:58:38.761+0300: 807.914: [DefNew: 1126125K->5707K(1258304K), 0.0033533 secs] 1142430K->22011K(4054528K), 0.0034246 secs] [Times: user=0.00 sys=0.00, real=0.00 secs] 
2024-10-04T02:58:38.761+0300: 807.917: Total time for which application threads were stopped: 0.0037060 seconds, Stopping threads took: 0.0001314 seconds
2024-10-04T02:58:39.107+0300: 808.263: Application time: 0.3464273 seconds
2024-10-04T02:58:39.107+0300: 808.264: [GC (Allocation Failure) 2024-10-04T02:58:39.107+0300: 808.264: [DefNew: 1124235K->7329K(1258304K), 0.0052557 secs] 1140539K->23634K(4054528K), 0.0053253 secs] [Times: user=0.00 sys=0.00, real=0.01 secs] 
2024-10-04T02:58:39.122+0300: 808.269: Total time for which application threads were stopped: 0.0056181 seconds, Stopping threads took: 0.0001664 seconds
2024-10-04T02:58:39.452+0300: 808.606: Application time: 0.3367615 seconds
2024-10-04T02:58:39.452+0300: 808.606: [GC (Allocation Failure) 2024-10-04T02:58:39.452+0300: 808.606: [DefNew: 1125857K->5565K(1258304K), 0.0032517 secs] 1142162K->21870K(4054528K), 0.0033235 secs] [Times: user=0.00 sys=0.00, real=0.00 secs] 
2024-10-04T02:58:39.452+0300: 808.609: Total time for which application threads were stopped: 0.0036172 seconds, Stopping threads took: 0.0001569 seconds
2024-10-04T02:58:39.797+0300: 808.946: Application time: 0.3361897 seconds
2024-10-04T02:58:39.797+0300: 808.946: [GC (Allocation Failure) 2024-10-04T02:58:39.797+0300: 808.946: [DefNew: 1124093K->6232K(1258304K), 0.0035344 secs] 1140398K->22537K(4054528K), 0.0036045 secs] [Times: user=0.00 sys=0.00, real=0.00 secs] 
2024-10-04T02:58:39.797+0300: 808.949: Total time for which application threads were stopped: 0.0039065 seconds, Stopping threads took: 0.0001869 seconds
2024-10-04T02:58:40.143+0300: 809.303: Application time: 0.3535631 seconds
2024-10-04T02:58:40.143+0300: 809.303: [GC (Allocation Failure) 2024-10-04T02:58:40.143+0300: 809.303: [DefNew: 1124760K->7468K(1258304K), 0.0052714 secs] 1141065K->23774K(4054528K), 0.0053527 secs] [Times: user=0.00 sys=0.00, real=0.02 secs] 
2024-10-04T02:58:40.158+0300: 809.309: Total time for which application threads were stopped: 0.0056777 seconds, Stopping threads took: 0.0001824 seconds
2024-10-04T02:58:40.504+0300: 809.654: Application time: 0.3456849 seconds
2024-10-04T02:58:40.504+0300: 809.655: [GC (Allocation Failure) 2024-10-04T02:58:40.504+0300: 809.655: [DefNew: 1125996K->5996K(1258304K), 0.0037276 secs] 1142302K->22302K(4054528K), 0.0037914 secs] [Times: user=0.00 sys=0.00, real=0.01 secs] 
2024-10-04T02:58:40.510+0300: 809.658: Total time for which application threads were stopped: 0.0040615 seconds, Stopping threads took: 0.0001388 seconds
2024-10-04T02:58:40.849+0300: 810.000: Application time: 0.3410841 seconds
2024-10-04T02:58:40.849+0300: 810.000: [GC (Allocation Failure) 2024-10-04T02:58:40.849+0300: 810.000: [DefNew: 1124524K->5617K(1258304K), 0.0036708 secs] 1140830K->21923K(4054528K), 0.0037451 secs] [Times: user=0.00 sys=0.00, real=0.00 secs] 
2024-10-04T02:58:40.849+0300: 810.004: Total time for which application threads were stopped: 0.0040901 seconds, Stopping threads took: 0.0001934 seconds
2024-10-04T02:58:41.195+0300: 810.349: Application time: 0.3457197 seconds
2024-10-04T02:58:41.195+0300: 810.350: [GC (Allocation Failure) 2024-10-04T02:58:41.195+0300: 810.350: [DefNew: 1124145K->6201K(1258304K), 0.0040120 secs] 1140451K->22508K(4054528K), 0.0041037 secs] [Times: user=0.00 sys=0.00, real=0.00 secs] 
2024-10-04T02:58:41.195+0300: 810.354: Total time for which application threads were stopped: 0.0044502 seconds, Stopping threads took: 0.0001924 seconds
2024-10-04T02:58:41.540+0300: 810.686: Application time: 0.3320118 seconds
2024-10-04T02:58:41.540+0300: 810.686: [GC (Allocation Failure) 2024-10-04T02:58:41.540+0300: 810.686: [DefNew: 1124729K->5562K(1258304K), 0.0031927 secs] 1141036K->21869K(4054528K), 0.0032736 secs] [Times: user=0.00 sys=0.00, real=0.00 secs] 
2024-10-04T02:58:41.540+0300: 810.689: Total time for which application threads were stopped: 0.0036408 seconds, Stopping threads took: 0.0002407 seconds
2024-10-04T02:58:41.885+0300: 811.038: Application time: 0.3488262 seconds
2024-10-04T02:58:41.885+0300: 811.039: [GC (Allocation Failure) 2024-10-04T02:58:41.885+0300: 811.039: [DefNew: 1124090K->7433K(1258304K), 0.0050885 secs] 1140397K->23741K(4054528K), 0.0051631 secs] [Times: user=0.00 sys=0.00, real=0.00 secs] 
2024-10-04T02:58:41.885+0300: 811.044: Total time for which application threads were stopped: 0.0055172 seconds, Stopping threads took: 0.0001925 seconds
2024-10-04T02:58:42.231+0300: 811.391: Application time: 0.3473203 seconds
2024-10-04T02:58:42.231+0300: 811.391: [GC (Allocation Failure) 2024-10-04T02:58:42.231+0300: 811.391: [DefNew: 1125961K->5526K(1258304K), 0.0034798 secs] 1142269K->21834K(4054528K), 0.0035444 secs] [Times: user=0.00 sys=0.00, real=0.02 secs] 
2024-10-04T02:58:42.247+0300: 811.395: Total time for which application threads were stopped: 0.0038620 seconds, Stopping threads took: 0.0001927 seconds
2024-10-04T02:58:42.576+0300: 811.734: Application time: 0.3391916 seconds
2024-10-04T02:58:42.576+0300: 811.734: [GC (Allocation Failure) 2024-10-04T02:58:42.576+0300: 811.734: [DefNew: 1124054K->7100K(1258304K), 0.0051768 secs] 1140362K->23408K(4054528K), 0.0052482 secs] [Times: user=0.00 sys=0.00, real=0.02 secs] 
2024-10-04T02:58:42.592+0300: 811.740: Total time for which application threads were stopped: 0.0055375 seconds, Stopping threads took: 0.0001704 seconds
2024-10-04T02:58:42.938+0300: 812.084: Application time: 0.3444029 seconds
2024-10-04T02:58:42.938+0300: 812.084: [GC (Allocation Failure) 2024-10-04T02:58:42.938+0300: 812.084: [DefNew: 1125628K->6120K(1258304K), 0.0036560 secs] 1141936K->22428K(4054528K), 0.0037301 secs] [Times: user=0.00 sys=0.00, real=0.00 secs] 
2024-10-04T02:58:42.938+0300: 812.088: Total time for which application threads were stopped: 0.0040449 seconds, Stopping threads took: 0.0001688 seconds
2024-10-04T02:58:43.268+0300: 812.426: Application time: 0.3375863 seconds
2024-10-04T02:58:43.268+0300: 812.426: [GC (Allocation Failure) 2024-10-04T02:58:43.268+0300: 812.426: [DefNew: 1124648K->5700K(1258304K), 0.0034628 secs] 1140956K->22009K(4054528K), 0.0035435 secs] [Times: user=0.00 sys=0.00, real=0.02 secs] 
2024-10-04T02:58:43.283+0300: 812.430: Total time for which application threads were stopped: 0.0038481 seconds, Stopping threads took: 0.0001772 seconds
2024-10-04T02:58:43.617+0300: 812.774: Application time: 0.3440017 seconds
2024-10-04T02:58:43.617+0300: 812.774: [GC (Allocation Failure) 2024-10-04T02:58:43.617+0300: 812.774: [DefNew: 1124228K->6111K(1258304K), 0.0034945 secs] 1140537K->22420K(4054528K), 0.0035604 secs] [Times: user=0.00 sys=0.00, real=0.01 secs] 
2024-10-04T02:58:43.629+0300: 812.777: Total time for which application threads were stopped: 0.0038496 seconds, Stopping threads took: 0.0001760 seconds
2024-10-04T02:58:43.974+0300: 813.126: Application time: 0.3483238 seconds
2024-10-04T02:58:43.974+0300: 813.126: [GC (Allocation Failure) 2024-10-04T02:58:43.974+0300: 813.126: [DefNew: 1124639K->5452K(1258304K), 0.0031633 secs] 1140948K->21761K(4054528K), 0.0032324 secs] [Times: user=0.00 sys=0.00, real=0.00 secs] 
2024-10-04T02:58:43.974+0300: 813.129: Total time for which application threads were stopped: 0.0035163 seconds, Stopping threads took: 0.0001576 seconds
2024-10-04T02:58:44.320+0300: 813.469: Application time: 0.3392431 seconds
2024-10-04T02:58:44.320+0300: 813.469: [GC (Allocation Failure) 2024-10-04T02:58:44.320+0300: 813.469: [DefNew: 1123980K->5586K(1258304K), 0.0032591 secs] 1140289K->21895K(4054528K), 0.0033256 secs] [Times: user=0.00 sys=0.00, real=0.00 secs] 
2024-10-04T02:58:44.320+0300: 813.472: Total time for which application threads were stopped: 0.0035951 seconds, Stopping threads took: 0.0001339 seconds
2024-10-04T02:58:44.650+0300: 813.806: Application time: 0.3338405 seconds
2024-10-04T02:58:44.650+0300: 813.806: [GC (Allocation Failure) 2024-10-04T02:58:44.650+0300: 813.806: [DefNew: 1124114K->5483K(1258304K), 0.0031452 secs] 1140423K->21792K(4054528K), 0.0032159 secs] [Times: user=0.00 sys=0.00, real=0.00 secs] 
2024-10-04T02:58:44.650+0300: 813.810: Total time for which application threads were stopped: 0.0035022 seconds, Stopping threads took: 0.0001686 seconds
2024-10-04T02:58:44.995+0300: 814.155: Application time: 0.3459564 seconds
2024-10-04T02:58:45.011+0300: 814.156: [GC (Allocation Failure) 2024-10-04T02:58:45.011+0300: 814.156: [DefNew: 1124011K->9272K(1258304K), 0.0077970 secs] 1140320K->25583K(4054528K), 0.0078832 secs] [Times: user=0.00 sys=0.00, real=0.00 secs] 
2024-10-04T02:58:45.011+0300: 814.164: Total time for which application threads were stopped: 0.0083258 seconds, Stopping threads took: 0.0002957 seconds
2024-10-04T02:58:45.356+0300: 814.504: Application time: 0.3404948 seconds
2024-10-04T02:58:45.356+0300: 814.505: [GC (Allocation Failure) 2024-10-04T02:58:45.356+0300: 814.505: [DefNew: 1127800K->7511K(1258304K), 0.0050667 secs] 1144111K->23822K(4054528K), 0.0051463 secs] [Times: user=0.00 sys=0.00, real=0.00 secs] 
2024-10-04T02:58:45.356+0300: 814.510: Total time for which application threads were stopped: 0.0054448 seconds, Stopping threads took: 0.0001422 seconds
2024-10-04T02:58:45.701+0300: 814.854: Application time: 0.3445219 seconds
2024-10-04T02:58:45.701+0300: 814.855: [GC (Allocation Failure) 2024-10-04T02:58:45.701+0300: 814.855: [DefNew: 1126039K->5812K(1258304K), 0.0034954 secs] 1142350K->22123K(4054528K), 0.0035725 secs] [Times: user=0.00 sys=0.00, real=0.00 secs] 
2024-10-04T02:58:45.701+0300: 814.858: Total time for which application threads were stopped: 0.0038681 seconds, Stopping threads took: 0.0001564 seconds
2024-10-04T02:58:46.062+0300: 815.208: Application time: 0.3498306 seconds
2024-10-04T02:58:46.062+0300: 815.208: [GC (Allocation Failure) 2024-10-04T02:58:46.062+0300: 815.208: [DefNew: 1124340K->5512K(1258304K), 0.0034287 secs] 1140651K->21823K(4054528K), 0.0034924 secs] [Times: user=0.00 sys=0.00, real=0.00 secs] 
2024-10-04T02:58:46.062+0300: 815.212: Total time for which application threads were stopped: 0.0037728 seconds, Stopping threads took: 0.0001525 seconds
2024-10-04T02:58:46.392+0300: 815.547: Application time: 0.3352435 seconds
2024-10-04T02:58:46.392+0300: 815.547: [GC (Allocation Failure) 2024-10-04T02:58:46.392+0300: 815.547: [DefNew: 1124040K->5703K(1258304K), 0.0036720 secs] 1140351K->22014K(4054528K), 0.0037567 secs] [Times: user=0.00 sys=0.00, real=0.00 secs] 
2024-10-04T02:58:46.392+0300: 815.551: Total time for which application threads were stopped: 0.0041324 seconds, Stopping threads took: 0.0002304 seconds
2024-10-04T02:58:46.737+0300: 815.890: Application time: 0.3387997 seconds
2024-10-04T02:58:46.737+0300: 815.890: [GC (Allocation Failure) 2024-10-04T02:58:46.737+0300: 815.890: [DefNew: 1124231K->5662K(1258304K), 0.0032393 secs] 1140542K->21973K(4054528K), 0.0033114 secs] [Times: user=0.00 sys=0.00, real=0.00 secs] 
2024-10-04T02:58:46.737+0300: 815.894: Total time for which application threads were stopped: 0.0035822 seconds, Stopping threads took: 0.0001615 seconds
2024-10-04T02:58:47.098+0300: 816.243: Application time: 0.3499232 seconds
2024-10-04T02:58:47.098+0300: 816.244: [GC (Allocation Failure) 2024-10-04T02:58:47.098+0300: 816.244: [DefNew: 1124190K->6077K(1258304K), 0.0035178 secs] 1140501K->22389K(4054528K), 0.0035883 secs] [Times: user=0.00 sys=0.00, real=0.00 secs] 
2024-10-04T02:58:47.098+0300: 816.247: Total time for which application threads were stopped: 0.0038874 seconds, Stopping threads took: 0.0001701 seconds
2024-10-04T02:58:47.444+0300: 816.592: Application time: 0.3448214 seconds
2024-10-04T02:58:47.444+0300: 816.592: [GC (Allocation Failure) 2024-10-04T02:58:47.444+0300: 816.592: [DefNew: 1124605K->5737K(1258304K), 0.0035242 secs] 1140917K->22049K(4054528K), 0.0035938 secs] [Times: user=0.00 sys=0.00, real=0.00 secs] 
2024-10-04T02:58:47.444+0300: 816.596: Total time for which application threads were stopped: 0.0038833 seconds, Stopping threads took: 0.0001614 seconds
2024-10-04T02:58:47.789+0300: 816.934: Application time: 0.3384132 seconds
2024-10-04T02:58:47.789+0300: 816.935: [GC (Allocation Failure) 2024-10-04T02:58:47.789+0300: 816.935: [DefNew: 1124265K->6031K(1258304K), 0.0035758 secs] 1140577K->22344K(4054528K), 0.0036458 secs] [Times: user=0.00 sys=0.00, real=0.00 secs] 
2024-10-04T02:58:47.789+0300: 816.938: Total time for which application threads were stopped: 0.0039344 seconds, Stopping threads took: 0.0001613 seconds
2024-10-04T02:58:48.135+0300: 817.285: Application time: 0.3467686 seconds
2024-10-04T02:58:48.135+0300: 817.285: [GC (Allocation Failure) 2024-10-04T02:58:48.135+0300: 817.286: [DefNew: 1124559K->7794K(1258304K), 0.0050502 secs] 1140872K->24107K(4054528K), 0.0051315 secs] [Times: user=0.00 sys=0.00, real=0.00 secs] 
2024-10-04T02:58:48.135+0300: 817.291: Total time for which application threads were stopped: 0.0054558 seconds, Stopping threads took: 0.0001778 seconds
2024-10-04T02:58:48.479+0300: 817.630: Application time: 0.3390701 seconds
2024-10-04T02:58:48.479+0300: 817.630: [GC (Allocation Failure) 2024-10-04T02:58:48.479+0300: 817.630: [DefNew: 1126322K->7649K(1258304K), 0.0051043 secs] 1142635K->23963K(4054528K), 0.0051736 secs] [Times: user=0.00 sys=0.00, real=0.00 secs] 
2024-10-04T02:58:48.479+0300: 817.635: Total time for which application threads were stopped: 0.0055037 seconds, Stopping threads took: 0.0002028 seconds
2024-10-04T02:58:48.829+0300: 817.978: Application time: 0.3427214 seconds
2024-10-04T02:58:48.829+0300: 817.978: [GC (Allocation Failure) 2024-10-04T02:58:48.829+0300: 817.978: [DefNew: 1126177K->7701K(1258304K), 0.0052062 secs] 1142491K->24014K(4054528K), 0.0052748 secs] [Times: user=0.00 sys=0.00, real=0.00 secs] 
2024-10-04T02:58:48.829+0300: 817.983: Total time for which application threads were stopped: 0.0055521 seconds, Stopping threads took: 0.0001563 seconds
2024-10-04T02:58:49.186+0300: 818.336: Application time: 0.3521931 seconds
2024-10-04T02:58:49.186+0300: 818.336: [GC (Allocation Failure) 2024-10-04T02:58:49.186+0300: 818.336: [DefNew: 1126229K->5503K(1258304K), 0.0031853 secs] 1142542K->21817K(4054528K), 0.0032636 secs] [Times: user=0.00 sys=0.00, real=0.00 secs] 
2024-10-04T02:58:49.186+0300: 818.339: Total time for which application threads were stopped: 0.0035965 seconds, Stopping threads took: 0.0001937 seconds
2024-10-04T02:58:49.530+0300: 818.676: Application time: 0.3362306 seconds
2024-10-04T02:58:49.530+0300: 818.676: [GC (Allocation Failure) 2024-10-04T02:58:49.530+0300: 818.676: [DefNew: 1124031K->7016K(1258304K), 0.0050717 secs] 1140345K->23330K(4054528K), 0.0051423 secs] [Times: user=0.00 sys=0.00, real=0.00 secs] 
2024-10-04T02:58:49.532+0300: 818.681: Total time for which application threads were stopped: 0.0054096 seconds, Stopping threads took: 0.0001383 seconds
2024-10-04T02:58:49.861+0300: 819.014: Application time: 0.3328110 seconds
2024-10-04T02:58:49.861+0300: 819.014: [GC (Allocation Failure) 2024-10-04T02:58:49.861+0300: 819.014: [DefNew: 1125544K->5947K(1258304K), 0.0036927 secs] 1141858K->22262K(4054528K), 0.0037728 secs] [Times: user=0.00 sys=0.00, real=0.00 secs] 
2024-10-04T02:58:49.861+0300: 819.018: Total time for which application threads were stopped: 0.0040695 seconds, Stopping threads took: 0.0001461 seconds
2024-10-04T02:58:50.207+0300: 819.367: Application time: 0.3491495 seconds
2024-10-04T02:58:50.222+0300: 819.367: [GC (Allocation Failure) 2024-10-04T02:58:50.222+0300: 819.367: [DefNew: 1124475K->5988K(1258304K), 0.0034878 secs] 1140790K->22303K(4054528K), 0.0035700 secs] [Times: user=0.00 sys=0.00, real=0.00 secs] 
2024-10-04T02:58:50.222+0300: 819.371: Total time for which application threads were stopped: 0.0039025 seconds, Stopping threads took: 0.0001680 seconds
2024-10-04T02:58:50.568+0300: 819.719: Application time: 0.3479904 seconds
2024-10-04T02:58:50.568+0300: 819.719: [GC (Allocation Failure) 2024-10-04T02:58:50.568+0300: 819.719: [DefNew: 1124516K->5578K(1258304K), 0.0032218 secs] 1140831K->21894K(4054528K), 0.0032864 secs] [Times: user=0.00 sys=0.00, real=0.00 secs] 
2024-10-04T02:58:50.568+0300: 819.722: Total time for which application threads were stopped: 0.0036193 seconds, Stopping threads took: 0.0002133 seconds
2024-10-04T02:58:50.913+0300: 820.073: Application time: 0.3502672 seconds
2024-10-04T02:58:50.913+0300: 820.073: [GC (Allocation Failure) 2024-10-04T02:58:50.913+0300: 820.073: [DefNew: 1124106K->5621K(1258304K), 0.0035018 secs] 1140422K->21936K(4054528K), 0.0035854 secs] [Times: user=0.00 sys=0.00, real=0.02 secs] 
2024-10-04T02:58:50.929+0300: 820.077: Total time for which application threads were stopped: 0.0039375 seconds, Stopping threads took: 0.0001790 seconds
2024-10-04T02:58:51.275+0300: 820.425: Application time: 0.3480597 seconds
2024-10-04T02:58:51.275+0300: 820.425: [GC (Allocation Failure) 2024-10-04T02:58:51.275+0300: 820.425: [DefNew: 1124149K->7323K(1258304K), 0.0063645 secs] 1140464K->23639K(4054528K), 0.0064456 secs] [Times: user=0.00 sys=0.00, real=0.00 secs] 
2024-10-04T02:58:51.275+0300: 820.432: Total time for which application threads were stopped: 0.0067967 seconds, Stopping threads took: 0.0001930 seconds
2024-10-04T02:58:51.620+0300: 820.771: Application time: 0.3395003 seconds
2024-10-04T02:58:51.620+0300: 820.771: [GC (Allocation Failure) 2024-10-04T02:58:51.620+0300: 820.771: [DefNew: 1125851K->6025K(1258304K), 0.0037400 secs] 1142167K->22341K(4054528K), 0.0038155 secs] [Times: user=0.00 sys=0.00, real=0.00 secs] 
2024-10-04T02:58:51.620+0300: 820.775: Total time for which application threads were stopped: 0.0041126 seconds, Stopping threads took: 0.0001702 seconds
2024-10-04T02:58:51.982+0300: 821.137: Application time: 0.3622422 seconds
2024-10-04T02:58:51.982+0300: 821.138: [GC (Allocation Failure) 2024-10-04T02:58:51.982+0300: 821.138: [DefNew: 1124553K->7192K(1258304K), 0.0058387 secs] 1140869K->23508K(4054528K), 0.0059132 secs] [Times: user=0.00 sys=0.00, real=0.02 secs] 
2024-10-04T02:58:51.998+0300: 821.144: Total time for which application threads were stopped: 0.0061783 seconds, Stopping threads took: 0.0001329 seconds
2024-10-04T02:58:52.337+0300: 821.488: Application time: 0.3440136 seconds
2024-10-04T02:58:52.337+0300: 821.488: [GC (Allocation Failure) 2024-10-04T02:58:52.337+0300: 821.488: [DefNew: 1125720K->5730K(1258304K), 0.0037471 secs] 1142036K->22047K(4054528K), 0.0038190 secs] [Times: user=0.02 sys=0.00, real=0.01 secs] 
2024-10-04T02:58:52.343+0300: 821.492: Total time for which application threads were stopped: 0.0041153 seconds, Stopping threads took: 0.0001585 seconds
2024-10-04T02:58:52.688+0300: 821.840: Application time: 0.3479099 seconds
2024-10-04T02:58:52.688+0300: 821.840: [GC (Allocation Failure) 2024-10-04T02:58:52.688+0300: 821.840: [DefNew: 1124258K->7503K(1258304K), 0.0057391 secs] 1140575K->23820K(4054528K), 0.0058180 secs] [Times: user=0.00 sys=0.00, real=0.00 secs] 
2024-10-04T02:58:52.688+0300: 821.846: Total time for which application threads were stopped: 0.0061011 seconds, Stopping threads took: 0.0001594 seconds
2024-10-04T02:58:53.039+0300: 822.192: Application time: 0.3463007 seconds
2024-10-04T02:58:53.039+0300: 822.192: [GC (Allocation Failure) 2024-10-04T02:58:53.039+0300: 822.192: [DefNew: 1126031K->5507K(1258304K), 0.0035197 secs] 1142348K->21824K(4054528K), 0.0035952 secs] [Times: user=0.03 sys=0.00, real=0.01 secs] 
2024-10-04T02:58:53.049+0300: 822.196: Total time for which application threads were stopped: 0.0039245 seconds, Stopping threads took: 0.0001878 seconds
2024-10-04T02:58:53.394+0300: 822.540: Application time: 0.3438805 seconds
2024-10-04T02:58:53.394+0300: 822.540: [GC (Allocation Failure) 2024-10-04T02:58:53.394+0300: 822.540: [DefNew: 1124035K->5773K(1258304K), 0.0036314 secs] 1140352K->22091K(4054528K), 0.0036885 secs] [Times: user=0.00 sys=0.00, real=0.00 secs] 
2024-10-04T02:58:53.394+0300: 822.544: Total time for which application threads were stopped: 0.0039792 seconds, Stopping threads took: 0.0001718 seconds
2024-10-04T02:58:53.740+0300: 822.897: Application time: 0.3529477 seconds
2024-10-04T02:58:53.740+0300: 822.897: [GC (Allocation Failure) 2024-10-04T02:58:53.740+0300: 822.897: [DefNew: 1124301K->5613K(1258304K), 0.0036664 secs] 1140619K->21931K(4054528K), 0.0037361 secs] [Times: user=0.00 sys=0.00, real=0.00 secs] 
2024-10-04T02:58:53.740+0300: 822.901: Total time for which application threads were stopped: 0.0040062 seconds, Stopping threads took: 0.0001327 seconds
2024-10-04T02:58:54.101+0300: 823.254: Application time: 0.3536545 seconds
2024-10-04T02:58:54.101+0300: 823.255: [GC (Allocation Failure) 2024-10-04T02:58:54.101+0300: 823.255: [DefNew: 1124141K->5777K(1258304K), 0.0042181 secs] 1140459K->22095K(4054528K), 0.0042877 secs] [Times: user=0.02 sys=0.00, real=0.00 secs] 
2024-10-04T02:58:54.101+0300: 823.259: Total time for which application threads were stopped: 0.0046101 seconds, Stopping threads took: 0.0001965 seconds
2024-10-04T02:58:54.442+0300: 823.590: Application time: 0.3314191 seconds
2024-10-04T02:58:54.442+0300: 823.591: [GC (Allocation Failure) 2024-10-04T02:58:54.442+0300: 823.591: [DefNew: 1124305K->5717K(1258304K), 0.0037030 secs] 1140623K->22035K(4054528K), 0.0037897 secs] [Times: user=0.00 sys=0.00, real=0.01 secs] 
2024-10-04T02:58:54.447+0300: 823.595: Total time for which application threads were stopped: 0.0040720 seconds, Stopping threads took: 0.0001432 seconds
2024-10-04T02:58:54.776+0300: 823.937: Application time: 0.3423847 seconds
2024-10-04T02:58:54.792+0300: 823.937: [GC (Allocation Failure) 2024-10-04T02:58:54.792+0300: 823.937: [DefNew: 1124245K->7688K(1258304K), 0.0054172 secs] 1140563K->24007K(4054528K), 0.0055068 secs] [Times: user=0.00 sys=0.00, real=0.00 secs] 
2024-10-04T02:58:54.792+0300: 823.943: Total time for which application threads were stopped: 0.0059218 seconds, Stopping threads took: 0.0002865 seconds
2024-10-04T02:58:55.144+0300: 824.294: Application time: 0.3506431 seconds
2024-10-04T02:58:55.144+0300: 824.294: [GC (Allocation Failure) 2024-10-04T02:58:55.144+0300: 824.294: [DefNew: 1126216K->5482K(1258304K), 0.0032819 secs] 1142535K->21801K(4054528K), 0.0033877 secs] [Times: user=0.00 sys=0.00, real=0.00 secs] 
2024-10-04T02:58:55.144+0300: 824.297: Total time for which application threads were stopped: 0.0038708 seconds, Stopping threads took: 0.0002339 seconds
2024-10-04T02:58:55.483+0300: 824.643: Application time: 0.3455392 seconds
2024-10-04T02:58:55.483+0300: 824.643: [GC (Allocation Failure) 2024-10-04T02:58:55.483+0300: 824.643: [DefNew: 1124010K->5668K(1258304K), 0.0034182 secs] 1140329K->21988K(4054528K), 0.0034895 secs] [Times: user=0.00 sys=0.00, real=0.01 secs] 
2024-10-04T02:58:55.498+0300: 824.647: Total time for which application threads were stopped: 0.0037830 seconds, Stopping threads took: 0.0001582 seconds
2024-10-04T02:58:55.828+0300: 824.985: Application time: 0.3386443 seconds
2024-10-04T02:58:55.828+0300: 824.986: [GC (Allocation Failure) 2024-10-04T02:58:55.828+0300: 824.986: [DefNew: 1124196K->5620K(1258304K), 0.0032128 secs] 1140516K->21940K(4054528K), 0.0032927 secs] [Times: user=0.00 sys=0.00, real=0.02 secs] 
2024-10-04T02:58:55.844+0300: 824.989: Total time for which application threads were stopped: 0.0036116 seconds, Stopping threads took: 0.0001758 seconds
2024-10-04T02:58:56.189+0300: 825.336: Application time: 0.3466925 seconds
2024-10-04T02:58:56.189+0300: 825.336: [GC (Allocation Failure) 2024-10-04T02:58:56.189+0300: 825.336: [DefNew: 1124148K->8055K(1258304K), 0.0052915 secs] 1140468K->24375K(4054528K), 0.0053636 secs] [Times: user=0.00 sys=0.00, real=0.00 secs] 
2024-10-04T02:58:56.189+0300: 825.341: Total time for which application threads were stopped: 0.0056378 seconds, Stopping threads took: 0.0001485 seconds
2024-10-04T02:58:56.519+0300: 825.677: Application time: 0.3355883 seconds
2024-10-04T02:58:56.519+0300: 825.677: [GC (Allocation Failure) 2024-10-04T02:58:56.519+0300: 825.677: [DefNew: 1126583K->6249K(1258304K), 0.0038351 secs] 1142903K->22570K(4054528K), 0.0039245 secs] [Times: user=0.00 sys=0.00, real=0.02 secs] 
2024-10-04T02:58:56.535+0300: 825.681: Total time for which application threads were stopped: 0.0042396 seconds, Stopping threads took: 0.0001688 seconds
2024-10-04T02:58:56.880+0300: 826.035: Application time: 0.3541328 seconds
2024-10-04T02:58:56.880+0300: 826.036: [GC (Allocation Failure) 2024-10-04T02:58:56.880+0300: 826.036: [DefNew: 1124777K->5829K(1258304K), 0.0040521 secs] 1141098K->22150K(4054528K), 0.0041190 secs] [Times: user=0.00 sys=0.00, real=0.00 secs] 
2024-10-04T02:58:56.880+0300: 826.040: Total time for which application threads were stopped: 0.0044572 seconds, Stopping threads took: 0.0001956 seconds
2024-10-04T02:58:57.225+0300: 826.386: Application time: 0.3461992 seconds
2024-10-04T02:58:57.241+0300: 826.386: [GC (Allocation Failure) 2024-10-04T02:58:57.241+0300: 826.386: [DefNew: 1124357K->5617K(1258304K), 0.0033421 secs] 1140678K->21938K(4054528K), 0.0034212 secs] [Times: user=0.00 sys=0.00, real=0.00 secs] 
2024-10-04T02:58:57.241+0300: 826.390: Total time for which application threads were stopped: 0.0038594 seconds, Stopping threads took: 0.0002875 seconds
2024-10-04T02:58:57.571+0300: 826.723: Application time: 0.3327852 seconds
2024-10-04T02:58:57.571+0300: 826.723: [GC (Allocation Failure) 2024-10-04T02:58:57.571+0300: 826.723: [DefNew: 1124145K->5573K(1258304K), 0.0031752 secs] 1140466K->21894K(4054528K), 0.0032465 secs] [Times: user=0.00 sys=0.00, real=0.00 secs] 
2024-10-04T02:58:57.571+0300: 826.726: Total time for which application threads were stopped: 0.0035457 seconds, Stopping threads took: 0.0001783 seconds
2024-10-04T02:58:57.916+0300: 827.073: Application time: 0.3473153 seconds
2024-10-04T02:58:57.916+0300: 827.074: [GC (Allocation Failure) 2024-10-04T02:58:57.916+0300: 827.074: [DefNew: 1124101K->5788K(1258304K), 0.0035071 secs] 1140422K->22110K(4054528K), 0.0035793 secs] [Times: user=0.02 sys=0.00, real=0.02 secs] 
2024-10-04T02:58:57.932+0300: 827.077: Total time for which application threads were stopped: 0.0039073 seconds, Stopping threads took: 0.0001898 seconds
2024-10-04T02:58:58.262+0300: 827.417: Application time: 0.3392233 seconds
2024-10-04T02:58:58.262+0300: 827.417: [GC (Allocation Failure) 2024-10-04T02:58:58.262+0300: 827.417: [DefNew: 1124316K->7443K(1258304K), 0.0050223 secs] 1140638K->23765K(4054528K), 0.0051730 secs] [Times: user=0.00 sys=0.00, real=0.00 secs] 
2024-10-04T02:58:58.262+0300: 827.422: Total time for which application threads were stopped: 0.0055186 seconds, Stopping threads took: 0.0002099 seconds
2024-10-04T02:58:58.607+0300: 827.765: Application time: 0.3433758 seconds
2024-10-04T02:58:58.607+0300: 827.766: [GC (Allocation Failure) 2024-10-04T02:58:58.607+0300: 827.766: [DefNew: 1125971K->5916K(1258304K), 0.0036749 secs] 1142293K->22239K(4054528K), 0.0037469 secs] [Times: user=0.00 sys=0.00, real=0.02 secs] 
2024-10-04T02:58:58.623+0300: 827.770: Total time for which application threads were stopped: 0.0040851 seconds, Stopping threads took: 0.0002080 seconds
2024-10-04T02:58:58.968+0300: 828.118: Application time: 0.3488938 seconds
2024-10-04T02:58:58.968+0300: 828.119: [GC (Allocation Failure) 2024-10-04T02:58:58.968+0300: 828.119: [DefNew: 1124444K->5556K(1258304K), 0.0032278 secs] 1140767K->21878K(4054528K), 0.0033021 secs] [Times: user=0.00 sys=0.00, real=0.00 secs] 
2024-10-04T02:58:58.968+0300: 828.122: Total time for which application threads were stopped: 0.0036746 seconds, Stopping threads took: 0.0002264 seconds
2024-10-04T02:58:59.298+0300: 828.456: Application time: 0.3343021 seconds
2024-10-04T02:58:59.298+0300: 828.457: [GC (Allocation Failure) 2024-10-04T02:58:59.298+0300: 828.457: [DefNew: 1124084K->7764K(1258304K), 0.0053095 secs] 1140406K->24087K(4054528K), 0.0053870 secs] [Times: user=0.00 sys=0.00, real=0.01 secs] 
2024-10-04T02:58:59.313+0300: 828.462: Total time for which application threads were stopped: 0.0057557 seconds, Stopping threads took: 0.0002355 seconds
2024-10-04T02:58:59.654+0300: 828.800: Application time: 0.3375067 seconds
2024-10-04T02:58:59.654+0300: 828.800: [GC (Allocation Failure) 2024-10-04T02:58:59.654+0300: 828.800: [DefNew: 1126292K->6118K(1258304K), 0.0034933 secs] 1142615K->22441K(4054528K), 0.0035656 secs] [Times: user=0.00 sys=0.00, real=0.00 secs] 
2024-10-04T02:58:59.654+0300: 828.804: Total time for which application threads were stopped: 0.0038500 seconds, Stopping threads took: 0.0001672 seconds
2024-10-04T02:59:00.004+0300: 829.159: Application time: 0.3555574 seconds
2024-10-04T02:59:00.004+0300: 829.159: [GC (Allocation Failure) 2024-10-04T02:59:00.004+0300: 829.159: [DefNew: 1124646K->6016K(1258304K), 0.0042136 secs] 1140969K->22340K(4054528K), 0.0042967 secs] [Times: user=0.02 sys=0.00, real=0.00 secs] 
2024-10-04T02:59:00.004+0300: 829.164: Total time for which application threads were stopped: 0.0046218 seconds, Stopping threads took: 0.0001715 seconds
2024-10-04T02:59:00.365+0300: 829.512: Application time: 0.3480562 seconds
2024-10-04T02:59:00.365+0300: 829.512: [GC (Allocation Failure) 2024-10-04T02:59:00.365+0300: 829.512: [DefNew: 1124544K->5561K(1258304K), 0.0035562 secs] 1140868K->21885K(4054528K), 0.0036321 secs] [Times: user=0.00 sys=0.00, real=0.00 secs] 
2024-10-04T02:59:00.365+0300: 829.516: Total time for which application threads were stopped: 0.0039113 seconds, Stopping threads took: 0.0001438 seconds
2024-10-04T02:59:00.695+0300: 829.852: Application time: 0.3366343 seconds
2024-10-04T02:59:00.695+0300: 829.853: [GC (Allocation Failure) 2024-10-04T02:59:00.695+0300: 829.853: [DefNew: 1124089K->5973K(1258304K), 0.0034671 secs] 1140413K->22298K(4054528K), 0.0035369 secs] [Times: user=0.00 sys=0.00, real=0.02 secs] 
2024-10-04T02:59:00.711+0300: 829.856: Total time for which application threads were stopped: 0.0038302 seconds, Stopping threads took: 0.0001747 seconds
2024-10-04T02:59:01.039+0300: 830.198: Application time: 0.3419432 seconds
2024-10-04T02:59:01.039+0300: 830.198: [GC (Allocation Failure) 2024-10-04T02:59:01.039+0300: 830.198: [DefNew: 1124501K->7667K(1258304K), 0.0053747 secs] 1140826K->23992K(4054528K), 0.0054593 secs] [Times: user=0.00 sys=0.00, real=0.02 secs] 
2024-10-04T02:59:01.057+0300: 830.204: Total time for which application threads were stopped: 0.0057854 seconds, Stopping threads took: 0.0001822 seconds
2024-10-04T02:59:01.401+0300: 830.546: Application time: 0.3423949 seconds
2024-10-04T02:59:01.401+0300: 830.547: [GC (Allocation Failure) 2024-10-04T02:59:01.401+0300: 830.547: [DefNew: 1126195K->6068K(1258304K), 0.0035225 secs] 1142520K->22393K(4054528K), 0.0035979 secs] [Times: user=0.00 sys=0.00, real=0.00 secs] 
2024-10-04T02:59:01.401+0300: 830.550: Total time for which application threads were stopped: 0.0038293 seconds, Stopping threads took: 0.0001178 seconds
2024-10-04T02:59:01.746+0300: 830.895: Application time: 0.3447971 seconds
2024-10-04T02:59:01.746+0300: 830.895: [GC (Allocation Failure) 2024-10-04T02:59:01.746+0300: 830.895: [DefNew: 1124596K->5617K(1258304K), 0.0033565 secs] 1140921K->21942K(4054528K), 0.0034290 secs] [Times: user=0.00 sys=0.00, real=0.00 secs] 
2024-10-04T02:59:01.746+0300: 830.899: Total time for which application threads were stopped: 0.0037094 seconds, Stopping threads took: 0.0001289 seconds
2024-10-04T02:59:02.091+0300: 831.245: Application time: 0.3464572 seconds
2024-10-04T02:59:02.091+0300: 831.245: [GC (Allocation Failure) 2024-10-04T02:59:02.091+0300: 831.245: [DefNew: 1124145K->5641K(1258304K), 0.0035049 secs] 1140470K->21967K(4054528K), 0.0035890 secs] [Times: user=0.00 sys=0.00, real=0.00 secs] 
2024-10-04T02:59:02.091+0300: 831.249: Total time for which application threads were stopped: 0.0038803 seconds, Stopping threads took: 0.0001230 seconds
2024-10-04T02:59:02.437+0300: 831.586: Application time: 0.3371102 seconds
2024-10-04T02:59:02.437+0300: 831.586: [GC (Allocation Failure) 2024-10-04T02:59:02.437+0300: 831.586: [DefNew: 1124169K->5922K(1258304K), 0.0034701 secs] 1140495K->22248K(4054528K), 0.0035396 secs] [Times: user=0.00 sys=0.00, real=0.00 secs] 
2024-10-04T02:59:02.437+0300: 831.590: Total time for which application threads were stopped: 0.0037938 seconds, Stopping threads took: 0.0001440 seconds
2024-10-04T02:59:02.767+0300: 831.921: Application time: 0.3315527 seconds
2024-10-04T02:59:02.767+0300: 831.922: [GC (Allocation Failure) 2024-10-04T02:59:02.767+0300: 831.922: [DefNew: 1124450K->8294K(1258304K), 0.0055540 secs] 1140776K->24621K(4054528K), 0.0056257 secs] [Times: user=0.00 sys=0.00, real=0.02 secs] 
2024-10-04T02:59:02.782+0300: 831.927: Total time for which application threads were stopped: 0.0059440 seconds, Stopping threads took: 0.0001854 seconds
2024-10-04T02:59:03.127+0300: 832.280: Application time: 0.3522109 seconds
2024-10-04T02:59:03.127+0300: 832.280: [GC (Allocation Failure) 2024-10-04T02:59:03.127+0300: 832.280: [DefNew: 1126822K->6022K(1258304K), 0.0035626 secs] 1143149K->22348K(4054528K), 0.0036364 secs] [Times: user=0.00 sys=0.00, real=0.00 secs] 
2024-10-04T02:59:03.127+0300: 832.284: Total time for which application threads were stopped: 0.0040001 seconds, Stopping threads took: 0.0002273 seconds
2024-10-04T02:59:03.473+0300: 832.625: Application time: 0.3411601 seconds
2024-10-04T02:59:03.473+0300: 832.625: [GC (Allocation Failure) 2024-10-04T02:59:03.473+0300: 832.625: [DefNew: 1124550K->5642K(1258304K), 0.0032645 secs] 1140876K->21969K(4054528K), 0.0033344 secs] [Times: user=0.00 sys=0.00, real=0.00 secs] 
2024-10-04T02:59:03.473+0300: 832.628: Total time for which application threads were stopped: 0.0036080 seconds, Stopping threads took: 0.0001568 seconds
2024-10-04T02:59:03.818+0300: 832.968: Application time: 0.3398562 seconds
2024-10-04T02:59:03.818+0300: 832.969: [GC (Allocation Failure) 2024-10-04T02:59:03.818+0300: 832.969: [DefNew: 1124170K->5854K(1258304K), 0.0033857 secs] 1140497K->22181K(4054528K), 0.0034576 secs] [Times: user=0.00 sys=0.00, real=0.00 secs] 
2024-10-04T02:59:03.818+0300: 832.972: Total time for which application threads were stopped: 0.0037946 seconds, Stopping threads took: 0.0002180 seconds
2024-10-04T02:59:04.165+0300: 833.312: Application time: 0.3402803 seconds
2024-10-04T02:59:04.165+0300: 833.313: [GC (Allocation Failure) 2024-10-04T02:59:04.165+0300: 833.315: [DefNew: 1124382K->5714K(1258304K), 0.0039116 secs] 1140709K->22041K(4054528K), 0.0062051 secs] [Times: user=0.00 sys=0.00, real=0.00 secs] 
2024-10-04T02:59:04.165+0300: 833.319: Total time for which application threads were stopped: 0.0065525 seconds, Stopping threads took: 0.0001850 seconds
2024-10-04T02:59:04.508+0300: 833.656: Application time: 0.3371571 seconds
2024-10-04T02:59:04.508+0300: 833.656: [GC (Allocation Failure) 2024-10-04T02:59:04.508+0300: 833.656: [DefNew: 1124242K->5742K(1258304K), 0.0032958 secs] 1140569K->22069K(4054528K), 0.0033653 secs] [Times: user=0.00 sys=0.00, real=0.00 secs] 
2024-10-04T02:59:04.508+0300: 833.660: Total time for which application threads were stopped: 0.0036082 seconds, Stopping threads took: 0.0001342 seconds
2024-10-04T02:59:04.854+0300: 834.002: Application time: 0.3425252 seconds
2024-10-04T02:59:04.854+0300: 834.002: [GC (Allocation Failure) 2024-10-04T02:59:04.854+0300: 834.002: [DefNew: 1124270K->5763K(1258304K), 0.0037178 secs] 1140597K->22091K(4054528K), 0.0037881 secs] [Times: user=0.00 sys=0.00, real=0.00 secs] 
2024-10-04T02:59:04.854+0300: 834.006: Total time for which application threads were stopped: 0.0040573 seconds, Stopping threads took: 0.0001329 seconds
2024-10-04T02:59:05.200+0300: 834.354: Application time: 0.3482105 seconds
2024-10-04T02:59:05.200+0300: 834.355: [GC (Allocation Failure) 2024-10-04T02:59:05.200+0300: 834.355: [DefNew: 1124291K->5785K(1258304K), 0.0032644 secs] 1140619K->22113K(4054528K), 0.0033298 secs] [Times: user=0.00 sys=0.00, real=0.00 secs] 
2024-10-04T02:59:05.200+0300: 834.358: Total time for which application threads were stopped: 0.0036389 seconds, Stopping threads took: 0.0001792 seconds
2024-10-04T02:59:05.545+0300: 834.697: Application time: 0.3385237 seconds
2024-10-04T02:59:05.545+0300: 834.697: [GC (Allocation Failure) 2024-10-04T02:59:05.545+0300: 834.697: [DefNew: 1124313K->5491K(1258304K), 0.0031992 secs] 1140641K->21820K(4054528K), 0.0032744 secs] [Times: user=0.00 sys=0.00, real=0.00 secs] 
2024-10-04T02:59:05.545+0300: 834.700: Total time for which application threads were stopped: 0.0035533 seconds, Stopping threads took: 0.0001459 seconds
2024-10-04T02:59:05.891+0300: 835.039: Application time: 0.3385136 seconds
2024-10-04T02:59:05.891+0300: 835.039: [GC (Allocation Failure) 2024-10-04T02:59:05.891+0300: 835.039: [DefNew: 1124019K->9090K(1258304K), 0.0076927 secs] 1140348K->25419K(4054528K), 0.0077718 secs] [Times: user=0.02 sys=0.00, real=0.00 secs] 
2024-10-04T02:59:05.891+0300: 835.047: Total time for which application threads were stopped: 0.0080847 seconds, Stopping threads took: 0.0001494 seconds
2024-10-04T02:59:06.236+0300: 835.388: Application time: 0.3411784 seconds
2024-10-04T02:59:06.236+0300: 835.388: [GC (Allocation Failure) 2024-10-04T02:59:06.236+0300: 835.388: [DefNew: 1127618K->7675K(1258304K), 0.0051781 secs] 1143947K->24004K(4054528K), 0.0052522 secs] [Times: user=0.00 sys=0.00, real=0.00 secs] 
2024-10-04T02:59:06.236+0300: 835.394: Total time for which application threads were stopped: 0.0055974 seconds, Stopping threads took: 0.0002135 seconds
2024-10-04T02:59:06.582+0300: 835.737: Application time: 0.3433057 seconds
2024-10-04T02:59:06.582+0300: 835.737: [GC (Allocation Failure) 2024-10-04T02:59:06.582+0300: 835.737: [DefNew: 1126203K->5707K(1258304K), 0.0032359 secs] 1142532K->22037K(4054528K), 0.0033061 secs] [Times: user=0.00 sys=0.00, real=0.00 secs] 
2024-10-04T02:59:06.582+0300: 835.740: Total time for which application threads were stopped: 0.0035596 seconds, Stopping threads took: 0.0001362 seconds
2024-10-04T02:59:06.943+0300: 836.094: Application time: 0.3532472 seconds
2024-10-04T02:59:06.943+0300: 836.094: [GC (Allocation Failure) 2024-10-04T02:59:06.943+0300: 836.094: [DefNew: 1124235K->5525K(1258304K), 0.0033205 secs] 1140565K->21855K(4054528K), 0.0033884 secs] [Times: user=0.00 sys=0.00, real=0.00 secs] 
2024-10-04T02:59:06.943+0300: 836.097: Total time for which application threads were stopped: 0.0037053 seconds, Stopping threads took: 0.0001940 seconds
2024-10-04T02:59:07.288+0300: 836.434: Application time: 0.3365267 seconds
2024-10-04T02:59:07.288+0300: 836.434: [GC (Allocation Failure) 2024-10-04T02:59:07.288+0300: 836.434: [DefNew: 1124053K->5638K(1258304K), 0.0032956 secs] 1140383K->21968K(4054528K), 0.0033740 secs] [Times: user=0.00 sys=0.00, real=0.00 secs] 
2024-10-04T02:59:07.288+0300: 836.438: Total time for which application threads were stopped: 0.0036702 seconds, Stopping threads took: 0.0001685 seconds
2024-10-04T02:59:07.618+0300: 836.775: Application time: 0.3371679 seconds
2024-10-04T02:59:07.618+0300: 836.775: [GC (Allocation Failure) 2024-10-04T02:59:07.618+0300: 836.775: [DefNew: 1124166K->6009K(1258304K), 0.0034047 secs] 1140496K->22339K(4054528K), 0.0034741 secs] [Times: user=0.00 sys=0.00, real=0.01 secs] 
2024-10-04T02:59:07.633+0300: 836.779: Total time for which application threads were stopped: 0.0038127 seconds, Stopping threads took: 0.0002150 seconds
2024-10-04T02:59:07.979+0300: 837.127: Application time: 0.3479883 seconds
2024-10-04T02:59:07.979+0300: 837.127: [GC (Allocation Failure) 2024-10-04T02:59:07.979+0300: 837.127: [DefNew: 1124537K->7767K(1258304K), 0.0062144 secs] 1140867K->24098K(4054528K), 0.0063006 secs] [Times: user=0.00 sys=0.00, real=0.00 secs] 
2024-10-04T02:59:07.979+0300: 837.133: Total time for which application threads were stopped: 0.0065621 seconds, Stopping threads took: 0.0001113 seconds
2024-10-04T02:59:08.325+0300: 837.485: Application time: 0.3519118 seconds
2024-10-04T02:59:08.340+0300: 837.485: [GC (Allocation Failure) 2024-10-04T02:59:08.340+0300: 837.485: [DefNew: 1126295K->5566K(1258304K), 0.0031904 secs] 1142626K->21897K(4054528K), 0.0032923 secs] [Times: user=0.00 sys=0.00, real=0.00 secs] 
2024-10-04T02:59:08.340+0300: 837.489: Total time for which application threads were stopped: 0.0035470 seconds, Stopping threads took: 0.0001420 seconds
2024-10-04T02:59:08.675+0300: 837.830: Application time: 0.3410738 seconds
2024-10-04T02:59:08.675+0300: 837.830: [GC (Allocation Failure) 2024-10-04T02:59:08.675+0300: 837.830: [DefNew: 1124094K->5634K(1258304K), 0.0033261 secs] 1140425K->21965K(4054528K), 0.0034006 secs] [Times: user=0.00 sys=0.00, real=0.01 secs] 
2024-10-04T02:59:08.686+0300: 837.833: Total time for which application threads were stopped: 0.0037479 seconds, Stopping threads took: 0.0002214 seconds
2024-10-04T02:59:09.031+0300: 838.176: Application time: 0.3427367 seconds
2024-10-04T02:59:09.031+0300: 838.176: [GC (Allocation Failure) 2024-10-04T02:59:09.031+0300: 838.177: [DefNew: 1124162K->6153K(1258304K), 0.0038852 secs] 1140493K->22485K(4054528K), 0.0039912 secs] [Times: user=0.00 sys=0.01, real=0.00 secs] 
2024-10-04T02:59:09.031+0300: 838.181: Total time for which application threads were stopped: 0.0043059 seconds, Stopping threads took: 0.0001537 seconds
2024-10-04T02:59:09.360+0300: 838.513: Application time: 0.3326549 seconds
2024-10-04T02:59:09.360+0300: 838.513: [GC (Allocation Failure) 2024-10-04T02:59:09.360+0300: 838.513: [DefNew: 1124681K->5834K(1258304K), 0.0033026 secs] 1141013K->22166K(4054528K), 0.0033764 secs] [Times: user=0.00 sys=0.00, real=0.00 secs] 
2024-10-04T02:59:09.360+0300: 838.517: Total time for which application threads were stopped: 0.0037002 seconds, Stopping threads took: 0.0002097 seconds
2024-10-04T02:59:09.706+0300: 838.865: Application time: 0.3479328 seconds
2024-10-04T02:59:09.706+0300: 838.865: [GC (Allocation Failure) 2024-10-04T02:59:09.706+0300: 838.865: [DefNew: 1124362K->5673K(1258304K), 0.0033761 secs] 1140694K->22005K(4054528K), 0.0034492 secs] [Times: user=0.00 sys=0.00, real=0.02 secs] 
2024-10-04T02:59:09.722+0300: 838.869: Total time for which application threads were stopped: 0.0037735 seconds, Stopping threads took: 0.0002055 seconds
2024-10-04T02:59:10.078+0300: 839.226: Application time: 0.3573167 seconds
2024-10-04T02:59:10.078+0300: 839.226: [GC (Allocation Failure) 2024-10-04T02:59:10.078+0300: 839.226: [DefNew: 1124201K->5572K(1258304K), 0.0032526 secs] 1140533K->21904K(4054528K), 0.0033209 secs] [Times: user=0.00 sys=0.00, real=0.00 secs] 
2024-10-04T02:59:10.083+0300: 839.229: Total time for which application threads were stopped: 0.0035963 seconds, Stopping threads took: 0.0001454 seconds
2024-10-04T02:59:10.412+0300: 839.562: Application time: 0.3325058 seconds
2024-10-04T02:59:10.412+0300: 839.562: [GC (Allocation Failure) 2024-10-04T02:59:10.412+0300: 839.562: [DefNew: 1124100K->5592K(1258304K), 0.0032532 secs] 1140432K->21925K(4054528K), 0.0033270 secs] [Times: user=0.00 sys=0.00, real=0.00 secs] 
2024-10-04T02:59:10.412+0300: 839.566: Total time for which application threads were stopped: 0.0035924 seconds, Stopping threads took: 0.0001437 seconds
2024-10-04T02:59:10.758+0300: 839.903: Application time: 0.3376604 seconds
2024-10-04T02:59:10.758+0300: 839.904: [GC (Allocation Failure) 2024-10-04T02:59:10.758+0300: 839.904: [DefNew: 1124120K->6341K(1258304K), 0.0035268 secs] 1140453K->22675K(4054528K), 0.0036081 secs] [Times: user=0.00 sys=0.00, real=0.00 secs] 
2024-10-04T02:59:10.758+0300: 839.907: Total time for which application threads were stopped: 0.0039678 seconds, Stopping threads took: 0.0002438 seconds
2024-10-04T02:59:11.104+0300: 840.256: Application time: 0.3486951 seconds
2024-10-04T02:59:11.104+0300: 840.256: [GC (Allocation Failure) 2024-10-04T02:59:11.104+0300: 840.256: [DefNew: 1124869K->9899K(1258304K), 0.0078426 secs] 1141203K->26233K(4054528K), 0.0079147 secs] [Times: user=0.00 sys=0.00, real=0.00 secs] 
2024-10-04T02:59:11.104+0300: 840.264: Total time for which application threads were stopped: 0.0082220 seconds, Stopping threads took: 0.0001796 seconds
2024-10-04T02:59:11.449+0300: 840.607: Application time: 0.3426299 seconds
2024-10-04T02:59:11.449+0300: 840.607: [GC (Allocation Failure) 2024-10-04T02:59:11.449+0300: 840.607: [DefNew: 1128427K->5671K(1258304K), 0.0033725 secs] 1144761K->22005K(4054528K), 0.0034375 secs] [Times: user=0.00 sys=0.00, real=0.02 secs] 
2024-10-04T02:59:11.465+0300: 840.611: Total time for which application threads were stopped: 0.0037747 seconds, Stopping threads took: 0.0002144 seconds
2024-10-04T02:59:11.795+0300: 840.955: Application time: 0.3440534 seconds
2024-10-04T02:59:11.795+0300: 840.955: [GC (Allocation Failure) 2024-10-04T02:59:11.795+0300: 840.955: [DefNew: 1124199K->5649K(1258304K), 0.0033549 secs] 1140533K->21983K(4054528K), 0.0034413 secs] [Times: user=0.00 sys=0.00, real=0.01 secs] 
2024-10-04T02:59:11.810+0300: 840.958: Total time for which application threads were stopped: 0.0037904 seconds, Stopping threads took: 0.0001947 seconds
2024-10-04T02:59:12.155+0300: 841.303: Application time: 0.3444786 seconds
2024-10-04T02:59:12.155+0300: 841.303: [GC (Allocation Failure) 2024-10-04T02:59:12.155+0300: 841.303: [DefNew: 1124177K->5468K(1258304K), 0.0032076 secs] 1140511K->21803K(4054528K), 0.0032904 secs] [Times: user=0.00 sys=0.00, real=0.00 secs] 
2024-10-04T02:59:12.155+0300: 841.307: Total time for which application threads were stopped: 0.0036416 seconds, Stopping threads took: 0.0001891 seconds
2024-10-04T02:59:12.485+0300: 841.642: Application time: 0.3357905 seconds
2024-10-04T02:59:12.485+0300: 841.643: [GC (Allocation Failure) 2024-10-04T02:59:12.485+0300: 841.643: [DefNew: 1123996K->9724K(1258304K), 0.0076735 secs] 1140331K->26059K(4054528K), 0.0077468 secs] [Times: user=0.00 sys=0.00, real=0.02 secs] 
2024-10-04T02:59:12.501+0300: 841.650: Total time for which application threads were stopped: 0.0080871 seconds, Stopping threads took: 0.0002227 seconds
2024-10-04T02:59:12.846+0300: 841.994: Application time: 0.3431998 seconds
2024-10-04T02:59:12.846+0300: 841.994: [GC (Allocation Failure) 2024-10-04T02:59:12.846+0300: 841.994: [DefNew: 1128252K->5740K(1258304K), 0.0032614 secs] 1144587K->22075K(4054528K), 0.0033293 secs] [Times: user=0.00 sys=0.00, real=0.00 secs] 
2024-10-04T02:59:12.846+0300: 841.997: Total time for which application threads were stopped: 0.0035865 seconds, Stopping threads took: 0.0001511 seconds
2024-10-04T02:59:13.207+0300: 842.354: Application time: 0.3566444 seconds
2024-10-04T02:59:13.207+0300: 842.354: [GC (Allocation Failure) 2024-10-04T02:59:13.207+0300: 842.354: [DefNew: 1124268K->5643K(1258304K), 0.0033691 secs] 1140603K->21978K(4054528K), 0.0034535 secs] [Times: user=0.02 sys=0.00, real=0.00 secs] 
2024-10-04T02:59:13.207+0300: 842.358: Total time for which application threads were stopped: 0.0037566 seconds, Stopping threads took: 0.0001416 seconds
2024-10-04T02:59:13.552+0300: 842.698: Application time: 0.3399482 seconds
2024-10-04T02:59:13.552+0300: 842.698: [GC (Allocation Failure) 2024-10-04T02:59:13.552+0300: 842.698: [DefNew: 1124171K->5645K(1258304K), 0.0031842 secs] 1140506K->21980K(4054528K), 0.0032522 secs] [Times: user=0.00 sys=0.00, real=0.00 secs] 
2024-10-04T02:59:13.552+0300: 842.701: Total time for which application threads were stopped: 0.0034934 seconds, Stopping threads took: 0.0001326 seconds
2024-10-04T02:59:13.887+0300: 843.038: Application time: 0.3371367 seconds
2024-10-04T02:59:13.887+0300: 843.039: [GC (Allocation Failure) 2024-10-04T02:59:13.887+0300: 843.039: [DefNew: 1124173K->5590K(1258304K), 0.0040891 secs] 1140508K->21927K(4054528K), 0.0041823 secs] [Times: user=0.00 sys=0.00, real=0.01 secs] 
2024-10-04T02:59:13.897+0300: 843.043: Total time for which application threads were stopped: 0.0045552 seconds, Stopping threads took: 0.0002212 seconds
2024-10-04T02:59:14.227+0300: 843.387: Application time: 0.3441890 seconds
2024-10-04T02:59:14.227+0300: 843.387: [GC (Allocation Failure) 2024-10-04T02:59:14.227+0300: 843.387: [DefNew: 1124118K->7496K(1258304K), 0.0052720 secs] 1140455K->23833K(4054528K), 0.0053510 secs] [Times: user=0.00 sys=0.00, real=0.02 secs] 
2024-10-04T02:59:14.242+0300: 843.393: Total time for which application threads were stopped: 0.0056202 seconds, Stopping threads took: 0.0001537 seconds
2024-10-04T02:59:14.589+0300: 843.741: Application time: 0.3481659 seconds
2024-10-04T02:59:14.589+0300: 843.741: [GC (Allocation Failure) 2024-10-04T02:59:14.589+0300: 843.741: [DefNew: 1126024K->5507K(1258304K), 0.0031887 secs] 1142361K->21844K(4054528K), 0.0032563 secs] [Times: user=0.00 sys=0.00, real=0.00 secs] 
2024-10-04T02:59:14.589+0300: 843.744: Total time for which application threads were stopped: 0.0035721 seconds, Stopping threads took: 0.0001872 seconds
2024-10-04T02:59:14.933+0300: 844.093: Application time: 0.3486100 seconds
2024-10-04T02:59:14.933+0300: 844.093: [GC (Allocation Failure) 2024-10-04T02:59:14.933+0300: 844.093: [DefNew: 1124035K->5617K(1258304K), 0.0032336 secs] 1140372K->21954K(4054528K), 0.0033073 secs] [Times: user=0.00 sys=0.00, real=0.02 secs] 
2024-10-04T02:59:14.949+0300: 844.097: Total time for which application threads were stopped: 0.0036060 seconds, Stopping threads took: 0.0001618 seconds
2024-10-04T02:59:15.278+0300: 844.435: Application time: 0.3388482 seconds
2024-10-04T02:59:15.290+0300: 844.436: [GC (Allocation Failure) 2024-10-04T02:59:15.290+0300: 844.436: [DefNew: 1124145K->5501K(1258304K), 0.0031374 secs] 1140482K->21838K(4054528K), 0.0032188 secs] [Times: user=0.00 sys=0.00, real=0.00 secs] 
2024-10-04T02:59:15.294+0300: 844.439: Total time for which application threads were stopped: 0.0035766 seconds, Stopping threads took: 0.0002325 seconds
2024-10-04T02:59:15.624+0300: 844.775: Application time: 0.3357399 seconds
2024-10-04T02:59:15.624+0300: 844.775: [GC (Allocation Failure) 2024-10-04T02:59:15.624+0300: 844.775: [DefNew: 1124029K->9906K(1258304K), 0.0076945 secs] 1140366K->26244K(4054528K), 0.0077660 secs] [Times: user=0.00 sys=0.00, real=0.00 secs] 
2024-10-04T02:59:15.624+0300: 844.783: Total time for which application threads were stopped: 0.0080803 seconds, Stopping threads took: 0.0001958 seconds
2024-10-04T02:59:15.992+0300: 845.138: Application time: 0.3547429 seconds
2024-10-04T02:59:15.992+0300: 845.138: [GC (Allocation Failure) 2024-10-04T02:59:15.992+0300: 845.138: [DefNew: 1128434K->5679K(1258304K), 0.0033929 secs] 1144772K->22017K(4054528K), 0.0034624 secs] [Times: user=0.00 sys=0.00, real=0.00 secs] 
2024-10-04T02:59:15.992+0300: 845.141: Total time for which application threads were stopped: 0.0037152 seconds, Stopping threads took: 0.0001117 seconds
2024-10-04T02:59:16.345+0300: 845.495: Application time: 0.3534414 seconds
2024-10-04T02:59:16.345+0300: 845.495: [GC (Allocation Failure) 2024-10-04T02:59:16.345+0300: 845.495: [DefNew: 1124207K->5564K(1258304K), 0.0032633 secs] 1140545K->21902K(4054528K), 0.0033444 secs] [Times: user=0.00 sys=0.00, real=0.00 secs] 
2024-10-04T02:59:16.345+0300: 845.498: Total time for which application threads were stopped: 0.0036201 seconds, Stopping threads took: 0.0001536 seconds
2024-10-04T02:59:16.694+0300: 845.840: Application time: 0.3419248 seconds
2024-10-04T02:59:16.694+0300: 845.840: [GC (Allocation Failure) 2024-10-04T02:59:16.694+0300: 845.841: [DefNew: 1124092K->5635K(1258304K), 0.0032466 secs] 1140430K->21973K(4054528K), 0.0033181 secs] [Times: user=0.00 sys=0.00, real=0.00 secs] 
2024-10-04T02:59:16.694+0300: 845.844: Total time for which application threads were stopped: 0.0035871 seconds, Stopping threads took: 0.0001465 seconds
2024-10-04T02:59:17.035+0300: 846.182: Application time: 0.3384141 seconds
2024-10-04T02:59:17.035+0300: 846.182: [GC (Allocation Failure) 2024-10-04T02:59:17.035+0300: 846.182: [DefNew: 1124163K->5569K(1258304K), 0.0031179 secs] 1140501K->21907K(4054528K), 0.0031896 secs] [Times: user=0.00 sys=0.00, real=0.00 secs] 
2024-10-04T02:59:17.035+0300: 846.186: Total time for which application threads were stopped: 0.0034369 seconds, Stopping threads took: 0.0001252 seconds
2024-10-04T02:59:17.381+0300: 846.532: Application time: 0.3459737 seconds
2024-10-04T02:59:17.381+0300: 846.532: [GC (Allocation Failure) 2024-10-04T02:59:17.381+0300: 846.532: [DefNew: 1124097K->9385K(1258304K), 0.0078639 secs] 1140435K->25725K(4054528K), 0.0079328 secs] [Times: user=0.00 sys=0.00, real=0.00 secs] 
2024-10-04T02:59:17.381+0300: 846.540: Total time for which application threads were stopped: 0.0082719 seconds, Stopping threads took: 0.0002270 seconds
2024-10-04T02:59:17.741+0300: 846.890: Application time: 0.3499888 seconds
2024-10-04T02:59:17.741+0300: 846.890: [GC (Allocation Failure) 2024-10-04T02:59:17.741+0300: 846.890: [DefNew: 1127913K->5593K(1258304K), 0.0031896 secs] 1144253K->21933K(4054528K), 0.0032554 secs] [Times: user=0.00 sys=0.00, real=0.00 secs] 
2024-10-04T02:59:17.741+0300: 846.893: Total time for which application threads were stopped: 0.0035654 seconds, Stopping threads took: 0.0001953 seconds
2024-10-04T02:59:18.097+0300: 847.246: Application time: 0.3521407 seconds
2024-10-04T02:59:18.097+0300: 847.246: [GC (Allocation Failure) 2024-10-04T02:59:18.097+0300: 847.246: [DefNew: 1124121K->5638K(1258304K), 0.0034886 secs] 1140461K->21978K(4054528K), 0.0035657 secs] [Times: user=0.00 sys=0.00, real=0.01 secs] 
2024-10-04T02:59:18.103+0300: 847.250: Total time for which application threads were stopped: 0.0038765 seconds, Stopping threads took: 0.0001822 seconds
2024-10-04T02:59:18.433+0300: 847.585: Application time: 0.3358926 seconds
2024-10-04T02:59:18.433+0300: 847.586: [GC (Allocation Failure) 2024-10-04T02:59:18.433+0300: 847.586: [DefNew: 1124166K->5654K(1258304K), 0.0035741 secs] 1140506K->21994K(4054528K), 0.0036485 secs] [Times: user=0.00 sys=0.00, real=0.00 secs] 
2024-10-04T02:59:18.433+0300: 847.589: Total time for which application threads were stopped: 0.0039479 seconds, Stopping threads took: 0.0001837 seconds
2024-10-04T02:59:18.762+0300: 847.920: Application time: 0.3306227 seconds
2024-10-04T02:59:18.762+0300: 847.920: [GC (Allocation Failure) 2024-10-04T02:59:18.762+0300: 847.920: [DefNew: 1124182K->7771K(1258304K), 0.0055699 secs] 1140522K->24112K(4054528K), 0.0056395 secs] [Times: user=0.00 sys=0.00, real=0.02 secs] 
2024-10-04T02:59:18.778+0300: 847.926: Total time for which application threads were stopped: 0.0059752 seconds, Stopping threads took: 0.0002141 seconds
2024-10-04T02:59:19.123+0300: 848.283: Application time: 0.3568609 seconds
2024-10-04T02:59:19.123+0300: 848.283: [GC (Allocation Failure) 2024-10-04T02:59:19.123+0300: 848.283: [DefNew: 1126299K->5690K(1258304K), 0.0034168 secs] 1142640K->22031K(4054528K), 0.0035005 secs] [Times: user=0.00 sys=0.00, real=0.02 secs] 
2024-10-04T02:59:19.139+0300: 848.287: Total time for which application threads were stopped: 0.0038346 seconds, Stopping threads took: 0.0002035 seconds
2024-10-04T02:59:19.484+0300: 848.638: Application time: 0.3512572 seconds
2024-10-04T02:59:19.484+0300: 848.638: [GC (Allocation Failure) 2024-10-04T02:59:19.484+0300: 848.638: [DefNew: 1124218K->5452K(1258304K), 0.0031096 secs] 1140559K->21793K(4054528K), 0.0031890 secs] [Times: user=0.00 sys=0.00, real=0.00 secs] 
2024-10-04T02:59:19.484+0300: 848.641: Total time for which application threads were stopped: 0.0034576 seconds, Stopping threads took: 0.0001424 seconds
2024-10-04T02:59:19.830+0300: 848.981: Application time: 0.3400405 seconds
2024-10-04T02:59:19.830+0300: 848.982: [GC (Allocation Failure) 2024-10-04T02:59:19.830+0300: 848.982: [DefNew: 1123980K->5613K(1258304K), 0.0031699 secs] 1140321K->21954K(4054528K), 0.0032354 secs] [Times: user=0.00 sys=0.00, real=0.00 secs] 
2024-10-04T02:59:19.830+0300: 848.985: Total time for which application threads were stopped: 0.0035558 seconds, Stopping threads took: 0.0001815 seconds
2024-10-04T02:59:20.175+0300: 849.326: Application time: 0.3412874 seconds
2024-10-04T02:59:20.175+0300: 849.327: [GC (Allocation Failure) 2024-10-04T02:59:20.175+0300: 849.327: [DefNew: 1124141K->7278K(1258304K), 0.0050539 secs] 1140482K->23620K(4054528K), 0.0051336 secs] [Times: user=0.00 sys=0.00, real=0.00 secs] 
2024-10-04T02:59:20.175+0300: 849.332: Total time for which application threads were stopped: 0.0054115 seconds, Stopping threads took: 0.0001362 seconds
2024-10-04T02:59:20.521+0300: 849.671: Application time: 0.3396936 seconds
2024-10-04T02:59:20.521+0300: 849.672: [GC (Allocation Failure) 2024-10-04T02:59:20.521+0300: 849.674: [DefNew: 1125806K->6345K(1258304K), 0.0045602 secs] 1142148K->22687K(4054528K), 0.0068450 secs] [Times: user=0.00 sys=0.00, real=0.00 secs] 
2024-10-04T02:59:20.521+0300: 849.679: Total time for which application threads were stopped: 0.0071593 seconds, Stopping threads took: 0.0001682 seconds
2024-10-04T02:59:20.882+0300: 850.031: Application time: 0.3519686 seconds
2024-10-04T02:59:20.882+0300: 850.031: [GC (Allocation Failure) 2024-10-04T02:59:20.882+0300: 850.031: [DefNew: 1124873K->5607K(1258304K), 0.0035237 secs] 1141215K->21950K(4054528K), 0.0035915 secs] [Times: user=0.00 sys=0.00, real=0.00 secs] 
2024-10-04T02:59:20.882+0300: 850.034: Total time for which application threads were stopped: 0.0038916 seconds, Stopping threads took: 0.0001723 seconds
2024-10-04T02:59:21.228+0300: 850.384: Application time: 0.3498776 seconds
2024-10-04T02:59:21.228+0300: 850.385: [GC (Allocation Failure) 2024-10-04T02:59:21.228+0300: 850.385: [DefNew: 1124135K->5522K(1258304K), 0.0032117 secs] 1140478K->21865K(4054528K), 0.0032900 secs] [Times: user=0.00 sys=0.00, real=0.00 secs] 
2024-10-04T02:59:21.228+0300: 850.388: Total time for which application threads were stopped: 0.0035807 seconds, Stopping threads took: 0.0001657 seconds
2024-10-04T02:59:21.573+0300: 850.724: Application time: 0.3359007 seconds
2024-10-04T02:59:21.573+0300: 850.724: [GC (Allocation Failure) 2024-10-04T02:59:21.573+0300: 850.724: [DefNew: 1124050K->5850K(1258304K), 0.0037161 secs] 1140393K->22193K(4054528K), 0.0037952 secs] [Times: user=0.00 sys=0.00, real=0.00 secs] 
2024-10-04T02:59:21.573+0300: 850.728: Total time for which application threads were stopped: 0.0041200 seconds, Stopping threads took: 0.0001831 seconds
2024-10-04T02:59:21.919+0300: 851.067: Application time: 0.3395546 seconds
2024-10-04T02:59:21.919+0300: 851.068: [GC (Allocation Failure) 2024-10-04T02:59:21.919+0300: 851.068: [DefNew: 1124378K->6400K(1258304K), 0.0037156 secs] 1140721K->22743K(4054528K), 0.0037954 secs] [Times: user=0.00 sys=0.00, real=0.00 secs] 
2024-10-04T02:59:21.919+0300: 851.072: Total time for which application threads were stopped: 0.0041367 seconds, Stopping threads took: 0.0001984 seconds
2024-10-04T02:59:22.264+0300: 851.417: Application time: 0.3457498 seconds
2024-10-04T02:59:22.264+0300: 851.418: [GC (Allocation Failure) 2024-10-04T02:59:22.264+0300: 851.418: [DefNew: 1124928K->5703K(1258304K), 0.0033364 secs] 1141271K->22047K(4054528K), 0.0034131 secs] [Times: user=0.00 sys=0.00, real=0.00 secs] 
2024-10-04T02:59:22.264+0300: 851.421: Total time for which application threads were stopped: 0.0037183 seconds, Stopping threads took: 0.0001834 seconds
2024-10-04T02:59:22.625+0300: 851.771: Application time: 0.3494450 seconds
2024-10-04T02:59:22.625+0300: 851.771: [GC (Allocation Failure) 2024-10-04T02:59:22.625+0300: 851.771: [DefNew: 1124231K->5508K(1258304K), 0.0030993 secs] 1140575K->21852K(4054528K), 0.0031662 secs] [Times: user=0.00 sys=0.00, real=0.00 secs] 
2024-10-04T02:59:22.625+0300: 851.774: Total time for which application threads were stopped: 0.0034036 seconds, Stopping threads took: 0.0001239 seconds
2024-10-04T02:59:22.970+0300: 852.121: Application time: 0.3472525 seconds
2024-10-04T02:59:22.970+0300: 852.121: [GC (Allocation Failure) 2024-10-04T02:59:22.970+0300: 852.122: [DefNew: 1124036K->5755K(1258304K), 0.0033181 secs] 1140380K->22099K(4054528K), 0.0033891 secs] [Times: user=0.00 sys=0.00, real=0.00 secs] 
2024-10-04T02:59:22.970+0300: 852.125: Total time for which application threads were stopped: 0.0037122 seconds, Stopping threads took: 0.0001846 seconds
2024-10-04T02:59:23.316+0300: 852.464: Application time: 0.3395753 seconds
2024-10-04T02:59:23.316+0300: 852.465: [GC (Allocation Failure) 2024-10-04T02:59:23.316+0300: 852.465: [DefNew: 1124283K->7450K(1258304K), 0.0052386 secs] 1140627K->23794K(4054528K), 0.0053173 secs] [Times: user=0.00 sys=0.00, real=0.00 secs] 
2024-10-04T02:59:23.316+0300: 852.470: Total time for which application threads were stopped: 0.0055580 seconds, Stopping threads took: 0.0001046 seconds
2024-10-04T02:59:23.645+0300: 852.805: Application time: 0.3348185 seconds
2024-10-04T02:59:23.645+0300: 852.805: [GC (Allocation Failure) 2024-10-04T02:59:23.645+0300: 852.805: [DefNew: 1125978K->9626K(1258304K), 0.0072478 secs] 1142322K->25971K(4054528K), 0.0073188 secs] [Times: user=0.00 sys=0.00, real=0.02 secs] 
2024-10-04T02:59:23.661+0300: 852.812: Total time for which application threads were stopped: 0.0076195 seconds, Stopping threads took: 0.0001932 seconds
2024-10-04T02:59:24.022+0300: 853.169: Application time: 0.3568362 seconds
2024-10-04T02:59:24.022+0300: 853.170: [GC (Allocation Failure) 2024-10-04T02:59:24.022+0300: 853.170: [DefNew: 1128154K->5671K(1258304K), 0.0033967 secs] 1144499K->22016K(4054528K), 0.0034706 secs] [Times: user=0.00 sys=0.00, real=0.00 secs] 
2024-10-04T02:59:24.022+0300: 853.173: Total time for which application threads were stopped: 0.0037101 seconds, Stopping threads took: 0.0001159 seconds
2024-10-04T02:59:24.367+0300: 853.521: Application time: 0.3476899 seconds
2024-10-04T02:59:24.367+0300: 853.521: [GC (Allocation Failure) 2024-10-04T02:59:24.367+0300: 853.521: [DefNew: 1124199K->5557K(1258304K), 0.0032588 secs] 1140544K->21902K(4054528K), 0.0033312 secs] [Times: user=0.00 sys=0.00, real=0.00 secs] 
2024-10-04T02:59:24.367+0300: 853.524: Total time for which application threads were stopped: 0.0036598 seconds, Stopping threads took: 0.0002008 seconds
2024-10-04T02:59:24.713+0300: 853.862: Application time: 0.3380730 seconds
2024-10-04T02:59:24.713+0300: 853.863: [GC (Allocation Failure) 2024-10-04T02:59:24.713+0300: 853.863: [DefNew: 1124085K->5576K(1258304K), 0.0031928 secs] 1140430K->21922K(4054528K), 0.0032641 secs] [Times: user=0.00 sys=0.00, real=0.00 secs] 
2024-10-04T02:59:24.713+0300: 853.866: Total time for which application threads were stopped: 0.0035557 seconds, Stopping threads took: 0.0001657 seconds
2024-10-04T02:59:25.059+0300: 854.209: Application time: 0.3430058 seconds
2024-10-04T02:59:25.059+0300: 854.209: [GC (Allocation Failure) 2024-10-04T02:59:25.059+0300: 854.209: [DefNew: 1124104K->5964K(1258304K), 0.0033228 secs] 1140450K->22310K(4054528K), 0.0033920 secs] [Times: user=0.00 sys=0.00, real=0.00 secs] 
2024-10-04T02:59:25.059+0300: 854.213: Total time for which application threads were stopped: 0.0037189 seconds, Stopping threads took: 0.0002099 seconds
2024-10-04T02:59:25.404+0300: 854.556: Application time: 0.3431064 seconds
2024-10-04T02:59:25.404+0300: 854.556: [GC (Allocation Failure) 2024-10-04T02:59:25.404+0300: 854.556: [DefNew: 1124492K->7722K(1258304K), 0.0052046 secs] 1140838K->24068K(4054528K), 0.0052820 secs] [Times: user=0.00 sys=0.00, real=0.01 secs] 
2024-10-04T02:59:25.414+0300: 854.561: Total time for which application threads were stopped: 0.0055826 seconds, Stopping threads took: 0.0001731 seconds
2024-10-04T02:59:25.765+0300: 854.911: Application time: 0.3494144 seconds
2024-10-04T02:59:25.765+0300: 854.911: [GC (Allocation Failure) 2024-10-04T02:59:25.765+0300: 854.911: [DefNew: 1126250K->5474K(1258304K), 0.0031593 secs] 1142596K->21821K(4054528K), 0.0032232 secs] [Times: user=0.00 sys=0.00, real=0.00 secs] 
2024-10-04T02:59:25.765+0300: 854.914: Total time for which application threads were stopped: 0.0034759 seconds, Stopping threads took: 0.0001313 seconds
2024-10-04T02:59:26.116+0300: 855.264: Application time: 0.3500241 seconds
2024-10-04T02:59:26.116+0300: 855.265: [GC (Allocation Failure) 2024-10-04T02:59:26.116+0300: 855.265: [DefNew: 1124002K->5590K(1258304K), 0.0031948 secs] 1140349K->21937K(4054528K), 0.0032693 secs] [Times: user=0.00 sys=0.00, real=0.00 secs] 
2024-10-04T02:59:26.116+0300: 855.268: Total time for which application threads were stopped: 0.0035989 seconds, Stopping threads took: 0.0002138 seconds
2024-10-04T02:59:26.440+0300: 855.601: Application time: 0.3330090 seconds
2024-10-04T02:59:26.456+0300: 855.601: [GC (Allocation Failure) 2024-10-04T02:59:26.456+0300: 855.601: [DefNew: 1124118K->5772K(1258304K), 0.0034071 secs] 1140465K->22119K(4054528K), 0.0034868 secs] [Times: user=0.00 sys=0.00, real=0.00 secs] 
2024-10-04T02:59:26.456+0300: 855.605: Total time for which application threads were stopped: 0.0039235 seconds, Stopping threads took: 0.0002862 seconds
2024-10-04T02:59:26.786+0300: 855.941: Application time: 0.3357738 seconds
2024-10-04T02:59:26.786+0300: 855.941: [GC (Allocation Failure) 2024-10-04T02:59:26.786+0300: 855.941: [DefNew: 1124300K->8030K(1258304K), 0.0051123 secs] 1140647K->24378K(4054528K), 0.0051839 secs] [Times: user=0.00 sys=0.00, real=0.00 secs] 
2024-10-04T02:59:26.786+0300: 855.946: Total time for which application threads were stopped: 0.0054599 seconds, Stopping threads took: 0.0001524 seconds
2024-10-04T02:59:27.147+0300: 856.304: Application time: 0.3579016 seconds
2024-10-04T02:59:27.147+0300: 856.304: [GC (Allocation Failure) 2024-10-04T02:59:27.147+0300: 856.304: [DefNew: 1126558K->5515K(1258304K), 0.0032564 secs] 1142906K->21863K(4054528K), 0.0033329 secs] [Times: user=0.00 sys=0.00, real=0.01 secs] 
2024-10-04T02:59:27.162+0300: 856.308: Total time for which application threads were stopped: 0.0036791 seconds, Stopping threads took: 0.0002123 seconds
2024-10-04T02:59:27.508+0300: 856.655: Application time: 0.3473503 seconds
2024-10-04T02:59:27.508+0300: 856.655: [GC (Allocation Failure) 2024-10-04T02:59:27.508+0300: 856.655: [DefNew: 1124043K->5590K(1258304K), 0.0032804 secs] 1140391K->21939K(4054528K), 0.0033494 secs] [Times: user=0.00 sys=0.00, real=0.00 secs] 
2024-10-04T02:59:27.508+0300: 856.659: Total time for which application threads were stopped: 0.0036589 seconds, Stopping threads took: 0.0001855 seconds
2024-10-04T02:59:27.853+0300: 857.002: Application time: 0.3433327 seconds
2024-10-04T02:59:27.853+0300: 857.002: [GC (Allocation Failure) 2024-10-04T02:59:27.853+0300: 857.002: [DefNew: 1124118K->5602K(1258304K), 0.0035714 secs] 1140467K->21950K(4054528K), 0.0036408 secs] [Times: user=0.01 sys=0.00, real=0.00 secs] 
2024-10-04T02:59:27.853+0300: 857.006: Total time for which application threads were stopped: 0.0038966 seconds, Stopping threads took: 0.0001326 seconds
2024-10-04T02:59:28.183+0300: 857.338: Application time: 0.3321951 seconds
2024-10-04T02:59:28.183+0300: 857.338: [GC (Allocation Failure) 2024-10-04T02:59:28.183+0300: 857.339: [DefNew: 1124130K->6190K(1258304K), 0.0037143 secs] 1140478K->22539K(4054528K), 0.0037975 secs] [Times: user=0.00 sys=0.00, real=0.00 secs] 
2024-10-04T02:59:28.183+0300: 857.342: Total time for which application threads were stopped: 0.0041441 seconds, Stopping threads took: 0.0002149 seconds
2024-10-04T02:59:28.529+0300: 857.687: Application time: 0.3451691 seconds
2024-10-04T02:59:28.529+0300: 857.688: [GC (Allocation Failure) 2024-10-04T02:59:28.529+0300: 857.688: [DefNew: 1124718K->5760K(1258304K), 0.0033889 secs] 1141067K->22109K(4054528K), 0.0034613 secs] [Times: user=0.00 sys=0.00, real=0.01 secs] 
2024-10-04T02:59:28.544+0300: 857.691: Total time for which application threads were stopped: 0.0037505 seconds, Stopping threads took: 0.0001743 seconds
2024-10-04T02:59:28.889+0300: 858.048: Application time: 0.3571363 seconds
2024-10-04T02:59:28.889+0300: 858.049: [GC (Allocation Failure) 2024-10-04T02:59:28.889+0300: 858.049: [DefNew: 1124288K->5500K(1258304K), 0.0032380 secs] 1140637K->21850K(4054528K), 0.0033040 secs] [Times: user=0.00 sys=0.00, real=0.02 secs] 
2024-10-04T02:59:28.905+0300: 858.052: Total time for which application threads were stopped: 0.0036311 seconds, Stopping threads took: 0.0001976 seconds
2024-10-04T02:59:29.235+0300: 858.395: Application time: 0.3431239 seconds
2024-10-04T02:59:29.235+0300: 858.396: [GC (Allocation Failure) 2024-10-04T02:59:29.235+0300: 858.396: [DefNew: 1124028K->5598K(1258304K), 0.0034228 secs] 1140378K->21948K(4054528K), 0.0034903 secs] [Times: user=0.00 sys=0.00, real=0.02 secs] 
2024-10-04T02:59:29.251+0300: 858.399: Total time for which application threads were stopped: 0.0038985 seconds, Stopping threads took: 0.0002694 seconds
2024-10-04T02:59:29.580+0300: 858.733: Application time: 0.3340260 seconds
2024-10-04T02:59:29.580+0300: 858.733: [GC (Allocation Failure) 2024-10-04T02:59:29.580+0300: 858.733: [DefNew: 1124126K->5764K(1258304K), 0.0033892 secs] 1140476K->22114K(4054528K), 0.0034690 secs] [Times: user=0.00 sys=0.00, real=0.00 secs] 
2024-10-04T02:59:29.580+0300: 858.737: Total time for which application threads were stopped: 0.0038106 seconds, Stopping threads took: 0.0001816 seconds
2024-10-04T02:59:29.926+0300: 859.080: Application time: 0.3431918 seconds
2024-10-04T02:59:29.926+0300: 859.080: [GC (Allocation Failure) 2024-10-04T02:59:29.926+0300: 859.080: [DefNew: 1124292K->9519K(1258304K), 0.0076366 secs] 1140642K->25869K(4054528K), 0.0077013 secs] [Times: user=0.00 sys=0.00, real=0.01 secs] 
2024-10-04T02:59:29.941+0300: 859.088: Total time for which application threads were stopped: 0.0079659 seconds, Stopping threads took: 0.0001545 seconds
2024-10-04T02:59:30.287+0300: 859.436: Application time: 0.3479120 seconds
2024-10-04T02:59:30.287+0300: 859.436: [GC (Allocation Failure) 2024-10-04T02:59:30.287+0300: 859.436: [DefNew: 1128047K->5847K(1258304K), 0.0034699 secs] 1144397K->22198K(4054528K), 0.0035440 secs] [Times: user=0.00 sys=0.00, real=0.00 secs] 
2024-10-04T02:59:30.287+0300: 859.440: Total time for which application threads were stopped: 0.0038503 seconds, Stopping threads took: 0.0001848 seconds
2024-10-04T02:59:30.632+0300: 859.788: Application time: 0.3485596 seconds
2024-10-04T02:59:30.632+0300: 859.789: [GC (Allocation Failure) 2024-10-04T02:59:30.632+0300: 859.789: [DefNew: 1124375K->5684K(1258304K), 0.0033128 secs] 1140726K->22035K(4054528K), 0.0033834 secs] [Times: user=0.00 sys=0.00, real=0.00 secs] 
2024-10-04T02:59:30.632+0300: 859.792: Total time for which application threads were stopped: 0.0036798 seconds, Stopping threads took: 0.0001767 seconds
2024-10-04T02:59:30.977+0300: 860.137: Application time: 0.3452351 seconds
2024-10-04T02:59:30.977+0300: 860.138: [GC (Allocation Failure) 2024-10-04T02:59:30.977+0300: 860.138: [DefNew: 1124212K->5721K(1258304K), 0.0033598 secs] 1140563K->22073K(4054528K), 0.0034343 secs] [Times: user=0.01 sys=0.00, real=0.02 secs] 
2024-10-04T02:59:30.993+0300: 860.141: Total time for which application threads were stopped: 0.0037469 seconds, Stopping threads took: 0.0001682 seconds
2024-10-04T02:59:31.328+0300: 860.477: Application time: 0.3358125 seconds
2024-10-04T02:59:31.328+0300: 860.477: [GC (Allocation Failure) 2024-10-04T02:59:31.328+0300: 860.477: [DefNew: 1124249K->7562K(1258304K), 0.0049100 secs] 1140601K->23914K(4054528K), 0.0049958 secs] [Times: user=0.00 sys=0.00, real=0.00 secs] 
2024-10-04T02:59:31.328+0300: 860.482: Total time for which application threads were stopped: 0.0053307 seconds, Stopping threads took: 0.0002080 seconds
2024-10-04T02:59:31.668+0300: 860.828: Application time: 0.3460013 seconds
2024-10-04T02:59:31.683+0300: 860.829: [GC (Allocation Failure) 2024-10-04T02:59:31.683+0300: 860.829: [DefNew: 1126090K->8021K(1258304K), 0.0056054 secs] 1142442K->24373K(4054528K), 0.0056825 secs] [Times: user=0.00 sys=0.00, real=0.00 secs] 
2024-10-04T02:59:31.683+0300: 860.834: Total time for which application threads were stopped: 0.0060257 seconds, Stopping threads took: 0.0002164 seconds
2024-10-04T02:59:32.030+0300: 861.188: Application time: 0.3540208 seconds
2024-10-04T02:59:32.030+0300: 861.189: [GC (Allocation Failure) 2024-10-04T02:59:32.030+0300: 861.189: [DefNew: 1126549K->5643K(1258304K), 0.0032473 secs] 1142901K->21996K(4054528K), 0.0033347 secs] [Times: user=0.00 sys=0.00, real=0.01 secs] 
2024-10-04T02:59:32.044+0300: 861.192: Total time for which application threads were stopped: 0.0036853 seconds, Stopping threads took: 0.0002252 seconds
2024-10-04T02:59:32.374+0300: 861.533: Application time: 0.3411463 seconds
2024-10-04T02:59:32.374+0300: 861.533: [GC (Allocation Failure) 2024-10-04T02:59:32.374+0300: 861.533: [DefNew: 1124171K->5676K(1258304K), 0.0035217 secs] 1140524K->22028K(4054528K), 0.0036007 secs] [Times: user=0.00 sys=0.00, real=0.02 secs] 
2024-10-04T02:59:32.390+0300: 861.537: Total time for which application threads were stopped: 0.0038931 seconds, Stopping threads took: 0.0001523 seconds
2024-10-04T02:59:32.719+0300: 861.873: Application time: 0.3357932 seconds
2024-10-04T02:59:32.719+0300: 861.873: [GC (Allocation Failure) 2024-10-04T02:59:32.719+0300: 861.873: [DefNew: 1124204K->5903K(1258304K), 0.0035024 secs] 1140556K->22256K(4054528K), 0.0035774 secs] [Times: user=0.00 sys=0.00, real=0.00 secs] 
2024-10-04T02:59:32.719+0300: 861.877: Total time for which application threads were stopped: 0.0038686 seconds, Stopping threads took: 0.0001682 seconds
2024-10-04T02:59:33.065+0300: 862.217: Application time: 0.3406124 seconds
2024-10-04T02:59:33.065+0300: 862.218: [GC (Allocation Failure) 2024-10-04T02:59:33.065+0300: 862.218: [DefNew: 1124431K->7888K(1258304K), 0.0052821 secs] 1140784K->24241K(4054528K), 0.0053586 secs] [Times: user=0.00 sys=0.00, real=0.00 secs] 
2024-10-04T02:59:33.065+0300: 862.223: Total time for which application threads were stopped: 0.0056863 seconds, Stopping threads took: 0.0001713 seconds
2024-10-04T02:59:33.425+0300: 862.571: Application time: 0.3479942 seconds
2024-10-04T02:59:33.425+0300: 862.571: [GC (Allocation Failure) 2024-10-04T02:59:33.425+0300: 862.571: [DefNew: 1126416K->5940K(1258304K), 0.0035189 secs] 1142769K->22293K(4054528K), 0.0035919 secs] [Times: user=0.00 sys=0.00, real=0.00 secs] 
2024-10-04T02:59:33.425+0300: 862.575: Total time for which application threads were stopped: 0.0038685 seconds, Stopping threads took: 0.0001424 seconds
2024-10-04T02:59:33.771+0300: 862.922: Application time: 0.3474821 seconds
2024-10-04T02:59:33.771+0300: 862.923: [GC (Allocation Failure) 2024-10-04T02:59:33.771+0300: 862.923: [DefNew: 1124468K->5471K(1258304K), 0.0031283 secs] 1140821K->21825K(4054528K), 0.0031974 secs] [Times: user=0.00 sys=0.00, real=0.00 secs] 
2024-10-04T02:59:33.771+0300: 862.926: Total time for which application threads were stopped: 0.0034326 seconds, Stopping threads took: 0.0001107 seconds
2024-10-04T02:59:34.116+0300: 863.271: Application time: 0.3449005 seconds
2024-10-04T02:59:34.116+0300: 863.271: [GC (Allocation Failure) 2024-10-04T02:59:34.116+0300: 863.271: [DefNew: 1123999K->5608K(1258304K), 0.0033232 secs] 1140353K->21962K(4054528K), 0.0034165 secs] [Times: user=0.00 sys=0.00, real=0.00 secs] 
2024-10-04T02:59:34.116+0300: 863.274: Total time for which application threads were stopped: 0.0037463 seconds, Stopping threads took: 0.0001753 seconds
2024-10-04T02:59:34.463+0300: 863.611: Application time: 0.3368793 seconds
2024-10-04T02:59:34.463+0300: 863.611: [GC (Allocation Failure) 2024-10-04T02:59:34.463+0300: 863.612: [DefNew: 1124136K->5600K(1258304K), 0.0031626 secs] 1140490K->21955K(4054528K), 0.0032319 secs] [Times: user=0.00 sys=0.00, real=0.00 secs] 
2024-10-04T02:59:34.463+0300: 863.615: Total time for which application threads were stopped: 0.0035001 seconds, Stopping threads took: 0.0001443 seconds
2024-10-04T02:59:34.793+0300: 863.952: Application time: 0.3368643 seconds
2024-10-04T02:59:34.793+0300: 863.952: [GC (Allocation Failure) 2024-10-04T02:59:34.793+0300: 863.952: [DefNew: 1124128K->9034K(1258304K), 0.0076897 secs] 1140483K->25389K(4054528K), 0.0077636 secs] [Times: user=0.00 sys=0.00, real=0.02 secs] 
2024-10-04T02:59:34.808+0300: 863.960: Total time for which application threads were stopped: 0.0080527 seconds, Stopping threads took: 0.0001562 seconds
2024-10-04T02:59:35.154+0300: 864.315: Application time: 0.3548729 seconds
2024-10-04T02:59:35.170+0300: 864.315: [GC (Allocation Failure) 2024-10-04T02:59:35.170+0300: 864.315: [DefNew: 1127562K->5526K(1258304K), 0.0032276 secs] 1143917K->21881K(4054528K), 0.0033081 secs] [Times: user=0.00 sys=0.00, real=0.00 secs] 
2024-10-04T02:59:35.170+0300: 864.318: Total time for which application threads were stopped: 0.0036714 seconds, Stopping threads took: 0.0002205 seconds
2024-10-04T02:59:35.515+0300: 864.664: Application time: 0.3454897 seconds
2024-10-04T02:59:35.515+0300: 864.664: [GC (Allocation Failure) 2024-10-04T02:59:35.515+0300: 864.664: [DefNew: 1124054K->5721K(1258304K), 0.0033485 secs] 1140409K->22076K(4054528K), 0.0034271 secs] [Times: user=0.00 sys=0.00, real=0.00 secs] 
2024-10-04T02:59:35.515+0300: 864.667: Total time for which application threads were stopped: 0.0037294 seconds, Stopping threads took: 0.0001644 seconds
2024-10-04T02:59:35.845+0300: 865.001: Application time: 0.3334617 seconds
2024-10-04T02:59:35.845+0300: 865.001: [GC (Allocation Failure) 2024-10-04T02:59:35.845+0300: 865.001: [DefNew: 1124249K->5672K(1258304K), 0.0033158 secs] 1140604K->22028K(4054528K), 0.0033896 secs] [Times: user=0.00 sys=0.00, real=0.00 secs] 
2024-10-04T02:59:35.845+0300: 865.005: Total time for which application threads were stopped: 0.0036978 seconds, Stopping threads took: 0.0001842 seconds
2024-10-04T02:59:36.190+0300: 865.349: Application time: 0.3440265 seconds
2024-10-04T02:59:36.190+0300: 865.349: [GC (Allocation Failure) 2024-10-04T02:59:36.190+0300: 865.349: [DefNew: 1124200K->5758K(1258304K), 0.0033632 secs] 1140556K->22114K(4054528K), 0.0034375 secs] [Times: user=0.00 sys=0.00, real=0.01 secs] 
2024-10-04T02:59:36.205+0300: 865.352: Total time for which application threads were stopped: 0.0037089 seconds, Stopping threads took: 0.0001564 seconds
2024-10-04T02:59:36.551+0300: 865.699: Application time: 0.3462600 seconds
2024-10-04T02:59:36.551+0300: 865.699: [GC (Allocation Failure) 2024-10-04T02:59:36.551+0300: 865.699: [DefNew: 1124286K->5649K(1258304K), 0.0032867 secs] 1140642K->22005K(4054528K), 0.0033580 secs] [Times: user=0.00 sys=0.00, real=0.00 secs] 
2024-10-04T02:59:36.551+0300: 865.702: Total time for which application threads were stopped: 0.0036375 seconds, Stopping threads took: 0.0001368 seconds
2024-10-04T02:59:36.897+0300: 866.056: Application time: 0.3532579 seconds
2024-10-04T02:59:36.897+0300: 866.056: [GC (Allocation Failure) 2024-10-04T02:59:36.897+0300: 866.056: [DefNew: 1124177K->5762K(1258304K), 0.0038448 secs] 1140533K->22119K(4054528K), 0.0039409 secs] [Times: user=0.00 sys=0.00, real=0.01 secs] 
2024-10-04T02:59:36.912+0300: 866.060: Total time for which application threads were stopped: 0.0043582 seconds, Stopping threads took: 0.0002509 seconds
2024-10-04T02:59:37.242+0300: 866.401: Application time: 0.3416082 seconds
2024-10-04T02:59:37.242+0300: 866.402: [GC (Allocation Failure) 2024-10-04T02:59:37.242+0300: 866.402: [DefNew: 1124290K->5547K(1258304K), 0.0032924 secs] 1140647K->21904K(4054528K), 0.0033736 secs] [Times: user=0.00 sys=0.00, real=0.02 secs] 
2024-10-04T02:59:37.258+0300: 866.405: Total time for which application threads were stopped: 0.0036939 seconds, Stopping threads took: 0.0001952 seconds
2024-10-04T02:59:37.588+0300: 866.740: Application time: 0.3350334 seconds
2024-10-04T02:59:37.588+0300: 866.740: [GC (Allocation Failure) 2024-10-04T02:59:37.588+0300: 866.741: [DefNew: 1124075K->8277K(1258304K), 0.0058125 secs] 1140432K->24634K(4054528K), 0.0058835 secs] [Times: user=0.00 sys=0.00, real=0.00 secs] 
2024-10-04T02:59:37.588+0300: 866.746: Total time for which application threads were stopped: 0.0061792 seconds, Stopping threads took: 0.0001744 seconds
2024-10-04T02:59:37.944+0300: 867.090: Application time: 0.3434089 seconds
2024-10-04T02:59:37.944+0300: 867.090: [GC (Allocation Failure) 2024-10-04T02:59:37.944+0300: 867.090: [DefNew: 1126805K->8093K(1258304K), 0.0056483 secs] 1143162K->24451K(4054528K), 0.0057207 secs] [Times: user=0.00 sys=0.00, real=0.00 secs] 
2024-10-04T02:59:37.949+0300: 867.096: Total time for which application threads were stopped: 0.0060234 seconds, Stopping threads took: 0.0001671 seconds
2024-10-04T02:59:38.295+0300: 867.447: Application time: 0.3506935 seconds
2024-10-04T02:59:38.295+0300: 867.447: [GC (Allocation Failure) 2024-10-04T02:59:38.295+0300: 867.447: [DefNew: 1126621K->5482K(1258304K), 0.0031516 secs] 1142979K->21841K(4054528K), 0.0032252 secs] [Times: user=0.00 sys=0.00, real=0.00 secs] 
2024-10-04T02:59:38.295+0300: 867.450: Total time for which application threads were stopped: 0.0035424 seconds, Stopping threads took: 0.0001933 seconds
2024-10-04T02:59:38.646+0300: 867.799: Application time: 0.3484951 seconds
2024-10-04T02:59:38.646+0300: 867.799: [GC (Allocation Failure) 2024-10-04T02:59:38.646+0300: 867.799: [DefNew: 1124010K->5798K(1258304K), 0.0033439 secs] 1140369K->22156K(4054528K), 0.0034161 secs] [Times: user=0.00 sys=0.00, real=0.01 secs] 
2024-10-04T02:59:38.655+0300: 867.802: Total time for which application threads were stopped: 0.0037019 seconds, Stopping threads took: 0.0001833 seconds
2024-10-04T02:59:39.000+0300: 868.146: Application time: 0.3433394 seconds
2024-10-04T02:59:39.000+0300: 868.146: [GC (Allocation Failure) 2024-10-04T02:59:39.000+0300: 868.146: [DefNew: 1124326K->5723K(1258304K), 0.0036951 secs] 1140684K->22082K(4054528K), 0.0037700 secs] [Times: user=0.02 sys=0.00, real=0.00 secs] 
2024-10-04T02:59:39.000+0300: 868.150: Total time for which application threads were stopped: 0.0040887 seconds, Stopping threads took: 0.0001606 seconds
2024-10-04T02:59:39.330+0300: 868.486: Application time: 0.3360216 seconds
2024-10-04T02:59:39.330+0300: 868.486: [GC (Allocation Failure) 2024-10-04T02:59:39.330+0300: 868.486: [DefNew: 1124251K->5829K(1258304K), 0.0033295 secs] 1140610K->22188K(4054528K), 0.0034046 secs] [Times: user=0.00 sys=0.00, real=0.00 secs] 
2024-10-04T02:59:39.330+0300: 868.489: Total time for which application threads were stopped: 0.0037149 seconds, Stopping threads took: 0.0001857 seconds
2024-10-04T02:59:39.676+0300: 868.834: Application time: 0.3441769 seconds
2024-10-04T02:59:39.676+0300: 868.834: [GC (Allocation Failure) 2024-10-04T02:59:39.676+0300: 868.834: [DefNew: 1124357K->6419K(1258304K), 0.0037245 secs] 1140716K->22778K(4054528K), 0.0037946 secs] [Times: user=0.00 sys=0.00, real=0.01 secs] 
2024-10-04T02:59:39.691+0300: 868.838: Total time for which application threads were stopped: 0.0041253 seconds, Stopping threads took: 0.0002096 seconds
2024-10-04T02:59:40.036+0300: 869.193: Application time: 0.3556055 seconds
2024-10-04T02:59:40.036+0300: 869.194: [GC (Allocation Failure) 2024-10-04T02:59:40.036+0300: 869.194: [DefNew: 1124947K->5675K(1258304K), 0.0033993 secs] 1141306K->22035K(4054528K), 0.0034737 secs] [Times: user=0.00 sys=0.00, real=0.01 secs] 
2024-10-04T02:59:40.049+0300: 869.197: Total time for which application threads were stopped: 0.0038818 seconds, Stopping threads took: 0.0002591 seconds
2024-10-04T02:59:40.382+0300: 869.538: Application time: 0.3409746 seconds
2024-10-04T02:59:40.382+0300: 869.539: [GC (Allocation Failure) 2024-10-04T02:59:40.382+0300: 869.539: [DefNew: 1124203K->5601K(1258304K), 0.0031792 secs] 1140563K->21960K(4054528K), 0.0032611 secs] [Times: user=0.00 sys=0.00, real=0.00 secs] 
2024-10-04T02:59:40.382+0300: 869.542: Total time for which application threads were stopped: 0.0035666 seconds, Stopping threads took: 0.0001858 seconds
2024-10-04T02:59:40.727+0300: 869.874: Application time: 0.3325061 seconds
2024-10-04T02:59:40.727+0300: 869.875: [GC (Allocation Failure) 2024-10-04T02:59:40.727+0300: 869.875: [DefNew: 1124129K->7312K(1258304K), 0.0049975 secs] 1140488K->23672K(4054528K), 0.0050668 secs] [Times: user=0.00 sys=0.00, real=0.00 secs] 
2024-10-04T02:59:40.727+0300: 869.880: Total time for which application threads were stopped: 0.0053231 seconds, Stopping threads took: 0.0001461 seconds
2024-10-04T02:59:41.073+0300: 870.227: Application time: 0.3470101 seconds
2024-10-04T02:59:41.073+0300: 870.227: [GC (Allocation Failure) 2024-10-04T02:59:41.073+0300: 870.227: [DefNew: 1125840K->6020K(1258304K), 0.0035705 secs] 1142200K->22380K(4054528K), 0.0036390 secs] [Times: user=0.00 sys=0.00, real=0.00 secs] 
2024-10-04T02:59:41.073+0300: 870.231: Total time for which application threads were stopped: 0.0039549 seconds, Stopping threads took: 0.0001955 seconds
2024-10-04T02:59:41.418+0300: 870.577: Application time: 0.3460855 seconds
2024-10-04T02:59:41.418+0300: 870.577: [GC (Allocation Failure) 2024-10-04T02:59:41.418+0300: 870.577: [DefNew: 1124548K->5565K(1258304K), 0.0034251 secs] 1140908K->21925K(4054528K), 0.0034993 secs] [Times: user=0.00 sys=0.00, real=0.02 secs] 
2024-10-04T02:59:41.434+0300: 870.580: Total time for which application threads were stopped: 0.0037904 seconds, Stopping threads took: 0.0001713 seconds
2024-10-04T02:59:41.780+0300: 870.926: Application time: 0.3454186 seconds
2024-10-04T02:59:41.780+0300: 870.926: [GC (Allocation Failure) 2024-10-04T02:59:41.780+0300: 870.926: [DefNew: 1124093K->5621K(1258304K), 0.0032827 secs] 1140453K->21981K(4054528K), 0.0033488 secs] [Times: user=0.00 sys=0.00, real=0.00 secs] 
2024-10-04T02:59:41.780+0300: 870.929: Total time for which application threads were stopped: 0.0035791 seconds, Stopping threads took: 0.0001047 seconds
2024-10-04T02:59:42.125+0300: 871.272: Application time: 0.3425257 seconds
2024-10-04T02:59:42.125+0300: 871.272: [GC (Allocation Failure) 2024-10-04T02:59:42.125+0300: 871.272: [DefNew: 1124149K->5710K(1258304K), 0.0033557 secs] 1140509K->22072K(4054528K), 0.0034293 secs] [Times: user=0.00 sys=0.00, real=0.00 secs] 
2024-10-04T02:59:42.125+0300: 871.276: Total time for which application threads were stopped: 0.0037619 seconds, Stopping threads took: 0.0002045 seconds
2024-10-04T02:59:42.455+0300: 871.610: Application time: 0.3338647 seconds
2024-10-04T02:59:42.455+0300: 871.610: [GC (Allocation Failure) 2024-10-04T02:59:42.455+0300: 871.610: [DefNew: 1124238K->7786K(1258304K), 0.0051221 secs] 1140600K->24148K(4054528K), 0.0051897 secs] [Times: user=0.00 sys=0.00, real=0.00 secs] 
2024-10-04T02:59:42.455+0300: 871.615: Total time for which application threads were stopped: 0.0055071 seconds, Stopping threads took: 0.0001850 seconds
2024-10-04T02:59:42.800+0300: 871.956: Application time: 0.3413139 seconds
2024-10-04T02:59:42.800+0300: 871.957: [GC (Allocation Failure) 2024-10-04T02:59:42.800+0300: 871.957: [DefNew: 1126314K->6305K(1258304K), 0.0036303 secs] 1142676K->22667K(4054528K), 0.0036994 secs] [Times: user=0.00 sys=0.00, real=0.00 secs] 
2024-10-04T02:59:42.800+0300: 871.960: Total time for which application threads were stopped: 0.0039610 seconds, Stopping threads took: 0.0001437 seconds
2024-10-04T02:59:43.161+0300: 872.317: Application time: 0.3563670 seconds
2024-10-04T02:59:43.161+0300: 872.317: [GC (Allocation Failure) 2024-10-04T02:59:43.161+0300: 872.317: [DefNew: 1124833K->5677K(1258304K), 0.0033027 secs] 1141195K->22040K(4054528K), 0.0034263 secs] [Times: user=0.00 sys=0.00, real=0.00 secs] 
2024-10-04T02:59:43.161+0300: 872.321: Total time for which application threads were stopped: 0.0037369 seconds, Stopping threads took: 0.0001803 seconds
2024-10-04T02:59:43.506+0300: 872.661: Application time: 0.3403706 seconds
2024-10-04T02:59:43.506+0300: 872.661: [GC (Allocation Failure) 2024-10-04T02:59:43.506+0300: 872.661: [DefNew: 1124205K->5651K(1258304K), 0.0033144 secs] 1140568K->22014K(4054528K), 0.0033865 secs] [Times: user=0.00 sys=0.00, real=0.00 secs] 
2024-10-04T02:59:43.506+0300: 872.665: Total time for which application threads were stopped: 0.0037310 seconds, Stopping threads took: 0.0002151 seconds
2024-10-04T02:59:43.852+0300: 872.998: Application time: 0.3334548 seconds
2024-10-04T02:59:43.852+0300: 872.998: [GC (Allocation Failure) 2024-10-04T02:59:43.852+0300: 872.998: [DefNew: 1124179K->5633K(1258304K), 0.0039530 secs] 1140542K->21996K(4054528K), 0.0040311 secs] [Times: user=0.00 sys=0.00, real=0.00 secs] 
2024-10-04T02:59:43.852+0300: 873.002: Total time for which application threads were stopped: 0.0043161 seconds, Stopping threads took: 0.0001622 seconds
2024-10-04T02:59:44.197+0300: 873.350: Application time: 0.3471351 seconds
2024-10-04T02:59:44.197+0300: 873.350: [GC (Allocation Failure) 2024-10-04T02:59:44.197+0300: 873.350: [DefNew: 1124161K->7117K(1258304K), 0.0044878 secs] 1140524K->23480K(4054528K), 0.0045623 secs] [Times: user=0.00 sys=0.00, real=0.00 secs] 
2024-10-04T02:59:44.197+0300: 873.354: Total time for which application threads were stopped: 0.0048691 seconds, Stopping threads took: 0.0001604 seconds
2024-10-04T02:59:44.543+0300: 873.696: Application time: 0.3416226 seconds
2024-10-04T02:59:44.543+0300: 873.696: [GC (Allocation Failure) 2024-10-04T02:59:44.543+0300: 873.696: [DefNew: 1125645K->5996K(1258304K), 0.0035617 secs] 1142008K->22359K(4054528K), 0.0036270 secs] [Times: user=0.00 sys=0.00, real=0.00 secs] 
2024-10-04T02:59:44.543+0300: 873.700: Total time for which application threads were stopped: 0.0040926 seconds, Stopping threads took: 0.0002223 seconds
2024-10-04T02:59:44.904+0300: 874.052: Application time: 0.3520633 seconds
2024-10-04T02:59:44.904+0300: 874.053: [GC (Allocation Failure) 2024-10-04T02:59:44.904+0300: 874.053: [DefNew: 1124524K->5511K(1258304K), 0.0032240 secs] 1140887K->21875K(4054528K), 0.0032963 secs] [Times: user=0.00 sys=0.00, real=0.00 secs] 
2024-10-04T02:59:44.904+0300: 874.056: Total time for which application threads were stopped: 0.0036442 seconds, Stopping threads took: 0.0001988 seconds
2024-10-04T02:59:45.249+0300: 874.397: Application time: 0.3414504 seconds
2024-10-04T02:59:45.249+0300: 874.398: [GC (Allocation Failure) 2024-10-04T02:59:45.249+0300: 874.398: [DefNew: 1124039K->5655K(1258304K), 0.0032773 secs] 1140403K->22019K(4054528K), 0.0033536 secs] [Times: user=0.00 sys=0.00, real=0.00 secs] 
2024-10-04T02:59:45.249+0300: 874.401: Total time for which application threads were stopped: 0.0036441 seconds, Stopping threads took: 0.0001680 seconds
2024-10-04T02:59:45.579+0300: 874.732: Application time: 0.3313300 seconds
2024-10-04T02:59:45.579+0300: 874.733: [GC (Allocation Failure) 2024-10-04T02:59:45.579+0300: 874.733: [DefNew: 1124183K->5465K(1258304K), 0.0040013 secs] 1140547K->21829K(4054528K), 0.0040647 secs] [Times: user=0.00 sys=0.00, real=0.00 secs] 
2024-10-04T02:59:45.579+0300: 874.737: Total time for which application threads were stopped: 0.0043820 seconds, Stopping threads took: 0.0001771 seconds
2024-10-04T02:59:45.940+0300: 875.090: Application time: 0.3530758 seconds
2024-10-04T02:59:45.940+0300: 875.090: [GC (Allocation Failure) 2024-10-04T02:59:45.940+0300: 875.090: [DefNew: 1123993K->6952K(1258304K), 0.0038241 secs] 1140357K->23317K(4054528K), 0.0038918 secs] [Times: user=0.00 sys=0.00, real=0.00 secs] 
2024-10-04T02:59:45.940+0300: 875.094: Total time for which application threads were stopped: 0.0041730 seconds, Stopping threads took: 0.0001627 seconds
2024-10-04T02:59:46.286+0300: 875.445: Application time: 0.3512859 seconds
2024-10-04T02:59:46.286+0300: 875.446: [GC (Allocation Failure) 2024-10-04T02:59:46.286+0300: 875.446: [DefNew: 1125480K->5613K(1258304K), 0.0033205 secs] 1141845K->21978K(4054528K), 0.0033977 secs] [Times: user=0.00 sys=0.00, real=0.02 secs] 
2024-10-04T02:59:46.301+0300: 875.449: Total time for which application threads were stopped: 0.0037348 seconds, Stopping threads took: 0.0002135 seconds
2024-10-04T02:59:46.630+0300: 875.790: Application time: 0.3412653 seconds
2024-10-04T02:59:46.630+0300: 875.791: [GC (Allocation Failure) 2024-10-04T02:59:46.630+0300: 875.791: [DefNew: 1124141K->5504K(1258304K), 0.0031155 secs] 1140506K->21869K(4054528K), 0.0031840 secs] [Times: user=0.00 sys=0.00, real=0.02 secs] 
2024-10-04T02:59:46.646+0300: 875.794: Total time for which application threads were stopped: 0.0034914 seconds, Stopping threads took: 0.0001882 seconds
2024-10-04T02:59:46.975+0300: 876.136: Application time: 0.3421436 seconds
2024-10-04T02:59:46.991+0300: 876.136: [GC (Allocation Failure) 2024-10-04T02:59:46.991+0300: 876.136: [DefNew: 1124032K->5772K(1258304K), 0.0034733 secs] 1140397K->22138K(4054528K), 0.0035564 secs] [Times: user=0.00 sys=0.00, real=0.00 secs] 
2024-10-04T02:59:46.991+0300: 876.140: Total time for which application threads were stopped: 0.0039232 seconds, Stopping threads took: 0.0002147 seconds
2024-10-04T02:59:47.320+0300: 876.472: Application time: 0.3325245 seconds
2024-10-04T02:59:47.320+0300: 876.473: [GC (Allocation Failure) 2024-10-04T02:59:47.320+0300: 876.473: [DefNew: 1124300K->8380K(1258304K), 0.0055692 secs] 1140666K->24746K(4054528K), 0.0056437 secs] [Times: user=0.00 sys=0.00, real=0.00 secs] 
2024-10-04T02:59:47.320+0300: 876.478: Total time for which application threads were stopped: 0.0059832 seconds, Stopping threads took: 0.0002224 seconds
2024-10-04T02:59:47.668+0300: 876.824: Application time: 0.3452652 seconds
2024-10-04T02:59:47.668+0300: 876.824: [GC (Allocation Failure) 2024-10-04T02:59:47.668+0300: 876.824: [DefNew: 1126908K->5828K(1258304K), 0.0035590 secs] 1143274K->22194K(4054528K), 0.0036223 secs] [Times: user=0.00 sys=0.00, real=0.01 secs] 
2024-10-04T02:59:47.682+0300: 876.827: Total time for which application threads were stopped: 0.0039157 seconds, Stopping threads took: 0.0001797 seconds
2024-10-04T02:59:48.027+0300: 877.184: Application time: 0.3569504 seconds
2024-10-04T02:59:48.027+0300: 877.185: [GC (Allocation Failure) 2024-10-04T02:59:48.027+0300: 877.185: [DefNew: 1124356K->5532K(1258304K), 0.0033902 secs] 1140722K->21898K(4054528K), 0.0034529 secs] [Times: user=0.00 sys=0.00, real=0.02 secs] 
2024-10-04T02:59:48.042+0300: 877.188: Total time for which application threads were stopped: 0.0037881 seconds, Stopping threads took: 0.0002110 seconds
2024-10-04T02:59:48.372+0300: 877.528: Application time: 0.3397236 seconds
2024-10-04T02:59:48.372+0300: 877.528: [GC (Allocation Failure) 2024-10-04T02:59:48.372+0300: 877.528: [DefNew: 1124060K->5431K(1258304K), 0.0030572 secs] 1140426K->21797K(4054528K), 0.0031354 secs] [Times: user=0.00 sys=0.00, real=0.00 secs] 
2024-10-04T02:59:48.372+0300: 877.531: Total time for which application threads were stopped: 0.0034401 seconds, Stopping threads took: 0.0001711 seconds
2024-10-04T02:59:48.701+0300: 877.861: Application time: 0.3294522 seconds
2024-10-04T02:59:48.701+0300: 877.861: [GC (Allocation Failure) 2024-10-04T02:59:48.701+0300: 877.861: [DefNew: 1123959K->5646K(1258304K), 0.0032952 secs] 1140325K->22013K(4054528K), 0.0034062 secs] [Times: user=0.00 sys=0.00, real=0.02 secs] 
2024-10-04T02:59:48.717+0300: 877.865: Total time for which application threads were stopped: 0.0037130 seconds, Stopping threads took: 0.0001769 seconds
2024-10-04T02:59:49.062+0300: 878.214: Application time: 0.3495386 seconds
2024-10-04T02:59:49.062+0300: 878.214: [GC (Allocation Failure) 2024-10-04T02:59:49.062+0300: 878.214: [DefNew: 1124174K->9362K(1258304K), 0.0062017 secs] 1140541K->25730K(4054528K), 0.0062711 secs] [Times: user=0.00 sys=0.00, real=0.01 secs] 
2024-10-04T02:59:49.071+0300: 878.221: Total time for which application threads were stopped: 0.0065903 seconds, Stopping threads took: 0.0001968 seconds
2024-10-04T02:59:49.408+0300: 878.567: Application time: 0.3463257 seconds
2024-10-04T02:59:49.408+0300: 878.567: [GC (Allocation Failure) 2024-10-04T02:59:49.408+0300: 878.567: [DefNew: 1127890K->5746K(1258304K), 0.0034630 secs] 1144258K->22114K(4054528K), 0.0035375 secs] [Times: user=0.00 sys=0.00, real=0.02 secs] 
2024-10-04T02:59:49.424+0300: 878.571: Total time for which application threads were stopped: 0.0038582 seconds, Stopping threads took: 0.0001960 seconds
2024-10-04T02:59:49.753+0300: 878.912: Application time: 0.3414883 seconds
2024-10-04T02:59:49.753+0300: 878.913: [GC (Allocation Failure) 2024-10-04T02:59:49.753+0300: 878.913: [DefNew: 1124274K->5580K(1258304K), 0.0032989 secs] 1140642K->21948K(4054528K), 0.0033656 secs] [Times: user=0.00 sys=0.00, real=0.02 secs] 
2024-10-04T02:59:49.769+0300: 878.916: Total time for which application threads were stopped: 0.0036672 seconds, Stopping threads took: 0.0001897 seconds
2024-10-04T02:59:50.114+0300: 879.263: Application time: 0.3465364 seconds
2024-10-04T02:59:50.114+0300: 879.263: [GC (Allocation Failure) 2024-10-04T02:59:50.114+0300: 879.263: [DefNew: 1124108K->5542K(1258304K), 0.0031472 secs] 1140476K->21911K(4054528K), 0.0032205 secs] [Times: user=0.00 sys=0.00, real=0.00 secs] 
2024-10-04T02:59:50.114+0300: 879.266: Total time for which application threads were stopped: 0.0035042 seconds, Stopping threads took: 0.0001541 seconds
2024-10-04T02:59:50.444+0300: 879.598: Application time: 0.3316012 seconds
2024-10-04T02:59:50.444+0300: 879.598: [GC (Allocation Failure) 2024-10-04T02:59:50.444+0300: 879.598: [DefNew: 1124070K->7708K(1258304K), 0.0049399 secs] 1140439K->24077K(4054528K), 0.0050085 secs] [Times: user=0.00 sys=0.00, real=0.00 secs] 
2024-10-04T02:59:50.444+0300: 879.603: Total time for which application threads were stopped: 0.0053203 seconds, Stopping threads took: 0.0001997 seconds
2024-10-04T02:59:50.790+0300: 879.945: Application time: 0.3422753 seconds
2024-10-04T02:59:50.790+0300: 879.946: [GC (Allocation Failure) 2024-10-04T02:59:50.790+0300: 879.946: [DefNew: 1126236K->6187K(1258304K), 0.0035635 secs] 1142605K->22556K(4054528K), 0.0036320 secs] [Times: user=0.00 sys=0.00, real=0.00 secs] 
2024-10-04T02:59:50.790+0300: 879.949: Total time for which application threads were stopped: 0.0039339 seconds, Stopping threads took: 0.0001812 seconds
2024-10-04T02:59:51.151+0300: 880.309: Application time: 0.3598271 seconds
2024-10-04T02:59:51.151+0300: 880.309: [GC (Allocation Failure) 2024-10-04T02:59:51.151+0300: 880.309: [DefNew: 1124715K->5647K(1258304K), 0.0034709 secs] 1141084K->22017K(4054528K), 0.0035453 secs] [Times: user=0.00 sys=0.00, real=0.01 secs] 
2024-10-04T02:59:51.166+0300: 880.313: Total time for which application threads were stopped: 0.0038422 seconds, Stopping threads took: 0.0001666 seconds
2024-10-04T02:59:51.496+0300: 880.651: Application time: 0.3377706 seconds
2024-10-04T02:59:51.496+0300: 880.651: [GC (Allocation Failure) 2024-10-04T02:59:51.496+0300: 880.651: [DefNew: 1124175K->5686K(1258304K), 0.0032827 secs] 1140545K->22056K(4054528K), 0.0033587 secs] [Times: user=0.00 sys=0.00, real=0.00 secs] 
2024-10-04T02:59:51.496+0300: 880.654: Total time for which application threads were stopped: 0.0036216 seconds, Stopping threads took: 0.0001443 seconds
2024-10-04T02:59:51.825+0300: 880.984: Application time: 0.3299861 seconds
2024-10-04T02:59:51.825+0300: 880.985: [GC (Allocation Failure) 2024-10-04T02:59:51.825+0300: 880.985: [DefNew: 1124214K->7491K(1258304K), 0.0051734 secs] 1140584K->23862K(4054528K), 0.0052449 secs] [Times: user=0.00 sys=0.00, real=0.02 secs] 
2024-10-04T02:59:51.841+0300: 880.990: Total time for which application threads were stopped: 0.0055164 seconds, Stopping threads took: 0.0001519 seconds
2024-10-04T02:59:52.186+0300: 881.339: Application time: 0.3489013 seconds
2024-10-04T02:59:52.186+0300: 881.339: [GC (Allocation Failure) 2024-10-04T02:59:52.186+0300: 881.339: [DefNew: 1126019K->7721K(1258304K), 0.0063176 secs] 1142390K->24091K(4054528K), 0.0064117 secs] [Times: user=0.00 sys=0.00, real=0.00 secs] 
2024-10-04T02:59:52.186+0300: 881.345: Total time for which application threads were stopped: 0.0067505 seconds, Stopping threads took: 0.0002093 seconds
2024-10-04T02:59:52.532+0300: 881.691: Application time: 0.3459633 seconds
2024-10-04T02:59:52.532+0300: 881.692: [GC (Allocation Failure) 2024-10-04T02:59:52.532+0300: 881.692: [DefNew: 1126249K->5586K(1258304K), 0.0033196 secs] 1142619K->21957K(4054528K), 0.0033915 secs] [Times: user=0.00 sys=0.00, real=0.02 secs] 
2024-10-04T02:59:52.548+0300: 881.695: Total time for which application threads were stopped: 0.0037051 seconds, Stopping threads took: 0.0001863 seconds
2024-10-04T02:59:52.893+0300: 882.043: Application time: 0.3480703 seconds
2024-10-04T02:59:52.893+0300: 882.044: [GC (Allocation Failure) 2024-10-04T02:59:52.893+0300: 882.044: [DefNew: 1124114K->5478K(1258304K), 0.0034090 secs] 1140485K->21850K(4054528K), 0.0035074 secs] [Times: user=0.00 sys=0.00, real=0.00 secs] 
2024-10-04T02:59:52.893+0300: 882.047: Total time for which application threads were stopped: 0.0039260 seconds, Stopping threads took: 0.0002625 seconds
2024-10-04T02:59:53.238+0300: 882.389: Application time: 0.3417974 seconds
2024-10-04T02:59:53.238+0300: 882.389: [GC (Allocation Failure) 2024-10-04T02:59:53.238+0300: 882.389: [DefNew: 1124006K->5720K(1258304K), 0.0034120 secs] 1140378K->22091K(4054528K), 0.0034916 secs] [Times: user=0.00 sys=0.00, real=0.00 secs] 
2024-10-04T02:59:53.238+0300: 882.393: Total time for which application threads were stopped: 0.0037732 seconds, Stopping threads took: 0.0001522 seconds
2024-10-04T02:59:53.568+0300: 882.722: Application time: 0.3294352 seconds
2024-10-04T02:59:53.568+0300: 882.722: [GC (Allocation Failure) 2024-10-04T02:59:53.568+0300: 882.722: [DefNew: 1124248K->7877K(1258304K), 0.0051977 secs] 1140619K->24248K(4054528K), 0.0052695 secs] [Times: user=0.00 sys=0.00, real=0.01 secs] 
2024-10-04T02:59:53.582+0300: 882.728: Total time for which application threads were stopped: 0.0055454 seconds, Stopping threads took: 0.0001600 seconds
2024-10-04T02:59:53.929+0300: 883.080: Application time: 0.3519702 seconds
2024-10-04T02:59:53.929+0300: 883.080: [GC (Allocation Failure) 2024-10-04T02:59:53.929+0300: 883.080: [DefNew: 1126405K->6303K(1258304K), 0.0035742 secs] 1142776K->22675K(4054528K), 0.0036419 secs] [Times: user=0.00 sys=0.00, real=0.00 secs] 
2024-10-04T02:59:53.929+0300: 883.084: Total time for which application threads were stopped: 0.0039558 seconds, Stopping threads took: 0.0001889 seconds
2024-10-04T02:59:54.283+0300: 883.435: Application time: 0.3517427 seconds
2024-10-04T02:59:54.283+0300: 883.436: [GC (Allocation Failure) 2024-10-04T02:59:54.283+0300: 883.436: [DefNew: 1124831K->5502K(1258304K), 0.0032334 secs] 1141203K->21875K(4054528K), 0.0033076 secs] [Times: user=0.00 sys=0.00, real=0.01 secs] 
2024-10-04T02:59:54.291+0300: 883.439: Total time for which application threads were stopped: 0.0036197 seconds, Stopping threads took: 0.0001865 seconds
2024-10-04T02:59:54.636+0300: 883.793: Application time: 0.3539451 seconds
2024-10-04T02:59:54.636+0300: 883.793: [GC (Allocation Failure) 2024-10-04T02:59:54.636+0300: 883.793: [DefNew: 1124030K->5572K(1258304K), 0.0035872 secs] 1140403K->21945K(4054528K), 0.0036566 secs] [Times: user=0.00 sys=0.00, real=0.00 secs] 
2024-10-04T02:59:54.636+0300: 883.797: Total time for which application threads were stopped: 0.0039728 seconds, Stopping threads took: 0.0001835 seconds
2024-10-04T02:59:54.998+0300: 884.152: Application time: 0.3552980 seconds
2024-10-04T02:59:54.998+0300: 884.152: [GC (Allocation Failure) 2024-10-04T02:59:54.998+0300: 884.152: [DefNew: 1124100K->6425K(1258304K), 0.0042978 secs] 1140473K->22798K(4054528K), 0.0043675 secs] [Times: user=0.00 sys=0.00, real=0.00 secs] 
2024-10-04T02:59:54.998+0300: 884.157: Total time for which application threads were stopped: 0.0046222 seconds, Stopping threads took: 0.0001245 seconds
2024-10-04T02:59:55.342+0300: 884.495: Application time: 0.3383802 seconds
2024-10-04T02:59:55.342+0300: 884.496: [GC (Allocation Failure) 2024-10-04T02:59:55.342+0300: 884.496: [DefNew: 1124953K->9466K(1258304K), 0.0084828 secs] 1141326K->25839K(4054528K), 0.0085558 secs] [Times: user=0.02 sys=0.00, real=0.02 secs] 
2024-10-04T02:59:55.358+0300: 884.504: Total time for which application threads were stopped: 0.0088830 seconds, Stopping threads took: 0.0001967 seconds
2024-10-04T02:59:55.703+0300: 884.853: Application time: 0.3492700 seconds
2024-10-04T02:59:55.703+0300: 884.854: [GC (Allocation Failure) 2024-10-04T02:59:55.703+0300: 884.854: [DefNew: 1127994K->7380K(1258304K), 0.0053357 secs] 1144367K->23753K(4054528K), 0.0054069 secs] [Times: user=0.00 sys=0.00, real=0.00 secs] 
2024-10-04T02:59:55.703+0300: 884.859: Total time for which application threads were stopped: 0.0056684 seconds, Stopping threads took: 0.0001368 seconds
2024-10-04T02:59:56.064+0300: 885.219: Application time: 0.3594710 seconds
2024-10-04T02:59:56.064+0300: 885.219: [GC (Allocation Failure) 2024-10-04T02:59:56.064+0300: 885.219: [DefNew: 1125908K->5666K(1258304K), 0.0038281 secs] 1142281K->22040K(4054528K), 0.0038973 secs] [Times: user=0.00 sys=0.00, real=0.00 secs] 
2024-10-04T02:59:56.064+0300: 885.223: Total time for which application threads were stopped: 0.0042640 seconds, Stopping threads took: 0.0002212 seconds
2024-10-04T02:59:56.410+0300: 885.566: Application time: 0.3427898 seconds
2024-10-04T02:59:56.410+0300: 885.566: [GC (Allocation Failure) 2024-10-04T02:59:56.410+0300: 885.566: [DefNew: 1124194K->5739K(1258304K), 0.0036608 secs] 1140568K->22113K(4054528K), 0.0037286 secs] [Times: user=0.00 sys=0.00, real=0.00 secs] 
2024-10-04T02:59:56.410+0300: 885.570: Total time for which application threads were stopped: 0.0040310 seconds, Stopping threads took: 0.0001679 seconds
2024-10-04T02:59:56.755+0300: 885.904: Application time: 0.3347597 seconds
2024-10-04T02:59:56.755+0300: 885.905: [GC (Allocation Failure) 2024-10-04T02:59:56.755+0300: 885.905: [DefNew: 1124267K->5821K(1258304K), 0.0039463 secs] 1140641K->22195K(4054528K), 0.0040237 secs] [Times: user=0.00 sys=0.00, real=0.00 secs] 
2024-10-04T02:59:56.755+0300: 885.909: Total time for which application threads were stopped: 0.0042640 seconds, Stopping threads took: 0.0001184 seconds
2024-10-04T02:59:57.116+0300: 886.266: Application time: 0.3574533 seconds
2024-10-04T02:59:57.116+0300: 886.266: [GC (Allocation Failure) 2024-10-04T02:59:57.116+0300: 886.266: [DefNew: 1124349K->5812K(1258304K), 0.0037119 secs] 1140723K->22187K(4054528K), 0.0037974 secs] [Times: user=0.00 sys=0.00, real=0.00 secs] 
2024-10-04T02:59:57.116+0300: 886.270: Total time for which application threads were stopped: 0.0040439 seconds, Stopping threads took: 0.0001272 seconds
2024-10-04T02:59:57.461+0300: 886.619: Application time: 0.3489470 seconds
2024-10-04T02:59:57.461+0300: 886.619: [GC (Allocation Failure) 2024-10-04T02:59:57.461+0300: 886.619: [DefNew: 1124340K->5770K(1258304K), 0.0039268 secs] 1140715K->22145K(4054528K), 0.0040004 secs] [Times: user=0.00 sys=0.00, real=0.02 secs] 
2024-10-04T02:59:57.477+0300: 886.623: Total time for which application threads were stopped: 0.0043527 seconds, Stopping threads took: 0.0002164 seconds
2024-10-04T02:59:57.807+0300: 886.965: Application time: 0.3418692 seconds
2024-10-04T02:59:57.807+0300: 886.966: [GC (Allocation Failure) 2024-10-04T02:59:57.807+0300: 886.966: [DefNew: 1124298K->5592K(1258304K), 0.0034404 secs] 1140673K->21967K(4054528K), 0.0035170 secs] [Times: user=0.00 sys=0.00, real=0.02 secs] 
2024-10-04T02:59:57.823+0300: 886.969: Total time for which application threads were stopped: 0.0038535 seconds, Stopping threads took: 0.0002113 seconds
2024-10-04T02:59:58.168+0300: 887.314: Application time: 0.3443883 seconds
2024-10-04T02:59:58.168+0300: 887.314: [GC (Allocation Failure) 2024-10-04T02:59:58.168+0300: 887.314: [DefNew: 1124120K->6832K(1258304K), 0.0044717 secs] 1140495K->23207K(4054528K), 0.0045509 secs] [Times: user=0.00 sys=0.00, real=0.00 secs] 
2024-10-04T02:59:58.168+0300: 887.318: Total time for which application threads were stopped: 0.0048901 seconds, Stopping threads took: 0.0001535 seconds
2024-10-04T02:59:58.497+0300: 887.651: Application time: 0.3320704 seconds
2024-10-04T02:59:58.497+0300: 887.651: [GC (Allocation Failure) 2024-10-04T02:59:58.497+0300: 887.651: [DefNew: 1125360K->9234K(1258304K), 0.0075766 secs] 1141735K->25610K(4054528K), 0.0076517 secs] [Times: user=0.01 sys=0.00, real=0.02 secs] 
2024-10-04T02:59:58.513+0300: 887.659: Total time for which application threads were stopped: 0.0080008 seconds, Stopping threads took: 0.0002190 seconds
2024-10-04T02:59:58.859+0300: 888.007: Application time: 0.3486078 seconds
2024-10-04T02:59:58.859+0300: 888.007: [GC (Allocation Failure) 2024-10-04T02:59:58.859+0300: 888.007: [DefNew: 1127762K->5896K(1258304K), 0.0038132 secs] 1144138K->22272K(4054528K), 0.0038859 secs] [Times: user=0.00 sys=0.00, real=0.00 secs] 
2024-10-04T02:59:58.859+0300: 888.011: Total time for which application threads were stopped: 0.0041810 seconds, Stopping threads took: 0.0001619 seconds
2024-10-04T02:59:59.204+0300: 888.361: Application time: 0.3496408 seconds
2024-10-04T02:59:59.204+0300: 888.361: [GC (Allocation Failure) 2024-10-04T02:59:59.204+0300: 888.361: [DefNew: 1124424K->5481K(1258304K), 0.0031720 secs] 1140800K->21857K(4054528K), 0.0032434 secs] [Times: user=0.00 sys=0.00, real=0.00 secs] 
2024-10-04T02:59:59.204+0300: 888.365: Total time for which application threads were stopped: 0.0035596 seconds, Stopping threads took: 0.0001831 seconds
2024-10-04T02:59:59.549+0300: 888.704: Application time: 0.3394912 seconds
2024-10-04T02:59:59.549+0300: 888.704: [GC (Allocation Failure) 2024-10-04T02:59:59.549+0300: 888.704: [DefNew: 1124009K->5482K(1258304K), 0.0036304 secs] 1140385K->21859K(4054528K), 0.0037092 secs] [Times: user=0.00 sys=0.00, real=0.00 secs] 
2024-10-04T02:59:59.549+0300: 888.708: Total time for which application threads were stopped: 0.0040467 seconds, Stopping threads took: 0.0001932 seconds
2024-10-04T02:59:59.897+0300: 889.053: Application time: 0.3447260 seconds
2024-10-04T02:59:59.897+0300: 889.053: [GC (Allocation Failure) 2024-10-04T02:59:59.897+0300: 889.053: [DefNew: 1124010K->9714K(1258304K), 0.0080904 secs] 1140387K->26091K(4054528K), 0.0081778 secs] [Times: user=0.00 sys=0.00, real=0.01 secs] 
2024-10-04T02:59:59.910+0300: 889.061: Total time for which application threads were stopped: 0.0085551 seconds, Stopping threads took: 0.0002263 seconds
2024-10-04T03:00:00.255+0300: 889.406: Application time: 0.3450657 seconds
2024-10-04T03:00:00.255+0300: 889.407: [GC (Allocation Failure) 2024-10-04T03:00:00.255+0300: 889.407: [DefNew: 1128242K->5553K(1258304K), 0.0034740 secs] 1144619K->21930K(4054528K), 0.0035516 secs] [Times: user=0.00 sys=0.00, real=0.00 secs] 
2024-10-04T03:00:00.255+0300: 889.410: Total time for which application threads were stopped: 0.0038345 seconds, Stopping threads took: 0.0001600 seconds
2024-10-04T03:00:00.601+0300: 889.757: Application time: 0.3466080 seconds
2024-10-04T03:00:00.601+0300: 889.757: [GC (Allocation Failure) 2024-10-04T03:00:00.601+0300: 889.757: [DefNew: 1124081K->5666K(1258304K), 0.0032929 secs] 1140458K->22044K(4054528K), 0.0033653 secs] [Times: user=0.00 sys=0.00, real=0.00 secs] 
2024-10-04T03:00:00.601+0300: 889.761: Total time for which application threads were stopped: 0.0036833 seconds, Stopping threads took: 0.0001981 seconds
2024-10-04T03:00:00.962+0300: 890.112: Application time: 0.3515397 seconds
2024-10-04T03:00:00.962+0300: 890.112: [GC (Allocation Failure) 2024-10-04T03:00:00.962+0300: 890.113: [DefNew: 1124194K->5555K(1258304K), 0.0032027 secs] 1140572K->21933K(4054528K), 0.0032727 secs] [Times: user=0.00 sys=0.00, real=0.00 secs] 
2024-10-04T03:00:00.962+0300: 890.116: Total time for which application threads were stopped: 0.0036423 seconds, Stopping threads took: 0.0002343 seconds
2024-10-04T03:00:01.307+0300: 890.455: Application time: 0.3394079 seconds
2024-10-04T03:00:01.307+0300: 890.455: [GC (Allocation Failure) 2024-10-04T03:00:01.307+0300: 890.456: [DefNew: 1124083K->7477K(1258304K), 0.0052069 secs] 1140461K->23855K(4054528K), 0.0052861 secs] [Times: user=0.00 sys=0.00, real=0.00 secs] 
2024-10-04T03:00:01.307+0300: 890.461: Total time for which application threads were stopped: 0.0056008 seconds, Stopping threads took: 0.0001876 seconds
2024-10-04T03:00:01.637+0300: 890.796: Application time: 0.3348630 seconds
2024-10-04T03:00:01.637+0300: 890.796: [GC (Allocation Failure) 2024-10-04T03:00:01.637+0300: 890.796: [DefNew: 1126005K->7465K(1258304K), 0.0051317 secs] 1142383K->23844K(4054528K), 0.0052061 secs] [Times: user=0.00 sys=0.00, real=0.02 secs] 
2024-10-04T03:00:01.653+0300: 890.801: Total time for which application threads were stopped: 0.0055437 seconds, Stopping threads took: 0.0002198 seconds
2024-10-04T03:00:02.002+0300: 891.152: Application time: 0.3511711 seconds
2024-10-04T03:00:02.002+0300: 891.153: [GC (Allocation Failure) 2024-10-04T03:00:02.002+0300: 891.153: [DefNew: 1125993K->6314K(1258304K), 0.0037216 secs] 1142372K->22693K(4054528K), 0.0037965 secs] [Times: user=0.00 sys=0.00, real=0.00 secs] 
2024-10-04T03:00:02.002+0300: 891.156: Total time for which application threads were stopped: 0.0041114 seconds, Stopping threads took: 0.0001967 seconds
2024-10-04T03:00:02.360+0300: 891.507: Application time: 0.3502450 seconds
2024-10-04T03:00:02.360+0300: 891.507: [GC (Allocation Failure) 2024-10-04T03:00:02.360+0300: 891.507: [DefNew: 1124842K->5528K(1258304K), 0.0032012 secs] 1141221K->21908K(4054528K), 0.0032719 secs] [Times: user=0.00 sys=0.00, real=0.00 secs] 
2024-10-04T03:00:02.360+0300: 891.510: Total time for which application threads were stopped: 0.0035855 seconds, Stopping threads took: 0.0001876 seconds
2024-10-04T03:00:02.689+0300: 891.846: Application time: 0.3359012 seconds
2024-10-04T03:00:02.689+0300: 891.846: [GC (Allocation Failure) 2024-10-04T03:00:02.689+0300: 891.847: [DefNew: 1124056K->5621K(1258304K), 0.0033266 secs] 1140436K->22001K(4054528K), 0.0033919 secs] [Times: user=0.00 sys=0.00, real=0.02 secs] 
2024-10-04T03:00:02.704+0300: 891.850: Total time for which application threads were stopped: 0.0036890 seconds, Stopping threads took: 0.0001782 seconds
2024-10-04T03:00:03.051+0300: 892.197: Application time: 0.3467706 seconds
2024-10-04T03:00:03.051+0300: 892.197: [GC (Allocation Failure) 2024-10-04T03:00:03.051+0300: 892.197: [DefNew: 1124149K->5683K(1258304K), 0.0033620 secs] 1140529K->22064K(4054528K), 0.0034509 secs] [Times: user=0.00 sys=0.00, real=0.00 secs] 
2024-10-04T03:00:03.051+0300: 892.200: Total time for which application threads were stopped: 0.0037428 seconds, Stopping threads took: 0.0001621 seconds
2024-10-04T03:00:03.380+0300: 892.539: Application time: 0.3385569 seconds
2024-10-04T03:00:03.380+0300: 892.539: [GC (Allocation Failure) 2024-10-04T03:00:03.380+0300: 892.539: [DefNew: 1124211K->7576K(1258304K), 0.0052673 secs] 1140592K->23956K(4054528K), 0.0053435 secs] [Times: user=0.00 sys=0.00, real=0.02 secs] 
2024-10-04T03:00:03.396+0300: 892.545: Total time for which application threads were stopped: 0.0056337 seconds, Stopping threads took: 0.0001673 seconds
2024-10-04T03:00:03.741+0300: 892.888: Application time: 0.3434256 seconds
2024-10-04T03:00:03.741+0300: 892.888: [GC (Allocation Failure) 2024-10-04T03:00:03.741+0300: 892.888: [DefNew: 1126104K->6001K(1258304K), 0.0035767 secs] 1142484K->22382K(4054528K), 0.0036440 secs] [Times: user=0.00 sys=0.00, real=0.00 secs] 
2024-10-04T03:00:03.741+0300: 892.892: Total time for which application threads were stopped: 0.0039060 seconds, Stopping threads took: 0.0001447 seconds
2024-10-04T03:00:04.086+0300: 893.242: Application time: 0.3501354 seconds
2024-10-04T03:00:04.086+0300: 893.242: [GC (Allocation Failure) 2024-10-04T03:00:04.086+0300: 893.242: [DefNew: 1124529K->5571K(1258304K), 0.0036067 secs] 1140910K->21952K(4054528K), 0.0036955 secs] [Times: user=0.00 sys=0.00, real=0.00 secs] 
2024-10-04T03:00:04.086+0300: 893.246: Total time for which application threads were stopped: 0.0040325 seconds, Stopping threads took: 0.0001439 seconds
2024-10-04T03:00:04.431+0300: 893.589: Application time: 0.3423916 seconds
2024-10-04T03:00:04.431+0300: 893.589: [GC (Allocation Failure) 2024-10-04T03:00:04.431+0300: 893.589: [DefNew: 1124099K->5612K(1258304K), 0.0032449 secs] 1140480K->21994K(4054528K), 0.0033312 secs] [Times: user=0.00 sys=0.00, real=0.02 secs] 
2024-10-04T03:00:04.447+0300: 893.592: Total time for which application threads were stopped: 0.0036698 seconds, Stopping threads took: 0.0001881 seconds
2024-10-04T03:00:04.777+0300: 893.926: Application time: 0.3335401 seconds
2024-10-04T03:00:04.777+0300: 893.926: [GC (Allocation Failure) 2024-10-04T03:00:04.777+0300: 893.926: [DefNew: 1124140K->5615K(1258304K), 0.0033036 secs] 1140522K->21997K(4054528K), 0.0033742 secs] [Times: user=0.00 sys=0.00, real=0.00 secs] 
2024-10-04T03:00:04.777+0300: 893.929: Total time for which application threads were stopped: 0.0036623 seconds, Stopping threads took: 0.0001615 seconds
2024-10-04T03:00:05.123+0300: 894.276: Application time: 0.3463051 seconds
2024-10-04T03:00:05.123+0300: 894.276: [GC (Allocation Failure) 2024-10-04T03:00:05.123+0300: 894.276: [DefNew: 1124143K->7742K(1258304K), 0.0051939 secs] 1140525K->24124K(4054528K), 0.0052683 secs] [Times: user=0.02 sys=0.00, real=0.00 secs] 
2024-10-04T03:00:05.123+0300: 894.281: Total time for which application threads were stopped: 0.0056524 seconds, Stopping threads took: 0.0002342 seconds
2024-10-04T03:00:05.484+0300: 894.630: Application time: 0.3481325 seconds
2024-10-04T03:00:05.484+0300: 894.630: [GC (Allocation Failure) 2024-10-04T03:00:05.484+0300: 894.630: [DefNew: 1126270K->5522K(1258304K), 0.0031275 secs] 1142652K->21905K(4054528K), 0.0031955 secs] [Times: user=0.00 sys=0.00, real=0.00 secs] 
2024-10-04T03:00:05.484+0300: 894.633: Total time for which application threads were stopped: 0.0034754 seconds, Stopping threads took: 0.0001604 seconds
2024-10-04T03:00:05.830+0300: 894.981: Application time: 0.3477917 seconds
2024-10-04T03:00:05.830+0300: 894.981: [GC (Allocation Failure) 2024-10-04T03:00:05.830+0300: 894.981: [DefNew: 1124050K->5743K(1258304K), 0.0032589 secs] 1140433K->22126K(4054528K), 0.0033304 secs] [Times: user=0.00 sys=0.00, real=0.00 secs] 
2024-10-04T03:00:05.830+0300: 894.984: Total time for which application threads were stopped: 0.0036158 seconds, Stopping threads took: 0.0001741 seconds
2024-10-04T03:00:06.184+0300: 895.329: Application time: 0.3450451 seconds
2024-10-04T03:00:06.184+0300: 895.330: [GC (Allocation Failure) 2024-10-04T03:00:06.184+0300: 895.330: [DefNew: 1124271K->5513K(1258304K), 0.0032708 secs] 1140654K->21895K(4054528K), 0.0033458 secs] [Times: user=0.00 sys=0.00, real=0.00 secs] 
2024-10-04T03:00:06.186+0300: 895.333: Total time for which application threads were stopped: 0.0036456 seconds, Stopping threads took: 0.0001674 seconds
2024-10-04T03:00:06.522+0300: 895.671: Application time: 0.3377950 seconds
2024-10-04T03:00:06.522+0300: 895.671: [GC (Allocation Failure) 2024-10-04T03:00:06.522+0300: 895.671: [DefNew: 1124041K->6732K(1258304K), 0.0043110 secs] 1140423K->23115K(4054528K), 0.0043810 secs] [Times: user=0.00 sys=0.00, real=0.00 secs] 
2024-10-04T03:00:06.522+0300: 895.676: Total time for which application threads were stopped: 0.0046669 seconds, Stopping threads took: 0.0001738 seconds
2024-10-04T03:00:06.867+0300: 896.017: Application time: 0.3413309 seconds
2024-10-04T03:00:06.867+0300: 896.017: [GC (Allocation Failure) 2024-10-04T03:00:06.867+0300: 896.017: [DefNew: 1125260K->6649K(1258304K), 0.0042732 secs] 1141643K->23032K(4054528K), 0.0043438 secs] [Times: user=0.00 sys=0.00, real=0.00 secs] 
2024-10-04T03:00:06.867+0300: 896.022: Total time for which application threads were stopped: 0.0047433 seconds, Stopping threads took: 0.0002468 seconds
2024-10-04T03:00:07.214+0300: 896.369: Application time: 0.3478201 seconds
2024-10-04T03:00:07.214+0300: 896.370: [GC (Allocation Failure) 2024-10-04T03:00:07.214+0300: 896.370: [DefNew: 1125177K->7410K(1258304K), 0.0055229 secs] 1141560K->23794K(4054528K), 0.0056114 secs] [Times: user=0.00 sys=0.00, real=0.01 secs] 
2024-10-04T03:00:07.228+0300: 896.375: Total time for which application threads were stopped: 0.0059190 seconds, Stopping threads took: 0.0001623 seconds
2024-10-04T03:00:07.573+0300: 896.721: Application time: 0.3460984 seconds
2024-10-04T03:00:07.573+0300: 896.722: [GC (Allocation Failure) 2024-10-04T03:00:07.573+0300: 896.722: [DefNew: 1125938K->5528K(1258304K), 0.0031271 secs] 1142322K->21913K(4054528K), 0.0031937 secs] [Times: user=0.00 sys=0.00, real=0.00 secs] 
2024-10-04T03:00:07.573+0300: 896.725: Total time for which application threads were stopped: 0.0034538 seconds, Stopping threads took: 0.0001505 seconds
2024-10-04T03:00:07.919+0300: 897.073: Application time: 0.3477666 seconds
2024-10-04T03:00:07.919+0300: 897.073: [GC (Allocation Failure) 2024-10-04T03:00:07.919+0300: 897.073: [DefNew: 1124056K->5656K(1258304K), 0.0032572 secs] 1140441K->22041K(4054528K), 0.0033309 secs] [Times: user=0.00 sys=0.00, real=0.00 secs] 
2024-10-04T03:00:07.919+0300: 897.076: Total time for which application threads were stopped: 0.0036709 seconds, Stopping threads took: 0.0001929 seconds
2024-10-04T03:00:08.265+0300: 897.413: Application time: 0.3361947 seconds
2024-10-04T03:00:08.265+0300: 897.413: [GC (Allocation Failure) 2024-10-04T03:00:08.265+0300: 897.413: [DefNew: 1124184K->5890K(1258304K), 0.0034260 secs] 1140569K->22275K(4054528K), 0.0034987 secs] [Times: user=0.00 sys=0.00, real=0.00 secs] 
2024-10-04T03:00:08.265+0300: 897.416: Total time for which application threads were stopped: 0.0037451 seconds, Stopping threads took: 0.0001270 seconds
2024-10-04T03:00:08.610+0300: 897.759: Application time: 0.3422513 seconds
2024-10-04T03:00:08.610+0300: 897.759: [GC (Allocation Failure) 2024-10-04T03:00:08.610+0300: 897.759: [DefNew: 1124418K->8456K(1258304K), 0.0061261 secs] 1140803K->24841K(4054528K), 0.0062174 secs] [Times: user=0.00 sys=0.00, real=0.01 secs] 
2024-10-04T03:00:08.618+0300: 897.765: Total time for which application threads were stopped: 0.0064920 seconds, Stopping threads took: 0.0001512 seconds
2024-10-04T03:00:08.956+0300: 898.114: Application time: 0.3491335 seconds
2024-10-04T03:00:08.956+0300: 898.115: [GC (Allocation Failure) 2024-10-04T03:00:08.956+0300: 898.115: [DefNew: 1126984K->5578K(1258304K), 0.0033822 secs] 1143369K->21963K(4054528K), 0.0034484 secs] [Times: user=0.00 sys=0.00, real=0.01 secs] 
2024-10-04T03:00:08.971+0300: 898.118: Total time for which application threads were stopped: 0.0037838 seconds, Stopping threads took: 0.0002157 seconds
2024-10-04T03:00:09.319+0300: 898.468: Application time: 0.3495231 seconds
2024-10-04T03:00:09.319+0300: 898.468: [GC (Allocation Failure) 2024-10-04T03:00:09.319+0300: 898.468: [DefNew: 1124106K->5745K(1258304K), 0.0034082 secs] 1140491K->22130K(4054528K), 0.0034840 secs] [Times: user=0.00 sys=0.00, real=0.00 secs] 
2024-10-04T03:00:09.319+0300: 898.471: Total time for which application threads were stopped: 0.0037397 seconds, Stopping threads took: 0.0001282 seconds
2024-10-04T03:00:09.661+0300: 898.808: Application time: 0.3367415 seconds
2024-10-04T03:00:09.661+0300: 898.808: [GC (Allocation Failure) 2024-10-04T03:00:09.661+0300: 898.808: [DefNew: 1124273K->5651K(1258304K), 0.0032713 secs] 1140658K->22037K(4054528K), 0.0033482 secs] [Times: user=0.00 sys=0.00, real=0.00 secs] 
2024-10-04T03:00:09.661+0300: 898.812: Total time for which application threads were stopped: 0.0036510 seconds, Stopping threads took: 0.0001645 seconds
2024-10-04T03:00:10.007+0300: 899.155: Application time: 0.3429139 seconds
2024-10-04T03:00:10.007+0300: 899.155: [GC (Allocation Failure) 2024-10-04T03:00:10.007+0300: 899.155: [DefNew: 1124179K->5750K(1258304K), 0.0033434 secs] 1140565K->22137K(4054528K), 0.0034142 secs] [Times: user=0.00 sys=0.00, real=0.00 secs] 
2024-10-04T03:00:10.007+0300: 899.158: Total time for which application threads were stopped: 0.0036864 seconds, Stopping threads took: 0.0001688 seconds
2024-10-04T03:00:10.353+0300: 899.500: Application time: 0.3412482 seconds
2024-10-04T03:00:10.353+0300: 899.500: [GC (Allocation Failure) 2024-10-04T03:00:10.353+0300: 899.500: [DefNew: 1124278K->8596K(1258304K), 0.0062515 secs] 1140665K->24983K(4054528K), 0.0063332 secs] [Times: user=0.00 sys=0.00, real=0.00 secs] 
2024-10-04T03:00:10.353+0300: 899.506: Total time for which application threads were stopped: 0.0066213 seconds, Stopping threads took: 0.0001621 seconds
2024-10-04T03:00:10.698+0300: 899.853: Application time: 0.3465438 seconds
2024-10-04T03:00:10.698+0300: 899.853: [GC (Allocation Failure) 2024-10-04T03:00:10.698+0300: 899.853: [DefNew: 1127124K->5599K(1258304K), 0.0032672 secs] 1143511K->21985K(4054528K), 0.0033366 secs] [Times: user=0.00 sys=0.00, real=0.00 secs] 
2024-10-04T03:00:10.698+0300: 899.856: Total time for which application threads were stopped: 0.0036475 seconds, Stopping threads took: 0.0001924 seconds
2024-10-04T03:00:11.059+0300: 900.211: Application time: 0.3543204 seconds
2024-10-04T03:00:11.059+0300: 900.211: [GC (Allocation Failure) 2024-10-04T03:00:11.059+0300: 900.211: [DefNew: 1124127K->5602K(1258304K), 0.0032202 secs] 1140513K->21989K(4054528K), 0.0032915 secs] [Times: user=0.00 sys=0.00, real=0.00 secs] 
2024-10-04T03:00:11.059+0300: 900.214: Total time for which application threads were stopped: 0.0036399 seconds, Stopping threads took: 0.0001987 seconds
2024-10-04T03:00:11.405+0300: 900.551: Application time: 0.3371206 seconds
2024-10-04T03:00:11.405+0300: 900.552: [GC (Allocation Failure) 2024-10-04T03:00:11.405+0300: 900.552: [DefNew: 1124130K->5781K(1258304K), 0.0033241 secs] 1140517K->22169K(4054528K), 0.0033974 secs] [Times: user=0.00 sys=0.00, real=0.00 secs] 
2024-10-04T03:00:11.405+0300: 900.555: Total time for which application threads were stopped: 0.0036569 seconds, Stopping threads took: 0.0001470 seconds
2024-10-04T03:00:11.735+0300: 900.889: Application time: 0.3334251 seconds
2024-10-04T03:00:11.735+0300: 900.889: [GC (Allocation Failure) 2024-10-04T03:00:11.735+0300: 900.889: [DefNew: 1124309K->7229K(1258304K), 0.0048395 secs] 1140697K->23617K(4054528K), 0.0049076 secs] [Times: user=0.00 sys=0.00, real=0.00 secs] 
2024-10-04T03:00:11.735+0300: 900.894: Total time for which application threads were stopped: 0.0052135 seconds, Stopping threads took: 0.0001848 seconds
2024-10-04T03:00:12.096+0300: 901.248: Application time: 0.3540023 seconds
2024-10-04T03:00:12.096+0300: 901.248: [GC (Allocation Failure) 2024-10-04T03:00:12.096+0300: 901.248: [DefNew: 1125757K->7586K(1258304K), 0.0049248 secs] 1142145K->23974K(4054528K), 0.0049965 secs] [Times: user=0.00 sys=0.00, real=0.00 secs] 
2024-10-04T03:00:12.096+0300: 901.253: Total time for which application threads were stopped: 0.0053160 seconds, Stopping threads took: 0.0001924 seconds
2024-10-04T03:00:12.442+0300: 901.600: Application time: 0.3470817 seconds
2024-10-04T03:00:12.442+0300: 901.600: [GC (Allocation Failure) 2024-10-04T03:00:12.442+0300: 901.600: [DefNew: 1126114K->5583K(1258304K), 0.0034431 secs] 1142502K->21972K(4054528K), 0.0035181 secs] [Times: user=0.00 sys=0.00, real=0.02 secs] 
2024-10-04T03:00:12.457+0300: 901.604: Total time for which application threads were stopped: 0.0038698 seconds, Stopping threads took: 0.0002107 seconds
2024-10-04T03:00:12.787+0300: 901.944: Application time: 0.3400436 seconds
2024-10-04T03:00:12.787+0300: 901.944: [GC (Allocation Failure) 2024-10-04T03:00:12.787+0300: 901.944: [DefNew: 1124111K->5598K(1258304K), 0.0032243 secs] 1140500K->21987K(4054528K), 0.0033006 secs] [Times: user=0.00 sys=0.00, real=0.02 secs] 
2024-10-04T03:00:12.802+0300: 901.948: Total time for which application threads were stopped: 0.0036481 seconds, Stopping threads took: 0.0002129 seconds
2024-10-04T03:00:13.133+0300: 902.292: Application time: 0.3443017 seconds
2024-10-04T03:00:13.133+0300: 902.292: [GC (Allocation Failure) 2024-10-04T03:00:13.133+0300: 902.292: [DefNew: 1124126K->6540K(1258304K), 0.0039278 secs] 1140515K->22930K(4054528K), 0.0040072 secs] [Times: user=0.00 sys=0.00, real=0.02 secs] 
2024-10-04T03:00:13.149+0300: 902.296: Total time for which application threads were stopped: 0.0043068 seconds, Stopping threads took: 0.0001898 seconds
2024-10-04T03:00:13.478+0300: 902.634: Application time: 0.3373799 seconds
2024-10-04T03:00:13.478+0300: 902.634: [GC (Allocation Failure) 2024-10-04T03:00:13.478+0300: 902.634: [DefNew: 1125068K->9459K(1258304K), 0.0077768 secs] 1141458K->25849K(4054528K), 0.0078501 secs] [Times: user=0.00 sys=0.00, real=0.02 secs] 
2024-10-04T03:00:13.494+0300: 902.642: Total time for which application threads were stopped: 0.0081183 seconds, Stopping threads took: 0.0001579 seconds
2024-10-04T03:00:13.839+0300: 902.990: Application time: 0.3482559 seconds
2024-10-04T03:00:13.839+0300: 902.990: [GC (Allocation Failure) 2024-10-04T03:00:13.839+0300: 902.990: [DefNew: 1127987K->5557K(1258304K), 0.0031721 secs] 1144377K->21947K(4054528K), 0.0032414 secs] [Times: user=0.00 sys=0.00, real=0.00 secs] 
2024-10-04T03:00:13.839+0300: 902.994: Total time for which application threads were stopped: 0.0035762 seconds, Stopping threads took: 0.0002157 seconds
2024-10-04T03:00:14.201+0300: 903.348: Application time: 0.3541771 seconds
2024-10-04T03:00:14.201+0300: 903.348: [GC (Allocation Failure) 2024-10-04T03:00:14.201+0300: 903.348: [DefNew: 1124085K->5469K(1258304K), 0.0031366 secs] 1140475K->21859K(4054528K), 0.0032053 secs] [Times: user=0.00 sys=0.00, real=0.00 secs] 
2024-10-04T03:00:14.201+0300: 903.351: Total time for which application threads were stopped: 0.0035131 seconds, Stopping threads took: 0.0001784 seconds
2024-10-04T03:00:14.532+0300: 903.689: Application time: 0.3372824 seconds
2024-10-04T03:00:14.532+0300: 903.689: [GC (Allocation Failure) 2024-10-04T03:00:14.532+0300: 903.689: [DefNew: 1123997K->5614K(1258304K), 0.0033817 secs] 1140387K->22004K(4054528K), 0.0034530 secs] [Times: user=0.00 sys=0.00, real=0.01 secs] 
2024-10-04T03:00:14.546+0300: 903.692: Total time for which application threads were stopped: 0.0037509 seconds, Stopping threads took: 0.0001768 seconds
2024-10-04T03:00:14.876+0300: 904.024: Application time: 0.3317443 seconds
2024-10-04T03:00:14.876+0300: 904.024: [GC (Allocation Failure) 2024-10-04T03:00:14.876+0300: 904.024: [DefNew: 1124142K->8903K(1258304K), 0.0086921 secs] 1140532K->25293K(4054528K), 0.0087779 secs] [Times: user=0.02 sys=0.00, real=0.00 secs] 
2024-10-04T03:00:14.876+0300: 904.033: Total time for which application threads were stopped: 0.0090743 seconds, Stopping threads took: 0.0001467 seconds
2024-10-04T03:00:15.233+0300: 904.381: Application time: 0.3476498 seconds
2024-10-04T03:00:15.233+0300: 904.381: [GC (Allocation Failure) 2024-10-04T03:00:15.233+0300: 904.381: [DefNew: 1127431K->7454K(1258304K), 0.0051932 secs] 1143821K->23845K(4054528K), 0.0052730 secs] [Times: user=0.00 sys=0.00, real=0.00 secs] 
2024-10-04T03:00:15.237+0300: 904.386: Total time for which application threads were stopped: 0.0055826 seconds, Stopping threads took: 0.0001458 seconds
2024-10-04T03:00:15.582+0300: 904.735: Application time: 0.3485550 seconds
2024-10-04T03:00:15.582+0300: 904.735: [GC (Allocation Failure) 2024-10-04T03:00:15.582+0300: 904.735: [DefNew: 1125982K->5570K(1258304K), 0.0032589 secs] 1142373K->21962K(4054528K), 0.0033285 secs] [Times: user=0.00 sys=0.00, real=0.00 secs] 
2024-10-04T03:00:15.582+0300: 904.739: Total time for which application threads were stopped: 0.0035890 seconds, Stopping threads took: 0.0001331 seconds
2024-10-04T03:00:15.935+0300: 905.087: Application time: 0.3487303 seconds
2024-10-04T03:00:15.935+0300: 905.088: [GC (Allocation Failure) 2024-10-04T03:00:15.935+0300: 905.088: [DefNew: 1124098K->5561K(1258304K), 0.0032349 secs] 1140490K->21952K(4054528K), 0.0033081 secs] [Times: user=0.00 sys=0.00, real=0.01 secs] 
2024-10-04T03:00:15.943+0300: 905.091: Total time for which application threads were stopped: 0.0036140 seconds, Stopping threads took: 0.0001700 seconds
2024-10-04T03:00:16.279+0300: 905.426: Application time: 0.3353846 seconds
2024-10-04T03:00:16.279+0300: 905.427: [GC (Allocation Failure) 2024-10-04T03:00:16.279+0300: 905.427: [DefNew: 1124089K->6234K(1258304K), 0.0037040 secs] 1140480K->22626K(4054528K), 0.0037812 secs] [Times: user=0.00 sys=0.00, real=0.00 secs] 
2024-10-04T03:00:16.279+0300: 905.430: Total time for which application threads were stopped: 0.0040914 seconds, Stopping threads took: 0.0001830 seconds
2024-10-04T03:00:16.618+0300: 905.770: Application time: 0.3398711 seconds
2024-10-04T03:00:16.618+0300: 905.771: [GC (Allocation Failure) 2024-10-04T03:00:16.618+0300: 905.771: [DefNew: 1124762K->9412K(1258304K), 0.0075240 secs] 1141154K->25804K(4054528K), 0.0076202 secs] [Times: user=0.00 sys=0.00, real=0.01 secs] 
2024-10-04T03:00:16.633+0300: 905.778: Total time for which application threads were stopped: 0.0079958 seconds, Stopping threads took: 0.0002591 seconds
2024-10-04T03:00:16.979+0300: 906.132: Application time: 0.3540001 seconds
2024-10-04T03:00:16.979+0300: 906.133: [GC (Allocation Failure) 2024-10-04T03:00:16.979+0300: 906.133: [DefNew: 1127940K->5392K(1258304K), 0.0029749 secs] 1144332K->21784K(4054528K), 0.0030424 secs] [Times: user=0.00 sys=0.00, real=0.00 secs] 
2024-10-04T03:00:16.979+0300: 906.136: Total time for which application threads were stopped: 0.0033197 seconds, Stopping threads took: 0.0001604 seconds
2024-10-04T03:00:17.338+0300: 906.484: Application time: 0.3487650 seconds
2024-10-04T03:00:17.338+0300: 906.485: [GC (Allocation Failure) 2024-10-04T03:00:17.338+0300: 906.485: [DefNew: 1123920K->5599K(1258304K), 0.0032545 secs] 1140312K->21992K(4054528K), 0.0033275 secs] [Times: user=0.00 sys=0.00, real=0.00 secs] 
2024-10-04T03:00:17.340+0300: 906.488: Total time for which application threads were stopped: 0.0036001 seconds, Stopping threads took: 0.0001328 seconds
2024-10-04T03:00:17.669+0300: 906.827: Application time: 0.3391125 seconds
2024-10-04T03:00:17.669+0300: 906.827: [GC (Allocation Failure) 2024-10-04T03:00:17.669+0300: 906.827: [DefNew: 1124127K->5719K(1258304K), 0.0035194 secs] 1140520K->22113K(4054528K), 0.0035854 secs] [Times: user=0.00 sys=0.00, real=0.02 secs] 
2024-10-04T03:00:17.685+0300: 906.831: Total time for which application threads were stopped: 0.0038879 seconds, Stopping threads took: 0.0001781 seconds
2024-10-04T03:00:18.014+0300: 907.170: Application time: 0.3391650 seconds
2024-10-04T03:00:18.014+0300: 907.171: [GC (Allocation Failure) 2024-10-04T03:00:18.014+0300: 907.171: [DefNew: 1124247K->7801K(1258304K), 0.0054717 secs] 1140641K->24194K(4054528K), 0.0055493 secs] [Times: user=0.00 sys=0.00, real=0.02 secs] 
2024-10-04T03:00:18.030+0300: 907.176: Total time for which application threads were stopped: 0.0059727 seconds, Stopping threads took: 0.0002964 seconds
2024-10-04T03:00:18.360+0300: 907.519: Application time: 0.3431188 seconds
2024-10-04T03:00:18.360+0300: 907.520: [GC (Allocation Failure) 2024-10-04T03:00:18.360+0300: 907.520: [DefNew: 1126329K->7787K(1258304K), 0.0054228 secs] 1142722K->24181K(4054528K), 0.0055003 secs] [Times: user=0.00 sys=0.00, real=0.02 secs] 
2024-10-04T03:00:18.376+0300: 907.525: Total time for which application threads were stopped: 0.0058227 seconds, Stopping threads took: 0.0001818 seconds
2024-10-04T03:00:18.721+0300: 907.876: Application time: 0.3511959 seconds
2024-10-04T03:00:18.721+0300: 907.877: [GC (Allocation Failure) 2024-10-04T03:00:18.721+0300: 907.877: [DefNew: 1126315K->5670K(1258304K), 0.0033167 secs] 1142709K->22064K(4054528K), 0.0033817 secs] [Times: user=0.00 sys=0.00, real=0.00 secs] 
2024-10-04T03:00:18.721+0300: 907.880: Total time for which application threads were stopped: 0.0037241 seconds, Stopping threads took: 0.0002183 seconds
2024-10-04T03:00:19.082+0300: 908.228: Application time: 0.3482593 seconds
2024-10-04T03:00:19.082+0300: 908.228: [GC (Allocation Failure) 2024-10-04T03:00:19.082+0300: 908.229: [DefNew: 1124198K->5596K(1258304K), 0.0031686 secs] 1140592K->21991K(4054528K), 0.0032338 secs] [Times: user=0.00 sys=0.00, real=0.00 secs] 
2024-10-04T03:00:19.082+0300: 908.232: Total time for which application threads were stopped: 0.0034862 seconds, Stopping threads took: 0.0001348 seconds
2024-10-04T03:00:19.411+0300: 908.567: Application time: 0.3356822 seconds
2024-10-04T03:00:19.411+0300: 908.568: [GC (Allocation Failure) 2024-10-04T03:00:19.411+0300: 908.568: [DefNew: 1124124K->5516K(1258304K), 0.0030923 secs] 1140519K->21910K(4054528K), 0.0031707 secs] [Times: user=0.00 sys=0.00, real=0.00 secs] 
2024-10-04T03:00:19.411+0300: 908.571: Total time for which application threads were stopped: 0.0034665 seconds, Stopping threads took: 0.0001847 seconds
2024-10-04T03:00:19.757+0300: 908.905: Application time: 0.3340177 seconds
2024-10-04T03:00:19.757+0300: 908.905: [GC (Allocation Failure) 2024-10-04T03:00:19.757+0300: 908.905: [DefNew: 1124044K->7403K(1258304K), 0.0050063 secs] 1140438K->23798K(4054528K), 0.0050772 secs] [Times: user=0.00 sys=0.00, real=0.00 secs] 
2024-10-04T03:00:19.757+0300: 908.910: Total time for which application threads were stopped: 0.0053488 seconds, Stopping threads took: 0.0001525 seconds
2024-10-04T03:00:20.117+0300: 909.267: Application time: 0.3566871 seconds
2024-10-04T03:00:20.117+0300: 909.267: [GC (Allocation Failure) 2024-10-04T03:00:20.117+0300: 909.267: [DefNew: 1125931K->5745K(1258304K), 0.0033503 secs] 1142326K->22140K(4054528K), 0.0034218 secs] [Times: user=0.00 sys=0.00, real=0.00 secs] 
2024-10-04T03:00:20.117+0300: 909.271: Total time for which application threads were stopped: 0.0037427 seconds, Stopping threads took: 0.0002026 seconds
2024-10-04T03:00:20.463+0300: 909.618: Application time: 0.3471249 seconds
2024-10-04T03:00:20.463+0300: 909.618: [GC (Allocation Failure) 2024-10-04T03:00:20.463+0300: 909.618: [DefNew: 1124273K->5551K(1258304K), 0.0032425 secs] 1140668K->21947K(4054528K), 0.0033152 secs] [Times: user=0.00 sys=0.00, real=0.00 secs] 
2024-10-04T03:00:20.463+0300: 909.621: Total time for which application threads were stopped: 0.0036411 seconds, Stopping threads took: 0.0001967 seconds
2024-10-04T03:00:20.809+0300: 909.961: Application time: 0.3391602 seconds
2024-10-04T03:00:20.809+0300: 909.961: [GC (Allocation Failure) 2024-10-04T03:00:20.809+0300: 909.961: [DefNew: 1124079K->5615K(1258304K), 0.0037124 secs] 1140475K->22011K(4054528K), 0.0037909 secs] [Times: user=0.00 sys=0.00, real=0.00 secs] 
2024-10-04T03:00:20.809+0300: 909.965: Total time for which application threads were stopped: 0.0041228 seconds, Stopping threads took: 0.0001911 seconds
2024-10-04T03:00:21.154+0300: 910.305: Application time: 0.3400972 seconds
2024-10-04T03:00:21.154+0300: 910.305: [GC (Allocation Failure) 2024-10-04T03:00:21.154+0300: 910.305: [DefNew: 1124143K->7189K(1258304K), 0.0046189 secs] 1140539K->23585K(4054528K), 0.0046981 secs] [Times: user=0.00 sys=0.00, real=0.00 secs] 
2024-10-04T03:00:21.154+0300: 910.310: Total time for which application threads were stopped: 0.0050318 seconds, Stopping threads took: 0.0001994 seconds
2024-10-04T03:00:21.499+0300: 910.653: Application time: 0.3435690 seconds
2024-10-04T03:00:21.499+0300: 910.654: [GC (Allocation Failure) 2024-10-04T03:00:21.499+0300: 910.654: [DefNew: 1125717K->6456K(1258304K), 0.0036103 secs] 1142113K->22852K(4054528K), 0.0036766 secs] [Times: user=0.00 sys=0.00, real=0.00 secs] 
2024-10-04T03:00:21.499+0300: 910.657: Total time for which application threads were stopped: 0.0039665 seconds, Stopping threads took: 0.0001744 seconds
2024-10-04T03:00:21.860+0300: 911.009: Application time: 0.3514852 seconds
2024-10-04T03:00:21.860+0300: 911.009: [GC (Allocation Failure) 2024-10-04T03:00:21.860+0300: 911.009: [DefNew: 1124984K->5488K(1258304K), 0.0035064 secs] 1141380K->21885K(4054528K), 0.0035789 secs] [Times: user=0.00 sys=0.00, real=0.00 secs] 
2024-10-04T03:00:21.860+0300: 911.013: Total time for which application threads were stopped: 0.0038860 seconds, Stopping threads took: 0.0001608 seconds
2024-10-04T03:00:22.206+0300: 911.361: Application time: 0.3477409 seconds
2024-10-04T03:00:22.206+0300: 911.361: [GC (Allocation Failure) 2024-10-04T03:00:22.206+0300: 911.361: [DefNew: 1124016K->5669K(1258304K), 0.0033086 secs] 1140413K->22066K(4054528K), 0.0033908 secs] [Times: user=0.00 sys=0.00, real=0.00 secs] 
2024-10-04T03:00:22.206+0300: 911.364: Total time for which application threads were stopped: 0.0036961 seconds, Stopping threads took: 0.0001885 seconds
2024-10-04T03:00:22.551+0300: 911.702: Application time: 0.3377300 seconds
2024-10-04T03:00:22.551+0300: 911.702: [GC (Allocation Failure) 2024-10-04T03:00:22.551+0300: 911.702: [DefNew: 1124197K->6719K(1258304K), 0.0044446 secs] 1140594K->23117K(4054528K), 0.0045129 secs] [Times: user=0.00 sys=0.00, real=0.00 secs] 
2024-10-04T03:00:22.551+0300: 911.707: Total time for which application threads were stopped: 0.0048032 seconds, Stopping threads took: 0.0001694 seconds
2024-10-04T03:00:22.896+0300: 912.043: Application time: 0.3361355 seconds
2024-10-04T03:00:22.896+0300: 912.043: [GC (Allocation Failure) 2024-10-04T03:00:22.896+0300: 912.043: [DefNew: 1125247K->6112K(1258304K), 0.0037236 secs] 1141645K->22510K(4054528K), 0.0037969 secs] [Times: user=0.00 sys=0.00, real=0.00 secs] 
2024-10-04T03:00:22.896+0300: 912.047: Total time for which application threads were stopped: 0.0040342 seconds, Stopping threads took: 0.0001228 seconds
2024-10-04T03:00:23.252+0300: 912.400: Application time: 0.3532089 seconds
2024-10-04T03:00:23.252+0300: 912.400: [GC (Allocation Failure) 2024-10-04T03:00:23.252+0300: 912.400: [DefNew: 1124640K->6108K(1258304K), 0.0036249 secs] 1141038K->22506K(4054528K), 0.0036897 secs] [Times: user=0.00 sys=0.00, real=0.00 secs] 
2024-10-04T03:00:23.257+0300: 912.404: Total time for which application threads were stopped: 0.0039746 seconds, Stopping threads took: 0.0001675 seconds
2024-10-04T03:00:23.602+0300: 912.749: Application time: 0.3443436 seconds
2024-10-04T03:00:23.602+0300: 912.749: [GC (Allocation Failure) 2024-10-04T03:00:23.602+0300: 912.749: [DefNew: 1124636K->5650K(1258304K), 0.0032365 secs] 1141034K->22049K(4054528K), 0.0033073 secs] [Times: user=0.00 sys=0.00, real=0.00 secs] 
2024-10-04T03:00:23.602+0300: 912.752: Total time for which application threads were stopped: 0.0035849 seconds, Stopping threads took: 0.0001641 seconds
2024-10-04T03:00:23.948+0300: 913.099: Application time: 0.3464254 seconds
2024-10-04T03:00:23.948+0300: 913.099: [GC (Allocation Failure) 2024-10-04T03:00:23.948+0300: 913.099: [DefNew: 1124178K->5592K(1258304K), 0.0033465 secs] 1140577K->21991K(4054528K), 0.0034276 secs] [Times: user=0.02 sys=0.00, real=0.01 secs] 
2024-10-04T03:00:23.954+0300: 913.102: Total time for which application threads were stopped: 0.0038460 seconds, Stopping threads took: 0.0002317 seconds
2024-10-04T03:00:24.277+0300: 913.438: Application time: 0.3351716 seconds
2024-10-04T03:00:24.277+0300: 913.438: [GC (Allocation Failure) 2024-10-04T03:00:24.277+0300: 913.438: [DefNew: 1124120K->7493K(1258304K), 0.0051383 secs] 1140519K->23892K(4054528K), 0.0052111 secs] [Times: user=0.00 sys=0.00, real=0.02 secs] 
2024-10-04T03:00:24.297+0300: 913.443: Total time for which application threads were stopped: 0.0055538 seconds, Stopping threads took: 0.0002021 seconds
2024-10-04T03:00:24.623+0300: 913.780: Application time: 0.3372515 seconds
2024-10-04T03:00:24.623+0300: 913.781: [GC (Allocation Failure) 2024-10-04T03:00:24.623+0300: 913.781: [DefNew: 1126021K->8247K(1258304K), 0.0059091 secs] 1142420K->24647K(4054528K), 0.0059813 secs] [Times: user=0.00 sys=0.00, real=0.02 secs] 
2024-10-04T03:00:24.638+0300: 913.787: Total time for which application threads were stopped: 0.0063250 seconds, Stopping threads took: 0.0002043 seconds
2024-10-04T03:00:24.984+0300: 914.145: Application time: 0.3584687 seconds
2024-10-04T03:00:25.000+0300: 914.146: [GC (Allocation Failure) 2024-10-04T03:00:25.000+0300: 914.146: [DefNew: 1126775K->5565K(1258304K), 0.0036688 secs] 1143175K->21965K(4054528K), 0.0037437 secs] [Times: user=0.00 sys=0.00, real=0.00 secs] 
2024-10-04T03:00:25.000+0300: 914.149: Total time for which application threads were stopped: 0.0041512 seconds, Stopping threads took: 0.0002797 seconds
2024-10-04T03:00:25.345+0300: 914.493: Application time: 0.3440728 seconds
2024-10-04T03:00:25.345+0300: 914.494: [GC (Allocation Failure) 2024-10-04T03:00:25.345+0300: 914.494: [DefNew: 1124093K->5718K(1258304K), 0.0033809 secs] 1140493K->22118K(4054528K), 0.0034564 secs] [Times: user=0.00 sys=0.00, real=0.00 secs] 
2024-10-04T03:00:25.345+0300: 914.497: Total time for which application threads were stopped: 0.0037242 seconds, Stopping threads took: 0.0001479 seconds
2024-10-04T03:00:25.675+0300: 914.831: Application time: 0.3341118 seconds
2024-10-04T03:00:25.675+0300: 914.831: [GC (Allocation Failure) 2024-10-04T03:00:25.675+0300: 914.832: [DefNew: 1124246K->5592K(1258304K), 0.0032111 secs] 1140646K->21992K(4054528K), 0.0032855 secs] [Times: user=0.00 sys=0.00, real=0.00 secs] 
2024-10-04T03:00:25.675+0300: 914.835: Total time for which application threads were stopped: 0.0035691 seconds, Stopping threads took: 0.0001616 seconds
2024-10-04T03:00:26.020+0300: 915.178: Application time: 0.3431874 seconds
2024-10-04T03:00:26.020+0300: 915.178: [GC (Allocation Failure) 2024-10-04T03:00:26.020+0300: 915.178: [DefNew: 1124120K->7317K(1258304K), 0.0050592 secs] 1140520K->23718K(4054528K), 0.0051274 secs] [Times: user=0.00 sys=0.00, real=0.02 secs] 
2024-10-04T03:00:26.035+0300: 915.183: Total time for which application threads were stopped: 0.0055010 seconds, Stopping threads took: 0.0002504 seconds
2024-10-04T03:00:26.382+0300: 915.528: Application time: 0.3449617 seconds
2024-10-04T03:00:26.382+0300: 915.529: [GC (Allocation Failure) 2024-10-04T03:00:26.382+0300: 915.529: [DefNew: 1125845K->6605K(1258304K), 0.0039719 secs] 1142246K->23006K(4054528K), 0.0040428 secs] [Times: user=0.00 sys=0.00, real=0.00 secs] 
2024-10-04T03:00:26.382+0300: 915.533: Total time for which application threads were stopped: 0.0043040 seconds, Stopping threads took: 0.0001468 seconds
2024-10-04T03:00:26.726+0300: 915.881: Application time: 0.3480174 seconds
2024-10-04T03:00:26.726+0300: 915.881: [GC (Allocation Failure) 2024-10-04T03:00:26.726+0300: 915.881: [DefNew: 1125133K->5432K(1258304K), 0.0030912 secs] 1141534K->21834K(4054528K), 0.0031592 secs] [Times: user=0.00 sys=0.00, real=0.00 secs] 
2024-10-04T03:00:26.726+0300: 915.884: Total time for which application threads were stopped: 0.0034436 seconds, Stopping threads took: 0.0001706 seconds
2024-10-04T03:00:27.072+0300: 916.232: Application time: 0.3472978 seconds
2024-10-04T03:00:27.072+0300: 916.232: [GC (Allocation Failure) 2024-10-04T03:00:27.072+0300: 916.232: [DefNew: 1123960K->5606K(1258304K), 0.0035323 secs] 1140362K->22007K(4054528K), 0.0036144 secs] [Times: user=0.00 sys=0.00, real=0.01 secs] 
2024-10-04T03:00:27.087+0300: 916.235: Total time for which application threads were stopped: 0.0039587 seconds, Stopping threads took: 0.0001967 seconds
2024-10-04T03:00:27.417+0300: 916.568: Application time: 0.3325150 seconds
2024-10-04T03:00:27.417+0300: 916.568: [GC (Allocation Failure) 2024-10-04T03:00:27.417+0300: 916.568: [DefNew: 1124134K->6106K(1258304K), 0.0035785 secs] 1140535K->22508K(4054528K), 0.0036645 secs] [Times: user=0.00 sys=0.00, real=0.00 secs] 
2024-10-04T03:00:27.417+0300: 916.572: Total time for which application threads were stopped: 0.0039930 seconds, Stopping threads took: 0.0001772 seconds
2024-10-04T03:00:27.763+0300: 916.910: Application time: 0.3383283 seconds
2024-10-04T03:00:27.763+0300: 916.911: [GC (Allocation Failure) 2024-10-04T03:00:27.763+0300: 916.911: [DefNew: 1124634K->6369K(1258304K), 0.0035239 secs] 1141036K->22771K(4054528K), 0.0035919 secs] [Times: user=0.00 sys=0.00, real=0.00 secs] 
2024-10-04T03:00:27.763+0300: 916.914: Total time for which application threads were stopped: 0.0038707 seconds, Stopping threads took: 0.0001613 seconds
2024-10-04T03:00:28.124+0300: 917.270: Application time: 0.3562679 seconds
2024-10-04T03:00:28.124+0300: 917.271: [GC (Allocation Failure) 2024-10-04T03:00:28.124+0300: 917.271: [DefNew: 1124897K->5862K(1258304K), 0.0033981 secs] 1141299K->22265K(4054528K), 0.0034753 secs] [Times: user=0.00 sys=0.00, real=0.00 secs] 
2024-10-04T03:00:28.124+0300: 917.274: Total time for which application threads were stopped: 0.0037403 seconds, Stopping threads took: 0.0001280 seconds
2024-10-04T03:00:28.470+0300: 917.615: Application time: 0.3410494 seconds
2024-10-04T03:00:28.470+0300: 917.616: [GC (Allocation Failure) 2024-10-04T03:00:28.470+0300: 917.616: [DefNew: 1124390K->5549K(1258304K), 0.0031975 secs] 1140793K->21952K(4054528K), 0.0032743 secs] [Times: user=0.00 sys=0.00, real=0.00 secs] 
2024-10-04T03:00:28.470+0300: 917.619: Total time for which application threads were stopped: 0.0035832 seconds, Stopping threads took: 0.0001518 seconds
2024-10-04T03:00:28.815+0300: 917.961: Application time: 0.3424249 seconds
2024-10-04T03:00:28.815+0300: 917.961: [GC (Allocation Failure) 2024-10-04T03:00:28.815+0300: 917.962: [DefNew: 1124077K->5609K(1258304K), 0.0032371 secs] 1140480K->22012K(4054528K), 0.0033039 secs] [Times: user=0.00 sys=0.00, real=0.00 secs] 
2024-10-04T03:00:28.815+0300: 917.965: Total time for which application threads were stopped: 0.0035435 seconds, Stopping threads took: 0.0001257 seconds
2024-10-04T03:00:29.160+0300: 918.306: Application time: 0.3409416 seconds
2024-10-04T03:00:29.160+0300: 918.306: [GC (Allocation Failure) 2024-10-04T03:00:29.160+0300: 918.306: [DefNew: 1124137K->5421K(1258304K), 0.0031403 secs] 1140540K->21824K(4054528K), 0.0032143 secs] [Times: user=0.00 sys=0.00, real=0.00 secs] 
2024-10-04T03:00:29.160+0300: 918.309: Total time for which application threads were stopped: 0.0035034 seconds, Stopping threads took: 0.0001552 seconds
2024-10-04T03:00:29.505+0300: 918.652: Application time: 0.3422939 seconds
2024-10-04T03:00:29.505+0300: 918.652: [GC (Allocation Failure) 2024-10-04T03:00:29.505+0300: 918.652: [DefNew: 1123949K->6736K(1258304K), 0.0038340 secs] 1140352K->23140K(4054528K), 0.0039039 secs] [Times: user=0.00 sys=0.00, real=0.00 secs] 
2024-10-04T03:00:29.505+0300: 918.656: Total time for which application threads were stopped: 0.0041481 seconds, Stopping threads took: 0.0001281 seconds
2024-10-04T03:00:29.851+0300: 919.003: Application time: 0.3469962 seconds
2024-10-04T03:00:29.851+0300: 919.003: [GC (Allocation Failure) 2024-10-04T03:00:29.851+0300: 919.003: [DefNew: 1125264K->5447K(1258304K), 0.0030981 secs] 1141668K->21851K(4054528K), 0.0031625 secs] [Times: user=0.00 sys=0.00, real=0.00 secs] 
2024-10-04T03:00:29.851+0300: 919.006: Total time for which application threads were stopped: 0.0034553 seconds, Stopping threads took: 0.0001704 seconds
2024-10-04T03:00:30.197+0300: 919.355: Application time: 0.3487596 seconds
2024-10-04T03:00:30.197+0300: 919.355: [GC (Allocation Failure) 2024-10-04T03:00:30.197+0300: 919.355: [DefNew: 1123975K->6016K(1258304K), 0.0035665 secs] 1140379K->22420K(4054528K), 0.0036366 secs] [Times: user=0.00 sys=0.00, real=0.01 secs] 
2024-10-04T03:00:30.212+0300: 919.359: Total time for which application threads were stopped: 0.0039766 seconds, Stopping threads took: 0.0001613 seconds
2024-10-04T03:00:30.542+0300: 919.695: Application time: 0.3365350 seconds
2024-10-04T03:00:30.542+0300: 919.696: [GC (Allocation Failure) 2024-10-04T03:00:30.542+0300: 919.696: [DefNew: 1124544K->5584K(1258304K), 0.0032284 secs] 1140948K->21989K(4054528K), 0.0033032 secs] [Times: user=0.00 sys=0.00, real=0.00 secs] 
2024-10-04T03:00:30.542+0300: 919.699: Total time for which application threads were stopped: 0.0035546 seconds, Stopping threads took: 0.0000984 seconds
2024-10-04T03:00:30.887+0300: 920.039: Application time: 0.3404771 seconds
2024-10-04T03:00:30.887+0300: 920.040: [GC (Allocation Failure) 2024-10-04T03:00:30.887+0300: 920.040: [DefNew: 1124112K->7402K(1258304K), 0.0052286 secs] 1140517K->23807K(4054528K), 0.0053028 secs] [Times: user=0.00 sys=0.00, real=0.00 secs] 
2024-10-04T03:00:30.887+0300: 920.045: Total time for which application threads were stopped: 0.0056962 seconds, Stopping threads took: 0.0002255 seconds
2024-10-04T03:00:31.232+0300: 920.392: Application time: 0.3470337 seconds
2024-10-04T03:00:31.232+0300: 920.393: [GC (Allocation Failure) 2024-10-04T03:00:31.232+0300: 920.393: [DefNew: 1125930K->8026K(1258304K), 0.0054783 secs] 1142335K->24431K(4054528K), 0.0056231 secs] [Times: user=0.00 sys=0.00, real=0.02 secs] 
2024-10-04T03:00:31.248+0300: 920.398: Total time for which application threads were stopped: 0.0059416 seconds, Stopping threads took: 0.0001837 seconds
2024-10-04T03:00:31.578+0300: 920.738: Application time: 0.3402550 seconds
2024-10-04T03:00:31.578+0300: 920.739: [GC (Allocation Failure) 2024-10-04T03:00:31.578+0300: 920.739: [DefNew: 1126554K->6192K(1258304K), 0.0036145 secs] 1142959K->22598K(4054528K), 0.0036852 secs] [Times: user=0.00 sys=0.00, real=0.02 secs] 
2024-10-04T03:00:31.594+0300: 920.742: Total time for which application threads were stopped: 0.0039954 seconds, Stopping threads took: 0.0001835 seconds
2024-10-04T03:00:31.939+0300: 921.096: Application time: 0.3532680 seconds
2024-10-04T03:00:31.939+0300: 921.096: [GC (Allocation Failure) 2024-10-04T03:00:31.939+0300: 921.096: [DefNew: 1124720K->5714K(1258304K), 0.0033893 secs] 1141126K->22120K(4054528K), 0.0034727 secs] [Times: user=0.00 sys=0.00, real=0.00 secs] 
2024-10-04T03:00:31.939+0300: 921.100: Total time for which application threads were stopped: 0.0038441 seconds, Stopping threads took: 0.0001800 seconds
2024-10-04T03:00:32.285+0300: 921.434: Application time: 0.3345710 seconds
2024-10-04T03:00:32.285+0300: 921.434: [GC (Allocation Failure) 2024-10-04T03:00:32.285+0300: 921.434: [DefNew: 1124242K->5556K(1258304K), 0.0032145 secs] 1140648K->21962K(4054528K), 0.0032866 secs] [Times: user=0.00 sys=0.00, real=0.00 secs] 
2024-10-04T03:00:32.285+0300: 921.438: Total time for which application threads were stopped: 0.0035993 seconds, Stopping threads took: 0.0001862 seconds
2024-10-04T03:00:32.614+0300: 921.774: Application time: 0.3367483 seconds
2024-10-04T03:00:32.614+0300: 921.775: [GC (Allocation Failure) 2024-10-04T03:00:32.614+0300: 921.775: [DefNew: 1124084K->6054K(1258304K), 0.0035731 secs] 1140490K->22461K(4054528K), 0.0036457 secs] [Times: user=0.00 sys=0.00, real=0.02 secs] 
2024-10-04T03:00:32.630+0300: 921.778: Total time for which application threads were stopped: 0.0039236 seconds, Stopping threads took: 0.0001505 seconds
2024-10-04T03:00:32.976+0300: 922.131: Application time: 0.3522632 seconds
2024-10-04T03:00:32.976+0300: 922.131: [GC (Allocation Failure) 2024-10-04T03:00:32.976+0300: 922.131: [DefNew: 1124582K->8610K(1258304K), 0.0055901 secs] 1140989K->25017K(4054528K), 0.0056645 secs] [Times: user=0.00 sys=0.00, real=0.01 secs] 
2024-10-04T03:00:32.991+0300: 922.137: Total time for which application threads were stopped: 0.0060025 seconds, Stopping threads took: 0.0001946 seconds
2024-10-04T03:00:33.321+0300: 922.481: Application time: 0.3439897 seconds
2024-10-04T03:00:33.321+0300: 922.481: [GC (Allocation Failure) 2024-10-04T03:00:33.321+0300: 922.481: [DefNew: 1127138K->5502K(1258304K), 0.0031443 secs] 1143545K->21909K(4054528K), 0.0032172 secs] [Times: user=0.00 sys=0.00, real=0.01 secs] 
2024-10-04T03:00:33.336+0300: 922.484: Total time for which application threads were stopped: 0.0035443 seconds, Stopping threads took: 0.0001949 seconds
2024-10-04T03:00:33.677+0300: 922.823: Application time: 0.3384372 seconds
2024-10-04T03:00:33.677+0300: 922.823: [GC (Allocation Failure) 2024-10-04T03:00:33.677+0300: 922.823: [DefNew: 1124030K->5590K(1258304K), 0.0032380 secs] 1140437K->21997K(4054528K), 0.0033110 secs] [Times: user=0.00 sys=0.00, real=0.00 secs] 
2024-10-04T03:00:33.681+0300: 922.826: Total time for which application threads were stopped: 0.0035530 seconds, Stopping threads took: 0.0001175 seconds
2024-10-04T03:00:34.027+0300: 923.174: Application time: 0.3475399 seconds
2024-10-04T03:00:34.027+0300: 923.174: [GC (Allocation Failure) 2024-10-04T03:00:34.027+0300: 923.174: [DefNew: 1124118K->7300K(1258304K), 0.0053402 secs] 1140525K->23707K(4054528K), 0.0054126 secs] [Times: user=0.00 sys=0.00, real=0.00 secs] 
2024-10-04T03:00:34.027+0300: 923.179: Total time for which application threads were stopped: 0.0057257 seconds, Stopping threads took: 0.0001723 seconds
2024-10-04T03:00:34.356+0300: 923.511: Application time: 0.3311332 seconds
2024-10-04T03:00:34.356+0300: 923.511: [GC (Allocation Failure) 2024-10-04T03:00:34.356+0300: 923.511: [DefNew: 1125828K->7554K(1258304K), 0.0051987 secs] 1142235K->23963K(4054528K), 0.0052733 secs] [Times: user=0.00 sys=0.00, real=0.00 secs] 
2024-10-04T03:00:34.356+0300: 923.516: Total time for which application threads were stopped: 0.0055991 seconds, Stopping threads took: 0.0001946 seconds
2024-10-04T03:00:34.717+0300: 923.863: Application time: 0.3471207 seconds
2024-10-04T03:00:34.717+0300: 923.864: [GC (Allocation Failure) 2024-10-04T03:00:34.717+0300: 923.864: [DefNew: 1126082K->5636K(1258304K), 0.0034041 secs] 1142491K->22044K(4054528K), 0.0034731 secs] [Times: user=0.00 sys=0.00, real=0.00 secs] 
2024-10-04T03:00:34.717+0300: 923.867: Total time for which application threads were stopped: 0.0037519 seconds, Stopping threads took: 0.0001628 seconds
2024-10-04T03:00:35.078+0300: 924.225: Application time: 0.3574167 seconds
2024-10-04T03:00:35.078+0300: 924.225: [GC (Allocation Failure) 2024-10-04T03:00:35.078+0300: 924.225: [DefNew: 1124164K->5663K(1258304K), 0.0032951 secs] 1140572K->22072K(4054528K), 0.0033632 secs] [Times: user=0.00 sys=0.00, real=0.00 secs] 
2024-10-04T03:00:35.081+0300: 924.228: Total time for which application threads were stopped: 0.0036545 seconds, Stopping threads took: 0.0001758 seconds
2024-10-04T03:00:35.408+0300: 924.561: Application time: 0.3331753 seconds
2024-10-04T03:00:35.408+0300: 924.562: [GC (Allocation Failure) 2024-10-04T03:00:35.408+0300: 924.562: [DefNew: 1124191K->5588K(1258304K), 0.0033649 secs] 1140600K->21998K(4054528K), 0.0034389 secs] [Times: user=0.00 sys=0.00, real=0.00 secs] 
2024-10-04T03:00:35.408+0300: 924.565: Total time for which application threads were stopped: 0.0037661 seconds, Stopping threads took: 0.0001948 seconds
2024-10-04T03:00:35.753+0300: 924.900: Application time: 0.3351073 seconds
2024-10-04T03:00:35.753+0300: 924.900: [GC (Allocation Failure) 2024-10-04T03:00:35.753+0300: 924.903: [DefNew: 1124116K->5978K(1258304K), 0.0039905 secs] 1140526K->22388K(4054528K), 0.0061511 secs] [Times: user=0.00 sys=0.00, real=0.00 secs] 
2024-10-04T03:00:35.753+0300: 924.907: Total time for which application threads were stopped: 0.0064545 seconds, Stopping threads took: 0.0001874 seconds
2024-10-04T03:00:36.098+0300: 925.257: Application time: 0.3504353 seconds
2024-10-04T03:00:36.098+0300: 925.257: [GC (Allocation Failure) 2024-10-04T03:00:36.098+0300: 925.257: [DefNew: 1124506K->7727K(1258304K), 0.0055301 secs] 1140916K->24136K(4054528K), 0.0056107 secs] [Times: user=0.00 sys=0.00, real=0.02 secs] 
2024-10-04T03:00:36.114+0300: 925.263: Total time for which application threads were stopped: 0.0059202 seconds, Stopping threads took: 0.0001792 seconds
2024-10-04T03:00:36.459+0300: 925.609: Application time: 0.3462873 seconds
2024-10-04T03:00:36.459+0300: 925.610: [GC (Allocation Failure) 2024-10-04T03:00:36.459+0300: 925.610: [DefNew: 1126255K->5640K(1258304K), 0.0033240 secs] 1142664K->22050K(4054528K), 0.0033964 secs] [Times: user=0.00 sys=0.00, real=0.00 secs] 
2024-10-04T03:00:36.459+0300: 925.613: Total time for which application threads were stopped: 0.0037157 seconds, Stopping threads took: 0.0001909 seconds
2024-10-04T03:00:36.804+0300: 925.953: Application time: 0.3403873 seconds
2024-10-04T03:00:36.804+0300: 925.954: [GC (Allocation Failure) 2024-10-04T03:00:36.804+0300: 925.954: [DefNew: 1124168K->5605K(1258304K), 0.0032915 secs] 1140578K->22016K(4054528K), 0.0033590 secs] [Times: user=0.00 sys=0.00, real=0.00 secs] 
2024-10-04T03:00:36.804+0300: 925.957: Total time for which application threads were stopped: 0.0036528 seconds, Stopping threads took: 0.0001677 seconds
2024-10-04T03:00:37.149+0300: 926.303: Application time: 0.3459758 seconds
2024-10-04T03:00:37.149+0300: 926.303: [GC (Allocation Failure) 2024-10-04T03:00:37.149+0300: 926.303: [DefNew: 1124133K->7398K(1258304K), 0.0051269 secs] 1140544K->23809K(4054528K), 0.0052099 secs] [Times: user=0.00 sys=0.00, real=0.00 secs] 
2024-10-04T03:00:37.149+0300: 926.309: Total time for which application threads were stopped: 0.0055620 seconds, Stopping threads took: 0.0002187 seconds
2024-10-04T03:00:37.495+0300: 926.642: Application time: 0.3329503 seconds
2024-10-04T03:00:37.495+0300: 926.642: [GC (Allocation Failure) 2024-10-04T03:00:37.495+0300: 926.642: [DefNew: 1125926K->9504K(1258304K), 0.0073167 secs] 1142337K->25915K(4054528K), 0.0073838 secs] [Times: user=0.00 sys=0.00, real=0.00 secs] 
2024-10-04T03:00:37.495+0300: 926.649: Total time for which application threads were stopped: 0.0076894 seconds, Stopping threads took: 0.0001930 seconds
2024-10-04T03:00:37.840+0300: 926.995: Application time: 0.3460134 seconds
2024-10-04T03:00:37.840+0300: 926.996: [GC (Allocation Failure) 2024-10-04T03:00:37.840+0300: 926.996: [DefNew: 1128032K->5863K(1258304K), 0.0034899 secs] 1144443K->22274K(4054528K), 0.0035589 secs] [Times: user=0.00 sys=0.00, real=0.00 secs] 
2024-10-04T03:00:37.840+0300: 926.999: Total time for which application threads were stopped: 0.0038610 seconds, Stopping threads took: 0.0001786 seconds
2024-10-04T03:00:38.202+0300: 927.355: Application time: 0.3561639 seconds
2024-10-04T03:00:38.202+0300: 927.356: [GC (Allocation Failure) 2024-10-04T03:00:38.202+0300: 927.356: [DefNew: 1124391K->5601K(1258304K), 0.0033069 secs] 1140802K->22013K(4054528K), 0.0033818 secs] [Times: user=0.00 sys=0.00, real=0.00 secs] 
2024-10-04T03:00:38.202+0300: 927.359: Total time for which application threads were stopped: 0.0036713 seconds, Stopping threads took: 0.0001494 seconds
2024-10-04T03:00:38.547+0300: 927.697: Application time: 0.3384182 seconds
2024-10-04T03:00:38.547+0300: 927.698: [GC (Allocation Failure) 2024-10-04T03:00:38.547+0300: 927.698: [DefNew: 1124129K->5558K(1258304K), 0.0031529 secs] 1140541K->21970K(4054528K), 0.0032255 secs] [Times: user=0.00 sys=0.00, real=0.00 secs] 
2024-10-04T03:00:38.547+0300: 927.701: Total time for which application threads were stopped: 0.0034911 seconds, Stopping threads took: 0.0001445 seconds
2024-10-04T03:00:38.892+0300: 928.040: Application time: 0.3387400 seconds
2024-10-04T03:00:38.892+0300: 928.040: [GC (Allocation Failure) 2024-10-04T03:00:38.892+0300: 928.040: [DefNew: 1124086K->6822K(1258304K), 0.0049200 secs] 1140498K->23234K(4054528K), 0.0049978 secs] [Times: user=0.00 sys=0.00, real=0.00 secs] 
2024-10-04T03:00:38.892+0300: 928.045: Total time for which application threads were stopped: 0.0053123 seconds, Stopping threads took: 0.0001866 seconds
2024-10-04T03:00:39.238+0300: 928.386: Application time: 0.3410492 seconds
2024-10-04T03:00:39.238+0300: 928.386: [GC (Allocation Failure) 2024-10-04T03:00:39.238+0300: 928.386: [DefNew: 1125350K->7692K(1258304K), 0.0050610 secs] 1141762K->24104K(4054528K), 0.0051342 secs] [Times: user=0.00 sys=0.00, real=0.00 secs] 
2024-10-04T03:00:39.238+0300: 928.391: Total time for which application threads were stopped: 0.0054320 seconds, Stopping threads took: 0.0001704 seconds
2024-10-04T03:00:39.592+0300: 928.742: Application time: 0.3501356 seconds
2024-10-04T03:00:39.592+0300: 928.742: [GC (Allocation Failure) 2024-10-04T03:00:39.592+0300: 928.742: [DefNew: 1126220K->5518K(1258304K), 0.0032931 secs] 1142632K->21931K(4054528K), 0.0033604 secs] [Times: user=0.00 sys=0.00, real=0.01 secs] 
2024-10-04T03:00:39.599+0300: 928.745: Total time for which application threads were stopped: 0.0036810 seconds, Stopping threads took: 0.0001997 seconds
2024-10-04T03:00:39.944+0300: 929.098: Application time: 0.3530502 seconds
2024-10-04T03:00:39.944+0300: 929.099: [GC (Allocation Failure) 2024-10-04T03:00:39.944+0300: 929.099: [DefNew: 1124046K->5611K(1258304K), 0.0032631 secs] 1140459K->22024K(4054528K), 0.0033321 secs] [Times: user=0.00 sys=0.00, real=0.00 secs] 
2024-10-04T03:00:39.944+0300: 929.102: Total time for which application threads were stopped: 0.0037120 seconds, Stopping threads took: 0.0002504 seconds
2024-10-04T03:00:40.289+0300: 929.438: Application time: 0.3359714 seconds
2024-10-04T03:00:40.289+0300: 929.438: [GC (Allocation Failure) 2024-10-04T03:00:40.289+0300: 929.438: [DefNew: 1124139K->5633K(1258304K), 0.0032831 secs] 1140552K->22047K(4054528K), 0.0033602 secs] [Times: user=0.00 sys=0.00, real=0.00 secs] 
2024-10-04T03:00:40.293+0300: 929.442: Total time for which application threads were stopped: 0.0036667 seconds, Stopping threads took: 0.0001830 seconds
2024-10-04T03:00:40.619+0300: 929.778: Application time: 0.3363360 seconds
2024-10-04T03:00:40.619+0300: 929.778: [GC (Allocation Failure) 2024-10-04T03:00:40.619+0300: 929.778: [DefNew: 1124161K->7594K(1258304K), 0.0052728 secs] 1140575K->24008K(4054528K), 0.0053430 secs] [Times: user=0.00 sys=0.00, real=0.02 secs] 
2024-10-04T03:00:40.635+0300: 929.784: Total time for which application threads were stopped: 0.0056582 seconds, Stopping threads took: 0.0001967 seconds
2024-10-04T03:00:40.980+0300: 930.132: Application time: 0.3484069 seconds
2024-10-04T03:00:40.980+0300: 930.132: [GC (Allocation Failure) 2024-10-04T03:00:40.980+0300: 930.132: [DefNew: 1126122K->7563K(1258304K), 0.0049269 secs] 1142536K->23977K(4054528K), 0.0049934 secs] [Times: user=0.00 sys=0.00, real=0.00 secs] 
2024-10-04T03:00:40.980+0300: 930.137: Total time for which application threads were stopped: 0.0053218 seconds, Stopping threads took: 0.0002058 seconds
2024-10-04T03:00:41.341+0300: 930.487: Application time: 0.3493063 seconds
2024-10-04T03:00:41.341+0300: 930.487: [GC (Allocation Failure) 2024-10-04T03:00:41.341+0300: 930.487: [DefNew: 1126091K->5523K(1258304K), 0.0032248 secs] 1142505K->21937K(4054528K), 0.0032986 secs] [Times: user=0.00 sys=0.00, real=0.00 secs] 
2024-10-04T03:00:41.341+0300: 930.490: Total time for which application threads were stopped: 0.0035908 seconds, Stopping threads took: 0.0001621 seconds
2024-10-04T03:00:41.671+0300: 930.831: Application time: 0.3404952 seconds
2024-10-04T03:00:41.671+0300: 930.831: [GC (Allocation Failure) 2024-10-04T03:00:41.671+0300: 930.831: [DefNew: 1124051K->5736K(1258304K), 0.0033147 secs] 1140465K->22151K(4054528K), 0.0033865 secs] [Times: user=0.00 sys=0.00, real=0.02 secs] 
2024-10-04T03:00:41.686+0300: 930.835: Total time for which application threads were stopped: 0.0037306 seconds, Stopping threads took: 0.0002192 seconds
2024-10-04T03:00:42.016+0300: 931.175: Application time: 0.3409460 seconds
2024-10-04T03:00:42.016+0300: 931.176: [GC (Allocation Failure) 2024-10-04T03:00:42.016+0300: 931.176: [DefNew: 1124264K->5515K(1258304K), 0.0032502 secs] 1140679K->21931K(4054528K), 0.0033184 secs] [Times: user=0.00 sys=0.00, real=0.02 secs] 
2024-10-04T03:00:42.032+0300: 931.179: Total time for which application threads were stopped: 0.0036338 seconds, Stopping threads took: 0.0001955 seconds
2024-10-04T03:00:42.361+0300: 931.517: Application time: 0.3377472 seconds
2024-10-04T03:00:42.361+0300: 931.517: [GC (Allocation Failure) 2024-10-04T03:00:42.361+0300: 931.517: [DefNew: 1124043K->6557K(1258304K), 0.0038691 secs] 1140459K->22972K(4054528K), 0.0039707 secs] [Times: user=0.00 sys=0.00, real=0.00 secs] 
2024-10-04T03:00:42.361+0300: 931.521: Total time for which application threads were stopped: 0.0043004 seconds, Stopping threads took: 0.0001817 seconds
2024-10-04T03:00:42.722+0300: 931.868: Application time: 0.3467128 seconds
2024-10-04T03:00:42.722+0300: 931.868: [GC (Allocation Failure) 2024-10-04T03:00:42.722+0300: 931.868: [DefNew: 1125085K->5515K(1258304K), 0.0030962 secs] 1141500K->21930K(4054528K), 0.0031637 secs] [Times: user=0.00 sys=0.00, real=0.00 secs] 
2024-10-04T03:00:42.722+0300: 931.871: Total time for which application threads were stopped: 0.0034316 seconds, Stopping threads took: 0.0001517 seconds
2024-10-04T03:00:43.067+0300: 932.227: Application time: 0.3556191 seconds
2024-10-04T03:00:43.067+0300: 932.227: [GC (Allocation Failure) 2024-10-04T03:00:43.067+0300: 932.227: [DefNew: 1124043K->5653K(1258304K), 0.0033598 secs] 1140458K->22069K(4054528K), 0.0034389 secs] [Times: user=0.00 sys=0.00, real=0.02 secs] 
2024-10-04T03:00:43.083+0300: 932.231: Total time for which application threads were stopped: 0.0038190 seconds, Stopping threads took: 0.0002159 seconds
2024-10-04T03:00:43.413+0300: 932.568: Application time: 0.3370357 seconds
2024-10-04T03:00:43.413+0300: 932.568: [GC (Allocation Failure) 2024-10-04T03:00:43.413+0300: 932.568: [DefNew: 1124181K->5677K(1258304K), 0.0033354 secs] 1140597K->22093K(4054528K), 0.0034104 secs] [Times: user=0.00 sys=0.00, real=0.00 secs] 
2024-10-04T03:00:43.413+0300: 932.572: Total time for which application threads were stopped: 0.0037252 seconds, Stopping threads took: 0.0001772 seconds
2024-10-04T03:00:43.758+0300: 932.904: Application time: 0.3319919 seconds
2024-10-04T03:00:43.758+0300: 932.904: [GC (Allocation Failure) 2024-10-04T03:00:43.758+0300: 932.904: [DefNew: 1124205K->7607K(1258304K), 0.0051266 secs] 1140621K->24023K(4054528K), 0.0051922 secs] [Times: user=0.00 sys=0.00, real=0.00 secs] 
2024-10-04T03:00:43.758+0300: 932.909: Total time for which application threads were stopped: 0.0054246 seconds, Stopping threads took: 0.0001213 seconds
2024-10-04T03:00:44.104+0300: 933.262: Application time: 0.3525824 seconds
2024-10-04T03:00:44.104+0300: 933.262: [GC (Allocation Failure) 2024-10-04T03:00:44.104+0300: 933.262: [DefNew: 1126135K->6608K(1258304K), 0.0042061 secs] 1142551K->23025K(4054528K), 0.0042738 secs] [Times: user=0.00 sys=0.00, real=0.02 secs] 
2024-10-04T03:00:44.120+0300: 933.266: Total time for which application threads were stopped: 0.0045916 seconds, Stopping threads took: 0.0002061 seconds
2024-10-04T03:00:44.464+0300: 933.617: Application time: 0.3508777 seconds
2024-10-04T03:00:44.464+0300: 933.617: [GC (Allocation Failure) 2024-10-04T03:00:44.464+0300: 933.617: [DefNew: 1125136K->5466K(1258304K), 0.0031799 secs] 1141553K->21884K(4054528K), 0.0032536 secs] [Times: user=0.00 sys=0.00, real=0.00 secs] 
2024-10-04T03:00:44.464+0300: 933.621: Total time for which application threads were stopped: 0.0035917 seconds, Stopping threads took: 0.0002162 seconds
2024-10-04T03:00:44.809+0300: 933.961: Application time: 0.3400679 seconds
2024-10-04T03:00:44.809+0300: 933.961: [GC (Allocation Failure) 2024-10-04T03:00:44.809+0300: 933.961: [DefNew: 1123994K->5716K(1258304K), 0.0033756 secs] 1140412K->22134K(4054528K), 0.0034469 secs] [Times: user=0.00 sys=0.00, real=0.00 secs] 
2024-10-04T03:00:44.809+0300: 933.964: Total time for which application threads were stopped: 0.0037817 seconds, Stopping threads took: 0.0002083 seconds
2024-10-04T03:00:45.155+0300: 934.308: Application time: 0.3439539 seconds
2024-10-04T03:00:45.155+0300: 934.309: [GC (Allocation Failure) 2024-10-04T03:00:45.155+0300: 934.309: [DefNew: 1124244K->5881K(1258304K), 0.0035380 secs] 1140662K->22299K(4054528K), 0.0036086 secs] [Times: user=0.00 sys=0.00, real=0.00 secs] 
2024-10-04T03:00:45.155+0300: 934.312: Total time for which application threads were stopped: 0.0038960 seconds, Stopping threads took: 0.0001670 seconds
2024-10-04T03:00:45.500+0300: 934.648: Application time: 0.3358618 seconds
2024-10-04T03:00:45.500+0300: 934.648: [GC (Allocation Failure) 2024-10-04T03:00:45.500+0300: 934.648: [DefNew: 1124409K->8485K(1258304K), 0.0065722 secs] 1140827K->24904K(4054528K), 0.0066457 secs] [Times: user=0.00 sys=0.00, real=0.01 secs] 
2024-10-04T03:00:45.507+0300: 934.655: Total time for which application threads were stopped: 0.0068994 seconds, Stopping threads took: 0.0001261 seconds
2024-10-04T03:00:45.846+0300: 935.006: Application time: 0.3511500 seconds
2024-10-04T03:00:45.846+0300: 935.007: [GC (Allocation Failure) 2024-10-04T03:00:45.846+0300: 935.007: [DefNew: 1127013K->5649K(1258304K), 0.0033023 secs] 1143432K->22067K(4054528K), 0.0033771 secs] [Times: user=0.00 sys=0.00, real=0.02 secs] 
2024-10-04T03:00:45.862+0300: 935.010: Total time for which application threads were stopped: 0.0036899 seconds, Stopping threads took: 0.0001859 seconds
2024-10-04T03:00:46.208+0300: 935.367: Application time: 0.3571743 seconds
2024-10-04T03:00:46.208+0300: 935.367: [GC (Allocation Failure) 2024-10-04T03:00:46.208+0300: 935.367: [DefNew: 1124177K->5676K(1258304K), 0.0035854 secs] 1140595K->22094K(4054528K), 0.0036625 secs] [Times: user=0.00 sys=0.00, real=0.02 secs] 
2024-10-04T03:00:46.223+0300: 935.371: Total time for which application threads were stopped: 0.0039844 seconds, Stopping threads took: 0.0001846 seconds
2024-10-04T03:00:46.553+0300: 935.708: Application time: 0.3373424 seconds
2024-10-04T03:00:46.553+0300: 935.709: [GC (Allocation Failure) 2024-10-04T03:00:46.553+0300: 935.709: [DefNew: 1124204K->5581K(1258304K), 0.0032612 secs] 1140622K->22000K(4054528K), 0.0033629 secs] [Times: user=0.00 sys=0.00, real=0.00 secs] 
2024-10-04T03:00:46.553+0300: 935.712: Total time for which application threads were stopped: 0.0037315 seconds, Stopping threads took: 0.0001921 seconds
2024-10-04T03:00:46.910+0300: 936.056: Application time: 0.3436736 seconds
2024-10-04T03:00:46.910+0300: 936.056: [GC (Allocation Failure) 2024-10-04T03:00:46.910+0300: 936.056: [DefNew: 1124109K->5991K(1258304K), 0.0034441 secs] 1140528K->22411K(4054528K), 0.0035286 secs] [Times: user=0.02 sys=0.00, real=0.00 secs] 
2024-10-04T03:00:46.914+0300: 936.060: Total time for which application threads were stopped: 0.0038282 seconds, Stopping threads took: 0.0001584 seconds
2024-10-04T03:00:47.244+0300: 936.403: Application time: 0.3434532 seconds
2024-10-04T03:00:47.244+0300: 936.403: [GC (Allocation Failure) 2024-10-04T03:00:47.244+0300: 936.403: [DefNew: 1124519K->9455K(1258304K), 0.0077097 secs] 1140939K->25874K(4054528K), 0.0077819 secs] [Times: user=0.00 sys=0.00, real=0.02 secs] 
2024-10-04T03:00:47.259+0300: 936.411: Total time for which application threads were stopped: 0.0080899 seconds, Stopping threads took: 0.0001807 seconds
2024-10-04T03:00:47.604+0300: 936.756: Application time: 0.3451335 seconds
2024-10-04T03:00:47.604+0300: 936.757: [GC (Allocation Failure) 2024-10-04T03:00:47.604+0300: 936.757: [DefNew: 1127983K->5556K(1258304K), 0.0033232 secs] 1144402K->21976K(4054528K), 0.0034071 secs] [Times: user=0.00 sys=0.00, real=0.01 secs] 
2024-10-04T03:00:47.612+0300: 936.760: Total time for which application threads were stopped: 0.0037120 seconds, Stopping threads took: 0.0001643 seconds
2024-10-04T03:00:47.965+0300: 937.112: Application time: 0.3522075 seconds
2024-10-04T03:00:47.965+0300: 937.113: [GC (Allocation Failure) 2024-10-04T03:00:47.965+0300: 937.113: [DefNew: 1124084K->5517K(1258304K), 0.0030944 secs] 1140504K->21937K(4054528K), 0.0031641 secs] [Times: user=0.00 sys=0.00, real=0.00 secs] 
2024-10-04T03:00:47.965+0300: 937.116: Total time for which application threads were stopped: 0.0034123 seconds, Stopping threads took: 0.0001274 seconds
2024-10-04T03:00:48.294+0300: 937.450: Application time: 0.3346267 seconds
2024-10-04T03:00:48.294+0300: 937.451: [GC (Allocation Failure) 2024-10-04T03:00:48.294+0300: 937.451: [DefNew: 1124045K->5667K(1258304K), 0.0032852 secs] 1140465K->22087K(4054528K), 0.0033642 secs] [Times: user=0.00 sys=0.00, real=0.00 secs] 
2024-10-04T03:00:48.294+0300: 937.454: Total time for which application threads were stopped: 0.0036981 seconds, Stopping threads took: 0.0002065 seconds
2024-10-04T03:00:48.639+0300: 937.790: Application time: 0.3358947 seconds
2024-10-04T03:00:48.639+0300: 937.790: [GC (Allocation Failure) 2024-10-04T03:00:48.639+0300: 937.790: [DefNew: 1124195K->6682K(1258304K), 0.0038192 secs] 1140615K->23103K(4054528K), 0.0038874 secs] [Times: user=0.00 sys=0.00, real=0.00 secs] 
2024-10-04T03:00:48.639+0300: 937.794: Total time for which application threads were stopped: 0.0042611 seconds, Stopping threads took: 0.0002430 seconds
2024-10-04T03:00:49.000+0300: 938.148: Application time: 0.3537455 seconds
2024-10-04T03:00:49.000+0300: 938.148: [GC (Allocation Failure) 2024-10-04T03:00:49.000+0300: 938.148: [DefNew: 1125210K->5794K(1258304K), 0.0034879 secs] 1141631K->22215K(4054528K), 0.0035598 secs] [Times: user=0.00 sys=0.00, real=0.00 secs] 
2024-10-04T03:00:49.000+0300: 938.152: Total time for which application threads were stopped: 0.0038481 seconds, Stopping threads took: 0.0001647 seconds
2024-10-04T03:00:49.346+0300: 938.500: Application time: 0.3481608 seconds
2024-10-04T03:00:49.346+0300: 938.500: [GC (Allocation Failure) 2024-10-04T03:00:49.346+0300: 938.500: [DefNew: 1124322K->5503K(1258304K), 0.0031836 secs] 1140743K->21924K(4054528K), 0.0032630 secs] [Times: user=0.00 sys=0.00, real=0.00 secs] 
2024-10-04T03:00:49.346+0300: 938.504: Total time for which application threads were stopped: 0.0036201 seconds, Stopping threads took: 0.0002271 seconds
2024-10-04T03:00:49.691+0300: 938.846: Application time: 0.3423295 seconds
2024-10-04T03:00:49.691+0300: 938.846: [GC (Allocation Failure) 2024-10-04T03:00:49.691+0300: 938.846: [DefNew: 1124031K->5544K(1258304K), 0.0031153 secs] 1140452K->21966K(4054528K), 0.0031873 secs] [Times: user=0.00 sys=0.00, real=0.00 secs] 
2024-10-04T03:00:49.691+0300: 938.849: Total time for which application threads were stopped: 0.0034658 seconds, Stopping threads took: 0.0001584 seconds
2024-10-04T03:00:50.037+0300: 939.192: Application time: 0.3424414 seconds
2024-10-04T03:00:50.037+0300: 939.192: [GC (Allocation Failure) 2024-10-04T03:00:50.037+0300: 939.192: [DefNew: 1124072K->7185K(1258304K), 0.0049177 secs] 1140494K->23608K(4054528K), 0.0049912 secs] [Times: user=0.00 sys=0.00, real=0.00 secs] 
2024-10-04T03:00:50.037+0300: 939.197: Total time for which application threads were stopped: 0.0053218 seconds, Stopping threads took: 0.0002017 seconds
2024-10-04T03:00:50.382+0300: 939.536: Application time: 0.3392957 seconds
2024-10-04T03:00:50.382+0300: 939.537: [GC (Allocation Failure) 2024-10-04T03:00:50.382+0300: 939.537: [DefNew: 1125713K->6514K(1258304K), 0.0039042 secs] 1142136K->22937K(4054528K), 0.0039804 secs] [Times: user=0.00 sys=0.00, real=0.00 secs] 
2024-10-04T03:00:50.382+0300: 939.541: Total time for which application threads were stopped: 0.0043228 seconds, Stopping threads took: 0.0002057 seconds
2024-10-04T03:00:50.743+0300: 939.889: Application time: 0.3479033 seconds
2024-10-04T03:00:50.743+0300: 939.889: [GC (Allocation Failure) 2024-10-04T03:00:50.743+0300: 939.889: [DefNew: 1125042K->5770K(1258304K), 0.0033250 secs] 1141465K->22193K(4054528K), 0.0033924 secs] [Times: user=0.00 sys=0.00, real=0.00 secs] 
2024-10-04T03:00:50.743+0300: 939.892: Total time for which application threads were stopped: 0.0036288 seconds, Stopping threads took: 0.0001211 seconds
2024-10-04T03:00:51.088+0300: 940.244: Application time: 0.3514549 seconds
2024-10-04T03:00:51.088+0300: 940.244: [GC (Allocation Failure) 2024-10-04T03:00:51.088+0300: 940.244: [DefNew: 1124298K->5595K(1258304K), 0.0034981 secs] 1140721K->22018K(4054528K), 0.0035743 secs] [Times: user=0.00 sys=0.00, real=0.00 secs] 
2024-10-04T03:00:51.088+0300: 940.248: Total time for which application threads were stopped: 0.0038786 seconds, Stopping threads took: 0.0001762 seconds
2024-10-04T03:00:51.434+0300: 940.588: Application time: 0.3402290 seconds
2024-10-04T03:00:51.434+0300: 940.588: [GC (Allocation Failure) 2024-10-04T03:00:51.434+0300: 940.588: [DefNew: 1124123K->5485K(1258304K), 0.0031521 secs] 1140546K->21909K(4054528K), 0.0032282 secs] [Times: user=0.00 sys=0.00, real=0.00 secs] 
2024-10-04T03:00:51.434+0300: 940.591: Total time for which application threads were stopped: 0.0035633 seconds, Stopping threads took: 0.0002090 seconds
2024-10-04T03:00:51.779+0300: 940.925: Application time: 0.3332819 seconds
2024-10-04T03:00:51.779+0300: 940.925: [GC (Allocation Failure) 2024-10-04T03:00:51.779+0300: 940.925: [DefNew: 1124013K->7150K(1258304K), 0.0047731 secs] 1140437K->23573K(4054528K), 0.0048400 secs] [Times: user=0.00 sys=0.00, real=0.00 secs] 
2024-10-04T03:00:51.779+0300: 940.930: Total time for which application threads were stopped: 0.0050999 seconds, Stopping threads took: 0.0001352 seconds
2024-10-04T03:00:52.124+0300: 941.282: Application time: 0.3519314 seconds
2024-10-04T03:00:52.124+0300: 941.282: [GC (Allocation Failure) 2024-10-04T03:00:52.124+0300: 941.282: [DefNew: 1125678K->6082K(1258304K), 0.0035679 secs] 1142101K->22506K(4054528K), 0.0036411 secs] [Times: user=0.00 sys=0.00, real=0.02 secs] 
2024-10-04T03:00:52.140+0300: 941.286: Total time for which application threads were stopped: 0.0039916 seconds, Stopping threads took: 0.0002215 seconds
2024-10-04T03:00:52.485+0300: 941.633: Application time: 0.3473709 seconds
2024-10-04T03:00:52.485+0300: 941.633: [GC (Allocation Failure) 2024-10-04T03:00:52.485+0300: 941.633: [DefNew: 1124610K->5737K(1258304K), 0.0033834 secs] 1141034K->22162K(4054528K), 0.0034550 secs] [Times: user=0.00 sys=0.00, real=0.00 secs] 
2024-10-04T03:00:52.485+0300: 941.637: Total time for which application threads were stopped: 0.0037614 seconds, Stopping threads took: 0.0001816 seconds
2024-10-04T03:00:52.824+0300: 941.972: Application time: 0.3347843 seconds
2024-10-04T03:00:52.824+0300: 941.972: [GC (Allocation Failure) 2024-10-04T03:00:52.824+0300: 941.972: [DefNew: 1124265K->5673K(1258304K), 0.0032423 secs] 1140690K->22097K(4054528K), 0.0033099 secs] [Times: user=0.00 sys=0.00, real=0.00 secs] 
2024-10-04T03:00:52.824+0300: 941.975: Total time for which application threads were stopped: 0.0036020 seconds, Stopping threads took: 0.0001708 seconds
2024-10-04T03:00:53.161+0300: 942.319: Application time: 0.3434707 seconds
2024-10-04T03:00:53.161+0300: 942.319: [GC (Allocation Failure) 2024-10-04T03:00:53.161+0300: 942.319: [DefNew: 1124201K->5935K(1258304K), 0.0036899 secs] 1140625K->22360K(4054528K), 0.0037642 secs] [Times: user=0.00 sys=0.00, real=0.02 secs] 
2024-10-04T03:00:53.176+0300: 942.323: Total time for which application threads were stopped: 0.0040847 seconds, Stopping threads took: 0.0001595 seconds
2024-10-04T03:00:53.506+0300: 942.660: Application time: 0.3375353 seconds
2024-10-04T03:00:53.506+0300: 942.661: [GC (Allocation Failure) 2024-10-04T03:00:53.506+0300: 942.661: [DefNew: 1124463K->6070K(1258304K), 0.0035055 secs] 1140888K->22495K(4054528K), 0.0035792 secs] [Times: user=0.00 sys=0.00, real=0.00 secs] 
2024-10-04T03:00:53.506+0300: 942.664: Total time for which application threads were stopped: 0.0039341 seconds, Stopping threads took: 0.0002234 seconds
2024-10-04T03:00:53.851+0300: 943.004: Application time: 0.3400088 seconds
2024-10-04T03:00:53.851+0300: 943.005: [GC (Allocation Failure) 2024-10-04T03:00:53.851+0300: 943.005: [DefNew: 1124598K->5595K(1258304K), 0.0032751 secs] 1141023K->22021K(4054528K), 0.0033448 secs] [Times: user=0.00 sys=0.00, real=0.00 secs] 
2024-10-04T03:00:53.851+0300: 943.008: Total time for which application threads were stopped: 0.0036404 seconds, Stopping threads took: 0.0001533 seconds
2024-10-04T03:00:54.212+0300: 943.361: Application time: 0.3533784 seconds
2024-10-04T03:00:54.212+0300: 943.362: [GC (Allocation Failure) 2024-10-04T03:00:54.212+0300: 943.362: [DefNew: 1124123K->5528K(1258304K), 0.0032215 secs] 1140549K->21954K(4054528K), 0.0033042 secs] [Times: user=0.00 sys=0.00, real=0.00 secs] 
2024-10-04T03:00:54.212+0300: 943.365: Total time for which application threads were stopped: 0.0036519 seconds, Stopping threads took: 0.0001859 seconds
2024-10-04T03:00:54.557+0300: 943.705: Application time: 0.3399660 seconds
2024-10-04T03:00:54.557+0300: 943.705: [GC (Allocation Failure) 2024-10-04T03:00:54.557+0300: 943.705: [DefNew: 1124056K->5615K(1258304K), 0.0032572 secs] 1140482K->22042K(4054528K), 0.0033254 secs] [Times: user=0.00 sys=0.00, real=0.00 secs] 
2024-10-04T03:00:54.557+0300: 943.709: Total time for which application threads were stopped: 0.0035786 seconds, Stopping threads took: 0.0001350 seconds
2024-10-04T03:00:54.887+0300: 944.048: Application time: 0.3391382 seconds
2024-10-04T03:00:54.903+0300: 944.048: [GC (Allocation Failure) 2024-10-04T03:00:54.903+0300: 944.048: [DefNew: 1124143K->5735K(1258304K), 0.0034445 secs] 1140570K->22161K(4054528K), 0.0035450 secs] [Times: user=0.00 sys=0.00, real=0.00 secs] 
2024-10-04T03:00:54.903+0300: 944.052: Total time for which application threads were stopped: 0.0039301 seconds, Stopping threads took: 0.0002133 seconds
2024-10-04T03:00:55.249+0300: 944.398: Application time: 0.3463147 seconds
2024-10-04T03:00:55.249+0300: 944.398: [GC (Allocation Failure) 2024-10-04T03:00:55.249+0300: 944.398: [DefNew: 1124263K->6512K(1258304K), 0.0037787 secs] 1140689K->22939K(4054528K), 0.0038591 secs] [Times: user=0.00 sys=0.00, real=0.00 secs] 
2024-10-04T03:00:55.249+0300: 944.402: Total time for which application threads were stopped: 0.0041496 seconds, Stopping threads took: 0.0001582 seconds
2024-10-04T03:00:55.593+0300: 944.743: Application time: 0.3405052 seconds
2024-10-04T03:00:55.593+0300: 944.743: [GC (Allocation Failure) 2024-10-04T03:00:55.593+0300: 944.743: [DefNew: 1125040K->7276K(1258304K), 0.0050015 secs] 1141467K->23704K(4054528K), 0.0050701 secs] [Times: user=0.00 sys=0.00, real=0.00 secs] 
2024-10-04T03:00:55.593+0300: 944.748: Total time for which application threads were stopped: 0.0053912 seconds, Stopping threads took: 0.0001983 seconds
2024-10-04T03:00:55.939+0300: 945.099: Application time: 0.3506715 seconds
2024-10-04T03:00:55.939+0300: 945.099: [GC (Allocation Failure) 2024-10-04T03:00:55.939+0300: 945.099: [DefNew: 1125804K->7304K(1258304K), 0.0050348 secs] 1142232K->23732K(4054528K), 0.0051021 secs] [Times: user=0.00 sys=0.00, real=0.02 secs] 
2024-10-04T03:00:55.955+0300: 945.104: Total time for which application threads were stopped: 0.0053899 seconds, Stopping threads took: 0.0001601 seconds
2024-10-04T03:00:56.300+0300: 945.446: Application time: 0.3419535 seconds
2024-10-04T03:00:56.300+0300: 945.446: [GC (Allocation Failure) 2024-10-04T03:00:56.300+0300: 945.446: [DefNew: 1125832K->5790K(1258304K), 0.0035903 secs] 1142260K->22218K(4054528K), 0.0036690 secs] [Times: user=0.00 sys=0.00, real=0.00 secs] 
2024-10-04T03:00:56.300+0300: 945.450: Total time for which application threads were stopped: 0.0039458 seconds, Stopping threads took: 0.0001504 seconds
2024-10-04T03:00:56.633+0300: 945.787: Application time: 0.3368437 seconds
2024-10-04T03:00:56.633+0300: 945.787: [GC (Allocation Failure) 2024-10-04T03:00:56.633+0300: 945.787: [DefNew: 1124318K->5609K(1258304K), 0.0032662 secs] 1140746K->22037K(4054528K), 0.0033410 secs] [Times: user=0.00 sys=0.00, real=0.00 secs] 
2024-10-04T03:00:56.633+0300: 945.790: Total time for which application threads were stopped: 0.0036685 seconds, Stopping threads took: 0.0001670 seconds
2024-10-04T03:00:56.992+0300: 946.140: Application time: 0.3491568 seconds
2024-10-04T03:00:56.992+0300: 946.140: [GC (Allocation Failure) 2024-10-04T03:00:56.992+0300: 946.140: [DefNew: 1124137K->5824K(1258304K), 0.0033466 secs] 1140565K->22253K(4054528K), 0.0034135 secs] [Times: user=0.00 sys=0.00, real=0.00 secs] 
2024-10-04T03:00:56.992+0300: 946.143: Total time for which application threads were stopped: 0.0037006 seconds, Stopping threads took: 0.0001588 seconds
2024-10-04T03:00:57.353+0300: 946.501: Application time: 0.3577421 seconds
2024-10-04T03:00:57.353+0300: 946.501: [GC (Allocation Failure) 2024-10-04T03:00:57.353+0300: 946.501: [DefNew: 1124352K->5751K(1258304K), 0.0038751 secs] 1140781K->22180K(4054528K), 0.0039520 secs] [Times: user=0.00 sys=0.00, real=0.00 secs] 
2024-10-04T03:00:57.353+0300: 946.505: Total time for which application threads were stopped: 0.0043089 seconds, Stopping threads took: 0.0001872 seconds
2024-10-04T03:00:57.698+0300: 946.857: Application time: 0.3517713 seconds
2024-10-04T03:00:57.698+0300: 946.857: [GC (Allocation Failure) 2024-10-04T03:00:57.714+0300: 946.860: [DefNew: 1124279K->5624K(1258304K), 0.0039429 secs] 1140708K->22053K(4054528K), 0.0062704 secs] [Times: user=0.00 sys=0.00, real=0.02 secs] 
2024-10-04T03:00:57.714+0300: 946.864: Total time for which application threads were stopped: 0.0066202 seconds, Stopping threads took: 0.0001886 seconds
2024-10-04T03:00:58.059+0300: 947.217: Application time: 0.3535964 seconds
2024-10-04T03:00:58.059+0300: 947.218: [GC (Allocation Failure) 2024-10-04T03:00:58.059+0300: 947.218: [DefNew: 1124152K->5752K(1258304K), 0.0037089 secs] 1140581K->22181K(4054528K), 0.0037799 secs] [Times: user=0.00 sys=0.00, real=0.02 secs] 
2024-10-04T03:00:58.075+0300: 947.221: Total time for which application threads were stopped: 0.0040271 seconds, Stopping threads took: 0.0001137 seconds
2024-10-04T03:00:58.420+0300: 947.571: Application time: 0.3494907 seconds
2024-10-04T03:00:58.420+0300: 947.571: [GC (Allocation Failure) 2024-10-04T03:00:58.420+0300: 947.571: [DefNew: 1124280K->5439K(1258304K), 0.0034380 secs] 1140709K->21868K(4054528K), 0.0035215 secs] [Times: user=0.00 sys=0.00, real=0.00 secs] 
2024-10-04T03:00:58.420+0300: 947.575: Total time for which application threads were stopped: 0.0038441 seconds, Stopping threads took: 0.0001718 seconds
2024-10-04T03:00:58.751+0300: 947.911: Application time: 0.3358820 seconds
2024-10-04T03:00:58.751+0300: 947.911: [GC (Allocation Failure) 2024-10-04T03:00:58.751+0300: 947.911: [DefNew: 1123967K->5622K(1258304K), 0.0037737 secs] 1140396K->22052K(4054528K), 0.0038592 secs] [Times: user=0.00 sys=0.02, real=0.02 secs] 
2024-10-04T03:00:58.766+0300: 947.915: Total time for which application threads were stopped: 0.0042265 seconds, Stopping threads took: 0.0002203 seconds
2024-10-04T03:00:59.111+0300: 948.272: Application time: 0.3569419 seconds
2024-10-04T03:00:59.127+0300: 948.272: [GC (Allocation Failure) 2024-10-04T03:00:59.127+0300: 948.272: [DefNew: 1124150K->5989K(1258304K), 0.0037450 secs] 1140580K->22419K(4054528K), 0.0038364 secs] [Times: user=0.00 sys=0.00, real=0.00 secs] 
2024-10-04T03:00:59.127+0300: 948.276: Total time for which application threads were stopped: 0.0041442 seconds, Stopping threads took: 0.0001422 seconds
2024-10-04T03:00:59.473+0300: 948.621: Application time: 0.3454664 seconds
2024-10-04T03:00:59.473+0300: 948.622: [GC (Allocation Failure) 2024-10-04T03:00:59.473+0300: 948.622: [DefNew: 1124517K->5657K(1258304K), 0.0034473 secs] 1140947K->22088K(4054528K), 0.0035060 secs] [Times: user=0.00 sys=0.00, real=0.00 secs] 
2024-10-04T03:00:59.473+0300: 948.625: Total time for which application threads were stopped: 0.0037655 seconds, Stopping threads took: 0.0001288 seconds
2024-10-04T03:00:59.803+0300: 948.963: Application time: 0.3380015 seconds
2024-10-04T03:00:59.818+0300: 948.964: [GC (Allocation Failure) 2024-10-04T03:00:59.818+0300: 948.964: [DefNew: 1124185K->6900K(1258304K), 0.0050395 secs] 1140616K->23331K(4054528K), 0.0051180 secs] [Times: user=0.00 sys=0.00, real=0.00 secs] 
2024-10-04T03:00:59.818+0300: 948.969: Total time for which application threads were stopped: 0.0055020 seconds, Stopping threads took: 0.0002330 seconds
2024-10-04T03:01:00.180+0300: 949.330: Application time: 0.3615746 seconds
2024-10-04T03:01:00.180+0300: 949.331: [GC (Allocation Failure) 2024-10-04T03:01:00.180+0300: 949.331: [DefNew: 1125428K->5733K(1258304K), 0.0038140 secs] 1141859K->22164K(4054528K), 0.0039313 secs] [Times: user=0.00 sys=0.00, real=0.00 secs] 
2024-10-04T03:01:00.180+0300: 949.335: Total time for which application threads were stopped: 0.0043154 seconds, Stopping threads took: 0.0001985 seconds
2024-10-04T03:01:00.525+0300: 949.672: Application time: 0.3369977 seconds
2024-10-04T03:01:00.525+0300: 949.672: [GC (Allocation Failure) 2024-10-04T03:01:00.525+0300: 949.672: [DefNew: 1124261K->5445K(1258304K), 0.0032739 secs] 1140692K->21877K(4054528K), 0.0033500 secs] [Times: user=0.00 sys=0.00, real=0.00 secs] 
2024-10-04T03:01:00.525+0300: 949.675: Total time for which application threads were stopped: 0.0035996 seconds, Stopping threads took: 0.0001434 seconds
2024-10-04T03:01:00.855+0300: 950.015: Application time: 0.3395991 seconds
2024-10-04T03:01:00.855+0300: 950.015: [GC (Allocation Failure) 2024-10-04T03:01:00.855+0300: 950.015: [DefNew: 1123973K->7348K(1258304K), 0.0059805 secs] 1140405K->23780K(4054528K), 0.0060527 secs] [Times: user=0.00 sys=0.00, real=0.01 secs] 
2024-10-04T03:01:00.870+0300: 950.021: Total time for which application threads were stopped: 0.0063876 seconds, Stopping threads took: 0.0002031 seconds
2024-10-04T03:01:01.215+0300: 950.366: Application time: 0.3445421 seconds
2024-10-04T03:01:01.215+0300: 950.366: [GC (Allocation Failure) 2024-10-04T03:01:01.215+0300: 950.366: [DefNew: 1125876K->5372K(1258304K), 0.0030750 secs] 1142308K->21804K(4054528K), 0.0031525 secs] [Times: user=0.00 sys=0.00, real=0.00 secs] 
2024-10-04T03:01:01.215+0300: 950.369: Total time for which application threads were stopped: 0.0034364 seconds, Stopping threads took: 0.0001589 seconds
2024-10-04T03:01:01.561+0300: 950.712: Application time: 0.3433120 seconds
2024-10-04T03:01:01.561+0300: 950.713: [GC (Allocation Failure) 2024-10-04T03:01:01.561+0300: 950.713: [DefNew: 1123900K->7378K(1258304K), 0.0051337 secs] 1140332K->23810K(4054528K), 0.0052059 secs] [Times: user=0.00 sys=0.00, real=0.00 secs] 
2024-10-04T03:01:01.561+0300: 950.718: Total time for which application threads were stopped: 0.0055546 seconds, Stopping threads took: 0.0002133 seconds
2024-10-04T03:01:01.907+0300: 951.062: Application time: 0.3440649 seconds
2024-10-04T03:01:01.907+0300: 951.062: [GC (Allocation Failure) 2024-10-04T03:01:01.907+0300: 951.062: [DefNew: 1125906K->7330K(1258304K), 0.0055215 secs] 1142338K->23763K(4054528K), 0.0055976 secs] [Times: user=0.00 sys=0.00, real=0.01 secs] 
2024-10-04T03:01:01.922+0300: 951.068: Total time for which application threads were stopped: 0.0059490 seconds, Stopping threads took: 0.0001932 seconds
2024-10-04T03:01:02.252+0300: 951.408: Application time: 0.3397546 seconds
2024-10-04T03:01:02.252+0300: 951.408: [GC (Allocation Failure) 2024-10-04T03:01:02.252+0300: 951.408: [DefNew: 1125858K->6372K(1258304K), 0.0038858 secs] 1142291K->22805K(4054528K), 0.0039599 secs] [Times: user=0.00 sys=0.00, real=0.00 secs] 
2024-10-04T03:01:02.252+0300: 951.412: Total time for which application threads were stopped: 0.0043011 seconds, Stopping threads took: 0.0002079 seconds
2024-10-04T03:01:02.598+0300: 951.751: Application time: 0.3384574 seconds
2024-10-04T03:01:02.598+0300: 951.751: [GC (Allocation Failure) 2024-10-04T03:01:02.598+0300: 951.751: [DefNew: 1124900K->5783K(1258304K), 0.0034290 secs] 1141333K->22216K(4054528K), 0.0034974 secs] [Times: user=0.00 sys=0.00, real=0.00 secs] 
2024-10-04T03:01:02.598+0300: 951.754: Total time for which application threads were stopped: 0.0038240 seconds, Stopping threads took: 0.0002045 seconds
2024-10-04T03:01:02.959+0300: 952.106: Application time: 0.3518057 seconds
2024-10-04T03:01:02.959+0300: 952.107: [GC (Allocation Failure) 2024-10-04T03:01:02.959+0300: 952.107: [DefNew: 1124311K->5573K(1258304K), 0.0032785 secs] 1140744K->22007K(4054528K), 0.0033495 secs] [Times: user=0.00 sys=0.00, real=0.00 secs] 
2024-10-04T03:01:02.959+0300: 952.110: Total time for which application threads were stopped: 0.0036695 seconds, Stopping threads took: 0.0001776 seconds
2024-10-04T03:01:03.289+0300: 952.449: Application time: 0.3387616 seconds
2024-10-04T03:01:03.289+0300: 952.449: [GC (Allocation Failure) 2024-10-04T03:01:03.289+0300: 952.449: [DefNew: 1124101K->5600K(1258304K), 0.0033344 secs] 1140535K->22034K(4054528K), 0.0034256 secs] [Times: user=0.00 sys=0.00, real=0.01 secs] 
2024-10-04T03:01:03.304+0300: 952.452: Total time for which application threads were stopped: 0.0037997 seconds, Stopping threads took: 0.0002094 seconds
2024-10-04T03:01:03.634+0300: 952.787: Application time: 0.3340933 seconds
2024-10-04T03:01:03.634+0300: 952.787: [GC (Allocation Failure) 2024-10-04T03:01:03.634+0300: 952.787: [DefNew: 1124128K->7205K(1258304K), 0.0052172 secs] 1140562K->23640K(4054528K), 0.0052849 secs] [Times: user=0.00 sys=0.00, real=0.00 secs] 
2024-10-04T03:01:03.634+0300: 952.792: Total time for which application threads were stopped: 0.0055405 seconds, Stopping threads took: 0.0001411 seconds
2024-10-04T03:01:03.980+0300: 953.137: Application time: 0.3451434 seconds
2024-10-04T03:01:03.980+0300: 953.138: [GC (Allocation Failure) 2024-10-04T03:01:03.980+0300: 953.138: [DefNew: 1125733K->7944K(1258304K), 0.0057591 secs] 1142168K->24379K(4054528K), 0.0058421 secs] [Times: user=0.02 sys=0.00, real=0.01 secs] 
2024-10-04T03:01:03.995+0300: 953.143: Total time for which application threads were stopped: 0.0061449 seconds, Stopping threads took: 0.0001334 seconds
2024-10-04T03:01:04.341+0300: 953.493: Application time: 0.3495640 seconds
2024-10-04T03:01:04.341+0300: 953.493: [GC (Allocation Failure) 2024-10-04T03:01:04.341+0300: 953.493: [DefNew: 1126472K->5539K(1258304K), 0.0031611 secs] 1142907K->21974K(4054528K), 0.0032371 secs] [Times: user=0.00 sys=0.00, real=0.00 secs] 
2024-10-04T03:01:04.341+0300: 953.496: Total time for which application threads were stopped: 0.0034927 seconds, Stopping threads took: 0.0001367 seconds
2024-10-04T03:01:04.687+0300: 953.842: Application time: 0.3454117 seconds
2024-10-04T03:01:04.687+0300: 953.842: [GC (Allocation Failure) 2024-10-04T03:01:04.687+0300: 953.842: [DefNew: 1124067K->5637K(1258304K), 0.0032612 secs] 1140502K->22072K(4054528K), 0.0033357 secs] [Times: user=0.00 sys=0.00, real=0.00 secs] 
2024-10-04T03:01:04.687+0300: 953.846: Total time for which application threads were stopped: 0.0036348 seconds, Stopping threads took: 0.0001750 seconds
2024-10-04T03:01:05.032+0300: 954.189: Application time: 0.3439423 seconds
2024-10-04T03:01:05.032+0300: 954.190: [GC (Allocation Failure) 2024-10-04T03:01:05.032+0300: 954.190: [DefNew: 1124165K->5471K(1258304K), 0.0031743 secs] 1140600K->21907K(4054528K), 0.0032403 secs] [Times: user=0.00 sys=0.00, real=0.01 secs] 
2024-10-04T03:01:05.047+0300: 954.193: Total time for which application threads were stopped: 0.0035390 seconds, Stopping threads took: 0.0001815 seconds
2024-10-04T03:01:05.377+0300: 954.530: Application time: 0.3374211 seconds
2024-10-04T03:01:05.377+0300: 954.531: [GC (Allocation Failure) 2024-10-04T03:01:05.377+0300: 954.531: [DefNew: 1123999K->7234K(1258304K), 0.0040839 secs] 1140435K->23670K(4054528K), 0.0041583 secs] [Times: user=0.00 sys=0.00, real=0.00 secs] 
2024-10-04T03:01:05.377+0300: 954.535: Total time for which application threads were stopped: 0.0044149 seconds, Stopping threads took: 0.0001341 seconds
2024-10-04T03:01:05.738+0300: 954.884: Application time: 0.3495981 seconds
2024-10-04T03:01:05.738+0300: 954.885: [GC (Allocation Failure) 2024-10-04T03:01:05.738+0300: 954.885: [DefNew: 1125762K->5716K(1258304K), 0.0032905 secs] 1142198K->22153K(4054528K), 0.0033559 secs] [Times: user=0.00 sys=0.00, real=0.00 secs] 
2024-10-04T03:01:05.738+0300: 954.888: Total time for which application threads were stopped: 0.0036426 seconds, Stopping threads took: 0.0001701 seconds
2024-10-04T03:01:06.099+0300: 955.245: Application time: 0.3565266 seconds
2024-10-04T03:01:06.099+0300: 955.245: [GC (Allocation Failure) 2024-10-04T03:01:06.099+0300: 955.245: [DefNew: 1124244K->5542K(1258304K), 0.0031284 secs] 1140681K->21978K(4054528K), 0.0031972 secs] [Times: user=0.00 sys=0.00, real=0.00 secs] 
2024-10-04T03:01:06.099+0300: 955.248: Total time for which application threads were stopped: 0.0034525 seconds, Stopping threads took: 0.0001364 seconds
2024-10-04T03:01:06.445+0300: 955.591: Application time: 0.3429074 seconds
2024-10-04T03:01:06.445+0300: 955.591: [GC (Allocation Failure) 2024-10-04T03:01:06.445+0300: 955.591: [DefNew: 1124070K->5691K(1258304K), 0.0032804 secs] 1140506K->22128K(4054528K), 0.0033522 secs] [Times: user=0.00 sys=0.00, real=0.00 secs] 
2024-10-04T03:01:06.445+0300: 955.595: Total time for which application threads were stopped: 0.0035757 seconds, Stopping threads took: 0.0001010 seconds
2024-10-04T03:01:06.775+0300: 955.927: Application time: 0.3322390 seconds
2024-10-04T03:01:06.775+0300: 955.927: [GC (Allocation Failure) 2024-10-04T03:01:06.775+0300: 955.927: [DefNew: 1124219K->6046K(1258304K), 0.0033646 secs] 1140656K->22483K(4054528K), 0.0034352 secs] [Times: user=0.00 sys=0.00, real=0.00 secs] 
2024-10-04T03:01:06.775+0300: 955.931: Total time for which application threads were stopped: 0.0037236 seconds, Stopping threads took: 0.0001856 seconds
2024-10-04T03:01:07.120+0300: 956.280: Application time: 0.3494722 seconds
2024-10-04T03:01:07.120+0300: 956.280: [GC (Allocation Failure) 2024-10-04T03:01:07.120+0300: 956.280: [DefNew: 1124574K->8088K(1258304K), 0.0055981 secs] 1141011K->24526K(4054528K), 0.0056764 secs] [Times: user=0.00 sys=0.00, real=0.02 secs] 
2024-10-04T03:01:07.136+0300: 956.286: Total time for which application threads were stopped: 0.0059373 seconds, Stopping threads took: 0.0001418 seconds
2024-10-04T03:01:07.481+0300: 956.635: Application time: 0.3488513 seconds
2024-10-04T03:01:07.481+0300: 956.635: [GC (Allocation Failure) 2024-10-04T03:01:07.481+0300: 956.635: [DefNew: 1126616K->5539K(1258304K), 0.0032112 secs] 1143054K->21977K(4054528K), 0.0032822 secs] [Times: user=0.00 sys=0.00, real=0.00 secs] 
2024-10-04T03:01:07.481+0300: 956.638: Total time for which application threads were stopped: 0.0036150 seconds, Stopping threads took: 0.0002077 seconds
2024-10-04T03:01:07.826+0300: 956.985: Application time: 0.3463846 seconds
2024-10-04T03:01:07.826+0300: 956.985: [GC (Allocation Failure) 2024-10-04T03:01:07.826+0300: 956.985: [DefNew: 1124067K->5366K(1258304K), 0.0031555 secs] 1140505K->21804K(4054528K), 0.0032316 secs] [Times: user=0.00 sys=0.00, real=0.02 secs] 
2024-10-04T03:01:07.842+0300: 956.988: Total time for which application threads were stopped: 0.0034836 seconds, Stopping threads took: 0.0001389 seconds
2024-10-04T03:01:08.172+0300: 957.332: Application time: 0.3437849 seconds
2024-10-04T03:01:08.172+0300: 957.332: [GC (Allocation Failure) 2024-10-04T03:01:08.172+0300: 957.332: [DefNew: 1123894K->5605K(1258304K), 0.0032995 secs] 1140332K->22043K(4054528K), 0.0033732 secs] [Times: user=0.00 sys=0.00, real=0.02 secs] 
2024-10-04T03:01:08.188+0300: 957.336: Total time for which application threads were stopped: 0.0036581 seconds, Stopping threads took: 0.0001610 seconds
2024-10-04T03:01:08.517+0300: 957.670: Application time: 0.3346566 seconds
2024-10-04T03:01:08.517+0300: 957.671: [GC (Allocation Failure) 2024-10-04T03:01:08.517+0300: 957.671: [DefNew: 1124133K->6182K(1258304K), 0.0034263 secs] 1140571K->22621K(4054528K), 0.0034946 secs] [Times: user=0.00 sys=0.00, real=0.00 secs] 
2024-10-04T03:01:08.517+0300: 957.674: Total time for which application threads were stopped: 0.0037967 seconds, Stopping threads took: 0.0001856 seconds
2024-10-04T03:01:08.863+0300: 958.021: Application time: 0.3468122 seconds
2024-10-04T03:01:08.863+0300: 958.021: [GC (Allocation Failure) 2024-10-04T03:01:08.863+0300: 958.021: [DefNew: 1124710K->5918K(1258304K), 0.0038082 secs] 1141149K->22357K(4054528K), 0.0038882 secs] [Times: user=0.00 sys=0.00, real=0.02 secs] 
2024-10-04T03:01:08.878+0300: 958.025: Total time for which application threads were stopped: 0.0042202 seconds, Stopping threads took: 0.0001762 seconds
2024-10-04T03:01:09.223+0300: 958.381: Application time: 0.3560886 seconds
2024-10-04T03:01:09.223+0300: 958.382: [GC (Allocation Failure) 2024-10-04T03:01:09.223+0300: 958.382: [DefNew: 1124446K->5669K(1258304K), 0.0036068 secs] 1140885K->22108K(4054528K), 0.0036725 secs] [Times: user=0.00 sys=0.00, real=0.02 secs] 
2024-10-04T03:01:09.239+0300: 958.385: Total time for which application threads were stopped: 0.0040175 seconds, Stopping threads took: 0.0002151 seconds
2024-10-04T03:01:09.570+0300: 958.724: Application time: 0.3391456 seconds
2024-10-04T03:01:09.570+0300: 958.725: [GC (Allocation Failure) 2024-10-04T03:01:09.570+0300: 958.725: [DefNew: 1124197K->5545K(1258304K), 0.0032182 secs] 1140636K->21984K(4054528K), 0.0032913 secs] [Times: user=0.00 sys=0.00, real=0.00 secs] 
2024-10-04T03:01:09.570+0300: 958.728: Total time for which application threads were stopped: 0.0036413 seconds, Stopping threads took: 0.0002212 seconds
2024-10-04T03:01:09.915+0300: 959.072: Application time: 0.3438142 seconds
2024-10-04T03:01:09.915+0300: 959.072: [GC (Allocation Failure) 2024-10-04T03:01:09.915+0300: 959.072: [DefNew: 1124073K->5966K(1258304K), 0.0034248 secs] 1140512K->22407K(4054528K), 0.0035017 secs] [Times: user=0.00 sys=0.00, real=0.02 secs] 
2024-10-04T03:01:09.930+0300: 959.076: Total time for which application threads were stopped: 0.0038522 seconds, Stopping threads took: 0.0002158 seconds
2024-10-04T03:01:10.266+0300: 959.416: Application time: 0.3398963 seconds
2024-10-04T03:01:10.266+0300: 959.416: [GC (Allocation Failure) 2024-10-04T03:01:10.266+0300: 959.416: [DefNew: 1124494K->8031K(1258304K), 0.0057126 secs] 1140935K->24472K(4054528K), 0.0057904 secs] [Times: user=0.00 sys=0.00, real=0.01 secs] 
2024-10-04T03:01:10.276+0300: 959.422: Total time for which application threads were stopped: 0.0060874 seconds, Stopping threads took: 0.0001598 seconds
2024-10-04T03:01:10.621+0300: 959.768: Application time: 0.3463665 seconds
2024-10-04T03:01:10.621+0300: 959.768: [GC (Allocation Failure) 2024-10-04T03:01:10.621+0300: 959.768: [DefNew: 1126559K->5786K(1258304K), 0.0034333 secs] 1143000K->22226K(4054528K), 0.0035012 secs] [Times: user=0.00 sys=0.00, real=0.00 secs] 
2024-10-04T03:01:10.621+0300: 959.772: Total time for which application threads were stopped: 0.0038161 seconds, Stopping threads took: 0.0001890 seconds
2024-10-04T03:01:10.968+0300: 960.127: Application time: 0.3553649 seconds
2024-10-04T03:01:10.983+0300: 960.128: [GC (Allocation Failure) 2024-10-04T03:01:10.983+0300: 960.128: [DefNew: 1124314K->5599K(1258304K), 0.0033746 secs] 1140754K->22040K(4054528K), 0.0034894 secs] [Times: user=0.00 sys=0.00, real=0.00 secs] 
2024-10-04T03:01:10.983+0300: 960.131: Total time for which application threads were stopped: 0.0038885 seconds, Stopping threads took: 0.0002423 seconds
2024-10-04T03:01:11.312+0300: 960.467: Application time: 0.3356920 seconds
2024-10-04T03:01:11.312+0300: 960.467: [GC (Allocation Failure) 2024-10-04T03:01:11.312+0300: 960.467: [DefNew: 1124127K->5954K(1258304K), 0.0035729 secs] 1140568K->22395K(4054528K), 0.0036523 secs] [Times: user=0.00 sys=0.00, real=0.00 secs] 
2024-10-04T03:01:11.312+0300: 960.471: Total time for which application threads were stopped: 0.0039503 seconds, Stopping threads took: 0.0001554 seconds
2024-10-04T03:01:11.658+0300: 960.809: Application time: 0.3378806 seconds
2024-10-04T03:01:11.658+0300: 960.809: [GC (Allocation Failure) 2024-10-04T03:01:11.658+0300: 960.809: [DefNew: 1124482K->6072K(1258304K), 0.0035287 secs] 1140923K->22513K(4054528K), 0.0036032 secs] [Times: user=0.00 sys=0.00, real=0.00 secs] 
2024-10-04T03:01:11.658+0300: 960.813: Total time for which application threads were stopped: 0.0038743 seconds, Stopping threads took: 0.0001676 seconds
2024-10-04T03:01:12.019+0300: 961.168: Application time: 0.3550627 seconds
2024-10-04T03:01:12.019+0300: 961.168: [GC (Allocation Failure) 2024-10-04T03:01:12.019+0300: 961.168: [DefNew: 1124600K->5974K(1258304K), 0.0034638 secs] 1141041K->22415K(4054528K), 0.0035387 secs] [Times: user=0.00 sys=0.00, real=0.00 secs] 
2024-10-04T03:01:12.019+0300: 961.172: Total time for which application threads were stopped: 0.0038809 seconds, Stopping threads took: 0.0002227 seconds
2024-10-04T03:01:12.364+0300: 961.513: Application time: 0.3414317 seconds
2024-10-04T03:01:12.364+0300: 961.513: [GC (Allocation Failure) 2024-10-04T03:01:12.364+0300: 961.513: [DefNew: 1124502K->5528K(1258304K), 0.0032238 secs] 1140943K->21970K(4054528K), 0.0033091 secs] [Times: user=0.00 sys=0.00, real=0.01 secs] 
2024-10-04T03:01:12.371+0300: 961.517: Total time for which application threads were stopped: 0.0036223 seconds, Stopping threads took: 0.0001678 seconds
2024-10-04T03:01:12.710+0300: 961.857: Application time: 0.3402585 seconds
2024-10-04T03:01:12.710+0300: 961.857: [GC (Allocation Failure) 2024-10-04T03:01:12.710+0300: 961.857: [DefNew: 1124056K->5674K(1258304K), 0.0032569 secs] 1140498K->22116K(4054528K), 0.0033251 secs] [Times: user=0.00 sys=0.00, real=0.00 secs] 
2024-10-04T03:01:12.710+0300: 961.860: Total time for which application threads were stopped: 0.0035867 seconds, Stopping threads took: 0.0001404 seconds
2024-10-04T03:01:13.055+0300: 962.207: Application time: 0.3462438 seconds
2024-10-04T03:01:13.055+0300: 962.207: [GC (Allocation Failure) 2024-10-04T03:01:13.055+0300: 962.207: [DefNew: 1124202K->6107K(1258304K), 0.0034364 secs] 1140644K->22550K(4054528K), 0.0035113 secs] [Times: user=0.00 sys=0.00, real=0.00 secs] 
2024-10-04T03:01:13.055+0300: 962.211: Total time for which application threads were stopped: 0.0038138 seconds, Stopping threads took: 0.0001887 seconds
2024-10-04T03:01:13.385+0300: 962.544: Application time: 0.3330828 seconds
2024-10-04T03:01:13.385+0300: 962.544: [GC (Allocation Failure) 2024-10-04T03:01:13.385+0300: 962.544: [DefNew: 1124635K->6088K(1258304K), 0.0037164 secs] 1141078K->22531K(4054528K), 0.0037935 secs] [Times: user=0.00 sys=0.00, real=0.02 secs] 
2024-10-04T03:01:13.400+0300: 962.548: Total time for which application threads were stopped: 0.0040854 seconds, Stopping threads took: 0.0001690 seconds
2024-10-04T03:01:13.745+0300: 962.897: Application time: 0.3488967 seconds
2024-10-04T03:01:13.745+0300: 962.897: [GC (Allocation Failure) 2024-10-04T03:01:13.745+0300: 962.897: [DefNew: 1124616K->5501K(1258304K), 0.0031169 secs] 1141059K->21944K(4054528K), 0.0031859 secs] [Times: user=0.00 sys=0.00, real=0.00 secs] 
2024-10-04T03:01:13.745+0300: 962.900: Total time for which application threads were stopped: 0.0035015 seconds, Stopping threads took: 0.0001922 seconds
2024-10-04T03:01:14.107+0300: 963.257: Application time: 0.3573341 seconds
2024-10-04T03:01:14.107+0300: 963.258: [GC (Allocation Failure) 2024-10-04T03:01:14.107+0300: 963.258: [DefNew: 1124029K->5582K(1258304K), 0.0031908 secs] 1140472K->22026K(4054528K), 0.0032736 secs] [Times: user=0.00 sys=0.00, real=0.00 secs] 
2024-10-04T03:01:14.107+0300: 963.261: Total time for which application threads were stopped: 0.0035735 seconds, Stopping threads took: 0.0001717 seconds
2024-10-04T03:01:14.436+0300: 963.594: Application time: 0.3333074 seconds
2024-10-04T03:01:14.436+0300: 963.595: [GC (Allocation Failure) 2024-10-04T03:01:14.436+0300: 963.595: [DefNew: 1124110K->5609K(1258304K), 0.0034174 secs] 1140554K->22053K(4054528K), 0.0034921 secs] [Times: user=0.00 sys=0.00, real=0.02 secs] 
2024-10-04T03:01:14.452+0300: 963.598: Total time for which application threads were stopped: 0.0038150 seconds, Stopping threads took: 0.0001996 seconds
2024-10-04T03:01:14.782+0300: 963.934: Application time: 0.3353472 seconds
2024-10-04T03:01:14.782+0300: 963.934: [GC (Allocation Failure) 2024-10-04T03:01:14.782+0300: 963.934: [DefNew: 1124137K->8978K(1258304K), 0.0057618 secs] 1140581K->25422K(4054528K), 0.0058303 secs] [Times: user=0.00 sys=0.00, real=0.00 secs] 
2024-10-04T03:01:14.782+0300: 963.940: Total time for which application threads were stopped: 0.0060913 seconds, Stopping threads took: 0.0001429 seconds
2024-10-04T03:01:15.143+0300: 964.290: Application time: 0.3502271 seconds
2024-10-04T03:01:15.143+0300: 964.290: [GC (Allocation Failure) 2024-10-04T03:01:15.143+0300: 964.290: [DefNew: 1127506K->9398K(1258304K), 0.0076834 secs] 1143950K->25842K(4054528K), 0.0077562 secs] [Times: user=0.00 sys=0.00, real=0.00 secs] 
2024-10-04T03:01:15.143+0300: 964.298: Total time for which application threads were stopped: 0.0080818 seconds, Stopping threads took: 0.0001916 seconds
2024-10-04T03:01:15.488+0300: 964.644: Application time: 0.3460950 seconds
2024-10-04T03:01:15.488+0300: 964.644: [GC (Allocation Failure) 2024-10-04T03:01:15.488+0300: 964.645: [DefNew: 1127926K->5672K(1258304K), 0.0033945 secs] 1144370K->22117K(4054528K), 0.0034761 secs] [Times: user=0.00 sys=0.00, real=0.00 secs] 
2024-10-04T03:01:15.488+0300: 964.648: Total time for which application threads were stopped: 0.0039540 seconds, Stopping threads took: 0.0003261 seconds
2024-10-04T03:01:15.833+0300: 964.992: Application time: 0.3439267 seconds
2024-10-04T03:01:15.833+0300: 964.992: [GC (Allocation Failure) 2024-10-04T03:01:15.833+0300: 964.992: [DefNew: 1124200K->5742K(1258304K), 0.0034718 secs] 1140645K->22187K(4054528K), 0.0035459 secs] [Times: user=0.00 sys=0.00, real=0.02 secs] 
2024-10-04T03:01:15.849+0300: 964.996: Total time for which application threads were stopped: 0.0038221 seconds, Stopping threads took: 0.0001618 seconds
2024-10-04T03:01:16.195+0300: 965.341: Application time: 0.3452026 seconds
2024-10-04T03:01:16.195+0300: 965.341: [GC (Allocation Failure) 2024-10-04T03:01:16.195+0300: 965.341: [DefNew: 1124270K->6688K(1258304K), 0.0039083 secs] 1140715K->23134K(4054528K), 0.0039808 secs] [Times: user=0.00 sys=0.00, real=0.00 secs] 
2024-10-04T03:01:16.195+0300: 965.345: Total time for which application threads were stopped: 0.0042829 seconds, Stopping threads took: 0.0001692 seconds
2024-10-04T03:01:16.524+0300: 965.680: Application time: 0.3349219 seconds
2024-10-04T03:01:16.524+0300: 965.680: [GC (Allocation Failure) 2024-10-04T03:01:16.524+0300: 965.680: [DefNew: 1125216K->6029K(1258304K), 0.0034149 secs] 1141662K->22475K(4054528K), 0.0034870 secs] [Times: user=0.00 sys=0.00, real=0.00 secs] 
2024-10-04T03:01:16.524+0300: 965.684: Total time for which application threads were stopped: 0.0037626 seconds, Stopping threads took: 0.0001487 seconds
2024-10-04T03:01:16.885+0300: 966.032: Application time: 0.3479633 seconds
2024-10-04T03:01:16.885+0300: 966.032: [GC (Allocation Failure) 2024-10-04T03:01:16.885+0300: 966.034: [DefNew: 1124557K->5605K(1258304K), 0.0035791 secs] 1141003K->22052K(4054528K), 0.0056128 secs] [Times: user=0.00 sys=0.00, real=0.00 secs] 
2024-10-04T03:01:16.885+0300: 966.038: Total time for which application threads were stopped: 0.0058914 seconds, Stopping threads took: 0.0001654 seconds
2024-10-04T03:01:17.229+0300: 966.387: Application time: 0.3493305 seconds
2024-10-04T03:01:17.229+0300: 966.387: [GC (Allocation Failure) 2024-10-04T03:01:17.229+0300: 966.387: [DefNew: 1124133K->5454K(1258304K), 0.0033033 secs] 1140580K->21900K(4054528K), 0.0033770 secs] [Times: user=0.00 sys=0.00, real=0.02 secs] 
2024-10-04T03:01:17.245+0300: 966.391: Total time for which application threads were stopped: 0.0036881 seconds, Stopping threads took: 0.0001793 seconds
2024-10-04T03:01:17.574+0300: 966.728: Application time: 0.3369572 seconds
2024-10-04T03:01:17.574+0300: 966.728: [GC (Allocation Failure) 2024-10-04T03:01:17.574+0300: 966.728: [DefNew: 1123982K->5502K(1258304K), 0.0031363 secs] 1140428K->21949K(4054528K), 0.0032049 secs] [Times: user=0.00 sys=0.00, real=0.01 secs] 
2024-10-04T03:01:17.583+0300: 966.731: Total time for which application threads were stopped: 0.0035127 seconds, Stopping threads took: 0.0001871 seconds
2024-10-04T03:01:17.920+0300: 967.073: Application time: 0.3415639 seconds
2024-10-04T03:01:17.920+0300: 967.073: [GC (Allocation Failure) 2024-10-04T03:01:17.920+0300: 967.073: [DefNew: 1124030K->7761K(1258304K), 0.0054480 secs] 1140477K->24209K(4054528K), 0.0055337 secs] [Times: user=0.00 sys=0.00, real=0.00 secs] 
2024-10-04T03:01:17.920+0300: 967.079: Total time for which application threads were stopped: 0.0059824 seconds, Stopping threads took: 0.0003080 seconds
2024-10-04T03:01:18.265+0300: 967.423: Application time: 0.3442873 seconds
2024-10-04T03:01:18.265+0300: 967.423: [GC (Allocation Failure) 2024-10-04T03:01:18.265+0300: 967.423: [DefNew: 1126289K->5979K(1258304K), 0.0039803 secs] 1142737K->22426K(4054528K), 0.0040861 secs] [Times: user=0.00 sys=0.00, real=0.01 secs] 
2024-10-04T03:01:18.280+0300: 967.428: Total time for which application threads were stopped: 0.0044456 seconds, Stopping threads took: 0.0002058 seconds
2024-10-04T03:01:18.626+0300: 967.773: Application time: 0.3453364 seconds
2024-10-04T03:01:18.626+0300: 967.773: [GC (Allocation Failure) 2024-10-04T03:01:18.626+0300: 967.773: [DefNew: 1124507K->5583K(1258304K), 0.0031897 secs] 1140954K->22031K(4054528K), 0.0032576 secs] [Times: user=0.00 sys=0.00, real=0.00 secs] 
2024-10-04T03:01:18.626+0300: 967.776: Total time for which application threads were stopped: 0.0035526 seconds, Stopping threads took: 0.0001594 seconds
2024-10-04T03:01:18.972+0300: 968.122: Application time: 0.3456978 seconds
2024-10-04T03:01:18.972+0300: 968.122: [GC (Allocation Failure) 2024-10-04T03:01:18.972+0300: 968.123: [DefNew: 1124111K->5550K(1258304K), 0.0033144 secs] 1140559K->21998K(4054528K), 0.0033872 secs] [Times: user=0.00 sys=0.00, real=0.00 secs] 
2024-10-04T03:01:18.972+0300: 968.126: Total time for which application threads were stopped: 0.0038497 seconds, Stopping threads took: 0.0002186 seconds
2024-10-04T03:01:19.323+0300: 968.469: Application time: 0.3426345 seconds
2024-10-04T03:01:19.323+0300: 968.469: [GC (Allocation Failure) 2024-10-04T03:01:19.323+0300: 968.469: [DefNew: 1124078K->6826K(1258304K), 0.0040831 secs] 1140526K->23274K(4054528K), 0.0041557 secs] [Times: user=0.00 sys=0.00, real=0.00 secs] 
2024-10-04T03:01:19.327+0300: 968.473: Total time for which application threads were stopped: 0.0044825 seconds, Stopping threads took: 0.0001976 seconds
2024-10-04T03:01:19.647+0300: 968.805: Application time: 0.3317814 seconds
2024-10-04T03:01:19.647+0300: 968.805: [GC (Allocation Failure) 2024-10-04T03:01:19.647+0300: 968.805: [DefNew: 1125354K->5578K(1258304K), 0.0032610 secs] 1141802K->22026K(4054528K), 0.0033303 secs] [Times: user=0.00 sys=0.00, real=0.02 secs] 
2024-10-04T03:01:19.663+0300: 968.809: Total time for which application threads were stopped: 0.0036288 seconds, Stopping threads took: 0.0001934 seconds
2024-10-04T03:01:20.008+0300: 969.165: Application time: 0.3565013 seconds
2024-10-04T03:01:20.008+0300: 969.165: [GC (Allocation Failure) 2024-10-04T03:01:20.008+0300: 969.165: [DefNew: 1124106K->6247K(1258304K), 0.0040590 secs] 1140554K->22696K(4054528K), 0.0041350 secs] [Times: user=0.00 sys=0.00, real=0.02 secs] 
2024-10-04T03:01:20.024+0300: 969.170: Total time for which application threads were stopped: 0.0045366 seconds, Stopping threads took: 0.0002429 seconds
2024-10-04T03:01:20.368+0300: 969.519: Application time: 0.3498439 seconds
2024-10-04T03:01:20.368+0300: 969.520: [GC (Allocation Failure) 2024-10-04T03:01:20.368+0300: 969.520: [DefNew: 1124775K->5780K(1258304K), 0.0035474 secs] 1141224K->22229K(4054528K), 0.0036223 secs] [Times: user=0.00 sys=0.00, real=0.00 secs] 
2024-10-04T03:01:20.368+0300: 969.523: Total time for which application threads were stopped: 0.0039401 seconds, Stopping threads took: 0.0001839 seconds
2024-10-04T03:01:20.713+0300: 969.861: Application time: 0.3378974 seconds
2024-10-04T03:01:20.713+0300: 969.862: [GC (Allocation Failure) 2024-10-04T03:01:20.713+0300: 969.862: [DefNew: 1124308K->7067K(1258304K), 0.0048156 secs] 1140757K->23517K(4054528K), 0.0048836 secs] [Times: user=0.00 sys=0.00, real=0.00 secs] 
2024-10-04T03:01:20.713+0300: 969.866: Total time for which application threads were stopped: 0.0051483 seconds, Stopping threads took: 0.0001386 seconds
2024-10-04T03:01:21.058+0300: 970.215: Application time: 0.3486438 seconds
2024-10-04T03:01:21.058+0300: 970.215: [GC (Allocation Failure) 2024-10-04T03:01:21.058+0300: 970.215: [DefNew: 1125595K->5737K(1258304K), 0.0034220 secs] 1142045K->22187K(4054528K), 0.0034933 secs] [Times: user=0.00 sys=0.00, real=0.00 secs] 
2024-10-04T03:01:21.058+0300: 970.219: Total time for which application threads were stopped: 0.0038857 seconds, Stopping threads took: 0.0002592 seconds
2024-10-04T03:01:21.403+0300: 970.558: Application time: 0.3393655 seconds
2024-10-04T03:01:21.403+0300: 970.559: [GC (Allocation Failure) 2024-10-04T03:01:21.403+0300: 970.559: [DefNew: 1124265K->9251K(1258304K), 0.0081109 secs] 1140715K->25701K(4054528K), 0.0081849 secs] [Times: user=0.00 sys=0.00, real=0.02 secs] 
2024-10-04T03:01:21.419+0300: 970.567: Total time for which application threads were stopped: 0.0085033 seconds, Stopping threads took: 0.0001917 seconds
2024-10-04T03:01:21.764+0300: 970.913: Application time: 0.3465543 seconds
2024-10-04T03:01:21.764+0300: 970.914: [GC (Allocation Failure) 2024-10-04T03:01:21.764+0300: 970.914: [DefNew: 1127779K->5792K(1258304K), 0.0033743 secs] 1144229K->22242K(4054528K), 0.0034422 secs] [Times: user=0.00 sys=0.00, real=0.00 secs] 
2024-10-04T03:01:21.764+0300: 970.917: Total time for which application threads were stopped: 0.0036969 seconds, Stopping threads took: 0.0001349 seconds
2024-10-04T03:01:22.110+0300: 971.265: Application time: 0.3480175 seconds
2024-10-04T03:01:22.110+0300: 971.265: [GC (Allocation Failure) 2024-10-04T03:01:22.110+0300: 971.266: [DefNew: 1124320K->5640K(1258304K), 0.0032459 secs] 1140770K->22091K(4054528K), 0.0033857 secs] [Times: user=0.00 sys=0.00, real=0.00 secs] 
2024-10-04T03:01:22.110+0300: 971.269: Total time for which application threads were stopped: 0.0037292 seconds, Stopping threads took: 0.0002192 seconds
2024-10-04T03:01:22.455+0300: 971.614: Application time: 0.3453308 seconds
2024-10-04T03:01:22.455+0300: 971.614: [GC (Allocation Failure) 2024-10-04T03:01:22.455+0300: 971.615: [DefNew: 1124168K->5669K(1258304K), 0.0033595 secs] 1140619K->22120K(4054528K), 0.0034613 secs] [Times: user=0.00 sys=0.00, real=0.02 secs] 
2024-10-04T03:01:22.470+0300: 971.618: Total time for which application threads were stopped: 0.0037774 seconds, Stopping threads took: 0.0001815 seconds
2024-10-04T03:01:22.800+0300: 971.956: Application time: 0.3378972 seconds
2024-10-04T03:01:22.800+0300: 971.956: [GC (Allocation Failure) 2024-10-04T03:01:22.800+0300: 971.956: [DefNew: 1124197K->5701K(1258304K), 0.0032964 secs] 1140648K->22152K(4054528K), 0.0033650 secs] [Times: user=0.00 sys=0.00, real=0.00 secs] 
2024-10-04T03:01:22.800+0300: 971.960: Total time for which application threads were stopped: 0.0037051 seconds, Stopping threads took: 0.0002130 seconds
2024-10-04T03:01:23.161+0300: 972.307: Application time: 0.3475276 seconds
2024-10-04T03:01:23.161+0300: 972.307: [GC (Allocation Failure) 2024-10-04T03:01:23.161+0300: 972.307: [DefNew: 1124229K->7627K(1258304K), 0.0055094 secs] 1140680K->24079K(4054528K), 0.0055778 secs] [Times: user=0.00 sys=0.00, real=0.00 secs] 
2024-10-04T03:01:23.161+0300: 972.313: Total time for which application threads were stopped: 0.0058577 seconds, Stopping threads took: 0.0001446 seconds
2024-10-04T03:01:23.498+0300: 972.650: Application time: 0.3368116 seconds
2024-10-04T03:01:23.498+0300: 972.650: [GC (Allocation Failure) 2024-10-04T03:01:23.498+0300: 972.650: [DefNew: 1126155K->7180K(1258304K), 0.0053961 secs] 1142607K->23632K(4054528K), 0.0054656 secs] [Times: user=0.00 sys=0.00, real=0.01 secs] 
2024-10-04T03:01:23.507+0300: 972.656: Total time for which application threads were stopped: 0.0057713 seconds, Stopping threads took: 0.0001694 seconds
2024-10-04T03:01:23.852+0300: 973.000: Application time: 0.3445144 seconds
2024-10-04T03:01:23.852+0300: 973.000: [GC (Allocation Failure) 2024-10-04T03:01:23.852+0300: 973.000: [DefNew: 1125708K->5542K(1258304K), 0.0032386 secs] 1142160K->21994K(4054528K), 0.0033026 secs] [Times: user=0.00 sys=0.00, real=0.00 secs] 
2024-10-04T03:01:23.852+0300: 973.004: Total time for which application threads were stopped: 0.0035788 seconds, Stopping threads took: 0.0001526 seconds
2024-10-04T03:01:24.199+0300: 973.354: Application time: 0.3505711 seconds
2024-10-04T03:01:24.199+0300: 973.354: [GC (Allocation Failure) 2024-10-04T03:01:24.199+0300: 973.355: [DefNew: 1124070K->5643K(1258304K), 0.0032776 secs] 1140522K->22096K(4054528K), 0.0033569 secs] [Times: user=0.00 sys=0.00, real=0.00 secs] 
2024-10-04T03:01:24.199+0300: 973.358: Total time for which application threads were stopped: 0.0036694 seconds, Stopping threads took: 0.0001807 seconds
2024-10-04T03:01:24.543+0300: 973.692: Application time: 0.3338593 seconds
2024-10-04T03:01:24.543+0300: 973.692: [GC (Allocation Failure) 2024-10-04T03:01:24.543+0300: 973.692: [DefNew: 1124171K->5583K(1258304K), 0.0031485 secs] 1140624K->22036K(4054528K), 0.0032147 secs] [Times: user=0.00 sys=0.00, real=0.00 secs] 
2024-10-04T03:01:24.543+0300: 973.695: Total time for which application threads were stopped: 0.0034613 seconds, Stopping threads took: 0.0001358 seconds
2024-10-04T03:01:24.873+0300: 974.033: Application time: 0.3378652 seconds
2024-10-04T03:01:24.873+0300: 974.033: [GC (Allocation Failure) 2024-10-04T03:01:24.873+0300: 974.033: [DefNew: 1124111K->7554K(1258304K), 0.0059359 secs] 1140564K->24007K(4054528K), 0.0060169 secs] [Times: user=0.00 sys=0.00, real=0.02 secs] 
2024-10-04T03:01:24.888+0300: 974.039: Total time for which application threads were stopped: 0.0063493 seconds, Stopping threads took: 0.0001742 seconds
2024-10-04T03:01:25.234+0300: 974.385: Application time: 0.3456770 seconds
2024-10-04T03:01:25.234+0300: 974.385: [GC (Allocation Failure) 2024-10-04T03:01:25.234+0300: 974.386: [DefNew: 1126082K->5664K(1258304K), 0.0036549 secs] 1142535K->22117K(4054528K), 0.0038038 secs] [Times: user=0.00 sys=0.00, real=0.00 secs] 
2024-10-04T03:01:25.234+0300: 974.389: Total time for which application threads were stopped: 0.0041419 seconds, Stopping threads took: 0.0002049 seconds
2024-10-04T03:01:25.580+0300: 974.738: Application time: 0.3486516 seconds
2024-10-04T03:01:25.580+0300: 974.738: [GC (Allocation Failure) 2024-10-04T03:01:25.580+0300: 974.738: [DefNew: 1124192K->5728K(1258304K), 0.0035486 secs] 1140645K->22182K(4054528K), 0.0036211 secs] [Times: user=0.00 sys=0.00, real=0.02 secs] 
2024-10-04T03:01:25.595+0300: 974.742: Total time for which application threads were stopped: 0.0038863 seconds, Stopping threads took: 0.0001322 seconds
2024-10-04T03:01:25.925+0300: 975.083: Application time: 0.3412660 seconds
2024-10-04T03:01:25.925+0300: 975.083: [GC (Allocation Failure) 2024-10-04T03:01:25.925+0300: 975.083: [DefNew: 1124256K->5903K(1258304K), 0.0038824 secs] 1140710K->22358K(4054528K), 0.0039718 secs] [Times: user=0.00 sys=0.00, real=0.02 secs] 
2024-10-04T03:01:25.941+0300: 975.087: Total time for which application threads were stopped: 0.0043806 seconds, Stopping threads took: 0.0002499 seconds
2024-10-04T03:01:26.270+0300: 975.425: Application time: 0.3379760 seconds
2024-10-04T03:01:26.270+0300: 975.426: [GC (Allocation Failure) 2024-10-04T03:01:26.270+0300: 975.426: [DefNew: 1124431K->6003K(1258304K), 0.0035249 secs] 1140886K->22458K(4054528K), 0.0036032 secs] [Times: user=0.00 sys=0.00, real=0.00 secs] 
2024-10-04T03:01:26.270+0300: 975.429: Total time for which application threads were stopped: 0.0039522 seconds, Stopping threads took: 0.0002104 seconds
2024-10-04T03:01:26.621+0300: 975.766: Application time: 0.3363179 seconds
2024-10-04T03:01:26.621+0300: 975.766: [GC (Allocation Failure) 2024-10-04T03:01:26.621+0300: 975.766: [DefNew: 1124531K->7467K(1258304K), 0.0054473 secs] 1140986K->23922K(4054528K), 0.0055151 secs] [Times: user=0.00 sys=0.00, real=0.00 secs] 
2024-10-04T03:01:26.621+0300: 975.772: Total time for which application threads were stopped: 0.0058049 seconds, Stopping threads took: 0.0001680 seconds
2024-10-04T03:01:26.976+0300: 976.124: Application time: 0.3529382 seconds
2024-10-04T03:01:26.976+0300: 976.125: [GC (Allocation Failure) 2024-10-04T03:01:26.976+0300: 976.125: [DefNew: 1125995K->5588K(1258304K), 0.0032176 secs] 1142450K->22043K(4054528K), 0.0032867 secs] [Times: user=0.00 sys=0.00, real=0.00 secs] 
2024-10-04T03:01:26.976+0300: 976.128: Total time for which application threads were stopped: 0.0036012 seconds, Stopping threads took: 0.0001940 seconds
2024-10-04T03:01:27.322+0300: 976.476: Application time: 0.3482225 seconds
2024-10-04T03:01:27.322+0300: 976.477: [GC (Allocation Failure) 2024-10-04T03:01:27.322+0300: 976.477: [DefNew: 1124116K->5667K(1258304K), 0.0034003 secs] 1140571K->22122K(4054528K), 0.0034772 secs] [Times: user=0.00 sys=0.00, real=0.00 secs] 
2024-10-04T03:01:27.322+0300: 976.480: Total time for which application threads were stopped: 0.0037927 seconds, Stopping threads took: 0.0001750 seconds
2024-10-04T03:01:27.667+0300: 976.820: Application time: 0.3399475 seconds
2024-10-04T03:01:27.667+0300: 976.820: [GC (Allocation Failure) 2024-10-04T03:01:27.667+0300: 976.820: [DefNew: 1124195K->5951K(1258304K), 0.0032191 secs] 1140650K->22407K(4054528K), 0.0032845 secs] [Times: user=0.00 sys=0.00, real=0.00 secs] 
2024-10-04T03:01:27.667+0300: 976.824: Total time for which application threads were stopped: 0.0035852 seconds, Stopping threads took: 0.0001877 seconds
2024-10-04T03:01:28.013+0300: 977.164: Application time: 0.3403668 seconds
2024-10-04T03:01:28.013+0300: 977.164: [GC (Allocation Failure) 2024-10-04T03:01:28.013+0300: 977.164: [DefNew: 1124479K->7787K(1258304K), 0.0055226 secs] 1140935K->24243K(4054528K), 0.0056658 secs] [Times: user=0.00 sys=0.00, real=0.00 secs] 
2024-10-04T03:01:28.013+0300: 977.170: Total time for which application threads were stopped: 0.0060136 seconds, Stopping threads took: 0.0002023 seconds
2024-10-04T03:01:28.358+0300: 977.513: Application time: 0.3429672 seconds
2024-10-04T03:01:28.358+0300: 977.513: [GC (Allocation Failure) 2024-10-04T03:01:28.358+0300: 977.513: [DefNew: 1126315K->7470K(1258304K), 0.0050592 secs] 1142771K->23927K(4054528K), 0.0051379 secs] [Times: user=0.00 sys=0.00, real=0.00 secs] 
2024-10-04T03:01:28.358+0300: 977.518: Total time for which application threads were stopped: 0.0054620 seconds, Stopping threads took: 0.0001820 seconds
2024-10-04T03:01:28.719+0300: 977.866: Application time: 0.3471143 seconds
2024-10-04T03:01:28.719+0300: 977.866: [GC (Allocation Failure) 2024-10-04T03:01:28.719+0300: 977.866: [DefNew: 1125998K->5544K(1258304K), 0.0031931 secs] 1142455K->22001K(4054528K), 0.0032582 secs] [Times: user=0.00 sys=0.00, real=0.00 secs] 
2024-10-04T03:01:28.719+0300: 977.869: Total time for which application threads were stopped: 0.0035734 seconds, Stopping threads took: 0.0001910 seconds
2024-10-04T03:01:29.064+0300: 978.216: Application time: 0.3466107 seconds
2024-10-04T03:01:29.064+0300: 978.216: [GC (Allocation Failure) 2024-10-04T03:01:29.064+0300: 978.216: [DefNew: 1124072K->5726K(1258304K), 0.0034041 secs] 1140529K->22183K(4054528K), 0.0034750 secs] [Times: user=0.00 sys=0.00, real=0.00 secs] 
2024-10-04T03:01:29.064+0300: 978.220: Total time for which application threads were stopped: 0.0037927 seconds, Stopping threads took: 0.0001835 seconds
2024-10-04T03:01:29.412+0300: 978.558: Application time: 0.3386255 seconds
2024-10-04T03:01:29.412+0300: 978.558: [GC (Allocation Failure) 2024-10-04T03:01:29.412+0300: 978.558: [DefNew: 1124254K->5627K(1258304K), 0.0031807 secs] 1140711K->22084K(4054528K), 0.0032559 secs] [Times: user=0.00 sys=0.00, real=0.00 secs] 
2024-10-04T03:01:29.412+0300: 978.562: Total time for which application threads were stopped: 0.0035796 seconds, Stopping threads took: 0.0002085 seconds
2024-10-04T03:01:29.739+0300: 978.896: Application time: 0.3345817 seconds
2024-10-04T03:01:29.739+0300: 978.897: [GC (Allocation Failure) 2024-10-04T03:01:29.739+0300: 978.897: [DefNew: 1124155K->9011K(1258304K), 0.0075420 secs] 1140612K->25469K(4054528K), 0.0076117 secs] [Times: user=0.00 sys=0.00, real=0.01 secs] 
2024-10-04T03:01:29.754+0300: 978.904: Total time for which application threads were stopped: 0.0078937 seconds, Stopping threads took: 0.0001600 seconds
2024-10-04T03:01:30.113+0300: 979.258: Application time: 0.3542509 seconds
2024-10-04T03:01:30.113+0300: 979.259: [GC (Allocation Failure) 2024-10-04T03:01:30.113+0300: 979.259: [DefNew: 1127539K->5513K(1258304K), 0.0032026 secs] 1143997K->21971K(4054528K), 0.0032710 secs] [Times: user=0.00 sys=0.00, real=0.00 secs] 
2024-10-04T03:01:30.115+0300: 979.262: Total time for which application threads were stopped: 0.0035495 seconds, Stopping threads took: 0.0001615 seconds
2024-10-04T03:01:30.460+0300: 979.607: Application time: 0.3447047 seconds
2024-10-04T03:01:30.460+0300: 979.607: [GC (Allocation Failure) 2024-10-04T03:01:30.460+0300: 979.607: [DefNew: 1124041K->5712K(1258304K), 0.0033082 secs] 1140499K->22171K(4054528K), 0.0033795 secs] [Times: user=0.00 sys=0.00, real=0.00 secs] 
2024-10-04T03:01:30.460+0300: 979.610: Total time for which application threads were stopped: 0.0036669 seconds, Stopping threads took: 0.0001563 seconds
2024-10-04T03:01:30.790+0300: 979.949: Application time: 0.3384811 seconds
2024-10-04T03:01:30.790+0300: 979.949: [GC (Allocation Failure) 2024-10-04T03:01:30.790+0300: 979.949: [DefNew: 1124240K->5504K(1258304K), 0.0032390 secs] 1140699K->21963K(4054528K), 0.0033102 secs] [Times: user=0.00 sys=0.00, real=0.02 secs] 
2024-10-04T03:01:30.806+0300: 979.953: Total time for which application threads were stopped: 0.0036374 seconds, Stopping threads took: 0.0002042 seconds
2024-10-04T03:01:31.136+0300: 980.294: Application time: 0.3414256 seconds
2024-10-04T03:01:31.136+0300: 980.294: [GC (Allocation Failure) 2024-10-04T03:01:31.136+0300: 980.294: [DefNew: 1124032K->7463K(1258304K), 0.0056461 secs] 1140491K->23922K(4054528K), 0.0057960 secs] [Times: user=0.00 sys=0.00, real=0.02 secs] 
2024-10-04T03:01:31.152+0300: 980.300: Total time for which application threads were stopped: 0.0061489 seconds, Stopping threads took: 0.0002146 seconds
2024-10-04T03:01:31.482+0300: 980.641: Application time: 0.3408788 seconds
2024-10-04T03:01:31.482+0300: 980.641: [GC (Allocation Failure) 2024-10-04T03:01:31.482+0300: 980.641: [DefNew: 1125991K->7425K(1258304K), 0.0051382 secs] 1142450K->23884K(4054528K), 0.0052114 secs] [Times: user=0.00 sys=0.00, real=0.01 secs] 
2024-10-04T03:01:31.497+0300: 980.647: Total time for which application threads were stopped: 0.0055497 seconds, Stopping threads took: 0.0002109 seconds
2024-10-04T03:01:31.842+0300: 980.995: Application time: 0.3484364 seconds
2024-10-04T03:01:31.842+0300: 980.995: [GC (Allocation Failure) 2024-10-04T03:01:31.842+0300: 980.995: [DefNew: 1125953K->5712K(1258304K), 0.0033136 secs] 1142412K->22172K(4054528K), 0.0033796 secs] [Times: user=0.00 sys=0.00, real=0.00 secs] 
2024-10-04T03:01:31.842+0300: 980.999: Total time for which application threads were stopped: 0.0036619 seconds, Stopping threads took: 0.0001562 seconds
2024-10-04T03:01:32.188+0300: 981.344: Application time: 0.3454983 seconds
2024-10-04T03:01:32.188+0300: 981.345: [GC (Allocation Failure) 2024-10-04T03:01:32.188+0300: 981.345: [DefNew: 1124240K->5536K(1258304K), 0.0032050 secs] 1140700K->21996K(4054528K), 0.0032774 secs] [Times: user=0.00 sys=0.00, real=0.00 secs] 
2024-10-04T03:01:32.188+0300: 981.348: Total time for which application threads were stopped: 0.0036892 seconds, Stopping threads took: 0.0002479 seconds
2024-10-04T03:01:32.533+0300: 981.687: Application time: 0.3387203 seconds
2024-10-04T03:01:32.533+0300: 981.687: [GC (Allocation Failure) 2024-10-04T03:01:32.533+0300: 981.687: [DefNew: 1124064K->5833K(1258304K), 0.0033954 secs] 1140524K->22293K(4054528K), 0.0034704 secs] [Times: user=0.00 sys=0.00, real=0.00 secs] 
2024-10-04T03:01:32.533+0300: 981.690: Total time for which application threads were stopped: 0.0037591 seconds, Stopping threads took: 0.0001762 seconds
2024-10-04T03:01:32.863+0300: 982.023: Application time: 0.3331979 seconds
2024-10-04T03:01:32.879+0300: 982.024: [GC (Allocation Failure) 2024-10-04T03:01:32.879+0300: 982.024: [DefNew: 1124361K->9543K(1258304K), 0.0096261 secs] 1140821K->26004K(4054528K), 0.0097110 secs] [Times: user=0.00 sys=0.00, real=0.00 secs] 
2024-10-04T03:01:32.879+0300: 982.034: Total time for which application threads were stopped: 0.0100996 seconds, Stopping threads took: 0.0002368 seconds
2024-10-04T03:01:33.224+0300: 982.383: Application time: 0.3490353 seconds
2024-10-04T03:01:33.224+0300: 982.383: [GC (Allocation Failure) 2024-10-04T03:01:33.224+0300: 982.383: [DefNew: 1128071K->6094K(1258304K), 0.0036805 secs] 1144532K->22555K(4054528K), 0.0037532 secs] [Times: user=0.00 sys=0.00, real=0.02 secs] 
2024-10-04T03:01:33.240+0300: 982.387: Total time for which application threads were stopped: 0.0040849 seconds, Stopping threads took: 0.0001908 seconds
2024-10-04T03:01:33.585+0300: 982.735: Application time: 0.3482678 seconds
2024-10-04T03:01:33.585+0300: 982.735: [GC (Allocation Failure) 2024-10-04T03:01:33.585+0300: 982.735: [DefNew: 1124622K->5665K(1258304K), 0.0032930 secs] 1141083K->22126K(4054528K), 0.0033644 secs] [Times: user=0.00 sys=0.00, real=0.00 secs] 
2024-10-04T03:01:33.585+0300: 982.739: Total time for which application threads were stopped: 0.0036403 seconds, Stopping threads took: 0.0001461 seconds
2024-10-04T03:01:33.931+0300: 983.087: Application time: 0.3480041 seconds
2024-10-04T03:01:33.931+0300: 983.087: [GC (Allocation Failure) 2024-10-04T03:01:33.931+0300: 983.087: [DefNew: 1124193K->6044K(1258304K), 0.0034594 secs] 1140654K->22505K(4054528K), 0.0035343 secs] [Times: user=0.00 sys=0.00, real=0.00 secs] 
2024-10-04T03:01:33.931+0300: 983.091: Total time for which application threads were stopped: 0.0039817 seconds, Stopping threads took: 0.0002256 seconds
2024-10-04T03:01:34.276+0300: 983.423: Application time: 0.3325850 seconds
2024-10-04T03:01:34.276+0300: 983.423: [GC (Allocation Failure) 2024-10-04T03:01:34.276+0300: 983.424: [DefNew: 1124572K->5616K(1258304K), 0.0033342 secs] 1141033K->22077K(4054528K), 0.0034032 secs] [Times: user=0.00 sys=0.00, real=0.00 secs] 
2024-10-04T03:01:34.276+0300: 983.427: Total time for which application threads were stopped: 0.0036789 seconds, Stopping threads took: 0.0001468 seconds
2024-10-04T03:01:34.621+0300: 983.768: Application time: 0.3413952 seconds
2024-10-04T03:01:34.621+0300: 983.769: [GC (Allocation Failure) 2024-10-04T03:01:34.621+0300: 983.769: [DefNew: 1124144K->6081K(1258304K), 0.0034680 secs] 1140605K->22544K(4054528K), 0.0035368 secs] [Times: user=0.00 sys=0.00, real=0.00 secs] 
2024-10-04T03:01:34.624+0300: 983.772: Total time for which application threads were stopped: 0.0037923 seconds, Stopping threads took: 0.0001326 seconds
2024-10-04T03:01:34.965+0300: 984.126: Application time: 0.3539453 seconds
2024-10-04T03:01:34.981+0300: 984.126: [GC (Allocation Failure) 2024-10-04T03:01:34.981+0300: 984.126: [DefNew: 1124609K->5590K(1258304K), 0.0032444 secs] 1141072K->22053K(4054528K), 0.0033237 secs] [Times: user=0.00 sys=0.00, real=0.00 secs] 
2024-10-04T03:01:34.981+0300: 984.130: Total time for which application threads were stopped: 0.0037238 seconds, Stopping threads took: 0.0002748 seconds
2024-10-04T03:01:35.311+0300: 984.469: Application time: 0.3393771 seconds
2024-10-04T03:01:35.311+0300: 984.469: [GC (Allocation Failure) 2024-10-04T03:01:35.311+0300: 984.469: [DefNew: 1124118K->5685K(1258304K), 0.0035341 secs] 1140581K->22147K(4054528K), 0.0036124 secs] [Times: user=0.00 sys=0.00, real=0.02 secs] 
2024-10-04T03:01:35.327+0300: 984.473: Total time for which application threads were stopped: 0.0039256 seconds, Stopping threads took: 0.0001800 seconds
2024-10-04T03:01:35.656+0300: 984.813: Application time: 0.3403247 seconds
2024-10-04T03:01:35.656+0300: 984.814: [GC (Allocation Failure) 2024-10-04T03:01:35.656+0300: 984.814: [DefNew: 1124213K->5499K(1258304K), 0.0030455 secs] 1140675K->21962K(4054528K), 0.0031153 secs] [Times: user=0.00 sys=0.00, real=0.00 secs] 
2024-10-04T03:01:35.656+0300: 984.817: Total time for which application threads were stopped: 0.0034016 seconds, Stopping threads took: 0.0001761 seconds
2024-10-04T03:01:36.001+0300: 985.158: Application time: 0.3410816 seconds
2024-10-04T03:01:36.001+0300: 985.158: [GC (Allocation Failure) 2024-10-04T03:01:36.001+0300: 985.158: [DefNew: 1124027K->7220K(1258304K), 0.0050965 secs] 1140490K->23683K(4054528K), 0.0051689 secs] [Times: user=0.00 sys=0.00, real=0.02 secs] 
2024-10-04T03:01:36.017+0300: 985.163: Total time for which application threads were stopped: 0.0054617 seconds, Stopping threads took: 0.0001656 seconds
2024-10-04T03:01:36.347+0300: 985.507: Application time: 0.3439778 seconds
2024-10-04T03:01:36.362+0300: 985.508: [GC (Allocation Failure) 2024-10-04T03:01:36.362+0300: 985.508: [DefNew: 1125748K->6220K(1258304K), 0.0036686 secs] 1142211K->22683K(4054528K), 0.0037509 secs] [Times: user=0.00 sys=0.00, real=0.00 secs] 
2024-10-04T03:01:36.362+0300: 985.512: Total time for which application threads were stopped: 0.0041745 seconds, Stopping threads took: 0.0002663 seconds
2024-10-04T03:01:36.707+0300: 985.860: Application time: 0.3488418 seconds
2024-10-04T03:01:36.707+0300: 985.861: [GC (Allocation Failure) 2024-10-04T03:01:36.707+0300: 985.861: [DefNew: 1124748K->5474K(1258304K), 0.0030947 secs] 1141211K->21938K(4054528K), 0.0031661 secs] [Times: user=0.00 sys=0.00, real=0.00 secs] 
2024-10-04T03:01:36.707+0300: 985.864: Total time for which application threads were stopped: 0.0034489 seconds, Stopping threads took: 0.0001717 seconds
2024-10-04T03:01:37.053+0300: 986.210: Application time: 0.3460420 seconds
2024-10-04T03:01:37.053+0300: 986.210: [GC (Allocation Failure) 2024-10-04T03:01:37.053+0300: 986.210: [DefNew: 1124002K->7520K(1258304K), 0.0052962 secs] 1140466K->23984K(4054528K), 0.0054363 secs] [Times: user=0.00 sys=0.00, real=0.02 secs] 
2024-10-04T03:01:37.068+0300: 986.216: Total time for which application threads were stopped: 0.0057109 seconds, Stopping threads took: 0.0001525 seconds
2024-10-04T03:01:37.398+0300: 986.547: Application time: 0.3314723 seconds
2024-10-04T03:01:37.398+0300: 986.547: [GC (Allocation Failure) 2024-10-04T03:01:37.398+0300: 986.547: [DefNew: 1126048K->5797K(1258304K), 0.0033048 secs] 1142512K->22261K(4054528K), 0.0033800 secs] [Times: user=0.00 sys=0.00, real=0.00 secs] 
2024-10-04T03:01:37.398+0300: 986.551: Total time for which application threads were stopped: 0.0036329 seconds, Stopping threads took: 0.0001267 seconds
2024-10-04T03:01:37.743+0300: 986.891: Application time: 0.3407848 seconds
2024-10-04T03:01:37.743+0300: 986.892: [GC (Allocation Failure) 2024-10-04T03:01:37.743+0300: 986.892: [DefNew: 1124325K->6166K(1258304K), 0.0035420 secs] 1140789K->22631K(4054528K), 0.0036104 secs] [Times: user=0.00 sys=0.00, real=0.00 secs] 
2024-10-04T03:01:37.743+0300: 986.895: Total time for which application threads were stopped: 0.0039051 seconds, Stopping threads took: 0.0001910 seconds
2024-10-04T03:01:38.089+0300: 987.249: Application time: 0.3538620 seconds
2024-10-04T03:01:38.104+0300: 987.250: [GC (Allocation Failure) 2024-10-04T03:01:38.104+0300: 987.250: [DefNew: 1124694K->5416K(1258304K), 0.0030831 secs] 1141159K->21881K(4054528K), 0.0031536 secs] [Times: user=0.00 sys=0.00, real=0.00 secs] 
2024-10-04T03:01:38.104+0300: 987.253: Total time for which application threads were stopped: 0.0035711 seconds, Stopping threads took: 0.0002882 seconds
2024-10-04T03:01:38.434+0300: 987.594: Application time: 0.3411439 seconds
2024-10-04T03:01:38.434+0300: 987.594: [GC (Allocation Failure) 2024-10-04T03:01:38.434+0300: 987.594: [DefNew: 1123944K->5723K(1258304K), 0.0035881 secs] 1140409K->22189K(4054528K), 0.0036663 secs] [Times: user=0.00 sys=0.00, real=0.02 secs] 
2024-10-04T03:01:38.450+0300: 987.598: Total time for which application threads were stopped: 0.0040270 seconds, Stopping threads took: 0.0002069 seconds
2024-10-04T03:01:38.780+0300: 987.933: Application time: 0.3349942 seconds
2024-10-04T03:01:38.780+0300: 987.933: [GC (Allocation Failure) 2024-10-04T03:01:38.780+0300: 987.933: [DefNew: 1124251K->5699K(1258304K), 0.0033349 secs] 1140717K->22165K(4054528K), 0.0033998 secs] [Times: user=0.00 sys=0.00, real=0.00 secs] 
2024-10-04T03:01:38.780+0300: 987.937: Total time for which application threads were stopped: 0.0036836 seconds, Stopping threads took: 0.0001720 seconds
2024-10-04T03:01:39.135+0300: 988.281: Application time: 0.3438503 seconds
2024-10-04T03:01:39.135+0300: 988.281: [GC (Allocation Failure) 2024-10-04T03:01:39.135+0300: 988.281: [DefNew: 1124227K->9257K(1258304K), 0.0077435 secs] 1140693K->25723K(4054528K), 0.0078115 secs] [Times: user=0.00 sys=0.00, real=0.01 secs] 
2024-10-04T03:01:39.141+0300: 988.289: Total time for which application threads were stopped: 0.0080854 seconds, Stopping threads took: 0.0001508 seconds
2024-10-04T03:01:39.471+0300: 988.630: Application time: 0.3414171 seconds
2024-10-04T03:01:39.471+0300: 988.630: [GC (Allocation Failure) 2024-10-04T03:01:39.471+0300: 988.630: [DefNew: 1127785K->6001K(1258304K), 0.0035036 secs] 1144251K->22467K(4054528K), 0.0035802 secs] [Times: user=0.00 sys=0.00, real=0.02 secs] 
2024-10-04T03:01:39.486+0300: 988.634: Total time for which application threads were stopped: 0.0038882 seconds, Stopping threads took: 0.0001709 seconds
2024-10-04T03:01:39.831+0300: 988.979: Application time: 0.3448823 seconds
2024-10-04T03:01:39.831+0300: 988.979: [GC (Allocation Failure) 2024-10-04T03:01:39.831+0300: 988.979: [DefNew: 1124529K->5637K(1258304K), 0.0031898 secs] 1140995K->22103K(4054528K), 0.0032546 secs] [Times: user=0.00 sys=0.00, real=0.01 secs] 
2024-10-04T03:01:39.837+0300: 988.982: Total time for which application threads were stopped: 0.0035169 seconds, Stopping threads took: 0.0001532 seconds
2024-10-04T03:01:40.177+0300: 989.331: Application time: 0.3484608 seconds
2024-10-04T03:01:40.177+0300: 989.331: [GC (Allocation Failure) 2024-10-04T03:01:40.177+0300: 989.331: [DefNew: 1124165K->5528K(1258304K), 0.0031445 secs] 1140631K->21995K(4054528K), 0.0032922 secs] [Times: user=0.00 sys=0.00, real=0.00 secs] 
2024-10-04T03:01:40.177+0300: 989.334: Total time for which application threads were stopped: 0.0036475 seconds, Stopping threads took: 0.0001805 seconds
2024-10-04T03:01:40.523+0300: 989.670: Application time: 0.3350945 seconds
2024-10-04T03:01:40.523+0300: 989.670: [GC (Allocation Failure) 2024-10-04T03:01:40.523+0300: 989.670: [DefNew: 1124056K->5850K(1258304K), 0.0034198 secs] 1140523K->22318K(4054528K), 0.0034967 secs] [Times: user=0.00 sys=0.00, real=0.00 secs] 
2024-10-04T03:01:40.523+0300: 989.673: Total time for which application threads were stopped: 0.0037423 seconds, Stopping threads took: 0.0001338 seconds
2024-10-04T03:01:40.853+0300: 990.013: Application time: 0.3398380 seconds
2024-10-04T03:01:40.868+0300: 990.013: [GC (Allocation Failure) 2024-10-04T03:01:40.868+0300: 990.014: [DefNew: 1124378K->6473K(1258304K), 0.0042933 secs] 1140846K->22941K(4054528K), 0.0043792 secs] [Times: user=0.00 sys=0.00, real=0.00 secs] 
2024-10-04T03:01:40.868+0300: 990.018: Total time for which application threads were stopped: 0.0047485 seconds, Stopping threads took: 0.0002266 seconds
2024-10-04T03:01:41.213+0300: 990.367: Application time: 0.3495694 seconds
2024-10-04T03:01:41.213+0300: 990.368: [GC (Allocation Failure) 2024-10-04T03:01:41.213+0300: 990.368: [DefNew: 1125001K->5549K(1258304K), 0.0032387 secs] 1141469K->22017K(4054528K), 0.0033081 secs] [Times: user=0.00 sys=0.00, real=0.00 secs] 
2024-10-04T03:01:41.213+0300: 990.371: Total time for which application threads were stopped: 0.0036495 seconds, Stopping threads took: 0.0002119 seconds
2024-10-04T03:01:41.559+0300: 990.709: Application time: 0.3382681 seconds
2024-10-04T03:01:41.559+0300: 990.710: [GC (Allocation Failure) 2024-10-04T03:01:41.559+0300: 990.710: [DefNew: 1124077K->5524K(1258304K), 0.0032234 secs] 1140545K->21992K(4054528K), 0.0032950 secs] [Times: user=0.00 sys=0.00, real=0.00 secs] 
2024-10-04T03:01:41.559+0300: 990.713: Total time for which application threads were stopped: 0.0035935 seconds, Stopping threads took: 0.0001731 seconds
2024-10-04T03:01:41.904+0300: 991.062: Application time: 0.3488030 seconds
2024-10-04T03:01:41.904+0300: 991.062: [GC (Allocation Failure) 2024-10-04T03:01:41.904+0300: 991.062: [DefNew: 1124052K->5697K(1258304K), 0.0033032 secs] 1140520K->22166K(4054528K), 0.0033755 secs] [Times: user=0.00 sys=0.00, real=0.02 secs] 
2024-10-04T03:01:41.920+0300: 991.066: Total time for which application threads were stopped: 0.0037379 seconds, Stopping threads took: 0.0002148 seconds
2024-10-04T03:01:42.250+0300: 991.400: Application time: 0.3345517 seconds
2024-10-04T03:01:42.250+0300: 991.400: [GC (Allocation Failure) 2024-10-04T03:01:42.250+0300: 991.400: [DefNew: 1124225K->7263K(1258304K), 0.0050960 secs] 1140694K->23732K(4054528K), 0.0051662 secs] [Times: user=0.00 sys=0.00, real=0.00 secs] 
2024-10-04T03:01:42.250+0300: 991.406: Total time for which application threads were stopped: 0.0054441 seconds, Stopping threads took: 0.0001488 seconds
2024-10-04T03:01:42.596+0300: 991.748: Application time: 0.3429501 seconds
2024-10-04T03:01:42.596+0300: 991.749: [GC (Allocation Failure) 2024-10-04T03:01:42.596+0300: 991.749: [DefNew: 1125791K->7407K(1258304K), 0.0049662 secs] 1142260K->23876K(4054528K), 0.0050355 secs] [Times: user=0.00 sys=0.00, real=0.00 secs] 
2024-10-04T03:01:42.596+0300: 991.754: Total time for which application threads were stopped: 0.0053436 seconds, Stopping threads took: 0.0001890 seconds
2024-10-04T03:01:42.957+0300: 992.110: Application time: 0.3564359 seconds
2024-10-04T03:01:42.957+0300: 992.111: [GC (Allocation Failure) 2024-10-04T03:01:42.957+0300: 992.111: [DefNew: 1125935K->5732K(1258304K), 0.0033463 secs] 1142404K->22201K(4054528K), 0.0034257 secs] [Times: user=0.00 sys=0.00, real=0.00 secs] 
2024-10-04T03:01:42.957+0300: 992.114: Total time for which application threads were stopped: 0.0037883 seconds, Stopping threads took: 0.0002189 seconds
2024-10-04T03:01:43.302+0300: 992.453: Application time: 0.3386187 seconds
2024-10-04T03:01:43.302+0300: 992.453: [GC (Allocation Failure) 2024-10-04T03:01:43.302+0300: 992.453: [DefNew: 1124260K->5797K(1258304K), 0.0033389 secs] 1140729K->22267K(4054528K), 0.0034147 secs] [Times: user=0.00 sys=0.00, real=0.00 secs] 
2024-10-04T03:01:43.302+0300: 992.456: Total time for which application threads were stopped: 0.0036720 seconds, Stopping threads took: 0.0001297 seconds
2024-10-04T03:01:43.631+0300: 992.790: Application time: 0.3333864 seconds
2024-10-04T03:01:43.631+0300: 992.790: [GC (Allocation Failure) 2024-10-04T03:01:43.631+0300: 992.790: [DefNew: 1124325K->5844K(1258304K), 0.0035813 secs] 1140795K->22314K(4054528K), 0.0036527 secs] [Times: user=0.00 sys=0.00, real=0.02 secs] 
2024-10-04T03:01:43.648+0300: 992.794: Total time for which application threads were stopped: 0.0039350 seconds, Stopping threads took: 0.0001651 seconds
2024-10-04T03:01:43.993+0300: 993.138: Application time: 0.3442873 seconds
2024-10-04T03:01:43.993+0300: 993.139: [GC (Allocation Failure) 2024-10-04T03:01:43.993+0300: 993.139: [DefNew: 1124372K->9328K(1258304K), 0.0072791 secs] 1140842K->25799K(4054528K), 0.0073518 secs] [Times: user=0.00 sys=0.00, real=0.00 secs] 
2024-10-04T03:01:43.993+0300: 993.146: Total time for which application threads were stopped: 0.0080506 seconds, Stopping threads took: 0.0005706 seconds
2024-10-04T03:01:44.348+0300: 993.494: Application time: 0.3476806 seconds
2024-10-04T03:01:44.348+0300: 993.494: [GC (Allocation Failure) 2024-10-04T03:01:44.348+0300: 993.494: [DefNew: 1127856K->5802K(1258304K), 0.0037329 secs] 1144327K->22272K(4054528K), 0.0038124 secs] [Times: user=0.00 sys=0.00, real=0.00 secs] 
2024-10-04T03:01:44.348+0300: 993.498: Total time for which application threads were stopped: 0.0040911 seconds, Stopping threads took: 0.0001532 seconds
2024-10-04T03:01:44.683+0300: 993.840: Application time: 0.3425628 seconds
2024-10-04T03:01:44.683+0300: 993.841: [GC (Allocation Failure) 2024-10-04T03:01:44.683+0300: 993.841: [DefNew: 1124330K->5480K(1258304K), 0.0031969 secs] 1140800K->21951K(4054528K), 0.0032698 secs] [Times: user=0.00 sys=0.00, real=0.00 secs] 
2024-10-04T03:01:44.683+0300: 993.844: Total time for which application threads were stopped: 0.0036169 seconds, Stopping threads took: 0.0001757 seconds
2024-10-04T03:01:45.044+0300: 994.189: Application time: 0.3451313 seconds
2024-10-04T03:01:45.044+0300: 994.189: [GC (Allocation Failure) 2024-10-04T03:01:45.044+0300: 994.189: [DefNew: 1124008K->5692K(1258304K), 0.0034277 secs] 1140479K->22164K(4054528K), 0.0035056 secs] [Times: user=0.00 sys=0.00, real=0.00 secs] 
2024-10-04T03:01:45.044+0300: 994.193: Total time for which application threads were stopped: 0.0038626 seconds, Stopping threads took: 0.0002125 seconds
2024-10-04T03:01:45.374+0300: 994.529: Application time: 0.3360868 seconds
2024-10-04T03:01:45.374+0300: 994.529: [GC (Allocation Failure) 2024-10-04T03:01:45.374+0300: 994.529: [DefNew: 1124220K->5591K(1258304K), 0.0031515 secs] 1140692K->22063K(4054528K), 0.0032409 secs] [Times: user=0.00 sys=0.00, real=0.00 secs] 
2024-10-04T03:01:45.374+0300: 994.533: Total time for which application threads were stopped: 0.0035439 seconds, Stopping threads took: 0.0001715 seconds
2024-10-04T03:01:45.720+0300: 994.875: Application time: 0.3423054 seconds
2024-10-04T03:01:45.720+0300: 994.875: [GC (Allocation Failure) 2024-10-04T03:01:45.720+0300: 994.875: [DefNew: 1124119K->7852K(1258304K), 0.0059946 secs] 1140591K->24325K(4054528K), 0.0060551 secs] [Times: user=0.00 sys=0.00, real=0.01 secs] 
2024-10-04T03:01:45.735+0300: 994.881: Total time for which application threads were stopped: 0.0064208 seconds, Stopping threads took: 0.0002480 seconds
2024-10-04T03:01:46.081+0300: 995.237: Application time: 0.3552432 seconds
2024-10-04T03:01:46.081+0300: 995.237: [GC (Allocation Failure) 2024-10-04T03:01:46.081+0300: 995.237: [DefNew: 1126380K->5565K(1258304K), 0.0032684 secs] 1142853K->22038K(4054528K), 0.0033488 secs] [Times: user=0.00 sys=0.00, real=0.00 secs] 
2024-10-04T03:01:46.081+0300: 995.240: Total time for which application threads were stopped: 0.0037395 seconds, Stopping threads took: 0.0002514 seconds
2024-10-04T03:01:46.426+0300: 995.583: Application time: 0.3429344 seconds
2024-10-04T03:01:46.426+0300: 995.584: [GC (Allocation Failure) 2024-10-04T03:01:46.426+0300: 995.584: [DefNew: 1124093K->5580K(1258304K), 0.0034070 secs] 1140566K->22053K(4054528K), 0.0034799 secs] [Times: user=0.00 sys=0.00, real=0.01 secs] 
2024-10-04T03:01:46.441+0300: 995.587: Total time for which application threads were stopped: 0.0037744 seconds, Stopping threads took: 0.0001720 seconds
2024-10-04T03:01:46.771+0300: 995.918: Application time: 0.3306564 seconds
2024-10-04T03:01:46.771+0300: 995.918: [GC (Allocation Failure) 2024-10-04T03:01:46.771+0300: 995.918: [DefNew: 1124108K->5669K(1258304K), 0.0032665 secs] 1140581K->22142K(4054528K), 0.0033360 secs] [Times: user=0.00 sys=0.00, real=0.00 secs] 
2024-10-04T03:01:46.771+0300: 995.921: Total time for which application threads were stopped: 0.0036468 seconds, Stopping threads took: 0.0001806 seconds
2024-10-04T03:01:47.117+0300: 996.271: Application time: 0.3498273 seconds
2024-10-04T03:01:47.117+0300: 996.271: [GC (Allocation Failure) 2024-10-04T03:01:47.117+0300: 996.271: [DefNew: 1124197K->7535K(1258304K), 0.0052323 secs] 1140670K->24009K(4054528K), 0.0053100 secs] [Times: user=0.00 sys=0.00, real=0.00 secs] 
2024-10-04T03:01:47.117+0300: 996.277: Total time for which application threads were stopped: 0.0056209 seconds, Stopping threads took: 0.0001813 seconds
2024-10-04T03:01:47.463+0300: 996.622: Application time: 0.3453969 seconds
2024-10-04T03:01:47.463+0300: 996.623: [GC (Allocation Failure) 2024-10-04T03:01:47.463+0300: 996.623: [DefNew: 1126063K->5767K(1258304K), 0.0034175 secs] 1142537K->22241K(4054528K), 0.0034925 secs] [Times: user=0.00 sys=0.00, real=0.01 secs] 
2024-10-04T03:01:47.478+0300: 996.626: Total time for which application threads were stopped: 0.0038539 seconds, Stopping threads took: 0.0002383 seconds
2024-10-04T03:01:47.824+0300: 996.969: Application time: 0.3430550 seconds
2024-10-04T03:01:47.824+0300: 996.969: [GC (Allocation Failure) 2024-10-04T03:01:47.824+0300: 996.969: [DefNew: 1124295K->5528K(1258304K), 0.0032027 secs] 1140769K->22002K(4054528K), 0.0032671 secs] [Times: user=0.00 sys=0.00, real=0.00 secs] 
2024-10-04T03:01:47.824+0300: 996.973: Total time for which application threads were stopped: 0.0035472 seconds, Stopping threads took: 0.0001581 seconds
2024-10-04T03:01:48.170+0300: 997.319: Application time: 0.3464832 seconds
2024-10-04T03:01:48.170+0300: 997.319: [GC (Allocation Failure) 2024-10-04T03:01:48.170+0300: 997.319: [DefNew: 1124056K->5468K(1258304K), 0.0030920 secs] 1140530K->21942K(4054528K), 0.0031616 secs] [Times: user=0.02 sys=0.00, real=0.00 secs] 
2024-10-04T03:01:48.170+0300: 997.323: Total time for which application threads were stopped: 0.0034252 seconds, Stopping threads took: 0.0001327 seconds
2024-10-04T03:01:48.499+0300: 997.653: Application time: 0.3309004 seconds
2024-10-04T03:01:48.499+0300: 997.654: [GC (Allocation Failure) 2024-10-04T03:01:48.499+0300: 997.654: [DefNew: 1123996K->6131K(1258304K), 0.0034810 secs] 1140470K->22606K(4054528K), 0.0035555 secs] [Times: user=0.00 sys=0.00, real=0.00 secs] 
2024-10-04T03:01:48.499+0300: 997.657: Total time for which application threads were stopped: 0.0038423 seconds, Stopping threads took: 0.0001577 seconds
2024-10-04T03:01:48.845+0300: 998.000: Application time: 0.3426155 seconds
2024-10-04T03:01:48.845+0300: 998.000: [GC (Allocation Failure) 2024-10-04T03:01:48.845+0300: 998.000: [DefNew: 1124659K->6477K(1258304K), 0.0039219 secs] 1141134K->22952K(4054528K), 0.0039985 secs] [Times: user=0.00 sys=0.00, real=0.01 secs] 
2024-10-04T03:01:48.858+0300: 998.004: Total time for which application threads were stopped: 0.0042953 seconds, Stopping threads took: 0.0001554 seconds
2024-10-04T03:01:49.206+0300: 998.363: Application time: 0.3584906 seconds
2024-10-04T03:01:49.206+0300: 998.363: [GC (Allocation Failure) 2024-10-04T03:01:49.206+0300: 998.363: [DefNew: 1125005K->5595K(1258304K), 0.0031970 secs] 1141480K->22070K(4054528K), 0.0033525 secs] [Times: user=0.00 sys=0.01, real=0.01 secs] 
2024-10-04T03:01:49.221+0300: 998.366: Total time for which application threads were stopped: 0.0037059 seconds, Stopping threads took: 0.0002150 seconds
2024-10-04T03:01:49.560+0300: 998.707: Application time: 0.3410351 seconds
2024-10-04T03:01:49.560+0300: 998.708: [GC (Allocation Failure) 2024-10-04T03:01:49.560+0300: 998.708: [DefNew: 1124123K->5634K(1258304K), 0.0032085 secs] 1140598K->22110K(4054528K), 0.0032798 secs] [Times: user=0.00 sys=0.00, real=0.00 secs] 
2024-10-04T03:01:49.560+0300: 998.711: Total time for which application threads were stopped: 0.0035665 seconds, Stopping threads took: 0.0001635 seconds
2024-10-04T03:01:49.896+0300: 999.051: Application time: 0.3399826 seconds
2024-10-04T03:01:49.896+0300: 999.051: [GC (Allocation Failure) 2024-10-04T03:01:49.896+0300: 999.051: [DefNew: 1124162K->7401K(1258304K), 0.0050966 secs] 1140638K->23877K(4054528K), 0.0051678 secs] [Times: user=0.00 sys=0.00, real=0.00 secs] 
2024-10-04T03:01:49.896+0300: 999.057: Total time for which application threads were stopped: 0.0055810 seconds, Stopping threads took: 0.0002753 seconds
2024-10-04T03:01:50.241+0300: 999.393: Application time: 0.3366434 seconds
2024-10-04T03:01:50.241+0300: 999.394: [GC (Allocation Failure) 2024-10-04T03:01:50.241+0300: 999.394: [DefNew: 1125929K->7651K(1258304K), 0.0054915 secs] 1142405K->24127K(4054528K), 0.0055666 secs] [Times: user=0.00 sys=0.00, real=0.00 secs] 
2024-10-04T03:01:50.241+0300: 999.399: Total time for which application threads were stopped: 0.0059013 seconds, Stopping threads took: 0.0002079 seconds
2024-10-04T03:01:50.587+0300: 999.745: Application time: 0.3462440 seconds
2024-10-04T03:01:50.587+0300: 999.746: [GC (Allocation Failure) 2024-10-04T03:01:50.587+0300: 999.746: [DefNew: 1126179K->5659K(1258304K), 0.0034087 secs] 1142655K->22135K(4054528K), 0.0034773 secs] [Times: user=0.00 sys=0.00, real=0.02 secs] 
2024-10-04T03:01:50.602+0300: 999.749: Total time for which application threads were stopped: 0.0037796 seconds, Stopping threads took: 0.0001758 seconds
2024-10-04T03:01:50.948+0300: 1000.100: Application time: 0.3510267 seconds
2024-10-04T03:01:50.948+0300: 1000.100: [GC (Allocation Failure) 2024-10-04T03:01:50.948+0300: 1000.101: [DefNew: 1124187K->5509K(1258304K), 0.0034669 secs] 1140663K->21986K(4054528K), 0.0035384 secs] [Times: user=0.00 sys=0.00, real=0.00 secs] 
2024-10-04T03:01:50.948+0300: 1000.104: Total time for which application threads were stopped: 0.0038471 seconds, Stopping threads took: 0.0001828 seconds
2024-10-04T03:01:51.298+0300: 1000.444: Application time: 0.3399927 seconds
2024-10-04T03:01:51.298+0300: 1000.444: [GC (Allocation Failure) 2024-10-04T03:01:51.298+0300: 1000.444: [DefNew: 1124037K->5690K(1258304K), 0.0036046 secs] 1140514K->22168K(4054528K), 0.0036970 secs] [Times: user=0.00 sys=0.00, real=0.00 secs] 
2024-10-04T03:01:51.303+0300: 1000.448: Total time for which application threads were stopped: 0.0040282 seconds, Stopping threads took: 0.0001976 seconds
2024-10-04T03:01:51.591+0300: 1000.748: Application time: 0.3002647 seconds
2024-10-04T03:01:51.591+0300: 1000.749: Total time for which application threads were stopped: 0.0002282 seconds, Stopping threads took: 0.0001570 seconds
2024-10-04T03:01:51.638+0300: 1000.787: Application time: 0.0384155 seconds
2024-10-04T03:01:51.638+0300: 1000.787: [GC (Allocation Failure) 2024-10-04T03:01:51.638+0300: 1000.787: [DefNew: 1124218K->8745K(1258304K), 0.0066059 secs] 1140696K->25222K(4054528K), 0.0066845 secs] [Times: user=0.00 sys=0.00, real=0.00 secs] 
2024-10-04T03:01:51.638+0300: 1000.794: Total time for which application threads were stopped: 0.0069667 seconds, Stopping threads took: 0.0001669 seconds
2024-10-04T03:01:52.015+0300: 1001.168: Application time: 0.3744865 seconds
2024-10-04T03:01:52.015+0300: 1001.169: Total time for which application threads were stopped: 0.0002025 seconds, Stopping threads took: 0.0001434 seconds
2024-10-04T03:01:52.015+0300: 1001.172: Application time: 0.0031216 seconds
2024-10-04T03:01:52.015+0300: 1001.172: Total time for which application threads were stopped: 0.0001399 seconds, Stopping threads took: 0.0000912 seconds
2024-10-04T03:01:52.078+0300: 1001.229: Application time: 0.0572604 seconds
2024-10-04T03:01:52.078+0300: 1001.230: Total time for which application threads were stopped: 0.0003729 seconds, Stopping threads took: 0.0003502 seconds
2024-10-04T03:01:52.109+0300: 1001.266: Application time: 0.0362011 seconds
2024-10-04T03:01:52.109+0300: 1001.266: [GC (Allocation Failure) 2024-10-04T03:01:52.109+0300: 1001.266: [DefNew: 1127273K->6529K(1258304K), 0.0045151 secs] 1143750K->23006K(4054528K), 0.0045997 secs] [Times: user=0.00 sys=0.00, real=0.02 secs] 
2024-10-04T03:01:52.124+0300: 1001.271: Total time for which application threads were stopped: 0.0049567 seconds, Stopping threads took: 0.0002016 seconds
2024-10-04T03:01:52.438+0300: 1001.598: Application time: 0.3269921 seconds
2024-10-04T03:01:52.438+0300: 1001.598: [GC (Allocation Failure) 2024-10-04T03:01:52.438+0300: 1001.598: [DefNew: 1125057K->6903K(1258304K), 0.0044630 secs] 1141534K->23381K(4054528K), 0.0045401 secs] [Times: user=0.00 sys=0.00, real=0.02 secs] 
2024-10-04T03:01:52.453+0300: 1001.603: Total time for which application threads were stopped: 0.0048960 seconds, Stopping threads took: 0.0002360 seconds
2024-10-04T03:01:52.799+0300: 1001.946: Application time: 0.3436191 seconds
2024-10-04T03:01:52.799+0300: 1001.947: [GC (Allocation Failure) 2024-10-04T03:01:52.799+0300: 1001.947: [DefNew: 1125431K->6736K(1258304K), 0.0039413 secs] 1141909K->23215K(4054528K), 0.0040107 secs] [Times: user=0.00 sys=0.00, real=0.00 secs] 
2024-10-04T03:01:52.799+0300: 1001.951: Total time for which application threads were stopped: 0.0042932 seconds, Stopping threads took: 0.0001713 seconds
2024-10-04T03:01:53.168+0300: 1002.313: Application time: 0.3628287 seconds
2024-10-04T03:01:53.168+0300: 1002.314: [GC (Allocation Failure) 2024-10-04T03:01:53.168+0300: 1002.314: [DefNew: 1125264K->6789K(1258304K), 0.0040213 secs] 1141743K->23268K(4054528K), 0.0040930 secs] [Times: user=0.00 sys=0.00, real=0.00 secs] 
2024-10-04T03:01:53.168+0300: 1002.318: Total time for which application threads were stopped: 0.0043276 seconds, Stopping threads took: 0.0001272 seconds
2024-10-04T03:01:53.506+0300: 1002.659: Application time: 0.3409258 seconds
2024-10-04T03:01:53.506+0300: 1002.659: [GC (Allocation Failure) 2024-10-04T03:01:53.506+0300: 1002.659: [DefNew: 1125317K->7063K(1258304K), 0.0043226 secs] 1141796K->23542K(4054528K), 0.0043971 secs] [Times: user=0.00 sys=0.00, real=0.00 secs] 
2024-10-04T03:01:53.506+0300: 1002.663: Total time for which application threads were stopped: 0.0046776 seconds, Stopping threads took: 0.0001395 seconds
2024-10-04T03:01:53.835+0300: 1002.991: Application time: 0.3279818 seconds
2024-10-04T03:01:53.835+0300: 1002.992: [GC (Allocation Failure) 2024-10-04T03:01:53.835+0300: 1002.992: [DefNew: 1125591K->6876K(1258304K), 0.0039495 secs] 1142070K->23356K(4054528K), 0.0040223 secs] [Times: user=0.00 sys=0.00, real=0.00 secs] 
2024-10-04T03:01:53.835+0300: 1002.996: Total time for which application threads were stopped: 0.0042979 seconds, Stopping threads took: 0.0001749 seconds
2024-10-04T03:01:54.196+0300: 1003.346: Application time: 0.3505861 seconds
2024-10-04T03:01:54.196+0300: 1003.346: [GC (Allocation Failure) 2024-10-04T03:01:54.196+0300: 1003.347: [DefNew: 1125404K->10012K(1258304K), 0.0075575 secs] 1141884K->26491K(4054528K), 0.0076388 secs] [Times: user=0.00 sys=0.00, real=0.00 secs] 
2024-10-04T03:01:54.196+0300: 1003.354: Total time for which application threads were stopped: 0.0079444 seconds, Stopping threads took: 0.0001815 seconds
2024-10-04T03:01:54.542+0300: 1003.698: Application time: 0.3436910 seconds
2024-10-04T03:01:54.542+0300: 1003.698: [GC (Allocation Failure) 2024-10-04T03:01:54.542+0300: 1003.698: [DefNew: 1128540K->6778K(1258304K), 0.0040017 secs] 1145019K->23257K(4054528K), 0.0040728 secs] [Times: user=0.00 sys=0.00, real=0.00 secs] 
2024-10-04T03:01:54.542+0300: 1003.702: Total time for which application threads were stopped: 0.0043754 seconds, Stopping threads took: 0.0001848 seconds
2024-10-04T03:01:54.903+0300: 1004.050: Application time: 0.3476075 seconds
2024-10-04T03:01:54.903+0300: 1004.050: [GC (Allocation Failure) 2024-10-04T03:01:54.903+0300: 1004.050: [DefNew: 1125301K->6877K(1258304K), 0.0043408 secs] 1141781K->23357K(4054528K), 0.0044120 secs] [Times: user=0.00 sys=0.00, real=0.00 secs] 
2024-10-04T03:01:54.903+0300: 1004.055: Total time for which application threads were stopped: 0.0046917 seconds, Stopping threads took: 0.0001508 seconds
2024-10-04T03:01:55.233+0300: 1004.390: Application time: 0.3354307 seconds
2024-10-04T03:01:55.233+0300: 1004.390: [GC (Allocation Failure) 2024-10-04T03:01:55.233+0300: 1004.390: [DefNew: 1125405K->6943K(1258304K), 0.0042518 secs] 1141885K->23423K(4054528K), 0.0043286 secs] [Times: user=0.00 sys=0.00, real=0.01 secs] 
2024-10-04T03:01:55.248+0300: 1004.395: Total time for which application threads were stopped: 0.0046584 seconds, Stopping threads took: 0.0002047 seconds
2024-10-04T03:01:55.574+0300: 1004.721: Application time: 0.3266008 seconds
2024-10-04T03:01:55.574+0300: 1004.722: [GC (Allocation Failure) 2024-10-04T03:01:55.574+0300: 1004.722: [DefNew: 1125471K->8411K(1258304K), 0.0057159 secs] 1141951K->24892K(4054528K), 0.0057918 secs] [Times: user=0.00 sys=0.00, real=0.00 secs] 
2024-10-04T03:01:55.578+0300: 1004.727: Total time for which application threads were stopped: 0.0061724 seconds, Stopping threads took: 0.0002395 seconds
2024-10-04T03:01:55.923+0300: 1005.076: Application time: 0.3485509 seconds
2024-10-04T03:01:55.923+0300: 1005.076: [GC (Allocation Failure) 2024-10-04T03:01:55.923+0300: 1005.076: [DefNew: 1126939K->7130K(1258304K), 0.0043870 secs] 1143420K->23612K(4054528K), 0.0044583 secs] [Times: user=0.00 sys=0.00, real=0.00 secs] 
2024-10-04T03:01:55.923+0300: 1005.081: Total time for which application threads were stopped: 0.0047045 seconds, Stopping threads took: 0.0001333 seconds
2024-10-04T03:01:56.275+0300: 1005.428: Application time: 0.3474120 seconds
2024-10-04T03:01:56.275+0300: 1005.428: [GC (Allocation Failure) 2024-10-04T03:01:56.275+0300: 1005.428: [DefNew: 1125658K->6855K(1258304K), 0.0043414 secs] 1142140K->23336K(4054528K), 0.0044135 secs] [Times: user=0.00 sys=0.00, real=0.01 secs] 
2024-10-04T03:01:56.285+0300: 1005.433: Total time for which application threads were stopped: 0.0047539 seconds, Stopping threads took: 0.0002062 seconds
2024-10-04T03:01:56.615+0300: 1005.768: Application time: 0.3355682 seconds
2024-10-04T03:01:56.615+0300: 1005.769: [GC (Allocation Failure) 2024-10-04T03:01:56.615+0300: 1005.769: [DefNew: 1125383K->6916K(1258304K), 0.0041593 secs] 1141864K->23398K(4054528K), 0.0042725 secs] [Times: user=0.00 sys=0.00, real=0.00 secs] 
2024-10-04T03:01:56.615+0300: 1005.773: Total time for which application threads were stopped: 0.0045724 seconds, Stopping threads took: 0.0001724 seconds
2024-10-04T03:01:56.960+0300: 1006.118: Application time: 0.3451849 seconds
2024-10-04T03:01:56.960+0300: 1006.118: [GC (Allocation Failure) 2024-10-04T03:01:56.960+0300: 1006.118: [DefNew: 1125444K->7262K(1258304K), 0.0044194 secs] 1141926K->23821K(4054528K), 0.0044886 secs] [Times: user=0.00 sys=0.00, real=0.02 secs] 
2024-10-04T03:01:56.976+0300: 1006.123: Total time for which application threads were stopped: 0.0047792 seconds, Stopping threads took: 0.0001620 seconds
2024-10-04T03:01:57.305+0300: 1006.454: Application time: 0.3307036 seconds
2024-10-04T03:01:57.305+0300: 1006.454: [GC (Allocation Failure) 2024-10-04T03:01:57.305+0300: 1006.454: [DefNew: 1125790K->5725K(1258304K), 0.0041184 secs] 1142349K->23193K(4054528K), 0.0041962 secs] [Times: user=0.00 sys=0.00, real=0.00 secs] 
2024-10-04T03:01:57.305+0300: 1006.458: Total time for which application threads were stopped: 0.0045177 seconds, Stopping threads took: 0.0001828 seconds
2024-10-04T03:01:57.650+0300: 1006.809: Application time: 0.3508587 seconds
2024-10-04T03:01:57.650+0300: 1006.809: [GC (Allocation Failure) 2024-10-04T03:01:57.650+0300: 1006.809: [DefNew: 1124253K->5502K(1258304K), 0.0036137 secs] 1141721K->23229K(4054528K), 0.0036827 secs] [Times: user=0.00 sys=0.00, real=0.02 secs] 
2024-10-04T03:01:57.666+0300: 1006.813: Total time for which application threads were stopped: 0.0040304 seconds, Stopping threads took: 0.0002244 seconds
2024-10-04T03:01:58.011+0300: 1007.168: Application time: 0.3547902 seconds
2024-10-04T03:01:58.011+0300: 1007.168: [GC (Allocation Failure) 2024-10-04T03:01:58.011+0300: 1007.170: [DefNew: 1124030K->5611K(1258304K), 0.0038846 secs] 1141757K->23338K(4054528K), 0.0062044 secs] [Times: user=0.00 sys=0.00, real=0.02 secs] 
2024-10-04T03:01:58.027+0300: 1007.174: Total time for which application threads were stopped: 0.0065662 seconds, Stopping threads took: 0.0001944 seconds
2024-10-04T03:01:58.357+0300: 1007.512: Application time: 0.3375727 seconds
2024-10-04T03:01:58.357+0300: 1007.512: [GC (Allocation Failure) 2024-10-04T03:01:58.357+0300: 1007.512: [DefNew: 1124139K->5510K(1258304K), 0.0032061 secs] 1141866K->23238K(4054528K), 0.0032808 secs] [Times: user=0.00 sys=0.00, real=0.00 secs] 
2024-10-04T03:01:58.357+0300: 1007.516: Total time for which application threads were stopped: 0.0036654 seconds, Stopping threads took: 0.0002478 seconds
2024-10-04T03:01:58.702+0300: 1007.851: Application time: 0.3350653 seconds
2024-10-04T03:01:58.702+0300: 1007.851: [GC (Allocation Failure) 2024-10-04T03:01:58.702+0300: 1007.851: [DefNew: 1124038K->5605K(1258304K), 0.0032045 secs] 1141766K->23333K(4054528K), 0.0032711 secs] [Times: user=0.00 sys=0.00, real=0.00 secs] 
2024-10-04T03:01:58.702+0300: 1007.854: Total time for which application threads were stopped: 0.0035507 seconds, Stopping threads took: 0.0001645 seconds
2024-10-04T03:01:59.047+0300: 1008.206: Application time: 0.3518450 seconds
2024-10-04T03:01:59.047+0300: 1008.206: [GC (Allocation Failure) 2024-10-04T03:01:59.047+0300: 1008.206: [DefNew: 1124133K->7761K(1258304K), 0.0064089 secs] 1141861K->25489K(4054528K), 0.0064835 secs] [Times: user=0.00 sys=0.00, real=0.02 secs] 
2024-10-04T03:01:59.063+0300: 1008.213: Total time for which application threads were stopped: 0.0067924 seconds, Stopping threads took: 0.0001805 seconds
2024-10-04T03:01:59.409+0300: 1008.563: Application time: 0.3502589 seconds
2024-10-04T03:01:59.409+0300: 1008.563: [GC (Allocation Failure) 2024-10-04T03:01:59.409+0300: 1008.564: [DefNew: 1126289K->5597K(1258304K), 0.0033597 secs] 1144017K->23325K(4054528K), 0.0034325 secs] [Times: user=0.00 sys=0.00, real=0.00 secs] 
2024-10-04T03:01:59.409+0300: 1008.567: Total time for which application threads were stopped: 0.0037626 seconds, Stopping threads took: 0.0001982 seconds
2024-10-04T03:01:59.754+0300: 1008.908: Application time: 0.3407431 seconds
2024-10-04T03:01:59.754+0300: 1008.908: [GC (Allocation Failure) 2024-10-04T03:01:59.754+0300: 1008.908: [DefNew: 1124125K->5632K(1258304K), 0.0032706 secs] 1141853K->23361K(4054528K), 0.0033437 secs] [Times: user=0.00 sys=0.00, real=0.00 secs] 
2024-10-04T03:01:59.754+0300: 1008.911: Total time for which application threads were stopped: 0.0036500 seconds, Stopping threads took: 0.0001799 seconds
2024-10-04T03:02:00.100+0300: 1009.260: Application time: 0.3489842 seconds
2024-10-04T03:02:00.115+0300: 1009.261: [GC (Allocation Failure) 2024-10-04T03:02:00.115+0300: 1009.261: [DefNew: 1124160K->5362K(1258304K), 0.0036330 secs] 1141889K->23091K(4054528K), 0.0037043 secs] [Times: user=0.00 sys=0.00, real=0.00 secs] 
2024-10-04T03:02:00.115+0300: 1009.264: Total time for which application threads were stopped: 0.0040392 seconds, Stopping threads took: 0.0001723 seconds
2024-10-04T03:02:00.460+0300: 1009.613: Application time: 0.3488776 seconds
2024-10-04T03:02:00.460+0300: 1009.613: [GC (Allocation Failure) 2024-10-04T03:02:00.460+0300: 1009.614: [DefNew: 1123890K->7684K(1258304K), 0.0062827 secs] 1141619K->25413K(4054528K), 0.0063642 secs] [Times: user=0.00 sys=0.00, real=0.00 secs] 
2024-10-04T03:02:00.460+0300: 1009.620: Total time for which application threads were stopped: 0.0066188 seconds, Stopping threads took: 0.0001344 seconds
2024-10-04T03:02:00.822+0300: 1009.982: Application time: 0.3618173 seconds
2024-10-04T03:02:00.822+0300: 1009.982: [GC (Allocation Failure) 2024-10-04T03:02:00.822+0300: 1009.982: [DefNew: 1126212K->7286K(1258304K), 0.0057185 secs] 1143941K->25016K(4054528K), 0.0057765 secs] [Times: user=0.00 sys=0.00, real=0.01 secs] 
2024-10-04T03:02:00.837+0300: 1009.988: Total time for which application threads were stopped: 0.0060941 seconds, Stopping threads took: 0.0001803 seconds
2024-10-04T03:02:01.198+0300: 1010.348: Application time: 0.3597137 seconds
2024-10-04T03:02:01.198+0300: 1010.348: [GC (Allocation Failure) 2024-10-04T03:02:01.198+0300: 1010.348: [DefNew: 1125814K->5450K(1258304K), 0.0036194 secs] 1143544K->23180K(4054528K), 0.0036842 secs] [Times: user=0.01 sys=0.00, real=0.00 secs] 
2024-10-04T03:02:01.198+0300: 1010.351: Total time for which application threads were stopped: 0.0039186 seconds, Stopping threads took: 0.0001172 seconds
2024-10-04T03:02:01.543+0300: 1010.693: Application time: 0.3418021 seconds
2024-10-04T03:02:01.543+0300: 1010.693: [GC (Allocation Failure) 2024-10-04T03:02:01.543+0300: 1010.694: [DefNew: 1123978K->6175K(1258304K), 0.0039462 secs] 1141708K->23905K(4054528K), 0.0040191 secs] [Times: user=0.00 sys=0.00, real=0.00 secs] 
2024-10-04T03:02:01.543+0300: 1010.698: Total time for which application threads were stopped: 0.0042929 seconds, Stopping threads took: 0.0001422 seconds
2024-10-04T03:02:01.888+0300: 1011.034: Application time: 0.3369506 seconds
2024-10-04T03:02:01.889+0300: 1011.035: [GC (Allocation Failure) 2024-10-04T03:02:01.889+0300: 1011.035: [DefNew: 1124703K->5732K(1258304K), 0.0038532 secs] 1142433K->23462K(4054528K), 0.0039440 secs] [Times: user=0.00 sys=0.00, real=0.00 secs] 
2024-10-04T03:02:01.889+0300: 1011.039: Total time for which application threads were stopped: 0.0042464 seconds, Stopping threads took: 0.0001521 seconds
2024-10-04T03:02:02.235+0300: 1011.386: Application time: 0.3473421 seconds
2024-10-04T03:02:02.235+0300: 1011.386: [GC (Allocation Failure) 2024-10-04T03:02:02.235+0300: 1011.386: [DefNew: 1124260K->7672K(1258304K), 0.0053740 secs] 1141990K->25402K(4054528K), 0.0054452 secs] [Times: user=0.00 sys=0.00, real=0.00 secs] 
2024-10-04T03:02:02.235+0300: 1011.392: Total time for which application threads were stopped: 0.0057419 seconds, Stopping threads took: 0.0001689 seconds
2024-10-04T03:02:02.590+0300: 1011.739: Application time: 0.3473006 seconds
2024-10-04T03:02:02.590+0300: 1011.739: [GC (Allocation Failure) 2024-10-04T03:02:02.590+0300: 1011.739: [DefNew: 1126200K->5548K(1258304K), 0.0037057 secs] 1143930K->23279K(4054528K), 0.0037705 secs] [Times: user=0.00 sys=0.00, real=0.01 secs] 
2024-10-04T03:02:02.596+0300: 1011.743: Total time for which application threads were stopped: 0.0040548 seconds, Stopping threads took: 0.0001473 seconds
2024-10-04T03:02:02.941+0300: 1012.095: Application time: 0.3513745 seconds
2024-10-04T03:02:02.941+0300: 1012.095: [GC (Allocation Failure) 2024-10-04T03:02:02.941+0300: 1012.095: [DefNew: 1124076K->5496K(1258304K), 0.0033409 secs] 1141807K->23227K(4054528K), 0.0034063 secs] [Times: user=0.00 sys=0.00, real=0.00 secs] 
2024-10-04T03:02:02.941+0300: 1012.098: Total time for which application threads were stopped: 0.0037403 seconds, Stopping threads took: 0.0002054 seconds
2024-10-04T03:02:03.292+0300: 1012.442: Application time: 0.3436282 seconds
2024-10-04T03:02:03.292+0300: 1012.442: [GC (Allocation Failure) 2024-10-04T03:02:03.292+0300: 1012.442: [DefNew: 1124024K->7540K(1258304K), 0.0060255 secs] 1141755K->25272K(4054528K), 0.0060944 secs] [Times: user=0.00 sys=0.00, real=0.01 secs] 
2024-10-04T03:02:03.302+0300: 1012.448: Total time for which application threads were stopped: 0.0063609 seconds, Stopping threads took: 0.0001394 seconds
2024-10-04T03:02:03.632+0300: 1012.789: Application time: 0.3409929 seconds
2024-10-04T03:02:03.632+0300: 1012.790: [GC (Allocation Failure) 2024-10-04T03:02:03.632+0300: 1012.790: [DefNew: 1126068K->5692K(1258304K), 0.0036568 secs] 1143800K->23424K(4054528K), 0.0037518 secs] [Times: user=0.02 sys=0.00, real=0.02 secs] 
2024-10-04T03:02:03.647+0300: 1012.793: Total time for which application threads were stopped: 0.0040040 seconds, Stopping threads took: 0.0001252 seconds
2024-10-04T03:02:03.994+0300: 1013.150: Application time: 0.3570075 seconds
2024-10-04T03:02:03.994+0300: 1013.151: [GC (Allocation Failure) 2024-10-04T03:02:03.994+0300: 1013.151: [DefNew: 1124220K->5638K(1258304K), 0.0038699 secs] 1141952K->23371K(4054528K), 0.0039445 secs] [Times: user=0.01 sys=0.00, real=0.02 secs] 
2024-10-04T03:02:04.009+0300: 1013.155: Total time for which application threads were stopped: 0.0042442 seconds, Stopping threads took: 0.0001691 seconds
2024-10-04T03:02:04.354+0300: 1013.507: Application time: 0.3519779 seconds
2024-10-04T03:02:04.354+0300: 1013.507: [GC (Allocation Failure) 2024-10-04T03:02:04.354+0300: 1013.507: [DefNew: 1124166K->5579K(1258304K), 0.0039236 secs] 1141899K->23311K(4054528K), 0.0040029 secs] [Times: user=0.00 sys=0.00, real=0.01 secs] 
2024-10-04T03:02:04.365+0300: 1013.511: Total time for which application threads were stopped: 0.0043444 seconds, Stopping threads took: 0.0001960 seconds
2024-10-04T03:02:04.699+0300: 1013.852: Application time: 0.3409615 seconds
2024-10-04T03:02:04.699+0300: 1013.852: [GC (Allocation Failure) 2024-10-04T03:02:04.699+0300: 1013.852: [DefNew: 1124107K->5489K(1258304K), 0.0033658 secs] 1141839K->23222K(4054528K), 0.0034423 secs] [Times: user=0.00 sys=0.00, real=0.00 secs] 
2024-10-04T03:02:04.699+0300: 1013.856: Total time for which application threads were stopped: 0.0037871 seconds, Stopping threads took: 0.0002195 seconds
2024-10-04T03:02:05.044+0300: 1014.202: Application time: 0.3468110 seconds
2024-10-04T03:02:05.044+0300: 1014.203: [GC (Allocation Failure) 2024-10-04T03:02:05.044+0300: 1014.203: [DefNew: 1124017K->8335K(1258304K), 0.0060781 secs] 1141750K->26068K(4054528K), 0.0061952 secs] [Times: user=0.00 sys=0.00, real=0.02 secs] 
2024-10-04T03:02:05.060+0300: 1014.209: Total time for which application threads were stopped: 0.0065316 seconds, Stopping threads took: 0.0001360 seconds
2024-10-04T03:02:05.397+0300: 1014.549: Application time: 0.3402178 seconds
2024-10-04T03:02:05.397+0300: 1014.549: [GC (Allocation Failure) 2024-10-04T03:02:05.397+0300: 1014.549: [DefNew: 1126863K->7387K(1258304K), 0.0049278 secs] 1144596K->25121K(4054528K), 0.0050064 secs] [Times: user=0.00 sys=0.00, real=0.01 secs] 
2024-10-04T03:02:05.406+0300: 1014.554: Total time for which application threads were stopped: 0.0052959 seconds, Stopping threads took: 0.0001414 seconds
2024-10-04T03:02:05.751+0300: 1014.905: Application time: 0.3508066 seconds
2024-10-04T03:02:05.751+0300: 1014.906: [GC (Allocation Failure) 2024-10-04T03:02:05.751+0300: 1014.906: [DefNew: 1125915K->5572K(1258304K), 0.0032230 secs] 1143649K->23306K(4054528K), 0.0032941 secs] [Times: user=0.00 sys=0.00, real=0.00 secs] 
2024-10-04T03:02:05.751+0300: 1014.909: Total time for which application threads were stopped: 0.0035933 seconds, Stopping threads took: 0.0001782 seconds
2024-10-04T03:02:06.112+0300: 1015.264: Application time: 0.3546924 seconds
2024-10-04T03:02:06.112+0300: 1015.264: [GC (Allocation Failure) 2024-10-04T03:02:06.112+0300: 1015.264: [DefNew: 1124100K->5694K(1258304K), 0.0032998 secs] 1141834K->23428K(4054528K), 0.0033838 secs] [Times: user=0.00 sys=0.00, real=0.00 secs] 
2024-10-04T03:02:06.112+0300: 1015.267: Total time for which application threads were stopped: 0.0036688 seconds, Stopping threads took: 0.0001443 seconds
2024-10-04T03:02:06.457+0300: 1015.604: Application time: 0.3368263 seconds
2024-10-04T03:02:06.457+0300: 1015.604: [GC (Allocation Failure) 2024-10-04T03:02:06.457+0300: 1015.604: [DefNew: 1124222K->5706K(1258304K), 0.0037725 secs] 1141956K->23441K(4054528K), 0.0038630 secs] [Times: user=0.00 sys=0.00, real=0.00 secs] 
2024-10-04T03:02:06.457+0300: 1015.608: Total time for which application threads were stopped: 0.0041613 seconds, Stopping threads took: 0.0001534 seconds
2024-10-04T03:02:06.787+0300: 1015.945: Application time: 0.3371188 seconds
2024-10-04T03:02:06.800+0300: 1015.946: [GC (Allocation Failure) 2024-10-04T03:02:06.800+0300: 1015.946: [DefNew: 1124234K->8423K(1258304K), 0.0063053 secs] 1141969K->26158K(4054528K), 0.0063756 secs] [Times: user=0.00 sys=0.00, real=0.00 secs] 
2024-10-04T03:02:06.803+0300: 1015.952: Total time for which application threads were stopped: 0.0067323 seconds, Stopping threads took: 0.0002400 seconds
2024-10-04T03:02:07.148+0300: 1016.305: Application time: 0.3533157 seconds
2024-10-04T03:02:07.148+0300: 1016.306: [GC (Allocation Failure) 2024-10-04T03:02:07.148+0300: 1016.306: [DefNew: 1126951K->5895K(1258304K), 0.0034643 secs] 1144686K->23631K(4054528K), 0.0035286 secs] [Times: user=0.00 sys=0.00, real=0.02 secs] 
2024-10-04T03:02:07.164+0300: 1016.309: Total time for which application threads were stopped: 0.0038717 seconds, Stopping threads took: 0.0002213 seconds
2024-10-04T03:02:07.509+0300: 1016.659: Application time: 0.3497454 seconds
2024-10-04T03:02:07.509+0300: 1016.659: [GC (Allocation Failure) 2024-10-04T03:02:07.509+0300: 1016.659: [DefNew: 1124423K->5647K(1258304K), 0.0033140 secs] 1142159K->23383K(4054528K), 0.0033876 secs] [Times: user=0.00 sys=0.00, real=0.00 secs] 
2024-10-04T03:02:07.509+0300: 1016.663: Total time for which application threads were stopped: 0.0037104 seconds, Stopping threads took: 0.0001909 seconds
2024-10-04T03:02:07.855+0300: 1017.004: Application time: 0.3409112 seconds
2024-10-04T03:02:07.855+0300: 1017.004: [GC (Allocation Failure) 2024-10-04T03:02:07.855+0300: 1017.004: [DefNew: 1124175K->5551K(1258304K), 0.0031399 secs] 1141911K->23287K(4054528K), 0.0032126 secs] [Times: user=0.00 sys=0.00, real=0.00 secs] 
2024-10-04T03:02:07.855+0300: 1017.007: Total time for which application threads were stopped: 0.0035020 seconds, Stopping threads took: 0.0001669 seconds
2024-10-04T03:02:08.204+0300: 1017.353: Application time: 0.3458207 seconds
2024-10-04T03:02:08.204+0300: 1017.353: [GC (Allocation Failure) 2024-10-04T03:02:08.204+0300: 1017.353: [DefNew: 1124079K->6011K(1258304K), 0.0033976 secs] 1141815K->23747K(4054528K), 0.0034750 secs] [Times: user=0.00 sys=0.00, real=0.00 secs] 
2024-10-04T03:02:08.204+0300: 1017.357: Total time for which application threads were stopped: 0.0037616 seconds, Stopping threads took: 0.0001613 seconds
2024-10-04T03:02:08.545+0300: 1017.696: Application time: 0.3392494 seconds
2024-10-04T03:02:08.545+0300: 1017.696: [GC (Allocation Failure) 2024-10-04T03:02:08.545+0300: 1017.696: [DefNew: 1124539K->11665K(1258304K), 0.0106928 secs] 1142275K->29402K(4054528K), 0.0107571 secs] [Times: user=0.00 sys=0.00, real=0.01 secs] 
2024-10-04T03:02:08.560+0300: 1017.707: Total time for which application threads were stopped: 0.0110443 seconds, Stopping threads took: 0.0001745 seconds
2024-10-04T03:02:08.906+0300: 1018.057: Application time: 0.3501944 seconds
2024-10-04T03:02:08.906+0300: 1018.058: [GC (Allocation Failure) 2024-10-04T03:02:08.906+0300: 1018.058: [DefNew: 1130193K->5827K(1258304K), 0.0034354 secs] 1147930K->23564K(4054528K), 0.0035131 secs] [Times: user=0.00 sys=0.00, real=0.00 secs] 
2024-10-04T03:02:08.906+0300: 1018.061: Total time for which application threads were stopped: 0.0037930 seconds, Stopping threads took: 0.0001327 seconds
2024-10-04T03:02:09.266+0300: 1018.412: Application time: 0.3507706 seconds
2024-10-04T03:02:09.266+0300: 1018.412: [GC (Allocation Failure) 2024-10-04T03:02:09.266+0300: 1018.412: [DefNew: 1124355K->5724K(1258304K), 0.0033159 secs] 1142092K->23462K(4054528K), 0.0033860 secs] [Times: user=0.00 sys=0.00, real=0.00 secs] 
2024-10-04T03:02:09.266+0300: 1018.416: Total time for which application threads were stopped: 0.0036793 seconds, Stopping threads took: 0.0001568 seconds
2024-10-04T03:02:09.612+0300: 1018.758: Application time: 0.3422600 seconds
2024-10-04T03:02:09.612+0300: 1018.758: [GC (Allocation Failure) 2024-10-04T03:02:09.612+0300: 1018.758: [DefNew: 1124252K->6175K(1258304K), 0.0035848 secs] 1141990K->23913K(4054528K), 0.0036537 secs] [Times: user=0.00 sys=0.00, real=0.00 secs] 
2024-10-04T03:02:09.612+0300: 1018.762: Total time for which application threads were stopped: 0.0039005 seconds, Stopping threads took: 0.0001166 seconds
2024-10-04T03:02:09.942+0300: 1019.100: Application time: 0.3378834 seconds
2024-10-04T03:02:09.942+0300: 1019.100: [GC (Allocation Failure) 2024-10-04T03:02:09.942+0300: 1019.100: [DefNew: 1124703K->5719K(1258304K), 0.0037967 secs] 1142441K->23456K(4054528K), 0.0038732 secs] [Times: user=0.00 sys=0.00, real=0.02 secs] 
2024-10-04T03:02:09.958+0300: 1019.104: Total time for which application threads were stopped: 0.0042579 seconds, Stopping threads took: 0.0002278 seconds
2024-10-04T03:02:10.304+0300: 1019.449: Application time: 0.3449228 seconds
2024-10-04T03:02:10.304+0300: 1019.449: [GC (Allocation Failure) 2024-10-04T03:02:10.304+0300: 1019.451: [DefNew: 1124247K->9185K(1258304K), 0.0076117 secs] 1141984K->26923K(4054528K), 0.0098440 secs] [Times: user=0.00 sys=0.00, real=0.01 secs] 
2024-10-04T03:02:10.309+0300: 1019.459: Total time for which application threads were stopped: 0.0102058 seconds, Stopping threads took: 0.0002149 seconds
2024-10-04T03:02:10.650+0300: 1019.808: Application time: 0.3491249 seconds
2024-10-04T03:02:10.650+0300: 1019.808: [GC (Allocation Failure) 2024-10-04T03:02:10.650+0300: 1019.808: [DefNew: 1127713K->5559K(1258304K), 0.0033504 secs] 1145451K->23297K(4054528K), 0.0034222 secs] [Times: user=0.00 sys=0.00, real=0.01 secs] 
2024-10-04T03:02:10.665+0300: 1019.812: Total time for which application threads were stopped: 0.0037435 seconds, Stopping threads took: 0.0002043 seconds
2024-10-04T03:02:11.011+0300: 1020.157: Application time: 0.3452369 seconds
2024-10-04T03:02:11.011+0300: 1020.157: [GC (Allocation Failure) 2024-10-04T03:02:11.011+0300: 1020.157: [DefNew: 1124087K->5566K(1258304K), 0.0033860 secs] 1141825K->23305K(4054528K), 0.0034538 secs] [Times: user=0.00 sys=0.00, real=0.00 secs] 
2024-10-04T03:02:11.011+0300: 1020.161: Total time for which application threads were stopped: 0.0037435 seconds, Stopping threads took: 0.0001380 seconds
2024-10-04T03:02:11.341+0300: 1020.499: Application time: 0.3378550 seconds
2024-10-04T03:02:11.341+0300: 1020.499: [GC (Allocation Failure) 2024-10-04T03:02:11.341+0300: 1020.499: [DefNew: 1124094K->5637K(1258304K), 0.0033510 secs] 1141833K->23376K(4054528K), 0.0034266 secs] [Times: user=0.00 sys=0.00, real=0.01 secs] 
2024-10-04T03:02:11.356+0300: 1020.502: Total time for which application threads were stopped: 0.0037442 seconds, Stopping threads took: 0.0001943 seconds
2024-10-04T03:02:11.686+0300: 1020.841: Application time: 0.3385299 seconds
2024-10-04T03:02:11.686+0300: 1020.841: [GC (Allocation Failure) 2024-10-04T03:02:11.686+0300: 1020.841: [DefNew: 1124165K->8182K(1258304K), 0.0055375 secs] 1141904K->25921K(4054528K), 0.0056079 secs] [Times: user=0.00 sys=0.00, real=0.01 secs] 
2024-10-04T03:02:11.701+0300: 1020.847: Total time for which application threads were stopped: 0.0059164 seconds, Stopping threads took: 0.0001885 seconds
2024-10-04T03:02:12.048+0300: 1021.201: Application time: 0.3538775 seconds
2024-10-04T03:02:12.048+0300: 1021.201: [GC (Allocation Failure) 2024-10-04T03:02:12.048+0300: 1021.201: [DefNew: 1126710K->8064K(1258304K), 0.0052781 secs] 1144449K->25804K(4054528K), 0.0053563 secs] [Times: user=0.00 sys=0.00, real=0.00 secs] 
2024-10-04T03:02:12.048+0300: 1021.206: Total time for which application threads were stopped: 0.0056731 seconds, Stopping threads took: 0.0001574 seconds
2024-10-04T03:02:12.393+0300: 1021.549: Application time: 0.3428425 seconds
2024-10-04T03:02:12.393+0300: 1021.550: [GC (Allocation Failure) 2024-10-04T03:02:12.393+0300: 1021.550: [DefNew: 1126592K->5530K(1258304K), 0.0031984 secs] 1144332K->23270K(4054528K), 0.0032826 secs] [Times: user=0.00 sys=0.00, real=0.00 secs] 
2024-10-04T03:02:12.393+0300: 1021.553: Total time for which application threads were stopped: 0.0036108 seconds, Stopping threads took: 0.0001987 seconds
2024-10-04T03:02:12.754+0300: 1021.900: Application time: 0.3469217 seconds
2024-10-04T03:02:12.754+0300: 1021.900: [GC (Allocation Failure) 2024-10-04T03:02:12.754+0300: 1021.900: [DefNew: 1124058K->5552K(1258304K), 0.0031383 secs] 1141798K->23292K(4054528K), 0.0032053 secs] [Times: user=0.00 sys=0.00, real=0.00 secs] 
2024-10-04T03:02:12.754+0300: 1021.903: Total time for which application threads were stopped: 0.0034531 seconds, Stopping threads took: 0.0001355 seconds
2024-10-04T03:02:13.099+0300: 1022.245: Application time: 0.3420871 seconds
2024-10-04T03:02:13.099+0300: 1022.246: [GC (Allocation Failure) 2024-10-04T03:02:13.099+0300: 1022.246: [DefNew: 1124080K->5467K(1258304K), 0.0031634 secs] 1141820K->23208K(4054528K), 0.0032333 secs] [Times: user=0.00 sys=0.00, real=0.00 secs] 
2024-10-04T03:02:13.099+0300: 1022.249: Total time for which application threads were stopped: 0.0035341 seconds, Stopping threads took: 0.0001752 seconds
2024-10-04T03:02:13.445+0300: 1022.592: Application time: 0.3435614 seconds
2024-10-04T03:02:13.445+0300: 1022.593: [GC (Allocation Failure) 2024-10-04T03:02:13.445+0300: 1022.593: [DefNew: 1123995K->7265K(1258304K), 0.0050480 secs] 1141736K->25006K(4054528K), 0.0051234 secs] [Times: user=0.00 sys=0.00, real=0.00 secs] 
2024-10-04T03:02:13.445+0300: 1022.598: Total time for which application threads were stopped: 0.0053958 seconds, Stopping threads took: 0.0001387 seconds
2024-10-04T03:02:13.791+0300: 1022.945: Application time: 0.3475856 seconds
2024-10-04T03:02:13.791+0300: 1022.946: [GC (Allocation Failure) 2024-10-04T03:02:13.791+0300: 1022.946: [DefNew: 1125793K->5576K(1258304K), 0.0032236 secs] 1143534K->23317K(4054528K), 0.0032941 secs] [Times: user=0.00 sys=0.00, real=0.00 secs] 
2024-10-04T03:02:13.791+0300: 1022.949: Total time for which application threads were stopped: 0.0035932 seconds, Stopping threads took: 0.0001802 seconds
2024-10-04T03:02:14.136+0300: 1023.296: Application time: 0.3474066 seconds
2024-10-04T03:02:14.136+0300: 1023.297: [GC (Allocation Failure) 2024-10-04T03:02:14.136+0300: 1023.297: [DefNew: 1124104K->7359K(1258304K), 0.0053934 secs] 1141845K->25101K(4054528K), 0.0054922 secs] [Times: user=0.00 sys=0.00, real=0.02 secs] 
2024-10-04T03:02:14.152+0300: 1023.302: Total time for which application threads were stopped: 0.0058341 seconds, Stopping threads took: 0.0001614 seconds
2024-10-04T03:02:14.481+0300: 1023.642: Application time: 0.3397269 seconds
2024-10-04T03:02:14.497+0300: 1023.642: [GC (Allocation Failure) 2024-10-04T03:02:14.497+0300: 1023.642: [DefNew: 1125887K->5625K(1258304K), 0.0033377 secs] 1143629K->23367K(4054528K), 0.0034227 secs] [Times: user=0.00 sys=0.00, real=0.00 secs] 
2024-10-04T03:02:14.497+0300: 1023.646: Total time for which application threads were stopped: 0.0037964 seconds, Stopping threads took: 0.0002273 seconds
2024-10-04T03:02:14.827+0300: 1023.983: Application time: 0.3370935 seconds
2024-10-04T03:02:14.827+0300: 1023.983: [GC (Allocation Failure) 2024-10-04T03:02:14.827+0300: 1023.983: [DefNew: 1124153K->6407K(1258304K), 0.0036254 secs] 1141895K->24150K(4054528K), 0.0036912 secs] [Times: user=0.00 sys=0.00, real=0.00 secs] 
2024-10-04T03:02:14.827+0300: 1023.987: Total time for which application threads were stopped: 0.0040639 seconds, Stopping threads took: 0.0002450 seconds
2024-10-04T03:02:15.187+0300: 1024.334: Application time: 0.3472781 seconds
2024-10-04T03:02:15.187+0300: 1024.334: [GC (Allocation Failure) 2024-10-04T03:02:15.187+0300: 1024.335: [DefNew: 1124935K->5620K(1258304K), 0.0032597 secs] 1142678K->23362K(4054528K), 0.0033274 secs] [Times: user=0.00 sys=0.00, real=0.00 secs] 
2024-10-04T03:02:15.187+0300: 1024.338: Total time for which application threads were stopped: 0.0035922 seconds, Stopping threads took: 0.0001368 seconds
2024-10-04T03:02:15.533+0300: 1024.683: Application time: 0.3452561 seconds
2024-10-04T03:02:15.533+0300: 1024.683: [GC (Allocation Failure) 2024-10-04T03:02:15.533+0300: 1024.683: [DefNew: 1124148K->5740K(1258304K), 0.0034104 secs] 1141890K->23483K(4054528K), 0.0035168 secs] [Times: user=0.00 sys=0.00, real=0.00 secs] 
2024-10-04T03:02:15.533+0300: 1024.687: Total time for which application threads were stopped: 0.0037982 seconds, Stopping threads took: 0.0001408 seconds
2024-10-04T03:02:15.878+0300: 1025.035: Application time: 0.3483527 seconds
2024-10-04T03:02:15.878+0300: 1025.036: [GC (Allocation Failure) 2024-10-04T03:02:15.878+0300: 1025.036: [DefNew: 1124268K->5632K(1258304K), 0.0037293 secs] 1142011K->23375K(4054528K), 0.0038018 secs] [Times: user=0.00 sys=0.00, real=0.02 secs] 
2024-10-04T03:02:15.894+0300: 1025.039: Total time for which application threads were stopped: 0.0042137 seconds, Stopping threads took: 0.0002598 seconds
2024-10-04T03:02:16.224+0300: 1025.384: Application time: 0.3440627 seconds
2024-10-04T03:02:16.224+0300: 1025.384: [GC (Allocation Failure) 2024-10-04T03:02:16.224+0300: 1025.384: [DefNew: 1124160K->5603K(1258304K), 0.0033613 secs] 1141903K->23346K(4054528K), 0.0034441 secs] [Times: user=0.00 sys=0.00, real=0.02 secs] 
2024-10-04T03:02:16.239+0300: 1025.387: Total time for which application threads were stopped: 0.0037423 seconds, Stopping threads took: 0.0001614 seconds
2024-10-04T03:02:16.569+0300: 1025.724: Application time: 0.3368065 seconds
2024-10-04T03:02:16.569+0300: 1025.724: [GC (Allocation Failure) 2024-10-04T03:02:16.569+0300: 1025.724: [DefNew: 1124131K->7630K(1258304K), 0.0051666 secs] 1141874K->25373K(4054528K), 0.0052422 secs] [Times: user=0.00 sys=0.00, real=0.00 secs] 
2024-10-04T03:02:16.569+0300: 1025.730: Total time for which application threads were stopped: 0.0055195 seconds, Stopping threads took: 0.0001395 seconds
2024-10-04T03:02:16.930+0300: 1026.082: Application time: 0.3525183 seconds
2024-10-04T03:02:16.930+0300: 1026.082: [GC (Allocation Failure) 2024-10-04T03:02:16.930+0300: 1026.082: [DefNew: 1126158K->7684K(1258304K), 0.0050647 secs] 1143901K->25428K(4054528K), 0.0051417 secs] [Times: user=0.00 sys=0.00, real=0.00 secs] 
2024-10-04T03:02:16.930+0300: 1026.088: Total time for which application threads were stopped: 0.0054442 seconds, Stopping threads took: 0.0001703 seconds
2024-10-04T03:02:17.292+0300: 1026.439: Application time: 0.3514051 seconds
2024-10-04T03:02:17.292+0300: 1026.439: [GC (Allocation Failure) 2024-10-04T03:02:17.292+0300: 1026.439: [DefNew: 1126212K->5827K(1258304K), 0.0034607 secs] 1143956K->23572K(4054528K), 0.0035371 secs] [Times: user=0.00 sys=0.00, real=0.00 secs] 
2024-10-04T03:02:17.292+0300: 1026.443: Total time for which application threads were stopped: 0.0038340 seconds, Stopping threads took: 0.0001638 seconds
2024-10-04T03:02:17.637+0300: 1026.784: Application time: 0.3415664 seconds
2024-10-04T03:02:17.637+0300: 1026.785: [GC (Allocation Failure) 2024-10-04T03:02:17.637+0300: 1026.785: [DefNew: 1124355K->5587K(1258304K), 0.0033192 secs] 1142100K->23332K(4054528K), 0.0033952 secs] [Times: user=0.00 sys=0.00, real=0.00 secs] 
2024-10-04T03:02:17.637+0300: 1026.788: Total time for which application threads were stopped: 0.0036490 seconds, Stopping threads took: 0.0001345 seconds
2024-10-04T03:02:17.982+0300: 1027.131: Application time: 0.3425692 seconds
2024-10-04T03:02:17.982+0300: 1027.131: [GC (Allocation Failure) 2024-10-04T03:02:17.982+0300: 1027.131: [DefNew: 1124115K->7389K(1258304K), 0.0050051 secs] 1141860K->25134K(4054528K), 0.0050795 secs] [Times: user=0.00 sys=0.00, real=0.00 secs] 
2024-10-04T03:02:17.982+0300: 1027.136: Total time for which application threads were stopped: 0.0054953 seconds, Stopping threads took: 0.0002518 seconds
2024-10-04T03:02:18.312+0300: 1027.472: Application time: 0.3361964 seconds
2024-10-04T03:02:18.327+0300: 1027.473: [GC (Allocation Failure) 2024-10-04T03:02:18.327+0300: 1027.473: [DefNew: 1125917K->10755K(1258304K), 0.0102480 secs] 1143662K->28500K(4054528K), 0.0103320 secs] [Times: user=0.00 sys=0.00, real=0.00 secs] 
2024-10-04T03:02:18.328+0300: 1027.483: Total time for which application threads were stopped: 0.0106367 seconds, Stopping threads took: 0.0001669 seconds
2024-10-04T03:02:18.673+0300: 1027.833: Application time: 0.3499353 seconds
2024-10-04T03:02:18.673+0300: 1027.833: [GC (Allocation Failure) 2024-10-04T03:02:18.673+0300: 1027.833: [DefNew: 1129283K->5428K(1258304K), 0.0030358 secs] 1147028K->23174K(4054528K), 0.0031082 secs] [Times: user=0.00 sys=0.00, real=0.02 secs] 
2024-10-04T03:02:18.689+0300: 1027.836: Total time for which application threads were stopped: 0.0034404 seconds, Stopping threads took: 0.0002109 seconds
2024-10-04T03:02:19.034+0300: 1028.194: Application time: 0.3579994 seconds
2024-10-04T03:02:19.049+0300: 1028.195: [GC (Allocation Failure) 2024-10-04T03:02:19.049+0300: 1028.195: [DefNew: 1123956K->5681K(1258304K), 0.0032950 secs] 1141702K->23427K(4054528K), 0.0033757 secs] [Times: user=0.00 sys=0.00, real=0.00 secs] 
2024-10-04T03:02:19.049+0300: 1028.198: Total time for which application threads were stopped: 0.0037768 seconds, Stopping threads took: 0.0002708 seconds
2024-10-04T03:02:19.379+0300: 1028.536: Application time: 0.3374456 seconds
2024-10-04T03:02:19.379+0300: 1028.536: [GC (Allocation Failure) 2024-10-04T03:02:19.379+0300: 1028.536: [DefNew: 1124209K->5698K(1258304K), 0.0034014 secs] 1141955K->23444K(4054528K), 0.0034823 secs] [Times: user=0.00 sys=0.00, real=0.00 secs] 
2024-10-04T03:02:19.379+0300: 1028.539: Total time for which application threads were stopped: 0.0038329 seconds, Stopping threads took: 0.0002141 seconds
2024-10-04T03:02:19.724+0300: 1028.874: Application time: 0.3344551 seconds
2024-10-04T03:02:19.724+0300: 1028.874: [GC (Allocation Failure) 2024-10-04T03:02:19.724+0300: 1028.874: [DefNew: 1124226K->5673K(1258304K), 0.0032656 secs] 1141972K->23420K(4054528K), 0.0033291 secs] [Times: user=0.00 sys=0.00, real=0.01 secs] 
2024-10-04T03:02:19.732+0300: 1028.878: Total time for which application threads were stopped: 0.0036386 seconds, Stopping threads took: 0.0001920 seconds
2024-10-04T03:02:20.070+0300: 1029.230: Application time: 0.3529449 seconds
2024-10-04T03:02:20.070+0300: 1029.231: [GC (Allocation Failure) 2024-10-04T03:02:20.070+0300: 1029.231: [DefNew: 1124201K->7222K(1258304K), 0.0050376 secs] 1141948K->24969K(4054528K), 0.0051220 secs] [Times: user=0.00 sys=0.00, real=0.02 secs] 
2024-10-04T03:02:20.086+0300: 1029.236: Total time for which application threads were stopped: 0.0054270 seconds, Stopping threads took: 0.0001736 seconds
2024-10-04T03:02:20.434+0300: 1029.585: Application time: 0.3489006 seconds
2024-10-04T03:02:20.434+0300: 1029.585: [GC (Allocation Failure) 2024-10-04T03:02:20.434+0300: 1029.585: [DefNew: 1125750K->5428K(1258304K), 0.0030724 secs] 1143497K->23175K(4054528K), 0.0031378 secs] [Times: user=0.00 sys=0.00, real=0.00 secs] 
2024-10-04T03:02:20.434+0300: 1029.588: Total time for which application threads were stopped: 0.0034674 seconds, Stopping threads took: 0.0002068 seconds
2024-10-04T03:02:20.776+0300: 1029.933: Application time: 0.3451667 seconds
2024-10-04T03:02:20.776+0300: 1029.934: [GC (Allocation Failure) 2024-10-04T03:02:20.776+0300: 1029.934: [DefNew: 1123956K->5530K(1258304K), 0.0031596 secs] 1141703K->23277K(4054528K), 0.0032280 secs] [Times: user=0.00 sys=0.00, real=0.00 secs] 
2024-10-04T03:02:20.776+0300: 1029.937: Total time for which application threads were stopped: 0.0035466 seconds, Stopping threads took: 0.0001981 seconds
2024-10-04T03:02:21.138+0300: 1030.285: Application time: 0.3475435 seconds
2024-10-04T03:02:21.138+0300: 1030.285: [GC (Allocation Failure) 2024-10-04T03:02:21.138+0300: 1030.285: [DefNew: 1124058K->7400K(1258304K), 0.0055482 secs] 1141805K->25148K(4054528K), 0.0056182 secs] [Times: user=0.00 sys=0.00, real=0.00 secs] 
2024-10-04T03:02:21.138+0300: 1030.290: Total time for which application threads were stopped: 0.0058710 seconds, Stopping threads took: 0.0001105 seconds
2024-10-04T03:02:21.467+0300: 1030.625: Application time: 0.3345018 seconds
2024-10-04T03:02:21.467+0300: 1030.625: [GC (Allocation Failure) 2024-10-04T03:02:21.467+0300: 1030.625: [DefNew: 1125928K->8180K(1258304K), 0.0057446 secs] 1143676K->25928K(4054528K), 0.0058279 secs] [Times: user=0.00 sys=0.00, real=0.02 secs] 
2024-10-04T03:02:21.483+0300: 1030.631: Total time for which application threads were stopped: 0.0061538 seconds, Stopping threads took: 0.0002073 seconds
2024-10-04T03:02:21.836+0300: 1030.982: Application time: 0.3504892 seconds
2024-10-04T03:02:21.836+0300: 1030.982: [GC (Allocation Failure) 2024-10-04T03:02:21.836+0300: 1030.982: [DefNew: 1126708K->5848K(1258304K), 0.0035150 secs] 1144456K->23596K(4054528K), 0.0035959 secs] [Times: user=0.00 sys=0.00, real=0.00 secs] 
2024-10-04T03:02:21.840+0300: 1030.985: Total time for which application threads were stopped: 0.0039242 seconds, Stopping threads took: 0.0001963 seconds
2024-10-04T03:02:22.189+0300: 1031.343: Application time: 0.3576160 seconds
2024-10-04T03:02:22.189+0300: 1031.343: [GC (Allocation Failure) 2024-10-04T03:02:22.189+0300: 1031.343: [DefNew: 1124376K->5659K(1258304K), 0.0032626 secs] 1142124K->23408K(4054528K), 0.0033309 secs] [Times: user=0.00 sys=0.00, real=0.00 secs] 
2024-10-04T03:02:22.189+0300: 1031.347: Total time for which application threads were stopped: 0.0036449 seconds, Stopping threads took: 0.0001940 seconds
2024-10-04T03:02:22.539+0300: 1031.684: Application time: 0.3376923 seconds
2024-10-04T03:02:22.539+0300: 1031.685: [GC (Allocation Failure) 2024-10-04T03:02:22.539+0300: 1031.685: [DefNew: 1124187K->5922K(1258304K), 0.0033940 secs] 1141936K->23671K(4054528K), 0.0034740 secs] [Times: user=0.00 sys=0.00, real=0.00 secs] 
2024-10-04T03:02:22.539+0300: 1031.688: Total time for which application threads were stopped: 0.0037803 seconds, Stopping threads took: 0.0001730 seconds
2024-10-04T03:02:22.880+0300: 1032.027: Application time: 0.3383651 seconds
2024-10-04T03:02:22.880+0300: 1032.027: [GC (Allocation Failure) 2024-10-04T03:02:22.880+0300: 1032.027: [DefNew: 1124450K->6958K(1258304K), 0.0052847 secs] 1142199K->24708K(4054528K), 0.0053504 secs] [Times: user=0.00 sys=0.00, real=0.00 secs] 
2024-10-04T03:02:22.880+0300: 1032.032: Total time for which application threads were stopped: 0.0055768 seconds, Stopping threads took: 0.0001246 seconds
2024-10-04T03:02:23.225+0300: 1032.374: Application time: 0.3422348 seconds
2024-10-04T03:02:23.225+0300: 1032.375: [GC (Allocation Failure) 2024-10-04T03:02:23.225+0300: 1032.375: [DefNew: 1125486K->5957K(1258304K), 0.0033891 secs] 1143236K->23707K(4054528K), 0.0034623 secs] [Times: user=0.00 sys=0.00, real=0.00 secs] 
2024-10-04T03:02:23.225+0300: 1032.378: Total time for which application threads were stopped: 0.0037464 seconds, Stopping threads took: 0.0001670 seconds
2024-10-04T03:02:23.571+0300: 1032.728: Application time: 0.3501066 seconds
2024-10-04T03:02:23.571+0300: 1032.729: [GC (Allocation Failure) 2024-10-04T03:02:23.571+0300: 1032.729: [DefNew: 1124485K->5641K(1258304K), 0.0033067 secs] 1142235K->23391K(4054528K), 0.0033769 secs] [Times: user=0.00 sys=0.00, real=0.02 secs] 
2024-10-04T03:02:23.587+0300: 1032.732: Total time for which application threads were stopped: 0.0037128 seconds, Stopping threads took: 0.0002032 seconds
2024-10-04T03:02:23.932+0300: 1033.084: Application time: 0.3520007 seconds
2024-10-04T03:02:23.932+0300: 1033.084: [GC (Allocation Failure) 2024-10-04T03:02:23.932+0300: 1033.084: [DefNew: 1124169K->5632K(1258304K), 0.0033544 secs] 1141919K->23382K(4054528K), 0.0034274 secs] [Times: user=0.00 sys=0.00, real=0.01 secs] 
2024-10-04T03:02:23.942+0300: 1033.088: Total time for which application threads were stopped: 0.0037607 seconds, Stopping threads took: 0.0001952 seconds
2024-10-04T03:02:24.261+0300: 1033.422: Application time: 0.3339896 seconds
2024-10-04T03:02:24.261+0300: 1033.422: [GC (Allocation Failure) 2024-10-04T03:02:24.261+0300: 1033.422: [DefNew: 1124160K->5503K(1258304K), 0.0032368 secs] 1141910K->23254K(4054528K), 0.0033173 secs] [Times: user=0.00 sys=0.00, real=0.02 secs] 
2024-10-04T03:02:24.277+0300: 1033.425: Total time for which application threads were stopped: 0.0036139 seconds, Stopping threads took: 0.0001700 seconds
2024-10-04T03:02:24.607+0300: 1033.766: Application time: 0.3403790 seconds
2024-10-04T03:02:24.607+0300: 1033.766: [GC (Allocation Failure) 2024-10-04T03:02:24.607+0300: 1033.766: [DefNew: 1124031K->5865K(1258304K), 0.0034254 secs] 1141782K->23616K(4054528K), 0.0034970 secs] [Times: user=0.00 sys=0.00, real=0.01 secs] 
2024-10-04T03:02:24.622+0300: 1033.770: Total time for which application threads were stopped: 0.0038087 seconds, Stopping threads took: 0.0001902 seconds
2024-10-04T03:02:24.968+0300: 1034.122: Application time: 0.3525958 seconds
2024-10-04T03:02:24.968+0300: 1034.122: [GC (Allocation Failure) 2024-10-04T03:02:24.968+0300: 1034.122: [DefNew: 1124393K->5616K(1258304K), 0.0032099 secs] 1142144K->23367K(4054528K), 0.0032790 secs] [Times: user=0.00 sys=0.00, real=0.00 secs] 
2024-10-04T03:02:24.968+0300: 1034.126: Total time for which application threads were stopped: 0.0035790 seconds, Stopping threads took: 0.0001812 seconds
2024-10-04T03:02:25.313+0300: 1034.467: Application time: 0.3416454 seconds
2024-10-04T03:02:25.313+0300: 1034.468: [GC (Allocation Failure) 2024-10-04T03:02:25.313+0300: 1034.468: [DefNew: 1124144K->5531K(1258304K), 0.0031665 secs] 1141895K->23282K(4054528K), 0.0032361 secs] [Times: user=0.00 sys=0.00, real=0.00 secs] 
2024-10-04T03:02:25.313+0300: 1034.471: Total time for which application threads were stopped: 0.0035386 seconds, Stopping threads took: 0.0001808 seconds
2024-10-04T03:02:25.659+0300: 1034.813: Application time: 0.3418300 seconds
2024-10-04T03:02:25.659+0300: 1034.813: [GC (Allocation Failure) 2024-10-04T03:02:25.659+0300: 1034.813: [DefNew: 1124059K->5755K(1258304K), 0.0034237 secs] 1141810K->23507K(4054528K), 0.0034986 secs] [Times: user=0.00 sys=0.00, real=0.00 secs] 
2024-10-04T03:02:25.659+0300: 1034.817: Total time for which application threads were stopped: 0.0038113 seconds, Stopping threads took: 0.0001827 seconds
2024-10-04T03:02:26.004+0300: 1035.159: Application time: 0.3419580 seconds
2024-10-04T03:02:26.004+0300: 1035.159: [GC (Allocation Failure) 2024-10-04T03:02:26.004+0300: 1035.159: [DefNew: 1124283K->6161K(1258304K), 0.0037362 secs] 1142035K->23913K(4054528K), 0.0038124 secs] [Times: user=0.00 sys=0.00, real=0.00 secs] 
2024-10-04T03:02:26.004+0300: 1035.163: Total time for which application threads were stopped: 0.0042353 seconds, Stopping threads took: 0.0002649 seconds
2024-10-04T03:02:26.350+0300: 1035.502: Application time: 0.3396717 seconds
2024-10-04T03:02:26.350+0300: 1035.503: [GC (Allocation Failure) 2024-10-04T03:02:26.350+0300: 1035.503: [DefNew: 1124689K->6290K(1258304K), 0.0036614 secs] 1142441K->24043K(4054528K), 0.0037379 secs] [Times: user=0.00 sys=0.00, real=0.00 secs] 
2024-10-04T03:02:26.350+0300: 1035.507: Total time for which application threads were stopped: 0.0041095 seconds, Stopping threads took: 0.0002373 seconds
2024-10-04T03:02:26.695+0300: 1035.852: Application time: 0.3456562 seconds
2024-10-04T03:02:26.695+0300: 1035.853: [GC (Allocation Failure) 2024-10-04T03:02:26.695+0300: 1035.853: [DefNew: 1124818K->5984K(1258304K), 0.0035771 secs] 1142571K->23736K(4054528K), 0.0036764 secs] [Times: user=0.01 sys=0.00, real=0.02 secs] 
2024-10-04T03:02:26.710+0300: 1035.856: Total time for which application threads were stopped: 0.0040727 seconds, Stopping threads took: 0.0002412 seconds
2024-10-04T03:02:27.056+0300: 1036.211: Application time: 0.3549803 seconds
2024-10-04T03:02:27.056+0300: 1036.212: [GC (Allocation Failure) 2024-10-04T03:02:27.056+0300: 1036.212: [DefNew: 1124512K->5617K(1258304K), 0.0032654 secs] 1142264K->23370K(4054528K), 0.0033381 secs] [Times: user=0.00 sys=0.00, real=0.00 secs] 
2024-10-04T03:02:27.056+0300: 1036.215: Total time for which application threads were stopped: 0.0036912 seconds, Stopping threads took: 0.0002305 seconds
2024-10-04T03:02:27.401+0300: 1036.551: Application time: 0.3361135 seconds
2024-10-04T03:02:27.401+0300: 1036.551: [GC (Allocation Failure) 2024-10-04T03:02:27.401+0300: 1036.551: [DefNew: 1124145K->5737K(1258304K), 0.0032417 secs] 1141898K->23490K(4054528K), 0.0033238 secs] [Times: user=0.00 sys=0.00, real=0.00 secs] 
2024-10-04T03:02:27.401+0300: 1036.555: Total time for which application threads were stopped: 0.0035989 seconds, Stopping threads took: 0.0001627 seconds
2024-10-04T03:02:27.730+0300: 1036.890: Application time: 0.3355268 seconds
2024-10-04T03:02:27.730+0300: 1036.890: [GC (Allocation Failure) 2024-10-04T03:02:27.730+0300: 1036.890: [DefNew: 1124265K->9484K(1258304K), 0.0076201 secs] 1142018K->27238K(4054528K), 0.0076930 secs] [Times: user=0.00 sys=0.00, real=0.02 secs] 
2024-10-04T03:02:27.751+0300: 1036.898: Total time for which application threads were stopped: 0.0079985 seconds, Stopping threads took: 0.0001916 seconds
2024-10-04T03:02:28.091+0300: 1037.248: Application time: 0.3495916 seconds
2024-10-04T03:02:28.091+0300: 1037.248: [GC (Allocation Failure) 2024-10-04T03:02:28.091+0300: 1037.248: [DefNew: 1128012K->7256K(1258304K), 0.0051465 secs] 1145766K->25010K(4054528K), 0.0052175 secs] [Times: user=0.00 sys=0.00, real=0.02 secs] 
2024-10-04T03:02:28.107+0300: 1037.253: Total time for which application threads were stopped: 0.0056031 seconds, Stopping threads took: 0.0002537 seconds
2024-10-04T03:02:28.452+0300: 1037.602: Application time: 0.3484887 seconds
2024-10-04T03:02:28.452+0300: 1037.602: [GC (Allocation Failure) 2024-10-04T03:02:28.452+0300: 1037.602: [DefNew: 1125784K->5602K(1258304K), 0.0032835 secs] 1143538K->23356K(4054528K), 0.0033543 secs] [Times: user=0.00 sys=0.00, real=0.00 secs] 
2024-10-04T03:02:28.452+0300: 1037.606: Total time for which application threads were stopped: 0.0036701 seconds, Stopping threads took: 0.0001811 seconds
2024-10-04T03:02:28.798+0300: 1037.945: Application time: 0.3395773 seconds
2024-10-04T03:02:28.798+0300: 1037.945: [GC (Allocation Failure) 2024-10-04T03:02:28.798+0300: 1037.945: [DefNew: 1124130K->5526K(1258304K), 0.0032027 secs] 1141884K->23281K(4054528K), 0.0032708 secs] [Times: user=0.00 sys=0.00, real=0.00 secs] 
2024-10-04T03:02:28.798+0300: 1037.949: Total time for which application threads were stopped: 0.0035466 seconds, Stopping threads took: 0.0001528 seconds
2024-10-04T03:02:29.143+0300: 1038.293: Application time: 0.3445237 seconds
2024-10-04T03:02:29.143+0300: 1038.293: [GC (Allocation Failure) 2024-10-04T03:02:29.143+0300: 1038.294: [DefNew: 1124054K->5593K(1258304K), 0.0032040 secs] 1141809K->23348K(4054528K), 0.0032831 secs] [Times: user=0.00 sys=0.00, real=0.00 secs] 
2024-10-04T03:02:29.143+0300: 1038.297: Total time for which application threads were stopped: 0.0035929 seconds, Stopping threads took: 0.0001641 seconds
2024-10-04T03:02:29.488+0300: 1038.640: Application time: 0.3432311 seconds
2024-10-04T03:02:29.488+0300: 1038.640: [GC (Allocation Failure) 2024-10-04T03:02:29.488+0300: 1038.640: [DefNew: 1124121K->6005K(1258304K), 0.0037645 secs] 1141876K->23760K(4054528K), 0.0038377 secs] [Times: user=0.00 sys=0.00, real=0.00 secs] 
2024-10-04T03:02:29.488+0300: 1038.644: Total time for which application threads were stopped: 0.0041420 seconds, Stopping threads took: 0.0001786 seconds
2024-10-04T03:02:29.834+0300: 1038.987: Application time: 0.3426155 seconds
2024-10-04T03:02:29.834+0300: 1038.987: [GC (Allocation Failure) 2024-10-04T03:02:29.834+0300: 1038.987: [DefNew: 1124533K->5966K(1258304K), 0.0034106 secs] 1142288K->23722K(4054528K), 0.0034892 secs] [Times: user=0.00 sys=0.00, real=0.00 secs] 
2024-10-04T03:02:29.834+0300: 1038.991: Total time for which application threads were stopped: 0.0038505 seconds, Stopping threads took: 0.0002227 seconds
2024-10-04T03:02:30.195+0300: 1039.343: Application time: 0.3519330 seconds
2024-10-04T03:02:30.195+0300: 1039.343: [GC (Allocation Failure) 2024-10-04T03:02:30.195+0300: 1039.343: [DefNew: 1124494K->5865K(1258304K), 0.0033308 secs] 1142250K->23621K(4054528K), 0.0034081 secs] [Times: user=0.00 sys=0.00, real=0.00 secs] 
2024-10-04T03:02:30.195+0300: 1039.346: Total time for which application threads were stopped: 0.0037574 seconds, Stopping threads took: 0.0002054 seconds
2024-10-04T03:02:30.540+0300: 1039.690: Application time: 0.3432068 seconds
2024-10-04T03:02:30.540+0300: 1039.690: [GC (Allocation Failure) 2024-10-04T03:02:30.540+0300: 1039.690: [DefNew: 1124393K->5616K(1258304K), 0.0032878 secs] 1142149K->23372K(4054528K), 0.0033595 secs] [Times: user=0.00 sys=0.00, real=0.00 secs] 
2024-10-04T03:02:30.540+0300: 1039.693: Total time for which application threads were stopped: 0.0037025 seconds, Stopping threads took: 0.0002154 seconds
2024-10-04T03:02:30.886+0300: 1040.031: Application time: 0.3379866 seconds
2024-10-04T03:02:30.886+0300: 1040.031: [GC (Allocation Failure) 2024-10-04T03:02:30.886+0300: 1040.034: [DefNew: 1124144K->5644K(1258304K), 0.0035688 secs] 1141900K->23401K(4054528K), 0.0060726 secs] [Times: user=0.00 sys=0.00, real=0.00 secs] 
2024-10-04T03:02:30.886+0300: 1040.038: Total time for which application threads were stopped: 0.0063564 seconds, Stopping threads took: 0.0001330 seconds
2024-10-04T03:02:31.231+0300: 1040.382: Application time: 0.3448228 seconds
2024-10-04T03:02:31.231+0300: 1040.383: [GC (Allocation Failure) 2024-10-04T03:02:31.231+0300: 1040.383: [DefNew: 1124172K->6368K(1258304K), 0.0036087 secs] 1141929K->24125K(4054528K), 0.0036869 secs] [Times: user=0.00 sys=0.00, real=0.00 secs] 
2024-10-04T03:02:31.231+0300: 1040.386: Total time for which application threads were stopped: 0.0040023 seconds, Stopping threads took: 0.0002025 seconds
2024-10-04T03:02:31.576+0300: 1040.730: Application time: 0.3438600 seconds
2024-10-04T03:02:31.576+0300: 1040.731: [GC (Allocation Failure) 2024-10-04T03:02:31.576+0300: 1040.731: [DefNew: 1124896K->7331K(1258304K), 0.0053353 secs] 1142653K->25088K(4054528K), 0.0054011 secs] [Times: user=0.00 sys=0.00, real=0.00 secs] 
2024-10-04T03:02:31.576+0300: 1040.736: Total time for which application threads were stopped: 0.0056564 seconds, Stopping threads took: 0.0001405 seconds
2024-10-04T03:02:31.942+0300: 1041.091: Application time: 0.3545888 seconds
2024-10-04T03:02:31.942+0300: 1041.091: [GC (Allocation Failure) 2024-10-04T03:02:31.942+0300: 1041.091: [DefNew: 1125859K->5655K(1258304K), 0.0033609 secs] 1143616K->23412K(4054528K), 0.0034348 secs] [Times: user=0.00 sys=0.00, real=0.00 secs] 
2024-10-04T03:02:31.942+0300: 1041.094: Total time for which application threads were stopped: 0.0037951 seconds, Stopping threads took: 0.0002177 seconds
2024-10-04T03:02:32.283+0300: 1041.440: Application time: 0.3452474 seconds
2024-10-04T03:02:32.283+0300: 1041.440: [GC (Allocation Failure) 2024-10-04T03:02:32.283+0300: 1041.440: [DefNew: 1124183K->5498K(1258304K), 0.0031805 secs] 1141940K->23255K(4054528K), 0.0032907 secs] [Times: user=0.00 sys=0.00, real=0.00 secs] 
2024-10-04T03:02:32.283+0300: 1041.443: Total time for which application threads were stopped: 0.0035651 seconds, Stopping threads took: 0.0001497 seconds
2024-10-04T03:02:32.628+0300: 1041.776: Application time: 0.3333048 seconds
2024-10-04T03:02:32.628+0300: 1041.777: [GC (Allocation Failure) 2024-10-04T03:02:32.628+0300: 1041.777: [DefNew: 1124026K->5855K(1258304K), 0.0032686 secs] 1141783K->23613K(4054528K), 0.0033394 secs] [Times: user=0.00 sys=0.00, real=0.00 secs] 
2024-10-04T03:02:32.628+0300: 1041.780: Total time for which application threads were stopped: 0.0036195 seconds, Stopping threads took: 0.0001648 seconds
2024-10-04T03:02:32.973+0300: 1042.126: Application time: 0.3461569 seconds
2024-10-04T03:02:32.973+0300: 1042.127: [GC (Allocation Failure) 2024-10-04T03:02:32.973+0300: 1042.127: [DefNew: 1124383K->7912K(1258304K), 0.0049753 secs] 1142141K->25671K(4054528K), 0.0050467 secs] [Times: user=0.00 sys=0.00, real=0.00 secs] 
2024-10-04T03:02:32.973+0300: 1042.132: Total time for which application threads were stopped: 0.0053499 seconds, Stopping threads took: 0.0001844 seconds
2024-10-04T03:02:33.334+0300: 1042.481: Application time: 0.3496467 seconds
2024-10-04T03:02:33.334+0300: 1042.482: [GC (Allocation Failure) 2024-10-04T03:02:33.334+0300: 1042.482: [DefNew: 1126440K->5396K(1258304K), 0.0030727 secs] 1144199K->23155K(4054528K), 0.0031637 secs] [Times: user=0.00 sys=0.00, real=0.00 secs] 
2024-10-04T03:02:33.334+0300: 1042.485: Total time for which application threads were stopped: 0.0034811 seconds, Stopping threads took: 0.0001830 seconds
2024-10-04T03:02:33.680+0300: 1042.833: Application time: 0.3482828 seconds
2024-10-04T03:02:33.680+0300: 1042.833: [GC (Allocation Failure) 2024-10-04T03:02:33.680+0300: 1042.833: [DefNew: 1123924K->5703K(1258304K), 0.0032772 secs] 1141683K->23462K(4054528K), 0.0033443 secs] [Times: user=0.00 sys=0.00, real=0.00 secs] 
2024-10-04T03:02:33.680+0300: 1042.837: Total time for which application threads were stopped: 0.0035990 seconds, Stopping threads took: 0.0001410 seconds
2024-10-04T03:02:34.025+0300: 1043.182: Application time: 0.3449566 seconds
2024-10-04T03:02:34.025+0300: 1043.182: [GC (Allocation Failure) 2024-10-04T03:02:34.025+0300: 1043.182: [DefNew: 1124231K->5612K(1258304K), 0.0037213 secs] 1141990K->23371K(4054528K), 0.0038004 secs] [Times: user=0.00 sys=0.00, real=0.01 secs] 
2024-10-04T03:02:34.040+0300: 1043.186: Total time for which application threads were stopped: 0.0041137 seconds, Stopping threads took: 0.0001906 seconds
2024-10-04T03:02:34.371+0300: 1043.522: Application time: 0.3363055 seconds
2024-10-04T03:02:34.371+0300: 1043.522: [GC (Allocation Failure) 2024-10-04T03:02:34.371+0300: 1043.522: [DefNew: 1124140K->7833K(1258304K), 0.0052078 secs] 1141899K->25592K(4054528K), 0.0052846 secs] [Times: user=0.00 sys=0.00, real=0.00 secs] 
2024-10-04T03:02:34.371+0300: 1043.528: Total time for which application threads were stopped: 0.0055968 seconds, Stopping threads took: 0.0001952 seconds
2024-10-04T03:02:34.716+0300: 1043.873: Application time: 0.3452640 seconds
2024-10-04T03:02:34.716+0300: 1043.873: [GC (Allocation Failure) 2024-10-04T03:02:34.716+0300: 1043.873: [DefNew: 1126361K->6726K(1258304K), 0.0037126 secs] 1144120K->24486K(4054528K), 0.0037818 secs] [Times: user=0.00 sys=0.00, real=0.02 secs] 
2024-10-04T03:02:34.732+0300: 1043.877: Total time for which application threads were stopped: 0.0040923 seconds, Stopping threads took: 0.0001849 seconds
2024-10-04T03:02:35.077+0300: 1044.235: Application time: 0.3582642 seconds
2024-10-04T03:02:35.077+0300: 1044.236: [GC (Allocation Failure) 2024-10-04T03:02:35.077+0300: 1044.236: [DefNew: 1125254K->5599K(1258304K), 0.0034270 secs] 1143014K->23359K(4054528K), 0.0034922 secs] [Times: user=0.00 sys=0.00, real=0.02 secs] 
2024-10-04T03:02:35.093+0300: 1044.239: Total time for which application threads were stopped: 0.0038353 seconds, Stopping threads took: 0.0002202 seconds
2024-10-04T03:02:35.422+0300: 1044.582: Application time: 0.3429150 seconds
2024-10-04T03:02:35.422+0300: 1044.582: [GC (Allocation Failure) 2024-10-04T03:02:35.422+0300: 1044.582: [DefNew: 1124127K->5610K(1258304K), 0.0035306 secs] 1141887K->23371K(4054528K), 0.0036152 secs] [Times: user=0.02 sys=0.00, real=0.02 secs] 
2024-10-04T03:02:35.438+0300: 1044.586: Total time for which application threads were stopped: 0.0039665 seconds, Stopping threads took: 0.0002076 seconds
2024-10-04T03:02:35.784+0300: 1044.933: Application time: 0.3472622 seconds
2024-10-04T03:02:35.784+0300: 1044.933: [GC (Allocation Failure) 2024-10-04T03:02:35.784+0300: 1044.933: [DefNew: 1124138K->7469K(1258304K), 0.0052447 secs] 1141899K->25230K(4054528K), 0.0053136 secs] [Times: user=0.00 sys=0.00, real=0.00 secs] 
2024-10-04T03:02:35.784+0300: 1044.939: Total time for which application threads were stopped: 0.0055819 seconds, Stopping threads took: 0.0001551 seconds
2024-10-04T03:02:36.128+0300: 1045.281: Application time: 0.3424956 seconds
2024-10-04T03:02:36.128+0300: 1045.282: [GC (Allocation Failure) 2024-10-04T03:02:36.128+0300: 1045.282: [DefNew: 1125997K->5906K(1258304K), 0.0034117 secs] 1143758K->23667K(4054528K), 0.0034900 secs] [Times: user=0.00 sys=0.00, real=0.00 secs] 
2024-10-04T03:02:36.128+0300: 1045.285: Total time for which application threads were stopped: 0.0037659 seconds, Stopping threads took: 0.0001656 seconds
2024-10-04T03:02:36.489+0300: 1045.636: Application time: 0.3507638 seconds
2024-10-04T03:02:36.489+0300: 1045.636: [GC (Allocation Failure) 2024-10-04T03:02:36.489+0300: 1045.636: [DefNew: 1124434K->5781K(1258304K), 0.0033642 secs] 1142195K->23542K(4054528K), 0.0034392 secs] [Times: user=0.00 sys=0.00, real=0.00 secs] 
2024-10-04T03:02:36.489+0300: 1045.640: Total time for which application threads were stopped: 0.0037231 seconds, Stopping threads took: 0.0001615 seconds
2024-10-04T03:02:36.834+0300: 1045.988: Application time: 0.3479650 seconds
2024-10-04T03:02:36.834+0300: 1045.988: [GC (Allocation Failure) 2024-10-04T03:02:36.834+0300: 1045.988: [DefNew: 1124309K->5643K(1258304K), 0.0032114 secs] 1142070K->23405K(4054528K), 0.0032776 secs] [Times: user=0.00 sys=0.00, real=0.00 secs] 
2024-10-04T03:02:36.834+0300: 1045.991: Total time for which application threads were stopped: 0.0035518 seconds, Stopping threads took: 0.0001584 seconds
2024-10-04T03:02:37.179+0300: 1046.335: Application time: 0.3437893 seconds
2024-10-04T03:02:37.179+0300: 1046.335: [GC (Allocation Failure) 2024-10-04T03:02:37.179+0300: 1046.335: [DefNew: 1124171K->5647K(1258304K), 0.0031714 secs] 1141933K->23409K(4054528K), 0.0032433 secs] [Times: user=0.00 sys=0.00, real=0.00 secs] 
2024-10-04T03:02:37.179+0300: 1046.339: Total time for which application threads were stopped: 0.0036296 seconds, Stopping threads took: 0.0002469 seconds
2024-10-04T03:02:37.524+0300: 1046.675: Application time: 0.3364261 seconds
2024-10-04T03:02:37.524+0300: 1046.675: [GC (Allocation Failure) 2024-10-04T03:02:37.524+0300: 1046.675: [DefNew: 1124175K->6077K(1258304K), 0.0034647 secs] 1141937K->23840K(4054528K), 0.0035542 secs] [Times: user=0.00 sys=0.00, real=0.00 secs] 
2024-10-04T03:02:37.524+0300: 1046.679: Total time for which application threads were stopped: 0.0038568 seconds, Stopping threads took: 0.0001767 seconds
2024-10-04T03:02:37.869+0300: 1047.020: Application time: 0.3413838 seconds
2024-10-04T03:02:37.875+0300: 1047.021: [GC (Allocation Failure) 2024-10-04T03:02:37.875+0300: 1047.021: [DefNew: 1124605K->8049K(1258304K), 0.0056238 secs] 1142368K->25811K(4054528K), 0.0056899 secs] [Times: user=0.02 sys=0.00, real=0.00 secs] 
2024-10-04T03:02:37.875+0300: 1047.026: Total time for which application threads were stopped: 0.0061444 seconds, Stopping threads took: 0.0003091 seconds
2024-10-04T03:02:38.230+0300: 1047.381: Application time: 0.3545599 seconds
2024-10-04T03:02:38.230+0300: 1047.381: [GC (Allocation Failure) 2024-10-04T03:02:38.230+0300: 1047.381: [DefNew: 1126577K->5591K(1258304K), 0.0033051 secs] 1144339K->23354K(4054528K), 0.0033760 secs] [Times: user=0.00 sys=0.00, real=0.00 secs] 
2024-10-04T03:02:38.230+0300: 1047.385: Total time for which application threads were stopped: 0.0037199 seconds, Stopping threads took: 0.0002046 seconds
2024-10-04T03:02:38.577+0300: 1047.730: Application time: 0.3452969 seconds
2024-10-04T03:02:38.577+0300: 1047.730: [GC (Allocation Failure) 2024-10-04T03:02:38.577+0300: 1047.730: [DefNew: 1124119K->5698K(1258304K), 0.0032488 secs] 1141882K->23461K(4054528K), 0.0033205 secs] [Times: user=0.00 sys=0.00, real=0.00 secs] 
2024-10-04T03:02:38.577+0300: 1047.734: Total time for which application threads were stopped: 0.0036281 seconds, Stopping threads took: 0.0001883 seconds
2024-10-04T03:02:38.921+0300: 1048.073: Application time: 0.3392219 seconds
2024-10-04T03:02:38.921+0300: 1048.073: [GC (Allocation Failure) 2024-10-04T03:02:38.921+0300: 1048.073: [DefNew: 1124226K->7244K(1258304K), 0.0053234 secs] 1141989K->25008K(4054528K), 0.0054049 secs] [Times: user=0.00 sys=0.00, real=0.00 secs] 
2024-10-04T03:02:38.921+0300: 1048.078: Total time for which application threads were stopped: 0.0056878 seconds, Stopping threads took: 0.0001208 seconds
2024-10-04T03:02:39.266+0300: 1048.420: Application time: 0.3410763 seconds
2024-10-04T03:02:39.266+0300: 1048.420: [GC (Allocation Failure) 2024-10-04T03:02:39.266+0300: 1048.420: [DefNew: 1125772K->7684K(1258304K), 0.0053235 secs] 1143536K->25448K(4054528K), 0.0054071 secs] [Times: user=0.00 sys=0.00, real=0.01 secs] 
2024-10-04T03:02:39.279+0300: 1048.425: Total time for which application threads were stopped: 0.0057622 seconds, Stopping threads took: 0.0002283 seconds
2024-10-04T03:02:39.626+0300: 1048.773: Application time: 0.3478307 seconds
2024-10-04T03:02:39.626+0300: 1048.773: [GC (Allocation Failure) 2024-10-04T03:02:39.626+0300: 1048.773: [DefNew: 1126212K->5984K(1258304K), 0.0035157 secs] 1143976K->23748K(4054528K), 0.0035829 secs] [Times: user=0.00 sys=0.00, real=0.00 secs] 
2024-10-04T03:02:39.626+0300: 1048.777: Total time for which application threads were stopped: 0.0038364 seconds, Stopping threads took: 0.0001402 seconds
2024-10-04T03:02:39.980+0300: 1049.131: Application time: 0.3541146 seconds
2024-10-04T03:02:39.980+0300: 1049.131: [GC (Allocation Failure) 2024-10-04T03:02:39.980+0300: 1049.131: [DefNew: 1124512K->5774K(1258304K), 0.0034975 secs] 1142276K->23539K(4054528K), 0.0035652 secs] [Times: user=0.00 sys=0.00, real=0.01 secs] 
2024-10-04T03:02:39.988+0300: 1049.135: Total time for which application threads were stopped: 0.0038932 seconds, Stopping threads took: 0.0001986 seconds
2024-10-04T03:02:40.317+0300: 1049.477: Application time: 0.3424530 seconds
2024-10-04T03:02:40.317+0300: 1049.478: [GC (Allocation Failure) 2024-10-04T03:02:40.317+0300: 1049.478: [DefNew: 1124302K->5719K(1258304K), 0.0033651 secs] 1142067K->23484K(4054528K), 0.0034412 secs] [Times: user=0.00 sys=0.00, real=0.02 secs] 
2024-10-04T03:02:40.333+0300: 1049.481: Total time for which application threads were stopped: 0.0037380 seconds, Stopping threads took: 0.0001728 seconds
2024-10-04T03:02:40.663+0300: 1049.815: Application time: 0.3341391 seconds
2024-10-04T03:02:40.663+0300: 1049.816: [GC (Allocation Failure) 2024-10-04T03:02:40.663+0300: 1049.816: [DefNew: 1124247K->6223K(1258304K), 0.0036025 secs] 1142012K->23988K(4054528K), 0.0036766 secs] [Times: user=0.00 sys=0.00, real=0.00 secs] 
2024-10-04T03:02:40.663+0300: 1049.819: Total time for which application threads were stopped: 0.0039558 seconds, Stopping threads took: 0.0001679 seconds
2024-10-04T03:02:41.008+0300: 1050.163: Application time: 0.3439235 seconds
2024-10-04T03:02:41.008+0300: 1050.164: [GC (Allocation Failure) 2024-10-04T03:02:41.008+0300: 1050.164: [DefNew: 1124751K->5922K(1258304K), 0.0036132 secs] 1142516K->23688K(4054528K), 0.0036883 secs] [Times: user=0.00 sys=0.00, real=0.00 secs] 
2024-10-04T03:02:41.008+0300: 1050.167: Total time for which application threads were stopped: 0.0040260 seconds, Stopping threads took: 0.0001855 seconds
2024-10-04T03:02:41.369+0300: 1050.516: Application time: 0.3485838 seconds
2024-10-04T03:02:41.369+0300: 1050.516: [GC (Allocation Failure) 2024-10-04T03:02:41.369+0300: 1050.516: [DefNew: 1124450K->5649K(1258304K), 0.0033239 secs] 1142216K->23415K(4054528K), 0.0034018 secs] [Times: user=0.00 sys=0.00, real=0.00 secs] 
2024-10-04T03:02:41.369+0300: 1050.520: Total time for which application threads were stopped: 0.0037159 seconds, Stopping threads took: 0.0001639 seconds
2024-10-04T03:02:41.714+0300: 1050.862: Application time: 0.3428536 seconds
2024-10-04T03:02:41.714+0300: 1050.863: [GC (Allocation Failure) 2024-10-04T03:02:41.714+0300: 1050.863: [DefNew: 1124177K->5440K(1258304K), 0.0030465 secs] 1141943K->23206K(4054528K), 0.0031096 secs] [Times: user=0.00 sys=0.00, real=0.00 secs] 
2024-10-04T03:02:41.714+0300: 1050.866: Total time for which application threads were stopped: 0.0033538 seconds, Stopping threads took: 0.0001312 seconds
2024-10-04T03:02:42.060+0300: 1051.210: Application time: 0.3446889 seconds
2024-10-04T03:02:42.060+0300: 1051.211: [GC (Allocation Failure) 2024-10-04T03:02:42.060+0300: 1051.211: [DefNew: 1123968K->7998K(1258304K), 0.0052184 secs] 1141734K->25765K(4054528K), 0.0053049 secs] [Times: user=0.00 sys=0.00, real=0.00 secs] 
2024-10-04T03:02:42.060+0300: 1051.216: Total time for which application threads were stopped: 0.0056297 seconds, Stopping threads took: 0.0001874 seconds
2024-10-04T03:02:42.405+0300: 1051.556: Application time: 0.3402168 seconds
2024-10-04T03:02:42.405+0300: 1051.557: [GC (Allocation Failure) 2024-10-04T03:02:42.405+0300: 1051.557: [DefNew: 1126526K->8132K(1258304K), 0.0057156 secs] 1144293K->25899K(4054528K), 0.0057904 secs] [Times: user=0.00 sys=0.00, real=0.00 secs] 
2024-10-04T03:02:42.405+0300: 1051.562: Total time for which application threads were stopped: 0.0061295 seconds, Stopping threads took: 0.0001976 seconds
2024-10-04T03:02:42.751+0300: 1051.903: Application time: 0.3404386 seconds
2024-10-04T03:02:42.751+0300: 1051.903: [GC (Allocation Failure) 2024-10-04T03:02:42.751+0300: 1051.903: [DefNew: 1126660K->6069K(1258304K), 0.0035952 secs] 1144427K->23836K(4054528K), 0.0036638 secs] [Times: user=0.00 sys=0.00, real=0.00 secs] 
2024-10-04T03:02:42.751+0300: 1051.907: Total time for which application threads were stopped: 0.0040302 seconds, Stopping threads took: 0.0002380 seconds
2024-10-04T03:02:43.112+0300: 1052.266: Application time: 0.3587985 seconds
2024-10-04T03:02:43.112+0300: 1052.266: [GC (Allocation Failure) 2024-10-04T03:02:43.112+0300: 1052.266: [DefNew: 1124597K->5488K(1258304K), 0.0031971 secs] 1142364K->23256K(4054528K), 0.0032647 secs] [Times: user=0.00 sys=0.00, real=0.00 secs] 
2024-10-04T03:02:43.112+0300: 1052.269: Total time for which application threads were stopped: 0.0035710 seconds, Stopping threads took: 0.0001778 seconds
2024-10-04T03:02:43.457+0300: 1052.610: Application time: 0.3408368 seconds
2024-10-04T03:02:43.457+0300: 1052.610: [GC (Allocation Failure) 2024-10-04T03:02:43.457+0300: 1052.610: [DefNew: 1124016K->6247K(1258304K), 0.0037315 secs] 1141784K->24014K(4054528K), 0.0038066 secs] [Times: user=0.00 sys=0.00, real=0.00 secs] 
2024-10-04T03:02:43.457+0300: 1052.614: Total time for which application threads were stopped: 0.0041078 seconds, Stopping threads took: 0.0001824 seconds
2024-10-04T03:02:43.790+0300: 1052.947: Application time: 0.3331568 seconds
2024-10-04T03:02:43.790+0300: 1052.948: [GC (Allocation Failure) 2024-10-04T03:02:43.803+0300: 1052.948: [DefNew: 1124775K->5594K(1258304K), 0.0031711 secs] 1142542K->23362K(4054528K), 0.0032527 secs] [Times: user=0.00 sys=0.00, real=0.01 secs] 
2024-10-04T03:02:43.803+0300: 1052.951: Total time for which application threads were stopped: 0.0035575 seconds, Stopping threads took: 0.0001904 seconds
2024-10-04T03:02:44.147+0300: 1053.298: Application time: 0.3468248 seconds
2024-10-04T03:02:44.147+0300: 1053.298: [GC (Allocation Failure) 2024-10-04T03:02:44.147+0300: 1053.298: [DefNew: 1124122K->9683K(1258304K), 0.0072649 secs] 1141890K->27452K(4054528K), 0.0073424 secs] [Times: user=0.00 sys=0.00, real=0.00 secs] 
2024-10-04T03:02:44.147+0300: 1053.305: Total time for which application threads were stopped: 0.0076933 seconds, Stopping threads took: 0.0002051 seconds
2024-10-04T03:02:44.493+0300: 1053.651: Application time: 0.3459391 seconds
2024-10-04T03:02:44.493+0300: 1053.652: [GC (Allocation Failure) 2024-10-04T03:02:44.493+0300: 1053.652: [DefNew: 1128211K->5620K(1258304K), 0.0037513 secs] 1145980K->23389K(4054528K), 0.0038526 secs] [Times: user=0.02 sys=0.00, real=0.02 secs] 
2024-10-04T03:02:44.509+0300: 1053.656: Total time for which application threads were stopped: 0.0041148 seconds, Stopping threads took: 0.0001334 seconds
2024-10-04T03:02:44.853+0300: 1054.003: Application time: 0.3474905 seconds
2024-10-04T03:02:44.853+0300: 1054.003: [GC (Allocation Failure) 2024-10-04T03:02:44.853+0300: 1054.003: [DefNew: 1124148K->6343K(1258304K), 0.0037823 secs] 1141917K->24112K(4054528K), 0.0038496 secs] [Times: user=0.00 sys=0.00, real=0.00 secs] 
2024-10-04T03:02:44.853+0300: 1054.007: Total time for which application threads were stopped: 0.0041172 seconds, Stopping threads took: 0.0001475 seconds
2024-10-04T03:02:45.199+0300: 1054.358: Application time: 0.3507070 seconds
2024-10-04T03:02:45.199+0300: 1054.358: [GC (Allocation Failure) 2024-10-04T03:02:45.199+0300: 1054.358: [DefNew: 1124871K->5678K(1258304K), 0.0034716 secs] 1142640K->23448K(4054528K), 0.0035463 secs] [Times: user=0.00 sys=0.00, real=0.02 secs] 
2024-10-04T03:02:45.214+0300: 1054.362: Total time for which application threads were stopped: 0.0038396 seconds, Stopping threads took: 0.0001764 seconds
2024-10-04T03:02:45.544+0300: 1054.697: Application time: 0.3353672 seconds
2024-10-04T03:02:45.544+0300: 1054.697: [GC (Allocation Failure) 2024-10-04T03:02:45.544+0300: 1054.697: [DefNew: 1124206K->6850K(1258304K), 0.0046909 secs] 1141976K->24620K(4054528K), 0.0047619 secs] [Times: user=0.00 sys=0.00, real=0.00 secs] 
2024-10-04T03:02:45.544+0300: 1054.702: Total time for which application threads were stopped: 0.0050437 seconds, Stopping threads took: 0.0001548 seconds
2024-10-04T03:02:45.895+0300: 1055.047: Application time: 0.3444464 seconds
2024-10-04T03:02:45.895+0300: 1055.047: [GC (Allocation Failure) 2024-10-04T03:02:45.895+0300: 1055.047: [DefNew: 1125378K->5445K(1258304K), 0.0033461 secs] 1143148K->23215K(4054528K), 0.0034191 secs] [Times: user=0.00 sys=0.00, real=0.01 secs] 
2024-10-04T03:02:45.905+0300: 1055.050: Total time for which application threads were stopped: 0.0037209 seconds, Stopping threads took: 0.0001711 seconds
2024-10-04T03:02:46.250+0300: 1055.401: Application time: 0.3507573 seconds
2024-10-04T03:02:46.250+0300: 1055.401: [GC (Allocation Failure) 2024-10-04T03:02:46.250+0300: 1055.401: [DefNew: 1123973K->6029K(1258304K), 0.0035529 secs] 1141743K->23799K(4054528K), 0.0036276 secs] [Times: user=0.00 sys=0.00, real=0.00 secs] 
2024-10-04T03:02:46.250+0300: 1055.405: Total time for which application threads were stopped: 0.0039423 seconds, Stopping threads took: 0.0001944 seconds
2024-10-04T03:02:46.597+0300: 1055.753: Application time: 0.3478120 seconds
2024-10-04T03:02:46.597+0300: 1055.753: [GC (Allocation Failure) 2024-10-04T03:02:46.597+0300: 1055.753: [DefNew: 1124557K->5480K(1258304K), 0.0033994 secs] 1142327K->23251K(4054528K), 0.0034641 secs] [Times: user=0.00 sys=0.00, real=0.01 secs] 
2024-10-04T03:02:46.611+0300: 1055.757: Total time for which application threads were stopped: 0.0037842 seconds, Stopping threads took: 0.0001761 seconds
2024-10-04T03:02:46.956+0300: 1056.107: Application time: 0.3501047 seconds
2024-10-04T03:02:46.956+0300: 1056.107: [GC (Allocation Failure) 2024-10-04T03:02:46.956+0300: 1056.107: [DefNew: 1124008K->5763K(1258304K), 0.0033046 secs] 1141779K->23534K(4054528K), 0.0033776 secs] [Times: user=0.00 sys=0.00, real=0.00 secs] 
2024-10-04T03:02:46.956+0300: 1056.110: Total time for which application threads were stopped: 0.0036998 seconds, Stopping threads took: 0.0001835 seconds
2024-10-04T03:02:47.299+0300: 1056.445: Application time: 0.3344897 seconds
2024-10-04T03:02:47.299+0300: 1056.445: [GC (Allocation Failure) 2024-10-04T03:02:47.299+0300: 1056.445: [DefNew: 1124291K->5436K(1258304K), 0.0031616 secs] 1142062K->23207K(4054528K), 0.0043811 secs] [Times: user=0.00 sys=0.00, real=0.00 secs] 
2024-10-04T03:02:47.302+0300: 1056.450: Total time for which application threads were stopped: 0.0047160 seconds, Stopping threads took: 0.0001587 seconds
2024-10-04T03:02:47.632+0300: 1056.791: Application time: 0.3417852 seconds
2024-10-04T03:02:47.632+0300: 1056.792: [GC (Allocation Failure) 2024-10-04T03:02:47.632+0300: 1056.792: [DefNew: 1123964K->9547K(1258304K), 0.0074747 secs] 1141735K->27318K(4054528K), 0.0075471 secs] [Times: user=0.00 sys=0.00, real=0.02 secs] 
2024-10-04T03:02:47.647+0300: 1056.799: Total time for which application threads were stopped: 0.0078403 seconds, Stopping threads took: 0.0001735 seconds
2024-10-04T03:02:48.009+0300: 1057.158: Application time: 0.3587010 seconds
2024-10-04T03:02:48.009+0300: 1057.158: [GC (Allocation Failure) 2024-10-04T03:02:48.009+0300: 1057.158: [DefNew: 1128075K->5508K(1258304K), 0.0030938 secs] 1145846K->23280K(4054528K), 0.0031676 secs] [Times: user=0.00 sys=0.00, real=0.00 secs] 
2024-10-04T03:02:48.009+0300: 1057.161: Total time for which application threads were stopped: 0.0034386 seconds, Stopping threads took: 0.0001366 seconds
2024-10-04T03:02:48.354+0300: 1057.509: Application time: 0.3481095 seconds
2024-10-04T03:02:48.354+0300: 1057.510: [GC (Allocation Failure) 2024-10-04T03:02:48.354+0300: 1057.510: [DefNew: 1124036K->5544K(1258304K), 0.0032391 secs] 1141808K->23316K(4054528K), 0.0033127 secs] [Times: user=0.00 sys=0.00, real=0.00 secs] 
2024-10-04T03:02:48.354+0300: 1057.513: Total time for which application threads were stopped: 0.0036080 seconds, Stopping threads took: 0.0001690 seconds
2024-10-04T03:02:48.702+0300: 1057.853: Application time: 0.3399719 seconds
2024-10-04T03:02:48.702+0300: 1057.853: [GC (Allocation Failure) 2024-10-04T03:02:48.702+0300: 1057.853: [DefNew: 1124072K->5646K(1258304K), 0.0037249 secs] 1141844K->23419K(4054528K), 0.0037926 secs] [Times: user=0.00 sys=0.00, real=0.00 secs] 
2024-10-04T03:02:48.702+0300: 1057.857: Total time for which application threads were stopped: 0.0041166 seconds, Stopping threads took: 0.0001887 seconds
2024-10-04T03:02:49.044+0300: 1058.198: Application time: 0.3406770 seconds
2024-10-04T03:02:49.044+0300: 1058.198: [GC (Allocation Failure) 2024-10-04T03:02:49.044+0300: 1058.198: [DefNew: 1124174K->8105K(1258304K), 0.0053617 secs] 1141947K->25878K(4054528K), 0.0054382 secs] [Times: user=0.00 sys=0.00, real=0.00 secs] 
2024-10-04T03:02:49.044+0300: 1058.204: Total time for which application threads were stopped: 0.0057654 seconds, Stopping threads took: 0.0002157 seconds
2024-10-04T03:02:49.404+0300: 1058.551: Application time: 0.3468764 seconds
2024-10-04T03:02:49.404+0300: 1058.551: [GC (Allocation Failure) 2024-10-04T03:02:49.404+0300: 1058.551: [DefNew: 1126633K->5995K(1258304K), 0.0035874 secs] 1144406K->23768K(4054528K), 0.0036651 secs] [Times: user=0.00 sys=0.00, real=0.00 secs] 
2024-10-04T03:02:49.406+0300: 1058.555: Total time for which application threads were stopped: 0.0039830 seconds, Stopping threads took: 0.0001755 seconds
2024-10-04T03:02:49.751+0300: 1058.903: Application time: 0.3489864 seconds
2024-10-04T03:02:49.751+0300: 1058.904: [GC (Allocation Failure) 2024-10-04T03:02:49.751+0300: 1058.904: [DefNew: 1124523K->5544K(1258304K), 0.0031626 secs] 1142296K->23317K(4054528K), 0.0032274 secs] [Times: user=0.00 sys=0.00, real=0.00 secs] 
2024-10-04T03:02:49.751+0300: 1058.907: Total time for which application threads were stopped: 0.0035128 seconds, Stopping threads took: 0.0001633 seconds
2024-10-04T03:02:50.105+0300: 1059.253: Application time: 0.3464032 seconds
2024-10-04T03:02:50.105+0300: 1059.254: [GC (Allocation Failure) 2024-10-04T03:02:50.105+0300: 1059.254: [DefNew: 1124072K->5456K(1258304K), 0.0030163 secs] 1141845K->23229K(4054528K), 0.0030872 secs] [Times: user=0.00 sys=0.00, real=0.00 secs] 
2024-10-04T03:02:50.105+0300: 1059.257: Total time for which application threads were stopped: 0.0033753 seconds, Stopping threads took: 0.0001735 seconds
2024-10-04T03:02:50.443+0300: 1059.598: Application time: 0.3408120 seconds
2024-10-04T03:02:50.443+0300: 1059.598: [GC (Allocation Failure) 2024-10-04T03:02:50.443+0300: 1059.598: [DefNew: 1123984K->5744K(1258304K), 0.0033090 secs] 1141757K->23518K(4054528K), 0.0033854 secs] [Times: user=0.00 sys=0.00, real=0.00 secs] 
2024-10-04T03:02:50.443+0300: 1059.601: Total time for which application threads were stopped: 0.0036875 seconds, Stopping threads took: 0.0001775 seconds
2024-10-04T03:02:50.788+0300: 1059.938: Application time: 0.3369539 seconds
2024-10-04T03:02:50.788+0300: 1059.938: [GC (Allocation Failure) 2024-10-04T03:02:50.788+0300: 1059.939: [DefNew: 1124272K->9060K(1258304K), 0.0072349 secs] 1142046K->26835K(4054528K), 0.0073011 secs] [Times: user=0.00 sys=0.00, real=0.00 secs] 
2024-10-04T03:02:50.788+0300: 1059.946: Total time for which application threads were stopped: 0.0075670 seconds, Stopping threads took: 0.0001557 seconds
2024-10-04T03:02:51.149+0300: 1060.300: Application time: 0.3545573 seconds
2024-10-04T03:02:51.149+0300: 1060.301: [GC (Allocation Failure) 2024-10-04T03:02:51.149+0300: 1060.301: [DefNew: 1127588K->5645K(1258304K), 0.0032728 secs] 1145363K->23420K(4054528K), 0.0033532 secs] [Times: user=0.00 sys=0.00, real=0.00 secs] 
2024-10-04T03:02:51.149+0300: 1060.304: Total time for which application threads were stopped: 0.0036987 seconds, Stopping threads took: 0.0002110 seconds
2024-10-04T03:02:51.508+0300: 1060.654: Application time: 0.3500526 seconds
2024-10-04T03:02:51.508+0300: 1060.654: [GC (Allocation Failure) 2024-10-04T03:02:51.508+0300: 1060.654: [DefNew: 1124173K->5691K(1258304K), 0.0034372 secs] 1141948K->23466K(4054528K), 0.0035125 secs] [Times: user=0.00 sys=0.00, real=0.00 secs] 
2024-10-04T03:02:51.510+0300: 1060.658: Total time for which application threads were stopped: 0.0038388 seconds, Stopping threads took: 0.0001890 seconds
2024-10-04T03:02:51.840+0300: 1060.998: Application time: 0.3398981 seconds
2024-10-04T03:02:51.840+0300: 1060.998: [GC (Allocation Failure) 2024-10-04T03:02:51.840+0300: 1060.998: [DefNew: 1124219K->5655K(1258304K), 0.0033409 secs] 1141994K->23430K(4054528K), 0.0034070 secs] [Times: user=0.00 sys=0.00, real=0.02 secs] 
2024-10-04T03:02:51.856+0300: 1061.002: Total time for which application threads were stopped: 0.0036948 seconds, Stopping threads took: 0.0001687 seconds
2024-10-04T03:02:52.201+0300: 1061.347: Application time: 0.3459150 seconds
2024-10-04T03:02:52.201+0300: 1061.348: [GC (Allocation Failure) 2024-10-04T03:02:52.201+0300: 1061.348: [DefNew: 1124183K->6408K(1258304K), 0.0043295 secs] 1141958K->24184K(4054528K), 0.0044127 secs] [Times: user=0.00 sys=0.00, real=0.00 secs] 
2024-10-04T03:02:52.201+0300: 1061.352: Total time for which application threads were stopped: 0.0046938 seconds, Stopping threads took: 0.0001296 seconds
2024-10-04T03:02:52.547+0300: 1061.693: Application time: 0.3408782 seconds
2024-10-04T03:02:52.547+0300: 1061.693: [GC (Allocation Failure) 2024-10-04T03:02:52.547+0300: 1061.693: [DefNew: 1124936K->9713K(1258304K), 0.0077133 secs] 1142712K->27489K(4054528K), 0.0077809 secs] [Times: user=0.00 sys=0.00, real=0.00 secs] 
2024-10-04T03:02:52.547+0300: 1061.701: Total time for which application threads were stopped: 0.0080724 seconds, Stopping threads took: 0.0001640 seconds
2024-10-04T03:02:52.892+0300: 1062.047: Application time: 0.3456775 seconds
2024-10-04T03:02:52.892+0300: 1062.047: [GC (Allocation Failure) 2024-10-04T03:02:52.892+0300: 1062.047: [DefNew: 1128241K->5716K(1258304K), 0.0037488 secs] 1146017K->23492K(4054528K), 0.0038307 secs] [Times: user=0.01 sys=0.00, real=0.00 secs] 
2024-10-04T03:02:52.892+0300: 1062.051: Total time for which application threads were stopped: 0.0041906 seconds, Stopping threads took: 0.0001997 seconds
2024-10-04T03:02:53.253+0300: 1062.403: Application time: 0.3519654 seconds
2024-10-04T03:02:53.253+0300: 1062.403: [GC (Allocation Failure) 2024-10-04T03:02:53.253+0300: 1062.403: [DefNew: 1124244K->5485K(1258304K), 0.0031821 secs] 1142020K->23262K(4054528K), 0.0032545 secs] [Times: user=0.00 sys=0.00, real=0.00 secs] 
2024-10-04T03:02:53.253+0300: 1062.407: Total time for which application threads were stopped: 0.0035772 seconds, Stopping threads took: 0.0001896 seconds
2024-10-04T03:02:53.598+0300: 1062.749: Application time: 0.3424821 seconds
2024-10-04T03:02:53.598+0300: 1062.749: [GC (Allocation Failure) 2024-10-04T03:02:53.598+0300: 1062.749: [DefNew: 1124013K->5597K(1258304K), 0.0032265 secs] 1141790K->23374K(4054528K), 0.0032982 secs] [Times: user=0.00 sys=0.00, real=0.00 secs] 
2024-10-04T03:02:53.598+0300: 1062.753: Total time for which application threads were stopped: 0.0036551 seconds, Stopping threads took: 0.0002299 seconds
2024-10-04T03:02:53.944+0300: 1063.094: Application time: 0.3409627 seconds
2024-10-04T03:02:53.944+0300: 1063.094: [GC (Allocation Failure) 2024-10-04T03:02:53.944+0300: 1063.094: [DefNew: 1124125K->5755K(1258304K), 0.0035702 secs] 1141902K->23533K(4054528K), 0.0036493 secs] [Times: user=0.02 sys=0.00, real=0.00 secs] 
2024-10-04T03:02:53.944+0300: 1063.098: Total time for which application threads were stopped: 0.0041269 seconds, Stopping threads took: 0.0002328 seconds
2024-10-04T03:02:54.289+0300: 1063.442: Application time: 0.3441412 seconds
2024-10-04T03:02:54.289+0300: 1063.442: [GC (Allocation Failure) 2024-10-04T03:02:54.289+0300: 1063.442: [DefNew: 1124283K->5755K(1258304K), 0.0033807 secs] 1142061K->23533K(4054528K), 0.0034571 secs] [Times: user=0.00 sys=0.00, real=0.00 secs] 
2024-10-04T03:02:54.289+0300: 1063.446: Total time for which application threads were stopped: 0.0037654 seconds, Stopping threads took: 0.0001812 seconds
2024-10-04T03:02:54.635+0300: 1063.792: Application time: 0.3465731 seconds
2024-10-04T03:02:54.635+0300: 1063.793: [GC (Allocation Failure) 2024-10-04T03:02:54.635+0300: 1063.793: [DefNew: 1124283K->5733K(1258304K), 0.0033448 secs] 1142061K->23511K(4054528K), 0.0034168 secs] [Times: user=0.00 sys=0.00, real=0.02 secs] 
2024-10-04T03:02:54.651+0300: 1063.796: Total time for which application threads were stopped: 0.0037057 seconds, Stopping threads took: 0.0001759 seconds
2024-10-04T03:02:54.996+0300: 1064.145: Application time: 0.3487294 seconds
2024-10-04T03:02:54.996+0300: 1064.145: [GC (Allocation Failure) 2024-10-04T03:02:54.996+0300: 1064.145: [DefNew: 1124261K->5426K(1258304K), 0.0033927 secs] 1142039K->23204K(4054528K), 0.0034670 secs] [Times: user=0.00 sys=0.00, real=0.00 secs] 
2024-10-04T03:02:54.996+0300: 1064.148: Total time for which application threads were stopped: 0.0037450 seconds, Stopping threads took: 0.0001286 seconds
2024-10-04T03:02:55.341+0300: 1064.492: Application time: 0.3439604 seconds
2024-10-04T03:02:55.341+0300: 1064.493: [GC (Allocation Failure) 2024-10-04T03:02:55.341+0300: 1064.493: [DefNew: 1123954K->5648K(1258304K), 0.0032600 secs] 1141732K->23426K(4054528K), 0.0033354 secs] [Times: user=0.00 sys=0.00, real=0.00 secs] 
2024-10-04T03:02:55.341+0300: 1064.496: Total time for which application threads were stopped: 0.0036438 seconds, Stopping threads took: 0.0001907 seconds
2024-10-04T03:02:55.671+0300: 1064.830: Application time: 0.3341875 seconds
2024-10-04T03:02:55.671+0300: 1064.831: [GC (Allocation Failure) 2024-10-04T03:02:55.671+0300: 1064.831: [DefNew: 1124176K->7012K(1258304K), 0.0049319 secs] 1141954K->24791K(4054528K), 0.0050035 secs] [Times: user=0.00 sys=0.00, real=0.02 secs] 
2024-10-04T03:02:55.686+0300: 1064.836: Total time for which application threads were stopped: 0.0052989 seconds, Stopping threads took: 0.0001810 seconds
2024-10-04T03:02:56.032+0300: 1065.189: Application time: 0.3535425 seconds
2024-10-04T03:02:56.032+0300: 1065.189: [GC (Allocation Failure) 2024-10-04T03:02:56.032+0300: 1065.189: [DefNew: 1125540K->7877K(1258304K), 0.0054319 secs] 1143319K->25656K(4054528K), 0.0054992 secs] [Times: user=0.00 sys=0.00, real=0.02 secs] 
2024-10-04T03:02:56.048+0300: 1065.195: Total time for which application threads were stopped: 0.0057952 seconds, Stopping threads took: 0.0001674 seconds
2024-10-04T03:02:56.393+0300: 1065.539: Application time: 0.3440517 seconds
2024-10-04T03:02:56.393+0300: 1065.539: [GC (Allocation Failure) 2024-10-04T03:02:56.393+0300: 1065.539: [DefNew: 1126405K->5366K(1258304K), 0.0030194 secs] 1144184K->23146K(4054528K), 0.0030907 secs] [Times: user=0.00 sys=0.00, real=0.00 secs] 
2024-10-04T03:02:56.393+0300: 1065.542: Total time for which application threads were stopped: 0.0033887 seconds, Stopping threads took: 0.0001801 seconds
2024-10-04T03:02:56.738+0300: 1065.889: Application time: 0.3467582 seconds
2024-10-04T03:02:56.738+0300: 1065.889: [GC (Allocation Failure) 2024-10-04T03:02:56.738+0300: 1065.889: [DefNew: 1123894K->5809K(1258304K), 0.0033208 secs] 1141674K->23588K(4054528K), 0.0034036 secs] [Times: user=0.00 sys=0.00, real=0.00 secs] 
2024-10-04T03:02:56.738+0300: 1065.893: Total time for which application threads were stopped: 0.0036727 seconds, Stopping threads took: 0.0001460 seconds
2024-10-04T03:02:57.083+0300: 1066.241: Application time: 0.3477829 seconds
2024-10-04T03:02:57.083+0300: 1066.241: [GC (Allocation Failure) 2024-10-04T03:02:57.083+0300: 1066.241: [DefNew: 1124337K->7373K(1258304K), 0.0051874 secs] 1142116K->25153K(4054528K), 0.0052588 secs] [Times: user=0.00 sys=0.00, real=0.02 secs] 
2024-10-04T03:02:57.099+0300: 1066.246: Total time for which application threads were stopped: 0.0056202 seconds, Stopping threads took: 0.0002339 seconds
2024-10-04T03:02:57.429+0300: 1066.583: Application time: 0.3370456 seconds
2024-10-04T03:02:57.429+0300: 1066.584: [GC (Allocation Failure) 2024-10-04T03:02:57.429+0300: 1066.584: [DefNew: 1125901K->5937K(1258304K), 0.0034819 secs] 1143681K->23717K(4054528K), 0.0035618 secs] [Times: user=0.00 sys=0.00, real=0.00 secs] 
2024-10-04T03:02:57.429+0300: 1066.587: Total time for which application threads were stopped: 0.0039318 seconds, Stopping threads took: 0.0002145 seconds
2024-10-04T03:02:57.775+0300: 1066.927: Application time: 0.3397451 seconds
2024-10-04T03:02:57.775+0300: 1066.927: [GC (Allocation Failure) 2024-10-04T03:02:57.775+0300: 1066.927: [DefNew: 1124465K->6306K(1258304K), 0.0036619 secs] 1142245K->24087K(4054528K), 0.0037353 secs] [Times: user=0.00 sys=0.00, real=0.00 secs] 
2024-10-04T03:02:57.775+0300: 1066.931: Total time for which application threads were stopped: 0.0040204 seconds, Stopping threads took: 0.0001637 seconds
2024-10-04T03:02:58.136+0300: 1067.286: Application time: 0.3550786 seconds
2024-10-04T03:02:58.136+0300: 1067.286: [GC (Allocation Failure) 2024-10-04T03:02:58.136+0300: 1067.286: [DefNew: 1124834K->5454K(1258304K), 0.0031059 secs] 1142615K->23234K(4054528K), 0.0031729 secs] [Times: user=0.00 sys=0.00, real=0.00 secs] 
2024-10-04T03:02:58.136+0300: 1067.290: Total time for which application threads were stopped: 0.0034810 seconds, Stopping threads took: 0.0001586 seconds
2024-10-04T03:02:58.481+0300: 1067.635: Application time: 0.3452429 seconds
2024-10-04T03:02:58.481+0300: 1067.635: [GC (Allocation Failure) 2024-10-04T03:02:58.481+0300: 1067.635: [DefNew: 1123982K->7771K(1258304K), 0.0053157 secs] 1141762K->25552K(4054528K), 0.0053879 secs] [Times: user=0.00 sys=0.00, real=0.00 secs] 
2024-10-04T03:02:58.481+0300: 1067.641: Total time for which application threads were stopped: 0.0057446 seconds, Stopping threads took: 0.0002118 seconds
2024-10-04T03:02:58.827+0300: 1067.978: Application time: 0.3378861 seconds
2024-10-04T03:02:58.827+0300: 1067.979: [GC (Allocation Failure) 2024-10-04T03:02:58.827+0300: 1067.979: [DefNew: 1126299K->5753K(1258304K), 0.0033669 secs] 1144080K->23535K(4054528K), 0.0034347 secs] [Times: user=0.00 sys=0.00, real=0.00 secs] 
2024-10-04T03:02:58.827+0300: 1067.982: Total time for which application threads were stopped: 0.0037011 seconds, Stopping threads took: 0.0001453 seconds
2024-10-04T03:02:59.172+0300: 1068.330: Application time: 0.3477762 seconds
2024-10-04T03:02:59.172+0300: 1068.330: [GC (Allocation Failure) 2024-10-04T03:02:59.172+0300: 1068.330: [DefNew: 1124281K->5957K(1258304K), 0.0035893 secs] 1142063K->23739K(4054528K), 0.0036576 secs] [Times: user=0.00 sys=0.00, real=0.02 secs] 
2024-10-04T03:02:59.188+0300: 1068.334: Total time for which application threads were stopped: 0.0039581 seconds, Stopping threads took: 0.0001849 seconds
2024-10-04T03:02:59.527+0300: 1068.674: Application time: 0.3396756 seconds
2024-10-04T03:02:59.527+0300: 1068.674: [GC (Allocation Failure) 2024-10-04T03:02:59.527+0300: 1068.674: [DefNew: 1124485K->8015K(1258304K), 0.0058211 secs] 1142267K->25797K(4054528K), 0.0058895 secs] [Times: user=0.00 sys=0.00, real=0.01 secs] 
2024-10-04T03:02:59.533+0300: 1068.680: Total time for which application threads were stopped: 0.0061640 seconds, Stopping threads took: 0.0001543 seconds
2024-10-04T03:02:59.863+0300: 1069.023: Application time: 0.3432055 seconds
2024-10-04T03:02:59.863+0300: 1069.023: [GC (Allocation Failure) 2024-10-04T03:02:59.863+0300: 1069.023: [DefNew: 1126543K->6898K(1258304K), 0.0053395 secs] 1144325K->24680K(4054528K), 0.0054074 secs] [Times: user=0.00 sys=0.00, real=0.02 secs] 
2024-10-04T03:02:59.879+0300: 1069.029: Total time for which application threads were stopped: 0.0057292 seconds, Stopping threads took: 0.0001933 seconds
2024-10-04T03:03:00.240+0300: 1069.388: Application time: 0.3598003 seconds
2024-10-04T03:03:00.240+0300: 1069.389: [GC (Allocation Failure) 2024-10-04T03:03:00.240+0300: 1069.389: [DefNew: 1125426K->5613K(1258304K), 0.0035292 secs] 1143208K->23396K(4054528K), 0.0036060 secs] [Times: user=0.00 sys=0.00, real=0.00 secs] 
2024-10-04T03:03:00.240+0300: 1069.392: Total time for which application threads were stopped: 0.0039358 seconds, Stopping threads took: 0.0001880 seconds
2024-10-04T03:03:00.585+0300: 1069.733: Application time: 0.3408639 seconds
2024-10-04T03:03:00.585+0300: 1069.734: [GC (Allocation Failure) 2024-10-04T03:03:00.585+0300: 1069.734: [DefNew: 1124141K->5822K(1258304K), 0.0037010 secs] 1141924K->23605K(4054528K), 0.0037721 secs] [Times: user=0.00 sys=0.00, real=0.00 secs] 
2024-10-04T03:03:00.585+0300: 1069.737: Total time for which application threads were stopped: 0.0040692 seconds, Stopping threads took: 0.0001738 seconds
2024-10-04T03:03:00.931+0300: 1070.084: Application time: 0.3461954 seconds
2024-10-04T03:03:00.931+0300: 1070.084: [GC (Allocation Failure) 2024-10-04T03:03:00.931+0300: 1070.084: [DefNew: 1124350K->5602K(1258304K), 0.0035133 secs] 1142133K->23385K(4054528K), 0.0035892 secs] [Times: user=0.00 sys=0.00, real=0.00 secs] 
2024-10-04T03:03:00.931+0300: 1070.087: Total time for which application threads were stopped: 0.0038845 seconds, Stopping threads took: 0.0001643 seconds
2024-10-04T03:03:01.276+0300: 1070.427: Application time: 0.3399766 seconds
2024-10-04T03:03:01.276+0300: 1070.428: [GC (Allocation Failure) 2024-10-04T03:03:01.276+0300: 1070.428: [DefNew: 1124130K->9555K(1258304K), 0.0075347 secs] 1141913K->27339K(4054528K), 0.0076098 secs] [Times: user=0.00 sys=0.00, real=0.00 secs] 
2024-10-04T03:03:01.276+0300: 1070.435: Total time for which application threads were stopped: 0.0079636 seconds, Stopping threads took: 0.0002139 seconds
2024-10-04T03:03:01.633+0300: 1070.780: Application time: 0.3443592 seconds
2024-10-04T03:03:01.633+0300: 1070.780: [GC (Allocation Failure) 2024-10-04T03:03:01.633+0300: 1070.780: [DefNew: 1128083K->5541K(1258304K), 0.0032913 secs] 1145867K->23325K(4054528K), 0.0033561 secs] [Times: user=0.00 sys=0.00, real=0.00 secs] 
2024-10-04T03:03:01.637+0300: 1070.783: Total time for which application threads were stopped: 0.0036432 seconds, Stopping threads took: 0.0001664 seconds
2024-10-04T03:03:01.982+0300: 1071.135: Application time: 0.3519255 seconds
2024-10-04T03:03:01.982+0300: 1071.136: [GC (Allocation Failure) 2024-10-04T03:03:01.982+0300: 1071.136: [DefNew: 1124069K->5591K(1258304K), 0.0032654 secs] 1141853K->23376K(4054528K), 0.0033300 secs] [Times: user=0.00 sys=0.00, real=0.00 secs] 
2024-10-04T03:03:01.982+0300: 1071.139: Total time for which application threads were stopped: 0.0036256 seconds, Stopping threads took: 0.0001658 seconds
2024-10-04T03:03:02.334+0300: 1071.481: Application time: 0.3420309 seconds
2024-10-04T03:03:02.334+0300: 1071.481: [GC (Allocation Failure) 2024-10-04T03:03:02.334+0300: 1071.481: [DefNew: 1124119K->7391K(1258304K), 0.0050933 secs] 1141904K->25176K(4054528K), 0.0051660 secs] [Times: user=0.00 sys=0.00, real=0.00 secs] 
2024-10-04T03:03:02.334+0300: 1071.486: Total time for which application threads were stopped: 0.0055131 seconds, Stopping threads took: 0.0002148 seconds
2024-10-04T03:03:02.673+0300: 1071.829: Application time: 0.3429697 seconds
2024-10-04T03:03:02.673+0300: 1071.830: [GC (Allocation Failure) 2024-10-04T03:03:02.673+0300: 1071.830: [DefNew: 1125919K->7254K(1258304K), 0.0056340 secs] 1143704K->25039K(4054528K), 0.0057058 secs] [Times: user=0.00 sys=0.00, real=0.01 secs] 
2024-10-04T03:03:02.688+0300: 1071.835: Total time for which application threads were stopped: 0.0059923 seconds, Stopping threads took: 0.0001513 seconds
2024-10-04T03:03:03.033+0300: 1072.178: Application time: 0.3427108 seconds
2024-10-04T03:03:03.033+0300: 1072.178: [GC (Allocation Failure) 2024-10-04T03:03:03.033+0300: 1072.178: [DefNew: 1125782K->5698K(1258304K), 0.0032736 secs] 1143567K->23484K(4054528K), 0.0033640 secs] [Times: user=0.00 sys=0.00, real=0.00 secs] 
2024-10-04T03:03:03.036+0300: 1072.182: Total time for which application threads were stopped: 0.0036821 seconds, Stopping threads took: 0.0001576 seconds
2024-10-04T03:03:03.379+0300: 1072.530: Application time: 0.3481161 seconds
2024-10-04T03:03:03.379+0300: 1072.530: [GC (Allocation Failure) 2024-10-04T03:03:03.379+0300: 1072.530: [DefNew: 1124226K->5760K(1258304K), 0.0033588 secs] 1142012K->23546K(4054528K), 0.0034347 secs] [Times: user=0.00 sys=0.00, real=0.00 secs] 
2024-10-04T03:03:03.379+0300: 1072.534: Total time for which application threads were stopped: 0.0037279 seconds, Stopping threads took: 0.0001352 seconds
2024-10-04T03:03:03.724+0300: 1072.881: Application time: 0.3469404 seconds
2024-10-04T03:03:03.724+0300: 1072.881: [GC (Allocation Failure) 2024-10-04T03:03:03.724+0300: 1072.881: [DefNew: 1124288K->5492K(1258304K), 0.0031986 secs] 1142074K->23278K(4054528K), 0.0032653 secs] [Times: user=0.00 sys=0.00, real=0.01 secs] 
2024-10-04T03:03:03.738+0300: 1072.884: Total time for which application threads were stopped: 0.0035593 seconds, Stopping threads took: 0.0001704 seconds
2024-10-04T03:03:04.085+0300: 1073.231: Application time: 0.3473237 seconds
2024-10-04T03:03:04.085+0300: 1073.232: [GC (Allocation Failure) 2024-10-04T03:03:04.085+0300: 1073.232: [DefNew: 1124020K->5513K(1258304K), 0.0031390 secs] 1141806K->23299K(4054528K), 0.0032073 secs] [Times: user=0.00 sys=0.00, real=0.00 secs] 
2024-10-04T03:03:04.085+0300: 1073.235: Total time for which application threads were stopped: 0.0034907 seconds, Stopping threads took: 0.0001677 seconds
2024-10-04T03:03:04.431+0300: 1073.583: Application time: 0.3482075 seconds
2024-10-04T03:03:04.431+0300: 1073.584: [GC (Allocation Failure) 2024-10-04T03:03:04.431+0300: 1073.584: [DefNew: 1124041K->5619K(1258304K), 0.0040428 secs] 1141827K->23405K(4054528K), 0.0041113 secs] [Times: user=0.00 sys=0.00, real=0.01 secs] 
2024-10-04T03:03:04.440+0300: 1073.588: Total time for which application threads were stopped: 0.0045052 seconds, Stopping threads took: 0.0002071 seconds
2024-10-04T03:03:04.776+0300: 1073.930: Application time: 0.3427605 seconds
2024-10-04T03:03:04.776+0300: 1073.931: [GC (Allocation Failure) 2024-10-04T03:03:04.776+0300: 1073.931: [DefNew: 1124147K->7216K(1258304K), 0.0062158 secs] 1141933K->25003K(4054528K), 0.0062907 secs] [Times: user=0.02 sys=0.00, real=0.02 secs] 
2024-10-04T03:03:04.792+0300: 1073.937: Total time for which application threads were stopped: 0.0065893 seconds, Stopping threads took: 0.0001647 seconds
2024-10-04T03:03:05.153+0300: 1074.304: Application time: 0.3665061 seconds
2024-10-04T03:03:05.153+0300: 1074.304: [GC (Allocation Failure) 2024-10-04T03:03:05.153+0300: 1074.304: [DefNew: 1125744K->5565K(1258304K), 0.0036318 secs] 1143531K->23353K(4054528K), 0.0037153 secs] [Times: user=0.02 sys=0.00, real=0.00 secs] 
2024-10-04T03:03:05.153+0300: 1074.308: Total time for which application threads were stopped: 0.0040022 seconds, Stopping threads took: 0.0001452 seconds
2024-10-04T03:03:05.498+0300: 1074.656: Application time: 0.3484535 seconds
2024-10-04T03:03:05.498+0300: 1074.656: [GC (Allocation Failure) 2024-10-04T03:03:05.498+0300: 1074.656: [DefNew: 1124093K->5485K(1258304K), 0.0036214 secs] 1141881K->23272K(4054528K), 0.0037031 secs] [Times: user=0.00 sys=0.00, real=0.02 secs] 
2024-10-04T03:03:05.514+0300: 1074.660: Total time for which application threads were stopped: 0.0039909 seconds, Stopping threads took: 0.0001600 seconds
2024-10-04T03:03:05.860+0300: 1075.009: Application time: 0.3492612 seconds
2024-10-04T03:03:05.860+0300: 1075.010: [GC (Allocation Failure) 2024-10-04T03:03:05.860+0300: 1075.010: [DefNew: 1124013K->5497K(1258304K), 0.0036065 secs] 1141800K->23285K(4054528K), 0.0036781 secs] [Times: user=0.00 sys=0.00, real=0.00 secs] 
2024-10-04T03:03:05.860+0300: 1075.013: Total time for which application threads were stopped: 0.0039582 seconds, Stopping threads took: 0.0001441 seconds
2024-10-04T03:03:06.205+0300: 1075.363: Application time: 0.3493468 seconds
2024-10-04T03:03:06.205+0300: 1075.363: [GC (Allocation Failure) 2024-10-04T03:03:06.205+0300: 1075.363: [DefNew: 1124025K->5592K(1258304K), 0.0037682 secs] 1141813K->23380K(4054528K), 0.0038450 secs] [Times: user=0.00 sys=0.00, real=0.02 secs] 
2024-10-04T03:03:06.220+0300: 1075.367: Total time for which application threads were stopped: 0.0041498 seconds, Stopping threads took: 0.0001666 seconds
2024-10-04T03:03:06.550+0300: 1075.708: Application time: 0.3411269 seconds
2024-10-04T03:03:06.550+0300: 1075.708: [GC (Allocation Failure) 2024-10-04T03:03:06.550+0300: 1075.708: [DefNew: 1124120K->8644K(1258304K), 0.0061767 secs] 1141908K->26432K(4054528K), 0.0062631 secs] [Times: user=0.02 sys=0.00, real=0.02 secs] 
2024-10-04T03:03:06.566+0300: 1075.714: Total time for which application threads were stopped: 0.0065537 seconds, Stopping threads took: 0.0001541 seconds
2024-10-04T03:03:06.927+0300: 1076.074: Application time: 0.3596817 seconds
2024-10-04T03:03:06.927+0300: 1076.074: [GC (Allocation Failure) 2024-10-04T03:03:06.927+0300: 1076.074: [DefNew: 1127172K->5515K(1258304K), 0.0034209 secs] 1144960K->23304K(4054528K), 0.0034960 secs] [Times: user=0.00 sys=0.00, real=0.00 secs] 
2024-10-04T03:03:06.927+0300: 1076.078: Total time for which application threads were stopped: 0.0037334 seconds, Stopping threads took: 0.0001193 seconds
2024-10-04T03:03:07.273+0300: 1076.429: Application time: 0.3507452 seconds
2024-10-04T03:03:07.273+0300: 1076.429: [GC (Allocation Failure) 2024-10-04T03:03:07.273+0300: 1076.429: [DefNew: 1124043K->5605K(1258304K), 0.0036965 secs] 1141832K->23394K(4054528K), 0.0037688 secs] [Times: user=0.02 sys=0.00, real=0.00 secs] 
2024-10-04T03:03:07.273+0300: 1076.433: Total time for which application threads were stopped: 0.0041129 seconds, Stopping threads took: 0.0001931 seconds
2024-10-04T03:03:07.619+0300: 1076.770: Application time: 0.3372175 seconds
2024-10-04T03:03:07.619+0300: 1076.770: [GC (Allocation Failure) 2024-10-04T03:03:07.619+0300: 1076.770: [DefNew: 1124133K->5964K(1258304K), 0.0037680 secs] 1141922K->23753K(4054528K), 0.0038452 secs] [Times: user=0.00 sys=0.00, real=0.00 secs] 
2024-10-04T03:03:07.619+0300: 1076.774: Total time for which application threads were stopped: 0.0041616 seconds, Stopping threads took: 0.0001905 seconds
2024-10-04T03:03:07.964+0300: 1077.124: Application time: 0.3494441 seconds
2024-10-04T03:03:07.964+0300: 1077.124: [GC (Allocation Failure) 2024-10-04T03:03:07.964+0300: 1077.124: [DefNew: 1124492K->8140K(1258304K), 0.0054797 secs] 1142281K->25930K(4054528K), 0.0056085 secs] [Times: user=0.00 sys=0.00, real=0.02 secs] 
2024-10-04T03:03:07.980+0300: 1077.130: Total time for which application threads were stopped: 0.0060298 seconds, Stopping threads took: 0.0002127 seconds
2024-10-04T03:03:08.325+0300: 1077.474: Application time: 0.3446420 seconds
2024-10-04T03:03:08.325+0300: 1077.475: [GC (Allocation Failure) 2024-10-04T03:03:08.325+0300: 1077.475: [DefNew: 1126668K->8468K(1258304K), 0.0064849 secs] 1144458K->26258K(4054528K), 0.0065628 secs] [Times: user=0.00 sys=0.00, real=0.00 secs] 
2024-10-04T03:03:08.325+0300: 1077.481: Total time for which application threads were stopped: 0.0068937 seconds, Stopping threads took: 0.0002048 seconds
2024-10-04T03:03:08.670+0300: 1077.830: Application time: 0.3488553 seconds
2024-10-04T03:03:08.670+0300: 1077.830: [GC (Allocation Failure) 2024-10-04T03:03:08.670+0300: 1077.830: [DefNew: 1126996K->5528K(1258304K), 0.0032239 secs] 1144786K->23318K(4054528K), 0.0032902 secs] [Times: user=0.00 sys=0.00, real=0.02 secs] 
2024-10-04T03:03:08.686+0300: 1077.834: Total time for which application threads were stopped: 0.0036016 seconds, Stopping threads took: 0.0001868 seconds
2024-10-04T03:03:09.031+0300: 1078.183: Application time: 0.3497843 seconds
2024-10-04T03:03:09.031+0300: 1078.184: [GC (Allocation Failure) 2024-10-04T03:03:09.031+0300: 1078.184: [DefNew: 1124056K->5609K(1258304K), 0.0032537 secs] 1141846K->23399K(4054528K), 0.0033290 secs] [Times: user=0.00 sys=0.00, real=0.00 secs] 
2024-10-04T03:03:09.031+0300: 1078.187: Total time for which application threads were stopped: 0.0036293 seconds, Stopping threads took: 0.0001771 seconds
2024-10-04T03:03:09.376+0300: 1078.523: Application time: 0.3364256 seconds
2024-10-04T03:03:09.376+0300: 1078.524: [GC (Allocation Failure) 2024-10-04T03:03:09.376+0300: 1078.524: [DefNew: 1124137K->7954K(1258304K), 0.0051218 secs] 1141927K->25745K(4054528K), 0.0052013 secs] [Times: user=0.00 sys=0.00, real=0.00 secs] 
2024-10-04T03:03:09.376+0300: 1078.529: Total time for which application threads were stopped: 0.0055016 seconds, Stopping threads took: 0.0001844 seconds
2024-10-04T03:03:09.722+0300: 1078.869: Application time: 0.3397763 seconds
2024-10-04T03:03:09.722+0300: 1078.869: [GC (Allocation Failure) 2024-10-04T03:03:09.722+0300: 1078.869: [DefNew: 1126482K->9377K(1258304K), 0.0075878 secs] 1144273K->27168K(4054528K), 0.0076568 secs] [Times: user=0.00 sys=0.00, real=0.00 secs] 
2024-10-04T03:03:09.722+0300: 1078.877: Total time for which application threads were stopped: 0.0079207 seconds, Stopping threads took: 0.0001471 seconds
2024-10-04T03:03:10.083+0300: 1079.234: Application time: 0.3575507 seconds
2024-10-04T03:03:10.083+0300: 1079.234: [GC (Allocation Failure) 2024-10-04T03:03:10.083+0300: 1079.234: [DefNew: 1127905K->5573K(1258304K), 0.0032417 secs] 1145696K->23365K(4054528K), 0.0033111 secs] [Times: user=0.00 sys=0.00, real=0.00 secs] 
2024-10-04T03:03:10.083+0300: 1079.238: Total time for which application threads were stopped: 0.0036039 seconds, Stopping threads took: 0.0001741 seconds
2024-10-04T03:03:10.427+0300: 1079.586: Application time: 0.3482243 seconds
2024-10-04T03:03:10.427+0300: 1079.586: [GC (Allocation Failure) 2024-10-04T03:03:10.427+0300: 1079.586: [DefNew: 1124101K->5615K(1258304K), 0.0033927 secs] 1141893K->23407K(4054528K), 0.0034678 secs] [Times: user=0.00 sys=0.00, real=0.02 secs] 
2024-10-04T03:03:10.443+0300: 1079.590: Total time for which application threads were stopped: 0.0037770 seconds, Stopping threads took: 0.0001818 seconds
2024-10-04T03:03:10.773+0300: 1079.925: Application time: 0.3355370 seconds
2024-10-04T03:03:10.773+0300: 1079.926: [GC (Allocation Failure) 2024-10-04T03:03:10.773+0300: 1079.926: [DefNew: 1124143K->5648K(1258304K), 0.0032594 secs] 1141935K->23440K(4054528K), 0.0033298 secs] [Times: user=0.00 sys=0.00, real=0.00 secs] 
2024-10-04T03:03:10.773+0300: 1079.929: Total time for which application threads were stopped: 0.0036119 seconds, Stopping threads took: 0.0001663 seconds
2024-10-04T03:03:11.129+0300: 1080.276: Application time: 0.3470566 seconds
2024-10-04T03:03:11.129+0300: 1080.276: [GC (Allocation Failure) 2024-10-04T03:03:11.129+0300: 1080.276: [DefNew: 1124176K->7442K(1258304K), 0.0050565 secs] 1141968K->25235K(4054528K), 0.0051247 secs] [Times: user=0.00 sys=0.00, real=0.01 secs] 
2024-10-04T03:03:11.134+0300: 1080.281: Total time for which application threads were stopped: 0.0054180 seconds, Stopping threads took: 0.0001778 seconds
2024-10-04T03:03:11.464+0300: 1080.623: Application time: 0.3417742 seconds
2024-10-04T03:03:11.464+0300: 1080.623: [GC (Allocation Failure) 2024-10-04T03:03:11.464+0300: 1080.624: [DefNew: 1125970K->9041K(1258304K), 0.0075670 secs] 1143763K->26833K(4054528K), 0.0076421 secs] [Times: user=0.00 sys=0.00, real=0.02 secs] 
2024-10-04T03:03:11.480+0300: 1080.631: Total time for which application threads were stopped: 0.0079504 seconds, Stopping threads took: 0.0001819 seconds
2024-10-04T03:03:11.825+0300: 1080.979: Application time: 0.3480933 seconds
2024-10-04T03:03:11.825+0300: 1080.980: [GC (Allocation Failure) 2024-10-04T03:03:11.825+0300: 1080.980: [DefNew: 1127569K->5548K(1258304K), 0.0032117 secs] 1145361K->23341K(4054528K), 0.0032826 secs] [Times: user=0.00 sys=0.00, real=0.00 secs] 
2024-10-04T03:03:11.825+0300: 1080.983: Total time for which application threads were stopped: 0.0035776 seconds, Stopping threads took: 0.0001671 seconds
2024-10-04T03:03:12.186+0300: 1081.335: Application time: 0.3519546 seconds
2024-10-04T03:03:12.186+0300: 1081.335: [GC (Allocation Failure) 2024-10-04T03:03:12.186+0300: 1081.335: [DefNew: 1124076K->5487K(1258304K), 0.0031151 secs] 1141869K->23280K(4054528K), 0.0031937 secs] [Times: user=0.00 sys=0.00, real=0.00 secs] 
2024-10-04T03:03:12.186+0300: 1081.338: Total time for which application threads were stopped: 0.0035084 seconds, Stopping threads took: 0.0001506 seconds
2024-10-04T03:03:12.516+0300: 1081.676: Application time: 0.3381049 seconds
2024-10-04T03:03:12.532+0300: 1081.677: [GC (Allocation Failure) 2024-10-04T03:03:12.532+0300: 1081.677: [DefNew: 1124015K->6046K(1258304K), 0.0033790 secs] 1141808K->23840K(4054528K), 0.0034945 secs] [Times: user=0.00 sys=0.00, real=0.00 secs] 
2024-10-04T03:03:12.532+0300: 1081.680: Total time for which application threads were stopped: 0.0037954 seconds, Stopping threads took: 0.0001773 seconds
2024-10-04T03:03:12.862+0300: 1082.016: Application time: 0.3356779 seconds
2024-10-04T03:03:12.862+0300: 1082.016: [GC (Allocation Failure) 2024-10-04T03:03:12.862+0300: 1082.016: [DefNew: 1124574K->7940K(1258304K), 0.0051990 secs] 1142368K->25734K(4054528K), 0.0052708 secs] [Times: user=0.00 sys=0.00, real=0.00 secs] 
2024-10-04T03:03:12.862+0300: 1082.021: Total time for which application threads were stopped: 0.0055346 seconds, Stopping threads took: 0.0001515 seconds
2024-10-04T03:03:13.223+0300: 1082.378: Application time: 0.3561546 seconds
2024-10-04T03:03:13.223+0300: 1082.378: [GC (Allocation Failure) 2024-10-04T03:03:13.223+0300: 1082.378: [DefNew: 1126468K->5613K(1258304K), 0.0032285 secs] 1144262K->23407K(4054528K), 0.0032987 secs] [Times: user=0.00 sys=0.00, real=0.00 secs] 
2024-10-04T03:03:13.223+0300: 1082.381: Total time for which application threads were stopped: 0.0036151 seconds, Stopping threads took: 0.0001965 seconds
2024-10-04T03:03:13.568+0300: 1082.729: Application time: 0.3477711 seconds
2024-10-04T03:03:13.584+0300: 1082.729: [GC (Allocation Failure) 2024-10-04T03:03:13.584+0300: 1082.729: [DefNew: 1124141K->5505K(1258304K), 0.0034806 secs] 1141935K->23300K(4054528K), 0.0035717 secs] [Times: user=0.00 sys=0.00, real=0.00 secs] 
2024-10-04T03:03:13.584+0300: 1082.733: Total time for which application threads were stopped: 0.0040221 seconds, Stopping threads took: 0.0003053 seconds
2024-10-04T03:03:13.929+0300: 1083.079: Application time: 0.3463783 seconds
2024-10-04T03:03:13.929+0300: 1083.080: [GC (Allocation Failure) 2024-10-04T03:03:13.929+0300: 1083.080: [DefNew: 1124033K->5554K(1258304K), 0.0034137 secs] 1141828K->23349K(4054528K), 0.0035068 secs] [Times: user=0.02 sys=0.00, real=0.00 secs] 
2024-10-04T03:03:13.929+0300: 1083.083: Total time for which application threads were stopped: 0.0038496 seconds, Stopping threads took: 0.0001699 seconds
2024-10-04T03:03:14.275+0300: 1083.420: Application time: 0.3372743 seconds
2024-10-04T03:03:14.275+0300: 1083.421: [GC (Allocation Failure) 2024-10-04T03:03:14.275+0300: 1083.421: [DefNew: 1124082K->7543K(1258304K), 0.0049210 secs] 1141877K->25338K(4054528K), 0.0050030 secs] [Times: user=0.00 sys=0.00, real=0.00 secs] 
2024-10-04T03:03:14.275+0300: 1083.426: Total time for which application threads were stopped: 0.0052843 seconds, Stopping threads took: 0.0001626 seconds
2024-10-04T03:03:14.605+0300: 1083.764: Application time: 0.3384474 seconds
2024-10-04T03:03:14.605+0300: 1083.764: [GC (Allocation Failure) 2024-10-04T03:03:14.605+0300: 1083.764: [DefNew: 1126071K->11102K(1258304K), 0.0105087 secs] 1143866K->28897K(4054528K), 0.0105767 secs] [Times: user=0.00 sys=0.00, real=0.01 secs] 
2024-10-04T03:03:14.620+0300: 1083.775: Total time for which application threads were stopped: 0.0108138 seconds, Stopping threads took: 0.0001288 seconds
2024-10-04T03:03:14.982+0300: 1084.135: Application time: 0.3599688 seconds
2024-10-04T03:03:14.982+0300: 1084.135: [GC (Allocation Failure) 2024-10-04T03:03:14.982+0300: 1084.135: [DefNew: 1129630K->5687K(1258304K), 0.0032325 secs] 1147425K->23483K(4054528K), 0.0033077 secs] [Times: user=0.00 sys=0.00, real=0.00 secs] 
2024-10-04T03:03:14.982+0300: 1084.139: Total time for which application threads were stopped: 0.0036007 seconds, Stopping threads took: 0.0001728 seconds
2024-10-04T03:03:15.327+0300: 1084.486: Application time: 0.3471168 seconds
2024-10-04T03:03:15.327+0300: 1084.486: [GC (Allocation Failure) 2024-10-04T03:03:15.327+0300: 1084.486: [DefNew: 1124215K->5606K(1258304K), 0.0033801 secs] 1142011K->23402K(4054528K), 0.0034541 secs] [Times: user=0.00 sys=0.00, real=0.02 secs] 
2024-10-04T03:03:15.342+0300: 1084.490: Total time for which application threads were stopped: 0.0037453 seconds, Stopping threads took: 0.0001689 seconds
2024-10-04T03:03:15.672+0300: 1084.827: Application time: 0.3372976 seconds
2024-10-04T03:03:15.672+0300: 1084.827: [GC (Allocation Failure) 2024-10-04T03:03:15.672+0300: 1084.827: [DefNew: 1124134K->5703K(1258304K), 0.0033016 secs] 1141930K->23499K(4054528K), 0.0034113 secs] [Times: user=0.00 sys=0.00, real=0.00 secs] 
2024-10-04T03:03:15.672+0300: 1084.831: Total time for which application threads were stopped: 0.0037043 seconds, Stopping threads took: 0.0001691 seconds
2024-10-04T03:03:16.018+0300: 1085.171: Application time: 0.3400472 seconds
2024-10-04T03:03:16.018+0300: 1085.171: [GC (Allocation Failure) 2024-10-04T03:03:16.018+0300: 1085.171: [DefNew: 1124231K->9216K(1258304K), 0.0071335 secs] 1142027K->27013K(4054528K), 0.0072024 secs] [Times: user=0.00 sys=0.00, real=0.00 secs] 
2024-10-04T03:03:16.018+0300: 1085.178: Total time for which application threads were stopped: 0.0074605 seconds, Stopping threads took: 0.0001404 seconds
2024-10-04T03:03:16.380+0300: 1085.529: Application time: 0.3506041 seconds
2024-10-04T03:03:16.380+0300: 1085.529: [GC (Allocation Failure) 2024-10-04T03:03:16.380+0300: 1085.529: [DefNew: 1127744K->5571K(1258304K), 0.0032056 secs] 1145541K->23368K(4054528K), 0.0032811 secs] [Times: user=0.00 sys=0.00, real=0.00 secs] 
2024-10-04T03:03:16.380+0300: 1085.532: Total time for which application threads were stopped: 0.0036031 seconds, Stopping threads took: 0.0001968 seconds
2024-10-04T03:03:16.724+0300: 1085.884: Application time: 0.3517492 seconds
2024-10-04T03:03:16.724+0300: 1085.884: [GC (Allocation Failure) 2024-10-04T03:03:16.724+0300: 1085.884: [DefNew: 1124099K->5465K(1258304K), 0.0032115 secs] 1141896K->23262K(4054528K), 0.0032879 secs] [Times: user=0.00 sys=0.00, real=0.02 secs] 
2024-10-04T03:03:16.740+0300: 1085.888: Total time for which application threads were stopped: 0.0035657 seconds, Stopping threads took: 0.0001182 seconds
2024-10-04T03:03:17.086+0300: 1086.237: Application time: 0.3495969 seconds
2024-10-04T03:03:17.086+0300: 1086.237: [GC (Allocation Failure) 2024-10-04T03:03:17.086+0300: 1086.237: [DefNew: 1123993K->5623K(1258304K), 0.0031232 secs] 1141790K->23420K(4054528K), 0.0031910 secs] [Times: user=0.00 sys=0.00, real=0.00 secs] 
2024-10-04T03:03:17.086+0300: 1086.241: Total time for which application threads were stopped: 0.0034642 seconds, Stopping threads took: 0.0001595 seconds
2024-10-04T03:03:17.416+0300: 1086.574: Application time: 0.3332238 seconds
2024-10-04T03:03:17.416+0300: 1086.574: [GC (Allocation Failure) 2024-10-04T03:03:17.416+0300: 1086.574: [DefNew: 1124151K->5503K(1258304K), 0.0033311 secs] 1141948K->23301K(4054528K), 0.0034056 secs] [Times: user=0.00 sys=0.00, real=0.02 secs] 
2024-10-04T03:03:17.431+0300: 1086.578: Total time for which application threads were stopped: 0.0036813 seconds, Stopping threads took: 0.0001514 seconds
2024-10-04T03:03:17.771+0300: 1086.919: Application time: 0.3413308 seconds
2024-10-04T03:03:17.771+0300: 1086.919: [GC (Allocation Failure) 2024-10-04T03:03:17.771+0300: 1086.919: [DefNew: 1124031K->8176K(1258304K), 0.0054978 secs] 1141829K->25975K(4054528K), 0.0055676 secs] [Times: user=0.00 sys=0.00, real=0.01 secs] 
2024-10-04T03:03:17.777+0300: 1086.925: Total time for which application threads were stopped: 0.0058173 seconds, Stopping threads took: 0.0001393 seconds
2024-10-04T03:03:18.122+0300: 1087.281: Application time: 0.3562043 seconds
2024-10-04T03:03:18.122+0300: 1087.281: [GC (Allocation Failure) 2024-10-04T03:03:18.122+0300: 1087.281: [DefNew: 1126704K->5367K(1258304K), 0.0031328 secs] 1144503K->23166K(4054528K), 0.0032169 secs] [Times: user=0.00 sys=0.00, real=0.02 secs] 
2024-10-04T03:03:18.137+0300: 1087.284: Total time for which application threads were stopped: 0.0035695 seconds, Stopping threads took: 0.0002092 seconds
2024-10-04T03:03:18.483+0300: 1087.631: Application time: 0.3467423 seconds
2024-10-04T03:03:18.483+0300: 1087.631: [GC (Allocation Failure) 2024-10-04T03:03:18.483+0300: 1087.631: [DefNew: 1123895K->5574K(1258304K), 0.0032276 secs] 1141694K->23373K(4054528K), 0.0033011 secs] [Times: user=0.00 sys=0.00, real=0.00 secs] 
2024-10-04T03:03:18.483+0300: 1087.635: Total time for which application threads were stopped: 0.0035641 seconds, Stopping threads took: 0.0001387 seconds
2024-10-04T03:03:18.828+0300: 1087.974: Application time: 0.3389617 seconds
2024-10-04T03:03:18.828+0300: 1087.974: [GC (Allocation Failure) 2024-10-04T03:03:18.828+0300: 1087.976: [DefNew: 1124102K->5551K(1258304K), 0.0037157 secs] 1141901K->23350K(4054528K), 0.0059583 secs] [Times: user=0.00 sys=0.00, real=0.00 secs] 
2024-10-04T03:03:18.828+0300: 1087.980: Total time for which application threads were stopped: 0.0062497 seconds, Stopping threads took: 0.0001671 seconds
2024-10-04T03:03:19.174+0300: 1088.324: Application time: 0.3440962 seconds
2024-10-04T03:03:19.174+0300: 1088.324: [GC (Allocation Failure) 2024-10-04T03:03:19.174+0300: 1088.324: [DefNew: 1124079K->7913K(1258304K), 0.0051067 secs] 1141878K->25713K(4054528K), 0.0051699 secs] [Times: user=0.00 sys=0.00, real=0.00 secs] 
2024-10-04T03:03:19.174+0300: 1088.330: Total time for which application threads were stopped: 0.0054324 seconds, Stopping threads took: 0.0001562 seconds
2024-10-04T03:03:19.520+0300: 1088.675: Application time: 0.3455743 seconds
2024-10-04T03:03:19.520+0300: 1088.675: [GC (Allocation Failure) 2024-10-04T03:03:19.520+0300: 1088.675: [DefNew: 1126441K->6351K(1258304K), 0.0036193 secs] 1144241K->24151K(4054528K), 0.0036888 secs] [Times: user=0.00 sys=0.00, real=0.00 secs] 
2024-10-04T03:03:19.520+0300: 1088.679: Total time for which application threads were stopped: 0.0039886 seconds, Stopping threads took: 0.0001800 seconds
2024-10-04T03:03:19.881+0300: 1089.033: Application time: 0.3539912 seconds
2024-10-04T03:03:19.881+0300: 1089.033: [GC (Allocation Failure) 2024-10-04T03:03:19.881+0300: 1089.033: [DefNew: 1124879K->5598K(1258304K), 0.0036015 secs] 1142679K->23398K(4054528K), 0.0036749 secs] [Times: user=0.00 sys=0.00, real=0.00 secs] 
2024-10-04T03:03:19.881+0300: 1089.037: Total time for which application threads were stopped: 0.0039805 seconds, Stopping threads took: 0.0001587 seconds
2024-10-04T03:03:20.226+0300: 1089.385: Application time: 0.3482285 seconds
2024-10-04T03:03:20.226+0300: 1089.386: [GC (Allocation Failure) 2024-10-04T03:03:20.226+0300: 1089.386: [DefNew: 1124126K->5658K(1258304K), 0.0039222 secs] 1141926K->23458K(4054528K), 0.0040047 secs] [Times: user=0.00 sys=0.00, real=0.01 secs] 
2024-10-04T03:03:20.241+0300: 1089.390: Total time for which application threads were stopped: 0.0043287 seconds, Stopping threads took: 0.0001804 seconds
2024-10-04T03:03:20.578+0300: 1089.726: Application time: 0.3361685 seconds
2024-10-04T03:03:20.578+0300: 1089.726: [GC (Allocation Failure) 2024-10-04T03:03:20.578+0300: 1089.726: [DefNew: 1124186K->5552K(1258304K), 0.0032005 secs] 1141986K->23352K(4054528K), 0.0032784 secs] [Times: user=0.00 sys=0.00, real=0.00 secs] 
2024-10-04T03:03:20.578+0300: 1089.729: Total time for which application threads were stopped: 0.0035400 seconds, Stopping threads took: 0.0001474 seconds
2024-10-04T03:03:20.917+0300: 1090.072: Application time: 0.3425213 seconds
2024-10-04T03:03:20.917+0300: 1090.072: [GC (Allocation Failure) 2024-10-04T03:03:20.917+0300: 1090.072: [DefNew: 1124080K->14165K(1258304K), 0.0148105 secs] 1141880K->31966K(4054528K), 0.0148874 secs] [Times: user=0.01 sys=0.00, real=0.01 secs] 
2024-10-04T03:03:20.932+0300: 1090.087: Total time for which application threads were stopped: 0.0152210 seconds, Stopping threads took: 0.0001927 seconds
2024-10-04T03:03:21.280+0300: 1090.438: Application time: 0.3504698 seconds
2024-10-04T03:03:21.280+0300: 1090.438: [GC (Allocation Failure) 2024-10-04T03:03:21.280+0300: 1090.438: [DefNew: 1132693K->5518K(1258304K), 0.0033225 secs] 1150494K->23319K(4054528K), 0.0034006 secs] [Times: user=0.00 sys=0.00, real=0.01 secs] 
2024-10-04T03:03:21.294+0300: 1090.441: Total time for which application threads were stopped: 0.0037909 seconds, Stopping threads took: 0.0002304 seconds
2024-10-04T03:03:21.639+0300: 1090.795: Application time: 0.3534011 seconds
2024-10-04T03:03:21.639+0300: 1090.795: [GC (Allocation Failure) 2024-10-04T03:03:21.639+0300: 1090.795: [DefNew: 1124046K->5669K(1258304K), 0.0032098 secs] 1141847K->23471K(4054528K), 0.0032843 secs] [Times: user=0.00 sys=0.00, real=0.00 secs] 
2024-10-04T03:03:21.639+0300: 1090.798: Total time for which application threads were stopped: 0.0035397 seconds, Stopping threads took: 0.0001401 seconds
2024-10-04T03:03:22.001+0300: 1091.151: Application time: 0.3530700 seconds
2024-10-04T03:03:22.001+0300: 1091.152: [GC (Allocation Failure) 2024-10-04T03:03:22.001+0300: 1091.152: [DefNew: 1124197K->5530K(1258304K), 0.0033967 secs] 1141999K->23332K(4054528K), 0.0034756 secs] [Times: user=0.00 sys=0.00, real=0.00 secs] 
2024-10-04T03:03:22.001+0300: 1091.155: Total time for which application threads were stopped: 0.0037818 seconds, Stopping threads took: 0.0001580 seconds
2024-10-04T03:03:22.331+0300: 1091.486: Application time: 0.3311104 seconds
2024-10-04T03:03:22.331+0300: 1091.486: [GC (Allocation Failure) 2024-10-04T03:03:22.331+0300: 1091.487: [DefNew: 1124058K->5766K(1258304K), 0.0033478 secs] 1141860K->23568K(4054528K), 0.0034259 secs] [Times: user=0.00 sys=0.00, real=0.00 secs] 
2024-10-04T03:03:22.331+0300: 1091.490: Total time for which application threads were stopped: 0.0036865 seconds, Stopping threads took: 0.0001365 seconds
2024-10-04T03:03:22.692+0300: 1091.839: Application time: 0.3486929 seconds
2024-10-04T03:03:22.692+0300: 1091.839: [GC (Allocation Failure) 2024-10-04T03:03:22.692+0300: 1091.839: [DefNew: 1124294K->6273K(1258304K), 0.0035597 secs] 1142096K->24076K(4054528K), 0.0036281 secs] [Times: user=0.00 sys=0.00, real=0.00 secs] 
2024-10-04T03:03:22.692+0300: 1091.842: Total time for which application threads were stopped: 0.0038458 seconds, Stopping threads took: 0.0000986 seconds
2024-10-04T03:03:23.053+0300: 1092.201: Application time: 0.3586858 seconds
2024-10-04T03:03:23.053+0300: 1092.201: [GC (Allocation Failure) 2024-10-04T03:03:23.053+0300: 1092.202: [DefNew: 1124801K->5618K(1258304K), 0.0032503 secs] 1142604K->23421K(4054528K), 0.0033191 secs] [Times: user=0.00 sys=0.00, real=0.00 secs] 
2024-10-04T03:03:23.053+0300: 1092.205: Total time for which application threads were stopped: 0.0036431 seconds, Stopping threads took: 0.0001973 seconds
2024-10-04T03:03:23.399+0300: 1092.550: Application time: 0.3455379 seconds
2024-10-04T03:03:23.399+0300: 1092.551: [GC (Allocation Failure) 2024-10-04T03:03:23.399+0300: 1092.551: [DefNew: 1124146K->5551K(1258304K), 0.0031485 secs] 1141949K->23354K(4054528K), 0.0032200 secs] [Times: user=0.00 sys=0.00, real=0.00 secs] 
2024-10-04T03:03:23.399+0300: 1092.554: Total time for which application threads were stopped: 0.0035437 seconds, Stopping threads took: 0.0001997 seconds
2024-10-04T03:03:23.744+0300: 1092.891: Application time: 0.3368180 seconds
2024-10-04T03:03:23.744+0300: 1092.891: [GC (Allocation Failure) 2024-10-04T03:03:23.744+0300: 1092.891: [DefNew: 1124079K->5752K(1258304K), 0.0033915 secs] 1141882K->23555K(4054528K), 0.0034613 secs] [Times: user=0.00 sys=0.00, real=0.00 secs] 
2024-10-04T03:03:23.744+0300: 1092.894: Total time for which application threads were stopped: 0.0037160 seconds, Stopping threads took: 0.0001443 seconds
2024-10-04T03:03:24.089+0300: 1093.237: Application time: 0.3421609 seconds
2024-10-04T03:03:24.089+0300: 1093.237: [GC (Allocation Failure) 2024-10-04T03:03:24.089+0300: 1093.237: [DefNew: 1124280K->7759K(1258304K), 0.0053461 secs] 1142083K->25563K(4054528K), 0.0054195 secs] [Times: user=0.00 sys=0.00, real=0.00 secs] 
2024-10-04T03:03:24.089+0300: 1093.242: Total time for which application threads were stopped: 0.0057137 seconds, Stopping threads took: 0.0001808 seconds
2024-10-04T03:03:24.434+0300: 1093.593: Application time: 0.3508074 seconds
2024-10-04T03:03:24.434+0300: 1093.593: [GC (Allocation Failure) 2024-10-04T03:03:24.434+0300: 1093.593: [DefNew: 1126287K->5632K(1258304K), 0.0034071 secs] 1144091K->23436K(4054528K), 0.0034836 secs] [Times: user=0.00 sys=0.00, real=0.02 secs] 
2024-10-04T03:03:24.450+0300: 1093.597: Total time for which application threads were stopped: 0.0037794 seconds, Stopping threads took: 0.0001753 seconds
2024-10-04T03:03:24.795+0300: 1093.948: Application time: 0.3506040 seconds
2024-10-04T03:03:24.795+0300: 1093.948: [GC (Allocation Failure) 2024-10-04T03:03:24.795+0300: 1093.948: [DefNew: 1124160K->5710K(1258304K), 0.0033571 secs] 1141964K->23514K(4054528K), 0.0034221 secs] [Times: user=0.00 sys=0.00, real=0.00 secs] 
2024-10-04T03:03:24.795+0300: 1093.951: Total time for which application threads were stopped: 0.0037752 seconds, Stopping threads took: 0.0002307 seconds
2024-10-04T03:03:25.141+0300: 1094.300: Application time: 0.3488351 seconds
2024-10-04T03:03:25.141+0300: 1094.300: [GC (Allocation Failure) 2024-10-04T03:03:25.141+0300: 1094.300: [DefNew: 1124238K->5449K(1258304K), 0.0031325 secs] 1142042K->23254K(4054528K), 0.0032049 secs] [Times: user=0.00 sys=0.00, real=0.01 secs] 
2024-10-04T03:03:25.156+0300: 1094.304: Total time for which application threads were stopped: 0.0034757 seconds, Stopping threads took: 0.0001515 seconds
2024-10-04T03:03:25.486+0300: 1094.634: Application time: 0.3308065 seconds
2024-10-04T03:03:25.486+0300: 1094.635: [GC (Allocation Failure) 2024-10-04T03:03:25.486+0300: 1094.635: [DefNew: 1123977K->5707K(1258304K), 0.0033415 secs] 1141782K->23512K(4054528K), 0.0034182 secs] [Times: user=0.00 sys=0.00, real=0.00 secs] 
2024-10-04T03:03:25.490+0300: 1094.638: Total time for which application threads were stopped: 0.0036802 seconds, Stopping threads took: 0.0001340 seconds
2024-10-04T03:03:25.831+0300: 1094.982: Application time: 0.3439054 seconds
2024-10-04T03:03:25.831+0300: 1094.982: [GC (Allocation Failure) 2024-10-04T03:03:25.831+0300: 1094.982: [DefNew: 1124235K->7670K(1258304K), 0.0051670 secs] 1142040K->25475K(4054528K), 0.0052462 secs] [Times: user=0.00 sys=0.00, real=0.00 secs] 
2024-10-04T03:03:25.831+0300: 1094.988: Total time for which application threads were stopped: 0.0055421 seconds, Stopping threads took: 0.0001609 seconds
2024-10-04T03:03:26.192+0300: 1095.346: Application time: 0.3583821 seconds
2024-10-04T03:03:26.192+0300: 1095.346: [GC (Allocation Failure) 2024-10-04T03:03:26.192+0300: 1095.346: [DefNew: 1126198K->5562K(1258304K), 0.0031745 secs] 1144003K->23367K(4054528K), 0.0032409 secs] [Times: user=0.00 sys=0.00, real=0.00 secs] 
2024-10-04T03:03:26.192+0300: 1095.349: Total time for which application threads were stopped: 0.0035275 seconds, Stopping threads took: 0.0001716 seconds
2024-10-04T03:03:26.537+0300: 1095.694: Application time: 0.3444048 seconds
2024-10-04T03:03:26.537+0300: 1095.694: [GC (Allocation Failure) 2024-10-04T03:03:26.537+0300: 1095.694: [DefNew: 1124090K->5730K(1258304K), 0.0033068 secs] 1141895K->23537K(4054528K), 0.0033794 secs] [Times: user=0.00 sys=0.00, real=0.00 secs] 
2024-10-04T03:03:26.537+0300: 1095.698: Total time for which application threads were stopped: 0.0036921 seconds, Stopping threads took: 0.0001927 seconds
2024-10-04T03:03:26.882+0300: 1096.037: Application time: 0.3391394 seconds
2024-10-04T03:03:26.882+0300: 1096.037: [GC (Allocation Failure) 2024-10-04T03:03:26.882+0300: 1096.037: [DefNew: 1124258K->5580K(1258304K), 0.0039012 secs] 1142065K->23386K(4054528K), 0.0039992 secs] [Times: user=0.00 sys=0.00, real=0.01 secs] 
2024-10-04T03:03:26.894+0300: 1096.041: Total time for which application threads were stopped: 0.0043216 seconds, Stopping threads took: 0.0001656 seconds
2024-10-04T03:03:27.228+0300: 1096.378: Application time: 0.3370801 seconds
2024-10-04T03:03:27.228+0300: 1096.378: [GC (Allocation Failure) 2024-10-04T03:03:27.228+0300: 1096.378: [DefNew: 1124108K->8757K(1258304K), 0.0063054 secs] 1141914K->26563K(4054528K), 0.0063882 secs] [Times: user=0.00 sys=0.00, real=0.00 secs] 
2024-10-04T03:03:27.228+0300: 1096.385: Total time for which application threads were stopped: 0.0067382 seconds, Stopping threads took: 0.0002216 seconds
2024-10-04T03:03:27.589+0300: 1096.735: Application time: 0.3498866 seconds
2024-10-04T03:03:27.589+0300: 1096.735: [GC (Allocation Failure) 2024-10-04T03:03:27.589+0300: 1096.735: [DefNew: 1127285K->5444K(1258304K), 0.0031224 secs] 1145091K->23251K(4054528K), 0.0031918 secs] [Times: user=0.00 sys=0.00, real=0.00 secs] 
2024-10-04T03:03:27.589+0300: 1096.738: Total time for which application threads were stopped: 0.0034638 seconds, Stopping threads took: 0.0001532 seconds
2024-10-04T03:03:27.935+0300: 1097.095: Application time: 0.3569003 seconds
2024-10-04T03:03:27.950+0300: 1097.096: [GC (Allocation Failure) 2024-10-04T03:03:27.950+0300: 1097.096: [DefNew: 1123972K->5539K(1258304K), 0.0031130 secs] 1141779K->23346K(4054528K), 0.0031901 secs] [Times: user=0.01 sys=0.00, real=0.00 secs] 
2024-10-04T03:03:27.950+0300: 1097.099: Total time for which application threads were stopped: 0.0037649 seconds, Stopping threads took: 0.0004301 seconds
2024-10-04T03:03:28.296+0300: 1097.443: Application time: 0.3440087 seconds
2024-10-04T03:03:28.296+0300: 1097.443: [GC (Allocation Failure) 2024-10-04T03:03:28.296+0300: 1097.443: [DefNew: 1124067K->5671K(1258304K), 0.0032744 secs] 1141874K->23478K(4054528K), 0.0033458 secs] [Times: user=0.00 sys=0.00, real=0.00 secs] 
2024-10-04T03:03:28.296+0300: 1097.447: Total time for which application threads were stopped: 0.0036511 seconds, Stopping threads took: 0.0001764 seconds
2024-10-04T03:03:28.625+0300: 1097.780: Application time: 0.3334903 seconds
2024-10-04T03:03:28.625+0300: 1097.780: [GC (Allocation Failure) 2024-10-04T03:03:28.625+0300: 1097.780: [DefNew: 1124199K->5404K(1258304K), 0.0030449 secs] 1142006K->23212K(4054528K), 0.0031174 secs] [Times: user=0.00 sys=0.00, real=0.00 secs] 
2024-10-04T03:03:28.625+0300: 1097.783: Total time for which application threads were stopped: 0.0033874 seconds, Stopping threads took: 0.0001521 seconds
2024-10-04T03:03:28.985+0300: 1098.132: Application time: 0.3485748 seconds
2024-10-04T03:03:28.985+0300: 1098.132: [GC (Allocation Failure) 2024-10-04T03:03:28.985+0300: 1098.132: [DefNew: 1123932K->6500K(1258304K), 0.0035857 secs] 1141740K->24308K(4054528K), 0.0036540 secs] [Times: user=0.00 sys=0.00, real=0.00 secs] 
2024-10-04T03:03:28.985+0300: 1098.136: Total time for which application threads were stopped: 0.0039153 seconds, Stopping threads took: 0.0001312 seconds
2024-10-04T03:03:29.331+0300: 1098.486: Application time: 0.3500576 seconds
2024-10-04T03:03:29.331+0300: 1098.486: [GC (Allocation Failure) 2024-10-04T03:03:29.331+0300: 1098.486: [DefNew: 1125028K->5534K(1258304K), 0.0031457 secs] 1142836K->23342K(4054528K), 0.0032149 secs] [Times: user=0.00 sys=0.00, real=0.00 secs] 
2024-10-04T03:03:29.331+0300: 1098.490: Total time for which application threads were stopped: 0.0035404 seconds, Stopping threads took: 0.0001982 seconds
2024-10-04T03:03:29.692+0300: 1098.838: Application time: 0.3485566 seconds
2024-10-04T03:03:29.692+0300: 1098.838: [GC (Allocation Failure) 2024-10-04T03:03:29.692+0300: 1098.838: [DefNew: 1124062K->5525K(1258304K), 0.0031320 secs] 1141870K->23334K(4054528K), 0.0031990 secs] [Times: user=0.00 sys=0.00, real=0.00 secs] 
2024-10-04T03:03:29.692+0300: 1098.842: Total time for which application threads were stopped: 0.0034845 seconds, Stopping threads took: 0.0001668 seconds
2024-10-04T03:03:30.038+0300: 1099.187: Application time: 0.3458426 seconds
2024-10-04T03:03:30.038+0300: 1099.188: [GC (Allocation Failure) 2024-10-04T03:03:30.038+0300: 1099.188: [DefNew: 1124053K->5756K(1258304K), 0.0035252 secs] 1141862K->23565K(4054528K), 0.0036076 secs] [Times: user=0.00 sys=0.00, real=0.00 secs] 
2024-10-04T03:03:30.038+0300: 1099.191: Total time for which application threads were stopped: 0.0039224 seconds, Stopping threads took: 0.0001739 seconds
2024-10-04T03:03:30.368+0300: 1099.527: Application time: 0.3361381 seconds
2024-10-04T03:03:30.368+0300: 1099.528: [GC (Allocation Failure) 2024-10-04T03:03:30.368+0300: 1099.528: [DefNew: 1124284K->9744K(1258304K), 0.0075393 secs] 1142093K->27554K(4054528K), 0.0076160 secs] [Times: user=0.00 sys=0.00, real=0.01 secs] 
2024-10-04T03:03:30.383+0300: 1099.535: Total time for which application threads were stopped: 0.0079250 seconds, Stopping threads took: 0.0001851 seconds
2024-10-04T03:03:30.729+0300: 1099.883: Application time: 0.3472466 seconds
2024-10-04T03:03:30.729+0300: 1099.883: [GC (Allocation Failure) 2024-10-04T03:03:30.729+0300: 1099.883: [DefNew: 1128272K->7707K(1258304K), 0.0050004 secs] 1146082K->25517K(4054528K), 0.0050699 secs] [Times: user=0.00 sys=0.00, real=0.00 secs] 
2024-10-04T03:03:30.729+0300: 1099.888: Total time for which application threads were stopped: 0.0053308 seconds, Stopping threads took: 0.0001483 seconds
2024-10-04T03:03:31.103+0300: 1100.249: Application time: 0.3613402 seconds
2024-10-04T03:03:31.103+0300: 1100.250: [GC (Allocation Failure) 2024-10-04T03:03:31.103+0300: 1100.250: [DefNew: 1126235K->5548K(1258304K), 0.0033420 secs] 1144045K->23358K(4054528K), 0.0034113 secs] [Times: user=0.00 sys=0.00, real=0.00 secs] 
2024-10-04T03:03:31.106+0300: 1100.253: Total time for which application threads were stopped: 0.0037342 seconds, Stopping threads took: 0.0001839 seconds
2024-10-04T03:03:31.435+0300: 1100.593: Application time: 0.3396580 seconds
2024-10-04T03:03:31.435+0300: 1100.593: [GC (Allocation Failure) 2024-10-04T03:03:31.435+0300: 1100.593: [DefNew: 1124076K->5473K(1258304K), 0.0032715 secs] 1141886K->23283K(4054528K), 0.0033492 secs] [Times: user=0.00 sys=0.00, real=0.02 secs] 
2024-10-04T03:03:31.451+0300: 1100.596: Total time for which application threads were stopped: 0.0036416 seconds, Stopping threads took: 0.0001681 seconds
2024-10-04T03:03:31.780+0300: 1100.936: Application time: 0.3398233 seconds
2024-10-04T03:03:31.780+0300: 1100.937: [GC (Allocation Failure) 2024-10-04T03:03:31.780+0300: 1100.937: [DefNew: 1124001K->6360K(1258304K), 0.0035917 secs] 1141811K->24171K(4054528K), 0.0036630 secs] [Times: user=0.00 sys=0.00, real=0.00 secs] 
2024-10-04T03:03:31.780+0300: 1100.940: Total time for which application threads were stopped: 0.0039991 seconds, Stopping threads took: 0.0002170 seconds
2024-10-04T03:03:32.126+0300: 1101.284: Application time: 0.3441923 seconds
2024-10-04T03:03:32.126+0300: 1101.285: [GC (Allocation Failure) 2024-10-04T03:03:32.126+0300: 1101.285: [DefNew: 1124888K->7494K(1258304K), 0.0052289 secs] 1142699K->25305K(4054528K), 0.0052993 secs] [Times: user=0.00 sys=0.00, real=0.02 secs] 
2024-10-04T03:03:32.141+0300: 1101.290: Total time for which application threads were stopped: 0.0055987 seconds, Stopping threads took: 0.0001765 seconds
2024-10-04T03:03:32.486+0300: 1101.639: Application time: 0.3485910 seconds
2024-10-04T03:03:32.486+0300: 1101.639: [GC (Allocation Failure) 2024-10-04T03:03:32.486+0300: 1101.639: [DefNew: 1126022K->5629K(1258304K), 0.0032684 secs] 1143833K->23440K(4054528K), 0.0033410 secs] [Times: user=0.00 sys=0.00, real=0.00 secs] 
2024-10-04T03:03:32.486+0300: 1101.642: Total time for which application threads were stopped: 0.0036903 seconds, Stopping threads took: 0.0002231 seconds
2024-10-04T03:03:32.848+0300: 1101.994: Application time: 0.3513234 seconds
2024-10-04T03:03:32.848+0300: 1101.994: [GC (Allocation Failure) 2024-10-04T03:03:32.848+0300: 1101.994: [DefNew: 1124157K->5621K(1258304K), 0.0031670 secs] 1141968K->23433K(4054528K), 0.0032403 secs] [Times: user=0.00 sys=0.00, real=0.00 secs] 
2024-10-04T03:03:32.848+0300: 1101.997: Total time for which application threads were stopped: 0.0034797 seconds, Stopping threads took: 0.0001290 seconds
2024-10-04T03:03:33.193+0300: 1102.343: Application time: 0.3462702 seconds
2024-10-04T03:03:33.193+0300: 1102.344: [GC (Allocation Failure) 2024-10-04T03:03:33.193+0300: 1102.344: [DefNew: 1124149K->5679K(1258304K), 0.0032915 secs] 1141961K->23491K(4054528K), 0.0033605 secs] [Times: user=0.00 sys=0.00, real=0.00 secs] 
2024-10-04T03:03:33.193+0300: 1102.347: Total time for which application threads were stopped: 0.0036159 seconds, Stopping threads took: 0.0001379 seconds
2024-10-04T03:03:33.522+0300: 1102.682: Application time: 0.3347705 seconds
2024-10-04T03:03:33.522+0300: 1102.682: [GC (Allocation Failure) 2024-10-04T03:03:33.522+0300: 1102.682: [DefNew: 1124207K->8523K(1258304K), 0.0062109 secs] 1142019K->26336K(4054528K), 0.0062910 secs] [Times: user=0.00 sys=0.00, real=0.02 secs] 
2024-10-04T03:03:33.538+0300: 1102.688: Total time for which application threads were stopped: 0.0065740 seconds, Stopping threads took: 0.0001626 seconds
2024-10-04T03:03:33.883+0300: 1103.035: Application time: 0.3462415 seconds
2024-10-04T03:03:33.883+0300: 1103.035: [GC (Allocation Failure) 2024-10-04T03:03:33.883+0300: 1103.037: [DefNew: 1127051K->7036K(1258304K), 0.0045919 secs] 1144864K->24849K(4054528K), 0.0069584 secs] [Times: user=0.00 sys=0.00, real=0.00 secs] 
2024-10-04T03:03:33.883+0300: 1103.042: Total time for which application threads were stopped: 0.0072212 seconds, Stopping threads took: 0.0001058 seconds
2024-10-04T03:03:34.244+0300: 1103.395: Application time: 0.3535386 seconds
2024-10-04T03:03:34.244+0300: 1103.396: [GC (Allocation Failure) 2024-10-04T03:03:34.244+0300: 1103.396: [DefNew: 1125564K->5609K(1258304K), 0.0035241 secs] 1143377K->23422K(4054528K), 0.0036055 secs] [Times: user=0.00 sys=0.00, real=0.00 secs] 
2024-10-04T03:03:34.244+0300: 1103.399: Total time for which application threads were stopped: 0.0038798 seconds, Stopping threads took: 0.0001550 seconds
2024-10-04T03:03:34.590+0300: 1103.746: Application time: 0.3469658 seconds
2024-10-04T03:03:34.590+0300: 1103.746: [GC (Allocation Failure) 2024-10-04T03:03:34.590+0300: 1103.746: [DefNew: 1124137K->5845K(1258304K), 0.0034381 secs] 1141950K->23659K(4054528K), 0.0035173 secs] [Times: user=0.00 sys=0.00, real=0.00 secs] 
2024-10-04T03:03:34.590+0300: 1103.750: Total time for which application threads were stopped: 0.0037578 seconds, Stopping threads took: 0.0000953 seconds
2024-10-04T03:03:34.936+0300: 1104.092: Application time: 0.3416790 seconds
2024-10-04T03:03:34.936+0300: 1104.092: [GC (Allocation Failure) 2024-10-04T03:03:34.936+0300: 1104.092: [DefNew: 1124373K->5510K(1258304K), 0.0033505 secs] 1142187K->23323K(4054528K), 0.0034461 secs] [Times: user=0.00 sys=0.00, real=0.00 secs] 
2024-10-04T03:03:34.936+0300: 1104.096: Total time for which application threads were stopped: 0.0038710 seconds, Stopping threads took: 0.0002559 seconds
2024-10-04T03:03:35.281+0300: 1104.434: Application time: 0.3381153 seconds
2024-10-04T03:03:35.281+0300: 1104.434: [GC (Allocation Failure) 2024-10-04T03:03:35.281+0300: 1104.434: [DefNew: 1124038K->7513K(1258304K), 0.0054935 secs] 1141851K->25327K(4054528K), 0.0055889 secs] [Times: user=0.00 sys=0.00, real=0.00 secs] 
2024-10-04T03:03:35.281+0300: 1104.440: Total time for which application threads were stopped: 0.0059885 seconds, Stopping threads took: 0.0002529 seconds
2024-10-04T03:03:35.642+0300: 1104.788: Application time: 0.3484200 seconds
2024-10-04T03:03:35.642+0300: 1104.788: [GC (Allocation Failure) 2024-10-04T03:03:35.642+0300: 1104.788: [DefNew: 1126041K->5851K(1258304K), 0.0034073 secs] 1143855K->23666K(4054528K), 0.0034737 secs] [Times: user=0.00 sys=0.00, real=0.00 secs] 
2024-10-04T03:03:35.642+0300: 1104.792: Total time for which application threads were stopped: 0.0037202 seconds, Stopping threads took: 0.0001302 seconds
2024-10-04T03:03:35.987+0300: 1105.148: Application time: 0.3557968 seconds
2024-10-04T03:03:36.003+0300: 1105.148: [GC (Allocation Failure) 2024-10-04T03:03:36.003+0300: 1105.148: [DefNew: 1124379K->5676K(1258304K), 0.0038204 secs] 1142194K->23490K(4054528K), 0.0039095 secs] [Times: user=0.00 sys=0.00, real=0.00 secs] 
2024-10-04T03:03:36.003+0300: 1105.152: Total time for which application threads were stopped: 0.0043600 seconds, Stopping threads took: 0.0002826 seconds
2024-10-04T03:03:36.347+0300: 1105.493: Application time: 0.3409019 seconds
2024-10-04T03:03:36.347+0300: 1105.493: [GC (Allocation Failure) 2024-10-04T03:03:36.347+0300: 1105.493: [DefNew: 1124204K->5819K(1258304K), 0.0034076 secs] 1142018K->23634K(4054528K), 0.0034762 secs] [Times: user=0.00 sys=0.00, real=0.00 secs] 
2024-10-04T03:03:36.347+0300: 1105.497: Total time for which application threads were stopped: 0.0037572 seconds, Stopping threads took: 0.0001585 seconds
2024-10-04T03:03:36.677+0300: 1105.832: Application time: 0.3351258 seconds
2024-10-04T03:03:36.677+0300: 1105.832: [GC (Allocation Failure) 2024-10-04T03:03:36.677+0300: 1105.832: [DefNew: 1124347K->6400K(1258304K), 0.0035358 secs] 1142162K->24215K(4054528K), 0.0036096 secs] [Times: user=0.00 sys=0.00, real=0.00 secs] 
2024-10-04T03:03:36.677+0300: 1105.836: Total time for which application threads were stopped: 0.0039131 seconds, Stopping threads took: 0.0001963 seconds
2024-10-04T03:03:37.038+0300: 1106.183: Application time: 0.3475330 seconds
2024-10-04T03:03:37.038+0300: 1106.184: [GC (Allocation Failure) 2024-10-04T03:03:37.038+0300: 1106.184: [DefNew: 1124928K->9734K(1258304K), 0.0078835 secs] 1142743K->27550K(4054528K), 0.0079597 secs] [Times: user=0.00 sys=0.00, real=0.00 secs] 
2024-10-04T03:03:37.038+0300: 1106.192: Total time for which application threads were stopped: 0.0083493 seconds, Stopping threads took: 0.0002434 seconds
2024-10-04T03:03:37.383+0300: 1106.539: Application time: 0.3475663 seconds
2024-10-04T03:03:37.383+0300: 1106.539: [GC (Allocation Failure) 2024-10-04T03:03:37.383+0300: 1106.539: [DefNew: 1128262K->5558K(1258304K), 0.0031283 secs] 1146078K->23374K(4054528K), 0.0032003 secs] [Times: user=0.00 sys=0.00, real=0.00 secs] 
2024-10-04T03:03:37.383+0300: 1106.543: Total time for which application threads were stopped: 0.0034660 seconds, Stopping threads took: 0.0001499 seconds
2024-10-04T03:03:37.729+0300: 1106.889: Application time: 0.3463589 seconds
2024-10-04T03:03:37.729+0300: 1106.889: [GC (Allocation Failure) 2024-10-04T03:03:37.729+0300: 1106.889: [DefNew: 1124086K->5702K(1258304K), 0.0033942 secs] 1141902K->23518K(4054528K), 0.0034662 secs] [Times: user=0.00 sys=0.00, real=0.02 secs] 
2024-10-04T03:03:37.745+0300: 1106.893: Total time for which application threads were stopped: 0.0037618 seconds, Stopping threads took: 0.0001743 seconds
2024-10-04T03:03:38.090+0300: 1107.238: Application time: 0.3451616 seconds
2024-10-04T03:03:38.090+0300: 1107.238: [GC (Allocation Failure) 2024-10-04T03:03:38.090+0300: 1107.238: [DefNew: 1124230K->5642K(1258304K), 0.0032686 secs] 1142046K->23458K(4054528K), 0.0033534 secs] [Times: user=0.00 sys=0.00, real=0.00 secs] 
2024-10-04T03:03:38.090+0300: 1107.242: Total time for which application threads were stopped: 0.0036966 seconds, Stopping threads took: 0.0001750 seconds
2024-10-04T03:03:38.421+0300: 1107.578: Application time: 0.3366043 seconds
2024-10-04T03:03:38.421+0300: 1107.578: [GC (Allocation Failure) 2024-10-04T03:03:38.421+0300: 1107.579: [DefNew: 1124170K->6517K(1258304K), 0.0038684 secs] 1141986K->24334K(4054528K), 0.0039447 secs] [Times: user=0.00 sys=0.00, real=0.02 secs] 
2024-10-04T03:03:38.436+0300: 1107.582: Total time for which application threads were stopped: 0.0042953 seconds, Stopping threads took: 0.0002224 seconds
2024-10-04T03:03:38.781+0300: 1107.930: Application time: 0.3474506 seconds
2024-10-04T03:03:38.781+0300: 1107.930: [GC (Allocation Failure) 2024-10-04T03:03:38.781+0300: 1107.930: [DefNew: 1125045K->5906K(1258304K), 0.0033494 secs] 1142862K->23723K(4054528K), 0.0034171 secs] [Times: user=0.00 sys=0.00, real=0.00 secs] 
2024-10-04T03:03:38.781+0300: 1107.934: Total time for which application threads were stopped: 0.0036801 seconds, Stopping threads took: 0.0001351 seconds
2024-10-04T03:03:39.142+0300: 1108.291: Application time: 0.3569220 seconds
2024-10-04T03:03:39.142+0300: 1108.291: [GC (Allocation Failure) 2024-10-04T03:03:39.142+0300: 1108.291: [DefNew: 1124434K->5565K(1258304K), 0.0032242 secs] 1142251K->23383K(4054528K), 0.0032924 secs] [Times: user=0.00 sys=0.00, real=0.00 secs] 
2024-10-04T03:03:39.142+0300: 1108.294: Total time for which application threads were stopped: 0.0035748 seconds, Stopping threads took: 0.0001605 seconds
2024-10-04T03:03:39.487+0300: 1108.636: Application time: 0.3422456 seconds
2024-10-04T03:03:39.487+0300: 1108.637: [GC (Allocation Failure) 2024-10-04T03:03:39.487+0300: 1108.637: [DefNew: 1124093K->5590K(1258304K), 0.0032171 secs] 1141911K->23408K(4054528K), 0.0032952 secs] [Times: user=0.00 sys=0.00, real=0.00 secs] 
2024-10-04T03:03:39.487+0300: 1108.640: Total time for which application threads were stopped: 0.0035785 seconds, Stopping threads took: 0.0001614 seconds
2024-10-04T03:03:39.825+0300: 1108.976: Application time: 0.3361132 seconds
2024-10-04T03:03:39.825+0300: 1108.976: [GC (Allocation Failure) 2024-10-04T03:03:39.825+0300: 1108.976: [DefNew: 1124118K->5431K(1258304K), 0.0030718 secs] 1141936K->23249K(4054528K), 0.0031394 secs] [Times: user=0.00 sys=0.00, real=0.01 secs] 
2024-10-04T03:03:39.833+0300: 1108.980: Total time for which application threads were stopped: 0.0034862 seconds, Stopping threads took: 0.0002287 seconds
2024-10-04T03:03:40.178+0300: 1109.330: Application time: 0.3506667 seconds
2024-10-04T03:03:40.178+0300: 1109.330: [GC (Allocation Failure) 2024-10-04T03:03:40.178+0300: 1109.331: [DefNew: 1123959K->5831K(1258304K), 0.0035612 secs] 1141777K->23650K(4054528K), 0.0036374 secs] [Times: user=0.00 sys=0.00, real=0.00 secs] 
2024-10-04T03:03:40.178+0300: 1109.334: Total time for which application threads were stopped: 0.0039556 seconds, Stopping threads took: 0.0001952 seconds
2024-10-04T03:03:40.527+0300: 1109.684: Application time: 0.3496446 seconds
2024-10-04T03:03:40.539+0300: 1109.684: [GC (Allocation Failure) 2024-10-04T03:03:40.539+0300: 1109.684: [DefNew: 1124359K->5444K(1258304K), 0.0031822 secs] 1142178K->23262K(4054528K), 0.0032719 secs] [Times: user=0.00 sys=0.00, real=0.00 secs] 
2024-10-04T03:03:40.539+0300: 1109.687: Total time for which application threads were stopped: 0.0035929 seconds, Stopping threads took: 0.0001903 seconds
2024-10-04T03:03:40.884+0300: 1110.034: Application time: 0.3469762 seconds
2024-10-04T03:03:40.884+0300: 1110.035: [GC (Allocation Failure) 2024-10-04T03:03:40.884+0300: 1110.035: [DefNew: 1123972K->5585K(1258304K), 0.0037838 secs] 1141790K->23404K(4054528K), 0.0038482 secs] [Times: user=0.00 sys=0.00, real=0.00 secs] 
2024-10-04T03:03:40.884+0300: 1110.039: Total time for which application threads were stopped: 0.0041760 seconds, Stopping threads took: 0.0001954 seconds
2024-10-04T03:03:41.229+0300: 1110.381: Application time: 0.3428157 seconds
2024-10-04T03:03:41.229+0300: 1110.382: [GC (Allocation Failure) 2024-10-04T03:03:41.229+0300: 1110.382: [DefNew: 1124113K->5883K(1258304K), 0.0032427 secs] 1141932K->23702K(4054528K), 0.0033141 secs] [Times: user=0.00 sys=0.00, real=0.00 secs] 
2024-10-04T03:03:41.229+0300: 1110.385: Total time for which application threads were stopped: 0.0035825 seconds, Stopping threads took: 0.0001509 seconds
2024-10-04T03:03:41.575+0300: 1110.721: Application time: 0.3362237 seconds
2024-10-04T03:03:41.575+0300: 1110.721: [GC (Allocation Failure) 2024-10-04T03:03:41.575+0300: 1110.721: [DefNew: 1124411K->7790K(1258304K), 0.0052891 secs] 1142230K->25609K(4054528K), 0.0053810 secs] [Times: user=0.00 sys=0.00, real=0.00 secs] 
2024-10-04T03:03:41.575+0300: 1110.727: Total time for which application threads were stopped: 0.0056765 seconds, Stopping threads took: 0.0001653 seconds
2024-10-04T03:03:41.930+0300: 1111.077: Application time: 0.3498402 seconds
2024-10-04T03:03:41.930+0300: 1111.077: [GC (Allocation Failure) 2024-10-04T03:03:41.930+0300: 1111.077: [DefNew: 1126318K->8768K(1258304K), 0.0072339 secs] 1144137K->26588K(4054528K), 0.0073564 secs] [Times: user=0.00 sys=0.00, real=0.01 secs] 
2024-10-04T03:03:41.936+0300: 1111.084: Total time for which application threads were stopped: 0.0076958 seconds, Stopping threads took: 0.0002054 seconds
2024-10-04T03:03:42.282+0300: 1111.437: Application time: 0.3527174 seconds
2024-10-04T03:03:42.282+0300: 1111.437: [GC (Allocation Failure) 2024-10-04T03:03:42.282+0300: 1111.437: [DefNew: 1127296K->5587K(1258304K), 0.0032796 secs] 1145116K->23407K(4054528K), 0.0033558 secs] [Times: user=0.00 sys=0.00, real=0.00 secs] 
2024-10-04T03:03:42.282+0300: 1111.441: Total time for which application threads were stopped: 0.0036778 seconds, Stopping threads took: 0.0001925 seconds
2024-10-04T03:03:42.632+0300: 1111.785: Application time: 0.3443791 seconds
2024-10-04T03:03:42.632+0300: 1111.785: [GC (Allocation Failure) 2024-10-04T03:03:42.632+0300: 1111.785: [DefNew: 1124115K->5753K(1258304K), 0.0033913 secs] 1141935K->23573K(4054528K), 0.0034727 secs] [Times: user=0.00 sys=0.00, real=0.01 secs] 
2024-10-04T03:03:42.644+0300: 1111.789: Total time for which application threads were stopped: 0.0037957 seconds, Stopping threads took: 0.0001678 seconds
2024-10-04T03:03:42.973+0300: 1112.129: Application time: 0.3400828 seconds
2024-10-04T03:03:42.973+0300: 1112.129: [GC (Allocation Failure) 2024-10-04T03:03:42.973+0300: 1112.129: [DefNew: 1124281K->7385K(1258304K), 0.0050822 secs] 1142101K->25206K(4054528K), 0.0051518 secs] [Times: user=0.00 sys=0.00, real=0.02 secs] 
2024-10-04T03:03:42.989+0300: 1112.135: Total time for which application threads were stopped: 0.0054516 seconds, Stopping threads took: 0.0001691 seconds
2024-10-04T03:03:43.319+0300: 1112.475: Application time: 0.3401700 seconds
2024-10-04T03:03:43.319+0300: 1112.475: [GC (Allocation Failure) 2024-10-04T03:03:43.319+0300: 1112.475: [DefNew: 1125913K->6584K(1258304K), 0.0038025 secs] 1143734K->24405K(4054528K), 0.0038756 secs] [Times: user=0.00 sys=0.00, real=0.01 secs] 
2024-10-04T03:03:43.333+0300: 1112.479: Total time for which application threads were stopped: 0.0042129 seconds, Stopping threads took: 0.0001918 seconds
2024-10-04T03:03:43.680+0300: 1112.828: Application time: 0.3494398 seconds
2024-10-04T03:03:43.680+0300: 1112.829: [GC (Allocation Failure) 2024-10-04T03:03:43.680+0300: 1112.829: [DefNew: 1125112K->5602K(1258304K), 0.0032444 secs] 1142933K->23424K(4054528K), 0.0033127 secs] [Times: user=0.00 sys=0.00, real=0.00 secs] 
2024-10-04T03:03:43.680+0300: 1112.832: Total time for which application threads were stopped: 0.0036028 seconds, Stopping threads took: 0.0001681 seconds
2024-10-04T03:03:44.035+0300: 1113.185: Application time: 0.3529817 seconds
2024-10-04T03:03:44.035+0300: 1113.185: [GC (Allocation Failure) 2024-10-04T03:03:44.035+0300: 1113.185: [DefNew: 1124130K->5625K(1258304K), 0.0033293 secs] 1141952K->23447K(4054528K), 0.0034034 secs] [Times: user=0.00 sys=0.00, real=0.01 secs] 
2024-10-04T03:03:44.041+0300: 1113.189: Total time for which application threads were stopped: 0.0036997 seconds, Stopping threads took: 0.0001545 seconds
2024-10-04T03:03:44.371+0300: 1113.528: Application time: 0.3397554 seconds
2024-10-04T03:03:44.371+0300: 1113.529: [GC (Allocation Failure) 2024-10-04T03:03:44.371+0300: 1113.529: [DefNew: 1124153K->5670K(1258304K), 0.0034614 secs] 1141975K->23492K(4054528K), 0.0035344 secs] [Times: user=0.00 sys=0.00, real=0.01 secs] 
2024-10-04T03:03:44.386+0300: 1113.532: Total time for which application threads were stopped: 0.0038713 seconds, Stopping threads took: 0.0002116 seconds
2024-10-04T03:03:44.716+0300: 1113.867: Application time: 0.3352002 seconds
2024-10-04T03:03:44.716+0300: 1113.868: [GC (Allocation Failure) 2024-10-04T03:03:44.716+0300: 1113.868: [DefNew: 1124198K->7747K(1258304K), 0.0051559 secs] 1142020K->25569K(4054528K), 0.0052287 secs] [Times: user=0.00 sys=0.00, real=0.00 secs] 
2024-10-04T03:03:44.716+0300: 1113.873: Total time for which application threads were stopped: 0.0055949 seconds, Stopping threads took: 0.0001716 seconds
2024-10-04T03:03:45.077+0300: 1114.230: Application time: 0.3572957 seconds
2024-10-04T03:03:45.077+0300: 1114.231: [GC (Allocation Failure) 2024-10-04T03:03:45.077+0300: 1114.231: [DefNew: 1126275K->6287K(1258304K), 0.0036621 secs] 1144097K->24109K(4054528K), 0.0037339 secs] [Times: user=0.00 sys=0.00, real=0.00 secs] 
2024-10-04T03:03:45.077+0300: 1114.234: Total time for which application threads were stopped: 0.0040185 seconds, Stopping threads took: 0.0001637 seconds
2024-10-04T03:03:45.422+0300: 1114.582: Application time: 0.3477858 seconds
2024-10-04T03:03:45.422+0300: 1114.583: [GC (Allocation Failure) 2024-10-04T03:03:45.422+0300: 1114.583: [DefNew: 1124815K->5564K(1258304K), 0.0034026 secs] 1142637K->23387K(4054528K), 0.0034773 secs] [Times: user=0.00 sys=0.00, real=0.02 secs] 
2024-10-04T03:03:45.438+0300: 1114.586: Total time for which application threads were stopped: 0.0038471 seconds, Stopping threads took: 0.0002316 seconds
2024-10-04T03:03:45.784+0300: 1114.930: Application time: 0.3440913 seconds
2024-10-04T03:03:45.784+0300: 1114.930: [GC (Allocation Failure) 2024-10-04T03:03:45.784+0300: 1114.930: [DefNew: 1124092K->5575K(1258304K), 0.0031942 secs] 1141915K->23398K(4054528K), 0.0032678 secs] [Times: user=0.00 sys=0.00, real=0.00 secs] 
2024-10-04T03:03:45.784+0300: 1114.934: Total time for which application threads were stopped: 0.0035335 seconds, Stopping threads took: 0.0001424 seconds
2024-10-04T03:03:46.129+0300: 1115.284: Application time: 0.3503505 seconds
2024-10-04T03:03:46.129+0300: 1115.284: [GC (Allocation Failure) 2024-10-04T03:03:46.129+0300: 1115.285: [DefNew: 1124103K->6128K(1258304K), 0.0034049 secs] 1141926K->23951K(4054528K), 0.0034784 secs] [Times: user=0.00 sys=0.00, real=0.01 secs] 
2024-10-04T03:03:46.140+0300: 1115.288: Total time for which application threads were stopped: 0.0039805 seconds, Stopping threads took: 0.0003669 seconds
2024-10-04T03:03:46.475+0300: 1115.621: Application time: 0.3331175 seconds
2024-10-04T03:03:46.475+0300: 1115.621: [GC (Allocation Failure) 2024-10-04T03:03:46.475+0300: 1115.621: [DefNew: 1124656K->5879K(1258304K), 0.0035052 secs] 1142479K->23703K(4054528K), 0.0035912 secs] [Times: user=0.00 sys=0.00, real=0.00 secs] 
2024-10-04T03:03:46.475+0300: 1115.625: Total time for which application threads were stopped: 0.0038690 seconds, Stopping threads took: 0.0001511 seconds
2024-10-04T03:03:46.819+0300: 1115.974: Application time: 0.3487975 seconds
2024-10-04T03:03:46.819+0300: 1115.974: [GC (Allocation Failure) 2024-10-04T03:03:46.819+0300: 1115.974: [DefNew: 1124407K->5851K(1258304K), 0.0033592 secs] 1142231K->23675K(4054528K), 0.0034303 secs] [Times: user=0.00 sys=0.00, real=0.00 secs] 
2024-10-04T03:03:46.819+0300: 1115.978: Total time for which application threads were stopped: 0.0037258 seconds, Stopping threads took: 0.0001845 seconds
2024-10-04T03:03:47.181+0300: 1116.338: Application time: 0.3608520 seconds
2024-10-04T03:03:47.181+0300: 1116.339: [GC (Allocation Failure) 2024-10-04T03:03:47.181+0300: 1116.339: [DefNew: 1124379K->5746K(1258304K), 0.0034195 secs] 1142203K->23570K(4054528K), 0.0034853 secs] [Times: user=0.00 sys=0.00, real=0.02 secs] 
2024-10-04T03:03:47.197+0300: 1116.342: Total time for which application threads were stopped: 0.0037892 seconds, Stopping threads took: 0.0001820 seconds
2024-10-04T03:03:47.525+0300: 1116.680: Application time: 0.3380622 seconds
2024-10-04T03:03:47.525+0300: 1116.680: [GC (Allocation Failure) 2024-10-04T03:03:47.525+0300: 1116.681: [DefNew: 1124274K->6084K(1258304K), 0.0035290 secs] 1142098K->23909K(4054528K), 0.0036014 secs] [Times: user=0.00 sys=0.00, real=0.00 secs] 
2024-10-04T03:03:47.525+0300: 1116.684: Total time for which application threads were stopped: 0.0038851 seconds, Stopping threads took: 0.0001610 seconds
2024-10-04T03:03:47.871+0300: 1117.024: Application time: 0.3401541 seconds
2024-10-04T03:03:47.871+0300: 1117.025: [GC (Allocation Failure) 2024-10-04T03:03:47.871+0300: 1117.025: [DefNew: 1124612K->7486K(1258304K), 0.0054116 secs] 1142437K->25311K(4054528K), 0.0055600 secs] [Times: user=0.02 sys=0.00, real=0.00 secs] 
2024-10-04T03:03:47.871+0300: 1117.030: Total time for which application threads were stopped: 0.0058948 seconds, Stopping threads took: 0.0001858 seconds
2024-10-04T03:03:48.216+0300: 1117.376: Application time: 0.3453671 seconds
2024-10-04T03:03:48.216+0300: 1117.376: [GC (Allocation Failure) 2024-10-04T03:03:48.216+0300: 1117.376: [DefNew: 1126014K->9601K(1258304K), 0.0074518 secs] 1143839K->27427K(4054528K), 0.0075465 secs] [Times: user=0.00 sys=0.00, real=0.01 secs] 
2024-10-04T03:03:48.231+0300: 1117.383: Total time for which application threads were stopped: 0.0078643 seconds, Stopping threads took: 0.0001827 seconds
2024-10-04T03:03:48.577+0300: 1117.731: Application time: 0.3478345 seconds
2024-10-04T03:03:48.577+0300: 1117.732: [GC (Allocation Failure) 2024-10-04T03:03:48.577+0300: 1117.732: [DefNew: 1128129K->5578K(1258304K), 0.0033036 secs] 1145955K->23404K(4054528K), 0.0033808 secs] [Times: user=0.00 sys=0.00, real=0.00 secs] 
2024-10-04T03:03:48.577+0300: 1117.735: Total time for which application threads were stopped: 0.0037105 seconds, Stopping threads took: 0.0001971 seconds
2024-10-04T03:03:48.938+0300: 1118.084: Application time: 0.3490144 seconds
2024-10-04T03:03:48.938+0300: 1118.084: [GC (Allocation Failure) 2024-10-04T03:03:48.938+0300: 1118.087: [DefNew: 1124106K->5596K(1258304K), 0.0040038 secs] 1141932K->23422K(4054528K), 0.0062928 secs] [Times: user=0.00 sys=0.00, real=0.00 secs] 
2024-10-04T03:03:48.938+0300: 1118.091: Total time for which application threads were stopped: 0.0066242 seconds, Stopping threads took: 0.0001732 seconds
2024-10-04T03:03:49.283+0300: 1118.433: Application time: 0.3420532 seconds
2024-10-04T03:03:49.283+0300: 1118.433: [GC (Allocation Failure) 2024-10-04T03:03:49.283+0300: 1118.433: [DefNew: 1124124K->5939K(1258304K), 0.0034715 secs] 1141950K->23765K(4054528K), 0.0035462 secs] [Times: user=0.00 sys=0.00, real=0.00 secs] 
2024-10-04T03:03:49.283+0300: 1118.436: Total time for which application threads were stopped: 0.0038496 seconds, Stopping threads took: 0.0001578 seconds
2024-10-04T03:03:49.624+0300: 1118.770: Application time: 0.3339979 seconds
2024-10-04T03:03:49.624+0300: 1118.771: [GC (Allocation Failure) 2024-10-04T03:03:49.624+0300: 1118.771: [DefNew: 1124467K->5969K(1258304K), 0.0034248 secs] 1142293K->23795K(4054528K), 0.0034869 secs] [Times: user=0.00 sys=0.00, real=0.00 secs] 
2024-10-04T03:03:49.629+0300: 1118.774: Total time for which application threads were stopped: 0.0037895 seconds, Stopping threads took: 0.0001789 seconds
2024-10-04T03:03:49.974+0300: 1119.131: Application time: 0.3572064 seconds
2024-10-04T03:03:49.974+0300: 1119.132: [GC (Allocation Failure) 2024-10-04T03:03:49.974+0300: 1119.132: [DefNew: 1124497K->5778K(1258304K), 0.0034845 secs] 1142323K->23605K(4054528K), 0.0035607 secs] [Times: user=0.03 sys=0.00, real=0.02 secs] 
2024-10-04T03:03:49.989+0300: 1119.135: Total time for which application threads were stopped: 0.0039272 seconds, Stopping threads took: 0.0001976 seconds
2024-10-04T03:03:50.334+0300: 1119.484: Application time: 0.3485930 seconds
2024-10-04T03:03:50.334+0300: 1119.484: [GC (Allocation Failure) 2024-10-04T03:03:50.334+0300: 1119.484: [DefNew: 1124306K->5759K(1258304K), 0.0033279 secs] 1142133K->23587K(4054528K), 0.0033995 secs] [Times: user=0.00 sys=0.00, real=0.00 secs] 
2024-10-04T03:03:50.334+0300: 1119.488: Total time for which application threads were stopped: 0.0036791 seconds, Stopping threads took: 0.0001605 seconds
2024-10-04T03:03:50.680+0300: 1119.826: Application time: 0.3380443 seconds
2024-10-04T03:03:50.680+0300: 1119.826: [GC (Allocation Failure) 2024-10-04T03:03:50.680+0300: 1119.826: [DefNew: 1124287K->5562K(1258304K), 0.0032255 secs] 1142115K->23390K(4054528K), 0.0032930 secs] [Times: user=0.00 sys=0.00, real=0.00 secs] 
2024-10-04T03:03:50.680+0300: 1119.829: Total time for which application threads were stopped: 0.0036347 seconds, Stopping threads took: 0.0001529 seconds
2024-10-04T03:03:51.025+0300: 1120.174: Application time: 0.3450490 seconds
2024-10-04T03:03:51.025+0300: 1120.175: [GC (Allocation Failure) 2024-10-04T03:03:51.025+0300: 1120.175: [DefNew: 1124090K->7770K(1258304K), 0.0052165 secs] 1141918K->25598K(4054528K), 0.0052919 secs] [Times: user=0.00 sys=0.00, real=0.00 secs] 
2024-10-04T03:03:51.025+0300: 1120.180: Total time for which application threads were stopped: 0.0055876 seconds, Stopping threads took: 0.0001608 seconds
2024-10-04T03:03:51.371+0300: 1120.518: Application time: 0.3375616 seconds
2024-10-04T03:03:51.371+0300: 1120.518: [GC (Allocation Failure) 2024-10-04T03:03:51.371+0300: 1120.518: [DefNew: 1126298K->8597K(1258304K), 0.0066567 secs] 1144126K->26425K(4054528K), 0.0067284 secs] [Times: user=0.02 sys=0.00, real=0.00 secs] 
2024-10-04T03:03:51.371+0300: 1120.525: Total time for which application threads were stopped: 0.0069527 seconds, Stopping threads took: 0.0000948 seconds
2024-10-04T03:03:51.716+0300: 1120.876: Application time: 0.3510203 seconds
2024-10-04T03:03:51.716+0300: 1120.876: [GC (Allocation Failure) 2024-10-04T03:03:51.716+0300: 1120.876: [DefNew: 1127125K->5648K(1258304K), 0.0035483 secs] 1144953K->23476K(4054528K), 0.0036215 secs] [Times: user=0.00 sys=0.00, real=0.02 secs] 
2024-10-04T03:03:51.732+0300: 1120.880: Total time for which application threads were stopped: 0.0039669 seconds, Stopping threads took: 0.0002183 seconds
2024-10-04T03:03:52.078+0300: 1121.237: Application time: 0.3573871 seconds
2024-10-04T03:03:52.078+0300: 1121.237: [GC (Allocation Failure) 2024-10-04T03:03:52.078+0300: 1121.237: [DefNew: 1124176K->5512K(1258304K), 0.0032433 secs] 1142004K->23341K(4054528K), 0.0033133 secs] [Times: user=0.02 sys=0.00, real=0.01 secs] 
2024-10-04T03:03:52.093+0300: 1121.241: Total time for which application threads were stopped: 0.0035928 seconds, Stopping threads took: 0.0001603 seconds
2024-10-04T03:03:52.423+0300: 1121.575: Application time: 0.3346031 seconds
2024-10-04T03:03:52.423+0300: 1121.575: [GC (Allocation Failure) 2024-10-04T03:03:52.423+0300: 1121.575: [DefNew: 1124040K->5717K(1258304K), 0.0032963 secs] 1141869K->23546K(4054528K), 0.0033715 secs] [Times: user=0.00 sys=0.00, real=0.00 secs] 
2024-10-04T03:03:52.423+0300: 1121.579: Total time for which application threads were stopped: 0.0036905 seconds, Stopping threads took: 0.0002029 seconds
2024-10-04T03:03:52.769+0300: 1121.916: Application time: 0.3372816 seconds
2024-10-04T03:03:52.769+0300: 1121.916: [GC (Allocation Failure) 2024-10-04T03:03:52.769+0300: 1121.916: [DefNew: 1124245K->8284K(1258304K), 0.0054459 secs] 1142074K->26113K(4054528K), 0.0055162 secs] [Times: user=0.00 sys=0.00, real=0.00 secs] 
2024-10-04T03:03:52.769+0300: 1121.922: Total time for which application threads were stopped: 0.0058031 seconds, Stopping threads took: 0.0001664 seconds
2024-10-04T03:03:53.114+0300: 1122.273: Application time: 0.3509408 seconds
2024-10-04T03:03:53.114+0300: 1122.273: [GC (Allocation Failure) 2024-10-04T03:03:53.114+0300: 1122.273: [DefNew: 1126812K->7347K(1258304K), 0.0051742 secs] 1144641K->25176K(4054528K), 0.0052494 secs] [Times: user=0.00 sys=0.00, real=0.01 secs] 
2024-10-04T03:03:53.129+0300: 1122.278: Total time for which application threads were stopped: 0.0055565 seconds, Stopping threads took: 0.0001850 seconds
2024-10-04T03:03:53.475+0300: 1122.629: Application time: 0.3507461 seconds
2024-10-04T03:03:53.475+0300: 1122.629: [GC (Allocation Failure) 2024-10-04T03:03:53.475+0300: 1122.630: [DefNew: 1125875K->5676K(1258304K), 0.0033674 secs] 1143704K->23506K(4054528K), 0.0034419 secs] [Times: user=0.00 sys=0.00, real=0.00 secs] 
2024-10-04T03:03:53.475+0300: 1122.633: Total time for which application threads were stopped: 0.0038101 seconds, Stopping threads took: 0.0002341 seconds
2024-10-04T03:03:53.821+0300: 1122.975: Application time: 0.3422554 seconds
2024-10-04T03:03:53.821+0300: 1122.976: [GC (Allocation Failure) 2024-10-04T03:03:53.821+0300: 1122.976: [DefNew: 1124204K->5768K(1258304K), 0.0033007 secs] 1142034K->23599K(4054528K), 0.0034253 secs] [Times: user=0.00 sys=0.00, real=0.00 secs] 
2024-10-04T03:03:53.821+0300: 1122.979: Total time for which application threads were stopped: 0.0037665 seconds, Stopping threads took: 0.0002228 seconds
2024-10-04T03:03:54.166+0300: 1123.324: Application time: 0.3449030 seconds
2024-10-04T03:03:54.166+0300: 1123.324: [GC (Allocation Failure) 2024-10-04T03:03:54.166+0300: 1123.324: [DefNew: 1124296K->7375K(1258304K), 0.0050959 secs] 1142127K->25206K(4054528K), 0.0051692 secs] [Times: user=0.00 sys=0.00, real=0.02 secs] 
2024-10-04T03:03:54.182+0300: 1123.329: Total time for which application threads were stopped: 0.0054336 seconds, Stopping threads took: 0.0001429 seconds
2024-10-04T03:03:54.511+0300: 1123.667: Application time: 0.3379985 seconds
2024-10-04T03:03:54.511+0300: 1123.668: [GC (Allocation Failure) 2024-10-04T03:03:54.511+0300: 1123.668: [DefNew: 1125903K->10003K(1258304K), 0.0085555 secs] 1143734K->27834K(4054528K), 0.0086271 secs] [Times: user=0.00 sys=0.00, real=0.02 secs] 
2024-10-04T03:03:54.527+0300: 1123.676: Total time for which application threads were stopped: 0.0089256 seconds, Stopping threads took: 0.0001759 seconds
2024-10-04T03:03:54.873+0300: 1124.027: Application time: 0.3510801 seconds
2024-10-04T03:03:54.873+0300: 1124.028: [GC (Allocation Failure) 2024-10-04T03:03:54.873+0300: 1124.028: [DefNew: 1128531K->5590K(1258304K), 0.0033659 secs] 1146362K->23421K(4054528K), 0.0034347 secs] [Times: user=0.01 sys=0.00, real=0.00 secs] 
2024-10-04T03:03:54.873+0300: 1124.031: Total time for which application threads were stopped: 0.0037373 seconds, Stopping threads took: 0.0001802 seconds
2024-10-04T03:03:55.234+0300: 1124.382: Application time: 0.3513531 seconds
2024-10-04T03:03:55.234+0300: 1124.383: [GC (Allocation Failure) 2024-10-04T03:03:55.234+0300: 1124.383: [DefNew: 1124118K->5462K(1258304K), 0.0031813 secs] 1141949K->23294K(4054528K), 0.0032490 secs] [Times: user=0.00 sys=0.00, real=0.00 secs] 
2024-10-04T03:03:55.234+0300: 1124.386: Total time for which application threads were stopped: 0.0035301 seconds, Stopping threads took: 0.0001549 seconds
2024-10-04T03:03:55.564+0300: 1124.722: Application time: 0.3361734 seconds
2024-10-04T03:03:55.564+0300: 1124.722: [GC (Allocation Failure) 2024-10-04T03:03:55.564+0300: 1124.722: [DefNew: 1123990K->5487K(1258304K), 0.0033454 secs] 1141822K->23319K(4054528K), 0.0034214 secs] [Times: user=0.00 sys=0.00, real=0.02 secs] 
2024-10-04T03:03:55.579+0300: 1124.726: Total time for which application threads were stopped: 0.0037504 seconds, Stopping threads took: 0.0001965 seconds
2024-10-04T03:03:55.909+0300: 1125.062: Application time: 0.3356741 seconds
2024-10-04T03:03:55.909+0300: 1125.062: [GC (Allocation Failure) 2024-10-04T03:03:55.909+0300: 1125.062: [DefNew: 1124015K->7837K(1258304K), 0.0052113 secs] 1141847K->25669K(4054528K), 0.0053023 secs] [Times: user=0.00 sys=0.00, real=0.00 secs] 
2024-10-04T03:03:55.909+0300: 1125.067: Total time for which application threads were stopped: 0.0056067 seconds, Stopping threads took: 0.0001571 seconds
2024-10-04T03:03:56.270+0300: 1125.416: Application time: 0.3487021 seconds
2024-10-04T03:03:56.270+0300: 1125.416: [GC (Allocation Failure) 2024-10-04T03:03:56.270+0300: 1125.416: [DefNew: 1126365K->5603K(1258304K), 0.0031789 secs] 1144197K->23435K(4054528K), 0.0032513 secs] [Times: user=0.00 sys=0.00, real=0.00 secs] 
2024-10-04T03:03:56.270+0300: 1125.419: Total time for which application threads were stopped: 0.0035060 seconds, Stopping threads took: 0.0001357 seconds
2024-10-04T03:03:56.615+0300: 1125.766: Application time: 0.3470076 seconds
2024-10-04T03:03:56.615+0300: 1125.767: [GC (Allocation Failure) 2024-10-04T03:03:56.615+0300: 1125.767: [DefNew: 1120738K->5589K(1258304K), 0.0031578 secs] 1138571K->23422K(4054528K), 0.0032251 secs] [Times: user=0.00 sys=0.00, real=0.00 secs] 
2024-10-04T03:03:56.615+0300: 1125.770: Total time for which application threads were stopped: 0.0035136 seconds, Stopping threads took: 0.0001715 seconds
2024-10-04T03:03:56.966+0300: 1126.120: Application time: 0.3496341 seconds
2024-10-04T03:03:56.966+0300: 1126.120: [GC (Allocation Failure) 2024-10-04T03:03:56.966+0300: 1126.120: [DefNew: 1124117K->5589K(1258304K), 0.0033925 secs] 1141950K->23422K(4054528K), 0.0035557 secs] [Times: user=0.00 sys=0.00, real=0.01 secs] 
2024-10-04T03:03:56.977+0300: 1126.123: Total time for which application threads were stopped: 0.0038864 seconds, Stopping threads took: 0.0001345 seconds
2024-10-04T03:03:57.307+0300: 1126.462: Application time: 0.3388358 seconds
2024-10-04T03:03:57.307+0300: 1126.463: [GC (Allocation Failure) 2024-10-04T03:03:57.307+0300: 1126.463: [DefNew: 1124117K->5554K(1258304K), 0.0031742 secs] 1141950K->23387K(4054528K), 0.0032518 secs] [Times: user=0.00 sys=0.00, real=0.00 secs] 
2024-10-04T03:03:57.307+0300: 1126.466: Total time for which application threads were stopped: 0.0035561 seconds, Stopping threads took: 0.0001847 seconds
2024-10-04T03:03:57.651+0300: 1126.806: Application time: 0.3400188 seconds
2024-10-04T03:03:57.651+0300: 1126.806: [GC (Allocation Failure) 2024-10-04T03:03:57.651+0300: 1126.806: [DefNew: 1124082K->7402K(1258304K), 0.0050446 secs] 1141915K->25236K(4054528K), 0.0051138 secs] [Times: user=0.00 sys=0.00, real=0.00 secs] 
2024-10-04T03:03:57.651+0300: 1126.811: Total time for which application threads were stopped: 0.0053802 seconds, Stopping threads took: 0.0001504 seconds
2024-10-04T03:03:58.012+0300: 1127.166: Application time: 0.3550778 seconds
2024-10-04T03:03:58.012+0300: 1127.167: [GC (Allocation Failure) 2024-10-04T03:03:58.012+0300: 1127.167: [DefNew: 1125930K->5592K(1258304K), 0.0036084 secs] 1143764K->23427K(4054528K), 0.0036910 secs] [Times: user=0.00 sys=0.00, real=0.00 secs] 
2024-10-04T03:03:58.012+0300: 1127.170: Total time for which application threads were stopped: 0.0040087 seconds, Stopping threads took: 0.0001713 seconds
2024-10-04T03:03:58.373+0300: 1127.519: Application time: 0.3484190 seconds
2024-10-04T03:03:58.373+0300: 1127.519: [GC (Allocation Failure) 2024-10-04T03:03:58.373+0300: 1127.519: [DefNew: 1124120K->5650K(1258304K), 0.0032857 secs] 1141955K->23485K(4054528K), 0.0033610 secs] [Times: user=0.00 sys=0.00, real=0.00 secs] 
2024-10-04T03:03:58.373+0300: 1127.522: Total time for which application threads were stopped: 0.0036762 seconds, Stopping threads took: 0.0001767 seconds
2024-10-04T03:03:58.703+0300: 1127.859: Application time: 0.3368535 seconds
2024-10-04T03:03:58.703+0300: 1127.860: [GC (Allocation Failure) 2024-10-04T03:03:58.703+0300: 1127.860: [DefNew: 1124178K->5757K(1258304K), 0.0038557 secs] 1142013K->23592K(4054528K), 0.0039386 secs] [Times: user=0.00 sys=0.00, real=0.01 secs] 
2024-10-04T03:03:58.718+0300: 1127.864: Total time for which application threads were stopped: 0.0042380 seconds, Stopping threads took: 0.0001745 seconds
2024-10-04T03:03:59.048+0300: 1128.206: Application time: 0.3420333 seconds
2024-10-04T03:03:59.048+0300: 1128.206: [GC (Allocation Failure) 2024-10-04T03:03:59.048+0300: 1128.206: [DefNew: 1124285K->8421K(1258304K), 0.0062391 secs] 1142120K->26256K(4054528K), 0.0063114 secs] [Times: user=0.01 sys=0.00, real=0.01 secs] 
2024-10-04T03:03:59.063+0300: 1128.212: Total time for which application threads were stopped: 0.0067513 seconds, Stopping threads took: 0.0002843 seconds
2024-10-04T03:03:59.409+0300: 1128.557: Application time: 0.3450692 seconds
2024-10-04T03:03:59.409+0300: 1128.558: [GC (Allocation Failure) 2024-10-04T03:03:59.409+0300: 1128.558: [DefNew: 1126949K->7527K(1258304K), 0.0051933 secs] 1144784K->25362K(4054528K), 0.0052639 secs] [Times: user=0.00 sys=0.00, real=0.00 secs] 
2024-10-04T03:03:59.409+0300: 1128.563: Total time for which application threads were stopped: 0.0055939 seconds, Stopping threads took: 0.0002037 seconds
2024-10-04T03:03:59.754+0300: 1128.910: Application time: 0.3472238 seconds
2024-10-04T03:03:59.754+0300: 1128.910: [GC (Allocation Failure) 2024-10-04T03:03:59.754+0300: 1128.911: [DefNew: 1126055K->5612K(1258304K), 0.0031764 secs] 1143890K->23448K(4054528K), 0.0033048 secs] [Times: user=0.00 sys=0.00, real=0.00 secs] 
2024-10-04T03:03:59.754+0300: 1128.914: Total time for which application threads were stopped: 0.0036065 seconds, Stopping threads took: 0.0001879 seconds
2024-10-04T03:04:00.115+0300: 1129.271: Application time: 0.3571179 seconds
2024-10-04T03:04:00.115+0300: 1129.271: [GC (Allocation Failure) 2024-10-04T03:04:00.115+0300: 1129.271: [DefNew: 1124140K->5539K(1258304K), 0.0032904 secs] 1141976K->23375K(4054528K), 0.0033654 secs] [Times: user=0.00 sys=0.00, real=0.00 secs] 
2024-10-04T03:04:00.115+0300: 1129.275: Total time for which application threads were stopped: 0.0037721 seconds, Stopping threads took: 0.0002503 seconds
2024-10-04T03:04:00.460+0300: 1129.613: Application time: 0.3381771 seconds
2024-10-04T03:04:00.460+0300: 1129.613: [GC (Allocation Failure) 2024-10-04T03:04:00.460+0300: 1129.613: [DefNew: 1124067K->5647K(1258304K), 0.0037630 secs] 1141903K->23483K(4054528K), 0.0038403 secs] [Times: user=0.00 sys=0.00, real=0.00 secs] 
2024-10-04T03:04:00.460+0300: 1129.617: Total time for which application threads were stopped: 0.0041656 seconds, Stopping threads took: 0.0001968 seconds
2024-10-04T03:04:00.806+0300: 1129.953: Application time: 0.3354635 seconds
2024-10-04T03:04:00.806+0300: 1129.953: [GC (Allocation Failure) 2024-10-04T03:04:00.806+0300: 1129.953: [DefNew: 1124175K->6987K(1258304K), 0.0045836 secs] 1142011K->24824K(4054528K), 0.0046507 secs] [Times: user=0.00 sys=0.00, real=0.00 secs] 
2024-10-04T03:04:00.806+0300: 1129.957: Total time for which application threads were stopped: 0.0049029 seconds, Stopping threads took: 0.0001471 seconds
2024-10-04T03:04:01.166+0300: 1130.315: Application time: 0.3576333 seconds
2024-10-04T03:04:01.166+0300: 1130.315: [GC (Allocation Failure) 2024-10-04T03:04:01.166+0300: 1130.315: [DefNew: 1125515K->5761K(1258304K), 0.0033113 secs] 1143352K->23598K(4054528K), 0.0033792 secs] [Times: user=0.00 sys=0.00, real=0.00 secs] 
2024-10-04T03:04:01.166+0300: 1130.319: Total time for which application threads were stopped: 0.0036326 seconds, Stopping threads took: 0.0001420 seconds
2024-10-04T03:04:01.512+0300: 1130.670: Application time: 0.3514565 seconds
2024-10-04T03:04:01.512+0300: 1130.670: [GC (Allocation Failure) 2024-10-04T03:04:01.512+0300: 1130.671: [DefNew: 1124289K->5675K(1258304K), 0.0035584 secs] 1142126K->23513K(4054528K), 0.0036364 secs] [Times: user=0.00 sys=0.00, real=0.02 secs] 
2024-10-04T03:04:01.528+0300: 1130.674: Total time for which application threads were stopped: 0.0039534 seconds, Stopping threads took: 0.0001709 seconds
2024-10-04T03:04:01.857+0300: 1131.014: Application time: 0.3398108 seconds
2024-10-04T03:04:01.857+0300: 1131.014: [GC (Allocation Failure) 2024-10-04T03:04:01.857+0300: 1131.014: [DefNew: 1124203K->5661K(1258304K), 0.0032556 secs] 1142041K->23499K(4054528K), 0.0033263 secs] [Times: user=0.00 sys=0.00, real=0.00 secs] 
2024-10-04T03:04:01.857+0300: 1131.018: Total time for which application threads were stopped: 0.0035963 seconds, Stopping threads took: 0.0001510 seconds
2024-10-04T03:04:02.203+0300: 1131.359: Application time: 0.3415735 seconds
2024-10-04T03:04:02.203+0300: 1131.359: [GC (Allocation Failure) 2024-10-04T03:04:02.203+0300: 1131.359: [DefNew: 1124189K->7284K(1258304K), 0.0054378 secs] 1142027K->25122K(4054528K), 0.0055250 secs] [Times: user=0.00 sys=0.00, real=0.02 secs] 
2024-10-04T03:04:02.219+0300: 1131.365: Total time for which application threads were stopped: 0.0058604 seconds, Stopping threads took: 0.0001599 seconds
2024-10-04T03:04:02.564+0300: 1131.710: Application time: 0.3453819 seconds
2024-10-04T03:04:02.564+0300: 1131.711: [GC (Allocation Failure) 2024-10-04T03:04:02.564+0300: 1131.711: [DefNew: 1125812K->6466K(1258304K), 0.0037280 secs] 1143650K->24304K(4054528K), 0.0038019 secs] [Times: user=0.00 sys=0.00, real=0.00 secs] 
2024-10-04T03:04:02.564+0300: 1131.714: Total time for which application threads were stopped: 0.0040698 seconds, Stopping threads took: 0.0001494 seconds
2024-10-04T03:04:02.925+0300: 1132.070: Application time: 0.3559978 seconds
2024-10-04T03:04:02.925+0300: 1132.071: [GC (Allocation Failure) 2024-10-04T03:04:02.925+0300: 1132.071: [DefNew: 1124994K->5549K(1258304K), 0.0031596 secs] 1142832K->23387K(4054528K), 0.0033018 secs] [Times: user=0.00 sys=0.00, real=0.00 secs] 
2024-10-04T03:04:02.925+0300: 1132.074: Total time for which application threads were stopped: 0.0035860 seconds, Stopping threads took: 0.0001519 seconds
2024-10-04T03:04:03.270+0300: 1132.420: Application time: 0.3455780 seconds
2024-10-04T03:04:03.270+0300: 1132.420: [GC (Allocation Failure) 2024-10-04T03:04:03.270+0300: 1132.420: [DefNew: 1124077K->5790K(1258304K), 0.0033770 secs] 1141915K->23629K(4054528K), 0.0034482 secs] [Times: user=0.00 sys=0.00, real=0.00 secs] 
2024-10-04T03:04:03.270+0300: 1132.423: Total time for which application threads were stopped: 0.0037460 seconds, Stopping threads took: 0.0001765 seconds
2024-10-04T03:04:03.616+0300: 1132.762: Application time: 0.3385565 seconds
2024-10-04T03:04:03.616+0300: 1132.762: [GC (Allocation Failure) 2024-10-04T03:04:03.616+0300: 1132.762: [DefNew: 1124318K->5711K(1258304K), 0.0033229 secs] 1142157K->23550K(4054528K), 0.0033944 secs] [Times: user=0.00 sys=0.00, real=0.00 secs] 
2024-10-04T03:04:03.616+0300: 1132.766: Total time for which application threads were stopped: 0.0036455 seconds, Stopping threads took: 0.0001333 seconds
2024-10-04T03:04:03.945+0300: 1133.105: Application time: 0.3396870 seconds
2024-10-04T03:04:03.945+0300: 1133.106: [GC (Allocation Failure) 2024-10-04T03:04:03.945+0300: 1133.106: [DefNew: 1124239K->6257K(1258304K), 0.0035122 secs] 1142078K->24097K(4054528K), 0.0035838 secs] [Times: user=0.00 sys=0.00, real=0.02 secs] 
2024-10-04T03:04:03.961+0300: 1133.109: Total time for which application threads were stopped: 0.0040442 seconds, Stopping threads took: 0.0002955 seconds
2024-10-04T03:04:04.307+0300: 1133.458: Application time: 0.3485242 seconds
2024-10-04T03:04:04.307+0300: 1133.458: [GC (Allocation Failure) 2024-10-04T03:04:04.307+0300: 1133.458: [DefNew: 1124785K->6252K(1258304K), 0.0036147 secs] 1142625K->24091K(4054528K), 0.0036940 secs] [Times: user=0.00 sys=0.00, real=0.00 secs] 
2024-10-04T03:04:04.307+0300: 1133.462: Total time for which application threads were stopped: 0.0040062 seconds, Stopping threads took: 0.0001719 seconds
2024-10-04T03:04:04.668+0300: 1133.814: Application time: 0.3520864 seconds
2024-10-04T03:04:04.668+0300: 1133.814: [GC (Allocation Failure) 2024-10-04T03:04:04.668+0300: 1133.814: [DefNew: 1124780K->5571K(1258304K), 0.0032014 secs] 1142619K->23411K(4054528K), 0.0032653 secs] [Times: user=0.00 sys=0.00, real=0.00 secs] 
2024-10-04T03:04:04.668+0300: 1133.818: Total time for which application threads were stopped: 0.0035753 seconds, Stopping threads took: 0.0001894 seconds
2024-10-04T03:04:05.014+0300: 1134.169: Application time: 0.3511244 seconds
2024-10-04T03:04:05.014+0300: 1134.169: [GC (Allocation Failure) 2024-10-04T03:04:05.014+0300: 1134.169: [DefNew: 1124099K->5560K(1258304K), 0.0031050 secs] 1141939K->23400K(4054528K), 0.0031712 secs] [Times: user=0.00 sys=0.00, real=0.00 secs] 
2024-10-04T03:04:05.014+0300: 1134.172: Total time for which application threads were stopped: 0.0034470 seconds, Stopping threads took: 0.0001682 seconds
2024-10-04T03:04:05.359+0300: 1134.511: Application time: 0.3385536 seconds
2024-10-04T03:04:05.359+0300: 1134.511: [GC (Allocation Failure) 2024-10-04T03:04:05.359+0300: 1134.513: [DefNew: 1124088K->5628K(1258304K), 0.0035553 secs] 1141928K->23469K(4054528K), 0.0057265 secs] [Times: user=0.00 sys=0.00, real=0.00 secs] 
2024-10-04T03:04:05.359+0300: 1134.517: Total time for which application threads were stopped: 0.0060371 seconds, Stopping threads took: 0.0001867 seconds
2024-10-04T03:04:05.704+0300: 1134.853: Application time: 0.3365253 seconds
2024-10-04T03:04:05.704+0300: 1134.853: [GC (Allocation Failure) 2024-10-04T03:04:05.704+0300: 1134.853: [DefNew: 1124156K->7661K(1258304K), 0.0050298 secs] 1141997K->25502K(4054528K), 0.0051030 secs] [Times: user=0.00 sys=0.00, real=0.00 secs] 
2024-10-04T03:04:05.704+0300: 1134.859: Total time for which application threads were stopped: 0.0053907 seconds, Stopping threads took: 0.0001726 seconds
2024-10-04T03:04:06.065+0300: 1135.217: Application time: 0.3580049 seconds
2024-10-04T03:04:06.065+0300: 1135.217: [GC (Allocation Failure) 2024-10-04T03:04:06.065+0300: 1135.217: [DefNew: 1126189K->5883K(1258304K), 0.0034175 secs] 1144030K->23724K(4054528K), 0.0034939 secs] [Times: user=0.00 sys=0.00, real=0.00 secs] 
2024-10-04T03:04:06.065+0300: 1135.220: Total time for which application threads were stopped: 0.0038110 seconds, Stopping threads took: 0.0001740 seconds
2024-10-04T03:04:06.411+0300: 1135.570: Application time: 0.3494540 seconds
2024-10-04T03:04:06.411+0300: 1135.570: [GC (Allocation Failure) 2024-10-04T03:04:06.411+0300: 1135.570: [DefNew: 1124411K->5543K(1258304K), 0.0036475 secs] 1142252K->23385K(4054528K), 0.0037237 secs] [Times: user=0.00 sys=0.00, real=0.02 secs] 
2024-10-04T03:04:06.426+0300: 1135.574: Total time for which application threads were stopped: 0.0040478 seconds, Stopping threads took: 0.0001924 seconds
2024-10-04T03:04:06.755+0300: 1135.913: Application time: 0.3389835 seconds
2024-10-04T03:04:06.755+0300: 1135.913: [GC (Allocation Failure) 2024-10-04T03:04:06.755+0300: 1135.913: [DefNew: 1124071K->5621K(1258304K), 0.0035355 secs] 1141913K->23463K(4054528K), 0.0036091 secs] [Times: user=0.00 sys=0.00, real=0.02 secs] 
2024-10-04T03:04:06.771+0300: 1135.917: Total time for which application threads were stopped: 0.0039549 seconds, Stopping threads took: 0.0002047 seconds
2024-10-04T03:04:07.101+0300: 1136.260: Application time: 0.3434989 seconds
2024-10-04T03:04:07.101+0300: 1136.261: [GC (Allocation Failure) 2024-10-04T03:04:07.101+0300: 1136.261: [DefNew: 1124149K->8436K(1258304K), 0.0057945 secs] 1141991K->26278K(4054528K), 0.0058633 secs] [Times: user=0.00 sys=0.00, real=0.02 secs] 
2024-10-04T03:04:07.117+0300: 1136.267: Total time for which application threads were stopped: 0.0062130 seconds, Stopping threads took: 0.0002060 seconds
2024-10-04T03:04:07.462+0300: 1136.610: Application time: 0.3430461 seconds
2024-10-04T03:04:07.462+0300: 1136.610: [GC (Allocation Failure) 2024-10-04T03:04:07.462+0300: 1136.610: [DefNew: 1126964K->8089K(1258304K), 0.0067602 secs] 1144806K->25932K(4054528K), 0.0068305 secs] [Times: user=0.00 sys=0.00, real=0.00 secs] 
2024-10-04T03:04:07.462+0300: 1136.617: Total time for which application threads were stopped: 0.0070811 seconds, Stopping threads took: 0.0001222 seconds
2024-10-04T03:04:07.823+0300: 1136.980: Application time: 0.3628785 seconds
2024-10-04T03:04:07.823+0300: 1136.980: [GC (Allocation Failure) 2024-10-04T03:04:07.823+0300: 1136.980: [DefNew: 1126617K->5775K(1258304K), 0.0037358 secs] 1144460K->23618K(4054528K), 0.0038073 secs] [Times: user=0.00 sys=0.00, real=0.00 secs] 
2024-10-04T03:04:07.823+0300: 1136.984: Total time for which application threads were stopped: 0.0040439 seconds, Stopping threads took: 0.0001123 seconds
2024-10-04T03:04:08.193+0300: 1137.342: Application time: 0.3584944 seconds
2024-10-04T03:04:08.193+0300: 1137.342: [GC (Allocation Failure) 2024-10-04T03:04:08.193+0300: 1137.342: [DefNew: 1124303K->5611K(1258304K), 0.0035272 secs] 1142146K->23454K(4054528K), 0.0036067 secs] [Times: user=0.00 sys=0.00, real=0.01 secs] 
2024-10-04T03:04:08.201+0300: 1137.346: Total time for which application threads were stopped: 0.0038707 seconds, Stopping threads took: 0.0001345 seconds
2024-10-04T03:04:08.530+0300: 1137.687: Application time: 0.3411216 seconds
2024-10-04T03:04:08.530+0300: 1137.687: [GC (Allocation Failure) 2024-10-04T03:04:08.530+0300: 1137.687: [DefNew: 1124139K->5746K(1258304K), 0.0037486 secs] 1141982K->23590K(4054528K), 0.0038343 secs] [Times: user=0.00 sys=0.00, real=0.02 secs] 
2024-10-04T03:04:08.546+0300: 1137.691: Total time for which application threads were stopped: 0.0041796 seconds, Stopping threads took: 0.0002005 seconds
2024-10-04T03:04:08.891+0300: 1138.038: Application time: 0.3467949 seconds
2024-10-04T03:04:08.891+0300: 1138.039: [GC (Allocation Failure) 2024-10-04T03:04:08.891+0300: 1138.039: [DefNew: 1124274K->6808K(1258304K), 0.0053387 secs] 1142118K->24652K(4054528K), 0.0054505 secs] [Times: user=0.00 sys=0.00, real=0.00 secs] 
2024-10-04T03:04:08.894+0300: 1138.045: Total time for which application threads were stopped: 0.0065090 seconds, Stopping threads took: 0.0009296 seconds
2024-10-04T03:04:09.252+0300: 1138.398: Application time: 0.3529435 seconds
2024-10-04T03:04:09.252+0300: 1138.398: [GC (Allocation Failure) 2024-10-04T03:04:09.252+0300: 1138.398: [DefNew: 1125336K->5734K(1258304K), 0.0037007 secs] 1143180K->23578K(4054528K), 0.0037699 secs] [Times: user=0.00 sys=0.00, real=0.00 secs] 
2024-10-04T03:04:09.252+0300: 1138.402: Total time for which application threads were stopped: 0.0040209 seconds, Stopping threads took: 0.0001245 seconds
2024-10-04T03:04:09.598+0300: 1138.754: Application time: 0.3526515 seconds
2024-10-04T03:04:09.598+0300: 1138.755: [GC (Allocation Failure) 2024-10-04T03:04:09.598+0300: 1138.755: [DefNew: 1124262K->5605K(1258304K), 0.0035836 secs] 1142106K->23450K(4054528K), 0.0036482 secs] [Times: user=0.00 sys=0.00, real=0.00 secs] 
2024-10-04T03:04:09.598+0300: 1138.758: Total time for which application threads were stopped: 0.0039548 seconds, Stopping threads took: 0.0001695 seconds
2024-10-04T03:04:09.943+0300: 1139.103: Application time: 0.3451414 seconds
2024-10-04T03:04:09.958+0300: 1139.104: [GC (Allocation Failure) 2024-10-04T03:04:09.958+0300: 1139.104: [DefNew: 1124133K->5481K(1258304K), 0.0038754 secs] 1141978K->23326K(4054528K), 0.0039638 secs] [Times: user=0.01 sys=0.00, real=0.00 secs] 
2024-10-04T03:04:09.958+0300: 1139.108: Total time for which application threads were stopped: 0.0043983 seconds, Stopping threads took: 0.0002867 seconds
2024-10-04T03:04:10.304+0300: 1139.453: Application time: 0.3450592 seconds
2024-10-04T03:04:10.304+0300: 1139.453: [GC (Allocation Failure) 2024-10-04T03:04:10.304+0300: 1139.453: [DefNew: 1124009K->9211K(1258304K), 0.0081849 secs] 1141854K->27056K(4054528K), 0.0082590 secs] [Times: user=0.02 sys=0.00, real=0.00 secs] 
2024-10-04T03:04:10.304+0300: 1139.461: Total time for which application threads were stopped: 0.0085809 seconds, Stopping threads took: 0.0001897 seconds
2024-10-04T03:04:10.649+0300: 1139.805: Application time: 0.3440702 seconds
2024-10-04T03:04:10.649+0300: 1139.806: [GC (Allocation Failure) 2024-10-04T03:04:10.649+0300: 1139.806: [DefNew: 1127739K->10857K(1258304K), 0.0108426 secs] 1145584K->28703K(4054528K), 0.0109132 secs] [Times: user=0.02 sys=0.00, real=0.02 secs] 
2024-10-04T03:04:10.665+0300: 1139.817: Total time for which application threads were stopped: 0.0112923 seconds, Stopping threads took: 0.0002489 seconds
2024-10-04T03:04:11.026+0300: 1140.179: Application time: 0.3622210 seconds
2024-10-04T03:04:11.026+0300: 1140.179: [GC (Allocation Failure) 2024-10-04T03:04:11.026+0300: 1140.179: [DefNew: 1129385K->5528K(1258304K), 0.0035976 secs] 1147231K->23373K(4054528K), 0.0037049 secs] [Times: user=0.00 sys=0.00, real=0.00 secs] 
2024-10-04T03:04:11.026+0300: 1140.183: Total time for which application threads were stopped: 0.0040183 seconds, Stopping threads took: 0.0001723 seconds
2024-10-04T03:04:11.371+0300: 1140.528: Application time: 0.3450372 seconds
2024-10-04T03:04:11.371+0300: 1140.528: [GC (Allocation Failure) 2024-10-04T03:04:11.371+0300: 1140.528: [DefNew: 1124056K->5724K(1258304K), 0.0032850 secs] 1141901K->23570K(4054528K), 0.0033564 secs] [Times: user=0.00 sys=0.00, real=0.00 secs] 
2024-10-04T03:04:11.371+0300: 1140.532: Total time for which application threads were stopped: 0.0036426 seconds, Stopping threads took: 0.0001674 seconds
2024-10-04T03:04:11.717+0300: 1140.869: Application time: 0.3373657 seconds
2024-10-04T03:04:11.717+0300: 1140.869: [GC (Allocation Failure) 2024-10-04T03:04:11.717+0300: 1140.869: [DefNew: 1124252K->5520K(1258304K), 0.0031478 secs] 1142098K->23367K(4054528K), 0.0032236 secs] [Times: user=0.00 sys=0.00, real=0.00 secs] 
2024-10-04T03:04:11.717+0300: 1140.873: Total time for which application threads were stopped: 0.0035209 seconds, Stopping threads took: 0.0001798 seconds
2024-10-04T03:04:12.062+0300: 1141.216: Application time: 0.3431055 seconds
2024-10-04T03:04:12.062+0300: 1141.216: [GC (Allocation Failure) 2024-10-04T03:04:12.062+0300: 1141.216: [DefNew: 1124048K->9143K(1258304K), 0.0078326 secs] 1141895K->26990K(4054528K), 0.0079101 secs] [Times: user=0.00 sys=0.00, real=0.01 secs] 
2024-10-04T03:04:12.077+0300: 1141.224: Total time for which application threads were stopped: 0.0082376 seconds, Stopping threads took: 0.0001956 seconds
2024-10-04T03:04:12.424+0300: 1141.573: Application time: 0.3488663 seconds
2024-10-04T03:04:12.424+0300: 1141.573: [GC (Allocation Failure) 2024-10-04T03:04:12.424+0300: 1141.573: [DefNew: 1127671K->5614K(1258304K), 0.0032640 secs] 1145518K->23461K(4054528K), 0.0033388 secs] [Times: user=0.00 sys=0.00, real=0.00 secs] 
2024-10-04T03:04:12.424+0300: 1141.576: Total time for which application threads were stopped: 0.0036175 seconds, Stopping threads took: 0.0001546 seconds
2024-10-04T03:04:12.769+0300: 1141.926: Application time: 0.3499310 seconds
2024-10-04T03:04:12.769+0300: 1141.927: [GC (Allocation Failure) 2024-10-04T03:04:12.769+0300: 1141.927: [DefNew: 1124142K->5522K(1258304K), 0.0032018 secs] 1141989K->23370K(4054528K), 0.0032774 secs] [Times: user=0.00 sys=0.00, real=0.02 secs] 
2024-10-04T03:04:12.785+0300: 1141.930: Total time for which application threads were stopped: 0.0035807 seconds, Stopping threads took: 0.0001799 seconds
2024-10-04T03:04:13.131+0300: 1142.277: Application time: 0.3475322 seconds
2024-10-04T03:04:13.131+0300: 1142.278: [GC (Allocation Failure) 2024-10-04T03:04:13.131+0300: 1142.278: [DefNew: 1124050K->5510K(1258304K), 0.0030851 secs] 1141898K->23357K(4054528K), 0.0031502 secs] [Times: user=0.00 sys=0.00, real=0.00 secs] 
2024-10-04T03:04:13.131+0300: 1142.281: Total time for which application threads were stopped: 0.0034314 seconds, Stopping threads took: 0.0001653 seconds
2024-10-04T03:04:13.460+0300: 1142.614: Application time: 0.3330448 seconds
2024-10-04T03:04:13.460+0300: 1142.614: [GC (Allocation Failure) 2024-10-04T03:04:13.460+0300: 1142.614: [DefNew: 1124038K->7600K(1258304K), 0.0051892 secs] 1141885K->25448K(4054528K), 0.0052647 secs] [Times: user=0.00 sys=0.00, real=0.00 secs] 
2024-10-04T03:04:13.460+0300: 1142.620: Total time for which application threads were stopped: 0.0055584 seconds, Stopping threads took: 0.0001771 seconds
2024-10-04T03:04:13.806+0300: 1142.965: Application time: 0.3457144 seconds
2024-10-04T03:04:13.806+0300: 1142.966: [GC (Allocation Failure) 2024-10-04T03:04:13.806+0300: 1142.966: [DefNew: 1126128K->7741K(1258304K), 0.0052100 secs] 1143976K->25589K(4054528K), 0.0052989 secs] [Times: user=0.00 sys=0.00, real=0.02 secs] 
2024-10-04T03:04:13.821+0300: 1142.971: Total time for which application threads were stopped: 0.0056809 seconds, Stopping threads took: 0.0002279 seconds
2024-10-04T03:04:14.167+0300: 1143.327: Application time: 0.3565184 seconds
2024-10-04T03:04:14.183+0300: 1143.328: [GC (Allocation Failure) 2024-10-04T03:04:14.183+0300: 1143.328: [DefNew: 1126269K->5640K(1258304K), 0.0032513 secs] 1144117K->23488K(4054528K), 0.0033729 secs] [Times: user=0.00 sys=0.00, real=0.00 secs] 
2024-10-04T03:04:14.183+0300: 1143.331: Total time for which application threads were stopped: 0.0036903 seconds, Stopping threads took: 0.0001933 seconds
2024-10-04T03:04:14.528+0300: 1143.675: Application time: 0.3443440 seconds
2024-10-04T03:04:14.528+0300: 1143.676: [GC (Allocation Failure) 2024-10-04T03:04:14.528+0300: 1143.676: [DefNew: 1124168K->5638K(1258304K), 0.0032866 secs] 1142016K->23487K(4054528K), 0.0033586 secs] [Times: user=0.00 sys=0.00, real=0.00 secs] 
2024-10-04T03:04:14.528+0300: 1143.679: Total time for which application threads were stopped: 0.0036388 seconds, Stopping threads took: 0.0001547 seconds
2024-10-04T03:04:14.874+0300: 1144.019: Application time: 0.3401720 seconds
2024-10-04T03:04:14.874+0300: 1144.020: [GC (Allocation Failure) 2024-10-04T03:04:14.874+0300: 1144.020: [DefNew: 1124166K->5576K(1258304K), 0.0037258 secs] 1142015K->23425K(4054528K), 0.0038007 secs] [Times: user=0.00 sys=0.00, real=0.00 secs] 
2024-10-04T03:04:14.874+0300: 1144.023: Total time for which application threads were stopped: 0.0040929 seconds, Stopping threads took: 0.0001654 seconds
2024-10-04T03:04:15.209+0300: 1144.363: Application time: 0.3391556 seconds
2024-10-04T03:04:15.209+0300: 1144.363: [GC (Allocation Failure) 2024-10-04T03:04:15.209+0300: 1144.363: [DefNew: 1124104K->6466K(1258304K), 0.0038550 secs] 1141953K->24316K(4054528K), 0.0039274 secs] [Times: user=0.00 sys=0.00, real=0.01 secs] 
2024-10-04T03:04:15.219+0300: 1144.367: Total time for which application threads were stopped: 0.0041902 seconds, Stopping threads took: 0.0001584 seconds
2024-10-04T03:04:15.565+0300: 1144.716: Application time: 0.3490065 seconds
2024-10-04T03:04:15.565+0300: 1144.716: [GC (Allocation Failure) 2024-10-04T03:04:15.565+0300: 1144.716: [DefNew: 1124994K->6023K(1258304K), 0.0035461 secs] 1142844K->23873K(4054528K), 0.0036193 secs] [Times: user=0.00 sys=0.00, real=0.00 secs] 
2024-10-04T03:04:15.565+0300: 1144.720: Total time for which application threads were stopped: 0.0039037 seconds, Stopping threads took: 0.0001589 seconds
2024-10-04T03:04:15.927+0300: 1145.075: Application time: 0.3552251 seconds
2024-10-04T03:04:15.927+0300: 1145.075: [GC (Allocation Failure) 2024-10-04T03:04:15.927+0300: 1145.075: [DefNew: 1124551K->5684K(1258304K), 0.0033431 secs] 1142401K->23534K(4054528K), 0.0034153 secs] [Times: user=0.00 sys=0.00, real=0.00 secs] 
2024-10-04T03:04:15.927+0300: 1145.079: Total time for which application threads were stopped: 0.0036913 seconds, Stopping threads took: 0.0001314 seconds
2024-10-04T03:04:16.272+0300: 1145.419: Application time: 0.3401568 seconds
2024-10-04T03:04:16.272+0300: 1145.419: [GC (Allocation Failure) 2024-10-04T03:04:16.272+0300: 1145.419: [DefNew: 1124212K->5657K(1258304K), 0.0032534 secs] 1142062K->23507K(4054528K), 0.0033281 secs] [Times: user=0.00 sys=0.00, real=0.00 secs] 
2024-10-04T03:04:16.272+0300: 1145.422: Total time for which application threads were stopped: 0.0036094 seconds, Stopping threads took: 0.0001667 seconds
2024-10-04T03:04:16.613+0300: 1145.761: Application time: 0.3387408 seconds
2024-10-04T03:04:16.613+0300: 1145.761: [GC (Allocation Failure) 2024-10-04T03:04:16.613+0300: 1145.761: [DefNew: 1124185K->6004K(1258304K), 0.0035598 secs] 1142035K->23855K(4054528K), 0.0036357 secs] [Times: user=0.00 sys=0.00, real=0.01 secs] 
2024-10-04T03:04:16.618+0300: 1145.765: Total time for which application threads were stopped: 0.0039541 seconds, Stopping threads took: 0.0001780 seconds
2024-10-04T03:04:16.963+0300: 1146.109: Application time: 0.3435776 seconds
2024-10-04T03:04:16.963+0300: 1146.109: [GC (Allocation Failure) 2024-10-04T03:04:16.963+0300: 1146.109: [DefNew: 1124532K->9080K(1258304K), 0.0073050 secs] 1142383K->26931K(4054528K), 0.0073756 secs] [Times: user=0.02 sys=0.00, real=0.00 secs] 
2024-10-04T03:04:16.963+0300: 1146.116: Total time for which application threads were stopped: 0.0076559 seconds, Stopping threads took: 0.0001361 seconds
2024-10-04T03:04:17.315+0300: 1146.466: Application time: 0.3494123 seconds
2024-10-04T03:04:17.315+0300: 1146.466: [GC (Allocation Failure) 2024-10-04T03:04:17.315+0300: 1146.466: [DefNew: 1127608K->5584K(1258304K), 0.0033795 secs] 1145459K->23435K(4054528K), 0.0034581 secs] [Times: user=0.00 sys=0.00, real=0.01 secs] 
2024-10-04T03:04:17.324+0300: 1146.469: Total time for which application threads were stopped: 0.0037602 seconds, Stopping threads took: 0.0001755 seconds
2024-10-04T03:04:17.670+0300: 1146.819: Application time: 0.3492576 seconds
2024-10-04T03:04:17.670+0300: 1146.819: [GC (Allocation Failure) 2024-10-04T03:04:17.670+0300: 1146.819: [DefNew: 1124112K->5703K(1258304K), 0.0033609 secs] 1141963K->23555K(4054528K), 0.0034383 secs] [Times: user=0.00 sys=0.00, real=0.00 secs] 
2024-10-04T03:04:17.670+0300: 1146.822: Total time for which application threads were stopped: 0.0037420 seconds, Stopping threads took: 0.0001651 seconds
2024-10-04T03:04:18.017+0300: 1147.166: Application time: 0.3435366 seconds
2024-10-04T03:04:18.017+0300: 1147.166: [GC (Allocation Failure) 2024-10-04T03:04:18.017+0300: 1147.166: [DefNew: 1124231K->5570K(1258304K), 0.0035511 secs] 1142083K->23422K(4054528K), 0.0036264 secs] [Times: user=0.00 sys=0.00, real=0.00 secs] 
2024-10-04T03:04:18.017+0300: 1147.170: Total time for which application threads were stopped: 0.0039581 seconds, Stopping threads took: 0.0001768 seconds
2024-10-04T03:04:18.345+0300: 1147.504: Application time: 0.3339995 seconds
2024-10-04T03:04:18.345+0300: 1147.504: [GC (Allocation Failure) 2024-10-04T03:04:18.345+0300: 1147.504: [DefNew: 1124098K->6865K(1258304K), 0.0046624 secs] 1141950K->24717K(4054528K), 0.0047409 secs] [Times: user=0.00 sys=0.00, real=0.02 secs] 
2024-10-04T03:04:18.361+0300: 1147.509: Total time for which application threads were stopped: 0.0050297 seconds, Stopping threads took: 0.0001744 seconds
2024-10-04T03:04:18.706+0300: 1147.852: Application time: 0.3431658 seconds
2024-10-04T03:04:18.706+0300: 1147.852: [GC (Allocation Failure) 2024-10-04T03:04:18.706+0300: 1147.852: [DefNew: 1125393K->8364K(1258304K), 0.0054780 secs] 1143245K->26216K(4054528K), 0.0055474 secs] [Times: user=0.01 sys=0.00, real=0.00 secs] 
2024-10-04T03:04:18.706+0300: 1147.858: Total time for which application threads were stopped: 0.0058009 seconds, Stopping threads took: 0.0001076 seconds
2024-10-04T03:04:19.067+0300: 1148.213: Application time: 0.3553703 seconds
2024-10-04T03:04:19.067+0300: 1148.214: [GC (Allocation Failure) 2024-10-04T03:04:19.067+0300: 1148.214: [DefNew: 1126892K->5552K(1258304K), 0.0032314 secs] 1144744K->23405K(4054528K), 0.0033007 secs] [Times: user=0.00 sys=0.00, real=0.00 secs] 
2024-10-04T03:04:19.067+0300: 1148.217: Total time for which application threads were stopped: 0.0035936 seconds, Stopping threads took: 0.0001668 seconds
2024-10-04T03:04:19.413+0300: 1148.561: Application time: 0.3443746 seconds
2024-10-04T03:04:19.413+0300: 1148.562: [GC (Allocation Failure) 2024-10-04T03:04:19.413+0300: 1148.562: [DefNew: 1124080K->5552K(1258304K), 0.0031581 secs] 1141933K->23405K(4054528K), 0.0032304 secs] [Times: user=0.00 sys=0.00, real=0.00 secs] 
2024-10-04T03:04:19.413+0300: 1148.565: Total time for which application threads were stopped: 0.0035311 seconds, Stopping threads took: 0.0001785 seconds
2024-10-04T03:04:19.742+0300: 1148.901: Application time: 0.3359913 seconds
2024-10-04T03:04:19.742+0300: 1148.901: [GC (Allocation Failure) 2024-10-04T03:04:19.742+0300: 1148.901: [DefNew: 1124080K->6085K(1258304K), 0.0038497 secs] 1141933K->23938K(4054528K), 0.0039332 secs] [Times: user=0.00 sys=0.00, real=0.02 secs] 
2024-10-04T03:04:19.758+0300: 1148.905: Total time for which application threads were stopped: 0.0042894 seconds, Stopping threads took: 0.0002263 seconds
2024-10-04T03:04:20.103+0300: 1149.252: Application time: 0.3471971 seconds
2024-10-04T03:04:20.103+0300: 1149.253: [GC (Allocation Failure) 2024-10-04T03:04:20.103+0300: 1149.253: [DefNew: 1124613K->9608K(1258304K), 0.0077564 secs] 1142466K->27462K(4054528K), 0.0078270 secs] [Times: user=0.00 sys=0.00, real=0.00 secs] 
2024-10-04T03:04:20.103+0300: 1149.260: Total time for which application threads were stopped: 0.0081088 seconds, Stopping threads took: 0.0001493 seconds
2024-10-04T03:04:20.448+0300: 1149.608: Application time: 0.3474116 seconds
2024-10-04T03:04:20.448+0300: 1149.608: [GC (Allocation Failure) 2024-10-04T03:04:20.448+0300: 1149.608: [DefNew: 1128136K->5846K(1258304K), 0.0036052 secs] 1145990K->23700K(4054528K), 0.0036925 secs] [Times: user=0.00 sys=0.00, real=0.02 secs] 
2024-10-04T03:04:20.464+0300: 1149.612: Total time for which application threads were stopped: 0.0040787 seconds, Stopping threads took: 0.0002505 seconds
2024-10-04T03:04:20.809+0300: 1149.958: Application time: 0.3456107 seconds
2024-10-04T03:04:20.809+0300: 1149.958: [GC (Allocation Failure) 2024-10-04T03:04:20.809+0300: 1149.958: [DefNew: 1124374K->5553K(1258304K), 0.0031678 secs] 1142228K->23407K(4054528K), 0.0032422 secs] [Times: user=0.00 sys=0.00, real=0.00 secs] 
2024-10-04T03:04:20.809+0300: 1149.961: Total time for which application threads were stopped: 0.0035219 seconds, Stopping threads took: 0.0001576 seconds
2024-10-04T03:04:21.155+0300: 1150.310: Application time: 0.3488735 seconds
2024-10-04T03:04:21.155+0300: 1150.310: [GC (Allocation Failure) 2024-10-04T03:04:21.155+0300: 1150.310: [DefNew: 1124081K->6052K(1258304K), 0.0035254 secs] 1141935K->23906K(4054528K), 0.0035973 secs] [Times: user=0.00 sys=0.00, real=0.00 secs] 
2024-10-04T03:04:21.155+0300: 1150.314: Total time for which application threads were stopped: 0.0039264 seconds, Stopping threads took: 0.0002020 seconds
2024-10-04T03:04:21.500+0300: 1150.649: Application time: 0.3352985 seconds
2024-10-04T03:04:21.500+0300: 1150.649: [GC (Allocation Failure) 2024-10-04T03:04:21.500+0300: 1150.649: [DefNew: 1124580K->5717K(1258304K), 0.0032440 secs] 1142434K->23573K(4054528K), 0.0033162 secs] [Times: user=0.00 sys=0.00, real=0.00 secs] 
2024-10-04T03:04:21.500+0300: 1150.653: Total time for which application threads were stopped: 0.0035992 seconds, Stopping threads took: 0.0001577 seconds
2024-10-04T03:04:21.846+0300: 1150.996: Application time: 0.3428643 seconds
2024-10-04T03:04:21.846+0300: 1150.996: [GC (Allocation Failure) 2024-10-04T03:04:21.846+0300: 1150.996: [DefNew: 1124245K->6068K(1258304K), 0.0034287 secs] 1142101K->23923K(4054528K), 0.0035019 secs] [Times: user=0.00 sys=0.00, real=0.00 secs] 
2024-10-04T03:04:21.846+0300: 1150.999: Total time for which application threads were stopped: 0.0037829 seconds, Stopping threads took: 0.0001666 seconds
2024-10-04T03:04:22.207+0300: 1151.356: Application time: 0.3569548 seconds
2024-10-04T03:04:22.207+0300: 1151.357: [GC (Allocation Failure) 2024-10-04T03:04:22.207+0300: 1151.357: [DefNew: 1124596K->5641K(1258304K), 0.0031584 secs] 1142451K->23496K(4054528K), 0.0032292 secs] [Times: user=0.00 sys=0.00, real=0.00 secs] 
2024-10-04T03:04:22.207+0300: 1151.360: Total time for which application threads were stopped: 0.0035198 seconds, Stopping threads took: 0.0001818 seconds
2024-10-04T03:04:22.552+0300: 1151.702: Application time: 0.3422683 seconds
2024-10-04T03:04:22.552+0300: 1151.702: [GC (Allocation Failure) 2024-10-04T03:04:22.552+0300: 1151.702: [DefNew: 1124169K->6057K(1258304K), 0.0035936 secs] 1142024K->23913K(4054528K), 0.0036635 secs] [Times: user=0.00 sys=0.00, real=0.00 secs] 
2024-10-04T03:04:22.552+0300: 1151.706: Total time for which application threads were stopped: 0.0039722 seconds, Stopping threads took: 0.0001908 seconds
2024-10-04T03:04:22.898+0300: 1152.046: Application time: 0.3395396 seconds
2024-10-04T03:04:22.898+0300: 1152.046: [GC (Allocation Failure) 2024-10-04T03:04:22.898+0300: 1152.046: [DefNew: 1124585K->5668K(1258304K), 0.0036190 secs] 1142441K->23524K(4054528K), 0.0037097 secs] [Times: user=0.00 sys=0.00, real=0.00 secs] 
2024-10-04T03:04:22.898+0300: 1152.050: Total time for which application threads were stopped: 0.0040727 seconds, Stopping threads took: 0.0001906 seconds
2024-10-04T03:04:23.243+0300: 1152.394: Application time: 0.3442590 seconds
2024-10-04T03:04:23.243+0300: 1152.394: [GC (Allocation Failure) 2024-10-04T03:04:23.243+0300: 1152.394: [DefNew: 1124196K->6340K(1258304K), 0.0034814 secs] 1142052K->24197K(4054528K), 0.0035520 secs] [Times: user=0.00 sys=0.00, real=0.00 secs] 
2024-10-04T03:04:23.243+0300: 1152.398: Total time for which application threads were stopped: 0.0038656 seconds, Stopping threads took: 0.0001858 seconds
2024-10-04T03:04:23.589+0300: 1152.737: Application time: 0.3391200 seconds
2024-10-04T03:04:23.589+0300: 1152.737: [GC (Allocation Failure) 2024-10-04T03:04:23.589+0300: 1152.737: [DefNew: 1124868K->7274K(1258304K), 0.0050640 secs] 1142725K->25131K(4054528K), 0.0051334 secs] [Times: user=0.00 sys=0.00, real=0.00 secs] 
2024-10-04T03:04:23.589+0300: 1152.743: Total time for which application threads were stopped: 0.0055017 seconds, Stopping threads took: 0.0002226 seconds
2024-10-04T03:04:23.934+0300: 1153.094: Application time: 0.3510905 seconds
2024-10-04T03:04:23.934+0300: 1153.094: [GC (Allocation Failure) 2024-10-04T03:04:23.934+0300: 1153.094: [DefNew: 1125802K->5397K(1258304K), 0.0030874 secs] 1143659K->23254K(4054528K), 0.0031611 secs] [Times: user=0.00 sys=0.00, real=0.02 secs] 
2024-10-04T03:04:23.950+0300: 1153.097: Total time for which application threads were stopped: 0.0036214 seconds, Stopping threads took: 0.0003251 seconds
2024-10-04T03:04:24.295+0300: 1153.443: Application time: 0.3456167 seconds
2024-10-04T03:04:24.295+0300: 1153.443: [GC (Allocation Failure) 2024-10-04T03:04:24.295+0300: 1153.443: [DefNew: 1123925K->5859K(1258304K), 0.0034854 secs] 1141782K->23716K(4054528K), 0.0035575 secs] [Times: user=0.00 sys=0.00, real=0.00 secs] 
2024-10-04T03:04:24.295+0300: 1153.447: Total time for which application threads were stopped: 0.0038405 seconds, Stopping threads took: 0.0001531 seconds
2024-10-04T03:04:24.633+0300: 1153.782: Application time: 0.3354008 seconds
2024-10-04T03:04:24.633+0300: 1153.782: [GC (Allocation Failure) 2024-10-04T03:04:24.633+0300: 1153.782: [DefNew: 1124387K->5547K(1258304K), 0.0032502 secs] 1142244K->23405K(4054528K), 0.0033225 secs] [Times: user=0.00 sys=0.00, real=0.01 secs] 
2024-10-04T03:04:24.641+0300: 1153.786: Total time for which application threads were stopped: 0.0036263 seconds, Stopping threads took: 0.0001692 seconds
2024-10-04T03:04:24.986+0300: 1154.132: Application time: 0.3464470 seconds
2024-10-04T03:04:24.986+0300: 1154.132: [GC (Allocation Failure) 2024-10-04T03:04:24.986+0300: 1154.132: [DefNew: 1124075K->5959K(1258304K), 0.0032982 secs] 1141933K->23817K(4054528K), 0.0033638 secs] [Times: user=0.00 sys=0.00, real=0.00 secs] 
2024-10-04T03:04:24.986+0300: 1154.136: Total time for which application threads were stopped: 0.0036526 seconds, Stopping threads took: 0.0001785 seconds
2024-10-04T03:04:25.334+0300: 1154.481: Application time: 0.3451726 seconds
2024-10-04T03:04:25.334+0300: 1154.481: [GC (Allocation Failure) 2024-10-04T03:04:25.334+0300: 1154.481: [DefNew: 1124487K->6179K(1258304K), 0.0035656 secs] 1142345K->24037K(4054528K), 0.0036382 secs] [Times: user=0.00 sys=0.00, real=0.00 secs] 
2024-10-04T03:04:25.334+0300: 1154.485: Total time for which application threads were stopped: 0.0039546 seconds, Stopping threads took: 0.0001955 seconds
2024-10-04T03:04:25.676+0300: 1154.829: Application time: 0.3436480 seconds
2024-10-04T03:04:25.676+0300: 1154.829: [GC (Allocation Failure) 2024-10-04T03:04:25.676+0300: 1154.829: [DefNew: 1124707K->5442K(1258304K), 0.0034368 secs] 1142565K->23301K(4054528K), 0.0035061 secs] [Times: user=0.00 sys=0.00, real=0.00 secs] 
2024-10-04T03:04:25.676+0300: 1154.832: Total time for which application threads were stopped: 0.0038261 seconds, Stopping threads took: 0.0001917 seconds
2024-10-04T03:04:26.037+0300: 1155.184: Application time: 0.3511658 seconds
2024-10-04T03:04:26.037+0300: 1155.184: [GC (Allocation Failure) 2024-10-04T03:04:26.037+0300: 1155.184: [DefNew: 1123970K->5707K(1258304K), 0.0033119 secs] 1141829K->23566K(4054528K), 0.0033876 secs] [Times: user=0.00 sys=0.00, real=0.00 secs] 
2024-10-04T03:04:26.037+0300: 1155.187: Total time for which application threads were stopped: 0.0037039 seconds, Stopping threads took: 0.0001532 seconds
2024-10-04T03:04:26.367+0300: 1155.526: Application time: 0.3389394 seconds
2024-10-04T03:04:26.367+0300: 1155.527: [GC (Allocation Failure) 2024-10-04T03:04:26.367+0300: 1155.527: [DefNew: 1124235K->7585K(1258304K), 0.0051010 secs] 1142094K->25445K(4054528K), 0.0051750 secs] [Times: user=0.00 sys=0.00, real=0.01 secs] 
2024-10-04T03:04:26.382+0300: 1155.532: Total time for which application threads were stopped: 0.0055145 seconds, Stopping threads took: 0.0002112 seconds
2024-10-04T03:04:26.712+0300: 1155.868: Application time: 0.3362559 seconds
2024-10-04T03:04:26.712+0300: 1155.868: [GC (Allocation Failure) 2024-10-04T03:04:26.712+0300: 1155.868: [DefNew: 1126113K->7339K(1258304K), 0.0054296 secs] 1143973K->25198K(4054528K), 0.0055003 secs] [Times: user=0.00 sys=0.00, real=0.02 secs] 
2024-10-04T03:04:26.727+0300: 1155.874: Total time for which application threads were stopped: 0.0058223 seconds, Stopping threads took: 0.0001988 seconds
2024-10-04T03:04:27.073+0300: 1156.230: Application time: 0.3557739 seconds
2024-10-04T03:04:27.073+0300: 1156.230: [GC (Allocation Failure) 2024-10-04T03:04:27.073+0300: 1156.230: [DefNew: 1125867K->5440K(1258304K), 0.0030858 secs] 1143726K->23301K(4054528K), 0.0031526 secs] [Times: user=0.00 sys=0.00, real=0.00 secs] 
2024-10-04T03:04:27.073+0300: 1156.233: Total time for which application threads were stopped: 0.0034398 seconds, Stopping threads took: 0.0001707 seconds
2024-10-04T03:04:27.438+0300: 1156.583: Application time: 0.3498272 seconds
2024-10-04T03:04:27.438+0300: 1156.583: [GC (Allocation Failure) 2024-10-04T03:04:27.438+0300: 1156.583: [DefNew: 1123968K->5733K(1258304K), 0.0034039 secs] 1141829K->23594K(4054528K), 0.0034800 secs] [Times: user=0.00 sys=0.00, real=0.00 secs] 
2024-10-04T03:04:27.441+0300: 1156.587: Total time for which application threads were stopped: 0.0037366 seconds, Stopping threads took: 0.0001360 seconds
2024-10-04T03:04:27.779+0300: 1156.924: Application time: 0.3377476 seconds
2024-10-04T03:04:27.779+0300: 1156.925: [GC (Allocation Failure) 2024-10-04T03:04:27.779+0300: 1156.925: [DefNew: 1124261K->5653K(1258304K), 0.0032990 secs] 1142122K->23514K(4054528K), 0.0033640 secs] [Times: user=0.00 sys=0.00, real=0.00 secs] 
2024-10-04T03:04:27.779+0300: 1156.928: Total time for which application threads were stopped: 0.0036623 seconds, Stopping threads took: 0.0001729 seconds
2024-10-04T03:04:28.124+0300: 1157.274: Application time: 0.3455181 seconds
2024-10-04T03:04:28.124+0300: 1157.274: [GC (Allocation Failure) 2024-10-04T03:04:28.124+0300: 1157.274: [DefNew: 1124181K->6124K(1258304K), 0.0033624 secs] 1142042K->23985K(4054528K), 0.0034337 secs] [Times: user=0.00 sys=0.00, real=0.00 secs] 
2024-10-04T03:04:28.124+0300: 1157.277: Total time for which application threads were stopped: 0.0038516 seconds, Stopping threads took: 0.0002919 seconds
2024-10-04T03:04:28.469+0300: 1157.620: Application time: 0.3421678 seconds
2024-10-04T03:04:28.469+0300: 1157.620: [GC (Allocation Failure) 2024-10-04T03:04:28.469+0300: 1157.620: [DefNew: 1124652K->9413K(1258304K), 0.0072936 secs] 1142513K->27274K(4054528K), 0.0073693 secs] [Times: user=0.00 sys=0.00, real=0.00 secs] 
2024-10-04T03:04:28.469+0300: 1157.627: Total time for which application threads were stopped: 0.0076500 seconds, Stopping threads took: 0.0001678 seconds
2024-10-04T03:04:28.814+0300: 1157.974: Application time: 0.3464352 seconds
2024-10-04T03:04:28.814+0300: 1157.974: [GC (Allocation Failure) 2024-10-04T03:04:28.814+0300: 1157.974: [DefNew: 1127941K->5469K(1258304K), 0.0031893 secs] 1145802K->23330K(4054528K), 0.0032585 secs] [Times: user=0.00 sys=0.00, real=0.02 secs] 
2024-10-04T03:04:28.830+0300: 1157.977: Total time for which application threads were stopped: 0.0036285 seconds, Stopping threads took: 0.0002519 seconds
2024-10-04T03:04:29.176+0300: 1158.335: Application time: 0.3578174 seconds
2024-10-04T03:04:29.176+0300: 1158.336: [GC (Allocation Failure) 2024-10-04T03:04:29.176+0300: 1158.336: [DefNew: 1123997K->5607K(1258304K), 0.0032122 secs] 1141858K->23469K(4054528K), 0.0032845 secs] [Times: user=0.02 sys=0.00, real=0.01 secs] 
2024-10-04T03:04:29.191+0300: 1158.339: Total time for which application threads were stopped: 0.0036971 seconds, Stopping threads took: 0.0002696 seconds
2024-10-04T03:04:29.521+0300: 1158.674: Application time: 0.3356100 seconds
2024-10-04T03:04:29.521+0300: 1158.675: [GC (Allocation Failure) 2024-10-04T03:04:29.521+0300: 1158.675: [DefNew: 1124135K->5500K(1258304K), 0.0031775 secs] 1141997K->23363K(4054528K), 0.0032545 secs] [Times: user=0.00 sys=0.00, real=0.00 secs] 
2024-10-04T03:04:29.521+0300: 1158.678: Total time for which application threads were stopped: 0.0036388 seconds, Stopping threads took: 0.0002074 seconds
2024-10-04T03:04:29.866+0300: 1159.013: Application time: 0.3348860 seconds
2024-10-04T03:04:29.866+0300: 1159.013: [GC (Allocation Failure) 2024-10-04T03:04:29.866+0300: 1159.013: [DefNew: 1124028K->8829K(1258304K), 0.0059282 secs] 1141891K->26692K(4054528K), 0.0059967 secs] [Times: user=0.00 sys=0.00, real=0.00 secs] 
2024-10-04T03:04:29.866+0300: 1159.019: Total time for which application threads were stopped: 0.0062379 seconds, Stopping threads took: 0.0001239 seconds
2024-10-04T03:04:30.227+0300: 1159.376: Application time: 0.3565460 seconds
2024-10-04T03:04:30.227+0300: 1159.376: [GC (Allocation Failure) 2024-10-04T03:04:30.227+0300: 1159.376: [DefNew: 1127357K->6063K(1258304K), 0.0034965 secs] 1145220K->23926K(4054528K), 0.0035646 secs] [Times: user=0.00 sys=0.00, real=0.00 secs] 
2024-10-04T03:04:30.227+0300: 1159.380: Total time for which application threads were stopped: 0.0038309 seconds, Stopping threads took: 0.0001456 seconds
2024-10-04T03:04:30.573+0300: 1159.725: Application time: 0.3453934 seconds
2024-10-04T03:04:30.573+0300: 1159.725: [GC (Allocation Failure) 2024-10-04T03:04:30.573+0300: 1159.725: [DefNew: 1124591K->5669K(1258304K), 0.0033870 secs] 1142454K->23532K(4054528K), 0.0034598 secs] [Times: user=0.00 sys=0.00, real=0.00 secs] 
2024-10-04T03:04:30.573+0300: 1159.729: Total time for which application threads were stopped: 0.0037836 seconds, Stopping threads took: 0.0001957 seconds
2024-10-04T03:04:30.918+0300: 1160.074: Application time: 0.3448365 seconds
2024-10-04T03:04:30.918+0300: 1160.074: [GC (Allocation Failure) 2024-10-04T03:04:30.918+0300: 1160.074: [DefNew: 1124197K->5533K(1258304K), 0.0031639 secs] 1142060K->23396K(4054528K), 0.0032499 secs] [Times: user=0.00 sys=0.00, real=0.00 secs] 
2024-10-04T03:04:30.918+0300: 1160.077: Total time for which application threads were stopped: 0.0035731 seconds, Stopping threads took: 0.0001614 seconds
2024-10-04T03:04:31.263+0300: 1160.416: Application time: 0.3383481 seconds
2024-10-04T03:04:31.263+0300: 1160.416: [GC (Allocation Failure) 2024-10-04T03:04:31.263+0300: 1160.416: [DefNew: 1124061K->6010K(1258304K), 0.0034079 secs] 1141924K->23874K(4054528K), 0.0034827 secs] [Times: user=0.00 sys=0.00, real=0.00 secs] 
2024-10-04T03:04:31.263+0300: 1160.419: Total time for which application threads were stopped: 0.0038304 seconds, Stopping threads took: 0.0002070 seconds
2024-10-04T03:04:31.592+0300: 1160.753: Application time: 0.3331740 seconds
2024-10-04T03:04:31.592+0300: 1160.753: [GC (Allocation Failure) 2024-10-04T03:04:31.592+0300: 1160.753: [DefNew: 1124538K->8429K(1258304K), 0.0068373 secs] 1142402K->26293K(4054528K), 0.0069139 secs] [Times: user=0.00 sys=0.00, real=0.02 secs] 
2024-10-04T03:04:31.608+0300: 1160.760: Total time for which application threads were stopped: 0.0072500 seconds, Stopping threads took: 0.0002076 seconds
2024-10-04T03:04:31.954+0300: 1161.113: Application time: 0.3536465 seconds
2024-10-04T03:04:31.954+0300: 1161.114: [GC (Allocation Failure) 2024-10-04T03:04:31.954+0300: 1161.114: [DefNew: 1126957K->5793K(1258304K), 0.0036802 secs] 1144821K->23658K(4054528K), 0.0037657 secs] [Times: user=0.00 sys=0.00, real=0.02 secs] 
2024-10-04T03:04:31.969+0300: 1161.118: Total time for which application threads were stopped: 0.0040809 seconds, Stopping threads took: 0.0001546 seconds
2024-10-04T03:04:32.314+0300: 1161.466: Application time: 0.3479514 seconds
2024-10-04T03:04:32.314+0300: 1161.466: [GC (Allocation Failure) 2024-10-04T03:04:32.314+0300: 1161.466: [DefNew: 1124321K->5662K(1258304K), 0.0032653 secs] 1142186K->23527K(4054528K), 0.0033375 secs] [Times: user=0.00 sys=0.00, real=0.00 secs] 
2024-10-04T03:04:32.314+0300: 1161.469: Total time for which application threads were stopped: 0.0035884 seconds, Stopping threads took: 0.0001379 seconds
2024-10-04T03:04:32.652+0300: 1161.804: Application time: 0.3345617 seconds
2024-10-04T03:04:32.652+0300: 1161.804: [GC (Allocation Failure) 2024-10-04T03:04:32.652+0300: 1161.804: [DefNew: 1124190K->5580K(1258304K), 0.0032088 secs] 1142055K->23445K(4054528K), 0.0032882 secs] [Times: user=0.00 sys=0.00, real=0.01 secs] 
2024-10-04T03:04:32.660+0300: 1161.807: Total time for which application threads were stopped: 0.0035615 seconds, Stopping threads took: 0.0001554 seconds
2024-10-04T03:04:32.990+0300: 1162.149: Application time: 0.3417699 seconds
2024-10-04T03:04:32.990+0300: 1162.149: [GC (Allocation Failure) 2024-10-04T03:04:32.990+0300: 1162.149: [DefNew: 1124108K->7403K(1258304K), 0.0056027 secs] 1141973K->25269K(4054528K), 0.0056790 secs] [Times: user=0.01 sys=0.00, real=0.02 secs] 
2024-10-04T03:04:33.006+0300: 1162.155: Total time for which application threads were stopped: 0.0060458 seconds, Stopping threads took: 0.0002305 seconds
2024-10-04T03:04:33.354+0300: 1162.499: Application time: 0.3443918 seconds
2024-10-04T03:04:33.354+0300: 1162.500: [GC (Allocation Failure) 2024-10-04T03:04:33.354+0300: 1162.500: [DefNew: 1125931K->7850K(1258304K), 0.0052159 secs] 1143797K->25716K(4054528K), 0.0052854 secs] [Times: user=0.00 sys=0.00, real=0.00 secs] 
2024-10-04T03:04:33.354+0300: 1162.505: Total time for which application threads were stopped: 0.0055848 seconds, Stopping threads took: 0.0001801 seconds
2024-10-04T03:04:33.696+0300: 1162.850: Application time: 0.3452962 seconds
2024-10-04T03:04:33.696+0300: 1162.851: [GC (Allocation Failure) 2024-10-04T03:04:33.696+0300: 1162.851: [DefNew: 1126378K->5633K(1258304K), 0.0032453 secs] 1144244K->23499K(4054528K), 0.0033172 secs] [Times: user=0.00 sys=0.00, real=0.00 secs] 
2024-10-04T03:04:33.696+0300: 1162.854: Total time for which application threads were stopped: 0.0036119 seconds, Stopping threads took: 0.0001718 seconds
2024-10-04T03:04:34.058+0300: 1163.210: Application time: 0.3561364 seconds
2024-10-04T03:04:34.058+0300: 1163.210: [GC (Allocation Failure) 2024-10-04T03:04:34.058+0300: 1163.210: [DefNew: 1124161K->5687K(1258304K), 0.0032902 secs] 1142027K->23553K(4054528K), 0.0033625 secs] [Times: user=0.00 sys=0.00, real=0.00 secs] 
2024-10-04T03:04:34.058+0300: 1163.214: Total time for which application threads were stopped: 0.0036460 seconds, Stopping threads took: 0.0001608 seconds
2024-10-04T03:04:34.388+0300: 1163.545: Application time: 0.3317384 seconds
2024-10-04T03:04:34.388+0300: 1163.546: [GC (Allocation Failure) 2024-10-04T03:04:34.388+0300: 1163.546: [DefNew: 1124215K->5484K(1258304K), 0.0033578 secs] 1142081K->23350K(4054528K), 0.0034311 secs] [Times: user=0.00 sys=0.00, real=0.02 secs] 
2024-10-04T03:04:34.403+0300: 1163.549: Total time for which application threads were stopped: 0.0037295 seconds, Stopping threads took: 0.0001759 seconds
2024-10-04T03:04:34.733+0300: 1163.889: Application time: 0.3397078 seconds
2024-10-04T03:04:34.733+0300: 1163.889: [GC (Allocation Failure) 2024-10-04T03:04:34.733+0300: 1163.889: [DefNew: 1124012K->6623K(1258304K), 0.0036829 secs] 1141878K->24490K(4054528K), 0.0037521 secs] [Times: user=0.00 sys=0.00, real=0.00 secs] 
2024-10-04T03:04:34.733+0300: 1163.893: Total time for which application threads were stopped: 0.0040475 seconds, Stopping threads took: 0.0001787 seconds
2024-10-04T03:04:35.094+0300: 1164.250: Application time: 0.3571725 seconds
2024-10-04T03:04:35.094+0300: 1164.250: [GC (Allocation Failure) 2024-10-04T03:04:35.094+0300: 1164.250: [DefNew: 1125151K->5589K(1258304K), 0.0032350 secs] 1143018K->23456K(4054528K), 0.0033050 secs] [Times: user=0.00 sys=0.00, real=0.00 secs] 
2024-10-04T03:04:35.094+0300: 1164.254: Total time for which application threads were stopped: 0.0035721 seconds, Stopping threads took: 0.0001507 seconds
2024-10-04T03:04:35.439+0300: 1164.599: Application time: 0.3454548 seconds
2024-10-04T03:04:35.439+0300: 1164.599: [GC (Allocation Failure) 2024-10-04T03:04:35.439+0300: 1164.599: [DefNew: 1124117K->5666K(1258304K), 0.0034123 secs] 1141984K->23534K(4054528K), 0.0034888 secs] [Times: user=0.00 sys=0.00, real=0.02 secs] 
2024-10-04T03:04:35.455+0300: 1164.603: Total time for which application threads were stopped: 0.0037735 seconds, Stopping threads took: 0.0001502 seconds
2024-10-04T03:04:35.785+0300: 1164.941: Application time: 0.3382874 seconds
2024-10-04T03:04:35.785+0300: 1164.942: [GC (Allocation Failure) 2024-10-04T03:04:35.785+0300: 1164.942: [DefNew: 1124194K->5618K(1258304K), 0.0032239 secs] 1142062K->23485K(4054528K), 0.0032970 secs] [Times: user=0.00 sys=0.00, real=0.00 secs] 
2024-10-04T03:04:35.785+0300: 1164.945: Total time for which application threads were stopped: 0.0036062 seconds, Stopping threads took: 0.0001919 seconds
2024-10-04T03:04:36.130+0300: 1165.288: Application time: 0.3431119 seconds
2024-10-04T03:04:36.130+0300: 1165.288: [GC (Allocation Failure) 2024-10-04T03:04:36.130+0300: 1165.288: [DefNew: 1124146K->6904K(1258304K), 0.0047430 secs] 1142013K->24772K(4054528K), 0.0048196 secs] [Times: user=0.01 sys=0.00, real=0.01 secs] 
2024-10-04T03:04:36.145+0300: 1165.293: Total time for which application threads were stopped: 0.0051271 seconds, Stopping threads took: 0.0001356 seconds
2024-10-04T03:04:36.490+0300: 1165.637: Application time: 0.3438657 seconds
2024-10-04T03:04:36.490+0300: 1165.637: [GC (Allocation Failure) 2024-10-04T03:04:36.490+0300: 1165.637: [DefNew: 1125432K->9133K(1258304K), 0.0077882 secs] 1143300K->27001K(4054528K), 0.0078553 secs] [Times: user=0.00 sys=0.00, real=0.00 secs] 
2024-10-04T03:04:36.490+0300: 1165.645: Total time for which application threads were stopped: 0.0081564 seconds, Stopping threads took: 0.0001791 seconds
2024-10-04T03:04:36.836+0300: 1165.995: Application time: 0.3501383 seconds
2024-10-04T03:04:36.836+0300: 1165.996: [GC (Allocation Failure) 2024-10-04T03:04:36.836+0300: 1165.996: [DefNew: 1127661K->5549K(1258304K), 0.0031952 secs] 1145529K->23418K(4054528K), 0.0032627 secs] [Times: user=0.00 sys=0.00, real=0.02 secs] 
2024-10-04T03:04:36.851+0300: 1165.999: Total time for which application threads were stopped: 0.0035699 seconds, Stopping threads took: 0.0001847 seconds
2024-10-04T03:04:37.197+0300: 1166.356: Application time: 0.3575884 seconds
2024-10-04T03:04:37.197+0300: 1166.357: [GC (Allocation Failure) 2024-10-04T03:04:37.197+0300: 1166.357: [DefNew: 1124077K->5755K(1258304K), 0.0034279 secs] 1141946K->23625K(4054528K), 0.0035097 secs] [Times: user=0.00 sys=0.00, real=0.01 secs] 
2024-10-04T03:04:37.212+0300: 1166.360: Total time for which application threads were stopped: 0.0038615 seconds, Stopping threads took: 0.0001900 seconds
2024-10-04T03:04:37.542+0300: 1166.696: Application time: 0.3352984 seconds
2024-10-04T03:04:37.542+0300: 1166.696: [GC (Allocation Failure) 2024-10-04T03:04:37.542+0300: 1166.696: [DefNew: 1124283K->5738K(1258304K), 0.0032673 secs] 1142153K->23607K(4054528K), 0.0033442 secs] [Times: user=0.00 sys=0.00, real=0.00 secs] 
2024-10-04T03:04:37.542+0300: 1166.699: Total time for which application threads were stopped: 0.0036181 seconds, Stopping threads took: 0.0001591 seconds
2024-10-04T03:04:37.888+0300: 1167.034: Application time: 0.3343331 seconds
2024-10-04T03:04:37.888+0300: 1167.034: [GC (Allocation Failure) 2024-10-04T03:04:37.888+0300: 1167.034: [DefNew: 1124266K->7133K(1258304K), 0.0056975 secs] 1142135K->25003K(4054528K), 0.0057627 secs] [Times: user=0.00 sys=0.00, real=0.00 secs] 
2024-10-04T03:04:37.888+0300: 1167.040: Total time for which application threads were stopped: 0.0060267 seconds, Stopping threads took: 0.0001505 seconds
2024-10-04T03:04:38.249+0300: 1167.394: Application time: 0.3548886 seconds
2024-10-04T03:04:38.249+0300: 1167.395: [GC (Allocation Failure) 2024-10-04T03:04:38.249+0300: 1167.395: [DefNew: 1125661K->5973K(1258304K), 0.0034953 secs] 1143531K->23843K(4054528K), 0.0035630 secs] [Times: user=0.00 sys=0.00, real=0.00 secs] 
2024-10-04T03:04:38.249+0300: 1167.398: Total time for which application threads were stopped: 0.0038140 seconds, Stopping threads took: 0.0001283 seconds
2024-10-04T03:04:38.595+0300: 1167.749: Application time: 0.3509433 seconds
2024-10-04T03:04:38.595+0300: 1167.749: [GC (Allocation Failure) 2024-10-04T03:04:38.595+0300: 1167.750: [DefNew: 1124501K->5616K(1258304K), 0.0038797 secs] 1142371K->23486K(4054528K), 0.0039739 secs] [Times: user=0.00 sys=0.00, real=0.00 secs] 
2024-10-04T03:04:38.595+0300: 1167.753: Total time for which application threads were stopped: 0.0042718 seconds, Stopping threads took: 0.0001265 seconds
2024-10-04T03:04:38.955+0300: 1168.103: Application time: 0.3498554 seconds
2024-10-04T03:04:38.955+0300: 1168.104: [GC (Allocation Failure) 2024-10-04T03:04:38.955+0300: 1168.104: [DefNew: 1124144K->5729K(1258304K), 0.0033261 secs] 1142014K->23599K(4054528K), 0.0033930 secs] [Times: user=0.00 sys=0.00, real=0.00 secs] 
2024-10-04T03:04:38.955+0300: 1168.107: Total time for which application threads were stopped: 0.0036738 seconds, Stopping threads took: 0.0001584 seconds
2024-10-04T03:04:39.285+0300: 1168.443: Application time: 0.3363679 seconds
2024-10-04T03:04:39.285+0300: 1168.444: [GC (Allocation Failure) 2024-10-04T03:04:39.285+0300: 1168.444: [DefNew: 1124257K->5759K(1258304K), 0.0034424 secs] 1142127K->23630K(4054528K), 0.0035199 secs] [Times: user=0.00 sys=0.00, real=0.01 secs] 
2024-10-04T03:04:39.300+0300: 1168.447: Total time for which application threads were stopped: 0.0037993 seconds, Stopping threads took: 0.0001648 seconds
2024-10-04T03:04:39.646+0300: 1168.792: Application time: 0.3448332 seconds
2024-10-04T03:04:39.646+0300: 1168.792: [GC (Allocation Failure) 2024-10-04T03:04:39.646+0300: 1168.792: [DefNew: 1124287K->7745K(1258304K), 0.0046510 secs] 1142158K->25616K(4054528K), 0.0047199 secs] [Times: user=0.00 sys=0.00, real=0.00 secs] 
2024-10-04T03:04:39.646+0300: 1168.797: Total time for which application threads were stopped: 0.0049676 seconds, Stopping threads took: 0.0001426 seconds
2024-10-04T03:04:40.007+0300: 1169.153: Application time: 0.3564393 seconds
2024-10-04T03:04:40.007+0300: 1169.154: [GC (Allocation Failure) 2024-10-04T03:04:40.007+0300: 1169.154: [DefNew: 1126273K->5544K(1258304K), 0.0032074 secs] 1144144K->23416K(4054528K), 0.0032821 secs] [Times: user=0.00 sys=0.00, real=0.00 secs] 
2024-10-04T03:04:40.007+0300: 1169.157: Total time for which application threads were stopped: 0.0036169 seconds, Stopping threads took: 0.0001959 seconds
2024-10-04T03:04:40.352+0300: 1169.507: Application time: 0.3495665 seconds
2024-10-04T03:04:40.352+0300: 1169.507: [GC (Allocation Failure) 2024-10-04T03:04:40.352+0300: 1169.507: [DefNew: 1124072K->5602K(1258304K), 0.0031999 secs] 1141944K->23474K(4054528K), 0.0032740 secs] [Times: user=0.00 sys=0.00, real=0.00 secs] 
2024-10-04T03:04:40.352+0300: 1169.510: Total time for which application threads were stopped: 0.0035775 seconds, Stopping threads took: 0.0001887 seconds
2024-10-04T03:04:40.697+0300: 1169.848: Application time: 0.3380056 seconds
2024-10-04T03:04:40.697+0300: 1169.849: [GC (Allocation Failure) 2024-10-04T03:04:40.697+0300: 1169.849: [DefNew: 1124130K->5654K(1258304K), 0.0033234 secs] 1142002K->23526K(4054528K), 0.0033976 secs] [Times: user=0.00 sys=0.00, real=0.00 secs] 
2024-10-04T03:04:40.697+0300: 1169.852: Total time for which application threads were stopped: 0.0037253 seconds, Stopping threads took: 0.0002112 seconds
2024-10-04T03:04:41.042+0300: 1170.191: Application time: 0.3391819 seconds
2024-10-04T03:04:41.042+0300: 1170.191: [GC (Allocation Failure) 2024-10-04T03:04:41.042+0300: 1170.191: [DefNew: 1124182K->9395K(1258304K), 0.0075408 secs] 1142054K->27268K(4054528K), 0.0076150 secs] [Times: user=0.00 sys=0.00, real=0.00 secs] 
2024-10-04T03:04:41.042+0300: 1170.199: Total time for which application threads were stopped: 0.0079441 seconds, Stopping threads took: 0.0002125 seconds
2024-10-04T03:04:41.388+0300: 1170.548: Application time: 0.3486196 seconds
2024-10-04T03:04:41.388+0300: 1170.548: [GC (Allocation Failure) 2024-10-04T03:04:41.388+0300: 1170.548: [DefNew: 1127923K->5815K(1258304K), 0.0033723 secs] 1145796K->23688K(4054528K), 0.0034461 secs] [Times: user=0.00 sys=0.00, real=0.02 secs] 
2024-10-04T03:04:41.403+0300: 1170.551: Total time for which application threads were stopped: 0.0037317 seconds, Stopping threads took: 0.0001693 seconds
2024-10-04T03:04:41.748+0300: 1170.902: Application time: 0.3503496 seconds
2024-10-04T03:04:41.748+0300: 1170.902: [GC (Allocation Failure) 2024-10-04T03:04:41.748+0300: 1170.902: [DefNew: 1124343K->5521K(1258304K), 0.0031011 secs] 1142216K->23394K(4054528K), 0.0031765 secs] [Times: user=0.00 sys=0.00, real=0.00 secs] 
2024-10-04T03:04:41.748+0300: 1170.905: Total time for which application threads were stopped: 0.0034883 seconds, Stopping threads took: 0.0001973 seconds
2024-10-04T03:04:42.094+0300: 1171.254: Application time: 0.3482464 seconds
2024-10-04T03:04:42.094+0300: 1171.254: [GC (Allocation Failure) 2024-10-04T03:04:42.094+0300: 1171.254: [DefNew: 1124049K->5439K(1258304K), 0.0031542 secs] 1141922K->23312K(4054528K), 0.0032291 secs] [Times: user=0.02 sys=0.00, real=0.02 secs] 
2024-10-04T03:04:42.110+0300: 1171.257: Total time for which application threads were stopped: 0.0036296 seconds, Stopping threads took: 0.0002563 seconds
2024-10-04T03:04:42.439+0300: 1171.596: Application time: 0.3391934 seconds
2024-10-04T03:04:42.439+0300: 1171.597: [GC (Allocation Failure) 2024-10-04T03:04:42.439+0300: 1171.597: [DefNew: 1123967K->7424K(1258304K), 0.0051764 secs] 1141840K->25298K(4054528K), 0.0052504 secs] [Times: user=0.00 sys=0.00, real=0.02 secs] 
2024-10-04T03:04:42.455+0300: 1171.602: Total time for which application threads were stopped: 0.0055648 seconds, Stopping threads took: 0.0001856 seconds
2024-10-04T03:04:42.785+0300: 1171.939: Application time: 0.3368882 seconds
2024-10-04T03:04:42.785+0300: 1171.939: [GC (Allocation Failure) 2024-10-04T03:04:42.785+0300: 1171.939: [DefNew: 1125952K->9187K(1258304K), 0.0076474 secs] 1143826K->27061K(4054528K), 0.0077444 secs] [Times: user=0.00 sys=0.00, real=0.02 secs] 
2024-10-04T03:04:42.801+0300: 1171.947: Total time for which application threads were stopped: 0.0080256 seconds, Stopping threads took: 0.0001406 seconds
2024-10-04T03:04:43.146+0300: 1172.303: Application time: 0.3562524 seconds
2024-10-04T03:04:43.146+0300: 1172.303: [GC (Allocation Failure) 2024-10-04T03:04:43.146+0300: 1172.303: [DefNew: 1127715K->5463K(1258304K), 0.0030938 secs] 1145589K->23338K(4054528K), 0.0031903 secs] [Times: user=0.00 sys=0.00, real=0.02 secs] 
2024-10-04T03:04:43.161+0300: 1172.307: Total time for which application threads were stopped: 0.0034895 seconds, Stopping threads took: 0.0001725 seconds
2024-10-04T03:04:43.507+0300: 1172.656: Application time: 0.3494782 seconds
2024-10-04T03:04:43.507+0300: 1172.656: [GC (Allocation Failure) 2024-10-04T03:04:43.507+0300: 1172.656: [DefNew: 1123991K->5588K(1258304K), 0.0032969 secs] 1141866K->23463K(4054528K), 0.0033712 secs] [Times: user=0.00 sys=0.00, real=0.00 secs] 
2024-10-04T03:04:43.507+0300: 1172.660: Total time for which application threads were stopped: 0.0036642 seconds, Stopping threads took: 0.0001641 seconds
2024-10-04T03:04:43.836+0300: 1172.996: Application time: 0.3358575 seconds
2024-10-04T03:04:43.836+0300: 1172.996: [GC (Allocation Failure) 2024-10-04T03:04:43.836+0300: 1172.996: [DefNew: 1124116K->5644K(1258304K), 0.0034162 secs] 1141991K->23519K(4054528K), 0.0034973 secs] [Times: user=0.00 sys=0.00, real=0.02 secs] 
2024-10-04T03:04:43.852+0300: 1172.999: Total time for which application threads were stopped: 0.0038536 seconds, Stopping threads took: 0.0001912 seconds
2024-10-04T03:04:44.198+0300: 1173.348: Application time: 0.3485463 seconds
2024-10-04T03:04:44.198+0300: 1173.348: [GC (Allocation Failure) 2024-10-04T03:04:44.198+0300: 1173.348: [DefNew: 1124172K->6679K(1258304K), 0.0036635 secs] 1142047K->24554K(4054528K), 0.0037311 secs] [Times: user=0.00 sys=0.00, real=0.00 secs] 
2024-10-04T03:04:44.198+0300: 1173.352: Total time for which application threads were stopped: 0.0039968 seconds, Stopping threads took: 0.0001495 seconds
2024-10-04T03:04:44.543+0300: 1173.693: Application time: 0.3413152 seconds
2024-10-04T03:04:44.543+0300: 1173.694: [GC (Allocation Failure) 2024-10-04T03:04:44.543+0300: 1173.694: [DefNew: 1125207K->7917K(1258304K), 0.0052317 secs] 1143082K->25793K(4054528K), 0.0053091 secs] [Times: user=0.00 sys=0.00, real=0.00 secs] 
2024-10-04T03:04:44.543+0300: 1173.699: Total time for which application threads were stopped: 0.0056127 seconds, Stopping threads took: 0.0001742 seconds
2024-10-04T03:04:44.905+0300: 1174.052: Application time: 0.3526415 seconds
2024-10-04T03:04:44.905+0300: 1174.052: [GC (Allocation Failure) 2024-10-04T03:04:44.905+0300: 1174.052: [DefNew: 1126445K->5709K(1258304K), 0.0035803 secs] 1144321K->23585K(4054528K), 0.0036615 secs] [Times: user=0.00 sys=0.00, real=0.00 secs] 
2024-10-04T03:04:44.905+0300: 1174.056: Total time for which application threads were stopped: 0.0039657 seconds, Stopping threads took: 0.0001443 seconds
2024-10-04T03:04:45.250+0300: 1174.410: Application time: 0.3547549 seconds
2024-10-04T03:04:45.250+0300: 1174.411: [GC (Allocation Failure) 2024-10-04T03:04:45.250+0300: 1174.411: [DefNew: 1124237K->5675K(1258304K), 0.0033134 secs] 1142113K->23551K(4054528K), 0.0033886 secs] [Times: user=0.00 sys=0.00, real=0.02 secs] 
2024-10-04T03:04:45.266+0300: 1174.414: Total time for which application threads were stopped: 0.0036946 seconds, Stopping threads took: 0.0001748 seconds
2024-10-04T03:04:45.596+0300: 1174.747: Application time: 0.3332903 seconds
2024-10-04T03:04:45.596+0300: 1174.748: [GC (Allocation Failure) 2024-10-04T03:04:45.596+0300: 1174.748: [DefNew: 1124203K->5694K(1258304K), 0.0041875 secs] 1142079K->23570K(4054528K), 0.0042645 secs] [Times: user=0.00 sys=0.00, real=0.00 secs] 
2024-10-04T03:04:45.596+0300: 1174.752: Total time for which application threads were stopped: 0.0045946 seconds, Stopping threads took: 0.0002005 seconds
2024-10-04T03:04:45.942+0300: 1175.099: Application time: 0.3471518 seconds
2024-10-04T03:04:45.942+0300: 1175.099: [GC (Allocation Failure) 2024-10-04T03:04:45.942+0300: 1175.099: [DefNew: 1124222K->7011K(1258304K), 0.0052009 secs] 1142098K->24888K(4054528K), 0.0052779 secs] [Times: user=0.00 sys=0.00, real=0.02 secs] 
2024-10-04T03:04:45.957+0300: 1175.105: Total time for which application threads were stopped: 0.0055279 seconds, Stopping threads took: 0.0001130 seconds
2024-10-04T03:04:46.303+0300: 1175.455: Application time: 0.3500714 seconds
2024-10-04T03:04:46.303+0300: 1175.455: [GC (Allocation Failure) 2024-10-04T03:04:46.303+0300: 1175.455: [DefNew: 1125539K->5507K(1258304K), 0.0031385 secs] 1143416K->23384K(4054528K), 0.0032093 secs] [Times: user=0.00 sys=0.00, real=0.00 secs] 
2024-10-04T03:04:46.303+0300: 1175.458: Total time for which application threads were stopped: 0.0034836 seconds, Stopping threads took: 0.0001508 seconds
2024-10-04T03:04:46.648+0300: 1175.807: Application time: 0.3492596 seconds
2024-10-04T03:04:46.648+0300: 1175.808: [GC (Allocation Failure) 2024-10-04T03:04:46.648+0300: 1175.808: [DefNew: 1124035K->5550K(1258304K), 0.0037398 secs] 1141912K->23428K(4054528K), 0.0038074 secs] [Times: user=0.00 sys=0.00, real=0.02 secs] 
2024-10-04T03:04:46.663+0300: 1175.812: Total time for which application threads were stopped: 0.0042079 seconds, Stopping threads took: 0.0002640 seconds
2024-10-04T03:04:47.009+0300: 1176.161: Application time: 0.3496614 seconds
2024-10-04T03:04:47.009+0300: 1176.162: [GC (Allocation Failure) 2024-10-04T03:04:47.009+0300: 1176.162: [DefNew: 1124078K->5592K(1258304K), 0.0036234 secs] 1141956K->23470K(4054528K), 0.0036922 secs] [Times: user=0.00 sys=0.00, real=0.00 secs] 
2024-10-04T03:04:47.009+0300: 1176.165: Total time for which application threads were stopped: 0.0039947 seconds, Stopping threads took: 0.0001779 seconds
2024-10-04T03:04:47.339+0300: 1176.498: Application time: 0.3325983 seconds
2024-10-04T03:04:47.339+0300: 1176.498: [GC (Allocation Failure) 2024-10-04T03:04:47.339+0300: 1176.498: [DefNew: 1124120K->7296K(1258304K), 0.0050919 secs] 1141998K->25174K(4054528K), 0.0051672 secs] [Times: user=0.00 sys=0.00, real=0.02 secs] 
2024-10-04T03:04:47.354+0300: 1176.503: Total time for which application threads were stopped: 0.0054489 seconds, Stopping threads took: 0.0001490 seconds
2024-10-04T03:04:47.700+0300: 1176.849: Application time: 0.3457751 seconds
2024-10-04T03:04:47.700+0300: 1176.849: [GC (Allocation Failure) 2024-10-04T03:04:47.700+0300: 1176.849: [DefNew: 1125824K->9305K(1258304K), 0.0073484 secs] 1143702K->27184K(4054528K), 0.0074235 secs] [Times: user=0.00 sys=0.00, real=0.00 secs] 
2024-10-04T03:04:47.700+0300: 1176.857: Total time for which application threads were stopped: 0.0077704 seconds, Stopping threads took: 0.0002297 seconds
2024-10-04T03:04:48.061+0300: 1177.213: Application time: 0.3562735 seconds
2024-10-04T03:04:48.061+0300: 1177.213: [GC (Allocation Failure) 2024-10-04T03:04:48.061+0300: 1177.213: [DefNew: 1127833K->5655K(1258304K), 0.0031903 secs] 1145712K->23534K(4054528K), 0.0032566 secs] [Times: user=0.00 sys=0.00, real=0.00 secs] 
2024-10-04T03:04:48.061+0300: 1177.217: Total time for which application threads were stopped: 0.0034927 seconds, Stopping threads took: 0.0001288 seconds
2024-10-04T03:04:48.406+0300: 1177.560: Application time: 0.3438068 seconds
2024-10-04T03:04:48.406+0300: 1177.561: [GC (Allocation Failure) 2024-10-04T03:04:48.406+0300: 1177.561: [DefNew: 1124183K->5610K(1258304K), 0.0032951 secs] 1142062K->23489K(4054528K), 0.0033650 secs] [Times: user=0.00 sys=0.00, real=0.00 secs] 
2024-10-04T03:04:48.406+0300: 1177.564: Total time for which application threads were stopped: 0.0036401 seconds, Stopping threads took: 0.0001463 seconds
2024-10-04T03:04:48.752+0300: 1177.899: Application time: 0.3350079 seconds
2024-10-04T03:04:48.752+0300: 1177.899: [GC (Allocation Failure) 2024-10-04T03:04:48.752+0300: 1177.899: [DefNew: 1124138K->5714K(1258304K), 0.0033154 secs] 1142017K->23593K(4054528K), 0.0033859 secs] [Times: user=0.00 sys=0.00, real=0.00 secs] 
2024-10-04T03:04:48.752+0300: 1177.903: Total time for which application threads were stopped: 0.0036647 seconds, Stopping threads took: 0.0001596 seconds
2024-10-04T03:04:49.097+0300: 1178.246: Application time: 0.3435105 seconds
2024-10-04T03:04:49.097+0300: 1178.246: [GC (Allocation Failure) 2024-10-04T03:04:49.097+0300: 1178.247: [DefNew: 1124242K->7653K(1258304K), 0.0051756 secs] 1142121K->25533K(4054528K), 0.0052464 secs] [Times: user=0.00 sys=0.00, real=0.00 secs] 
2024-10-04T03:04:49.097+0300: 1178.252: Total time for which application threads were stopped: 0.0054934 seconds, Stopping threads took: 0.0001306 seconds
2024-10-04T03:04:49.442+0300: 1178.597: Application time: 0.3449449 seconds
2024-10-04T03:04:49.442+0300: 1178.597: [GC (Allocation Failure) 2024-10-04T03:04:49.442+0300: 1178.597: [DefNew: 1126181K->7484K(1258304K), 0.0052960 secs] 1144061K->25364K(4054528K), 0.0053705 secs] [Times: user=0.00 sys=0.00, real=0.00 secs] 
2024-10-04T03:04:49.442+0300: 1178.602: Total time for which application threads were stopped: 0.0056348 seconds, Stopping threads took: 0.0001352 seconds
2024-10-04T03:04:49.803+0300: 1178.950: Application time: 0.3479011 seconds
2024-10-04T03:04:49.803+0300: 1178.950: [GC (Allocation Failure) 2024-10-04T03:04:49.803+0300: 1178.951: [DefNew: 1126012K->5620K(1258304K), 0.0032346 secs] 1143892K->23501K(4054528K), 0.0033002 secs] [Times: user=0.00 sys=0.00, real=0.00 secs] 
2024-10-04T03:04:49.803+0300: 1178.954: Total time for which application threads were stopped: 0.0035514 seconds, Stopping threads took: 0.0001327 seconds
2024-10-04T03:04:50.148+0300: 1179.303: Application time: 0.3488292 seconds
2024-10-04T03:04:50.148+0300: 1179.303: [GC (Allocation Failure) 2024-10-04T03:04:50.148+0300: 1179.303: [DefNew: 1124148K->5614K(1258304K), 0.0032731 secs] 1142029K->23495K(4054528K), 0.0033394 secs] [Times: user=0.00 sys=0.00, real=0.00 secs] 
2024-10-04T03:04:50.148+0300: 1179.306: Total time for which application threads were stopped: 0.0036367 seconds, Stopping threads took: 0.0001835 seconds
2024-10-04T03:04:50.493+0300: 1179.639: Application time: 0.3324704 seconds
2024-10-04T03:04:50.493+0300: 1179.639: [GC (Allocation Failure) 2024-10-04T03:04:50.493+0300: 1179.639: [DefNew: 1124142K->7283K(1258304K), 0.0050822 secs] 1142023K->25164K(4054528K), 0.0051557 secs] [Times: user=0.00 sys=0.00, real=0.00 secs] 
2024-10-04T03:04:50.494+0300: 1179.644: Total time for which application threads were stopped: 0.0054226 seconds, Stopping threads took: 0.0001221 seconds
2024-10-04T03:04:50.839+0300: 1179.985: Application time: 0.3404642 seconds
2024-10-04T03:04:50.839+0300: 1179.985: [GC (Allocation Failure) 2024-10-04T03:04:50.839+0300: 1179.985: [DefNew: 1125811K->7855K(1258304K), 0.0049965 secs] 1143692K->25737K(4054528K), 0.0050656 secs] [Times: user=0.00 sys=0.00, real=0.00 secs] 
2024-10-04T03:04:50.839+0300: 1179.990: Total time for which application threads were stopped: 0.0053309 seconds, Stopping threads took: 0.0001495 seconds
2024-10-04T03:04:51.196+0300: 1180.345: Application time: 0.3550265 seconds
2024-10-04T03:04:51.196+0300: 1180.345: [GC (Allocation Failure) 2024-10-04T03:04:51.196+0300: 1180.345: [DefNew: 1126383K->5636K(1258304K), 0.0032472 secs] 1144265K->23518K(4054528K), 0.0033145 secs] [Times: user=0.00 sys=0.00, real=0.00 secs] 
2024-10-04T03:04:51.200+0300: 1180.349: Total time for which application threads were stopped: 0.0035883 seconds, Stopping threads took: 0.0001591 seconds
2024-10-04T03:04:51.545+0300: 1180.691: Application time: 0.3423770 seconds
2024-10-04T03:04:51.545+0300: 1180.691: [GC (Allocation Failure) 2024-10-04T03:04:51.545+0300: 1180.691: [DefNew: 1124164K->5594K(1258304K), 0.0032644 secs] 1142046K->23476K(4054528K), 0.0033374 secs] [Times: user=0.00 sys=0.00, real=0.00 secs] 
2024-10-04T03:04:51.545+0300: 1180.695: Total time for which application threads were stopped: 0.0036357 seconds, Stopping threads took: 0.0001701 seconds
2024-10-04T03:04:51.875+0300: 1181.032: Application time: 0.3373773 seconds
2024-10-04T03:04:51.875+0300: 1181.032: [GC (Allocation Failure) 2024-10-04T03:04:51.875+0300: 1181.032: [DefNew: 1124122K->5436K(1258304K), 0.0030338 secs] 1142004K->23318K(4054528K), 0.0031027 secs] [Times: user=0.00 sys=0.00, real=0.00 secs] 
2024-10-04T03:04:51.875+0300: 1181.035: Total time for which application threads were stopped: 0.0033845 seconds, Stopping threads took: 0.0001677 seconds
2024-10-04T03:04:52.220+0300: 1181.376: Application time: 0.3407446 seconds
2024-10-04T03:04:52.220+0300: 1181.376: [GC (Allocation Failure) 2024-10-04T03:04:52.220+0300: 1181.377: [DefNew: 1123964K->6018K(1258304K), 0.0034178 secs] 1141846K->23901K(4054528K), 0.0034926 secs] [Times: user=0.00 sys=0.00, real=0.00 secs] 
2024-10-04T03:04:52.220+0300: 1181.380: Total time for which application threads were stopped: 0.0038715 seconds, Stopping threads took: 0.0002260 seconds
2024-10-04T03:04:52.565+0300: 1181.725: Application time: 0.3453302 seconds
2024-10-04T03:04:52.581+0300: 1181.726: [GC (Allocation Failure) 2024-10-04T03:04:52.581+0300: 1181.726: [DefNew: 1124546K->5961K(1258304K), 0.0034644 secs] 1142429K->23843K(4054528K), 0.0035614 secs] [Times: user=0.00 sys=0.00, real=0.00 secs] 
2024-10-04T03:04:52.583+0300: 1181.729: Total time for which application threads were stopped: 0.0039103 seconds, Stopping threads took: 0.0002156 seconds
2024-10-04T03:04:52.942+0300: 1182.091: Application time: 0.3614463 seconds
2024-10-04T03:04:52.942+0300: 1182.091: [GC (Allocation Failure) 2024-10-04T03:04:52.942+0300: 1182.091: [DefNew: 1124489K->5492K(1258304K), 0.0030250 secs] 1142371K->23375K(4054528K), 0.0030934 secs] [Times: user=0.00 sys=0.00, real=0.00 secs] 
2024-10-04T03:04:52.942+0300: 1182.094: Total time for which application threads were stopped: 0.0033537 seconds, Stopping threads took: 0.0001362 seconds
2024-10-04T03:04:53.288+0300: 1182.437: Application time: 0.3424813 seconds
2024-10-04T03:04:53.288+0300: 1182.437: [GC (Allocation Failure) 2024-10-04T03:04:53.288+0300: 1182.437: [DefNew: 1124020K->5575K(1258304K), 0.0031704 secs] 1141903K->23459K(4054528K), 0.0032427 secs] [Times: user=0.00 sys=0.00, real=0.00 secs] 
2024-10-04T03:04:53.288+0300: 1182.440: Total time for which application threads were stopped: 0.0035143 seconds, Stopping threads took: 0.0001521 seconds
2024-10-04T03:04:53.618+0300: 1182.775: Application time: 0.3353529 seconds
2024-10-04T03:04:53.618+0300: 1182.776: [GC (Allocation Failure) 2024-10-04T03:04:53.618+0300: 1182.776: [DefNew: 1124103K->5512K(1258304K), 0.0031270 secs] 1141987K->23396K(4054528K), 0.0032145 secs] [Times: user=0.00 sys=0.00, real=0.02 secs] 
2024-10-04T03:04:53.634+0300: 1182.779: Total time for which application threads were stopped: 0.0035427 seconds, Stopping threads took: 0.0002055 seconds
2024-10-04T03:04:53.979+0300: 1183.128: Application time: 0.3486793 seconds
2024-10-04T03:04:53.979+0300: 1183.128: [GC (Allocation Failure) 2024-10-04T03:04:53.979+0300: 1183.128: [DefNew: 1124040K->7814K(1258304K), 0.0051770 secs] 1141924K->25698K(4054528K), 0.0052402 secs] [Times: user=0.00 sys=0.00, real=0.00 secs] 
2024-10-04T03:04:53.979+0300: 1183.133: Total time for which application threads were stopped: 0.0056829 seconds, Stopping threads took: 0.0003181 seconds
2024-10-04T03:04:54.324+0300: 1183.483: Application time: 0.3492618 seconds
2024-10-04T03:04:54.324+0300: 1183.483: [GC (Allocation Failure) 2024-10-04T03:04:54.324+0300: 1183.483: [DefNew: 1126342K->5484K(1258304K), 0.0033383 secs] 1144226K->23368K(4054528K), 0.0034108 secs] [Times: user=0.00 sys=0.00, real=0.02 secs] 
2024-10-04T03:04:54.340+0300: 1183.486: Total time for which application threads were stopped: 0.0037409 seconds, Stopping threads took: 0.0001965 seconds
2024-10-04T03:04:54.685+0300: 1183.835: Application time: 0.3487120 seconds
2024-10-04T03:04:54.685+0300: 1183.835: [GC (Allocation Failure) 2024-10-04T03:04:54.685+0300: 1183.835: [DefNew: 1124012K->5563K(1258304K), 0.0033623 secs] 1141896K->23447K(4054528K), 0.0034399 secs] [Times: user=0.00 sys=0.00, real=0.00 secs] 
2024-10-04T03:04:54.685+0300: 1183.839: Total time for which application threads were stopped: 0.0037137 seconds, Stopping threads took: 0.0001494 seconds
2024-10-04T03:04:55.030+0300: 1184.180: Application time: 0.3411062 seconds
2024-10-04T03:04:55.030+0300: 1184.180: [GC (Allocation Failure) 2024-10-04T03:04:55.030+0300: 1184.180: [DefNew: 1124091K->5682K(1258304K), 0.0032913 secs] 1141975K->23567K(4054528K), 0.0033640 secs] [Times: user=0.00 sys=0.00, real=0.00 secs] 
2024-10-04T03:04:55.030+0300: 1184.184: Total time for which application threads were stopped: 0.0036880 seconds, Stopping threads took: 0.0001682 seconds
2024-10-04T03:04:55.360+0300: 1184.519: Application time: 0.3353869 seconds
2024-10-04T03:04:55.360+0300: 1184.519: [GC (Allocation Failure) 2024-10-04T03:04:55.360+0300: 1184.519: [DefNew: 1124210K->6573K(1258304K), 0.0038890 secs] 1142095K->24458K(4054528K), 0.0039715 secs] [Times: user=0.00 sys=0.00, real=0.02 secs] 
2024-10-04T03:04:55.375+0300: 1184.523: Total time for which application threads were stopped: 0.0042907 seconds, Stopping threads took: 0.0001996 seconds
2024-10-04T03:04:55.707+0300: 1184.865: Application time: 0.3420475 seconds
2024-10-04T03:04:55.707+0300: 1184.866: [GC (Allocation Failure) 2024-10-04T03:04:55.707+0300: 1184.866: [DefNew: 1125101K->6413K(1258304K), 0.0037022 secs] 1142986K->24299K(4054528K), 0.0037744 secs] [Times: user=0.00 sys=0.00, real=0.01 secs] 
2024-10-04T03:04:55.722+0300: 1184.869: Total time for which application threads were stopped: 0.0040945 seconds, Stopping threads took: 0.0002035 seconds
2024-10-04T03:04:56.067+0300: 1185.220: Application time: 0.3511076 seconds
2024-10-04T03:04:56.067+0300: 1185.221: [GC (Allocation Failure) 2024-10-04T03:04:56.067+0300: 1185.221: [DefNew: 1124941K->5651K(1258304K), 0.0032929 secs] 1142827K->23537K(4054528K), 0.0033713 secs] [Times: user=0.00 sys=0.00, real=0.00 secs] 
2024-10-04T03:04:56.067+0300: 1185.224: Total time for which application threads were stopped: 0.0037603 seconds, Stopping threads took: 0.0002286 seconds
2024-10-04T03:04:56.412+0300: 1185.567: Application time: 0.3429680 seconds
2024-10-04T03:04:56.412+0300: 1185.568: [GC (Allocation Failure) 2024-10-04T03:04:56.412+0300: 1185.568: [DefNew: 1124179K->5671K(1258304K), 0.0033612 secs] 1142065K->23557K(4054528K), 0.0034407 secs] [Times: user=0.00 sys=0.00, real=0.00 secs] 
2024-10-04T03:04:56.412+0300: 1185.571: Total time for which application threads were stopped: 0.0037601 seconds, Stopping threads took: 0.0001913 seconds
2024-10-04T03:04:56.763+0300: 1185.908: Application time: 0.3372026 seconds
2024-10-04T03:04:56.763+0300: 1185.908: [GC (Allocation Failure) 2024-10-04T03:04:56.763+0300: 1185.909: [DefNew: 1124199K->7358K(1258304K), 0.0050481 secs] 1142085K->25245K(4054528K), 0.0051096 secs] [Times: user=0.00 sys=0.00, real=0.00 secs] 
2024-10-04T03:04:56.764+0300: 1185.914: Total time for which application threads were stopped: 0.0054457 seconds, Stopping threads took: 0.0002107 seconds
2024-10-04T03:04:57.110+0300: 1186.257: Application time: 0.3429763 seconds
2024-10-04T03:04:57.110+0300: 1186.257: [GC (Allocation Failure) 2024-10-04T03:04:57.110+0300: 1186.257: [DefNew: 1125886K->8328K(1258304K), 0.0055578 secs] 1143773K->26215K(4054528K), 0.0056309 secs] [Times: user=0.00 sys=0.00, real=0.00 secs] 
2024-10-04T03:04:57.110+0300: 1186.263: Total time for which application threads were stopped: 0.0060125 seconds, Stopping threads took: 0.0002350 seconds
2024-10-04T03:04:57.463+0300: 1186.610: Application time: 0.3469581 seconds
2024-10-04T03:04:57.463+0300: 1186.610: [GC (Allocation Failure) 2024-10-04T03:04:57.463+0300: 1186.610: [DefNew: 1126856K->7708K(1258304K), 0.0051748 secs] 1144743K->25595K(4054528K), 0.0052517 secs] [Times: user=0.00 sys=0.00, real=0.00 secs] 
2024-10-04T03:04:57.463+0300: 1186.615: Total time for which application threads were stopped: 0.0055231 seconds, Stopping threads took: 0.0001461 seconds
2024-10-04T03:04:57.811+0300: 1186.964: Application time: 0.3491026 seconds
2024-10-04T03:04:57.811+0300: 1186.964: [GC (Allocation Failure) 2024-10-04T03:04:57.811+0300: 1186.965: [DefNew: 1126236K->5662K(1258304K), 0.0033124 secs] 1144123K->23549K(4054528K), 0.0033840 secs] [Times: user=0.00 sys=0.00, real=0.00 secs] 
2024-10-04T03:04:57.811+0300: 1186.968: Total time for which application threads were stopped: 0.0036770 seconds, Stopping threads took: 0.0001634 seconds
2024-10-04T03:04:58.154+0300: 1187.311: Application time: 0.3428300 seconds
2024-10-04T03:04:58.154+0300: 1187.311: [GC (Allocation Failure) 2024-10-04T03:04:58.154+0300: 1187.311: [DefNew: 1124190K->5615K(1258304K), 0.0032385 secs] 1142077K->23503K(4054528K), 0.0033080 secs] [Times: user=0.00 sys=0.00, real=0.00 secs] 
2024-10-04T03:04:58.154+0300: 1187.314: Total time for which application threads were stopped: 0.0036165 seconds, Stopping threads took: 0.0001899 seconds
2024-10-04T03:04:58.499+0300: 1187.651: Application time: 0.3370395 seconds
2024-10-04T03:04:58.499+0300: 1187.652: [GC (Allocation Failure) 2024-10-04T03:04:58.499+0300: 1187.652: [DefNew: 1124143K->5562K(1258304K), 0.0032467 secs] 1142031K->23450K(4054528K), 0.0033170 secs] [Times: user=0.00 sys=0.00, real=0.00 secs] 
2024-10-04T03:04:58.499+0300: 1187.655: Total time for which application threads were stopped: 0.0036295 seconds, Stopping threads took: 0.0001818 seconds
2024-10-04T03:04:58.845+0300: 1187.995: Application time: 0.3404255 seconds
2024-10-04T03:04:58.845+0300: 1187.996: [GC (Allocation Failure) 2024-10-04T03:04:58.845+0300: 1187.996: [DefNew: 1124090K->6156K(1258304K), 0.0034738 secs] 1141978K->24045K(4054528K), 0.0035439 secs] [Times: user=0.00 sys=0.00, real=0.00 secs] 
2024-10-04T03:04:58.845+0300: 1187.999: Total time for which application threads were stopped: 0.0038363 seconds, Stopping threads took: 0.0001661 seconds
2024-10-04T03:04:59.206+0300: 1188.353: Application time: 0.3534269 seconds
2024-10-04T03:04:59.206+0300: 1188.353: [GC (Allocation Failure) 2024-10-04T03:04:59.206+0300: 1188.353: [DefNew: 1124684K->5708K(1258304K), 0.0032647 secs] 1142573K->23597K(4054528K), 0.0033296 secs] [Times: user=0.00 sys=0.00, real=0.00 secs] 
2024-10-04T03:04:59.206+0300: 1188.356: Total time for which application threads were stopped: 0.0035703 seconds, Stopping threads took: 0.0001245 seconds
2024-10-04T03:04:59.551+0300: 1188.700: Application time: 0.3441228 seconds
2024-10-04T03:04:59.551+0300: 1188.701: [GC (Allocation Failure) 2024-10-04T03:04:59.551+0300: 1188.701: [DefNew: 1124236K->5569K(1258304K), 0.0032487 secs] 1142125K->23458K(4054528K), 0.0033205 secs] [Times: user=0.00 sys=0.00, real=0.00 secs] 
2024-10-04T03:04:59.551+0300: 1188.704: Total time for which application threads were stopped: 0.0036176 seconds, Stopping threads took: 0.0001718 seconds
2024-10-04T03:04:59.881+0300: 1189.039: Application time: 0.3348383 seconds
2024-10-04T03:04:59.881+0300: 1189.039: [GC (Allocation Failure) 2024-10-04T03:04:59.881+0300: 1189.039: [DefNew: 1124097K->5922K(1258304K), 0.0038311 secs] 1141986K->23812K(4054528K), 0.0039585 secs] [Times: user=0.02 sys=0.00, real=0.02 secs] 
2024-10-04T03:04:59.897+0300: 1189.043: Total time for which application threads were stopped: 0.0042907 seconds, Stopping threads took: 0.0001390 seconds
2024-10-04T03:05:00.242+0300: 1189.393: Application time: 0.3495751 seconds
2024-10-04T03:05:00.242+0300: 1189.393: [GC (Allocation Failure) 2024-10-04T03:05:00.242+0300: 1189.393: [DefNew: 1124450K->7575K(1258304K), 0.0055458 secs] 1142340K->25464K(4054528K), 0.0056198 secs] [Times: user=0.00 sys=0.00, real=0.00 secs] 
2024-10-04T03:05:00.242+0300: 1189.399: Total time for which application threads were stopped: 0.0059582 seconds, Stopping threads took: 0.0002061 seconds
2024-10-04T03:05:00.588+0300: 1189.744: Application time: 0.3454190 seconds
2024-10-04T03:05:00.588+0300: 1189.744: [GC (Allocation Failure) 2024-10-04T03:05:00.588+0300: 1189.744: [DefNew: 1126103K->6321K(1258304K), 0.0037968 secs] 1143992K->24211K(4054528K), 0.0038678 secs] [Times: user=0.02 sys=0.00, real=0.00 secs] 
2024-10-04T03:05:00.603+0300: 1189.748: Total time for which application threads were stopped: 0.0042333 seconds, Stopping threads took: 0.0002185 seconds
2024-10-04T03:05:00.949+0300: 1190.100: Application time: 0.3521252 seconds
2024-10-04T03:05:00.949+0300: 1190.101: [GC (Allocation Failure) 2024-10-04T03:05:00.949+0300: 1190.101: [DefNew: 1124849K->5591K(1258304K), 0.0033559 secs] 1142739K->23481K(4054528K), 0.0034390 secs] [Times: user=0.00 sys=0.00, real=0.00 secs] 
2024-10-04T03:05:00.949+0300: 1190.104: Total time for which application threads were stopped: 0.0037868 seconds, Stopping threads took: 0.0002296 seconds
2024-10-04T03:05:01.294+0300: 1190.448: Application time: 0.3433933 seconds
2024-10-04T03:05:01.294+0300: 1190.448: [GC (Allocation Failure) 2024-10-04T03:05:01.294+0300: 1190.448: [DefNew: 1124119K->5838K(1258304K), 0.0036965 secs] 1142009K->23729K(4054528K), 0.0037703 secs] [Times: user=0.00 sys=0.00, real=0.00 secs] 
2024-10-04T03:05:01.294+0300: 1190.452: Total time for which application threads were stopped: 0.0040578 seconds, Stopping threads took: 0.0001734 seconds
2024-10-04T03:05:01.640+0300: 1190.789: Application time: 0.3375042 seconds
2024-10-04T03:05:01.640+0300: 1190.789: [GC (Allocation Failure) 2024-10-04T03:05:01.640+0300: 1190.790: [DefNew: 1124366K->6644K(1258304K), 0.0042369 secs] 1142257K->24535K(4054528K), 0.0043089 secs] [Times: user=0.00 sys=0.00, real=0.00 secs] 
2024-10-04T03:05:01.640+0300: 1190.794: Total time for which application threads were stopped: 0.0045755 seconds, Stopping threads took: 0.0001407 seconds
2024-10-04T03:05:01.985+0300: 1191.139: Application time: 0.3448941 seconds
2024-10-04T03:05:01.985+0300: 1191.139: [GC (Allocation Failure) 2024-10-04T03:05:01.985+0300: 1191.139: [DefNew: 1125172K->5706K(1258304K), 0.0033061 secs] 1143063K->23597K(4054528K), 0.0033798 secs] [Times: user=0.00 sys=0.00, real=0.00 secs] 
2024-10-04T03:05:01.985+0300: 1191.142: Total time for which application threads were stopped: 0.0036874 seconds, Stopping threads took: 0.0001800 seconds
2024-10-04T03:05:02.346+0300: 1191.491: Application time: 0.3487547 seconds
2024-10-04T03:05:02.346+0300: 1191.491: [GC (Allocation Failure) 2024-10-04T03:05:02.346+0300: 1191.491: [DefNew: 1124234K->5507K(1258304K), 0.0031529 secs] 1142125K->23399K(4054528K), 0.0032292 secs] [Times: user=0.00 sys=0.00, real=0.00 secs] 
2024-10-04T03:05:02.346+0300: 1191.495: Total time for which application threads were stopped: 0.0035365 seconds, Stopping threads took: 0.0001718 seconds
2024-10-04T03:05:02.691+0300: 1191.841: Application time: 0.3463731 seconds
2024-10-04T03:05:02.691+0300: 1191.841: [GC (Allocation Failure) 2024-10-04T03:05:02.691+0300: 1191.841: [DefNew: 1124035K->5956K(1258304K), 0.0033928 secs] 1141927K->23848K(4054528K), 0.0034637 secs] [Times: user=0.00 sys=0.00, real=0.00 secs] 
2024-10-04T03:05:02.691+0300: 1191.845: Total time for which application threads were stopped: 0.0037161 seconds, Stopping threads took: 0.0001344 seconds
2024-10-04T03:05:03.036+0300: 1192.196: Application time: 0.3509347 seconds
2024-10-04T03:05:03.036+0300: 1192.196: [GC (Allocation Failure) 2024-10-04T03:05:03.036+0300: 1192.196: [DefNew: 1124484K->5526K(1258304K), 0.0035354 secs] 1142376K->23418K(4054528K), 0.0036193 secs] [Times: user=0.02 sys=0.00, real=0.02 secs] 
2024-10-04T03:05:03.052+0300: 1192.200: Total time for which application threads were stopped: 0.0040119 seconds, Stopping threads took: 0.0002615 seconds
2024-10-04T03:05:03.382+0300: 1192.537: Application time: 0.3376970 seconds
2024-10-04T03:05:03.382+0300: 1192.538: [GC (Allocation Failure) 2024-10-04T03:05:03.382+0300: 1192.538: [DefNew: 1124054K->6042K(1258304K), 0.0034098 secs] 1141946K->23935K(4054528K), 0.0034820 secs] [Times: user=0.00 sys=0.00, real=0.00 secs] 
2024-10-04T03:05:03.382+0300: 1192.541: Total time for which application threads were stopped: 0.0037902 seconds, Stopping threads took: 0.0001858 seconds
2024-10-04T03:05:03.727+0300: 1192.879: Application time: 0.3375840 seconds
2024-10-04T03:05:03.727+0300: 1192.879: [GC (Allocation Failure) 2024-10-04T03:05:03.727+0300: 1192.879: [DefNew: 1124570K->5778K(1258304K), 0.0033596 secs] 1142463K->23671K(4054528K), 0.0034297 secs] [Times: user=0.00 sys=0.00, real=0.00 secs] 
2024-10-04T03:05:03.727+0300: 1192.883: Total time for which application threads were stopped: 0.0037193 seconds, Stopping threads took: 0.0001743 seconds
2024-10-04T03:05:04.088+0300: 1193.239: Application time: 0.3560820 seconds
2024-10-04T03:05:04.088+0300: 1193.239: [GC (Allocation Failure) 2024-10-04T03:05:04.088+0300: 1193.239: [DefNew: 1124306K->5751K(1258304K), 0.0032994 secs] 1142199K->23644K(4054528K), 0.0033673 secs] [Times: user=0.00 sys=0.00, real=0.00 secs] 
2024-10-04T03:05:04.088+0300: 1193.242: Total time for which application threads were stopped: 0.0036395 seconds, Stopping threads took: 0.0001581 seconds
2024-10-04T03:05:04.434+0300: 1193.591: Application time: 0.3484230 seconds
2024-10-04T03:05:04.434+0300: 1193.591: [GC (Allocation Failure) 2024-10-04T03:05:04.434+0300: 1193.591: [DefNew: 1124279K->5691K(1258304K), 0.0033574 secs] 1142172K->23584K(4054528K), 0.0034340 secs] [Times: user=0.00 sys=0.00, real=0.00 secs] 
2024-10-04T03:05:04.434+0300: 1193.594: Total time for which application threads were stopped: 0.0037436 seconds, Stopping threads took: 0.0001788 seconds
2024-10-04T03:05:04.779+0300: 1193.934: Application time: 0.3400133 seconds
2024-10-04T03:05:04.779+0300: 1193.935: [GC (Allocation Failure) 2024-10-04T03:05:04.779+0300: 1193.935: [DefNew: 1124219K->5579K(1258304K), 0.0031732 secs] 1142112K->23473K(4054528K), 0.0032432 secs] [Times: user=0.00 sys=0.00, real=0.00 secs] 
2024-10-04T03:05:04.779+0300: 1193.938: Total time for which application threads were stopped: 0.0035397 seconds, Stopping threads took: 0.0001738 seconds
2024-10-04T03:05:05.140+0300: 1194.287: Application time: 0.3492109 seconds
2024-10-04T03:05:05.140+0300: 1194.287: [GC (Allocation Failure) 2024-10-04T03:05:05.140+0300: 1194.287: [DefNew: 1124107K->9290K(1258304K), 0.0073917 secs] 1142001K->27184K(4054528K), 0.0074654 secs] [Times: user=0.02 sys=0.00, real=0.00 secs] 
2024-10-04T03:05:05.140+0300: 1194.295: Total time for which application threads were stopped: 0.0077373 seconds, Stopping threads took: 0.0001413 seconds
2024-10-04T03:05:05.485+0300: 1194.636: Application time: 0.3408098 seconds
2024-10-04T03:05:05.485+0300: 1194.636: [GC (Allocation Failure) 2024-10-04T03:05:05.485+0300: 1194.636: [DefNew: 1127818K->5939K(1258304K), 0.0034965 secs] 1145712K->23833K(4054528K), 0.0035747 secs] [Times: user=0.00 sys=0.00, real=0.00 secs] 
2024-10-04T03:05:05.485+0300: 1194.640: Total time for which application threads were stopped: 0.0038770 seconds, Stopping threads took: 0.0001753 seconds
2024-10-04T03:05:05.847+0300: 1194.994: Application time: 0.3547070 seconds
2024-10-04T03:05:05.847+0300: 1194.995: [GC (Allocation Failure) 2024-10-04T03:05:05.847+0300: 1194.995: [DefNew: 1124467K->5641K(1258304K), 0.0032456 secs] 1142361K->23536K(4054528K), 0.0033130 secs] [Times: user=0.00 sys=0.00, real=0.00 secs] 
2024-10-04T03:05:05.847+0300: 1194.998: Total time for which application threads were stopped: 0.0035714 seconds, Stopping threads took: 0.0001449 seconds
2024-10-04T03:05:06.192+0300: 1195.352: Application time: 0.3536878 seconds
2024-10-04T03:05:06.192+0300: 1195.352: [GC (Allocation Failure) 2024-10-04T03:05:06.192+0300: 1195.352: [DefNew: 1124169K->5550K(1258304K), 0.0032489 secs] 1142064K->23445K(4054528K), 0.0033457 secs] [Times: user=0.00 sys=0.00, real=0.02 secs] 
2024-10-04T03:05:06.207+0300: 1195.355: Total time for which application threads were stopped: 0.0037471 seconds, Stopping threads took: 0.0002273 seconds
2024-10-04T03:05:06.537+0300: 1195.692: Application time: 0.3364215 seconds
2024-10-04T03:05:06.537+0300: 1195.692: [GC (Allocation Failure) 2024-10-04T03:05:06.537+0300: 1195.692: [DefNew: 1124078K->5687K(1258304K), 0.0033070 secs] 1141973K->23582K(4054528K), 0.0033812 secs] [Times: user=0.00 sys=0.00, real=0.00 secs] 
2024-10-04T03:05:06.537+0300: 1195.696: Total time for which application threads were stopped: 0.0037158 seconds, Stopping threads took: 0.0002068 seconds
2024-10-04T03:05:06.882+0300: 1196.031: Application time: 0.3359752 seconds
2024-10-04T03:05:06.882+0300: 1196.032: [GC (Allocation Failure) 2024-10-04T03:05:06.882+0300: 1196.032: [DefNew: 1124215K->9344K(1258304K), 0.0085143 secs] 1142110K->27240K(4054528K), 0.0085909 secs] [Times: user=0.00 sys=0.00, real=0.00 secs] 
2024-10-04T03:05:06.882+0300: 1196.040: Total time for which application threads were stopped: 0.0088707 seconds, Stopping threads took: 0.0001417 seconds
2024-10-04T03:05:07.243+0300: 1196.395: Application time: 0.3546336 seconds
2024-10-04T03:05:07.243+0300: 1196.395: [GC (Allocation Failure) 2024-10-04T03:05:07.243+0300: 1196.395: [DefNew: 1127872K->5680K(1258304K), 0.0033308 secs] 1145768K->23576K(4054528K), 0.0034167 secs] [Times: user=0.00 sys=0.00, real=0.00 secs] 
2024-10-04T03:05:07.243+0300: 1196.399: Total time for which application threads were stopped: 0.0037239 seconds, Stopping threads took: 0.0001675 seconds
2024-10-04T03:05:07.604+0300: 1196.751: Application time: 0.3522411 seconds
2024-10-04T03:05:07.604+0300: 1196.751: [GC (Allocation Failure) 2024-10-04T03:05:07.604+0300: 1196.751: [DefNew: 1124208K->5661K(1258304K), 0.0033621 secs] 1142104K->23557K(4054528K), 0.0034349 secs] [Times: user=0.00 sys=0.00, real=0.00 secs] 
2024-10-04T03:05:07.604+0300: 1196.755: Total time for which application threads were stopped: 0.0037184 seconds, Stopping threads took: 0.0001595 seconds
2024-10-04T03:05:07.949+0300: 1197.101: Application time: 0.3463941 seconds
2024-10-04T03:05:07.949+0300: 1197.101: [GC (Allocation Failure) 2024-10-04T03:05:07.949+0300: 1197.101: [DefNew: 1124189K->5525K(1258304K), 0.0031781 secs] 1142085K->23421K(4054528K), 0.0032554 secs] [Times: user=0.02 sys=0.00, real=0.00 secs] 
2024-10-04T03:05:07.949+0300: 1197.105: Total time for which application threads were stopped: 0.0036136 seconds, Stopping threads took: 0.0002309 seconds
2024-10-04T03:05:08.294+0300: 1197.442: Application time: 0.3370075 seconds
2024-10-04T03:05:08.294+0300: 1197.442: [GC (Allocation Failure) 2024-10-04T03:05:08.294+0300: 1197.442: [DefNew: 1124053K->5596K(1258304K), 0.0032175 secs] 1141949K->23493K(4054528K), 0.0032951 secs] [Times: user=0.00 sys=0.00, real=0.00 secs] 
2024-10-04T03:05:08.294+0300: 1197.445: Total time for which application threads were stopped: 0.0035722 seconds, Stopping threads took: 0.0001517 seconds
2024-10-04T03:05:08.640+0300: 1197.789: Application time: 0.3438840 seconds
2024-10-04T03:05:08.640+0300: 1197.789: [GC (Allocation Failure) 2024-10-04T03:05:08.640+0300: 1197.790: [DefNew: 1124124K->9811K(1258304K), 0.0071923 secs] 1142021K->27708K(4054528K), 0.0072728 secs] [Times: user=0.00 sys=0.00, real=0.00 secs] 
2024-10-04T03:05:08.640+0300: 1197.797: Total time for which application threads were stopped: 0.0076258 seconds, Stopping threads took: 0.0001998 seconds
2024-10-04T03:05:09.001+0300: 1198.149: Application time: 0.3526443 seconds
2024-10-04T03:05:09.001+0300: 1198.150: [GC (Allocation Failure) 2024-10-04T03:05:09.001+0300: 1198.150: [DefNew: 1128339K->5440K(1258304K), 0.0031462 secs] 1146236K->23338K(4054528K), 0.0032213 secs] [Times: user=0.00 sys=0.00, real=0.00 secs] 
2024-10-04T03:05:09.001+0300: 1198.153: Total time for which application threads were stopped: 0.0035767 seconds, Stopping threads took: 0.0002267 seconds
2024-10-04T03:05:09.347+0300: 1198.501: Application time: 0.3478054 seconds
2024-10-04T03:05:09.347+0300: 1198.501: [GC (Allocation Failure) 2024-10-04T03:05:09.347+0300: 1198.501: [DefNew: 1123968K->5649K(1258304K), 0.0032364 secs] 1141866K->23547K(4054528K), 0.0033105 secs] [Times: user=0.00 sys=0.00, real=0.00 secs] 
2024-10-04T03:05:09.347+0300: 1198.504: Total time for which application threads were stopped: 0.0036120 seconds, Stopping threads took: 0.0001635 seconds
2024-10-04T03:05:09.692+0300: 1198.846: Application time: 0.3414564 seconds
2024-10-04T03:05:09.692+0300: 1198.846: [GC (Allocation Failure) 2024-10-04T03:05:09.692+0300: 1198.846: [DefNew: 1124177K->6162K(1258304K), 0.0036302 secs] 1142075K->24060K(4054528K), 0.0037052 secs] [Times: user=0.00 sys=0.00, real=0.00 secs] 
2024-10-04T03:05:09.692+0300: 1198.850: Total time for which application threads were stopped: 0.0040997 seconds, Stopping threads took: 0.0002592 seconds
2024-10-04T03:05:10.040+0300: 1199.188: Application time: 0.3374931 seconds
2024-10-04T03:05:10.040+0300: 1199.188: [GC (Allocation Failure) 2024-10-04T03:05:10.040+0300: 1199.188: [DefNew: 1124690K->6099K(1258304K), 0.0036145 secs] 1142588K->23997K(4054528K), 0.0037037 secs] [Times: user=0.00 sys=0.00, real=0.00 secs] 
2024-10-04T03:05:10.040+0300: 1199.192: Total time for which application threads were stopped: 0.0040695 seconds, Stopping threads took: 0.0002243 seconds
2024-10-04T03:05:10.384+0300: 1199.544: Application time: 0.3526071 seconds
2024-10-04T03:05:10.399+0300: 1199.545: [GC (Allocation Failure) 2024-10-04T03:05:10.399+0300: 1199.545: [DefNew: 1124627K->6488K(1258304K), 0.0036936 secs] 1142525K->24386K(4054528K), 0.0037752 secs] [Times: user=0.00 sys=0.00, real=0.00 secs] 
2024-10-04T03:05:10.399+0300: 1199.548: Total time for which application threads were stopped: 0.0041463 seconds, Stopping threads took: 0.0002357 seconds
2024-10-04T03:05:10.744+0300: 1199.898: Application time: 0.3497478 seconds
2024-10-04T03:05:10.744+0300: 1199.898: [GC (Allocation Failure) 2024-10-04T03:05:10.744+0300: 1199.898: [DefNew: 1125016K->5623K(1258304K), 0.0032805 secs] 1142914K->23523K(4054528K), 0.0033472 secs] [Times: user=0.00 sys=0.00, real=0.00 secs] 
2024-10-04T03:05:10.744+0300: 1199.902: Total time for which application threads were stopped: 0.0036480 seconds, Stopping threads took: 0.0001745 seconds
2024-10-04T03:05:11.105+0300: 1200.265: Application time: 0.3629417 seconds
2024-10-04T03:05:11.105+0300: 1200.265: [GC (Allocation Failure) 2024-10-04T03:05:11.105+0300: 1200.265: [DefNew: 1124151K->7286K(1258304K), 0.0061926 secs] 1142051K->25185K(4054528K), 0.0062763 secs] [Times: user=0.02 sys=0.00, real=0.02 secs] 
2024-10-04T03:05:11.121+0300: 1200.271: Total time for which application threads were stopped: 0.0066190 seconds, Stopping threads took: 0.0002043 seconds
2024-10-04T03:05:11.466+0300: 1200.613: Application time: 0.3418765 seconds
2024-10-04T03:05:11.466+0300: 1200.613: [GC (Allocation Failure) 2024-10-04T03:05:11.466+0300: 1200.613: [DefNew: 1125814K->5795K(1258304K), 0.0035133 secs] 1143713K->23695K(4054528K), 0.0036003 secs] [Times: user=0.01 sys=0.00, real=0.00 secs] 
2024-10-04T03:05:11.466+0300: 1200.617: Total time for which application threads were stopped: 0.0038350 seconds, Stopping threads took: 0.0001105 seconds
2024-10-04T03:05:11.811+0300: 1200.965: Application time: 0.3478879 seconds
2024-10-04T03:05:11.811+0300: 1200.965: [GC (Allocation Failure) 2024-10-04T03:05:11.811+0300: 1200.965: [DefNew: 1124323K->7448K(1258304K), 0.0055301 secs] 1142223K->25348K(4054528K), 0.0055999 secs] [Times: user=0.00 sys=0.00, real=0.00 secs] 
2024-10-04T03:05:11.811+0300: 1200.971: Total time for which application threads were stopped: 0.0058735 seconds, Stopping threads took: 0.0001483 seconds
2024-10-04T03:05:12.188+0300: 1201.336: Application time: 0.3649041 seconds
2024-10-04T03:05:12.188+0300: 1201.336: [GC (Allocation Failure) 2024-10-04T03:05:12.188+0300: 1201.336: [DefNew: 1125976K->5754K(1258304K), 0.0034031 secs] 1143876K->23654K(4054528K), 0.0034666 secs] [Times: user=0.00 sys=0.00, real=0.00 secs] 
2024-10-04T03:05:12.188+0300: 1201.339: Total time for which application threads were stopped: 0.0037871 seconds, Stopping threads took: 0.0001946 seconds
2024-10-04T03:05:12.533+0300: 1201.681: Application time: 0.3414225 seconds
2024-10-04T03:05:12.533+0300: 1201.681: [GC (Allocation Failure) 2024-10-04T03:05:12.533+0300: 1201.681: [DefNew: 1124282K->5568K(1258304K), 0.0033224 secs] 1142182K->23468K(4054528K), 0.0033962 secs] [Times: user=0.00 sys=0.00, real=0.00 secs] 
2024-10-04T03:05:12.533+0300: 1201.685: Total time for which application threads were stopped: 0.0036433 seconds, Stopping threads took: 0.0001227 seconds
2024-10-04T03:05:12.879+0300: 1202.028: Application time: 0.3432834 seconds
2024-10-04T03:05:12.879+0300: 1202.028: [GC (Allocation Failure) 2024-10-04T03:05:12.879+0300: 1202.028: [DefNew: 1124096K->5838K(1258304K), 0.0039075 secs] 1141996K->23739K(4054528K), 0.0039736 secs] [Times: user=0.00 sys=0.00, real=0.00 secs] 
2024-10-04T03:05:12.879+0300: 1202.032: Total time for which application threads were stopped: 0.0042129 seconds, Stopping threads took: 0.0001209 seconds
2024-10-04T03:05:13.225+0300: 1202.382: Application time: 0.3500833 seconds
2024-10-04T03:05:13.225+0300: 1202.382: [GC (Allocation Failure) 2024-10-04T03:05:13.225+0300: 1202.383: [DefNew: 1124366K->7224K(1258304K), 0.0064390 secs] 1142267K->25125K(4054528K), 0.0065191 secs] [Times: user=0.00 sys=0.00, real=0.02 secs] 
2024-10-04T03:05:13.243+0300: 1202.389: Total time for which application threads were stopped: 0.0068925 seconds, Stopping threads took: 0.0002160 seconds
2024-10-04T03:05:13.586+0300: 1202.737: Application time: 0.3478160 seconds
2024-10-04T03:05:13.586+0300: 1202.737: [GC (Allocation Failure) 2024-10-04T03:05:13.586+0300: 1202.737: [DefNew: 1125752K->6025K(1258304K), 0.0038142 secs] 1143653K->23926K(4054528K), 0.0038771 secs] [Times: user=0.00 sys=0.00, real=0.00 secs] 
2024-10-04T03:05:13.586+0300: 1202.741: Total time for which application threads were stopped: 0.0041652 seconds, Stopping threads took: 0.0001542 seconds
2024-10-04T03:05:13.947+0300: 1203.092: Application time: 0.3512473 seconds
2024-10-04T03:05:13.947+0300: 1203.093: [GC (Allocation Failure) 2024-10-04T03:05:13.947+0300: 1203.093: [DefNew: 1124553K->5658K(1258304K), 0.0038495 secs] 1142454K->23559K(4054528K), 0.0039128 secs] [Times: user=0.00 sys=0.00, real=0.00 secs] 
2024-10-04T03:05:13.950+0300: 1203.096: Total time for which application threads were stopped: 0.0041807 seconds, Stopping threads took: 0.0001219 seconds
2024-10-04T03:05:14.292+0300: 1203.444: Application time: 0.3473694 seconds
2024-10-04T03:05:14.292+0300: 1203.444: [GC (Allocation Failure) 2024-10-04T03:05:14.292+0300: 1203.444: [DefNew: 1124186K->5569K(1258304K), 0.0034944 secs] 1142087K->23472K(4054528K), 0.0036005 secs] [Times: user=0.00 sys=0.00, real=0.00 secs] 
2024-10-04T03:05:14.292+0300: 1203.448: Total time for which application threads were stopped: 0.0040090 seconds, Stopping threads took: 0.0002126 seconds
2024-10-04T03:05:14.638+0300: 1203.784: Application time: 0.3365191 seconds
2024-10-04T03:05:14.638+0300: 1203.785: [GC (Allocation Failure) 2024-10-04T03:05:14.638+0300: 1203.785: [DefNew: 1124097K->7377K(1258304K), 0.0053411 secs] 1142000K->25280K(4054528K), 0.0054055 secs] [Times: user=0.00 sys=0.00, real=0.00 secs] 
2024-10-04T03:05:14.638+0300: 1203.790: Total time for which application threads were stopped: 0.0056554 seconds, Stopping threads took: 0.0001329 seconds
2024-10-04T03:05:14.983+0300: 1204.136: Application time: 0.3461118 seconds
2024-10-04T03:05:14.983+0300: 1204.137: [GC (Allocation Failure) 2024-10-04T03:05:14.983+0300: 1204.137: [DefNew: 1125905K->7665K(1258304K), 0.0052507 secs] 1143808K->25568K(4054528K), 0.0053217 secs] [Times: user=0.00 sys=0.00, real=0.00 secs] 
2024-10-04T03:05:14.983+0300: 1204.142: Total time for which application threads were stopped: 0.0058102 seconds, Stopping threads took: 0.0003600 seconds
2024-10-04T03:05:15.343+0300: 1204.494: Application time: 0.3523097 seconds
2024-10-04T03:05:15.343+0300: 1204.495: [GC (Allocation Failure) 2024-10-04T03:05:15.343+0300: 1204.495: [DefNew: 1126193K->5890K(1258304K), 0.0034624 secs] 1144096K->23793K(4054528K), 0.0035392 secs] [Times: user=0.00 sys=0.00, real=0.01 secs] 
2024-10-04T03:05:15.353+0300: 1204.498: Total time for which application threads were stopped: 0.0038460 seconds, Stopping threads took: 0.0001800 seconds
2024-10-04T03:05:15.689+0300: 1204.843: Application time: 0.3446139 seconds
2024-10-04T03:05:15.689+0300: 1204.843: [GC (Allocation Failure) 2024-10-04T03:05:15.689+0300: 1204.843: [DefNew: 1124418K->5619K(1258304K), 0.0032079 secs] 1142321K->23523K(4054528K), 0.0032754 secs] [Times: user=0.00 sys=0.00, real=0.00 secs] 
2024-10-04T03:05:15.689+0300: 1204.846: Total time for which application threads were stopped: 0.0035734 seconds, Stopping threads took: 0.0001822 seconds
2024-10-04T03:05:16.050+0300: 1205.195: Application time: 0.3489821 seconds
2024-10-04T03:05:16.050+0300: 1205.195: [GC (Allocation Failure) 2024-10-04T03:05:16.050+0300: 1205.196: [DefNew: 1124147K->7097K(1258304K), 0.0049082 secs] 1142051K->25001K(4054528K), 0.0049834 secs] [Times: user=0.00 sys=0.00, real=0.00 secs] 
2024-10-04T03:05:16.054+0300: 1205.200: Total time for which application threads were stopped: 0.0052146 seconds, Stopping threads took: 0.0001166 seconds
2024-10-04T03:05:16.380+0300: 1205.539: Application time: 0.3381236 seconds
2024-10-04T03:05:16.380+0300: 1205.539: [GC (Allocation Failure) 2024-10-04T03:05:16.380+0300: 1205.539: [DefNew: 1125625K->5862K(1258304K), 0.0035542 secs] 1143529K->23766K(4054528K), 0.0036275 secs] [Times: user=0.00 sys=0.00, real=0.01 secs] 
2024-10-04T03:05:16.395+0300: 1205.543: Total time for which application threads were stopped: 0.0040230 seconds, Stopping threads took: 0.0002553 seconds
2024-10-04T03:05:16.725+0300: 1205.883: Application time: 0.3405282 seconds
2024-10-04T03:05:16.725+0300: 1205.883: [GC (Allocation Failure) 2024-10-04T03:05:16.725+0300: 1205.883: [DefNew: 1124390K->5939K(1258304K), 0.0036127 secs] 1142294K->23844K(4054528K), 0.0036862 secs] [Times: user=0.00 sys=0.00, real=0.02 secs] 
2024-10-04T03:05:16.741+0300: 1205.887: Total time for which application threads were stopped: 0.0039995 seconds, Stopping threads took: 0.0001889 seconds
2024-10-04T03:05:17.087+0300: 1206.243: Application time: 0.3555841 seconds
2024-10-04T03:05:17.087+0300: 1206.243: [GC (Allocation Failure) 2024-10-04T03:05:17.087+0300: 1206.243: [DefNew: 1124467K->5653K(1258304K), 0.0032199 secs] 1142372K->23558K(4054528K), 0.0033169 secs] [Times: user=0.00 sys=0.00, real=0.00 secs] 
2024-10-04T03:05:17.087+0300: 1206.246: Total time for which application threads were stopped: 0.0036335 seconds, Stopping threads took: 0.0001858 seconds
2024-10-04T03:05:17.432+0300: 1206.589: Application time: 0.3424997 seconds
2024-10-04T03:05:17.432+0300: 1206.589: [GC (Allocation Failure) 2024-10-04T03:05:17.432+0300: 1206.589: [DefNew: 1124181K->5516K(1258304K), 0.0032662 secs] 1142086K->23421K(4054528K), 0.0034090 secs] [Times: user=0.00 sys=0.00, real=0.00 secs] 
2024-10-04T03:05:17.432+0300: 1206.593: Total time for which application threads were stopped: 0.0037234 seconds, Stopping threads took: 0.0001762 seconds
2024-10-04T03:05:17.778+0300: 1206.931: Application time: 0.3382800 seconds
2024-10-04T03:05:17.778+0300: 1206.931: [GC (Allocation Failure) 2024-10-04T03:05:17.778+0300: 1206.931: [DefNew: 1124044K->6952K(1258304K), 0.0046930 secs] 1141949K->24857K(4054528K), 0.0047612 secs] [Times: user=0.00 sys=0.00, real=0.00 secs] 
2024-10-04T03:05:17.778+0300: 1206.936: Total time for which application threads were stopped: 0.0050473 seconds, Stopping threads took: 0.0001736 seconds
2024-10-04T03:05:18.139+0300: 1207.286: Application time: 0.3496827 seconds
2024-10-04T03:05:18.139+0300: 1207.286: [GC (Allocation Failure) 2024-10-04T03:05:18.139+0300: 1207.286: [DefNew: 1125480K->9056K(1258304K), 0.0068307 secs] 1143385K->26962K(4054528K), 0.0069041 secs] [Times: user=0.00 sys=0.00, real=0.00 secs] 
2024-10-04T03:05:18.139+0300: 1207.293: Total time for which application threads were stopped: 0.0072143 seconds, Stopping threads took: 0.0001708 seconds
2024-10-04T03:05:18.485+0300: 1207.635: Application time: 0.3421286 seconds
2024-10-04T03:05:18.485+0300: 1207.635: [GC (Allocation Failure) 2024-10-04T03:05:18.485+0300: 1207.635: [DefNew: 1127584K->5799K(1258304K), 0.0034872 secs] 1145490K->23705K(4054528K), 0.0035587 secs] [Times: user=0.00 sys=0.00, real=0.00 secs] 
2024-10-04T03:05:18.485+0300: 1207.639: Total time for which application threads were stopped: 0.0038722 seconds, Stopping threads took: 0.0001860 seconds
2024-10-04T03:05:18.831+0300: 1207.984: Application time: 0.3451432 seconds
2024-10-04T03:05:18.831+0300: 1207.984: [GC (Allocation Failure) 2024-10-04T03:05:18.831+0300: 1207.984: [DefNew: 1124327K->5570K(1258304K), 0.0031649 secs] 1142233K->23476K(4054528K), 0.0032352 secs] [Times: user=0.00 sys=0.00, real=0.00 secs] 
2024-10-04T03:05:18.831+0300: 1207.988: Total time for which application threads were stopped: 0.0034983 seconds, Stopping threads took: 0.0001520 seconds
2024-10-04T03:05:19.192+0300: 1208.339: Application time: 0.3512506 seconds
2024-10-04T03:05:19.192+0300: 1208.339: [GC (Allocation Failure) 2024-10-04T03:05:19.192+0300: 1208.339: [DefNew: 1124098K->6050K(1258304K), 0.0033617 secs] 1142004K->23956K(4054528K), 0.0034288 secs] [Times: user=0.00 sys=0.00, real=0.00 secs] 
2024-10-04T03:05:19.192+0300: 1208.342: Total time for which application threads were stopped: 0.0037117 seconds, Stopping threads took: 0.0001575 seconds
2024-10-04T03:05:19.522+0300: 1208.682: Application time: 0.3391266 seconds
2024-10-04T03:05:19.522+0300: 1208.682: [GC (Allocation Failure) 2024-10-04T03:05:19.522+0300: 1208.682: [DefNew: 1124578K->5592K(1258304K), 0.0032835 secs] 1142484K->23499K(4054528K), 0.0033601 secs] [Times: user=0.00 sys=0.00, real=0.02 secs] 
2024-10-04T03:05:19.538+0300: 1208.685: Total time for which application threads were stopped: 0.0036629 seconds, Stopping threads took: 0.0001862 seconds
2024-10-04T03:05:19.883+0300: 1209.029: Application time: 0.3434577 seconds
2024-10-04T03:05:19.883+0300: 1209.029: [GC (Allocation Failure) 2024-10-04T03:05:19.883+0300: 1209.029: [DefNew: 1124120K->5645K(1258304K), 0.0036581 secs] 1142027K->23552K(4054528K), 0.0037396 secs] [Times: user=0.00 sys=0.00, real=0.00 secs] 
2024-10-04T03:05:19.883+0300: 1209.033: Total time for which application threads were stopped: 0.0040257 seconds, Stopping threads took: 0.0001411 seconds
2024-10-04T03:05:20.229+0300: 1209.376: Application time: 0.3433551 seconds
2024-10-04T03:05:20.229+0300: 1209.376: [GC (Allocation Failure) 2024-10-04T03:05:20.229+0300: 1209.376: [DefNew: 1124173K->6715K(1258304K), 0.0042370 secs] 1142080K->24623K(4054528K), 0.0043042 secs] [Times: user=0.00 sys=0.00, real=0.00 secs] 
2024-10-04T03:05:20.229+0300: 1209.381: Total time for which application threads were stopped: 0.0045879 seconds, Stopping threads took: 0.0001463 seconds
2024-10-04T03:05:20.575+0300: 1209.727: Application time: 0.3465698 seconds
2024-10-04T03:05:20.575+0300: 1209.728: [GC (Allocation Failure) 2024-10-04T03:05:20.575+0300: 1209.728: [DefNew: 1125243K->6415K(1258304K), 0.0037617 secs] 1143151K->24323K(4054528K), 0.0038377 secs] [Times: user=0.00 sys=0.00, real=0.00 secs] 
2024-10-04T03:05:20.575+0300: 1209.731: Total time for which application threads were stopped: 0.0041400 seconds, Stopping threads took: 0.0001954 seconds
2024-10-04T03:05:20.935+0300: 1210.086: Application time: 0.3546900 seconds
2024-10-04T03:05:20.935+0300: 1210.086: [GC (Allocation Failure) 2024-10-04T03:05:20.935+0300: 1210.086: [DefNew: 1124943K->5576K(1258304K), 0.0031880 secs] 1142851K->23484K(4054528K), 0.0032597 secs] [Times: user=0.00 sys=0.00, real=0.00 secs] 
2024-10-04T03:05:20.935+0300: 1210.090: Total time for which application threads were stopped: 0.0036239 seconds, Stopping threads took: 0.0002287 seconds
2024-10-04T03:05:21.281+0300: 1210.428: Application time: 0.3382329 seconds
2024-10-04T03:05:21.281+0300: 1210.428: [GC (Allocation Failure) 2024-10-04T03:05:21.281+0300: 1210.428: [DefNew: 1124104K->7144K(1258304K), 0.0052495 secs] 1142012K->25052K(4054528K), 0.0053182 secs] [Times: user=0.00 sys=0.00, real=0.00 secs] 
2024-10-04T03:05:21.281+0300: 1210.434: Total time for which application threads were stopped: 0.0055865 seconds, Stopping threads took: 0.0001479 seconds
2024-10-04T03:05:21.626+0300: 1210.778: Application time: 0.3441894 seconds
2024-10-04T03:05:21.626+0300: 1210.778: [GC (Allocation Failure) 2024-10-04T03:05:21.626+0300: 1210.778: [DefNew: 1125672K->5598K(1258304K), 0.0032403 secs] 1143580K->23507K(4054528K), 0.0033085 secs] [Times: user=0.00 sys=0.00, real=0.00 secs] 
2024-10-04T03:05:21.626+0300: 1210.781: Total time for which application threads were stopped: 0.0036777 seconds, Stopping threads took: 0.0002327 seconds
2024-10-04T03:05:21.972+0300: 1211.126: Application time: 0.3446749 seconds
2024-10-04T03:05:21.972+0300: 1211.126: [GC (Allocation Failure) 2024-10-04T03:05:21.972+0300: 1211.126: [DefNew: 1124126K->7561K(1258304K), 0.0052202 secs] 1142035K->25470K(4054528K), 0.0052922 secs] [Times: user=0.02 sys=0.00, real=0.00 secs] 
2024-10-04T03:05:21.972+0300: 1211.132: Total time for which application threads were stopped: 0.0056506 seconds, Stopping threads took: 0.0002204 seconds
2024-10-04T03:05:22.332+0300: 1211.479: Application time: 0.3472480 seconds
2024-10-04T03:05:22.332+0300: 1211.479: [GC (Allocation Failure) 2024-10-04T03:05:22.332+0300: 1211.479: [DefNew: 1126089K->5579K(1258304K), 0.0032645 secs] 1143998K->23488K(4054528K), 0.0033350 secs] [Times: user=0.00 sys=0.00, real=0.00 secs] 
2024-10-04T03:05:22.332+0300: 1211.483: Total time for which application threads were stopped: 0.0036194 seconds, Stopping threads took: 0.0001537 seconds
2024-10-04T03:05:22.678+0300: 1211.827: Application time: 0.3445268 seconds
2024-10-04T03:05:22.678+0300: 1211.827: [GC (Allocation Failure) 2024-10-04T03:05:22.678+0300: 1211.828: [DefNew: 1124107K->5628K(1258304K), 0.0033061 secs] 1142016K->23538K(4054528K), 0.0033826 secs] [Times: user=0.00 sys=0.00, real=0.00 secs] 
2024-10-04T03:05:22.678+0300: 1211.831: Total time for which application threads were stopped: 0.0037316 seconds, Stopping threads took: 0.0001846 seconds
2024-10-04T03:05:23.023+0300: 1212.180: Application time: 0.3491211 seconds
2024-10-04T03:05:23.023+0300: 1212.180: [GC (Allocation Failure) 2024-10-04T03:05:23.023+0300: 1212.180: [DefNew: 1124156K->6864K(1258304K), 0.0046863 secs] 1142066K->24774K(4054528K), 0.0047535 secs] [Times: user=0.00 sys=0.00, real=0.02 secs] 
2024-10-04T03:05:23.039+0300: 1212.185: Total time for which application threads were stopped: 0.0050409 seconds, Stopping threads took: 0.0001651 seconds
2024-10-04T03:05:23.373+0300: 1212.521: Application time: 0.3358993 seconds
2024-10-04T03:05:23.373+0300: 1212.521: [GC (Allocation Failure) 2024-10-04T03:05:23.373+0300: 1212.521: [DefNew: 1125392K->5635K(1258304K), 0.0033904 secs] 1143302K->23545K(4054528K), 0.0034727 secs] [Times: user=0.00 sys=0.00, real=0.00 secs] 
2024-10-04T03:05:23.373+0300: 1212.525: Total time for which application threads were stopped: 0.0037935 seconds, Stopping threads took: 0.0001813 seconds
2024-10-04T03:05:23.714+0300: 1212.865: Application time: 0.3403580 seconds
2024-10-04T03:05:23.714+0300: 1212.865: [GC (Allocation Failure) 2024-10-04T03:05:23.714+0300: 1212.865: [DefNew: 1124163K->7501K(1258304K), 0.0051859 secs] 1142073K->25412K(4054528K), 0.0052629 secs] [Times: user=0.00 sys=0.00, real=0.00 secs] 
2024-10-04T03:05:23.714+0300: 1212.871: Total time for which application threads were stopped: 0.0056098 seconds, Stopping threads took: 0.0002151 seconds
2024-10-04T03:05:24.075+0300: 1213.223: Application time: 0.3526025 seconds
2024-10-04T03:05:24.075+0300: 1213.224: [GC (Allocation Failure) 2024-10-04T03:05:24.075+0300: 1213.224: [DefNew: 1126029K->5672K(1258304K), 0.0041149 secs] 1143940K->23583K(4054528K), 0.0041915 secs] [Times: user=0.00 sys=0.00, real=0.00 secs] 
2024-10-04T03:05:24.075+0300: 1213.228: Total time for which application threads were stopped: 0.0045224 seconds, Stopping threads took: 0.0001864 seconds
2024-10-04T03:05:24.420+0300: 1213.574: Application time: 0.3459480 seconds
2024-10-04T03:05:24.420+0300: 1213.574: [GC (Allocation Failure) 2024-10-04T03:05:24.420+0300: 1213.574: [DefNew: 1124200K->5718K(1258304K), 0.0033208 secs] 1142111K->23629K(4054528K), 0.0033959 secs] [Times: user=0.00 sys=0.00, real=0.00 secs] 
2024-10-04T03:05:24.420+0300: 1213.577: Total time for which application threads were stopped: 0.0036579 seconds, Stopping threads took: 0.0001438 seconds
2024-10-04T03:05:24.766+0300: 1213.913: Application time: 0.3358112 seconds
2024-10-04T03:05:24.766+0300: 1213.914: [GC (Allocation Failure) 2024-10-04T03:05:24.766+0300: 1213.914: [DefNew: 1124246K->5583K(1258304K), 0.0032015 secs] 1142157K->23495K(4054528K), 0.0032716 secs] [Times: user=0.00 sys=0.00, real=0.00 secs] 
2024-10-04T03:05:24.766+0300: 1213.917: Total time for which application threads were stopped: 0.0035574 seconds, Stopping threads took: 0.0001686 seconds
2024-10-04T03:05:25.111+0300: 1214.268: Application time: 0.3508143 seconds
2024-10-04T03:05:25.111+0300: 1214.268: [GC (Allocation Failure) 2024-10-04T03:05:25.111+0300: 1214.268: [DefNew: 1124111K->6705K(1258304K), 0.0037114 secs] 1142023K->24617K(4054528K), 0.0037841 secs] [Times: user=0.00 sys=0.00, real=0.00 secs] 
2024-10-04T03:05:25.111+0300: 1214.272: Total time for which application threads were stopped: 0.0041543 seconds, Stopping threads took: 0.0002303 seconds
2024-10-04T03:05:25.456+0300: 1214.616: Application time: 0.3437984 seconds
2024-10-04T03:05:25.456+0300: 1214.616: [GC (Allocation Failure) 2024-10-04T03:05:25.456+0300: 1214.616: [DefNew: 1125233K->5920K(1258304K), 0.0034900 secs] 1143145K->23832K(4054528K), 0.0035627 secs] [Times: user=0.00 sys=0.00, real=0.02 secs] 
2024-10-04T03:05:25.472+0300: 1214.620: Total time for which application threads were stopped: 0.0038730 seconds, Stopping threads took: 0.0001746 seconds
2024-10-04T03:05:25.817+0300: 1214.963: Application time: 0.3439300 seconds
2024-10-04T03:05:25.817+0300: 1214.964: [GC (Allocation Failure) 2024-10-04T03:05:25.817+0300: 1214.964: [DefNew: 1124448K->5887K(1258304K), 0.0032609 secs] 1142360K->23800K(4054528K), 0.0033274 secs] [Times: user=0.00 sys=0.00, real=0.00 secs] 
2024-10-04T03:05:25.817+0300: 1214.967: Total time for which application threads were stopped: 0.0035844 seconds, Stopping threads took: 0.0001410 seconds
2024-10-04T03:05:26.162+0300: 1215.318: Application time: 0.3511403 seconds
2024-10-04T03:05:26.162+0300: 1215.318: [GC (Allocation Failure) 2024-10-04T03:05:26.162+0300: 1215.319: [DefNew: 1124415K->5662K(1258304K), 0.0032626 secs] 1142328K->23575K(4054528K), 0.0033539 secs] [Times: user=0.00 sys=0.00, real=0.00 secs] 
2024-10-04T03:05:26.162+0300: 1215.322: Total time for which application threads were stopped: 0.0036778 seconds, Stopping threads took: 0.0001732 seconds
2024-10-04T03:05:26.508+0300: 1215.663: Application time: 0.3409807 seconds
2024-10-04T03:05:26.508+0300: 1215.663: [GC (Allocation Failure) 2024-10-04T03:05:26.508+0300: 1215.663: [DefNew: 1124190K->5716K(1258304K), 0.0033089 secs] 1142103K->23629K(4054528K), 0.0033911 secs] [Times: user=0.00 sys=0.00, real=0.00 secs] 
2024-10-04T03:05:26.508+0300: 1215.667: Total time for which application threads were stopped: 0.0036939 seconds, Stopping threads took: 0.0001725 seconds
2024-10-04T03:05:26.853+0300: 1216.006: Application time: 0.3392498 seconds
2024-10-04T03:05:26.853+0300: 1216.006: [GC (Allocation Failure) 2024-10-04T03:05:26.853+0300: 1216.006: [DefNew: 1124244K->5784K(1258304K), 0.0033963 secs] 1142157K->23697K(4054528K), 0.0034653 secs] [Times: user=0.00 sys=0.00, real=0.00 secs] 
2024-10-04T03:05:26.853+0300: 1216.010: Total time for which application threads were stopped: 0.0038126 seconds, Stopping threads took: 0.0002245 seconds
2024-10-04T03:05:27.214+0300: 1216.361: Application time: 0.3510420 seconds
2024-10-04T03:05:27.214+0300: 1216.361: [GC (Allocation Failure) 2024-10-04T03:05:27.214+0300: 1216.361: [DefNew: 1124312K->7414K(1258304K), 0.0050440 secs] 1142225K->25327K(4054528K), 0.0051114 secs] [Times: user=0.00 sys=0.00, real=0.00 secs] 
2024-10-04T03:05:27.214+0300: 1216.366: Total time for which application threads were stopped: 0.0053905 seconds, Stopping threads took: 0.0001631 seconds
2024-10-04T03:05:27.559+0300: 1216.715: Application time: 0.3485114 seconds
2024-10-04T03:05:27.559+0300: 1216.715: [GC (Allocation Failure) 2024-10-04T03:05:27.559+0300: 1216.715: [DefNew: 1125942K->5546K(1258304K), 0.0032618 secs] 1143855K->23460K(4054528K), 0.0033403 secs] [Times: user=0.00 sys=0.00, real=0.00 secs] 
2024-10-04T03:05:27.559+0300: 1216.718: Total time for which application threads were stopped: 0.0036678 seconds, Stopping threads took: 0.0001959 seconds
2024-10-04T03:05:27.905+0300: 1217.061: Application time: 0.3429438 seconds
2024-10-04T03:05:27.905+0300: 1217.061: [GC (Allocation Failure) 2024-10-04T03:05:27.905+0300: 1217.061: [DefNew: 1124074K->6563K(1258304K), 0.0047233 secs] 1141988K->24478K(4054528K), 0.0048115 secs] [Times: user=0.01 sys=0.00, real=0.02 secs] 
2024-10-04T03:05:27.921+0300: 1217.066: Total time for which application threads were stopped: 0.0051499 seconds, Stopping threads took: 0.0002023 seconds
2024-10-04T03:05:28.250+0300: 1217.406: Application time: 0.3394356 seconds
2024-10-04T03:05:28.250+0300: 1217.406: [GC (Allocation Failure) 2024-10-04T03:05:28.250+0300: 1217.406: [DefNew: 1125091K->7245K(1258304K), 0.0050778 secs] 1143006K->25160K(4054528K), 0.0051446 secs] [Times: user=0.00 sys=0.00, real=0.02 secs] 
2024-10-04T03:05:28.266+0300: 1217.411: Total time for which application threads were stopped: 0.0054830 seconds, Stopping threads took: 0.0002089 seconds
2024-10-04T03:05:28.596+0300: 1217.749: Application time: 0.3374341 seconds
2024-10-04T03:05:28.596+0300: 1217.749: [GC (Allocation Failure) 2024-10-04T03:05:28.596+0300: 1217.749: [DefNew: 1125773K->6070K(1258304K), 0.0033852 secs] 1143688K->23985K(4054528K), 0.0034568 secs] [Times: user=0.00 sys=0.00, real=0.00 secs] 
2024-10-04T03:05:28.596+0300: 1217.752: Total time for which application threads were stopped: 0.0037497 seconds, Stopping threads took: 0.0001790 seconds
2024-10-04T03:05:28.956+0300: 1218.106: Application time: 0.3536531 seconds
2024-10-04T03:05:28.956+0300: 1218.106: [GC (Allocation Failure) 2024-10-04T03:05:28.956+0300: 1218.106: [DefNew: 1124598K->5652K(1258304K), 0.0034510 secs] 1142513K->23567K(4054528K), 0.0035259 secs] [Times: user=0.00 sys=0.00, real=0.00 secs] 
2024-10-04T03:05:28.956+0300: 1218.110: Total time for which application threads were stopped: 0.0038121 seconds, Stopping threads took: 0.0001701 seconds
2024-10-04T03:05:29.302+0300: 1218.452: Application time: 0.3424359 seconds
2024-10-04T03:05:29.302+0300: 1218.453: [GC (Allocation Failure) 2024-10-04T03:05:29.302+0300: 1218.453: [DefNew: 1124180K->5651K(1258304K), 0.0033567 secs] 1142095K->23566K(4054528K), 0.0034314 secs] [Times: user=0.00 sys=0.00, real=0.00 secs] 
2024-10-04T03:05:29.302+0300: 1218.456: Total time for which application threads were stopped: 0.0038035 seconds, Stopping threads took: 0.0002368 seconds
2024-10-04T03:05:29.648+0300: 1218.798: Application time: 0.3416833 seconds
2024-10-04T03:05:29.648+0300: 1218.798: [GC (Allocation Failure) 2024-10-04T03:05:29.648+0300: 1218.798: [DefNew: 1124179K->5631K(1258304K), 0.0032144 secs] 1142094K->23547K(4054528K), 0.0032907 secs] [Times: user=0.00 sys=0.00, real=0.00 secs] 
2024-10-04T03:05:29.648+0300: 1218.801: Total time for which application threads were stopped: 0.0036176 seconds, Stopping threads took: 0.0001765 seconds
2024-10-04T03:05:29.994+0300: 1219.142: Application time: 0.3404034 seconds
2024-10-04T03:05:29.994+0300: 1219.142: [GC (Allocation Failure) 2024-10-04T03:05:29.994+0300: 1219.142: [DefNew: 1124159K->7747K(1258304K), 0.0052212 secs] 1142075K->25663K(4054528K), 0.0053013 secs] [Times: user=0.02 sys=0.00, real=0.00 secs] 
2024-10-04T03:05:29.994+0300: 1219.148: Total time for which application threads were stopped: 0.0056436 seconds, Stopping threads took: 0.0001598 seconds
2024-10-04T03:05:30.339+0300: 1219.494: Application time: 0.3467787 seconds
2024-10-04T03:05:30.339+0300: 1219.495: [GC (Allocation Failure) 2024-10-04T03:05:30.339+0300: 1219.495: [DefNew: 1126275K->9100K(1258304K), 0.0074483 secs] 1144191K->27017K(4054528K), 0.0075196 secs] [Times: user=0.00 sys=0.00, real=0.02 secs] 
2024-10-04T03:05:30.355+0300: 1219.502: Total time for which application threads were stopped: 0.0078593 seconds, Stopping threads took: 0.0002110 seconds
2024-10-04T03:05:30.700+0300: 1219.846: Application time: 0.3440979 seconds
2024-10-04T03:05:30.700+0300: 1219.846: [GC (Allocation Failure) 2024-10-04T03:05:30.700+0300: 1219.846: [DefNew: 1127628K->6964K(1258304K), 0.0047590 secs] 1145545K->24881K(4054528K), 0.0048250 secs] [Times: user=0.00 sys=0.00, real=0.00 secs] 
2024-10-04T03:05:30.700+0300: 1219.851: Total time for which application threads were stopped: 0.0050757 seconds, Stopping threads took: 0.0001323 seconds
2024-10-04T03:05:31.061+0300: 1220.207: Application time: 0.3558808 seconds
2024-10-04T03:05:31.061+0300: 1220.207: [GC (Allocation Failure) 2024-10-04T03:05:31.061+0300: 1220.207: [DefNew: 1125492K->5447K(1258304K), 0.0030291 secs] 1143409K->23364K(4054528K), 0.0030947 secs] [Times: user=0.00 sys=0.00, real=0.00 secs] 
2024-10-04T03:05:31.061+0300: 1220.211: Total time for which application threads were stopped: 0.0033636 seconds, Stopping threads took: 0.0001513 seconds
2024-10-04T03:05:31.392+0300: 1220.549: Application time: 0.3387361 seconds
2024-10-04T03:05:31.392+0300: 1220.550: [GC (Allocation Failure) 2024-10-04T03:05:31.392+0300: 1220.550: [DefNew: 1123975K->5618K(1258304K), 0.0038294 secs] 1141892K->23535K(4054528K), 0.0039165 secs] [Times: user=0.00 sys=0.00, real=0.02 secs] 
2024-10-04T03:05:31.407+0300: 1220.554: Total time for which application threads were stopped: 0.0042463 seconds, Stopping threads took: 0.0001910 seconds
2024-10-04T03:05:31.736+0300: 1220.888: Application time: 0.3344879 seconds
2024-10-04T03:05:31.736+0300: 1220.888: [GC (Allocation Failure) 2024-10-04T03:05:31.736+0300: 1220.888: [DefNew: 1124146K->7264K(1258304K), 0.0047534 secs] 1142063K->25182K(4054528K), 0.0048303 secs] [Times: user=0.00 sys=0.00, real=0.00 secs] 
2024-10-04T03:05:31.736+0300: 1220.893: Total time for which application threads were stopped: 0.0051188 seconds, Stopping threads took: 0.0001592 seconds
2024-10-04T03:05:32.098+0300: 1221.247: Application time: 0.3536764 seconds
2024-10-04T03:05:32.098+0300: 1221.247: [GC (Allocation Failure) 2024-10-04T03:05:32.098+0300: 1221.247: [DefNew: 1125792K->7499K(1258304K), 0.0050748 secs] 1143710K->25417K(4054528K), 0.0051433 secs] [Times: user=0.00 sys=0.00, real=0.00 secs] 
2024-10-04T03:05:32.098+0300: 1221.252: Total time for which application threads were stopped: 0.0054708 seconds, Stopping threads took: 0.0002114 seconds
2024-10-04T03:05:32.443+0300: 1221.602: Application time: 0.3499824 seconds
2024-10-04T03:05:32.443+0300: 1221.603: [GC (Allocation Failure) 2024-10-04T03:05:32.443+0300: 1221.603: [DefNew: 1126027K->5587K(1258304K), 0.0034093 secs] 1143945K->23506K(4054528K), 0.0034911 secs] [Times: user=0.00 sys=0.00, real=0.02 secs] 
2024-10-04T03:05:32.459+0300: 1221.606: Total time for which application threads were stopped: 0.0038136 seconds, Stopping threads took: 0.0001901 seconds
2024-10-04T03:05:32.802+0300: 1221.947: Application time: 0.3406028 seconds
2024-10-04T03:05:32.802+0300: 1221.947: [GC (Allocation Failure) 2024-10-04T03:05:32.802+0300: 1221.947: [DefNew: 1124115K->5518K(1258304K), 0.0032016 secs] 1142034K->23436K(4054528K), 0.0032684 secs] [Times: user=0.00 sys=0.00, real=0.00 secs] 
2024-10-04T03:05:32.805+0300: 1221.950: Total time for which application threads were stopped: 0.0035904 seconds, Stopping threads took: 0.0001969 seconds
2024-10-04T03:05:33.150+0300: 1222.297: Application time: 0.3463506 seconds
2024-10-04T03:05:33.150+0300: 1222.297: [GC (Allocation Failure) 2024-10-04T03:05:33.150+0300: 1222.297: [DefNew: 1124046K->7430K(1258304K), 0.0049627 secs] 1141964K->25349K(4054528K), 0.0050298 secs] [Times: user=0.00 sys=0.00, real=0.00 secs] 
2024-10-04T03:05:33.150+0300: 1222.302: Total time for which application threads were stopped: 0.0052739 seconds, Stopping threads took: 0.0001293 seconds
2024-10-04T03:05:33.480+0300: 1222.635: Application time: 0.3333624 seconds
2024-10-04T03:05:33.480+0300: 1222.636: [GC (Allocation Failure) 2024-10-04T03:05:33.480+0300: 1222.636: [DefNew: 1125958K->9458K(1258304K), 0.0074919 secs] 1143877K->27378K(4054528K), 0.0075677 secs] [Times: user=0.00 sys=0.00, real=0.02 secs] 
2024-10-04T03:05:33.497+0300: 1222.643: Total time for which application threads were stopped: 0.0078709 seconds, Stopping threads took: 0.0001820 seconds
2024-10-04T03:05:33.841+0300: 1222.991: Application time: 0.3475389 seconds
2024-10-04T03:05:33.841+0300: 1222.991: [GC (Allocation Failure) 2024-10-04T03:05:33.841+0300: 1222.991: [DefNew: 1127986K->5703K(1258304K), 0.0033327 secs] 1145906K->23623K(4054528K), 0.0034024 secs] [Times: user=0.00 sys=0.00, real=0.00 secs] 
2024-10-04T03:05:33.841+0300: 1222.994: Total time for which application threads were stopped: 0.0037130 seconds, Stopping threads took: 0.0001867 seconds
2024-10-04T03:05:34.202+0300: 1223.354: Application time: 0.3591113 seconds
2024-10-04T03:05:34.202+0300: 1223.354: [GC (Allocation Failure) 2024-10-04T03:05:34.202+0300: 1223.354: [DefNew: 1124231K->5796K(1258304K), 0.0033796 secs] 1142151K->23716K(4054528K), 0.0034467 secs] [Times: user=0.00 sys=0.00, real=0.00 secs] 
2024-10-04T03:05:34.202+0300: 1223.357: Total time for which application threads were stopped: 0.0037072 seconds, Stopping threads took: 0.0001369 seconds
2024-10-04T03:05:34.547+0300: 1223.695: Application time: 0.3380312 seconds
2024-10-04T03:05:34.547+0300: 1223.696: [GC (Allocation Failure) 2024-10-04T03:05:34.547+0300: 1223.696: [DefNew: 1124324K->5643K(1258304K), 0.0032980 secs] 1142244K->23563K(4054528K), 0.0033707 secs] [Times: user=0.00 sys=0.00, real=0.00 secs] 
2024-10-04T03:05:34.547+0300: 1223.699: Total time for which application threads were stopped: 0.0036613 seconds, Stopping threads took: 0.0001590 seconds
2024-10-04T03:05:34.877+0300: 1224.032: Application time: 0.3335351 seconds
2024-10-04T03:05:34.877+0300: 1224.033: [GC (Allocation Failure) 2024-10-04T03:05:34.877+0300: 1224.033: [DefNew: 1124171K->5654K(1258304K), 0.0032404 secs] 1142091K->23575K(4054528K), 0.0033130 secs] [Times: user=0.00 sys=0.00, real=0.00 secs] 
2024-10-04T03:05:34.877+0300: 1224.036: Total time for which application threads were stopped: 0.0036170 seconds, Stopping threads took: 0.0001870 seconds
2024-10-04T03:05:35.238+0300: 1224.388: Application time: 0.3522503 seconds
2024-10-04T03:05:35.238+0300: 1224.389: [GC (Allocation Failure) 2024-10-04T03:05:35.238+0300: 1224.389: [DefNew: 1124182K->7875K(1258304K), 0.0052358 secs] 1142103K->25796K(4054528K), 0.0053135 secs] [Times: user=0.00 sys=0.00, real=0.00 secs] 
2024-10-04T03:05:35.238+0300: 1224.394: Total time for which application threads were stopped: 0.0057278 seconds, Stopping threads took: 0.0002663 seconds
2024-10-04T03:05:35.583+0300: 1224.742: Application time: 0.3481411 seconds
2024-10-04T03:05:35.583+0300: 1224.743: [GC (Allocation Failure) 2024-10-04T03:05:35.583+0300: 1224.743: [DefNew: 1126403K->5519K(1258304K), 0.0032726 secs] 1144324K->23440K(4054528K), 0.0033440 secs] [Times: user=0.00 sys=0.00, real=0.02 secs] 
2024-10-04T03:05:35.599+0300: 1224.746: Total time for which application threads were stopped: 0.0036610 seconds, Stopping threads took: 0.0001846 seconds
2024-10-04T03:05:35.945+0300: 1225.093: Application time: 0.3475432 seconds
2024-10-04T03:05:35.945+0300: 1225.094: [GC (Allocation Failure) 2024-10-04T03:05:35.945+0300: 1225.094: [DefNew: 1124047K->5728K(1258304K), 0.0033076 secs] 1141968K->23650K(4054528K), 0.0033845 secs] [Times: user=0.00 sys=0.00, real=0.00 secs] 
2024-10-04T03:05:35.945+0300: 1225.097: Total time for which application threads were stopped: 0.0036929 seconds, Stopping threads took: 0.0001522 seconds
2024-10-04T03:05:36.290+0300: 1225.435: Application time: 0.3379124 seconds
2024-10-04T03:05:36.290+0300: 1225.435: [GC (Allocation Failure) 2024-10-04T03:05:36.290+0300: 1225.435: [DefNew: 1124256K->7606K(1258304K), 0.0048935 secs] 1142178K->25528K(4054528K), 0.0049636 secs] [Times: user=0.00 sys=0.00, real=0.00 secs] 
2024-10-04T03:05:36.290+0300: 1225.440: Total time for which application threads were stopped: 0.0052949 seconds, Stopping threads took: 0.0002100 seconds
2024-10-04T03:05:36.620+0300: 1225.779: Application time: 0.3385316 seconds
2024-10-04T03:05:36.620+0300: 1225.779: [GC (Allocation Failure) 2024-10-04T03:05:36.620+0300: 1225.779: [DefNew: 1126134K->5852K(1258304K), 0.0034126 secs] 1144056K->23774K(4054528K), 0.0034872 secs] [Times: user=0.00 sys=0.00, real=0.02 secs] 
2024-10-04T03:05:36.635+0300: 1225.783: Total time for which application threads were stopped: 0.0038414 seconds, Stopping threads took: 0.0002218 seconds
2024-10-04T03:05:36.981+0300: 1226.140: Application time: 0.3577365 seconds
2024-10-04T03:05:36.981+0300: 1226.141: [GC (Allocation Failure) 2024-10-04T03:05:36.981+0300: 1226.141: [DefNew: 1124380K->5773K(1258304K), 0.0033649 secs] 1142302K->23696K(4054528K), 0.0034364 secs] [Times: user=0.00 sys=0.00, real=0.02 secs] 
2024-10-04T03:05:36.996+0300: 1226.144: Total time for which application threads were stopped: 0.0037572 seconds, Stopping threads took: 0.0001754 seconds
2024-10-04T03:05:37.342+0300: 1226.490: Application time: 0.3460822 seconds
2024-10-04T03:05:37.342+0300: 1226.491: [GC (Allocation Failure) 2024-10-04T03:05:37.342+0300: 1226.491: [DefNew: 1124301K->5610K(1258304K), 0.0032660 secs] 1142224K->23533K(4054528K), 0.0033391 secs] [Times: user=0.00 sys=0.00, real=0.00 secs] 
2024-10-04T03:05:37.342+0300: 1226.494: Total time for which application threads were stopped: 0.0036473 seconds, Stopping threads took: 0.0001676 seconds
2024-10-04T03:05:37.687+0300: 1226.833: Application time: 0.3388513 seconds
2024-10-04T03:05:37.687+0300: 1226.833: [GC (Allocation Failure) 2024-10-04T03:05:37.687+0300: 1226.833: [DefNew: 1124138K->6449K(1258304K), 0.0038362 secs] 1142061K->24372K(4054528K), 0.0039018 secs] [Times: user=0.00 sys=0.00, real=0.00 secs] 
2024-10-04T03:05:37.687+0300: 1226.837: Total time for which application threads were stopped: 0.0041403 seconds, Stopping threads took: 0.0001327 seconds
2024-10-04T03:05:38.033+0300: 1227.183: Application time: 0.3459645 seconds
2024-10-04T03:05:38.033+0300: 1227.183: [GC (Allocation Failure) 2024-10-04T03:05:38.033+0300: 1227.183: [DefNew: 1124977K->8399K(1258304K), 0.0065634 secs] 1142900K->26322K(4054528K), 0.0066356 secs] [Times: user=0.00 sys=0.00, real=0.00 secs] 
2024-10-04T03:05:38.033+0300: 1227.190: Total time for which application threads were stopped: 0.0069000 seconds, Stopping threads took: 0.0001250 seconds
2024-10-04T03:05:38.380+0300: 1227.529: Application time: 0.3395656 seconds
2024-10-04T03:05:38.380+0300: 1227.530: [GC (Allocation Failure) 2024-10-04T03:05:38.380+0300: 1227.530: [DefNew: 1126927K->5546K(1258304K), 0.0031735 secs] 1144850K->23470K(4054528K), 0.0032521 secs] [Times: user=0.00 sys=0.00, real=0.00 secs] 
2024-10-04T03:05:38.380+0300: 1227.533: Total time for which application threads were stopped: 0.0035501 seconds, Stopping threads took: 0.0001845 seconds
2024-10-04T03:05:38.724+0300: 1227.883: Application time: 0.3498369 seconds
2024-10-04T03:05:38.724+0300: 1227.883: [GC (Allocation Failure) 2024-10-04T03:05:38.724+0300: 1227.883: [DefNew: 1124074K->5713K(1258304K), 0.0034234 secs] 1141998K->23637K(4054528K), 0.0035051 secs] [Times: user=0.00 sys=0.00, real=0.02 secs] 
2024-10-04T03:05:38.740+0300: 1227.887: Total time for which application threads were stopped: 0.0038269 seconds, Stopping threads took: 0.0001790 seconds
2024-10-04T03:05:39.085+0300: 1228.236: Application time: 0.3497937 seconds
2024-10-04T03:05:39.085+0300: 1228.237: [GC (Allocation Failure) 2024-10-04T03:05:39.085+0300: 1228.237: [DefNew: 1124241K->5423K(1258304K), 0.0037697 secs] 1142165K->23347K(4054528K), 0.0038481 secs] [Times: user=0.00 sys=0.00, real=0.00 secs] 
2024-10-04T03:05:39.085+0300: 1228.241: Total time for which application threads were stopped: 0.0041074 seconds, Stopping threads took: 0.0001093 seconds
2024-10-04T03:05:39.430+0300: 1228.579: Application time: 0.3387412 seconds
2024-10-04T03:05:39.430+0300: 1228.580: [GC (Allocation Failure) 2024-10-04T03:05:39.430+0300: 1228.580: [DefNew: 1123951K->5770K(1258304K), 0.0034656 secs] 1141875K->23695K(4054528K), 0.0035495 secs] [Times: user=0.00 sys=0.00, real=0.00 secs] 
2024-10-04T03:05:39.430+0300: 1228.583: Total time for which application threads were stopped: 0.0038858 seconds, Stopping threads took: 0.0001998 seconds
2024-10-04T03:05:39.776+0300: 1228.927: Application time: 0.3437272 seconds
2024-10-04T03:05:39.776+0300: 1228.927: [GC (Allocation Failure) 2024-10-04T03:05:39.776+0300: 1228.927: [DefNew: 1124298K->6256K(1258304K), 0.0035658 secs] 1142223K->24181K(4054528K), 0.0036353 secs] [Times: user=0.00 sys=0.00, real=0.00 secs] 
2024-10-04T03:05:39.776+0300: 1228.931: Total time for which application threads were stopped: 0.0040157 seconds, Stopping threads took: 0.0002296 seconds
2024-10-04T03:05:40.122+0300: 1229.282: Application time: 0.3508090 seconds
2024-10-04T03:05:40.122+0300: 1229.282: [GC (Allocation Failure) 2024-10-04T03:05:40.122+0300: 1229.282: [DefNew: 1124784K->7672K(1258304K), 0.0056687 secs] 1142709K->25597K(4054528K), 0.0057437 secs] [Times: user=0.00 sys=0.00, real=0.02 secs] 
2024-10-04T03:05:40.137+0300: 1229.288: Total time for which application threads were stopped: 0.0061508 seconds, Stopping threads took: 0.0002233 seconds
2024-10-04T03:05:40.482+0300: 1229.632: Application time: 0.3439299 seconds
2024-10-04T03:05:40.482+0300: 1229.632: [GC (Allocation Failure) 2024-10-04T03:05:40.482+0300: 1229.632: [DefNew: 1126200K->5675K(1258304K), 0.0032480 secs] 1144125K->23601K(4054528K), 0.0033225 secs] [Times: user=0.00 sys=0.00, real=0.00 secs] 
2024-10-04T03:05:40.482+0300: 1229.635: Total time for which application threads were stopped: 0.0036204 seconds, Stopping threads took: 0.0001748 seconds
2024-10-04T03:05:40.828+0300: 1229.981: Application time: 0.3459593 seconds
2024-10-04T03:05:40.828+0300: 1229.982: [GC (Allocation Failure) 2024-10-04T03:05:40.828+0300: 1229.982: [DefNew: 1124203K->5526K(1258304K), 0.0031093 secs] 1142129K->23452K(4054528K), 0.0031744 secs] [Times: user=0.00 sys=0.00, real=0.00 secs] 
2024-10-04T03:05:40.828+0300: 1229.985: Total time for which application threads were stopped: 0.0034347 seconds, Stopping threads took: 0.0001483 seconds
2024-10-04T03:05:41.173+0300: 1230.329: Application time: 0.3440887 seconds
2024-10-04T03:05:41.173+0300: 1230.329: [GC (Allocation Failure) 2024-10-04T03:05:41.173+0300: 1230.331: [DefNew: 1124054K->6336K(1258304K), 0.0044324 secs] 1141980K->24262K(4054528K), 0.0066956 secs] [Times: user=0.00 sys=0.00, real=0.01 secs] 
2024-10-04T03:05:41.188+0300: 1230.336: Total time for which application threads were stopped: 0.0070446 seconds, Stopping threads took: 0.0002129 seconds
2024-10-04T03:05:41.534+0300: 1230.682: Application time: 0.3463390 seconds
2024-10-04T03:05:41.534+0300: 1230.683: [GC (Allocation Failure) 2024-10-04T03:05:41.534+0300: 1230.683: [DefNew: 1124864K->5571K(1258304K), 0.0032240 secs] 1142790K->23497K(4054528K), 0.0032988 secs] [Times: user=0.00 sys=0.00, real=0.00 secs] 
2024-10-04T03:05:41.534+0300: 1230.686: Total time for which application threads were stopped: 0.0036191 seconds, Stopping threads took: 0.0001934 seconds
2024-10-04T03:05:41.879+0300: 1231.031: Application time: 0.3446070 seconds
2024-10-04T03:05:41.879+0300: 1231.031: [GC (Allocation Failure) 2024-10-04T03:05:41.879+0300: 1231.031: [DefNew: 1124099K->7874K(1258304K), 0.0052919 secs] 1142025K->25801K(4054528K), 0.0053591 secs] [Times: user=0.00 sys=0.00, real=0.00 secs] 
2024-10-04T03:05:41.879+0300: 1231.036: Total time for which application threads were stopped: 0.0056441 seconds, Stopping threads took: 0.0001670 seconds
2024-10-04T03:05:42.240+0300: 1231.386: Application time: 0.3495867 seconds
2024-10-04T03:05:42.240+0300: 1231.386: [GC (Allocation Failure) 2024-10-04T03:05:42.240+0300: 1231.386: [DefNew: 1126402K->7668K(1258304K), 0.0049234 secs] 1144329K->25595K(4054528K), 0.0049866 secs] [Times: user=0.00 sys=0.00, real=0.00 secs] 
2024-10-04T03:05:42.240+0300: 1231.391: Total time for which application threads were stopped: 0.0052210 seconds, Stopping threads took: 0.0001160 seconds
2024-10-04T03:05:42.570+0300: 1231.729: Application time: 0.3376729 seconds
2024-10-04T03:05:42.570+0300: 1231.729: [GC (Allocation Failure) 2024-10-04T03:05:42.570+0300: 1231.729: [DefNew: 1126196K->5711K(1258304K), 0.0035101 secs] 1144123K->23639K(4054528K), 0.0035862 secs] [Times: user=0.00 sys=0.00, real=0.02 secs] 
2024-10-04T03:05:42.585+0300: 1231.733: Total time for which application threads were stopped: 0.0039084 seconds, Stopping threads took: 0.0001981 seconds
2024-10-04T03:05:42.931+0300: 1232.083: Application time: 0.3502581 seconds
2024-10-04T03:05:42.931+0300: 1232.083: [GC (Allocation Failure) 2024-10-04T03:05:42.931+0300: 1232.083: [DefNew: 1124239K->7587K(1258304K), 0.0051787 secs] 1142167K->25515K(4054528K), 0.0052626 secs] [Times: user=0.00 sys=0.00, real=0.00 secs] 
2024-10-04T03:05:42.931+0300: 1232.088: Total time for which application threads were stopped: 0.0055413 seconds, Stopping threads took: 0.0001236 seconds
2024-10-04T03:05:43.277+0300: 1232.434: Application time: 0.3458995 seconds
2024-10-04T03:05:43.277+0300: 1232.435: [GC (Allocation Failure) 2024-10-04T03:05:43.277+0300: 1232.435: [DefNew: 1126115K->5575K(1258304K), 0.0034567 secs] 1144043K->23503K(4054528K), 0.0035436 secs] [Times: user=0.00 sys=0.00, real=0.02 secs] 
2024-10-04T03:05:43.292+0300: 1232.438: Total time for which application threads were stopped: 0.0038865 seconds, Stopping threads took: 0.0001953 seconds
2024-10-04T03:05:43.622+0300: 1232.776: Application time: 0.3380283 seconds
2024-10-04T03:05:43.622+0300: 1232.777: [GC (Allocation Failure) 2024-10-04T03:05:43.622+0300: 1232.777: [DefNew: 1124103K->6878K(1258304K), 0.0045912 secs] 1142031K->24807K(4054528K), 0.0046618 secs] [Times: user=0.00 sys=0.00, real=0.00 secs] 
2024-10-04T03:05:43.622+0300: 1232.781: Total time for which application threads were stopped: 0.0050181 seconds, Stopping threads took: 0.0002352 seconds
2024-10-04T03:05:43.983+0300: 1233.131: Application time: 0.3501366 seconds
2024-10-04T03:05:43.983+0300: 1233.132: [GC (Allocation Failure) 2024-10-04T03:05:43.983+0300: 1233.132: [DefNew: 1125406K->5905K(1258304K), 0.0034962 secs] 1143335K->23834K(4054528K), 0.0035731 secs] [Times: user=0.00 sys=0.00, real=0.00 secs] 
2024-10-04T03:05:43.983+0300: 1233.135: Total time for which application threads were stopped: 0.0038817 seconds, Stopping threads took: 0.0001697 seconds
2024-10-04T03:05:44.323+0300: 1233.471: Application time: 0.3354315 seconds
2024-10-04T03:05:44.323+0300: 1233.471: [GC (Allocation Failure) 2024-10-04T03:05:44.323+0300: 1233.471: [DefNew: 1124433K->8719K(1258304K), 0.0070708 secs] 1142362K->26648K(4054528K), 0.0071503 secs] [Times: user=0.00 sys=0.00, real=0.01 secs] 
2024-10-04T03:05:44.329+0300: 1233.478: Total time for which application threads were stopped: 0.0074365 seconds, Stopping threads took: 0.0001618 seconds
2024-10-04T03:05:44.674+0300: 1233.822: Application time: 0.3437614 seconds
2024-10-04T03:05:44.674+0300: 1233.822: [GC (Allocation Failure) 2024-10-04T03:05:44.674+0300: 1233.822: [DefNew: 1127247K->5550K(1258304K), 0.0033162 secs] 1145176K->23480K(4054528K), 0.0033884 secs] [Times: user=0.00 sys=0.00, real=0.00 secs] 
2024-10-04T03:05:44.674+0300: 1233.826: Total time for which application threads were stopped: 0.0036793 seconds, Stopping threads took: 0.0001591 seconds
2024-10-04T03:05:45.024+0300: 1234.175: Application time: 0.3497069 seconds
2024-10-04T03:05:45.024+0300: 1234.176: [GC (Allocation Failure) 2024-10-04T03:05:45.024+0300: 1234.176: [DefNew: 1124078K->6045K(1258304K), 0.0034999 secs] 1142008K->23974K(4054528K), 0.0035765 secs] [Times: user=0.00 sys=0.00, real=0.00 secs] 
2024-10-04T03:05:45.024+0300: 1234.179: Total time for which application threads were stopped: 0.0038723 seconds, Stopping threads took: 0.0001650 seconds
2024-10-04T03:05:45.364+0300: 1234.521: Application time: 0.3422511 seconds
2024-10-04T03:05:45.364+0300: 1234.522: [GC (Allocation Failure) 2024-10-04T03:05:45.364+0300: 1234.522: [DefNew: 1124573K->5732K(1258304K), 0.0034379 secs] 1142502K->23662K(4054528K), 0.0035207 secs] [Times: user=0.00 sys=0.00, real=0.02 secs] 
2024-10-04T03:05:45.380+0300: 1234.525: Total time for which application threads were stopped: 0.0038706 seconds, Stopping threads took: 0.0002165 seconds
2024-10-04T03:05:45.709+0300: 1234.862: Application time: 0.3371554 seconds
2024-10-04T03:05:45.709+0300: 1234.863: [GC (Allocation Failure) 2024-10-04T03:05:45.709+0300: 1234.863: [DefNew: 1124260K->7299K(1258304K), 0.0055533 secs] 1142190K->25229K(4054528K), 0.0056426 secs] [Times: user=0.00 sys=0.00, real=0.00 secs] 
2024-10-04T03:05:45.709+0300: 1234.868: Total time for which application threads were stopped: 0.0059542 seconds, Stopping threads took: 0.0001708 seconds
2024-10-04T03:05:46.070+0300: 1235.221: Application time: 0.3522635 seconds
2024-10-04T03:05:46.070+0300: 1235.221: [GC (Allocation Failure) 2024-10-04T03:05:46.070+0300: 1235.221: [DefNew: 1125827K->6283K(1258304K), 0.0039201 secs] 1143757K->24214K(4054528K), 0.0039840 secs] [Times: user=0.00 sys=0.00, real=0.00 secs] 
2024-10-04T03:05:46.070+0300: 1235.225: Total time for which application threads were stopped: 0.0043128 seconds, Stopping threads took: 0.0001947 seconds
2024-10-04T03:05:46.415+0300: 1235.569: Application time: 0.3440126 seconds
2024-10-04T03:05:46.415+0300: 1235.569: [GC (Allocation Failure) 2024-10-04T03:05:46.415+0300: 1235.569: [DefNew: 1124811K->5904K(1258304K), 0.0033673 secs] 1142742K->23835K(4054528K), 0.0034846 secs] [Times: user=0.00 sys=0.00, real=0.01 secs] 
2024-10-04T03:05:46.428+0300: 1235.573: Total time for which application threads were stopped: 0.0038170 seconds, Stopping threads took: 0.0002062 seconds
2024-10-04T03:05:46.761+0300: 1235.916: Application time: 0.3430150 seconds
2024-10-04T03:05:46.761+0300: 1235.916: [GC (Allocation Failure) 2024-10-04T03:05:46.761+0300: 1235.916: [DefNew: 1124432K->5619K(1258304K), 0.0033094 secs] 1142363K->23550K(4054528K), 0.0034003 secs] [Times: user=0.00 sys=0.00, real=0.00 secs] 
2024-10-04T03:05:46.761+0300: 1235.920: Total time for which application threads were stopped: 0.0037431 seconds, Stopping threads took: 0.0001814 seconds
2024-10-04T03:05:47.122+0300: 1236.270: Application time: 0.3507016 seconds
2024-10-04T03:05:47.122+0300: 1236.271: [GC (Allocation Failure) 2024-10-04T03:05:47.122+0300: 1236.271: [DefNew: 1124147K->5553K(1258304K), 0.0031405 secs] 1142078K->23484K(4054528K), 0.0032148 secs] [Times: user=0.00 sys=0.00, real=0.00 secs] 
2024-10-04T03:05:47.122+0300: 1236.274: Total time for which application threads were stopped: 0.0034954 seconds, Stopping threads took: 0.0001683 seconds
2024-10-04T03:05:47.452+0300: 1236.609: Application time: 0.3348971 seconds
2024-10-04T03:05:47.452+0300: 1236.609: [GC (Allocation Failure) 2024-10-04T03:05:47.452+0300: 1236.609: [DefNew: 1124081K->7815K(1258304K), 0.0053149 secs] 1142012K->25747K(4054528K), 0.0053963 secs] [Times: user=0.00 sys=0.00, real=0.02 secs] 
2024-10-04T03:05:47.468+0300: 1236.614: Total time for which application threads were stopped: 0.0057292 seconds, Stopping threads took: 0.0002167 seconds
2024-10-04T03:05:47.797+0300: 1236.956: Application time: 0.3414506 seconds
2024-10-04T03:05:47.797+0300: 1236.956: [GC (Allocation Failure) 2024-10-04T03:05:47.797+0300: 1236.956: [DefNew: 1126343K->5786K(1258304K), 0.0034463 secs] 1144275K->23718K(4054528K), 0.0035132 secs] [Times: user=0.00 sys=0.00, real=0.02 secs] 
2024-10-04T03:05:47.813+0300: 1236.960: Total time for which application threads were stopped: 0.0037631 seconds, Stopping threads took: 0.0001382 seconds
2024-10-04T03:05:48.159+0300: 1237.316: Application time: 0.3563583 seconds
2024-10-04T03:05:48.159+0300: 1237.316: [GC (Allocation Failure) 2024-10-04T03:05:48.159+0300: 1237.316: [DefNew: 1124314K->5714K(1258304K), 0.0033464 secs] 1142246K->23647K(4054528K), 0.0034288 secs] [Times: user=0.00 sys=0.00, real=0.02 secs] 
2024-10-04T03:05:48.174+0300: 1237.320: Total time for which application threads were stopped: 0.0037094 seconds, Stopping threads took: 0.0001469 seconds
2024-10-04T03:05:48.504+0300: 1237.663: Application time: 0.3437362 seconds
2024-10-04T03:05:48.504+0300: 1237.664: [GC (Allocation Failure) 2024-10-04T03:05:48.504+0300: 1237.664: [DefNew: 1124242K->5450K(1258304K), 0.0032806 secs] 1142175K->23383K(4054528K), 0.0033592 secs] [Times: user=0.00 sys=0.00, real=0.02 secs] 
2024-10-04T03:05:48.520+0300: 1237.667: Total time for which application threads were stopped: 0.0036750 seconds, Stopping threads took: 0.0001948 seconds
2024-10-04T03:05:48.850+0300: 1238.005: Application time: 0.3375171 seconds
2024-10-04T03:05:48.850+0300: 1238.005: [GC (Allocation Failure) 2024-10-04T03:05:48.850+0300: 1238.005: [DefNew: 1123978K->6458K(1258304K), 0.0038196 secs] 1141911K->24391K(4054528K), 0.0038871 secs] [Times: user=0.00 sys=0.00, real=0.00 secs] 
2024-10-04T03:05:48.850+0300: 1238.009: Total time for which application threads were stopped: 0.0041584 seconds, Stopping threads took: 0.0001659 seconds
2024-10-04T03:05:49.195+0300: 1238.355: Application time: 0.3464811 seconds
2024-10-04T03:05:49.195+0300: 1238.356: [GC (Allocation Failure) 2024-10-04T03:05:49.195+0300: 1238.356: [DefNew: 1124986K->7731K(1258304K), 0.0049900 secs] 1142919K->25665K(4054528K), 0.0050676 secs] [Times: user=0.00 sys=0.00, real=0.02 secs] 
2024-10-04T03:05:49.211+0300: 1238.361: Total time for which application threads were stopped: 0.0053729 seconds, Stopping threads took: 0.0001620 seconds
2024-10-04T03:05:49.556+0300: 1238.703: Application time: 0.3427951 seconds
2024-10-04T03:05:49.556+0300: 1238.704: [GC (Allocation Failure) 2024-10-04T03:05:49.556+0300: 1238.704: [DefNew: 1126259K->9117K(1258304K), 0.0072413 secs] 1144193K->27051K(4054528K), 0.0073112 secs] [Times: user=0.00 sys=0.00, real=0.00 secs] 
2024-10-04T03:05:49.556+0300: 1238.711: Total time for which application threads were stopped: 0.0075504 seconds, Stopping threads took: 0.0001263 seconds
2024-10-04T03:05:49.917+0300: 1239.066: Application time: 0.3545635 seconds
2024-10-04T03:05:49.917+0300: 1239.066: [GC (Allocation Failure) 2024-10-04T03:05:49.917+0300: 1239.066: [DefNew: 1127645K->5512K(1258304K), 0.0035237 secs] 1145579K->23446K(4054528K), 0.0035905 secs] [Times: user=0.00 sys=0.00, real=0.00 secs] 
2024-10-04T03:05:49.917+0300: 1239.069: Total time for which application threads were stopped: 0.0038618 seconds, Stopping threads took: 0.0001460 seconds
2024-10-04T03:05:50.262+0300: 1239.413: Application time: 0.3440650 seconds
2024-10-04T03:05:50.262+0300: 1239.414: [GC (Allocation Failure) 2024-10-04T03:05:50.262+0300: 1239.414: [DefNew: 1124040K->5641K(1258304K), 0.0033004 secs] 1141974K->23576K(4054528K), 0.0033737 secs] [Times: user=0.00 sys=0.00, real=0.00 secs] 
2024-10-04T03:05:50.262+0300: 1239.417: Total time for which application threads were stopped: 0.0036741 seconds, Stopping threads took: 0.0001735 seconds
2024-10-04T03:05:50.607+0300: 1239.753: Application time: 0.3356006 seconds
2024-10-04T03:05:50.607+0300: 1239.753: [GC (Allocation Failure) 2024-10-04T03:05:50.607+0300: 1239.753: [DefNew: 1124169K->5722K(1258304K), 0.0033429 secs] 1142104K->23656K(4054528K), 0.0034154 secs] [Times: user=0.00 sys=0.00, real=0.00 secs] 
2024-10-04T03:05:50.607+0300: 1239.757: Total time for which application threads were stopped: 0.0037172 seconds, Stopping threads took: 0.0001801 seconds
2024-10-04T03:05:50.953+0300: 1240.102: Application time: 0.3457741 seconds
2024-10-04T03:05:50.953+0300: 1240.103: [GC (Allocation Failure) 2024-10-04T03:05:50.953+0300: 1240.103: [DefNew: 1124250K->6125K(1258304K), 0.0035139 secs] 1142184K->24060K(4054528K), 0.0035975 secs] [Times: user=0.02 sys=0.00, real=0.00 secs] 
2024-10-04T03:05:50.953+0300: 1240.106: Total time for which application threads were stopped: 0.0039802 seconds, Stopping threads took: 0.0002214 seconds
2024-10-04T03:05:51.299+0300: 1240.450: Application time: 0.3441330 seconds
2024-10-04T03:05:51.299+0300: 1240.451: [GC (Allocation Failure) 2024-10-04T03:05:51.299+0300: 1240.451: [DefNew: 1124653K->9425K(1258304K), 0.0074333 secs] 1142588K->27360K(4054528K), 0.0075216 secs] [Times: user=0.00 sys=0.00, real=0.00 secs] 
2024-10-04T03:05:51.299+0300: 1240.458: Total time for which application threads were stopped: 0.0078149 seconds, Stopping threads took: 0.0001562 seconds
2024-10-04T03:05:51.644+0300: 1240.800: Application time: 0.3418284 seconds
2024-10-04T03:05:51.644+0300: 1240.800: [GC (Allocation Failure) 2024-10-04T03:05:51.644+0300: 1240.800: [DefNew: 1127953K->5646K(1258304K), 0.0033200 secs] 1145888K->23582K(4054528K), 0.0033908 secs] [Times: user=0.00 sys=0.00, real=0.00 secs] 
2024-10-04T03:05:51.644+0300: 1240.804: Total time for which application threads were stopped: 0.0036972 seconds, Stopping threads took: 0.0001865 seconds
2024-10-04T03:05:52.005+0300: 1241.152: Application time: 0.3485370 seconds
2024-10-04T03:05:52.005+0300: 1241.153: [GC (Allocation Failure) 2024-10-04T03:05:52.005+0300: 1241.153: [DefNew: 1124174K->5533K(1258304K), 0.0031376 secs] 1142110K->23469K(4054528K), 0.0032188 secs] [Times: user=0.00 sys=0.00, real=0.00 secs] 
2024-10-04T03:05:52.005+0300: 1241.156: Total time for which application threads were stopped: 0.0035698 seconds, Stopping threads took: 0.0002106 seconds
2024-10-04T03:05:52.342+0300: 1241.493: Application time: 0.3373359 seconds
2024-10-04T03:05:52.342+0300: 1241.494: [GC (Allocation Failure) 2024-10-04T03:05:52.342+0300: 1241.494: [DefNew: 1124061K->5655K(1258304K), 0.0036366 secs] 1141997K->23591K(4054528K), 0.0037172 secs] [Times: user=0.00 sys=0.00, real=0.01 secs] 
2024-10-04T03:05:52.351+0300: 1241.497: Total time for which application threads were stopped: 0.0040914 seconds, Stopping threads took: 0.0002179 seconds
2024-10-04T03:05:52.543+0300: 1241.693: Application time: 0.1953360 seconds
2024-10-04T03:05:52.543+0300: 1241.693: Total time for which application threads were stopped: 0.0002377 seconds, Stopping threads took: 0.0001631 seconds
2024-10-04T03:05:52.586+0300: 1241.740: Application time: 0.0474943 seconds
2024-10-04T03:05:52.586+0300: 1241.741: Total time for which application threads were stopped: 0.0002531 seconds, Stopping threads took: 0.0001611 seconds
2024-10-04T03:05:52.633+0300: 1241.781: Application time: 0.0402989 seconds
2024-10-04T03:05:52.633+0300: 1241.781: Total time for which application threads were stopped: 0.0000554 seconds, Stopping threads took: 0.0000281 seconds
2024-10-04T03:05:52.790+0300: 1241.947: Application time: 0.1660759 seconds
2024-10-04T03:05:52.790+0300: 1241.948: Total time for which application threads were stopped: 0.0005768 seconds, Stopping threads took: 0.0000225 seconds
2024-10-04T03:05:52.821+0300: 1241.976: Application time: 0.0287681 seconds
2024-10-04T03:05:52.821+0300: 1241.977: Total time for which application threads were stopped: 0.0000994 seconds, Stopping threads took: 0.0000289 seconds
2024-10-04T03:05:52.947+0300: 1242.107: Application time: 0.1300162 seconds
2024-10-04T03:05:52.947+0300: 1242.107: Total time for which application threads were stopped: 0.0001521 seconds, Stopping threads took: 0.0000441 seconds
2024-10-04T03:05:52.978+0300: 1242.128: Application time: 0.0212560 seconds
2024-10-04T03:05:52.978+0300: 1242.128: Total time for which application threads were stopped: 0.0001399 seconds, Stopping threads took: 0.0001024 seconds
2024-10-04T03:05:53.088+0300: 1242.236: Application time: 0.1079899 seconds
2024-10-04T03:05:53.088+0300: 1242.236: [Full GC (Metadata GC Threshold) 2024-10-04T03:05:53.088+0300: 1242.236: [Tenured: 17936K->33956K(2796224K), 0.1444218 secs] 972235K->33956K(4054528K), [Metaspace: 20613K->20613K(1069056K)], 0.1445019 secs] [Times: user=0.12 sys=0.02, real=0.14 secs] 
2024-10-04T03:05:53.229+0300: 1242.381: Total time for which application threads were stopped: 0.1446435 seconds, Stopping threads took: 0.0000196 seconds
2024-10-04T03:05:53.229+0300: 1242.382: Application time: 0.0015902 seconds
2024-10-04T03:05:53.229+0300: 1242.383: Total time for which application threads were stopped: 0.0004338 seconds, Stopping threads took: 0.0000143 seconds
2024-10-04T03:05:53.229+0300: 1242.388: Application time: 0.0053477 seconds
2024-10-04T03:05:53.229+0300: 1242.389: Total time for which application threads were stopped: 0.0004649 seconds, Stopping threads took: 0.0000256 seconds
2024-10-04T03:05:53.244+0300: 1242.390: Application time: 0.0012202 seconds
2024-10-04T03:05:53.244+0300: 1242.390: Total time for which application threads were stopped: 0.0003268 seconds, Stopping threads took: 0.0000243 seconds
2024-10-04T03:05:53.245+0300: 1242.392: Application time: 0.0018555 seconds
2024-10-04T03:05:53.245+0300: 1242.392: Total time for which application threads were stopped: 0.0002115 seconds, Stopping threads took: 0.0000119 seconds
2024-10-04T03:05:54.092+0300: 1243.238: Application time: 0.8453458 seconds
2024-10-04T03:05:54.092+0300: 1243.238: Total time for which application threads were stopped: 0.0002449 seconds, Stopping threads took: 0.0000961 seconds
2024-10-04T03:05:55.333+0300: 1244.487: Application time: 1.2491833 seconds
2024-10-04T03:05:55.333+0300: 1244.487: Total time for which application threads were stopped: 0.0001628 seconds, Stopping threads took: 0.0000340 seconds
2024-10-04T03:05:55.569+0300: 1244.727: Application time: 0.2398123 seconds
2024-10-04T03:05:55.569+0300: 1244.727: [GC (Allocation Failure) 2024-10-04T03:05:55.569+0300: 1244.727: [DefNew: 1118528K->8863K(1258304K), 0.0097040 secs] 1152484K->42819K(4054528K), 0.0097917 secs] [Times: user=0.00 sys=0.00, real=0.02 secs] 
2024-10-04T03:05:55.584+0300: 1244.737: Total time for which application threads were stopped: 0.0100147 seconds, Stopping threads took: 0.0000485 seconds
2024-10-04T03:05:55.584+0300: 1244.737: Application time: 0.0002510 seconds
2024-10-04T03:05:55.584+0300: 1244.737: Total time for which application threads were stopped: 0.0001568 seconds, Stopping threads took: 0.0001096 seconds
2024-10-04T03:05:55.584+0300: 1244.737: Application time: 0.0001090 seconds
2024-10-04T03:05:55.584+0300: 1244.738: Total time for which application threads were stopped: 0.0001066 seconds, Stopping threads took: 0.0000391 seconds
2024-10-04T03:05:55.584+0300: 1244.738: Application time: 0.0001450 seconds
2024-10-04T03:05:55.584+0300: 1244.738: Total time for which application threads were stopped: 0.0001169 seconds, Stopping threads took: 0.0000846 seconds
2024-10-04T03:05:55.584+0300: 1244.738: Application time: 0.0001032 seconds
2024-10-04T03:05:55.584+0300: 1244.738: Total time for which application threads were stopped: 0.0000925 seconds, Stopping threads took: 0.0000652 seconds
2024-10-04T03:05:55.663+0300: 1244.810: Application time: 0.0714323 seconds
2024-10-04T03:05:55.663+0300: 1244.810: Total time for which application threads were stopped: 0.0000953 seconds, Stopping threads took: 0.0000382 seconds
Heap
 def new generation   total 1258304K, used 70215K [0x00000006c0000000, 0x0000000715550000, 0x0000000715550000)
  eden space 1118528K,   5% used [0x00000006c0000000, 0x00000006c3be9e58, 0x0000000704450000)
  from space 139776K,   6% used [0x0000000704450000, 0x0000000704cf7ea0, 0x000000070ccd0000)
  to   space 139776K,   0% used [0x000000070ccd0000, 0x000000070ccd0000, 0x0000000715550000)
 tenured generation   total 2796224K, used 33956K [0x0000000715550000, 0x00000007c0000000, 0x00000007c0000000)
   the space 2796224K,   1% used [0x0000000715550000, 0x0000000717679118, 0x0000000717679200, 0x00000007c0000000)
 Metaspace       used 22873K, capacity 23410K, committed 23680K, reserved 1071104K
  class space    used 2293K, capacity 2381K, committed 2432K, reserved 1048576K
2024-10-04T03:05:55.774+0300: 1244.919: Application time: 0.1098621 seconds
