OpenJDK 64-Bit Server VM (25.422-b05) for windows-amd64 JRE (1.8.0_422-422-b05), built on Jul 18 2024 05:34:18 by "Administrator" with MS VC++ 16.10 / 16.11 (VS2019)
Memory: 4k page, physical 15965620k(10903220k free), swap 19635636k(12674224k free)
CommandLine flags: -XX:InitialHeapSize=2147483648 -XX:MaxHeapSize=2147483648 -XX:+PrintGC -XX:+PrintGCApplicationConcurrentTime -XX:+PrintGCApplicationStoppedTime -XX:+PrintGCDateStamps -XX:+PrintGCDetails -XX:+PrintGCTimeStamps -XX:+UnlockExperimentalVMOptions -XX:+UseCompressedClassPointers -XX:+UseCompressedOops -XX:-UseLargePagesIndividualAllocation -XX:+UseSerialGC 
2024-10-03T01:25:38.123+0300: 0.064: Application time: 0.0180070 seconds
2024-10-03T01:25:38.123+0300: 0.064: Total time for which application threads were stopped: 0.0001045 seconds, Stopping threads took: 0.0000402 seconds
2024-10-03T01:25:38.312+0300: 0.245: Application time: 0.1809933 seconds
2024-10-03T01:25:38.312+0300: 0.245: [Full GC (System.gc()) 2024-10-03T01:25:38.312+0300: 0.245: [Tenured: 0K->3705K(1398144K), 0.0102394 secs] 44738K->3705K(2027264K), [Metaspace: 7075K->7075K(1056768K)], 0.0104287 secs] [Times: user=0.00 sys=0.00, real=0.00 secs] 
2024-10-03T01:25:38.312+0300: 0.256: Total time for which application threads were stopped: 0.0105903 seconds, Stopping threads took: 0.0000311 seconds
2024-10-03T01:25:38.327+0300: 0.256: Application time: 0.0001357 seconds
2024-10-03T01:25:38.327+0300: 0.256: [Full GC (System.gc()) 2024-10-03T01:25:38.327+0300: 0.256: [Tenured: 3705K->3705K(1398144K), 0.0062315 secs] 3705K->3705K(2027264K), [Metaspace: 7075K->7075K(1056768K)], 0.0062816 secs] [Times: user=0.00 sys=0.00, real=0.00 secs] 
2024-10-03T01:25:38.327+0300: 0.262: Total time for which application threads were stopped: 0.0063725 seconds, Stopping threads took: 0.0000321 seconds
2024-10-03T01:25:39.332+0300: 1.260: Application time: 0.9980248 seconds
2024-10-03T01:25:39.332+0300: 1.261: Total time for which application threads were stopped: 0.0003300 seconds, Stopping threads took: 0.0002342 seconds
2024-10-03T01:25:40.210+0300: 2.145: Application time: 0.8845854 seconds
2024-10-03T01:25:40.210+0300: 2.145: [GC (Allocation Failure) 2024-10-03T01:25:40.210+0300: 2.145: [DefNew: 559197K->4304K(629120K), 0.0028319 secs] 562902K->8009K(2027264K), 0.0029206 secs] [Times: user=0.00 sys=0.00, real=0.00 secs] 
2024-10-03T01:25:40.210+0300: 2.148: Total time for which application threads were stopped: 0.0031783 seconds, Stopping threads took: 0.0001381 seconds
2024-10-03T01:25:41.214+0300: 3.143: Application time: 0.9943276 seconds
2024-10-03T01:25:41.230+0300: 3.158: Total time for which application threads were stopped: 0.0158080 seconds, Stopping threads took: 0.0157187 seconds
2024-10-03T01:25:42.156+0300: 4.087: Application time: 0.9287086 seconds
2024-10-03T01:25:42.156+0300: 4.087: [GC (Allocation Failure) 2024-10-03T01:25:42.156+0300: 4.087: [DefNew: 563191K->3260K(629120K), 0.0017766 secs] 566896K->6966K(2027264K), 0.0018823 secs] [Times: user=0.00 sys=0.00, real=0.00 secs] 
2024-10-03T01:25:42.156+0300: 4.089: Total time for which application threads were stopped: 0.0021684 seconds, Stopping threads took: 0.0001736 seconds
2024-10-03T01:25:42.172+0300: 4.100: Application time: 0.0108163 seconds
2024-10-03T01:25:42.172+0300: 4.100: Total time for which application threads were stopped: 0.0002615 seconds, Stopping threads took: 0.0001534 seconds
2024-10-03T01:25:43.949+0300: 5.878: Application time: 1.7771851 seconds
2024-10-03T01:25:43.949+0300: 5.878: [GC (Allocation Failure) 2024-10-03T01:25:43.949+0300: 5.878: [DefNew: 562412K->4286K(629120K), 0.0013655 secs] 566118K->7991K(2027264K), 0.0014439 secs] [Times: user=0.00 sys=0.00, real=0.00 secs] 
2024-10-03T01:25:43.949+0300: 5.879: Total time for which application threads were stopped: 0.0017060 seconds, Stopping threads took: 0.0001332 seconds
2024-10-03T01:25:45.765+0300: 7.705: Application time: 1.8257700 seconds
2024-10-03T01:25:45.765+0300: 7.705: [GC (Allocation Failure) 2024-10-03T01:25:45.765+0300: 7.705: [DefNew: 563428K->3775K(629120K), 0.0015925 secs] 567134K->7480K(2027264K), 0.0016950 secs] [Times: user=0.00 sys=0.00, real=0.00 secs] 
2024-10-03T01:25:45.765+0300: 7.707: Total time for which application threads were stopped: 0.0019840 seconds, Stopping threads took: 0.0001692 seconds
2024-10-03T01:25:47.601+0300: 9.538: Application time: 1.8307923 seconds
2024-10-03T01:25:47.601+0300: 9.538: [GC (Allocation Failure) 2024-10-03T01:25:47.601+0300: 9.538: [DefNew: 562693K->4288K(629120K), 0.0016008 secs] 566398K->7993K(2027264K), 0.0016883 secs] [Times: user=0.00 sys=0.00, real=0.00 secs] 
2024-10-03T01:25:47.601+0300: 9.540: Total time for which application threads were stopped: 0.0019507 seconds, Stopping threads took: 0.0001360 seconds
2024-10-03T01:25:48.605+0300: 10.534: Application time: 0.9939353 seconds
2024-10-03T01:25:48.605+0300: 10.534: Total time for which application threads were stopped: 0.0003037 seconds, Stopping threads took: 0.0002169 seconds
2024-10-03T01:25:49.407+0300: 11.347: Application time: 0.8131007 seconds
2024-10-03T01:25:49.407+0300: 11.347: [GC (Allocation Failure) 2024-10-03T01:25:49.407+0300: 11.347: [DefNew: 563203K->4802K(629120K), 0.0021406 secs] 566908K->8507K(2027264K), 0.0022167 secs] [Times: user=0.00 sys=0.00, real=0.00 secs] 
2024-10-03T01:25:49.407+0300: 11.350: Total time for which application threads were stopped: 0.0024962 seconds, Stopping threads took: 0.0001792 seconds
2024-10-03T01:25:51.447+0300: 13.385: Application time: 2.0349451 seconds
2024-10-03T01:25:51.447+0300: 13.385: [GC (Allocation Failure) 2024-10-03T01:25:51.447+0300: 13.385: [DefNew: 563853K->4803K(629120K), 0.0020586 secs] 567558K->8508K(2027264K), 0.0021432 secs] [Times: user=0.00 sys=0.00, real=0.00 secs] 
2024-10-03T01:25:51.447+0300: 13.387: Total time for which application threads were stopped: 0.0024546 seconds, Stopping threads took: 0.0001706 seconds
2024-10-03T01:25:52.451+0300: 14.379: Application time: 0.9924078 seconds
2024-10-03T01:25:52.451+0300: 14.380: Total time for which application threads were stopped: 0.0003272 seconds, Stopping threads took: 0.0002420 seconds
2024-10-03T01:25:53.455+0300: 15.383: Application time: 1.0036769 seconds
2024-10-03T01:25:53.455+0300: 15.384: Total time for which application threads were stopped: 0.0003088 seconds, Stopping threads took: 0.0002053 seconds
2024-10-03T01:25:53.487+0300: 15.424: Application time: 0.0402921 seconds
2024-10-03T01:25:53.487+0300: 15.424: [GC (Allocation Failure) 2024-10-03T01:25:53.487+0300: 15.425: [DefNew: 563571K->5317K(629120K), 0.0019187 secs] 567276K->9022K(2027264K), 0.0020195 secs] [Times: user=0.00 sys=0.00, real=0.00 secs] 
2024-10-03T01:25:53.487+0300: 15.427: Total time for which application threads were stopped: 0.0024290 seconds, Stopping threads took: 0.0002401 seconds
2024-10-03T01:25:54.492+0300: 16.420: Application time: 0.9936858 seconds
2024-10-03T01:25:54.492+0300: 16.420: Total time for which application threads were stopped: 0.0001276 seconds, Stopping threads took: 0.0000697 seconds
2024-10-03T01:25:54.769+0300: 16.702: Application time: 0.2816078 seconds
2024-10-03T01:25:54.769+0300: 16.702: Total time for which application threads were stopped: 0.0004503 seconds, Stopping threads took: 0.0004121 seconds
2024-10-03T01:25:55.794+0300: 17.737: Application time: 1.0342489 seconds
2024-10-03T01:25:55.794+0300: 17.737: [GC (Allocation Failure) 2024-10-03T01:25:55.794+0300: 17.737: [DefNew: 564289K->3786K(629120K), 0.0014302 secs] 567995K->7491K(2027264K), 0.0015387 secs] [Times: user=0.01 sys=0.00, real=0.02 secs] 
2024-10-03T01:25:55.810+0300: 17.738: Total time for which application threads were stopped: 0.0018011 seconds, Stopping threads took: 0.0001458 seconds
2024-10-03T01:25:57.661+0300: 19.593: Application time: 1.8548910 seconds
2024-10-03T01:25:57.661+0300: 19.594: [GC (Allocation Failure) 2024-10-03T01:25:57.661+0300: 19.594: [DefNew: 562684K->4811K(629120K), 0.0014715 secs] 566390K->8516K(2027264K), 0.0015492 secs] [Times: user=0.00 sys=0.00, real=0.00 secs] 
2024-10-03T01:25:57.661+0300: 19.595: Total time for which application threads were stopped: 0.0018110 seconds, Stopping threads took: 0.0001633 seconds
2024-10-03T01:25:59.528+0300: 21.461: Application time: 1.8660028 seconds
2024-10-03T01:25:59.528+0300: 21.461: [GC (Allocation Failure) 2024-10-03T01:25:59.528+0300: 21.462: [DefNew: 563535K->4300K(629120K), 0.0013971 secs] 567240K->8006K(2027264K), 0.0014919 secs] [Times: user=0.00 sys=0.00, real=0.00 secs] 
2024-10-03T01:25:59.528+0300: 21.463: Total time for which application threads were stopped: 0.0018551 seconds, Stopping threads took: 0.0002257 seconds
2024-10-03T01:26:00.533+0300: 22.461: Application time: 0.9984234 seconds
2024-10-03T01:26:00.533+0300: 22.462: Total time for which application threads were stopped: 0.0002912 seconds, Stopping threads took: 0.0001756 seconds
2024-10-03T01:26:01.443+0300: 23.380: Application time: 0.9183961 seconds
2024-10-03T01:26:01.443+0300: 23.380: [GC (Allocation Failure) 2024-10-03T01:26:01.443+0300: 23.381: [DefNew: 563442K->4815K(629120K), 0.0014307 secs] 567148K->8520K(2027264K), 0.0015148 secs] [Times: user=0.00 sys=0.00, real=0.00 secs] 
2024-10-03T01:26:01.443+0300: 23.382: Total time for which application threads were stopped: 0.0018918 seconds, Stopping threads took: 0.0002393 seconds
2024-10-03T01:26:03.310+0300: 25.246: Application time: 1.8636554 seconds
2024-10-03T01:26:03.310+0300: 25.246: [GC (Allocation Failure) 2024-10-03T01:26:03.310+0300: 25.246: [DefNew: 563725K->4816K(629120K), 0.0015487 secs] 567431K->8522K(2027264K), 0.0016288 secs] [Times: user=0.00 sys=0.00, real=0.00 secs] 
2024-10-03T01:26:03.310+0300: 25.248: Total time for which application threads were stopped: 0.0018705 seconds, Stopping threads took: 0.0001359 seconds
2024-10-03T01:26:05.189+0300: 27.119: Application time: 1.8712711 seconds
2024-10-03T01:26:05.189+0300: 27.119: [GC (Allocation Failure) 2024-10-03T01:26:05.189+0300: 27.119: [DefNew: 564037K->3793K(629120K), 0.0013851 secs] 567743K->7499K(2027264K), 0.0014818 secs] [Times: user=0.00 sys=0.00, real=0.00 secs] 
2024-10-03T01:26:05.189+0300: 27.121: Total time for which application threads were stopped: 0.0017298 seconds, Stopping threads took: 0.0001210 seconds
2024-10-03T01:26:07.044+0300: 28.979: Application time: 1.8587274 seconds
2024-10-03T01:26:07.044+0300: 28.980: [GC (Allocation Failure) 2024-10-03T01:26:07.044+0300: 28.980: [DefNew: 562967K->4819K(629120K), 0.0014484 secs] 566672K->8524K(2027264K), 0.0015193 secs] [Times: user=0.00 sys=0.00, real=0.00 secs] 
2024-10-03T01:26:07.044+0300: 28.981: Total time for which application threads were stopped: 0.0018006 seconds, Stopping threads took: 0.0001906 seconds
2024-10-03T01:26:08.048+0300: 29.976: Application time: 0.9953488 seconds
2024-10-03T01:26:08.048+0300: 29.977: Total time for which application threads were stopped: 0.0002650 seconds, Stopping threads took: 0.0001782 seconds
2024-10-03T01:26:08.911+0300: 30.849: Application time: 0.8721574 seconds
2024-10-03T01:26:08.911+0300: 30.849: [GC (Allocation Failure) 2024-10-03T01:26:08.911+0300: 30.849: [DefNew: 563955K->3784K(629120K), 0.0012958 secs] 567660K->7502K(2027264K), 0.0013723 secs] [Times: user=0.00 sys=0.00, real=0.00 secs] 
2024-10-03T01:26:08.911+0300: 30.851: Total time for which application threads were stopped: 0.0016622 seconds, Stopping threads took: 0.0001912 seconds
2024-10-03T01:26:10.951+0300: 32.893: Application time: 2.0425303 seconds
2024-10-03T01:26:10.951+0300: 32.893: [GC (Allocation Failure) 2024-10-03T01:26:10.951+0300: 32.893: [DefNew: 562688K->4809K(629120K), 0.0016578 secs] 566405K->8527K(2027264K), 0.0017278 secs] [Times: user=0.01 sys=0.00, real=0.02 secs] 
2024-10-03T01:26:10.966+0300: 32.895: Total time for which application threads were stopped: 0.0019460 seconds, Stopping threads took: 0.0001194 seconds
2024-10-03T01:26:13.006+0300: 34.939: Application time: 2.0437006 seconds
2024-10-03T01:26:13.006+0300: 34.939: [GC (Allocation Failure) 2024-10-03T01:26:13.006+0300: 34.939: [DefNew: 563549K->3785K(629120K), 0.0013241 secs] 567268K->7504K(2027264K), 0.0014019 secs] [Times: user=0.00 sys=0.00, real=0.00 secs] 
2024-10-03T01:26:13.006+0300: 34.940: Total time for which application threads were stopped: 0.0016025 seconds, Stopping threads took: 0.0000817 seconds
2024-10-03T01:26:15.062+0300: 36.992: Application time: 2.0520906 seconds
2024-10-03T01:26:15.062+0300: 36.993: [GC (Allocation Failure) 2024-10-03T01:26:15.062+0300: 36.993: [DefNew: 562689K->4808K(629120K), 0.0015289 secs] 566409K->8530K(2027264K), 0.0016170 secs] [Times: user=0.00 sys=0.00, real=0.00 secs] 
2024-10-03T01:26:15.062+0300: 36.994: Total time for which application threads were stopped: 0.0018966 seconds, Stopping threads took: 0.0001695 seconds
2024-10-03T01:26:17.111+0300: 39.042: Application time: 2.0480140 seconds
2024-10-03T01:26:17.111+0300: 39.043: [GC (Allocation Failure) 2024-10-03T01:26:17.111+0300: 39.043: [DefNew: 563625K->3272K(629120K), 0.0011543 secs] 567346K->6995K(2027264K), 0.0012347 secs] [Times: user=0.00 sys=0.00, real=0.00 secs] 
2024-10-03T01:26:17.111+0300: 39.044: Total time for which application threads were stopped: 0.0014781 seconds, Stopping threads took: 0.0001426 seconds
2024-10-03T01:26:19.158+0300: 41.088: Application time: 2.0443782 seconds
2024-10-03T01:26:19.158+0300: 41.088: [GC (Allocation Failure) 2024-10-03T01:26:19.158+0300: 41.089: [DefNew: 562139K->4808K(629120K), 0.0014182 secs] 565862K->8532K(2027264K), 0.0014973 secs] [Times: user=0.00 sys=0.00, real=0.00 secs] 
2024-10-03T01:26:19.158+0300: 41.090: Total time for which application threads were stopped: 0.0018110 seconds, Stopping threads took: 0.0002014 seconds
2024-10-03T01:26:21.167+0300: 43.096: Application time: 2.0056949 seconds
2024-10-03T01:26:21.167+0300: 43.096: Total time for which application threads were stopped: 0.0002990 seconds, Stopping threads took: 0.0002412 seconds
2024-10-03T01:26:21.199+0300: 43.132: Application time: 0.0359650 seconds
2024-10-03T01:26:21.199+0300: 43.132: [GC (Allocation Failure) 2024-10-03T01:26:21.199+0300: 43.132: [DefNew: 563682K->4296K(629120K), 0.0013596 secs] 567406K->8021K(2027264K), 0.0014326 secs] [Times: user=0.00 sys=0.00, real=0.00 secs] 
2024-10-03T01:26:21.199+0300: 43.134: Total time for which application threads were stopped: 0.0016958 seconds, Stopping threads took: 0.0001697 seconds
2024-10-03T01:26:22.203+0300: 44.131: Application time: 0.9976917 seconds
2024-10-03T01:26:22.203+0300: 44.132: Total time for which application threads were stopped: 0.0002621 seconds, Stopping threads took: 0.0002086 seconds
2024-10-03T01:26:23.207+0300: 45.136: Application time: 1.0041633 seconds
2024-10-03T01:26:23.207+0300: 45.136: Total time for which application threads were stopped: 0.0003025 seconds, Stopping threads took: 0.0001763 seconds
2024-10-03T01:26:23.239+0300: 45.182: Application time: 0.0459497 seconds
2024-10-03T01:26:23.239+0300: 45.182: [GC (Allocation Failure) 2024-10-03T01:26:23.239+0300: 45.182: [DefNew: 563298K->3784K(629120K), 0.0014814 secs] 567023K->7511K(2027264K), 0.0015791 secs] [Times: user=0.01 sys=0.00, real=0.02 secs] 
2024-10-03T01:26:23.255+0300: 45.184: Total time for which application threads were stopped: 0.0019211 seconds, Stopping threads took: 0.0002183 seconds
2024-10-03T01:26:25.325+0300: 47.255: Application time: 2.0707040 seconds
2024-10-03T01:26:25.325+0300: 47.255: [GC (Allocation Failure) 2024-10-03T01:26:25.325+0300: 47.255: [DefNew: 562646K->2751K(629120K), 0.0023699 secs] 566373K->9560K(2027264K), 0.0024347 secs] [Times: user=0.00 sys=0.00, real=0.00 secs] 
2024-10-03T01:26:25.327+0300: 47.257: Total time for which application threads were stopped: 0.0026800 seconds, Stopping threads took: 0.0001425 seconds
2024-10-03T01:26:27.271+0300: 49.214: Application time: 1.9571245 seconds
2024-10-03T01:26:27.287+0300: 49.215: [GC (Allocation Failure) 2024-10-03T01:26:27.287+0300: 49.215: [DefNew: 561725K->2239K(629120K), 0.0012216 secs] 568534K->9049K(2027264K), 0.0012873 secs] [Times: user=0.01 sys=0.00, real=0.00 secs] 
2024-10-03T01:26:27.287+0300: 49.216: Total time for which application threads were stopped: 0.0018085 seconds, Stopping threads took: 0.0003916 seconds
2024-10-03T01:26:29.234+0300: 51.167: Application time: 1.9508166 seconds
2024-10-03T01:26:29.234+0300: 51.167: [GC (Allocation Failure) 2024-10-03T01:26:29.234+0300: 51.167: [DefNew: 561118K->1727K(629120K), 0.0010144 secs] 567929K->8538K(2027264K), 0.0011633 secs] [Times: user=0.01 sys=0.00, real=0.00 secs] 
2024-10-03T01:26:29.234+0300: 51.169: Total time for which application threads were stopped: 0.0014150 seconds, Stopping threads took: 0.0001222 seconds
2024-10-03T01:26:31.211+0300: 53.145: Application time: 1.9767810 seconds
2024-10-03T01:26:31.211+0300: 53.146: [GC (Allocation Failure) 2024-10-03T01:26:31.211+0300: 53.146: [DefNew: 560649K->2237K(629120K), 0.0017649 secs] 567460K->9051K(2027264K), 0.0018748 secs] [Times: user=0.00 sys=0.00, real=0.00 secs] 
2024-10-03T01:26:31.211+0300: 53.148: Total time for which application threads were stopped: 0.0021710 seconds, Stopping threads took: 0.0001438 seconds
2024-10-03T01:26:33.173+0300: 55.104: Application time: 1.9569269 seconds
2024-10-03T01:26:33.173+0300: 55.105: [GC (Allocation Failure) 2024-10-03T01:26:33.173+0300: 55.105: [DefNew: 561154K->1725K(629120K), 0.0014677 secs] 567969K->8541K(2027264K), 0.0015935 secs] [Times: user=0.00 sys=0.00, real=0.00 secs] 
2024-10-03T01:26:33.173+0300: 55.106: Total time for which application threads were stopped: 0.0019008 seconds, Stopping threads took: 0.0001740 seconds
2024-10-03T01:26:35.557+0300: 57.499: Application time: 2.3928395 seconds
2024-10-03T01:26:35.557+0300: 57.499: [GC (Allocation Failure) 2024-10-03T01:26:35.557+0300: 57.499: [DefNew: 560775K->1213K(629120K), 0.0014084 secs] 567591K->8030K(2027264K), 0.0014761 secs] [Times: user=0.00 sys=0.00, real=0.00 secs] 
2024-10-03T01:26:35.557+0300: 57.501: Total time for which application threads were stopped: 0.0016961 seconds, Stopping threads took: 0.0001296 seconds
2024-10-03T01:26:37.565+0300: 59.494: Application time: 1.9928503 seconds
2024-10-03T01:26:37.565+0300: 59.494: [GC (Allocation Failure) 2024-10-03T01:26:37.565+0300: 59.494: [DefNew: 560416K->2236K(629120K), 0.0013285 secs] 567233K->9055K(2027264K), 0.0013994 secs] [Times: user=0.00 sys=0.00, real=0.00 secs] 
2024-10-03T01:26:37.565+0300: 59.495: Total time for which application threads were stopped: 0.0017505 seconds, Stopping threads took: 0.0002414 seconds
2024-10-03T01:26:39.511+0300: 61.449: Application time: 1.9533297 seconds
2024-10-03T01:26:39.511+0300: 61.449: [GC (Allocation Failure) 2024-10-03T01:26:39.511+0300: 61.449: [DefNew: 561391K->1724K(629120K), 0.0017920 secs] 568209K->8544K(2027264K), 0.0019165 secs] [Times: user=0.00 sys=0.00, real=0.00 secs] 
2024-10-03T01:26:39.511+0300: 61.451: Total time for which application threads were stopped: 0.0022169 seconds, Stopping threads took: 0.0001648 seconds
2024-10-03T01:26:40.516+0300: 62.444: Application time: 0.9930708 seconds
2024-10-03T01:26:40.516+0300: 62.444: Total time for which application threads were stopped: 0.0003155 seconds, Stopping threads took: 0.0002668 seconds
2024-10-03T01:26:41.473+0300: 63.409: Application time: 0.9648601 seconds
2024-10-03T01:26:41.473+0300: 63.410: [GC (Allocation Failure) 2024-10-03T01:26:41.473+0300: 63.410: [DefNew: 560518K->1212K(629120K), 0.0012156 secs] 567338K->8033K(2027264K), 0.0013246 secs] [Times: user=0.00 sys=0.00, real=0.00 secs] 
2024-10-03T01:26:41.473+0300: 63.411: Total time for which application threads were stopped: 0.0016634 seconds, Stopping threads took: 0.0002135 seconds
2024-10-03T01:26:43.419+0300: 65.360: Application time: 1.9487623 seconds
2024-10-03T01:26:43.419+0300: 65.360: [GC (Allocation Failure) 2024-10-03T01:26:43.419+0300: 65.360: [DefNew: 560021K->2236K(629120K), 0.0018076 secs] 566843K->9059K(2027264K), 0.0019598 secs] [Times: user=0.00 sys=0.00, real=0.00 secs] 
2024-10-03T01:26:43.419+0300: 65.362: Total time for which application threads were stopped: 0.0022663 seconds, Stopping threads took: 0.0001381 seconds
2024-10-03T01:26:45.379+0300: 67.318: Application time: 1.9556463 seconds
2024-10-03T01:26:45.379+0300: 67.318: [GC (Allocation Failure) 2024-10-03T01:26:45.379+0300: 67.318: [DefNew: 561376K->2236K(629120K), 0.0009414 secs] 568199K->9060K(2027264K), 0.0010252 secs] [Times: user=0.00 sys=0.00, real=0.00 secs] 
2024-10-03T01:26:45.379+0300: 67.319: Total time for which application threads were stopped: 0.0012695 seconds, Stopping threads took: 0.0001129 seconds
2024-10-03T01:26:47.341+0300: 69.271: Application time: 1.9521937 seconds
2024-10-03T01:26:47.341+0300: 69.271: [GC (Allocation Failure) 2024-10-03T01:26:47.341+0300: 69.271: [DefNew: 561397K->1724K(629120K), 0.0009037 secs] 568221K->8549K(2027264K), 0.0009929 secs] [Times: user=0.00 sys=0.00, real=0.00 secs] 
2024-10-03T01:26:47.341+0300: 69.272: Total time for which application threads were stopped: 0.0012706 seconds, Stopping threads took: 0.0001764 seconds
2024-10-03T01:26:49.286+0300: 71.220: Application time: 1.9474025 seconds
2024-10-03T01:26:49.286+0300: 71.220: [GC (Allocation Failure) 2024-10-03T01:26:49.286+0300: 71.220: [DefNew: 560956K->2236K(629120K), 0.0009994 secs] 567781K->9062K(2027264K), 0.0010951 secs] [Times: user=0.00 sys=0.00, real=0.00 secs] 
2024-10-03T01:26:49.286+0300: 71.221: Total time for which application threads were stopped: 0.0012848 seconds, Stopping threads took: 0.0000742 seconds
2024-10-03T01:26:51.232+0300: 73.176: Application time: 1.9551333 seconds
2024-10-03T01:26:51.248+0300: 73.177: [GC (Allocation Failure) 2024-10-03T01:26:51.248+0300: 73.177: [DefNew: 561397K->700K(629120K), 0.0006830 secs] 568223K->7527K(2027264K), 0.0007528 secs] [Times: user=0.00 sys=0.00, real=0.00 secs] 
2024-10-03T01:26:51.248+0300: 73.177: Total time for which application threads were stopped: 0.0012877 seconds, Stopping threads took: 0.0003906 seconds
2024-10-03T01:26:53.194+0300: 75.127: Application time: 1.9498547 seconds
2024-10-03T01:26:53.194+0300: 75.128: [GC (Allocation Failure) 2024-10-03T01:26:53.194+0300: 75.128: [DefNew: 559513K->1212K(629120K), 0.0007209 secs] 566341K->8041K(2027264K), 0.0007814 secs] [Times: user=0.00 sys=0.00, real=0.00 secs] 
2024-10-03T01:26:53.194+0300: 75.128: Total time for which application threads were stopped: 0.0010476 seconds, Stopping threads took: 0.0001712 seconds
2024-10-03T01:26:55.141+0300: 77.080: Application time: 1.9515279 seconds
2024-10-03T01:26:55.141+0300: 77.080: [GC (Allocation Failure) 2024-10-03T01:26:55.141+0300: 77.080: [DefNew: 560343K->2748K(629120K), 0.0013685 secs] 567171K->9578K(2027264K), 0.0014558 secs] [Times: user=0.00 sys=0.00, real=0.00 secs] 
2024-10-03T01:26:55.141+0300: 77.082: Total time for which application threads were stopped: 0.0017827 seconds, Stopping threads took: 0.0001990 seconds
2024-10-03T01:26:57.103+0300: 79.035: Application time: 1.9529946 seconds
2024-10-03T01:26:57.103+0300: 79.035: [GC (Allocation Failure) 2024-10-03T01:26:57.103+0300: 79.035: [DefNew: 561892K->2748K(629120K), 0.0010111 secs] 568722K->9579K(2027264K), 0.0010852 secs] [Times: user=0.00 sys=0.00, real=0.00 secs] 
2024-10-03T01:26:57.103+0300: 79.036: Total time for which application threads were stopped: 0.0013773 seconds, Stopping threads took: 0.0001969 seconds
2024-10-03T01:26:59.049+0300: 80.992: Application time: 1.9557465 seconds
2024-10-03T01:26:59.049+0300: 80.992: [GC (Allocation Failure) 2024-10-03T01:26:59.049+0300: 80.992: [DefNew: 561891K->188K(629120K), 0.0011240 secs] 568722K->7020K(2027264K), 0.0011982 secs] [Times: user=0.02 sys=0.00, real=0.01 secs] 
2024-10-03T01:26:59.064+0300: 80.993: Total time for which application threads were stopped: 0.0014645 seconds, Stopping threads took: 0.0001751 seconds
2024-10-03T01:27:01.010+0300: 82.952: Application time: 1.9591147 seconds
2024-10-03T01:27:01.010+0300: 82.953: [GC (Allocation Failure) 2024-10-03T01:27:01.010+0300: 82.953: [DefNew: 559330K->700K(629120K), 0.0006451 secs] 566162K->7533K(2027264K), 0.0007019 secs] [Times: user=0.00 sys=0.00, real=0.00 secs] 
2024-10-03T01:27:01.010+0300: 82.953: Total time for which application threads were stopped: 0.0009751 seconds, Stopping threads took: 0.0001750 seconds
2024-10-03T01:27:02.971+0300: 84.903: Application time: 1.9496692 seconds
2024-10-03T01:27:02.971+0300: 84.903: [GC (Allocation Failure) 2024-10-03T01:27:02.971+0300: 84.903: [DefNew: 559504K->700K(629120K), 0.0006177 secs] 566337K->7534K(2027264K), 0.0006829 secs] [Times: user=0.02 sys=0.00, real=0.00 secs] 
2024-10-03T01:27:02.971+0300: 84.904: Total time for which application threads were stopped: 0.0009544 seconds, Stopping threads took: 0.0001844 seconds
2024-10-03T01:27:04.917+0300: 86.853: Application time: 1.9493119 seconds
2024-10-03T01:27:04.917+0300: 86.854: [GC (Allocation Failure) 2024-10-03T01:27:04.917+0300: 86.854: [DefNew: 559932K->1212K(629120K), 0.0007044 secs] 566766K->8048K(2027264K), 0.0007587 secs] [Times: user=0.00 sys=0.00, real=0.00 secs] 
2024-10-03T01:27:04.917+0300: 86.854: Total time for which application threads were stopped: 0.0010317 seconds, Stopping threads took: 0.0001880 seconds
2024-10-03T01:27:06.878+0300: 88.809: Application time: 1.9541557 seconds
2024-10-03T01:27:06.878+0300: 88.809: [GC (Allocation Failure) 2024-10-03T01:27:06.878+0300: 88.809: [DefNew: 560029K->1212K(629120K), 0.0007474 secs] 566865K->8049K(2027264K), 0.0008383 secs] [Times: user=0.00 sys=0.00, real=0.00 secs] 
2024-10-03T01:27:06.878+0300: 88.810: Total time for which application threads were stopped: 0.0012165 seconds, Stopping threads took: 0.0002451 seconds
2024-10-03T01:27:07.882+0300: 89.811: Application time: 1.0008986 seconds
2024-10-03T01:27:07.882+0300: 89.811: Total time for which application threads were stopped: 0.0002808 seconds, Stopping threads took: 0.0002267 seconds
2024-10-03T01:27:08.824+0300: 90.763: Application time: 0.9518866 seconds
2024-10-03T01:27:08.824+0300: 90.763: [GC (Allocation Failure) 2024-10-03T01:27:08.824+0300: 90.763: [DefNew: 560338K->1212K(629120K), 0.0007808 secs] 567175K->8050K(2027264K), 0.0008495 secs] [Times: user=0.00 sys=0.00, real=0.00 secs] 
2024-10-03T01:27:08.824+0300: 90.764: Total time for which application threads were stopped: 0.0010430 seconds, Stopping threads took: 0.0000861 seconds
2024-10-03T01:27:10.785+0300: 92.718: Application time: 1.9539339 seconds
2024-10-03T01:27:10.785+0300: 92.718: [GC (Allocation Failure) 2024-10-03T01:27:10.785+0300: 92.718: [DefNew: 560349K->1724K(629120K), 0.0008642 secs] 567187K->8563K(2027264K), 0.0009581 secs] [Times: user=0.00 sys=0.00, real=0.00 secs] 
2024-10-03T01:27:10.785+0300: 92.719: Total time for which application threads were stopped: 0.0012304 seconds, Stopping threads took: 0.0001296 seconds
2024-10-03T01:27:12.746+0300: 94.682: Application time: 1.9628334 seconds
2024-10-03T01:27:12.746+0300: 94.682: [GC (Allocation Failure) 2024-10-03T01:27:12.746+0300: 94.682: [DefNew: 560871K->1724K(629120K), 0.0009004 secs] 567710K->8564K(2027264K), 0.0009677 secs] [Times: user=0.00 sys=0.00, real=0.00 secs] 
2024-10-03T01:27:12.746+0300: 94.683: Total time for which application threads were stopped: 0.0012611 seconds, Stopping threads took: 0.0001924 seconds
2024-10-03T01:27:14.691+0300: 96.635: Application time: 1.9515676 seconds
2024-10-03T01:27:14.691+0300: 96.635: [GC (Allocation Failure) 2024-10-03T01:27:14.691+0300: 96.635: [DefNew: 560856K->2236K(629120K), 0.0011398 secs] 567697K->9078K(2027264K), 0.0012642 secs] [Times: user=0.02 sys=0.00, real=0.02 secs] 
2024-10-03T01:27:14.707+0300: 96.636: Total time for which application threads were stopped: 0.0015521 seconds, Stopping threads took: 0.0001331 seconds
2024-10-03T01:27:16.654+0300: 98.592: Application time: 1.9557140 seconds
2024-10-03T01:27:16.654+0300: 98.592: [GC (Allocation Failure) 2024-10-03T01:27:16.654+0300: 98.592: [DefNew: 561376K->700K(629120K), 0.0006460 secs] 568218K->7543K(2027264K), 0.0007280 secs] [Times: user=0.00 sys=0.00, real=0.00 secs] 
2024-10-03T01:27:16.654+0300: 98.593: Total time for which application threads were stopped: 0.0009501 seconds, Stopping threads took: 0.0001303 seconds
2024-10-03T01:27:18.615+0300: 100.544: Application time: 1.9506870 seconds
2024-10-03T01:27:18.615+0300: 100.544: [GC (Allocation Failure) 2024-10-03T01:27:18.615+0300: 100.544: [DefNew: 559849K->2236K(629120K), 0.0009190 secs] 566692K->9080K(2027264K), 0.0009989 secs] [Times: user=0.00 sys=0.00, real=0.00 secs] 
2024-10-03T01:27:18.615+0300: 100.545: Total time for which application threads were stopped: 0.0013126 seconds, Stopping threads took: 0.0002172 seconds
2024-10-03T01:27:20.561+0300: 102.498: Application time: 1.9535112 seconds
2024-10-03T01:27:20.561+0300: 102.499: [GC (Allocation Failure) 2024-10-03T01:27:20.561+0300: 102.499: [DefNew: 561377K->700K(629120K), 0.0006173 secs] 568221K->7545K(2027264K), 0.0006712 secs] [Times: user=0.00 sys=0.00, real=0.00 secs] 
2024-10-03T01:27:20.561+0300: 102.499: Total time for which application threads were stopped: 0.0009322 seconds, Stopping threads took: 0.0001677 seconds
2024-10-03T01:27:21.565+0300: 103.494: Application time: 0.9941911 seconds
2024-10-03T01:27:21.565+0300: 103.494: Total time for which application threads were stopped: 0.0003169 seconds, Stopping threads took: 0.0002381 seconds
2024-10-03T01:27:22.506+0300: 104.449: Application time: 0.9555506 seconds
2024-10-03T01:27:22.506+0300: 104.450: [GC (Allocation Failure) 2024-10-03T01:27:22.506+0300: 104.450: [DefNew: 559846K->700K(629120K), 0.0007252 secs] 566692K->7547K(2027264K), 0.0008037 secs] [Times: user=0.00 sys=0.00, real=0.02 secs] 
2024-10-03T01:27:22.522+0300: 104.451: Total time for which application threads were stopped: 0.0010534 seconds, Stopping threads took: 0.0001434 seconds
2024-10-03T01:27:24.468+0300: 106.402: Application time: 1.9515243 seconds
2024-10-03T01:27:24.468+0300: 106.402: [GC (Allocation Failure) 2024-10-03T01:27:24.468+0300: 106.402: [DefNew: 559835K->1724K(629120K), 0.0008958 secs] 566682K->8572K(2027264K), 0.0009725 secs] [Times: user=0.00 sys=0.00, real=0.00 secs] 
2024-10-03T01:27:24.468+0300: 106.403: Total time for which application threads were stopped: 0.0013626 seconds, Stopping threads took: 0.0002665 seconds
2024-10-03T01:27:26.414+0300: 108.358: Application time: 1.9544146 seconds
2024-10-03T01:27:26.414+0300: 108.358: [GC (Allocation Failure) 2024-10-03T01:27:26.414+0300: 108.358: [DefNew: 560870K->2236K(629120K), 0.0011530 secs] 567718K->9085K(2027264K), 0.0012438 secs] [Times: user=0.02 sys=0.00, real=0.02 secs] 
2024-10-03T01:27:26.430+0300: 108.359: Total time for which application threads were stopped: 0.0016225 seconds, Stopping threads took: 0.0002373 seconds
2024-10-03T01:27:28.377+0300: 110.310: Application time: 1.9502582 seconds
2024-10-03T01:27:28.377+0300: 110.310: [GC (Allocation Failure) 2024-10-03T01:27:28.377+0300: 110.310: [DefNew: 561325K->1724K(629120K), 0.0008258 secs] 568174K->8574K(2027264K), 0.0009100 secs] [Times: user=0.00 sys=0.00, real=0.00 secs] 
2024-10-03T01:27:28.377+0300: 110.311: Total time for which application threads were stopped: 0.0013037 seconds, Stopping threads took: 0.0002401 seconds
2024-10-03T01:27:30.322+0300: 112.266: Application time: 1.9545289 seconds
2024-10-03T01:27:30.322+0300: 112.266: [GC (Allocation Failure) 2024-10-03T01:27:30.322+0300: 112.266: [DefNew: 560865K->700K(629120K), 0.0008021 secs] 567715K->7551K(2027264K), 0.0008755 secs] [Times: user=0.00 sys=0.00, real=0.02 secs] 
2024-10-03T01:27:30.338+0300: 112.267: Total time for which application threads were stopped: 0.0011018 seconds, Stopping threads took: 0.0001178 seconds
2024-10-03T01:27:32.283+0300: 114.226: Application time: 1.9593256 seconds
2024-10-03T01:27:32.283+0300: 114.226: [GC (Allocation Failure) 2024-10-03T01:27:32.283+0300: 114.226: [DefNew: 559830K->1724K(629120K), 0.0008865 secs] 566682K->8577K(2027264K), 0.0009611 secs] [Times: user=0.00 sys=0.00, real=0.00 secs] 
2024-10-03T01:27:32.283+0300: 114.227: Total time for which application threads were stopped: 0.0012367 seconds, Stopping threads took: 0.0001691 seconds
2024-10-03T01:27:34.261+0300: 116.203: Application time: 1.9754260 seconds
2024-10-03T01:27:34.261+0300: 116.203: [GC (Allocation Failure) 2024-10-03T01:27:34.261+0300: 116.203: [DefNew: 560856K->188K(629120K), 0.0006716 secs] 567709K->7042K(2027264K), 0.0008578 secs] [Times: user=0.00 sys=0.00, real=0.00 secs] 
2024-10-03T01:27:34.261+0300: 116.204: Total time for which application threads were stopped: 0.0012232 seconds, Stopping threads took: 0.0002368 seconds
2024-10-03T01:27:36.221+0300: 118.157: Application time: 1.9533559 seconds
2024-10-03T01:27:36.221+0300: 118.157: [GC (Allocation Failure) 2024-10-03T01:27:36.221+0300: 118.157: [DefNew: 558999K->2748K(629120K), 0.0013634 secs] 565852K->9603K(2027264K), 0.0014254 secs] [Times: user=0.00 sys=0.00, real=0.00 secs] 
2024-10-03T01:27:36.221+0300: 118.159: Total time for which application threads were stopped: 0.0016987 seconds, Stopping threads took: 0.0001715 seconds
2024-10-03T01:27:38.167+0300: 120.111: Application time: 1.9516409 seconds
2024-10-03T01:27:38.182+0300: 120.111: [GC (Allocation Failure) 2024-10-03T01:27:38.182+0300: 120.111: [DefNew: 561880K->700K(629120K), 0.0007408 secs] 568735K->7556K(2027264K), 0.0008212 secs] [Times: user=0.00 sys=0.00, real=0.00 secs] 
2024-10-03T01:27:38.182+0300: 120.112: Total time for which application threads were stopped: 0.0014444 seconds, Stopping threads took: 0.0004740 seconds
2024-10-03T01:27:40.127+0300: 122.056: Application time: 1.9442991 seconds
2024-10-03T01:27:40.127+0300: 122.057: [GC (Allocation Failure) 2024-10-03T01:27:40.127+0300: 122.057: [DefNew: 559852K->2236K(629120K), 0.0013358 secs] 566708K->9093K(2027264K), 0.0014244 secs] [Times: user=0.00 sys=0.00, real=0.00 secs] 
2024-10-03T01:27:40.127+0300: 122.058: Total time for which application threads were stopped: 0.0017848 seconds, Stopping threads took: 0.0002426 seconds
2024-10-03T01:27:42.073+0300: 124.016: Application time: 1.9577871 seconds
2024-10-03T01:27:42.073+0300: 124.016: [GC (Allocation Failure) 2024-10-03T01:27:42.073+0300: 124.016: [DefNew: 561376K->2236K(629120K), 0.0012620 secs] 568233K->9095K(2027264K), 0.0013602 secs] [Times: user=0.02 sys=0.00, real=0.02 secs] 
2024-10-03T01:27:42.089+0300: 124.018: Total time for which application threads were stopped: 0.0016621 seconds, Stopping threads took: 0.0001071 seconds
2024-10-03T01:27:44.020+0300: 125.962: Application time: 1.9449413 seconds
2024-10-03T01:27:44.020+0300: 125.963: [GC (Allocation Failure) 2024-10-03T01:27:44.020+0300: 125.963: [DefNew: 561381K->1212K(629120K), 0.0008358 secs] 568240K->8072K(2027264K), 0.0009191 secs] [Times: user=0.00 sys=0.00, real=0.00 secs] 
2024-10-03T01:27:44.020+0300: 125.964: Total time for which application threads were stopped: 0.0011779 seconds, Stopping threads took: 0.0001551 seconds
2024-10-03T01:27:45.966+0300: 127.901: Application time: 1.9376956 seconds
2024-10-03T01:27:45.966+0300: 127.902: [GC (Allocation Failure) 2024-10-03T01:27:45.966+0300: 127.902: [DefNew: 560350K->188K(629120K), 0.0007352 secs] 567210K->7049K(2027264K), 0.0008111 secs] [Times: user=0.00 sys=0.00, real=0.00 secs] 
2024-10-03T01:27:45.966+0300: 127.903: Total time for which application threads were stopped: 0.0011483 seconds, Stopping threads took: 0.0002251 seconds
2024-10-03T01:27:47.911+0300: 129.849: Application time: 1.9460010 seconds
2024-10-03T01:27:47.911+0300: 129.849: [GC (Allocation Failure) 2024-10-03T01:27:47.911+0300: 129.849: [DefNew: 559313K->1212K(629120K), 0.0011126 secs] 566174K->8074K(2027264K), 0.0012214 secs] [Times: user=0.00 sys=0.00, real=0.00 secs] 
2024-10-03T01:27:47.911+0300: 129.850: Total time for which application threads were stopped: 0.0014579 seconds, Stopping threads took: 0.0001009 seconds
2024-10-03T01:27:49.856+0300: 131.793: Application time: 1.9426729 seconds
2024-10-03T01:27:49.856+0300: 131.793: [GC (Allocation Failure) 2024-10-03T01:27:49.856+0300: 131.793: [DefNew: 560350K->1212K(629120K), 0.0009938 secs] 567213K->8075K(2027264K), 0.0010787 secs] [Times: user=0.00 sys=0.00, real=0.00 secs] 
2024-10-03T01:27:49.856+0300: 131.794: Total time for which application threads were stopped: 0.0014927 seconds, Stopping threads took: 0.0002722 seconds
2024-10-03T01:27:51.802+0300: 133.736: Application time: 1.9415071 seconds
2024-10-03T01:27:51.802+0300: 133.736: [GC (Allocation Failure) 2024-10-03T01:27:51.802+0300: 133.736: [DefNew: 560350K->2236K(629120K), 0.0010502 secs] 567213K->9101K(2027264K), 0.0012180 secs] [Times: user=0.00 sys=0.00, real=0.00 secs] 
2024-10-03T01:27:51.802+0300: 133.737: Total time for which application threads were stopped: 0.0015504 seconds, Stopping threads took: 0.0002142 seconds
2024-10-03T01:27:53.794+0300: 135.732: Application time: 1.9947268 seconds
2024-10-03T01:27:53.794+0300: 135.732: [GC (Allocation Failure) 2024-10-03T01:27:53.794+0300: 135.732: [DefNew: 561371K->188K(629120K), 0.0007771 secs] 568236K->7054K(2027264K), 0.0008547 secs] [Times: user=0.00 sys=0.00, real=0.00 secs] 
2024-10-03T01:27:53.794+0300: 135.733: Total time for which application threads were stopped: 0.0011489 seconds, Stopping threads took: 0.0002016 seconds
2024-10-03T01:27:55.740+0300: 137.679: Application time: 1.9458106 seconds
2024-10-03T01:27:55.740+0300: 137.679: [GC (Allocation Failure) 2024-10-03T01:27:55.740+0300: 137.679: [DefNew: 559319K->2236K(629120K), 0.0011320 secs] 566185K->9103K(2027264K), 0.0012112 secs] [Times: user=0.00 sys=0.00, real=0.00 secs] 
2024-10-03T01:27:55.740+0300: 137.680: Total time for which application threads were stopped: 0.0014564 seconds, Stopping threads took: 0.0001390 seconds
2024-10-03T01:27:57.685+0300: 139.623: Application time: 1.9428166 seconds
2024-10-03T01:27:57.685+0300: 139.624: [GC (Allocation Failure) 2024-10-03T01:27:57.685+0300: 139.624: [DefNew: 561357K->700K(629120K), 0.0007010 secs] 568224K->7568K(2027264K), 0.0007609 secs] [Times: user=0.00 sys=0.00, real=0.00 secs] 
2024-10-03T01:27:57.685+0300: 139.624: Total time for which application threads were stopped: 0.0011291 seconds, Stopping threads took: 0.0002436 seconds
2024-10-03T01:27:59.630+0300: 141.562: Application time: 1.9379159 seconds
2024-10-03T01:27:59.630+0300: 141.563: [GC (Allocation Failure) 2024-10-03T01:27:59.630+0300: 141.563: [DefNew: 559843K->2236K(629120K), 0.0009810 secs] 566712K->9105K(2027264K), 0.0010765 secs] [Times: user=0.00 sys=0.00, real=0.00 secs] 
2024-10-03T01:27:59.630+0300: 141.564: Total time for which application threads were stopped: 0.0013736 seconds, Stopping threads took: 0.0001521 seconds
2024-10-03T01:28:01.576+0300: 143.511: Application time: 1.9475471 seconds
2024-10-03T01:28:01.576+0300: 143.511: [GC (Allocation Failure) 2024-10-03T01:28:01.576+0300: 143.512: [DefNew: 561364K->1724K(629120K), 0.0009745 secs] 568234K->8595K(2027264K), 0.0010583 secs] [Times: user=0.00 sys=0.00, real=0.00 secs] 
2024-10-03T01:28:01.576+0300: 143.513: Total time for which application threads were stopped: 0.0013844 seconds, Stopping threads took: 0.0002127 seconds
2024-10-03T01:28:03.522+0300: 145.452: Application time: 1.9394980 seconds
2024-10-03T01:28:03.522+0300: 145.452: [GC (Allocation Failure) 2024-10-03T01:28:03.522+0300: 145.452: [DefNew: 560858K->188K(629120K), 0.0006657 secs] 567729K->7060K(2027264K), 0.0007383 secs] [Times: user=0.00 sys=0.00, real=0.00 secs] 
2024-10-03T01:28:03.522+0300: 145.453: Total time for which application threads were stopped: 0.0011424 seconds, Stopping threads took: 0.0003018 seconds
2024-10-03T01:28:05.451+0300: 147.391: Application time: 1.9379114 seconds
2024-10-03T01:28:05.451+0300: 147.391: [GC (Allocation Failure) 2024-10-03T01:28:05.451+0300: 147.391: [DefNew: 559326K->700K(629120K), 0.0006959 secs] 566198K->7573K(2027264K), 0.0007633 secs] [Times: user=0.00 sys=0.00, real=0.00 secs] 
2024-10-03T01:28:05.451+0300: 147.392: Total time for which application threads were stopped: 0.0010417 seconds, Stopping threads took: 0.0001685 seconds
2024-10-03T01:28:07.397+0300: 149.332: Application time: 1.9395772 seconds
2024-10-03T01:28:07.397+0300: 149.332: [GC (Allocation Failure) 2024-10-03T01:28:07.397+0300: 149.332: [DefNew: 559831K->1212K(629120K), 0.0007184 secs] 566704K->8086K(2027264K), 0.0007807 secs] [Times: user=0.00 sys=0.00, real=0.00 secs] 
2024-10-03T01:28:07.397+0300: 149.333: Total time for which application threads were stopped: 0.0010224 seconds, Stopping threads took: 0.0001493 seconds
2024-10-03T01:28:09.343+0300: 151.278: Application time: 1.9448302 seconds
2024-10-03T01:28:09.343+0300: 151.278: [GC (Allocation Failure) 2024-10-03T01:28:09.343+0300: 151.278: [DefNew: 560349K->700K(629120K), 0.0007844 secs] 567223K->7575K(2027264K), 0.0008568 secs] [Times: user=0.00 sys=0.00, real=0.00 secs] 
2024-10-03T01:28:09.343+0300: 151.279: Total time for which application threads were stopped: 0.0010922 seconds, Stopping threads took: 0.0001341 seconds
2024-10-03T01:28:11.273+0300: 153.213: Application time: 1.9340746 seconds
2024-10-03T01:28:11.273+0300: 153.213: [GC (Allocation Failure) 2024-10-03T01:28:11.273+0300: 153.213: [DefNew: 559853K->1212K(629120K), 0.0007494 secs] 566729K->8088K(2027264K), 0.0008115 secs] [Times: user=0.00 sys=0.00, real=0.00 secs] 
2024-10-03T01:28:11.273+0300: 153.214: Total time for which application threads were stopped: 0.0010908 seconds, Stopping threads took: 0.0001917 seconds
2024-10-03T01:28:13.219+0300: 155.152: Application time: 1.9381442 seconds
2024-10-03T01:28:13.219+0300: 155.152: [GC (Allocation Failure) 2024-10-03T01:28:13.219+0300: 155.152: [DefNew: 560354K->2236K(629120K), 0.0017371 secs] 567230K->9114K(2027264K), 0.0018144 secs] [Times: user=0.00 sys=0.00, real=0.00 secs] 
2024-10-03T01:28:13.219+0300: 155.154: Total time for which application threads were stopped: 0.0021366 seconds, Stopping threads took: 0.0002190 seconds
2024-10-03T01:28:15.166+0300: 157.098: Application time: 1.9438927 seconds
2024-10-03T01:28:15.166+0300: 157.098: [GC (Allocation Failure) 2024-10-03T01:28:15.166+0300: 157.098: [DefNew: 561468K->1724K(629120K), 0.0009012 secs] 568346K->8603K(2027264K), 0.0009726 secs] [Times: user=0.00 sys=0.00, real=0.00 secs] 
2024-10-03T01:28:15.166+0300: 157.099: Total time for which application threads were stopped: 0.0011965 seconds, Stopping threads took: 0.0000959 seconds
2024-10-03T01:28:17.112+0300: 159.043: Application time: 1.9436874 seconds
2024-10-03T01:28:17.112+0300: 159.043: [GC (Allocation Failure) 2024-10-03T01:28:17.112+0300: 159.043: [DefNew: 560874K->2236K(629120K), 0.0010799 secs] 567753K->9116K(2027264K), 0.0011878 secs] [Times: user=0.00 sys=0.00, real=0.00 secs] 
2024-10-03T01:28:17.112+0300: 159.044: Total time for which application threads were stopped: 0.0014955 seconds, Stopping threads took: 0.0002040 seconds
2024-10-03T01:28:19.058+0300: 160.990: Application time: 1.9453079 seconds
2024-10-03T01:28:19.058+0300: 160.990: [GC (Allocation Failure) 2024-10-03T01:28:19.058+0300: 160.990: [DefNew: 561372K->188K(629120K), 0.0005026 secs] 568252K->7069K(2027264K), 0.0005552 secs] [Times: user=0.00 sys=0.00, real=0.00 secs] 
2024-10-03T01:28:19.058+0300: 160.991: Total time for which application threads were stopped: 0.0007898 seconds, Stopping threads took: 0.0001536 seconds
2024-10-03T01:28:20.987+0300: 162.925: Application time: 1.9349052 seconds
2024-10-03T01:28:20.987+0300: 162.926: [GC (Allocation Failure) 2024-10-03T01:28:20.987+0300: 162.926: [DefNew: 559326K->1724K(629120K), 0.0008121 secs] 566208K->8607K(2027264K), 0.0008796 secs] [Times: user=0.00 sys=0.00, real=0.00 secs] 
2024-10-03T01:28:20.987+0300: 162.927: Total time for which application threads were stopped: 0.0011457 seconds, Stopping threads took: 0.0001629 seconds
2024-10-03T01:28:21.992+0300: 163.920: Application time: 0.9938200 seconds
2024-10-03T01:28:21.992+0300: 163.921: Total time for which application threads were stopped: 0.0002805 seconds, Stopping threads took: 0.0002247 seconds
2024-10-03T01:28:22.934+0300: 164.863: Application time: 0.9422976 seconds
2024-10-03T01:28:22.934+0300: 164.863: [GC (Allocation Failure) 2024-10-03T01:28:22.934+0300: 164.863: [DefNew: 560851K->2748K(629120K), 0.0010082 secs] 567734K->9632K(2027264K), 0.0010909 secs] [Times: user=0.00 sys=0.00, real=0.00 secs] 
2024-10-03T01:28:22.934+0300: 164.864: Total time for which application threads were stopped: 0.0014178 seconds, Stopping threads took: 0.0002176 seconds
2024-10-03T01:28:24.865+0300: 166.805: Application time: 1.9405873 seconds
2024-10-03T01:28:24.865+0300: 166.805: [GC (Allocation Failure) 2024-10-03T01:28:24.865+0300: 166.805: [DefNew: 561894K->700K(629120K), 0.0006489 secs] 568778K->7585K(2027264K), 0.0007175 secs] [Times: user=0.00 sys=0.00, real=0.00 secs] 
2024-10-03T01:28:24.865+0300: 166.806: Total time for which application threads were stopped: 0.0009273 seconds, Stopping threads took: 0.0000879 seconds
2024-10-03T01:28:26.810+0300: 168.746: Application time: 1.9400352 seconds
2024-10-03T01:28:26.810+0300: 168.746: [GC (Allocation Failure) 2024-10-03T01:28:26.810+0300: 168.746: [DefNew: 559849K->1212K(629120K), 0.0007988 secs] 566734K->8098K(2027264K), 0.0008524 secs] [Times: user=0.00 sys=0.00, real=0.00 secs] 
2024-10-03T01:28:26.810+0300: 168.747: Total time for which application threads were stopped: 0.0010877 seconds, Stopping threads took: 0.0001411 seconds
2024-10-03T01:28:28.756+0300: 170.687: Application time: 1.9399623 seconds
2024-10-03T01:28:28.756+0300: 170.687: [GC (Allocation Failure) 2024-10-03T01:28:28.756+0300: 170.687: [DefNew: 560338K->188K(629120K), 0.0005462 secs] 567224K->7075K(2027264K), 0.0006111 secs] [Times: user=0.00 sys=0.00, real=0.00 secs] 
2024-10-03T01:28:28.756+0300: 170.688: Total time for which application threads were stopped: 0.0008620 seconds, Stopping threads took: 0.0000971 seconds
2024-10-03T01:28:30.686+0300: 172.624: Application time: 1.9358179 seconds
2024-10-03T01:28:30.686+0300: 172.624: [GC (Allocation Failure) 2024-10-03T01:28:30.686+0300: 172.624: [DefNew: 559326K->1212K(629120K), 0.0007101 secs] 566214K->8101K(2027264K), 0.0007738 secs] [Times: user=0.00 sys=0.00, real=0.00 secs] 
2024-10-03T01:28:30.686+0300: 172.625: Total time for which application threads were stopped: 0.0009903 seconds, Stopping threads took: 0.0001229 seconds
2024-10-03T01:28:32.632+0300: 174.564: Application time: 1.9393191 seconds
2024-10-03T01:28:32.632+0300: 174.564: [GC (Allocation Failure) 2024-10-03T01:28:32.632+0300: 174.564: [DefNew: 560348K->1212K(629120K), 0.0008045 secs] 567237K->8102K(2027264K), 0.0008850 secs] [Times: user=0.00 sys=0.00, real=0.00 secs] 
2024-10-03T01:28:32.632+0300: 174.565: Total time for which application threads were stopped: 0.0012424 seconds, Stopping threads took: 0.0002347 seconds
2024-10-03T01:28:34.567+0300: 176.504: Application time: 1.9388420 seconds
2024-10-03T01:28:34.567+0300: 176.504: [GC (Allocation Failure) 2024-10-03T01:28:34.567+0300: 176.504: [DefNew: 560355K->700K(629120K), 0.0006383 secs] 567245K->7591K(2027264K), 0.0007013 secs] [Times: user=0.00 sys=0.00, real=0.00 secs] 
2024-10-03T01:28:34.567+0300: 176.505: Total time for which application threads were stopped: 0.0009694 seconds, Stopping threads took: 0.0001676 seconds
2024-10-03T01:28:36.509+0300: 178.439: Application time: 1.9335911 seconds
2024-10-03T01:28:36.509+0300: 178.439: [GC (Allocation Failure) 2024-10-03T01:28:36.509+0300: 178.439: [DefNew: 559842K->1724K(629120K), 0.0008076 secs] 566733K->8616K(2027264K), 0.0008788 secs] [Times: user=0.00 sys=0.00, real=0.00 secs] 
2024-10-03T01:28:36.509+0300: 178.440: Total time for which application threads were stopped: 0.0011987 seconds, Stopping threads took: 0.0002274 seconds
2024-10-03T01:28:38.439+0300: 180.381: Application time: 1.9413437 seconds
2024-10-03T01:28:38.439+0300: 180.381: [GC (Allocation Failure) 2024-10-03T01:28:38.439+0300: 180.382: [DefNew: 560858K->2236K(629120K), 0.0009352 secs] 567751K->9129K(2027264K), 0.0010231 secs] [Times: user=0.00 sys=0.00, real=0.00 secs] 
2024-10-03T01:28:38.439+0300: 180.383: Total time for which application threads were stopped: 0.0013144 seconds, Stopping threads took: 0.0001692 seconds
2024-10-03T01:28:40.386+0300: 182.318: Application time: 1.9358720 seconds
2024-10-03T01:28:40.386+0300: 182.319: [GC (Allocation Failure) 2024-10-03T01:28:40.386+0300: 182.319: [DefNew: 561385K->1212K(629120K), 0.0007577 secs] 568279K->8107K(2027264K), 0.0008292 secs] [Times: user=0.00 sys=0.00, real=0.00 secs] 
2024-10-03T01:28:40.386+0300: 182.320: Total time for which application threads were stopped: 0.0011390 seconds, Stopping threads took: 0.0001889 seconds
2024-10-03T01:28:42.315+0300: 184.252: Application time: 1.9320535 seconds
2024-10-03T01:28:42.315+0300: 184.252: [GC (Allocation Failure) 2024-10-03T01:28:42.315+0300: 184.252: [DefNew: 560444K->1724K(629120K), 0.0007847 secs] 567339K->8620K(2027264K), 0.0008591 secs] [Times: user=0.00 sys=0.00, real=0.00 secs] 
2024-10-03T01:28:42.315+0300: 184.253: Total time for which application threads were stopped: 0.0010867 seconds, Stopping threads took: 0.0001302 seconds
2024-10-03T01:28:44.277+0300: 186.211: Application time: 1.9582494 seconds
2024-10-03T01:28:44.277+0300: 186.211: [GC (Allocation Failure) 2024-10-03T01:28:44.277+0300: 186.211: [DefNew: 560857K->700K(629120K), 0.0006520 secs] 567752K->7597K(2027264K), 0.0007104 secs] [Times: user=0.00 sys=0.00, real=0.00 secs] 
2024-10-03T01:28:44.277+0300: 186.212: Total time for which application threads were stopped: 0.0009720 seconds, Stopping threads took: 0.0001216 seconds
2024-10-03T01:28:46.223+0300: 188.156: Application time: 1.9445170 seconds
2024-10-03T01:28:46.223+0300: 188.157: [GC (Allocation Failure) 2024-10-03T01:28:46.223+0300: 188.157: [DefNew: 559822K->1724K(629120K), 0.0008679 secs] 566719K->8622K(2027264K), 0.0009484 secs] [Times: user=0.00 sys=0.00, real=0.00 secs] 
2024-10-03T01:28:46.223+0300: 188.158: Total time for which application threads were stopped: 0.0012077 seconds, Stopping threads took: 0.0001540 seconds
2024-10-03T01:28:48.169+0300: 190.099: Application time: 1.9418134 seconds
2024-10-03T01:28:48.169+0300: 190.100: [GC (Allocation Failure) 2024-10-03T01:28:48.169+0300: 190.100: [DefNew: 560845K->2236K(629120K), 0.0009331 secs] 567743K->9135K(2027264K), 0.0010039 secs] [Times: user=0.00 sys=0.00, real=0.00 secs] 
2024-10-03T01:28:48.169+0300: 190.101: Total time for which application threads were stopped: 0.0013329 seconds, Stopping threads took: 0.0002165 seconds
2024-10-03T01:28:50.114+0300: 192.043: Application time: 1.9417501 seconds
2024-10-03T01:28:50.114+0300: 192.043: [GC (Allocation Failure) 2024-10-03T01:28:50.114+0300: 192.043: [DefNew: 561364K->1212K(629120K), 0.0007816 secs] 568264K->8113K(2027264K), 0.0008516 secs] [Times: user=0.00 sys=0.00, real=0.00 secs] 
2024-10-03T01:28:50.114+0300: 192.044: Total time for which application threads were stopped: 0.0012193 seconds, Stopping threads took: 0.0002471 seconds
2024-10-03T01:28:52.044+0300: 193.986: Application time: 1.9420416 seconds
2024-10-03T01:28:52.044+0300: 193.986: [GC (Allocation Failure) 2024-10-03T01:28:52.044+0300: 193.986: [DefNew: 560355K->2236K(629120K), 0.0010020 secs] 567256K->9138K(2027264K), 0.0010949 secs] [Times: user=0.00 sys=0.00, real=0.00 secs] 
2024-10-03T01:28:52.044+0300: 193.987: Total time for which application threads were stopped: 0.0013843 seconds, Stopping threads took: 0.0001674 seconds
2024-10-03T01:28:54.002+0300: 195.932: Application time: 1.9446367 seconds
2024-10-03T01:28:54.002+0300: 195.932: [GC (Allocation Failure) 2024-10-03T01:28:54.002+0300: 195.932: [DefNew: 561374K->1212K(629120K), 0.0009123 secs] 568276K->8115K(2027264K), 0.0009848 secs] [Times: user=0.02 sys=0.00, real=0.00 secs] 
2024-10-03T01:28:54.002+0300: 195.933: Total time for which application threads were stopped: 0.0012308 seconds, Stopping threads took: 0.0001468 seconds
2024-10-03T01:28:55.951+0300: 197.884: Application time: 1.9511371 seconds
2024-10-03T01:28:55.951+0300: 197.884: [GC (Allocation Failure) 2024-10-03T01:28:55.951+0300: 197.884: [DefNew: 560346K->1212K(629120K), 0.0008556 secs] 567250K->8116K(2027264K), 0.0009258 secs] [Times: user=0.00 sys=0.00, real=0.00 secs] 
2024-10-03T01:28:55.951+0300: 197.885: Total time for which application threads were stopped: 0.0011501 seconds, Stopping threads took: 0.0001150 seconds
2024-10-03T01:28:57.897+0300: 199.826: Application time: 1.9406570 seconds
2024-10-03T01:28:57.897+0300: 199.826: [GC (Allocation Failure) 2024-10-03T01:28:57.897+0300: 199.826: [DefNew: 560357K->2236K(629120K), 0.0009069 secs] 567261K->9141K(2027264K), 0.0009931 secs] [Times: user=0.00 sys=0.00, real=0.00 secs] 
2024-10-03T01:28:57.897+0300: 199.827: Total time for which application threads were stopped: 0.0013572 seconds, Stopping threads took: 0.0002532 seconds
2024-10-03T01:28:59.826+0300: 201.768: Application time: 1.9408777 seconds
2024-10-03T01:28:59.826+0300: 201.769: [GC (Allocation Failure) 2024-10-03T01:28:59.826+0300: 201.769: [DefNew: 561371K->1212K(629120K), 0.0009725 secs] 568276K->8119K(2027264K), 0.0010642 secs] [Times: user=0.00 sys=0.00, real=0.00 secs] 
2024-10-03T01:28:59.826+0300: 201.770: Total time for which application threads were stopped: 0.0013589 seconds, Stopping threads took: 0.0001810 seconds
2024-10-03T01:29:01.771+0300: 203.713: Application time: 1.9433360 seconds
2024-10-03T01:29:01.771+0300: 203.713: [GC (Allocation Failure) 2024-10-03T01:29:01.771+0300: 203.713: [DefNew: 560363K->1212K(629120K), 0.0007688 secs] 567269K->8120K(2027264K), 0.0008357 secs] [Times: user=0.00 sys=0.00, real=0.00 secs] 
2024-10-03T01:29:01.771+0300: 203.714: Total time for which application threads were stopped: 0.0011279 seconds, Stopping threads took: 0.0002042 seconds
2024-10-03T01:29:03.721+0300: 205.657: Application time: 1.9431796 seconds
2024-10-03T01:29:03.721+0300: 205.658: [GC (Allocation Failure) 2024-10-03T01:29:03.721+0300: 205.658: [DefNew: 560364K->1212K(629120K), 0.0008369 secs] 567272K->8121K(2027264K), 0.0009330 secs] [Times: user=0.00 sys=0.00, real=0.00 secs] 
2024-10-03T01:29:03.721+0300: 205.658: Total time for which application threads were stopped: 0.0012096 seconds, Stopping threads took: 0.0001466 seconds
2024-10-03T01:29:05.662+0300: 207.594: Application time: 1.9354024 seconds
2024-10-03T01:29:05.662+0300: 207.594: [GC (Allocation Failure) 2024-10-03T01:29:05.662+0300: 207.594: [DefNew: 560344K->2236K(629120K), 0.0008823 secs] 567253K->9146K(2027264K), 0.0009541 secs] [Times: user=0.00 sys=0.00, real=0.00 secs] 
2024-10-03T01:29:05.662+0300: 207.595: Total time for which application threads were stopped: 0.0012668 seconds, Stopping threads took: 0.0002158 seconds
2024-10-03T01:29:07.591+0300: 209.535: Application time: 1.9400603 seconds
2024-10-03T01:29:07.607+0300: 209.535: [GC (Allocation Failure) 2024-10-03T01:29:07.607+0300: 209.536: [DefNew: 561371K->700K(629120K), 0.0006997 secs] 568281K->7611K(2027264K), 0.0007647 secs] [Times: user=0.00 sys=0.00, real=0.00 secs] 
2024-10-03T01:29:07.607+0300: 209.536: Total time for which application threads were stopped: 0.0010514 seconds, Stopping threads took: 0.0001950 seconds
2024-10-03T01:29:09.537+0300: 211.473: Application time: 1.9367884 seconds
2024-10-03T01:29:09.537+0300: 211.473: [GC (Allocation Failure) 2024-10-03T01:29:09.537+0300: 211.473: [DefNew: 559845K->1212K(629120K), 0.0007748 secs] 566756K->8125K(2027264K), 0.0008518 secs] [Times: user=0.00 sys=0.00, real=0.00 secs] 
2024-10-03T01:29:09.537+0300: 211.474: Total time for which application threads were stopped: 0.0010960 seconds, Stopping threads took: 0.0001324 seconds
2024-10-03T01:29:11.483+0300: 213.412: Application time: 1.9383146 seconds
2024-10-03T01:29:11.483+0300: 213.413: [GC (Allocation Failure) 2024-10-03T01:29:11.483+0300: 213.413: [DefNew: 560346K->700K(629120K), 0.0006205 secs] 567259K->7614K(2027264K), 0.0006780 secs] [Times: user=0.00 sys=0.00, real=0.00 secs] 
2024-10-03T01:29:11.483+0300: 213.413: Total time for which application threads were stopped: 0.0009286 seconds, Stopping threads took: 0.0001205 seconds
2024-10-03T01:29:13.413+0300: 215.352: Application time: 1.9389459 seconds
2024-10-03T01:29:13.413+0300: 215.353: [GC (Allocation Failure) 2024-10-03T01:29:13.413+0300: 215.353: [DefNew: 559844K->1212K(629120K), 0.0008180 secs] 566758K->8127K(2027264K), 0.0008977 secs] [Times: user=0.00 sys=0.00, real=0.00 secs] 
2024-10-03T01:29:13.413+0300: 215.354: Total time for which application threads were stopped: 0.0012182 seconds, Stopping threads took: 0.0002167 seconds
2024-10-03T01:29:15.359+0300: 217.295: Application time: 1.9411077 seconds
2024-10-03T01:29:15.359+0300: 217.295: [GC (Allocation Failure) 2024-10-03T01:29:15.359+0300: 217.295: [DefNew: 560352K->1212K(629120K), 0.0007802 secs] 567267K->8128K(2027264K), 0.0008543 secs] [Times: user=0.00 sys=0.00, real=0.00 secs] 
2024-10-03T01:29:15.359+0300: 217.296: Total time for which application threads were stopped: 0.0011758 seconds, Stopping threads took: 0.0002159 seconds
2024-10-03T01:29:17.289+0300: 219.232: Application time: 1.9356942 seconds
2024-10-03T01:29:17.289+0300: 219.232: [GC (Allocation Failure) 2024-10-03T01:29:17.289+0300: 219.232: [DefNew: 560342K->700K(629120K), 0.0006801 secs] 567259K->7617K(2027264K), 0.0007450 secs] [Times: user=0.00 sys=0.00, real=0.00 secs] 
2024-10-03T01:29:17.289+0300: 219.233: Total time for which application threads were stopped: 0.0010833 seconds, Stopping threads took: 0.0002147 seconds
2024-10-03T01:29:19.234+0300: 221.165: Application time: 1.9327146 seconds
2024-10-03T01:29:19.234+0300: 221.166: [GC (Allocation Failure) 2024-10-03T01:29:19.234+0300: 221.166: [DefNew: 559835K->1212K(629120K), 0.0007184 secs] 566752K->8131K(2027264K), 0.0007870 secs] [Times: user=0.00 sys=0.00, real=0.00 secs] 
2024-10-03T01:29:19.234+0300: 221.166: Total time for which application threads were stopped: 0.0010557 seconds, Stopping threads took: 0.0001737 seconds
2024-10-03T01:29:21.163+0300: 223.104: Application time: 1.9370810 seconds
2024-10-03T01:29:21.163+0300: 223.104: [GC (Allocation Failure) 2024-10-03T01:29:21.163+0300: 223.104: [DefNew: 560341K->700K(629120K), 0.0006409 secs] 567260K->7620K(2027264K), 0.0006985 secs] [Times: user=0.00 sys=0.00, real=0.00 secs] 
2024-10-03T01:29:21.163+0300: 223.104: Total time for which application threads were stopped: 0.0009452 seconds, Stopping threads took: 0.0001587 seconds
2024-10-03T01:29:23.108+0300: 225.041: Application time: 1.9361332 seconds
2024-10-03T01:29:23.108+0300: 225.041: [GC (Allocation Failure) 2024-10-03T01:29:23.108+0300: 225.041: [DefNew: 559837K->1212K(629120K), 0.0007355 secs] 566757K->8133K(2027264K), 0.0007986 secs] [Times: user=0.00 sys=0.00, real=0.00 secs] 
2024-10-03T01:29:23.108+0300: 225.042: Total time for which application threads were stopped: 0.0010945 seconds, Stopping threads took: 0.0001997 seconds
2024-10-03T01:29:25.038+0300: 226.977: Application time: 1.9357262 seconds
2024-10-03T01:29:25.038+0300: 226.978: [GC (Allocation Failure) 2024-10-03T01:29:25.038+0300: 226.978: [DefNew: 560339K->700K(629120K), 0.0006763 secs] 567260K->7622K(2027264K), 0.0007583 secs] [Times: user=0.00 sys=0.00, real=0.00 secs] 
2024-10-03T01:29:25.038+0300: 226.979: Total time for which application threads were stopped: 0.0011046 seconds, Stopping threads took: 0.0002409 seconds
2024-10-03T01:29:26.983+0300: 228.915: Application time: 1.9367767 seconds
2024-10-03T01:29:26.983+0300: 228.916: [GC (Allocation Failure) 2024-10-03T01:29:26.983+0300: 228.916: [DefNew: 559832K->2236K(629120K), 0.0008851 secs] 566754K->9159K(2027264K), 0.0009630 secs] [Times: user=0.00 sys=0.00, real=0.00 secs] 
2024-10-03T01:29:26.983+0300: 228.917: Total time for which application threads were stopped: 0.0012465 seconds, Stopping threads took: 0.0001793 seconds
2024-10-03T01:29:28.914+0300: 230.855: Application time: 1.9388043 seconds
2024-10-03T01:29:28.914+0300: 230.856: [GC (Allocation Failure) 2024-10-03T01:29:28.914+0300: 230.856: [DefNew: 561364K->1724K(629120K), 0.0008198 secs] 568287K->8649K(2027264K), 0.0009087 secs] [Times: user=0.00 sys=0.00, real=0.00 secs] 
2024-10-03T01:29:28.914+0300: 230.857: Total time for which application threads were stopped: 0.0013202 seconds, Stopping threads took: 0.0003110 seconds
2024-10-03T01:29:30.858+0300: 232.796: Application time: 1.9391150 seconds
2024-10-03T01:29:30.858+0300: 232.796: [GC (Allocation Failure) 2024-10-03T01:29:30.858+0300: 232.796: [DefNew: 560866K->1212K(629120K), 0.0007310 secs] 567791K->8138K(2027264K), 0.0007967 secs] [Times: user=0.00 sys=0.00, real=0.00 secs] 
2024-10-03T01:29:30.858+0300: 232.797: Total time for which application threads were stopped: 0.0010957 seconds, Stopping threads took: 0.0001974 seconds
2024-10-03T01:29:32.803+0300: 234.736: Application time: 1.9393482 seconds
2024-10-03T01:29:32.803+0300: 234.736: [GC (Allocation Failure) 2024-10-03T01:29:32.803+0300: 234.737: [DefNew: 560339K->1212K(629120K), 0.0007110 secs] 567265K->8139K(2027264K), 0.0007757 secs] [Times: user=0.00 sys=0.00, real=0.00 secs] 
2024-10-03T01:29:32.803+0300: 234.737: Total time for which application threads were stopped: 0.0010431 seconds, Stopping threads took: 0.0001775 seconds
2024-10-03T01:29:34.733+0300: 236.674: Application time: 1.9367390 seconds
2024-10-03T01:29:34.733+0300: 236.674: [GC (Allocation Failure) 2024-10-03T01:29:34.733+0300: 236.674: [DefNew: 560349K->1724K(629120K), 0.0008457 secs] 567276K->8652K(2027264K), 0.0009178 secs] [Times: user=0.00 sys=0.00, real=0.00 secs] 
2024-10-03T01:29:34.733+0300: 236.675: Total time for which application threads were stopped: 0.0011638 seconds, Stopping threads took: 0.0001569 seconds
2024-10-03T01:29:36.725+0300: 238.661: Application time: 1.9859647 seconds
2024-10-03T01:29:36.725+0300: 238.661: [GC (Allocation Failure) 2024-10-03T01:29:36.725+0300: 238.662: [DefNew: 560868K->1724K(629120K), 0.0010115 secs] 567796K->8653K(2027264K), 0.0011021 secs] [Times: user=0.00 sys=0.00, real=0.00 secs] 
2024-10-03T01:29:36.725+0300: 238.663: Total time for which application threads were stopped: 0.0014333 seconds, Stopping threads took: 0.0002058 seconds
2024-10-03T01:29:38.686+0300: 240.618: Application time: 1.9552528 seconds
2024-10-03T01:29:38.686+0300: 240.618: [GC (Allocation Failure) 2024-10-03T01:29:38.686+0300: 240.618: [DefNew: 560867K->1212K(629120K), 0.0007784 secs] 567796K->8142K(2027264K), 0.0008550 secs] [Times: user=0.00 sys=0.00, real=0.00 secs] 
2024-10-03T01:29:38.686+0300: 240.619: Total time for which application threads were stopped: 0.0012153 seconds, Stopping threads took: 0.0002469 seconds
2024-10-03T01:29:40.664+0300: 242.599: Application time: 1.9802862 seconds
2024-10-03T01:29:40.664+0300: 242.600: [GC (Allocation Failure) 2024-10-03T01:29:40.664+0300: 242.600: [DefNew: 560344K->1212K(629120K), 0.0008698 secs] 567275K->8144K(2027264K), 0.0009586 secs] [Times: user=0.00 sys=0.00, real=0.00 secs] 
2024-10-03T01:29:40.664+0300: 242.601: Total time for which application threads were stopped: 0.0012217 seconds, Stopping threads took: 0.0001514 seconds
2024-10-03T01:29:42.627+0300: 244.558: Application time: 1.9576918 seconds
2024-10-03T01:29:42.627+0300: 244.559: [GC (Allocation Failure) 2024-10-03T01:29:42.627+0300: 244.559: [DefNew: 560338K->1212K(629120K), 0.0007158 secs] 567270K->8145K(2027264K), 0.0007851 secs] [Times: user=0.00 sys=0.00, real=0.00 secs] 
2024-10-03T01:29:42.627+0300: 244.559: Total time for which application threads were stopped: 0.0010635 seconds, Stopping threads took: 0.0001761 seconds
2024-10-03T01:29:44.557+0300: 246.499: Application time: 1.9396311 seconds
2024-10-03T01:29:44.557+0300: 246.499: [GC (Allocation Failure) 2024-10-03T01:29:44.557+0300: 246.499: [DefNew: 560358K->2236K(629120K), 0.0009312 secs] 567291K->9170K(2027264K), 0.0010196 secs] [Times: user=0.00 sys=0.00, real=0.00 secs] 
2024-10-03T01:29:44.557+0300: 246.500: Total time for which application threads were stopped: 0.0012932 seconds, Stopping threads took: 0.0001552 seconds
2024-10-03T01:29:46.502+0300: 248.441: Application time: 1.9403960 seconds
2024-10-03T01:29:46.502+0300: 248.441: [GC (Allocation Failure) 2024-10-03T01:29:46.502+0300: 248.441: [DefNew: 561385K->1212K(629120K), 0.0009433 secs] 568319K->8147K(2027264K), 0.0010296 secs] [Times: user=0.00 sys=0.00, real=0.00 secs] 
2024-10-03T01:29:46.502+0300: 248.442: Total time for which application threads were stopped: 0.0013540 seconds, Stopping threads took: 0.0002081 seconds
2024-10-03T01:29:48.448+0300: 250.381: Application time: 1.9389535 seconds
2024-10-03T01:29:48.448+0300: 250.381: [GC (Allocation Failure) 2024-10-03T01:29:48.448+0300: 250.381: [DefNew: 560352K->1724K(629120K), 0.0008515 secs] 567288K->8661K(2027264K), 0.0009240 secs] [Times: user=0.00 sys=0.00, real=0.00 secs] 
2024-10-03T01:29:48.448+0300: 250.382: Total time for which application threads were stopped: 0.0011907 seconds, Stopping threads took: 0.0001461 seconds
2024-10-03T01:29:50.394+0300: 252.323: Application time: 1.9410899 seconds
2024-10-03T01:29:50.394+0300: 252.324: [GC (Allocation Failure) 2024-10-03T01:29:50.394+0300: 252.324: [DefNew: 560861K->2236K(629120K), 0.0009760 secs] 567797K->9174K(2027264K), 0.0010543 secs] [Times: user=0.00 sys=0.00, real=0.00 secs] 
2024-10-03T01:29:50.394+0300: 252.325: Total time for which application threads were stopped: 0.0013563 seconds, Stopping threads took: 0.0001474 seconds
2024-10-03T01:29:52.340+0300: 254.269: Application time: 1.9448548 seconds
2024-10-03T01:29:52.340+0300: 254.270: [GC (Allocation Failure) 2024-10-03T01:29:52.340+0300: 254.270: [DefNew: 561375K->1724K(629120K), 0.0008822 secs] 568313K->8663K(2027264K), 0.0009629 secs] [Times: user=0.00 sys=0.00, real=0.00 secs] 
2024-10-03T01:29:52.340+0300: 254.271: Total time for which application threads were stopped: 0.0011999 seconds, Stopping threads took: 0.0001293 seconds
2024-10-03T01:29:54.270+0300: 256.209: Application time: 1.9387625 seconds
2024-10-03T01:29:54.270+0300: 256.210: [GC (Allocation Failure) 2024-10-03T01:29:54.270+0300: 256.210: [DefNew: 560859K->1212K(629120K), 0.0009303 secs] 567798K->8152K(2027264K), 0.0009929 secs] [Times: user=0.00 sys=0.00, real=0.00 secs] 
2024-10-03T01:29:54.270+0300: 256.211: Total time for which application threads were stopped: 0.0012860 seconds, Stopping threads took: 0.0001985 seconds
2024-10-03T01:29:55.463+0300: 257.397: Application time: 1.1866480 seconds
2024-10-03T01:29:55.463+0300: 257.398: Total time for which application threads were stopped: 0.0002931 seconds, Stopping threads took: 0.0002062 seconds
2024-10-03T01:29:55.542+0300: 257.480: Application time: 0.0826949 seconds
2024-10-03T01:29:55.542+0300: 257.481: Total time for which application threads were stopped: 0.0002290 seconds, Stopping threads took: 0.0001492 seconds
2024-10-03T01:29:55.609+0300: 257.540: Application time: 0.0591948 seconds
2024-10-03T01:29:55.609+0300: 257.540: Total time for which application threads were stopped: 0.0001737 seconds, Stopping threads took: 0.0001210 seconds
2024-10-03T01:29:55.777+0300: 257.706: Application time: 0.1658566 seconds
2024-10-03T01:29:55.777+0300: 257.706: Total time for which application threads were stopped: 0.0001274 seconds, Stopping threads took: 0.0000750 seconds
2024-10-03T01:29:55.887+0300: 257.819: Application time: 0.1132742 seconds
2024-10-03T01:29:55.887+0300: 257.820: Total time for which application threads were stopped: 0.0003852 seconds, Stopping threads took: 0.0003443 seconds
2024-10-03T01:29:56.404+0300: 258.340: Application time: 0.5205413 seconds
2024-10-03T01:29:56.404+0300: 258.340: [GC (Allocation Failure) 2024-10-03T01:29:56.404+0300: 258.340: [DefNew: 560076K->4297K(629120K), 0.0016879 secs] 567016K->11239K(2027264K), 0.0017607 secs] [Times: user=0.00 sys=0.00, real=0.00 secs] 
2024-10-03T01:29:56.404+0300: 258.342: Total time for which application threads were stopped: 0.0020172 seconds, Stopping threads took: 0.0001605 seconds
2024-10-03T01:29:58.505+0300: 260.438: Application time: 2.0962272 seconds
2024-10-03T01:29:58.505+0300: 260.439: [GC (Allocation Failure) 2024-10-03T01:29:58.505+0300: 260.439: [DefNew: 563046K->3785K(629120K), 0.0015297 secs] 569988K->10728K(2027264K), 0.0015982 secs] [Times: user=0.00 sys=0.00, real=0.00 secs] 
2024-10-03T01:29:58.505+0300: 260.440: Total time for which application threads were stopped: 0.0019270 seconds, Stopping threads took: 0.0002355 seconds
2024-10-03T01:30:00.624+0300: 262.555: Application time: 2.1142058 seconds
2024-10-03T01:30:00.624+0300: 262.555: [GC (Allocation Failure) 2024-10-03T01:30:00.624+0300: 262.555: [DefNew: 562987K->3785K(629120K), 0.0014140 secs] 569930K->10729K(2027264K), 0.0014938 secs] [Times: user=0.00 sys=0.00, real=0.00 secs] 
2024-10-03T01:30:00.628+0300: 262.556: Total time for which application threads were stopped: 0.0017261 seconds, Stopping threads took: 0.0001272 seconds
2024-10-03T01:30:02.726+0300: 264.658: Application time: 2.1017316 seconds
2024-10-03T01:30:02.726+0300: 264.658: [GC (Allocation Failure) 2024-10-03T01:30:02.726+0300: 264.658: [DefNew: 562641K->4809K(629120K), 0.0017619 secs] 569585K->11754K(2027264K), 0.0018394 secs] [Times: user=0.00 sys=0.00, real=0.00 secs] 
2024-10-03T01:30:02.731+0300: 264.660: Total time for which application threads were stopped: 0.0020845 seconds, Stopping threads took: 0.0001138 seconds
2024-10-03T01:30:04.797+0300: 266.739: Application time: 2.0787302 seconds
2024-10-03T01:30:04.797+0300: 266.739: [GC (Allocation Failure) 2024-10-03T01:30:04.797+0300: 266.739: [DefNew: 564041K->3273K(629120K), 0.0011478 secs] 570986K->10220K(2027264K), 0.0012247 secs] [Times: user=0.00 sys=0.00, real=0.00 secs] 
2024-10-03T01:30:04.797+0300: 266.740: Total time for which application threads were stopped: 0.0014498 seconds, Stopping threads took: 0.0001247 seconds
2024-10-03T01:30:06.900+0300: 268.834: Application time: 2.0937841 seconds
2024-10-03T01:30:06.900+0300: 268.834: [GC (Allocation Failure) 2024-10-03T01:30:06.900+0300: 268.834: [DefNew: 562036K->4809K(629120K), 0.0014552 secs] 568983K->11757K(2027264K), 0.0015303 secs] [Times: user=0.00 sys=0.00, real=0.00 secs] 
2024-10-03T01:30:06.900+0300: 268.836: Total time for which application threads were stopped: 0.0017960 seconds, Stopping threads took: 0.0001711 seconds
2024-10-03T01:30:08.987+0300: 270.923: Application time: 2.0870576 seconds
2024-10-03T01:30:08.987+0300: 270.923: [GC (Allocation Failure) 2024-10-03T01:30:08.987+0300: 270.923: [DefNew: 563718K->4297K(629120K), 0.0013547 secs] 570666K->11246K(2027264K), 0.0014298 secs] [Times: user=0.00 sys=0.00, real=0.00 secs] 
2024-10-03T01:30:08.987+0300: 270.925: Total time for which application threads were stopped: 0.0016886 seconds, Stopping threads took: 0.0001627 seconds
2024-10-03T01:30:11.089+0300: 273.020: Application time: 2.0953430 seconds
2024-10-03T01:30:11.089+0300: 273.020: [GC (Allocation Failure) 2024-10-03T01:30:11.089+0300: 273.020: [DefNew: 563024K->3785K(629120K), 0.0012419 secs] 569972K->10735K(2027264K), 0.0013130 secs] [Times: user=0.00 sys=0.00, real=0.00 secs] 
2024-10-03T01:30:11.089+0300: 273.022: Total time for which application threads were stopped: 0.0016446 seconds, Stopping threads took: 0.0002328 seconds
2024-10-03T01:30:13.175+0300: 275.108: Application time: 2.0862106 seconds
2024-10-03T01:30:13.175+0300: 275.108: [GC (Allocation Failure) 2024-10-03T01:30:13.175+0300: 275.108: [DefNew: 562767K->4297K(629120K), 0.0015658 secs] 569716K->11248K(2027264K), 0.0016640 secs] [Times: user=0.00 sys=0.00, real=0.00 secs] 
2024-10-03T01:30:13.175+0300: 275.110: Total time for which application threads were stopped: 0.0019331 seconds, Stopping threads took: 0.0001445 seconds
2024-10-03T01:30:15.263+0300: 277.202: Application time: 2.0918417 seconds
2024-10-03T01:30:15.263+0300: 277.202: [GC (Allocation Failure) 2024-10-03T01:30:15.263+0300: 277.202: [DefNew: 563179K->4809K(629120K), 0.0014217 secs] 570130K->11762K(2027264K), 0.0015102 secs] [Times: user=0.00 sys=0.00, real=0.00 secs] 
2024-10-03T01:30:15.263+0300: 277.204: Total time for which application threads were stopped: 0.0019115 seconds, Stopping threads took: 0.0002949 seconds
2024-10-03T01:30:17.364+0300: 279.296: Application time: 2.0920310 seconds
2024-10-03T01:30:17.364+0300: 279.296: [GC (Allocation Failure) 2024-10-03T01:30:17.364+0300: 279.296: [DefNew: 563649K->5321K(629120K), 0.0017957 secs] 570602K->12275K(2027264K), 0.0019001 secs] [Times: user=0.00 sys=0.00, real=0.00 secs] 
2024-10-03T01:30:17.364+0300: 279.298: Total time for which application threads were stopped: 0.0021773 seconds, Stopping threads took: 0.0001430 seconds
2024-10-03T01:30:19.463+0300: 281.394: Application time: 2.0960664 seconds
2024-10-03T01:30:19.463+0300: 281.394: [GC (Allocation Failure) 2024-10-03T01:30:19.463+0300: 281.394: [DefNew: 564488K->4297K(629120K), 0.0014135 secs] 571442K->11252K(2027264K), 0.0014942 secs] [Times: user=0.00 sys=0.00, real=0.00 secs] 
2024-10-03T01:30:19.467+0300: 281.396: Total time for which application threads were stopped: 0.0017430 seconds, Stopping threads took: 0.0001442 seconds
2024-10-03T01:30:21.553+0300: 283.483: Application time: 2.0875726 seconds
2024-10-03T01:30:21.553+0300: 283.483: [GC (Allocation Failure) 2024-10-03T01:30:21.553+0300: 283.483: [DefNew: 563106K->4297K(629120K), 0.0013267 secs] 570061K->11253K(2027264K), 0.0014003 secs] [Times: user=0.00 sys=0.00, real=0.00 secs] 
2024-10-03T01:30:21.553+0300: 283.485: Total time for which application threads were stopped: 0.0016948 seconds, Stopping threads took: 0.0001995 seconds
2024-10-03T01:30:23.626+0300: 285.566: Application time: 2.0814269 seconds
2024-10-03T01:30:23.626+0300: 285.567: [GC (Allocation Failure) 2024-10-03T01:30:23.626+0300: 285.567: [DefNew: 563142K->5321K(629120K), 0.0016224 secs] 570098K->12278K(2027264K), 0.0016949 secs] [Times: user=0.00 sys=0.00, real=0.00 secs] 
2024-10-03T01:30:23.626+0300: 285.568: Total time for which application threads were stopped: 0.0019461 seconds, Stopping threads took: 0.0001381 seconds
2024-10-03T01:30:25.713+0300: 287.649: Application time: 2.0809574 seconds
2024-10-03T01:30:25.713+0300: 287.649: [GC (Allocation Failure) 2024-10-03T01:30:25.713+0300: 287.650: [DefNew: 564182K->4809K(629120K), 0.0014325 secs] 571139K->11768K(2027264K), 0.0015029 secs] [Times: user=0.00 sys=0.00, real=0.00 secs] 
2024-10-03T01:30:25.713+0300: 287.651: Total time for which application threads were stopped: 0.0018053 seconds, Stopping threads took: 0.0002077 seconds
2024-10-03T01:30:27.800+0300: 289.735: Application time: 2.0842010 seconds
2024-10-03T01:30:27.800+0300: 289.735: [GC (Allocation Failure) 2024-10-03T01:30:27.800+0300: 289.735: [DefNew: 563579K->2236K(629120K), 0.0019956 secs] 570537K->12281K(2027264K), 0.0020695 secs] [Times: user=0.00 sys=0.00, real=0.00 secs] 
2024-10-03T01:30:27.800+0300: 289.738: Total time for which application threads were stopped: 0.0023040 seconds, Stopping threads took: 0.0001264 seconds
2024-10-03T01:30:29.745+0300: 291.680: Application time: 1.9426599 seconds
2024-10-03T01:30:29.745+0300: 291.681: [GC (Allocation Failure) 2024-10-03T01:30:29.745+0300: 291.681: [DefNew: 560967K->1724K(629120K), 0.0008702 secs] 571012K->11770K(2027264K), 0.0009778 secs] [Times: user=0.00 sys=0.00, real=0.00 secs] 
2024-10-03T01:30:29.745+0300: 291.682: Total time for which application threads were stopped: 0.0013636 seconds, Stopping threads took: 0.0002356 seconds
2024-10-03T01:30:31.691+0300: 293.620: Application time: 1.9383145 seconds
2024-10-03T01:30:31.691+0300: 293.620: [GC (Allocation Failure) 2024-10-03T01:30:31.691+0300: 293.620: [DefNew: 560617K->1724K(629120K), 0.0008116 secs] 570663K->11771K(2027264K), 0.0008794 secs] [Times: user=0.00 sys=0.00, real=0.00 secs] 
2024-10-03T01:30:31.691+0300: 293.621: Total time for which application threads were stopped: 0.0011363 seconds, Stopping threads took: 0.0001633 seconds
2024-10-03T01:30:33.621+0300: 295.560: Application time: 1.9389147 seconds
2024-10-03T01:30:33.621+0300: 295.560: [GC (Allocation Failure) 2024-10-03T01:30:33.621+0300: 295.560: [DefNew: 560832K->2236K(629120K), 0.0009364 secs] 570879K->12284K(2027264K), 0.0010115 secs] [Times: user=0.00 sys=0.00, real=0.00 secs] 
2024-10-03T01:30:33.621+0300: 295.561: Total time for which application threads were stopped: 0.0012748 seconds, Stopping threads took: 0.0001674 seconds
2024-10-03T01:30:35.584+0300: 297.519: Application time: 1.9578572 seconds
2024-10-03T01:30:35.584+0300: 297.519: [GC (Allocation Failure) 2024-10-03T01:30:35.584+0300: 297.519: [DefNew: 561417K->1724K(629120K), 0.0008099 secs] 571466K->11773K(2027264K), 0.0008819 secs] [Times: user=0.00 sys=0.00, real=0.00 secs] 
2024-10-03T01:30:35.584+0300: 297.520: Total time for which application threads were stopped: 0.0011932 seconds, Stopping threads took: 0.0001985 seconds
2024-10-03T01:30:37.530+0300: 299.469: Application time: 1.9485622 seconds
2024-10-03T01:30:37.530+0300: 299.469: [GC (Allocation Failure) 2024-10-03T01:30:37.530+0300: 299.469: [DefNew: 560895K->700K(629120K), 0.0008332 secs] 570944K->10751K(2027264K), 0.0009116 secs] [Times: user=0.00 sys=0.00, real=0.00 secs] 
2024-10-03T01:30:37.530+0300: 299.470: Total time for which application threads were stopped: 0.0011374 seconds, Stopping threads took: 0.0001313 seconds
2024-10-03T01:30:39.476+0300: 301.413: Application time: 1.9431411 seconds
2024-10-03T01:30:39.476+0300: 301.413: [GC (Allocation Failure) 2024-10-03T01:30:39.476+0300: 301.413: [DefNew: 559855K->1212K(629120K), 0.0007434 secs] 569905K->11264K(2027264K), 0.0008162 secs] [Times: user=0.00 sys=0.00, real=0.00 secs] 
2024-10-03T01:30:39.476+0300: 301.414: Total time for which application threads were stopped: 0.0010924 seconds, Stopping threads took: 0.0001818 seconds
2024-10-03T01:30:41.423+0300: 303.356: Application time: 1.9417390 seconds
2024-10-03T01:30:41.423+0300: 303.356: [GC (Allocation Failure) 2024-10-03T01:30:41.423+0300: 303.356: [DefNew: 560359K->1724K(629120K), 0.0008329 secs] 570411K->11777K(2027264K), 0.0009072 secs] [Times: user=0.00 sys=0.00, real=0.00 secs] 
2024-10-03T01:30:41.423+0300: 303.357: Total time for which application threads were stopped: 0.0012247 seconds, Stopping threads took: 0.0001970 seconds
2024-10-03T01:30:43.368+0300: 305.299: Application time: 1.9419121 seconds
2024-10-03T01:30:43.368+0300: 305.299: [GC (Allocation Failure) 2024-10-03T01:30:43.368+0300: 305.299: [DefNew: 560875K->2236K(629120K), 0.0008755 secs] 570929K->12290K(2027264K), 0.0009515 secs] [Times: user=0.00 sys=0.00, real=0.00 secs] 
2024-10-03T01:30:43.368+0300: 305.300: Total time for which application threads were stopped: 0.0012771 seconds, Stopping threads took: 0.0001857 seconds
2024-10-03T01:30:45.312+0300: 307.241: Application time: 1.9408183 seconds
2024-10-03T01:30:45.312+0300: 307.241: [GC (Allocation Failure) 2024-10-03T01:30:45.312+0300: 307.242: [DefNew: 561375K->700K(629120K), 0.0007164 secs] 571429K->10755K(2027264K), 0.0007989 secs] [Times: user=0.00 sys=0.00, real=0.00 secs] 
2024-10-03T01:30:45.314+0300: 307.242: Total time for which application threads were stopped: 0.0011368 seconds, Stopping threads took: 0.0001764 seconds
2024-10-03T01:30:47.245+0300: 309.184: Application time: 1.9415924 seconds
2024-10-03T01:30:47.245+0300: 309.184: [GC (Allocation Failure) 2024-10-03T01:30:47.245+0300: 309.184: [DefNew: 559840K->700K(629120K), 0.0006289 secs] 569896K->10756K(2027264K), 0.0006877 secs] [Times: user=0.00 sys=0.00, real=0.00 secs] 
2024-10-03T01:30:47.245+0300: 309.185: Total time for which application threads were stopped: 0.0009905 seconds, Stopping threads took: 0.0001986 seconds
2024-10-03T01:30:49.206+0300: 311.137: Application time: 1.9517578 seconds
2024-10-03T01:30:49.206+0300: 311.137: [GC (Allocation Failure) 2024-10-03T01:30:49.206+0300: 311.137: [DefNew: 559824K->700K(629120K), 0.0006073 secs] 569881K->10758K(2027264K), 0.0006652 secs] [Times: user=0.00 sys=0.00, real=0.00 secs] 
2024-10-03T01:30:49.206+0300: 311.138: Total time for which application threads were stopped: 0.0009326 seconds, Stopping threads took: 0.0001692 seconds
2024-10-03T01:30:51.152+0300: 313.087: Application time: 1.9493305 seconds
2024-10-03T01:30:51.152+0300: 313.087: [GC (Allocation Failure) 2024-10-03T01:30:51.152+0300: 313.087: [DefNew: 559816K->1724K(629120K), 0.0008709 secs] 569874K->11783K(2027264K), 0.0009439 secs] [Times: user=0.00 sys=0.00, real=0.00 secs] 
2024-10-03T01:30:51.152+0300: 313.088: Total time for which application threads were stopped: 0.0012053 seconds, Stopping threads took: 0.0001541 seconds
2024-10-03T01:30:53.097+0300: 315.033: Application time: 1.9451144 seconds
2024-10-03T01:30:53.097+0300: 315.033: [GC (Allocation Failure) 2024-10-03T01:30:53.097+0300: 315.033: [DefNew: 560841K->1724K(629120K), 0.0008474 secs] 570900K->11784K(2027264K), 0.0009243 secs] [Times: user=0.00 sys=0.00, real=0.00 secs] 
2024-10-03T01:30:53.097+0300: 315.034: Total time for which application threads were stopped: 0.0011296 seconds, Stopping threads took: 0.0000792 seconds
2024-10-03T01:30:55.044+0300: 316.979: Application time: 1.9450285 seconds
2024-10-03T01:30:55.044+0300: 316.980: [GC (Allocation Failure) 2024-10-03T01:30:55.044+0300: 316.980: [DefNew: 560848K->1724K(629120K), 0.0008844 secs] 570908K->11785K(2027264K), 0.0009550 secs] [Times: user=0.01 sys=0.00, real=0.00 secs] 
2024-10-03T01:30:55.044+0300: 316.981: Total time for which application threads were stopped: 0.0011402 seconds, Stopping threads took: 0.0000776 seconds
2024-10-03T01:30:56.989+0300: 318.922: Application time: 1.9417910 seconds
2024-10-03T01:30:56.989+0300: 318.923: [GC (Allocation Failure) 2024-10-03T01:30:56.989+0300: 318.923: [DefNew: 560857K->1212K(629120K), 0.0007057 secs] 570918K->11274K(2027264K), 0.0007657 secs] [Times: user=0.00 sys=0.00, real=0.00 secs] 
2024-10-03T01:30:56.989+0300: 318.923: Total time for which application threads were stopped: 0.0010373 seconds, Stopping threads took: 0.0001840 seconds
2024-10-03T01:30:58.938+0300: 320.867: Application time: 1.9441128 seconds
2024-10-03T01:30:58.938+0300: 320.868: [GC (Allocation Failure) 2024-10-03T01:30:58.938+0300: 320.868: [DefNew: 560341K->1212K(629120K), 0.0007220 secs] 570404K->11276K(2027264K), 0.0007892 secs] [Times: user=0.00 sys=0.00, real=0.00 secs] 
2024-10-03T01:30:58.938+0300: 320.869: Total time for which application threads were stopped: 0.0010480 seconds, Stopping threads took: 0.0001655 seconds
2024-10-03T01:31:00.880+0300: 322.816: Application time: 1.9475562 seconds
2024-10-03T01:31:00.880+0300: 322.816: [GC (Allocation Failure) 2024-10-03T01:31:00.880+0300: 322.816: [DefNew: 560322K->2236K(629120K), 0.0009395 secs] 570386K->12301K(2027264K), 0.0010156 secs] [Times: user=0.00 sys=0.00, real=0.00 secs] 
2024-10-03T01:31:00.880+0300: 322.817: Total time for which application threads were stopped: 0.0013178 seconds, Stopping threads took: 0.0002015 seconds
2024-10-03T01:31:02.845+0300: 324.776: Application time: 1.9585494 seconds
2024-10-03T01:31:02.845+0300: 324.776: [GC (Allocation Failure) 2024-10-03T01:31:02.845+0300: 324.776: [DefNew: 561358K->1212K(629120K), 0.0007461 secs] 571423K->11278K(2027264K), 0.0008212 secs] [Times: user=0.00 sys=0.00, real=0.00 secs] 
2024-10-03T01:31:02.845+0300: 324.777: Total time for which application threads were stopped: 0.0011012 seconds, Stopping threads took: 0.0001805 seconds
2024-10-03T01:31:04.803+0300: 326.742: Application time: 1.9651090 seconds
2024-10-03T01:31:04.803+0300: 326.742: [GC (Allocation Failure) 2024-10-03T01:31:04.803+0300: 326.742: [DefNew: 560329K->188K(629120K), 0.0006991 secs] 570396K->10255K(2027264K), 0.0007933 secs] [Times: user=0.00 sys=0.00, real=0.00 secs] 
2024-10-03T01:31:04.803+0300: 326.743: Total time for which application threads were stopped: 0.0009939 seconds, Stopping threads took: 0.0000948 seconds
2024-10-03T01:31:06.753+0300: 328.690: Application time: 1.9465305 seconds
2024-10-03T01:31:06.753+0300: 328.690: [GC (Allocation Failure) 2024-10-03T01:31:06.753+0300: 328.690: [DefNew: 559291K->700K(629120K), 0.0007135 secs] 569358K->10768K(2027264K), 0.0007696 secs] [Times: user=0.00 sys=0.00, real=0.00 secs] 
2024-10-03T01:31:06.753+0300: 328.691: Total time for which application threads were stopped: 0.0010367 seconds, Stopping threads took: 0.0001716 seconds
2024-10-03T01:31:08.710+0300: 330.639: Application time: 1.9486228 seconds
2024-10-03T01:31:08.710+0300: 330.640: [GC (Allocation Failure) 2024-10-03T01:31:08.710+0300: 330.640: [DefNew: 559816K->1212K(629120K), 0.0006749 secs] 569885K->11282K(2027264K), 0.0007372 secs] [Times: user=0.00 sys=0.00, real=0.00 secs] 
2024-10-03T01:31:08.710+0300: 330.640: Total time for which application threads were stopped: 0.0010242 seconds, Stopping threads took: 0.0001936 seconds
2024-10-03T01:31:10.655+0300: 332.588: Application time: 1.9474065 seconds
2024-10-03T01:31:10.655+0300: 332.588: [GC (Allocation Failure) 2024-10-03T01:31:10.655+0300: 332.588: [DefNew: 560338K->1724K(629120K), 0.0008846 secs] 570408K->11795K(2027264K), 0.0009649 secs] [Times: user=0.00 sys=0.00, real=0.01 secs] 
2024-10-03T01:31:10.661+0300: 332.589: Total time for which application threads were stopped: 0.0011944 seconds, Stopping threads took: 0.0001290 seconds
2024-10-03T01:31:12.602+0300: 334.544: Application time: 1.9549338 seconds
2024-10-03T01:31:12.602+0300: 334.544: [GC (Allocation Failure) 2024-10-03T01:31:12.602+0300: 334.544: [DefNew: 560846K->1724K(629120K), 0.0009843 secs] 570917K->11796K(2027264K), 0.0010521 secs] [Times: user=0.00 sys=0.00, real=0.00 secs] 
2024-10-03T01:31:12.602+0300: 334.545: Total time for which application threads were stopped: 0.0014066 seconds, Stopping threads took: 0.0002461 seconds
2024-10-03T01:31:14.568+0300: 336.500: Application time: 1.9545809 seconds
2024-10-03T01:31:14.568+0300: 336.500: [GC (Allocation Failure) 2024-10-03T01:31:14.568+0300: 336.500: [DefNew: 560849K->2748K(629120K), 0.0010774 secs] 570922K->12821K(2027264K), 0.0011599 secs] [Times: user=0.00 sys=0.00, real=0.00 secs] 
2024-10-03T01:31:14.568+0300: 336.501: Total time for which application threads were stopped: 0.0013838 seconds, Stopping threads took: 0.0001156 seconds
2024-10-03T01:31:16.508+0300: 338.447: Application time: 1.9452092 seconds
2024-10-03T01:31:16.508+0300: 338.447: [GC (Allocation Failure) 2024-10-03T01:31:16.508+0300: 338.447: [DefNew: 561875K->1212K(629120K), 0.0008131 secs] 571949K->11286K(2027264K), 0.0008948 secs] [Times: user=0.00 sys=0.00, real=0.00 secs] 
2024-10-03T01:31:16.508+0300: 338.448: Total time for which application threads were stopped: 0.0011735 seconds, Stopping threads took: 0.0001536 seconds
2024-10-03T01:31:18.469+0300: 340.398: Application time: 1.9506125 seconds
2024-10-03T01:31:18.469+0300: 340.399: [GC (Allocation Failure) 2024-10-03T01:31:18.469+0300: 340.399: [DefNew: 560333K->1724K(629120K), 0.0008328 secs] 570407K->11800K(2027264K), 0.0009125 secs] [Times: user=0.00 sys=0.00, real=0.00 secs] 
2024-10-03T01:31:18.469+0300: 340.400: Total time for which application threads were stopped: 0.0012185 seconds, Stopping threads took: 0.0001950 seconds
2024-10-03T01:31:20.416+0300: 342.347: Application time: 1.9470073 seconds
2024-10-03T01:31:20.416+0300: 342.347: [GC (Allocation Failure) 2024-10-03T01:31:20.416+0300: 342.347: [DefNew: 560841K->700K(629120K), 0.0010049 secs] 570917K->10777K(2027264K), 0.0010946 secs] [Times: user=0.00 sys=0.00, real=0.00 secs] 
2024-10-03T01:31:20.416+0300: 342.348: Total time for which application threads were stopped: 0.0013730 seconds, Stopping threads took: 0.0001488 seconds
2024-10-03T01:31:22.346+0300: 344.288: Application time: 1.9400261 seconds
2024-10-03T01:31:22.346+0300: 344.288: [GC (Allocation Failure) 2024-10-03T01:31:22.346+0300: 344.288: [DefNew: 559825K->700K(629120K), 0.0006899 secs] 569902K->10778K(2027264K), 0.0007612 secs] [Times: user=0.00 sys=0.00, real=0.00 secs] 
2024-10-03T01:31:22.346+0300: 344.289: Total time for which application threads were stopped: 0.0010064 seconds, Stopping threads took: 0.0001310 seconds
2024-10-03T01:31:24.292+0300: 346.227: Application time: 1.9377706 seconds
2024-10-03T01:31:24.292+0300: 346.227: [GC (Allocation Failure) 2024-10-03T01:31:24.292+0300: 346.227: [DefNew: 559801K->1212K(629120K), 0.0007686 secs] 569879K->11291K(2027264K), 0.0008488 secs] [Times: user=0.00 sys=0.00, real=0.00 secs] 
2024-10-03T01:31:24.292+0300: 346.228: Total time for which application threads were stopped: 0.0010819 seconds, Stopping threads took: 0.0001179 seconds
2024-10-03T01:31:26.237+0300: 348.168: Application time: 1.9400882 seconds
2024-10-03T01:31:26.237+0300: 348.168: [GC (Allocation Failure) 2024-10-03T01:31:26.237+0300: 348.168: [DefNew: 560339K->2236K(629120K), 0.0009290 secs] 570418K->12316K(2027264K), 0.0010042 secs] [Times: user=0.00 sys=0.00, real=0.00 secs] 
2024-10-03T01:31:26.237+0300: 348.169: Total time for which application threads were stopped: 0.0013161 seconds, Stopping threads took: 0.0002149 seconds
2024-10-03T01:31:28.185+0300: 350.116: Application time: 1.9466752 seconds
2024-10-03T01:31:28.185+0300: 350.116: [GC (Allocation Failure) 2024-10-03T01:31:28.185+0300: 350.116: [DefNew: 561468K->1212K(629120K), 0.0006887 secs] 571548K->11294K(2027264K), 0.0007538 secs] [Times: user=0.00 sys=0.00, real=0.00 secs] 
2024-10-03T01:31:28.185+0300: 350.117: Total time for which application threads were stopped: 0.0009966 seconds, Stopping threads took: 0.0001566 seconds
2024-10-03T01:31:30.130+0300: 352.065: Application time: 1.9476006 seconds
2024-10-03T01:31:30.130+0300: 352.065: [GC (Allocation Failure) 2024-10-03T01:31:30.130+0300: 352.065: [DefNew: 560336K->1212K(629120K), 0.0007407 secs] 570418K->11295K(2027264K), 0.0008312 secs] [Times: user=0.00 sys=0.00, real=0.00 secs] 
2024-10-03T01:31:30.130+0300: 352.066: Total time for which application threads were stopped: 0.0010945 seconds, Stopping threads took: 0.0001526 seconds
2024-10-03T01:31:32.091+0300: 354.020: Application time: 1.9541971 seconds
2024-10-03T01:31:32.091+0300: 354.020: [GC (Allocation Failure) 2024-10-03T01:31:32.091+0300: 354.020: [DefNew: 560322K->1212K(629120K), 0.0007442 secs] 570405K->11296K(2027264K), 0.0008126 secs] [Times: user=0.00 sys=0.00, real=0.00 secs] 
2024-10-03T01:31:32.091+0300: 354.021: Total time for which application threads were stopped: 0.0010787 seconds, Stopping threads took: 0.0001745 seconds
2024-10-03T01:31:34.036+0300: 355.968: Application time: 1.9475460 seconds
2024-10-03T01:31:34.036+0300: 355.969: [GC (Allocation Failure) 2024-10-03T01:31:34.036+0300: 355.969: [DefNew: 560326K->1212K(629120K), 0.0007116 secs] 570411K->11297K(2027264K), 0.0007733 secs] [Times: user=0.00 sys=0.00, real=0.00 secs] 
2024-10-03T01:31:34.036+0300: 355.970: Total time for which application threads were stopped: 0.0010688 seconds, Stopping threads took: 0.0002055 seconds
2024-10-03T01:31:35.982+0300: 357.910: Application time: 1.9406912 seconds
2024-10-03T01:31:35.982+0300: 357.910: [GC (Allocation Failure) 2024-10-03T01:31:35.982+0300: 357.911: [DefNew: 560324K->1724K(629120K), 0.0008351 secs] 570409K->11810K(2027264K), 0.0009316 secs] [Times: user=0.00 sys=0.00, real=0.00 secs] 
2024-10-03T01:31:35.982+0300: 357.911: Total time for which application threads were stopped: 0.0012130 seconds, Stopping threads took: 0.0001683 seconds
2024-10-03T01:31:37.928+0300: 359.858: Application time: 1.9464991 seconds
2024-10-03T01:31:37.928+0300: 359.858: [GC (Allocation Failure) 2024-10-03T01:31:37.928+0300: 359.858: [DefNew: 560839K->1212K(629120K), 0.0007585 secs] 570925K->11300K(2027264K), 0.0008428 secs] [Times: user=0.00 sys=0.00, real=0.00 secs] 
2024-10-03T01:31:37.928+0300: 359.859: Total time for which application threads were stopped: 0.0011382 seconds, Stopping threads took: 0.0001453 seconds
2024-10-03T01:31:39.915+0300: 361.848: Application time: 1.9886190 seconds
2024-10-03T01:31:39.915+0300: 361.848: [GC (Allocation Failure) 2024-10-03T01:31:39.915+0300: 361.848: [DefNew: 560337K->1212K(629120K), 0.0011296 secs] 570425K->11301K(2027264K), 0.0012152 secs] [Times: user=0.00 sys=0.00, real=0.01 secs] 
2024-10-03T01:31:39.920+0300: 361.849: Total time for which application threads were stopped: 0.0014699 seconds, Stopping threads took: 0.0001340 seconds
2024-10-03T01:31:41.866+0300: 363.810: Application time: 1.9610593 seconds
2024-10-03T01:31:41.882+0300: 363.811: [GC (Allocation Failure) 2024-10-03T01:31:41.882+0300: 363.811: [DefNew: 560328K->2236K(629120K), 0.0009693 secs] 570417K->12326K(2027264K), 0.0010604 secs] [Times: user=0.00 sys=0.00, real=0.00 secs] 
2024-10-03T01:31:41.882+0300: 363.812: Total time for which application threads were stopped: 0.0014647 seconds, Stopping threads took: 0.0002465 seconds
2024-10-03T01:31:43.828+0300: 365.761: Application time: 1.9496275 seconds
2024-10-03T01:31:43.828+0300: 365.762: [GC (Allocation Failure) 2024-10-03T01:31:43.828+0300: 365.762: [DefNew: 561364K->1212K(629120K), 0.0007490 secs] 571454K->11303K(2027264K), 0.0008399 secs] [Times: user=0.00 sys=0.00, real=0.00 secs] 
2024-10-03T01:31:43.828+0300: 365.762: Total time for which application threads were stopped: 0.0011194 seconds, Stopping threads took: 0.0001744 seconds
2024-10-03T01:31:45.773+0300: 367.707: Application time: 1.9450524 seconds
2024-10-03T01:31:45.773+0300: 367.708: [GC (Allocation Failure) 2024-10-03T01:31:45.773+0300: 367.708: [DefNew: 560325K->1724K(629120K), 0.0008375 secs] 570417K->11816K(2027264K), 0.0009079 secs] [Times: user=0.00 sys=0.00, real=0.00 secs] 
2024-10-03T01:31:45.773+0300: 367.709: Total time for which application threads were stopped: 0.0011831 seconds, Stopping threads took: 0.0001800 seconds
2024-10-03T01:31:47.729+0300: 369.660: Application time: 1.9509845 seconds
2024-10-03T01:31:47.729+0300: 369.660: [GC (Allocation Failure) 2024-10-03T01:31:47.729+0300: 369.660: [DefNew: 560840K->1212K(629120K), 0.0007578 secs] 570932K->11305K(2027264K), 0.0008226 secs] [Times: user=0.00 sys=0.00, real=0.00 secs] 
2024-10-03T01:31:47.729+0300: 369.661: Total time for which application threads were stopped: 0.0010424 seconds, Stopping threads took: 0.0000929 seconds
2024-10-03T01:31:49.681+0300: 371.612: Application time: 1.9512045 seconds
2024-10-03T01:31:49.681+0300: 371.612: [GC (Allocation Failure) 2024-10-03T01:31:49.681+0300: 371.612: [DefNew: 560345K->1724K(629120K), 0.0009389 secs] 570438K->11819K(2027264K), 0.0010275 secs] [Times: user=0.00 sys=0.00, real=0.00 secs] 
2024-10-03T01:31:49.681+0300: 371.613: Total time for which application threads were stopped: 0.0013103 seconds, Stopping threads took: 0.0001619 seconds
2024-10-03T01:31:51.627+0300: 373.561: Application time: 1.9479081 seconds
2024-10-03T01:31:51.627+0300: 373.561: [GC (Allocation Failure) 2024-10-03T01:31:51.627+0300: 373.561: [DefNew: 560847K->2236K(629120K), 0.0009590 secs] 570942K->12332K(2027264K), 0.0010443 secs] [Times: user=0.00 sys=0.00, real=0.00 secs] 
2024-10-03T01:31:51.627+0300: 373.562: Total time for which application threads were stopped: 0.0013332 seconds, Stopping threads took: 0.0001571 seconds
2024-10-03T01:31:53.573+0300: 375.510: Application time: 1.9477994 seconds
2024-10-03T01:31:53.573+0300: 375.511: [GC (Allocation Failure) 2024-10-03T01:31:53.573+0300: 375.511: [DefNew: 561369K->2236K(629120K), 0.0010880 secs] 571465K->12333K(2027264K), 0.0011545 secs] [Times: user=0.00 sys=0.00, real=0.00 secs] 
2024-10-03T01:31:53.573+0300: 375.512: Total time for which application threads were stopped: 0.0014220 seconds, Stopping threads took: 0.0001570 seconds
2024-10-03T01:31:55.519+0300: 377.461: Application time: 1.9491522 seconds
2024-10-03T01:31:55.519+0300: 377.461: [GC (Allocation Failure) 2024-10-03T01:31:55.519+0300: 377.461: [DefNew: 561385K->1724K(629120K), 0.0008552 secs] 571483K->11822K(2027264K), 0.0009250 secs] [Times: user=0.00 sys=0.00, real=0.00 secs] 
2024-10-03T01:31:55.519+0300: 377.462: Total time for which application threads were stopped: 0.0011517 seconds, Stopping threads took: 0.0001237 seconds
2024-10-03T01:31:57.463+0300: 379.404: Application time: 1.9423950 seconds
2024-10-03T01:31:57.463+0300: 379.405: [GC (Allocation Failure) 2024-10-03T01:31:57.463+0300: 379.405: [DefNew: 560956K->700K(629120K), 0.0007013 secs] 571054K->10800K(2027264K), 0.0007907 secs] [Times: user=0.00 sys=0.00, real=0.00 secs] 
2024-10-03T01:31:57.463+0300: 379.405: Total time for which application threads were stopped: 0.0010422 seconds, Stopping threads took: 0.0001317 seconds
2024-10-03T01:31:59.408+0300: 381.352: Application time: 1.9463701 seconds
2024-10-03T01:31:59.408+0300: 381.352: [GC (Allocation Failure) 2024-10-03T01:31:59.424+0300: 381.352: [DefNew: 559829K->2236K(629120K), 0.0011079 secs] 569928K->12337K(2027264K), 0.0012032 secs] [Times: user=0.00 sys=0.00, real=0.02 secs] 
2024-10-03T01:31:59.424+0300: 381.353: Total time for which application threads were stopped: 0.0015997 seconds, Stopping threads took: 0.0002594 seconds
2024-10-03T01:32:01.370+0300: 383.305: Application time: 1.9520331 seconds
2024-10-03T01:32:01.370+0300: 383.306: [GC (Allocation Failure) 2024-10-03T01:32:01.370+0300: 383.306: [DefNew: 561380K->1724K(629120K), 0.0008186 secs] 571481K->11826K(2027264K), 0.0008963 secs] [Times: user=0.00 sys=0.00, real=0.00 secs] 
2024-10-03T01:32:01.370+0300: 383.307: Total time for which application threads were stopped: 0.0011536 seconds, Stopping threads took: 0.0001671 seconds
2024-10-03T01:32:03.316+0300: 385.249: Application time: 1.9418905 seconds
2024-10-03T01:32:03.316+0300: 385.249: [GC (Allocation Failure) 2024-10-03T01:32:03.316+0300: 385.249: [DefNew: 560837K->2236K(629120K), 0.0010562 secs] 570939K->12339K(2027264K), 0.0011601 secs] [Times: user=0.00 sys=0.00, real=0.00 secs] 
2024-10-03T01:32:03.316+0300: 385.250: Total time for which application threads were stopped: 0.0014289 seconds, Stopping threads took: 0.0001596 seconds
2024-10-03T01:32:05.262+0300: 387.195: Application time: 1.9446661 seconds
2024-10-03T01:32:05.262+0300: 387.195: [GC (Allocation Failure) 2024-10-03T01:32:05.262+0300: 387.195: [DefNew: 561366K->700K(629120K), 0.0006620 secs] 571469K->10804K(2027264K), 0.0007169 secs] [Times: user=0.00 sys=0.00, real=0.00 secs] 
2024-10-03T01:32:05.267+0300: 387.196: Total time for which application threads were stopped: 0.0010275 seconds, Stopping threads took: 0.0002190 seconds
2024-10-03T01:32:07.207+0300: 389.139: Application time: 1.9431001 seconds
2024-10-03T01:32:07.207+0300: 389.139: [GC (Allocation Failure) 2024-10-03T01:32:07.207+0300: 389.139: [DefNew: 559838K->1724K(629120K), 0.0008424 secs] 569943K->11830K(2027264K), 0.0009099 secs] [Times: user=0.01 sys=0.00, real=0.00 secs] 
2024-10-03T01:32:07.211+0300: 389.140: Total time for which application threads were stopped: 0.0011801 seconds, Stopping threads took: 0.0001767 seconds
2024-10-03T01:32:09.154+0300: 391.090: Application time: 1.9505223 seconds
2024-10-03T01:32:09.154+0300: 391.091: [GC (Allocation Failure) 2024-10-03T01:32:09.154+0300: 391.091: [DefNew: 560832K->1724K(629120K), 0.0009207 secs] 570937K->11831K(2027264K), 0.0009995 secs] [Times: user=0.00 sys=0.00, real=0.00 secs] 
2024-10-03T01:32:09.154+0300: 391.092: Total time for which application threads were stopped: 0.0013329 seconds, Stopping threads took: 0.0002049 seconds
2024-10-03T01:32:11.099+0300: 393.041: Application time: 1.9489658 seconds
2024-10-03T01:32:11.099+0300: 393.041: [GC (Allocation Failure) 2024-10-03T01:32:11.099+0300: 393.041: [DefNew: 560882K->700K(629120K), 0.0007037 secs] 570989K->10808K(2027264K), 0.0007526 secs] [Times: user=0.00 sys=0.00, real=0.01 secs] 
2024-10-03T01:32:11.113+0300: 393.042: Total time for which application threads were stopped: 0.0009724 seconds, Stopping threads took: 0.0001018 seconds
2024-10-03T01:32:13.045+0300: 394.988: Application time: 1.9457971 seconds
2024-10-03T01:32:13.045+0300: 394.988: [GC (Allocation Failure) 2024-10-03T01:32:13.045+0300: 394.988: [DefNew: 559835K->1212K(629120K), 0.0008093 secs] 569943K->11321K(2027264K), 0.0008775 secs] [Times: user=0.01 sys=0.00, real=0.01 secs] 
2024-10-03T01:32:13.060+0300: 394.989: Total time for which application threads were stopped: 0.0011752 seconds, Stopping threads took: 0.0002077 seconds
2024-10-03T01:32:15.006+0300: 396.944: Application time: 1.9551407 seconds
2024-10-03T01:32:15.006+0300: 396.944: [GC (Allocation Failure) 2024-10-03T01:32:15.006+0300: 396.944: [DefNew: 560321K->2236K(629120K), 0.0010684 secs] 570431K->12346K(2027264K), 0.0011604 secs] [Times: user=0.00 sys=0.00, real=0.00 secs] 
2024-10-03T01:32:15.006+0300: 396.945: Total time for which application threads were stopped: 0.0014171 seconds, Stopping threads took: 0.0001486 seconds
2024-10-03T01:32:16.984+0300: 398.912: Application time: 1.9672181 seconds
2024-10-03T01:32:16.984+0300: 398.913: [GC (Allocation Failure) 2024-10-03T01:32:16.984+0300: 398.913: [DefNew: 561383K->1212K(629120K), 0.0007762 secs] 571493K->11323K(2027264K), 0.0008442 secs] [Times: user=0.00 sys=0.00, real=0.00 secs] 
2024-10-03T01:32:16.984+0300: 398.914: Total time for which application threads were stopped: 0.0011940 seconds, Stopping threads took: 0.0002197 seconds
2024-10-03T01:32:18.929+0300: 400.861: Application time: 1.9468865 seconds
2024-10-03T01:32:18.929+0300: 400.861: [GC (Allocation Failure) 2024-10-03T01:32:18.929+0300: 400.861: [DefNew: 560338K->1724K(629120K), 0.0009346 secs] 570450K->11837K(2027264K), 0.0010188 secs] [Times: user=0.00 sys=0.00, real=0.00 secs] 
2024-10-03T01:32:18.933+0300: 400.862: Total time for which application threads were stopped: 0.0013775 seconds, Stopping threads took: 0.0002163 seconds
2024-10-03T01:32:20.874+0300: 402.810: Application time: 1.9484941 seconds
2024-10-03T01:32:20.874+0300: 402.811: [GC (Allocation Failure) 2024-10-03T01:32:20.874+0300: 402.811: [DefNew: 560847K->1724K(629120K), 0.0016098 secs] 570960K->11838K(2027264K), 0.0017172 secs] [Times: user=0.00 sys=0.00, real=0.00 secs] 
2024-10-03T01:32:20.874+0300: 402.812: Total time for which application threads were stopped: 0.0020027 seconds, Stopping threads took: 0.0001575 seconds
2024-10-03T01:32:22.819+0300: 404.762: Application time: 1.9496822 seconds
2024-10-03T01:32:22.819+0300: 404.762: [GC (Allocation Failure) 2024-10-03T01:32:22.819+0300: 404.762: [DefNew: 560877K->1212K(629120K), 0.0006997 secs] 570991K->11327K(2027264K), 0.0007832 secs] [Times: user=0.00 sys=0.00, real=0.00 secs] 
2024-10-03T01:32:22.835+0300: 404.763: Total time for which application threads were stopped: 0.0011442 seconds, Stopping threads took: 0.0001955 seconds
2024-10-03T01:32:24.780+0300: 406.711: Application time: 1.9475165 seconds
2024-10-03T01:32:24.780+0300: 406.711: [GC (Allocation Failure) 2024-10-03T01:32:24.780+0300: 406.711: [DefNew: 560332K->1212K(629120K), 0.0008485 secs] 570447K->11328K(2027264K), 0.0009213 secs] [Times: user=0.00 sys=0.00, real=0.00 secs] 
2024-10-03T01:32:24.780+0300: 406.712: Total time for which application threads were stopped: 0.0012072 seconds, Stopping threads took: 0.0001682 seconds
2024-10-03T01:32:26.726+0300: 408.667: Application time: 1.9545442 seconds
2024-10-03T01:32:26.726+0300: 408.667: [GC (Allocation Failure) 2024-10-03T01:32:26.726+0300: 408.667: [DefNew: 560328K->1724K(629120K), 0.0009007 secs] 570444K->11841K(2027264K), 0.0009692 secs] [Times: user=0.01 sys=0.00, real=0.01 secs] 
2024-10-03T01:32:26.739+0300: 408.668: Total time for which application threads were stopped: 0.0012401 seconds, Stopping threads took: 0.0001710 seconds
2024-10-03T01:32:28.687+0300: 410.629: Application time: 1.9610863 seconds
2024-10-03T01:32:28.687+0300: 410.629: [GC (Allocation Failure) 2024-10-03T01:32:28.687+0300: 410.629: [DefNew: 560857K->1724K(629120K), 0.0010777 secs] 570975K->11843K(2027264K), 0.0012222 secs] [Times: user=0.00 sys=0.00, real=0.00 secs] 
2024-10-03T01:32:28.687+0300: 410.630: Total time for which application threads were stopped: 0.0015704 seconds, Stopping threads took: 0.0002291 seconds
2024-10-03T01:32:30.649+0300: 412.581: Application time: 1.9507772 seconds
2024-10-03T01:32:30.649+0300: 412.582: [GC (Allocation Failure) 2024-10-03T01:32:30.649+0300: 412.582: [DefNew: 560837K->700K(629120K), 0.0006579 secs] 570956K->10820K(2027264K), 0.0007142 secs] [Times: user=0.00 sys=0.00, real=0.01 secs] 
2024-10-03T01:32:30.654+0300: 412.582: Total time for which application threads were stopped: 0.0010101 seconds, Stopping threads took: 0.0002032 seconds
2024-10-03T01:32:32.595+0300: 414.526: Application time: 1.9439663 seconds
2024-10-03T01:32:32.595+0300: 414.527: [GC (Allocation Failure) 2024-10-03T01:32:32.595+0300: 414.527: [DefNew: 559835K->2236K(629120K), 0.0010019 secs] 569955K->12357K(2027264K), 0.0010932 secs] [Times: user=0.00 sys=0.00, real=0.00 secs] 
2024-10-03T01:32:32.595+0300: 414.528: Total time for which application threads were stopped: 0.0014341 seconds, Stopping threads took: 0.0002015 seconds
2024-10-03T01:32:34.540+0300: 416.473: Application time: 1.9457709 seconds
2024-10-03T01:32:34.540+0300: 416.474: [GC (Allocation Failure) 2024-10-03T01:32:34.540+0300: 416.474: [DefNew: 561360K->1724K(629120K), 0.0008473 secs] 571481K->11846K(2027264K), 0.0009248 secs] [Times: user=0.00 sys=0.00, real=0.01 secs] 
2024-10-03T01:32:34.546+0300: 416.475: Total time for which application threads were stopped: 0.0012906 seconds, Stopping threads took: 0.0002346 seconds
2024-10-03T01:32:36.500+0300: 418.429: Application time: 1.9546654 seconds
2024-10-03T01:32:36.500+0300: 418.430: [GC (Allocation Failure) 2024-10-03T01:32:36.500+0300: 418.430: [DefNew: 560842K->1724K(629120K), 0.0008260 secs] 570964K->11847K(2027264K), 0.0008980 secs] [Times: user=0.00 sys=0.00, real=0.00 secs] 
2024-10-03T01:32:36.502+0300: 418.431: Total time for which application threads were stopped: 0.0012123 seconds, Stopping threads took: 0.0001863 seconds
2024-10-03T01:32:38.447+0300: 420.375: Application time: 1.9445932 seconds
2024-10-03T01:32:38.447+0300: 420.375: [GC (Allocation Failure) 2024-10-03T01:32:38.447+0300: 420.375: [DefNew: 560956K->700K(629120K), 0.0007006 secs] 571079K->10825K(2027264K), 0.0007544 secs] [Times: user=0.00 sys=0.00, real=0.00 secs] 
2024-10-03T01:32:38.447+0300: 420.376: Total time for which application threads were stopped: 0.0009758 seconds, Stopping threads took: 0.0001280 seconds
2024-10-03T01:32:40.392+0300: 422.325: Application time: 1.9485145 seconds
2024-10-03T01:32:40.392+0300: 422.325: [GC (Allocation Failure) 2024-10-03T01:32:40.392+0300: 422.325: [DefNew: 559828K->2748K(629120K), 0.0010823 secs] 569953K->12874K(2027264K), 0.0011642 secs] [Times: user=0.00 sys=0.00, real=0.00 secs] 
2024-10-03T01:32:40.392+0300: 422.326: Total time for which application threads were stopped: 0.0015102 seconds, Stopping threads took: 0.0002323 seconds
2024-10-03T01:32:42.331+0300: 424.260: Application time: 1.9340375 seconds
2024-10-03T01:32:42.331+0300: 424.260: [GC (Allocation Failure) 2024-10-03T01:32:42.331+0300: 424.260: [DefNew: 561806K->1212K(629120K), 0.0008576 secs] 571932K->11339K(2027264K), 0.0009299 secs] [Times: user=0.00 sys=0.00, real=0.00 secs] 
2024-10-03T01:32:42.331+0300: 424.261: Total time for which application threads were stopped: 0.0011286 seconds, Stopping threads took: 0.0001037 seconds
2024-10-03T01:32:44.266+0300: 426.205: Application time: 1.9437635 seconds
2024-10-03T01:32:44.266+0300: 426.205: [GC (Allocation Failure) 2024-10-03T01:32:44.266+0300: 426.205: [DefNew: 560326K->1212K(629120K), 0.0007304 secs] 570453K->11340K(2027264K), 0.0007958 secs] [Times: user=0.00 sys=0.00, real=0.00 secs] 
2024-10-03T01:32:44.266+0300: 426.206: Total time for which application threads were stopped: 0.0010453 seconds, Stopping threads took: 0.0001585 seconds
2024-10-03T01:32:46.212+0300: 428.152: Application time: 1.9453860 seconds
2024-10-03T01:32:46.212+0300: 428.152: [GC (Allocation Failure) 2024-10-03T01:32:46.212+0300: 428.152: [DefNew: 560318K->2236K(629120K), 0.0009551 secs] 570447K->12365K(2027264K), 0.0010388 secs] [Times: user=0.00 sys=0.00, real=0.00 secs] 
2024-10-03T01:32:46.212+0300: 428.153: Total time for which application threads were stopped: 0.0013163 seconds, Stopping threads took: 0.0001622 seconds
2024-10-03T01:32:48.174+0300: 430.104: Application time: 1.9513856 seconds
2024-10-03T01:32:48.174+0300: 430.105: [GC (Allocation Failure) 2024-10-03T01:32:48.174+0300: 430.105: [DefNew: 561339K->1212K(629120K), 0.0007088 secs] 571469K->11343K(2027264K), 0.0007664 secs] [Times: user=0.00 sys=0.00, real=0.00 secs] 
2024-10-03T01:32:48.174+0300: 430.105: Total time for which application threads were stopped: 0.0010581 seconds, Stopping threads took: 0.0001996 seconds
2024-10-03T01:32:50.105+0300: 432.048: Application time: 1.9431463 seconds
2024-10-03T01:32:50.105+0300: 432.049: [GC (Allocation Failure) 2024-10-03T01:32:50.105+0300: 432.049: [DefNew: 560345K->2748K(629120K), 0.0011277 secs] 570476K->12880K(2027264K), 0.0012080 secs] [Times: user=0.02 sys=0.00, real=0.02 secs] 
2024-10-03T01:32:50.121+0300: 432.050: Total time for which application threads were stopped: 0.0015254 seconds, Stopping threads took: 0.0002062 seconds
2024-10-03T01:32:52.067+0300: 433.996: Application time: 1.9460170 seconds
2024-10-03T01:32:52.067+0300: 433.996: [GC (Allocation Failure) 2024-10-03T01:32:52.067+0300: 433.996: [DefNew: 561855K->1724K(629120K), 0.0008304 secs] 571987K->11857K(2027264K), 0.0009031 secs] [Times: user=0.00 sys=0.00, real=0.00 secs] 
2024-10-03T01:32:52.067+0300: 433.997: Total time for which application threads were stopped: 0.0011727 seconds, Stopping threads took: 0.0001480 seconds
2024-10-03T01:32:53.997+0300: 435.939: Application time: 1.9421708 seconds
2024-10-03T01:32:53.997+0300: 435.940: [GC (Allocation Failure) 2024-10-03T01:32:53.997+0300: 435.940: [DefNew: 560849K->1212K(629120K), 0.0007507 secs] 570983K->11346K(2027264K), 0.0008171 secs] [Times: user=0.00 sys=0.00, real=0.00 secs] 
2024-10-03T01:32:53.997+0300: 435.940: Total time for which application threads were stopped: 0.0010715 seconds, Stopping threads took: 0.0001674 seconds
2024-10-03T01:32:55.942+0300: 437.884: Application time: 1.9438129 seconds
2024-10-03T01:32:55.942+0300: 437.885: [GC (Allocation Failure) 2024-10-03T01:32:55.942+0300: 437.885: [DefNew: 560326K->1212K(629120K), 0.0008316 secs] 570460K->11347K(2027264K), 0.0009088 secs] [Times: user=0.02 sys=0.00, real=0.02 secs] 
2024-10-03T01:32:55.957+0300: 437.885: Total time for which application threads were stopped: 0.0011806 seconds, Stopping threads took: 0.0001701 seconds
2024-10-03T01:32:57.887+0300: 439.831: Application time: 1.9453195 seconds
2024-10-03T01:32:57.903+0300: 439.831: [GC (Allocation Failure) 2024-10-03T01:32:57.903+0300: 439.831: [DefNew: 560330K->2236K(629120K), 0.0009820 secs] 570466K->12373K(2027264K), 0.0010730 secs] [Times: user=0.00 sys=0.00, real=0.00 secs] 
2024-10-03T01:32:57.903+0300: 439.832: Total time for which application threads were stopped: 0.0015084 seconds, Stopping threads took: 0.0002955 seconds
2024-10-03T01:32:59.848+0300: 441.779: Application time: 1.9467053 seconds
2024-10-03T01:32:59.848+0300: 441.779: [GC (Allocation Failure) 2024-10-03T01:32:59.848+0300: 441.779: [DefNew: 561356K->2748K(629120K), 0.0010305 secs] 571492K->12886K(2027264K), 0.0011165 secs] [Times: user=0.00 sys=0.00, real=0.00 secs] 
2024-10-03T01:32:59.848+0300: 441.780: Total time for which application threads were stopped: 0.0014783 seconds, Stopping threads took: 0.0002387 seconds
2024-10-03T01:33:01.809+0300: 443.740: Application time: 1.9592594 seconds
2024-10-03T01:33:01.809+0300: 443.740: [GC (Allocation Failure) 2024-10-03T01:33:01.809+0300: 443.740: [DefNew: 561876K->700K(629120K), 0.0006304 secs] 572014K->10839K(2027264K), 0.0006965 secs] [Times: user=0.00 sys=0.00, real=0.00 secs] 
2024-10-03T01:33:01.809+0300: 443.741: Total time for which application threads were stopped: 0.0009686 seconds, Stopping threads took: 0.0001691 seconds
2024-10-03T01:33:03.739+0300: 445.680: Application time: 1.9390713 seconds
2024-10-03T01:33:03.739+0300: 445.680: [GC (Allocation Failure) 2024-10-03T01:33:03.739+0300: 445.680: [DefNew: 559829K->2748K(629120K), 0.0010347 secs] 569968K->12888K(2027264K), 0.0011131 secs] [Times: user=0.00 sys=0.00, real=0.00 secs] 
2024-10-03T01:33:03.739+0300: 445.681: Total time for which application threads were stopped: 0.0013587 seconds, Stopping threads took: 0.0001490 seconds
2024-10-03T01:33:05.701+0300: 447.633: Application time: 1.9518694 seconds
2024-10-03T01:33:05.701+0300: 447.633: [GC (Allocation Failure) 2024-10-03T01:33:05.701+0300: 447.633: [DefNew: 561873K->1724K(629120K), 0.0008124 secs] 572014K->11865K(2027264K), 0.0008818 secs] [Times: user=0.00 sys=0.00, real=0.00 secs] 
2024-10-03T01:33:05.701+0300: 447.634: Total time for which application threads were stopped: 0.0011929 seconds, Stopping threads took: 0.0002123 seconds
2024-10-03T01:33:07.648+0300: 449.588: Application time: 1.9537766 seconds
2024-10-03T01:33:07.648+0300: 449.588: [GC (Allocation Failure) 2024-10-03T01:33:07.648+0300: 449.588: [DefNew: 560843K->1724K(629120K), 0.0008436 secs] 570985K->11867K(2027264K), 0.0009433 secs] [Times: user=0.00 sys=0.00, real=0.00 secs] 
2024-10-03T01:33:07.648+0300: 449.589: Total time for which application threads were stopped: 0.0011947 seconds, Stopping threads took: 0.0001552 seconds
2024-10-03T01:33:09.593+0300: 451.533: Application time: 1.9441603 seconds
2024-10-03T01:33:09.593+0300: 451.534: [GC (Allocation Failure) 2024-10-03T01:33:09.593+0300: 451.534: [DefNew: 560866K->1212K(629120K), 0.0008119 secs] 571009K->11356K(2027264K), 0.0008941 secs] [Times: user=0.00 sys=0.00, real=0.00 secs] 
2024-10-03T01:33:09.593+0300: 451.535: Total time for which application threads were stopped: 0.0011663 seconds, Stopping threads took: 0.0001577 seconds
2024-10-03T01:33:11.538+0300: 453.480: Application time: 1.9454658 seconds
2024-10-03T01:33:11.538+0300: 453.480: [GC (Allocation Failure) 2024-10-03T01:33:11.538+0300: 453.480: [DefNew: 560340K->700K(629120K), 0.0006341 secs] 570484K->10845K(2027264K), 0.0006960 secs] [Times: user=0.00 sys=0.00, real=0.00 secs] 
2024-10-03T01:33:11.538+0300: 453.481: Total time for which application threads were stopped: 0.0009446 seconds, Stopping threads took: 0.0001641 seconds
2024-10-03T01:33:13.499+0300: 455.430: Application time: 1.9487347 seconds
2024-10-03T01:33:13.499+0300: 455.430: [GC (Allocation Failure) 2024-10-03T01:33:13.499+0300: 455.430: [DefNew: 559824K->700K(629120K), 0.0006934 secs] 569969K->10846K(2027264K), 0.0007734 secs] [Times: user=0.00 sys=0.00, real=0.00 secs] 
2024-10-03T01:33:13.499+0300: 455.431: Total time for which application threads were stopped: 0.0010942 seconds, Stopping threads took: 0.0002002 seconds
2024-10-03T01:33:15.445+0300: 457.379: Application time: 1.9486585 seconds
2024-10-03T01:33:15.445+0300: 457.380: [GC (Allocation Failure) 2024-10-03T01:33:15.445+0300: 457.380: [DefNew: 559824K->700K(629120K), 0.0006523 secs] 569970K->10847K(2027264K), 0.0007174 secs] [Times: user=0.00 sys=0.00, real=0.00 secs] 
2024-10-03T01:33:15.445+0300: 457.380: Total time for which application threads were stopped: 0.0009584 seconds, Stopping threads took: 0.0001356 seconds
2024-10-03T01:33:17.390+0300: 459.322: Application time: 1.9420548 seconds
2024-10-03T01:33:17.390+0300: 459.323: [GC (Allocation Failure) 2024-10-03T01:33:17.390+0300: 459.323: [DefNew: 559820K->1724K(629120K), 0.0009485 secs] 569967K->11873K(2027264K), 0.0010344 secs] [Times: user=0.00 sys=0.00, real=0.00 secs] 
2024-10-03T01:33:17.390+0300: 459.324: Total time for which application threads were stopped: 0.0013118 seconds, Stopping threads took: 0.0001353 seconds
2024-10-03T01:33:19.336+0300: 461.270: Application time: 1.9465473 seconds
2024-10-03T01:33:19.336+0300: 461.271: [GC (Allocation Failure) 2024-10-03T01:33:19.336+0300: 461.271: [DefNew: 560857K->1724K(629120K), 0.0008087 secs] 571006K->11874K(2027264K), 0.0008770 secs] [Times: user=0.00 sys=0.00, real=0.00 secs] 
2024-10-03T01:33:19.336+0300: 461.271: Total time for which application threads were stopped: 0.0011365 seconds, Stopping threads took: 0.0001501 seconds
2024-10-03T01:33:21.280+0300: 463.212: Application time: 1.9407565 seconds
2024-10-03T01:33:21.280+0300: 463.212: [GC (Allocation Failure) 2024-10-03T01:33:21.280+0300: 463.212: [DefNew: 560888K->1724K(629120K), 0.0008081 secs] 571038K->11875K(2027264K), 0.0008818 secs] [Times: user=0.00 sys=0.00, real=0.00 secs] 
2024-10-03T01:33:21.280+0300: 463.213: Total time for which application threads were stopped: 0.0011504 seconds, Stopping threads took: 0.0001512 seconds
2024-10-03T01:33:23.227+0300: 465.161: Application time: 1.9477011 seconds
2024-10-03T01:33:23.227+0300: 465.161: [GC (Allocation Failure) 2024-10-03T01:33:23.227+0300: 465.161: [DefNew: 560847K->1212K(629120K), 0.0007457 secs] 570998K->11364K(2027264K), 0.0008084 secs] [Times: user=0.00 sys=0.00, real=0.00 secs] 
2024-10-03T01:33:23.227+0300: 465.162: Total time for which application threads were stopped: 0.0010612 seconds, Stopping threads took: 0.0001589 seconds
2024-10-03T01:33:25.172+0300: 467.106: Application time: 1.9435520 seconds
2024-10-03T01:33:25.172+0300: 467.106: [GC (Allocation Failure) 2024-10-03T01:33:25.172+0300: 467.106: [DefNew: 560340K->1212K(629120K), 0.0007277 secs] 570492K->11365K(2027264K), 0.0007999 secs] [Times: user=0.00 sys=0.00, real=0.00 secs] 
2024-10-03T01:33:25.172+0300: 467.107: Total time for which application threads were stopped: 0.0010440 seconds, Stopping threads took: 0.0001534 seconds
2024-10-03T01:33:27.117+0300: 469.053: Application time: 1.9461866 seconds
2024-10-03T01:33:27.117+0300: 469.053: [GC (Allocation Failure) 2024-10-03T01:33:27.117+0300: 469.053: [DefNew: 560349K->1724K(629120K), 0.0008204 secs] 570502K->11878K(2027264K), 0.0008928 secs] [Times: user=0.00 sys=0.00, real=0.00 secs] 
2024-10-03T01:33:27.117+0300: 469.054: Total time for which application threads were stopped: 0.0011666 seconds, Stopping threads took: 0.0001768 seconds
2024-10-03T01:33:29.079+0300: 471.011: Application time: 1.9567236 seconds
2024-10-03T01:33:29.079+0300: 471.011: [GC (Allocation Failure) 2024-10-03T01:33:29.079+0300: 471.011: [DefNew: 560831K->1724K(629120K), 0.0009141 secs] 570986K->11880K(2027264K), 0.0009923 secs] [Times: user=0.00 sys=0.00, real=0.00 secs] 
2024-10-03T01:33:29.079+0300: 471.012: Total time for which application threads were stopped: 0.0012659 seconds, Stopping threads took: 0.0001724 seconds
2024-10-03T01:33:31.043+0300: 472.977: Application time: 1.9650562 seconds
2024-10-03T01:33:31.043+0300: 472.977: [GC (Allocation Failure) 2024-10-03T01:33:31.043+0300: 472.977: [DefNew: 560854K->1212K(629120K), 0.0009356 secs] 571010K->11369K(2027264K), 0.0010006 secs] [Times: user=0.00 sys=0.00, real=0.00 secs] 
2024-10-03T01:33:31.043+0300: 472.978: Total time for which application threads were stopped: 0.0012231 seconds, Stopping threads took: 0.0001278 seconds
2024-10-03T01:33:32.988+0300: 474.923: Application time: 1.9443290 seconds
2024-10-03T01:33:32.988+0300: 474.923: [GC (Allocation Failure) 2024-10-03T01:33:32.988+0300: 474.923: [DefNew: 560339K->2236K(629120K), 0.0009256 secs] 570496K->12394K(2027264K), 0.0009981 secs] [Times: user=0.00 sys=0.00, real=0.00 secs] 
2024-10-03T01:33:32.988+0300: 474.924: Total time for which application threads were stopped: 0.0012842 seconds, Stopping threads took: 0.0001811 seconds
2024-10-03T01:33:34.933+0300: 476.873: Application time: 1.9493748 seconds
2024-10-03T01:33:34.933+0300: 476.874: [GC (Allocation Failure) 2024-10-03T01:33:34.933+0300: 476.874: [DefNew: 561349K->1212K(629120K), 0.0007706 secs] 571507K->11372K(2027264K), 0.0008405 secs] [Times: user=0.00 sys=0.00, real=0.00 secs] 
2024-10-03T01:33:34.933+0300: 476.874: Total time for which application threads were stopped: 0.0011073 seconds, Stopping threads took: 0.0001479 seconds
2024-10-03T01:33:35.938+0300: 477.867: Application time: 0.9922137 seconds
2024-10-03T01:33:35.938+0300: 477.867: Total time for which application threads were stopped: 0.0002689 seconds, Stopping threads took: 0.0002183 seconds
2024-10-03T01:33:36.895+0300: 478.831: Application time: 0.9641845 seconds
2024-10-03T01:33:36.895+0300: 478.831: [GC (Allocation Failure) 2024-10-03T01:33:36.895+0300: 478.832: [DefNew: 560350K->1724K(629120K), 0.0009463 secs] 570510K->11885K(2027264K), 0.0010224 secs] [Times: user=0.00 sys=0.00, real=0.00 secs] 
2024-10-03T01:33:36.895+0300: 478.833: Total time for which application threads were stopped: 0.0013789 seconds, Stopping threads took: 0.0002602 seconds
2024-10-03T01:33:38.857+0300: 480.787: Application time: 1.9541786 seconds
2024-10-03T01:33:38.857+0300: 480.787: [GC (Allocation Failure) 2024-10-03T01:33:38.857+0300: 480.787: [DefNew: 560853K->1724K(629120K), 0.0008937 secs] 571014K->11886K(2027264K), 0.0009639 secs] [Times: user=0.00 sys=0.00, real=0.00 secs] 
2024-10-03T01:33:38.857+0300: 480.788: Total time for which application threads were stopped: 0.0011799 seconds, Stopping threads took: 0.0001218 seconds
2024-10-03T01:33:40.804+0300: 482.742: Application time: 1.9537960 seconds
2024-10-03T01:33:40.804+0300: 482.742: [GC (Allocation Failure) 2024-10-03T01:33:40.804+0300: 482.742: [DefNew: 560835K->1212K(629120K), 0.0007352 secs] 570997K->11375K(2027264K), 0.0008254 secs] [Times: user=0.00 sys=0.00, real=0.00 secs] 
2024-10-03T01:33:40.804+0300: 482.743: Total time for which application threads were stopped: 0.0010816 seconds, Stopping threads took: 0.0001385 seconds
2024-10-03T01:33:42.750+0300: 484.692: Application time: 1.9488339 seconds
2024-10-03T01:33:42.750+0300: 484.692: [GC (Allocation Failure) 2024-10-03T01:33:42.750+0300: 484.692: [DefNew: 560356K->1212K(629120K), 0.0008580 secs] 570519K->11376K(2027264K), 0.0009594 secs] [Times: user=0.00 sys=0.00, real=0.00 secs] 
2024-10-03T01:33:42.750+0300: 484.693: Total time for which application threads were stopped: 0.0012295 seconds, Stopping threads took: 0.0001050 seconds
2024-10-03T01:33:44.698+0300: 486.634: Application time: 1.9409334 seconds
2024-10-03T01:33:44.698+0300: 486.634: [GC (Allocation Failure) 2024-10-03T01:33:44.698+0300: 486.634: [DefNew: 560344K->2236K(629120K), 0.0009111 secs] 570508K->12402K(2027264K), 0.0009969 secs] [Times: user=0.00 sys=0.00, real=0.00 secs] 
2024-10-03T01:33:44.698+0300: 486.635: Total time for which application threads were stopped: 0.0013427 seconds, Stopping threads took: 0.0002299 seconds
2024-10-03T01:33:46.642+0300: 488.574: Application time: 1.9390307 seconds
2024-10-03T01:33:46.642+0300: 488.574: [GC (Allocation Failure) 2024-10-03T01:33:46.642+0300: 488.574: [DefNew: 561301K->1212K(629120K), 0.0007282 secs] 571467K->11379K(2027264K), 0.0007927 secs] [Times: user=0.00 sys=0.00, real=0.00 secs] 
2024-10-03T01:33:46.642+0300: 488.575: Total time for which application threads were stopped: 0.0010524 seconds, Stopping threads took: 0.0001675 seconds
2024-10-03T01:33:48.572+0300: 490.516: Application time: 1.9404604 seconds
2024-10-03T01:33:48.588+0300: 490.516: [GC (Allocation Failure) 2024-10-03T01:33:48.588+0300: 490.516: [DefNew: 560355K->1212K(629120K), 0.0008016 secs] 570521K->11380K(2027264K), 0.0008853 secs] [Times: user=0.00 sys=0.00, real=0.00 secs] 
2024-10-03T01:33:48.588+0300: 490.517: Total time for which application threads were stopped: 0.0012408 seconds, Stopping threads took: 0.0002343 seconds
2024-10-03T01:33:50.518+0300: 492.457: Application time: 1.9403530 seconds
2024-10-03T01:33:50.518+0300: 492.458: [GC (Allocation Failure) 2024-10-03T01:33:50.518+0300: 492.458: [DefNew: 560317K->1724K(629120K), 0.0008216 secs] 570484K->11893K(2027264K), 0.0008909 secs] [Times: user=0.00 sys=0.00, real=0.00 secs] 
2024-10-03T01:33:50.518+0300: 492.458: Total time for which application threads were stopped: 0.0011499 seconds, Stopping threads took: 0.0001673 seconds
2024-10-03T01:33:52.463+0300: 494.403: Application time: 1.9447643 seconds
2024-10-03T01:33:52.463+0300: 494.403: [GC (Allocation Failure) 2024-10-03T01:33:52.463+0300: 494.403: [DefNew: 560844K->1212K(629120K), 0.0006939 secs] 571013K->11382K(2027264K), 0.0007540 secs] [Times: user=0.00 sys=0.00, real=0.00 secs] 
2024-10-03T01:33:52.463+0300: 494.404: Total time for which application threads were stopped: 0.0010360 seconds, Stopping threads took: 0.0001989 seconds
2024-10-03T01:33:54.424+0300: 496.353: Application time: 1.9486656 seconds
2024-10-03T01:33:54.424+0300: 496.353: [GC (Allocation Failure) 2024-10-03T01:33:54.424+0300: 496.353: [DefNew: 560344K->1724K(629120K), 0.0008004 secs] 570514K->11896K(2027264K), 0.0008818 secs] [Times: user=0.00 sys=0.00, real=0.00 secs] 
2024-10-03T01:33:54.424+0300: 496.354: Total time for which application threads were stopped: 0.0011811 seconds, Stopping threads took: 0.0001965 seconds
2024-10-03T01:33:56.292+0300: 498.223: Application time: 1.8688499 seconds
2024-10-03T01:33:56.292+0300: 498.223: Total time for which application threads were stopped: 0.0002414 seconds, Stopping threads took: 0.0001976 seconds
2024-10-03T01:33:56.371+0300: 498.305: Application time: 0.0820732 seconds
2024-10-03T01:33:56.371+0300: 498.305: [GC (Allocation Failure) 2024-10-03T01:33:56.371+0300: 498.306: [DefNew: 560842K->1184K(629120K), 0.0009459 secs] 571014K->11357K(2027264K), 0.0010163 secs] [Times: user=0.00 sys=0.00, real=0.00 secs] 
2024-10-03T01:33:56.371+0300: 498.307: Total time for which application threads were stopped: 0.0012691 seconds, Stopping threads took: 0.0001280 seconds
2024-10-03T01:33:56.637+0300: 498.567: Application time: 0.2605406 seconds
2024-10-03T01:33:56.637+0300: 498.567: Total time for which application threads were stopped: 0.0001774 seconds, Stopping threads took: 0.0001294 seconds
2024-10-03T01:33:56.857+0300: 498.798: Application time: 0.2309232 seconds
2024-10-03T01:33:56.857+0300: 498.798: Total time for which application threads were stopped: 0.0001416 seconds, Stopping threads took: 0.0000937 seconds
2024-10-03T01:33:56.972+0300: 498.907: Application time: 0.1090437 seconds
2024-10-03T01:33:56.972+0300: 498.908: Total time for which application threads were stopped: 0.0004081 seconds, Stopping threads took: 0.0003739 seconds
2024-10-03T01:33:57.987+0300: 499.915: Application time: 1.0076388 seconds
2024-10-03T01:33:57.987+0300: 499.916: Total time for which application threads were stopped: 0.0003084 seconds, Stopping threads took: 0.0002108 seconds
2024-10-03T01:33:58.505+0300: 500.440: Application time: 0.5244969 seconds
2024-10-03T01:33:58.505+0300: 500.440: [GC (Allocation Failure) 2024-10-03T01:33:58.505+0300: 500.441: [DefNew: 560204K->3778K(629120K), 0.0011654 secs] 570377K->13952K(2027264K), 0.0012521 secs] [Times: user=0.00 sys=0.00, real=0.00 secs] 
2024-10-03T01:33:58.505+0300: 500.442: Total time for which application threads were stopped: 0.0015447 seconds, Stopping threads took: 0.0001938 seconds
2024-10-03T01:33:59.508+0300: 501.437: Application time: 0.9948473 seconds
2024-10-03T01:33:59.508+0300: 501.437: Total time for which application threads were stopped: 0.0002589 seconds, Stopping threads took: 0.0002029 seconds
2024-10-03T01:34:00.622+0300: 502.552: Application time: 1.1150277 seconds
2024-10-03T01:34:00.622+0300: 502.552: [GC (Allocation Failure) 2024-10-03T01:34:00.622+0300: 502.552: [DefNew: 562785K->4290K(629120K), 0.0012928 secs] 572959K->14465K(2027264K), 0.0013701 secs] [Times: user=0.00 sys=0.00, real=0.00 secs] 
2024-10-03T01:34:00.622+0300: 502.554: Total time for which application threads were stopped: 0.0016623 seconds, Stopping threads took: 0.0001945 seconds
2024-10-03T01:34:02.709+0300: 504.642: Application time: 2.0881812 seconds
2024-10-03T01:34:02.709+0300: 504.642: [GC (Allocation Failure) 2024-10-03T01:34:02.709+0300: 504.642: [DefNew: 563062K->3778K(629120K), 0.0011506 secs] 573237K->13954K(2027264K), 0.0012181 secs] [Times: user=0.00 sys=0.00, real=0.00 secs] 
2024-10-03T01:34:02.709+0300: 504.643: Total time for which application threads were stopped: 0.0014920 seconds, Stopping threads took: 0.0001814 seconds
2024-10-03T01:34:04.795+0300: 506.729: Application time: 2.0853752 seconds
2024-10-03T01:34:04.795+0300: 506.729: [GC (Allocation Failure) 2024-10-03T01:34:04.795+0300: 506.729: [DefNew: 562634K->4290K(629120K), 0.0012972 secs] 572810K->14467K(2027264K), 0.0013701 secs] [Times: user=0.00 sys=0.00, real=0.00 secs] 
2024-10-03T01:34:04.795+0300: 506.730: Total time for which application threads were stopped: 0.0016732 seconds, Stopping threads took: 0.0002000 seconds
2024-10-03T01:34:06.891+0300: 508.822: Application time: 2.0918568 seconds
2024-10-03T01:34:06.891+0300: 508.822: [GC (Allocation Failure) 2024-10-03T01:34:06.891+0300: 508.822: [DefNew: 563054K->4290K(629120K), 0.0013057 secs] 573232K->14469K(2027264K), 0.0013989 secs] [Times: user=0.00 sys=0.00, real=0.00 secs] 
2024-10-03T01:34:06.891+0300: 508.824: Total time for which application threads were stopped: 0.0016712 seconds, Stopping threads took: 0.0001272 seconds
2024-10-03T01:34:08.969+0300: 510.909: Application time: 2.0847246 seconds
2024-10-03T01:34:08.969+0300: 510.909: [GC (Allocation Failure) 2024-10-03T01:34:08.969+0300: 510.909: [DefNew: 563301K->4290K(629120K), 0.0012630 secs] 573480K->14470K(2027264K), 0.0013445 secs] [Times: user=0.00 sys=0.00, real=0.00 secs] 
2024-10-03T01:34:08.969+0300: 510.910: Total time for which application threads were stopped: 0.0016444 seconds, Stopping threads took: 0.0001936 seconds
2024-10-03T01:34:11.040+0300: 512.984: Application time: 2.0735583 seconds
2024-10-03T01:34:11.055+0300: 512.984: [GC (Allocation Failure) 2024-10-03T01:34:11.055+0300: 512.984: [DefNew: 563467K->4290K(629120K), 0.0012622 secs] 573647K->14471K(2027264K), 0.0014227 secs] [Times: user=0.00 sys=0.00, real=0.00 secs] 
2024-10-03T01:34:11.055+0300: 512.986: Total time for which application threads were stopped: 0.0017614 seconds, Stopping threads took: 0.0002381 seconds
2024-10-03T01:34:13.143+0300: 515.077: Application time: 2.0915882 seconds
2024-10-03T01:34:13.143+0300: 515.077: [GC (Allocation Failure) 2024-10-03T01:34:13.143+0300: 515.077: [DefNew: 563124K->4290K(629120K), 0.0012339 secs] 573305K->14472K(2027264K), 0.0013641 secs] [Times: user=0.00 sys=0.00, real=0.00 secs] 
2024-10-03T01:34:13.143+0300: 515.079: Total time for which application threads were stopped: 0.0016118 seconds, Stopping threads took: 0.0001304 seconds
2024-10-03T01:34:15.230+0300: 517.173: Application time: 2.0938687 seconds
2024-10-03T01:34:15.230+0300: 517.173: [GC (Allocation Failure) 2024-10-03T01:34:15.230+0300: 517.173: [DefNew: 563461K->4290K(629120K), 0.0013810 secs] 573644K->14473K(2027264K), 0.0014645 secs] [Times: user=0.02 sys=0.00, real=0.02 secs] 
2024-10-03T01:34:15.246+0300: 517.174: Total time for which application threads were stopped: 0.0017280 seconds, Stopping threads took: 0.0001489 seconds
2024-10-03T01:34:17.317+0300: 519.259: Application time: 2.0843548 seconds
2024-10-03T01:34:17.317+0300: 519.259: [GC (Allocation Failure) 2024-10-03T01:34:17.317+0300: 519.259: [DefNew: 563304K->4289K(629120K), 0.0013871 secs] 573488K->14475K(2027264K), 0.0015041 secs] [Times: user=0.00 sys=0.00, real=0.00 secs] 
2024-10-03T01:34:17.317+0300: 519.260: Total time for which application threads were stopped: 0.0017455 seconds, Stopping threads took: 0.0001264 seconds
2024-10-03T01:34:19.420+0300: 521.354: Application time: 2.0931410 seconds
2024-10-03T01:34:19.420+0300: 521.354: [GC (Allocation Failure) 2024-10-03T01:34:19.420+0300: 521.354: [DefNew: 563107K->4290K(629120K), 0.0013345 secs] 573292K->14476K(2027264K), 0.0014169 secs] [Times: user=0.00 sys=0.00, real=0.00 secs] 
2024-10-03T01:34:19.420+0300: 521.355: Total time for which application threads were stopped: 0.0017587 seconds, Stopping threads took: 0.0002175 seconds
2024-10-03T01:34:21.507+0300: 523.440: Application time: 2.0849449 seconds
2024-10-03T01:34:21.507+0300: 523.441: [GC (Allocation Failure) 2024-10-03T01:34:21.507+0300: 523.441: [DefNew: 563157K->4290K(629120K), 0.0013005 secs] 573344K->14477K(2027264K), 0.0013794 secs] [Times: user=0.00 sys=0.00, real=0.00 secs] 
2024-10-03T01:34:21.507+0300: 523.442: Total time for which application threads were stopped: 0.0016583 seconds, Stopping threads took: 0.0001631 seconds
2024-10-03T01:34:23.593+0300: 525.532: Application time: 2.0905173 seconds
2024-10-03T01:34:23.593+0300: 525.533: [GC (Allocation Failure) 2024-10-03T01:34:23.593+0300: 525.533: [DefNew: 563043K->4290K(629120K), 0.0012816 secs] 573230K->14478K(2027264K), 0.0013674 secs] [Times: user=0.00 sys=0.00, real=0.00 secs] 
2024-10-03T01:34:23.593+0300: 525.534: Total time for which application threads were stopped: 0.0016654 seconds, Stopping threads took: 0.0001941 seconds
2024-10-03T01:34:25.695+0300: 527.625: Application time: 2.0906283 seconds
2024-10-03T01:34:25.695+0300: 527.625: [GC (Allocation Failure) 2024-10-03T01:34:25.695+0300: 527.625: [DefNew: 563042K->4290K(629120K), 0.0012427 secs] 573230K->14479K(2027264K), 0.0013409 secs] [Times: user=0.00 sys=0.00, real=0.00 secs] 
2024-10-03T01:34:25.695+0300: 527.626: Total time for which application threads were stopped: 0.0016269 seconds, Stopping threads took: 0.0001622 seconds
2024-10-03T01:34:27.782+0300: 529.711: Application time: 2.0841515 seconds
2024-10-03T01:34:27.782+0300: 529.711: [GC (Allocation Failure) 2024-10-03T01:34:27.782+0300: 529.711: [DefNew: 563355K->4290K(629120K), 0.0012800 secs] 573545K->14481K(2027264K), 0.0013493 secs] [Times: user=0.00 sys=0.00, real=0.00 secs] 
2024-10-03T01:34:27.782+0300: 529.712: Total time for which application threads were stopped: 0.0016761 seconds, Stopping threads took: 0.0001454 seconds
2024-10-03T01:34:29.853+0300: 531.797: Application time: 2.0843397 seconds
2024-10-03T01:34:29.853+0300: 531.797: [GC (Allocation Failure) 2024-10-03T01:34:29.853+0300: 531.797: [DefNew: 563346K->1724K(629120K), 0.0019954 secs] 573537K->14994K(2027264K), 0.0020806 secs] [Times: user=0.00 sys=0.02, real=0.02 secs] 
2024-10-03T01:34:29.869+0300: 531.799: Total time for which application threads were stopped: 0.0023425 seconds, Stopping threads took: 0.0001497 seconds
2024-10-03T01:34:31.784+0300: 533.726: Application time: 1.9269251 seconds
2024-10-03T01:34:31.784+0300: 533.726: [GC (Allocation Failure) 2024-10-03T01:34:31.784+0300: 533.726: [DefNew: 560595K->1724K(629120K), 0.0009203 secs] 573865K->14995K(2027264K), 0.0010029 secs] [Times: user=0.00 sys=0.00, real=0.00 secs] 
2024-10-03T01:34:31.784+0300: 533.727: Total time for which application threads were stopped: 0.0012831 seconds, Stopping threads took: 0.0001506 seconds
2024-10-03T01:34:33.730+0300: 535.659: Application time: 1.9323084 seconds
2024-10-03T01:34:33.730+0300: 535.660: [GC (Allocation Failure) 2024-10-03T01:34:33.730+0300: 535.660: [DefNew: 560612K->1212K(629120K), 0.0007243 secs] 573883K->14484K(2027264K), 0.0007883 secs] [Times: user=0.00 sys=0.00, real=0.00 secs] 
2024-10-03T01:34:33.730+0300: 535.661: Total time for which application threads were stopped: 0.0010728 seconds, Stopping threads took: 0.0001961 seconds
2024-10-03T01:34:35.660+0300: 537.598: Application time: 1.9372379 seconds
2024-10-03T01:34:35.660+0300: 537.598: [GC (Allocation Failure) 2024-10-03T01:34:35.660+0300: 537.598: [DefNew: 560418K->1724K(629120K), 0.0009142 secs] 573691K->14997K(2027264K), 0.0010009 secs] [Times: user=0.00 sys=0.00, real=0.00 secs] 
2024-10-03T01:34:35.660+0300: 537.599: Total time for which application threads were stopped: 0.0012615 seconds, Stopping threads took: 0.0001540 seconds
2024-10-03T01:34:37.604+0300: 539.538: Application time: 1.9393484 seconds
2024-10-03T01:34:37.604+0300: 539.539: [GC (Allocation Failure) 2024-10-03T01:34:37.604+0300: 539.539: [DefNew: 560891K->1212K(629120K), 0.0007709 secs] 574165K->14487K(2027264K), 0.0008496 secs] [Times: user=0.00 sys=0.00, real=0.00 secs] 
2024-10-03T01:34:37.604+0300: 539.540: Total time for which application threads were stopped: 0.0011526 seconds, Stopping threads took: 0.0001936 seconds
2024-10-03T01:34:39.554+0300: 541.492: Application time: 1.9522900 seconds
2024-10-03T01:34:39.554+0300: 541.492: [GC (Allocation Failure) 2024-10-03T01:34:39.554+0300: 541.492: [DefNew: 560357K->700K(629120K), 0.0008427 secs] 573632K->13976K(2027264K), 0.0009494 secs] [Times: user=0.00 sys=0.00, real=0.00 secs] 
2024-10-03T01:34:39.554+0300: 541.493: Total time for which application threads were stopped: 0.0014141 seconds, Stopping threads took: 0.0003179 seconds
2024-10-03T01:34:41.512+0300: 543.455: Application time: 1.9618164 seconds
2024-10-03T01:34:41.512+0300: 543.455: [GC (Allocation Failure) 2024-10-03T01:34:41.512+0300: 543.455: [DefNew: 559845K->1724K(629120K), 0.0009383 secs] 573121K->15001K(2027264K), 0.0010083 secs] [Times: user=0.00 sys=0.00, real=0.01 secs] 
2024-10-03T01:34:41.527+0300: 543.456: Total time for which application threads were stopped: 0.0012406 seconds, Stopping threads took: 0.0001210 seconds
2024-10-03T01:34:43.461+0300: 545.398: Application time: 1.9416625 seconds
2024-10-03T01:34:43.461+0300: 545.398: [GC (Allocation Failure) 2024-10-03T01:34:43.461+0300: 545.398: [DefNew: 560846K->1212K(629120K), 0.0007801 secs] 574123K->14490K(2027264K), 0.0008516 secs] [Times: user=0.00 sys=0.00, real=0.00 secs] 
2024-10-03T01:34:43.461+0300: 545.399: Total time for which application threads were stopped: 0.0012213 seconds, Stopping threads took: 0.0002517 seconds
2024-10-03T01:34:45.418+0300: 547.347: Application time: 1.9477722 seconds
2024-10-03T01:34:45.418+0300: 547.347: [GC (Allocation Failure) 2024-10-03T01:34:45.418+0300: 547.347: [DefNew: 560352K->188K(629120K), 0.0005156 secs] 573630K->13467K(2027264K), 0.0006344 secs] [Times: user=0.00 sys=0.00, real=0.00 secs] 
2024-10-03T01:34:45.418+0300: 547.348: Total time for which application threads were stopped: 0.0009003 seconds, Stopping threads took: 0.0001627 seconds
2024-10-03T01:34:47.364+0300: 549.297: Application time: 1.9489528 seconds
2024-10-03T01:34:47.369+0300: 549.297: [GC (Allocation Failure) 2024-10-03T01:34:47.369+0300: 549.297: [DefNew: 559293K->700K(629120K), 0.0007411 secs] 572573K->13981K(2027264K), 0.0008105 secs] [Times: user=0.00 sys=0.00, real=0.00 secs] 
2024-10-03T01:34:47.369+0300: 549.298: Total time for which application threads were stopped: 0.0010491 seconds, Stopping threads took: 0.0001256 seconds
2024-10-03T01:34:49.310+0300: 551.246: Application time: 1.9476654 seconds
2024-10-03T01:34:49.310+0300: 551.246: [GC (Allocation Failure) 2024-10-03T01:34:49.310+0300: 551.246: [DefNew: 559833K->700K(629120K), 0.0006117 secs] 573114K->13982K(2027264K), 0.0006641 secs] [Times: user=0.00 sys=0.00, real=0.00 secs] 
2024-10-03T01:34:49.310+0300: 551.246: Total time for which application threads were stopped: 0.0008966 seconds, Stopping threads took: 0.0001334 seconds
2024-10-03T01:34:51.255+0300: 553.188: Application time: 1.9416511 seconds
2024-10-03T01:34:51.255+0300: 553.188: [GC (Allocation Failure) 2024-10-03T01:34:51.255+0300: 553.188: [DefNew: 559830K->1212K(629120K), 0.0007381 secs] 573112K->14495K(2027264K), 0.0008025 secs] [Times: user=0.00 sys=0.00, real=0.00 secs] 
2024-10-03T01:34:51.255+0300: 553.189: Total time for which application threads were stopped: 0.0010957 seconds, Stopping threads took: 0.0002023 seconds
2024-10-03T01:34:53.186+0300: 555.128: Application time: 1.9387496 seconds
2024-10-03T01:34:53.186+0300: 555.128: [GC (Allocation Failure) 2024-10-03T01:34:53.186+0300: 555.128: [DefNew: 560318K->2236K(629120K), 0.0009579 secs] 573602K->15520K(2027264K), 0.0010353 secs] [Times: user=0.00 sys=0.00, real=0.00 secs] 
2024-10-03T01:34:53.186+0300: 555.129: Total time for which application threads were stopped: 0.0013128 seconds, Stopping threads took: 0.0001778 seconds
2024-10-03T01:34:55.130+0300: 557.068: Application time: 1.9390975 seconds
2024-10-03T01:34:55.130+0300: 557.069: [GC (Allocation Failure) 2024-10-03T01:34:55.130+0300: 557.069: [DefNew: 561375K->700K(629120K), 0.0006760 secs] 574659K->13985K(2027264K), 0.0007663 secs] [Times: user=0.00 sys=0.00, real=0.00 secs] 
2024-10-03T01:34:55.130+0300: 557.069: Total time for which application threads were stopped: 0.0009940 seconds, Stopping threads took: 0.0001237 seconds
2024-10-03T01:34:57.076+0300: 559.006: Application time: 1.9363510 seconds
2024-10-03T01:34:57.076+0300: 559.006: [GC (Allocation Failure) 2024-10-03T01:34:57.076+0300: 559.006: [DefNew: 559813K->1212K(629120K), 0.0007385 secs] 573099K->14499K(2027264K), 0.0008092 secs] [Times: user=0.00 sys=0.00, real=0.00 secs] 
2024-10-03T01:34:57.076+0300: 559.007: Total time for which application threads were stopped: 0.0010880 seconds, Stopping threads took: 0.0001853 seconds
2024-10-03T01:34:59.007+0300: 560.943: Application time: 1.9364244 seconds
2024-10-03T01:34:59.007+0300: 560.943: [GC (Allocation Failure) 2024-10-03T01:34:59.007+0300: 560.944: [DefNew: 560318K->1212K(629120K), 0.0007967 secs] 573605K->14500K(2027264K), 0.0008609 secs] [Times: user=0.00 sys=0.00, real=0.00 secs] 
2024-10-03T01:34:59.007+0300: 560.944: Total time for which application threads were stopped: 0.0011412 seconds, Stopping threads took: 0.0001929 seconds
2024-10-03T01:35:00.953+0300: 562.885: Application time: 1.9409605 seconds
2024-10-03T01:35:00.953+0300: 562.886: [GC (Allocation Failure) 2024-10-03T01:35:00.953+0300: 562.886: [DefNew: 560321K->1724K(629120K), 0.0008485 secs] 573609K->15013K(2027264K), 0.0009188 secs] [Times: user=0.00 sys=0.00, real=0.00 secs] 
2024-10-03T01:35:00.953+0300: 562.887: Total time for which application threads were stopped: 0.0012253 seconds, Stopping threads took: 0.0002119 seconds
2024-10-03T01:35:02.899+0300: 564.832: Application time: 1.9458960 seconds
2024-10-03T01:35:02.899+0300: 564.833: [GC (Allocation Failure) 2024-10-03T01:35:02.899+0300: 564.833: [DefNew: 560816K->2236K(629120K), 0.0009274 secs] 574105K->15526K(2027264K), 0.0010746 secs] [Times: user=0.00 sys=0.00, real=0.00 secs] 
2024-10-03T01:35:02.899+0300: 564.834: Total time for which application threads were stopped: 0.0013525 seconds, Stopping threads took: 0.0001815 seconds
2024-10-03T01:35:04.828+0300: 566.771: Application time: 1.9371816 seconds
2024-10-03T01:35:04.828+0300: 566.771: [GC (Allocation Failure) 2024-10-03T01:35:04.828+0300: 566.771: [DefNew: 561367K->1724K(629120K), 0.0010198 secs] 574657K->15015K(2027264K), 0.0010976 secs] [Times: user=0.02 sys=0.00, real=0.01 secs] 
2024-10-03T01:35:04.843+0300: 566.772: Total time for which application threads were stopped: 0.0013480 seconds, Stopping threads took: 0.0001314 seconds
2024-10-03T01:35:06.773+0300: 568.716: Application time: 1.9437377 seconds
2024-10-03T01:35:06.773+0300: 568.716: [GC (Allocation Failure) 2024-10-03T01:35:06.773+0300: 568.716: [DefNew: 560842K->1212K(629120K), 0.0007627 secs] 574134K->14505K(2027264K), 0.0008317 secs] [Times: user=0.00 sys=0.00, real=0.02 secs] 
2024-10-03T01:35:06.789+0300: 568.717: Total time for which application threads were stopped: 0.0010823 seconds, Stopping threads took: 0.0001518 seconds
2024-10-03T01:35:08.719+0300: 570.662: Application time: 1.9449365 seconds
2024-10-03T01:35:08.719+0300: 570.662: [GC (Allocation Failure) 2024-10-03T01:35:08.719+0300: 570.662: [DefNew: 560314K->1212K(629120K), 0.0008342 secs] 573607K->14506K(2027264K), 0.0009074 secs] [Times: user=0.02 sys=0.00, real=0.01 secs] 
2024-10-03T01:35:08.734+0300: 570.663: Total time for which application threads were stopped: 0.0011667 seconds, Stopping threads took: 0.0001616 seconds
2024-10-03T01:35:10.664+0300: 572.604: Application time: 1.9407668 seconds
2024-10-03T01:35:10.664+0300: 572.604: [GC (Allocation Failure) 2024-10-03T01:35:10.664+0300: 572.604: [DefNew: 560351K->1724K(629120K), 0.0011959 secs] 573645K->15019K(2027264K), 0.0012952 secs] [Times: user=0.00 sys=0.00, real=0.00 secs] 
2024-10-03T01:35:10.664+0300: 572.606: Total time for which application threads were stopped: 0.0016597 seconds, Stopping threads took: 0.0002459 seconds
2024-10-03T01:35:12.616+0300: 574.547: Application time: 1.9417588 seconds
2024-10-03T01:35:12.616+0300: 574.548: [GC (Allocation Failure) 2024-10-03T01:35:12.616+0300: 574.548: [DefNew: 560826K->1724K(629120K), 0.0009123 secs] 574121K->15020K(2027264K), 0.0009903 secs] [Times: user=0.00 sys=0.00, real=0.00 secs] 
2024-10-03T01:35:12.616+0300: 574.549: Total time for which application threads were stopped: 0.0012487 seconds, Stopping threads took: 0.0001446 seconds
2024-10-03T01:35:14.556+0300: 576.486: Application time: 1.9377352 seconds
2024-10-03T01:35:14.556+0300: 576.487: [GC (Allocation Failure) 2024-10-03T01:35:14.556+0300: 576.487: [DefNew: 560834K->1724K(629120K), 0.0008738 secs] 574130K->15021K(2027264K), 0.0009494 secs] [Times: user=0.00 sys=0.00, real=0.00 secs] 
2024-10-03T01:35:14.556+0300: 576.488: Total time for which application threads were stopped: 0.0014599 seconds, Stopping threads took: 0.0003988 seconds
2024-10-03T01:35:16.486+0300: 578.428: Application time: 1.9403476 seconds
2024-10-03T01:35:16.486+0300: 578.429: [GC (Allocation Failure) 2024-10-03T01:35:16.486+0300: 578.429: [DefNew: 560857K->2236K(629120K), 0.0009969 secs] 574154K->15534K(2027264K), 0.0010904 secs] [Times: user=0.00 sys=0.00, real=0.00 secs] 
2024-10-03T01:35:16.486+0300: 578.430: Total time for which application threads were stopped: 0.0013880 seconds, Stopping threads took: 0.0001716 seconds
2024-10-03T01:35:17.490+0300: 579.419: Application time: 0.9889242 seconds
2024-10-03T01:35:17.490+0300: 579.419: Total time for which application threads were stopped: 0.0004892 seconds, Stopping threads took: 0.0004144 seconds
2024-10-03T01:35:18.432+0300: 580.373: Application time: 0.9542467 seconds
2024-10-03T01:35:18.432+0300: 580.374: [GC (Allocation Failure) 2024-10-03T01:35:18.432+0300: 580.374: [DefNew: 561333K->1724K(629120K), 0.0008974 secs] 574632K->15024K(2027264K), 0.0010733 secs] [Times: user=0.00 sys=0.00, real=0.00 secs] 
2024-10-03T01:35:18.432+0300: 580.375: Total time for which application threads were stopped: 0.0013557 seconds, Stopping threads took: 0.0001417 seconds
2024-10-03T01:35:20.379+0300: 582.318: Application time: 1.9431662 seconds
2024-10-03T01:35:20.379+0300: 582.318: [GC (Allocation Failure) 2024-10-03T01:35:20.379+0300: 582.318: [DefNew: 560831K->1724K(629120K), 0.0009596 secs] 574131K->15025K(2027264K), 0.0010545 secs] [Times: user=0.00 sys=0.00, real=0.00 secs] 
2024-10-03T01:35:20.379+0300: 582.319: Total time for which application threads were stopped: 0.0012943 seconds, Stopping threads took: 0.0001201 seconds
2024-10-03T01:35:21.384+0300: 583.312: Application time: 0.9930669 seconds
2024-10-03T01:35:21.384+0300: 583.313: Total time for which application threads were stopped: 0.0003359 seconds, Stopping threads took: 0.0002554 seconds
2024-10-03T01:35:22.310+0300: 584.253: Application time: 0.9408610 seconds
2024-10-03T01:35:22.310+0300: 584.254: [GC (Allocation Failure) 2024-10-03T01:35:22.310+0300: 584.254: [DefNew: 560827K->1212K(629120K), 0.0010001 secs] 574128K->14514K(2027264K), 0.0011063 secs] [Times: user=0.01 sys=0.00, real=0.02 secs] 
2024-10-03T01:35:22.326+0300: 584.255: Total time for which application threads were stopped: 0.0013896 seconds, Stopping threads took: 0.0001372 seconds
2024-10-03T01:35:24.256+0300: 586.190: Application time: 1.9353505 seconds
2024-10-03T01:35:24.256+0300: 586.190: [GC (Allocation Failure) 2024-10-03T01:35:24.256+0300: 586.190: [DefNew: 560308K->701K(629120K), 0.0006121 secs] 573611K->14005K(2027264K), 0.0006690 secs] [Times: user=0.00 sys=0.00, real=0.00 secs] 
2024-10-03T01:35:24.256+0300: 586.191: Total time for which application threads were stopped: 0.0009214 seconds, Stopping threads took: 0.0001700 seconds
2024-10-03T01:35:26.186+0300: 588.128: Application time: 1.9371235 seconds
2024-10-03T01:35:26.186+0300: 588.128: [GC (Allocation Failure) 2024-10-03T01:35:26.186+0300: 588.128: [DefNew: 559820K->189K(629120K), 0.0005030 secs] 573123K->13494K(2027264K), 0.0005562 secs] [Times: user=0.00 sys=0.00, real=0.00 secs] 
2024-10-03T01:35:26.186+0300: 588.129: Total time for which application threads were stopped: 0.0007365 seconds, Stopping threads took: 0.0000818 seconds
2024-10-03T01:35:28.131+0300: 590.072: Application time: 1.9434746 seconds
2024-10-03T01:35:28.131+0300: 590.073: [GC (Allocation Failure) 2024-10-03T01:35:28.131+0300: 590.073: [DefNew: 559295K->2237K(629120K), 0.0008981 secs] 572600K->15543K(2027264K), 0.0009918 secs] [Times: user=0.00 sys=0.00, real=0.00 secs] 
2024-10-03T01:35:28.131+0300: 590.074: Total time for which application threads were stopped: 0.0013347 seconds, Stopping threads took: 0.0002345 seconds
2024-10-03T01:35:30.093+0300: 592.022: Application time: 1.9480679 seconds
2024-10-03T01:35:30.093+0300: 592.022: [GC (Allocation Failure) 2024-10-03T01:35:30.093+0300: 592.022: [DefNew: 561321K->189K(629120K), 0.0005120 secs] 574627K->13496K(2027264K), 0.0005667 secs] [Times: user=0.00 sys=0.00, real=0.00 secs] 
2024-10-03T01:35:30.093+0300: 592.023: Total time for which application threads were stopped: 0.0008272 seconds, Stopping threads took: 0.0001700 seconds
2024-10-03T01:35:32.038+0300: 593.967: Application time: 1.9445140 seconds
2024-10-03T01:35:32.038+0300: 593.967: [GC (Allocation Failure) 2024-10-03T01:35:32.038+0300: 593.967: [DefNew: 559332K->701K(629120K), 0.0006082 secs] 572639K->14009K(2027264K), 0.0006668 secs] [Times: user=0.00 sys=0.00, real=0.00 secs] 
2024-10-03T01:35:32.038+0300: 593.968: Total time for which application threads were stopped: 0.0009409 seconds, Stopping threads took: 0.0001791 seconds
2024-10-03T01:35:33.966+0300: 595.904: Application time: 1.9362730 seconds
2024-10-03T01:35:33.966+0300: 595.905: [GC (Allocation Failure) 2024-10-03T01:35:33.966+0300: 595.905: [DefNew: 559812K->1213K(629120K), 0.0007521 secs] 573120K->14523K(2027264K), 0.0008924 secs] [Times: user=0.00 sys=0.00, real=0.00 secs] 
2024-10-03T01:35:33.966+0300: 595.906: Total time for which application threads were stopped: 0.0011325 seconds, Stopping threads took: 0.0001452 seconds
2024-10-03T01:35:35.912+0300: 597.846: Application time: 1.9402748 seconds
2024-10-03T01:35:35.912+0300: 597.846: [GC (Allocation Failure) 2024-10-03T01:35:35.912+0300: 597.846: [DefNew: 560327K->1725K(629120K), 0.0008723 secs] 573637K->15036K(2027264K), 0.0009764 secs] [Times: user=0.00 sys=0.00, real=0.00 secs] 
2024-10-03T01:35:35.912+0300: 597.847: Total time for which application threads were stopped: 0.0011999 seconds, Stopping threads took: 0.0001163 seconds
2024-10-03T01:35:37.865+0300: 599.796: Application time: 1.9492744 seconds
2024-10-03T01:35:37.865+0300: 599.797: [GC (Allocation Failure) 2024-10-03T01:35:37.865+0300: 599.797: [DefNew: 560858K->1725K(629120K), 0.0008867 secs] 574168K->15037K(2027264K), 0.0009925 secs] [Times: user=0.00 sys=0.00, real=0.00 secs] 
2024-10-03T01:35:37.865+0300: 599.798: Total time for which application threads were stopped: 0.0013346 seconds, Stopping threads took: 0.0002110 seconds
2024-10-03T01:35:39.813+0300: 601.742: Application time: 1.9444841 seconds
2024-10-03T01:35:39.813+0300: 601.742: [GC (Allocation Failure) 2024-10-03T01:35:39.813+0300: 601.742: [DefNew: 560833K->1213K(629120K), 0.0007332 secs] 574145K->14526K(2027264K), 0.0008053 secs] [Times: user=0.00 sys=0.00, real=0.00 secs] 
2024-10-03T01:35:39.813+0300: 601.743: Total time for which application threads were stopped: 0.0010916 seconds, Stopping threads took: 0.0001878 seconds
2024-10-03T01:35:41.747+0300: 603.680: Application time: 1.9366162 seconds
2024-10-03T01:35:41.747+0300: 603.680: [GC (Allocation Failure) 2024-10-03T01:35:41.747+0300: 603.680: [DefNew: 560328K->1213K(629120K), 0.0007087 secs] 573641K->14527K(2027264K), 0.0007737 secs] [Times: user=0.00 sys=0.00, real=0.00 secs] 
2024-10-03T01:35:41.747+0300: 603.681: Total time for which application threads were stopped: 0.0010301 seconds, Stopping threads took: 0.0001621 seconds
2024-10-03T01:35:43.677+0300: 605.619: Application time: 1.9385405 seconds
2024-10-03T01:35:43.677+0300: 605.620: [GC (Allocation Failure) 2024-10-03T01:35:43.677+0300: 605.620: [DefNew: 560338K->2749K(629120K), 0.0011089 secs] 573653K->16065K(2027264K), 0.0012137 secs] [Times: user=0.00 sys=0.00, real=0.00 secs] 
2024-10-03T01:35:43.677+0300: 605.621: Total time for which application threads were stopped: 0.0014463 seconds, Stopping threads took: 0.0000960 seconds
2024-10-03T01:35:45.622+0300: 607.563: Application time: 1.9418310 seconds
2024-10-03T01:35:45.622+0300: 607.563: [GC (Allocation Failure) 2024-10-03T01:35:45.622+0300: 607.563: [DefNew: 561859K->189K(629120K), 0.0005727 secs] 575174K->13506K(2027264K), 0.0006357 secs] [Times: user=0.00 sys=0.00, real=0.00 secs] 
2024-10-03T01:35:45.622+0300: 607.564: Total time for which application threads were stopped: 0.0008605 seconds, Stopping threads took: 0.0001329 seconds
2024-10-03T01:35:47.552+0300: 609.496: Application time: 1.9323768 seconds
2024-10-03T01:35:47.568+0300: 609.496: [GC (Allocation Failure) 2024-10-03T01:35:47.568+0300: 609.496: [DefNew: 559319K->1213K(629120K), 0.0007470 secs] 572635K->14531K(2027264K), 0.0008235 secs] [Times: user=0.00 sys=0.00, real=0.00 secs] 
2024-10-03T01:35:47.568+0300: 609.497: Total time for which application threads were stopped: 0.0011866 seconds, Stopping threads took: 0.0002680 seconds
2024-10-03T01:35:49.513+0300: 611.452: Application time: 1.9546205 seconds
2024-10-03T01:35:49.513+0300: 611.452: [GC (Allocation Failure) 2024-10-03T01:35:49.513+0300: 611.452: [DefNew: 560319K->701K(629120K), 0.0007169 secs] 573637K->14020K(2027264K), 0.0007804 secs] [Times: user=0.00 sys=0.00, real=0.00 secs] 
2024-10-03T01:35:49.513+0300: 611.453: Total time for which application threads were stopped: 0.0011391 seconds, Stopping threads took: 0.0002701 seconds
2024-10-03T01:35:51.474+0300: 613.406: Application time: 1.9535778 seconds
2024-10-03T01:35:51.474+0300: 613.407: [GC (Allocation Failure) 2024-10-03T01:35:51.474+0300: 613.407: [DefNew: 559803K->2237K(629120K), 0.0008842 secs] 573122K->15558K(2027264K), 0.0010256 secs] [Times: user=0.00 sys=0.00, real=0.00 secs] 
2024-10-03T01:35:51.474+0300: 613.408: Total time for which application threads were stopped: 0.0012976 seconds, Stopping threads took: 0.0001671 seconds
2024-10-03T01:35:53.421+0300: 615.350: Application time: 1.9424686 seconds
2024-10-03T01:35:53.421+0300: 615.350: [GC (Allocation Failure) 2024-10-03T01:35:53.421+0300: 615.351: [DefNew: 561378K->700K(629120K), 0.0006780 secs] 574698K->14023K(2027264K), 0.0007419 secs] [Times: user=0.00 sys=0.00, real=0.00 secs] 
2024-10-03T01:35:53.421+0300: 615.351: Total time for which application threads were stopped: 0.0009865 seconds, Stopping threads took: 0.0001417 seconds
2024-10-03T01:35:55.351+0300: 617.292: Application time: 1.9409972 seconds
2024-10-03T01:35:55.351+0300: 617.293: [GC (Allocation Failure) 2024-10-03T01:35:55.351+0300: 617.293: [DefNew: 559824K->1212K(629120K), 0.0008057 secs] 573147K->14536K(2027264K), 0.0008740 secs] [Times: user=0.00 sys=0.00, real=0.00 secs] 
2024-10-03T01:35:55.351+0300: 617.293: Total time for which application threads were stopped: 0.0012423 seconds, Stopping threads took: 0.0002643 seconds
2024-10-03T01:35:57.301+0300: 619.231: Application time: 1.9370986 seconds
2024-10-03T01:35:57.301+0300: 619.231: [GC (Allocation Failure) 2024-10-03T01:35:57.301+0300: 619.231: [DefNew: 560318K->1724K(629120K), 0.0008376 secs] 573642K->15049K(2027264K), 0.0009008 secs] [Times: user=0.00 sys=0.00, real=0.00 secs] 
2024-10-03T01:35:57.301+0300: 619.232: Total time for which application threads were stopped: 0.0011754 seconds, Stopping threads took: 0.0001698 seconds
2024-10-03T01:35:59.262+0300: 621.191: Application time: 1.9592200 seconds
2024-10-03T01:35:59.262+0300: 621.191: [GC (Allocation Failure) 2024-10-03T01:35:59.262+0300: 621.191: [DefNew: 560855K->1212K(629120K), 0.0008737 secs] 574180K->14538K(2027264K), 0.0009418 secs] [Times: user=0.00 sys=0.00, real=0.00 secs] 
2024-10-03T01:35:59.263+0300: 621.192: Total time for which application threads were stopped: 0.0013172 seconds, Stopping threads took: 0.0002730 seconds
2024-10-03T01:36:00.276+0300: 622.205: Application time: 1.0123413 seconds
2024-10-03T01:36:00.276+0300: 622.205: Total time for which application threads were stopped: 0.0002450 seconds, Stopping threads took: 0.0001941 seconds
2024-10-03T01:36:01.234+0300: 623.169: Application time: 0.9637454 seconds
2024-10-03T01:36:01.234+0300: 623.169: [GC (Allocation Failure) 2024-10-03T01:36:01.234+0300: 623.169: [DefNew: 560337K->1724K(629120K), 0.0010668 secs] 573663K->15051K(2027264K), 0.0011592 secs] [Times: user=0.00 sys=0.00, real=0.00 secs] 
2024-10-03T01:36:01.234+0300: 623.170: Total time for which application threads were stopped: 0.0013756 seconds, Stopping threads took: 0.0000983 seconds
2024-10-03T01:36:03.181+0300: 625.110: Application time: 1.9403856 seconds
2024-10-03T01:36:03.181+0300: 625.111: [GC (Allocation Failure) 2024-10-03T01:36:03.181+0300: 625.111: [DefNew: 560896K->1212K(629120K), 0.0007208 secs] 574224K->14541K(2027264K), 0.0007862 secs] [Times: user=0.00 sys=0.00, real=0.00 secs] 
2024-10-03T01:36:03.181+0300: 625.111: Total time for which application threads were stopped: 0.0010559 seconds, Stopping threads took: 0.0001814 seconds
2024-10-03T01:36:05.116+0300: 627.051: Application time: 1.9392320 seconds
2024-10-03T01:36:05.116+0300: 627.051: [GC (Allocation Failure) 2024-10-03T01:36:05.116+0300: 627.051: [DefNew: 560343K->1212K(629120K), 0.0007602 secs] 573672K->14542K(2027264K), 0.0008289 secs] [Times: user=0.00 sys=0.00, real=0.00 secs] 
2024-10-03T01:36:05.116+0300: 627.052: Total time for which application threads were stopped: 0.0011155 seconds, Stopping threads took: 0.0001982 seconds
2024-10-03T01:36:07.056+0300: 628.994: Application time: 1.9422776 seconds
2024-10-03T01:36:07.056+0300: 628.994: [GC (Allocation Failure) 2024-10-03T01:36:07.056+0300: 628.994: [DefNew: 560357K->1724K(629120K), 0.0007995 secs] 573687K->15055K(2027264K), 0.0009721 secs] [Times: user=0.00 sys=0.00, real=0.00 secs] 
2024-10-03T01:36:07.056+0300: 628.995: Total time for which application threads were stopped: 0.0012050 seconds, Stopping threads took: 0.0001340 seconds
2024-10-03T01:36:09.001+0300: 630.933: Application time: 1.9377422 seconds
2024-10-03T01:36:09.001+0300: 630.933: [GC (Allocation Failure) 2024-10-03T01:36:09.001+0300: 630.933: [DefNew: 560882K->188K(629120K), 0.0005839 secs] 574213K->13520K(2027264K), 0.0006361 secs] [Times: user=0.00 sys=0.00, real=0.00 secs] 
2024-10-03T01:36:09.001+0300: 630.934: Total time for which application threads were stopped: 0.0008949 seconds, Stopping threads took: 0.0001685 seconds
2024-10-03T01:36:10.932+0300: 632.868: Application time: 1.9339296 seconds
2024-10-03T01:36:10.932+0300: 632.868: [GC (Allocation Failure) 2024-10-03T01:36:10.932+0300: 632.868: [DefNew: 559323K->1724K(629120K), 0.0008444 secs] 572655K->15058K(2027264K), 0.0009401 secs] [Times: user=0.00 sys=0.00, real=0.00 secs] 
2024-10-03T01:36:10.932+0300: 632.869: Total time for which application threads were stopped: 0.0012716 seconds, Stopping threads took: 0.0002345 seconds
2024-10-03T01:36:12.877+0300: 634.812: Application time: 1.9424844 seconds
2024-10-03T01:36:12.877+0300: 634.812: [GC (Allocation Failure) 2024-10-03T01:36:12.877+0300: 634.812: [DefNew: 560850K->700K(629120K), 0.0006994 secs] 574183K->14035K(2027264K), 0.0007630 secs] [Times: user=0.00 sys=0.00, real=0.00 secs] 
2024-10-03T01:36:12.877+0300: 634.813: Total time for which application threads were stopped: 0.0010916 seconds, Stopping threads took: 0.0002338 seconds
2024-10-03T01:36:14.822+0300: 636.754: Application time: 1.9413307 seconds
2024-10-03T01:36:14.822+0300: 636.754: [GC (Allocation Failure) 2024-10-03T01:36:14.822+0300: 636.754: [DefNew: 559829K->2236K(629120K), 0.0009639 secs] 573164K->15572K(2027264K), 0.0010428 secs] [Times: user=0.00 sys=0.00, real=0.00 secs] 
2024-10-03T01:36:14.822+0300: 636.755: Total time for which application threads were stopped: 0.0013548 seconds, Stopping threads took: 0.0002131 seconds
2024-10-03T01:36:16.768+0300: 638.698: Application time: 1.9427972 seconds
2024-10-03T01:36:16.768+0300: 638.699: [GC (Allocation Failure) 2024-10-03T01:36:16.768+0300: 638.699: [DefNew: 561401K->1212K(629120K), 0.0007498 secs] 574737K->14549K(2027264K), 0.0008330 secs] [Times: user=0.00 sys=0.00, real=0.00 secs] 
2024-10-03T01:36:16.768+0300: 638.699: Total time for which application threads were stopped: 0.0012045 seconds, Stopping threads took: 0.0002502 seconds
2024-10-03T01:36:18.698+0300: 640.637: Application time: 1.9371808 seconds
2024-10-03T01:36:18.698+0300: 640.637: [GC (Allocation Failure) 2024-10-03T01:36:18.698+0300: 640.637: [DefNew: 560355K->1724K(629120K), 0.0007811 secs] 573692K->15063K(2027264K), 0.0008508 secs] [Times: user=0.00 sys=0.00, real=0.00 secs] 
2024-10-03T01:36:18.698+0300: 640.638: Total time for which application threads were stopped: 0.0010835 seconds, Stopping threads took: 0.0001388 seconds
2024-10-03T01:36:20.646+0300: 642.585: Application time: 1.9475093 seconds
2024-10-03T01:36:20.646+0300: 642.585: [GC (Allocation Failure) 2024-10-03T01:36:20.646+0300: 642.585: [DefNew: 560844K->700K(629120K), 0.0006683 secs] 574183K->14040K(2027264K), 0.0007425 secs] [Times: user=0.00 sys=0.00, real=0.00 secs] 
2024-10-03T01:36:20.646+0300: 642.586: Total time for which application threads were stopped: 0.0009501 seconds, Stopping threads took: 0.0000788 seconds
2024-10-03T01:36:22.589+0300: 644.531: Application time: 1.9444702 seconds
2024-10-03T01:36:22.589+0300: 644.531: [GC (Allocation Failure) 2024-10-03T01:36:22.589+0300: 644.531: [DefNew: 559841K->700K(629120K), 0.0006668 secs] 573181K->14041K(2027264K), 0.0007279 secs] [Times: user=0.00 sys=0.00, real=0.00 secs] 
2024-10-03T01:36:22.589+0300: 644.532: Total time for which application threads were stopped: 0.0010003 seconds, Stopping threads took: 0.0001891 seconds
2024-10-03T01:36:24.535+0300: 646.474: Application time: 1.9426887 seconds
2024-10-03T01:36:24.535+0300: 646.475: [GC (Allocation Failure) 2024-10-03T01:36:24.535+0300: 646.475: [DefNew: 559832K->1212K(629120K), 0.0007295 secs] 573173K->14554K(2027264K), 0.0008805 secs] [Times: user=0.00 sys=0.00, real=0.00 secs] 
2024-10-03T01:36:24.535+0300: 646.475: Total time for which application threads were stopped: 0.0011252 seconds, Stopping threads took: 0.0001393 seconds
2024-10-03T01:36:26.481+0300: 648.412: Application time: 1.9360625 seconds
2024-10-03T01:36:26.481+0300: 648.412: [GC (Allocation Failure) 2024-10-03T01:36:26.481+0300: 648.412: [DefNew: 560357K->2236K(629120K), 0.0009009 secs] 573699K->15579K(2027264K), 0.0009712 secs] [Times: user=0.00 sys=0.00, real=0.00 secs] 
2024-10-03T01:36:26.481+0300: 648.413: Total time for which application threads were stopped: 0.0012241 seconds, Stopping threads took: 0.0001608 seconds
2024-10-03T01:36:28.411+0300: 650.349: Application time: 1.9361217 seconds
2024-10-03T01:36:28.411+0300: 650.349: [GC (Allocation Failure) 2024-10-03T01:36:28.411+0300: 650.349: [DefNew: 561397K->1212K(629120K), 0.0008213 secs] 574740K->14557K(2027264K), 0.0008958 secs] [Times: user=0.00 sys=0.00, real=0.00 secs] 
2024-10-03T01:36:28.411+0300: 650.350: Total time for which application threads were stopped: 0.0011275 seconds, Stopping threads took: 0.0001293 seconds
2024-10-03T01:36:30.364+0300: 652.298: Application time: 1.9480342 seconds
2024-10-03T01:36:30.364+0300: 652.298: [GC (Allocation Failure) 2024-10-03T01:36:30.364+0300: 652.298: [DefNew: 560339K->700K(629120K), 0.0007701 secs] 573683K->14046K(2027264K), 0.0008366 secs] [Times: user=0.00 sys=0.00, real=0.00 secs] 
2024-10-03T01:36:30.364+0300: 652.299: Total time for which application threads were stopped: 0.0010404 seconds, Stopping threads took: 0.0001172 seconds
2024-10-03T01:36:32.317+0300: 654.247: Application time: 1.9480887 seconds
2024-10-03T01:36:32.317+0300: 654.247: [GC (Allocation Failure) 2024-10-03T01:36:32.317+0300: 654.247: [DefNew: 559819K->1212K(629120K), 0.0007434 secs] 573165K->14559K(2027264K), 0.0008074 secs] [Times: user=0.00 sys=0.00, real=0.00 secs] 
2024-10-03T01:36:32.317+0300: 654.248: Total time for which application threads were stopped: 0.0010914 seconds, Stopping threads took: 0.0001896 seconds
2024-10-03T01:36:34.263+0300: 656.192: Application time: 1.9441898 seconds
2024-10-03T01:36:34.263+0300: 656.193: [GC (Allocation Failure) 2024-10-03T01:36:34.263+0300: 656.193: [DefNew: 560333K->1212K(629120K), 0.0007525 secs] 573680K->14560K(2027264K), 0.0008181 secs] [Times: user=0.00 sys=0.00, real=0.00 secs] 
2024-10-03T01:36:34.263+0300: 656.194: Total time for which application threads were stopped: 0.0010812 seconds, Stopping threads took: 0.0001436 seconds
2024-10-03T01:36:36.194+0300: 658.132: Application time: 1.9379569 seconds
2024-10-03T01:36:36.194+0300: 658.132: [GC (Allocation Failure) 2024-10-03T01:36:36.194+0300: 658.132: [DefNew: 560351K->2236K(629120K), 0.0009211 secs] 573699K->15585K(2027264K), 0.0009989 secs] [Times: user=0.00 sys=0.00, real=0.00 secs] 
2024-10-03T01:36:36.194+0300: 658.133: Total time for which application threads were stopped: 0.0012624 seconds, Stopping threads took: 0.0001668 seconds
2024-10-03T01:36:38.139+0300: 660.080: Application time: 1.9468362 seconds
2024-10-03T01:36:38.139+0300: 660.080: [GC (Allocation Failure) 2024-10-03T01:36:38.139+0300: 660.080: [DefNew: 561379K->1212K(629120K), 0.0007573 secs] 574729K->14563K(2027264K), 0.0008263 secs] [Times: user=0.00 sys=0.00, real=0.00 secs] 
2024-10-03T01:36:38.139+0300: 660.081: Total time for which application threads were stopped: 0.0012311 seconds, Stopping threads took: 0.0003146 seconds
2024-10-03T01:36:40.085+0300: 662.020: Application time: 1.9392678 seconds
2024-10-03T01:36:40.085+0300: 662.020: [GC (Allocation Failure) 2024-10-03T01:36:40.085+0300: 662.020: [DefNew: 560352K->1212K(629120K), 0.0007172 secs] 573703K->14564K(2027264K), 0.0008548 secs] [Times: user=0.00 sys=0.00, real=0.00 secs] 
2024-10-03T01:36:40.085+0300: 662.021: Total time for which application threads were stopped: 0.0011150 seconds, Stopping threads took: 0.0001670 seconds
2024-10-03T01:36:42.015+0300: 663.958: Application time: 1.9366188 seconds
2024-10-03T01:36:42.015+0300: 663.958: [GC (Allocation Failure) 2024-10-03T01:36:42.015+0300: 663.958: [DefNew: 560346K->700K(629120K), 0.0009631 secs] 573698K->14053K(2027264K), 0.0010443 secs] [Times: user=0.00 sys=0.00, real=0.01 secs] 
2024-10-03T01:36:42.030+0300: 663.959: Total time for which application threads were stopped: 0.0012975 seconds, Stopping threads took: 0.0001317 seconds
2024-10-03T01:36:43.961+0300: 665.895: Application time: 1.9360861 seconds
2024-10-03T01:36:43.961+0300: 665.896: [GC (Allocation Failure) 2024-10-03T01:36:43.961+0300: 665.896: [DefNew: 559854K->1724K(629120K), 0.0009352 secs] 573207K->15078K(2027264K), 0.0010217 secs] [Times: user=0.00 sys=0.00, real=0.00 secs] 
2024-10-03T01:36:43.961+0300: 665.897: Total time for which application threads were stopped: 0.0013313 seconds, Stopping threads took: 0.0002084 seconds
2024-10-03T01:36:45.906+0300: 667.838: Application time: 1.9417028 seconds
2024-10-03T01:36:45.906+0300: 667.839: [GC (Allocation Failure) 2024-10-03T01:36:45.906+0300: 667.839: [DefNew: 560865K->1212K(629120K), 0.0007150 secs] 574219K->14567K(2027264K), 0.0007799 secs] [Times: user=0.00 sys=0.00, real=0.00 secs] 
2024-10-03T01:36:45.906+0300: 667.839: Total time for which application threads were stopped: 0.0010667 seconds, Stopping threads took: 0.0001980 seconds
2024-10-03T01:36:47.852+0300: 669.781: Application time: 1.9421009 seconds
2024-10-03T01:36:47.852+0300: 669.782: [GC (Allocation Failure) 2024-10-03T01:36:47.852+0300: 669.782: [DefNew: 560363K->2748K(629120K), 0.0010169 secs] 573719K->16104K(2027264K), 0.0011103 secs] [Times: user=0.00 sys=0.00, real=0.00 secs] 
2024-10-03T01:36:47.852+0300: 669.783: Total time for which application threads were stopped: 0.0014092 seconds, Stopping threads took: 0.0001813 seconds
2024-10-03T01:36:49.781+0300: 671.722: Application time: 1.9390357 seconds
2024-10-03T01:36:49.781+0300: 671.722: [GC (Allocation Failure) 2024-10-03T01:36:49.781+0300: 671.722: [DefNew: 561903K->1724K(629120K), 0.0009024 secs] 575260K->15082K(2027264K), 0.0010450 secs] [Times: user=0.00 sys=0.00, real=0.00 secs] 
2024-10-03T01:36:49.781+0300: 671.723: Total time for which application threads were stopped: 0.0012922 seconds, Stopping threads took: 0.0001291 seconds
2024-10-03T01:36:51.727+0300: 673.661: Application time: 1.9377338 seconds
2024-10-03T01:36:51.727+0300: 673.661: [GC (Allocation Failure) 2024-10-03T01:36:51.727+0300: 673.661: [DefNew: 560849K->1724K(629120K), 0.0008836 secs] 574207K->15083K(2027264K), 0.0009598 secs] [Times: user=0.00 sys=0.00, real=0.00 secs] 
2024-10-03T01:36:51.727+0300: 673.662: Total time for which application threads were stopped: 0.0011911 seconds, Stopping threads took: 0.0001217 seconds
2024-10-03T01:36:53.657+0300: 675.600: Application time: 1.9381377 seconds
2024-10-03T01:36:53.672+0300: 675.601: [GC (Allocation Failure) 2024-10-03T01:36:53.672+0300: 675.601: [DefNew: 560869K->1724K(629120K), 0.0009239 secs] 574229K->15084K(2027264K), 0.0010338 secs] [Times: user=0.00 sys=0.00, real=0.00 secs] 
2024-10-03T01:36:53.672+0300: 675.602: Total time for which application threads were stopped: 0.0014746 seconds, Stopping threads took: 0.0002635 seconds
2024-10-03T01:36:55.618+0300: 677.551: Application time: 1.9491958 seconds
2024-10-03T01:36:55.618+0300: 677.551: [GC (Allocation Failure) 2024-10-03T01:36:55.618+0300: 677.551: [DefNew: 560847K->700K(629120K), 0.0006296 secs] 574207K->14061K(2027264K), 0.0006869 secs] [Times: user=0.00 sys=0.00, real=0.00 secs] 
2024-10-03T01:36:55.618+0300: 677.552: Total time for which application threads were stopped: 0.0009574 seconds, Stopping threads took: 0.0001889 seconds
2024-10-03T01:36:57.563+0300: 679.492: Application time: 1.9396718 seconds
2024-10-03T01:36:57.563+0300: 679.492: [GC (Allocation Failure) 2024-10-03T01:36:57.563+0300: 679.492: [DefNew: 559808K->2236K(629120K), 0.0009631 secs] 573169K->15598K(2027264K), 0.0011514 secs] [Times: user=0.00 sys=0.00, real=0.00 secs] 
2024-10-03T01:36:57.563+0300: 679.493: Total time for which application threads were stopped: 0.0014399 seconds, Stopping threads took: 0.0001417 seconds
2024-10-03T01:36:59.493+0300: 681.430: Application time: 1.9373607 seconds
2024-10-03T01:36:59.493+0300: 681.431: [GC (Allocation Failure) 2024-10-03T01:36:59.493+0300: 681.431: [DefNew: 561375K->700K(629120K), 0.0006518 secs] 574738K->14064K(2027264K), 0.0007153 secs] [Times: user=0.00 sys=0.00, real=0.00 secs] 
2024-10-03T01:36:59.493+0300: 681.431: Total time for which application threads were stopped: 0.0010184 seconds, Stopping threads took: 0.0002150 seconds
2024-10-03T01:37:01.470+0300: 683.408: Application time: 1.9770522 seconds
2024-10-03T01:37:01.470+0300: 683.409: [GC (Allocation Failure) 2024-10-03T01:37:01.470+0300: 683.409: [DefNew: 559822K->700K(629120K), 0.0006197 secs] 573186K->14065K(2027264K), 0.0006732 secs] [Times: user=0.00 sys=0.00, real=0.00 secs] 
2024-10-03T01:37:01.470+0300: 683.409: Total time for which application threads were stopped: 0.0008821 seconds, Stopping threads took: 0.0001250 seconds
2024-10-03T01:37:03.415+0300: 685.353: Application time: 1.9433216 seconds
2024-10-03T01:37:03.415+0300: 685.353: [GC (Allocation Failure) 2024-10-03T01:37:03.415+0300: 685.353: [DefNew: 559823K->1212K(629120K), 0.0007173 secs] 573188K->14578K(2027264K), 0.0008008 secs] [Times: user=0.00 sys=0.00, real=0.00 secs] 
2024-10-03T01:37:03.415+0300: 685.354: Total time for which application threads were stopped: 0.0010584 seconds, Stopping threads took: 0.0001565 seconds
2024-10-03T01:37:05.361+0300: 687.296: Application time: 1.9419996 seconds
2024-10-03T01:37:05.361+0300: 687.296: [GC (Allocation Failure) 2024-10-03T01:37:05.361+0300: 687.296: [DefNew: 560360K->700K(629120K), 0.0007014 secs] 573727K->14067K(2027264K), 0.0007638 secs] [Times: user=0.00 sys=0.00, real=0.00 secs] 
2024-10-03T01:37:05.361+0300: 687.297: Total time for which application threads were stopped: 0.0009839 seconds, Stopping threads took: 0.0001290 seconds
2024-10-03T01:37:07.291+0300: 689.229: Application time: 1.9319198 seconds
2024-10-03T01:37:07.291+0300: 689.229: [GC (Allocation Failure) 2024-10-03T01:37:07.291+0300: 689.229: [DefNew: 559833K->2236K(629120K), 0.0009763 secs] 573201K->15604K(2027264K), 0.0010533 secs] [Times: user=0.00 sys=0.00, real=0.00 secs] 
2024-10-03T01:37:07.291+0300: 689.230: Total time for which application threads were stopped: 0.0013267 seconds, Stopping threads took: 0.0001611 seconds
2024-10-03T01:37:09.252+0300: 691.193: Application time: 1.9628358 seconds
2024-10-03T01:37:09.252+0300: 691.193: [GC (Allocation Failure) 2024-10-03T01:37:09.252+0300: 691.193: [DefNew: 561368K->700K(629120K), 0.0007869 secs] 574736K->14070K(2027264K), 0.0008481 secs] [Times: user=0.00 sys=0.00, real=0.00 secs] 
2024-10-03T01:37:09.252+0300: 691.194: Total time for which application threads were stopped: 0.0010642 seconds, Stopping threads took: 0.0001289 seconds
2024-10-03T01:37:11.197+0300: 693.140: Application time: 1.9456997 seconds
2024-10-03T01:37:11.197+0300: 693.140: [GC (Allocation Failure) 2024-10-03T01:37:11.197+0300: 693.140: [DefNew: 559790K->700K(629120K), 0.0006449 secs] 573160K->14071K(2027264K), 0.0006989 secs] [Times: user=0.00 sys=0.00, real=0.00 secs] 
2024-10-03T01:37:11.197+0300: 693.140: Total time for which application threads were stopped: 0.0009209 seconds, Stopping threads took: 0.0001399 seconds
2024-10-03T01:37:13.144+0300: 695.081: Application time: 1.9406105 seconds
2024-10-03T01:37:13.144+0300: 695.081: [GC (Allocation Failure) 2024-10-03T01:37:13.144+0300: 695.081: [DefNew: 559829K->1212K(629120K), 0.0008206 secs] 573200K->14584K(2027264K), 0.0008894 secs] [Times: user=0.00 sys=0.00, real=0.00 secs] 
2024-10-03T01:37:13.144+0300: 695.082: Total time for which application threads were stopped: 0.0011185 seconds, Stopping threads took: 0.0001276 seconds
2024-10-03T01:37:15.089+0300: 697.020: Application time: 1.9375481 seconds
2024-10-03T01:37:15.089+0300: 697.020: [GC (Allocation Failure) 2024-10-03T01:37:15.089+0300: 697.020: [DefNew: 560346K->1212K(629120K), 0.0010446 secs] 573718K->14585K(2027264K), 0.0012002 secs] [Times: user=0.00 sys=0.00, real=0.00 secs] 
2024-10-03T01:37:15.089+0300: 697.021: Total time for which application threads were stopped: 0.0014750 seconds, Stopping threads took: 0.0001711 seconds
2024-10-03T01:37:17.018+0300: 698.959: Application time: 1.9374059 seconds
2024-10-03T01:37:17.018+0300: 698.959: [GC (Allocation Failure) 2024-10-03T01:37:17.018+0300: 698.959: [DefNew: 560354K->1724K(629120K), 0.0007917 secs] 573728K->15099K(2027264K), 0.0008576 secs] [Times: user=0.00 sys=0.00, real=0.00 secs] 
2024-10-03T01:37:17.018+0300: 698.960: Total time for which application threads were stopped: 0.0011215 seconds, Stopping threads took: 0.0001758 seconds
2024-10-03T01:37:18.965+0300: 700.903: Application time: 1.9433718 seconds
2024-10-03T01:37:18.965+0300: 700.903: [GC (Allocation Failure) 2024-10-03T01:37:18.965+0300: 700.903: [DefNew: 560868K->2236K(629120K), 0.0008953 secs] 574242K->15612K(2027264K), 0.0009690 secs] [Times: user=0.00 sys=0.00, real=0.00 secs] 
2024-10-03T01:37:18.965+0300: 700.904: Total time for which application threads were stopped: 0.0011767 seconds, Stopping threads took: 0.0001174 seconds
2024-10-03T01:37:20.911+0300: 702.842: Application time: 1.9381646 seconds
2024-10-03T01:37:20.911+0300: 702.843: [GC (Allocation Failure) 2024-10-03T01:37:20.911+0300: 702.843: [DefNew: 561399K->700K(629120K), 0.0006450 secs] 574775K->14077K(2027264K), 0.0007047 secs] [Times: user=0.00 sys=0.00, real=0.00 secs] 
2024-10-03T01:37:20.911+0300: 702.843: Total time for which application threads were stopped: 0.0009697 seconds, Stopping threads took: 0.0001771 seconds
2024-10-03T01:37:22.840+0300: 704.780: Application time: 1.9364179 seconds
2024-10-03T01:37:22.840+0300: 704.780: [GC (Allocation Failure) 2024-10-03T01:37:22.840+0300: 704.780: [DefNew: 559835K->1212K(629120K), 0.0007305 secs] 573212K->14590K(2027264K), 0.0007970 secs] [Times: user=0.00 sys=0.00, real=0.00 secs] 
2024-10-03T01:37:22.840+0300: 704.781: Total time for which application threads were stopped: 0.0010246 seconds, Stopping threads took: 0.0001439 seconds
2024-10-03T01:37:24.785+0300: 706.716: Application time: 1.9349073 seconds
2024-10-03T01:37:24.785+0300: 706.716: [GC (Allocation Failure) 2024-10-03T01:37:24.785+0300: 706.716: [DefNew: 560332K->1724K(629120K), 0.0008797 secs] 573710K->15103K(2027264K), 0.0009612 secs] [Times: user=0.00 sys=0.00, real=0.00 secs] 
2024-10-03T01:37:24.785+0300: 706.717: Total time for which application threads were stopped: 0.0013595 seconds, Stopping threads took: 0.0002976 seconds
2024-10-03T01:37:26.716+0300: 708.656: Application time: 1.9392950 seconds
2024-10-03T01:37:26.716+0300: 708.657: [GC (Allocation Failure) 2024-10-03T01:37:26.716+0300: 708.657: [DefNew: 560863K->1724K(629120K), 0.0008289 secs] 574243K->15104K(2027264K), 0.0009005 secs] [Times: user=0.00 sys=0.00, real=0.00 secs] 
2024-10-03T01:37:26.716+0300: 708.658: Total time for which application threads were stopped: 0.0011448 seconds, Stopping threads took: 0.0001533 seconds
2024-10-03T01:37:28.661+0300: 710.599: Application time: 1.9414626 seconds
2024-10-03T01:37:28.661+0300: 710.599: [GC (Allocation Failure) 2024-10-03T01:37:28.661+0300: 710.599: [DefNew: 560858K->1724K(629120K), 0.0008201 secs] 574239K->15105K(2027264K), 0.0009125 secs] [Times: user=0.00 sys=0.00, real=0.00 secs] 
2024-10-03T01:37:28.661+0300: 710.600: Total time for which application threads were stopped: 0.0011159 seconds, Stopping threads took: 0.0000922 seconds
2024-10-03T01:37:30.592+0300: 712.535: Application time: 1.9348291 seconds
2024-10-03T01:37:30.592+0300: 712.535: [GC (Allocation Failure) 2024-10-03T01:37:30.592+0300: 712.535: [DefNew: 560851K->2236K(629120K), 0.0011064 secs] 574233K->15619K(2027264K), 0.0012795 secs] [Times: user=0.01 sys=0.00, real=0.02 secs] 
2024-10-03T01:37:30.607+0300: 712.537: Total time for which application threads were stopped: 0.0015746 seconds, Stopping threads took: 0.0001382 seconds
2024-10-03T01:37:32.537+0300: 714.474: Application time: 1.9378621 seconds
2024-10-03T01:37:32.537+0300: 714.475: [GC (Allocation Failure) 2024-10-03T01:37:32.537+0300: 714.475: [DefNew: 561378K->700K(629120K), 0.0007214 secs] 574761K->14084K(2027264K), 0.0007926 secs] [Times: user=0.00 sys=0.00, real=0.00 secs] 
2024-10-03T01:37:32.537+0300: 714.476: Total time for which application threads were stopped: 0.0010970 seconds, Stopping threads took: 0.0001939 seconds
2024-10-03T01:37:34.483+0300: 716.420: Application time: 1.9448579 seconds
2024-10-03T01:37:34.483+0300: 716.421: [GC (Allocation Failure) 2024-10-03T01:37:34.483+0300: 716.421: [DefNew: 559847K->1212K(629120K), 0.0006901 secs] 573231K->14597K(2027264K), 0.0007608 secs] [Times: user=0.00 sys=0.00, real=0.00 secs] 
2024-10-03T01:37:34.483+0300: 716.422: Total time for which application threads were stopped: 0.0011560 seconds, Stopping threads took: 0.0002805 seconds
2024-10-03T01:37:36.429+0300: 718.366: Application time: 1.9445808 seconds
2024-10-03T01:37:36.429+0300: 718.366: [GC (Allocation Failure) 2024-10-03T01:37:36.429+0300: 718.366: [DefNew: 560350K->1724K(629120K), 0.0008924 secs] 573736K->15110K(2027264K), 0.0009724 secs] [Times: user=0.00 sys=0.00, real=0.00 secs] 
2024-10-03T01:37:36.429+0300: 718.367: Total time for which application threads were stopped: 0.0012017 seconds, Stopping threads took: 0.0001060 seconds
2024-10-03T01:37:38.359+0300: 720.301: Application time: 1.9338007 seconds
2024-10-03T01:37:38.359+0300: 720.301: [GC (Allocation Failure) 2024-10-03T01:37:38.359+0300: 720.301: [DefNew: 560861K->1724K(629120K), 0.0008292 secs] 574248K->15112K(2027264K), 0.0009041 secs] [Times: user=0.00 sys=0.00, real=0.00 secs] 
2024-10-03T01:37:38.359+0300: 720.302: Total time for which application threads were stopped: 0.0011085 seconds, Stopping threads took: 0.0000909 seconds
2024-10-03T01:37:40.304+0300: 722.234: Application time: 1.9316886 seconds
2024-10-03T01:37:40.304+0300: 722.234: [GC (Allocation Failure) 2024-10-03T01:37:40.304+0300: 722.234: [DefNew: 560875K->1212K(629120K), 0.0007390 secs] 574263K->14601K(2027264K), 0.0008069 secs] [Times: user=0.00 sys=0.00, real=0.00 secs] 
2024-10-03T01:37:40.304+0300: 722.235: Total time for which application threads were stopped: 0.0010591 seconds, Stopping threads took: 0.0001633 seconds
2024-10-03T01:37:42.234+0300: 724.175: Application time: 1.9401257 seconds
2024-10-03T01:37:42.234+0300: 724.175: [GC (Allocation Failure) 2024-10-03T01:37:42.234+0300: 724.175: [DefNew: 560362K->1724K(629120K), 0.0008913 secs] 573751K->15114K(2027264K), 0.0009643 secs] [Times: user=0.00 sys=0.00, real=0.00 secs] 
2024-10-03T01:37:42.234+0300: 724.176: Total time for which application threads were stopped: 0.0012001 seconds, Stopping threads took: 0.0001418 seconds
2024-10-03T01:37:44.180+0300: 726.111: Application time: 1.9344575 seconds
2024-10-03T01:37:44.180+0300: 726.111: [GC (Allocation Failure) 2024-10-03T01:37:44.180+0300: 726.111: [DefNew: 560858K->1724K(629120K), 0.0008037 secs] 574248K->15115K(2027264K), 0.0008709 secs] [Times: user=0.00 sys=0.00, real=0.00 secs] 
2024-10-03T01:37:44.180+0300: 726.112: Total time for which application threads were stopped: 0.0011621 seconds, Stopping threads took: 0.0001990 seconds
2024-10-03T01:37:46.110+0300: 728.050: Application time: 1.9382669 seconds
2024-10-03T01:37:46.110+0300: 728.050: [GC (Allocation Failure) 2024-10-03T01:37:46.110+0300: 728.050: [DefNew: 560845K->188K(629120K), 0.0004916 secs] 574236K->13580K(2027264K), 0.0005484 secs] [Times: user=0.00 sys=0.00, real=0.00 secs] 
2024-10-03T01:37:46.110+0300: 728.051: Total time for which application threads were stopped: 0.0007313 seconds, Stopping threads took: 0.0000825 seconds
2024-10-03T01:37:48.056+0300: 729.985: Application time: 1.9339579 seconds
2024-10-03T01:37:48.056+0300: 729.985: [GC (Allocation Failure) 2024-10-03T01:37:48.056+0300: 729.985: [DefNew: 559313K->1724K(629120K), 0.0008661 secs] 572706K->15118K(2027264K), 0.0010223 secs] [Times: user=0.00 sys=0.00, real=0.00 secs] 
2024-10-03T01:37:48.056+0300: 729.986: Total time for which application threads were stopped: 0.0013278 seconds, Stopping threads took: 0.0002103 seconds
2024-10-03T01:37:49.986+0300: 731.928: Application time: 1.9414116 seconds
2024-10-03T01:37:49.986+0300: 731.928: [GC (Allocation Failure) 2024-10-03T01:37:49.986+0300: 731.928: [DefNew: 560864K->1212K(629120K), 0.0007682 secs] 574258K->14607K(2027264K), 0.0008328 secs] [Times: user=0.00 sys=0.00, real=0.00 secs] 
2024-10-03T01:37:49.986+0300: 731.929: Total time for which application threads were stopped: 0.0010701 seconds, Stopping threads took: 0.0001463 seconds
2024-10-03T01:37:51.932+0300: 733.864: Application time: 1.9352645 seconds
2024-10-03T01:37:51.932+0300: 733.864: [GC (Allocation Failure) 2024-10-03T01:37:51.932+0300: 733.864: [DefNew: 560351K->2236K(629120K), 0.0008826 secs] 573746K->15632K(2027264K), 0.0009540 secs] [Times: user=0.00 sys=0.00, real=0.00 secs] 
2024-10-03T01:37:51.932+0300: 733.865: Total time for which application threads were stopped: 0.0012493 seconds, Stopping threads took: 0.0001998 seconds
2024-10-03T01:37:53.877+0300: 735.806: Application time: 1.9408886 seconds
2024-10-03T01:37:53.877+0300: 735.807: [GC (Allocation Failure) 2024-10-03T01:37:53.877+0300: 735.807: [DefNew: 561374K->700K(629120K), 0.0007109 secs] 574770K->14097K(2027264K), 0.0007965 secs] [Times: user=0.00 sys=0.00, real=0.00 secs] 
2024-10-03T01:37:53.877+0300: 735.807: Total time for which application threads were stopped: 0.0011227 seconds, Stopping threads took: 0.0002019 seconds
2024-10-03T01:37:55.807+0300: 737.750: Application time: 1.9427512 seconds
2024-10-03T01:37:55.807+0300: 737.750: [GC (Allocation Failure) 2024-10-03T01:37:55.807+0300: 737.750: [DefNew: 559843K->1724K(629120K), 0.0009970 secs] 573240K->15122K(2027264K), 0.0010909 secs] [Times: user=0.02 sys=0.00, real=0.02 secs] 
2024-10-03T01:37:55.823+0300: 737.751: Total time for which application threads were stopped: 0.0013831 seconds, Stopping threads took: 0.0001476 seconds
2024-10-03T01:37:57.727+0300: 739.660: Application time: 1.9082374 seconds
2024-10-03T01:37:57.727+0300: 739.660: Total time for which application threads were stopped: 0.0001846 seconds, Stopping threads took: 0.0001272 seconds
2024-10-03T01:37:57.800+0300: 739.739: Application time: 0.0790855 seconds
2024-10-03T01:37:57.800+0300: 739.739: [GC (Allocation Failure) 2024-10-03T01:37:57.800+0300: 739.739: [DefNew: 560862K->1667K(629120K), 0.0006933 secs] 574260K->15067K(2027264K), 0.0007473 secs] [Times: user=0.00 sys=0.00, real=0.00 secs] 
2024-10-03T01:37:57.800+0300: 739.740: Total time for which application threads were stopped: 0.0008943 seconds, Stopping threads took: 0.0000727 seconds
2024-10-03T01:37:57.942+0300: 739.885: Application time: 0.1451961 seconds
2024-10-03T01:37:57.942+0300: 739.885: Total time for which application threads were stopped: 0.0000892 seconds, Stopping threads took: 0.0000570 seconds
2024-10-03T01:37:58.083+0300: 740.022: Application time: 0.1373166 seconds
2024-10-03T01:37:58.083+0300: 740.023: Total time for which application threads were stopped: 0.0001051 seconds, Stopping threads took: 0.0000585 seconds
2024-10-03T01:37:58.208+0300: 740.151: Application time: 0.1285443 seconds
2024-10-03T01:37:58.208+0300: 740.152: Total time for which application threads were stopped: 0.0004028 seconds, Stopping threads took: 0.0003784 seconds
2024-10-03T01:37:59.212+0300: 741.140: Application time: 0.9885634 seconds
2024-10-03T01:37:59.212+0300: 741.140: Total time for which application threads were stopped: 0.0002879 seconds, Stopping threads took: 0.0002332 seconds
2024-10-03T01:38:00.131+0300: 742.064: Application time: 0.9236082 seconds
2024-10-03T01:38:00.131+0300: 742.064: [GC (Allocation Failure) 2024-10-03T01:38:00.131+0300: 742.064: [DefNew: 560606K->4290K(629120K), 0.0013533 secs] 574006K->17691K(2027264K), 0.0014417 secs] [Times: user=0.00 sys=0.00, real=0.00 secs] 
2024-10-03T01:38:00.131+0300: 742.066: Total time for which application threads were stopped: 0.0016900 seconds, Stopping threads took: 0.0001345 seconds
2024-10-03T01:38:02.234+0300: 744.167: Application time: 2.1010462 seconds
2024-10-03T01:38:02.234+0300: 744.167: [GC (Allocation Failure) 2024-10-03T01:38:02.234+0300: 744.167: [DefNew: 563272K->4802K(629120K), 0.0013928 secs] 576673K->18204K(2027264K), 0.0014797 secs] [Times: user=0.00 sys=0.00, real=0.00 secs] 
2024-10-03T01:38:02.234+0300: 744.169: Total time for which application threads were stopped: 0.0018732 seconds, Stopping threads took: 0.0002945 seconds
2024-10-03T01:38:04.329+0300: 746.259: Application time: 2.0904410 seconds
2024-10-03T01:38:04.329+0300: 746.259: [GC (Allocation Failure) 2024-10-03T01:38:04.329+0300: 746.259: [DefNew: 564011K->4802K(629120K), 0.0013591 secs] 577413K->18205K(2027264K), 0.0014394 secs] [Times: user=0.00 sys=0.00, real=0.00 secs] 
2024-10-03T01:38:04.329+0300: 746.261: Total time for which application threads were stopped: 0.0017508 seconds, Stopping threads took: 0.0002075 seconds
2024-10-03T01:38:06.416+0300: 748.344: Application time: 2.0836091 seconds
2024-10-03T01:38:06.416+0300: 748.345: [GC (Allocation Failure) 2024-10-03T01:38:06.416+0300: 748.345: [DefNew: 564034K->4290K(629120K), 0.0013450 secs] 577437K->17694K(2027264K), 0.0014271 secs] [Times: user=0.00 sys=0.00, real=0.00 secs] 
2024-10-03T01:38:06.416+0300: 748.346: Total time for which application threads were stopped: 0.0017660 seconds, Stopping threads took: 0.0002317 seconds
2024-10-03T01:38:08.488+0300: 750.431: Application time: 2.0847229 seconds
2024-10-03T01:38:08.488+0300: 750.431: [GC (Allocation Failure) 2024-10-03T01:38:08.488+0300: 750.431: [DefNew: 563281K->4289K(629120K), 0.0014672 secs] 576685K->17695K(2027264K), 0.0015402 secs] [Times: user=0.00 sys=0.00, real=0.02 secs] 
2024-10-03T01:38:08.503+0300: 750.433: Total time for which application threads were stopped: 0.0019684 seconds, Stopping threads took: 0.0003223 seconds
2024-10-03T01:38:10.590+0300: 752.527: Application time: 2.0942636 seconds
2024-10-03T01:38:10.590+0300: 752.527: [GC (Allocation Failure) 2024-10-03T01:38:10.590+0300: 752.527: [DefNew: 563358K->3778K(629120K), 0.0013563 secs] 576764K->17184K(2027264K), 0.0014427 secs] [Times: user=0.00 sys=0.00, real=0.00 secs] 
2024-10-03T01:38:10.590+0300: 752.529: Total time for which application threads were stopped: 0.0017522 seconds, Stopping threads took: 0.0001893 seconds
2024-10-03T01:38:12.693+0300: 754.633: Application time: 2.1039530 seconds
2024-10-03T01:38:12.693+0300: 754.633: [GC (Allocation Failure) 2024-10-03T01:38:12.693+0300: 754.633: [DefNew: 562799K->4802K(629120K), 0.0016261 secs] 576205K->18210K(2027264K), 0.0017099 secs] [Times: user=0.00 sys=0.00, real=0.00 secs] 
2024-10-03T01:38:12.693+0300: 754.635: Total time for which application threads were stopped: 0.0019050 seconds, Stopping threads took: 0.0000934 seconds
2024-10-03T01:38:14.795+0300: 756.727: Application time: 2.0923405 seconds
2024-10-03T01:38:14.795+0300: 756.727: [GC (Allocation Failure) 2024-10-03T01:38:14.795+0300: 756.727: [DefNew: 563803K->4802K(629120K), 0.0015288 secs] 577211K->18211K(2027264K), 0.0016034 secs] [Times: user=0.00 sys=0.00, real=0.00 secs] 
2024-10-03T01:38:14.795+0300: 756.729: Total time for which application threads were stopped: 0.0019167 seconds, Stopping threads took: 0.0001897 seconds
2024-10-03T01:38:16.882+0300: 758.814: Application time: 2.0852428 seconds
2024-10-03T01:38:16.882+0300: 758.814: [GC (Allocation Failure) 2024-10-03T01:38:16.882+0300: 758.815: [DefNew: 564034K->3266K(629120K), 0.0010149 secs] 577443K->16676K(2027264K), 0.0010850 secs] [Times: user=0.00 sys=0.00, real=0.00 secs] 
2024-10-03T01:38:16.882+0300: 758.816: Total time for which application threads were stopped: 0.0012893 seconds, Stopping threads took: 0.0001088 seconds
2024-10-03T01:38:18.985+0300: 760.916: Application time: 2.1007168 seconds
2024-10-03T01:38:18.985+0300: 760.916: [GC (Allocation Failure) 2024-10-03T01:38:18.985+0300: 760.916: [DefNew: 562304K->4290K(629120K), 0.0013111 secs] 575714K->17701K(2027264K), 0.0013820 secs] [Times: user=0.00 sys=0.00, real=0.00 secs] 
2024-10-03T01:38:18.985+0300: 760.918: Total time for which application threads were stopped: 0.0015532 seconds, Stopping threads took: 0.0000825 seconds
2024-10-03T01:38:21.073+0300: 763.012: Application time: 2.0943154 seconds
2024-10-03T01:38:21.073+0300: 763.012: [GC (Allocation Failure) 2024-10-03T01:38:21.073+0300: 763.012: [DefNew: 563212K->4290K(629120K), 0.0013120 secs] 576624K->17702K(2027264K), 0.0013892 secs] [Times: user=0.00 sys=0.00, real=0.00 secs] 
2024-10-03T01:38:21.073+0300: 763.014: Total time for which application threads were stopped: 0.0016448 seconds, Stopping threads took: 0.0001571 seconds
2024-10-03T01:38:23.159+0300: 765.099: Application time: 2.0851957 seconds
2024-10-03T01:38:23.159+0300: 765.099: [GC (Allocation Failure) 2024-10-03T01:38:23.159+0300: 765.099: [DefNew: 563192K->4290K(629120K), 0.0013165 secs] 576605K->17704K(2027264K), 0.0013896 secs] [Times: user=0.00 sys=0.00, real=0.00 secs] 
2024-10-03T01:38:23.159+0300: 765.101: Total time for which application threads were stopped: 0.0016180 seconds, Stopping threads took: 0.0001371 seconds
2024-10-03T01:38:25.247+0300: 767.183: Application time: 2.0823824 seconds
2024-10-03T01:38:25.247+0300: 767.183: [GC (Allocation Failure) 2024-10-03T01:38:25.247+0300: 767.183: [DefNew: 563227K->3778K(629120K), 0.0012126 secs] 576641K->17193K(2027264K), 0.0012899 secs] [Times: user=0.00 sys=0.00, real=0.00 secs] 
2024-10-03T01:38:25.247+0300: 767.185: Total time for which application threads were stopped: 0.0015540 seconds, Stopping threads took: 0.0001689 seconds
2024-10-03T01:38:27.334+0300: 769.268: Application time: 2.0835917 seconds
2024-10-03T01:38:27.334+0300: 769.268: [GC (Allocation Failure) 2024-10-03T01:38:27.334+0300: 769.268: [DefNew: 562728K->4290K(629120K), 0.0014365 secs] 576144K->17706K(2027264K), 0.0015277 secs] [Times: user=0.00 sys=0.00, real=0.00 secs] 
2024-10-03T01:38:27.334+0300: 769.270: Total time for which application threads were stopped: 0.0017731 seconds, Stopping threads took: 0.0001327 seconds
2024-10-03T01:38:29.422+0300: 771.353: Application time: 2.0829535 seconds
2024-10-03T01:38:29.422+0300: 771.353: [GC (Allocation Failure) 2024-10-03T01:38:29.422+0300: 771.353: [DefNew: 563112K->5314K(629120K), 0.0015977 secs] 576528K->18731K(2027264K), 0.0016729 secs] [Times: user=0.00 sys=0.00, real=0.00 secs] 
2024-10-03T01:38:29.422+0300: 771.355: Total time for which application threads were stopped: 0.0019658 seconds, Stopping threads took: 0.0001769 seconds
2024-10-03T01:38:31.508+0300: 773.451: Application time: 2.0962143 seconds
2024-10-03T01:38:31.508+0300: 773.451: [GC (Allocation Failure) 2024-10-03T01:38:31.508+0300: 773.451: [DefNew: 564111K->1724K(629120K), 0.0023152 secs] 577528K->18220K(2027264K), 0.0024226 secs] [Times: user=0.02 sys=0.00, real=0.02 secs] 
2024-10-03T01:38:31.524+0300: 773.454: Total time for which application threads were stopped: 0.0027675 seconds, Stopping threads took: 0.0002220 seconds
2024-10-03T01:38:33.456+0300: 775.391: Application time: 1.9368649 seconds
2024-10-03T01:38:33.456+0300: 775.391: [GC (Allocation Failure) 2024-10-03T01:38:33.456+0300: 775.391: [DefNew: 560804K->1724K(629120K), 0.0009275 secs] 577300K->18222K(2027264K), 0.0010282 secs] [Times: user=0.00 sys=0.00, real=0.00 secs] 
2024-10-03T01:38:33.456+0300: 775.392: Total time for which application threads were stopped: 0.0013012 seconds, Stopping threads took: 0.0001200 seconds
2024-10-03T01:38:35.385+0300: 777.323: Application time: 1.9313311 seconds
2024-10-03T01:38:35.385+0300: 777.324: [GC (Allocation Failure) 2024-10-03T01:38:35.395+0300: 777.324: [DefNew: 560636K->1212K(629120K), 0.0007246 secs] 577134K->17711K(2027264K), 0.0008499 secs] [Times: user=0.00 sys=0.00, real=0.01 secs] 
2024-10-03T01:38:35.395+0300: 777.324: Total time for which application threads were stopped: 0.0010748 seconds, Stopping threads took: 0.0001039 seconds
2024-10-03T01:38:37.316+0300: 779.256: Application time: 1.9319187 seconds
2024-10-03T01:38:37.316+0300: 779.257: [GC (Allocation Failure) 2024-10-03T01:38:37.316+0300: 779.257: [DefNew: 560330K->1723K(629120K), 0.0008639 secs] 576829K->18224K(2027264K), 0.0009436 secs] [Times: user=0.00 sys=0.00, real=0.00 secs] 
2024-10-03T01:38:37.316+0300: 779.258: Total time for which application threads were stopped: 0.0012254 seconds, Stopping threads took: 0.0001869 seconds
2024-10-03T01:38:39.260+0300: 781.197: Application time: 1.9392290 seconds
2024-10-03T01:38:39.260+0300: 781.197: [GC (Allocation Failure) 2024-10-03T01:38:39.260+0300: 781.197: [DefNew: 560907K->1724K(629120K), 0.0008627 secs] 577408K->18225K(2027264K), 0.0009356 secs] [Times: user=0.00 sys=0.00, real=0.00 secs] 
2024-10-03T01:38:39.260+0300: 781.198: Total time for which application threads were stopped: 0.0012281 seconds, Stopping threads took: 0.0001999 seconds
2024-10-03T01:38:41.207+0300: 783.139: Application time: 1.9413699 seconds
2024-10-03T01:38:41.207+0300: 783.140: [GC (Allocation Failure) 2024-10-03T01:38:41.207+0300: 783.140: [DefNew: 560879K->1724K(629120K), 0.0008125 secs] 577380K->18226K(2027264K), 0.0008806 secs] [Times: user=0.00 sys=0.00, real=0.00 secs] 
2024-10-03T01:38:41.207+0300: 783.141: Total time for which application threads were stopped: 0.0011642 seconds, Stopping threads took: 0.0001828 seconds
2024-10-03T01:38:43.135+0300: 785.076: Application time: 1.9358217 seconds
2024-10-03T01:38:43.135+0300: 785.077: [GC (Allocation Failure) 2024-10-03T01:38:43.135+0300: 785.077: [DefNew: 560824K->1212K(629120K), 0.0007531 secs] 577327K->17716K(2027264K), 0.0008172 secs] [Times: user=0.00 sys=0.00, real=0.00 secs] 
2024-10-03T01:38:43.135+0300: 785.078: Total time for which application threads were stopped: 0.0010901 seconds, Stopping threads took: 0.0001842 seconds
2024-10-03T01:38:45.081+0300: 787.016: Application time: 1.9381765 seconds
2024-10-03T01:38:45.081+0300: 787.016: [GC (Allocation Failure) 2024-10-03T01:38:45.081+0300: 787.016: [DefNew: 560361K->1212K(629120K), 0.0007410 secs] 576865K->17717K(2027264K), 0.0008164 secs] [Times: user=0.00 sys=0.00, real=0.00 secs] 
2024-10-03T01:38:45.081+0300: 787.017: Total time for which application threads were stopped: 0.0010755 seconds, Stopping threads took: 0.0001653 seconds
2024-10-03T01:38:47.017+0300: 788.956: Application time: 1.9394212 seconds
2024-10-03T01:38:47.017+0300: 788.956: [GC (Allocation Failure) 2024-10-03T01:38:47.017+0300: 788.956: [DefNew: 560358K->700K(629120K), 0.0007328 secs] 576863K->17206K(2027264K), 0.0007942 secs] [Times: user=0.01 sys=0.00, real=0.01 secs] 
2024-10-03T01:38:47.028+0300: 788.957: Total time for which application threads were stopped: 0.0010385 seconds, Stopping threads took: 0.0001576 seconds
2024-10-03T01:38:48.958+0300: 790.899: Application time: 1.9415687 seconds
2024-10-03T01:38:48.958+0300: 790.899: [GC (Allocation Failure) 2024-10-03T01:38:48.958+0300: 790.899: [DefNew: 559828K->1724K(629120K), 0.0008287 secs] 576335K->18231K(2027264K), 0.0009008 secs] [Times: user=0.00 sys=0.00, real=0.00 secs] 
2024-10-03T01:38:48.958+0300: 790.900: Total time for which application threads were stopped: 0.0012480 seconds, Stopping threads took: 0.0002451 seconds
2024-10-03T01:38:50.903+0300: 792.839: Application time: 1.9387052 seconds
2024-10-03T01:38:50.903+0300: 792.839: [GC (Allocation Failure) 2024-10-03T01:38:50.903+0300: 792.839: [DefNew: 560875K->1724K(629120K), 0.0008299 secs] 577382K->18232K(2027264K), 0.0009011 secs] [Times: user=0.00 sys=0.00, real=0.00 secs] 
2024-10-03T01:38:50.903+0300: 792.840: Total time for which application threads were stopped: 0.0011505 seconds, Stopping threads took: 0.0001515 seconds
2024-10-03T01:38:52.849+0300: 794.779: Application time: 1.9395370 seconds
2024-10-03T01:38:52.849+0300: 794.780: [GC (Allocation Failure) 2024-10-03T01:38:52.849+0300: 794.780: [DefNew: 560905K->1724K(629120K), 0.0008153 secs] 577414K->18234K(2027264K), 0.0008890 secs] [Times: user=0.00 sys=0.00, real=0.00 secs] 
2024-10-03T01:38:52.849+0300: 794.781: Total time for which application threads were stopped: 0.0011838 seconds, Stopping threads took: 0.0001950 seconds
2024-10-03T01:38:54.778+0300: 796.721: Application time: 1.9399862 seconds
2024-10-03T01:38:54.778+0300: 796.721: [GC (Allocation Failure) 2024-10-03T01:38:54.778+0300: 796.721: [DefNew: 560868K->1212K(629120K), 0.0007511 secs] 577378K->17723K(2027264K), 0.0008167 secs] [Times: user=0.00 sys=0.00, real=0.00 secs] 
2024-10-03T01:38:54.778+0300: 796.722: Total time for which application threads were stopped: 0.0010920 seconds, Stopping threads took: 0.0001857 seconds
2024-10-03T01:38:56.723+0300: 798.660: Application time: 1.9379796 seconds
2024-10-03T01:38:56.723+0300: 798.660: [GC (Allocation Failure) 2024-10-03T01:38:56.723+0300: 798.660: [DefNew: 560343K->1212K(629120K), 0.0007333 secs] 576854K->17724K(2027264K), 0.0007963 secs] [Times: user=0.00 sys=0.00, real=0.00 secs] 
2024-10-03T01:38:56.723+0300: 798.661: Total time for which application threads were stopped: 0.0011195 seconds, Stopping threads took: 0.0002173 seconds
2024-10-03T01:38:58.667+0300: 800.600: Application time: 1.9388861 seconds
2024-10-03T01:38:58.667+0300: 800.600: [GC (Allocation Failure) 2024-10-03T01:38:58.667+0300: 800.600: [DefNew: 560360K->1724K(629120K), 0.0008162 secs] 576873K->18237K(2027264K), 0.0008842 secs] [Times: user=0.00 sys=0.00, real=0.00 secs] 
2024-10-03T01:38:58.667+0300: 800.601: Total time for which application threads were stopped: 0.0011978 seconds, Stopping threads took: 0.0002230 seconds
2024-10-03T01:39:00.614+0300: 802.554: Application time: 1.9530049 seconds
2024-10-03T01:39:00.614+0300: 802.554: [GC (Allocation Failure) 2024-10-03T01:39:00.614+0300: 802.554: [DefNew: 560868K->1724K(629120K), 0.0008200 secs] 577382K->18238K(2027264K), 0.0008891 secs] [Times: user=0.00 sys=0.00, real=0.00 secs] 
2024-10-03T01:39:00.614+0300: 802.555: Total time for which application threads were stopped: 0.0011436 seconds, Stopping threads took: 0.0001650 seconds
2024-10-03T01:39:02.559+0300: 804.493: Application time: 1.9379543 seconds
2024-10-03T01:39:02.559+0300: 804.493: [GC (Allocation Failure) 2024-10-03T01:39:02.559+0300: 804.493: [DefNew: 560875K->2236K(629120K), 0.0009095 secs] 577389K->18752K(2027264K), 0.0010033 secs] [Times: user=0.00 sys=0.00, real=0.00 secs] 
2024-10-03T01:39:02.559+0300: 804.494: Total time for which application threads were stopped: 0.0013150 seconds, Stopping threads took: 0.0002114 seconds
2024-10-03T01:39:04.488+0300: 806.425: Application time: 1.9311066 seconds
2024-10-03T01:39:04.488+0300: 806.426: [GC (Allocation Failure) 2024-10-03T01:39:04.488+0300: 806.426: [DefNew: 561332K->1724K(629120K), 0.0010051 secs] 577848K->18241K(2027264K), 0.0011148 secs] [Times: user=0.00 sys=0.00, real=0.00 secs] 
2024-10-03T01:39:04.488+0300: 806.427: Total time for which application threads were stopped: 0.0013757 seconds, Stopping threads took: 0.0001304 seconds
2024-10-03T01:39:06.434+0300: 808.372: Application time: 1.9456259 seconds
2024-10-03T01:39:06.434+0300: 808.373: [GC (Allocation Failure) 2024-10-03T01:39:06.434+0300: 808.373: [DefNew: 560871K->700K(629120K), 0.0007478 secs] 577388K->17218K(2027264K), 0.0008230 secs] [Times: user=0.00 sys=0.00, real=0.00 secs] 
2024-10-03T01:39:06.434+0300: 808.374: Total time for which application threads were stopped: 0.0010893 seconds, Stopping threads took: 0.0001551 seconds
2024-10-03T01:39:08.381+0300: 810.315: Application time: 1.9418186 seconds
2024-10-03T01:39:08.381+0300: 810.316: [GC (Allocation Failure) 2024-10-03T01:39:08.381+0300: 810.316: [DefNew: 559816K->1212K(629120K), 0.0007660 secs] 576335K->17731K(2027264K), 0.0008381 secs] [Times: user=0.00 sys=0.00, real=0.00 secs] 
2024-10-03T01:39:08.381+0300: 810.316: Total time for which application threads were stopped: 0.0010249 seconds, Stopping threads took: 0.0000857 seconds
2024-10-03T01:39:10.313+0300: 812.250: Application time: 1.9331247 seconds
2024-10-03T01:39:10.313+0300: 812.250: [GC (Allocation Failure) 2024-10-03T01:39:10.313+0300: 812.250: [DefNew: 560341K->1724K(629120K), 0.0008231 secs] 576860K->18244K(2027264K), 0.0008967 secs] [Times: user=0.00 sys=0.00, real=0.00 secs] 
2024-10-03T01:39:10.313+0300: 812.251: Total time for which application threads were stopped: 0.0011832 seconds, Stopping threads took: 0.0001954 seconds
2024-10-03T01:39:12.264+0300: 814.197: Application time: 1.9462531 seconds
2024-10-03T01:39:12.264+0300: 814.197: [GC (Allocation Failure) 2024-10-03T01:39:12.264+0300: 814.197: [DefNew: 560861K->1724K(629120K), 0.0008263 secs] 577382K->18246K(2027264K), 0.0009080 secs] [Times: user=0.00 sys=0.00, real=0.00 secs] 
2024-10-03T01:39:12.264+0300: 814.198: Total time for which application threads were stopped: 0.0011379 seconds, Stopping threads took: 0.0001227 seconds
2024-10-03T01:39:14.204+0300: 816.140: Application time: 1.9414913 seconds
2024-10-03T01:39:14.204+0300: 816.140: [GC (Allocation Failure) 2024-10-03T01:39:14.204+0300: 816.140: [DefNew: 560895K->1212K(629120K), 0.0007277 secs] 577417K->17735K(2027264K), 0.0007891 secs] [Times: user=0.00 sys=0.00, real=0.00 secs] 
2024-10-03T01:39:14.204+0300: 816.141: Total time for which application threads were stopped: 0.0010901 seconds, Stopping threads took: 0.0002141 seconds
2024-10-03T01:39:16.135+0300: 818.078: Application time: 1.9376673 seconds
2024-10-03T01:39:16.150+0300: 818.079: [GC (Allocation Failure) 2024-10-03T01:39:16.150+0300: 818.079: [DefNew: 560350K->1724K(629120K), 0.0008545 secs] 576873K->18248K(2027264K), 0.0009231 secs] [Times: user=0.00 sys=0.00, real=0.00 secs] 
2024-10-03T01:39:16.150+0300: 818.080: Total time for which application threads were stopped: 0.0012583 seconds, Stopping threads took: 0.0002403 seconds
2024-10-03T01:39:18.097+0300: 820.031: Application time: 1.9512990 seconds
2024-10-03T01:39:18.097+0300: 820.031: [GC (Allocation Failure) 2024-10-03T01:39:18.097+0300: 820.031: [DefNew: 560869K->1212K(629120K), 0.0007216 secs] 577393K->17737K(2027264K), 0.0007862 secs] [Times: user=0.00 sys=0.00, real=0.00 secs] 
2024-10-03T01:39:18.097+0300: 820.032: Total time for which application threads were stopped: 0.0010425 seconds, Stopping threads took: 0.0001710 seconds
2024-10-03T01:39:20.041+0300: 821.972: Application time: 1.9395522 seconds
2024-10-03T01:39:20.041+0300: 821.972: [GC (Allocation Failure) 2024-10-03T01:39:20.041+0300: 821.972: [DefNew: 560380K->1724K(629120K), 0.0008133 secs] 576906K->18250K(2027264K), 0.0008828 secs] [Times: user=0.00 sys=0.00, real=0.00 secs] 
2024-10-03T01:39:20.041+0300: 821.973: Total time for which application threads were stopped: 0.0012028 seconds, Stopping threads took: 0.0002337 seconds
2024-10-03T01:39:22.003+0300: 823.941: Application time: 1.9683470 seconds
2024-10-03T01:39:22.003+0300: 823.941: [GC (Allocation Failure) 2024-10-03T01:39:22.003+0300: 823.941: [DefNew: 560865K->188K(629120K), 0.0006360 secs] 577392K->16715K(2027264K), 0.0007024 secs] [Times: user=0.00 sys=0.00, real=0.00 secs] 
2024-10-03T01:39:22.003+0300: 823.942: Total time for which application threads were stopped: 0.0009482 seconds, Stopping threads took: 0.0001485 seconds
2024-10-03T01:39:23.948+0300: 825.885: Application time: 1.9429316 seconds
2024-10-03T01:39:23.948+0300: 825.885: [GC (Allocation Failure) 2024-10-03T01:39:23.948+0300: 825.885: [DefNew: 559324K->2236K(629120K), 0.0010389 secs] 575852K->18765K(2027264K), 0.0011045 secs] [Times: user=0.00 sys=0.00, real=0.00 secs] 
2024-10-03T01:39:23.948+0300: 825.886: Total time for which application threads were stopped: 0.0013861 seconds, Stopping threads took: 0.0001743 seconds
2024-10-03T01:39:25.895+0300: 827.831: Application time: 1.9446441 seconds
2024-10-03T01:39:25.895+0300: 827.831: [GC (Allocation Failure) 2024-10-03T01:39:25.895+0300: 827.831: [DefNew: 561400K->1212K(629120K), 0.0008302 secs] 577929K->17742K(2027264K), 0.0008889 secs] [Times: user=0.00 sys=0.00, real=0.00 secs] 
2024-10-03T01:39:25.895+0300: 827.832: Total time for which application threads were stopped: 0.0011829 seconds, Stopping threads took: 0.0001986 seconds
2024-10-03T01:39:27.855+0300: 829.788: Application time: 1.9556622 seconds
2024-10-03T01:39:27.855+0300: 829.788: [GC (Allocation Failure) 2024-10-03T01:39:27.855+0300: 829.788: [DefNew: 560365K->700K(629120K), 0.0007098 secs] 576895K->17231K(2027264K), 0.0007757 secs] [Times: user=0.02 sys=0.00, real=0.00 secs] 
2024-10-03T01:39:27.855+0300: 829.789: Total time for which application threads were stopped: 0.0012381 seconds, Stopping threads took: 0.0003692 seconds
2024-10-03T01:39:29.800+0300: 831.735: Application time: 1.9460710 seconds
2024-10-03T01:39:29.800+0300: 831.735: [GC (Allocation Failure) 2024-10-03T01:39:29.800+0300: 831.736: [DefNew: 559836K->1724K(629120K), 0.0009687 secs] 576367K->18256K(2027264K), 0.0010647 secs] [Times: user=0.00 sys=0.00, real=0.00 secs] 
2024-10-03T01:39:29.800+0300: 831.737: Total time for which application threads were stopped: 0.0013698 seconds, Stopping threads took: 0.0001957 seconds
2024-10-03T01:39:31.746+0300: 833.680: Application time: 1.9431598 seconds
2024-10-03T01:39:31.746+0300: 833.680: [GC (Allocation Failure) 2024-10-03T01:39:31.746+0300: 833.680: [DefNew: 560880K->1724K(629120K), 0.0008022 secs] 577412K->18257K(2027264K), 0.0008765 secs] [Times: user=0.00 sys=0.00, real=0.00 secs] 
2024-10-03T01:39:31.746+0300: 833.681: Total time for which application threads were stopped: 0.0011584 seconds, Stopping threads took: 0.0001689 seconds
2024-10-03T01:39:33.692+0300: 835.622: Application time: 1.9416152 seconds
2024-10-03T01:39:33.692+0300: 835.623: [GC (Allocation Failure) 2024-10-03T01:39:33.692+0300: 835.623: [DefNew: 560880K->1212K(629120K), 0.0007545 secs] 577414K->17747K(2027264K), 0.0008191 secs] [Times: user=0.00 sys=0.00, real=0.00 secs] 
2024-10-03T01:39:33.692+0300: 835.624: Total time for which application threads were stopped: 0.0010743 seconds, Stopping threads took: 0.0001615 seconds
2024-10-03T01:39:35.621+0300: 837.561: Application time: 1.9379450 seconds
2024-10-03T01:39:35.621+0300: 837.562: [GC (Allocation Failure) 2024-10-03T01:39:35.621+0300: 837.562: [DefNew: 560365K->2236K(629120K), 0.0009668 secs] 576899K->18772K(2027264K), 0.0010401 secs] [Times: user=0.00 sys=0.00, real=0.00 secs] 
2024-10-03T01:39:35.621+0300: 837.563: Total time for which application threads were stopped: 0.0012570 seconds, Stopping threads took: 0.0001171 seconds
2024-10-03T01:39:37.567+0300: 839.503: Application time: 1.9397807 seconds
2024-10-03T01:39:37.567+0300: 839.503: [GC (Allocation Failure) 2024-10-03T01:39:37.567+0300: 839.503: [DefNew: 561375K->1724K(629120K), 0.0008374 secs] 577911K->18261K(2027264K), 0.0009111 secs] [Times: user=0.00 sys=0.00, real=0.00 secs] 
2024-10-03T01:39:37.567+0300: 839.504: Total time for which application threads were stopped: 0.0012043 seconds, Stopping threads took: 0.0001952 seconds
2024-10-03T01:39:39.516+0300: 841.444: Application time: 1.9403577 seconds
2024-10-03T01:39:39.516+0300: 841.444: [GC (Allocation Failure) 2024-10-03T01:39:39.516+0300: 841.444: [DefNew: 560851K->700K(629120K), 0.0007059 secs] 577388K->17238K(2027264K), 0.0007909 secs] [Times: user=0.00 sys=0.00, real=0.00 secs] 
2024-10-03T01:39:39.516+0300: 841.445: Total time for which application threads were stopped: 0.0010280 seconds, Stopping threads took: 0.0001285 seconds
2024-10-03T01:39:41.459+0300: 843.391: Application time: 1.9463293 seconds
2024-10-03T01:39:41.459+0300: 843.392: [GC (Allocation Failure) 2024-10-03T01:39:41.459+0300: 843.392: [DefNew: 559845K->700K(629120K), 0.0006801 secs] 576383K->17239K(2027264K), 0.0007500 secs] [Times: user=0.00 sys=0.00, real=0.00 secs] 
2024-10-03T01:39:41.459+0300: 843.393: Total time for which application threads were stopped: 0.0010425 seconds, Stopping threads took: 0.0001750 seconds
2024-10-03T01:39:43.388+0300: 845.332: Application time: 1.9394176 seconds
2024-10-03T01:39:43.404+0300: 845.332: [GC (Allocation Failure) 2024-10-03T01:39:43.404+0300: 845.332: [DefNew: 559854K->1212K(629120K), 0.0008523 secs] 576394K->17753K(2027264K), 0.0009548 secs] [Times: user=0.00 sys=0.00, real=0.00 secs] 
2024-10-03T01:39:43.404+0300: 845.333: Total time for which application threads were stopped: 0.0012681 seconds, Stopping threads took: 0.0001244 seconds
2024-10-03T01:39:45.334+0300: 847.268: Application time: 1.9351193 seconds
2024-10-03T01:39:45.334+0300: 847.269: [GC (Allocation Failure) 2024-10-03T01:39:45.334+0300: 847.269: [DefNew: 560358K->2748K(629120K), 0.0011228 secs] 576899K->19290K(2027264K), 0.0012535 secs] [Times: user=0.00 sys=0.00, real=0.00 secs] 
2024-10-03T01:39:45.334+0300: 847.270: Total time for which application threads were stopped: 0.0014893 seconds, Stopping threads took: 0.0000874 seconds
2024-10-03T01:39:47.280+0300: 849.213: Application time: 1.9433029 seconds
2024-10-03T01:39:47.280+0300: 849.213: [GC (Allocation Failure) 2024-10-03T01:39:47.280+0300: 849.213: [DefNew: 561924K->1212K(629120K), 0.0007400 secs] 578466K->17755K(2027264K), 0.0008033 secs] [Times: user=0.00 sys=0.00, real=0.00 secs] 
2024-10-03T01:39:47.280+0300: 849.214: Total time for which application threads were stopped: 0.0011175 seconds, Stopping threads took: 0.0002280 seconds
2024-10-03T01:39:49.226+0300: 851.161: Application time: 1.9470807 seconds
2024-10-03T01:39:49.226+0300: 851.162: [GC (Allocation Failure) 2024-10-03T01:39:49.226+0300: 851.162: [DefNew: 560375K->1212K(629120K), 0.0007645 secs] 576918K->17756K(2027264K), 0.0008305 secs] [Times: user=0.00 sys=0.00, real=0.01 secs] 
2024-10-03T01:39:49.233+0300: 851.162: Total time for which application threads were stopped: 0.0010875 seconds, Stopping threads took: 0.0001678 seconds
2024-10-03T01:39:51.171+0300: 853.103: Application time: 1.9408415 seconds
2024-10-03T01:39:51.171+0300: 853.104: [GC (Allocation Failure) 2024-10-03T01:39:51.171+0300: 853.104: [DefNew: 560364K->1724K(629120K), 0.0008347 secs] 576908K->18269K(2027264K), 0.0009056 secs] [Times: user=0.00 sys=0.00, real=0.00 secs] 
2024-10-03T01:39:51.171+0300: 853.105: Total time for which application threads were stopped: 0.0012711 seconds, Stopping threads took: 0.0002732 seconds
2024-10-03T01:39:53.116+0300: 855.045: Application time: 1.9402074 seconds
2024-10-03T01:39:53.116+0300: 855.045: [GC (Allocation Failure) 2024-10-03T01:39:53.116+0300: 855.045: [DefNew: 560887K->1212K(629120K), 0.0007389 secs] 577433K->17759K(2027264K), 0.0007977 secs] [Times: user=0.00 sys=0.00, real=0.00 secs] 
2024-10-03T01:39:53.116+0300: 855.046: Total time for which application threads were stopped: 0.0011026 seconds, Stopping threads took: 0.0002168 seconds
2024-10-03T01:39:55.046+0300: 856.983: Application time: 1.9368303 seconds
2024-10-03T01:39:55.046+0300: 856.983: [GC (Allocation Failure) 2024-10-03T01:39:55.046+0300: 856.983: [DefNew: 560371K->1212K(629120K), 0.0007221 secs] 576918K->17760K(2027264K), 0.0007898 secs] [Times: user=0.00 sys=0.00, real=0.00 secs] 
2024-10-03T01:39:55.046+0300: 856.984: Total time for which application threads were stopped: 0.0009909 seconds, Stopping threads took: 0.0001070 seconds
2024-10-03T01:39:56.992+0300: 858.922: Application time: 1.9388081 seconds
2024-10-03T01:39:56.992+0300: 858.923: [GC (Allocation Failure) 2024-10-03T01:39:56.992+0300: 858.923: [DefNew: 560360K->188K(629120K), 0.0005001 secs] 576908K->16737K(2027264K), 0.0005505 secs] [Times: user=0.00 sys=0.00, real=0.00 secs] 
2024-10-03T01:39:56.992+0300: 858.923: Total time for which application threads were stopped: 0.0007571 seconds, Stopping threads took: 0.0001237 seconds
2024-10-03T01:39:58.937+0300: 860.871: Application time: 1.9473885 seconds
2024-10-03T01:39:58.937+0300: 860.871: [GC (Allocation Failure) 2024-10-03T01:39:58.937+0300: 860.871: [DefNew: 559332K->1724K(629120K), 0.0008443 secs] 575881K->18274K(2027264K), 0.0009363 secs] [Times: user=0.00 sys=0.00, real=0.00 secs] 
2024-10-03T01:39:58.937+0300: 860.872: Total time for which application threads were stopped: 0.0012444 seconds, Stopping threads took: 0.0002038 seconds
2024-10-03T01:40:00.882+0300: 862.815: Application time: 1.9429129 seconds
2024-10-03T01:40:00.882+0300: 862.815: [GC (Allocation Failure) 2024-10-03T01:40:00.882+0300: 862.815: [DefNew: 560861K->1724K(629120K), 0.0008324 secs] 577412K->18275K(2027264K), 0.0009079 secs] [Times: user=0.00 sys=0.00, real=0.00 secs] 
2024-10-03T01:40:00.882+0300: 862.816: Total time for which application threads were stopped: 0.0011795 seconds, Stopping threads took: 0.0001707 seconds
2024-10-03T01:40:02.828+0300: 864.757: Application time: 1.9407972 seconds
2024-10-03T01:40:02.828+0300: 864.757: [GC (Allocation Failure) 2024-10-03T01:40:02.828+0300: 864.757: [DefNew: 560856K->1212K(629120K), 0.0007530 secs] 577408K->17765K(2027264K), 0.0008232 secs] [Times: user=0.00 sys=0.00, real=0.00 secs] 
2024-10-03T01:40:02.828+0300: 864.758: Total time for which application threads were stopped: 0.0010811 seconds, Stopping threads took: 0.0001505 seconds
2024-10-03T01:40:04.763+0300: 866.698: Application time: 1.9403427 seconds
2024-10-03T01:40:04.763+0300: 866.698: [GC (Allocation Failure) 2024-10-03T01:40:04.763+0300: 866.698: [DefNew: 560361K->1212K(629120K), 0.0007507 secs] 576914K->17766K(2027264K), 0.0008160 secs] [Times: user=0.00 sys=0.00, real=0.00 secs] 
2024-10-03T01:40:04.763+0300: 866.699: Total time for which application threads were stopped: 0.0010883 seconds, Stopping threads took: 0.0001864 seconds
2024-10-03T01:40:06.705+0300: 868.644: Application time: 1.9446618 seconds
2024-10-03T01:40:06.705+0300: 868.644: [GC (Allocation Failure) 2024-10-03T01:40:06.705+0300: 868.644: [DefNew: 560351K->1212K(629120K), 0.0007526 secs] 576905K->17767K(2027264K), 0.0008178 secs] [Times: user=0.00 sys=0.00, real=0.00 secs] 
2024-10-03T01:40:06.705+0300: 868.645: Total time for which application threads were stopped: 0.0011359 seconds, Stopping threads took: 0.0002192 seconds
2024-10-03T01:40:08.650+0300: 870.586: Application time: 1.9408677 seconds
2024-10-03T01:40:08.650+0300: 870.586: [GC (Allocation Failure) 2024-10-03T01:40:08.650+0300: 870.586: [DefNew: 560357K->1212K(629120K), 0.0007972 secs] 576912K->17768K(2027264K), 0.0008730 secs] [Times: user=0.00 sys=0.00, real=0.00 secs] 
2024-10-03T01:40:08.650+0300: 870.587: Total time for which application threads were stopped: 0.0012042 seconds, Stopping threads took: 0.0001991 seconds
2024-10-03T01:40:10.580+0300: 872.522: Application time: 1.9344337 seconds
2024-10-03T01:40:10.580+0300: 872.522: [GC (Allocation Failure) 2024-10-03T01:40:10.580+0300: 872.522: [DefNew: 560373K->2236K(629120K), 0.0010841 secs] 576929K->18793K(2027264K), 0.0011719 secs] [Times: user=0.00 sys=0.00, real=0.00 secs] 
2024-10-03T01:40:10.580+0300: 872.523: Total time for which application threads were stopped: 0.0014222 seconds, Stopping threads took: 0.0001475 seconds
2024-10-03T01:40:12.526+0300: 874.465: Application time: 1.9416971 seconds
2024-10-03T01:40:12.526+0300: 874.465: [GC (Allocation Failure) 2024-10-03T01:40:12.526+0300: 874.465: [DefNew: 561400K->1724K(629120K), 0.0009194 secs] 577958K->18282K(2027264K), 0.0009952 secs] [Times: user=0.00 sys=0.00, real=0.00 secs] 
2024-10-03T01:40:12.526+0300: 874.466: Total time for which application threads were stopped: 0.0011970 seconds, Stopping threads took: 0.0000817 seconds
2024-10-03T01:40:14.471+0300: 876.406: Application time: 1.9401511 seconds
2024-10-03T01:40:14.471+0300: 876.406: [GC (Allocation Failure) 2024-10-03T01:40:14.471+0300: 876.406: [DefNew: 560868K->1724K(629120K), 0.0008576 secs] 577427K->18284K(2027264K), 0.0009369 secs] [Times: user=0.00 sys=0.00, real=0.00 secs] 
2024-10-03T01:40:14.471+0300: 876.407: Total time for which application threads were stopped: 0.0013000 seconds, Stopping threads took: 0.0002372 seconds
2024-10-03T01:40:16.417+0300: 878.353: Application time: 1.9453761 seconds
2024-10-03T01:40:16.417+0300: 878.353: [GC (Allocation Failure) 2024-10-03T01:40:16.417+0300: 878.353: [DefNew: 560888K->700K(629120K), 0.0006974 secs] 577448K->17261K(2027264K), 0.0007699 secs] [Times: user=0.00 sys=0.00, real=0.00 secs] 
2024-10-03T01:40:16.417+0300: 878.354: Total time for which application threads were stopped: 0.0010083 seconds, Stopping threads took: 0.0001372 seconds
2024-10-03T01:40:18.348+0300: 880.284: Application time: 1.9297238 seconds
2024-10-03T01:40:18.348+0300: 880.284: [GC (Allocation Failure) 2024-10-03T01:40:18.348+0300: 880.284: [DefNew: 559843K->2748K(629120K), 0.0009988 secs] 576404K->19310K(2027264K), 0.0011236 secs] [Times: user=0.00 sys=0.00, real=0.00 secs] 
2024-10-03T01:40:18.348+0300: 880.285: Total time for which application threads were stopped: 0.0014179 seconds, Stopping threads took: 0.0001636 seconds
2024-10-03T01:40:20.295+0300: 882.224: Application time: 1.9392081 seconds
2024-10-03T01:40:20.295+0300: 882.224: [GC (Allocation Failure) 2024-10-03T01:40:20.295+0300: 882.224: [DefNew: 561888K->1724K(629120K), 0.0008323 secs] 578451K->18287K(2027264K), 0.0009005 secs] [Times: user=0.00 sys=0.00, real=0.00 secs] 
2024-10-03T01:40:20.295+0300: 882.225: Total time for which application threads were stopped: 0.0011955 seconds, Stopping threads took: 0.0001967 seconds
2024-10-03T01:40:22.225+0300: 884.164: Application time: 1.9388178 seconds
2024-10-03T01:40:22.225+0300: 884.164: [GC (Allocation Failure) 2024-10-03T01:40:22.225+0300: 884.164: [DefNew: 560869K->1212K(629120K), 0.0007523 secs] 577432K->17777K(2027264K), 0.0008184 secs] [Times: user=0.00 sys=0.00, real=0.00 secs] 
2024-10-03T01:40:22.225+0300: 884.165: Total time for which application threads were stopped: 0.0010927 seconds, Stopping threads took: 0.0001663 seconds
2024-10-03T01:40:24.171+0300: 886.103: Application time: 1.9374047 seconds
2024-10-03T01:40:24.171+0300: 886.103: [GC (Allocation Failure) 2024-10-03T01:40:24.171+0300: 886.103: [DefNew: 560353K->1724K(629120K), 0.0008528 secs] 576918K->18290K(2027264K), 0.0009506 secs] [Times: user=0.00 sys=0.00, real=0.00 secs] 
2024-10-03T01:40:24.171+0300: 886.104: Total time for which application threads were stopped: 0.0012104 seconds, Stopping threads took: 0.0001554 seconds
2024-10-03T01:40:26.102+0300: 888.045: Application time: 1.9410126 seconds
2024-10-03T01:40:26.102+0300: 888.045: [GC (Allocation Failure) 2024-10-03T01:40:26.102+0300: 888.045: [DefNew: 560866K->1724K(629120K), 0.0008487 secs] 577432K->18291K(2027264K), 0.0009214 secs] [Times: user=0.00 sys=0.00, real=0.00 secs] 
2024-10-03T01:40:26.118+0300: 888.046: Total time for which application threads were stopped: 0.0011953 seconds, Stopping threads took: 0.0001017 seconds
2024-10-03T01:40:28.048+0300: 889.991: Application time: 1.9451139 seconds
2024-10-03T01:40:28.048+0300: 889.991: [GC (Allocation Failure) 2024-10-03T01:40:28.048+0300: 889.992: [DefNew: 560875K->1724K(629120K), 0.0013287 secs] 577442K->18292K(2027264K), 0.0014058 secs] [Times: user=0.01 sys=0.00, real=0.02 secs] 
2024-10-03T01:40:28.064+0300: 889.993: Total time for which application threads were stopped: 0.0017023 seconds, Stopping threads took: 0.0002053 seconds
2024-10-03T01:40:30.010+0300: 891.949: Application time: 1.9562471 seconds
2024-10-03T01:40:30.010+0300: 891.950: [GC (Allocation Failure) 2024-10-03T01:40:30.010+0300: 891.950: [DefNew: 560889K->2236K(629120K), 0.0009693 secs] 577457K->18805K(2027264K), 0.0010521 secs] [Times: user=0.00 sys=0.00, real=0.00 secs] 
2024-10-03T01:40:30.010+0300: 891.951: Total time for which application threads were stopped: 0.0016601 seconds, Stopping threads took: 0.0005062 seconds
2024-10-03T01:40:31.970+0300: 893.903: Application time: 1.9521037 seconds
2024-10-03T01:40:31.970+0300: 893.903: [GC (Allocation Failure) 2024-10-03T01:40:31.970+0300: 893.903: [DefNew: 561373K->1724K(629120K), 0.0009390 secs] 577942K->18294K(2027264K), 0.0010134 secs] [Times: user=0.00 sys=0.00, real=0.00 secs] 
2024-10-03T01:40:31.970+0300: 893.904: Total time for which application threads were stopped: 0.0012489 seconds, Stopping threads took: 0.0001424 seconds
2024-10-03T01:40:33.917+0300: 895.848: Application time: 1.9438352 seconds
2024-10-03T01:40:33.917+0300: 895.848: [GC (Allocation Failure) 2024-10-03T01:40:33.917+0300: 895.848: [DefNew: 560846K->1724K(629120K), 0.0008612 secs] 577417K->18296K(2027264K), 0.0009354 secs] [Times: user=0.00 sys=0.00, real=0.00 secs] 
2024-10-03T01:40:33.917+0300: 895.849: Total time for which application threads were stopped: 0.0011166 seconds, Stopping threads took: 0.0000876 seconds
2024-10-03T01:40:35.861+0300: 897.793: Application time: 1.9443542 seconds
2024-10-03T01:40:35.861+0300: 897.794: [GC (Allocation Failure) 2024-10-03T01:40:35.861+0300: 897.794: [DefNew: 560852K->1212K(629120K), 0.0007992 secs] 577424K->17785K(2027264K), 0.0008647 secs] [Times: user=0.00 sys=0.00, real=0.00 secs] 
2024-10-03T01:40:35.861+0300: 897.795: Total time for which application threads were stopped: 0.0011456 seconds, Stopping threads took: 0.0001750 seconds
2024-10-03T01:40:37.806+0300: 899.737: Application time: 1.9423311 seconds
2024-10-03T01:40:37.806+0300: 899.737: [GC (Allocation Failure) 2024-10-03T01:40:37.806+0300: 899.737: [DefNew: 560353K->1724K(629120K), 0.0008666 secs] 576926K->18298K(2027264K), 0.0009360 secs] [Times: user=0.00 sys=0.00, real=0.00 secs] 
2024-10-03T01:40:37.806+0300: 899.738: Total time for which application threads were stopped: 0.0011989 seconds, Stopping threads took: 0.0001590 seconds
2024-10-03T01:40:39.737+0300: 901.680: Application time: 1.9417557 seconds
2024-10-03T01:40:39.737+0300: 901.680: [GC (Allocation Failure) 2024-10-03T01:40:39.737+0300: 901.680: [DefNew: 560956K->2236K(629120K), 0.0010298 secs] 577530K->18811K(2027264K), 0.0011067 secs] [Times: user=0.00 sys=0.00, real=0.02 secs] 
2024-10-03T01:40:39.752+0300: 901.681: Total time for which application threads were stopped: 0.0014293 seconds, Stopping threads took: 0.0002142 seconds
2024-10-03T01:40:41.698+0300: 903.635: Application time: 1.9539441 seconds
2024-10-03T01:40:41.698+0300: 903.636: [GC (Allocation Failure) 2024-10-03T01:40:41.698+0300: 903.636: [DefNew: 561392K->1724K(629120K), 0.0009933 secs] 577967K->18301K(2027264K), 0.0010653 secs] [Times: user=0.00 sys=0.00, real=0.00 secs] 
2024-10-03T01:40:41.698+0300: 903.637: Total time for which application threads were stopped: 0.0013857 seconds, Stopping threads took: 0.0002164 seconds
2024-10-03T01:40:43.659+0300: 905.588: Application time: 1.9513489 seconds
2024-10-03T01:40:43.659+0300: 905.588: [GC (Allocation Failure) 2024-10-03T01:40:43.659+0300: 905.588: [DefNew: 560851K->700K(629120K), 0.0006797 secs] 577428K->17278K(2027264K), 0.0007408 secs] [Times: user=0.00 sys=0.00, real=0.00 secs] 
2024-10-03T01:40:43.659+0300: 905.589: Total time for which application threads were stopped: 0.0010759 seconds, Stopping threads took: 0.0002438 seconds
2024-10-03T01:40:45.604+0300: 907.534: Application time: 1.9449167 seconds
2024-10-03T01:40:45.604+0300: 907.534: [GC (Allocation Failure) 2024-10-03T01:40:45.604+0300: 907.534: [DefNew: 559839K->1724K(629120K), 0.0011352 secs] 576417K->18303K(2027264K), 0.0012372 secs] [Times: user=0.00 sys=0.00, real=0.00 secs] 
2024-10-03T01:40:45.604+0300: 907.536: Total time for which application threads were stopped: 0.0015443 seconds, Stopping threads took: 0.0001739 seconds
2024-10-03T01:40:47.543+0300: 909.474: Application time: 1.9381634 seconds
2024-10-03T01:40:47.543+0300: 909.474: [GC (Allocation Failure) 2024-10-03T01:40:47.543+0300: 909.474: [DefNew: 560875K->700K(629120K), 0.0007184 secs] 577454K->17280K(2027264K), 0.0007867 secs] [Times: user=0.00 sys=0.00, real=0.00 secs] 
2024-10-03T01:40:47.543+0300: 909.475: Total time for which application threads were stopped: 0.0010523 seconds, Stopping threads took: 0.0001645 seconds
2024-10-03T01:40:49.481+0300: 911.420: Application time: 1.9450473 seconds
2024-10-03T01:40:49.481+0300: 911.420: [GC (Allocation Failure) 2024-10-03T01:40:49.481+0300: 911.420: [DefNew: 559849K->188K(629120K), 0.0004870 secs] 576429K->16769K(2027264K), 0.0005409 secs] [Times: user=0.00 sys=0.00, real=0.00 secs] 
2024-10-03T01:40:49.481+0300: 911.421: Total time for which application threads were stopped: 0.0007777 seconds, Stopping threads took: 0.0001573 seconds
2024-10-03T01:40:51.411+0300: 913.354: Application time: 1.9334824 seconds
2024-10-03T01:40:51.411+0300: 913.354: [GC (Allocation Failure) 2024-10-03T01:40:51.411+0300: 913.354: [DefNew: 559335K->2748K(629120K), 0.0012178 secs] 575916K->19331K(2027264K), 0.0013357 secs] [Times: user=0.00 sys=0.00, real=0.02 secs] 
2024-10-03T01:40:51.427+0300: 913.356: Total time for which application threads were stopped: 0.0016668 seconds, Stopping threads took: 0.0002006 seconds
2024-10-03T01:40:53.357+0300: 915.291: Application time: 1.9350950 seconds
2024-10-03T01:40:53.357+0300: 915.291: [GC (Allocation Failure) 2024-10-03T01:40:53.357+0300: 915.291: [DefNew: 561906K->2236K(629120K), 0.0008692 secs] 578489K->18820K(2027264K), 0.0009477 secs] [Times: user=0.00 sys=0.00, real=0.00 secs] 
2024-10-03T01:40:53.357+0300: 915.292: Total time for which application threads were stopped: 0.0012454 seconds, Stopping threads took: 0.0001841 seconds
2024-10-03T01:40:55.304+0300: 917.234: Application time: 1.9419875 seconds
2024-10-03T01:40:55.304+0300: 917.234: [GC (Allocation Failure) 2024-10-03T01:40:55.304+0300: 917.234: [DefNew: 561389K->1212K(629120K), 0.0007561 secs] 577973K->17797K(2027264K), 0.0008173 secs] [Times: user=0.00 sys=0.00, real=0.00 secs] 
2024-10-03T01:40:55.304+0300: 917.235: Total time for which application threads were stopped: 0.0011249 seconds, Stopping threads took: 0.0002194 seconds
2024-10-03T01:40:57.234+0300: 919.172: Application time: 1.9371305 seconds
2024-10-03T01:40:57.234+0300: 919.173: [GC (Allocation Failure) 2024-10-03T01:40:57.234+0300: 919.173: [DefNew: 560361K->1724K(629120K), 0.0008907 secs] 576947K->18310K(2027264K), 0.0009842 secs] [Times: user=0.00 sys=0.00, real=0.00 secs] 
2024-10-03T01:40:57.234+0300: 919.174: Total time for which application threads were stopped: 0.0012834 seconds, Stopping threads took: 0.0001749 seconds
2024-10-03T01:40:59.180+0300: 921.113: Application time: 1.9397486 seconds
2024-10-03T01:40:59.180+0300: 921.114: [GC (Allocation Failure) 2024-10-03T01:40:59.180+0300: 921.114: [DefNew: 560874K->700K(629120K), 0.0006376 secs] 577460K->17287K(2027264K), 0.0006949 secs] [Times: user=0.00 sys=0.00, real=0.00 secs] 
2024-10-03T01:40:59.180+0300: 921.114: Total time for which application threads were stopped: 0.0009516 seconds, Stopping threads took: 0.0001610 seconds
2024-10-03T01:41:01.127+0300: 923.057: Application time: 1.9425678 seconds
2024-10-03T01:41:01.127+0300: 923.057: [GC (Allocation Failure) 2024-10-03T01:41:01.127+0300: 923.057: [DefNew: 559836K->2236K(629120K), 0.0009310 secs] 576424K->18824K(2027264K), 0.0010029 secs] [Times: user=0.00 sys=0.00, real=0.00 secs] 
2024-10-03T01:41:01.127+0300: 923.058: Total time for which application threads were stopped: 0.0012529 seconds, Stopping threads took: 0.0001563 seconds
2024-10-03T01:41:03.057+0300: 924.999: Application time: 1.9408678 seconds
2024-10-03T01:41:03.057+0300: 924.999: [GC (Allocation Failure) 2024-10-03T01:41:03.057+0300: 924.999: [DefNew: 561385K->1212K(629120K), 0.0008150 secs] 577974K->17802K(2027264K), 0.0008854 secs] [Times: user=0.02 sys=0.00, real=0.02 secs] 
2024-10-03T01:41:03.072+0300: 925.000: Total time for which application threads were stopped: 0.0011580 seconds, Stopping threads took: 0.0001805 seconds
2024-10-03T01:41:05.002+0300: 926.941: Application time: 1.9406659 seconds
2024-10-03T01:41:05.002+0300: 926.941: [GC (Allocation Failure) 2024-10-03T01:41:05.002+0300: 926.941: [DefNew: 560376K->700K(629120K), 0.0006375 secs] 576966K->17291K(2027264K), 0.0007218 secs] [Times: user=0.00 sys=0.00, real=0.00 secs] 
2024-10-03T01:41:05.002+0300: 926.942: Total time for which application threads were stopped: 0.0009229 seconds, Stopping threads took: 0.0001116 seconds
2024-10-03T01:41:06.948+0300: 928.879: Application time: 1.9372195 seconds
2024-10-03T01:41:06.948+0300: 928.879: [GC (Allocation Failure) 2024-10-03T01:41:06.948+0300: 928.879: [DefNew: 559836K->1724K(629120K), 0.0008459 secs] 576427K->18316K(2027264K), 0.0009220 secs] [Times: user=0.00 sys=0.00, real=0.00 secs] 
2024-10-03T01:41:06.948+0300: 928.880: Total time for which application threads were stopped: 0.0011751 seconds, Stopping threads took: 0.0001046 seconds
2024-10-03T01:41:08.882+0300: 930.822: Application time: 1.9420418 seconds
2024-10-03T01:41:08.882+0300: 930.822: [GC (Allocation Failure) 2024-10-03T01:41:08.882+0300: 930.823: [DefNew: 560900K->1724K(629120K), 0.0008519 secs] 577492K->18317K(2027264K), 0.0009292 secs] [Times: user=0.00 sys=0.00, real=0.01 secs] 
2024-10-03T01:41:08.895+0300: 930.824: Total time for which application threads were stopped: 0.0012552 seconds, Stopping threads took: 0.0001695 seconds
2024-10-03T01:41:10.825+0300: 932.762: Application time: 1.9389255 seconds
2024-10-03T01:41:10.825+0300: 932.763: [GC (Allocation Failure) 2024-10-03T01:41:10.825+0300: 932.763: [DefNew: 560872K->1212K(629120K), 0.0007894 secs] 577466K->17806K(2027264K), 0.0008798 secs] [Times: user=0.00 sys=0.00, real=0.00 secs] 
2024-10-03T01:41:10.825+0300: 932.764: Total time for which application threads were stopped: 0.0011255 seconds, Stopping threads took: 0.0001390 seconds
2024-10-03T01:41:12.771+0300: 934.707: Application time: 1.9436268 seconds
2024-10-03T01:41:12.771+0300: 934.707: [GC (Allocation Failure) 2024-10-03T01:41:12.771+0300: 934.707: [DefNew: 560363K->2748K(629120K), 0.0009747 secs] 576958K->19344K(2027264K), 0.0010481 secs] [Times: user=0.00 sys=0.00, real=0.00 secs] 
2024-10-03T01:41:12.771+0300: 934.709: Total time for which application threads were stopped: 0.0013219 seconds, Stopping threads took: 0.0001830 seconds
2024-10-03T01:41:14.717+0300: 936.656: Application time: 1.9473472 seconds
2024-10-03T01:41:14.717+0300: 936.656: [GC (Allocation Failure) 2024-10-03T01:41:14.717+0300: 936.656: [DefNew: 561910K->1724K(629120K), 0.0008475 secs] 578506K->18321K(2027264K), 0.0009186 secs] [Times: user=0.00 sys=0.00, real=0.00 secs] 
2024-10-03T01:41:14.717+0300: 936.657: Total time for which application threads were stopped: 0.0012413 seconds, Stopping threads took: 0.0002336 seconds
2024-10-03T01:41:16.662+0300: 938.596: Application time: 1.9386565 seconds
2024-10-03T01:41:16.662+0300: 938.596: [GC (Allocation Failure) 2024-10-03T01:41:16.662+0300: 938.596: [DefNew: 560880K->1212K(629120K), 0.0007775 secs] 577477K->17810K(2027264K), 0.0008575 secs] [Times: user=0.00 sys=0.00, real=0.00 secs] 
2024-10-03T01:41:16.662+0300: 938.597: Total time for which application threads were stopped: 0.0011621 seconds, Stopping threads took: 0.0001763 seconds
2024-10-03T01:41:18.600+0300: 940.534: Application time: 1.9369034 seconds
2024-10-03T01:41:18.600+0300: 940.534: [GC (Allocation Failure) 2024-10-03T01:41:18.600+0300: 940.534: [DefNew: 560361K->1212K(629120K), 0.0008174 secs] 576959K->17811K(2027264K), 0.0008959 secs] [Times: user=0.00 sys=0.00, real=0.00 secs] 
2024-10-03T01:41:18.600+0300: 940.535: Total time for which application threads were stopped: 0.0012681 seconds, Stopping threads took: 0.0002347 seconds
2024-10-03T01:41:20.538+0300: 942.472: Application time: 1.9366706 seconds
2024-10-03T01:41:20.538+0300: 942.472: [GC (Allocation Failure) 2024-10-03T01:41:20.538+0300: 942.472: [DefNew: 560364K->1724K(629120K), 0.0008625 secs] 576964K->18324K(2027264K), 0.0009396 secs] [Times: user=0.00 sys=0.00, real=0.00 secs] 
2024-10-03T01:41:20.538+0300: 942.473: Total time for which application threads were stopped: 0.0012333 seconds, Stopping threads took: 0.0001972 seconds
2024-10-03T01:41:22.468+0300: 944.404: Application time: 1.9308110 seconds
2024-10-03T01:41:22.468+0300: 944.404: [GC (Allocation Failure) 2024-10-03T01:41:22.468+0300: 944.404: [DefNew: 560809K->700K(629120K), 0.0008027 secs] 577410K->17301K(2027264K), 0.0009056 secs] [Times: user=0.00 sys=0.00, real=0.00 secs] 
2024-10-03T01:41:22.468+0300: 944.405: Total time for which application threads were stopped: 0.0011140 seconds, Stopping threads took: 0.0000984 seconds
2024-10-03T01:41:24.414+0300: 946.343: Application time: 1.9376414 seconds
2024-10-03T01:41:24.414+0300: 946.343: [GC (Allocation Failure) 2024-10-03T01:41:24.414+0300: 946.343: [DefNew: 559835K->1212K(629120K), 0.0007455 secs] 576436K->17815K(2027264K), 0.0008474 secs] [Times: user=0.00 sys=0.00, real=0.00 secs] 
2024-10-03T01:41:24.414+0300: 946.344: Total time for which application threads were stopped: 0.0010916 seconds, Stopping threads took: 0.0001294 seconds
2024-10-03T01:41:26.344+0300: 948.276: Application time: 1.9322535 seconds
2024-10-03T01:41:26.344+0300: 948.276: [GC (Allocation Failure) 2024-10-03T01:41:26.344+0300: 948.276: [DefNew: 560336K->700K(629120K), 0.0006697 secs] 576939K->17304K(2027264K), 0.0007417 secs] [Times: user=0.00 sys=0.00, real=0.00 secs] 
2024-10-03T01:41:26.344+0300: 948.277: Total time for which application threads were stopped: 0.0009844 seconds, Stopping threads took: 0.0001424 seconds
2024-10-03T01:41:28.274+0300: 950.213: Application time: 1.9360175 seconds
2024-10-03T01:41:28.274+0300: 950.213: [GC (Allocation Failure) 2024-10-03T01:41:28.274+0300: 950.213: [DefNew: 559838K->2236K(629120K), 0.0009296 secs] 576442K->18841K(2027264K), 0.0010026 secs] [Times: user=0.00 sys=0.00, real=0.00 secs] 
2024-10-03T01:41:28.274+0300: 950.214: Total time for which application threads were stopped: 0.0012757 seconds, Stopping threads took: 0.0001794 seconds
2024-10-03T01:41:30.223+0300: 952.155: Application time: 1.9405777 seconds
2024-10-03T01:41:30.223+0300: 952.155: [GC (Allocation Failure) 2024-10-03T01:41:30.223+0300: 952.155: [DefNew: 561384K->1724K(629120K), 0.0008070 secs] 577989K->18330K(2027264K), 0.0008724 secs] [Times: user=0.00 sys=0.00, real=0.00 secs] 
2024-10-03T01:41:30.223+0300: 952.156: Total time for which application threads were stopped: 0.0011095 seconds, Stopping threads took: 0.0001405 seconds
2024-10-03T01:41:32.165+0300: 954.108: Application time: 1.9519906 seconds
2024-10-03T01:41:32.165+0300: 954.108: [GC (Allocation Failure) 2024-10-03T01:41:32.165+0300: 954.108: [DefNew: 560875K->188K(629120K), 0.0005081 secs] 577482K->16795K(2027264K), 0.0005649 secs] [Times: user=0.00 sys=0.00, real=0.00 secs] 
2024-10-03T01:41:32.165+0300: 954.109: Total time for which application threads were stopped: 0.0007993 seconds, Stopping threads took: 0.0001526 seconds
2024-10-03T01:41:34.110+0300: 956.047: Application time: 1.9386108 seconds
2024-10-03T01:41:34.110+0300: 956.048: [GC (Allocation Failure) 2024-10-03T01:41:34.110+0300: 956.048: [DefNew: 559354K->700K(629120K), 0.0006296 secs] 575962K->17309K(2027264K), 0.0006858 secs] [Times: user=0.00 sys=0.00, real=0.00 secs] 
2024-10-03T01:41:34.110+0300: 956.048: Total time for which application threads were stopped: 0.0009638 seconds, Stopping threads took: 0.0001966 seconds
2024-10-03T01:41:36.042+0300: 957.985: Application time: 1.9368311 seconds
2024-10-03T01:41:36.042+0300: 957.985: [GC (Allocation Failure) 2024-10-03T01:41:36.042+0300: 957.986: [DefNew: 559841K->1724K(629120K), 0.0011723 secs] 576450K->18334K(2027264K), 0.0012627 secs] [Times: user=0.01 sys=0.00, real=0.01 secs] 
2024-10-03T01:41:36.057+0300: 957.987: Total time for which application threads were stopped: 0.0016466 seconds, Stopping threads took: 0.0002691 seconds
2024-10-03T01:41:37.987+0300: 959.925: Application time: 1.9381920 seconds
2024-10-03T01:41:37.987+0300: 959.925: [GC (Allocation Failure) 2024-10-03T01:41:37.987+0300: 959.925: [DefNew: 560869K->1212K(629120K), 0.0012381 secs] 577479K->17823K(2027264K), 0.0013764 secs] [Times: user=0.00 sys=0.00, real=0.00 secs] 
2024-10-03T01:41:37.987+0300: 959.927: Total time for which application threads were stopped: 0.0016953 seconds, Stopping threads took: 0.0001809 seconds
2024-10-03T01:41:40.324+0300: 962.258: Application time: 2.3311328 seconds
2024-10-03T01:41:40.324+0300: 962.258: [GC (Allocation Failure) 2024-10-03T01:41:40.324+0300: 962.258: [DefNew: 560050K->1212K(629120K), 0.0019261 secs] 576661K->17824K(2027264K), 0.0020328 secs] [Times: user=0.00 sys=0.00, real=0.00 secs] 
2024-10-03T01:41:40.324+0300: 962.260: Total time for which application threads were stopped: 0.0022790 seconds, Stopping threads took: 0.0001347 seconds
2024-10-03T01:41:42.286+0300: 964.226: Application time: 1.9655598 seconds
2024-10-03T01:41:42.286+0300: 964.226: [GC (Allocation Failure) 2024-10-03T01:41:42.286+0300: 964.226: [DefNew: 560444K->700K(629120K), 0.0011538 secs] 577056K->17313K(2027264K), 0.0012280 secs] [Times: user=0.00 sys=0.00, real=0.00 secs] 
2024-10-03T01:41:42.286+0300: 964.227: Total time for which application threads were stopped: 0.0014491 seconds, Stopping threads took: 0.0001253 seconds
2024-10-03T01:41:44.249+0300: 966.181: Application time: 1.9535108 seconds
2024-10-03T01:41:44.249+0300: 966.181: [GC (Allocation Failure) 2024-10-03T01:41:44.249+0300: 966.181: [DefNew: 559656K->700K(629120K), 0.0006292 secs] 576270K->17315K(2027264K), 0.0006820 secs] [Times: user=0.00 sys=0.00, real=0.00 secs] 
2024-10-03T01:41:44.249+0300: 966.182: Total time for which application threads were stopped: 0.0009002 seconds, Stopping threads took: 0.0001288 seconds
2024-10-03T01:41:46.207+0300: 968.139: Application time: 1.9569991 seconds
2024-10-03T01:41:46.207+0300: 968.139: [GC (Allocation Failure) 2024-10-03T01:41:46.207+0300: 968.139: [DefNew: 559483K->1212K(629120K), 0.0016000 secs] 576098K->17828K(2027264K), 0.0016759 secs] [Times: user=0.00 sys=0.00, real=0.00 secs] 
2024-10-03T01:41:46.207+0300: 968.140: Total time for which application threads were stopped: 0.0019083 seconds, Stopping threads took: 0.0001109 seconds
2024-10-03T01:41:48.168+0300: 970.098: Application time: 1.9579632 seconds
2024-10-03T01:41:48.168+0300: 970.099: [GC (Allocation Failure) 2024-10-03T01:41:48.168+0300: 970.099: [DefNew: 560332K->1212K(629120K), 0.0009108 secs] 576948K->17829K(2027264K), 0.0009977 secs] [Times: user=0.00 sys=0.00, real=0.00 secs] 
2024-10-03T01:41:48.168+0300: 970.100: Total time for which application threads were stopped: 0.0013120 seconds, Stopping threads took: 0.0001975 seconds
2024-10-03T01:41:50.099+0300: 972.042: Application time: 1.9425992 seconds
2024-10-03T01:41:50.099+0300: 972.043: [GC (Allocation Failure) 2024-10-03T01:41:50.099+0300: 972.043: [DefNew: 560333K->188K(629120K), 0.0007759 secs] 576950K->16806K(2027264K), 0.0008617 secs] [Times: user=0.01 sys=0.00, real=0.02 secs] 
2024-10-03T01:41:50.115+0300: 972.044: Total time for which application threads were stopped: 0.0011927 seconds, Stopping threads took: 0.0002213 seconds
2024-10-03T01:41:52.043+0300: 973.977: Application time: 1.9336697 seconds
2024-10-03T01:41:52.043+0300: 973.977: [GC (Allocation Failure) 2024-10-03T01:41:52.043+0300: 973.977: [DefNew: 559335K->2236K(629120K), 0.0013980 secs] 575953K->18855K(2027264K), 0.0014727 secs] [Times: user=0.00 sys=0.00, real=0.00 secs] 
2024-10-03T01:41:52.043+0300: 973.979: Total time for which application threads were stopped: 0.0017135 seconds, Stopping threads took: 0.0001485 seconds
2024-10-03T01:41:53.988+0300: 975.926: Application time: 1.9471928 seconds
2024-10-03T01:41:53.988+0300: 975.926: [GC (Allocation Failure) 2024-10-03T01:41:53.988+0300: 975.926: [DefNew: 561375K->1212K(629120K), 0.0007266 secs] 577995K->17833K(2027264K), 0.0007902 secs] [Times: user=0.00 sys=0.00, real=0.00 secs] 
2024-10-03T01:41:53.988+0300: 975.927: Total time for which application threads were stopped: 0.0010351 seconds, Stopping threads took: 0.0001331 seconds
2024-10-03T01:41:55.935+0300: 977.866: Application time: 1.9390286 seconds
2024-10-03T01:41:55.935+0300: 977.866: [GC (Allocation Failure) 2024-10-03T01:41:55.935+0300: 977.866: [DefNew: 560360K->1724K(629120K), 0.0008242 secs] 576981K->18346K(2027264K), 0.0008952 secs] [Times: user=0.00 sys=0.00, real=0.00 secs] 
2024-10-03T01:41:55.935+0300: 977.867: Total time for which application threads were stopped: 0.0012071 seconds, Stopping threads took: 0.0002202 seconds
2024-10-03T01:41:57.881+0300: 979.814: Application time: 1.9462969 seconds
2024-10-03T01:41:57.881+0300: 979.814: [GC (Allocation Failure) 2024-10-03T01:41:57.881+0300: 979.814: [DefNew: 560873K->1212K(629120K), 0.0006987 secs] 577495K->17835K(2027264K), 0.0007688 secs] [Times: user=0.00 sys=0.00, real=0.00 secs] 
2024-10-03T01:41:57.881+0300: 979.815: Total time for which application threads were stopped: 0.0010079 seconds, Stopping threads took: 0.0001312 seconds
2024-10-03T01:41:58.807+0300: 980.738: Application time: 0.9234759 seconds
2024-10-03T01:41:58.807+0300: 980.739: Total time for which application threads were stopped: 0.0003600 seconds, Stopping threads took: 0.0002702 seconds
2024-10-03T01:41:59.478+0300: 981.409: Application time: 0.6701468 seconds
2024-10-03T01:41:59.478+0300: 981.409: Total time for which application threads were stopped: 0.0002928 seconds, Stopping threads took: 0.0002684 seconds
2024-10-03T01:42:00.063+0300: 982.000: Application time: 0.5913134 seconds
2024-10-03T01:42:00.063+0300: 982.001: [GC (Allocation Failure) 2024-10-03T01:42:00.063+0300: 982.001: [DefNew: 560121K->4289K(629120K), 0.0020936 secs] 576745K->20914K(2027264K), 0.0021711 secs] [Times: user=0.00 sys=0.00, real=0.00 secs] 
2024-10-03T01:42:00.063+0300: 982.003: Total time for which application threads were stopped: 0.0024482 seconds, Stopping threads took: 0.0001805 seconds
2024-10-03T01:42:02.150+0300: 984.088: Application time: 2.0850672 seconds
2024-10-03T01:42:02.150+0300: 984.088: [GC (Allocation Failure) 2024-10-03T01:42:02.150+0300: 984.088: [DefNew: 563080K->4290K(629120K), 0.0026923 secs] 579705K->20915K(2027264K), 0.0027618 secs] [Times: user=0.00 sys=0.00, real=0.00 secs] 
2024-10-03T01:42:02.150+0300: 984.091: Total time for which application threads were stopped: 0.0030328 seconds, Stopping threads took: 0.0001728 seconds
2024-10-03T01:42:04.252+0300: 986.184: Application time: 2.0929531 seconds
2024-10-03T01:42:04.252+0300: 986.184: [GC (Allocation Failure) 2024-10-03T01:42:04.252+0300: 986.184: [DefNew: 563323K->3778K(629120K), 0.0011024 secs] 579948K->20404K(2027264K), 0.0011792 secs] [Times: user=0.00 sys=0.00, real=0.00 secs] 
2024-10-03T01:42:04.252+0300: 986.185: Total time for which application threads were stopped: 0.0014753 seconds, Stopping threads took: 0.0002004 seconds
2024-10-03T01:42:06.340+0300: 988.280: Application time: 2.0943735 seconds
2024-10-03T01:42:06.340+0300: 988.280: [GC (Allocation Failure) 2024-10-03T01:42:06.340+0300: 988.280: [DefNew: 562802K->3778K(629120K), 0.0012848 secs] 579429K->20406K(2027264K), 0.0013650 secs] [Times: user=0.00 sys=0.00, real=0.00 secs] 
2024-10-03T01:42:06.340+0300: 988.281: Total time for which application threads were stopped: 0.0015797 seconds, Stopping threads took: 0.0001100 seconds
2024-10-03T01:42:08.443+0300: 990.380: Application time: 2.0990130 seconds
2024-10-03T01:42:08.443+0300: 990.381: [GC (Allocation Failure) 2024-10-03T01:42:08.443+0300: 990.381: [DefNew: 562818K->4290K(629120K), 0.0012952 secs] 579446K->20919K(2027264K), 0.0013727 secs] [Times: user=0.00 sys=0.00, real=0.00 secs] 
2024-10-03T01:42:08.443+0300: 990.382: Total time for which application threads were stopped: 0.0016987 seconds, Stopping threads took: 0.0002198 seconds
2024-10-03T01:42:10.546+0300: 992.480: Application time: 2.0984274 seconds
2024-10-03T01:42:10.546+0300: 992.481: [GC (Allocation Failure) 2024-10-03T01:42:10.546+0300: 992.481: [DefNew: 563368K->3778K(629120K), 0.0012994 secs] 579997K->20408K(2027264K), 0.0013913 secs] [Times: user=0.02 sys=0.00, real=0.00 secs] 
2024-10-03T01:42:10.546+0300: 992.482: Total time for which application threads were stopped: 0.0017010 seconds, Stopping threads took: 0.0001918 seconds
2024-10-03T01:42:12.634+0300: 994.575: Application time: 2.0932893 seconds
2024-10-03T01:42:12.634+0300: 994.576: [GC (Allocation Failure) 2024-10-03T01:42:12.634+0300: 994.576: [DefNew: 562818K->4290K(629120K), 0.0013493 secs] 579448K->20921K(2027264K), 0.0014268 secs] [Times: user=0.00 sys=0.00, real=0.00 secs] 
2024-10-03T01:42:12.634+0300: 994.577: Total time for which application threads were stopped: 0.0017288 seconds, Stopping threads took: 0.0001997 seconds
2024-10-03T01:42:14.737+0300: 996.670: Application time: 2.0926613 seconds
2024-10-03T01:42:14.737+0300: 996.670: [GC (Allocation Failure) 2024-10-03T01:42:14.737+0300: 996.670: [DefNew: 563170K->5314K(629120K), 0.0017660 secs] 579801K->21946K(2027264K), 0.0018679 secs] [Times: user=0.00 sys=0.00, real=0.00 secs] 
2024-10-03T01:42:14.737+0300: 996.672: Total time for which application threads were stopped: 0.0022003 seconds, Stopping threads took: 0.0001847 seconds
2024-10-03T01:42:16.823+0300: 998.766: Application time: 2.0945100 seconds
2024-10-03T01:42:16.823+0300: 998.767: [GC (Allocation Failure) 2024-10-03T01:42:16.823+0300: 998.767: [DefNew: 564437K->4290K(629120K), 0.0015468 secs] 581069K->20924K(2027264K), 0.0016269 secs] [Times: user=0.02 sys=0.00, real=0.02 secs] 
2024-10-03T01:42:16.839+0300: 998.768: Total time for which application threads were stopped: 0.0018765 seconds, Stopping threads took: 0.0001413 seconds
2024-10-03T01:42:18.914+0300: 1000.853: Application time: 2.0850932 seconds
2024-10-03T01:42:18.914+0300: 1000.854: [GC (Allocation Failure) 2024-10-03T01:42:18.914+0300: 1000.854: [DefNew: 563029K->4802K(629120K), 0.0014763 secs] 579663K->21437K(2027264K), 0.0015567 secs] [Times: user=0.00 sys=0.00, real=0.01 secs] 
2024-10-03T01:42:18.926+0300: 1000.855: Total time for which application threads were stopped: 0.0018194 seconds, Stopping threads took: 0.0001674 seconds
2024-10-03T01:42:21.013+0300: 1002.942: Application time: 2.0865575 seconds
2024-10-03T01:42:21.013+0300: 1002.942: [GC (Allocation Failure) 2024-10-03T01:42:21.013+0300: 1002.942: [DefNew: 563818K->4802K(629120K), 0.0015815 secs] 580453K->21438K(2027264K), 0.0016588 secs] [Times: user=0.00 sys=0.00, real=0.00 secs] 
2024-10-03T01:42:21.013+0300: 1002.944: Total time for which application threads were stopped: 0.0019878 seconds, Stopping threads took: 0.0002330 seconds
2024-10-03T01:42:23.101+0300: 1005.040: Application time: 2.0959076 seconds
2024-10-03T01:42:23.101+0300: 1005.040: [GC (Allocation Failure) 2024-10-03T01:42:23.101+0300: 1005.040: [DefNew: 563898K->4802K(629120K), 0.0014003 secs] 580535K->21439K(2027264K), 0.0014780 secs] [Times: user=0.00 sys=0.00, real=0.00 secs] 
2024-10-03T01:42:23.101+0300: 1005.042: Total time for which application threads were stopped: 0.0017759 seconds, Stopping threads took: 0.0002054 seconds
2024-10-03T01:42:25.188+0300: 1007.130: Application time: 2.0888380 seconds
2024-10-03T01:42:25.188+0300: 1007.131: [GC (Allocation Failure) 2024-10-03T01:42:25.188+0300: 1007.131: [DefNew: 563666K->4290K(629120K), 0.0013808 secs] 580303K->20928K(2027264K), 0.0014534 secs] [Times: user=0.01 sys=0.00, real=0.02 secs] 
2024-10-03T01:42:25.203+0300: 1007.132: Total time for which application threads were stopped: 0.0017380 seconds, Stopping threads took: 0.0001952 seconds
2024-10-03T01:42:27.290+0300: 1009.219: Application time: 2.0873460 seconds
2024-10-03T01:42:27.290+0300: 1009.220: [GC (Allocation Failure) 2024-10-03T01:42:27.290+0300: 1009.220: [DefNew: 563352K->4802K(629120K), 0.0013666 secs] 579991K->21442K(2027264K), 0.0014396 secs] [Times: user=0.00 sys=0.00, real=0.00 secs] 
2024-10-03T01:42:27.290+0300: 1009.221: Total time for which application threads were stopped: 0.0017101 seconds, Stopping threads took: 0.0001572 seconds
2024-10-03T01:42:29.377+0300: 1011.313: Application time: 2.0914875 seconds
2024-10-03T01:42:29.377+0300: 1011.313: [GC (Allocation Failure) 2024-10-03T01:42:29.377+0300: 1011.313: [DefNew: 563695K->4290K(629120K), 0.0014350 secs] 580335K->20931K(2027264K), 0.0015103 secs] [Times: user=0.00 sys=0.00, real=0.00 secs] 
2024-10-03T01:42:29.377+0300: 1011.314: Total time for which application threads were stopped: 0.0018131 seconds, Stopping threads took: 0.0002022 seconds
2024-10-03T01:42:31.464+0300: 1013.403: Application time: 2.0888443 seconds
2024-10-03T01:42:31.464+0300: 1013.404: [GC (Allocation Failure) 2024-10-03T01:42:31.464+0300: 1013.404: [DefNew: 563240K->1724K(629120K), 0.0020236 secs] 579881K->21444K(2027264K), 0.0020977 secs] [Times: user=0.00 sys=0.00, real=0.00 secs] 
2024-10-03T01:42:31.464+0300: 1013.406: Total time for which application threads were stopped: 0.0023451 seconds, Stopping threads took: 0.0001517 seconds
2024-10-03T01:42:33.409+0300: 1015.351: Application time: 1.9448755 seconds
2024-10-03T01:42:33.409+0300: 1015.351: [GC (Allocation Failure) 2024-10-03T01:42:33.409+0300: 1015.351: [DefNew: 560699K->700K(629120K), 0.0006778 secs] 580419K->20421K(2027264K), 0.0007537 secs] [Times: user=0.00 sys=0.00, real=0.00 secs] 
2024-10-03T01:42:33.409+0300: 1015.352: Total time for which application threads were stopped: 0.0010836 seconds, Stopping threads took: 0.0002154 seconds
2024-10-03T01:42:35.355+0300: 1017.286: Application time: 1.9347547 seconds
2024-10-03T01:42:35.355+0300: 1017.287: [GC (Allocation Failure) 2024-10-03T01:42:35.355+0300: 1017.287: [DefNew: 559610K->700K(629120K), 0.0007250 secs] 579331K->20422K(2027264K), 0.0008055 secs] [Times: user=0.00 sys=0.00, real=0.00 secs] 
2024-10-03T01:42:35.355+0300: 1017.287: Total time for which application threads were stopped: 0.0010852 seconds, Stopping threads took: 0.0001570 seconds
2024-10-03T01:42:37.288+0300: 1019.225: Application time: 1.9373628 seconds
2024-10-03T01:42:37.288+0300: 1019.225: [GC (Allocation Failure) 2024-10-03T01:42:37.288+0300: 1019.225: [DefNew: 559428K->1212K(629120K), 0.0007268 secs] 579150K->20936K(2027264K), 0.0007906 secs] [Times: user=0.00 sys=0.00, real=0.00 secs] 
2024-10-03T01:42:37.288+0300: 1019.226: Total time for which application threads were stopped: 0.0010472 seconds, Stopping threads took: 0.0001700 seconds
2024-10-03T01:42:39.233+0300: 1021.166: Application time: 1.9405012 seconds
2024-10-03T01:42:39.233+0300: 1021.167: [GC (Allocation Failure) 2024-10-03T01:42:39.233+0300: 1021.167: [DefNew: 560397K->1724K(629120K), 0.0008146 secs] 580121K->21449K(2027264K), 0.0008851 secs] [Times: user=0.00 sys=0.00, real=0.00 secs] 
2024-10-03T01:42:39.233+0300: 1021.168: Total time for which application threads were stopped: 0.0011198 seconds, Stopping threads took: 0.0001406 seconds
2024-10-03T01:42:41.179+0300: 1023.113: Application time: 1.9452857 seconds
2024-10-03T01:42:41.179+0300: 1023.113: [GC (Allocation Failure) 2024-10-03T01:42:41.179+0300: 1023.113: [DefNew: 560883K->188K(629120K), 0.0004725 secs] 580608K->19914K(2027264K), 0.0005237 secs] [Times: user=0.00 sys=0.00, real=0.00 secs] 
2024-10-03T01:42:41.179+0300: 1023.114: Total time for which application threads were stopped: 0.0007610 seconds, Stopping threads took: 0.0001548 seconds
2024-10-03T01:42:43.109+0300: 1025.051: Application time: 1.9376846 seconds
2024-10-03T01:42:43.109+0300: 1025.051: [GC (Allocation Failure) 2024-10-03T01:42:43.109+0300: 1025.052: [DefNew: 559351K->1724K(629120K), 0.0008263 secs] 579077K->21451K(2027264K), 0.0009205 secs] [Times: user=0.00 sys=0.00, real=0.00 secs] 
2024-10-03T01:42:43.109+0300: 1025.052: Total time for which application threads were stopped: 0.0011922 seconds, Stopping threads took: 0.0001514 seconds
2024-10-03T01:42:45.055+0300: 1026.989: Application time: 1.9369103 seconds
2024-10-03T01:42:45.055+0300: 1026.990: [GC (Allocation Failure) 2024-10-03T01:42:45.055+0300: 1026.990: [DefNew: 560883K->1724K(629120K), 0.0008609 secs] 580611K->21452K(2027264K), 0.0009327 secs] [Times: user=0.00 sys=0.00, real=0.00 secs] 
2024-10-03T01:42:45.055+0300: 1026.991: Total time for which application threads were stopped: 0.0013039 seconds, Stopping threads took: 0.0002637 seconds
2024-10-03T01:42:47.001+0300: 1028.931: Application time: 1.9403726 seconds
2024-10-03T01:42:47.001+0300: 1028.931: [GC (Allocation Failure) 2024-10-03T01:42:47.001+0300: 1028.931: [DefNew: 560873K->1724K(629120K), 0.0008963 secs] 580601K->21454K(2027264K), 0.0009736 secs] [Times: user=0.00 sys=0.00, real=0.00 secs] 
2024-10-03T01:42:47.001+0300: 1028.932: Total time for which application threads were stopped: 0.0013104 seconds, Stopping threads took: 0.0002382 seconds
2024-10-03T01:42:48.946+0300: 1030.889: Application time: 1.9568726 seconds
2024-10-03T01:42:48.946+0300: 1030.890: [GC (Allocation Failure) 2024-10-03T01:42:48.946+0300: 1030.890: [DefNew: 560884K->188K(629120K), 0.0007673 secs] 580613K->19919K(2027264K), 0.0008600 secs] [Times: user=0.00 sys=0.00, real=0.01 secs] 
2024-10-03T01:42:48.961+0300: 1030.890: Total time for which application threads were stopped: 0.0011910 seconds, Stopping threads took: 0.0002164 seconds
2024-10-03T01:42:50.922+0300: 1032.854: Application time: 1.9637920 seconds
2024-10-03T01:42:50.922+0300: 1032.854: [GC (Allocation Failure) 2024-10-03T01:42:50.922+0300: 1032.855: [DefNew: 559335K->1212K(629120K), 0.0007496 secs] 579066K->20944K(2027264K), 0.0008135 secs] [Times: user=0.00 sys=0.00, real=0.00 secs] 
2024-10-03T01:42:50.922+0300: 1032.855: Total time for which application threads were stopped: 0.0011061 seconds, Stopping threads took: 0.0001980 seconds
2024-10-03T01:42:52.868+0300: 1034.797: Application time: 1.9420826 seconds
2024-10-03T01:42:52.868+0300: 1034.798: [GC (Allocation Failure) 2024-10-03T01:42:52.868+0300: 1034.798: [DefNew: 560355K->1724K(629120K), 0.0009091 secs] 580088K->21457K(2027264K), 0.0009928 secs] [Times: user=0.00 sys=0.00, real=0.00 secs] 
2024-10-03T01:42:52.868+0300: 1034.799: Total time for which application threads were stopped: 0.0012988 seconds, Stopping threads took: 0.0001935 seconds
2024-10-03T01:42:54.815+0300: 1036.748: Application time: 1.9490422 seconds
2024-10-03T01:42:54.815+0300: 1036.748: [GC (Allocation Failure) 2024-10-03T01:42:54.815+0300: 1036.748: [DefNew: 560873K->1212K(629120K), 0.0007443 secs] 580607K->20946K(2027264K), 0.0008052 secs] [Times: user=0.00 sys=0.00, real=0.00 secs] 
2024-10-03T01:42:54.815+0300: 1036.749: Total time for which application threads were stopped: 0.0010909 seconds, Stopping threads took: 0.0001864 seconds
2024-10-03T01:42:56.759+0300: 1038.690: Application time: 1.9416233 seconds
2024-10-03T01:42:56.759+0300: 1038.691: [GC (Allocation Failure) 2024-10-03T01:42:56.759+0300: 1038.691: [DefNew: 560353K->1212K(629120K), 0.0007552 secs] 580087K->20947K(2027264K), 0.0008219 secs] [Times: user=0.00 sys=0.00, real=0.00 secs] 
2024-10-03T01:42:56.759+0300: 1038.692: Total time for which application threads were stopped: 0.0011057 seconds, Stopping threads took: 0.0001879 seconds
2024-10-03T01:42:58.704+0300: 1040.634: Application time: 1.9427650 seconds
2024-10-03T01:42:58.704+0300: 1040.635: [GC (Allocation Failure) 2024-10-03T01:42:58.704+0300: 1040.635: [DefNew: 560347K->2236K(629120K), 0.0008728 secs] 580083K->21973K(2027264K), 0.0009470 secs] [Times: user=0.00 sys=0.00, real=0.00 secs] 
2024-10-03T01:42:58.704+0300: 1040.636: Total time for which application threads were stopped: 0.0012261 seconds, Stopping threads took: 0.0001628 seconds
2024-10-03T01:43:00.666+0300: 1042.595: Application time: 1.9591784 seconds
2024-10-03T01:43:00.666+0300: 1042.595: [GC (Allocation Failure) 2024-10-03T01:43:00.666+0300: 1042.595: [DefNew: 561380K->2236K(629120K), 0.0009868 secs] 581117K->21974K(2027264K), 0.0010732 secs] [Times: user=0.00 sys=0.00, real=0.00 secs] 
2024-10-03T01:43:00.666+0300: 1042.596: Total time for which application threads were stopped: 0.0015156 seconds, Stopping threads took: 0.0003244 seconds
2024-10-03T01:43:02.611+0300: 1044.553: Application time: 1.9565921 seconds
2024-10-03T01:43:02.611+0300: 1044.553: [GC (Allocation Failure) 2024-10-03T01:43:02.611+0300: 1044.553: [DefNew: 561393K->2236K(629120K), 0.0009283 secs] 581132K->21975K(2027264K), 0.0010029 secs] [Times: user=0.00 sys=0.00, real=0.00 secs] 
2024-10-03T01:43:02.611+0300: 1044.554: Total time for which application threads were stopped: 0.0013249 seconds, Stopping threads took: 0.0002210 seconds
2024-10-03T01:43:04.556+0300: 1046.498: Application time: 1.9438966 seconds
2024-10-03T01:43:04.556+0300: 1046.498: [GC (Allocation Failure) 2024-10-03T01:43:04.556+0300: 1046.498: [DefNew: 561395K->1724K(629120K), 0.0008714 secs] 581135K->21464K(2027264K), 0.0009749 secs] [Times: user=0.00 sys=0.00, real=0.00 secs] 
2024-10-03T01:43:04.556+0300: 1046.499: Total time for which application threads were stopped: 0.0012268 seconds, Stopping threads took: 0.0001256 seconds
2024-10-03T01:43:06.518+0300: 1048.455: Application time: 1.9553424 seconds
2024-10-03T01:43:06.518+0300: 1048.455: [GC (Allocation Failure) 2024-10-03T01:43:06.518+0300: 1048.455: [DefNew: 560868K->700K(629120K), 0.0009379 secs] 580609K->20441K(2027264K), 0.0011851 secs] [Times: user=0.00 sys=0.00, real=0.00 secs] 
2024-10-03T01:43:06.518+0300: 1048.456: Total time for which application threads were stopped: 0.0014729 seconds, Stopping threads took: 0.0001677 seconds
2024-10-03T01:43:08.464+0300: 1050.393: Application time: 1.9372540 seconds
2024-10-03T01:43:08.464+0300: 1050.394: [GC (Allocation Failure) 2024-10-03T01:43:08.464+0300: 1050.394: [DefNew: 559844K->1724K(629120K), 0.0007995 secs] 579586K->21467K(2027264K), 0.0008680 secs] [Times: user=0.00 sys=0.00, real=0.00 secs] 
2024-10-03T01:43:08.464+0300: 1050.395: Total time for which application threads were stopped: 0.0011920 seconds, Stopping threads took: 0.0002275 seconds
2024-10-03T01:43:10.394+0300: 1052.336: Application time: 1.9410342 seconds
2024-10-03T01:43:10.394+0300: 1052.336: [GC (Allocation Failure) 2024-10-03T01:43:10.394+0300: 1052.336: [DefNew: 560863K->700K(629120K), 0.0007056 secs] 580606K->20444K(2027264K), 0.0007801 secs] [Times: user=0.00 sys=0.00, real=0.00 secs] 
2024-10-03T01:43:10.394+0300: 1052.337: Total time for which application threads were stopped: 0.0011324 seconds, Stopping threads took: 0.0002303 seconds
2024-10-03T01:43:12.340+0300: 1054.276: Application time: 1.9396865 seconds
2024-10-03T01:43:12.340+0300: 1054.277: [GC (Allocation Failure) 2024-10-03T01:43:12.340+0300: 1054.277: [DefNew: 559848K->1724K(629120K), 0.0016877 secs] 579593K->21469K(2027264K), 0.0017695 secs] [Times: user=0.00 sys=0.00, real=0.00 secs] 
2024-10-03T01:43:12.340+0300: 1054.279: Total time for which application threads were stopped: 0.0021298 seconds, Stopping threads took: 0.0002376 seconds
2024-10-03T01:43:14.286+0300: 1056.220: Application time: 1.9419158 seconds
2024-10-03T01:43:14.286+0300: 1056.221: [GC (Allocation Failure) 2024-10-03T01:43:14.286+0300: 1056.221: [DefNew: 560851K->1724K(629120K), 0.0008307 secs] 580597K->21470K(2027264K), 0.0008971 secs] [Times: user=0.00 sys=0.00, real=0.00 secs] 
2024-10-03T01:43:14.286+0300: 1056.222: Total time for which application threads were stopped: 0.0011421 seconds, Stopping threads took: 0.0001417 seconds
2024-10-03T01:43:16.232+0300: 1058.162: Application time: 1.9401835 seconds
2024-10-03T01:43:16.232+0300: 1058.162: [GC (Allocation Failure) 2024-10-03T01:43:16.232+0300: 1058.162: [DefNew: 560857K->1724K(629120K), 0.0008853 secs] 580604K->21471K(2027264K), 0.0009617 secs] [Times: user=0.00 sys=0.00, real=0.00 secs] 
2024-10-03T01:43:16.232+0300: 1058.163: Total time for which application threads were stopped: 0.0013543 seconds, Stopping threads took: 0.0002832 seconds
2024-10-03T01:43:18.177+0300: 1060.108: Application time: 1.9443716 seconds
2024-10-03T01:43:18.177+0300: 1060.108: [GC (Allocation Failure) 2024-10-03T01:43:18.177+0300: 1060.108: [DefNew: 560868K->1212K(629120K), 0.0008040 secs] 580616K->20961K(2027264K), 0.0008820 secs] [Times: user=0.00 sys=0.00, real=0.00 secs] 
2024-10-03T01:43:18.177+0300: 1060.109: Total time for which application threads were stopped: 0.0011897 seconds, Stopping threads took: 0.0001886 seconds
2024-10-03T01:43:20.123+0300: 1062.052: Application time: 1.9431532 seconds
2024-10-03T01:43:20.123+0300: 1062.052: [GC (Allocation Failure) 2024-10-03T01:43:20.123+0300: 1062.052: [DefNew: 560357K->1724K(629120K), 0.0008141 secs] 580106K->21474K(2027264K), 0.0008834 secs] [Times: user=0.00 sys=0.00, real=0.00 secs] 
2024-10-03T01:43:20.123+0300: 1062.053: Total time for which application threads were stopped: 0.0011517 seconds, Stopping threads took: 0.0001805 seconds
2024-10-03T01:43:22.052+0300: 1063.994: Application time: 1.9410662 seconds
2024-10-03T01:43:22.052+0300: 1063.994: [GC (Allocation Failure) 2024-10-03T01:43:22.052+0300: 1063.994: [DefNew: 560855K->1724K(629120K), 0.0008558 secs] 580605K->21475K(2027264K), 0.0009263 secs] [Times: user=0.00 sys=0.00, real=0.00 secs] 
2024-10-03T01:43:22.052+0300: 1063.995: Total time for which application threads were stopped: 0.0011579 seconds, Stopping threads took: 0.0001008 seconds
2024-10-03T01:43:23.998+0300: 1065.936: Application time: 1.9405341 seconds
2024-10-03T01:43:23.998+0300: 1065.936: [GC (Allocation Failure) 2024-10-03T01:43:23.998+0300: 1065.936: [DefNew: 560841K->1724K(629120K), 0.0008192 secs] 580593K->21476K(2027264K), 0.0009484 secs] [Times: user=0.00 sys=0.00, real=0.00 secs] 
2024-10-03T01:43:23.998+0300: 1065.937: Total time for which application threads were stopped: 0.0011901 seconds, Stopping threads took: 0.0001504 seconds
2024-10-03T01:43:25.944+0300: 1067.879: Application time: 1.9422992 seconds
2024-10-03T01:43:25.944+0300: 1067.880: [GC (Allocation Failure) 2024-10-03T01:43:25.944+0300: 1067.880: [DefNew: 560854K->1724K(629120K), 0.0008143 secs] 580607K->21477K(2027264K), 0.0008876 secs] [Times: user=0.00 sys=0.00, real=0.00 secs] 
2024-10-03T01:43:25.944+0300: 1067.880: Total time for which application threads were stopped: 0.0011345 seconds, Stopping threads took: 0.0001476 seconds
2024-10-03T01:43:27.890+0300: 1069.821: Application time: 1.9403013 seconds
2024-10-03T01:43:27.890+0300: 1069.821: [GC (Allocation Failure) 2024-10-03T01:43:27.890+0300: 1069.821: [DefNew: 560891K->2236K(629120K), 0.0009247 secs] 580645K->21991K(2027264K), 0.0009980 secs] [Times: user=0.00 sys=0.00, real=0.00 secs] 
2024-10-03T01:43:27.890+0300: 1069.822: Total time for which application threads were stopped: 0.0013018 seconds, Stopping threads took: 0.0002097 seconds
2024-10-03T01:43:29.835+0300: 1071.774: Application time: 1.9514723 seconds
2024-10-03T01:43:29.835+0300: 1071.774: [GC (Allocation Failure) 2024-10-03T01:43:29.835+0300: 1071.774: [DefNew: 561392K->1724K(629120K), 0.0008986 secs] 581146K->21480K(2027264K), 0.0009946 secs] [Times: user=0.00 sys=0.00, real=0.00 secs] 
2024-10-03T01:43:29.835+0300: 1071.775: Total time for which application threads were stopped: 0.0013114 seconds, Stopping threads took: 0.0002043 seconds
2024-10-03T01:43:31.782+0300: 1073.719: Application time: 1.9441869 seconds
2024-10-03T01:43:31.782+0300: 1073.719: [GC (Allocation Failure) 2024-10-03T01:43:31.782+0300: 1073.719: [DefNew: 560876K->700K(629120K), 0.0005845 secs] 580632K->20457K(2027264K), 0.0006382 secs] [Times: user=0.00 sys=0.00, real=0.00 secs] 
2024-10-03T01:43:31.782+0300: 1073.720: Total time for which application threads were stopped: 0.0008273 seconds, Stopping threads took: 0.0001084 seconds
2024-10-03T01:43:33.728+0300: 1075.662: Application time: 1.9424149 seconds
2024-10-03T01:43:33.728+0300: 1075.663: [GC (Allocation Failure) 2024-10-03T01:43:33.728+0300: 1075.663: [DefNew: 559836K->1212K(629120K), 0.0007490 secs] 579593K->20970K(2027264K), 0.0008143 secs] [Times: user=0.00 sys=0.00, real=0.00 secs] 
2024-10-03T01:43:33.728+0300: 1075.663: Total time for which application threads were stopped: 0.0010845 seconds, Stopping threads took: 0.0001812 seconds
2024-10-03T01:43:35.676+0300: 1077.605: Application time: 1.9416426 seconds
2024-10-03T01:43:35.676+0300: 1077.605: [GC (Allocation Failure) 2024-10-03T01:43:35.676+0300: 1077.605: [DefNew: 560351K->700K(629120K), 0.0006606 secs] 580110K->20459K(2027264K), 0.0007407 secs] [Times: user=0.01 sys=0.00, real=0.00 secs] 
2024-10-03T01:43:35.677+0300: 1077.606: Total time for which application threads were stopped: 0.0010669 seconds, Stopping threads took: 0.0002180 seconds
2024-10-03T01:43:37.619+0300: 1079.548: Application time: 1.9420499 seconds
2024-10-03T01:43:37.619+0300: 1079.548: [GC (Allocation Failure) 2024-10-03T01:43:37.619+0300: 1079.548: [DefNew: 559853K->700K(629120K), 0.0006082 secs] 579613K->20461K(2027264K), 0.0006630 secs] [Times: user=0.00 sys=0.00, real=0.00 secs] 
2024-10-03T01:43:37.619+0300: 1079.549: Total time for which application threads were stopped: 0.0009046 seconds, Stopping threads took: 0.0001528 seconds
2024-10-03T01:43:39.548+0300: 1081.491: Application time: 1.9420772 seconds
2024-10-03T01:43:39.548+0300: 1081.491: [GC (Allocation Failure) 2024-10-03T01:43:39.548+0300: 1081.492: [DefNew: 559832K->1212K(629120K), 0.0008420 secs] 579593K->20974K(2027264K), 0.0010300 secs] [Times: user=0.00 sys=0.00, real=0.01 secs] 
2024-10-03T01:43:39.563+0300: 1081.493: Total time for which application threads were stopped: 0.0013740 seconds, Stopping threads took: 0.0001995 seconds
2024-10-03T01:43:41.494+0300: 1083.435: Application time: 1.9428323 seconds
2024-10-03T01:43:41.494+0300: 1083.436: [GC (Allocation Failure) 2024-10-03T01:43:41.494+0300: 1083.436: [DefNew: 560350K->1212K(629120K), 0.0007491 secs] 580112K->20975K(2027264K), 0.0008158 secs] [Times: user=0.00 sys=0.00, real=0.00 secs] 
2024-10-03T01:43:41.494+0300: 1083.436: Total time for which application threads were stopped: 0.0010625 seconds, Stopping threads took: 0.0001596 seconds
2024-10-03T01:43:43.440+0300: 1085.378: Application time: 1.9417159 seconds
2024-10-03T01:43:43.440+0300: 1085.378: [GC (Allocation Failure) 2024-10-03T01:43:43.440+0300: 1085.378: [DefNew: 560358K->1724K(629120K), 0.0009226 secs] 580121K->21488K(2027264K), 0.0010038 secs] [Times: user=0.00 sys=0.00, real=0.00 secs] 
2024-10-03T01:43:43.440+0300: 1085.379: Total time for which application threads were stopped: 0.0013605 seconds, Stopping threads took: 0.0002426 seconds
2024-10-03T01:43:45.386+0300: 1087.329: Application time: 1.9495411 seconds
2024-10-03T01:43:45.386+0300: 1087.329: [GC (Allocation Failure) 2024-10-03T01:43:45.386+0300: 1087.329: [DefNew: 560852K->700K(629120K), 0.0007255 secs] 580616K->20465K(2027264K), 0.0008192 secs] [Times: user=0.00 sys=0.00, real=0.02 secs] 
2024-10-03T01:43:45.401+0300: 1087.330: Total time for which application threads were stopped: 0.0010651 seconds, Stopping threads took: 0.0001243 seconds
2024-10-03T01:43:47.332+0300: 1089.262: Application time: 1.9318781 seconds
2024-10-03T01:43:47.332+0300: 1089.262: [GC (Allocation Failure) 2024-10-03T01:43:47.332+0300: 1089.262: [DefNew: 559847K->1724K(629120K), 0.0008116 secs] 579613K->21491K(2027264K), 0.0008782 secs] [Times: user=0.00 sys=0.00, real=0.00 secs] 
2024-10-03T01:43:47.332+0300: 1089.263: Total time for which application threads were stopped: 0.0012175 seconds, Stopping threads took: 0.0002394 seconds
2024-10-03T01:43:49.278+0300: 1091.208: Application time: 1.9446374 seconds
2024-10-03T01:43:49.278+0300: 1091.208: [GC (Allocation Failure) 2024-10-03T01:43:49.278+0300: 1091.208: [DefNew: 560859K->1212K(629120K), 0.0007724 secs] 580626K->20980K(2027264K), 0.0008427 secs] [Times: user=0.00 sys=0.00, real=0.00 secs] 
2024-10-03T01:43:49.278+0300: 1091.209: Total time for which application threads were stopped: 0.0011484 seconds, Stopping threads took: 0.0002135 seconds
2024-10-03T01:43:51.207+0300: 1093.149: Application time: 1.9404096 seconds
2024-10-03T01:43:51.207+0300: 1093.150: [GC (Allocation Failure) 2024-10-03T01:43:51.207+0300: 1093.150: [DefNew: 560351K->1212K(629120K), 0.0007441 secs] 580119K->20981K(2027264K), 0.0008229 secs] [Times: user=0.00 sys=0.00, real=0.00 secs] 
2024-10-03T01:43:51.207+0300: 1093.150: Total time for which application threads were stopped: 0.0010836 seconds, Stopping threads took: 0.0001462 seconds
2024-10-03T01:43:53.152+0300: 1095.093: Application time: 1.9425710 seconds
2024-10-03T01:43:53.152+0300: 1095.093: [GC (Allocation Failure) 2024-10-03T01:43:53.152+0300: 1095.093: [DefNew: 560353K->1724K(629120K), 0.0008338 secs] 580122K->21494K(2027264K), 0.0009013 secs] [Times: user=0.00 sys=0.00, real=0.00 secs] 
2024-10-03T01:43:53.152+0300: 1095.094: Total time for which application threads were stopped: 0.0011515 seconds, Stopping threads took: 0.0001552 seconds
2024-10-03T01:43:55.098+0300: 1097.040: Application time: 1.9456516 seconds
2024-10-03T01:43:55.098+0300: 1097.040: [GC (Allocation Failure) 2024-10-03T01:43:55.098+0300: 1097.040: [DefNew: 560880K->1724K(629120K), 0.0008286 secs] 580650K->21495K(2027264K), 0.0009149 secs] [Times: user=0.00 sys=0.00, real=0.00 secs] 
2024-10-03T01:43:55.098+0300: 1097.041: Total time for which application threads were stopped: 0.0011861 seconds, Stopping threads took: 0.0001450 seconds
2024-10-03T01:43:57.060+0300: 1098.989: Application time: 1.9479309 seconds
2024-10-03T01:43:57.060+0300: 1098.989: [GC (Allocation Failure) 2024-10-03T01:43:57.060+0300: 1098.989: [DefNew: 560861K->1724K(629120K), 0.0008068 secs] 580632K->21497K(2027264K), 0.0009389 secs] [Times: user=0.00 sys=0.00, real=0.00 secs] 
2024-10-03T01:43:57.060+0300: 1098.990: Total time for which application threads were stopped: 0.0012053 seconds, Stopping threads took: 0.0001520 seconds
2024-10-03T01:43:59.006+0300: 1100.938: Application time: 1.9475627 seconds
2024-10-03T01:43:59.006+0300: 1100.938: [GC (Allocation Failure) 2024-10-03T01:43:59.006+0300: 1100.938: [DefNew: 560881K->1212K(629120K), 0.0008020 secs] 580653K->20986K(2027264K), 0.0008676 secs] [Times: user=0.00 sys=0.00, real=0.00 secs] 
2024-10-03T01:43:59.006+0300: 1100.939: Total time for which application threads were stopped: 0.0011588 seconds, Stopping threads took: 0.0001998 seconds
2024-10-03T01:44:00.951+0300: 1102.889: Application time: 1.9499340 seconds
2024-10-03T01:44:00.951+0300: 1102.889: [GC (Allocation Failure) 2024-10-03T01:44:00.951+0300: 1102.889: [DefNew: 560354K->2236K(629120K), 0.0009301 secs] 580128K->22011K(2027264K), 0.0010028 secs] [Times: user=0.00 sys=0.00, real=0.00 secs] 
2024-10-03T01:44:00.951+0300: 1102.890: Total time for which application threads were stopped: 0.0012742 seconds, Stopping threads took: 0.0001776 seconds
2024-10-03T01:44:02.912+0300: 1104.852: Application time: 1.9616885 seconds
2024-10-03T01:44:02.912+0300: 1104.852: [GC (Allocation Failure) 2024-10-03T01:44:02.912+0300: 1104.852: [DefNew: 561359K->1212K(629120K), 0.0007345 secs] 581135K->20988K(2027264K), 0.0008000 secs] [Times: user=0.00 sys=0.00, real=0.00 secs] 
2024-10-03T01:44:02.912+0300: 1104.853: Total time for which application threads were stopped: 0.0009827 seconds, Stopping threads took: 0.0000974 seconds
2024-10-03T01:44:04.889+0300: 1106.817: Application time: 1.9645661 seconds
2024-10-03T01:44:04.889+0300: 1106.818: [GC (Allocation Failure) 2024-10-03T01:44:04.889+0300: 1106.818: [DefNew: 560371K->1212K(629120K), 0.0008229 secs] 580147K->20989K(2027264K), 0.0009239 secs] [Times: user=0.00 sys=0.00, real=0.00 secs] 
2024-10-03T01:44:04.889+0300: 1106.819: Total time for which application threads were stopped: 0.0011541 seconds, Stopping threads took: 0.0001213 seconds
2024-10-03T01:44:06.835+0300: 1108.763: Application time: 1.9447522 seconds
2024-10-03T01:44:06.835+0300: 1108.764: [GC (Allocation Failure) 2024-10-03T01:44:06.835+0300: 1108.764: [DefNew: 560356K->1724K(629120K), 0.0008559 secs] 580134K->21503K(2027264K), 0.0009193 secs] [Times: user=0.00 sys=0.00, real=0.00 secs] 
2024-10-03T01:44:06.835+0300: 1108.765: Total time for which application threads were stopped: 0.0012474 seconds, Stopping threads took: 0.0002302 seconds
2024-10-03T01:44:08.781+0300: 1110.717: Application time: 1.9525941 seconds
2024-10-03T01:44:08.781+0300: 1110.717: [GC (Allocation Failure) 2024-10-03T01:44:08.781+0300: 1110.717: [DefNew: 560876K->700K(629120K), 0.0006594 secs] 580655K->20480K(2027264K), 0.0007287 secs] [Times: user=0.00 sys=0.00, real=0.00 secs] 
2024-10-03T01:44:08.781+0300: 1110.718: Total time for which application threads were stopped: 0.0010409 seconds, Stopping threads took: 0.0002048 seconds
2024-10-03T01:44:10.727+0300: 1112.667: Application time: 1.9491447 seconds
2024-10-03T01:44:10.727+0300: 1112.668: [GC (Allocation Failure) 2024-10-03T01:44:10.727+0300: 1112.668: [DefNew: 559863K->1212K(629120K), 0.0009052 secs] 579643K->20993K(2027264K), 0.0009653 secs] [Times: user=0.00 sys=0.00, real=0.00 secs] 
2024-10-03T01:44:10.727+0300: 1112.669: Total time for which application threads were stopped: 0.0012183 seconds, Stopping threads took: 0.0001617 seconds
2024-10-03T01:44:12.687+0300: 1114.626: Application time: 1.9576907 seconds
2024-10-03T01:44:12.687+0300: 1114.626: [GC (Allocation Failure) 2024-10-03T01:44:12.687+0300: 1114.626: [DefNew: 560373K->1724K(629120K), 0.0008802 secs] 580154K->21506K(2027264K), 0.0010198 secs] [Times: user=0.00 sys=0.00, real=0.00 secs] 
2024-10-03T01:44:12.687+0300: 1114.627: Total time for which application threads were stopped: 0.0012509 seconds, Stopping threads took: 0.0001300 seconds
2024-10-03T01:44:14.634+0300: 1116.576: Application time: 1.9486237 seconds
2024-10-03T01:44:14.634+0300: 1116.576: [GC (Allocation Failure) 2024-10-03T01:44:14.634+0300: 1116.576: [DefNew: 560860K->1212K(629120K), 0.0007597 secs] 580642K->20995K(2027264K), 0.0008272 secs] [Times: user=0.00 sys=0.00, real=0.00 secs] 
2024-10-03T01:44:14.634+0300: 1116.577: Total time for which application threads were stopped: 0.0010312 seconds, Stopping threads took: 0.0000766 seconds
2024-10-03T01:44:16.578+0300: 1118.520: Application time: 1.9426113 seconds
2024-10-03T01:44:16.578+0300: 1118.520: [GC (Allocation Failure) 2024-10-03T01:44:16.578+0300: 1118.520: [DefNew: 560338K->700K(629120K), 0.0007399 secs] 580122K->20484K(2027264K), 0.0008108 secs] [Times: user=0.00 sys=0.00, real=0.00 secs] 
2024-10-03T01:44:16.578+0300: 1118.521: Total time for which application threads were stopped: 0.0011045 seconds, Stopping threads took: 0.0001869 seconds
2024-10-03T01:44:18.523+0300: 1120.460: Application time: 1.9394590 seconds
2024-10-03T01:44:18.523+0300: 1120.461: [GC (Allocation Failure) 2024-10-03T01:44:18.523+0300: 1120.461: [DefNew: 559837K->2236K(629120K), 0.0012530 secs] 579622K->22022K(2027264K), 0.0013440 secs] [Times: user=0.00 sys=0.00, real=0.00 secs] 
2024-10-03T01:44:18.523+0300: 1120.462: Total time for which application threads were stopped: 0.0017023 seconds, Stopping threads took: 0.0002362 seconds
2024-10-03T01:44:20.468+0300: 1122.408: Application time: 1.9456023 seconds
2024-10-03T01:44:20.468+0300: 1122.408: [GC (Allocation Failure) 2024-10-03T01:44:20.468+0300: 1122.408: [DefNew: 561370K->2236K(629120K), 0.0008872 secs] 581156K->22023K(2027264K), 0.0009563 secs] [Times: user=0.00 sys=0.00, real=0.00 secs] 
2024-10-03T01:44:20.468+0300: 1122.409: Total time for which application threads were stopped: 0.0012133 seconds, Stopping threads took: 0.0001680 seconds
2024-10-03T01:44:22.414+0300: 1124.354: Application time: 1.9451870 seconds
2024-10-03T01:44:22.414+0300: 1124.354: [GC (Allocation Failure) 2024-10-03T01:44:22.414+0300: 1124.354: [DefNew: 561374K->1724K(629120K), 0.0009160 secs] 581161K->21512K(2027264K), 0.0010265 secs] [Times: user=0.00 sys=0.00, real=0.00 secs] 
2024-10-03T01:44:22.414+0300: 1124.355: Total time for which application threads were stopped: 0.0012984 seconds, Stopping threads took: 0.0001533 seconds
2024-10-03T01:44:24.361+0300: 1126.297: Application time: 1.9417117 seconds
2024-10-03T01:44:24.361+0300: 1126.297: [GC (Allocation Failure) 2024-10-03T01:44:24.361+0300: 1126.297: [DefNew: 560879K->700K(629120K), 0.0007803 secs] 580667K->20489K(2027264K), 0.0008503 secs] [Times: user=0.00 sys=0.00, real=0.00 secs] 
2024-10-03T01:44:24.361+0300: 1126.298: Total time for which application threads were stopped: 0.0010554 seconds, Stopping threads took: 0.0001070 seconds
2024-10-03T01:44:26.290+0300: 1128.233: Application time: 1.9352952 seconds
2024-10-03T01:44:26.290+0300: 1128.234: [GC (Allocation Failure) 2024-10-03T01:44:26.290+0300: 1128.234: [DefNew: 559858K->1724K(629120K), 0.0009787 secs] 579647K->21514K(2027264K), 0.0010394 secs] [Times: user=0.02 sys=0.00, real=0.02 secs] 
2024-10-03T01:44:26.306+0300: 1128.235: Total time for which application threads were stopped: 0.0013593 seconds, Stopping threads took: 0.0002183 seconds
2024-10-03T01:44:28.237+0300: 1130.180: Application time: 1.9452195 seconds
2024-10-03T01:44:28.237+0300: 1130.180: [GC (Allocation Failure) 2024-10-03T01:44:28.237+0300: 1130.180: [DefNew: 560851K->1724K(629120K), 0.0008958 secs] 580642K->21516K(2027264K), 0.0010634 secs] [Times: user=0.00 sys=0.00, real=0.02 secs] 
2024-10-03T01:44:28.253+0300: 1130.181: Total time for which application threads were stopped: 0.0013514 seconds, Stopping threads took: 0.0001753 seconds
2024-10-03T01:44:30.183+0300: 1132.122: Application time: 1.9407269 seconds
2024-10-03T01:44:30.183+0300: 1132.122: [GC (Allocation Failure) 2024-10-03T01:44:30.183+0300: 1132.122: [DefNew: 560863K->700K(629120K), 0.0007002 secs] 580655K->20493K(2027264K), 0.0008155 secs] [Times: user=0.01 sys=0.00, real=0.01 secs] 
2024-10-03T01:44:30.194+0300: 1132.123: Total time for which application threads were stopped: 0.0010455 seconds, Stopping threads took: 0.0001319 seconds
2024-10-03T01:44:32.128+0300: 1134.069: Application time: 1.9463273 seconds
2024-10-03T01:44:32.128+0300: 1134.070: [GC (Allocation Failure) 2024-10-03T01:44:32.128+0300: 1134.070: [DefNew: 559846K->1724K(629120K), 0.0009047 secs] 579639K->21518K(2027264K), 0.0009723 secs] [Times: user=0.00 sys=0.00, real=0.00 secs] 
2024-10-03T01:44:32.128+0300: 1134.071: Total time for which application threads were stopped: 0.0012421 seconds, Stopping threads took: 0.0001434 seconds
2024-10-03T01:44:34.074+0300: 1136.015: Application time: 1.9440168 seconds
2024-10-03T01:44:34.074+0300: 1136.015: [GC (Allocation Failure) 2024-10-03T01:44:34.074+0300: 1136.015: [DefNew: 560852K->1724K(629120K), 0.0010004 secs] 580646K->21519K(2027264K), 0.0010747 secs] [Times: user=0.02 sys=0.00, real=0.01 secs] 
2024-10-03T01:44:34.087+0300: 1136.016: Total time for which application threads were stopped: 0.0013833 seconds, Stopping threads took: 0.0001753 seconds
2024-10-03T01:44:36.020+0300: 1137.962: Application time: 1.9457156 seconds
2024-10-03T01:44:36.020+0300: 1137.962: [GC (Allocation Failure) 2024-10-03T01:44:36.020+0300: 1137.962: [DefNew: 560851K->2236K(629120K), 0.0010338 secs] 580646K->22032K(2027264K), 0.0011115 secs] [Times: user=0.00 sys=0.00, real=0.00 secs] 
2024-10-03T01:44:36.020+0300: 1137.963: Total time for which application threads were stopped: 0.0013546 seconds, Stopping threads took: 0.0001442 seconds
2024-10-03T01:44:37.979+0300: 1139.908: Application time: 1.9443997 seconds
2024-10-03T01:44:37.979+0300: 1139.908: [GC (Allocation Failure) 2024-10-03T01:44:37.979+0300: 1139.908: [DefNew: 561375K->1212K(629120K), 0.0008069 secs] 581172K->21010K(2027264K), 0.0008764 secs] [Times: user=0.00 sys=0.00, real=0.00 secs] 
2024-10-03T01:44:37.980+0300: 1139.909: Total time for which application threads were stopped: 0.0011577 seconds, Stopping threads took: 0.0001660 seconds
2024-10-03T01:44:39.943+0300: 1141.879: Application time: 1.9707396 seconds
2024-10-03T01:44:39.943+0300: 1141.880: [GC (Allocation Failure) 2024-10-03T01:44:39.943+0300: 1141.880: [DefNew: 560359K->2236K(629120K), 0.0011148 secs] 580157K->22035K(2027264K), 0.0012171 secs] [Times: user=0.00 sys=0.00, real=0.00 secs] 
2024-10-03T01:44:39.943+0300: 1141.881: Total time for which application threads were stopped: 0.0014477 seconds, Stopping threads took: 0.0000904 seconds
2024-10-03T01:44:41.936+0300: 1143.876: Application time: 1.9953775 seconds
2024-10-03T01:44:41.936+0300: 1143.877: [GC (Allocation Failure) 2024-10-03T01:44:41.936+0300: 1143.877: [DefNew: 561378K->2236K(629120K), 0.0010220 secs] 581177K->22036K(2027264K), 0.0011145 secs] [Times: user=0.00 sys=0.00, real=0.00 secs] 
2024-10-03T01:44:41.936+0300: 1143.878: Total time for which application threads were stopped: 0.0014572 seconds, Stopping threads took: 0.0001961 seconds
2024-10-03T01:44:43.929+0300: 1145.868: Application time: 1.9903185 seconds
2024-10-03T01:44:43.929+0300: 1145.868: [GC (Allocation Failure) 2024-10-03T01:44:43.929+0300: 1145.868: [DefNew: 561373K->700K(629120K), 0.0007778 secs] 581173K->20501K(2027264K), 0.0008884 secs] [Times: user=0.00 sys=0.00, real=0.00 secs] 
2024-10-03T01:44:43.929+0300: 1145.869: Total time for which application threads were stopped: 0.0012129 seconds, Stopping threads took: 0.0002022 seconds
2024-10-03T01:44:45.893+0300: 1147.824: Application time: 1.9550309 seconds
2024-10-03T01:44:45.893+0300: 1147.825: [GC (Allocation Failure) 2024-10-03T01:44:45.893+0300: 1147.825: [DefNew: 559839K->2236K(629120K), 0.0009662 secs] 579640K->22038K(2027264K), 0.0010449 secs] [Times: user=0.00 sys=0.00, real=0.00 secs] 
2024-10-03T01:44:45.893+0300: 1147.826: Total time for which application threads were stopped: 0.0014235 seconds, Stopping threads took: 0.0002009 seconds
2024-10-03T01:44:47.837+0300: 1149.768: Application time: 1.9420494 seconds
2024-10-03T01:44:47.837+0300: 1149.768: [GC (Allocation Failure) 2024-10-03T01:44:47.837+0300: 1149.768: [DefNew: 561383K->2236K(629120K), 0.0010330 secs] 581186K->22040K(2027264K), 0.0011129 secs] [Times: user=0.00 sys=0.00, real=0.00 secs] 
2024-10-03T01:44:47.837+0300: 1149.769: Total time for which application threads were stopped: 0.0014172 seconds, Stopping threads took: 0.0002032 seconds
2024-10-03T01:44:49.783+0300: 1151.721: Application time: 1.9515743 seconds
2024-10-03T01:44:49.783+0300: 1151.721: [GC (Allocation Failure) 2024-10-03T01:44:49.783+0300: 1151.721: [DefNew: 561385K->700K(629120K), 0.0005894 secs] 581189K->20505K(2027264K), 0.0006461 secs] [Times: user=0.00 sys=0.00, real=0.00 secs] 
2024-10-03T01:44:49.783+0300: 1151.722: Total time for which application threads were stopped: 0.0008685 seconds, Stopping threads took: 0.0001053 seconds
2024-10-03T01:44:51.729+0300: 1153.663: Application time: 1.9414551 seconds
2024-10-03T01:44:51.729+0300: 1153.663: [GC (Allocation Failure) 2024-10-03T01:44:51.729+0300: 1153.663: [DefNew: 559835K->1212K(629120K), 0.0009448 secs] 579640K->21018K(2027264K), 0.0010219 secs] [Times: user=0.00 sys=0.00, real=0.00 secs] 
2024-10-03T01:44:51.729+0300: 1153.664: Total time for which application threads were stopped: 0.0013267 seconds, Stopping threads took: 0.0001950 seconds
2024-10-03T01:44:53.675+0300: 1155.608: Application time: 1.9436621 seconds
2024-10-03T01:44:53.675+0300: 1155.608: [GC (Allocation Failure) 2024-10-03T01:44:53.675+0300: 1155.608: [DefNew: 560344K->1212K(629120K), 0.0007027 secs] 580150K->21019K(2027264K), 0.0007654 secs] [Times: user=0.00 sys=0.00, real=0.00 secs] 
2024-10-03T01:44:53.675+0300: 1155.609: Total time for which application threads were stopped: 0.0009886 seconds, Stopping threads took: 0.0001370 seconds
2024-10-03T01:44:55.620+0300: 1157.556: Application time: 1.9466513 seconds
2024-10-03T01:44:55.620+0300: 1157.556: [GC (Allocation Failure) 2024-10-03T01:44:55.620+0300: 1157.556: [DefNew: 560378K->1212K(629120K), 0.0008599 secs] 580185K->21020K(2027264K), 0.0009616 secs] [Times: user=0.00 sys=0.00, real=0.00 secs] 
2024-10-03T01:44:55.620+0300: 1157.557: Total time for which application threads were stopped: 0.0012779 seconds, Stopping threads took: 0.0001762 seconds
2024-10-03T01:44:57.565+0300: 1159.501: Application time: 1.9439942 seconds
2024-10-03T01:44:57.565+0300: 1159.501: [GC (Allocation Failure) 2024-10-03T01:44:57.565+0300: 1159.501: [DefNew: 560355K->1212K(629120K), 0.0007208 secs] 580164K->21022K(2027264K), 0.0007857 secs] [Times: user=0.00 sys=0.00, real=0.00 secs] 
2024-10-03T01:44:57.565+0300: 1159.502: Total time for which application threads were stopped: 0.0010320 seconds, Stopping threads took: 0.0001574 seconds
2024-10-03T01:44:59.511+0300: 1161.444: Application time: 1.9415265 seconds
2024-10-03T01:44:59.511+0300: 1161.444: [GC (Allocation Failure) 2024-10-03T01:44:59.511+0300: 1161.444: [DefNew: 560350K->1724K(629120K), 0.0008207 secs] 580160K->21535K(2027264K), 0.0008906 secs] [Times: user=0.00 sys=0.00, real=0.00 secs] 
2024-10-03T01:44:59.511+0300: 1161.445: Total time for which application threads were stopped: 0.0011694 seconds, Stopping threads took: 0.0001861 seconds
2024-10-03T01:45:01.457+0300: 1163.397: Application time: 1.9520756 seconds
2024-10-03T01:45:01.457+0300: 1163.397: [GC (Allocation Failure) 2024-10-03T01:45:01.457+0300: 1163.397: [DefNew: 560894K->700K(629120K), 0.0007247 secs] 580705K->20512K(2027264K), 0.0008005 secs] [Times: user=0.00 sys=0.00, real=0.00 secs] 
2024-10-03T01:45:01.457+0300: 1163.398: Total time for which application threads were stopped: 0.0010521 seconds, Stopping threads took: 0.0001296 seconds
2024-10-03T01:45:03.403+0300: 1165.341: Application time: 1.9432931 seconds
2024-10-03T01:45:03.403+0300: 1165.341: [GC (Allocation Failure) 2024-10-03T01:45:03.403+0300: 1165.341: [DefNew: 559837K->700K(629120K), 0.0006860 secs] 579649K->20513K(2027264K), 0.0007600 secs] [Times: user=0.00 sys=0.00, real=0.00 secs] 
2024-10-03T01:45:03.403+0300: 1165.342: Total time for which application threads were stopped: 0.0009855 seconds, Stopping threads took: 0.0001139 seconds
2024-10-03T01:45:05.349+0300: 1167.280: Application time: 1.9382619 seconds
2024-10-03T01:45:05.349+0300: 1167.281: [GC (Allocation Failure) 2024-10-03T01:45:05.349+0300: 1167.281: [DefNew: 559831K->1724K(629120K), 0.0007919 secs] 579644K->21538K(2027264K), 0.0008666 secs] [Times: user=0.00 sys=0.00, real=0.00 secs] 
2024-10-03T01:45:05.349+0300: 1167.282: Total time for which application threads were stopped: 0.0011629 seconds, Stopping threads took: 0.0001833 seconds
2024-10-03T01:45:07.295+0300: 1169.223: Application time: 1.9418521 seconds
2024-10-03T01:45:07.295+0300: 1169.224: [GC (Allocation Failure) 2024-10-03T01:45:07.295+0300: 1169.224: [DefNew: 560863K->188K(629120K), 0.0005013 secs] 580677K->20004K(2027264K), 0.0005860 secs] [Times: user=0.00 sys=0.00, real=0.00 secs] 
2024-10-03T01:45:07.295+0300: 1169.224: Total time for which application threads were stopped: 0.0008370 seconds, Stopping threads took: 0.0001525 seconds
2024-10-03T01:45:09.235+0300: 1171.169: Application time: 1.9444149 seconds
2024-10-03T01:45:09.235+0300: 1171.169: [GC (Allocation Failure) 2024-10-03T01:45:09.235+0300: 1171.169: [DefNew: 559318K->2236K(629120K), 0.0010936 secs] 579134K->22053K(2027264K), 0.0011828 secs] [Times: user=0.02 sys=0.00, real=0.01 secs] 
2024-10-03T01:45:09.242+0300: 1171.170: Total time for which application threads were stopped: 0.0014796 seconds, Stopping threads took: 0.0001948 seconds
2024-10-03T01:45:11.171+0300: 1173.111: Application time: 1.9409345 seconds
2024-10-03T01:45:11.171+0300: 1173.111: [GC (Allocation Failure) 2024-10-03T01:45:11.171+0300: 1173.111: [DefNew: 561370K->2236K(629120K), 0.0009582 secs] 581187K->22054K(2027264K), 0.0010338 secs] [Times: user=0.00 sys=0.00, real=0.00 secs] 
2024-10-03T01:45:11.171+0300: 1173.112: Total time for which application threads were stopped: 0.0012669 seconds, Stopping threads took: 0.0001289 seconds
2024-10-03T01:45:13.117+0300: 1175.060: Application time: 1.9477321 seconds
2024-10-03T01:45:13.117+0300: 1175.060: [GC (Allocation Failure) 2024-10-03T01:45:13.117+0300: 1175.060: [DefNew: 561367K->1212K(629120K), 0.0007791 secs] 581185K->21031K(2027264K), 0.0008495 secs] [Times: user=0.02 sys=0.00, real=0.02 secs] 
2024-10-03T01:45:13.133+0300: 1175.061: Total time for which application threads were stopped: 0.0010852 seconds, Stopping threads took: 0.0001371 seconds
2024-10-03T01:45:15.094+0300: 1177.034: Application time: 1.9725664 seconds
2024-10-03T01:45:15.094+0300: 1177.034: [GC (Allocation Failure) 2024-10-03T01:45:15.094+0300: 1177.034: [DefNew: 560360K->2236K(629120K), 0.0011505 secs] 580180K->22056K(2027264K), 0.0012223 secs] [Times: user=0.00 sys=0.00, real=0.00 secs] 
2024-10-03T01:45:15.094+0300: 1177.035: Total time for which application threads were stopped: 0.0015088 seconds, Stopping threads took: 0.0001879 seconds
2024-10-03T01:45:17.055+0300: 1178.988: Application time: 1.9530889 seconds
2024-10-03T01:45:17.055+0300: 1178.989: [GC (Allocation Failure) 2024-10-03T01:45:17.055+0300: 1178.989: [DefNew: 561368K->1212K(629120K), 0.0007125 secs] 581189K->21033K(2027264K), 0.0007667 secs] [Times: user=0.00 sys=0.00, real=0.00 secs] 
2024-10-03T01:45:17.055+0300: 1178.989: Total time for which application threads were stopped: 0.0009689 seconds, Stopping threads took: 0.0000994 seconds
2024-10-03T01:45:19.001+0300: 1180.933: Application time: 1.9438109 seconds
2024-10-03T01:45:19.001+0300: 1180.934: [GC (Allocation Failure) 2024-10-03T01:45:19.001+0300: 1180.934: [DefNew: 560356K->2748K(629120K), 0.0010356 secs] 580177K->22571K(2027264K), 0.0011093 secs] [Times: user=0.00 sys=0.00, real=0.00 secs] 
2024-10-03T01:45:19.001+0300: 1180.935: Total time for which application threads were stopped: 0.0014903 seconds, Stopping threads took: 0.0002731 seconds
2024-10-03T01:45:20.962+0300: 1182.892: Application time: 1.9575663 seconds
2024-10-03T01:45:20.962+0300: 1182.892: [GC (Allocation Failure) 2024-10-03T01:45:20.962+0300: 1182.893: [DefNew: 561882K->1724K(629120K), 0.0009837 secs] 581705K->21548K(2027264K), 0.0010663 secs] [Times: user=0.00 sys=0.00, real=0.00 secs] 
2024-10-03T01:45:20.962+0300: 1182.894: Total time for which application threads were stopped: 0.0013168 seconds, Stopping threads took: 0.0001446 seconds
2024-10-03T01:45:22.913+0300: 1184.849: Application time: 1.9555340 seconds
2024-10-03T01:45:22.913+0300: 1184.849: [GC (Allocation Failure) 2024-10-03T01:45:22.913+0300: 1184.849: [DefNew: 560860K->1212K(629120K), 0.0007855 secs] 580684K->21037K(2027264K), 0.0008688 secs] [Times: user=0.00 sys=0.00, real=0.00 secs] 
2024-10-03T01:45:22.913+0300: 1184.850: Total time for which application threads were stopped: 0.0011021 seconds, Stopping threads took: 0.0001128 seconds
2024-10-03T01:45:24.864+0300: 1186.793: Application time: 1.9426137 seconds
2024-10-03T01:45:24.864+0300: 1186.793: [GC (Allocation Failure) 2024-10-03T01:45:24.864+0300: 1186.793: [DefNew: 560348K->1212K(629120K), 0.0007609 secs] 580173K->21038K(2027264K), 0.0008263 secs] [Times: user=0.00 sys=0.00, real=0.00 secs] 
2024-10-03T01:45:24.864+0300: 1186.794: Total time for which application threads were stopped: 0.0010933 seconds, Stopping threads took: 0.0001774 seconds
2024-10-03T01:45:26.816+0300: 1188.747: Application time: 1.9527485 seconds
2024-10-03T01:45:26.816+0300: 1188.747: [GC (Allocation Failure) 2024-10-03T01:45:26.816+0300: 1188.747: [DefNew: 560357K->700K(629120K), 0.0009412 secs] 580183K->20527K(2027264K), 0.0010265 secs] [Times: user=0.00 sys=0.00, real=0.00 secs] 
2024-10-03T01:45:26.816+0300: 1188.748: Total time for which application threads were stopped: 0.0012761 seconds, Stopping threads took: 0.0001197 seconds
2024-10-03T01:45:28.762+0300: 1190.696: Application time: 1.9484606 seconds
2024-10-03T01:45:28.762+0300: 1190.697: [GC (Allocation Failure) 2024-10-03T01:45:28.762+0300: 1190.697: [DefNew: 559864K->1212K(629120K), 0.0007978 secs] 579692K->21041K(2027264K), 0.0008813 secs] [Times: user=0.00 sys=0.00, real=0.00 secs] 
2024-10-03T01:45:28.762+0300: 1190.698: Total time for which application threads were stopped: 0.0011594 seconds, Stopping threads took: 0.0001473 seconds
2024-10-03T01:45:30.707+0300: 1192.640: Application time: 1.9423891 seconds
2024-10-03T01:45:30.707+0300: 1192.640: [GC (Allocation Failure) 2024-10-03T01:45:30.707+0300: 1192.640: [DefNew: 560344K->2748K(629120K), 0.0010412 secs] 580173K->22578K(2027264K), 0.0011162 secs] [Times: user=0.00 sys=0.00, real=0.00 secs] 
2024-10-03T01:45:30.707+0300: 1192.641: Total time for which application threads were stopped: 0.0014405 seconds, Stopping threads took: 0.0002249 seconds
2024-10-03T01:45:32.653+0300: 1194.589: Application time: 1.9478436 seconds
2024-10-03T01:45:32.653+0300: 1194.590: [GC (Allocation Failure) 2024-10-03T01:45:32.653+0300: 1194.590: [DefNew: 561879K->1724K(629120K), 0.0008066 secs] 581709K->21555K(2027264K), 0.0008756 secs] [Times: user=0.00 sys=0.00, real=0.00 secs] 
2024-10-03T01:45:32.653+0300: 1194.590: Total time for which application threads were stopped: 0.0011437 seconds, Stopping threads took: 0.0001801 seconds
2024-10-03T01:45:34.598+0300: 1196.533: Application time: 1.9429356 seconds
2024-10-03T01:45:34.598+0300: 1196.534: [GC (Allocation Failure) 2024-10-03T01:45:34.598+0300: 1196.534: [DefNew: 560874K->1724K(629120K), 0.0008832 secs] 580705K->21556K(2027264K), 0.0009809 secs] [Times: user=0.00 sys=0.00, real=0.00 secs] 
2024-10-03T01:45:34.598+0300: 1196.535: Total time for which application threads were stopped: 0.0012701 seconds, Stopping threads took: 0.0001870 seconds
2024-10-03T01:45:36.543+0300: 1198.480: Application time: 1.9449439 seconds
2024-10-03T01:45:36.543+0300: 1198.480: [GC (Allocation Failure) 2024-10-03T01:45:36.543+0300: 1198.480: [DefNew: 560845K->700K(629120K), 0.0007497 secs] 580678K->20533K(2027264K), 0.0008249 secs] [Times: user=0.02 sys=0.00, real=0.00 secs] 
2024-10-03T01:45:36.543+0300: 1198.481: Total time for which application threads were stopped: 0.0011348 seconds, Stopping threads took: 0.0001972 seconds
2024-10-03T01:45:38.490+0300: 1200.427: Application time: 1.9460775 seconds
2024-10-03T01:45:38.490+0300: 1200.427: [GC (Allocation Failure) 2024-10-03T01:45:38.490+0300: 1200.427: [DefNew: 559830K->700K(629120K), 0.0007161 secs] 579664K->20535K(2027264K), 0.0008122 secs] [Times: user=0.00 sys=0.00, real=0.00 secs] 
2024-10-03T01:45:38.490+0300: 1200.428: Total time for which application threads were stopped: 0.0010925 seconds, Stopping threads took: 0.0001645 seconds
2024-10-03T01:45:40.433+0300: 1202.371: Application time: 1.9433184 seconds
2024-10-03T01:45:40.433+0300: 1202.371: [GC (Allocation Failure) 2024-10-03T01:45:40.433+0300: 1202.371: [DefNew: 559828K->1212K(629120K), 0.0007889 secs] 579663K->21048K(2027264K), 0.0008656 secs] [Times: user=0.00 sys=0.00, real=0.00 secs] 
2024-10-03T01:45:40.433+0300: 1202.372: Total time for which application threads were stopped: 0.0011131 seconds, Stopping threads took: 0.0001208 seconds
2024-10-03T01:45:42.379+0300: 1204.321: Application time: 1.9481878 seconds
2024-10-03T01:45:42.379+0300: 1204.321: [GC (Allocation Failure) 2024-10-03T01:45:42.379+0300: 1204.321: [DefNew: 560332K->700K(629120K), 0.0006312 secs] 580168K->20537K(2027264K), 0.0006983 secs] [Times: user=0.00 sys=0.00, real=0.00 secs] 
2024-10-03T01:45:42.379+0300: 1204.321: Total time for which application threads were stopped: 0.0009058 seconds, Stopping threads took: 0.0001141 seconds
2024-10-03T01:45:44.326+0300: 1206.260: Application time: 1.9386194 seconds
2024-10-03T01:45:44.326+0300: 1206.260: [GC (Allocation Failure) 2024-10-03T01:45:44.326+0300: 1206.260: [DefNew: 559839K->1212K(629120K), 0.0007232 secs] 579676K->21050K(2027264K), 0.0007869 secs] [Times: user=0.00 sys=0.00, real=0.00 secs] 
2024-10-03T01:45:44.326+0300: 1206.261: Total time for which application threads were stopped: 0.0010495 seconds, Stopping threads took: 0.0001577 seconds
2024-10-03T01:45:46.272+0300: 1208.201: Application time: 1.9399753 seconds
2024-10-03T01:45:46.272+0300: 1208.201: [GC (Allocation Failure) 2024-10-03T01:45:46.272+0300: 1208.201: [DefNew: 560344K->2236K(629120K), 0.0009141 secs] 580183K->22075K(2027264K), 0.0009871 secs] [Times: user=0.00 sys=0.00, real=0.00 secs] 
2024-10-03T01:45:46.272+0300: 1208.202: Total time for which application threads were stopped: 0.0012294 seconds, Stopping threads took: 0.0001036 seconds
2024-10-03T01:45:48.218+0300: 1210.147: Application time: 1.9445113 seconds
2024-10-03T01:45:48.218+0300: 1210.147: [GC (Allocation Failure) 2024-10-03T01:45:48.218+0300: 1210.147: [DefNew: 561384K->700K(629120K), 0.0006428 secs] 581223K->20541K(2027264K), 0.0007018 secs] [Times: user=0.00 sys=0.00, real=0.00 secs] 
2024-10-03T01:45:48.218+0300: 1210.148: Total time for which application threads were stopped: 0.0010372 seconds, Stopping threads took: 0.0002359 seconds
2024-10-03T01:45:50.148+0300: 1212.090: Application time: 1.9425257 seconds
2024-10-03T01:45:50.148+0300: 1212.091: [GC (Allocation Failure) 2024-10-03T01:45:50.148+0300: 1212.091: [DefNew: 559858K->2236K(629120K), 0.0009226 secs] 579699K->22078K(2027264K), 0.0010286 secs] [Times: user=0.00 sys=0.00, real=0.00 secs] 
2024-10-03T01:45:50.148+0300: 1212.092: Total time for which application threads were stopped: 0.0013878 seconds, Stopping threads took: 0.0002080 seconds
2024-10-03T01:45:52.093+0300: 1214.035: Application time: 1.9429365 seconds
2024-10-03T01:45:52.093+0300: 1214.035: [GC (Allocation Failure) 2024-10-03T01:45:52.093+0300: 1214.035: [DefNew: 561385K->1724K(629120K), 0.0008544 secs] 581227K->21567K(2027264K), 0.0009245 secs] [Times: user=0.00 sys=0.00, real=0.00 secs] 
2024-10-03T01:45:52.093+0300: 1214.036: Total time for which application threads were stopped: 0.0011673 seconds, Stopping threads took: 0.0001362 seconds
2024-10-03T01:45:54.039+0300: 1215.977: Application time: 1.9411584 seconds
2024-10-03T01:45:54.039+0300: 1215.977: [GC (Allocation Failure) 2024-10-03T01:45:54.039+0300: 1215.977: [DefNew: 560849K->1724K(629120K), 0.0008399 secs] 580692K->21568K(2027264K), 0.0009136 secs] [Times: user=0.00 sys=0.00, real=0.00 secs] 
2024-10-03T01:45:54.039+0300: 1215.978: Total time for which application threads were stopped: 0.0011649 seconds, Stopping threads took: 0.0001622 seconds
2024-10-03T01:45:55.984+0300: 1217.925: Application time: 1.9467762 seconds
2024-10-03T01:45:55.984+0300: 1217.925: [GC (Allocation Failure) 2024-10-03T01:45:55.984+0300: 1217.925: [DefNew: 560869K->1212K(629120K), 0.0007326 secs] 580713K->21057K(2027264K), 0.0007986 secs] [Times: user=0.00 sys=0.00, real=0.00 secs] 
2024-10-03T01:45:55.984+0300: 1217.926: Total time for which application threads were stopped: 0.0011272 seconds, Stopping threads took: 0.0002402 seconds
2024-10-03T01:45:57.932+0300: 1219.871: Application time: 1.9449260 seconds
2024-10-03T01:45:57.932+0300: 1219.871: [GC (Allocation Failure) 2024-10-03T01:45:57.932+0300: 1219.871: [DefNew: 560362K->1212K(629120K), 0.0007558 secs] 580208K->21059K(2027264K), 0.0008445 secs] [Times: user=0.00 sys=0.00, real=0.00 secs] 
2024-10-03T01:45:57.932+0300: 1219.872: Total time for which application threads were stopped: 0.0011191 seconds, Stopping threads took: 0.0001498 seconds
2024-10-03T01:45:59.879+0300: 1221.817: Application time: 1.9445917 seconds
2024-10-03T01:45:59.879+0300: 1221.817: [GC (Allocation Failure) 2024-10-03T01:45:59.879+0300: 1221.817: [DefNew: 560342K->1212K(629120K), 0.0007354 secs] 580189K->21060K(2027264K), 0.0007961 secs] [Times: user=0.00 sys=0.00, real=0.00 secs] 
2024-10-03T01:45:59.879+0300: 1221.818: Total time for which application threads were stopped: 0.0011046 seconds, Stopping threads took: 0.0002237 seconds
2024-10-03T01:46:00.208+0300: 1222.150: Application time: 0.3321366 seconds
2024-10-03T01:46:00.208+0300: 1222.150: Total time for which application threads were stopped: 0.0003503 seconds, Stopping threads took: 0.0002590 seconds
2024-10-03T01:46:00.365+0300: 1222.298: Application time: 0.1473373 seconds
2024-10-03T01:46:00.365+0300: 1222.298: Total time for which application threads were stopped: 0.0001574 seconds, Stopping threads took: 0.0001181 seconds
2024-10-03T01:46:00.679+0300: 1222.622: Application time: 0.3245637 seconds
2024-10-03T01:46:00.679+0300: 1222.623: Total time for which application threads were stopped: 0.0001495 seconds, Stopping threads took: 0.0001018 seconds
2024-10-03T01:46:00.867+0300: 1222.806: Application time: 0.1836094 seconds
2024-10-03T01:46:00.867+0300: 1222.806: Total time for which application threads were stopped: 0.0000970 seconds, Stopping threads took: 0.0000368 seconds
2024-10-03T01:46:00.883+0300: 1222.819: Application time: 0.0124287 seconds
2024-10-03T01:46:00.883+0300: 1222.819: Total time for which application threads were stopped: 0.0001892 seconds, Stopping threads took: 0.0000350 seconds
2024-10-03T01:46:00.932+0300: 1222.861: Application time: 0.0422876 seconds
2024-10-03T01:46:00.932+0300: 1222.861: Total time for which application threads were stopped: 0.0000525 seconds, Stopping threads took: 0.0000189 seconds
2024-10-03T01:46:00.977+0300: 1222.920: Application time: 0.0587775 seconds
2024-10-03T01:46:00.977+0300: 1222.920: Total time for which application threads were stopped: 0.0001852 seconds, Stopping threads took: 0.0000316 seconds
2024-10-03T01:46:01.040+0300: 1222.971: Application time: 0.0507751 seconds
2024-10-03T01:46:01.040+0300: 1222.971: Total time for which application threads were stopped: 0.0001738 seconds, Stopping threads took: 0.0000160 seconds
2024-10-03T01:46:01.055+0300: 1222.996: Application time: 0.0244982 seconds
2024-10-03T01:46:01.055+0300: 1222.996: Total time for which application threads were stopped: 0.0001692 seconds, Stopping threads took: 0.0000769 seconds
2024-10-03T01:46:01.087+0300: 1223.016: Application time: 0.0200754 seconds
2024-10-03T01:46:01.087+0300: 1223.016: Total time for which application threads were stopped: 0.0001287 seconds, Stopping threads took: 0.0000931 seconds
2024-10-03T01:46:01.181+0300: 1223.123: Application time: 0.1065084 seconds
2024-10-03T01:46:01.181+0300: 1223.123: Total time for which application threads were stopped: 0.0002148 seconds, Stopping threads took: 0.0000189 seconds
2024-10-03T01:46:01.196+0300: 1223.129: Application time: 0.0061262 seconds
2024-10-03T01:46:01.196+0300: 1223.129: Total time for which application threads were stopped: 0.0002919 seconds, Stopping threads took: 0.0000374 seconds
2024-10-03T01:46:01.196+0300: 1223.132: Application time: 0.0026013 seconds
2024-10-03T01:46:01.196+0300: 1223.132: Total time for which application threads were stopped: 0.0001261 seconds, Stopping threads took: 0.0000153 seconds
2024-10-03T01:46:01.495+0300: 1223.430: Application time: 0.2979845 seconds
2024-10-03T01:46:01.495+0300: 1223.430: Total time for which application threads were stopped: 0.0000801 seconds, Stopping threads took: 0.0000256 seconds
2024-10-03T01:46:02.186+0300: 1224.115: Application time: 0.6846950 seconds
2024-10-03T01:46:02.186+0300: 1224.115: Total time for which application threads were stopped: 0.0003045 seconds, Stopping threads took: 0.0001299 seconds
2024-10-03T01:46:02.186+0300: 1224.115: Application time: 0.0004380 seconds
2024-10-03T01:46:02.186+0300: 1224.116: Total time for which application threads were stopped: 0.0001902 seconds, Stopping threads took: 0.0001253 seconds
2024-10-03T01:46:02.186+0300: 1224.116: Application time: 0.0001969 seconds
2024-10-03T01:46:02.186+0300: 1224.116: Total time for which application threads were stopped: 0.0001746 seconds, Stopping threads took: 0.0001218 seconds
2024-10-03T01:46:02.406+0300: 1224.338: Application time: 0.2222098 seconds
2024-10-03T01:46:02.406+0300: 1224.339: [GC (Allocation Failure) 2024-10-03T01:46:02.406+0300: 1224.339: [DefNew: 560444K->15063K(629120K), 0.0181190 secs] 580292K->34912K(2027264K), 0.0181802 secs] [Times: user=0.05 sys=0.00, real=0.02 secs] 
2024-10-03T01:46:02.422+0300: 1224.357: Total time for which application threads were stopped: 0.0184588 seconds, Stopping threads took: 0.0000453 seconds
2024-10-03T01:46:02.422+0300: 1224.357: Application time: 0.0002835 seconds
2024-10-03T01:46:02.422+0300: 1224.357: Total time for which application threads were stopped: 0.0001298 seconds, Stopping threads took: 0.0000766 seconds
2024-10-03T01:46:02.422+0300: 1224.357: Application time: 0.0000897 seconds
2024-10-03T01:46:02.422+0300: 1224.357: Total time for which application threads were stopped: 0.0001101 seconds, Stopping threads took: 0.0000735 seconds
2024-10-03T01:46:02.422+0300: 1224.357: Application time: 0.0000481 seconds
2024-10-03T01:46:02.422+0300: 1224.358: Total time for which application threads were stopped: 0.0001080 seconds, Stopping threads took: 0.0000657 seconds
2024-10-03T01:46:02.422+0300: 1224.358: Application time: 0.0000254 seconds
2024-10-03T01:46:02.422+0300: 1224.358: Total time for which application threads were stopped: 0.0000342 seconds, Stopping threads took: 0.0000165 seconds
2024-10-03T01:46:02.422+0300: 1224.358: Application time: 0.0001076 seconds
2024-10-03T01:46:02.422+0300: 1224.358: Total time for which application threads were stopped: 0.0000828 seconds, Stopping threads took: 0.0000555 seconds
2024-10-03T01:46:02.422+0300: 1224.358: Application time: 0.0000620 seconds
2024-10-03T01:46:02.422+0300: 1224.358: Total time for which application threads were stopped: 0.0000897 seconds, Stopping threads took: 0.0000634 seconds
2024-10-03T01:46:02.422+0300: 1224.358: Application time: 0.0000633 seconds
2024-10-03T01:46:02.422+0300: 1224.358: Total time for which application threads were stopped: 0.0000766 seconds, Stopping threads took: 0.0000523 seconds
2024-10-03T01:46:02.422+0300: 1224.358: Application time: 0.0000528 seconds
2024-10-03T01:46:02.422+0300: 1224.358: Total time for which application threads were stopped: 0.0000384 seconds, Stopping threads took: 0.0000177 seconds
2024-10-03T01:46:02.422+0300: 1224.358: Application time: 0.0000932 seconds
2024-10-03T01:46:02.422+0300: 1224.358: Total time for which application threads were stopped: 0.0000520 seconds, Stopping threads took: 0.0000283 seconds
2024-10-03T01:46:02.422+0300: 1224.358: Application time: 0.0000330 seconds
2024-10-03T01:46:02.422+0300: 1224.358: Total time for which application threads were stopped: 0.0000500 seconds, Stopping threads took: 0.0000277 seconds
2024-10-03T01:46:02.422+0300: 1224.359: Application time: 0.0002763 seconds
2024-10-03T01:46:02.422+0300: 1224.359: Total time for which application threads were stopped: 0.0000994 seconds, Stopping threads took: 0.0000682 seconds
2024-10-03T01:46:02.563+0300: 1224.503: Application time: 0.1438874 seconds
2024-10-03T01:46:02.563+0300: 1224.503: Total time for which application threads were stopped: 0.0001467 seconds, Stopping threads took: 0.0000534 seconds
2024-10-03T01:46:02.635+0300: 1224.566: Application time: 0.0630053 seconds
2024-10-03T01:46:02.635+0300: 1224.566: Total time for which application threads were stopped: 0.0001255 seconds, Stopping threads took: 0.0000447 seconds
2024-10-03T01:46:02.635+0300: 1224.569: Application time: 0.0028564 seconds
2024-10-03T01:46:02.635+0300: 1224.569: Total time for which application threads were stopped: 0.0000533 seconds, Stopping threads took: 0.0000312 seconds
2024-10-03T01:46:02.635+0300: 1224.569: Application time: 0.0004931 seconds
2024-10-03T01:46:02.635+0300: 1224.569: Total time for which application threads were stopped: 0.0000250 seconds, Stopping threads took: 0.0000166 seconds
2024-10-03T01:46:02.642+0300: 1224.578: Application time: 0.0086444 seconds
2024-10-03T01:46:02.642+0300: 1224.578: Total time for which application threads were stopped: 0.0000477 seconds, Stopping threads took: 0.0000232 seconds
Heap
 def new generation   total 629120K, used 488269K [0x0000000080000000, 0x00000000aaaa0000, 0x00000000aaaa0000)
  eden space 559232K,  84% used [0x0000000080000000, 0x000000009ce1d8d0, 0x00000000a2220000)
  from space 69888K,  21% used [0x00000000a6660000, 0x00000000a7515e40, 0x00000000aaaa0000)
  to   space 69888K,   0% used [0x00000000a2220000, 0x00000000a2220000, 0x00000000a6660000)
 tenured generation   total 1398144K, used 19849K [0x00000000aaaa0000, 0x0000000100000000, 0x0000000100000000)
   the space 1398144K,   1% used [0x00000000aaaa0000, 0x00000000abe024e0, 0x00000000abe02600, 0x0000000100000000)
 Metaspace       used 15907K, capacity 16072K, committed 16384K, reserved 1064960K
  class space    used 1648K, capacity 1718K, committed 1792K, reserved 1048576K
2024-10-03T01:46:02.753+0300: 1224.682: Application time: 0.1035533 seconds
