[0.007s][info][gc,init] Initializing The Z Garbage Collector
[0.007s][info][gc,init] Version: 21.0.4+7-adhoc.Administrator.jdk21u (release)
[0.007s][info][gc,init] Using legacy single-generation mode
[0.007s][info][gc,init] NUMA Support: Disabled
[0.007s][info][gc,init] CPUs: 6 total, 6 available
[0.007s][info][gc,init] Memory: 15591M
[0.007s][info][gc,init] Large Page Support: Disabled
[0.007s][info][gc,init] GC Workers: 2 (dynamic)
[0.008s][info][gc,init] Address Space Type: Contiguous/Unrestricted/Complete
[0.008s][info][gc,init] Address Space Size: 32768M x 3 = 98304M
[0.008s][info][gc,init] Min Capacity: 2048M
[0.010s][info][gc,init] Initial Capacity: 2048M
[0.010s][info][gc,init] Max Capacity: 2048M
[0.010s][info][gc,init] Medium Page Size: 32M
[0.010s][info][gc,init] Pre-touch: Disabled
[0.010s][info][gc,init] Uncommit: Implicitly Disabled (-Xms equals -Xmx)
[0.079s][info][gc,init] Runtime Workers: 4
[0.081s][info][gc     ] Using The Z Garbage Collector
[0.089s][info][gc,metaspace] CDS archive(s) mapped at: [0x000001839b000000-0x000001839bc90000-0x000001839bc90000), size 13172736, SharedBaseAddress: 0x000001839b000000, ArchiveRelocationMode: 1.
[0.089s][info][gc,metaspace] Compressed class space mapped at: 0x000001839c000000-0x00000183dc000000, reserved size: 1073741824
[0.089s][info][gc,metaspace] Narrow klass base: 0x000001839b000000, Narrow klass shift: 0, Narrow klass range: 0x100000000
[7.329s][info][gc,start    ] GC(0) Garbage Collection (Metadata GC Threshold)
[7.329s][info][gc,task     ] GC(0) Using 2 workers
[7.329s][info][gc,phases   ] GC(0) Pause Mark Start 0.014ms
[7.357s][info][gc,phases   ] GC(0) Concurrent Mark 27.504ms
[7.357s][info][gc,phases   ] GC(0) Pause Mark End 0.077ms
[7.357s][info][gc,phases   ] GC(0) Concurrent Mark Free 0.001ms
[7.360s][info][gc,phases   ] GC(0) Concurrent Process Non-Strong References 2.641ms
[7.360s][info][gc,phases   ] GC(0) Concurrent Reset Relocation Set 0.001ms
[7.366s][info][gc,phases   ] GC(0) Concurrent Select Relocation Set 6.265ms
[7.367s][info][gc,phases   ] GC(0) Pause Relocate Start 0.018ms
[7.373s][info][gc,phases   ] GC(0) Concurrent Relocate 6.273ms
[7.373s][info][gc,load     ] GC(0) Load: 0.00/0.00/0.00
[7.373s][info][gc,mmu      ] GC(0) MMU: 2ms/96.2%, 5ms/98.5%, 10ms/99.1%, 20ms/99.5%, 50ms/99.8%, 100ms/99.9%
[7.373s][info][gc,marking  ] GC(0) Mark: 2 stripe(s), 3 proactive flush(es), 1 terminate flush(es), 1 completion(s), 0 continuation(s) 
[7.373s][info][gc,marking  ] GC(0) Mark Stack Usage: 32M
[7.373s][info][gc,nmethod  ] GC(0) NMethods: 1764 registered, 246 unregistered
[7.373s][info][gc,metaspace] GC(0) Metaspace: 21M used, 21M committed, 1088M reserved
[7.373s][info][gc,ref      ] GC(0) Soft: 3520 encountered, 0 discovered, 0 enqueued
[7.373s][info][gc,ref      ] GC(0) Weak: 1528 encountered, 732 discovered, 469 enqueued
[7.373s][info][gc,ref      ] GC(0) Final: 0 encountered, 0 discovered, 0 enqueued
[7.373s][info][gc,ref      ] GC(0) Phantom: 859 encountered, 719 discovered, 305 enqueued
[7.373s][info][gc,reloc    ] GC(0) Small Pages: 43 / 86M, Empty: 0M, Relocated: 10M, In-Place: 0
[7.373s][info][gc,reloc    ] GC(0) Medium Pages: 1 / 32M, Empty: 0M, Relocated: 0M, In-Place: 0
[7.373s][info][gc,reloc    ] GC(0) Large Pages: 0 / 0M, Empty: 0M, Relocated: 0M, In-Place: 0
[7.373s][info][gc,reloc    ] GC(0) Forwarding Usage: 3M
[7.373s][info][gc,heap     ] GC(0) Min Capacity: 2048M(100%)
[7.373s][info][gc,heap     ] GC(0) Max Capacity: 2048M(100%)
[7.373s][info][gc,heap     ] GC(0) Soft Max Capacity: 2048M(100%)
[7.373s][info][gc,heap     ] GC(0)                Mark Start          Mark End        Relocate Start      Relocate End           High               Low         
[7.373s][info][gc,heap     ] GC(0)  Capacity:     2048M (100%)       2048M (100%)       2048M (100%)       2048M (100%)       2048M (100%)       2048M (100%)   
[7.373s][info][gc,heap     ] GC(0)      Free:     1930M (94%)        1926M (94%)        1922M (94%)        1986M (97%)        1986M (97%)        1918M (94%)    
[7.373s][info][gc,heap     ] GC(0)      Used:      118M (6%)          122M (6%)          126M (6%)           62M (3%)          130M (6%)           62M (3%)     
[7.374s][info][gc,heap     ] GC(0)      Live:         -                20M (1%)           20M (1%)           20M (1%)             -                  -          
[7.374s][info][gc,heap     ] GC(0) Allocated:         -                 4M (0%)            8M (0%)           11M (1%)             -                  -          
[7.374s][info][gc,heap     ] GC(0)   Garbage:         -                97M (5%)           97M (5%)           30M (1%)             -                  -          
[7.374s][info][gc,heap     ] GC(0) Reclaimed:         -                  -                 0M (0%)           67M (3%)             -                  -          
[7.374s][info][gc          ] GC(0) Garbage Collection (Metadata GC Threshold) 118M(6%)->62M(3%)
[8.124s][info][gc,start    ] GC(1) Garbage Collection (Metadata GC Threshold)
[8.124s][info][gc,task     ] GC(1) Using 2 workers
[8.124s][info][gc,phases   ] GC(1) Pause Mark Start 0.010ms
[8.157s][info][gc,phases   ] GC(1) Concurrent Mark 33.051ms
[8.157s][info][gc,phases   ] GC(1) Pause Mark End 0.016ms
[8.157s][info][gc,phases   ] GC(1) Concurrent Mark Free 0.001ms
[8.161s][info][gc,phases   ] GC(1) Concurrent Process Non-Strong References 4.050ms
[8.161s][info][gc,phases   ] GC(1) Concurrent Reset Relocation Set 0.005ms
[8.164s][info][gc,phases   ] GC(1) Concurrent Select Relocation Set 2.134ms
[8.164s][info][gc,phases   ] GC(1) Pause Relocate Start 0.008ms
[8.168s][info][gc,phases   ] GC(1) Concurrent Relocate 4.058ms
[8.168s][info][gc,load     ] GC(1) Load: 0.00/0.00/0.00
[8.168s][info][gc,mmu      ] GC(1) MMU: 2ms/96.2%, 5ms/98.5%, 10ms/99.1%, 20ms/99.5%, 50ms/99.8%, 100ms/99.9%
[8.168s][info][gc,marking  ] GC(1) Mark: 2 stripe(s), 2 proactive flush(es), 1 terminate flush(es), 0 completion(s), 0 continuation(s) 
[8.168s][info][gc,marking  ] GC(1) Mark Stack Usage: 32M
[8.168s][info][gc,nmethod  ] GC(1) NMethods: 2534 registered, 154 unregistered
[8.168s][info][gc,metaspace] GC(1) Metaspace: 36M used, 36M committed, 1088M reserved
[8.168s][info][gc,ref      ] GC(1) Soft: 3895 encountered, 0 discovered, 0 enqueued
[8.168s][info][gc,ref      ] GC(1) Weak: 2573 encountered, 624 discovered, 484 enqueued
[8.168s][info][gc,ref      ] GC(1) Final: 48 encountered, 0 discovered, 0 enqueued
[8.168s][info][gc,ref      ] GC(1) Phantom: 872 encountered, 728 discovered, 314 enqueued
[8.168s][info][gc,reloc    ] GC(1) Small Pages: 41 / 82M, Empty: 0M, Relocated: 6M, In-Place: 0
[8.168s][info][gc,reloc    ] GC(1) Medium Pages: 1 / 32M, Empty: 0M, Relocated: 0M, In-Place: 0
[8.168s][info][gc,reloc    ] GC(1) Large Pages: 0 / 0M, Empty: 0M, Relocated: 0M, In-Place: 0
[8.168s][info][gc,reloc    ] GC(1) Forwarding Usage: 2M
[8.168s][info][gc,heap     ] GC(1) Min Capacity: 2048M(100%)
[8.168s][info][gc,heap     ] GC(1) Max Capacity: 2048M(100%)
[8.168s][info][gc,heap     ] GC(1) Soft Max Capacity: 2048M(100%)
[8.168s][info][gc,heap     ] GC(1)                Mark Start          Mark End        Relocate Start      Relocate End           High               Low         
[8.168s][info][gc,heap     ] GC(1)  Capacity:     2048M (100%)       2048M (100%)       2048M (100%)       2048M (100%)       2048M (100%)       2048M (100%)   
[8.168s][info][gc,heap     ] GC(1)      Free:     1934M (94%)        1926M (94%)        1924M (94%)        1982M (97%)        1982M (97%)        1922M (94%)    
[8.168s][info][gc,heap     ] GC(1)      Used:      114M (6%)          122M (6%)          124M (6%)           66M (3%)          126M (6%)           66M (3%)     
[8.168s][info][gc,heap     ] GC(1)      Live:         -                25M (1%)           25M (1%)           25M (1%)             -                  -          
[8.168s][info][gc,heap     ] GC(1) Allocated:         -                 8M (0%)           10M (0%)            9M (0%)             -                  -          
[8.168s][info][gc,heap     ] GC(1)   Garbage:         -                88M (4%)           88M (4%)           31M (2%)             -                  -          
[8.168s][info][gc,heap     ] GC(1) Reclaimed:         -                  -                 0M (0%)           57M (3%)             -                  -          
[8.168s][info][gc          ] GC(1) Garbage Collection (Metadata GC Threshold) 114M(6%)->66M(3%)
[9.508s][info][gc,start    ] GC(2) Garbage Collection (Metadata GC Threshold)
[9.508s][info][gc,task     ] GC(2) Using 2 workers
[9.509s][info][gc,phases   ] GC(2) Pause Mark Start 0.013ms
[9.543s][info][gc,phases   ] GC(2) Concurrent Mark 34.782ms
[9.544s][info][gc,phases   ] GC(2) Pause Mark End 0.017ms
[9.544s][info][gc,phases   ] GC(2) Concurrent Mark Free 0.001ms
[9.548s][info][gc,phases   ] GC(2) Concurrent Process Non-Strong References 4.496ms
[9.548s][info][gc,phases   ] GC(2) Concurrent Reset Relocation Set 0.005ms
[9.551s][info][gc,phases   ] GC(2) Concurrent Select Relocation Set 3.012ms
[9.551s][info][gc,phases   ] GC(2) Pause Relocate Start 0.010ms
[9.560s][info][gc,phases   ] GC(2) Concurrent Relocate 8.438ms
[9.560s][info][gc,load     ] GC(2) Load: 0.00/0.00/0.00
[9.560s][info][gc,mmu      ] GC(2) MMU: 2ms/96.2%, 5ms/98.5%, 10ms/99.1%, 20ms/99.5%, 50ms/99.8%, 100ms/99.9%
[9.560s][info][gc,marking  ] GC(2) Mark: 2 stripe(s), 2 proactive flush(es), 1 terminate flush(es), 0 completion(s), 0 continuation(s) 
[9.560s][info][gc,marking  ] GC(2) Mark Stack Usage: 32M
[9.560s][info][gc,nmethod  ] GC(2) NMethods: 3260 registered, 185 unregistered
[9.560s][info][gc,metaspace] GC(2) Metaspace: 61M used, 61M committed, 1088M reserved
[9.560s][info][gc,ref      ] GC(2) Soft: 4400 encountered, 0 discovered, 0 enqueued
[9.560s][info][gc,ref      ] GC(2) Weak: 4557 encountered, 2644 discovered, 953 enqueued
[9.560s][info][gc,ref      ] GC(2) Final: 52 encountered, 0 discovered, 0 enqueued
[9.560s][info][gc,ref      ] GC(2) Phantom: 1035 encountered, 809 discovered, 467 enqueued
[9.560s][info][gc,reloc    ] GC(2) Small Pages: 78 / 156M, Empty: 4M, Relocated: 13M, In-Place: 0
[9.560s][info][gc,reloc    ] GC(2) Medium Pages: 2 / 64M, Empty: 32M, Relocated: 0M, In-Place: 0
[9.560s][info][gc,reloc    ] GC(2) Large Pages: 0 / 0M, Empty: 0M, Relocated: 0M, In-Place: 0
[9.560s][info][gc,reloc    ] GC(2) Forwarding Usage: 3M
[9.560s][info][gc,heap     ] GC(2) Min Capacity: 2048M(100%)
[9.560s][info][gc,heap     ] GC(2) Max Capacity: 2048M(100%)
[9.560s][info][gc,heap     ] GC(2) Soft Max Capacity: 2048M(100%)
[9.560s][info][gc,heap     ] GC(2)                Mark Start          Mark End        Relocate Start      Relocate End           High               Low         
[9.560s][info][gc,heap     ] GC(2)  Capacity:     2048M (100%)       2048M (100%)       2048M (100%)       2048M (100%)       2048M (100%)       2048M (100%)   
[9.560s][info][gc,heap     ] GC(2)      Free:     1828M (89%)        1824M (89%)        1856M (91%)        1972M (96%)        1976M (96%)        1820M (89%)    
[9.560s][info][gc,heap     ] GC(2)      Used:      220M (11%)         224M (11%)         192M (9%)           76M (4%)          228M (11%)          72M (4%)     
[9.560s][info][gc,heap     ] GC(2)      Live:         -                33M (2%)           33M (2%)           33M (2%)             -                  -          
[9.560s][info][gc,heap     ] GC(2) Allocated:         -                 4M (0%)            8M (0%)           11M (1%)             -                  -          
[9.560s][info][gc,heap     ] GC(2)   Garbage:         -               186M (9%)          150M (7%)           30M (1%)             -                  -          
[9.560s][info][gc,heap     ] GC(2) Reclaimed:         -                  -                36M (2%)          155M (8%)             -                  -          
[9.560s][info][gc          ] GC(2) Garbage Collection (Metadata GC Threshold) 220M(11%)->76M(4%)
[10.108s][info][gc,stats    ] === Garbage Collection Statistics =======================================================================================================================
[10.108s][info][gc,stats    ]                                                              Last 10s              Last 10m              Last 10h                Total
[10.108s][info][gc,stats    ]                                                              Avg / Max             Avg / Max             Avg / Max             Avg / Max
[10.108s][info][gc,stats    ]   Collector: Garbage Collection Cycle                     46.733 / 52.103       46.733 / 52.103       46.733 / 52.103       46.733 / 52.103      ms
[10.108s][info][gc,stats    ]  Contention: Mark Segment Reset Contention                     0 / 1                 0 / 1                 0 / 1                 0 / 1           ops/s
[10.108s][info][gc,stats    ]  Contention: Mark SeqNum Reset Contention                      0 / 0                 0 / 0                 0 / 0                 0 / 0           ops/s
[10.108s][info][gc,stats    ]    Critical: Allocation Stall                                  0 / 0                 0 / 0                 0 / 0                 0 / 0           ops/s
[10.108s][info][gc,stats    ]    Critical: Allocation Stall                              0.000 / 0.000         0.000 / 0.000         0.000 / 0.000         0.000 / 0.000       ms
[10.108s][info][gc,stats    ]    Critical: GC Locker Stall                                   0 / 1                 0 / 1                 0 / 1                 0 / 1           ops/s
[10.108s][info][gc,stats    ]    Critical: GC Locker Stall                               0.010 / 0.010         0.010 / 0.010         0.010 / 0.010         0.010 / 0.010       ms
[10.108s][info][gc,stats    ]    Critical: Relocation Stall                                  0 / 0                 0 / 0                 0 / 0                 0 / 0           ops/s
[10.108s][info][gc,stats    ]    Critical: Relocation Stall                              0.000 / 0.000         0.000 / 0.000         0.000 / 0.000         0.000 / 0.000       ms
[10.108s][info][gc,stats    ]      Memory: Allocation Rate                                  42 / 150              42 / 150              42 / 150              42 / 150         MB/s
[10.109s][info][gc,stats    ]      Memory: Defragment                                        0 / 0                 0 / 0                 0 / 0                 0 / 0           ops/s
[10.109s][info][gc,stats    ]      Memory: Out Of Memory                                     0 / 0                 0 / 0                 0 / 0                 0 / 0           ops/s
[10.109s][info][gc,stats    ]      Memory: Page Cache Flush                                  0 / 0                 0 / 0                 0 / 0                 0 / 0           MB/s
[10.109s][info][gc,stats    ]      Memory: Page Cache Hit L1                                10 / 42               10 / 42               10 / 42               10 / 42          ops/s
[10.109s][info][gc,stats    ]      Memory: Page Cache Hit L2                                 0 / 0                 0 / 0                 0 / 0                 0 / 0           ops/s
[10.109s][info][gc,stats    ]      Memory: Page Cache Hit L3                                 8 / 22                8 / 22                8 / 22                8 / 22          ops/s
[10.109s][info][gc,stats    ]      Memory: Page Cache Miss                                   0 / 1                 0 / 1                 0 / 1                 0 / 1           ops/s
[10.109s][info][gc,stats    ]      Memory: Uncommit                                          0 / 0                 0 / 0                 0 / 0                 0 / 0           MB/s
[10.109s][info][gc,stats    ]      Memory: Undo Object Allocation Failed                     0 / 0                 0 / 0                 0 / 0                 0 / 0           ops/s
[10.109s][info][gc,stats    ]      Memory: Undo Object Allocation Succeeded                  0 / 0                 0 / 0                 0 / 0                 0 / 0           ops/s
[10.109s][info][gc,stats    ]      Memory: Undo Page Allocation                              0 / 0                 0 / 0                 0 / 0                 0 / 0           ops/s
[10.109s][info][gc,stats    ]       Phase: Concurrent Mark                              31.779 / 34.782       31.779 / 34.782       31.779 / 34.782       31.779 / 34.782      ms
[10.109s][info][gc,stats    ]       Phase: Concurrent Mark Continue                      0.000 / 0.000         0.000 / 0.000         0.000 / 0.000         0.000 / 0.000       ms
[10.109s][info][gc,stats    ]       Phase: Concurrent Mark Free                          0.001 / 0.001         0.001 / 0.001         0.001 / 0.001         0.001 / 0.001       ms
[10.109s][info][gc,stats    ]       Phase: Concurrent Process Non-Strong References      3.729 / 4.496         3.729 / 4.496         3.729 / 4.496         3.729 / 4.496       ms
[10.109s][info][gc,stats    ]       Phase: Concurrent Relocate                           6.256 / 8.438         6.256 / 8.438         6.256 / 8.438         6.256 / 8.438       ms
[10.109s][info][gc,stats    ]       Phase: Concurrent Reset Relocation Set               0.003 / 0.005         0.003 / 0.005         0.003 / 0.005         0.003 / 0.005       ms
[10.109s][info][gc,stats    ]       Phase: Concurrent Select Relocation Set              3.804 / 6.265         3.804 / 6.265         3.804 / 6.265         3.804 / 6.265       ms
[10.109s][info][gc,stats    ]       Phase: Pause Mark End                                0.037 / 0.077         0.037 / 0.077         0.037 / 0.077         0.037 / 0.077       ms
[10.109s][info][gc,stats    ]       Phase: Pause Mark Start                              0.012 / 0.014         0.012 / 0.014         0.012 / 0.014         0.012 / 0.014       ms
[10.109s][info][gc,stats    ]       Phase: Pause Relocate Start                          0.012 / 0.018         0.012 / 0.018         0.012 / 0.018         0.012 / 0.018       ms
[10.109s][info][gc,stats    ]    Subphase: Concurrent Classes Purge                      0.361 / 0.430         0.361 / 0.430         0.361 / 0.430         0.361 / 0.430       ms
[10.109s][info][gc,stats    ]    Subphase: Concurrent Classes Unlink                     2.314 / 2.684         2.314 / 2.684         2.314 / 2.684         2.314 / 2.684       ms
[10.109s][info][gc,stats    ]    Subphase: Concurrent Mark                              24.461 / 31.113       24.461 / 31.113       24.461 / 31.113       24.461 / 31.113      ms
[10.109s][info][gc,stats    ]    Subphase: Concurrent Mark Try Flush                     0.059 / 0.118         0.059 / 0.118         0.059 / 0.118         0.059 / 0.118       ms
[10.109s][info][gc,stats    ]    Subphase: Concurrent Mark Try Terminate                 3.030 / 12.002        3.030 / 12.002        3.030 / 12.002        3.030 / 12.002      ms
[10.109s][info][gc,stats    ]    Subphase: Concurrent References Enqueue                 0.006 / 0.006         0.006 / 0.006         0.006 / 0.006         0.006 / 0.006       ms
[10.109s][info][gc,stats    ]    Subphase: Concurrent References Process                 0.232 / 0.293         0.232 / 0.293         0.232 / 0.293         0.232 / 0.293       ms
[10.109s][info][gc,stats    ]    Subphase: Concurrent Roots ClassLoaderDataGraph         0.158 / 0.452         0.158 / 0.452         0.158 / 0.452         0.158 / 0.452       ms
[10.109s][info][gc,stats    ]    Subphase: Concurrent Roots CodeCache                    0.000 / 0.000         0.000 / 0.000         0.000 / 0.000         0.000 / 0.000       ms
[10.109s][info][gc,stats    ]    Subphase: Concurrent Roots JavaThreads                  2.235 / 3.422         2.235 / 3.422         2.235 / 3.422         2.235 / 3.422       ms
[10.109s][info][gc,stats    ]    Subphase: Concurrent Roots OopStorageSet                0.041 / 0.064         0.041 / 0.064         0.041 / 0.064         0.041 / 0.064       ms
[10.109s][info][gc,stats    ]    Subphase: Concurrent Weak Roots OopStorageSet           0.640 / 0.890         0.640 / 0.890         0.640 / 0.890         0.640 / 0.890       ms
[10.109s][info][gc,stats    ]    Subphase: Pause Mark Try Complete                       0.004 / 0.006         0.004 / 0.006         0.004 / 0.006         0.004 / 0.006       ms
[10.109s][info][gc,stats    ]      System: Java Threads                                     31 / 55               31 / 55               31 / 55               31 / 55          threads
[10.109s][info][gc,stats    ] =========================================================================================================================================================
[10.642s][info][gc,start    ] GC(3) Garbage Collection (System.gc())
[10.642s][info][gc,task     ] GC(3) Using 2 workers
[10.642s][info][gc,phases   ] GC(3) Pause Mark Start 0.010ms
[10.689s][info][gc,phases   ] GC(3) Concurrent Mark 46.978ms
[10.690s][info][gc,phases   ] GC(3) Pause Mark End 0.024ms
[10.690s][info][gc,phases   ] GC(3) Concurrent Mark Free 0.001ms
[10.695s][info][gc,phases   ] GC(3) Concurrent Process Non-Strong References 5.043ms
[10.695s][info][gc,phases   ] GC(3) Concurrent Reset Relocation Set 0.005ms
[10.697s][info][gc,phases   ] GC(3) Concurrent Select Relocation Set 1.726ms
[10.697s][info][gc,phases   ] GC(3) Pause Relocate Start 0.007ms
[10.700s][info][gc,phases   ] GC(3) Concurrent Relocate 3.722ms
[10.701s][info][gc,load     ] GC(3) Load: 0.00/0.00/0.00
[10.701s][info][gc,mmu      ] GC(3) MMU: 2ms/96.2%, 5ms/98.5%, 10ms/99.1%, 20ms/99.5%, 50ms/99.8%, 100ms/99.9%
[10.701s][info][gc,marking  ] GC(3) Mark: 2 stripe(s), 2 proactive flush(es), 1 terminate flush(es), 0 completion(s), 0 continuation(s) 
[10.701s][info][gc,marking  ] GC(3) Mark Stack Usage: 32M
[10.701s][info][gc,nmethod  ] GC(3) NMethods: 3632 registered, 328 unregistered
[10.701s][info][gc,metaspace] GC(3) Metaspace: 80M used, 81M committed, 1152M reserved
[10.701s][info][gc,ref      ] GC(3) Soft: 4578 encountered, 0 discovered, 0 enqueued
[10.701s][info][gc,ref      ] GC(3) Weak: 5469 encountered, 2033 discovered, 1201 enqueued
[10.701s][info][gc,ref      ] GC(3) Final: 52 encountered, 0 discovered, 0 enqueued
[10.701s][info][gc,ref      ] GC(3) Phantom: 1242 encountered, 925 discovered, 674 enqueued
[10.701s][info][gc,reloc    ] GC(3) Small Pages: 62 / 124M, Empty: 2M, Relocated: 6M, In-Place: 0
[10.701s][info][gc,reloc    ] GC(3) Medium Pages: 2 / 64M, Empty: 32M, Relocated: 0M, In-Place: 0
[10.701s][info][gc,reloc    ] GC(3) Large Pages: 0 / 0M, Empty: 0M, Relocated: 0M, In-Place: 0
[10.701s][info][gc,reloc    ] GC(3) Forwarding Usage: 2M
[10.701s][info][gc,heap     ] GC(3) Min Capacity: 2048M(100%)
[10.701s][info][gc,heap     ] GC(3) Max Capacity: 2048M(100%)
[10.701s][info][gc,heap     ] GC(3) Soft Max Capacity: 2048M(100%)
[10.701s][info][gc,heap     ] GC(3)                Mark Start          Mark End        Relocate Start      Relocate End           High               Low         
[10.701s][info][gc,heap     ] GC(3)  Capacity:     2048M (100%)       2048M (100%)       2048M (100%)       2048M (100%)       2048M (100%)       2048M (100%)   
[10.701s][info][gc,heap     ] GC(3)      Free:     1860M (91%)        1858M (91%)        1890M (92%)        1974M (96%)        1974M (96%)        1856M (91%)    
[10.701s][info][gc,heap     ] GC(3)      Used:      188M (9%)          190M (9%)          158M (8%)           74M (4%)          192M (9%)           74M (4%)     
[10.701s][info][gc,heap     ] GC(3)      Live:         -                39M (2%)           39M (2%)           39M (2%)             -                  -          
[10.701s][info][gc,heap     ] GC(3) Allocated:         -                 2M (0%)            4M (0%)            4M (0%)             -                  -          
[10.701s][info][gc,heap     ] GC(3)   Garbage:         -               148M (7%)          114M (6%)           30M (2%)             -                  -          
[10.701s][info][gc,heap     ] GC(3) Reclaimed:         -                  -                34M (2%)          118M (6%)             -                  -          
[10.701s][info][gc          ] GC(3) Garbage Collection (System.gc()) 188M(9%)->74M(4%)
[11.609s][info][gc,start    ] GC(4) Garbage Collection (Warmup)
[11.609s][info][gc,task     ] GC(4) Using 2 workers
[11.610s][info][gc,phases   ] GC(4) Pause Mark Start 0.008ms
[11.653s][info][gc,phases   ] GC(4) Concurrent Mark 43.416ms
[11.654s][info][gc,phases   ] GC(4) Pause Mark End 0.012ms
[11.654s][info][gc,phases   ] GC(4) Concurrent Mark Free 0.001ms
[11.668s][info][gc,phases   ] GC(4) Concurrent Process Non-Strong References 14.339ms
[11.668s][info][gc,phases   ] GC(4) Concurrent Reset Relocation Set 0.004ms
[11.671s][info][gc,phases   ] GC(4) Concurrent Select Relocation Set 2.599ms
[11.671s][info][gc,phases   ] GC(4) Pause Relocate Start 0.011ms
[11.676s][info][gc,phases   ] GC(4) Concurrent Relocate 5.205ms
[11.676s][info][gc,load     ] GC(4) Load: 0.00/0.00/0.00
[11.676s][info][gc,mmu      ] GC(4) MMU: 2ms/96.2%, 5ms/98.5%, 10ms/99.1%, 20ms/99.5%, 50ms/99.8%, 100ms/99.9%
[11.676s][info][gc,marking  ] GC(4) Mark: 2 stripe(s), 2 proactive flush(es), 1 terminate flush(es), 0 completion(s), 0 continuation(s) 
[11.676s][info][gc,marking  ] GC(4) Mark Stack Usage: 32M
[11.676s][info][gc,nmethod  ] GC(4) NMethods: 4569 registered, 515 unregistered
[11.676s][info][gc,metaspace] GC(4) Metaspace: 95M used, 97M committed, 1152M reserved
[11.676s][info][gc,ref      ] GC(4) Soft: 5295 encountered, 0 discovered, 0 enqueued
[11.676s][info][gc,ref      ] GC(4) Weak: 8072 encountered, 2134 discovered, 1477 enqueued
[11.676s][info][gc,ref      ] GC(4) Final: 52 encountered, 0 discovered, 0 enqueued
[11.676s][info][gc,ref      ] GC(4) Phantom: 1768 encountered, 1576 discovered, 1193 enqueued
[11.676s][info][gc,reloc    ] GC(4) Small Pages: 65 / 130M, Empty: 0M, Relocated: 8M, In-Place: 0
[11.676s][info][gc,reloc    ] GC(4) Medium Pages: 2 / 64M, Empty: 32M, Relocated: 0M, In-Place: 0
[11.676s][info][gc,reloc    ] GC(4) Large Pages: 2 / 12M, Empty: 12M, Relocated: 0M, In-Place: 0
[11.676s][info][gc,reloc    ] GC(4) Forwarding Usage: 2M
[11.676s][info][gc,heap     ] GC(4) Min Capacity: 2048M(100%)
[11.676s][info][gc,heap     ] GC(4) Max Capacity: 2048M(100%)
[11.676s][info][gc,heap     ] GC(4) Soft Max Capacity: 2048M(100%)
[11.676s][info][gc,heap     ] GC(4)                Mark Start          Mark End        Relocate Start      Relocate End           High               Low         
[11.676s][info][gc,heap     ] GC(4)  Capacity:     2048M (100%)       2048M (100%)       2048M (100%)       2048M (100%)       2048M (100%)       2048M (100%)   
[11.676s][info][gc,heap     ] GC(4)      Free:     1842M (90%)        1828M (89%)        1872M (91%)        1956M (96%)        1956M (96%)        1828M (89%)    
[11.676s][info][gc,heap     ] GC(4)      Used:      206M (10%)         220M (11%)         176M (9%)           92M (4%)          220M (11%)          92M (4%)     
[11.677s][info][gc,heap     ] GC(4)      Live:         -                45M (2%)           45M (2%)           45M (2%)             -                  -          
[11.677s][info][gc,heap     ] GC(4) Allocated:         -                14M (1%)           14M (1%)           15M (1%)             -                  -          
[11.677s][info][gc,heap     ] GC(4)   Garbage:         -               160M (8%)          116M (6%)           31M (2%)             -                  -          
[11.677s][info][gc,heap     ] GC(4) Reclaimed:         -                  -                44M (2%)          129M (6%)             -                  -          
[11.677s][info][gc          ] GC(4) Garbage Collection (Warmup) 206M(10%)->92M(4%)
[13.003s][info][gc,start    ] GC(5) Garbage Collection (Warmup)
[13.003s][info][gc,task     ] GC(5) Using 2 workers
[13.004s][info][gc,phases   ] GC(5) Pause Mark Start 0.007ms
[13.113s][info][gc,phases   ] GC(5) Concurrent Mark 109.568ms
[13.114s][info][gc,phases   ] GC(5) Pause Mark End 0.019ms
[13.114s][info][gc,phases   ] GC(5) Concurrent Mark Free 0.001ms
[13.177s][info][gc,phases   ] GC(5) Concurrent Process Non-Strong References 63.816ms
[13.178s][info][gc,phases   ] GC(5) Concurrent Reset Relocation Set 0.005ms
[13.180s][info][gc,phases   ] GC(5) Concurrent Select Relocation Set 2.168ms
[13.180s][info][gc,phases   ] GC(5) Pause Relocate Start 0.012ms
[13.206s][info][gc,phases   ] GC(5) Concurrent Relocate 26.421ms
[13.207s][info][gc,load     ] GC(5) Load: 0.00/0.00/0.00
[13.207s][info][gc,mmu      ] GC(5) MMU: 2ms/96.2%, 5ms/98.5%, 10ms/99.1%, 20ms/99.5%, 50ms/99.8%, 100ms/99.9%
[13.207s][info][gc,marking  ] GC(5) Mark: 2 stripe(s), 2 proactive flush(es), 1 terminate flush(es), 0 completion(s), 0 continuation(s) 
[13.207s][info][gc,marking  ] GC(5) Mark Stack Usage: 32M
[13.207s][info][gc,nmethod  ] GC(5) NMethods: 6252 registered, 401 unregistered
[13.207s][info][gc,metaspace] GC(5) Metaspace: 111M used, 112M committed, 1152M reserved
[13.207s][info][gc,ref      ] GC(5) Soft: 5373 encountered, 0 discovered, 0 enqueued
[13.207s][info][gc,ref      ] GC(5) Weak: 14112 encountered, 4596 discovered, 2630 enqueued
[13.207s][info][gc,ref      ] GC(5) Final: 52 encountered, 0 discovered, 0 enqueued
[13.207s][info][gc,ref      ] GC(5) Phantom: 1197 encountered, 998 discovered, 602 enqueued
[13.207s][info][gc,reloc    ] GC(5) Small Pages: 284 / 568M, Empty: 358M, Relocated: 8M, In-Place: 0
[13.207s][info][gc,reloc    ] GC(5) Medium Pages: 2 / 64M, Empty: 0M, Relocated: 22M, In-Place: 0
[13.207s][info][gc,reloc    ] GC(5) Large Pages: 0 / 0M, Empty: 0M, Relocated: 0M, In-Place: 0
[13.207s][info][gc,reloc    ] GC(5) Forwarding Usage: 2M
[13.207s][info][gc,heap     ] GC(5) Min Capacity: 2048M(100%)
[13.207s][info][gc,heap     ] GC(5) Max Capacity: 2048M(100%)
[13.207s][info][gc,heap     ] GC(5) Soft Max Capacity: 2048M(100%)
[13.207s][info][gc,heap     ] GC(5)                Mark Start          Mark End        Relocate Start      Relocate End           High               Low         
[13.207s][info][gc,heap     ] GC(5)  Capacity:     2048M (100%)       2048M (100%)       2048M (100%)       2048M (100%)       2048M (100%)       2048M (100%)   
[13.207s][info][gc,heap     ] GC(5)      Free:     1416M (69%)        1256M (61%)        1544M (75%)        1674M (82%)        1684M (82%)        1186M (58%)    
[13.207s][info][gc,heap     ] GC(5)      Used:      632M (31%)         792M (39%)         504M (25%)         374M (18%)         862M (42%)         364M (18%)    
[13.207s][info][gc,heap     ] GC(5)      Live:         -                68M (3%)           68M (3%)           68M (3%)             -                  -          
[13.207s][info][gc,heap     ] GC(5) Allocated:         -               160M (8%)          230M (11%)         283M (14%)            -                  -          
[13.207s][info][gc,heap     ] GC(5)   Garbage:         -               563M (27%)         205M (10%)          21M (1%)             -                  -          
[13.207s][info][gc,heap     ] GC(5) Reclaimed:         -                  -               358M (17%)         541M (26%)            -                  -          
[13.207s][info][gc          ] GC(5) Garbage Collection (Warmup) 632M(31%)->374M(18%)
[13.302s][info][gc,start    ] GC(6) Garbage Collection (Warmup)
[13.302s][info][gc,task     ] GC(6) Using 2 workers
[13.303s][info][gc,phases   ] GC(6) Pause Mark Start 0.007ms
[13.444s][info][gc,phases   ] GC(6) Concurrent Mark 140.519ms
[13.444s][info][gc,phases   ] GC(6) Pause Mark End 0.018ms
[13.444s][info][gc,phases   ] GC(6) Concurrent Mark Free 0.001ms
[13.507s][info][gc,phases   ] GC(6) Concurrent Process Non-Strong References 62.725ms
[13.507s][info][gc,phases   ] GC(6) Concurrent Reset Relocation Set 0.006ms
[13.510s][info][gc,phases   ] GC(6) Concurrent Select Relocation Set 2.984ms
[13.510s][info][gc,phases   ] GC(6) Pause Relocate Start 0.011ms
[13.537s][info][gc,phases   ] GC(6) Concurrent Relocate 27.080ms
[13.537s][info][gc,load     ] GC(6) Load: 0.00/0.00/0.00
[13.537s][info][gc,mmu      ] GC(6) MMU: 2ms/96.2%, 5ms/98.5%, 10ms/99.1%, 20ms/99.5%, 50ms/99.8%, 100ms/99.9%
[13.537s][info][gc,marking  ] GC(6) Mark: 2 stripe(s), 2 proactive flush(es), 1 terminate flush(es), 0 completion(s), 0 continuation(s) 
[13.537s][info][gc,marking  ] GC(6) Mark Stack Usage: 32M
[13.537s][info][gc,nmethod  ] GC(6) NMethods: 6277 registered, 458 unregistered
[13.537s][info][gc,metaspace] GC(6) Metaspace: 111M used, 112M committed, 1152M reserved
[13.537s][info][gc,ref      ] GC(6) Soft: 5375 encountered, 0 discovered, 0 enqueued
[13.537s][info][gc,ref      ] GC(6) Weak: 11514 encountered, 6721 discovered, 15 enqueued
[13.537s][info][gc,ref      ] GC(6) Final: 52 encountered, 48 discovered, 0 enqueued
[13.537s][info][gc,ref      ] GC(6) Phantom: 605 encountered, 477 discovered, 10 enqueued
[13.537s][info][gc,reloc    ] GC(6) Small Pages: 381 / 762M, Empty: 640M, Relocated: 0M, In-Place: 0
[13.537s][info][gc,reloc    ] GC(6) Medium Pages: 3 / 96M, Empty: 0M, Relocated: 17M, In-Place: 0
[13.537s][info][gc,reloc    ] GC(6) Large Pages: 6 / 48M, Empty: 32M, Relocated: 0M, In-Place: 0
[13.537s][info][gc,reloc    ] GC(6) Forwarding Usage: 0M
[13.537s][info][gc,heap     ] GC(6) Min Capacity: 2048M(100%)
[13.537s][info][gc,heap     ] GC(6) Max Capacity: 2048M(100%)
[13.537s][info][gc,heap     ] GC(6) Soft Max Capacity: 2048M(100%)
[13.537s][info][gc,heap     ] GC(6)                Mark Start          Mark End        Relocate Start      Relocate End           High               Low         
[13.537s][info][gc,heap     ] GC(6)  Capacity:     2048M (100%)       2048M (100%)       2048M (100%)       2048M (100%)       2048M (100%)       2048M (100%)   
[13.538s][info][gc,heap     ] GC(6)      Free:     1142M (56%)         948M (46%)        1544M (75%)        1590M (78%)        1594M (78%)         874M (43%)    
[13.538s][info][gc,heap     ] GC(6)      Used:      906M (44%)        1100M (54%)         504M (25%)         458M (22%)        1174M (57%)         454M (22%)    
[13.538s][info][gc,heap     ] GC(6)      Live:         -                99M (5%)           99M (5%)           99M (5%)             -                  -          
[13.538s][info][gc,heap     ] GC(6) Allocated:         -               194M (9%)          270M (13%)         325M (16%)            -                  -          
[13.538s][info][gc,heap     ] GC(6)   Garbage:         -               806M (39%)         134M (7%)           32M (2%)             -                  -          
[13.538s][info][gc,heap     ] GC(6) Reclaimed:         -                  -               672M (33%)         773M (38%)            -                  -          
[13.538s][info][gc          ] GC(6) Garbage Collection (Warmup) 906M(44%)->458M(22%)
[13.612s][info][gc,start    ] GC(7) Garbage Collection (Allocation Rate)
[13.612s][info][gc,task     ] GC(7) Using 2 workers
[13.612s][info][gc,phases   ] GC(7) Pause Mark Start 0.005ms
[13.691s][info][gc,phases   ] GC(7) Concurrent Mark 78.571ms
[13.691s][info][gc,phases   ] GC(7) Pause Mark End 0.050ms
[13.691s][info][gc,phases   ] GC(7) Concurrent Mark Free 0.002ms
[13.723s][info][gc,phases   ] GC(7) Concurrent Process Non-Strong References 31.119ms
[13.723s][info][gc,phases   ] GC(7) Concurrent Reset Relocation Set 0.005ms
[13.725s][info][gc,phases   ] GC(7) Concurrent Select Relocation Set 2.343ms
[13.725s][info][gc,phases   ] GC(7) Pause Relocate Start 0.008ms
[13.755s][info][gc,phases   ] GC(7) Concurrent Relocate 30.177ms
[13.755s][info][gc,load     ] GC(7) Load: 0.00/0.00/0.00
[13.755s][info][gc,mmu      ] GC(7) MMU: 2ms/96.2%, 5ms/98.5%, 10ms/99.1%, 20ms/99.5%, 50ms/99.8%, 100ms/99.9%
[13.755s][info][gc,marking  ] GC(7) Mark: 2 stripe(s), 2 proactive flush(es), 1 terminate flush(es), 1 completion(s), 0 continuation(s) 
[13.756s][info][gc,marking  ] GC(7) Mark Stack Usage: 32M
[13.756s][info][gc,nmethod  ] GC(7) NMethods: 6349 registered, 482 unregistered
[13.756s][info][gc,metaspace] GC(7) Metaspace: 112M used, 113M committed, 1152M reserved
[13.756s][info][gc,ref      ] GC(7) Soft: 5395 encountered, 0 discovered, 0 enqueued
[13.756s][info][gc,ref      ] GC(7) Weak: 11687 encountered, 2741 discovered, 113 enqueued
[13.756s][info][gc,ref      ] GC(7) Final: 52 encountered, 0 discovered, 0 enqueued
[13.756s][info][gc,ref      ] GC(7) Phantom: 640 encountered, 389 discovered, 46 enqueued
[13.756s][info][gc,reloc    ] GC(7) Small Pages: 429 / 858M, Empty: 726M, Relocated: 1M, In-Place: 0
[13.756s][info][gc,reloc    ] GC(7) Medium Pages: 4 / 128M, Empty: 0M, Relocated: 43M, In-Place: 0
[13.756s][info][gc,reloc    ] GC(7) Large Pages: 3 / 24M, Empty: 16M, Relocated: 0M, In-Place: 0
[13.756s][info][gc,reloc    ] GC(7) Forwarding Usage: 0M
[13.756s][info][gc,heap     ] GC(7) Min Capacity: 2048M(100%)
[13.756s][info][gc,heap     ] GC(7) Max Capacity: 2048M(100%)
[13.756s][info][gc,heap     ] GC(7) Soft Max Capacity: 2048M(100%)
[13.756s][info][gc,heap     ] GC(7)                Mark Start          Mark End        Relocate Start      Relocate End           High               Low         
[13.756s][info][gc,heap     ] GC(7)  Capacity:     2048M (100%)       2048M (100%)       2048M (100%)       2048M (100%)       2048M (100%)       2048M (100%)   
[13.756s][info][gc,heap     ] GC(7)      Free:     1038M (51%)         774M (38%)        1476M (72%)        1584M (77%)        1584M (77%)         734M (36%)    
[13.756s][info][gc,heap     ] GC(7)      Used:     1010M (49%)        1274M (62%)         572M (28%)         464M (23%)        1314M (64%)         464M (23%)    
[13.756s][info][gc,heap     ] GC(7)      Live:         -                98M (5%)           98M (5%)           98M (5%)             -                  -          
[13.756s][info][gc,heap     ] GC(7) Allocated:         -               264M (13%)         304M (15%)         339M (17%)            -                  -          
[13.756s][info][gc,heap     ] GC(7)   Garbage:         -               911M (45%)         169M (8%)           25M (1%)             -                  -          
[13.756s][info][gc,heap     ] GC(7) Reclaimed:         -                  -               742M (36%)         885M (43%)            -                  -          
[13.756s][info][gc          ] GC(7) Garbage Collection (Allocation Rate) 1010M(49%)->464M(23%)
[13.816s][info][gc,start    ] GC(8) Garbage Collection (Allocation Rate)
[13.816s][info][gc,task     ] GC(8) Using 2 workers
[13.817s][info][gc,phases   ] GC(8) Pause Mark Start 0.010ms
[13.895s][info][gc,phases   ] GC(8) Concurrent Mark 78.447ms
[13.895s][info][gc,phases   ] GC(8) Pause Mark End 0.024ms
[13.895s][info][gc,phases   ] GC(8) Concurrent Mark Free 0.002ms
[13.911s][info][gc,phases   ] GC(8) Concurrent Process Non-Strong References 15.681ms
[13.911s][info][gc,phases   ] GC(8) Concurrent Reset Relocation Set 0.005ms
[13.914s][info][gc,phases   ] GC(8) Concurrent Select Relocation Set 3.383ms
[13.915s][info][gc,phases   ] GC(8) Pause Relocate Start 0.018ms
[13.919s][info][gc,phases   ] GC(8) Concurrent Relocate 4.055ms
[13.919s][info][gc,load     ] GC(8) Load: 0.00/0.00/0.00
[13.919s][info][gc,mmu      ] GC(8) MMU: 2ms/96.2%, 5ms/98.5%, 10ms/99.1%, 20ms/99.5%, 50ms/99.8%, 100ms/99.9%
[13.919s][info][gc,marking  ] GC(8) Mark: 2 stripe(s), 2 proactive flush(es), 1 terminate flush(es), 0 completion(s), 0 continuation(s) 
[13.919s][info][gc,marking  ] GC(8) Mark Stack Usage: 32M
[13.919s][info][gc,nmethod  ] GC(8) NMethods: 6367 registered, 495 unregistered
[13.919s][info][gc,metaspace] GC(8) Metaspace: 112M used, 113M committed, 1152M reserved
[13.919s][info][gc,ref      ] GC(8) Soft: 5412 encountered, 0 discovered, 0 enqueued
[13.919s][info][gc,ref      ] GC(8) Weak: 11769 encountered, 2518 discovered, 65 enqueued
[13.919s][info][gc,ref      ] GC(8) Final: 52 encountered, 0 discovered, 0 enqueued
[13.919s][info][gc,ref      ] GC(8) Phantom: 636 encountered, 506 discovered, 42 enqueued
[13.919s][info][gc,reloc    ] GC(8) Small Pages: 308 / 616M, Empty: 502M, Relocated: 1M, In-Place: 0
[13.919s][info][gc,reloc    ] GC(8) Medium Pages: 4 / 128M, Empty: 0M, Relocated: 22M, In-Place: 0
[13.919s][info][gc,reloc    ] GC(8) Large Pages: 5 / 40M, Empty: 40M, Relocated: 0M, In-Place: 0
[13.919s][info][gc,reloc    ] GC(8) Forwarding Usage: 0M
[13.919s][info][gc,heap     ] GC(8) Min Capacity: 2048M(100%)
[13.919s][info][gc,heap     ] GC(8) Max Capacity: 2048M(100%)
[13.919s][info][gc,heap     ] GC(8) Soft Max Capacity: 2048M(100%)
[13.919s][info][gc,heap     ] GC(8)                Mark Start          Mark End        Relocate Start      Relocate End           High               Low         
[13.919s][info][gc,heap     ] GC(8)  Capacity:     2048M (100%)       2048M (100%)       2048M (100%)       2048M (100%)       2048M (100%)       2048M (100%)   
[13.919s][info][gc,heap     ] GC(8)      Free:     1264M (62%)         830M (41%)        1266M (62%)        1350M (66%)        1352M (66%)         748M (37%)    
[13.919s][info][gc,heap     ] GC(8)      Used:      784M (38%)        1218M (59%)         782M (38%)         698M (34%)        1300M (63%)         696M (34%)    
[13.919s][info][gc,heap     ] GC(8)      Live:         -               111M (5%)          111M (5%)          111M (5%)             -                  -          
[13.919s][info][gc,heap     ] GC(8) Allocated:         -               434M (21%)         540M (26%)         547M (27%)            -                  -          
[13.919s][info][gc,heap     ] GC(8)   Garbage:         -               672M (33%)         130M (6%)           39M (2%)             -                  -          
[13.919s][info][gc,heap     ] GC(8) Reclaimed:         -                  -               542M (26%)         633M (31%)            -                  -          
[13.919s][info][gc          ] GC(8) Garbage Collection (Allocation Rate) 784M(38%)->698M(34%)
[14.006s][info][gc,start    ] GC(9) Garbage Collection (Allocation Rate)
[14.006s][info][gc,task     ] GC(9) Using 2 workers
[14.006s][info][gc,phases   ] GC(9) Pause Mark Start 0.005ms
[14.053s][info][gc,phases   ] GC(9) Concurrent Mark 47.052ms
[14.053s][info][gc,phases   ] GC(9) Pause Mark End 0.089ms
[14.053s][info][gc,phases   ] GC(9) Concurrent Mark Free 0.001ms
[14.059s][info][gc,phases   ] GC(9) Concurrent Process Non-Strong References 5.945ms
[14.059s][info][gc,phases   ] GC(9) Concurrent Reset Relocation Set 0.003ms
[14.061s][info][gc,phases   ] GC(9) Concurrent Select Relocation Set 1.955ms
[14.062s][info][gc,phases   ] GC(9) Pause Relocate Start 0.007ms
[14.066s][info][gc,phases   ] GC(9) Concurrent Relocate 4.306ms
[14.066s][info][gc,load     ] GC(9) Load: 0.00/0.00/0.00
[14.066s][info][gc,mmu      ] GC(9) MMU: 2ms/95.6%, 5ms/98.2%, 10ms/99.0%, 20ms/99.5%, 50ms/99.8%, 100ms/99.9%
[14.066s][info][gc,marking  ] GC(9) Mark: 2 stripe(s), 2 proactive flush(es), 1 terminate flush(es), 1 completion(s), 0 continuation(s) 
[14.066s][info][gc,marking  ] GC(9) Mark Stack Usage: 32M
[14.066s][info][gc,nmethod  ] GC(9) NMethods: 6491 registered, 525 unregistered
[14.066s][info][gc,metaspace] GC(9) Metaspace: 113M used, 114M committed, 1152M reserved
[14.066s][info][gc,ref      ] GC(9) Soft: 5403 encountered, 0 discovered, 0 enqueued
[14.066s][info][gc,ref      ] GC(9) Weak: 11915 encountered, 3393 discovered, 155 enqueued
[14.066s][info][gc,ref      ] GC(9) Final: 52 encountered, 0 discovered, 0 enqueued
[14.066s][info][gc,ref      ] GC(9) Phantom: 650 encountered, 399 discovered, 61 enqueued
[14.066s][info][gc,reloc    ] GC(9) Small Pages: 381 / 762M, Empty: 654M, Relocated: 3M, In-Place: 0
[14.066s][info][gc,reloc    ] GC(9) Medium Pages: 5 / 160M, Empty: 0M, Relocated: 27M, In-Place: 0
[14.066s][info][gc,reloc    ] GC(9) Large Pages: 5 / 40M, Empty: 40M, Relocated: 0M, In-Place: 0
[14.066s][info][gc,reloc    ] GC(9) Forwarding Usage: 0M
[14.066s][info][gc,heap     ] GC(9) Min Capacity: 2048M(100%)
[14.066s][info][gc,heap     ] GC(9) Max Capacity: 2048M(100%)
[14.066s][info][gc,heap     ] GC(9) Soft Max Capacity: 2048M(100%)
[14.066s][info][gc,heap     ] GC(9)                Mark Start          Mark End        Relocate Start      Relocate End           High               Low         
[14.066s][info][gc,heap     ] GC(9)  Capacity:     2048M (100%)       2048M (100%)       2048M (100%)       2048M (100%)       2048M (100%)       2048M (100%)   
[14.066s][info][gc,heap     ] GC(9)      Free:     1086M (53%)        1082M (53%)        1772M (87%)        1890M (92%)        1890M (92%)        1080M (53%)    
[14.066s][info][gc,heap     ] GC(9)      Used:      962M (47%)         966M (47%)         276M (13%)         158M (8%)          968M (47%)         158M (8%)     
[14.066s][info][gc,heap     ] GC(9)      Live:         -               117M (6%)          117M (6%)          117M (6%)             -                  -          
[14.066s][info][gc,heap     ] GC(9) Allocated:         -                 4M (0%)            8M (0%)            9M (0%)             -                  -          
[14.066s][info][gc,heap     ] GC(9)   Garbage:         -               844M (41%)         150M (7%)           30M (1%)             -                  -          
[14.066s][info][gc,heap     ] GC(9) Reclaimed:         -                  -               694M (34%)         813M (40%)            -                  -          
[14.066s][info][gc          ] GC(9) Garbage Collection (Allocation Rate) 962M(47%)->158M(8%)
[14.102s][info][gc,start    ] GC(10) Garbage Collection (Allocation Rate)
[14.102s][info][gc,task     ] GC(10) Using 2 workers
[14.103s][info][gc,phases   ] GC(10) Pause Mark Start 0.005ms
[14.165s][info][gc,phases   ] GC(10) Concurrent Mark 62.687ms
[14.165s][info][gc,phases   ] GC(10) Pause Mark End 0.015ms
[14.165s][info][gc,phases   ] GC(10) Concurrent Mark Free 0.001ms
[14.172s][info][gc,phases   ] GC(10) Concurrent Process Non-Strong References 6.428ms
[14.172s][info][gc,phases   ] GC(10) Concurrent Reset Relocation Set 0.002ms
[14.174s][info][gc,phases   ] GC(10) Concurrent Select Relocation Set 2.004ms
[14.174s][info][gc,phases   ] GC(10) Pause Relocate Start 0.007ms
[14.176s][info][gc,phases   ] GC(10) Concurrent Relocate 2.162ms
[14.176s][info][gc,load     ] GC(10) Load: 0.00/0.00/0.00
[14.176s][info][gc,mmu      ] GC(10) MMU: 2ms/95.6%, 5ms/98.2%, 10ms/99.0%, 20ms/99.5%, 50ms/99.8%, 100ms/99.9%
[14.176s][info][gc,marking  ] GC(10) Mark: 2 stripe(s), 2 proactive flush(es), 1 terminate flush(es), 0 completion(s), 0 continuation(s) 
[14.176s][info][gc,marking  ] GC(10) Mark Stack Usage: 32M
[14.176s][info][gc,nmethod  ] GC(10) NMethods: 6626 registered, 542 unregistered
[14.176s][info][gc,metaspace] GC(10) Metaspace: 113M used, 114M committed, 1152M reserved
[14.176s][info][gc,ref      ] GC(10) Soft: 5434 encountered, 0 discovered, 0 enqueued
[14.176s][info][gc,ref      ] GC(10) Weak: 12225 encountered, 7110 discovered, 108 enqueued
[14.176s][info][gc,ref      ] GC(10) Final: 52 encountered, 52 discovered, 0 enqueued
[14.176s][info][gc,ref      ] GC(10) Phantom: 650 encountered, 521 discovered, 0 enqueued
[14.176s][info][gc,reloc    ] GC(10) Small Pages: 34 / 68M, Empty: 0M, Relocated: 4M, In-Place: 0
[14.176s][info][gc,reloc    ] GC(10) Medium Pages: 3 / 96M, Empty: 0M, Relocated: 0M, In-Place: 0
[14.176s][info][gc,reloc    ] GC(10) Large Pages: 0 / 0M, Empty: 0M, Relocated: 0M, In-Place: 0
[14.176s][info][gc,reloc    ] GC(10) Forwarding Usage: 1M
[14.176s][info][gc,heap     ] GC(10) Min Capacity: 2048M(100%)
[14.176s][info][gc,heap     ] GC(10) Max Capacity: 2048M(100%)
[14.176s][info][gc,heap     ] GC(10) Soft Max Capacity: 2048M(100%)
[14.176s][info][gc,heap     ] GC(10)                Mark Start          Mark End        Relocate Start      Relocate End           High               Low         
[14.176s][info][gc,heap     ] GC(10)  Capacity:     2048M (100%)       2048M (100%)       2048M (100%)       2048M (100%)       2048M (100%)       2048M (100%)   
[14.176s][info][gc,heap     ] GC(10)      Free:     1884M (92%)        1878M (92%)        1876M (92%)        1892M (92%)        1892M (92%)        1872M (91%)    
[14.176s][info][gc,heap     ] GC(10)      Used:      164M (8%)          170M (8%)          172M (8%)          156M (8%)          176M (9%)          156M (8%)     
[14.176s][info][gc,heap     ] GC(10)      Live:         -               118M (6%)          118M (6%)          118M (6%)             -                  -          
[14.176s][info][gc,heap     ] GC(10) Allocated:         -                 6M (0%)            8M (0%)            8M (0%)             -                  -          
[14.177s][info][gc,heap     ] GC(10)   Garbage:         -                45M (2%)           45M (2%)           29M (1%)             -                  -          
[14.177s][info][gc,heap     ] GC(10) Reclaimed:         -                  -                 0M (0%)           16M (1%)             -                  -          
[14.177s][info][gc          ] GC(10) Garbage Collection (Allocation Rate) 164M(8%)->156M(8%)
[14.914s][info][gc,start    ] GC(11) Garbage Collection (Allocation Rate)
[14.914s][info][gc,task     ] GC(11) Using 2 workers
[14.914s][info][gc,phases   ] GC(11) Pause Mark Start 0.007ms
[15.056s][info][gc,phases   ] GC(11) Concurrent Mark 141.275ms
[15.056s][info][gc,phases   ] GC(11) Pause Mark End 0.015ms
[15.056s][info][gc,phases   ] GC(11) Concurrent Mark Free 0.001ms
[15.088s][info][gc,phases   ] GC(11) Concurrent Process Non-Strong References 32.303ms
[15.089s][info][gc,phases   ] GC(11) Concurrent Reset Relocation Set 0.002ms
[15.091s][info][gc,phases   ] GC(11) Concurrent Select Relocation Set 2.587ms
[15.091s][info][gc,phases   ] GC(11) Pause Relocate Start 0.010ms
[15.096s][info][gc,phases   ] GC(11) Concurrent Relocate 5.089ms
[15.097s][info][gc,load     ] GC(11) Load: 0.00/0.00/0.00
[15.097s][info][gc,mmu      ] GC(11) MMU: 2ms/95.6%, 5ms/98.2%, 10ms/99.0%, 20ms/99.5%, 50ms/99.8%, 100ms/99.9%
[15.097s][info][gc,marking  ] GC(11) Mark: 2 stripe(s), 4 proactive flush(es), 1 terminate flush(es), 0 completion(s), 0 continuation(s) 
[15.097s][info][gc,marking  ] GC(11) Mark Stack Usage: 32M
[15.097s][info][gc,nmethod  ] GC(11) NMethods: 7864 registered, 736 unregistered
[15.097s][info][gc,metaspace] GC(11) Metaspace: 118M used, 121M committed, 1152M reserved
[15.097s][info][gc,ref      ] GC(11) Soft: 6033 encountered, 0 discovered, 0 enqueued
[15.097s][info][gc,ref      ] GC(11) Weak: 14514 encountered, 3109 discovered, 770 enqueued
[15.097s][info][gc,ref      ] GC(11) Final: 52 encountered, 0 discovered, 0 enqueued
[15.097s][info][gc,ref      ] GC(11) Phantom: 1199 encountered, 919 discovered, 608 enqueued
[15.097s][info][gc,reloc    ] GC(11) Small Pages: 126 / 252M, Empty: 80M, Relocated: 6M, In-Place: 0
[15.097s][info][gc,reloc    ] GC(11) Medium Pages: 4 / 128M, Empty: 32M, Relocated: 0M, In-Place: 0
[15.097s][info][gc,reloc    ] GC(11) Large Pages: 1 / 6M, Empty: 6M, Relocated: 0M, In-Place: 0
[15.097s][info][gc,reloc    ] GC(11) Forwarding Usage: 1M
[15.097s][info][gc,heap     ] GC(11) Min Capacity: 2048M(100%)
[15.097s][info][gc,heap     ] GC(11) Max Capacity: 2048M(100%)
[15.097s][info][gc,heap     ] GC(11) Soft Max Capacity: 2048M(100%)
[15.097s][info][gc,heap     ] GC(11)                Mark Start          Mark End        Relocate Start      Relocate End           High               Low         
[15.097s][info][gc,heap     ] GC(11)  Capacity:     2048M (100%)       2048M (100%)       2048M (100%)       2048M (100%)       2048M (100%)       2048M (100%)   
[15.097s][info][gc,heap     ] GC(11)      Free:     1662M (81%)        1196M (58%)        1208M (59%)        1304M (64%)        1662M (81%)        1090M (53%)    
[15.097s][info][gc,heap     ] GC(11)      Used:      386M (19%)         852M (42%)         840M (41%)         744M (36%)         958M (47%)         386M (19%)    
[15.097s][info][gc,heap     ] GC(11)      Live:         -               123M (6%)          123M (6%)          123M (6%)             -                  -          
[15.097s][info][gc,heap     ] GC(11) Allocated:         -               466M (23%)         572M (28%)         589M (29%)            -                  -          
[15.097s][info][gc,heap     ] GC(11)   Garbage:         -               262M (13%)         144M (7%)           30M (1%)             -                  -          
[15.097s][info][gc,heap     ] GC(11) Reclaimed:         -                  -               118M (6%)          231M (11%)            -                  -          
[15.097s][info][gc          ] GC(11) Garbage Collection (Allocation Rate) 386M(19%)->744M(36%)
[15.103s][info][gc,start    ] GC(12) Garbage Collection (Allocation Rate)
[15.103s][info][gc,task     ] GC(12) Using 2 workers
[15.103s][info][gc,phases   ] GC(12) Pause Mark Start 0.007ms
[15.148s][info][gc,phases   ] GC(12) Concurrent Mark 45.370ms
[15.148s][info][gc,phases   ] GC(12) Pause Mark End 0.017ms
[15.149s][info][gc,phases   ] GC(12) Concurrent Mark Free 0.001ms
[15.157s][info][gc,phases   ] GC(12) Concurrent Process Non-Strong References 8.681ms
[15.157s][info][gc,phases   ] GC(12) Concurrent Reset Relocation Set 0.005ms
[15.159s][info][gc,phases   ] GC(12) Concurrent Select Relocation Set 1.916ms
[15.159s][info][gc,phases   ] GC(12) Pause Relocate Start 0.007ms
[15.160s][info][gc,phases   ] GC(12) Concurrent Relocate 0.846ms
[15.160s][info][gc,load     ] GC(12) Load: 0.00/0.00/0.00
[15.160s][info][gc,mmu      ] GC(12) MMU: 2ms/95.6%, 5ms/98.2%, 10ms/99.0%, 20ms/99.5%, 50ms/99.8%, 100ms/99.9%
[15.160s][info][gc,marking  ] GC(12) Mark: 2 stripe(s), 2 proactive flush(es), 1 terminate flush(es), 0 completion(s), 0 continuation(s) 
[15.160s][info][gc,marking  ] GC(12) Mark Stack Usage: 32M
[15.160s][info][gc,nmethod  ] GC(12) NMethods: 7911 registered, 796 unregistered
[15.160s][info][gc,metaspace] GC(12) Metaspace: 118M used, 121M committed, 1152M reserved
[15.160s][info][gc,ref      ] GC(12) Soft: 6049 encountered, 0 discovered, 0 enqueued
[15.160s][info][gc,ref      ] GC(12) Weak: 13976 encountered, 1773 discovered, 82 enqueued
[15.160s][info][gc,ref      ] GC(12) Final: 52 encountered, 0 discovered, 0 enqueued
[15.160s][info][gc,ref      ] GC(12) Phantom: 648 encountered, 536 discovered, 57 enqueued
[15.160s][info][gc,reloc    ] GC(12) Small Pages: 323 / 646M, Empty: 538M, Relocated: 1M, In-Place: 0
[15.160s][info][gc,reloc    ] GC(12) Medium Pages: 4 / 128M, Empty: 32M, Relocated: 0M, In-Place: 0
[15.160s][info][gc,reloc    ] GC(12) Large Pages: 0 / 0M, Empty: 0M, Relocated: 0M, In-Place: 0
[15.160s][info][gc,reloc    ] GC(12) Forwarding Usage: 0M
[15.160s][info][gc,heap     ] GC(12) Min Capacity: 2048M(100%)
[15.160s][info][gc,heap     ] GC(12) Max Capacity: 2048M(100%)
[15.160s][info][gc,heap     ] GC(12) Soft Max Capacity: 2048M(100%)
[15.160s][info][gc,heap     ] GC(12)                Mark Start          Mark End        Relocate Start      Relocate End           High               Low         
[15.160s][info][gc,heap     ] GC(12)  Capacity:     2048M (100%)       2048M (100%)       2048M (100%)       2048M (100%)       2048M (100%)       2048M (100%)   
[15.160s][info][gc,heap     ] GC(12)      Free:     1274M (62%)        1214M (59%)        1778M (87%)        1828M (89%)        1828M (89%)        1208M (59%)    
[15.160s][info][gc,heap     ] GC(12)      Used:      774M (38%)         834M (41%)         270M (13%)         220M (11%)         840M (41%)         220M (11%)    
[15.161s][info][gc,heap     ] GC(12)      Live:         -               123M (6%)          123M (6%)          123M (6%)             -                  -          
[15.161s][info][gc,heap     ] GC(12) Allocated:         -                60M (3%)           66M (3%)           65M (3%)             -                  -          
[15.161s][info][gc,heap     ] GC(12)   Garbage:         -               650M (32%)          80M (4%)           30M (2%)             -                  -          
[15.161s][info][gc,heap     ] GC(12) Reclaimed:         -                  -               570M (28%)         619M (30%)            -                  -          
[15.161s][info][gc          ] GC(12) Garbage Collection (Allocation Rate) 774M(38%)->220M(11%)
[15.203s][info][gc,start    ] GC(13) Garbage Collection (Allocation Rate)
[15.203s][info][gc,task     ] GC(13) Using 2 workers
[15.203s][info][gc,phases   ] GC(13) Pause Mark Start 0.011ms
[15.255s][info][gc,phases   ] GC(13) Concurrent Mark 51.557ms
[15.255s][info][gc,phases   ] GC(13) Pause Mark End 0.013ms
[15.255s][info][gc,phases   ] GC(13) Concurrent Mark Free 0.000ms
[15.275s][info][gc,phases   ] GC(13) Concurrent Process Non-Strong References 19.837ms
[15.275s][info][gc,phases   ] GC(13) Concurrent Reset Relocation Set 0.002ms
[15.277s][info][gc,phases   ] GC(13) Concurrent Select Relocation Set 2.039ms
[15.277s][info][gc,phases   ] GC(13) Pause Relocate Start 0.008ms
[15.279s][info][gc,phases   ] GC(13) Concurrent Relocate 1.142ms
[15.279s][info][gc,load     ] GC(13) Load: 0.00/0.00/0.00
[15.279s][info][gc,mmu      ] GC(13) MMU: 2ms/95.6%, 5ms/98.2%, 10ms/99.0%, 20ms/99.5%, 50ms/99.8%, 100ms/99.9%
[15.279s][info][gc,marking  ] GC(13) Mark: 2 stripe(s), 4 proactive flush(es), 1 terminate flush(es), 0 completion(s), 0 continuation(s) 
[15.279s][info][gc,marking  ] GC(13) Mark Stack Usage: 32M
[15.279s][info][gc,nmethod  ] GC(13) NMethods: 8001 registered, 831 unregistered
[15.279s][info][gc,metaspace] GC(13) Metaspace: 119M used, 121M committed, 1152M reserved
[15.279s][info][gc,ref      ] GC(13) Soft: 6085 encountered, 0 discovered, 0 enqueued
[15.279s][info][gc,ref      ] GC(13) Weak: 14245 encountered, 1249 discovered, 115 enqueued
[15.279s][info][gc,ref      ] GC(13) Final: 52 encountered, 0 discovered, 0 enqueued
[15.279s][info][gc,ref      ] GC(13) Phantom: 681 encountered, 419 discovered, 88 enqueued
[15.279s][info][gc,reloc    ] GC(13) Small Pages: 45 / 90M, Empty: 10M, Relocated: 1M, In-Place: 0
[15.279s][info][gc,reloc    ] GC(13) Medium Pages: 4 / 128M, Empty: 32M, Relocated: 0M, In-Place: 0
[15.279s][info][gc,reloc    ] GC(13) Large Pages: 1 / 6M, Empty: 6M, Relocated: 0M, In-Place: 0
[15.279s][info][gc,reloc    ] GC(13) Forwarding Usage: 0M
[15.279s][info][gc,heap     ] GC(13) Min Capacity: 2048M(100%)
[15.279s][info][gc,heap     ] GC(13) Max Capacity: 2048M(100%)
[15.279s][info][gc,heap     ] GC(13) Soft Max Capacity: 2048M(100%)
[15.279s][info][gc,heap     ] GC(13)                Mark Start          Mark End        Relocate Start      Relocate End           High               Low         
[15.279s][info][gc,heap     ] GC(13)  Capacity:     2048M (100%)       2048M (100%)       2048M (100%)       2048M (100%)       2048M (100%)       2048M (100%)   
[15.279s][info][gc,heap     ] GC(13)      Free:     1824M (89%)        1784M (87%)        1826M (89%)        1846M (90%)        1846M (90%)        1756M (86%)    
[15.279s][info][gc,heap     ] GC(13)      Used:      224M (11%)         264M (13%)         222M (11%)         202M (10%)         292M (14%)         202M (10%)    
[15.279s][info][gc,heap     ] GC(13)      Live:         -               122M (6%)          122M (6%)          122M (6%)             -                  -          
[15.279s][info][gc,heap     ] GC(13) Allocated:         -                40M (2%)           46M (2%)           45M (2%)             -                  -          
[15.279s][info][gc,heap     ] GC(13)   Garbage:         -               101M (5%)           53M (3%)           33M (2%)             -                  -          
[15.279s][info][gc,heap     ] GC(13) Reclaimed:         -                  -                48M (2%)           67M (3%)             -                  -          
[15.279s][info][gc          ] GC(13) Garbage Collection (Allocation Rate) 224M(11%)->202M(10%)
[16.812s][info][gc,start    ] GC(14) Garbage Collection (Allocation Rate)
[16.812s][info][gc,task     ] GC(14) Using 2 workers
[16.812s][info][gc,phases   ] GC(14) Pause Mark Start 0.007ms
[16.905s][info][gc,phases   ] GC(14) Concurrent Mark 93.083ms
[16.905s][info][gc,phases   ] GC(14) Pause Mark End 0.015ms
[16.905s][info][gc,phases   ] GC(14) Concurrent Mark Free 0.001ms
[16.935s][info][gc,phases   ] GC(14) Concurrent Process Non-Strong References 29.688ms
[16.935s][info][gc,phases   ] GC(14) Concurrent Reset Relocation Set 0.001ms
[16.939s][info][gc,phases   ] GC(14) Concurrent Select Relocation Set 3.663ms
[16.939s][info][gc,phases   ] GC(14) Pause Relocate Start 0.007ms
[17.018s][info][gc,phases   ] GC(14) Concurrent Relocate 78.506ms
[17.018s][info][gc,load     ] GC(14) Load: 0.00/0.00/0.00
[17.018s][info][gc,mmu      ] GC(14) MMU: 2ms/95.6%, 5ms/98.2%, 10ms/99.0%, 20ms/99.5%, 50ms/99.8%, 100ms/99.9%
[17.018s][info][gc,marking  ] GC(14) Mark: 2 stripe(s), 3 proactive flush(es), 1 terminate flush(es), 0 completion(s), 0 continuation(s) 
[17.018s][info][gc,marking  ] GC(14) Mark Stack Usage: 32M
[17.018s][info][gc,nmethod  ] GC(14) NMethods: 8461 registered, 973 unregistered
[17.018s][info][gc,metaspace] GC(14) Metaspace: 145M used, 146M committed, 1216M reserved
[17.018s][info][gc,ref      ] GC(14) Soft: 6146 encountered, 0 discovered, 0 enqueued
[17.018s][info][gc,ref      ] GC(14) Weak: 14643 encountered, 1982 discovered, 341 enqueued
[17.018s][info][gc,ref      ] GC(14) Final: 52 encountered, 0 discovered, 0 enqueued
[17.018s][info][gc,ref      ] GC(14) Phantom: 716 encountered, 596 discovered, 123 enqueued
[17.018s][info][gc,reloc    ] GC(14) Small Pages: 550 / 1100M, Empty: 654M, Relocated: 10M, In-Place: 0
[17.018s][info][gc,reloc    ] GC(14) Medium Pages: 10 / 320M, Empty: 0M, Relocated: 81M, In-Place: 0
[17.018s][info][gc,reloc    ] GC(14) Large Pages: 4 / 24M, Empty: 24M, Relocated: 0M, In-Place: 0
[17.018s][info][gc,reloc    ] GC(14) Forwarding Usage: 1M
[17.018s][info][gc,heap     ] GC(14) Min Capacity: 2048M(100%)
[17.018s][info][gc,heap     ] GC(14) Max Capacity: 2048M(100%)
[17.018s][info][gc,heap     ] GC(14) Soft Max Capacity: 2048M(100%)
[17.018s][info][gc,heap     ] GC(14)                Mark Start          Mark End        Relocate Start      Relocate End           High               Low         
[17.018s][info][gc,heap     ] GC(14)  Capacity:     2048M (100%)       2048M (100%)       2048M (100%)       2048M (100%)       2048M (100%)       2048M (100%)   
[17.018s][info][gc,heap     ] GC(14)      Free:      604M (29%)         492M (24%)        1152M (56%)        1630M (80%)        1630M (80%)         476M (23%)    
[17.018s][info][gc,heap     ] GC(14)      Used:     1444M (71%)        1556M (76%)         896M (44%)         418M (20%)        1572M (77%)         418M (20%)    
[17.018s][info][gc,heap     ] GC(14)      Live:         -               190M (9%)          190M (9%)          190M (9%)             -                  -          
[17.018s][info][gc,heap     ] GC(14) Allocated:         -               112M (5%)          130M (6%)          185M (9%)             -                  -          
[17.018s][info][gc,heap     ] GC(14)   Garbage:         -              1253M (61%)         575M (28%)          42M (2%)             -                  -          
[17.018s][info][gc,heap     ] GC(14) Reclaimed:         -                  -               678M (33%)        1211M (59%)            -                  -          
[17.018s][info][gc          ] GC(14) Garbage Collection (Allocation Rate) 1444M(71%)->418M(20%)
[17.104s][info][gc,start    ] GC(15) Garbage Collection (Allocation Rate)
[17.104s][info][gc,task     ] GC(15) Using 2 workers
[17.104s][info][gc,phases   ] GC(15) Pause Mark Start 0.005ms
[17.150s][info][gc,phases   ] GC(15) Concurrent Mark 45.692ms
[17.150s][info][gc,phases   ] GC(15) Pause Mark End 0.022ms
[17.150s][info][gc,phases   ] GC(15) Concurrent Mark Free 0.001ms
[17.161s][info][gc,phases   ] GC(15) Concurrent Process Non-Strong References 10.499ms
[17.161s][info][gc,phases   ] GC(15) Concurrent Reset Relocation Set 0.013ms
[17.164s][info][gc,phases   ] GC(15) Concurrent Select Relocation Set 2.992ms
[17.164s][info][gc,phases   ] GC(15) Pause Relocate Start 0.014ms
[17.173s][info][gc,phases   ] GC(15) Concurrent Relocate 9.066ms
[17.173s][info][gc,load     ] GC(15) Load: 0.00/0.00/0.00
[17.173s][info][gc,mmu      ] GC(15) MMU: 2ms/95.6%, 5ms/98.2%, 10ms/99.0%, 20ms/99.5%, 50ms/99.8%, 100ms/99.9%
[17.173s][info][gc,marking  ] GC(15) Mark: 2 stripe(s), 2 proactive flush(es), 1 terminate flush(es), 0 completion(s), 0 continuation(s) 
[17.173s][info][gc,marking  ] GC(15) Mark Stack Usage: 32M
[17.173s][info][gc,nmethod  ] GC(15) NMethods: 8625 registered, 1011 unregistered
[17.173s][info][gc,metaspace] GC(15) Metaspace: 145M used, 147M committed, 1216M reserved
[17.173s][info][gc,ref      ] GC(15) Soft: 6144 encountered, 0 discovered, 0 enqueued
[17.173s][info][gc,ref      ] GC(15) Weak: 14525 encountered, 2587 discovered, 191 enqueued
[17.173s][info][gc,ref      ] GC(15) Final: 52 encountered, 0 discovered, 0 enqueued
[17.173s][info][gc,ref      ] GC(15) Phantom: 624 encountered, 362 discovered, 29 enqueued
[17.173s][info][gc,reloc    ] GC(15) Small Pages: 99 / 198M, Empty: 58M, Relocated: 8M, In-Place: 0
[17.173s][info][gc,reloc    ] GC(15) Medium Pages: 7 / 224M, Empty: 32M, Relocated: 24M, In-Place: 0
[17.173s][info][gc,reloc    ] GC(15) Large Pages: 2 / 12M, Empty: 12M, Relocated: 0M, In-Place: 0
[17.173s][info][gc,reloc    ] GC(15) Forwarding Usage: 2M
[17.173s][info][gc,heap     ] GC(15) Min Capacity: 2048M(100%)
[17.173s][info][gc,heap     ] GC(15) Max Capacity: 2048M(100%)
[17.173s][info][gc,heap     ] GC(15) Soft Max Capacity: 2048M(100%)
[17.173s][info][gc,heap     ] GC(15)                Mark Start          Mark End        Relocate Start      Relocate End           High               Low         
[17.173s][info][gc,heap     ] GC(15)  Capacity:     2048M (100%)       2048M (100%)       2048M (100%)       2048M (100%)       2048M (100%)       2048M (100%)   
[17.173s][info][gc,heap     ] GC(15)      Free:     1614M (79%)        1556M (76%)        1658M (81%)        1768M (86%)        1768M (86%)        1556M (76%)    
[17.173s][info][gc,heap     ] GC(15)      Used:      434M (21%)         492M (24%)         390M (19%)         280M (14%)         492M (24%)         280M (14%)    
[17.173s][info][gc,heap     ] GC(15)      Live:         -               187M (9%)          187M (9%)          187M (9%)             -                  -          
[17.173s][info][gc,heap     ] GC(15) Allocated:         -                58M (3%)           58M (3%)           59M (3%)             -                  -          
[17.173s][info][gc,heap     ] GC(15)   Garbage:         -               246M (12%)         144M (7%)           32M (2%)             -                  -          
[17.173s][info][gc,heap     ] GC(15) Reclaimed:         -                  -               102M (5%)          213M (10%)            -                  -          
[17.173s][info][gc          ] GC(15) Garbage Collection (Allocation Rate) 434M(21%)->280M(14%)
[17.213s][info][gc,start    ] GC(16) Garbage Collection (Allocation Rate)
[17.213s][info][gc,task     ] GC(16) Using 2 workers
[17.213s][info][gc,phases   ] GC(16) Pause Mark Start 0.012ms
[17.271s][info][gc,phases   ] GC(16) Concurrent Mark 57.672ms
[17.271s][info][gc,phases   ] GC(16) Pause Mark End 0.020ms
[17.271s][info][gc,phases   ] GC(16) Concurrent Mark Free 0.001ms
[17.292s][info][gc,phases   ] GC(16) Concurrent Process Non-Strong References 20.710ms
[17.292s][info][gc,phases   ] GC(16) Concurrent Reset Relocation Set 0.005ms
[17.294s][info][gc,phases   ] GC(16) Concurrent Select Relocation Set 2.024ms
[17.294s][info][gc,phases   ] GC(16) Pause Relocate Start 0.011ms
[17.296s][info][gc,phases   ] GC(16) Concurrent Relocate 1.377ms
[17.296s][info][gc,load     ] GC(16) Load: 0.00/0.00/0.00
[17.296s][info][gc,mmu      ] GC(16) MMU: 2ms/95.6%, 5ms/98.2%, 10ms/99.0%, 20ms/99.5%, 50ms/99.8%, 100ms/99.9%
[17.296s][info][gc,marking  ] GC(16) Mark: 2 stripe(s), 2 proactive flush(es), 1 terminate flush(es), 0 completion(s), 0 continuation(s) 
[17.296s][info][gc,marking  ] GC(16) Mark Stack Usage: 32M
[17.296s][info][gc,nmethod  ] GC(16) NMethods: 8806 registered, 1048 unregistered
[17.296s][info][gc,metaspace] GC(16) Metaspace: 145M used, 147M committed, 1216M reserved
[17.296s][info][gc,ref      ] GC(16) Soft: 6146 encountered, 0 discovered, 0 enqueued
[17.296s][info][gc,ref      ] GC(16) Weak: 14524 encountered, 2712 discovered, 5 enqueued
[17.296s][info][gc,ref      ] GC(16) Final: 52 encountered, 0 discovered, 0 enqueued
[17.296s][info][gc,ref      ] GC(16) Phantom: 596 encountered, 328 discovered, 0 enqueued
[17.296s][info][gc,reloc    ] GC(16) Small Pages: 43 / 86M, Empty: 0M, Relocated: 1M, In-Place: 0
[17.296s][info][gc,reloc    ] GC(16) Medium Pages: 6 / 192M, Empty: 32M, Relocated: 0M, In-Place: 0
[17.296s][info][gc,reloc    ] GC(16) Large Pages: 2 / 12M, Empty: 12M, Relocated: 0M, In-Place: 0
[17.296s][info][gc,reloc    ] GC(16) Forwarding Usage: 0M
[17.296s][info][gc,heap     ] GC(16) Min Capacity: 2048M(100%)
[17.296s][info][gc,heap     ] GC(16) Max Capacity: 2048M(100%)
[17.296s][info][gc,heap     ] GC(16) Soft Max Capacity: 2048M(100%)
[17.296s][info][gc,heap     ] GC(16)                Mark Start          Mark End        Relocate Start      Relocate End           High               Low         
[17.296s][info][gc,heap     ] GC(16)  Capacity:     2048M (100%)       2048M (100%)       2048M (100%)       2048M (100%)       2048M (100%)       2048M (100%)   
[17.296s][info][gc,heap     ] GC(16)      Free:     1758M (86%)        1690M (83%)        1726M (84%)        1750M (85%)        1758M (86%)        1682M (82%)    
[17.296s][info][gc,heap     ] GC(16)      Used:      290M (14%)         358M (17%)         322M (16%)         298M (15%)         366M (18%)         290M (14%)    
[17.296s][info][gc,heap     ] GC(16)      Live:         -               187M (9%)          187M (9%)          187M (9%)             -                  -          
[17.296s][info][gc,heap     ] GC(16) Allocated:         -                68M (3%)           76M (4%)           75M (4%)             -                  -          
[17.296s][info][gc,heap     ] GC(16)   Garbage:         -               102M (5%)           58M (3%)           34M (2%)             -                  -          
[17.296s][info][gc,heap     ] GC(16) Reclaimed:         -                  -                44M (2%)           67M (3%)             -                  -          
[17.296s][info][gc          ] GC(16) Garbage Collection (Allocation Rate) 290M(14%)->298M(15%)
[17.319s][info][gc,start    ] GC(17) Garbage Collection (Allocation Rate)
[17.319s][info][gc,task     ] GC(17) Using 2 workers
[17.320s][info][gc,phases   ] GC(17) Pause Mark Start 0.009ms
[17.371s][info][gc,phases   ] GC(17) Concurrent Mark 51.388ms
[17.371s][info][gc,phases   ] GC(17) Pause Mark End 0.019ms
[17.371s][info][gc,phases   ] GC(17) Concurrent Mark Free 0.001ms
[17.380s][info][gc,phases   ] GC(17) Concurrent Process Non-Strong References 8.436ms
[17.380s][info][gc,phases   ] GC(17) Concurrent Reset Relocation Set 0.002ms
[17.382s][info][gc,phases   ] GC(17) Concurrent Select Relocation Set 1.827ms
[17.382s][info][gc,phases   ] GC(17) Pause Relocate Start 0.006ms
[17.382s][info][gc,phases   ] GC(17) Concurrent Relocate 0.421ms
[17.382s][info][gc,load     ] GC(17) Load: 0.00/0.00/0.00
[17.382s][info][gc,mmu      ] GC(17) MMU: 2ms/95.6%, 5ms/98.2%, 10ms/99.0%, 20ms/99.5%, 50ms/99.8%, 100ms/99.9%
[17.382s][info][gc,marking  ] GC(17) Mark: 2 stripe(s), 2 proactive flush(es), 1 terminate flush(es), 0 completion(s), 0 continuation(s) 
[17.382s][info][gc,marking  ] GC(17) Mark Stack Usage: 32M
[17.382s][info][gc,nmethod  ] GC(17) NMethods: 8914 registered, 1067 unregistered
[17.382s][info][gc,metaspace] GC(17) Metaspace: 145M used, 147M committed, 1216M reserved
[17.382s][info][gc,ref      ] GC(17) Soft: 6151 encountered, 0 discovered, 0 enqueued
[17.382s][info][gc,ref      ] GC(17) Weak: 14720 encountered, 2526 discovered, 163 enqueued
[17.382s][info][gc,ref      ] GC(17) Final: 52 encountered, 0 discovered, 0 enqueued
[17.382s][info][gc,ref      ] GC(17) Phantom: 598 encountered, 340 discovered, 2 enqueued
[17.382s][info][gc,reloc    ] GC(17) Small Pages: 49 / 98M, Empty: 0M, Relocated: 0M, In-Place: 0
[17.382s][info][gc,reloc    ] GC(17) Medium Pages: 6 / 192M, Empty: 32M, Relocated: 0M, In-Place: 0
[17.382s][info][gc,reloc    ] GC(17) Large Pages: 3 / 18M, Empty: 18M, Relocated: 0M, In-Place: 0
[17.382s][info][gc,reloc    ] GC(17) Forwarding Usage: 0M
[17.382s][info][gc,heap     ] GC(17) Min Capacity: 2048M(100%)
[17.382s][info][gc,heap     ] GC(17) Max Capacity: 2048M(100%)
[17.382s][info][gc,heap     ] GC(17) Soft Max Capacity: 2048M(100%)
[17.382s][info][gc,heap     ] GC(17)                Mark Start          Mark End        Relocate Start      Relocate End           High               Low         
[17.382s][info][gc,heap     ] GC(17)  Capacity:     2048M (100%)       2048M (100%)       2048M (100%)       2048M (100%)       2048M (100%)       2048M (100%)   
[17.382s][info][gc,heap     ] GC(17)      Free:     1740M (85%)        1684M (82%)        1728M (84%)        1762M (86%)        1762M (86%)        1678M (82%)    
[17.382s][info][gc,heap     ] GC(17)      Used:      308M (15%)         364M (18%)         320M (16%)         286M (14%)         370M (18%)         286M (14%)    
[17.382s][info][gc,heap     ] GC(17)      Live:         -               187M (9%)          187M (9%)          187M (9%)             -                  -          
[17.382s][info][gc,heap     ] GC(17) Allocated:         -                56M (3%)           62M (3%)           61M (3%)             -                  -          
[17.382s][info][gc,heap     ] GC(17)   Garbage:         -               120M (6%)           70M (3%)           36M (2%)             -                  -          
[17.382s][info][gc,heap     ] GC(17) Reclaimed:         -                  -                50M (2%)           83M (4%)             -                  -          
[17.382s][info][gc          ] GC(17) Garbage Collection (Allocation Rate) 308M(15%)->286M(14%)
[19.441s][info][gc,start    ] GC(18) Garbage Collection (System.gc())
[19.441s][info][gc,task     ] GC(18) Using 2 workers
[19.442s][info][gc,phases   ] GC(18) Pause Mark Start 0.005ms
[19.503s][info][gc,phases   ] GC(18) Concurrent Mark 61.300ms
[19.503s][info][gc,phases   ] GC(18) Pause Mark End 0.044ms
[19.503s][info][gc,phases   ] GC(18) Concurrent Mark Free 0.003ms
[19.516s][info][gc,phases   ] GC(18) Concurrent Process Non-Strong References 12.590ms
[19.516s][info][gc,phases   ] GC(18) Concurrent Reset Relocation Set 0.001ms
[19.520s][info][gc,phases   ] GC(18) Concurrent Select Relocation Set 3.718ms
[19.520s][info][gc,phases   ] GC(18) Pause Relocate Start 0.009ms
[19.527s][info][gc,phases   ] GC(18) Concurrent Relocate 7.378ms
[19.528s][info][gc,load     ] GC(18) Load: 0.00/0.00/0.00
[19.528s][info][gc,mmu      ] GC(18) MMU: 2ms/95.6%, 5ms/98.2%, 10ms/99.0%, 20ms/99.5%, 50ms/99.8%, 100ms/99.9%
[19.528s][info][gc,marking  ] GC(18) Mark: 2 stripe(s), 2 proactive flush(es), 1 terminate flush(es), 0 completion(s), 0 continuation(s) 
[19.528s][info][gc,marking  ] GC(18) Mark Stack Usage: 32M
[19.528s][info][gc,nmethod  ] GC(18) NMethods: 11438 registered, 472 unregistered
[19.528s][info][gc,metaspace] GC(18) Metaspace: 148M used, 150M committed, 1216M reserved
[19.528s][info][gc,ref      ] GC(18) Soft: 6325 encountered, 0 discovered, 0 enqueued
[19.528s][info][gc,ref      ] GC(18) Weak: 18319 encountered, 5704 discovered, 3256 enqueued
[19.528s][info][gc,ref      ] GC(18) Final: 52 encountered, 0 discovered, 0 enqueued
[19.528s][info][gc,ref      ] GC(18) Phantom: 696 encountered, 419 discovered, 98 enqueued
[19.528s][info][gc,reloc    ] GC(18) Small Pages: 275 / 550M, Empty: 12M, Relocated: 10M, In-Place: 0
[19.528s][info][gc,reloc    ] GC(18) Medium Pages: 11 / 352M, Empty: 160M, Relocated: 21M, In-Place: 0
[19.528s][info][gc,reloc    ] GC(18) Large Pages: 57 / 342M, Empty: 342M, Relocated: 0M, In-Place: 0
[19.528s][info][gc,reloc    ] GC(18) Forwarding Usage: 2M
[19.528s][info][gc,heap     ] GC(18) Min Capacity: 2048M(100%)
[19.528s][info][gc,heap     ] GC(18) Max Capacity: 2048M(100%)
[19.528s][info][gc,heap     ] GC(18) Soft Max Capacity: 2048M(100%)
[19.528s][info][gc,heap     ] GC(18)                Mark Start          Mark End        Relocate Start      Relocate End           High               Low         
[19.528s][info][gc,heap     ] GC(18)  Capacity:     2048M (100%)       2048M (100%)       2048M (100%)       2048M (100%)       2048M (100%)       2048M (100%)   
[19.528s][info][gc,heap     ] GC(18)      Free:      804M (39%)         804M (39%)        1306M (64%)        1872M (91%)        1872M (91%)         804M (39%)    
[19.528s][info][gc,heap     ] GC(18)      Used:     1244M (61%)        1244M (61%)         742M (36%)         176M (9%)         1244M (61%)         176M (9%)     
[19.528s][info][gc,heap     ] GC(18)      Live:         -               130M (6%)          130M (6%)          130M (6%)             -                  -          
[19.528s][info][gc,heap     ] GC(18) Allocated:         -                 0M (0%)           12M (1%)           13M (1%)             -                  -          
[19.528s][info][gc,heap     ] GC(18)   Garbage:         -              1113M (54%)         599M (29%)          31M (2%)             -                  -          
[19.528s][info][gc,heap     ] GC(18) Reclaimed:         -                  -               514M (25%)        1081M (53%)            -                  -          
[19.528s][info][gc          ] GC(18) Garbage Collection (System.gc()) 1244M(61%)->176M(9%)
[19.902s][info][gc,start    ] GC(19) Garbage Collection (Allocation Rate)
[19.902s][info][gc,task     ] GC(19) Using 2 workers
[19.902s][info][gc,phases   ] GC(19) Pause Mark Start 0.008ms
[20.063s][info][gc,phases   ] GC(19) Concurrent Mark 160.845ms
[20.063s][info][gc,phases   ] GC(19) Pause Mark End 0.086ms
[20.063s][info][gc,phases   ] GC(19) Concurrent Mark Free 0.001ms
[20.095s][info][gc,phases   ] GC(19) Concurrent Process Non-Strong References 31.289ms
[20.095s][info][gc,phases   ] GC(19) Concurrent Reset Relocation Set 0.023ms
[20.098s][info][gc,phases   ] GC(19) Concurrent Select Relocation Set 3.052ms
[20.098s][info][gc,phases   ] GC(19) Pause Relocate Start 0.012ms
[20.109s][info][gc,phases   ] GC(19) Concurrent Relocate 11.145ms
[20.109s][info][gc,load     ] GC(19) Load: 0.00/0.00/0.00
[20.109s][info][gc,mmu      ] GC(19) MMU: 2ms/95.6%, 5ms/98.2%, 10ms/99.0%, 20ms/99.5%, 50ms/99.8%, 100ms/99.9%
[20.109s][info][gc,marking  ] GC(19) Mark: 2 stripe(s), 2 proactive flush(es), 1 terminate flush(es), 1 completion(s), 0 continuation(s) 
[20.109s][info][gc,marking  ] GC(19) Mark Stack Usage: 32M
[20.109s][info][gc,nmethod  ] GC(19) NMethods: 11850 registered, 548 unregistered
[20.109s][info][gc,metaspace] GC(19) Metaspace: 149M used, 150M committed, 1216M reserved
[20.109s][info][gc,ref      ] GC(19) Soft: 6340 encountered, 0 discovered, 0 enqueued
[20.109s][info][gc,ref      ] GC(19) Weak: 15502 encountered, 2906 discovered, 230 enqueued
[20.109s][info][gc,ref      ] GC(19) Final: 52 encountered, 0 discovered, 0 enqueued
[20.109s][info][gc,ref      ] GC(19) Phantom: 601 encountered, 478 discovered, 3 enqueued
[20.109s][info][gc,reloc    ] GC(19) Small Pages: 629 / 1258M, Empty: 916M, Relocated: 10M, In-Place: 0
[20.109s][info][gc,reloc    ] GC(19) Medium Pages: 6 / 192M, Empty: 0M, Relocated: 23M, In-Place: 0
[20.109s][info][gc,reloc    ] GC(19) Large Pages: 6 / 36M, Empty: 36M, Relocated: 0M, In-Place: 0
[20.109s][info][gc,reloc    ] GC(19) Forwarding Usage: 1M
[20.109s][info][gc,heap     ] GC(19) Min Capacity: 2048M(100%)
[20.109s][info][gc,heap     ] GC(19) Max Capacity: 2048M(100%)
[20.109s][info][gc,heap     ] GC(19) Soft Max Capacity: 2048M(100%)
[20.109s][info][gc,heap     ] GC(19)                Mark Start          Mark End        Relocate Start      Relocate End           High               Low         
[20.110s][info][gc,heap     ] GC(19)  Capacity:     2048M (100%)       2048M (100%)       2048M (100%)       2048M (100%)       2048M (100%)       2048M (100%)   
[20.110s][info][gc,heap     ] GC(19)      Free:      562M (27%)         190M (9%)         1062M (52%)        1372M (67%)        1378M (67%)         112M (5%)     
[20.110s][info][gc,heap     ] GC(19)      Used:     1486M (73%)        1858M (91%)         986M (48%)         676M (33%)        1936M (95%)         670M (33%)    
[20.110s][info][gc,heap     ] GC(19)      Live:         -               158M (8%)          158M (8%)          158M (8%)             -                  -          
[20.110s][info][gc,heap     ] GC(19) Allocated:         -               372M (18%)         452M (22%)         477M (23%)            -                  -          
[20.110s][info][gc,heap     ] GC(19)   Garbage:         -              1327M (65%)         375M (18%)          39M (2%)             -                  -          
[20.110s][info][gc,stats    ] === Garbage Collection Statistics =======================================================================================================================
[20.110s][info][gc,heap     ] GC(19) Reclaimed:         -                  -               952M (46%)        1287M (63%)            -                  -          
[20.110s][info][gc,stats    ]                                                              Last 10s              Last 10m              Last 10h                Total
[20.110s][info][gc          ] GC(19) Garbage Collection (Allocation Rate) 1486M(73%)->676M(33%)
[20.110s][info][gc,stats    ]                                                              Avg / Max             Avg / Max             Avg / Max             Avg / Max
[20.110s][info][gc,stats    ]   Collector: Garbage Collection Cycle                    116.169 / 235.178     105.754 / 235.178     105.754 / 235.178     105.754 / 235.178     ms
[20.110s][info][gc,stats    ]  Contention: Mark Segment Reset Contention                     1 / 7                 0 / 7                 0 / 7                 0 / 7           ops/s
[20.110s][info][gc,stats    ]  Contention: Mark SeqNum Reset Contention                      0 / 1                 0 / 1                 0 / 1                 0 / 1           ops/s
[20.110s][info][gc,stats    ]    Critical: Allocation Stall                                  0 / 0                 0 / 0                 0 / 0                 0 / 0           ops/s
[20.110s][info][gc,stats    ]    Critical: Allocation Stall                              0.000 / 0.000         0.000 / 0.000         0.000 / 0.000         0.000 / 0.000       ms
[20.110s][info][gc,stats    ]    Critical: GC Locker Stall                                   0 / 0                 0 / 1                 0 / 1                 0 / 1           ops/s
[20.110s][info][gc,stats    ]    Critical: GC Locker Stall                               0.000 / 0.000         0.010 / 0.010         0.010 / 0.010         0.010 / 0.010       ms
[20.110s][info][gc,stats    ]    Critical: Relocation Stall                                  0 / 0                 0 / 0                 0 / 0                 0 / 0           ops/s
[20.110s][info][gc,stats    ]    Critical: Relocation Stall                              0.000 / 0.000         0.000 / 0.000         0.000 / 0.000         0.000 / 0.000       ms
[20.110s][info][gc,stats    ]      Memory: Allocation Rate                                 942 / 3030            492 / 3030            492 / 3030            492 / 3030        MB/s
[20.110s][info][gc,stats    ]      Memory: Defragment                                        0 / 0                 0 / 0                 0 / 0                 0 / 0           ops/s
[20.110s][info][gc,stats    ]      Memory: Out Of Memory                                     0 / 0                 0 / 0                 0 / 0                 0 / 0           ops/s
[20.110s][info][gc,stats    ]      Memory: Page Cache Flush                                  0 / 0                 0 / 0                 0 / 0                 0 / 0           MB/s
[20.110s][info][gc,stats    ]      Memory: Page Cache Hit L1                               325 / 1168            167 / 1168            167 / 1168            167 / 1168        ops/s
[20.110s][info][gc,stats    ]      Memory: Page Cache Hit L2                                 0 / 0                 0 / 0                 0 / 0                 0 / 0           ops/s
[20.110s][info][gc,stats    ]      Memory: Page Cache Hit L3                                74 / 265              41 / 265              41 / 265              41 / 265         ops/s
[20.110s][info][gc,stats    ]      Memory: Page Cache Miss                                   0 / 0                 0 / 1                 0 / 1                 0 / 1           ops/s
[20.110s][info][gc,stats    ]      Memory: Uncommit                                          0 / 0                 0 / 0                 0 / 0                 0 / 0           MB/s
[20.110s][info][gc,stats    ]      Memory: Undo Object Allocation Failed                     0 / 0                 0 / 0                 0 / 0                 0 / 0           ops/s
[20.110s][info][gc,stats    ]      Memory: Undo Object Allocation Succeeded                  2 / 18                1 / 18                1 / 18                1 / 18          ops/s
[20.110s][info][gc,stats    ]      Memory: Undo Page Allocation                              0 / 2                 0 / 2                 0 / 2                 0 / 2           ops/s
[20.110s][info][gc,stats    ]       Phase: Concurrent Mark                              77.378 / 160.845      70.538 / 160.845      70.538 / 160.845      70.538 / 160.845     ms
[20.110s][info][gc,stats    ]       Phase: Concurrent Mark Continue                      0.000 / 0.000         0.000 / 0.000         0.000 / 0.000         0.000 / 0.000       ms
[20.110s][info][gc,stats    ]       Phase: Concurrent Mark Free                          0.001 / 0.003         0.001 / 0.003         0.001 / 0.003         0.001 / 0.003       ms
[20.110s][info][gc,stats    ]       Phase: Concurrent Process Non-Strong References     22.301 / 63.816       19.516 / 63.816       19.516 / 63.816       19.516 / 63.816      ms
[20.110s][info][gc,stats    ]       Phase: Concurrent Relocate                          12.829 / 78.506       11.843 / 78.506       11.843 / 78.506       11.843 / 78.506      ms
[20.110s][info][gc,stats    ]       Phase: Concurrent Reset Relocation Set               0.005 / 0.023         0.005 / 0.023         0.005 / 0.023         0.005 / 0.023       ms
[20.110s][info][gc,stats    ]       Phase: Concurrent Select Relocation Set              2.528 / 3.718         2.720 / 6.265         2.720 / 6.265         2.720 / 6.265       ms
[20.110s][info][gc,stats    ]       Phase: Pause Mark End                                0.029 / 0.089         0.030 / 0.089         0.030 / 0.089         0.030 / 0.089       ms
[20.110s][info][gc,stats    ]       Phase: Pause Mark Start                              0.007 / 0.012         0.008 / 0.014         0.008 / 0.014         0.008 / 0.014       ms
[20.110s][info][gc,stats    ]       Phase: Pause Relocate Start                          0.010 / 0.018         0.010 / 0.018         0.010 / 0.018         0.010 / 0.018       ms
[20.110s][info][gc,stats    ]    Subphase: Concurrent Classes Purge                      0.401 / 1.226         0.395 / 1.226         0.395 / 1.226         0.395 / 1.226       ms
[20.110s][info][gc,stats    ]    Subphase: Concurrent Classes Unlink                    12.523 / 27.569       10.991 / 27.569       10.991 / 27.569       10.991 / 27.569      ms
[20.110s][info][gc,stats    ]    Subphase: Concurrent Mark                              66.710 / 147.243      60.372 / 147.243      60.372 / 147.243      60.372 / 147.243     ms
[20.110s][info][gc,stats    ]    Subphase: Concurrent Mark Try Flush                     4.693 / 29.293        3.990 / 29.293        3.990 / 29.293        3.990 / 29.293      ms
[20.110s][info][gc,stats    ]    Subphase: Concurrent Mark Try Terminate                 6.884 / 22.417        6.444 / 22.417        6.444 / 22.417        6.444 / 22.417      ms
[20.110s][info][gc,stats    ]    Subphase: Concurrent References Enqueue                 0.006 / 0.016         0.006 / 0.016         0.006 / 0.016         0.006 / 0.016       ms
[20.110s][info][gc,stats    ]    Subphase: Concurrent References Process                 0.410 / 0.829         0.383 / 0.829         0.383 / 0.829         0.383 / 0.829       ms
[20.110s][info][gc,stats    ]    Subphase: Concurrent Roots ClassLoaderDataGraph         0.196 / 0.391         0.190 / 0.452         0.190 / 0.452         0.190 / 0.452       ms
[20.110s][info][gc,stats    ]    Subphase: Concurrent Roots CodeCache                    0.000 / 0.000         0.000 / 0.000         0.000 / 0.000         0.000 / 0.000       ms
[20.110s][info][gc,stats    ]    Subphase: Concurrent Roots JavaThreads                  6.066 / 13.179        5.491 / 13.179        5.491 / 13.179        5.491 / 13.179      ms
[20.110s][info][gc,stats    ]    Subphase: Concurrent Roots OopStorageSet                0.061 / 0.177         0.058 / 0.177         0.058 / 0.177         0.058 / 0.177       ms
[20.110s][info][gc,stats    ]    Subphase: Concurrent Weak Roots OopStorageSet           1.037 / 1.641         0.978 / 1.641         0.978 / 1.641         0.978 / 1.641       ms
[20.110s][info][gc,stats    ]    Subphase: Pause Mark Try Complete                       0.007 / 0.013         0.006 / 0.013         0.006 / 0.013         0.006 / 0.013       ms
[20.110s][info][gc,stats    ]      System: Java Threads                                    100 / 276              89 / 276              89 / 276              89 / 276         threads
[20.110s][info][gc,stats    ] =========================================================================================================================================================
[20.207s][info][gc,start    ] GC(20) Garbage Collection (Allocation Rate)
[20.207s][info][gc,task     ] GC(20) Using 2 workers
[20.207s][info][gc,phases   ] GC(20) Pause Mark Start 0.008ms
[20.273s][info][gc,phases   ] GC(20) Concurrent Mark 65.682ms
[20.273s][info][gc,phases   ] GC(20) Pause Mark End 0.058ms
[20.273s][info][gc,phases   ] GC(20) Concurrent Mark Free 0.001ms
[20.285s][info][gc,phases   ] GC(20) Concurrent Process Non-Strong References 11.579ms
[20.285s][info][gc,phases   ] GC(20) Concurrent Reset Relocation Set 0.015ms
[20.287s][info][gc,phases   ] GC(20) Concurrent Select Relocation Set 1.843ms
[20.287s][info][gc,phases   ] GC(20) Pause Relocate Start 0.008ms
[20.300s][info][gc,phases   ] GC(20) Concurrent Relocate 13.211ms
[20.300s][info][gc,load     ] GC(20) Load: 0.00/0.00/0.00
[20.300s][info][gc,mmu      ] GC(20) MMU: 2ms/95.6%, 5ms/98.2%, 10ms/99.0%, 20ms/99.5%, 50ms/99.8%, 100ms/99.9%
[20.300s][info][gc,marking  ] GC(20) Mark: 2 stripe(s), 2 proactive flush(es), 1 terminate flush(es), 1 completion(s), 0 continuation(s) 
[20.300s][info][gc,marking  ] GC(20) Mark Stack Usage: 32M
[20.300s][info][gc,nmethod  ] GC(20) NMethods: 11903 registered, 560 unregistered
[20.300s][info][gc,metaspace] GC(20) Metaspace: 149M used, 150M committed, 1216M reserved
[20.300s][info][gc,ref      ] GC(20) Soft: 6328 encountered, 0 discovered, 0 enqueued
[20.300s][info][gc,ref      ] GC(20) Weak: 15330 encountered, 2177 discovered, 9 enqueued
[20.300s][info][gc,ref      ] GC(20) Final: 52 encountered, 0 discovered, 0 enqueued
[20.300s][info][gc,ref      ] GC(20) Phantom: 598 encountered, 465 discovered, 0 enqueued
[20.300s][info][gc,reloc    ] GC(20) Small Pages: 363 / 726M, Empty: 440M, Relocated: 3M, In-Place: 0
[20.300s][info][gc,reloc    ] GC(20) Medium Pages: 9 / 288M, Empty: 0M, Relocated: 82M, In-Place: 0
[20.300s][info][gc,reloc    ] GC(20) Large Pages: 1 / 6M, Empty: 6M, Relocated: 0M, In-Place: 0
[20.300s][info][gc,reloc    ] GC(20) Forwarding Usage: 0M
[20.300s][info][gc,heap     ] GC(20) Min Capacity: 2048M(100%)
[20.301s][info][gc,heap     ] GC(20) Max Capacity: 2048M(100%)
[20.301s][info][gc,heap     ] GC(20) Soft Max Capacity: 2048M(100%)
[20.301s][info][gc,heap     ] GC(20)                Mark Start          Mark End        Relocate Start      Relocate End           High               Low         
[20.301s][info][gc,heap     ] GC(20)  Capacity:     2048M (100%)       2048M (100%)       2048M (100%)       2048M (100%)       2048M (100%)       2048M (100%)   
[20.301s][info][gc,heap     ] GC(20)      Free:     1028M (50%)         944M (46%)        1388M (68%)        1734M (85%)        1734M (85%)         944M (46%)    
[20.301s][info][gc,heap     ] GC(20)      Used:     1020M (50%)        1104M (54%)         660M (32%)         314M (15%)        1104M (54%)         314M (15%)    
[20.301s][info][gc,heap     ] GC(20)      Live:         -               190M (9%)          190M (9%)          190M (9%)             -                  -          
[20.301s][info][gc,heap     ] GC(20) Allocated:         -                84M (4%)           86M (4%)           85M (4%)             -                  -          
[20.301s][info][gc,heap     ] GC(20)   Garbage:         -               829M (41%)         383M (19%)          37M (2%)             -                  -          
[20.301s][info][gc,heap     ] GC(20) Reclaimed:         -                  -               446M (22%)         791M (39%)            -                  -          
[20.301s][info][gc          ] GC(20) Garbage Collection (Allocation Rate) 1020M(50%)->314M(15%)
[20.304s][info][gc,start    ] GC(21) Garbage Collection (Allocation Rate)
[20.304s][info][gc,task     ] GC(21) Using 2 workers
[20.304s][info][gc,phases   ] GC(21) Pause Mark Start 0.008ms
[20.369s][info][gc,phases   ] GC(21) Concurrent Mark 65.432ms
[20.369s][info][gc,phases   ] GC(21) Pause Mark End 0.057ms
[20.370s][info][gc,phases   ] GC(21) Concurrent Mark Free 0.001ms
[20.380s][info][gc,phases   ] GC(21) Concurrent Process Non-Strong References 10.826ms
[20.380s][info][gc,phases   ] GC(21) Concurrent Reset Relocation Set 0.007ms
[20.382s][info][gc,phases   ] GC(21) Concurrent Select Relocation Set 1.905ms
[20.382s][info][gc,phases   ] GC(21) Pause Relocate Start 0.008ms
[20.383s][info][gc,phases   ] GC(21) Concurrent Relocate 0.919ms
[20.384s][info][gc,load     ] GC(21) Load: 0.00/0.00/0.00
[20.384s][info][gc,mmu      ] GC(21) MMU: 2ms/95.6%, 5ms/98.2%, 10ms/99.0%, 20ms/99.5%, 50ms/99.8%, 100ms/99.9%
[20.384s][info][gc,marking  ] GC(21) Mark: 2 stripe(s), 2 proactive flush(es), 1 terminate flush(es), 1 completion(s), 0 continuation(s) 
[20.384s][info][gc,marking  ] GC(21) Mark Stack Usage: 32M
[20.384s][info][gc,nmethod  ] GC(21) NMethods: 11942 registered, 568 unregistered
[20.384s][info][gc,metaspace] GC(21) Metaspace: 149M used, 150M committed, 1216M reserved
[20.384s][info][gc,ref      ] GC(21) Soft: 6328 encountered, 0 discovered, 0 enqueued
[20.384s][info][gc,ref      ] GC(21) Weak: 15478 encountered, 1683 discovered, 147 enqueued
[20.384s][info][gc,ref      ] GC(21) Final: 52 encountered, 0 discovered, 0 enqueued
[20.384s][info][gc,ref      ] GC(21) Phantom: 598 encountered, 505 discovered, 0 enqueued
[20.384s][info][gc,reloc    ] GC(21) Small Pages: 52 / 104M, Empty: 0M, Relocated: 1M, In-Place: 0
[20.384s][info][gc,reloc    ] GC(21) Medium Pages: 6 / 192M, Empty: 32M, Relocated: 0M, In-Place: 0
[20.384s][info][gc,reloc    ] GC(21) Large Pages: 3 / 18M, Empty: 18M, Relocated: 0M, In-Place: 0
[20.384s][info][gc,reloc    ] GC(21) Forwarding Usage: 0M
[20.384s][info][gc,heap     ] GC(21) Min Capacity: 2048M(100%)
[20.384s][info][gc,heap     ] GC(21) Max Capacity: 2048M(100%)
[20.384s][info][gc,heap     ] GC(21) Soft Max Capacity: 2048M(100%)
[20.384s][info][gc,heap     ] GC(21)                Mark Start          Mark End        Relocate Start      Relocate End           High               Low         
[20.384s][info][gc,heap     ] GC(21)  Capacity:     2048M (100%)       2048M (100%)       2048M (100%)       2048M (100%)       2048M (100%)       2048M (100%)   
[20.384s][info][gc,heap     ] GC(21)      Free:     1734M (85%)        1652M (81%)        1698M (83%)        1734M (85%)        1734M (85%)        1650M (81%)    
[20.384s][info][gc,heap     ] GC(21)      Used:      314M (15%)         396M (19%)         350M (17%)         314M (15%)         398M (19%)         314M (15%)    
[20.384s][info][gc,heap     ] GC(21)      Live:         -               190M (9%)          190M (9%)          190M (9%)             -                  -          
[20.384s][info][gc,heap     ] GC(21) Allocated:         -                82M (4%)           86M (4%)           86M (4%)             -                  -          
[20.384s][info][gc,heap     ] GC(21)   Garbage:         -               123M (6%)           73M (4%)           37M (2%)             -                  -          
[20.384s][info][gc,heap     ] GC(21) Reclaimed:         -                  -                50M (2%)           86M (4%)             -                  -          
[20.384s][info][gc          ] GC(21) Garbage Collection (Allocation Rate) 314M(15%)->314M(15%)
[20.410s][info][gc,start    ] GC(22) Garbage Collection (Allocation Rate)
[20.410s][info][gc,task     ] GC(22) Using 2 workers
[20.410s][info][gc,phases   ] GC(22) Pause Mark Start 0.013ms
[20.471s][info][gc,phases   ] GC(22) Concurrent Mark 60.722ms
[20.471s][info][gc,phases   ] GC(22) Pause Mark End 0.022ms
[20.471s][info][gc,phases   ] GC(22) Concurrent Mark Free 0.002ms
[20.482s][info][gc,phases   ] GC(22) Concurrent Process Non-Strong References 10.586ms
[20.482s][info][gc,phases   ] GC(22) Concurrent Reset Relocation Set 0.002ms
[20.484s][info][gc,phases   ] GC(22) Concurrent Select Relocation Set 2.229ms
[20.485s][info][gc,phases   ] GC(22) Pause Relocate Start 0.007ms
[20.485s][info][gc,phases   ] GC(22) Concurrent Relocate 0.883ms
[20.485s][info][gc,load     ] GC(22) Load: 0.00/0.00/0.00
[20.486s][info][gc,mmu      ] GC(22) MMU: 2ms/95.6%, 5ms/98.2%, 10ms/99.0%, 20ms/99.5%, 50ms/99.8%, 100ms/99.9%
[20.486s][info][gc,marking  ] GC(22) Mark: 2 stripe(s), 2 proactive flush(es), 1 terminate flush(es), 0 completion(s), 0 continuation(s) 
[20.486s][info][gc,marking  ] GC(22) Mark Stack Usage: 32M
[20.486s][info][gc,nmethod  ] GC(22) NMethods: 11977 registered, 583 unregistered
[20.486s][info][gc,metaspace] GC(22) Metaspace: 149M used, 150M committed, 1216M reserved
[20.486s][info][gc,ref      ] GC(22) Soft: 6328 encountered, 0 discovered, 0 enqueued
[20.486s][info][gc,ref      ] GC(22) Weak: 15496 encountered, 2559 discovered, 293 enqueued
[20.486s][info][gc,ref      ] GC(22) Final: 52 encountered, 0 discovered, 0 enqueued
[20.486s][info][gc,ref      ] GC(22) Phantom: 598 encountered, 337 discovered, 0 enqueued
[20.486s][info][gc,reloc    ] GC(22) Small Pages: 58 / 116M, Empty: 0M, Relocated: 1M, In-Place: 0
[20.486s][info][gc,reloc    ] GC(22) Medium Pages: 6 / 192M, Empty: 32M, Relocated: 0M, In-Place: 0
[20.486s][info][gc,reloc    ] GC(22) Large Pages: 4 / 24M, Empty: 24M, Relocated: 0M, In-Place: 0
[20.486s][info][gc,reloc    ] GC(22) Forwarding Usage: 0M
[20.486s][info][gc,heap     ] GC(22) Min Capacity: 2048M(100%)
[20.486s][info][gc,heap     ] GC(22) Max Capacity: 2048M(100%)
[20.486s][info][gc,heap     ] GC(22) Soft Max Capacity: 2048M(100%)
[20.486s][info][gc,heap     ] GC(22)                Mark Start          Mark End        Relocate Start      Relocate End           High               Low         
[20.486s][info][gc,heap     ] GC(22)  Capacity:     2048M (100%)       2048M (100%)       2048M (100%)       2048M (100%)       2048M (100%)       2048M (100%)   
[20.486s][info][gc,heap     ] GC(22)      Free:     1716M (84%)        1648M (80%)        1690M (83%)        1738M (85%)        1738M (85%)        1636M (80%)    
[20.486s][info][gc,heap     ] GC(22)      Used:      332M (16%)         400M (20%)         358M (17%)         310M (15%)         412M (20%)         310M (15%)    
[20.486s][info][gc,heap     ] GC(22)      Live:         -               190M (9%)          190M (9%)          190M (9%)             -                  -          
[20.486s][info][gc,heap     ] GC(22) Allocated:         -                68M (3%)           82M (4%)           82M (4%)             -                  -          
[20.486s][info][gc,heap     ] GC(22)   Garbage:         -               141M (7%)           85M (4%)           37M (2%)             -                  -          
[20.486s][info][gc,heap     ] GC(22) Reclaimed:         -                  -                56M (3%)          104M (5%)             -                  -          
[20.486s][info][gc          ] GC(22) Garbage Collection (Allocation Rate) 332M(16%)->310M(15%)
[21.303s][info][gc,start    ] GC(23) Garbage Collection (Allocation Rate)
[21.303s][info][gc,task     ] GC(23) Using 2 workers
[21.304s][info][gc,phases   ] GC(23) Pause Mark Start 0.007ms
[21.366s][info][gc,phases   ] GC(23) Concurrent Mark 62.158ms
[21.366s][info][gc,phases   ] GC(23) Pause Mark End 0.025ms
[21.366s][info][gc,phases   ] GC(23) Concurrent Mark Free 0.001ms
[21.378s][info][gc,phases   ] GC(23) Concurrent Process Non-Strong References 11.703ms
[21.378s][info][gc,phases   ] GC(23) Concurrent Reset Relocation Set 0.004ms
[21.381s][info][gc,phases   ] GC(23) Concurrent Select Relocation Set 2.886ms
[21.381s][info][gc,phases   ] GC(23) Pause Relocate Start 0.007ms
[21.383s][info][gc,phases   ] GC(23) Concurrent Relocate 1.995ms
[21.383s][info][gc,load     ] GC(23) Load: 0.00/0.00/0.00
[21.383s][info][gc,mmu      ] GC(23) MMU: 2ms/95.6%, 5ms/98.2%, 10ms/99.0%, 20ms/99.5%, 50ms/99.8%, 100ms/99.9%
[21.383s][info][gc,marking  ] GC(23) Mark: 2 stripe(s), 2 proactive flush(es), 1 terminate flush(es), 0 completion(s), 0 continuation(s) 
[21.383s][info][gc,marking  ] GC(23) Mark Stack Usage: 32M
[21.383s][info][gc,nmethod  ] GC(23) NMethods: 12538 registered, 689 unregistered
[21.383s][info][gc,metaspace] GC(23) Metaspace: 149M used, 151M committed, 1216M reserved
[21.383s][info][gc,ref      ] GC(23) Soft: 6328 encountered, 0 discovered, 0 enqueued
[21.383s][info][gc,ref      ] GC(23) Weak: 17133 encountered, 3978 discovered, 1892 enqueued
[21.383s][info][gc,ref      ] GC(23) Final: 52 encountered, 0 discovered, 0 enqueued
[21.383s][info][gc,ref      ] GC(23) Phantom: 598 encountered, 345 discovered, 0 enqueued
[21.383s][info][gc,reloc    ] GC(23) Small Pages: 191 / 382M, Empty: 14M, Relocated: 5M, In-Place: 0
[21.383s][info][gc,reloc    ] GC(23) Medium Pages: 9 / 288M, Empty: 128M, Relocated: 0M, In-Place: 0
[21.383s][info][gc,reloc    ] GC(23) Large Pages: 39 / 234M, Empty: 234M, Relocated: 0M, In-Place: 0
[21.383s][info][gc,reloc    ] GC(23) Forwarding Usage: 0M
[21.383s][info][gc,heap     ] GC(23) Min Capacity: 2048M(100%)
[21.383s][info][gc,heap     ] GC(23) Max Capacity: 2048M(100%)
[21.383s][info][gc,heap     ] GC(23) Soft Max Capacity: 2048M(100%)
[21.383s][info][gc,heap     ] GC(23)                Mark Start          Mark End        Relocate Start      Relocate End           High               Low         
[21.383s][info][gc,heap     ] GC(23)  Capacity:     2048M (100%)       2048M (100%)       2048M (100%)       2048M (100%)       2048M (100%)       2048M (100%)   
[21.383s][info][gc,heap     ] GC(23)      Free:     1144M (56%)        1078M (53%)        1436M (70%)        1734M (85%)        1734M (85%)        1064M (52%)    
[21.383s][info][gc,heap     ] GC(23)      Used:      904M (44%)         970M (47%)         612M (30%)         314M (15%)         984M (48%)         314M (15%)    
[21.383s][info][gc,heap     ] GC(23)      Live:         -               193M (9%)          193M (9%)          193M (9%)             -                  -          
[21.383s][info][gc,heap     ] GC(23) Allocated:         -                66M (3%)           84M (4%)           83M (4%)             -                  -          
[21.383s][info][gc,heap     ] GC(23)   Garbage:         -               710M (35%)         334M (16%)          36M (2%)             -                  -          
[21.383s][info][gc,heap     ] GC(23) Reclaimed:         -                  -               376M (18%)         673M (33%)            -                  -          
[21.383s][info][gc          ] GC(23) Garbage Collection (Allocation Rate) 904M(44%)->314M(15%)
[21.801s][info][gc,start    ] GC(24) Garbage Collection (System.gc())
[21.801s][info][gc,task     ] GC(24) Using 2 workers
[21.801s][info][gc,phases   ] GC(24) Pause Mark Start 0.008ms
[21.852s][info][gc,phases   ] GC(24) Concurrent Mark 50.810ms
[21.852s][info][gc,phases   ] GC(24) Pause Mark End 0.031ms
[21.852s][info][gc,phases   ] GC(24) Concurrent Mark Free 0.005ms
[21.864s][info][gc,phases   ] GC(24) Concurrent Process Non-Strong References 12.076ms
[21.865s][info][gc,phases   ] GC(24) Concurrent Reset Relocation Set 0.010ms
[21.866s][info][gc,phases   ] GC(24) Concurrent Select Relocation Set 1.880ms
[21.867s][info][gc,phases   ] GC(24) Pause Relocate Start 0.008ms
[21.873s][info][gc,phases   ] GC(24) Concurrent Relocate 5.977ms
[21.873s][info][gc,load     ] GC(24) Load: 0.00/0.00/0.00
[21.873s][info][gc,mmu      ] GC(24) MMU: 2ms/95.6%, 5ms/98.2%, 10ms/99.0%, 20ms/99.5%, 50ms/99.8%, 100ms/99.9%
[21.873s][info][gc,marking  ] GC(24) Mark: 2 stripe(s), 2 proactive flush(es), 1 terminate flush(es), 0 completion(s), 0 continuation(s) 
[21.873s][info][gc,marking  ] GC(24) Mark Stack Usage: 32M
[21.873s][info][gc,nmethod  ] GC(24) NMethods: 12967 registered, 759 unregistered
[21.873s][info][gc,metaspace] GC(24) Metaspace: 150M used, 151M committed, 1216M reserved
[21.873s][info][gc,ref      ] GC(24) Soft: 6325 encountered, 0 discovered, 0 enqueued
[21.873s][info][gc,ref      ] GC(24) Weak: 16304 encountered, 3492 discovered, 1098 enqueued
[21.873s][info][gc,ref      ] GC(24) Final: 52 encountered, 0 discovered, 0 enqueued
[21.873s][info][gc,ref      ] GC(24) Phantom: 598 encountered, 468 discovered, 0 enqueued
[21.873s][info][gc,reloc    ] GC(24) Small Pages: 132 / 264M, Empty: 4M, Relocated: 6M, In-Place: 0
[21.873s][info][gc,reloc    ] GC(24) Medium Pages: 7 / 224M, Empty: 96M, Relocated: 21M, In-Place: 0
[21.873s][info][gc,reloc    ] GC(24) Large Pages: 17 / 102M, Empty: 102M, Relocated: 0M, In-Place: 0
[21.873s][info][gc,reloc    ] GC(24) Forwarding Usage: 2M
[21.873s][info][gc,heap     ] GC(24) Min Capacity: 2048M(100%)
[21.873s][info][gc,heap     ] GC(24) Max Capacity: 2048M(100%)
[21.873s][info][gc,heap     ] GC(24) Soft Max Capacity: 2048M(100%)
[21.873s][info][gc,heap     ] GC(24)                Mark Start          Mark End        Relocate Start      Relocate End           High               Low         
[21.873s][info][gc,heap     ] GC(24)  Capacity:     2048M (100%)       2048M (100%)       2048M (100%)       2048M (100%)       2048M (100%)       2048M (100%)   
[21.873s][info][gc,heap     ] GC(24)      Free:     1458M (71%)        1458M (71%)        1648M (80%)        1870M (91%)        1870M (91%)        1448M (71%)    
[21.873s][info][gc,heap     ] GC(24)      Used:      590M (29%)         590M (29%)         400M (20%)         178M (9%)          600M (29%)         178M (9%)     
[21.873s][info][gc,heap     ] GC(24)      Live:         -               129M (6%)          129M (6%)          129M (6%)             -                  -          
[21.873s][info][gc,heap     ] GC(24) Allocated:         -                 0M (0%)           12M (1%)           17M (1%)             -                  -          
[21.873s][info][gc,heap     ] GC(24)   Garbage:         -               460M (23%)         258M (13%)          31M (2%)             -                  -          
[21.873s][info][gc,heap     ] GC(24) Reclaimed:         -                  -               202M (10%)         429M (21%)            -                  -          
[21.873s][info][gc          ] GC(24) Garbage Collection (System.gc()) 590M(29%)->178M(9%)
[22.206s][info][gc,start    ] GC(25) Garbage Collection (Allocation Rate)
[22.206s][info][gc,task     ] GC(25) Using 2 workers
[22.206s][info][gc,phases   ] GC(25) Pause Mark Start 0.011ms
[22.272s][info][gc          ] Allocation Stall (Executor task launch worker for task 4.0 in stage 95.0 (TID 386)) 0.101ms
[22.284s][info][gc,phases   ] GC(25) Concurrent Mark 78.016ms
[22.284s][info][gc,phases   ] GC(25) Pause Mark End 0.025ms
[22.284s][info][gc,phases   ] GC(25) Concurrent Mark Free 0.002ms
[22.297s][info][gc,phases   ] GC(25) Concurrent Process Non-Strong References 12.653ms
[22.297s][info][gc,phases   ] GC(25) Concurrent Reset Relocation Set 0.007ms
[22.297s][info][gc          ] Allocation Stall (Executor task launch worker for task 2.0 in stage 95.0 (TID 384)) 24.134ms
[22.297s][info][gc          ] Allocation Stall (Executor task launch worker for task 4.0 in stage 95.0 (TID 386)) 23.627ms
[22.297s][info][gc          ] Allocation Stall (Executor task launch worker for task 1.0 in stage 95.0 (TID 383)) 24.877ms
[22.297s][info][gc          ] Allocation Stall (Executor task launch worker for task 0.0 in stage 95.0 (TID 382)) 23.940ms
[22.297s][info][gc          ] Allocation Stall (Executor task launch worker for task 3.0 in stage 95.0 (TID 385)) 23.348ms
[22.301s][info][gc,phases   ] GC(25) Concurrent Select Relocation Set 3.853ms
[22.301s][info][gc,phases   ] GC(25) Pause Relocate Start 0.009ms
[22.325s][info][gc,phases   ] GC(25) Concurrent Relocate 24.137ms
[22.326s][info][gc,load     ] GC(25) Load: 0.00/0.00/0.00
[22.326s][info][gc,mmu      ] GC(25) MMU: 2ms/95.6%, 5ms/98.2%, 10ms/99.0%, 20ms/99.5%, 50ms/99.8%, 100ms/99.9%
[22.326s][info][gc,marking  ] GC(25) Mark: 2 stripe(s), 2 proactive flush(es), 1 terminate flush(es), 0 completion(s), 0 continuation(s) 
[22.326s][info][gc,marking  ] GC(25) Mark Stack Usage: 32M
[22.326s][info][gc,nmethod  ] GC(25) NMethods: 13193 registered, 807 unregistered
[22.326s][info][gc,metaspace] GC(25) Metaspace: 150M used, 151M committed, 1216M reserved
[22.326s][info][gc,ref      ] GC(25) Soft: 6338 encountered, 0 discovered, 0 enqueued
[22.326s][info][gc,ref      ] GC(25) Weak: 15522 encountered, 5048 discovered, 221 enqueued
[22.326s][info][gc,ref      ] GC(25) Final: 52 encountered, 0 discovered, 0 enqueued
[22.326s][info][gc,ref      ] GC(25) Phantom: 598 encountered, 323 discovered, 0 enqueued
[22.326s][info][gc,reloc    ] GC(25) Small Pages: 745 / 1490M, Empty: 1094M, Relocated: 6M, In-Place: 0
[22.326s][info][gc,reloc    ] GC(25) Medium Pages: 8 / 256M, Empty: 0M, Relocated: 82M, In-Place: 0
[22.326s][info][gc,reloc    ] GC(25) Large Pages: 6 / 36M, Empty: 36M, Relocated: 0M, In-Place: 0
[22.326s][info][gc,reloc    ] GC(25) Forwarding Usage: 0M
[22.326s][info][gc,heap     ] GC(25) Min Capacity: 2048M(100%)
[22.326s][info][gc,heap     ] GC(25) Max Capacity: 2048M(100%)
[22.326s][info][gc,heap     ] GC(25) Soft Max Capacity: 2048M(100%)
[22.326s][info][gc,heap     ] GC(25)                Mark Start          Mark End        Relocate Start      Relocate End           High               Low         
[22.326s][info][gc,heap     ] GC(25)  Capacity:     2048M (100%)       2048M (100%)       2048M (100%)       2048M (100%)       2048M (100%)       2048M (100%)   
[22.326s][info][gc,heap     ] GC(25)      Free:      266M (13%)           0M (0%)         1110M (54%)        1462M (71%)        1462M (71%)           0M (0%)     
[22.326s][info][gc,heap     ] GC(25)      Used:     1782M (87%)        2048M (100%)        938M (46%)         586M (29%)        2048M (100%)        586M (29%)    
[22.326s][info][gc,heap     ] GC(25)      Live:         -               173M (8%)          173M (8%)          173M (8%)             -                  -          
[22.326s][info][gc,heap     ] GC(25) Allocated:         -               266M (13%)         286M (14%)         373M (18%)            -                  -          
[22.326s][info][gc,heap     ] GC(25)   Garbage:         -              1608M (79%)         478M (23%)          38M (2%)             -                  -          
[22.326s][info][gc,heap     ] GC(25) Reclaimed:         -                  -              1130M (55%)        1569M (77%)            -                  -          
[22.326s][info][gc          ] GC(25) Garbage Collection (Allocation Rate) 1782M(87%)->586M(29%)
[22.412s][info][gc,start    ] GC(26) Garbage Collection (Allocation Stall)
[22.412s][info][gc,ref      ] GC(26) Clearing All SoftReferences
[22.412s][info][gc,task     ] GC(26) Using 2 workers
[22.412s][info][gc,ref      ] GC(26) Clearing All SoftReferences
[22.412s][info][gc,phases   ] GC(26) Pause Mark Start 0.048ms
[22.454s][info][gc,phases   ] GC(26) Concurrent Mark 42.606ms
[22.455s][info][gc,phases   ] GC(26) Pause Mark End 0.018ms
[22.455s][info][gc,phases   ] GC(26) Concurrent Mark Free 0.001ms
[22.481s][info][gc,phases   ] GC(26) Concurrent Process Non-Strong References 26.242ms
[22.481s][info][gc,phases   ] GC(26) Concurrent Reset Relocation Set 0.008ms
[22.483s][info][gc,phases   ] GC(26) Concurrent Select Relocation Set 2.472ms
[22.484s][info][gc,phases   ] GC(26) Pause Relocate Start 0.011ms
[22.495s][info][gc,phases   ] GC(26) Concurrent Relocate 11.216ms
[22.495s][info][gc,load     ] GC(26) Load: 0.00/0.00/0.00
[22.495s][info][gc,mmu      ] GC(26) MMU: 2ms/95.6%, 5ms/98.2%, 10ms/99.0%, 20ms/99.5%, 50ms/99.8%, 100ms/99.9%
[22.495s][info][gc,marking  ] GC(26) Mark: 2 stripe(s), 2 proactive flush(es), 1 terminate flush(es), 0 completion(s), 0 continuation(s) 
[22.495s][info][gc,marking  ] GC(26) Mark Stack Usage: 32M
[22.495s][info][gc,nmethod  ] GC(26) NMethods: 13298 registered, 816 unregistered
[22.495s][info][gc,metaspace] GC(26) Metaspace: 150M used, 151M committed, 1216M reserved
[22.495s][info][gc,ref      ] GC(26) Soft: 6126 encountered, 5741 discovered, 2887 enqueued
[22.495s][info][gc,ref      ] GC(26) Weak: 15401 encountered, 2522 discovered, 344 enqueued
[22.495s][info][gc,ref      ] GC(26) Final: 52 encountered, 0 discovered, 0 enqueued
[22.495s][info][gc,ref      ] GC(26) Phantom: 598 encountered, 469 discovered, 0 enqueued
[22.495s][info][gc,reloc    ] GC(26) Small Pages: 243 / 486M, Empty: 262M, Relocated: 6M, In-Place: 0
[22.495s][info][gc,reloc    ] GC(26) Medium Pages: 8 / 256M, Empty: 0M, Relocated: 45M, In-Place: 0
[22.495s][info][gc,reloc    ] GC(26) Large Pages: 2 / 12M, Empty: 12M, Relocated: 0M, In-Place: 0
[22.495s][info][gc,reloc    ] GC(26) Forwarding Usage: 2M
[22.495s][info][gc,heap     ] GC(26) Min Capacity: 2048M(100%)
[22.495s][info][gc,heap     ] GC(26) Max Capacity: 2048M(100%)
[22.495s][info][gc,heap     ] GC(26) Soft Max Capacity: 2048M(100%)
[22.495s][info][gc,heap     ] GC(26)                Mark Start          Mark End        Relocate Start      Relocate End           High               Low         
[22.495s][info][gc,heap     ] GC(26)  Capacity:     2048M (100%)       2048M (100%)       2048M (100%)       2048M (100%)       2048M (100%)       2048M (100%)   
[22.495s][info][gc,heap     ] GC(26)      Free:     1294M (63%)        1230M (60%)        1496M (73%)        1742M (85%)        1748M (85%)        1228M (60%)    
[22.495s][info][gc,heap     ] GC(26)      Used:      754M (37%)         818M (40%)         552M (27%)         306M (15%)         820M (40%)         300M (15%)    
[22.495s][info][gc,heap     ] GC(26)      Live:         -               185M (9%)          185M (9%)          185M (9%)             -                  -          
[22.495s][info][gc,heap     ] GC(26) Allocated:         -                64M (3%)           72M (4%)           79M (4%)             -                  -          
[22.495s][info][gc,heap     ] GC(26)   Garbage:         -               568M (28%)         294M (14%)          40M (2%)             -                  -          
[22.495s][info][gc,heap     ] GC(26) Reclaimed:         -                  -               274M (13%)         527M (26%)            -                  -          
[22.495s][info][gc          ] GC(26) Garbage Collection (Allocation Stall) 754M(37%)->306M(15%)
[22.515s][info][gc,start    ] GC(27) Garbage Collection (Allocation Rate)
[22.515s][info][gc,task     ] GC(27) Using 2 workers
[22.515s][info][gc,phases   ] GC(27) Pause Mark Start 0.007ms
[22.567s][info][gc,phases   ] GC(27) Concurrent Mark 51.565ms
[22.567s][info][gc,phases   ] GC(27) Pause Mark End 0.030ms
[22.567s][info][gc,phases   ] GC(27) Concurrent Mark Free 0.001ms
[22.580s][info][gc,phases   ] GC(27) Concurrent Process Non-Strong References 12.768ms
[22.580s][info][gc,phases   ] GC(27) Concurrent Reset Relocation Set 0.006ms
[22.581s][info][gc,phases   ] GC(27) Concurrent Select Relocation Set 1.746ms
[22.581s][info][gc,phases   ] GC(27) Pause Relocate Start 0.007ms
[22.582s][info][gc,phases   ] GC(27) Concurrent Relocate 0.647ms
[22.582s][info][gc,load     ] GC(27) Load: 0.00/0.00/0.00
[22.582s][info][gc,mmu      ] GC(27) MMU: 2ms/95.6%, 5ms/98.2%, 10ms/99.0%, 20ms/99.5%, 50ms/99.8%, 100ms/99.9%
[22.582s][info][gc,marking  ] GC(27) Mark: 2 stripe(s), 2 proactive flush(es), 1 terminate flush(es), 0 completion(s), 0 continuation(s) 
[22.582s][info][gc,marking  ] GC(27) Mark Stack Usage: 32M
[22.582s][info][gc,nmethod  ] GC(27) NMethods: 13334 registered, 826 unregistered
[22.582s][info][gc,metaspace] GC(27) Metaspace: 150M used, 151M committed, 1216M reserved
[22.582s][info][gc,ref      ] GC(27) Soft: 3263 encountered, 0 discovered, 0 enqueued
[22.582s][info][gc,ref      ] GC(27) Weak: 14891 encountered, 2801 discovered, 156 enqueued
[22.582s][info][gc,ref      ] GC(27) Final: 52 encountered, 0 discovered, 0 enqueued
[22.582s][info][gc,ref      ] GC(27) Phantom: 598 encountered, 393 discovered, 0 enqueued
[22.582s][info][gc,reloc    ] GC(27) Small Pages: 53 / 106M, Empty: 0M, Relocated: 1M, In-Place: 0
[22.582s][info][gc,reloc    ] GC(27) Medium Pages: 6 / 192M, Empty: 32M, Relocated: 0M, In-Place: 0
[22.582s][info][gc,reloc    ] GC(27) Large Pages: 4 / 24M, Empty: 24M, Relocated: 0M, In-Place: 0
[22.582s][info][gc,reloc    ] GC(27) Forwarding Usage: 0M
[22.582s][info][gc,heap     ] GC(27) Min Capacity: 2048M(100%)
[22.582s][info][gc,heap     ] GC(27) Max Capacity: 2048M(100%)
[22.582s][info][gc,heap     ] GC(27) Soft Max Capacity: 2048M(100%)
[22.582s][info][gc,heap     ] GC(27)                Mark Start          Mark End        Relocate Start      Relocate End           High               Low         
[22.582s][info][gc,heap     ] GC(27)  Capacity:     2048M (100%)       2048M (100%)       2048M (100%)       2048M (100%)       2048M (100%)       2048M (100%)   
[22.582s][info][gc,heap     ] GC(27)      Free:     1726M (84%)        1668M (81%)        1720M (84%)        1760M (86%)        1760M (86%)        1666M (81%)    
[22.582s][info][gc,heap     ] GC(27)      Used:      322M (16%)         380M (19%)         328M (16%)         288M (14%)         382M (19%)         288M (14%)    
[22.582s][info][gc,heap     ] GC(27)      Live:         -               185M (9%)          185M (9%)          185M (9%)             -                  -          
[22.582s][info][gc,heap     ] GC(27) Allocated:         -                58M (3%)           62M (3%)           61M (3%)             -                  -          
[22.582s][info][gc,heap     ] GC(27)   Garbage:         -               136M (7%)           80M (4%)           40M (2%)             -                  -          
[22.582s][info][gc,heap     ] GC(27) Reclaimed:         -                  -                56M (3%)           95M (5%)             -                  -          
[22.582s][info][gc          ] GC(27) Garbage Collection (Allocation Rate) 322M(16%)->288M(14%)
[22.614s][info][gc,start    ] GC(28) Garbage Collection (Allocation Rate)
[22.614s][info][gc,task     ] GC(28) Using 2 workers
[22.614s][info][gc,phases   ] GC(28) Pause Mark Start 0.010ms
[22.664s][info][gc,phases   ] GC(28) Concurrent Mark 49.831ms
[22.664s][info][gc,phases   ] GC(28) Pause Mark End 0.032ms
[22.664s][info][gc,phases   ] GC(28) Concurrent Mark Free 0.001ms
[22.677s][info][gc,phases   ] GC(28) Concurrent Process Non-Strong References 12.763ms
[22.677s][info][gc,phases   ] GC(28) Concurrent Reset Relocation Set 0.003ms
[22.679s][info][gc,phases   ] GC(28) Concurrent Select Relocation Set 1.973ms
[22.679s][info][gc,phases   ] GC(28) Pause Relocate Start 0.008ms
[22.681s][info][gc,phases   ] GC(28) Concurrent Relocate 2.463ms
[22.681s][info][gc,load     ] GC(28) Load: 0.00/0.00/0.00
[22.681s][info][gc,mmu      ] GC(28) MMU: 2ms/95.6%, 5ms/98.2%, 10ms/99.0%, 20ms/99.5%, 50ms/99.8%, 100ms/99.9%
[22.681s][info][gc,marking  ] GC(28) Mark: 2 stripe(s), 2 proactive flush(es), 1 terminate flush(es), 0 completion(s), 0 continuation(s) 
[22.682s][info][gc,marking  ] GC(28) Mark Stack Usage: 32M
[22.682s][info][gc,nmethod  ] GC(28) NMethods: 13411 registered, 832 unregistered
[22.682s][info][gc,metaspace] GC(28) Metaspace: 150M used, 151M committed, 1216M reserved
[22.682s][info][gc,ref      ] GC(28) Soft: 3264 encountered, 0 discovered, 0 enqueued
[22.682s][info][gc,ref      ] GC(28) Weak: 14931 encountered, 1384 discovered, 9 enqueued
[22.682s][info][gc,ref      ] GC(28) Final: 52 encountered, 0 discovered, 0 enqueued
[22.682s][info][gc,ref      ] GC(28) Phantom: 598 encountered, 355 discovered, 0 enqueued
[22.682s][info][gc,reloc    ] GC(28) Small Pages: 46 / 92M, Empty: 0M, Relocated: 5M, In-Place: 0
[22.682s][info][gc,reloc    ] GC(28) Medium Pages: 6 / 192M, Empty: 32M, Relocated: 0M, In-Place: 0
[22.682s][info][gc,reloc    ] GC(28) Large Pages: 1 / 6M, Empty: 6M, Relocated: 0M, In-Place: 0
[22.682s][info][gc,reloc    ] GC(28) Forwarding Usage: 1M
[22.682s][info][gc,heap     ] GC(28) Min Capacity: 2048M(100%)
[22.682s][info][gc,heap     ] GC(28) Max Capacity: 2048M(100%)
[22.682s][info][gc,heap     ] GC(28) Soft Max Capacity: 2048M(100%)
[22.682s][info][gc,heap     ] GC(28)                Mark Start          Mark End        Relocate Start      Relocate End           High               Low         
[22.682s][info][gc,heap     ] GC(28)  Capacity:     2048M (100%)       2048M (100%)       2048M (100%)       2048M (100%)       2048M (100%)       2048M (100%)   
[22.682s][info][gc,heap     ] GC(28)      Free:     1758M (86%)        1686M (82%)        1712M (84%)        1742M (85%)        1758M (86%)        1674M (82%)    
[22.682s][info][gc,heap     ] GC(28)      Used:      290M (14%)         362M (18%)         336M (16%)         306M (15%)         374M (18%)         290M (14%)    
[22.682s][info][gc,heap     ] GC(28)      Live:         -               185M (9%)          185M (9%)          185M (9%)             -                  -          
[22.682s][info][gc,heap     ] GC(28) Allocated:         -                72M (4%)           84M (4%)           84M (4%)             -                  -          
[22.682s][info][gc,heap     ] GC(28)   Garbage:         -               104M (5%)           66M (3%)           36M (2%)             -                  -          
[22.682s][info][gc,heap     ] GC(28) Reclaimed:         -                  -                38M (2%)           68M (3%)             -                  -          
[22.682s][info][gc          ] GC(28) Garbage Collection (Allocation Rate) 290M(14%)->306M(15%)
[23.505s][info][gc,start    ] GC(29) Garbage Collection (Allocation Rate)
[23.505s][info][gc,task     ] GC(29) Using 2 workers
[23.505s][info][gc,phases   ] GC(29) Pause Mark Start 0.010ms
[23.561s][info][gc,phases   ] GC(29) Concurrent Mark 55.505ms
[23.561s][info][gc,phases   ] GC(29) Pause Mark End 0.027ms
[23.561s][info][gc,phases   ] GC(29) Concurrent Mark Free 0.002ms
[23.574s][info][gc,phases   ] GC(29) Concurrent Process Non-Strong References 12.713ms
[23.574s][info][gc,phases   ] GC(29) Concurrent Reset Relocation Set 0.002ms
[23.577s][info][gc,phases   ] GC(29) Concurrent Select Relocation Set 2.726ms
[23.577s][info][gc,phases   ] GC(29) Pause Relocate Start 0.012ms
[23.580s][info][gc,phases   ] GC(29) Concurrent Relocate 3.149ms
[23.580s][info][gc,load     ] GC(29) Load: 0.00/0.00/0.00
[23.580s][info][gc,mmu      ] GC(29) MMU: 2ms/95.6%, 5ms/98.2%, 10ms/99.0%, 20ms/99.5%, 50ms/99.8%, 100ms/99.9%
[23.580s][info][gc,marking  ] GC(29) Mark: 2 stripe(s), 2 proactive flush(es), 1 terminate flush(es), 0 completion(s), 0 continuation(s) 
[23.580s][info][gc,marking  ] GC(29) Mark Stack Usage: 32M
[23.580s][info][gc,nmethod  ] GC(29) NMethods: 13693 registered, 889 unregistered
[23.580s][info][gc,metaspace] GC(29) Metaspace: 150M used, 152M committed, 1216M reserved
[23.580s][info][gc,ref      ] GC(29) Soft: 3281 encountered, 0 discovered, 0 enqueued
[23.580s][info][gc,ref      ] GC(29) Weak: 16925 encountered, 4309 discovered, 2036 enqueued
[23.580s][info][gc,ref      ] GC(29) Final: 52 encountered, 0 discovered, 0 enqueued
[23.580s][info][gc,ref      ] GC(29) Phantom: 598 encountered, 366 discovered, 0 enqueued
[23.580s][info][gc,reloc    ] GC(29) Small Pages: 193 / 386M, Empty: 8M, Relocated: 6M, In-Place: 0
[23.580s][info][gc,reloc    ] GC(29) Medium Pages: 9 / 288M, Empty: 128M, Relocated: 0M, In-Place: 0
[23.580s][info][gc,reloc    ] GC(29) Large Pages: 41 / 246M, Empty: 246M, Relocated: 0M, In-Place: 0
[23.580s][info][gc,reloc    ] GC(29) Forwarding Usage: 1M
[23.580s][info][gc,heap     ] GC(29) Min Capacity: 2048M(100%)
[23.580s][info][gc,heap     ] GC(29) Max Capacity: 2048M(100%)
[23.580s][info][gc,heap     ] GC(29) Soft Max Capacity: 2048M(100%)
[23.580s][info][gc,heap     ] GC(29)                Mark Start          Mark End        Relocate Start      Relocate End           High               Low         
[23.580s][info][gc,heap     ] GC(29)  Capacity:     2048M (100%)       2048M (100%)       2048M (100%)       2048M (100%)       2048M (100%)       2048M (100%)   
[23.580s][info][gc,heap     ] GC(29)      Free:     1128M (55%)        1064M (52%)        1430M (70%)        1738M (85%)        1738M (85%)        1052M (51%)    
[23.580s][info][gc,heap     ] GC(29)      Used:      920M (45%)         984M (48%)         618M (30%)         310M (15%)         996M (49%)         310M (15%)    
[23.580s][info][gc,heap     ] GC(29)      Live:         -               189M (9%)          189M (9%)          189M (9%)             -                  -          
[23.580s][info][gc,heap     ] GC(29) Allocated:         -                64M (3%)           80M (4%)           83M (4%)             -                  -          
[23.580s][info][gc,heap     ] GC(29)   Garbage:         -               730M (36%)         348M (17%)          36M (2%)             -                  -          
[23.580s][info][gc,heap     ] GC(29) Reclaimed:         -                  -               382M (19%)         693M (34%)            -                  -          
[23.580s][info][gc          ] GC(29) Garbage Collection (Allocation Rate) 920M(45%)->310M(15%)
[23.970s][info][gc,start    ] GC(30) Garbage Collection (System.gc())
[23.970s][info][gc,task     ] GC(30) Using 2 workers
[23.970s][info][gc,phases   ] GC(30) Pause Mark Start 0.007ms
[24.017s][info][gc,phases   ] GC(30) Concurrent Mark 47.102ms
[24.018s][info][gc,phases   ] GC(30) Pause Mark End 0.033ms
[24.018s][info][gc,phases   ] GC(30) Concurrent Mark Free 0.003ms
[24.031s][info][gc,phases   ] GC(30) Concurrent Process Non-Strong References 13.573ms
[24.031s][info][gc,phases   ] GC(30) Concurrent Reset Relocation Set 0.010ms
[24.034s][info][gc,phases   ] GC(30) Concurrent Select Relocation Set 2.212ms
[24.034s][info][gc,phases   ] GC(30) Pause Relocate Start 0.008ms
[24.038s][info][gc,phases   ] GC(30) Concurrent Relocate 3.792ms
[24.038s][info][gc,load     ] GC(30) Load: 0.00/0.00/0.00
[24.038s][info][gc,mmu      ] GC(30) MMU: 2ms/95.6%, 5ms/98.2%, 10ms/99.0%, 20ms/99.5%, 50ms/99.8%, 100ms/99.9%
[24.038s][info][gc,marking  ] GC(30) Mark: 2 stripe(s), 1 proactive flush(es), 1 terminate flush(es), 0 completion(s), 0 continuation(s) 
[24.038s][info][gc,marking  ] GC(30) Mark Stack Usage: 32M
[24.038s][info][gc,nmethod  ] GC(30) NMethods: 14010 registered, 937 unregistered
[24.038s][info][gc,metaspace] GC(30) Metaspace: 150M used, 152M committed, 1216M reserved
[24.038s][info][gc,ref      ] GC(30) Soft: 3479 encountered, 0 discovered, 0 enqueued
[24.038s][info][gc,ref      ] GC(30) Weak: 16094 encountered, 3628 discovered, 1135 enqueued
[24.038s][info][gc,ref      ] GC(30) Final: 52 encountered, 0 discovered, 0 enqueued
[24.038s][info][gc,ref      ] GC(30) Phantom: 598 encountered, 367 discovered, 0 enqueued
[24.038s][info][gc,reloc    ] GC(30) Small Pages: 126 / 252M, Empty: 8M, Relocated: 4M, In-Place: 0
[24.038s][info][gc,reloc    ] GC(30) Medium Pages: 7 / 224M, Empty: 96M, Relocated: 12M, In-Place: 0
[24.038s][info][gc,reloc    ] GC(30) Large Pages: 16 / 96M, Empty: 96M, Relocated: 0M, In-Place: 0
[24.038s][info][gc,reloc    ] GC(30) Forwarding Usage: 1M
[24.038s][info][gc,heap     ] GC(30) Min Capacity: 2048M(100%)
[24.038s][info][gc,heap     ] GC(30) Max Capacity: 2048M(100%)
[24.038s][info][gc,heap     ] GC(30) Soft Max Capacity: 2048M(100%)
[24.038s][info][gc,heap     ] GC(30)                Mark Start          Mark End        Relocate Start      Relocate End           High               Low         
[24.038s][info][gc,heap     ] GC(30)  Capacity:     2048M (100%)       2048M (100%)       2048M (100%)       2048M (100%)       2048M (100%)       2048M (100%)   
[24.038s][info][gc,heap     ] GC(30)      Free:     1476M (72%)        1476M (72%)        1666M (81%)        1872M (91%)        1874M (92%)        1466M (72%)    
[24.038s][info][gc,heap     ] GC(30)      Used:      572M (28%)         572M (28%)         382M (19%)         176M (9%)          582M (28%)         174M (8%)     
[24.038s][info][gc,heap     ] GC(30)      Live:         -               124M (6%)          124M (6%)          124M (6%)             -                  -          
[24.038s][info][gc,heap     ] GC(30) Allocated:         -                 0M (0%)           10M (0%)           15M (1%)             -                  -          
[24.038s][info][gc,heap     ] GC(30)   Garbage:         -               447M (22%)         247M (12%)          35M (2%)             -                  -          
[24.038s][info][gc,heap     ] GC(30) Reclaimed:         -                  -               200M (10%)         411M (20%)            -                  -          
[24.038s][info][gc          ] GC(30) Garbage Collection (System.gc()) 572M(28%)->176M(9%)
[24.394s][info][gc,start    ] GC(31) Garbage Collection (Allocation Stall)
[24.394s][info][gc,ref      ] GC(31) Clearing All SoftReferences
[24.394s][info][gc,task     ] GC(31) Using 2 workers
[24.394s][info][gc,ref      ] GC(31) Clearing All SoftReferences
[24.394s][info][gc,phases   ] GC(31) Pause Mark Start 0.050ms
[24.443s][info][gc,phases   ] GC(31) Concurrent Mark 48.757ms
[24.443s][info][gc,phases   ] GC(31) Pause Mark End 0.032ms
[24.443s][info][gc,phases   ] GC(31) Concurrent Mark Free 0.002ms
[24.471s][info][gc,phases   ] GC(31) Concurrent Process Non-Strong References 27.088ms
[24.471s][info][gc,phases   ] GC(31) Concurrent Reset Relocation Set 0.005ms
[24.471s][info][gc          ] Allocation Stall (Executor task launch worker for task 0.0 in stage 141.0 (TID 566)) 76.599ms
[24.471s][info][gc          ] Allocation Stall (Executor task launch worker for task 3.0 in stage 141.0 (TID 569)) 76.761ms
[24.471s][info][gc          ] Allocation Stall (Executor task launch worker for task 4.0 in stage 141.0 (TID 570)) 76.291ms
[24.471s][info][gc          ] Allocation Stall (Executor task launch worker for task 2.0 in stage 141.0 (TID 568)) 76.911ms
[24.471s][info][gc          ] Allocation Stall (Executor task launch worker for task 1.0 in stage 141.0 (TID 567)) 76.266ms
[24.473s][info][gc,phases   ] GC(31) Concurrent Select Relocation Set 2.359ms
[24.490s][info][gc,phases   ] GC(31) Pause Relocate Start 0.018ms
[24.513s][info][gc,phases   ] GC(31) Concurrent Relocate 22.552ms
[24.513s][info][gc,load     ] GC(31) Load: 0.00/0.00/0.00
[24.513s][info][gc,mmu      ] GC(31) MMU: 2ms/95.6%, 5ms/98.2%, 10ms/99.0%, 20ms/99.5%, 50ms/99.8%, 100ms/99.9%
[24.513s][info][gc,marking  ] GC(31) Mark: 2 stripe(s), 2 proactive flush(es), 1 terminate flush(es), 0 completion(s), 0 continuation(s) 
[24.513s][info][gc,marking  ] GC(31) Mark Stack Usage: 32M
[24.513s][info][gc,nmethod  ] GC(31) NMethods: 14007 registered, 1126 unregistered
[24.513s][info][gc,metaspace] GC(31) Metaspace: 149M used, 152M committed, 1216M reserved
[24.513s][info][gc,ref      ] GC(31) Soft: 3485 encountered, 3138 discovered, 615 enqueued
[24.513s][info][gc,ref      ] GC(31) Weak: 15083 encountered, 3476 discovered, 371 enqueued
[24.513s][info][gc,ref      ] GC(31) Final: 52 encountered, 0 discovered, 0 enqueued
[24.513s][info][gc,ref      ] GC(31) Phantom: 598 encountered, 323 discovered, 0 enqueued
[24.513s][info][gc,reloc    ] GC(31) Small Pages: 862 / 1724M, Empty: 1280M, Relocated: 8M, In-Place: 0
[24.513s][info][gc,reloc    ] GC(31) Medium Pages: 9 / 288M, Empty: 0M, Relocated: 52M, In-Place: 0
[24.513s][info][gc,reloc    ] GC(31) Large Pages: 6 / 36M, Empty: 36M, Relocated: 0M, In-Place: 0
[24.513s][info][gc,reloc    ] GC(31) Forwarding Usage: 1M
[24.513s][info][gc,heap     ] GC(31) Min Capacity: 2048M(100%)
[24.513s][info][gc,heap     ] GC(31) Max Capacity: 2048M(100%)
[24.513s][info][gc,heap     ] GC(31) Soft Max Capacity: 2048M(100%)
[24.513s][info][gc,heap     ] GC(31)                Mark Start          Mark End        Relocate Start      Relocate End           High               Low         
[24.513s][info][gc,heap     ] GC(31)  Capacity:     2048M (100%)       2048M (100%)       2048M (100%)       2048M (100%)       2048M (100%)       2048M (100%)   
[24.513s][info][gc,heap     ] GC(31)      Free:        0M (0%)            0M (0%)         1272M (62%)        1670M (82%)        1714M (84%)           0M (0%)     
[24.513s][info][gc,heap     ] GC(31)      Used:     2048M (100%)       2048M (100%)        776M (38%)         378M (18%)        2048M (100%)        334M (16%)    
[24.513s][info][gc,heap     ] GC(31)      Live:         -               180M (9%)          180M (9%)          180M (9%)             -                  -          
[24.513s][info][gc,heap     ] GC(31) Allocated:         -                 0M (0%)           44M (2%)          131M (6%)             -                  -          
[24.513s][info][gc,heap     ] GC(31)   Garbage:         -              1867M (91%)         551M (27%)          66M (3%)             -                  -          
[24.513s][info][gc,heap     ] GC(31) Reclaimed:         -                  -              1316M (64%)        1801M (88%)            -                  -          
[24.513s][info][gc          ] GC(31) Garbage Collection (Allocation Stall) 2048M(100%)->378M(18%)
[24.609s][info][gc,start    ] GC(32) Garbage Collection (Allocation Stall)
[24.609s][info][gc,ref      ] GC(32) Clearing All SoftReferences
[24.609s][info][gc,task     ] GC(32) Using 2 workers
[24.609s][info][gc,ref      ] GC(32) Clearing All SoftReferences
[24.609s][info][gc,phases   ] GC(32) Pause Mark Start 0.072ms
[24.672s][info][gc,phases   ] GC(32) Concurrent Mark 62.621ms
[24.672s][info][gc,phases   ] GC(32) Pause Mark End 0.107ms
[24.673s][info][gc,phases   ] GC(32) Concurrent Mark Free 0.001ms
[24.705s][info][gc,phases   ] GC(32) Concurrent Process Non-Strong References 32.060ms
[24.705s][info][gc,phases   ] GC(32) Concurrent Reset Relocation Set 0.010ms
[24.707s][info][gc,phases   ] GC(32) Concurrent Select Relocation Set 2.380ms
[24.707s][info][gc,phases   ] GC(32) Pause Relocate Start 0.009ms
[24.714s][info][gc,phases   ] GC(32) Concurrent Relocate 6.851ms
[24.714s][info][gc,load     ] GC(32) Load: 0.00/0.00/0.00
[24.714s][info][gc,mmu      ] GC(32) MMU: 2ms/94.7%, 5ms/97.9%, 10ms/98.9%, 20ms/99.5%, 50ms/99.8%, 100ms/99.8%
[24.714s][info][gc,marking  ] GC(32) Mark: 2 stripe(s), 3 proactive flush(es), 1 terminate flush(es), 1 completion(s), 0 continuation(s) 
[24.714s][info][gc,marking  ] GC(32) Mark Stack Usage: 32M
[24.714s][info][gc,nmethod  ] GC(32) NMethods: 14074 registered, 1141 unregistered
[24.714s][info][gc,metaspace] GC(32) Metaspace: 150M used, 152M committed, 1216M reserved
[24.714s][info][gc,ref      ] GC(32) Soft: 3335 encountered, 2856 discovered, 339 enqueued
[24.714s][info][gc,ref      ] GC(32) Weak: 14697 encountered, 2392 discovered, 208 enqueued
[24.714s][info][gc,ref      ] GC(32) Final: 52 encountered, 0 discovered, 0 enqueued
[24.714s][info][gc,ref      ] GC(32) Phantom: 598 encountered, 370 discovered, 0 enqueued
[24.714s][info][gc,reloc    ] GC(32) Small Pages: 125 / 250M, Empty: 88M, Relocated: 6M, In-Place: 0
[24.714s][info][gc,reloc    ] GC(32) Medium Pages: 7 / 224M, Empty: 0M, Relocated: 23M, In-Place: 0
[24.714s][info][gc,reloc    ] GC(32) Large Pages: 0 / 0M, Empty: 0M, Relocated: 0M, In-Place: 0
[24.714s][info][gc,reloc    ] GC(32) Forwarding Usage: 2M
[24.714s][info][gc,heap     ] GC(32) Min Capacity: 2048M(100%)
[24.714s][info][gc,heap     ] GC(32) Max Capacity: 2048M(100%)
[24.714s][info][gc,heap     ] GC(32) Soft Max Capacity: 2048M(100%)
[24.714s][info][gc,heap     ] GC(32)                Mark Start          Mark End        Relocate Start      Relocate End           High               Low         
[24.714s][info][gc,heap     ] GC(32)  Capacity:     2048M (100%)       2048M (100%)       2048M (100%)       2048M (100%)       2048M (100%)       2048M (100%)   
[24.714s][info][gc,heap     ] GC(32)      Free:     1574M (77%)        1546M (75%)        1630M (80%)        1792M (88%)        1792M (88%)        1542M (75%)    
[24.714s][info][gc,heap     ] GC(32)      Used:      474M (23%)         502M (25%)         418M (20%)         256M (12%)         506M (25%)         256M (12%)    
[24.714s][info][gc,heap     ] GC(32)      Live:         -               184M (9%)          184M (9%)          184M (9%)             -                  -          
[24.714s][info][gc,heap     ] GC(32) Allocated:         -                28M (1%)           32M (2%)           31M (2%)             -                  -          
[24.714s][info][gc,heap     ] GC(32)   Garbage:         -               289M (14%)         201M (10%)          39M (2%)             -                  -          
[24.714s][info][gc,heap     ] GC(32) Reclaimed:         -                  -                88M (4%)          249M (12%)            -                  -          
[24.714s][info][gc          ] GC(32) Garbage Collection (Allocation Stall) 474M(23%)->256M(12%)
[24.804s][info][gc,start    ] GC(33) Garbage Collection (Allocation Rate)
[24.804s][info][gc,task     ] GC(33) Using 2 workers
[24.804s][info][gc,phases   ] GC(33) Pause Mark Start 0.009ms
[24.863s][info][gc,phases   ] GC(33) Concurrent Mark 58.877ms
[24.863s][info][gc,phases   ] GC(33) Pause Mark End 0.055ms
[24.863s][info][gc,phases   ] GC(33) Concurrent Mark Free 0.001ms
[24.895s][info][gc,phases   ] GC(33) Concurrent Process Non-Strong References 32.171ms
[24.895s][info][gc,phases   ] GC(33) Concurrent Reset Relocation Set 0.005ms
[24.897s][info][gc,phases   ] GC(33) Concurrent Select Relocation Set 2.237ms
[24.898s][info][gc,phases   ] GC(33) Pause Relocate Start 0.013ms
[24.901s][info][gc,phases   ] GC(33) Concurrent Relocate 3.393ms
[24.901s][info][gc,load     ] GC(33) Load: 0.00/0.00/0.00
[24.901s][info][gc,mmu      ] GC(33) MMU: 2ms/94.7%, 5ms/97.9%, 10ms/98.9%, 20ms/99.5%, 50ms/99.8%, 100ms/99.8%
[24.901s][info][gc,marking  ] GC(33) Mark: 2 stripe(s), 2 proactive flush(es), 1 terminate flush(es), 1 completion(s), 0 continuation(s) 
[24.901s][info][gc,marking  ] GC(33) Mark Stack Usage: 32M
[24.901s][info][gc,nmethod  ] GC(33) NMethods: 14100 registered, 1167 unregistered
[24.901s][info][gc,metaspace] GC(33) Metaspace: 150M used, 152M committed, 1216M reserved
[24.901s][info][gc,ref      ] GC(33) Soft: 3532 encountered, 0 discovered, 0 enqueued
[24.901s][info][gc,ref      ] GC(33) Weak: 15243 encountered, 3032 discovered, 279 enqueued
[24.901s][info][gc,ref      ] GC(33) Final: 52 encountered, 0 discovered, 0 enqueued
[24.901s][info][gc,ref      ] GC(33) Phantom: 598 encountered, 306 discovered, 0 enqueued
[24.901s][info][gc,reloc    ] GC(33) Small Pages: 58 / 116M, Empty: 0M, Relocated: 4M, In-Place: 0
[24.901s][info][gc,reloc    ] GC(33) Medium Pages: 6 / 192M, Empty: 32M, Relocated: 0M, In-Place: 0
[24.901s][info][gc,reloc    ] GC(33) Large Pages: 4 / 24M, Empty: 24M, Relocated: 0M, In-Place: 0
[24.901s][info][gc,reloc    ] GC(33) Forwarding Usage: 1M
[24.901s][info][gc,heap     ] GC(33) Min Capacity: 2048M(100%)
[24.901s][info][gc,heap     ] GC(33) Max Capacity: 2048M(100%)
[24.901s][info][gc,heap     ] GC(33) Soft Max Capacity: 2048M(100%)
[24.901s][info][gc,heap     ] GC(33)                Mark Start          Mark End        Relocate Start      Relocate End           High               Low         
[24.901s][info][gc,heap     ] GC(33)  Capacity:     2048M (100%)       2048M (100%)       2048M (100%)       2048M (100%)       2048M (100%)       2048M (100%)   
[24.901s][info][gc,heap     ] GC(33)      Free:     1716M (84%)        1650M (81%)        1690M (83%)        1738M (85%)        1740M (85%)        1634M (80%)    
[24.901s][info][gc,heap     ] GC(33)      Used:      332M (16%)         398M (19%)         358M (17%)         310M (15%)         414M (20%)         308M (15%)    
[24.901s][info][gc,heap     ] GC(33)      Live:         -               187M (9%)          187M (9%)          187M (9%)             -                  -          
[24.901s][info][gc,heap     ] GC(33) Allocated:         -                66M (3%)           82M (4%)           85M (4%)             -                  -          
[24.901s][info][gc,heap     ] GC(33)   Garbage:         -               144M (7%)           88M (4%)           37M (2%)             -                  -          
[24.901s][info][gc,heap     ] GC(33) Reclaimed:         -                  -                56M (3%)          107M (5%)             -                  -          
[24.901s][info][gc          ] GC(33) Garbage Collection (Allocation Rate) 332M(16%)->310M(15%)
[25.615s][info][gc,start    ] GC(34) Garbage Collection (Allocation Rate)
[25.616s][info][gc,task     ] GC(34) Using 2 workers
[25.616s][info][gc,phases   ] GC(34) Pause Mark Start 0.010ms
[25.666s][info][gc,phases   ] GC(34) Concurrent Mark 50.674ms
[25.667s][info][gc,phases   ] GC(34) Pause Mark End 0.031ms
[25.667s][info][gc,phases   ] GC(34) Concurrent Mark Free 0.001ms
[25.681s][info][gc,phases   ] GC(34) Concurrent Process Non-Strong References 14.473ms
[25.681s][info][gc,phases   ] GC(34) Concurrent Reset Relocation Set 0.002ms
[25.684s][info][gc,phases   ] GC(34) Concurrent Select Relocation Set 2.681ms
[25.684s][info][gc,phases   ] GC(34) Pause Relocate Start 0.014ms
[25.688s][info][gc,phases   ] GC(34) Concurrent Relocate 4.041ms
[25.688s][info][gc,load     ] GC(34) Load: 0.00/0.00/0.00
[25.688s][info][gc,mmu      ] GC(34) MMU: 2ms/94.7%, 5ms/97.9%, 10ms/98.9%, 20ms/99.5%, 50ms/99.8%, 100ms/99.8%
[25.688s][info][gc,marking  ] GC(34) Mark: 2 stripe(s), 2 proactive flush(es), 1 terminate flush(es), 0 completion(s), 0 continuation(s) 
[25.688s][info][gc,marking  ] GC(34) Mark Stack Usage: 32M
[25.688s][info][gc,nmethod  ] GC(34) NMethods: 14328 registered, 1255 unregistered
[25.688s][info][gc,metaspace] GC(34) Metaspace: 150M used, 152M committed, 1216M reserved
[25.688s][info][gc,ref      ] GC(34) Soft: 3541 encountered, 0 discovered, 0 enqueued
[25.688s][info][gc,ref      ] GC(34) Weak: 16801 encountered, 5253 discovered, 1766 enqueued
[25.688s][info][gc,ref      ] GC(34) Final: 52 encountered, 0 discovered, 0 enqueued
[25.688s][info][gc,ref      ] GC(34) Phantom: 616 encountered, 364 discovered, 16 enqueued
[25.688s][info][gc,reloc    ] GC(34) Small Pages: 177 / 354M, Empty: 12M, Relocated: 6M, In-Place: 0
[25.688s][info][gc,reloc    ] GC(34) Medium Pages: 9 / 288M, Empty: 128M, Relocated: 0M, In-Place: 0
[25.688s][info][gc,reloc    ] GC(34) Large Pages: 36 / 216M, Empty: 216M, Relocated: 0M, In-Place: 0
[25.688s][info][gc,reloc    ] GC(34) Forwarding Usage: 1M
[25.688s][info][gc,heap     ] GC(34) Min Capacity: 2048M(100%)
[25.688s][info][gc,heap     ] GC(34) Max Capacity: 2048M(100%)
[25.688s][info][gc,heap     ] GC(34) Soft Max Capacity: 2048M(100%)
[25.688s][info][gc,heap     ] GC(34)                Mark Start          Mark End        Relocate Start      Relocate End           High               Low         
[25.688s][info][gc,heap     ] GC(34)  Capacity:     2048M (100%)       2048M (100%)       2048M (100%)       2048M (100%)       2048M (100%)       2048M (100%)   
[25.688s][info][gc,heap     ] GC(34)      Free:     1190M (58%)        1118M (55%)        1458M (71%)        1730M (84%)        1732M (85%)        1104M (54%)    
[25.688s][info][gc,heap     ] GC(34)      Used:      858M (42%)         930M (45%)         590M (29%)         318M (16%)         944M (46%)         316M (15%)    
[25.688s][info][gc,heap     ] GC(34)      Live:         -               189M (9%)          189M (9%)          189M (9%)             -                  -          
[25.688s][info][gc,heap     ] GC(34) Allocated:         -                72M (4%)           88M (4%)           91M (4%)             -                  -          
[25.688s][info][gc,heap     ] GC(34)   Garbage:         -               668M (33%)         312M (15%)          36M (2%)             -                  -          
[25.688s][info][gc,heap     ] GC(34) Reclaimed:         -                  -               356M (17%)         631M (31%)            -                  -          
[25.689s][info][gc          ] GC(34) Garbage Collection (Allocation Rate) 858M(42%)->318M(16%)
[26.238s][info][gc,start    ] GC(35) Garbage Collection (System.gc())
[26.238s][info][gc,task     ] GC(35) Using 2 workers
[26.239s][info][gc,phases   ] GC(35) Pause Mark Start 0.011ms
[26.287s][info][gc,phases   ] GC(35) Concurrent Mark 48.608ms
[26.288s][info][gc,phases   ] GC(35) Pause Mark End 0.036ms
[26.288s][info][gc,phases   ] GC(35) Concurrent Mark Free 0.002ms
[26.301s][info][gc,phases   ] GC(35) Concurrent Process Non-Strong References 13.240ms
[26.301s][info][gc,phases   ] GC(35) Concurrent Reset Relocation Set 0.011ms
[26.303s][info][gc,phases   ] GC(35) Concurrent Select Relocation Set 1.503ms
[26.303s][info][gc,phases   ] GC(35) Pause Relocate Start 0.009ms
[26.305s][info][gc,phases   ] GC(35) Concurrent Relocate 2.603ms
[26.305s][info][gc,load     ] GC(35) Load: 0.00/0.00/0.00
[26.305s][info][gc,mmu      ] GC(35) MMU: 2ms/94.7%, 5ms/97.9%, 10ms/98.9%, 20ms/99.5%, 50ms/99.8%, 100ms/99.8%
[26.305s][info][gc,marking  ] GC(35) Mark: 2 stripe(s), 2 proactive flush(es), 1 terminate flush(es), 0 completion(s), 0 continuation(s) 
[26.305s][info][gc,marking  ] GC(35) Mark Stack Usage: 32M
[26.305s][info][gc,nmethod  ] GC(35) NMethods: 14601 registered, 1327 unregistered
[26.305s][info][gc,metaspace] GC(35) Metaspace: 151M used, 152M committed, 1216M reserved
[26.305s][info][gc,ref      ] GC(35) Soft: 3753 encountered, 0 discovered, 0 enqueued
[26.306s][info][gc,ref      ] GC(35) Weak: 16660 encountered, 4166 discovered, 1586 enqueued
[26.306s][info][gc,ref      ] GC(35) Final: 52 encountered, 0 discovered, 0 enqueued
[26.306s][info][gc,ref      ] GC(35) Phantom: 613 encountered, 402 discovered, 13 enqueued
[26.306s][info][gc,reloc    ] GC(35) Small Pages: 158 / 316M, Empty: 2M, Relocated: 5M, In-Place: 0
[26.306s][info][gc,reloc    ] GC(35) Medium Pages: 8 / 256M, Empty: 160M, Relocated: 0M, In-Place: 0
[26.306s][info][gc,reloc    ] GC(35) Large Pages: 24 / 144M, Empty: 144M, Relocated: 0M, In-Place: 0
[26.306s][info][gc,reloc    ] GC(35) Forwarding Usage: 1M
[26.306s][info][gc,heap     ] GC(35) Min Capacity: 2048M(100%)
[26.306s][info][gc,heap     ] GC(35) Max Capacity: 2048M(100%)
[26.306s][info][gc,heap     ] GC(35) Soft Max Capacity: 2048M(100%)
[26.306s][info][gc,heap     ] GC(35)                Mark Start          Mark End        Relocate Start      Relocate End           High               Low         
[26.306s][info][gc,heap     ] GC(35)  Capacity:     2048M (100%)       2048M (100%)       2048M (100%)       2048M (100%)       2048M (100%)       2048M (100%)   
[26.306s][info][gc,heap     ] GC(35)      Free:     1332M (65%)        1330M (65%)        1628M (79%)        1874M (92%)        1874M (92%)        1322M (65%)    
[26.306s][info][gc,heap     ] GC(35)      Used:      716M (35%)         718M (35%)         420M (21%)         174M (8%)          726M (35%)         174M (8%)     
[26.306s][info][gc,heap     ] GC(35)      Live:         -               125M (6%)          125M (6%)          125M (6%)             -                  -          
[26.306s][info][gc,heap     ] GC(35) Allocated:         -                 2M (0%)           10M (0%)           11M (1%)             -                  -          
[26.306s][info][gc,heap     ] GC(35)   Garbage:         -               590M (29%)         284M (14%)          36M (2%)             -                  -          
[26.306s][info][gc,heap     ] GC(35) Reclaimed:         -                  -               306M (15%)         553M (27%)            -                  -          
[26.306s][info][gc          ] GC(35) Garbage Collection (System.gc()) 716M(35%)->174M(8%)
[26.614s][info][gc,start    ] GC(36) Garbage Collection (Allocation Rate)
[26.614s][info][gc,task     ] GC(36) Using 2 workers
[26.615s][info][gc,phases   ] GC(36) Pause Mark Start 0.010ms
[26.693s][info][gc,phases   ] GC(36) Concurrent Mark 78.027ms
[26.693s][info][gc,phases   ] GC(36) Pause Mark End 0.031ms
[26.693s][info][gc,phases   ] GC(36) Concurrent Mark Free 0.003ms
[26.707s][info][gc,phases   ] GC(36) Concurrent Process Non-Strong References 13.859ms
[26.707s][info][gc,phases   ] GC(36) Concurrent Reset Relocation Set 0.010ms
[26.707s][info][gc          ] Allocation Stall (Executor task launch worker for task 0.0 in stage 187.0 (TID 750)) 30.631ms
[26.707s][info][gc          ] Allocation Stall (Executor task launch worker for task 2.0 in stage 187.0 (TID 752)) 29.701ms
[26.707s][info][gc          ] Allocation Stall (Executor task launch worker for task 3.0 in stage 187.0 (TID 753)) 30.926ms
[26.707s][info][gc          ] Allocation Stall (Executor task launch worker for task 4.0 in stage 187.0 (TID 754)) 30.064ms
[26.707s][info][gc          ] Allocation Stall (Executor task launch worker for task 1.0 in stage 187.0 (TID 751)) 29.833ms
[26.711s][info][gc,phases   ] GC(36) Concurrent Select Relocation Set 4.288ms
[26.711s][info][gc,phases   ] GC(36) Pause Relocate Start 0.008ms
[26.735s][info][gc,phases   ] GC(36) Concurrent Relocate 23.889ms
[26.736s][info][gc,load     ] GC(36) Load: 0.00/0.00/0.00
[26.736s][info][gc,mmu      ] GC(36) MMU: 2ms/94.7%, 5ms/97.9%, 10ms/98.9%, 20ms/99.5%, 50ms/99.8%, 100ms/99.8%
[26.736s][info][gc,marking  ] GC(36) Mark: 2 stripe(s), 2 proactive flush(es), 1 terminate flush(es), 0 completion(s), 0 continuation(s) 
[26.736s][info][gc,marking  ] GC(36) Mark Stack Usage: 32M
[26.736s][info][gc,nmethod  ] GC(36) NMethods: 14734 registered, 1351 unregistered
[26.736s][info][gc,metaspace] GC(36) Metaspace: 151M used, 152M committed, 1216M reserved
[26.736s][info][gc,ref      ] GC(36) Soft: 3806 encountered, 0 discovered, 0 enqueued
[26.736s][info][gc,ref      ] GC(36) Weak: 15454 encountered, 2953 discovered, 239 enqueued
[26.736s][info][gc,ref      ] GC(36) Final: 52 encountered, 0 discovered, 0 enqueued
[26.736s][info][gc,ref      ] GC(36) Phantom: 600 encountered, 365 discovered, 0 enqueued
[26.736s][info][gc,reloc    ] GC(36) Small Pages: 732 / 1464M, Empty: 1082M, Relocated: 10M, In-Place: 0
[26.736s][info][gc,reloc    ] GC(36) Medium Pages: 8 / 256M, Empty: 0M, Relocated: 48M, In-Place: 0
[26.736s][info][gc,reloc    ] GC(36) Large Pages: 6 / 36M, Empty: 36M, Relocated: 0M, In-Place: 0
[26.736s][info][gc,reloc    ] GC(36) Forwarding Usage: 1M
[26.736s][info][gc,heap     ] GC(36) Min Capacity: 2048M(100%)
[26.736s][info][gc,heap     ] GC(36) Max Capacity: 2048M(100%)
[26.736s][info][gc,heap     ] GC(36) Soft Max Capacity: 2048M(100%)
[26.736s][info][gc,heap     ] GC(36)                Mark Start          Mark End        Relocate Start      Relocate End           High               Low         
[26.736s][info][gc,heap     ] GC(36)  Capacity:     2048M (100%)       2048M (100%)       2048M (100%)       2048M (100%)       2048M (100%)       2048M (100%)   
[26.736s][info][gc,heap     ] GC(36)      Free:      292M (14%)           0M (0%)         1090M (53%)        1404M (69%)        1418M (69%)           0M (0%)     
[26.736s][info][gc,heap     ] GC(36)      Used:     1756M (86%)        2048M (100%)        958M (47%)         644M (31%)        2048M (100%)        630M (31%)    
[26.736s][info][gc,heap     ] GC(36)      Live:         -               166M (8%)          166M (8%)          166M (8%)             -                  -          
[26.736s][info][gc,heap     ] GC(36) Allocated:         -               292M (14%)         320M (16%)         432M (21%)            -                  -          
[26.736s][info][gc,heap     ] GC(36)   Garbage:         -              1589M (78%)         471M (23%)          44M (2%)             -                  -          
[26.736s][info][gc,heap     ] GC(36) Reclaimed:         -                  -              1118M (55%)        1544M (75%)            -                  -          
[26.736s][info][gc          ] GC(36) Garbage Collection (Allocation Rate) 1756M(86%)->644M(31%)
[26.809s][info][gc,start    ] GC(37) Garbage Collection (Allocation Stall)
[26.809s][info][gc,ref      ] GC(37) Clearing All SoftReferences
[26.809s][info][gc,task     ] GC(37) Using 2 workers
[26.809s][info][gc,ref      ] GC(37) Clearing All SoftReferences
[26.809s][info][gc,phases   ] GC(37) Pause Mark Start 0.045ms
[26.870s][info][gc,phases   ] GC(37) Concurrent Mark 61.132ms
[26.871s][info][gc,phases   ] GC(37) Pause Mark End 0.105ms
[26.871s][info][gc,phases   ] GC(37) Concurrent Mark Free 0.002ms
[26.899s][info][gc,phases   ] GC(37) Concurrent Process Non-Strong References 28.185ms
[26.899s][info][gc,phases   ] GC(37) Concurrent Reset Relocation Set 0.012ms
[26.902s][info][gc,phases   ] GC(37) Concurrent Select Relocation Set 2.847ms
[26.902s][info][gc,phases   ] GC(37) Pause Relocate Start 0.010ms
[26.920s][info][gc,phases   ] GC(37) Concurrent Relocate 18.048ms
[26.920s][info][gc,load     ] GC(37) Load: 0.00/0.00/0.00
[26.920s][info][gc,mmu      ] GC(37) MMU: 2ms/94.7%, 5ms/97.9%, 10ms/98.9%, 20ms/99.5%, 50ms/99.8%, 100ms/99.8%
[26.920s][info][gc,marking  ] GC(37) Mark: 2 stripe(s), 2 proactive flush(es), 1 terminate flush(es), 1 completion(s), 0 continuation(s) 
[26.920s][info][gc,marking  ] GC(37) Mark Stack Usage: 32M
[26.920s][info][gc,nmethod  ] GC(37) NMethods: 14779 registered, 1353 unregistered
[26.920s][info][gc,metaspace] GC(37) Metaspace: 151M used, 152M committed, 1216M reserved
[26.920s][info][gc,ref      ] GC(37) Soft: 3722 encountered, 3371 discovered, 493 enqueued
[26.920s][info][gc,ref      ] GC(37) Weak: 15324 encountered, 2760 discovered, 198 enqueued
[26.920s][info][gc,ref      ] GC(37) Final: 52 encountered, 0 discovered, 0 enqueued
[26.920s][info][gc,ref      ] GC(37) Phantom: 600 encountered, 375 discovered, 0 enqueued
[26.920s][info][gc,reloc    ] GC(37) Small Pages: 260 / 520M, Empty: 294M, Relocated: 6M, In-Place: 0
[26.920s][info][gc,reloc    ] GC(37) Medium Pages: 8 / 256M, Empty: 0M, Relocated: 46M, In-Place: 0
[26.920s][info][gc,reloc    ] GC(37) Large Pages: 3 / 18M, Empty: 18M, Relocated: 0M, In-Place: 0
[26.920s][info][gc,reloc    ] GC(37) Forwarding Usage: 1M
[26.920s][info][gc,heap     ] GC(37) Min Capacity: 2048M(100%)
[26.920s][info][gc,heap     ] GC(37) Max Capacity: 2048M(100%)
[26.920s][info][gc,heap     ] GC(37) Soft Max Capacity: 2048M(100%)
[26.920s][info][gc,heap     ] GC(37)                Mark Start          Mark End        Relocate Start      Relocate End           High               Low         
[26.920s][info][gc,heap     ] GC(37)  Capacity:     2048M (100%)       2048M (100%)       2048M (100%)       2048M (100%)       2048M (100%)       2048M (100%)   
[26.920s][info][gc,heap     ] GC(37)      Free:     1254M (61%)        1198M (58%)        1482M (72%)        1734M (85%)        1734M (85%)        1180M (58%)    
[26.920s][info][gc,heap     ] GC(37)      Used:      794M (39%)         850M (42%)         566M (28%)         314M (15%)         868M (42%)         314M (15%)    
[26.920s][info][gc,heap     ] GC(37)      Live:         -               186M (9%)          186M (9%)          186M (9%)             -                  -          
[26.920s][info][gc,heap     ] GC(37) Allocated:         -                56M (3%)           84M (4%)           89M (4%)             -                  -          
[26.920s][info][gc,heap     ] GC(37)   Garbage:         -               607M (30%)         295M (14%)          37M (2%)             -                  -          
[26.920s][info][gc,heap     ] GC(37) Reclaimed:         -                  -               312M (15%)         569M (28%)            -                  -          
[26.921s][info][gc          ] GC(37) Garbage Collection (Allocation Stall) 794M(39%)->314M(15%)
[27.007s][info][gc,start    ] GC(38) Garbage Collection (Allocation Rate)
[27.007s][info][gc,task     ] GC(38) Using 2 workers
[27.007s][info][gc,phases   ] GC(38) Pause Mark Start 0.012ms
[27.053s][info][gc,phases   ] GC(38) Concurrent Mark 45.436ms
[27.053s][info][gc,phases   ] GC(38) Pause Mark End 0.018ms
[27.053s][info][gc,phases   ] GC(38) Concurrent Mark Free 0.001ms
[27.083s][info][gc,phases   ] GC(38) Concurrent Process Non-Strong References 29.859ms
[27.083s][info][gc,phases   ] GC(38) Concurrent Reset Relocation Set 0.006ms
[27.085s][info][gc,phases   ] GC(38) Concurrent Select Relocation Set 2.219ms
[27.085s][info][gc,phases   ] GC(38) Pause Relocate Start 0.009ms
[27.088s][info][gc,phases   ] GC(38) Concurrent Relocate 2.559ms
[27.088s][info][gc,load     ] GC(38) Load: 0.00/0.00/0.00
[27.088s][info][gc,mmu      ] GC(38) MMU: 2ms/94.7%, 5ms/97.9%, 10ms/98.9%, 20ms/99.5%, 50ms/99.8%, 100ms/99.8%
[27.088s][info][gc,marking  ] GC(38) Mark: 2 stripe(s), 3 proactive flush(es), 1 terminate flush(es), 0 completion(s), 0 continuation(s) 
[27.088s][info][gc,marking  ] GC(38) Mark Stack Usage: 32M
[27.088s][info][gc,nmethod  ] GC(38) NMethods: 14825 registered, 1366 unregistered
[27.088s][info][gc,metaspace] GC(38) Metaspace: 151M used, 152M committed, 1216M reserved
[27.088s][info][gc,ref      ] GC(38) Soft: 3272 encountered, 0 discovered, 0 enqueued
[27.088s][info][gc,ref      ] GC(38) Weak: 15341 encountered, 2788 discovered, 304 enqueued
[27.088s][info][gc,ref      ] GC(38) Final: 52 encountered, 0 discovered, 0 enqueued
[27.088s][info][gc,ref      ] GC(38) Phantom: 600 encountered, 402 discovered, 0 enqueued
[27.088s][info][gc,reloc    ] GC(38) Small Pages: 68 / 136M, Empty: 0M, Relocated: 3M, In-Place: 0
[27.088s][info][gc,reloc    ] GC(38) Medium Pages: 6 / 192M, Empty: 32M, Relocated: 0M, In-Place: 0
[27.088s][info][gc,reloc    ] GC(38) Large Pages: 7 / 42M, Empty: 42M, Relocated: 0M, In-Place: 0
[27.088s][info][gc,reloc    ] GC(38) Forwarding Usage: 1M
[27.088s][info][gc,heap     ] GC(38) Min Capacity: 2048M(100%)
[27.088s][info][gc,heap     ] GC(38) Max Capacity: 2048M(100%)
[27.088s][info][gc,heap     ] GC(38) Soft Max Capacity: 2048M(100%)
[27.088s][info][gc,heap     ] GC(38)                Mark Start          Mark End        Relocate Start      Relocate End           High               Low         
[27.088s][info][gc,heap     ] GC(38)  Capacity:     2048M (100%)       2048M (100%)       2048M (100%)       2048M (100%)       2048M (100%)       2048M (100%)   
[27.088s][info][gc,heap     ] GC(38)      Free:     1678M (82%)        1608M (79%)        1664M (81%)        1730M (84%)        1732M (85%)        1590M (78%)    
[27.088s][info][gc,heap     ] GC(38)      Used:      370M (18%)         440M (21%)         384M (19%)         318M (16%)         458M (22%)         316M (15%)    
[27.088s][info][gc,heap     ] GC(38)      Live:         -               186M (9%)          186M (9%)          186M (9%)             -                  -          
[27.088s][info][gc,heap     ] GC(38) Allocated:         -                70M (3%)           88M (4%)           91M (4%)             -                  -          
[27.088s][info][gc,heap     ] GC(38)   Garbage:         -               183M (9%)          109M (5%)           39M (2%)             -                  -          
[27.088s][info][gc,heap     ] GC(38) Reclaimed:         -                  -                74M (4%)          143M (7%)             -                  -          
[27.088s][info][gc          ] GC(38) Garbage Collection (Allocation Rate) 370M(18%)->318M(16%)
[27.117s][info][gc,start    ] GC(39) Garbage Collection (Allocation Rate)
[27.117s][info][gc,task     ] GC(39) Using 2 workers
[27.117s][info][gc,phases   ] GC(39) Pause Mark Start 0.011ms
[27.174s][info][gc,phases   ] GC(39) Concurrent Mark 56.084ms
[27.174s][info][gc,phases   ] GC(39) Pause Mark End 0.047ms
[27.174s][info][gc,phases   ] GC(39) Concurrent Mark Free 0.001ms
[27.186s][info][gc,phases   ] GC(39) Concurrent Process Non-Strong References 12.632ms
[27.187s][info][gc,phases   ] GC(39) Concurrent Reset Relocation Set 0.004ms
[27.189s][info][gc,phases   ] GC(39) Concurrent Select Relocation Set 2.170ms
[27.189s][info][gc,phases   ] GC(39) Pause Relocate Start 0.008ms
[27.190s][info][gc,phases   ] GC(39) Concurrent Relocate 1.435ms
[27.190s][info][gc,load     ] GC(39) Load: 0.00/0.00/0.00
[27.190s][info][gc,mmu      ] GC(39) MMU: 2ms/94.7%, 5ms/97.9%, 10ms/98.9%, 20ms/99.5%, 50ms/99.8%, 100ms/99.8%
[27.190s][info][gc,marking  ] GC(39) Mark: 2 stripe(s), 2 proactive flush(es), 1 terminate flush(es), 1 completion(s), 0 continuation(s) 
[27.190s][info][gc,marking  ] GC(39) Mark Stack Usage: 32M
[27.190s][info][gc,nmethod  ] GC(39) NMethods: 14845 registered, 1371 unregistered
[27.190s][info][gc,metaspace] GC(39) Metaspace: 151M used, 152M committed, 1216M reserved
[27.190s][info][gc,ref      ] GC(39) Soft: 3270 encountered, 0 discovered, 0 enqueued
[27.190s][info][gc,ref      ] GC(39) Weak: 15175 encountered, 2003 discovered, 296 enqueued
[27.190s][info][gc,ref      ] GC(39) Final: 52 encountered, 0 discovered, 0 enqueued
[27.190s][info][gc,ref      ] GC(39) Phantom: 600 encountered, 369 discovered, 0 enqueued
[27.190s][info][gc,reloc    ] GC(39) Small Pages: 60 / 120M, Empty: 0M, Relocated: 1M, In-Place: 0
[27.191s][info][gc,reloc    ] GC(39) Medium Pages: 6 / 192M, Empty: 32M, Relocated: 0M, In-Place: 0
[27.191s][info][gc,reloc    ] GC(39) Large Pages: 4 / 24M, Empty: 24M, Relocated: 0M, In-Place: 0
[27.191s][info][gc,reloc    ] GC(39) Forwarding Usage: 0M
[27.191s][info][gc,heap     ] GC(39) Min Capacity: 2048M(100%)
[27.191s][info][gc,heap     ] GC(39) Max Capacity: 2048M(100%)
[27.191s][info][gc,heap     ] GC(39) Soft Max Capacity: 2048M(100%)
[27.191s][info][gc,heap     ] GC(39)                Mark Start          Mark End        Relocate Start      Relocate End           High               Low         
[27.191s][info][gc,heap     ] GC(39)  Capacity:     2048M (100%)       2048M (100%)       2048M (100%)       2048M (100%)       2048M (100%)       2048M (100%)   
[27.191s][info][gc,heap     ] GC(39)      Free:     1712M (84%)        1646M (80%)        1680M (82%)        1732M (85%)        1732M (85%)        1624M (79%)    
[27.191s][info][gc,heap     ] GC(39)      Used:      336M (16%)         402M (20%)         368M (18%)         316M (15%)         424M (21%)         316M (15%)    
[27.191s][info][gc,heap     ] GC(39)      Live:         -               186M (9%)          186M (9%)          186M (9%)             -                  -          
[27.191s][info][gc,heap     ] GC(39) Allocated:         -                66M (3%)           88M (4%)           89M (4%)             -                  -          
[27.191s][info][gc,heap     ] GC(39)   Garbage:         -               149M (7%)           93M (5%)           39M (2%)             -                  -          
[27.191s][info][gc,heap     ] GC(39) Reclaimed:         -                  -                56M (3%)          109M (5%)             -                  -          
[27.191s][info][gc          ] GC(39) Garbage Collection (Allocation Rate) 336M(16%)->316M(15%)
[27.803s][info][gc,start    ] GC(40) Garbage Collection (Allocation Rate)
[27.803s][info][gc,task     ] GC(40) Using 2 workers
[27.803s][info][gc,phases   ] GC(40) Pause Mark Start 0.005ms
[27.857s][info][gc,phases   ] GC(40) Concurrent Mark 53.523ms
[27.857s][info][gc,phases   ] GC(40) Pause Mark End 0.075ms
[27.857s][info][gc,phases   ] GC(40) Concurrent Mark Free 0.001ms
[27.872s][info][gc,phases   ] GC(40) Concurrent Process Non-Strong References 14.206ms
[27.872s][info][gc,phases   ] GC(40) Concurrent Reset Relocation Set 0.003ms
[27.874s][info][gc,phases   ] GC(40) Concurrent Select Relocation Set 2.399ms
[27.874s][info][gc,phases   ] GC(40) Pause Relocate Start 0.010ms
[27.877s][info][gc,phases   ] GC(40) Concurrent Relocate 2.514ms
[27.877s][info][gc,load     ] GC(40) Load: 0.00/0.00/0.00
[27.877s][info][gc,mmu      ] GC(40) MMU: 2ms/94.7%, 5ms/97.9%, 10ms/98.9%, 20ms/99.5%, 50ms/99.8%, 100ms/99.8%
[27.877s][info][gc,marking  ] GC(40) Mark: 2 stripe(s), 2 proactive flush(es), 1 terminate flush(es), 1 completion(s), 0 continuation(s) 
[27.877s][info][gc,marking  ] GC(40) Mark Stack Usage: 32M
[27.877s][info][gc,nmethod  ] GC(40) NMethods: 14941 registered, 1406 unregistered
[27.877s][info][gc,metaspace] GC(40) Metaspace: 151M used, 152M committed, 1216M reserved
[27.877s][info][gc,ref      ] GC(40) Soft: 3270 encountered, 0 discovered, 0 enqueued
[27.877s][info][gc,ref      ] GC(40) Weak: 16511 encountered, 3782 discovered, 1454 enqueued
[27.877s][info][gc,ref      ] GC(40) Final: 52 encountered, 0 discovered, 0 enqueued
[27.877s][info][gc,ref      ] GC(40) Phantom: 600 encountered, 347 discovered, 0 enqueued
[27.877s][info][gc,reloc    ] GC(40) Small Pages: 162 / 324M, Empty: 8M, Relocated: 4M, In-Place: 0
[27.877s][info][gc,reloc    ] GC(40) Medium Pages: 9 / 288M, Empty: 128M, Relocated: 0M, In-Place: 0
[27.877s][info][gc,reloc    ] GC(40) Large Pages: 32 / 192M, Empty: 192M, Relocated: 0M, In-Place: 0
[27.877s][info][gc,reloc    ] GC(40) Forwarding Usage: 0M
[27.877s][info][gc,heap     ] GC(40) Min Capacity: 2048M(100%)
[27.877s][info][gc,heap     ] GC(40) Max Capacity: 2048M(100%)
[27.877s][info][gc,heap     ] GC(40) Soft Max Capacity: 2048M(100%)
[27.877s][info][gc,heap     ] GC(40)                Mark Start          Mark End        Relocate Start      Relocate End           High               Low         
[27.877s][info][gc,heap     ] GC(40)  Capacity:     2048M (100%)       2048M (100%)       2048M (100%)       2048M (100%)       2048M (100%)       2048M (100%)   
[27.877s][info][gc,heap     ] GC(40)      Free:     1244M (61%)        1160M (57%)        1488M (73%)        1728M (84%)        1730M (84%)        1160M (57%)    
[27.877s][info][gc,heap     ] GC(40)      Used:      804M (39%)         888M (43%)         560M (27%)         320M (16%)         888M (43%)         318M (16%)    
[27.877s][info][gc,heap     ] GC(40)      Live:         -               188M (9%)          188M (9%)          188M (9%)             -                  -          
[27.877s][info][gc,heap     ] GC(40) Allocated:         -                84M (4%)           84M (4%)           91M (4%)             -                  -          
[27.877s][info][gc,heap     ] GC(40)   Garbage:         -               615M (30%)         287M (14%)          39M (2%)             -                  -          
[27.877s][info][gc,heap     ] GC(40) Reclaimed:         -                  -               328M (16%)         575M (28%)            -                  -          
[27.877s][info][gc          ] GC(40) Garbage Collection (Allocation Rate) 804M(39%)->320M(16%)
[28.257s][info][gc,start    ] GC(41) Garbage Collection (System.gc())
[28.257s][info][gc,task     ] GC(41) Using 2 workers
[28.257s][info][gc,phases   ] GC(41) Pause Mark Start 0.005ms
[28.301s][info][gc,phases   ] GC(41) Concurrent Mark 43.795ms
[28.301s][info][gc,phases   ] GC(41) Pause Mark End 0.026ms
[28.301s][info][gc,phases   ] GC(41) Concurrent Mark Free 0.002ms
[28.315s][info][gc,phases   ] GC(41) Concurrent Process Non-Strong References 13.884ms
[28.315s][info][gc,phases   ] GC(41) Concurrent Reset Relocation Set 0.008ms
[28.318s][info][gc,phases   ] GC(41) Concurrent Select Relocation Set 2.341ms
[28.318s][info][gc,phases   ] GC(41) Pause Relocate Start 0.007ms
[28.322s][info][gc,phases   ] GC(41) Concurrent Relocate 4.240ms
[28.322s][info][gc,load     ] GC(41) Load: 0.00/0.00/0.00
[28.322s][info][gc,mmu      ] GC(41) MMU: 2ms/94.7%, 5ms/97.9%, 10ms/98.9%, 20ms/99.5%, 50ms/99.8%, 100ms/99.8%
[28.322s][info][gc,marking  ] GC(41) Mark: 2 stripe(s), 1 proactive flush(es), 1 terminate flush(es), 0 completion(s), 0 continuation(s) 
[28.322s][info][gc,marking  ] GC(41) Mark Stack Usage: 32M
[28.322s][info][gc,nmethod  ] GC(41) NMethods: 15100 registered, 1451 unregistered
[28.322s][info][gc,metaspace] GC(41) Metaspace: 151M used, 153M committed, 1216M reserved
[28.322s][info][gc,ref      ] GC(41) Soft: 3486 encountered, 0 discovered, 0 enqueued
[28.322s][info][gc,ref      ] GC(41) Weak: 16316 encountered, 3048 discovered, 1273 enqueued
[28.322s][info][gc,ref      ] GC(41) Final: 52 encountered, 0 discovered, 0 enqueued
[28.322s][info][gc,ref      ] GC(41) Phantom: 600 encountered, 381 discovered, 0 enqueued
[28.322s][info][gc,reloc    ] GC(41) Small Pages: 135 / 270M, Empty: 6M, Relocated: 4M, In-Place: 0
[28.322s][info][gc,reloc    ] GC(41) Medium Pages: 7 / 224M, Empty: 96M, Relocated: 12M, In-Place: 0
[28.322s][info][gc,reloc    ] GC(41) Large Pages: 18 / 108M, Empty: 108M, Relocated: 0M, In-Place: 0
[28.322s][info][gc,reloc    ] GC(41) Forwarding Usage: 1M
[28.322s][info][gc,heap     ] GC(41) Min Capacity: 2048M(100%)
[28.322s][info][gc,heap     ] GC(41) Max Capacity: 2048M(100%)
[28.322s][info][gc,heap     ] GC(41) Soft Max Capacity: 2048M(100%)
[28.322s][info][gc,heap     ] GC(41)                Mark Start          Mark End        Relocate Start      Relocate End           High               Low         
[28.322s][info][gc,heap     ] GC(41)  Capacity:     2048M (100%)       2048M (100%)       2048M (100%)       2048M (100%)       2048M (100%)       2048M (100%)   
[28.322s][info][gc,heap     ] GC(41)      Free:     1446M (71%)        1446M (71%)        1646M (80%)        1868M (91%)        1870M (91%)        1436M (70%)    
[28.322s][info][gc,heap     ] GC(41)      Used:      602M (29%)         602M (29%)         402M (20%)         180M (9%)          612M (30%)         178M (9%)     
[28.322s][info][gc,heap     ] GC(41)      Live:         -               125M (6%)          125M (6%)          125M (6%)             -                  -          
[28.322s][info][gc,heap     ] GC(41) Allocated:         -                 0M (0%)           10M (0%)           17M (1%)             -                  -          
[28.322s][info][gc,heap     ] GC(41)   Garbage:         -               476M (23%)         266M (13%)          37M (2%)             -                  -          
[28.322s][info][gc,heap     ] GC(41) Reclaimed:         -                  -               210M (10%)         439M (21%)            -                  -          
[28.322s][info][gc          ] GC(41) Garbage Collection (System.gc()) 602M(29%)->180M(9%)
[28.602s][info][gc,start    ] GC(42) Garbage Collection (Allocation Rate)
[28.602s][info][gc,task     ] GC(42) Using 2 workers
[28.602s][info][gc,phases   ] GC(42) Pause Mark Start 0.011ms
[28.690s][info][gc,phases   ] GC(42) Concurrent Mark 87.518ms
[28.690s][info][gc,phases   ] GC(42) Pause Mark End 0.057ms
[28.690s][info][gc,phases   ] GC(42) Concurrent Mark Free 0.003ms
[28.719s][info][gc,phases   ] GC(42) Concurrent Process Non-Strong References 28.474ms
[28.719s][info][gc,phases   ] GC(42) Concurrent Reset Relocation Set 0.009ms
[28.719s][info][gc          ] Allocation Stall (Executor task launch worker for task 1.0 in stage 233.0 (TID 935)) 24.236ms
[28.719s][info][gc          ] Allocation Stall (Executor task launch worker for task 3.0 in stage 233.0 (TID 937)) 24.869ms
[28.719s][info][gc          ] Allocation Stall (Executor task launch worker for task 4.0 in stage 233.0 (TID 938)) 24.349ms
[28.719s][info][gc          ] Allocation Stall (Executor task launch worker for task 0.0 in stage 233.0 (TID 934)) 23.420ms
[28.719s][info][gc          ] Allocation Stall (Executor task launch worker for task 2.0 in stage 233.0 (TID 936)) 23.358ms
[28.722s][info][gc,phases   ] GC(42) Concurrent Select Relocation Set 3.467ms
[28.736s][info][gc,phases   ] GC(42) Pause Relocate Start 0.018ms
[28.755s][info][gc,phases   ] GC(42) Concurrent Relocate 18.076ms
[28.755s][info][gc,load     ] GC(42) Load: 0.00/0.00/0.00
[28.755s][info][gc,mmu      ] GC(42) MMU: 2ms/94.7%, 5ms/97.9%, 10ms/98.9%, 20ms/99.5%, 50ms/99.8%, 100ms/99.8%
[28.755s][info][gc,marking  ] GC(42) Mark: 2 stripe(s), 2 proactive flush(es), 1 terminate flush(es), 0 completion(s), 0 continuation(s) 
[28.755s][info][gc,marking  ] GC(42) Mark Stack Usage: 32M
[28.755s][info][gc,nmethod  ] GC(42) NMethods: 15217 registered, 1474 unregistered
[28.755s][info][gc,metaspace] GC(42) Metaspace: 151M used, 153M committed, 1216M reserved
[28.755s][info][gc,ref      ] GC(42) Soft: 3552 encountered, 0 discovered, 0 enqueued
[28.755s][info][gc,ref      ] GC(42) Weak: 15403 encountered, 3153 discovered, 212 enqueued
[28.755s][info][gc,ref      ] GC(42) Final: 52 encountered, 0 discovered, 0 enqueued
[28.755s][info][gc,ref      ] GC(42) Phantom: 600 encountered, 368 discovered, 0 enqueued
[28.755s][info][gc,reloc    ] GC(42) Small Pages: 646 / 1292M, Empty: 950M, Relocated: 10M, In-Place: 0
[28.755s][info][gc,reloc    ] GC(42) Medium Pages: 6 / 192M, Empty: 0M, Relocated: 24M, In-Place: 0
[28.755s][info][gc,reloc    ] GC(42) Large Pages: 6 / 36M, Empty: 36M, Relocated: 0M, In-Place: 0
[28.755s][info][gc,reloc    ] GC(42) Forwarding Usage: 1M
[28.755s][info][gc,heap     ] GC(42) Min Capacity: 2048M(100%)
[28.755s][info][gc,heap     ] GC(42) Max Capacity: 2048M(100%)
[28.755s][info][gc,heap     ] GC(42) Soft Max Capacity: 2048M(100%)
[28.755s][info][gc,heap     ] GC(42)                Mark Start          Mark End        Relocate Start      Relocate End           High               Low         
[28.755s][info][gc,heap     ] GC(42)  Capacity:     2048M (100%)       2048M (100%)       2048M (100%)       2048M (100%)       2048M (100%)       2048M (100%)   
[28.755s][info][gc,heap     ] GC(42)      Free:      528M (26%)          26M (1%)          936M (46%)        1212M (59%)        1218M (59%)           0M (0%)     
[28.755s][info][gc,heap     ] GC(42)      Used:     1520M (74%)        2022M (99%)        1112M (54%)         836M (41%)        2048M (100%)        830M (41%)    
[28.755s][info][gc,heap     ] GC(42)      Live:         -               156M (8%)          156M (8%)          156M (8%)             -                  -          
[28.755s][info][gc,heap     ] GC(42) Allocated:         -               502M (25%)         578M (28%)         633M (31%)            -                  -          
[28.755s][info][gc,heap     ] GC(42)   Garbage:         -              1363M (67%)         377M (18%)          45M (2%)             -                  -          
[28.755s][info][gc,heap     ] GC(42) Reclaimed:         -                  -               986M (48%)        1317M (64%)            -                  -          
[28.755s][info][gc          ] GC(42) Garbage Collection (Allocation Rate) 1520M(74%)->836M(41%)
[28.810s][info][gc,start    ] GC(43) Garbage Collection (Allocation Stall)
[28.810s][info][gc,ref      ] GC(43) Clearing All SoftReferences
[28.810s][info][gc,task     ] GC(43) Using 2 workers
[28.810s][info][gc,ref      ] GC(43) Clearing All SoftReferences
[28.810s][info][gc,phases   ] GC(43) Pause Mark Start 0.022ms
[28.864s][info][gc,phases   ] GC(43) Concurrent Mark 54.052ms
[28.865s][info][gc,phases   ] GC(43) Pause Mark End 0.207ms
[28.865s][info][gc,phases   ] GC(43) Concurrent Mark Free 0.001ms
[28.893s][info][gc,phases   ] GC(43) Concurrent Process Non-Strong References 28.253ms
[28.893s][info][gc,phases   ] GC(43) Concurrent Reset Relocation Set 0.012ms
[28.896s][info][gc,phases   ] GC(43) Concurrent Select Relocation Set 2.227ms
[28.896s][info][gc,phases   ] GC(43) Pause Relocate Start 0.009ms
[28.913s][info][gc,phases   ] GC(43) Concurrent Relocate 16.992ms
[28.913s][info][gc,load     ] GC(43) Load: 0.00/0.00/0.00
[28.913s][info][gc,mmu      ] GC(43) MMU: 2ms/89.6%, 5ms/95.9%, 10ms/97.9%, 20ms/99.0%, 50ms/99.6%, 100ms/99.8%
[28.913s][info][gc,marking  ] GC(43) Mark: 2 stripe(s), 2 proactive flush(es), 1 terminate flush(es), 1 completion(s), 0 continuation(s) 
[28.913s][info][gc,marking  ] GC(43) Mark Stack Usage: 32M
[28.913s][info][gc,nmethod  ] GC(43) NMethods: 15226 registered, 1476 unregistered
[28.913s][info][gc,metaspace] GC(43) Metaspace: 151M used, 153M committed, 1216M reserved
[28.913s][info][gc,ref      ] GC(43) Soft: 3484 encountered, 3096 discovered, 229 enqueued
[28.913s][info][gc,ref      ] GC(43) Weak: 15212 encountered, 2209 discovered, 51 enqueued
[28.913s][info][gc,ref      ] GC(43) Final: 52 encountered, 0 discovered, 0 enqueued
[28.913s][info][gc,ref      ] GC(43) Phantom: 600 encountered, 379 discovered, 0 enqueued
[28.913s][info][gc,reloc    ] GC(43) Small Pages: 339 / 678M, Empty: 406M, Relocated: 5M, In-Place: 0
[28.913s][info][gc,reloc    ] GC(43) Medium Pages: 9 / 288M, Empty: 0M, Relocated: 51M, In-Place: 0
[28.913s][info][gc,reloc    ] GC(43) Large Pages: 1 / 6M, Empty: 6M, Relocated: 0M, In-Place: 0
[28.913s][info][gc,reloc    ] GC(43) Forwarding Usage: 1M
[28.913s][info][gc,heap     ] GC(43) Min Capacity: 2048M(100%)
[28.913s][info][gc,heap     ] GC(43) Max Capacity: 2048M(100%)
[28.913s][info][gc,heap     ] GC(43) Soft Max Capacity: 2048M(100%)
[28.913s][info][gc,heap     ] GC(43)                Mark Start          Mark End        Relocate Start      Relocate End           High               Low         
[28.913s][info][gc,heap     ] GC(43)  Capacity:     2048M (100%)       2048M (100%)       2048M (100%)       2048M (100%)       2048M (100%)       2048M (100%)   
[28.913s][info][gc,heap     ] GC(43)      Free:     1076M (53%)         994M (49%)        1388M (68%)        1712M (84%)        1712M (84%)         982M (48%)    
[28.913s][info][gc,heap     ] GC(43)      Used:      972M (47%)        1054M (51%)         660M (32%)         336M (16%)        1066M (52%)         336M (16%)    
[28.913s][info][gc,heap     ] GC(43)      Live:         -               186M (9%)          186M (9%)          186M (9%)             -                  -          
[28.913s][info][gc,heap     ] GC(43) Allocated:         -                82M (4%)          100M (5%)          111M (5%)             -                  -          
[28.913s][info][gc,heap     ] GC(43)   Garbage:         -               785M (38%)         373M (18%)          38M (2%)             -                  -          
[28.913s][info][gc,heap     ] GC(43) Reclaimed:         -                  -               412M (20%)         747M (36%)            -                  -          
[28.913s][info][gc          ] GC(43) Garbage Collection (Allocation Stall) 972M(47%)->336M(16%)
[29.010s][info][gc,start    ] GC(44) Garbage Collection (Allocation Rate)
[29.010s][info][gc,task     ] GC(44) Using 2 workers
[29.010s][info][gc,phases   ] GC(44) Pause Mark Start 0.011ms
[29.069s][info][gc,phases   ] GC(44) Concurrent Mark 58.368ms
[29.069s][info][gc,phases   ] GC(44) Pause Mark End 0.072ms
[29.069s][info][gc,phases   ] GC(44) Concurrent Mark Free 0.001ms
[29.083s][info][gc,phases   ] GC(44) Concurrent Process Non-Strong References 13.647ms
[29.083s][info][gc,phases   ] GC(44) Concurrent Reset Relocation Set 0.007ms
[29.085s][info][gc,phases   ] GC(44) Concurrent Select Relocation Set 2.759ms
[29.086s][info][gc,phases   ] GC(44) Pause Relocate Start 0.013ms
[29.092s][info][gc,phases   ] GC(44) Concurrent Relocate 6.008ms
[29.092s][info][gc,load     ] GC(44) Load: 0.00/0.00/0.00
[29.092s][info][gc,mmu      ] GC(44) MMU: 2ms/89.6%, 5ms/95.9%, 10ms/97.9%, 20ms/99.0%, 50ms/99.6%, 100ms/99.8%
[29.092s][info][gc,marking  ] GC(44) Mark: 2 stripe(s), 2 proactive flush(es), 1 terminate flush(es), 1 completion(s), 0 continuation(s) 
[29.092s][info][gc,marking  ] GC(44) Mark Stack Usage: 32M
[29.092s][info][gc,nmethod  ] GC(44) NMethods: 15236 registered, 1491 unregistered
[29.092s][info][gc,metaspace] GC(44) Metaspace: 151M used, 153M committed, 1216M reserved
[29.092s][info][gc,ref      ] GC(44) Soft: 3258 encountered, 0 discovered, 0 enqueued
[29.092s][info][gc,ref      ] GC(44) Weak: 15477 encountered, 4164 discovered, 437 enqueued
[29.092s][info][gc,ref      ] GC(44) Final: 52 encountered, 0 discovered, 0 enqueued
[29.092s][info][gc,ref      ] GC(44) Phantom: 600 encountered, 346 discovered, 0 enqueued
[29.092s][info][gc,reloc    ] GC(44) Small Pages: 71 / 142M, Empty: 0M, Relocated: 4M, In-Place: 0
[29.092s][info][gc,reloc    ] GC(44) Medium Pages: 6 / 192M, Empty: 0M, Relocated: 20M, In-Place: 0
[29.092s][info][gc,reloc    ] GC(44) Large Pages: 9 / 54M, Empty: 54M, Relocated: 0M, In-Place: 0
[29.092s][info][gc,reloc    ] GC(44) Forwarding Usage: 1M
[29.092s][info][gc,heap     ] GC(44) Min Capacity: 2048M(100%)
[29.092s][info][gc,heap     ] GC(44) Max Capacity: 2048M(100%)
[29.092s][info][gc,heap     ] GC(44) Soft Max Capacity: 2048M(100%)
[29.092s][info][gc,heap     ] GC(44)                Mark Start          Mark End        Relocate Start      Relocate End           High               Low         
[29.092s][info][gc,heap     ] GC(44)  Capacity:     2048M (100%)       2048M (100%)       2048M (100%)       2048M (100%)       2048M (100%)       2048M (100%)   
[29.092s][info][gc,heap     ] GC(44)      Free:     1660M (81%)        1580M (77%)        1616M (79%)        1718M (84%)        1718M (84%)        1570M (77%)    
[29.092s][info][gc,heap     ] GC(44)      Used:      388M (19%)         468M (23%)         432M (21%)         330M (16%)         478M (23%)         330M (16%)    
[29.092s][info][gc,heap     ] GC(44)      Live:         -               187M (9%)          187M (9%)          187M (9%)             -                  -          
[29.092s][info][gc,heap     ] GC(44) Allocated:         -                80M (4%)           98M (5%)          105M (5%)             -                  -          
[29.092s][info][gc,heap     ] GC(44)   Garbage:         -               200M (10%)         146M (7%)           36M (2%)             -                  -          
[29.092s][info][gc,heap     ] GC(44) Reclaimed:         -                  -                54M (3%)          163M (8%)             -                  -          
[29.092s][info][gc          ] GC(44) Garbage Collection (Allocation Rate) 388M(19%)->330M(16%)
[29.106s][info][gc,start    ] GC(45) Garbage Collection (Allocation Rate)
[29.106s][info][gc,task     ] GC(45) Using 2 workers
[29.106s][info][gc,phases   ] GC(45) Pause Mark Start 0.009ms
[29.155s][info][gc,phases   ] GC(45) Concurrent Mark 49.005ms
[29.155s][info][gc,phases   ] GC(45) Pause Mark End 0.028ms
[29.155s][info][gc,phases   ] GC(45) Concurrent Mark Free 0.001ms
[29.169s][info][gc,phases   ] GC(45) Concurrent Process Non-Strong References 14.297ms
[29.169s][info][gc,phases   ] GC(45) Concurrent Reset Relocation Set 0.004ms
[29.172s][info][gc,phases   ] GC(45) Concurrent Select Relocation Set 2.205ms
[29.172s][info][gc,phases   ] GC(45) Pause Relocate Start 0.010ms
[29.174s][info][gc,phases   ] GC(45) Concurrent Relocate 1.701ms
[29.174s][info][gc,load     ] GC(45) Load: 0.00/0.00/0.00
[29.174s][info][gc,mmu      ] GC(45) MMU: 2ms/89.6%, 5ms/95.9%, 10ms/97.9%, 20ms/99.0%, 50ms/99.6%, 100ms/99.8%
[29.174s][info][gc,marking  ] GC(45) Mark: 2 stripe(s), 2 proactive flush(es), 1 terminate flush(es), 0 completion(s), 0 continuation(s) 
[29.174s][info][gc,marking  ] GC(45) Mark Stack Usage: 32M
[29.174s][info][gc,nmethod  ] GC(45) NMethods: 15246 registered, 1495 unregistered
[29.174s][info][gc,metaspace] GC(45) Metaspace: 151M used, 153M committed, 1216M reserved
[29.174s][info][gc,ref      ] GC(45) Soft: 3256 encountered, 0 discovered, 0 enqueued
[29.174s][info][gc,ref      ] GC(45) Weak: 15261 encountered, 4602 discovered, 302 enqueued
[29.174s][info][gc,ref      ] GC(45) Final: 52 encountered, 0 discovered, 0 enqueued
[29.174s][info][gc,ref      ] GC(45) Phantom: 600 encountered, 352 discovered, 0 enqueued
[29.174s][info][gc,reloc    ] GC(45) Small Pages: 62 / 124M, Empty: 0M, Relocated: 3M, In-Place: 0
[29.174s][info][gc,reloc    ] GC(45) Medium Pages: 6 / 192M, Empty: 32M, Relocated: 0M, In-Place: 0
[29.174s][info][gc,reloc    ] GC(45) Large Pages: 5 / 30M, Empty: 30M, Relocated: 0M, In-Place: 0
[29.174s][info][gc,reloc    ] GC(45) Forwarding Usage: 1M
[29.174s][info][gc,heap     ] GC(45) Min Capacity: 2048M(100%)
[29.174s][info][gc,heap     ] GC(45) Max Capacity: 2048M(100%)
[29.174s][info][gc,heap     ] GC(45) Soft Max Capacity: 2048M(100%)
[29.174s][info][gc,heap     ] GC(45)                Mark Start          Mark End        Relocate Start      Relocate End           High               Low         
[29.174s][info][gc,heap     ] GC(45)  Capacity:     2048M (100%)       2048M (100%)       2048M (100%)       2048M (100%)       2048M (100%)       2048M (100%)   
[29.174s][info][gc,heap     ] GC(45)      Free:     1702M (83%)        1644M (80%)        1684M (82%)        1740M (85%)        1740M (85%)        1622M (79%)    
[29.174s][info][gc,heap     ] GC(45)      Used:      346M (17%)         404M (20%)         364M (18%)         308M (15%)         426M (21%)         308M (15%)    
[29.174s][info][gc,heap     ] GC(45)      Live:         -               187M (9%)          187M (9%)          187M (9%)             -                  -          
[29.174s][info][gc,heap     ] GC(45) Allocated:         -                58M (3%)           80M (4%)           83M (4%)             -                  -          
[29.174s][info][gc,heap     ] GC(45)   Garbage:         -               158M (8%)           96M (5%)           36M (2%)             -                  -          
[29.174s][info][gc,heap     ] GC(45) Reclaimed:         -                  -                62M (3%)          121M (6%)             -                  -          
[29.174s][info][gc          ] GC(45) Garbage Collection (Allocation Rate) 346M(17%)->308M(15%)
[29.805s][info][gc,start    ] GC(46) Garbage Collection (Allocation Rate)
[29.806s][info][gc,task     ] GC(46) Using 2 workers
[29.806s][info][gc,phases   ] GC(46) Pause Mark Start 0.007ms
[29.864s][info][gc,phases   ] GC(46) Concurrent Mark 58.041ms
[29.864s][info][gc,phases   ] GC(46) Pause Mark End 0.108ms
[29.864s][info][gc,phases   ] GC(46) Concurrent Mark Free 0.001ms
[29.878s][info][gc,phases   ] GC(46) Concurrent Process Non-Strong References 14.006ms
[29.878s][info][gc,phases   ] GC(46) Concurrent Reset Relocation Set 0.004ms
[29.881s][info][gc,phases   ] GC(46) Concurrent Select Relocation Set 2.796ms
[29.881s][info][gc,phases   ] GC(46) Pause Relocate Start 0.017ms
[29.884s][info][gc,phases   ] GC(46) Concurrent Relocate 2.598ms
[29.884s][info][gc,load     ] GC(46) Load: 0.00/0.00/0.00
[29.884s][info][gc,mmu      ] GC(46) MMU: 2ms/89.6%, 5ms/95.9%, 10ms/97.9%, 20ms/99.0%, 50ms/99.6%, 100ms/99.8%
[29.884s][info][gc,marking  ] GC(46) Mark: 2 stripe(s), 2 proactive flush(es), 1 terminate flush(es), 1 completion(s), 0 continuation(s) 
[29.884s][info][gc,marking  ] GC(46) Mark Stack Usage: 32M
[29.884s][info][gc,nmethod  ] GC(46) NMethods: 15463 registered, 1523 unregistered
[29.884s][info][gc,metaspace] GC(46) Metaspace: 151M used, 153M committed, 1216M reserved
[29.884s][info][gc,ref      ] GC(46) Soft: 3257 encountered, 0 discovered, 0 enqueued
[29.884s][info][gc,ref      ] GC(46) Weak: 16656 encountered, 3178 discovered, 1599 enqueued
[29.884s][info][gc,ref      ] GC(46) Final: 52 encountered, 0 discovered, 0 enqueued
[29.884s][info][gc,ref      ] GC(46) Phantom: 600 encountered, 354 discovered, 0 enqueued
[29.884s][info][gc,reloc    ] GC(46) Small Pages: 170 / 340M, Empty: 10M, Relocated: 5M, In-Place: 0
[29.884s][info][gc,reloc    ] GC(46) Medium Pages: 9 / 288M, Empty: 128M, Relocated: 0M, In-Place: 0
[29.884s][info][gc,reloc    ] GC(46) Large Pages: 34 / 204M, Empty: 204M, Relocated: 0M, In-Place: 0
[29.884s][info][gc,reloc    ] GC(46) Forwarding Usage: 1M
[29.884s][info][gc,heap     ] GC(46) Min Capacity: 2048M(100%)
[29.884s][info][gc,heap     ] GC(46) Max Capacity: 2048M(100%)
[29.884s][info][gc,heap     ] GC(46) Soft Max Capacity: 2048M(100%)
[29.884s][info][gc,heap     ] GC(46)                Mark Start          Mark End        Relocate Start      Relocate End           High               Low         
[29.884s][info][gc,heap     ] GC(46)  Capacity:     2048M (100%)       2048M (100%)       2048M (100%)       2048M (100%)       2048M (100%)       2048M (100%)   
[29.884s][info][gc,heap     ] GC(46)      Free:     1216M (59%)        1134M (55%)        1472M (72%)        1730M (84%)        1732M (85%)        1130M (55%)    
[29.884s][info][gc,heap     ] GC(46)      Used:      832M (41%)         914M (45%)         576M (28%)         318M (16%)         918M (45%)         316M (15%)    
[29.884s][info][gc,heap     ] GC(46)      Live:         -               188M (9%)          188M (9%)          188M (9%)             -                  -          
[29.884s][info][gc,heap     ] GC(46) Allocated:         -                82M (4%)           86M (4%)           89M (4%)             -                  -          
[29.884s][info][gc,heap     ] GC(46)   Garbage:         -               643M (31%)         301M (15%)          39M (2%)             -                  -          
[29.884s][info][gc,heap     ] GC(46) Reclaimed:         -                  -               342M (17%)         603M (29%)            -                  -          
[29.884s][info][gc          ] GC(46) Garbage Collection (Allocation Rate) 832M(41%)->318M(16%)
[30.114s][info][gc,stats    ] === Garbage Collection Statistics =======================================================================================================================
[30.114s][info][gc,stats    ]                                                              Last 10s              Last 10m              Last 10h                Total
[30.114s][info][gc,stats    ]                                                              Avg / Max             Avg / Max             Avg / Max             Avg / Max
[30.114s][info][gc,stats    ]   Collector: Garbage Collection Cycle                     87.162 / 153.199      95.073 / 235.178      95.073 / 235.178      95.073 / 235.178     ms
[30.114s][info][gc,stats    ]  Contention: Mark Segment Reset Contention                     7 / 51                2 / 51                2 / 51                2 / 51          ops/s
[30.114s][info][gc,stats    ]  Contention: Mark SeqNum Reset Contention                      0 / 1                 0 / 1                 0 / 1                 0 / 1           ops/s
[30.114s][info][gc,stats    ]    Critical: Allocation Stall                                  2 / 6                 0 / 6                 0 / 6                 0 / 6           ops/s
[30.114s][info][gc,stats    ]    Critical: Allocation Stall                             36.869 / 76.911       36.869 / 76.911       36.869 / 76.911       36.869 / 76.911      ms
[30.114s][info][gc,stats    ]    Critical: GC Locker Stall                                   0 / 1                 0 / 1                 0 / 1                 0 / 1           ops/s
[30.114s][info][gc,stats    ]    Critical: GC Locker Stall                               0.039 / 0.041         0.029 / 0.041         0.029 / 0.041         0.029 / 0.041       ms
[30.114s][info][gc,stats    ]    Critical: Relocation Stall                                  0 / 0                 0 / 0                 0 / 0                 0 / 0           ops/s
[30.114s][info][gc,stats    ]    Critical: Relocation Stall                              0.000 / 0.000         0.000 / 0.000         0.000 / 0.000         0.000 / 0.000       ms
[30.114s][info][gc,stats    ]      Memory: Allocation Rate                                1550 / 2578            845 / 3030            845 / 3030            845 / 3030        MB/s
[30.114s][info][gc,stats    ]      Memory: Defragment                                       27 / 93                9 / 93                9 / 93                9 / 93          ops/s
[30.114s][info][gc,stats    ]      Memory: Out Of Memory                                     0 / 0                 0 / 0                 0 / 0                 0 / 0           ops/s
[30.114s][info][gc,stats    ]      Memory: Page Cache Flush                                176 / 276              58 / 276              58 / 276              58 / 276         MB/s
[30.114s][info][gc,stats    ]      Memory: Page Cache Hit L1                               533 / 978             289 / 1168            289 / 1168            289 / 1168        ops/s
[30.114s][info][gc,stats    ]      Memory: Page Cache Hit L2                                 0 / 0                 0 / 0                 0 / 0                 0 / 0           ops/s
[30.114s][info][gc,stats    ]      Memory: Page Cache Hit L3                                43 / 97               41 / 265              41 / 265              41 / 265         ops/s
[30.114s][info][gc,stats    ]      Memory: Page Cache Miss                                   8 / 23                2 / 23                2 / 23                2 / 23          ops/s
[30.114s][info][gc,stats    ]      Memory: Uncommit                                          0 / 0                 0 / 0                 0 / 0                 0 / 0           MB/s
[30.114s][info][gc,stats    ]      Memory: Undo Object Allocation Failed                     0 / 1                 0 / 1                 0 / 1                 0 / 1           ops/s
[30.114s][info][gc,stats    ]      Memory: Undo Object Allocation Succeeded                 54 / 263              18 / 263              18 / 263              18 / 263         ops/s
[30.114s][info][gc,stats    ]      Memory: Undo Page Allocation                              3 / 7                 1 / 7                 1 / 7                 1 / 7           ops/s
[30.114s][info][gc,stats    ]       Phase: Concurrent Mark                              57.183 / 87.518       62.866 / 160.845      62.866 / 160.845      62.866 / 160.845     ms
[30.114s][info][gc,stats    ]       Phase: Concurrent Mark Continue                      0.000 / 0.000         0.000 / 0.000         0.000 / 0.000         0.000 / 0.000       ms
[30.114s][info][gc,stats    ]       Phase: Concurrent Mark Free                          0.002 / 0.005         0.001 / 0.005         0.001 / 0.005         0.001 / 0.005       ms
[30.114s][info][gc,stats    ]       Phase: Concurrent Process Non-Strong References     17.697 / 32.171       18.471 / 63.816       18.471 / 63.816       18.471 / 63.816      ms
[30.114s][info][gc,stats    ]       Phase: Concurrent Relocate                           7.626 / 24.137        9.420 / 78.506        9.420 / 78.506        9.420 / 78.506      ms
[30.114s][info][gc,stats    ]       Phase: Concurrent Reset Relocation Set               0.007 / 0.015         0.006 / 0.023         0.006 / 0.023         0.006 / 0.023       ms
[30.114s][info][gc,stats    ]       Phase: Concurrent Select Relocation Set              2.467 / 4.288         2.574 / 6.265         2.574 / 6.265         2.574 / 6.265       ms
[30.114s][info][gc,stats    ]       Phase: Pause Mark End                                0.051 / 0.207         0.043 / 0.207         0.043 / 0.207         0.043 / 0.207       ms
[30.114s][info][gc,stats    ]       Phase: Pause Mark Start                              0.016 / 0.072         0.013 / 0.072         0.013 / 0.072         0.013 / 0.072       ms
[30.114s][info][gc,stats    ]       Phase: Pause Relocate Start                          0.010 / 0.018         0.010 / 0.018         0.010 / 0.018         0.010 / 0.018       ms
[30.114s][info][gc,stats    ]    Subphase: Concurrent Classes Purge                      0.231 / 1.557         0.301 / 1.557         0.301 / 1.557         0.301 / 1.557       ms
[30.114s][info][gc,stats    ]    Subphase: Concurrent Classes Unlink                    15.732 / 30.102       13.715 / 30.102       13.715 / 30.102       13.715 / 30.102      ms
[30.114s][info][gc,stats    ]    Subphase: Concurrent Mark                              46.920 / 81.415       52.644 / 147.243      52.644 / 147.243      52.644 / 147.243     ms
[30.114s][info][gc,stats    ]    Subphase: Concurrent Mark Try Flush                     0.352 / 8.294         1.986 / 29.293        1.986 / 29.293        1.986 / 29.293      ms
[30.114s][info][gc,stats    ]    Subphase: Concurrent Mark Try Terminate                 3.435 / 16.612        4.867 / 22.417        4.867 / 22.417        4.867 / 22.417      ms
[30.114s][info][gc,stats    ]    Subphase: Concurrent References Enqueue                 0.005 / 0.007         0.006 / 0.016         0.006 / 0.016         0.006 / 0.016       ms
[30.114s][info][gc,stats    ]    Subphase: Concurrent References Process                 0.372 / 0.699         0.377 / 0.829         0.377 / 0.829         0.377 / 0.829       ms
[30.114s][info][gc,stats    ]    Subphase: Concurrent Roots ClassLoaderDataGraph         0.191 / 0.454         0.190 / 0.454         0.190 / 0.454         0.190 / 0.454       ms
[30.114s][info][gc,stats    ]    Subphase: Concurrent Roots CodeCache                    0.000 / 0.000         0.000 / 0.000         0.000 / 0.000         0.000 / 0.000       ms
[30.114s][info][gc,stats    ]    Subphase: Concurrent Roots JavaThreads                  5.643 / 9.981         5.578 / 13.179        5.578 / 13.179        5.578 / 13.179      ms
[30.114s][info][gc,stats    ]    Subphase: Concurrent Roots OopStorageSet                0.067 / 0.201         0.063 / 0.201         0.063 / 0.201         0.063 / 0.201       ms
[30.114s][info][gc,stats    ]    Subphase: Concurrent Weak Roots OopStorageSet           1.016 / 1.626         1.000 / 1.641         1.000 / 1.641         1.000 / 1.641       ms
[30.115s][info][gc,stats    ]    Subphase: Pause Mark Try Complete                       0.022 / 0.138         0.018 / 0.138         0.018 / 0.138         0.018 / 0.138       ms
[30.115s][info][gc,stats    ]      System: Java Threads                                    282 / 286             200 / 286             200 / 286             200 / 286         threads
[30.115s][info][gc,stats    ] =========================================================================================================================================================
[30.193s][info][gc,start    ] GC(47) Garbage Collection (System.gc())
[30.193s][info][gc,task     ] GC(47) Using 2 workers
[30.193s][info][gc,phases   ] GC(47) Pause Mark Start 0.009ms
[30.239s][info][gc,phases   ] GC(47) Concurrent Mark 45.686ms
[30.239s][info][gc,phases   ] GC(47) Pause Mark End 0.039ms
[30.239s][info][gc,phases   ] GC(47) Concurrent Mark Free 0.003ms
[30.254s][info][gc,phases   ] GC(47) Concurrent Process Non-Strong References 14.224ms
[30.254s][info][gc,phases   ] GC(47) Concurrent Reset Relocation Set 0.012ms
[30.256s][info][gc,phases   ] GC(47) Concurrent Select Relocation Set 2.618ms
[30.257s][info][gc,phases   ] GC(47) Pause Relocate Start 0.011ms
[30.259s][info][gc,phases   ] GC(47) Concurrent Relocate 2.750ms
[30.259s][info][gc,load     ] GC(47) Load: 0.00/0.00/0.00
[30.259s][info][gc,mmu      ] GC(47) MMU: 2ms/89.6%, 5ms/95.9%, 10ms/97.9%, 20ms/99.0%, 50ms/99.6%, 100ms/99.8%
[30.259s][info][gc,marking  ] GC(47) Mark: 2 stripe(s), 3 proactive flush(es), 1 terminate flush(es), 0 completion(s), 0 continuation(s) 
[30.259s][info][gc,marking  ] GC(47) Mark Stack Usage: 32M
[30.260s][info][gc,nmethod  ] GC(47) NMethods: 15615 registered, 1558 unregistered
[30.260s][info][gc,metaspace] GC(47) Metaspace: 152M used, 153M committed, 1216M reserved
[30.260s][info][gc,ref      ] GC(47) Soft: 3476 encountered, 0 discovered, 0 enqueued
[30.260s][info][gc,ref      ] GC(47) Weak: 16171 encountered, 2888 discovered, 1129 enqueued
[30.260s][info][gc,ref      ] GC(47) Final: 52 encountered, 0 discovered, 0 enqueued
[30.260s][info][gc,ref      ] GC(47) Phantom: 600 encountered, 358 discovered, 0 enqueued
[30.260s][info][gc,reloc    ] GC(47) Small Pages: 126 / 252M, Empty: 2M, Relocated: 4M, In-Place: 0
[30.260s][info][gc,reloc    ] GC(47) Medium Pages: 7 / 224M, Empty: 128M, Relocated: 0M, In-Place: 0
[30.260s][info][gc,reloc    ] GC(47) Large Pages: 15 / 90M, Empty: 90M, Relocated: 0M, In-Place: 0
[30.260s][info][gc,reloc    ] GC(47) Forwarding Usage: 1M
[30.260s][info][gc,heap     ] GC(47) Min Capacity: 2048M(100%)
[30.260s][info][gc,heap     ] GC(47) Max Capacity: 2048M(100%)
[30.260s][info][gc,heap     ] GC(47) Soft Max Capacity: 2048M(100%)
[30.260s][info][gc,heap     ] GC(47)                Mark Start          Mark End        Relocate Start      Relocate End           High               Low         
[30.260s][info][gc,heap     ] GC(47)  Capacity:     2048M (100%)       2048M (100%)       2048M (100%)       2048M (100%)       2048M (100%)       2048M (100%)   
[30.260s][info][gc,heap     ] GC(47)      Free:     1482M (72%)        1480M (72%)        1690M (83%)        1868M (91%)        1872M (91%)        1472M (72%)    
[30.260s][info][gc,heap     ] GC(47)      Used:      566M (28%)         568M (28%)         358M (17%)         180M (9%)          576M (28%)         176M (9%)     
[30.260s][info][gc,heap     ] GC(47)      Live:         -               125M (6%)          125M (6%)          125M (6%)             -                  -          
[30.260s][info][gc,heap     ] GC(47) Allocated:         -                 2M (0%)           12M (1%)           17M (1%)             -                  -          
[30.260s][info][gc,heap     ] GC(47)   Garbage:         -               440M (22%)         220M (11%)          36M (2%)             -                  -          
[30.260s][info][gc,heap     ] GC(47) Reclaimed:         -                  -               220M (11%)         403M (20%)            -                  -          
[30.260s][info][gc          ] GC(47) Garbage Collection (System.gc()) 566M(28%)->180M(9%)
[30.602s][info][gc,start    ] GC(48) Garbage Collection (Allocation Rate)
[30.602s][info][gc,task     ] GC(48) Using 2 workers
[30.602s][info][gc,phases   ] GC(48) Pause Mark Start 0.009ms
[30.649s][info][gc,phases   ] GC(48) Concurrent Mark 46.850ms
[30.650s][info][gc,phases   ] GC(48) Pause Mark End 0.015ms
[30.650s][info][gc,phases   ] GC(48) Concurrent Mark Free 0.002ms
[30.677s][info][gc,phases   ] GC(48) Concurrent Process Non-Strong References 27.607ms
[30.677s][info][gc,phases   ] GC(48) Concurrent Reset Relocation Set 0.007ms
[30.677s][info][gc          ] Allocation Stall (netty-rpc-env-timeout) 0.054ms
[30.677s][info][gc          ] Allocation Stall (Executor task launch worker for task 0.0 in stage 279.0 (TID 1118)) 59.241ms
[30.677s][info][gc          ] Allocation Stall (Executor task launch worker for task 2.0 in stage 279.0 (TID 1120)) 59.179ms
[30.677s][info][gc          ] Allocation Stall (Executor task launch worker for task 3.0 in stage 279.0 (TID 1121)) 60.366ms
[30.677s][info][gc          ] Allocation Stall (dispatcher-BlockManagerMaster) 0.077ms
[30.677s][info][gc          ] Allocation Stall (Executor task launch worker for task 4.0 in stage 279.0 (TID 1122)) 60.493ms
[30.677s][info][gc          ] Allocation Stall (Executor task launch worker for task 1.0 in stage 279.0 (TID 1119)) 60.286ms
[30.682s][info][gc,phases   ] GC(48) Concurrent Select Relocation Set 4.533ms
[30.682s][info][gc,phases   ] GC(48) Pause Relocate Start 0.008ms
[30.706s][info][gc,phases   ] GC(48) Concurrent Relocate 23.203ms
[30.706s][info][gc,load     ] GC(48) Load: 0.00/0.00/0.00
[30.706s][info][gc,mmu      ] GC(48) MMU: 2ms/89.6%, 5ms/95.9%, 10ms/97.9%, 20ms/99.0%, 50ms/99.6%, 100ms/99.8%
[30.706s][info][gc,marking  ] GC(48) Mark: 2 stripe(s), 2 proactive flush(es), 1 terminate flush(es), 0 completion(s), 0 continuation(s) 
[30.706s][info][gc,marking  ] GC(48) Mark Stack Usage: 32M
[30.706s][info][gc,nmethod  ] GC(48) NMethods: 15696 registered, 1589 unregistered
[30.706s][info][gc,metaspace] GC(48) Metaspace: 152M used, 153M committed, 1216M reserved
[30.706s][info][gc,ref      ] GC(48) Soft: 3540 encountered, 0 discovered, 0 enqueued
[30.706s][info][gc,ref      ] GC(48) Weak: 15409 encountered, 2725 discovered, 232 enqueued
[30.706s][info][gc,ref      ] GC(48) Final: 52 encountered, 0 discovered, 0 enqueued
[30.706s][info][gc,ref      ] GC(48) Phantom: 600 encountered, 340 discovered, 0 enqueued
[30.706s][info][gc,reloc    ] GC(48) Small Pages: 822 / 1644M, Empty: 1224M, Relocated: 6M, In-Place: 0
[30.706s][info][gc,reloc    ] GC(48) Medium Pages: 9 / 288M, Empty: 0M, Relocated: 47M, In-Place: 0
[30.706s][info][gc,reloc    ] GC(48) Large Pages: 6 / 36M, Empty: 36M, Relocated: 0M, In-Place: 0
[30.706s][info][gc,reloc    ] GC(48) Forwarding Usage: 0M
[30.706s][info][gc,heap     ] GC(48) Min Capacity: 2048M(100%)
[30.706s][info][gc,heap     ] GC(48) Max Capacity: 2048M(100%)
[30.706s][info][gc,heap     ] GC(48) Soft Max Capacity: 2048M(100%)
[30.706s][info][gc,heap     ] GC(48)                Mark Start          Mark End        Relocate Start      Relocate End           High               Low         
[30.706s][info][gc,heap     ] GC(48)  Capacity:     2048M (100%)       2048M (100%)       2048M (100%)       2048M (100%)       2048M (100%)       2048M (100%)   
[30.706s][info][gc,heap     ] GC(48)      Free:       80M (4%)            0M (0%)         1232M (60%)        1608M (79%)        1612M (79%)           0M (0%)     
[30.706s][info][gc,heap     ] GC(48)      Used:     1968M (96%)        2048M (100%)        816M (40%)         440M (21%)        2048M (100%)        436M (21%)    
[30.706s][info][gc,heap     ] GC(48)      Live:         -               177M (9%)          177M (9%)          177M (9%)             -                  -          
[30.706s][info][gc,heap     ] GC(48) Allocated:         -                80M (4%)          108M (5%)          224M (11%)            -                  -          
[30.706s][info][gc,heap     ] GC(48)   Garbage:         -              1790M (87%)         530M (26%)          38M (2%)             -                  -          
[30.706s][info][gc,heap     ] GC(48) Reclaimed:         -                  -              1260M (62%)        1752M (86%)            -                  -          
[30.706s][info][gc          ] GC(48) Garbage Collection (Allocation Rate) 1968M(96%)->440M(21%)
[30.712s][info][gc,start    ] GC(49) Garbage Collection (Allocation Stall)
[30.712s][info][gc,ref      ] GC(49) Clearing All SoftReferences
[30.712s][info][gc,task     ] GC(49) Using 2 workers
[30.712s][info][gc,ref      ] GC(49) Clearing All SoftReferences
[30.712s][info][gc,phases   ] GC(49) Pause Mark Start 0.029ms
[30.759s][info][gc,phases   ] GC(49) Concurrent Mark 46.261ms
[30.759s][info][gc,phases   ] GC(49) Pause Mark End 0.013ms
[30.759s][info][gc,phases   ] GC(49) Concurrent Mark Free 0.001ms
[30.788s][info][gc,phases   ] GC(49) Concurrent Process Non-Strong References 29.146ms
[30.788s][info][gc,phases   ] GC(49) Concurrent Reset Relocation Set 0.009ms
[30.790s][info][gc,phases   ] GC(49) Concurrent Select Relocation Set 2.097ms
[30.790s][info][gc,phases   ] GC(49) Pause Relocate Start 0.007ms
[30.797s][info][gc,phases   ] GC(49) Concurrent Relocate 6.502ms
[30.797s][info][gc,load     ] GC(49) Load: 0.00/0.00/0.00
[30.797s][info][gc,mmu      ] GC(49) MMU: 2ms/89.6%, 5ms/95.9%, 10ms/97.9%, 20ms/99.0%, 50ms/99.6%, 100ms/99.8%
[30.797s][info][gc,marking  ] GC(49) Mark: 2 stripe(s), 2 proactive flush(es), 1 terminate flush(es), 0 completion(s), 0 continuation(s) 
[30.797s][info][gc,marking  ] GC(49) Mark Stack Usage: 32M
[30.797s][info][gc,nmethod  ] GC(49) NMethods: 15700 registered, 1592 unregistered
[30.797s][info][gc,metaspace] GC(49) Metaspace: 152M used, 153M committed, 1216M reserved
[30.797s][info][gc,ref      ] GC(49) Soft: 3485 encountered, 3125 discovered, 246 enqueued
[30.797s][info][gc,ref      ] GC(49) Weak: 15116 encountered, 2133 discovered, 45 enqueued
[30.797s][info][gc,ref      ] GC(49) Final: 52 encountered, 0 discovered, 0 enqueued
[30.797s][info][gc,ref      ] GC(49) Phantom: 600 encountered, 400 discovered, 0 enqueued
[30.797s][info][gc,reloc    ] GC(49) Small Pages: 145 / 290M, Empty: 112M, Relocated: 6M, In-Place: 0
[30.797s][info][gc,reloc    ] GC(49) Medium Pages: 7 / 224M, Empty: 0M, Relocated: 25M, In-Place: 0
[30.797s][info][gc,reloc    ] GC(49) Large Pages: 0 / 0M, Empty: 0M, Relocated: 0M, In-Place: 0
[30.797s][info][gc,reloc    ] GC(49) Forwarding Usage: 1M
[30.797s][info][gc,heap     ] GC(49) Min Capacity: 2048M(100%)
[30.797s][info][gc,heap     ] GC(49) Max Capacity: 2048M(100%)
[30.797s][info][gc,heap     ] GC(49) Soft Max Capacity: 2048M(100%)
[30.797s][info][gc,heap     ] GC(49)                Mark Start          Mark End        Relocate Start      Relocate End           High               Low         
[30.797s][info][gc,heap     ] GC(49)  Capacity:     2048M (100%)       2048M (100%)       2048M (100%)       2048M (100%)       2048M (100%)       2048M (100%)   
[30.797s][info][gc,heap     ] GC(49)      Free:     1534M (75%)        1458M (71%)        1544M (75%)        1716M (84%)        1716M (84%)        1434M (70%)    
[30.797s][info][gc,heap     ] GC(49)      Used:      514M (25%)         590M (29%)         504M (25%)         332M (16%)         614M (30%)         332M (16%)    
[30.797s][info][gc,heap     ] GC(49)      Live:         -               190M (9%)          190M (9%)          190M (9%)             -                  -          
[30.797s][info][gc,heap     ] GC(49) Allocated:         -                76M (4%)          102M (5%)          103M (5%)             -                  -          
[30.797s][info][gc,heap     ] GC(49)   Garbage:         -               323M (16%)         211M (10%)          38M (2%)             -                  -          
[30.797s][info][gc,heap     ] GC(49) Reclaimed:         -                  -               112M (5%)          285M (14%)            -                  -          
[30.797s][info][gc          ] GC(49) Garbage Collection (Allocation Stall) 514M(25%)->332M(16%)
[30.911s][info][gc,start    ] GC(50) Garbage Collection (Allocation Rate)
[30.911s][info][gc,task     ] GC(50) Using 2 workers
[30.911s][info][gc,phases   ] GC(50) Pause Mark Start 0.008ms
[30.962s][info][gc,phases   ] GC(50) Concurrent Mark 49.992ms
[30.962s][info][gc,phases   ] GC(50) Pause Mark End 0.023ms
[30.962s][info][gc,phases   ] GC(50) Concurrent Mark Free 0.001ms
[30.992s][info][gc,phases   ] GC(50) Concurrent Process Non-Strong References 30.671ms
[30.993s][info][gc,phases   ] GC(50) Concurrent Reset Relocation Set 0.007ms
[30.995s][info][gc,phases   ] GC(50) Concurrent Select Relocation Set 2.377ms
[30.995s][info][gc,phases   ] GC(50) Pause Relocate Start 0.009ms
[31.000s][info][gc,phases   ] GC(50) Concurrent Relocate 5.393ms
[31.001s][info][gc,load     ] GC(50) Load: 0.00/0.00/0.00
[31.001s][info][gc,mmu      ] GC(50) MMU: 2ms/89.6%, 5ms/95.9%, 10ms/97.9%, 20ms/99.0%, 50ms/99.6%, 100ms/99.8%
[31.001s][info][gc,marking  ] GC(50) Mark: 2 stripe(s), 2 proactive flush(es), 1 terminate flush(es), 0 completion(s), 0 continuation(s) 
[31.001s][info][gc,marking  ] GC(50) Mark Stack Usage: 32M
[31.001s][info][gc,nmethod  ] GC(50) NMethods: 15712 registered, 1604 unregistered
[31.001s][info][gc,metaspace] GC(50) Metaspace: 152M used, 153M committed, 1216M reserved
[31.001s][info][gc,ref      ] GC(50) Soft: 3270 encountered, 0 discovered, 0 enqueued
[31.001s][info][gc,ref      ] GC(50) Weak: 15427 encountered, 2962 discovered, 458 enqueued
[31.001s][info][gc,ref      ] GC(50) Final: 52 encountered, 0 discovered, 0 enqueued
[31.001s][info][gc,ref      ] GC(50) Phantom: 600 encountered, 336 discovered, 0 enqueued
[31.001s][info][gc,reloc    ] GC(50) Small Pages: 81 / 162M, Empty: 8M, Relocated: 4M, In-Place: 0
[31.001s][info][gc,reloc    ] GC(50) Medium Pages: 7 / 224M, Empty: 32M, Relocated: 20M, In-Place: 0
[31.001s][info][gc,reloc    ] GC(50) Large Pages: 9 / 54M, Empty: 54M, Relocated: 0M, In-Place: 0
[31.001s][info][gc,reloc    ] GC(50) Forwarding Usage: 0M
[31.001s][info][gc,heap     ] GC(50) Min Capacity: 2048M(100%)
[31.001s][info][gc,heap     ] GC(50) Max Capacity: 2048M(100%)
[31.001s][info][gc,heap     ] GC(50) Soft Max Capacity: 2048M(100%)
[31.001s][info][gc,heap     ] GC(50)                Mark Start          Mark End        Relocate Start      Relocate End           High               Low         
[31.001s][info][gc,heap     ] GC(50)  Capacity:     2048M (100%)       2048M (100%)       2048M (100%)       2048M (100%)       2048M (100%)       2048M (100%)   
[31.001s][info][gc,heap     ] GC(50)      Free:     1608M (79%)        1548M (76%)        1608M (79%)        1724M (84%)        1724M (84%)        1514M (74%)    
[31.001s][info][gc,heap     ] GC(50)      Used:      440M (21%)         500M (24%)         440M (21%)         324M (16%)         534M (26%)         324M (16%)    
[31.001s][info][gc,heap     ] GC(50)      Live:         -               187M (9%)          187M (9%)          187M (9%)             -                  -          
[31.001s][info][gc,heap     ] GC(50) Allocated:         -                60M (3%)           94M (5%)           95M (5%)             -                  -          
[31.001s][info][gc,heap     ] GC(50)   Garbage:         -               252M (12%)         158M (8%)           40M (2%)             -                  -          
[31.001s][info][gc,heap     ] GC(50) Reclaimed:         -                  -                94M (5%)          211M (10%)            -                  -          
[31.001s][info][gc          ] GC(50) Garbage Collection (Allocation Rate) 440M(21%)->324M(16%)
[31.809s][info][gc,start    ] GC(51) Garbage Collection (Allocation Rate)
[31.809s][info][gc,task     ] GC(51) Using 2 workers
[31.809s][info][gc,phases   ] GC(51) Pause Mark Start 0.008ms
[31.866s][info][gc,phases   ] GC(51) Concurrent Mark 57.029ms
[31.867s][info][gc,phases   ] GC(51) Pause Mark End 0.078ms
[31.867s][info][gc,phases   ] GC(51) Concurrent Mark Free 0.001ms
[31.882s][info][gc,phases   ] GC(51) Concurrent Process Non-Strong References 15.499ms
[31.883s][info][gc,phases   ] GC(51) Concurrent Reset Relocation Set 0.005ms
[31.885s][info][gc,phases   ] GC(51) Concurrent Select Relocation Set 2.103ms
[31.885s][info][gc,phases   ] GC(51) Pause Relocate Start 0.010ms
[31.887s][info][gc,phases   ] GC(51) Concurrent Relocate 2.002ms
[31.887s][info][gc,load     ] GC(51) Load: 0.00/0.00/0.00
[31.887s][info][gc,mmu      ] GC(51) MMU: 2ms/89.6%, 5ms/95.9%, 10ms/97.9%, 20ms/99.0%, 50ms/99.6%, 100ms/99.8%
[31.887s][info][gc,marking  ] GC(51) Mark: 2 stripe(s), 2 proactive flush(es), 1 terminate flush(es), 1 completion(s), 0 continuation(s) 
[31.887s][info][gc,marking  ] GC(51) Mark Stack Usage: 32M
[31.887s][info][gc,nmethod  ] GC(51) NMethods: 15745 registered, 1642 unregistered
[31.887s][info][gc,metaspace] GC(51) Metaspace: 152M used, 153M committed, 1216M reserved
[31.887s][info][gc,ref      ] GC(51) Soft: 3269 encountered, 0 discovered, 0 enqueued
[31.887s][info][gc,ref      ] GC(51) Weak: 17107 encountered, 4568 discovered, 2183 enqueued
[31.887s][info][gc,ref      ] GC(51) Final: 52 encountered, 0 discovered, 0 enqueued
[31.887s][info][gc,ref      ] GC(51) Phantom: 600 encountered, 382 discovered, 0 enqueued
[31.887s][info][gc,reloc    ] GC(51) Small Pages: 211 / 422M, Empty: 20M, Relocated: 5M, In-Place: 0
[31.887s][info][gc,reloc    ] GC(51) Medium Pages: 10 / 320M, Empty: 160M, Relocated: 0M, In-Place: 0
[31.887s][info][gc,reloc    ] GC(51) Large Pages: 44 / 264M, Empty: 258M, Relocated: 0M, In-Place: 0
[31.887s][info][gc,reloc    ] GC(51) Forwarding Usage: 0M
[31.887s][info][gc,heap     ] GC(51) Min Capacity: 2048M(100%)
[31.887s][info][gc,heap     ] GC(51) Max Capacity: 2048M(100%)
[31.887s][info][gc,heap     ] GC(51) Soft Max Capacity: 2048M(100%)
[31.887s][info][gc,heap     ] GC(51)                Mark Start          Mark End        Relocate Start      Relocate End           High               Low         
[31.887s][info][gc,heap     ] GC(51)  Capacity:     2048M (100%)       2048M (100%)       2048M (100%)       2048M (100%)       2048M (100%)       2048M (100%)   
[31.887s][info][gc,heap     ] GC(51)      Free:     1042M (51%)         966M (47%)        1396M (68%)        1728M (84%)        1728M (84%)         958M (47%)    
[31.887s][info][gc,heap     ] GC(51)      Used:     1006M (49%)        1082M (53%)         652M (32%)         320M (16%)        1090M (53%)         320M (16%)    
[31.887s][info][gc,heap     ] GC(51)      Live:         -               195M (10%)         195M (10%)         195M (10%)            -                  -          
[31.887s][info][gc,heap     ] GC(51) Allocated:         -                76M (4%)           84M (4%)           83M (4%)             -                  -          
[31.887s][info][gc,heap     ] GC(51)   Garbage:         -               810M (40%)         372M (18%)          40M (2%)             -                  -          
[31.887s][info][gc,heap     ] GC(51) Reclaimed:         -                  -               438M (21%)         769M (38%)            -                  -          
[31.887s][info][gc          ] GC(51) Garbage Collection (Allocation Rate) 1006M(49%)->320M(16%)
[32.155s][info][gc,start    ] GC(52) Garbage Collection (System.gc())
[32.155s][info][gc,task     ] GC(52) Using 2 workers
[32.155s][info][gc,phases   ] GC(52) Pause Mark Start 0.005ms
[32.202s][info][gc,phases   ] GC(52) Concurrent Mark 46.569ms
[32.202s][info][gc,phases   ] GC(52) Pause Mark End 0.032ms
[32.202s][info][gc,phases   ] GC(52) Concurrent Mark Free 0.003ms
[32.217s][info][gc,phases   ] GC(52) Concurrent Process Non-Strong References 14.576ms
[32.217s][info][gc,phases   ] GC(52) Concurrent Reset Relocation Set 0.013ms
[32.220s][info][gc,phases   ] GC(52) Concurrent Select Relocation Set 2.682ms
[32.220s][info][gc,phases   ] GC(52) Pause Relocate Start 0.011ms
[32.224s][info][gc,phases   ] GC(52) Concurrent Relocate 4.353ms
[32.224s][info][gc,load     ] GC(52) Load: 0.00/0.00/0.00
[32.224s][info][gc,mmu      ] GC(52) MMU: 2ms/89.6%, 5ms/95.9%, 10ms/97.9%, 20ms/99.0%, 50ms/99.6%, 100ms/99.8%
[32.224s][info][gc,marking  ] GC(52) Mark: 2 stripe(s), 1 proactive flush(es), 1 terminate flush(es), 0 completion(s), 0 continuation(s) 
[32.224s][info][gc,marking  ] GC(52) Mark Stack Usage: 32M
[32.224s][info][gc,nmethod  ] GC(52) NMethods: 15846 registered, 1664 unregistered
[32.224s][info][gc,metaspace] GC(52) Metaspace: 152M used, 153M committed, 1216M reserved
[32.224s][info][gc,ref      ] GC(52) Soft: 3486 encountered, 0 discovered, 0 enqueued
[32.224s][info][gc,ref      ] GC(52) Weak: 15891 encountered, 2988 discovered, 848 enqueued
[32.224s][info][gc,ref      ] GC(52) Final: 52 encountered, 0 discovered, 0 enqueued
[32.224s][info][gc,ref      ] GC(52) Phantom: 600 encountered, 364 discovered, 0 enqueued
[32.224s][info][gc,reloc    ] GC(52) Small Pages: 114 / 228M, Empty: 4M, Relocated: 4M, In-Place: 0
[32.224s][info][gc,reloc    ] GC(52) Medium Pages: 7 / 224M, Empty: 96M, Relocated: 12M, In-Place: 0
[32.224s][info][gc,reloc    ] GC(52) Large Pages: 12 / 72M, Empty: 72M, Relocated: 0M, In-Place: 0
[32.224s][info][gc,reloc    ] GC(52) Forwarding Usage: 1M
[32.224s][info][gc,heap     ] GC(52) Min Capacity: 2048M(100%)
[32.224s][info][gc,heap     ] GC(52) Max Capacity: 2048M(100%)
[32.224s][info][gc,heap     ] GC(52) Soft Max Capacity: 2048M(100%)
[32.224s][info][gc,heap     ] GC(52)                Mark Start          Mark End        Relocate Start      Relocate End           High               Low         
[32.224s][info][gc,heap     ] GC(52)  Capacity:     2048M (100%)       2048M (100%)       2048M (100%)       2048M (100%)       2048M (100%)       2048M (100%)   
[32.224s][info][gc,heap     ] GC(52)      Free:     1524M (74%)        1524M (74%)        1684M (82%)        1864M (91%)        1866M (91%)        1514M (74%)    
[32.224s][info][gc,heap     ] GC(52)      Used:      524M (26%)         524M (26%)         364M (18%)         184M (9%)          534M (26%)         182M (9%)     
[32.224s][info][gc,heap     ] GC(52)      Live:         -               125M (6%)          125M (6%)          125M (6%)             -                  -          
[32.224s][info][gc,heap     ] GC(52) Allocated:         -                 0M (0%)           12M (1%)           21M (1%)             -                  -          
[32.224s][info][gc,heap     ] GC(52)   Garbage:         -               398M (19%)         226M (11%)          36M (2%)             -                  -          
[32.224s][info][gc,heap     ] GC(52) Reclaimed:         -                  -               172M (8%)          361M (18%)            -                  -          
[32.224s][info][gc          ] GC(52) Garbage Collection (System.gc()) 524M(26%)->184M(9%)
[32.517s][info][gc,start    ] GC(53) Garbage Collection (Allocation Rate)
[32.518s][info][gc,task     ] GC(53) Using 2 workers
[32.518s][info][gc,phases   ] GC(53) Pause Mark Start 0.012ms
[32.596s][info][gc,phases   ] GC(53) Concurrent Mark 77.951ms
[32.596s][info][gc,phases   ] GC(53) Pause Mark End 0.027ms
[32.596s][info][gc,phases   ] GC(53) Concurrent Mark Free 0.001ms
[32.625s][info][gc,phases   ] GC(53) Concurrent Process Non-Strong References 28.457ms
[32.625s][info][gc,phases   ] GC(53) Concurrent Reset Relocation Set 0.007ms
[32.625s][info][gc          ] Allocation Stall (Executor task launch worker for task 2.0 in stage 325.0 (TID 1304)) 29.102ms
[32.625s][info][gc          ] Allocation Stall (dispatcher-BlockManagerMaster) 0.055ms
[32.625s][info][gc          ] Allocation Stall (Executor task launch worker for task 0.0 in stage 325.0 (TID 1302)) 29.471ms
[32.625s][info][gc          ] Allocation Stall (Executor task launch worker for task 4.0 in stage 325.0 (TID 1306)) 28.831ms
[32.625s][info][gc          ] Allocation Stall (Executor task launch worker for task 3.0 in stage 325.0 (TID 1305)) 30.629ms
[32.625s][info][gc          ] Allocation Stall (Executor task launch worker for task 1.0 in stage 325.0 (TID 1303)) 30.704ms
[32.628s][info][gc,phases   ] GC(53) Concurrent Select Relocation Set 3.274ms
[32.628s][info][gc,phases   ] GC(53) Pause Relocate Start 0.009ms
[32.654s][info][gc,phases   ] GC(53) Concurrent Relocate 25.330ms
[32.654s][info][gc,load     ] GC(53) Load: 0.00/0.00/0.00
[32.654s][info][gc,mmu      ] GC(53) MMU: 2ms/89.6%, 5ms/95.9%, 10ms/97.9%, 20ms/99.0%, 50ms/99.6%, 100ms/99.8%
[32.654s][info][gc,marking  ] GC(53) Mark: 2 stripe(s), 2 proactive flush(es), 1 terminate flush(es), 0 completion(s), 0 continuation(s) 
[32.654s][info][gc,marking  ] GC(53) Mark Stack Usage: 32M
[32.654s][info][gc,nmethod  ] GC(53) NMethods: 15920 registered, 1685 unregistered
[32.654s][info][gc,metaspace] GC(53) Metaspace: 152M used, 153M committed, 1216M reserved
[32.654s][info][gc,ref      ] GC(53) Soft: 3550 encountered, 0 discovered, 0 enqueued
[32.654s][info][gc,ref      ] GC(53) Weak: 15405 encountered, 4416 discovered, 228 enqueued
[32.654s][info][gc,ref      ] GC(53) Final: 52 encountered, 0 discovered, 0 enqueued
[32.654s][info][gc,ref      ] GC(53) Phantom: 600 encountered, 365 discovered, 0 enqueued
[32.654s][info][gc,reloc    ] GC(53) Small Pages: 705 / 1410M, Empty: 1064M, Relocated: 6M, In-Place: 0
[32.654s][info][gc,reloc    ] GC(53) Medium Pages: 8 / 256M, Empty: 0M, Relocated: 48M, In-Place: 0
[32.654s][info][gc,reloc    ] GC(53) Large Pages: 6 / 36M, Empty: 36M, Relocated: 0M, In-Place: 0
[32.654s][info][gc,reloc    ] GC(53) Forwarding Usage: 1M
[32.654s][info][gc,heap     ] GC(53) Min Capacity: 2048M(100%)
[32.654s][info][gc,heap     ] GC(53) Max Capacity: 2048M(100%)
[32.654s][info][gc,heap     ] GC(53) Soft Max Capacity: 2048M(100%)
[32.654s][info][gc,heap     ] GC(53)                Mark Start          Mark End        Relocate Start      Relocate End           High               Low         
[32.654s][info][gc,heap     ] GC(53)  Capacity:     2048M (100%)       2048M (100%)       2048M (100%)       2048M (100%)       2048M (100%)       2048M (100%)   
[32.654s][info][gc,heap     ] GC(53)      Free:      346M (17%)           0M (0%)         1078M (53%)        1354M (66%)        1366M (67%)           0M (0%)     
[32.654s][info][gc,heap     ] GC(53)      Used:     1702M (83%)        2048M (100%)        970M (47%)         694M (34%)        2048M (100%)        682M (33%)    
[32.654s][info][gc,heap     ] GC(53)      Live:         -               165M (8%)          165M (8%)          165M (8%)             -                  -          
[32.654s][info][gc,heap     ] GC(53) Allocated:         -               346M (17%)         368M (18%)         489M (24%)            -                  -          
[32.654s][info][gc,heap     ] GC(53)   Garbage:         -              1536M (75%)         436M (21%)          39M (2%)             -                  -          
[32.654s][info][gc,heap     ] GC(53) Reclaimed:         -                  -              1100M (54%)        1497M (73%)            -                  -          
[32.654s][info][gc          ] GC(53) Garbage Collection (Allocation Rate) 1702M(83%)->694M(34%)
[32.704s][info][gc,start    ] GC(54) Garbage Collection (Allocation Stall)
[32.704s][info][gc,ref      ] GC(54) Clearing All SoftReferences
[32.704s][info][gc,task     ] GC(54) Using 2 workers
[32.704s][info][gc,ref      ] GC(54) Clearing All SoftReferences
[32.704s][info][gc,phases   ] GC(54) Pause Mark Start 0.045ms
[32.750s][info][gc,phases   ] GC(54) Concurrent Mark 45.811ms
[32.750s][info][gc,phases   ] GC(54) Pause Mark End 0.073ms
[32.750s][info][gc,phases   ] GC(54) Concurrent Mark Free 0.001ms
[32.781s][info][gc,phases   ] GC(54) Concurrent Process Non-Strong References 30.781ms
[32.781s][info][gc,phases   ] GC(54) Concurrent Reset Relocation Set 0.010ms
[32.783s][info][gc,phases   ] GC(54) Concurrent Select Relocation Set 1.998ms
[32.783s][info][gc,phases   ] GC(54) Pause Relocate Start 0.009ms
[32.792s][info][gc,phases   ] GC(54) Concurrent Relocate 8.780ms
[32.792s][info][gc,load     ] GC(54) Load: 0.00/0.00/0.00
[32.792s][info][gc,mmu      ] GC(54) MMU: 2ms/89.6%, 5ms/95.9%, 10ms/97.9%, 20ms/99.0%, 50ms/99.6%, 100ms/99.8%
[32.792s][info][gc,marking  ] GC(54) Mark: 2 stripe(s), 2 proactive flush(es), 1 terminate flush(es), 1 completion(s), 0 continuation(s) 
[32.792s][info][gc,marking  ] GC(54) Mark Stack Usage: 32M
[32.792s][info][gc,nmethod  ] GC(54) NMethods: 15925 registered, 1685 unregistered
[32.792s][info][gc,metaspace] GC(54) Metaspace: 152M used, 153M committed, 1216M reserved
[32.792s][info][gc,ref      ] GC(54) Soft: 3484 encountered, 3106 discovered, 235 enqueued
[32.792s][info][gc,ref      ] GC(54) Weak: 15206 encountered, 3313 discovered, 56 enqueued
[32.792s][info][gc,ref      ] GC(54) Final: 52 encountered, 0 discovered, 0 enqueued
[32.792s][info][gc,ref      ] GC(54) Phantom: 600 encountered, 372 discovered, 0 enqueued
[32.792s][info][gc,reloc    ] GC(54) Small Pages: 270 / 540M, Empty: 324M, Relocated: 5M, In-Place: 0
[32.792s][info][gc,reloc    ] GC(54) Medium Pages: 8 / 256M, Empty: 0M, Relocated: 45M, In-Place: 0
[32.792s][info][gc,reloc    ] GC(54) Large Pages: 1 / 6M, Empty: 6M, Relocated: 0M, In-Place: 0
[32.792s][info][gc,reloc    ] GC(54) Forwarding Usage: 1M
[32.792s][info][gc,heap     ] GC(54) Min Capacity: 2048M(100%)
[32.792s][info][gc,heap     ] GC(54) Max Capacity: 2048M(100%)
[32.792s][info][gc,heap     ] GC(54) Soft Max Capacity: 2048M(100%)
[32.792s][info][gc,heap     ] GC(54)                Mark Start          Mark End        Relocate Start      Relocate End           High               Low         
[32.792s][info][gc,heap     ] GC(54)  Capacity:     2048M (100%)       2048M (100%)       2048M (100%)       2048M (100%)       2048M (100%)       2048M (100%)   
[32.792s][info][gc,heap     ] GC(54)      Free:     1246M (61%)        1174M (57%)        1492M (73%)        1740M (85%)        1740M (85%)        1162M (57%)    
[32.792s][info][gc,heap     ] GC(54)      Used:      802M (39%)         874M (43%)         556M (27%)         308M (15%)         886M (43%)         308M (15%)    
[32.792s][info][gc,heap     ] GC(54)      Live:         -               187M (9%)          187M (9%)          187M (9%)             -                  -          
[32.792s][info][gc,heap     ] GC(54) Allocated:         -                72M (4%)           84M (4%)           83M (4%)             -                  -          
[32.792s][info][gc,heap     ] GC(54)   Garbage:         -               614M (30%)         284M (14%)          36M (2%)             -                  -          
[32.792s][info][gc,heap     ] GC(54) Reclaimed:         -                  -               330M (16%)         577M (28%)            -                  -          
[32.792s][info][gc          ] GC(54) Garbage Collection (Allocation Stall) 802M(39%)->308M(15%)
[32.814s][info][gc,start    ] GC(55) Garbage Collection (Allocation Rate)
[32.814s][info][gc,task     ] GC(55) Using 2 workers
[32.814s][info][gc,phases   ] GC(55) Pause Mark Start 0.008ms
[32.865s][info][gc,phases   ] GC(55) Concurrent Mark 50.618ms
[32.865s][info][gc,phases   ] GC(55) Pause Mark End 0.028ms
[32.865s][info][gc,phases   ] GC(55) Concurrent Mark Free 0.001ms
[32.896s][info][gc,phases   ] GC(55) Concurrent Process Non-Strong References 30.698ms
[32.896s][info][gc,phases   ] GC(55) Concurrent Reset Relocation Set 0.007ms
[32.899s][info][gc,phases   ] GC(55) Concurrent Select Relocation Set 2.990ms
[32.899s][info][gc,phases   ] GC(55) Pause Relocate Start 0.011ms
[32.901s][info][gc,phases   ] GC(55) Concurrent Relocate 1.885ms
[32.901s][info][gc,load     ] GC(55) Load: 0.00/0.00/0.00
[32.901s][info][gc,mmu      ] GC(55) MMU: 2ms/89.6%, 5ms/95.9%, 10ms/97.9%, 20ms/99.0%, 50ms/99.6%, 100ms/99.8%
[32.901s][info][gc,marking  ] GC(55) Mark: 2 stripe(s), 2 proactive flush(es), 1 terminate flush(es), 0 completion(s), 0 continuation(s) 
[32.901s][info][gc,marking  ] GC(55) Mark Stack Usage: 32M
[32.901s][info][gc,nmethod  ] GC(55) NMethods: 15936 registered, 1689 unregistered
[32.901s][info][gc,metaspace] GC(55) Metaspace: 152M used, 153M committed, 1216M reserved
[32.901s][info][gc,ref      ] GC(55) Soft: 3255 encountered, 0 discovered, 0 enqueued
[32.901s][info][gc,ref      ] GC(55) Weak: 15034 encountered, 2126 discovered, 299 enqueued
[32.901s][info][gc,ref      ] GC(55) Final: 52 encountered, 0 discovered, 0 enqueued
[32.901s][info][gc,ref      ] GC(55) Phantom: 600 encountered, 400 discovered, 0 enqueued
[32.901s][info][gc,reloc    ] GC(55) Small Pages: 55 / 110M, Empty: 0M, Relocated: 1M, In-Place: 0
[32.901s][info][gc,reloc    ] GC(55) Medium Pages: 6 / 192M, Empty: 32M, Relocated: 0M, In-Place: 0
[32.901s][info][gc,reloc    ] GC(55) Large Pages: 4 / 24M, Empty: 24M, Relocated: 0M, In-Place: 0
[32.901s][info][gc,reloc    ] GC(55) Forwarding Usage: 0M
[32.901s][info][gc,heap     ] GC(55) Min Capacity: 2048M(100%)
[32.901s][info][gc,heap     ] GC(55) Max Capacity: 2048M(100%)
[32.901s][info][gc,heap     ] GC(55) Soft Max Capacity: 2048M(100%)
[32.901s][info][gc,heap     ] GC(55)                Mark Start          Mark End        Relocate Start      Relocate End           High               Low         
[32.901s][info][gc,heap     ] GC(55)  Capacity:     2048M (100%)       2048M (100%)       2048M (100%)       2048M (100%)       2048M (100%)       2048M (100%)   
[32.901s][info][gc,heap     ] GC(55)      Free:     1722M (84%)        1658M (81%)        1682M (82%)        1726M (84%)        1726M (84%)        1626M (79%)    
[32.901s][info][gc,heap     ] GC(55)      Used:      326M (16%)         390M (19%)         366M (18%)         322M (16%)         422M (21%)         322M (16%)    
[32.901s][info][gc,heap     ] GC(55)      Live:         -               187M (9%)          187M (9%)          187M (9%)             -                  -          
[32.901s][info][gc,heap     ] GC(55) Allocated:         -                64M (3%)           96M (5%)           95M (5%)             -                  -          
[32.901s][info][gc,heap     ] GC(55)   Garbage:         -               138M (7%)           82M (4%)           38M (2%)             -                  -          
[32.901s][info][gc,heap     ] GC(55) Reclaimed:         -                  -                56M (3%)           99M (5%)             -                  -          
[32.901s][info][gc          ] GC(55) Garbage Collection (Allocation Rate) 326M(16%)->322M(16%)
[32.903s][info][gc,start    ] GC(56) Garbage Collection (Allocation Rate)
[32.903s][info][gc,task     ] GC(56) Using 2 workers
[32.903s][info][gc,phases   ] GC(56) Pause Mark Start 0.008ms
[32.951s][info][gc,phases   ] GC(56) Concurrent Mark 47.141ms
[32.951s][info][gc,phases   ] GC(56) Pause Mark End 0.097ms
[32.951s][info][gc,phases   ] GC(56) Concurrent Mark Free 0.001ms
[32.966s][info][gc,phases   ] GC(56) Concurrent Process Non-Strong References 15.383ms
[32.966s][info][gc,phases   ] GC(56) Concurrent Reset Relocation Set 0.004ms
[32.969s][info][gc,phases   ] GC(56) Concurrent Select Relocation Set 2.481ms
[32.969s][info][gc,phases   ] GC(56) Pause Relocate Start 0.011ms
[32.970s][info][gc,phases   ] GC(56) Concurrent Relocate 1.158ms
[32.970s][info][gc,load     ] GC(56) Load: 0.00/0.00/0.00
[32.970s][info][gc,mmu      ] GC(56) MMU: 2ms/89.6%, 5ms/95.9%, 10ms/97.9%, 20ms/99.0%, 50ms/99.6%, 100ms/99.8%
[32.970s][info][gc,marking  ] GC(56) Mark: 2 stripe(s), 3 proactive flush(es), 1 terminate flush(es), 1 completion(s), 0 continuation(s) 
[32.970s][info][gc,marking  ] GC(56) Mark Stack Usage: 32M
[32.970s][info][gc,nmethod  ] GC(56) NMethods: 15938 registered, 1696 unregistered
[32.970s][info][gc,metaspace] GC(56) Metaspace: 152M used, 153M committed, 1216M reserved
[32.970s][info][gc,ref      ] GC(56) Soft: 3279 encountered, 0 discovered, 0 enqueued
[32.970s][info][gc,ref      ] GC(56) Weak: 15109 encountered, 1856 discovered, 152 enqueued
[32.970s][info][gc,ref      ] GC(56) Final: 52 encountered, 0 discovered, 0 enqueued
[32.970s][info][gc,ref      ] GC(56) Phantom: 600 encountered, 371 discovered, 0 enqueued
[32.970s][info][gc,reloc    ] GC(56) Small Pages: 53 / 106M, Empty: 0M, Relocated: 1M, In-Place: 0
[32.970s][info][gc,reloc    ] GC(56) Medium Pages: 6 / 192M, Empty: 32M, Relocated: 0M, In-Place: 0
[32.970s][info][gc,reloc    ] GC(56) Large Pages: 4 / 24M, Empty: 24M, Relocated: 0M, In-Place: 0
[32.970s][info][gc,reloc    ] GC(56) Forwarding Usage: 0M
[32.970s][info][gc,heap     ] GC(56) Min Capacity: 2048M(100%)
[32.970s][info][gc,heap     ] GC(56) Max Capacity: 2048M(100%)
[32.970s][info][gc,heap     ] GC(56) Soft Max Capacity: 2048M(100%)
[32.970s][info][gc,heap     ] GC(56)                Mark Start          Mark End        Relocate Start      Relocate End           High               Low         
[32.970s][info][gc,heap     ] GC(56)  Capacity:     2048M (100%)       2048M (100%)       2048M (100%)       2048M (100%)       2048M (100%)       2048M (100%)   
[32.970s][info][gc,heap     ] GC(56)      Free:     1726M (84%)        1654M (81%)        1690M (83%)        1728M (84%)        1728M (84%)        1634M (80%)    
[32.971s][info][gc,heap     ] GC(56)      Used:      322M (16%)         394M (19%)         358M (17%)         320M (16%)         414M (20%)         320M (16%)    
[32.971s][info][gc,heap     ] GC(56)      Live:         -               188M (9%)          188M (9%)          188M (9%)             -                  -          
[32.971s][info][gc,heap     ] GC(56) Allocated:         -                72M (4%)           92M (4%)           91M (4%)             -                  -          
[32.971s][info][gc,heap     ] GC(56)   Garbage:         -               133M (7%)           77M (4%)           39M (2%)             -                  -          
[32.971s][info][gc,heap     ] GC(56) Reclaimed:         -                  -                56M (3%)           93M (5%)             -                  -          
[32.971s][info][gc          ] GC(56) Garbage Collection (Allocation Rate) 322M(16%)->320M(16%)
[33.306s][info][gc,start    ] GC(57) Garbage Collection (Allocation Rate)
[33.306s][info][gc,task     ] GC(57) Using 1 workers
[33.306s][info][gc,phases   ] GC(57) Pause Mark Start 0.008ms
[33.385s][info][gc,phases   ] GC(57) Concurrent Mark 78.739ms
[33.385s][info][gc,phases   ] GC(57) Pause Mark End 0.018ms
[33.385s][info][gc,phases   ] GC(57) Concurrent Mark Free 0.001ms
[33.416s][info][gc,phases   ] GC(57) Concurrent Process Non-Strong References 30.550ms
[33.416s][info][gc,phases   ] GC(57) Concurrent Reset Relocation Set 0.002ms
[33.418s][info][gc,phases   ] GC(57) Concurrent Select Relocation Set 2.009ms
[33.418s][info][gc,phases   ] GC(57) Pause Relocate Start 0.009ms
[33.421s][info][gc,phases   ] GC(57) Concurrent Relocate 2.586ms
[33.421s][info][gc,load     ] GC(57) Load: 0.00/0.00/0.00
[33.421s][info][gc,mmu      ] GC(57) MMU: 2ms/89.6%, 5ms/95.9%, 10ms/97.9%, 20ms/99.0%, 50ms/99.6%, 100ms/99.8%
[33.421s][info][gc,marking  ] GC(57) Mark: 1 stripe(s), 2 proactive flush(es), 1 terminate flush(es), 0 completion(s), 0 continuation(s) 
[33.421s][info][gc,marking  ] GC(57) Mark Stack Usage: 32M
[33.421s][info][gc,nmethod  ] GC(57) NMethods: 15977 registered, 1727 unregistered
[33.421s][info][gc,metaspace] GC(57) Metaspace: 152M used, 153M committed, 1216M reserved
[33.421s][info][gc,ref      ] GC(57) Soft: 3264 encountered, 0 discovered, 0 enqueued
[33.421s][info][gc,ref      ] GC(57) Weak: 15999 encountered, 4510 discovered, 1020 enqueued
[33.421s][info][gc,ref      ] GC(57) Final: 52 encountered, 0 discovered, 0 enqueued
[33.421s][info][gc,ref      ] GC(57) Phantom: 600 encountered, 280 discovered, 0 enqueued
[33.421s][info][gc,reloc    ] GC(57) Small Pages: 121 / 242M, Empty: 4M, Relocated: 3M, In-Place: 0
[33.421s][info][gc,reloc    ] GC(57) Medium Pages: 7 / 224M, Empty: 64M, Relocated: 0M, In-Place: 0
[33.421s][info][gc,reloc    ] GC(57) Large Pages: 20 / 120M, Empty: 120M, Relocated: 0M, In-Place: 0
[33.421s][info][gc,reloc    ] GC(57) Forwarding Usage: 0M
[33.421s][info][gc,heap     ] GC(57) Min Capacity: 2048M(100%)
[33.421s][info][gc,heap     ] GC(57) Max Capacity: 2048M(100%)
[33.421s][info][gc,heap     ] GC(57) Soft Max Capacity: 2048M(100%)
[33.421s][info][gc,heap     ] GC(57)                Mark Start          Mark End        Relocate Start      Relocate End           High               Low         
[33.421s][info][gc,heap     ] GC(57)  Capacity:     2048M (100%)       2048M (100%)       2048M (100%)       2048M (100%)       2048M (100%)       2048M (100%)   
[33.421s][info][gc,heap     ] GC(57)      Free:     1462M (71%)        1370M (67%)        1534M (75%)        1704M (83%)        1706M (83%)        1350M (66%)    
[33.421s][info][gc,heap     ] GC(57)      Used:      586M (29%)         678M (33%)         514M (25%)         344M (17%)         698M (34%)         342M (17%)    
[33.421s][info][gc,heap     ] GC(57)      Live:         -               188M (9%)          188M (9%)          188M (9%)             -                  -          
[33.421s][info][gc,heap     ] GC(57) Allocated:         -                92M (4%)          116M (6%)          117M (6%)             -                  -          
[33.421s][info][gc,heap     ] GC(57)   Garbage:         -               397M (19%)         209M (10%)          37M (2%)             -                  -          
[33.421s][info][gc,heap     ] GC(57) Reclaimed:         -                  -               188M (9%)          359M (18%)            -                  -          
[33.421s][info][gc          ] GC(57) Garbage Collection (Allocation Rate) 586M(29%)->344M(17%)
[33.706s][info][gc,start    ] GC(58) Garbage Collection (Allocation Rate)
[33.706s][info][gc,task     ] GC(58) Using 1 workers
[33.706s][info][gc,phases   ] GC(58) Pause Mark Start 0.008ms
[33.787s][info][gc,phases   ] GC(58) Concurrent Mark 81.146ms
[33.787s][info][gc,phases   ] GC(58) Pause Mark End 0.021ms
[33.787s][info][gc,phases   ] GC(58) Concurrent Mark Free 0.002ms
[33.819s][info][gc,phases   ] GC(58) Concurrent Process Non-Strong References 31.593ms
[33.819s][info][gc,phases   ] GC(58) Concurrent Reset Relocation Set 0.007ms
[33.821s][info][gc,phases   ] GC(58) Concurrent Select Relocation Set 1.816ms
[33.821s][info][gc,phases   ] GC(58) Pause Relocate Start 0.009ms
[33.824s][info][gc,phases   ] GC(58) Concurrent Relocate 2.811ms
[33.824s][info][gc,load     ] GC(58) Load: 0.00/0.00/0.00
[33.824s][info][gc,mmu      ] GC(58) MMU: 2ms/89.6%, 5ms/95.9%, 10ms/97.9%, 20ms/99.0%, 50ms/99.6%, 100ms/99.8%
[33.824s][info][gc,marking  ] GC(58) Mark: 1 stripe(s), 2 proactive flush(es), 1 terminate flush(es), 0 completion(s), 0 continuation(s) 
[33.824s][info][gc,marking  ] GC(58) Mark Stack Usage: 32M
[33.824s][info][gc,nmethod  ] GC(58) NMethods: 15982 registered, 1747 unregistered
[33.824s][info][gc,metaspace] GC(58) Metaspace: 152M used, 153M committed, 1216M reserved
[33.824s][info][gc,ref      ] GC(58) Soft: 3264 encountered, 0 discovered, 0 enqueued
[33.824s][info][gc,ref      ] GC(58) Weak: 15935 encountered, 4465 discovered, 885 enqueued
[33.824s][info][gc,ref      ] GC(58) Final: 52 encountered, 0 discovered, 0 enqueued
[33.824s][info][gc,ref      ] GC(58) Phantom: 600 encountered, 435 discovered, 0 enqueued
[33.824s][info][gc,reloc    ] GC(58) Small Pages: 129 / 258M, Empty: 10M, Relocated: 3M, In-Place: 0
[33.824s][info][gc,reloc    ] GC(58) Medium Pages: 7 / 224M, Empty: 64M, Relocated: 0M, In-Place: 0
[33.824s][info][gc,reloc    ] GC(58) Large Pages: 20 / 120M, Empty: 120M, Relocated: 0M, In-Place: 0
[33.824s][info][gc,reloc    ] GC(58) Forwarding Usage: 0M
[33.824s][info][gc,heap     ] GC(58) Min Capacity: 2048M(100%)
[33.824s][info][gc,heap     ] GC(58) Max Capacity: 2048M(100%)
[33.824s][info][gc,heap     ] GC(58) Soft Max Capacity: 2048M(100%)
[33.824s][info][gc,heap     ] GC(58)                Mark Start          Mark End        Relocate Start      Relocate End           High               Low         
[33.824s][info][gc,heap     ] GC(58)  Capacity:     2048M (100%)       2048M (100%)       2048M (100%)       2048M (100%)       2048M (100%)       2048M (100%)   
[33.824s][info][gc,heap     ] GC(58)      Free:     1446M (71%)        1346M (66%)        1516M (74%)        1688M (82%)        1694M (83%)        1322M (65%)    
[33.824s][info][gc,heap     ] GC(58)      Used:      602M (29%)         702M (34%)         532M (26%)         360M (18%)         726M (35%)         354M (17%)    
[33.824s][info][gc,heap     ] GC(58)      Live:         -               188M (9%)          188M (9%)          188M (9%)             -                  -          
[33.824s][info][gc,heap     ] GC(58) Allocated:         -               100M (5%)          124M (6%)          133M (7%)             -                  -          
[33.824s][info][gc,heap     ] GC(58)   Garbage:         -               413M (20%)         219M (11%)          37M (2%)             -                  -          
[33.824s][info][gc,heap     ] GC(58) Reclaimed:         -                  -               194M (9%)          375M (18%)            -                  -          
[33.824s][info][gc          ] GC(58) Garbage Collection (Allocation Rate) 602M(29%)->360M(18%)
[34.074s][info][gc,start    ] GC(59) Garbage Collection (System.gc())
[34.074s][info][gc,task     ] GC(59) Using 2 workers
[34.074s][info][gc,phases   ] GC(59) Pause Mark Start 0.009ms
[34.128s][info][gc,phases   ] GC(59) Concurrent Mark 53.938ms
[34.128s][info][gc,phases   ] GC(59) Pause Mark End 0.032ms
[34.128s][info][gc,phases   ] GC(59) Concurrent Mark Free 0.002ms
[34.144s][info][gc,phases   ] GC(59) Concurrent Process Non-Strong References 15.593ms
[34.144s][info][gc,phases   ] GC(59) Concurrent Reset Relocation Set 0.006ms
[34.146s][info][gc,phases   ] GC(59) Concurrent Select Relocation Set 2.157ms
[34.146s][info][gc,phases   ] GC(59) Pause Relocate Start 0.011ms
[34.151s][info][gc,phases   ] GC(59) Concurrent Relocate 4.383ms
[34.151s][info][gc,load     ] GC(59) Load: 0.00/0.00/0.00
[34.151s][info][gc,mmu      ] GC(59) MMU: 2ms/89.6%, 5ms/95.9%, 10ms/97.9%, 20ms/99.0%, 50ms/99.6%, 100ms/99.8%
[34.151s][info][gc,marking  ] GC(59) Mark: 2 stripe(s), 1 proactive flush(es), 1 terminate flush(es), 0 completion(s), 0 continuation(s) 
[34.151s][info][gc,marking  ] GC(59) Mark Stack Usage: 32M
[34.151s][info][gc,nmethod  ] GC(59) NMethods: 16061 registered, 1761 unregistered
[34.151s][info][gc,metaspace] GC(59) Metaspace: 152M used, 153M committed, 1216M reserved
[34.151s][info][gc,ref      ] GC(59) Soft: 3481 encountered, 0 discovered, 0 enqueued
[34.151s][info][gc,ref      ] GC(59) Weak: 16162 encountered, 4848 discovered, 1119 enqueued
[34.151s][info][gc,ref      ] GC(59) Final: 52 encountered, 0 discovered, 0 enqueued
[34.151s][info][gc,ref      ] GC(59) Phantom: 600 encountered, 319 discovered, 0 enqueued
[34.151s][info][gc,reloc    ] GC(59) Small Pages: 122 / 244M, Empty: 2M, Relocated: 5M, In-Place: 0
[34.151s][info][gc,reloc    ] GC(59) Medium Pages: 7 / 224M, Empty: 64M, Relocated: 12M, In-Place: 0
[34.151s][info][gc,reloc    ] GC(59) Large Pages: 15 / 90M, Empty: 90M, Relocated: 0M, In-Place: 0
[34.151s][info][gc,reloc    ] GC(59) Forwarding Usage: 1M
[34.151s][info][gc,heap     ] GC(59) Min Capacity: 2048M(100%)
[34.151s][info][gc,heap     ] GC(59) Max Capacity: 2048M(100%)
[34.151s][info][gc,heap     ] GC(59) Soft Max Capacity: 2048M(100%)
[34.151s][info][gc,heap     ] GC(59)                Mark Start          Mark End        Relocate Start      Relocate End           High               Low         
[34.151s][info][gc,heap     ] GC(59)  Capacity:     2048M (100%)       2048M (100%)       2048M (100%)       2048M (100%)       2048M (100%)       2048M (100%)   
[34.151s][info][gc,heap     ] GC(59)      Free:     1490M (73%)        1490M (73%)        1632M (80%)        1866M (91%)        1866M (91%)        1480M (72%)    
[34.151s][info][gc,heap     ] GC(59)      Used:      558M (27%)         558M (27%)         416M (20%)         182M (9%)          568M (28%)         182M (9%)     
[34.151s][info][gc,heap     ] GC(59)      Live:         -               126M (6%)          126M (6%)          126M (6%)             -                  -          
[34.151s][info][gc,heap     ] GC(59) Allocated:         -                 0M (0%)           14M (1%)           19M (1%)             -                  -          
[34.151s][info][gc,heap     ] GC(59)   Garbage:         -               431M (21%)         275M (13%)          36M (2%)             -                  -          
[34.151s][info][gc,heap     ] GC(59) Reclaimed:         -                  -               156M (8%)          395M (19%)            -                  -          
[34.151s][info][gc          ] GC(59) Garbage Collection (System.gc()) 558M(27%)->182M(9%)
[34.497s][info][gc,start    ] GC(60) Garbage Collection (Allocation Stall)
[34.497s][info][gc,ref      ] GC(60) Clearing All SoftReferences
[34.497s][info][gc,task     ] GC(60) Using 2 workers
[34.497s][info][gc,ref      ] GC(60) Clearing All SoftReferences
[34.497s][info][gc,phases   ] GC(60) Pause Mark Start 0.051ms
[34.552s][info][gc,phases   ] GC(60) Concurrent Mark 54.232ms
[34.552s][info][gc,phases   ] GC(60) Pause Mark End 0.032ms
[34.552s][info][gc,phases   ] GC(60) Concurrent Mark Free 0.002ms
[34.583s][info][gc,phases   ] GC(60) Concurrent Process Non-Strong References 31.451ms
[34.583s][info][gc,phases   ] GC(60) Concurrent Reset Relocation Set 0.006ms
[34.584s][info][gc          ] Allocation Stall (Executor task launch worker for task 2.0 in stage 371.0 (TID 1488)) 86.599ms
[34.584s][info][gc          ] Allocation Stall (Executor task launch worker for task 3.0 in stage 371.0 (TID 1489)) 86.099ms
[34.584s][info][gc          ] Allocation Stall (Executor task launch worker for task 0.0 in stage 371.0 (TID 1486)) 86.059ms
[34.584s][info][gc          ] Allocation Stall (Spark Context Cleaner) 79.147ms
[34.584s][info][gc          ] Allocation Stall (Executor task launch worker for task 1.0 in stage 371.0 (TID 1487)) 84.815ms
[34.584s][info][gc          ] Allocation Stall (Executor task launch worker for task 4.0 in stage 371.0 (TID 1490)) 84.873ms
[34.585s][info][gc,phases   ] GC(60) Concurrent Select Relocation Set 2.034ms
[34.586s][info][gc,phases   ] GC(60) Pause Relocate Start 0.008ms
[34.608s][info][gc,phases   ] GC(60) Concurrent Relocate 21.241ms
[34.608s][info][gc,load     ] GC(60) Load: 0.00/0.00/0.00
[34.608s][info][gc,mmu      ] GC(60) MMU: 2ms/89.6%, 5ms/95.9%, 10ms/97.9%, 20ms/99.0%, 50ms/99.6%, 100ms/99.8%
[34.608s][info][gc,marking  ] GC(60) Mark: 2 stripe(s), 2 proactive flush(es), 1 terminate flush(es), 0 completion(s), 0 continuation(s) 
[34.608s][info][gc,marking  ] GC(60) Mark Stack Usage: 32M
[34.608s][info][gc,nmethod  ] GC(60) NMethods: 15944 registered, 1946 unregistered
[34.608s][info][gc,metaspace] GC(60) Metaspace: 151M used, 153M committed, 1216M reserved
[34.608s][info][gc,ref      ] GC(60) Soft: 3484 encountered, 3128 discovered, 614 enqueued
[34.608s][info][gc,ref      ] GC(60) Weak: 15161 encountered, 3863 discovered, 366 enqueued
[34.608s][info][gc,ref      ] GC(60) Final: 52 encountered, 0 discovered, 0 enqueued
[34.608s][info][gc,ref      ] GC(60) Phantom: 600 encountered, 370 discovered, 0 enqueued
[34.608s][info][gc,reloc    ] GC(60) Small Pages: 859 / 1718M, Empty: 1284M, Relocated: 8M, In-Place: 0
[34.608s][info][gc,reloc    ] GC(60) Medium Pages: 9 / 288M, Empty: 0M, Relocated: 51M, In-Place: 0
[34.608s][info][gc,reloc    ] GC(60) Large Pages: 6 / 36M, Empty: 36M, Relocated: 0M, In-Place: 0
[34.608s][info][gc,reloc    ] GC(60) Forwarding Usage: 1M
[34.608s][info][gc,heap     ] GC(60) Min Capacity: 2048M(100%)
[34.608s][info][gc,heap     ] GC(60) Max Capacity: 2048M(100%)
[34.608s][info][gc,heap     ] GC(60) Soft Max Capacity: 2048M(100%)
[34.608s][info][gc,heap     ] GC(60)                Mark Start          Mark End        Relocate Start      Relocate End           High               Low         
[34.608s][info][gc,heap     ] GC(60)  Capacity:     2048M (100%)       2048M (100%)       2048M (100%)       2048M (100%)       2048M (100%)       2048M (100%)   
[34.608s][info][gc,heap     ] GC(60)      Free:        6M (0%)            0M (0%)         1276M (62%)        1664M (81%)        1716M (84%)           0M (0%)     
[34.608s][info][gc,heap     ] GC(60)      Used:     2042M (100%)       2048M (100%)        772M (38%)         384M (19%)        2048M (100%)        332M (16%)    
[34.608s][info][gc,heap     ] GC(60)      Live:         -               179M (9%)          179M (9%)          179M (9%)             -                  -          
[34.608s][info][gc,heap     ] GC(60) Allocated:         -                 6M (0%)           50M (2%)          137M (7%)             -                  -          
[34.608s][info][gc,heap     ] GC(60)   Garbage:         -              1862M (91%)         542M (26%)          66M (3%)             -                  -          
[34.608s][info][gc,heap     ] GC(60) Reclaimed:         -                  -              1320M (64%)        1795M (88%)            -                  -          
[34.608s][info][gc          ] GC(60) Garbage Collection (Allocation Stall) 2042M(100%)->384M(19%)
[34.614s][info][gc,start    ] GC(61) Garbage Collection (Allocation Stall)
[34.614s][info][gc,ref      ] GC(61) Clearing All SoftReferences
[34.614s][info][gc,task     ] GC(61) Using 2 workers
[34.615s][info][gc,ref      ] GC(61) Clearing All SoftReferences
[34.615s][info][gc,phases   ] GC(61) Pause Mark Start 0.036ms
[34.675s][info][gc,phases   ] GC(61) Concurrent Mark 59.838ms
[34.675s][info][gc,phases   ] GC(61) Pause Mark End 0.031ms
[34.675s][info][gc,phases   ] GC(61) Concurrent Mark Free 0.001ms
[34.690s][info][gc,phases   ] GC(61) Concurrent Process Non-Strong References 15.039ms
[34.690s][info][gc,phases   ] GC(61) Concurrent Reset Relocation Set 0.011ms
[34.692s][info][gc,phases   ] GC(61) Concurrent Select Relocation Set 2.185ms
[34.692s][info][gc,phases   ] GC(61) Pause Relocate Start 0.007ms
[34.699s][info][gc,phases   ] GC(61) Concurrent Relocate 6.669ms
[34.699s][info][gc,load     ] GC(61) Load: 0.00/0.00/0.00
[34.699s][info][gc,mmu      ] GC(61) MMU: 2ms/89.6%, 5ms/95.9%, 10ms/97.9%, 20ms/99.0%, 50ms/99.6%, 100ms/99.8%
[34.699s][info][gc,marking  ] GC(61) Mark: 2 stripe(s), 2 proactive flush(es), 1 terminate flush(es), 0 completion(s), 0 continuation(s) 
[34.699s][info][gc,marking  ] GC(61) Mark Stack Usage: 32M
[34.699s][info][gc,nmethod  ] GC(61) NMethods: 15957 registered, 1946 unregistered
[34.699s][info][gc,metaspace] GC(61) Metaspace: 151M used, 153M committed, 1216M reserved
[34.699s][info][gc,ref      ] GC(61) Soft: 2870 encountered, 2524 discovered, 0 enqueued
[34.699s][info][gc,ref      ] GC(61) Weak: 14389 encountered, 1831 discovered, 3 enqueued
[34.699s][info][gc,ref      ] GC(61) Final: 52 encountered, 0 discovered, 0 enqueued
[34.699s][info][gc,ref      ] GC(61) Phantom: 600 encountered, 390 discovered, 0 enqueued
[34.699s][info][gc,reloc    ] GC(61) Small Pages: 104 / 208M, Empty: 76M, Relocated: 8M, In-Place: 0
[34.699s][info][gc,reloc    ] GC(61) Medium Pages: 7 / 224M, Empty: 0M, Relocated: 22M, In-Place: 0
[34.699s][info][gc,reloc    ] GC(61) Large Pages: 0 / 0M, Empty: 0M, Relocated: 0M, In-Place: 0
[34.699s][info][gc,reloc    ] GC(61) Forwarding Usage: 2M
[34.699s][info][gc,heap     ] GC(61) Min Capacity: 2048M(100%)
[34.699s][info][gc,heap     ] GC(61) Max Capacity: 2048M(100%)
[34.699s][info][gc,heap     ] GC(61) Soft Max Capacity: 2048M(100%)
[34.699s][info][gc,heap     ] GC(61)                Mark Start          Mark End        Relocate Start      Relocate End           High               Low         
[34.699s][info][gc,heap     ] GC(61)  Capacity:     2048M (100%)       2048M (100%)       2048M (100%)       2048M (100%)       2048M (100%)       2048M (100%)   
[34.699s][info][gc,heap     ] GC(61)      Free:     1616M (79%)        1540M (75%)        1612M (79%)        1738M (85%)        1740M (85%)        1536M (75%)    
[34.699s][info][gc,heap     ] GC(61)      Used:      432M (21%)         508M (25%)         436M (21%)         310M (15%)         512M (25%)         308M (15%)    
[34.699s][info][gc,heap     ] GC(61)      Live:         -               188M (9%)          188M (9%)          188M (9%)             -                  -          
[34.700s][info][gc,heap     ] GC(61) Allocated:         -                76M (4%)           80M (4%)           81M (4%)             -                  -          
[34.700s][info][gc,heap     ] GC(61)   Garbage:         -               243M (12%)         167M (8%)           40M (2%)             -                  -          
[34.700s][info][gc,heap     ] GC(61) Reclaimed:         -                  -                76M (4%)          203M (10%)            -                  -          
[34.700s][info][gc          ] GC(61) Garbage Collection (Allocation Stall) 432M(21%)->310M(15%)
[34.706s][info][gc,start    ] GC(62) Garbage Collection (Allocation Rate)
[34.706s][info][gc,task     ] GC(62) Using 2 workers
[34.706s][info][gc,phases   ] GC(62) Pause Mark Start 0.008ms
[34.769s][info][gc,phases   ] GC(62) Concurrent Mark 62.720ms
[34.769s][info][gc,phases   ] GC(62) Pause Mark End 0.061ms
[34.769s][info][gc,phases   ] GC(62) Concurrent Mark Free 0.002ms
[34.802s][info][gc,phases   ] GC(62) Concurrent Process Non-Strong References 32.594ms
[34.802s][info][gc,phases   ] GC(62) Concurrent Reset Relocation Set 0.005ms
[34.804s][info][gc,phases   ] GC(62) Concurrent Select Relocation Set 2.477ms
[34.804s][info][gc,phases   ] GC(62) Pause Relocate Start 0.008ms
[34.811s][info][gc,phases   ] GC(62) Concurrent Relocate 6.632ms
[34.811s][info][gc,load     ] GC(62) Load: 0.00/0.00/0.00
[34.811s][info][gc,mmu      ] GC(62) MMU: 2ms/89.6%, 5ms/95.9%, 10ms/97.9%, 20ms/99.0%, 50ms/99.6%, 100ms/99.8%
[34.811s][info][gc,marking  ] GC(62) Mark: 2 stripe(s), 2 proactive flush(es), 1 terminate flush(es), 1 completion(s), 0 continuation(s) 
[34.811s][info][gc,marking  ] GC(62) Mark Stack Usage: 32M
[34.811s][info][gc,nmethod  ] GC(62) NMethods: 15955 registered, 1956 unregistered
[34.811s][info][gc,metaspace] GC(62) Metaspace: 152M used, 153M committed, 1216M reserved
[34.811s][info][gc,ref      ] GC(62) Soft: 3344 encountered, 0 discovered, 0 enqueued
[34.811s][info][gc,ref      ] GC(62) Weak: 14757 encountered, 1896 discovered, 164 enqueued
[34.811s][info][gc,ref      ] GC(62) Final: 52 encountered, 0 discovered, 0 enqueued
[34.811s][info][gc,ref      ] GC(62) Phantom: 600 encountered, 366 discovered, 0 enqueued
[34.811s][info][gc,reloc    ] GC(62) Small Pages: 59 / 118M, Empty: 12M, Relocated: 6M, In-Place: 0
[34.811s][info][gc,reloc    ] GC(62) Medium Pages: 6 / 192M, Empty: 0M, Relocated: 21M, In-Place: 0
[34.811s][info][gc,reloc    ] GC(62) Large Pages: 0 / 0M, Empty: 0M, Relocated: 0M, In-Place: 0
[34.811s][info][gc,reloc    ] GC(62) Forwarding Usage: 2M
[34.811s][info][gc,heap     ] GC(62) Min Capacity: 2048M(100%)
[34.812s][info][gc,heap     ] GC(62) Max Capacity: 2048M(100%)
[34.812s][info][gc,heap     ] GC(62) Soft Max Capacity: 2048M(100%)
[34.812s][info][gc,heap     ] GC(62)                Mark Start          Mark End        Relocate Start      Relocate End           High               Low         
[34.812s][info][gc,heap     ] GC(62)  Capacity:     2048M (100%)       2048M (100%)       2048M (100%)       2048M (100%)       2048M (100%)       2048M (100%)   
[34.812s][info][gc,heap     ] GC(62)      Free:     1738M (85%)        1710M (83%)        1718M (84%)        1790M (87%)        1790M (87%)        1686M (82%)    
[34.812s][info][gc,heap     ] GC(62)      Used:      310M (15%)         338M (17%)         330M (16%)         258M (13%)         362M (18%)         258M (13%)    
[34.812s][info][gc,heap     ] GC(62)      Live:         -               187M (9%)          187M (9%)          187M (9%)             -                  -          
[34.812s][info][gc,heap     ] GC(62) Allocated:         -                28M (1%)           32M (2%)           31M (2%)             -                  -          
[34.812s][info][gc,heap     ] GC(62)   Garbage:         -               122M (6%)          110M (5%)           38M (2%)             -                  -          
[34.812s][info][gc,heap     ] GC(62) Reclaimed:         -                  -                12M (1%)           83M (4%)             -                  -          
[34.812s][info][gc          ] GC(62) Garbage Collection (Allocation Rate) 310M(15%)->258M(13%)
[34.902s][info][gc,start    ] GC(63) Garbage Collection (Allocation Rate)
[34.902s][info][gc,task     ] GC(63) Using 2 workers
[34.902s][info][gc,phases   ] GC(63) Pause Mark Start 0.009ms
[34.957s][info][gc,phases   ] GC(63) Concurrent Mark 54.983ms
[34.957s][info][gc,phases   ] GC(63) Pause Mark End 0.027ms
[34.957s][info][gc,phases   ] GC(63) Concurrent Mark Free 0.001ms
[34.993s][info][gc,phases   ] GC(63) Concurrent Process Non-Strong References 35.705ms
[34.993s][info][gc,phases   ] GC(63) Concurrent Reset Relocation Set 0.004ms
[34.995s][info][gc,phases   ] GC(63) Concurrent Select Relocation Set 2.273ms
[34.995s][info][gc,phases   ] GC(63) Pause Relocate Start 0.014ms
[34.999s][info][gc,phases   ] GC(63) Concurrent Relocate 3.585ms
[34.999s][info][gc,load     ] GC(63) Load: 0.00/0.00/0.00
[34.999s][info][gc,mmu      ] GC(63) MMU: 2ms/89.6%, 5ms/95.9%, 10ms/97.9%, 20ms/99.0%, 50ms/99.6%, 100ms/99.8%
[34.999s][info][gc,marking  ] GC(63) Mark: 2 stripe(s), 2 proactive flush(es), 1 terminate flush(es), 0 completion(s), 0 continuation(s) 
[34.999s][info][gc,marking  ] GC(63) Mark Stack Usage: 32M
[34.999s][info][gc,nmethod  ] GC(63) NMethods: 15990 registered, 1964 unregistered
[34.999s][info][gc,metaspace] GC(63) Metaspace: 152M used, 153M committed, 1216M reserved
[34.999s][info][gc,ref      ] GC(63) Soft: 3729 encountered, 0 discovered, 0 enqueued
[34.999s][info][gc,ref      ] GC(63) Weak: 15410 encountered, 3449 discovered, 392 enqueued
[34.999s][info][gc,ref      ] GC(63) Final: 52 encountered, 0 discovered, 0 enqueued
[34.999s][info][gc,ref      ] GC(63) Phantom: 600 encountered, 371 discovered, 0 enqueued
[34.999s][info][gc,reloc    ] GC(63) Small Pages: 65 / 130M, Empty: 0M, Relocated: 4M, In-Place: 0
[34.999s][info][gc,reloc    ] GC(63) Medium Pages: 6 / 192M, Empty: 32M, Relocated: 0M, In-Place: 0
[34.999s][info][gc,reloc    ] GC(63) Large Pages: 6 / 36M, Empty: 36M, Relocated: 0M, In-Place: 0
[34.999s][info][gc,reloc    ] GC(63) Forwarding Usage: 1M
[34.999s][info][gc,heap     ] GC(63) Min Capacity: 2048M(100%)
[34.999s][info][gc,heap     ] GC(63) Max Capacity: 2048M(100%)
[34.999s][info][gc,heap     ] GC(63) Soft Max Capacity: 2048M(100%)
[34.999s][info][gc,heap     ] GC(63)                Mark Start          Mark End        Relocate Start      Relocate End           High               Low         
[34.999s][info][gc,heap     ] GC(63)  Capacity:     2048M (100%)       2048M (100%)       2048M (100%)       2048M (100%)       2048M (100%)       2048M (100%)   
[34.999s][info][gc,heap     ] GC(63)      Free:     1690M (83%)        1630M (80%)        1666M (81%)        1728M (84%)        1728M (84%)        1600M (78%)    
[34.999s][info][gc,heap     ] GC(63)      Used:      358M (17%)         418M (20%)         382M (19%)         320M (16%)         448M (22%)         320M (16%)    
[34.999s][info][gc,heap     ] GC(63)      Live:         -               189M (9%)          189M (9%)          189M (9%)             -                  -          
[34.999s][info][gc,heap     ] GC(63) Allocated:         -                60M (3%)           92M (4%)           93M (5%)             -                  -          
[34.999s][info][gc,heap     ] GC(63)   Garbage:         -               168M (8%)          100M (5%)           36M (2%)             -                  -          
[34.999s][info][gc,heap     ] GC(63) Reclaimed:         -                  -                68M (3%)          131M (6%)             -                  -          
[34.999s][info][gc          ] GC(63) Garbage Collection (Allocation Rate) 358M(17%)->320M(16%)
[35.610s][info][gc,start    ] GC(64) Garbage Collection (Allocation Rate)
[35.610s][info][gc,task     ] GC(64) Using 2 workers
[35.610s][info][gc,phases   ] GC(64) Pause Mark Start 0.005ms
[35.669s][info][gc,phases   ] GC(64) Concurrent Mark 58.305ms
[35.669s][info][gc,phases   ] GC(64) Pause Mark End 0.096ms
[35.669s][info][gc,phases   ] GC(64) Concurrent Mark Free 0.001ms
[35.684s][info][gc,phases   ] GC(64) Concurrent Process Non-Strong References 15.105ms
[35.684s][info][gc,phases   ] GC(64) Concurrent Reset Relocation Set 0.004ms
[35.686s][info][gc,phases   ] GC(64) Concurrent Select Relocation Set 2.086ms
[35.687s][info][gc,phases   ] GC(64) Pause Relocate Start 0.010ms
[35.693s][info][gc,phases   ] GC(64) Concurrent Relocate 6.047ms
[35.693s][info][gc,load     ] GC(64) Load: 0.00/0.00/0.00
[35.693s][info][gc,mmu      ] GC(64) MMU: 2ms/89.6%, 5ms/95.9%, 10ms/97.9%, 20ms/99.0%, 50ms/99.6%, 100ms/99.8%
[35.693s][info][gc,marking  ] GC(64) Mark: 2 stripe(s), 2 proactive flush(es), 1 terminate flush(es), 1 completion(s), 0 continuation(s) 
[35.693s][info][gc,marking  ] GC(64) Mark Stack Usage: 32M
[35.693s][info][gc,nmethod  ] GC(64) NMethods: 16144 registered, 2004 unregistered
[35.693s][info][gc,metaspace] GC(64) Metaspace: 152M used, 153M committed, 1216M reserved
[35.693s][info][gc,ref      ] GC(64) Soft: 3733 encountered, 0 discovered, 0 enqueued
[35.693s][info][gc,ref      ] GC(64) Weak: 16719 encountered, 4644 discovered, 1601 enqueued
[35.693s][info][gc,ref      ] GC(64) Final: 52 encountered, 0 discovered, 0 enqueued
[35.693s][info][gc,ref      ] GC(64) Phantom: 600 encountered, 374 discovered, 0 enqueued
[35.693s][info][gc,reloc    ] GC(64) Small Pages: 172 / 344M, Empty: 10M, Relocated: 5M, In-Place: 0
[35.693s][info][gc,reloc    ] GC(64) Medium Pages: 9 / 288M, Empty: 96M, Relocated: 23M, In-Place: 0
[35.693s][info][gc,reloc    ] GC(64) Large Pages: 34 / 204M, Empty: 204M, Relocated: 0M, In-Place: 0
[35.693s][info][gc,reloc    ] GC(64) Forwarding Usage: 1M
[35.693s][info][gc,heap     ] GC(64) Min Capacity: 2048M(100%)
[35.693s][info][gc,heap     ] GC(64) Max Capacity: 2048M(100%)
[35.693s][info][gc,heap     ] GC(64) Soft Max Capacity: 2048M(100%)
[35.693s][info][gc,heap     ] GC(64)                Mark Start          Mark End        Relocate Start      Relocate End           High               Low         
[35.693s][info][gc,heap     ] GC(64)  Capacity:     2048M (100%)       2048M (100%)       2048M (100%)       2048M (100%)       2048M (100%)       2048M (100%)   
[35.693s][info][gc,heap     ] GC(64)      Free:     1212M (59%)        1130M (55%)        1426M (70%)        1716M (84%)        1716M (84%)        1116M (54%)    
[35.693s][info][gc,heap     ] GC(64)      Used:      836M (41%)         918M (45%)         622M (30%)         332M (16%)         932M (46%)         332M (16%)    
[35.693s][info][gc,heap     ] GC(64)      Live:         -               193M (9%)          193M (9%)          193M (9%)             -                  -          
[35.693s][info][gc,heap     ] GC(64) Allocated:         -                82M (4%)           96M (5%)          103M (5%)             -                  -          
[35.693s][info][gc,heap     ] GC(64)   Garbage:         -               642M (31%)         332M (16%)          34M (2%)             -                  -          
[35.693s][info][gc,heap     ] GC(64) Reclaimed:         -                  -               310M (15%)         607M (30%)            -                  -          
[35.693s][info][gc          ] GC(64) Garbage Collection (Allocation Rate) 836M(41%)->332M(16%)
[36.177s][info][gc,start    ] GC(65) Garbage Collection (System.gc())
[36.177s][info][gc,task     ] GC(65) Using 2 workers
[36.177s][info][gc,phases   ] GC(65) Pause Mark Start 0.005ms
[36.239s][info][gc,phases   ] GC(65) Concurrent Mark 61.659ms
[36.239s][info][gc,phases   ] GC(65) Pause Mark End 0.032ms
[36.239s][info][gc,phases   ] GC(65) Concurrent Mark Free 0.002ms
[36.255s][info][gc,phases   ] GC(65) Concurrent Process Non-Strong References 15.171ms
[36.255s][info][gc,phases   ] GC(65) Concurrent Reset Relocation Set 0.010ms
[36.257s][info][gc,phases   ] GC(65) Concurrent Select Relocation Set 2.326ms
[36.257s][info][gc,phases   ] GC(65) Pause Relocate Start 0.013ms
[36.260s][info][gc,phases   ] GC(65) Concurrent Relocate 2.414ms
[36.260s][info][gc,load     ] GC(65) Load: 0.00/0.00/0.00
[36.260s][info][gc,mmu      ] GC(65) MMU: 2ms/89.6%, 5ms/95.9%, 10ms/97.9%, 20ms/99.0%, 50ms/99.6%, 100ms/99.8%
[36.260s][info][gc,marking  ] GC(65) Mark: 2 stripe(s), 2 proactive flush(es), 1 terminate flush(es), 0 completion(s), 0 continuation(s) 
[36.260s][info][gc,marking  ] GC(65) Mark Stack Usage: 32M
[36.260s][info][gc,nmethod  ] GC(65) NMethods: 16250 registered, 2037 unregistered
[36.260s][info][gc,metaspace] GC(65) Metaspace: 152M used, 153M committed, 1216M reserved
[36.260s][info][gc,ref      ] GC(65) Soft: 3941 encountered, 0 discovered, 0 enqueued
[36.260s][info][gc,ref      ] GC(65) Weak: 16684 encountered, 4107 discovered, 1568 enqueued
[36.260s][info][gc,ref      ] GC(65) Final: 52 encountered, 0 discovered, 0 enqueued
[36.260s][info][gc,ref      ] GC(65) Phantom: 600 encountered, 345 discovered, 0 enqueued
[36.260s][info][gc,reloc    ] GC(65) Small Pages: 158 / 316M, Empty: 6M, Relocated: 4M, In-Place: 0
[36.260s][info][gc,reloc    ] GC(65) Medium Pages: 8 / 256M, Empty: 160M, Relocated: 0M, In-Place: 0
[36.260s][info][gc,reloc    ] GC(65) Large Pages: 24 / 144M, Empty: 144M, Relocated: 0M, In-Place: 0
[36.260s][info][gc,reloc    ] GC(65) Forwarding Usage: 1M
[36.260s][info][gc,heap     ] GC(65) Min Capacity: 2048M(100%)
[36.260s][info][gc,heap     ] GC(65) Max Capacity: 2048M(100%)
[36.260s][info][gc,heap     ] GC(65) Soft Max Capacity: 2048M(100%)
[36.260s][info][gc,heap     ] GC(65)                Mark Start          Mark End        Relocate Start      Relocate End           High               Low         
[36.260s][info][gc,heap     ] GC(65)  Capacity:     2048M (100%)       2048M (100%)       2048M (100%)       2048M (100%)       2048M (100%)       2048M (100%)   
[36.260s][info][gc,heap     ] GC(65)      Free:     1332M (65%)        1332M (65%)        1630M (80%)        1864M (91%)        1866M (91%)        1322M (65%)    
[36.260s][info][gc,heap     ] GC(65)      Used:      716M (35%)         716M (35%)         418M (20%)         184M (9%)          726M (35%)         182M (9%)     
[36.260s][info][gc,heap     ] GC(65)      Live:         -               128M (6%)          128M (6%)          128M (6%)             -                  -          
[36.260s][info][gc,heap     ] GC(65) Allocated:         -                 0M (0%)           12M (1%)           17M (1%)             -                  -          
[36.260s][info][gc,heap     ] GC(65)   Garbage:         -               587M (29%)         277M (14%)          37M (2%)             -                  -          
[36.260s][info][gc,heap     ] GC(65) Reclaimed:         -                  -               310M (15%)         549M (27%)            -                  -          
[36.260s][info][gc          ] GC(65) Garbage Collection (System.gc()) 716M(35%)->184M(9%)
[36.606s][info][gc,start    ] GC(66) Garbage Collection (Allocation Rate)
[36.606s][info][gc,task     ] GC(66) Using 2 workers
[36.606s][info][gc,phases   ] GC(66) Pause Mark Start 0.009ms
[36.669s][info][gc,phases   ] GC(66) Concurrent Mark 62.603ms
[36.669s][info][gc,phases   ] GC(66) Pause Mark End 0.031ms
[36.669s][info][gc,phases   ] GC(66) Concurrent Mark Free 0.003ms
[36.686s][info][gc,phases   ] GC(66) Concurrent Process Non-Strong References 16.969ms
[36.686s][info][gc,phases   ] GC(66) Concurrent Reset Relocation Set 0.006ms
[36.686s][info][gc          ] Allocation Stall (Executor task launch worker for task 5.0 in stage 417.0 (TID 1675)) 76.120ms
[36.686s][info][gc          ] Allocation Stall (Executor task launch worker for task 2.0 in stage 417.0 (TID 1672)) 75.480ms
[36.686s][info][gc          ] Allocation Stall (Executor task launch worker for task 3.0 in stage 417.0 (TID 1673)) 75.103ms
[36.686s][info][gc          ] Allocation Stall (Executor task launch worker for task 1.0 in stage 417.0 (TID 1671)) 75.578ms
[36.686s][info][gc          ] Allocation Stall (Executor task launch worker for task 0.0 in stage 417.0 (TID 1670)) 73.440ms
[36.686s][info][gc          ] Allocation Stall (Executor task launch worker for task 4.0 in stage 417.0 (TID 1674)) 76.660ms
[36.690s][info][gc,phases   ] GC(66) Concurrent Select Relocation Set 3.882ms
[36.691s][info][gc,phases   ] GC(66) Pause Relocate Start 0.009ms
[36.711s][info][gc,phases   ] GC(66) Concurrent Relocate 20.332ms
[36.711s][info][gc,load     ] GC(66) Load: 0.00/0.00/0.00
[36.711s][info][gc,mmu      ] GC(66) MMU: 2ms/89.6%, 5ms/95.9%, 10ms/97.9%, 20ms/99.0%, 50ms/99.6%, 100ms/99.8%
[36.711s][info][gc,marking  ] GC(66) Mark: 2 stripe(s), 2 proactive flush(es), 1 terminate flush(es), 0 completion(s), 0 continuation(s) 
[36.711s][info][gc,marking  ] GC(66) Mark Stack Usage: 32M
[36.711s][info][gc,nmethod  ] GC(66) NMethods: 16312 registered, 2063 unregistered
[36.711s][info][gc,metaspace] GC(66) Metaspace: 152M used, 154M committed, 1216M reserved
[36.711s][info][gc,ref      ] GC(66) Soft: 3995 encountered, 0 discovered, 0 enqueued
[36.711s][info][gc,ref      ] GC(66) Weak: 15490 encountered, 5122 discovered, 243 enqueued
[36.711s][info][gc,ref      ] GC(66) Final: 52 encountered, 0 discovered, 0 enqueued
[36.711s][info][gc,ref      ] GC(66) Phantom: 600 encountered, 381 discovered, 0 enqueued
[36.711s][info][gc,reloc    ] GC(66) Small Pages: 840 / 1680M, Empty: 1232M, Relocated: 12M, In-Place: 0
[36.711s][info][gc,reloc    ] GC(66) Medium Pages: 9 / 288M, Empty: 0M, Relocated: 49M, In-Place: 0
[36.711s][info][gc,reloc    ] GC(66) Large Pages: 6 / 36M, Empty: 36M, Relocated: 0M, In-Place: 0
[36.711s][info][gc,reloc    ] GC(66) Forwarding Usage: 2M
[36.711s][info][gc,heap     ] GC(66) Min Capacity: 2048M(100%)
[36.711s][info][gc,heap     ] GC(66) Max Capacity: 2048M(100%)
[36.711s][info][gc,heap     ] GC(66) Soft Max Capacity: 2048M(100%)
[36.711s][info][gc,heap     ] GC(66)                Mark Start          Mark End        Relocate Start      Relocate End           High               Low         
[36.711s][info][gc,heap     ] GC(66)  Capacity:     2048M (100%)       2048M (100%)       2048M (100%)       2048M (100%)       2048M (100%)       2048M (100%)   
[36.711s][info][gc,heap     ] GC(66)      Free:       44M (2%)           24M (1%)         1252M (61%)        1704M (83%)        1708M (83%)          24M (1%)     
[36.711s][info][gc,heap     ] GC(66)      Used:     2004M (98%)        2024M (99%)         796M (39%)         344M (17%)        2024M (99%)         340M (17%)    
[36.711s][info][gc,heap     ] GC(66)      Live:         -               184M (9%)          184M (9%)          184M (9%)             -                  -          
[36.711s][info][gc,heap     ] GC(66) Allocated:         -                20M (1%)           60M (3%)           96M (5%)             -                  -          
[36.711s][info][gc,heap     ] GC(66)   Garbage:         -              1819M (89%)         551M (27%)          62M (3%)             -                  -          
[36.711s][info][gc,heap     ] GC(66) Reclaimed:         -                  -              1268M (62%)        1756M (86%)            -                  -          
[36.711s][info][gc          ] GC(66) Garbage Collection (Allocation Rate) 2004M(98%)->344M(17%)
[36.716s][info][gc,start    ] GC(67) Garbage Collection (Allocation Stall)
[36.716s][info][gc,ref      ] GC(67) Clearing All SoftReferences
[36.716s][info][gc,task     ] GC(67) Using 2 workers
[36.716s][info][gc,ref      ] GC(67) Clearing All SoftReferences
[36.716s][info][gc,phases   ] GC(67) Pause Mark Start 0.031ms
[36.770s][info][gc,phases   ] GC(67) Concurrent Mark 54.042ms
[36.770s][info][gc,phases   ] GC(67) Pause Mark End 0.074ms
[36.770s][info][gc,phases   ] GC(67) Concurrent Mark Free 0.001ms
[36.801s][info][gc,phases   ] GC(67) Concurrent Process Non-Strong References 30.268ms
[36.801s][info][gc,phases   ] GC(67) Concurrent Reset Relocation Set 0.010ms
[36.803s][info][gc,phases   ] GC(67) Concurrent Select Relocation Set 2.534ms
[36.803s][info][gc,phases   ] GC(67) Pause Relocate Start 0.010ms
[36.811s][info][gc,phases   ] GC(67) Concurrent Relocate 7.094ms
[36.811s][info][gc,load     ] GC(67) Load: 0.00/0.00/0.00
[36.811s][info][gc,mmu      ] GC(67) MMU: 2ms/89.6%, 5ms/95.9%, 10ms/97.9%, 20ms/99.0%, 50ms/99.6%, 100ms/99.8%
[36.811s][info][gc,marking  ] GC(67) Mark: 2 stripe(s), 3 proactive flush(es), 1 terminate flush(es), 1 completion(s), 0 continuation(s) 
[36.811s][info][gc,marking  ] GC(67) Mark Stack Usage: 32M
[36.811s][info][gc,nmethod  ] GC(67) NMethods: 16304 registered, 2075 unregistered
[36.811s][info][gc,metaspace] GC(67) Metaspace: 152M used, 154M committed, 1216M reserved
[36.811s][info][gc,ref      ] GC(67) Soft: 3923 encountered, 3564 discovered, 801 enqueued
[36.811s][info][gc,ref      ] GC(67) Weak: 15189 encountered, 1805 discovered, 67 enqueued
[36.811s][info][gc,ref      ] GC(67) Final: 52 encountered, 0 discovered, 0 enqueued
[36.811s][info][gc,ref      ] GC(67) Phantom: 600 encountered, 357 discovered, 0 enqueued
[36.811s][info][gc,reloc    ] GC(67) Small Pages: 93 / 186M, Empty: 44M, Relocated: 10M, In-Place: 0
[36.811s][info][gc,reloc    ] GC(67) Medium Pages: 7 / 224M, Empty: 0M, Relocated: 21M, In-Place: 0
[36.811s][info][gc,reloc    ] GC(67) Large Pages: 0 / 0M, Empty: 0M, Relocated: 0M, In-Place: 0
[36.811s][info][gc,reloc    ] GC(67) Forwarding Usage: 2M
[36.811s][info][gc,heap     ] GC(67) Min Capacity: 2048M(100%)
[36.811s][info][gc,heap     ] GC(67) Max Capacity: 2048M(100%)
[36.811s][info][gc,heap     ] GC(67) Soft Max Capacity: 2048M(100%)
[36.811s][info][gc,heap     ] GC(67)                Mark Start          Mark End        Relocate Start      Relocate End           High               Low         
[36.811s][info][gc,heap     ] GC(67)  Capacity:     2048M (100%)       2048M (100%)       2048M (100%)       2048M (100%)       2048M (100%)       2048M (100%)   
[36.811s][info][gc,heap     ] GC(67)      Free:     1638M (80%)        1448M (71%)        1488M (73%)        1626M (79%)        1638M (80%)        1444M (71%)    
[36.811s][info][gc,heap     ] GC(67)      Used:      410M (20%)         600M (29%)         560M (27%)         422M (21%)         604M (29%)         410M (20%)    
[36.811s][info][gc,heap     ] GC(67)      Live:         -               183M (9%)          183M (9%)          183M (9%)             -                  -          
[36.811s][info][gc,heap     ] GC(67) Allocated:         -               190M (9%)          194M (9%)          194M (9%)             -                  -          
[36.811s][info][gc,heap     ] GC(67)   Garbage:         -               226M (11%)         182M (9%)           44M (2%)             -                  -          
[36.811s][info][gc,heap     ] GC(67) Reclaimed:         -                  -                44M (2%)          182M (9%)             -                  -          
[36.811s][info][gc          ] GC(67) Garbage Collection (Allocation Stall) 410M(20%)->422M(21%)
[36.813s][info][gc,start    ] GC(68) Garbage Collection (Allocation Rate)
[36.813s][info][gc,task     ] GC(68) Using 2 workers
[36.813s][info][gc,phases   ] GC(68) Pause Mark Start 0.007ms
[36.873s][info][gc,phases   ] GC(68) Concurrent Mark 60.321ms
[36.874s][info][gc,phases   ] GC(68) Pause Mark End 0.128ms
[36.874s][info][gc,phases   ] GC(68) Concurrent Mark Free 0.001ms
[36.904s][info][gc,phases   ] GC(68) Concurrent Process Non-Strong References 29.809ms
[36.904s][info][gc,phases   ] GC(68) Concurrent Reset Relocation Set 0.005ms
[36.906s][info][gc,phases   ] GC(68) Concurrent Select Relocation Set 1.782ms
[36.906s][info][gc,phases   ] GC(68) Pause Relocate Start 0.007ms
[36.910s][info][gc,phases   ] GC(68) Concurrent Relocate 4.497ms
[36.910s][info][gc,load     ] GC(68) Load: 0.00/0.00/0.00
[36.910s][info][gc,mmu      ] GC(68) MMU: 2ms/89.6%, 5ms/95.9%, 10ms/97.9%, 20ms/99.0%, 50ms/99.6%, 100ms/99.8%
[36.910s][info][gc,marking  ] GC(68) Mark: 2 stripe(s), 2 proactive flush(es), 1 terminate flush(es), 1 completion(s), 0 continuation(s) 
[36.910s][info][gc,marking  ] GC(68) Mark Stack Usage: 32M
[36.910s][info][gc,nmethod  ] GC(68) NMethods: 16327 registered, 2077 unregistered
[36.910s][info][gc,metaspace] GC(68) Metaspace: 152M used, 154M committed, 1216M reserved
[36.910s][info][gc,ref      ] GC(68) Soft: 3142 encountered, 0 discovered, 0 enqueued
[36.910s][info][gc,ref      ] GC(68) Weak: 14651 encountered, 1999 discovered, 6 enqueued
[36.910s][info][gc,ref      ] GC(68) Final: 52 encountered, 0 discovered, 0 enqueued
[36.910s][info][gc,ref      ] GC(68) Phantom: 600 encountered, 340 discovered, 0 enqueued
[36.910s][info][gc,reloc    ] GC(68) Small Pages: 96 / 192M, Empty: 60M, Relocated: 3M, In-Place: 0
[36.910s][info][gc,reloc    ] GC(68) Medium Pages: 7 / 224M, Empty: 32M, Relocated: 22M, In-Place: 0
[36.910s][info][gc,reloc    ] GC(68) Large Pages: 1 / 6M, Empty: 6M, Relocated: 0M, In-Place: 0
[36.910s][info][gc,reloc    ] GC(68) Forwarding Usage: 0M
[36.910s][info][gc,heap     ] GC(68) Min Capacity: 2048M(100%)
[36.910s][info][gc,heap     ] GC(68) Max Capacity: 2048M(100%)
[36.910s][info][gc,heap     ] GC(68) Soft Max Capacity: 2048M(100%)
[36.910s][info][gc,heap     ] GC(68)                Mark Start          Mark End        Relocate Start      Relocate End           High               Low         
[36.910s][info][gc,heap     ] GC(68)  Capacity:     2048M (100%)       2048M (100%)       2048M (100%)       2048M (100%)       2048M (100%)       2048M (100%)   
[36.910s][info][gc,heap     ] GC(68)      Free:     1626M (79%)        1544M (75%)        1626M (79%)        1720M (84%)        1720M (84%)        1528M (75%)    
[36.910s][info][gc,heap     ] GC(68)      Used:      422M (21%)         504M (25%)         422M (21%)         328M (16%)         520M (25%)         328M (16%)    
[36.910s][info][gc,heap     ] GC(68)      Live:         -               187M (9%)          187M (9%)          187M (9%)             -                  -          
[36.910s][info][gc,heap     ] GC(68) Allocated:         -                82M (4%)           98M (5%)           99M (5%)             -                  -          
[36.910s][info][gc,heap     ] GC(68)   Garbage:         -               234M (11%)         136M (7%)           40M (2%)             -                  -          
[36.910s][info][gc,heap     ] GC(68) Reclaimed:         -                  -                98M (5%)          193M (9%)             -                  -          
[36.910s][info][gc          ] GC(68) Garbage Collection (Allocation Rate) 422M(21%)->328M(16%)
[37.012s][info][gc,start    ] GC(69) Garbage Collection (Allocation Rate)
[37.012s][info][gc,task     ] GC(69) Using 2 workers
[37.012s][info][gc,phases   ] GC(69) Pause Mark Start 0.009ms
[37.064s][info][gc,phases   ] GC(69) Concurrent Mark 52.102ms
[37.064s][info][gc,phases   ] GC(69) Pause Mark End 0.100ms
[37.064s][info][gc,phases   ] GC(69) Concurrent Mark Free 0.001ms
[37.079s][info][gc,phases   ] GC(69) Concurrent Process Non-Strong References 14.836ms
[37.079s][info][gc,phases   ] GC(69) Concurrent Reset Relocation Set 0.004ms
[37.082s][info][gc,phases   ] GC(69) Concurrent Select Relocation Set 2.480ms
[37.082s][info][gc,phases   ] GC(69) Pause Relocate Start 0.012ms
[37.084s][info][gc,phases   ] GC(69) Concurrent Relocate 1.585ms
[37.084s][info][gc,load     ] GC(69) Load: 0.00/0.00/0.00
[37.084s][info][gc,mmu      ] GC(69) MMU: 2ms/89.6%, 5ms/95.9%, 10ms/97.9%, 20ms/99.0%, 50ms/99.6%, 100ms/99.8%
[37.084s][info][gc,marking  ] GC(69) Mark: 2 stripe(s), 4 proactive flush(es), 1 terminate flush(es), 1 completion(s), 0 continuation(s) 
[37.084s][info][gc,marking  ] GC(69) Mark Stack Usage: 32M
[37.084s][info][gc,nmethod  ] GC(69) NMethods: 16337 registered, 2085 unregistered
[37.084s][info][gc,metaspace] GC(69) Metaspace: 152M used, 154M committed, 1216M reserved
[37.084s][info][gc,ref      ] GC(69) Soft: 3272 encountered, 0 discovered, 0 enqueued
[37.084s][info][gc,ref      ] GC(69) Weak: 15473 encountered, 2297 discovered, 586 enqueued
[37.084s][info][gc,ref      ] GC(69) Final: 52 encountered, 0 discovered, 0 enqueued
[37.084s][info][gc,ref      ] GC(69) Phantom: 600 encountered, 381 discovered, 0 enqueued
[37.084s][info][gc,reloc    ] GC(69) Small Pages: 74 / 148M, Empty: 0M, Relocated: 3M, In-Place: 0
[37.084s][info][gc,reloc    ] GC(69) Medium Pages: 6 / 192M, Empty: 32M, Relocated: 0M, In-Place: 0
[37.084s][info][gc,reloc    ] GC(69) Large Pages: 9 / 54M, Empty: 54M, Relocated: 0M, In-Place: 0
[37.084s][info][gc,reloc    ] GC(69) Forwarding Usage: 0M
[37.084s][info][gc,heap     ] GC(69) Min Capacity: 2048M(100%)
[37.084s][info][gc,heap     ] GC(69) Max Capacity: 2048M(100%)
[37.084s][info][gc,heap     ] GC(69) Soft Max Capacity: 2048M(100%)
[37.084s][info][gc,heap     ] GC(69)                Mark Start          Mark End        Relocate Start      Relocate End           High               Low         
[37.084s][info][gc,heap     ] GC(69)  Capacity:     2048M (100%)       2048M (100%)       2048M (100%)       2048M (100%)       2048M (100%)       2048M (100%)   
[37.084s][info][gc,heap     ] GC(69)      Free:     1654M (81%)        1572M (77%)        1642M (80%)        1724M (84%)        1724M (84%)        1558M (76%)    
[37.084s][info][gc,heap     ] GC(69)      Used:      394M (19%)         476M (23%)         406M (20%)         324M (16%)         490M (24%)         324M (16%)    
[37.084s][info][gc,heap     ] GC(69)      Live:         -               188M (9%)          188M (9%)          188M (9%)             -                  -          
[37.084s][info][gc,heap     ] GC(69) Allocated:         -                82M (4%)           98M (5%)           97M (5%)             -                  -          
[37.084s][info][gc,heap     ] GC(69)   Garbage:         -               205M (10%)         119M (6%)           37M (2%)             -                  -          
[37.084s][info][gc,heap     ] GC(69) Reclaimed:         -                  -                86M (4%)          167M (8%)             -                  -          
[37.084s][info][gc          ] GC(69) Garbage Collection (Allocation Rate) 394M(19%)->324M(16%)
[37.712s][info][gc,start    ] GC(70) Garbage Collection (Allocation Rate)
[37.712s][info][gc,task     ] GC(70) Using 2 workers
[37.713s][info][gc,phases   ] GC(70) Pause Mark Start 0.008ms
[37.769s][info][gc,phases   ] GC(70) Concurrent Mark 56.400ms
[37.769s][info][gc,phases   ] GC(70) Pause Mark End 0.086ms
[37.769s][info][gc,phases   ] GC(70) Concurrent Mark Free 0.002ms
[37.785s][info][gc,phases   ] GC(70) Concurrent Process Non-Strong References 15.825ms
[37.785s][info][gc,phases   ] GC(70) Concurrent Reset Relocation Set 0.004ms
[37.788s][info][gc,phases   ] GC(70) Concurrent Select Relocation Set 2.559ms
[37.788s][info][gc,phases   ] GC(70) Pause Relocate Start 0.009ms
[37.791s][info][gc,phases   ] GC(70) Concurrent Relocate 2.526ms
[37.791s][info][gc,load     ] GC(70) Load: 0.00/0.00/0.00
[37.791s][info][gc,mmu      ] GC(70) MMU: 2ms/89.6%, 5ms/95.9%, 10ms/97.9%, 20ms/99.0%, 50ms/99.6%, 100ms/99.8%
[37.791s][info][gc,marking  ] GC(70) Mark: 2 stripe(s), 2 proactive flush(es), 1 terminate flush(es), 1 completion(s), 0 continuation(s) 
[37.791s][info][gc,marking  ] GC(70) Mark Stack Usage: 32M
[37.791s][info][gc,nmethod  ] GC(70) NMethods: 16408 registered, 2107 unregistered
[37.791s][info][gc,metaspace] GC(70) Metaspace: 152M used, 154M committed, 1216M reserved
[37.791s][info][gc,ref      ] GC(70) Soft: 3272 encountered, 0 discovered, 0 enqueued
[37.791s][info][gc,ref      ] GC(70) Weak: 16651 encountered, 5037 discovered, 1605 enqueued
[37.791s][info][gc,ref      ] GC(70) Final: 52 encountered, 0 discovered, 0 enqueued
[37.791s][info][gc,ref      ] GC(70) Phantom: 600 encountered, 402 discovered, 0 enqueued
[37.791s][info][gc,reloc    ] GC(70) Small Pages: 182 / 364M, Empty: 6M, Relocated: 5M, In-Place: 0
[37.791s][info][gc,reloc    ] GC(70) Medium Pages: 9 / 288M, Empty: 128M, Relocated: 0M, In-Place: 0
[37.791s][info][gc,reloc    ] GC(70) Large Pages: 36 / 216M, Empty: 216M, Relocated: 0M, In-Place: 0
[37.791s][info][gc,reloc    ] GC(70) Forwarding Usage: 1M
[37.791s][info][gc,heap     ] GC(70) Min Capacity: 2048M(100%)
[37.791s][info][gc,heap     ] GC(70) Max Capacity: 2048M(100%)
[37.791s][info][gc,heap     ] GC(70) Soft Max Capacity: 2048M(100%)
[37.791s][info][gc,heap     ] GC(70)                Mark Start          Mark End        Relocate Start      Relocate End           High               Low         
[37.791s][info][gc,heap     ] GC(70)  Capacity:     2048M (100%)       2048M (100%)       2048M (100%)       2048M (100%)       2048M (100%)       2048M (100%)   
[37.791s][info][gc,heap     ] GC(70)      Free:     1180M (58%)        1100M (54%)        1428M (70%)        1710M (83%)        1716M (84%)        1084M (53%)    
[37.791s][info][gc,heap     ] GC(70)      Used:      868M (42%)         948M (46%)         620M (30%)         338M (17%)         964M (47%)         332M (16%)    
[37.791s][info][gc,heap     ] GC(70)      Live:         -               190M (9%)          190M (9%)          190M (9%)             -                  -          
[37.791s][info][gc,heap     ] GC(70) Allocated:         -                80M (4%)          102M (5%)          107M (5%)             -                  -          
[37.791s][info][gc,heap     ] GC(70)   Garbage:         -               677M (33%)         327M (16%)          39M (2%)             -                  -          
[37.791s][info][gc,heap     ] GC(70) Reclaimed:         -                  -               350M (17%)         637M (31%)            -                  -          
[37.791s][info][gc          ] GC(70) Garbage Collection (Allocation Rate) 868M(42%)->338M(17%)
[38.141s][info][gc,start    ] GC(71) Garbage Collection (System.gc())
[38.141s][info][gc,task     ] GC(71) Using 2 workers
[38.141s][info][gc,phases   ] GC(71) Pause Mark Start 0.006ms
[38.196s][info][gc,phases   ] GC(71) Concurrent Mark 55.099ms
[38.196s][info][gc,phases   ] GC(71) Pause Mark End 0.031ms
[38.197s][info][gc,phases   ] GC(71) Concurrent Mark Free 0.003ms
[38.214s][info][gc,phases   ] GC(71) Concurrent Process Non-Strong References 17.026ms
[38.214s][info][gc,phases   ] GC(71) Concurrent Reset Relocation Set 0.013ms
[38.216s][info][gc,phases   ] GC(71) Concurrent Select Relocation Set 1.994ms
[38.216s][info][gc,phases   ] GC(71) Pause Relocate Start 0.007ms
[38.219s][info][gc,phases   ] GC(71) Concurrent Relocate 2.730ms
[38.219s][info][gc,load     ] GC(71) Load: 0.00/0.00/0.00
[38.219s][info][gc,mmu      ] GC(71) MMU: 2ms/89.6%, 5ms/95.9%, 10ms/97.9%, 20ms/99.0%, 50ms/99.6%, 100ms/99.8%
[38.219s][info][gc,marking  ] GC(71) Mark: 2 stripe(s), 2 proactive flush(es), 1 terminate flush(es), 0 completion(s), 0 continuation(s) 
[38.219s][info][gc,marking  ] GC(71) Mark Stack Usage: 32M
[38.219s][info][gc,nmethod  ] GC(71) NMethods: 16454 registered, 2142 unregistered
[38.219s][info][gc,metaspace] GC(71) Metaspace: 152M used, 154M committed, 1216M reserved
[38.219s][info][gc,ref      ] GC(71) Soft: 3493 encountered, 0 discovered, 0 enqueued
[38.219s][info][gc,ref      ] GC(71) Weak: 16314 encountered, 4656 discovered, 1274 enqueued
[38.219s][info][gc,ref      ] GC(71) Final: 52 encountered, 0 discovered, 0 enqueued
[38.219s][info][gc,ref      ] GC(71) Phantom: 600 encountered, 379 discovered, 0 enqueued
[38.219s][info][gc,reloc    ] GC(71) Small Pages: 137 / 274M, Empty: 4M, Relocated: 5M, In-Place: 0
[38.219s][info][gc,reloc    ] GC(71) Medium Pages: 7 / 224M, Empty: 128M, Relocated: 0M, In-Place: 0
[38.219s][info][gc,reloc    ] GC(71) Large Pages: 18 / 108M, Empty: 108M, Relocated: 0M, In-Place: 0
[38.219s][info][gc,reloc    ] GC(71) Forwarding Usage: 1M
[38.219s][info][gc,heap     ] GC(71) Min Capacity: 2048M(100%)
[38.219s][info][gc,heap     ] GC(71) Max Capacity: 2048M(100%)
[38.219s][info][gc,heap     ] GC(71) Soft Max Capacity: 2048M(100%)
[38.219s][info][gc,heap     ] GC(71)                Mark Start          Mark End        Relocate Start      Relocate End           High               Low         
[38.219s][info][gc,heap     ] GC(71)  Capacity:     2048M (100%)       2048M (100%)       2048M (100%)       2048M (100%)       2048M (100%)       2048M (100%)   
[38.219s][info][gc,heap     ] GC(71)      Free:     1442M (70%)        1442M (70%)        1670M (82%)        1868M (91%)        1870M (91%)        1432M (70%)    
[38.219s][info][gc,heap     ] GC(71)      Used:      606M (30%)         606M (30%)         378M (18%)         180M (9%)          616M (30%)         178M (9%)     
[38.219s][info][gc,heap     ] GC(71)      Live:         -               126M (6%)          126M (6%)          126M (6%)             -                  -          
[38.219s][info][gc,heap     ] GC(71) Allocated:         -                 0M (0%)           12M (1%)           15M (1%)             -                  -          
[38.219s][info][gc,heap     ] GC(71)   Garbage:         -               479M (23%)         239M (12%)          37M (2%)             -                  -          
[38.219s][info][gc,heap     ] GC(71) Reclaimed:         -                  -               240M (12%)         441M (22%)            -                  -          
[38.219s][info][gc          ] GC(71) Garbage Collection (System.gc()) 606M(30%)->180M(9%)
[38.517s][info][gc,start    ] GC(72) Garbage Collection (Allocation Rate)
[38.517s][info][gc,task     ] GC(72) Using 2 workers
[38.518s][info][gc,phases   ] GC(72) Pause Mark Start 0.008ms
[38.575s][info][gc          ] Allocation Stall (Executor task launch worker for task 0.0 in stage 463.0 (TID 1854)) 0.429ms
[38.580s][info][gc,phases   ] GC(72) Concurrent Mark 62.537ms
[38.580s][info][gc,phases   ] GC(72) Pause Mark End 0.021ms
[38.581s][info][gc,phases   ] GC(72) Concurrent Mark Free 0.002ms
[38.595s][info][gc,phases   ] GC(72) Concurrent Process Non-Strong References 14.592ms
[38.595s][info][gc,phases   ] GC(72) Concurrent Reset Relocation Set 0.007ms
[38.595s][info][gc          ] Allocation Stall (Executor task launch worker for task 2.0 in stage 463.0 (TID 1856)) 19.803ms
[38.595s][info][gc          ] Allocation Stall (Executor task launch worker for task 1.0 in stage 463.0 (TID 1855)) 19.152ms
[38.595s][info][gc          ] Allocation Stall (Executor task launch worker for task 3.0 in stage 463.0 (TID 1857)) 18.503ms
[38.595s][info][gc          ] Allocation Stall (Executor task launch worker for task 0.0 in stage 463.0 (TID 1854)) 19.985ms
[38.595s][info][gc          ] Allocation Stall (Executor task launch worker for task 4.0 in stage 463.0 (TID 1858)) 18.699ms
[38.595s][info][gc          ] Allocation Stall (Spark Context Cleaner) 20.863ms
[38.599s][info][gc,phases   ] GC(72) Concurrent Select Relocation Set 3.800ms
[38.599s][info][gc,phases   ] GC(72) Pause Relocate Start 0.010ms
[38.623s][info][gc,phases   ] GC(72) Concurrent Relocate 23.488ms
[38.623s][info][gc,load     ] GC(72) Load: 0.00/0.00/0.00
[38.623s][info][gc,mmu      ] GC(72) MMU: 2ms/89.6%, 5ms/95.9%, 10ms/97.9%, 20ms/99.0%, 50ms/99.6%, 100ms/99.8%
[38.623s][info][gc,marking  ] GC(72) Mark: 2 stripe(s), 2 proactive flush(es), 1 terminate flush(es), 0 completion(s), 0 continuation(s) 
[38.623s][info][gc,marking  ] GC(72) Mark Stack Usage: 32M
[38.623s][info][gc,nmethod  ] GC(72) NMethods: 16531 registered, 2161 unregistered
[38.623s][info][gc,metaspace] GC(72) Metaspace: 153M used, 154M committed, 1216M reserved
[38.623s][info][gc,ref      ] GC(72) Soft: 3560 encountered, 0 discovered, 0 enqueued
[38.623s][info][gc,ref      ] GC(72) Weak: 15414 encountered, 2360 discovered, 234 enqueued
[38.623s][info][gc,ref      ] GC(72) Final: 52 encountered, 0 discovered, 0 enqueued
[38.623s][info][gc,ref      ] GC(72) Phantom: 600 encountered, 348 discovered, 0 enqueued
[38.623s][info][gc,reloc    ] GC(72) Small Pages: 753 / 1506M, Empty: 1116M, Relocated: 8M, In-Place: 0
[38.623s][info][gc,reloc    ] GC(72) Medium Pages: 8 / 256M, Empty: 0M, Relocated: 52M, In-Place: 0
[38.623s][info][gc,reloc    ] GC(72) Large Pages: 6 / 36M, Empty: 36M, Relocated: 0M, In-Place: 0
[38.623s][info][gc,reloc    ] GC(72) Forwarding Usage: 1M
[38.623s][info][gc,heap     ] GC(72) Min Capacity: 2048M(100%)
[38.623s][info][gc,heap     ] GC(72) Max Capacity: 2048M(100%)
[38.623s][info][gc,heap     ] GC(72) Soft Max Capacity: 2048M(100%)
[38.623s][info][gc,heap     ] GC(72)                Mark Start          Mark End        Relocate Start      Relocate End           High               Low         
[38.623s][info][gc,heap     ] GC(72)  Capacity:     2048M (100%)       2048M (100%)       2048M (100%)       2048M (100%)       2048M (100%)       2048M (100%)   
[38.623s][info][gc,heap     ] GC(72)      Free:      250M (12%)           0M (0%)         1130M (55%)        1458M (71%)        1466M (72%)           0M (0%)     
[38.623s][info][gc,heap     ] GC(72)      Used:     1798M (88%)        2048M (100%)        918M (45%)         590M (29%)        2048M (100%)        582M (28%)    
[38.623s][info][gc,heap     ] GC(72)      Live:         -               171M (8%)          171M (8%)          171M (8%)             -                  -          
[38.623s][info][gc,heap     ] GC(72) Allocated:         -               250M (12%)         272M (13%)         374M (18%)            -                  -          
[38.623s][info][gc,heap     ] GC(72)   Garbage:         -              1626M (79%)         474M (23%)          44M (2%)             -                  -          
[38.623s][info][gc,heap     ] GC(72) Reclaimed:         -                  -              1152M (56%)        1582M (77%)            -                  -          
[38.623s][info][gc          ] GC(72) Garbage Collection (Allocation Rate) 1798M(88%)->590M(29%)
[38.719s][info][gc,start    ] GC(73) Garbage Collection (Allocation Stall)
[38.719s][info][gc,ref      ] GC(73) Clearing All SoftReferences
[38.719s][info][gc,task     ] GC(73) Using 2 workers
[38.720s][info][gc,ref      ] GC(73) Clearing All SoftReferences
[38.720s][info][gc,phases   ] GC(73) Pause Mark Start 0.054ms
[38.772s][info][gc,phases   ] GC(73) Concurrent Mark 52.179ms
[38.773s][info][gc,phases   ] GC(73) Pause Mark End 0.026ms
[38.773s][info][gc,phases   ] GC(73) Concurrent Mark Free 0.002ms
[38.804s][info][gc,phases   ] GC(73) Concurrent Process Non-Strong References 31.381ms
[38.804s][info][gc,phases   ] GC(73) Concurrent Reset Relocation Set 0.017ms
[38.806s][info][gc,phases   ] GC(73) Concurrent Select Relocation Set 2.461ms
[38.807s][info][gc,phases   ] GC(73) Pause Relocate Start 0.011ms
[38.820s][info][gc,phases   ] GC(73) Concurrent Relocate 13.038ms
[38.820s][info][gc,load     ] GC(73) Load: 0.00/0.00/0.00
[38.820s][info][gc,mmu      ] GC(73) MMU: 2ms/89.6%, 5ms/95.9%, 10ms/97.9%, 20ms/99.0%, 50ms/99.6%, 100ms/99.8%
[38.820s][info][gc,marking  ] GC(73) Mark: 2 stripe(s), 2 proactive flush(es), 1 terminate flush(es), 0 completion(s), 0 continuation(s) 
[38.820s][info][gc,marking  ] GC(73) Mark Stack Usage: 32M
[38.820s][info][gc,nmethod  ] GC(73) NMethods: 16535 registered, 2168 unregistered
[38.820s][info][gc,metaspace] GC(73) Metaspace: 152M used, 154M committed, 1216M reserved
[38.820s][info][gc,ref      ] GC(73) Soft: 3491 encountered, 3061 discovered, 242 enqueued
[38.820s][info][gc,ref      ] GC(73) Weak: 15371 encountered, 2773 discovered, 200 enqueued
[38.820s][info][gc,ref      ] GC(73) Final: 52 encountered, 0 discovered, 0 enqueued
[38.820s][info][gc,ref      ] GC(73) Phantom: 600 encountered, 459 discovered, 0 enqueued
[38.820s][info][gc,reloc    ] GC(73) Small Pages: 243 / 486M, Empty: 266M, Relocated: 6M, In-Place: 0
[38.820s][info][gc,reloc    ] GC(73) Medium Pages: 8 / 256M, Empty: 0M, Relocated: 27M, In-Place: 0
[38.820s][info][gc,reloc    ] GC(73) Large Pages: 4 / 24M, Empty: 24M, Relocated: 0M, In-Place: 0
[38.820s][info][gc,reloc    ] GC(73) Forwarding Usage: 1M
[38.820s][info][gc,heap     ] GC(73) Min Capacity: 2048M(100%)
[38.820s][info][gc,heap     ] GC(73) Max Capacity: 2048M(100%)
[38.820s][info][gc,heap     ] GC(73) Soft Max Capacity: 2048M(100%)
[38.820s][info][gc,heap     ] GC(73)                Mark Start          Mark End        Relocate Start      Relocate End           High               Low         
[38.820s][info][gc,heap     ] GC(73)  Capacity:     2048M (100%)       2048M (100%)       2048M (100%)       2048M (100%)       2048M (100%)       2048M (100%)   
[38.820s][info][gc,heap     ] GC(73)      Free:     1282M (63%)        1210M (59%)        1486M (73%)        1722M (84%)        1728M (84%)        1200M (59%)    
[38.820s][info][gc,heap     ] GC(73)      Used:      766M (37%)         838M (41%)         562M (27%)         326M (16%)         848M (41%)         320M (16%)    
[38.820s][info][gc,heap     ] GC(73)      Live:         -               188M (9%)          188M (9%)          188M (9%)             -                  -          
[38.820s][info][gc,heap     ] GC(73) Allocated:         -                72M (4%)           86M (4%)           97M (5%)             -                  -          
[38.820s][info][gc,heap     ] GC(73)   Garbage:         -               577M (28%)         287M (14%)          39M (2%)             -                  -          
[38.820s][info][gc,heap     ] GC(73) Reclaimed:         -                  -               290M (14%)         537M (26%)            -                  -          
[38.820s][info][gc          ] GC(73) Garbage Collection (Allocation Stall) 766M(37%)->326M(16%)
[38.918s][info][gc,start    ] GC(74) Garbage Collection (Allocation Rate)
[38.918s][info][gc,task     ] GC(74) Using 2 workers
[38.918s][info][gc,phases   ] GC(74) Pause Mark Start 0.009ms
[38.971s][info][gc,phases   ] GC(74) Concurrent Mark 52.727ms
[38.971s][info][gc,phases   ] GC(74) Pause Mark End 0.026ms
[38.971s][info][gc,phases   ] GC(74) Concurrent Mark Free 0.001ms
[39.002s][info][gc,phases   ] GC(74) Concurrent Process Non-Strong References 31.423ms
[39.003s][info][gc,phases   ] GC(74) Concurrent Reset Relocation Set 0.005ms
[39.005s][info][gc,phases   ] GC(74) Concurrent Select Relocation Set 1.973ms
[39.005s][info][gc,phases   ] GC(74) Pause Relocate Start 0.012ms
[39.008s][info][gc,phases   ] GC(74) Concurrent Relocate 3.097ms
[39.008s][info][gc,load     ] GC(74) Load: 0.00/0.00/0.00
[39.008s][info][gc,mmu      ] GC(74) MMU: 2ms/89.6%, 5ms/95.9%, 10ms/97.9%, 20ms/99.0%, 50ms/99.6%, 100ms/99.8%
[39.008s][info][gc,marking  ] GC(74) Mark: 2 stripe(s), 2 proactive flush(es), 1 terminate flush(es), 0 completion(s), 0 continuation(s) 
[39.008s][info][gc,marking  ] GC(74) Mark Stack Usage: 32M
[39.008s][info][gc,nmethod  ] GC(74) NMethods: 16546 registered, 2177 unregistered
[39.008s][info][gc,metaspace] GC(74) Metaspace: 152M used, 154M committed, 1216M reserved
[39.008s][info][gc,ref      ] GC(74) Soft: 3267 encountered, 0 discovered, 0 enqueued
[39.008s][info][gc,ref      ] GC(74) Weak: 15492 encountered, 3234 discovered, 449 enqueued
[39.008s][info][gc,ref      ] GC(74) Final: 52 encountered, 0 discovered, 0 enqueued
[39.008s][info][gc,ref      ] GC(74) Phantom: 600 encountered, 349 discovered, 0 enqueued
[39.008s][info][gc,reloc    ] GC(74) Small Pages: 76 / 152M, Empty: 0M, Relocated: 4M, In-Place: 0
[39.008s][info][gc,reloc    ] GC(74) Medium Pages: 6 / 192M, Empty: 32M, Relocated: 0M, In-Place: 0
[39.008s][info][gc,reloc    ] GC(74) Large Pages: 9 / 54M, Empty: 54M, Relocated: 0M, In-Place: 0
[39.008s][info][gc,reloc    ] GC(74) Forwarding Usage: 1M
[39.008s][info][gc,heap     ] GC(74) Min Capacity: 2048M(100%)
[39.008s][info][gc,heap     ] GC(74) Max Capacity: 2048M(100%)
[39.008s][info][gc,heap     ] GC(74) Soft Max Capacity: 2048M(100%)
[39.008s][info][gc,heap     ] GC(74)                Mark Start          Mark End        Relocate Start      Relocate End           High               Low         
[39.008s][info][gc,heap     ] GC(74)  Capacity:     2048M (100%)       2048M (100%)       2048M (100%)       2048M (100%)       2048M (100%)       2048M (100%)   
[39.008s][info][gc,heap     ] GC(74)      Free:     1650M (81%)        1576M (77%)        1646M (80%)        1732M (85%)        1732M (85%)        1562M (76%)    
[39.008s][info][gc,heap     ] GC(74)      Used:      398M (19%)         472M (23%)         402M (20%)         316M (15%)         486M (24%)         316M (15%)    
[39.008s][info][gc,heap     ] GC(74)      Live:         -               189M (9%)          189M (9%)          189M (9%)             -                  -          
[39.008s][info][gc,heap     ] GC(74) Allocated:         -                74M (4%)           90M (4%)           89M (4%)             -                  -          
[39.008s][info][gc,heap     ] GC(74)   Garbage:         -               208M (10%)         122M (6%)           36M (2%)             -                  -          
[39.008s][info][gc,heap     ] GC(74) Reclaimed:         -                  -                86M (4%)          171M (8%)             -                  -          
[39.008s][info][gc          ] GC(74) Garbage Collection (Allocation Rate) 398M(19%)->316M(15%)
[39.017s][info][gc,start    ] GC(75) Garbage Collection (Allocation Rate)
[39.017s][info][gc,task     ] GC(75) Using 2 workers
[39.017s][info][gc,phases   ] GC(75) Pause Mark Start 0.013ms
[39.076s][info][gc,phases   ] GC(75) Concurrent Mark 59.005ms
[39.077s][info][gc,phases   ] GC(75) Pause Mark End 0.022ms
[39.077s][info][gc,phases   ] GC(75) Concurrent Mark Free 0.001ms
[39.091s][info][gc,phases   ] GC(75) Concurrent Process Non-Strong References 14.792ms
[39.092s][info][gc,phases   ] GC(75) Concurrent Reset Relocation Set 0.004ms
[39.094s][info][gc,phases   ] GC(75) Concurrent Select Relocation Set 2.187ms
[39.094s][info][gc,phases   ] GC(75) Pause Relocate Start 0.011ms
[39.095s][info][gc,phases   ] GC(75) Concurrent Relocate 1.155ms
[39.095s][info][gc,load     ] GC(75) Load: 0.00/0.00/0.00
[39.095s][info][gc,mmu      ] GC(75) MMU: 2ms/89.6%, 5ms/95.9%, 10ms/97.9%, 20ms/99.0%, 50ms/99.6%, 100ms/99.8%
[39.095s][info][gc,marking  ] GC(75) Mark: 2 stripe(s), 2 proactive flush(es), 1 terminate flush(es), 0 completion(s), 0 continuation(s) 
[39.095s][info][gc,marking  ] GC(75) Mark Stack Usage: 32M
[39.095s][info][gc,nmethod  ] GC(75) NMethods: 16548 registered, 2180 unregistered
[39.095s][info][gc,metaspace] GC(75) Metaspace: 152M used, 154M committed, 1216M reserved
[39.095s][info][gc,ref      ] GC(75) Soft: 3265 encountered, 0 discovered, 0 enqueued
[39.095s][info][gc,ref      ] GC(75) Weak: 15184 encountered, 2814 discovered, 296 enqueued
[39.095s][info][gc,ref      ] GC(75) Final: 52 encountered, 0 discovered, 0 enqueued
[39.095s][info][gc,ref      ] GC(75) Phantom: 600 encountered, 373 discovered, 0 enqueued
[39.095s][info][gc,reloc    ] GC(75) Small Pages: 59 / 118M, Empty: 0M, Relocated: 1M, In-Place: 0
[39.095s][info][gc,reloc    ] GC(75) Medium Pages: 6 / 192M, Empty: 32M, Relocated: 0M, In-Place: 0
[39.095s][info][gc,reloc    ] GC(75) Large Pages: 4 / 24M, Empty: 24M, Relocated: 0M, In-Place: 0
[39.095s][info][gc,reloc    ] GC(75) Forwarding Usage: 0M
[39.095s][info][gc,heap     ] GC(75) Min Capacity: 2048M(100%)
[39.095s][info][gc,heap     ] GC(75) Max Capacity: 2048M(100%)
[39.095s][info][gc,heap     ] GC(75) Soft Max Capacity: 2048M(100%)
[39.095s][info][gc,heap     ] GC(75)                Mark Start          Mark End        Relocate Start      Relocate End           High               Low         
[39.095s][info][gc,heap     ] GC(75)  Capacity:     2048M (100%)       2048M (100%)       2048M (100%)       2048M (100%)       2048M (100%)       2048M (100%)   
[39.095s][info][gc,heap     ] GC(75)      Free:     1714M (84%)        1644M (80%)        1672M (82%)        1718M (84%)        1720M (84%)        1616M (79%)    
[39.095s][info][gc,heap     ] GC(75)      Used:      334M (16%)         404M (20%)         376M (18%)         330M (16%)         432M (21%)         328M (16%)    
[39.095s][info][gc,heap     ] GC(75)      Live:         -               188M (9%)          188M (9%)          188M (9%)             -                  -          
[39.095s][info][gc,heap     ] GC(75) Allocated:         -                70M (3%)           98M (5%)          101M (5%)             -                  -          
[39.095s][info][gc,heap     ] GC(75)   Garbage:         -               145M (7%)           89M (4%)           39M (2%)             -                  -          
[39.095s][info][gc,heap     ] GC(75) Reclaimed:         -                  -                56M (3%)          105M (5%)             -                  -          
[39.095s][info][gc          ] GC(75) Garbage Collection (Allocation Rate) 334M(16%)->330M(16%)
[39.713s][info][gc,start    ] GC(76) Garbage Collection (Allocation Rate)
[39.713s][info][gc,task     ] GC(76) Using 2 workers
[39.714s][info][gc,phases   ] GC(76) Pause Mark Start 0.008ms
[39.767s][info][gc,phases   ] GC(76) Concurrent Mark 53.038ms
[39.767s][info][gc,phases   ] GC(76) Pause Mark End 0.083ms
[39.767s][info][gc,phases   ] GC(76) Concurrent Mark Free 0.001ms
[39.783s][info][gc,phases   ] GC(76) Concurrent Process Non-Strong References 15.490ms
[39.783s][info][gc,phases   ] GC(76) Concurrent Reset Relocation Set 0.003ms
[39.785s][info][gc,phases   ] GC(76) Concurrent Select Relocation Set 2.370ms
[39.785s][info][gc,phases   ] GC(76) Pause Relocate Start 0.010ms
[39.787s][info][gc,phases   ] GC(76) Concurrent Relocate 2.264ms
[39.787s][info][gc,load     ] GC(76) Load: 0.00/0.00/0.00
[39.787s][info][gc,mmu      ] GC(76) MMU: 2ms/89.6%, 5ms/95.9%, 10ms/97.9%, 20ms/99.0%, 50ms/99.6%, 100ms/99.8%
[39.787s][info][gc,marking  ] GC(76) Mark: 2 stripe(s), 2 proactive flush(es), 1 terminate flush(es), 1 completion(s), 0 continuation(s) 
[39.787s][info][gc,marking  ] GC(76) Mark Stack Usage: 32M
[39.787s][info][gc,nmethod  ] GC(76) NMethods: 16575 registered, 2200 unregistered
[39.787s][info][gc,metaspace] GC(76) Metaspace: 152M used, 154M committed, 1216M reserved
[39.788s][info][gc,ref      ] GC(76) Soft: 3265 encountered, 0 discovered, 0 enqueued
[39.788s][info][gc,ref      ] GC(76) Weak: 16662 encountered, 3770 discovered, 1741 enqueued
[39.788s][info][gc,ref      ] GC(76) Final: 52 encountered, 0 discovered, 0 enqueued
[39.788s][info][gc,ref      ] GC(76) Phantom: 600 encountered, 384 discovered, 0 enqueued
[39.788s][info][gc,reloc    ] GC(76) Small Pages: 177 / 354M, Empty: 12M, Relocated: 3M, In-Place: 0
[39.788s][info][gc,reloc    ] GC(76) Medium Pages: 9 / 288M, Empty: 128M, Relocated: 0M, In-Place: 0
[39.788s][info][gc,reloc    ] GC(76) Large Pages: 35 / 210M, Empty: 210M, Relocated: 0M, In-Place: 0
[39.788s][info][gc,reloc    ] GC(76) Forwarding Usage: 0M
[39.788s][info][gc,heap     ] GC(76) Min Capacity: 2048M(100%)
[39.788s][info][gc,heap     ] GC(76) Max Capacity: 2048M(100%)
[39.788s][info][gc,heap     ] GC(76) Soft Max Capacity: 2048M(100%)
[39.788s][info][gc,heap     ] GC(76)                Mark Start          Mark End        Relocate Start      Relocate End           High               Low         
[39.788s][info][gc,heap     ] GC(76)  Capacity:     2048M (100%)       2048M (100%)       2048M (100%)       2048M (100%)       2048M (100%)       2048M (100%)   
[39.788s][info][gc,heap     ] GC(76)      Free:     1196M (58%)        1114M (54%)        1450M (71%)        1720M (84%)        1722M (84%)        1110M (54%)    
[39.788s][info][gc,heap     ] GC(76)      Used:      852M (42%)         934M (46%)         598M (29%)         328M (16%)         938M (46%)         326M (16%)    
[39.788s][info][gc,heap     ] GC(76)      Live:         -               190M (9%)          190M (9%)          190M (9%)             -                  -          
[39.788s][info][gc,heap     ] GC(76) Allocated:         -                82M (4%)           96M (5%)           97M (5%)             -                  -          
[39.788s][info][gc,heap     ] GC(76)   Garbage:         -               661M (32%)         311M (15%)          39M (2%)             -                  -          
[39.788s][info][gc,heap     ] GC(76) Reclaimed:         -                  -               350M (17%)         621M (30%)            -                  -          
[39.788s][info][gc          ] GC(76) Garbage Collection (Allocation Rate) 852M(42%)->328M(16%)
[40.025s][info][gc,start    ] GC(77) Garbage Collection (System.gc())
[40.025s][info][gc,task     ] GC(77) Using 2 workers
[40.025s][info][gc,phases   ] GC(77) Pause Mark Start 0.011ms
[40.080s][info][gc,phases   ] GC(77) Concurrent Mark 55.022ms
[40.081s][info][gc,phases   ] GC(77) Pause Mark End 0.053ms
[40.081s][info][gc,phases   ] GC(77) Concurrent Mark Free 0.003ms
[40.097s][info][gc,phases   ] GC(77) Concurrent Process Non-Strong References 16.004ms
[40.097s][info][gc,phases   ] GC(77) Concurrent Reset Relocation Set 0.008ms
[40.099s][info][gc,phases   ] GC(77) Concurrent Select Relocation Set 1.754ms
[40.099s][info][gc,phases   ] GC(77) Pause Relocate Start 0.010ms
[40.102s][info][gc,phases   ] GC(77) Concurrent Relocate 3.493ms
[40.102s][info][gc,load     ] GC(77) Load: 0.00/0.00/0.00
[40.102s][info][gc,mmu      ] GC(77) MMU: 2ms/89.6%, 5ms/95.9%, 10ms/97.9%, 20ms/99.0%, 50ms/99.6%, 100ms/99.8%
[40.102s][info][gc,marking  ] GC(77) Mark: 2 stripe(s), 2 proactive flush(es), 1 terminate flush(es), 0 completion(s), 0 continuation(s) 
[40.102s][info][gc,marking  ] GC(77) Mark Stack Usage: 32M
[40.102s][info][gc,nmethod  ] GC(77) NMethods: 16654 registered, 2214 unregistered
[40.102s][info][gc,metaspace] GC(77) Metaspace: 153M used, 154M committed, 1216M reserved
[40.102s][info][gc,ref      ] GC(77) Soft: 3482 encountered, 0 discovered, 0 enqueued
[40.103s][info][gc,ref      ] GC(77) Weak: 15886 encountered, 3196 discovered, 844 enqueued
[40.103s][info][gc,ref      ] GC(77) Final: 52 encountered, 0 discovered, 0 enqueued
[40.103s][info][gc,ref      ] GC(77) Phantom: 600 encountered, 383 discovered, 0 enqueued
[40.103s][info][gc,reloc    ] GC(77) Small Pages: 115 / 230M, Empty: 2M, Relocated: 2M, In-Place: 0
[40.103s][info][gc,reloc    ] GC(77) Medium Pages: 7 / 224M, Empty: 96M, Relocated: 12M, In-Place: 0
[40.103s][info][gc,reloc    ] GC(77) Large Pages: 12 / 72M, Empty: 72M, Relocated: 0M, In-Place: 0
[40.103s][info][gc,reloc    ] GC(77) Forwarding Usage: 1M
[40.103s][info][gc,heap     ] GC(77) Min Capacity: 2048M(100%)
[40.103s][info][gc,heap     ] GC(77) Max Capacity: 2048M(100%)
[40.103s][info][gc,heap     ] GC(77) Soft Max Capacity: 2048M(100%)
[40.103s][info][gc,heap     ] GC(77)                Mark Start          Mark End        Relocate Start      Relocate End           High               Low         
[40.103s][info][gc,heap     ] GC(77)  Capacity:     2048M (100%)       2048M (100%)       2048M (100%)       2048M (100%)       2048M (100%)       2048M (100%)   
[40.103s][info][gc,heap     ] GC(77)      Free:     1522M (74%)        1522M (74%)        1680M (82%)        1866M (91%)        1870M (91%)        1512M (74%)    
[40.103s][info][gc,heap     ] GC(77)      Used:      526M (26%)         526M (26%)         368M (18%)         182M (9%)          536M (26%)         178M (9%)     
[40.103s][info][gc,heap     ] GC(77)      Live:         -               126M (6%)          126M (6%)          126M (6%)             -                  -          
[40.103s][info][gc,heap     ] GC(77) Allocated:         -                 0M (0%)           12M (1%)           19M (1%)             -                  -          
[40.103s][info][gc,heap     ] GC(77)   Garbage:         -               399M (19%)         229M (11%)          35M (2%)             -                  -          
[40.103s][info][gc,heap     ] GC(77) Reclaimed:         -                  -               170M (8%)          363M (18%)            -                  -          
[40.103s][info][gc          ] GC(77) Garbage Collection (System.gc()) 526M(26%)->182M(9%)
[40.111s][info][gc,stats    ] === Garbage Collection Statistics =======================================================================================================================
[40.111s][info][gc,stats    ]                                                              Last 10s              Last 10m              Last 10h                Total
[40.111s][info][gc,stats    ]                                                              Avg / Max             Avg / Max             Avg / Max             Avg / Max
[40.111s][info][gc,stats    ]   Collector: Garbage Collection Cycle                     90.172 / 136.402      93.125 / 235.178      93.125 / 235.178      93.125 / 235.178     ms
[40.111s][info][gc,stats    ]  Contention: Mark Segment Reset Contention                     2 / 5                 2 / 51                2 / 51                2 / 51          ops/s
[40.111s][info][gc,stats    ]  Contention: Mark SeqNum Reset Contention                      0 / 2                 0 / 2                 0 / 2                 0 / 2           ops/s
[40.111s][info][gc,stats    ]    Critical: Allocation Stall                                  3 / 7                 1 / 7                 1 / 7                 1 / 7           ops/s
[40.111s][info][gc,stats    ]    Critical: Allocation Stall                             47.684 / 86.599       43.399 / 86.599       43.399 / 86.599       43.399 / 86.599      ms
[40.111s][info][gc,stats    ]    Critical: GC Locker Stall                                   0 / 0                 0 / 1                 0 / 1                 0 / 1           ops/s
[40.111s][info][gc,stats    ]    Critical: GC Locker Stall                               0.000 / 0.000         0.029 / 0.041         0.029 / 0.041         0.029 / 0.041       ms
[40.111s][info][gc,stats    ]    Critical: Relocation Stall                                  0 / 0                 0 / 0                 0 / 0                 0 / 0           ops/s
[40.111s][info][gc,stats    ]    Critical: Relocation Stall                              0.000 / 0.000         0.000 / 0.000         0.000 / 0.000         0.000 / 0.000       ms
[40.111s][info][gc,stats    ]      Memory: Allocation Rate                                1769 / 2680           1076 / 3030           1076 / 3030           1076 / 3030        MB/s
[40.111s][info][gc,stats    ]      Memory: Defragment                                       50 / 138              19 / 138              19 / 138              19 / 138         ops/s
[40.111s][info][gc,stats    ]      Memory: Out Of Memory                                     0 / 0                 0 / 0                 0 / 0                 0 / 0           ops/s
[40.111s][info][gc,stats    ]      Memory: Page Cache Flush                                234 / 394             102 / 394             102 / 394             102 / 394         MB/s
[40.111s][info][gc,stats    ]      Memory: Page Cache Hit L1                               615 / 1012            371 / 1168            371 / 1168            371 / 1168        ops/s
[40.111s][info][gc,stats    ]      Memory: Page Cache Hit L2                                 0 / 0                 0 / 0                 0 / 0                 0 / 0           ops/s
[40.111s][info][gc,stats    ]      Memory: Page Cache Hit L3                                47 / 105              43 / 265              43 / 265              43 / 265         ops/s
[40.111s][info][gc,stats    ]      Memory: Page Cache Miss                                   7 / 21                4 / 23                4 / 23                4 / 23          ops/s
[40.111s][info][gc,stats    ]      Memory: Uncommit                                          0 / 0                 0 / 0                 0 / 0                 0 / 0           MB/s
[40.111s][info][gc,stats    ]      Memory: Undo Object Allocation Failed                     0 / 3                 0 / 3                 0 / 3                 0 / 3           ops/s
[40.111s][info][gc,stats    ]      Memory: Undo Object Allocation Succeeded                266 / 2513             80 / 2513             80 / 2513             80 / 2513        ops/s
[40.112s][info][gc,stats    ]      Memory: Undo Page Allocation                              3 / 7                 1 / 7                 1 / 7                 1 / 7           ops/s
[40.112s][info][gc,stats    ]       Phase: Concurrent Mark                              56.598 / 81.146       60.375 / 160.845      60.375 / 160.845      60.375 / 160.845     ms
[40.112s][info][gc,stats    ]       Phase: Concurrent Mark Continue                      0.000 / 0.000         0.000 / 0.000         0.000 / 0.000         0.000 / 0.000       ms
[40.112s][info][gc,stats    ]       Phase: Concurrent Mark Free                          0.002 / 0.003         0.001 / 0.005         0.001 / 0.005         0.001 / 0.005       ms
[40.112s][info][gc,stats    ]       Phase: Concurrent Process Non-Strong References     22.847 / 35.705       20.210 / 63.816       20.210 / 63.816       20.210 / 63.816      ms
[40.112s][info][gc,stats    ]       Phase: Concurrent Relocate                           7.194 / 25.330        8.536 / 78.506        8.536 / 78.506        8.536 / 78.506      ms
[40.112s][info][gc,stats    ]       Phase: Concurrent Reset Relocation Set               0.007 / 0.017         0.006 / 0.023         0.006 / 0.023         0.006 / 0.023       ms
[40.112s][info][gc,stats    ]       Phase: Concurrent Select Relocation Set              2.461 / 4.533         2.529 / 6.265         2.529 / 6.265         2.529 / 6.265       ms
[40.112s][info][gc,stats    ]       Phase: Pause Mark End                                0.047 / 0.128         0.044 / 0.207         0.044 / 0.207         0.044 / 0.207       ms
[40.112s][info][gc,stats    ]       Phase: Pause Mark Start                              0.015 / 0.054         0.013 / 0.072         0.013 / 0.072         0.013 / 0.072       ms
[40.112s][info][gc,stats    ]       Phase: Pause Relocate Start                          0.010 / 0.014         0.010 / 0.018         0.010 / 0.018         0.010 / 0.018       ms
[40.112s][info][gc,stats    ]    Subphase: Concurrent Classes Purge                      0.181 / 2.002         0.253 / 2.002         0.253 / 2.002         0.253 / 2.002       ms
[40.112s][info][gc,stats    ]    Subphase: Concurrent Classes Unlink                    20.738 / 33.775       16.506 / 33.775       16.506 / 33.775       16.506 / 33.775      ms
[40.112s][info][gc,stats    ]    Subphase: Concurrent Mark                              46.562 / 72.695       50.275 / 147.243      50.275 / 147.243      50.275 / 147.243     ms
[40.112s][info][gc,stats    ]    Subphase: Concurrent Mark Try Flush                     0.187 / 3.718         1.275 / 29.293        1.275 / 29.293        1.275 / 29.293      ms
[40.112s][info][gc,stats    ]    Subphase: Concurrent Mark Try Terminate                 3.040 / 16.940        4.211 / 22.417        4.211 / 22.417        4.211 / 22.417      ms
[40.112s][info][gc,stats    ]    Subphase: Concurrent References Enqueue                 0.005 / 0.011         0.006 / 0.016         0.006 / 0.016         0.006 / 0.016       ms
[40.112s][info][gc,stats    ]    Subphase: Concurrent References Process                 0.413 / 0.937         0.391 / 0.937         0.391 / 0.937         0.391 / 0.937       ms
[40.112s][info][gc,stats    ]    Subphase: Concurrent Roots ClassLoaderDataGraph         0.200 / 0.472         0.194 / 0.472         0.194 / 0.472         0.194 / 0.472       ms
[40.112s][info][gc,stats    ]    Subphase: Concurrent Roots CodeCache                    0.000 / 0.000         0.000 / 0.000         0.000 / 0.000         0.000 / 0.000       ms
[40.112s][info][gc,stats    ]    Subphase: Concurrent Roots JavaThreads                  4.842 / 8.637         5.291 / 13.179        5.291 / 13.179        5.291 / 13.179      ms
[40.112s][info][gc,stats    ]    Subphase: Concurrent Roots OopStorageSet                0.063 / 0.128         0.063 / 0.201         0.063 / 0.201         0.063 / 0.201       ms
[40.112s][info][gc,stats    ]    Subphase: Concurrent Weak Roots OopStorageSet           1.104 / 2.044         1.041 / 2.044         1.041 / 2.044         1.041 / 2.044       ms
[40.112s][info][gc,stats    ]    Subphase: Pause Mark Try Complete                       0.010 / 0.033         0.014 / 0.138         0.014 / 0.138         0.014 / 0.138       ms
[40.112s][info][gc,stats    ]      System: Java Threads                                    285 / 286             234 / 286             234 / 286             234 / 286         threads
[40.112s][info][gc,stats    ] =========================================================================================================================================================
[40.411s][info][gc,start    ] GC(78) Garbage Collection (Allocation Rate)
[40.411s][info][gc,task     ] GC(78) Using 2 workers
[40.411s][info][gc,phases   ] GC(78) Pause Mark Start 0.008ms
[40.474s][info][gc,phases   ] GC(78) Concurrent Mark 62.213ms
[40.474s][info][gc,phases   ] GC(78) Pause Mark End 0.014ms
[40.474s][info][gc,phases   ] GC(78) Concurrent Mark Free 0.001ms
[40.489s][info][gc,phases   ] GC(78) Concurrent Process Non-Strong References 15.282ms
[40.489s][info][gc,phases   ] GC(78) Concurrent Reset Relocation Set 0.007ms
[40.489s][info][gc          ] Allocation Stall (Executor task launch worker for task 3.0 in stage 509.0 (TID 2041)) 24.543ms
[40.489s][info][gc          ] Allocation Stall (Executor task launch worker for task 0.0 in stage 509.0 (TID 2038)) 24.871ms
[40.489s][info][gc          ] Allocation Stall (Executor task launch worker for task 4.0 in stage 509.0 (TID 2042)) 25.000ms
[40.489s][info][gc          ] Allocation Stall (Executor task launch worker for task 1.0 in stage 509.0 (TID 2039)) 25.474ms
[40.489s][info][gc          ] Allocation Stall (Executor task launch worker for task 2.0 in stage 509.0 (TID 2040)) 23.928ms
[40.489s][info][gc          ] Allocation Stall (dispatcher-BlockManagerMaster) 0.146ms
[40.489s][info][gc          ] Allocation Stall (netty-rpc-env-timeout) 0.113ms
[40.494s][info][gc,phases   ] GC(78) Concurrent Select Relocation Set 4.895ms
[40.495s][info][gc,phases   ] GC(78) Pause Relocate Start 0.009ms
[40.518s][info][gc,phases   ] GC(78) Concurrent Relocate 23.219ms
[40.518s][info][gc,load     ] GC(78) Load: 0.00/0.00/0.00
[40.518s][info][gc,mmu      ] GC(78) MMU: 2ms/89.6%, 5ms/95.9%, 10ms/97.9%, 20ms/99.0%, 50ms/99.6%, 100ms/99.8%
[40.518s][info][gc,marking  ] GC(78) Mark: 2 stripe(s), 2 proactive flush(es), 1 terminate flush(es), 0 completion(s), 0 continuation(s) 
[40.518s][info][gc,marking  ] GC(78) Mark Stack Usage: 32M
[40.518s][info][gc,nmethod  ] GC(78) NMethods: 16723 registered, 2234 unregistered
[40.518s][info][gc,metaspace] GC(78) Metaspace: 153M used, 154M committed, 1216M reserved
[40.518s][info][gc,ref      ] GC(78) Soft: 3544 encountered, 0 discovered, 0 enqueued
[40.518s][info][gc,ref      ] GC(78) Weak: 15404 encountered, 1869 discovered, 228 enqueued
[40.518s][info][gc,ref      ] GC(78) Final: 52 encountered, 0 discovered, 0 enqueued
[40.518s][info][gc,ref      ] GC(78) Phantom: 600 encountered, 375 discovered, 0 enqueued
[40.518s][info][gc,reloc    ] GC(78) Small Pages: 760 / 1520M, Empty: 1144M, Relocated: 6M, In-Place: 0
[40.518s][info][gc,reloc    ] GC(78) Medium Pages: 8 / 256M, Empty: 0M, Relocated: 54M, In-Place: 0
[40.518s][info][gc,reloc    ] GC(78) Large Pages: 6 / 36M, Empty: 36M, Relocated: 0M, In-Place: 0
[40.518s][info][gc,reloc    ] GC(78) Forwarding Usage: 0M
[40.518s][info][gc,heap     ] GC(78) Min Capacity: 2048M(100%)
[40.518s][info][gc,heap     ] GC(78) Max Capacity: 2048M(100%)
[40.518s][info][gc,heap     ] GC(78) Soft Max Capacity: 2048M(100%)
[40.518s][info][gc,heap     ] GC(78)                Mark Start          Mark End        Relocate Start      Relocate End           High               Low         
[40.518s][info][gc,heap     ] GC(78)  Capacity:     2048M (100%)       2048M (100%)       2048M (100%)       2048M (100%)       2048M (100%)       2048M (100%)   
[40.518s][info][gc,heap     ] GC(78)      Free:      236M (12%)           0M (0%)         1140M (56%)        1456M (71%)        1464M (71%)           0M (0%)     
[40.518s][info][gc,heap     ] GC(78)      Used:     1812M (88%)        2048M (100%)        908M (44%)         592M (29%)        2048M (100%)        584M (29%)    
[40.518s][info][gc,heap     ] GC(78)      Live:         -               173M (8%)          173M (8%)          173M (8%)             -                  -          
[40.518s][info][gc,heap     ] GC(78) Allocated:         -               236M (12%)         276M (13%)         377M (18%)            -                  -          
[40.518s][info][gc,heap     ] GC(78)   Garbage:         -              1638M (80%)         458M (22%)          41M (2%)             -                  -          
[40.518s][info][gc,heap     ] GC(78) Reclaimed:         -                  -              1180M (58%)        1597M (78%)            -                  -          
[40.518s][info][gc          ] GC(78) Garbage Collection (Allocation Rate) 1812M(88%)->592M(29%)
[40.613s][info][gc,start    ] GC(79) Garbage Collection (Allocation Stall)
[40.613s][info][gc,ref      ] GC(79) Clearing All SoftReferences
[40.613s][info][gc,task     ] GC(79) Using 2 workers
[40.613s][info][gc,ref      ] GC(79) Clearing All SoftReferences
[40.613s][info][gc,phases   ] GC(79) Pause Mark Start 0.047ms
[40.659s][info][gc,phases   ] GC(79) Concurrent Mark 46.210ms
[40.659s][info][gc,phases   ] GC(79) Pause Mark End 0.134ms
[40.659s][info][gc,phases   ] GC(79) Concurrent Mark Free 0.001ms
[40.697s][info][gc,phases   ] GC(79) Concurrent Process Non-Strong References 37.881ms
[40.697s][info][gc,phases   ] GC(79) Concurrent Reset Relocation Set 0.009ms
[40.700s][info][gc,phases   ] GC(79) Concurrent Select Relocation Set 2.315ms
[40.700s][info][gc,phases   ] GC(79) Pause Relocate Start 0.009ms
[40.710s][info][gc,phases   ] GC(79) Concurrent Relocate 10.093ms
[40.710s][info][gc,load     ] GC(79) Load: 0.00/0.00/0.00
[40.710s][info][gc,mmu      ] GC(79) MMU: 2ms/89.6%, 5ms/95.9%, 10ms/97.9%, 20ms/99.0%, 50ms/99.6%, 100ms/99.8%
[40.710s][info][gc,marking  ] GC(79) Mark: 2 stripe(s), 3 proactive flush(es), 1 terminate flush(es), 1 completion(s), 0 continuation(s) 
[40.710s][info][gc,marking  ] GC(79) Mark Stack Usage: 32M
[40.710s][info][gc,nmethod  ] GC(79) NMethods: 16775 registered, 2264 unregistered
[40.710s][info][gc,metaspace] GC(79) Metaspace: 153M used, 154M committed, 1216M reserved
[40.710s][info][gc,ref      ] GC(79) Soft: 3477 encountered, 3089 discovered, 371 enqueued
[40.710s][info][gc,ref      ] GC(79) Weak: 15355 encountered, 3070 discovered, 223 enqueued
[40.710s][info][gc,ref      ] GC(79) Final: 52 encountered, 0 discovered, 0 enqueued
[40.710s][info][gc,ref      ] GC(79) Phantom: 600 encountered, 395 discovered, 0 enqueued
[40.710s][info][gc,reloc    ] GC(79) Small Pages: 230 / 460M, Empty: 236M, Relocated: 5M, In-Place: 0
[40.710s][info][gc,reloc    ] GC(79) Medium Pages: 8 / 256M, Empty: 32M, Relocated: 46M, In-Place: 0
[40.710s][info][gc,reloc    ] GC(79) Large Pages: 4 / 24M, Empty: 24M, Relocated: 0M, In-Place: 0
[40.710s][info][gc,reloc    ] GC(79) Forwarding Usage: 1M
[40.710s][info][gc,heap     ] GC(79) Min Capacity: 2048M(100%)
[40.710s][info][gc,heap     ] GC(79) Max Capacity: 2048M(100%)
[40.710s][info][gc,heap     ] GC(79) Soft Max Capacity: 2048M(100%)
[40.710s][info][gc,heap     ] GC(79)                Mark Start          Mark End        Relocate Start      Relocate End           High               Low         
[40.710s][info][gc,heap     ] GC(79)  Capacity:     2048M (100%)       2048M (100%)       2048M (100%)       2048M (100%)       2048M (100%)       2048M (100%)   
[40.710s][info][gc,heap     ] GC(79)      Free:     1308M (64%)        1248M (61%)        1522M (74%)        1742M (85%)        1742M (85%)        1230M (60%)    
[40.710s][info][gc,heap     ] GC(79)      Used:      740M (36%)         800M (39%)         526M (26%)         306M (15%)         818M (40%)         306M (15%)    
[40.710s][info][gc,heap     ] GC(79)      Live:         -               188M (9%)          188M (9%)          188M (9%)             -                  -          
[40.710s][info][gc,heap     ] GC(79) Allocated:         -                60M (3%)           78M (4%)           67M (3%)             -                  -          
[40.710s][info][gc,heap     ] GC(79)   Garbage:         -               551M (27%)         259M (13%)          50M (2%)             -                  -          
[40.710s][info][gc,heap     ] GC(79) Reclaimed:         -                  -               292M (14%)         501M (24%)            -                  -          
[40.710s][info][gc          ] GC(79) Garbage Collection (Allocation Stall) 740M(36%)->306M(15%)
[40.713s][info][gc,start    ] GC(80) Garbage Collection (Allocation Rate)
[40.713s][info][gc,task     ] GC(80) Using 2 workers
[40.713s][info][gc,phases   ] GC(80) Pause Mark Start 0.008ms
[40.760s][info][gc,phases   ] GC(80) Concurrent Mark 47.134ms
[40.760s][info][gc,phases   ] GC(80) Pause Mark End 0.049ms
[40.761s][info][gc,phases   ] GC(80) Concurrent Mark Free 0.001ms
[40.792s][info][gc,phases   ] GC(80) Concurrent Process Non-Strong References 31.244ms
[40.792s][info][gc,phases   ] GC(80) Concurrent Reset Relocation Set 0.006ms
[40.794s][info][gc,phases   ] GC(80) Concurrent Select Relocation Set 2.225ms
[40.794s][info][gc,phases   ] GC(80) Pause Relocate Start 0.010ms
[40.798s][info][gc,phases   ] GC(80) Concurrent Relocate 3.981ms
[40.798s][info][gc,load     ] GC(80) Load: 0.00/0.00/0.00
[40.798s][info][gc,mmu      ] GC(80) MMU: 2ms/89.6%, 5ms/95.9%, 10ms/97.9%, 20ms/99.0%, 50ms/99.6%, 100ms/99.8%
[40.798s][info][gc,marking  ] GC(80) Mark: 2 stripe(s), 2 proactive flush(es), 1 terminate flush(es), 1 completion(s), 0 continuation(s) 
[40.798s][info][gc,marking  ] GC(80) Mark Stack Usage: 32M
[40.798s][info][gc,nmethod  ] GC(80) NMethods: 16779 registered, 2275 unregistered
[40.798s][info][gc,metaspace] GC(80) Metaspace: 153M used, 154M committed, 1216M reserved
[40.798s][info][gc,ref      ] GC(80) Soft: 3174 encountered, 0 discovered, 0 enqueued
[40.798s][info][gc,ref      ] GC(80) Weak: 14665 encountered, 6190 discovered, 168 enqueued
[40.798s][info][gc,ref      ] GC(80) Final: 52 encountered, 0 discovered, 0 enqueued
[40.798s][info][gc,ref      ] GC(80) Phantom: 600 encountered, 407 discovered, 0 enqueued
[40.798s][info][gc,reloc    ] GC(80) Small Pages: 52 / 104M, Empty: 0M, Relocated: 3M, In-Place: 0
[40.798s][info][gc,reloc    ] GC(80) Medium Pages: 6 / 192M, Empty: 0M, Relocated: 15M, In-Place: 0
[40.798s][info][gc,reloc    ] GC(80) Large Pages: 2 / 12M, Empty: 12M, Relocated: 0M, In-Place: 0
[40.798s][info][gc,reloc    ] GC(80) Forwarding Usage: 0M
[40.798s][info][gc,heap     ] GC(80) Min Capacity: 2048M(100%)
[40.798s][info][gc,heap     ] GC(80) Max Capacity: 2048M(100%)
[40.798s][info][gc,heap     ] GC(80) Soft Max Capacity: 2048M(100%)
[40.798s][info][gc,heap     ] GC(80)                Mark Start          Mark End        Relocate Start      Relocate End           High               Low         
[40.798s][info][gc,heap     ] GC(80)  Capacity:     2048M (100%)       2048M (100%)       2048M (100%)       2048M (100%)       2048M (100%)       2048M (100%)   
[40.798s][info][gc,heap     ] GC(80)      Free:     1740M (85%)        1672M (82%)        1660M (81%)        1728M (84%)        1740M (85%)        1628M (79%)    
[40.798s][info][gc,heap     ] GC(80)      Used:      308M (15%)         376M (18%)         388M (19%)         320M (16%)         420M (21%)         308M (15%)    
[40.798s][info][gc,heap     ] GC(80)      Live:         -               189M (9%)          189M (9%)          189M (9%)             -                  -          
[40.798s][info][gc,heap     ] GC(80) Allocated:         -                68M (3%)           92M (4%)           91M (4%)             -                  -          
[40.799s][info][gc,heap     ] GC(80)   Garbage:         -               118M (6%)          106M (5%)           38M (2%)             -                  -          
[40.799s][info][gc,heap     ] GC(80) Reclaimed:         -                  -                12M (1%)           79M (4%)             -                  -          
[40.799s][info][gc          ] GC(80) Garbage Collection (Allocation Rate) 308M(15%)->320M(16%)
[40.814s][info][gc,start    ] GC(81) Garbage Collection (Allocation Rate)
[40.814s][info][gc,task     ] GC(81) Using 2 workers
[40.814s][info][gc,phases   ] GC(81) Pause Mark Start 0.013ms
[40.859s][info][gc,phases   ] GC(81) Concurrent Mark 44.422ms
[40.859s][info][gc,phases   ] GC(81) Pause Mark End 0.024ms
[40.859s][info][gc,phases   ] GC(81) Concurrent Mark Free 0.001ms
[40.876s][info][gc,phases   ] GC(81) Concurrent Process Non-Strong References 16.762ms
[40.876s][info][gc,phases   ] GC(81) Concurrent Reset Relocation Set 0.002ms
[40.878s][info][gc,phases   ] GC(81) Concurrent Select Relocation Set 2.282ms
[40.878s][info][gc,phases   ] GC(81) Pause Relocate Start 0.011ms
[40.880s][info][gc,phases   ] GC(81) Concurrent Relocate 1.569ms
[40.880s][info][gc,load     ] GC(81) Load: 0.00/0.00/0.00
[40.880s][info][gc,mmu      ] GC(81) MMU: 2ms/89.6%, 5ms/95.9%, 10ms/97.9%, 20ms/99.0%, 50ms/99.6%, 100ms/99.8%
[40.880s][info][gc,marking  ] GC(81) Mark: 2 stripe(s), 2 proactive flush(es), 1 terminate flush(es), 0 completion(s), 0 continuation(s) 
[40.880s][info][gc,marking  ] GC(81) Mark Stack Usage: 32M
[40.880s][info][gc,nmethod  ] GC(81) NMethods: 16780 registered, 2279 unregistered
[40.880s][info][gc,metaspace] GC(81) Metaspace: 153M used, 154M committed, 1216M reserved
[40.880s][info][gc,ref      ] GC(81) Soft: 3303 encountered, 0 discovered, 0 enqueued
[40.880s][info][gc,ref      ] GC(81) Weak: 15176 encountered, 5357 discovered, 169 enqueued
[40.880s][info][gc,ref      ] GC(81) Final: 52 encountered, 0 discovered, 0 enqueued
[40.880s][info][gc,ref      ] GC(81) Phantom: 600 encountered, 366 discovered, 0 enqueued
[40.880s][info][gc,reloc    ] GC(81) Small Pages: 57 / 114M, Empty: 0M, Relocated: 3M, In-Place: 0
[40.880s][info][gc,reloc    ] GC(81) Medium Pages: 6 / 192M, Empty: 32M, Relocated: 0M, In-Place: 0
[40.880s][info][gc,reloc    ] GC(81) Large Pages: 4 / 24M, Empty: 24M, Relocated: 0M, In-Place: 0
[40.880s][info][gc,reloc    ] GC(81) Forwarding Usage: 0M
[40.880s][info][gc,heap     ] GC(81) Min Capacity: 2048M(100%)
[40.880s][info][gc,heap     ] GC(81) Max Capacity: 2048M(100%)
[40.880s][info][gc,heap     ] GC(81) Soft Max Capacity: 2048M(100%)
[40.880s][info][gc,heap     ] GC(81)                Mark Start          Mark End        Relocate Start      Relocate End           High               Low         
[40.880s][info][gc,heap     ] GC(81)  Capacity:     2048M (100%)       2048M (100%)       2048M (100%)       2048M (100%)       2048M (100%)       2048M (100%)   
[40.880s][info][gc,heap     ] GC(81)      Free:     1718M (84%)        1648M (80%)        1686M (82%)        1730M (84%)        1730M (84%)        1630M (80%)    
[40.880s][info][gc,heap     ] GC(81)      Used:      330M (16%)         400M (20%)         362M (18%)         318M (16%)         418M (20%)         318M (16%)    
[40.880s][info][gc,heap     ] GC(81)      Live:         -               189M (9%)          189M (9%)          189M (9%)             -                  -          
[40.880s][info][gc,heap     ] GC(81) Allocated:         -                70M (3%)           88M (4%)           89M (4%)             -                  -          
[40.880s][info][gc,heap     ] GC(81)   Garbage:         -               140M (7%)           84M (4%)           38M (2%)             -                  -          
[40.880s][info][gc,heap     ] GC(81) Reclaimed:         -                  -                56M (3%)          101M (5%)             -                  -          
[40.880s][info][gc          ] GC(81) Garbage Collection (Allocation Rate) 330M(16%)->318M(16%)
[41.612s][info][gc,start    ] GC(82) Garbage Collection (Allocation Rate)
[41.612s][info][gc,task     ] GC(82) Using 2 workers
[41.612s][info][gc,phases   ] GC(82) Pause Mark Start 0.009ms
[41.675s][info][gc,phases   ] GC(82) Concurrent Mark 62.646ms
[41.675s][info][gc,phases   ] GC(82) Pause Mark End 0.076ms
[41.675s][info][gc,phases   ] GC(82) Concurrent Mark Free 0.001ms
[41.691s][info][gc,phases   ] GC(82) Concurrent Process Non-Strong References 16.244ms
[41.691s][info][gc,phases   ] GC(82) Concurrent Reset Relocation Set 0.003ms
[41.694s][info][gc,phases   ] GC(82) Concurrent Select Relocation Set 2.418ms
[41.694s][info][gc,phases   ] GC(82) Pause Relocate Start 0.013ms
[41.698s][info][gc,phases   ] GC(82) Concurrent Relocate 3.683ms
[41.698s][info][gc,load     ] GC(82) Load: 0.00/0.00/0.00
[41.698s][info][gc,mmu      ] GC(82) MMU: 2ms/89.6%, 5ms/95.9%, 10ms/97.9%, 20ms/99.0%, 50ms/99.6%, 100ms/99.8%
[41.698s][info][gc,marking  ] GC(82) Mark: 2 stripe(s), 2 proactive flush(es), 1 terminate flush(es), 1 completion(s), 0 continuation(s) 
[41.698s][info][gc,marking  ] GC(82) Mark Stack Usage: 32M
[41.698s][info][gc,nmethod  ] GC(82) NMethods: 16805 registered, 2300 unregistered
[41.698s][info][gc,metaspace] GC(82) Metaspace: 153M used, 154M committed, 1216M reserved
[41.698s][info][gc,ref      ] GC(82) Soft: 3303 encountered, 0 discovered, 0 enqueued
[41.698s][info][gc,ref      ] GC(82) Weak: 16935 encountered, 7882 discovered, 1888 enqueued
[41.698s][info][gc,ref      ] GC(82) Final: 52 encountered, 0 discovered, 0 enqueued
[41.698s][info][gc,ref      ] GC(82) Phantom: 600 encountered, 348 discovered, 0 enqueued
[41.698s][info][gc,reloc    ] GC(82) Small Pages: 189 / 378M, Empty: 8M, Relocated: 6M, In-Place: 0
[41.698s][info][gc,reloc    ] GC(82) Medium Pages: 9 / 288M, Empty: 128M, Relocated: 0M, In-Place: 0
[41.698s][info][gc,reloc    ] GC(82) Large Pages: 39 / 234M, Empty: 234M, Relocated: 0M, In-Place: 0
[41.698s][info][gc,reloc    ] GC(82) Forwarding Usage: 1M
[41.698s][info][gc,heap     ] GC(82) Min Capacity: 2048M(100%)
[41.698s][info][gc,heap     ] GC(82) Max Capacity: 2048M(100%)
[41.698s][info][gc,heap     ] GC(82) Soft Max Capacity: 2048M(100%)
[41.698s][info][gc,heap     ] GC(82)                Mark Start          Mark End        Relocate Start      Relocate End           High               Low         
[41.698s][info][gc,heap     ] GC(82)  Capacity:     2048M (100%)       2048M (100%)       2048M (100%)       2048M (100%)       2048M (100%)       2048M (100%)   
[41.698s][info][gc,heap     ] GC(82)      Free:     1148M (56%)        1064M (52%)        1422M (69%)        1716M (84%)        1720M (84%)        1052M (51%)    
[41.698s][info][gc,heap     ] GC(82)      Used:      900M (44%)         984M (48%)         626M (31%)         332M (16%)         996M (49%)         328M (16%)    
[41.698s][info][gc,heap     ] GC(82)      Live:         -               191M (9%)          191M (9%)          191M (9%)             -                  -          
[41.698s][info][gc,heap     ] GC(82) Allocated:         -                84M (4%)           96M (5%)           99M (5%)             -                  -          
[41.698s][info][gc,heap     ] GC(82)   Garbage:         -               708M (35%)         338M (17%)          40M (2%)             -                  -          
[41.698s][info][gc,heap     ] GC(82) Reclaimed:         -                  -               370M (18%)         667M (33%)            -                  -          
[41.698s][info][gc          ] GC(82) Garbage Collection (Allocation Rate) 900M(44%)->332M(16%)
[42.000s][info][gc,start    ] GC(83) Garbage Collection (System.gc())
[42.001s][info][gc,task     ] GC(83) Using 2 workers
[42.001s][info][gc,phases   ] GC(83) Pause Mark Start 0.009ms
[42.058s][info][gc,phases   ] GC(83) Concurrent Mark 57.693ms
[42.059s][info][gc,phases   ] GC(83) Pause Mark End 0.032ms
[42.059s][info][gc,phases   ] GC(83) Concurrent Mark Free 0.003ms
[42.076s][info][gc,phases   ] GC(83) Concurrent Process Non-Strong References 17.260ms
[42.076s][info][gc,phases   ] GC(83) Concurrent Reset Relocation Set 0.007ms
[42.078s][info][gc,phases   ] GC(83) Concurrent Select Relocation Set 2.070ms
[42.078s][info][gc,phases   ] GC(83) Pause Relocate Start 0.011ms
[42.084s][info][gc,phases   ] GC(83) Concurrent Relocate 5.483ms
[42.084s][info][gc,load     ] GC(83) Load: 0.00/0.00/0.00
[42.084s][info][gc,mmu      ] GC(83) MMU: 2ms/89.6%, 5ms/95.9%, 10ms/97.9%, 20ms/99.0%, 50ms/99.6%, 100ms/99.8%
[42.084s][info][gc,marking  ] GC(83) Mark: 2 stripe(s), 2 proactive flush(es), 1 terminate flush(es), 0 completion(s), 0 continuation(s) 
[42.084s][info][gc,marking  ] GC(83) Mark Stack Usage: 32M
[42.084s][info][gc,nmethod  ] GC(83) NMethods: 16860 registered, 2329 unregistered
[42.084s][info][gc,metaspace] GC(83) Metaspace: 153M used, 154M committed, 1216M reserved
[42.084s][info][gc,ref      ] GC(83) Soft: 3522 encountered, 0 discovered, 0 enqueued
[42.084s][info][gc,ref      ] GC(83) Weak: 16168 encountered, 3827 discovered, 1132 enqueued
[42.084s][info][gc,ref      ] GC(83) Final: 52 encountered, 0 discovered, 0 enqueued
[42.084s][info][gc,ref      ] GC(83) Phantom: 600 encountered, 367 discovered, 0 enqueued
[42.084s][info][gc,reloc    ] GC(83) Small Pages: 127 / 254M, Empty: 4M, Relocated: 6M, In-Place: 0
[42.084s][info][gc,reloc    ] GC(83) Medium Pages: 7 / 224M, Empty: 96M, Relocated: 12M, In-Place: 0
[42.084s][info][gc,reloc    ] GC(83) Large Pages: 15 / 90M, Empty: 90M, Relocated: 0M, In-Place: 0
[42.084s][info][gc,reloc    ] GC(83) Forwarding Usage: 2M
[42.084s][info][gc,heap     ] GC(83) Min Capacity: 2048M(100%)
[42.084s][info][gc,heap     ] GC(83) Max Capacity: 2048M(100%)
[42.084s][info][gc,heap     ] GC(83) Soft Max Capacity: 2048M(100%)
[42.084s][info][gc,heap     ] GC(83)                Mark Start          Mark End        Relocate Start      Relocate End           High               Low         
[42.084s][info][gc,heap     ] GC(83)  Capacity:     2048M (100%)       2048M (100%)       2048M (100%)       2048M (100%)       2048M (100%)       2048M (100%)   
[42.084s][info][gc,heap     ] GC(83)      Free:     1480M (72%)        1478M (72%)        1658M (81%)        1862M (91%)        1866M (91%)        1470M (72%)    
[42.084s][info][gc,heap     ] GC(83)      Used:      568M (28%)         570M (28%)         390M (19%)         186M (9%)          578M (28%)         182M (9%)     
[42.084s][info][gc,heap     ] GC(83)      Live:         -               127M (6%)          127M (6%)          127M (6%)             -                  -          
[42.084s][info][gc,heap     ] GC(83) Allocated:         -                 2M (0%)           12M (1%)           23M (1%)             -                  -          
[42.084s][info][gc,heap     ] GC(83)   Garbage:         -               440M (21%)         250M (12%)          34M (2%)             -                  -          
[42.084s][info][gc,heap     ] GC(83) Reclaimed:         -                  -               190M (9%)          405M (20%)            -                  -          
[42.084s][info][gc          ] GC(83) Garbage Collection (System.gc()) 568M(28%)->186M(9%)
[42.407s][info][gc,start    ] GC(84) Garbage Collection (Allocation Rate)
[42.407s][info][gc,task     ] GC(84) Using 2 workers
[42.407s][info][gc,phases   ] GC(84) Pause Mark Start 0.010ms
[42.470s][info][gc,phases   ] GC(84) Concurrent Mark 62.524ms
[42.470s][info][gc,phases   ] GC(84) Pause Mark End 0.034ms
[42.470s][info][gc,phases   ] GC(84) Concurrent Mark Free 0.003ms
[42.486s][info][gc,phases   ] GC(84) Concurrent Process Non-Strong References 16.268ms
[42.487s][info][gc,phases   ] GC(84) Concurrent Reset Relocation Set 0.011ms
[42.487s][info][gc          ] Allocation Stall (Executor task launch worker for task 1.0 in stage 555.0 (TID 2223)) 57.718ms
[42.487s][info][gc          ] Allocation Stall (Executor task launch worker for task 3.0 in stage 555.0 (TID 2225)) 59.150ms
[42.487s][info][gc          ] Allocation Stall (Spark Context Cleaner) 59.097ms
[42.487s][info][gc          ] Allocation Stall (Executor task launch worker for task 0.0 in stage 555.0 (TID 2222)) 59.547ms
[42.487s][info][gc          ] Allocation Stall (Executor task launch worker for task 4.0 in stage 555.0 (TID 2226)) 58.347ms
[42.487s][info][gc          ] Allocation Stall (Executor task launch worker for task 2.0 in stage 555.0 (TID 2224)) 59.311ms
[42.492s][info][gc,phases   ] GC(84) Concurrent Select Relocation Set 5.562ms
[42.492s][info][gc,phases   ] GC(84) Pause Relocate Start 0.020ms
[42.513s][info][gc,phases   ] GC(84) Concurrent Relocate 20.661ms
[42.513s][info][gc,load     ] GC(84) Load: 0.00/0.00/0.00
[42.513s][info][gc,mmu      ] GC(84) MMU: 2ms/89.6%, 5ms/95.9%, 10ms/97.9%, 20ms/99.0%, 50ms/99.6%, 100ms/99.8%
[42.513s][info][gc,marking  ] GC(84) Mark: 2 stripe(s), 2 proactive flush(es), 1 terminate flush(es), 0 completion(s), 0 continuation(s) 
[42.513s][info][gc,marking  ] GC(84) Mark Stack Usage: 32M
[42.513s][info][gc,nmethod  ] GC(84) NMethods: 16902 registered, 2350 unregistered
[42.513s][info][gc,metaspace] GC(84) Metaspace: 153M used, 154M committed, 1216M reserved
[42.513s][info][gc,ref      ] GC(84) Soft: 3589 encountered, 0 discovered, 0 enqueued
[42.513s][info][gc,ref      ] GC(84) Weak: 15410 encountered, 4231 discovered, 232 enqueued
[42.513s][info][gc,ref      ] GC(84) Final: 52 encountered, 0 discovered, 0 enqueued
[42.513s][info][gc,ref      ] GC(84) Phantom: 600 encountered, 314 discovered, 0 enqueued
[42.513s][info][gc,reloc    ] GC(84) Small Pages: 812 / 1624M, Empty: 1206M, Relocated: 6M, In-Place: 0
[42.513s][info][gc,reloc    ] GC(84) Medium Pages: 9 / 288M, Empty: 0M, Relocated: 47M, In-Place: 0
[42.513s][info][gc,reloc    ] GC(84) Large Pages: 6 / 36M, Empty: 36M, Relocated: 0M, In-Place: 0
[42.513s][info][gc,reloc    ] GC(84) Forwarding Usage: 0M
[42.513s][info][gc,heap     ] GC(84) Min Capacity: 2048M(100%)
[42.513s][info][gc,heap     ] GC(84) Max Capacity: 2048M(100%)
[42.513s][info][gc,heap     ] GC(84) Soft Max Capacity: 2048M(100%)
[42.513s][info][gc,heap     ] GC(84)                Mark Start          Mark End        Relocate Start      Relocate End           High               Low         
[42.513s][info][gc,heap     ] GC(84)  Capacity:     2048M (100%)       2048M (100%)       2048M (100%)       2048M (100%)       2048M (100%)       2048M (100%)   
[42.513s][info][gc,heap     ] GC(84)      Free:      100M (5%)            0M (0%)         1202M (59%)        1570M (77%)        1570M (77%)           0M (0%)     
[42.513s][info][gc,heap     ] GC(84)      Used:     1948M (95%)        2048M (100%)        846M (41%)         478M (23%)        2048M (100%)        478M (23%)    
[42.513s][info][gc,heap     ] GC(84)      Live:         -               181M (9%)          181M (9%)          181M (9%)             -                  -          
[42.513s][info][gc,heap     ] GC(84) Allocated:         -               100M (5%)          140M (7%)          256M (13%)            -                  -          
[42.513s][info][gc,heap     ] GC(84)   Garbage:         -              1766M (86%)         524M (26%)          40M (2%)             -                  -          
[42.513s][info][gc,heap     ] GC(84) Reclaimed:         -                  -              1242M (61%)        1726M (84%)            -                  -          
[42.513s][info][gc          ] GC(84) Garbage Collection (Allocation Rate) 1948M(95%)->478M(23%)
[42.602s][info][gc,start    ] GC(85) Garbage Collection (Allocation Stall)
[42.602s][info][gc,ref      ] GC(85) Clearing All SoftReferences
[42.602s][info][gc,task     ] GC(85) Using 2 workers
[42.602s][info][gc,ref      ] GC(85) Clearing All SoftReferences
[42.602s][info][gc,phases   ] GC(85) Pause Mark Start 0.050ms
[42.661s][info][gc,phases   ] GC(85) Concurrent Mark 58.584ms
[42.661s][info][gc,phases   ] GC(85) Pause Mark End 0.132ms
[42.661s][info][gc,phases   ] GC(85) Concurrent Mark Free 0.001ms
[42.694s][info][gc,phases   ] GC(85) Concurrent Process Non-Strong References 32.916ms
[42.694s][info][gc,phases   ] GC(85) Concurrent Reset Relocation Set 0.011ms
[42.697s][info][gc,phases   ] GC(85) Concurrent Select Relocation Set 2.282ms
[42.697s][info][gc,phases   ] GC(85) Pause Relocate Start 0.011ms
[42.707s][info][gc,phases   ] GC(85) Concurrent Relocate 9.714ms
[42.707s][info][gc,load     ] GC(85) Load: 0.00/0.00/0.00
[42.707s][info][gc,mmu      ] GC(85) MMU: 2ms/89.6%, 5ms/95.9%, 10ms/97.9%, 20ms/99.0%, 50ms/99.6%, 100ms/99.8%
[42.707s][info][gc,marking  ] GC(85) Mark: 2 stripe(s), 2 proactive flush(es), 1 terminate flush(es), 1 completion(s), 0 continuation(s) 
[42.707s][info][gc,marking  ] GC(85) Mark Stack Usage: 32M
[42.707s][info][gc,nmethod  ] GC(85) NMethods: 16910 registered, 2353 unregistered
[42.707s][info][gc,metaspace] GC(85) Metaspace: 153M used, 154M committed, 1216M reserved
[42.707s][info][gc,ref      ] GC(85) Soft: 3515 encountered, 3134 discovered, 267 enqueued
[42.707s][info][gc,ref      ] GC(85) Weak: 15293 encountered, 2639 discovered, 197 enqueued
[42.707s][info][gc,ref      ] GC(85) Final: 52 encountered, 0 discovered, 0 enqueued
[42.707s][info][gc,ref      ] GC(85) Phantom: 600 encountered, 355 discovered, 0 enqueued
[42.707s][info][gc,reloc    ] GC(85) Small Pages: 177 / 354M, Empty: 160M, Relocated: 6M, In-Place: 0
[42.707s][info][gc,reloc    ] GC(85) Medium Pages: 7 / 224M, Empty: 0M, Relocated: 47M, In-Place: 0
[42.707s][info][gc,reloc    ] GC(85) Large Pages: 3 / 18M, Empty: 18M, Relocated: 0M, In-Place: 0
[42.707s][info][gc,reloc    ] GC(85) Forwarding Usage: 1M
[42.707s][info][gc,heap     ] GC(85) Min Capacity: 2048M(100%)
[42.707s][info][gc,heap     ] GC(85) Max Capacity: 2048M(100%)
[42.707s][info][gc,heap     ] GC(85) Soft Max Capacity: 2048M(100%)
[42.707s][info][gc,heap     ] GC(85)                Mark Start          Mark End        Relocate Start      Relocate End           High               Low         
[42.707s][info][gc,heap     ] GC(85)  Capacity:     2048M (100%)       2048M (100%)       2048M (100%)       2048M (100%)       2048M (100%)       2048M (100%)   
[42.707s][info][gc,heap     ] GC(85)      Free:     1452M (71%)        1384M (68%)        1530M (75%)        1716M (84%)        1716M (84%)        1358M (66%)    
[42.707s][info][gc,heap     ] GC(85)      Used:      596M (29%)         664M (32%)         518M (25%)         332M (16%)         690M (34%)         332M (16%)    
[42.707s][info][gc,heap     ] GC(85)      Live:         -               190M (9%)          190M (9%)          190M (9%)             -                  -          
[42.707s][info][gc,heap     ] GC(85) Allocated:         -                68M (3%)          100M (5%)          101M (5%)             -                  -          
[42.707s][info][gc,heap     ] GC(85)   Garbage:         -               405M (20%)         227M (11%)          40M (2%)             -                  -          
[42.707s][info][gc,heap     ] GC(85) Reclaimed:         -                  -               178M (9%)          365M (18%)            -                  -          
[42.707s][info][gc          ] GC(85) Garbage Collection (Allocation Stall) 596M(29%)->332M(16%)
[42.802s][info][gc,start    ] GC(86) Garbage Collection (Allocation Rate)
[42.802s][info][gc,task     ] GC(86) Using 2 workers
[42.802s][info][gc,phases   ] GC(86) Pause Mark Start 0.010ms
[42.861s][info][gc,phases   ] GC(86) Concurrent Mark 59.467ms
[42.862s][info][gc,phases   ] GC(86) Pause Mark End 0.086ms
[42.862s][info][gc,phases   ] GC(86) Concurrent Mark Free 0.001ms
[42.898s][info][gc,phases   ] GC(86) Concurrent Process Non-Strong References 36.209ms
[42.898s][info][gc,phases   ] GC(86) Concurrent Reset Relocation Set 0.005ms
[42.900s][info][gc,phases   ] GC(86) Concurrent Select Relocation Set 2.073ms
[42.900s][info][gc,phases   ] GC(86) Pause Relocate Start 0.011ms
[42.906s][info][gc,phases   ] GC(86) Concurrent Relocate 5.491ms
[42.906s][info][gc,load     ] GC(86) Load: 0.00/0.00/0.00
[42.906s][info][gc,mmu      ] GC(86) MMU: 2ms/89.6%, 5ms/95.9%, 10ms/97.9%, 20ms/99.0%, 50ms/99.6%, 100ms/99.8%
[42.906s][info][gc,marking  ] GC(86) Mark: 2 stripe(s), 3 proactive flush(es), 1 terminate flush(es), 1 completion(s), 0 continuation(s) 
[42.906s][info][gc,marking  ] GC(86) Mark Stack Usage: 32M
[42.906s][info][gc,nmethod  ] GC(86) NMethods: 16924 registered, 2363 unregistered
[42.906s][info][gc,metaspace] GC(86) Metaspace: 153M used, 154M committed, 1216M reserved
[42.906s][info][gc,ref      ] GC(86) Soft: 3282 encountered, 0 discovered, 0 enqueued
[42.906s][info][gc,ref      ] GC(86) Weak: 15422 encountered, 4271 discovered, 451 enqueued
[42.906s][info][gc,ref      ] GC(86) Final: 52 encountered, 0 discovered, 0 enqueued
[42.906s][info][gc,ref      ] GC(86) Phantom: 600 encountered, 374 discovered, 0 enqueued
[42.906s][info][gc,reloc    ] GC(86) Small Pages: 78 / 156M, Empty: 0M, Relocated: 5M, In-Place: 0
[42.906s][info][gc,reloc    ] GC(86) Medium Pages: 6 / 192M, Empty: 0M, Relocated: 15M, In-Place: 0
[42.906s][info][gc,reloc    ] GC(86) Large Pages: 9 / 54M, Empty: 54M, Relocated: 0M, In-Place: 0
[42.906s][info][gc,reloc    ] GC(86) Forwarding Usage: 1M
[42.906s][info][gc,heap     ] GC(86) Min Capacity: 2048M(100%)
[42.906s][info][gc,heap     ] GC(86) Max Capacity: 2048M(100%)
[42.906s][info][gc,heap     ] GC(86) Soft Max Capacity: 2048M(100%)
[42.906s][info][gc,heap     ] GC(86)                Mark Start          Mark End        Relocate Start      Relocate End           High               Low         
[42.906s][info][gc,heap     ] GC(86)  Capacity:     2048M (100%)       2048M (100%)       2048M (100%)       2048M (100%)       2048M (100%)       2048M (100%)   
[42.906s][info][gc,heap     ] GC(86)      Free:     1646M (80%)        1578M (77%)        1604M (78%)        1720M (84%)        1720M (84%)        1550M (76%)    
[42.906s][info][gc,heap     ] GC(86)      Used:      402M (20%)         470M (23%)         444M (22%)         328M (16%)         498M (24%)         328M (16%)    
[42.906s][info][gc,heap     ] GC(86)      Live:         -               190M (9%)          190M (9%)          190M (9%)             -                  -          
[42.906s][info][gc,heap     ] GC(86) Allocated:         -                68M (3%)           96M (5%)           99M (5%)             -                  -          
[42.906s][info][gc,heap     ] GC(86)   Garbage:         -               211M (10%)         157M (8%)           37M (2%)             -                  -          
[42.906s][info][gc,heap     ] GC(86) Reclaimed:         -                  -                54M (3%)          173M (8%)             -                  -          
[42.906s][info][gc          ] GC(86) Garbage Collection (Allocation Rate) 402M(20%)->328M(16%)
[42.915s][info][gc,start    ] GC(87) Garbage Collection (Allocation Rate)
[42.915s][info][gc,task     ] GC(87) Using 2 workers
[42.916s][info][gc,phases   ] GC(87) Pause Mark Start 0.013ms
[42.963s][info][gc,phases   ] GC(87) Concurrent Mark 47.394ms
[42.963s][info][gc,phases   ] GC(87) Pause Mark End 0.045ms
[42.963s][info][gc,phases   ] GC(87) Concurrent Mark Free 0.001ms
[42.979s][info][gc,phases   ] GC(87) Concurrent Process Non-Strong References 16.062ms
[42.979s][info][gc,phases   ] GC(87) Concurrent Reset Relocation Set 0.005ms
[42.981s][info][gc,phases   ] GC(87) Concurrent Select Relocation Set 1.729ms
[42.981s][info][gc,phases   ] GC(87) Pause Relocate Start 0.008ms
[42.982s][info][gc,phases   ] GC(87) Concurrent Relocate 0.534ms
[42.982s][info][gc,load     ] GC(87) Load: 0.00/0.00/0.00
[42.982s][info][gc,mmu      ] GC(87) MMU: 2ms/89.6%, 5ms/95.9%, 10ms/97.9%, 20ms/99.0%, 50ms/99.6%, 100ms/99.8%
[42.982s][info][gc,marking  ] GC(87) Mark: 2 stripe(s), 3 proactive flush(es), 1 terminate flush(es), 1 completion(s), 0 continuation(s) 
[42.982s][info][gc,marking  ] GC(87) Mark Stack Usage: 32M
[42.982s][info][gc,nmethod  ] GC(87) NMethods: 16922 registered, 2370 unregistered
[42.982s][info][gc,metaspace] GC(87) Metaspace: 153M used, 154M committed, 1216M reserved
[42.982s][info][gc,ref      ] GC(87) Soft: 3270 encountered, 0 discovered, 0 enqueued
[42.982s][info][gc,ref      ] GC(87) Weak: 15183 encountered, 5927 discovered, 152 enqueued
[42.982s][info][gc,ref      ] GC(87) Final: 52 encountered, 0 discovered, 0 enqueued
[42.982s][info][gc,ref      ] GC(87) Phantom: 600 encountered, 394 discovered, 0 enqueued
[42.982s][info][gc,reloc    ] GC(87) Small Pages: 61 / 122M, Empty: 0M, Relocated: 1M, In-Place: 0
[42.982s][info][gc,reloc    ] GC(87) Medium Pages: 6 / 192M, Empty: 32M, Relocated: 0M, In-Place: 0
[42.982s][info][gc,reloc    ] GC(87) Large Pages: 4 / 24M, Empty: 24M, Relocated: 0M, In-Place: 0
[42.982s][info][gc,reloc    ] GC(87) Forwarding Usage: 0M
[42.982s][info][gc,heap     ] GC(87) Min Capacity: 2048M(100%)
[42.982s][info][gc,heap     ] GC(87) Max Capacity: 2048M(100%)
[42.982s][info][gc,heap     ] GC(87) Soft Max Capacity: 2048M(100%)
[42.982s][info][gc,heap     ] GC(87)                Mark Start          Mark End        Relocate Start      Relocate End           High               Low         
[42.982s][info][gc,heap     ] GC(87)  Capacity:     2048M (100%)       2048M (100%)       2048M (100%)       2048M (100%)       2048M (100%)       2048M (100%)   
[42.982s][info][gc,heap     ] GC(87)      Free:     1710M (83%)        1628M (79%)        1678M (82%)        1730M (84%)        1730M (84%)        1622M (79%)    
[42.982s][info][gc,heap     ] GC(87)      Used:      338M (17%)         420M (21%)         370M (18%)         318M (16%)         426M (21%)         318M (16%)    
[42.982s][info][gc,heap     ] GC(87)      Live:         -               189M (9%)          189M (9%)          189M (9%)             -                  -          
[42.982s][info][gc,heap     ] GC(87) Allocated:         -                82M (4%)           88M (4%)           87M (4%)             -                  -          
[42.982s][info][gc,heap     ] GC(87)   Garbage:         -               148M (7%)           92M (5%)           40M (2%)             -                  -          
[42.982s][info][gc,heap     ] GC(87) Reclaimed:         -                  -                56M (3%)          107M (5%)             -                  -          
[42.982s][info][gc          ] GC(87) Garbage Collection (Allocation Rate) 338M(17%)->318M(16%)
[43.504s][info][gc,start    ] GC(88) Garbage Collection (Allocation Rate)
[43.504s][info][gc,task     ] GC(88) Using 2 workers
[43.505s][info][gc,phases   ] GC(88) Pause Mark Start 0.012ms
[43.557s][info][gc,phases   ] GC(88) Concurrent Mark 51.902ms
[43.557s][info][gc,phases   ] GC(88) Pause Mark End 0.030ms
[43.557s][info][gc,phases   ] GC(88) Concurrent Mark Free 0.002ms
[43.573s][info][gc,phases   ] GC(88) Concurrent Process Non-Strong References 16.604ms
[43.573s][info][gc,phases   ] GC(88) Concurrent Reset Relocation Set 0.002ms
[43.576s][info][gc,phases   ] GC(88) Concurrent Select Relocation Set 2.404ms
[43.576s][info][gc,phases   ] GC(88) Pause Relocate Start 0.011ms
[43.580s][info][gc,phases   ] GC(88) Concurrent Relocate 3.425ms
[43.580s][info][gc,load     ] GC(88) Load: 0.00/0.00/0.00
[43.580s][info][gc,mmu      ] GC(88) MMU: 2ms/89.6%, 5ms/95.9%, 10ms/97.9%, 20ms/99.0%, 50ms/99.6%, 100ms/99.8%
[43.580s][info][gc,marking  ] GC(88) Mark: 2 stripe(s), 2 proactive flush(es), 1 terminate flush(es), 0 completion(s), 0 continuation(s) 
[43.580s][info][gc,marking  ] GC(88) Mark Stack Usage: 32M
[43.580s][info][gc,nmethod  ] GC(88) NMethods: 16951 registered, 2386 unregistered
[43.580s][info][gc,metaspace] GC(88) Metaspace: 153M used, 154M committed, 1216M reserved
[43.580s][info][gc,ref      ] GC(88) Soft: 3268 encountered, 0 discovered, 0 enqueued
[43.580s][info][gc,ref      ] GC(88) Weak: 16586 encountered, 7302 discovered, 1604 enqueued
[43.580s][info][gc,ref      ] GC(88) Final: 52 encountered, 0 discovered, 0 enqueued
[43.580s][info][gc,ref      ] GC(88) Phantom: 600 encountered, 362 discovered, 0 enqueued
[43.580s][info][gc,reloc    ] GC(88) Small Pages: 162 / 324M, Empty: 4M, Relocated: 6M, In-Place: 0
[43.580s][info][gc,reloc    ] GC(88) Medium Pages: 8 / 256M, Empty: 96M, Relocated: 0M, In-Place: 0
[43.580s][info][gc,reloc    ] GC(88) Large Pages: 31 / 186M, Empty: 186M, Relocated: 0M, In-Place: 0
[43.580s][info][gc,reloc    ] GC(88) Forwarding Usage: 1M
[43.580s][info][gc,heap     ] GC(88) Min Capacity: 2048M(100%)
[43.580s][info][gc,heap     ] GC(88) Max Capacity: 2048M(100%)
[43.580s][info][gc,heap     ] GC(88) Soft Max Capacity: 2048M(100%)
[43.580s][info][gc,heap     ] GC(88)                Mark Start          Mark End        Relocate Start      Relocate End           High               Low         
[43.580s][info][gc,heap     ] GC(88)  Capacity:     2048M (100%)       2048M (100%)       2048M (100%)       2048M (100%)       2048M (100%)       2048M (100%)   
[43.580s][info][gc,heap     ] GC(88)      Free:     1282M (63%)        1218M (59%)        1478M (72%)        1720M (84%)        1726M (84%)        1192M (58%)    
[43.580s][info][gc,heap     ] GC(88)      Used:      766M (37%)         830M (41%)         570M (28%)         328M (16%)         856M (42%)         322M (16%)    
[43.580s][info][gc,heap     ] GC(88)      Live:         -               191M (9%)          191M (9%)          191M (9%)             -                  -          
[43.580s][info][gc,heap     ] GC(88) Allocated:         -                64M (3%)           90M (4%)           99M (5%)             -                  -          
[43.580s][info][gc,heap     ] GC(88)   Garbage:         -               574M (28%)         288M (14%)          36M (2%)             -                  -          
[43.580s][info][gc,heap     ] GC(88) Reclaimed:         -                  -               286M (14%)         537M (26%)            -                  -          
[43.580s][info][gc          ] GC(88) Garbage Collection (Allocation Rate) 766M(37%)->328M(16%)
[43.926s][info][gc,start    ] GC(89) Garbage Collection (System.gc())
[43.926s][info][gc,task     ] GC(89) Using 2 workers
[43.927s][info][gc,phases   ] GC(89) Pause Mark Start 0.012ms
[43.981s][info][gc,phases   ] GC(89) Concurrent Mark 54.337ms
[43.981s][info][gc,phases   ] GC(89) Pause Mark End 0.032ms
[43.981s][info][gc,phases   ] GC(89) Concurrent Mark Free 0.003ms
[43.998s][info][gc,phases   ] GC(89) Concurrent Process Non-Strong References 16.911ms
[43.998s][info][gc,phases   ] GC(89) Concurrent Reset Relocation Set 0.010ms
[44.001s][info][gc,phases   ] GC(89) Concurrent Select Relocation Set 2.248ms
[44.001s][info][gc,phases   ] GC(89) Pause Relocate Start 0.007ms
[44.005s][info][gc,phases   ] GC(89) Concurrent Relocate 4.351ms
[44.005s][info][gc,load     ] GC(89) Load: 0.00/0.00/0.00
[44.005s][info][gc,mmu      ] GC(89) MMU: 2ms/89.6%, 5ms/95.9%, 10ms/97.9%, 20ms/99.0%, 50ms/99.6%, 100ms/99.8%
[44.005s][info][gc,marking  ] GC(89) Mark: 2 stripe(s), 1 proactive flush(es), 1 terminate flush(es), 0 completion(s), 0 continuation(s) 
[44.005s][info][gc,marking  ] GC(89) Mark Stack Usage: 32M
[44.005s][info][gc,nmethod  ] GC(89) NMethods: 16998 registered, 2405 unregistered
[44.005s][info][gc,metaspace] GC(89) Metaspace: 153M used, 154M committed, 1216M reserved
[44.005s][info][gc,ref      ] GC(89) Soft: 3484 encountered, 0 discovered, 0 enqueued
[44.005s][info][gc,ref      ] GC(89) Weak: 16175 encountered, 6221 discovered, 1129 enqueued
[44.005s][info][gc,ref      ] GC(89) Final: 52 encountered, 0 discovered, 0 enqueued
[44.005s][info][gc,ref      ] GC(89) Phantom: 600 encountered, 371 discovered, 0 enqueued
[44.005s][info][gc,reloc    ] GC(89) Small Pages: 130 / 260M, Empty: 2M, Relocated: 5M, In-Place: 0
[44.005s][info][gc,reloc    ] GC(89) Medium Pages: 7 / 224M, Empty: 96M, Relocated: 12M, In-Place: 0
[44.005s][info][gc,reloc    ] GC(89) Large Pages: 17 / 102M, Empty: 102M, Relocated: 0M, In-Place: 0
[44.005s][info][gc,reloc    ] GC(89) Forwarding Usage: 1M
[44.005s][info][gc,heap     ] GC(89) Min Capacity: 2048M(100%)
[44.005s][info][gc,heap     ] GC(89) Max Capacity: 2048M(100%)
[44.005s][info][gc,heap     ] GC(89) Soft Max Capacity: 2048M(100%)
[44.005s][info][gc,heap     ] GC(89)                Mark Start          Mark End        Relocate Start      Relocate End           High               Low         
[44.006s][info][gc,heap     ] GC(89)  Capacity:     2048M (100%)       2048M (100%)       2048M (100%)       2048M (100%)       2048M (100%)       2048M (100%)   
[44.006s][info][gc,heap     ] GC(89)      Free:     1462M (71%)        1462M (71%)        1652M (81%)        1864M (91%)        1866M (91%)        1452M (71%)    
[44.006s][info][gc,heap     ] GC(89)      Used:      586M (29%)         586M (29%)         396M (19%)         184M (9%)          596M (29%)         182M (9%)     
[44.006s][info][gc,heap     ] GC(89)      Live:         -               128M (6%)          128M (6%)          128M (6%)             -                  -          
[44.006s][info][gc,heap     ] GC(89) Allocated:         -                 0M (0%)           10M (0%)           21M (1%)             -                  -          
[44.006s][info][gc,heap     ] GC(89)   Garbage:         -               457M (22%)         257M (13%)          33M (2%)             -                  -          
[44.006s][info][gc,heap     ] GC(89) Reclaimed:         -                  -               200M (10%)         423M (21%)            -                  -          
[44.006s][info][gc          ] GC(89) Garbage Collection (System.gc()) 586M(29%)->184M(9%)
[44.309s][info][gc,start    ] GC(90) Garbage Collection (Allocation Rate)
[44.309s][info][gc,task     ] GC(90) Using 2 workers
[44.309s][info][gc,phases   ] GC(90) Pause Mark Start 0.010ms
[44.372s][info][gc,phases   ] GC(90) Concurrent Mark 62.914ms
[44.372s][info][gc,phases   ] GC(90) Pause Mark End 0.025ms
[44.372s][info][gc,phases   ] GC(90) Concurrent Mark Free 0.003ms
[44.403s][info][gc,phases   ] GC(90) Concurrent Process Non-Strong References 30.202ms
[44.403s][info][gc,phases   ] GC(90) Concurrent Reset Relocation Set 0.009ms
[44.403s][info][gc          ] Allocation Stall (Executor task launch worker for task 2.0 in stage 601.0 (TID 2408)) 48.894ms
[44.403s][info][gc          ] Allocation Stall (Executor task launch worker for task 1.0 in stage 601.0 (TID 2407)) 50.328ms
[44.403s][info][gc          ] Allocation Stall (Executor task launch worker for task 3.0 in stage 601.0 (TID 2409)) 51.373ms
[44.403s][info][gc          ] Allocation Stall (Executor task launch worker for task 0.0 in stage 601.0 (TID 2406)) 51.595ms
[44.403s][info][gc          ] Allocation Stall (Executor task launch worker for task 4.0 in stage 601.0 (TID 2410)) 48.156ms
[44.405s][info][gc,phases   ] GC(90) Concurrent Select Relocation Set 2.521ms
[44.406s][info][gc,phases   ] GC(90) Pause Relocate Start 0.007ms
[44.425s][info][gc,phases   ] GC(90) Concurrent Relocate 18.957ms
[44.425s][info][gc,load     ] GC(90) Load: 0.00/0.00/0.00
[44.425s][info][gc,mmu      ] GC(90) MMU: 2ms/89.6%, 5ms/95.9%, 10ms/97.9%, 20ms/99.0%, 50ms/99.6%, 100ms/99.8%
[44.425s][info][gc,marking  ] GC(90) Mark: 2 stripe(s), 2 proactive flush(es), 1 terminate flush(es), 0 completion(s), 0 continuation(s) 
[44.425s][info][gc,marking  ] GC(90) Mark Stack Usage: 32M
[44.425s][info][gc,nmethod  ] GC(90) NMethods: 17022 registered, 2425 unregistered
[44.425s][info][gc,metaspace] GC(90) Metaspace: 153M used, 155M committed, 1216M reserved
[44.425s][info][gc,ref      ] GC(90) Soft: 3548 encountered, 0 discovered, 0 enqueued
[44.425s][info][gc,ref      ] GC(90) Weak: 15408 encountered, 5614 discovered, 232 enqueued
[44.425s][info][gc,ref      ] GC(90) Final: 52 encountered, 0 discovered, 0 enqueued
[44.425s][info][gc,ref      ] GC(90) Phantom: 600 encountered, 369 discovered, 0 enqueued
[44.425s][info][gc,reloc    ] GC(90) Small Pages: 771 / 1542M, Empty: 1154M, Relocated: 6M, In-Place: 0
[44.425s][info][gc,reloc    ] GC(90) Medium Pages: 8 / 256M, Empty: 0M, Relocated: 53M, In-Place: 0
[44.425s][info][gc,reloc    ] GC(90) Large Pages: 6 / 36M, Empty: 36M, Relocated: 0M, In-Place: 0
[44.425s][info][gc,reloc    ] GC(90) Forwarding Usage: 0M
[44.425s][info][gc,heap     ] GC(90) Min Capacity: 2048M(100%)
[44.425s][info][gc,heap     ] GC(90) Max Capacity: 2048M(100%)
[44.425s][info][gc,heap     ] GC(90) Soft Max Capacity: 2048M(100%)
[44.425s][info][gc,heap     ] GC(90)                Mark Start          Mark End        Relocate Start      Relocate End           High               Low         
[44.425s][info][gc,heap     ] GC(90)  Capacity:     2048M (100%)       2048M (100%)       2048M (100%)       2048M (100%)       2048M (100%)       2048M (100%)   
[44.425s][info][gc,heap     ] GC(90)      Free:      214M (10%)          14M (1%)         1172M (57%)        1560M (76%)        1562M (76%)          14M (1%)     
[44.425s][info][gc,heap     ] GC(90)      Used:     1834M (90%)        2034M (99%)         876M (43%)         488M (24%)        2034M (99%)         486M (24%)    
[44.425s][info][gc,heap     ] GC(90)      Live:         -               173M (8%)          173M (8%)          173M (8%)             -                  -          
[44.425s][info][gc,heap     ] GC(90) Allocated:         -               200M (10%)         232M (11%)         280M (14%)            -                  -          
[44.425s][info][gc,heap     ] GC(90)   Garbage:         -              1660M (81%)         470M (23%)          33M (2%)             -                  -          
[44.425s][info][gc,heap     ] GC(90) Reclaimed:         -                  -              1190M (58%)        1626M (79%)            -                  -          
[44.425s][info][gc          ] GC(90) Garbage Collection (Allocation Rate) 1834M(90%)->488M(24%)
[44.502s][info][gc,start    ] GC(91) Garbage Collection (Allocation Stall)
[44.502s][info][gc,ref      ] GC(91) Clearing All SoftReferences
[44.502s][info][gc,task     ] GC(91) Using 2 workers
[44.502s][info][gc,ref      ] GC(91) Clearing All SoftReferences
[44.502s][info][gc,phases   ] GC(91) Pause Mark Start 0.046ms
[44.551s][info][gc,phases   ] GC(91) Concurrent Mark 48.753ms
[44.551s][info][gc,phases   ] GC(91) Pause Mark End 0.024ms
[44.551s][info][gc,phases   ] GC(91) Concurrent Mark Free 0.001ms
[44.584s][info][gc,phases   ] GC(91) Concurrent Process Non-Strong References 32.897ms
[44.584s][info][gc,phases   ] GC(91) Concurrent Reset Relocation Set 0.012ms
[44.587s][info][gc,phases   ] GC(91) Concurrent Select Relocation Set 2.353ms
[44.587s][info][gc,phases   ] GC(91) Pause Relocate Start 0.011ms
[44.593s][info][gc,phases   ] GC(91) Concurrent Relocate 5.907ms
[44.593s][info][gc,load     ] GC(91) Load: 0.00/0.00/0.00
[44.593s][info][gc,mmu      ] GC(91) MMU: 2ms/89.6%, 5ms/95.9%, 10ms/97.9%, 20ms/99.0%, 50ms/99.6%, 100ms/99.8%
[44.593s][info][gc,marking  ] GC(91) Mark: 2 stripe(s), 2 proactive flush(es), 1 terminate flush(es), 0 completion(s), 0 continuation(s) 
[44.593s][info][gc,marking  ] GC(91) Mark Stack Usage: 32M
[44.593s][info][gc,nmethod  ] GC(91) NMethods: 17024 registered, 2432 unregistered
[44.593s][info][gc,metaspace] GC(91) Metaspace: 153M used, 155M committed, 1216M reserved
[44.593s][info][gc,ref      ] GC(91) Soft: 3482 encountered, 3004 discovered, 245 enqueued
[44.593s][info][gc,ref      ] GC(91) Weak: 15294 encountered, 4618 discovered, 198 enqueued
[44.593s][info][gc,ref      ] GC(91) Final: 52 encountered, 0 discovered, 0 enqueued
[44.593s][info][gc,ref      ] GC(91) Phantom: 600 encountered, 367 discovered, 0 enqueued
[44.593s][info][gc,reloc    ] GC(91) Small Pages: 218 / 436M, Empty: 232M, Relocated: 3M, In-Place: 0
[44.593s][info][gc,reloc    ] GC(91) Medium Pages: 7 / 224M, Empty: 0M, Relocated: 25M, In-Place: 0
[44.593s][info][gc,reloc    ] GC(91) Large Pages: 3 / 18M, Empty: 18M, Relocated: 0M, In-Place: 0
[44.593s][info][gc,reloc    ] GC(91) Forwarding Usage: 0M
[44.593s][info][gc,heap     ] GC(91) Min Capacity: 2048M(100%)
[44.593s][info][gc,heap     ] GC(91) Max Capacity: 2048M(100%)
[44.593s][info][gc,heap     ] GC(91) Soft Max Capacity: 2048M(100%)
[44.593s][info][gc,heap     ] GC(91)                Mark Start          Mark End        Relocate Start      Relocate End           High               Low         
[44.593s][info][gc,heap     ] GC(91)  Capacity:     2048M (100%)       2048M (100%)       2048M (100%)       2048M (100%)       2048M (100%)       2048M (100%)   
[44.593s][info][gc,heap     ] GC(91)      Free:     1370M (67%)        1310M (64%)        1530M (75%)        1728M (84%)        1728M (84%)        1280M (62%)    
[44.593s][info][gc,heap     ] GC(91)      Used:      678M (33%)         738M (36%)         518M (25%)         320M (16%)         768M (38%)         320M (16%)    
[44.593s][info][gc,heap     ] GC(91)      Live:         -               190M (9%)          190M (9%)          190M (9%)             -                  -          
[44.593s][info][gc,heap     ] GC(91) Allocated:         -                60M (3%)           90M (4%)           89M (4%)             -                  -          
[44.593s][info][gc,heap     ] GC(91)   Garbage:         -               487M (24%)         237M (12%)          40M (2%)             -                  -          
[44.593s][info][gc,heap     ] GC(91) Reclaimed:         -                  -               250M (12%)         447M (22%)            -                  -          
[44.593s][info][gc          ] GC(91) Garbage Collection (Allocation Stall) 678M(33%)->320M(16%)
[44.606s][info][gc,start    ] GC(92) Garbage Collection (Allocation Rate)
[44.606s][info][gc,task     ] GC(92) Using 2 workers
[44.606s][info][gc,phases   ] GC(92) Pause Mark Start 0.010ms
[44.651s][info][gc,phases   ] GC(92) Concurrent Mark 45.368ms
[44.652s][info][gc,phases   ] GC(92) Pause Mark End 0.030ms
[44.652s][info][gc,phases   ] GC(92) Concurrent Mark Free 0.001ms
[44.685s][info][gc,phases   ] GC(92) Concurrent Process Non-Strong References 33.519ms
[44.685s][info][gc,phases   ] GC(92) Concurrent Reset Relocation Set 0.006ms
[44.687s][info][gc,phases   ] GC(92) Concurrent Select Relocation Set 2.094ms
[44.687s][info][gc,phases   ] GC(92) Pause Relocate Start 0.009ms
[44.692s][info][gc,phases   ] GC(92) Concurrent Relocate 4.021ms
[44.692s][info][gc,load     ] GC(92) Load: 0.00/0.00/0.00
[44.692s][info][gc,mmu      ] GC(92) MMU: 2ms/89.6%, 5ms/95.9%, 10ms/97.9%, 20ms/99.0%, 50ms/99.6%, 100ms/99.8%
[44.692s][info][gc,marking  ] GC(92) Mark: 2 stripe(s), 2 proactive flush(es), 1 terminate flush(es), 0 completion(s), 0 continuation(s) 
[44.692s][info][gc,marking  ] GC(92) Mark Stack Usage: 32M
[44.692s][info][gc,nmethod  ] GC(92) NMethods: 17027 registered, 2434 unregistered
[44.692s][info][gc,metaspace] GC(92) Metaspace: 153M used, 155M committed, 1216M reserved
[44.692s][info][gc,ref      ] GC(92) Soft: 3261 encountered, 0 discovered, 0 enqueued
[44.692s][info][gc,ref      ] GC(92) Weak: 15192 encountered, 4555 discovered, 153 enqueued
[44.692s][info][gc,ref      ] GC(92) Final: 52 encountered, 0 discovered, 0 enqueued
[44.692s][info][gc,ref      ] GC(92) Phantom: 600 encountered, 376 discovered, 0 enqueued
[44.692s][info][gc,reloc    ] GC(92) Small Pages: 58 / 116M, Empty: 0M, Relocated: 3M, In-Place: 0
[44.692s][info][gc,reloc    ] GC(92) Medium Pages: 6 / 192M, Empty: 0M, Relocated: 19M, In-Place: 0
[44.692s][info][gc,reloc    ] GC(92) Large Pages: 4 / 24M, Empty: 24M, Relocated: 0M, In-Place: 0
[44.692s][info][gc,reloc    ] GC(92) Forwarding Usage: 0M
[44.692s][info][gc,heap     ] GC(92) Min Capacity: 2048M(100%)
[44.692s][info][gc,heap     ] GC(92) Max Capacity: 2048M(100%)
[44.692s][info][gc,heap     ] GC(92) Soft Max Capacity: 2048M(100%)
[44.692s][info][gc,heap     ] GC(92)                Mark Start          Mark End        Relocate Start      Relocate End           High               Low         
[44.692s][info][gc,heap     ] GC(92)  Capacity:     2048M (100%)       2048M (100%)       2048M (100%)       2048M (100%)       2048M (100%)       2048M (100%)   
[44.692s][info][gc,heap     ] GC(92)      Free:     1716M (84%)        1646M (80%)        1650M (81%)        1726M (84%)        1726M (84%)        1618M (79%)    
[44.692s][info][gc,heap     ] GC(92)      Used:      332M (16%)         402M (20%)         398M (19%)         322M (16%)         430M (21%)         322M (16%)    
[44.692s][info][gc,heap     ] GC(92)      Live:         -               190M (9%)          190M (9%)          190M (9%)             -                  -          
[44.692s][info][gc,heap     ] GC(92) Allocated:         -                70M (3%)           90M (4%)           91M (4%)             -                  -          
[44.692s][info][gc,heap     ] GC(92)   Garbage:         -               141M (7%)          117M (6%)           39M (2%)             -                  -          
[44.692s][info][gc,heap     ] GC(92) Reclaimed:         -                  -                24M (1%)          101M (5%)             -                  -          
[44.692s][info][gc          ] GC(92) Garbage Collection (Allocation Rate) 332M(16%)->322M(16%)
[44.712s][info][gc,start    ] GC(93) Garbage Collection (Allocation Rate)
[44.712s][info][gc,task     ] GC(93) Using 2 workers
[44.712s][info][gc,phases   ] GC(93) Pause Mark Start 0.011ms
[44.763s][info][gc,phases   ] GC(93) Concurrent Mark 51.032ms
[44.764s][info][gc,phases   ] GC(93) Pause Mark End 0.024ms
[44.764s][info][gc,phases   ] GC(93) Concurrent Mark Free 0.001ms
[44.780s][info][gc,phases   ] GC(93) Concurrent Process Non-Strong References 15.915ms
[44.780s][info][gc,phases   ] GC(93) Concurrent Reset Relocation Set 0.003ms
[44.782s][info][gc,phases   ] GC(93) Concurrent Select Relocation Set 2.078ms
[44.782s][info][gc,phases   ] GC(93) Pause Relocate Start 0.009ms
[44.783s][info][gc,phases   ] GC(93) Concurrent Relocate 0.682ms
[44.783s][info][gc,load     ] GC(93) Load: 0.00/0.00/0.00
[44.783s][info][gc,mmu      ] GC(93) MMU: 2ms/89.6%, 5ms/95.9%, 10ms/97.9%, 20ms/99.0%, 50ms/99.6%, 100ms/99.8%
[44.783s][info][gc,marking  ] GC(93) Mark: 2 stripe(s), 2 proactive flush(es), 1 terminate flush(es), 0 completion(s), 0 continuation(s) 
[44.783s][info][gc,marking  ] GC(93) Mark Stack Usage: 32M
[44.783s][info][gc,nmethod  ] GC(93) NMethods: 17028 registered, 2438 unregistered
[44.783s][info][gc,metaspace] GC(93) Metaspace: 153M used, 155M committed, 1216M reserved
[44.783s][info][gc,ref      ] GC(93) Soft: 3261 encountered, 0 discovered, 0 enqueued
[44.783s][info][gc,ref      ] GC(93) Weak: 15255 encountered, 7169 discovered, 300 enqueued
[44.783s][info][gc,ref      ] GC(93) Final: 52 encountered, 0 discovered, 0 enqueued
[44.783s][info][gc,ref      ] GC(93) Phantom: 600 encountered, 370 discovered, 0 enqueued
[44.783s][info][gc,reloc    ] GC(93) Small Pages: 60 / 120M, Empty: 0M, Relocated: 1M, In-Place: 0
[44.783s][info][gc,reloc    ] GC(93) Medium Pages: 6 / 192M, Empty: 32M, Relocated: 0M, In-Place: 0
[44.783s][info][gc,reloc    ] GC(93) Large Pages: 4 / 24M, Empty: 24M, Relocated: 0M, In-Place: 0
[44.783s][info][gc,reloc    ] GC(93) Forwarding Usage: 0M
[44.783s][info][gc,heap     ] GC(93) Min Capacity: 2048M(100%)
[44.783s][info][gc,heap     ] GC(93) Max Capacity: 2048M(100%)
[44.783s][info][gc,heap     ] GC(93) Soft Max Capacity: 2048M(100%)
[44.783s][info][gc,heap     ] GC(93)                Mark Start          Mark End        Relocate Start      Relocate End           High               Low         
[44.783s][info][gc,heap     ] GC(93)  Capacity:     2048M (100%)       2048M (100%)       2048M (100%)       2048M (100%)       2048M (100%)       2048M (100%)   
[44.783s][info][gc,heap     ] GC(93)      Free:     1712M (84%)        1646M (80%)        1674M (82%)        1722M (84%)        1722M (84%)        1618M (79%)    
[44.783s][info][gc,heap     ] GC(93)      Used:      336M (16%)         402M (20%)         374M (18%)         326M (16%)         430M (21%)         326M (16%)    
[44.783s][info][gc,heap     ] GC(93)      Live:         -               189M (9%)          189M (9%)          189M (9%)             -                  -          
[44.783s][info][gc,heap     ] GC(93) Allocated:         -                66M (3%)           94M (5%)           95M (5%)             -                  -          
[44.783s][info][gc,heap     ] GC(93)   Garbage:         -               146M (7%)           90M (4%)           40M (2%)             -                  -          
[44.783s][info][gc,heap     ] GC(93) Reclaimed:         -                  -                56M (3%)          105M (5%)             -                  -          
[44.783s][info][gc          ] GC(93) Garbage Collection (Allocation Rate) 336M(16%)->326M(16%)
[44.806s][info][gc,start    ] GC(94) Garbage Collection (Allocation Rate)
[44.806s][info][gc,task     ] GC(94) Using 2 workers
[44.807s][info][gc,phases   ] GC(94) Pause Mark Start 0.008ms
[44.854s][info][gc,phases   ] GC(94) Concurrent Mark 47.202ms
[44.854s][info][gc,phases   ] GC(94) Pause Mark End 0.030ms
[44.854s][info][gc,phases   ] GC(94) Concurrent Mark Free 0.001ms
[44.871s][info][gc,phases   ] GC(94) Concurrent Process Non-Strong References 17.373ms
[44.871s][info][gc,phases   ] GC(94) Concurrent Reset Relocation Set 0.002ms
[44.873s][info][gc,phases   ] GC(94) Concurrent Select Relocation Set 1.895ms
[44.873s][info][gc,phases   ] GC(94) Pause Relocate Start 0.008ms
[44.875s][info][gc,phases   ] GC(94) Concurrent Relocate 1.476ms
[44.875s][info][gc,load     ] GC(94) Load: 0.00/0.00/0.00
[44.875s][info][gc,mmu      ] GC(94) MMU: 2ms/89.6%, 5ms/95.9%, 10ms/97.9%, 20ms/99.0%, 50ms/99.6%, 100ms/99.8%
[44.875s][info][gc,marking  ] GC(94) Mark: 2 stripe(s), 2 proactive flush(es), 1 terminate flush(es), 0 completion(s), 0 continuation(s) 
[44.875s][info][gc,marking  ] GC(94) Mark Stack Usage: 32M
[44.875s][info][gc,nmethod  ] GC(94) NMethods: 17028 registered, 2443 unregistered
[44.875s][info][gc,metaspace] GC(94) Metaspace: 153M used, 155M committed, 1216M reserved
[44.875s][info][gc,ref      ] GC(94) Soft: 3263 encountered, 0 discovered, 0 enqueued
[44.875s][info][gc,ref      ] GC(94) Weak: 15178 encountered, 5582 discovered, 152 enqueued
[44.875s][info][gc,ref      ] GC(94) Final: 52 encountered, 0 discovered, 0 enqueued
[44.875s][info][gc,ref      ] GC(94) Phantom: 600 encountered, 357 discovered, 0 enqueued
[44.875s][info][gc,reloc    ] GC(94) Small Pages: 60 / 120M, Empty: 0M, Relocated: 3M, In-Place: 0
[44.875s][info][gc,reloc    ] GC(94) Medium Pages: 6 / 192M, Empty: 32M, Relocated: 0M, In-Place: 0
[44.875s][info][gc,reloc    ] GC(94) Large Pages: 5 / 30M, Empty: 30M, Relocated: 0M, In-Place: 0
[44.875s][info][gc,reloc    ] GC(94) Forwarding Usage: 0M
[44.875s][info][gc,heap     ] GC(94) Min Capacity: 2048M(100%)
[44.875s][info][gc,heap     ] GC(94) Max Capacity: 2048M(100%)
[44.875s][info][gc,heap     ] GC(94) Soft Max Capacity: 2048M(100%)
[44.875s][info][gc,heap     ] GC(94)                Mark Start          Mark End        Relocate Start      Relocate End           High               Low         
[44.875s][info][gc,heap     ] GC(94)  Capacity:     2048M (100%)       2048M (100%)       2048M (100%)       2048M (100%)       2048M (100%)       2048M (100%)   
[44.875s][info][gc,heap     ] GC(94)      Free:     1706M (83%)        1632M (80%)        1680M (82%)        1730M (84%)        1730M (84%)        1618M (79%)    
[44.875s][info][gc,heap     ] GC(94)      Used:      342M (17%)         416M (20%)         368M (18%)         318M (16%)         430M (21%)         318M (16%)    
[44.875s][info][gc,heap     ] GC(94)      Live:         -               190M (9%)          190M (9%)          190M (9%)             -                  -          
[44.875s][info][gc,heap     ] GC(94) Allocated:         -                74M (4%)           88M (4%)           89M (4%)             -                  -          
[44.875s][info][gc,heap     ] GC(94)   Garbage:         -               151M (7%)           89M (4%)           37M (2%)             -                  -          
[44.875s][info][gc,heap     ] GC(94) Reclaimed:         -                  -                62M (3%)          113M (6%)             -                  -          
[44.875s][info][gc          ] GC(94) Garbage Collection (Allocation Rate) 342M(17%)->318M(16%)
[45.602s][info][gc,start    ] GC(95) Garbage Collection (Allocation Rate)
[45.602s][info][gc,task     ] GC(95) Using 2 workers
[45.602s][info][gc,phases   ] GC(95) Pause Mark Start 0.013ms
[45.649s][info][gc,phases   ] GC(95) Concurrent Mark 46.884ms
[45.650s][info][gc,phases   ] GC(95) Pause Mark End 0.027ms
[45.650s][info][gc,phases   ] GC(95) Concurrent Mark Free 0.001ms
[45.668s][info][gc,phases   ] GC(95) Concurrent Process Non-Strong References 18.379ms
[45.668s][info][gc,phases   ] GC(95) Concurrent Reset Relocation Set 0.002ms
[45.670s][info][gc,phases   ] GC(95) Concurrent Select Relocation Set 1.939ms
[45.670s][info][gc,phases   ] GC(95) Pause Relocate Start 0.010ms
[45.671s][info][gc,phases   ] GC(95) Concurrent Relocate 1.223ms
[45.672s][info][gc,load     ] GC(95) Load: 0.00/0.00/0.00
[45.672s][info][gc,mmu      ] GC(95) MMU: 2ms/89.6%, 5ms/95.9%, 10ms/97.9%, 20ms/99.0%, 50ms/99.6%, 100ms/99.8%
[45.672s][info][gc,marking  ] GC(95) Mark: 2 stripe(s), 2 proactive flush(es), 1 terminate flush(es), 0 completion(s), 0 continuation(s) 
[45.672s][info][gc,marking  ] GC(95) Mark Stack Usage: 32M
[45.672s][info][gc,nmethod  ] GC(95) NMethods: 17099 registered, 2470 unregistered
[45.672s][info][gc,metaspace] GC(95) Metaspace: 153M used, 155M committed, 1216M reserved
[45.672s][info][gc,ref      ] GC(95) Soft: 3265 encountered, 0 discovered, 0 enqueued
[45.672s][info][gc,ref      ] GC(95) Weak: 17102 encountered, 7197 discovered, 2037 enqueued
[45.672s][info][gc,ref      ] GC(95) Final: 52 encountered, 0 discovered, 0 enqueued
[45.672s][info][gc,ref      ] GC(95) Phantom: 600 encountered, 371 discovered, 0 enqueued
[45.672s][info][gc,reloc    ] GC(95) Small Pages: 201 / 402M, Empty: 8M, Relocated: 3M, In-Place: 0
[45.672s][info][gc,reloc    ] GC(95) Medium Pages: 9 / 288M, Empty: 128M, Relocated: 0M, In-Place: 0
[45.672s][info][gc,reloc    ] GC(95) Large Pages: 42 / 252M, Empty: 252M, Relocated: 0M, In-Place: 0
[45.672s][info][gc,reloc    ] GC(95) Forwarding Usage: 0M
[45.672s][info][gc,heap     ] GC(95) Min Capacity: 2048M(100%)
[45.672s][info][gc,heap     ] GC(95) Max Capacity: 2048M(100%)
[45.672s][info][gc,heap     ] GC(95) Soft Max Capacity: 2048M(100%)
[45.672s][info][gc,heap     ] GC(95)                Mark Start          Mark End        Relocate Start      Relocate End           High               Low         
[45.672s][info][gc,heap     ] GC(95)  Capacity:     2048M (100%)       2048M (100%)       2048M (100%)       2048M (100%)       2048M (100%)       2048M (100%)   
[45.672s][info][gc,heap     ] GC(95)      Free:     1106M (54%)        1038M (51%)        1410M (69%)        1732M (85%)        1732M (85%)        1022M (50%)    
[45.672s][info][gc,heap     ] GC(95)      Used:      942M (46%)        1010M (49%)         638M (31%)         316M (15%)        1026M (50%)         316M (15%)    
[45.672s][info][gc,heap     ] GC(95)      Live:         -               192M (9%)          192M (9%)          192M (9%)             -                  -          
[45.672s][info][gc,heap     ] GC(95) Allocated:         -                68M (3%)           84M (4%)           83M (4%)             -                  -          
[45.672s][info][gc,heap     ] GC(95)   Garbage:         -               749M (37%)         361M (18%)          39M (2%)             -                  -          
[45.672s][info][gc,heap     ] GC(95) Reclaimed:         -                  -               388M (19%)         709M (35%)            -                  -          
[45.672s][info][gc          ] GC(95) Garbage Collection (Allocation Rate) 942M(46%)->316M(15%)
[45.824s][info][gc,start    ] GC(96) Garbage Collection (System.gc())
[45.824s][info][gc,task     ] GC(96) Using 2 workers
[45.825s][info][gc,phases   ] GC(96) Pause Mark Start 0.010ms
[45.871s][info][gc,phases   ] GC(96) Concurrent Mark 46.682ms
[45.872s][info][gc,phases   ] GC(96) Pause Mark End 0.035ms
[45.872s][info][gc,phases   ] GC(96) Concurrent Mark Free 0.001ms
[45.887s][info][gc,phases   ] GC(96) Concurrent Process Non-Strong References 15.764ms
[45.888s][info][gc,phases   ] GC(96) Concurrent Reset Relocation Set 0.009ms
[45.890s][info][gc,phases   ] GC(96) Concurrent Select Relocation Set 2.034ms
[45.890s][info][gc,phases   ] GC(96) Pause Relocate Start 0.010ms
[45.895s][info][gc,phases   ] GC(96) Concurrent Relocate 4.744ms
[45.895s][info][gc,load     ] GC(96) Load: 0.00/0.00/0.00
[45.895s][info][gc,mmu      ] GC(96) MMU: 2ms/89.6%, 5ms/95.9%, 10ms/97.9%, 20ms/99.0%, 50ms/99.6%, 100ms/99.8%
[45.895s][info][gc,marking  ] GC(96) Mark: 2 stripe(s), 2 proactive flush(es), 1 terminate flush(es), 0 completion(s), 0 continuation(s) 
[45.895s][info][gc,marking  ] GC(96) Mark Stack Usage: 32M
[45.895s][info][gc,nmethod  ] GC(96) NMethods: 17141 registered, 2492 unregistered
[45.895s][info][gc,metaspace] GC(96) Metaspace: 153M used, 155M committed, 1216M reserved
[45.895s][info][gc,ref      ] GC(96) Soft: 3479 encountered, 0 discovered, 0 enqueued
[45.895s][info][gc,ref      ] GC(96) Weak: 15739 encountered, 5891 discovered, 699 enqueued
[45.895s][info][gc,ref      ] GC(96) Final: 52 encountered, 0 discovered, 0 enqueued
[45.895s][info][gc,ref      ] GC(96) Phantom: 600 encountered, 372 discovered, 0 enqueued
[45.895s][info][gc,reloc    ] GC(96) Small Pages: 96 / 192M, Empty: 2M, Relocated: 5M, In-Place: 0
[45.895s][info][gc,reloc    ] GC(96) Medium Pages: 6 / 192M, Empty: 64M, Relocated: 12M, In-Place: 0
[45.895s][info][gc,reloc    ] GC(96) Large Pages: 6 / 36M, Empty: 36M, Relocated: 0M, In-Place: 0
[45.895s][info][gc,reloc    ] GC(96) Forwarding Usage: 1M
[45.895s][info][gc,heap     ] GC(96) Min Capacity: 2048M(100%)
[45.895s][info][gc,heap     ] GC(96) Max Capacity: 2048M(100%)
[45.895s][info][gc,heap     ] GC(96) Soft Max Capacity: 2048M(100%)
[45.895s][info][gc,heap     ] GC(96)                Mark Start          Mark End        Relocate Start      Relocate End           High               Low         
[45.895s][info][gc,heap     ] GC(96)  Capacity:     2048M (100%)       2048M (100%)       2048M (100%)       2048M (100%)       2048M (100%)       2048M (100%)   
[45.895s][info][gc,heap     ] GC(96)      Free:     1628M (79%)        1628M (79%)        1720M (84%)        1860M (91%)        1868M (91%)        1618M (79%)    
[45.895s][info][gc,heap     ] GC(96)      Used:      420M (21%)         420M (21%)         328M (16%)         188M (9%)          430M (21%)         180M (9%)     
[45.895s][info][gc,heap     ] GC(96)      Live:         -               127M (6%)          127M (6%)          127M (6%)             -                  -          
[45.895s][info][gc,heap     ] GC(96) Allocated:         -                 0M (0%)           10M (0%)           23M (1%)             -                  -          
[45.895s][info][gc,heap     ] GC(96)   Garbage:         -               292M (14%)         190M (9%)           36M (2%)             -                  -          
[45.895s][info][gc,heap     ] GC(96) Reclaimed:         -                  -               102M (5%)          255M (12%)            -                  -          
[45.895s][info][gc          ] GC(96) Garbage Collection (System.gc()) 420M(21%)->188M(9%)
[46.202s][info][gc,start    ] GC(97) Garbage Collection (Allocation Rate)
[46.202s][info][gc,task     ] GC(97) Using 2 workers
[46.203s][info][gc,phases   ] GC(97) Pause Mark Start 0.009ms
[46.281s][info][gc,phases   ] GC(97) Concurrent Mark 78.482ms
[46.282s][info][gc,phases   ] GC(97) Pause Mark End 0.032ms
[46.282s][info][gc,phases   ] GC(97) Concurrent Mark Free 0.002ms
[46.312s][info][gc,phases   ] GC(97) Concurrent Process Non-Strong References 30.653ms
[46.313s][info][gc,phases   ] GC(97) Concurrent Reset Relocation Set 0.006ms
[46.313s][info][gc          ] Allocation Stall (netty-rpc-env-timeout) 0.101ms
[46.313s][info][gc          ] Allocation Stall (dispatcher-BlockManagerMaster) 0.090ms
[46.313s][info][gc          ] Allocation Stall (Common-Cleaner) 0.121ms
[46.313s][info][gc          ] Allocation Stall (Executor task launch worker for task 1.0 in stage 647.0 (TID 2591)) 47.294ms
[46.313s][info][gc          ] Allocation Stall (Executor task launch worker for task 4.0 in stage 647.0 (TID 2594)) 47.767ms
[46.313s][info][gc          ] Allocation Stall (Executor task launch worker for task 0.0 in stage 647.0 (TID 2590)) 48.294ms
[46.313s][info][gc          ] Allocation Stall (Executor task launch worker for task 3.0 in stage 647.0 (TID 2593)) 47.913ms
[46.313s][info][gc          ] Allocation Stall (Executor task launch worker for task 2.0 in stage 647.0 (TID 2592)) 48.632ms
[46.317s][info][gc,phases   ] GC(97) Concurrent Select Relocation Set 4.757ms
[46.318s][info][gc,phases   ] GC(97) Pause Relocate Start 0.013ms
[46.344s][info][gc,phases   ] GC(97) Concurrent Relocate 26.479ms
[46.344s][info][gc,load     ] GC(97) Load: 0.00/0.00/0.00
[46.344s][info][gc,mmu      ] GC(97) MMU: 2ms/89.6%, 5ms/95.9%, 10ms/97.9%, 20ms/99.0%, 50ms/99.6%, 100ms/99.8%
[46.344s][info][gc,marking  ] GC(97) Mark: 2 stripe(s), 2 proactive flush(es), 1 terminate flush(es), 0 completion(s), 0 continuation(s) 
[46.344s][info][gc,marking  ] GC(97) Mark Stack Usage: 32M
[46.344s][info][gc,nmethod  ] GC(97) NMethods: 17209 registered, 2514 unregistered
[46.344s][info][gc,metaspace] GC(97) Metaspace: 153M used, 155M committed, 1216M reserved
[46.344s][info][gc,ref      ] GC(97) Soft: 3557 encountered, 0 discovered, 0 enqueued
[46.344s][info][gc,ref      ] GC(97) Weak: 15475 encountered, 5138 discovered, 248 enqueued
[46.344s][info][gc,ref      ] GC(97) Final: 52 encountered, 0 discovered, 0 enqueued
[46.344s][info][gc,ref      ] GC(97) Phantom: 609 encountered, 355 discovered, 9 enqueued
[46.344s][info][gc,reloc    ] GC(97) Small Pages: 742 / 1484M, Empty: 1106M, Relocated: 10M, In-Place: 0
[46.344s][info][gc,reloc    ] GC(97) Medium Pages: 8 / 256M, Empty: 0M, Relocated: 53M, In-Place: 0
[46.344s][info][gc,reloc    ] GC(97) Large Pages: 6 / 36M, Empty: 36M, Relocated: 0M, In-Place: 0
[46.344s][info][gc,reloc    ] GC(97) Forwarding Usage: 2M
[46.344s][info][gc,heap     ] GC(97) Min Capacity: 2048M(100%)
[46.344s][info][gc,heap     ] GC(97) Max Capacity: 2048M(100%)
[46.344s][info][gc,heap     ] GC(97) Soft Max Capacity: 2048M(100%)
[46.344s][info][gc,heap     ] GC(97)                Mark Start          Mark End        Relocate Start      Relocate End           High               Low         
[46.344s][info][gc,heap     ] GC(97)  Capacity:     2048M (100%)       2048M (100%)       2048M (100%)       2048M (100%)       2048M (100%)       2048M (100%)   
[46.344s][info][gc,heap     ] GC(97)      Free:      272M (13%)           0M (0%)         1106M (54%)        1410M (69%)        1426M (70%)           0M (0%)     
[46.344s][info][gc,heap     ] GC(97)      Used:     1776M (87%)        2048M (100%)        942M (46%)         638M (31%)        2048M (100%)        622M (30%)    
[46.344s][info][gc,heap     ] GC(97)      Live:         -               174M (9%)          174M (9%)          174M (9%)             -                  -          
[46.344s][info][gc,heap     ] GC(97) Allocated:         -               272M (13%)         308M (15%)         427M (21%)            -                  -          
[46.344s][info][gc,heap     ] GC(97)   Garbage:         -              1601M (78%)         459M (22%)          36M (2%)             -                  -          
[46.344s][info][gc,heap     ] GC(97) Reclaimed:         -                  -              1142M (56%)        1565M (76%)            -                  -          
[46.344s][info][gc          ] GC(97) Garbage Collection (Allocation Rate) 1776M(87%)->638M(31%)
[46.409s][info][gc,start    ] GC(98) Garbage Collection (Allocation Stall)
[46.409s][info][gc,ref      ] GC(98) Clearing All SoftReferences
[46.409s][info][gc,task     ] GC(98) Using 2 workers
[46.409s][info][gc,ref      ] GC(98) Clearing All SoftReferences
[46.409s][info][gc,phases   ] GC(98) Pause Mark Start 0.046ms
[46.473s][info][gc,phases   ] GC(98) Concurrent Mark 64.017ms
[46.473s][info][gc,phases   ] GC(98) Pause Mark End 0.141ms
[46.473s][info][gc,phases   ] GC(98) Concurrent Mark Free 0.001ms
[46.510s][info][gc,phases   ] GC(98) Concurrent Process Non-Strong References 36.383ms
[46.510s][info][gc,phases   ] GC(98) Concurrent Reset Relocation Set 0.011ms
[46.512s][info][gc,phases   ] GC(98) Concurrent Select Relocation Set 1.962ms
[46.512s][info][gc,phases   ] GC(98) Pause Relocate Start 0.011ms
[46.525s][info][gc,phases   ] GC(98) Concurrent Relocate 13.364ms
[46.526s][info][gc,load     ] GC(98) Load: 0.00/0.00/0.00
[46.526s][info][gc,mmu      ] GC(98) MMU: 2ms/89.6%, 5ms/95.9%, 10ms/97.9%, 20ms/99.0%, 50ms/99.6%, 100ms/99.8%
[46.526s][info][gc,marking  ] GC(98) Mark: 2 stripe(s), 2 proactive flush(es), 1 terminate flush(es), 1 completion(s), 0 continuation(s) 
[46.526s][info][gc,marking  ] GC(98) Mark Stack Usage: 32M
[46.526s][info][gc,nmethod  ] GC(98) NMethods: 17215 registered, 2516 unregistered
[46.526s][info][gc,metaspace] GC(98) Metaspace: 153M used, 155M committed, 1216M reserved
[46.526s][info][gc,ref      ] GC(98) Soft: 3491 encountered, 3007 discovered, 225 enqueued
[46.526s][info][gc,ref      ] GC(98) Weak: 15347 encountered, 6461 discovered, 195 enqueued
[46.526s][info][gc,ref      ] GC(98) Final: 52 encountered, 0 discovered, 0 enqueued
[46.526s][info][gc,ref      ] GC(98) Phantom: 600 encountered, 370 discovered, 0 enqueued
[46.526s][info][gc,reloc    ] GC(98) Small Pages: 239 / 478M, Empty: 258M, Relocated: 3M, In-Place: 0
[46.526s][info][gc,reloc    ] GC(98) Medium Pages: 8 / 256M, Empty: 0M, Relocated: 47M, In-Place: 0
[46.526s][info][gc,reloc    ] GC(98) Large Pages: 3 / 18M, Empty: 18M, Relocated: 0M, In-Place: 0
[46.526s][info][gc,reloc    ] GC(98) Forwarding Usage: 0M
[46.526s][info][gc,heap     ] GC(98) Min Capacity: 2048M(100%)
[46.526s][info][gc,heap     ] GC(98) Max Capacity: 2048M(100%)
[46.526s][info][gc,heap     ] GC(98) Soft Max Capacity: 2048M(100%)
[46.526s][info][gc,heap     ] GC(98)                Mark Start          Mark End        Relocate Start      Relocate End           High               Low         
[46.526s][info][gc,heap     ] GC(98)  Capacity:     2048M (100%)       2048M (100%)       2048M (100%)       2048M (100%)       2048M (100%)       2048M (100%)   
[46.526s][info][gc,heap     ] GC(98)      Free:     1296M (63%)        1220M (60%)        1472M (72%)        1710M (83%)        1710M (83%)        1198M (58%)    
[46.526s][info][gc,heap     ] GC(98)      Used:      752M (37%)         828M (40%)         576M (28%)         338M (17%)         850M (42%)         338M (17%)    
[46.526s][info][gc,heap     ] GC(98)      Live:         -               190M (9%)          190M (9%)          190M (9%)             -                  -          
[46.526s][info][gc,heap     ] GC(98) Allocated:         -                76M (4%)          100M (5%)          107M (5%)             -                  -          
[46.526s][info][gc,heap     ] GC(98)   Garbage:         -               561M (27%)         285M (14%)          39M (2%)             -                  -          
[46.526s][info][gc,heap     ] GC(98) Reclaimed:         -                  -               276M (13%)         521M (25%)            -                  -          
[46.526s][info][gc          ] GC(98) Garbage Collection (Allocation Stall) 752M(37%)->338M(17%)
[46.601s][info][gc,start    ] GC(99) Garbage Collection (Allocation Rate)
[46.602s][info][gc,task     ] GC(99) Using 2 workers
[46.602s][info][gc,phases   ] GC(99) Pause Mark Start 0.008ms
[46.647s][info][gc,phases   ] GC(99) Concurrent Mark 45.586ms
[46.647s][info][gc,phases   ] GC(99) Pause Mark End 0.021ms
[46.647s][info][gc,phases   ] GC(99) Concurrent Mark Free 0.001ms
[46.663s][info][gc,phases   ] GC(99) Concurrent Process Non-Strong References 15.892ms
[46.663s][info][gc,phases   ] GC(99) Concurrent Reset Relocation Set 0.005ms
[46.666s][info][gc,phases   ] GC(99) Concurrent Select Relocation Set 2.121ms
[46.666s][info][gc,phases   ] GC(99) Pause Relocate Start 0.009ms
[46.667s][info][gc,phases   ] GC(99) Concurrent Relocate 1.491ms
[46.667s][info][gc,load     ] GC(99) Load: 0.00/0.00/0.00
[46.667s][info][gc,mmu      ] GC(99) MMU: 2ms/89.6%, 5ms/95.9%, 10ms/97.9%, 20ms/99.0%, 50ms/99.6%, 100ms/99.8%
[46.667s][info][gc,marking  ] GC(99) Mark: 2 stripe(s), 2 proactive flush(es), 1 terminate flush(es), 0 completion(s), 0 continuation(s) 
[46.667s][info][gc,marking  ] GC(99) Mark Stack Usage: 32M
[46.667s][info][gc,nmethod  ] GC(99) NMethods: 17213 registered, 2521 unregistered
[46.667s][info][gc,metaspace] GC(99) Metaspace: 153M used, 155M committed, 1216M reserved
[46.667s][info][gc,ref      ] GC(99) Soft: 3277 encountered, 0 discovered, 0 enqueued
[46.667s][info][gc,ref      ] GC(99) Weak: 15461 encountered, 6238 discovered, 445 enqueued
[46.667s][info][gc,ref      ] GC(99) Final: 52 encountered, 0 discovered, 0 enqueued
[46.667s][info][gc,ref      ] GC(99) Phantom: 600 encountered, 370 discovered, 0 enqueued
[46.667s][info][gc,reloc    ] GC(99) Small Pages: 77 / 154M, Empty: 0M, Relocated: 3M, In-Place: 0
[46.667s][info][gc,reloc    ] GC(99) Medium Pages: 6 / 192M, Empty: 32M, Relocated: 0M, In-Place: 0
[46.667s][info][gc,reloc    ] GC(99) Large Pages: 9 / 54M, Empty: 54M, Relocated: 0M, In-Place: 0
[46.667s][info][gc,reloc    ] GC(99) Forwarding Usage: 0M
[46.667s][info][gc,heap     ] GC(99) Min Capacity: 2048M(100%)
[46.667s][info][gc,heap     ] GC(99) Max Capacity: 2048M(100%)
[46.667s][info][gc,heap     ] GC(99) Soft Max Capacity: 2048M(100%)
[46.667s][info][gc,heap     ] GC(99)                Mark Start          Mark End        Relocate Start      Relocate End           High               Low         
[46.667s][info][gc,heap     ] GC(99)  Capacity:     2048M (100%)       2048M (100%)       2048M (100%)       2048M (100%)       2048M (100%)       2048M (100%)   
[46.667s][info][gc,heap     ] GC(99)      Free:     1648M (80%)        1594M (78%)        1648M (80%)        1730M (84%)        1730M (84%)        1562M (76%)    
[46.667s][info][gc,heap     ] GC(99)      Used:      400M (20%)         454M (22%)         400M (20%)         318M (16%)         486M (24%)         318M (16%)    
[46.667s][info][gc,heap     ] GC(99)      Live:         -               191M (9%)          191M (9%)          191M (9%)             -                  -          
[46.667s][info][gc,heap     ] GC(99) Allocated:         -                54M (3%)           86M (4%)           87M (4%)             -                  -          
[46.667s][info][gc,heap     ] GC(99)   Garbage:         -               208M (10%)         122M (6%)           38M (2%)             -                  -          
[46.667s][info][gc,heap     ] GC(99) Reclaimed:         -                  -                86M (4%)          169M (8%)             -                  -          
[46.667s][info][gc          ] GC(99) Garbage Collection (Allocation Rate) 400M(20%)->318M(16%)
[46.709s][info][gc,start    ] GC(100) Garbage Collection (Allocation Rate)
[46.709s][info][gc,task     ] GC(100) Using 2 workers
[46.709s][info][gc,phases   ] GC(100) Pause Mark Start 0.008ms
[46.761s][info][gc,phases   ] GC(100) Concurrent Mark 51.530ms
[46.761s][info][gc,phases   ] GC(100) Pause Mark End 0.071ms
[46.761s][info][gc,phases   ] GC(100) Concurrent Mark Free 0.001ms
[46.777s][info][gc,phases   ] GC(100) Concurrent Process Non-Strong References 15.604ms
[46.777s][info][gc,phases   ] GC(100) Concurrent Reset Relocation Set 0.004ms
[46.779s][info][gc,phases   ] GC(100) Concurrent Select Relocation Set 2.459ms
[46.779s][info][gc,phases   ] GC(100) Pause Relocate Start 0.011ms
[46.781s][info][gc,phases   ] GC(100) Concurrent Relocate 1.967ms
[46.782s][info][gc,load     ] GC(100) Load: 0.00/0.00/0.00
[46.782s][info][gc,mmu      ] GC(100) MMU: 2ms/89.6%, 5ms/95.9%, 10ms/97.9%, 20ms/99.0%, 50ms/99.6%, 100ms/99.8%
[46.782s][info][gc,marking  ] GC(100) Mark: 2 stripe(s), 2 proactive flush(es), 1 terminate flush(es), 1 completion(s), 0 continuation(s) 
[46.782s][info][gc,marking  ] GC(100) Mark Stack Usage: 32M
[46.782s][info][gc,nmethod  ] GC(100) NMethods: 17213 registered, 2521 unregistered
[46.782s][info][gc,metaspace] GC(100) Metaspace: 153M used, 155M committed, 1216M reserved
[46.782s][info][gc,ref      ] GC(100) Soft: 3266 encountered, 0 discovered, 0 enqueued
[46.782s][info][gc,ref      ] GC(100) Weak: 15227 encountered, 5018 discovered, 294 enqueued
[46.782s][info][gc,ref      ] GC(100) Final: 52 encountered, 0 discovered, 0 enqueued
[46.782s][info][gc,ref      ] GC(100) Phantom: 600 encountered, 373 discovered, 0 enqueued
[46.782s][info][gc,reloc    ] GC(100) Small Pages: 62 / 124M, Empty: 0M, Relocated: 3M, In-Place: 0
[46.782s][info][gc,reloc    ] GC(100) Medium Pages: 6 / 192M, Empty: 32M, Relocated: 0M, In-Place: 0
[46.782s][info][gc,reloc    ] GC(100) Large Pages: 4 / 24M, Empty: 24M, Relocated: 0M, In-Place: 0
[46.782s][info][gc,reloc    ] GC(100) Forwarding Usage: 0M
[46.782s][info][gc,heap     ] GC(100) Min Capacity: 2048M(100%)
[46.782s][info][gc,heap     ] GC(100) Max Capacity: 2048M(100%)
[46.782s][info][gc,heap     ] GC(100) Soft Max Capacity: 2048M(100%)
[46.782s][info][gc,heap     ] GC(100)                Mark Start          Mark End        Relocate Start      Relocate End           High               Low         
[46.782s][info][gc,heap     ] GC(100)  Capacity:     2048M (100%)       2048M (100%)       2048M (100%)       2048M (100%)       2048M (100%)       2048M (100%)   
[46.782s][info][gc,heap     ] GC(100)      Free:     1708M (83%)        1628M (79%)        1668M (81%)        1720M (84%)        1722M (84%)        1612M (79%)    
[46.782s][info][gc,heap     ] GC(100)      Used:      340M (17%)         420M (21%)         380M (19%)         328M (16%)         436M (21%)         326M (16%)    
[46.782s][info][gc,heap     ] GC(100)      Live:         -               190M (9%)          190M (9%)          190M (9%)             -                  -          
[46.782s][info][gc,heap     ] GC(100) Allocated:         -                80M (4%)           96M (5%)           97M (5%)             -                  -          
[46.782s][info][gc,heap     ] GC(100)   Garbage:         -               149M (7%)           93M (5%)           39M (2%)             -                  -          
[46.782s][info][gc,heap     ] GC(100) Reclaimed:         -                  -                56M (3%)          109M (5%)             -                  -          
[46.782s][info][gc          ] GC(100) Garbage Collection (Allocation Rate) 340M(17%)->328M(16%)
[47.409s][info][gc,start    ] GC(101) Garbage Collection (Allocation Rate)
[47.409s][info][gc,task     ] GC(101) Using 2 workers
[47.409s][info][gc,phases   ] GC(101) Pause Mark Start 0.009ms
[47.464s][info][gc,phases   ] GC(101) Concurrent Mark 55.048ms
[47.465s][info][gc,phases   ] GC(101) Pause Mark End 0.024ms
[47.465s][info][gc,phases   ] GC(101) Concurrent Mark Free 0.003ms
[47.482s][info][gc,phases   ] GC(101) Concurrent Process Non-Strong References 17.228ms
[47.482s][info][gc,phases   ] GC(101) Concurrent Reset Relocation Set 0.003ms
[47.484s][info][gc,phases   ] GC(101) Concurrent Select Relocation Set 2.283ms
[47.484s][info][gc,phases   ] GC(101) Pause Relocate Start 0.009ms
[47.486s][info][gc,phases   ] GC(101) Concurrent Relocate 1.852ms
[47.486s][info][gc,load     ] GC(101) Load: 0.00/0.00/0.00
[47.486s][info][gc,mmu      ] GC(101) MMU: 2ms/89.6%, 5ms/95.9%, 10ms/97.9%, 20ms/99.0%, 50ms/99.6%, 100ms/99.8%
[47.486s][info][gc,marking  ] GC(101) Mark: 2 stripe(s), 2 proactive flush(es), 1 terminate flush(es), 0 completion(s), 0 continuation(s) 
[47.486s][info][gc,marking  ] GC(101) Mark Stack Usage: 32M
[47.486s][info][gc,nmethod  ] GC(101) NMethods: 17220 registered, 2538 unregistered
[47.486s][info][gc,metaspace] GC(101) Metaspace: 153M used, 155M committed, 1216M reserved
[47.486s][info][gc,ref      ] GC(101) Soft: 3266 encountered, 0 discovered, 0 enqueued
[47.486s][info][gc,ref      ] GC(101) Weak: 16785 encountered, 6169 discovered, 1753 enqueued
[47.486s][info][gc,ref      ] GC(101) Final: 52 encountered, 0 discovered, 0 enqueued
[47.487s][info][gc,ref      ] GC(101) Phantom: 600 encountered, 319 discovered, 0 enqueued
[47.487s][info][gc,reloc    ] GC(101) Small Pages: 184 / 368M, Empty: 8M, Relocated: 4M, In-Place: 0
[47.487s][info][gc,reloc    ] GC(101) Medium Pages: 9 / 288M, Empty: 128M, Relocated: 0M, In-Place: 0
[47.487s][info][gc,reloc    ] GC(101) Large Pages: 37 / 222M, Empty: 222M, Relocated: 0M, In-Place: 0
[47.487s][info][gc,reloc    ] GC(101) Forwarding Usage: 0M
[47.487s][info][gc,heap     ] GC(101) Min Capacity: 2048M(100%)
[47.487s][info][gc,heap     ] GC(101) Max Capacity: 2048M(100%)
[47.487s][info][gc,heap     ] GC(101) Soft Max Capacity: 2048M(100%)
[47.487s][info][gc,heap     ] GC(101)                Mark Start          Mark End        Relocate Start      Relocate End           High               Low         
[47.487s][info][gc,heap     ] GC(101)  Capacity:     2048M (100%)       2048M (100%)       2048M (100%)       2048M (100%)       2048M (100%)       2048M (100%)   
[47.487s][info][gc,heap     ] GC(101)      Free:     1170M (57%)        1104M (54%)        1436M (70%)        1722M (84%)        1722M (84%)        1052M (51%)    
[47.487s][info][gc,heap     ] GC(101)      Used:      878M (43%)         944M (46%)         612M (30%)         326M (16%)         996M (49%)         326M (16%)    
[47.487s][info][gc,heap     ] GC(101)      Live:         -               192M (9%)          192M (9%)          192M (9%)             -                  -          
[47.487s][info][gc,heap     ] GC(101) Allocated:         -                66M (3%)           92M (4%)           93M (5%)             -                  -          
[47.487s][info][gc,heap     ] GC(101)   Garbage:         -               685M (33%)         327M (16%)          39M (2%)             -                  -          
[47.487s][info][gc,heap     ] GC(101) Reclaimed:         -                  -               358M (17%)         645M (32%)            -                  -          
[47.487s][info][gc          ] GC(101) Garbage Collection (Allocation Rate) 878M(43%)->326M(16%)
[47.716s][info][gc,start    ] GC(102) Garbage Collection (System.gc())
[47.717s][info][gc,task     ] GC(102) Using 2 workers
[47.717s][info][gc,phases   ] GC(102) Pause Mark Start 0.008ms
[47.763s][info][gc,phases   ] GC(102) Concurrent Mark 46.561ms
[47.764s][info][gc,phases   ] GC(102) Pause Mark End 0.031ms
[47.764s][info][gc,phases   ] GC(102) Concurrent Mark Free 0.003ms
[47.780s][info][gc,phases   ] GC(102) Concurrent Process Non-Strong References 16.031ms
[47.780s][info][gc,phases   ] GC(102) Concurrent Reset Relocation Set 0.013ms
[47.781s][info][gc,phases   ] GC(102) Concurrent Select Relocation Set 1.469ms
[47.781s][info][gc,phases   ] GC(102) Pause Relocate Start 0.006ms
[47.784s][info][gc,phases   ] GC(102) Concurrent Relocate 2.676ms
[47.784s][info][gc,load     ] GC(102) Load: 0.00/0.00/0.00
[47.784s][info][gc,mmu      ] GC(102) MMU: 2ms/89.6%, 5ms/95.9%, 10ms/97.9%, 20ms/99.0%, 50ms/99.6%, 100ms/99.8%
[47.784s][info][gc,marking  ] GC(102) Mark: 2 stripe(s), 2 proactive flush(es), 1 terminate flush(es), 0 completion(s), 0 continuation(s) 
[47.784s][info][gc,marking  ] GC(102) Mark Stack Usage: 32M
[47.784s][info][gc,nmethod  ] GC(102) NMethods: 17264 registered, 2547 unregistered
[47.784s][info][gc,metaspace] GC(102) Metaspace: 153M used, 155M committed, 1216M reserved
[47.784s][info][gc,ref      ] GC(102) Soft: 3484 encountered, 0 discovered, 0 enqueued
[47.784s][info][gc,ref      ] GC(102) Weak: 15931 encountered, 6175 discovered, 842 enqueued
[47.784s][info][gc,ref      ] GC(102) Final: 52 encountered, 0 discovered, 0 enqueued
[47.784s][info][gc,ref      ] GC(102) Phantom: 600 encountered, 342 discovered, 0 enqueued
[47.784s][info][gc,reloc    ] GC(102) Small Pages: 112 / 224M, Empty: 4M, Relocated: 2M, In-Place: 0
[47.784s][info][gc,reloc    ] GC(102) Medium Pages: 7 / 224M, Empty: 64M, Relocated: 12M, In-Place: 0
[47.784s][info][gc,reloc    ] GC(102) Large Pages: 11 / 66M, Empty: 66M, Relocated: 0M, In-Place: 0
[47.784s][info][gc,reloc    ] GC(102) Forwarding Usage: 0M
[47.784s][info][gc,heap     ] GC(102) Min Capacity: 2048M(100%)
[47.784s][info][gc,heap     ] GC(102) Max Capacity: 2048M(100%)
[47.784s][info][gc,heap     ] GC(102) Soft Max Capacity: 2048M(100%)
[47.784s][info][gc,heap     ] GC(102)                Mark Start          Mark End        Relocate Start      Relocate End           High               Low         
[47.784s][info][gc,heap     ] GC(102)  Capacity:     2048M (100%)       2048M (100%)       2048M (100%)       2048M (100%)       2048M (100%)       2048M (100%)   
[47.784s][info][gc,heap     ] GC(102)      Free:     1534M (75%)        1534M (75%)        1658M (81%)        1866M (91%)        1866M (91%)        1524M (74%)    
[47.784s][info][gc,heap     ] GC(102)      Used:      514M (25%)         514M (25%)         390M (19%)         182M (9%)          524M (26%)         182M (9%)     
[47.784s][info][gc,heap     ] GC(102)      Live:         -               128M (6%)          128M (6%)          128M (6%)             -                  -          
[47.784s][info][gc,heap     ] GC(102) Allocated:         -                 0M (0%)           10M (0%)           17M (1%)             -                  -          
[47.784s][info][gc,heap     ] GC(102)   Garbage:         -               385M (19%)         251M (12%)          35M (2%)             -                  -          
[47.784s][info][gc,heap     ] GC(102) Reclaimed:         -                  -               134M (7%)          349M (17%)            -                  -          
[47.784s][info][gc          ] GC(102) Garbage Collection (System.gc()) 514M(25%)->182M(9%)
[48.110s][info][gc,start    ] GC(103) Garbage Collection (Allocation Rate)
[48.110s][info][gc,task     ] GC(103) Using 2 workers
[48.110s][info][gc,phases   ] GC(103) Pause Mark Start 0.012ms
[48.135s][info][gc          ] Allocation Stall (Executor task launch worker for task 0.0 in stage 693.0 (TID 2774)) 0.243ms
[48.173s][info][gc,phases   ] GC(103) Concurrent Mark 62.545ms
[48.173s][info][gc,phases   ] GC(103) Pause Mark End 0.032ms
[48.173s][info][gc,phases   ] GC(103) Concurrent Mark Free 0.003ms
[48.206s][info][gc,phases   ] GC(103) Concurrent Process Non-Strong References 32.135ms
[48.206s][info][gc,phases   ] GC(103) Concurrent Reset Relocation Set 0.004ms
[48.206s][info][gc          ] Allocation Stall (Executor task launch worker for task 2.0 in stage 693.0 (TID 2776)) 71.035ms
[48.206s][info][gc          ] Allocation Stall (Executor task launch worker for task 0.0 in stage 693.0 (TID 2774)) 70.481ms
[48.206s][info][gc          ] Allocation Stall (Executor task launch worker for task 3.0 in stage 693.0 (TID 2777)) 70.694ms
[48.206s][info][gc          ] Allocation Stall (Executor task launch worker for task 4.0 in stage 693.0 (TID 2778)) 70.453ms
[48.206s][info][gc          ] Allocation Stall (Executor task launch worker for task 1.0 in stage 693.0 (TID 2775)) 71.075ms
[48.211s][info][gc,phases   ] GC(103) Concurrent Select Relocation Set 5.780ms
[48.212s][info][gc,phases   ] GC(103) Pause Relocate Start 0.022ms
[48.238s][info][gc,phases   ] GC(103) Concurrent Relocate 26.478ms
[48.238s][info][gc,load     ] GC(103) Load: 0.00/0.00/0.00
[48.238s][info][gc,mmu      ] GC(103) MMU: 2ms/89.6%, 5ms/95.9%, 10ms/97.9%, 20ms/99.0%, 50ms/99.6%, 100ms/99.8%
[48.238s][info][gc,marking  ] GC(103) Mark: 2 stripe(s), 2 proactive flush(es), 1 terminate flush(es), 0 completion(s), 0 continuation(s) 
[48.238s][info][gc,marking  ] GC(103) Mark Stack Usage: 32M
[48.238s][info][gc,nmethod  ] GC(103) NMethods: 17312 registered, 2569 unregistered
[48.238s][info][gc,metaspace] GC(103) Metaspace: 153M used, 155M committed, 1216M reserved
[48.238s][info][gc,ref      ] GC(103) Soft: 3549 encountered, 0 discovered, 0 enqueued
[48.238s][info][gc,ref      ] GC(103) Weak: 15451 encountered, 5892 discovered, 228 enqueued
[48.238s][info][gc,ref      ] GC(103) Final: 52 encountered, 0 discovered, 0 enqueued
[48.238s][info][gc,ref      ] GC(103) Phantom: 600 encountered, 370 discovered, 0 enqueued
[48.238s][info][gc,reloc    ] GC(103) Small Pages: 804 / 1608M, Empty: 1222M, Relocated: 8M, In-Place: 0
[48.238s][info][gc,reloc    ] GC(103) Medium Pages: 9 / 288M, Empty: 0M, Relocated: 44M, In-Place: 0
[48.238s][info][gc,reloc    ] GC(103) Large Pages: 6 / 36M, Empty: 36M, Relocated: 0M, In-Place: 0
[48.238s][info][gc,reloc    ] GC(103) Forwarding Usage: 1M
[48.238s][info][gc,heap     ] GC(103) Min Capacity: 2048M(100%)
[48.238s][info][gc,heap     ] GC(103) Max Capacity: 2048M(100%)
[48.238s][info][gc,heap     ] GC(103) Soft Max Capacity: 2048M(100%)
[48.238s][info][gc,heap     ] GC(103)                Mark Start          Mark End        Relocate Start      Relocate End           High               Low         
[48.238s][info][gc,heap     ] GC(103)  Capacity:     2048M (100%)       2048M (100%)       2048M (100%)       2048M (100%)       2048M (100%)       2048M (100%)   
[48.238s][info][gc,heap     ] GC(103)      Free:      116M (6%)            0M (0%)         1216M (59%)        1516M (74%)        1524M (74%)           0M (0%)     
[48.238s][info][gc,heap     ] GC(103)      Used:     1932M (94%)        2048M (100%)        832M (41%)         532M (26%)        2048M (100%)        524M (26%)    
[48.238s][info][gc,heap     ] GC(103)      Live:         -               179M (9%)          179M (9%)          179M (9%)             -                  -          
[48.238s][info][gc,heap     ] GC(103) Allocated:         -               116M (6%)          158M (8%)          314M (15%)            -                  -          
[48.238s][info][gc,heap     ] GC(103)   Garbage:         -              1752M (86%)         494M (24%)          38M (2%)             -                  -          
[48.238s][info][gc,heap     ] GC(103) Reclaimed:         -                  -              1258M (61%)        1714M (84%)            -                  -          
[48.238s][info][gc          ] GC(103) Garbage Collection (Allocation Rate) 1932M(94%)->532M(26%)
[48.308s][info][gc,start    ] GC(104) Garbage Collection (Allocation Stall)
[48.308s][info][gc,ref      ] GC(104) Clearing All SoftReferences
[48.308s][info][gc,task     ] GC(104) Using 2 workers
[48.308s][info][gc,ref      ] GC(104) Clearing All SoftReferences
[48.308s][info][gc,phases   ] GC(104) Pause Mark Start 0.042ms
[48.359s][info][gc,phases   ] GC(104) Concurrent Mark 50.831ms
[48.359s][info][gc,phases   ] GC(104) Pause Mark End 0.035ms
[48.360s][info][gc,phases   ] GC(104) Concurrent Mark Free 0.002ms
[48.394s][info][gc,phases   ] GC(104) Concurrent Process Non-Strong References 34.121ms
[48.394s][info][gc,phases   ] GC(104) Concurrent Reset Relocation Set 0.015ms
[48.396s][info][gc,phases   ] GC(104) Concurrent Select Relocation Set 2.361ms
[48.396s][info][gc,phases   ] GC(104) Pause Relocate Start 0.011ms
[48.403s][info][gc,phases   ] GC(104) Concurrent Relocate 6.415ms
[48.403s][info][gc,load     ] GC(104) Load: 0.00/0.00/0.00
[48.403s][info][gc,mmu      ] GC(104) MMU: 2ms/89.6%, 5ms/95.9%, 10ms/97.9%, 20ms/99.0%, 50ms/99.6%, 100ms/99.8%
[48.403s][info][gc,marking  ] GC(104) Mark: 2 stripe(s), 2 proactive flush(es), 1 terminate flush(es), 0 completion(s), 0 continuation(s) 
[48.403s][info][gc,marking  ] GC(104) Mark Stack Usage: 32M
[48.403s][info][gc,nmethod  ] GC(104) NMethods: 17316 registered, 2576 unregistered
[48.403s][info][gc,metaspace] GC(104) Metaspace: 153M used, 155M committed, 1216M reserved
[48.403s][info][gc,ref      ] GC(104) Soft: 3483 encountered, 2995 discovered, 236 enqueued
[48.403s][info][gc,ref      ] GC(104) Weak: 15326 encountered, 5344 discovered, 198 enqueued
[48.403s][info][gc,ref      ] GC(104) Final: 52 encountered, 0 discovered, 0 enqueued
[48.403s][info][gc,ref      ] GC(104) Phantom: 600 encountered, 345 discovered, 0 enqueued
[48.403s][info][gc,reloc    ] GC(104) Small Pages: 180 / 360M, Empty: 164M, Relocated: 4M, In-Place: 0
[48.403s][info][gc,reloc    ] GC(104) Medium Pages: 7 / 224M, Empty: 0M, Relocated: 24M, In-Place: 0
[48.403s][info][gc,reloc    ] GC(104) Large Pages: 3 / 18M, Empty: 12M, Relocated: 0M, In-Place: 0
[48.403s][info][gc,reloc    ] GC(104) Forwarding Usage: 1M
[48.403s][info][gc,heap     ] GC(104) Min Capacity: 2048M(100%)
[48.403s][info][gc,heap     ] GC(104) Max Capacity: 2048M(100%)
[48.403s][info][gc,heap     ] GC(104) Soft Max Capacity: 2048M(100%)
[48.403s][info][gc,heap     ] GC(104)                Mark Start          Mark End        Relocate Start      Relocate End           High               Low         
[48.403s][info][gc,heap     ] GC(104)  Capacity:     2048M (100%)       2048M (100%)       2048M (100%)       2048M (100%)       2048M (100%)       2048M (100%)   
[48.403s][info][gc,heap     ] GC(104)      Free:     1446M (71%)        1388M (68%)        1526M (75%)        1716M (84%)        1716M (84%)        1356M (66%)    
[48.403s][info][gc,heap     ] GC(104)      Used:      602M (29%)         660M (32%)         522M (25%)         332M (16%)         692M (34%)         332M (16%)    
[48.403s][info][gc,heap     ] GC(104)      Live:         -               196M (10%)         196M (10%)         196M (10%)            -                  -          
[48.403s][info][gc,heap     ] GC(104) Allocated:         -                58M (3%)           96M (5%)           95M (5%)             -                  -          
[48.403s][info][gc,heap     ] GC(104)   Garbage:         -               405M (20%)         229M (11%)          39M (2%)             -                  -          
[48.403s][info][gc,heap     ] GC(104) Reclaimed:         -                  -               176M (9%)          365M (18%)            -                  -          
[48.403s][info][gc          ] GC(104) Garbage Collection (Allocation Stall) 602M(29%)->332M(16%)
[48.406s][info][gc,start    ] GC(105) Garbage Collection (Allocation Rate)
[48.407s][info][gc,task     ] GC(105) Using 2 workers
[48.407s][info][gc,phases   ] GC(105) Pause Mark Start 0.006ms
[48.458s][info][gc,phases   ] GC(105) Concurrent Mark 51.851ms
[48.459s][info][gc,phases   ] GC(105) Pause Mark End 0.052ms
[48.459s][info][gc,phases   ] GC(105) Concurrent Mark Free 0.001ms
[48.494s][info][gc,phases   ] GC(105) Concurrent Process Non-Strong References 35.219ms
[48.494s][info][gc,phases   ] GC(105) Concurrent Reset Relocation Set 0.006ms
[48.496s][info][gc,phases   ] GC(105) Concurrent Select Relocation Set 1.885ms
[48.496s][info][gc,phases   ] GC(105) Pause Relocate Start 0.008ms
[48.497s][info][gc,phases   ] GC(105) Concurrent Relocate 0.968ms
[48.497s][info][gc,load     ] GC(105) Load: 0.00/0.00/0.00
[48.497s][info][gc,mmu      ] GC(105) MMU: 2ms/89.6%, 5ms/95.9%, 10ms/97.9%, 20ms/99.0%, 50ms/99.6%, 100ms/99.8%
[48.497s][info][gc,marking  ] GC(105) Mark: 2 stripe(s), 2 proactive flush(es), 1 terminate flush(es), 1 completion(s), 0 continuation(s) 
[48.497s][info][gc,marking  ] GC(105) Mark Stack Usage: 32M
[48.497s][info][gc,nmethod  ] GC(105) NMethods: 17321 registered, 2577 unregistered
[48.497s][info][gc,metaspace] GC(105) Metaspace: 153M used, 155M committed, 1216M reserved
[48.497s][info][gc,ref      ] GC(105) Soft: 3269 encountered, 0 discovered, 0 enqueued
[48.497s][info][gc,ref      ] GC(105) Weak: 15133 encountered, 4582 discovered, 152 enqueued
[48.497s][info][gc,ref      ] GC(105) Final: 52 encountered, 0 discovered, 0 enqueued
[48.497s][info][gc,ref      ] GC(105) Phantom: 600 encountered, 370 discovered, 0 enqueued
[48.497s][info][gc,reloc    ] GC(105) Small Pages: 59 / 118M, Empty: 0M, Relocated: 1M, In-Place: 0
[48.497s][info][gc,reloc    ] GC(105) Medium Pages: 6 / 192M, Empty: 32M, Relocated: 0M, In-Place: 0
[48.497s][info][gc,reloc    ] GC(105) Large Pages: 5 / 30M, Empty: 30M, Relocated: 0M, In-Place: 0
[48.497s][info][gc,reloc    ] GC(105) Forwarding Usage: 0M
[48.497s][info][gc,heap     ] GC(105) Min Capacity: 2048M(100%)
[48.497s][info][gc,heap     ] GC(105) Max Capacity: 2048M(100%)
[48.497s][info][gc,heap     ] GC(105) Soft Max Capacity: 2048M(100%)
[48.497s][info][gc,heap     ] GC(105)                Mark Start          Mark End        Relocate Start      Relocate End           High               Low         
[48.497s][info][gc,heap     ] GC(105)  Capacity:     2048M (100%)       2048M (100%)       2048M (100%)       2048M (100%)       2048M (100%)       2048M (100%)   
[48.497s][info][gc,heap     ] GC(105)      Free:     1708M (83%)        1636M (80%)        1680M (82%)        1728M (84%)        1728M (84%)        1618M (79%)    
[48.497s][info][gc,heap     ] GC(105)      Used:      340M (17%)         412M (20%)         368M (18%)         320M (16%)         430M (21%)         320M (16%)    
[48.497s][info][gc,heap     ] GC(105)      Live:         -               190M (9%)          190M (9%)          190M (9%)             -                  -          
[48.497s][info][gc,heap     ] GC(105) Allocated:         -                72M (4%)           90M (4%)           89M (4%)             -                  -          
[48.497s][info][gc,heap     ] GC(105)   Garbage:         -               149M (7%)           87M (4%)           39M (2%)             -                  -          
[48.497s][info][gc,heap     ] GC(105) Reclaimed:         -                  -                62M (3%)          109M (5%)             -                  -          
[48.497s][info][gc          ] GC(105) Garbage Collection (Allocation Rate) 340M(17%)->320M(16%)
[48.502s][info][gc,start    ] GC(106) Garbage Collection (Allocation Rate)
[48.502s][info][gc,task     ] GC(106) Using 2 workers
[48.502s][info][gc,phases   ] GC(106) Pause Mark Start 0.011ms
[48.554s][info][gc,phases   ] GC(106) Concurrent Mark 52.090ms
[48.554s][info][gc,phases   ] GC(106) Pause Mark End 0.023ms
[48.554s][info][gc,phases   ] GC(106) Concurrent Mark Free 0.002ms
[48.571s][info][gc,phases   ] GC(106) Concurrent Process Non-Strong References 16.249ms
[48.571s][info][gc,phases   ] GC(106) Concurrent Reset Relocation Set 0.003ms
[48.572s][info][gc,phases   ] GC(106) Concurrent Select Relocation Set 1.737ms
[48.572s][info][gc,phases   ] GC(106) Pause Relocate Start 0.007ms
[48.573s][info][gc,phases   ] GC(106) Concurrent Relocate 0.379ms
[48.573s][info][gc,load     ] GC(106) Load: 0.00/0.00/0.00
[48.573s][info][gc,mmu      ] GC(106) MMU: 2ms/89.6%, 5ms/95.9%, 10ms/97.9%, 20ms/99.0%, 50ms/99.6%, 100ms/99.8%
[48.573s][info][gc,marking  ] GC(106) Mark: 2 stripe(s), 2 proactive flush(es), 1 terminate flush(es), 0 completion(s), 0 continuation(s) 
[48.573s][info][gc,marking  ] GC(106) Mark Stack Usage: 32M
[48.573s][info][gc,nmethod  ] GC(106) NMethods: 17318 registered, 2582 unregistered
[48.573s][info][gc,metaspace] GC(106) Metaspace: 153M used, 155M committed, 1216M reserved
[48.573s][info][gc,ref      ] GC(106) Soft: 3273 encountered, 0 discovered, 0 enqueued
[48.573s][info][gc,ref      ] GC(106) Weak: 15227 encountered, 6314 discovered, 149 enqueued
[48.573s][info][gc,ref      ] GC(106) Final: 52 encountered, 0 discovered, 0 enqueued
[48.573s][info][gc,ref      ] GC(106) Phantom: 600 encountered, 333 discovered, 0 enqueued
[48.573s][info][gc,reloc    ] GC(106) Small Pages: 55 / 110M, Empty: 0M, Relocated: 0M, In-Place: 0
[48.573s][info][gc,reloc    ] GC(106) Medium Pages: 6 / 192M, Empty: 32M, Relocated: 0M, In-Place: 0
[48.573s][info][gc,reloc    ] GC(106) Large Pages: 3 / 18M, Empty: 18M, Relocated: 0M, In-Place: 0
[48.573s][info][gc,reloc    ] GC(106) Forwarding Usage: 0M
[48.573s][info][gc,heap     ] GC(106) Min Capacity: 2048M(100%)
[48.573s][info][gc,heap     ] GC(106) Max Capacity: 2048M(100%)
[48.573s][info][gc,heap     ] GC(106) Soft Max Capacity: 2048M(100%)
[48.573s][info][gc,heap     ] GC(106)                Mark Start          Mark End        Relocate Start      Relocate End           High               Low         
[48.573s][info][gc,heap     ] GC(106)  Capacity:     2048M (100%)       2048M (100%)       2048M (100%)       2048M (100%)       2048M (100%)       2048M (100%)   
[48.573s][info][gc,heap     ] GC(106)      Free:     1728M (84%)        1646M (80%)        1680M (82%)        1718M (84%)        1728M (84%)        1630M (80%)    
[48.573s][info][gc,heap     ] GC(106)      Used:      320M (16%)         402M (20%)         368M (18%)         330M (16%)         418M (20%)         320M (16%)    
[48.573s][info][gc,heap     ] GC(106)      Live:         -               190M (9%)          190M (9%)          190M (9%)             -                  -          
[48.573s][info][gc,heap     ] GC(106) Allocated:         -                82M (4%)           98M (5%)           97M (5%)             -                  -          
[48.573s][info][gc,heap     ] GC(106)   Garbage:         -               129M (6%)           79M (4%)           41M (2%)             -                  -          
[48.573s][info][gc,heap     ] GC(106) Reclaimed:         -                  -                50M (2%)           87M (4%)             -                  -          
[48.573s][info][gc          ] GC(106) Garbage Collection (Allocation Rate) 320M(16%)->330M(16%)
[48.615s][info][gc,start    ] GC(107) Garbage Collection (Allocation Rate)
[48.615s][info][gc,task     ] GC(107) Using 2 workers
[48.615s][info][gc,phases   ] GC(107) Pause Mark Start 0.008ms
[48.673s][info][gc,phases   ] GC(107) Concurrent Mark 58.136ms
[48.674s][info][gc,phases   ] GC(107) Pause Mark End 0.068ms
[48.674s][info][gc,phases   ] GC(107) Concurrent Mark Free 0.001ms
[48.691s][info][gc,phases   ] GC(107) Concurrent Process Non-Strong References 16.782ms
[48.691s][info][gc,phases   ] GC(107) Concurrent Reset Relocation Set 0.002ms
[48.693s][info][gc,phases   ] GC(107) Concurrent Select Relocation Set 1.928ms
[48.693s][info][gc,phases   ] GC(107) Pause Relocate Start 0.010ms
[48.693s][info][gc,phases   ] GC(107) Concurrent Relocate 0.529ms
[48.693s][info][gc,load     ] GC(107) Load: 0.00/0.00/0.00
[48.693s][info][gc,mmu      ] GC(107) MMU: 2ms/89.6%, 5ms/95.9%, 10ms/97.9%, 20ms/99.0%, 50ms/99.6%, 100ms/99.8%
[48.693s][info][gc,marking  ] GC(107) Mark: 2 stripe(s), 2 proactive flush(es), 1 terminate flush(es), 1 completion(s), 0 continuation(s) 
[48.693s][info][gc,marking  ] GC(107) Mark Stack Usage: 32M
[48.693s][info][gc,nmethod  ] GC(107) NMethods: 17319 registered, 2588 unregistered
[48.693s][info][gc,metaspace] GC(107) Metaspace: 153M used, 155M committed, 1216M reserved
[48.693s][info][gc,ref      ] GC(107) Soft: 3273 encountered, 0 discovered, 0 enqueued
[48.693s][info][gc,ref      ] GC(107) Weak: 15383 encountered, 7299 discovered, 292 enqueued
[48.693s][info][gc,ref      ] GC(107) Final: 52 encountered, 0 discovered, 0 enqueued
[48.693s][info][gc,ref      ] GC(107) Phantom: 600 encountered, 352 discovered, 0 enqueued
[48.693s][info][gc,reloc    ] GC(107) Small Pages: 65 / 130M, Empty: 2M, Relocated: 1M, In-Place: 0
[48.693s][info][gc,reloc    ] GC(107) Medium Pages: 6 / 192M, Empty: 32M, Relocated: 0M, In-Place: 0
[48.693s][info][gc,reloc    ] GC(107) Large Pages: 6 / 36M, Empty: 36M, Relocated: 0M, In-Place: 0
[48.693s][info][gc,reloc    ] GC(107) Forwarding Usage: 0M
[48.693s][info][gc,heap     ] GC(107) Min Capacity: 2048M(100%)
[48.693s][info][gc,heap     ] GC(107) Max Capacity: 2048M(100%)
[48.693s][info][gc,heap     ] GC(107) Soft Max Capacity: 2048M(100%)
[48.693s][info][gc,heap     ] GC(107)                Mark Start          Mark End        Relocate Start      Relocate End           High               Low         
[48.693s][info][gc,heap     ] GC(107)  Capacity:     2048M (100%)       2048M (100%)       2048M (100%)       2048M (100%)       2048M (100%)       2048M (100%)   
[48.693s][info][gc,heap     ] GC(107)      Free:     1690M (83%)        1606M (78%)        1668M (81%)        1724M (84%)        1724M (84%)        1598M (78%)    
[48.693s][info][gc,heap     ] GC(107)      Used:      358M (17%)         442M (22%)         380M (19%)         324M (16%)         450M (22%)         324M (16%)    
[48.693s][info][gc,heap     ] GC(107)      Live:         -               191M (9%)          191M (9%)          191M (9%)             -                  -          
[48.693s][info][gc,heap     ] GC(107) Allocated:         -                84M (4%)           92M (4%)           91M (4%)             -                  -          
[48.693s][info][gc,heap     ] GC(107)   Garbage:         -               166M (8%)           96M (5%)           40M (2%)             -                  -          
[48.693s][info][gc,heap     ] GC(107) Reclaimed:         -                  -                70M (3%)          125M (6%)             -                  -          
[48.694s][info][gc          ] GC(107) Garbage Collection (Allocation Rate) 358M(17%)->324M(16%)
[49.305s][info][gc,start    ] GC(108) Garbage Collection (Allocation Rate)
[49.305s][info][gc,task     ] GC(108) Using 2 workers
[49.305s][info][gc,phases   ] GC(108) Pause Mark Start 0.008ms
[49.364s][info][gc,phases   ] GC(108) Concurrent Mark 58.734ms
[49.364s][info][gc,phases   ] GC(108) Pause Mark End 0.041ms
[49.364s][info][gc,phases   ] GC(108) Concurrent Mark Free 0.001ms
[49.384s][info][gc,phases   ] GC(108) Concurrent Process Non-Strong References 19.598ms
[49.384s][info][gc,phases   ] GC(108) Concurrent Reset Relocation Set 0.003ms
[49.386s][info][gc,phases   ] GC(108) Concurrent Select Relocation Set 2.117ms
[49.386s][info][gc,phases   ] GC(108) Pause Relocate Start 0.010ms
[49.387s][info][gc,phases   ] GC(108) Concurrent Relocate 1.157ms
[49.387s][info][gc,load     ] GC(108) Load: 0.00/0.00/0.00
[49.387s][info][gc,mmu      ] GC(108) MMU: 2ms/89.6%, 5ms/95.9%, 10ms/97.9%, 20ms/99.0%, 50ms/99.6%, 100ms/99.8%
[49.387s][info][gc,marking  ] GC(108) Mark: 2 stripe(s), 2 proactive flush(es), 1 terminate flush(es), 0 completion(s), 0 continuation(s) 
[49.387s][info][gc,marking  ] GC(108) Mark Stack Usage: 32M
[49.388s][info][gc,nmethod  ] GC(108) NMethods: 17324 registered, 2621 unregistered
[49.388s][info][gc,metaspace] GC(108) Metaspace: 153M used, 155M committed, 1216M reserved
[49.388s][info][gc,ref      ] GC(108) Soft: 3271 encountered, 0 discovered, 0 enqueued
[49.388s][info][gc,ref      ] GC(108) Weak: 16928 encountered, 6465 discovered, 1895 enqueued
[49.388s][info][gc,ref      ] GC(108) Final: 52 encountered, 0 discovered, 0 enqueued
[49.388s][info][gc,ref      ] GC(108) Phantom: 600 encountered, 304 discovered, 0 enqueued
[49.388s][info][gc,reloc    ] GC(108) Small Pages: 188 / 376M, Empty: 10M, Relocated: 3M, In-Place: 0
[49.388s][info][gc,reloc    ] GC(108) Medium Pages: 9 / 288M, Empty: 128M, Relocated: 0M, In-Place: 0
[49.388s][info][gc,reloc    ] GC(108) Large Pages: 37 / 222M, Empty: 222M, Relocated: 0M, In-Place: 0
[49.388s][info][gc,reloc    ] GC(108) Forwarding Usage: 0M
[49.388s][info][gc,heap     ] GC(108) Min Capacity: 2048M(100%)
[49.388s][info][gc,heap     ] GC(108) Max Capacity: 2048M(100%)
[49.388s][info][gc,heap     ] GC(108) Soft Max Capacity: 2048M(100%)
[49.388s][info][gc,heap     ] GC(108)                Mark Start          Mark End        Relocate Start      Relocate End           High               Low         
[49.388s][info][gc,heap     ] GC(108)  Capacity:     2048M (100%)       2048M (100%)       2048M (100%)       2048M (100%)       2048M (100%)       2048M (100%)   
[49.388s][info][gc,heap     ] GC(108)      Free:     1162M (57%)        1094M (53%)        1440M (70%)        1730M (84%)        1730M (84%)        1080M (53%)    
[49.388s][info][gc,heap     ] GC(108)      Used:      886M (43%)         954M (47%)         608M (30%)         318M (16%)         968M (47%)         318M (16%)    
[49.388s][info][gc,heap     ] GC(108)      Live:         -               193M (9%)          193M (9%)          193M (9%)             -                  -          
[49.388s][info][gc,heap     ] GC(108) Allocated:         -                68M (3%)           82M (4%)           85M (4%)             -                  -          
[49.388s][info][gc,heap     ] GC(108)   Garbage:         -               692M (34%)         332M (16%)          38M (2%)             -                  -          
[49.388s][info][gc,heap     ] GC(108) Reclaimed:         -                  -               360M (18%)         653M (32%)            -                  -          
[49.388s][info][gc          ] GC(108) Garbage Collection (Allocation Rate) 886M(43%)->318M(16%)
[49.618s][info][gc,start    ] GC(109) Garbage Collection (System.gc())
[49.618s][info][gc,task     ] GC(109) Using 2 workers
[49.618s][info][gc,phases   ] GC(109) Pause Mark Start 0.008ms
[49.661s][info][gc,phases   ] GC(109) Concurrent Mark 43.125ms
[49.661s][info][gc,phases   ] GC(109) Pause Mark End 0.015ms
[49.661s][info][gc,phases   ] GC(109) Concurrent Mark Free 0.002ms
[49.678s][info][gc,phases   ] GC(109) Concurrent Process Non-Strong References 16.398ms
[49.678s][info][gc,phases   ] GC(109) Concurrent Reset Relocation Set 0.007ms
[49.680s][info][gc,phases   ] GC(109) Concurrent Select Relocation Set 2.203ms
[49.680s][info][gc,phases   ] GC(109) Pause Relocate Start 0.008ms
[49.682s][info][gc,phases   ] GC(109) Concurrent Relocate 1.939ms
[49.682s][info][gc,load     ] GC(109) Load: 0.00/0.00/0.00
[49.682s][info][gc,mmu      ] GC(109) MMU: 2ms/89.6%, 5ms/95.9%, 10ms/97.9%, 20ms/99.0%, 50ms/99.6%, 100ms/99.8%
[49.682s][info][gc,marking  ] GC(109) Mark: 2 stripe(s), 2 proactive flush(es), 1 terminate flush(es), 0 completion(s), 0 continuation(s) 
[49.682s][info][gc,marking  ] GC(109) Mark Stack Usage: 32M
[49.682s][info][gc,nmethod  ] GC(109) NMethods: 17400 registered, 2637 unregistered
[49.682s][info][gc,metaspace] GC(109) Metaspace: 153M used, 155M committed, 1216M reserved
[49.682s][info][gc,ref      ] GC(109) Soft: 3487 encountered, 0 discovered, 0 enqueued
[49.682s][info][gc,ref      ] GC(109) Weak: 15932 encountered, 5767 discovered, 842 enqueued
[49.682s][info][gc,ref      ] GC(109) Final: 52 encountered, 0 discovered, 0 enqueued
[49.682s][info][gc,ref      ] GC(109) Phantom: 600 encountered, 381 discovered, 0 enqueued
[49.682s][info][gc,reloc    ] GC(109) Small Pages: 111 / 222M, Empty: 0M, Relocated: 3M, In-Place: 0
[49.682s][info][gc,reloc    ] GC(109) Medium Pages: 7 / 224M, Empty: 128M, Relocated: 0M, In-Place: 0
[49.682s][info][gc,reloc    ] GC(109) Large Pages: 11 / 66M, Empty: 66M, Relocated: 0M, In-Place: 0
[49.682s][info][gc,reloc    ] GC(109) Forwarding Usage: 1M
[49.682s][info][gc,heap     ] GC(109) Min Capacity: 2048M(100%)
[49.682s][info][gc,heap     ] GC(109) Max Capacity: 2048M(100%)
[49.682s][info][gc,heap     ] GC(109) Soft Max Capacity: 2048M(100%)
[49.682s][info][gc,heap     ] GC(109)                Mark Start          Mark End        Relocate Start      Relocate End           High               Low         
[49.682s][info][gc,heap     ] GC(109)  Capacity:     2048M (100%)       2048M (100%)       2048M (100%)       2048M (100%)       2048M (100%)       2048M (100%)   
[49.682s][info][gc,heap     ] GC(109)      Free:     1536M (75%)        1534M (75%)        1712M (84%)        1866M (91%)        1866M (91%)        1524M (74%)    
[49.682s][info][gc,heap     ] GC(109)      Used:      512M (25%)         514M (25%)         336M (16%)         182M (9%)          524M (26%)         182M (9%)     
[49.682s][info][gc,heap     ] GC(109)      Live:         -               128M (6%)          128M (6%)          128M (6%)             -                  -          
[49.682s][info][gc,heap     ] GC(109) Allocated:         -                 2M (0%)           18M (1%)           17M (1%)             -                  -          
[49.682s][info][gc,heap     ] GC(109)   Garbage:         -               383M (19%)         189M (9%)           35M (2%)             -                  -          
[49.682s][info][gc,heap     ] GC(109) Reclaimed:         -                  -               194M (9%)          347M (17%)            -                  -          
[49.682s][info][gc          ] GC(109) Garbage Collection (System.gc()) 512M(25%)->182M(9%)
[50.005s][info][gc,start    ] GC(110) Garbage Collection (Allocation Rate)
[50.006s][info][gc,task     ] GC(110) Using 2 workers
[50.006s][info][gc,phases   ] GC(110) Pause Mark Start 0.007ms
[50.068s][info][gc,phases   ] GC(110) Concurrent Mark 61.827ms
[50.068s][info][gc,phases   ] GC(110) Pause Mark End 0.030ms
[50.068s][info][gc,phases   ] GC(110) Concurrent Mark Free 0.002ms
[50.099s][info][gc,phases   ] GC(110) Concurrent Process Non-Strong References 30.813ms
[50.099s][info][gc,phases   ] GC(110) Concurrent Reset Relocation Set 0.005ms
[50.099s][info][gc          ] Allocation Stall (Executor task launch worker for task 1.0 in stage 739.0 (TID 2959)) 69.082ms
[50.099s][info][gc          ] Allocation Stall (Spark Context Cleaner) 69.629ms
[50.099s][info][gc          ] Allocation Stall (Executor task launch worker for task 3.0 in stage 739.0 (TID 2961)) 69.708ms
[50.099s][info][gc          ] Allocation Stall (Executor task launch worker for task 2.0 in stage 739.0 (TID 2960)) 68.962ms
[50.099s][info][gc          ] Allocation Stall (Executor task launch worker for task 4.0 in stage 739.0 (TID 2962)) 70.261ms
[50.099s][info][gc          ] Allocation Stall (Executor task launch worker for task 0.0 in stage 739.0 (TID 2958)) 69.382ms
[50.103s][info][gc,phases   ] GC(110) Concurrent Select Relocation Set 4.254ms
[50.104s][info][gc,phases   ] GC(110) Pause Relocate Start 0.013ms
[50.117s][info][gc,stats    ] === Garbage Collection Statistics =======================================================================================================================
[50.122s][info][gc,stats    ]                                                              Last 10s              Last 10m              Last 10h                Total
[50.122s][info][gc,stats    ]                                                              Avg / Max             Avg / Max             Avg / Max             Avg / Max
[50.122s][info][gc,stats    ]   Collector: Garbage Collection Cycle                     87.039 / 141.889      91.355 / 235.178      91.355 / 235.178      91.355 / 235.178     ms
[50.122s][info][gc,stats    ]  Contention: Mark Segment Reset Contention                     3 / 8                 2 / 51                2 / 51                2 / 51          ops/s
[50.122s][info][gc,stats    ]  Contention: Mark SeqNum Reset Contention                      0 / 2                 0 / 2                 0 / 2                 0 / 2           ops/s
[50.122s][info][gc,stats    ]    Critical: Allocation Stall                                  3 / 8                 1 / 8                 1 / 8                 1 / 8           ops/s
[50.122s][info][gc,stats    ]    Critical: Allocation Stall                             45.758 / 71.075       44.384 / 86.599       44.384 / 86.599       44.384 / 86.599      ms
[50.122s][info][gc,stats    ]    Critical: GC Locker Stall                                   0 / 1                 0 / 1                 0 / 1                 0 / 1           ops/s
[50.122s][info][gc,stats    ]    Critical: GC Locker Stall                               0.018 / 0.036         0.024 / 0.041         0.024 / 0.041         0.024 / 0.041       ms
[50.122s][info][gc,stats    ]    Critical: Relocation Stall                                  0 / 0                 0 / 0                 0 / 0                 0 / 0           ops/s
[50.122s][info][gc,stats    ]    Critical: Relocation Stall                              0.000 / 0.000         0.000 / 0.000         0.000 / 0.000         0.000 / 0.000       ms
[50.122s][info][gc,stats    ]      Memory: Allocation Rate                                1968 / 2754           1254 / 3030           1254 / 3030           1254 / 3030        MB/s
[50.122s][info][gc,stats    ]      Memory: Defragment                                       67 / 128              28 / 138              28 / 138              28 / 138         ops/s
[50.122s][info][gc,stats    ]      Memory: Out Of Memory                                     0 / 0                 0 / 0                 0 / 0                 0 / 0           ops/s
[50.122s][info][gc,stats    ]      Memory: Page Cache Flush                                284 / 434             139 / 434             139 / 434             139 / 434         MB/s
[50.122s][info][gc,stats    ]      Memory: Page Cache Hit L1                               683 / 995             433 / 1168            433 / 1168            433 / 1168        ops/s
[50.122s][info][gc,stats    ]      Memory: Page Cache Hit L2                                 0 / 0                 0 / 0                 0 / 0                 0 / 0           ops/s
[50.122s][info][gc,stats    ]      Memory: Page Cache Hit L3                                59 / 106              46 / 265              46 / 265              46 / 265         ops/s
[50.122s][info][gc,stats    ]      Memory: Page Cache Miss                                   8 / 22                4 / 23                4 / 23                4 / 23          ops/s
[50.122s][info][gc,stats    ]      Memory: Uncommit                                          0 / 0                 0 / 0                 0 / 0                 0 / 0           MB/s
[50.122s][info][gc,stats    ]      Memory: Undo Object Allocation Failed                     0 / 3                 0 / 3                 0 / 3                 0 / 3           ops/s
[50.122s][info][gc,stats    ]      Memory: Undo Object Allocation Succeeded                303 / 2789            125 / 2789            125 / 2789            125 / 2789        ops/s
[50.122s][info][gc,stats    ]      Memory: Undo Page Allocation                              5 / 12                2 / 12                2 / 12                2 / 12          ops/s
[50.122s][info][gc,stats    ]       Phase: Concurrent Mark                              54.052 / 78.482       58.495 / 160.845      58.495 / 160.845      58.495 / 160.845     ms
[50.122s][info][gc,stats    ]       Phase: Concurrent Mark Continue                      0.000 / 0.000         0.000 / 0.000         0.000 / 0.000         0.000 / 0.000       ms
[50.122s][info][gc,stats    ]       Phase: Concurrent Mark Free                          0.002 / 0.003         0.001 / 0.005         0.001 / 0.005         0.001 / 0.005       ms
[50.122s][info][gc,stats    ]       Phase: Concurrent Process Non-Strong References     23.236 / 37.881       21.110 / 63.816       21.110 / 63.816       21.110 / 63.816      ms
[50.122s][info][gc,stats    ]       Phase: Concurrent Relocate                           6.716 / 26.479        8.006 / 78.506        8.006 / 78.506        8.006 / 78.506      ms
[50.122s][info][gc,stats    ]       Phase: Concurrent Reset Relocation Set               0.006 / 0.015         0.006 / 0.023         0.006 / 0.023         0.006 / 0.023       ms
[50.122s][info][gc,stats    ]       Phase: Concurrent Select Relocation Set              2.568 / 5.780         2.541 / 6.265         2.541 / 6.265         2.541 / 6.265       ms
[50.122s][info][gc,stats    ]       Phase: Pause Mark End                                0.045 / 0.141         0.045 / 0.207         0.045 / 0.207         0.045 / 0.207       ms
[50.122s][info][gc,stats    ]       Phase: Pause Mark Start                              0.015 / 0.050         0.014 / 0.072         0.014 / 0.072         0.014 / 0.072       ms
[50.122s][info][gc,stats    ]       Phase: Pause Relocate Start                          0.010 / 0.022         0.010 / 0.022         0.010 / 0.022         0.010 / 0.022       ms
[50.122s][info][gc,stats    ]    Subphase: Concurrent Classes Purge                      0.119 / 0.465         0.213 / 2.002         0.213 / 2.002         0.213 / 2.002       ms
[50.122s][info][gc,stats    ]    Subphase: Concurrent Classes Unlink                    21.229 / 34.793       17.910 / 34.793       17.910 / 34.793       17.910 / 34.793      ms
[50.122s][info][gc,stats    ]    Subphase: Concurrent Mark                              45.548 / 72.912       48.857 / 147.243      48.857 / 147.243      48.857 / 147.243     ms
[50.122s][info][gc,stats    ]    Subphase: Concurrent Mark Try Flush                     0.190 / 3.691         0.956 / 29.293        0.956 / 29.293        0.956 / 29.293      ms
[50.122s][info][gc,stats    ]    Subphase: Concurrent Mark Try Terminate                 2.732 / 16.117        3.785 / 22.417        3.785 / 22.417        3.785 / 22.417      ms
[50.122s][info][gc,stats    ]    Subphase: Concurrent References Enqueue                 0.005 / 0.011         0.006 / 0.016         0.006 / 0.016         0.006 / 0.016       ms
[50.122s][info][gc,stats    ]    Subphase: Concurrent References Process                 0.537 / 0.817         0.435 / 0.937         0.435 / 0.937         0.435 / 0.937       ms
[50.122s][info][gc,stats    ]    Subphase: Concurrent Roots ClassLoaderDataGraph         0.198 / 0.431         0.195 / 0.472         0.195 / 0.472         0.195 / 0.472       ms
[50.122s][info][gc,stats    ]    Subphase: Concurrent Roots CodeCache                    0.000 / 0.000         0.000 / 0.000         0.000 / 0.000         0.000 / 0.000       ms
[50.122s][info][gc,stats    ]    Subphase: Concurrent Roots JavaThreads                  4.667 / 7.085         5.104 / 13.179        5.104 / 13.179        5.104 / 13.179      ms
[50.122s][info][gc,stats    ]    Subphase: Concurrent Roots OopStorageSet                0.064 / 0.210         0.063 / 0.210         0.063 / 0.210         0.063 / 0.210       ms
[50.122s][info][gc,stats    ]    Subphase: Concurrent Weak Roots OopStorageSet           0.954 / 1.686         1.014 / 2.044         1.014 / 2.044         1.014 / 2.044       ms
[50.122s][info][gc,stats    ]    Subphase: Pause Mark Try Complete                       0.018 / 0.069         0.015 / 0.138         0.015 / 0.138         0.015 / 0.138       ms
[50.122s][info][gc,stats    ]      System: Java Threads                                    285 / 286             249 / 286             249 / 286             249 / 286         threads
[50.122s][info][gc,stats    ] =========================================================================================================================================================
[50.130s][info][gc,phases   ] GC(110) Concurrent Relocate 25.923ms
[50.130s][info][gc,load     ] GC(110) Load: 0.00/0.00/0.00
[50.130s][info][gc,mmu      ] GC(110) MMU: 2ms/89.6%, 5ms/95.9%, 10ms/97.9%, 20ms/99.0%, 50ms/99.6%, 100ms/99.8%
[50.130s][info][gc,marking  ] GC(110) Mark: 2 stripe(s), 2 proactive flush(es), 1 terminate flush(es), 0 completion(s), 0 continuation(s) 
[50.130s][info][gc,marking  ] GC(110) Mark Stack Usage: 32M
[50.130s][info][gc,nmethod  ] GC(110) NMethods: 17431 registered, 2656 unregistered
[50.130s][info][gc,metaspace] GC(110) Metaspace: 153M used, 155M committed, 1216M reserved
[50.130s][info][gc,ref      ] GC(110) Soft: 3551 encountered, 0 discovered, 0 enqueued
[50.130s][info][gc,ref      ] GC(110) Weak: 15456 encountered, 4921 discovered, 229 enqueued
[50.130s][info][gc,ref      ] GC(110) Final: 52 encountered, 0 discovered, 0 enqueued
[50.130s][info][gc,ref      ] GC(110) Phantom: 600 encountered, 373 discovered, 0 enqueued
[50.130s][info][gc,reloc    ] GC(110) Small Pages: 806 / 1612M, Empty: 1212M, Relocated: 6M, In-Place: 0
[50.130s][info][gc,reloc    ] GC(110) Medium Pages: 9 / 288M, Empty: 0M, Relocated: 45M, In-Place: 0
[50.130s][info][gc,reloc    ] GC(110) Large Pages: 6 / 36M, Empty: 36M, Relocated: 0M, In-Place: 0
[50.130s][info][gc,reloc    ] GC(110) Forwarding Usage: 1M
[50.130s][info][gc,heap     ] GC(110) Min Capacity: 2048M(100%)
[50.130s][info][gc,heap     ] GC(110) Max Capacity: 2048M(100%)
[50.130s][info][gc,heap     ] GC(110) Soft Max Capacity: 2048M(100%)
[50.130s][info][gc,heap     ] GC(110)                Mark Start          Mark End        Relocate Start      Relocate End           High               Low         
[50.130s][info][gc,heap     ] GC(110)  Capacity:     2048M (100%)       2048M (100%)       2048M (100%)       2048M (100%)       2048M (100%)       2048M (100%)   
[50.130s][info][gc,heap     ] GC(110)      Free:      112M (5%)            0M (0%)         1220M (60%)        1570M (77%)        1582M (77%)           0M (0%)     
[50.130s][info][gc,heap     ] GC(110)      Used:     1936M (95%)        2048M (100%)        828M (40%)         478M (23%)        2048M (100%)        466M (23%)    
[50.130s][info][gc,heap     ] GC(110)      Live:         -               179M (9%)          179M (9%)          179M (9%)             -                  -          
[50.130s][info][gc,heap     ] GC(110) Allocated:         -               112M (5%)          140M (7%)          260M (13%)            -                  -          
[50.130s][info][gc,heap     ] GC(110)   Garbage:         -              1756M (86%)         508M (25%)          37M (2%)             -                  -          
[50.130s][info][gc,heap     ] GC(110) Reclaimed:         -                  -              1248M (61%)        1718M (84%)            -                  -          
[50.130s][info][gc          ] GC(110) Garbage Collection (Allocation Rate) 1936M(95%)->478M(23%)
[50.201s][info][gc,start    ] GC(111) Garbage Collection (Allocation Stall)
[50.201s][info][gc,ref      ] GC(111) Clearing All SoftReferences
[50.201s][info][gc,task     ] GC(111) Using 2 workers
[50.201s][info][gc,ref      ] GC(111) Clearing All SoftReferences
[50.201s][info][gc,phases   ] GC(111) Pause Mark Start 0.041ms
[50.257s][info][gc,phases   ] GC(111) Concurrent Mark 55.122ms
[50.257s][info][gc,phases   ] GC(111) Pause Mark End 0.108ms
[50.257s][info][gc,phases   ] GC(111) Concurrent Mark Free 0.001ms
[50.291s][info][gc,phases   ] GC(111) Concurrent Process Non-Strong References 33.994ms
[50.291s][info][gc,phases   ] GC(111) Concurrent Reset Relocation Set 0.012ms
[50.293s][info][gc,phases   ] GC(111) Concurrent Select Relocation Set 2.161ms
[50.293s][info][gc,phases   ] GC(111) Pause Relocate Start 0.010ms
[50.302s][info][gc,phases   ] GC(111) Concurrent Relocate 8.766ms
[50.302s][info][gc,load     ] GC(111) Load: 0.00/0.00/0.00
[50.302s][info][gc,mmu      ] GC(111) MMU: 2ms/89.6%, 5ms/95.9%, 10ms/97.9%, 20ms/99.0%, 50ms/99.6%, 100ms/99.8%
[50.302s][info][gc,marking  ] GC(111) Mark: 2 stripe(s), 3 proactive flush(es), 1 terminate flush(es), 1 completion(s), 0 continuation(s) 
[50.302s][info][gc,marking  ] GC(111) Mark Stack Usage: 32M
[50.302s][info][gc,nmethod  ] GC(111) NMethods: 17430 registered, 2662 unregistered
[50.302s][info][gc,metaspace] GC(111) Metaspace: 153M used, 155M committed, 1216M reserved
[50.302s][info][gc,ref      ] GC(111) Soft: 3503 encountered, 2988 discovered, 228 enqueued
[50.302s][info][gc,ref      ] GC(111) Weak: 15342 encountered, 5549 discovered, 195 enqueued
[50.302s][info][gc,ref      ] GC(111) Final: 52 encountered, 0 discovered, 0 enqueued
[50.302s][info][gc,ref      ] GC(111) Phantom: 600 encountered, 381 discovered, 0 enqueued
[50.302s][info][gc,reloc    ] GC(111) Small Pages: 181 / 362M, Empty: 170M, Relocated: 6M, In-Place: 0
[50.302s][info][gc,reloc    ] GC(111) Medium Pages: 7 / 224M, Empty: 0M, Relocated: 43M, In-Place: 0
[50.302s][info][gc,reloc    ] GC(111) Large Pages: 3 / 18M, Empty: 18M, Relocated: 0M, In-Place: 0
[50.302s][info][gc,reloc    ] GC(111) Forwarding Usage: 1M
[50.302s][info][gc,heap     ] GC(111) Min Capacity: 2048M(100%)
[50.302s][info][gc,heap     ] GC(111) Max Capacity: 2048M(100%)
[50.302s][info][gc,heap     ] GC(111) Soft Max Capacity: 2048M(100%)
[50.302s][info][gc,heap     ] GC(111)                Mark Start          Mark End        Relocate Start      Relocate End           High               Low         
[50.302s][info][gc,heap     ] GC(111)  Capacity:     2048M (100%)       2048M (100%)       2048M (100%)       2048M (100%)       2048M (100%)       2048M (100%)   
[50.302s][info][gc,heap     ] GC(111)      Free:     1444M (71%)        1374M (67%)        1538M (75%)        1720M (84%)        1720M (84%)        1354M (66%)    
[50.303s][info][gc,heap     ] GC(111)      Used:      604M (29%)         674M (33%)         510M (25%)         328M (16%)         694M (34%)         328M (16%)    
[50.303s][info][gc,heap     ] GC(111)      Live:         -               192M (9%)          192M (9%)          192M (9%)             -                  -          
[50.303s][info][gc,heap     ] GC(111) Allocated:         -                70M (3%)           94M (5%)           95M (5%)             -                  -          
[50.303s][info][gc,heap     ] GC(111)   Garbage:         -               411M (20%)         223M (11%)          39M (2%)             -                  -          
[50.303s][info][gc,heap     ] GC(111) Reclaimed:         -                  -               188M (9%)          371M (18%)            -                  -          
[50.303s][info][gc          ] GC(111) Garbage Collection (Allocation Stall) 604M(29%)->328M(16%)
[50.305s][info][gc,start    ] GC(112) Garbage Collection (Allocation Rate)
[50.305s][info][gc,task     ] GC(112) Using 2 workers
[50.305s][info][gc,phases   ] GC(112) Pause Mark Start 0.012ms
[50.367s][info][gc,phases   ] GC(112) Concurrent Mark 61.687ms
[50.367s][info][gc,phases   ] GC(112) Pause Mark End 0.069ms
[50.367s][info][gc,phases   ] GC(112) Concurrent Mark Free 0.001ms
[50.399s][info][gc,phases   ] GC(112) Concurrent Process Non-Strong References 31.642ms
[50.399s][info][gc,phases   ] GC(112) Concurrent Reset Relocation Set 0.005ms
[50.401s][info][gc,phases   ] GC(112) Concurrent Select Relocation Set 2.326ms
[50.401s][info][gc,phases   ] GC(112) Pause Relocate Start 0.011ms
[50.403s][info][gc,phases   ] GC(112) Concurrent Relocate 1.235ms
[50.403s][info][gc,load     ] GC(112) Load: 0.00/0.00/0.00
[50.403s][info][gc,mmu      ] GC(112) MMU: 2ms/89.6%, 5ms/95.9%, 10ms/97.9%, 20ms/99.0%, 50ms/99.6%, 100ms/99.8%
[50.403s][info][gc,marking  ] GC(112) Mark: 2 stripe(s), 2 proactive flush(es), 1 terminate flush(es), 1 completion(s), 0 continuation(s) 
[50.403s][info][gc,marking  ] GC(112) Mark Stack Usage: 32M
[50.403s][info][gc,nmethod  ] GC(112) NMethods: 17428 registered, 2665 unregistered
[50.403s][info][gc,metaspace] GC(112) Metaspace: 153M used, 155M committed, 1216M reserved
[50.403s][info][gc,ref      ] GC(112) Soft: 3264 encountered, 0 discovered, 0 enqueued
[50.403s][info][gc,ref      ] GC(112) Weak: 15003 encountered, 5577 discovered, 153 enqueued
[50.403s][info][gc,ref      ] GC(112) Final: 52 encountered, 0 discovered, 0 enqueued
[50.403s][info][gc,ref      ] GC(112) Phantom: 600 encountered, 348 discovered, 0 enqueued
[50.403s][info][gc,reloc    ] GC(112) Small Pages: 56 / 112M, Empty: 0M, Relocated: 1M, In-Place: 0
[50.403s][info][gc,reloc    ] GC(112) Medium Pages: 6 / 192M, Empty: 32M, Relocated: 0M, In-Place: 0
[50.403s][info][gc,reloc    ] GC(112) Large Pages: 4 / 24M, Empty: 24M, Relocated: 0M, In-Place: 0
[50.403s][info][gc,reloc    ] GC(112) Forwarding Usage: 0M
[50.403s][info][gc,heap     ] GC(112) Min Capacity: 2048M(100%)
[50.403s][info][gc,heap     ] GC(112) Max Capacity: 2048M(100%)
[50.403s][info][gc,heap     ] GC(112) Soft Max Capacity: 2048M(100%)
[50.403s][info][gc,heap     ] GC(112)                Mark Start          Mark End        Relocate Start      Relocate End           High               Low         
[50.403s][info][gc,heap     ] GC(112)  Capacity:     2048M (100%)       2048M (100%)       2048M (100%)       2048M (100%)       2048M (100%)       2048M (100%)   
[50.403s][info][gc,heap     ] GC(112)      Free:     1720M (84%)        1638M (80%)        1664M (81%)        1704M (83%)        1720M (84%)        1608M (79%)    
[50.403s][info][gc,heap     ] GC(112)      Used:      328M (16%)         410M (20%)         384M (19%)         344M (17%)         440M (21%)         328M (16%)    
[50.403s][info][gc,heap     ] GC(112)      Live:         -               191M (9%)          191M (9%)          191M (9%)             -                  -          
[50.403s][info][gc,heap     ] GC(112) Allocated:         -                82M (4%)          112M (5%)          111M (5%)             -                  -          
[50.403s][info][gc,heap     ] GC(112)   Garbage:         -               136M (7%)           80M (4%)           40M (2%)             -                  -          
[50.403s][info][gc,heap     ] GC(112) Reclaimed:         -                  -                56M (3%)           95M (5%)             -                  -          
[50.403s][info][gc          ] GC(112) Garbage Collection (Allocation Rate) 328M(16%)->344M(17%)
[50.407s][info][gc,start    ] GC(113) Garbage Collection (Allocation Rate)
[50.407s][info][gc,task     ] GC(113) Using 2 workers
[50.407s][info][gc,phases   ] GC(113) Pause Mark Start 0.009ms
[50.457s][info][gc,phases   ] GC(113) Concurrent Mark 50.148ms
[50.457s][info][gc,phases   ] GC(113) Pause Mark End 0.131ms
[50.457s][info][gc,phases   ] GC(113) Concurrent Mark Free 0.001ms
[50.476s][info][gc,phases   ] GC(113) Concurrent Process Non-Strong References 18.967ms
[50.477s][info][gc,phases   ] GC(113) Concurrent Reset Relocation Set 0.005ms
[50.479s][info][gc,phases   ] GC(113) Concurrent Select Relocation Set 2.229ms
[50.479s][info][gc,phases   ] GC(113) Pause Relocate Start 0.011ms
[50.481s][info][gc,phases   ] GC(113) Concurrent Relocate 1.538ms
[50.481s][info][gc,load     ] GC(113) Load: 0.00/0.00/0.00
[50.481s][info][gc,mmu      ] GC(113) MMU: 2ms/89.6%, 5ms/95.9%, 10ms/97.9%, 20ms/99.0%, 50ms/99.6%, 100ms/99.8%
[50.481s][info][gc,marking  ] GC(113) Mark: 2 stripe(s), 2 proactive flush(es), 1 terminate flush(es), 1 completion(s), 0 continuation(s) 
[50.481s][info][gc,marking  ] GC(113) Mark Stack Usage: 32M
[50.481s][info][gc,nmethod  ] GC(113) NMethods: 17427 registered, 2666 unregistered
[50.481s][info][gc,metaspace] GC(113) Metaspace: 153M used, 155M committed, 1216M reserved
[50.481s][info][gc,ref      ] GC(113) Soft: 3287 encountered, 0 discovered, 0 enqueued
[50.481s][info][gc,ref      ] GC(113) Weak: 15316 encountered, 5397 discovered, 300 enqueued
[50.481s][info][gc,ref      ] GC(113) Final: 52 encountered, 0 discovered, 0 enqueued
[50.481s][info][gc,ref      ] GC(113) Phantom: 600 encountered, 378 discovered, 0 enqueued
[50.481s][info][gc,reloc    ] GC(113) Small Pages: 64 / 128M, Empty: 0M, Relocated: 3M, In-Place: 0
[50.481s][info][gc,reloc    ] GC(113) Medium Pages: 6 / 192M, Empty: 32M, Relocated: 0M, In-Place: 0
[50.481s][info][gc,reloc    ] GC(113) Large Pages: 5 / 30M, Empty: 30M, Relocated: 0M, In-Place: 0
[50.481s][info][gc,reloc    ] GC(113) Forwarding Usage: 0M
[50.481s][info][gc,heap     ] GC(113) Min Capacity: 2048M(100%)
[50.481s][info][gc,heap     ] GC(113) Max Capacity: 2048M(100%)
[50.481s][info][gc,heap     ] GC(113) Soft Max Capacity: 2048M(100%)
[50.481s][info][gc,heap     ] GC(113)                Mark Start          Mark End        Relocate Start      Relocate End           High               Low         
[50.481s][info][gc,heap     ] GC(113)  Capacity:     2048M (100%)       2048M (100%)       2048M (100%)       2048M (100%)       2048M (100%)       2048M (100%)   
[50.481s][info][gc,heap     ] GC(113)      Free:     1698M (83%)        1626M (79%)        1658M (81%)        1716M (84%)        1716M (84%)        1600M (78%)    
[50.481s][info][gc,heap     ] GC(113)      Used:      350M (17%)         422M (21%)         390M (19%)         332M (16%)         448M (22%)         332M (16%)    
[50.481s][info][gc,heap     ] GC(113)      Live:         -               192M (9%)          192M (9%)          192M (9%)             -                  -          
[50.481s][info][gc,heap     ] GC(113) Allocated:         -                72M (4%)          102M (5%)          101M (5%)             -                  -          
[50.481s][info][gc,heap     ] GC(113)   Garbage:         -               157M (8%)           95M (5%)           37M (2%)             -                  -          
[50.481s][info][gc,heap     ] GC(113) Reclaimed:         -                  -                62M (3%)          119M (6%)             -                  -          
[50.481s][info][gc          ] GC(113) Garbage Collection (Allocation Rate) 350M(17%)->332M(16%)
[50.504s][info][gc,start    ] GC(114) Garbage Collection (Allocation Rate)
[50.504s][info][gc,task     ] GC(114) Using 2 workers
[50.504s][info][gc,phases   ] GC(114) Pause Mark Start 0.008ms
[50.557s][info][gc,phases   ] GC(114) Concurrent Mark 52.535ms
[50.557s][info][gc,phases   ] GC(114) Pause Mark End 0.029ms
[50.557s][info][gc,phases   ] GC(114) Concurrent Mark Free 0.001ms
[50.574s][info][gc,phases   ] GC(114) Concurrent Process Non-Strong References 16.396ms
[50.574s][info][gc,phases   ] GC(114) Concurrent Reset Relocation Set 0.003ms
[50.575s][info][gc,phases   ] GC(114) Concurrent Select Relocation Set 1.663ms
[50.575s][info][gc,phases   ] GC(114) Pause Relocate Start 0.008ms
[50.576s][info][gc,phases   ] GC(114) Concurrent Relocate 0.924ms
[50.576s][info][gc,load     ] GC(114) Load: 0.00/0.00/0.00
[50.576s][info][gc,mmu      ] GC(114) MMU: 2ms/89.6%, 5ms/95.9%, 10ms/97.9%, 20ms/99.0%, 50ms/99.6%, 100ms/99.8%
[50.577s][info][gc,marking  ] GC(114) Mark: 2 stripe(s), 2 proactive flush(es), 1 terminate flush(es), 0 completion(s), 0 continuation(s) 
[50.577s][info][gc,marking  ] GC(114) Mark Stack Usage: 32M
[50.577s][info][gc,nmethod  ] GC(114) NMethods: 17432 registered, 2666 unregistered
[50.577s][info][gc,metaspace] GC(114) Metaspace: 153M used, 155M committed, 1216M reserved
[50.577s][info][gc,ref      ] GC(114) Soft: 3277 encountered, 0 discovered, 0 enqueued
[50.577s][info][gc,ref      ] GC(114) Weak: 15228 encountered, 4765 discovered, 150 enqueued
[50.577s][info][gc,ref      ] GC(114) Final: 52 encountered, 0 discovered, 0 enqueued
[50.577s][info][gc,ref      ] GC(114) Phantom: 600 encountered, 373 discovered, 0 enqueued
[50.577s][info][gc,reloc    ] GC(114) Small Pages: 59 / 118M, Empty: 0M, Relocated: 1M, In-Place: 0
[50.577s][info][gc,reloc    ] GC(114) Medium Pages: 6 / 192M, Empty: 32M, Relocated: 0M, In-Place: 0
[50.577s][info][gc,reloc    ] GC(114) Large Pages: 4 / 24M, Empty: 24M, Relocated: 0M, In-Place: 0
[50.577s][info][gc,reloc    ] GC(114) Forwarding Usage: 0M
[50.577s][info][gc,heap     ] GC(114) Min Capacity: 2048M(100%)
[50.577s][info][gc,heap     ] GC(114) Max Capacity: 2048M(100%)
[50.577s][info][gc,heap     ] GC(114) Soft Max Capacity: 2048M(100%)
[50.577s][info][gc,heap     ] GC(114)                Mark Start          Mark End        Relocate Start      Relocate End           High               Low         
[50.577s][info][gc,heap     ] GC(114)  Capacity:     2048M (100%)       2048M (100%)       2048M (100%)       2048M (100%)       2048M (100%)       2048M (100%)   
[50.577s][info][gc,heap     ] GC(114)      Free:     1714M (84%)        1632M (80%)        1668M (81%)        1712M (84%)        1714M (84%)        1612M (79%)    
[50.577s][info][gc,heap     ] GC(114)      Used:      334M (16%)         416M (20%)         380M (19%)         336M (16%)         436M (21%)         334M (16%)    
[50.577s][info][gc,heap     ] GC(114)      Live:         -               191M (9%)          191M (9%)          191M (9%)             -                  -          
[50.577s][info][gc,heap     ] GC(114) Allocated:         -                82M (4%)          102M (5%)          103M (5%)             -                  -          
[50.577s][info][gc,heap     ] GC(114)   Garbage:         -               142M (7%)           86M (4%)           40M (2%)             -                  -          
[50.577s][info][gc,heap     ] GC(114) Reclaimed:         -                  -                56M (3%)          101M (5%)             -                  -          
[50.577s][info][gc          ] GC(114) Garbage Collection (Allocation Rate) 334M(16%)->336M(16%)
[51.221s][info][gc,start    ] GC(115) Garbage Collection (Allocation Rate)
[51.221s][info][gc,task     ] GC(115) Using 2 workers
[51.221s][info][gc,phases   ] GC(115) Pause Mark Start 0.011ms
[51.288s][info][gc,phases   ] GC(115) Concurrent Mark 66.600ms
[51.288s][info][gc,phases   ] GC(115) Pause Mark End 0.068ms
[51.288s][info][gc,phases   ] GC(115) Concurrent Mark Free 0.001ms
[51.305s][info][gc,phases   ] GC(115) Concurrent Process Non-Strong References 16.968ms
[51.305s][info][gc,phases   ] GC(115) Concurrent Reset Relocation Set 0.002ms
[51.308s][info][gc,phases   ] GC(115) Concurrent Select Relocation Set 2.150ms
[51.308s][info][gc,phases   ] GC(115) Pause Relocate Start 0.008ms
[51.311s][info][gc,phases   ] GC(115) Concurrent Relocate 3.554ms
[51.311s][info][gc,load     ] GC(115) Load: 0.00/0.00/0.00
[51.311s][info][gc,mmu      ] GC(115) MMU: 2ms/89.6%, 5ms/95.9%, 10ms/97.9%, 20ms/99.0%, 50ms/99.6%, 100ms/99.8%
[51.311s][info][gc,marking  ] GC(115) Mark: 2 stripe(s), 2 proactive flush(es), 1 terminate flush(es), 1 completion(s), 0 continuation(s) 
[51.311s][info][gc,marking  ] GC(115) Mark Stack Usage: 32M
[51.311s][info][gc,nmethod  ] GC(115) NMethods: 17511 registered, 2687 unregistered
[51.311s][info][gc,metaspace] GC(115) Metaspace: 153M used, 155M committed, 1216M reserved
[51.311s][info][gc,ref      ] GC(115) Soft: 3277 encountered, 0 discovered, 0 enqueued
[51.311s][info][gc,ref      ] GC(115) Weak: 17001 encountered, 8363 discovered, 1888 enqueued
[51.311s][info][gc,ref      ] GC(115) Final: 52 encountered, 0 discovered, 0 enqueued
[51.311s][info][gc,ref      ] GC(115) Phantom: 600 encountered, 372 discovered, 0 enqueued
[51.311s][info][gc,reloc    ] GC(115) Small Pages: 190 / 380M, Empty: 8M, Relocated: 6M, In-Place: 0
[51.311s][info][gc,reloc    ] GC(115) Medium Pages: 9 / 288M, Empty: 128M, Relocated: 0M, In-Place: 0
[51.311s][info][gc,reloc    ] GC(115) Large Pages: 39 / 234M, Empty: 234M, Relocated: 0M, In-Place: 0
[51.311s][info][gc,reloc    ] GC(115) Forwarding Usage: 1M
[51.312s][info][gc,heap     ] GC(115) Min Capacity: 2048M(100%)
[51.312s][info][gc,heap     ] GC(115) Max Capacity: 2048M(100%)
[51.312s][info][gc,heap     ] GC(115) Soft Max Capacity: 2048M(100%)
[51.312s][info][gc,heap     ] GC(115)                Mark Start          Mark End        Relocate Start      Relocate End           High               Low         
[51.312s][info][gc,heap     ] GC(115)  Capacity:     2048M (100%)       2048M (100%)       2048M (100%)       2048M (100%)       2048M (100%)       2048M (100%)   
[51.312s][info][gc,heap     ] GC(115)      Free:     1146M (56%)        1062M (52%)        1418M (69%)        1708M (83%)        1710M (83%)        1048M (51%)    
[51.312s][info][gc,heap     ] GC(115)      Used:      902M (44%)         986M (48%)         630M (31%)         340M (17%)        1000M (49%)         338M (17%)    
[51.312s][info][gc,heap     ] GC(115)      Live:         -               193M (9%)          193M (9%)          193M (9%)             -                  -          
[51.312s][info][gc,heap     ] GC(115) Allocated:         -                84M (4%)           98M (5%)          105M (5%)             -                  -          
[51.312s][info][gc,heap     ] GC(115)   Garbage:         -               708M (35%)         338M (17%)          40M (2%)             -                  -          
[51.312s][info][gc,heap     ] GC(115) Reclaimed:         -                  -               370M (18%)         667M (33%)            -                  -          
[51.312s][info][gc          ] GC(115) Garbage Collection (Allocation Rate) 902M(44%)->340M(17%)
[51.485s][info][gc,start    ] GC(116) Garbage Collection (System.gc())
[51.485s][info][gc,task     ] GC(116) Using 2 workers
[51.485s][info][gc,phases   ] GC(116) Pause Mark Start 0.010ms
[51.531s][info][gc,phases   ] GC(116) Concurrent Mark 45.880ms
[51.531s][info][gc,phases   ] GC(116) Pause Mark End 0.029ms
[51.531s][info][gc,phases   ] GC(116) Concurrent Mark Free 0.001ms
[51.548s][info][gc,phases   ] GC(116) Concurrent Process Non-Strong References 16.345ms
[51.548s][info][gc,phases   ] GC(116) Concurrent Reset Relocation Set 0.007ms
[51.550s][info][gc,phases   ] GC(116) Concurrent Select Relocation Set 2.068ms
[51.550s][info][gc,phases   ] GC(116) Pause Relocate Start 0.011ms
[51.553s][info][gc,phases   ] GC(116) Concurrent Relocate 3.167ms
[51.553s][info][gc,load     ] GC(116) Load: 0.00/0.00/0.00
[51.553s][info][gc,mmu      ] GC(116) MMU: 2ms/89.6%, 5ms/95.9%, 10ms/97.9%, 20ms/99.0%, 50ms/99.6%, 100ms/99.8%
[51.553s][info][gc,marking  ] GC(116) Mark: 2 stripe(s), 1 proactive flush(es), 1 terminate flush(es), 0 completion(s), 0 continuation(s) 
[51.553s][info][gc,marking  ] GC(116) Mark Stack Usage: 32M
[51.553s][info][gc,nmethod  ] GC(116) NMethods: 17562 registered, 2702 unregistered
[51.553s][info][gc,metaspace] GC(116) Metaspace: 153M used, 155M committed, 1216M reserved
[51.553s][info][gc,ref      ] GC(116) Soft: 3493 encountered, 0 discovered, 0 enqueued
[51.553s][info][gc,ref      ] GC(116) Weak: 15931 encountered, 5997 discovered, 843 enqueued
[51.553s][info][gc,ref      ] GC(116) Final: 52 encountered, 0 discovered, 0 enqueued
[51.553s][info][gc,ref      ] GC(116) Phantom: 600 encountered, 356 discovered, 0 enqueued
[51.553s][info][gc,reloc    ] GC(116) Small Pages: 108 / 216M, Empty: 2M, Relocated: 5M, In-Place: 0
[51.553s][info][gc,reloc    ] GC(116) Medium Pages: 6 / 192M, Empty: 96M, Relocated: 0M, In-Place: 0
[51.553s][info][gc,reloc    ] GC(116) Large Pages: 9 / 54M, Empty: 54M, Relocated: 0M, In-Place: 0
[51.553s][info][gc,reloc    ] GC(116) Forwarding Usage: 1M
[51.553s][info][gc,heap     ] GC(116) Min Capacity: 2048M(100%)
[51.553s][info][gc,heap     ] GC(116) Max Capacity: 2048M(100%)
[51.553s][info][gc,heap     ] GC(116) Soft Max Capacity: 2048M(100%)
[51.553s][info][gc,heap     ] GC(116)                Mark Start          Mark End        Relocate Start      Relocate End           High               Low         
[51.554s][info][gc,heap     ] GC(116)  Capacity:     2048M (100%)       2048M (100%)       2048M (100%)       2048M (100%)       2048M (100%)       2048M (100%)   
[51.554s][info][gc,heap     ] GC(116)      Free:     1586M (77%)        1586M (77%)        1726M (84%)        1860M (91%)        1864M (91%)        1574M (77%)    
[51.554s][info][gc,heap     ] GC(116)      Used:      462M (23%)         462M (23%)         322M (16%)         188M (9%)          474M (23%)         184M (9%)     
[51.554s][info][gc,heap     ] GC(116)      Live:         -               129M (6%)          129M (6%)          129M (6%)             -                  -          
[51.554s][info][gc,heap     ] GC(116) Allocated:         -                 0M (0%)           12M (1%)           21M (1%)             -                  -          
[51.554s][info][gc,heap     ] GC(116)   Garbage:         -               332M (16%)         180M (9%)           36M (2%)             -                  -          
[51.554s][info][gc,heap     ] GC(116) Reclaimed:         -                  -               152M (7%)          295M (14%)            -                  -          
[51.554s][info][gc          ] GC(116) Garbage Collection (System.gc()) 462M(23%)->188M(9%)
[51.806s][info][gc,start    ] GC(117) Garbage Collection (Allocation Rate)
[51.806s][info][gc,task     ] GC(117) Using 2 workers
[51.807s][info][gc,phases   ] GC(117) Pause Mark Start 0.011ms
[51.885s][info][gc,phases   ] GC(117) Concurrent Mark 78.161ms
[51.885s][info][gc,phases   ] GC(117) Pause Mark End 0.032ms
[51.885s][info][gc,phases   ] GC(117) Concurrent Mark Free 0.002ms
[51.926s][info][gc,phases   ] GC(117) Concurrent Process Non-Strong References 41.392ms
[51.927s][info][gc,phases   ] GC(117) Concurrent Reset Relocation Set 0.006ms
[51.927s][info][gc          ] Allocation Stall (Executor task launch worker for task 3.0 in stage 785.0 (TID 3145)) 8.501ms
[51.927s][info][gc          ] Allocation Stall (Executor task launch worker for task 1.0 in stage 785.0 (TID 3143)) 9.209ms
[51.927s][info][gc          ] Allocation Stall (Executor task launch worker for task 2.0 in stage 785.0 (TID 3144)) 9.200ms
[51.930s][info][gc,phases   ] GC(117) Concurrent Select Relocation Set 3.298ms
[51.930s][info][gc,phases   ] GC(117) Pause Relocate Start 0.010ms
[51.944s][info][gc,phases   ] GC(117) Concurrent Relocate 13.589ms
[51.944s][info][gc,load     ] GC(117) Load: 0.00/0.00/0.00
[51.944s][info][gc,mmu      ] GC(117) MMU: 2ms/89.6%, 5ms/95.9%, 10ms/97.9%, 20ms/99.0%, 50ms/99.6%, 100ms/99.8%
[51.944s][info][gc,marking  ] GC(117) Mark: 2 stripe(s), 2 proactive flush(es), 1 terminate flush(es), 0 completion(s), 0 continuation(s) 
[51.944s][info][gc,marking  ] GC(117) Mark Stack Usage: 32M
[51.944s][info][gc,nmethod  ] GC(117) NMethods: 17623 registered, 2715 unregistered
[51.944s][info][gc,metaspace] GC(117) Metaspace: 154M used, 155M committed, 1216M reserved
[51.944s][info][gc,ref      ] GC(117) Soft: 3561 encountered, 0 discovered, 0 enqueued
[51.944s][info][gc,ref      ] GC(117) Weak: 15448 encountered, 5185 discovered, 207 enqueued
[51.944s][info][gc,ref      ] GC(117) Final: 52 encountered, 0 discovered, 0 enqueued
[51.944s][info][gc,ref      ] GC(117) Phantom: 600 encountered, 380 discovered, 0 enqueued
[51.944s][info][gc,reloc    ] GC(117) Small Pages: 634 / 1268M, Empty: 944M, Relocated: 6M, In-Place: 0
[51.944s][info][gc,reloc    ] GC(117) Medium Pages: 6 / 192M, Empty: 0M, Relocated: 24M, In-Place: 0
[51.944s][info][gc,reloc    ] GC(117) Large Pages: 6 / 36M, Empty: 36M, Relocated: 0M, In-Place: 0
[51.944s][info][gc,reloc    ] GC(117) Forwarding Usage: 0M
[51.944s][info][gc,heap     ] GC(117) Min Capacity: 2048M(100%)
[51.944s][info][gc,heap     ] GC(117) Max Capacity: 2048M(100%)
[51.944s][info][gc,heap     ] GC(117) Soft Max Capacity: 2048M(100%)
[51.944s][info][gc,heap     ] GC(117)                Mark Start          Mark End        Relocate Start      Relocate End           High               Low         
[51.944s][info][gc,heap     ] GC(117)  Capacity:     2048M (100%)       2048M (100%)       2048M (100%)       2048M (100%)       2048M (100%)       2048M (100%)   
[51.944s][info][gc,heap     ] GC(117)      Free:      552M (27%)         112M (5%)          954M (47%)        1206M (59%)        1206M (59%)           0M (0%)     
[51.944s][info][gc,heap     ] GC(117)      Used:     1496M (73%)        1936M (95%)        1094M (53%)         842M (41%)        2048M (100%)        842M (41%)    
[51.944s][info][gc,heap     ] GC(117)      Live:         -               159M (8%)          159M (8%)          159M (8%)             -                  -          
[51.944s][info][gc,heap     ] GC(117) Allocated:         -               440M (21%)         578M (28%)         631M (31%)            -                  -          
[51.944s][info][gc,heap     ] GC(117)   Garbage:         -              1336M (65%)         356M (17%)          50M (2%)             -                  -          
[51.944s][info][gc,heap     ] GC(117) Reclaimed:         -                  -               980M (48%)        1285M (63%)            -                  -          
[51.944s][info][gc          ] GC(117) Garbage Collection (Allocation Rate) 1496M(73%)->842M(41%)
[52.005s][info][gc,start    ] GC(118) Garbage Collection (Allocation Stall)
[52.006s][info][gc,ref      ] GC(118) Clearing All SoftReferences
[52.006s][info][gc,task     ] GC(118) Using 2 workers
[52.006s][info][gc,ref      ] GC(118) Clearing All SoftReferences
[52.006s][info][gc,phases   ] GC(118) Pause Mark Start 0.069ms
[52.057s][info][gc,phases   ] GC(118) Concurrent Mark 51.048ms
[52.057s][info][gc,phases   ] GC(118) Pause Mark End 0.026ms
[52.057s][info][gc,phases   ] GC(118) Concurrent Mark Free 0.001ms
[52.089s][info][gc,phases   ] GC(118) Concurrent Process Non-Strong References 31.598ms
[52.089s][info][gc,phases   ] GC(118) Concurrent Reset Relocation Set 0.009ms
[52.091s][info][gc,phases   ] GC(118) Concurrent Select Relocation Set 2.235ms
[52.091s][info][gc,phases   ] GC(118) Pause Relocate Start 0.008ms
[52.110s][info][gc,phases   ] GC(118) Concurrent Relocate 18.297ms
[52.110s][info][gc,load     ] GC(118) Load: 0.00/0.00/0.00
[52.110s][info][gc,mmu      ] GC(118) MMU: 2ms/89.6%, 5ms/95.9%, 10ms/97.9%, 20ms/99.0%, 50ms/99.6%, 100ms/99.8%
[52.110s][info][gc,marking  ] GC(118) Mark: 2 stripe(s), 2 proactive flush(es), 1 terminate flush(es), 0 completion(s), 0 continuation(s) 
[52.110s][info][gc,marking  ] GC(118) Mark Stack Usage: 32M
[52.110s][info][gc,nmethod  ] GC(118) NMethods: 17627 registered, 2717 unregistered
[52.110s][info][gc,metaspace] GC(118) Metaspace: 153M used, 155M committed, 1216M reserved
[52.110s][info][gc,ref      ] GC(118) Soft: 3491 encountered, 2956 discovered, 230 enqueued
[52.110s][info][gc,ref      ] GC(118) Weak: 15258 encountered, 5415 discovered, 196 enqueued
[52.110s][info][gc,ref      ] GC(118) Final: 52 encountered, 0 discovered, 0 enqueued
[52.110s][info][gc,ref      ] GC(118) Phantom: 600 encountered, 368 discovered, 0 enqueued
[52.110s][info][gc,reloc    ] GC(118) Small Pages: 348 / 696M, Empty: 434M, Relocated: 3M, In-Place: 0
[52.110s][info][gc,reloc    ] GC(118) Medium Pages: 9 / 288M, Empty: 0M, Relocated: 54M, In-Place: 0
[52.110s][info][gc,reloc    ] GC(118) Large Pages: 2 / 12M, Empty: 12M, Relocated: 0M, In-Place: 0
[52.110s][info][gc,reloc    ] GC(118) Forwarding Usage: 0M
[52.110s][info][gc,heap     ] GC(118) Min Capacity: 2048M(100%)
[52.110s][info][gc,heap     ] GC(118) Max Capacity: 2048M(100%)
[52.110s][info][gc,heap     ] GC(118) Soft Max Capacity: 2048M(100%)
[52.110s][info][gc,heap     ] GC(118)                Mark Start          Mark End        Relocate Start      Relocate End           High               Low         
[52.110s][info][gc,heap     ] GC(118)  Capacity:     2048M (100%)       2048M (100%)       2048M (100%)       2048M (100%)       2048M (100%)       2048M (100%)   
[52.110s][info][gc,heap     ] GC(118)      Free:     1052M (51%)         982M (48%)        1400M (68%)        1710M (83%)        1710M (83%)         958M (47%)    
[52.110s][info][gc,heap     ] GC(118)      Used:      996M (49%)        1066M (52%)         648M (32%)         338M (17%)        1090M (53%)         338M (17%)    
[52.110s][info][gc,heap     ] GC(118)      Live:         -               191M (9%)          191M (9%)          191M (9%)             -                  -          
[52.110s][info][gc,heap     ] GC(118) Allocated:         -                70M (3%)           98M (5%)           96M (5%)             -                  -          
[52.110s][info][gc,heap     ] GC(118)   Garbage:         -               804M (39%)         358M (18%)          50M (2%)             -                  -          
[52.110s][info][gc,heap     ] GC(118) Reclaimed:         -                  -               446M (22%)         754M (37%)            -                  -          
[52.110s][info][gc          ] GC(118) Garbage Collection (Allocation Stall) 996M(49%)->338M(17%)
[52.126s][info][gc,start    ] GC(119) Garbage Collection (Allocation Rate)
[52.126s][info][gc,task     ] GC(119) Using 2 workers
[52.126s][info][gc,phases   ] GC(119) Pause Mark Start 0.013ms
[52.174s][info][gc,phases   ] GC(119) Concurrent Mark 47.429ms
[52.174s][info][gc,phases   ] GC(119) Pause Mark End 0.028ms
[52.174s][info][gc,phases   ] GC(119) Concurrent Mark Free 0.001ms
[52.206s][info][gc,phases   ] GC(119) Concurrent Process Non-Strong References 32.526ms
[52.207s][info][gc,phases   ] GC(119) Concurrent Reset Relocation Set 0.008ms
[52.209s][info][gc,phases   ] GC(119) Concurrent Select Relocation Set 2.312ms
[52.209s][info][gc,phases   ] GC(119) Pause Relocate Start 0.009ms
[52.214s][info][gc,phases   ] GC(119) Concurrent Relocate 4.838ms
[52.214s][info][gc,load     ] GC(119) Load: 0.00/0.00/0.00
[52.214s][info][gc,mmu      ] GC(119) MMU: 2ms/89.6%, 5ms/95.9%, 10ms/97.9%, 20ms/99.0%, 50ms/99.6%, 100ms/99.8%
[52.214s][info][gc,marking  ] GC(119) Mark: 2 stripe(s), 2 proactive flush(es), 1 terminate flush(es), 0 completion(s), 0 continuation(s) 
[52.214s][info][gc,marking  ] GC(119) Mark Stack Usage: 32M
[52.214s][info][gc,nmethod  ] GC(119) NMethods: 17621 registered, 2723 unregistered
[52.214s][info][gc,metaspace] GC(119) Metaspace: 153M used, 155M committed, 1216M reserved
[52.214s][info][gc,ref      ] GC(119) Soft: 3271 encountered, 0 discovered, 0 enqueued
[52.214s][info][gc,ref      ] GC(119) Weak: 15237 encountered, 6055 discovered, 153 enqueued
[52.214s][info][gc,ref      ] GC(119) Final: 52 encountered, 0 discovered, 0 enqueued
[52.214s][info][gc,ref      ] GC(119) Phantom: 600 encountered, 319 discovered, 0 enqueued
[52.214s][info][gc,reloc    ] GC(119) Small Pages: 63 / 126M, Empty: 0M, Relocated: 3M, In-Place: 0
[52.214s][info][gc,reloc    ] GC(119) Medium Pages: 6 / 192M, Empty: 0M, Relocated: 23M, In-Place: 0
[52.214s][info][gc,reloc    ] GC(119) Large Pages: 5 / 30M, Empty: 30M, Relocated: 0M, In-Place: 0
[52.214s][info][gc,reloc    ] GC(119) Forwarding Usage: 0M
[52.214s][info][gc,heap     ] GC(119) Min Capacity: 2048M(100%)
[52.214s][info][gc,heap     ] GC(119) Max Capacity: 2048M(100%)
[52.214s][info][gc,heap     ] GC(119) Soft Max Capacity: 2048M(100%)
[52.214s][info][gc,heap     ] GC(119)                Mark Start          Mark End        Relocate Start      Relocate End           High               Low         
[52.214s][info][gc,heap     ] GC(119)  Capacity:     2048M (100%)       2048M (100%)       2048M (100%)       2048M (100%)       2048M (100%)       2048M (100%)   
[52.214s][info][gc,heap     ] GC(119)      Free:     1700M (83%)        1630M (80%)        1642M (80%)        1720M (84%)        1722M (84%)        1608M (79%)    
[52.214s][info][gc,heap     ] GC(119)      Used:      348M (17%)         418M (20%)         406M (20%)         328M (16%)         440M (21%)         326M (16%)    
[52.214s][info][gc,heap     ] GC(119)      Live:         -               191M (9%)          191M (9%)          191M (9%)             -                  -          
[52.214s][info][gc,heap     ] GC(119) Allocated:         -                70M (3%)           88M (4%)           95M (5%)             -                  -          
[52.214s][info][gc,heap     ] GC(119)   Garbage:         -               156M (8%)          126M (6%)           40M (2%)             -                  -          
[52.214s][info][gc,heap     ] GC(119) Reclaimed:         -                  -                30M (1%)          115M (6%)             -                  -          
[52.214s][info][gc          ] GC(119) Garbage Collection (Allocation Rate) 348M(17%)->328M(16%)
[52.305s][info][gc,start    ] GC(120) Garbage Collection (Allocation Rate)
[52.305s][info][gc,task     ] GC(120) Using 2 workers
[52.305s][info][gc,phases   ] GC(120) Pause Mark Start 0.015ms
[52.368s][info][gc,phases   ] GC(120) Concurrent Mark 62.741ms
[52.368s][info][gc,phases   ] GC(120) Pause Mark End 0.121ms
[52.368s][info][gc,phases   ] GC(120) Concurrent Mark Free 0.001ms
[52.385s][info][gc,phases   ] GC(120) Concurrent Process Non-Strong References 17.048ms
[52.385s][info][gc,phases   ] GC(120) Concurrent Reset Relocation Set 0.003ms
[52.388s][info][gc,phases   ] GC(120) Concurrent Select Relocation Set 2.338ms
[52.388s][info][gc,phases   ] GC(120) Pause Relocate Start 0.011ms
[52.390s][info][gc,phases   ] GC(120) Concurrent Relocate 2.447ms
[52.390s][info][gc,load     ] GC(120) Load: 0.00/0.00/0.00
[52.390s][info][gc,mmu      ] GC(120) MMU: 2ms/89.6%, 5ms/95.9%, 10ms/97.9%, 20ms/99.0%, 50ms/99.6%, 100ms/99.8%
[52.390s][info][gc,marking  ] GC(120) Mark: 2 stripe(s), 2 proactive flush(es), 1 terminate flush(es), 1 completion(s), 0 continuation(s) 
[52.390s][info][gc,marking  ] GC(120) Mark Stack Usage: 32M
[52.390s][info][gc,nmethod  ] GC(120) NMethods: 17634 registered, 2724 unregistered
[52.390s][info][gc,metaspace] GC(120) Metaspace: 153M used, 155M committed, 1216M reserved
[52.390s][info][gc,ref      ] GC(120) Soft: 3273 encountered, 0 discovered, 0 enqueued
[52.390s][info][gc,ref      ] GC(120) Weak: 15532 encountered, 5046 discovered, 439 enqueued
[52.390s][info][gc,ref      ] GC(120) Final: 52 encountered, 0 discovered, 0 enqueued
[52.390s][info][gc,ref      ] GC(120) Phantom: 600 encountered, 342 discovered, 0 enqueued
[52.390s][info][gc,reloc    ] GC(120) Small Pages: 78 / 156M, Empty: 0M, Relocated: 3M, In-Place: 0
[52.390s][info][gc,reloc    ] GC(120) Medium Pages: 6 / 192M, Empty: 32M, Relocated: 0M, In-Place: 0
[52.390s][info][gc,reloc    ] GC(120) Large Pages: 9 / 54M, Empty: 54M, Relocated: 0M, In-Place: 0
[52.391s][info][gc,reloc    ] GC(120) Forwarding Usage: 0M
[52.391s][info][gc,heap     ] GC(120) Min Capacity: 2048M(100%)
[52.391s][info][gc,heap     ] GC(120) Max Capacity: 2048M(100%)
[52.391s][info][gc,heap     ] GC(120) Soft Max Capacity: 2048M(100%)
[52.391s][info][gc,heap     ] GC(120)                Mark Start          Mark End        Relocate Start      Relocate End           High               Low         
[52.391s][info][gc,heap     ] GC(120)  Capacity:     2048M (100%)       2048M (100%)       2048M (100%)       2048M (100%)       2048M (100%)       2048M (100%)   
[52.391s][info][gc,heap     ] GC(120)      Free:     1646M (80%)        1564M (76%)        1632M (80%)        1712M (84%)        1714M (84%)        1548M (76%)    
[52.391s][info][gc,heap     ] GC(120)      Used:      402M (20%)         484M (24%)         416M (20%)         336M (16%)         500M (24%)         334M (16%)    
[52.391s][info][gc,heap     ] GC(120)      Live:         -               192M (9%)          192M (9%)          192M (9%)             -                  -          
[52.391s][info][gc,heap     ] GC(120) Allocated:         -                82M (4%)          100M (5%)          103M (5%)             -                  -          
[52.391s][info][gc,heap     ] GC(120)   Garbage:         -               209M (10%)         123M (6%)           39M (2%)             -                  -          
[52.391s][info][gc,heap     ] GC(120) Reclaimed:         -                  -                86M (4%)          169M (8%)             -                  -          
[52.391s][info][gc          ] GC(120) Garbage Collection (Allocation Rate) 402M(20%)->336M(16%)
[52.403s][info][gc,start    ] GC(121) Garbage Collection (Allocation Rate)
[52.403s][info][gc,task     ] GC(121) Using 2 workers
[52.403s][info][gc,phases   ] GC(121) Pause Mark Start 0.008ms
[52.454s][info][gc,phases   ] GC(121) Concurrent Mark 50.477ms
[52.454s][info][gc,phases   ] GC(121) Pause Mark End 0.021ms
[52.454s][info][gc,phases   ] GC(121) Concurrent Mark Free 0.001ms
[52.471s][info][gc,phases   ] GC(121) Concurrent Process Non-Strong References 17.382ms
[52.471s][info][gc,phases   ] GC(121) Concurrent Reset Relocation Set 0.004ms
[52.474s][info][gc,phases   ] GC(121) Concurrent Select Relocation Set 2.924ms
[52.474s][info][gc,phases   ] GC(121) Pause Relocate Start 0.012ms
[52.476s][info][gc,phases   ] GC(121) Concurrent Relocate 1.312ms
[52.476s][info][gc,load     ] GC(121) Load: 0.00/0.00/0.00
[52.476s][info][gc,mmu      ] GC(121) MMU: 2ms/89.6%, 5ms/95.9%, 10ms/97.9%, 20ms/99.0%, 50ms/99.6%, 100ms/99.8%
[52.476s][info][gc,marking  ] GC(121) Mark: 2 stripe(s), 2 proactive flush(es), 1 terminate flush(es), 0 completion(s), 0 continuation(s) 
[52.476s][info][gc,marking  ] GC(121) Mark Stack Usage: 32M
[52.476s][info][gc,nmethod  ] GC(121) NMethods: 17633 registered, 2727 unregistered
[52.476s][info][gc,metaspace] GC(121) Metaspace: 153M used, 155M committed, 1216M reserved
[52.476s][info][gc,ref      ] GC(121) Soft: 3271 encountered, 0 discovered, 0 enqueued
[52.476s][info][gc,ref      ] GC(121) Weak: 15313 encountered, 5192 discovered, 302 enqueued
[52.476s][info][gc,ref      ] GC(121) Final: 52 encountered, 0 discovered, 0 enqueued
[52.476s][info][gc,ref      ] GC(121) Phantom: 600 encountered, 381 discovered, 0 enqueued
[52.476s][info][gc,reloc    ] GC(121) Small Pages: 65 / 130M, Empty: 0M, Relocated: 1M, In-Place: 0
[52.476s][info][gc,reloc    ] GC(121) Medium Pages: 6 / 192M, Empty: 32M, Relocated: 0M, In-Place: 0
[52.476s][info][gc,reloc    ] GC(121) Large Pages: 4 / 24M, Empty: 24M, Relocated: 0M, In-Place: 0
[52.476s][info][gc,reloc    ] GC(121) Forwarding Usage: 0M
[52.476s][info][gc,heap     ] GC(121) Min Capacity: 2048M(100%)
[52.476s][info][gc,heap     ] GC(121) Max Capacity: 2048M(100%)
[52.476s][info][gc,heap     ] GC(121) Soft Max Capacity: 2048M(100%)
[52.476s][info][gc,heap     ] GC(121)                Mark Start          Mark End        Relocate Start      Relocate End           High               Low         
[52.476s][info][gc,heap     ] GC(121)  Capacity:     2048M (100%)       2048M (100%)       2048M (100%)       2048M (100%)       2048M (100%)       2048M (100%)   
[52.476s][info][gc,heap     ] GC(121)      Free:     1702M (83%)        1638M (80%)        1666M (81%)        1722M (84%)        1722M (84%)        1610M (79%)    
[52.476s][info][gc,heap     ] GC(121)      Used:      346M (17%)         410M (20%)         382M (19%)         326M (16%)         438M (21%)         326M (16%)    
[52.476s][info][gc,heap     ] GC(121)      Live:         -               191M (9%)          191M (9%)          191M (9%)             -                  -          
[52.476s][info][gc,heap     ] GC(121) Allocated:         -                64M (3%)           92M (4%)           93M (5%)             -                  -          
[52.476s][info][gc,heap     ] GC(121)   Garbage:         -               154M (8%)           98M (5%)           40M (2%)             -                  -          
[52.476s][info][gc,heap     ] GC(121) Reclaimed:         -                  -                56M (3%)          113M (6%)             -                  -          
[52.476s][info][gc          ] GC(121) Garbage Collection (Allocation Rate) 346M(17%)->326M(16%)
[53.105s][info][gc,start    ] GC(122) Garbage Collection (Allocation Rate)
[53.105s][info][gc,task     ] GC(122) Using 2 workers
[53.105s][info][gc,phases   ] GC(122) Pause Mark Start 0.011ms
[53.154s][info][gc,phases   ] GC(122) Concurrent Mark 49.071ms
[53.154s][info][gc,phases   ] GC(122) Pause Mark End 0.027ms
[53.154s][info][gc,phases   ] GC(122) Concurrent Mark Free 0.001ms
[53.173s][info][gc,phases   ] GC(122) Concurrent Process Non-Strong References 18.993ms
[53.173s][info][gc,phases   ] GC(122) Concurrent Reset Relocation Set 0.003ms
[53.175s][info][gc,phases   ] GC(122) Concurrent Select Relocation Set 1.995ms
[53.176s][info][gc,phases   ] GC(122) Pause Relocate Start 0.009ms
[53.177s][info][gc,phases   ] GC(122) Concurrent Relocate 1.409ms
[53.177s][info][gc,load     ] GC(122) Load: 0.00/0.00/0.00
[53.177s][info][gc,mmu      ] GC(122) MMU: 2ms/89.6%, 5ms/95.9%, 10ms/97.9%, 20ms/99.0%, 50ms/99.6%, 100ms/99.8%
[53.177s][info][gc,marking  ] GC(122) Mark: 2 stripe(s), 2 proactive flush(es), 1 terminate flush(es), 0 completion(s), 0 continuation(s) 
[53.177s][info][gc,marking  ] GC(122) Mark Stack Usage: 32M
[53.177s][info][gc,nmethod  ] GC(122) NMethods: 17646 registered, 2747 unregistered
[53.177s][info][gc,metaspace] GC(122) Metaspace: 153M used, 155M committed, 1216M reserved
[53.177s][info][gc,ref      ] GC(122) Soft: 3273 encountered, 0 discovered, 0 enqueued
[53.177s][info][gc,ref      ] GC(122) Weak: 16856 encountered, 6202 discovered, 1747 enqueued
[53.177s][info][gc,ref      ] GC(122) Final: 52 encountered, 0 discovered, 0 enqueued
[53.177s][info][gc,ref      ] GC(122) Phantom: 600 encountered, 370 discovered, 0 enqueued
[53.177s][info][gc,reloc    ] GC(122) Small Pages: 187 / 374M, Empty: 6M, Relocated: 3M, In-Place: 0
[53.177s][info][gc,reloc    ] GC(122) Medium Pages: 9 / 288M, Empty: 128M, Relocated: 0M, In-Place: 0
[53.177s][info][gc,reloc    ] GC(122) Large Pages: 38 / 228M, Empty: 228M, Relocated: 0M, In-Place: 0
[53.177s][info][gc,reloc    ] GC(122) Forwarding Usage: 0M
[53.177s][info][gc,heap     ] GC(122) Min Capacity: 2048M(100%)
[53.177s][info][gc,heap     ] GC(122) Max Capacity: 2048M(100%)
[53.177s][info][gc,heap     ] GC(122) Soft Max Capacity: 2048M(100%)
[53.177s][info][gc,heap     ] GC(122)                Mark Start          Mark End        Relocate Start      Relocate End           High               Low         
[53.177s][info][gc,heap     ] GC(122)  Capacity:     2048M (100%)       2048M (100%)       2048M (100%)       2048M (100%)       2048M (100%)       2048M (100%)   
[53.177s][info][gc,heap     ] GC(122)      Free:     1158M (57%)        1086M (53%)        1434M (70%)        1728M (84%)        1728M (84%)        1072M (52%)    
[53.177s][info][gc,heap     ] GC(122)      Used:      890M (43%)         962M (47%)         614M (30%)         320M (16%)         976M (48%)         320M (16%)    
[53.177s][info][gc,heap     ] GC(122)      Live:         -               194M (9%)          194M (9%)          194M (9%)             -                  -          
[53.177s][info][gc,heap     ] GC(122) Allocated:         -                72M (4%)           86M (4%)           85M (4%)             -                  -          
[53.177s][info][gc,heap     ] GC(122)   Garbage:         -               695M (34%)         333M (16%)          39M (2%)             -                  -          
[53.177s][info][gc,heap     ] GC(122) Reclaimed:         -                  -               362M (18%)         655M (32%)            -                  -          
[53.177s][info][gc          ] GC(122) Garbage Collection (Allocation Rate) 890M(43%)->320M(16%)
[53.322s][info][gc,start    ] GC(123) Garbage Collection (System.gc())
[53.322s][info][gc,task     ] GC(123) Using 2 workers
[53.322s][info][gc,phases   ] GC(123) Pause Mark Start 0.008ms
[53.368s][info][gc,phases   ] GC(123) Concurrent Mark 46.045ms
[53.369s][info][gc,phases   ] GC(123) Pause Mark End 0.023ms
[53.369s][info][gc,phases   ] GC(123) Concurrent Mark Free 0.001ms
[53.386s][info][gc,phases   ] GC(123) Concurrent Process Non-Strong References 17.630ms
[53.386s][info][gc,phases   ] GC(123) Concurrent Reset Relocation Set 0.008ms
[53.389s][info][gc,phases   ] GC(123) Concurrent Select Relocation Set 2.166ms
[53.389s][info][gc,phases   ] GC(123) Pause Relocate Start 0.010ms
[53.393s][info][gc,phases   ] GC(123) Concurrent Relocate 4.153ms
[53.393s][info][gc,load     ] GC(123) Load: 0.00/0.00/0.00
[53.393s][info][gc,mmu      ] GC(123) MMU: 2ms/89.6%, 5ms/95.9%, 10ms/97.9%, 20ms/99.0%, 50ms/99.6%, 100ms/99.8%
[53.393s][info][gc,marking  ] GC(123) Mark: 2 stripe(s), 2 proactive flush(es), 1 terminate flush(es), 0 completion(s), 0 continuation(s) 
[53.393s][info][gc,marking  ] GC(123) Mark Stack Usage: 32M
[53.393s][info][gc,nmethod  ] GC(123) NMethods: 17687 registered, 2756 unregistered
[53.393s][info][gc,metaspace] GC(123) Metaspace: 154M used, 155M committed, 1216M reserved
[53.393s][info][gc,ref      ] GC(123) Soft: 3487 encountered, 0 discovered, 0 enqueued
[53.393s][info][gc,ref      ] GC(123) Weak: 15783 encountered, 5975 discovered, 696 enqueued
[53.393s][info][gc,ref      ] GC(123) Final: 52 encountered, 0 discovered, 0 enqueued
[53.393s][info][gc,ref      ] GC(123) Phantom: 600 encountered, 383 discovered, 0 enqueued
[53.393s][info][gc,reloc    ] GC(123) Small Pages: 96 / 192M, Empty: 2M, Relocated: 6M, In-Place: 0
[53.393s][info][gc,reloc    ] GC(123) Medium Pages: 6 / 192M, Empty: 96M, Relocated: 0M, In-Place: 0
[53.393s][info][gc,reloc    ] GC(123) Large Pages: 6 / 36M, Empty: 36M, Relocated: 0M, In-Place: 0
[53.393s][info][gc,reloc    ] GC(123) Forwarding Usage: 2M
[53.393s][info][gc,heap     ] GC(123) Min Capacity: 2048M(100%)
[53.393s][info][gc,heap     ] GC(123) Max Capacity: 2048M(100%)
[53.393s][info][gc,heap     ] GC(123) Soft Max Capacity: 2048M(100%)
[53.393s][info][gc,heap     ] GC(123)                Mark Start          Mark End        Relocate Start      Relocate End           High               Low         
[53.393s][info][gc,heap     ] GC(123)  Capacity:     2048M (100%)       2048M (100%)       2048M (100%)       2048M (100%)       2048M (100%)       2048M (100%)   
[53.393s][info][gc,heap     ] GC(123)      Free:     1628M (79%)        1628M (79%)        1746M (85%)        1860M (91%)        1864M (91%)        1618M (79%)    
[53.393s][info][gc,heap     ] GC(123)      Used:      420M (21%)         420M (21%)         302M (15%)         188M (9%)          430M (21%)         184M (9%)     
[53.393s][info][gc,heap     ] GC(123)      Live:         -               129M (6%)          129M (6%)          129M (6%)             -                  -          
[53.393s][info][gc,heap     ] GC(123) Allocated:         -                 0M (0%)           16M (1%)           23M (1%)             -                  -          
[53.393s][info][gc,heap     ] GC(123)   Garbage:         -               290M (14%)         156M (8%)           34M (2%)             -                  -          
[53.393s][info][gc,heap     ] GC(123) Reclaimed:         -                  -               134M (7%)          255M (12%)            -                  -          
[53.393s][info][gc          ] GC(123) Garbage Collection (System.gc()) 420M(21%)->188M(9%)
[53.713s][info][gc,start    ] GC(124) Garbage Collection (Allocation Rate)
[53.713s][info][gc,task     ] GC(124) Using 2 workers
[53.713s][info][gc,phases   ] GC(124) Pause Mark Start 0.009ms
[53.807s][info][gc,phases   ] GC(124) Concurrent Mark 93.663ms
[53.807s][info][gc,phases   ] GC(124) Pause Mark End 0.035ms
[53.807s][info][gc,phases   ] GC(124) Concurrent Mark Free 0.002ms
[53.839s][info][gc,phases   ] GC(124) Concurrent Process Non-Strong References 31.953ms
[53.839s][info][gc,phases   ] GC(124) Concurrent Reset Relocation Set 0.004ms
[53.839s][info][gc          ] Allocation Stall (Executor task launch worker for task 4.0 in stage 831.0 (TID 3330)) 47.561ms
[53.839s][info][gc          ] Allocation Stall (Executor task launch worker for task 1.0 in stage 831.0 (TID 3327)) 47.215ms
[53.839s][info][gc          ] Allocation Stall (Executor task launch worker for task 2.0 in stage 831.0 (TID 3328)) 46.521ms
[53.839s][info][gc          ] Allocation Stall (Executor task launch worker for task 3.0 in stage 831.0 (TID 3329)) 46.639ms
[53.839s][info][gc          ] Allocation Stall (Executor task launch worker for task 0.0 in stage 831.0 (TID 3326)) 46.166ms
[53.843s][info][gc,phases   ] GC(124) Concurrent Select Relocation Set 3.788ms
[53.843s][info][gc,phases   ] GC(124) Pause Relocate Start 0.016ms
[53.866s][info][gc,phases   ] GC(124) Concurrent Relocate 22.614ms
[53.866s][info][gc,load     ] GC(124) Load: 0.00/0.00/0.00
[53.866s][info][gc,mmu      ] GC(124) MMU: 2ms/89.6%, 5ms/95.9%, 10ms/97.9%, 20ms/99.0%, 50ms/99.6%, 100ms/99.8%
[53.866s][info][gc,marking  ] GC(124) Mark: 2 stripe(s), 2 proactive flush(es), 1 terminate flush(es), 0 completion(s), 0 continuation(s) 
[53.866s][info][gc,marking  ] GC(124) Mark Stack Usage: 32M
[53.866s][info][gc,nmethod  ] GC(124) NMethods: 17722 registered, 2766 unregistered
[53.866s][info][gc,metaspace] GC(124) Metaspace: 154M used, 155M committed, 1216M reserved
[53.866s][info][gc,ref      ] GC(124) Soft: 3553 encountered, 0 discovered, 0 enqueued
[53.866s][info][gc,ref      ] GC(124) Weak: 15450 encountered, 5802 discovered, 203 enqueued
[53.866s][info][gc,ref      ] GC(124) Final: 52 encountered, 0 discovered, 0 enqueued
[53.866s][info][gc,ref      ] GC(124) Phantom: 600 encountered, 346 discovered, 0 enqueued
[53.866s][info][gc,reloc    ] GC(124) Small Pages: 734 / 1468M, Empty: 1114M, Relocated: 5M, In-Place: 0
[53.866s][info][gc,reloc    ] GC(124) Medium Pages: 8 / 256M, Empty: 0M, Relocated: 50M, In-Place: 0
[53.866s][info][gc,reloc    ] GC(124) Large Pages: 6 / 36M, Empty: 36M, Relocated: 0M, In-Place: 0
[53.866s][info][gc,reloc    ] GC(124) Forwarding Usage: 1M
[53.866s][info][gc,heap     ] GC(124) Min Capacity: 2048M(100%)
[53.866s][info][gc,heap     ] GC(124) Max Capacity: 2048M(100%)
[53.866s][info][gc,heap     ] GC(124) Soft Max Capacity: 2048M(100%)
[53.866s][info][gc,heap     ] GC(124)                Mark Start          Mark End        Relocate Start      Relocate End           High               Low         
[53.866s][info][gc,heap     ] GC(124)  Capacity:     2048M (100%)       2048M (100%)       2048M (100%)       2048M (100%)       2048M (100%)       2048M (100%)   
[53.866s][info][gc,heap     ] GC(124)      Free:      288M (14%)           0M (0%)         1118M (55%)        1414M (69%)        1428M (70%)           0M (0%)     
[53.866s][info][gc,heap     ] GC(124)      Used:     1760M (86%)        2048M (100%)        930M (45%)         634M (31%)        2048M (100%)        620M (30%)    
[53.866s][info][gc,heap     ] GC(124)      Live:         -               170M (8%)          170M (8%)          170M (8%)             -                  -          
[53.866s][info][gc,heap     ] GC(124) Allocated:         -               288M (14%)         320M (16%)         421M (21%)            -                  -          
[53.866s][info][gc,heap     ] GC(124)   Garbage:         -              1589M (78%)         439M (21%)          41M (2%)             -                  -          
[53.866s][info][gc,heap     ] GC(124) Reclaimed:         -                  -              1150M (56%)        1547M (76%)            -                  -          
[53.866s][info][gc          ] GC(124) Garbage Collection (Allocation Rate) 1760M(86%)->634M(31%)
[53.907s][info][gc,start    ] GC(125) Garbage Collection (Allocation Stall)
[53.907s][info][gc,ref      ] GC(125) Clearing All SoftReferences
[53.907s][info][gc,task     ] GC(125) Using 2 workers
[53.907s][info][gc,ref      ] GC(125) Clearing All SoftReferences
[53.907s][info][gc,phases   ] GC(125) Pause Mark Start 0.062ms
[53.957s][info][gc,phases   ] GC(125) Concurrent Mark 49.572ms
[53.957s][info][gc,phases   ] GC(125) Pause Mark End 0.075ms
[53.957s][info][gc,phases   ] GC(125) Concurrent Mark Free 0.001ms
[53.992s][info][gc,phases   ] GC(125) Concurrent Process Non-Strong References 35.254ms
[53.992s][info][gc,phases   ] GC(125) Concurrent Reset Relocation Set 0.013ms
[53.994s][info][gc,phases   ] GC(125) Concurrent Select Relocation Set 1.880ms
[53.994s][info][gc,phases   ] GC(125) Pause Relocate Start 0.008ms
[54.002s][info][gc,phases   ] GC(125) Concurrent Relocate 7.602ms
[54.002s][info][gc,load     ] GC(125) Load: 0.00/0.00/0.00
[54.002s][info][gc,mmu      ] GC(125) MMU: 2ms/89.6%, 5ms/95.9%, 10ms/97.9%, 20ms/99.0%, 50ms/99.6%, 100ms/99.8%
[54.002s][info][gc,marking  ] GC(125) Mark: 2 stripe(s), 3 proactive flush(es), 1 terminate flush(es), 1 completion(s), 0 continuation(s) 
[54.002s][info][gc,marking  ] GC(125) Mark Stack Usage: 32M
[54.002s][info][gc,nmethod  ] GC(125) NMethods: 17721 registered, 2771 unregistered
[54.002s][info][gc,metaspace] GC(125) Metaspace: 154M used, 155M committed, 1216M reserved
[54.002s][info][gc,ref      ] GC(125) Soft: 3487 encountered, 3006 discovered, 226 enqueued
[54.002s][info][gc,ref      ] GC(125) Weak: 15256 encountered, 5228 discovered, 54 enqueued
[54.002s][info][gc,ref      ] GC(125) Final: 52 encountered, 0 discovered, 0 enqueued
[54.002s][info][gc,ref      ] GC(125) Phantom: 600 encountered, 335 discovered, 0 enqueued
[54.002s][info][gc,reloc    ] GC(125) Small Pages: 242 / 484M, Empty: 268M, Relocated: 3M, In-Place: 0
[54.002s][info][gc,reloc    ] GC(125) Medium Pages: 8 / 256M, Empty: 0M, Relocated: 42M, In-Place: 0
[54.002s][info][gc,reloc    ] GC(125) Large Pages: 1 / 6M, Empty: 6M, Relocated: 0M, In-Place: 0
[54.002s][info][gc,reloc    ] GC(125) Forwarding Usage: 0M
[54.002s][info][gc,heap     ] GC(125) Min Capacity: 2048M(100%)
[54.002s][info][gc,heap     ] GC(125) Max Capacity: 2048M(100%)
[54.002s][info][gc,heap     ] GC(125) Soft Max Capacity: 2048M(100%)
[54.002s][info][gc,heap     ] GC(125)                Mark Start          Mark End        Relocate Start      Relocate End           High               Low         
[54.002s][info][gc,heap     ] GC(125)  Capacity:     2048M (100%)       2048M (100%)       2048M (100%)       2048M (100%)       2048M (100%)       2048M (100%)   
[54.002s][info][gc,heap     ] GC(125)      Free:     1302M (64%)        1228M (60%)        1488M (73%)        1730M (84%)        1730M (84%)        1218M (59%)    
[54.002s][info][gc,heap     ] GC(125)      Used:      746M (36%)         820M (40%)         560M (27%)         318M (16%)         830M (41%)         318M (16%)    
[54.002s][info][gc,heap     ] GC(125)      Live:         -               191M (9%)          191M (9%)          191M (9%)             -                  -          
[54.002s][info][gc,heap     ] GC(125) Allocated:         -                74M (4%)           88M (4%)           87M (4%)             -                  -          
[54.002s][info][gc,heap     ] GC(125)   Garbage:         -               554M (27%)         280M (14%)          38M (2%)             -                  -          
[54.002s][info][gc,heap     ] GC(125) Reclaimed:         -                  -               274M (13%)         515M (25%)            -                  -          
[54.002s][info][gc          ] GC(125) Garbage Collection (Allocation Stall) 746M(36%)->318M(16%)
[54.014s][info][gc,start    ] GC(126) Garbage Collection (Allocation Rate)
[54.014s][info][gc,task     ] GC(126) Using 2 workers
[54.015s][info][gc,phases   ] GC(126) Pause Mark Start 0.012ms
[54.068s][info][gc,phases   ] GC(126) Concurrent Mark 53.646ms
[54.068s][info][gc,phases   ] GC(126) Pause Mark End 0.055ms
[54.068s][info][gc,phases   ] GC(126) Concurrent Mark Free 0.001ms
[54.102s][info][gc,phases   ] GC(126) Concurrent Process Non-Strong References 33.774ms
[54.102s][info][gc,phases   ] GC(126) Concurrent Reset Relocation Set 0.008ms
[54.104s][info][gc,phases   ] GC(126) Concurrent Select Relocation Set 2.063ms
[54.105s][info][gc,phases   ] GC(126) Pause Relocate Start 0.010ms
[54.106s][info][gc,phases   ] GC(126) Concurrent Relocate 1.142ms
[54.106s][info][gc,load     ] GC(126) Load: 0.00/0.00/0.00
[54.106s][info][gc,mmu      ] GC(126) MMU: 2ms/89.6%, 5ms/95.9%, 10ms/97.9%, 20ms/99.0%, 50ms/99.6%, 100ms/99.8%
[54.106s][info][gc,marking  ] GC(126) Mark: 2 stripe(s), 2 proactive flush(es), 1 terminate flush(es), 1 completion(s), 0 continuation(s) 
[54.106s][info][gc,marking  ] GC(126) Mark Stack Usage: 32M
[54.106s][info][gc,nmethod  ] GC(126) NMethods: 17724 registered, 2773 unregistered
[54.106s][info][gc,metaspace] GC(126) Metaspace: 154M used, 155M committed, 1216M reserved
[54.106s][info][gc,ref      ] GC(126) Soft: 3265 encountered, 0 discovered, 0 enqueued
[54.106s][info][gc,ref      ] GC(126) Weak: 15074 encountered, 5110 discovered, 298 enqueued
[54.106s][info][gc,ref      ] GC(126) Final: 52 encountered, 0 discovered, 0 enqueued
[54.106s][info][gc,ref      ] GC(126) Phantom: 600 encountered, 401 discovered, 0 enqueued
[54.106s][info][gc,reloc    ] GC(126) Small Pages: 58 / 116M, Empty: 2M, Relocated: 1M, In-Place: 0
[54.106s][info][gc,reloc    ] GC(126) Medium Pages: 6 / 192M, Empty: 32M, Relocated: 0M, In-Place: 0
[54.106s][info][gc,reloc    ] GC(126) Large Pages: 4 / 24M, Empty: 24M, Relocated: 0M, In-Place: 0
[54.106s][info][gc,reloc    ] GC(126) Forwarding Usage: 0M
[54.106s][info][gc,heap     ] GC(126) Min Capacity: 2048M(100%)
[54.106s][info][gc,heap     ] GC(126) Max Capacity: 2048M(100%)
[54.106s][info][gc,heap     ] GC(126) Soft Max Capacity: 2048M(100%)
[54.106s][info][gc,heap     ] GC(126)                Mark Start          Mark End        Relocate Start      Relocate End           High               Low         
[54.106s][info][gc,heap     ] GC(126)  Capacity:     2048M (100%)       2048M (100%)       2048M (100%)       2048M (100%)       2048M (100%)       2048M (100%)   
[54.106s][info][gc,heap     ] GC(126)      Free:     1716M (84%)        1652M (81%)        1662M (81%)        1704M (83%)        1716M (84%)        1604M (78%)    
[54.106s][info][gc,heap     ] GC(126)      Used:      332M (16%)         396M (19%)         386M (19%)         344M (17%)         444M (22%)         332M (16%)    
[54.106s][info][gc,heap     ] GC(126)      Live:         -               191M (9%)          191M (9%)          191M (9%)             -                  -          
[54.106s][info][gc,heap     ] GC(126) Allocated:         -                64M (3%)          112M (5%)          111M (5%)             -                  -          
[54.106s][info][gc,heap     ] GC(126)   Garbage:         -               140M (7%)           82M (4%)           40M (2%)             -                  -          
[54.106s][info][gc,heap     ] GC(126) Reclaimed:         -                  -                58M (3%)           99M (5%)             -                  -          
[54.106s][info][gc          ] GC(126) Garbage Collection (Allocation Rate) 332M(16%)->344M(17%)
[54.108s][info][gc,start    ] GC(127) Garbage Collection (Allocation Rate)
[54.108s][info][gc,task     ] GC(127) Using 2 workers
[54.108s][info][gc,phases   ] GC(127) Pause Mark Start 0.007ms
[54.153s][info][gc,phases   ] GC(127) Concurrent Mark 45.025ms
[54.153s][info][gc,phases   ] GC(127) Pause Mark End 0.047ms
[54.153s][info][gc,phases   ] GC(127) Concurrent Mark Free 0.001ms
[54.172s][info][gc,phases   ] GC(127) Concurrent Process Non-Strong References 18.804ms
[54.172s][info][gc,phases   ] GC(127) Concurrent Reset Relocation Set 0.002ms
[54.174s][info][gc,phases   ] GC(127) Concurrent Select Relocation Set 2.249ms
[54.174s][info][gc,phases   ] GC(127) Pause Relocate Start 0.011ms
[54.177s][info][gc,phases   ] GC(127) Concurrent Relocate 2.773ms
[54.177s][info][gc,load     ] GC(127) Load: 0.00/0.00/0.00
[54.177s][info][gc,mmu      ] GC(127) MMU: 2ms/89.6%, 5ms/95.9%, 10ms/97.9%, 20ms/99.0%, 50ms/99.6%, 100ms/99.8%
[54.177s][info][gc,marking  ] GC(127) Mark: 2 stripe(s), 4 proactive flush(es), 1 terminate flush(es), 1 completion(s), 0 continuation(s) 
[54.177s][info][gc,marking  ] GC(127) Mark Stack Usage: 32M
[54.177s][info][gc,nmethod  ] GC(127) NMethods: 17727 registered, 2775 unregistered
[54.177s][info][gc,metaspace] GC(127) Metaspace: 154M used, 155M committed, 1216M reserved
[54.177s][info][gc,ref      ] GC(127) Soft: 3274 encountered, 0 discovered, 0 enqueued
[54.177s][info][gc,ref      ] GC(127) Weak: 15239 encountered, 6129 discovered, 154 enqueued
[54.177s][info][gc,ref      ] GC(127) Final: 52 encountered, 0 discovered, 0 enqueued
[54.177s][info][gc,ref      ] GC(127) Phantom: 600 encountered, 363 discovered, 0 enqueued
[54.177s][info][gc,reloc    ] GC(127) Small Pages: 61 / 122M, Empty: 0M, Relocated: 5M, In-Place: 0
[54.177s][info][gc,reloc    ] GC(127) Medium Pages: 6 / 192M, Empty: 32M, Relocated: 0M, In-Place: 0
[54.177s][info][gc,reloc    ] GC(127) Large Pages: 5 / 30M, Empty: 30M, Relocated: 0M, In-Place: 0
[54.177s][info][gc,reloc    ] GC(127) Forwarding Usage: 1M
[54.177s][info][gc,heap     ] GC(127) Min Capacity: 2048M(100%)
[54.177s][info][gc,heap     ] GC(127) Max Capacity: 2048M(100%)
[54.177s][info][gc,heap     ] GC(127) Soft Max Capacity: 2048M(100%)
[54.177s][info][gc,heap     ] GC(127)                Mark Start          Mark End        Relocate Start      Relocate End           High               Low         
[54.177s][info][gc,heap     ] GC(127)  Capacity:     2048M (100%)       2048M (100%)       2048M (100%)       2048M (100%)       2048M (100%)       2048M (100%)   
[54.177s][info][gc,heap     ] GC(127)      Free:     1704M (83%)        1638M (80%)        1678M (82%)        1728M (84%)        1728M (84%)        1616M (79%)    
[54.177s][info][gc,heap     ] GC(127)      Used:      344M (17%)         410M (20%)         370M (18%)         320M (16%)         432M (21%)         320M (16%)    
[54.177s][info][gc,heap     ] GC(127)      Live:         -               192M (9%)          192M (9%)          192M (9%)             -                  -          
[54.177s][info][gc,heap     ] GC(127) Allocated:         -                66M (3%)           88M (4%)           89M (4%)             -                  -          
[54.177s][info][gc,heap     ] GC(127)   Garbage:         -               151M (7%)           89M (4%)           37M (2%)             -                  -          
[54.177s][info][gc,heap     ] GC(127) Reclaimed:         -                  -                62M (3%)          113M (6%)             -                  -          
[54.177s][info][gc          ] GC(127) Garbage Collection (Allocation Rate) 344M(17%)->320M(16%)
[54.503s][info][gc,start    ] GC(128) Garbage Collection (Allocation Rate)
[54.503s][info][gc,task     ] GC(128) Using 1 workers
[54.503s][info][gc,phases   ] GC(128) Pause Mark Start 0.011ms
[54.593s][info][gc,phases   ] GC(128) Concurrent Mark 90.273ms
[54.594s][info][gc,phases   ] GC(128) Pause Mark End 0.024ms
[54.594s][info][gc,phases   ] GC(128) Concurrent Mark Free 0.002ms
[54.629s][info][gc,phases   ] GC(128) Concurrent Process Non-Strong References 35.455ms
[54.629s][info][gc,phases   ] GC(128) Concurrent Reset Relocation Set 0.003ms
[54.631s][info][gc,phases   ] GC(128) Concurrent Select Relocation Set 1.935ms
[54.631s][info][gc,phases   ] GC(128) Pause Relocate Start 0.009ms
[54.634s][info][gc,phases   ] GC(128) Concurrent Relocate 2.603ms
[54.634s][info][gc,load     ] GC(128) Load: 0.00/0.00/0.00
[54.634s][info][gc,mmu      ] GC(128) MMU: 2ms/89.6%, 5ms/95.9%, 10ms/97.9%, 20ms/99.0%, 50ms/99.6%, 100ms/99.8%
[54.634s][info][gc,marking  ] GC(128) Mark: 1 stripe(s), 2 proactive flush(es), 1 terminate flush(es), 0 completion(s), 0 continuation(s) 
[54.634s][info][gc,marking  ] GC(128) Mark Stack Usage: 32M
[54.634s][info][gc,nmethod  ] GC(128) NMethods: 17733 registered, 2792 unregistered
[54.634s][info][gc,metaspace] GC(128) Metaspace: 154M used, 155M committed, 1216M reserved
[54.634s][info][gc,ref      ] GC(128) Soft: 3276 encountered, 0 discovered, 0 enqueued
[54.634s][info][gc,ref      ] GC(128) Weak: 16119 encountered, 4546 discovered, 1018 enqueued
[54.634s][info][gc,ref      ] GC(128) Final: 52 encountered, 0 discovered, 0 enqueued
[54.634s][info][gc,ref      ] GC(128) Phantom: 600 encountered, 435 discovered, 0 enqueued
[54.634s][info][gc,reloc    ] GC(128) Small Pages: 123 / 246M, Empty: 0M, Relocated: 3M, In-Place: 0
[54.634s][info][gc,reloc    ] GC(128) Medium Pages: 7 / 224M, Empty: 64M, Relocated: 0M, In-Place: 0
[54.634s][info][gc,reloc    ] GC(128) Large Pages: 21 / 126M, Empty: 126M, Relocated: 0M, In-Place: 0
[54.634s][info][gc,reloc    ] GC(128) Forwarding Usage: 0M
[54.634s][info][gc,heap     ] GC(128) Min Capacity: 2048M(100%)
[54.634s][info][gc,heap     ] GC(128) Max Capacity: 2048M(100%)
[54.634s][info][gc,heap     ] GC(128) Soft Max Capacity: 2048M(100%)
[54.634s][info][gc,heap     ] GC(128)                Mark Start          Mark End        Relocate Start      Relocate End           High               Low         
[54.634s][info][gc,heap     ] GC(128)  Capacity:     2048M (100%)       2048M (100%)       2048M (100%)       2048M (100%)       2048M (100%)       2048M (100%)   
[54.634s][info][gc,heap     ] GC(128)      Free:     1452M (71%)        1360M (66%)        1514M (74%)        1682M (82%)        1686M (82%)        1326M (65%)    
[54.634s][info][gc,heap     ] GC(128)      Used:      596M (29%)         688M (34%)         534M (26%)         366M (18%)         722M (35%)         362M (18%)    
[54.634s][info][gc,heap     ] GC(128)      Live:         -               193M (9%)          193M (9%)          193M (9%)             -                  -          
[54.634s][info][gc,heap     ] GC(128) Allocated:         -                92M (4%)          128M (6%)          133M (7%)             -                  -          
[54.634s][info][gc,heap     ] GC(128)   Garbage:         -               402M (20%)         212M (10%)          38M (2%)             -                  -          
[54.634s][info][gc,heap     ] GC(128) Reclaimed:         -                  -               190M (9%)          363M (18%)            -                  -          
[54.634s][info][gc          ] GC(128) Garbage Collection (Allocation Rate) 596M(29%)->366M(18%)
[54.914s][info][gc,start    ] GC(129) Garbage Collection (Allocation Rate)
[54.914s][info][gc,task     ] GC(129) Using 1 workers
[54.914s][info][gc,phases   ] GC(129) Pause Mark Start 0.008ms
[55.001s][info][gc,phases   ] GC(129) Concurrent Mark 86.380ms
[55.001s][info][gc,phases   ] GC(129) Pause Mark End 0.018ms
[55.001s][info][gc,phases   ] GC(129) Concurrent Mark Free 0.001ms
[55.035s][info][gc,phases   ] GC(129) Concurrent Process Non-Strong References 34.210ms
[55.035s][info][gc,phases   ] GC(129) Concurrent Reset Relocation Set 0.006ms
[55.037s][info][gc,phases   ] GC(129) Concurrent Select Relocation Set 2.263ms
[55.038s][info][gc,phases   ] GC(129) Pause Relocate Start 0.011ms
[55.040s][info][gc,phases   ] GC(129) Concurrent Relocate 2.547ms
[55.040s][info][gc,load     ] GC(129) Load: 0.00/0.00/0.00
[55.040s][info][gc,mmu      ] GC(129) MMU: 2ms/89.6%, 5ms/95.9%, 10ms/97.9%, 20ms/99.0%, 50ms/99.6%, 100ms/99.8%
[55.040s][info][gc,marking  ] GC(129) Mark: 1 stripe(s), 2 proactive flush(es), 1 terminate flush(es), 0 completion(s), 0 continuation(s) 
[55.040s][info][gc,marking  ] GC(129) Mark Stack Usage: 32M
[55.040s][info][gc,nmethod  ] GC(129) NMethods: 17730 registered, 2799 unregistered
[55.040s][info][gc,metaspace] GC(129) Metaspace: 154M used, 155M committed, 1216M reserved
[55.040s][info][gc,ref      ] GC(129) Soft: 3273 encountered, 0 discovered, 0 enqueued
[55.040s][info][gc,ref      ] GC(129) Weak: 16130 encountered, 4610 discovered, 1173 enqueued
[55.040s][info][gc,ref      ] GC(129) Final: 52 encountered, 0 discovered, 0 enqueued
[55.040s][info][gc,ref      ] GC(129) Phantom: 600 encountered, 435 discovered, 0 enqueued
[55.040s][info][gc,reloc    ] GC(129) Small Pages: 138 / 276M, Empty: 2M, Relocated: 3M, In-Place: 0
[55.040s][info][gc,reloc    ] GC(129) Medium Pages: 8 / 256M, Empty: 96M, Relocated: 0M, In-Place: 0
[55.040s][info][gc,reloc    ] GC(129) Large Pages: 22 / 132M, Empty: 126M, Relocated: 0M, In-Place: 0
[55.040s][info][gc,reloc    ] GC(129) Forwarding Usage: 0M
[55.040s][info][gc,heap     ] GC(129) Min Capacity: 2048M(100%)
[55.040s][info][gc,heap     ] GC(129) Max Capacity: 2048M(100%)
[55.040s][info][gc,heap     ] GC(129) Soft Max Capacity: 2048M(100%)
[55.040s][info][gc,heap     ] GC(129)                Mark Start          Mark End        Relocate Start      Relocate End           High               Low         
[55.040s][info][gc,heap     ] GC(129)  Capacity:     2048M (100%)       2048M (100%)       2048M (100%)       2048M (100%)       2048M (100%)       2048M (100%)   
[55.040s][info][gc,heap     ] GC(129)      Free:     1384M (68%)        1280M (62%)        1490M (73%)        1686M (82%)        1688M (82%)        1266M (62%)    
[55.040s][info][gc,heap     ] GC(129)      Used:      664M (32%)         768M (38%)         558M (27%)         362M (18%)         782M (38%)         360M (18%)    
[55.040s][info][gc,heap     ] GC(129)      Live:         -               199M (10%)         199M (10%)         199M (10%)            -                  -          
[55.040s][info][gc,heap     ] GC(129) Allocated:         -               104M (5%)          118M (6%)          123M (6%)             -                  -          
[55.040s][info][gc,heap     ] GC(129)   Garbage:         -               464M (23%)         240M (12%)          38M (2%)             -                  -          
[55.040s][info][gc,heap     ] GC(129) Reclaimed:         -                  -               224M (11%)         425M (21%)            -                  -          
[55.040s][info][gc          ] GC(129) Garbage Collection (Allocation Rate) 664M(32%)->362M(18%)
[55.220s][info][gc,start    ] GC(130) Garbage Collection (System.gc())
[55.220s][info][gc,task     ] GC(130) Using 2 workers
[55.220s][info][gc,phases   ] GC(130) Pause Mark Start 0.010ms
[55.266s][info][gc,phases   ] GC(130) Concurrent Mark 45.606ms
[55.266s][info][gc,phases   ] GC(130) Pause Mark End 0.016ms
[55.266s][info][gc,phases   ] GC(130) Concurrent Mark Free 0.001ms
[55.282s][info][gc,phases   ] GC(130) Concurrent Process Non-Strong References 16.497ms
[55.283s][info][gc,phases   ] GC(130) Concurrent Reset Relocation Set 0.004ms
[55.284s][info][gc,phases   ] GC(130) Concurrent Select Relocation Set 1.844ms
[55.285s][info][gc,phases   ] GC(130) Pause Relocate Start 0.009ms
[55.288s][info][gc,phases   ] GC(130) Concurrent Relocate 3.549ms
[55.288s][info][gc,load     ] GC(130) Load: 0.00/0.00/0.00
[55.288s][info][gc,mmu      ] GC(130) MMU: 2ms/89.6%, 5ms/95.9%, 10ms/97.9%, 20ms/99.0%, 50ms/99.6%, 100ms/99.8%
[55.288s][info][gc,marking  ] GC(130) Mark: 2 stripe(s), 1 proactive flush(es), 1 terminate flush(es), 0 completion(s), 0 continuation(s) 
[55.288s][info][gc,marking  ] GC(130) Mark Stack Usage: 32M
[55.288s][info][gc,nmethod  ] GC(130) NMethods: 17756 registered, 2813 unregistered
[55.288s][info][gc,metaspace] GC(130) Metaspace: 154M used, 155M committed, 1216M reserved
[55.288s][info][gc,ref      ] GC(130) Soft: 3491 encountered, 0 discovered, 0 enqueued
[55.288s][info][gc,ref      ] GC(130) Weak: 15922 encountered, 5954 discovered, 833 enqueued
[55.288s][info][gc,ref      ] GC(130) Final: 52 encountered, 0 discovered, 0 enqueued
[55.288s][info][gc,ref      ] GC(130) Phantom: 600 encountered, 360 discovered, 0 enqueued
[55.288s][info][gc,reloc    ] GC(130) Small Pages: 115 / 230M, Empty: 0M, Relocated: 3M, In-Place: 0
[55.288s][info][gc,reloc    ] GC(130) Medium Pages: 7 / 224M, Empty: 96M, Relocated: 12M, In-Place: 0
[55.288s][info][gc,reloc    ] GC(130) Large Pages: 12 / 72M, Empty: 72M, Relocated: 0M, In-Place: 0
[55.288s][info][gc,reloc    ] GC(130) Forwarding Usage: 1M
[55.288s][info][gc,heap     ] GC(130) Min Capacity: 2048M(100%)
[55.288s][info][gc,heap     ] GC(130) Max Capacity: 2048M(100%)
[55.288s][info][gc,heap     ] GC(130) Soft Max Capacity: 2048M(100%)
[55.288s][info][gc,heap     ] GC(130)                Mark Start          Mark End        Relocate Start      Relocate End           High               Low         
[55.288s][info][gc,heap     ] GC(130)  Capacity:     2048M (100%)       2048M (100%)       2048M (100%)       2048M (100%)       2048M (100%)       2048M (100%)   
[55.288s][info][gc,heap     ] GC(130)      Free:     1522M (74%)        1520M (74%)        1680M (82%)        1864M (91%)        1864M (91%)        1512M (74%)    
[55.288s][info][gc,heap     ] GC(130)      Used:      526M (26%)         528M (26%)         368M (18%)         184M (9%)          536M (26%)         184M (9%)     
[55.288s][info][gc,heap     ] GC(130)      Live:         -               130M (6%)          130M (6%)          130M (6%)             -                  -          
[55.288s][info][gc,heap     ] GC(130) Allocated:         -                 2M (0%)           10M (0%)           17M (1%)             -                  -          
[55.288s][info][gc,heap     ] GC(130)   Garbage:         -               395M (19%)         227M (11%)          35M (2%)             -                  -          
[55.288s][info][gc,heap     ] GC(130) Reclaimed:         -                  -               168M (8%)          359M (18%)            -                  -          
[55.288s][info][gc          ] GC(130) Garbage Collection (System.gc()) 526M(26%)->184M(9%)
[55.610s][info][gc,start    ] GC(131) Garbage Collection (Allocation Rate)
[55.610s][info][gc,task     ] GC(131) Using 2 workers
[55.611s][info][gc,phases   ] GC(131) Pause Mark Start 0.008ms
[55.657s][info][gc,phases   ] GC(131) Concurrent Mark 46.445ms
[55.657s][info][gc,phases   ] GC(131) Pause Mark End 0.021ms
[55.657s][info][gc,phases   ] GC(131) Concurrent Mark Free 0.002ms
[55.673s][info][gc,phases   ] GC(131) Concurrent Process Non-Strong References 15.997ms
[55.673s][info][gc,phases   ] GC(131) Concurrent Reset Relocation Set 0.006ms
[55.674s][info][gc          ] Allocation Stall (Executor task launch worker for task 3.0 in stage 877.0 (TID 3513)) 57.792ms
[55.674s][info][gc          ] Allocation Stall (Executor task launch worker for task 4.0 in stage 877.0 (TID 3514)) 57.685ms
[55.674s][info][gc          ] Allocation Stall (Executor task launch worker for task 0.0 in stage 877.0 (TID 3510)) 58.074ms
[55.674s][info][gc          ] Allocation Stall (Executor task launch worker for task 1.0 in stage 877.0 (TID 3511)) 59.545ms
[55.674s][info][gc          ] Allocation Stall (Executor task launch worker for task 2.0 in stage 877.0 (TID 3512)) 57.681ms
[55.678s][info][gc,phases   ] GC(131) Concurrent Select Relocation Set 4.165ms
[55.678s][info][gc,phases   ] GC(131) Pause Relocate Start 0.017ms
[55.700s][info][gc,phases   ] GC(131) Concurrent Relocate 22.174ms
[55.700s][info][gc,load     ] GC(131) Load: 0.00/0.00/0.00
[55.700s][info][gc,mmu      ] GC(131) MMU: 2ms/89.6%, 5ms/95.9%, 10ms/97.9%, 20ms/99.0%, 50ms/99.6%, 100ms/99.8%
[55.700s][info][gc,marking  ] GC(131) Mark: 2 stripe(s), 2 proactive flush(es), 1 terminate flush(es), 0 completion(s), 0 continuation(s) 
[55.700s][info][gc,marking  ] GC(131) Mark Stack Usage: 32M
[55.700s][info][gc,nmethod  ] GC(131) NMethods: 17787 registered, 2822 unregistered
[55.700s][info][gc,metaspace] GC(131) Metaspace: 154M used, 155M committed, 1216M reserved
[55.700s][info][gc,ref      ] GC(131) Soft: 3555 encountered, 0 discovered, 0 enqueued
[55.700s][info][gc,ref      ] GC(131) Weak: 15452 encountered, 6827 discovered, 229 enqueued
[55.700s][info][gc,ref      ] GC(131) Final: 52 encountered, 0 discovered, 0 enqueued
[55.700s][info][gc,ref      ] GC(131) Phantom: 600 encountered, 381 discovered, 0 enqueued
[55.700s][info][gc,reloc    ] GC(131) Small Pages: 841 / 1682M, Empty: 1260M, Relocated: 8M, In-Place: 0
[55.700s][info][gc,reloc    ] GC(131) Medium Pages: 9 / 288M, Empty: 0M, Relocated: 49M, In-Place: 0
[55.700s][info][gc,reloc    ] GC(131) Large Pages: 6 / 36M, Empty: 36M, Relocated: 0M, In-Place: 0
[55.700s][info][gc,reloc    ] GC(131) Forwarding Usage: 1M
[55.700s][info][gc,heap     ] GC(131) Min Capacity: 2048M(100%)
[55.700s][info][gc,heap     ] GC(131) Max Capacity: 2048M(100%)
[55.700s][info][gc,heap     ] GC(131) Soft Max Capacity: 2048M(100%)
[55.701s][info][gc,heap     ] GC(131)                Mark Start          Mark End        Relocate Start      Relocate End           High               Low         
[55.701s][info][gc,heap     ] GC(131)  Capacity:     2048M (100%)       2048M (100%)       2048M (100%)       2048M (100%)       2048M (100%)       2048M (100%)   
[55.701s][info][gc,heap     ] GC(131)      Free:       42M (2%)            0M (0%)         1268M (62%)        1668M (81%)        1682M (82%)           0M (0%)     
[55.701s][info][gc,heap     ] GC(131)      Used:     2006M (98%)        2048M (100%)        780M (38%)         380M (19%)        2048M (100%)        366M (18%)    
[55.701s][info][gc,heap     ] GC(131)      Live:         -               184M (9%)          184M (9%)          184M (9%)             -                  -          
[55.701s][info][gc,heap     ] GC(131) Allocated:         -                42M (2%)           70M (3%)          151M (7%)             -                  -          
[55.701s][info][gc,heap     ] GC(131)   Garbage:         -              1821M (89%)         525M (26%)          43M (2%)             -                  -          
[55.701s][info][gc,heap     ] GC(131) Reclaimed:         -                  -              1296M (63%)        1777M (87%)            -                  -          
[55.701s][info][gc          ] GC(131) Garbage Collection (Allocation Rate) 2006M(98%)->380M(19%)
[55.705s][info][gc,start    ] GC(132) Garbage Collection (Allocation Stall)
[55.705s][info][gc,ref      ] GC(132) Clearing All SoftReferences
[55.705s][info][gc,task     ] GC(132) Using 2 workers
[55.705s][info][gc,ref      ] GC(132) Clearing All SoftReferences
[55.705s][info][gc,phases   ] GC(132) Pause Mark Start 0.060ms
[55.758s][info][gc,phases   ] GC(132) Concurrent Mark 53.377ms
[55.758s][info][gc,phases   ] GC(132) Pause Mark End 0.026ms
[55.758s][info][gc,phases   ] GC(132) Concurrent Mark Free 0.001ms
[55.793s][info][gc,phases   ] GC(132) Concurrent Process Non-Strong References 34.571ms
[55.793s][info][gc,phases   ] GC(132) Concurrent Reset Relocation Set 0.011ms
[55.796s][info][gc,phases   ] GC(132) Concurrent Select Relocation Set 2.830ms
[55.796s][info][gc,phases   ] GC(132) Pause Relocate Start 0.010ms
[55.804s][info][gc,phases   ] GC(132) Concurrent Relocate 7.681ms
[55.804s][info][gc,load     ] GC(132) Load: 0.00/0.00/0.00
[55.804s][info][gc,mmu      ] GC(132) MMU: 2ms/89.6%, 5ms/95.9%, 10ms/97.9%, 20ms/99.0%, 50ms/99.6%, 100ms/99.8%
[55.804s][info][gc,marking  ] GC(132) Mark: 2 stripe(s), 2 proactive flush(es), 1 terminate flush(es), 0 completion(s), 0 continuation(s) 
[55.804s][info][gc,marking  ] GC(132) Mark Stack Usage: 32M
[55.804s][info][gc,nmethod  ] GC(132) NMethods: 17780 registered, 2829 unregistered
[55.804s][info][gc,metaspace] GC(132) Metaspace: 154M used, 155M committed, 1216M reserved
[55.804s][info][gc,ref      ] GC(132) Soft: 3499 encountered, 3006 discovered, 251 enqueued
[55.804s][info][gc,ref      ] GC(132) Weak: 15163 encountered, 6146 discovered, 44 enqueued
[55.804s][info][gc,ref      ] GC(132) Final: 52 encountered, 0 discovered, 0 enqueued
[55.804s][info][gc,ref      ] GC(132) Phantom: 600 encountered, 377 discovered, 0 enqueued
[55.804s][info][gc,reloc    ] GC(132) Small Pages: 110 / 220M, Empty: 72M, Relocated: 10M, In-Place: 0
[55.804s][info][gc,reloc    ] GC(132) Medium Pages: 6 / 192M, Empty: 0M, Relocated: 23M, In-Place: 0
[55.804s][info][gc,reloc    ] GC(132) Large Pages: 0 / 0M, Empty: 0M, Relocated: 0M, In-Place: 0
[55.804s][info][gc,reloc    ] GC(132) Forwarding Usage: 2M
[55.804s][info][gc,heap     ] GC(132) Min Capacity: 2048M(100%)
[55.804s][info][gc,heap     ] GC(132) Max Capacity: 2048M(100%)
[55.804s][info][gc,heap     ] GC(132) Soft Max Capacity: 2048M(100%)
[55.804s][info][gc,heap     ] GC(132)                Mark Start          Mark End        Relocate Start      Relocate End           High               Low         
[55.804s][info][gc,heap     ] GC(132)  Capacity:     2048M (100%)       2048M (100%)       2048M (100%)       2048M (100%)       2048M (100%)       2048M (100%)   
[55.804s][info][gc,heap     ] GC(132)      Free:     1636M (80%)        1532M (75%)        1572M (77%)        1672M (82%)        1676M (82%)        1500M (73%)    
[55.804s][info][gc,heap     ] GC(132)      Used:      412M (20%)         516M (25%)         476M (23%)         376M (18%)         548M (27%)         372M (18%)    
[55.804s][info][gc,heap     ] GC(132)      Live:         -               193M (9%)          193M (9%)          193M (9%)             -                  -          
[55.804s][info][gc,heap     ] GC(132) Allocated:         -               104M (5%)          136M (7%)          141M (7%)             -                  -          
[55.804s][info][gc,heap     ] GC(132)   Garbage:         -               218M (11%)         146M (7%)           41M (2%)             -                  -          
[55.804s][info][gc,heap     ] GC(132) Reclaimed:         -                  -                72M (4%)          177M (9%)             -                  -          
[55.804s][info][gc          ] GC(132) Garbage Collection (Allocation Stall) 412M(20%)->376M(18%)
[55.902s][info][gc,start    ] GC(133) Garbage Collection (Allocation Rate)
[55.902s][info][gc,task     ] GC(133) Using 2 workers
[55.902s][info][gc,phases   ] GC(133) Pause Mark Start 0.008ms
[55.965s][info][gc,phases   ] GC(133) Concurrent Mark 63.242ms
[55.966s][info][gc,phases   ] GC(133) Pause Mark End 0.061ms
[55.966s][info][gc,phases   ] GC(133) Concurrent Mark Free 0.002ms
[56.004s][info][gc,phases   ] GC(133) Concurrent Process Non-Strong References 38.088ms
[56.004s][info][gc,phases   ] GC(133) Concurrent Reset Relocation Set 0.003ms
[56.006s][info][gc,phases   ] GC(133) Concurrent Select Relocation Set 1.986ms
[56.006s][info][gc,phases   ] GC(133) Pause Relocate Start 0.011ms
[56.014s][info][gc,phases   ] GC(133) Concurrent Relocate 7.634ms
[56.014s][info][gc,load     ] GC(133) Load: 0.00/0.00/0.00
[56.014s][info][gc,mmu      ] GC(133) MMU: 2ms/89.6%, 5ms/95.9%, 10ms/97.9%, 20ms/99.0%, 50ms/99.6%, 100ms/99.8%
[56.014s][info][gc,marking  ] GC(133) Mark: 2 stripe(s), 2 proactive flush(es), 1 terminate flush(es), 1 completion(s), 0 continuation(s) 
[56.014s][info][gc,marking  ] GC(133) Mark Stack Usage: 32M
[56.014s][info][gc,nmethod  ] GC(133) NMethods: 17788 registered, 2831 unregistered
[56.014s][info][gc,metaspace] GC(133) Metaspace: 154M used, 155M committed, 1216M reserved
[56.014s][info][gc,ref      ] GC(133) Soft: 3286 encountered, 0 discovered, 0 enqueued
[56.014s][info][gc,ref      ] GC(133) Weak: 15477 encountered, 6404 discovered, 453 enqueued
[56.014s][info][gc,ref      ] GC(133) Final: 52 encountered, 0 discovered, 0 enqueued
[56.014s][info][gc,ref      ] GC(133) Phantom: 600 encountered, 356 discovered, 0 enqueued
[56.014s][info][gc,reloc    ] GC(133) Small Pages: 99 / 198M, Empty: 24M, Relocated: 6M, In-Place: 0
[56.014s][info][gc,reloc    ] GC(133) Medium Pages: 7 / 224M, Empty: 32M, Relocated: 24M, In-Place: 0
[56.014s][info][gc,reloc    ] GC(133) Large Pages: 9 / 54M, Empty: 54M, Relocated: 0M, In-Place: 0
[56.014s][info][gc,reloc    ] GC(133) Forwarding Usage: 1M
[56.014s][info][gc,heap     ] GC(133) Min Capacity: 2048M(100%)
[56.014s][info][gc,heap     ] GC(133) Max Capacity: 2048M(100%)
[56.014s][info][gc,heap     ] GC(133) Soft Max Capacity: 2048M(100%)
[56.014s][info][gc,heap     ] GC(133)                Mark Start          Mark End        Relocate Start      Relocate End           High               Low         
[56.014s][info][gc,heap     ] GC(133)  Capacity:     2048M (100%)       2048M (100%)       2048M (100%)       2048M (100%)       2048M (100%)       2048M (100%)   
[56.014s][info][gc,heap     ] GC(133)      Free:     1572M (77%)        1492M (73%)        1580M (77%)        1708M (83%)        1708M (83%)        1472M (72%)    
[56.014s][info][gc,heap     ] GC(133)      Used:      476M (23%)         556M (27%)         468M (23%)         340M (17%)         576M (28%)         340M (17%)    
[56.014s][info][gc,heap     ] GC(133)      Live:         -               193M (9%)          193M (9%)          193M (9%)             -                  -          
[56.014s][info][gc,heap     ] GC(133) Allocated:         -                80M (4%)          102M (5%)          105M (5%)             -                  -          
[56.014s][info][gc,heap     ] GC(133)   Garbage:         -               282M (14%)         172M (8%)           40M (2%)             -                  -          
[56.014s][info][gc,heap     ] GC(133) Reclaimed:         -                  -               110M (5%)          241M (12%)            -                  -          
[56.014s][info][gc          ] GC(133) Garbage Collection (Allocation Rate) 476M(23%)->340M(17%)
[56.110s][info][gc,start    ] GC(134) Garbage Collection (Allocation Rate)
[56.110s][info][gc,task     ] GC(134) Using 2 workers
[56.111s][info][gc,phases   ] GC(134) Pause Mark Start 0.011ms
[56.176s][info][gc,phases   ] GC(134) Concurrent Mark 65.466ms
[56.176s][info][gc,phases   ] GC(134) Pause Mark End 0.081ms
[56.176s][info][gc,phases   ] GC(134) Concurrent Mark Free 0.001ms
[56.194s][info][gc,phases   ] GC(134) Concurrent Process Non-Strong References 17.814ms
[56.194s][info][gc,phases   ] GC(134) Concurrent Reset Relocation Set 0.009ms
[56.197s][info][gc,phases   ] GC(134) Concurrent Select Relocation Set 2.349ms
[56.197s][info][gc,phases   ] GC(134) Pause Relocate Start 0.011ms
[56.198s][info][gc,phases   ] GC(134) Concurrent Relocate 1.495ms
[56.198s][info][gc,load     ] GC(134) Load: 0.00/0.00/0.00
[56.198s][info][gc,mmu      ] GC(134) MMU: 2ms/89.6%, 5ms/95.9%, 10ms/97.9%, 20ms/99.0%, 50ms/99.6%, 100ms/99.8%
[56.198s][info][gc,marking  ] GC(134) Mark: 2 stripe(s), 2 proactive flush(es), 1 terminate flush(es), 1 completion(s), 0 continuation(s) 
[56.198s][info][gc,marking  ] GC(134) Mark Stack Usage: 32M
[56.198s][info][gc,nmethod  ] GC(134) NMethods: 17797 registered, 2837 unregistered
[56.198s][info][gc,metaspace] GC(134) Metaspace: 154M used, 155M committed, 1216M reserved
[56.198s][info][gc,ref      ] GC(134) Soft: 3284 encountered, 0 discovered, 0 enqueued
[56.198s][info][gc,ref      ] GC(134) Weak: 15542 encountered, 5804 discovered, 445 enqueued
[56.199s][info][gc,ref      ] GC(134) Final: 52 encountered, 0 discovered, 0 enqueued
[56.199s][info][gc,ref      ] GC(134) Phantom: 601 encountered, 372 discovered, 1 enqueued
[56.199s][info][gc,reloc    ] GC(134) Small Pages: 88 / 176M, Empty: 0M, Relocated: 2M, In-Place: 0
[56.199s][info][gc,reloc    ] GC(134) Medium Pages: 7 / 224M, Empty: 64M, Relocated: 0M, In-Place: 0
[56.199s][info][gc,reloc    ] GC(134) Large Pages: 10 / 60M, Empty: 60M, Relocated: 0M, In-Place: 0
[56.199s][info][gc,reloc    ] GC(134) Forwarding Usage: 0M
[56.199s][info][gc,heap     ] GC(134) Min Capacity: 2048M(100%)
[56.199s][info][gc,heap     ] GC(134) Max Capacity: 2048M(100%)
[56.199s][info][gc,heap     ] GC(134) Soft Max Capacity: 2048M(100%)
[56.199s][info][gc,heap     ] GC(134)                Mark Start          Mark End        Relocate Start      Relocate End           High               Low         
[56.199s][info][gc,heap     ] GC(134)  Capacity:     2048M (100%)       2048M (100%)       2048M (100%)       2048M (100%)       2048M (100%)       2048M (100%)   
[56.199s][info][gc,heap     ] GC(134)      Free:     1588M (78%)        1506M (74%)        1612M (79%)        1716M (84%)        1716M (84%)        1492M (73%)    
[56.199s][info][gc,heap     ] GC(134)      Used:      460M (22%)         542M (26%)         436M (21%)         332M (16%)         556M (27%)         332M (16%)    
[56.199s][info][gc,heap     ] GC(134)      Live:         -               193M (9%)          193M (9%)          193M (9%)             -                  -          
[56.199s][info][gc,heap     ] GC(134) Allocated:         -                82M (4%)          100M (5%)           99M (5%)             -                  -          
[56.199s][info][gc,heap     ] GC(134)   Garbage:         -               266M (13%)         142M (7%)           38M (2%)             -                  -          
[56.199s][info][gc,heap     ] GC(134) Reclaimed:         -                  -               124M (6%)          227M (11%)            -                  -          
[56.199s][info][gc          ] GC(134) Garbage Collection (Allocation Rate) 460M(22%)->332M(16%)
[56.812s][info][gc,start    ] GC(135) Garbage Collection (Allocation Rate)
[56.813s][info][gc,task     ] GC(135) Using 2 workers
[56.813s][info][gc,phases   ] GC(135) Pause Mark Start 0.010ms
[56.865s][info][gc,phases   ] GC(135) Concurrent Mark 52.718ms
[56.866s][info][gc,phases   ] GC(135) Pause Mark End 0.022ms
[56.866s][info][gc,phases   ] GC(135) Concurrent Mark Free 0.001ms
[56.882s][info][gc,phases   ] GC(135) Concurrent Process Non-Strong References 16.853ms
[56.883s][info][gc,phases   ] GC(135) Concurrent Reset Relocation Set 0.005ms
[56.885s][info][gc,phases   ] GC(135) Concurrent Select Relocation Set 2.030ms
[56.885s][info][gc,phases   ] GC(135) Pause Relocate Start 0.008ms
[56.886s][info][gc,phases   ] GC(135) Concurrent Relocate 1.521ms
[56.886s][info][gc,load     ] GC(135) Load: 0.00/0.00/0.00
[56.886s][info][gc,mmu      ] GC(135) MMU: 2ms/89.6%, 5ms/95.9%, 10ms/97.9%, 20ms/99.0%, 50ms/99.6%, 100ms/99.8%
[56.886s][info][gc,marking  ] GC(135) Mark: 2 stripe(s), 2 proactive flush(es), 1 terminate flush(es), 0 completion(s), 0 continuation(s) 
[56.886s][info][gc,marking  ] GC(135) Mark Stack Usage: 32M
[56.886s][info][gc,nmethod  ] GC(135) NMethods: 17829 registered, 2859 unregistered
[56.886s][info][gc,metaspace] GC(135) Metaspace: 154M used, 155M committed, 1216M reserved
[56.886s][info][gc,ref      ] GC(135) Soft: 3281 encountered, 0 discovered, 0 enqueued
[56.886s][info][gc,ref      ] GC(135) Weak: 16861 encountered, 9403 discovered, 1892 enqueued
[56.886s][info][gc,ref      ] GC(135) Final: 52 encountered, 0 discovered, 0 enqueued
[56.886s][info][gc,ref      ] GC(135) Phantom: 600 encountered, 376 discovered, 0 enqueued
[56.886s][info][gc,reloc    ] GC(135) Small Pages: 186 / 372M, Empty: 2M, Relocated: 3M, In-Place: 0
[56.886s][info][gc,reloc    ] GC(135) Medium Pages: 9 / 288M, Empty: 128M, Relocated: 0M, In-Place: 0
[56.886s][info][gc,reloc    ] GC(135) Large Pages: 37 / 222M, Empty: 216M, Relocated: 0M, In-Place: 0
[56.886s][info][gc,reloc    ] GC(135) Forwarding Usage: 0M
[56.886s][info][gc,heap     ] GC(135) Min Capacity: 2048M(100%)
[56.886s][info][gc,heap     ] GC(135) Max Capacity: 2048M(100%)
[56.886s][info][gc,heap     ] GC(135) Soft Max Capacity: 2048M(100%)
[56.886s][info][gc,heap     ] GC(135)                Mark Start          Mark End        Relocate Start      Relocate End           High               Low         
[56.886s][info][gc,heap     ] GC(135)  Capacity:     2048M (100%)       2048M (100%)       2048M (100%)       2048M (100%)       2048M (100%)       2048M (100%)   
[56.887s][info][gc,heap     ] GC(135)      Free:     1166M (57%)        1092M (53%)        1420M (69%)        1714M (84%)        1714M (84%)        1076M (53%)    
[56.887s][info][gc,heap     ] GC(135)      Used:      882M (43%)         956M (47%)         628M (31%)         334M (16%)         972M (47%)         334M (16%)    
[56.887s][info][gc,heap     ] GC(135)      Live:         -               200M (10%)         200M (10%)         200M (10%)            -                  -          
[56.887s][info][gc,heap     ] GC(135) Allocated:         -                74M (4%)           92M (4%)           93M (5%)             -                  -          
[56.887s][info][gc,heap     ] GC(135)   Garbage:         -               681M (33%)         335M (16%)          39M (2%)             -                  -          
[56.887s][info][gc,heap     ] GC(135) Reclaimed:         -                  -               346M (17%)         641M (31%)            -                  -          
[56.887s][info][gc          ] GC(135) Garbage Collection (Allocation Rate) 882M(43%)->334M(16%)
[57.057s][info][gc,start    ] GC(136) Garbage Collection (System.gc())
[57.057s][info][gc,task     ] GC(136) Using 2 workers
[57.057s][info][gc,phases   ] GC(136) Pause Mark Start 0.009ms
[57.104s][info][gc,phases   ] GC(136) Concurrent Mark 46.888ms
[57.105s][info][gc,phases   ] GC(136) Pause Mark End 0.031ms
[57.105s][info][gc,phases   ] GC(136) Concurrent Mark Free 0.002ms
[57.122s][info][gc,phases   ] GC(136) Concurrent Process Non-Strong References 17.098ms
[57.122s][info][gc,phases   ] GC(136) Concurrent Reset Relocation Set 0.007ms
[57.124s][info][gc,phases   ] GC(136) Concurrent Select Relocation Set 2.019ms
[57.124s][info][gc,phases   ] GC(136) Pause Relocate Start 0.007ms
[57.126s][info][gc,phases   ] GC(136) Concurrent Relocate 1.626ms
[57.126s][info][gc,load     ] GC(136) Load: 0.00/0.00/0.00
[57.126s][info][gc,mmu      ] GC(136) MMU: 2ms/89.6%, 5ms/95.9%, 10ms/97.9%, 20ms/99.0%, 50ms/99.6%, 100ms/99.8%
[57.126s][info][gc,marking  ] GC(136) Mark: 2 stripe(s), 1 proactive flush(es), 1 terminate flush(es), 0 completion(s), 0 continuation(s) 
[57.126s][info][gc,marking  ] GC(136) Mark Stack Usage: 32M
[57.126s][info][gc,nmethod  ] GC(136) NMethods: 17859 registered, 2870 unregistered
[57.126s][info][gc,metaspace] GC(136) Metaspace: 154M used, 155M committed, 1216M reserved
[57.126s][info][gc,ref      ] GC(136) Soft: 3498 encountered, 0 discovered, 0 enqueued
[57.126s][info][gc,ref      ] GC(136) Weak: 15788 encountered, 7047 discovered, 698 enqueued
[57.126s][info][gc,ref      ] GC(136) Final: 52 encountered, 0 discovered, 0 enqueued
[57.126s][info][gc,ref      ] GC(136) Phantom: 600 encountered, 351 discovered, 0 enqueued
[57.126s][info][gc,reloc    ] GC(136) Small Pages: 107 / 214M, Empty: 4M, Relocated: 3M, In-Place: 0
[57.126s][info][gc,reloc    ] GC(136) Medium Pages: 6 / 192M, Empty: 96M, Relocated: 0M, In-Place: 0
[57.126s][info][gc,reloc    ] GC(136) Large Pages: 9 / 54M, Empty: 54M, Relocated: 0M, In-Place: 0
[57.126s][info][gc,reloc    ] GC(136) Forwarding Usage: 0M
[57.126s][info][gc,heap     ] GC(136) Min Capacity: 2048M(100%)
[57.126s][info][gc,heap     ] GC(136) Max Capacity: 2048M(100%)
[57.126s][info][gc,heap     ] GC(136) Soft Max Capacity: 2048M(100%)
[57.126s][info][gc,heap     ] GC(136)                Mark Start          Mark End        Relocate Start      Relocate End           High               Low         
[57.126s][info][gc,heap     ] GC(136)  Capacity:     2048M (100%)       2048M (100%)       2048M (100%)       2048M (100%)       2048M (100%)       2048M (100%)   
[57.126s][info][gc,heap     ] GC(136)      Free:     1588M (78%)        1588M (78%)        1730M (84%)        1868M (91%)        1868M (91%)        1578M (77%)    
[57.126s][info][gc,heap     ] GC(136)      Used:      460M (22%)         460M (22%)         318M (16%)         180M (9%)          470M (23%)         180M (9%)     
[57.126s][info][gc,heap     ] GC(136)      Live:         -               130M (6%)          130M (6%)          130M (6%)             -                  -          
[57.126s][info][gc,heap     ] GC(136) Allocated:         -                 0M (0%)           12M (1%)           13M (1%)             -                  -          
[57.126s][info][gc,heap     ] GC(136)   Garbage:         -               329M (16%)         175M (9%)           35M (2%)             -                  -          
[57.126s][info][gc,heap     ] GC(136) Reclaimed:         -                  -               154M (8%)          293M (14%)            -                  -          
[57.126s][info][gc          ] GC(136) Garbage Collection (System.gc()) 460M(22%)->180M(9%)
[57.406s][info][gc,start    ] GC(137) Garbage Collection (Allocation Rate)
[57.406s][info][gc,task     ] GC(137) Using 2 workers
[57.406s][info][gc,phases   ] GC(137) Pause Mark Start 0.015ms
[57.484s][info][gc,phases   ] GC(137) Concurrent Mark 78.192ms
[57.485s][info][gc,phases   ] GC(137) Pause Mark End 0.038ms
[57.485s][info][gc,phases   ] GC(137) Concurrent Mark Free 0.003ms
[57.517s][info][gc,phases   ] GC(137) Concurrent Process Non-Strong References 31.838ms
[57.517s][info][gc,phases   ] GC(137) Concurrent Reset Relocation Set 0.004ms
[57.517s][info][gc          ] Allocation Stall (Executor task launch worker for task 4.0 in stage 923.0 (TID 3698)) 53.637ms
[57.517s][info][gc          ] Allocation Stall (Executor task launch worker for task 3.0 in stage 923.0 (TID 3697)) 52.199ms
[57.517s][info][gc          ] Allocation Stall (Executor task launch worker for task 1.0 in stage 923.0 (TID 3695)) 53.499ms
[57.517s][info][gc          ] Allocation Stall (Spark Context Cleaner) 53.574ms
[57.517s][info][gc          ] Allocation Stall (Executor task launch worker for task 2.0 in stage 923.0 (TID 3696)) 52.548ms
[57.517s][info][gc          ] Allocation Stall (Executor task launch worker for task 0.0 in stage 923.0 (TID 3694)) 52.748ms
[57.522s][info][gc,phases   ] GC(137) Concurrent Select Relocation Set 4.851ms
[57.522s][info][gc,phases   ] GC(137) Pause Relocate Start 0.030ms
[57.543s][info][gc,phases   ] GC(137) Concurrent Relocate 21.124ms
[57.543s][info][gc,load     ] GC(137) Load: 0.00/0.00/0.00
[57.543s][info][gc,mmu      ] GC(137) MMU: 2ms/89.6%, 5ms/95.9%, 10ms/97.9%, 20ms/99.0%, 50ms/99.6%, 100ms/99.8%
[57.543s][info][gc,marking  ] GC(137) Mark: 2 stripe(s), 2 proactive flush(es), 1 terminate flush(es), 0 completion(s), 0 continuation(s) 
[57.543s][info][gc,marking  ] GC(137) Mark Stack Usage: 32M
[57.543s][info][gc,nmethod  ] GC(137) NMethods: 17870 registered, 2884 unregistered
[57.543s][info][gc,metaspace] GC(137) Metaspace: 154M used, 155M committed, 1216M reserved
[57.543s][info][gc,ref      ] GC(137) Soft: 3562 encountered, 0 discovered, 0 enqueued
[57.543s][info][gc,ref      ] GC(137) Weak: 15456 encountered, 5922 discovered, 227 enqueued
[57.543s][info][gc,ref      ] GC(137) Final: 52 encountered, 0 discovered, 0 enqueued
[57.543s][info][gc,ref      ] GC(137) Phantom: 600 encountered, 372 discovered, 0 enqueued
[57.543s][info][gc,reloc    ] GC(137) Small Pages: 749 / 1498M, Empty: 1152M, Relocated: 3M, In-Place: 0
[57.543s][info][gc,reloc    ] GC(137) Medium Pages: 8 / 256M, Empty: 0M, Relocated: 52M, In-Place: 0
[57.543s][info][gc,reloc    ] GC(137) Large Pages: 6 / 36M, Empty: 36M, Relocated: 0M, In-Place: 0
[57.543s][info][gc,reloc    ] GC(137) Forwarding Usage: 0M
[57.543s][info][gc,heap     ] GC(137) Min Capacity: 2048M(100%)
[57.543s][info][gc,heap     ] GC(137) Max Capacity: 2048M(100%)
[57.543s][info][gc,heap     ] GC(137) Soft Max Capacity: 2048M(100%)
[57.543s][info][gc,heap     ] GC(137)                Mark Start          Mark End        Relocate Start      Relocate End           High               Low         
[57.543s][info][gc,heap     ] GC(137)  Capacity:     2048M (100%)       2048M (100%)       2048M (100%)       2048M (100%)       2048M (100%)       2048M (100%)   
[57.543s][info][gc,heap     ] GC(137)      Free:      258M (13%)           0M (0%)         1150M (56%)        1432M (70%)        1432M (70%)           0M (0%)     
[57.544s][info][gc,heap     ] GC(137)      Used:     1790M (87%)        2048M (100%)        898M (44%)         616M (30%)        2048M (100%)        616M (30%)    
[57.544s][info][gc,heap     ] GC(137)      Live:         -               172M (8%)          172M (8%)          172M (8%)             -                  -          
[57.544s][info][gc,heap     ] GC(137) Allocated:         -               258M (13%)         296M (14%)         400M (20%)            -                  -          
[57.544s][info][gc,heap     ] GC(137)   Garbage:         -              1617M (79%)         429M (21%)          42M (2%)             -                  -          
[57.544s][info][gc,heap     ] GC(137) Reclaimed:         -                  -              1188M (58%)        1574M (77%)            -                  -          
[57.544s][info][gc          ] GC(137) Garbage Collection (Allocation Rate) 1790M(87%)->616M(30%)
[57.606s][info][gc,start    ] GC(138) Garbage Collection (Allocation Stall)
[57.606s][info][gc,ref      ] GC(138) Clearing All SoftReferences
[57.606s][info][gc,task     ] GC(138) Using 2 workers
[57.606s][info][gc,ref      ] GC(138) Clearing All SoftReferences
[57.606s][info][gc,phases   ] GC(138) Pause Mark Start 0.045ms
[57.655s][info][gc,phases   ] GC(138) Concurrent Mark 49.355ms
[57.655s][info][gc,phases   ] GC(138) Pause Mark End 0.049ms
[57.655s][info][gc,phases   ] GC(138) Concurrent Mark Free 0.001ms
[57.690s][info][gc,phases   ] GC(138) Concurrent Process Non-Strong References 34.752ms
[57.690s][info][gc,phases   ] GC(138) Concurrent Reset Relocation Set 0.011ms
[57.692s][info][gc,phases   ] GC(138) Concurrent Select Relocation Set 2.171ms
[57.693s][info][gc,phases   ] GC(138) Pause Relocate Start 0.011ms
[57.701s][info][gc,phases   ] GC(138) Concurrent Relocate 8.739ms
[57.701s][info][gc,load     ] GC(138) Load: 0.00/0.00/0.00
[57.701s][info][gc,mmu      ] GC(138) MMU: 2ms/89.6%, 5ms/95.9%, 10ms/97.9%, 20ms/99.0%, 50ms/99.6%, 100ms/99.8%
[57.701s][info][gc,marking  ] GC(138) Mark: 2 stripe(s), 2 proactive flush(es), 1 terminate flush(es), 1 completion(s), 0 continuation(s) 
[57.701s][info][gc,marking  ] GC(138) Mark Stack Usage: 32M
[57.701s][info][gc,nmethod  ] GC(138) NMethods: 17889 registered, 2886 unregistered
[57.701s][info][gc,metaspace] GC(138) Metaspace: 154M used, 155M committed, 1216M reserved
[57.701s][info][gc,ref      ] GC(138) Soft: 3491 encountered, 2990 discovered, 252 enqueued
[57.701s][info][gc,ref      ] GC(138) Weak: 15342 encountered, 6450 discovered, 199 enqueued
[57.701s][info][gc,ref      ] GC(138) Final: 52 encountered, 0 discovered, 0 enqueued
[57.702s][info][gc,ref      ] GC(138) Phantom: 600 encountered, 370 discovered, 0 enqueued
[57.702s][info][gc,reloc    ] GC(138) Small Pages: 234 / 468M, Empty: 258M, Relocated: 4M, In-Place: 0
[57.702s][info][gc,reloc    ] GC(138) Medium Pages: 8 / 256M, Empty: 32M, Relocated: 44M, In-Place: 0
[57.702s][info][gc,reloc    ] GC(138) Large Pages: 3 / 18M, Empty: 18M, Relocated: 0M, In-Place: 0
[57.702s][info][gc,reloc    ] GC(138) Forwarding Usage: 1M
[57.702s][info][gc,heap     ] GC(138) Min Capacity: 2048M(100%)
[57.702s][info][gc,heap     ] GC(138) Max Capacity: 2048M(100%)
[57.702s][info][gc,heap     ] GC(138) Soft Max Capacity: 2048M(100%)
[57.702s][info][gc,heap     ] GC(138)                Mark Start          Mark End        Relocate Start      Relocate End           High               Low         
[57.702s][info][gc,heap     ] GC(138)  Capacity:     2048M (100%)       2048M (100%)       2048M (100%)       2048M (100%)       2048M (100%)       2048M (100%)   
[57.702s][info][gc,heap     ] GC(138)      Free:     1306M (64%)        1248M (61%)        1518M (74%)        1710M (83%)        1710M (83%)        1214M (59%)    
[57.702s][info][gc,heap     ] GC(138)      Used:      742M (36%)         800M (39%)         530M (26%)         338M (17%)         834M (41%)         338M (17%)    
[57.702s][info][gc,heap     ] GC(138)      Live:         -               192M (9%)          192M (9%)          192M (9%)             -                  -          
[57.702s][info][gc,heap     ] GC(138) Allocated:         -                58M (3%)           96M (5%)          103M (5%)             -                  -          
[57.702s][info][gc,heap     ] GC(138)   Garbage:         -               549M (27%)         241M (12%)          41M (2%)             -                  -          
[57.702s][info][gc,heap     ] GC(138) Reclaimed:         -                  -               308M (15%)         507M (25%)            -                  -          
[57.702s][info][gc          ] GC(138) Garbage Collection (Allocation Stall) 742M(36%)->338M(17%)
[57.715s][info][gc,start    ] GC(139) Garbage Collection (Allocation Rate)
[57.715s][info][gc,task     ] GC(139) Using 2 workers
[57.716s][info][gc,phases   ] GC(139) Pause Mark Start 0.012ms
[57.779s][info][gc,phases   ] GC(139) Concurrent Mark 63.570ms
[57.779s][info][gc,phases   ] GC(139) Pause Mark End 0.072ms
[57.779s][info][gc,phases   ] GC(139) Concurrent Mark Free 0.001ms
[57.814s][info][gc,phases   ] GC(139) Concurrent Process Non-Strong References 34.724ms
[57.814s][info][gc,phases   ] GC(139) Concurrent Reset Relocation Set 0.006ms
[57.817s][info][gc,phases   ] GC(139) Concurrent Select Relocation Set 2.550ms
[57.817s][info][gc,phases   ] GC(139) Pause Relocate Start 0.011ms
[57.819s][info][gc,phases   ] GC(139) Concurrent Relocate 1.822ms
[57.819s][info][gc,load     ] GC(139) Load: 0.00/0.00/0.00
[57.819s][info][gc,mmu      ] GC(139) MMU: 2ms/89.6%, 5ms/95.9%, 10ms/97.9%, 20ms/99.0%, 50ms/99.6%, 100ms/99.8%
[57.819s][info][gc,marking  ] GC(139) Mark: 2 stripe(s), 2 proactive flush(es), 1 terminate flush(es), 1 completion(s), 0 continuation(s) 
[57.819s][info][gc,marking  ] GC(139) Mark Stack Usage: 32M
[57.819s][info][gc,nmethod  ] GC(139) NMethods: 17887 registered, 2889 unregistered
[57.819s][info][gc,metaspace] GC(139) Metaspace: 154M used, 155M committed, 1216M reserved
[57.819s][info][gc,ref      ] GC(139) Soft: 3266 encountered, 0 discovered, 0 enqueued
[57.819s][info][gc,ref      ] GC(139) Weak: 15219 encountered, 5846 discovered, 153 enqueued
[57.819s][info][gc,ref      ] GC(139) Final: 52 encountered, 0 discovered, 0 enqueued
[57.819s][info][gc,ref      ] GC(139) Phantom: 600 encountered, 370 discovered, 0 enqueued
[57.819s][info][gc,reloc    ] GC(139) Small Pages: 61 / 122M, Empty: 0M, Relocated: 1M, In-Place: 0
[57.819s][info][gc,reloc    ] GC(139) Medium Pages: 6 / 192M, Empty: 32M, Relocated: 0M, In-Place: 0
[57.819s][info][gc,reloc    ] GC(139) Large Pages: 4 / 24M, Empty: 24M, Relocated: 0M, In-Place: 0
[57.819s][info][gc,reloc    ] GC(139) Forwarding Usage: 0M
[57.819s][info][gc,heap     ] GC(139) Min Capacity: 2048M(100%)
[57.819s][info][gc,heap     ] GC(139) Max Capacity: 2048M(100%)
[57.819s][info][gc,heap     ] GC(139) Soft Max Capacity: 2048M(100%)
[57.819s][info][gc,heap     ] GC(139)                Mark Start          Mark End        Relocate Start      Relocate End           High               Low         
[57.819s][info][gc,heap     ] GC(139)  Capacity:     2048M (100%)       2048M (100%)       2048M (100%)       2048M (100%)       2048M (100%)       2048M (100%)   
[57.819s][info][gc,heap     ] GC(139)      Free:     1710M (83%)        1628M (79%)        1656M (81%)        1706M (83%)        1710M (83%)        1600M (78%)    
[57.819s][info][gc,heap     ] GC(139)      Used:      338M (17%)         420M (21%)         392M (19%)         342M (17%)         448M (22%)         338M (17%)    
[57.819s][info][gc,heap     ] GC(139)      Live:         -               192M (9%)          192M (9%)          192M (9%)             -                  -          
[57.819s][info][gc,heap     ] GC(139) Allocated:         -                82M (4%)          110M (5%)          109M (5%)             -                  -          
[57.819s][info][gc,heap     ] GC(139)   Garbage:         -               145M (7%)           89M (4%)           39M (2%)             -                  -          
[57.819s][info][gc,heap     ] GC(139) Reclaimed:         -                  -                56M (3%)          105M (5%)             -                  -          
[57.819s][info][gc          ] GC(139) Garbage Collection (Allocation Rate) 338M(17%)->342M(17%)
[57.915s][info][gc,start    ] GC(140) Garbage Collection (Allocation Rate)
[57.915s][info][gc,task     ] GC(140) Using 2 workers
[57.915s][info][gc,phases   ] GC(140) Pause Mark Start 0.006ms
[57.968s][info][gc,phases   ] GC(140) Concurrent Mark 52.358ms
[57.968s][info][gc,phases   ] GC(140) Pause Mark End 0.040ms
[57.968s][info][gc,phases   ] GC(140) Concurrent Mark Free 0.001ms
[57.987s][info][gc,phases   ] GC(140) Concurrent Process Non-Strong References 19.100ms
[57.987s][info][gc,phases   ] GC(140) Concurrent Reset Relocation Set 0.003ms
[57.989s][info][gc,phases   ] GC(140) Concurrent Select Relocation Set 2.203ms
[57.989s][info][gc,phases   ] GC(140) Pause Relocate Start 0.012ms
[57.991s][info][gc,phases   ] GC(140) Concurrent Relocate 1.421ms
[57.991s][info][gc,load     ] GC(140) Load: 0.00/0.00/0.00
[57.991s][info][gc,mmu      ] GC(140) MMU: 2ms/89.6%, 5ms/95.9%, 10ms/97.9%, 20ms/99.0%, 50ms/99.6%, 100ms/99.8%
[57.991s][info][gc,marking  ] GC(140) Mark: 2 stripe(s), 2 proactive flush(es), 1 terminate flush(es), 0 completion(s), 0 continuation(s) 
[57.991s][info][gc,marking  ] GC(140) Mark Stack Usage: 32M
[57.991s][info][gc,nmethod  ] GC(140) NMethods: 17886 registered, 2890 unregistered
[57.991s][info][gc,metaspace] GC(140) Metaspace: 154M used, 155M committed, 1216M reserved
[57.991s][info][gc,ref      ] GC(140) Soft: 3280 encountered, 0 discovered, 0 enqueued
[57.991s][info][gc,ref      ] GC(140) Weak: 15542 encountered, 6555 discovered, 588 enqueued
[57.991s][info][gc,ref      ] GC(140) Final: 52 encountered, 0 discovered, 0 enqueued
[57.991s][info][gc,ref      ] GC(140) Phantom: 600 encountered, 379 discovered, 0 enqueued
[57.991s][info][gc,reloc    ] GC(140) Small Pages: 80 / 160M, Empty: 4M, Relocated: 1M, In-Place: 0
[57.991s][info][gc,reloc    ] GC(140) Medium Pages: 6 / 192M, Empty: 32M, Relocated: 0M, In-Place: 0
[57.991s][info][gc,reloc    ] GC(140) Large Pages: 10 / 60M, Empty: 60M, Relocated: 0M, In-Place: 0
[57.991s][info][gc,reloc    ] GC(140) Forwarding Usage: 0M
[57.991s][info][gc,heap     ] GC(140) Min Capacity: 2048M(100%)
[57.991s][info][gc,heap     ] GC(140) Max Capacity: 2048M(100%)
[57.991s][info][gc,heap     ] GC(140) Soft Max Capacity: 2048M(100%)
[57.991s][info][gc,heap     ] GC(140)                Mark Start          Mark End        Relocate Start      Relocate End           High               Low         
[57.991s][info][gc,heap     ] GC(140)  Capacity:     2048M (100%)       2048M (100%)       2048M (100%)       2048M (100%)       2048M (100%)       2048M (100%)   
[57.991s][info][gc,heap     ] GC(140)      Free:     1636M (80%)        1562M (76%)        1642M (80%)        1724M (84%)        1724M (84%)        1546M (75%)    
[57.991s][info][gc,heap     ] GC(140)      Used:      412M (20%)         486M (24%)         406M (20%)         324M (16%)         502M (25%)         324M (16%)    
[57.991s][info][gc,heap     ] GC(140)      Live:         -               192M (9%)          192M (9%)          192M (9%)             -                  -          
[57.991s][info][gc,heap     ] GC(140) Allocated:         -                74M (4%)           90M (4%)           89M (4%)             -                  -          
[57.991s][info][gc,heap     ] GC(140)   Garbage:         -               219M (11%)         123M (6%)           41M (2%)             -                  -          
[57.991s][info][gc,heap     ] GC(140) Reclaimed:         -                  -                96M (5%)          177M (9%)             -                  -          
[57.991s][info][gc          ] GC(140) Garbage Collection (Allocation Rate) 412M(20%)->324M(16%)
[58.006s][info][gc,start    ] GC(141) Garbage Collection (Allocation Rate)
[58.006s][info][gc,task     ] GC(141) Using 2 workers
[58.006s][info][gc,phases   ] GC(141) Pause Mark Start 0.007ms
[58.056s][info][gc,phases   ] GC(141) Concurrent Mark 49.388ms
[58.056s][info][gc,phases   ] GC(141) Pause Mark End 0.023ms
[58.056s][info][gc,phases   ] GC(141) Concurrent Mark Free 0.001ms
[58.073s][info][gc,phases   ] GC(141) Concurrent Process Non-Strong References 17.387ms
[58.073s][info][gc,phases   ] GC(141) Concurrent Reset Relocation Set 0.003ms
[58.076s][info][gc,phases   ] GC(141) Concurrent Select Relocation Set 2.412ms
[58.076s][info][gc,phases   ] GC(141) Pause Relocate Start 0.016ms
[58.078s][info][gc,phases   ] GC(141) Concurrent Relocate 2.284ms
[58.078s][info][gc,load     ] GC(141) Load: 0.00/0.00/0.00
[58.078s][info][gc,mmu      ] GC(141) MMU: 2ms/89.6%, 5ms/95.9%, 10ms/97.9%, 20ms/99.0%, 50ms/99.6%, 100ms/99.8%
[58.078s][info][gc,marking  ] GC(141) Mark: 2 stripe(s), 2 proactive flush(es), 1 terminate flush(es), 0 completion(s), 0 continuation(s) 
[58.078s][info][gc,marking  ] GC(141) Mark Stack Usage: 32M
[58.078s][info][gc,nmethod  ] GC(141) NMethods: 17890 registered, 2890 unregistered
[58.078s][info][gc,metaspace] GC(141) Metaspace: 154M used, 155M committed, 1216M reserved
[58.078s][info][gc,ref      ] GC(141) Soft: 3284 encountered, 0 discovered, 0 enqueued
[58.078s][info][gc,ref      ] GC(141) Weak: 15172 encountered, 5405 discovered, 159 enqueued
[58.078s][info][gc,ref      ] GC(141) Final: 52 encountered, 0 discovered, 0 enqueued
[58.078s][info][gc,ref      ] GC(141) Phantom: 600 encountered, 372 discovered, 0 enqueued
[58.078s][info][gc,reloc    ] GC(141) Small Pages: 67 / 134M, Empty: 0M, Relocated: 3M, In-Place: 0
[58.078s][info][gc,reloc    ] GC(141) Medium Pages: 6 / 192M, Empty: 32M, Relocated: 0M, In-Place: 0
[58.078s][info][gc,reloc    ] GC(141) Large Pages: 4 / 24M, Empty: 24M, Relocated: 0M, In-Place: 0
[58.078s][info][gc,reloc    ] GC(141) Forwarding Usage: 1M
[58.078s][info][gc,heap     ] GC(141) Min Capacity: 2048M(100%)
[58.078s][info][gc,heap     ] GC(141) Max Capacity: 2048M(100%)
[58.078s][info][gc,heap     ] GC(141) Soft Max Capacity: 2048M(100%)
[58.078s][info][gc,heap     ] GC(141)                Mark Start          Mark End        Relocate Start      Relocate End           High               Low         
[58.078s][info][gc,heap     ] GC(141)  Capacity:     2048M (100%)       2048M (100%)       2048M (100%)       2048M (100%)       2048M (100%)       2048M (100%)   
[58.078s][info][gc,heap     ] GC(141)      Free:     1698M (83%)        1640M (80%)        1666M (81%)        1726M (84%)        1726M (84%)        1610M (79%)    
[58.078s][info][gc,heap     ] GC(141)      Used:      350M (17%)         408M (20%)         382M (19%)         322M (16%)         438M (21%)         322M (16%)    
[58.078s][info][gc,heap     ] GC(141)      Live:         -               193M (9%)          193M (9%)          193M (9%)             -                  -          
[58.078s][info][gc,heap     ] GC(141) Allocated:         -                58M (3%)           88M (4%)           89M (4%)             -                  -          
[58.078s][info][gc,heap     ] GC(141)   Garbage:         -               156M (8%)          100M (5%)           38M (2%)             -                  -          
[58.078s][info][gc,heap     ] GC(141) Reclaimed:         -                  -                56M (3%)          117M (6%)             -                  -          
[58.078s][info][gc          ] GC(141) Garbage Collection (Allocation Rate) 350M(17%)->322M(16%)
[58.711s][info][gc,start    ] GC(142) Garbage Collection (Allocation Rate)
[58.711s][info][gc,task     ] GC(142) Using 2 workers
[58.711s][info][gc,phases   ] GC(142) Pause Mark Start 0.008ms
[58.766s][info][gc,phases   ] GC(142) Concurrent Mark 54.850ms
[58.766s][info][gc,phases   ] GC(142) Pause Mark End 0.133ms
[58.767s][info][gc,phases   ] GC(142) Concurrent Mark Free 0.002ms
[58.783s][info][gc,phases   ] GC(142) Concurrent Process Non-Strong References 16.907ms
[58.784s][info][gc,phases   ] GC(142) Concurrent Reset Relocation Set 0.003ms
[58.786s][info][gc,phases   ] GC(142) Concurrent Select Relocation Set 2.158ms
[58.786s][info][gc,phases   ] GC(142) Pause Relocate Start 0.011ms
[58.788s][info][gc,phases   ] GC(142) Concurrent Relocate 2.152ms
[58.788s][info][gc,load     ] GC(142) Load: 0.00/0.00/0.00
[58.788s][info][gc,mmu      ] GC(142) MMU: 2ms/89.6%, 5ms/95.9%, 10ms/97.9%, 20ms/99.0%, 50ms/99.6%, 100ms/99.8%
[58.788s][info][gc,marking  ] GC(142) Mark: 2 stripe(s), 3 proactive flush(es), 1 terminate flush(es), 1 completion(s), 0 continuation(s) 
[58.788s][info][gc,marking  ] GC(142) Mark Stack Usage: 32M
[58.788s][info][gc,nmethod  ] GC(142) NMethods: 17888 registered, 2900 unregistered
[58.788s][info][gc,metaspace] GC(142) Metaspace: 154M used, 155M committed, 1216M reserved
[58.788s][info][gc,ref      ] GC(142) Soft: 3280 encountered, 0 discovered, 0 enqueued
[58.788s][info][gc,ref      ] GC(142) Weak: 16859 encountered, 8321 discovered, 1743 enqueued
[58.788s][info][gc,ref      ] GC(142) Final: 52 encountered, 0 discovered, 0 enqueued
[58.788s][info][gc,ref      ] GC(142) Phantom: 600 encountered, 357 discovered, 0 enqueued
[58.788s][info][gc,reloc    ] GC(142) Small Pages: 184 / 368M, Empty: 8M, Relocated: 4M, In-Place: 0
[58.788s][info][gc,reloc    ] GC(142) Medium Pages: 9 / 288M, Empty: 128M, Relocated: 0M, In-Place: 0
[58.788s][info][gc,reloc    ] GC(142) Large Pages: 37 / 222M, Empty: 222M, Relocated: 0M, In-Place: 0
[58.788s][info][gc,reloc    ] GC(142) Forwarding Usage: 0M
[58.788s][info][gc,heap     ] GC(142) Min Capacity: 2048M(100%)
[58.788s][info][gc,heap     ] GC(142) Max Capacity: 2048M(100%)
[58.788s][info][gc,heap     ] GC(142) Soft Max Capacity: 2048M(100%)
[58.788s][info][gc,heap     ] GC(142)                Mark Start          Mark End        Relocate Start      Relocate End           High               Low         
[58.788s][info][gc,heap     ] GC(142)  Capacity:     2048M (100%)       2048M (100%)       2048M (100%)       2048M (100%)       2048M (100%)       2048M (100%)   
[58.788s][info][gc,heap     ] GC(142)      Free:     1170M (57%)        1088M (53%)        1428M (70%)        1708M (83%)        1710M (83%)        1070M (52%)    
[58.788s][info][gc,heap     ] GC(142)      Used:      878M (43%)         960M (47%)         620M (30%)         340M (17%)         978M (48%)         338M (17%)    
[58.788s][info][gc,heap     ] GC(142)      Live:         -               195M (10%)         195M (10%)         195M (10%)            -                  -          
[58.788s][info][gc,heap     ] GC(142) Allocated:         -                82M (4%)          100M (5%)          103M (5%)             -                  -          
[58.788s][info][gc,heap     ] GC(142)   Garbage:         -               682M (33%)         324M (16%)          40M (2%)             -                  -          
[58.788s][info][gc,heap     ] GC(142) Reclaimed:         -                  -               358M (17%)         641M (31%)            -                  -          
[58.788s][info][gc          ] GC(142) Garbage Collection (Allocation Rate) 878M(43%)->340M(17%)
[58.909s][info][gc,start    ] GC(143) Garbage Collection (System.gc())
[58.909s][info][gc,task     ] GC(143) Using 2 workers
[58.909s][info][gc,phases   ] GC(143) Pause Mark Start 0.010ms
[58.954s][info][gc,phases   ] GC(143) Concurrent Mark 44.743ms
[58.954s][info][gc,phases   ] GC(143) Pause Mark End 0.032ms
[58.954s][info][gc,phases   ] GC(143) Concurrent Mark Free 0.003ms
[58.971s][info][gc,phases   ] GC(143) Concurrent Process Non-Strong References 16.582ms
[58.971s][info][gc,phases   ] GC(143) Concurrent Reset Relocation Set 0.006ms
[58.973s][info][gc,phases   ] GC(143) Concurrent Select Relocation Set 1.878ms
[58.973s][info][gc,phases   ] GC(143) Pause Relocate Start 0.007ms
[58.977s][info][gc,phases   ] GC(143) Concurrent Relocate 4.525ms
[58.977s][info][gc,load     ] GC(143) Load: 0.00/0.00/0.00
[58.977s][info][gc,mmu      ] GC(143) MMU: 2ms/89.6%, 5ms/95.9%, 10ms/97.9%, 20ms/99.0%, 50ms/99.6%, 100ms/99.8%
[58.977s][info][gc,marking  ] GC(143) Mark: 2 stripe(s), 1 proactive flush(es), 1 terminate flush(es), 0 completion(s), 0 continuation(s) 
[58.977s][info][gc,marking  ] GC(143) Mark Stack Usage: 32M
[58.978s][info][gc,nmethod  ] GC(143) NMethods: 17912 registered, 2920 unregistered
[58.978s][info][gc,metaspace] GC(143) Metaspace: 154M used, 155M committed, 1216M reserved
[58.978s][info][gc,ref      ] GC(143) Soft: 3496 encountered, 0 discovered, 0 enqueued
[58.978s][info][gc,ref      ] GC(143) Weak: 15787 encountered, 6154 discovered, 697 enqueued
[58.978s][info][gc,ref      ] GC(143) Final: 52 encountered, 0 discovered, 0 enqueued
[58.978s][info][gc,ref      ] GC(143) Phantom: 600 encountered, 339 discovered, 0 enqueued
[58.978s][info][gc,reloc    ] GC(143) Small Pages: 98 / 196M, Empty: 0M, Relocated: 4M, In-Place: 0
[58.978s][info][gc,reloc    ] GC(143) Medium Pages: 6 / 192M, Empty: 64M, Relocated: 12M, In-Place: 0
[58.978s][info][gc,reloc    ] GC(143) Large Pages: 6 / 36M, Empty: 36M, Relocated: 0M, In-Place: 0
[58.978s][info][gc,reloc    ] GC(143) Forwarding Usage: 1M
[58.978s][info][gc,heap     ] GC(143) Min Capacity: 2048M(100%)
[58.978s][info][gc,heap     ] GC(143) Max Capacity: 2048M(100%)
[58.978s][info][gc,heap     ] GC(143) Soft Max Capacity: 2048M(100%)
[58.978s][info][gc,heap     ] GC(143)                Mark Start          Mark End        Relocate Start      Relocate End           High               Low         
[58.978s][info][gc,heap     ] GC(143)  Capacity:     2048M (100%)       2048M (100%)       2048M (100%)       2048M (100%)       2048M (100%)       2048M (100%)   
[58.978s][info][gc,heap     ] GC(143)      Free:     1624M (79%)        1624M (79%)        1712M (84%)        1860M (91%)        1862M (91%)        1616M (79%)    
[58.978s][info][gc,heap     ] GC(143)      Used:      424M (21%)         424M (21%)         336M (16%)         188M (9%)          432M (21%)         186M (9%)     
[58.978s][info][gc,heap     ] GC(143)      Live:         -               130M (6%)          130M (6%)          130M (6%)             -                  -          
[58.978s][info][gc,heap     ] GC(143) Allocated:         -                 0M (0%)           12M (1%)           19M (1%)             -                  -          
[58.978s][info][gc,heap     ] GC(143)   Garbage:         -               293M (14%)         193M (9%)           37M (2%)             -                  -          
[58.978s][info][gc,heap     ] GC(143) Reclaimed:         -                  -               100M (5%)          255M (12%)            -                  -          
[58.978s][info][gc          ] GC(143) Garbage Collection (System.gc()) 424M(21%)->188M(9%)
[59.303s][info][gc,start    ] GC(144) Garbage Collection (Allocation Rate)
[59.303s][info][gc,task     ] GC(144) Using 2 workers
[59.303s][info][gc,phases   ] GC(144) Pause Mark Start 0.008ms
[59.365s][info][gc,phases   ] GC(144) Concurrent Mark 62.205ms
[59.366s][info][gc,phases   ] GC(144) Pause Mark End 0.032ms
[59.366s][info][gc,phases   ] GC(144) Concurrent Mark Free 0.002ms
[59.397s][info][gc,phases   ] GC(144) Concurrent Process Non-Strong References 31.298ms
[59.397s][info][gc,phases   ] GC(144) Concurrent Reset Relocation Set 0.006ms
[59.397s][info][gc          ] Allocation Stall (Executor task launch worker for task 4.0 in stage 969.0 (TID 3882)) 70.057ms
[59.397s][info][gc          ] Allocation Stall (Executor task launch worker for task 1.0 in stage 969.0 (TID 3879)) 71.476ms
[59.397s][info][gc          ] Allocation Stall (Spark Context Cleaner) 71.512ms
[59.397s][info][gc          ] Allocation Stall (Executor task launch worker for task 3.0 in stage 969.0 (TID 3881)) 71.649ms
[59.397s][info][gc          ] Allocation Stall (Executor task launch worker for task 2.0 in stage 969.0 (TID 3880)) 71.030ms
[59.397s][info][gc          ] Allocation Stall (Executor task launch worker for task 0.0 in stage 969.0 (TID 3878)) 71.313ms
[59.401s][info][gc,phases   ] GC(144) Concurrent Select Relocation Set 3.876ms
[59.401s][info][gc,phases   ] GC(144) Pause Relocate Start 0.021ms
[59.424s][info][gc,phases   ] GC(144) Concurrent Relocate 22.626ms
[59.424s][info][gc,load     ] GC(144) Load: 0.00/0.00/0.00
[59.424s][info][gc,mmu      ] GC(144) MMU: 2ms/89.6%, 5ms/95.9%, 10ms/97.9%, 20ms/99.0%, 50ms/99.6%, 100ms/99.8%
[59.424s][info][gc,marking  ] GC(144) Mark: 2 stripe(s), 2 proactive flush(es), 1 terminate flush(es), 0 completion(s), 0 continuation(s) 
[59.424s][info][gc,marking  ] GC(144) Mark Stack Usage: 32M
[59.424s][info][gc,nmethod  ] GC(144) NMethods: 18003 registered, 2928 unregistered
[59.424s][info][gc,metaspace] GC(144) Metaspace: 154M used, 155M committed, 1216M reserved
[59.424s][info][gc,ref      ] GC(144) Soft: 3560 encountered, 0 discovered, 0 enqueued
[59.424s][info][gc,ref      ] GC(144) Weak: 15452 encountered, 5876 discovered, 225 enqueued
[59.424s][info][gc,ref      ] GC(144) Final: 52 encountered, 0 discovered, 0 enqueued
[59.424s][info][gc,ref      ] GC(144) Phantom: 600 encountered, 393 discovered, 0 enqueued
[59.424s][info][gc,reloc    ] GC(144) Small Pages: 813 / 1626M, Empty: 1220M, Relocated: 8M, In-Place: 0
[59.424s][info][gc,reloc    ] GC(144) Medium Pages: 9 / 288M, Empty: 0M, Relocated: 45M, In-Place: 0
[59.424s][info][gc,reloc    ] GC(144) Large Pages: 6 / 36M, Empty: 36M, Relocated: 0M, In-Place: 0
[59.424s][info][gc,reloc    ] GC(144) Forwarding Usage: 0M
[59.424s][info][gc,heap     ] GC(144) Min Capacity: 2048M(100%)
[59.424s][info][gc,heap     ] GC(144) Max Capacity: 2048M(100%)
[59.424s][info][gc,heap     ] GC(144) Soft Max Capacity: 2048M(100%)
[59.424s][info][gc,heap     ] GC(144)                Mark Start          Mark End        Relocate Start      Relocate End           High               Low         
[59.424s][info][gc,heap     ] GC(144)  Capacity:     2048M (100%)       2048M (100%)       2048M (100%)       2048M (100%)       2048M (100%)       2048M (100%)   
[59.424s][info][gc,heap     ] GC(144)      Free:       98M (5%)            0M (0%)         1230M (60%)        1602M (78%)        1606M (78%)           0M (0%)     
[59.424s][info][gc,heap     ] GC(144)      Used:     1950M (95%)        2048M (100%)        818M (40%)         446M (22%)        2048M (100%)        442M (22%)    
[59.424s][info][gc,heap     ] GC(144)      Live:         -               183M (9%)          183M (9%)          183M (9%)             -                  -          
[59.424s][info][gc,heap     ] GC(144) Allocated:         -                98M (5%)          124M (6%)          220M (11%)            -                  -          
[59.424s][info][gc,heap     ] GC(144)   Garbage:         -              1766M (86%)         510M (25%)          41M (2%)             -                  -          
[59.424s][info][gc,heap     ] GC(144) Reclaimed:         -                  -              1256M (61%)        1724M (84%)            -                  -          
[59.424s][info][gc          ] GC(144) Garbage Collection (Allocation Rate) 1950M(95%)->446M(22%)
[59.514s][info][gc,start    ] GC(145) Garbage Collection (Allocation Stall)
[59.514s][info][gc,ref      ] GC(145) Clearing All SoftReferences
[59.514s][info][gc,task     ] GC(145) Using 2 workers
[59.514s][info][gc,ref      ] GC(145) Clearing All SoftReferences
[59.514s][info][gc,phases   ] GC(145) Pause Mark Start 0.060ms
[59.560s][info][gc,phases   ] GC(145) Concurrent Mark 45.498ms
[59.560s][info][gc,phases   ] GC(145) Pause Mark End 0.076ms
[59.560s][info][gc,phases   ] GC(145) Concurrent Mark Free 0.002ms
[59.596s][info][gc,phases   ] GC(145) Concurrent Process Non-Strong References 36.179ms
[59.596s][info][gc,phases   ] GC(145) Concurrent Reset Relocation Set 0.008ms
[59.598s][info][gc,phases   ] GC(145) Concurrent Select Relocation Set 1.983ms
[59.598s][info][gc,phases   ] GC(145) Pause Relocate Start 0.009ms
[59.609s][info][gc,phases   ] GC(145) Concurrent Relocate 10.367ms
[59.609s][info][gc,load     ] GC(145) Load: 0.00/0.00/0.00
[59.609s][info][gc,mmu      ] GC(145) MMU: 2ms/89.6%, 5ms/95.9%, 10ms/97.9%, 20ms/99.0%, 50ms/99.6%, 100ms/99.8%
[59.609s][info][gc,marking  ] GC(145) Mark: 2 stripe(s), 2 proactive flush(es), 1 terminate flush(es), 1 completion(s), 0 continuation(s) 
[59.609s][info][gc,marking  ] GC(145) Mark Stack Usage: 32M
[59.609s][info][gc,nmethod  ] GC(145) NMethods: 18005 registered, 2929 unregistered
[59.609s][info][gc,metaspace] GC(145) Metaspace: 154M used, 155M committed, 1216M reserved
[59.609s][info][gc,ref      ] GC(145) Soft: 3496 encountered, 3033 discovered, 236 enqueued
[59.609s][info][gc,ref      ] GC(145) Weak: 15416 encountered, 6948 discovered, 200 enqueued
[59.609s][info][gc,ref      ] GC(145) Final: 52 encountered, 0 discovered, 0 enqueued
[59.609s][info][gc,ref      ] GC(145) Phantom: 600 encountered, 369 discovered, 0 enqueued
[59.609s][info][gc,reloc    ] GC(145) Small Pages: 177 / 354M, Empty: 160M, Relocated: 3M, In-Place: 0
[59.609s][info][gc,reloc    ] GC(145) Medium Pages: 7 / 224M, Empty: 0M, Relocated: 46M, In-Place: 0
[59.609s][info][gc,reloc    ] GC(145) Large Pages: 4 / 24M, Empty: 24M, Relocated: 0M, In-Place: 0
[59.609s][info][gc,reloc    ] GC(145) Forwarding Usage: 0M
[59.609s][info][gc,heap     ] GC(145) Min Capacity: 2048M(100%)
[59.609s][info][gc,heap     ] GC(145) Max Capacity: 2048M(100%)
[59.609s][info][gc,heap     ] GC(145) Soft Max Capacity: 2048M(100%)
[59.609s][info][gc,heap     ] GC(145)                Mark Start          Mark End        Relocate Start      Relocate End           High               Low         
[59.609s][info][gc,heap     ] GC(145)  Capacity:     2048M (100%)       2048M (100%)       2048M (100%)       2048M (100%)       2048M (100%)       2048M (100%)   
[59.609s][info][gc,heap     ] GC(145)      Free:     1446M (71%)        1374M (67%)        1540M (75%)        1716M (84%)        1720M (84%)        1362M (67%)    
[59.609s][info][gc,heap     ] GC(145)      Used:      602M (29%)         674M (33%)         508M (25%)         332M (16%)         686M (33%)         328M (16%)    
[59.609s][info][gc,heap     ] GC(145)      Live:         -               193M (9%)          193M (9%)          193M (9%)             -                  -          
[59.609s][info][gc,heap     ] GC(145) Allocated:         -                72M (4%)           90M (4%)           97M (5%)             -                  -          
[59.609s][info][gc,heap     ] GC(145)   Garbage:         -               408M (20%)         224M (11%)          40M (2%)             -                  -          
[59.609s][info][gc,heap     ] GC(145) Reclaimed:         -                  -               184M (9%)          367M (18%)            -                  -          
[59.609s][info][gc          ] GC(145) Garbage Collection (Allocation Stall) 602M(29%)->332M(16%)
[59.714s][info][gc,start    ] GC(146) Garbage Collection (Allocation Rate)
[59.714s][info][gc,task     ] GC(146) Using 2 workers
[59.714s][info][gc,phases   ] GC(146) Pause Mark Start 0.008ms
[59.765s][info][gc,phases   ] GC(146) Concurrent Mark 50.907ms
[59.766s][info][gc,phases   ] GC(146) Pause Mark End 0.026ms
[59.766s][info][gc,phases   ] GC(146) Concurrent Mark Free 0.001ms
[59.804s][info][gc,phases   ] GC(146) Concurrent Process Non-Strong References 38.227ms
[59.804s][info][gc,phases   ] GC(146) Concurrent Reset Relocation Set 0.004ms
[59.807s][info][gc,phases   ] GC(146) Concurrent Select Relocation Set 2.645ms
[59.807s][info][gc,phases   ] GC(146) Pause Relocate Start 0.013ms
[59.810s][info][gc,phases   ] GC(146) Concurrent Relocate 2.934ms
[59.810s][info][gc,load     ] GC(146) Load: 0.00/0.00/0.00
[59.810s][info][gc,mmu      ] GC(146) MMU: 2ms/89.6%, 5ms/95.9%, 10ms/97.9%, 20ms/99.0%, 50ms/99.6%, 100ms/99.8%
[59.810s][info][gc,marking  ] GC(146) Mark: 2 stripe(s), 3 proactive flush(es), 1 terminate flush(es), 0 completion(s), 0 continuation(s) 
[59.810s][info][gc,marking  ] GC(146) Mark Stack Usage: 32M
[59.810s][info][gc,nmethod  ] GC(146) NMethods: 18006 registered, 2933 unregistered
[59.810s][info][gc,metaspace] GC(146) Metaspace: 154M used, 155M committed, 1216M reserved
[59.810s][info][gc,ref      ] GC(146) Soft: 3274 encountered, 0 discovered, 0 enqueued
[59.810s][info][gc,ref      ] GC(146) Weak: 15538 encountered, 5773 discovered, 445 enqueued
[59.810s][info][gc,ref      ] GC(146) Final: 52 encountered, 0 discovered, 0 enqueued
[59.810s][info][gc,ref      ] GC(146) Phantom: 600 encountered, 327 discovered, 0 enqueued
[59.810s][info][gc,reloc    ] GC(146) Small Pages: 80 / 160M, Empty: 0M, Relocated: 3M, In-Place: 0
[59.810s][info][gc,reloc    ] GC(146) Medium Pages: 6 / 192M, Empty: 32M, Relocated: 0M, In-Place: 0
[59.810s][info][gc,reloc    ] GC(146) Large Pages: 9 / 54M, Empty: 54M, Relocated: 0M, In-Place: 0
[59.810s][info][gc,reloc    ] GC(146) Forwarding Usage: 1M
[59.810s][info][gc,heap     ] GC(146) Min Capacity: 2048M(100%)
[59.810s][info][gc,heap     ] GC(146) Max Capacity: 2048M(100%)
[59.810s][info][gc,heap     ] GC(146) Soft Max Capacity: 2048M(100%)
[59.810s][info][gc,heap     ] GC(146)                Mark Start          Mark End        Relocate Start      Relocate End           High               Low         
[59.810s][info][gc,heap     ] GC(146)  Capacity:     2048M (100%)       2048M (100%)       2048M (100%)       2048M (100%)       2048M (100%)       2048M (100%)   
[59.810s][info][gc,heap     ] GC(146)      Free:     1642M (80%)        1562M (76%)        1608M (79%)        1692M (83%)        1694M (83%)        1522M (74%)    
[59.810s][info][gc,heap     ] GC(146)      Used:      406M (20%)         486M (24%)         440M (21%)         356M (17%)         526M (26%)         354M (17%)    
[59.810s][info][gc,heap     ] GC(146)      Live:         -               193M (9%)          193M (9%)          193M (9%)             -                  -          
[59.810s][info][gc,heap     ] GC(146) Allocated:         -                80M (4%)          120M (6%)          121M (6%)             -                  -          
[59.810s][info][gc,heap     ] GC(146)   Garbage:         -               212M (10%)         126M (6%)           40M (2%)             -                  -          
[59.810s][info][gc,heap     ] GC(146) Reclaimed:         -                  -                86M (4%)          171M (8%)             -                  -          
[59.810s][info][gc          ] GC(146) Garbage Collection (Allocation Rate) 406M(20%)->356M(17%)
[60.108s][info][gc,stats    ] === Garbage Collection Statistics =======================================================================================================================
[60.108s][info][gc,stats    ]                                                              Last 10s              Last 10m              Last 10h                Total
[60.108s][info][gc,stats    ]                                                              Avg / Max             Avg / Max             Avg / Max             Avg / Max
[60.108s][info][gc,stats    ]   Collector: Garbage Collection Cycle                     93.771 / 153.300      91.963 / 235.178      91.963 / 235.178      91.963 / 235.178     ms
[60.108s][info][gc,stats    ]  Contention: Mark Segment Reset Contention                     2 / 5                 2 / 51                2 / 51                2 / 51          ops/s
[60.108s][info][gc,stats    ]  Contention: Mark SeqNum Reset Contention                      1 / 3                 0 / 3                 0 / 3                 0 / 3           ops/s
[60.108s][info][gc,stats    ]    Critical: Allocation Stall                                  2 / 6                 1 / 8                 1 / 8                 1 / 8           ops/s
[60.108s][info][gc,stats    ]    Critical: Allocation Stall                             51.881 / 71.649       46.000 / 86.599       46.000 / 86.599       46.000 / 86.599      ms
[60.108s][info][gc,stats    ]    Critical: GC Locker Stall                                   0 / 1                 0 / 1                 0 / 1                 0 / 1           ops/s
[60.108s][info][gc,stats    ]    Critical: GC Locker Stall                               0.028 / 0.028         0.024 / 0.041         0.024 / 0.041         0.024 / 0.041       ms
[60.108s][info][gc,stats    ]    Critical: Relocation Stall                                  0 / 0                 0 / 0                 0 / 0                 0 / 0           ops/s
[60.108s][info][gc,stats    ]    Critical: Relocation Stall                              0.000 / 0.000         0.000 / 0.000         0.000 / 0.000         0.000 / 0.000       ms
[60.108s][info][gc,stats    ]      Memory: Allocation Rate                                1839 / 2734           1352 / 3030           1352 / 3030           1352 / 3030        MB/s
[60.108s][info][gc,stats    ]      Memory: Defragment                                       51 / 116              32 / 138              32 / 138              32 / 138         ops/s
[60.108s][info][gc,stats    ]      Memory: Out Of Memory                                     0 / 0                 0 / 0                 0 / 0                 0 / 0           ops/s
[60.108s][info][gc,stats    ]      Memory: Page Cache Flush                                228 / 402             153 / 434             153 / 434             153 / 434         MB/s
[60.108s][info][gc,stats    ]      Memory: Page Cache Hit L1                               636 / 1031            467 / 1168            467 / 1168            467 / 1168        ops/s
[60.108s][info][gc,stats    ]      Memory: Page Cache Hit L2                                 0 / 0                 0 / 0                 0 / 0                 0 / 0           ops/s
[60.108s][info][gc,stats    ]      Memory: Page Cache Hit L3                                49 / 93               47 / 265              47 / 265              47 / 265         ops/s
[60.108s][info][gc,stats    ]      Memory: Page Cache Miss                                   7 / 24                5 / 24                5 / 24                5 / 24          ops/s
[60.108s][info][gc,stats    ]      Memory: Uncommit                                          0 / 0                 0 / 0                 0 / 0                 0 / 0           MB/s
[60.108s][info][gc,stats    ]      Memory: Undo Object Allocation Failed                     1 / 5                 0 / 5                 0 / 5                 0 / 5           ops/s
[60.108s][info][gc,stats    ]      Memory: Undo Object Allocation Succeeded                 18 / 115             107 / 2789            107 / 2789            107 / 2789        ops/s
[60.108s][info][gc,stats    ]      Memory: Undo Page Allocation                              4 / 8                 2 / 12                2 / 12                2 / 12          ops/s
[60.108s][info][gc,stats    ]       Phase: Concurrent Mark                              57.231 / 93.663       58.186 / 160.845      58.186 / 160.845      58.186 / 160.845     ms
[60.108s][info][gc,stats    ]       Phase: Concurrent Mark Continue                      0.000 / 0.000         0.000 / 0.000         0.000 / 0.000         0.000 / 0.000       ms
[60.108s][info][gc,stats    ]       Phase: Concurrent Mark Free                          0.001 / 0.003         0.001 / 0.005         0.001 / 0.005         0.001 / 0.005       ms
[60.108s][info][gc,stats    ]       Phase: Concurrent Process Non-Strong References     25.951 / 41.392       22.295 / 63.816       22.295 / 63.816       22.295 / 63.816      ms
[60.108s][info][gc,stats    ]       Phase: Concurrent Relocate                           6.868 / 25.923        7.720 / 78.506        7.720 / 78.506        7.720 / 78.506      ms
[60.108s][info][gc,stats    ]       Phase: Concurrent Reset Relocation Set               0.006 / 0.013         0.006 / 0.023         0.006 / 0.023         0.006 / 0.023       ms
[60.108s][info][gc,stats    ]       Phase: Concurrent Select Relocation Set              2.444 / 4.851         2.517 / 6.265         2.517 / 6.265         2.517 / 6.265       ms
[60.108s][info][gc,stats    ]       Phase: Pause Mark End                                0.048 / 0.133         0.045 / 0.207         0.045 / 0.207         0.045 / 0.207       ms
[60.108s][info][gc,stats    ]       Phase: Pause Mark Start                              0.017 / 0.069         0.015 / 0.072         0.015 / 0.072         0.015 / 0.072       ms
[60.108s][info][gc,stats    ]       Phase: Pause Relocate Start                          0.011 / 0.030         0.010 / 0.030         0.010 / 0.030         0.010 / 0.030       ms
[60.108s][info][gc,stats    ]    Subphase: Concurrent Classes Purge                      0.103 / 0.347         0.186 / 2.002         0.186 / 2.002         0.186 / 2.002       ms
[60.108s][info][gc,stats    ]    Subphase: Concurrent Classes Unlink                    23.735 / 38.983       19.337 / 38.983       19.337 / 38.983       19.337 / 38.983      ms
[60.108s][info][gc,stats    ]    Subphase: Concurrent Mark                              48.092 / 87.383       48.672 / 147.243      48.672 / 147.243      48.672 / 147.243     ms
[60.108s][info][gc,stats    ]    Subphase: Concurrent Mark Try Flush                     0.312 / 12.428        0.800 / 29.293        0.800 / 29.293        0.800 / 29.293      ms
[60.108s][info][gc,stats    ]    Subphase: Concurrent Mark Try Terminate                 2.724 / 21.757        3.537 / 22.417        3.537 / 22.417        3.537 / 22.417      ms
[60.108s][info][gc,stats    ]    Subphase: Concurrent References Enqueue                 0.005 / 0.008         0.005 / 0.016         0.005 / 0.016         0.005 / 0.016       ms
[60.108s][info][gc,stats    ]    Subphase: Concurrent References Process                 0.632 / 1.082         0.483 / 1.082         0.483 / 1.082         0.483 / 1.082       ms
[60.108s][info][gc,stats    ]    Subphase: Concurrent Roots ClassLoaderDataGraph         0.205 / 0.386         0.198 / 0.472         0.198 / 0.472         0.198 / 0.472       ms
[60.108s][info][gc,stats    ]    Subphase: Concurrent Roots CodeCache                    0.000 / 0.000         0.000 / 0.000         0.000 / 0.000         0.000 / 0.000       ms
[60.108s][info][gc,stats    ]    Subphase: Concurrent Roots JavaThreads                  4.669 / 8.596         4.999 / 13.179        4.999 / 13.179        4.999 / 13.179      ms
[60.108s][info][gc,stats    ]    Subphase: Concurrent Roots OopStorageSet                0.065 / 0.167         0.064 / 0.210         0.064 / 0.210         0.064 / 0.210       ms
[60.108s][info][gc,stats    ]    Subphase: Concurrent Weak Roots OopStorageSet           0.943 / 1.964         0.997 / 2.044         0.997 / 2.044         0.997 / 2.044       ms
[60.108s][info][gc,stats    ]    Subphase: Pause Mark Try Complete                       0.008 / 0.053         0.013 / 0.138         0.013 / 0.138         0.013 / 0.138       ms
[60.108s][info][gc,stats    ]      System: Java Threads                                    285 / 286             258 / 286             258 / 286             258 / 286         threads
[60.108s][info][gc,stats    ] =========================================================================================================================================================
[60.415s][info][gc,start    ] GC(147) Garbage Collection (Allocation Rate)
[60.415s][info][gc,task     ] GC(147) Using 2 workers
[60.415s][info][gc,phases   ] GC(147) Pause Mark Start 0.012ms
[60.482s][info][gc,phases   ] GC(147) Concurrent Mark 66.538ms
[60.482s][info][gc,phases   ] GC(147) Pause Mark End 0.065ms
[60.482s][info][gc,phases   ] GC(147) Concurrent Mark Free 0.001ms
[60.499s][info][gc,phases   ] GC(147) Concurrent Process Non-Strong References 17.130ms
[60.499s][info][gc,phases   ] GC(147) Concurrent Reset Relocation Set 0.004ms
[60.501s][info][gc,phases   ] GC(147) Concurrent Select Relocation Set 1.978ms
[60.502s][info][gc,phases   ] GC(147) Pause Relocate Start 0.010ms
[60.504s][info][gc,phases   ] GC(147) Concurrent Relocate 2.210ms
[60.504s][info][gc,load     ] GC(147) Load: 0.00/0.00/0.00
[60.504s][info][gc,mmu      ] GC(147) MMU: 2ms/89.6%, 5ms/95.9%, 10ms/97.9%, 20ms/99.0%, 50ms/99.6%, 100ms/99.8%
[60.504s][info][gc,marking  ] GC(147) Mark: 2 stripe(s), 2 proactive flush(es), 1 terminate flush(es), 1 completion(s), 0 continuation(s) 
[60.504s][info][gc,marking  ] GC(147) Mark Stack Usage: 32M
[60.504s][info][gc,nmethod  ] GC(147) NMethods: 18049 registered, 2959 unregistered
[60.504s][info][gc,metaspace] GC(147) Metaspace: 154M used, 155M committed, 1216M reserved
[60.504s][info][gc,ref      ] GC(147) Soft: 3285 encountered, 0 discovered, 0 enqueued
[60.504s][info][gc,ref      ] GC(147) Weak: 17053 encountered, 7274 discovered, 1908 enqueued
[60.504s][info][gc,ref      ] GC(147) Final: 52 encountered, 0 discovered, 0 enqueued
[60.504s][info][gc,ref      ] GC(147) Phantom: 612 encountered, 408 discovered, 12 enqueued
[60.504s][info][gc,reloc    ] GC(147) Small Pages: 197 / 394M, Empty: 4M, Relocated: 5M, In-Place: 0
[60.504s][info][gc,reloc    ] GC(147) Medium Pages: 9 / 288M, Empty: 128M, Relocated: 0M, In-Place: 0
[60.504s][info][gc,reloc    ] GC(147) Large Pages: 39 / 234M, Empty: 234M, Relocated: 0M, In-Place: 0
[60.504s][info][gc,reloc    ] GC(147) Forwarding Usage: 1M
[60.504s][info][gc,heap     ] GC(147) Min Capacity: 2048M(100%)
[60.504s][info][gc,heap     ] GC(147) Max Capacity: 2048M(100%)
[60.504s][info][gc,heap     ] GC(147) Soft Max Capacity: 2048M(100%)
[60.504s][info][gc,heap     ] GC(147)                Mark Start          Mark End        Relocate Start      Relocate End           High               Low         
[60.504s][info][gc,heap     ] GC(147)  Capacity:     2048M (100%)       2048M (100%)       2048M (100%)       2048M (100%)       2048M (100%)       2048M (100%)   
[60.504s][info][gc,heap     ] GC(147)      Free:     1132M (55%)        1052M (51%)        1412M (69%)        1722M (84%)        1722M (84%)        1046M (51%)    
[60.504s][info][gc,heap     ] GC(147)      Used:      916M (45%)         996M (49%)         636M (31%)         326M (16%)        1002M (49%)         326M (16%)    
[60.504s][info][gc,heap     ] GC(147)      Live:         -               195M (10%)         195M (10%)         195M (10%)            -                  -          
[60.504s][info][gc,heap     ] GC(147) Allocated:         -                80M (4%)           86M (4%)           87M (4%)             -                  -          
[60.504s][info][gc,heap     ] GC(147)   Garbage:         -               720M (35%)         354M (17%)          42M (2%)             -                  -          
[60.504s][info][gc,heap     ] GC(147) Reclaimed:         -                  -               366M (18%)         677M (33%)            -                  -          
[60.504s][info][gc          ] GC(147) Garbage Collection (Allocation Rate) 916M(45%)->326M(16%)
[60.733s][info][gc,start    ] GC(148) Garbage Collection (System.gc())
[60.734s][info][gc,task     ] GC(148) Using 2 workers
[60.734s][info][gc,phases   ] GC(148) Pause Mark Start 0.010ms
[60.793s][info][gc,phases   ] GC(148) Concurrent Mark 58.958ms
[60.793s][info][gc,phases   ] GC(148) Pause Mark End 0.030ms
[60.793s][info][gc,phases   ] GC(148) Concurrent Mark Free 0.003ms
[60.813s][info][gc,phases   ] GC(148) Concurrent Process Non-Strong References 19.744ms
[60.813s][info][gc,phases   ] GC(148) Concurrent Reset Relocation Set 0.010ms
[60.815s][info][gc,phases   ] GC(148) Concurrent Select Relocation Set 2.067ms
[60.815s][info][gc,phases   ] GC(148) Pause Relocate Start 0.009ms
[60.819s][info][gc,phases   ] GC(148) Concurrent Relocate 3.363ms
[60.819s][info][gc,load     ] GC(148) Load: 0.00/0.00/0.00
[60.819s][info][gc,mmu      ] GC(148) MMU: 2ms/89.6%, 5ms/95.9%, 10ms/97.9%, 20ms/99.0%, 50ms/99.6%, 100ms/99.8%
[60.819s][info][gc,marking  ] GC(148) Mark: 2 stripe(s), 2 proactive flush(es), 1 terminate flush(es), 0 completion(s), 0 continuation(s) 
[60.819s][info][gc,marking  ] GC(148) Mark Stack Usage: 32M
[60.819s][info][gc,nmethod  ] GC(148) NMethods: 18070 registered, 2977 unregistered
[60.819s][info][gc,metaspace] GC(148) Metaspace: 154M used, 155M committed, 1216M reserved
[60.819s][info][gc,ref      ] GC(148) Soft: 3499 encountered, 0 discovered, 0 enqueued
[60.819s][info][gc,ref      ] GC(148) Weak: 16110 encountered, 6467 discovered, 987 enqueued
[60.819s][info][gc,ref      ] GC(148) Final: 52 encountered, 0 discovered, 0 enqueued
[60.819s][info][gc,ref      ] GC(148) Phantom: 600 encountered, 371 discovered, 0 enqueued
[60.819s][info][gc,reloc    ] GC(148) Small Pages: 119 / 238M, Empty: 0M, Relocated: 3M, In-Place: 0
[60.819s][info][gc,reloc    ] GC(148) Medium Pages: 7 / 224M, Empty: 96M, Relocated: 12M, In-Place: 0
[60.819s][info][gc,reloc    ] GC(148) Large Pages: 12 / 72M, Empty: 72M, Relocated: 0M, In-Place: 0
[60.819s][info][gc,reloc    ] GC(148) Forwarding Usage: 1M
[60.819s][info][gc,heap     ] GC(148) Min Capacity: 2048M(100%)
[60.819s][info][gc,heap     ] GC(148) Max Capacity: 2048M(100%)
[60.819s][info][gc,heap     ] GC(148) Soft Max Capacity: 2048M(100%)
[60.819s][info][gc,heap     ] GC(148)                Mark Start          Mark End        Relocate Start      Relocate End           High               Low         
[60.819s][info][gc,heap     ] GC(148)  Capacity:     2048M (100%)       2048M (100%)       2048M (100%)       2048M (100%)       2048M (100%)       2048M (100%)   
[60.819s][info][gc,heap     ] GC(148)      Free:     1514M (74%)        1512M (74%)        1670M (82%)        1862M (91%)        1862M (91%)        1502M (73%)    
[60.819s][info][gc,heap     ] GC(148)      Used:      534M (26%)         536M (26%)         378M (18%)         186M (9%)          546M (27%)         186M (9%)     
[60.819s][info][gc,heap     ] GC(148)      Live:         -               131M (6%)          131M (6%)          131M (6%)             -                  -          
[60.819s][info][gc,heap     ] GC(148) Allocated:         -                 2M (0%)           12M (1%)           17M (1%)             -                  -          
[60.819s][info][gc,heap     ] GC(148)   Garbage:         -               402M (20%)         234M (11%)          36M (2%)             -                  -          
[60.819s][info][gc,heap     ] GC(148) Reclaimed:         -                  -               168M (8%)          365M (18%)            -                  -          
[60.819s][info][gc          ] GC(148) Garbage Collection (System.gc()) 534M(26%)->186M(9%)
[61.116s][info][gc,start    ] GC(149) Garbage Collection (Allocation Rate)
[61.116s][info][gc,task     ] GC(149) Using 2 workers
[61.116s][info][gc,phases   ] GC(149) Pause Mark Start 0.010ms
[61.195s][info][gc,phases   ] GC(149) Concurrent Mark 78.457ms
[61.195s][info][gc,phases   ] GC(149) Pause Mark End 0.032ms
[61.195s][info][gc,phases   ] GC(149) Concurrent Mark Free 0.003ms
[61.213s][info][gc,phases   ] GC(149) Concurrent Process Non-Strong References 17.714ms
[61.213s][info][gc,phases   ] GC(149) Concurrent Reset Relocation Set 0.006ms
[61.213s][info][gc          ] Allocation Stall (Executor task launch worker for task 0.0 in stage 1015.0 (TID 4062)) 48.549ms
[61.213s][info][gc          ] Allocation Stall (Executor task launch worker for task 1.0 in stage 1015.0 (TID 4063)) 48.517ms
[61.213s][info][gc          ] Allocation Stall (Executor task launch worker for task 4.0 in stage 1015.0 (TID 4066)) 45.524ms
[61.213s][info][gc          ] Allocation Stall (Executor task launch worker for task 2.0 in stage 1015.0 (TID 4064)) 47.994ms
[61.213s][info][gc          ] Allocation Stall (Executor task launch worker for task 3.0 in stage 1015.0 (TID 4065)) 45.357ms
[61.216s][info][gc,phases   ] GC(149) Concurrent Select Relocation Set 2.445ms
[61.216s][info][gc,phases   ] GC(149) Pause Relocate Start 0.008ms
[61.234s][info][gc,phases   ] GC(149) Concurrent Relocate 17.125ms
[61.234s][info][gc,load     ] GC(149) Load: 0.00/0.00/0.00
[61.234s][info][gc,mmu      ] GC(149) MMU: 2ms/89.6%, 5ms/95.9%, 10ms/97.9%, 20ms/99.0%, 50ms/99.6%, 100ms/99.8%
[61.234s][info][gc,marking  ] GC(149) Mark: 2 stripe(s), 2 proactive flush(es), 1 terminate flush(es), 0 completion(s), 0 continuation(s) 
[61.234s][info][gc,marking  ] GC(149) Mark Stack Usage: 32M
[61.234s][info][gc,nmethod  ] GC(149) NMethods: 18127 registered, 2987 unregistered
[61.234s][info][gc,metaspace] GC(149) Metaspace: 154M used, 156M committed, 1216M reserved
[61.234s][info][gc,ref      ] GC(149) Soft: 3561 encountered, 0 discovered, 0 enqueued
[61.234s][info][gc,ref      ] GC(149) Weak: 15489 encountered, 5846 discovered, 230 enqueued
[61.234s][info][gc,ref      ] GC(149) Final: 52 encountered, 0 discovered, 0 enqueued
[61.234s][info][gc,ref      ] GC(149) Phantom: 600 encountered, 346 discovered, 0 enqueued
[61.234s][info][gc,reloc    ] GC(149) Small Pages: 781 / 1562M, Empty: 1168M, Relocated: 6M, In-Place: 0
[61.234s][info][gc,reloc    ] GC(149) Medium Pages: 8 / 256M, Empty: 0M, Relocated: 44M, In-Place: 0
[61.234s][info][gc,reloc    ] GC(149) Large Pages: 6 / 36M, Empty: 36M, Relocated: 0M, In-Place: 0
[61.234s][info][gc,reloc    ] GC(149) Forwarding Usage: 0M
[61.234s][info][gc,heap     ] GC(149) Min Capacity: 2048M(100%)
[61.234s][info][gc,heap     ] GC(149) Max Capacity: 2048M(100%)
[61.234s][info][gc,heap     ] GC(149) Soft Max Capacity: 2048M(100%)
[61.234s][info][gc,heap     ] GC(149)                Mark Start          Mark End        Relocate Start      Relocate End           High               Low         
[61.234s][info][gc,heap     ] GC(149)  Capacity:     2048M (100%)       2048M (100%)       2048M (100%)       2048M (100%)       2048M (100%)       2048M (100%)   
[61.234s][info][gc,heap     ] GC(149)      Free:      194M (9%)            0M (0%)         1160M (57%)        1540M (75%)        1540M (75%)           0M (0%)     
[61.234s][info][gc,heap     ] GC(149)      Used:     1854M (91%)        2048M (100%)        888M (43%)         508M (25%)        2048M (100%)        508M (25%)    
[61.234s][info][gc,heap     ] GC(149)      Live:         -               181M (9%)          181M (9%)          181M (9%)             -                  -          
[61.234s][info][gc,heap     ] GC(149) Allocated:         -               194M (9%)          238M (12%)         261M (13%)            -                  -          
[61.234s][info][gc,heap     ] GC(149)   Garbage:         -              1672M (82%)         468M (23%)          64M (3%)             -                  -          
[61.234s][info][gc,heap     ] GC(149) Reclaimed:         -                  -              1204M (59%)        1607M (79%)            -                  -          
[61.234s][info][gc          ] GC(149) Garbage Collection (Allocation Rate) 1854M(91%)->508M(25%)
[61.302s][info][gc,start    ] GC(150) Garbage Collection (Allocation Stall)
[61.302s][info][gc,ref      ] GC(150) Clearing All SoftReferences
[61.302s][info][gc,task     ] GC(150) Using 2 workers
[61.302s][info][gc,ref      ] GC(150) Clearing All SoftReferences
[61.302s][info][gc,phases   ] GC(150) Pause Mark Start 0.069ms
[61.353s][info][gc,phases   ] GC(150) Concurrent Mark 50.409ms
[61.353s][info][gc,phases   ] GC(150) Pause Mark End 0.036ms
[61.353s][info][gc,phases   ] GC(150) Concurrent Mark Free 0.001ms
[61.388s][info][gc,phases   ] GC(150) Concurrent Process Non-Strong References 34.427ms
[61.388s][info][gc,phases   ] GC(150) Concurrent Reset Relocation Set 0.009ms
[61.390s][info][gc,phases   ] GC(150) Concurrent Select Relocation Set 2.057ms
[61.390s][info][gc,phases   ] GC(150) Pause Relocate Start 0.011ms
[61.397s][info][gc,phases   ] GC(150) Concurrent Relocate 6.974ms
[61.397s][info][gc,load     ] GC(150) Load: 0.00/0.00/0.00
[61.397s][info][gc,mmu      ] GC(150) MMU: 2ms/89.6%, 5ms/95.9%, 10ms/97.9%, 20ms/99.0%, 50ms/99.6%, 100ms/99.8%
[61.397s][info][gc,marking  ] GC(150) Mark: 2 stripe(s), 2 proactive flush(es), 1 terminate flush(es), 0 completion(s), 0 continuation(s) 
[61.397s][info][gc,marking  ] GC(150) Mark Stack Usage: 32M
[61.397s][info][gc,nmethod  ] GC(150) NMethods: 18129 registered, 2988 unregistered
[61.397s][info][gc,metaspace] GC(150) Metaspace: 154M used, 156M committed, 1216M reserved
[61.397s][info][gc,ref      ] GC(150) Soft: 3495 encountered, 2998 discovered, 245 enqueued
[61.397s][info][gc,ref      ] GC(150) Weak: 15292 encountered, 6945 discovered, 197 enqueued
[61.397s][info][gc,ref      ] GC(150) Final: 52 encountered, 0 discovered, 0 enqueued
[61.397s][info][gc,ref      ] GC(150) Phantom: 600 encountered, 369 discovered, 0 enqueued
[61.397s][info][gc,reloc    ] GC(150) Small Pages: 208 / 416M, Empty: 208M, Relocated: 3M, In-Place: 0
[61.397s][info][gc,reloc    ] GC(150) Medium Pages: 8 / 256M, Empty: 0M, Relocated: 42M, In-Place: 0
[61.397s][info][gc,reloc    ] GC(150) Large Pages: 2 / 12M, Empty: 12M, Relocated: 0M, In-Place: 0
[61.397s][info][gc,reloc    ] GC(150) Forwarding Usage: 0M
[61.397s][info][gc,heap     ] GC(150) Min Capacity: 2048M(100%)
[61.397s][info][gc,heap     ] GC(150) Max Capacity: 2048M(100%)
[61.397s][info][gc,heap     ] GC(150) Soft Max Capacity: 2048M(100%)
[61.397s][info][gc,heap     ] GC(150)                Mark Start          Mark End        Relocate Start      Relocate End           High               Low         
[61.397s][info][gc,heap     ] GC(150)  Capacity:     2048M (100%)       2048M (100%)       2048M (100%)       2048M (100%)       2048M (100%)       2048M (100%)   
[61.397s][info][gc,heap     ] GC(150)      Free:     1364M (67%)        1296M (63%)        1500M (73%)        1726M (84%)        1726M (84%)        1284M (63%)    
[61.397s][info][gc,heap     ] GC(150)      Used:      684M (33%)         752M (37%)         548M (27%)         322M (16%)         764M (37%)         322M (16%)    
[61.397s][info][gc,heap     ] GC(150)      Live:         -               192M (9%)          192M (9%)          192M (9%)             -                  -          
[61.397s][info][gc,heap     ] GC(150) Allocated:         -                68M (3%)           84M (4%)           87M (4%)             -                  -          
[61.397s][info][gc,heap     ] GC(150)   Garbage:         -               491M (24%)         271M (13%)          42M (2%)             -                  -          
[61.397s][info][gc,heap     ] GC(150) Reclaimed:         -                  -               220M (11%)         449M (22%)            -                  -          
[61.397s][info][gc          ] GC(150) Garbage Collection (Allocation Stall) 684M(33%)->322M(16%)
[61.405s][info][gc,start    ] GC(151) Garbage Collection (Allocation Rate)
[61.406s][info][gc,task     ] GC(151) Using 2 workers
[61.406s][info][gc,phases   ] GC(151) Pause Mark Start 0.011ms
[61.456s][info][gc,phases   ] GC(151) Concurrent Mark 50.538ms
[61.456s][info][gc,phases   ] GC(151) Pause Mark End 0.022ms
[61.456s][info][gc,phases   ] GC(151) Concurrent Mark Free 0.002ms
[61.491s][info][gc,phases   ] GC(151) Concurrent Process Non-Strong References 34.870ms
[61.491s][info][gc,phases   ] GC(151) Concurrent Reset Relocation Set 0.006ms
[61.494s][info][gc,phases   ] GC(151) Concurrent Select Relocation Set 2.305ms
[61.494s][info][gc,phases   ] GC(151) Pause Relocate Start 0.012ms
[61.498s][info][gc,phases   ] GC(151) Concurrent Relocate 3.791ms
[61.498s][info][gc,load     ] GC(151) Load: 0.00/0.00/0.00
[61.498s][info][gc,mmu      ] GC(151) MMU: 2ms/89.6%, 5ms/95.9%, 10ms/97.9%, 20ms/99.0%, 50ms/99.6%, 100ms/99.8%
[61.498s][info][gc,marking  ] GC(151) Mark: 2 stripe(s), 2 proactive flush(es), 1 terminate flush(es), 0 completion(s), 0 continuation(s) 
[61.498s][info][gc,marking  ] GC(151) Mark Stack Usage: 32M
[61.498s][info][gc,nmethod  ] GC(151) NMethods: 18142 registered, 2989 unregistered
[61.498s][info][gc,metaspace] GC(151) Metaspace: 154M used, 156M committed, 1216M reserved
[61.498s][info][gc,ref      ] GC(151) Soft: 3270 encountered, 0 discovered, 0 enqueued
[61.498s][info][gc,ref      ] GC(151) Weak: 15085 encountered, 5157 discovered, 155 enqueued
[61.498s][info][gc,ref      ] GC(151) Final: 52 encountered, 0 discovered, 0 enqueued
[61.498s][info][gc,ref      ] GC(151) Phantom: 600 encountered, 312 discovered, 0 enqueued
[61.498s][info][gc,reloc    ] GC(151) Small Pages: 57 / 114M, Empty: 0M, Relocated: 4M, In-Place: 0
[61.498s][info][gc,reloc    ] GC(151) Medium Pages: 6 / 192M, Empty: 0M, Relocated: 10M, In-Place: 0
[61.498s][info][gc,reloc    ] GC(151) Large Pages: 4 / 24M, Empty: 24M, Relocated: 0M, In-Place: 0
[61.498s][info][gc,reloc    ] GC(151) Forwarding Usage: 1M
[61.498s][info][gc,heap     ] GC(151) Min Capacity: 2048M(100%)
[61.498s][info][gc,heap     ] GC(151) Max Capacity: 2048M(100%)
[61.498s][info][gc,heap     ] GC(151) Soft Max Capacity: 2048M(100%)
[61.498s][info][gc,heap     ] GC(151)                Mark Start          Mark End        Relocate Start      Relocate End           High               Low         
[61.498s][info][gc,heap     ] GC(151)  Capacity:     2048M (100%)       2048M (100%)       2048M (100%)       2048M (100%)       2048M (100%)       2048M (100%)   
[61.498s][info][gc,heap     ] GC(151)      Free:     1718M (84%)        1662M (81%)        1640M (80%)        1712M (84%)        1718M (84%)        1608M (79%)    
[61.498s][info][gc,heap     ] GC(151)      Used:      330M (16%)         386M (19%)         408M (20%)         336M (16%)         440M (21%)         330M (16%)    
[61.498s][info][gc,heap     ] GC(151)      Live:         -               193M (9%)          193M (9%)          193M (9%)             -                  -          
[61.498s][info][gc,heap     ] GC(151) Allocated:         -                56M (3%)          102M (5%)          101M (5%)             -                  -          
[61.498s][info][gc,heap     ] GC(151)   Garbage:         -               136M (7%)          112M (6%)           40M (2%)             -                  -          
[61.498s][info][gc,heap     ] GC(151) Reclaimed:         -                  -                24M (1%)           95M (5%)             -                  -          
[61.498s][info][gc          ] GC(151) Garbage Collection (Allocation Rate) 330M(16%)->336M(16%)
[61.502s][info][gc,start    ] GC(152) Garbage Collection (Allocation Rate)
[61.502s][info][gc,task     ] GC(152) Using 2 workers
[61.502s][info][gc,phases   ] GC(152) Pause Mark Start 0.009ms
[61.567s][info][gc,phases   ] GC(152) Concurrent Mark 65.099ms
[61.568s][info][gc,phases   ] GC(152) Pause Mark End 0.059ms
[61.568s][info][gc,phases   ] GC(152) Concurrent Mark Free 0.001ms
[61.585s][info][gc,phases   ] GC(152) Concurrent Process Non-Strong References 17.058ms
[61.585s][info][gc,phases   ] GC(152) Concurrent Reset Relocation Set 0.003ms
[61.587s][info][gc,phases   ] GC(152) Concurrent Select Relocation Set 2.072ms
[61.587s][info][gc,phases   ] GC(152) Pause Relocate Start 0.009ms
[61.588s][info][gc,phases   ] GC(152) Concurrent Relocate 1.169ms
[61.588s][info][gc,load     ] GC(152) Load: 0.00/0.00/0.00
[61.588s][info][gc,mmu      ] GC(152) MMU: 2ms/89.6%, 5ms/95.9%, 10ms/97.9%, 20ms/99.0%, 50ms/99.6%, 100ms/99.8%
[61.588s][info][gc,marking  ] GC(152) Mark: 2 stripe(s), 2 proactive flush(es), 1 terminate flush(es), 1 completion(s), 0 continuation(s) 
[61.588s][info][gc,marking  ] GC(152) Mark Stack Usage: 32M
[61.588s][info][gc,nmethod  ] GC(152) NMethods: 18164 registered, 2992 unregistered
[61.588s][info][gc,metaspace] GC(152) Metaspace: 154M used, 156M committed, 1216M reserved
[61.588s][info][gc,ref      ] GC(152) Soft: 3274 encountered, 0 discovered, 0 enqueued
[61.588s][info][gc,ref      ] GC(152) Weak: 15260 encountered, 5364 discovered, 149 enqueued
[61.588s][info][gc,ref      ] GC(152) Final: 52 encountered, 0 discovered, 0 enqueued
[61.588s][info][gc,ref      ] GC(152) Phantom: 600 encountered, 361 discovered, 0 enqueued
[61.588s][info][gc,reloc    ] GC(152) Small Pages: 60 / 120M, Empty: 0M, Relocated: 1M, In-Place: 0
[61.588s][info][gc,reloc    ] GC(152) Medium Pages: 6 / 192M, Empty: 32M, Relocated: 0M, In-Place: 0
[61.588s][info][gc,reloc    ] GC(152) Large Pages: 4 / 24M, Empty: 24M, Relocated: 0M, In-Place: 0
[61.588s][info][gc,reloc    ] GC(152) Forwarding Usage: 0M
[61.588s][info][gc,heap     ] GC(152) Min Capacity: 2048M(100%)
[61.588s][info][gc,heap     ] GC(152) Max Capacity: 2048M(100%)
[61.588s][info][gc,heap     ] GC(152) Soft Max Capacity: 2048M(100%)
[61.588s][info][gc,heap     ] GC(152)                Mark Start          Mark End        Relocate Start      Relocate End           High               Low         
[61.588s][info][gc,heap     ] GC(152)  Capacity:     2048M (100%)       2048M (100%)       2048M (100%)       2048M (100%)       2048M (100%)       2048M (100%)   
[61.588s][info][gc,heap     ] GC(152)      Free:     1712M (84%)        1626M (79%)        1666M (81%)        1712M (84%)        1712M (84%)        1610M (79%)    
[61.588s][info][gc,heap     ] GC(152)      Used:      336M (16%)         422M (21%)         382M (19%)         336M (16%)         438M (21%)         336M (16%)    
[61.588s][info][gc,heap     ] GC(152)      Live:         -               193M (9%)          193M (9%)          193M (9%)             -                  -          
[61.588s][info][gc,heap     ] GC(152) Allocated:         -                86M (4%)          102M (5%)          101M (5%)             -                  -          
[61.588s][info][gc,heap     ] GC(152)   Garbage:         -               142M (7%)           86M (4%)           41M (2%)             -                  -          
[61.588s][info][gc,heap     ] GC(152) Reclaimed:         -                  -                56M (3%)          101M (5%)             -                  -          
[61.588s][info][gc          ] GC(152) Garbage Collection (Allocation Rate) 336M(16%)->336M(16%)
[61.601s][info][gc,start    ] GC(153) Garbage Collection (Allocation Rate)
[61.601s][info][gc,task     ] GC(153) Using 2 workers
[61.601s][info][gc,phases   ] GC(153) Pause Mark Start 0.006ms
[61.660s][info][gc,phases   ] GC(153) Concurrent Mark 58.315ms
[61.660s][info][gc,phases   ] GC(153) Pause Mark End 0.064ms
[61.660s][info][gc,phases   ] GC(153) Concurrent Mark Free 0.001ms
[61.679s][info][gc,phases   ] GC(153) Concurrent Process Non-Strong References 19.223ms
[61.679s][info][gc,phases   ] GC(153) Concurrent Reset Relocation Set 0.003ms
[61.681s][info][gc,phases   ] GC(153) Concurrent Select Relocation Set 2.147ms
[61.682s][info][gc,phases   ] GC(153) Pause Relocate Start 0.010ms
[61.685s][info][gc,phases   ] GC(153) Concurrent Relocate 3.367ms
[61.685s][info][gc,load     ] GC(153) Load: 0.00/0.00/0.00
[61.685s][info][gc,mmu      ] GC(153) MMU: 2ms/89.6%, 5ms/95.9%, 10ms/97.9%, 20ms/99.0%, 50ms/99.6%, 100ms/99.8%
[61.685s][info][gc,marking  ] GC(153) Mark: 2 stripe(s), 2 proactive flush(es), 1 terminate flush(es), 1 completion(s), 0 continuation(s) 
[61.685s][info][gc,marking  ] GC(153) Mark Stack Usage: 32M
[61.685s][info][gc,nmethod  ] GC(153) NMethods: 18164 registered, 2995 unregistered
[61.685s][info][gc,metaspace] GC(153) Metaspace: 154M used, 156M committed, 1216M reserved
[61.685s][info][gc,ref      ] GC(153) Soft: 3278 encountered, 0 discovered, 0 enqueued
[61.685s][info][gc,ref      ] GC(153) Weak: 15348 encountered, 5246 discovered, 292 enqueued
[61.685s][info][gc,ref      ] GC(153) Final: 52 encountered, 0 discovered, 0 enqueued
[61.685s][info][gc,ref      ] GC(153) Phantom: 600 encountered, 371 discovered, 0 enqueued
[61.685s][info][gc,reloc    ] GC(153) Small Pages: 63 / 126M, Empty: 0M, Relocated: 5M, In-Place: 0
[61.685s][info][gc,reloc    ] GC(153) Medium Pages: 6 / 192M, Empty: 32M, Relocated: 0M, In-Place: 0
[61.685s][info][gc,reloc    ] GC(153) Large Pages: 5 / 30M, Empty: 30M, Relocated: 0M, In-Place: 0
[61.685s][info][gc,reloc    ] GC(153) Forwarding Usage: 1M
[61.685s][info][gc,heap     ] GC(153) Min Capacity: 2048M(100%)
[61.685s][info][gc,heap     ] GC(153) Max Capacity: 2048M(100%)
[61.685s][info][gc,heap     ] GC(153) Soft Max Capacity: 2048M(100%)
[61.685s][info][gc,heap     ] GC(153)                Mark Start          Mark End        Relocate Start      Relocate End           High               Low         
[61.685s][info][gc,heap     ] GC(153)  Capacity:     2048M (100%)       2048M (100%)       2048M (100%)       2048M (100%)       2048M (100%)       2048M (100%)   
[61.685s][info][gc,heap     ] GC(153)      Free:     1700M (83%)        1616M (79%)        1662M (81%)        1710M (83%)        1714M (84%)        1600M (78%)    
[61.685s][info][gc,heap     ] GC(153)      Used:      348M (17%)         432M (21%)         386M (19%)         338M (17%)         448M (22%)         334M (16%)    
[61.685s][info][gc,heap     ] GC(153)      Live:         -               193M (9%)          193M (9%)          193M (9%)             -                  -          
[61.685s][info][gc,heap     ] GC(153) Allocated:         -                84M (4%)          100M (5%)          105M (5%)             -                  -          
[61.685s][info][gc,heap     ] GC(153)   Garbage:         -               154M (8%)           92M (5%)           38M (2%)             -                  -          
[61.685s][info][gc,heap     ] GC(153) Reclaimed:         -                  -                62M (3%)          115M (6%)             -                  -          
[61.685s][info][gc          ] GC(153) Garbage Collection (Allocation Rate) 348M(17%)->338M(17%)
[62.312s][info][gc,start    ] GC(154) Garbage Collection (Allocation Rate)
[62.312s][info][gc,task     ] GC(154) Using 2 workers
[62.312s][info][gc,phases   ] GC(154) Pause Mark Start 0.008ms
[62.375s][info][gc,phases   ] GC(154) Concurrent Mark 62.823ms
[62.375s][info][gc,phases   ] GC(154) Pause Mark End 0.030ms
[62.375s][info][gc,phases   ] GC(154) Concurrent Mark Free 0.002ms
[62.392s][info][gc,phases   ] GC(154) Concurrent Process Non-Strong References 16.816ms
[62.392s][info][gc,phases   ] GC(154) Concurrent Reset Relocation Set 0.003ms
[62.394s][info][gc,phases   ] GC(154) Concurrent Select Relocation Set 1.901ms
[62.394s][info][gc,phases   ] GC(154) Pause Relocate Start 0.008ms
[62.396s][info][gc,phases   ] GC(154) Concurrent Relocate 2.224ms
[62.396s][info][gc,load     ] GC(154) Load: 0.00/0.00/0.00
[62.396s][info][gc,mmu      ] GC(154) MMU: 2ms/89.6%, 5ms/95.9%, 10ms/97.9%, 20ms/99.0%, 50ms/99.6%, 100ms/99.8%
[62.396s][info][gc,marking  ] GC(154) Mark: 2 stripe(s), 2 proactive flush(es), 1 terminate flush(es), 0 completion(s), 0 continuation(s) 
[62.396s][info][gc,marking  ] GC(154) Mark Stack Usage: 32M
[62.396s][info][gc,nmethod  ] GC(154) NMethods: 18167 registered, 3003 unregistered
[62.396s][info][gc,metaspace] GC(154) Metaspace: 154M used, 156M committed, 1216M reserved
[62.396s][info][gc,ref      ] GC(154) Soft: 3271 encountered, 0 discovered, 0 enqueued
[62.396s][info][gc,ref      ] GC(154) Weak: 16892 encountered, 6896 discovered, 1889 enqueued
[62.396s][info][gc,ref      ] GC(154) Final: 52 encountered, 0 discovered, 0 enqueued
[62.396s][info][gc,ref      ] GC(154) Phantom: 600 encountered, 372 discovered, 0 enqueued
[62.396s][info][gc,reloc    ] GC(154) Small Pages: 185 / 370M, Empty: 4M, Relocated: 5M, In-Place: 0
[62.396s][info][gc,reloc    ] GC(154) Medium Pages: 9 / 288M, Empty: 128M, Relocated: 0M, In-Place: 0
[62.396s][info][gc,reloc    ] GC(154) Large Pages: 38 / 228M, Empty: 222M, Relocated: 0M, In-Place: 0
[62.396s][info][gc,reloc    ] GC(154) Forwarding Usage: 1M
[62.396s][info][gc,heap     ] GC(154) Min Capacity: 2048M(100%)
[62.396s][info][gc,heap     ] GC(154) Max Capacity: 2048M(100%)
[62.396s][info][gc,heap     ] GC(154) Soft Max Capacity: 2048M(100%)
[62.396s][info][gc,heap     ] GC(154)                Mark Start          Mark End        Relocate Start      Relocate End           High               Low         
[62.396s][info][gc,heap     ] GC(154)  Capacity:     2048M (100%)       2048M (100%)       2048M (100%)       2048M (100%)       2048M (100%)       2048M (100%)   
[62.396s][info][gc,heap     ] GC(154)      Free:     1162M (57%)        1086M (53%)        1412M (69%)        1700M (83%)        1702M (83%)        1060M (52%)    
[62.396s][info][gc,heap     ] GC(154)      Used:      886M (43%)         962M (47%)         636M (31%)         348M (17%)         988M (48%)         346M (17%)    
[62.396s][info][gc,heap     ] GC(154)      Live:         -               200M (10%)         200M (10%)         200M (10%)            -                  -          
[62.396s][info][gc,heap     ] GC(154) Allocated:         -                76M (4%)          104M (5%)          105M (5%)             -                  -          
[62.396s][info][gc,heap     ] GC(154)   Garbage:         -               685M (33%)         331M (16%)          41M (2%)             -                  -          
[62.396s][info][gc,heap     ] GC(154) Reclaimed:         -                  -               354M (17%)         643M (31%)            -                  -          
[62.396s][info][gc          ] GC(154) Garbage Collection (Allocation Rate) 886M(43%)->348M(17%)
[62.610s][info][gc,start    ] GC(155) Garbage Collection (System.gc())
[62.610s][info][gc,task     ] GC(155) Using 2 workers
[62.610s][info][gc,phases   ] GC(155) Pause Mark Start 0.010ms
[62.660s][info][gc,phases   ] GC(155) Concurrent Mark 49.538ms
[62.660s][info][gc,phases   ] GC(155) Pause Mark End 0.036ms
[62.660s][info][gc,phases   ] GC(155) Concurrent Mark Free 0.002ms
[62.677s][info][gc,phases   ] GC(155) Concurrent Process Non-Strong References 17.247ms
[62.677s][info][gc,phases   ] GC(155) Concurrent Reset Relocation Set 0.008ms
[62.680s][info][gc,phases   ] GC(155) Concurrent Select Relocation Set 2.116ms
[62.680s][info][gc,phases   ] GC(155) Pause Relocate Start 0.011ms
[62.686s][info][gc,phases   ] GC(155) Concurrent Relocate 5.693ms
[62.686s][info][gc,load     ] GC(155) Load: 0.00/0.00/0.00
[62.686s][info][gc,mmu      ] GC(155) MMU: 2ms/89.6%, 5ms/95.9%, 10ms/97.9%, 20ms/99.0%, 50ms/99.6%, 100ms/99.8%
[62.686s][info][gc,marking  ] GC(155) Mark: 2 stripe(s), 2 proactive flush(es), 1 terminate flush(es), 0 completion(s), 0 continuation(s) 
[62.686s][info][gc,marking  ] GC(155) Mark Stack Usage: 32M
[62.686s][info][gc,nmethod  ] GC(155) NMethods: 18191 registered, 3027 unregistered
[62.686s][info][gc,metaspace] GC(155) Metaspace: 154M used, 156M committed, 1216M reserved
[62.686s][info][gc,ref      ] GC(155) Soft: 3488 encountered, 0 discovered, 0 enqueued
[62.686s][info][gc,ref      ] GC(155) Weak: 15969 encountered, 6382 discovered, 844 enqueued
[62.686s][info][gc,ref      ] GC(155) Final: 52 encountered, 0 discovered, 0 enqueued
[62.686s][info][gc,ref      ] GC(155) Phantom: 600 encountered, 353 discovered, 0 enqueued
[62.686s][info][gc,reloc    ] GC(155) Small Pages: 118 / 236M, Empty: 0M, Relocated: 6M, In-Place: 0
[62.686s][info][gc,reloc    ] GC(155) Medium Pages: 7 / 224M, Empty: 96M, Relocated: 12M, In-Place: 0
[62.686s][info][gc,reloc    ] GC(155) Large Pages: 12 / 72M, Empty: 72M, Relocated: 0M, In-Place: 0
[62.686s][info][gc,reloc    ] GC(155) Forwarding Usage: 2M
[62.686s][info][gc,heap     ] GC(155) Min Capacity: 2048M(100%)
[62.686s][info][gc,heap     ] GC(155) Max Capacity: 2048M(100%)
[62.686s][info][gc,heap     ] GC(155) Soft Max Capacity: 2048M(100%)
[62.686s][info][gc,heap     ] GC(155)                Mark Start          Mark End        Relocate Start      Relocate End           High               Low         
[62.686s][info][gc,heap     ] GC(155)  Capacity:     2048M (100%)       2048M (100%)       2048M (100%)       2048M (100%)       2048M (100%)       2048M (100%)   
[62.686s][info][gc,heap     ] GC(155)      Free:     1516M (74%)        1514M (74%)        1676M (82%)        1850M (90%)        1864M (91%)        1508M (74%)    
[62.686s][info][gc,heap     ] GC(155)      Used:      532M (26%)         534M (26%)         372M (18%)         198M (10%)         540M (26%)         184M (9%)     
[62.686s][info][gc,heap     ] GC(155)      Live:         -               130M (6%)          130M (6%)          130M (6%)             -                  -          
[62.686s][info][gc,heap     ] GC(155) Allocated:         -                 2M (0%)            8M (0%)           29M (1%)             -                  -          
[62.686s][info][gc,heap     ] GC(155)   Garbage:         -               401M (20%)         233M (11%)          37M (2%)             -                  -          
[62.686s][info][gc,heap     ] GC(155) Reclaimed:         -                  -               168M (8%)          363M (18%)            -                  -          
[62.686s][info][gc          ] GC(155) Garbage Collection (System.gc()) 532M(26%)->198M(10%)
[63.016s][info][gc,start    ] GC(156) Garbage Collection (Allocation Rate)
[63.016s][info][gc,task     ] GC(156) Using 2 workers
[63.017s][info][gc,phases   ] GC(156) Pause Mark Start 0.006ms
[63.079s][info][gc,phases   ] GC(156) Concurrent Mark 62.039ms
[63.079s][info][gc,phases   ] GC(156) Pause Mark End 0.033ms
[63.079s][info][gc,phases   ] GC(156) Concurrent Mark Free 0.003ms
[63.112s][info][gc,phases   ] GC(156) Concurrent Process Non-Strong References 32.926ms
[63.112s][info][gc,phases   ] GC(156) Concurrent Reset Relocation Set 0.005ms
[63.112s][info][gc          ] Allocation Stall (Executor task launch worker for task 1.0 in stage 1061.0 (TID 4247)) 93.951ms
[63.112s][info][gc          ] Allocation Stall (Executor task launch worker for task 2.0 in stage 1061.0 (TID 4248)) 91.223ms
[63.112s][info][gc          ] Allocation Stall (Executor task launch worker for task 4.0 in stage 1061.0 (TID 4250)) 90.287ms
[63.112s][info][gc          ] Allocation Stall (Executor task launch worker for task 0.0 in stage 1061.0 (TID 4246)) 90.294ms
[63.112s][info][gc          ] Allocation Stall (Executor task launch worker for task 3.0 in stage 1061.0 (TID 4249)) 89.932ms
[63.114s][info][gc,phases   ] GC(156) Concurrent Select Relocation Set 2.022ms
[63.126s][info][gc,phases   ] GC(156) Pause Relocate Start 0.019ms
[63.153s][info][gc,phases   ] GC(156) Concurrent Relocate 26.614ms
[63.153s][info][gc,load     ] GC(156) Load: 0.00/0.00/0.00
[63.153s][info][gc,mmu      ] GC(156) MMU: 2ms/89.6%, 5ms/95.9%, 10ms/97.9%, 20ms/99.0%, 50ms/99.6%, 100ms/99.8%
[63.153s][info][gc,marking  ] GC(156) Mark: 2 stripe(s), 2 proactive flush(es), 1 terminate flush(es), 0 completion(s), 0 continuation(s) 
[63.153s][info][gc,marking  ] GC(156) Mark Stack Usage: 32M
[63.153s][info][gc,nmethod  ] GC(156) NMethods: 18233 registered, 3035 unregistered
[63.153s][info][gc,metaspace] GC(156) Metaspace: 154M used, 156M committed, 1216M reserved
[63.153s][info][gc,ref      ] GC(156) Soft: 3552 encountered, 0 discovered, 0 enqueued
[63.153s][info][gc,ref      ] GC(156) Weak: 15490 encountered, 6125 discovered, 229 enqueued
[63.153s][info][gc,ref      ] GC(156) Final: 52 encountered, 0 discovered, 0 enqueued
[63.153s][info][gc,ref      ] GC(156) Phantom: 600 encountered, 372 discovered, 0 enqueued
[63.153s][info][gc,reloc    ] GC(156) Small Pages: 852 / 1704M, Empty: 1278M, Relocated: 12M, In-Place: 0
[63.153s][info][gc,reloc    ] GC(156) Medium Pages: 9 / 288M, Empty: 0M, Relocated: 49M, In-Place: 0
[63.153s][info][gc,reloc    ] GC(156) Large Pages: 6 / 36M, Empty: 36M, Relocated: 0M, In-Place: 0
[63.153s][info][gc,reloc    ] GC(156) Forwarding Usage: 2M
[63.153s][info][gc,heap     ] GC(156) Min Capacity: 2048M(100%)
[63.153s][info][gc,heap     ] GC(156) Max Capacity: 2048M(100%)
[63.153s][info][gc,heap     ] GC(156) Soft Max Capacity: 2048M(100%)
[63.153s][info][gc,heap     ] GC(156)                Mark Start          Mark End        Relocate Start      Relocate End           High               Low         
[63.153s][info][gc,heap     ] GC(156)  Capacity:     2048M (100%)       2048M (100%)       2048M (100%)       2048M (100%)       2048M (100%)       2048M (100%)   
[63.153s][info][gc,heap     ] GC(156)      Free:       20M (1%)            0M (0%)         1278M (62%)        1630M (80%)        1658M (81%)           0M (0%)     
[63.153s][info][gc,heap     ] GC(156)      Used:     2028M (99%)        2048M (100%)        770M (38%)         418M (20%)        2048M (100%)        390M (19%)    
[63.153s][info][gc,heap     ] GC(156)      Live:         -               186M (9%)          186M (9%)          186M (9%)             -                  -          
[63.153s][info][gc,heap     ] GC(156) Allocated:         -                20M (1%)           56M (3%)          164M (8%)             -                  -          
[63.153s][info][gc,heap     ] GC(156)   Garbage:         -              1841M (90%)         527M (26%)          66M (3%)             -                  -          
[63.153s][info][gc,heap     ] GC(156) Reclaimed:         -                  -              1314M (64%)        1774M (87%)            -                  -          
[63.153s][info][gc          ] GC(156) Garbage Collection (Allocation Rate) 2028M(99%)->418M(20%)
[63.214s][info][gc,start    ] GC(157) Garbage Collection (Allocation Stall)
[63.214s][info][gc,ref      ] GC(157) Clearing All SoftReferences
[63.214s][info][gc,task     ] GC(157) Using 2 workers
[63.214s][info][gc,ref      ] GC(157) Clearing All SoftReferences
[63.214s][info][gc,phases   ] GC(157) Pause Mark Start 0.046ms
[63.279s][info][gc,phases   ] GC(157) Concurrent Mark 64.187ms
[63.279s][info][gc,phases   ] GC(157) Pause Mark End 0.154ms
[63.279s][info][gc,phases   ] GC(157) Concurrent Mark Free 0.000ms
[63.317s][info][gc,phases   ] GC(157) Concurrent Process Non-Strong References 37.670ms
[63.317s][info][gc,phases   ] GC(157) Concurrent Reset Relocation Set 0.012ms
[63.319s][info][gc,phases   ] GC(157) Concurrent Select Relocation Set 1.997ms
[63.319s][info][gc,phases   ] GC(157) Pause Relocate Start 0.008ms
[63.323s][info][gc,phases   ] GC(157) Concurrent Relocate 3.987ms
[63.323s][info][gc,load     ] GC(157) Load: 0.00/0.00/0.00
[63.323s][info][gc,mmu      ] GC(157) MMU: 2ms/89.6%, 5ms/95.9%, 10ms/97.9%, 20ms/99.0%, 50ms/99.6%, 100ms/99.8%
[63.323s][info][gc,marking  ] GC(157) Mark: 2 stripe(s), 2 proactive flush(es), 1 terminate flush(es), 1 completion(s), 0 continuation(s) 
[63.323s][info][gc,marking  ] GC(157) Mark Stack Usage: 32M
[63.323s][info][gc,nmethod  ] GC(157) NMethods: 18235 registered, 3036 unregistered
[63.323s][info][gc,metaspace] GC(157) Metaspace: 154M used, 156M committed, 1216M reserved
[63.323s][info][gc,ref      ] GC(157) Soft: 3486 encountered, 3045 discovered, 219 enqueued
[63.323s][info][gc,ref      ] GC(157) Weak: 15376 encountered, 5488 discovered, 196 enqueued
[63.323s][info][gc,ref      ] GC(157) Final: 52 encountered, 0 discovered, 0 enqueued
[63.323s][info][gc,ref      ] GC(157) Phantom: 600 encountered, 357 discovered, 0 enqueued
[63.323s][info][gc,reloc    ] GC(157) Small Pages: 134 / 268M, Empty: 106M, Relocated: 3M, In-Place: 0
[63.323s][info][gc,reloc    ] GC(157) Medium Pages: 8 / 256M, Empty: 32M, Relocated: 23M, In-Place: 0
[63.323s][info][gc,reloc    ] GC(157) Large Pages: 3 / 18M, Empty: 18M, Relocated: 0M, In-Place: 0
[63.323s][info][gc,reloc    ] GC(157) Forwarding Usage: 0M
[63.323s][info][gc,heap     ] GC(157) Min Capacity: 2048M(100%)
[63.323s][info][gc,heap     ] GC(157) Max Capacity: 2048M(100%)
[63.323s][info][gc,heap     ] GC(157) Soft Max Capacity: 2048M(100%)
[63.323s][info][gc,heap     ] GC(157)                Mark Start          Mark End        Relocate Start      Relocate End           High               Low         
[63.323s][info][gc,heap     ] GC(157)  Capacity:     2048M (100%)       2048M (100%)       2048M (100%)       2048M (100%)       2048M (100%)       2048M (100%)   
[63.323s][info][gc,heap     ] GC(157)      Free:     1506M (74%)        1424M (70%)        1560M (76%)        1710M (83%)        1710M (83%)        1404M (69%)    
[63.324s][info][gc,heap     ] GC(157)      Used:      542M (26%)         624M (30%)         488M (24%)         338M (17%)         644M (31%)         338M (17%)    
[63.324s][info][gc,heap     ] GC(157)      Live:         -               193M (9%)          193M (9%)          193M (9%)             -                  -          
[63.324s][info][gc,heap     ] GC(157) Allocated:         -                82M (4%)          102M (5%)          103M (5%)             -                  -          
[63.324s][info][gc,heap     ] GC(157)   Garbage:         -               348M (17%)         192M (9%)           40M (2%)             -                  -          
[63.324s][info][gc,heap     ] GC(157) Reclaimed:         -                  -               156M (8%)          307M (15%)            -                  -          
[63.324s][info][gc          ] GC(157) Garbage Collection (Allocation Stall) 542M(26%)->338M(17%)
[63.403s][info][gc,start    ] GC(158) Garbage Collection (Allocation Rate)
[63.403s][info][gc,task     ] GC(158) Using 2 workers
[63.403s][info][gc,phases   ] GC(158) Pause Mark Start 0.009ms
[63.449s][info][gc,phases   ] GC(158) Concurrent Mark 46.084ms
[63.450s][info][gc,phases   ] GC(158) Pause Mark End 0.028ms
[63.450s][info][gc,phases   ] GC(158) Concurrent Mark Free 0.001ms
[63.468s][info][gc,phases   ] GC(158) Concurrent Process Non-Strong References 18.082ms
[63.468s][info][gc,phases   ] GC(158) Concurrent Reset Relocation Set 0.005ms
[63.470s][info][gc,phases   ] GC(158) Concurrent Select Relocation Set 2.450ms
[63.470s][info][gc,phases   ] GC(158) Pause Relocate Start 0.013ms
[63.478s][info][gc,phases   ] GC(158) Concurrent Relocate 7.450ms
[63.478s][info][gc,load     ] GC(158) Load: 0.00/0.00/0.00
[63.478s][info][gc,mmu      ] GC(158) MMU: 2ms/89.6%, 5ms/95.9%, 10ms/97.9%, 20ms/99.0%, 50ms/99.6%, 100ms/99.8%
[63.478s][info][gc,marking  ] GC(158) Mark: 2 stripe(s), 2 proactive flush(es), 1 terminate flush(es), 0 completion(s), 0 continuation(s) 
[63.478s][info][gc,marking  ] GC(158) Mark Stack Usage: 32M
[63.478s][info][gc,nmethod  ] GC(158) NMethods: 18235 registered, 3042 unregistered
[63.478s][info][gc,metaspace] GC(158) Metaspace: 154M used, 156M committed, 1216M reserved
[63.478s][info][gc,ref      ] GC(158) Soft: 3280 encountered, 0 discovered, 0 enqueued
[63.478s][info][gc,ref      ] GC(158) Weak: 15492 encountered, 6376 discovered, 443 enqueued
[63.478s][info][gc,ref      ] GC(158) Final: 52 encountered, 0 discovered, 0 enqueued
[63.478s][info][gc,ref      ] GC(158) Phantom: 600 encountered, 381 discovered, 0 enqueued
[63.478s][info][gc,reloc    ] GC(158) Small Pages: 82 / 164M, Empty: 0M, Relocated: 6M, In-Place: 0
[63.478s][info][gc,reloc    ] GC(158) Medium Pages: 6 / 192M, Empty: 0M, Relocated: 21M, In-Place: 0
[63.478s][info][gc,reloc    ] GC(158) Large Pages: 9 / 54M, Empty: 54M, Relocated: 0M, In-Place: 0
[63.478s][info][gc,reloc    ] GC(158) Forwarding Usage: 1M
[63.478s][info][gc,heap     ] GC(158) Min Capacity: 2048M(100%)
[63.478s][info][gc,heap     ] GC(158) Max Capacity: 2048M(100%)
[63.478s][info][gc,heap     ] GC(158) Soft Max Capacity: 2048M(100%)
[63.478s][info][gc,heap     ] GC(158)                Mark Start          Mark End        Relocate Start      Relocate End           High               Low         
[63.478s][info][gc,heap     ] GC(158)  Capacity:     2048M (100%)       2048M (100%)       2048M (100%)       2048M (100%)       2048M (100%)       2048M (100%)   
[63.478s][info][gc,heap     ] GC(158)      Free:     1638M (80%)        1572M (77%)        1606M (78%)        1726M (84%)        1726M (84%)        1552M (76%)    
[63.478s][info][gc,heap     ] GC(158)      Used:      410M (20%)         476M (23%)         442M (22%)         322M (16%)         496M (24%)         322M (16%)    
[63.478s][info][gc,heap     ] GC(158)      Live:         -               195M (10%)         195M (10%)         195M (10%)            -                  -          
[63.478s][info][gc,heap     ] GC(158) Allocated:         -                66M (3%)           86M (4%)           87M (4%)             -                  -          
[63.478s][info][gc,heap     ] GC(158)   Garbage:         -               214M (10%)         160M (8%)           39M (2%)             -                  -          
[63.478s][info][gc,heap     ] GC(158) Reclaimed:         -                  -                54M (3%)          175M (9%)             -                  -          
[63.478s][info][gc          ] GC(158) Garbage Collection (Allocation Rate) 410M(20%)->322M(16%)
[63.508s][info][gc,start    ] GC(159) Garbage Collection (Allocation Rate)
[63.508s][info][gc,task     ] GC(159) Using 2 workers
[63.509s][info][gc,phases   ] GC(159) Pause Mark Start 0.010ms
[63.573s][info][gc,phases   ] GC(159) Concurrent Mark 64.120ms
[63.573s][info][gc,phases   ] GC(159) Pause Mark End 0.031ms
[63.573s][info][gc,phases   ] GC(159) Concurrent Mark Free 0.001ms
[63.590s][info][gc,phases   ] GC(159) Concurrent Process Non-Strong References 17.184ms
[63.590s][info][gc,phases   ] GC(159) Concurrent Reset Relocation Set 0.007ms
[63.592s][info][gc,phases   ] GC(159) Concurrent Select Relocation Set 2.028ms
[63.592s][info][gc,phases   ] GC(159) Pause Relocate Start 0.011ms
[63.599s][info][gc,phases   ] GC(159) Concurrent Relocate 6.356ms
[63.599s][info][gc,load     ] GC(159) Load: 0.00/0.00/0.00
[63.599s][info][gc,mmu      ] GC(159) MMU: 2ms/89.6%, 5ms/95.9%, 10ms/97.9%, 20ms/99.0%, 50ms/99.6%, 100ms/99.8%
[63.599s][info][gc,marking  ] GC(159) Mark: 2 stripe(s), 2 proactive flush(es), 1 terminate flush(es), 0 completion(s), 0 continuation(s) 
[63.599s][info][gc,marking  ] GC(159) Mark Stack Usage: 32M
[63.599s][info][gc,nmethod  ] GC(159) NMethods: 18251 registered, 3046 unregistered
[63.599s][info][gc,metaspace] GC(159) Metaspace: 154M used, 156M committed, 1216M reserved
[63.599s][info][gc,ref      ] GC(159) Soft: 3267 encountered, 0 discovered, 0 enqueued
[63.599s][info][gc,ref      ] GC(159) Weak: 15259 encountered, 3313 discovered, 152 enqueued
[63.599s][info][gc,ref      ] GC(159) Final: 52 encountered, 0 discovered, 0 enqueued
[63.599s][info][gc,ref      ] GC(159) Phantom: 600 encountered, 335 discovered, 0 enqueued
[63.599s][info][gc,reloc    ] GC(159) Small Pages: 61 / 122M, Empty: 0M, Relocated: 5M, In-Place: 0
[63.599s][info][gc,reloc    ] GC(159) Medium Pages: 6 / 192M, Empty: 0M, Relocated: 20M, In-Place: 0
[63.599s][info][gc,reloc    ] GC(159) Large Pages: 4 / 24M, Empty: 24M, Relocated: 0M, In-Place: 0
[63.599s][info][gc,reloc    ] GC(159) Forwarding Usage: 1M
[63.599s][info][gc,heap     ] GC(159) Min Capacity: 2048M(100%)
[63.599s][info][gc,heap     ] GC(159) Max Capacity: 2048M(100%)
[63.599s][info][gc,heap     ] GC(159) Soft Max Capacity: 2048M(100%)
[63.599s][info][gc,heap     ] GC(159)                Mark Start          Mark End        Relocate Start      Relocate End           High               Low         
[63.599s][info][gc,heap     ] GC(159)  Capacity:     2048M (100%)       2048M (100%)       2048M (100%)       2048M (100%)       2048M (100%)       2048M (100%)   
[63.599s][info][gc,heap     ] GC(159)      Free:     1710M (83%)        1626M (79%)        1622M (79%)        1704M (83%)        1710M (83%)        1590M (78%)    
[63.599s][info][gc,heap     ] GC(159)      Used:      338M (17%)         422M (21%)         426M (21%)         344M (17%)         458M (22%)         338M (17%)    
[63.599s][info][gc,heap     ] GC(159)      Live:         -               193M (9%)          193M (9%)          193M (9%)             -                  -          
[63.599s][info][gc,heap     ] GC(159) Allocated:         -                84M (4%)          112M (5%)          111M (5%)             -                  -          
[63.599s][info][gc,heap     ] GC(159)   Garbage:         -               144M (7%)          120M (6%)           39M (2%)             -                  -          
[63.599s][info][gc,heap     ] GC(159) Reclaimed:         -                  -                24M (1%)          105M (5%)             -                  -          
[63.599s][info][gc          ] GC(159) Garbage Collection (Allocation Rate) 338M(17%)->344M(17%)
[64.206s][info][gc,start    ] GC(160) Garbage Collection (Allocation Rate)
[64.206s][info][gc,task     ] GC(160) Using 2 workers
[64.206s][info][gc,phases   ] GC(160) Pause Mark Start 0.011ms
[64.269s][info][gc,phases   ] GC(160) Concurrent Mark 62.997ms
[64.269s][info][gc,phases   ] GC(160) Pause Mark End 0.100ms
[64.269s][info][gc,phases   ] GC(160) Concurrent Mark Free 0.001ms
[64.287s][info][gc,phases   ] GC(160) Concurrent Process Non-Strong References 18.158ms
[64.288s][info][gc,phases   ] GC(160) Concurrent Reset Relocation Set 0.003ms
[64.289s][info][gc,phases   ] GC(160) Concurrent Select Relocation Set 1.965ms
[64.290s][info][gc,phases   ] GC(160) Pause Relocate Start 0.009ms
[64.294s][info][gc,phases   ] GC(160) Concurrent Relocate 4.272ms
[64.294s][info][gc,load     ] GC(160) Load: 0.00/0.00/0.00
[64.294s][info][gc,mmu      ] GC(160) MMU: 2ms/89.6%, 5ms/95.9%, 10ms/97.9%, 20ms/99.0%, 50ms/99.6%, 100ms/99.8%
[64.294s][info][gc,marking  ] GC(160) Mark: 2 stripe(s), 2 proactive flush(es), 1 terminate flush(es), 1 completion(s), 0 continuation(s) 
[64.294s][info][gc,marking  ] GC(160) Mark Stack Usage: 32M
[64.294s][info][gc,nmethod  ] GC(160) NMethods: 18260 registered, 3064 unregistered
[64.294s][info][gc,metaspace] GC(160) Metaspace: 154M used, 156M committed, 1216M reserved
[64.294s][info][gc,ref      ] GC(160) Soft: 3269 encountered, 0 discovered, 0 enqueued
[64.294s][info][gc,ref      ] GC(160) Weak: 17033 encountered, 7367 discovered, 1889 enqueued
[64.294s][info][gc,ref      ] GC(160) Final: 52 encountered, 0 discovered, 0 enqueued
[64.294s][info][gc,ref      ] GC(160) Phantom: 600 encountered, 336 discovered, 0 enqueued
[64.294s][info][gc,reloc    ] GC(160) Small Pages: 191 / 382M, Empty: 14M, Relocated: 3M, In-Place: 0
[64.294s][info][gc,reloc    ] GC(160) Medium Pages: 9 / 288M, Empty: 96M, Relocated: 20M, In-Place: 0
[64.294s][info][gc,reloc    ] GC(160) Large Pages: 39 / 234M, Empty: 234M, Relocated: 0M, In-Place: 0
[64.294s][info][gc,reloc    ] GC(160) Forwarding Usage: 0M
[64.294s][info][gc,heap     ] GC(160) Min Capacity: 2048M(100%)
[64.294s][info][gc,heap     ] GC(160) Max Capacity: 2048M(100%)
[64.294s][info][gc,heap     ] GC(160) Soft Max Capacity: 2048M(100%)
[64.294s][info][gc,heap     ] GC(160)                Mark Start          Mark End        Relocate Start      Relocate End           High               Low         
[64.294s][info][gc,heap     ] GC(160)  Capacity:     2048M (100%)       2048M (100%)       2048M (100%)       2048M (100%)       2048M (100%)       2048M (100%)   
[64.294s][info][gc,heap     ] GC(160)      Free:     1144M (56%)        1064M (52%)        1398M (68%)        1720M (84%)        1720M (84%)        1056M (52%)    
[64.294s][info][gc,heap     ] GC(160)      Used:      904M (44%)         984M (48%)         650M (32%)         328M (16%)         992M (48%)         328M (16%)    
[64.294s][info][gc,heap     ] GC(160)      Live:         -               195M (10%)         195M (10%)         195M (10%)            -                  -          
[64.294s][info][gc,heap     ] GC(160) Allocated:         -                80M (4%)           90M (4%)           93M (5%)             -                  -          
[64.294s][info][gc,heap     ] GC(160)   Garbage:         -               708M (35%)         364M (18%)          38M (2%)             -                  -          
[64.294s][info][gc,heap     ] GC(160) Reclaimed:         -                  -               344M (17%)         669M (33%)            -                  -          
[64.294s][info][gc          ] GC(160) Garbage Collection (Allocation Rate) 904M(44%)->328M(16%)
[64.475s][info][gc,start    ] GC(161) Garbage Collection (System.gc())
[64.475s][info][gc,task     ] GC(161) Using 2 workers
[64.475s][info][gc,phases   ] GC(161) Pause Mark Start 0.007ms
[64.525s][info][gc,phases   ] GC(161) Concurrent Mark 50.430ms
[64.525s][info][gc,phases   ] GC(161) Pause Mark End 0.028ms
[64.525s][info][gc,phases   ] GC(161) Concurrent Mark Free 0.002ms
[64.543s][info][gc,phases   ] GC(161) Concurrent Process Non-Strong References 16.999ms
[64.543s][info][gc,phases   ] GC(161) Concurrent Reset Relocation Set 0.008ms
[64.545s][info][gc,phases   ] GC(161) Concurrent Select Relocation Set 1.892ms
[64.545s][info][gc,phases   ] GC(161) Pause Relocate Start 0.007ms
[64.548s][info][gc,phases   ] GC(161) Concurrent Relocate 2.874ms
[64.548s][info][gc,load     ] GC(161) Load: 0.00/0.00/0.00
[64.548s][info][gc,mmu      ] GC(161) MMU: 2ms/89.6%, 5ms/95.9%, 10ms/97.9%, 20ms/99.0%, 50ms/99.6%, 100ms/99.8%
[64.548s][info][gc,marking  ] GC(161) Mark: 2 stripe(s), 1 proactive flush(es), 1 terminate flush(es), 0 completion(s), 0 continuation(s) 
[64.548s][info][gc,marking  ] GC(161) Mark Stack Usage: 32M
[64.548s][info][gc,nmethod  ] GC(161) NMethods: 18280 registered, 3088 unregistered
[64.548s][info][gc,metaspace] GC(161) Metaspace: 154M used, 156M committed, 1216M reserved
[64.548s][info][gc,ref      ] GC(161) Soft: 3485 encountered, 0 discovered, 0 enqueued
[64.548s][info][gc,ref      ] GC(161) Weak: 15963 encountered, 7781 discovered, 842 enqueued
[64.548s][info][gc,ref      ] GC(161) Final: 52 encountered, 0 discovered, 0 enqueued
[64.548s][info][gc,ref      ] GC(161) Phantom: 600 encountered, 370 discovered, 0 enqueued
[64.548s][info][gc,reloc    ] GC(161) Small Pages: 108 / 216M, Empty: 8M, Relocated: 4M, In-Place: 0
[64.548s][info][gc,reloc    ] GC(161) Medium Pages: 6 / 192M, Empty: 96M, Relocated: 0M, In-Place: 0
[64.548s][info][gc,reloc    ] GC(161) Large Pages: 9 / 54M, Empty: 54M, Relocated: 0M, In-Place: 0
[64.548s][info][gc,reloc    ] GC(161) Forwarding Usage: 1M
[64.548s][info][gc,heap     ] GC(161) Min Capacity: 2048M(100%)
[64.548s][info][gc,heap     ] GC(161) Max Capacity: 2048M(100%)
[64.548s][info][gc,heap     ] GC(161) Soft Max Capacity: 2048M(100%)
[64.548s][info][gc,heap     ] GC(161)                Mark Start          Mark End        Relocate Start      Relocate End           High               Low         
[64.548s][info][gc,heap     ] GC(161)  Capacity:     2048M (100%)       2048M (100%)       2048M (100%)       2048M (100%)       2048M (100%)       2048M (100%)   
[64.548s][info][gc,heap     ] GC(161)      Free:     1586M (77%)        1584M (77%)        1732M (85%)        1856M (91%)        1864M (91%)        1576M (77%)    
[64.548s][info][gc,heap     ] GC(161)      Used:      462M (23%)         464M (23%)         316M (15%)         192M (9%)          472M (23%)         184M (9%)     
[64.548s][info][gc,heap     ] GC(161)      Live:         -               130M (6%)          130M (6%)          130M (6%)             -                  -          
[64.548s][info][gc,heap     ] GC(161) Allocated:         -                 2M (0%)           12M (1%)           23M (1%)             -                  -          
[64.548s][info][gc,heap     ] GC(161)   Garbage:         -               331M (16%)         173M (8%)           37M (2%)             -                  -          
[64.548s][info][gc,heap     ] GC(161) Reclaimed:         -                  -               158M (8%)          293M (14%)            -                  -          
[64.548s][info][gc          ] GC(161) Garbage Collection (System.gc()) 462M(23%)->192M(9%)
[64.806s][info][gc,start    ] GC(162) Garbage Collection (Allocation Rate)
[64.806s][info][gc,task     ] GC(162) Using 2 workers
[64.806s][info][gc,phases   ] GC(162) Pause Mark Start 0.012ms
[64.900s][info][gc,phases   ] GC(162) Concurrent Mark 93.709ms
[64.901s][info][gc,phases   ] GC(162) Pause Mark End 0.055ms
[64.901s][info][gc,phases   ] GC(162) Concurrent Mark Free 0.003ms
[64.933s][info][gc,phases   ] GC(162) Concurrent Process Non-Strong References 32.060ms
[64.933s][info][gc,phases   ] GC(162) Concurrent Reset Relocation Set 0.004ms
[64.933s][info][gc          ] Allocation Stall (Executor task launch worker for task 0.0 in stage 1107.0 (TID 4430)) 37.516ms
[64.933s][info][gc          ] Allocation Stall (Executor task launch worker for task 2.0 in stage 1107.0 (TID 4432)) 38.287ms
[64.933s][info][gc          ] Allocation Stall (Executor task launch worker for task 1.0 in stage 1107.0 (TID 4431)) 38.064ms
[64.933s][info][gc          ] Allocation Stall (Executor task launch worker for task 4.0 in stage 1107.0 (TID 4434)) 37.207ms
[64.933s][info][gc          ] Allocation Stall (Executor task launch worker for task 3.0 in stage 1107.0 (TID 4433)) 37.104ms
[64.937s][info][gc,phases   ] GC(162) Concurrent Select Relocation Set 4.245ms
[64.937s][info][gc,phases   ] GC(162) Pause Relocate Start 0.008ms
[64.963s][info][gc,phases   ] GC(162) Concurrent Relocate 25.154ms
[64.963s][info][gc,load     ] GC(162) Load: 0.00/0.00/0.00
[64.963s][info][gc,mmu      ] GC(162) MMU: 2ms/89.6%, 5ms/95.9%, 10ms/97.9%, 20ms/99.0%, 50ms/99.6%, 100ms/99.8%
[64.963s][info][gc,marking  ] GC(162) Mark: 2 stripe(s), 2 proactive flush(es), 1 terminate flush(es), 0 completion(s), 0 continuation(s) 
[64.963s][info][gc,marking  ] GC(162) Mark Stack Usage: 32M
[64.963s][info][gc,nmethod  ] GC(162) NMethods: 18306 registered, 3102 unregistered
[64.963s][info][gc,metaspace] GC(162) Metaspace: 154M used, 156M committed, 1216M reserved
[64.963s][info][gc,ref      ] GC(162) Soft: 3551 encountered, 0 discovered, 0 enqueued
[64.963s][info][gc,ref      ] GC(162) Weak: 15484 encountered, 4674 discovered, 205 enqueued
[64.963s][info][gc,ref      ] GC(162) Final: 52 encountered, 0 discovered, 0 enqueued
[64.963s][info][gc,ref      ] GC(162) Phantom: 600 encountered, 373 discovered, 0 enqueued
[64.963s][info][gc,reloc    ] GC(162) Small Pages: 658 / 1316M, Empty: 980M, Relocated: 8M, In-Place: 0
[64.963s][info][gc,reloc    ] GC(162) Medium Pages: 7 / 224M, Empty: 0M, Relocated: 43M, In-Place: 0
[64.963s][info][gc,reloc    ] GC(162) Large Pages: 6 / 36M, Empty: 36M, Relocated: 0M, In-Place: 0
[64.963s][info][gc,reloc    ] GC(162) Forwarding Usage: 1M
[64.963s][info][gc,heap     ] GC(162) Min Capacity: 2048M(100%)
[64.963s][info][gc,heap     ] GC(162) Max Capacity: 2048M(100%)
[64.963s][info][gc,heap     ] GC(162) Soft Max Capacity: 2048M(100%)
[64.963s][info][gc,heap     ] GC(162)                Mark Start          Mark End        Relocate Start      Relocate End           High               Low         
[64.963s][info][gc,heap     ] GC(162)  Capacity:     2048M (100%)       2048M (100%)       2048M (100%)       2048M (100%)       2048M (100%)       2048M (100%)   
[64.963s][info][gc,heap     ] GC(162)      Free:      472M (23%)           0M (0%)          988M (48%)        1204M (59%)        1214M (59%)           0M (0%)     
[64.963s][info][gc,heap     ] GC(162)      Used:     1576M (77%)        2048M (100%)       1060M (52%)         844M (41%)        2048M (100%)        834M (41%)    
[64.963s][info][gc,heap     ] GC(162)      Live:         -               166M (8%)          166M (8%)          166M (8%)             -                  -          
[64.963s][info][gc,heap     ] GC(162) Allocated:         -               472M (23%)         500M (24%)         636M (31%)            -                  -          
[64.963s][info][gc,heap     ] GC(162)   Garbage:         -              1409M (69%)         393M (19%)          41M (2%)             -                  -          
[64.963s][info][gc,heap     ] GC(162) Reclaimed:         -                  -              1016M (50%)        1368M (67%)            -                  -          
[64.963s][info][gc          ] GC(162) Garbage Collection (Allocation Rate) 1576M(77%)->844M(41%)
[65.017s][info][gc,start    ] GC(163) Garbage Collection (Allocation Stall)
[65.017s][info][gc,ref      ] GC(163) Clearing All SoftReferences
[65.017s][info][gc,task     ] GC(163) Using 2 workers
[65.017s][info][gc,ref      ] GC(163) Clearing All SoftReferences
[65.018s][info][gc,phases   ] GC(163) Pause Mark Start 0.040ms
[65.064s][info][gc,phases   ] GC(163) Concurrent Mark 46.538ms
[65.064s][info][gc,phases   ] GC(163) Pause Mark End 0.019ms
[65.064s][info][gc,phases   ] GC(163) Concurrent Mark Free 0.001ms
[65.097s][info][gc,phases   ] GC(163) Concurrent Process Non-Strong References 32.636ms
[65.097s][info][gc,phases   ] GC(163) Concurrent Reset Relocation Set 0.010ms
[65.099s][info][gc,phases   ] GC(163) Concurrent Select Relocation Set 2.492ms
[65.100s][info][gc,phases   ] GC(163) Pause Relocate Start 0.008ms
[65.110s][info][gc,phases   ] GC(163) Concurrent Relocate 10.307ms
[65.110s][info][gc,load     ] GC(163) Load: 0.00/0.00/0.00
[65.110s][info][gc,mmu      ] GC(163) MMU: 2ms/89.6%, 5ms/95.9%, 10ms/97.9%, 20ms/99.0%, 50ms/99.6%, 100ms/99.8%
[65.110s][info][gc,marking  ] GC(163) Mark: 2 stripe(s), 2 proactive flush(es), 1 terminate flush(es), 0 completion(s), 0 continuation(s) 
[65.110s][info][gc,marking  ] GC(163) Mark Stack Usage: 32M
[65.110s][info][gc,nmethod  ] GC(163) NMethods: 18307 registered, 3104 unregistered
[65.110s][info][gc,metaspace] GC(163) Metaspace: 154M used, 156M committed, 1216M reserved
[65.110s][info][gc,ref      ] GC(163) Soft: 3482 encountered, 2994 discovered, 218 enqueued
[65.110s][info][gc,ref      ] GC(163) Weak: 15295 encountered, 3528 discovered, 196 enqueued
[65.110s][info][gc,ref      ] GC(163) Final: 52 encountered, 0 discovered, 0 enqueued
[65.110s][info][gc,ref      ] GC(163) Phantom: 600 encountered, 384 discovered, 0 enqueued
[65.110s][info][gc,reloc    ] GC(163) Small Pages: 324 / 648M, Empty: 382M, Relocated: 6M, In-Place: 0
[65.110s][info][gc,reloc    ] GC(163) Medium Pages: 9 / 288M, Empty: 32M, Relocated: 49M, In-Place: 0
[65.110s][info][gc,reloc    ] GC(163) Large Pages: 2 / 12M, Empty: 12M, Relocated: 0M, In-Place: 0
[65.110s][info][gc,reloc    ] GC(163) Forwarding Usage: 2M
[65.110s][info][gc,heap     ] GC(163) Min Capacity: 2048M(100%)
[65.110s][info][gc,heap     ] GC(163) Max Capacity: 2048M(100%)
[65.110s][info][gc,heap     ] GC(163) Soft Max Capacity: 2048M(100%)
[65.110s][info][gc,heap     ] GC(163)                Mark Start          Mark End        Relocate Start      Relocate End           High               Low         
[65.110s][info][gc,heap     ] GC(163)  Capacity:     2048M (100%)       2048M (100%)       2048M (100%)       2048M (100%)       2048M (100%)       2048M (100%)   
[65.110s][info][gc,heap     ] GC(163)      Free:     1100M (54%)        1028M (50%)        1424M (70%)        1710M (83%)        1710M (83%)        1012M (49%)    
[65.110s][info][gc,heap     ] GC(163)      Used:      948M (46%)        1020M (50%)         624M (30%)         338M (17%)        1036M (51%)         338M (17%)    
[65.110s][info][gc,heap     ] GC(163)      Live:         -               192M (9%)          192M (9%)          192M (9%)             -                  -          
[65.110s][info][gc,heap     ] GC(163) Allocated:         -                72M (4%)          102M (5%)          105M (5%)             -                  -          
[65.110s][info][gc,heap     ] GC(163)   Garbage:         -               755M (37%)         329M (16%)          39M (2%)             -                  -          
[65.110s][info][gc,heap     ] GC(163) Reclaimed:         -                  -               426M (21%)         715M (35%)            -                  -          
[65.110s][info][gc          ] GC(163) Garbage Collection (Allocation Stall) 948M(46%)->338M(17%)
[65.201s][info][gc,start    ] GC(164) Garbage Collection (Allocation Rate)
[65.201s][info][gc,task     ] GC(164) Using 2 workers
[65.201s][info][gc,phases   ] GC(164) Pause Mark Start 0.009ms
[65.260s][info][gc,phases   ] GC(164) Concurrent Mark 58.341ms
[65.260s][info][gc,phases   ] GC(164) Pause Mark End 0.024ms
[65.260s][info][gc,phases   ] GC(164) Concurrent Mark Free 0.002ms
[65.296s][info][gc,phases   ] GC(164) Concurrent Process Non-Strong References 35.733ms
[65.296s][info][gc,phases   ] GC(164) Concurrent Reset Relocation Set 0.006ms
[65.298s][info][gc,phases   ] GC(164) Concurrent Select Relocation Set 1.997ms
[65.298s][info][gc,phases   ] GC(164) Pause Relocate Start 0.009ms
[65.299s][info][gc,phases   ] GC(164) Concurrent Relocate 1.013ms
[65.299s][info][gc,load     ] GC(164) Load: 0.00/0.00/0.00
[65.299s][info][gc,mmu      ] GC(164) MMU: 2ms/89.6%, 5ms/95.9%, 10ms/97.9%, 20ms/99.0%, 50ms/99.6%, 100ms/99.8%
[65.299s][info][gc,marking  ] GC(164) Mark: 2 stripe(s), 2 proactive flush(es), 1 terminate flush(es), 0 completion(s), 0 continuation(s) 
[65.299s][info][gc,marking  ] GC(164) Mark Stack Usage: 32M
[65.299s][info][gc,nmethod  ] GC(164) NMethods: 18309 registered, 3105 unregistered
[65.299s][info][gc,metaspace] GC(164) Metaspace: 154M used, 156M committed, 1216M reserved
[65.299s][info][gc,ref      ] GC(164) Soft: 3270 encountered, 0 discovered, 0 enqueued
[65.299s][info][gc,ref      ] GC(164) Weak: 15428 encountered, 5767 discovered, 443 enqueued
[65.299s][info][gc,ref      ] GC(164) Final: 52 encountered, 0 discovered, 0 enqueued
[65.299s][info][gc,ref      ] GC(164) Phantom: 600 encountered, 372 discovered, 0 enqueued
[65.299s][info][gc,reloc    ] GC(164) Small Pages: 78 / 156M, Empty: 2M, Relocated: 1M, In-Place: 0
[65.299s][info][gc,reloc    ] GC(164) Medium Pages: 6 / 192M, Empty: 32M, Relocated: 0M, In-Place: 0
[65.299s][info][gc,reloc    ] GC(164) Large Pages: 9 / 54M, Empty: 54M, Relocated: 0M, In-Place: 0
[65.299s][info][gc,reloc    ] GC(164) Forwarding Usage: 0M
[65.299s][info][gc,heap     ] GC(164) Min Capacity: 2048M(100%)
[65.299s][info][gc,heap     ] GC(164) Max Capacity: 2048M(100%)
[65.299s][info][gc,heap     ] GC(164) Soft Max Capacity: 2048M(100%)
[65.299s][info][gc,heap     ] GC(164)                Mark Start          Mark End        Relocate Start      Relocate End           High               Low         
[65.299s][info][gc,heap     ] GC(164)  Capacity:     2048M (100%)       2048M (100%)       2048M (100%)       2048M (100%)       2048M (100%)       2048M (100%)   
[65.299s][info][gc,heap     ] GC(164)      Free:     1646M (80%)        1572M (77%)        1614M (79%)        1696M (83%)        1696M (83%)        1526M (75%)    
[65.299s][info][gc,heap     ] GC(164)      Used:      402M (20%)         476M (23%)         434M (21%)         352M (17%)         522M (25%)         352M (17%)    
[65.299s][info][gc,heap     ] GC(164)      Live:         -               192M (9%)          192M (9%)          192M (9%)             -                  -          
[65.299s][info][gc,heap     ] GC(164) Allocated:         -                74M (4%)          120M (6%)          119M (6%)             -                  -          
[65.299s][info][gc,heap     ] GC(164)   Garbage:         -               209M (10%)         121M (6%)           39M (2%)             -                  -          
[65.299s][info][gc,heap     ] GC(164) Reclaimed:         -                  -                88M (4%)          169M (8%)             -                  -          
[65.299s][info][gc          ] GC(164) Garbage Collection (Allocation Rate) 402M(20%)->352M(17%)
[65.303s][info][gc,start    ] GC(165) Garbage Collection (Allocation Rate)
[65.303s][info][gc,task     ] GC(165) Using 2 workers
[65.303s][info][gc,phases   ] GC(165) Pause Mark Start 0.005ms
[65.351s][info][gc,phases   ] GC(165) Concurrent Mark 47.502ms
[65.351s][info][gc,phases   ] GC(165) Pause Mark End 0.029ms
[65.351s][info][gc,phases   ] GC(165) Concurrent Mark Free 0.001ms
[65.370s][info][gc,phases   ] GC(165) Concurrent Process Non-Strong References 18.759ms
[65.370s][info][gc,phases   ] GC(165) Concurrent Reset Relocation Set 0.003ms
[65.372s][info][gc,phases   ] GC(165) Concurrent Select Relocation Set 2.120ms
[65.372s][info][gc,phases   ] GC(165) Pause Relocate Start 0.010ms
[65.375s][info][gc,phases   ] GC(165) Concurrent Relocate 2.590ms
[65.375s][info][gc,load     ] GC(165) Load: 0.00/0.00/0.00
[65.375s][info][gc,mmu      ] GC(165) MMU: 2ms/89.6%, 5ms/95.9%, 10ms/97.9%, 20ms/99.0%, 50ms/99.6%, 100ms/99.8%
[65.375s][info][gc,marking  ] GC(165) Mark: 2 stripe(s), 2 proactive flush(es), 1 terminate flush(es), 0 completion(s), 0 continuation(s) 
[65.375s][info][gc,marking  ] GC(165) Mark Stack Usage: 32M
[65.375s][info][gc,nmethod  ] GC(165) NMethods: 18307 registered, 3107 unregistered
[65.375s][info][gc,metaspace] GC(165) Metaspace: 154M used, 156M committed, 1216M reserved
[65.375s][info][gc,ref      ] GC(165) Soft: 3272 encountered, 0 discovered, 0 enqueued
[65.375s][info][gc,ref      ] GC(165) Weak: 15278 encountered, 6082 discovered, 155 enqueued
[65.375s][info][gc,ref      ] GC(165) Final: 52 encountered, 0 discovered, 0 enqueued
[65.375s][info][gc,ref      ] GC(165) Phantom: 600 encountered, 322 discovered, 0 enqueued
[65.375s][info][gc,reloc    ] GC(165) Small Pages: 68 / 136M, Empty: 0M, Relocated: 3M, In-Place: 0
[65.375s][info][gc,reloc    ] GC(165) Medium Pages: 6 / 192M, Empty: 32M, Relocated: 0M, In-Place: 0
[65.375s][info][gc,reloc    ] GC(165) Large Pages: 5 / 30M, Empty: 30M, Relocated: 0M, In-Place: 0
[65.375s][info][gc,reloc    ] GC(165) Forwarding Usage: 1M
[65.375s][info][gc,heap     ] GC(165) Min Capacity: 2048M(100%)
[65.375s][info][gc,heap     ] GC(165) Max Capacity: 2048M(100%)
[65.375s][info][gc,heap     ] GC(165) Soft Max Capacity: 2048M(100%)
[65.375s][info][gc,heap     ] GC(165)                Mark Start          Mark End        Relocate Start      Relocate End           High               Low         
[65.375s][info][gc,heap     ] GC(165)  Capacity:     2048M (100%)       2048M (100%)       2048M (100%)       2048M (100%)       2048M (100%)       2048M (100%)   
[65.375s][info][gc,heap     ] GC(165)      Free:     1690M (83%)        1620M (79%)        1664M (81%)        1728M (84%)        1728M (84%)        1602M (78%)    
[65.375s][info][gc,heap     ] GC(165)      Used:      358M (17%)         428M (21%)         384M (19%)         320M (16%)         446M (22%)         320M (16%)    
[65.375s][info][gc,heap     ] GC(165)      Live:         -               193M (9%)          193M (9%)          193M (9%)             -                  -          
[65.375s][info][gc,heap     ] GC(165) Allocated:         -                70M (3%)           88M (4%)           87M (4%)             -                  -          
[65.375s][info][gc,heap     ] GC(165)   Garbage:         -               164M (8%)          102M (5%)           38M (2%)             -                  -          
[65.375s][info][gc,heap     ] GC(165) Reclaimed:         -                  -                62M (3%)          125M (6%)             -                  -          
[65.375s][info][gc          ] GC(165) Garbage Collection (Allocation Rate) 358M(17%)->320M(16%)
[65.817s][info][gc,start    ] GC(166) Garbage Collection (Allocation Rate)
[65.817s][info][gc,task     ] GC(166) Using 1 workers
[65.817s][info][gc,phases   ] GC(166) Pause Mark Start 0.007ms
[65.909s][info][gc,phases   ] GC(166) Concurrent Mark 92.081ms
[65.909s][info][gc,phases   ] GC(166) Pause Mark End 0.017ms
[65.909s][info][gc,phases   ] GC(166) Concurrent Mark Free 0.001ms
[65.944s][info][gc,phases   ] GC(166) Concurrent Process Non-Strong References 35.079ms
[65.944s][info][gc,phases   ] GC(166) Concurrent Reset Relocation Set 0.004ms
[65.946s][info][gc,phases   ] GC(166) Concurrent Select Relocation Set 1.944ms
[65.946s][info][gc,phases   ] GC(166) Pause Relocate Start 0.009ms
[65.949s][info][gc,phases   ] GC(166) Concurrent Relocate 2.170ms
[65.949s][info][gc,load     ] GC(166) Load: 0.00/0.00/0.00
[65.949s][info][gc,mmu      ] GC(166) MMU: 2ms/89.6%, 5ms/95.9%, 10ms/97.9%, 20ms/99.0%, 50ms/99.6%, 100ms/99.8%
[65.949s][info][gc,marking  ] GC(166) Mark: 1 stripe(s), 2 proactive flush(es), 1 terminate flush(es), 0 completion(s), 0 continuation(s) 
[65.949s][info][gc,marking  ] GC(166) Mark Stack Usage: 32M
[65.949s][info][gc,nmethod  ] GC(166) NMethods: 18309 registered, 3116 unregistered
[65.949s][info][gc,metaspace] GC(166) Metaspace: 154M used, 156M committed, 1216M reserved
[65.949s][info][gc,ref      ] GC(166) Soft: 3272 encountered, 0 discovered, 0 enqueued
[65.949s][info][gc,ref      ] GC(166) Weak: 16450 encountered, 4906 discovered, 1451 enqueued
[65.949s][info][gc,ref      ] GC(166) Final: 52 encountered, 0 discovered, 0 enqueued
[65.949s][info][gc,ref      ] GC(166) Phantom: 600 encountered, 269 discovered, 0 enqueued
[65.949s][info][gc,reloc    ] GC(166) Small Pages: 147 / 294M, Empty: 2M, Relocated: 3M, In-Place: 0
[65.949s][info][gc,reloc    ] GC(166) Medium Pages: 8 / 256M, Empty: 96M, Relocated: 0M, In-Place: 0
[65.949s][info][gc,reloc    ] GC(166) Large Pages: 27 / 162M, Empty: 162M, Relocated: 0M, In-Place: 0
[65.949s][info][gc,reloc    ] GC(166) Forwarding Usage: 0M
[65.949s][info][gc,heap     ] GC(166) Min Capacity: 2048M(100%)
[65.949s][info][gc,heap     ] GC(166) Max Capacity: 2048M(100%)
[65.949s][info][gc,heap     ] GC(166) Soft Max Capacity: 2048M(100%)
[65.949s][info][gc,heap     ] GC(166)                Mark Start          Mark End        Relocate Start      Relocate End           High               Low         
[65.949s][info][gc,heap     ] GC(166)  Capacity:     2048M (100%)       2048M (100%)       2048M (100%)       2048M (100%)       2048M (100%)       2048M (100%)   
[65.949s][info][gc,heap     ] GC(166)      Free:     1336M (65%)        1224M (60%)        1452M (71%)        1670M (82%)        1670M (82%)        1194M (58%)    
[65.949s][info][gc,heap     ] GC(166)      Used:      712M (35%)         824M (40%)         596M (29%)         378M (18%)         854M (42%)         378M (18%)    
[65.949s][info][gc,heap     ] GC(166)      Live:         -               194M (9%)          194M (9%)          194M (9%)             -                  -          
[65.949s][info][gc,heap     ] GC(166) Allocated:         -               112M (5%)          144M (7%)          145M (7%)             -                  -          
[65.949s][info][gc,heap     ] GC(166)   Garbage:         -               517M (25%)         257M (13%)          37M (2%)             -                  -          
[65.949s][info][gc,heap     ] GC(166) Reclaimed:         -                  -               260M (13%)         479M (23%)            -                  -          
[65.949s][info][gc          ] GC(166) Garbage Collection (Allocation Rate) 712M(35%)->378M(18%)
[66.014s][info][gc,start    ] GC(167) Garbage Collection (Allocation Rate)
[66.015s][info][gc,task     ] GC(167) Using 1 workers
[66.015s][info][gc,phases   ] GC(167) Pause Mark Start 0.010ms
[66.104s][info][gc,phases   ] GC(167) Concurrent Mark 88.964ms
[66.104s][info][gc,phases   ] GC(167) Pause Mark End 0.014ms
[66.104s][info][gc,phases   ] GC(167) Concurrent Mark Free 0.001ms
[66.140s][info][gc,phases   ] GC(167) Concurrent Process Non-Strong References 36.340ms
[66.140s][info][gc,phases   ] GC(167) Concurrent Reset Relocation Set 0.012ms
[66.143s][info][gc,phases   ] GC(167) Concurrent Select Relocation Set 2.296ms
[66.143s][info][gc,phases   ] GC(167) Pause Relocate Start 0.011ms
[66.144s][info][gc,phases   ] GC(167) Concurrent Relocate 1.168ms
[66.144s][info][gc,load     ] GC(167) Load: 0.00/0.00/0.00
[66.144s][info][gc,mmu      ] GC(167) MMU: 2ms/89.6%, 5ms/95.9%, 10ms/97.9%, 20ms/99.0%, 50ms/99.6%, 100ms/99.8%
[66.144s][info][gc,marking  ] GC(167) Mark: 1 stripe(s), 2 proactive flush(es), 1 terminate flush(es), 0 completion(s), 0 continuation(s) 
[66.144s][info][gc,marking  ] GC(167) Mark Stack Usage: 32M
[66.144s][info][gc,nmethod  ] GC(167) NMethods: 18310 registered, 3118 unregistered
[66.144s][info][gc,metaspace] GC(167) Metaspace: 154M used, 156M committed, 1216M reserved
[66.144s][info][gc,ref      ] GC(167) Soft: 3272 encountered, 0 discovered, 0 enqueued
[66.144s][info][gc,ref      ] GC(167) Weak: 15497 encountered, 3991 discovered, 456 enqueued
[66.144s][info][gc,ref      ] GC(167) Final: 52 encountered, 0 discovered, 0 enqueued
[66.144s][info][gc,ref      ] GC(167) Phantom: 600 encountered, 386 discovered, 0 enqueued
[66.144s][info][gc,reloc    ] GC(167) Small Pages: 100 / 200M, Empty: 4M, Relocated: 1M, In-Place: 0
[66.144s][info][gc,reloc    ] GC(167) Medium Pages: 6 / 192M, Empty: 32M, Relocated: 0M, In-Place: 0
[66.144s][info][gc,reloc    ] GC(167) Large Pages: 11 / 66M, Empty: 66M, Relocated: 0M, In-Place: 0
[66.144s][info][gc,reloc    ] GC(167) Forwarding Usage: 0M
[66.144s][info][gc,heap     ] GC(167) Min Capacity: 2048M(100%)
[66.144s][info][gc,heap     ] GC(167) Max Capacity: 2048M(100%)
[66.144s][info][gc,heap     ] GC(167) Soft Max Capacity: 2048M(100%)
[66.144s][info][gc,heap     ] GC(167)                Mark Start          Mark End        Relocate Start      Relocate End           High               Low         
[66.144s][info][gc,heap     ] GC(167)  Capacity:     2048M (100%)       2048M (100%)       2048M (100%)       2048M (100%)       2048M (100%)       2048M (100%)   
[66.144s][info][gc,heap     ] GC(167)      Free:     1590M (78%)        1492M (73%)        1556M (76%)        1680M (82%)        1680M (82%)        1456M (71%)    
[66.144s][info][gc,heap     ] GC(167)      Used:      458M (22%)         556M (27%)         492M (24%)         368M (18%)         592M (29%)         368M (18%)    
[66.144s][info][gc,heap     ] GC(167)      Live:         -               193M (9%)          193M (9%)          193M (9%)             -                  -          
[66.144s][info][gc,heap     ] GC(167) Allocated:         -                98M (5%)          136M (7%)          135M (7%)             -                  -          
[66.144s][info][gc,heap     ] GC(167)   Garbage:         -               264M (13%)         162M (8%)           38M (2%)             -                  -          
[66.144s][info][gc,heap     ] GC(167) Reclaimed:         -                  -               102M (5%)          225M (11%)            -                  -          
[66.144s][info][gc          ] GC(167) Garbage Collection (Allocation Rate) 458M(22%)->368M(18%)
[66.294s][info][gc,start    ] GC(168) Garbage Collection (System.gc())
[66.294s][info][gc,task     ] GC(168) Using 2 workers
[66.294s][info][gc,phases   ] GC(168) Pause Mark Start 0.012ms
[66.342s][info][gc,phases   ] GC(168) Concurrent Mark 47.500ms
[66.342s][info][gc,phases   ] GC(168) Pause Mark End 0.030ms
[66.342s][info][gc,phases   ] GC(168) Concurrent Mark Free 0.002ms
[66.359s][info][gc,phases   ] GC(168) Concurrent Process Non-Strong References 17.180ms
[66.359s][info][gc,phases   ] GC(168) Concurrent Reset Relocation Set 0.003ms
[66.361s][info][gc,phases   ] GC(168) Concurrent Select Relocation Set 1.972ms
[66.362s][info][gc,phases   ] GC(168) Pause Relocate Start 0.009ms
[66.365s][info][gc,phases   ] GC(168) Concurrent Relocate 3.378ms
[66.365s][info][gc,load     ] GC(168) Load: 0.00/0.00/0.00
[66.365s][info][gc,mmu      ] GC(168) MMU: 2ms/89.6%, 5ms/95.9%, 10ms/97.9%, 20ms/99.0%, 50ms/99.6%, 100ms/99.8%
[66.365s][info][gc,marking  ] GC(168) Mark: 2 stripe(s), 1 proactive flush(es), 1 terminate flush(es), 0 completion(s), 0 continuation(s) 
[66.365s][info][gc,marking  ] GC(168) Mark Stack Usage: 32M
[66.365s][info][gc,nmethod  ] GC(168) NMethods: 18321 registered, 3131 unregistered
[66.365s][info][gc,metaspace] GC(168) Metaspace: 154M used, 156M committed, 1216M reserved
[66.365s][info][gc,ref      ] GC(168) Soft: 3490 encountered, 0 discovered, 0 enqueued
[66.365s][info][gc,ref      ] GC(168) Weak: 15952 encountered, 7079 discovered, 827 enqueued
[66.365s][info][gc,ref      ] GC(168) Final: 52 encountered, 0 discovered, 0 enqueued
[66.365s][info][gc,ref      ] GC(168) Phantom: 600 encountered, 382 discovered, 0 enqueued
[66.365s][info][gc,reloc    ] GC(168) Small Pages: 98 / 196M, Empty: 2M, Relocated: 2M, In-Place: 0
[66.365s][info][gc,reloc    ] GC(168) Medium Pages: 7 / 224M, Empty: 64M, Relocated: 12M, In-Place: 0
[66.365s][info][gc,reloc    ] GC(168) Large Pages: 10 / 60M, Empty: 60M, Relocated: 0M, In-Place: 0
[66.365s][info][gc,reloc    ] GC(168) Forwarding Usage: 0M
[66.365s][info][gc,heap     ] GC(168) Min Capacity: 2048M(100%)
[66.365s][info][gc,heap     ] GC(168) Max Capacity: 2048M(100%)
[66.365s][info][gc,heap     ] GC(168) Soft Max Capacity: 2048M(100%)
[66.365s][info][gc,heap     ] GC(168)                Mark Start          Mark End        Relocate Start      Relocate End           High               Low         
[66.365s][info][gc,heap     ] GC(168)  Capacity:     2048M (100%)       2048M (100%)       2048M (100%)       2048M (100%)       2048M (100%)       2048M (100%)   
[66.365s][info][gc,heap     ] GC(168)      Free:     1568M (77%)        1568M (77%)        1682M (82%)        1862M (91%)        1864M (91%)        1558M (76%)    
[66.365s][info][gc,heap     ] GC(168)      Used:      480M (23%)         480M (23%)         366M (18%)         186M (9%)          490M (24%)         184M (9%)     
[66.365s][info][gc,heap     ] GC(168)      Live:         -               130M (6%)          130M (6%)          130M (6%)             -                  -          
[66.365s][info][gc,heap     ] GC(168) Allocated:         -                 0M (0%)           12M (1%)           17M (1%)             -                  -          
[66.365s][info][gc,heap     ] GC(168)   Garbage:         -               349M (17%)         223M (11%)          37M (2%)             -                  -          
[66.365s][info][gc,heap     ] GC(168) Reclaimed:         -                  -               126M (6%)          311M (15%)            -                  -          
[66.365s][info][gc          ] GC(168) Garbage Collection (System.gc()) 480M(23%)->186M(9%)
[66.607s][info][gc,start    ] GC(169) Garbage Collection (Allocation Rate)
[66.607s][info][gc,task     ] GC(169) Using 2 workers
[66.607s][info][gc,phases   ] GC(169) Pause Mark Start 0.023ms
[66.716s][info][gc,phases   ] GC(169) Concurrent Mark 109.225ms
[66.717s][info][gc,phases   ] GC(169) Pause Mark End 0.046ms
[66.717s][info][gc,phases   ] GC(169) Concurrent Mark Free 0.003ms
[66.749s][info][gc,phases   ] GC(169) Concurrent Process Non-Strong References 31.983ms
[66.749s][info][gc,phases   ] GC(169) Concurrent Reset Relocation Set 0.004ms
[66.749s][info][gc          ] Allocation Stall (Executor task launch worker for task 0.0 in stage 1153.0 (TID 4614)) 42.318ms
[66.749s][info][gc          ] Allocation Stall (Executor task launch worker for task 2.0 in stage 1153.0 (TID 4616)) 42.299ms
[66.749s][info][gc          ] Allocation Stall (Executor task launch worker for task 4.0 in stage 1153.0 (TID 4618)) 41.591ms
[66.749s][info][gc          ] Allocation Stall (Executor task launch worker for task 1.0 in stage 1153.0 (TID 4615)) 41.757ms
[66.752s][info][gc,phases   ] GC(169) Concurrent Select Relocation Set 3.206ms
[66.752s][info][gc,phases   ] GC(169) Pause Relocate Start 0.014ms
[66.767s][info][gc,phases   ] GC(169) Concurrent Relocate 14.430ms
[66.767s][info][gc,load     ] GC(169) Load: 0.00/0.00/0.00
[66.767s][info][gc,mmu      ] GC(169) MMU: 2ms/89.6%, 5ms/95.9%, 10ms/97.9%, 20ms/99.0%, 50ms/99.6%, 100ms/99.8%
[66.767s][info][gc,marking  ] GC(169) Mark: 2 stripe(s), 2 proactive flush(es), 1 terminate flush(es), 0 completion(s), 0 continuation(s) 
[66.767s][info][gc,marking  ] GC(169) Mark Stack Usage: 32M
[66.767s][info][gc,nmethod  ] GC(169) NMethods: 18367 registered, 3139 unregistered
[66.767s][info][gc,metaspace] GC(169) Metaspace: 155M used, 156M committed, 1216M reserved
[66.767s][info][gc,ref      ] GC(169) Soft: 3556 encountered, 0 discovered, 0 enqueued
[66.767s][info][gc,ref      ] GC(169) Weak: 15484 encountered, 6495 discovered, 207 enqueued
[66.767s][info][gc,ref      ] GC(169) Final: 52 encountered, 0 discovered, 0 enqueued
[66.767s][info][gc,ref      ] GC(169) Phantom: 600 encountered, 372 discovered, 0 enqueued
[66.767s][info][gc,reloc    ] GC(169) Small Pages: 593 / 1186M, Empty: 890M, Relocated: 6M, In-Place: 0
[66.767s][info][gc,reloc    ] GC(169) Medium Pages: 6 / 192M, Empty: 0M, Relocated: 21M, In-Place: 0
[66.767s][info][gc,reloc    ] GC(169) Large Pages: 6 / 36M, Empty: 36M, Relocated: 0M, In-Place: 0
[66.767s][info][gc,reloc    ] GC(169) Forwarding Usage: 0M
[66.767s][info][gc,heap     ] GC(169) Min Capacity: 2048M(100%)
[66.767s][info][gc,heap     ] GC(169) Max Capacity: 2048M(100%)
[66.767s][info][gc,heap     ] GC(169) Soft Max Capacity: 2048M(100%)
[66.767s][info][gc,heap     ] GC(169)                Mark Start          Mark End        Relocate Start      Relocate End           High               Low         
[66.767s][info][gc,heap     ] GC(169)  Capacity:     2048M (100%)       2048M (100%)       2048M (100%)       2048M (100%)       2048M (100%)       2048M (100%)   
[66.767s][info][gc,heap     ] GC(169)      Free:      634M (31%)           0M (0%)          908M (44%)        1108M (54%)        1142M (56%)           0M (0%)     
[66.767s][info][gc,heap     ] GC(169)      Used:     1414M (69%)        2048M (100%)       1140M (56%)         940M (46%)        2048M (100%)        906M (44%)    
[66.767s][info][gc,heap     ] GC(169)      Live:         -               157M (8%)          157M (8%)          157M (8%)             -                  -          
[66.767s][info][gc,heap     ] GC(169) Allocated:         -               634M (31%)         652M (32%)         730M (36%)            -                  -          
[66.767s][info][gc,heap     ] GC(169)   Garbage:         -              1256M (61%)         330M (16%)          51M (3%)             -                  -          
[66.767s][info][gc,heap     ] GC(169) Reclaimed:         -                  -               926M (45%)        1204M (59%)            -                  -          
[66.767s][info][gc          ] GC(169) Garbage Collection (Allocation Rate) 1414M(69%)->940M(46%)
[66.810s][info][gc,start    ] GC(170) Garbage Collection (Allocation Stall)
[66.811s][info][gc,ref      ] GC(170) Clearing All SoftReferences
[66.811s][info][gc,task     ] GC(170) Using 2 workers
[66.811s][info][gc,ref      ] GC(170) Clearing All SoftReferences
[66.811s][info][gc,phases   ] GC(170) Pause Mark Start 0.048ms
[66.877s][info][gc,phases   ] GC(170) Concurrent Mark 66.786ms
[66.878s][info][gc,phases   ] GC(170) Pause Mark End 0.220ms
[66.878s][info][gc,phases   ] GC(170) Concurrent Mark Free 0.001ms
[66.912s][info][gc,phases   ] GC(170) Concurrent Process Non-Strong References 34.262ms
[66.912s][info][gc,phases   ] GC(170) Concurrent Reset Relocation Set 0.014ms
[66.915s][info][gc,phases   ] GC(170) Concurrent Select Relocation Set 3.121ms
[66.916s][info][gc,phases   ] GC(170) Pause Relocate Start 0.012ms
[66.931s][info][gc,phases   ] GC(170) Concurrent Relocate 15.711ms
[66.931s][info][gc,load     ] GC(170) Load: 0.00/0.00/0.00
[66.931s][info][gc,mmu      ] GC(170) MMU: 2ms/89.0%, 5ms/95.6%, 10ms/97.8%, 20ms/98.9%, 50ms/99.5%, 100ms/99.7%
[66.932s][info][gc,marking  ] GC(170) Mark: 2 stripe(s), 2 proactive flush(es), 2 terminate flush(es), 1 completion(s), 0 continuation(s) 
[66.932s][info][gc,marking  ] GC(170) Mark Stack Usage: 32M
[66.932s][info][gc,nmethod  ] GC(170) NMethods: 18369 registered, 3139 unregistered
[66.932s][info][gc,metaspace] GC(170) Metaspace: 154M used, 156M committed, 1216M reserved
[66.932s][info][gc,ref      ] GC(170) Soft: 3490 encountered, 2659 discovered, 221 enqueued
[66.932s][info][gc,ref      ] GC(170) Weak: 15298 encountered, 5986 discovered, 51 enqueued
[66.932s][info][gc,ref      ] GC(170) Final: 52 encountered, 0 discovered, 0 enqueued
[66.932s][info][gc,ref      ] GC(170) Phantom: 600 encountered, 355 discovered, 0 enqueued
[66.932s][info][gc,reloc    ] GC(170) Small Pages: 387 / 774M, Empty: 490M, Relocated: 6M, In-Place: 0
[66.932s][info][gc,reloc    ] GC(170) Medium Pages: 10 / 320M, Empty: 32M, Relocated: 74M, In-Place: 0
[66.932s][info][gc,reloc    ] GC(170) Large Pages: 1 / 6M, Empty: 6M, Relocated: 0M, In-Place: 0
[66.932s][info][gc,reloc    ] GC(170) Forwarding Usage: 1M
[66.932s][info][gc,heap     ] GC(170) Min Capacity: 2048M(100%)
[66.932s][info][gc,heap     ] GC(170) Max Capacity: 2048M(100%)
[66.932s][info][gc,heap     ] GC(170) Soft Max Capacity: 2048M(100%)
[66.932s][info][gc,heap     ] GC(170)                Mark Start          Mark End        Relocate Start      Relocate End           High               Low         
[66.932s][info][gc,heap     ] GC(170)  Capacity:     2048M (100%)       2048M (100%)       2048M (100%)       2048M (100%)       2048M (100%)       2048M (100%)   
[66.932s][info][gc,heap     ] GC(170)      Free:      948M (46%)         866M (42%)        1362M (67%)        1694M (83%)        1702M (83%)         836M (41%)    
[66.932s][info][gc,heap     ] GC(170)      Used:     1100M (54%)        1182M (58%)         686M (33%)         354M (17%)        1212M (59%)         346M (17%)    
[66.932s][info][gc,heap     ] GC(170)      Live:         -               193M (9%)          193M (9%)          193M (9%)             -                  -          
[66.932s][info][gc,heap     ] GC(170) Allocated:         -                82M (4%)          114M (6%)          118M (6%)             -                  -          
[66.932s][info][gc,heap     ] GC(170)   Garbage:         -               906M (44%)         378M (19%)          42M (2%)             -                  -          
[66.932s][info][gc,heap     ] GC(170) Reclaimed:         -                  -               528M (26%)         864M (42%)            -                  -          
[66.932s][info][gc          ] GC(170) Garbage Collection (Allocation Stall) 1100M(54%)->354M(17%)
[67.015s][info][gc,start    ] GC(171) Garbage Collection (Allocation Rate)
[67.015s][info][gc,task     ] GC(171) Using 2 workers
[67.015s][info][gc,phases   ] GC(171) Pause Mark Start 0.009ms
[67.077s][info][gc,phases   ] GC(171) Concurrent Mark 61.591ms
[67.077s][info][gc,phases   ] GC(171) Pause Mark End 0.060ms
[67.077s][info][gc,phases   ] GC(171) Concurrent Mark Free 0.001ms
[67.096s][info][gc,phases   ] GC(171) Concurrent Process Non-Strong References 19.231ms
[67.096s][info][gc,phases   ] GC(171) Concurrent Reset Relocation Set 0.013ms
[67.099s][info][gc,phases   ] GC(171) Concurrent Select Relocation Set 2.347ms
[67.099s][info][gc,phases   ] GC(171) Pause Relocate Start 0.012ms
[67.102s][info][gc,phases   ] GC(171) Concurrent Relocate 3.629ms
[67.103s][info][gc,load     ] GC(171) Load: 0.00/0.00/0.00
[67.103s][info][gc,mmu      ] GC(171) MMU: 2ms/89.0%, 5ms/95.6%, 10ms/97.8%, 20ms/98.9%, 50ms/99.5%, 100ms/99.7%
[67.103s][info][gc,marking  ] GC(171) Mark: 2 stripe(s), 2 proactive flush(es), 1 terminate flush(es), 1 completion(s), 0 continuation(s) 
[67.103s][info][gc,marking  ] GC(171) Mark Stack Usage: 32M
[67.103s][info][gc,nmethod  ] GC(171) NMethods: 18367 registered, 3143 unregistered
[67.103s][info][gc,metaspace] GC(171) Metaspace: 154M used, 156M committed, 1216M reserved
[67.103s][info][gc,ref      ] GC(171) Soft: 3266 encountered, 0 discovered, 0 enqueued
[67.103s][info][gc,ref      ] GC(171) Weak: 15562 encountered, 7094 discovered, 581 enqueued
[67.103s][info][gc,ref      ] GC(171) Final: 52 encountered, 0 discovered, 0 enqueued
[67.103s][info][gc,ref      ] GC(171) Phantom: 600 encountered, 348 discovered, 0 enqueued
[67.103s][info][gc,reloc    ] GC(171) Small Pages: 75 / 150M, Empty: 2M, Relocated: 1M, In-Place: 0
[67.103s][info][gc,reloc    ] GC(171) Medium Pages: 7 / 224M, Empty: 32M, Relocated: 10M, In-Place: 0
[67.103s][info][gc,reloc    ] GC(171) Large Pages: 10 / 60M, Empty: 54M, Relocated: 0M, In-Place: 0
[67.103s][info][gc,reloc    ] GC(171) Forwarding Usage: 0M
[67.103s][info][gc,heap     ] GC(171) Min Capacity: 2048M(100%)
[67.103s][info][gc,heap     ] GC(171) Max Capacity: 2048M(100%)
[67.103s][info][gc,heap     ] GC(171) Soft Max Capacity: 2048M(100%)
[67.103s][info][gc,heap     ] GC(171)                Mark Start          Mark End        Relocate Start      Relocate End           High               Low         
[67.103s][info][gc,heap     ] GC(171)  Capacity:     2048M (100%)       2048M (100%)       2048M (100%)       2048M (100%)       2048M (100%)       2048M (100%)   
[67.103s][info][gc,heap     ] GC(171)      Free:     1614M (79%)        1538M (75%)        1594M (78%)        1702M (83%)        1702M (83%)        1506M (74%)    
[67.103s][info][gc,heap     ] GC(171)      Used:      434M (21%)         510M (25%)         454M (22%)         346M (17%)         542M (26%)         346M (17%)    
[67.103s][info][gc,heap     ] GC(171)      Live:         -               199M (10%)         199M (10%)         199M (10%)            -                  -          
[67.103s][info][gc,heap     ] GC(171) Allocated:         -                76M (4%)          108M (5%)          107M (5%)             -                  -          
[67.103s][info][gc,heap     ] GC(171)   Garbage:         -               234M (11%)         146M (7%)           38M (2%)             -                  -          
[67.103s][info][gc,heap     ] GC(171) Reclaimed:         -                  -                88M (4%)          195M (10%)            -                  -          
[67.103s][info][gc          ] GC(171) Garbage Collection (Allocation Rate) 434M(21%)->346M(17%)
[67.202s][info][gc,start    ] GC(172) Garbage Collection (Allocation Rate)
[67.202s][info][gc,task     ] GC(172) Using 2 workers
[67.202s][info][gc,phases   ] GC(172) Pause Mark Start 0.008ms
[67.258s][info][gc,phases   ] GC(172) Concurrent Mark 55.672ms
[67.258s][info][gc,phases   ] GC(172) Pause Mark End 0.072ms
[67.258s][info][gc,phases   ] GC(172) Concurrent Mark Free 0.001ms
[67.278s][info][gc,phases   ] GC(172) Concurrent Process Non-Strong References 19.832ms
[67.278s][info][gc,phases   ] GC(172) Concurrent Reset Relocation Set 0.003ms
[67.280s][info][gc,phases   ] GC(172) Concurrent Select Relocation Set 2.096ms
[67.280s][info][gc,phases   ] GC(172) Pause Relocate Start 0.010ms
[67.282s][info][gc,phases   ] GC(172) Concurrent Relocate 1.889ms
[67.282s][info][gc,load     ] GC(172) Load: 0.00/0.00/0.00
[67.282s][info][gc,mmu      ] GC(172) MMU: 2ms/89.0%, 5ms/95.6%, 10ms/97.8%, 20ms/98.9%, 50ms/99.5%, 100ms/99.7%
[67.282s][info][gc,marking  ] GC(172) Mark: 2 stripe(s), 2 proactive flush(es), 1 terminate flush(es), 1 completion(s), 0 continuation(s) 
[67.282s][info][gc,marking  ] GC(172) Mark Stack Usage: 32M
[67.282s][info][gc,nmethod  ] GC(172) NMethods: 18368 registered, 3143 unregistered
[67.282s][info][gc,metaspace] GC(172) Metaspace: 154M used, 156M committed, 1216M reserved
[67.282s][info][gc,ref      ] GC(172) Soft: 3278 encountered, 0 discovered, 0 enqueued
[67.282s][info][gc,ref      ] GC(172) Weak: 15497 encountered, 5928 discovered, 447 enqueued
[67.282s][info][gc,ref      ] GC(172) Final: 52 encountered, 0 discovered, 0 enqueued
[67.282s][info][gc,ref      ] GC(172) Phantom: 600 encountered, 373 discovered, 0 enqueued
[67.282s][info][gc,reloc    ] GC(172) Small Pages: 93 / 186M, Empty: 0M, Relocated: 2M, In-Place: 0
[67.282s][info][gc,reloc    ] GC(172) Medium Pages: 6 / 192M, Empty: 32M, Relocated: 0M, In-Place: 0
[67.282s][info][gc,reloc    ] GC(172) Large Pages: 11 / 66M, Empty: 66M, Relocated: 0M, In-Place: 0
[67.282s][info][gc,reloc    ] GC(172) Forwarding Usage: 0M
[67.282s][info][gc,heap     ] GC(172) Min Capacity: 2048M(100%)
[67.283s][info][gc,heap     ] GC(172) Max Capacity: 2048M(100%)
[67.283s][info][gc,heap     ] GC(172) Soft Max Capacity: 2048M(100%)
[67.283s][info][gc,heap     ] GC(172)                Mark Start          Mark End        Relocate Start      Relocate End           High               Low         
[67.283s][info][gc,heap     ] GC(172)  Capacity:     2048M (100%)       2048M (100%)       2048M (100%)       2048M (100%)       2048M (100%)       2048M (100%)   
[67.283s][info][gc,heap     ] GC(172)      Free:     1604M (78%)        1534M (75%)        1602M (78%)        1712M (84%)        1712M (84%)        1504M (73%)    
[67.283s][info][gc,heap     ] GC(172)      Used:      444M (22%)         514M (25%)         446M (22%)         336M (16%)         544M (27%)         336M (16%)    
[67.283s][info][gc,heap     ] GC(172)      Live:         -               194M (9%)          194M (9%)          194M (9%)             -                  -          
[67.283s][info][gc,heap     ] GC(172) Allocated:         -                70M (3%)          100M (5%)          103M (5%)             -                  -          
[67.283s][info][gc,heap     ] GC(172)   Garbage:         -               249M (12%)         151M (7%)           37M (2%)             -                  -          
[67.283s][info][gc,heap     ] GC(172) Reclaimed:         -                  -                98M (5%)          211M (10%)            -                  -          
[67.283s][info][gc          ] GC(172) Garbage Collection (Allocation Rate) 444M(22%)->336M(16%)
[67.801s][info][gc,start    ] GC(173) Garbage Collection (Allocation Rate)
[67.802s][info][gc,task     ] GC(173) Using 2 workers
[67.802s][info][gc,phases   ] GC(173) Pause Mark Start 0.007ms
[67.856s][info][gc,phases   ] GC(173) Concurrent Mark 54.731ms
[67.857s][info][gc,phases   ] GC(173) Pause Mark End 0.027ms
[67.857s][info][gc,phases   ] GC(173) Concurrent Mark Free 0.002ms
[67.876s][info][gc,phases   ] GC(173) Concurrent Process Non-Strong References 19.334ms
[67.876s][info][gc,phases   ] GC(173) Concurrent Reset Relocation Set 0.004ms
[67.879s][info][gc,phases   ] GC(173) Concurrent Select Relocation Set 2.306ms
[67.879s][info][gc,phases   ] GC(173) Pause Relocate Start 0.011ms
[67.881s][info][gc,phases   ] GC(173) Concurrent Relocate 2.383ms
[67.881s][info][gc,load     ] GC(173) Load: 0.00/0.00/0.00
[67.881s][info][gc,mmu      ] GC(173) MMU: 2ms/89.0%, 5ms/95.6%, 10ms/97.8%, 20ms/98.9%, 50ms/99.5%, 100ms/99.7%
[67.881s][info][gc,marking  ] GC(173) Mark: 2 stripe(s), 3 proactive flush(es), 1 terminate flush(es), 0 completion(s), 0 continuation(s) 
[67.881s][info][gc,marking  ] GC(173) Mark Stack Usage: 32M
[67.881s][info][gc,nmethod  ] GC(173) NMethods: 18392 registered, 3150 unregistered
[67.881s][info][gc,metaspace] GC(173) Metaspace: 154M used, 156M committed, 1216M reserved
[67.881s][info][gc,ref      ] GC(173) Soft: 3273 encountered, 0 discovered, 0 enqueued
[67.881s][info][gc,ref      ] GC(173) Weak: 16672 encountered, 6685 discovered, 1607 enqueued
[67.881s][info][gc,ref      ] GC(173) Final: 52 encountered, 0 discovered, 0 enqueued
[67.881s][info][gc,ref      ] GC(173) Phantom: 600 encountered, 356 discovered, 0 enqueued
[67.881s][info][gc,reloc    ] GC(173) Small Pages: 171 / 342M, Empty: 12M, Relocated: 4M, In-Place: 0
[67.881s][info][gc,reloc    ] GC(173) Medium Pages: 9 / 288M, Empty: 128M, Relocated: 0M, In-Place: 0
[67.881s][info][gc,reloc    ] GC(173) Large Pages: 33 / 198M, Empty: 198M, Relocated: 0M, In-Place: 0
[67.881s][info][gc,reloc    ] GC(173) Forwarding Usage: 0M
[67.881s][info][gc,heap     ] GC(173) Min Capacity: 2048M(100%)
[67.881s][info][gc,heap     ] GC(173) Max Capacity: 2048M(100%)
[67.881s][info][gc,heap     ] GC(173) Soft Max Capacity: 2048M(100%)
[67.881s][info][gc,heap     ] GC(173)                Mark Start          Mark End        Relocate Start      Relocate End           High               Low         
[67.881s][info][gc,heap     ] GC(173)  Capacity:     2048M (100%)       2048M (100%)       2048M (100%)       2048M (100%)       2048M (100%)       2048M (100%)   
[67.881s][info][gc,heap     ] GC(173)      Free:     1220M (60%)        1148M (56%)        1460M (71%)        1710M (83%)        1712M (84%)        1122M (55%)    
[67.881s][info][gc,heap     ] GC(173)      Used:      828M (40%)         900M (44%)         588M (29%)         338M (17%)         926M (45%)         336M (16%)    
[67.881s][info][gc,heap     ] GC(173)      Live:         -               196M (10%)         196M (10%)         196M (10%)            -                  -          
[67.881s][info][gc,heap     ] GC(173) Allocated:         -                72M (4%)           98M (5%)          103M (5%)             -                  -          
[67.881s][info][gc,heap     ] GC(173)   Garbage:         -               631M (31%)         293M (14%)          37M (2%)             -                  -          
[67.881s][info][gc,heap     ] GC(173) Reclaimed:         -                  -               338M (17%)         593M (29%)            -                  -          
[67.881s][info][gc          ] GC(173) Garbage Collection (Allocation Rate) 828M(40%)->338M(17%)
[68.077s][info][gc,start    ] GC(174) Garbage Collection (System.gc())
[68.077s][info][gc,task     ] GC(174) Using 2 workers
[68.077s][info][gc,phases   ] GC(174) Pause Mark Start 0.012ms
[68.125s][info][gc,phases   ] GC(174) Concurrent Mark 48.118ms
[68.125s][info][gc,phases   ] GC(174) Pause Mark End 0.023ms
[68.125s][info][gc,phases   ] GC(174) Concurrent Mark Free 0.003ms
[68.143s][info][gc,phases   ] GC(174) Concurrent Process Non-Strong References 17.857ms
[68.143s][info][gc,phases   ] GC(174) Concurrent Reset Relocation Set 0.007ms
[68.146s][info][gc,phases   ] GC(174) Concurrent Select Relocation Set 2.247ms
[68.146s][info][gc,phases   ] GC(174) Pause Relocate Start 0.007ms
[68.147s][info][gc,phases   ] GC(174) Concurrent Relocate 1.513ms
[68.147s][info][gc,load     ] GC(174) Load: 0.00/0.00/0.00
[68.147s][info][gc,mmu      ] GC(174) MMU: 2ms/89.0%, 5ms/95.6%, 10ms/97.8%, 20ms/98.9%, 50ms/99.5%, 100ms/99.7%
[68.147s][info][gc,marking  ] GC(174) Mark: 2 stripe(s), 2 proactive flush(es), 1 terminate flush(es), 0 completion(s), 0 continuation(s) 
[68.147s][info][gc,marking  ] GC(174) Mark Stack Usage: 32M
[68.147s][info][gc,nmethod  ] GC(174) NMethods: 18433 registered, 3165 unregistered
[68.147s][info][gc,metaspace] GC(174) Metaspace: 155M used, 156M committed, 1216M reserved
[68.147s][info][gc,ref      ] GC(174) Soft: 3485 encountered, 0 discovered, 0 enqueued
[68.147s][info][gc,ref      ] GC(174) Weak: 15961 encountered, 6247 discovered, 839 enqueued
[68.147s][info][gc,ref      ] GC(174) Final: 52 encountered, 0 discovered, 0 enqueued
[68.147s][info][gc,ref      ] GC(174) Phantom: 600 encountered, 311 discovered, 0 enqueued
[68.147s][info][gc,reloc    ] GC(174) Small Pages: 111 / 222M, Empty: 4M, Relocated: 2M, In-Place: 0
[68.147s][info][gc,reloc    ] GC(174) Medium Pages: 7 / 224M, Empty: 128M, Relocated: 0M, In-Place: 0
[68.147s][info][gc,reloc    ] GC(174) Large Pages: 10 / 60M, Empty: 60M, Relocated: 0M, In-Place: 0
[68.147s][info][gc,reloc    ] GC(174) Forwarding Usage: 0M
[68.147s][info][gc,heap     ] GC(174) Min Capacity: 2048M(100%)
[68.147s][info][gc,heap     ] GC(174) Max Capacity: 2048M(100%)
[68.147s][info][gc,heap     ] GC(174) Soft Max Capacity: 2048M(100%)
[68.147s][info][gc,heap     ] GC(174)                Mark Start          Mark End        Relocate Start      Relocate End           High               Low         
[68.147s][info][gc,heap     ] GC(174)  Capacity:     2048M (100%)       2048M (100%)       2048M (100%)       2048M (100%)       2048M (100%)       2048M (100%)   
[68.147s][info][gc,heap     ] GC(174)      Free:     1542M (75%)        1540M (75%)        1718M (84%)        1862M (91%)        1862M (91%)        1530M (75%)    
[68.147s][info][gc,heap     ] GC(174)      Used:      506M (25%)         508M (25%)         330M (16%)         186M (9%)          518M (25%)         186M (9%)     
[68.148s][info][gc,heap     ] GC(174)      Live:         -               131M (6%)          131M (6%)          131M (6%)             -                  -          
[68.148s][info][gc,heap     ] GC(174) Allocated:         -                 2M (0%)           16M (1%)           19M (1%)             -                  -          
[68.148s][info][gc,heap     ] GC(174)   Garbage:         -               374M (18%)         182M (9%)           34M (2%)             -                  -          
[68.148s][info][gc,heap     ] GC(174) Reclaimed:         -                  -               192M (9%)          339M (17%)            -                  -          
[68.148s][info][gc          ] GC(174) Garbage Collection (System.gc()) 506M(25%)->186M(9%)
[68.417s][info][gc,start    ] GC(175) Garbage Collection (Allocation Rate)
[68.418s][info][gc,task     ] GC(175) Using 2 workers
[68.418s][info][gc,phases   ] GC(175) Pause Mark Start 0.019ms
[68.496s][info][gc,phases   ] GC(175) Concurrent Mark 78.001ms
[68.496s][info][gc,phases   ] GC(175) Pause Mark End 0.033ms
[68.496s][info][gc,phases   ] GC(175) Concurrent Mark Free 0.002ms
[68.528s][info][gc,phases   ] GC(175) Concurrent Process Non-Strong References 32.031ms
[68.528s][info][gc,phases   ] GC(175) Concurrent Reset Relocation Set 0.004ms
[68.528s][info][gc          ] Allocation Stall (Executor task launch worker for task 1.0 in stage 1199.0 (TID 4799)) 38.235ms
[68.528s][info][gc          ] Allocation Stall (Executor task launch worker for task 4.0 in stage 1199.0 (TID 4802)) 38.331ms
[68.528s][info][gc          ] Allocation Stall (Executor task launch worker for task 0.0 in stage 1199.0 (TID 4798)) 37.859ms
[68.528s][info][gc          ] Allocation Stall (Executor task launch worker for task 3.0 in stage 1199.0 (TID 4801)) 37.559ms
[68.528s][info][gc          ] Allocation Stall (Executor task launch worker for task 2.0 in stage 1199.0 (TID 4800)) 37.064ms
[68.534s][info][gc,phases   ] GC(175) Concurrent Select Relocation Set 5.860ms
[68.543s][info][gc,phases   ] GC(175) Pause Relocate Start 0.086ms
[68.569s][info][gc,phases   ] GC(175) Concurrent Relocate 25.479ms
[68.569s][info][gc,load     ] GC(175) Load: 0.00/0.00/0.00
[68.569s][info][gc,mmu      ] GC(175) MMU: 2ms/89.0%, 5ms/95.6%, 10ms/97.8%, 20ms/98.9%, 50ms/99.5%, 100ms/99.7%
[68.569s][info][gc,marking  ] GC(175) Mark: 2 stripe(s), 2 proactive flush(es), 1 terminate flush(es), 0 completion(s), 0 continuation(s) 
[68.569s][info][gc,marking  ] GC(175) Mark Stack Usage: 32M
[68.569s][info][gc,nmethod  ] GC(175) NMethods: 18444 registered, 3175 unregistered
[68.569s][info][gc,metaspace] GC(175) Metaspace: 155M used, 156M committed, 1216M reserved
[68.569s][info][gc,ref      ] GC(175) Soft: 3549 encountered, 0 discovered, 0 enqueued
[68.569s][info][gc,ref      ] GC(175) Weak: 15491 encountered, 5065 discovered, 231 enqueued
[68.569s][info][gc,ref      ] GC(175) Final: 52 encountered, 0 discovered, 0 enqueued
[68.569s][info][gc,ref      ] GC(175) Phantom: 600 encountered, 368 discovered, 0 enqueued
[68.569s][info][gc,reloc    ] GC(175) Small Pages: 705 / 1410M, Empty: 1052M, Relocated: 8M, In-Place: 0
[68.569s][info][gc,reloc    ] GC(175) Medium Pages: 8 / 256M, Empty: 0M, Relocated: 49M, In-Place: 0
[68.569s][info][gc,reloc    ] GC(175) Large Pages: 6 / 36M, Empty: 36M, Relocated: 0M, In-Place: 0
[68.569s][info][gc,reloc    ] GC(175) Forwarding Usage: 1M
[68.569s][info][gc,heap     ] GC(175) Min Capacity: 2048M(100%)
[68.569s][info][gc,heap     ] GC(175) Max Capacity: 2048M(100%)
[68.569s][info][gc,heap     ] GC(175) Soft Max Capacity: 2048M(100%)
[68.569s][info][gc,heap     ] GC(175)                Mark Start          Mark End        Relocate Start      Relocate End           High               Low         
[68.569s][info][gc,heap     ] GC(175)  Capacity:     2048M (100%)       2048M (100%)       2048M (100%)       2048M (100%)       2048M (100%)       2048M (100%)   
[68.569s][info][gc,heap     ] GC(175)      Free:      346M (17%)           0M (0%)         1010M (49%)        1340M (65%)        1362M (67%)           0M (0%)     
[68.569s][info][gc,heap     ] GC(175)      Used:     1702M (83%)        2048M (100%)       1038M (51%)         708M (35%)        2048M (100%)        686M (33%)    
[68.569s][info][gc,heap     ] GC(175)      Live:         -               172M (8%)          172M (8%)          172M (8%)             -                  -          
[68.569s][info][gc,heap     ] GC(175) Allocated:         -               346M (17%)         424M (21%)         498M (24%)            -                  -          
[68.569s][info][gc,heap     ] GC(175)   Garbage:         -              1529M (75%)         441M (22%)          37M (2%)             -                  -          
[68.569s][info][gc,heap     ] GC(175) Reclaimed:         -                  -              1088M (53%)        1492M (73%)            -                  -          
[68.569s][info][gc          ] GC(175) Garbage Collection (Allocation Rate) 1702M(83%)->708M(35%)
[68.606s][info][gc,start    ] GC(176) Garbage Collection (Allocation Stall)
[68.606s][info][gc,ref      ] GC(176) Clearing All SoftReferences
[68.606s][info][gc,task     ] GC(176) Using 2 workers
[68.606s][info][gc,ref      ] GC(176) Clearing All SoftReferences
[68.606s][info][gc,phases   ] GC(176) Pause Mark Start 0.070ms
[68.652s][info][gc,phases   ] GC(176) Concurrent Mark 46.169ms
[68.652s][info][gc,phases   ] GC(176) Pause Mark End 0.079ms
[68.653s][info][gc,phases   ] GC(176) Concurrent Mark Free 0.001ms
[68.687s][info][gc,phases   ] GC(176) Concurrent Process Non-Strong References 34.290ms
[68.687s][info][gc,phases   ] GC(176) Concurrent Reset Relocation Set 0.011ms
[68.689s][info][gc,phases   ] GC(176) Concurrent Select Relocation Set 1.653ms
[68.689s][info][gc,phases   ] GC(176) Pause Relocate Start 0.008ms
[68.698s][info][gc,phases   ] GC(176) Concurrent Relocate 9.223ms
[68.698s][info][gc,load     ] GC(176) Load: 0.00/0.00/0.00
[68.698s][info][gc,mmu      ] GC(176) MMU: 2ms/89.0%, 5ms/95.6%, 10ms/97.8%, 20ms/98.9%, 50ms/99.5%, 100ms/99.7%
[68.698s][info][gc,marking  ] GC(176) Mark: 2 stripe(s), 2 proactive flush(es), 1 terminate flush(es), 1 completion(s), 0 continuation(s) 
[68.698s][info][gc,marking  ] GC(176) Mark Stack Usage: 32M
[68.698s][info][gc,nmethod  ] GC(176) NMethods: 18447 registered, 3175 unregistered
[68.698s][info][gc,metaspace] GC(176) Metaspace: 154M used, 156M committed, 1216M reserved
[68.698s][info][gc,ref      ] GC(176) Soft: 3485 encountered, 3017 discovered, 224 enqueued
[68.698s][info][gc,ref      ] GC(176) Weak: 15285 encountered, 2034 discovered, 53 enqueued
[68.698s][info][gc,ref      ] GC(176) Final: 52 encountered, 0 discovered, 0 enqueued
[68.698s][info][gc,ref      ] GC(176) Phantom: 600 encountered, 336 discovered, 0 enqueued
[68.698s][info][gc,reloc    ] GC(176) Small Pages: 276 / 552M, Empty: 318M, Relocated: 4M, In-Place: 0
[68.698s][info][gc,reloc    ] GC(176) Medium Pages: 8 / 256M, Empty: 0M, Relocated: 49M, In-Place: 0
[68.698s][info][gc,reloc    ] GC(176) Large Pages: 1 / 6M, Empty: 6M, Relocated: 0M, In-Place: 0
[68.698s][info][gc,reloc    ] GC(176) Forwarding Usage: 1M
[68.698s][info][gc,heap     ] GC(176) Min Capacity: 2048M(100%)
[68.698s][info][gc,heap     ] GC(176) Max Capacity: 2048M(100%)
[68.698s][info][gc,heap     ] GC(176) Soft Max Capacity: 2048M(100%)
[68.698s][info][gc,heap     ] GC(176)                Mark Start          Mark End        Relocate Start      Relocate End           High               Low         
[68.698s][info][gc,heap     ] GC(176)  Capacity:     2048M (100%)       2048M (100%)       2048M (100%)       2048M (100%)       2048M (100%)       2048M (100%)   
[68.698s][info][gc,heap     ] GC(176)      Free:     1234M (60%)        1164M (57%)        1474M (72%)        1732M (85%)        1732M (85%)        1150M (56%)    
[68.698s][info][gc,heap     ] GC(176)      Used:      814M (40%)         884M (43%)         574M (28%)         316M (15%)         898M (44%)         316M (15%)    
[68.698s][info][gc,heap     ] GC(176)      Live:         -               192M (9%)          192M (9%)          192M (9%)             -                  -          
[68.698s][info][gc,heap     ] GC(176) Allocated:         -                70M (3%)           84M (4%)           85M (4%)             -                  -          
[68.698s][info][gc,heap     ] GC(176)   Garbage:         -               621M (30%)         297M (15%)          37M (2%)             -                  -          
[68.698s][info][gc,heap     ] GC(176) Reclaimed:         -                  -               324M (16%)         583M (29%)            -                  -          
[68.698s][info][gc          ] GC(176) Garbage Collection (Allocation Stall) 814M(40%)->316M(15%)
[68.706s][info][gc,start    ] GC(177) Garbage Collection (Allocation Rate)
[68.706s][info][gc,task     ] GC(177) Using 2 workers
[68.706s][info][gc,phases   ] GC(177) Pause Mark Start 0.012ms
[68.767s][info][gc,phases   ] GC(177) Concurrent Mark 60.760ms
[68.767s][info][gc,phases   ] GC(177) Pause Mark End 0.054ms
[68.767s][info][gc,phases   ] GC(177) Concurrent Mark Free 0.001ms
[68.803s][info][gc,phases   ] GC(177) Concurrent Process Non-Strong References 35.809ms
[68.803s][info][gc,phases   ] GC(177) Concurrent Reset Relocation Set 0.006ms
[68.805s][info][gc,phases   ] GC(177) Concurrent Select Relocation Set 1.979ms
[68.805s][info][gc,phases   ] GC(177) Pause Relocate Start 0.010ms
[68.808s][info][gc,phases   ] GC(177) Concurrent Relocate 2.219ms
[68.808s][info][gc,load     ] GC(177) Load: 0.00/0.00/0.00
[68.808s][info][gc,mmu      ] GC(177) MMU: 2ms/89.0%, 5ms/95.6%, 10ms/97.8%, 20ms/98.9%, 50ms/99.5%, 100ms/99.7%
[68.808s][info][gc,marking  ] GC(177) Mark: 2 stripe(s), 2 proactive flush(es), 1 terminate flush(es), 1 completion(s), 0 continuation(s) 
[68.808s][info][gc,marking  ] GC(177) Mark Stack Usage: 32M
[68.808s][info][gc,nmethod  ] GC(177) NMethods: 18448 registered, 3177 unregistered
[68.808s][info][gc,metaspace] GC(177) Metaspace: 154M used, 156M committed, 1216M reserved
[68.808s][info][gc,ref      ] GC(177) Soft: 3266 encountered, 0 discovered, 0 enqueued
[68.808s][info][gc,ref      ] GC(177) Weak: 15059 encountered, 5963 discovered, 295 enqueued
[68.808s][info][gc,ref      ] GC(177) Final: 52 encountered, 0 discovered, 0 enqueued
[68.808s][info][gc,ref      ] GC(177) Phantom: 600 encountered, 341 discovered, 0 enqueued
[68.808s][info][gc,reloc    ] GC(177) Small Pages: 56 / 112M, Empty: 0M, Relocated: 3M, In-Place: 0
[68.808s][info][gc,reloc    ] GC(177) Medium Pages: 6 / 192M, Empty: 32M, Relocated: 0M, In-Place: 0
[68.808s][info][gc,reloc    ] GC(177) Large Pages: 4 / 24M, Empty: 24M, Relocated: 0M, In-Place: 0
[68.808s][info][gc,reloc    ] GC(177) Forwarding Usage: 0M
[68.808s][info][gc,heap     ] GC(177) Min Capacity: 2048M(100%)
[68.808s][info][gc,heap     ] GC(177) Max Capacity: 2048M(100%)
[68.808s][info][gc,heap     ] GC(177) Soft Max Capacity: 2048M(100%)
[68.808s][info][gc,heap     ] GC(177)                Mark Start          Mark End        Relocate Start      Relocate End           High               Low         
[68.808s][info][gc,heap     ] GC(177)  Capacity:     2048M (100%)       2048M (100%)       2048M (100%)       2048M (100%)       2048M (100%)       2048M (100%)   
[68.808s][info][gc,heap     ] GC(177)      Free:     1720M (84%)        1652M (81%)        1658M (81%)        1698M (83%)        1720M (84%)        1602M (78%)    
[68.808s][info][gc,heap     ] GC(177)      Used:      328M (16%)         396M (19%)         390M (19%)         350M (17%)         446M (22%)         328M (16%)    
[68.808s][info][gc,heap     ] GC(177)      Live:         -               192M (9%)          192M (9%)          192M (9%)             -                  -          
[68.808s][info][gc,heap     ] GC(177) Allocated:         -                68M (3%)          118M (6%)          119M (6%)             -                  -          
[68.808s][info][gc,heap     ] GC(177)   Garbage:         -               135M (7%)           79M (4%)           37M (2%)             -                  -          
[68.808s][info][gc,heap     ] GC(177) Reclaimed:         -                  -                56M (3%)           97M (5%)             -                  -          
[68.808s][info][gc          ] GC(177) Garbage Collection (Allocation Rate) 328M(16%)->350M(17%)
[68.809s][info][gc,start    ] GC(178) Garbage Collection (Allocation Rate)
[68.809s][info][gc,task     ] GC(178) Using 2 workers
[68.809s][info][gc,phases   ] GC(178) Pause Mark Start 0.009ms
[68.857s][info][gc,phases   ] GC(178) Concurrent Mark 47.869ms
[68.857s][info][gc,phases   ] GC(178) Pause Mark End 0.025ms
[68.857s][info][gc,phases   ] GC(178) Concurrent Mark Free 0.001ms
[68.876s][info][gc,phases   ] GC(178) Concurrent Process Non-Strong References 18.840ms
[68.876s][info][gc,phases   ] GC(178) Concurrent Reset Relocation Set 0.003ms
[68.879s][info][gc,phases   ] GC(178) Concurrent Select Relocation Set 2.271ms
[68.879s][info][gc,phases   ] GC(178) Pause Relocate Start 0.009ms
[68.882s][info][gc,phases   ] GC(178) Concurrent Relocate 2.990ms
[68.882s][info][gc,load     ] GC(178) Load: 0.00/0.00/0.00
[68.882s][info][gc,mmu      ] GC(178) MMU: 2ms/89.0%, 5ms/95.6%, 10ms/97.8%, 20ms/98.9%, 50ms/99.5%, 100ms/99.7%
[68.882s][info][gc,marking  ] GC(178) Mark: 2 stripe(s), 2 proactive flush(es), 1 terminate flush(es), 0 completion(s), 0 continuation(s) 
[68.882s][info][gc,marking  ] GC(178) Mark Stack Usage: 32M
[68.882s][info][gc,nmethod  ] GC(178) NMethods: 18447 registered, 3179 unregistered
[68.882s][info][gc,metaspace] GC(178) Metaspace: 154M used, 156M committed, 1216M reserved
[68.882s][info][gc,ref      ] GC(178) Soft: 3277 encountered, 0 discovered, 0 enqueued
[68.882s][info][gc,ref      ] GC(178) Weak: 15276 encountered, 5845 discovered, 155 enqueued
[68.882s][info][gc,ref      ] GC(178) Final: 52 encountered, 0 discovered, 0 enqueued
[68.882s][info][gc,ref      ] GC(178) Phantom: 600 encountered, 340 discovered, 0 enqueued
[68.882s][info][gc,reloc    ] GC(178) Small Pages: 64 / 128M, Empty: 4M, Relocated: 5M, In-Place: 0
[68.882s][info][gc,reloc    ] GC(178) Medium Pages: 6 / 192M, Empty: 32M, Relocated: 0M, In-Place: 0
[68.882s][info][gc,reloc    ] GC(178) Large Pages: 5 / 30M, Empty: 30M, Relocated: 0M, In-Place: 0
[68.882s][info][gc,reloc    ] GC(178) Forwarding Usage: 1M
[68.882s][info][gc,heap     ] GC(178) Min Capacity: 2048M(100%)
[68.882s][info][gc,heap     ] GC(178) Max Capacity: 2048M(100%)
[68.882s][info][gc,heap     ] GC(178) Soft Max Capacity: 2048M(100%)
[68.882s][info][gc,heap     ] GC(178)                Mark Start          Mark End        Relocate Start      Relocate End           High               Low         
[68.882s][info][gc,heap     ] GC(178)  Capacity:     2048M (100%)       2048M (100%)       2048M (100%)       2048M (100%)       2048M (100%)       2048M (100%)   
[68.882s][info][gc,heap     ] GC(178)      Free:     1698M (83%)        1624M (79%)        1676M (82%)        1730M (84%)        1730M (84%)        1612M (79%)    
[68.882s][info][gc,heap     ] GC(178)      Used:      350M (17%)         424M (21%)         372M (18%)         318M (16%)         436M (21%)         318M (16%)    
[68.882s][info][gc,heap     ] GC(178)      Live:         -               192M (9%)          192M (9%)          192M (9%)             -                  -          
[68.882s][info][gc,heap     ] GC(178) Allocated:         -                74M (4%)           88M (4%)           87M (4%)             -                  -          
[68.882s][info][gc,heap     ] GC(178)   Garbage:         -               157M (8%)           91M (4%)           37M (2%)             -                  -          
[68.882s][info][gc,heap     ] GC(178) Reclaimed:         -                  -                66M (3%)          119M (6%)             -                  -          
[68.882s][info][gc          ] GC(178) Garbage Collection (Allocation Rate) 350M(17%)->318M(16%)
[68.905s][info][gc,start    ] GC(179) Garbage Collection (Allocation Rate)
[68.905s][info][gc,task     ] GC(179) Using 2 workers
[68.905s][info][gc,phases   ] GC(179) Pause Mark Start 0.018ms
[68.966s][info][gc,phases   ] GC(179) Concurrent Mark 61.087ms
[68.966s][info][gc,phases   ] GC(179) Pause Mark End 0.065ms
[68.966s][info][gc,phases   ] GC(179) Concurrent Mark Free 0.001ms
[68.986s][info][gc,phases   ] GC(179) Concurrent Process Non-Strong References 19.661ms
[68.986s][info][gc,phases   ] GC(179) Concurrent Reset Relocation Set 0.003ms
[68.988s][info][gc,phases   ] GC(179) Concurrent Select Relocation Set 2.027ms
[68.988s][info][gc,phases   ] GC(179) Pause Relocate Start 0.010ms
[68.989s][info][gc,phases   ] GC(179) Concurrent Relocate 1.195ms
[68.989s][info][gc,load     ] GC(179) Load: 0.00/0.00/0.00
[68.989s][info][gc,mmu      ] GC(179) MMU: 2ms/89.0%, 5ms/95.6%, 10ms/97.8%, 20ms/98.9%, 50ms/99.5%, 100ms/99.7%
[68.989s][info][gc,marking  ] GC(179) Mark: 2 stripe(s), 2 proactive flush(es), 1 terminate flush(es), 1 completion(s), 0 continuation(s) 
[68.989s][info][gc,marking  ] GC(179) Mark Stack Usage: 32M
[68.989s][info][gc,nmethod  ] GC(179) NMethods: 18446 registered, 3182 unregistered
[68.989s][info][gc,metaspace] GC(179) Metaspace: 154M used, 156M committed, 1216M reserved
[68.989s][info][gc,ref      ] GC(179) Soft: 3275 encountered, 0 discovered, 0 enqueued
[68.989s][info][gc,ref      ] GC(179) Weak: 15333 encountered, 4541 discovered, 292 enqueued
[68.989s][info][gc,ref      ] GC(179) Final: 52 encountered, 0 discovered, 0 enqueued
[68.989s][info][gc,ref      ] GC(179) Phantom: 600 encountered, 382 discovered, 0 enqueued
[68.989s][info][gc,reloc    ] GC(179) Small Pages: 60 / 120M, Empty: 0M, Relocated: 1M, In-Place: 0
[68.989s][info][gc,reloc    ] GC(179) Medium Pages: 6 / 192M, Empty: 32M, Relocated: 0M, In-Place: 0
[68.989s][info][gc,reloc    ] GC(179) Large Pages: 5 / 30M, Empty: 24M, Relocated: 0M, In-Place: 0
[68.989s][info][gc,reloc    ] GC(179) Forwarding Usage: 0M
[68.989s][info][gc,heap     ] GC(179) Min Capacity: 2048M(100%)
[68.989s][info][gc,heap     ] GC(179) Max Capacity: 2048M(100%)
[68.989s][info][gc,heap     ] GC(179) Soft Max Capacity: 2048M(100%)
[68.989s][info][gc,heap     ] GC(179)                Mark Start          Mark End        Relocate Start      Relocate End           High               Low         
[68.989s][info][gc,heap     ] GC(179)  Capacity:     2048M (100%)       2048M (100%)       2048M (100%)       2048M (100%)       2048M (100%)       2048M (100%)   
[68.989s][info][gc,heap     ] GC(179)      Free:     1706M (83%)        1624M (79%)        1658M (81%)        1706M (83%)        1706M (83%)        1602M (78%)    
[68.990s][info][gc,heap     ] GC(179)      Used:      342M (17%)         424M (21%)         390M (19%)         342M (17%)         446M (22%)         342M (17%)    
[68.990s][info][gc,heap     ] GC(179)      Live:         -               198M (10%)         198M (10%)         198M (10%)            -                  -          
[68.990s][info][gc,heap     ] GC(179) Allocated:         -                82M (4%)          104M (5%)          103M (5%)             -                  -          
[68.990s][info][gc,heap     ] GC(179)   Garbage:         -               143M (7%)           87M (4%)           39M (2%)             -                  -          
[68.990s][info][gc,heap     ] GC(179) Reclaimed:         -                  -                56M (3%)          103M (5%)             -                  -          
[68.990s][info][gc          ] GC(179) Garbage Collection (Allocation Rate) 342M(17%)->342M(17%)
[69.411s][info][gc,start    ] GC(180) Garbage Collection (Allocation Rate)
[69.411s][info][gc,task     ] GC(180) Using 1 workers
[69.411s][info][gc,phases   ] GC(180) Pause Mark Start 0.011ms
[69.498s][info][gc,phases   ] GC(180) Concurrent Mark 86.844ms
[69.499s][info][gc,phases   ] GC(180) Pause Mark End 0.027ms
[69.499s][info][gc,phases   ] GC(180) Concurrent Mark Free 0.002ms
[69.535s][info][gc,phases   ] GC(180) Concurrent Process Non-Strong References 36.533ms
[69.535s][info][gc,phases   ] GC(180) Concurrent Reset Relocation Set 0.003ms
[69.538s][info][gc,phases   ] GC(180) Concurrent Select Relocation Set 2.385ms
[69.538s][info][gc,phases   ] GC(180) Pause Relocate Start 0.011ms
[69.542s][info][gc,phases   ] GC(180) Concurrent Relocate 4.200ms
[69.542s][info][gc,load     ] GC(180) Load: 0.00/0.00/0.00
[69.542s][info][gc,mmu      ] GC(180) MMU: 2ms/89.0%, 5ms/95.6%, 10ms/97.8%, 20ms/98.9%, 50ms/99.5%, 100ms/99.7%
[69.542s][info][gc,marking  ] GC(180) Mark: 1 stripe(s), 2 proactive flush(es), 1 terminate flush(es), 0 completion(s), 0 continuation(s) 
[69.542s][info][gc,marking  ] GC(180) Mark Stack Usage: 32M
[69.542s][info][gc,nmethod  ] GC(180) NMethods: 18446 registered, 3189 unregistered
[69.542s][info][gc,metaspace] GC(180) Metaspace: 154M used, 156M committed, 1216M reserved
[69.542s][info][gc,ref      ] GC(180) Soft: 3277 encountered, 0 discovered, 0 enqueued
[69.542s][info][gc,ref      ] GC(180) Weak: 16449 encountered, 4855 discovered, 1309 enqueued
[69.542s][info][gc,ref      ] GC(180) Final: 52 encountered, 0 discovered, 0 enqueued
[69.542s][info][gc,ref      ] GC(180) Phantom: 600 encountered, 435 discovered, 0 enqueued
[69.542s][info][gc,reloc    ] GC(180) Small Pages: 153 / 306M, Empty: 4M, Relocated: 5M, In-Place: 0
[69.542s][info][gc,reloc    ] GC(180) Medium Pages: 8 / 256M, Empty: 96M, Relocated: 0M, In-Place: 0
[69.542s][info][gc,reloc    ] GC(180) Large Pages: 29 / 174M, Empty: 174M, Relocated: 0M, In-Place: 0
[69.542s][info][gc,reloc    ] GC(180) Forwarding Usage: 1M
[69.542s][info][gc,heap     ] GC(180) Min Capacity: 2048M(100%)
[69.542s][info][gc,heap     ] GC(180) Max Capacity: 2048M(100%)
[69.542s][info][gc,heap     ] GC(180) Soft Max Capacity: 2048M(100%)
[69.542s][info][gc,heap     ] GC(180)                Mark Start          Mark End        Relocate Start      Relocate End           High               Low         
[69.542s][info][gc,heap     ] GC(180)  Capacity:     2048M (100%)       2048M (100%)       2048M (100%)       2048M (100%)       2048M (100%)       2048M (100%)   
[69.542s][info][gc,heap     ] GC(180)      Free:     1312M (64%)        1216M (59%)        1456M (71%)        1682M (82%)        1684M (82%)        1182M (58%)    
[69.542s][info][gc,heap     ] GC(180)      Used:      736M (36%)         832M (41%)         592M (29%)         366M (18%)         866M (42%)         364M (18%)    
[69.542s][info][gc,heap     ] GC(180)      Live:         -               194M (10%)         194M (10%)         194M (10%)            -                  -          
[69.542s][info][gc,heap     ] GC(180) Allocated:         -                96M (5%)          130M (6%)          133M (7%)             -                  -          
[69.542s][info][gc,heap     ] GC(180)   Garbage:         -               541M (26%)         267M (13%)          37M (2%)             -                  -          
[69.542s][info][gc,heap     ] GC(180) Reclaimed:         -                  -               274M (13%)         503M (25%)            -                  -          
[69.542s][info][gc          ] GC(180) Garbage Collection (Allocation Rate) 736M(36%)->366M(18%)
[69.611s][info][gc,start    ] GC(181) Garbage Collection (Allocation Rate)
[69.611s][info][gc,task     ] GC(181) Using 1 workers
[69.611s][info][gc,phases   ] GC(181) Pause Mark Start 0.007ms
[69.700s][info][gc,phases   ] GC(181) Concurrent Mark 88.934ms
[69.700s][info][gc,phases   ] GC(181) Pause Mark End 0.017ms
[69.700s][info][gc,phases   ] GC(181) Concurrent Mark Free 0.001ms
[69.735s][info][gc,phases   ] GC(181) Concurrent Process Non-Strong References 35.429ms
[69.735s][info][gc,phases   ] GC(181) Concurrent Reset Relocation Set 0.009ms
[69.737s][info][gc,phases   ] GC(181) Concurrent Select Relocation Set 1.870ms
[69.737s][info][gc,phases   ] GC(181) Pause Relocate Start 0.008ms
[69.738s][info][gc,phases   ] GC(181) Concurrent Relocate 0.783ms
[69.738s][info][gc,load     ] GC(181) Load: 0.00/0.00/0.00
[69.738s][info][gc,mmu      ] GC(181) MMU: 2ms/89.0%, 5ms/95.6%, 10ms/97.8%, 20ms/98.9%, 50ms/99.5%, 100ms/99.7%
[69.738s][info][gc,marking  ] GC(181) Mark: 1 stripe(s), 2 proactive flush(es), 1 terminate flush(es), 0 completion(s), 0 continuation(s) 
[69.738s][info][gc,marking  ] GC(181) Mark Stack Usage: 32M
[69.738s][info][gc,nmethod  ] GC(181) NMethods: 18447 registered, 3189 unregistered
[69.738s][info][gc,metaspace] GC(181) Metaspace: 154M used, 156M committed, 1216M reserved
[69.738s][info][gc,ref      ] GC(181) Soft: 3274 encountered, 0 discovered, 0 enqueued
[69.738s][info][gc,ref      ] GC(181) Weak: 15581 encountered, 4045 discovered, 598 enqueued
[69.738s][info][gc,ref      ] GC(181) Final: 52 encountered, 0 discovered, 0 enqueued
[69.738s][info][gc,ref      ] GC(181) Phantom: 600 encountered, 386 discovered, 0 enqueued
[69.738s][info][gc,reloc    ] GC(181) Small Pages: 97 / 194M, Empty: 6M, Relocated: 1M, In-Place: 0
[69.738s][info][gc,reloc    ] GC(181) Medium Pages: 6 / 192M, Empty: 32M, Relocated: 0M, In-Place: 0
[69.739s][info][gc,reloc    ] GC(181) Large Pages: 10 / 60M, Empty: 54M, Relocated: 0M, In-Place: 0
[69.739s][info][gc,reloc    ] GC(181) Forwarding Usage: 0M
[69.739s][info][gc,heap     ] GC(181) Min Capacity: 2048M(100%)
[69.739s][info][gc,heap     ] GC(181) Max Capacity: 2048M(100%)
[69.739s][info][gc,heap     ] GC(181) Soft Max Capacity: 2048M(100%)
[69.739s][info][gc,heap     ] GC(181)                Mark Start          Mark End        Relocate Start      Relocate End           High               Low         
[69.739s][info][gc,heap     ] GC(181)  Capacity:     2048M (100%)       2048M (100%)       2048M (100%)       2048M (100%)       2048M (100%)       2048M (100%)   
[69.739s][info][gc,heap     ] GC(181)      Free:     1602M (78%)        1498M (73%)        1560M (76%)        1676M (82%)        1676M (82%)        1470M (72%)    
[69.739s][info][gc,heap     ] GC(181)      Used:      446M (22%)         550M (27%)         488M (24%)         372M (18%)         578M (28%)         372M (18%)    
[69.739s][info][gc,heap     ] GC(181)      Live:         -               199M (10%)         199M (10%)         199M (10%)            -                  -          
[69.739s][info][gc,heap     ] GC(181) Allocated:         -               104M (5%)          134M (7%)          133M (7%)             -                  -          
[69.739s][info][gc,heap     ] GC(181)   Garbage:         -               246M (12%)         154M (8%)           38M (2%)             -                  -          
[69.739s][info][gc,heap     ] GC(181) Reclaimed:         -                  -                92M (4%)          207M (10%)            -                  -          
[69.739s][info][gc          ] GC(181) Garbage Collection (Allocation Rate) 446M(22%)->372M(18%)
[69.806s][info][gc,start    ] GC(182) Garbage Collection (Allocation Rate)
[69.806s][info][gc,task     ] GC(182) Using 1 workers
[69.806s][info][gc,phases   ] GC(182) Pause Mark Start 0.009ms
[69.887s][info][gc,phases   ] GC(182) Concurrent Mark 81.612ms
[69.888s][info][gc,phases   ] GC(182) Pause Mark End 0.019ms
[69.888s][info][gc,phases   ] GC(182) Concurrent Mark Free 0.001ms
[69.918s][info][gc,phases   ] GC(182) Concurrent Process Non-Strong References 30.407ms
[69.918s][info][gc,phases   ] GC(182) Concurrent Reset Relocation Set 0.004ms
[69.920s][info][gc,phases   ] GC(182) Concurrent Select Relocation Set 2.016ms
[69.920s][info][gc,phases   ] GC(182) Pause Relocate Start 0.009ms
[69.923s][info][gc,phases   ] GC(182) Concurrent Relocate 2.423ms
[69.923s][info][gc,load     ] GC(182) Load: 0.00/0.00/0.00
[69.923s][info][gc,mmu      ] GC(182) MMU: 2ms/89.0%, 5ms/95.6%, 10ms/97.8%, 20ms/98.9%, 50ms/99.5%, 100ms/99.7%
[69.923s][info][gc,marking  ] GC(182) Mark: 1 stripe(s), 2 proactive flush(es), 1 terminate flush(es), 0 completion(s), 0 continuation(s) 
[69.923s][info][gc,marking  ] GC(182) Mark Stack Usage: 32M
[69.923s][info][gc,nmethod  ] GC(182) NMethods: 18489 registered, 3192 unregistered
[69.923s][info][gc,metaspace] GC(182) Metaspace: 155M used, 156M committed, 1216M reserved
[69.923s][info][gc,ref      ] GC(182) Soft: 3281 encountered, 0 discovered, 0 enqueued
[69.923s][info][gc,ref      ] GC(182) Weak: 15469 encountered, 3955 discovered, 448 enqueued
[69.923s][info][gc,ref      ] GC(182) Final: 52 encountered, 0 discovered, 0 enqueued
[69.923s][info][gc,ref      ] GC(182) Phantom: 600 encountered, 435 discovered, 0 enqueued
[69.923s][info][gc,reloc    ] GC(182) Small Pages: 90 / 180M, Empty: 0M, Relocated: 3M, In-Place: 0
[69.923s][info][gc,reloc    ] GC(182) Medium Pages: 6 / 192M, Empty: 32M, Relocated: 0M, In-Place: 0
[69.923s][info][gc,reloc    ] GC(182) Large Pages: 11 / 66M, Empty: 66M, Relocated: 0M, In-Place: 0
[69.923s][info][gc,reloc    ] GC(182) Forwarding Usage: 0M
[69.923s][info][gc,heap     ] GC(182) Min Capacity: 2048M(100%)
[69.923s][info][gc,heap     ] GC(182) Max Capacity: 2048M(100%)
[69.923s][info][gc,heap     ] GC(182) Soft Max Capacity: 2048M(100%)
[69.923s][info][gc,heap     ] GC(182)                Mark Start          Mark End        Relocate Start      Relocate End           High               Low         
[69.923s][info][gc,heap     ] GC(182)  Capacity:     2048M (100%)       2048M (100%)       2048M (100%)       2048M (100%)       2048M (100%)       2048M (100%)   
[69.923s][info][gc,heap     ] GC(182)      Free:     1610M (79%)        1540M (75%)        1626M (79%)        1724M (84%)        1726M (84%)        1528M (75%)    
[69.923s][info][gc,heap     ] GC(182)      Used:      438M (21%)         508M (25%)         422M (21%)         324M (16%)         520M (25%)         322M (16%)    
[69.923s][info][gc,heap     ] GC(182)      Live:         -               194M (9%)          194M (9%)          194M (9%)             -                  -          
[69.923s][info][gc,heap     ] GC(182) Allocated:         -                70M (3%)           82M (4%)           91M (4%)             -                  -          
[69.923s][info][gc,heap     ] GC(182)   Garbage:         -               243M (12%)         145M (7%)           37M (2%)             -                  -          
[69.923s][info][gc,heap     ] GC(182) Reclaimed:         -                  -                98M (5%)          205M (10%)            -                  -          
[69.923s][info][gc          ] GC(182) Garbage Collection (Allocation Rate) 438M(21%)->324M(16%)
[69.923s][info][gc,start    ] GC(183) Garbage Collection (System.gc())
[69.923s][info][gc,task     ] GC(183) Using 2 workers
[69.923s][info][gc,phases   ] GC(183) Pause Mark Start 0.008ms
[69.971s][info][gc,phases   ] GC(183) Concurrent Mark 47.768ms
[69.971s][info][gc,phases   ] GC(183) Pause Mark End 0.032ms
[69.971s][info][gc,phases   ] GC(183) Concurrent Mark Free 0.003ms
[69.990s][info][gc,phases   ] GC(183) Concurrent Process Non-Strong References 18.138ms
[69.990s][info][gc,phases   ] GC(183) Concurrent Reset Relocation Set 0.006ms
[69.991s][info][gc,phases   ] GC(183) Concurrent Select Relocation Set 1.525ms
[69.991s][info][gc,phases   ] GC(183) Pause Relocate Start 0.007ms
[69.992s][info][gc,phases   ] GC(183) Concurrent Relocate 0.768ms
[69.992s][info][gc,load     ] GC(183) Load: 0.00/0.00/0.00
[69.992s][info][gc,mmu      ] GC(183) MMU: 2ms/89.0%, 5ms/95.6%, 10ms/97.8%, 20ms/98.9%, 50ms/99.5%, 100ms/99.7%
[69.992s][info][gc,marking  ] GC(183) Mark: 2 stripe(s), 2 proactive flush(es), 1 terminate flush(es), 0 completion(s), 0 continuation(s) 
[69.992s][info][gc,marking  ] GC(183) Mark Stack Usage: 32M
[69.992s][info][gc,nmethod  ] GC(183) NMethods: 18482 registered, 3199 unregistered
[69.992s][info][gc,metaspace] GC(183) Metaspace: 155M used, 156M committed, 1216M reserved
[69.992s][info][gc,ref      ] GC(183) Soft: 3492 encountered, 0 discovered, 0 enqueued
[69.992s][info][gc,ref      ] GC(183) Weak: 15500 encountered, 5080 discovered, 382 enqueued
[69.992s][info][gc,ref      ] GC(183) Final: 52 encountered, 0 discovered, 0 enqueued
[69.992s][info][gc,ref      ] GC(183) Phantom: 600 encountered, 377 discovered, 0 enqueued
[69.992s][info][gc,reloc    ] GC(183) Small Pages: 63 / 126M, Empty: 0M, Relocated: 1M, In-Place: 0
[69.992s][info][gc,reloc    ] GC(183) Medium Pages: 6 / 192M, Empty: 96M, Relocated: 0M, In-Place: 0
[69.992s][info][gc,reloc    ] GC(183) Large Pages: 1 / 6M, Empty: 6M, Relocated: 0M, In-Place: 0
[69.992s][info][gc,reloc    ] GC(183) Forwarding Usage: 0M
[69.992s][info][gc,heap     ] GC(183) Min Capacity: 2048M(100%)
[69.992s][info][gc,heap     ] GC(183) Max Capacity: 2048M(100%)
[69.992s][info][gc,heap     ] GC(183) Soft Max Capacity: 2048M(100%)
[69.992s][info][gc,heap     ] GC(183)                Mark Start          Mark End        Relocate Start      Relocate End           High               Low         
[69.992s][info][gc,heap     ] GC(183)  Capacity:     2048M (100%)       2048M (100%)       2048M (100%)       2048M (100%)       2048M (100%)       2048M (100%)   
[69.992s][info][gc,heap     ] GC(183)      Free:     1724M (84%)        1714M (84%)        1814M (89%)        1868M (91%)        1868M (91%)        1712M (84%)    
[69.992s][info][gc,heap     ] GC(183)      Used:      324M (16%)         334M (16%)         234M (11%)         180M (9%)          336M (16%)         180M (9%)     
[69.992s][info][gc,heap     ] GC(183)      Live:         -               130M (6%)          130M (6%)          130M (6%)             -                  -          
[69.992s][info][gc,heap     ] GC(183) Allocated:         -                10M (0%)           12M (1%)           11M (1%)             -                  -          
[69.992s][info][gc,heap     ] GC(183)   Garbage:         -               193M (9%)           91M (4%)           37M (2%)             -                  -          
[69.992s][info][gc,heap     ] GC(183) Reclaimed:         -                  -               102M (5%)          155M (8%)             -                  -          
[69.992s][info][gc          ] GC(183) Garbage Collection (System.gc()) 324M(16%)->180M(9%)
[70.105s][info][gc,stats    ] === Garbage Collection Statistics =======================================================================================================================
[70.105s][info][gc,stats    ]                                                              Last 10s              Last 10m              Last 10h                Total
[70.105s][info][gc,stats    ]                                                              Avg / Max             Avg / Max             Avg / Max             Avg / Max
[70.105s][info][gc,stats    ]   Collector: Garbage Collection Cycle                     99.510 / 160.333      93.481 / 235.178      93.481 / 235.178      93.481 / 235.178     ms
[70.105s][info][gc,stats    ]  Contention: Mark Segment Reset Contention                     2 / 10                2 / 51                2 / 51                2 / 51          ops/s
[70.105s][info][gc,stats    ]  Contention: Mark SeqNum Reset Contention                      0 / 1                 0 / 3                 0 / 3                 0 / 3           ops/s
[70.105s][info][gc,stats    ]    Critical: Allocation Stall                                  2 / 5                 2 / 8                 2 / 8                 2 / 8           ops/s
[70.105s][info][gc,stats    ]    Critical: Allocation Stall                             51.534 / 93.951       46.948 / 93.951       46.948 / 93.951       46.948 / 93.951      ms
[70.105s][info][gc,stats    ]    Critical: GC Locker Stall                                   0 / 1                 0 / 1                 0 / 1                 0 / 1           ops/s
[70.105s][info][gc,stats    ]    Critical: GC Locker Stall                               0.021 / 0.021         0.024 / 0.041         0.024 / 0.041         0.024 / 0.041       ms
[70.105s][info][gc,stats    ]    Critical: Relocation Stall                                  0 / 0                 0 / 0                 0 / 0                 0 / 0           ops/s
[70.105s][info][gc,stats    ]    Critical: Relocation Stall                              0.000 / 0.000         0.000 / 0.000         0.000 / 0.000         0.000 / 0.000       ms
[70.105s][info][gc,stats    ]      Memory: Allocation Rate                                1872 / 2812           1426 / 3030           1426 / 3030           1426 / 3030        MB/s
[70.105s][info][gc,stats    ]      Memory: Defragment                                       55 / 122              35 / 138              35 / 138              35 / 138         ops/s
[70.105s][info][gc,stats    ]      Memory: Out Of Memory                                     0 / 0                 0 / 0                 0 / 0                 0 / 0           ops/s
[70.105s][info][gc,stats    ]      Memory: Page Cache Flush                                259 / 368             168 / 434             168 / 434             168 / 434         MB/s
[70.105s][info][gc,stats    ]      Memory: Page Cache Hit L1                               651 / 1032            493 / 1168            493 / 1168            493 / 1168        ops/s
[70.105s][info][gc,stats    ]      Memory: Page Cache Hit L2                                 0 / 0                 0 / 0                 0 / 0                 0 / 0           ops/s
[70.105s][info][gc,stats    ]      Memory: Page Cache Hit L3                                50 / 90               47 / 265              47 / 265              47 / 265         ops/s
[70.105s][info][gc,stats    ]      Memory: Page Cache Miss                                   9 / 17                5 / 24                5 / 24                5 / 24          ops/s
[70.105s][info][gc,stats    ]      Memory: Uncommit                                          0 / 0                 0 / 0                 0 / 0                 0 / 0           MB/s
[70.105s][info][gc,stats    ]      Memory: Undo Object Allocation Failed                     0 / 2                 0 / 5                 0 / 5                 0 / 5           ops/s
[70.105s][info][gc,stats    ]      Memory: Undo Object Allocation Succeeded                112 / 874             108 / 2789            108 / 2789            108 / 2789        ops/s
[70.105s][info][gc,stats    ]      Memory: Undo Page Allocation                              3 / 9                 2 / 12                2 / 12                2 / 12          ops/s
[70.105s][info][gc,stats    ]       Phase: Concurrent Mark                              63.793 / 109.225      59.313 / 160.845      59.313 / 160.845      59.313 / 160.845     ms
[70.105s][info][gc,stats    ]       Phase: Concurrent Mark Continue                      0.000 / 0.000         0.000 / 0.000         0.000 / 0.000         0.000 / 0.000       ms
[70.105s][info][gc,stats    ]       Phase: Concurrent Mark Free                          0.001 / 0.003         0.001 / 0.005         0.001 / 0.005         0.001 / 0.005       ms
[70.105s][info][gc,stats    ]       Phase: Concurrent Process Non-Strong References     25.586 / 37.670       22.957 / 63.816       22.957 / 63.816       22.957 / 63.816      ms
[70.105s][info][gc,stats    ]       Phase: Concurrent Relocate                           6.272 / 26.614        7.429 / 78.506        7.429 / 78.506        7.429 / 78.506      ms
[70.105s][info][gc,stats    ]       Phase: Concurrent Reset Relocation Set               0.006 / 0.014         0.006 / 0.023         0.006 / 0.023         0.006 / 0.023       ms
[70.105s][info][gc,stats    ]       Phase: Concurrent Select Relocation Set              2.308 / 5.860         2.475 / 6.265         2.475 / 6.265         2.475 / 6.265       ms
[70.105s][info][gc,stats    ]       Phase: Pause Mark End                                0.047 / 0.220         0.046 / 0.220         0.046 / 0.220         0.046 / 0.220       ms
[70.105s][info][gc,stats    ]       Phase: Pause Mark Start                              0.016 / 0.070         0.015 / 0.072         0.015 / 0.072         0.015 / 0.072       ms
[70.105s][info][gc,stats    ]       Phase: Pause Relocate Start                          0.012 / 0.086         0.011 / 0.086         0.011 / 0.086         0.011 / 0.086       ms
[70.105s][info][gc,stats    ]    Subphase: Concurrent Classes Purge                      0.091 / 0.325         0.167 / 2.002         0.167 / 2.002         0.167 / 2.002       ms
[70.105s][info][gc,stats    ]    Subphase: Concurrent Classes Unlink                    23.341 / 35.068       20.142 / 38.983       20.142 / 38.983       20.142 / 38.983      ms
[70.105s][info][gc,stats    ]    Subphase: Concurrent Mark                              52.410 / 100.846      49.391 / 147.243      49.391 / 147.243      49.391 / 147.243     ms
[70.105s][info][gc,stats    ]    Subphase: Concurrent Mark Try Flush                     0.346 / 11.300        0.711 / 29.293        0.711 / 29.293        0.711 / 29.293      ms
[70.105s][info][gc,stats    ]    Subphase: Concurrent Mark Try Terminate                 3.320 / 22.290        3.496 / 22.417        3.496 / 22.417        3.496 / 22.417      ms
[70.105s][info][gc,stats    ]    Subphase: Concurrent References Enqueue                 0.005 / 0.017         0.005 / 0.017         0.005 / 0.017         0.005 / 0.017       ms
[70.105s][info][gc,stats    ]    Subphase: Concurrent References Process                 0.644 / 1.136         0.515 / 1.136         0.515 / 1.136         0.515 / 1.136       ms
[70.105s][info][gc,stats    ]    Subphase: Concurrent Roots ClassLoaderDataGraph         0.216 / 0.556         0.201 / 0.556         0.201 / 0.556         0.201 / 0.556       ms
[70.105s][info][gc,stats    ]    Subphase: Concurrent Roots CodeCache                    0.000 / 0.000         0.000 / 0.000         0.000 / 0.000         0.000 / 0.000       ms
[70.105s][info][gc,stats    ]    Subphase: Concurrent Roots JavaThreads                  4.948 / 8.475         4.989 / 13.179        4.989 / 13.179        4.989 / 13.179      ms
[70.105s][info][gc,stats    ]    Subphase: Concurrent Roots OopStorageSet                0.072 / 0.204         0.065 / 0.210         0.065 / 0.210         0.065 / 0.210       ms
[70.105s][info][gc,stats    ]    Subphase: Concurrent Weak Roots OopStorageSet           1.044 / 2.008         1.006 / 2.044         1.006 / 2.044         1.006 / 2.044       ms
[70.105s][info][gc,stats    ]    Subphase: Pause Mark Try Complete                       0.020 / 0.124         0.015 / 0.138         0.015 / 0.138         0.015 / 0.138       ms
[70.105s][info][gc,stats    ]      System: Java Threads                                    285 / 286             263 / 286             263 / 286             263 / 286         threads
[70.105s][info][gc,stats    ] =========================================================================================================================================================
[70.309s][info][gc,start    ] GC(184) Garbage Collection (Allocation Rate)
[70.309s][info][gc,task     ] GC(184) Using 2 workers
[70.309s][info][gc,phases   ] GC(184) Pause Mark Start 0.010ms
[70.372s][info][gc,phases   ] GC(184) Concurrent Mark 62.177ms
[70.372s][info][gc,phases   ] GC(184) Pause Mark End 0.032ms
[70.372s][info][gc,phases   ] GC(184) Concurrent Mark Free 0.003ms
[70.389s][info][gc,phases   ] GC(184) Concurrent Process Non-Strong References 17.321ms
[70.389s][info][gc,phases   ] GC(184) Concurrent Reset Relocation Set 0.002ms
[70.389s][info][gc          ] Allocation Stall (Executor task launch worker for task 4.0 in stage 1245.0 (TID 4986)) 47.775ms
[70.389s][info][gc          ] Allocation Stall (Executor task launch worker for task 0.0 in stage 1245.0 (TID 4982)) 46.987ms
[70.389s][info][gc          ] Allocation Stall (Spark Context Cleaner) 47.732ms
[70.389s][info][gc          ] Allocation Stall (Executor task launch worker for task 2.0 in stage 1245.0 (TID 4984)) 47.832ms
[70.389s][info][gc          ] Allocation Stall (Executor task launch worker for task 3.0 in stage 1245.0 (TID 4985)) 47.205ms
[70.389s][info][gc          ] Allocation Stall (Executor task launch worker for task 1.0 in stage 1245.0 (TID 4983)) 46.679ms
[70.393s][info][gc,phases   ] GC(184) Concurrent Select Relocation Set 3.652ms
[70.393s][info][gc,phases   ] GC(184) Pause Relocate Start 0.012ms
[70.421s][info][gc,phases   ] GC(184) Concurrent Relocate 28.061ms
[70.422s][info][gc,load     ] GC(184) Load: 0.00/0.00/0.00
[70.422s][info][gc,mmu      ] GC(184) MMU: 2ms/89.0%, 5ms/95.6%, 10ms/97.8%, 20ms/98.9%, 50ms/99.5%, 100ms/99.7%
[70.422s][info][gc,marking  ] GC(184) Mark: 2 stripe(s), 2 proactive flush(es), 1 terminate flush(es), 0 completion(s), 0 continuation(s) 
[70.422s][info][gc,marking  ] GC(184) Mark Stack Usage: 32M
[70.422s][info][gc,nmethod  ] GC(184) NMethods: 18514 registered, 3213 unregistered
[70.422s][info][gc,metaspace] GC(184) Metaspace: 155M used, 156M committed, 1216M reserved
[70.422s][info][gc,ref      ] GC(184) Soft: 3554 encountered, 0 discovered, 0 enqueued
[70.422s][info][gc,ref      ] GC(184) Weak: 15479 encountered, 6709 discovered, 222 enqueued
[70.422s][info][gc,ref      ] GC(184) Final: 52 encountered, 0 discovered, 0 enqueued
[70.422s][info][gc,ref      ] GC(184) Phantom: 600 encountered, 375 discovered, 0 enqueued
[70.422s][info][gc,reloc    ] GC(184) Small Pages: 800 / 1600M, Empty: 1186M, Relocated: 10M, In-Place: 0
[70.422s][info][gc,reloc    ] GC(184) Medium Pages: 9 / 288M, Empty: 0M, Relocated: 46M, In-Place: 0
[70.422s][info][gc,reloc    ] GC(184) Large Pages: 6 / 36M, Empty: 36M, Relocated: 0M, In-Place: 0
[70.422s][info][gc,reloc    ] GC(184) Forwarding Usage: 1M
[70.422s][info][gc,heap     ] GC(184) Min Capacity: 2048M(100%)
[70.422s][info][gc,heap     ] GC(184) Max Capacity: 2048M(100%)
[70.422s][info][gc,heap     ] GC(184) Soft Max Capacity: 2048M(100%)
[70.422s][info][gc,heap     ] GC(184)                Mark Start          Mark End        Relocate Start      Relocate End           High               Low         
[70.422s][info][gc,heap     ] GC(184)  Capacity:     2048M (100%)       2048M (100%)       2048M (100%)       2048M (100%)       2048M (100%)       2048M (100%)   
[70.422s][info][gc,heap     ] GC(184)      Free:      124M (6%)            0M (0%)         1196M (58%)        1534M (75%)        1550M (76%)           0M (0%)     
[70.422s][info][gc,heap     ] GC(184)      Used:     1924M (94%)        2048M (100%)        852M (42%)         514M (25%)        2048M (100%)        498M (24%)    
[70.422s][info][gc,heap     ] GC(184)      Live:         -               183M (9%)          183M (9%)          183M (9%)             -                  -          
[70.422s][info][gc,heap     ] GC(184) Allocated:         -               124M (6%)          150M (7%)          260M (13%)            -                  -          
[70.422s][info][gc,heap     ] GC(184)   Garbage:         -              1740M (85%)         518M (25%)          69M (3%)             -                  -          
[70.422s][info][gc,heap     ] GC(184) Reclaimed:         -                  -              1222M (60%)        1670M (82%)            -                  -          
[70.422s][info][gc          ] GC(184) Garbage Collection (Allocation Rate) 1924M(94%)->514M(25%)
[70.509s][info][gc,start    ] GC(185) Garbage Collection (Allocation Stall)
[70.509s][info][gc,ref      ] GC(185) Clearing All SoftReferences
[70.509s][info][gc,task     ] GC(185) Using 2 workers
[70.510s][info][gc,ref      ] GC(185) Clearing All SoftReferences
[70.510s][info][gc,phases   ] GC(185) Pause Mark Start 0.039ms
[70.572s][info][gc,phases   ] GC(185) Concurrent Mark 62.422ms
[70.572s][info][gc,phases   ] GC(185) Pause Mark End 0.278ms
[70.573s][info][gc,phases   ] GC(185) Concurrent Mark Free 0.001ms
[70.611s][info][gc,phases   ] GC(185) Concurrent Process Non-Strong References 38.089ms
[70.611s][info][gc,phases   ] GC(185) Concurrent Reset Relocation Set 0.013ms
[70.613s][info][gc,phases   ] GC(185) Concurrent Select Relocation Set 2.235ms
[70.613s][info][gc,phases   ] GC(185) Pause Relocate Start 0.010ms
[70.625s][info][gc,phases   ] GC(185) Concurrent Relocate 12.268ms
[70.626s][info][gc,load     ] GC(185) Load: 0.00/0.00/0.00
[70.626s][info][gc,mmu      ] GC(185) MMU: 2ms/86.1%, 5ms/94.4%, 10ms/97.2%, 20ms/98.6%, 50ms/99.4%, 100ms/99.7%
[70.626s][info][gc,marking  ] GC(185) Mark: 2 stripe(s), 2 proactive flush(es), 1 terminate flush(es), 1 completion(s), 0 continuation(s) 
[70.626s][info][gc,marking  ] GC(185) Mark Stack Usage: 32M
[70.626s][info][gc,nmethod  ] GC(185) NMethods: 18517 registered, 3213 unregistered
[70.626s][info][gc,metaspace] GC(185) Metaspace: 154M used, 156M committed, 1216M reserved
[70.626s][info][gc,ref      ] GC(185) Soft: 3490 encountered, 3071 discovered, 221 enqueued
[70.626s][info][gc,ref      ] GC(185) Weak: 15450 encountered, 5976 discovered, 197 enqueued
[70.626s][info][gc,ref      ] GC(185) Final: 52 encountered, 0 discovered, 0 enqueued
[70.626s][info][gc,ref      ] GC(185) Phantom: 600 encountered, 370 discovered, 0 enqueued
[70.626s][info][gc,reloc    ] GC(185) Small Pages: 187 / 374M, Empty: 174M, Relocated: 3M, In-Place: 0
[70.626s][info][gc,reloc    ] GC(185) Medium Pages: 8 / 256M, Empty: 0M, Relocated: 46M, In-Place: 0
[70.626s][info][gc,reloc    ] GC(185) Large Pages: 4 / 24M, Empty: 24M, Relocated: 0M, In-Place: 0
[70.626s][info][gc,reloc    ] GC(185) Forwarding Usage: 0M
[70.626s][info][gc,heap     ] GC(185) Min Capacity: 2048M(100%)
[70.626s][info][gc,heap     ] GC(185) Max Capacity: 2048M(100%)
[70.626s][info][gc,heap     ] GC(185) Soft Max Capacity: 2048M(100%)
[70.626s][info][gc,heap     ] GC(185)                Mark Start          Mark End        Relocate Start      Relocate End           High               Low         
[70.626s][info][gc,heap     ] GC(185)  Capacity:     2048M (100%)       2048M (100%)       2048M (100%)       2048M (100%)       2048M (100%)       2048M (100%)   
[70.626s][info][gc,heap     ] GC(185)      Free:     1394M (68%)        1312M (64%)        1476M (72%)        1690M (83%)        1690M (83%)        1280M (62%)    
[70.626s][info][gc,heap     ] GC(185)      Used:      654M (32%)         736M (36%)         572M (28%)         358M (17%)         768M (38%)         358M (17%)    
[70.626s][info][gc,heap     ] GC(185)      Live:         -               193M (9%)          193M (9%)          193M (9%)             -                  -          
[70.626s][info][gc,heap     ] GC(185) Allocated:         -                82M (4%)          116M (6%)          125M (6%)             -                  -          
[70.626s][info][gc,heap     ] GC(185)   Garbage:         -               460M (22%)         262M (13%)          38M (2%)             -                  -          
[70.626s][info][gc,heap     ] GC(185) Reclaimed:         -                  -               198M (10%)         421M (21%)            -                  -          
[70.626s][info][gc          ] GC(185) Garbage Collection (Allocation Stall) 654M(32%)->358M(17%)
[70.703s][info][gc,start    ] GC(186) Garbage Collection (Allocation Rate)
[70.703s][info][gc,task     ] GC(186) Using 2 workers
[70.703s][info][gc,phases   ] GC(186) Pause Mark Start 0.007ms
[70.756s][info][gc,phases   ] GC(186) Concurrent Mark 53.112ms
[70.757s][info][gc,phases   ] GC(186) Pause Mark End 0.029ms
[70.757s][info][gc,phases   ] GC(186) Concurrent Mark Free 0.001ms
[70.774s][info][gc,phases   ] GC(186) Concurrent Process Non-Strong References 17.866ms
[70.775s][info][gc,phases   ] GC(186) Concurrent Reset Relocation Set 0.005ms
[70.777s][info][gc,phases   ] GC(186) Concurrent Select Relocation Set 2.227ms
[70.777s][info][gc,phases   ] GC(186) Pause Relocate Start 0.010ms
[70.779s][info][gc,phases   ] GC(186) Concurrent Relocate 1.647ms
[70.779s][info][gc,load     ] GC(186) Load: 0.00/0.00/0.00
[70.779s][info][gc,mmu      ] GC(186) MMU: 2ms/86.1%, 5ms/94.4%, 10ms/97.2%, 20ms/98.6%, 50ms/99.4%, 100ms/99.7%
[70.779s][info][gc,marking  ] GC(186) Mark: 2 stripe(s), 2 proactive flush(es), 1 terminate flush(es), 0 completion(s), 0 continuation(s) 
[70.779s][info][gc,marking  ] GC(186) Mark Stack Usage: 32M
[70.779s][info][gc,nmethod  ] GC(186) NMethods: 18514 registered, 3216 unregistered
[70.779s][info][gc,metaspace] GC(186) Metaspace: 154M used, 156M committed, 1216M reserved
[70.779s][info][gc,ref      ] GC(186) Soft: 3267 encountered, 0 discovered, 0 enqueued
[70.779s][info][gc,ref      ] GC(186) Weak: 15565 encountered, 7014 discovered, 583 enqueued
[70.779s][info][gc,ref      ] GC(186) Final: 52 encountered, 0 discovered, 0 enqueued
[70.779s][info][gc,ref      ] GC(186) Phantom: 600 encountered, 366 discovered, 0 enqueued
[70.779s][info][gc,reloc    ] GC(186) Small Pages: 79 / 158M, Empty: 2M, Relocated: 2M, In-Place: 0
[70.779s][info][gc,reloc    ] GC(186) Medium Pages: 6 / 192M, Empty: 32M, Relocated: 0M, In-Place: 0
[70.779s][info][gc,reloc    ] GC(186) Large Pages: 10 / 60M, Empty: 60M, Relocated: 0M, In-Place: 0
[70.779s][info][gc,reloc    ] GC(186) Forwarding Usage: 0M
[70.779s][info][gc,heap     ] GC(186) Min Capacity: 2048M(100%)
[70.779s][info][gc,heap     ] GC(186) Max Capacity: 2048M(100%)
[70.779s][info][gc,heap     ] GC(186) Soft Max Capacity: 2048M(100%)
[70.779s][info][gc,heap     ] GC(186)                Mark Start          Mark End        Relocate Start      Relocate End           High               Low         
[70.779s][info][gc,heap     ] GC(186)  Capacity:     2048M (100%)       2048M (100%)       2048M (100%)       2048M (100%)       2048M (100%)       2048M (100%)   
[70.779s][info][gc,heap     ] GC(186)      Free:     1638M (80%)        1568M (77%)        1634M (80%)        1716M (84%)        1716M (84%)        1544M (75%)    
[70.779s][info][gc,heap     ] GC(186)      Used:      410M (20%)         480M (23%)         414M (20%)         332M (16%)         504M (25%)         332M (16%)    
[70.779s][info][gc,heap     ] GC(186)      Live:         -               193M (9%)          193M (9%)          193M (9%)             -                  -          
[70.779s][info][gc,heap     ] GC(186) Allocated:         -                70M (3%)           98M (5%)           99M (5%)             -                  -          
[70.779s][info][gc,heap     ] GC(186)   Garbage:         -               216M (11%)         122M (6%)           38M (2%)             -                  -          
[70.779s][info][gc,heap     ] GC(186) Reclaimed:         -                  -                94M (5%)          177M (9%)             -                  -          
[70.779s][info][gc          ] GC(186) Garbage Collection (Allocation Rate) 410M(20%)->332M(16%)
[70.811s][info][gc,start    ] GC(187) Garbage Collection (Allocation Rate)
[70.812s][info][gc,task     ] GC(187) Using 2 workers
[70.812s][info][gc,phases   ] GC(187) Pause Mark Start 0.006ms
[70.872s][info][gc,phases   ] GC(187) Concurrent Mark 60.652ms
[70.873s][info][gc,phases   ] GC(187) Pause Mark End 0.076ms
[70.873s][info][gc,phases   ] GC(187) Concurrent Mark Free 0.001ms
[70.890s][info][gc,phases   ] GC(187) Concurrent Process Non-Strong References 17.020ms
[70.890s][info][gc,phases   ] GC(187) Concurrent Reset Relocation Set 0.003ms
[70.892s][info][gc,phases   ] GC(187) Concurrent Select Relocation Set 2.030ms
[70.892s][info][gc,phases   ] GC(187) Pause Relocate Start 0.013ms
[70.893s][info][gc,phases   ] GC(187) Concurrent Relocate 1.564ms
[70.893s][info][gc,load     ] GC(187) Load: 0.00/0.00/0.00
[70.893s][info][gc,mmu      ] GC(187) MMU: 2ms/86.1%, 5ms/94.4%, 10ms/97.2%, 20ms/98.6%, 50ms/99.4%, 100ms/99.7%
[70.894s][info][gc,marking  ] GC(187) Mark: 2 stripe(s), 2 proactive flush(es), 1 terminate flush(es), 1 completion(s), 0 continuation(s) 
[70.894s][info][gc,marking  ] GC(187) Mark Stack Usage: 32M
[70.894s][info][gc,nmethod  ] GC(187) NMethods: 18514 registered, 3217 unregistered
[70.894s][info][gc,metaspace] GC(187) Metaspace: 154M used, 156M committed, 1216M reserved
[70.894s][info][gc,ref      ] GC(187) Soft: 3269 encountered, 0 discovered, 0 enqueued
[70.894s][info][gc,ref      ] GC(187) Weak: 15275 encountered, 6373 discovered, 153 enqueued
[70.894s][info][gc,ref      ] GC(187) Final: 52 encountered, 0 discovered, 0 enqueued
[70.894s][info][gc,ref      ] GC(187) Phantom: 600 encountered, 343 discovered, 0 enqueued
[70.894s][info][gc,reloc    ] GC(187) Small Pages: 72 / 144M, Empty: 0M, Relocated: 3M, In-Place: 0
[70.894s][info][gc,reloc    ] GC(187) Medium Pages: 6 / 192M, Empty: 32M, Relocated: 0M, In-Place: 0
[70.894s][info][gc,reloc    ] GC(187) Large Pages: 5 / 30M, Empty: 30M, Relocated: 0M, In-Place: 0
[70.894s][info][gc,reloc    ] GC(187) Forwarding Usage: 0M
[70.894s][info][gc,heap     ] GC(187) Min Capacity: 2048M(100%)
[70.894s][info][gc,heap     ] GC(187) Max Capacity: 2048M(100%)
[70.894s][info][gc,heap     ] GC(187) Soft Max Capacity: 2048M(100%)
[70.894s][info][gc,heap     ] GC(187)                Mark Start          Mark End        Relocate Start      Relocate End           High               Low         
[70.894s][info][gc,heap     ] GC(187)  Capacity:     2048M (100%)       2048M (100%)       2048M (100%)       2048M (100%)       2048M (100%)       2048M (100%)   
[70.894s][info][gc,heap     ] GC(187)      Free:     1682M (82%)        1600M (78%)        1644M (80%)        1712M (84%)        1712M (84%)        1582M (77%)    
[70.894s][info][gc,heap     ] GC(187)      Used:      366M (18%)         448M (22%)         404M (20%)         336M (16%)         466M (23%)         336M (16%)    
[70.894s][info][gc,heap     ] GC(187)      Live:         -               193M (9%)          193M (9%)          193M (9%)             -                  -          
[70.894s][info][gc,heap     ] GC(187) Allocated:         -                82M (4%)          100M (5%)          103M (5%)             -                  -          
[70.894s][info][gc,heap     ] GC(187)   Garbage:         -               172M (8%)          110M (5%)           38M (2%)             -                  -          
[70.894s][info][gc,heap     ] GC(187) Reclaimed:         -                  -                62M (3%)          133M (7%)             -                  -          
[70.894s][info][gc          ] GC(187) Garbage Collection (Allocation Rate) 366M(18%)->336M(16%)
[71.505s][info][gc,start    ] GC(188) Garbage Collection (Allocation Rate)
[71.505s][info][gc,task     ] GC(188) Using 2 workers
[71.505s][info][gc,phases   ] GC(188) Pause Mark Start 0.011ms
[71.555s][info][gc,phases   ] GC(188) Concurrent Mark 49.820ms
[71.555s][info][gc,phases   ] GC(188) Pause Mark End 0.020ms
[71.555s][info][gc,phases   ] GC(188) Concurrent Mark Free 0.001ms
[71.573s][info][gc,phases   ] GC(188) Concurrent Process Non-Strong References 17.597ms
[71.573s][info][gc,phases   ] GC(188) Concurrent Reset Relocation Set 0.003ms
[71.575s][info][gc,phases   ] GC(188) Concurrent Select Relocation Set 2.449ms
[71.576s][info][gc,phases   ] GC(188) Pause Relocate Start 0.012ms
[71.579s][info][gc,phases   ] GC(188) Concurrent Relocate 3.287ms
[71.579s][info][gc,load     ] GC(188) Load: 0.00/0.00/0.00
[71.579s][info][gc,mmu      ] GC(188) MMU: 2ms/86.1%, 5ms/94.4%, 10ms/97.2%, 20ms/98.6%, 50ms/99.4%, 100ms/99.7%
[71.579s][info][gc,marking  ] GC(188) Mark: 2 stripe(s), 2 proactive flush(es), 1 terminate flush(es), 0 completion(s), 0 continuation(s) 
[71.579s][info][gc,marking  ] GC(188) Mark Stack Usage: 32M
[71.579s][info][gc,nmethod  ] GC(188) NMethods: 18544 registered, 3227 unregistered
[71.579s][info][gc,metaspace] GC(188) Metaspace: 154M used, 156M committed, 1216M reserved
[71.579s][info][gc,ref      ] GC(188) Soft: 3269 encountered, 0 discovered, 0 enqueued
[71.579s][info][gc,ref      ] GC(188) Weak: 17033 encountered, 7415 discovered, 1891 enqueued
[71.579s][info][gc,ref      ] GC(188) Final: 52 encountered, 0 discovered, 0 enqueued
[71.579s][info][gc,ref      ] GC(188) Phantom: 600 encountered, 371 discovered, 0 enqueued
[71.579s][info][gc,reloc    ] GC(188) Small Pages: 192 / 384M, Empty: 10M, Relocated: 6M, In-Place: 0
[71.579s][info][gc,reloc    ] GC(188) Medium Pages: 9 / 288M, Empty: 128M, Relocated: 0M, In-Place: 0
[71.579s][info][gc,reloc    ] GC(188) Large Pages: 39 / 234M, Empty: 234M, Relocated: 0M, In-Place: 0
[71.579s][info][gc,reloc    ] GC(188) Forwarding Usage: 1M
[71.579s][info][gc,heap     ] GC(188) Min Capacity: 2048M(100%)
[71.579s][info][gc,heap     ] GC(188) Max Capacity: 2048M(100%)
[71.579s][info][gc,heap     ] GC(188) Soft Max Capacity: 2048M(100%)
[71.579s][info][gc,heap     ] GC(188)                Mark Start          Mark End        Relocate Start      Relocate End           High               Low         
[71.579s][info][gc,heap     ] GC(188)  Capacity:     2048M (100%)       2048M (100%)       2048M (100%)       2048M (100%)       2048M (100%)       2048M (100%)   
[71.579s][info][gc,heap     ] GC(188)      Free:     1142M (56%)        1068M (52%)        1420M (69%)        1714M (84%)        1718M (84%)        1050M (51%)    
[71.579s][info][gc,heap     ] GC(188)      Used:      906M (44%)         980M (48%)         628M (31%)         334M (16%)         998M (49%)         330M (16%)    
[71.579s][info][gc,heap     ] GC(188)      Live:         -               195M (10%)         195M (10%)         195M (10%)            -                  -          
[71.579s][info][gc,heap     ] GC(188) Allocated:         -                74M (4%)           94M (5%)           97M (5%)             -                  -          
[71.579s][info][gc,heap     ] GC(188)   Garbage:         -               710M (35%)         338M (17%)          40M (2%)             -                  -          
[71.579s][info][gc,heap     ] GC(188) Reclaimed:         -                  -               372M (18%)         669M (33%)            -                  -          
[71.579s][info][gc          ] GC(188) Garbage Collection (Allocation Rate) 906M(44%)->334M(16%)
[71.711s][info][gc,start    ] GC(189) Garbage Collection (System.gc())
[71.711s][info][gc,task     ] GC(189) Using 2 workers
[71.711s][info][gc,phases   ] GC(189) Pause Mark Start 0.009ms
[71.763s][info][gc,phases   ] GC(189) Concurrent Mark 52.455ms
[71.764s][info][gc,phases   ] GC(189) Pause Mark End 0.028ms
[71.764s][info][gc,phases   ] GC(189) Concurrent Mark Free 0.002ms
[71.781s][info][gc,phases   ] GC(189) Concurrent Process Non-Strong References 17.635ms
[71.782s][info][gc,phases   ] GC(189) Concurrent Reset Relocation Set 0.008ms
[71.783s][info][gc,phases   ] GC(189) Concurrent Select Relocation Set 1.874ms
[71.784s][info][gc,phases   ] GC(189) Pause Relocate Start 0.008ms
[71.786s][info][gc,phases   ] GC(189) Concurrent Relocate 2.250ms
[71.786s][info][gc,load     ] GC(189) Load: 0.00/0.00/0.00
[71.786s][info][gc,mmu      ] GC(189) MMU: 2ms/86.1%, 5ms/94.4%, 10ms/97.2%, 20ms/98.6%, 50ms/99.4%, 100ms/99.7%
[71.786s][info][gc,marking  ] GC(189) Mark: 2 stripe(s), 1 proactive flush(es), 1 terminate flush(es), 0 completion(s), 0 continuation(s) 
[71.786s][info][gc,marking  ] GC(189) Mark Stack Usage: 32M
[71.786s][info][gc,nmethod  ] GC(189) NMethods: 18569 registered, 3234 unregistered
[71.786s][info][gc,metaspace] GC(189) Metaspace: 155M used, 156M committed, 1216M reserved
[71.786s][info][gc,ref      ] GC(189) Soft: 3485 encountered, 0 discovered, 0 enqueued
[71.786s][info][gc,ref      ] GC(189) Weak: 15816 encountered, 6883 discovered, 697 enqueued
[71.786s][info][gc,ref      ] GC(189) Final: 52 encountered, 0 discovered, 0 enqueued
[71.786s][info][gc,ref      ] GC(189) Phantom: 600 encountered, 401 discovered, 0 enqueued
[71.786s][info][gc,reloc    ] GC(189) Small Pages: 96 / 192M, Empty: 2M, Relocated: 3M, In-Place: 0
[71.786s][info][gc,reloc    ] GC(189) Medium Pages: 6 / 192M, Empty: 96M, Relocated: 0M, In-Place: 0
[71.786s][info][gc,reloc    ] GC(189) Large Pages: 6 / 36M, Empty: 36M, Relocated: 0M, In-Place: 0
[71.786s][info][gc,reloc    ] GC(189) Forwarding Usage: 1M
[71.786s][info][gc,heap     ] GC(189) Min Capacity: 2048M(100%)
[71.786s][info][gc,heap     ] GC(189) Max Capacity: 2048M(100%)
[71.786s][info][gc,heap     ] GC(189) Soft Max Capacity: 2048M(100%)
[71.786s][info][gc,heap     ] GC(189)                Mark Start          Mark End        Relocate Start      Relocate End           High               Low         
[71.786s][info][gc,heap     ] GC(189)  Capacity:     2048M (100%)       2048M (100%)       2048M (100%)       2048M (100%)       2048M (100%)       2048M (100%)   
[71.786s][info][gc,heap     ] GC(189)      Free:     1628M (79%)        1628M (79%)        1752M (86%)        1864M (91%)        1864M (91%)        1618M (79%)    
[71.786s][info][gc,heap     ] GC(189)      Used:      420M (21%)         420M (21%)         296M (14%)         184M (9%)          430M (21%)         184M (9%)     
[71.786s][info][gc,heap     ] GC(189)      Live:         -               130M (6%)          130M (6%)          130M (6%)             -                  -          
[71.786s][info][gc,heap     ] GC(189) Allocated:         -                 0M (0%)           10M (0%)           15M (1%)             -                  -          
[71.786s][info][gc,heap     ] GC(189)   Garbage:         -               289M (14%)         155M (8%)           37M (2%)             -                  -          
[71.786s][info][gc,heap     ] GC(189) Reclaimed:         -                  -               134M (7%)          251M (12%)            -                  -          
[71.786s][info][gc          ] GC(189) Garbage Collection (System.gc()) 420M(21%)->184M(9%)
[72.015s][info][gc,start    ] GC(190) Garbage Collection (Allocation Rate)
[72.015s][info][gc,task     ] GC(190) Using 2 workers
[72.015s][info][gc,phases   ] GC(190) Pause Mark Start 0.011ms
[72.125s][info][gc,phases   ] GC(190) Concurrent Mark 109.416ms
[72.125s][info][gc,phases   ] GC(190) Pause Mark End 0.031ms
[72.125s][info][gc,phases   ] GC(190) Concurrent Mark Free 0.003ms
[72.157s][info][gc,phases   ] GC(190) Concurrent Process Non-Strong References 32.090ms
[72.157s][info][gc,phases   ] GC(190) Concurrent Reset Relocation Set 0.004ms
[72.157s][info][gc          ] Allocation Stall (Executor task launch worker for task 0.0 in stage 1291.0 (TID 5166)) 29.484ms
[72.157s][info][gc          ] Allocation Stall (Executor task launch worker for task 4.0 in stage 1291.0 (TID 5170)) 29.312ms
[72.157s][info][gc          ] Allocation Stall (Executor task launch worker for task 3.0 in stage 1291.0 (TID 5169)) 29.992ms
[72.157s][info][gc          ] Allocation Stall (Executor task launch worker for task 2.0 in stage 1291.0 (TID 5168)) 27.662ms
[72.157s][info][gc          ] Allocation Stall (Executor task launch worker for task 1.0 in stage 1291.0 (TID 5167)) 28.056ms
[72.162s][info][gc,phases   ] GC(190) Concurrent Select Relocation Set 4.598ms
[72.162s][info][gc,phases   ] GC(190) Pause Relocate Start 0.013ms
[72.174s][info][gc,phases   ] GC(190) Concurrent Relocate 12.206ms
[72.175s][info][gc,load     ] GC(190) Load: 0.00/0.00/0.00
[72.175s][info][gc,mmu      ] GC(190) MMU: 2ms/86.1%, 5ms/94.4%, 10ms/97.2%, 20ms/98.6%, 50ms/99.4%, 100ms/99.7%
[72.175s][info][gc,marking  ] GC(190) Mark: 2 stripe(s), 2 proactive flush(es), 1 terminate flush(es), 0 completion(s), 0 continuation(s) 
[72.175s][info][gc,marking  ] GC(190) Mark Stack Usage: 32M
[72.175s][info][gc,nmethod  ] GC(190) NMethods: 18598 registered, 3244 unregistered
[72.175s][info][gc,metaspace] GC(190) Metaspace: 155M used, 156M committed, 1216M reserved
[72.175s][info][gc,ref      ] GC(190) Soft: 3551 encountered, 0 discovered, 0 enqueued
[72.175s][info][gc,ref      ] GC(190) Weak: 15484 encountered, 4796 discovered, 204 enqueued
[72.175s][info][gc,ref      ] GC(190) Final: 52 encountered, 0 discovered, 0 enqueued
[72.175s][info][gc,ref      ] GC(190) Phantom: 600 encountered, 355 discovered, 0 enqueued
[72.175s][info][gc,reloc    ] GC(190) Small Pages: 590 / 1180M, Empty: 880M, Relocated: 9M, In-Place: 0
[72.175s][info][gc,reloc    ] GC(190) Medium Pages: 6 / 192M, Empty: 0M, Relocated: 18M, In-Place: 0
[72.175s][info][gc,reloc    ] GC(190) Large Pages: 6 / 36M, Empty: 36M, Relocated: 0M, In-Place: 0
[72.175s][info][gc,reloc    ] GC(190) Forwarding Usage: 0M
[72.175s][info][gc,heap     ] GC(190) Min Capacity: 2048M(100%)
[72.175s][info][gc,heap     ] GC(190) Max Capacity: 2048M(100%)
[72.175s][info][gc,heap     ] GC(190) Soft Max Capacity: 2048M(100%)
[72.175s][info][gc,heap     ] GC(190)                Mark Start          Mark End        Relocate Start      Relocate End           High               Low         
[72.175s][info][gc,heap     ] GC(190)  Capacity:     2048M (100%)       2048M (100%)       2048M (100%)       2048M (100%)       2048M (100%)       2048M (100%)   
[72.175s][info][gc,heap     ] GC(190)      Free:      640M (31%)           8M (0%)          878M (43%)        1036M (51%)        1038M (51%)           0M (0%)     
[72.175s][info][gc,heap     ] GC(190)      Used:     1408M (69%)        2040M (100%)       1170M (57%)        1012M (49%)        2048M (100%)       1010M (49%)    
[72.175s][info][gc,heap     ] GC(190)      Live:         -               157M (8%)          157M (8%)          157M (8%)             -                  -          
[72.175s][info][gc,heap     ] GC(190) Allocated:         -               632M (31%)         678M (33%)         801M (39%)            -                  -          
[72.175s][info][gc,heap     ] GC(190)   Garbage:         -              1250M (61%)         334M (16%)          53M (3%)             -                  -          
[72.175s][info][gc,heap     ] GC(190) Reclaimed:         -                  -               916M (45%)        1197M (58%)            -                  -          
[72.175s][info][gc          ] GC(190) Garbage Collection (Allocation Rate) 1408M(69%)->1012M(49%)
[72.203s][info][gc,start    ] GC(191) Garbage Collection (Allocation Stall)
[72.203s][info][gc,ref      ] GC(191) Clearing All SoftReferences
[72.203s][info][gc,task     ] GC(191) Using 2 workers
[72.204s][info][gc,ref      ] GC(191) Clearing All SoftReferences
[72.204s][info][gc,phases   ] GC(191) Pause Mark Start 0.039ms
[72.250s][info][gc,phases   ] GC(191) Concurrent Mark 46.741ms
[72.251s][info][gc,phases   ] GC(191) Pause Mark End 0.090ms
[72.251s][info][gc,phases   ] GC(191) Concurrent Mark Free 0.001ms
[72.287s][info][gc,phases   ] GC(191) Concurrent Process Non-Strong References 35.949ms
[72.287s][info][gc,phases   ] GC(191) Concurrent Reset Relocation Set 0.008ms
[72.288s][info][gc,phases   ] GC(191) Concurrent Select Relocation Set 1.585ms
[72.288s][info][gc,phases   ] GC(191) Pause Relocate Start 0.009ms
[72.303s][info][gc,phases   ] GC(191) Concurrent Relocate 14.768ms
[72.303s][info][gc,load     ] GC(191) Load: 0.00/0.00/0.00
[72.303s][info][gc,mmu      ] GC(191) MMU: 2ms/86.1%, 5ms/94.4%, 10ms/97.2%, 20ms/98.6%, 50ms/99.4%, 100ms/99.7%
[72.303s][info][gc,marking  ] GC(191) Mark: 2 stripe(s), 2 proactive flush(es), 1 terminate flush(es), 1 completion(s), 0 continuation(s) 
[72.303s][info][gc,marking  ] GC(191) Mark Stack Usage: 32M
[72.303s][info][gc,nmethod  ] GC(191) NMethods: 18593 registered, 3249 unregistered
[72.303s][info][gc,metaspace] GC(191) Metaspace: 155M used, 156M committed, 1216M reserved
[72.303s][info][gc,ref      ] GC(191) Soft: 3487 encountered, 3008 discovered, 227 enqueued
[72.303s][info][gc,ref      ] GC(191) Weak: 15219 encountered, 7125 discovered, 50 enqueued
[72.303s][info][gc,ref      ] GC(191) Final: 52 encountered, 0 discovered, 0 enqueued
[72.303s][info][gc,ref      ] GC(191) Phantom: 600 encountered, 338 discovered, 0 enqueued
[72.303s][info][gc,reloc    ] GC(191) Small Pages: 387 / 774M, Empty: 496M, Relocated: 2M, In-Place: 0
[72.303s][info][gc,reloc    ] GC(191) Medium Pages: 10 / 320M, Empty: 0M, Relocated: 74M, In-Place: 0
[72.303s][info][gc,reloc    ] GC(191) Large Pages: 0 / 0M, Empty: 0M, Relocated: 0M, In-Place: 0
[72.303s][info][gc,reloc    ] GC(191) Forwarding Usage: 0M
[72.303s][info][gc,heap     ] GC(191) Min Capacity: 2048M(100%)
[72.303s][info][gc,heap     ] GC(191) Max Capacity: 2048M(100%)
[72.303s][info][gc,heap     ] GC(191) Soft Max Capacity: 2048M(100%)
[72.303s][info][gc,heap     ] GC(191)                Mark Start          Mark End        Relocate Start      Relocate End           High               Low         
[72.303s][info][gc,heap     ] GC(191)  Capacity:     2048M (100%)       2048M (100%)       2048M (100%)       2048M (100%)       2048M (100%)       2048M (100%)   
[72.303s][info][gc,heap     ] GC(191)      Free:      954M (47%)         888M (43%)        1360M (66%)        1726M (84%)        1726M (84%)         864M (42%)    
[72.303s][info][gc,heap     ] GC(191)      Used:     1094M (53%)        1160M (57%)         688M (34%)         322M (16%)        1184M (58%)         322M (16%)    
[72.303s][info][gc,heap     ] GC(191)      Live:         -               193M (9%)          193M (9%)          193M (9%)             -                  -          
[72.303s][info][gc,heap     ] GC(191) Allocated:         -                66M (3%)           90M (4%)           89M (4%)             -                  -          
[72.303s][info][gc,heap     ] GC(191)   Garbage:         -               900M (44%)         404M (20%)          38M (2%)             -                  -          
[72.303s][info][gc,heap     ] GC(191) Reclaimed:         -                  -               496M (24%)         861M (42%)            -                  -          
[72.303s][info][gc          ] GC(191) Garbage Collection (Allocation Stall) 1094M(53%)->322M(16%)
[72.307s][info][gc,start    ] GC(192) Garbage Collection (Allocation Rate)
[72.307s][info][gc,task     ] GC(192) Using 2 workers
[72.307s][info][gc,phases   ] GC(192) Pause Mark Start 0.015ms
[72.355s][info][gc,phases   ] GC(192) Concurrent Mark 47.710ms
[72.355s][info][gc,phases   ] GC(192) Pause Mark End 0.022ms
[72.355s][info][gc,phases   ] GC(192) Concurrent Mark Free 0.001ms
[72.389s][info][gc,phases   ] GC(192) Concurrent Process Non-Strong References 34.404ms
[72.389s][info][gc,phases   ] GC(192) Concurrent Reset Relocation Set 0.007ms
[72.391s][info][gc,phases   ] GC(192) Concurrent Select Relocation Set 2.037ms
[72.391s][info][gc,phases   ] GC(192) Pause Relocate Start 0.007ms
[72.392s][info][gc,phases   ] GC(192) Concurrent Relocate 0.809ms
[72.392s][info][gc,load     ] GC(192) Load: 0.00/0.00/0.00
[72.392s][info][gc,mmu      ] GC(192) MMU: 2ms/86.1%, 5ms/94.4%, 10ms/97.2%, 20ms/98.6%, 50ms/99.4%, 100ms/99.7%
[72.392s][info][gc,marking  ] GC(192) Mark: 2 stripe(s), 2 proactive flush(es), 1 terminate flush(es), 0 completion(s), 0 continuation(s) 
[72.392s][info][gc,marking  ] GC(192) Mark Stack Usage: 32M
[72.392s][info][gc,nmethod  ] GC(192) NMethods: 18594 registered, 3249 unregistered
[72.392s][info][gc,metaspace] GC(192) Metaspace: 155M used, 156M committed, 1216M reserved
[72.392s][info][gc,ref      ] GC(192) Soft: 3265 encountered, 0 discovered, 0 enqueued
[72.392s][info][gc,ref      ] GC(192) Weak: 15116 encountered, 4950 discovered, 156 enqueued
[72.392s][info][gc,ref      ] GC(192) Final: 52 encountered, 0 discovered, 0 enqueued
[72.392s][info][gc,ref      ] GC(192) Phantom: 600 encountered, 374 discovered, 0 enqueued
[72.392s][info][gc,reloc    ] GC(192) Small Pages: 53 / 106M, Empty: 0M, Relocated: 1M, In-Place: 0
[72.392s][info][gc,reloc    ] GC(192) Medium Pages: 6 / 192M, Empty: 32M, Relocated: 0M, In-Place: 0
[72.392s][info][gc,reloc    ] GC(192) Large Pages: 4 / 24M, Empty: 24M, Relocated: 0M, In-Place: 0
[72.392s][info][gc,reloc    ] GC(192) Forwarding Usage: 0M
[72.393s][info][gc,heap     ] GC(192) Min Capacity: 2048M(100%)
[72.393s][info][gc,heap     ] GC(192) Max Capacity: 2048M(100%)
[72.393s][info][gc,heap     ] GC(192) Soft Max Capacity: 2048M(100%)
[72.393s][info][gc,heap     ] GC(192)                Mark Start          Mark End        Relocate Start      Relocate End           High               Low         
[72.393s][info][gc,heap     ] GC(192)  Capacity:     2048M (100%)       2048M (100%)       2048M (100%)       2048M (100%)       2048M (100%)       2048M (100%)   
[72.393s][info][gc,heap     ] GC(192)      Free:     1726M (84%)        1652M (81%)        1682M (82%)        1712M (84%)        1726M (84%)        1626M (79%)    
[72.393s][info][gc,heap     ] GC(192)      Used:      322M (16%)         396M (19%)         366M (18%)         336M (16%)         422M (21%)         322M (16%)    
[72.393s][info][gc,heap     ] GC(192)      Live:         -               193M (9%)          193M (9%)          193M (9%)             -                  -          
[72.393s][info][gc,heap     ] GC(192) Allocated:         -                74M (4%)          100M (5%)          101M (5%)             -                  -          
[72.393s][info][gc,heap     ] GC(192)   Garbage:         -               128M (6%)           72M (4%)           40M (2%)             -                  -          
[72.393s][info][gc,heap     ] GC(192) Reclaimed:         -                  -                56M (3%)           87M (4%)             -                  -          
[72.393s][info][gc          ] GC(192) Garbage Collection (Allocation Rate) 322M(16%)->336M(16%)
[72.402s][info][gc,start    ] GC(193) Garbage Collection (Allocation Rate)
[72.402s][info][gc,task     ] GC(193) Using 2 workers
[72.402s][info][gc,phases   ] GC(193) Pause Mark Start 0.010ms
[72.464s][info][gc,phases   ] GC(193) Concurrent Mark 61.753ms
[72.464s][info][gc,phases   ] GC(193) Pause Mark End 0.055ms
[72.464s][info][gc,phases   ] GC(193) Concurrent Mark Free 0.001ms
[72.485s][info][gc,phases   ] GC(193) Concurrent Process Non-Strong References 20.405ms
[72.485s][info][gc,phases   ] GC(193) Concurrent Reset Relocation Set 0.002ms
[72.487s][info][gc,phases   ] GC(193) Concurrent Select Relocation Set 1.946ms
[72.487s][info][gc,phases   ] GC(193) Pause Relocate Start 0.009ms
[72.488s][info][gc,phases   ] GC(193) Concurrent Relocate 0.905ms
[72.488s][info][gc,load     ] GC(193) Load: 0.00/0.00/0.00
[72.488s][info][gc,mmu      ] GC(193) MMU: 2ms/86.1%, 5ms/94.4%, 10ms/97.2%, 20ms/98.6%, 50ms/99.4%, 100ms/99.7%
[72.488s][info][gc,marking  ] GC(193) Mark: 2 stripe(s), 2 proactive flush(es), 1 terminate flush(es), 1 completion(s), 0 continuation(s) 
[72.488s][info][gc,marking  ] GC(193) Mark Stack Usage: 32M
[72.488s][info][gc,nmethod  ] GC(193) NMethods: 18601 registered, 3250 unregistered
[72.488s][info][gc,metaspace] GC(193) Metaspace: 155M used, 156M committed, 1216M reserved
[72.488s][info][gc,ref      ] GC(193) Soft: 3276 encountered, 0 discovered, 0 enqueued
[72.488s][info][gc,ref      ] GC(193) Weak: 15342 encountered, 5699 discovered, 296 enqueued
[72.488s][info][gc,ref      ] GC(193) Final: 52 encountered, 52 discovered, 0 enqueued
[72.488s][info][gc,ref      ] GC(193) Phantom: 600 encountered, 374 discovered, 0 enqueued
[72.488s][info][gc,reloc    ] GC(193) Small Pages: 61 / 122M, Empty: 0M, Relocated: 1M, In-Place: 0
[72.488s][info][gc,reloc    ] GC(193) Medium Pages: 6 / 192M, Empty: 32M, Relocated: 0M, In-Place: 0
[72.488s][info][gc,reloc    ] GC(193) Large Pages: 5 / 30M, Empty: 30M, Relocated: 0M, In-Place: 0
[72.488s][info][gc,reloc    ] GC(193) Forwarding Usage: 0M
[72.488s][info][gc,heap     ] GC(193) Min Capacity: 2048M(100%)
[72.488s][info][gc,heap     ] GC(193) Max Capacity: 2048M(100%)
[72.488s][info][gc,heap     ] GC(193) Soft Max Capacity: 2048M(100%)
[72.488s][info][gc,heap     ] GC(193)                Mark Start          Mark End        Relocate Start      Relocate End           High               Low         
[72.488s][info][gc,heap     ] GC(193)  Capacity:     2048M (100%)       2048M (100%)       2048M (100%)       2048M (100%)       2048M (100%)       2048M (100%)   
[72.488s][info][gc,heap     ] GC(193)      Free:     1704M (83%)        1622M (79%)        1662M (81%)        1710M (83%)        1710M (83%)        1600M (78%)    
[72.488s][info][gc,heap     ] GC(193)      Used:      344M (17%)         426M (21%)         386M (19%)         338M (17%)         448M (22%)         338M (17%)    
[72.488s][info][gc,heap     ] GC(193)      Live:         -               193M (9%)          193M (9%)          193M (9%)             -                  -          
[72.488s][info][gc,heap     ] GC(193) Allocated:         -                82M (4%)          104M (5%)          104M (5%)             -                  -          
[72.488s][info][gc,heap     ] GC(193)   Garbage:         -               150M (7%)           88M (4%)           40M (2%)             -                  -          
[72.488s][info][gc,heap     ] GC(193) Reclaimed:         -                  -                62M (3%)          110M (5%)             -                  -          
[72.488s][info][gc          ] GC(193) Garbage Collection (Allocation Rate) 344M(17%)->338M(17%)
[72.509s][info][gc,start    ] GC(194) Garbage Collection (Allocation Rate)
[72.509s][info][gc,task     ] GC(194) Using 2 workers
[72.509s][info][gc,phases   ] GC(194) Pause Mark Start 0.008ms
[72.567s][info][gc,phases   ] GC(194) Concurrent Mark 57.766ms
[72.567s][info][gc,phases   ] GC(194) Pause Mark End 0.021ms
[72.567s][info][gc,phases   ] GC(194) Concurrent Mark Free 0.001ms
[72.585s][info][gc,phases   ] GC(194) Concurrent Process Non-Strong References 17.630ms
[72.585s][info][gc,phases   ] GC(194) Concurrent Reset Relocation Set 0.006ms
[72.587s][info][gc,phases   ] GC(194) Concurrent Select Relocation Set 2.551ms
[72.588s][info][gc,phases   ] GC(194) Pause Relocate Start 0.010ms
[72.589s][info][gc,phases   ] GC(194) Concurrent Relocate 1.127ms
[72.589s][info][gc,load     ] GC(194) Load: 0.00/0.00/0.00
[72.589s][info][gc,mmu      ] GC(194) MMU: 2ms/86.1%, 5ms/94.4%, 10ms/97.2%, 20ms/98.6%, 50ms/99.4%, 100ms/99.7%
[72.589s][info][gc,marking  ] GC(194) Mark: 2 stripe(s), 2 proactive flush(es), 1 terminate flush(es), 0 completion(s), 0 continuation(s) 
[72.589s][info][gc,marking  ] GC(194) Mark Stack Usage: 32M
[72.589s][info][gc,nmethod  ] GC(194) NMethods: 18600 registered, 3252 unregistered
[72.589s][info][gc,metaspace] GC(194) Metaspace: 155M used, 156M committed, 1216M reserved
[72.589s][info][gc,ref      ] GC(194) Soft: 3276 encountered, 0 discovered, 0 enqueued
[72.589s][info][gc,ref      ] GC(194) Weak: 15273 encountered, 6361 discovered, 149 enqueued
[72.589s][info][gc,ref      ] GC(194) Final: 52 encountered, 52 discovered, 0 enqueued
[72.589s][info][gc,ref      ] GC(194) Phantom: 600 encountered, 336 discovered, 0 enqueued
[72.589s][info][gc,reloc    ] GC(194) Small Pages: 64 / 128M, Empty: 0M, Relocated: 1M, In-Place: 0
[72.589s][info][gc,reloc    ] GC(194) Medium Pages: 6 / 192M, Empty: 32M, Relocated: 0M, In-Place: 0
[72.589s][info][gc,reloc    ] GC(194) Large Pages: 4 / 24M, Empty: 24M, Relocated: 0M, In-Place: 0
[72.589s][info][gc,reloc    ] GC(194) Forwarding Usage: 0M
[72.589s][info][gc,heap     ] GC(194) Min Capacity: 2048M(100%)
[72.589s][info][gc,heap     ] GC(194) Max Capacity: 2048M(100%)
[72.589s][info][gc,heap     ] GC(194) Soft Max Capacity: 2048M(100%)
[72.589s][info][gc,heap     ] GC(194)                Mark Start          Mark End        Relocate Start      Relocate End           High               Low         
[72.589s][info][gc,heap     ] GC(194)  Capacity:     2048M (100%)       2048M (100%)       2048M (100%)       2048M (100%)       2048M (100%)       2048M (100%)   
[72.589s][info][gc,heap     ] GC(194)      Free:     1704M (83%)        1622M (79%)        1650M (81%)        1702M (83%)        1704M (83%)        1594M (78%)    
[72.589s][info][gc,heap     ] GC(194)      Used:      344M (17%)         426M (21%)         398M (19%)         346M (17%)         454M (22%)         344M (17%)    
[72.589s][info][gc,heap     ] GC(194)      Live:         -               192M (9%)          192M (9%)          192M (9%)             -                  -          
[72.589s][info][gc,heap     ] GC(194) Allocated:         -                82M (4%)          110M (5%)          111M (5%)             -                  -          
[72.589s][info][gc,heap     ] GC(194)   Garbage:         -               151M (7%)           95M (5%)           41M (2%)             -                  -          
[72.589s][info][gc,heap     ] GC(194) Reclaimed:         -                  -                56M (3%)          109M (5%)             -                  -          
[72.589s][info][gc          ] GC(194) Garbage Collection (Allocation Rate) 344M(17%)->346M(17%)
[73.213s][info][gc,start    ] GC(195) Garbage Collection (Allocation Rate)
[73.213s][info][gc,task     ] GC(195) Using 2 workers
[73.214s][info][gc,phases   ] GC(195) Pause Mark Start 0.013ms
[73.265s][info][gc,phases   ] GC(195) Concurrent Mark 51.432ms
[73.265s][info][gc,phases   ] GC(195) Pause Mark End 0.033ms
[73.265s][info][gc,phases   ] GC(195) Concurrent Mark Free 0.001ms
[73.285s][info][gc,phases   ] GC(195) Concurrent Process Non-Strong References 19.908ms
[73.285s][info][gc,phases   ] GC(195) Concurrent Reset Relocation Set 0.003ms
[73.288s][info][gc,phases   ] GC(195) Concurrent Select Relocation Set 2.359ms
[73.288s][info][gc,phases   ] GC(195) Pause Relocate Start 0.009ms
[73.291s][info][gc,phases   ] GC(195) Concurrent Relocate 3.457ms
[73.291s][info][gc,load     ] GC(195) Load: 0.00/0.00/0.00
[73.291s][info][gc,mmu      ] GC(195) MMU: 2ms/86.1%, 5ms/94.4%, 10ms/97.2%, 20ms/98.6%, 50ms/99.4%, 100ms/99.7%
[73.291s][info][gc,marking  ] GC(195) Mark: 2 stripe(s), 2 proactive flush(es), 1 terminate flush(es), 0 completion(s), 0 continuation(s) 
[73.291s][info][gc,marking  ] GC(195) Mark Stack Usage: 32M
[73.291s][info][gc,nmethod  ] GC(195) NMethods: 18599 registered, 3258 unregistered
[73.291s][info][gc,metaspace] GC(195) Metaspace: 155M used, 156M committed, 1216M reserved
[73.291s][info][gc,ref      ] GC(195) Soft: 3278 encountered, 0 discovered, 0 enqueued
[73.291s][info][gc,ref      ] GC(195) Weak: 17035 encountered, 7580 discovered, 1891 enqueued
[73.291s][info][gc,ref      ] GC(195) Final: 52 encountered, 0 discovered, 0 enqueued
[73.291s][info][gc,ref      ] GC(195) Phantom: 600 encountered, 372 discovered, 0 enqueued
[73.291s][info][gc,reloc    ] GC(195) Small Pages: 193 / 386M, Empty: 8M, Relocated: 6M, In-Place: 0
[73.291s][info][gc,reloc    ] GC(195) Medium Pages: 9 / 288M, Empty: 128M, Relocated: 0M, In-Place: 0
[73.292s][info][gc,reloc    ] GC(195) Large Pages: 39 / 234M, Empty: 234M, Relocated: 0M, In-Place: 0
[73.292s][info][gc,reloc    ] GC(195) Forwarding Usage: 1M
[73.292s][info][gc,heap     ] GC(195) Min Capacity: 2048M(100%)
[73.292s][info][gc,heap     ] GC(195) Max Capacity: 2048M(100%)
[73.292s][info][gc,heap     ] GC(195) Soft Max Capacity: 2048M(100%)
[73.292s][info][gc,heap     ] GC(195)                Mark Start          Mark End        Relocate Start      Relocate End           High               Low         
[73.292s][info][gc,heap     ] GC(195)  Capacity:     2048M (100%)       2048M (100%)       2048M (100%)       2048M (100%)       2048M (100%)       2048M (100%)   
[73.292s][info][gc,heap     ] GC(195)      Free:     1140M (56%)        1066M (52%)        1422M (69%)        1722M (84%)        1722M (84%)        1052M (51%)    
[73.292s][info][gc,heap     ] GC(195)      Used:      908M (44%)         982M (48%)         626M (31%)         326M (16%)         996M (49%)         326M (16%)    
[73.292s][info][gc,heap     ] GC(195)      Live:         -               195M (10%)         195M (10%)         195M (10%)            -                  -          
[73.292s][info][gc,heap     ] GC(195) Allocated:         -                74M (4%)           88M (4%)           91M (4%)             -                  -          
[73.292s][info][gc,heap     ] GC(195)   Garbage:         -               712M (35%)         342M (17%)          38M (2%)             -                  -          
[73.292s][info][gc,heap     ] GC(195) Reclaimed:         -                  -               370M (18%)         673M (33%)            -                  -          
[73.292s][info][gc          ] GC(195) Garbage Collection (Allocation Rate) 908M(44%)->326M(16%)
[73.530s][info][gc,start    ] GC(196) Garbage Collection (System.gc())
[73.530s][info][gc,task     ] GC(196) Using 2 workers
[73.530s][info][gc,phases   ] GC(196) Pause Mark Start 0.012ms
[73.583s][info][gc,phases   ] GC(196) Concurrent Mark 52.514ms
[73.583s][info][gc,phases   ] GC(196) Pause Mark End 0.030ms
[73.583s][info][gc,phases   ] GC(196) Concurrent Mark Free 0.001ms
[73.601s][info][gc,phases   ] GC(196) Concurrent Process Non-Strong References 17.205ms
[73.601s][info][gc,phases   ] GC(196) Concurrent Reset Relocation Set 0.007ms
[73.602s][info][gc,phases   ] GC(196) Concurrent Select Relocation Set 1.457ms
[73.602s][info][gc,phases   ] GC(196) Pause Relocate Start 0.007ms
[73.605s][info][gc,phases   ] GC(196) Concurrent Relocate 2.449ms
[73.605s][info][gc,load     ] GC(196) Load: 0.00/0.00/0.00
[73.605s][info][gc,mmu      ] GC(196) MMU: 2ms/86.1%, 5ms/94.4%, 10ms/97.2%, 20ms/98.6%, 50ms/99.4%, 100ms/99.7%
[73.605s][info][gc,marking  ] GC(196) Mark: 2 stripe(s), 2 proactive flush(es), 1 terminate flush(es), 0 completion(s), 0 continuation(s) 
[73.605s][info][gc,marking  ] GC(196) Mark Stack Usage: 32M
[73.605s][info][gc,nmethod  ] GC(196) NMethods: 18622 registered, 3277 unregistered
[73.605s][info][gc,metaspace] GC(196) Metaspace: 155M used, 156M committed, 1216M reserved
[73.605s][info][gc,ref      ] GC(196) Soft: 3494 encountered, 0 discovered, 0 enqueued
[73.605s][info][gc,ref      ] GC(196) Weak: 16112 encountered, 4725 discovered, 988 enqueued
[73.605s][info][gc,ref      ] GC(196) Final: 52 encountered, 0 discovered, 0 enqueued
[73.605s][info][gc,ref      ] GC(196) Phantom: 600 encountered, 365 discovered, 0 enqueued
[73.605s][info][gc,reloc    ] GC(196) Small Pages: 118 / 236M, Empty: 4M, Relocated: 4M, In-Place: 0
[73.605s][info][gc,reloc    ] GC(196) Medium Pages: 7 / 224M, Empty: 128M, Relocated: 0M, In-Place: 0
[73.605s][info][gc,reloc    ] GC(196) Large Pages: 12 / 72M, Empty: 72M, Relocated: 0M, In-Place: 0
[73.605s][info][gc,reloc    ] GC(196) Forwarding Usage: 1M
[73.605s][info][gc,heap     ] GC(196) Min Capacity: 2048M(100%)
[73.605s][info][gc,heap     ] GC(196) Max Capacity: 2048M(100%)
[73.605s][info][gc,heap     ] GC(196) Soft Max Capacity: 2048M(100%)
[73.605s][info][gc,heap     ] GC(196)                Mark Start          Mark End        Relocate Start      Relocate End           High               Low         
[73.605s][info][gc,heap     ] GC(196)  Capacity:     2048M (100%)       2048M (100%)       2048M (100%)       2048M (100%)       2048M (100%)       2048M (100%)   
[73.605s][info][gc,heap     ] GC(196)      Free:     1516M (74%)        1514M (74%)        1708M (83%)        1864M (91%)        1866M (91%)        1504M (73%)    
[73.605s][info][gc,heap     ] GC(196)      Used:      532M (26%)         534M (26%)         340M (17%)         184M (9%)          544M (27%)         182M (9%)     
[73.605s][info][gc,heap     ] GC(196)      Live:         -               130M (6%)          130M (6%)          130M (6%)             -                  -          
[73.605s][info][gc,heap     ] GC(196) Allocated:         -                 2M (0%)           12M (1%)           17M (1%)             -                  -          
[73.605s][info][gc,heap     ] GC(196)   Garbage:         -               401M (20%)         197M (10%)          35M (2%)             -                  -          
[73.605s][info][gc,heap     ] GC(196) Reclaimed:         -                  -               204M (10%)         365M (18%)            -                  -          
[73.605s][info][gc          ] GC(196) Garbage Collection (System.gc()) 532M(26%)->184M(9%)
[73.915s][info][gc,start    ] GC(197) Garbage Collection (Allocation Rate)
[73.915s][info][gc,task     ] GC(197) Using 2 workers
[73.916s][info][gc,phases   ] GC(197) Pause Mark Start 0.010ms
[73.994s][info][gc,phases   ] GC(197) Concurrent Mark 77.780ms
[73.994s][info][gc,phases   ] GC(197) Pause Mark End 0.031ms
[73.994s][info][gc,phases   ] GC(197) Concurrent Mark Free 0.002ms
[74.027s][info][gc,phases   ] GC(197) Concurrent Process Non-Strong References 33.163ms
[74.027s][info][gc,phases   ] GC(197) Concurrent Reset Relocation Set 0.005ms
[74.027s][info][gc          ] Allocation Stall (Executor task launch worker for task 0.0 in stage 1337.0 (TID 5350)) 52.796ms
[74.027s][info][gc          ] Allocation Stall (Executor task launch worker for task 4.0 in stage 1337.0 (TID 5354)) 52.296ms
[74.027s][info][gc          ] Allocation Stall (Executor task launch worker for task 2.0 in stage 1337.0 (TID 5352)) 52.385ms
[74.027s][info][gc          ] Allocation Stall (Executor task launch worker for task 1.0 in stage 1337.0 (TID 5351)) 53.765ms
[74.027s][info][gc          ] Allocation Stall (Executor task launch worker for task 3.0 in stage 1337.0 (TID 5353)) 52.883ms
[74.033s][info][gc,phases   ] GC(197) Concurrent Select Relocation Set 5.563ms
[74.033s][info][gc,phases   ] GC(197) Pause Relocate Start 0.015ms
[74.058s][info][gc,phases   ] GC(197) Concurrent Relocate 24.711ms
[74.058s][info][gc,load     ] GC(197) Load: 0.00/0.00/0.00
[74.058s][info][gc,mmu      ] GC(197) MMU: 2ms/86.1%, 5ms/94.4%, 10ms/97.2%, 20ms/98.6%, 50ms/99.4%, 100ms/99.7%
[74.058s][info][gc,marking  ] GC(197) Mark: 2 stripe(s), 2 proactive flush(es), 1 terminate flush(es), 0 completion(s), 0 continuation(s) 
[74.058s][info][gc,marking  ] GC(197) Mark Stack Usage: 32M
[74.058s][info][gc,nmethod  ] GC(197) NMethods: 18647 registered, 3283 unregistered
[74.058s][info][gc,metaspace] GC(197) Metaspace: 155M used, 156M committed, 1216M reserved
[74.058s][info][gc,ref      ] GC(197) Soft: 3558 encountered, 0 discovered, 0 enqueued
[74.058s][info][gc,ref      ] GC(197) Weak: 15486 encountered, 4181 discovered, 229 enqueued
[74.058s][info][gc,ref      ] GC(197) Final: 52 encountered, 0 discovered, 0 enqueued
[74.058s][info][gc,ref      ] GC(197) Phantom: 600 encountered, 383 discovered, 0 enqueued
[74.058s][info][gc,reloc    ] GC(197) Small Pages: 751 / 1502M, Empty: 1138M, Relocated: 6M, In-Place: 0
[74.058s][info][gc,reloc    ] GC(197) Medium Pages: 8 / 256M, Empty: 0M, Relocated: 52M, In-Place: 0
[74.058s][info][gc,reloc    ] GC(197) Large Pages: 6 / 36M, Empty: 36M, Relocated: 0M, In-Place: 0
[74.058s][info][gc,reloc    ] GC(197) Forwarding Usage: 1M
[74.058s][info][gc,heap     ] GC(197) Min Capacity: 2048M(100%)
[74.058s][info][gc,heap     ] GC(197) Max Capacity: 2048M(100%)
[74.058s][info][gc,heap     ] GC(197) Soft Max Capacity: 2048M(100%)
[74.058s][info][gc,heap     ] GC(197)                Mark Start          Mark End        Relocate Start      Relocate End           High               Low         
[74.058s][info][gc,heap     ] GC(197)  Capacity:     2048M (100%)       2048M (100%)       2048M (100%)       2048M (100%)       2048M (100%)       2048M (100%)   
[74.058s][info][gc,heap     ] GC(197)      Free:      254M (12%)           0M (0%)         1130M (55%)        1410M (69%)        1424M (70%)           0M (0%)     
[74.058s][info][gc,heap     ] GC(197)      Used:     1794M (88%)        2048M (100%)        918M (45%)         638M (31%)        2048M (100%)        624M (30%)    
[74.058s][info][gc,heap     ] GC(197)      Live:         -               173M (8%)          173M (8%)          173M (8%)             -                  -          
[74.058s][info][gc,heap     ] GC(197) Allocated:         -               254M (12%)         298M (15%)         422M (21%)            -                  -          
[74.058s][info][gc,heap     ] GC(197)   Garbage:         -              1620M (79%)         446M (22%)          41M (2%)             -                  -          
[74.058s][info][gc,heap     ] GC(197) Reclaimed:         -                  -              1174M (57%)        1578M (77%)            -                  -          
[74.058s][info][gc          ] GC(197) Garbage Collection (Allocation Rate) 1794M(88%)->638M(31%)
[74.114s][info][gc,start    ] GC(198) Garbage Collection (Allocation Stall)
[74.114s][info][gc,ref      ] GC(198) Clearing All SoftReferences
[74.114s][info][gc,task     ] GC(198) Using 2 workers
[74.114s][info][gc,ref      ] GC(198) Clearing All SoftReferences
[74.114s][info][gc,phases   ] GC(198) Pause Mark Start 0.077ms
[74.164s][info][gc,phases   ] GC(198) Concurrent Mark 49.922ms
[74.164s][info][gc,phases   ] GC(198) Pause Mark End 0.028ms
[74.164s][info][gc,phases   ] GC(198) Concurrent Mark Free 0.001ms
[74.200s][info][gc,phases   ] GC(198) Concurrent Process Non-Strong References 36.008ms
[74.200s][info][gc,phases   ] GC(198) Concurrent Reset Relocation Set 0.009ms
[74.202s][info][gc,phases   ] GC(198) Concurrent Select Relocation Set 1.984ms
[74.203s][info][gc,phases   ] GC(198) Pause Relocate Start 0.010ms
[74.216s][info][gc,phases   ] GC(198) Concurrent Relocate 12.976ms
[74.216s][info][gc,load     ] GC(198) Load: 0.00/0.00/0.00
[74.216s][info][gc,mmu      ] GC(198) MMU: 2ms/86.1%, 5ms/94.4%, 10ms/97.2%, 20ms/98.6%, 50ms/99.4%, 100ms/99.7%
[74.216s][info][gc,marking  ] GC(198) Mark: 2 stripe(s), 2 proactive flush(es), 1 terminate flush(es), 0 completion(s), 0 continuation(s) 
[74.216s][info][gc,marking  ] GC(198) Mark Stack Usage: 32M
[74.216s][info][gc,nmethod  ] GC(198) NMethods: 18651 registered, 3286 unregistered
[74.216s][info][gc,metaspace] GC(198) Metaspace: 155M used, 156M committed, 1216M reserved
[74.216s][info][gc,ref      ] GC(198) Soft: 3492 encountered, 3116 discovered, 242 enqueued
[74.216s][info][gc,ref      ] GC(198) Weak: 15282 encountered, 2564 discovered, 196 enqueued
[74.216s][info][gc,ref      ] GC(198) Final: 52 encountered, 0 discovered, 0 enqueued
[74.216s][info][gc,ref      ] GC(198) Phantom: 600 encountered, 335 discovered, 0 enqueued
[74.216s][info][gc,reloc    ] GC(198) Small Pages: 235 / 470M, Empty: 262M, Relocated: 4M, In-Place: 0
[74.216s][info][gc,reloc    ] GC(198) Medium Pages: 8 / 256M, Empty: 0M, Relocated: 42M, In-Place: 0
[74.216s][info][gc,reloc    ] GC(198) Large Pages: 2 / 12M, Empty: 12M, Relocated: 0M, In-Place: 0
[74.216s][info][gc,reloc    ] GC(198) Forwarding Usage: 1M
[74.216s][info][gc,heap     ] GC(198) Min Capacity: 2048M(100%)
[74.216s][info][gc,heap     ] GC(198) Max Capacity: 2048M(100%)
[74.216s][info][gc,heap     ] GC(198) Soft Max Capacity: 2048M(100%)
[74.216s][info][gc,heap     ] GC(198)                Mark Start          Mark End        Relocate Start      Relocate End           High               Low         
[74.216s][info][gc,heap     ] GC(198)  Capacity:     2048M (100%)       2048M (100%)       2048M (100%)       2048M (100%)       2048M (100%)       2048M (100%)   
[74.216s][info][gc,heap     ] GC(198)      Free:     1310M (64%)        1244M (61%)        1482M (72%)        1704M (83%)        1704M (83%)        1212M (59%)    
[74.216s][info][gc,heap     ] GC(198)      Used:      738M (36%)         804M (39%)         566M (28%)         344M (17%)         836M (41%)         344M (17%)    
[74.216s][info][gc,heap     ] GC(198)      Live:         -               193M (9%)          193M (9%)          193M (9%)             -                  -          
[74.216s][info][gc,heap     ] GC(198) Allocated:         -                66M (3%)          102M (5%)          111M (5%)             -                  -          
[74.216s][info][gc,heap     ] GC(198)   Garbage:         -               544M (27%)         270M (13%)          38M (2%)             -                  -          
[74.216s][info][gc,heap     ] GC(198) Reclaimed:         -                  -               274M (13%)         505M (25%)            -                  -          
[74.216s][info][gc          ] GC(198) Garbage Collection (Allocation Stall) 738M(36%)->344M(17%)
[74.306s][info][gc,start    ] GC(199) Garbage Collection (Allocation Rate)
[74.306s][info][gc,task     ] GC(199) Using 2 workers
[74.306s][info][gc,phases   ] GC(199) Pause Mark Start 0.009ms
[74.365s][info][gc,phases   ] GC(199) Concurrent Mark 59.526ms
[74.366s][info][gc,phases   ] GC(199) Pause Mark End 0.060ms
[74.366s][info][gc,phases   ] GC(199) Concurrent Mark Free 0.001ms
[74.405s][info][gc,phases   ] GC(199) Concurrent Process Non-Strong References 39.636ms
[74.405s][info][gc,phases   ] GC(199) Concurrent Reset Relocation Set 0.006ms
[74.408s][info][gc,phases   ] GC(199) Concurrent Select Relocation Set 2.412ms
[74.408s][info][gc,phases   ] GC(199) Pause Relocate Start 0.010ms
[74.412s][info][gc,phases   ] GC(199) Concurrent Relocate 3.911ms
[74.412s][info][gc,load     ] GC(199) Load: 0.00/0.00/0.00
[74.412s][info][gc,mmu      ] GC(199) MMU: 2ms/86.1%, 5ms/94.4%, 10ms/97.2%, 20ms/98.6%, 50ms/99.4%, 100ms/99.7%
[74.412s][info][gc,marking  ] GC(199) Mark: 2 stripe(s), 2 proactive flush(es), 1 terminate flush(es), 1 completion(s), 0 continuation(s) 
[74.412s][info][gc,marking  ] GC(199) Mark Stack Usage: 32M
[74.412s][info][gc,nmethod  ] GC(199) NMethods: 18649 registered, 3295 unregistered
[74.412s][info][gc,metaspace] GC(199) Metaspace: 155M used, 156M committed, 1216M reserved
[74.412s][info][gc,ref      ] GC(199) Soft: 3278 encountered, 0 discovered, 0 enqueued
[74.412s][info][gc,ref      ] GC(199) Weak: 15495 encountered, 4314 discovered, 440 enqueued
[74.412s][info][gc,ref      ] GC(199) Final: 52 encountered, 0 discovered, 0 enqueued
[74.412s][info][gc,ref      ] GC(199) Phantom: 600 encountered, 394 discovered, 0 enqueued
[74.412s][info][gc,reloc    ] GC(199) Small Pages: 79 / 158M, Empty: 2M, Relocated: 6M, In-Place: 0
[74.412s][info][gc,reloc    ] GC(199) Medium Pages: 6 / 192M, Empty: 32M, Relocated: 0M, In-Place: 0
[74.412s][info][gc,reloc    ] GC(199) Large Pages: 10 / 60M, Empty: 60M, Relocated: 0M, In-Place: 0
[74.412s][info][gc,reloc    ] GC(199) Forwarding Usage: 2M
[74.412s][info][gc,heap     ] GC(199) Min Capacity: 2048M(100%)
[74.412s][info][gc,heap     ] GC(199) Max Capacity: 2048M(100%)
[74.412s][info][gc,heap     ] GC(199) Soft Max Capacity: 2048M(100%)
[74.412s][info][gc,heap     ] GC(199)                Mark Start          Mark End        Relocate Start      Relocate End           High               Low         
[74.412s][info][gc,heap     ] GC(199)  Capacity:     2048M (100%)       2048M (100%)       2048M (100%)       2048M (100%)       2048M (100%)       2048M (100%)   
[74.412s][info][gc,heap     ] GC(199)      Free:     1638M (80%)        1564M (76%)        1632M (80%)        1710M (83%)        1714M (84%)        1538M (75%)    
[74.412s][info][gc,heap     ] GC(199)      Used:      410M (20%)         484M (24%)         416M (20%)         338M (17%)         510M (25%)         334M (16%)    
[74.412s][info][gc,heap     ] GC(199)      Live:         -               194M (9%)          194M (9%)          194M (9%)             -                  -          
[74.412s][info][gc,heap     ] GC(199) Allocated:         -                74M (4%)          100M (5%)          105M (5%)             -                  -          
[74.412s][info][gc,heap     ] GC(199)   Garbage:         -               215M (11%)         121M (6%)           37M (2%)             -                  -          
[74.412s][info][gc,heap     ] GC(199) Reclaimed:         -                  -                94M (5%)          177M (9%)             -                  -          
[74.412s][info][gc          ] GC(199) Garbage Collection (Allocation Rate) 410M(20%)->338M(17%)
[74.413s][info][gc,start    ] GC(200) Garbage Collection (Allocation Rate)
[74.413s][info][gc,task     ] GC(200) Using 2 workers
[74.413s][info][gc,phases   ] GC(200) Pause Mark Start 0.007ms
[74.464s][info][gc,phases   ] GC(200) Concurrent Mark 50.753ms
[74.464s][info][gc,phases   ] GC(200) Pause Mark End 0.016ms
[74.464s][info][gc,phases   ] GC(200) Concurrent Mark Free 0.001ms
[74.482s][info][gc,phases   ] GC(200) Concurrent Process Non-Strong References 18.220ms
[74.482s][info][gc,phases   ] GC(200) Concurrent Reset Relocation Set 0.004ms
[74.484s][info][gc,phases   ] GC(200) Concurrent Select Relocation Set 2.081ms
[74.484s][info][gc,phases   ] GC(200) Pause Relocate Start 0.008ms
[74.486s][info][gc,phases   ] GC(200) Concurrent Relocate 1.768ms
[74.486s][info][gc,load     ] GC(200) Load: 0.00/0.00/0.00
[74.486s][info][gc,mmu      ] GC(200) MMU: 2ms/86.1%, 5ms/94.4%, 10ms/97.2%, 20ms/98.6%, 50ms/99.4%, 100ms/99.7%
[74.486s][info][gc,marking  ] GC(200) Mark: 2 stripe(s), 2 proactive flush(es), 1 terminate flush(es), 0 completion(s), 0 continuation(s) 
[74.486s][info][gc,marking  ] GC(200) Mark Stack Usage: 32M
[74.486s][info][gc,nmethod  ] GC(200) NMethods: 18649 registered, 3297 unregistered
[74.486s][info][gc,metaspace] GC(200) Metaspace: 155M used, 156M committed, 1216M reserved
[74.486s][info][gc,ref      ] GC(200) Soft: 3274 encountered, 0 discovered, 0 enqueued
[74.486s][info][gc,ref      ] GC(200) Weak: 15274 encountered, 7854 discovered, 152 enqueued
[74.486s][info][gc,ref      ] GC(200) Final: 52 encountered, 0 discovered, 0 enqueued
[74.486s][info][gc,ref      ] GC(200) Phantom: 600 encountered, 383 discovered, 0 enqueued
[74.486s][info][gc,reloc    ] GC(200) Small Pages: 63 / 126M, Empty: 0M, Relocated: 3M, In-Place: 0
[74.486s][info][gc,reloc    ] GC(200) Medium Pages: 6 / 192M, Empty: 32M, Relocated: 0M, In-Place: 0
[74.486s][info][gc,reloc    ] GC(200) Large Pages: 4 / 24M, Empty: 24M, Relocated: 0M, In-Place: 0
[74.486s][info][gc,reloc    ] GC(200) Forwarding Usage: 1M
[74.486s][info][gc,heap     ] GC(200) Min Capacity: 2048M(100%)
[74.486s][info][gc,heap     ] GC(200) Max Capacity: 2048M(100%)
[74.486s][info][gc,heap     ] GC(200) Soft Max Capacity: 2048M(100%)
[74.486s][info][gc,heap     ] GC(200)                Mark Start          Mark End        Relocate Start      Relocate End           High               Low         
[74.486s][info][gc,heap     ] GC(200)  Capacity:     2048M (100%)       2048M (100%)       2048M (100%)       2048M (100%)       2048M (100%)       2048M (100%)   
[74.487s][info][gc,heap     ] GC(200)      Free:     1706M (83%)        1622M (79%)        1660M (81%)        1712M (84%)        1712M (84%)        1604M (78%)    
[74.487s][info][gc,heap     ] GC(200)      Used:      342M (17%)         426M (21%)         388M (19%)         336M (16%)         444M (22%)         336M (16%)    
[74.487s][info][gc,heap     ] GC(200)      Live:         -               193M (9%)          193M (9%)          193M (9%)             -                  -          
[74.487s][info][gc,heap     ] GC(200) Allocated:         -                84M (4%)          102M (5%)          103M (5%)             -                  -          
[74.487s][info][gc,heap     ] GC(200)   Garbage:         -               148M (7%)           92M (5%)           38M (2%)             -                  -          
[74.487s][info][gc,heap     ] GC(200) Reclaimed:         -                  -                56M (3%)          109M (5%)             -                  -          
[74.487s][info][gc          ] GC(200) Garbage Collection (Allocation Rate) 342M(17%)->336M(16%)
[75.109s][info][gc,start    ] GC(201) Garbage Collection (Allocation Rate)
[75.109s][info][gc,task     ] GC(201) Using 2 workers
[75.109s][info][gc,phases   ] GC(201) Pause Mark Start 0.010ms
[75.174s][info][gc,phases   ] GC(201) Concurrent Mark 64.505ms
[75.174s][info][gc,phases   ] GC(201) Pause Mark End 0.071ms
[75.174s][info][gc,phases   ] GC(201) Concurrent Mark Free 0.001ms
[75.193s][info][gc,phases   ] GC(201) Concurrent Process Non-Strong References 18.220ms
[75.193s][info][gc,phases   ] GC(201) Concurrent Reset Relocation Set 0.003ms
[75.195s][info][gc,phases   ] GC(201) Concurrent Select Relocation Set 2.194ms
[75.195s][info][gc,phases   ] GC(201) Pause Relocate Start 0.010ms
[75.199s][info][gc,phases   ] GC(201) Concurrent Relocate 3.612ms
[75.199s][info][gc,load     ] GC(201) Load: 0.00/0.00/0.00
[75.199s][info][gc,mmu      ] GC(201) MMU: 2ms/86.1%, 5ms/94.4%, 10ms/97.2%, 20ms/98.6%, 50ms/99.4%, 100ms/99.7%
[75.199s][info][gc,marking  ] GC(201) Mark: 2 stripe(s), 2 proactive flush(es), 1 terminate flush(es), 1 completion(s), 0 continuation(s) 
[75.199s][info][gc,marking  ] GC(201) Mark Stack Usage: 32M
[75.199s][info][gc,nmethod  ] GC(201) NMethods: 18663 registered, 3311 unregistered
[75.199s][info][gc,metaspace] GC(201) Metaspace: 155M used, 156M committed, 1216M reserved
[75.199s][info][gc,ref      ] GC(201) Soft: 3274 encountered, 0 discovered, 0 enqueued
[75.199s][info][gc,ref      ] GC(201) Weak: 17033 encountered, 8704 discovered, 1888 enqueued
[75.199s][info][gc,ref      ] GC(201) Final: 52 encountered, 0 discovered, 0 enqueued
[75.199s][info][gc,ref      ] GC(201) Phantom: 600 encountered, 372 discovered, 0 enqueued
[75.199s][info][gc,reloc    ] GC(201) Small Pages: 190 / 380M, Empty: 8M, Relocated: 6M, In-Place: 0
[75.199s][info][gc,reloc    ] GC(201) Medium Pages: 9 / 288M, Empty: 128M, Relocated: 0M, In-Place: 0
[75.199s][info][gc,reloc    ] GC(201) Large Pages: 39 / 234M, Empty: 234M, Relocated: 0M, In-Place: 0
[75.199s][info][gc,reloc    ] GC(201) Forwarding Usage: 1M
[75.199s][info][gc,heap     ] GC(201) Min Capacity: 2048M(100%)
[75.199s][info][gc,heap     ] GC(201) Max Capacity: 2048M(100%)
[75.199s][info][gc,heap     ] GC(201) Soft Max Capacity: 2048M(100%)
[75.199s][info][gc,heap     ] GC(201)                Mark Start          Mark End        Relocate Start      Relocate End           High               Low         
[75.199s][info][gc,heap     ] GC(201)  Capacity:     2048M (100%)       2048M (100%)       2048M (100%)       2048M (100%)       2048M (100%)       2048M (100%)   
[75.199s][info][gc,heap     ] GC(201)      Free:     1146M (56%)        1064M (52%)        1414M (69%)        1700M (83%)        1708M (83%)        1044M (51%)    
[75.199s][info][gc,heap     ] GC(201)      Used:      902M (44%)         984M (48%)         634M (31%)         348M (17%)        1004M (49%)         340M (17%)    
[75.199s][info][gc,heap     ] GC(201)      Live:         -               195M (10%)         195M (10%)         195M (10%)            -                  -          
[75.199s][info][gc,heap     ] GC(201) Allocated:         -                82M (4%)          102M (5%)          113M (6%)             -                  -          
[75.199s][info][gc,heap     ] GC(201)   Garbage:         -               706M (34%)         336M (16%)          38M (2%)             -                  -          
[75.199s][info][gc,heap     ] GC(201) Reclaimed:         -                  -               370M (18%)         667M (33%)            -                  -          
[75.199s][info][gc          ] GC(201) Garbage Collection (Allocation Rate) 902M(44%)->348M(17%)
[75.370s][info][gc,start    ] GC(202) Garbage Collection (System.gc())
[75.370s][info][gc,task     ] GC(202) Using 2 workers
[75.371s][info][gc,phases   ] GC(202) Pause Mark Start 0.009ms
[75.421s][info][gc,phases   ] GC(202) Concurrent Mark 50.480ms
[75.421s][info][gc,phases   ] GC(202) Pause Mark End 0.026ms
[75.421s][info][gc,phases   ] GC(202) Concurrent Mark Free 0.002ms
[75.442s][info][gc,phases   ] GC(202) Concurrent Process Non-Strong References 20.166ms
[75.442s][info][gc,phases   ] GC(202) Concurrent Reset Relocation Set 0.011ms
[75.444s][info][gc,phases   ] GC(202) Concurrent Select Relocation Set 2.688ms
[75.445s][info][gc,phases   ] GC(202) Pause Relocate Start 0.012ms
[75.449s][info][gc,phases   ] GC(202) Concurrent Relocate 4.424ms
[75.449s][info][gc,load     ] GC(202) Load: 0.00/0.00/0.00
[75.449s][info][gc,mmu      ] GC(202) MMU: 2ms/86.1%, 5ms/94.4%, 10ms/97.2%, 20ms/98.6%, 50ms/99.4%, 100ms/99.7%
[75.449s][info][gc,marking  ] GC(202) Mark: 2 stripe(s), 1 proactive flush(es), 1 terminate flush(es), 0 completion(s), 0 continuation(s) 
[75.449s][info][gc,marking  ] GC(202) Mark Stack Usage: 32M
[75.449s][info][gc,nmethod  ] GC(202) NMethods: 18667 registered, 3326 unregistered
[75.449s][info][gc,metaspace] GC(202) Metaspace: 155M used, 156M committed, 1216M reserved
[75.449s][info][gc,ref      ] GC(202) Soft: 3488 encountered, 0 discovered, 0 enqueued
[75.449s][info][gc,ref      ] GC(202) Weak: 15963 encountered, 6621 discovered, 842 enqueued
[75.449s][info][gc,ref      ] GC(202) Final: 52 encountered, 0 discovered, 0 enqueued
[75.449s][info][gc,ref      ] GC(202) Phantom: 600 encountered, 380 discovered, 0 enqueued
[75.449s][info][gc,reloc    ] GC(202) Small Pages: 107 / 214M, Empty: 0M, Relocated: 5M, In-Place: 0
[75.449s][info][gc,reloc    ] GC(202) Medium Pages: 6 / 192M, Empty: 64M, Relocated: 12M, In-Place: 0
[75.449s][info][gc,reloc    ] GC(202) Large Pages: 9 / 54M, Empty: 54M, Relocated: 0M, In-Place: 0
[75.449s][info][gc,reloc    ] GC(202) Forwarding Usage: 1M
[75.449s][info][gc,heap     ] GC(202) Min Capacity: 2048M(100%)
[75.449s][info][gc,heap     ] GC(202) Max Capacity: 2048M(100%)
[75.449s][info][gc,heap     ] GC(202) Soft Max Capacity: 2048M(100%)
[75.449s][info][gc,heap     ] GC(202)                Mark Start          Mark End        Relocate Start      Relocate End           High               Low         
[75.449s][info][gc,heap     ] GC(202)  Capacity:     2048M (100%)       2048M (100%)       2048M (100%)       2048M (100%)       2048M (100%)       2048M (100%)   
[75.449s][info][gc,heap     ] GC(202)      Free:     1588M (78%)        1588M (78%)        1690M (83%)        1854M (91%)        1858M (91%)        1580M (77%)    
[75.449s][info][gc,heap     ] GC(202)      Used:      460M (22%)         460M (22%)         358M (17%)         194M (9%)          468M (23%)         190M (9%)     
[75.449s][info][gc,heap     ] GC(202)      Live:         -               131M (6%)          131M (6%)          131M (6%)             -                  -          
[75.449s][info][gc,heap     ] GC(202) Allocated:         -                 0M (0%)           16M (1%)           25M (1%)             -                  -          
[75.449s][info][gc,heap     ] GC(202)   Garbage:         -               328M (16%)         210M (10%)          36M (2%)             -                  -          
[75.449s][info][gc,heap     ] GC(202) Reclaimed:         -                  -               118M (6%)          291M (14%)            -                  -          
[75.449s][info][gc          ] GC(202) Garbage Collection (System.gc()) 460M(22%)->194M(9%)
[75.707s][info][gc,start    ] GC(203) Garbage Collection (Allocation Rate)
[75.707s][info][gc,task     ] GC(203) Using 2 workers
[75.707s][info][gc,phases   ] GC(203) Pause Mark Start 0.010ms
[75.801s][info][gc,phases   ] GC(203) Concurrent Mark 93.584ms
[75.801s][info][gc,phases   ] GC(203) Pause Mark End 0.022ms
[75.801s][info][gc,phases   ] GC(203) Concurrent Mark Free 0.001ms
[75.841s][info][gc,phases   ] GC(203) Concurrent Process Non-Strong References 39.540ms
[75.841s][info][gc,phases   ] GC(203) Concurrent Reset Relocation Set 0.006ms
[75.841s][info][gc          ] Allocation Stall (Executor task launch worker for task 1.0 in stage 1383.0 (TID 5535)) 18.588ms
[75.841s][info][gc          ] Allocation Stall (Executor task launch worker for task 2.0 in stage 1383.0 (TID 5536)) 15.958ms
[75.841s][info][gc          ] Allocation Stall (Executor task launch worker for task 3.0 in stage 1383.0 (TID 5537)) 19.259ms
[75.841s][info][gc          ] Allocation Stall (Executor task launch worker for task 4.0 in stage 1383.0 (TID 5538)) 17.550ms
[75.841s][info][gc          ] Allocation Stall (Executor task launch worker for task 0.0 in stage 1383.0 (TID 5534)) 19.613ms
[75.845s][info][gc,phases   ] GC(203) Concurrent Select Relocation Set 4.042ms
[75.845s][info][gc,phases   ] GC(203) Pause Relocate Start 0.016ms
[75.861s][info][gc,phases   ] GC(203) Concurrent Relocate 15.614ms
[75.861s][info][gc,load     ] GC(203) Load: 0.00/0.00/0.00
[75.861s][info][gc,mmu      ] GC(203) MMU: 2ms/86.1%, 5ms/94.4%, 10ms/97.2%, 20ms/98.6%, 50ms/99.4%, 100ms/99.7%
[75.861s][info][gc,marking  ] GC(203) Mark: 2 stripe(s), 2 proactive flush(es), 1 terminate flush(es), 0 completion(s), 0 continuation(s) 
[75.861s][info][gc,marking  ] GC(203) Mark Stack Usage: 32M
[75.861s][info][gc,nmethod  ] GC(203) NMethods: 18675 registered, 3339 unregistered
[75.861s][info][gc,metaspace] GC(203) Metaspace: 155M used, 156M committed, 1216M reserved
[75.861s][info][gc,ref      ] GC(203) Soft: 3556 encountered, 0 discovered, 0 enqueued
[75.861s][info][gc,ref      ] GC(203) Weak: 15487 encountered, 2311 discovered, 207 enqueued
[75.861s][info][gc,ref      ] GC(203) Final: 52 encountered, 0 discovered, 0 enqueued
[75.861s][info][gc,ref      ] GC(203) Phantom: 600 encountered, 390 discovered, 0 enqueued
[75.861s][info][gc,reloc    ] GC(203) Small Pages: 589 / 1178M, Empty: 880M, Relocated: 10M, In-Place: 0
[75.861s][info][gc,reloc    ] GC(203) Medium Pages: 6 / 192M, Empty: 0M, Relocated: 17M, In-Place: 0
[75.861s][info][gc,reloc    ] GC(203) Large Pages: 6 / 36M, Empty: 36M, Relocated: 0M, In-Place: 0
[75.861s][info][gc,reloc    ] GC(203) Forwarding Usage: 1M
[75.861s][info][gc,heap     ] GC(203) Min Capacity: 2048M(100%)
[75.861s][info][gc,heap     ] GC(203) Max Capacity: 2048M(100%)
[75.861s][info][gc,heap     ] GC(203) Soft Max Capacity: 2048M(100%)
[75.861s][info][gc,heap     ] GC(203)                Mark Start          Mark End        Relocate Start      Relocate End           High               Low         
[75.861s][info][gc,heap     ] GC(203)  Capacity:     2048M (100%)       2048M (100%)       2048M (100%)       2048M (100%)       2048M (100%)       2048M (100%)   
[75.861s][info][gc,heap     ] GC(203)      Free:      642M (31%)          64M (3%)          884M (43%)        1090M (53%)        1100M (54%)           0M (0%)     
[75.861s][info][gc,heap     ] GC(203)      Used:     1406M (69%)        1984M (97%)        1164M (57%)         958M (47%)        2048M (100%)        948M (46%)    
[75.861s][info][gc,heap     ] GC(203)      Live:         -               156M (8%)          156M (8%)          156M (8%)             -                  -          
[75.861s][info][gc,heap     ] GC(203) Allocated:         -               578M (28%)         674M (33%)         749M (37%)            -                  -          
[75.861s][info][gc,heap     ] GC(203)   Garbage:         -              1249M (61%)         333M (16%)          52M (3%)             -                  -          
[75.861s][info][gc,heap     ] GC(203) Reclaimed:         -                  -               916M (45%)        1197M (58%)            -                  -          
[75.861s][info][gc          ] GC(203) Garbage Collection (Allocation Rate) 1406M(69%)->958M(47%)
[75.908s][info][gc,start    ] GC(204) Garbage Collection (Allocation Stall)
[75.908s][info][gc,ref      ] GC(204) Clearing All SoftReferences
[75.908s][info][gc,task     ] GC(204) Using 2 workers
[75.908s][info][gc,ref      ] GC(204) Clearing All SoftReferences
[75.908s][info][gc,phases   ] GC(204) Pause Mark Start 0.060ms
[75.959s][info][gc,phases   ] GC(204) Concurrent Mark 50.924ms
[75.959s][info][gc,phases   ] GC(204) Pause Mark End 0.030ms
[75.959s][info][gc,phases   ] GC(204) Concurrent Mark Free 0.001ms
[75.996s][info][gc,phases   ] GC(204) Concurrent Process Non-Strong References 36.990ms
[75.996s][info][gc,phases   ] GC(204) Concurrent Reset Relocation Set 0.010ms
[75.998s][info][gc,phases   ] GC(204) Concurrent Select Relocation Set 1.705ms
[75.998s][info][gc,phases   ] GC(204) Pause Relocate Start 0.007ms
[76.015s][info][gc,phases   ] GC(204) Concurrent Relocate 16.135ms
[76.015s][info][gc,load     ] GC(204) Load: 0.00/0.00/0.00
[76.015s][info][gc,mmu      ] GC(204) MMU: 2ms/86.1%, 5ms/94.4%, 10ms/97.2%, 20ms/98.6%, 50ms/99.4%, 100ms/99.7%
[76.015s][info][gc,marking  ] GC(204) Mark: 2 stripe(s), 2 proactive flush(es), 1 terminate flush(es), 0 completion(s), 0 continuation(s) 
[76.015s][info][gc,marking  ] GC(204) Mark Stack Usage: 32M
[76.015s][info][gc,nmethod  ] GC(204) NMethods: 18682 registered, 3341 unregistered
[76.015s][info][gc,metaspace] GC(204) Metaspace: 155M used, 156M committed, 1216M reserved
[76.015s][info][gc,ref      ] GC(204) Soft: 3490 encountered, 3054 discovered, 228 enqueued
[76.015s][info][gc,ref      ] GC(204) Weak: 15296 encountered, 4096 discovered, 54 enqueued
[76.015s][info][gc,ref      ] GC(204) Final: 52 encountered, 0 discovered, 0 enqueued
[76.015s][info][gc,ref      ] GC(204) Phantom: 600 encountered, 372 discovered, 0 enqueued
[76.015s][info][gc,reloc    ] GC(204) Small Pages: 394 / 788M, Empty: 496M, Relocated: 4M, In-Place: 0
[76.015s][info][gc,reloc    ] GC(204) Medium Pages: 10 / 320M, Empty: 0M, Relocated: 74M, In-Place: 0
[76.015s][info][gc,reloc    ] GC(204) Large Pages: 1 / 6M, Empty: 6M, Relocated: 0M, In-Place: 0
[76.015s][info][gc,reloc    ] GC(204) Forwarding Usage: 1M
[76.015s][info][gc,heap     ] GC(204) Min Capacity: 2048M(100%)
[76.015s][info][gc,heap     ] GC(204) Max Capacity: 2048M(100%)
[76.015s][info][gc,heap     ] GC(204) Soft Max Capacity: 2048M(100%)
[76.015s][info][gc,heap     ] GC(204)                Mark Start          Mark End        Relocate Start      Relocate End           High               Low         
[76.015s][info][gc,heap     ] GC(204)  Capacity:     2048M (100%)       2048M (100%)       2048M (100%)       2048M (100%)       2048M (100%)       2048M (100%)   
[76.015s][info][gc,heap     ] GC(204)      Free:      934M (46%)         860M (42%)        1342M (66%)        1714M (84%)        1714M (84%)         842M (41%)    
[76.015s][info][gc,heap     ] GC(204)      Used:     1114M (54%)        1188M (58%)         706M (34%)         334M (16%)        1206M (59%)         334M (16%)    
[76.015s][info][gc,heap     ] GC(204)      Live:         -               193M (9%)          193M (9%)          193M (9%)             -                  -          
[76.015s][info][gc,heap     ] GC(204) Allocated:         -                74M (4%)           94M (5%)          101M (5%)             -                  -          
[76.015s][info][gc,heap     ] GC(204)   Garbage:         -               920M (45%)         418M (20%)          39M (2%)             -                  -          
[76.015s][info][gc,heap     ] GC(204) Reclaimed:         -                  -               502M (25%)         881M (43%)            -                  -          
[76.015s][info][gc          ] GC(204) Garbage Collection (Allocation Stall) 1114M(54%)->334M(16%)
[76.112s][info][gc,start    ] GC(205) Garbage Collection (Allocation Rate)
[76.112s][info][gc,task     ] GC(205) Using 2 workers
[76.112s][info][gc,phases   ] GC(205) Pause Mark Start 0.007ms
[76.160s][info][gc,phases   ] GC(205) Concurrent Mark 48.130ms
[76.160s][info][gc,phases   ] GC(205) Pause Mark End 0.018ms
[76.160s][info][gc,phases   ] GC(205) Concurrent Mark Free 0.002ms
[76.194s][info][gc,phases   ] GC(205) Concurrent Process Non-Strong References 34.395ms
[76.194s][info][gc,phases   ] GC(205) Concurrent Reset Relocation Set 0.009ms
[76.197s][info][gc,phases   ] GC(205) Concurrent Select Relocation Set 2.396ms
[76.197s][info][gc,phases   ] GC(205) Pause Relocate Start 0.009ms
[76.201s][info][gc,phases   ] GC(205) Concurrent Relocate 3.977ms
[76.201s][info][gc,load     ] GC(205) Load: 0.00/0.00/0.00
[76.201s][info][gc,mmu      ] GC(205) MMU: 2ms/86.1%, 5ms/94.4%, 10ms/97.2%, 20ms/98.6%, 50ms/99.4%, 100ms/99.7%
[76.201s][info][gc,marking  ] GC(205) Mark: 2 stripe(s), 2 proactive flush(es), 1 terminate flush(es), 0 completion(s), 0 continuation(s) 
[76.201s][info][gc,marking  ] GC(205) Mark Stack Usage: 32M
[76.201s][info][gc,nmethod  ] GC(205) NMethods: 18682 registered, 3353 unregistered
[76.201s][info][gc,metaspace] GC(205) Metaspace: 155M used, 156M committed, 1216M reserved
[76.201s][info][gc,ref      ] GC(205) Soft: 3276 encountered, 0 discovered, 0 enqueued
[76.201s][info][gc,ref      ] GC(205) Weak: 15574 encountered, 4775 discovered, 593 enqueued
[76.201s][info][gc,ref      ] GC(205) Final: 52 encountered, 0 discovered, 0 enqueued
[76.201s][info][gc,ref      ] GC(205) Phantom: 600 encountered, 406 discovered, 0 enqueued
[76.201s][info][gc,reloc    ] GC(205) Small Pages: 77 / 154M, Empty: 0M, Relocated: 3M, In-Place: 0
[76.201s][info][gc,reloc    ] GC(205) Medium Pages: 6 / 192M, Empty: 0M, Relocated: 10M, In-Place: 0
[76.201s][info][gc,reloc    ] GC(205) Large Pages: 10 / 60M, Empty: 54M, Relocated: 0M, In-Place: 0
[76.201s][info][gc,reloc    ] GC(205) Forwarding Usage: 0M
[76.201s][info][gc,heap     ] GC(205) Min Capacity: 2048M(100%)
[76.201s][info][gc,heap     ] GC(205) Max Capacity: 2048M(100%)
[76.201s][info][gc,heap     ] GC(205) Soft Max Capacity: 2048M(100%)
[76.201s][info][gc,heap     ] GC(205)                Mark Start          Mark End        Relocate Start      Relocate End           High               Low         
[76.201s][info][gc,heap     ] GC(205)  Capacity:     2048M (100%)       2048M (100%)       2048M (100%)       2048M (100%)       2048M (100%)       2048M (100%)   
[76.201s][info][gc,heap     ] GC(205)      Free:     1642M (80%)        1564M (76%)        1592M (78%)        1704M (83%)        1704M (83%)        1538M (75%)    
[76.201s][info][gc,heap     ] GC(205)      Used:      406M (20%)         484M (24%)         456M (22%)         344M (17%)         510M (25%)         344M (17%)    
[76.201s][info][gc,heap     ] GC(205)      Live:         -               199M (10%)         199M (10%)         199M (10%)            -                  -          
[76.201s][info][gc,heap     ] GC(205) Allocated:         -                78M (4%)          104M (5%)          104M (5%)             -                  -          
[76.201s][info][gc,heap     ] GC(205)   Garbage:         -               206M (10%)         152M (7%)           39M (2%)             -                  -          
[76.201s][info][gc,heap     ] GC(205) Reclaimed:         -                  -                54M (3%)          166M (8%)             -                  -          
[76.201s][info][gc          ] GC(205) Garbage Collection (Allocation Rate) 406M(20%)->344M(17%)
[76.203s][info][gc,start    ] GC(206) Garbage Collection (Allocation Rate)
[76.204s][info][gc,task     ] GC(206) Using 2 workers
[76.204s][info][gc,phases   ] GC(206) Pause Mark Start 0.008ms
[76.250s][info][gc,phases   ] GC(206) Concurrent Mark 46.627ms
[76.250s][info][gc,phases   ] GC(206) Pause Mark End 0.055ms
[76.251s][info][gc,phases   ] GC(206) Concurrent Mark Free 0.001ms
[76.270s][info][gc,phases   ] GC(206) Concurrent Process Non-Strong References 19.282ms
[76.270s][info][gc,phases   ] GC(206) Concurrent Reset Relocation Set 0.004ms
[76.272s][info][gc,phases   ] GC(206) Concurrent Select Relocation Set 1.821ms
[76.272s][info][gc,phases   ] GC(206) Pause Relocate Start 0.007ms
[76.276s][info][gc,phases   ] GC(206) Concurrent Relocate 4.022ms
[76.276s][info][gc,load     ] GC(206) Load: 0.00/0.00/0.00
[76.276s][info][gc,mmu      ] GC(206) MMU: 2ms/86.1%, 5ms/94.4%, 10ms/97.2%, 20ms/98.6%, 50ms/99.4%, 100ms/99.7%
[76.276s][info][gc,marking  ] GC(206) Mark: 2 stripe(s), 3 proactive flush(es), 1 terminate flush(es), 1 completion(s), 0 continuation(s) 
[76.276s][info][gc,marking  ] GC(206) Mark Stack Usage: 32M
[76.276s][info][gc,nmethod  ] GC(206) NMethods: 18679 registered, 3357 unregistered
[76.276s][info][gc,metaspace] GC(206) Metaspace: 155M used, 156M committed, 1216M reserved
[76.276s][info][gc,ref      ] GC(206) Soft: 3281 encountered, 0 discovered, 0 enqueued
[76.276s][info][gc,ref      ] GC(206) Weak: 15201 encountered, 4426 discovered, 151 enqueued
[76.276s][info][gc,ref      ] GC(206) Final: 52 encountered, 0 discovered, 0 enqueued
[76.276s][info][gc,ref      ] GC(206) Phantom: 600 encountered, 507 discovered, 0 enqueued
[76.276s][info][gc,reloc    ] GC(206) Small Pages: 66 / 132M, Empty: 0M, Relocated: 3M, In-Place: 0
[76.276s][info][gc,reloc    ] GC(206) Medium Pages: 6 / 192M, Empty: 0M, Relocated: 11M, In-Place: 0
[76.276s][info][gc,reloc    ] GC(206) Large Pages: 5 / 30M, Empty: 30M, Relocated: 0M, In-Place: 0
[76.276s][info][gc,reloc    ] GC(206) Forwarding Usage: 0M
[76.276s][info][gc,heap     ] GC(206) Min Capacity: 2048M(100%)
[76.276s][info][gc,heap     ] GC(206) Max Capacity: 2048M(100%)
[76.276s][info][gc,heap     ] GC(206) Soft Max Capacity: 2048M(100%)
[76.276s][info][gc,heap     ] GC(206)                Mark Start          Mark End        Relocate Start      Relocate End           High               Low         
[76.276s][info][gc,heap     ] GC(206)  Capacity:     2048M (100%)       2048M (100%)       2048M (100%)       2048M (100%)       2048M (100%)       2048M (100%)   
[76.276s][info][gc,heap     ] GC(206)      Free:     1694M (83%)        1620M (79%)        1628M (79%)        1714M (84%)        1714M (84%)        1596M (78%)    
[76.276s][info][gc,heap     ] GC(206)      Used:      354M (17%)         428M (21%)         420M (21%)         334M (16%)         452M (22%)         334M (16%)    
[76.276s][info][gc,heap     ] GC(206)      Live:         -               194M (10%)         194M (10%)         194M (10%)            -                  -          
[76.276s][info][gc,heap     ] GC(206) Allocated:         -                74M (4%)           96M (5%)          101M (5%)             -                  -          
[76.276s][info][gc,heap     ] GC(206)   Garbage:         -               159M (8%)          129M (6%)           37M (2%)             -                  -          
[76.276s][info][gc,heap     ] GC(206) Reclaimed:         -                  -                30M (1%)          121M (6%)             -                  -          
[76.276s][info][gc          ] GC(206) Garbage Collection (Allocation Rate) 354M(17%)->334M(16%)
[76.312s][info][gc,start    ] GC(207) Garbage Collection (Allocation Rate)
[76.312s][info][gc,task     ] GC(207) Using 2 workers
[76.312s][info][gc,phases   ] GC(207) Pause Mark Start 0.010ms
[76.363s][info][gc,phases   ] GC(207) Concurrent Mark 50.945ms
[76.363s][info][gc,phases   ] GC(207) Pause Mark End 0.048ms
[76.363s][info][gc,phases   ] GC(207) Concurrent Mark Free 0.001ms
[76.383s][info][gc,phases   ] GC(207) Concurrent Process Non-Strong References 19.877ms
[76.383s][info][gc,phases   ] GC(207) Concurrent Reset Relocation Set 0.005ms
[76.386s][info][gc,phases   ] GC(207) Concurrent Select Relocation Set 2.812ms
[76.386s][info][gc,phases   ] GC(207) Pause Relocate Start 0.012ms
[76.388s][info][gc,phases   ] GC(207) Concurrent Relocate 1.832ms
[76.388s][info][gc,load     ] GC(207) Load: 0.00/0.00/0.00
[76.388s][info][gc,mmu      ] GC(207) MMU: 2ms/86.1%, 5ms/94.4%, 10ms/97.2%, 20ms/98.6%, 50ms/99.4%, 100ms/99.7%
[76.388s][info][gc,marking  ] GC(207) Mark: 2 stripe(s), 2 proactive flush(es), 1 terminate flush(es), 1 completion(s), 0 continuation(s) 
[76.388s][info][gc,marking  ] GC(207) Mark Stack Usage: 32M
[76.388s][info][gc,nmethod  ] GC(207) NMethods: 18685 registered, 3359 unregistered
[76.388s][info][gc,metaspace] GC(207) Metaspace: 155M used, 156M committed, 1216M reserved
[76.388s][info][gc,ref      ] GC(207) Soft: 3277 encountered, 0 discovered, 0 enqueued
[76.388s][info][gc,ref      ] GC(207) Weak: 15275 encountered, 5833 discovered, 295 enqueued
[76.388s][info][gc,ref      ] GC(207) Final: 52 encountered, 0 discovered, 0 enqueued
[76.388s][info][gc,ref      ] GC(207) Phantom: 600 encountered, 368 discovered, 0 enqueued
[76.388s][info][gc,reloc    ] GC(207) Small Pages: 66 / 132M, Empty: 2M, Relocated: 3M, In-Place: 0
[76.388s][info][gc,reloc    ] GC(207) Medium Pages: 6 / 192M, Empty: 32M, Relocated: 0M, In-Place: 0
[76.388s][info][gc,reloc    ] GC(207) Large Pages: 5 / 30M, Empty: 30M, Relocated: 0M, In-Place: 0
[76.388s][info][gc,reloc    ] GC(207) Forwarding Usage: 1M
[76.388s][info][gc,heap     ] GC(207) Min Capacity: 2048M(100%)
[76.388s][info][gc,heap     ] GC(207) Max Capacity: 2048M(100%)
[76.388s][info][gc,heap     ] GC(207) Soft Max Capacity: 2048M(100%)
[76.388s][info][gc,heap     ] GC(207)                Mark Start          Mark End        Relocate Start      Relocate End           High               Low         
[76.388s][info][gc,heap     ] GC(207)  Capacity:     2048M (100%)       2048M (100%)       2048M (100%)       2048M (100%)       2048M (100%)       2048M (100%)   
[76.388s][info][gc,heap     ] GC(207)      Free:     1694M (83%)        1616M (79%)        1654M (81%)        1710M (83%)        1710M (83%)        1590M (78%)    
[76.388s][info][gc,heap     ] GC(207)      Used:      354M (17%)         432M (21%)         394M (19%)         338M (17%)         458M (22%)         338M (17%)    
[76.388s][info][gc,heap     ] GC(207)      Live:         -               193M (9%)          193M (9%)          193M (9%)             -                  -          
[76.388s][info][gc,heap     ] GC(207) Allocated:         -                78M (4%)          104M (5%)          105M (5%)             -                  -          
[76.388s][info][gc,heap     ] GC(207)   Garbage:         -               160M (8%)           96M (5%)           38M (2%)             -                  -          
[76.388s][info][gc,heap     ] GC(207) Reclaimed:         -                  -                64M (3%)          121M (6%)             -                  -          
[76.388s][info][gc          ] GC(207) Garbage Collection (Allocation Rate) 354M(17%)->338M(17%)
[77.009s][info][gc,start    ] GC(208) Garbage Collection (Allocation Rate)
[77.009s][info][gc,task     ] GC(208) Using 2 workers
[77.010s][info][gc,phases   ] GC(208) Pause Mark Start 0.016ms
[77.076s][info][gc,phases   ] GC(208) Concurrent Mark 66.022ms
[77.076s][info][gc,phases   ] GC(208) Pause Mark End 0.088ms
[77.076s][info][gc,phases   ] GC(208) Concurrent Mark Free 0.002ms
[77.096s][info][gc,phases   ] GC(208) Concurrent Process Non-Strong References 19.978ms
[77.096s][info][gc,phases   ] GC(208) Concurrent Reset Relocation Set 0.003ms
[77.099s][info][gc,phases   ] GC(208) Concurrent Select Relocation Set 2.420ms
[77.099s][info][gc,phases   ] GC(208) Pause Relocate Start 0.013ms
[77.102s][info][gc,phases   ] GC(208) Concurrent Relocate 3.017ms
[77.102s][info][gc,load     ] GC(208) Load: 0.00/0.00/0.00
[77.102s][info][gc,mmu      ] GC(208) MMU: 2ms/86.1%, 5ms/94.4%, 10ms/97.2%, 20ms/98.6%, 50ms/99.4%, 100ms/99.7%
[77.102s][info][gc,marking  ] GC(208) Mark: 2 stripe(s), 2 proactive flush(es), 1 terminate flush(es), 1 completion(s), 0 continuation(s) 
[77.102s][info][gc,marking  ] GC(208) Mark Stack Usage: 32M
[77.102s][info][gc,nmethod  ] GC(208) NMethods: 18682 registered, 3395 unregistered
[77.102s][info][gc,metaspace] GC(208) Metaspace: 155M used, 156M committed, 1216M reserved
[77.102s][info][gc,ref      ] GC(208) Soft: 3279 encountered, 0 discovered, 0 enqueued
[77.102s][info][gc,ref      ] GC(208) Weak: 16889 encountered, 5686 discovered, 1745 enqueued
[77.102s][info][gc,ref      ] GC(208) Final: 52 encountered, 0 discovered, 0 enqueued
[77.102s][info][gc,ref      ] GC(208) Phantom: 600 encountered, 381 discovered, 0 enqueued
[77.102s][info][gc,reloc    ] GC(208) Small Pages: 188 / 376M, Empty: 10M, Relocated: 6M, In-Place: 0
[77.102s][info][gc,reloc    ] GC(208) Medium Pages: 9 / 288M, Empty: 128M, Relocated: 0M, In-Place: 0
[77.102s][info][gc,reloc    ] GC(208) Large Pages: 38 / 228M, Empty: 228M, Relocated: 0M, In-Place: 0
[77.102s][info][gc,reloc    ] GC(208) Forwarding Usage: 1M
[77.102s][info][gc,heap     ] GC(208) Min Capacity: 2048M(100%)
[77.102s][info][gc,heap     ] GC(208) Max Capacity: 2048M(100%)
[77.102s][info][gc,heap     ] GC(208) Soft Max Capacity: 2048M(100%)
[77.102s][info][gc,heap     ] GC(208)                Mark Start          Mark End        Relocate Start      Relocate End           High               Low         
[77.102s][info][gc,heap     ] GC(208)  Capacity:     2048M (100%)       2048M (100%)       2048M (100%)       2048M (100%)       2048M (100%)       2048M (100%)   
[77.102s][info][gc,heap     ] GC(208)      Free:     1156M (56%)        1074M (52%)        1424M (70%)        1708M (83%)        1710M (83%)        1058M (52%)    
[77.102s][info][gc,heap     ] GC(208)      Used:      892M (44%)         974M (48%)         624M (30%)         340M (17%)         990M (48%)         338M (17%)    
[77.102s][info][gc,heap     ] GC(208)      Live:         -               195M (10%)         195M (10%)         195M (10%)            -                  -          
[77.102s][info][gc,heap     ] GC(208) Allocated:         -                82M (4%)           98M (5%)          103M (5%)             -                  -          
[77.102s][info][gc,heap     ] GC(208)   Garbage:         -               696M (34%)         330M (16%)          40M (2%)             -                  -          
[77.102s][info][gc,heap     ] GC(208) Reclaimed:         -                  -               366M (18%)         655M (32%)            -                  -          
[77.102s][info][gc          ] GC(208) Garbage Collection (Allocation Rate) 892M(44%)->340M(17%)
[77.220s][info][gc,start    ] GC(209) Garbage Collection (System.gc())
[77.220s][info][gc,task     ] GC(209) Using 2 workers
[77.220s][info][gc,phases   ] GC(209) Pause Mark Start 0.007ms
[77.264s][info][gc,phases   ] GC(209) Concurrent Mark 44.720ms
[77.265s][info][gc,phases   ] GC(209) Pause Mark End 0.015ms
[77.265s][info][gc,phases   ] GC(209) Concurrent Mark Free 0.002ms
[77.282s][info][gc,phases   ] GC(209) Concurrent Process Non-Strong References 17.587ms
[77.282s][info][gc,phases   ] GC(209) Concurrent Reset Relocation Set 0.014ms
[77.285s][info][gc,phases   ] GC(209) Concurrent Select Relocation Set 2.126ms
[77.285s][info][gc,phases   ] GC(209) Pause Relocate Start 0.007ms
[77.289s][info][gc,phases   ] GC(209) Concurrent Relocate 4.395ms
[77.289s][info][gc,load     ] GC(209) Load: 0.00/0.00/0.00
[77.289s][info][gc,mmu      ] GC(209) MMU: 2ms/86.1%, 5ms/94.4%, 10ms/97.2%, 20ms/98.6%, 50ms/99.4%, 100ms/99.7%
[77.289s][info][gc,marking  ] GC(209) Mark: 2 stripe(s), 2 proactive flush(es), 1 terminate flush(es), 0 completion(s), 0 continuation(s) 
[77.289s][info][gc,marking  ] GC(209) Mark Stack Usage: 32M
[77.289s][info][gc,nmethod  ] GC(209) NMethods: 18712 registered, 3413 unregistered
[77.289s][info][gc,metaspace] GC(209) Metaspace: 155M used, 156M committed, 1216M reserved
[77.289s][info][gc,ref      ] GC(209) Soft: 3494 encountered, 0 discovered, 0 enqueued
[77.289s][info][gc,ref      ] GC(209) Weak: 15815 encountered, 6034 discovered, 697 enqueued
[77.289s][info][gc,ref      ] GC(209) Final: 52 encountered, 0 discovered, 0 enqueued
[77.289s][info][gc,ref      ] GC(209) Phantom: 600 encountered, 383 discovered, 0 enqueued
[77.289s][info][gc,reloc    ] GC(209) Small Pages: 97 / 194M, Empty: 2M, Relocated: 4M, In-Place: 0
[77.289s][info][gc,reloc    ] GC(209) Medium Pages: 6 / 192M, Empty: 64M, Relocated: 12M, In-Place: 0
[77.289s][info][gc,reloc    ] GC(209) Large Pages: 6 / 36M, Empty: 36M, Relocated: 0M, In-Place: 0
[77.289s][info][gc,reloc    ] GC(209) Forwarding Usage: 1M
[77.289s][info][gc,heap     ] GC(209) Min Capacity: 2048M(100%)
[77.289s][info][gc,heap     ] GC(209) Max Capacity: 2048M(100%)
[77.289s][info][gc,heap     ] GC(209) Soft Max Capacity: 2048M(100%)
[77.289s][info][gc,heap     ] GC(209)                Mark Start          Mark End        Relocate Start      Relocate End           High               Low         
[77.289s][info][gc,heap     ] GC(209)  Capacity:     2048M (100%)       2048M (100%)       2048M (100%)       2048M (100%)       2048M (100%)       2048M (100%)   
[77.289s][info][gc,heap     ] GC(209)      Free:     1626M (79%)        1624M (79%)        1716M (84%)        1858M (91%)        1860M (91%)        1614M (79%)    
[77.289s][info][gc,heap     ] GC(209)      Used:      422M (21%)         424M (21%)         332M (16%)         190M (9%)          434M (21%)         188M (9%)     
[77.289s][info][gc,heap     ] GC(209)      Live:         -               130M (6%)          130M (6%)          130M (6%)             -                  -          
[77.289s][info][gc,heap     ] GC(209) Allocated:         -                 2M (0%)           12M (1%)           21M (1%)             -                  -          
[77.289s][info][gc,heap     ] GC(209)   Garbage:         -               291M (14%)         189M (9%)           37M (2%)             -                  -          
[77.289s][info][gc,heap     ] GC(209) Reclaimed:         -                  -               102M (5%)          253M (12%)            -                  -          
[77.289s][info][gc          ] GC(209) Garbage Collection (System.gc()) 422M(21%)->190M(9%)
[77.617s][info][gc,start    ] GC(210) Garbage Collection (Allocation Rate)
[77.617s][info][gc,task     ] GC(210) Using 2 workers
[77.618s][info][gc,phases   ] GC(210) Pause Mark Start 0.012ms
[77.680s][info][gc,phases   ] GC(210) Concurrent Mark 62.132ms
[77.680s][info][gc,phases   ] GC(210) Pause Mark End 0.030ms
[77.680s][info][gc,phases   ] GC(210) Concurrent Mark Free 0.003ms
[77.698s][info][gc,phases   ] GC(210) Concurrent Process Non-Strong References 18.155ms
[77.698s][info][gc,phases   ] GC(210) Concurrent Reset Relocation Set 0.006ms
[77.698s][info][gc          ] Allocation Stall (Executor task launch worker for task 2.0 in stage 1429.0 (TID 5720)) 59.642ms
[77.698s][info][gc          ] Allocation Stall (Executor task launch worker for task 1.0 in stage 1429.0 (TID 5719)) 59.830ms
[77.699s][info][gc          ] Allocation Stall (Executor task launch worker for task 3.0 in stage 1429.0 (TID 5721)) 59.340ms
[77.699s][info][gc          ] Allocation Stall (Executor task launch worker for task 4.0 in stage 1429.0 (TID 5722)) 58.968ms
[77.699s][info][gc          ] Allocation Stall (Executor task launch worker for task 0.0 in stage 1429.0 (TID 5718)) 60.084ms
[77.702s][info][gc,phases   ] GC(210) Concurrent Select Relocation Set 3.893ms
[77.703s][info][gc,phases   ] GC(210) Pause Relocate Start 0.023ms
[77.726s][info][gc,phases   ] GC(210) Concurrent Relocate 23.022ms
[77.726s][info][gc,load     ] GC(210) Load: 0.00/0.00/0.00
[77.726s][info][gc,mmu      ] GC(210) MMU: 2ms/86.1%, 5ms/94.4%, 10ms/97.2%, 20ms/98.6%, 50ms/99.4%, 100ms/99.7%
[77.726s][info][gc,marking  ] GC(210) Mark: 2 stripe(s), 2 proactive flush(es), 1 terminate flush(es), 0 completion(s), 0 continuation(s) 
[77.726s][info][gc,marking  ] GC(210) Mark Stack Usage: 32M
[77.726s][info][gc,nmethod  ] GC(210) NMethods: 18762 registered, 3425 unregistered
[77.726s][info][gc,metaspace] GC(210) Metaspace: 155M used, 156M committed, 1216M reserved
[77.726s][info][gc,ref      ] GC(210) Soft: 3556 encountered, 0 discovered, 0 enqueued
[77.726s][info][gc,ref      ] GC(210) Weak: 15480 encountered, 5407 discovered, 225 enqueued
[77.726s][info][gc,ref      ] GC(210) Final: 52 encountered, 0 discovered, 0 enqueued
[77.726s][info][gc,ref      ] GC(210) Phantom: 600 encountered, 377 discovered, 0 enqueued
[77.726s][info][gc,reloc    ] GC(210) Small Pages: 812 / 1624M, Empty: 1208M, Relocated: 8M, In-Place: 0
[77.726s][info][gc,reloc    ] GC(210) Medium Pages: 9 / 288M, Empty: 0M, Relocated: 45M, In-Place: 0
[77.726s][info][gc,reloc    ] GC(210) Large Pages: 6 / 36M, Empty: 36M, Relocated: 0M, In-Place: 0
[77.726s][info][gc,reloc    ] GC(210) Forwarding Usage: 1M
[77.726s][info][gc,heap     ] GC(210) Min Capacity: 2048M(100%)
[77.726s][info][gc,heap     ] GC(210) Max Capacity: 2048M(100%)
[77.726s][info][gc,heap     ] GC(210) Soft Max Capacity: 2048M(100%)
[77.726s][info][gc,heap     ] GC(210)                Mark Start          Mark End        Relocate Start      Relocate End           High               Low         
[77.726s][info][gc,heap     ] GC(210)  Capacity:     2048M (100%)       2048M (100%)       2048M (100%)       2048M (100%)       2048M (100%)       2048M (100%)   
[77.726s][info][gc,heap     ] GC(210)      Free:      100M (5%)            0M (0%)         1216M (59%)        1602M (78%)        1604M (78%)           0M (0%)     
[77.726s][info][gc,heap     ] GC(210)      Used:     1948M (95%)        2048M (100%)        832M (41%)         446M (22%)        2048M (100%)        444M (22%)    
[77.726s][info][gc,heap     ] GC(210)      Live:         -               183M (9%)          183M (9%)          183M (9%)             -                  -          
[77.726s][info][gc,heap     ] GC(210) Allocated:         -               100M (5%)          128M (6%)          224M (11%)            -                  -          
[77.726s][info][gc,heap     ] GC(210)   Garbage:         -              1764M (86%)         520M (25%)          38M (2%)             -                  -          
[77.726s][info][gc,heap     ] GC(210) Reclaimed:         -                  -              1244M (61%)        1726M (84%)            -                  -          
[77.726s][info][gc          ] GC(210) Garbage Collection (Allocation Rate) 1948M(95%)->446M(22%)
[77.808s][info][gc,start    ] GC(211) Garbage Collection (Allocation Stall)
[77.808s][info][gc,ref      ] GC(211) Clearing All SoftReferences
[77.808s][info][gc,task     ] GC(211) Using 2 workers
[77.808s][info][gc,ref      ] GC(211) Clearing All SoftReferences
[77.808s][info][gc,phases   ] GC(211) Pause Mark Start 0.065ms
[77.854s][info][gc,phases   ] GC(211) Concurrent Mark 45.332ms
[77.854s][info][gc,phases   ] GC(211) Pause Mark End 0.029ms
[77.854s][info][gc,phases   ] GC(211) Concurrent Mark Free 0.002ms
[77.890s][info][gc,phases   ] GC(211) Concurrent Process Non-Strong References 36.350ms
[77.890s][info][gc,phases   ] GC(211) Concurrent Reset Relocation Set 0.011ms
[77.892s][info][gc,phases   ] GC(211) Concurrent Select Relocation Set 1.907ms
[77.892s][info][gc,phases   ] GC(211) Pause Relocate Start 0.009ms
[77.897s][info][gc,phases   ] GC(211) Concurrent Relocate 4.346ms
[77.897s][info][gc,load     ] GC(211) Load: 0.00/0.00/0.00
[77.897s][info][gc,mmu      ] GC(211) MMU: 2ms/86.1%, 5ms/94.4%, 10ms/97.2%, 20ms/98.6%, 50ms/99.4%, 100ms/99.7%
[77.897s][info][gc,marking  ] GC(211) Mark: 2 stripe(s), 2 proactive flush(es), 1 terminate flush(es), 0 completion(s), 0 continuation(s) 
[77.897s][info][gc,marking  ] GC(211) Mark Stack Usage: 32M
[77.897s][info][gc,nmethod  ] GC(211) NMethods: 18762 registered, 3429 unregistered
[77.897s][info][gc,metaspace] GC(211) Metaspace: 155M used, 156M committed, 1216M reserved
[77.897s][info][gc,ref      ] GC(211) Soft: 3489 encountered, 2377 discovered, 229 enqueued
[77.897s][info][gc,ref      ] GC(211) Weak: 15446 encountered, 6536 discovered, 200 enqueued
[77.897s][info][gc,ref      ] GC(211) Final: 52 encountered, 0 discovered, 0 enqueued
[77.897s][info][gc,ref      ] GC(211) Phantom: 600 encountered, 319 discovered, 0 enqueued
[77.897s][info][gc,reloc    ] GC(211) Small Pages: 177 / 354M, Empty: 156M, Relocated: 3M, In-Place: 0
[77.897s][info][gc,reloc    ] GC(211) Medium Pages: 7 / 224M, Empty: 0M, Relocated: 23M, In-Place: 0
[77.897s][info][gc,reloc    ] GC(211) Large Pages: 4 / 24M, Empty: 24M, Relocated: 0M, In-Place: 0
[77.897s][info][gc,reloc    ] GC(211) Forwarding Usage: 0M
[77.897s][info][gc,heap     ] GC(211) Min Capacity: 2048M(100%)
[77.897s][info][gc,heap     ] GC(211) Max Capacity: 2048M(100%)
[77.897s][info][gc,heap     ] GC(211) Soft Max Capacity: 2048M(100%)
[77.897s][info][gc,heap     ] GC(211)                Mark Start          Mark End        Relocate Start      Relocate End           High               Low         
[77.897s][info][gc,heap     ] GC(211)  Capacity:     2048M (100%)       2048M (100%)       2048M (100%)       2048M (100%)       2048M (100%)       2048M (100%)   
[77.897s][info][gc,heap     ] GC(211)      Free:     1446M (71%)        1374M (67%)        1540M (75%)        1722M (84%)        1722M (84%)        1364M (67%)    
[77.897s][info][gc,heap     ] GC(211)      Used:      602M (29%)         674M (33%)         508M (25%)         326M (16%)         684M (33%)         326M (16%)    
[77.897s][info][gc,heap     ] GC(211)      Live:         -               193M (9%)          193M (9%)          193M (9%)             -                  -          
[77.897s][info][gc,heap     ] GC(211) Allocated:         -                72M (4%)           86M (4%)           91M (4%)             -                  -          
[77.897s][info][gc,heap     ] GC(211)   Garbage:         -               408M (20%)         228M (11%)          40M (2%)             -                  -          
[77.897s][info][gc,heap     ] GC(211) Reclaimed:         -                  -               180M (9%)          367M (18%)            -                  -          
[77.897s][info][gc          ] GC(211) Garbage Collection (Allocation Stall) 602M(29%)->326M(16%)
[77.908s][info][gc,start    ] GC(212) Garbage Collection (Allocation Rate)
[77.909s][info][gc,task     ] GC(212) Using 2 workers
[77.909s][info][gc,phases   ] GC(212) Pause Mark Start 0.011ms
[77.964s][info][gc,phases   ] GC(212) Concurrent Mark 55.466ms
[77.964s][info][gc,phases   ] GC(212) Pause Mark End 0.056ms
[77.964s][info][gc,phases   ] GC(212) Concurrent Mark Free 0.001ms
[78.000s][info][gc,phases   ] GC(212) Concurrent Process Non-Strong References 35.468ms
[78.000s][info][gc,phases   ] GC(212) Concurrent Reset Relocation Set 0.005ms
[78.002s][info][gc,phases   ] GC(212) Concurrent Select Relocation Set 2.232ms
[78.002s][info][gc,phases   ] GC(212) Pause Relocate Start 0.009ms
[78.004s][info][gc,phases   ] GC(212) Concurrent Relocate 1.606ms
[78.004s][info][gc,load     ] GC(212) Load: 0.00/0.00/0.00
[78.004s][info][gc,mmu      ] GC(212) MMU: 2ms/86.1%, 5ms/94.4%, 10ms/97.2%, 20ms/98.6%, 50ms/99.4%, 100ms/99.7%
[78.004s][info][gc,marking  ] GC(212) Mark: 2 stripe(s), 2 proactive flush(es), 1 terminate flush(es), 1 completion(s), 0 continuation(s) 
[78.004s][info][gc,marking  ] GC(212) Mark Stack Usage: 32M
[78.004s][info][gc,nmethod  ] GC(212) NMethods: 18764 registered, 3429 unregistered
[78.004s][info][gc,metaspace] GC(212) Metaspace: 155M used, 156M committed, 1216M reserved
[78.004s][info][gc,ref      ] GC(212) Soft: 3266 encountered, 0 discovered, 0 enqueued
[78.004s][info][gc,ref      ] GC(212) Weak: 15106 encountered, 5777 discovered, 298 enqueued
[78.004s][info][gc,ref      ] GC(212) Final: 52 encountered, 0 discovered, 0 enqueued
[78.004s][info][gc,ref      ] GC(212) Phantom: 600 encountered, 372 discovered, 0 enqueued
[78.004s][info][gc,reloc    ] GC(212) Small Pages: 63 / 126M, Empty: 0M, Relocated: 3M, In-Place: 0
[78.004s][info][gc,reloc    ] GC(212) Medium Pages: 6 / 192M, Empty: 32M, Relocated: 0M, In-Place: 0
[78.004s][info][gc,reloc    ] GC(212) Large Pages: 4 / 24M, Empty: 24M, Relocated: 0M, In-Place: 0
[78.004s][info][gc,reloc    ] GC(212) Forwarding Usage: 0M
[78.004s][info][gc,heap     ] GC(212) Min Capacity: 2048M(100%)
[78.004s][info][gc,heap     ] GC(212) Max Capacity: 2048M(100%)
[78.004s][info][gc,heap     ] GC(212) Soft Max Capacity: 2048M(100%)
[78.004s][info][gc,heap     ] GC(212)                Mark Start          Mark End        Relocate Start      Relocate End           High               Low         
[78.004s][info][gc,heap     ] GC(212)  Capacity:     2048M (100%)       2048M (100%)       2048M (100%)       2048M (100%)       2048M (100%)       2048M (100%)   
[78.004s][info][gc,heap     ] GC(212)      Free:     1706M (83%)        1640M (80%)        1650M (81%)        1704M (83%)        1706M (83%)        1598M (78%)    
[78.004s][info][gc,heap     ] GC(212)      Used:      342M (17%)         408M (20%)         398M (19%)         344M (17%)         450M (22%)         342M (17%)    
[78.004s][info][gc,heap     ] GC(212)      Live:         -               193M (9%)          193M (9%)          193M (9%)             -                  -          
[78.004s][info][gc,heap     ] GC(212) Allocated:         -                66M (3%)          112M (5%)          111M (5%)             -                  -          
[78.004s][info][gc,heap     ] GC(212)   Garbage:         -               148M (7%)           92M (5%)           38M (2%)             -                  -          
[78.004s][info][gc,heap     ] GC(212) Reclaimed:         -                  -                56M (3%)          109M (5%)             -                  -          
[78.004s][info][gc          ] GC(212) Garbage Collection (Allocation Rate) 342M(17%)->344M(17%)
[78.007s][info][gc,start    ] GC(213) Garbage Collection (Allocation Rate)
[78.007s][info][gc,task     ] GC(213) Using 2 workers
[78.007s][info][gc,phases   ] GC(213) Pause Mark Start 0.010ms
[78.063s][info][gc,phases   ] GC(213) Concurrent Mark 56.072ms
[78.063s][info][gc,phases   ] GC(213) Pause Mark End 0.087ms
[78.063s][info][gc,phases   ] GC(213) Concurrent Mark Free 0.001ms
[78.080s][info][gc,phases   ] GC(213) Concurrent Process Non-Strong References 16.944ms
[78.081s][info][gc,phases   ] GC(213) Concurrent Reset Relocation Set 0.003ms
[78.082s][info][gc,phases   ] GC(213) Concurrent Select Relocation Set 1.685ms
[78.082s][info][gc,phases   ] GC(213) Pause Relocate Start 0.008ms
[78.084s][info][gc,phases   ] GC(213) Concurrent Relocate 1.741ms
[78.084s][info][gc,load     ] GC(213) Load: 0.00/0.00/0.00
[78.084s][info][gc,mmu      ] GC(213) MMU: 2ms/86.1%, 5ms/94.4%, 10ms/97.2%, 20ms/98.6%, 50ms/99.4%, 100ms/99.7%
[78.084s][info][gc,marking  ] GC(213) Mark: 2 stripe(s), 2 proactive flush(es), 1 terminate flush(es), 1 completion(s), 0 continuation(s) 
[78.084s][info][gc,marking  ] GC(213) Mark Stack Usage: 32M
[78.084s][info][gc,nmethod  ] GC(213) NMethods: 18763 registered, 3431 unregistered
[78.084s][info][gc,metaspace] GC(213) Metaspace: 155M used, 156M committed, 1216M reserved
[78.084s][info][gc,ref      ] GC(213) Soft: 3278 encountered, 0 discovered, 0 enqueued
[78.084s][info][gc,ref      ] GC(213) Weak: 15270 encountered, 5043 discovered, 152 enqueued
[78.084s][info][gc,ref      ] GC(213) Final: 52 encountered, 0 discovered, 0 enqueued
[78.084s][info][gc,ref      ] GC(213) Phantom: 600 encountered, 369 discovered, 0 enqueued
[78.084s][info][gc,reloc    ] GC(213) Small Pages: 62 / 124M, Empty: 0M, Relocated: 3M, In-Place: 0
[78.084s][info][gc,reloc    ] GC(213) Medium Pages: 6 / 192M, Empty: 32M, Relocated: 0M, In-Place: 0
[78.084s][info][gc,reloc    ] GC(213) Large Pages: 5 / 30M, Empty: 30M, Relocated: 0M, In-Place: 0
[78.084s][info][gc,reloc    ] GC(213) Forwarding Usage: 0M
[78.084s][info][gc,heap     ] GC(213) Min Capacity: 2048M(100%)
[78.084s][info][gc,heap     ] GC(213) Max Capacity: 2048M(100%)
[78.084s][info][gc,heap     ] GC(213) Soft Max Capacity: 2048M(100%)
[78.084s][info][gc,heap     ] GC(213)                Mark Start          Mark End        Relocate Start      Relocate End           High               Low         
[78.084s][info][gc,heap     ] GC(213)  Capacity:     2048M (100%)       2048M (100%)       2048M (100%)       2048M (100%)       2048M (100%)       2048M (100%)   
[78.084s][info][gc,heap     ] GC(213)      Free:     1702M (83%)        1620M (79%)        1678M (82%)        1730M (84%)        1730M (84%)        1616M (79%)    
[78.084s][info][gc,heap     ] GC(213)      Used:      346M (17%)         428M (21%)         370M (18%)         318M (16%)         432M (21%)         318M (16%)    
[78.084s][info][gc,heap     ] GC(213)      Live:         -               193M (9%)          193M (9%)          193M (9%)             -                  -          
[78.084s][info][gc,heap     ] GC(213) Allocated:         -                82M (4%)           86M (4%)           86M (4%)             -                  -          
[78.084s][info][gc,heap     ] GC(213)   Garbage:         -               152M (7%)           90M (4%)           38M (2%)             -                  -          
[78.084s][info][gc,heap     ] GC(213) Reclaimed:         -                  -                62M (3%)          114M (6%)             -                  -          
[78.084s][info][gc          ] GC(213) Garbage Collection (Allocation Rate) 346M(17%)->318M(16%)
[78.707s][info][gc,start    ] GC(214) Garbage Collection (Allocation Rate)
[78.707s][info][gc,task     ] GC(214) Using 2 workers
[78.707s][info][gc,phases   ] GC(214) Pause Mark Start 0.011ms
[78.773s][info][gc,phases   ] GC(214) Concurrent Mark 65.435ms
[78.773s][info][gc,phases   ] GC(214) Pause Mark End 0.081ms
[78.773s][info][gc,phases   ] GC(214) Concurrent Mark Free 0.001ms
[78.792s][info][gc,phases   ] GC(214) Concurrent Process Non-Strong References 18.468ms
[78.792s][info][gc,phases   ] GC(214) Concurrent Reset Relocation Set 0.004ms
[78.794s][info][gc,phases   ] GC(214) Concurrent Select Relocation Set 2.113ms
[78.794s][info][gc,phases   ] GC(214) Pause Relocate Start 0.007ms
[78.798s][info][gc,phases   ] GC(214) Concurrent Relocate 3.542ms
[78.798s][info][gc,load     ] GC(214) Load: 0.00/0.00/0.00
[78.798s][info][gc,mmu      ] GC(214) MMU: 2ms/86.1%, 5ms/94.4%, 10ms/97.2%, 20ms/98.6%, 50ms/99.4%, 100ms/99.7%
[78.798s][info][gc,marking  ] GC(214) Mark: 2 stripe(s), 2 proactive flush(es), 1 terminate flush(es), 1 completion(s), 0 continuation(s) 
[78.798s][info][gc,marking  ] GC(214) Mark Stack Usage: 32M
[78.798s][info][gc,nmethod  ] GC(214) NMethods: 18773 registered, 3433 unregistered
[78.798s][info][gc,metaspace] GC(214) Metaspace: 155M used, 156M committed, 1216M reserved
[78.798s][info][gc,ref      ] GC(214) Soft: 3278 encountered, 0 discovered, 0 enqueued
[78.798s][info][gc,ref      ] GC(214) Weak: 16884 encountered, 6604 discovered, 1743 enqueued
[78.798s][info][gc,ref      ] GC(214) Final: 52 encountered, 0 discovered, 0 enqueued
[78.798s][info][gc,ref      ] GC(214) Phantom: 600 encountered, 371 discovered, 0 enqueued
[78.798s][info][gc,reloc    ] GC(214) Small Pages: 180 / 360M, Empty: 4M, Relocated: 6M, In-Place: 0
[78.798s][info][gc,reloc    ] GC(214) Medium Pages: 9 / 288M, Empty: 128M, Relocated: 0M, In-Place: 0
[78.798s][info][gc,reloc    ] GC(214) Large Pages: 36 / 216M, Empty: 216M, Relocated: 0M, In-Place: 0
[78.798s][info][gc,reloc    ] GC(214) Forwarding Usage: 1M
[78.798s][info][gc,heap     ] GC(214) Min Capacity: 2048M(100%)
[78.798s][info][gc,heap     ] GC(214) Max Capacity: 2048M(100%)
[78.798s][info][gc,heap     ] GC(214) Soft Max Capacity: 2048M(100%)
[78.798s][info][gc,heap     ] GC(214)                Mark Start          Mark End        Relocate Start      Relocate End           High               Low         
[78.798s][info][gc,heap     ] GC(214)  Capacity:     2048M (100%)       2048M (100%)       2048M (100%)       2048M (100%)       2048M (100%)       2048M (100%)   
[78.798s][info][gc,heap     ] GC(214)      Free:     1184M (58%)        1104M (54%)        1422M (69%)        1696M (83%)        1702M (83%)        1082M (53%)    
[78.798s][info][gc,heap     ] GC(214)      Used:      864M (42%)         944M (46%)         626M (31%)         352M (17%)         966M (47%)         346M (17%)    
[78.798s][info][gc,heap     ] GC(214)      Live:         -               195M (10%)         195M (10%)         195M (10%)            -                  -          
[78.798s][info][gc,heap     ] GC(214) Allocated:         -                80M (4%)          110M (5%)          117M (6%)             -                  -          
[78.798s][info][gc,heap     ] GC(214)   Garbage:         -               668M (33%)         320M (16%)          38M (2%)             -                  -          
[78.798s][info][gc,heap     ] GC(214) Reclaimed:         -                  -               348M (17%)         629M (31%)            -                  -          
[78.798s][info][gc          ] GC(214) Garbage Collection (Allocation Rate) 864M(42%)->352M(17%)
[79.072s][info][gc,start    ] GC(215) Garbage Collection (System.gc())
[79.072s][info][gc,task     ] GC(215) Using 2 workers
[79.072s][info][gc,phases   ] GC(215) Pause Mark Start 0.010ms
[79.124s][info][gc,phases   ] GC(215) Concurrent Mark 51.529ms
[79.124s][info][gc,phases   ] GC(215) Pause Mark End 0.037ms
[79.124s][info][gc,phases   ] GC(215) Concurrent Mark Free 0.002ms
[79.142s][info][gc,phases   ] GC(215) Concurrent Process Non-Strong References 18.060ms
[79.142s][info][gc,phases   ] GC(215) Concurrent Reset Relocation Set 0.009ms
[79.144s][info][gc,phases   ] GC(215) Concurrent Select Relocation Set 2.284ms
[79.145s][info][gc,phases   ] GC(215) Pause Relocate Start 0.008ms
[79.148s][info][gc,phases   ] GC(215) Concurrent Relocate 2.985ms
[79.148s][info][gc,load     ] GC(215) Load: 0.00/0.00/0.00
[79.148s][info][gc,mmu      ] GC(215) MMU: 2ms/86.1%, 5ms/94.4%, 10ms/97.2%, 20ms/98.6%, 50ms/99.4%, 100ms/99.7%
[79.148s][info][gc,marking  ] GC(215) Mark: 2 stripe(s), 2 proactive flush(es), 1 terminate flush(es), 0 completion(s), 0 continuation(s) 
[79.148s][info][gc,marking  ] GC(215) Mark Stack Usage: 32M
[79.148s][info][gc,nmethod  ] GC(215) NMethods: 18887 registered, 3444 unregistered
[79.148s][info][gc,metaspace] GC(215) Metaspace: 155M used, 156M committed, 1216M reserved
[79.148s][info][gc,ref      ] GC(215) Soft: 3493 encountered, 0 discovered, 0 enqueued
[79.148s][info][gc,ref      ] GC(215) Weak: 16253 encountered, 6110 discovered, 1130 enqueued
[79.148s][info][gc,ref      ] GC(215) Final: 52 encountered, 0 discovered, 0 enqueued
[79.148s][info][gc,ref      ] GC(215) Phantom: 600 encountered, 352 discovered, 0 enqueued
[79.148s][info][gc,reloc    ] GC(215) Small Pages: 129 / 258M, Empty: 8M, Relocated: 5M, In-Place: 0
[79.148s][info][gc,reloc    ] GC(215) Medium Pages: 7 / 224M, Empty: 128M, Relocated: 0M, In-Place: 0
[79.148s][info][gc,reloc    ] GC(215) Large Pages: 15 / 90M, Empty: 90M, Relocated: 0M, In-Place: 0
[79.148s][info][gc,reloc    ] GC(215) Forwarding Usage: 1M
[79.148s][info][gc,heap     ] GC(215) Min Capacity: 2048M(100%)
[79.148s][info][gc,heap     ] GC(215) Max Capacity: 2048M(100%)
[79.148s][info][gc,heap     ] GC(215) Soft Max Capacity: 2048M(100%)
[79.148s][info][gc,heap     ] GC(215)                Mark Start          Mark End        Relocate Start      Relocate End           High               Low         
[79.148s][info][gc,heap     ] GC(215)  Capacity:     2048M (100%)       2048M (100%)       2048M (100%)       2048M (100%)       2048M (100%)       2048M (100%)   
[79.148s][info][gc,heap     ] GC(215)      Free:     1476M (72%)        1476M (72%)        1688M (82%)        1858M (91%)        1864M (91%)        1466M (72%)    
[79.148s][info][gc,heap     ] GC(215)      Used:      572M (28%)         572M (28%)         360M (18%)         190M (9%)          582M (28%)         184M (9%)     
[79.148s][info][gc,heap     ] GC(215)      Live:         -               131M (6%)          131M (6%)          131M (6%)             -                  -          
[79.148s][info][gc,heap     ] GC(215) Allocated:         -                 0M (0%)           14M (1%)           21M (1%)             -                  -          
[79.148s][info][gc,heap     ] GC(215)   Garbage:         -               440M (22%)         214M (10%)          36M (2%)             -                  -          
[79.148s][info][gc,heap     ] GC(215) Reclaimed:         -                  -               226M (11%)         403M (20%)            -                  -          
[79.148s][info][gc          ] GC(215) Garbage Collection (System.gc()) 572M(28%)->190M(9%)
[79.405s][info][gc,start    ] GC(216) Garbage Collection (Allocation Rate)
[79.405s][info][gc,task     ] GC(216) Using 2 workers
[79.405s][info][gc,phases   ] GC(216) Pause Mark Start 0.010ms
[79.483s][info][gc,phases   ] GC(216) Concurrent Mark 78.045ms
[79.483s][info][gc,phases   ] GC(216) Pause Mark End 0.050ms
[79.484s][info][gc,phases   ] GC(216) Concurrent Mark Free 0.003ms
[79.501s][info][gc,phases   ] GC(216) Concurrent Process Non-Strong References 17.645ms
[79.501s][info][gc,phases   ] GC(216) Concurrent Reset Relocation Set 0.006ms
[79.501s][info][gc          ] Allocation Stall (Executor task launch worker for task 2.0 in stage 1475.0 (TID 5904)) 22.770ms
[79.501s][info][gc          ] Allocation Stall (Executor task launch worker for task 1.0 in stage 1475.0 (TID 5903)) 21.806ms
[79.501s][info][gc          ] Allocation Stall (Executor task launch worker for task 3.0 in stage 1475.0 (TID 5905)) 21.957ms
[79.501s][info][gc          ] Allocation Stall (Executor task launch worker for task 4.0 in stage 1475.0 (TID 5906)) 22.348ms
[79.501s][info][gc          ] Allocation Stall (Executor task launch worker for task 0.0 in stage 1475.0 (TID 5902)) 21.834ms
[79.507s][info][gc,phases   ] GC(216) Concurrent Select Relocation Set 5.330ms
[79.507s][info][gc,phases   ] GC(216) Pause Relocate Start 0.009ms
[79.530s][info][gc,phases   ] GC(216) Concurrent Relocate 22.758ms
[79.530s][info][gc,load     ] GC(216) Load: 0.00/0.00/0.00
[79.530s][info][gc,mmu      ] GC(216) MMU: 2ms/86.1%, 5ms/94.4%, 10ms/97.2%, 20ms/98.6%, 50ms/99.4%, 100ms/99.7%
[79.530s][info][gc,marking  ] GC(216) Mark: 2 stripe(s), 2 proactive flush(es), 1 terminate flush(es), 0 completion(s), 0 continuation(s) 
[79.530s][info][gc,marking  ] GC(216) Mark Stack Usage: 32M
[79.530s][info][gc,nmethod  ] GC(216) NMethods: 18918 registered, 3450 unregistered
[79.530s][info][gc,metaspace] GC(216) Metaspace: 155M used, 156M committed, 1216M reserved
[79.530s][info][gc,ref      ] GC(216) Soft: 3555 encountered, 0 discovered, 0 enqueued
[79.530s][info][gc,ref      ] GC(216) Weak: 15489 encountered, 4120 discovered, 232 enqueued
[79.530s][info][gc,ref      ] GC(216) Final: 52 encountered, 0 discovered, 0 enqueued
[79.530s][info][gc,ref      ] GC(216) Phantom: 600 encountered, 356 discovered, 0 enqueued
[79.530s][info][gc,reloc    ] GC(216) Small Pages: 709 / 1418M, Empty: 1060M, Relocated: 6M, In-Place: 0
[79.530s][info][gc,reloc    ] GC(216) Medium Pages: 8 / 256M, Empty: 0M, Relocated: 49M, In-Place: 0
[79.530s][info][gc,reloc    ] GC(216) Large Pages: 6 / 36M, Empty: 36M, Relocated: 0M, In-Place: 0
[79.530s][info][gc,reloc    ] GC(216) Forwarding Usage: 0M
[79.530s][info][gc,heap     ] GC(216) Min Capacity: 2048M(100%)
[79.530s][info][gc,heap     ] GC(216) Max Capacity: 2048M(100%)
[79.530s][info][gc,heap     ] GC(216) Soft Max Capacity: 2048M(100%)
[79.530s][info][gc,heap     ] GC(216)                Mark Start          Mark End        Relocate Start      Relocate End           High               Low         
[79.530s][info][gc,heap     ] GC(216)  Capacity:     2048M (100%)       2048M (100%)       2048M (100%)       2048M (100%)       2048M (100%)       2048M (100%)   
[79.530s][info][gc,heap     ] GC(216)      Free:      338M (17%)           0M (0%)         1058M (52%)        1358M (66%)        1358M (66%)           0M (0%)     
[79.530s][info][gc,heap     ] GC(216)      Used:     1710M (83%)        2048M (100%)        990M (48%)         690M (34%)        2048M (100%)        690M (34%)    
[79.530s][info][gc,heap     ] GC(216)      Live:         -               172M (8%)          172M (8%)          172M (8%)             -                  -          
[79.530s][info][gc,heap     ] GC(216) Allocated:         -               338M (17%)         376M (18%)         478M (23%)            -                  -          
[79.530s][info][gc,heap     ] GC(216)   Garbage:         -              1537M (75%)         441M (22%)          38M (2%)             -                  -          
[79.530s][info][gc,heap     ] GC(216) Reclaimed:         -                  -              1096M (54%)        1498M (73%)            -                  -          
[79.530s][info][gc          ] GC(216) Garbage Collection (Allocation Rate) 1710M(83%)->690M(34%)
[79.611s][info][gc,start    ] GC(217) Garbage Collection (Allocation Stall)
[79.611s][info][gc,ref      ] GC(217) Clearing All SoftReferences
[79.611s][info][gc,task     ] GC(217) Using 2 workers
[79.611s][info][gc,ref      ] GC(217) Clearing All SoftReferences
[79.611s][info][gc,phases   ] GC(217) Pause Mark Start 0.064ms
[79.656s][info][gc,phases   ] GC(217) Concurrent Mark 45.039ms
[79.657s][info][gc,phases   ] GC(217) Pause Mark End 0.017ms
[79.657s][info][gc,phases   ] GC(217) Concurrent Mark Free 0.001ms
[79.694s][info][gc,phases   ] GC(217) Concurrent Process Non-Strong References 37.312ms
[79.694s][info][gc,phases   ] GC(217) Concurrent Reset Relocation Set 0.010ms
[79.697s][info][gc,phases   ] GC(217) Concurrent Select Relocation Set 2.683ms
[79.697s][info][gc,phases   ] GC(217) Pause Relocate Start 0.009ms
[79.706s][info][gc,phases   ] GC(217) Concurrent Relocate 9.118ms
[79.706s][info][gc,load     ] GC(217) Load: 0.00/0.00/0.00
[79.706s][info][gc,mmu      ] GC(217) MMU: 2ms/86.1%, 5ms/94.4%, 10ms/97.2%, 20ms/98.6%, 50ms/99.4%, 100ms/99.7%
[79.706s][info][gc,marking  ] GC(217) Mark: 2 stripe(s), 2 proactive flush(es), 1 terminate flush(es), 0 completion(s), 0 continuation(s) 
[79.706s][info][gc,marking  ] GC(217) Mark Stack Usage: 32M
[79.706s][info][gc,nmethod  ] GC(217) NMethods: 18919 registered, 3451 unregistered
[79.706s][info][gc,metaspace] GC(217) Metaspace: 155M used, 156M committed, 1216M reserved
[79.706s][info][gc,ref      ] GC(217) Soft: 3488 encountered, 3096 discovered, 228 enqueued
[79.706s][info][gc,ref      ] GC(217) Weak: 15448 encountered, 3802 discovered, 200 enqueued
[79.706s][info][gc,ref      ] GC(217) Final: 52 encountered, 0 discovered, 0 enqueued
[79.706s][info][gc,ref      ] GC(217) Phantom: 600 encountered, 372 discovered, 0 enqueued
[79.706s][info][gc,reloc    ] GC(217) Small Pages: 287 / 574M, Empty: 314M, Relocated: 4M, In-Place: 0
[79.706s][info][gc,reloc    ] GC(217) Medium Pages: 8 / 256M, Empty: 0M, Relocated: 47M, In-Place: 0
[79.706s][info][gc,reloc    ] GC(217) Large Pages: 4 / 24M, Empty: 24M, Relocated: 0M, In-Place: 0
[79.706s][info][gc,reloc    ] GC(217) Forwarding Usage: 1M
[79.706s][info][gc,heap     ] GC(217) Min Capacity: 2048M(100%)
[79.706s][info][gc,heap     ] GC(217) Max Capacity: 2048M(100%)
[79.706s][info][gc,heap     ] GC(217) Soft Max Capacity: 2048M(100%)
[79.706s][info][gc,heap     ] GC(217)                Mark Start          Mark End        Relocate Start      Relocate End           High               Low         
[79.706s][info][gc,heap     ] GC(217)  Capacity:     2048M (100%)       2048M (100%)       2048M (100%)       2048M (100%)       2048M (100%)       2048M (100%)   
[79.706s][info][gc,heap     ] GC(217)      Free:     1194M (58%)        1124M (55%)        1442M (70%)        1726M (84%)        1726M (84%)        1112M (54%)    
[79.706s][info][gc,heap     ] GC(217)      Used:      854M (42%)         924M (45%)         606M (30%)         322M (16%)         936M (46%)         322M (16%)    
[79.706s][info][gc,heap     ] GC(217)      Live:         -               193M (9%)          193M (9%)          193M (9%)             -                  -          
[79.706s][info][gc,heap     ] GC(217) Allocated:         -                70M (3%)           90M (4%)           89M (4%)             -                  -          
[79.706s][info][gc,heap     ] GC(217)   Garbage:         -               660M (32%)         322M (16%)          38M (2%)             -                  -          
[79.706s][info][gc,heap     ] GC(217) Reclaimed:         -                  -               338M (17%)         621M (30%)            -                  -          
[79.706s][info][gc          ] GC(217) Garbage Collection (Allocation Stall) 854M(42%)->322M(16%)
[79.711s][info][gc,start    ] GC(218) Garbage Collection (Allocation Rate)
[79.711s][info][gc,task     ] GC(218) Using 2 workers
[79.711s][info][gc,phases   ] GC(218) Pause Mark Start 0.013ms
[79.768s][info][gc,phases   ] GC(218) Concurrent Mark 57.264ms
[79.769s][info][gc,phases   ] GC(218) Pause Mark End 0.028ms
[79.769s][info][gc,phases   ] GC(218) Concurrent Mark Free 0.001ms
[79.806s][info][gc,phases   ] GC(218) Concurrent Process Non-Strong References 36.793ms
[79.806s][info][gc,phases   ] GC(218) Concurrent Reset Relocation Set 0.007ms
[79.808s][info][gc,phases   ] GC(218) Concurrent Select Relocation Set 1.984ms
[79.808s][info][gc,phases   ] GC(218) Pause Relocate Start 0.009ms
[79.809s][info][gc,phases   ] GC(218) Concurrent Relocate 1.017ms
[79.809s][info][gc,load     ] GC(218) Load: 0.00/0.00/0.00
[79.809s][info][gc,mmu      ] GC(218) MMU: 2ms/86.1%, 5ms/94.4%, 10ms/97.2%, 20ms/98.6%, 50ms/99.4%, 100ms/99.7%
[79.809s][info][gc,marking  ] GC(218) Mark: 2 stripe(s), 2 proactive flush(es), 1 terminate flush(es), 0 completion(s), 0 continuation(s) 
[79.809s][info][gc,marking  ] GC(218) Mark Stack Usage: 32M
[79.809s][info][gc,nmethod  ] GC(218) NMethods: 18922 registered, 3452 unregistered
[79.809s][info][gc,metaspace] GC(218) Metaspace: 155M used, 156M committed, 1216M reserved
[79.809s][info][gc,ref      ] GC(218) Soft: 3266 encountered, 0 discovered, 0 enqueued
[79.809s][info][gc,ref      ] GC(218) Weak: 14977 encountered, 6125 discovered, 298 enqueued
[79.809s][info][gc,ref      ] GC(218) Final: 52 encountered, 0 discovered, 0 enqueued
[79.809s][info][gc,ref      ] GC(218) Phantom: 600 encountered, 370 discovered, 0 enqueued
[79.809s][info][gc,reloc    ] GC(218) Small Pages: 57 / 114M, Empty: 0M, Relocated: 1M, In-Place: 0
[79.809s][info][gc,reloc    ] GC(218) Medium Pages: 6 / 192M, Empty: 32M, Relocated: 0M, In-Place: 0
[79.809s][info][gc,reloc    ] GC(218) Large Pages: 4 / 24M, Empty: 24M, Relocated: 0M, In-Place: 0
[79.809s][info][gc,reloc    ] GC(218) Forwarding Usage: 0M
[79.809s][info][gc,heap     ] GC(218) Min Capacity: 2048M(100%)
[79.809s][info][gc,heap     ] GC(218) Max Capacity: 2048M(100%)
[79.809s][info][gc,heap     ] GC(218) Soft Max Capacity: 2048M(100%)
[79.809s][info][gc,heap     ] GC(218)                Mark Start          Mark End        Relocate Start      Relocate End           High               Low         
[79.809s][info][gc,heap     ] GC(218)  Capacity:     2048M (100%)       2048M (100%)       2048M (100%)       2048M (100%)       2048M (100%)       2048M (100%)   
[79.809s][info][gc,heap     ] GC(218)      Free:     1718M (84%)        1648M (80%)        1652M (81%)        1692M (83%)        1718M (84%)        1596M (78%)    
[79.809s][info][gc,heap     ] GC(218)      Used:      330M (16%)         400M (20%)         396M (19%)         356M (17%)         452M (22%)         330M (16%)    
[79.809s][info][gc,heap     ] GC(218)      Live:         -               193M (9%)          193M (9%)          193M (9%)             -                  -          
[79.809s][info][gc,heap     ] GC(218) Allocated:         -                70M (3%)          122M (6%)          121M (6%)             -                  -          
[79.809s][info][gc,heap     ] GC(218)   Garbage:         -               136M (7%)           80M (4%)           40M (2%)             -                  -          
[79.809s][info][gc,heap     ] GC(218) Reclaimed:         -                  -                56M (3%)           95M (5%)             -                  -          
[79.809s][info][gc          ] GC(218) Garbage Collection (Allocation Rate) 330M(16%)->356M(17%)
[79.811s][info][gc,start    ] GC(219) Garbage Collection (Allocation Rate)
[79.811s][info][gc,task     ] GC(219) Using 2 workers
[79.811s][info][gc,phases   ] GC(219) Pause Mark Start 0.006ms
[79.873s][info][gc,phases   ] GC(219) Concurrent Mark 61.602ms
[79.873s][info][gc,phases   ] GC(219) Pause Mark End 0.074ms
[79.873s][info][gc,phases   ] GC(219) Concurrent Mark Free 0.001ms
[79.890s][info][gc,phases   ] GC(219) Concurrent Process Non-Strong References 17.186ms
[79.890s][info][gc,phases   ] GC(219) Concurrent Reset Relocation Set 0.003ms
[79.893s][info][gc,phases   ] GC(219) Concurrent Select Relocation Set 2.177ms
[79.893s][info][gc,phases   ] GC(219) Pause Relocate Start 0.012ms
[79.894s][info][gc,phases   ] GC(219) Concurrent Relocate 1.530ms
[79.894s][info][gc,load     ] GC(219) Load: 0.00/0.00/0.00
[79.894s][info][gc,mmu      ] GC(219) MMU: 2ms/86.1%, 5ms/94.4%, 10ms/97.2%, 20ms/98.6%, 50ms/99.4%, 100ms/99.7%
[79.894s][info][gc,marking  ] GC(219) Mark: 2 stripe(s), 2 proactive flush(es), 1 terminate flush(es), 1 completion(s), 0 continuation(s) 
[79.894s][info][gc,marking  ] GC(219) Mark Stack Usage: 32M
[79.894s][info][gc,nmethod  ] GC(219) NMethods: 18918 registered, 3456 unregistered
[79.894s][info][gc,metaspace] GC(219) Metaspace: 155M used, 156M committed, 1216M reserved
[79.894s][info][gc,ref      ] GC(219) Soft: 3278 encountered, 0 discovered, 0 enqueued
[79.894s][info][gc,ref      ] GC(219) Weak: 15274 encountered, 6017 discovered, 152 enqueued
[79.894s][info][gc,ref      ] GC(219) Final: 52 encountered, 0 discovered, 0 enqueued
[79.894s][info][gc,ref      ] GC(219) Phantom: 600 encountered, 347 discovered, 0 enqueued
[79.894s][info][gc,reloc    ] GC(219) Small Pages: 67 / 134M, Empty: 0M, Relocated: 3M, In-Place: 0
[79.894s][info][gc,reloc    ] GC(219) Medium Pages: 6 / 192M, Empty: 32M, Relocated: 0M, In-Place: 0
[79.894s][info][gc,reloc    ] GC(219) Large Pages: 5 / 30M, Empty: 30M, Relocated: 0M, In-Place: 0
[79.894s][info][gc,reloc    ] GC(219) Forwarding Usage: 1M
[79.894s][info][gc,heap     ] GC(219) Min Capacity: 2048M(100%)
[79.894s][info][gc,heap     ] GC(219) Max Capacity: 2048M(100%)
[79.894s][info][gc,heap     ] GC(219) Soft Max Capacity: 2048M(100%)
[79.894s][info][gc,heap     ] GC(219)                Mark Start          Mark End        Relocate Start      Relocate End           High               Low         
[79.894s][info][gc,heap     ] GC(219)  Capacity:     2048M (100%)       2048M (100%)       2048M (100%)       2048M (100%)       2048M (100%)       2048M (100%)   
[79.894s][info][gc,heap     ] GC(219)      Free:     1692M (83%)        1612M (79%)        1656M (81%)        1716M (84%)        1716M (84%)        1594M (78%)    
[79.894s][info][gc,heap     ] GC(219)      Used:      356M (17%)         436M (21%)         392M (19%)         332M (16%)         454M (22%)         332M (16%)    
[79.894s][info][gc,heap     ] GC(219)      Live:         -               193M (9%)          193M (9%)          193M (9%)             -                  -          
[79.895s][info][gc,heap     ] GC(219) Allocated:         -                80M (4%)           98M (5%)           99M (5%)             -                  -          
[79.895s][info][gc,heap     ] GC(219)   Garbage:         -               162M (8%)          100M (5%)           38M (2%)             -                  -          
[79.895s][info][gc,heap     ] GC(219) Reclaimed:         -                  -                62M (3%)          123M (6%)             -                  -          
[79.895s][info][gc          ] GC(219) Garbage Collection (Allocation Rate) 356M(17%)->332M(16%)
[79.904s][info][gc,start    ] GC(220) Garbage Collection (Allocation Rate)
[79.904s][info][gc,task     ] GC(220) Using 2 workers
[79.904s][info][gc,phases   ] GC(220) Pause Mark Start 0.011ms
[79.963s][info][gc,phases   ] GC(220) Concurrent Mark 59.104ms
[79.963s][info][gc,phases   ] GC(220) Pause Mark End 0.050ms
[79.963s][info][gc,phases   ] GC(220) Concurrent Mark Free 0.001ms
[79.983s][info][gc,phases   ] GC(220) Concurrent Process Non-Strong References 19.892ms
[79.983s][info][gc,phases   ] GC(220) Concurrent Reset Relocation Set 0.004ms
[79.985s][info][gc,phases   ] GC(220) Concurrent Select Relocation Set 2.050ms
[79.985s][info][gc,phases   ] GC(220) Pause Relocate Start 0.009ms
[79.987s][info][gc,phases   ] GC(220) Concurrent Relocate 1.323ms
[79.987s][info][gc,load     ] GC(220) Load: 0.00/0.00/0.00
[79.987s][info][gc,mmu      ] GC(220) MMU: 2ms/86.1%, 5ms/94.4%, 10ms/97.2%, 20ms/98.6%, 50ms/99.4%, 100ms/99.7%
[79.987s][info][gc,marking  ] GC(220) Mark: 2 stripe(s), 3 proactive flush(es), 1 terminate flush(es), 1 completion(s), 0 continuation(s) 
[79.987s][info][gc,marking  ] GC(220) Mark Stack Usage: 32M
[79.987s][info][gc,nmethod  ] GC(220) NMethods: 18919 registered, 3456 unregistered
[79.987s][info][gc,metaspace] GC(220) Metaspace: 155M used, 156M committed, 1216M reserved
[79.987s][info][gc,ref      ] GC(220) Soft: 3276 encountered, 0 discovered, 0 enqueued
[79.987s][info][gc,ref      ] GC(220) Weak: 15342 encountered, 5208 discovered, 292 enqueued
[79.987s][info][gc,ref      ] GC(220) Final: 52 encountered, 0 discovered, 0 enqueued
[79.987s][info][gc,ref      ] GC(220) Phantom: 600 encountered, 268 discovered, 0 enqueued
[79.987s][info][gc,reloc    ] GC(220) Small Pages: 61 / 122M, Empty: 0M, Relocated: 1M, In-Place: 0
[79.987s][info][gc,reloc    ] GC(220) Medium Pages: 6 / 192M, Empty: 32M, Relocated: 0M, In-Place: 0
[79.987s][info][gc,reloc    ] GC(220) Large Pages: 4 / 24M, Empty: 24M, Relocated: 0M, In-Place: 0
[79.987s][info][gc,reloc    ] GC(220) Forwarding Usage: 0M
[79.987s][info][gc,heap     ] GC(220) Min Capacity: 2048M(100%)
[79.987s][info][gc,heap     ] GC(220) Max Capacity: 2048M(100%)
[79.987s][info][gc,heap     ] GC(220) Soft Max Capacity: 2048M(100%)
[79.987s][info][gc,heap     ] GC(220)                Mark Start          Mark End        Relocate Start      Relocate End           High               Low         
[79.987s][info][gc,heap     ] GC(220)  Capacity:     2048M (100%)       2048M (100%)       2048M (100%)       2048M (100%)       2048M (100%)       2048M (100%)   
[79.987s][info][gc,heap     ] GC(220)      Free:     1710M (83%)        1622M (79%)        1654M (81%)        1702M (83%)        1710M (83%)        1598M (78%)    
[79.987s][info][gc,heap     ] GC(220)      Used:      338M (17%)         426M (21%)         394M (19%)         346M (17%)         450M (22%)         338M (17%)    
[79.987s][info][gc,heap     ] GC(220)      Live:         -               193M (9%)          193M (9%)          193M (9%)             -                  -          
[79.987s][info][gc,heap     ] GC(220) Allocated:         -                88M (4%)          112M (5%)          111M (5%)             -                  -          
[79.987s][info][gc,heap     ] GC(220)   Garbage:         -               144M (7%)           88M (4%)           40M (2%)             -                  -          
[79.987s][info][gc,heap     ] GC(220) Reclaimed:         -                  -                56M (3%)          103M (5%)             -                  -          
[79.987s][info][gc          ] GC(220) Garbage Collection (Allocation Rate) 338M(17%)->346M(17%)
[80.107s][info][gc,stats    ] === Garbage Collection Statistics =======================================================================================================================
[80.107s][info][gc,stats    ]                                                              Last 10s              Last 10m              Last 10h                Total
[80.107s][info][gc,stats    ]                                                              Avg / Max             Avg / Max             Avg / Max             Avg / Max
[80.107s][info][gc,stats    ]   Collector: Garbage Collection Cycle                     93.907 / 159.386      93.552 / 235.178      93.552 / 235.178      93.552 / 235.178     ms
[80.107s][info][gc,stats    ]  Contention: Mark Segment Reset Contention                     3 / 8                 2 / 51                2 / 51                2 / 51          ops/s
[80.107s][info][gc,stats    ]  Contention: Mark SeqNum Reset Contention                      0 / 2                 0 / 3                 0 / 3                 0 / 3           ops/s
[80.107s][info][gc,stats    ]    Critical: Allocation Stall                                  3 / 6                 2 / 8                 2 / 8                 2 / 8           ops/s
[80.107s][info][gc,stats    ]    Critical: Allocation Stall                             38.464 / 60.084       45.410 / 93.951       45.410 / 93.951       45.410 / 93.951      ms
[80.107s][info][gc,stats    ]    Critical: GC Locker Stall                                   0 / 2                 0 / 2                 0 / 2                 0 / 2           ops/s
[80.107s][info][gc,stats    ]    Critical: GC Locker Stall                               0.014 / 0.029         0.020 / 0.041         0.020 / 0.041         0.020 / 0.041       ms
[80.108s][info][gc,stats    ]    Critical: Relocation Stall                                  0 / 0                 0 / 0                 0 / 0                 0 / 0           ops/s
[80.108s][info][gc,stats    ]    Critical: Relocation Stall                              0.000 / 0.000         0.000 / 0.000         0.000 / 0.000         0.000 / 0.000       ms
[80.108s][info][gc,stats    ]      Memory: Allocation Rate                                1982 / 2822           1496 / 3030           1496 / 3030           1496 / 3030        MB/s
[80.108s][info][gc,stats    ]      Memory: Defragment                                       66 / 116              39 / 138              39 / 138              39 / 138         ops/s
[80.108s][info][gc,stats    ]      Memory: Out Of Memory                                     0 / 0                 0 / 0                 0 / 0                 0 / 0           ops/s
[80.108s][info][gc,stats    ]      Memory: Page Cache Flush                                291 / 424             184 / 434             184 / 434             184 / 434         MB/s
[80.108s][info][gc,stats    ]      Memory: Page Cache Hit L1                               684 / 1035            517 / 1168            517 / 1168            517 / 1168        ops/s
[80.108s][info][gc,stats    ]      Memory: Page Cache Hit L2                                 0 / 0                 0 / 0                 0 / 0                 0 / 0           ops/s
[80.108s][info][gc,stats    ]      Memory: Page Cache Hit L3                                59 / 92               49 / 265              49 / 265              49 / 265         ops/s
[80.108s][info][gc,stats    ]      Memory: Page Cache Miss                                   9 / 20                6 / 24                6 / 24                6 / 24          ops/s
[80.108s][info][gc,stats    ]      Memory: Uncommit                                          0 / 0                 0 / 0                 0 / 0                 0 / 0           MB/s
[80.108s][info][gc,stats    ]      Memory: Undo Object Allocation Failed                     0 / 2                 0 / 5                 0 / 5                 0 / 5           ops/s
[80.108s][info][gc,stats    ]      Memory: Undo Object Allocation Succeeded                  7 / 52               95 / 2789             95 / 2789             95 / 2789        ops/s
[80.108s][info][gc,stats    ]      Memory: Undo Page Allocation                              4 / 8                 3 / 12                3 / 12                3 / 12          ops/s
[80.108s][info][gc,stats    ]       Phase: Concurrent Mark                              58.349 / 109.416      59.152 / 160.845      59.152 / 160.845      59.152 / 160.845     ms
[80.108s][info][gc,stats    ]       Phase: Concurrent Mark Continue                      0.000 / 0.000         0.000 / 0.000         0.000 / 0.000         0.000 / 0.000       ms
[80.108s][info][gc,stats    ]       Phase: Concurrent Mark Free                          0.001 / 0.003         0.001 / 0.005         0.001 / 0.005         0.001 / 0.005       ms
[80.108s][info][gc,stats    ]       Phase: Concurrent Process Non-Strong References     25.093 / 39.636       23.315 / 63.816       23.315 / 63.816       23.315 / 63.816      ms
[80.108s][info][gc,stats    ]       Phase: Concurrent Relocate                           6.978 / 28.061        7.353 / 78.506        7.353 / 78.506        7.353 / 78.506      ms
[80.108s][info][gc,stats    ]       Phase: Concurrent Reset Relocation Set               0.006 / 0.014         0.006 / 0.023         0.006 / 0.023         0.006 / 0.023       ms
[80.108s][info][gc,stats    ]       Phase: Concurrent Select Relocation Set              2.529 / 5.563         2.484 / 6.265         2.484 / 6.265         2.484 / 6.265       ms
[80.108s][info][gc,stats    ]       Phase: Pause Mark End                                0.048 / 0.278         0.046 / 0.278         0.046 / 0.278         0.046 / 0.278       ms
[80.108s][info][gc,stats    ]       Phase: Pause Mark Start                              0.018 / 0.077         0.015 / 0.077         0.015 / 0.077         0.015 / 0.077       ms
[80.108s][info][gc,stats    ]       Phase: Pause Relocate Start                          0.010 / 0.023         0.011 / 0.086         0.011 / 0.086         0.011 / 0.086       ms
[80.108s][info][gc,stats    ]    Subphase: Concurrent Classes Purge                      0.095 / 0.363         0.155 / 2.002         0.155 / 2.002         0.155 / 2.002       ms
[80.108s][info][gc,stats    ]    Subphase: Concurrent Classes Unlink                    23.011 / 38.093       20.622 / 38.983       20.622 / 38.983       20.622 / 38.983      ms
[80.108s][info][gc,stats    ]    Subphase: Concurrent Mark                              49.296 / 101.393      49.375 / 147.243      49.375 / 147.243      49.375 / 147.243     ms
[80.108s][info][gc,stats    ]    Subphase: Concurrent Mark Try Flush                     0.332 / 17.775        0.649 / 29.293        0.649 / 29.293        0.649 / 29.293      ms
[80.108s][info][gc,stats    ]    Subphase: Concurrent Mark Try Terminate                 2.983 / 17.111        3.412 / 22.417        3.412 / 22.417        3.412 / 22.417      ms
[80.108s][info][gc,stats    ]    Subphase: Concurrent References Enqueue                 0.005 / 0.009         0.005 / 0.017         0.005 / 0.017         0.005 / 0.017       ms
[80.108s][info][gc,stats    ]    Subphase: Concurrent References Process                 0.560 / 1.040         0.523 / 1.136         0.523 / 1.136         0.523 / 1.136       ms
[80.108s][info][gc,stats    ]    Subphase: Concurrent Roots ClassLoaderDataGraph         0.209 / 0.489         0.202 / 0.556         0.202 / 0.556         0.202 / 0.556       ms
[80.108s][info][gc,stats    ]    Subphase: Concurrent Roots CodeCache                    0.000 / 0.000         0.000 / 0.000         0.000 / 0.000         0.000 / 0.000       ms
[80.108s][info][gc,stats    ]    Subphase: Concurrent Roots JavaThreads                  4.923 / 11.430        4.978 / 13.179        4.978 / 13.179        4.978 / 13.179      ms
[80.108s][info][gc,stats    ]    Subphase: Concurrent Roots OopStorageSet                0.067 / 0.099         0.066 / 0.210         0.066 / 0.210         0.066 / 0.210       ms
[80.108s][info][gc,stats    ]    Subphase: Concurrent Weak Roots OopStorageSet           0.965 / 1.555         0.999 / 2.044         0.999 / 2.044         0.999 / 2.044       ms
[80.108s][info][gc,stats    ]    Subphase: Pause Mark Try Complete                       0.016 / 0.182         0.015 / 0.182         0.015 / 0.182         0.015 / 0.182       ms
[80.108s][info][gc,stats    ]      System: Java Threads                                    284 / 285             267 / 286             267 / 286             267 / 286         threads
[80.108s][info][gc,stats    ] =========================================================================================================================================================
[80.407s][info][gc,start    ] GC(221) Garbage Collection (Allocation Rate)
[80.407s][info][gc,task     ] GC(221) Using 1 workers
[80.407s][info][gc,phases   ] GC(221) Pause Mark Start 0.012ms
[80.492s][info][gc,phases   ] GC(221) Concurrent Mark 84.516ms
[80.492s][info][gc,phases   ] GC(221) Pause Mark End 0.013ms
[80.492s][info][gc,phases   ] GC(221) Concurrent Mark Free 0.001ms
[80.530s][info][gc,phases   ] GC(221) Concurrent Process Non-Strong References 37.816ms
[80.530s][info][gc,phases   ] GC(221) Concurrent Reset Relocation Set 0.003ms
[80.533s][info][gc,phases   ] GC(221) Concurrent Select Relocation Set 2.488ms
[80.533s][info][gc,phases   ] GC(221) Pause Relocate Start 0.013ms
[80.537s][info][gc,phases   ] GC(221) Concurrent Relocate 4.113ms
[80.537s][info][gc,load     ] GC(221) Load: 0.00/0.00/0.00
[80.537s][info][gc,mmu      ] GC(221) MMU: 2ms/86.1%, 5ms/94.4%, 10ms/97.2%, 20ms/98.6%, 50ms/99.4%, 100ms/99.7%
[80.537s][info][gc,marking  ] GC(221) Mark: 1 stripe(s), 2 proactive flush(es), 1 terminate flush(es), 0 completion(s), 0 continuation(s) 
[80.537s][info][gc,marking  ] GC(221) Mark Stack Usage: 32M
[80.537s][info][gc,nmethod  ] GC(221) NMethods: 18925 registered, 3464 unregistered
[80.537s][info][gc,metaspace] GC(221) Metaspace: 155M used, 156M committed, 1216M reserved
[80.537s][info][gc,ref      ] GC(221) Soft: 3278 encountered, 0 discovered, 0 enqueued
[80.537s][info][gc,ref      ] GC(221) Weak: 16447 encountered, 4854 discovered, 1309 enqueued
[80.537s][info][gc,ref      ] GC(221) Final: 52 encountered, 0 discovered, 0 enqueued
[80.537s][info][gc,ref      ] GC(221) Phantom: 600 encountered, 435 discovered, 0 enqueued
[80.537s][info][gc,reloc    ] GC(221) Small Pages: 154 / 308M, Empty: 2M, Relocated: 4M, In-Place: 0
[80.537s][info][gc,reloc    ] GC(221) Medium Pages: 8 / 256M, Empty: 96M, Relocated: 0M, In-Place: 0
[80.537s][info][gc,reloc    ] GC(221) Large Pages: 29 / 174M, Empty: 174M, Relocated: 0M, In-Place: 0
[80.537s][info][gc,reloc    ] GC(221) Forwarding Usage: 1M
[80.537s][info][gc,heap     ] GC(221) Min Capacity: 2048M(100%)
[80.537s][info][gc,heap     ] GC(221) Max Capacity: 2048M(100%)
[80.537s][info][gc,heap     ] GC(221) Soft Max Capacity: 2048M(100%)
[80.537s][info][gc,heap     ] GC(221)                Mark Start          Mark End        Relocate Start      Relocate End           High               Low         
[80.537s][info][gc,heap     ] GC(221)  Capacity:     2048M (100%)       2048M (100%)       2048M (100%)       2048M (100%)       2048M (100%)       2048M (100%)   
[80.537s][info][gc,heap     ] GC(221)      Free:     1310M (64%)        1216M (59%)        1454M (71%)        1676M (82%)        1682M (82%)        1184M (58%)    
[80.537s][info][gc,heap     ] GC(221)      Used:      738M (36%)         832M (41%)         594M (29%)         372M (18%)         864M (42%)         366M (18%)    
[80.537s][info][gc,heap     ] GC(221)      Live:         -               194M (10%)         194M (10%)         194M (10%)            -                  -          
[80.537s][info][gc,heap     ] GC(221) Allocated:         -                94M (5%)          128M (6%)          137M (7%)             -                  -          
[80.537s][info][gc,heap     ] GC(221)   Garbage:         -               543M (27%)         271M (13%)          39M (2%)             -                  -          
[80.537s][info][gc,heap     ] GC(221) Reclaimed:         -                  -               272M (13%)         503M (25%)            -                  -          
[80.537s][info][gc          ] GC(221) Garbage Collection (Allocation Rate) 738M(36%)->372M(18%)
[80.605s][info][gc,start    ] GC(222) Garbage Collection (Allocation Rate)
[80.605s][info][gc,task     ] GC(222) Using 1 workers
[80.605s][info][gc,phases   ] GC(222) Pause Mark Start 0.014ms
[80.696s][info][gc,phases   ] GC(222) Concurrent Mark 90.378ms
[80.696s][info][gc,phases   ] GC(222) Pause Mark End 0.025ms
[80.696s][info][gc,phases   ] GC(222) Concurrent Mark Free 0.001ms
[80.732s][info][gc,phases   ] GC(222) Concurrent Process Non-Strong References 36.124ms
[80.732s][info][gc,phases   ] GC(222) Concurrent Reset Relocation Set 0.010ms
[80.735s][info][gc,phases   ] GC(222) Concurrent Select Relocation Set 2.426ms
[80.735s][info][gc,phases   ] GC(222) Pause Relocate Start 0.014ms
[80.739s][info][gc,phases   ] GC(222) Concurrent Relocate 4.444ms
[80.740s][info][gc,load     ] GC(222) Load: 0.00/0.00/0.00
[80.740s][info][gc,mmu      ] GC(222) MMU: 2ms/86.1%, 5ms/94.4%, 10ms/97.2%, 20ms/98.6%, 50ms/99.4%, 100ms/99.7%
[80.740s][info][gc,marking  ] GC(222) Mark: 1 stripe(s), 2 proactive flush(es), 1 terminate flush(es), 0 completion(s), 0 continuation(s) 
[80.740s][info][gc,marking  ] GC(222) Mark Stack Usage: 32M
[80.740s][info][gc,nmethod  ] GC(222) NMethods: 18929 registered, 3466 unregistered
[80.740s][info][gc,metaspace] GC(222) Metaspace: 155M used, 156M committed, 1216M reserved
[80.740s][info][gc,ref      ] GC(222) Soft: 3276 encountered, 0 discovered, 0 enqueued
[80.740s][info][gc,ref      ] GC(222) Weak: 15579 encountered, 4060 discovered, 454 enqueued
[80.740s][info][gc,ref      ] GC(222) Final: 52 encountered, 0 discovered, 0 enqueued
[80.740s][info][gc,ref      ] GC(222) Phantom: 600 encountered, 435 discovered, 0 enqueued
[80.740s][info][gc,reloc    ] GC(222) Small Pages: 97 / 194M, Empty: 4M, Relocated: 3M, In-Place: 0
[80.740s][info][gc,reloc    ] GC(222) Medium Pages: 6 / 192M, Empty: 32M, Relocated: 0M, In-Place: 0
[80.740s][info][gc,reloc    ] GC(222) Large Pages: 9 / 54M, Empty: 54M, Relocated: 0M, In-Place: 0
[80.740s][info][gc,reloc    ] GC(222) Forwarding Usage: 1M
[80.740s][info][gc,heap     ] GC(222) Min Capacity: 2048M(100%)
[80.740s][info][gc,heap     ] GC(222) Max Capacity: 2048M(100%)
[80.740s][info][gc,heap     ] GC(222) Soft Max Capacity: 2048M(100%)
[80.740s][info][gc,heap     ] GC(222)                Mark Start          Mark End        Relocate Start      Relocate End           High               Low         
[80.740s][info][gc,heap     ] GC(222)  Capacity:     2048M (100%)       2048M (100%)       2048M (100%)       2048M (100%)       2048M (100%)       2048M (100%)   
[80.740s][info][gc,heap     ] GC(222)      Free:     1608M (79%)        1486M (73%)        1546M (75%)        1664M (81%)        1664M (81%)        1456M (71%)    
[80.740s][info][gc,heap     ] GC(222)      Used:      440M (21%)         562M (27%)         502M (25%)         384M (19%)         592M (29%)         384M (19%)    
[80.740s][info][gc,heap     ] GC(222)      Live:         -               193M (9%)          193M (9%)          193M (9%)             -                  -          
[80.740s][info][gc,heap     ] GC(222) Allocated:         -               122M (6%)          152M (7%)          151M (7%)             -                  -          
[80.740s][info][gc,heap     ] GC(222)   Garbage:         -               246M (12%)         156M (8%)           38M (2%)             -                  -          
[80.740s][info][gc,heap     ] GC(222) Reclaimed:         -                  -                90M (4%)          207M (10%)            -                  -          
[80.740s][info][gc          ] GC(222) Garbage Collection (Allocation Rate) 440M(21%)->384M(19%)
[80.805s][info][gc,start    ] GC(223) Garbage Collection (Allocation Rate)
[80.805s][info][gc,task     ] GC(223) Using 1 workers
[80.805s][info][gc,phases   ] GC(223) Pause Mark Start 0.011ms
[80.885s][info][gc,phases   ] GC(223) Concurrent Mark 79.948ms
[80.885s][info][gc,phases   ] GC(223) Pause Mark End 0.018ms
[80.886s][info][gc,phases   ] GC(223) Concurrent Mark Free 0.002ms
[80.918s][info][gc,phases   ] GC(223) Concurrent Process Non-Strong References 32.623ms
[80.918s][info][gc,phases   ] GC(223) Concurrent Reset Relocation Set 0.005ms
[80.921s][info][gc,phases   ] GC(223) Concurrent Select Relocation Set 2.226ms
[80.921s][info][gc,phases   ] GC(223) Pause Relocate Start 0.007ms
[80.927s][info][gc,phases   ] GC(223) Concurrent Relocate 6.288ms
[80.927s][info][gc,load     ] GC(223) Load: 0.00/0.00/0.00
[80.927s][info][gc,mmu      ] GC(223) MMU: 2ms/86.1%, 5ms/94.4%, 10ms/97.2%, 20ms/98.6%, 50ms/99.4%, 100ms/99.7%
[80.927s][info][gc,marking  ] GC(223) Mark: 1 stripe(s), 2 proactive flush(es), 1 terminate flush(es), 0 completion(s), 0 continuation(s) 
[80.927s][info][gc,marking  ] GC(223) Mark Stack Usage: 32M
[80.927s][info][gc,nmethod  ] GC(223) NMethods: 18932 registered, 3480 unregistered
[80.927s][info][gc,metaspace] GC(223) Metaspace: 155M used, 156M committed, 1216M reserved
[80.927s][info][gc,ref      ] GC(223) Soft: 3377 encountered, 0 discovered, 0 enqueued
[80.927s][info][gc,ref      ] GC(223) Weak: 15741 encountered, 4295 discovered, 777 enqueued
[80.927s][info][gc,ref      ] GC(223) Final: 52 encountered, 0 discovered, 0 enqueued
[80.927s][info][gc,ref      ] GC(223) Phantom: 600 encountered, 280 discovered, 0 enqueued
[80.927s][info][gc,reloc    ] GC(223) Small Pages: 87 / 174M, Empty: 2M, Relocated: 5M, In-Place: 0
[80.927s][info][gc,reloc    ] GC(223) Medium Pages: 6 / 192M, Empty: 64M, Relocated: 12M, In-Place: 0
[80.927s][info][gc,reloc    ] GC(223) Large Pages: 9 / 54M, Empty: 54M, Relocated: 0M, In-Place: 0
[80.927s][info][gc,reloc    ] GC(223) Forwarding Usage: 1M
[80.927s][info][gc,heap     ] GC(223) Min Capacity: 2048M(100%)
[80.927s][info][gc,heap     ] GC(223) Max Capacity: 2048M(100%)
[80.927s][info][gc,heap     ] GC(223) Soft Max Capacity: 2048M(100%)
[80.927s][info][gc,heap     ] GC(223)                Mark Start          Mark End        Relocate Start      Relocate End           High               Low         
[80.927s][info][gc,heap     ] GC(223)  Capacity:     2048M (100%)       2048M (100%)       2048M (100%)       2048M (100%)       2048M (100%)       2048M (100%)   
[80.927s][info][gc,heap     ] GC(223)      Free:     1628M (79%)        1584M (77%)        1690M (83%)        1812M (88%)        1820M (89%)        1576M (77%)    
[80.927s][info][gc,heap     ] GC(223)      Used:      420M (21%)         464M (23%)         358M (17%)         236M (12%)         472M (23%)         228M (11%)    
[80.927s][info][gc,heap     ] GC(223)      Live:         -               130M (6%)          130M (6%)          130M (6%)             -                  -          
[80.927s][info][gc,heap     ] GC(223) Allocated:         -                44M (2%)           58M (3%)           69M (3%)             -                  -          
[80.927s][info][gc,heap     ] GC(223)   Garbage:         -               289M (14%)         169M (8%)           35M (2%)             -                  -          
[80.927s][info][gc,heap     ] GC(223) Reclaimed:         -                  -               120M (6%)          253M (12%)            -                  -          
[80.927s][info][gc          ] GC(223) Garbage Collection (Allocation Rate) 420M(21%)->236M(12%)
[80.927s][info][gc,start    ] GC(224) Garbage Collection (System.gc())
[80.927s][info][gc,task     ] GC(224) Using 2 workers
[80.927s][info][gc,phases   ] GC(224) Pause Mark Start 0.009ms
[80.978s][info][gc,phases   ] GC(224) Concurrent Mark 50.496ms
[80.978s][info][gc,phases   ] GC(224) Pause Mark End 0.029ms
[80.978s][info][gc,phases   ] GC(224) Concurrent Mark Free 0.003ms
[80.997s][info][gc,phases   ] GC(224) Concurrent Process Non-Strong References 18.360ms
[80.997s][info][gc,phases   ] GC(224) Concurrent Reset Relocation Set 0.009ms
[80.999s][info][gc,phases   ] GC(224) Concurrent Select Relocation Set 1.899ms
[80.999s][info][gc,phases   ] GC(224) Pause Relocate Start 0.006ms
[81.002s][info][gc,phases   ] GC(224) Concurrent Relocate 3.004ms
[81.002s][info][gc,load     ] GC(224) Load: 0.00/0.00/0.00
[81.002s][info][gc,mmu      ] GC(224) MMU: 2ms/86.1%, 5ms/94.4%, 10ms/97.2%, 20ms/98.6%, 50ms/99.4%, 100ms/99.7%
[81.002s][info][gc,marking  ] GC(224) Mark: 2 stripe(s), 2 proactive flush(es), 1 terminate flush(es), 0 completion(s), 0 continuation(s) 
[81.002s][info][gc,marking  ] GC(224) Mark Stack Usage: 32M
[81.002s][info][gc,nmethod  ] GC(224) NMethods: 18930 registered, 3482 unregistered
[81.002s][info][gc,metaspace] GC(224) Metaspace: 155M used, 156M committed, 1216M reserved
[81.002s][info][gc,ref      ] GC(224) Soft: 3493 encountered, 0 discovered, 0 enqueued
[81.002s][info][gc,ref      ] GC(224) Weak: 15168 encountered, 2501 discovered, 71 enqueued
[81.002s][info][gc,ref      ] GC(224) Final: 52 encountered, 52 discovered, 0 enqueued
[81.002s][info][gc,ref      ] GC(224) Phantom: 600 encountered, 335 discovered, 0 enqueued
[81.002s][info][gc,reloc    ] GC(224) Small Pages: 55 / 110M, Empty: 0M, Relocated: 5M, In-Place: 0
[81.002s][info][gc,reloc    ] GC(224) Medium Pages: 4 / 128M, Empty: 32M, Relocated: 0M, In-Place: 0
[81.002s][info][gc,reloc    ] GC(224) Large Pages: 0 / 0M, Empty: 0M, Relocated: 0M, In-Place: 0
[81.002s][info][gc,reloc    ] GC(224) Forwarding Usage: 2M
[81.002s][info][gc,heap     ] GC(224) Min Capacity: 2048M(100%)
[81.002s][info][gc,heap     ] GC(224) Max Capacity: 2048M(100%)
[81.002s][info][gc,heap     ] GC(224) Soft Max Capacity: 2048M(100%)
[81.002s][info][gc,heap     ] GC(224)                Mark Start          Mark End        Relocate Start      Relocate End           High               Low         
[81.002s][info][gc,heap     ] GC(224)  Capacity:     2048M (100%)       2048M (100%)       2048M (100%)       2048M (100%)       2048M (100%)       2048M (100%)   
[81.002s][info][gc,heap     ] GC(224)      Free:     1810M (88%)        1804M (88%)        1836M (90%)        1876M (92%)        1876M (92%)        1804M (88%)    
[81.002s][info][gc,heap     ] GC(224)      Used:      238M (12%)         244M (12%)         212M (10%)         172M (8%)          244M (12%)         172M (8%)     
[81.002s][info][gc,heap     ] GC(224)      Live:         -               130M (6%)          130M (6%)          130M (6%)             -                  -          
[81.002s][info][gc,heap     ] GC(224) Allocated:         -                 6M (0%)            6M (0%)            6M (0%)             -                  -          
[81.002s][info][gc,heap     ] GC(224)   Garbage:         -               107M (5%)           75M (4%)           35M (2%)             -                  -          
[81.002s][info][gc,heap     ] GC(224) Reclaimed:         -                  -                32M (2%)           72M (4%)             -                  -          
[81.002s][info][gc          ] GC(224) Garbage Collection (System.gc()) 238M(12%)->172M(8%)
[81.303s][info][gc,start    ] GC(225) Garbage Collection (Allocation Rate)
[81.303s][info][gc,task     ] GC(225) Using 2 workers
[81.303s][info][gc,phases   ] GC(225) Pause Mark Start 0.008ms
[81.366s][info][gc,phases   ] GC(225) Concurrent Mark 62.912ms
[81.367s][info][gc,phases   ] GC(225) Pause Mark End 0.030ms
[81.367s][info][gc,phases   ] GC(225) Concurrent Mark Free 0.003ms
[81.384s][info][gc,phases   ] GC(225) Concurrent Process Non-Strong References 17.630ms
[81.384s][info][gc,phases   ] GC(225) Concurrent Reset Relocation Set 0.002ms
[81.384s][info][gc          ] Allocation Stall (Executor task launch worker for task 0.0 in stage 1521.0 (TID 6086)) 47.069ms
[81.384s][info][gc          ] Allocation Stall (Executor task launch worker for task 2.0 in stage 1521.0 (TID 6088)) 47.030ms
[81.384s][info][gc          ] Allocation Stall (Executor task launch worker for task 3.0 in stage 1521.0 (TID 6089)) 46.182ms
[81.384s][info][gc          ] Allocation Stall (Executor task launch worker for task 4.0 in stage 1521.0 (TID 6090)) 45.825ms
[81.384s][info][gc          ] Allocation Stall (Executor task launch worker for task 1.0 in stage 1521.0 (TID 6087)) 46.861ms
[81.384s][info][gc          ] Allocation Stall (Spark Context Cleaner) 18.007ms
[81.388s][info][gc,phases   ] GC(225) Concurrent Select Relocation Set 3.483ms
[81.388s][info][gc,phases   ] GC(225) Pause Relocate Start 0.009ms
[81.411s][info][gc,phases   ] GC(225) Concurrent Relocate 22.362ms
[81.411s][info][gc,load     ] GC(225) Load: 0.00/0.00/0.00
[81.411s][info][gc,mmu      ] GC(225) MMU: 2ms/86.1%, 5ms/94.4%, 10ms/97.2%, 20ms/98.6%, 50ms/99.4%, 100ms/99.7%
[81.411s][info][gc,marking  ] GC(225) Mark: 2 stripe(s), 2 proactive flush(es), 1 terminate flush(es), 0 completion(s), 0 continuation(s) 
[81.411s][info][gc,marking  ] GC(225) Mark Stack Usage: 32M
[81.411s][info][gc,nmethod  ] GC(225) NMethods: 18950 registered, 3490 unregistered
[81.411s][info][gc,metaspace] GC(225) Metaspace: 155M used, 156M committed, 1216M reserved
[81.411s][info][gc,ref      ] GC(225) Soft: 3555 encountered, 0 discovered, 0 enqueued
[81.411s][info][gc,ref      ] GC(225) Weak: 15473 encountered, 2566 discovered, 218 enqueued
[81.411s][info][gc,ref      ] GC(225) Final: 52 encountered, 0 discovered, 0 enqueued
[81.411s][info][gc,ref      ] GC(225) Phantom: 600 encountered, 306 discovered, 0 enqueued
[81.411s][info][gc,reloc    ] GC(225) Small Pages: 795 / 1590M, Empty: 1216M, Relocated: 6M, In-Place: 0
[81.411s][info][gc,reloc    ] GC(225) Medium Pages: 9 / 288M, Empty: 0M, Relocated: 44M, In-Place: 0
[81.411s][info][gc,reloc    ] GC(225) Large Pages: 6 / 36M, Empty: 36M, Relocated: 0M, In-Place: 0
[81.411s][info][gc,reloc    ] GC(225) Forwarding Usage: 0M
[81.411s][info][gc,heap     ] GC(225) Min Capacity: 2048M(100%)
[81.411s][info][gc,heap     ] GC(225) Max Capacity: 2048M(100%)
[81.411s][info][gc,heap     ] GC(225) Soft Max Capacity: 2048M(100%)
[81.411s][info][gc,heap     ] GC(225)                Mark Start          Mark End        Relocate Start      Relocate End           High               Low         
[81.411s][info][gc,heap     ] GC(225)  Capacity:     2048M (100%)       2048M (100%)       2048M (100%)       2048M (100%)       2048M (100%)       2048M (100%)   
[81.411s][info][gc,heap     ] GC(225)      Free:      134M (7%)            0M (0%)         1228M (60%)        1538M (75%)        1544M (75%)           0M (0%)     
[81.411s][info][gc,heap     ] GC(225)      Used:     1914M (93%)        2048M (100%)        820M (40%)         510M (25%)        2048M (100%)        504M (25%)    
[81.411s][info][gc,heap     ] GC(225)      Live:         -               180M (9%)          180M (9%)          180M (9%)             -                  -          
[81.411s][info][gc,heap     ] GC(225) Allocated:         -               134M (7%)          158M (8%)          262M (13%)            -                  -          
[81.411s][info][gc,heap     ] GC(225)   Garbage:         -              1733M (85%)         481M (24%)          66M (3%)             -                  -          
[81.411s][info][gc,heap     ] GC(225) Reclaimed:         -                  -              1252M (61%)        1666M (81%)            -                  -          
[81.411s][info][gc          ] GC(225) Garbage Collection (Allocation Rate) 1914M(93%)->510M(25%)
[81.506s][info][gc,start    ] GC(226) Garbage Collection (Allocation Stall)
[81.506s][info][gc,ref      ] GC(226) Clearing All SoftReferences
[81.506s][info][gc,task     ] GC(226) Using 2 workers
[81.506s][info][gc,ref      ] GC(226) Clearing All SoftReferences
[81.506s][info][gc,phases   ] GC(226) Pause Mark Start 0.063ms
[81.558s][info][gc,phases   ] GC(226) Concurrent Mark 51.772ms
[81.558s][info][gc,phases   ] GC(226) Pause Mark End 0.321ms
[81.574s][info][gc,phases   ] GC(226) Concurrent Mark Continue 15.029ms
[81.574s][info][gc,phases   ] GC(226) Pause Mark End 0.104ms
[81.574s][info][gc,phases   ] GC(226) Concurrent Mark Free 0.001ms
[81.609s][info][gc,phases   ] GC(226) Concurrent Process Non-Strong References 35.471ms
[81.609s][info][gc,phases   ] GC(226) Concurrent Reset Relocation Set 0.010ms
[81.611s][info][gc,phases   ] GC(226) Concurrent Select Relocation Set 1.940ms
[81.612s][info][gc,phases   ] GC(226) Pause Relocate Start 0.008ms
[81.621s][info][gc,phases   ] GC(226) Concurrent Relocate 8.989ms
[81.621s][info][gc,load     ] GC(226) Load: 0.00/0.00/0.00
[81.621s][info][gc,mmu      ] GC(226) MMU: 2ms/83.9%, 5ms/93.6%, 10ms/96.8%, 20ms/97.9%, 50ms/99.2%, 100ms/99.5%
[81.621s][info][gc,marking  ] GC(226) Mark: 2 stripe(s), 5 proactive flush(es), 2 terminate flush(es), 2 completion(s), 1 continuation(s) 
[81.621s][info][gc,marking  ] GC(226) Mark Stack Usage: 32M
[81.621s][info][gc,nmethod  ] GC(226) NMethods: 18951 registered, 3490 unregistered
[81.621s][info][gc,metaspace] GC(226) Metaspace: 155M used, 156M committed, 1216M reserved
[81.621s][info][gc,ref      ] GC(226) Soft: 3489 encountered, 3041 discovered, 222 enqueued
[81.621s][info][gc,ref      ] GC(226) Weak: 15447 encountered, 2275 discovered, 197 enqueued
[81.621s][info][gc,ref      ] GC(226) Final: 52 encountered, 0 discovered, 0 enqueued
[81.621s][info][gc,ref      ] GC(226) Phantom: 600 encountered, 396 discovered, 0 enqueued
[81.621s][info][gc,reloc    ] GC(226) Small Pages: 187 / 374M, Empty: 172M, Relocated: 3M, In-Place: 0
[81.621s][info][gc,reloc    ] GC(226) Medium Pages: 8 / 256M, Empty: 0M, Relocated: 23M, In-Place: 0
[81.621s][info][gc,reloc    ] GC(226) Large Pages: 4 / 24M, Empty: 24M, Relocated: 0M, In-Place: 0
[81.621s][info][gc,reloc    ] GC(226) Forwarding Usage: 0M
[81.621s][info][gc,heap     ] GC(226) Min Capacity: 2048M(100%)
[81.621s][info][gc,heap     ] GC(226) Max Capacity: 2048M(100%)
[81.621s][info][gc,heap     ] GC(226) Soft Max Capacity: 2048M(100%)
[81.621s][info][gc,heap     ] GC(226)                Mark Start          Mark End        Relocate Start      Relocate End           High               Low         
[81.621s][info][gc,heap     ] GC(226)  Capacity:     2048M (100%)       2048M (100%)       2048M (100%)       2048M (100%)       2048M (100%)       2048M (100%)   
[81.621s][info][gc,heap     ] GC(226)      Free:     1394M (68%)        1312M (64%)        1464M (71%)        1690M (83%)        1690M (83%)        1270M (62%)    
[81.621s][info][gc,heap     ] GC(226)      Used:      654M (32%)         736M (36%)         584M (29%)         358M (17%)         778M (38%)         358M (17%)    
[81.621s][info][gc,heap     ] GC(226)      Live:         -               192M (9%)          192M (9%)          192M (9%)             -                  -          
[81.621s][info][gc,heap     ] GC(226) Allocated:         -                82M (4%)          126M (6%)          127M (6%)             -                  -          
[81.621s][info][gc,heap     ] GC(226)   Garbage:         -               461M (23%)         265M (13%)          37M (2%)             -                  -          
[81.621s][info][gc,heap     ] GC(226) Reclaimed:         -                  -               196M (10%)         423M (21%)            -                  -          
[81.621s][info][gc          ] GC(226) Garbage Collection (Allocation Stall) 654M(32%)->358M(17%)
[81.703s][info][gc,start    ] GC(227) Garbage Collection (Allocation Rate)
[81.703s][info][gc,task     ] GC(227) Using 2 workers
[81.703s][info][gc,phases   ] GC(227) Pause Mark Start 0.007ms
[81.751s][info][gc,phases   ] GC(227) Concurrent Mark 48.136ms
[81.751s][info][gc,phases   ] GC(227) Pause Mark End 0.025ms
[81.752s][info][gc,phases   ] GC(227) Concurrent Mark Free 0.002ms
[81.769s][info][gc,phases   ] GC(227) Concurrent Process Non-Strong References 17.723ms
[81.769s][info][gc,phases   ] GC(227) Concurrent Reset Relocation Set 0.007ms
[81.772s][info][gc,phases   ] GC(227) Concurrent Select Relocation Set 2.892ms
[81.772s][info][gc,phases   ] GC(227) Pause Relocate Start 0.009ms
[81.773s][info][gc,phases   ] GC(227) Concurrent Relocate 0.526ms
[81.773s][info][gc,load     ] GC(227) Load: 0.00/0.00/0.00
[81.773s][info][gc,mmu      ] GC(227) MMU: 2ms/83.9%, 5ms/93.6%, 10ms/96.8%, 20ms/97.9%, 50ms/99.2%, 100ms/99.5%
[81.773s][info][gc,marking  ] GC(227) Mark: 2 stripe(s), 2 proactive flush(es), 1 terminate flush(es), 0 completion(s), 0 continuation(s) 
[81.773s][info][gc,marking  ] GC(227) Mark Stack Usage: 32M
[81.773s][info][gc,nmethod  ] GC(227) NMethods: 18950 registered, 3492 unregistered
[81.773s][info][gc,metaspace] GC(227) Metaspace: 155M used, 156M committed, 1216M reserved
[81.773s][info][gc,ref      ] GC(227) Soft: 3267 encountered, 0 discovered, 0 enqueued
[81.773s][info][gc,ref      ] GC(227) Weak: 15635 encountered, 3085 discovered, 589 enqueued
[81.773s][info][gc,ref      ] GC(227) Final: 52 encountered, 0 discovered, 0 enqueued
[81.773s][info][gc,ref      ] GC(227) Phantom: 600 encountered, 402 discovered, 0 enqueued
[81.773s][info][gc,reloc    ] GC(227) Small Pages: 83 / 166M, Empty: 2M, Relocated: 1M, In-Place: 0
[81.773s][info][gc,reloc    ] GC(227) Medium Pages: 6 / 192M, Empty: 32M, Relocated: 0M, In-Place: 0
[81.773s][info][gc,reloc    ] GC(227) Large Pages: 11 / 66M, Empty: 66M, Relocated: 0M, In-Place: 0
[81.773s][info][gc,reloc    ] GC(227) Forwarding Usage: 0M
[81.773s][info][gc,heap     ] GC(227) Min Capacity: 2048M(100%)
[81.773s][info][gc,heap     ] GC(227) Max Capacity: 2048M(100%)
[81.773s][info][gc,heap     ] GC(227) Soft Max Capacity: 2048M(100%)
[81.773s][info][gc,heap     ] GC(227)                Mark Start          Mark End        Relocate Start      Relocate End           High               Low         
[81.773s][info][gc,heap     ] GC(227)  Capacity:     2048M (100%)       2048M (100%)       2048M (100%)       2048M (100%)       2048M (100%)       2048M (100%)   
[81.773s][info][gc,heap     ] GC(227)      Free:     1624M (79%)        1566M (76%)        1636M (80%)        1726M (84%)        1726M (84%)        1536M (75%)    
[81.773s][info][gc,heap     ] GC(227)      Used:      424M (21%)         482M (24%)         412M (20%)         322M (16%)         512M (25%)         322M (16%)    
[81.773s][info][gc,heap     ] GC(227)      Live:         -               193M (9%)          193M (9%)          193M (9%)             -                  -          
[81.773s][info][gc,heap     ] GC(227) Allocated:         -                58M (3%)           88M (4%)           87M (4%)             -                  -          
[81.773s][info][gc,heap     ] GC(227)   Garbage:         -               230M (11%)         130M (6%)           40M (2%)             -                  -          
[81.773s][info][gc,heap     ] GC(227) Reclaimed:         -                  -               100M (5%)          189M (9%)             -                  -          
[81.773s][info][gc          ] GC(227) Garbage Collection (Allocation Rate) 424M(21%)->322M(16%)
[81.809s][info][gc,start    ] GC(228) Garbage Collection (Allocation Rate)
[81.809s][info][gc,task     ] GC(228) Using 2 workers
[81.809s][info][gc,phases   ] GC(228) Pause Mark Start 0.009ms
[81.868s][info][gc,phases   ] GC(228) Concurrent Mark 58.763ms
[81.868s][info][gc,phases   ] GC(228) Pause Mark End 0.069ms
[81.868s][info][gc,phases   ] GC(228) Concurrent Mark Free 0.001ms
[81.886s][info][gc,phases   ] GC(228) Concurrent Process Non-Strong References 18.180ms
[81.886s][info][gc,phases   ] GC(228) Concurrent Reset Relocation Set 0.005ms
[81.888s][info][gc,phases   ] GC(228) Concurrent Select Relocation Set 2.003ms
[81.888s][info][gc,phases   ] GC(228) Pause Relocate Start 0.008ms
[81.892s][info][gc,phases   ] GC(228) Concurrent Relocate 3.590ms
[81.892s][info][gc,load     ] GC(228) Load: 0.00/0.00/0.00
[81.892s][info][gc,mmu      ] GC(228) MMU: 2ms/83.9%, 5ms/93.6%, 10ms/96.8%, 20ms/97.9%, 50ms/99.2%, 100ms/99.5%
[81.892s][info][gc,marking  ] GC(228) Mark: 2 stripe(s), 2 proactive flush(es), 1 terminate flush(es), 1 completion(s), 0 continuation(s) 
[81.892s][info][gc,marking  ] GC(228) Mark Stack Usage: 32M
[81.892s][info][gc,nmethod  ] GC(228) NMethods: 18976 registered, 3494 unregistered
[81.892s][info][gc,metaspace] GC(228) Metaspace: 155M used, 156M committed, 1216M reserved
[81.892s][info][gc,ref      ] GC(228) Soft: 3269 encountered, 0 discovered, 0 enqueued
[81.892s][info][gc,ref      ] GC(228) Weak: 15258 encountered, 2303 discovered, 153 enqueued
[81.892s][info][gc,ref      ] GC(228) Final: 52 encountered, 0 discovered, 0 enqueued
[81.892s][info][gc,ref      ] GC(228) Phantom: 600 encountered, 373 discovered, 0 enqueued
[81.892s][info][gc,reloc    ] GC(228) Small Pages: 68 / 136M, Empty: 0M, Relocated: 0M, In-Place: 0
[81.892s][info][gc,reloc    ] GC(228) Medium Pages: 6 / 192M, Empty: 0M, Relocated: 20M, In-Place: 0
[81.892s][info][gc,reloc    ] GC(228) Large Pages: 4 / 24M, Empty: 24M, Relocated: 0M, In-Place: 0
[81.892s][info][gc,reloc    ] GC(228) Forwarding Usage: 0M
[81.892s][info][gc,heap     ] GC(228) Min Capacity: 2048M(100%)
[81.892s][info][gc,heap     ] GC(228) Max Capacity: 2048M(100%)
[81.892s][info][gc,heap     ] GC(228) Soft Max Capacity: 2048M(100%)
[81.892s][info][gc,heap     ] GC(228)                Mark Start          Mark End        Relocate Start      Relocate End           High               Low         
[81.892s][info][gc,heap     ] GC(228)  Capacity:     2048M (100%)       2048M (100%)       2048M (100%)       2048M (100%)       2048M (100%)       2048M (100%)   
[81.892s][info][gc,heap     ] GC(228)      Free:     1696M (83%)        1612M (79%)        1620M (79%)        1714M (84%)        1714M (84%)        1588M (78%)    
[81.892s][info][gc,heap     ] GC(228)      Used:      352M (17%)         436M (21%)         428M (21%)         334M (16%)         460M (22%)         334M (16%)    
[81.892s][info][gc,heap     ] GC(228)      Live:         -               194M (9%)          194M (9%)          194M (9%)             -                  -          
[81.892s][info][gc,heap     ] GC(228) Allocated:         -                84M (4%)          100M (5%)          101M (5%)             -                  -          
[81.892s][info][gc,heap     ] GC(228)   Garbage:         -               157M (8%)          133M (7%)           37M (2%)             -                  -          
[81.892s][info][gc,heap     ] GC(228) Reclaimed:         -                  -                24M (1%)          119M (6%)             -                  -          
[81.892s][info][gc          ] GC(228) Garbage Collection (Allocation Rate) 352M(17%)->334M(16%)
[82.514s][info][gc,start    ] GC(229) Garbage Collection (Allocation Rate)
[82.514s][info][gc,task     ] GC(229) Using 2 workers
[82.514s][info][gc,phases   ] GC(229) Pause Mark Start 0.011ms
[82.580s][info][gc,phases   ] GC(229) Concurrent Mark 65.267ms
[82.580s][info][gc,phases   ] GC(229) Pause Mark End 0.115ms
[82.580s][info][gc,phases   ] GC(229) Concurrent Mark Free 0.001ms
[82.598s][info][gc,phases   ] GC(229) Concurrent Process Non-Strong References 17.859ms
[82.598s][info][gc,phases   ] GC(229) Concurrent Reset Relocation Set 0.004ms
[82.600s][info][gc,phases   ] GC(229) Concurrent Select Relocation Set 1.975ms
[82.600s][info][gc,phases   ] GC(229) Pause Relocate Start 0.009ms
[82.602s][info][gc,phases   ] GC(229) Concurrent Relocate 1.246ms
[82.602s][info][gc,load     ] GC(229) Load: 0.00/0.00/0.00
[82.602s][info][gc,mmu      ] GC(229) MMU: 2ms/83.9%, 5ms/93.6%, 10ms/96.8%, 20ms/97.9%, 50ms/99.2%, 100ms/99.5%
[82.602s][info][gc,marking  ] GC(229) Mark: 2 stripe(s), 2 proactive flush(es), 1 terminate flush(es), 1 completion(s), 0 continuation(s) 
[82.602s][info][gc,marking  ] GC(229) Mark Stack Usage: 32M
[82.602s][info][gc,nmethod  ] GC(229) NMethods: 18968 registered, 3509 unregistered
[82.602s][info][gc,metaspace] GC(229) Metaspace: 155M used, 156M committed, 1216M reserved
[82.602s][info][gc,ref      ] GC(229) Soft: 3269 encountered, 0 discovered, 0 enqueued
[82.602s][info][gc,ref      ] GC(229) Weak: 17031 encountered, 3538 discovered, 1888 enqueued
[82.602s][info][gc,ref      ] GC(229) Final: 52 encountered, 0 discovered, 0 enqueued
[82.602s][info][gc,ref      ] GC(229) Phantom: 600 encountered, 345 discovered, 0 enqueued
[82.602s][info][gc,reloc    ] GC(229) Small Pages: 190 / 380M, Empty: 6M, Relocated: 3M, In-Place: 0
[82.602s][info][gc,reloc    ] GC(229) Medium Pages: 9 / 288M, Empty: 128M, Relocated: 0M, In-Place: 0
[82.602s][info][gc,reloc    ] GC(229) Large Pages: 39 / 234M, Empty: 234M, Relocated: 0M, In-Place: 0
[82.602s][info][gc,reloc    ] GC(229) Forwarding Usage: 0M
[82.602s][info][gc,heap     ] GC(229) Min Capacity: 2048M(100%)
[82.602s][info][gc,heap     ] GC(229) Max Capacity: 2048M(100%)
[82.602s][info][gc,heap     ] GC(229) Soft Max Capacity: 2048M(100%)
[82.602s][info][gc,heap     ] GC(229)                Mark Start          Mark End        Relocate Start      Relocate End           High               Low         
[82.602s][info][gc,heap     ] GC(229)  Capacity:     2048M (100%)       2048M (100%)       2048M (100%)       2048M (100%)       2048M (100%)       2048M (100%)   
[82.602s][info][gc,heap     ] GC(229)      Free:     1146M (56%)        1066M (52%)        1416M (69%)        1710M (83%)        1712M (84%)        1048M (51%)    
[82.602s][info][gc,heap     ] GC(229)      Used:      902M (44%)         982M (48%)         632M (31%)         338M (17%)        1000M (49%)         336M (16%)    
[82.602s][info][gc,heap     ] GC(229)      Live:         -               195M (10%)         195M (10%)         195M (10%)            -                  -          
[82.602s][info][gc,heap     ] GC(229) Allocated:         -                80M (4%)           98M (5%)          101M (5%)             -                  -          
[82.602s][info][gc,heap     ] GC(229)   Garbage:         -               706M (34%)         338M (17%)          40M (2%)             -                  -          
[82.602s][info][gc,heap     ] GC(229) Reclaimed:         -                  -               368M (18%)         665M (33%)            -                  -          
[82.602s][info][gc          ] GC(229) Garbage Collection (Allocation Rate) 902M(44%)->338M(17%)
[82.716s][info][gc,start    ] GC(230) Garbage Collection (System.gc())
[82.716s][info][gc,task     ] GC(230) Using 2 workers
[82.716s][info][gc,phases   ] GC(230) Pause Mark Start 0.010ms
[82.765s][info][gc,phases   ] GC(230) Concurrent Mark 48.550ms
[82.765s][info][gc,phases   ] GC(230) Pause Mark End 0.017ms
[82.765s][info][gc,phases   ] GC(230) Concurrent Mark Free 0.002ms
[82.783s][info][gc,phases   ] GC(230) Concurrent Process Non-Strong References 17.954ms
[82.783s][info][gc,phases   ] GC(230) Concurrent Reset Relocation Set 0.009ms
[82.785s][info][gc,phases   ] GC(230) Concurrent Select Relocation Set 1.856ms
[82.785s][info][gc,phases   ] GC(230) Pause Relocate Start 0.010ms
[82.786s][info][gc,phases   ] GC(230) Concurrent Relocate 0.972ms
[82.786s][info][gc,load     ] GC(230) Load: 0.00/0.00/0.00
[82.786s][info][gc,mmu      ] GC(230) MMU: 2ms/83.9%, 5ms/93.6%, 10ms/96.8%, 20ms/97.9%, 50ms/99.2%, 100ms/99.5%
[82.786s][info][gc,marking  ] GC(230) Mark: 2 stripe(s), 2 proactive flush(es), 1 terminate flush(es), 0 completion(s), 0 continuation(s) 
[82.786s][info][gc,marking  ] GC(230) Mark Stack Usage: 32M
[82.786s][info][gc,nmethod  ] GC(230) NMethods: 18975 registered, 3519 unregistered
[82.786s][info][gc,metaspace] GC(230) Metaspace: 155M used, 156M committed, 1216M reserved
[82.786s][info][gc,ref      ] GC(230) Soft: 3485 encountered, 0 discovered, 0 enqueued
[82.786s][info][gc,ref      ] GC(230) Weak: 15814 encountered, 3286 discovered, 697 enqueued
[82.786s][info][gc,ref      ] GC(230) Final: 52 encountered, 0 discovered, 0 enqueued
[82.786s][info][gc,ref      ] GC(230) Phantom: 600 encountered, 354 discovered, 0 enqueued
[82.786s][info][gc,reloc    ] GC(230) Small Pages: 97 / 194M, Empty: 0M, Relocated: 1M, In-Place: 0
[82.786s][info][gc,reloc    ] GC(230) Medium Pages: 6 / 192M, Empty: 96M, Relocated: 0M, In-Place: 0
[82.786s][info][gc,reloc    ] GC(230) Large Pages: 6 / 36M, Empty: 36M, Relocated: 0M, In-Place: 0
[82.786s][info][gc,reloc    ] GC(230) Forwarding Usage: 0M
[82.786s][info][gc,heap     ] GC(230) Min Capacity: 2048M(100%)
[82.786s][info][gc,heap     ] GC(230) Max Capacity: 2048M(100%)
[82.786s][info][gc,heap     ] GC(230) Soft Max Capacity: 2048M(100%)
[82.786s][info][gc,heap     ] GC(230)                Mark Start          Mark End        Relocate Start      Relocate End           High               Low         
[82.786s][info][gc,heap     ] GC(230)  Capacity:     2048M (100%)       2048M (100%)       2048M (100%)       2048M (100%)       2048M (100%)       2048M (100%)   
[82.786s][info][gc,heap     ] GC(230)      Free:     1626M (79%)        1624M (79%)        1748M (85%)        1868M (91%)        1868M (91%)        1616M (79%)    
[82.786s][info][gc,heap     ] GC(230)      Used:      422M (21%)         424M (21%)         300M (15%)         180M (9%)          432M (21%)         180M (9%)     
[82.786s][info][gc,heap     ] GC(230)      Live:         -               130M (6%)          130M (6%)          130M (6%)             -                  -          
[82.786s][info][gc,heap     ] GC(230) Allocated:         -                 2M (0%)           10M (0%)           11M (1%)             -                  -          
[82.786s][info][gc,heap     ] GC(230)   Garbage:         -               291M (14%)         159M (8%)           37M (2%)             -                  -          
[82.786s][info][gc,heap     ] GC(230) Reclaimed:         -                  -               132M (6%)          253M (12%)            -                  -          
[82.786s][info][gc          ] GC(230) Garbage Collection (System.gc()) 422M(21%)->180M(9%)
[83.016s][info][gc,start    ] GC(231) Garbage Collection (Allocation Rate)
[83.016s][info][gc,task     ] GC(231) Using 2 workers
[83.017s][info][gc,phases   ] GC(231) Pause Mark Start 0.019ms
[83.126s][info][gc,phases   ] GC(231) Concurrent Mark 109.392ms
[83.126s][info][gc,phases   ] GC(231) Pause Mark End 0.100ms
[83.126s][info][gc,phases   ] GC(231) Concurrent Mark Free 0.003ms
[83.158s][info][gc,phases   ] GC(231) Concurrent Process Non-Strong References 31.857ms
[83.158s][info][gc,phases   ] GC(231) Concurrent Reset Relocation Set 0.005ms
[83.158s][info][gc          ] Allocation Stall (Executor task launch worker for task 3.0 in stage 1567.0 (TID 6273)) 31.216ms
[83.158s][info][gc          ] Allocation Stall (Executor task launch worker for task 1.0 in stage 1567.0 (TID 6271)) 31.606ms
[83.158s][info][gc          ] Allocation Stall (Executor task launch worker for task 2.0 in stage 1567.0 (TID 6272)) 31.693ms
[83.158s][info][gc          ] Allocation Stall (Executor task launch worker for task 4.0 in stage 1567.0 (TID 6274)) 30.867ms
[83.158s][info][gc          ] Allocation Stall (Executor task launch worker for task 0.0 in stage 1567.0 (TID 6270)) 30.789ms
[83.164s][info][gc,phases   ] GC(231) Concurrent Select Relocation Set 5.690ms
[83.164s][info][gc,phases   ] GC(231) Pause Relocate Start 0.011ms
[83.184s][info][gc,phases   ] GC(231) Concurrent Relocate 19.059ms
[83.184s][info][gc,load     ] GC(231) Load: 0.00/0.00/0.00
[83.184s][info][gc,mmu      ] GC(231) MMU: 2ms/83.9%, 5ms/93.6%, 10ms/96.8%, 20ms/97.9%, 50ms/99.2%, 100ms/99.5%
[83.184s][info][gc,marking  ] GC(231) Mark: 2 stripe(s), 2 proactive flush(es), 1 terminate flush(es), 1 completion(s), 0 continuation(s) 
[83.184s][info][gc,marking  ] GC(231) Mark Stack Usage: 32M
[83.184s][info][gc,nmethod  ] GC(231) NMethods: 18994 registered, 3528 unregistered
[83.184s][info][gc,metaspace] GC(231) Metaspace: 155M used, 156M committed, 1216M reserved
[83.184s][info][gc,ref      ] GC(231) Soft: 3551 encountered, 0 discovered, 0 enqueued
[83.184s][info][gc,ref      ] GC(231) Weak: 15486 encountered, 3797 discovered, 203 enqueued
[83.184s][info][gc,ref      ] GC(231) Final: 52 encountered, 0 discovered, 0 enqueued
[83.184s][info][gc,ref      ] GC(231) Phantom: 600 encountered, 374 discovered, 0 enqueued
[83.184s][info][gc,reloc    ] GC(231) Small Pages: 591 / 1182M, Empty: 868M, Relocated: 11M, In-Place: 0
[83.184s][info][gc,reloc    ] GC(231) Medium Pages: 6 / 192M, Empty: 0M, Relocated: 22M, In-Place: 0
[83.184s][info][gc,reloc    ] GC(231) Large Pages: 6 / 36M, Empty: 36M, Relocated: 0M, In-Place: 0
[83.184s][info][gc,reloc    ] GC(231) Forwarding Usage: 1M
[83.184s][info][gc,heap     ] GC(231) Min Capacity: 2048M(100%)
[83.184s][info][gc,heap     ] GC(231) Max Capacity: 2048M(100%)
[83.184s][info][gc,heap     ] GC(231) Soft Max Capacity: 2048M(100%)
[83.184s][info][gc,heap     ] GC(231)                Mark Start          Mark End        Relocate Start      Relocate End           High               Low         
[83.184s][info][gc,heap     ] GC(231)  Capacity:     2048M (100%)       2048M (100%)       2048M (100%)       2048M (100%)       2048M (100%)       2048M (100%)   
[83.184s][info][gc,heap     ] GC(231)      Free:      638M (31%)           0M (0%)          854M (42%)        1068M (52%)        1080M (53%)           0M (0%)     
[83.184s][info][gc,heap     ] GC(231)      Used:     1410M (69%)        2048M (100%)       1194M (58%)         980M (48%)        2048M (100%)        968M (47%)    
[83.184s][info][gc,heap     ] GC(231)      Live:         -               160M (8%)          160M (8%)          160M (8%)             -                  -          
[83.184s][info][gc,heap     ] GC(231) Allocated:         -               638M (31%)         688M (34%)         770M (38%)            -                  -          
[83.184s][info][gc,heap     ] GC(231)   Garbage:         -              1249M (61%)         345M (17%)          48M (2%)             -                  -          
[83.184s][info][gc,heap     ] GC(231) Reclaimed:         -                  -               904M (44%)        1200M (59%)            -                  -          
[83.184s][info][gc          ] GC(231) Garbage Collection (Allocation Rate) 1410M(69%)->980M(48%)
[83.212s][info][gc,start    ] GC(232) Garbage Collection (Allocation Stall)
[83.212s][info][gc,ref      ] GC(232) Clearing All SoftReferences
[83.212s][info][gc,task     ] GC(232) Using 2 workers
[83.212s][info][gc,ref      ] GC(232) Clearing All SoftReferences
[83.212s][info][gc,phases   ] GC(232) Pause Mark Start 0.062ms
[83.259s][info][gc,phases   ] GC(232) Concurrent Mark 46.609ms
[83.259s][info][gc,phases   ] GC(232) Pause Mark End 0.060ms
[83.259s][info][gc,phases   ] GC(232) Concurrent Mark Free 0.001ms
[83.295s][info][gc,phases   ] GC(232) Concurrent Process Non-Strong References 36.417ms
[83.295s][info][gc,phases   ] GC(232) Concurrent Reset Relocation Set 0.011ms
[83.298s][info][gc,phases   ] GC(232) Concurrent Select Relocation Set 2.234ms
[83.298s][info][gc,phases   ] GC(232) Pause Relocate Start 0.010ms
[83.314s][info][gc,phases   ] GC(232) Concurrent Relocate 16.601ms
[83.314s][info][gc,load     ] GC(232) Load: 0.00/0.00/0.00
[83.314s][info][gc,mmu      ] GC(232) MMU: 2ms/83.9%, 5ms/93.6%, 10ms/96.8%, 20ms/97.9%, 50ms/99.2%, 100ms/99.5%
[83.314s][info][gc,marking  ] GC(232) Mark: 2 stripe(s), 3 proactive flush(es), 1 terminate flush(es), 1 completion(s), 0 continuation(s) 
[83.314s][info][gc,marking  ] GC(232) Mark Stack Usage: 32M
[83.314s][info][gc,nmethod  ] GC(232) NMethods: 18995 registered, 3528 unregistered
[83.314s][info][gc,metaspace] GC(232) Metaspace: 155M used, 156M committed, 1216M reserved
[83.314s][info][gc,ref      ] GC(232) Soft: 3485 encountered, 3048 discovered, 223 enqueued
[83.315s][info][gc,ref      ] GC(232) Weak: 15299 encountered, 2037 discovered, 53 enqueued
[83.315s][info][gc,ref      ] GC(232) Final: 52 encountered, 0 discovered, 0 enqueued
[83.315s][info][gc,ref      ] GC(232) Phantom: 600 encountered, 372 discovered, 0 enqueued
[83.315s][info][gc,reloc    ] GC(232) Small Pages: 388 / 776M, Empty: 480M, Relocated: 6M, In-Place: 0
[83.315s][info][gc,reloc    ] GC(232) Medium Pages: 10 / 320M, Empty: 32M, Relocated: 74M, In-Place: 0
[83.315s][info][gc,reloc    ] GC(232) Large Pages: 1 / 6M, Empty: 6M, Relocated: 0M, In-Place: 0
[83.315s][info][gc,reloc    ] GC(232) Forwarding Usage: 2M
[83.315s][info][gc,heap     ] GC(232) Min Capacity: 2048M(100%)
[83.315s][info][gc,heap     ] GC(232) Max Capacity: 2048M(100%)
[83.315s][info][gc,heap     ] GC(232) Soft Max Capacity: 2048M(100%)
[83.315s][info][gc,heap     ] GC(232)                Mark Start          Mark End        Relocate Start      Relocate End           High               Low         
[83.315s][info][gc,heap     ] GC(232)  Capacity:     2048M (100%)       2048M (100%)       2048M (100%)       2048M (100%)       2048M (100%)       2048M (100%)   
[83.315s][info][gc,heap     ] GC(232)      Free:      946M (46%)         874M (43%)        1378M (67%)        1720M (84%)        1720M (84%)         862M (42%)    
[83.315s][info][gc,heap     ] GC(232)      Used:     1102M (54%)        1174M (57%)         670M (33%)         328M (16%)        1186M (58%)         328M (16%)    
[83.315s][info][gc,heap     ] GC(232)      Live:         -               193M (9%)          193M (9%)          193M (9%)             -                  -          
[83.315s][info][gc,heap     ] GC(232) Allocated:         -                72M (4%)           86M (4%)           97M (5%)             -                  -          
[83.315s][info][gc,heap     ] GC(232)   Garbage:         -               908M (44%)         390M (19%)          36M (2%)             -                  -          
[83.315s][info][gc,heap     ] GC(232) Reclaimed:         -                  -               518M (25%)         871M (43%)            -                  -          
[83.315s][info][gc          ] GC(232) Garbage Collection (Allocation Stall) 1102M(54%)->328M(16%)
[83.412s][info][gc,start    ] GC(233) Garbage Collection (Allocation Rate)
[83.412s][info][gc,task     ] GC(233) Using 2 workers
[83.412s][info][gc,phases   ] GC(233) Pause Mark Start 0.009ms
[83.463s][info][gc,phases   ] GC(233) Concurrent Mark 50.796ms
[83.463s][info][gc,phases   ] GC(233) Pause Mark End 0.027ms
[83.463s][info][gc,phases   ] GC(233) Concurrent Mark Free 0.001ms
[83.498s][info][gc,phases   ] GC(233) Concurrent Process Non-Strong References 34.981ms
[83.498s][info][gc,phases   ] GC(233) Concurrent Reset Relocation Set 0.007ms
[83.501s][info][gc,phases   ] GC(233) Concurrent Select Relocation Set 2.300ms
[83.501s][info][gc,phases   ] GC(233) Pause Relocate Start 0.010ms
[83.501s][info][gc,phases   ] GC(233) Concurrent Relocate 0.529ms
[83.502s][info][gc,load     ] GC(233) Load: 0.00/0.00/0.00
[83.502s][info][gc,mmu      ] GC(233) MMU: 2ms/83.9%, 5ms/93.6%, 10ms/96.8%, 20ms/97.9%, 50ms/99.2%, 100ms/99.5%
[83.502s][info][gc,marking  ] GC(233) Mark: 2 stripe(s), 2 proactive flush(es), 1 terminate flush(es), 0 completion(s), 0 continuation(s) 
[83.502s][info][gc,marking  ] GC(233) Mark Stack Usage: 32M
[83.502s][info][gc,nmethod  ] GC(233) NMethods: 18994 registered, 3532 unregistered
[83.502s][info][gc,metaspace] GC(233) Metaspace: 155M used, 156M committed, 1216M reserved
[83.502s][info][gc,ref      ] GC(233) Soft: 3272 encountered, 0 discovered, 0 enqueued
[83.502s][info][gc,ref      ] GC(233) Weak: 15569 encountered, 2996 discovered, 444 enqueued
[83.502s][info][gc,ref      ] GC(233) Final: 52 encountered, 0 discovered, 0 enqueued
[83.502s][info][gc,ref      ] GC(233) Phantom: 600 encountered, 380 discovered, 0 enqueued
[83.502s][info][gc,reloc    ] GC(233) Small Pages: 76 / 152M, Empty: 0M, Relocated: 0M, In-Place: 0
[83.502s][info][gc,reloc    ] GC(233) Medium Pages: 6 / 192M, Empty: 32M, Relocated: 0M, In-Place: 0
[83.502s][info][gc,reloc    ] GC(233) Large Pages: 9 / 54M, Empty: 54M, Relocated: 0M, In-Place: 0
[83.502s][info][gc,reloc    ] GC(233) Forwarding Usage: 0M
[83.502s][info][gc,heap     ] GC(233) Min Capacity: 2048M(100%)
[83.502s][info][gc,heap     ] GC(233) Max Capacity: 2048M(100%)
[83.502s][info][gc,heap     ] GC(233) Soft Max Capacity: 2048M(100%)
[83.502s][info][gc,heap     ] GC(233)                Mark Start          Mark End        Relocate Start      Relocate End           High               Low         
[83.502s][info][gc,heap     ] GC(233)  Capacity:     2048M (100%)       2048M (100%)       2048M (100%)       2048M (100%)       2048M (100%)       2048M (100%)   
[83.502s][info][gc,heap     ] GC(233)      Free:     1650M (81%)        1568M (77%)        1620M (79%)        1698M (83%)        1698M (83%)        1534M (75%)    
[83.502s][info][gc,heap     ] GC(233)      Used:      398M (19%)         480M (23%)         428M (21%)         350M (17%)         514M (25%)         350M (17%)    
[83.502s][info][gc,heap     ] GC(233)      Live:         -               193M (9%)          193M (9%)          193M (9%)             -                  -          
[83.502s][info][gc,heap     ] GC(233) Allocated:         -                82M (4%)          116M (6%)          115M (6%)             -                  -          
[83.502s][info][gc,heap     ] GC(233)   Garbage:         -               204M (10%)         118M (6%)           40M (2%)             -                  -          
[83.502s][info][gc,heap     ] GC(233) Reclaimed:         -                  -                86M (4%)          163M (8%)             -                  -          
[83.502s][info][gc          ] GC(233) Garbage Collection (Allocation Rate) 398M(19%)->350M(17%)
[83.504s][info][gc,start    ] GC(234) Garbage Collection (Allocation Rate)
[83.504s][info][gc,task     ] GC(234) Using 2 workers
[83.504s][info][gc,phases   ] GC(234) Pause Mark Start 0.007ms
[83.556s][info][gc,phases   ] GC(234) Concurrent Mark 52.255ms
[83.556s][info][gc,phases   ] GC(234) Pause Mark End 0.052ms
[83.556s][info][gc,phases   ] GC(234) Concurrent Mark Free 0.001ms
[83.575s][info][gc,phases   ] GC(234) Concurrent Process Non-Strong References 19.003ms
[83.575s][info][gc,phases   ] GC(234) Concurrent Reset Relocation Set 0.004ms
[83.577s][info][gc,phases   ] GC(234) Concurrent Select Relocation Set 1.926ms
[83.578s][info][gc,phases   ] GC(234) Pause Relocate Start 0.010ms
[83.578s][info][gc,phases   ] GC(234) Concurrent Relocate 0.579ms
[83.578s][info][gc,load     ] GC(234) Load: 0.00/0.00/0.00
[83.578s][info][gc,mmu      ] GC(234) MMU: 2ms/83.9%, 5ms/93.6%, 10ms/96.8%, 20ms/97.9%, 50ms/99.2%, 100ms/99.5%
[83.578s][info][gc,marking  ] GC(234) Mark: 2 stripe(s), 3 proactive flush(es), 1 terminate flush(es), 1 completion(s), 0 continuation(s) 
[83.578s][info][gc,marking  ] GC(234) Mark Stack Usage: 32M
[83.578s][info][gc,nmethod  ] GC(234) NMethods: 18995 registered, 3532 unregistered
[83.578s][info][gc,metaspace] GC(234) Metaspace: 155M used, 156M committed, 1216M reserved
[83.578s][info][gc,ref      ] GC(234) Soft: 3276 encountered, 0 discovered, 0 enqueued
[83.578s][info][gc,ref      ] GC(234) Weak: 15347 encountered, 2450 discovered, 293 enqueued
[83.578s][info][gc,ref      ] GC(234) Final: 52 encountered, 0 discovered, 0 enqueued
[83.578s][info][gc,ref      ] GC(234) Phantom: 600 encountered, 357 discovered, 0 enqueued
[83.578s][info][gc,reloc    ] GC(234) Small Pages: 67 / 134M, Empty: 4M, Relocated: 1M, In-Place: 0
[83.578s][info][gc,reloc    ] GC(234) Medium Pages: 6 / 192M, Empty: 32M, Relocated: 0M, In-Place: 0
[83.578s][info][gc,reloc    ] GC(234) Large Pages: 5 / 30M, Empty: 30M, Relocated: 0M, In-Place: 0
[83.578s][info][gc,reloc    ] GC(234) Forwarding Usage: 0M
[83.578s][info][gc,heap     ] GC(234) Min Capacity: 2048M(100%)
[83.578s][info][gc,heap     ] GC(234) Max Capacity: 2048M(100%)
[83.578s][info][gc,heap     ] GC(234) Soft Max Capacity: 2048M(100%)
[83.578s][info][gc,heap     ] GC(234)                Mark Start          Mark End        Relocate Start      Relocate End           High               Low         
[83.578s][info][gc,heap     ] GC(234)  Capacity:     2048M (100%)       2048M (100%)       2048M (100%)       2048M (100%)       2048M (100%)       2048M (100%)   
[83.578s][info][gc,heap     ] GC(234)      Free:     1692M (83%)        1606M (78%)        1654M (81%)        1710M (83%)        1710M (83%)        1588M (78%)    
[83.578s][info][gc,heap     ] GC(234)      Used:      356M (17%)         442M (22%)         394M (19%)         338M (17%)         460M (22%)         338M (17%)    
[83.578s][info][gc,heap     ] GC(234)      Live:         -               193M (9%)          193M (9%)          193M (9%)             -                  -          
[83.578s][info][gc,heap     ] GC(234) Allocated:         -                86M (4%)          104M (5%)          103M (5%)             -                  -          
[83.578s][info][gc,heap     ] GC(234)   Garbage:         -               162M (8%)           96M (5%)           40M (2%)             -                  -          
[83.578s][info][gc,heap     ] GC(234) Reclaimed:         -                  -                66M (3%)          121M (6%)             -                  -          
[83.578s][info][gc          ] GC(234) Garbage Collection (Allocation Rate) 356M(17%)->338M(17%)
[83.612s][info][gc,start    ] GC(235) Garbage Collection (Allocation Rate)
[83.612s][info][gc,task     ] GC(235) Using 2 workers
[83.612s][info][gc,phases   ] GC(235) Pause Mark Start 0.010ms
[83.676s][info][gc,phases   ] GC(235) Concurrent Mark 63.512ms
[83.676s][info][gc,phases   ] GC(235) Pause Mark End 0.073ms
[83.676s][info][gc,phases   ] GC(235) Concurrent Mark Free 0.001ms
[83.696s][info][gc,phases   ] GC(235) Concurrent Process Non-Strong References 19.389ms
[83.696s][info][gc,phases   ] GC(235) Concurrent Reset Relocation Set 0.003ms
[83.697s][info][gc,phases   ] GC(235) Concurrent Select Relocation Set 1.793ms
[83.698s][info][gc,phases   ] GC(235) Pause Relocate Start 0.010ms
[83.698s][info][gc,phases   ] GC(235) Concurrent Relocate 0.360ms
[83.698s][info][gc,load     ] GC(235) Load: 0.00/0.00/0.00
[83.698s][info][gc,mmu      ] GC(235) MMU: 2ms/83.9%, 5ms/93.6%, 10ms/96.8%, 20ms/97.9%, 50ms/99.2%, 100ms/99.5%
[83.698s][info][gc,marking  ] GC(235) Mark: 2 stripe(s), 2 proactive flush(es), 1 terminate flush(es), 1 completion(s), 0 continuation(s) 
[83.698s][info][gc,marking  ] GC(235) Mark Stack Usage: 32M
[83.698s][info][gc,nmethod  ] GC(235) NMethods: 18996 registered, 3533 unregistered
[83.698s][info][gc,metaspace] GC(235) Metaspace: 155M used, 156M committed, 1216M reserved
[83.698s][info][gc,ref      ] GC(235) Soft: 3272 encountered, 0 discovered, 0 enqueued
[83.698s][info][gc,ref      ] GC(235) Weak: 15346 encountered, 2123 discovered, 295 enqueued
[83.698s][info][gc,ref      ] GC(235) Final: 52 encountered, 0 discovered, 0 enqueued
[83.698s][info][gc,ref      ] GC(235) Phantom: 600 encountered, 372 discovered, 0 enqueued
[83.698s][info][gc,reloc    ] GC(235) Small Pages: 67 / 134M, Empty: 0M, Relocated: 0M, In-Place: 0
[83.698s][info][gc,reloc    ] GC(235) Medium Pages: 6 / 192M, Empty: 32M, Relocated: 0M, In-Place: 0
[83.698s][info][gc,reloc    ] GC(235) Large Pages: 5 / 30M, Empty: 30M, Relocated: 0M, In-Place: 0
[83.698s][info][gc,reloc    ] GC(235) Forwarding Usage: 0M
[83.698s][info][gc,heap     ] GC(235) Min Capacity: 2048M(100%)
[83.698s][info][gc,heap     ] GC(235) Max Capacity: 2048M(100%)
[83.698s][info][gc,heap     ] GC(235) Soft Max Capacity: 2048M(100%)
[83.698s][info][gc,heap     ] GC(235)                Mark Start          Mark End        Relocate Start      Relocate End           High               Low         
[83.698s][info][gc,heap     ] GC(235)  Capacity:     2048M (100%)       2048M (100%)       2048M (100%)       2048M (100%)       2048M (100%)       2048M (100%)   
[83.698s][info][gc,heap     ] GC(235)      Free:     1692M (83%)        1600M (78%)        1644M (80%)        1704M (83%)        1704M (83%)        1582M (77%)    
[83.698s][info][gc,heap     ] GC(235)      Used:      356M (17%)         448M (22%)         404M (20%)         344M (17%)         466M (23%)         344M (17%)    
[83.698s][info][gc,heap     ] GC(235)      Live:         -               193M (9%)          193M (9%)          193M (9%)             -                  -          
[83.698s][info][gc,heap     ] GC(235) Allocated:         -                92M (4%)          110M (5%)          109M (5%)             -                  -          
[83.698s][info][gc,heap     ] GC(235)   Garbage:         -               162M (8%)          100M (5%)           40M (2%)             -                  -          
[83.698s][info][gc,heap     ] GC(235) Reclaimed:         -                  -                62M (3%)          121M (6%)             -                  -          
[83.698s][info][gc          ] GC(235) Garbage Collection (Allocation Rate) 356M(17%)->344M(17%)
[84.206s][info][gc,start    ] GC(236) Garbage Collection (Allocation Rate)
[84.206s][info][gc,task     ] GC(236) Using 2 workers
[84.207s][info][gc,phases   ] GC(236) Pause Mark Start 0.010ms
[84.258s][info][gc,phases   ] GC(236) Concurrent Mark 51.147ms
[84.258s][info][gc,phases   ] GC(236) Pause Mark End 0.023ms
[84.258s][info][gc,phases   ] GC(236) Concurrent Mark Free 0.001ms
[84.277s][info][gc,phases   ] GC(236) Concurrent Process Non-Strong References 19.214ms
[84.277s][info][gc,phases   ] GC(236) Concurrent Reset Relocation Set 0.002ms
[84.280s][info][gc,phases   ] GC(236) Concurrent Select Relocation Set 2.367ms
[84.280s][info][gc,phases   ] GC(236) Pause Relocate Start 0.012ms
[84.284s][info][gc,phases   ] GC(236) Concurrent Relocate 4.330ms
[84.284s][info][gc,load     ] GC(236) Load: 0.00/0.00/0.00
[84.284s][info][gc,mmu      ] GC(236) MMU: 2ms/83.9%, 5ms/93.6%, 10ms/96.8%, 20ms/97.9%, 50ms/99.2%, 100ms/99.5%
[84.284s][info][gc,marking  ] GC(236) Mark: 2 stripe(s), 2 proactive flush(es), 1 terminate flush(es), 0 completion(s), 0 continuation(s) 
[84.284s][info][gc,marking  ] GC(236) Mark Stack Usage: 32M
[84.284s][info][gc,nmethod  ] GC(236) NMethods: 18996 registered, 3548 unregistered
[84.284s][info][gc,metaspace] GC(236) Metaspace: 155M used, 156M committed, 1216M reserved
[84.284s][info][gc,ref      ] GC(236) Soft: 3273 encountered, 0 discovered, 0 enqueued
[84.284s][info][gc,ref      ] GC(236) Weak: 16595 encountered, 5279 discovered, 1455 enqueued
[84.284s][info][gc,ref      ] GC(236) Final: 52 encountered, 0 discovered, 0 enqueued
[84.284s][info][gc,ref      ] GC(236) Phantom: 600 encountered, 370 discovered, 0 enqueued
[84.284s][info][gc,reloc    ] GC(236) Small Pages: 166 / 332M, Empty: 6M, Relocated: 5M, In-Place: 0
[84.284s][info][gc,reloc    ] GC(236) Medium Pages: 9 / 288M, Empty: 96M, Relocated: 11M, In-Place: 0
[84.284s][info][gc,reloc    ] GC(236) Large Pages: 32 / 192M, Empty: 192M, Relocated: 0M, In-Place: 0
[84.284s][info][gc,reloc    ] GC(236) Forwarding Usage: 1M
[84.284s][info][gc,heap     ] GC(236) Min Capacity: 2048M(100%)
[84.284s][info][gc,heap     ] GC(236) Max Capacity: 2048M(100%)
[84.284s][info][gc,heap     ] GC(236) Soft Max Capacity: 2048M(100%)
[84.284s][info][gc,heap     ] GC(236)                Mark Start          Mark End        Relocate Start      Relocate End           High               Low         
[84.284s][info][gc,heap     ] GC(236)  Capacity:     2048M (100%)       2048M (100%)       2048M (100%)       2048M (100%)       2048M (100%)       2048M (100%)   
[84.284s][info][gc,heap     ] GC(236)      Free:     1236M (60%)        1154M (56%)        1432M (70%)        1706M (83%)        1712M (84%)        1138M (56%)    
[84.284s][info][gc,heap     ] GC(236)      Used:      812M (40%)         894M (44%)         616M (30%)         342M (17%)         910M (44%)         336M (16%)    
[84.284s][info][gc,heap     ] GC(236)      Live:         -               195M (10%)         195M (10%)         195M (10%)            -                  -          
[84.284s][info][gc,heap     ] GC(236) Allocated:         -                82M (4%)           98M (5%)          107M (5%)             -                  -          
[84.284s][info][gc,heap     ] GC(236)   Garbage:         -               616M (30%)         322M (16%)          38M (2%)             -                  -          
[84.284s][info][gc,heap     ] GC(236) Reclaimed:         -                  -               294M (14%)         577M (28%)            -                  -          
[84.284s][info][gc          ] GC(236) Garbage Collection (Allocation Rate) 812M(40%)->342M(17%)
[84.497s][info][gc,start    ] GC(237) Garbage Collection (System.gc())
[84.497s][info][gc,task     ] GC(237) Using 2 workers
[84.497s][info][gc,phases   ] GC(237) Pause Mark Start 0.008ms
[84.549s][info][gc,phases   ] GC(237) Concurrent Mark 51.682ms
[84.549s][info][gc,phases   ] GC(237) Pause Mark End 0.038ms
[84.549s][info][gc,phases   ] GC(237) Concurrent Mark Free 0.003ms
[84.567s][info][gc,phases   ] GC(237) Concurrent Process Non-Strong References 17.421ms
[84.567s][info][gc,phases   ] GC(237) Concurrent Reset Relocation Set 0.006ms
[84.568s][info][gc,phases   ] GC(237) Concurrent Select Relocation Set 1.433ms
[84.568s][info][gc,phases   ] GC(237) Pause Relocate Start 0.008ms
[84.570s][info][gc,phases   ] GC(237) Concurrent Relocate 1.820ms
[84.570s][info][gc,load     ] GC(237) Load: 0.00/0.00/0.00
[84.570s][info][gc,mmu      ] GC(237) MMU: 2ms/83.9%, 5ms/93.6%, 10ms/96.8%, 20ms/97.9%, 50ms/99.2%, 100ms/99.5%
[84.570s][info][gc,marking  ] GC(237) Mark: 2 stripe(s), 2 proactive flush(es), 1 terminate flush(es), 0 completion(s), 0 continuation(s) 
[84.570s][info][gc,marking  ] GC(237) Mark Stack Usage: 32M
[84.570s][info][gc,nmethod  ] GC(237) NMethods: 19046 registered, 3559 unregistered
[84.570s][info][gc,metaspace] GC(237) Metaspace: 155M used, 156M committed, 1216M reserved
[84.570s][info][gc,ref      ] GC(237) Soft: 3490 encountered, 0 discovered, 0 enqueued
[84.570s][info][gc,ref      ] GC(237) Weak: 16105 encountered, 2616 discovered, 983 enqueued
[84.570s][info][gc,ref      ] GC(237) Final: 52 encountered, 0 discovered, 0 enqueued
[84.570s][info][gc,ref      ] GC(237) Phantom: 600 encountered, 369 discovered, 0 enqueued
[84.570s][info][gc,reloc    ] GC(237) Small Pages: 116 / 232M, Empty: 0M, Relocated: 2M, In-Place: 0
[84.570s][info][gc,reloc    ] GC(237) Medium Pages: 7 / 224M, Empty: 128M, Relocated: 0M, In-Place: 0
[84.570s][info][gc,reloc    ] GC(237) Large Pages: 12 / 72M, Empty: 72M, Relocated: 0M, In-Place: 0
[84.570s][info][gc,reloc    ] GC(237) Forwarding Usage: 1M
[84.570s][info][gc,heap     ] GC(237) Min Capacity: 2048M(100%)
[84.570s][info][gc,heap     ] GC(237) Max Capacity: 2048M(100%)
[84.570s][info][gc,heap     ] GC(237) Soft Max Capacity: 2048M(100%)
[84.570s][info][gc,heap     ] GC(237)                Mark Start          Mark End        Relocate Start      Relocate End           High               Low         
[84.570s][info][gc,heap     ] GC(237)  Capacity:     2048M (100%)       2048M (100%)       2048M (100%)       2048M (100%)       2048M (100%)       2048M (100%)   
[84.570s][info][gc,heap     ] GC(237)      Free:     1520M (74%)        1518M (74%)        1710M (83%)        1868M (91%)        1868M (91%)        1510M (74%)    
[84.570s][info][gc,heap     ] GC(237)      Used:      528M (26%)         530M (26%)         338M (17%)         180M (9%)          538M (26%)         180M (9%)     
[84.570s][info][gc,heap     ] GC(237)      Live:         -               130M (6%)          130M (6%)          130M (6%)             -                  -          
[84.570s][info][gc,heap     ] GC(237) Allocated:         -                 2M (0%)           10M (0%)           13M (1%)             -                  -          
[84.570s][info][gc,heap     ] GC(237)   Garbage:         -               397M (19%)         197M (10%)          35M (2%)             -                  -          
[84.570s][info][gc,heap     ] GC(237) Reclaimed:         -                  -               200M (10%)         361M (18%)            -                  -          
[84.570s][info][gc          ] GC(237) Garbage Collection (System.gc()) 528M(26%)->180M(9%)
[84.807s][info][gc,start    ] GC(238) Garbage Collection (Allocation Rate)
[84.807s][info][gc,task     ] GC(238) Using 2 workers
[84.808s][info][gc,phases   ] GC(238) Pause Mark Start 0.012ms
[84.901s][info][gc,phases   ] GC(238) Concurrent Mark 93.777ms
[84.902s][info][gc,phases   ] GC(238) Pause Mark End 0.043ms
[84.902s][info][gc,phases   ] GC(238) Concurrent Mark Free 0.003ms
[84.940s][info][gc,phases   ] GC(238) Concurrent Process Non-Strong References 37.846ms
[84.940s][info][gc,phases   ] GC(238) Concurrent Reset Relocation Set 0.005ms
[84.940s][info][gc          ] Allocation Stall (Executor task launch worker for task 2.0 in stage 1613.0 (TID 6456)) 24.793ms
[84.940s][info][gc          ] Allocation Stall (Executor task launch worker for task 0.0 in stage 1613.0 (TID 6454)) 23.143ms
[84.940s][info][gc          ] Allocation Stall (Executor task launch worker for task 1.0 in stage 1613.0 (TID 6455)) 25.810ms
[84.940s][info][gc          ] Allocation Stall (Executor task launch worker for task 3.0 in stage 1613.0 (TID 6457)) 24.283ms
[84.940s][info][gc          ] Allocation Stall (Executor task launch worker for task 4.0 in stage 1613.0 (TID 6458)) 25.879ms
[84.944s][info][gc,phases   ] GC(238) Concurrent Select Relocation Set 4.111ms
[84.944s][info][gc,phases   ] GC(238) Pause Relocate Start 0.013ms
[84.962s][info][gc,phases   ] GC(238) Concurrent Relocate 17.961ms
[84.962s][info][gc,load     ] GC(238) Load: 0.00/0.00/0.00
[84.962s][info][gc,mmu      ] GC(238) MMU: 2ms/83.9%, 5ms/93.6%, 10ms/96.8%, 20ms/97.9%, 50ms/99.2%, 100ms/99.5%
[84.962s][info][gc,marking  ] GC(238) Mark: 2 stripe(s), 2 proactive flush(es), 1 terminate flush(es), 0 completion(s), 0 continuation(s) 
[84.962s][info][gc,marking  ] GC(238) Mark Stack Usage: 32M
[84.962s][info][gc,nmethod  ] GC(238) NMethods: 19085 registered, 3564 unregistered
[84.962s][info][gc,metaspace] GC(238) Metaspace: 155M used, 156M committed, 1216M reserved
[84.962s][info][gc,ref      ] GC(238) Soft: 3556 encountered, 0 discovered, 0 enqueued
[84.962s][info][gc,ref      ] GC(238) Weak: 15483 encountered, 2685 discovered, 208 enqueued
[84.962s][info][gc,ref      ] GC(238) Final: 52 encountered, 0 discovered, 0 enqueued
[84.962s][info][gc,ref      ] GC(238) Phantom: 600 encountered, 362 discovered, 0 enqueued
[84.962s][info][gc,reloc    ] GC(238) Small Pages: 594 / 1188M, Empty: 882M, Relocated: 11M, In-Place: 0
[84.962s][info][gc,reloc    ] GC(238) Medium Pages: 6 / 192M, Empty: 0M, Relocated: 18M, In-Place: 0
[84.962s][info][gc,reloc    ] GC(238) Large Pages: 6 / 36M, Empty: 36M, Relocated: 0M, In-Place: 0
[84.962s][info][gc,reloc    ] GC(238) Forwarding Usage: 1M
[84.962s][info][gc,heap     ] GC(238) Min Capacity: 2048M(100%)
[84.962s][info][gc,heap     ] GC(238) Max Capacity: 2048M(100%)
[84.962s][info][gc,heap     ] GC(238) Soft Max Capacity: 2048M(100%)
[84.962s][info][gc,heap     ] GC(238)                Mark Start          Mark End        Relocate Start      Relocate End           High               Low         
[84.962s][info][gc,heap     ] GC(238)  Capacity:     2048M (100%)       2048M (100%)       2048M (100%)       2048M (100%)       2048M (100%)       2048M (100%)   
[84.962s][info][gc,heap     ] GC(238)      Free:      632M (31%)          40M (2%)          886M (43%)        1070M (52%)        1094M (53%)           0M (0%)     
[84.962s][info][gc,heap     ] GC(238)      Used:     1416M (69%)        2008M (98%)        1162M (57%)         978M (48%)        2048M (100%)        954M (47%)    
[84.962s][info][gc,heap     ] GC(238)      Live:         -               157M (8%)          157M (8%)          157M (8%)             -                  -          
[84.962s][info][gc,heap     ] GC(238) Allocated:         -               592M (29%)         664M (32%)         767M (37%)            -                  -          
[84.962s][info][gc,heap     ] GC(238)   Garbage:         -              1258M (61%)         340M (17%)          53M (3%)             -                  -          
[84.962s][info][gc,heap     ] GC(238) Reclaimed:         -                  -               918M (45%)        1205M (59%)            -                  -          
[84.962s][info][gc          ] GC(238) Garbage Collection (Allocation Rate) 1416M(69%)->978M(48%)
[85.011s][info][gc,start    ] GC(239) Garbage Collection (Allocation Stall)
[85.011s][info][gc,ref      ] GC(239) Clearing All SoftReferences
[85.011s][info][gc,task     ] GC(239) Using 2 workers
[85.011s][info][gc,ref      ] GC(239) Clearing All SoftReferences
[85.011s][info][gc,phases   ] GC(239) Pause Mark Start 0.025ms
[85.058s][info][gc,phases   ] GC(239) Concurrent Mark 46.842ms
[85.058s][info][gc,phases   ] GC(239) Pause Mark End 0.077ms
[85.058s][info][gc,phases   ] GC(239) Concurrent Mark Free 0.002ms
[85.094s][info][gc,phases   ] GC(239) Concurrent Process Non-Strong References 35.325ms
[85.094s][info][gc,phases   ] GC(239) Concurrent Reset Relocation Set 0.010ms
[85.096s][info][gc,phases   ] GC(239) Concurrent Select Relocation Set 1.992ms
[85.096s][info][gc,phases   ] GC(239) Pause Relocate Start 0.008ms
[85.115s][info][gc,phases   ] GC(239) Concurrent Relocate 19.287ms
[85.115s][info][gc,load     ] GC(239) Load: 0.00/0.00/0.00
[85.115s][info][gc,mmu      ] GC(239) MMU: 2ms/83.9%, 5ms/93.6%, 10ms/96.8%, 20ms/97.9%, 50ms/99.2%, 100ms/99.5%
[85.115s][info][gc,marking  ] GC(239) Mark: 2 stripe(s), 2 proactive flush(es), 1 terminate flush(es), 1 completion(s), 0 continuation(s) 
[85.115s][info][gc,marking  ] GC(239) Mark Stack Usage: 32M
[85.116s][info][gc,nmethod  ] GC(239) NMethods: 19085 registered, 3565 unregistered
[85.116s][info][gc,metaspace] GC(239) Metaspace: 155M used, 156M committed, 1216M reserved
[85.116s][info][gc,ref      ] GC(239) Soft: 3488 encountered, 3090 discovered, 226 enqueued
[85.116s][info][gc,ref      ] GC(239) Weak: 15292 encountered, 2101 discovered, 54 enqueued
[85.116s][info][gc,ref      ] GC(239) Final: 52 encountered, 0 discovered, 0 enqueued
[85.116s][info][gc,ref      ] GC(239) Phantom: 600 encountered, 447 discovered, 0 enqueued
[85.116s][info][gc,reloc    ] GC(239) Small Pages: 390 / 780M, Empty: 478M, Relocated: 6M, In-Place: 0
[85.116s][info][gc,reloc    ] GC(239) Medium Pages: 10 / 320M, Empty: 0M, Relocated: 74M, In-Place: 0
[85.116s][info][gc,reloc    ] GC(239) Large Pages: 1 / 6M, Empty: 6M, Relocated: 0M, In-Place: 0
[85.116s][info][gc,reloc    ] GC(239) Forwarding Usage: 1M
[85.116s][info][gc,heap     ] GC(239) Min Capacity: 2048M(100%)
[85.116s][info][gc,heap     ] GC(239) Max Capacity: 2048M(100%)
[85.116s][info][gc,heap     ] GC(239) Soft Max Capacity: 2048M(100%)
[85.116s][info][gc,heap     ] GC(239)                Mark Start          Mark End        Relocate Start      Relocate End           High               Low         
[85.116s][info][gc,heap     ] GC(239)  Capacity:     2048M (100%)       2048M (100%)       2048M (100%)       2048M (100%)       2048M (100%)       2048M (100%)   
[85.116s][info][gc,heap     ] GC(239)      Free:      942M (46%)         868M (42%)        1340M (65%)        1716M (84%)        1716M (84%)         856M (42%)    
[85.116s][info][gc,heap     ] GC(239)      Used:     1106M (54%)        1180M (58%)         708M (35%)         332M (16%)        1192M (58%)         332M (16%)    
[85.116s][info][gc,heap     ] GC(239)      Live:         -               192M (9%)          192M (9%)          192M (9%)             -                  -          
[85.116s][info][gc,heap     ] GC(239) Allocated:         -                74M (4%)           86M (4%)          101M (5%)             -                  -          
[85.116s][info][gc,heap     ] GC(239)   Garbage:         -               913M (45%)         429M (21%)          37M (2%)             -                  -          
[85.116s][info][gc,heap     ] GC(239) Reclaimed:         -                  -               484M (24%)         875M (43%)            -                  -          
[85.116s][info][gc          ] GC(239) Garbage Collection (Allocation Stall) 1106M(54%)->332M(16%)
[85.213s][info][gc,start    ] GC(240) Garbage Collection (Allocation Rate)
[85.213s][info][gc,task     ] GC(240) Using 2 workers
[85.213s][info][gc,phases   ] GC(240) Pause Mark Start 0.009ms
[85.272s][info][gc,phases   ] GC(240) Concurrent Mark 58.197ms
[85.272s][info][gc,phases   ] GC(240) Pause Mark End 0.032ms
[85.272s][info][gc,phases   ] GC(240) Concurrent Mark Free 0.002ms
[85.308s][info][gc,phases   ] GC(240) Concurrent Process Non-Strong References 36.398ms
[85.308s][info][gc,phases   ] GC(240) Concurrent Reset Relocation Set 0.007ms
[85.310s][info][gc,phases   ] GC(240) Concurrent Select Relocation Set 1.979ms
[85.310s][info][gc,phases   ] GC(240) Pause Relocate Start 0.012ms
[85.316s][info][gc,phases   ] GC(240) Concurrent Relocate 5.202ms
[85.316s][info][gc,load     ] GC(240) Load: 0.00/0.00/0.00
[85.316s][info][gc,mmu      ] GC(240) MMU: 2ms/83.9%, 5ms/93.6%, 10ms/96.8%, 20ms/97.9%, 50ms/99.2%, 100ms/99.5%
[85.316s][info][gc,marking  ] GC(240) Mark: 2 stripe(s), 2 proactive flush(es), 1 terminate flush(es), 0 completion(s), 0 continuation(s) 
[85.316s][info][gc,marking  ] GC(240) Mark Stack Usage: 32M
[85.316s][info][gc,nmethod  ] GC(240) NMethods: 19086 registered, 3567 unregistered
[85.316s][info][gc,metaspace] GC(240) Metaspace: 155M used, 156M committed, 1216M reserved
[85.316s][info][gc,ref      ] GC(240) Soft: 3275 encountered, 0 discovered, 0 enqueued
[85.316s][info][gc,ref      ] GC(240) Weak: 15569 encountered, 2558 discovered, 589 enqueued
[85.316s][info][gc,ref      ] GC(240) Final: 52 encountered, 0 discovered, 0 enqueued
[85.316s][info][gc,ref      ] GC(240) Phantom: 600 encountered, 345 discovered, 0 enqueued
[85.316s][info][gc,reloc    ] GC(240) Small Pages: 75 / 150M, Empty: 2M, Relocated: 4M, In-Place: 0
[85.316s][info][gc,reloc    ] GC(240) Medium Pages: 6 / 192M, Empty: 0M, Relocated: 10M, In-Place: 0
[85.316s][info][gc,reloc    ] GC(240) Large Pages: 10 / 60M, Empty: 60M, Relocated: 0M, In-Place: 0
[85.316s][info][gc,reloc    ] GC(240) Forwarding Usage: 1M
[85.316s][info][gc,heap     ] GC(240) Min Capacity: 2048M(100%)
[85.316s][info][gc,heap     ] GC(240) Max Capacity: 2048M(100%)
[85.316s][info][gc,heap     ] GC(240) Soft Max Capacity: 2048M(100%)
[85.316s][info][gc,heap     ] GC(240)                Mark Start          Mark End        Relocate Start      Relocate End           High               Low         
[85.316s][info][gc,heap     ] GC(240)  Capacity:     2048M (100%)       2048M (100%)       2048M (100%)       2048M (100%)       2048M (100%)       2048M (100%)   
[85.316s][info][gc,heap     ] GC(240)      Free:     1646M (80%)        1574M (77%)        1580M (77%)        1688M (82%)        1688M (82%)        1520M (74%)    
[85.316s][info][gc,heap     ] GC(240)      Used:      402M (20%)         474M (23%)         468M (23%)         360M (18%)         528M (26%)         360M (18%)    
[85.316s][info][gc,heap     ] GC(240)      Live:         -               193M (9%)          193M (9%)          193M (9%)             -                  -          
[85.316s][info][gc,heap     ] GC(240) Allocated:         -                72M (4%)          128M (6%)          129M (6%)             -                  -          
[85.316s][info][gc,heap     ] GC(240)   Garbage:         -               208M (10%)         146M (7%)           36M (2%)             -                  -          
[85.316s][info][gc,heap     ] GC(240) Reclaimed:         -                  -                62M (3%)          171M (8%)             -                  -          
[85.316s][info][gc          ] GC(240) Garbage Collection (Allocation Rate) 402M(20%)->360M(18%)
[85.401s][info][gc,start    ] GC(241) Garbage Collection (Allocation Rate)
[85.402s][info][gc,task     ] GC(241) Using 2 workers
[85.402s][info][gc,phases   ] GC(241) Pause Mark Start 0.010ms
[85.462s][info][gc,phases   ] GC(241) Concurrent Mark 60.100ms
[85.462s][info][gc,phases   ] GC(241) Pause Mark End 0.086ms
[85.462s][info][gc,phases   ] GC(241) Concurrent Mark Free 0.001ms
[85.482s][info][gc,phases   ] GC(241) Concurrent Process Non-Strong References 20.041ms
[85.482s][info][gc,phases   ] GC(241) Concurrent Reset Relocation Set 0.003ms
[85.484s][info][gc,phases   ] GC(241) Concurrent Select Relocation Set 1.878ms
[85.484s][info][gc,phases   ] GC(241) Pause Relocate Start 0.009ms
[85.487s][info][gc,phases   ] GC(241) Concurrent Relocate 2.642ms
[85.487s][info][gc,load     ] GC(241) Load: 0.00/0.00/0.00
[85.487s][info][gc,mmu      ] GC(241) MMU: 2ms/83.9%, 5ms/93.6%, 10ms/96.8%, 20ms/97.9%, 50ms/99.2%, 100ms/99.5%
[85.487s][info][gc,marking  ] GC(241) Mark: 2 stripe(s), 2 proactive flush(es), 1 terminate flush(es), 1 completion(s), 0 continuation(s) 
[85.487s][info][gc,marking  ] GC(241) Mark Stack Usage: 32M
[85.487s][info][gc,nmethod  ] GC(241) NMethods: 19087 registered, 3570 unregistered
[85.487s][info][gc,metaspace] GC(241) Metaspace: 155M used, 156M committed, 1216M reserved
[85.487s][info][gc,ref      ] GC(241) Soft: 3281 encountered, 0 discovered, 0 enqueued
[85.487s][info][gc,ref      ] GC(241) Weak: 15495 encountered, 3748 discovered, 442 enqueued
[85.487s][info][gc,ref      ] GC(241) Final: 52 encountered, 0 discovered, 0 enqueued
[85.487s][info][gc,ref      ] GC(241) Phantom: 600 encountered, 307 discovered, 0 enqueued
[85.487s][info][gc,reloc    ] GC(241) Small Pages: 89 / 178M, Empty: 2M, Relocated: 3M, In-Place: 0
[85.487s][info][gc,reloc    ] GC(241) Medium Pages: 6 / 192M, Empty: 32M, Relocated: 0M, In-Place: 0
[85.487s][info][gc,reloc    ] GC(241) Large Pages: 10 / 60M, Empty: 60M, Relocated: 0M, In-Place: 0
[85.487s][info][gc,reloc    ] GC(241) Forwarding Usage: 0M
[85.487s][info][gc,heap     ] GC(241) Min Capacity: 2048M(100%)
[85.487s][info][gc,heap     ] GC(241) Max Capacity: 2048M(100%)
[85.487s][info][gc,heap     ] GC(241) Soft Max Capacity: 2048M(100%)
[85.487s][info][gc,heap     ] GC(241)                Mark Start          Mark End        Relocate Start      Relocate End           High               Low         
[85.487s][info][gc,heap     ] GC(241)  Capacity:     2048M (100%)       2048M (100%)       2048M (100%)       2048M (100%)       2048M (100%)       2048M (100%)   
[85.487s][info][gc,heap     ] GC(241)      Free:     1618M (79%)        1538M (75%)        1606M (78%)        1704M (83%)        1708M (83%)        1516M (74%)    
[85.487s][info][gc,heap     ] GC(241)      Used:      430M (21%)         510M (25%)         442M (22%)         344M (17%)         532M (26%)         340M (17%)    
[85.487s][info][gc,heap     ] GC(241)      Live:         -               194M (9%)          194M (9%)          194M (9%)             -                  -          
[85.487s][info][gc,heap     ] GC(241) Allocated:         -                80M (4%)          106M (5%)          110M (5%)             -                  -          
[85.487s][info][gc,heap     ] GC(241)   Garbage:         -               235M (12%)         141M (7%)           39M (2%)             -                  -          
[85.487s][info][gc,heap     ] GC(241) Reclaimed:         -                  -                94M (5%)          196M (10%)            -                  -          
[85.487s][info][gc          ] GC(241) Garbage Collection (Allocation Rate) 430M(21%)->344M(17%)
[86.018s][info][gc,start    ] GC(242) Garbage Collection (Allocation Rate)
[86.018s][info][gc,task     ] GC(242) Using 2 workers
[86.019s][info][gc,phases   ] GC(242) Pause Mark Start 0.011ms
[86.067s][info][gc,phases   ] GC(242) Concurrent Mark 47.987ms
[86.067s][info][gc,phases   ] GC(242) Pause Mark End 0.022ms
[86.067s][info][gc,phases   ] GC(242) Concurrent Mark Free 0.001ms
[86.089s][info][gc,phases   ] GC(242) Concurrent Process Non-Strong References 21.863ms
[86.089s][info][gc,phases   ] GC(242) Concurrent Reset Relocation Set 0.003ms
[86.091s][info][gc,phases   ] GC(242) Concurrent Select Relocation Set 1.754ms
[86.091s][info][gc,phases   ] GC(242) Pause Relocate Start 0.009ms
[86.092s][info][gc,phases   ] GC(242) Concurrent Relocate 1.186ms
[86.092s][info][gc,load     ] GC(242) Load: 0.00/0.00/0.00
[86.092s][info][gc,mmu      ] GC(242) MMU: 2ms/83.9%, 5ms/93.6%, 10ms/96.8%, 20ms/97.9%, 50ms/99.2%, 100ms/99.5%
[86.092s][info][gc,marking  ] GC(242) Mark: 2 stripe(s), 2 proactive flush(es), 1 terminate flush(es), 0 completion(s), 0 continuation(s) 
[86.092s][info][gc,marking  ] GC(242) Mark Stack Usage: 32M
[86.092s][info][gc,nmethod  ] GC(242) NMethods: 19085 registered, 3585 unregistered
[86.092s][info][gc,metaspace] GC(242) Metaspace: 155M used, 156M committed, 1216M reserved
[86.092s][info][gc,ref      ] GC(242) Soft: 3279 encountered, 0 discovered, 0 enqueued
[86.092s][info][gc,ref      ] GC(242) Weak: 16733 encountered, 4646 discovered, 1605 enqueued
[86.092s][info][gc,ref      ] GC(242) Final: 52 encountered, 0 discovered, 0 enqueued
[86.092s][info][gc,ref      ] GC(242) Phantom: 600 encountered, 373 discovered, 0 enqueued
[86.092s][info][gc,reloc    ] GC(242) Small Pages: 178 / 356M, Empty: 4M, Relocated: 3M, In-Place: 0
[86.092s][info][gc,reloc    ] GC(242) Medium Pages: 9 / 288M, Empty: 128M, Relocated: 0M, In-Place: 0
[86.092s][info][gc,reloc    ] GC(242) Large Pages: 34 / 204M, Empty: 204M, Relocated: 0M, In-Place: 0
[86.092s][info][gc,reloc    ] GC(242) Forwarding Usage: 0M
[86.092s][info][gc,heap     ] GC(242) Min Capacity: 2048M(100%)
[86.092s][info][gc,heap     ] GC(242) Max Capacity: 2048M(100%)
[86.092s][info][gc,heap     ] GC(242) Soft Max Capacity: 2048M(100%)
[86.092s][info][gc,heap     ] GC(242)                Mark Start          Mark End        Relocate Start      Relocate End           High               Low         
[86.092s][info][gc,heap     ] GC(242)  Capacity:     2048M (100%)       2048M (100%)       2048M (100%)       2048M (100%)       2048M (100%)       2048M (100%)   
[86.092s][info][gc,heap     ] GC(242)      Free:     1200M (59%)        1126M (55%)        1444M (71%)        1720M (84%)        1720M (84%)        1108M (54%)    
[86.092s][info][gc,heap     ] GC(242)      Used:      848M (41%)         922M (45%)         604M (29%)         328M (16%)         940M (46%)         328M (16%)    
[86.092s][info][gc,heap     ] GC(242)      Live:         -               195M (10%)         195M (10%)         195M (10%)            -                  -          
[86.092s][info][gc,heap     ] GC(242) Allocated:         -                74M (4%)           92M (4%)           93M (5%)             -                  -          
[86.092s][info][gc,heap     ] GC(242)   Garbage:         -               652M (32%)         316M (15%)          38M (2%)             -                  -          
[86.092s][info][gc,heap     ] GC(242) Reclaimed:         -                  -               336M (16%)         613M (30%)            -                  -          
[86.092s][info][gc          ] GC(242) Garbage Collection (Allocation Rate) 848M(41%)->328M(16%)
[86.261s][info][gc,start    ] GC(243) Garbage Collection (System.gc())
[86.261s][info][gc,task     ] GC(243) Using 2 workers
[86.261s][info][gc,phases   ] GC(243) Pause Mark Start 0.010ms
[86.317s][info][gc,phases   ] GC(243) Concurrent Mark 54.996ms
[86.317s][info][gc,phases   ] GC(243) Pause Mark End 0.050ms
[86.317s][info][gc,phases   ] GC(243) Concurrent Mark Free 0.003ms
[86.335s][info][gc,phases   ] GC(243) Concurrent Process Non-Strong References 17.576ms
[86.335s][info][gc,phases   ] GC(243) Concurrent Reset Relocation Set 0.007ms
[86.337s][info][gc,phases   ] GC(243) Concurrent Select Relocation Set 2.138ms
[86.337s][info][gc,phases   ] GC(243) Pause Relocate Start 0.011ms
[86.341s][info][gc,phases   ] GC(243) Concurrent Relocate 3.564ms
[86.341s][info][gc,load     ] GC(243) Load: 0.00/0.00/0.00
[86.341s][info][gc,mmu      ] GC(243) MMU: 2ms/83.9%, 5ms/93.6%, 10ms/96.8%, 20ms/97.9%, 50ms/99.2%, 100ms/99.5%
[86.341s][info][gc,marking  ] GC(243) Mark: 2 stripe(s), 1 proactive flush(es), 1 terminate flush(es), 0 completion(s), 0 continuation(s) 
[86.341s][info][gc,marking  ] GC(243) Mark Stack Usage: 32M
[86.341s][info][gc,nmethod  ] GC(243) NMethods: 19096 registered, 3593 unregistered
[86.341s][info][gc,metaspace] GC(243) Metaspace: 155M used, 156M committed, 1216M reserved
[86.341s][info][gc,ref      ] GC(243) Soft: 3494 encountered, 0 discovered, 0 enqueued
[86.341s][info][gc,ref      ] GC(243) Weak: 15961 encountered, 3234 discovered, 842 enqueued
[86.341s][info][gc,ref      ] GC(243) Final: 52 encountered, 0 discovered, 0 enqueued
[86.341s][info][gc,ref      ] GC(243) Phantom: 600 encountered, 382 discovered, 0 enqueued
[86.341s][info][gc,reloc    ] GC(243) Small Pages: 107 / 214M, Empty: 0M, Relocated: 3M, In-Place: 0
[86.341s][info][gc,reloc    ] GC(243) Medium Pages: 6 / 192M, Empty: 64M, Relocated: 12M, In-Place: 0
[86.341s][info][gc,reloc    ] GC(243) Large Pages: 9 / 54M, Empty: 54M, Relocated: 0M, In-Place: 0
[86.341s][info][gc,reloc    ] GC(243) Forwarding Usage: 1M
[86.341s][info][gc,heap     ] GC(243) Min Capacity: 2048M(100%)
[86.341s][info][gc,heap     ] GC(243) Max Capacity: 2048M(100%)
[86.341s][info][gc,heap     ] GC(243) Soft Max Capacity: 2048M(100%)
[86.341s][info][gc,heap     ] GC(243)                Mark Start          Mark End        Relocate Start      Relocate End           High               Low         
[86.341s][info][gc,heap     ] GC(243)  Capacity:     2048M (100%)       2048M (100%)       2048M (100%)       2048M (100%)       2048M (100%)       2048M (100%)   
[86.341s][info][gc,heap     ] GC(243)      Free:     1588M (78%)        1586M (77%)        1694M (83%)        1860M (91%)        1864M (91%)        1578M (77%)    
[86.341s][info][gc,heap     ] GC(243)      Used:      460M (22%)         462M (23%)         354M (17%)         188M (9%)          470M (23%)         184M (9%)     
[86.341s][info][gc,heap     ] GC(243)      Live:         -               131M (6%)          131M (6%)          131M (6%)             -                  -          
[86.341s][info][gc,heap     ] GC(243) Allocated:         -                 2M (0%)           12M (1%)           19M (1%)             -                  -          
[86.341s][info][gc,heap     ] GC(243)   Garbage:         -               328M (16%)         210M (10%)          36M (2%)             -                  -          
[86.341s][info][gc,heap     ] GC(243) Reclaimed:         -                  -               118M (6%)          291M (14%)            -                  -          
[86.341s][info][gc          ] GC(243) Garbage Collection (System.gc()) 460M(22%)->188M(9%)
[86.607s][info][gc,start    ] GC(244) Garbage Collection (Allocation Rate)
[86.607s][info][gc,task     ] GC(244) Using 2 workers
[86.608s][info][gc,phases   ] GC(244) Pause Mark Start 0.022ms
[86.686s][info][gc,phases   ] GC(244) Concurrent Mark 78.044ms
[86.686s][info][gc,phases   ] GC(244) Pause Mark End 0.040ms
[86.686s][info][gc,phases   ] GC(244) Concurrent Mark Free 0.003ms
[86.704s][info][gc,phases   ] GC(244) Concurrent Process Non-Strong References 17.507ms
[86.704s][info][gc,phases   ] GC(244) Concurrent Reset Relocation Set 0.005ms
[86.704s][info][gc          ] Allocation Stall (Executor task launch worker for task 1.0 in stage 1659.0 (TID 6639)) 25.242ms
[86.704s][info][gc          ] Allocation Stall (Executor task launch worker for task 4.0 in stage 1659.0 (TID 6642)) 24.448ms
[86.704s][info][gc          ] Allocation Stall (Executor task launch worker for task 2.0 in stage 1659.0 (TID 6640)) 24.408ms
[86.704s][info][gc          ] Allocation Stall (Executor task launch worker for task 0.0 in stage 1659.0 (TID 6638)) 22.915ms
[86.704s][info][gc          ] Allocation Stall (Executor task launch worker for task 3.0 in stage 1659.0 (TID 6641)) 24.748ms
[86.709s][info][gc,phases   ] GC(244) Concurrent Select Relocation Set 4.946ms
[86.709s][info][gc,phases   ] GC(244) Pause Relocate Start 0.009ms
[86.733s][info][gc,phases   ] GC(244) Concurrent Relocate 23.890ms
[86.733s][info][gc,load     ] GC(244) Load: 0.00/0.00/0.00
[86.733s][info][gc,mmu      ] GC(244) MMU: 2ms/83.9%, 5ms/93.6%, 10ms/96.8%, 20ms/97.9%, 50ms/99.2%, 100ms/99.5%
[86.733s][info][gc,marking  ] GC(244) Mark: 2 stripe(s), 2 proactive flush(es), 1 terminate flush(es), 0 completion(s), 0 continuation(s) 
[86.733s][info][gc,marking  ] GC(244) Mark Stack Usage: 32M
[86.733s][info][gc,nmethod  ] GC(244) NMethods: 19121 registered, 3600 unregistered
[86.733s][info][gc,metaspace] GC(244) Metaspace: 155M used, 156M committed, 1216M reserved
[86.733s][info][gc,ref      ] GC(244) Soft: 3556 encountered, 0 discovered, 0 enqueued
[86.733s][info][gc,ref      ] GC(244) Weak: 15485 encountered, 2301 discovered, 228 enqueued
[86.733s][info][gc,ref      ] GC(244) Final: 52 encountered, 0 discovered, 0 enqueued
[86.733s][info][gc,ref      ] GC(244) Phantom: 600 encountered, 368 discovered, 0 enqueued
[86.733s][info][gc,reloc    ] GC(244) Small Pages: 704 / 1408M, Empty: 1050M, Relocated: 6M, In-Place: 0
[86.733s][info][gc,reloc    ] GC(244) Medium Pages: 8 / 256M, Empty: 0M, Relocated: 49M, In-Place: 0
[86.733s][info][gc,reloc    ] GC(244) Large Pages: 6 / 36M, Empty: 36M, Relocated: 0M, In-Place: 0
[86.733s][info][gc,reloc    ] GC(244) Forwarding Usage: 0M
[86.733s][info][gc,heap     ] GC(244) Min Capacity: 2048M(100%)
[86.733s][info][gc,heap     ] GC(244) Max Capacity: 2048M(100%)
[86.733s][info][gc,heap     ] GC(244) Soft Max Capacity: 2048M(100%)
[86.733s][info][gc,heap     ] GC(244)                Mark Start          Mark End        Relocate Start      Relocate End           High               Low         
[86.733s][info][gc,heap     ] GC(244)  Capacity:     2048M (100%)       2048M (100%)       2048M (100%)       2048M (100%)       2048M (100%)       2048M (100%)   
[86.733s][info][gc,heap     ] GC(244)      Free:      348M (17%)           0M (0%)         1046M (51%)        1344M (66%)        1346M (66%)           0M (0%)     
[86.733s][info][gc,heap     ] GC(244)      Used:     1700M (83%)        2048M (100%)       1002M (49%)         704M (34%)        2048M (100%)        702M (34%)    
[86.733s][info][gc,heap     ] GC(244)      Live:         -               172M (8%)          172M (8%)          172M (8%)             -                  -          
[86.733s][info][gc,heap     ] GC(244) Allocated:         -               348M (17%)         388M (19%)         491M (24%)            -                  -          
[86.733s][info][gc,heap     ] GC(244)   Garbage:         -              1527M (75%)         441M (22%)          40M (2%)             -                  -          
[86.733s][info][gc,heap     ] GC(244) Reclaimed:         -                  -              1086M (53%)        1487M (73%)            -                  -          
[86.733s][info][gc          ] GC(244) Garbage Collection (Allocation Rate) 1700M(83%)->704M(34%)
[86.818s][info][gc,start    ] GC(245) Garbage Collection (Allocation Stall)
[86.818s][info][gc,ref      ] GC(245) Clearing All SoftReferences
[86.818s][info][gc,task     ] GC(245) Using 2 workers
[86.818s][info][gc,ref      ] GC(245) Clearing All SoftReferences
[86.818s][info][gc,phases   ] GC(245) Pause Mark Start 0.028ms
[86.879s][info][gc,phases   ] GC(245) Concurrent Mark 60.881ms
[86.879s][info][gc,phases   ] GC(245) Pause Mark End 0.090ms
[86.879s][info][gc,phases   ] GC(245) Concurrent Mark Free 0.001ms
[86.915s][info][gc,phases   ] GC(245) Concurrent Process Non-Strong References 35.517ms
[86.915s][info][gc,phases   ] GC(245) Concurrent Reset Relocation Set 0.009ms
[86.917s][info][gc,phases   ] GC(245) Concurrent Select Relocation Set 2.090ms
[86.917s][info][gc,phases   ] GC(245) Pause Relocate Start 0.008ms
[86.926s][info][gc,phases   ] GC(245) Concurrent Relocate 9.302ms
[86.926s][info][gc,load     ] GC(245) Load: 0.00/0.00/0.00
[86.926s][info][gc,mmu      ] GC(245) MMU: 2ms/83.9%, 5ms/93.6%, 10ms/96.8%, 20ms/97.9%, 50ms/99.2%, 100ms/99.5%
[86.926s][info][gc,marking  ] GC(245) Mark: 2 stripe(s), 2 proactive flush(es), 1 terminate flush(es), 1 completion(s), 0 continuation(s) 
[86.926s][info][gc,marking  ] GC(245) Mark Stack Usage: 32M
[86.926s][info][gc,nmethod  ] GC(245) NMethods: 19121 registered, 3602 unregistered
[86.926s][info][gc,metaspace] GC(245) Metaspace: 155M used, 156M committed, 1216M reserved
[86.926s][info][gc,ref      ] GC(245) Soft: 3492 encountered, 3050 discovered, 224 enqueued
[86.926s][info][gc,ref      ] GC(245) Weak: 15449 encountered, 3031 discovered, 198 enqueued
[86.926s][info][gc,ref      ] GC(245) Final: 52 encountered, 0 discovered, 0 enqueued
[86.926s][info][gc,ref      ] GC(245) Phantom: 600 encountered, 353 discovered, 0 enqueued
[86.926s][info][gc,reloc    ] GC(245) Small Pages: 287 / 574M, Empty: 324M, Relocated: 3M, In-Place: 0
[86.926s][info][gc,reloc    ] GC(245) Medium Pages: 8 / 256M, Empty: 0M, Relocated: 49M, In-Place: 0
[86.926s][info][gc,reloc    ] GC(245) Large Pages: 4 / 24M, Empty: 24M, Relocated: 0M, In-Place: 0
[86.927s][info][gc,reloc    ] GC(245) Forwarding Usage: 0M
[86.927s][info][gc,heap     ] GC(245) Min Capacity: 2048M(100%)
[86.927s][info][gc,heap     ] GC(245) Max Capacity: 2048M(100%)
[86.927s][info][gc,heap     ] GC(245) Soft Max Capacity: 2048M(100%)
[86.927s][info][gc,heap     ] GC(245)                Mark Start          Mark End        Relocate Start      Relocate End           High               Low         
[86.927s][info][gc,heap     ] GC(245)  Capacity:     2048M (100%)       2048M (100%)       2048M (100%)       2048M (100%)       2048M (100%)       2048M (100%)   
[86.927s][info][gc,heap     ] GC(245)      Free:     1194M (58%)        1112M (54%)        1440M (70%)        1704M (83%)        1704M (83%)        1098M (54%)    
[86.927s][info][gc,heap     ] GC(245)      Used:      854M (42%)         936M (46%)         608M (30%)         344M (17%)         950M (46%)         344M (17%)    
[86.927s][info][gc,heap     ] GC(245)      Live:         -               193M (9%)          193M (9%)          193M (9%)             -                  -          
[86.927s][info][gc,heap     ] GC(245) Allocated:         -                82M (4%)          102M (5%)          111M (5%)             -                  -          
[86.927s][info][gc,heap     ] GC(245)   Garbage:         -               660M (32%)         312M (15%)          38M (2%)             -                  -          
[86.927s][info][gc,heap     ] GC(245) Reclaimed:         -                  -               348M (17%)         621M (30%)            -                  -          
[86.927s][info][gc          ] GC(245) Garbage Collection (Allocation Stall) 854M(42%)->344M(17%)
[87.005s][info][gc,start    ] GC(246) Garbage Collection (Allocation Rate)
[87.005s][info][gc,task     ] GC(246) Using 2 workers
[87.005s][info][gc,phases   ] GC(246) Pause Mark Start 0.011ms
[87.064s][info][gc,phases   ] GC(246) Concurrent Mark 58.993ms
[87.065s][info][gc,phases   ] GC(246) Pause Mark End 0.068ms
[87.065s][info][gc,phases   ] GC(246) Concurrent Mark Free 0.001ms
[87.101s][info][gc,phases   ] GC(246) Concurrent Process Non-Strong References 36.561ms
[87.101s][info][gc,phases   ] GC(246) Concurrent Reset Relocation Set 0.005ms
[87.104s][info][gc,phases   ] GC(246) Concurrent Select Relocation Set 2.439ms
[87.104s][info][gc,phases   ] GC(246) Pause Relocate Start 0.011ms
[87.108s][info][gc,phases   ] GC(246) Concurrent Relocate 3.646ms
[87.108s][info][gc,load     ] GC(246) Load: 0.00/0.00/0.00
[87.108s][info][gc,mmu      ] GC(246) MMU: 2ms/83.9%, 5ms/93.6%, 10ms/96.8%, 20ms/97.9%, 50ms/99.2%, 100ms/99.5%
[87.108s][info][gc,marking  ] GC(246) Mark: 2 stripe(s), 2 proactive flush(es), 1 terminate flush(es), 1 completion(s), 0 continuation(s) 
[87.108s][info][gc,marking  ] GC(246) Mark Stack Usage: 32M
[87.108s][info][gc,nmethod  ] GC(246) NMethods: 19124 registered, 3602 unregistered
[87.108s][info][gc,metaspace] GC(246) Metaspace: 155M used, 156M committed, 1216M reserved
[87.108s][info][gc,ref      ] GC(246) Soft: 3272 encountered, 0 discovered, 0 enqueued
[87.108s][info][gc,ref      ] GC(246) Weak: 15564 encountered, 2717 discovered, 440 enqueued
[87.108s][info][gc,ref      ] GC(246) Final: 52 encountered, 0 discovered, 0 enqueued
[87.108s][info][gc,ref      ] GC(246) Phantom: 600 encountered, 345 discovered, 0 enqueued
[87.108s][info][gc,reloc    ] GC(246) Small Pages: 77 / 154M, Empty: 2M, Relocated: 4M, In-Place: 0
[87.108s][info][gc,reloc    ] GC(246) Medium Pages: 6 / 192M, Empty: 32M, Relocated: 0M, In-Place: 0
[87.108s][info][gc,reloc    ] GC(246) Large Pages: 9 / 54M, Empty: 54M, Relocated: 0M, In-Place: 0
[87.108s][info][gc,reloc    ] GC(246) Forwarding Usage: 1M
[87.108s][info][gc,heap     ] GC(246) Min Capacity: 2048M(100%)
[87.108s][info][gc,heap     ] GC(246) Max Capacity: 2048M(100%)
[87.108s][info][gc,heap     ] GC(246) Soft Max Capacity: 2048M(100%)
[87.108s][info][gc,heap     ] GC(246)                Mark Start          Mark End        Relocate Start      Relocate End           High               Low         
[87.108s][info][gc,heap     ] GC(246)  Capacity:     2048M (100%)       2048M (100%)       2048M (100%)       2048M (100%)       2048M (100%)       2048M (100%)   
[87.108s][info][gc,heap     ] GC(246)      Free:     1648M (80%)        1568M (77%)        1616M (79%)        1694M (83%)        1694M (83%)        1532M (75%)    
[87.108s][info][gc,heap     ] GC(246)      Used:      400M (20%)         480M (23%)         432M (21%)         354M (17%)         516M (25%)         354M (17%)    
[87.108s][info][gc,heap     ] GC(246)      Live:         -               193M (9%)          193M (9%)          193M (9%)             -                  -          
[87.108s][info][gc,heap     ] GC(246) Allocated:         -                80M (4%)          120M (6%)          119M (6%)             -                  -          
[87.108s][info][gc,heap     ] GC(246)   Garbage:         -               206M (10%)         118M (6%)           40M (2%)             -                  -          
[87.108s][info][gc,heap     ] GC(246) Reclaimed:         -                  -                88M (4%)          165M (8%)             -                  -          
[87.108s][info][gc          ] GC(246) Garbage Collection (Allocation Rate) 400M(20%)->354M(17%)
[87.208s][info][gc,start    ] GC(247) Garbage Collection (Allocation Rate)
[87.208s][info][gc,task     ] GC(247) Using 2 workers
[87.208s][info][gc,phases   ] GC(247) Pause Mark Start 0.014ms
[87.266s][info][gc,phases   ] GC(247) Concurrent Mark 58.151ms
[87.266s][info][gc,phases   ] GC(247) Pause Mark End 0.063ms
[87.267s][info][gc,phases   ] GC(247) Concurrent Mark Free 0.001ms
[87.287s][info][gc,phases   ] GC(247) Concurrent Process Non-Strong References 20.590ms
[87.287s][info][gc,phases   ] GC(247) Concurrent Reset Relocation Set 0.004ms
[87.289s][info][gc,phases   ] GC(247) Concurrent Select Relocation Set 1.824ms
[87.289s][info][gc,phases   ] GC(247) Pause Relocate Start 0.009ms
[87.292s][info][gc,phases   ] GC(247) Concurrent Relocate 2.570ms
[87.292s][info][gc,load     ] GC(247) Load: 0.00/0.00/0.00
[87.292s][info][gc,mmu      ] GC(247) MMU: 2ms/83.9%, 5ms/93.6%, 10ms/96.8%, 20ms/97.9%, 50ms/99.2%, 100ms/99.5%
[87.292s][info][gc,marking  ] GC(247) Mark: 2 stripe(s), 2 proactive flush(es), 1 terminate flush(es), 1 completion(s), 0 continuation(s) 
[87.292s][info][gc,marking  ] GC(247) Mark Stack Usage: 32M
[87.292s][info][gc,nmethod  ] GC(247) NMethods: 19121 registered, 3605 unregistered
[87.292s][info][gc,metaspace] GC(247) Metaspace: 155M used, 156M committed, 1216M reserved
[87.292s][info][gc,ref      ] GC(247) Soft: 3275 encountered, 0 discovered, 0 enqueued
[87.292s][info][gc,ref      ] GC(247) Weak: 15641 encountered, 3058 discovered, 585 enqueued
[87.292s][info][gc,ref      ] GC(247) Final: 52 encountered, 0 discovered, 0 enqueued
[87.292s][info][gc,ref      ] GC(247) Phantom: 600 encountered, 366 discovered, 0 enqueued
[87.292s][info][gc,reloc    ] GC(247) Small Pages: 90 / 180M, Empty: 2M, Relocated: 5M, In-Place: 0
[87.292s][info][gc,reloc    ] GC(247) Medium Pages: 6 / 192M, Empty: 32M, Relocated: 0M, In-Place: 0
[87.292s][info][gc,reloc    ] GC(247) Large Pages: 11 / 66M, Empty: 66M, Relocated: 0M, In-Place: 0
[87.292s][info][gc,reloc    ] GC(247) Forwarding Usage: 0M
[87.292s][info][gc,heap     ] GC(247) Min Capacity: 2048M(100%)
[87.292s][info][gc,heap     ] GC(247) Max Capacity: 2048M(100%)
[87.292s][info][gc,heap     ] GC(247) Soft Max Capacity: 2048M(100%)
[87.292s][info][gc,heap     ] GC(247)                Mark Start          Mark End        Relocate Start      Relocate End           High               Low         
[87.292s][info][gc,heap     ] GC(247)  Capacity:     2048M (100%)       2048M (100%)       2048M (100%)       2048M (100%)       2048M (100%)       2048M (100%)   
[87.292s][info][gc,heap     ] GC(247)      Free:     1610M (79%)        1530M (75%)        1602M (78%)        1706M (83%)        1706M (83%)        1506M (74%)    
[87.292s][info][gc,heap     ] GC(247)      Used:      438M (21%)         518M (25%)         446M (22%)         342M (17%)         542M (26%)         342M (17%)    
[87.292s][info][gc,heap     ] GC(247)      Live:         -               194M (9%)          194M (9%)          194M (9%)             -                  -          
[87.292s][info][gc,heap     ] GC(247) Allocated:         -                80M (4%)          108M (5%)          109M (5%)             -                  -          
[87.292s][info][gc,heap     ] GC(247)   Garbage:         -               243M (12%)         143M (7%)           37M (2%)             -                  -          
[87.292s][info][gc,heap     ] GC(247) Reclaimed:         -                  -               100M (5%)          205M (10%)            -                  -          
[87.292s][info][gc          ] GC(247) Garbage Collection (Allocation Rate) 438M(21%)->342M(17%)
[87.602s][info][gc,start    ] GC(248) Garbage Collection (Allocation Rate)
[87.602s][info][gc,task     ] GC(248) Using 1 workers
[87.602s][info][gc,phases   ] GC(248) Pause Mark Start 0.011ms
[87.690s][info][gc,phases   ] GC(248) Concurrent Mark 87.158ms
[87.690s][info][gc,phases   ] GC(248) Pause Mark End 0.027ms
[87.690s][info][gc,phases   ] GC(248) Concurrent Mark Free 0.002ms
[87.728s][info][gc,phases   ] GC(248) Concurrent Process Non-Strong References 37.884ms
[87.728s][info][gc,phases   ] GC(248) Concurrent Reset Relocation Set 0.004ms
[87.730s][info][gc,phases   ] GC(248) Concurrent Select Relocation Set 2.005ms
[87.730s][info][gc,phases   ] GC(248) Pause Relocate Start 0.010ms
[87.732s][info][gc,phases   ] GC(248) Concurrent Relocate 2.331ms
[87.732s][info][gc,load     ] GC(248) Load: 0.00/0.00/0.00
[87.732s][info][gc,mmu      ] GC(248) MMU: 2ms/83.9%, 5ms/93.6%, 10ms/96.8%, 20ms/97.9%, 50ms/99.2%, 100ms/99.5%
[87.732s][info][gc,marking  ] GC(248) Mark: 1 stripe(s), 2 proactive flush(es), 1 terminate flush(es), 0 completion(s), 0 continuation(s) 
[87.732s][info][gc,marking  ] GC(248) Mark Stack Usage: 32M
[87.732s][info][gc,nmethod  ] GC(248) NMethods: 19123 registered, 3605 unregistered
[87.732s][info][gc,metaspace] GC(248) Metaspace: 155M used, 156M committed, 1216M reserved
[87.732s][info][gc,ref      ] GC(248) Soft: 3272 encountered, 0 discovered, 0 enqueued
[87.732s][info][gc,ref      ] GC(248) Weak: 16157 encountered, 4566 discovered, 1023 enqueued
[87.732s][info][gc,ref      ] GC(248) Final: 52 encountered, 0 discovered, 0 enqueued
[87.732s][info][gc,ref      ] GC(248) Phantom: 600 encountered, 435 discovered, 0 enqueued
[87.732s][info][gc,reloc    ] GC(248) Small Pages: 133 / 266M, Empty: 6M, Relocated: 3M, In-Place: 0
[87.732s][info][gc,reloc    ] GC(248) Medium Pages: 8 / 256M, Empty: 96M, Relocated: 0M, In-Place: 0
[87.732s][info][gc,reloc    ] GC(248) Large Pages: 22 / 132M, Empty: 132M, Relocated: 0M, In-Place: 0
[87.732s][info][gc,reloc    ] GC(248) Forwarding Usage: 0M
[87.732s][info][gc,heap     ] GC(248) Min Capacity: 2048M(100%)
[87.733s][info][gc,heap     ] GC(248) Max Capacity: 2048M(100%)
[87.733s][info][gc,heap     ] GC(248) Soft Max Capacity: 2048M(100%)
[87.733s][info][gc,heap     ] GC(248)                Mark Start          Mark End        Relocate Start      Relocate End           High               Low         
[87.733s][info][gc,heap     ] GC(248)  Capacity:     2048M (100%)       2048M (100%)       2048M (100%)       2048M (100%)       2048M (100%)       2048M (100%)   
[87.733s][info][gc,heap     ] GC(248)      Free:     1394M (68%)        1296M (63%)        1500M (73%)        1682M (82%)        1682M (82%)        1268M (62%)    
[87.733s][info][gc,heap     ] GC(248)      Used:      654M (32%)         752M (37%)         548M (27%)         366M (18%)         780M (38%)         366M (18%)    
[87.733s][info][gc,heap     ] GC(248)      Live:         -               194M (10%)         194M (10%)         194M (10%)            -                  -          
[87.733s][info][gc,heap     ] GC(248) Allocated:         -                98M (5%)          128M (6%)          131M (6%)             -                  -          
[87.733s][info][gc,heap     ] GC(248)   Garbage:         -               459M (22%)         225M (11%)          39M (2%)             -                  -          
[87.733s][info][gc,heap     ] GC(248) Reclaimed:         -                  -               234M (11%)         419M (21%)            -                  -          
[87.733s][info][gc          ] GC(248) Garbage Collection (Allocation Rate) 654M(32%)->366M(18%)
[87.805s][info][gc,start    ] GC(249) Garbage Collection (Allocation Rate)
[87.805s][info][gc,task     ] GC(249) Using 1 workers
[87.805s][info][gc,phases   ] GC(249) Pause Mark Start 0.011ms
[87.896s][info][gc,phases   ] GC(249) Concurrent Mark 90.525ms
[87.896s][info][gc,phases   ] GC(249) Pause Mark End 0.017ms
[87.896s][info][gc,phases   ] GC(249) Concurrent Mark Free 0.001ms
[87.933s][info][gc,phases   ] GC(249) Concurrent Process Non-Strong References 36.705ms
[87.933s][info][gc,phases   ] GC(249) Concurrent Reset Relocation Set 0.007ms
[87.935s][info][gc,phases   ] GC(249) Concurrent Select Relocation Set 2.351ms
[87.936s][info][gc,phases   ] GC(249) Pause Relocate Start 0.015ms
[87.940s][info][gc,phases   ] GC(249) Concurrent Relocate 4.137ms
[87.940s][info][gc,load     ] GC(249) Load: 0.00/0.00/0.00
[87.940s][info][gc,mmu      ] GC(249) MMU: 2ms/83.9%, 5ms/93.6%, 10ms/96.8%, 20ms/97.9%, 50ms/99.2%, 100ms/99.5%
[87.940s][info][gc,marking  ] GC(249) Mark: 1 stripe(s), 2 proactive flush(es), 1 terminate flush(es), 0 completion(s), 0 continuation(s) 
[87.940s][info][gc,marking  ] GC(249) Mark Stack Usage: 32M
[87.940s][info][gc,nmethod  ] GC(249) NMethods: 19128 registered, 3609 unregistered
[87.940s][info][gc,metaspace] GC(249) Metaspace: 155M used, 156M committed, 1216M reserved
[87.940s][info][gc,ref      ] GC(249) Soft: 3270 encountered, 0 discovered, 0 enqueued
[87.940s][info][gc,ref      ] GC(249) Weak: 15649 encountered, 4131 discovered, 594 enqueued
[87.940s][info][gc,ref      ] GC(249) Final: 52 encountered, 0 discovered, 0 enqueued
[87.940s][info][gc,ref      ] GC(249) Phantom: 600 encountered, 435 discovered, 0 enqueued
[87.940s][info][gc,reloc    ] GC(249) Small Pages: 99 / 198M, Empty: 0M, Relocated: 5M, In-Place: 0
[87.940s][info][gc,reloc    ] GC(249) Medium Pages: 6 / 192M, Empty: 32M, Relocated: 0M, In-Place: 0
[87.940s][info][gc,reloc    ] GC(249) Large Pages: 11 / 66M, Empty: 66M, Relocated: 0M, In-Place: 0
[87.940s][info][gc,reloc    ] GC(249) Forwarding Usage: 1M
[87.940s][info][gc,heap     ] GC(249) Min Capacity: 2048M(100%)
[87.940s][info][gc,heap     ] GC(249) Max Capacity: 2048M(100%)
[87.940s][info][gc,heap     ] GC(249) Soft Max Capacity: 2048M(100%)
[87.940s][info][gc,heap     ] GC(249)                Mark Start          Mark End        Relocate Start      Relocate End           High               Low         
[87.940s][info][gc,heap     ] GC(249)  Capacity:     2048M (100%)       2048M (100%)       2048M (100%)       2048M (100%)       2048M (100%)       2048M (100%)   
[87.940s][info][gc,heap     ] GC(249)      Free:     1592M (78%)        1494M (73%)        1552M (76%)        1662M (81%)        1674M (82%)        1454M (71%)    
[87.940s][info][gc,heap     ] GC(249)      Used:      456M (22%)         554M (27%)         496M (24%)         386M (19%)         594M (29%)         374M (18%)    
[87.940s][info][gc,heap     ] GC(249)      Live:         -               194M (9%)          194M (9%)          194M (9%)             -                  -          
[87.940s][info][gc,heap     ] GC(249) Allocated:         -                98M (5%)          138M (7%)          153M (8%)             -                  -          
[87.940s][info][gc,heap     ] GC(249)   Garbage:         -               261M (13%)         163M (8%)           37M (2%)             -                  -          
[87.940s][info][gc,heap     ] GC(249) Reclaimed:         -                  -                98M (5%)          223M (11%)            -                  -          
[87.940s][info][gc          ] GC(249) Garbage Collection (Allocation Rate) 456M(22%)->386M(19%)
[88.024s][info][gc,start    ] GC(250) Garbage Collection (System.gc())
[88.024s][info][gc,task     ] GC(250) Using 2 workers
[88.024s][info][gc,phases   ] GC(250) Pause Mark Start 0.011ms
[88.071s][info][gc,phases   ] GC(250) Concurrent Mark 46.623ms
[88.071s][info][gc,phases   ] GC(250) Pause Mark End 0.030ms
[88.071s][info][gc,phases   ] GC(250) Concurrent Mark Free 0.002ms
[88.090s][info][gc,phases   ] GC(250) Concurrent Process Non-Strong References 19.115ms
[88.090s][info][gc,phases   ] GC(250) Concurrent Reset Relocation Set 0.006ms
[88.092s][info][gc,phases   ] GC(250) Concurrent Select Relocation Set 2.090ms
[88.093s][info][gc,phases   ] GC(250) Pause Relocate Start 0.009ms
[88.097s][info][gc,phases   ] GC(250) Concurrent Relocate 4.318ms
[88.097s][info][gc,load     ] GC(250) Load: 0.00/0.00/0.00
[88.097s][info][gc,mmu      ] GC(250) MMU: 2ms/83.9%, 5ms/93.6%, 10ms/96.8%, 20ms/97.9%, 50ms/99.2%, 100ms/99.5%
[88.097s][info][gc,marking  ] GC(250) Mark: 2 stripe(s), 2 proactive flush(es), 1 terminate flush(es), 0 completion(s), 0 continuation(s) 
[88.097s][info][gc,marking  ] GC(250) Mark Stack Usage: 32M
[88.097s][info][gc,nmethod  ] GC(250) NMethods: 19177 registered, 3614 unregistered
[88.097s][info][gc,metaspace] GC(250) Metaspace: 155M used, 156M committed, 1216M reserved
[88.097s][info][gc,ref      ] GC(250) Soft: 3487 encountered, 0 discovered, 0 enqueued
[88.097s][info][gc,ref      ] GC(250) Weak: 15799 encountered, 2540 discovered, 680 enqueued
[88.097s][info][gc,ref      ] GC(250) Final: 52 encountered, 0 discovered, 0 enqueued
[88.097s][info][gc,ref      ] GC(250) Phantom: 600 encountered, 354 discovered, 0 enqueued
[88.097s][info][gc,reloc    ] GC(250) Small Pages: 88 / 176M, Empty: 4M, Relocated: 3M, In-Place: 0
[88.097s][info][gc,reloc    ] GC(250) Medium Pages: 6 / 192M, Empty: 32M, Relocated: 12M, In-Place: 0
[88.097s][info][gc,reloc    ] GC(250) Large Pages: 7 / 42M, Empty: 42M, Relocated: 0M, In-Place: 0
[88.097s][info][gc,reloc    ] GC(250) Forwarding Usage: 1M
[88.097s][info][gc,heap     ] GC(250) Min Capacity: 2048M(100%)
[88.097s][info][gc,heap     ] GC(250) Max Capacity: 2048M(100%)
[88.097s][info][gc,heap     ] GC(250) Soft Max Capacity: 2048M(100%)
[88.097s][info][gc,heap     ] GC(250)                Mark Start          Mark End        Relocate Start      Relocate End           High               Low         
[88.097s][info][gc,heap     ] GC(250)  Capacity:     2048M (100%)       2048M (100%)       2048M (100%)       2048M (100%)       2048M (100%)       2048M (100%)   
[88.097s][info][gc,heap     ] GC(250)      Free:     1638M (80%)        1636M (80%)        1702M (83%)        1856M (91%)        1858M (91%)        1626M (79%)    
[88.097s][info][gc,heap     ] GC(250)      Used:      410M (20%)         412M (20%)         346M (17%)         192M (9%)          422M (21%)         190M (9%)     
[88.097s][info][gc,heap     ] GC(250)      Live:         -               130M (6%)          130M (6%)          130M (6%)             -                  -          
[88.097s][info][gc,heap     ] GC(250) Allocated:         -                 2M (0%)           14M (1%)           23M (1%)             -                  -          
[88.097s][info][gc,heap     ] GC(250)   Garbage:         -               279M (14%)         201M (10%)          37M (2%)             -                  -          
[88.097s][info][gc,heap     ] GC(250) Reclaimed:         -                  -                78M (4%)          241M (12%)            -                  -          
[88.097s][info][gc          ] GC(250) Garbage Collection (System.gc()) 410M(20%)->192M(9%)
[88.316s][info][gc,start    ] GC(251) Garbage Collection (Allocation Rate)
[88.316s][info][gc,task     ] GC(251) Using 2 workers
[88.316s][info][gc,phases   ] GC(251) Pause Mark Start 0.010ms
[88.410s][info][gc,phases   ] GC(251) Concurrent Mark 93.610ms
[88.410s][info][gc,phases   ] GC(251) Pause Mark End 0.040ms
[88.410s][info][gc,phases   ] GC(251) Concurrent Mark Free 0.002ms
[88.428s][info][gc          ] Allocation Stall (Executor task launch worker for task 4.0 in stage 1705.0 (TID 6826)) 2.545ms
[88.428s][info][gc          ] Allocation Stall (Executor task launch worker for task 3.0 in stage 1705.0 (TID 6825)) 2.752ms
[88.428s][info][gc          ] Allocation Stall (task-result-getter-3) 2.857ms
[88.434s][info][gc,phases   ] GC(251) Concurrent Process Non-Strong References 23.354ms
[88.434s][info][gc,phases   ] GC(251) Concurrent Reset Relocation Set 0.007ms
[88.438s][info][gc,phases   ] GC(251) Concurrent Select Relocation Set 4.316ms
[88.439s][info][gc,phases   ] GC(251) Pause Relocate Start 0.018ms
[88.454s][info][gc,phases   ] GC(251) Concurrent Relocate 15.633ms
[88.454s][info][gc,load     ] GC(251) Load: 0.00/0.00/0.00
[88.454s][info][gc,mmu      ] GC(251) MMU: 2ms/83.9%, 5ms/93.6%, 10ms/96.8%, 20ms/97.9%, 50ms/99.2%, 100ms/99.5%
[88.454s][info][gc,marking  ] GC(251) Mark: 2 stripe(s), 2 proactive flush(es), 1 terminate flush(es), 0 completion(s), 0 continuation(s) 
[88.454s][info][gc,marking  ] GC(251) Mark Stack Usage: 32M
[88.454s][info][gc,nmethod  ] GC(251) NMethods: 19176 registered, 3630 unregistered
[88.454s][info][gc,metaspace] GC(251) Metaspace: 155M used, 156M committed, 1216M reserved
[88.454s][info][gc,ref      ] GC(251) Soft: 3551 encountered, 0 discovered, 0 enqueued
[88.454s][info][gc,ref      ] GC(251) Weak: 15480 encountered, 2188 discovered, 205 enqueued
[88.454s][info][gc,ref      ] GC(251) Final: 52 encountered, 0 discovered, 0 enqueued
[88.455s][info][gc,ref      ] GC(251) Phantom: 600 encountered, 373 discovered, 0 enqueued
[88.455s][info][gc,reloc    ] GC(251) Small Pages: 529 / 1058M, Empty: 810M, Relocated: 10M, In-Place: 0
[88.455s][info][gc,reloc    ] GC(251) Medium Pages: 5 / 160M, Empty: 0M, Relocated: 25M, In-Place: 0
[88.455s][info][gc,reloc    ] GC(251) Large Pages: 6 / 36M, Empty: 36M, Relocated: 0M, In-Place: 0
[88.455s][info][gc,reloc    ] GC(251) Forwarding Usage: 2M
[88.455s][info][gc,heap     ] GC(251) Min Capacity: 2048M(100%)
[88.455s][info][gc,heap     ] GC(251) Max Capacity: 2048M(100%)
[88.455s][info][gc,heap     ] GC(251) Soft Max Capacity: 2048M(100%)
[88.455s][info][gc,heap     ] GC(251)                Mark Start          Mark End        Relocate Start      Relocate End           High               Low         
[88.455s][info][gc,heap     ] GC(251)  Capacity:     2048M (100%)       2048M (100%)       2048M (100%)       2048M (100%)       2048M (100%)       2048M (100%)   
[88.455s][info][gc,heap     ] GC(251)      Free:      794M (39%)         106M (5%)          834M (41%)        1018M (50%)        1026M (50%)           0M (0%)     
[88.455s][info][gc,heap     ] GC(251)      Used:     1254M (61%)        1942M (95%)        1214M (59%)        1030M (50%)        2048M (100%)       1022M (50%)    
[88.455s][info][gc,heap     ] GC(251)      Live:         -               149M (7%)          149M (7%)          149M (7%)             -                  -          
[88.455s][info][gc,heap     ] GC(251) Allocated:         -               688M (34%)         806M (39%)         857M (42%)            -                  -          
[88.455s][info][gc,heap     ] GC(251)   Garbage:         -              1104M (54%)         258M (13%)          22M (1%)             -                  -          
[88.455s][info][gc,heap     ] GC(251) Reclaimed:         -                  -               846M (41%)        1081M (53%)            -                  -          
[88.455s][info][gc          ] GC(251) Garbage Collection (Allocation Rate) 1254M(61%)->1030M(50%)
[88.505s][info][gc,start    ] GC(252) Garbage Collection (Allocation Stall)
[88.505s][info][gc,ref      ] GC(252) Clearing All SoftReferences
[88.505s][info][gc,task     ] GC(252) Using 2 workers
[88.505s][info][gc,ref      ] GC(252) Clearing All SoftReferences
[88.505s][info][gc,phases   ] GC(252) Pause Mark Start 0.072ms
[88.567s][info][gc,phases   ] GC(252) Concurrent Mark 61.687ms
[88.567s][info][gc,phases   ] GC(252) Pause Mark End 0.287ms
[88.582s][info][gc,phases   ] GC(252) Concurrent Mark Continue 15.112ms
[88.582s][info][gc,phases   ] GC(252) Pause Mark End 0.023ms
[88.582s][info][gc,phases   ] GC(252) Concurrent Mark Free 0.001ms
[88.620s][info][gc,phases   ] GC(252) Concurrent Process Non-Strong References 37.505ms
[88.620s][info][gc,phases   ] GC(252) Concurrent Reset Relocation Set 0.009ms
[88.622s][info][gc,phases   ] GC(252) Concurrent Select Relocation Set 1.835ms
[88.622s][info][gc,phases   ] GC(252) Pause Relocate Start 0.008ms
[88.639s][info][gc,phases   ] GC(252) Concurrent Relocate 17.249ms
[88.639s][info][gc,load     ] GC(252) Load: 0.00/0.00/0.00
[88.639s][info][gc,mmu      ] GC(252) MMU: 2ms/83.9%, 5ms/93.6%, 10ms/96.8%, 20ms/97.9%, 50ms/99.2%, 100ms/99.5%
[88.639s][info][gc,marking  ] GC(252) Mark: 2 stripe(s), 3 proactive flush(es), 2 terminate flush(es), 1 completion(s), 1 continuation(s) 
[88.639s][info][gc,marking  ] GC(252) Mark Stack Usage: 32M
[88.639s][info][gc,nmethod  ] GC(252) NMethods: 19178 registered, 3630 unregistered
[88.639s][info][gc,metaspace] GC(252) Metaspace: 155M used, 156M committed, 1216M reserved
[88.639s][info][gc,ref      ] GC(252) Soft: 3485 encountered, 3103 discovered, 216 enqueued
[88.639s][info][gc,ref      ] GC(252) Weak: 15289 encountered, 2188 discovered, 51 enqueued
[88.639s][info][gc,ref      ] GC(252) Final: 52 encountered, 0 discovered, 0 enqueued
[88.639s][info][gc,ref      ] GC(252) Phantom: 600 encountered, 369 discovered, 0 enqueued
[88.639s][info][gc,reloc    ] GC(252) Small Pages: 449 / 898M, Empty: 576M, Relocated: 3M, In-Place: 0
[88.639s][info][gc,reloc    ] GC(252) Medium Pages: 9 / 288M, Empty: 0M, Relocated: 49M, In-Place: 0
[88.639s][info][gc,reloc    ] GC(252) Large Pages: 1 / 6M, Empty: 6M, Relocated: 0M, In-Place: 0
[88.639s][info][gc,reloc    ] GC(252) Forwarding Usage: 0M
[88.639s][info][gc,heap     ] GC(252) Min Capacity: 2048M(100%)
[88.639s][info][gc,heap     ] GC(252) Max Capacity: 2048M(100%)
[88.639s][info][gc,heap     ] GC(252) Soft Max Capacity: 2048M(100%)
[88.639s][info][gc,heap     ] GC(252)                Mark Start          Mark End        Relocate Start      Relocate End           High               Low         
[88.639s][info][gc,heap     ] GC(252)  Capacity:     2048M (100%)       2048M (100%)       2048M (100%)       2048M (100%)       2048M (100%)       2048M (100%)   
[88.639s][info][gc,heap     ] GC(252)      Free:      856M (42%)         772M (38%)        1316M (64%)        1688M (82%)        1688M (82%)         734M (36%)    
[88.639s][info][gc,heap     ] GC(252)      Used:     1192M (58%)        1276M (62%)         732M (36%)         360M (18%)        1314M (64%)         360M (18%)    
[88.639s][info][gc,heap     ] GC(252)      Live:         -               192M (9%)          192M (9%)          192M (9%)             -                  -          
[88.639s][info][gc,heap     ] GC(252) Allocated:         -                84M (4%)          122M (6%)          125M (6%)             -                  -          
[88.639s][info][gc,heap     ] GC(252)   Garbage:         -               999M (49%)         417M (20%)          41M (2%)             -                  -          
[88.639s][info][gc,heap     ] GC(252) Reclaimed:         -                  -               582M (28%)         957M (47%)            -                  -          
[88.640s][info][gc          ] GC(252) Garbage Collection (Allocation Stall) 1192M(58%)->360M(18%)
[88.710s][info][gc,start    ] GC(253) Garbage Collection (Allocation Rate)
[88.710s][info][gc,task     ] GC(253) Using 2 workers
[88.710s][info][gc,phases   ] GC(253) Pause Mark Start 0.008ms
[88.772s][info][gc,phases   ] GC(253) Concurrent Mark 61.347ms
[88.772s][info][gc,phases   ] GC(253) Pause Mark End 0.098ms
[88.772s][info][gc,phases   ] GC(253) Concurrent Mark Free 0.001ms
[88.793s][info][gc,phases   ] GC(253) Concurrent Process Non-Strong References 20.616ms
[88.793s][info][gc,phases   ] GC(253) Concurrent Reset Relocation Set 0.006ms
[88.795s][info][gc,phases   ] GC(253) Concurrent Select Relocation Set 2.227ms
[88.795s][info][gc,phases   ] GC(253) Pause Relocate Start 0.009ms
[88.798s][info][gc,phases   ] GC(253) Concurrent Relocate 2.562ms
[88.798s][info][gc,load     ] GC(253) Load: 0.00/0.00/0.00
[88.798s][info][gc,mmu      ] GC(253) MMU: 2ms/83.9%, 5ms/93.6%, 10ms/96.8%, 20ms/97.9%, 50ms/99.2%, 100ms/99.5%
[88.798s][info][gc,marking  ] GC(253) Mark: 2 stripe(s), 2 proactive flush(es), 1 terminate flush(es), 1 completion(s), 0 continuation(s) 
[88.798s][info][gc,marking  ] GC(253) Mark Stack Usage: 32M
[88.798s][info][gc,nmethod  ] GC(253) NMethods: 19180 registered, 3633 unregistered
[88.798s][info][gc,metaspace] GC(253) Metaspace: 155M used, 156M committed, 1216M reserved
[88.798s][info][gc,ref      ] GC(253) Soft: 3270 encountered, 0 discovered, 0 enqueued
[88.798s][info][gc,ref      ] GC(253) Weak: 15634 encountered, 4337 discovered, 585 enqueued
[88.798s][info][gc,ref      ] GC(253) Final: 52 encountered, 0 discovered, 0 enqueued
[88.798s][info][gc,ref      ] GC(253) Phantom: 600 encountered, 310 discovered, 0 enqueued
[88.798s][info][gc,reloc    ] GC(253) Small Pages: 83 / 166M, Empty: 2M, Relocated: 4M, In-Place: 0
[88.798s][info][gc,reloc    ] GC(253) Medium Pages: 6 / 192M, Empty: 32M, Relocated: 0M, In-Place: 0
[88.798s][info][gc,reloc    ] GC(253) Large Pages: 11 / 66M, Empty: 66M, Relocated: 0M, In-Place: 0
[88.798s][info][gc,reloc    ] GC(253) Forwarding Usage: 1M
[88.798s][info][gc,heap     ] GC(253) Min Capacity: 2048M(100%)
[88.798s][info][gc,heap     ] GC(253) Max Capacity: 2048M(100%)
[88.798s][info][gc,heap     ] GC(253) Soft Max Capacity: 2048M(100%)
[88.798s][info][gc,heap     ] GC(253)                Mark Start          Mark End        Relocate Start      Relocate End           High               Low         
[88.798s][info][gc,heap     ] GC(253)  Capacity:     2048M (100%)       2048M (100%)       2048M (100%)       2048M (100%)       2048M (100%)       2048M (100%)   
[88.798s][info][gc,heap     ] GC(253)      Free:     1624M (79%)        1546M (75%)        1618M (79%)        1704M (83%)        1706M (83%)        1518M (74%)    
[88.798s][info][gc,heap     ] GC(253)      Used:      424M (21%)         502M (25%)         430M (21%)         344M (17%)         530M (26%)         342M (17%)    
[88.798s][info][gc,heap     ] GC(253)      Live:         -               193M (9%)          193M (9%)          193M (9%)             -                  -          
[88.798s][info][gc,heap     ] GC(253) Allocated:         -                78M (4%)          106M (5%)          111M (5%)             -                  -          
[88.798s][info][gc,heap     ] GC(253)   Garbage:         -               230M (11%)         130M (6%)           38M (2%)             -                  -          
[88.798s][info][gc,heap     ] GC(253) Reclaimed:         -                  -               100M (5%)          191M (9%)             -                  -          
[88.798s][info][gc          ] GC(253) Garbage Collection (Allocation Rate) 424M(21%)->344M(17%)
[88.803s][info][gc,start    ] GC(254) Garbage Collection (Allocation Rate)
[88.803s][info][gc,task     ] GC(254) Using 2 workers
[88.803s][info][gc,phases   ] GC(254) Pause Mark Start 0.006ms
[88.852s][info][gc,phases   ] GC(254) Concurrent Mark 48.753ms
[88.852s][info][gc,phases   ] GC(254) Pause Mark End 0.029ms
[88.852s][info][gc,phases   ] GC(254) Concurrent Mark Free 0.001ms
[88.871s][info][gc,phases   ] GC(254) Concurrent Process Non-Strong References 18.972ms
[88.871s][info][gc,phases   ] GC(254) Concurrent Reset Relocation Set 0.004ms
[88.873s][info][gc,phases   ] GC(254) Concurrent Select Relocation Set 1.932ms
[88.873s][info][gc,phases   ] GC(254) Pause Relocate Start 0.011ms
[88.875s][info][gc,phases   ] GC(254) Concurrent Relocate 1.258ms
[88.875s][info][gc,load     ] GC(254) Load: 0.00/0.00/0.00
[88.875s][info][gc,mmu      ] GC(254) MMU: 2ms/83.9%, 5ms/93.6%, 10ms/96.8%, 20ms/97.9%, 50ms/99.2%, 100ms/99.5%
[88.875s][info][gc,marking  ] GC(254) Mark: 2 stripe(s), 2 proactive flush(es), 1 terminate flush(es), 0 completion(s), 0 continuation(s) 
[88.875s][info][gc,marking  ] GC(254) Mark Stack Usage: 32M
[88.875s][info][gc,nmethod  ] GC(254) NMethods: 19178 registered, 3637 unregistered
[88.875s][info][gc,metaspace] GC(254) Metaspace: 155M used, 156M committed, 1216M reserved
[88.875s][info][gc,ref      ] GC(254) Soft: 3269 encountered, 0 discovered, 0 enqueued
[88.875s][info][gc,ref      ] GC(254) Weak: 15261 encountered, 2363 discovered, 156 enqueued
[88.875s][info][gc,ref      ] GC(254) Final: 52 encountered, 0 discovered, 0 enqueued
[88.875s][info][gc,ref      ] GC(254) Phantom: 600 encountered, 286 discovered, 0 enqueued
[88.875s][info][gc,reloc    ] GC(254) Small Pages: 66 / 132M, Empty: 2M, Relocated: 1M, In-Place: 0
[88.875s][info][gc,reloc    ] GC(254) Medium Pages: 6 / 192M, Empty: 32M, Relocated: 0M, In-Place: 0
[88.875s][info][gc,reloc    ] GC(254) Large Pages: 4 / 24M, Empty: 24M, Relocated: 0M, In-Place: 0
[88.875s][info][gc,reloc    ] GC(254) Forwarding Usage: 0M
[88.875s][info][gc,heap     ] GC(254) Min Capacity: 2048M(100%)
[88.875s][info][gc,heap     ] GC(254) Max Capacity: 2048M(100%)
[88.875s][info][gc,heap     ] GC(254) Soft Max Capacity: 2048M(100%)
[88.875s][info][gc,heap     ] GC(254)                Mark Start          Mark End        Relocate Start      Relocate End           High               Low         
[88.875s][info][gc,heap     ] GC(254)  Capacity:     2048M (100%)       2048M (100%)       2048M (100%)       2048M (100%)       2048M (100%)       2048M (100%)   
[88.875s][info][gc,heap     ] GC(254)      Free:     1700M (83%)        1626M (79%)        1670M (82%)        1726M (84%)        1726M (84%)        1612M (79%)    
[88.875s][info][gc,heap     ] GC(254)      Used:      348M (17%)         422M (21%)         378M (18%)         322M (16%)         436M (21%)         322M (16%)    
[88.875s][info][gc,heap     ] GC(254)      Live:         -               193M (9%)          193M (9%)          193M (9%)             -                  -          
[88.875s][info][gc,heap     ] GC(254) Allocated:         -                74M (4%)           88M (4%)           88M (4%)             -                  -          
[88.875s][info][gc,heap     ] GC(254)   Garbage:         -               154M (8%)           96M (5%)           40M (2%)             -                  -          
[88.875s][info][gc,heap     ] GC(254) Reclaimed:         -                  -                58M (3%)          114M (6%)             -                  -          
[88.875s][info][gc          ] GC(254) Garbage Collection (Allocation Rate) 348M(17%)->322M(16%)
[88.902s][info][gc,start    ] GC(255) Garbage Collection (Allocation Rate)
[88.902s][info][gc,task     ] GC(255) Using 2 workers
[88.902s][info][gc,phases   ] GC(255) Pause Mark Start 0.007ms
[88.960s][info][gc,phases   ] GC(255) Concurrent Mark 57.508ms
[88.960s][info][gc,phases   ] GC(255) Pause Mark End 0.075ms
[88.960s][info][gc,phases   ] GC(255) Concurrent Mark Free 0.001ms
[88.980s][info][gc,phases   ] GC(255) Concurrent Process Non-Strong References 20.045ms
[88.980s][info][gc,phases   ] GC(255) Concurrent Reset Relocation Set 0.003ms
[88.982s][info][gc,phases   ] GC(255) Concurrent Select Relocation Set 2.083ms
[88.983s][info][gc,phases   ] GC(255) Pause Relocate Start 0.010ms
[88.984s][info][gc,phases   ] GC(255) Concurrent Relocate 1.640ms
[88.984s][info][gc,load     ] GC(255) Load: 0.00/0.00/0.00
[88.984s][info][gc,mmu      ] GC(255) MMU: 2ms/83.9%, 5ms/93.6%, 10ms/96.8%, 20ms/97.9%, 50ms/99.2%, 100ms/99.5%
[88.984s][info][gc,marking  ] GC(255) Mark: 2 stripe(s), 2 proactive flush(es), 1 terminate flush(es), 1 completion(s), 0 continuation(s) 
[88.984s][info][gc,marking  ] GC(255) Mark Stack Usage: 32M
[88.984s][info][gc,nmethod  ] GC(255) NMethods: 19180 registered, 3639 unregistered
[88.984s][info][gc,metaspace] GC(255) Metaspace: 155M used, 156M committed, 1216M reserved
[88.984s][info][gc,ref      ] GC(255) Soft: 3267 encountered, 0 discovered, 0 enqueued
[88.984s][info][gc,ref      ] GC(255) Weak: 15334 encountered, 4088 discovered, 292 enqueued
[88.984s][info][gc,ref      ] GC(255) Final: 52 encountered, 0 discovered, 0 enqueued
[88.984s][info][gc,ref      ] GC(255) Phantom: 600 encountered, 327 discovered, 0 enqueued
[88.984s][info][gc,reloc    ] GC(255) Small Pages: 61 / 122M, Empty: 2M, Relocated: 3M, In-Place: 0
[88.984s][info][gc,reloc    ] GC(255) Medium Pages: 6 / 192M, Empty: 32M, Relocated: 0M, In-Place: 0
[88.984s][info][gc,reloc    ] GC(255) Large Pages: 5 / 30M, Empty: 30M, Relocated: 0M, In-Place: 0
[88.984s][info][gc,reloc    ] GC(255) Forwarding Usage: 1M
[88.984s][info][gc,heap     ] GC(255) Min Capacity: 2048M(100%)
[88.984s][info][gc,heap     ] GC(255) Max Capacity: 2048M(100%)
[88.984s][info][gc,heap     ] GC(255) Soft Max Capacity: 2048M(100%)
[88.984s][info][gc,heap     ] GC(255)                Mark Start          Mark End        Relocate Start      Relocate End           High               Low         
[88.984s][info][gc,heap     ] GC(255)  Capacity:     2048M (100%)       2048M (100%)       2048M (100%)       2048M (100%)       2048M (100%)       2048M (100%)   
[88.984s][info][gc,heap     ] GC(255)      Free:     1704M (83%)        1620M (79%)        1662M (81%)        1710M (83%)        1710M (83%)        1598M (78%)    
[88.984s][info][gc,heap     ] GC(255)      Used:      344M (17%)         428M (21%)         386M (19%)         338M (17%)         450M (22%)         338M (17%)    
[88.984s][info][gc,heap     ] GC(255)      Live:         -               193M (9%)          193M (9%)          193M (9%)             -                  -          
[88.984s][info][gc,heap     ] GC(255) Allocated:         -                84M (4%)          106M (5%)          105M (5%)             -                  -          
[88.984s][info][gc,heap     ] GC(255)   Garbage:         -               150M (7%)           86M (4%)           38M (2%)             -                  -          
[88.984s][info][gc,heap     ] GC(255) Reclaimed:         -                  -                64M (3%)          111M (5%)             -                  -          
[88.984s][info][gc          ] GC(255) Garbage Collection (Allocation Rate) 344M(17%)->338M(17%)
[89.622s][info][gc,start    ] GC(256) Garbage Collection (Allocation Rate)
[89.622s][info][gc,task     ] GC(256) Using 2 workers
[89.622s][info][gc,phases   ] GC(256) Pause Mark Start 0.012ms
[89.683s][info][gc,phases   ] GC(256) Concurrent Mark 60.707ms
[89.683s][info][gc,phases   ] GC(256) Pause Mark End 0.056ms
[89.683s][info][gc,phases   ] GC(256) Concurrent Mark Free 0.001ms
[89.700s][info][gc,phases   ] GC(256) Concurrent Process Non-Strong References 17.553ms
[89.700s][info][gc,phases   ] GC(256) Concurrent Reset Relocation Set 0.003ms
[89.703s][info][gc,phases   ] GC(256) Concurrent Select Relocation Set 2.432ms
[89.703s][info][gc,phases   ] GC(256) Pause Relocate Start 0.009ms
[89.706s][info][gc,phases   ] GC(256) Concurrent Relocate 2.818ms
[89.706s][info][gc,load     ] GC(256) Load: 0.00/0.00/0.00
[89.706s][info][gc,mmu      ] GC(256) MMU: 2ms/83.9%, 5ms/93.6%, 10ms/96.8%, 20ms/97.9%, 50ms/99.2%, 100ms/99.5%
[89.706s][info][gc,marking  ] GC(256) Mark: 2 stripe(s), 2 proactive flush(es), 1 terminate flush(es), 1 completion(s), 0 continuation(s) 
[89.706s][info][gc,marking  ] GC(256) Mark Stack Usage: 32M
[89.706s][info][gc,nmethod  ] GC(256) NMethods: 19180 registered, 3664 unregistered
[89.706s][info][gc,metaspace] GC(256) Metaspace: 155M used, 156M committed, 1216M reserved
[89.706s][info][gc,ref      ] GC(256) Soft: 3269 encountered, 0 discovered, 0 enqueued
[89.706s][info][gc,ref      ] GC(256) Weak: 17033 encountered, 4308 discovered, 1889 enqueued
[89.706s][info][gc,ref      ] GC(256) Final: 52 encountered, 0 discovered, 0 enqueued
[89.706s][info][gc,ref      ] GC(256) Phantom: 600 encountered, 369 discovered, 0 enqueued
[89.706s][info][gc,reloc    ] GC(256) Small Pages: 198 / 396M, Empty: 10M, Relocated: 6M, In-Place: 0
[89.706s][info][gc,reloc    ] GC(256) Medium Pages: 9 / 288M, Empty: 128M, Relocated: 0M, In-Place: 0
[89.706s][info][gc,reloc    ] GC(256) Large Pages: 40 / 240M, Empty: 240M, Relocated: 0M, In-Place: 0
[89.706s][info][gc,reloc    ] GC(256) Forwarding Usage: 1M
[89.706s][info][gc,heap     ] GC(256) Min Capacity: 2048M(100%)
[89.706s][info][gc,heap     ] GC(256) Max Capacity: 2048M(100%)
[89.706s][info][gc,heap     ] GC(256) Soft Max Capacity: 2048M(100%)
[89.706s][info][gc,heap     ] GC(256)                Mark Start          Mark End        Relocate Start      Relocate End           High               Low         
[89.706s][info][gc,heap     ] GC(256)  Capacity:     2048M (100%)       2048M (100%)       2048M (100%)       2048M (100%)       2048M (100%)       2048M (100%)   
[89.706s][info][gc,heap     ] GC(256)      Free:     1124M (55%)        1042M (51%)        1412M (69%)        1708M (83%)        1712M (84%)        1034M (50%)    
[89.706s][info][gc,heap     ] GC(256)      Used:      924M (45%)        1006M (49%)         636M (31%)         340M (17%)        1014M (50%)         336M (16%)    
[89.706s][info][gc,heap     ] GC(256)      Live:         -               195M (10%)         195M (10%)         195M (10%)            -                  -          
[89.706s][info][gc,heap     ] GC(256) Allocated:         -                82M (4%)           90M (4%)          103M (5%)             -                  -          
[89.706s][info][gc,heap     ] GC(256)   Garbage:         -               728M (36%)         350M (17%)          40M (2%)             -                  -          
[89.706s][info][gc,heap     ] GC(256) Reclaimed:         -                  -               378M (18%)         687M (34%)            -                  -          
[89.706s][info][gc          ] GC(256) Garbage Collection (Allocation Rate) 924M(45%)->340M(17%)
[89.765s][info][gc,start    ] GC(257) Garbage Collection (System.gc())
[89.765s][info][gc,task     ] GC(257) Using 2 workers
[89.765s][info][gc,phases   ] GC(257) Pause Mark Start 0.009ms
[89.813s][info][gc,phases   ] GC(257) Concurrent Mark 47.411ms
[89.813s][info][gc,phases   ] GC(257) Pause Mark End 0.029ms
[89.813s][info][gc,phases   ] GC(257) Concurrent Mark Free 0.003ms
[89.831s][info][gc,phases   ] GC(257) Concurrent Process Non-Strong References 17.811ms
[89.831s][info][gc,phases   ] GC(257) Concurrent Reset Relocation Set 0.008ms
[89.833s][info][gc,phases   ] GC(257) Concurrent Select Relocation Set 1.773ms
[89.833s][info][gc,phases   ] GC(257) Pause Relocate Start 0.009ms
[89.835s][info][gc,phases   ] GC(257) Concurrent Relocate 2.175ms
[89.835s][info][gc,load     ] GC(257) Load: 0.00/0.00/0.00
[89.835s][info][gc,mmu      ] GC(257) MMU: 2ms/83.9%, 5ms/93.6%, 10ms/96.8%, 20ms/97.9%, 50ms/99.2%, 100ms/99.5%
[89.835s][info][gc,marking  ] GC(257) Mark: 2 stripe(s), 2 proactive flush(es), 1 terminate flush(es), 0 completion(s), 0 continuation(s) 
[89.835s][info][gc,marking  ] GC(257) Mark Stack Usage: 32M
[89.835s][info][gc,nmethod  ] GC(257) NMethods: 19186 registered, 3677 unregistered
[89.835s][info][gc,metaspace] GC(257) Metaspace: 155M used, 156M committed, 1216M reserved
[89.835s][info][gc,ref      ] GC(257) Soft: 3485 encountered, 0 discovered, 0 enqueued
[89.835s][info][gc,ref      ] GC(257) Weak: 15668 encountered, 3719 discovered, 553 enqueued
[89.835s][info][gc,ref      ] GC(257) Final: 52 encountered, 0 discovered, 0 enqueued
[89.835s][info][gc,ref      ] GC(257) Phantom: 600 encountered, 368 discovered, 0 enqueued
[89.835s][info][gc,reloc    ] GC(257) Small Pages: 86 / 172M, Empty: 2M, Relocated: 3M, In-Place: 0
[89.835s][info][gc,reloc    ] GC(257) Medium Pages: 6 / 192M, Empty: 96M, Relocated: 0M, In-Place: 0
[89.835s][info][gc,reloc    ] GC(257) Large Pages: 3 / 18M, Empty: 18M, Relocated: 0M, In-Place: 0
[89.835s][info][gc,reloc    ] GC(257) Forwarding Usage: 1M
[89.835s][info][gc,heap     ] GC(257) Min Capacity: 2048M(100%)
[89.835s][info][gc,heap     ] GC(257) Max Capacity: 2048M(100%)
[89.835s][info][gc,heap     ] GC(257) Soft Max Capacity: 2048M(100%)
[89.835s][info][gc,heap     ] GC(257)                Mark Start          Mark End        Relocate Start      Relocate End           High               Low         
[89.835s][info][gc,heap     ] GC(257)  Capacity:     2048M (100%)       2048M (100%)       2048M (100%)       2048M (100%)       2048M (100%)       2048M (100%)   
[89.835s][info][gc,heap     ] GC(257)      Free:     1666M (81%)        1666M (81%)        1772M (87%)        1866M (91%)        1866M (91%)        1656M (81%)    
[89.835s][info][gc,heap     ] GC(257)      Used:      382M (19%)         382M (19%)         276M (13%)         182M (9%)          392M (19%)         182M (9%)     
[89.835s][info][gc,heap     ] GC(257)      Live:         -               130M (6%)          130M (6%)          130M (6%)             -                  -          
[89.835s][info][gc,heap     ] GC(257) Allocated:         -                 0M (0%)           10M (0%)           15M (1%)             -                  -          
[89.835s][info][gc,heap     ] GC(257)   Garbage:         -               251M (12%)         135M (7%)           35M (2%)             -                  -          
[89.835s][info][gc,heap     ] GC(257) Reclaimed:         -                  -               116M (6%)          215M (11%)            -                  -          
[89.835s][info][gc          ] GC(257) Garbage Collection (System.gc()) 382M(19%)->182M(9%)
[90.106s][info][gc,start    ] GC(258) Garbage Collection (Allocation Rate)
[90.107s][info][gc,stats    ] === Garbage Collection Statistics =======================================================================================================================
[90.107s][info][gc,task     ] GC(258) Using 2 workers
[90.107s][info][gc,stats    ]                                                              Last 10s              Last 10m              Last 10h                Total
[90.107s][info][gc,stats    ]                                                              Avg / Max             Avg / Max             Avg / Max             Avg / Max
[90.107s][info][gc,stats    ]   Collector: Garbage Collection Cycle                     99.867 / 167.494      94.457 / 235.178      94.457 / 235.178      94.457 / 235.178     ms
[90.107s][info][gc,stats    ]  Contention: Mark Segment Reset Contention                     7 / 47                3 / 51                3 / 51                3 / 51          ops/s
[90.107s][info][gc,stats    ]  Contention: Mark SeqNum Reset Contention                      0 / 1                 0 / 3                 0 / 3                 0 / 3           ops/s
[90.107s][info][gc,stats    ]    Critical: Allocation Stall                                  2 / 6                 2 / 8                 2 / 8                 2 / 8           ops/s
[90.107s][info][gc,stats    ]    Critical: Allocation Stall                             27.540 / 47.069       43.211 / 93.951       43.211 / 93.951       43.211 / 93.951      ms
[90.107s][info][gc,stats    ]    Critical: GC Locker Stall                                   0 / 1                 0 / 2                 0 / 2                 0 / 2           ops/s
[90.107s][info][gc,stats    ]    Critical: GC Locker Stall                               0.018 / 0.022         0.019 / 0.041         0.019 / 0.041         0.019 / 0.041       ms
[90.107s][info][gc,stats    ]    Critical: Relocation Stall                                  0 / 0                 0 / 0                 0 / 0                 0 / 0           ops/s
[90.107s][info][gc,stats    ]    Critical: Relocation Stall                              0.000 / 0.000         0.000 / 0.000         0.000 / 0.000         0.000 / 0.000       ms
[90.107s][info][gc,stats    ]      Memory: Allocation Rate                                1980 / 2818           1549 / 3030           1549 / 3030           1549 / 3030        MB/s
[90.107s][info][gc,stats    ]      Memory: Defragment                                       46 / 102              40 / 138              40 / 138              40 / 138         ops/s
[90.107s][info][gc,stats    ]      Memory: Out Of Memory                                     0 / 0                 0 / 0                 0 / 0                 0 / 0           ops/s
[90.107s][info][gc,stats    ]      Memory: Page Cache Flush                                240 / 438             190 / 438             190 / 438             190 / 438         MB/s
[90.107s][info][gc,stats    ]      Memory: Page Cache Hit L1                               708 / 1063            538 / 1168            538 / 1168            538 / 1168        ops/s
[90.107s][info][gc,stats    ]      Memory: Page Cache Hit L2                                 0 / 0                 0 / 0                 0 / 0                 0 / 0           ops/s
[90.107s][info][gc,stats    ]      Memory: Page Cache Hit L3                                45 / 82               48 / 265              48 / 265              48 / 265         ops/s
[90.107s][info][gc,stats    ]      Memory: Page Cache Miss                                   9 / 22                6 / 24                6 / 24                6 / 24          ops/s
[90.107s][info][gc,stats    ]      Memory: Uncommit                                          0 / 0                 0 / 0                 0 / 0                 0 / 0           MB/s
[90.107s][info][gc,stats    ]      Memory: Undo Object Allocation Failed                     0 / 0                 0 / 5                 0 / 5                 0 / 5           ops/s
[90.107s][info][gc,stats    ]      Memory: Undo Object Allocation Succeeded                 11 / 65               86 / 2789             86 / 2789             86 / 2789        ops/s
[90.107s][info][gc,stats    ]      Memory: Undo Page Allocation                              3 / 6                 3 / 12                3 / 12                3 / 12          ops/s
[90.107s][info][gc,stats    ]       Phase: Concurrent Mark                              63.228 / 109.392      59.736 / 160.845      59.736 / 160.845      59.736 / 160.845     ms
[90.107s][info][gc,stats    ]       Phase: Concurrent Mark Continue                     15.071 / 15.112       15.071 / 15.112       15.071 / 15.112       15.071 / 15.112      ms
[90.107s][info][gc,stats    ]       Phase: Concurrent Mark Free                          0.002 / 0.003         0.001 / 0.005         0.001 / 0.005         0.001 / 0.005       ms
[90.107s][info][gc,stats    ]       Phase: Concurrent Process Non-Strong References     25.860 / 37.884       23.680 / 63.816       23.680 / 63.816       23.680 / 63.816      ms
[90.107s][info][gc,stats    ]       Phase: Concurrent Relocate                           6.545 / 23.890        7.237 / 78.506        7.237 / 78.506        7.237 / 78.506      ms
[90.107s][info][gc,stats    ]       Phase: Concurrent Reset Relocation Set               0.006 / 0.011         0.006 / 0.023         0.006 / 0.023         0.006 / 0.023       ms
[90.107s][info][gc,phases   ] GC(258) Pause Mark Start 0.009ms
[90.107s][info][gc,stats    ]       Phase: Concurrent Select Relocation Set              2.409 / 5.690         2.473 / 6.265         2.473 / 6.265         2.473 / 6.265       ms
[90.107s][info][gc,stats    ]       Phase: Pause Mark End                                0.062 / 0.321         0.049 / 0.321         0.049 / 0.321         0.049 / 0.321       ms
[90.107s][info][gc,stats    ]       Phase: Pause Mark Start                              0.016 / 0.072         0.016 / 0.077         0.016 / 0.077         0.016 / 0.077       ms
[90.107s][info][gc,stats    ]       Phase: Pause Relocate Start                          0.010 / 0.018         0.010 / 0.086         0.010 / 0.086         0.010 / 0.086       ms
[90.107s][info][gc,stats    ]    Subphase: Concurrent Classes Purge                      0.080 / 0.308         0.144 / 2.002         0.144 / 2.002         0.144 / 2.002       ms
[90.107s][info][gc,stats    ]    Subphase: Concurrent Classes Unlink                    23.926 / 35.985       21.096 / 38.983       21.096 / 38.983       21.096 / 38.983      ms
[90.107s][info][gc,stats    ]    Subphase: Concurrent Mark                              50.043 / 103.705      49.471 / 147.243      49.471 / 147.243      49.471 / 147.243     ms
[90.107s][info][gc,stats    ]    Subphase: Concurrent Mark Try Flush                     0.337 / 17.779        0.602 / 29.293        0.602 / 29.293        0.602 / 29.293      ms
[90.107s][info][gc,stats    ]    Subphase: Concurrent Mark Try Terminate                 3.050 / 21.336        3.360 / 22.417        3.360 / 22.417        3.360 / 22.417      ms
[90.107s][info][gc,stats    ]    Subphase: Concurrent References Enqueue                 0.005 / 0.008         0.005 / 0.017         0.005 / 0.017         0.005 / 0.017       ms
[90.107s][info][gc,stats    ]    Subphase: Concurrent References Process                 0.380 / 0.689         0.503 / 1.136         0.503 / 1.136         0.503 / 1.136       ms
[90.107s][info][gc,stats    ]    Subphase: Concurrent Roots ClassLoaderDataGraph         0.223 / 0.578         0.205 / 0.578         0.205 / 0.578         0.205 / 0.578       ms
[90.107s][info][gc,stats    ]    Subphase: Concurrent Roots CodeCache                    0.000 / 0.000         0.000 / 0.000         0.000 / 0.000         0.000 / 0.000       ms
[90.107s][info][gc,stats    ]    Subphase: Concurrent Roots JavaThreads                  4.723 / 8.226         4.943 / 13.179        4.943 / 13.179        4.943 / 13.179      ms
[90.107s][info][gc,stats    ]    Subphase: Concurrent Roots OopStorageSet                0.068 / 0.125         0.066 / 0.210         0.066 / 0.210         0.066 / 0.210       ms
[90.107s][info][gc,stats    ]    Subphase: Concurrent Weak Roots OopStorageSet           1.051 / 2.128         1.006 / 2.128         1.006 / 2.128         1.006 / 2.128       ms
[90.107s][info][gc,stats    ]    Subphase: Pause Mark Try Complete                       0.032 / 0.234         0.018 / 0.234         0.018 / 0.234         0.018 / 0.234       ms
[90.107s][info][gc,stats    ]      System: Java Threads                                    284 / 285             269 / 286             269 / 286             269 / 286         threads
[90.107s][info][gc,stats    ] =========================================================================================================================================================
[90.185s][info][gc,phases   ] GC(258) Concurrent Mark 77.791ms
[90.185s][info][gc,phases   ] GC(258) Pause Mark End 0.033ms
[90.185s][info][gc,phases   ] GC(258) Concurrent Mark Free 0.003ms
[90.221s][info][gc,phases   ] GC(258) Concurrent Process Non-Strong References 35.013ms
[90.221s][info][gc,phases   ] GC(258) Concurrent Reset Relocation Set 0.004ms
[90.221s][info][gc          ] Allocation Stall (Executor task launch worker for task 3.0 in stage 1751.0 (TID 7009)) 54.138ms
[90.221s][info][gc          ] Allocation Stall (Executor task launch worker for task 0.0 in stage 1751.0 (TID 7006)) 55.543ms
[90.221s][info][gc          ] Allocation Stall (Executor task launch worker for task 1.0 in stage 1751.0 (TID 7007)) 53.975ms
[90.221s][info][gc          ] Allocation Stall (netty-rpc-env-timeout) 0.084ms
[90.221s][info][gc          ] Allocation Stall (Executor task launch worker for task 4.0 in stage 1751.0 (TID 7010)) 54.662ms
[90.221s][info][gc          ] Allocation Stall (Executor task launch worker for task 2.0 in stage 1751.0 (TID 7008)) 54.625ms
[90.224s][info][gc,phases   ] GC(258) Concurrent Select Relocation Set 3.800ms
[90.225s][info][gc,phases   ] GC(258) Pause Relocate Start 0.021ms
[90.251s][info][gc,phases   ] GC(258) Concurrent Relocate 26.357ms
[90.251s][info][gc,load     ] GC(258) Load: 0.00/0.00/0.00
[90.251s][info][gc,mmu      ] GC(258) MMU: 2ms/83.9%, 5ms/93.6%, 10ms/96.8%, 20ms/97.9%, 50ms/99.2%, 100ms/99.5%
[90.251s][info][gc,marking  ] GC(258) Mark: 2 stripe(s), 2 proactive flush(es), 1 terminate flush(es), 0 completion(s), 0 continuation(s) 
[90.251s][info][gc,marking  ] GC(258) Mark Stack Usage: 32M
[90.251s][info][gc,nmethod  ] GC(258) NMethods: 19198 registered, 3683 unregistered
[90.251s][info][gc,metaspace] GC(258) Metaspace: 155M used, 157M committed, 1216M reserved
[90.251s][info][gc,ref      ] GC(258) Soft: 3549 encountered, 0 discovered, 0 enqueued
[90.251s][info][gc,ref      ] GC(258) Weak: 15484 encountered, 2349 discovered, 226 enqueued
[90.251s][info][gc,ref      ] GC(258) Final: 52 encountered, 0 discovered, 0 enqueued
[90.251s][info][gc,ref      ] GC(258) Phantom: 600 encountered, 376 discovered, 0 enqueued
[90.251s][info][gc,reloc    ] GC(258) Small Pages: 740 / 1480M, Empty: 1118M, Relocated: 6M, In-Place: 0
[90.251s][info][gc,reloc    ] GC(258) Medium Pages: 8 / 256M, Empty: 0M, Relocated: 54M, In-Place: 0
[90.251s][info][gc,reloc    ] GC(258) Large Pages: 6 / 36M, Empty: 36M, Relocated: 0M, In-Place: 0
[90.251s][info][gc,reloc    ] GC(258) Forwarding Usage: 0M
[90.251s][info][gc,heap     ] GC(258) Min Capacity: 2048M(100%)
[90.251s][info][gc,heap     ] GC(258) Max Capacity: 2048M(100%)
[90.251s][info][gc,heap     ] GC(258) Soft Max Capacity: 2048M(100%)
[90.251s][info][gc,heap     ] GC(258)                Mark Start          Mark End        Relocate Start      Relocate End           High               Low         
[90.251s][info][gc,heap     ] GC(258)  Capacity:     2048M (100%)       2048M (100%)       2048M (100%)       2048M (100%)       2048M (100%)       2048M (100%)   
[90.251s][info][gc,heap     ] GC(258)      Free:      276M (13%)           0M (0%)         1128M (55%)        1396M (68%)        1410M (69%)           0M (0%)     
[90.251s][info][gc,heap     ] GC(258)      Used:     1772M (87%)        2048M (100%)        920M (45%)         652M (32%)        2048M (100%)        638M (31%)    
[90.251s][info][gc,heap     ] GC(258)      Live:         -               177M (9%)          177M (9%)          177M (9%)             -                  -          
[90.251s][info][gc,heap     ] GC(258) Allocated:         -               276M (13%)         302M (15%)         436M (21%)            -                  -          
[90.251s][info][gc,heap     ] GC(258)   Garbage:         -              1594M (78%)         440M (22%)          38M (2%)             -                  -          
[90.251s][info][gc,heap     ] GC(258) Reclaimed:         -                  -              1154M (56%)        1556M (76%)            -                  -          
[90.251s][info][gc          ] GC(258) Garbage Collection (Allocation Rate) 1772M(87%)->652M(32%)
[90.307s][info][gc,start    ] GC(259) Garbage Collection (Allocation Stall)
[90.307s][info][gc,ref      ] GC(259) Clearing All SoftReferences
[90.307s][info][gc,task     ] GC(259) Using 2 workers
[90.307s][info][gc,ref      ] GC(259) Clearing All SoftReferences
[90.307s][info][gc,phases   ] GC(259) Pause Mark Start 0.061ms
[90.366s][info][gc,phases   ] GC(259) Concurrent Mark 59.446ms
[90.367s][info][gc,phases   ] GC(259) Pause Mark End 0.070ms
[90.367s][info][gc,phases   ] GC(259) Concurrent Mark Free 0.001ms
[90.403s][info][gc,phases   ] GC(259) Concurrent Process Non-Strong References 36.129ms
[90.403s][info][gc,phases   ] GC(259) Concurrent Reset Relocation Set 0.010ms
[90.405s][info][gc,phases   ] GC(259) Concurrent Select Relocation Set 2.149ms
[90.405s][info][gc,phases   ] GC(259) Pause Relocate Start 0.009ms
[90.421s][info][gc,phases   ] GC(259) Concurrent Relocate 15.513ms
[90.421s][info][gc,load     ] GC(259) Load: 0.00/0.00/0.00
[90.421s][info][gc,mmu      ] GC(259) MMU: 2ms/83.9%, 5ms/93.6%, 10ms/96.8%, 20ms/97.9%, 50ms/99.2%, 100ms/99.5%
[90.421s][info][gc,marking  ] GC(259) Mark: 2 stripe(s), 2 proactive flush(es), 1 terminate flush(es), 1 completion(s), 0 continuation(s) 
[90.421s][info][gc,marking  ] GC(259) Mark Stack Usage: 32M
[90.421s][info][gc,nmethod  ] GC(259) NMethods: 19198 registered, 3685 unregistered
[90.421s][info][gc,metaspace] GC(259) Metaspace: 155M used, 157M committed, 1216M reserved
[90.421s][info][gc,ref      ] GC(259) Soft: 3483 encountered, 3067 discovered, 232 enqueued
[90.421s][info][gc,ref      ] GC(259) Weak: 15373 encountered, 1646 discovered, 197 enqueued
[90.421s][info][gc,ref      ] GC(259) Final: 52 encountered, 0 discovered, 0 enqueued
[90.421s][info][gc,ref      ] GC(259) Phantom: 600 encountered, 372 discovered, 0 enqueued
[90.421s][info][gc,reloc    ] GC(259) Small Pages: 241 / 482M, Empty: 256M, Relocated: 4M, In-Place: 0
[90.421s][info][gc,reloc    ] GC(259) Medium Pages: 8 / 256M, Empty: 0M, Relocated: 48M, In-Place: 0
[90.421s][info][gc,reloc    ] GC(259) Large Pages: 3 / 18M, Empty: 18M, Relocated: 0M, In-Place: 0
[90.421s][info][gc,reloc    ] GC(259) Forwarding Usage: 1M
[90.421s][info][gc,heap     ] GC(259) Min Capacity: 2048M(100%)
[90.421s][info][gc,heap     ] GC(259) Max Capacity: 2048M(100%)
[90.421s][info][gc,heap     ] GC(259) Soft Max Capacity: 2048M(100%)
[90.421s][info][gc,heap     ] GC(259)                Mark Start          Mark End        Relocate Start      Relocate End           High               Low         
[90.421s][info][gc,heap     ] GC(259)  Capacity:     2048M (100%)       2048M (100%)       2048M (100%)       2048M (100%)       2048M (100%)       2048M (100%)   
[90.421s][info][gc,heap     ] GC(259)      Free:     1292M (63%)        1226M (60%)        1464M (71%)        1710M (83%)        1710M (83%)        1192M (58%)    
[90.421s][info][gc,heap     ] GC(259)      Used:      756M (37%)         822M (40%)         584M (29%)         338M (17%)         856M (42%)         338M (17%)    
[90.421s][info][gc,heap     ] GC(259)      Live:         -               193M (9%)          193M (9%)          193M (9%)             -                  -          
[90.421s][info][gc,heap     ] GC(259) Allocated:         -                66M (3%)          102M (5%)          103M (5%)             -                  -          
[90.421s][info][gc,heap     ] GC(259)   Garbage:         -               562M (27%)         288M (14%)          40M (2%)             -                  -          
[90.421s][info][gc,heap     ] GC(259) Reclaimed:         -                  -               274M (13%)         521M (25%)            -                  -          
[90.421s][info][gc          ] GC(259) Garbage Collection (Allocation Stall) 756M(37%)->338M(17%)
[90.519s][info][gc,start    ] GC(260) Garbage Collection (Allocation Rate)
[90.519s][info][gc,task     ] GC(260) Using 2 workers
[90.519s][info][gc,phases   ] GC(260) Pause Mark Start 0.010ms
[90.583s][info][gc,phases   ] GC(260) Concurrent Mark 63.832ms
[90.586s][info][gc,phases   ] GC(260) Pause Mark End 0.331ms
[90.586s][info][gc,phases   ] GC(260) Concurrent Mark Free 0.001ms
[90.604s][info][gc,phases   ] GC(260) Concurrent Process Non-Strong References 17.761ms
[90.604s][info][gc,phases   ] GC(260) Concurrent Reset Relocation Set 0.006ms
[90.606s][info][gc,phases   ] GC(260) Concurrent Select Relocation Set 2.361ms
[90.606s][info][gc,phases   ] GC(260) Pause Relocate Start 0.012ms
[90.609s][info][gc,phases   ] GC(260) Concurrent Relocate 3.021ms
[90.610s][info][gc,load     ] GC(260) Load: 0.00/0.00/0.00
[90.610s][info][gc,mmu      ] GC(260) MMU: 2ms/83.4%, 5ms/93.4%, 10ms/96.7%, 20ms/97.9%, 50ms/99.2%, 100ms/99.5%
[90.610s][info][gc,marking  ] GC(260) Mark: 2 stripe(s), 2 proactive flush(es), 1 terminate flush(es), 1 completion(s), 0 continuation(s) 
[90.610s][info][gc,marking  ] GC(260) Mark Stack Usage: 32M
[90.610s][info][gc,nmethod  ] GC(260) NMethods: 19197 registered, 3687 unregistered
[90.610s][info][gc,metaspace] GC(260) Metaspace: 155M used, 157M committed, 1216M reserved
[90.610s][info][gc,ref      ] GC(260) Soft: 3271 encountered, 0 discovered, 0 enqueued
[90.610s][info][gc,ref      ] GC(260) Weak: 15564 encountered, 2714 discovered, 438 enqueued
[90.610s][info][gc,ref      ] GC(260) Final: 52 encountered, 0 discovered, 0 enqueued
[90.610s][info][gc,ref      ] GC(260) Phantom: 600 encountered, 382 discovered, 0 enqueued
[90.610s][info][gc,reloc    ] GC(260) Small Pages: 83 / 166M, Empty: 2M, Relocated: 4M, In-Place: 0
[90.610s][info][gc,reloc    ] GC(260) Medium Pages: 7 / 224M, Empty: 64M, Relocated: 0M, In-Place: 0
[90.610s][info][gc,reloc    ] GC(260) Large Pages: 10 / 60M, Empty: 60M, Relocated: 0M, In-Place: 0
[90.610s][info][gc,reloc    ] GC(260) Forwarding Usage: 1M
[90.610s][info][gc,heap     ] GC(260) Min Capacity: 2048M(100%)
[90.610s][info][gc,heap     ] GC(260) Max Capacity: 2048M(100%)
[90.610s][info][gc,heap     ] GC(260) Soft Max Capacity: 2048M(100%)
[90.610s][info][gc,heap     ] GC(260)                Mark Start          Mark End        Relocate Start      Relocate End           High               Low         
[90.610s][info][gc,heap     ] GC(260)  Capacity:     2048M (100%)       2048M (100%)       2048M (100%)       2048M (100%)       2048M (100%)       2048M (100%)   
[90.610s][info][gc,heap     ] GC(260)      Free:     1598M (78%)        1516M (74%)        1614M (79%)        1698M (83%)        1702M (83%)        1488M (73%)    
[90.610s][info][gc,heap     ] GC(260)      Used:      450M (22%)         532M (26%)         434M (21%)         350M (17%)         560M (27%)         346M (17%)    
[90.610s][info][gc,heap     ] GC(260)      Live:         -               193M (9%)          193M (9%)          193M (9%)             -                  -          
[90.610s][info][gc,heap     ] GC(260) Allocated:         -                82M (4%)          110M (5%)          115M (6%)             -                  -          
[90.610s][info][gc,heap     ] GC(260)   Garbage:         -               256M (13%)         130M (6%)           40M (2%)             -                  -          
[90.610s][info][gc,heap     ] GC(260) Reclaimed:         -                  -               126M (6%)          215M (11%)            -                  -          
[90.610s][info][gc          ] GC(260) Garbage Collection (Allocation Rate) 450M(22%)->350M(17%)
[90.614s][info][gc,start    ] GC(261) Garbage Collection (Allocation Rate)
[90.614s][info][gc,task     ] GC(261) Using 2 workers
[90.614s][info][gc,phases   ] GC(261) Pause Mark Start 0.007ms
[90.674s][info][gc,phases   ] GC(261) Concurrent Mark 59.629ms
[90.674s][info][gc,phases   ] GC(261) Pause Mark End 0.055ms
[90.674s][info][gc,phases   ] GC(261) Concurrent Mark Free 0.001ms
[90.695s][info][gc,phases   ] GC(261) Concurrent Process Non-Strong References 20.774ms
[90.695s][info][gc,phases   ] GC(261) Concurrent Reset Relocation Set 0.004ms
[90.697s][info][gc,phases   ] GC(261) Concurrent Select Relocation Set 1.810ms
[90.697s][info][gc,phases   ] GC(261) Pause Relocate Start 0.010ms
[90.699s][info][gc,phases   ] GC(261) Concurrent Relocate 1.841ms
[90.699s][info][gc,load     ] GC(261) Load: 0.00/0.00/0.00
[90.699s][info][gc,mmu      ] GC(261) MMU: 2ms/83.4%, 5ms/93.4%, 10ms/96.7%, 20ms/97.9%, 50ms/99.2%, 100ms/99.5%
[90.699s][info][gc,marking  ] GC(261) Mark: 2 stripe(s), 3 proactive flush(es), 1 terminate flush(es), 1 completion(s), 0 continuation(s) 
[90.699s][info][gc,marking  ] GC(261) Mark Stack Usage: 32M
[90.699s][info][gc,nmethod  ] GC(261) NMethods: 19201 registered, 3689 unregistered
[90.699s][info][gc,metaspace] GC(261) Metaspace: 155M used, 157M committed, 1216M reserved
[90.699s][info][gc,ref      ] GC(261) Soft: 3270 encountered, 0 discovered, 0 enqueued
[90.699s][info][gc,ref      ] GC(261) Weak: 15348 encountered, 1777 discovered, 296 enqueued
[90.699s][info][gc,ref      ] GC(261) Final: 52 encountered, 0 discovered, 0 enqueued
[90.699s][info][gc,ref      ] GC(261) Phantom: 600 encountered, 369 discovered, 0 enqueued
[90.699s][info][gc,reloc    ] GC(261) Small Pages: 67 / 134M, Empty: 0M, Relocated: 3M, In-Place: 0
[90.699s][info][gc,reloc    ] GC(261) Medium Pages: 6 / 192M, Empty: 32M, Relocated: 0M, In-Place: 0
[90.699s][info][gc,reloc    ] GC(261) Large Pages: 5 / 30M, Empty: 30M, Relocated: 0M, In-Place: 0
[90.699s][info][gc,reloc    ] GC(261) Forwarding Usage: 1M
[90.699s][info][gc,heap     ] GC(261) Min Capacity: 2048M(100%)
[90.699s][info][gc,heap     ] GC(261) Max Capacity: 2048M(100%)
[90.699s][info][gc,heap     ] GC(261) Soft Max Capacity: 2048M(100%)
[90.699s][info][gc,heap     ] GC(261)                Mark Start          Mark End        Relocate Start      Relocate End           High               Low         
[90.699s][info][gc,heap     ] GC(261)  Capacity:     2048M (100%)       2048M (100%)       2048M (100%)       2048M (100%)       2048M (100%)       2048M (100%)   
[90.699s][info][gc,heap     ] GC(261)      Free:     1692M (83%)        1610M (79%)        1648M (80%)        1708M (83%)        1708M (83%)        1586M (77%)    
[90.699s][info][gc,heap     ] GC(261)      Used:      356M (17%)         438M (21%)         400M (20%)         340M (17%)         462M (23%)         340M (17%)    
[90.699s][info][gc,heap     ] GC(261)      Live:         -               193M (9%)          193M (9%)          193M (9%)             -                  -          
[90.699s][info][gc,heap     ] GC(261) Allocated:         -                82M (4%)          106M (5%)          107M (5%)             -                  -          
[90.699s][info][gc,heap     ] GC(261)   Garbage:         -               162M (8%)          100M (5%)           38M (2%)             -                  -          
[90.699s][info][gc,heap     ] GC(261) Reclaimed:         -                  -                62M (3%)          123M (6%)             -                  -          
[90.699s][info][gc          ] GC(261) Garbage Collection (Allocation Rate) 356M(17%)->340M(17%)
[91.314s][info][gc,start    ] GC(262) Garbage Collection (Allocation Rate)
[91.314s][info][gc,task     ] GC(262) Using 2 workers
[91.314s][info][gc,phases   ] GC(262) Pause Mark Start 0.011ms
[91.376s][info][gc,phases   ] GC(262) Concurrent Mark 62.321ms
[91.377s][info][gc,phases   ] GC(262) Pause Mark End 0.081ms
[91.377s][info][gc,phases   ] GC(262) Concurrent Mark Free 0.002ms
[91.398s][info][gc,phases   ] GC(262) Concurrent Process Non-Strong References 20.870ms
[91.398s][info][gc,phases   ] GC(262) Concurrent Reset Relocation Set 0.003ms
[91.400s][info][gc,phases   ] GC(262) Concurrent Select Relocation Set 2.397ms
[91.400s][info][gc,phases   ] GC(262) Pause Relocate Start 0.011ms
[91.403s][info][gc,phases   ] GC(262) Concurrent Relocate 2.422ms
[91.403s][info][gc,load     ] GC(262) Load: 0.00/0.00/0.00
[91.403s][info][gc,mmu      ] GC(262) MMU: 2ms/83.4%, 5ms/93.4%, 10ms/96.7%, 20ms/97.9%, 50ms/99.2%, 100ms/99.5%
[91.403s][info][gc,marking  ] GC(262) Mark: 2 stripe(s), 3 proactive flush(es), 1 terminate flush(es), 1 completion(s), 0 continuation(s) 
[91.403s][info][gc,marking  ] GC(262) Mark Stack Usage: 32M
[91.403s][info][gc,nmethod  ] GC(262) NMethods: 19196 registered, 3704 unregistered
[91.403s][info][gc,metaspace] GC(262) Metaspace: 155M used, 157M committed, 1216M reserved
[91.403s][info][gc,ref      ] GC(262) Soft: 3269 encountered, 0 discovered, 0 enqueued
[91.403s][info][gc,ref      ] GC(262) Weak: 16961 encountered, 3794 discovered, 1893 enqueued
[91.403s][info][gc,ref      ] GC(262) Final: 52 encountered, 0 discovered, 0 enqueued
[91.403s][info][gc,ref      ] GC(262) Phantom: 600 encountered, 351 discovered, 0 enqueued
[91.403s][info][gc,reloc    ] GC(262) Small Pages: 191 / 382M, Empty: 8M, Relocated: 5M, In-Place: 0
[91.403s][info][gc,reloc    ] GC(262) Medium Pages: 9 / 288M, Empty: 128M, Relocated: 0M, In-Place: 0
[91.403s][info][gc,reloc    ] GC(262) Large Pages: 39 / 234M, Empty: 234M, Relocated: 0M, In-Place: 0
[91.403s][info][gc,reloc    ] GC(262) Forwarding Usage: 1M
[91.403s][info][gc,heap     ] GC(262) Min Capacity: 2048M(100%)
[91.403s][info][gc,heap     ] GC(262) Max Capacity: 2048M(100%)
[91.403s][info][gc,heap     ] GC(262) Soft Max Capacity: 2048M(100%)
[91.403s][info][gc,heap     ] GC(262)                Mark Start          Mark End        Relocate Start      Relocate End           High               Low         
[91.403s][info][gc,heap     ] GC(262)  Capacity:     2048M (100%)       2048M (100%)       2048M (100%)       2048M (100%)       2048M (100%)       2048M (100%)   
[91.403s][info][gc,heap     ] GC(262)      Free:     1144M (56%)        1068M (52%)        1412M (69%)        1706M (83%)        1706M (83%)        1044M (51%)    
[91.403s][info][gc,heap     ] GC(262)      Used:      904M (44%)         980M (48%)         636M (31%)         342M (17%)        1004M (49%)         342M (17%)    
[91.403s][info][gc,heap     ] GC(262)      Live:         -               195M (10%)         195M (10%)         195M (10%)            -                  -          
[91.403s][info][gc,heap     ] GC(262) Allocated:         -                76M (4%)          102M (5%)          105M (5%)             -                  -          
[91.403s][info][gc,heap     ] GC(262)   Garbage:         -               708M (35%)         338M (17%)          40M (2%)             -                  -          
[91.403s][info][gc,heap     ] GC(262) Reclaimed:         -                  -               370M (18%)         667M (33%)            -                  -          
[91.403s][info][gc          ] GC(262) Garbage Collection (Allocation Rate) 904M(44%)->342M(17%)
[91.540s][info][gc,start    ] GC(263) Garbage Collection (System.gc())
[91.540s][info][gc,task     ] GC(263) Using 2 workers
[91.540s][info][gc,phases   ] GC(263) Pause Mark Start 0.009ms
[91.594s][info][gc,phases   ] GC(263) Concurrent Mark 53.252ms
[91.594s][info][gc,phases   ] GC(263) Pause Mark End 0.034ms
[91.594s][info][gc,phases   ] GC(263) Concurrent Mark Free 0.002ms
[91.612s][info][gc,phases   ] GC(263) Concurrent Process Non-Strong References 17.979ms
[91.612s][info][gc,phases   ] GC(263) Concurrent Reset Relocation Set 0.007ms
[91.614s][info][gc,phases   ] GC(263) Concurrent Select Relocation Set 1.945ms
[91.614s][info][gc,phases   ] GC(263) Pause Relocate Start 0.007ms
[91.619s][info][gc,phases   ] GC(263) Concurrent Relocate 4.380ms
[91.619s][info][gc,load     ] GC(263) Load: 0.00/0.00/0.00
[91.619s][info][gc,mmu      ] GC(263) MMU: 2ms/83.4%, 5ms/93.4%, 10ms/96.7%, 20ms/97.9%, 50ms/99.2%, 100ms/99.5%
[91.619s][info][gc,marking  ] GC(263) Mark: 2 stripe(s), 1 proactive flush(es), 1 terminate flush(es), 0 completion(s), 0 continuation(s) 
[91.619s][info][gc,marking  ] GC(263) Mark Stack Usage: 32M
[91.619s][info][gc,nmethod  ] GC(263) NMethods: 19212 registered, 3720 unregistered
[91.619s][info][gc,metaspace] GC(263) Metaspace: 155M used, 157M committed, 1216M reserved
[91.619s][info][gc,ref      ] GC(263) Soft: 3485 encountered, 0 discovered, 0 enqueued
[91.619s][info][gc,ref      ] GC(263) Weak: 15818 encountered, 2642 discovered, 699 enqueued
[91.619s][info][gc,ref      ] GC(263) Final: 52 encountered, 0 discovered, 0 enqueued
[91.619s][info][gc,ref      ] GC(263) Phantom: 600 encountered, 353 discovered, 0 enqueued
[91.619s][info][gc,reloc    ] GC(263) Small Pages: 103 / 206M, Empty: 0M, Relocated: 5M, In-Place: 0
[91.619s][info][gc,reloc    ] GC(263) Medium Pages: 6 / 192M, Empty: 64M, Relocated: 12M, In-Place: 0
[91.619s][info][gc,reloc    ] GC(263) Large Pages: 7 / 42M, Empty: 42M, Relocated: 0M, In-Place: 0
[91.619s][info][gc,reloc    ] GC(263) Forwarding Usage: 1M
[91.619s][info][gc,heap     ] GC(263) Min Capacity: 2048M(100%)
[91.619s][info][gc,heap     ] GC(263) Max Capacity: 2048M(100%)
[91.619s][info][gc,heap     ] GC(263) Soft Max Capacity: 2048M(100%)
[91.619s][info][gc,heap     ] GC(263)                Mark Start          Mark End        Relocate Start      Relocate End           High               Low         
[91.619s][info][gc,heap     ] GC(263)  Capacity:     2048M (100%)       2048M (100%)       2048M (100%)       2048M (100%)       2048M (100%)       2048M (100%)   
[91.619s][info][gc,heap     ] GC(263)      Free:     1608M (79%)        1608M (79%)        1702M (83%)        1856M (91%)        1860M (91%)        1600M (78%)    
[91.619s][info][gc,heap     ] GC(263)      Used:      440M (21%)         440M (21%)         346M (17%)         192M (9%)          448M (22%)         188M (9%)     
[91.619s][info][gc,heap     ] GC(263)      Live:         -               131M (6%)          131M (6%)          131M (6%)             -                  -          
[91.619s][info][gc,heap     ] GC(263) Allocated:         -                 0M (0%)           12M (1%)           23M (1%)             -                  -          
[91.619s][info][gc,heap     ] GC(263)   Garbage:         -               308M (15%)         202M (10%)          36M (2%)             -                  -          
[91.619s][info][gc,heap     ] GC(263) Reclaimed:         -                  -               106M (5%)          271M (13%)            -                  -          
[91.619s][info][gc          ] GC(263) Garbage Collection (System.gc()) 440M(21%)->192M(9%)
[91.903s][info][gc,start    ] GC(264) Garbage Collection (Allocation Rate)
[91.903s][info][gc,task     ] GC(264) Using 2 workers
[91.903s][info][gc,phases   ] GC(264) Pause Mark Start 0.009ms
[91.964s][info][gc          ] Allocation Stall (Executor task launch worker for task 0.0 in stage 1797.0 (TID 7190)) 0.322ms
[91.982s][info][gc,phases   ] GC(264) Concurrent Mark 78.236ms
[91.982s][info][gc,phases   ] GC(264) Pause Mark End 0.030ms
[91.982s][info][gc,phases   ] GC(264) Concurrent Mark Free 0.002ms
[92.015s][info][gc,phases   ] GC(264) Concurrent Process Non-Strong References 32.633ms
[92.015s][info][gc,phases   ] GC(264) Concurrent Reset Relocation Set 0.005ms
[92.015s][info][gc          ] Allocation Stall (Executor task launch worker for task 4.0 in stage 1797.0 (TID 7194)) 49.612ms
[92.015s][info][gc          ] Allocation Stall (Executor task launch worker for task 3.0 in stage 1797.0 (TID 7193)) 50.922ms
[92.015s][info][gc          ] Allocation Stall (Spark Context Cleaner) 33.097ms
[92.015s][info][gc          ] Allocation Stall (Executor task launch worker for task 0.0 in stage 1797.0 (TID 7190)) 49.337ms
[92.015s][info][gc          ] Allocation Stall (Executor task launch worker for task 2.0 in stage 1797.0 (TID 7192)) 49.996ms
[92.015s][info][gc          ] Allocation Stall (Executor task launch worker for task 1.0 in stage 1797.0 (TID 7191)) 50.594ms
[92.021s][info][gc,phases   ] GC(264) Concurrent Select Relocation Set 6.203ms
[92.021s][info][gc,phases   ] GC(264) Pause Relocate Start 0.013ms
[92.043s][info][gc,phases   ] GC(264) Concurrent Relocate 21.914ms
[92.043s][info][gc,load     ] GC(264) Load: 0.00/0.00/0.00
[92.043s][info][gc,mmu      ] GC(264) MMU: 2ms/83.4%, 5ms/93.4%, 10ms/96.7%, 20ms/97.9%, 50ms/99.2%, 100ms/99.5%
[92.043s][info][gc,marking  ] GC(264) Mark: 2 stripe(s), 2 proactive flush(es), 1 terminate flush(es), 0 completion(s), 0 continuation(s) 
[92.043s][info][gc,marking  ] GC(264) Mark Stack Usage: 32M
[92.043s][info][gc,nmethod  ] GC(264) NMethods: 19214 registered, 9 unregistered
[92.043s][info][gc,metaspace] GC(264) Metaspace: 155M used, 157M committed, 1216M reserved
[92.043s][info][gc,ref      ] GC(264) Soft: 3549 encountered, 0 discovered, 0 enqueued
[92.043s][info][gc,ref      ] GC(264) Weak: 15481 encountered, 3726 discovered, 226 enqueued
[92.043s][info][gc,ref      ] GC(264) Final: 52 encountered, 0 discovered, 0 enqueued
[92.043s][info][gc,ref      ] GC(264) Phantom: 600 encountered, 334 discovered, 0 enqueued
[92.043s][info][gc,reloc    ] GC(264) Small Pages: 745 / 1490M, Empty: 1120M, Relocated: 6M, In-Place: 0
[92.043s][info][gc,reloc    ] GC(264) Medium Pages: 8 / 256M, Empty: 0M, Relocated: 53M, In-Place: 0
[92.043s][info][gc,reloc    ] GC(264) Large Pages: 6 / 36M, Empty: 36M, Relocated: 0M, In-Place: 0
[92.043s][info][gc,reloc    ] GC(264) Forwarding Usage: 0M
[92.043s][info][gc,heap     ] GC(264) Min Capacity: 2048M(100%)
[92.043s][info][gc,heap     ] GC(264) Max Capacity: 2048M(100%)
[92.043s][info][gc,heap     ] GC(264) Soft Max Capacity: 2048M(100%)
[92.043s][info][gc,heap     ] GC(264)                Mark Start          Mark End        Relocate Start      Relocate End           High               Low         
[92.043s][info][gc,heap     ] GC(264)  Capacity:     2048M (100%)       2048M (100%)       2048M (100%)       2048M (100%)       2048M (100%)       2048M (100%)   
[92.043s][info][gc,heap     ] GC(264)      Free:      266M (13%)           0M (0%)         1108M (54%)        1410M (69%)        1412M (69%)           0M (0%)     
[92.043s][info][gc,heap     ] GC(264)      Used:     1782M (87%)        2048M (100%)        940M (46%)         638M (31%)        2048M (100%)        636M (31%)    
[92.043s][info][gc,heap     ] GC(264)      Live:         -               177M (9%)          177M (9%)          177M (9%)             -                  -          
[92.043s][info][gc,heap     ] GC(264) Allocated:         -               266M (13%)         314M (15%)         417M (20%)            -                  -          
[92.043s][info][gc,heap     ] GC(264)   Garbage:         -              1604M (78%)         448M (22%)          43M (2%)             -                  -          
[92.043s][info][gc,heap     ] GC(264) Reclaimed:         -                  -              1156M (56%)        1561M (76%)            -                  -          
[92.043s][info][gc          ] GC(264) Garbage Collection (Allocation Rate) 1782M(87%)->638M(31%)
[92.102s][info][gc,start    ] GC(265) Garbage Collection (Allocation Stall)
[92.103s][info][gc,ref      ] GC(265) Clearing All SoftReferences
[92.103s][info][gc,task     ] GC(265) Using 2 workers
[92.103s][info][gc,ref      ] GC(265) Clearing All SoftReferences
[92.103s][info][gc,phases   ] GC(265) Pause Mark Start 0.030ms
[92.152s][info][gc,phases   ] GC(265) Concurrent Mark 49.597ms
[92.153s][info][gc,phases   ] GC(265) Pause Mark End 0.077ms
[92.153s][info][gc,phases   ] GC(265) Concurrent Mark Free 0.001ms
[92.189s][info][gc,phases   ] GC(265) Concurrent Process Non-Strong References 36.583ms
[92.189s][info][gc,phases   ] GC(265) Concurrent Reset Relocation Set 0.011ms
[92.192s][info][gc,phases   ] GC(265) Concurrent Select Relocation Set 2.401ms
[92.192s][info][gc,phases   ] GC(265) Pause Relocate Start 0.012ms
[92.209s][info][gc,phases   ] GC(265) Concurrent Relocate 17.358ms
[92.209s][info][gc,load     ] GC(265) Load: 0.00/0.00/0.00
[92.209s][info][gc,mmu      ] GC(265) MMU: 2ms/83.4%, 5ms/93.4%, 10ms/96.7%, 20ms/97.9%, 50ms/99.2%, 100ms/99.5%
[92.209s][info][gc,marking  ] GC(265) Mark: 2 stripe(s), 3 proactive flush(es), 1 terminate flush(es), 1 completion(s), 0 continuation(s) 
[92.209s][info][gc,marking  ] GC(265) Mark Stack Usage: 32M
[92.209s][info][gc,nmethod  ] GC(265) NMethods: 19210 registered, 15 unregistered
[92.209s][info][gc,metaspace] GC(265) Metaspace: 155M used, 157M committed, 1216M reserved
[92.210s][info][gc,ref      ] GC(265) Soft: 3489 encountered, 3040 discovered, 230 enqueued
[92.210s][info][gc,ref      ] GC(265) Weak: 15370 encountered, 2851 discovered, 197 enqueued
[92.210s][info][gc,ref      ] GC(265) Final: 52 encountered, 0 discovered, 0 enqueued
[92.210s][info][gc,ref      ] GC(265) Phantom: 600 encountered, 382 discovered, 0 enqueued
[92.210s][info][gc,reloc    ] GC(265) Small Pages: 244 / 488M, Empty: 254M, Relocated: 8M, In-Place: 0
[92.210s][info][gc,reloc    ] GC(265) Medium Pages: 8 / 256M, Empty: 0M, Relocated: 46M, In-Place: 0
[92.210s][info][gc,reloc    ] GC(265) Large Pages: 3 / 18M, Empty: 18M, Relocated: 0M, In-Place: 0
[92.210s][info][gc,reloc    ] GC(265) Forwarding Usage: 2M
[92.210s][info][gc,heap     ] GC(265) Min Capacity: 2048M(100%)
[92.210s][info][gc,heap     ] GC(265) Max Capacity: 2048M(100%)
[92.210s][info][gc,heap     ] GC(265) Soft Max Capacity: 2048M(100%)
[92.210s][info][gc,heap     ] GC(265)                Mark Start          Mark End        Relocate Start      Relocate End           High               Low         
[92.210s][info][gc,heap     ] GC(265)  Capacity:     2048M (100%)       2048M (100%)       2048M (100%)       2048M (100%)       2048M (100%)       2048M (100%)   
[92.210s][info][gc,heap     ] GC(265)      Free:     1286M (63%)        1222M (60%)        1458M (71%)        1714M (84%)        1714M (84%)        1192M (58%)    
[92.210s][info][gc,heap     ] GC(265)      Used:      762M (37%)         826M (40%)         590M (29%)         334M (16%)         856M (42%)         334M (16%)    
[92.210s][info][gc,heap     ] GC(265)      Live:         -               194M (9%)          194M (9%)          194M (9%)             -                  -          
[92.210s][info][gc,heap     ] GC(265) Allocated:         -                64M (3%)          100M (5%)           99M (5%)             -                  -          
[92.210s][info][gc,heap     ] GC(265)   Garbage:         -               567M (28%)         295M (14%)          39M (2%)             -                  -          
[92.210s][info][gc,heap     ] GC(265) Reclaimed:         -                  -               272M (13%)         527M (26%)            -                  -          
[92.210s][info][gc          ] GC(265) Garbage Collection (Allocation Stall) 762M(37%)->334M(16%)
[92.213s][info][gc,start    ] GC(266) Garbage Collection (Allocation Rate)
[92.213s][info][gc,task     ] GC(266) Using 2 workers
[92.214s][info][gc,phases   ] GC(266) Pause Mark Start 0.008ms
[92.277s][info][gc,phases   ] GC(266) Concurrent Mark 63.669ms
[92.277s][info][gc,phases   ] GC(266) Pause Mark End 0.035ms
[92.278s][info][gc,phases   ] GC(266) Concurrent Mark Free 0.002ms
[92.315s][info][gc,phases   ] GC(266) Concurrent Process Non-Strong References 37.624ms
[92.315s][info][gc,phases   ] GC(266) Concurrent Reset Relocation Set 0.007ms
[92.317s][info][gc,phases   ] GC(266) Concurrent Select Relocation Set 2.079ms
[92.317s][info][gc,phases   ] GC(266) Pause Relocate Start 0.009ms
[92.319s][info][gc,phases   ] GC(266) Concurrent Relocate 1.446ms
[92.319s][info][gc,load     ] GC(266) Load: 0.00/0.00/0.00
[92.319s][info][gc,mmu      ] GC(266) MMU: 2ms/83.4%, 5ms/93.4%, 10ms/96.7%, 20ms/97.9%, 50ms/99.2%, 100ms/99.5%
[92.319s][info][gc,marking  ] GC(266) Mark: 2 stripe(s), 2 proactive flush(es), 1 terminate flush(es), 0 completion(s), 0 continuation(s) 
[92.319s][info][gc,marking  ] GC(266) Mark Stack Usage: 32M
[92.319s][info][gc,nmethod  ] GC(266) NMethods: 19209 registered, 16 unregistered
[92.319s][info][gc,metaspace] GC(266) Metaspace: 155M used, 157M committed, 1216M reserved
[92.319s][info][gc,ref      ] GC(266) Soft: 3265 encountered, 0 discovered, 0 enqueued
[92.319s][info][gc,ref      ] GC(266) Weak: 14994 encountered, 2057 discovered, 152 enqueued
[92.319s][info][gc,ref      ] GC(266) Final: 52 encountered, 0 discovered, 0 enqueued
[92.319s][info][gc,ref      ] GC(266) Phantom: 600 encountered, 369 discovered, 0 enqueued
[92.319s][info][gc,reloc    ] GC(266) Small Pages: 59 / 118M, Empty: 0M, Relocated: 3M, In-Place: 0
[92.319s][info][gc,reloc    ] GC(266) Medium Pages: 6 / 192M, Empty: 32M, Relocated: 0M, In-Place: 0
[92.319s][info][gc,reloc    ] GC(266) Large Pages: 4 / 24M, Empty: 24M, Relocated: 0M, In-Place: 0
[92.319s][info][gc,reloc    ] GC(266) Forwarding Usage: 0M
[92.319s][info][gc,heap     ] GC(266) Min Capacity: 2048M(100%)
[92.319s][info][gc,heap     ] GC(266) Max Capacity: 2048M(100%)
[92.319s][info][gc,heap     ] GC(266) Soft Max Capacity: 2048M(100%)
[92.319s][info][gc,heap     ] GC(266)                Mark Start          Mark End        Relocate Start      Relocate End           High               Low         
[92.319s][info][gc,heap     ] GC(266)  Capacity:     2048M (100%)       2048M (100%)       2048M (100%)       2048M (100%)       2048M (100%)       2048M (100%)   
[92.319s][info][gc,heap     ] GC(266)      Free:     1714M (84%)        1632M (80%)        1644M (80%)        1688M (82%)        1714M (84%)        1588M (78%)    
[92.319s][info][gc,heap     ] GC(266)      Used:      334M (16%)         416M (20%)         404M (20%)         360M (18%)         460M (22%)         334M (16%)    
[92.319s][info][gc,heap     ] GC(266)      Live:         -               192M (9%)          192M (9%)          192M (9%)             -                  -          
[92.319s][info][gc,heap     ] GC(266) Allocated:         -                82M (4%)          126M (6%)          127M (6%)             -                  -          
[92.319s][info][gc,heap     ] GC(266)   Garbage:         -               141M (7%)           85M (4%)           39M (2%)             -                  -          
[92.319s][info][gc,heap     ] GC(266) Reclaimed:         -                  -                56M (3%)          101M (5%)             -                  -          
[92.319s][info][gc          ] GC(266) Garbage Collection (Allocation Rate) 334M(16%)->360M(18%)
[92.409s][info][gc,start    ] GC(267) Garbage Collection (Allocation Rate)
[92.409s][info][gc,task     ] GC(267) Using 2 workers
[92.409s][info][gc,phases   ] GC(267) Pause Mark Start 0.009ms
[92.468s][info][gc,phases   ] GC(267) Concurrent Mark 59.259ms
[92.468s][info][gc,phases   ] GC(267) Pause Mark End 0.078ms
[92.468s][info][gc,phases   ] GC(267) Concurrent Mark Free 0.001ms
[92.488s][info][gc,phases   ] GC(267) Concurrent Process Non-Strong References 19.747ms
[92.488s][info][gc,phases   ] GC(267) Concurrent Reset Relocation Set 0.002ms
[92.490s][info][gc,phases   ] GC(267) Concurrent Select Relocation Set 1.958ms
[92.490s][info][gc,phases   ] GC(267) Pause Relocate Start 0.009ms
[92.492s][info][gc,phases   ] GC(267) Concurrent Relocate 1.527ms
[92.492s][info][gc,load     ] GC(267) Load: 0.00/0.00/0.00
[92.492s][info][gc,mmu      ] GC(267) MMU: 2ms/83.4%, 5ms/93.4%, 10ms/96.7%, 20ms/97.9%, 50ms/99.2%, 100ms/99.5%
[92.492s][info][gc,marking  ] GC(267) Mark: 2 stripe(s), 2 proactive flush(es), 1 terminate flush(es), 1 completion(s), 0 continuation(s) 
[92.492s][info][gc,marking  ] GC(267) Mark Stack Usage: 32M
[92.492s][info][gc,nmethod  ] GC(267) NMethods: 19212 registered, 19 unregistered
[92.492s][info][gc,metaspace] GC(267) Metaspace: 155M used, 157M committed, 1216M reserved
[92.492s][info][gc,ref      ] GC(267) Soft: 3278 encountered, 0 discovered, 0 enqueued
[92.492s][info][gc,ref      ] GC(267) Weak: 15639 encountered, 4606 discovered, 586 enqueued
[92.492s][info][gc,ref      ] GC(267) Final: 52 encountered, 0 discovered, 0 enqueued
[92.492s][info][gc,ref      ] GC(267) Phantom: 600 encountered, 367 discovered, 0 enqueued
[92.492s][info][gc,reloc    ] GC(267) Small Pages: 84 / 168M, Empty: 0M, Relocated: 2M, In-Place: 0
[92.492s][info][gc,reloc    ] GC(267) Medium Pages: 6 / 192M, Empty: 32M, Relocated: 0M, In-Place: 0
[92.492s][info][gc,reloc    ] GC(267) Large Pages: 11 / 66M, Empty: 66M, Relocated: 0M, In-Place: 0
[92.492s][info][gc,reloc    ] GC(267) Forwarding Usage: 0M
[92.492s][info][gc,heap     ] GC(267) Min Capacity: 2048M(100%)
[92.492s][info][gc,heap     ] GC(267) Max Capacity: 2048M(100%)
[92.492s][info][gc,heap     ] GC(267) Soft Max Capacity: 2048M(100%)
[92.492s][info][gc,heap     ] GC(267)                Mark Start          Mark End        Relocate Start      Relocate End           High               Low         
[92.492s][info][gc,heap     ] GC(267)  Capacity:     2048M (100%)       2048M (100%)       2048M (100%)       2048M (100%)       2048M (100%)       2048M (100%)   
[92.492s][info][gc,heap     ] GC(267)      Free:     1622M (79%)        1548M (76%)        1616M (79%)        1710M (83%)        1710M (83%)        1518M (74%)    
[92.492s][info][gc,heap     ] GC(267)      Used:      426M (21%)         500M (24%)         432M (21%)         338M (17%)         530M (26%)         338M (17%)    
[92.492s][info][gc,heap     ] GC(267)      Live:         -               193M (9%)          193M (9%)          193M (9%)             -                  -          
[92.492s][info][gc,heap     ] GC(267) Allocated:         -                74M (4%)          104M (5%)          105M (5%)             -                  -          
[92.492s][info][gc,heap     ] GC(267)   Garbage:         -               232M (11%)         134M (7%)           38M (2%)             -                  -          
[92.492s][info][gc,heap     ] GC(267) Reclaimed:         -                  -                98M (5%)          193M (9%)             -                  -          
[92.492s][info][gc          ] GC(267) Garbage Collection (Allocation Rate) 426M(21%)->338M(17%)
[93.108s][info][gc,start    ] GC(268) Garbage Collection (Allocation Rate)
[93.108s][info][gc,task     ] GC(268) Using 2 workers
[93.108s][info][gc,phases   ] GC(268) Pause Mark Start 0.011ms
[93.169s][info][gc,phases   ] GC(268) Concurrent Mark 60.744ms
[93.170s][info][gc,phases   ] GC(268) Pause Mark End 0.084ms
[93.170s][info][gc,phases   ] GC(268) Concurrent Mark Free 0.002ms
[93.190s][info][gc,phases   ] GC(268) Concurrent Process Non-Strong References 20.024ms
[93.190s][info][gc,phases   ] GC(268) Concurrent Reset Relocation Set 0.003ms
[93.192s][info][gc,phases   ] GC(268) Concurrent Select Relocation Set 2.028ms
[93.192s][info][gc,phases   ] GC(268) Pause Relocate Start 0.013ms
[93.194s][info][gc,phases   ] GC(268) Concurrent Relocate 1.681ms
[93.194s][info][gc,load     ] GC(268) Load: 0.00/0.00/0.00
[93.194s][info][gc,mmu      ] GC(268) MMU: 2ms/83.4%, 5ms/93.4%, 10ms/96.7%, 20ms/97.9%, 50ms/99.2%, 100ms/99.5%
[93.194s][info][gc,marking  ] GC(268) Mark: 2 stripe(s), 2 proactive flush(es), 1 terminate flush(es), 1 completion(s), 0 continuation(s) 
[93.194s][info][gc,marking  ] GC(268) Mark Stack Usage: 32M
[93.194s][info][gc,nmethod  ] GC(268) NMethods: 19213 registered, 37 unregistered
[93.194s][info][gc,metaspace] GC(268) Metaspace: 155M used, 157M committed, 1216M reserved
[93.194s][info][gc,ref      ] GC(268) Soft: 3278 encountered, 0 discovered, 0 enqueued
[93.194s][info][gc,ref      ] GC(268) Weak: 16963 encountered, 3973 discovered, 1898 enqueued
[93.194s][info][gc,ref      ] GC(268) Final: 52 encountered, 0 discovered, 0 enqueued
[93.194s][info][gc,ref      ] GC(268) Phantom: 600 encountered, 367 discovered, 0 enqueued
[93.194s][info][gc,reloc    ] GC(268) Small Pages: 196 / 392M, Empty: 10M, Relocated: 3M, In-Place: 0
[93.194s][info][gc,reloc    ] GC(268) Medium Pages: 9 / 288M, Empty: 128M, Relocated: 0M, In-Place: 0
[93.194s][info][gc,reloc    ] GC(268) Large Pages: 38 / 228M, Empty: 228M, Relocated: 0M, In-Place: 0
[93.194s][info][gc,reloc    ] GC(268) Forwarding Usage: 0M
[93.194s][info][gc,heap     ] GC(268) Min Capacity: 2048M(100%)
[93.194s][info][gc,heap     ] GC(268) Max Capacity: 2048M(100%)
[93.194s][info][gc,heap     ] GC(268) Soft Max Capacity: 2048M(100%)
[93.194s][info][gc,heap     ] GC(268)                Mark Start          Mark End        Relocate Start      Relocate End           High               Low         
[93.194s][info][gc,heap     ] GC(268)  Capacity:     2048M (100%)       2048M (100%)       2048M (100%)       2048M (100%)       2048M (100%)       2048M (100%)   
[93.194s][info][gc,heap     ] GC(268)      Free:     1140M (56%)        1062M (52%)        1394M (68%)        1692M (83%)        1696M (83%)        1028M (50%)    
[93.194s][info][gc,heap     ] GC(268)      Used:      908M (44%)         986M (48%)         654M (32%)         356M (17%)        1020M (50%)         352M (17%)    
[93.194s][info][gc,heap     ] GC(268)      Live:         -               195M (10%)         195M (10%)         195M (10%)            -                  -          
[93.194s][info][gc,heap     ] GC(268) Allocated:         -                78M (4%)          112M (5%)          119M (6%)             -                  -          
[93.194s][info][gc,heap     ] GC(268)   Garbage:         -               712M (35%)         346M (17%)          40M (2%)             -                  -          
[93.194s][info][gc,heap     ] GC(268) Reclaimed:         -                  -               366M (18%)         671M (33%)            -                  -          
[93.194s][info][gc          ] GC(268) Garbage Collection (Allocation Rate) 908M(44%)->356M(17%)
[93.331s][info][gc,start    ] GC(269) Garbage Collection (System.gc())
[93.331s][info][gc,task     ] GC(269) Using 2 workers
[93.331s][info][gc,phases   ] GC(269) Pause Mark Start 0.005ms
[93.384s][info][gc,phases   ] GC(269) Concurrent Mark 53.199ms
[93.384s][info][gc,phases   ] GC(269) Pause Mark End 0.028ms
[93.384s][info][gc,phases   ] GC(269) Concurrent Mark Free 0.001ms
[93.402s][info][gc,phases   ] GC(269) Concurrent Process Non-Strong References 17.383ms
[93.402s][info][gc,phases   ] GC(269) Concurrent Reset Relocation Set 0.009ms
[93.404s][info][gc,phases   ] GC(269) Concurrent Select Relocation Set 1.831ms
[93.404s][info][gc,phases   ] GC(269) Pause Relocate Start 0.010ms
[93.407s][info][gc,phases   ] GC(269) Concurrent Relocate 3.432ms
[93.407s][info][gc,load     ] GC(269) Load: 0.00/0.00/0.00
[93.407s][info][gc,mmu      ] GC(269) MMU: 2ms/83.4%, 5ms/93.4%, 10ms/96.7%, 20ms/97.9%, 50ms/99.2%, 100ms/99.5%
[93.407s][info][gc,marking  ] GC(269) Mark: 2 stripe(s), 1 proactive flush(es), 1 terminate flush(es), 0 completion(s), 0 continuation(s) 
[93.407s][info][gc,marking  ] GC(269) Mark Stack Usage: 32M
[93.407s][info][gc,nmethod  ] GC(269) NMethods: 19259 registered, 53 unregistered
[93.407s][info][gc,metaspace] GC(269) Metaspace: 155M used, 157M committed, 1216M reserved
[93.407s][info][gc,ref      ] GC(269) Soft: 3494 encountered, 0 discovered, 0 enqueued
[93.408s][info][gc,ref      ] GC(269) Weak: 15816 encountered, 3239 discovered, 698 enqueued
[93.408s][info][gc,ref      ] GC(269) Final: 52 encountered, 0 discovered, 0 enqueued
[93.408s][info][gc,ref      ] GC(269) Phantom: 600 encountered, 287 discovered, 0 enqueued
[93.408s][info][gc,reloc    ] GC(269) Small Pages: 103 / 206M, Empty: 0M, Relocated: 3M, In-Place: 0
[93.408s][info][gc,reloc    ] GC(269) Medium Pages: 6 / 192M, Empty: 64M, Relocated: 12M, In-Place: 0
[93.408s][info][gc,reloc    ] GC(269) Large Pages: 8 / 48M, Empty: 48M, Relocated: 0M, In-Place: 0
[93.408s][info][gc,reloc    ] GC(269) Forwarding Usage: 1M
[93.408s][info][gc,heap     ] GC(269) Min Capacity: 2048M(100%)
[93.408s][info][gc,heap     ] GC(269) Max Capacity: 2048M(100%)
[93.408s][info][gc,heap     ] GC(269) Soft Max Capacity: 2048M(100%)
[93.408s][info][gc,heap     ] GC(269)                Mark Start          Mark End        Relocate Start      Relocate End           High               Low         
[93.408s][info][gc,heap     ] GC(269)  Capacity:     2048M (100%)       2048M (100%)       2048M (100%)       2048M (100%)       2048M (100%)       2048M (100%)   
[93.408s][info][gc,heap     ] GC(269)      Free:     1602M (78%)        1602M (78%)        1704M (83%)        1862M (91%)        1862M (91%)        1592M (78%)    
[93.408s][info][gc,heap     ] GC(269)      Used:      446M (22%)         446M (22%)         344M (17%)         186M (9%)          456M (22%)         186M (9%)     
[93.408s][info][gc,heap     ] GC(269)      Live:         -               130M (6%)          130M (6%)          130M (6%)             -                  -          
[93.408s][info][gc,heap     ] GC(269) Allocated:         -                 0M (0%)           10M (0%)           19M (1%)             -                  -          
[93.408s][info][gc,heap     ] GC(269)   Garbage:         -               315M (15%)         203M (10%)          35M (2%)             -                  -          
[93.408s][info][gc,heap     ] GC(269) Reclaimed:         -                  -               112M (5%)          279M (14%)            -                  -          
[93.408s][info][gc          ] GC(269) Garbage Collection (System.gc()) 446M(22%)->186M(9%)
[93.708s][info][gc,start    ] GC(270) Garbage Collection (Allocation Rate)
[93.708s][info][gc,task     ] GC(270) Using 2 workers
[93.708s][info][gc,phases   ] GC(270) Pause Mark Start 0.010ms
[93.751s][info][gc          ] Allocation Stall (Executor task launch worker for task 3.0 in stage 1843.0 (TID 7377)) 0.278ms
[93.771s][info][gc,phases   ] GC(270) Concurrent Mark 62.528ms
[93.771s][info][gc,phases   ] GC(270) Pause Mark End 0.016ms
[93.771s][info][gc,phases   ] GC(270) Concurrent Mark Free 0.003ms
[93.804s][info][gc,phases   ] GC(270) Concurrent Process Non-Strong References 32.767ms
[93.804s][info][gc,phases   ] GC(270) Concurrent Reset Relocation Set 0.004ms
[93.804s][info][gc          ] Allocation Stall (Executor task launch worker for task 0.0 in stage 1843.0 (TID 7374)) 52.850ms
[93.804s][info][gc          ] Allocation Stall (Executor task launch worker for task 3.0 in stage 1843.0 (TID 7377)) 52.753ms
[93.804s][info][gc          ] Allocation Stall (Executor task launch worker for task 2.0 in stage 1843.0 (TID 7376)) 52.709ms
[93.804s][info][gc          ] Allocation Stall (Executor task launch worker for task 4.0 in stage 1843.0 (TID 7378)) 51.679ms
[93.804s][info][gc          ] Allocation Stall (Executor task launch worker for task 1.0 in stage 1843.0 (TID 7375)) 53.247ms
[93.804s][info][gc          ] Allocation Stall (Spark Context Cleaner) 33.215ms
[93.808s][info][gc,phases   ] GC(270) Concurrent Select Relocation Set 4.244ms
[93.809s][info][gc,phases   ] GC(270) Pause Relocate Start 0.013ms
[93.834s][info][gc,phases   ] GC(270) Concurrent Relocate 25.224ms
[93.834s][info][gc,load     ] GC(270) Load: 0.00/0.00/0.00
[93.834s][info][gc,mmu      ] GC(270) MMU: 2ms/83.4%, 5ms/93.4%, 10ms/96.7%, 20ms/97.9%, 50ms/99.2%, 100ms/99.5%
[93.834s][info][gc,marking  ] GC(270) Mark: 2 stripe(s), 2 proactive flush(es), 1 terminate flush(es), 0 completion(s), 0 continuation(s) 
[93.834s][info][gc,marking  ] GC(270) Mark Stack Usage: 32M
[93.834s][info][gc,nmethod  ] GC(270) NMethods: 19262 registered, 67 unregistered
[93.834s][info][gc,metaspace] GC(270) Metaspace: 155M used, 157M committed, 1216M reserved
[93.834s][info][gc,ref      ] GC(270) Soft: 3558 encountered, 0 discovered, 0 enqueued
[93.834s][info][gc,ref      ] GC(270) Weak: 15487 encountered, 4056 discovered, 229 enqueued
[93.834s][info][gc,ref      ] GC(270) Final: 52 encountered, 0 discovered, 0 enqueued
[93.834s][info][gc,ref      ] GC(270) Phantom: 600 encountered, 380 discovered, 0 enqueued
[93.834s][info][gc,reloc    ] GC(270) Small Pages: 777 / 1554M, Empty: 1176M, Relocated: 8M, In-Place: 0
[93.834s][info][gc,reloc    ] GC(270) Medium Pages: 9 / 288M, Empty: 0M, Relocated: 43M, In-Place: 0
[93.834s][info][gc,reloc    ] GC(270) Large Pages: 6 / 36M, Empty: 36M, Relocated: 0M, In-Place: 0
[93.834s][info][gc,reloc    ] GC(270) Forwarding Usage: 1M
[93.834s][info][gc,heap     ] GC(270) Min Capacity: 2048M(100%)
[93.834s][info][gc,heap     ] GC(270) Max Capacity: 2048M(100%)
[93.834s][info][gc,heap     ] GC(270) Soft Max Capacity: 2048M(100%)
[93.834s][info][gc,heap     ] GC(270)                Mark Start          Mark End        Relocate Start      Relocate End           High               Low         
[93.834s][info][gc,heap     ] GC(270)  Capacity:     2048M (100%)       2048M (100%)       2048M (100%)       2048M (100%)       2048M (100%)       2048M (100%)   
[93.834s][info][gc,heap     ] GC(270)      Free:      170M (8%)            0M (0%)         1150M (56%)        1444M (71%)        1480M (72%)           0M (0%)     
[93.834s][info][gc,heap     ] GC(270)      Used:     1878M (92%)        2048M (100%)        898M (44%)         604M (29%)        2048M (100%)        568M (28%)    
[93.834s][info][gc,heap     ] GC(270)      Live:         -               180M (9%)          180M (9%)          180M (9%)             -                  -          
[93.834s][info][gc,heap     ] GC(270) Allocated:         -               170M (8%)          232M (11%)         355M (17%)            -                  -          
[93.834s][info][gc,heap     ] GC(270)   Garbage:         -              1697M (83%)         485M (24%)          67M (3%)             -                  -          
[93.834s][info][gc,heap     ] GC(270) Reclaimed:         -                  -              1212M (59%)        1629M (80%)            -                  -          
[93.834s][info][gc          ] GC(270) Garbage Collection (Allocation Rate) 1878M(92%)->604M(29%)
[93.914s][info][gc,start    ] GC(271) Garbage Collection (Allocation Stall)
[93.914s][info][gc,ref      ] GC(271) Clearing All SoftReferences
[93.914s][info][gc,task     ] GC(271) Using 2 workers
[93.914s][info][gc,ref      ] GC(271) Clearing All SoftReferences
[93.914s][info][gc,phases   ] GC(271) Pause Mark Start 0.058ms
[93.976s][info][gc,phases   ] GC(271) Concurrent Mark 62.220ms
[93.977s][info][gc,phases   ] GC(271) Pause Mark End 0.217ms
[93.977s][info][gc,phases   ] GC(271) Concurrent Mark Free 0.001ms
[94.013s][info][gc,phases   ] GC(271) Concurrent Process Non-Strong References 36.520ms
[94.013s][info][gc,phases   ] GC(271) Concurrent Reset Relocation Set 0.021ms
[94.016s][info][gc,phases   ] GC(271) Concurrent Select Relocation Set 2.746ms
[94.016s][info][gc,phases   ] GC(271) Pause Relocate Start 0.011ms
[94.022s][info][gc,phases   ] GC(271) Concurrent Relocate 5.939ms
[94.022s][info][gc,load     ] GC(271) Load: 0.00/0.00/0.00
[94.022s][info][gc,mmu      ] GC(271) MMU: 2ms/83.4%, 5ms/93.4%, 10ms/96.7%, 20ms/97.9%, 50ms/99.2%, 100ms/99.5%
[94.022s][info][gc,marking  ] GC(271) Mark: 2 stripe(s), 3 proactive flush(es), 1 terminate flush(es), 1 completion(s), 0 continuation(s) 
[94.022s][info][gc,marking  ] GC(271) Mark Stack Usage: 32M
[94.022s][info][gc,nmethod  ] GC(271) NMethods: 19263 registered, 71 unregistered
[94.022s][info][gc,metaspace] GC(271) Metaspace: 155M used, 157M committed, 1216M reserved
[94.022s][info][gc,ref      ] GC(271) Soft: 3494 encountered, 3046 discovered, 225 enqueued
[94.022s][info][gc,ref      ] GC(271) Weak: 15450 encountered, 2551 discovered, 197 enqueued
[94.022s][info][gc,ref      ] GC(271) Final: 52 encountered, 0 discovered, 0 enqueued
[94.022s][info][gc,ref      ] GC(271) Phantom: 600 encountered, 383 discovered, 0 enqueued
[94.022s][info][gc,reloc    ] GC(271) Small Pages: 209 / 418M, Empty: 214M, Relocated: 3M, In-Place: 0
[94.022s][info][gc,reloc    ] GC(271) Medium Pages: 8 / 256M, Empty: 32M, Relocated: 27M, In-Place: 0
[94.022s][info][gc,reloc    ] GC(271) Large Pages: 4 / 24M, Empty: 24M, Relocated: 0M, In-Place: 0
[94.022s][info][gc,reloc    ] GC(271) Forwarding Usage: 0M
[94.022s][info][gc,heap     ] GC(271) Min Capacity: 2048M(100%)
[94.022s][info][gc,heap     ] GC(271) Max Capacity: 2048M(100%)
[94.022s][info][gc,heap     ] GC(271) Soft Max Capacity: 2048M(100%)
[94.023s][info][gc,heap     ] GC(271)                Mark Start          Mark End        Relocate Start      Relocate End           High               Low         
[94.023s][info][gc,heap     ] GC(271)  Capacity:     2048M (100%)       2048M (100%)       2048M (100%)       2048M (100%)       2048M (100%)       2048M (100%)   
[94.023s][info][gc,heap     ] GC(271)      Free:     1350M (66%)        1268M (62%)        1504M (73%)        1698M (83%)        1698M (83%)        1236M (60%)    
[94.023s][info][gc,heap     ] GC(271)      Used:      698M (34%)         780M (38%)         544M (27%)         350M (17%)         812M (40%)         350M (17%)    
[94.023s][info][gc,heap     ] GC(271)      Live:         -               193M (9%)          193M (9%)          193M (9%)             -                  -          
[94.023s][info][gc,heap     ] GC(271) Allocated:         -                82M (4%)          116M (6%)          117M (6%)             -                  -          
[94.023s][info][gc,heap     ] GC(271)   Garbage:         -               504M (25%)         234M (11%)          38M (2%)             -                  -          
[94.023s][info][gc,heap     ] GC(271) Reclaimed:         -                  -               270M (13%)         465M (23%)            -                  -          
[94.023s][info][gc          ] GC(271) Garbage Collection (Allocation Stall) 698M(34%)->350M(17%)
[94.105s][info][gc,start    ] GC(272) Garbage Collection (Allocation Rate)
[94.106s][info][gc,task     ] GC(272) Using 2 workers
[94.106s][info][gc,phases   ] GC(272) Pause Mark Start 0.009ms
[94.164s][info][gc,phases   ] GC(272) Concurrent Mark 58.679ms
[94.165s][info][gc,phases   ] GC(272) Pause Mark End 0.035ms
[94.165s][info][gc,phases   ] GC(272) Concurrent Mark Free 0.002ms
[94.183s][info][gc,phases   ] GC(272) Concurrent Process Non-Strong References 18.731ms
[94.183s][info][gc,phases   ] GC(272) Concurrent Reset Relocation Set 0.006ms
[94.186s][info][gc,phases   ] GC(272) Concurrent Select Relocation Set 2.371ms
[94.186s][info][gc,phases   ] GC(272) Pause Relocate Start 0.012ms
[94.190s][info][gc,phases   ] GC(272) Concurrent Relocate 4.294ms
[94.190s][info][gc,load     ] GC(272) Load: 0.00/0.00/0.00
[94.190s][info][gc,mmu      ] GC(272) MMU: 2ms/83.4%, 5ms/93.4%, 10ms/96.7%, 20ms/97.9%, 50ms/99.2%, 100ms/99.5%
[94.190s][info][gc,marking  ] GC(272) Mark: 2 stripe(s), 3 proactive flush(es), 1 terminate flush(es), 0 completion(s), 0 continuation(s) 
[94.190s][info][gc,marking  ] GC(272) Mark Stack Usage: 32M
[94.190s][info][gc,nmethod  ] GC(272) NMethods: 19264 registered, 74 unregistered
[94.190s][info][gc,metaspace] GC(272) Metaspace: 155M used, 157M committed, 1216M reserved
[94.190s][info][gc,ref      ] GC(272) Soft: 3266 encountered, 0 discovered, 0 enqueued
[94.190s][info][gc,ref      ] GC(272) Weak: 15563 encountered, 2949 discovered, 583 enqueued
[94.191s][info][gc,ref      ] GC(272) Final: 52 encountered, 0 discovered, 0 enqueued
[94.191s][info][gc,ref      ] GC(272) Phantom: 600 encountered, 359 discovered, 0 enqueued
[94.191s][info][gc,reloc    ] GC(272) Small Pages: 78 / 156M, Empty: 2M, Relocated: 2M, In-Place: 0
[94.191s][info][gc,reloc    ] GC(272) Medium Pages: 6 / 192M, Empty: 0M, Relocated: 17M, In-Place: 0
[94.191s][info][gc,reloc    ] GC(272) Large Pages: 10 / 60M, Empty: 60M, Relocated: 0M, In-Place: 0
[94.191s][info][gc,reloc    ] GC(272) Forwarding Usage: 0M
[94.191s][info][gc,heap     ] GC(272) Min Capacity: 2048M(100%)
[94.191s][info][gc,heap     ] GC(272) Max Capacity: 2048M(100%)
[94.191s][info][gc,heap     ] GC(272) Soft Max Capacity: 2048M(100%)
[94.191s][info][gc,heap     ] GC(272)                Mark Start          Mark End        Relocate Start      Relocate End           High               Low         
[94.191s][info][gc,heap     ] GC(272)  Capacity:     2048M (100%)       2048M (100%)       2048M (100%)       2048M (100%)       2048M (100%)       2048M (100%)   
[94.191s][info][gc,heap     ] GC(272)      Free:     1640M (80%)        1566M (76%)        1598M (78%)        1712M (84%)        1712M (84%)        1536M (75%)    
[94.191s][info][gc,heap     ] GC(272)      Used:      408M (20%)         482M (24%)         450M (22%)         336M (16%)         512M (25%)         336M (16%)    
[94.191s][info][gc,heap     ] GC(272)      Live:         -               193M (9%)          193M (9%)          193M (9%)             -                  -          
[94.191s][info][gc,heap     ] GC(272) Allocated:         -                74M (4%)          104M (5%)          101M (5%)             -                  -          
[94.191s][info][gc,heap     ] GC(272)   Garbage:         -               214M (10%)         152M (7%)           41M (2%)             -                  -          
[94.191s][info][gc,heap     ] GC(272) Reclaimed:         -                  -                62M (3%)          173M (8%)             -                  -          
[94.191s][info][gc          ] GC(272) Garbage Collection (Allocation Rate) 408M(20%)->336M(16%)
[94.210s][info][gc,start    ] GC(273) Garbage Collection (Allocation Rate)
[94.210s][info][gc,task     ] GC(273) Using 2 workers
[94.210s][info][gc,phases   ] GC(273) Pause Mark Start 0.010ms
[94.264s][info][gc,phases   ] GC(273) Concurrent Mark 53.524ms
[94.264s][info][gc,phases   ] GC(273) Pause Mark End 0.033ms
[94.264s][info][gc,phases   ] GC(273) Concurrent Mark Free 0.001ms
[94.284s][info][gc,phases   ] GC(273) Concurrent Process Non-Strong References 20.233ms
[94.284s][info][gc,phases   ] GC(273) Concurrent Reset Relocation Set 0.006ms
[94.286s][info][gc,phases   ] GC(273) Concurrent Select Relocation Set 1.898ms
[94.286s][info][gc,phases   ] GC(273) Pause Relocate Start 0.008ms
[94.290s][info][gc,phases   ] GC(273) Concurrent Relocate 3.555ms
[94.290s][info][gc,load     ] GC(273) Load: 0.00/0.00/0.00
[94.290s][info][gc,mmu      ] GC(273) MMU: 2ms/83.4%, 5ms/93.4%, 10ms/96.7%, 20ms/97.9%, 50ms/99.2%, 100ms/99.5%
[94.290s][info][gc,marking  ] GC(273) Mark: 2 stripe(s), 2 proactive flush(es), 1 terminate flush(es), 0 completion(s), 0 continuation(s) 
[94.290s][info][gc,marking  ] GC(273) Mark Stack Usage: 32M
[94.290s][info][gc,nmethod  ] GC(273) NMethods: 19264 registered, 74 unregistered
[94.290s][info][gc,metaspace] GC(273) Metaspace: 155M used, 157M committed, 1216M reserved
[94.290s][info][gc,ref      ] GC(273) Soft: 3269 encountered, 0 discovered, 0 enqueued
[94.290s][info][gc,ref      ] GC(273) Weak: 15275 encountered, 2819 discovered, 156 enqueued
[94.290s][info][gc,ref      ] GC(273) Final: 52 encountered, 0 discovered, 0 enqueued
[94.290s][info][gc,ref      ] GC(273) Phantom: 600 encountered, 371 discovered, 0 enqueued
[94.290s][info][gc,reloc    ] GC(273) Small Pages: 73 / 146M, Empty: 0M, Relocated: 1M, In-Place: 0
[94.290s][info][gc,reloc    ] GC(273) Medium Pages: 6 / 192M, Empty: 0M, Relocated: 17M, In-Place: 0
[94.290s][info][gc,reloc    ] GC(273) Large Pages: 5 / 30M, Empty: 30M, Relocated: 0M, In-Place: 0
[94.290s][info][gc,reloc    ] GC(273) Forwarding Usage: 0M
[94.290s][info][gc,heap     ] GC(273) Min Capacity: 2048M(100%)
[94.290s][info][gc,heap     ] GC(273) Max Capacity: 2048M(100%)
[94.290s][info][gc,heap     ] GC(273) Soft Max Capacity: 2048M(100%)
[94.290s][info][gc,heap     ] GC(273)                Mark Start          Mark End        Relocate Start      Relocate End           High               Low         
[94.290s][info][gc,heap     ] GC(273)  Capacity:     2048M (100%)       2048M (100%)       2048M (100%)       2048M (100%)       2048M (100%)       2048M (100%)   
[94.290s][info][gc,heap     ] GC(273)      Free:     1680M (82%)        1606M (78%)        1620M (79%)        1726M (84%)        1726M (84%)        1588M (78%)    
[94.290s][info][gc,heap     ] GC(273)      Used:      368M (18%)         442M (22%)         428M (21%)         322M (16%)         460M (22%)         322M (16%)    
[94.290s][info][gc,heap     ] GC(273)      Live:         -               193M (9%)          193M (9%)          193M (9%)             -                  -          
[94.290s][info][gc,heap     ] GC(273) Allocated:         -                74M (4%)           90M (4%)           89M (4%)             -                  -          
[94.290s][info][gc,heap     ] GC(273)   Garbage:         -               174M (9%)          144M (7%)           38M (2%)             -                  -          
[94.290s][info][gc,heap     ] GC(273) Reclaimed:         -                  -                30M (1%)          135M (7%)             -                  -          
[94.290s][info][gc          ] GC(273) Garbage Collection (Allocation Rate) 368M(18%)->322M(16%)
[94.905s][info][gc,start    ] GC(274) Garbage Collection (Allocation Rate)
[94.905s][info][gc,task     ] GC(274) Using 2 workers
[94.905s][info][gc,phases   ] GC(274) Pause Mark Start 0.009ms
[94.967s][info][gc,phases   ] GC(274) Concurrent Mark 62.019ms
[94.967s][info][gc,phases   ] GC(274) Pause Mark End 0.087ms
[94.968s][info][gc,phases   ] GC(274) Concurrent Mark Free 0.001ms
[94.989s][info][gc,phases   ] GC(274) Concurrent Process Non-Strong References 20.949ms
[94.989s][info][gc,phases   ] GC(274) Concurrent Reset Relocation Set 0.004ms
[94.991s][info][gc,phases   ] GC(274) Concurrent Select Relocation Set 2.116ms
[94.991s][info][gc,phases   ] GC(274) Pause Relocate Start 0.008ms
[94.993s][info][gc,phases   ] GC(274) Concurrent Relocate 2.191ms
[94.993s][info][gc,load     ] GC(274) Load: 0.00/0.00/0.00
[94.993s][info][gc,mmu      ] GC(274) MMU: 2ms/83.4%, 5ms/93.4%, 10ms/96.7%, 20ms/97.9%, 50ms/99.2%, 100ms/99.5%
[94.993s][info][gc,marking  ] GC(274) Mark: 2 stripe(s), 2 proactive flush(es), 1 terminate flush(es), 1 completion(s), 0 continuation(s) 
[94.993s][info][gc,marking  ] GC(274) Mark Stack Usage: 32M
[94.993s][info][gc,nmethod  ] GC(274) NMethods: 19268 registered, 98 unregistered
[94.993s][info][gc,metaspace] GC(274) Metaspace: 155M used, 157M committed, 1216M reserved
[94.993s][info][gc,ref      ] GC(274) Soft: 3267 encountered, 0 discovered, 0 enqueued
[94.993s][info][gc,ref      ] GC(274) Weak: 16960 encountered, 4384 discovered, 1887 enqueued
[94.993s][info][gc,ref      ] GC(274) Final: 52 encountered, 0 discovered, 0 enqueued
[94.993s][info][gc,ref      ] GC(274) Phantom: 600 encountered, 373 discovered, 0 enqueued
[94.993s][info][gc,reloc    ] GC(274) Small Pages: 184 / 368M, Empty: 10M, Relocated: 5M, In-Place: 0
[94.993s][info][gc,reloc    ] GC(274) Medium Pages: 9 / 288M, Empty: 128M, Relocated: 0M, In-Place: 0
[94.993s][info][gc,reloc    ] GC(274) Large Pages: 38 / 228M, Empty: 228M, Relocated: 0M, In-Place: 0
[94.993s][info][gc,reloc    ] GC(274) Forwarding Usage: 1M
[94.993s][info][gc,heap     ] GC(274) Min Capacity: 2048M(100%)
[94.993s][info][gc,heap     ] GC(274) Max Capacity: 2048M(100%)
[94.993s][info][gc,heap     ] GC(274) Soft Max Capacity: 2048M(100%)
[94.993s][info][gc,heap     ] GC(274)                Mark Start          Mark End        Relocate Start      Relocate End           High               Low         
[94.993s][info][gc,heap     ] GC(274)  Capacity:     2048M (100%)       2048M (100%)       2048M (100%)       2048M (100%)       2048M (100%)       2048M (100%)   
[94.993s][info][gc,heap     ] GC(274)      Free:     1164M (57%)        1080M (53%)        1424M (70%)        1704M (83%)        1706M (83%)        1058M (52%)    
[94.993s][info][gc,heap     ] GC(274)      Used:      884M (43%)         968M (47%)         624M (30%)         344M (17%)         990M (48%)         342M (17%)    
[94.993s][info][gc,heap     ] GC(274)      Live:         -               195M (10%)         195M (10%)         195M (10%)            -                  -          
[94.993s][info][gc,heap     ] GC(274) Allocated:         -                84M (4%)          106M (5%)          107M (5%)             -                  -          
[94.993s][info][gc,heap     ] GC(274)   Garbage:         -               688M (34%)         322M (16%)          40M (2%)             -                  -          
[94.993s][info][gc,heap     ] GC(274) Reclaimed:         -                  -               366M (18%)         647M (32%)            -                  -          
[94.993s][info][gc          ] GC(274) Garbage Collection (Allocation Rate) 884M(43%)->344M(17%)
[95.122s][info][gc,start    ] GC(275) Garbage Collection (System.gc())
[95.122s][info][gc,task     ] GC(275) Using 2 workers
[95.122s][info][gc,phases   ] GC(275) Pause Mark Start 0.005ms
[95.179s][info][gc,phases   ] GC(275) Concurrent Mark 56.922ms
[95.179s][info][gc,phases   ] GC(275) Pause Mark End 0.026ms
[95.180s][info][gc,phases   ] GC(275) Concurrent Mark Free 0.002ms
[95.197s][info][gc,phases   ] GC(275) Concurrent Process Non-Strong References 17.587ms
[95.197s][info][gc,phases   ] GC(275) Concurrent Reset Relocation Set 0.009ms
[95.199s][info][gc,phases   ] GC(275) Concurrent Select Relocation Set 2.080ms
[95.199s][info][gc,phases   ] GC(275) Pause Relocate Start 0.008ms
[95.201s][info][gc,phases   ] GC(275) Concurrent Relocate 1.944ms
[95.201s][info][gc,load     ] GC(275) Load: 0.00/0.00/0.00
[95.201s][info][gc,mmu      ] GC(275) MMU: 2ms/83.4%, 5ms/93.4%, 10ms/96.7%, 20ms/97.9%, 50ms/99.2%, 100ms/99.5%
[95.201s][info][gc,marking  ] GC(275) Mark: 2 stripe(s), 2 proactive flush(es), 1 terminate flush(es), 0 completion(s), 0 continuation(s) 
[95.201s][info][gc,marking  ] GC(275) Mark Stack Usage: 32M
[95.201s][info][gc,nmethod  ] GC(275) NMethods: 19270 registered, 108 unregistered
[95.202s][info][gc,metaspace] GC(275) Metaspace: 155M used, 157M committed, 1216M reserved
[95.202s][info][gc,ref      ] GC(275) Soft: 3485 encountered, 0 discovered, 0 enqueued
[95.202s][info][gc,ref      ] GC(275) Weak: 15817 encountered, 3962 discovered, 698 enqueued
[95.202s][info][gc,ref      ] GC(275) Final: 52 encountered, 0 discovered, 0 enqueued
[95.202s][info][gc,ref      ] GC(275) Phantom: 600 encountered, 339 discovered, 0 enqueued
[95.202s][info][gc,reloc    ] GC(275) Small Pages: 103 / 206M, Empty: 2M, Relocated: 3M, In-Place: 0
[95.202s][info][gc,reloc    ] GC(275) Medium Pages: 6 / 192M, Empty: 96M, Relocated: 0M, In-Place: 0
[95.202s][info][gc,reloc    ] GC(275) Large Pages: 7 / 42M, Empty: 42M, Relocated: 0M, In-Place: 0
[95.202s][info][gc,reloc    ] GC(275) Forwarding Usage: 1M
[95.202s][info][gc,heap     ] GC(275) Min Capacity: 2048M(100%)
[95.202s][info][gc,heap     ] GC(275) Max Capacity: 2048M(100%)
[95.202s][info][gc,heap     ] GC(275) Soft Max Capacity: 2048M(100%)
[95.202s][info][gc,heap     ] GC(275)                Mark Start          Mark End        Relocate Start      Relocate End           High               Low         
[95.202s][info][gc,heap     ] GC(275)  Capacity:     2048M (100%)       2048M (100%)       2048M (100%)       2048M (100%)       2048M (100%)       2048M (100%)   
[95.202s][info][gc,heap     ] GC(275)      Free:     1608M (79%)        1608M (79%)        1736M (85%)        1868M (91%)        1868M (91%)        1596M (78%)    
[95.202s][info][gc,heap     ] GC(275)      Used:      440M (21%)         440M (21%)         312M (15%)         180M (9%)          452M (22%)         180M (9%)     
[95.202s][info][gc,heap     ] GC(275)      Live:         -               131M (6%)          131M (6%)          131M (6%)             -                  -          
[95.202s][info][gc,heap     ] GC(275) Allocated:         -                 0M (0%)           12M (1%)           13M (1%)             -                  -          
[95.202s][info][gc,heap     ] GC(275)   Garbage:         -               308M (15%)         168M (8%)           34M (2%)             -                  -          
[95.202s][info][gc,heap     ] GC(275) Reclaimed:         -                  -               140M (7%)          273M (13%)            -                  -          
[95.202s][info][gc          ] GC(275) Garbage Collection (System.gc()) 440M(21%)->180M(9%)
[95.510s][info][gc,start    ] GC(276) Garbage Collection (Allocation Rate)
[95.510s][info][gc,task     ] GC(276) Using 2 workers
[95.510s][info][gc,phases   ] GC(276) Pause Mark Start 0.008ms
[95.572s][info][gc,phases   ] GC(276) Concurrent Mark 62.161ms
[95.573s][info][gc,phases   ] GC(276) Pause Mark End 0.031ms
[95.573s][info][gc,phases   ] GC(276) Concurrent Mark Free 0.003ms
[95.606s][info][gc,phases   ] GC(276) Concurrent Process Non-Strong References 33.353ms
[95.606s][info][gc,phases   ] GC(276) Concurrent Reset Relocation Set 0.004ms
[95.606s][info][gc          ] Allocation Stall (Executor task launch worker for task 4.0 in stage 1889.0 (TID 7562)) 74.241ms
[95.606s][info][gc          ] Allocation Stall (Executor task launch worker for task 0.0 in stage 1889.0 (TID 7558)) 74.914ms
[95.606s][info][gc          ] Allocation Stall (Spark Context Cleaner) 74.873ms
[95.606s][info][gc          ] Allocation Stall (Executor task launch worker for task 1.0 in stage 1889.0 (TID 7559)) 74.036ms
[95.606s][info][gc          ] Allocation Stall (Executor task launch worker for task 3.0 in stage 1889.0 (TID 7561)) 75.855ms
[95.606s][info][gc          ] Allocation Stall (Executor task launch worker for task 2.0 in stage 1889.0 (TID 7560)) 73.765ms
[95.609s][info][gc,phases   ] GC(276) Concurrent Select Relocation Set 3.129ms
[95.610s][info][gc,phases   ] GC(276) Pause Relocate Start 0.016ms
[95.635s][info][gc,phases   ] GC(276) Concurrent Relocate 25.648ms
[95.636s][info][gc,load     ] GC(276) Load: 0.00/0.00/0.00
[95.636s][info][gc,mmu      ] GC(276) MMU: 2ms/83.4%, 5ms/93.4%, 10ms/96.7%, 20ms/97.9%, 50ms/99.2%, 100ms/99.5%
[95.636s][info][gc,marking  ] GC(276) Mark: 2 stripe(s), 2 proactive flush(es), 1 terminate flush(es), 0 completion(s), 0 continuation(s) 
[95.636s][info][gc,marking  ] GC(276) Mark Stack Usage: 32M
[95.636s][info][gc,nmethod  ] GC(276) NMethods: 19285 registered, 116 unregistered
[95.636s][info][gc,metaspace] GC(276) Metaspace: 155M used, 157M committed, 1216M reserved
[95.636s][info][gc,ref      ] GC(276) Soft: 3551 encountered, 0 discovered, 0 enqueued
[95.636s][info][gc,ref      ] GC(276) Weak: 15482 encountered, 4192 discovered, 227 enqueued
[95.636s][info][gc,ref      ] GC(276) Final: 52 encountered, 0 discovered, 0 enqueued
[95.636s][info][gc,ref      ] GC(276) Phantom: 600 encountered, 349 discovered, 0 enqueued
[95.636s][info][gc,reloc    ] GC(276) Small Pages: 813 / 1626M, Empty: 1212M, Relocated: 8M, In-Place: 0
[95.636s][info][gc,reloc    ] GC(276) Medium Pages: 9 / 288M, Empty: 0M, Relocated: 48M, In-Place: 0
[95.636s][info][gc,reloc    ] GC(276) Large Pages: 6 / 36M, Empty: 36M, Relocated: 0M, In-Place: 0
[95.636s][info][gc,reloc    ] GC(276) Forwarding Usage: 1M
[95.636s][info][gc,heap     ] GC(276) Min Capacity: 2048M(100%)
[95.636s][info][gc,heap     ] GC(276) Max Capacity: 2048M(100%)
[95.636s][info][gc,heap     ] GC(276) Soft Max Capacity: 2048M(100%)
[95.636s][info][gc,heap     ] GC(276)                Mark Start          Mark End        Relocate Start      Relocate End           High               Low         
[95.636s][info][gc,heap     ] GC(276)  Capacity:     2048M (100%)       2048M (100%)       2048M (100%)       2048M (100%)       2048M (100%)       2048M (100%)   
[95.636s][info][gc,heap     ] GC(276)      Free:       98M (5%)            0M (0%)         1222M (60%)        1542M (75%)        1562M (76%)           0M (0%)     
[95.636s][info][gc,heap     ] GC(276)      Used:     1950M (95%)        2048M (100%)        826M (40%)         506M (25%)        2048M (100%)        486M (24%)    
[95.636s][info][gc,heap     ] GC(276)      Live:         -               186M (9%)          186M (9%)          186M (9%)             -                  -          
[95.636s][info][gc,heap     ] GC(276) Allocated:         -                98M (5%)          124M (6%)          254M (12%)            -                  -          
[95.636s][info][gc,heap     ] GC(276)   Garbage:         -              1763M (86%)         515M (25%)          65M (3%)             -                  -          
[95.636s][info][gc,heap     ] GC(276) Reclaimed:         -                  -              1248M (61%)        1698M (83%)            -                  -          
[95.636s][info][gc          ] GC(276) Garbage Collection (Allocation Rate) 1950M(95%)->506M(25%)
[95.718s][info][gc,start    ] GC(277) Garbage Collection (Allocation Stall)
[95.718s][info][gc,ref      ] GC(277) Clearing All SoftReferences
[95.718s][info][gc,task     ] GC(277) Using 2 workers
[95.718s][info][gc,ref      ] GC(277) Clearing All SoftReferences
[95.718s][info][gc,phases   ] GC(277) Pause Mark Start 0.043ms
[95.768s][info][gc,phases   ] GC(277) Concurrent Mark 49.979ms
[95.768s][info][gc,phases   ] GC(277) Pause Mark End 0.103ms
[95.769s][info][gc,phases   ] GC(277) Concurrent Mark Free 0.001ms
[95.803s][info][gc,phases   ] GC(277) Concurrent Process Non-Strong References 34.479ms
[95.803s][info][gc,phases   ] GC(277) Concurrent Reset Relocation Set 0.012ms
[95.805s][info][gc,phases   ] GC(277) Concurrent Select Relocation Set 1.972ms
[95.805s][info][gc,phases   ] GC(277) Pause Relocate Start 0.009ms
[95.818s][info][gc,phases   ] GC(277) Concurrent Relocate 13.000ms
[95.818s][info][gc,load     ] GC(277) Load: 0.00/0.00/0.00
[95.818s][info][gc,mmu      ] GC(277) MMU: 2ms/83.4%, 5ms/93.4%, 10ms/96.7%, 20ms/97.9%, 50ms/99.2%, 100ms/99.5%
[95.818s][info][gc,marking  ] GC(277) Mark: 2 stripe(s), 3 proactive flush(es), 1 terminate flush(es), 1 completion(s), 0 continuation(s) 
[95.818s][info][gc,marking  ] GC(277) Mark Stack Usage: 32M
[95.818s][info][gc,nmethod  ] GC(277) NMethods: 19290 registered, 126 unregistered
[95.818s][info][gc,metaspace] GC(277) Metaspace: 155M used, 157M committed, 1216M reserved
[95.818s][info][gc,ref      ] GC(277) Soft: 3488 encountered, 3097 discovered, 226 enqueued
[95.818s][info][gc,ref      ] GC(277) Weak: 15446 encountered, 1986 discovered, 200 enqueued
[95.818s][info][gc,ref      ] GC(277) Final: 52 encountered, 0 discovered, 0 enqueued
[95.818s][info][gc,ref      ] GC(277) Phantom: 600 encountered, 370 discovered, 0 enqueued
[95.818s][info][gc,reloc    ] GC(277) Small Pages: 177 / 354M, Empty: 162M, Relocated: 4M, In-Place: 0
[95.818s][info][gc,reloc    ] GC(277) Medium Pages: 8 / 256M, Empty: 0M, Relocated: 46M, In-Place: 0
[95.818s][info][gc,reloc    ] GC(277) Large Pages: 4 / 24M, Empty: 24M, Relocated: 0M, In-Place: 0
[95.818s][info][gc,reloc    ] GC(277) Forwarding Usage: 1M
[95.818s][info][gc,heap     ] GC(277) Min Capacity: 2048M(100%)
[95.818s][info][gc,heap     ] GC(277) Max Capacity: 2048M(100%)
[95.818s][info][gc,heap     ] GC(277) Soft Max Capacity: 2048M(100%)
[95.818s][info][gc,heap     ] GC(277)                Mark Start          Mark End        Relocate Start      Relocate End           High               Low         
[95.818s][info][gc,heap     ] GC(277)  Capacity:     2048M (100%)       2048M (100%)       2048M (100%)       2048M (100%)       2048M (100%)       2048M (100%)   
[95.818s][info][gc,heap     ] GC(277)      Free:     1414M (69%)        1342M (66%)        1510M (74%)        1724M (84%)        1724M (84%)        1328M (65%)    
[95.818s][info][gc,heap     ] GC(277)      Used:      634M (31%)         706M (34%)         538M (26%)         324M (16%)         720M (35%)         324M (16%)    
[95.818s][info][gc,heap     ] GC(277)      Live:         -               193M (9%)          193M (9%)          193M (9%)             -                  -          
[95.818s][info][gc,heap     ] GC(277) Allocated:         -                72M (4%)           90M (4%)           91M (4%)             -                  -          
[95.818s][info][gc,heap     ] GC(277)   Garbage:         -               440M (21%)         254M (12%)          38M (2%)             -                  -          
[95.818s][info][gc,heap     ] GC(277) Reclaimed:         -                  -               186M (9%)          401M (20%)            -                  -          
[95.818s][info][gc          ] GC(277) Garbage Collection (Allocation Stall) 634M(31%)->324M(16%)
[95.909s][info][gc,start    ] GC(278) Garbage Collection (Allocation Rate)
[95.909s][info][gc,task     ] GC(278) Using 2 workers
[95.909s][info][gc,phases   ] GC(278) Pause Mark Start 0.011ms
[95.960s][info][gc,phases   ] GC(278) Concurrent Mark 51.155ms
[95.960s][info][gc,phases   ] GC(278) Pause Mark End 0.023ms
[95.960s][info][gc,phases   ] GC(278) Concurrent Mark Free 0.001ms
[95.995s][info][gc,phases   ] GC(278) Concurrent Process Non-Strong References 34.614ms
[95.995s][info][gc,phases   ] GC(278) Concurrent Reset Relocation Set 0.007ms
[95.997s][info][gc,phases   ] GC(278) Concurrent Select Relocation Set 2.057ms
[95.997s][info][gc,phases   ] GC(278) Pause Relocate Start 0.009ms
[95.998s][info][gc,phases   ] GC(278) Concurrent Relocate 0.578ms
[95.998s][info][gc,load     ] GC(278) Load: 0.00/0.00/0.00
[95.998s][info][gc,mmu      ] GC(278) MMU: 2ms/83.4%, 5ms/93.4%, 10ms/96.7%, 20ms/97.9%, 50ms/99.2%, 100ms/99.5%
[95.998s][info][gc,marking  ] GC(278) Mark: 2 stripe(s), 2 proactive flush(es), 1 terminate flush(es), 0 completion(s), 0 continuation(s) 
[95.998s][info][gc,marking  ] GC(278) Mark Stack Usage: 32M
[95.998s][info][gc,nmethod  ] GC(278) NMethods: 19291 registered, 128 unregistered
[95.998s][info][gc,metaspace] GC(278) Metaspace: 155M used, 157M committed, 1216M reserved
[95.998s][info][gc,ref      ] GC(278) Soft: 3277 encountered, 0 discovered, 0 enqueued
[95.998s][info][gc,ref      ] GC(278) Weak: 15568 encountered, 2555 discovered, 448 enqueued
[95.998s][info][gc,ref      ] GC(278) Final: 52 encountered, 0 discovered, 0 enqueued
[95.998s][info][gc,ref      ] GC(278) Phantom: 600 encountered, 371 discovered, 0 enqueued
[95.998s][info][gc,reloc    ] GC(278) Small Pages: 78 / 156M, Empty: 0M, Relocated: 1M, In-Place: 0
[95.998s][info][gc,reloc    ] GC(278) Medium Pages: 6 / 192M, Empty: 32M, Relocated: 0M, In-Place: 0
[95.998s][info][gc,reloc    ] GC(278) Large Pages: 9 / 54M, Empty: 54M, Relocated: 0M, In-Place: 0
[95.998s][info][gc,reloc    ] GC(278) Forwarding Usage: 0M
[95.998s][info][gc,heap     ] GC(278) Min Capacity: 2048M(100%)
[95.998s][info][gc,heap     ] GC(278) Max Capacity: 2048M(100%)
[95.998s][info][gc,heap     ] GC(278) Soft Max Capacity: 2048M(100%)
[95.998s][info][gc,heap     ] GC(278)                Mark Start          Mark End        Relocate Start      Relocate End           High               Low         
[95.998s][info][gc,heap     ] GC(278)  Capacity:     2048M (100%)       2048M (100%)       2048M (100%)       2048M (100%)       2048M (100%)       2048M (100%)   
[95.998s][info][gc,heap     ] GC(278)      Free:     1646M (80%)        1568M (77%)        1620M (79%)        1700M (83%)        1700M (83%)        1534M (75%)    
[95.998s][info][gc,heap     ] GC(278)      Used:      402M (20%)         480M (23%)         428M (21%)         348M (17%)         514M (25%)         348M (17%)    
[95.998s][info][gc,heap     ] GC(278)      Live:         -               194M (9%)          194M (9%)          194M (9%)             -                  -          
[95.998s][info][gc,heap     ] GC(278) Allocated:         -                78M (4%)          112M (5%)          111M (5%)             -                  -          
[95.998s][info][gc,heap     ] GC(278)   Garbage:         -               207M (10%)         121M (6%)           41M (2%)             -                  -          
[95.998s][info][gc,heap     ] GC(278) Reclaimed:         -                  -                86M (4%)          165M (8%)             -                  -          
[95.998s][info][gc          ] GC(278) Garbage Collection (Allocation Rate) 402M(20%)->348M(17%)
[96.610s][info][gc,start    ] GC(279) Garbage Collection (Allocation Rate)
[96.610s][info][gc,task     ] GC(279) Using 2 workers
[96.610s][info][gc,phases   ] GC(279) Pause Mark Start 0.009ms
[96.679s][info][gc,phases   ] GC(279) Concurrent Mark 69.108ms
[96.680s][info][gc,phases   ] GC(279) Pause Mark End 0.073ms
[96.680s][info][gc,phases   ] GC(279) Concurrent Mark Free 0.002ms
[96.698s][info][gc,phases   ] GC(279) Concurrent Process Non-Strong References 17.962ms
[96.698s][info][gc,phases   ] GC(279) Concurrent Reset Relocation Set 0.003ms
[96.699s][info][gc,phases   ] GC(279) Concurrent Select Relocation Set 1.745ms
[96.700s][info][gc,phases   ] GC(279) Pause Relocate Start 0.009ms
[96.701s][info][gc,phases   ] GC(279) Concurrent Relocate 1.253ms
[96.701s][info][gc,load     ] GC(279) Load: 0.00/0.00/0.00
[96.701s][info][gc,mmu      ] GC(279) MMU: 2ms/83.4%, 5ms/93.4%, 10ms/96.7%, 20ms/97.9%, 50ms/99.2%, 100ms/99.5%
[96.701s][info][gc,marking  ] GC(279) Mark: 2 stripe(s), 2 proactive flush(es), 1 terminate flush(es), 1 completion(s), 0 continuation(s) 
[96.701s][info][gc,marking  ] GC(279) Mark Stack Usage: 32M
[96.701s][info][gc,nmethod  ] GC(279) NMethods: 19296 registered, 135 unregistered
[96.701s][info][gc,metaspace] GC(279) Metaspace: 155M used, 157M committed, 1216M reserved
[96.701s][info][gc,ref      ] GC(279) Soft: 3279 encountered, 0 discovered, 0 enqueued
[96.701s][info][gc,ref      ] GC(279) Weak: 17037 encountered, 4002 discovered, 1893 enqueued
[96.701s][info][gc,ref      ] GC(279) Final: 52 encountered, 0 discovered, 0 enqueued
[96.701s][info][gc,ref      ] GC(279) Phantom: 600 encountered, 308 discovered, 0 enqueued
[96.701s][info][gc,reloc    ] GC(279) Small Pages: 198 / 396M, Empty: 10M, Relocated: 3M, In-Place: 0
[96.701s][info][gc,reloc    ] GC(279) Medium Pages: 9 / 288M, Empty: 128M, Relocated: 0M, In-Place: 0
[96.701s][info][gc,reloc    ] GC(279) Large Pages: 39 / 234M, Empty: 234M, Relocated: 0M, In-Place: 0
[96.701s][info][gc,reloc    ] GC(279) Forwarding Usage: 0M
[96.701s][info][gc,heap     ] GC(279) Min Capacity: 2048M(100%)
[96.701s][info][gc,heap     ] GC(279) Max Capacity: 2048M(100%)
[96.701s][info][gc,heap     ] GC(279) Soft Max Capacity: 2048M(100%)
[96.701s][info][gc,heap     ] GC(279)                Mark Start          Mark End        Relocate Start      Relocate End           High               Low         
[96.701s][info][gc,heap     ] GC(279)  Capacity:     2048M (100%)       2048M (100%)       2048M (100%)       2048M (100%)       2048M (100%)       2048M (100%)   
[96.701s][info][gc,heap     ] GC(279)      Free:     1130M (55%)        1044M (51%)        1410M (69%)        1718M (84%)        1718M (84%)        1038M (51%)    
[96.701s][info][gc,heap     ] GC(279)      Used:      918M (45%)        1004M (49%)         638M (31%)         330M (16%)        1010M (49%)         330M (16%)    
[96.701s][info][gc,heap     ] GC(279)      Live:         -               195M (10%)         195M (10%)         195M (10%)            -                  -          
[96.701s][info][gc,heap     ] GC(279) Allocated:         -                86M (4%)           92M (4%)           93M (5%)             -                  -          
[96.701s][info][gc,heap     ] GC(279)   Garbage:         -               722M (35%)         350M (17%)          40M (2%)             -                  -          
[96.701s][info][gc,heap     ] GC(279) Reclaimed:         -                  -               372M (18%)         681M (33%)            -                  -          
[96.701s][info][gc          ] GC(279) Garbage Collection (Allocation Rate) 918M(45%)->330M(16%)
[96.919s][info][gc,start    ] GC(280) Garbage Collection (System.gc())
[96.919s][info][gc,task     ] GC(280) Using 2 workers
[96.919s][info][gc,phases   ] GC(280) Pause Mark Start 0.008ms
[96.975s][info][gc,phases   ] GC(280) Concurrent Mark 55.563ms
[96.975s][info][gc,phases   ] GC(280) Pause Mark End 0.031ms
[96.975s][info][gc,phases   ] GC(280) Concurrent Mark Free 0.003ms
[96.994s][info][gc,phases   ] GC(280) Concurrent Process Non-Strong References 18.167ms
[96.994s][info][gc,phases   ] GC(280) Concurrent Reset Relocation Set 0.009ms
[96.996s][info][gc,phases   ] GC(280) Concurrent Select Relocation Set 2.061ms
[96.996s][info][gc,phases   ] GC(280) Pause Relocate Start 0.007ms
[97.000s][info][gc,phases   ] GC(280) Concurrent Relocate 4.212ms
[97.000s][info][gc,load     ] GC(280) Load: 0.00/0.00/0.00
[97.000s][info][gc,mmu      ] GC(280) MMU: 2ms/83.4%, 5ms/93.4%, 10ms/96.7%, 20ms/97.9%, 50ms/99.2%, 100ms/99.5%
[97.000s][info][gc,marking  ] GC(280) Mark: 2 stripe(s), 2 proactive flush(es), 1 terminate flush(es), 0 completion(s), 0 continuation(s) 
[97.000s][info][gc,marking  ] GC(280) Mark Stack Usage: 32M
[97.000s][info][gc,nmethod  ] GC(280) NMethods: 19299 registered, 150 unregistered
[97.000s][info][gc,metaspace] GC(280) Metaspace: 155M used, 157M committed, 1216M reserved
[97.000s][info][gc,ref      ] GC(280) Soft: 3494 encountered, 0 discovered, 0 enqueued
[97.000s][info][gc,ref      ] GC(280) Weak: 16109 encountered, 3329 discovered, 988 enqueued
[97.000s][info][gc,ref      ] GC(280) Final: 52 encountered, 0 discovered, 0 enqueued
[97.000s][info][gc,ref      ] GC(280) Phantom: 600 encountered, 372 discovered, 0 enqueued
[97.000s][info][gc,reloc    ] GC(280) Small Pages: 119 / 238M, Empty: 4M, Relocated: 6M, In-Place: 0
[97.000s][info][gc,reloc    ] GC(280) Medium Pages: 7 / 224M, Empty: 128M, Relocated: 0M, In-Place: 0
[97.000s][info][gc,reloc    ] GC(280) Large Pages: 12 / 72M, Empty: 72M, Relocated: 0M, In-Place: 0
[97.000s][info][gc,reloc    ] GC(280) Forwarding Usage: 2M
[97.000s][info][gc,heap     ] GC(280) Min Capacity: 2048M(100%)
[97.000s][info][gc,heap     ] GC(280) Max Capacity: 2048M(100%)
[97.000s][info][gc,heap     ] GC(280) Soft Max Capacity: 2048M(100%)
[97.000s][info][gc,heap     ] GC(280)                Mark Start          Mark End        Relocate Start      Relocate End           High               Low         
[97.000s][info][gc,heap     ] GC(280)  Capacity:     2048M (100%)       2048M (100%)       2048M (100%)       2048M (100%)       2048M (100%)       2048M (100%)   
[97.000s][info][gc,heap     ] GC(280)      Free:     1514M (74%)        1512M (74%)        1704M (83%)        1854M (91%)        1862M (91%)        1504M (73%)    
[97.000s][info][gc,heap     ] GC(280)      Used:      534M (26%)         536M (26%)         344M (17%)         194M (9%)          544M (27%)         186M (9%)     
[97.000s][info][gc,heap     ] GC(280)      Live:         -               131M (6%)          131M (6%)          131M (6%)             -                  -          
[97.000s][info][gc,heap     ] GC(280) Allocated:         -                 2M (0%)           14M (1%)           27M (1%)             -                  -          
[97.000s][info][gc,heap     ] GC(280)   Garbage:         -               402M (20%)         198M (10%)          34M (2%)             -                  -          
[97.000s][info][gc,heap     ] GC(280) Reclaimed:         -                  -               204M (10%)         367M (18%)            -                  -          
[97.000s][info][gc          ] GC(280) Garbage Collection (System.gc()) 534M(26%)->194M(9%)
[97.206s][info][gc,start    ] GC(281) Garbage Collection (Allocation Rate)
[97.206s][info][gc,task     ] GC(281) Using 2 workers
[97.206s][info][gc,phases   ] GC(281) Pause Mark Start 0.011ms
[97.316s][info][gc,phases   ] GC(281) Concurrent Mark 109.364ms
[97.316s][info][gc,phases   ] GC(281) Pause Mark End 0.029ms
[97.316s][info][gc,phases   ] GC(281) Concurrent Mark Free 0.003ms
[97.340s][info][gc,phases   ] GC(281) Concurrent Process Non-Strong References 23.359ms
[97.340s][info][gc,phases   ] GC(281) Concurrent Reset Relocation Set 0.004ms
[97.340s][info][gc          ] Allocation Stall (Executor task launch worker for task 0.0 in stage 1935.0 (TID 7742)) 7.044ms
[97.340s][info][gc          ] Allocation Stall (Executor task launch worker for task 4.0 in stage 1935.0 (TID 7746)) 8.037ms
[97.340s][info][gc          ] Allocation Stall (Executor task launch worker for task 2.0 in stage 1935.0 (TID 7744)) 7.872ms
[97.340s][info][gc          ] Allocation Stall (Executor task launch worker for task 3.0 in stage 1935.0 (TID 7745)) 7.314ms
[97.340s][info][gc          ] Allocation Stall (dispatcher-event-loop-3) 3.526ms
[97.340s][info][gc          ] Allocation Stall (Executor task launch worker for task 1.0 in stage 1935.0 (TID 7743)) 6.863ms
[97.343s][info][gc,phases   ] GC(281) Concurrent Select Relocation Set 2.824ms
[97.343s][info][gc,phases   ] GC(281) Pause Relocate Start 0.012ms
[97.361s][info][gc,phases   ] GC(281) Concurrent Relocate 17.724ms
[97.361s][info][gc,load     ] GC(281) Load: 0.00/0.00/0.00
[97.361s][info][gc,mmu      ] GC(281) MMU: 2ms/83.4%, 5ms/93.4%, 10ms/96.7%, 20ms/97.9%, 50ms/99.2%, 100ms/99.5%
[97.361s][info][gc,marking  ] GC(281) Mark: 2 stripe(s), 2 proactive flush(es), 1 terminate flush(es), 0 completion(s), 0 continuation(s) 
[97.361s][info][gc,marking  ] GC(281) Mark Stack Usage: 32M
[97.361s][info][gc,nmethod  ] GC(281) NMethods: 19336 registered, 153 unregistered
[97.361s][info][gc,metaspace] GC(281) Metaspace: 155M used, 157M committed, 1216M reserved
[97.361s][info][gc,ref      ] GC(281) Soft: 3558 encountered, 0 discovered, 0 enqueued
[97.361s][info][gc,ref      ] GC(281) Weak: 15488 encountered, 3108 discovered, 234 enqueued
[97.361s][info][gc,ref      ] GC(281) Final: 52 encountered, 0 discovered, 0 enqueued
[97.361s][info][gc,ref      ] GC(281) Phantom: 600 encountered, 339 discovered, 0 enqueued
[97.361s][info][gc,reloc    ] GC(281) Small Pages: 537 / 1074M, Empty: 806M, Relocated: 8M, In-Place: 0
[97.361s][info][gc,reloc    ] GC(281) Medium Pages: 5 / 160M, Empty: 0M, Relocated: 24M, In-Place: 0
[97.361s][info][gc,reloc    ] GC(281) Large Pages: 6 / 36M, Empty: 36M, Relocated: 0M, In-Place: 0
[97.361s][info][gc,reloc    ] GC(281) Forwarding Usage: 1M
[97.361s][info][gc,heap     ] GC(281) Min Capacity: 2048M(100%)
[97.361s][info][gc,heap     ] GC(281) Max Capacity: 2048M(100%)
[97.361s][info][gc,heap     ] GC(281) Soft Max Capacity: 2048M(100%)
[97.361s][info][gc,heap     ] GC(281)                Mark Start          Mark End        Relocate Start      Relocate End           High               Low         
[97.361s][info][gc,heap     ] GC(281)  Capacity:     2048M (100%)       2048M (100%)       2048M (100%)       2048M (100%)       2048M (100%)       2048M (100%)   
[97.361s][info][gc,heap     ] GC(281)      Free:      778M (38%)          82M (4%)          824M (40%)         998M (49%)        1006M (49%)           0M (0%)     
[97.361s][info][gc,heap     ] GC(281)      Used:     1270M (62%)        1966M (96%)        1224M (60%)        1050M (51%)        2048M (100%)       1042M (51%)    
[97.361s][info][gc,heap     ] GC(281)      Live:         -               149M (7%)          149M (7%)          149M (7%)             -                  -          
[97.361s][info][gc,heap     ] GC(281) Allocated:         -               696M (34%)         796M (39%)         873M (43%)            -                  -          
[97.361s][info][gc,heap     ] GC(281)   Garbage:         -              1120M (55%)         278M (14%)          26M (1%)             -                  -          
[97.361s][info][gc,heap     ] GC(281) Reclaimed:         -                  -               842M (41%)        1093M (53%)            -                  -          
[97.361s][info][gc          ] GC(281) Garbage Collection (Allocation Rate) 1270M(62%)->1050M(51%)
[97.413s][info][gc,start    ] GC(282) Garbage Collection (Allocation Stall)
[97.413s][info][gc,ref      ] GC(282) Clearing All SoftReferences
[97.413s][info][gc,task     ] GC(282) Using 2 workers
[97.413s][info][gc,ref      ] GC(282) Clearing All SoftReferences
[97.413s][info][gc,phases   ] GC(282) Pause Mark Start 0.024ms
[97.470s][info][gc,phases   ] GC(282) Concurrent Mark 56.688ms
[97.470s][info][gc,phases   ] GC(282) Pause Mark End 0.217ms
[97.470s][info][gc,phases   ] GC(282) Concurrent Mark Free 0.001ms
[97.505s][info][gc,phases   ] GC(282) Concurrent Process Non-Strong References 35.014ms
[97.505s][info][gc,phases   ] GC(282) Concurrent Reset Relocation Set 0.008ms
[97.508s][info][gc,phases   ] GC(282) Concurrent Select Relocation Set 2.238ms
[97.508s][info][gc,phases   ] GC(282) Pause Relocate Start 0.012ms
[97.521s][info][gc,phases   ] GC(282) Concurrent Relocate 13.261ms
[97.521s][info][gc,load     ] GC(282) Load: 0.00/0.00/0.00
[97.521s][info][gc,mmu      ] GC(282) MMU: 2ms/83.4%, 5ms/93.4%, 10ms/96.7%, 20ms/97.9%, 50ms/99.2%, 100ms/99.5%
[97.521s][info][gc,marking  ] GC(282) Mark: 2 stripe(s), 4 proactive flush(es), 1 terminate flush(es), 1 completion(s), 0 continuation(s) 
[97.521s][info][gc,marking  ] GC(282) Mark Stack Usage: 32M
[97.521s][info][gc,nmethod  ] GC(282) NMethods: 19338 registered, 153 unregistered
[97.521s][info][gc,metaspace] GC(282) Metaspace: 155M used, 157M committed, 1216M reserved
[97.521s][info][gc,ref      ] GC(282) Soft: 3492 encountered, 3046 discovered, 223 enqueued
[97.521s][info][gc,ref      ] GC(282) Weak: 15287 encountered, 2402 discovered, 51 enqueued
[97.521s][info][gc,ref      ] GC(282) Final: 52 encountered, 0 discovered, 0 enqueued
[97.521s][info][gc,ref      ] GC(282) Phantom: 600 encountered, 346 discovered, 0 enqueued
[97.521s][info][gc,reloc    ] GC(282) Small Pages: 445 / 890M, Empty: 576M, Relocated: 3M, In-Place: 0
[97.521s][info][gc,reloc    ] GC(282) Medium Pages: 9 / 288M, Empty: 0M, Relocated: 51M, In-Place: 0
[97.521s][info][gc,reloc    ] GC(282) Large Pages: 1 / 6M, Empty: 6M, Relocated: 0M, In-Place: 0
[97.521s][info][gc,reloc    ] GC(282) Forwarding Usage: 0M
[97.521s][info][gc,heap     ] GC(282) Min Capacity: 2048M(100%)
[97.521s][info][gc,heap     ] GC(282) Max Capacity: 2048M(100%)
[97.521s][info][gc,heap     ] GC(282) Soft Max Capacity: 2048M(100%)
[97.521s][info][gc,heap     ] GC(282)                Mark Start          Mark End        Relocate Start      Relocate End           High               Low         
[97.521s][info][gc,heap     ] GC(282)  Capacity:     2048M (100%)       2048M (100%)       2048M (100%)       2048M (100%)       2048M (100%)       2048M (100%)   
[97.521s][info][gc,heap     ] GC(282)      Free:      864M (42%)         782M (38%)        1334M (65%)        1690M (83%)        1690M (83%)         754M (37%)    
[97.521s][info][gc,heap     ] GC(282)      Used:     1184M (58%)        1266M (62%)         714M (35%)         358M (17%)        1294M (63%)         358M (17%)    
[97.521s][info][gc,heap     ] GC(282)      Live:         -               193M (9%)          193M (9%)          193M (9%)             -                  -          
[97.521s][info][gc,heap     ] GC(282) Allocated:         -                82M (4%)          112M (5%)          114M (6%)             -                  -          
[97.521s][info][gc,heap     ] GC(282)   Garbage:         -               990M (48%)         408M (20%)          50M (2%)             -                  -          
[97.521s][info][gc,heap     ] GC(282) Reclaimed:         -                  -               582M (28%)         940M (46%)            -                  -          
[97.521s][info][gc          ] GC(282) Garbage Collection (Allocation Stall) 1184M(58%)->358M(17%)
[97.611s][info][gc,start    ] GC(283) Garbage Collection (Allocation Rate)
[97.611s][info][gc,task     ] GC(283) Using 2 workers
[97.612s][info][gc,phases   ] GC(283) Pause Mark Start 0.009ms
[97.670s][info][gc,phases   ] GC(283) Concurrent Mark 58.582ms
[97.671s][info][gc,phases   ] GC(283) Pause Mark End 0.104ms
[97.671s][info][gc,phases   ] GC(283) Concurrent Mark Free 0.001ms
[97.691s][info][gc,phases   ] GC(283) Concurrent Process Non-Strong References 20.122ms
[97.691s][info][gc,phases   ] GC(283) Concurrent Reset Relocation Set 0.008ms
[97.693s][info][gc,phases   ] GC(283) Concurrent Select Relocation Set 1.938ms
[97.693s][info][gc,phases   ] GC(283) Pause Relocate Start 0.010ms
[97.698s][info][gc,phases   ] GC(283) Concurrent Relocate 4.797ms
[97.698s][info][gc,load     ] GC(283) Load: 0.00/0.00/0.00
[97.698s][info][gc,mmu      ] GC(283) MMU: 2ms/83.4%, 5ms/93.4%, 10ms/96.7%, 20ms/97.9%, 50ms/99.2%, 100ms/99.5%
[97.698s][info][gc,marking  ] GC(283) Mark: 2 stripe(s), 2 proactive flush(es), 1 terminate flush(es), 1 completion(s), 0 continuation(s) 
[97.698s][info][gc,marking  ] GC(283) Mark Stack Usage: 32M
[97.698s][info][gc,nmethod  ] GC(283) NMethods: 19338 registered, 154 unregistered
[97.698s][info][gc,metaspace] GC(283) Metaspace: 155M used, 157M committed, 1216M reserved
[97.698s][info][gc,ref      ] GC(283) Soft: 3273 encountered, 0 discovered, 0 enqueued
[97.698s][info][gc,ref      ] GC(283) Weak: 15636 encountered, 3799 discovered, 580 enqueued
[97.698s][info][gc,ref      ] GC(283) Final: 52 encountered, 0 discovered, 0 enqueued
[97.698s][info][gc,ref      ] GC(283) Phantom: 600 encountered, 371 discovered, 0 enqueued
[97.698s][info][gc,reloc    ] GC(283) Small Pages: 85 / 170M, Empty: 6M, Relocated: 3M, In-Place: 0
[97.698s][info][gc,reloc    ] GC(283) Medium Pages: 7 / 224M, Empty: 32M, Relocated: 19M, In-Place: 0
[97.698s][info][gc,reloc    ] GC(283) Large Pages: 11 / 66M, Empty: 66M, Relocated: 0M, In-Place: 0
[97.698s][info][gc,reloc    ] GC(283) Forwarding Usage: 0M
[97.698s][info][gc,heap     ] GC(283) Min Capacity: 2048M(100%)
[97.698s][info][gc,heap     ] GC(283) Max Capacity: 2048M(100%)
[97.698s][info][gc,heap     ] GC(283) Soft Max Capacity: 2048M(100%)
[97.698s][info][gc,heap     ] GC(283)                Mark Start          Mark End        Relocate Start      Relocate End           High               Low         
[97.698s][info][gc,heap     ] GC(283)  Capacity:     2048M (100%)       2048M (100%)       2048M (100%)       2048M (100%)       2048M (100%)       2048M (100%)   
[97.698s][info][gc,heap     ] GC(283)      Free:     1588M (78%)        1508M (74%)        1592M (78%)        1708M (83%)        1708M (83%)        1488M (73%)    
[97.698s][info][gc,heap     ] GC(283)      Used:      460M (22%)         540M (26%)         456M (22%)         340M (17%)         560M (27%)         340M (17%)    
[97.698s][info][gc,heap     ] GC(283)      Live:         -               195M (10%)         195M (10%)         195M (10%)            -                  -          
[97.698s][info][gc,heap     ] GC(283) Allocated:         -                80M (4%)          100M (5%)          105M (5%)             -                  -          
[97.698s][info][gc,heap     ] GC(283)   Garbage:         -               264M (13%)         160M (8%)           38M (2%)             -                  -          
[97.698s][info][gc,heap     ] GC(283) Reclaimed:         -                  -               104M (5%)          225M (11%)            -                  -          
[97.698s][info][gc          ] GC(283) Garbage Collection (Allocation Rate) 460M(22%)->340M(17%)
[97.711s][info][gc,start    ] GC(284) Garbage Collection (Allocation Rate)
[97.711s][info][gc,task     ] GC(284) Using 2 workers
[97.711s][info][gc,phases   ] GC(284) Pause Mark Start 0.010ms
[97.760s][info][gc,phases   ] GC(284) Concurrent Mark 48.370ms
[97.760s][info][gc,phases   ] GC(284) Pause Mark End 0.019ms
[97.760s][info][gc,phases   ] GC(284) Concurrent Mark Free 0.001ms
[97.778s][info][gc,phases   ] GC(284) Concurrent Process Non-Strong References 18.283ms
[97.778s][info][gc,phases   ] GC(284) Concurrent Reset Relocation Set 0.004ms
[97.781s][info][gc,phases   ] GC(284) Concurrent Select Relocation Set 3.079ms
[97.781s][info][gc,phases   ] GC(284) Pause Relocate Start 0.007ms
[97.783s][info][gc,phases   ] GC(284) Concurrent Relocate 1.435ms
[97.783s][info][gc,load     ] GC(284) Load: 0.00/0.00/0.00
[97.783s][info][gc,mmu      ] GC(284) MMU: 2ms/83.4%, 5ms/93.4%, 10ms/96.7%, 20ms/97.9%, 50ms/99.2%, 100ms/99.5%
[97.783s][info][gc,marking  ] GC(284) Mark: 2 stripe(s), 2 proactive flush(es), 1 terminate flush(es), 0 completion(s), 0 continuation(s) 
[97.783s][info][gc,marking  ] GC(284) Mark Stack Usage: 32M
[97.783s][info][gc,nmethod  ] GC(284) NMethods: 19340 registered, 154 unregistered
[97.783s][info][gc,metaspace] GC(284) Metaspace: 155M used, 157M committed, 1216M reserved
[97.783s][info][gc,ref      ] GC(284) Soft: 3269 encountered, 0 discovered, 0 enqueued
[97.783s][info][gc,ref      ] GC(284) Weak: 15275 encountered, 2354 discovered, 153 enqueued
[97.783s][info][gc,ref      ] GC(284) Final: 52 encountered, 0 discovered, 0 enqueued
[97.783s][info][gc,ref      ] GC(284) Phantom: 600 encountered, 361 discovered, 0 enqueued
[97.783s][info][gc,reloc    ] GC(284) Small Pages: 66 / 132M, Empty: 2M, Relocated: 3M, In-Place: 0
[97.783s][info][gc,reloc    ] GC(284) Medium Pages: 6 / 192M, Empty: 32M, Relocated: 0M, In-Place: 0
[97.783s][info][gc,reloc    ] GC(284) Large Pages: 4 / 24M, Empty: 24M, Relocated: 0M, In-Place: 0
[97.783s][info][gc,reloc    ] GC(284) Forwarding Usage: 0M
[97.783s][info][gc,heap     ] GC(284) Min Capacity: 2048M(100%)
[97.783s][info][gc,heap     ] GC(284) Max Capacity: 2048M(100%)
[97.783s][info][gc,heap     ] GC(284) Soft Max Capacity: 2048M(100%)
[97.783s][info][gc,heap     ] GC(284)                Mark Start          Mark End        Relocate Start      Relocate End           High               Low         
[97.783s][info][gc,heap     ] GC(284)  Capacity:     2048M (100%)       2048M (100%)       2048M (100%)       2048M (100%)       2048M (100%)       2048M (100%)   
[97.783s][info][gc,heap     ] GC(284)      Free:     1700M (83%)        1618M (79%)        1660M (81%)        1714M (84%)        1714M (84%)        1602M (78%)    
[97.783s][info][gc,heap     ] GC(284)      Used:      348M (17%)         430M (21%)         388M (19%)         334M (16%)         446M (22%)         334M (16%)    
[97.783s][info][gc,heap     ] GC(284)      Live:         -               193M (9%)          193M (9%)          193M (9%)             -                  -          
[97.783s][info][gc,heap     ] GC(284) Allocated:         -                82M (4%)           98M (5%)           99M (5%)             -                  -          
[97.783s][info][gc,heap     ] GC(284)   Garbage:         -               154M (8%)           96M (5%)           40M (2%)             -                  -          
[97.783s][info][gc,heap     ] GC(284) Reclaimed:         -                  -                58M (3%)          113M (6%)             -                  -          
[97.783s][info][gc          ] GC(284) Garbage Collection (Allocation Rate) 348M(17%)->334M(16%)
[97.818s][info][gc,start    ] GC(285) Garbage Collection (Allocation Rate)
[97.818s][info][gc,task     ] GC(285) Using 2 workers
[97.818s][info][gc,phases   ] GC(285) Pause Mark Start 0.009ms
[97.876s][info][gc,phases   ] GC(285) Concurrent Mark 57.218ms
[97.876s][info][gc,phases   ] GC(285) Pause Mark End 0.107ms
[97.876s][info][gc,phases   ] GC(285) Concurrent Mark Free 0.001ms
[97.894s][info][gc,phases   ] GC(285) Concurrent Process Non-Strong References 18.315ms
[97.894s][info][gc,phases   ] GC(285) Concurrent Reset Relocation Set 0.004ms
[97.896s][info][gc,phases   ] GC(285) Concurrent Select Relocation Set 1.955ms
[97.896s][info][gc,phases   ] GC(285) Pause Relocate Start 0.011ms
[97.897s][info][gc,phases   ] GC(285) Concurrent Relocate 0.812ms
[97.897s][info][gc,load     ] GC(285) Load: 0.00/0.00/0.00
[97.897s][info][gc,mmu      ] GC(285) MMU: 2ms/83.4%, 5ms/93.4%, 10ms/96.7%, 20ms/97.9%, 50ms/99.2%, 100ms/99.5%
[97.897s][info][gc,marking  ] GC(285) Mark: 2 stripe(s), 2 proactive flush(es), 1 terminate flush(es), 1 completion(s), 0 continuation(s) 
[97.897s][info][gc,marking  ] GC(285) Mark Stack Usage: 32M
[97.897s][info][gc,nmethod  ] GC(285) NMethods: 19340 registered, 155 unregistered
[97.897s][info][gc,metaspace] GC(285) Metaspace: 155M used, 157M committed, 1216M reserved
[97.897s][info][gc,ref      ] GC(285) Soft: 3269 encountered, 0 discovered, 0 enqueued
[97.897s][info][gc,ref      ] GC(285) Weak: 15416 encountered, 1931 discovered, 293 enqueued
[97.897s][info][gc,ref      ] GC(285) Final: 52 encountered, 0 discovered, 0 enqueued
[97.897s][info][gc,ref      ] GC(285) Phantom: 600 encountered, 400 discovered, 0 enqueued
[97.897s][info][gc,reloc    ] GC(285) Small Pages: 66 / 132M, Empty: 0M, Relocated: 1M, In-Place: 0
[97.897s][info][gc,reloc    ] GC(285) Medium Pages: 6 / 192M, Empty: 32M, Relocated: 0M, In-Place: 0
[97.897s][info][gc,reloc    ] GC(285) Large Pages: 6 / 36M, Empty: 36M, Relocated: 0M, In-Place: 0
[97.897s][info][gc,reloc    ] GC(285) Forwarding Usage: 0M
[97.897s][info][gc,heap     ] GC(285) Min Capacity: 2048M(100%)
[97.897s][info][gc,heap     ] GC(285) Max Capacity: 2048M(100%)
[97.897s][info][gc,heap     ] GC(285) Soft Max Capacity: 2048M(100%)
[97.897s][info][gc,heap     ] GC(285)                Mark Start          Mark End        Relocate Start      Relocate End           High               Low         
[97.897s][info][gc,heap     ] GC(285)  Capacity:     2048M (100%)       2048M (100%)       2048M (100%)       2048M (100%)       2048M (100%)       2048M (100%)   
[97.898s][info][gc,heap     ] GC(285)      Free:     1688M (82%)        1604M (78%)        1652M (81%)        1710M (83%)        1710M (83%)        1584M (77%)    
[97.898s][info][gc,heap     ] GC(285)      Used:      360M (18%)         444M (22%)         396M (19%)         338M (17%)         464M (23%)         338M (17%)    
[97.898s][info][gc,heap     ] GC(285)      Live:         -               193M (9%)          193M (9%)          193M (9%)             -                  -          
[97.898s][info][gc,heap     ] GC(285) Allocated:         -                84M (4%)          104M (5%)          103M (5%)             -                  -          
[97.898s][info][gc,heap     ] GC(285)   Garbage:         -               166M (8%)           98M (5%)           40M (2%)             -                  -          
[97.898s][info][gc,heap     ] GC(285) Reclaimed:         -                  -                68M (3%)          125M (6%)             -                  -          
[97.898s][info][gc          ] GC(285) Garbage Collection (Allocation Rate) 360M(18%)->338M(17%)
[98.509s][info][gc,start    ] GC(286) Garbage Collection (Allocation Rate)
[98.509s][info][gc,task     ] GC(286) Using 2 workers
[98.510s][info][gc,phases   ] GC(286) Pause Mark Start 0.013ms
[98.573s][info][gc,phases   ] GC(286) Concurrent Mark 63.030ms
[98.573s][info][gc,phases   ] GC(286) Pause Mark End 0.065ms
[98.573s][info][gc,phases   ] GC(286) Concurrent Mark Free 0.001ms
[98.592s][info][gc,phases   ] GC(286) Concurrent Process Non-Strong References 18.744ms
[98.592s][info][gc,phases   ] GC(286) Concurrent Reset Relocation Set 0.002ms
[98.594s][info][gc,phases   ] GC(286) Concurrent Select Relocation Set 2.391ms
[98.594s][info][gc,phases   ] GC(286) Pause Relocate Start 0.010ms
[98.598s][info][gc,phases   ] GC(286) Concurrent Relocate 3.226ms
[98.598s][info][gc,load     ] GC(286) Load: 0.00/0.00/0.00
[98.598s][info][gc,mmu      ] GC(286) MMU: 2ms/83.4%, 5ms/93.4%, 10ms/96.7%, 20ms/97.9%, 50ms/99.2%, 100ms/99.5%
[98.598s][info][gc,marking  ] GC(286) Mark: 2 stripe(s), 2 proactive flush(es), 1 terminate flush(es), 1 completion(s), 0 continuation(s) 
[98.598s][info][gc,marking  ] GC(286) Mark Stack Usage: 32M
[98.598s][info][gc,nmethod  ] GC(286) NMethods: 19360 registered, 159 unregistered
[98.598s][info][gc,metaspace] GC(286) Metaspace: 155M used, 157M committed, 1216M reserved
[98.598s][info][gc,ref      ] GC(286) Soft: 3269 encountered, 0 discovered, 0 enqueued
[98.598s][info][gc,ref      ] GC(286) Weak: 17034 encountered, 4059 discovered, 1889 enqueued
[98.598s][info][gc,ref      ] GC(286) Final: 52 encountered, 0 discovered, 0 enqueued
[98.598s][info][gc,ref      ] GC(286) Phantom: 600 encountered, 372 discovered, 0 enqueued
[98.598s][info][gc,reloc    ] GC(286) Small Pages: 193 / 386M, Empty: 10M, Relocated: 6M, In-Place: 0
[98.598s][info][gc,reloc    ] GC(286) Medium Pages: 9 / 288M, Empty: 128M, Relocated: 0M, In-Place: 0
[98.598s][info][gc,reloc    ] GC(286) Large Pages: 39 / 234M, Empty: 234M, Relocated: 0M, In-Place: 0
[98.598s][info][gc,reloc    ] GC(286) Forwarding Usage: 1M
[98.598s][info][gc,heap     ] GC(286) Min Capacity: 2048M(100%)
[98.598s][info][gc,heap     ] GC(286) Max Capacity: 2048M(100%)
[98.598s][info][gc,heap     ] GC(286) Soft Max Capacity: 2048M(100%)
[98.598s][info][gc,heap     ] GC(286)                Mark Start          Mark End        Relocate Start      Relocate End           High               Low         
[98.598s][info][gc,heap     ] GC(286)  Capacity:     2048M (100%)       2048M (100%)       2048M (100%)       2048M (100%)       2048M (100%)       2048M (100%)   
[98.598s][info][gc,heap     ] GC(286)      Free:     1140M (56%)        1060M (52%)        1414M (69%)        1712M (84%)        1714M (84%)        1042M (51%)    
[98.598s][info][gc,heap     ] GC(286)      Used:      908M (44%)         988M (48%)         634M (31%)         336M (16%)        1006M (49%)         334M (16%)    
[98.598s][info][gc,heap     ] GC(286)      Live:         -               195M (10%)         195M (10%)         195M (10%)            -                  -          
[98.598s][info][gc,heap     ] GC(286) Allocated:         -                80M (4%)           98M (5%)           99M (5%)             -                  -          
[98.598s][info][gc,heap     ] GC(286)   Garbage:         -               712M (35%)         340M (17%)          40M (2%)             -                  -          
[98.598s][info][gc,heap     ] GC(286) Reclaimed:         -                  -               372M (18%)         671M (33%)            -                  -          
[98.598s][info][gc          ] GC(286) Garbage Collection (Allocation Rate) 908M(44%)->336M(16%)
[98.655s][info][gc,start    ] GC(287) Garbage Collection (System.gc())
[98.655s][info][gc,task     ] GC(287) Using 2 workers
[98.655s][info][gc,phases   ] GC(287) Pause Mark Start 0.007ms
[98.698s][info][gc,phases   ] GC(287) Concurrent Mark 42.871ms
[98.698s][info][gc,phases   ] GC(287) Pause Mark End 0.014ms
[98.698s][info][gc,phases   ] GC(287) Concurrent Mark Free 0.001ms
[98.715s][info][gc,phases   ] GC(287) Concurrent Process Non-Strong References 17.071ms
[98.716s][info][gc,phases   ] GC(287) Concurrent Reset Relocation Set 0.010ms
[98.718s][info][gc,phases   ] GC(287) Concurrent Select Relocation Set 2.271ms
[98.718s][info][gc,phases   ] GC(287) Pause Relocate Start 0.009ms
[98.721s][info][gc,phases   ] GC(287) Concurrent Relocate 2.903ms
[98.721s][info][gc,load     ] GC(287) Load: 0.00/0.00/0.00
[98.721s][info][gc,mmu      ] GC(287) MMU: 2ms/83.4%, 5ms/93.4%, 10ms/96.7%, 20ms/97.9%, 50ms/99.2%, 100ms/99.5%
[98.721s][info][gc,marking  ] GC(287) Mark: 2 stripe(s), 1 proactive flush(es), 1 terminate flush(es), 0 completion(s), 0 continuation(s) 
[98.721s][info][gc,marking  ] GC(287) Mark Stack Usage: 32M
[98.721s][info][gc,nmethod  ] GC(287) NMethods: 19410 registered, 169 unregistered
[98.721s][info][gc,metaspace] GC(287) Metaspace: 155M used, 157M committed, 1216M reserved
[98.721s][info][gc,ref      ] GC(287) Soft: 3485 encountered, 0 discovered, 0 enqueued
[98.721s][info][gc,ref      ] GC(287) Weak: 15669 encountered, 2054 discovered, 553 enqueued
[98.721s][info][gc,ref      ] GC(287) Final: 52 encountered, 0 discovered, 0 enqueued
[98.721s][info][gc,ref      ] GC(287) Phantom: 600 encountered, 382 discovered, 0 enqueued
[98.721s][info][gc,reloc    ] GC(287) Small Pages: 86 / 172M, Empty: 0M, Relocated: 4M, In-Place: 0
[98.721s][info][gc,reloc    ] GC(287) Medium Pages: 6 / 192M, Empty: 96M, Relocated: 0M, In-Place: 0
[98.721s][info][gc,reloc    ] GC(287) Large Pages: 3 / 18M, Empty: 18M, Relocated: 0M, In-Place: 0
[98.721s][info][gc,reloc    ] GC(287) Forwarding Usage: 1M
[98.721s][info][gc,heap     ] GC(287) Min Capacity: 2048M(100%)
[98.721s][info][gc,heap     ] GC(287) Max Capacity: 2048M(100%)
[98.721s][info][gc,heap     ] GC(287) Soft Max Capacity: 2048M(100%)
[98.721s][info][gc,heap     ] GC(287)                Mark Start          Mark End        Relocate Start      Relocate End           High               Low         
[98.721s][info][gc,heap     ] GC(287)  Capacity:     2048M (100%)       2048M (100%)       2048M (100%)       2048M (100%)       2048M (100%)       2048M (100%)   
[98.721s][info][gc,heap     ] GC(287)      Free:     1666M (81%)        1666M (81%)        1766M (86%)        1864M (91%)        1864M (91%)        1652M (81%)    
[98.721s][info][gc,heap     ] GC(287)      Used:      382M (19%)         382M (19%)         282M (14%)         184M (9%)          396M (19%)         184M (9%)     
[98.721s][info][gc,heap     ] GC(287)      Live:         -               130M (6%)          130M (6%)          130M (6%)             -                  -          
[98.721s][info][gc,heap     ] GC(287) Allocated:         -                 0M (0%)           14M (1%)           17M (1%)             -                  -          
[98.721s][info][gc,heap     ] GC(287)   Garbage:         -               251M (12%)         137M (7%)           35M (2%)             -                  -          
[98.721s][info][gc,heap     ] GC(287) Reclaimed:         -                  -               114M (6%)          215M (11%)            -                  -          
[98.721s][info][gc          ] GC(287) Garbage Collection (System.gc()) 382M(19%)->184M(9%)
[99.016s][info][gc,start    ] GC(288) Garbage Collection (Allocation Rate)
[99.016s][info][gc,task     ] GC(288) Using 2 workers
[99.016s][info][gc,phases   ] GC(288) Pause Mark Start 0.010ms
[99.094s][info][gc,phases   ] GC(288) Concurrent Mark 78.244ms
[99.095s][info][gc,phases   ] GC(288) Pause Mark End 0.031ms
[99.095s][info][gc,phases   ] GC(288) Concurrent Mark Free 0.003ms
[99.128s][info][gc,phases   ] GC(288) Concurrent Process Non-Strong References 32.870ms
[99.128s][info][gc,phases   ] GC(288) Concurrent Reset Relocation Set 0.003ms
[99.128s][info][gc          ] Allocation Stall (Executor task launch worker for task 3.0 in stage 1981.0 (TID 7929)) 47.652ms
[99.128s][info][gc          ] Allocation Stall (Executor task launch worker for task 2.0 in stage 1981.0 (TID 7928)) 47.374ms
[99.128s][info][gc          ] Allocation Stall (Executor task launch worker for task 4.0 in stage 1981.0 (TID 7930)) 47.412ms
[99.128s][info][gc          ] Allocation Stall (Executor task launch worker for task 1.0 in stage 1981.0 (TID 7927)) 48.012ms
[99.128s][info][gc          ] Allocation Stall (Executor task launch worker for task 0.0 in stage 1981.0 (TID 7926)) 47.257ms
[99.132s][info][gc,phases   ] GC(288) Concurrent Select Relocation Set 3.951ms
[99.132s][info][gc,phases   ] GC(288) Pause Relocate Start 0.026ms
[99.158s][info][gc,phases   ] GC(288) Concurrent Relocate 25.878ms
[99.158s][info][gc,load     ] GC(288) Load: 0.00/0.00/0.00
[99.158s][info][gc,mmu      ] GC(288) MMU: 2ms/83.4%, 5ms/93.4%, 10ms/96.7%, 20ms/97.9%, 50ms/99.2%, 100ms/99.5%
[99.158s][info][gc,marking  ] GC(288) Mark: 2 stripe(s), 2 proactive flush(es), 1 terminate flush(es), 0 completion(s), 0 continuation(s) 
[99.158s][info][gc,marking  ] GC(288) Mark Stack Usage: 32M
[99.158s][info][gc,nmethod  ] GC(288) NMethods: 19422 registered, 177 unregistered
[99.158s][info][gc,metaspace] GC(288) Metaspace: 155M used, 157M committed, 1216M reserved
[99.158s][info][gc,ref      ] GC(288) Soft: 3549 encountered, 0 discovered, 0 enqueued
[99.158s][info][gc,ref      ] GC(288) Weak: 15478 encountered, 2365 discovered, 223 enqueued
[99.158s][info][gc,ref      ] GC(288) Final: 52 encountered, 0 discovered, 0 enqueued
[99.158s][info][gc,ref      ] GC(288) Phantom: 600 encountered, 381 discovered, 0 enqueued
[99.158s][info][gc,reloc    ] GC(288) Small Pages: 736 / 1472M, Empty: 1106M, Relocated: 8M, In-Place: 0
[99.158s][info][gc,reloc    ] GC(288) Medium Pages: 8 / 256M, Empty: 0M, Relocated: 52M, In-Place: 0
[99.158s][info][gc,reloc    ] GC(288) Large Pages: 6 / 36M, Empty: 36M, Relocated: 0M, In-Place: 0
[99.158s][info][gc,reloc    ] GC(288) Forwarding Usage: 1M
[99.158s][info][gc,heap     ] GC(288) Min Capacity: 2048M(100%)
[99.158s][info][gc,heap     ] GC(288) Max Capacity: 2048M(100%)
[99.158s][info][gc,heap     ] GC(288) Soft Max Capacity: 2048M(100%)
[99.158s][info][gc,heap     ] GC(288)                Mark Start          Mark End        Relocate Start      Relocate End           High               Low         
[99.158s][info][gc,heap     ] GC(288)  Capacity:     2048M (100%)       2048M (100%)       2048M (100%)       2048M (100%)       2048M (100%)       2048M (100%)   
[99.158s][info][gc,heap     ] GC(288)      Free:      284M (14%)           0M (0%)         1116M (54%)        1392M (68%)        1406M (69%)           0M (0%)     
[99.158s][info][gc,heap     ] GC(288)      Used:     1764M (86%)        2048M (100%)        932M (46%)         656M (32%)        2048M (100%)        642M (31%)    
[99.158s][info][gc,heap     ] GC(288)      Live:         -               176M (9%)          176M (9%)          176M (9%)             -                  -          
[99.158s][info][gc,heap     ] GC(288) Allocated:         -               284M (14%)         310M (15%)         437M (21%)            -                  -          
[99.158s][info][gc,heap     ] GC(288)   Garbage:         -              1587M (78%)         445M (22%)          41M (2%)             -                  -          
[99.158s][info][gc,heap     ] GC(288) Reclaimed:         -                  -              1142M (56%)        1545M (75%)            -                  -          
[99.158s][info][gc          ] GC(288) Garbage Collection (Allocation Rate) 1764M(86%)->656M(32%)
[99.205s][info][gc,start    ] GC(289) Garbage Collection (Allocation Stall)
[99.205s][info][gc,ref      ] GC(289) Clearing All SoftReferences
[99.205s][info][gc,task     ] GC(289) Using 2 workers
[99.205s][info][gc,ref      ] GC(289) Clearing All SoftReferences
[99.205s][info][gc,phases   ] GC(289) Pause Mark Start 0.063ms
[99.258s][info][gc,phases   ] GC(289) Concurrent Mark 53.206ms
[99.259s][info][gc,phases   ] GC(289) Pause Mark End 0.028ms
[99.259s][info][gc,phases   ] GC(289) Concurrent Mark Free 0.002ms
[99.297s][info][gc,phases   ] GC(289) Concurrent Process Non-Strong References 38.186ms
[99.297s][info][gc,phases   ] GC(289) Concurrent Reset Relocation Set 0.012ms
[99.299s][info][gc,phases   ] GC(289) Concurrent Select Relocation Set 2.294ms
[99.299s][info][gc,phases   ] GC(289) Pause Relocate Start 0.008ms
[99.309s][info][gc,phases   ] GC(289) Concurrent Relocate 9.486ms
[99.309s][info][gc,load     ] GC(289) Load: 0.00/0.00/0.00
[99.309s][info][gc,mmu      ] GC(289) MMU: 2ms/83.4%, 5ms/93.4%, 10ms/96.7%, 20ms/97.9%, 50ms/99.2%, 100ms/99.5%
[99.309s][info][gc,marking  ] GC(289) Mark: 2 stripe(s), 2 proactive flush(es), 1 terminate flush(es), 0 completion(s), 0 continuation(s) 
[99.309s][info][gc,marking  ] GC(289) Mark Stack Usage: 32M
[99.309s][info][gc,nmethod  ] GC(289) NMethods: 19423 registered, 177 unregistered
[99.309s][info][gc,metaspace] GC(289) Metaspace: 155M used, 157M committed, 1216M reserved
[99.309s][info][gc,ref      ] GC(289) Soft: 3485 encountered, 3086 discovered, 216 enqueued
[99.309s][info][gc,ref      ] GC(289) Weak: 15285 encountered, 1948 discovered, 51 enqueued
[99.309s][info][gc,ref      ] GC(289) Final: 52 encountered, 0 discovered, 0 enqueued
[99.309s][info][gc,ref      ] GC(289) Phantom: 600 encountered, 355 discovered, 0 enqueued
[99.309s][info][gc,reloc    ] GC(289) Small Pages: 240 / 480M, Empty: 262M, Relocated: 3M, In-Place: 0
[99.309s][info][gc,reloc    ] GC(289) Medium Pages: 8 / 256M, Empty: 0M, Relocated: 47M, In-Place: 0
[99.309s][info][gc,reloc    ] GC(289) Large Pages: 1 / 6M, Empty: 6M, Relocated: 0M, In-Place: 0
[99.309s][info][gc,reloc    ] GC(289) Forwarding Usage: 0M
[99.309s][info][gc,heap     ] GC(289) Min Capacity: 2048M(100%)
[99.309s][info][gc,heap     ] GC(289) Max Capacity: 2048M(100%)
[99.309s][info][gc,heap     ] GC(289) Soft Max Capacity: 2048M(100%)
[99.309s][info][gc,heap     ] GC(289)                Mark Start          Mark End        Relocate Start      Relocate End           High               Low         
[99.309s][info][gc,heap     ] GC(289)  Capacity:     2048M (100%)       2048M (100%)       2048M (100%)       2048M (100%)       2048M (100%)       2048M (100%)   
[99.309s][info][gc,heap     ] GC(289)      Free:     1306M (64%)        1224M (60%)        1460M (71%)        1694M (83%)        1694M (83%)        1192M (58%)    
[99.309s][info][gc,heap     ] GC(289)      Used:      742M (36%)         824M (40%)         588M (29%)         354M (17%)         856M (42%)         354M (17%)    
[99.309s][info][gc,heap     ] GC(289)      Live:         -               193M (9%)          193M (9%)          193M (9%)             -                  -          
[99.309s][info][gc,heap     ] GC(289) Allocated:         -                82M (4%)          114M (6%)          119M (6%)             -                  -          
[99.309s][info][gc,heap     ] GC(289)   Garbage:         -               548M (27%)         280M (14%)          40M (2%)             -                  -          
[99.309s][info][gc,heap     ] GC(289) Reclaimed:         -                  -               268M (13%)         507M (25%)            -                  -          
[99.309s][info][gc          ] GC(289) Garbage Collection (Allocation Stall) 742M(36%)->354M(17%)
[99.402s][info][gc,start    ] GC(290) Garbage Collection (Allocation Rate)
[99.402s][info][gc,task     ] GC(290) Using 2 workers
[99.402s][info][gc,phases   ] GC(290) Pause Mark Start 0.008ms
[99.450s][info][gc,phases   ] GC(290) Concurrent Mark 48.540ms
[99.451s][info][gc,phases   ] GC(290) Pause Mark End 0.020ms
[99.451s][info][gc,phases   ] GC(290) Concurrent Mark Free 0.002ms
[99.469s][info][gc,phases   ] GC(290) Concurrent Process Non-Strong References 18.741ms
[99.469s][info][gc,phases   ] GC(290) Concurrent Reset Relocation Set 0.006ms
[99.472s][info][gc,phases   ] GC(290) Concurrent Select Relocation Set 2.487ms
[99.472s][info][gc,phases   ] GC(290) Pause Relocate Start 0.011ms
[99.474s][info][gc,phases   ] GC(290) Concurrent Relocate 1.928ms
[99.474s][info][gc,load     ] GC(290) Load: 0.00/0.00/0.00
[99.474s][info][gc,mmu      ] GC(290) MMU: 2ms/83.4%, 5ms/93.4%, 10ms/96.7%, 20ms/97.9%, 50ms/99.2%, 100ms/99.5%
[99.474s][info][gc,marking  ] GC(290) Mark: 2 stripe(s), 3 proactive flush(es), 1 terminate flush(es), 0 completion(s), 0 continuation(s) 
[99.474s][info][gc,marking  ] GC(290) Mark Stack Usage: 32M
[99.474s][info][gc,nmethod  ] GC(290) NMethods: 19422 registered, 180 unregistered
[99.474s][info][gc,metaspace] GC(290) Metaspace: 155M used, 157M committed, 1216M reserved
[99.474s][info][gc,ref      ] GC(290) Soft: 3273 encountered, 0 discovered, 0 enqueued
[99.474s][info][gc,ref      ] GC(290) Weak: 15634 encountered, 2421 discovered, 586 enqueued
[99.474s][info][gc,ref      ] GC(290) Final: 52 encountered, 0 discovered, 0 enqueued
[99.474s][info][gc,ref      ] GC(290) Phantom: 600 encountered, 332 discovered, 0 enqueued
[99.474s][info][gc,reloc    ] GC(290) Small Pages: 85 / 170M, Empty: 4M, Relocated: 3M, In-Place: 0
[99.474s][info][gc,reloc    ] GC(290) Medium Pages: 6 / 192M, Empty: 32M, Relocated: 0M, In-Place: 0
[99.474s][info][gc,reloc    ] GC(290) Large Pages: 11 / 66M, Empty: 66M, Relocated: 0M, In-Place: 0
[99.474s][info][gc,reloc    ] GC(290) Forwarding Usage: 0M
[99.474s][info][gc,heap     ] GC(290) Min Capacity: 2048M(100%)
[99.474s][info][gc,heap     ] GC(290) Max Capacity: 2048M(100%)
[99.474s][info][gc,heap     ] GC(290) Soft Max Capacity: 2048M(100%)
[99.474s][info][gc,heap     ] GC(290)                Mark Start          Mark End        Relocate Start      Relocate End           High               Low         
[99.474s][info][gc,heap     ] GC(290)  Capacity:     2048M (100%)       2048M (100%)       2048M (100%)       2048M (100%)       2048M (100%)       2048M (100%)   
[99.474s][info][gc,heap     ] GC(290)      Free:     1620M (79%)        1556M (76%)        1634M (80%)        1722M (84%)        1722M (84%)        1534M (75%)    
[99.474s][info][gc,heap     ] GC(290)      Used:      428M (21%)         492M (24%)         414M (20%)         326M (16%)         514M (25%)         326M (16%)    
[99.474s][info][gc,heap     ] GC(290)      Live:         -               195M (10%)         195M (10%)         195M (10%)            -                  -          
[99.474s][info][gc,heap     ] GC(290) Allocated:         -                64M (3%)           88M (4%)           91M (4%)             -                  -          
[99.474s][info][gc,heap     ] GC(290)   Garbage:         -               232M (11%)         130M (6%)           38M (2%)             -                  -          
[99.474s][info][gc,heap     ] GC(290) Reclaimed:         -                  -               102M (5%)          193M (9%)             -                  -          
[99.474s][info][gc          ] GC(290) Garbage Collection (Allocation Rate) 428M(21%)->326M(16%)
[99.506s][info][gc,start    ] GC(291) Garbage Collection (Allocation Rate)
[99.506s][info][gc,task     ] GC(291) Using 2 workers
[99.506s][info][gc,phases   ] GC(291) Pause Mark Start 0.008ms
[99.555s][info][gc,phases   ] GC(291) Concurrent Mark 48.689ms
[99.555s][info][gc,phases   ] GC(291) Pause Mark End 0.028ms
[99.555s][info][gc,phases   ] GC(291) Concurrent Mark Free 0.001ms
[99.573s][info][gc,phases   ] GC(291) Concurrent Process Non-Strong References 17.711ms
[99.573s][info][gc,phases   ] GC(291) Concurrent Reset Relocation Set 0.004ms
[99.575s][info][gc,phases   ] GC(291) Concurrent Select Relocation Set 2.041ms
[99.575s][info][gc,phases   ] GC(291) Pause Relocate Start 0.009ms
[99.577s][info][gc,phases   ] GC(291) Concurrent Relocate 1.854ms
[99.577s][info][gc,load     ] GC(291) Load: 0.00/0.00/0.00
[99.577s][info][gc,mmu      ] GC(291) MMU: 2ms/83.4%, 5ms/93.4%, 10ms/96.7%, 20ms/97.9%, 50ms/99.2%, 100ms/99.5%
[99.577s][info][gc,marking  ] GC(291) Mark: 2 stripe(s), 2 proactive flush(es), 1 terminate flush(es), 0 completion(s), 0 continuation(s) 
[99.577s][info][gc,marking  ] GC(291) Mark Stack Usage: 32M
[99.577s][info][gc,nmethod  ] GC(291) NMethods: 19422 registered, 180 unregistered
[99.577s][info][gc,metaspace] GC(291) Metaspace: 155M used, 157M committed, 1216M reserved
[99.577s][info][gc,ref      ] GC(291) Soft: 3269 encountered, 0 discovered, 0 enqueued
[99.577s][info][gc,ref      ] GC(291) Weak: 15258 encountered, 2633 discovered, 153 enqueued
[99.577s][info][gc,ref      ] GC(291) Final: 52 encountered, 0 discovered, 0 enqueued
[99.577s][info][gc,ref      ] GC(291) Phantom: 600 encountered, 362 discovered, 0 enqueued
[99.577s][info][gc,reloc    ] GC(291) Small Pages: 65 / 130M, Empty: 2M, Relocated: 3M, In-Place: 0
[99.577s][info][gc,reloc    ] GC(291) Medium Pages: 6 / 192M, Empty: 32M, Relocated: 0M, In-Place: 0
[99.577s][info][gc,reloc    ] GC(291) Large Pages: 4 / 24M, Empty: 24M, Relocated: 0M, In-Place: 0
[99.577s][info][gc,reloc    ] GC(291) Forwarding Usage: 1M
[99.577s][info][gc,heap     ] GC(291) Min Capacity: 2048M(100%)
[99.577s][info][gc,heap     ] GC(291) Max Capacity: 2048M(100%)
[99.577s][info][gc,heap     ] GC(291) Soft Max Capacity: 2048M(100%)
[99.577s][info][gc,heap     ] GC(291)                Mark Start          Mark End        Relocate Start      Relocate End           High               Low         
[99.577s][info][gc,heap     ] GC(291)  Capacity:     2048M (100%)       2048M (100%)       2048M (100%)       2048M (100%)       2048M (100%)       2048M (100%)   
[99.577s][info][gc,heap     ] GC(291)      Free:     1702M (83%)        1620M (79%)        1660M (81%)        1714M (84%)        1714M (84%)        1602M (78%)    
[99.577s][info][gc,heap     ] GC(291)      Used:      346M (17%)         428M (21%)         388M (19%)         334M (16%)         446M (22%)         334M (16%)    
[99.577s][info][gc,heap     ] GC(291)      Live:         -               194M (9%)          194M (9%)          194M (9%)             -                  -          
[99.577s][info][gc,heap     ] GC(291) Allocated:         -                82M (4%)          100M (5%)           99M (5%)             -                  -          
[99.577s][info][gc,heap     ] GC(291)   Garbage:         -               151M (7%)           93M (5%)           40M (2%)             -                  -          
[99.577s][info][gc,heap     ] GC(291) Reclaimed:         -                  -                58M (3%)          111M (5%)             -                  -          
[99.577s][info][gc          ] GC(291) Garbage Collection (Allocation Rate) 346M(17%)->334M(16%)
[100.109s][info][gc,stats    ] === Garbage Collection Statistics =======================================================================================================================
[100.109s][info][gc,stats    ]                                                              Last 10s              Last 10m              Last 10h                Total
[100.109s][info][gc,stats    ]                                                              Avg / Max             Avg / Max             Avg / Max             Avg / Max
[100.109s][info][gc,stats    ]   Collector: Garbage Collection Cycle                     97.043 / 154.478      94.758 / 235.178      94.758 / 235.178      94.758 / 235.178     ms
[100.109s][info][gc,stats    ]  Contention: Mark Segment Reset Contention                     3 / 7                 3 / 51                3 / 51                3 / 51          ops/s
[100.109s][info][gc,stats    ]  Contention: Mark SeqNum Reset Contention                      0 / 2                 0 / 3                 0 / 3                 0 / 3           ops/s
[100.109s][info][gc,stats    ]    Critical: Allocation Stall                                  3 / 7                 2 / 8                 2 / 8                 2 / 8           ops/s
[100.109s][info][gc,stats    ]    Critical: Allocation Stall                             42.694 / 75.855       43.129 / 93.951       43.129 / 93.951       43.129 / 93.951      ms
[100.109s][info][gc,stats    ]    Critical: GC Locker Stall                                   0 / 1                 0 / 2                 0 / 2                 0 / 2           ops/s
[100.109s][info][gc,stats    ]    Critical: GC Locker Stall                               0.012 / 0.015         0.019 / 0.041         0.019 / 0.041         0.019 / 0.041       ms
[100.109s][info][gc,stats    ]    Critical: Relocation Stall                                  0 / 0                 0 / 0                 0 / 0                 0 / 0           ops/s
[100.109s][info][gc,stats    ]    Critical: Relocation Stall                              0.000 / 0.000         0.000 / 0.000         0.000 / 0.000         0.000 / 0.000       ms
[100.109s][info][gc,stats    ]      Memory: Allocation Rate                                1885 / 2632           1583 / 3030           1583 / 3030           1583 / 3030        MB/s
[100.109s][info][gc,stats    ]      Memory: Defragment                                       70 / 118              43 / 138              43 / 138              43 / 138         ops/s
[100.109s][info][gc,stats    ]      Memory: Out Of Memory                                     0 / 0                 0 / 0                 0 / 0                 0 / 0           ops/s
[100.109s][info][gc,stats    ]      Memory: Page Cache Flush                                316 / 468             203 / 468             203 / 468             203 / 468         MB/s
[100.109s][info][gc,stats    ]      Memory: Page Cache Hit L1                               637 / 988             548 / 1168            548 / 1168            548 / 1168        ops/s
[100.109s][info][gc,stats    ]      Memory: Page Cache Hit L2                                 0 / 0                 0 / 0                 0 / 0                 0 / 0           ops/s
[100.109s][info][gc,stats    ]      Memory: Page Cache Hit L3                                62 / 100              50 / 265              50 / 265              50 / 265         ops/s
[100.109s][info][gc,stats    ]      Memory: Page Cache Miss                                  12 / 23                7 / 24                7 / 24                7 / 24          ops/s
[100.109s][info][gc,stats    ]      Memory: Uncommit                                          0 / 0                 0 / 0                 0 / 0                 0 / 0           MB/s
[100.109s][info][gc,stats    ]      Memory: Undo Object Allocation Failed                     0 / 2                 0 / 5                 0 / 5                 0 / 5           ops/s
[100.109s][info][gc,stats    ]      Memory: Undo Object Allocation Succeeded                 13 / 38               79 / 2789             79 / 2789             79 / 2789        ops/s
[100.109s][info][gc,stats    ]      Memory: Undo Page Allocation                              4 / 9                 3 / 12                3 / 12                3 / 12          ops/s
[100.109s][info][gc,stats    ]       Phase: Concurrent Mark                              60.283 / 109.364      59.800 / 160.845      59.800 / 160.845      59.800 / 160.845     ms
[100.109s][info][gc,stats    ]       Phase: Concurrent Mark Continue                      0.000 / 0.000        15.071 / 15.112       15.071 / 15.112       15.071 / 15.112      ms
[100.109s][info][gc,stats    ]       Phase: Concurrent Mark Free                          0.002 / 0.003         0.002 / 0.005         0.002 / 0.005         0.002 / 0.005       ms
[100.109s][info][gc,stats    ]       Phase: Concurrent Process Non-Strong References     25.185 / 38.186       23.855 / 63.816       23.855 / 63.816       23.855 / 63.816      ms
[100.109s][info][gc,stats    ]       Phase: Concurrent Relocate                           8.001 / 26.357        7.326 / 78.506        7.326 / 78.506        7.326 / 78.506      ms
[100.109s][info][gc,stats    ]       Phase: Concurrent Reset Relocation Set               0.006 / 0.021         0.006 / 0.023         0.006 / 0.023         0.006 / 0.023       ms
[100.109s][info][gc,stats    ]       Phase: Concurrent Select Relocation Set              2.496 / 6.203         2.476 / 6.265         2.476 / 6.265         2.476 / 6.265       ms
[100.109s][info][gc,stats    ]       Phase: Pause Mark End                                0.067 / 0.331         0.051 / 0.331         0.051 / 0.331         0.051 / 0.331       ms
[100.110s][info][gc,stats    ]       Phase: Pause Mark Start                              0.016 / 0.063         0.016 / 0.077         0.016 / 0.077         0.016 / 0.077       ms
[100.110s][info][gc,stats    ]       Phase: Pause Relocate Start                          0.011 / 0.026         0.010 / 0.086         0.010 / 0.086         0.010 / 0.086       ms
[100.110s][info][gc,stats    ]    Subphase: Concurrent Classes Purge                      0.105 / 0.408         0.140 / 2.002         0.140 / 2.002         0.140 / 2.002       ms
[100.110s][info][gc,stats    ]    Subphase: Concurrent Classes Unlink                    23.252 / 36.006       21.347 / 38.983       21.347 / 38.983       21.347 / 38.983      ms
[100.110s][info][gc,stats    ]    Subphase: Concurrent Mark                              50.709 / 103.839      49.618 / 147.243      49.618 / 147.243      49.618 / 147.243     ms
[100.110s][info][gc,stats    ]    Subphase: Concurrent Mark Try Flush                     0.233 / 9.396         0.558 / 29.293        0.558 / 29.293        0.558 / 29.293      ms
[100.110s][info][gc,stats    ]    Subphase: Concurrent Mark Try Terminate                 3.762 / 21.239        3.405 / 22.417        3.405 / 22.417        3.405 / 22.417      ms
[100.110s][info][gc,stats    ]    Subphase: Concurrent References Enqueue                 0.006 / 0.016         0.005 / 0.017         0.005 / 0.017         0.005 / 0.017       ms
[100.110s][info][gc,stats    ]    Subphase: Concurrent References Process                 0.345 / 0.611         0.484 / 1.136         0.484 / 1.136         0.484 / 1.136       ms
[100.110s][info][gc,stats    ]    Subphase: Concurrent Roots ClassLoaderDataGraph         0.196 / 0.458         0.204 / 0.578         0.204 / 0.578         0.204 / 0.578       ms
[100.110s][info][gc,stats    ]    Subphase: Concurrent Roots CodeCache                    0.000 / 0.000         0.000 / 0.000         0.000 / 0.000         0.000 / 0.000       ms
[100.110s][info][gc,stats    ]    Subphase: Concurrent Roots JavaThreads                  4.352 / 5.645         4.872 / 13.179        4.872 / 13.179        4.872 / 13.179      ms
[100.110s][info][gc,stats    ]    Subphase: Concurrent Roots OopStorageSet                0.067 / 0.263         0.066 / 0.263         0.066 / 0.263         0.066 / 0.263       ms
[100.110s][info][gc,stats    ]    Subphase: Concurrent Weak Roots OopStorageSet           0.996 / 1.609         1.005 / 2.128         1.005 / 2.128         1.005 / 2.128       ms
[100.110s][info][gc,stats    ]    Subphase: Pause Mark Try Complete                       0.024 / 0.153         0.019 / 0.234         0.019 / 0.234         0.019 / 0.234       ms
[100.110s][info][gc,stats    ]      System: Java Threads                                    284 / 284             271 / 286             271 / 286             271 / 286         threads
[100.110s][info][gc,stats    ] =========================================================================================================================================================
[100.220s][info][gc,start    ] GC(292) Garbage Collection (Allocation Rate)
[100.220s][info][gc,task     ] GC(292) Using 2 workers
[100.220s][info][gc,phases   ] GC(292) Pause Mark Start 0.012ms
[100.269s][info][gc,phases   ] GC(292) Concurrent Mark 48.700ms
[100.269s][info][gc,phases   ] GC(292) Pause Mark End 0.020ms
[100.269s][info][gc,phases   ] GC(292) Concurrent Mark Free 0.001ms
[100.288s][info][gc,phases   ] GC(292) Concurrent Process Non-Strong References 18.452ms
[100.288s][info][gc,phases   ] GC(292) Concurrent Reset Relocation Set 0.004ms
[100.290s][info][gc,phases   ] GC(292) Concurrent Select Relocation Set 2.442ms
[100.290s][info][gc,phases   ] GC(292) Pause Relocate Start 0.009ms
[100.294s][info][gc,phases   ] GC(292) Concurrent Relocate 3.267ms
[100.294s][info][gc,load     ] GC(292) Load: 0.00/0.00/0.00
[100.294s][info][gc,mmu      ] GC(292) MMU: 2ms/83.4%, 5ms/93.4%, 10ms/96.7%, 20ms/97.9%, 50ms/99.2%, 100ms/99.5%
[100.294s][info][gc,marking  ] GC(292) Mark: 2 stripe(s), 2 proactive flush(es), 1 terminate flush(es), 0 completion(s), 0 continuation(s) 
[100.294s][info][gc,marking  ] GC(292) Mark Stack Usage: 32M
[100.294s][info][gc,nmethod  ] GC(292) NMethods: 19437 registered, 198 unregistered
[100.294s][info][gc,metaspace] GC(292) Metaspace: 155M used, 157M committed, 1216M reserved
[100.294s][info][gc,ref      ] GC(292) Soft: 3275 encountered, 0 discovered, 0 enqueued
[100.294s][info][gc,ref      ] GC(292) Weak: 17055 encountered, 5609 discovered, 1900 enqueued
[100.294s][info][gc,ref      ] GC(292) Final: 52 encountered, 0 discovered, 0 enqueued
[100.294s][info][gc,ref      ] GC(292) Phantom: 607 encountered, 380 discovered, 7 enqueued
[100.294s][info][gc,reloc    ] GC(292) Small Pages: 192 / 384M, Empty: 14M, Relocated: 6M, In-Place: 0
[100.294s][info][gc,reloc    ] GC(292) Medium Pages: 9 / 288M, Empty: 128M, Relocated: 0M, In-Place: 0
[100.294s][info][gc,reloc    ] GC(292) Large Pages: 39 / 234M, Empty: 234M, Relocated: 0M, In-Place: 0
[100.294s][info][gc,reloc    ] GC(292) Forwarding Usage: 1M
[100.294s][info][gc,heap     ] GC(292) Min Capacity: 2048M(100%)
[100.294s][info][gc,heap     ] GC(292) Max Capacity: 2048M(100%)
[100.294s][info][gc,heap     ] GC(292) Soft Max Capacity: 2048M(100%)
[100.294s][info][gc,heap     ] GC(292)                Mark Start          Mark End        Relocate Start      Relocate End           High               Low         
[100.294s][info][gc,heap     ] GC(292)  Capacity:     2048M (100%)       2048M (100%)       2048M (100%)       2048M (100%)       2048M (100%)       2048M (100%)   
[100.294s][info][gc,heap     ] GC(292)      Free:     1142M (56%)        1068M (52%)        1430M (70%)        1718M (84%)        1720M (84%)        1056M (52%)    
[100.294s][info][gc,heap     ] GC(292)      Used:      906M (44%)         980M (48%)         618M (30%)         330M (16%)         992M (48%)         328M (16%)    
[100.294s][info][gc,heap     ] GC(292)      Live:         -               195M (10%)         195M (10%)         195M (10%)            -                  -          
[100.294s][info][gc,heap     ] GC(292) Allocated:         -                74M (4%)           88M (4%)           95M (5%)             -                  -          
[100.294s][info][gc,heap     ] GC(292)   Garbage:         -               710M (35%)         334M (16%)          38M (2%)             -                  -          
[100.294s][info][gc,heap     ] GC(292) Reclaimed:         -                  -               376M (18%)         671M (33%)            -                  -          
[100.294s][info][gc          ] GC(292) Garbage Collection (Allocation Rate) 906M(44%)->330M(16%)
[100.465s][info][gc,start    ] GC(293) Garbage Collection (System.gc())
[100.465s][info][gc,task     ] GC(293) Using 2 workers
[100.465s][info][gc,phases   ] GC(293) Pause Mark Start 0.010ms
[100.517s][info][gc,phases   ] GC(293) Concurrent Mark 51.244ms
[100.517s][info][gc,phases   ] GC(293) Pause Mark End 0.031ms
[100.517s][info][gc,phases   ] GC(293) Concurrent Mark Free 0.003ms
[100.536s][info][gc,phases   ] GC(293) Concurrent Process Non-Strong References 19.031ms
[100.536s][info][gc,phases   ] GC(293) Concurrent Reset Relocation Set 0.009ms
[100.538s][info][gc,phases   ] GC(293) Concurrent Select Relocation Set 1.882ms
[100.538s][info][gc,phases   ] GC(293) Pause Relocate Start 0.007ms
[100.543s][info][gc,phases   ] GC(293) Concurrent Relocate 5.086ms
[100.543s][info][gc,load     ] GC(293) Load: 0.00/0.00/0.00
[100.543s][info][gc,mmu      ] GC(293) MMU: 2ms/83.4%, 5ms/93.4%, 10ms/96.7%, 20ms/97.9%, 50ms/99.2%, 100ms/99.5%
[100.543s][info][gc,marking  ] GC(293) Mark: 2 stripe(s), 2 proactive flush(es), 1 terminate flush(es), 0 completion(s), 0 continuation(s) 
[100.543s][info][gc,marking  ] GC(293) Mark Stack Usage: 32M
[100.543s][info][gc,nmethod  ] GC(293) NMethods: 19442 registered, 205 unregistered
[100.543s][info][gc,metaspace] GC(293) Metaspace: 155M used, 157M committed, 1216M reserved
[100.543s][info][gc,ref      ] GC(293) Soft: 3491 encountered, 0 discovered, 0 enqueued
[100.543s][info][gc,ref      ] GC(293) Weak: 15976 encountered, 3154 discovered, 842 enqueued
[100.543s][info][gc,ref      ] GC(293) Final: 52 encountered, 0 discovered, 0 enqueued
[100.543s][info][gc,ref      ] GC(293) Phantom: 600 encountered, 373 discovered, 0 enqueued
[100.543s][info][gc,reloc    ] GC(293) Small Pages: 106 / 212M, Empty: 0M, Relocated: 4M, In-Place: 0
[100.544s][info][gc,reloc    ] GC(293) Medium Pages: 6 / 192M, Empty: 32M, Relocated: 12M, In-Place: 0
[100.544s][info][gc,reloc    ] GC(293) Large Pages: 9 / 54M, Empty: 54M, Relocated: 0M, In-Place: 0
[100.544s][info][gc,reloc    ] GC(293) Forwarding Usage: 1M
[100.544s][info][gc,heap     ] GC(293) Min Capacity: 2048M(100%)
[100.544s][info][gc,heap     ] GC(293) Max Capacity: 2048M(100%)
[100.544s][info][gc,heap     ] GC(293) Soft Max Capacity: 2048M(100%)
[100.544s][info][gc,heap     ] GC(293)                Mark Start          Mark End        Relocate Start      Relocate End           High               Low         
[100.544s][info][gc,heap     ] GC(293)  Capacity:     2048M (100%)       2048M (100%)       2048M (100%)       2048M (100%)       2048M (100%)       2048M (100%)   
[100.544s][info][gc,heap     ] GC(293)      Free:     1590M (78%)        1590M (78%)        1666M (81%)        1852M (90%)        1858M (91%)        1580M (77%)    
[100.544s][info][gc,heap     ] GC(293)      Used:      458M (22%)         458M (22%)         382M (19%)         196M (10%)         468M (23%)         190M (9%)     
[100.544s][info][gc,heap     ] GC(293)      Live:         -               130M (6%)          130M (6%)          130M (6%)             -                  -          
[100.544s][info][gc,heap     ] GC(293) Allocated:         -                 0M (0%)           10M (0%)           27M (1%)             -                  -          
[100.544s][info][gc,heap     ] GC(293)   Garbage:         -               327M (16%)         241M (12%)          37M (2%)             -                  -          
[100.544s][info][gc,heap     ] GC(293) Reclaimed:         -                  -                86M (4%)          289M (14%)            -                  -          
[100.544s][info][gc          ] GC(293) Garbage Collection (System.gc()) 458M(22%)->196M(10%)
[100.802s][info][gc,start    ] GC(294) Garbage Collection (Allocation Rate)
[100.802s][info][gc,task     ] GC(294) Using 2 workers
[100.802s][info][gc,phases   ] GC(294) Pause Mark Start 0.018ms
[100.881s][info][gc,phases   ] GC(294) Concurrent Mark 78.420ms
[100.881s][info][gc,phases   ] GC(294) Pause Mark End 0.043ms
[100.881s][info][gc,phases   ] GC(294) Concurrent Mark Free 0.003ms
[100.915s][info][gc,phases   ] GC(294) Concurrent Process Non-Strong References 34.353ms
[100.915s][info][gc,phases   ] GC(294) Concurrent Reset Relocation Set 0.004ms
[100.915s][info][gc          ] Allocation Stall (Executor task launch worker for task 0.0 in stage 2027.0 (TID 8110)) 30.677ms
[100.915s][info][gc          ] Allocation Stall (Executor task launch worker for task 2.0 in stage 2027.0 (TID 8112)) 28.723ms
[100.915s][info][gc          ] Allocation Stall (Executor task launch worker for task 3.0 in stage 2027.0 (TID 8113)) 28.125ms
[100.915s][info][gc          ] Allocation Stall (dispatcher-BlockManagerMaster) 0.066ms
[100.915s][info][gc          ] Allocation Stall (Executor task launch worker for task 1.0 in stage 2027.0 (TID 8111)) 31.781ms
[100.915s][info][gc          ] Allocation Stall (Executor task launch worker for task 4.0 in stage 2027.0 (TID 8114)) 28.665ms
[100.918s][info][gc,phases   ] GC(294) Concurrent Select Relocation Set 2.839ms
[100.927s][info][gc,phases   ] GC(294) Pause Relocate Start 0.009ms
[100.951s][info][gc,phases   ] GC(294) Concurrent Relocate 23.754ms
[100.951s][info][gc,load     ] GC(294) Load: 0.00/0.00/0.00
[100.952s][info][gc,mmu      ] GC(294) MMU: 2ms/83.4%, 5ms/93.4%, 10ms/96.7%, 20ms/97.9%, 50ms/99.2%, 100ms/99.5%
[100.952s][info][gc,marking  ] GC(294) Mark: 2 stripe(s), 2 proactive flush(es), 1 terminate flush(es), 0 completion(s), 0 continuation(s) 
[100.952s][info][gc,marking  ] GC(294) Mark Stack Usage: 32M
[100.952s][info][gc,nmethod  ] GC(294) NMethods: 19480 registered, 210 unregistered
[100.952s][info][gc,metaspace] GC(294) Metaspace: 155M used, 157M committed, 1216M reserved
[100.952s][info][gc,ref      ] GC(294) Soft: 3555 encountered, 0 discovered, 0 enqueued
[100.952s][info][gc,ref      ] GC(294) Weak: 15503 encountered, 2099 discovered, 230 enqueued
[100.952s][info][gc,ref      ] GC(294) Final: 52 encountered, 0 discovered, 0 enqueued
[100.952s][info][gc,ref      ] GC(294) Phantom: 600 encountered, 374 discovered, 0 enqueued
[100.952s][info][gc,reloc    ] GC(294) Small Pages: 701 / 1402M, Empty: 1056M, Relocated: 8M, In-Place: 0
[100.952s][info][gc,reloc    ] GC(294) Medium Pages: 7 / 224M, Empty: 0M, Relocated: 46M, In-Place: 0
[100.952s][info][gc,reloc    ] GC(294) Large Pages: 6 / 36M, Empty: 36M, Relocated: 0M, In-Place: 0
[100.952s][info][gc,reloc    ] GC(294) Forwarding Usage: 1M
[100.952s][info][gc,heap     ] GC(294) Min Capacity: 2048M(100%)
[100.952s][info][gc,heap     ] GC(294) Max Capacity: 2048M(100%)
[100.952s][info][gc,heap     ] GC(294) Soft Max Capacity: 2048M(100%)
[100.952s][info][gc,heap     ] GC(294)                Mark Start          Mark End        Relocate Start      Relocate End           High               Low         
[100.952s][info][gc,heap     ] GC(294)  Capacity:     2048M (100%)       2048M (100%)       2048M (100%)       2048M (100%)       2048M (100%)       2048M (100%)   
[100.952s][info][gc,heap     ] GC(294)      Free:      386M (19%)          22M (1%)         1056M (52%)        1334M (65%)        1348M (66%)           0M (0%)     
[100.952s][info][gc,heap     ] GC(294)      Used:     1662M (81%)        2026M (99%)         992M (48%)         714M (35%)        2048M (100%)        700M (34%)    
[100.952s][info][gc,heap     ] GC(294)      Live:         -               168M (8%)          168M (8%)          168M (8%)             -                  -          
[100.952s][info][gc,heap     ] GC(294) Allocated:         -               364M (18%)         422M (21%)         507M (25%)            -                  -          
[100.952s][info][gc,heap     ] GC(294)   Garbage:         -              1493M (73%)         401M (20%)          37M (2%)             -                  -          
[100.952s][info][gc,heap     ] GC(294) Reclaimed:         -                  -              1092M (53%)        1455M (71%)            -                  -          
[100.952s][info][gc          ] GC(294) Garbage Collection (Allocation Rate) 1662M(81%)->714M(35%)
[101.006s][info][gc,start    ] GC(295) Garbage Collection (Allocation Stall)
[101.006s][info][gc,ref      ] GC(295) Clearing All SoftReferences
[101.006s][info][gc,task     ] GC(295) Using 2 workers
[101.006s][info][gc,ref      ] GC(295) Clearing All SoftReferences
[101.006s][info][gc,phases   ] GC(295) Pause Mark Start 0.077ms
[101.064s][info][gc,phases   ] GC(295) Concurrent Mark 57.589ms
[101.064s][info][gc,phases   ] GC(295) Pause Mark End 0.074ms
[101.064s][info][gc,phases   ] GC(295) Concurrent Mark Free 0.000ms
[101.101s][info][gc,phases   ] GC(295) Concurrent Process Non-Strong References 36.307ms
[101.101s][info][gc,phases   ] GC(295) Concurrent Reset Relocation Set 0.009ms
[101.103s][info][gc,phases   ] GC(295) Concurrent Select Relocation Set 1.914ms
[101.103s][info][gc,phases   ] GC(295) Pause Relocate Start 0.008ms
[101.111s][info][gc,phases   ] GC(295) Concurrent Relocate 8.275ms
[101.111s][info][gc,load     ] GC(295) Load: 0.00/0.00/0.00
[101.111s][info][gc,mmu      ] GC(295) MMU: 2ms/83.4%, 5ms/93.4%, 10ms/96.7%, 20ms/97.9%, 50ms/99.2%, 100ms/99.5%
[101.111s][info][gc,marking  ] GC(295) Mark: 2 stripe(s), 2 proactive flush(es), 1 terminate flush(es), 1 completion(s), 0 continuation(s) 
[101.111s][info][gc,marking  ] GC(295) Mark Stack Usage: 32M
[101.111s][info][gc,nmethod  ] GC(295) NMethods: 19480 registered, 210 unregistered
[101.111s][info][gc,metaspace] GC(295) Metaspace: 155M used, 157M committed, 1216M reserved
[101.111s][info][gc,ref      ] GC(295) Soft: 3487 encountered, 3033 discovered, 226 enqueued
[101.111s][info][gc,ref      ] GC(295) Weak: 15299 encountered, 1948 discovered, 195 enqueued
[101.111s][info][gc,ref      ] GC(295) Final: 52 encountered, 0 discovered, 0 enqueued
[101.111s][info][gc,ref      ] GC(295) Phantom: 600 encountered, 367 discovered, 0 enqueued
[101.111s][info][gc,reloc    ] GC(295) Small Pages: 283 / 566M, Empty: 332M, Relocated: 4M, In-Place: 0
[101.111s][info][gc,reloc    ] GC(295) Medium Pages: 8 / 256M, Empty: 0M, Relocated: 43M, In-Place: 0
[101.111s][info][gc,reloc    ] GC(295) Large Pages: 2 / 12M, Empty: 12M, Relocated: 0M, In-Place: 0
[101.111s][info][gc,reloc    ] GC(295) Forwarding Usage: 1M
[101.111s][info][gc,heap     ] GC(295) Min Capacity: 2048M(100%)
[101.111s][info][gc,heap     ] GC(295) Max Capacity: 2048M(100%)
[101.111s][info][gc,heap     ] GC(295) Soft Max Capacity: 2048M(100%)
[101.111s][info][gc,heap     ] GC(295)                Mark Start          Mark End        Relocate Start      Relocate End           High               Low         
[101.111s][info][gc,heap     ] GC(295)  Capacity:     2048M (100%)       2048M (100%)       2048M (100%)       2048M (100%)       2048M (100%)       2048M (100%)   
[101.111s][info][gc,heap     ] GC(295)      Free:     1214M (59%)        1144M (56%)        1446M (71%)        1706M (83%)        1706M (83%)        1106M (54%)    
[101.111s][info][gc,heap     ] GC(295)      Used:      834M (41%)         904M (44%)         602M (29%)         342M (17%)         942M (46%)         342M (17%)    
[101.111s][info][gc,heap     ] GC(295)      Live:         -               192M (9%)          192M (9%)          192M (9%)             -                  -          
[101.111s][info][gc,heap     ] GC(295) Allocated:         -                70M (3%)          112M (5%)          111M (5%)             -                  -          
[101.111s][info][gc,heap     ] GC(295)   Garbage:         -               641M (31%)         297M (15%)          37M (2%)             -                  -          
[101.111s][info][gc,heap     ] GC(295) Reclaimed:         -                  -               344M (17%)         603M (29%)            -                  -          
[101.111s][info][gc          ] GC(295) Garbage Collection (Allocation Stall) 834M(41%)->342M(17%)
[101.203s][info][gc,start    ] GC(296) Garbage Collection (Allocation Rate)
[101.203s][info][gc,task     ] GC(296) Using 2 workers
[101.203s][info][gc,phases   ] GC(296) Pause Mark Start 0.008ms
[101.250s][info][gc,phases   ] GC(296) Concurrent Mark 46.725ms
[101.250s][info][gc,phases   ] GC(296) Pause Mark End 0.043ms
[101.250s][info][gc,phases   ] GC(296) Concurrent Mark Free 0.001ms
[101.286s][info][gc,phases   ] GC(296) Concurrent Process Non-Strong References 36.295ms
[101.287s][info][gc,phases   ] GC(296) Concurrent Reset Relocation Set 0.006ms
[101.289s][info][gc,phases   ] GC(296) Concurrent Select Relocation Set 1.982ms
[101.289s][info][gc,phases   ] GC(296) Pause Relocate Start 0.008ms
[101.289s][info][gc,phases   ] GC(296) Concurrent Relocate 0.578ms
[101.289s][info][gc,load     ] GC(296) Load: 0.00/0.00/0.00
[101.289s][info][gc,mmu      ] GC(296) MMU: 2ms/83.4%, 5ms/93.4%, 10ms/96.7%, 20ms/97.9%, 50ms/99.2%, 100ms/99.5%
[101.289s][info][gc,marking  ] GC(296) Mark: 2 stripe(s), 2 proactive flush(es), 1 terminate flush(es), 1 completion(s), 0 continuation(s) 
[101.289s][info][gc,marking  ] GC(296) Mark Stack Usage: 32M
[101.289s][info][gc,nmethod  ] GC(296) NMethods: 19480 registered, 210 unregistered
[101.289s][info][gc,metaspace] GC(296) Metaspace: 155M used, 157M committed, 1216M reserved
[101.289s][info][gc,ref      ] GC(296) Soft: 3273 encountered, 0 discovered, 0 enqueued
[101.289s][info][gc,ref      ] GC(296) Weak: 15510 encountered, 4299 discovered, 445 enqueued
[101.289s][info][gc,ref      ] GC(296) Final: 52 encountered, 0 discovered, 0 enqueued
[101.289s][info][gc,ref      ] GC(296) Phantom: 600 encountered, 432 discovered, 0 enqueued
[101.289s][info][gc,reloc    ] GC(296) Small Pages: 77 / 154M, Empty: 0M, Relocated: 1M, In-Place: 0
[101.289s][info][gc,reloc    ] GC(296) Medium Pages: 6 / 192M, Empty: 32M, Relocated: 0M, In-Place: 0
[101.289s][info][gc,reloc    ] GC(296) Large Pages: 10 / 60M, Empty: 60M, Relocated: 0M, In-Place: 0
[101.289s][info][gc,reloc    ] GC(296) Forwarding Usage: 0M
[101.289s][info][gc,heap     ] GC(296) Min Capacity: 2048M(100%)
[101.289s][info][gc,heap     ] GC(296) Max Capacity: 2048M(100%)
[101.289s][info][gc,heap     ] GC(296) Soft Max Capacity: 2048M(100%)
[101.289s][info][gc,heap     ] GC(296)                Mark Start          Mark End        Relocate Start      Relocate End           High               Low         
[101.289s][info][gc,heap     ] GC(296)  Capacity:     2048M (100%)       2048M (100%)       2048M (100%)       2048M (100%)       2048M (100%)       2048M (100%)   
[101.289s][info][gc,heap     ] GC(296)      Free:     1642M (80%)        1582M (77%)        1630M (80%)        1710M (83%)        1710M (83%)        1538M (75%)    
[101.289s][info][gc,heap     ] GC(296)      Used:      406M (20%)         466M (23%)         418M (20%)         338M (17%)         510M (25%)         338M (17%)    
[101.289s][info][gc,heap     ] GC(296)      Live:         -               193M (9%)          193M (9%)          193M (9%)             -                  -          
[101.289s][info][gc,heap     ] GC(296) Allocated:         -                60M (3%)          104M (5%)          103M (5%)             -                  -          
[101.289s][info][gc,heap     ] GC(296)   Garbage:         -               212M (10%)         120M (6%)           40M (2%)             -                  -          
[101.289s][info][gc,heap     ] GC(296) Reclaimed:         -                  -                92M (4%)          171M (8%)             -                  -          
[101.289s][info][gc          ] GC(296) Garbage Collection (Allocation Rate) 406M(20%)->338M(17%)
[101.307s][info][gc,start    ] GC(297) Garbage Collection (Allocation Rate)
[101.307s][info][gc,task     ] GC(297) Using 2 workers
[101.307s][info][gc,phases   ] GC(297) Pause Mark Start 0.008ms
[101.366s][info][gc,phases   ] GC(297) Concurrent Mark 59.285ms
[101.366s][info][gc,phases   ] GC(297) Pause Mark End 0.023ms
[101.366s][info][gc,phases   ] GC(297) Concurrent Mark Free 0.001ms
[101.385s][info][gc,phases   ] GC(297) Concurrent Process Non-Strong References 18.780ms
[101.385s][info][gc,phases   ] GC(297) Concurrent Reset Relocation Set 0.005ms
[101.388s][info][gc,phases   ] GC(297) Concurrent Select Relocation Set 2.468ms
[101.388s][info][gc,phases   ] GC(297) Pause Relocate Start 0.012ms
[101.390s][info][gc,phases   ] GC(297) Concurrent Relocate 1.697ms
[101.390s][info][gc,load     ] GC(297) Load: 0.00/0.00/0.00
[101.390s][info][gc,mmu      ] GC(297) MMU: 2ms/83.4%, 5ms/93.4%, 10ms/96.7%, 20ms/97.9%, 50ms/99.2%, 100ms/99.5%
[101.390s][info][gc,marking  ] GC(297) Mark: 2 stripe(s), 2 proactive flush(es), 1 terminate flush(es), 0 completion(s), 0 continuation(s) 
[101.390s][info][gc,marking  ] GC(297) Mark Stack Usage: 32M
[101.390s][info][gc,nmethod  ] GC(297) NMethods: 19482 registered, 210 unregistered
[101.390s][info][gc,metaspace] GC(297) Metaspace: 155M used, 157M committed, 1216M reserved
[101.390s][info][gc,ref      ] GC(297) Soft: 3273 encountered, 0 discovered, 0 enqueued
[101.390s][info][gc,ref      ] GC(297) Weak: 15276 encountered, 2601 discovered, 294 enqueued
[101.390s][info][gc,ref      ] GC(297) Final: 52 encountered, 0 discovered, 0 enqueued
[101.390s][info][gc,ref      ] GC(297) Phantom: 600 encountered, 372 discovered, 0 enqueued
[101.390s][info][gc,reloc    ] GC(297) Small Pages: 66 / 132M, Empty: 0M, Relocated: 1M, In-Place: 0
[101.390s][info][gc,reloc    ] GC(297) Medium Pages: 6 / 192M, Empty: 32M, Relocated: 0M, In-Place: 0
[101.390s][info][gc,reloc    ] GC(297) Large Pages: 4 / 24M, Empty: 24M, Relocated: 0M, In-Place: 0
[101.390s][info][gc,reloc    ] GC(297) Forwarding Usage: 0M
[101.390s][info][gc,heap     ] GC(297) Min Capacity: 2048M(100%)
[101.390s][info][gc,heap     ] GC(297) Max Capacity: 2048M(100%)
[101.390s][info][gc,heap     ] GC(297) Soft Max Capacity: 2048M(100%)
[101.390s][info][gc,heap     ] GC(297)                Mark Start          Mark End        Relocate Start      Relocate End           High               Low         
[101.390s][info][gc,heap     ] GC(297)  Capacity:     2048M (100%)       2048M (100%)       2048M (100%)       2048M (100%)       2048M (100%)       2048M (100%)   
[101.390s][info][gc,heap     ] GC(297)      Free:     1700M (83%)        1616M (79%)        1642M (80%)        1700M (83%)        1700M (83%)        1586M (77%)    
[101.390s][info][gc,heap     ] GC(297)      Used:      348M (17%)         432M (21%)         406M (20%)         348M (17%)         462M (23%)         348M (17%)    
[101.390s][info][gc,heap     ] GC(297)      Live:         -               193M (9%)          193M (9%)          193M (9%)             -                  -          
[101.390s][info][gc,heap     ] GC(297) Allocated:         -                84M (4%)          114M (6%)          115M (6%)             -                  -          
[101.390s][info][gc,heap     ] GC(297)   Garbage:         -               154M (8%)           98M (5%)           38M (2%)             -                  -          
[101.390s][info][gc,heap     ] GC(297) Reclaimed:         -                  -                56M (3%)          115M (6%)             -                  -          
[101.390s][info][gc          ] GC(297) Garbage Collection (Allocation Rate) 348M(17%)->348M(17%)
[101.406s][info][gc,start    ] GC(298) Garbage Collection (Allocation Rate)
[101.406s][info][gc,task     ] GC(298) Using 2 workers
[101.406s][info][gc,phases   ] GC(298) Pause Mark Start 0.009ms
[101.449s][info][gc,phases   ] GC(298) Concurrent Mark 43.013ms
[101.449s][info][gc,phases   ] GC(298) Pause Mark End 0.019ms
[101.449s][info][gc,phases   ] GC(298) Concurrent Mark Free 0.001ms
[101.469s][info][gc,phases   ] GC(298) Concurrent Process Non-Strong References 19.970ms
[101.470s][info][gc,phases   ] GC(298) Concurrent Reset Relocation Set 0.003ms
[101.472s][info][gc,phases   ] GC(298) Concurrent Select Relocation Set 2.161ms
[101.472s][info][gc,phases   ] GC(298) Pause Relocate Start 0.012ms
[101.475s][info][gc,phases   ] GC(298) Concurrent Relocate 3.146ms
[101.475s][info][gc,load     ] GC(298) Load: 0.00/0.00/0.00
[101.475s][info][gc,mmu      ] GC(298) MMU: 2ms/83.4%, 5ms/93.4%, 10ms/96.7%, 20ms/97.9%, 50ms/99.2%, 100ms/99.5%
[101.475s][info][gc,marking  ] GC(298) Mark: 2 stripe(s), 2 proactive flush(es), 1 terminate flush(es), 0 completion(s), 0 continuation(s) 
[101.475s][info][gc,marking  ] GC(298) Mark Stack Usage: 32M
[101.475s][info][gc,nmethod  ] GC(298) NMethods: 19481 registered, 212 unregistered
[101.475s][info][gc,metaspace] GC(298) Metaspace: 155M used, 157M committed, 1216M reserved
[101.475s][info][gc,ref      ] GC(298) Soft: 3275 encountered, 0 discovered, 0 enqueued
[101.475s][info][gc,ref      ] GC(298) Weak: 15291 encountered, 1796 discovered, 155 enqueued
[101.475s][info][gc,ref      ] GC(298) Final: 52 encountered, 0 discovered, 0 enqueued
[101.475s][info][gc,ref      ] GC(298) Phantom: 600 encountered, 368 discovered, 0 enqueued
[101.475s][info][gc,reloc    ] GC(298) Small Pages: 67 / 134M, Empty: 4M, Relocated: 5M, In-Place: 0
[101.475s][info][gc,reloc    ] GC(298) Medium Pages: 6 / 192M, Empty: 32M, Relocated: 0M, In-Place: 0
[101.475s][info][gc,reloc    ] GC(298) Large Pages: 6 / 36M, Empty: 36M, Relocated: 0M, In-Place: 0
[101.475s][info][gc,reloc    ] GC(298) Forwarding Usage: 1M
[101.475s][info][gc,heap     ] GC(298) Min Capacity: 2048M(100%)
[101.475s][info][gc,heap     ] GC(298) Max Capacity: 2048M(100%)
[101.475s][info][gc,heap     ] GC(298) Soft Max Capacity: 2048M(100%)
[101.475s][info][gc,heap     ] GC(298)                Mark Start          Mark End        Relocate Start      Relocate End           High               Low         
[101.475s][info][gc,heap     ] GC(298)  Capacity:     2048M (100%)       2048M (100%)       2048M (100%)       2048M (100%)       2048M (100%)       2048M (100%)   
[101.475s][info][gc,heap     ] GC(298)      Free:     1686M (82%)        1616M (79%)        1668M (81%)        1724M (84%)        1724M (84%)        1596M (78%)    
[101.475s][info][gc,heap     ] GC(298)      Used:      362M (18%)         432M (21%)         380M (19%)         324M (16%)         452M (22%)         324M (16%)    
[101.475s][info][gc,heap     ] GC(298)      Live:         -               193M (9%)          193M (9%)          193M (9%)             -                  -          
[101.475s][info][gc,heap     ] GC(298) Allocated:         -                70M (3%)           90M (4%)           92M (4%)             -                  -          
[101.475s][info][gc,heap     ] GC(298)   Garbage:         -               168M (8%)           96M (5%)           38M (2%)             -                  -          
[101.475s][info][gc,heap     ] GC(298) Reclaimed:         -                  -                72M (4%)          130M (6%)             -                  -          
[101.475s][info][gc          ] GC(298) Garbage Collection (Allocation Rate) 362M(18%)->324M(16%)
[102.111s][info][gc,start    ] GC(299) Garbage Collection (Allocation Rate)
[102.111s][info][gc,task     ] GC(299) Using 2 workers
[102.111s][info][gc,phases   ] GC(299) Pause Mark Start 0.010ms
[102.174s][info][gc,phases   ] GC(299) Concurrent Mark 63.075ms
[102.174s][info][gc,phases   ] GC(299) Pause Mark End 0.083ms
[102.174s][info][gc,phases   ] GC(299) Concurrent Mark Free 0.002ms
[102.193s][info][gc,phases   ] GC(299) Concurrent Process Non-Strong References 18.542ms
[102.193s][info][gc,phases   ] GC(299) Concurrent Reset Relocation Set 0.003ms
[102.195s][info][gc,phases   ] GC(299) Concurrent Select Relocation Set 2.123ms
[102.195s][info][gc,phases   ] GC(299) Pause Relocate Start 0.008ms
[102.196s][info][gc,phases   ] GC(299) Concurrent Relocate 1.143ms
[102.196s][info][gc,load     ] GC(299) Load: 0.00/0.00/0.00
[102.196s][info][gc,mmu      ] GC(299) MMU: 2ms/83.4%, 5ms/93.4%, 10ms/96.7%, 20ms/97.9%, 50ms/99.2%, 100ms/99.5%
[102.196s][info][gc,marking  ] GC(299) Mark: 2 stripe(s), 2 proactive flush(es), 1 terminate flush(es), 1 completion(s), 0 continuation(s) 
[102.196s][info][gc,marking  ] GC(299) Mark Stack Usage: 32M
[102.196s][info][gc,nmethod  ] GC(299) NMethods: 19482 registered, 221 unregistered
[102.196s][info][gc,metaspace] GC(299) Metaspace: 155M used, 157M committed, 1216M reserved
[102.196s][info][gc,ref      ] GC(299) Soft: 3275 encountered, 0 discovered, 0 enqueued
[102.196s][info][gc,ref      ] GC(299) Weak: 17050 encountered, 3705 discovered, 1888 enqueued
[102.196s][info][gc,ref      ] GC(299) Final: 52 encountered, 0 discovered, 0 enqueued
[102.196s][info][gc,ref      ] GC(299) Phantom: 600 encountered, 395 discovered, 0 enqueued
[102.196s][info][gc,reloc    ] GC(299) Small Pages: 192 / 384M, Empty: 4M, Relocated: 3M, In-Place: 0
[102.196s][info][gc,reloc    ] GC(299) Medium Pages: 9 / 288M, Empty: 128M, Relocated: 0M, In-Place: 0
[102.196s][info][gc,reloc    ] GC(299) Large Pages: 39 / 234M, Empty: 234M, Relocated: 0M, In-Place: 0
[102.196s][info][gc,reloc    ] GC(299) Forwarding Usage: 0M
[102.196s][info][gc,heap     ] GC(299) Min Capacity: 2048M(100%)
[102.196s][info][gc,heap     ] GC(299) Max Capacity: 2048M(100%)
[102.196s][info][gc,heap     ] GC(299) Soft Max Capacity: 2048M(100%)
[102.196s][info][gc,heap     ] GC(299)                Mark Start          Mark End        Relocate Start      Relocate End           High               Low         
[102.196s][info][gc,heap     ] GC(299)  Capacity:     2048M (100%)       2048M (100%)       2048M (100%)       2048M (100%)       2048M (100%)       2048M (100%)   
[102.197s][info][gc,heap     ] GC(299)      Free:     1142M (56%)        1060M (52%)        1410M (69%)        1716M (84%)        1716M (84%)        1044M (51%)    
[102.197s][info][gc,heap     ] GC(299)      Used:      906M (44%)         988M (48%)         638M (31%)         332M (16%)        1004M (49%)         332M (16%)    
[102.197s][info][gc,heap     ] GC(299)      Live:         -               195M (10%)         195M (10%)         195M (10%)            -                  -          
[102.197s][info][gc,heap     ] GC(299) Allocated:         -                82M (4%)           98M (5%)           97M (5%)             -                  -          
[102.197s][info][gc,heap     ] GC(299)   Garbage:         -               710M (35%)         344M (17%)          38M (2%)             -                  -          
[102.197s][info][gc,heap     ] GC(299) Reclaimed:         -                  -               366M (18%)         671M (33%)            -                  -          
[102.197s][info][gc          ] GC(299) Garbage Collection (Allocation Rate) 906M(44%)->332M(16%)
[102.253s][info][gc,start    ] GC(300) Garbage Collection (System.gc())
[102.253s][info][gc,task     ] GC(300) Using 2 workers
[102.253s][info][gc,phases   ] GC(300) Pause Mark Start 0.009ms
[102.299s][info][gc,phases   ] GC(300) Concurrent Mark 46.639ms
[102.300s][info][gc,phases   ] GC(300) Pause Mark End 0.032ms
[102.300s][info][gc,phases   ] GC(300) Concurrent Mark Free 0.002ms
[102.318s][info][gc,phases   ] GC(300) Concurrent Process Non-Strong References 18.333ms
[102.318s][info][gc,phases   ] GC(300) Concurrent Reset Relocation Set 0.010ms
[102.320s][info][gc,phases   ] GC(300) Concurrent Select Relocation Set 2.033ms
[102.320s][info][gc,phases   ] GC(300) Pause Relocate Start 0.008ms
[102.324s][info][gc,phases   ] GC(300) Concurrent Relocate 3.463ms
[102.324s][info][gc,load     ] GC(300) Load: 0.00/0.00/0.00
[102.324s][info][gc,mmu      ] GC(300) MMU: 2ms/83.4%, 5ms/93.4%, 10ms/96.7%, 20ms/97.9%, 50ms/99.2%, 100ms/99.5%
[102.324s][info][gc,marking  ] GC(300) Mark: 2 stripe(s), 1 proactive flush(es), 1 terminate flush(es), 0 completion(s), 0 continuation(s) 
[102.324s][info][gc,marking  ] GC(300) Mark Stack Usage: 32M
[102.324s][info][gc,nmethod  ] GC(300) NMethods: 19484 registered, 226 unregistered
[102.324s][info][gc,metaspace] GC(300) Metaspace: 155M used, 157M committed, 1216M reserved
[102.324s][info][gc,ref      ] GC(300) Soft: 3489 encountered, 0 discovered, 0 enqueued
[102.324s][info][gc,ref      ] GC(300) Weak: 15686 encountered, 3512 discovered, 553 enqueued
[102.324s][info][gc,ref      ] GC(300) Final: 52 encountered, 0 discovered, 0 enqueued
[102.324s][info][gc,ref      ] GC(300) Phantom: 600 encountered, 370 discovered, 0 enqueued
[102.324s][info][gc,reloc    ] GC(300) Small Pages: 87 / 174M, Empty: 0M, Relocated: 1M, In-Place: 0
[102.324s][info][gc,reloc    ] GC(300) Medium Pages: 6 / 192M, Empty: 32M, Relocated: 12M, In-Place: 0
[102.324s][info][gc,reloc    ] GC(300) Large Pages: 3 / 18M, Empty: 18M, Relocated: 0M, In-Place: 0
[102.324s][info][gc,reloc    ] GC(300) Forwarding Usage: 0M
[102.324s][info][gc,heap     ] GC(300) Min Capacity: 2048M(100%)
[102.324s][info][gc,heap     ] GC(300) Max Capacity: 2048M(100%)
[102.324s][info][gc,heap     ] GC(300) Soft Max Capacity: 2048M(100%)
[102.324s][info][gc,heap     ] GC(300)                Mark Start          Mark End        Relocate Start      Relocate End           High               Low         
[102.324s][info][gc,heap     ] GC(300)  Capacity:     2048M (100%)       2048M (100%)       2048M (100%)       2048M (100%)       2048M (100%)       2048M (100%)   
[102.324s][info][gc,heap     ] GC(300)      Free:     1664M (81%)        1664M (81%)        1696M (83%)        1860M (91%)        1860M (91%)        1652M (81%)    
[102.324s][info][gc,heap     ] GC(300)      Used:      384M (19%)         384M (19%)         352M (17%)         188M (9%)          396M (19%)         188M (9%)     
[102.324s][info][gc,heap     ] GC(300)      Live:         -               130M (6%)          130M (6%)          130M (6%)             -                  -          
[102.324s][info][gc,heap     ] GC(300) Allocated:         -                 0M (0%)           18M (1%)           21M (1%)             -                  -          
[102.324s][info][gc,heap     ] GC(300)   Garbage:         -               253M (12%)         203M (10%)          35M (2%)             -                  -          
[102.324s][info][gc,heap     ] GC(300) Reclaimed:         -                  -                50M (2%)          217M (11%)            -                  -          
[102.324s][info][gc          ] GC(300) Garbage Collection (System.gc()) 384M(19%)->188M(9%)
[102.616s][info][gc,start    ] GC(301) Garbage Collection (Allocation Rate)
[102.616s][info][gc,task     ] GC(301) Using 2 workers
[102.616s][info][gc,phases   ] GC(301) Pause Mark Start 0.011ms
[102.695s][info][gc,phases   ] GC(301) Concurrent Mark 78.218ms
[102.695s][info][gc,phases   ] GC(301) Pause Mark End 0.031ms
[102.695s][info][gc,phases   ] GC(301) Concurrent Mark Free 0.003ms
[102.729s][info][gc,phases   ] GC(301) Concurrent Process Non-Strong References 34.116ms
[102.729s][info][gc,phases   ] GC(301) Concurrent Reset Relocation Set 0.008ms
[102.729s][info][gc          ] Allocation Stall (Executor task launch worker for task 4.0 in stage 2073.0 (TID 8298)) 49.839ms
[102.729s][info][gc          ] Allocation Stall (Executor task launch worker for task 2.0 in stage 2073.0 (TID 8296)) 50.482ms
[102.729s][info][gc          ] Allocation Stall (Executor task launch worker for task 0.0 in stage 2073.0 (TID 8294)) 49.866ms
[102.729s][info][gc          ] Allocation Stall (dispatcher-BlockManagerMaster) 0.085ms
[102.729s][info][gc          ] Allocation Stall (Executor task launch worker for task 3.0 in stage 2073.0 (TID 8297)) 50.238ms
[102.729s][info][gc          ] Allocation Stall (Executor task launch worker for task 1.0 in stage 2073.0 (TID 8295)) 50.275ms
[102.734s][info][gc,phases   ] GC(301) Concurrent Select Relocation Set 4.746ms
[102.734s][info][gc,phases   ] GC(301) Pause Relocate Start 0.017ms
[102.761s][info][gc,phases   ] GC(301) Concurrent Relocate 26.913ms
[102.761s][info][gc,load     ] GC(301) Load: 0.00/0.00/0.00
[102.761s][info][gc,mmu      ] GC(301) MMU: 2ms/83.4%, 5ms/93.4%, 10ms/96.7%, 20ms/97.9%, 50ms/99.2%, 100ms/99.5%
[102.761s][info][gc,marking  ] GC(301) Mark: 2 stripe(s), 2 proactive flush(es), 1 terminate flush(es), 0 completion(s), 0 continuation(s) 
[102.761s][info][gc,marking  ] GC(301) Mark Stack Usage: 32M
[102.761s][info][gc,nmethod  ] GC(301) NMethods: 19492 registered, 231 unregistered
[102.761s][info][gc,metaspace] GC(301) Metaspace: 155M used, 157M committed, 1216M reserved
[102.761s][info][gc,ref      ] GC(301) Soft: 3553 encountered, 0 discovered, 0 enqueued
[102.761s][info][gc,ref      ] GC(301) Weak: 15495 encountered, 3176 discovered, 223 enqueued
[102.761s][info][gc,ref      ] GC(301) Final: 52 encountered, 0 discovered, 0 enqueued
[102.761s][info][gc,ref      ] GC(301) Phantom: 600 encountered, 519 discovered, 0 enqueued
[102.761s][info][gc,reloc    ] GC(301) Small Pages: 741 / 1482M, Empty: 1130M, Relocated: 8M, In-Place: 0
[102.761s][info][gc,reloc    ] GC(301) Medium Pages: 8 / 256M, Empty: 0M, Relocated: 53M, In-Place: 0
[102.761s][info][gc,reloc    ] GC(301) Large Pages: 6 / 36M, Empty: 36M, Relocated: 0M, In-Place: 0
[102.761s][info][gc,reloc    ] GC(301) Forwarding Usage: 1M
[102.761s][info][gc,heap     ] GC(301) Min Capacity: 2048M(100%)
[102.761s][info][gc,heap     ] GC(301) Max Capacity: 2048M(100%)
[102.761s][info][gc,heap     ] GC(301) Soft Max Capacity: 2048M(100%)
[102.761s][info][gc,heap     ] GC(301)                Mark Start          Mark End        Relocate Start      Relocate End           High               Low         
[102.761s][info][gc,heap     ] GC(301)  Capacity:     2048M (100%)       2048M (100%)       2048M (100%)       2048M (100%)       2048M (100%)       2048M (100%)   
[102.761s][info][gc,heap     ] GC(301)      Free:      274M (13%)           0M (0%)         1128M (55%)        1390M (68%)        1410M (69%)           0M (0%)     
[102.761s][info][gc,heap     ] GC(301)      Used:     1774M (87%)        2048M (100%)        920M (45%)         658M (32%)        2048M (100%)        638M (31%)    
[102.761s][info][gc,heap     ] GC(301)      Live:         -               175M (9%)          175M (9%)          175M (9%)             -                  -          
[102.761s][info][gc,heap     ] GC(301) Allocated:         -               274M (13%)         312M (15%)         441M (22%)            -                  -          
[102.761s][info][gc,heap     ] GC(301)   Garbage:         -              1598M (78%)         432M (21%)          41M (2%)             -                  -          
[102.761s][info][gc,heap     ] GC(301) Reclaimed:         -                  -              1166M (57%)        1557M (76%)            -                  -          
[102.761s][info][gc          ] GC(301) Garbage Collection (Allocation Rate) 1774M(87%)->658M(32%)
[102.815s][info][gc,start    ] GC(302) Garbage Collection (Allocation Stall)
[102.815s][info][gc,ref      ] GC(302) Clearing All SoftReferences
[102.815s][info][gc,task     ] GC(302) Using 2 workers
[102.815s][info][gc,ref      ] GC(302) Clearing All SoftReferences
[102.815s][info][gc,phases   ] GC(302) Pause Mark Start 0.059ms
[102.880s][info][gc,phases   ] GC(302) Concurrent Mark 64.812ms
[102.880s][info][gc,phases   ] GC(302) Pause Mark End 0.151ms
[102.880s][info][gc,phases   ] GC(302) Concurrent Mark Free 0.001ms
[102.917s][info][gc,phases   ] GC(302) Concurrent Process Non-Strong References 37.202ms
[102.917s][info][gc,phases   ] GC(302) Concurrent Reset Relocation Set 0.009ms
[102.920s][info][gc,phases   ] GC(302) Concurrent Select Relocation Set 2.594ms
[102.920s][info][gc,phases   ] GC(302) Pause Relocate Start 0.012ms
[102.935s][info][gc,phases   ] GC(302) Concurrent Relocate 14.472ms
[102.935s][info][gc,load     ] GC(302) Load: 0.00/0.00/0.00
[102.935s][info][gc,mmu      ] GC(302) MMU: 2ms/83.4%, 5ms/93.4%, 10ms/96.7%, 20ms/97.9%, 50ms/99.2%, 100ms/99.5%
[102.935s][info][gc,marking  ] GC(302) Mark: 2 stripe(s), 2 proactive flush(es), 1 terminate flush(es), 1 completion(s), 0 continuation(s) 
[102.935s][info][gc,marking  ] GC(302) Mark Stack Usage: 32M
[102.935s][info][gc,nmethod  ] GC(302) NMethods: 19491 registered, 234 unregistered
[102.935s][info][gc,metaspace] GC(302) Metaspace: 155M used, 157M committed, 1216M reserved
[102.935s][info][gc,ref      ] GC(302) Soft: 3487 encountered, 3069 discovered, 219 enqueued
[102.935s][info][gc,ref      ] GC(302) Weak: 15377 encountered, 1853 discovered, 196 enqueued
[102.935s][info][gc,ref      ] GC(302) Final: 52 encountered, 0 discovered, 0 enqueued
[102.935s][info][gc,ref      ] GC(302) Phantom: 600 encountered, 372 discovered, 0 enqueued
[102.935s][info][gc,reloc    ] GC(302) Small Pages: 236 / 472M, Empty: 264M, Relocated: 6M, In-Place: 0
[102.935s][info][gc,reloc    ] GC(302) Medium Pages: 8 / 256M, Empty: 0M, Relocated: 46M, In-Place: 0
[102.935s][info][gc,reloc    ] GC(302) Large Pages: 3 / 18M, Empty: 12M, Relocated: 0M, In-Place: 0
[102.935s][info][gc,reloc    ] GC(302) Forwarding Usage: 2M
[102.935s][info][gc,heap     ] GC(302) Min Capacity: 2048M(100%)
[102.935s][info][gc,heap     ] GC(302) Max Capacity: 2048M(100%)
[102.935s][info][gc,heap     ] GC(302) Soft Max Capacity: 2048M(100%)
[102.935s][info][gc,heap     ] GC(302)                Mark Start          Mark End        Relocate Start      Relocate End           High               Low         
[102.935s][info][gc,heap     ] GC(302)  Capacity:     2048M (100%)       2048M (100%)       2048M (100%)       2048M (100%)       2048M (100%)       2048M (100%)   
[102.935s][info][gc,heap     ] GC(302)      Free:     1302M (64%)        1220M (60%)        1472M (72%)        1690M (83%)        1690M (83%)        1202M (59%)    
[102.935s][info][gc,heap     ] GC(302)      Used:      746M (36%)         828M (40%)         576M (28%)         358M (17%)         846M (41%)         358M (17%)    
[102.935s][info][gc,heap     ] GC(302)      Live:         -               199M (10%)         199M (10%)         199M (10%)            -                  -          
[102.935s][info][gc,heap     ] GC(302) Allocated:         -                82M (4%)          106M (5%)          121M (6%)             -                  -          
[102.935s][info][gc,heap     ] GC(302)   Garbage:         -               546M (27%)         270M (13%)          36M (2%)             -                  -          
[102.935s][info][gc,heap     ] GC(302) Reclaimed:         -                  -               276M (13%)         509M (25%)            -                  -          
[102.935s][info][gc          ] GC(302) Garbage Collection (Allocation Stall) 746M(36%)->358M(17%)
[103.014s][info][gc,start    ] GC(303) Garbage Collection (Allocation Rate)
[103.014s][info][gc,task     ] GC(303) Using 2 workers
[103.014s][info][gc,phases   ] GC(303) Pause Mark Start 0.015ms
[103.076s][info][gc,phases   ] GC(303) Concurrent Mark 61.527ms
[103.076s][info][gc,phases   ] GC(303) Pause Mark End 0.058ms
[103.076s][info][gc,phases   ] GC(303) Concurrent Mark Free 0.001ms
[103.094s][info][gc,phases   ] GC(303) Concurrent Process Non-Strong References 17.760ms
[103.094s][info][gc,phases   ] GC(303) Concurrent Reset Relocation Set 0.007ms
[103.096s][info][gc,phases   ] GC(303) Concurrent Select Relocation Set 2.236ms
[103.096s][info][gc,phases   ] GC(303) Pause Relocate Start 0.010ms
[103.097s][info][gc,phases   ] GC(303) Concurrent Relocate 0.542ms
[103.097s][info][gc,load     ] GC(303) Load: 0.00/0.00/0.00
[103.097s][info][gc,mmu      ] GC(303) MMU: 2ms/83.4%, 5ms/93.4%, 10ms/96.7%, 20ms/97.9%, 50ms/99.2%, 100ms/99.5%
[103.097s][info][gc,marking  ] GC(303) Mark: 2 stripe(s), 2 proactive flush(es), 1 terminate flush(es), 1 completion(s), 0 continuation(s) 
[103.097s][info][gc,marking  ] GC(303) Mark Stack Usage: 32M
[103.097s][info][gc,nmethod  ] GC(303) NMethods: 19492 registered, 234 unregistered
[103.097s][info][gc,metaspace] GC(303) Metaspace: 155M used, 157M committed, 1216M reserved
[103.097s][info][gc,ref      ] GC(303) Soft: 3270 encountered, 0 discovered, 0 enqueued
[103.097s][info][gc,ref      ] GC(303) Weak: 15577 encountered, 2804 discovered, 438 enqueued
[103.097s][info][gc,ref      ] GC(303) Final: 52 encountered, 0 discovered, 0 enqueued
[103.097s][info][gc,ref      ] GC(303) Phantom: 600 encountered, 353 discovered, 0 enqueued
[103.097s][info][gc,reloc    ] GC(303) Small Pages: 82 / 164M, Empty: 2M, Relocated: 1M, In-Place: 0
[103.097s][info][gc,reloc    ] GC(303) Medium Pages: 7 / 224M, Empty: 64M, Relocated: 0M, In-Place: 0
[103.097s][info][gc,reloc    ] GC(303) Large Pages: 11 / 66M, Empty: 66M, Relocated: 0M, In-Place: 0
[103.097s][info][gc,reloc    ] GC(303) Forwarding Usage: 0M
[103.097s][info][gc,heap     ] GC(303) Min Capacity: 2048M(100%)
[103.097s][info][gc,heap     ] GC(303) Max Capacity: 2048M(100%)
[103.097s][info][gc,heap     ] GC(303) Soft Max Capacity: 2048M(100%)
[103.097s][info][gc,heap     ] GC(303)                Mark Start          Mark End        Relocate Start      Relocate End           High               Low         
[103.097s][info][gc,heap     ] GC(303)  Capacity:     2048M (100%)       2048M (100%)       2048M (100%)       2048M (100%)       2048M (100%)       2048M (100%)   
[103.097s][info][gc,heap     ] GC(303)      Free:     1594M (78%)        1512M (74%)        1628M (79%)        1716M (84%)        1716M (84%)        1496M (73%)    
[103.097s][info][gc,heap     ] GC(303)      Used:      454M (22%)         536M (26%)         420M (21%)         332M (16%)         552M (27%)         332M (16%)    
[103.097s][info][gc,heap     ] GC(303)      Live:         -               194M (9%)          194M (9%)          194M (9%)             -                  -          
[103.097s][info][gc,heap     ] GC(303) Allocated:         -                82M (4%)           98M (5%)           97M (5%)             -                  -          
[103.097s][info][gc,heap     ] GC(303)   Garbage:         -               259M (13%)         127M (6%)           39M (2%)             -                  -          
[103.097s][info][gc,heap     ] GC(303) Reclaimed:         -                  -               132M (6%)          219M (11%)            -                  -          
[103.097s][info][gc          ] GC(303) Garbage Collection (Allocation Rate) 454M(22%)->332M(16%)
[103.107s][info][gc,start    ] GC(304) Garbage Collection (Allocation Rate)
[103.107s][info][gc,task     ] GC(304) Using 2 workers
[103.107s][info][gc,phases   ] GC(304) Pause Mark Start 0.009ms
[103.165s][info][gc,phases   ] GC(304) Concurrent Mark 57.757ms
[103.165s][info][gc,phases   ] GC(304) Pause Mark End 0.065ms
[103.165s][info][gc,phases   ] GC(304) Concurrent Mark Free 0.001ms
[103.186s][info][gc,phases   ] GC(304) Concurrent Process Non-Strong References 20.721ms
[103.186s][info][gc,phases   ] GC(304) Concurrent Reset Relocation Set 0.003ms
[103.188s][info][gc,phases   ] GC(304) Concurrent Select Relocation Set 1.786ms
[103.188s][info][gc,phases   ] GC(304) Pause Relocate Start 0.008ms
[103.189s][info][gc,phases   ] GC(304) Concurrent Relocate 0.501ms
[103.189s][info][gc,load     ] GC(304) Load: 0.00/0.00/0.00
[103.189s][info][gc,mmu      ] GC(304) MMU: 2ms/83.4%, 5ms/93.4%, 10ms/96.7%, 20ms/97.9%, 50ms/99.2%, 100ms/99.5%
[103.189s][info][gc,marking  ] GC(304) Mark: 2 stripe(s), 2 proactive flush(es), 1 terminate flush(es), 1 completion(s), 0 continuation(s) 
[103.189s][info][gc,marking  ] GC(304) Mark Stack Usage: 32M
[103.189s][info][gc,nmethod  ] GC(304) NMethods: 19491 registered, 237 unregistered
[103.189s][info][gc,metaspace] GC(304) Metaspace: 155M used, 157M committed, 1216M reserved
[103.189s][info][gc,ref      ] GC(304) Soft: 3271 encountered, 0 discovered, 0 enqueued
[103.189s][info][gc,ref      ] GC(304) Weak: 15361 encountered, 2923 discovered, 296 enqueued
[103.189s][info][gc,ref      ] GC(304) Final: 52 encountered, 0 discovered, 0 enqueued
[103.189s][info][gc,ref      ] GC(304) Phantom: 600 encountered, 369 discovered, 0 enqueued
[103.189s][info][gc,reloc    ] GC(304) Small Pages: 68 / 136M, Empty: 0M, Relocated: 1M, In-Place: 0
[103.189s][info][gc,reloc    ] GC(304) Medium Pages: 6 / 192M, Empty: 32M, Relocated: 0M, In-Place: 0
[103.189s][info][gc,reloc    ] GC(304) Large Pages: 5 / 30M, Empty: 30M, Relocated: 0M, In-Place: 0
[103.189s][info][gc,reloc    ] GC(304) Forwarding Usage: 0M
[103.189s][info][gc,heap     ] GC(304) Min Capacity: 2048M(100%)
[103.189s][info][gc,heap     ] GC(304) Max Capacity: 2048M(100%)
[103.189s][info][gc,heap     ] GC(304) Soft Max Capacity: 2048M(100%)
[103.189s][info][gc,heap     ] GC(304)                Mark Start          Mark End        Relocate Start      Relocate End           High               Low         
[103.189s][info][gc,heap     ] GC(304)  Capacity:     2048M (100%)       2048M (100%)       2048M (100%)       2048M (100%)       2048M (100%)       2048M (100%)   
[103.189s][info][gc,heap     ] GC(304)      Free:     1690M (83%)        1608M (79%)        1646M (80%)        1708M (83%)        1708M (83%)        1584M (77%)    
[103.189s][info][gc,heap     ] GC(304)      Used:      358M (17%)         440M (21%)         402M (20%)         340M (17%)         464M (23%)         340M (17%)    
[103.189s][info][gc,heap     ] GC(304)      Live:         -               194M (9%)          194M (9%)          194M (9%)             -                  -          
[103.189s][info][gc,heap     ] GC(304) Allocated:         -                82M (4%)          106M (5%)          105M (5%)             -                  -          
[103.189s][info][gc,heap     ] GC(304)   Garbage:         -               163M (8%)          101M (5%)           39M (2%)             -                  -          
[103.189s][info][gc,heap     ] GC(304) Reclaimed:         -                  -                62M (3%)          123M (6%)             -                  -          
[103.189s][info][gc          ] GC(304) Garbage Collection (Allocation Rate) 358M(17%)->340M(17%)
[103.820s][info][gc,start    ] GC(305) Garbage Collection (Allocation Rate)
[103.820s][info][gc,task     ] GC(305) Using 2 workers
[103.820s][info][gc,phases   ] GC(305) Pause Mark Start 0.011ms
[103.882s][info][gc,phases   ] GC(305) Concurrent Mark 60.983ms
[103.882s][info][gc,phases   ] GC(305) Pause Mark End 0.103ms
[103.882s][info][gc,phases   ] GC(305) Concurrent Mark Free 0.002ms
[103.900s][info][gc,phases   ] GC(305) Concurrent Process Non-Strong References 18.426ms
[103.900s][info][gc,phases   ] GC(305) Concurrent Reset Relocation Set 0.003ms
[103.902s][info][gc,phases   ] GC(305) Concurrent Select Relocation Set 2.073ms
[103.903s][info][gc,phases   ] GC(305) Pause Relocate Start 0.009ms
[103.904s][info][gc,phases   ] GC(305) Concurrent Relocate 1.302ms
[103.904s][info][gc,load     ] GC(305) Load: 0.00/0.00/0.00
[103.904s][info][gc,mmu      ] GC(305) MMU: 2ms/83.4%, 5ms/93.4%, 10ms/96.7%, 20ms/97.9%, 50ms/99.2%, 100ms/99.5%
[103.904s][info][gc,marking  ] GC(305) Mark: 2 stripe(s), 2 proactive flush(es), 1 terminate flush(es), 1 completion(s), 0 continuation(s) 
[103.904s][info][gc,marking  ] GC(305) Mark Stack Usage: 32M
[103.904s][info][gc,nmethod  ] GC(305) NMethods: 19493 registered, 243 unregistered
[103.904s][info][gc,metaspace] GC(305) Metaspace: 155M used, 157M committed, 1216M reserved
[103.904s][info][gc,ref      ] GC(305) Soft: 3270 encountered, 0 discovered, 0 enqueued
[103.904s][info][gc,ref      ] GC(305) Weak: 17048 encountered, 4298 discovered, 1889 enqueued
[103.904s][info][gc,ref      ] GC(305) Final: 52 encountered, 0 discovered, 0 enqueued
[103.904s][info][gc,ref      ] GC(305) Phantom: 600 encountered, 395 discovered, 0 enqueued
[103.904s][info][gc,reloc    ] GC(305) Small Pages: 198 / 396M, Empty: 8M, Relocated: 3M, In-Place: 0
[103.904s][info][gc,reloc    ] GC(305) Medium Pages: 9 / 288M, Empty: 128M, Relocated: 0M, In-Place: 0
[103.904s][info][gc,reloc    ] GC(305) Large Pages: 40 / 240M, Empty: 240M, Relocated: 0M, In-Place: 0
[103.904s][info][gc,reloc    ] GC(305) Forwarding Usage: 0M
[103.904s][info][gc,heap     ] GC(305) Min Capacity: 2048M(100%)
[103.904s][info][gc,heap     ] GC(305) Max Capacity: 2048M(100%)
[103.904s][info][gc,heap     ] GC(305) Soft Max Capacity: 2048M(100%)
[103.904s][info][gc,heap     ] GC(305)                Mark Start          Mark End        Relocate Start      Relocate End           High               Low         
[103.904s][info][gc,heap     ] GC(305)  Capacity:     2048M (100%)       2048M (100%)       2048M (100%)       2048M (100%)       2048M (100%)       2048M (100%)   
[103.904s][info][gc,heap     ] GC(305)      Free:     1124M (55%)        1040M (51%)        1398M (68%)        1706M (83%)        1708M (83%)        1022M (50%)    
[103.904s][info][gc,heap     ] GC(305)      Used:      924M (45%)        1008M (49%)         650M (32%)         342M (17%)        1026M (50%)         340M (17%)    
[103.904s][info][gc,heap     ] GC(305)      Live:         -               195M (10%)         195M (10%)         195M (10%)            -                  -          
[103.904s][info][gc,heap     ] GC(305) Allocated:         -                84M (4%)          102M (5%)          107M (5%)             -                  -          
[103.904s][info][gc,heap     ] GC(305)   Garbage:         -               728M (36%)         352M (17%)          38M (2%)             -                  -          
[103.904s][info][gc,heap     ] GC(305) Reclaimed:         -                  -               376M (18%)         689M (34%)            -                  -          
[103.904s][info][gc          ] GC(305) Garbage Collection (Allocation Rate) 924M(45%)->342M(17%)
[104.014s][info][gc,start    ] GC(306) Garbage Collection (System.gc())
[104.014s][info][gc,task     ] GC(306) Using 2 workers
[104.014s][info][gc,phases   ] GC(306) Pause Mark Start 0.010ms
[104.067s][info][gc,phases   ] GC(306) Concurrent Mark 53.167ms
[104.067s][info][gc,phases   ] GC(306) Pause Mark End 0.048ms
[104.067s][info][gc,phases   ] GC(306) Concurrent Mark Free 0.003ms
[104.086s][info][gc,phases   ] GC(306) Concurrent Process Non-Strong References 18.374ms
[104.086s][info][gc,phases   ] GC(306) Concurrent Reset Relocation Set 0.011ms
[104.088s][info][gc,phases   ] GC(306) Concurrent Select Relocation Set 1.694ms
[104.088s][info][gc,phases   ] GC(306) Pause Relocate Start 0.006ms
[104.091s][info][gc,phases   ] GC(306) Concurrent Relocate 2.916ms
[104.091s][info][gc,load     ] GC(306) Load: 0.00/0.00/0.00
[104.091s][info][gc,mmu      ] GC(306) MMU: 2ms/83.4%, 5ms/93.4%, 10ms/96.7%, 20ms/97.9%, 50ms/99.2%, 100ms/99.5%
[104.091s][info][gc,marking  ] GC(306) Mark: 2 stripe(s), 2 proactive flush(es), 1 terminate flush(es), 0 completion(s), 0 continuation(s) 
[104.091s][info][gc,marking  ] GC(306) Mark Stack Usage: 32M
[104.091s][info][gc,nmethod  ] GC(306) NMethods: 19543 registered, 249 unregistered
[104.091s][info][gc,metaspace] GC(306) Metaspace: 155M used, 157M committed, 1216M reserved
[104.091s][info][gc,ref      ] GC(306) Soft: 3486 encountered, 0 discovered, 0 enqueued
[104.091s][info][gc,ref      ] GC(306) Weak: 15830 encountered, 4092 discovered, 698 enqueued
[104.091s][info][gc,ref      ] GC(306) Final: 52 encountered, 0 discovered, 0 enqueued
[104.091s][info][gc,ref      ] GC(306) Phantom: 600 encountered, 342 discovered, 0 enqueued
[104.091s][info][gc,reloc    ] GC(306) Small Pages: 97 / 194M, Empty: 0M, Relocated: 3M, In-Place: 0
[104.091s][info][gc,reloc    ] GC(306) Medium Pages: 6 / 192M, Empty: 64M, Relocated: 12M, In-Place: 0
[104.091s][info][gc,reloc    ] GC(306) Large Pages: 6 / 36M, Empty: 36M, Relocated: 0M, In-Place: 0
[104.091s][info][gc,reloc    ] GC(306) Forwarding Usage: 0M
[104.091s][info][gc,heap     ] GC(306) Min Capacity: 2048M(100%)
[104.091s][info][gc,heap     ] GC(306) Max Capacity: 2048M(100%)
[104.091s][info][gc,heap     ] GC(306) Soft Max Capacity: 2048M(100%)
[104.091s][info][gc,heap     ] GC(306)                Mark Start          Mark End        Relocate Start      Relocate End           High               Low         
[104.091s][info][gc,heap     ] GC(306)  Capacity:     2048M (100%)       2048M (100%)       2048M (100%)       2048M (100%)       2048M (100%)       2048M (100%)   
[104.091s][info][gc,heap     ] GC(306)      Free:     1626M (79%)        1624M (79%)        1714M (84%)        1864M (91%)        1866M (91%)        1614M (79%)    
[104.091s][info][gc,heap     ] GC(306)      Used:      422M (21%)         424M (21%)         334M (16%)         184M (9%)          434M (21%)         182M (9%)     
[104.091s][info][gc,heap     ] GC(306)      Live:         -               130M (6%)          130M (6%)          130M (6%)             -                  -          
[104.091s][info][gc,heap     ] GC(306) Allocated:         -                 2M (0%)           12M (1%)           17M (1%)             -                  -          
[104.091s][info][gc,heap     ] GC(306)   Garbage:         -               291M (14%)         191M (9%)           35M (2%)             -                  -          
[104.091s][info][gc,heap     ] GC(306) Reclaimed:         -                  -               100M (5%)          255M (12%)            -                  -          
[104.091s][info][gc          ] GC(306) Garbage Collection (System.gc()) 422M(21%)->184M(9%)
[104.402s][info][gc,start    ] GC(307) Garbage Collection (Allocation Rate)
[104.402s][info][gc,task     ] GC(307) Using 2 workers
[104.402s][info][gc,phases   ] GC(307) Pause Mark Start 0.010ms
[104.465s][info][gc,phases   ] GC(307) Concurrent Mark 62.633ms
[104.465s][info][gc,phases   ] GC(307) Pause Mark End 0.029ms
[104.465s][info][gc,phases   ] GC(307) Concurrent Mark Free 0.003ms
[104.499s][info][gc,phases   ] GC(307) Concurrent Process Non-Strong References 33.416ms
[104.499s][info][gc,phases   ] GC(307) Concurrent Reset Relocation Set 0.004ms
[104.499s][info][gc          ] Allocation Stall (Executor task launch worker for task 0.0 in stage 2119.0 (TID 8478)) 53.045ms
[104.499s][info][gc          ] Allocation Stall (Executor task launch worker for task 3.0 in stage 2119.0 (TID 8481)) 53.665ms
[104.499s][info][gc          ] Allocation Stall (Spark Context Cleaner) 33.919ms
[104.499s][info][gc          ] Allocation Stall (Executor task launch worker for task 4.0 in stage 2119.0 (TID 8482)) 53.547ms
[104.499s][info][gc          ] Allocation Stall (Executor task launch worker for task 1.0 in stage 2119.0 (TID 8479)) 53.313ms
[104.499s][info][gc          ] Allocation Stall (Executor task launch worker for task 2.0 in stage 2119.0 (TID 8480)) 54.652ms
[104.505s][info][gc,phases   ] GC(307) Concurrent Select Relocation Set 6.171ms
[104.505s][info][gc,phases   ] GC(307) Pause Relocate Start 0.015ms
[104.531s][info][gc,phases   ] GC(307) Concurrent Relocate 25.285ms
[104.531s][info][gc,load     ] GC(307) Load: 0.00/0.00/0.00
[104.531s][info][gc,mmu      ] GC(307) MMU: 2ms/83.4%, 5ms/93.4%, 10ms/96.7%, 20ms/97.9%, 50ms/99.2%, 100ms/99.5%
[104.531s][info][gc,marking  ] GC(307) Mark: 2 stripe(s), 2 proactive flush(es), 1 terminate flush(es), 0 completion(s), 0 continuation(s) 
[104.531s][info][gc,marking  ] GC(307) Mark Stack Usage: 32M
[104.531s][info][gc,nmethod  ] GC(307) NMethods: 19559 registered, 257 unregistered
[104.531s][info][gc,metaspace] GC(307) Metaspace: 155M used, 157M committed, 1216M reserved
[104.531s][info][gc,ref      ] GC(307) Soft: 3550 encountered, 0 discovered, 0 enqueued
[104.531s][info][gc,ref      ] GC(307) Weak: 15498 encountered, 2627 discovered, 226 enqueued
[104.531s][info][gc,ref      ] GC(307) Final: 52 encountered, 0 discovered, 0 enqueued
[104.531s][info][gc,ref      ] GC(307) Phantom: 600 encountered, 372 discovered, 0 enqueued
[104.531s][info][gc,reloc    ] GC(307) Small Pages: 778 / 1556M, Empty: 1166M, Relocated: 8M, In-Place: 0
[104.531s][info][gc,reloc    ] GC(307) Medium Pages: 8 / 256M, Empty: 0M, Relocated: 55M, In-Place: 0
[104.531s][info][gc,reloc    ] GC(307) Large Pages: 6 / 36M, Empty: 36M, Relocated: 0M, In-Place: 0
[104.531s][info][gc,reloc    ] GC(307) Forwarding Usage: 1M
[104.531s][info][gc,heap     ] GC(307) Min Capacity: 2048M(100%)
[104.531s][info][gc,heap     ] GC(307) Max Capacity: 2048M(100%)
[104.531s][info][gc,heap     ] GC(307) Soft Max Capacity: 2048M(100%)
[104.531s][info][gc,heap     ] GC(307)                Mark Start          Mark End        Relocate Start      Relocate End           High               Low         
[104.531s][info][gc,heap     ] GC(307)  Capacity:     2048M (100%)       2048M (100%)       2048M (100%)       2048M (100%)       2048M (100%)       2048M (100%)   
[104.531s][info][gc,heap     ] GC(307)      Free:      200M (10%)           0M (0%)         1148M (56%)        1464M (71%)        1468M (72%)           0M (0%)     
[104.531s][info][gc,heap     ] GC(307)      Used:     1848M (90%)        2048M (100%)        900M (44%)         584M (29%)        2048M (100%)        580M (28%)    
[104.531s][info][gc,heap     ] GC(307)      Live:         -               179M (9%)          179M (9%)          179M (9%)             -                  -          
[104.531s][info][gc,heap     ] GC(307) Allocated:         -               200M (10%)         254M (12%)         363M (18%)            -                  -          
[104.531s][info][gc,heap     ] GC(307)   Garbage:         -              1668M (81%)         466M (23%)          40M (2%)             -                  -          
[104.531s][info][gc,heap     ] GC(307) Reclaimed:         -                  -              1202M (59%)        1627M (79%)            -                  -          
[104.531s][info][gc          ] GC(307) Garbage Collection (Allocation Rate) 1848M(90%)->584M(29%)
[104.612s][info][gc,start    ] GC(308) Garbage Collection (Allocation Stall)
[104.612s][info][gc,ref      ] GC(308) Clearing All SoftReferences
[104.612s][info][gc,task     ] GC(308) Using 2 workers
[104.612s][info][gc,ref      ] GC(308) Clearing All SoftReferences
[104.612s][info][gc,phases   ] GC(308) Pause Mark Start 0.043ms
[104.659s][info][gc,phases   ] GC(308) Concurrent Mark 46.145ms
[104.659s][info][gc,phases   ] GC(308) Pause Mark End 0.086ms
[104.659s][info][gc,phases   ] GC(308) Concurrent Mark Free 0.001ms
[104.695s][info][gc,phases   ] GC(308) Concurrent Process Non-Strong References 36.414ms
[104.695s][info][gc,phases   ] GC(308) Concurrent Reset Relocation Set 0.009ms
[104.697s][info][gc,phases   ] GC(308) Concurrent Select Relocation Set 1.988ms
[104.698s][info][gc,phases   ] GC(308) Pause Relocate Start 0.008ms
[104.703s][info][gc,phases   ] GC(308) Concurrent Relocate 5.098ms
[104.703s][info][gc,load     ] GC(308) Load: 0.00/0.00/0.00
[104.703s][info][gc,mmu      ] GC(308) MMU: 2ms/83.4%, 5ms/93.4%, 10ms/96.7%, 20ms/97.9%, 50ms/99.2%, 100ms/99.5%
[104.703s][info][gc,marking  ] GC(308) Mark: 2 stripe(s), 2 proactive flush(es), 2 terminate flush(es), 1 completion(s), 0 continuation(s) 
[104.703s][info][gc,marking  ] GC(308) Mark Stack Usage: 32M
[104.703s][info][gc,nmethod  ] GC(308) NMethods: 19560 registered, 258 unregistered
[104.703s][info][gc,metaspace] GC(308) Metaspace: 155M used, 157M committed, 1216M reserved
[104.703s][info][gc,ref      ] GC(308) Soft: 3486 encountered, 3112 discovered, 223 enqueued
[104.703s][info][gc,ref      ] GC(308) Weak: 15463 encountered, 2955 discovered, 200 enqueued
[104.703s][info][gc,ref      ] GC(308) Final: 52 encountered, 0 discovered, 0 enqueued
[104.703s][info][gc,ref      ] GC(308) Phantom: 600 encountered, 344 discovered, 0 enqueued
[104.703s][info][gc,reloc    ] GC(308) Small Pages: 210 / 420M, Empty: 212M, Relocated: 3M, In-Place: 0
[104.703s][info][gc,reloc    ] GC(308) Medium Pages: 8 / 256M, Empty: 32M, Relocated: 27M, In-Place: 0
[104.703s][info][gc,reloc    ] GC(308) Large Pages: 4 / 24M, Empty: 24M, Relocated: 0M, In-Place: 0
[104.703s][info][gc,reloc    ] GC(308) Forwarding Usage: 0M
[104.703s][info][gc,heap     ] GC(308) Min Capacity: 2048M(100%)
[104.703s][info][gc,heap     ] GC(308) Max Capacity: 2048M(100%)
[104.703s][info][gc,heap     ] GC(308) Soft Max Capacity: 2048M(100%)
[104.703s][info][gc,heap     ] GC(308)                Mark Start          Mark End        Relocate Start      Relocate End           High               Low         
[104.703s][info][gc,heap     ] GC(308)  Capacity:     2048M (100%)       2048M (100%)       2048M (100%)       2048M (100%)       2048M (100%)       2048M (100%)   
[104.703s][info][gc,heap     ] GC(308)      Free:     1348M (66%)        1276M (62%)        1528M (75%)        1722M (84%)        1722M (84%)        1266M (62%)    
[104.703s][info][gc,heap     ] GC(308)      Used:      700M (34%)         772M (38%)         520M (25%)         326M (16%)         782M (38%)         326M (16%)    
[104.703s][info][gc,heap     ] GC(308)      Live:         -               193M (9%)          193M (9%)          193M (9%)             -                  -          
[104.703s][info][gc,heap     ] GC(308) Allocated:         -                72M (4%)           88M (4%)           91M (4%)             -                  -          
[104.703s][info][gc,heap     ] GC(308)   Garbage:         -               506M (25%)         238M (12%)          40M (2%)             -                  -          
[104.703s][info][gc,heap     ] GC(308) Reclaimed:         -                  -               268M (13%)         465M (23%)            -                  -          
[104.703s][info][gc          ] GC(308) Garbage Collection (Allocation Stall) 700M(34%)->326M(16%)
[104.715s][info][gc,start    ] GC(309) Garbage Collection (Allocation Rate)
[104.715s][info][gc,task     ] GC(309) Using 2 workers
[104.716s][info][gc,phases   ] GC(309) Pause Mark Start 0.010ms
[104.762s][info][gc,phases   ] GC(309) Concurrent Mark 46.472ms
[104.762s][info][gc,phases   ] GC(309) Pause Mark End 0.032ms
[104.762s][info][gc,phases   ] GC(309) Concurrent Mark Free 0.001ms
[104.800s][info][gc,phases   ] GC(309) Concurrent Process Non-Strong References 37.406ms
[104.800s][info][gc,phases   ] GC(309) Concurrent Reset Relocation Set 0.006ms
[104.802s][info][gc,phases   ] GC(309) Concurrent Select Relocation Set 2.113ms
[104.802s][info][gc,phases   ] GC(309) Pause Relocate Start 0.010ms
[104.805s][info][gc,phases   ] GC(309) Concurrent Relocate 2.344ms
[104.805s][info][gc,load     ] GC(309) Load: 0.00/0.00/0.00
[104.805s][info][gc,mmu      ] GC(309) MMU: 2ms/83.4%, 5ms/93.4%, 10ms/96.7%, 20ms/97.9%, 50ms/99.2%, 100ms/99.5%
[104.805s][info][gc,marking  ] GC(309) Mark: 2 stripe(s), 2 proactive flush(es), 1 terminate flush(es), 0 completion(s), 0 continuation(s) 
[104.805s][info][gc,marking  ] GC(309) Mark Stack Usage: 32M
[104.805s][info][gc,nmethod  ] GC(309) NMethods: 19560 registered, 259 unregistered
[104.805s][info][gc,metaspace] GC(309) Metaspace: 155M used, 157M committed, 1216M reserved
[104.805s][info][gc,ref      ] GC(309) Soft: 3267 encountered, 0 discovered, 0 enqueued
[104.805s][info][gc,ref      ] GC(309) Weak: 15206 encountered, 2263 discovered, 303 enqueued
[104.805s][info][gc,ref      ] GC(309) Final: 52 encountered, 0 discovered, 0 enqueued
[104.805s][info][gc,ref      ] GC(309) Phantom: 600 encountered, 396 discovered, 0 enqueued
[104.805s][info][gc,reloc    ] GC(309) Small Pages: 62 / 124M, Empty: 0M, Relocated: 3M, In-Place: 0
[104.805s][info][gc,reloc    ] GC(309) Medium Pages: 6 / 192M, Empty: 32M, Relocated: 0M, In-Place: 0
[104.805s][info][gc,reloc    ] GC(309) Large Pages: 4 / 24M, Empty: 24M, Relocated: 0M, In-Place: 0
[104.805s][info][gc,reloc    ] GC(309) Forwarding Usage: 0M
[104.805s][info][gc,heap     ] GC(309) Min Capacity: 2048M(100%)
[104.805s][info][gc,heap     ] GC(309) Max Capacity: 2048M(100%)
[104.805s][info][gc,heap     ] GC(309) Soft Max Capacity: 2048M(100%)
[104.805s][info][gc,heap     ] GC(309)                Mark Start          Mark End        Relocate Start      Relocate End           High               Low         
[104.805s][info][gc,heap     ] GC(309)  Capacity:     2048M (100%)       2048M (100%)       2048M (100%)       2048M (100%)       2048M (100%)       2048M (100%)   
[104.805s][info][gc,heap     ] GC(309)      Free:     1708M (83%)        1642M (80%)        1650M (81%)        1702M (83%)        1708M (83%)        1594M (78%)    
[104.805s][info][gc,heap     ] GC(309)      Used:      340M (17%)         406M (20%)         398M (19%)         346M (17%)         454M (22%)         340M (17%)    
[104.805s][info][gc,heap     ] GC(309)      Live:         -               193M (9%)          193M (9%)          193M (9%)             -                  -          
[104.805s][info][gc,heap     ] GC(309) Allocated:         -                66M (3%)          114M (6%)          113M (6%)             -                  -          
[104.805s][info][gc,heap     ] GC(309)   Garbage:         -               146M (7%)           90M (4%)           38M (2%)             -                  -          
[104.805s][info][gc,heap     ] GC(309) Reclaimed:         -                  -                56M (3%)          107M (5%)             -                  -          
[104.805s][info][gc          ] GC(309) Garbage Collection (Allocation Rate) 340M(17%)->346M(17%)
[104.908s][info][gc,start    ] GC(310) Garbage Collection (Allocation Rate)
[104.908s][info][gc,task     ] GC(310) Using 2 workers
[104.908s][info][gc,phases   ] GC(310) Pause Mark Start 0.009ms
[104.961s][info][gc,phases   ] GC(310) Concurrent Mark 52.441ms
[104.961s][info][gc,phases   ] GC(310) Pause Mark End 0.027ms
[104.961s][info][gc,phases   ] GC(310) Concurrent Mark Free 0.002ms
[104.979s][info][gc,phases   ] GC(310) Concurrent Process Non-Strong References 18.231ms
[104.979s][info][gc,phases   ] GC(310) Concurrent Reset Relocation Set 0.003ms
[104.981s][info][gc,phases   ] GC(310) Concurrent Select Relocation Set 1.801ms
[104.981s][info][gc,phases   ] GC(310) Pause Relocate Start 0.006ms
[104.983s][info][gc,phases   ] GC(310) Concurrent Relocate 1.665ms
[104.983s][info][gc,load     ] GC(310) Load: 0.00/0.00/0.00
[104.983s][info][gc,mmu      ] GC(310) MMU: 2ms/83.4%, 5ms/93.4%, 10ms/96.7%, 20ms/97.9%, 50ms/99.2%, 100ms/99.5%
[104.983s][info][gc,marking  ] GC(310) Mark: 2 stripe(s), 2 proactive flush(es), 1 terminate flush(es), 0 completion(s), 0 continuation(s) 
[104.983s][info][gc,marking  ] GC(310) Mark Stack Usage: 32M
[104.983s][info][gc,nmethod  ] GC(310) NMethods: 19559 registered, 262 unregistered
[104.983s][info][gc,metaspace] GC(310) Metaspace: 155M used, 157M committed, 1216M reserved
[104.983s][info][gc,ref      ] GC(310) Soft: 3278 encountered, 0 discovered, 0 enqueued
[104.983s][info][gc,ref      ] GC(310) Weak: 15585 encountered, 4057 discovered, 457 enqueued
[104.983s][info][gc,ref      ] GC(310) Final: 52 encountered, 0 discovered, 0 enqueued
[104.983s][info][gc,ref      ] GC(310) Phantom: 600 encountered, 388 discovered, 0 enqueued
[104.983s][info][gc,reloc    ] GC(310) Small Pages: 84 / 168M, Empty: 2M, Relocated: 3M, In-Place: 0
[104.983s][info][gc,reloc    ] GC(310) Medium Pages: 7 / 224M, Empty: 64M, Relocated: 0M, In-Place: 0
[104.983s][info][gc,reloc    ] GC(310) Large Pages: 11 / 66M, Empty: 66M, Relocated: 0M, In-Place: 0
[104.983s][info][gc,reloc    ] GC(310) Forwarding Usage: 0M
[104.983s][info][gc,heap     ] GC(310) Min Capacity: 2048M(100%)
[104.983s][info][gc,heap     ] GC(310) Max Capacity: 2048M(100%)
[104.983s][info][gc,heap     ] GC(310) Soft Max Capacity: 2048M(100%)
[104.983s][info][gc,heap     ] GC(310)                Mark Start          Mark End        Relocate Start      Relocate End           High               Low         
[104.983s][info][gc,heap     ] GC(310)  Capacity:     2048M (100%)       2048M (100%)       2048M (100%)       2048M (100%)       2048M (100%)       2048M (100%)   
[104.983s][info][gc,heap     ] GC(310)      Free:     1590M (78%)        1550M (76%)        1656M (81%)        1742M (85%)        1746M (85%)        1524M (74%)    
[104.983s][info][gc,heap     ] GC(310)      Used:      458M (22%)         498M (24%)         392M (19%)         306M (15%)         524M (26%)         302M (15%)    
[104.983s][info][gc,heap     ] GC(310)      Live:         -               193M (9%)          193M (9%)          193M (9%)             -                  -          
[104.983s][info][gc,heap     ] GC(310) Allocated:         -                40M (2%)           66M (3%)           73M (4%)             -                  -          
[104.983s][info][gc,heap     ] GC(310)   Garbage:         -               264M (13%)         132M (6%)           38M (2%)             -                  -          
[104.983s][info][gc,heap     ] GC(310) Reclaimed:         -                  -               132M (6%)          225M (11%)            -                  -          
[104.983s][info][gc          ] GC(310) Garbage Collection (Allocation Rate) 458M(22%)->306M(15%)
[105.616s][info][gc,start    ] GC(311) Garbage Collection (Allocation Rate)
[105.616s][info][gc,task     ] GC(311) Using 2 workers
[105.616s][info][gc,phases   ] GC(311) Pause Mark Start 0.011ms
[105.677s][info][gc,phases   ] GC(311) Concurrent Mark 60.639ms
[105.677s][info][gc,phases   ] GC(311) Pause Mark End 0.048ms
[105.677s][info][gc,phases   ] GC(311) Concurrent Mark Free 0.001ms
[105.695s][info][gc,phases   ] GC(311) Concurrent Process Non-Strong References 17.994ms
[105.695s][info][gc,phases   ] GC(311) Concurrent Reset Relocation Set 0.004ms
[105.698s][info][gc,phases   ] GC(311) Concurrent Select Relocation Set 2.773ms
[105.698s][info][gc,phases   ] GC(311) Pause Relocate Start 0.012ms
[105.701s][info][gc,phases   ] GC(311) Concurrent Relocate 2.692ms
[105.701s][info][gc,load     ] GC(311) Load: 0.00/0.00/0.00
[105.701s][info][gc,mmu      ] GC(311) MMU: 2ms/83.4%, 5ms/93.4%, 10ms/96.7%, 20ms/97.9%, 50ms/99.2%, 100ms/99.5%
[105.701s][info][gc,marking  ] GC(311) Mark: 2 stripe(s), 2 proactive flush(es), 1 terminate flush(es), 1 completion(s), 0 continuation(s) 
[105.701s][info][gc,marking  ] GC(311) Mark Stack Usage: 32M
[105.701s][info][gc,nmethod  ] GC(311) NMethods: 19562 registered, 277 unregistered
[105.701s][info][gc,metaspace] GC(311) Metaspace: 155M used, 157M committed, 1216M reserved
[105.701s][info][gc,ref      ] GC(311) Soft: 3279 encountered, 0 discovered, 0 enqueued
[105.701s][info][gc,ref      ] GC(311) Weak: 16908 encountered, 4764 discovered, 1892 enqueued
[105.701s][info][gc,ref      ] GC(311) Final: 52 encountered, 0 discovered, 0 enqueued
[105.701s][info][gc,ref      ] GC(311) Phantom: 600 encountered, 341 discovered, 0 enqueued
[105.701s][info][gc,reloc    ] GC(311) Small Pages: 186 / 372M, Empty: 6M, Relocated: 5M, In-Place: 0
[105.701s][info][gc,reloc    ] GC(311) Medium Pages: 9 / 288M, Empty: 128M, Relocated: 0M, In-Place: 0
[105.701s][info][gc,reloc    ] GC(311) Large Pages: 37 / 222M, Empty: 222M, Relocated: 0M, In-Place: 0
[105.701s][info][gc,reloc    ] GC(311) Forwarding Usage: 0M
[105.701s][info][gc,heap     ] GC(311) Min Capacity: 2048M(100%)
[105.701s][info][gc,heap     ] GC(311) Max Capacity: 2048M(100%)
[105.701s][info][gc,heap     ] GC(311) Soft Max Capacity: 2048M(100%)
[105.701s][info][gc,heap     ] GC(311)                Mark Start          Mark End        Relocate Start      Relocate End           High               Low         
[105.701s][info][gc,heap     ] GC(311)  Capacity:     2048M (100%)       2048M (100%)       2048M (100%)       2048M (100%)       2048M (100%)       2048M (100%)   
[105.701s][info][gc,heap     ] GC(311)      Free:     1166M (57%)        1092M (53%)        1420M (69%)        1704M (83%)        1706M (83%)        1064M (52%)    
[105.701s][info][gc,heap     ] GC(311)      Used:      882M (43%)         956M (47%)         628M (31%)         344M (17%)         984M (48%)         342M (17%)    
[105.701s][info][gc,heap     ] GC(311)      Live:         -               195M (10%)         195M (10%)         195M (10%)            -                  -          
[105.701s][info][gc,heap     ] GC(311) Allocated:         -                74M (4%)          102M (5%)          107M (5%)             -                  -          
[105.701s][info][gc,heap     ] GC(311)   Garbage:         -               686M (34%)         330M (16%)          40M (2%)             -                  -          
[105.701s][info][gc,heap     ] GC(311) Reclaimed:         -                  -               356M (17%)         645M (32%)            -                  -          
[105.701s][info][gc          ] GC(311) Garbage Collection (Allocation Rate) 882M(43%)->344M(17%)
[105.846s][info][gc,start    ] GC(312) Garbage Collection (System.gc())
[105.846s][info][gc,task     ] GC(312) Using 2 workers
[105.846s][info][gc,phases   ] GC(312) Pause Mark Start 0.009ms
[105.904s][info][gc,phases   ] GC(312) Concurrent Mark 57.925ms
[105.904s][info][gc,phases   ] GC(312) Pause Mark End 0.048ms
[105.905s][info][gc,phases   ] GC(312) Concurrent Mark Free 0.003ms
[105.924s][info][gc,phases   ] GC(312) Concurrent Process Non-Strong References 19.224ms
[105.924s][info][gc,phases   ] GC(312) Concurrent Reset Relocation Set 0.012ms
[105.926s][info][gc,phases   ] GC(312) Concurrent Select Relocation Set 1.987ms
[105.926s][info][gc,phases   ] GC(312) Pause Relocate Start 0.011ms
[105.931s][info][gc,phases   ] GC(312) Concurrent Relocate 4.783ms
[105.931s][info][gc,load     ] GC(312) Load: 0.00/0.00/0.00
[105.931s][info][gc,mmu      ] GC(312) MMU: 2ms/83.4%, 5ms/93.4%, 10ms/96.7%, 20ms/97.9%, 50ms/99.2%, 100ms/99.5%
[105.931s][info][gc,marking  ] GC(312) Mark: 2 stripe(s), 1 proactive flush(es), 1 terminate flush(es), 0 completion(s), 0 continuation(s) 
[105.931s][info][gc,marking  ] GC(312) Mark Stack Usage: 32M
[105.931s][info][gc,nmethod  ] GC(312) NMethods: 19588 registered, 285 unregistered
[105.931s][info][gc,metaspace] GC(312) Metaspace: 156M used, 157M committed, 1216M reserved
[105.931s][info][gc,ref      ] GC(312) Soft: 3496 encountered, 0 discovered, 0 enqueued
[105.931s][info][gc,ref      ] GC(312) Weak: 15832 encountered, 3394 discovered, 698 enqueued
[105.931s][info][gc,ref      ] GC(312) Final: 52 encountered, 0 discovered, 0 enqueued
[105.931s][info][gc,ref      ] GC(312) Phantom: 600 encountered, 349 discovered, 0 enqueued
[105.931s][info][gc,reloc    ] GC(312) Small Pages: 107 / 214M, Empty: 0M, Relocated: 5M, In-Place: 0
[105.931s][info][gc,reloc    ] GC(312) Medium Pages: 6 / 192M, Empty: 64M, Relocated: 12M, In-Place: 0
[105.931s][info][gc,reloc    ] GC(312) Large Pages: 8 / 48M, Empty: 48M, Relocated: 0M, In-Place: 0
[105.931s][info][gc,reloc    ] GC(312) Forwarding Usage: 1M
[105.931s][info][gc,heap     ] GC(312) Min Capacity: 2048M(100%)
[105.931s][info][gc,heap     ] GC(312) Max Capacity: 2048M(100%)
[105.931s][info][gc,heap     ] GC(312) Soft Max Capacity: 2048M(100%)
[105.931s][info][gc,heap     ] GC(312)                Mark Start          Mark End        Relocate Start      Relocate End           High               Low         
[105.931s][info][gc,heap     ] GC(312)  Capacity:     2048M (100%)       2048M (100%)       2048M (100%)       2048M (100%)       2048M (100%)       2048M (100%)   
[105.931s][info][gc,heap     ] GC(312)      Free:     1594M (78%)        1594M (78%)        1692M (83%)        1854M (91%)        1858M (91%)        1584M (77%)    
[105.931s][info][gc,heap     ] GC(312)      Used:      454M (22%)         454M (22%)         356M (17%)         194M (9%)          464M (23%)         190M (9%)     
[105.931s][info][gc,heap     ] GC(312)      Live:         -               131M (6%)          131M (6%)          131M (6%)             -                  -          
[105.931s][info][gc,heap     ] GC(312) Allocated:         -                 0M (0%)           14M (1%)           25M (1%)             -                  -          
[105.931s][info][gc,heap     ] GC(312)   Garbage:         -               322M (16%)         210M (10%)          36M (2%)             -                  -          
[105.931s][info][gc,heap     ] GC(312) Reclaimed:         -                  -               112M (5%)          285M (14%)            -                  -          
[105.931s][info][gc          ] GC(312) Garbage Collection (System.gc()) 454M(22%)->194M(9%)
[106.203s][info][gc,start    ] GC(313) Garbage Collection (Allocation Rate)
[106.204s][info][gc,task     ] GC(313) Using 2 workers
[106.204s][info][gc,phases   ] GC(313) Pause Mark Start 0.010ms
[106.282s][info][gc,phases   ] GC(313) Concurrent Mark 78.060ms
[106.282s][info][gc,phases   ] GC(313) Pause Mark End 0.032ms
[106.282s][info][gc,phases   ] GC(313) Concurrent Mark Free 0.003ms
[106.302s][info][gc,phases   ] GC(313) Concurrent Process Non-Strong References 19.345ms
[106.302s][info][gc,phases   ] GC(313) Concurrent Reset Relocation Set 0.007ms
[106.302s][info][gc          ] Allocation Stall (Executor task launch worker for task 3.0 in stage 2165.0 (TID 8665)) 40.241ms
[106.302s][info][gc          ] Allocation Stall (Executor task launch worker for task 1.0 in stage 2165.0 (TID 8663)) 39.715ms
[106.302s][info][gc          ] Allocation Stall (RemoteBlock-temp-file-clean-thread) 40.721ms
[106.302s][info][gc          ] Allocation Stall (Spark Context Cleaner) 40.709ms
[106.302s][info][gc          ] Allocation Stall (Executor task launch worker for task 4.0 in stage 2165.0 (TID 8666)) 40.389ms
[106.302s][info][gc          ] Allocation Stall (Executor task launch worker for task 0.0 in stage 2165.0 (TID 8662)) 41.317ms
[106.302s][info][gc          ] Allocation Stall (Executor task launch worker for task 2.0 in stage 2165.0 (TID 8664)) 40.851ms
[106.309s][info][gc,phases   ] GC(313) Concurrent Select Relocation Set 6.805ms
[106.309s][info][gc,phases   ] GC(313) Pause Relocate Start 0.010ms
[106.333s][info][gc,phases   ] GC(313) Concurrent Relocate 24.071ms
[106.333s][info][gc,load     ] GC(313) Load: 0.00/0.00/0.00
[106.333s][info][gc,mmu      ] GC(313) MMU: 2ms/83.4%, 5ms/93.4%, 10ms/96.7%, 20ms/97.9%, 50ms/99.2%, 100ms/99.5%
[106.333s][info][gc,marking  ] GC(313) Mark: 2 stripe(s), 2 proactive flush(es), 1 terminate flush(es), 0 completion(s), 0 continuation(s) 
[106.333s][info][gc,marking  ] GC(313) Mark Stack Usage: 32M
[106.333s][info][gc,nmethod  ] GC(313) NMethods: 19605 registered, 296 unregistered
[106.333s][info][gc,metaspace] GC(313) Metaspace: 156M used, 157M committed, 1216M reserved
[106.333s][info][gc,ref      ] GC(313) Soft: 3558 encountered, 0 discovered, 0 enqueued
[106.333s][info][gc,ref      ] GC(313) Weak: 15499 encountered, 3272 discovered, 229 enqueued
[106.333s][info][gc,ref      ] GC(313) Final: 52 encountered, 0 discovered, 0 enqueued
[106.333s][info][gc,ref      ] GC(313) Phantom: 600 encountered, 402 discovered, 0 enqueued
[106.333s][info][gc,reloc    ] GC(313) Small Pages: 751 / 1502M, Empty: 1132M, Relocated: 8M, In-Place: 0
[106.333s][info][gc,reloc    ] GC(313) Medium Pages: 8 / 256M, Empty: 0M, Relocated: 53M, In-Place: 0
[106.333s][info][gc,reloc    ] GC(313) Large Pages: 6 / 36M, Empty: 36M, Relocated: 0M, In-Place: 0
[106.333s][info][gc,reloc    ] GC(313) Forwarding Usage: 2M
[106.333s][info][gc,heap     ] GC(313) Min Capacity: 2048M(100%)
[106.333s][info][gc,heap     ] GC(313) Max Capacity: 2048M(100%)
[106.333s][info][gc,heap     ] GC(313) Soft Max Capacity: 2048M(100%)
[106.333s][info][gc,heap     ] GC(313)                Mark Start          Mark End        Relocate Start      Relocate End           High               Low         
[106.333s][info][gc,heap     ] GC(313)  Capacity:     2048M (100%)       2048M (100%)       2048M (100%)       2048M (100%)       2048M (100%)       2048M (100%)   
[106.333s][info][gc,heap     ] GC(313)      Free:      254M (12%)           0M (0%)         1112M (54%)        1428M (70%)        1442M (70%)           0M (0%)     
[106.333s][info][gc,heap     ] GC(313)      Used:     1794M (88%)        2048M (100%)        936M (46%)         620M (30%)        2048M (100%)        606M (30%)    
[106.333s][info][gc,heap     ] GC(313)      Live:         -               175M (9%)          175M (9%)          175M (9%)             -                  -          
[106.333s][info][gc,heap     ] GC(313) Allocated:         -               254M (12%)         310M (15%)         400M (20%)            -                  -          
[106.333s][info][gc,heap     ] GC(313)   Garbage:         -              1618M (79%)         450M (22%)          43M (2%)             -                  -          
[106.333s][info][gc,heap     ] GC(313) Reclaimed:         -                  -              1168M (57%)        1574M (77%)            -                  -          
[106.333s][info][gc          ] GC(313) Garbage Collection (Allocation Rate) 1794M(88%)->620M(30%)
[106.417s][info][gc,start    ] GC(314) Garbage Collection (Allocation Stall)
[106.417s][info][gc,ref      ] GC(314) Clearing All SoftReferences
[106.417s][info][gc,task     ] GC(314) Using 2 workers
[106.417s][info][gc,ref      ] GC(314) Clearing All SoftReferences
[106.417s][info][gc,phases   ] GC(314) Pause Mark Start 0.044ms
[106.481s][info][gc,phases   ] GC(314) Concurrent Mark 63.596ms
[106.481s][info][gc,phases   ] GC(314) Pause Mark End 0.152ms
[106.481s][info][gc,phases   ] GC(314) Concurrent Mark Free 0.002ms
[106.518s][info][gc,phases   ] GC(314) Concurrent Process Non-Strong References 36.695ms
[106.518s][info][gc,phases   ] GC(314) Concurrent Reset Relocation Set 0.011ms
[106.520s][info][gc,phases   ] GC(314) Concurrent Select Relocation Set 2.455ms
[106.521s][info][gc,phases   ] GC(314) Pause Relocate Start 0.011ms
[106.534s][info][gc,phases   ] GC(314) Concurrent Relocate 13.495ms
[106.534s][info][gc,load     ] GC(314) Load: 0.00/0.00/0.00
[106.534s][info][gc,mmu      ] GC(314) MMU: 2ms/83.4%, 5ms/93.4%, 10ms/96.7%, 20ms/97.9%, 50ms/99.2%, 100ms/99.5%
[106.534s][info][gc,marking  ] GC(314) Mark: 2 stripe(s), 2 proactive flush(es), 1 terminate flush(es), 1 completion(s), 0 continuation(s) 
[106.534s][info][gc,marking  ] GC(314) Mark Stack Usage: 32M
[106.534s][info][gc,nmethod  ] GC(314) NMethods: 19605 registered, 297 unregistered
[106.534s][info][gc,metaspace] GC(314) Metaspace: 155M used, 157M committed, 1216M reserved
[106.534s][info][gc,ref      ] GC(314) Soft: 3494 encountered, 3075 discovered, 224 enqueued
[106.534s][info][gc,ref      ] GC(314) Weak: 15463 encountered, 2741 discovered, 197 enqueued
[106.534s][info][gc,ref      ] GC(314) Final: 52 encountered, 0 discovered, 0 enqueued
[106.534s][info][gc,ref      ] GC(314) Phantom: 600 encountered, 402 discovered, 0 enqueued
[106.534s][info][gc,reloc    ] GC(314) Small Pages: 236 / 472M, Empty: 248M, Relocated: 4M, In-Place: 0
[106.534s][info][gc,reloc    ] GC(314) Medium Pages: 8 / 256M, Empty: 0M, Relocated: 45M, In-Place: 0
[106.534s][info][gc,reloc    ] GC(314) Large Pages: 4 / 24M, Empty: 24M, Relocated: 0M, In-Place: 0
[106.534s][info][gc,reloc    ] GC(314) Forwarding Usage: 1M
[106.534s][info][gc,heap     ] GC(314) Min Capacity: 2048M(100%)
[106.534s][info][gc,heap     ] GC(314) Max Capacity: 2048M(100%)
[106.534s][info][gc,heap     ] GC(314) Soft Max Capacity: 2048M(100%)
[106.534s][info][gc,heap     ] GC(314)                Mark Start          Mark End        Relocate Start      Relocate End           High               Low         
[106.534s][info][gc,heap     ] GC(314)  Capacity:     2048M (100%)       2048M (100%)       2048M (100%)       2048M (100%)       2048M (100%)       2048M (100%)   
[106.534s][info][gc,heap     ] GC(314)      Free:     1296M (63%)        1212M (59%)        1448M (71%)        1682M (82%)        1686M (82%)        1182M (58%)    
[106.534s][info][gc,heap     ] GC(314)      Used:      752M (37%)         836M (41%)         600M (29%)         366M (18%)         866M (42%)         362M (18%)    
[106.534s][info][gc,heap     ] GC(314)      Live:         -               193M (9%)          193M (9%)          193M (9%)             -                  -          
[106.534s][info][gc,heap     ] GC(314) Allocated:         -                84M (4%)          120M (6%)          125M (6%)             -                  -          
[106.534s][info][gc,heap     ] GC(314)   Garbage:         -               558M (27%)         286M (14%)          46M (2%)             -                  -          
[106.534s][info][gc,heap     ] GC(314) Reclaimed:         -                  -               272M (13%)         511M (25%)            -                  -          
[106.534s][info][gc          ] GC(314) Garbage Collection (Allocation Stall) 752M(37%)->366M(18%)
[106.610s][info][gc,start    ] GC(315) Garbage Collection (Allocation Rate)
[106.610s][info][gc,task     ] GC(315) Using 2 workers
[106.610s][info][gc,phases   ] GC(315) Pause Mark Start 0.007ms
[106.670s][info][gc,phases   ] GC(315) Concurrent Mark 59.736ms
[106.670s][info][gc,phases   ] GC(315) Pause Mark End 0.028ms
[106.670s][info][gc,phases   ] GC(315) Concurrent Mark Free 0.001ms
[106.690s][info][gc,phases   ] GC(315) Concurrent Process Non-Strong References 19.901ms
[106.690s][info][gc,phases   ] GC(315) Concurrent Reset Relocation Set 0.008ms
[106.692s][info][gc,phases   ] GC(315) Concurrent Select Relocation Set 2.537ms
[106.692s][info][gc,phases   ] GC(315) Pause Relocate Start 0.012ms
[106.698s][info][gc,phases   ] GC(315) Concurrent Relocate 5.747ms
[106.698s][info][gc,load     ] GC(315) Load: 0.00/0.00/0.00
[106.698s][info][gc,mmu      ] GC(315) MMU: 2ms/83.4%, 5ms/93.4%, 10ms/96.7%, 20ms/97.9%, 50ms/99.2%, 100ms/99.5%
[106.698s][info][gc,marking  ] GC(315) Mark: 2 stripe(s), 2 proactive flush(es), 1 terminate flush(es), 0 completion(s), 0 continuation(s) 
[106.698s][info][gc,marking  ] GC(315) Mark Stack Usage: 32M
[106.698s][info][gc,nmethod  ] GC(315) NMethods: 19605 registered, 297 unregistered
[106.698s][info][gc,metaspace] GC(315) Metaspace: 155M used, 157M committed, 1216M reserved
[106.698s][info][gc,ref      ] GC(315) Soft: 3268 encountered, 0 discovered, 0 enqueued
[106.698s][info][gc,ref      ] GC(315) Weak: 15578 encountered, 3841 discovered, 583 enqueued
[106.698s][info][gc,ref      ] GC(315) Final: 52 encountered, 0 discovered, 0 enqueued
[106.698s][info][gc,ref      ] GC(315) Phantom: 600 encountered, 368 discovered, 0 enqueued
[106.698s][info][gc,reloc    ] GC(315) Small Pages: 81 / 162M, Empty: 0M, Relocated: 5M, In-Place: 0
[106.698s][info][gc,reloc    ] GC(315) Medium Pages: 7 / 224M, Empty: 32M, Relocated: 13M, In-Place: 0
[106.698s][info][gc,reloc    ] GC(315) Large Pages: 10 / 60M, Empty: 60M, Relocated: 0M, In-Place: 0
[106.698s][info][gc,reloc    ] GC(315) Forwarding Usage: 1M
[106.698s][info][gc,heap     ] GC(315) Min Capacity: 2048M(100%)
[106.698s][info][gc,heap     ] GC(315) Max Capacity: 2048M(100%)
[106.698s][info][gc,heap     ] GC(315) Soft Max Capacity: 2048M(100%)
[106.698s][info][gc,heap     ] GC(315)                Mark Start          Mark End        Relocate Start      Relocate End           High               Low         
[106.698s][info][gc,heap     ] GC(315)  Capacity:     2048M (100%)       2048M (100%)       2048M (100%)       2048M (100%)       2048M (100%)       2048M (100%)   
[106.698s][info][gc,heap     ] GC(315)      Free:     1602M (78%)        1530M (75%)        1592M (78%)        1710M (83%)        1710M (83%)        1500M (73%)    
[106.698s][info][gc,heap     ] GC(315)      Used:      446M (22%)         518M (25%)         456M (22%)         338M (17%)         548M (27%)         338M (17%)    
[106.698s][info][gc,heap     ] GC(315)      Live:         -               194M (9%)          194M (9%)          194M (9%)             -                  -          
[106.698s][info][gc,heap     ] GC(315) Allocated:         -                72M (4%)          102M (5%)          103M (5%)             -                  -          
[106.698s][info][gc,heap     ] GC(315)   Garbage:         -               251M (12%)         159M (8%)           40M (2%)             -                  -          
[106.698s][info][gc,heap     ] GC(315) Reclaimed:         -                  -                92M (4%)          211M (10%)            -                  -          
[106.699s][info][gc          ] GC(315) Garbage Collection (Allocation Rate) 446M(22%)->338M(17%)
[106.716s][info][gc,start    ] GC(316) Garbage Collection (Allocation Rate)
[106.716s][info][gc,task     ] GC(316) Using 2 workers
[106.716s][info][gc,phases   ] GC(316) Pause Mark Start 0.012ms
[106.778s][info][gc,phases   ] GC(316) Concurrent Mark 62.541ms
[106.779s][info][gc,phases   ] GC(316) Pause Mark End 0.075ms
[106.779s][info][gc,phases   ] GC(316) Concurrent Mark Free 0.001ms
[106.798s][info][gc,phases   ] GC(316) Concurrent Process Non-Strong References 18.864ms
[106.798s][info][gc,phases   ] GC(316) Concurrent Reset Relocation Set 0.005ms
[106.800s][info][gc,phases   ] GC(316) Concurrent Select Relocation Set 2.028ms
[106.800s][info][gc,phases   ] GC(316) Pause Relocate Start 0.009ms
[106.804s][info][gc,phases   ] GC(316) Concurrent Relocate 3.826ms
[106.804s][info][gc,load     ] GC(316) Load: 0.00/0.00/0.00
[106.804s][info][gc,mmu      ] GC(316) MMU: 2ms/83.4%, 5ms/93.4%, 10ms/96.7%, 20ms/97.9%, 50ms/99.2%, 100ms/99.5%
[106.804s][info][gc,marking  ] GC(316) Mark: 2 stripe(s), 2 proactive flush(es), 1 terminate flush(es), 1 completion(s), 0 continuation(s) 
[106.804s][info][gc,marking  ] GC(316) Mark Stack Usage: 32M
[106.804s][info][gc,nmethod  ] GC(316) NMethods: 19606 registered, 302 unregistered
[106.804s][info][gc,metaspace] GC(316) Metaspace: 155M used, 157M committed, 1216M reserved
[106.804s][info][gc,ref      ] GC(316) Soft: 3270 encountered, 0 discovered, 0 enqueued
[106.804s][info][gc,ref      ] GC(316) Weak: 15288 encountered, 2582 discovered, 153 enqueued
[106.804s][info][gc,ref      ] GC(316) Final: 52 encountered, 0 discovered, 0 enqueued
[106.804s][info][gc,ref      ] GC(316) Phantom: 600 encountered, 389 discovered, 0 enqueued
[106.804s][info][gc,reloc    ] GC(316) Small Pages: 71 / 142M, Empty: 0M, Relocated: 3M, In-Place: 0
[106.804s][info][gc,reloc    ] GC(316) Medium Pages: 6 / 192M, Empty: 0M, Relocated: 13M, In-Place: 0
[106.804s][info][gc,reloc    ] GC(316) Large Pages: 5 / 30M, Empty: 30M, Relocated: 0M, In-Place: 0
[106.804s][info][gc,reloc    ] GC(316) Forwarding Usage: 1M
[106.804s][info][gc,heap     ] GC(316) Min Capacity: 2048M(100%)
[106.804s][info][gc,heap     ] GC(316) Max Capacity: 2048M(100%)
[106.804s][info][gc,heap     ] GC(316) Soft Max Capacity: 2048M(100%)
[106.804s][info][gc,heap     ] GC(316)                Mark Start          Mark End        Relocate Start      Relocate End           High               Low         
[106.804s][info][gc,heap     ] GC(316)  Capacity:     2048M (100%)       2048M (100%)       2048M (100%)       2048M (100%)       2048M (100%)       2048M (100%)   
[106.804s][info][gc,heap     ] GC(316)      Free:     1684M (82%)        1602M (78%)        1614M (79%)        1712M (84%)        1712M (84%)        1582M (77%)    
[106.804s][info][gc,heap     ] GC(316)      Used:      364M (18%)         446M (22%)         434M (21%)         336M (16%)         466M (23%)         336M (16%)    
[106.804s][info][gc,heap     ] GC(316)      Live:         -               193M (9%)          193M (9%)          193M (9%)             -                  -          
[106.804s][info][gc,heap     ] GC(316) Allocated:         -                82M (4%)          100M (5%)          103M (5%)             -                  -          
[106.804s][info][gc,heap     ] GC(316)   Garbage:         -               170M (8%)          140M (7%)           38M (2%)             -                  -          
[106.804s][info][gc,heap     ] GC(316) Reclaimed:         -                  -                30M (1%)          131M (6%)             -                  -          
[106.804s][info][gc          ] GC(316) Garbage Collection (Allocation Rate) 364M(18%)->336M(16%)
[107.416s][info][gc,start    ] GC(317) Garbage Collection (Allocation Rate)
[107.417s][info][gc,task     ] GC(317) Using 2 workers
[107.417s][info][gc,phases   ] GC(317) Pause Mark Start 0.006ms
[107.478s][info][gc,phases   ] GC(317) Concurrent Mark 61.326ms
[107.478s][info][gc,phases   ] GC(317) Pause Mark End 0.024ms
[107.478s][info][gc,phases   ] GC(317) Concurrent Mark Free 0.002ms
[107.497s][info][gc,phases   ] GC(317) Concurrent Process Non-Strong References 18.992ms
[107.497s][info][gc,phases   ] GC(317) Concurrent Reset Relocation Set 0.007ms
[107.501s][info][gc,phases   ] GC(317) Concurrent Select Relocation Set 3.210ms
[107.501s][info][gc,phases   ] GC(317) Pause Relocate Start 0.013ms
[107.504s][info][gc,phases   ] GC(317) Concurrent Relocate 2.733ms
[107.504s][info][gc,load     ] GC(317) Load: 0.00/0.00/0.00
[107.504s][info][gc,mmu      ] GC(317) MMU: 2ms/83.4%, 5ms/93.4%, 10ms/96.7%, 20ms/97.9%, 50ms/99.2%, 100ms/99.5%
[107.504s][info][gc,marking  ] GC(317) Mark: 2 stripe(s), 2 proactive flush(es), 1 terminate flush(es), 0 completion(s), 0 continuation(s) 
[107.504s][info][gc,marking  ] GC(317) Mark Stack Usage: 32M
[107.504s][info][gc,nmethod  ] GC(317) NMethods: 19609 registered, 309 unregistered
[107.504s][info][gc,metaspace] GC(317) Metaspace: 155M used, 157M committed, 1216M reserved
[107.504s][info][gc,ref      ] GC(317) Soft: 3267 encountered, 0 discovered, 0 enqueued
[107.504s][info][gc,ref      ] GC(317) Weak: 17046 encountered, 4634 discovered, 2033 enqueued
[107.504s][info][gc,ref      ] GC(317) Final: 52 encountered, 0 discovered, 0 enqueued
[107.504s][info][gc,ref      ] GC(317) Phantom: 600 encountered, 376 discovered, 0 enqueued
[107.504s][info][gc,reloc    ] GC(317) Small Pages: 192 / 384M, Empty: 4M, Relocated: 5M, In-Place: 0
[107.504s][info][gc,reloc    ] GC(317) Medium Pages: 9 / 288M, Empty: 128M, Relocated: 0M, In-Place: 0
[107.504s][info][gc,reloc    ] GC(317) Large Pages: 40 / 240M, Empty: 234M, Relocated: 0M, In-Place: 0
[107.504s][info][gc,reloc    ] GC(317) Forwarding Usage: 1M
[107.504s][info][gc,heap     ] GC(317) Min Capacity: 2048M(100%)
[107.504s][info][gc,heap     ] GC(317) Max Capacity: 2048M(100%)
[107.504s][info][gc,heap     ] GC(317) Soft Max Capacity: 2048M(100%)
[107.504s][info][gc,heap     ] GC(317)                Mark Start          Mark End        Relocate Start      Relocate End           High               Low         
[107.504s][info][gc,heap     ] GC(317)  Capacity:     2048M (100%)       2048M (100%)       2048M (100%)       2048M (100%)       2048M (100%)       2048M (100%)   
[107.504s][info][gc,heap     ] GC(317)      Free:     1136M (55%)        1062M (52%)        1398M (68%)        1698M (83%)        1700M (83%)        1032M (50%)    
[107.504s][info][gc,heap     ] GC(317)      Used:      912M (45%)         986M (48%)         650M (32%)         350M (17%)        1016M (50%)         348M (17%)    
[107.504s][info][gc,heap     ] GC(317)      Live:         -               201M (10%)         201M (10%)         201M (10%)            -                  -          
[107.504s][info][gc,heap     ] GC(317) Allocated:         -                74M (4%)          104M (5%)          107M (5%)             -                  -          
[107.504s][info][gc,heap     ] GC(317)   Garbage:         -               710M (35%)         344M (17%)          40M (2%)             -                  -          
[107.504s][info][gc,heap     ] GC(317) Reclaimed:         -                  -               366M (18%)         669M (33%)            -                  -          
[107.504s][info][gc          ] GC(317) Garbage Collection (Allocation Rate) 912M(45%)->350M(17%)
[107.594s][info][gc,start    ] GC(318) Garbage Collection (System.gc())
[107.594s][info][gc,task     ] GC(318) Using 2 workers
[107.594s][info][gc,phases   ] GC(318) Pause Mark Start 0.007ms
[107.649s][info][gc,phases   ] GC(318) Concurrent Mark 54.736ms
[107.649s][info][gc,phases   ] GC(318) Pause Mark End 0.025ms
[107.649s][info][gc,phases   ] GC(318) Concurrent Mark Free 0.001ms
[107.678s][info][gc,phases   ] GC(318) Concurrent Process Non-Strong References 28.398ms
[107.678s][info][gc,phases   ] GC(318) Concurrent Reset Relocation Set 0.009ms
[107.680s][info][gc,phases   ] GC(318) Concurrent Select Relocation Set 2.053ms
[107.680s][info][gc,phases   ] GC(318) Pause Relocate Start 0.009ms
[107.685s][info][gc,phases   ] GC(318) Concurrent Relocate 4.300ms
[107.685s][info][gc,load     ] GC(318) Load: 0.00/0.00/0.00
[107.685s][info][gc,mmu      ] GC(318) MMU: 2ms/83.4%, 5ms/93.4%, 10ms/96.7%, 20ms/97.9%, 50ms/99.2%, 100ms/99.5%
[107.685s][info][gc,marking  ] GC(318) Mark: 2 stripe(s), 2 proactive flush(es), 1 terminate flush(es), 0 completion(s), 0 continuation(s) 
[107.685s][info][gc,marking  ] GC(318) Mark Stack Usage: 32M
[107.685s][info][gc,nmethod  ] GC(318) NMethods: 10948 registered, 9040 unregistered
[107.685s][info][gc,metaspace] GC(318) Metaspace: 156M used, 157M committed, 1216M reserved
[107.685s][info][gc,ref      ] GC(318) Soft: 3486 encountered, 0 discovered, 0 enqueued
[107.685s][info][gc,ref      ] GC(318) Weak: 15685 encountered, 3593 discovered, 554 enqueued
[107.685s][info][gc,ref      ] GC(318) Final: 52 encountered, 0 discovered, 0 enqueued
[107.685s][info][gc,ref      ] GC(318) Phantom: 600 encountered, 371 discovered, 0 enqueued
[107.685s][info][gc,reloc    ] GC(318) Small Pages: 97 / 194M, Empty: 2M, Relocated: 5M, In-Place: 0
[107.685s][info][gc,reloc    ] GC(318) Medium Pages: 6 / 192M, Empty: 64M, Relocated: 12M, In-Place: 0
[107.685s][info][gc,reloc    ] GC(318) Large Pages: 6 / 36M, Empty: 36M, Relocated: 0M, In-Place: 0
[107.685s][info][gc,reloc    ] GC(318) Forwarding Usage: 2M
[107.685s][info][gc,heap     ] GC(318) Min Capacity: 2048M(100%)
[107.685s][info][gc,heap     ] GC(318) Max Capacity: 2048M(100%)
[107.685s][info][gc,heap     ] GC(318) Soft Max Capacity: 2048M(100%)
[107.685s][info][gc,heap     ] GC(318)                Mark Start          Mark End        Relocate Start      Relocate End           High               Low         
[107.685s][info][gc,heap     ] GC(318)  Capacity:     2048M (100%)       2048M (100%)       2048M (100%)       2048M (100%)       2048M (100%)       2048M (100%)   
[107.685s][info][gc,heap     ] GC(318)      Free:     1626M (79%)        1622M (79%)        1714M (84%)        1858M (91%)        1858M (91%)        1616M (79%)    
[107.685s][info][gc,heap     ] GC(318)      Used:      422M (21%)         426M (21%)         334M (16%)         190M (9%)          432M (21%)         190M (9%)     
[107.685s][info][gc,heap     ] GC(318)      Live:         -               130M (6%)          130M (6%)          130M (6%)             -                  -          
[107.685s][info][gc,heap     ] GC(318) Allocated:         -                 4M (0%)           14M (1%)           21M (1%)             -                  -          
[107.685s][info][gc,heap     ] GC(318)   Garbage:         -               291M (14%)         189M (9%)           37M (2%)             -                  -          
[107.685s][info][gc,heap     ] GC(318) Reclaimed:         -                  -               102M (5%)          253M (12%)            -                  -          
[107.685s][info][gc          ] GC(318) Garbage Collection (System.gc()) 422M(21%)->190M(9%)
[107.904s][info][gc,start    ] GC(319) Garbage Collection (Allocation Rate)
[107.904s][info][gc,task     ] GC(319) Using 2 workers
[107.904s][info][gc,phases   ] GC(319) Pause Mark Start 0.012ms
[107.998s][info][gc,phases   ] GC(319) Concurrent Mark 94.252ms
[107.999s][info][gc,phases   ] GC(319) Pause Mark End 0.041ms
[107.999s][info][gc,phases   ] GC(319) Concurrent Mark Free 0.003ms
[108.039s][info][gc,phases   ] GC(319) Concurrent Process Non-Strong References 39.931ms
[108.039s][info][gc,phases   ] GC(319) Concurrent Reset Relocation Set 0.004ms
[108.039s][info][gc          ] Allocation Stall (Executor task launch worker for task 4.0 in stage 2211.0 (TID 8850)) 3.844ms
[108.039s][info][gc          ] Allocation Stall (Executor task launch worker for task 1.0 in stage 2211.0 (TID 8847)) 2.901ms
[108.039s][info][gc          ] Allocation Stall (Executor task launch worker for task 0.0 in stage 2211.0 (TID 8846)) 3.152ms
[108.039s][info][gc          ] Allocation Stall (Executor task launch worker for task 2.0 in stage 2211.0 (TID 8848)) 4.570ms
[108.039s][info][gc          ] Allocation Stall (dispatcher-BlockManagerEndpoint1) 0.042ms
[108.039s][info][gc          ] Allocation Stall (dispatcher-event-loop-0) 1.533ms
[108.044s][info][gc,phases   ] GC(319) Concurrent Select Relocation Set 4.877ms
[108.044s][info][gc,phases   ] GC(319) Pause Relocate Start 0.020ms
[108.061s][info][gc,phases   ] GC(319) Concurrent Relocate 17.399ms
[108.061s][info][gc,load     ] GC(319) Load: 0.00/0.00/0.00
[108.061s][info][gc,mmu      ] GC(319) MMU: 2ms/83.4%, 5ms/93.4%, 10ms/96.7%, 20ms/97.9%, 50ms/99.2%, 100ms/99.5%
[108.061s][info][gc,marking  ] GC(319) Mark: 2 stripe(s), 2 proactive flush(es), 1 terminate flush(es), 0 completion(s), 0 continuation(s) 
[108.061s][info][gc,marking  ] GC(319) Mark Stack Usage: 32M
[108.061s][info][gc,nmethod  ] GC(319) NMethods: 10951 registered, 9047 unregistered
[108.061s][info][gc,metaspace] GC(319) Metaspace: 156M used, 157M committed, 1216M reserved
[108.061s][info][gc,ref      ] GC(319) Soft: 3552 encountered, 0 discovered, 0 enqueued
[108.061s][info][gc,ref      ] GC(319) Weak: 15496 encountered, 4312 discovered, 203 enqueued
[108.061s][info][gc,ref      ] GC(319) Final: 52 encountered, 0 discovered, 0 enqueued
[108.061s][info][gc,ref      ] GC(319) Phantom: 600 encountered, 374 discovered, 0 enqueued
[108.061s][info][gc,reloc    ] GC(319) Small Pages: 535 / 1070M, Empty: 804M, Relocated: 10M, In-Place: 0
[108.061s][info][gc,reloc    ] GC(319) Medium Pages: 5 / 160M, Empty: 0M, Relocated: 25M, In-Place: 0
[108.061s][info][gc,reloc    ] GC(319) Large Pages: 6 / 36M, Empty: 36M, Relocated: 0M, In-Place: 0
[108.061s][info][gc,reloc    ] GC(319) Forwarding Usage: 1M
[108.061s][info][gc,heap     ] GC(319) Min Capacity: 2048M(100%)
[108.062s][info][gc,heap     ] GC(319) Max Capacity: 2048M(100%)
[108.062s][info][gc,heap     ] GC(319) Soft Max Capacity: 2048M(100%)
[108.062s][info][gc,heap     ] GC(319)                Mark Start          Mark End        Relocate Start      Relocate End           High               Low         
[108.062s][info][gc,heap     ] GC(319)  Capacity:     2048M (100%)       2048M (100%)       2048M (100%)       2048M (100%)       2048M (100%)       2048M (100%)   
[108.062s][info][gc,heap     ] GC(319)      Free:      782M (38%)         148M (7%)          808M (39%)         952M (46%)         994M (49%)           0M (0%)     
[108.062s][info][gc,heap     ] GC(319)      Used:     1266M (62%)        1900M (93%)        1240M (61%)        1096M (54%)        2048M (100%)       1054M (51%)    
[108.062s][info][gc,heap     ] GC(319)      Live:         -               150M (7%)          150M (7%)          150M (7%)             -                  -          
[108.062s][info][gc,heap     ] GC(319) Allocated:         -               634M (31%)         814M (40%)         921M (45%)            -                  -          
[108.062s][info][gc,heap     ] GC(319)   Garbage:         -              1115M (54%)         275M (13%)          24M (1%)             -                  -          
[108.062s][info][gc,heap     ] GC(319) Reclaimed:         -                  -               840M (41%)        1091M (53%)            -                  -          
[108.062s][info][gc          ] GC(319) Garbage Collection (Allocation Rate) 1266M(62%)->1096M(54%)
[108.108s][info][gc,start    ] GC(320) Garbage Collection (Allocation Stall)
[108.108s][info][gc,ref      ] GC(320) Clearing All SoftReferences
[108.108s][info][gc,task     ] GC(320) Using 2 workers
[108.108s][info][gc,ref      ] GC(320) Clearing All SoftReferences
[108.108s][info][gc,phases   ] GC(320) Pause Mark Start 0.071ms
[108.165s][info][gc,phases   ] GC(320) Concurrent Mark 56.442ms
[108.165s][info][gc,phases   ] GC(320) Pause Mark End 0.236ms
[108.165s][info][gc,phases   ] GC(320) Concurrent Mark Free 0.001ms
[108.195s][info][gc,phases   ] GC(320) Concurrent Process Non-Strong References 30.014ms
[108.196s][info][gc,phases   ] GC(320) Concurrent Reset Relocation Set 0.009ms
[108.197s][info][gc,phases   ] GC(320) Concurrent Select Relocation Set 1.757ms
[108.197s][info][gc,phases   ] GC(320) Pause Relocate Start 0.007ms
[108.212s][info][gc,phases   ] GC(320) Concurrent Relocate 14.311ms
[108.212s][info][gc,load     ] GC(320) Load: 0.00/0.00/0.00
[108.212s][info][gc,mmu      ] GC(320) MMU: 2ms/83.4%, 5ms/93.4%, 10ms/96.7%, 20ms/97.9%, 50ms/99.2%, 100ms/99.5%
[108.212s][info][gc,marking  ] GC(320) Mark: 2 stripe(s), 2 proactive flush(es), 1 terminate flush(es), 1 completion(s), 0 continuation(s) 
[108.212s][info][gc,marking  ] GC(320) Mark Stack Usage: 32M
[108.212s][info][gc,nmethod  ] GC(320) NMethods: 10952 registered, 9048 unregistered
[108.212s][info][gc,metaspace] GC(320) Metaspace: 155M used, 157M committed, 1216M reserved
[108.212s][info][gc,ref      ] GC(320) Soft: 3486 encountered, 3112 discovered, 216 enqueued
[108.212s][info][gc,ref      ] GC(320) Weak: 15309 encountered, 2610 discovered, 51 enqueued
[108.212s][info][gc,ref      ] GC(320) Final: 52 encountered, 0 discovered, 0 enqueued
[108.212s][info][gc,ref      ] GC(320) Phantom: 600 encountered, 395 discovered, 0 enqueued
[108.212s][info][gc,reloc    ] GC(320) Small Pages: 441 / 882M, Empty: 570M, Relocated: 3M, In-Place: 0
[108.212s][info][gc,reloc    ] GC(320) Medium Pages: 9 / 288M, Empty: 0M, Relocated: 49M, In-Place: 0
[108.212s][info][gc,reloc    ] GC(320) Large Pages: 1 / 6M, Empty: 6M, Relocated: 0M, In-Place: 0
[108.212s][info][gc,reloc    ] GC(320) Forwarding Usage: 0M
[108.212s][info][gc,heap     ] GC(320) Min Capacity: 2048M(100%)
[108.212s][info][gc,heap     ] GC(320) Max Capacity: 2048M(100%)
[108.212s][info][gc,heap     ] GC(320) Soft Max Capacity: 2048M(100%)
[108.212s][info][gc,heap     ] GC(320)                Mark Start          Mark End        Relocate Start      Relocate End           High               Low         
[108.212s][info][gc,heap     ] GC(320)  Capacity:     2048M (100%)       2048M (100%)       2048M (100%)       2048M (100%)       2048M (100%)       2048M (100%)   
[108.212s][info][gc,heap     ] GC(320)      Free:      872M (43%)         790M (39%)        1350M (66%)        1702M (83%)        1702M (83%)         776M (38%)    
[108.212s][info][gc,heap     ] GC(320)      Used:     1176M (57%)        1258M (61%)         698M (34%)         346M (17%)        1272M (62%)         346M (17%)    
[108.212s][info][gc,heap     ] GC(320)      Live:         -               193M (9%)          193M (9%)          193M (9%)             -                  -          
[108.212s][info][gc,heap     ] GC(320) Allocated:         -                82M (4%)           98M (5%)          111M (5%)             -                  -          
[108.212s][info][gc,heap     ] GC(320)   Garbage:         -               982M (48%)         406M (20%)          41M (2%)             -                  -          
[108.212s][info][gc,heap     ] GC(320) Reclaimed:         -                  -               576M (28%)         941M (46%)            -                  -          
[108.212s][info][gc          ] GC(320) Garbage Collection (Allocation Stall) 1176M(57%)->346M(17%)
[108.308s][info][gc,start    ] GC(321) Garbage Collection (Allocation Rate)
[108.309s][info][gc,task     ] GC(321) Using 2 workers
[108.309s][info][gc,phases   ] GC(321) Pause Mark Start 0.011ms
[108.369s][info][gc,phases   ] GC(321) Concurrent Mark 60.115ms
[108.369s][info][gc,phases   ] GC(321) Pause Mark End 0.070ms
[108.369s][info][gc,phases   ] GC(321) Concurrent Mark Free 0.001ms
[108.384s][info][gc,phases   ] GC(321) Concurrent Process Non-Strong References 14.416ms
[108.384s][info][gc,phases   ] GC(321) Concurrent Reset Relocation Set 0.008ms
[108.386s][info][gc,phases   ] GC(321) Concurrent Select Relocation Set 2.336ms
[108.386s][info][gc,phases   ] GC(321) Pause Relocate Start 0.010ms
[108.388s][info][gc,phases   ] GC(321) Concurrent Relocate 1.610ms
[108.388s][info][gc,load     ] GC(321) Load: 0.00/0.00/0.00
[108.388s][info][gc,mmu      ] GC(321) MMU: 2ms/83.4%, 5ms/93.4%, 10ms/96.7%, 20ms/97.9%, 50ms/99.2%, 100ms/99.5%
[108.388s][info][gc,marking  ] GC(321) Mark: 2 stripe(s), 2 proactive flush(es), 1 terminate flush(es), 1 completion(s), 0 continuation(s) 
[108.388s][info][gc,marking  ] GC(321) Mark Stack Usage: 32M
[108.388s][info][gc,nmethod  ] GC(321) NMethods: 10952 registered, 9049 unregistered
[108.388s][info][gc,metaspace] GC(321) Metaspace: 155M used, 157M committed, 1216M reserved
[108.388s][info][gc,ref      ] GC(321) Soft: 3274 encountered, 0 discovered, 0 enqueued
[108.388s][info][gc,ref      ] GC(321) Weak: 15652 encountered, 4195 discovered, 581 enqueued
[108.388s][info][gc,ref      ] GC(321) Final: 52 encountered, 0 discovered, 0 enqueued
[108.388s][info][gc,ref      ] GC(321) Phantom: 600 encountered, 309 discovered, 0 enqueued
[108.388s][info][gc,reloc    ] GC(321) Small Pages: 83 / 166M, Empty: 2M, Relocated: 3M, In-Place: 0
[108.388s][info][gc,reloc    ] GC(321) Medium Pages: 6 / 192M, Empty: 32M, Relocated: 0M, In-Place: 0
[108.388s][info][gc,reloc    ] GC(321) Large Pages: 11 / 66M, Empty: 66M, Relocated: 0M, In-Place: 0
[108.388s][info][gc,reloc    ] GC(321) Forwarding Usage: 0M
[108.388s][info][gc,heap     ] GC(321) Min Capacity: 2048M(100%)
[108.388s][info][gc,heap     ] GC(321) Max Capacity: 2048M(100%)
[108.388s][info][gc,heap     ] GC(321) Soft Max Capacity: 2048M(100%)
[108.388s][info][gc,heap     ] GC(321)                Mark Start          Mark End        Relocate Start      Relocate End           High               Low         
[108.388s][info][gc,heap     ] GC(321)  Capacity:     2048M (100%)       2048M (100%)       2048M (100%)       2048M (100%)       2048M (100%)       2048M (100%)   
[108.388s][info][gc,heap     ] GC(321)      Free:     1624M (79%)        1544M (75%)        1620M (79%)        1706M (83%)        1706M (83%)        1520M (74%)    
[108.388s][info][gc,heap     ] GC(321)      Used:      424M (21%)         504M (25%)         428M (21%)         342M (17%)         528M (26%)         342M (17%)    
[108.388s][info][gc,heap     ] GC(321)      Live:         -               194M (9%)          194M (9%)          194M (9%)             -                  -          
[108.388s][info][gc,heap     ] GC(321) Allocated:         -                80M (4%)          104M (5%)          107M (5%)             -                  -          
[108.388s][info][gc,heap     ] GC(321)   Garbage:         -               229M (11%)         129M (6%)           39M (2%)             -                  -          
[108.388s][info][gc,heap     ] GC(321) Reclaimed:         -                  -               100M (5%)          189M (9%)             -                  -          
[108.388s][info][gc          ] GC(321) Garbage Collection (Allocation Rate) 424M(21%)->342M(17%)
[108.408s][info][gc,start    ] GC(322) Garbage Collection (Allocation Rate)
[108.408s][info][gc,task     ] GC(322) Using 2 workers
[108.409s][info][gc,phases   ] GC(322) Pause Mark Start 0.008ms
[108.468s][info][gc,phases   ] GC(322) Concurrent Mark 59.320ms
[108.468s][info][gc,phases   ] GC(322) Pause Mark End 0.029ms
[108.468s][info][gc,phases   ] GC(322) Concurrent Mark Free 0.001ms
[108.480s][info][gc,phases   ] GC(322) Concurrent Process Non-Strong References 11.942ms
[108.480s][info][gc,phases   ] GC(322) Concurrent Reset Relocation Set 0.005ms
[108.483s][info][gc,phases   ] GC(322) Concurrent Select Relocation Set 2.280ms
[108.483s][info][gc,phases   ] GC(322) Pause Relocate Start 0.011ms
[108.485s][info][gc,phases   ] GC(322) Concurrent Relocate 1.961ms
[108.485s][info][gc,load     ] GC(322) Load: 0.00/0.00/0.00
[108.485s][info][gc,mmu      ] GC(322) MMU: 2ms/83.4%, 5ms/93.4%, 10ms/96.7%, 20ms/97.9%, 50ms/99.2%, 100ms/99.5%
[108.485s][info][gc,marking  ] GC(322) Mark: 2 stripe(s), 2 proactive flush(es), 1 terminate flush(es), 0 completion(s), 0 continuation(s) 
[108.485s][info][gc,marking  ] GC(322) Mark Stack Usage: 32M
[108.485s][info][gc,nmethod  ] GC(322) NMethods: 10952 registered, 9050 unregistered
[108.485s][info][gc,metaspace] GC(322) Metaspace: 155M used, 157M committed, 1216M reserved
[108.485s][info][gc,ref      ] GC(322) Soft: 3268 encountered, 0 discovered, 0 enqueued
[108.485s][info][gc,ref      ] GC(322) Weak: 15290 encountered, 3120 discovered, 153 enqueued
[108.485s][info][gc,ref      ] GC(322) Final: 52 encountered, 0 discovered, 0 enqueued
[108.485s][info][gc,ref      ] GC(322) Phantom: 600 encountered, 373 discovered, 0 enqueued
[108.485s][info][gc,reloc    ] GC(322) Small Pages: 68 / 136M, Empty: 0M, Relocated: 2M, In-Place: 0
[108.485s][info][gc,reloc    ] GC(322) Medium Pages: 6 / 192M, Empty: 32M, Relocated: 0M, In-Place: 0
[108.485s][info][gc,reloc    ] GC(322) Large Pages: 4 / 24M, Empty: 24M, Relocated: 0M, In-Place: 0
[108.485s][info][gc,reloc    ] GC(322) Forwarding Usage: 0M
[108.485s][info][gc,heap     ] GC(322) Min Capacity: 2048M(100%)
[108.485s][info][gc,heap     ] GC(322) Max Capacity: 2048M(100%)
[108.485s][info][gc,heap     ] GC(322) Soft Max Capacity: 2048M(100%)
[108.485s][info][gc,heap     ] GC(322)                Mark Start          Mark End        Relocate Start      Relocate End           High               Low         
[108.485s][info][gc,heap     ] GC(322)  Capacity:     2048M (100%)       2048M (100%)       2048M (100%)       2048M (100%)       2048M (100%)       2048M (100%)   
[108.485s][info][gc,heap     ] GC(322)      Free:     1696M (83%)        1612M (79%)        1638M (80%)        1700M (83%)        1700M (83%)        1586M (77%)    
[108.485s][info][gc,heap     ] GC(322)      Used:      352M (17%)         436M (21%)         410M (20%)         348M (17%)         462M (23%)         348M (17%)    
[108.485s][info][gc,heap     ] GC(322)      Live:         -               193M (9%)          193M (9%)          193M (9%)             -                  -          
[108.485s][info][gc,heap     ] GC(322) Allocated:         -                84M (4%)          114M (6%)          115M (6%)             -                  -          
[108.485s][info][gc,heap     ] GC(322)   Garbage:         -               158M (8%)          102M (5%)           38M (2%)             -                  -          
[108.485s][info][gc,heap     ] GC(322) Reclaimed:         -                  -                56M (3%)          119M (6%)             -                  -          
[108.485s][info][gc          ] GC(322) Garbage Collection (Allocation Rate) 352M(17%)->348M(17%)
[109.110s][info][gc,start    ] GC(323) Garbage Collection (Allocation Rate)
[109.110s][info][gc,task     ] GC(323) Using 2 workers
[109.110s][info][gc,phases   ] GC(323) Pause Mark Start 0.011ms
[109.169s][info][gc,phases   ] GC(323) Concurrent Mark 58.340ms
[109.169s][info][gc,phases   ] GC(323) Pause Mark End 0.058ms
[109.169s][info][gc,phases   ] GC(323) Concurrent Mark Free 0.001ms
[109.184s][info][gc,phases   ] GC(323) Concurrent Process Non-Strong References 14.947ms
[109.184s][info][gc,phases   ] GC(323) Concurrent Reset Relocation Set 0.004ms
[109.186s][info][gc,phases   ] GC(323) Concurrent Select Relocation Set 2.179ms
[109.187s][info][gc,phases   ] GC(323) Pause Relocate Start 0.010ms
[109.189s][info][gc,phases   ] GC(323) Concurrent Relocate 2.291ms
[109.189s][info][gc,load     ] GC(323) Load: 0.00/0.00/0.00
[109.189s][info][gc,mmu      ] GC(323) MMU: 2ms/83.4%, 5ms/93.4%, 10ms/96.7%, 20ms/97.9%, 50ms/99.2%, 100ms/99.5%
[109.189s][info][gc,marking  ] GC(323) Mark: 2 stripe(s), 2 proactive flush(es), 1 terminate flush(es), 1 completion(s), 0 continuation(s) 
[109.189s][info][gc,marking  ] GC(323) Mark Stack Usage: 32M
[109.189s][info][gc,nmethod  ] GC(323) NMethods: 10951 registered, 9052 unregistered
[109.189s][info][gc,metaspace] GC(323) Metaspace: 155M used, 157M committed, 1216M reserved
[109.189s][info][gc,ref      ] GC(323) Soft: 3277 encountered, 0 discovered, 0 enqueued
[109.189s][info][gc,ref      ] GC(323) Weak: 17123 encountered, 4518 discovered, 2032 enqueued
[109.189s][info][gc,ref      ] GC(323) Final: 52 encountered, 0 discovered, 0 enqueued
[109.189s][info][gc,ref      ] GC(323) Phantom: 600 encountered, 373 discovered, 0 enqueued
[109.189s][info][gc,reloc    ] GC(323) Small Pages: 200 / 400M, Empty: 10M, Relocated: 4M, In-Place: 0
[109.189s][info][gc,reloc    ] GC(323) Medium Pages: 9 / 288M, Empty: 128M, Relocated: 0M, In-Place: 0
[109.189s][info][gc,reloc    ] GC(323) Large Pages: 41 / 246M, Empty: 246M, Relocated: 0M, In-Place: 0
[109.189s][info][gc,reloc    ] GC(323) Forwarding Usage: 0M
[109.189s][info][gc,heap     ] GC(323) Min Capacity: 2048M(100%)
[109.189s][info][gc,heap     ] GC(323) Max Capacity: 2048M(100%)
[109.189s][info][gc,heap     ] GC(323) Soft Max Capacity: 2048M(100%)
[109.189s][info][gc,heap     ] GC(323)                Mark Start          Mark End        Relocate Start      Relocate End           High               Low         
[109.189s][info][gc,heap     ] GC(323)  Capacity:     2048M (100%)       2048M (100%)       2048M (100%)       2048M (100%)       2048M (100%)       2048M (100%)   
[109.189s][info][gc,heap     ] GC(323)      Free:     1114M (54%)        1036M (51%)        1398M (68%)        1708M (83%)        1708M (83%)        1008M (49%)    
[109.189s][info][gc,heap     ] GC(323)      Used:      934M (46%)        1012M (49%)         650M (32%)         340M (17%)        1040M (51%)         340M (17%)    
[109.189s][info][gc,heap     ] GC(323)      Live:         -               196M (10%)         196M (10%)         196M (10%)            -                  -          
[109.189s][info][gc,heap     ] GC(323) Allocated:         -                78M (4%)          100M (5%)          101M (5%)             -                  -          
[109.189s][info][gc,heap     ] GC(323)   Garbage:         -               737M (36%)         353M (17%)          41M (2%)             -                  -          
[109.189s][info][gc,heap     ] GC(323) Reclaimed:         -                  -               384M (19%)         695M (34%)            -                  -          
[109.189s][info][gc          ] GC(323) Garbage Collection (Allocation Rate) 934M(46%)->340M(17%)
[109.322s][info][gc,start    ] GC(324) Garbage Collection (System.gc())
[109.322s][info][gc,task     ] GC(324) Using 2 workers
[109.322s][info][gc,phases   ] GC(324) Pause Mark Start 0.009ms
[109.379s][info][gc,phases   ] GC(324) Concurrent Mark 57.214ms
[109.379s][info][gc,phases   ] GC(324) Pause Mark End 0.031ms
[109.379s][info][gc,phases   ] GC(324) Concurrent Mark Free 0.003ms
[109.394s][info][gc,phases   ] GC(324) Concurrent Process Non-Strong References 14.565ms
[109.394s][info][gc,phases   ] GC(324) Concurrent Reset Relocation Set 0.011ms
[109.396s][info][gc,phases   ] GC(324) Concurrent Select Relocation Set 1.918ms
[109.396s][info][gc,phases   ] GC(324) Pause Relocate Start 0.007ms
[109.401s][info][gc,phases   ] GC(324) Concurrent Relocate 4.278ms
[109.401s][info][gc,load     ] GC(324) Load: 0.00/0.00/0.00
[109.401s][info][gc,mmu      ] GC(324) MMU: 2ms/83.4%, 5ms/93.4%, 10ms/96.7%, 20ms/97.9%, 50ms/99.2%, 100ms/99.5%
[109.401s][info][gc,marking  ] GC(324) Mark: 2 stripe(s), 2 proactive flush(es), 1 terminate flush(es), 0 completion(s), 0 continuation(s) 
[109.401s][info][gc,marking  ] GC(324) Mark Stack Usage: 32M
[109.401s][info][gc,nmethod  ] GC(324) NMethods: 10985 registered, 9061 unregistered
[109.401s][info][gc,metaspace] GC(324) Metaspace: 156M used, 157M committed, 1216M reserved
[109.401s][info][gc,ref      ] GC(324) Soft: 3486 encountered, 0 discovered, 0 enqueued
[109.401s][info][gc,ref      ] GC(324) Weak: 15834 encountered, 3541 discovered, 700 enqueued
[109.401s][info][gc,ref      ] GC(324) Final: 52 encountered, 0 discovered, 0 enqueued
[109.401s][info][gc,ref      ] GC(324) Phantom: 600 encountered, 382 discovered, 0 enqueued
[109.401s][info][gc,reloc    ] GC(324) Small Pages: 101 / 202M, Empty: 2M, Relocated: 6M, In-Place: 0
[109.401s][info][gc,reloc    ] GC(324) Medium Pages: 6 / 192M, Empty: 96M, Relocated: 0M, In-Place: 0
[109.401s][info][gc,reloc    ] GC(324) Large Pages: 7 / 42M, Empty: 42M, Relocated: 0M, In-Place: 0
[109.401s][info][gc,reloc    ] GC(324) Forwarding Usage: 2M
[109.401s][info][gc,heap     ] GC(324) Min Capacity: 2048M(100%)
[109.401s][info][gc,heap     ] GC(324) Max Capacity: 2048M(100%)
[109.401s][info][gc,heap     ] GC(324) Soft Max Capacity: 2048M(100%)
[109.401s][info][gc,heap     ] GC(324)                Mark Start          Mark End        Relocate Start      Relocate End           High               Low         
[109.401s][info][gc,heap     ] GC(324)  Capacity:     2048M (100%)       2048M (100%)       2048M (100%)       2048M (100%)       2048M (100%)       2048M (100%)   
[109.401s][info][gc,heap     ] GC(324)      Free:     1612M (79%)        1610M (79%)        1740M (85%)        1854M (91%)        1864M (91%)        1602M (78%)    
[109.401s][info][gc,heap     ] GC(324)      Used:      436M (21%)         438M (21%)         308M (15%)         194M (9%)          446M (22%)         184M (9%)     
[109.401s][info][gc,heap     ] GC(324)      Live:         -               131M (6%)          131M (6%)          131M (6%)             -                  -          
[109.401s][info][gc,heap     ] GC(324) Allocated:         -                 2M (0%)           12M (1%)           27M (1%)             -                  -          
[109.401s][info][gc,heap     ] GC(324)   Garbage:         -               304M (15%)         164M (8%)           34M (2%)             -                  -          
[109.401s][info][gc,heap     ] GC(324) Reclaimed:         -                  -               140M (7%)          269M (13%)            -                  -          
[109.401s][info][gc          ] GC(324) Garbage Collection (System.gc()) 436M(21%)->194M(9%)
[109.613s][info][gc,start    ] GC(325) Garbage Collection (Allocation Rate)
[109.613s][info][gc,task     ] GC(325) Using 2 workers
[109.614s][info][gc,phases   ] GC(325) Pause Mark Start 0.015ms
[109.739s][info][gc,phases   ] GC(325) Concurrent Mark 124.962ms
[109.739s][info][gc,phases   ] GC(325) Pause Mark End 0.031ms
[109.739s][info][gc,phases   ] GC(325) Concurrent Mark Free 0.002ms
[109.769s][info][gc,phases   ] GC(325) Concurrent Process Non-Strong References 30.219ms
[109.769s][info][gc,phases   ] GC(325) Concurrent Reset Relocation Set 0.005ms
[109.769s][info][gc          ] Allocation Stall (Executor task launch worker for task 4.0 in stage 2257.0 (TID 9034)) 23.273ms
[109.769s][info][gc          ] Allocation Stall (Executor task launch worker for task 3.0 in stage 2257.0 (TID 9033)) 23.689ms
[109.769s][info][gc          ] Allocation Stall (Executor task launch worker for task 1.0 in stage 2257.0 (TID 9031)) 23.478ms
[109.769s][info][gc          ] Allocation Stall (Executor task launch worker for task 2.0 in stage 2257.0 (TID 9032)) 22.346ms
[109.769s][info][gc          ] Allocation Stall (Executor task launch worker for task 0.0 in stage 2257.0 (TID 9030)) 22.007ms
[109.769s][info][gc          ] Allocation Stall (dispatcher-BlockManagerEndpoint1) 0.066ms
[109.774s][info][gc,phases   ] GC(325) Concurrent Select Relocation Set 5.131ms
[109.775s][info][gc,phases   ] GC(325) Pause Relocate Start 0.014ms
[109.791s][info][gc,phases   ] GC(325) Concurrent Relocate 16.413ms
[109.791s][info][gc,load     ] GC(325) Load: 0.00/0.00/0.00
[109.791s][info][gc,mmu      ] GC(325) MMU: 2ms/83.4%, 5ms/93.4%, 10ms/96.7%, 20ms/97.9%, 50ms/99.2%, 100ms/99.5%
[109.791s][info][gc,marking  ] GC(325) Mark: 2 stripe(s), 2 proactive flush(es), 1 terminate flush(es), 0 completion(s), 0 continuation(s) 
[109.791s][info][gc,marking  ] GC(325) Mark Stack Usage: 32M
[109.791s][info][gc,nmethod  ] GC(325) NMethods: 10991 registered, 9068 unregistered
[109.791s][info][gc,metaspace] GC(325) Metaspace: 156M used, 157M committed, 1216M reserved
[109.791s][info][gc,ref      ] GC(325) Soft: 3552 encountered, 0 discovered, 0 enqueued
[109.791s][info][gc,ref      ] GC(325) Weak: 15496 encountered, 2846 discovered, 205 enqueued
[109.791s][info][gc,ref      ] GC(325) Final: 52 encountered, 0 discovered, 0 enqueued
[109.791s][info][gc,ref      ] GC(325) Phantom: 600 encountered, 390 discovered, 0 enqueued
[109.791s][info][gc,reloc    ] GC(325) Small Pages: 514 / 1028M, Empty: 802M, Relocated: 5M, In-Place: 0
[109.791s][info][gc,reloc    ] GC(325) Medium Pages: 5 / 160M, Empty: 0M, Relocated: 24M, In-Place: 0
[109.791s][info][gc,reloc    ] GC(325) Large Pages: 6 / 36M, Empty: 36M, Relocated: 0M, In-Place: 0
[109.791s][info][gc,reloc    ] GC(325) Forwarding Usage: 1M
[109.791s][info][gc,heap     ] GC(325) Min Capacity: 2048M(100%)
[109.791s][info][gc,heap     ] GC(325) Max Capacity: 2048M(100%)
[109.791s][info][gc,heap     ] GC(325) Soft Max Capacity: 2048M(100%)
[109.791s][info][gc,heap     ] GC(325)                Mark Start          Mark End        Relocate Start      Relocate End           High               Low         
[109.791s][info][gc,heap     ] GC(325)  Capacity:     2048M (100%)       2048M (100%)       2048M (100%)       2048M (100%)       2048M (100%)       2048M (100%)   
[109.791s][info][gc,heap     ] GC(325)      Free:      824M (40%)          28M (1%)          804M (39%)         920M (45%)         942M (46%)           0M (0%)     
[109.791s][info][gc,heap     ] GC(325)      Used:     1224M (60%)        2020M (99%)        1244M (61%)        1128M (55%)        2048M (100%)       1106M (54%)    
[109.791s][info][gc,heap     ] GC(325)      Live:         -               145M (7%)          145M (7%)          145M (7%)             -                  -          
[109.791s][info][gc,heap     ] GC(325) Allocated:         -               796M (39%)         858M (42%)         957M (47%)            -                  -          
[109.791s][info][gc,heap     ] GC(325)   Garbage:         -              1078M (53%)         240M (12%)          25M (1%)             -                  -          
[109.791s][info][gc,heap     ] GC(325) Reclaimed:         -                  -               838M (41%)        1053M (51%)            -                  -          
[109.791s][info][gc          ] GC(325) Garbage Collection (Allocation Rate) 1224M(60%)->1128M(55%)
[109.812s][info][gc,start    ] GC(326) Garbage Collection (Allocation Stall)
[109.813s][info][gc,ref      ] GC(326) Clearing All SoftReferences
[109.813s][info][gc,task     ] GC(326) Using 2 workers
[109.813s][info][gc,ref      ] GC(326) Clearing All SoftReferences
[109.813s][info][gc,phases   ] GC(326) Pause Mark Start 0.076ms
[109.875s][info][gc,phases   ] GC(326) Concurrent Mark 62.206ms
[109.875s][info][gc,phases   ] GC(326) Pause Mark End 0.149ms
[109.875s][info][gc,phases   ] GC(326) Concurrent Mark Free 0.001ms
[109.906s][info][gc,phases   ] GC(326) Concurrent Process Non-Strong References 30.876ms
[109.906s][info][gc,phases   ] GC(326) Concurrent Reset Relocation Set 0.008ms
[109.909s][info][gc,phases   ] GC(326) Concurrent Select Relocation Set 2.195ms
[109.909s][info][gc,phases   ] GC(326) Pause Relocate Start 0.011ms
[109.928s][info][gc,phases   ] GC(326) Concurrent Relocate 18.975ms
[109.928s][info][gc,load     ] GC(326) Load: 0.00/0.00/0.00
[109.928s][info][gc,mmu      ] GC(326) MMU: 2ms/83.4%, 5ms/93.4%, 10ms/96.7%, 20ms/97.9%, 50ms/99.2%, 100ms/99.5%
[109.928s][info][gc,marking  ] GC(326) Mark: 2 stripe(s), 2 proactive flush(es), 1 terminate flush(es), 1 completion(s), 0 continuation(s) 
[109.928s][info][gc,marking  ] GC(326) Mark Stack Usage: 32M
[109.928s][info][gc,nmethod  ] GC(326) NMethods: 10991 registered, 9068 unregistered
[109.928s][info][gc,metaspace] GC(326) Metaspace: 155M used, 157M committed, 1216M reserved
[109.928s][info][gc,ref      ] GC(326) Soft: 3486 encountered, 2718 discovered, 216 enqueued
[109.928s][info][gc,ref      ] GC(326) Weak: 15231 encountered, 2918 discovered, 49 enqueued
[109.928s][info][gc,ref      ] GC(326) Final: 52 encountered, 0 discovered, 0 enqueued
[109.928s][info][gc,ref      ] GC(326) Phantom: 600 encountered, 367 discovered, 0 enqueued
[109.928s][info][gc,reloc    ] GC(326) Small Pages: 455 / 910M, Empty: 596M, Relocated: 6M, In-Place: 0
[109.928s][info][gc,reloc    ] GC(326) Medium Pages: 9 / 288M, Empty: 0M, Relocated: 51M, In-Place: 0
[109.928s][info][gc,reloc    ] GC(326) Large Pages: 0 / 0M, Empty: 0M, Relocated: 0M, In-Place: 0
[109.928s][info][gc,reloc    ] GC(326) Forwarding Usage: 1M
[109.928s][info][gc,heap     ] GC(326) Min Capacity: 2048M(100%)
[109.928s][info][gc,heap     ] GC(326) Max Capacity: 2048M(100%)
[109.928s][info][gc,heap     ] GC(326) Soft Max Capacity: 2048M(100%)
[109.928s][info][gc,heap     ] GC(326)                Mark Start          Mark End        Relocate Start      Relocate End           High               Low         
[109.928s][info][gc,heap     ] GC(326)  Capacity:     2048M (100%)       2048M (100%)       2048M (100%)       2048M (100%)       2048M (100%)       2048M (100%)   
[109.928s][info][gc,heap     ] GC(326)      Free:      850M (42%)         760M (37%)        1346M (66%)        1702M (83%)        1702M (83%)         750M (37%)    
[109.928s][info][gc,heap     ] GC(326)      Used:     1198M (58%)        1288M (63%)         702M (34%)         346M (17%)        1298M (63%)         346M (17%)    
[109.928s][info][gc,heap     ] GC(326)      Live:         -               194M (9%)          194M (9%)          194M (9%)             -                  -          
[109.928s][info][gc,heap     ] GC(326) Allocated:         -                90M (4%)          100M (5%)          111M (5%)             -                  -          
[109.928s][info][gc,heap     ] GC(326)   Garbage:         -              1003M (49%)         407M (20%)          39M (2%)             -                  -          
[109.928s][info][gc,heap     ] GC(326) Reclaimed:         -                  -               596M (29%)         963M (47%)            -                  -          
[109.928s][info][gc          ] GC(326) Garbage Collection (Allocation Stall) 1198M(58%)->346M(17%)
[110.013s][info][gc,start    ] GC(327) Garbage Collection (Allocation Rate)
[110.013s][info][gc,task     ] GC(327) Using 2 workers
[110.013s][info][gc,phases   ] GC(327) Pause Mark Start 0.013ms
[110.073s][info][gc,phases   ] GC(327) Concurrent Mark 59.711ms
[110.073s][info][gc,phases   ] GC(327) Pause Mark End 0.073ms
[110.073s][info][gc,phases   ] GC(327) Concurrent Mark Free 0.001ms
[110.086s][info][gc,phases   ] GC(327) Concurrent Process Non-Strong References 12.139ms
[110.086s][info][gc,phases   ] GC(327) Concurrent Reset Relocation Set 0.006ms
[110.088s][info][gc,phases   ] GC(327) Concurrent Select Relocation Set 2.183ms
[110.088s][info][gc,phases   ] GC(327) Pause Relocate Start 0.010ms
[110.092s][info][gc,phases   ] GC(327) Concurrent Relocate 4.385ms
[110.092s][info][gc,load     ] GC(327) Load: 0.00/0.00/0.00
[110.092s][info][gc,mmu      ] GC(327) MMU: 2ms/83.4%, 5ms/93.4%, 10ms/96.7%, 20ms/97.9%, 50ms/99.2%, 100ms/99.5%
[110.092s][info][gc,marking  ] GC(327) Mark: 2 stripe(s), 2 proactive flush(es), 1 terminate flush(es), 1 completion(s), 0 continuation(s) 
[110.092s][info][gc,marking  ] GC(327) Mark Stack Usage: 32M
[110.092s][info][gc,nmethod  ] GC(327) NMethods: 10991 registered, 9068 unregistered
[110.092s][info][gc,metaspace] GC(327) Metaspace: 155M used, 157M committed, 1216M reserved
[110.092s][info][gc,ref      ] GC(327) Soft: 3270 encountered, 0 discovered, 0 enqueued
[110.093s][info][gc,ref      ] GC(327) Weak: 15576 encountered, 2961 discovered, 437 enqueued
[110.093s][info][gc,ref      ] GC(327) Final: 52 encountered, 0 discovered, 0 enqueued
[110.093s][info][gc,ref      ] GC(327) Phantom: 600 encountered, 371 discovered, 0 enqueued
[110.093s][info][gc,reloc    ] GC(327) Small Pages: 82 / 164M, Empty: 4M, Relocated: 3M, In-Place: 0
[110.093s][info][gc,reloc    ] GC(327) Medium Pages: 6 / 192M, Empty: 0M, Relocated: 21M, In-Place: 0
[110.093s][info][gc,reloc    ] GC(327) Large Pages: 10 / 60M, Empty: 60M, Relocated: 0M, In-Place: 0
[110.093s][info][gc,reloc    ] GC(327) Forwarding Usage: 0M
[110.093s][info][gc,heap     ] GC(327) Min Capacity: 2048M(100%)
[110.093s][info][gc,heap     ] GC(327) Max Capacity: 2048M(100%)
[110.093s][info][gc,heap     ] GC(327) Soft Max Capacity: 2048M(100%)
[110.093s][info][gc,heap     ] GC(327)                Mark Start          Mark End        Relocate Start      Relocate End           High               Low         
[110.093s][info][gc,heap     ] GC(327)  Capacity:     2048M (100%)       2048M (100%)       2048M (100%)       2048M (100%)       2048M (100%)       2048M (100%)   
[110.093s][info][gc,heap     ] GC(327)      Free:     1632M (80%)        1548M (76%)        1596M (78%)        1706M (83%)        1706M (83%)        1534M (75%)    
[110.093s][info][gc,heap     ] GC(327)      Used:      416M (20%)         500M (24%)         452M (22%)         342M (17%)         514M (25%)         342M (17%)    
[110.093s][info][gc,heap     ] GC(327)      Live:         -               194M (9%)          194M (9%)          194M (9%)             -                  -          
[110.093s][info][gc,heap     ] GC(327) Allocated:         -                84M (4%)          100M (5%)          109M (5%)             -                  -          
[110.093s][info][gc,heap     ] GC(327)   Garbage:         -               221M (11%)         157M (8%)           37M (2%)             -                  -          
[110.093s][info][gc,heap     ] GC(327) Reclaimed:         -                  -                64M (3%)          183M (9%)             -                  -          
[110.093s][info][gc          ] GC(327) Garbage Collection (Allocation Rate) 416M(20%)->342M(17%)
[110.104s][info][gc,stats    ] === Garbage Collection Statistics =======================================================================================================================
[110.104s][info][gc,stats    ]                                                              Last 10s              Last 10m              Last 10h                Total
[110.104s][info][gc,stats    ]                                                              Avg / Max             Avg / Max             Avg / Max             Avg / Max
[110.104s][info][gc,stats    ]   Collector: Garbage Collection Cycle                     97.116 / 178.211      95.017 / 235.178      95.017 / 235.178      95.017 / 235.178     ms
[110.104s][info][gc,stats    ]  Contention: Mark Segment Reset Contention                     4 / 24                3 / 51                3 / 51                3 / 51          ops/s
[110.104s][info][gc,stats    ]  Contention: Mark SeqNum Reset Contention                      0 / 2                 0 / 3                 0 / 3                 0 / 3           ops/s
[110.104s][info][gc,stats    ]    Critical: Allocation Stall                                  3 / 7                 2 / 8                 2 / 8                 2 / 8           ops/s
[110.104s][info][gc,stats    ]    Critical: Allocation Stall                             30.157 / 54.652       41.344 / 93.951       41.344 / 93.951       41.344 / 93.951      ms
[110.104s][info][gc,stats    ]    Critical: GC Locker Stall                                   0 / 1                 0 / 2                 0 / 2                 0 / 2           ops/s
[110.104s][info][gc,stats    ]    Critical: GC Locker Stall                               0.010 / 0.020         0.018 / 0.041         0.018 / 0.041         0.018 / 0.041       ms
[110.104s][info][gc,stats    ]    Critical: Relocation Stall                                  0 / 0                 0 / 0                 0 / 0                 0 / 0           ops/s
[110.104s][info][gc,stats    ]    Critical: Relocation Stall                              0.000 / 0.000         0.000 / 0.000         0.000 / 0.000         0.000 / 0.000       ms
[110.104s][info][gc,stats    ]      Memory: Allocation Rate                                2006 / 2714           1621 / 3030           1621 / 3030           1621 / 3030        MB/s
[110.104s][info][gc,stats    ]      Memory: Defragment                                       74 / 139              46 / 139              46 / 139              46 / 139         ops/s
[110.104s][info][gc,stats    ]      Memory: Out Of Memory                                     0 / 0                 0 / 0                 0 / 0                 0 / 0           ops/s
[110.104s][info][gc,stats    ]      Memory: Page Cache Flush                                314 / 454             213 / 468             213 / 468             213 / 468         MB/s
[110.104s][info][gc,stats    ]      Memory: Page Cache Hit L1                               700 / 995             562 / 1168            562 / 1168            562 / 1168        ops/s
[110.104s][info][gc,stats    ]      Memory: Page Cache Hit L2                                 0 / 0                 0 / 0                 0 / 0                 0 / 0           ops/s
[110.104s][info][gc,stats    ]      Memory: Page Cache Hit L3                                65 / 114              51 / 265              51 / 265              51 / 265         ops/s
[110.104s][info][gc,stats    ]      Memory: Page Cache Miss                                  11 / 20                7 / 24                7 / 24                7 / 24          ops/s
[110.104s][info][gc,stats    ]      Memory: Uncommit                                          0 / 0                 0 / 0                 0 / 0                 0 / 0           MB/s
[110.104s][info][gc,stats    ]      Memory: Undo Object Allocation Failed                     0 / 2                 0 / 5                 0 / 5                 0 / 5           ops/s
[110.104s][info][gc,stats    ]      Memory: Undo Object Allocation Succeeded                 69 / 602              78 / 2789             78 / 2789             78 / 2789        ops/s
[110.104s][info][gc,stats    ]      Memory: Undo Page Allocation                              3 / 8                 3 / 12                3 / 12                3 / 12          ops/s
[110.104s][info][gc,stats    ]       Phase: Concurrent Mark                              61.388 / 124.962      59.974 / 160.845      59.974 / 160.845      59.974 / 160.845     ms
[110.104s][info][gc,stats    ]       Phase: Concurrent Mark Continue                      0.000 / 0.000        15.071 / 15.112       15.071 / 15.112       15.071 / 15.112      ms
[110.105s][info][gc,stats    ]       Phase: Concurrent Mark Free                          0.002 / 0.003         0.002 / 0.005         0.002 / 0.005         0.002 / 0.005       ms
[110.105s][info][gc,stats    ]       Phase: Concurrent Process Non-Strong References     24.183 / 39.931       23.891 / 63.816       23.891 / 63.816       23.891 / 63.816      ms
[110.105s][info][gc,stats    ]       Phase: Concurrent Relocate                           7.631 / 26.913        7.360 / 78.506        7.360 / 78.506        7.360 / 78.506      ms
[110.105s][info][gc,stats    ]       Phase: Concurrent Reset Relocation Set               0.007 / 0.012         0.006 / 0.023         0.006 / 0.023         0.006 / 0.023       ms
[110.105s][info][gc,stats    ]       Phase: Concurrent Select Relocation Set              2.660 / 6.805         2.496 / 6.805         2.496 / 6.805         2.496 / 6.805       ms
[110.105s][info][gc,stats    ]       Phase: Pause Mark End                                0.060 / 0.236         0.052 / 0.331         0.052 / 0.331         0.052 / 0.331       ms
[110.105s][info][gc,stats    ]       Phase: Pause Mark Start                              0.019 / 0.077         0.016 / 0.077         0.016 / 0.077         0.016 / 0.077       ms
[110.105s][info][gc,stats    ]       Phase: Pause Relocate Start                          0.010 / 0.020         0.010 / 0.086         0.010 / 0.086         0.010 / 0.086       ms
[110.105s][info][gc,stats    ]    Subphase: Concurrent Classes Purge                      0.401 / 9.707         0.168 / 9.707         0.168 / 9.707         0.168 / 9.707       ms
[110.105s][info][gc,stats    ]    Subphase: Concurrent Classes Unlink                    21.902 / 37.420       21.408 / 38.983       21.408 / 38.983       21.408 / 38.983      ms
[110.105s][info][gc,stats    ]    Subphase: Concurrent Mark                              51.656 / 119.383      49.845 / 147.243      49.845 / 147.243      49.845 / 147.243     ms
[110.105s][info][gc,stats    ]    Subphase: Concurrent Mark Try Flush                     0.351 / 15.712        0.536 / 29.293        0.536 / 29.293        0.536 / 29.293      ms
[110.105s][info][gc,stats    ]    Subphase: Concurrent Mark Try Terminate                 3.838 / 19.948        3.453 / 22.417        3.453 / 22.417        3.453 / 22.417      ms
[110.105s][info][gc,stats    ]    Subphase: Concurrent References Enqueue                 0.006 / 0.009         0.005 / 0.017         0.005 / 0.017         0.005 / 0.017       ms
[110.105s][info][gc,stats    ]    Subphase: Concurrent References Process                 0.368 / 0.627         0.471 / 1.136         0.471 / 1.136         0.471 / 1.136       ms
[110.105s][info][gc,stats    ]    Subphase: Concurrent Roots ClassLoaderDataGraph         0.220 / 0.595         0.206 / 0.595         0.206 / 0.595         0.206 / 0.595       ms
[110.105s][info][gc,stats    ]    Subphase: Concurrent Roots CodeCache                    0.000 / 0.000         0.000 / 0.000         0.000 / 0.000         0.000 / 0.000       ms
[110.105s][info][gc,stats    ]    Subphase: Concurrent Roots JavaThreads                  4.473 / 5.667         4.828 / 13.179        4.828 / 13.179        4.828 / 13.179      ms
[110.105s][info][gc,stats    ]    Subphase: Concurrent Roots OopStorageSet                0.069 / 0.307         0.066 / 0.307         0.066 / 0.307         0.066 / 0.307       ms
[110.105s][info][gc,stats    ]    Subphase: Concurrent Weak Roots OopStorageSet           1.104 / 1.730         1.016 / 2.128         1.016 / 2.128         1.016 / 2.128       ms
[110.105s][info][gc,stats    ]    Subphase: Pause Mark Try Complete                       0.028 / 0.153         0.020 / 0.234         0.020 / 0.234         0.020 / 0.234       ms
[110.105s][info][gc,stats    ]      System: Java Threads                                    284 / 285             272 / 286             272 / 286             272 / 286         threads
[110.105s][info][gc,stats    ] =========================================================================================================================================================
[110.105s][info][gc,start    ] GC(328) Garbage Collection (Allocation Rate)
[110.105s][info][gc,task     ] GC(328) Using 2 workers
[110.105s][info][gc,phases   ] GC(328) Pause Mark Start 0.006ms
[110.164s][info][gc,phases   ] GC(328) Concurrent Mark 58.821ms
[110.164s][info][gc,phases   ] GC(328) Pause Mark End 0.058ms
[110.164s][info][gc,phases   ] GC(328) Concurrent Mark Free 0.001ms
[110.178s][info][gc,phases   ] GC(328) Concurrent Process Non-Strong References 13.639ms
[110.178s][info][gc,phases   ] GC(328) Concurrent Reset Relocation Set 0.004ms
[110.180s][info][gc,phases   ] GC(328) Concurrent Select Relocation Set 2.275ms
[110.180s][info][gc,phases   ] GC(328) Pause Relocate Start 0.009ms
[110.182s][info][gc,phases   ] GC(328) Concurrent Relocate 1.324ms
[110.182s][info][gc,load     ] GC(328) Load: 0.00/0.00/0.00
[110.182s][info][gc,mmu      ] GC(328) MMU: 2ms/83.4%, 5ms/93.4%, 10ms/96.7%, 20ms/97.9%, 50ms/99.2%, 100ms/99.5%
[110.182s][info][gc,marking  ] GC(328) Mark: 2 stripe(s), 2 proactive flush(es), 1 terminate flush(es), 1 completion(s), 0 continuation(s) 
[110.182s][info][gc,marking  ] GC(328) Mark Stack Usage: 32M
[110.182s][info][gc,nmethod  ] GC(328) NMethods: 10991 registered, 9068 unregistered
[110.182s][info][gc,metaspace] GC(328) Metaspace: 155M used, 157M committed, 1216M reserved
[110.182s][info][gc,ref      ] GC(328) Soft: 3274 encountered, 0 discovered, 0 enqueued
[110.182s][info][gc,ref      ] GC(328) Weak: 15361 encountered, 2836 discovered, 296 enqueued
[110.182s][info][gc,ref      ] GC(328) Final: 52 encountered, 0 discovered, 0 enqueued
[110.182s][info][gc,ref      ] GC(328) Phantom: 600 encountered, 331 discovered, 0 enqueued
[110.182s][info][gc,reloc    ] GC(328) Small Pages: 68 / 136M, Empty: 0M, Relocated: 3M, In-Place: 0
[110.182s][info][gc,reloc    ] GC(328) Medium Pages: 6 / 192M, Empty: 32M, Relocated: 0M, In-Place: 0
[110.182s][info][gc,reloc    ] GC(328) Large Pages: 5 / 30M, Empty: 30M, Relocated: 0M, In-Place: 0
[110.182s][info][gc,reloc    ] GC(328) Forwarding Usage: 0M
[110.182s][info][gc,heap     ] GC(328) Min Capacity: 2048M(100%)
[110.182s][info][gc,heap     ] GC(328) Max Capacity: 2048M(100%)
[110.182s][info][gc,heap     ] GC(328) Soft Max Capacity: 2048M(100%)
[110.182s][info][gc,heap     ] GC(328)                Mark Start          Mark End        Relocate Start      Relocate End           High               Low         
[110.182s][info][gc,heap     ] GC(328)  Capacity:     2048M (100%)       2048M (100%)       2048M (100%)       2048M (100%)       2048M (100%)       2048M (100%)   
[110.182s][info][gc,heap     ] GC(328)      Free:     1690M (83%)        1608M (79%)        1650M (81%)        1712M (84%)        1712M (84%)        1588M (78%)    
[110.182s][info][gc,heap     ] GC(328)      Used:      358M (17%)         440M (21%)         398M (19%)         336M (16%)         460M (22%)         336M (16%)    
[110.182s][info][gc,heap     ] GC(328)      Live:         -               194M (9%)          194M (9%)          194M (9%)             -                  -          
[110.182s][info][gc,heap     ] GC(328) Allocated:         -                82M (4%)          102M (5%)          103M (5%)             -                  -          
[110.182s][info][gc,heap     ] GC(328)   Garbage:         -               163M (8%)          101M (5%)           37M (2%)             -                  -          
[110.182s][info][gc,heap     ] GC(328) Reclaimed:         -                  -                62M (3%)          125M (6%)             -                  -          
[110.182s][info][gc          ] GC(328) Garbage Collection (Allocation Rate) 358M(17%)->336M(16%)
[110.818s][info][gc,start    ] GC(329) Garbage Collection (Allocation Rate)
[110.819s][info][gc,task     ] GC(329) Using 2 workers
[110.819s][info][gc,phases   ] GC(329) Pause Mark Start 0.011ms
[110.881s][info][gc,phases   ] GC(329) Concurrent Mark 62.518ms
[110.882s][info][gc,phases   ] GC(329) Pause Mark End 0.080ms
[110.882s][info][gc,phases   ] GC(329) Concurrent Mark Free 0.001ms
[110.894s][info][gc,phases   ] GC(329) Concurrent Process Non-Strong References 11.978ms
[110.894s][info][gc,phases   ] GC(329) Concurrent Reset Relocation Set 0.004ms
[110.897s][info][gc,phases   ] GC(329) Concurrent Select Relocation Set 3.050ms
[110.897s][info][gc,phases   ] GC(329) Pause Relocate Start 0.012ms
[110.898s][info][gc,phases   ] GC(329) Concurrent Relocate 1.280ms
[110.898s][info][gc,load     ] GC(329) Load: 0.00/0.00/0.00
[110.898s][info][gc,mmu      ] GC(329) MMU: 2ms/83.4%, 5ms/93.4%, 10ms/96.7%, 20ms/97.9%, 50ms/99.2%, 100ms/99.5%
[110.898s][info][gc,marking  ] GC(329) Mark: 2 stripe(s), 2 proactive flush(es), 1 terminate flush(es), 1 completion(s), 0 continuation(s) 
[110.898s][info][gc,marking  ] GC(329) Mark Stack Usage: 32M
[110.898s][info][gc,nmethod  ] GC(329) NMethods: 10991 registered, 9069 unregistered
[110.898s][info][gc,metaspace] GC(329) Metaspace: 155M used, 157M committed, 1216M reserved
[110.898s][info][gc,ref      ] GC(329) Soft: 3270 encountered, 0 discovered, 0 enqueued
[110.898s][info][gc,ref      ] GC(329) Weak: 17048 encountered, 4478 discovered, 1889 enqueued
[110.898s][info][gc,ref      ] GC(329) Final: 52 encountered, 0 discovered, 0 enqueued
[110.898s][info][gc,ref      ] GC(329) Phantom: 600 encountered, 368 discovered, 0 enqueued
[110.898s][info][gc,reloc    ] GC(329) Small Pages: 197 / 394M, Empty: 2M, Relocated: 3M, In-Place: 0
[110.898s][info][gc,reloc    ] GC(329) Medium Pages: 9 / 288M, Empty: 128M, Relocated: 0M, In-Place: 0
[110.898s][info][gc,reloc    ] GC(329) Large Pages: 40 / 240M, Empty: 240M, Relocated: 0M, In-Place: 0
[110.898s][info][gc,reloc    ] GC(329) Forwarding Usage: 0M
[110.898s][info][gc,heap     ] GC(329) Min Capacity: 2048M(100%)
[110.898s][info][gc,heap     ] GC(329) Max Capacity: 2048M(100%)
[110.898s][info][gc,heap     ] GC(329) Soft Max Capacity: 2048M(100%)
[110.898s][info][gc,heap     ] GC(329)                Mark Start          Mark End        Relocate Start      Relocate End           High               Low         
[110.898s][info][gc,heap     ] GC(329)  Capacity:     2048M (100%)       2048M (100%)       2048M (100%)       2048M (100%)       2048M (100%)       2048M (100%)   
[110.898s][info][gc,heap     ] GC(329)      Free:     1126M (55%)        1042M (51%)        1396M (68%)        1708M (83%)        1708M (83%)        1028M (50%)    
[110.898s][info][gc,heap     ] GC(329)      Used:      922M (45%)        1006M (49%)         652M (32%)         340M (17%)        1020M (50%)         340M (17%)    
[110.898s][info][gc,heap     ] GC(329)      Live:         -               196M (10%)         196M (10%)         196M (10%)            -                  -          
[110.898s][info][gc,heap     ] GC(329) Allocated:         -                84M (4%)          100M (5%)          101M (5%)             -                  -          
[110.899s][info][gc,heap     ] GC(329)   Garbage:         -               725M (35%)         355M (17%)          41M (2%)             -                  -          
[110.899s][info][gc,heap     ] GC(329) Reclaimed:         -                  -               370M (18%)         683M (33%)            -                  -          
[110.899s][info][gc          ] GC(329) Garbage Collection (Allocation Rate) 922M(45%)->340M(17%)
[111.057s][info][gc,start    ] GC(330) Garbage Collection (System.gc())
[111.057s][info][gc,task     ] GC(330) Using 2 workers
[111.057s][info][gc,phases   ] GC(330) Pause Mark Start 0.010ms
[111.115s][info][gc,phases   ] GC(330) Concurrent Mark 57.609ms
[111.115s][info][gc,phases   ] GC(330) Pause Mark End 0.048ms
[111.115s][info][gc,phases   ] GC(330) Concurrent Mark Free 0.003ms
[111.129s][info][gc,phases   ] GC(330) Concurrent Process Non-Strong References 13.667ms
[111.129s][info][gc,phases   ] GC(330) Concurrent Reset Relocation Set 0.013ms
[111.131s][info][gc,phases   ] GC(330) Concurrent Select Relocation Set 2.252ms
[111.132s][info][gc,phases   ] GC(330) Pause Relocate Start 0.011ms
[111.134s][info][gc,phases   ] GC(330) Concurrent Relocate 2.808ms
[111.134s][info][gc,load     ] GC(330) Load: 0.00/0.00/0.00
[111.135s][info][gc,mmu      ] GC(330) MMU: 2ms/83.4%, 5ms/93.4%, 10ms/96.7%, 20ms/97.9%, 50ms/99.2%, 100ms/99.5%
[111.135s][info][gc,marking  ] GC(330) Mark: 2 stripe(s), 1 proactive flush(es), 1 terminate flush(es), 0 completion(s), 0 continuation(s) 
[111.135s][info][gc,marking  ] GC(330) Mark Stack Usage: 32M
[111.135s][info][gc,nmethod  ] GC(330) NMethods: 10991 registered, 9071 unregistered
[111.135s][info][gc,metaspace] GC(330) Metaspace: 156M used, 157M committed, 1216M reserved
[111.135s][info][gc,ref      ] GC(330) Soft: 3486 encountered, 0 discovered, 0 enqueued
[111.135s][info][gc,ref      ] GC(330) Weak: 15977 encountered, 3412 discovered, 843 enqueued
[111.135s][info][gc,ref      ] GC(330) Final: 52 encountered, 0 discovered, 0 enqueued
[111.135s][info][gc,ref      ] GC(330) Phantom: 600 encountered, 373 discovered, 0 enqueued
[111.135s][info][gc,reloc    ] GC(330) Small Pages: 110 / 220M, Empty: 0M, Relocated: 4M, In-Place: 0
[111.135s][info][gc,reloc    ] GC(330) Medium Pages: 6 / 192M, Empty: 96M, Relocated: 0M, In-Place: 0
[111.135s][info][gc,reloc    ] GC(330) Large Pages: 9 / 54M, Empty: 54M, Relocated: 0M, In-Place: 0
[111.135s][info][gc,reloc    ] GC(330) Forwarding Usage: 1M
[111.135s][info][gc,heap     ] GC(330) Min Capacity: 2048M(100%)
[111.135s][info][gc,heap     ] GC(330) Max Capacity: 2048M(100%)
[111.135s][info][gc,heap     ] GC(330) Soft Max Capacity: 2048M(100%)
[111.135s][info][gc,heap     ] GC(330)                Mark Start          Mark End        Relocate Start      Relocate End           High               Low         
[111.135s][info][gc,heap     ] GC(330)  Capacity:     2048M (100%)       2048M (100%)       2048M (100%)       2048M (100%)       2048M (100%)       2048M (100%)   
[111.135s][info][gc,heap     ] GC(330)      Free:     1582M (77%)        1582M (77%)        1718M (84%)        1856M (91%)        1862M (91%)        1572M (77%)    
[111.135s][info][gc,heap     ] GC(330)      Used:      466M (23%)         466M (23%)         330M (16%)         192M (9%)          476M (23%)         186M (9%)     
[111.135s][info][gc,heap     ] GC(330)      Live:         -               130M (6%)          130M (6%)          130M (6%)             -                  -          
[111.135s][info][gc,heap     ] GC(330) Allocated:         -                 0M (0%)           14M (1%)           23M (1%)             -                  -          
[111.135s][info][gc,heap     ] GC(330)   Garbage:         -               335M (16%)         185M (9%)           37M (2%)             -                  -          
[111.135s][info][gc,heap     ] GC(330) Reclaimed:         -                  -               150M (7%)          297M (15%)            -                  -          
[111.135s][info][gc          ] GC(330) Garbage Collection (System.gc()) 466M(23%)->192M(9%)
[111.409s][info][gc,start    ] GC(331) Garbage Collection (Allocation Rate)
[111.409s][info][gc,task     ] GC(331) Using 2 workers
[111.409s][info][gc,phases   ] GC(331) Pause Mark Start 0.010ms
[111.488s][info][gc,phases   ] GC(331) Concurrent Mark 78.285ms
[111.488s][info][gc,phases   ] GC(331) Pause Mark End 0.032ms
[111.488s][info][gc,phases   ] GC(331) Concurrent Mark Free 0.003ms
[111.518s][info][gc,phases   ] GC(331) Concurrent Process Non-Strong References 29.466ms
[111.518s][info][gc,phases   ] GC(331) Concurrent Reset Relocation Set 0.005ms
[111.518s][info][gc          ] Allocation Stall (Executor task launch worker for task 3.0 in stage 2303.0 (TID 9217)) 46.769ms
[111.518s][info][gc          ] Allocation Stall (Spark Context Cleaner) 47.714ms
[111.518s][info][gc          ] Allocation Stall (Executor task launch worker for task 0.0 in stage 2303.0 (TID 9214)) 46.227ms
[111.518s][info][gc          ] Allocation Stall (Executor task launch worker for task 1.0 in stage 2303.0 (TID 9215)) 48.452ms
[111.518s][info][gc          ] Allocation Stall (Executor task launch worker for task 2.0 in stage 2303.0 (TID 9216)) 46.240ms
[111.518s][info][gc          ] Allocation Stall (Executor task launch worker for task 4.0 in stage 2303.0 (TID 9218)) 47.793ms
[111.523s][info][gc,phases   ] GC(331) Concurrent Select Relocation Set 5.172ms
[111.523s][info][gc,phases   ] GC(331) Pause Relocate Start 0.023ms
[111.550s][info][gc,phases   ] GC(331) Concurrent Relocate 26.367ms
[111.550s][info][gc,load     ] GC(331) Load: 0.00/0.00/0.00
[111.550s][info][gc,mmu      ] GC(331) MMU: 2ms/83.4%, 5ms/93.4%, 10ms/96.7%, 20ms/97.9%, 50ms/99.2%, 100ms/99.5%
[111.550s][info][gc,marking  ] GC(331) Mark: 2 stripe(s), 2 proactive flush(es), 1 terminate flush(es), 0 completion(s), 0 continuation(s) 
[111.550s][info][gc,marking  ] GC(331) Mark Stack Usage: 32M
[111.550s][info][gc,nmethod  ] GC(331) NMethods: 10995 registered, 9074 unregistered
[111.550s][info][gc,metaspace] GC(331) Metaspace: 156M used, 157M committed, 1216M reserved
[111.550s][info][gc,ref      ] GC(331) Soft: 3550 encountered, 0 discovered, 0 enqueued
[111.550s][info][gc,ref      ] GC(331) Weak: 15500 encountered, 3873 discovered, 228 enqueued
[111.550s][info][gc,ref      ] GC(331) Final: 52 encountered, 0 discovered, 0 enqueued
[111.550s][info][gc,ref      ] GC(331) Phantom: 600 encountered, 373 discovered, 0 enqueued
[111.550s][info][gc,reloc    ] GC(331) Small Pages: 743 / 1486M, Empty: 1098M, Relocated: 8M, In-Place: 0
[111.550s][info][gc,reloc    ] GC(331) Medium Pages: 8 / 256M, Empty: 0M, Relocated: 51M, In-Place: 0
[111.550s][info][gc,reloc    ] GC(331) Large Pages: 6 / 36M, Empty: 36M, Relocated: 0M, In-Place: 0
[111.550s][info][gc,reloc    ] GC(331) Forwarding Usage: 1M
[111.550s][info][gc,heap     ] GC(331) Min Capacity: 2048M(100%)
[111.550s][info][gc,heap     ] GC(331) Max Capacity: 2048M(100%)
[111.550s][info][gc,heap     ] GC(331) Soft Max Capacity: 2048M(100%)
[111.550s][info][gc,heap     ] GC(331)                Mark Start          Mark End        Relocate Start      Relocate End           High               Low         
[111.550s][info][gc,heap     ] GC(331)  Capacity:     2048M (100%)       2048M (100%)       2048M (100%)       2048M (100%)       2048M (100%)       2048M (100%)   
[111.550s][info][gc,heap     ] GC(331)      Free:      270M (13%)           0M (0%)         1090M (53%)        1382M (67%)        1408M (69%)           0M (0%)     
[111.550s][info][gc,heap     ] GC(331)      Used:     1778M (87%)        2048M (100%)        958M (47%)         666M (33%)        2048M (100%)        640M (31%)    
[111.550s][info][gc,heap     ] GC(331)      Live:         -               175M (9%)          175M (9%)          175M (9%)             -                  -          
[111.550s][info][gc,heap     ] GC(331) Allocated:         -               270M (13%)         314M (15%)         445M (22%)            -                  -          
[111.550s][info][gc,heap     ] GC(331)   Garbage:         -              1602M (78%)         468M (23%)          45M (2%)             -                  -          
[111.550s][info][gc,heap     ] GC(331) Reclaimed:         -                  -              1134M (55%)        1557M (76%)            -                  -          
[111.550s][info][gc          ] GC(331) Garbage Collection (Allocation Rate) 1778M(87%)->666M(33%)
[111.605s][info][gc,start    ] GC(332) Garbage Collection (Allocation Stall)
[111.605s][info][gc,ref      ] GC(332) Clearing All SoftReferences
[111.605s][info][gc,task     ] GC(332) Using 2 workers
[111.605s][info][gc,ref      ] GC(332) Clearing All SoftReferences
[111.605s][info][gc,phases   ] GC(332) Pause Mark Start 0.058ms
[111.655s][info][gc,phases   ] GC(332) Concurrent Mark 49.799ms
[111.655s][info][gc,phases   ] GC(332) Pause Mark End 0.052ms
[111.655s][info][gc,phases   ] GC(332) Concurrent Mark Free 0.001ms
[111.686s][info][gc,phases   ] GC(332) Concurrent Process Non-Strong References 30.524ms
[111.686s][info][gc,phases   ] GC(332) Concurrent Reset Relocation Set 0.013ms
[111.688s][info][gc,phases   ] GC(332) Concurrent Select Relocation Set 1.875ms
[111.688s][info][gc,phases   ] GC(332) Pause Relocate Start 0.011ms
[111.703s][info][gc,phases   ] GC(332) Concurrent Relocate 15.477ms
[111.703s][info][gc,load     ] GC(332) Load: 0.00/0.00/0.00
[111.703s][info][gc,mmu      ] GC(332) MMU: 2ms/83.4%, 5ms/93.4%, 10ms/96.7%, 20ms/97.9%, 50ms/99.2%, 100ms/99.5%
[111.703s][info][gc,marking  ] GC(332) Mark: 2 stripe(s), 2 proactive flush(es), 1 terminate flush(es), 1 completion(s), 0 continuation(s) 
[111.703s][info][gc,marking  ] GC(332) Mark Stack Usage: 32M
[111.703s][info][gc,nmethod  ] GC(332) NMethods: 10991 registered, 9078 unregistered
[111.703s][info][gc,metaspace] GC(332) Metaspace: 155M used, 157M committed, 1216M reserved
[111.703s][info][gc,ref      ] GC(332) Soft: 3484 encountered, 3037 discovered, 232 enqueued
[111.703s][info][gc,ref      ] GC(332) Weak: 15301 encountered, 4357 discovered, 196 enqueued
[111.703s][info][gc,ref      ] GC(332) Final: 52 encountered, 0 discovered, 0 enqueued
[111.703s][info][gc,ref      ] GC(332) Phantom: 600 encountered, 371 discovered, 0 enqueued
[111.703s][info][gc,reloc    ] GC(332) Small Pages: 245 / 490M, Empty: 266M, Relocated: 3M, In-Place: 0
[111.703s][info][gc,reloc    ] GC(332) Medium Pages: 8 / 256M, Empty: 0M, Relocated: 46M, In-Place: 0
[111.703s][info][gc,reloc    ] GC(332) Large Pages: 2 / 12M, Empty: 12M, Relocated: 0M, In-Place: 0
[111.703s][info][gc,reloc    ] GC(332) Forwarding Usage: 0M
[111.703s][info][gc,heap     ] GC(332) Min Capacity: 2048M(100%)
[111.703s][info][gc,heap     ] GC(332) Max Capacity: 2048M(100%)
[111.703s][info][gc,heap     ] GC(332) Soft Max Capacity: 2048M(100%)
[111.704s][info][gc,heap     ] GC(332)                Mark Start          Mark End        Relocate Start      Relocate End           High               Low         
[111.704s][info][gc,heap     ] GC(332)  Capacity:     2048M (100%)       2048M (100%)       2048M (100%)       2048M (100%)       2048M (100%)       2048M (100%)   
[111.704s][info][gc,heap     ] GC(332)      Free:     1290M (63%)        1226M (60%)        1460M (71%)        1702M (83%)        1702M (83%)        1192M (58%)    
[111.704s][info][gc,heap     ] GC(332)      Used:      758M (37%)         822M (40%)         588M (29%)         346M (17%)         856M (42%)         346M (17%)    
[111.704s][info][gc,heap     ] GC(332)      Live:         -               193M (9%)          193M (9%)          193M (9%)             -                  -          
[111.704s][info][gc,heap     ] GC(332) Allocated:         -                64M (3%)          108M (5%)          111M (5%)             -                  -          
[111.704s][info][gc,heap     ] GC(332)   Garbage:         -               564M (28%)         286M (14%)          41M (2%)             -                  -          
[111.704s][info][gc,heap     ] GC(332) Reclaimed:         -                  -               278M (14%)         523M (26%)            -                  -          
[111.704s][info][gc          ] GC(332) Garbage Collection (Allocation Stall) 758M(37%)->346M(17%)
[111.714s][info][gc,start    ] GC(333) Garbage Collection (Allocation Rate)
[111.714s][info][gc,task     ] GC(333) Using 2 workers
[111.714s][info][gc,phases   ] GC(333) Pause Mark Start 0.013ms
[111.769s][info][gc,phases   ] GC(333) Concurrent Mark 54.333ms
[111.769s][info][gc,phases   ] GC(333) Pause Mark End 0.032ms
[111.769s][info][gc,phases   ] GC(333) Concurrent Mark Free 0.001ms
[111.798s][info][gc,phases   ] GC(333) Concurrent Process Non-Strong References 28.985ms
[111.798s][info][gc,phases   ] GC(333) Concurrent Reset Relocation Set 0.007ms
[111.800s][info][gc,phases   ] GC(333) Concurrent Select Relocation Set 2.370ms
[111.800s][info][gc,phases   ] GC(333) Pause Relocate Start 0.012ms
[111.804s][info][gc,phases   ] GC(333) Concurrent Relocate 3.691ms
[111.804s][info][gc,load     ] GC(333) Load: 0.00/0.00/0.00
[111.804s][info][gc,mmu      ] GC(333) MMU: 2ms/83.4%, 5ms/93.4%, 10ms/96.7%, 20ms/97.9%, 50ms/99.2%, 100ms/99.5%
[111.804s][info][gc,marking  ] GC(333) Mark: 2 stripe(s), 3 proactive flush(es), 1 terminate flush(es), 0 completion(s), 0 continuation(s) 
[111.804s][info][gc,marking  ] GC(333) Mark Stack Usage: 32M
[111.804s][info][gc,nmethod  ] GC(333) NMethods: 10991 registered, 9078 unregistered
[111.804s][info][gc,metaspace] GC(333) Metaspace: 155M used, 157M committed, 1216M reserved
[111.804s][info][gc,ref      ] GC(333) Soft: 3273 encountered, 0 discovered, 0 enqueued
[111.804s][info][gc,ref      ] GC(333) Weak: 15282 encountered, 2577 discovered, 149 enqueued
[111.804s][info][gc,ref      ] GC(333) Final: 52 encountered, 0 discovered, 0 enqueued
[111.804s][info][gc,ref      ] GC(333) Phantom: 600 encountered, 380 discovered, 0 enqueued
[111.804s][info][gc,reloc    ] GC(333) Small Pages: 62 / 124M, Empty: 0M, Relocated: 1M, In-Place: 0
[111.804s][info][gc,reloc    ] GC(333) Medium Pages: 6 / 192M, Empty: 0M, Relocated: 15M, In-Place: 0
[111.804s][info][gc,reloc    ] GC(333) Large Pages: 5 / 30M, Empty: 30M, Relocated: 0M, In-Place: 0
[111.804s][info][gc,reloc    ] GC(333) Forwarding Usage: 0M
[111.804s][info][gc,heap     ] GC(333) Min Capacity: 2048M(100%)
[111.804s][info][gc,heap     ] GC(333) Max Capacity: 2048M(100%)
[111.804s][info][gc,heap     ] GC(333) Soft Max Capacity: 2048M(100%)
[111.804s][info][gc,heap     ] GC(333)                Mark Start          Mark End        Relocate Start      Relocate End           High               Low         
[111.804s][info][gc,heap     ] GC(333)  Capacity:     2048M (100%)       2048M (100%)       2048M (100%)       2048M (100%)       2048M (100%)       2048M (100%)   
[111.804s][info][gc,heap     ] GC(333)      Free:     1702M (83%)        1618M (79%)        1620M (79%)        1702M (83%)        1702M (83%)        1588M (78%)    
[111.805s][info][gc,heap     ] GC(333)      Used:      346M (17%)         430M (21%)         428M (21%)         346M (17%)         460M (22%)         346M (17%)    
[111.805s][info][gc,heap     ] GC(333)      Live:         -               193M (9%)          193M (9%)          193M (9%)             -                  -          
[111.805s][info][gc,heap     ] GC(333) Allocated:         -                84M (4%)          112M (5%)          110M (5%)             -                  -          
[111.805s][info][gc,heap     ] GC(333)   Garbage:         -               152M (7%)          122M (6%)           41M (2%)             -                  -          
[111.805s][info][gc,heap     ] GC(333) Reclaimed:         -                  -                30M (1%)          110M (5%)             -                  -          
[111.805s][info][gc          ] GC(333) Garbage Collection (Allocation Rate) 346M(17%)->346M(17%)
[111.806s][info][gc,start    ] GC(334) Garbage Collection (Allocation Rate)
[111.806s][info][gc,task     ] GC(334) Using 2 workers
[111.806s][info][gc,phases   ] GC(334) Pause Mark Start 0.009ms
[111.854s][info][gc,phases   ] GC(334) Concurrent Mark 47.812ms
[111.854s][info][gc,phases   ] GC(334) Pause Mark End 0.072ms
[111.854s][info][gc,phases   ] GC(334) Concurrent Mark Free 0.002ms
[111.868s][info][gc,phases   ] GC(334) Concurrent Process Non-Strong References 13.710ms
[111.868s][info][gc,phases   ] GC(334) Concurrent Reset Relocation Set 0.003ms
[111.870s][info][gc,phases   ] GC(334) Concurrent Select Relocation Set 2.357ms
[111.870s][info][gc,phases   ] GC(334) Pause Relocate Start 0.010ms
[111.876s][info][gc,phases   ] GC(334) Concurrent Relocate 5.264ms
[111.876s][info][gc,load     ] GC(334) Load: 0.00/0.00/0.00
[111.876s][info][gc,mmu      ] GC(334) MMU: 2ms/83.4%, 5ms/93.4%, 10ms/96.7%, 20ms/97.9%, 50ms/99.2%, 100ms/99.5%
[111.876s][info][gc,marking  ] GC(334) Mark: 2 stripe(s), 2 proactive flush(es), 1 terminate flush(es), 1 completion(s), 0 continuation(s) 
[111.876s][info][gc,marking  ] GC(334) Mark Stack Usage: 32M
[111.876s][info][gc,nmethod  ] GC(334) NMethods: 10991 registered, 9078 unregistered
[111.876s][info][gc,metaspace] GC(334) Metaspace: 155M used, 157M committed, 1216M reserved
[111.876s][info][gc,ref      ] GC(334) Soft: 3289 encountered, 0 discovered, 0 enqueued
[111.876s][info][gc,ref      ] GC(334) Weak: 15362 encountered, 2864 discovered, 297 enqueued
[111.876s][info][gc,ref      ] GC(334) Final: 52 encountered, 0 discovered, 0 enqueued
[111.876s][info][gc,ref      ] GC(334) Phantom: 600 encountered, 369 discovered, 0 enqueued
[111.876s][info][gc,reloc    ] GC(334) Small Pages: 62 / 124M, Empty: 0M, Relocated: 4M, In-Place: 0
[111.876s][info][gc,reloc    ] GC(334) Medium Pages: 6 / 192M, Empty: 0M, Relocated: 15M, In-Place: 0
[111.876s][info][gc,reloc    ] GC(334) Large Pages: 5 / 30M, Empty: 30M, Relocated: 0M, In-Place: 0
[111.876s][info][gc,reloc    ] GC(334) Forwarding Usage: 1M
[111.876s][info][gc,heap     ] GC(334) Min Capacity: 2048M(100%)
[111.876s][info][gc,heap     ] GC(334) Max Capacity: 2048M(100%)
[111.876s][info][gc,heap     ] GC(334) Soft Max Capacity: 2048M(100%)
[111.876s][info][gc,heap     ] GC(334)                Mark Start          Mark End        Relocate Start      Relocate End           High               Low         
[111.876s][info][gc,heap     ] GC(334)  Capacity:     2048M (100%)       2048M (100%)       2048M (100%)       2048M (100%)       2048M (100%)       2048M (100%)   
[111.876s][info][gc,heap     ] GC(334)      Free:     1702M (83%)        1628M (79%)        1640M (80%)        1718M (84%)        1718M (84%)        1604M (78%)    
[111.876s][info][gc,heap     ] GC(334)      Used:      346M (17%)         420M (21%)         408M (20%)         330M (16%)         444M (22%)         330M (16%)    
[111.876s][info][gc,heap     ] GC(334)      Live:         -               194M (9%)          194M (9%)          194M (9%)             -                  -          
[111.876s][info][gc,heap     ] GC(334) Allocated:         -                74M (4%)           92M (4%)           94M (5%)             -                  -          
[111.876s][info][gc,heap     ] GC(334)   Garbage:         -               151M (7%)          121M (6%)           41M (2%)             -                  -          
[111.876s][info][gc,heap     ] GC(334) Reclaimed:         -                  -                30M (1%)          110M (5%)             -                  -          
[111.876s][info][gc          ] GC(334) Garbage Collection (Allocation Rate) 346M(17%)->330M(16%)
[112.519s][info][gc,start    ] GC(335) Garbage Collection (Allocation Rate)
[112.519s][info][gc,task     ] GC(335) Using 2 workers
[112.519s][info][gc,phases   ] GC(335) Pause Mark Start 0.011ms
[112.579s][info][gc,phases   ] GC(335) Concurrent Mark 60.420ms
[112.580s][info][gc,phases   ] GC(335) Pause Mark End 0.100ms
[112.580s][info][gc,phases   ] GC(335) Concurrent Mark Free 0.002ms
[112.592s][info][gc,phases   ] GC(335) Concurrent Process Non-Strong References 12.529ms
[112.592s][info][gc,phases   ] GC(335) Concurrent Reset Relocation Set 0.003ms
[112.594s][info][gc,phases   ] GC(335) Concurrent Select Relocation Set 1.920ms
[112.594s][info][gc,phases   ] GC(335) Pause Relocate Start 0.010ms
[112.599s][info][gc,phases   ] GC(335) Concurrent Relocate 4.918ms
[112.600s][info][gc,load     ] GC(335) Load: 0.00/0.00/0.00
[112.600s][info][gc,mmu      ] GC(335) MMU: 2ms/83.4%, 5ms/93.4%, 10ms/96.7%, 20ms/97.9%, 50ms/99.2%, 100ms/99.5%
[112.600s][info][gc,marking  ] GC(335) Mark: 2 stripe(s), 2 proactive flush(es), 1 terminate flush(es), 1 completion(s), 0 continuation(s) 
[112.600s][info][gc,marking  ] GC(335) Mark Stack Usage: 32M
[112.600s][info][gc,nmethod  ] GC(335) NMethods: 10991 registered, 9082 unregistered
[112.600s][info][gc,metaspace] GC(335) Metaspace: 155M used, 157M committed, 1216M reserved
[112.600s][info][gc,ref      ] GC(335) Soft: 3275 encountered, 0 discovered, 0 enqueued
[112.600s][info][gc,ref      ] GC(335) Weak: 16906 encountered, 4606 discovered, 1745 enqueued
[112.600s][info][gc,ref      ] GC(335) Final: 52 encountered, 0 discovered, 0 enqueued
[112.600s][info][gc,ref      ] GC(335) Phantom: 600 encountered, 371 discovered, 0 enqueued
[112.600s][info][gc,reloc    ] GC(335) Small Pages: 186 / 372M, Empty: 8M, Relocated: 4M, In-Place: 0
[112.600s][info][gc,reloc    ] GC(335) Medium Pages: 9 / 288M, Empty: 96M, Relocated: 15M, In-Place: 0
[112.600s][info][gc,reloc    ] GC(335) Large Pages: 37 / 222M, Empty: 222M, Relocated: 0M, In-Place: 0
[112.600s][info][gc,reloc    ] GC(335) Forwarding Usage: 1M
[112.600s][info][gc,heap     ] GC(335) Min Capacity: 2048M(100%)
[112.600s][info][gc,heap     ] GC(335) Max Capacity: 2048M(100%)
[112.600s][info][gc,heap     ] GC(335) Soft Max Capacity: 2048M(100%)
[112.600s][info][gc,heap     ] GC(335)                Mark Start          Mark End        Relocate Start      Relocate End           High               Low         
[112.600s][info][gc,heap     ] GC(335)  Capacity:     2048M (100%)       2048M (100%)       2048M (100%)       2048M (100%)       2048M (100%)       2048M (100%)   
[112.600s][info][gc,heap     ] GC(335)      Free:     1166M (57%)        1084M (53%)        1400M (68%)        1714M (84%)        1716M (84%)        1074M (52%)    
[112.600s][info][gc,heap     ] GC(335)      Used:      882M (43%)         964M (47%)         648M (32%)         334M (16%)         974M (48%)         332M (16%)    
[112.600s][info][gc,heap     ] GC(335)      Live:         -               195M (10%)         195M (10%)         195M (10%)            -                  -          
[112.600s][info][gc,heap     ] GC(335) Allocated:         -                82M (4%)           92M (4%)           99M (5%)             -                  -          
[112.600s][info][gc,heap     ] GC(335)   Garbage:         -               686M (34%)         360M (18%)          38M (2%)             -                  -          
[112.600s][info][gc,heap     ] GC(335) Reclaimed:         -                  -               326M (16%)         647M (32%)            -                  -          
[112.600s][info][gc          ] GC(335) Garbage Collection (Allocation Rate) 882M(43%)->334M(16%)
[112.855s][info][gc,start    ] GC(336) Garbage Collection (System.gc())
[112.855s][info][gc,task     ] GC(336) Using 2 workers
[112.856s][info][gc,phases   ] GC(336) Pause Mark Start 0.006ms
[112.915s][info][gc,phases   ] GC(336) Concurrent Mark 59.501ms
[112.915s][info][gc,phases   ] GC(336) Pause Mark End 0.032ms
[112.916s][info][gc,phases   ] GC(336) Concurrent Mark Free 0.003ms
[112.929s][info][gc,phases   ] GC(336) Concurrent Process Non-Strong References 13.371ms
[112.929s][info][gc,phases   ] GC(336) Concurrent Reset Relocation Set 0.013ms
[112.931s][info][gc,phases   ] GC(336) Concurrent Select Relocation Set 2.197ms
[112.931s][info][gc,phases   ] GC(336) Pause Relocate Start 0.013ms
[112.937s][info][gc,phases   ] GC(336) Concurrent Relocate 5.681ms
[112.937s][info][gc,load     ] GC(336) Load: 0.00/0.00/0.00
[112.937s][info][gc,mmu      ] GC(336) MMU: 2ms/83.4%, 5ms/93.4%, 10ms/96.7%, 20ms/97.9%, 50ms/99.2%, 100ms/99.5%
[112.937s][info][gc,marking  ] GC(336) Mark: 2 stripe(s), 1 proactive flush(es), 1 terminate flush(es), 0 completion(s), 0 continuation(s) 
[112.937s][info][gc,marking  ] GC(336) Mark Stack Usage: 32M
[112.937s][info][gc,nmethod  ] GC(336) NMethods: 11005 registered, 9087 unregistered
[112.937s][info][gc,metaspace] GC(336) Metaspace: 156M used, 157M committed, 1216M reserved
[112.937s][info][gc,ref      ] GC(336) Soft: 3489 encountered, 0 discovered, 0 enqueued
[112.937s][info][gc,ref      ] GC(336) Weak: 16273 encountered, 4773 discovered, 1132 enqueued
[112.937s][info][gc,ref      ] GC(336) Final: 52 encountered, 0 discovered, 0 enqueued
[112.937s][info][gc,ref      ] GC(336) Phantom: 600 encountered, 370 discovered, 0 enqueued
[112.937s][info][gc,reloc    ] GC(336) Small Pages: 128 / 256M, Empty: 2M, Relocated: 6M, In-Place: 0
[112.937s][info][gc,reloc    ] GC(336) Medium Pages: 7 / 224M, Empty: 64M, Relocated: 12M, In-Place: 0
[112.937s][info][gc,reloc    ] GC(336) Large Pages: 15 / 90M, Empty: 90M, Relocated: 0M, In-Place: 0
[112.937s][info][gc,reloc    ] GC(336) Forwarding Usage: 2M
[112.937s][info][gc,heap     ] GC(336) Min Capacity: 2048M(100%)
[112.937s][info][gc,heap     ] GC(336) Max Capacity: 2048M(100%)
[112.937s][info][gc,heap     ] GC(336) Soft Max Capacity: 2048M(100%)
[112.937s][info][gc,heap     ] GC(336)                Mark Start          Mark End        Relocate Start      Relocate End           High               Low         
[112.937s][info][gc,heap     ] GC(336)  Capacity:     2048M (100%)       2048M (100%)       2048M (100%)       2048M (100%)       2048M (100%)       2048M (100%)   
[112.937s][info][gc,heap     ] GC(336)      Free:     1478M (72%)        1478M (72%)        1622M (79%)        1848M (90%)        1858M (91%)        1468M (72%)    
[112.937s][info][gc,heap     ] GC(336)      Used:      570M (28%)         570M (28%)         426M (21%)         200M (10%)         580M (28%)         190M (9%)     
[112.937s][info][gc,heap     ] GC(336)      Live:         -               131M (6%)          131M (6%)          131M (6%)             -                  -          
[112.937s][info][gc,heap     ] GC(336) Allocated:         -                 0M (0%)           12M (1%)           33M (2%)             -                  -          
[112.937s][info][gc,heap     ] GC(336)   Garbage:         -               438M (21%)         282M (14%)          34M (2%)             -                  -          
[112.937s][info][gc,heap     ] GC(336) Reclaimed:         -                  -               156M (8%)          403M (20%)            -                  -          
[112.937s][info][gc          ] GC(336) Garbage Collection (System.gc()) 570M(28%)->200M(10%)
[113.212s][info][gc,start    ] GC(337) Garbage Collection (Allocation Rate)
[113.212s][info][gc,task     ] GC(337) Using 2 workers
[113.213s][info][gc,phases   ] GC(337) Pause Mark Start 0.010ms
[113.291s][info][gc,phases   ] GC(337) Concurrent Mark 78.040ms
[113.291s][info][gc,phases   ] GC(337) Pause Mark End 0.033ms
[113.291s][info][gc,phases   ] GC(337) Concurrent Mark Free 0.003ms
[113.321s][info][gc,phases   ] GC(337) Concurrent Process Non-Strong References 29.432ms
[113.321s][info][gc,phases   ] GC(337) Concurrent Reset Relocation Set 0.007ms
[113.321s][info][gc          ] Allocation Stall (Executor task launch worker for task 1.0 in stage 2349.0 (TID 9399)) 54.649ms
[113.321s][info][gc          ] Allocation Stall (Executor task launch worker for task 4.0 in stage 2349.0 (TID 9402)) 54.029ms
[113.321s][info][gc          ] Allocation Stall (Reference Handler) 0.252ms
[113.321s][info][gc          ] Allocation Stall (Executor task launch worker for task 0.0 in stage 2349.0 (TID 9398)) 55.089ms
[113.321s][info][gc          ] Allocation Stall (Executor task launch worker for task 2.0 in stage 2349.0 (TID 9400)) 55.077ms
[113.321s][info][gc          ] Allocation Stall (netty-rpc-env-timeout) 0.129ms
[113.321s][info][gc          ] Allocation Stall (Executor task launch worker for task 3.0 in stage 2349.0 (TID 9401)) 55.250ms
[113.326s][info][gc,phases   ] GC(337) Concurrent Select Relocation Set 5.762ms
[113.327s][info][gc,phases   ] GC(337) Pause Relocate Start 0.018ms
[113.350s][info][gc,phases   ] GC(337) Concurrent Relocate 22.765ms
[113.350s][info][gc,load     ] GC(337) Load: 0.00/0.00/0.00
[113.350s][info][gc,mmu      ] GC(337) MMU: 2ms/83.4%, 5ms/93.4%, 10ms/96.7%, 20ms/97.9%, 50ms/99.2%, 100ms/99.5%
[113.350s][info][gc,marking  ] GC(337) Mark: 2 stripe(s), 2 proactive flush(es), 1 terminate flush(es), 0 completion(s), 0 continuation(s) 
[113.350s][info][gc,marking  ] GC(337) Mark Stack Usage: 32M
[113.350s][info][gc,nmethod  ] GC(337) NMethods: 11021 registered, 9098 unregistered
[113.350s][info][gc,metaspace] GC(337) Metaspace: 156M used, 157M committed, 1216M reserved
[113.350s][info][gc,ref      ] GC(337) Soft: 3553 encountered, 0 discovered, 0 enqueued
[113.350s][info][gc,ref      ] GC(337) Weak: 15506 encountered, 3088 discovered, 233 enqueued
[113.350s][info][gc,ref      ] GC(337) Final: 52 encountered, 0 discovered, 0 enqueued
[113.350s][info][gc,ref      ] GC(337) Phantom: 600 encountered, 375 discovered, 0 enqueued
[113.350s][info][gc,reloc    ] GC(337) Small Pages: 757 / 1514M, Empty: 1142M, Relocated: 4M, In-Place: 0
[113.350s][info][gc,reloc    ] GC(337) Medium Pages: 8 / 256M, Empty: 0M, Relocated: 52M, In-Place: 0
[113.350s][info][gc,reloc    ] GC(337) Large Pages: 6 / 36M, Empty: 36M, Relocated: 0M, In-Place: 0
[113.350s][info][gc,reloc    ] GC(337) Forwarding Usage: 0M
[113.350s][info][gc,heap     ] GC(337) Min Capacity: 2048M(100%)
[113.350s][info][gc,heap     ] GC(337) Max Capacity: 2048M(100%)
[113.350s][info][gc,heap     ] GC(337) Soft Max Capacity: 2048M(100%)
[113.350s][info][gc,heap     ] GC(337)                Mark Start          Mark End        Relocate Start      Relocate End           High               Low         
[113.350s][info][gc,heap     ] GC(337)  Capacity:     2048M (100%)       2048M (100%)       2048M (100%)       2048M (100%)       2048M (100%)       2048M (100%)   
[113.350s][info][gc,heap     ] GC(337)      Free:      242M (12%)           0M (0%)         1132M (55%)        1426M (70%)        1432M (70%)           0M (0%)     
[113.350s][info][gc,heap     ] GC(337)      Used:     1806M (88%)        2048M (100%)        916M (45%)         622M (30%)        2048M (100%)        616M (30%)    
[113.350s][info][gc,heap     ] GC(337)      Live:         -               174M (9%)          174M (9%)          174M (9%)             -                  -          
[113.350s][info][gc,heap     ] GC(337) Allocated:         -               242M (12%)         288M (14%)         401M (20%)            -                  -          
[113.350s][info][gc,heap     ] GC(337)   Garbage:         -              1631M (80%)         453M (22%)          46M (2%)             -                  -          
[113.350s][info][gc,heap     ] GC(337) Reclaimed:         -                  -              1178M (58%)        1585M (77%)            -                  -          
[113.350s][info][gc          ] GC(337) Garbage Collection (Allocation Rate) 1806M(88%)->622M(30%)
[113.404s][info][gc,start    ] GC(338) Garbage Collection (Allocation Stall)
[113.404s][info][gc,ref      ] GC(338) Clearing All SoftReferences
[113.404s][info][gc,task     ] GC(338) Using 2 workers
[113.404s][info][gc,ref      ] GC(338) Clearing All SoftReferences
[113.404s][info][gc,phases   ] GC(338) Pause Mark Start 0.075ms
[113.461s][info][gc,phases   ] GC(338) Concurrent Mark 56.868ms
[113.462s][info][gc,phases   ] GC(338) Pause Mark End 0.029ms
[113.462s][info][gc,phases   ] GC(338) Concurrent Mark Free 0.002ms
[113.492s][info][gc,phases   ] GC(338) Concurrent Process Non-Strong References 30.469ms
[113.492s][info][gc,phases   ] GC(338) Concurrent Reset Relocation Set 0.009ms
[113.494s][info][gc,phases   ] GC(338) Concurrent Select Relocation Set 1.824ms
[113.494s][info][gc,phases   ] GC(338) Pause Relocate Start 0.009ms
[113.505s][info][gc,phases   ] GC(338) Concurrent Relocate 11.206ms
[113.505s][info][gc,load     ] GC(338) Load: 0.00/0.00/0.00
[113.505s][info][gc,mmu      ] GC(338) MMU: 2ms/83.4%, 5ms/93.4%, 10ms/96.7%, 20ms/97.9%, 50ms/99.2%, 100ms/99.5%
[113.505s][info][gc,marking  ] GC(338) Mark: 2 stripe(s), 2 proactive flush(es), 1 terminate flush(es), 0 completion(s), 0 continuation(s) 
[113.506s][info][gc,marking  ] GC(338) Mark Stack Usage: 32M
[113.506s][info][gc,nmethod  ] GC(338) NMethods: 11021 registered, 9098 unregistered
[113.506s][info][gc,metaspace] GC(338) Metaspace: 156M used, 157M committed, 1216M reserved
[113.506s][info][gc,ref      ] GC(338) Soft: 3486 encountered, 3119 discovered, 223 enqueued
[113.506s][info][gc,ref      ] GC(338) Weak: 15299 encountered, 3180 discovered, 196 enqueued
[113.506s][info][gc,ref      ] GC(338) Final: 52 encountered, 0 discovered, 0 enqueued
[113.506s][info][gc,ref      ] GC(338) Phantom: 600 encountered, 381 discovered, 0 enqueued
[113.506s][info][gc,reloc    ] GC(338) Small Pages: 232 / 464M, Empty: 262M, Relocated: 3M, In-Place: 0
[113.506s][info][gc,reloc    ] GC(338) Medium Pages: 8 / 256M, Empty: 0M, Relocated: 26M, In-Place: 0
[113.506s][info][gc,reloc    ] GC(338) Large Pages: 2 / 12M, Empty: 12M, Relocated: 0M, In-Place: 0
[113.506s][info][gc,reloc    ] GC(338) Forwarding Usage: 0M
[113.506s][info][gc,heap     ] GC(338) Min Capacity: 2048M(100%)
[113.506s][info][gc,heap     ] GC(338) Max Capacity: 2048M(100%)
[113.506s][info][gc,heap     ] GC(338) Soft Max Capacity: 2048M(100%)
[113.506s][info][gc,heap     ] GC(338)                Mark Start          Mark End        Relocate Start      Relocate End           High               Low         
[113.506s][info][gc,heap     ] GC(338)  Capacity:     2048M (100%)       2048M (100%)       2048M (100%)       2048M (100%)       2048M (100%)       2048M (100%)   
[113.506s][info][gc,heap     ] GC(338)      Free:     1316M (64%)        1246M (61%)        1482M (72%)        1700M (83%)        1700M (83%)        1212M (59%)    
[113.506s][info][gc,heap     ] GC(338)      Used:      732M (36%)         802M (39%)         566M (28%)         348M (17%)         836M (41%)         348M (17%)    
[113.506s][info][gc,heap     ] GC(338)      Live:         -               193M (9%)          193M (9%)          193M (9%)             -                  -          
[113.506s][info][gc,heap     ] GC(338) Allocated:         -                70M (3%)          108M (5%)          115M (6%)             -                  -          
[113.506s][info][gc,heap     ] GC(338)   Garbage:         -               538M (26%)         264M (13%)          38M (2%)             -                  -          
[113.506s][info][gc,heap     ] GC(338) Reclaimed:         -                  -               274M (13%)         499M (24%)            -                  -          
[113.506s][info][gc          ] GC(338) Garbage Collection (Allocation Stall) 732M(36%)->348M(17%)
[113.612s][info][gc,start    ] GC(339) Garbage Collection (Allocation Rate)
[113.612s][info][gc,task     ] GC(339) Using 2 workers
[113.612s][info][gc,phases   ] GC(339) Pause Mark Start 0.009ms
[113.673s][info][gc,phases   ] GC(339) Concurrent Mark 60.805ms
[113.674s][info][gc,phases   ] GC(339) Pause Mark End 0.108ms
[113.674s][info][gc,phases   ] GC(339) Concurrent Mark Free 0.001ms
[113.701s][info][gc,phases   ] GC(339) Concurrent Process Non-Strong References 27.714ms
[113.702s][info][gc,phases   ] GC(339) Concurrent Reset Relocation Set 0.008ms
[113.704s][info][gc,phases   ] GC(339) Concurrent Select Relocation Set 2.525ms
[113.704s][info][gc,phases   ] GC(339) Pause Relocate Start 0.008ms
[113.707s][info][gc,phases   ] GC(339) Concurrent Relocate 2.408ms
[113.707s][info][gc,load     ] GC(339) Load: 0.00/0.00/0.00
[113.707s][info][gc,mmu      ] GC(339) MMU: 2ms/83.4%, 5ms/93.4%, 10ms/96.7%, 20ms/97.9%, 50ms/99.2%, 100ms/99.5%
[113.707s][info][gc,marking  ] GC(339) Mark: 2 stripe(s), 2 proactive flush(es), 1 terminate flush(es), 1 completion(s), 0 continuation(s) 
[113.707s][info][gc,marking  ] GC(339) Mark Stack Usage: 32M
[113.707s][info][gc,nmethod  ] GC(339) NMethods: 11022 registered, 9098 unregistered
[113.707s][info][gc,metaspace] GC(339) Metaspace: 156M used, 157M committed, 1216M reserved
[113.707s][info][gc,ref      ] GC(339) Soft: 3275 encountered, 0 discovered, 0 enqueued
[113.707s][info][gc,ref      ] GC(339) Weak: 15581 encountered, 3035 discovered, 440 enqueued
[113.707s][info][gc,ref      ] GC(339) Final: 52 encountered, 0 discovered, 0 enqueued
[113.707s][info][gc,ref      ] GC(339) Phantom: 600 encountered, 383 discovered, 0 enqueued
[113.707s][info][gc,reloc    ] GC(339) Small Pages: 87 / 174M, Empty: 2M, Relocated: 3M, In-Place: 0
[113.707s][info][gc,reloc    ] GC(339) Medium Pages: 7 / 224M, Empty: 64M, Relocated: 0M, In-Place: 0
[113.707s][info][gc,reloc    ] GC(339) Large Pages: 11 / 66M, Empty: 66M, Relocated: 0M, In-Place: 0
[113.707s][info][gc,reloc    ] GC(339) Forwarding Usage: 0M
[113.707s][info][gc,heap     ] GC(339) Min Capacity: 2048M(100%)
[113.707s][info][gc,heap     ] GC(339) Max Capacity: 2048M(100%)
[113.707s][info][gc,heap     ] GC(339) Soft Max Capacity: 2048M(100%)
[113.707s][info][gc,heap     ] GC(339)                Mark Start          Mark End        Relocate Start      Relocate End           High               Low         
[113.707s][info][gc,heap     ] GC(339)  Capacity:     2048M (100%)       2048M (100%)       2048M (100%)       2048M (100%)       2048M (100%)       2048M (100%)   
[113.707s][info][gc,heap     ] GC(339)      Free:     1584M (77%)        1502M (73%)        1606M (78%)        1702M (83%)        1702M (83%)        1478M (72%)    
[113.707s][info][gc,heap     ] GC(339)      Used:      464M (23%)         546M (27%)         442M (22%)         346M (17%)         570M (28%)         346M (17%)    
[113.707s][info][gc,heap     ] GC(339)      Live:         -               194M (9%)          194M (9%)          194M (9%)             -                  -          
[113.707s][info][gc,heap     ] GC(339) Allocated:         -                82M (4%)          110M (5%)          113M (6%)             -                  -          
[113.707s][info][gc,heap     ] GC(339)   Garbage:         -               269M (13%)         137M (7%)           37M (2%)             -                  -          
[113.707s][info][gc,heap     ] GC(339) Reclaimed:         -                  -               132M (6%)          231M (11%)            -                  -          
[113.707s][info][gc          ] GC(339) Garbage Collection (Allocation Rate) 464M(23%)->346M(17%)
[113.810s][info][gc,start    ] GC(340) Garbage Collection (Allocation Rate)
[113.810s][info][gc,task     ] GC(340) Using 2 workers
[113.810s][info][gc,phases   ] GC(340) Pause Mark Start 0.009ms
[113.857s][info][gc,phases   ] GC(340) Concurrent Mark 46.153ms
[113.857s][info][gc,phases   ] GC(340) Pause Mark End 0.018ms
[113.857s][info][gc,phases   ] GC(340) Concurrent Mark Free 0.001ms
[113.870s][info][gc,phases   ] GC(340) Concurrent Process Non-Strong References 12.799ms
[113.870s][info][gc,phases   ] GC(340) Concurrent Reset Relocation Set 0.005ms
[113.872s][info][gc,phases   ] GC(340) Concurrent Select Relocation Set 2.154ms
[113.872s][info][gc,phases   ] GC(340) Pause Relocate Start 0.012ms
[113.875s][info][gc,phases   ] GC(340) Concurrent Relocate 3.004ms
[113.875s][info][gc,load     ] GC(340) Load: 0.00/0.00/0.00
[113.875s][info][gc,mmu      ] GC(340) MMU: 2ms/83.4%, 5ms/93.4%, 10ms/96.7%, 20ms/97.9%, 50ms/99.2%, 100ms/99.5%
[113.875s][info][gc,marking  ] GC(340) Mark: 2 stripe(s), 2 proactive flush(es), 1 terminate flush(es), 0 completion(s), 0 continuation(s) 
[113.875s][info][gc,marking  ] GC(340) Mark Stack Usage: 32M
[113.875s][info][gc,nmethod  ] GC(340) NMethods: 11021 registered, 9099 unregistered
[113.875s][info][gc,metaspace] GC(340) Metaspace: 156M used, 157M committed, 1216M reserved
[113.875s][info][gc,ref      ] GC(340) Soft: 3273 encountered, 0 discovered, 0 enqueued
[113.875s][info][gc,ref      ] GC(340) Weak: 15656 encountered, 3976 discovered, 593 enqueued
[113.875s][info][gc,ref      ] GC(340) Final: 52 encountered, 0 discovered, 0 enqueued
[113.875s][info][gc,ref      ] GC(340) Phantom: 600 encountered, 382 discovered, 0 enqueued
[113.875s][info][gc,reloc    ] GC(340) Small Pages: 88 / 176M, Empty: 0M, Relocated: 5M, In-Place: 0
[113.875s][info][gc,reloc    ] GC(340) Medium Pages: 6 / 192M, Empty: 32M, Relocated: 0M, In-Place: 0
[113.875s][info][gc,reloc    ] GC(340) Large Pages: 11 / 66M, Empty: 66M, Relocated: 0M, In-Place: 0
[113.875s][info][gc,reloc    ] GC(340) Forwarding Usage: 1M
[113.875s][info][gc,heap     ] GC(340) Min Capacity: 2048M(100%)
[113.875s][info][gc,heap     ] GC(340) Max Capacity: 2048M(100%)
[113.875s][info][gc,heap     ] GC(340) Soft Max Capacity: 2048M(100%)
[113.875s][info][gc,heap     ] GC(340)                Mark Start          Mark End        Relocate Start      Relocate End           High               Low         
[113.875s][info][gc,heap     ] GC(340)  Capacity:     2048M (100%)       2048M (100%)       2048M (100%)       2048M (100%)       2048M (100%)       2048M (100%)   
[113.875s][info][gc,heap     ] GC(340)      Free:     1614M (79%)        1556M (76%)        1632M (80%)        1732M (85%)        1734M (85%)        1538M (75%)    
[113.875s][info][gc,heap     ] GC(340)      Used:      434M (21%)         492M (24%)         416M (20%)         316M (15%)         510M (25%)         314M (15%)    
[113.875s][info][gc,heap     ] GC(340)      Live:         -               194M (9%)          194M (9%)          194M (9%)             -                  -          
[113.875s][info][gc,heap     ] GC(340) Allocated:         -                58M (3%)           80M (4%)           81M (4%)             -                  -          
[113.875s][info][gc,heap     ] GC(340)   Garbage:         -               239M (12%)         141M (7%)           39M (2%)             -                  -          
[113.875s][info][gc,heap     ] GC(340) Reclaimed:         -                  -                98M (5%)          199M (10%)            -                  -          
[113.875s][info][gc          ] GC(340) Garbage Collection (Allocation Rate) 434M(21%)->316M(15%)
[114.402s][info][gc,start    ] GC(341) Garbage Collection (Allocation Rate)
[114.402s][info][gc,task     ] GC(341) Using 2 workers
[114.402s][info][gc,phases   ] GC(341) Pause Mark Start 0.011ms
[114.461s][info][gc,phases   ] GC(341) Concurrent Mark 59.418ms
[114.461s][info][gc,phases   ] GC(341) Pause Mark End 0.063ms
[114.461s][info][gc,phases   ] GC(341) Concurrent Mark Free 0.001ms
[114.476s][info][gc,phases   ] GC(341) Concurrent Process Non-Strong References 14.559ms
[114.476s][info][gc,phases   ] GC(341) Concurrent Reset Relocation Set 0.004ms
[114.478s][info][gc,phases   ] GC(341) Concurrent Select Relocation Set 2.144ms
[114.479s][info][gc,phases   ] GC(341) Pause Relocate Start 0.007ms
[114.481s][info][gc,phases   ] GC(341) Concurrent Relocate 2.005ms
[114.481s][info][gc,load     ] GC(341) Load: 0.00/0.00/0.00
[114.481s][info][gc,mmu      ] GC(341) MMU: 2ms/83.4%, 5ms/93.4%, 10ms/96.7%, 20ms/97.9%, 50ms/99.2%, 100ms/99.5%
[114.481s][info][gc,marking  ] GC(341) Mark: 2 stripe(s), 3 proactive flush(es), 1 terminate flush(es), 1 completion(s), 0 continuation(s) 
[114.481s][info][gc,marking  ] GC(341) Mark Stack Usage: 32M
[114.481s][info][gc,nmethod  ] GC(341) NMethods: 11025 registered, 9099 unregistered
[114.481s][info][gc,metaspace] GC(341) Metaspace: 156M used, 157M committed, 1216M reserved
[114.481s][info][gc,ref      ] GC(341) Soft: 3273 encountered, 0 discovered, 0 enqueued
[114.481s][info][gc,ref      ] GC(341) Weak: 16686 encountered, 4669 discovered, 1602 enqueued
[114.481s][info][gc,ref      ] GC(341) Final: 52 encountered, 0 discovered, 0 enqueued
[114.481s][info][gc,ref      ] GC(341) Phantom: 600 encountered, 370 discovered, 0 enqueued
[114.481s][info][gc,reloc    ] GC(341) Small Pages: 175 / 350M, Empty: 10M, Relocated: 3M, In-Place: 0
[114.481s][info][gc,reloc    ] GC(341) Medium Pages: 9 / 288M, Empty: 128M, Relocated: 0M, In-Place: 0
[114.481s][info][gc,reloc    ] GC(341) Large Pages: 33 / 198M, Empty: 192M, Relocated: 0M, In-Place: 0
[114.481s][info][gc,reloc    ] GC(341) Forwarding Usage: 0M
[114.481s][info][gc,heap     ] GC(341) Min Capacity: 2048M(100%)
[114.481s][info][gc,heap     ] GC(341) Max Capacity: 2048M(100%)
[114.481s][info][gc,heap     ] GC(341) Soft Max Capacity: 2048M(100%)
[114.481s][info][gc,heap     ] GC(341)                Mark Start          Mark End        Relocate Start      Relocate End           High               Low         
[114.481s][info][gc,heap     ] GC(341)  Capacity:     2048M (100%)       2048M (100%)       2048M (100%)       2048M (100%)       2048M (100%)       2048M (100%)   
[114.481s][info][gc,heap     ] GC(341)      Free:     1212M (59%)        1136M (55%)        1438M (70%)        1696M (83%)        1702M (83%)        1108M (54%)    
[114.481s][info][gc,heap     ] GC(341)      Used:      836M (41%)         912M (45%)         610M (30%)         352M (17%)         940M (46%)         346M (17%)    
[114.481s][info][gc,heap     ] GC(341)      Live:         -               201M (10%)         201M (10%)         201M (10%)            -                  -          
[114.481s][info][gc,heap     ] GC(341) Allocated:         -                76M (4%)          104M (5%)          109M (5%)             -                  -          
[114.481s][info][gc,heap     ] GC(341)   Garbage:         -               634M (31%)         304M (15%)          40M (2%)             -                  -          
[114.481s][info][gc,heap     ] GC(341) Reclaimed:         -                  -               330M (16%)         593M (29%)            -                  -          
[114.481s][info][gc          ] GC(341) Garbage Collection (Allocation Rate) 836M(41%)->352M(17%)
[114.615s][info][gc,start    ] GC(342) Garbage Collection (System.gc())
[114.615s][info][gc,task     ] GC(342) Using 2 workers
[114.615s][info][gc,phases   ] GC(342) Pause Mark Start 0.012ms
[114.658s][info][gc,phases   ] GC(342) Concurrent Mark 42.947ms
[114.658s][info][gc,phases   ] GC(342) Pause Mark End 0.015ms
[114.658s][info][gc,phases   ] GC(342) Concurrent Mark Free 0.002ms
[114.671s][info][gc,phases   ] GC(342) Concurrent Process Non-Strong References 12.568ms
[114.671s][info][gc,phases   ] GC(342) Concurrent Reset Relocation Set 0.011ms
[114.673s][info][gc,phases   ] GC(342) Concurrent Select Relocation Set 2.045ms
[114.673s][info][gc,phases   ] GC(342) Pause Relocate Start 0.007ms
[114.677s][info][gc,phases   ] GC(342) Concurrent Relocate 4.100ms
[114.677s][info][gc,load     ] GC(342) Load: 0.00/0.00/0.00
[114.677s][info][gc,mmu      ] GC(342) MMU: 2ms/83.4%, 5ms/93.4%, 10ms/96.7%, 20ms/97.9%, 50ms/99.2%, 100ms/99.5%
[114.677s][info][gc,marking  ] GC(342) Mark: 2 stripe(s), 1 proactive flush(es), 1 terminate flush(es), 0 completion(s), 0 continuation(s) 
[114.677s][info][gc,marking  ] GC(342) Mark Stack Usage: 32M
[114.677s][info][gc,nmethod  ] GC(342) NMethods: 11031 registered, 9109 unregistered
[114.677s][info][gc,metaspace] GC(342) Metaspace: 156M used, 157M committed, 1216M reserved
[114.677s][info][gc,ref      ] GC(342) Soft: 3489 encountered, 0 discovered, 0 enqueued
[114.677s][info][gc,ref      ] GC(342) Weak: 15829 encountered, 3327 discovered, 694 enqueued
[114.677s][info][gc,ref      ] GC(342) Final: 52 encountered, 0 discovered, 0 enqueued
[114.677s][info][gc,ref      ] GC(342) Phantom: 600 encountered, 353 discovered, 0 enqueued
[114.677s][info][gc,reloc    ] GC(342) Small Pages: 102 / 204M, Empty: 0M, Relocated: 4M, In-Place: 0
[114.677s][info][gc,reloc    ] GC(342) Medium Pages: 6 / 192M, Empty: 64M, Relocated: 12M, In-Place: 0
[114.677s][info][gc,reloc    ] GC(342) Large Pages: 8 / 48M, Empty: 48M, Relocated: 0M, In-Place: 0
[114.677s][info][gc,reloc    ] GC(342) Forwarding Usage: 1M
[114.677s][info][gc,heap     ] GC(342) Min Capacity: 2048M(100%)
[114.677s][info][gc,heap     ] GC(342) Max Capacity: 2048M(100%)
[114.677s][info][gc,heap     ] GC(342) Soft Max Capacity: 2048M(100%)
[114.677s][info][gc,heap     ] GC(342)                Mark Start          Mark End        Relocate Start      Relocate End           High               Low         
[114.677s][info][gc,heap     ] GC(342)  Capacity:     2048M (100%)       2048M (100%)       2048M (100%)       2048M (100%)       2048M (100%)       2048M (100%)   
[114.677s][info][gc,heap     ] GC(342)      Free:     1604M (78%)        1604M (78%)        1704M (83%)        1858M (91%)        1860M (91%)        1594M (78%)    
[114.677s][info][gc,heap     ] GC(342)      Used:      444M (22%)         444M (22%)         344M (17%)         190M (9%)          454M (22%)         188M (9%)     
[114.677s][info][gc,heap     ] GC(342)      Live:         -               131M (6%)          131M (6%)          131M (6%)             -                  -          
[114.677s][info][gc,heap     ] GC(342) Allocated:         -                 0M (0%)           12M (1%)           21M (1%)             -                  -          
[114.677s][info][gc,heap     ] GC(342)   Garbage:         -               312M (15%)         200M (10%)          36M (2%)             -                  -          
[114.677s][info][gc,heap     ] GC(342) Reclaimed:         -                  -               112M (5%)          275M (13%)            -                  -          
[114.677s][info][gc          ] GC(342) Garbage Collection (System.gc()) 444M(22%)->190M(9%)
[114.904s][info][gc,start    ] GC(343) Garbage Collection (Allocation Rate)
[114.904s][info][gc,task     ] GC(343) Using 2 workers
[114.904s][info][gc,phases   ] GC(343) Pause Mark Start 0.020ms
[115.013s][info][gc,phases   ] GC(343) Concurrent Mark 109.346ms
[115.014s][info][gc,phases   ] GC(343) Pause Mark End 0.035ms
[115.014s][info][gc,phases   ] GC(343) Concurrent Mark Free 0.002ms
[115.041s][info][gc,phases   ] GC(343) Concurrent Process Non-Strong References 27.462ms
[115.041s][info][gc,phases   ] GC(343) Concurrent Reset Relocation Set 0.006ms
[115.041s][info][gc          ] Allocation Stall (Executor task launch worker for task 2.0 in stage 2395.0 (TID 9584)) 32.550ms
[115.041s][info][gc          ] Allocation Stall (Executor task launch worker for task 3.0 in stage 2395.0 (TID 9585)) 32.281ms
[115.041s][info][gc          ] Allocation Stall (Executor task launch worker for task 4.0 in stage 2395.0 (TID 9586)) 32.393ms
[115.041s][info][gc          ] Allocation Stall (Executor task launch worker for task 1.0 in stage 2395.0 (TID 9583)) 32.655ms
[115.041s][info][gc          ] Allocation Stall (Executor task launch worker for task 0.0 in stage 2395.0 (TID 9582)) 31.460ms
[115.046s][info][gc,phases   ] GC(343) Concurrent Select Relocation Set 4.494ms
[115.046s][info][gc,phases   ] GC(343) Pause Relocate Start 0.015ms
[115.061s][info][gc,phases   ] GC(343) Concurrent Relocate 14.472ms
[115.061s][info][gc,load     ] GC(343) Load: 0.00/0.00/0.00
[115.061s][info][gc,mmu      ] GC(343) MMU: 2ms/83.4%, 5ms/93.4%, 10ms/96.7%, 20ms/97.9%, 50ms/99.2%, 100ms/99.5%
[115.061s][info][gc,marking  ] GC(343) Mark: 2 stripe(s), 2 proactive flush(es), 1 terminate flush(es), 0 completion(s), 0 continuation(s) 
[115.061s][info][gc,marking  ] GC(343) Mark Stack Usage: 32M
[115.061s][info][gc,nmethod  ] GC(343) NMethods: 11035 registered, 9113 unregistered
[115.061s][info][gc,metaspace] GC(343) Metaspace: 156M used, 157M committed, 1216M reserved
[115.061s][info][gc,ref      ] GC(343) Soft: 3555 encountered, 0 discovered, 0 enqueued
[115.061s][info][gc,ref      ] GC(343) Weak: 15498 encountered, 2765 discovered, 204 enqueued
[115.061s][info][gc,ref      ] GC(343) Final: 52 encountered, 0 discovered, 0 enqueued
[115.061s][info][gc,ref      ] GC(343) Phantom: 600 encountered, 330 discovered, 0 enqueued
[115.061s][info][gc,reloc    ] GC(343) Small Pages: 583 / 1166M, Empty: 880M, Relocated: 7M, In-Place: 0
[115.061s][info][gc,reloc    ] GC(343) Medium Pages: 6 / 192M, Empty: 0M, Relocated: 17M, In-Place: 0
[115.061s][info][gc,reloc    ] GC(343) Large Pages: 6 / 36M, Empty: 36M, Relocated: 0M, In-Place: 0
[115.061s][info][gc,reloc    ] GC(343) Forwarding Usage: 1M
[115.061s][info][gc,heap     ] GC(343) Min Capacity: 2048M(100%)
[115.061s][info][gc,heap     ] GC(343) Max Capacity: 2048M(100%)
[115.061s][info][gc,heap     ] GC(343) Soft Max Capacity: 2048M(100%)
[115.061s][info][gc,heap     ] GC(343)                Mark Start          Mark End        Relocate Start      Relocate End           High               Low         
[115.061s][info][gc,heap     ] GC(343)  Capacity:     2048M (100%)       2048M (100%)       2048M (100%)       2048M (100%)       2048M (100%)       2048M (100%)   
[115.061s][info][gc,heap     ] GC(343)      Free:      654M (32%)           0M (0%)          878M (43%)        1048M (51%)        1048M (51%)           0M (0%)     
[115.061s][info][gc,heap     ] GC(343)      Used:     1394M (68%)        2048M (100%)       1170M (57%)        1000M (49%)        2048M (100%)       1000M (49%)    
[115.061s][info][gc,heap     ] GC(343)      Live:         -               156M (8%)          156M (8%)          156M (8%)             -                  -          
[115.061s][info][gc,heap     ] GC(343) Allocated:         -               654M (32%)         692M (34%)         791M (39%)            -                  -          
[115.061s][info][gc,heap     ] GC(343)   Garbage:         -              1237M (60%)         321M (16%)          52M (3%)             -                  -          
[115.061s][info][gc,heap     ] GC(343) Reclaimed:         -                  -               916M (45%)        1185M (58%)            -                  -          
[115.061s][info][gc          ] GC(343) Garbage Collection (Allocation Rate) 1394M(68%)->1000M(49%)
[115.111s][info][gc,start    ] GC(344) Garbage Collection (Allocation Stall)
[115.111s][info][gc,ref      ] GC(344) Clearing All SoftReferences
[115.111s][info][gc,task     ] GC(344) Using 2 workers
[115.111s][info][gc,ref      ] GC(344) Clearing All SoftReferences
[115.111s][info][gc,phases   ] GC(344) Pause Mark Start 0.043ms
[115.169s][info][gc,phases   ] GC(344) Concurrent Mark 58.502ms
[115.170s][info][gc,phases   ] GC(344) Pause Mark End 0.281ms
[115.170s][info][gc,phases   ] GC(344) Concurrent Mark Free 0.001ms
[115.199s][info][gc,phases   ] GC(344) Concurrent Process Non-Strong References 28.715ms
[115.199s][info][gc,phases   ] GC(344) Concurrent Reset Relocation Set 0.010ms
[115.201s][info][gc,phases   ] GC(344) Concurrent Select Relocation Set 2.312ms
[115.201s][info][gc,phases   ] GC(344) Pause Relocate Start 0.007ms
[115.219s][info][gc,phases   ] GC(344) Concurrent Relocate 17.810ms
[115.219s][info][gc,load     ] GC(344) Load: 0.00/0.00/0.00
[115.219s][info][gc,mmu      ] GC(344) MMU: 2ms/83.4%, 5ms/93.4%, 10ms/96.7%, 20ms/97.9%, 50ms/99.2%, 100ms/99.5%
[115.219s][info][gc,marking  ] GC(344) Mark: 2 stripe(s), 3 proactive flush(es), 1 terminate flush(es), 1 completion(s), 0 continuation(s) 
[115.219s][info][gc,marking  ] GC(344) Mark Stack Usage: 32M
[115.219s][info][gc,nmethod  ] GC(344) NMethods: 11041 registered, 9115 unregistered
[115.219s][info][gc,metaspace] GC(344) Metaspace: 156M used, 157M committed, 1216M reserved
[115.219s][info][gc,ref      ] GC(344) Soft: 3489 encountered, 3047 discovered, 219 enqueued
[115.219s][info][gc,ref      ] GC(344) Weak: 15309 encountered, 1821 discovered, 51 enqueued
[115.219s][info][gc,ref      ] GC(344) Final: 52 encountered, 0 discovered, 0 enqueued
[115.219s][info][gc,ref      ] GC(344) Phantom: 600 encountered, 374 discovered, 0 enqueued
[115.219s][info][gc,reloc    ] GC(344) Small Pages: 396 / 792M, Empty: 498M, Relocated: 2M, In-Place: 0
[115.219s][info][gc,reloc    ] GC(344) Medium Pages: 10 / 320M, Empty: 0M, Relocated: 74M, In-Place: 0
[115.219s][info][gc,reloc    ] GC(344) Large Pages: 1 / 6M, Empty: 6M, Relocated: 0M, In-Place: 0
[115.219s][info][gc,reloc    ] GC(344) Forwarding Usage: 0M
[115.219s][info][gc,heap     ] GC(344) Min Capacity: 2048M(100%)
[115.219s][info][gc,heap     ] GC(344) Max Capacity: 2048M(100%)
[115.219s][info][gc,heap     ] GC(344) Soft Max Capacity: 2048M(100%)
[115.219s][info][gc,heap     ] GC(344)                Mark Start          Mark End        Relocate Start      Relocate End           High               Low         
[115.219s][info][gc,heap     ] GC(344)  Capacity:     2048M (100%)       2048M (100%)       2048M (100%)       2048M (100%)       2048M (100%)       2048M (100%)   
[115.219s][info][gc,heap     ] GC(344)      Free:      930M (45%)         848M (41%)        1324M (65%)        1732M (85%)        1732M (85%)         826M (40%)    
[115.219s][info][gc,heap     ] GC(344)      Used:     1118M (55%)        1200M (59%)         724M (35%)         316M (15%)        1222M (60%)         316M (15%)    
[115.219s][info][gc,heap     ] GC(344)      Live:         -               193M (9%)          193M (9%)          193M (9%)             -                  -          
[115.219s][info][gc,heap     ] GC(344) Allocated:         -                82M (4%)          110M (5%)           97M (5%)             -                  -          
[115.219s][info][gc,heap     ] GC(344)   Garbage:         -               924M (45%)         420M (21%)          25M (1%)             -                  -          
[115.219s][info][gc,heap     ] GC(344) Reclaimed:         -                  -               504M (25%)         899M (44%)            -                  -          
[115.219s][info][gc          ] GC(344) Garbage Collection (Allocation Stall) 1118M(55%)->316M(15%)
[115.305s][info][gc,start    ] GC(345) Garbage Collection (Allocation Rate)
[115.305s][info][gc,task     ] GC(345) Using 2 workers
[115.305s][info][gc,phases   ] GC(345) Pause Mark Start 0.009ms
[115.365s][info][gc,phases   ] GC(345) Concurrent Mark 59.632ms
[115.365s][info][gc,phases   ] GC(345) Pause Mark End 0.026ms
[115.365s][info][gc,phases   ] GC(345) Concurrent Mark Free 0.002ms
[115.377s][info][gc,phases   ] GC(345) Concurrent Process Non-Strong References 11.746ms
[115.377s][info][gc,phases   ] GC(345) Concurrent Reset Relocation Set 0.007ms
[115.379s][info][gc,phases   ] GC(345) Concurrent Select Relocation Set 2.385ms
[115.379s][info][gc,phases   ] GC(345) Pause Relocate Start 0.009ms
[115.382s][info][gc,phases   ] GC(345) Concurrent Relocate 2.400ms
[115.382s][info][gc,load     ] GC(345) Load: 0.00/0.00/0.00
[115.382s][info][gc,mmu      ] GC(345) MMU: 2ms/83.4%, 5ms/93.4%, 10ms/96.7%, 20ms/97.9%, 50ms/99.2%, 100ms/99.5%
[115.382s][info][gc,marking  ] GC(345) Mark: 2 stripe(s), 2 proactive flush(es), 1 terminate flush(es), 0 completion(s), 0 continuation(s) 
[115.382s][info][gc,marking  ] GC(345) Mark Stack Usage: 32M
[115.382s][info][gc,nmethod  ] GC(345) NMethods: 11039 registered, 9118 unregistered
[115.382s][info][gc,metaspace] GC(345) Metaspace: 156M used, 157M committed, 1216M reserved
[115.382s][info][gc,ref      ] GC(345) Soft: 3268 encountered, 0 discovered, 0 enqueued
[115.382s][info][gc,ref      ] GC(345) Weak: 15579 encountered, 3608 discovered, 582 enqueued
[115.382s][info][gc,ref      ] GC(345) Final: 52 encountered, 0 discovered, 0 enqueued
[115.382s][info][gc,ref      ] GC(345) Phantom: 600 encountered, 383 discovered, 0 enqueued
[115.382s][info][gc,reloc    ] GC(345) Small Pages: 79 / 158M, Empty: 0M, Relocated: 4M, In-Place: 0
[115.382s][info][gc,reloc    ] GC(345) Medium Pages: 6 / 192M, Empty: 32M, Relocated: 0M, In-Place: 0
[115.382s][info][gc,reloc    ] GC(345) Large Pages: 10 / 60M, Empty: 60M, Relocated: 0M, In-Place: 0
[115.382s][info][gc,reloc    ] GC(345) Forwarding Usage: 0M
[115.382s][info][gc,heap     ] GC(345) Min Capacity: 2048M(100%)
[115.382s][info][gc,heap     ] GC(345) Max Capacity: 2048M(100%)
[115.382s][info][gc,heap     ] GC(345) Soft Max Capacity: 2048M(100%)
[115.382s][info][gc,heap     ] GC(345)                Mark Start          Mark End        Relocate Start      Relocate End           High               Low         
[115.382s][info][gc,heap     ] GC(345)  Capacity:     2048M (100%)       2048M (100%)       2048M (100%)       2048M (100%)       2048M (100%)       2048M (100%)   
[115.382s][info][gc,heap     ] GC(345)      Free:     1638M (80%)        1566M (76%)        1624M (79%)        1700M (83%)        1702M (83%)        1534M (75%)    
[115.382s][info][gc,heap     ] GC(345)      Used:      410M (20%)         482M (24%)         424M (21%)         348M (17%)         514M (25%)         346M (17%)    
[115.382s][info][gc,heap     ] GC(345)      Live:         -               193M (9%)          193M (9%)          193M (9%)             -                  -          
[115.382s][info][gc,heap     ] GC(345) Allocated:         -                72M (4%)          106M (5%)          113M (6%)             -                  -          
[115.382s][info][gc,heap     ] GC(345)   Garbage:         -               216M (11%)         124M (6%)           40M (2%)             -                  -          
[115.382s][info][gc,heap     ] GC(345) Reclaimed:         -                  -                92M (4%)          175M (9%)             -                  -          
[115.382s][info][gc          ] GC(345) Garbage Collection (Allocation Rate) 410M(20%)->348M(17%)
[115.407s][info][gc,start    ] GC(346) Garbage Collection (Allocation Rate)
[115.407s][info][gc,task     ] GC(346) Using 2 workers
[115.407s][info][gc,phases   ] GC(346) Pause Mark Start 0.009ms
[115.471s][info][gc,phases   ] GC(346) Concurrent Mark 64.030ms
[115.471s][info][gc,phases   ] GC(346) Pause Mark End 0.076ms
[115.471s][info][gc,phases   ] GC(346) Concurrent Mark Free 0.002ms
[115.485s][info][gc,phases   ] GC(346) Concurrent Process Non-Strong References 13.388ms
[115.485s][info][gc,phases   ] GC(346) Concurrent Reset Relocation Set 0.003ms
[115.487s][info][gc,phases   ] GC(346) Concurrent Select Relocation Set 1.801ms
[115.487s][info][gc,phases   ] GC(346) Pause Relocate Start 0.008ms
[115.488s][info][gc,phases   ] GC(346) Concurrent Relocate 1.033ms
[115.488s][info][gc,load     ] GC(346) Load: 0.00/0.00/0.00
[115.488s][info][gc,mmu      ] GC(346) MMU: 2ms/83.4%, 5ms/93.4%, 10ms/96.7%, 20ms/97.9%, 50ms/99.2%, 100ms/99.5%
[115.488s][info][gc,marking  ] GC(346) Mark: 2 stripe(s), 2 proactive flush(es), 1 terminate flush(es), 1 completion(s), 0 continuation(s) 
[115.488s][info][gc,marking  ] GC(346) Mark Stack Usage: 32M
[115.488s][info][gc,nmethod  ] GC(346) NMethods: 11039 registered, 9119 unregistered
[115.488s][info][gc,metaspace] GC(346) Metaspace: 156M used, 157M committed, 1216M reserved
[115.488s][info][gc,ref      ] GC(346) Soft: 3270 encountered, 0 discovered, 0 enqueued
[115.488s][info][gc,ref      ] GC(346) Weak: 15290 encountered, 4434 discovered, 153 enqueued
[115.488s][info][gc,ref      ] GC(346) Final: 52 encountered, 0 discovered, 0 enqueued
[115.488s][info][gc,ref      ] GC(346) Phantom: 600 encountered, 347 discovered, 0 enqueued
[115.488s][info][gc,reloc    ] GC(346) Small Pages: 73 / 146M, Empty: 2M, Relocated: 1M, In-Place: 0
[115.488s][info][gc,reloc    ] GC(346) Medium Pages: 6 / 192M, Empty: 32M, Relocated: 0M, In-Place: 0
[115.488s][info][gc,reloc    ] GC(346) Large Pages: 5 / 30M, Empty: 30M, Relocated: 0M, In-Place: 0
[115.488s][info][gc,reloc    ] GC(346) Forwarding Usage: 0M
[115.488s][info][gc,heap     ] GC(346) Min Capacity: 2048M(100%)
[115.488s][info][gc,heap     ] GC(346) Max Capacity: 2048M(100%)
[115.488s][info][gc,heap     ] GC(346) Soft Max Capacity: 2048M(100%)
[115.488s][info][gc,heap     ] GC(346)                Mark Start          Mark End        Relocate Start      Relocate End           High               Low         
[115.488s][info][gc,heap     ] GC(346)  Capacity:     2048M (100%)       2048M (100%)       2048M (100%)       2048M (100%)       2048M (100%)       2048M (100%)   
[115.488s][info][gc,heap     ] GC(346)      Free:     1680M (82%)        1596M (78%)        1646M (80%)        1712M (84%)        1712M (84%)        1582M (77%)    
[115.488s][info][gc,heap     ] GC(346)      Used:      368M (18%)         452M (22%)         402M (20%)         336M (16%)         466M (23%)         336M (16%)    
[115.488s][info][gc,heap     ] GC(346)      Live:         -               193M (9%)          193M (9%)          193M (9%)             -                  -          
[115.488s][info][gc,heap     ] GC(346) Allocated:         -                84M (4%)           98M (5%)          101M (5%)             -                  -          
[115.488s][info][gc,heap     ] GC(346)   Garbage:         -               174M (9%)          110M (5%)           40M (2%)             -                  -          
[115.488s][info][gc,heap     ] GC(346) Reclaimed:         -                  -                64M (3%)          133M (7%)             -                  -          
[115.488s][info][gc          ] GC(346) Garbage Collection (Allocation Rate) 368M(18%)->336M(16%)
[115.502s][info][gc,start    ] GC(347) Garbage Collection (Allocation Rate)
[115.502s][info][gc,task     ] GC(347) Using 2 workers
[115.502s][info][gc,phases   ] GC(347) Pause Mark Start 0.006ms
[115.556s][info][gc,phases   ] GC(347) Concurrent Mark 54.067ms
[115.556s][info][gc,phases   ] GC(347) Pause Mark End 0.051ms
[115.556s][info][gc,phases   ] GC(347) Concurrent Mark Free 0.001ms
[115.570s][info][gc,phases   ] GC(347) Concurrent Process Non-Strong References 13.899ms
[115.570s][info][gc,phases   ] GC(347) Concurrent Reset Relocation Set 0.005ms
[115.572s][info][gc,phases   ] GC(347) Concurrent Select Relocation Set 1.916ms
[115.572s][info][gc,phases   ] GC(347) Pause Relocate Start 0.011ms
[115.574s][info][gc,phases   ] GC(347) Concurrent Relocate 1.719ms
[115.574s][info][gc,load     ] GC(347) Load: 0.00/0.00/0.00
[115.574s][info][gc,mmu      ] GC(347) MMU: 2ms/83.4%, 5ms/93.4%, 10ms/96.7%, 20ms/97.9%, 50ms/99.2%, 100ms/99.5%
[115.574s][info][gc,marking  ] GC(347) Mark: 2 stripe(s), 2 proactive flush(es), 1 terminate flush(es), 1 completion(s), 0 continuation(s) 
[115.574s][info][gc,marking  ] GC(347) Mark Stack Usage: 32M
[115.574s][info][gc,nmethod  ] GC(347) NMethods: 11038 registered, 9121 unregistered
[115.574s][info][gc,metaspace] GC(347) Metaspace: 156M used, 157M committed, 1216M reserved
[115.574s][info][gc,ref      ] GC(347) Soft: 3276 encountered, 0 discovered, 0 enqueued
[115.574s][info][gc,ref      ] GC(347) Weak: 15360 encountered, 2902 discovered, 293 enqueued
[115.574s][info][gc,ref      ] GC(347) Final: 52 encountered, 0 discovered, 0 enqueued
[115.574s][info][gc,ref      ] GC(347) Phantom: 600 encountered, 372 discovered, 0 enqueued
[115.574s][info][gc,reloc    ] GC(347) Small Pages: 65 / 130M, Empty: 0M, Relocated: 2M, In-Place: 0
[115.574s][info][gc,reloc    ] GC(347) Medium Pages: 6 / 192M, Empty: 32M, Relocated: 0M, In-Place: 0
[115.574s][info][gc,reloc    ] GC(347) Large Pages: 5 / 30M, Empty: 30M, Relocated: 0M, In-Place: 0
[115.574s][info][gc,reloc    ] GC(347) Forwarding Usage: 0M
[115.574s][info][gc,heap     ] GC(347) Min Capacity: 2048M(100%)
[115.574s][info][gc,heap     ] GC(347) Max Capacity: 2048M(100%)
[115.574s][info][gc,heap     ] GC(347) Soft Max Capacity: 2048M(100%)
[115.574s][info][gc,heap     ] GC(347)                Mark Start          Mark End        Relocate Start      Relocate End           High               Low         
[115.574s][info][gc,heap     ] GC(347)  Capacity:     2048M (100%)       2048M (100%)       2048M (100%)       2048M (100%)       2048M (100%)       2048M (100%)   
[115.574s][info][gc,heap     ] GC(347)      Free:     1696M (83%)        1620M (79%)        1660M (81%)        1712M (84%)        1712M (84%)        1598M (78%)    
[115.574s][info][gc,heap     ] GC(347)      Used:      352M (17%)         428M (21%)         388M (19%)         336M (16%)         450M (22%)         336M (16%)    
[115.574s][info][gc,heap     ] GC(347)      Live:         -               194M (9%)          194M (9%)          194M (9%)             -                  -          
[115.574s][info][gc,heap     ] GC(347) Allocated:         -                76M (4%)           98M (5%)          101M (5%)             -                  -          
[115.574s][info][gc,heap     ] GC(347)   Garbage:         -               157M (8%)           95M (5%)           39M (2%)             -                  -          
[115.574s][info][gc,heap     ] GC(347) Reclaimed:         -                  -                62M (3%)          117M (6%)             -                  -          
[115.574s][info][gc          ] GC(347) Garbage Collection (Allocation Rate) 352M(17%)->336M(16%)
[116.215s][info][gc,start    ] GC(348) Garbage Collection (Allocation Rate)
[116.216s][info][gc,task     ] GC(348) Using 2 workers
[116.216s][info][gc,phases   ] GC(348) Pause Mark Start 0.011ms
[116.279s][info][gc,phases   ] GC(348) Concurrent Mark 63.480ms
[116.280s][info][gc,phases   ] GC(348) Pause Mark End 0.121ms
[116.280s][info][gc,phases   ] GC(348) Concurrent Mark Free 0.001ms
[116.292s][info][gc,phases   ] GC(348) Concurrent Process Non-Strong References 12.564ms
[116.292s][info][gc,phases   ] GC(348) Concurrent Reset Relocation Set 0.003ms
[116.294s][info][gc,phases   ] GC(348) Concurrent Select Relocation Set 2.173ms
[116.295s][info][gc,phases   ] GC(348) Pause Relocate Start 0.010ms
[116.298s][info][gc,phases   ] GC(348) Concurrent Relocate 3.194ms
[116.298s][info][gc,load     ] GC(348) Load: 0.00/0.00/0.00
[116.298s][info][gc,mmu      ] GC(348) MMU: 2ms/83.4%, 5ms/93.4%, 10ms/96.7%, 20ms/97.9%, 50ms/99.2%, 100ms/99.5%
[116.298s][info][gc,marking  ] GC(348) Mark: 2 stripe(s), 2 proactive flush(es), 1 terminate flush(es), 1 completion(s), 0 continuation(s) 
[116.298s][info][gc,marking  ] GC(348) Mark Stack Usage: 32M
[116.298s][info][gc,nmethod  ] GC(348) NMethods: 11039 registered, 9128 unregistered
[116.298s][info][gc,metaspace] GC(348) Metaspace: 156M used, 157M committed, 1216M reserved
[116.298s][info][gc,ref      ] GC(348) Soft: 3272 encountered, 0 discovered, 0 enqueued
[116.298s][info][gc,ref      ] GC(348) Weak: 17053 encountered, 4514 discovered, 1891 enqueued
[116.298s][info][gc,ref      ] GC(348) Final: 52 encountered, 0 discovered, 0 enqueued
[116.298s][info][gc,ref      ] GC(348) Phantom: 600 encountered, 338 discovered, 0 enqueued
[116.298s][info][gc,reloc    ] GC(348) Small Pages: 197 / 394M, Empty: 10M, Relocated: 6M, In-Place: 0
[116.298s][info][gc,reloc    ] GC(348) Medium Pages: 9 / 288M, Empty: 128M, Relocated: 0M, In-Place: 0
[116.298s][info][gc,reloc    ] GC(348) Large Pages: 40 / 240M, Empty: 240M, Relocated: 0M, In-Place: 0
[116.298s][info][gc,reloc    ] GC(348) Forwarding Usage: 1M
[116.298s][info][gc,heap     ] GC(348) Min Capacity: 2048M(100%)
[116.298s][info][gc,heap     ] GC(348) Max Capacity: 2048M(100%)
[116.298s][info][gc,heap     ] GC(348) Soft Max Capacity: 2048M(100%)
[116.298s][info][gc,heap     ] GC(348)                Mark Start          Mark End        Relocate Start      Relocate End           High               Low         
[116.298s][info][gc,heap     ] GC(348)  Capacity:     2048M (100%)       2048M (100%)       2048M (100%)       2048M (100%)       2048M (100%)       2048M (100%)   
[116.298s][info][gc,heap     ] GC(348)      Free:     1126M (55%)        1042M (51%)        1412M (69%)        1710M (83%)        1716M (84%)        1034M (50%)    
[116.298s][info][gc,heap     ] GC(348)      Used:      922M (45%)        1006M (49%)         636M (31%)         338M (17%)        1014M (50%)         332M (16%)    
[116.298s][info][gc,heap     ] GC(348)      Live:         -               195M (10%)         195M (10%)         195M (10%)            -                  -          
[116.298s][info][gc,heap     ] GC(348) Allocated:         -                84M (4%)           92M (4%)          103M (5%)             -                  -          
[116.298s][info][gc,heap     ] GC(348)   Garbage:         -               726M (35%)         348M (17%)          38M (2%)             -                  -          
[116.298s][info][gc,heap     ] GC(348) Reclaimed:         -                  -               378M (18%)         687M (34%)            -                  -          
[116.298s][info][gc          ] GC(348) Garbage Collection (Allocation Rate) 922M(45%)->338M(17%)
[116.361s][info][gc,start    ] GC(349) Garbage Collection (System.gc())
[116.361s][info][gc,task     ] GC(349) Using 2 workers
[116.361s][info][gc,phases   ] GC(349) Pause Mark Start 0.013ms
[116.405s][info][gc,phases   ] GC(349) Concurrent Mark 44.089ms
[116.406s][info][gc,phases   ] GC(349) Pause Mark End 0.018ms
[116.406s][info][gc,phases   ] GC(349) Concurrent Mark Free 0.002ms
[116.419s][info][gc,phases   ] GC(349) Concurrent Process Non-Strong References 12.867ms
[116.419s][info][gc,phases   ] GC(349) Concurrent Reset Relocation Set 0.013ms
[116.420s][info][gc,phases   ] GC(349) Concurrent Select Relocation Set 1.566ms
[116.420s][info][gc,phases   ] GC(349) Pause Relocate Start 0.006ms
[116.424s][info][gc,phases   ] GC(349) Concurrent Relocate 3.180ms
[116.424s][info][gc,load     ] GC(349) Load: 0.00/0.00/0.00
[116.424s][info][gc,mmu      ] GC(349) MMU: 2ms/83.4%, 5ms/93.4%, 10ms/96.7%, 20ms/97.9%, 50ms/99.2%, 100ms/99.5%
[116.424s][info][gc,marking  ] GC(349) Mark: 2 stripe(s), 1 proactive flush(es), 1 terminate flush(es), 0 completion(s), 0 continuation(s) 
[116.424s][info][gc,marking  ] GC(349) Mark Stack Usage: 32M
[116.424s][info][gc,nmethod  ] GC(349) NMethods: 11077 registered, 9132 unregistered
[116.424s][info][gc,metaspace] GC(349) Metaspace: 156M used, 157M committed, 1216M reserved
[116.424s][info][gc,ref      ] GC(349) Soft: 3488 encountered, 0 discovered, 0 enqueued
[116.424s][info][gc,ref      ] GC(349) Weak: 15686 encountered, 4631 discovered, 555 enqueued
[116.424s][info][gc,ref      ] GC(349) Final: 52 encountered, 0 discovered, 0 enqueued
[116.424s][info][gc,ref      ] GC(349) Phantom: 600 encountered, 365 discovered, 0 enqueued
[116.424s][info][gc,reloc    ] GC(349) Small Pages: 85 / 170M, Empty: 0M, Relocated: 3M, In-Place: 0
[116.424s][info][gc,reloc    ] GC(349) Medium Pages: 6 / 192M, Empty: 64M, Relocated: 12M, In-Place: 0
[116.424s][info][gc,reloc    ] GC(349) Large Pages: 3 / 18M, Empty: 18M, Relocated: 0M, In-Place: 0
[116.424s][info][gc,reloc    ] GC(349) Forwarding Usage: 1M
[116.424s][info][gc,heap     ] GC(349) Min Capacity: 2048M(100%)
[116.424s][info][gc,heap     ] GC(349) Max Capacity: 2048M(100%)
[116.424s][info][gc,heap     ] GC(349) Soft Max Capacity: 2048M(100%)
[116.424s][info][gc,heap     ] GC(349)                Mark Start          Mark End        Relocate Start      Relocate End           High               Low         
[116.424s][info][gc,heap     ] GC(349)  Capacity:     2048M (100%)       2048M (100%)       2048M (100%)       2048M (100%)       2048M (100%)       2048M (100%)   
[116.424s][info][gc,heap     ] GC(349)      Free:     1668M (81%)        1666M (81%)        1740M (85%)        1860M (91%)        1862M (91%)        1658M (81%)    
[116.424s][info][gc,heap     ] GC(349)      Used:      380M (19%)         382M (19%)         308M (15%)         188M (9%)          390M (19%)         186M (9%)     
[116.424s][info][gc,heap     ] GC(349)      Live:         -               130M (6%)          130M (6%)          130M (6%)             -                  -          
[116.424s][info][gc,heap     ] GC(349) Allocated:         -                 2M (0%)           10M (0%)           19M (1%)             -                  -          
[116.424s][info][gc,heap     ] GC(349)   Garbage:         -               249M (12%)         167M (8%)           37M (2%)             -                  -          
[116.424s][info][gc,heap     ] GC(349) Reclaimed:         -                  -                82M (4%)          211M (10%)            -                  -          
[116.424s][info][gc          ] GC(349) Garbage Collection (System.gc()) 380M(19%)->188M(9%)
[116.708s][info][gc,start    ] GC(350) Garbage Collection (Allocation Rate)
[116.708s][info][gc,task     ] GC(350) Using 2 workers
[116.709s][info][gc,phases   ] GC(350) Pause Mark Start 0.015ms
[116.787s][info][gc,phases   ] GC(350) Concurrent Mark 78.247ms
[116.787s][info][gc,phases   ] GC(350) Pause Mark End 0.032ms
[116.787s][info][gc,phases   ] GC(350) Concurrent Mark Free 0.002ms
[116.816s][info][gc,phases   ] GC(350) Concurrent Process Non-Strong References 28.643ms
[116.816s][info][gc,phases   ] GC(350) Concurrent Reset Relocation Set 0.005ms
[116.816s][info][gc          ] Allocation Stall (Executor task launch worker for task 1.0 in stage 2441.0 (TID 9767)) 50.140ms
[116.816s][info][gc          ] Allocation Stall (Spark Context Cleaner) 29.217ms
[116.816s][info][gc          ] Allocation Stall (Executor task launch worker for task 2.0 in stage 2441.0 (TID 9768)) 51.100ms
[116.816s][info][gc          ] Allocation Stall (Executor task launch worker for task 3.0 in stage 2441.0 (TID 9769)) 50.917ms
[116.816s][info][gc          ] Allocation Stall (Executor task launch worker for task 0.0 in stage 2441.0 (TID 9766)) 50.903ms
[116.816s][info][gc          ] Allocation Stall (Executor task launch worker for task 4.0 in stage 2441.0 (TID 9770)) 49.309ms
[116.820s][info][gc,phases   ] GC(350) Concurrent Select Relocation Set 4.115ms
[116.820s][info][gc,phases   ] GC(350) Pause Relocate Start 0.013ms
[116.845s][info][gc,phases   ] GC(350) Concurrent Relocate 24.287ms
[116.845s][info][gc,load     ] GC(350) Load: 0.00/0.00/0.00
[116.845s][info][gc,mmu      ] GC(350) MMU: 2ms/83.4%, 5ms/93.4%, 10ms/96.7%, 20ms/97.9%, 50ms/99.2%, 100ms/99.5%
[116.845s][info][gc,marking  ] GC(350) Mark: 2 stripe(s), 2 proactive flush(es), 1 terminate flush(es), 0 completion(s), 0 continuation(s) 
[116.845s][info][gc,marking  ] GC(350) Mark Stack Usage: 32M
[116.845s][info][gc,nmethod  ] GC(350) NMethods: 11095 registered, 9136 unregistered
[116.845s][info][gc,metaspace] GC(350) Metaspace: 156M used, 157M committed, 1216M reserved
[116.845s][info][gc,ref      ] GC(350) Soft: 3552 encountered, 0 discovered, 0 enqueued
[116.845s][info][gc,ref      ] GC(350) Weak: 15493 encountered, 3460 discovered, 223 enqueued
[116.845s][info][gc,ref      ] GC(350) Final: 52 encountered, 0 discovered, 0 enqueued
[116.845s][info][gc,ref      ] GC(350) Phantom: 600 encountered, 371 discovered, 0 enqueued
[116.845s][info][gc,reloc    ] GC(350) Small Pages: 743 / 1486M, Empty: 1124M, Relocated: 6M, In-Place: 0
[116.845s][info][gc,reloc    ] GC(350) Medium Pages: 8 / 256M, Empty: 0M, Relocated: 53M, In-Place: 0
[116.845s][info][gc,reloc    ] GC(350) Large Pages: 6 / 36M, Empty: 36M, Relocated: 0M, In-Place: 0
[116.845s][info][gc,reloc    ] GC(350) Forwarding Usage: 1M
[116.845s][info][gc,heap     ] GC(350) Min Capacity: 2048M(100%)
[116.845s][info][gc,heap     ] GC(350) Max Capacity: 2048M(100%)
[116.845s][info][gc,heap     ] GC(350) Soft Max Capacity: 2048M(100%)
[116.845s][info][gc,heap     ] GC(350)                Mark Start          Mark End        Relocate Start      Relocate End           High               Low         
[116.845s][info][gc,heap     ] GC(350)  Capacity:     2048M (100%)       2048M (100%)       2048M (100%)       2048M (100%)       2048M (100%)       2048M (100%)   
[116.845s][info][gc,heap     ] GC(350)      Free:      270M (13%)           0M (0%)         1130M (55%)        1418M (69%)        1426M (70%)           0M (0%)     
[116.845s][info][gc,heap     ] GC(350)      Used:     1778M (87%)        2048M (100%)        918M (45%)         630M (31%)        2048M (100%)        622M (30%)    
[116.845s][info][gc,heap     ] GC(350)      Live:         -               176M (9%)          176M (9%)          176M (9%)             -                  -          
[116.845s][info][gc,heap     ] GC(350) Allocated:         -               270M (13%)         300M (15%)         410M (20%)            -                  -          
[116.845s][info][gc,heap     ] GC(350)   Garbage:         -              1601M (78%)         441M (22%)          43M (2%)             -                  -          
[116.845s][info][gc,heap     ] GC(350) Reclaimed:         -                  -              1160M (57%)        1558M (76%)            -                  -          
[116.845s][info][gc          ] GC(350) Garbage Collection (Allocation Rate) 1778M(87%)->630M(31%)
[116.911s][info][gc,start    ] GC(351) Garbage Collection (Allocation Stall)
[116.911s][info][gc,ref      ] GC(351) Clearing All SoftReferences
[116.911s][info][gc,task     ] GC(351) Using 2 workers
[116.911s][info][gc,ref      ] GC(351) Clearing All SoftReferences
[116.911s][info][gc,phases   ] GC(351) Pause Mark Start 0.050ms
[116.956s][info][gc,phases   ] GC(351) Concurrent Mark 44.564ms
[116.956s][info][gc,phases   ] GC(351) Pause Mark End 0.016ms
[116.956s][info][gc,phases   ] GC(351) Concurrent Mark Free 0.001ms
[116.986s][info][gc,phases   ] GC(351) Concurrent Process Non-Strong References 29.946ms
[116.986s][info][gc,phases   ] GC(351) Concurrent Reset Relocation Set 0.010ms
[116.988s][info][gc,phases   ] GC(351) Concurrent Select Relocation Set 2.611ms
[116.988s][info][gc,phases   ] GC(351) Pause Relocate Start 0.017ms
[117.002s][info][gc,phases   ] GC(351) Concurrent Relocate 13.749ms
[117.002s][info][gc,load     ] GC(351) Load: 0.00/0.00/0.00
[117.002s][info][gc,mmu      ] GC(351) MMU: 2ms/83.4%, 5ms/93.4%, 10ms/96.7%, 20ms/97.9%, 50ms/99.2%, 100ms/99.5%
[117.002s][info][gc,marking  ] GC(351) Mark: 2 stripe(s), 2 proactive flush(es), 1 terminate flush(es), 0 completion(s), 0 continuation(s) 
[117.002s][info][gc,marking  ] GC(351) Mark Stack Usage: 32M
[117.002s][info][gc,nmethod  ] GC(351) NMethods: 11090 registered, 9142 unregistered
[117.002s][info][gc,metaspace] GC(351) Metaspace: 156M used, 157M committed, 1216M reserved
[117.002s][info][gc,ref      ] GC(351) Soft: 3492 encountered, 3086 discovered, 246 enqueued
[117.002s][info][gc,ref      ] GC(351) Weak: 15384 encountered, 3095 discovered, 198 enqueued
[117.002s][info][gc,ref      ] GC(351) Final: 52 encountered, 0 discovered, 0 enqueued
[117.002s][info][gc,ref      ] GC(351) Phantom: 600 encountered, 372 discovered, 0 enqueued
[117.002s][info][gc,reloc    ] GC(351) Small Pages: 241 / 482M, Empty: 266M, Relocated: 5M, In-Place: 0
[117.002s][info][gc,reloc    ] GC(351) Medium Pages: 8 / 256M, Empty: 0M, Relocated: 45M, In-Place: 0
[117.002s][info][gc,reloc    ] GC(351) Large Pages: 3 / 18M, Empty: 18M, Relocated: 0M, In-Place: 0
[117.002s][info][gc,reloc    ] GC(351) Forwarding Usage: 1M
[117.002s][info][gc,heap     ] GC(351) Min Capacity: 2048M(100%)
[117.002s][info][gc,heap     ] GC(351) Max Capacity: 2048M(100%)
[117.002s][info][gc,heap     ] GC(351) Soft Max Capacity: 2048M(100%)
[117.002s][info][gc,heap     ] GC(351)                Mark Start          Mark End        Relocate Start      Relocate End           High               Low         
[117.002s][info][gc,heap     ] GC(351)  Capacity:     2048M (100%)       2048M (100%)       2048M (100%)       2048M (100%)       2048M (100%)       2048M (100%)   
[117.002s][info][gc,heap     ] GC(351)      Free:     1292M (63%)        1234M (60%)        1482M (72%)        1712M (84%)        1712M (84%)        1204M (59%)    
[117.002s][info][gc,heap     ] GC(351)      Used:      756M (37%)         814M (40%)         566M (28%)         336M (16%)         844M (41%)         336M (16%)    
[117.003s][info][gc,heap     ] GC(351)      Live:         -               193M (9%)          193M (9%)          193M (9%)             -                  -          
[117.003s][info][gc,heap     ] GC(351) Allocated:         -                58M (3%)           94M (5%)           98M (5%)             -                  -          
[117.003s][info][gc,heap     ] GC(351)   Garbage:         -               562M (27%)         278M (14%)          43M (2%)             -                  -          
[117.003s][info][gc,heap     ] GC(351) Reclaimed:         -                  -               284M (14%)         518M (25%)            -                  -          
[117.003s][info][gc          ] GC(351) Garbage Collection (Allocation Stall) 756M(37%)->336M(16%)
[117.017s][info][gc,start    ] GC(352) Garbage Collection (Allocation Rate)
[117.017s][info][gc,task     ] GC(352) Using 2 workers
[117.017s][info][gc,phases   ] GC(352) Pause Mark Start 0.014ms
[117.071s][info][gc,phases   ] GC(352) Concurrent Mark 53.593ms
[117.071s][info][gc,phases   ] GC(352) Pause Mark End 0.047ms
[117.071s][info][gc,phases   ] GC(352) Concurrent Mark Free 0.002ms
[117.099s][info][gc,phases   ] GC(352) Concurrent Process Non-Strong References 28.061ms
[117.099s][info][gc,phases   ] GC(352) Concurrent Reset Relocation Set 0.005ms
[117.101s][info][gc,phases   ] GC(352) Concurrent Select Relocation Set 2.054ms
[117.101s][info][gc,phases   ] GC(352) Pause Relocate Start 0.008ms
[117.106s][info][gc,phases   ] GC(352) Concurrent Relocate 4.773ms
[117.106s][info][gc,load     ] GC(352) Load: 0.00/0.00/0.00
[117.106s][info][gc,mmu      ] GC(352) MMU: 2ms/83.4%, 5ms/93.4%, 10ms/96.7%, 20ms/97.9%, 50ms/99.2%, 100ms/99.5%
[117.106s][info][gc,marking  ] GC(352) Mark: 2 stripe(s), 2 proactive flush(es), 2 terminate flush(es), 1 completion(s), 0 continuation(s) 
[117.106s][info][gc,marking  ] GC(352) Mark Stack Usage: 32M
[117.106s][info][gc,nmethod  ] GC(352) NMethods: 11090 registered, 9143 unregistered
[117.106s][info][gc,metaspace] GC(352) Metaspace: 156M used, 157M committed, 1216M reserved
[117.106s][info][gc,ref      ] GC(352) Soft: 3269 encountered, 0 discovered, 0 enqueued
[117.106s][info][gc,ref      ] GC(352) Weak: 15265 encountered, 2364 discovered, 153 enqueued
[117.106s][info][gc,ref      ] GC(352) Final: 52 encountered, 0 discovered, 0 enqueued
[117.106s][info][gc,ref      ] GC(352) Phantom: 600 encountered, 356 discovered, 0 enqueued
[117.106s][info][gc,reloc    ] GC(352) Small Pages: 60 / 120M, Empty: 2M, Relocated: 5M, In-Place: 0
[117.106s][info][gc,reloc    ] GC(352) Medium Pages: 6 / 192M, Empty: 0M, Relocated: 13M, In-Place: 0
[117.106s][info][gc,reloc    ] GC(352) Large Pages: 4 / 24M, Empty: 24M, Relocated: 0M, In-Place: 0
[117.106s][info][gc,reloc    ] GC(352) Forwarding Usage: 1M
[117.106s][info][gc,heap     ] GC(352) Min Capacity: 2048M(100%)
[117.106s][info][gc,heap     ] GC(352) Max Capacity: 2048M(100%)
[117.106s][info][gc,heap     ] GC(352) Soft Max Capacity: 2048M(100%)
[117.106s][info][gc,heap     ] GC(352)                Mark Start          Mark End        Relocate Start      Relocate End           High               Low         
[117.106s][info][gc,heap     ] GC(352)  Capacity:     2048M (100%)       2048M (100%)       2048M (100%)       2048M (100%)       2048M (100%)       2048M (100%)   
[117.106s][info][gc,heap     ] GC(352)      Free:     1712M (84%)        1628M (79%)        1626M (79%)        1702M (83%)        1712M (84%)        1592M (78%)    
[117.106s][info][gc,heap     ] GC(352)      Used:      336M (16%)         420M (21%)         422M (21%)         346M (17%)         456M (22%)         336M (16%)    
[117.106s][info][gc,heap     ] GC(352)      Live:         -               193M (9%)          193M (9%)          193M (9%)             -                  -          
[117.106s][info][gc,heap     ] GC(352) Allocated:         -                84M (4%)          112M (5%)          113M (6%)             -                  -          
[117.106s][info][gc,heap     ] GC(352)   Garbage:         -               142M (7%)          116M (6%)           38M (2%)             -                  -          
[117.106s][info][gc,heap     ] GC(352) Reclaimed:         -                  -                26M (1%)          103M (5%)             -                  -          
[117.106s][info][gc          ] GC(352) Garbage Collection (Allocation Rate) 336M(16%)->346M(17%)
[117.208s][info][gc,start    ] GC(353) Garbage Collection (Allocation Rate)
[117.208s][info][gc,task     ] GC(353) Using 2 workers
[117.208s][info][gc,phases   ] GC(353) Pause Mark Start 0.009ms
[117.268s][info][gc,phases   ] GC(353) Concurrent Mark 59.969ms
[117.268s][info][gc,phases   ] GC(353) Pause Mark End 0.086ms
[117.268s][info][gc,phases   ] GC(353) Concurrent Mark Free 0.001ms
[117.283s][info][gc,phases   ] GC(353) Concurrent Process Non-Strong References 14.735ms
[117.283s][info][gc,phases   ] GC(353) Concurrent Reset Relocation Set 0.004ms
[117.285s][info][gc,phases   ] GC(353) Concurrent Select Relocation Set 2.118ms
[117.286s][info][gc,phases   ] GC(353) Pause Relocate Start 0.011ms
[117.286s][info][gc,phases   ] GC(353) Concurrent Relocate 0.409ms
[117.286s][info][gc,load     ] GC(353) Load: 0.00/0.00/0.00
[117.286s][info][gc,mmu      ] GC(353) MMU: 2ms/83.4%, 5ms/93.4%, 10ms/96.7%, 20ms/97.9%, 50ms/99.2%, 100ms/99.5%
[117.286s][info][gc,marking  ] GC(353) Mark: 2 stripe(s), 2 proactive flush(es), 1 terminate flush(es), 1 completion(s), 0 continuation(s) 
[117.286s][info][gc,marking  ] GC(353) Mark Stack Usage: 32M
[117.286s][info][gc,nmethod  ] GC(353) NMethods: 11089 registered, 9144 unregistered
[117.286s][info][gc,metaspace] GC(353) Metaspace: 156M used, 157M committed, 1216M reserved
[117.286s][info][gc,ref      ] GC(353) Soft: 3282 encountered, 0 discovered, 0 enqueued
[117.286s][info][gc,ref      ] GC(353) Weak: 15657 encountered, 3679 discovered, 587 enqueued
[117.286s][info][gc,ref      ] GC(353) Final: 52 encountered, 0 discovered, 0 enqueued
[117.286s][info][gc,ref      ] GC(353) Phantom: 600 encountered, 375 discovered, 0 enqueued
[117.286s][info][gc,reloc    ] GC(353) Small Pages: 84 / 168M, Empty: 0M, Relocated: 1M, In-Place: 0
[117.286s][info][gc,reloc    ] GC(353) Medium Pages: 6 / 192M, Empty: 32M, Relocated: 0M, In-Place: 0
[117.286s][info][gc,reloc    ] GC(353) Large Pages: 11 / 66M, Empty: 66M, Relocated: 0M, In-Place: 0
[117.286s][info][gc,reloc    ] GC(353) Forwarding Usage: 0M
[117.286s][info][gc,heap     ] GC(353) Min Capacity: 2048M(100%)
[117.286s][info][gc,heap     ] GC(353) Max Capacity: 2048M(100%)
[117.286s][info][gc,heap     ] GC(353) Soft Max Capacity: 2048M(100%)
[117.286s][info][gc,heap     ] GC(353)                Mark Start          Mark End        Relocate Start      Relocate End           High               Low         
[117.286s][info][gc,heap     ] GC(353)  Capacity:     2048M (100%)       2048M (100%)       2048M (100%)       2048M (100%)       2048M (100%)       2048M (100%)   
[117.286s][info][gc,heap     ] GC(353)      Free:     1622M (79%)        1540M (75%)        1616M (79%)        1708M (83%)        1708M (83%)        1518M (74%)    
[117.286s][info][gc,heap     ] GC(353)      Used:      426M (21%)         508M (25%)         432M (21%)         340M (17%)         530M (26%)         340M (17%)    
[117.286s][info][gc,heap     ] GC(353)      Live:         -               194M (9%)          194M (9%)          194M (9%)             -                  -          
[117.286s][info][gc,heap     ] GC(353) Allocated:         -                82M (4%)          104M (5%)          103M (5%)             -                  -          
[117.286s][info][gc,heap     ] GC(353)   Garbage:         -               231M (11%)         133M (7%)           41M (2%)             -                  -          
[117.286s][info][gc,heap     ] GC(353) Reclaimed:         -                  -                98M (5%)          189M (9%)             -                  -          
[117.286s][info][gc          ] GC(353) Garbage Collection (Allocation Rate) 426M(21%)->340M(17%)
[117.902s][info][gc,start    ] GC(354) Garbage Collection (Allocation Rate)
[117.902s][info][gc,task     ] GC(354) Using 2 workers
[117.902s][info][gc,phases   ] GC(354) Pause Mark Start 0.009ms
[117.960s][info][gc,phases   ] GC(354) Concurrent Mark 57.843ms
[117.960s][info][gc,phases   ] GC(354) Pause Mark End 0.056ms
[117.960s][info][gc,phases   ] GC(354) Concurrent Mark Free 0.001ms
[117.975s][info][gc,phases   ] GC(354) Concurrent Process Non-Strong References 14.235ms
[117.975s][info][gc,phases   ] GC(354) Concurrent Reset Relocation Set 0.004ms
[117.977s][info][gc,phases   ] GC(354) Concurrent Select Relocation Set 2.170ms
[117.977s][info][gc,phases   ] GC(354) Pause Relocate Start 0.009ms
[117.980s][info][gc,phases   ] GC(354) Concurrent Relocate 2.867ms
[117.980s][info][gc,load     ] GC(354) Load: 0.00/0.00/0.00
[117.980s][info][gc,mmu      ] GC(354) MMU: 2ms/83.4%, 5ms/93.4%, 10ms/96.7%, 20ms/97.9%, 50ms/99.2%, 100ms/99.5%
[117.980s][info][gc,marking  ] GC(354) Mark: 2 stripe(s), 2 proactive flush(es), 1 terminate flush(es), 1 completion(s), 0 continuation(s) 
[117.980s][info][gc,marking  ] GC(354) Mark Stack Usage: 32M
[117.980s][info][gc,nmethod  ] GC(354) NMethods: 11089 registered, 9146 unregistered
[117.980s][info][gc,metaspace] GC(354) Metaspace: 156M used, 157M committed, 1216M reserved
[117.980s][info][gc,ref      ] GC(354) Soft: 3288 encountered, 0 discovered, 0 enqueued
[117.980s][info][gc,ref      ] GC(354) Weak: 16983 encountered, 3941 discovered, 1892 enqueued
[117.980s][info][gc,ref      ] GC(354) Final: 52 encountered, 0 discovered, 0 enqueued
[117.980s][info][gc,ref      ] GC(354) Phantom: 600 encountered, 369 discovered, 0 enqueued
[117.980s][info][gc,reloc    ] GC(354) Small Pages: 200 / 400M, Empty: 0M, Relocated: 5M, In-Place: 0
[117.980s][info][gc,reloc    ] GC(354) Medium Pages: 9 / 288M, Empty: 128M, Relocated: 0M, In-Place: 0
[117.980s][info][gc,reloc    ] GC(354) Large Pages: 39 / 234M, Empty: 234M, Relocated: 0M, In-Place: 0
[117.980s][info][gc,reloc    ] GC(354) Forwarding Usage: 0M
[117.980s][info][gc,heap     ] GC(354) Min Capacity: 2048M(100%)
[117.980s][info][gc,heap     ] GC(354) Max Capacity: 2048M(100%)
[117.980s][info][gc,heap     ] GC(354) Soft Max Capacity: 2048M(100%)
[117.980s][info][gc,heap     ] GC(354)                Mark Start          Mark End        Relocate Start      Relocate End           High               Low         
[117.980s][info][gc,heap     ] GC(354)  Capacity:     2048M (100%)       2048M (100%)       2048M (100%)       2048M (100%)       2048M (100%)       2048M (100%)   
[117.980s][info][gc,heap     ] GC(354)      Free:     1126M (55%)        1052M (51%)        1396M (68%)        1706M (83%)        1714M (84%)        1034M (50%)    
[117.980s][info][gc,heap     ] GC(354)      Used:      922M (45%)         996M (49%)         652M (32%)         342M (17%)        1014M (50%)         334M (16%)    
[117.980s][info][gc,heap     ] GC(354)      Live:         -               196M (10%)         196M (10%)         196M (10%)            -                  -          
[117.980s][info][gc,heap     ] GC(354) Allocated:         -                74M (4%)           92M (4%)          105M (5%)             -                  -          
[117.980s][info][gc,heap     ] GC(354)   Garbage:         -               725M (35%)         363M (18%)          39M (2%)             -                  -          
[117.980s][info][gc,heap     ] GC(354) Reclaimed:         -                  -               362M (18%)         685M (33%)            -                  -          
[117.980s][info][gc          ] GC(354) Garbage Collection (Allocation Rate) 922M(45%)->342M(17%)
[118.117s][info][gc,start    ] GC(355) Garbage Collection (System.gc())
[118.117s][info][gc,task     ] GC(355) Using 2 workers
[118.117s][info][gc,phases   ] GC(355) Pause Mark Start 0.009ms
[118.174s][info][gc,phases   ] GC(355) Concurrent Mark 57.312ms
[118.175s][info][gc,phases   ] GC(355) Pause Mark End 0.046ms
[118.175s][info][gc,phases   ] GC(355) Concurrent Mark Free 0.002ms
[118.188s][info][gc,phases   ] GC(355) Concurrent Process Non-Strong References 13.127ms
[118.188s][info][gc,phases   ] GC(355) Concurrent Reset Relocation Set 0.012ms
[118.190s][info][gc,phases   ] GC(355) Concurrent Select Relocation Set 2.330ms
[118.190s][info][gc,phases   ] GC(355) Pause Relocate Start 0.011ms
[118.196s][info][gc,phases   ] GC(355) Concurrent Relocate 5.597ms
[118.196s][info][gc,load     ] GC(355) Load: 0.00/0.00/0.00
[118.196s][info][gc,mmu      ] GC(355) MMU: 2ms/83.4%, 5ms/93.4%, 10ms/96.7%, 20ms/97.9%, 50ms/99.2%, 100ms/99.5%
[118.196s][info][gc,marking  ] GC(355) Mark: 2 stripe(s), 1 proactive flush(es), 1 terminate flush(es), 0 completion(s), 0 continuation(s) 
[118.196s][info][gc,marking  ] GC(355) Mark Stack Usage: 32M
[118.196s][info][gc,nmethod  ] GC(355) NMethods: 11103 registered, 9155 unregistered
[118.196s][info][gc,metaspace] GC(355) Metaspace: 156M used, 157M committed, 1216M reserved
[118.196s][info][gc,ref      ] GC(355) Soft: 3498 encountered, 0 discovered, 0 enqueued
[118.196s][info][gc,ref      ] GC(355) Weak: 15834 encountered, 3186 discovered, 698 enqueued
[118.196s][info][gc,ref      ] GC(355) Final: 52 encountered, 0 discovered, 0 enqueued
[118.196s][info][gc,ref      ] GC(355) Phantom: 600 encountered, 372 discovered, 0 enqueued
[118.196s][info][gc,reloc    ] GC(355) Small Pages: 102 / 204M, Empty: 4M, Relocated: 6M, In-Place: 0
[118.196s][info][gc,reloc    ] GC(355) Medium Pages: 6 / 192M, Empty: 64M, Relocated: 12M, In-Place: 0
[118.196s][info][gc,reloc    ] GC(355) Large Pages: 7 / 42M, Empty: 42M, Relocated: 0M, In-Place: 0
[118.196s][info][gc,reloc    ] GC(355) Forwarding Usage: 2M
[118.196s][info][gc,heap     ] GC(355) Min Capacity: 2048M(100%)
[118.196s][info][gc,heap     ] GC(355) Max Capacity: 2048M(100%)
[118.196s][info][gc,heap     ] GC(355) Soft Max Capacity: 2048M(100%)
[118.196s][info][gc,heap     ] GC(355)                Mark Start          Mark End        Relocate Start      Relocate End           High               Low         
[118.196s][info][gc,heap     ] GC(355)  Capacity:     2048M (100%)       2048M (100%)       2048M (100%)       2048M (100%)       2048M (100%)       2048M (100%)   
[118.196s][info][gc,heap     ] GC(355)      Free:     1610M (79%)        1610M (79%)        1702M (83%)        1858M (91%)        1858M (91%)        1600M (78%)    
[118.196s][info][gc,heap     ] GC(355)      Used:      438M (21%)         438M (21%)         346M (17%)         190M (9%)          448M (22%)         190M (9%)     
[118.196s][info][gc,heap     ] GC(355)      Live:         -               131M (6%)          131M (6%)          131M (6%)             -                  -          
[118.196s][info][gc,heap     ] GC(355) Allocated:         -                 0M (0%)           18M (1%)           23M (1%)             -                  -          
[118.196s][info][gc,heap     ] GC(355)   Garbage:         -               306M (15%)         196M (10%)          34M (2%)             -                  -          
[118.196s][info][gc,heap     ] GC(355) Reclaimed:         -                  -               110M (5%)          271M (13%)            -                  -          
[118.196s][info][gc          ] GC(355) Garbage Collection (System.gc()) 438M(21%)->190M(9%)
[118.514s][info][gc,start    ] GC(356) Garbage Collection (Allocation Rate)
[118.514s][info][gc,task     ] GC(356) Using 2 workers
[118.514s][info][gc,phases   ] GC(356) Pause Mark Start 0.009ms
[118.577s][info][gc,phases   ] GC(356) Concurrent Mark 62.611ms
[118.577s][info][gc,phases   ] GC(356) Pause Mark End 0.043ms
[118.577s][info][gc,phases   ] GC(356) Concurrent Mark Free 0.003ms
[118.607s][info][gc,phases   ] GC(356) Concurrent Process Non-Strong References 28.989ms
[118.607s][info][gc,phases   ] GC(356) Concurrent Reset Relocation Set 0.006ms
[118.607s][info][gc          ] Allocation Stall (Executor task launch worker for task 2.0 in stage 2487.0 (TID 9952)) 84.549ms
[118.607s][info][gc          ] Allocation Stall (Executor task launch worker for task 4.0 in stage 2487.0 (TID 9954)) 80.971ms
[118.607s][info][gc          ] Allocation Stall (Executor task launch worker for task 0.0 in stage 2487.0 (TID 9950)) 83.381ms
[118.607s][info][gc          ] Allocation Stall (Executor task launch worker for task 1.0 in stage 2487.0 (TID 9951)) 82.692ms
[118.607s][info][gc          ] Allocation Stall (Executor task launch worker for task 3.0 in stage 2487.0 (TID 9953)) 78.540ms
[118.609s][info][gc,phases   ] GC(356) Concurrent Select Relocation Set 2.438ms
[118.624s][info][gc,phases   ] GC(356) Pause Relocate Start 0.016ms
[118.643s][info][gc,phases   ] GC(356) Concurrent Relocate 18.786ms
[118.643s][info][gc,load     ] GC(356) Load: 0.00/0.00/0.00
[118.643s][info][gc,mmu      ] GC(356) MMU: 2ms/83.4%, 5ms/93.4%, 10ms/96.7%, 20ms/97.9%, 50ms/99.2%, 100ms/99.5%
[118.644s][info][gc,marking  ] GC(356) Mark: 2 stripe(s), 3 proactive flush(es), 1 terminate flush(es), 0 completion(s), 0 continuation(s) 
[118.644s][info][gc,marking  ] GC(356) Mark Stack Usage: 32M
[118.644s][info][gc,nmethod  ] GC(356) NMethods: 11107 registered, 9161 unregistered
[118.644s][info][gc,metaspace] GC(356) Metaspace: 156M used, 157M committed, 1216M reserved
[118.644s][info][gc,ref      ] GC(356) Soft: 3562 encountered, 0 discovered, 0 enqueued
[118.644s][info][gc,ref      ] GC(356) Weak: 15502 encountered, 3440 discovered, 227 enqueued
[118.644s][info][gc,ref      ] GC(356) Final: 52 encountered, 0 discovered, 0 enqueued
[118.644s][info][gc,ref      ] GC(356) Phantom: 600 encountered, 383 discovered, 0 enqueued
[118.644s][info][gc,reloc    ] GC(356) Small Pages: 834 / 1668M, Empty: 1268M, Relocated: 3M, In-Place: 0
[118.644s][info][gc,reloc    ] GC(356) Medium Pages: 9 / 288M, Empty: 0M, Relocated: 49M, In-Place: 0
[118.644s][info][gc,reloc    ] GC(356) Large Pages: 6 / 36M, Empty: 36M, Relocated: 0M, In-Place: 0
[118.644s][info][gc,reloc    ] GC(356) Forwarding Usage: 0M
[118.644s][info][gc,heap     ] GC(356) Min Capacity: 2048M(100%)
[118.644s][info][gc,heap     ] GC(356) Max Capacity: 2048M(100%)
[118.644s][info][gc,heap     ] GC(356) Soft Max Capacity: 2048M(100%)
[118.644s][info][gc,heap     ] GC(356)                Mark Start          Mark End        Relocate Start      Relocate End           High               Low         
[118.644s][info][gc,heap     ] GC(356)  Capacity:     2048M (100%)       2048M (100%)       2048M (100%)       2048M (100%)       2048M (100%)       2048M (100%)   
[118.644s][info][gc,heap     ] GC(356)      Free:       56M (3%)            8M (0%)         1276M (62%)        1674M (82%)        1674M (82%)           8M (0%)     
[118.644s][info][gc,heap     ] GC(356)      Used:     1992M (97%)        2040M (100%)        772M (38%)         374M (18%)        2040M (100%)        374M (18%)    
[118.644s][info][gc,heap     ] GC(356)      Live:         -               184M (9%)          184M (9%)          184M (9%)             -                  -          
[118.644s][info][gc,heap     ] GC(356) Allocated:         -                48M (2%)           84M (4%)          123M (6%)             -                  -          
[118.644s][info][gc,heap     ] GC(356)   Garbage:         -              1807M (88%)         503M (25%)          66M (3%)             -                  -          
[118.644s][info][gc,heap     ] GC(356) Reclaimed:         -                  -              1304M (64%)        1741M (85%)            -                  -          
[118.644s][info][gc          ] GC(356) Garbage Collection (Allocation Rate) 1992M(97%)->374M(18%)
[118.709s][info][gc,start    ] GC(357) Garbage Collection (Allocation Stall)
[118.709s][info][gc,ref      ] GC(357) Clearing All SoftReferences
[118.709s][info][gc,task     ] GC(357) Using 2 workers
[118.709s][info][gc,ref      ] GC(357) Clearing All SoftReferences
[118.709s][info][gc,phases   ] GC(357) Pause Mark Start 0.054ms
[118.756s][info][gc,phases   ] GC(357) Concurrent Mark 47.409ms
[118.756s][info][gc,phases   ] GC(357) Pause Mark End 0.015ms
[118.756s][info][gc,phases   ] GC(357) Concurrent Mark Free 0.001ms
[118.787s][info][gc,phases   ] GC(357) Concurrent Process Non-Strong References 30.899ms
[118.787s][info][gc,phases   ] GC(357) Concurrent Reset Relocation Set 0.014ms
[118.790s][info][gc,phases   ] GC(357) Concurrent Select Relocation Set 2.451ms
[118.790s][info][gc,phases   ] GC(357) Pause Relocate Start 0.009ms
[118.796s][info][gc,phases   ] GC(357) Concurrent Relocate 5.443ms
[118.796s][info][gc,load     ] GC(357) Load: 0.00/0.00/0.00
[118.796s][info][gc,mmu      ] GC(357) MMU: 2ms/83.4%, 5ms/93.4%, 10ms/96.7%, 20ms/97.9%, 50ms/99.2%, 100ms/99.5%
[118.796s][info][gc,marking  ] GC(357) Mark: 2 stripe(s), 2 proactive flush(es), 1 terminate flush(es), 0 completion(s), 0 continuation(s) 
[118.796s][info][gc,marking  ] GC(357) Mark Stack Usage: 32M
[118.796s][info][gc,nmethod  ] GC(357) NMethods: 11106 registered, 9162 unregistered
[118.796s][info][gc,metaspace] GC(357) Metaspace: 156M used, 157M committed, 1216M reserved
[118.796s][info][gc,ref      ] GC(357) Soft: 3495 encountered, 3130 discovered, 246 enqueued
[118.796s][info][gc,ref      ] GC(357) Weak: 15379 encountered, 2597 discovered, 199 enqueued
[118.796s][info][gc,ref      ] GC(357) Final: 52 encountered, 0 discovered, 0 enqueued
[118.796s][info][gc,ref      ] GC(357) Phantom: 600 encountered, 375 discovered, 0 enqueued
[118.796s][info][gc,reloc    ] GC(357) Small Pages: 147 / 294M, Empty: 122M, Relocated: 3M, In-Place: 0
[118.796s][info][gc,reloc    ] GC(357) Medium Pages: 8 / 256M, Empty: 32M, Relocated: 25M, In-Place: 0
[118.796s][info][gc,reloc    ] GC(357) Large Pages: 3 / 18M, Empty: 18M, Relocated: 0M, In-Place: 0
[118.796s][info][gc,reloc    ] GC(357) Forwarding Usage: 0M
[118.796s][info][gc,heap     ] GC(357) Min Capacity: 2048M(100%)
[118.796s][info][gc,heap     ] GC(357) Max Capacity: 2048M(100%)
[118.796s][info][gc,heap     ] GC(357) Soft Max Capacity: 2048M(100%)
[118.796s][info][gc,heap     ] GC(357)                Mark Start          Mark End        Relocate Start      Relocate End           High               Low         
[118.796s][info][gc,heap     ] GC(357)  Capacity:     2048M (100%)       2048M (100%)       2048M (100%)       2048M (100%)       2048M (100%)       2048M (100%)   
[118.796s][info][gc,heap     ] GC(357)      Free:     1480M (72%)        1422M (69%)        1556M (76%)        1716M (84%)        1716M (84%)        1388M (68%)    
[118.796s][info][gc,heap     ] GC(357)      Used:      568M (28%)         626M (31%)         492M (24%)         332M (16%)         660M (32%)         332M (16%)    
[118.796s][info][gc,heap     ] GC(357)      Live:         -               193M (9%)          193M (9%)          193M (9%)             -                  -          
[118.796s][info][gc,heap     ] GC(357) Allocated:         -                58M (3%)           96M (5%)           97M (5%)             -                  -          
[118.796s][info][gc,heap     ] GC(357)   Garbage:         -               374M (18%)         202M (10%)          40M (2%)             -                  -          
[118.796s][info][gc,heap     ] GC(357) Reclaimed:         -                  -               172M (8%)          333M (16%)            -                  -          
[118.796s][info][gc          ] GC(357) Garbage Collection (Allocation Stall) 568M(28%)->332M(16%)
[118.805s][info][gc,start    ] GC(358) Garbage Collection (Allocation Rate)
[118.805s][info][gc,task     ] GC(358) Using 2 workers
[118.805s][info][gc,phases   ] GC(358) Pause Mark Start 0.009ms
[118.855s][info][gc,phases   ] GC(358) Concurrent Mark 49.561ms
[118.855s][info][gc,phases   ] GC(358) Pause Mark End 0.029ms
[118.855s][info][gc,phases   ] GC(358) Concurrent Mark Free 0.001ms
[118.885s][info][gc,phases   ] GC(358) Concurrent Process Non-Strong References 29.823ms
[118.885s][info][gc,phases   ] GC(358) Concurrent Reset Relocation Set 0.003ms
[118.887s][info][gc,phases   ] GC(358) Concurrent Select Relocation Set 1.972ms
[118.887s][info][gc,phases   ] GC(358) Pause Relocate Start 0.009ms
[118.888s][info][gc,phases   ] GC(358) Concurrent Relocate 0.426ms
[118.888s][info][gc,load     ] GC(358) Load: 0.00/0.00/0.00
[118.888s][info][gc,mmu      ] GC(358) MMU: 2ms/83.4%, 5ms/93.4%, 10ms/96.7%, 20ms/97.9%, 50ms/99.2%, 100ms/99.5%
[118.888s][info][gc,marking  ] GC(358) Mark: 2 stripe(s), 2 proactive flush(es), 1 terminate flush(es), 0 completion(s), 0 continuation(s) 
[118.888s][info][gc,marking  ] GC(358) Mark Stack Usage: 32M
[118.888s][info][gc,nmethod  ] GC(358) NMethods: 11110 registered, 9163 unregistered
[118.888s][info][gc,metaspace] GC(358) Metaspace: 156M used, 157M committed, 1216M reserved
[118.888s][info][gc,ref      ] GC(358) Soft: 3272 encountered, 0 discovered, 0 enqueued
[118.888s][info][gc,ref      ] GC(358) Weak: 15285 encountered, 1987 discovered, 152 enqueued
[118.888s][info][gc,ref      ] GC(358) Final: 52 encountered, 0 discovered, 0 enqueued
[118.888s][info][gc,ref      ] GC(358) Phantom: 600 encountered, 356 discovered, 0 enqueued
[118.888s][info][gc,reloc    ] GC(358) Small Pages: 62 / 124M, Empty: 0M, Relocated: 0M, In-Place: 0
[118.888s][info][gc,reloc    ] GC(358) Medium Pages: 6 / 192M, Empty: 32M, Relocated: 0M, In-Place: 0
[118.888s][info][gc,reloc    ] GC(358) Large Pages: 4 / 24M, Empty: 24M, Relocated: 0M, In-Place: 0
[118.888s][info][gc,reloc    ] GC(358) Forwarding Usage: 0M
[118.888s][info][gc,heap     ] GC(358) Min Capacity: 2048M(100%)
[118.888s][info][gc,heap     ] GC(358) Max Capacity: 2048M(100%)
[118.888s][info][gc,heap     ] GC(358) Soft Max Capacity: 2048M(100%)
[118.888s][info][gc,heap     ] GC(358)                Mark Start          Mark End        Relocate Start      Relocate End           High               Low         
[118.888s][info][gc,heap     ] GC(358)  Capacity:     2048M (100%)       2048M (100%)       2048M (100%)       2048M (100%)       2048M (100%)       2048M (100%)   
[118.888s][info][gc,heap     ] GC(358)      Free:     1708M (83%)        1636M (80%)        1674M (82%)        1722M (84%)        1722M (84%)        1618M (79%)    
[118.888s][info][gc,heap     ] GC(358)      Used:      340M (17%)         412M (20%)         374M (18%)         326M (16%)         430M (21%)         326M (16%)    
[118.888s][info][gc,heap     ] GC(358)      Live:         -               193M (9%)          193M (9%)          193M (9%)             -                  -          
[118.888s][info][gc,heap     ] GC(358) Allocated:         -                72M (4%)           90M (4%)           89M (4%)             -                  -          
[118.888s][info][gc,heap     ] GC(358)   Garbage:         -               146M (7%)           90M (4%)           42M (2%)             -                  -          
[118.888s][info][gc,heap     ] GC(358) Reclaimed:         -                  -                56M (3%)          103M (5%)             -                  -          
[118.888s][info][gc          ] GC(358) Garbage Collection (Allocation Rate) 340M(17%)->326M(16%)
[118.903s][info][gc,start    ] GC(359) Garbage Collection (Allocation Rate)
[118.903s][info][gc,task     ] GC(359) Using 2 workers
[118.904s][info][gc,phases   ] GC(359) Pause Mark Start 0.006ms
[118.963s][info][gc,phases   ] GC(359) Concurrent Mark 59.513ms
[118.963s][info][gc,phases   ] GC(359) Pause Mark End 0.064ms
[118.963s][info][gc,phases   ] GC(359) Concurrent Mark Free 0.001ms
[118.977s][info][gc,phases   ] GC(359) Concurrent Process Non-Strong References 13.788ms
[118.977s][info][gc,phases   ] GC(359) Concurrent Reset Relocation Set 0.002ms
[118.979s][info][gc,phases   ] GC(359) Concurrent Select Relocation Set 2.095ms
[118.979s][info][gc,phases   ] GC(359) Pause Relocate Start 0.010ms
[118.981s][info][gc,phases   ] GC(359) Concurrent Relocate 1.842ms
[118.981s][info][gc,load     ] GC(359) Load: 0.00/0.00/0.00
[118.981s][info][gc,mmu      ] GC(359) MMU: 2ms/83.4%, 5ms/93.4%, 10ms/96.7%, 20ms/97.9%, 50ms/99.2%, 100ms/99.5%
[118.981s][info][gc,marking  ] GC(359) Mark: 2 stripe(s), 2 proactive flush(es), 1 terminate flush(es), 1 completion(s), 0 continuation(s) 
[118.981s][info][gc,marking  ] GC(359) Mark Stack Usage: 32M
[118.981s][info][gc,nmethod  ] GC(359) NMethods: 11110 registered, 9163 unregistered
[118.981s][info][gc,metaspace] GC(359) Metaspace: 156M used, 157M committed, 1216M reserved
[118.981s][info][gc,ref      ] GC(359) Soft: 3273 encountered, 0 discovered, 0 enqueued
[118.981s][info][gc,ref      ] GC(359) Weak: 15355 encountered, 2362 discovered, 293 enqueued
[118.981s][info][gc,ref      ] GC(359) Final: 52 encountered, 0 discovered, 0 enqueued
[118.981s][info][gc,ref      ] GC(359) Phantom: 600 encountered, 375 discovered, 0 enqueued
[118.981s][info][gc,reloc    ] GC(359) Small Pages: 64 / 128M, Empty: 0M, Relocated: 3M, In-Place: 0
[118.981s][info][gc,reloc    ] GC(359) Medium Pages: 6 / 192M, Empty: 32M, Relocated: 0M, In-Place: 0
[118.982s][info][gc,reloc    ] GC(359) Large Pages: 5 / 30M, Empty: 30M, Relocated: 0M, In-Place: 0
[118.982s][info][gc,reloc    ] GC(359) Forwarding Usage: 1M
[118.982s][info][gc,heap     ] GC(359) Min Capacity: 2048M(100%)
[118.982s][info][gc,heap     ] GC(359) Max Capacity: 2048M(100%)
[118.982s][info][gc,heap     ] GC(359) Soft Max Capacity: 2048M(100%)
[118.982s][info][gc,heap     ] GC(359)                Mark Start          Mark End        Relocate Start      Relocate End           High               Low         
[118.982s][info][gc,heap     ] GC(359)  Capacity:     2048M (100%)       2048M (100%)       2048M (100%)       2048M (100%)       2048M (100%)       2048M (100%)   
[118.982s][info][gc,heap     ] GC(359)      Free:     1698M (83%)        1612M (79%)        1652M (81%)        1708M (83%)        1708M (83%)        1590M (78%)    
[118.982s][info][gc,heap     ] GC(359)      Used:      350M (17%)         436M (21%)         396M (19%)         340M (17%)         458M (22%)         340M (17%)    
[118.982s][info][gc,heap     ] GC(359)      Live:         -               193M (9%)          193M (9%)          193M (9%)             -                  -          
[118.982s][info][gc,heap     ] GC(359) Allocated:         -                86M (4%)          108M (5%)          107M (5%)             -                  -          
[118.982s][info][gc,heap     ] GC(359)   Garbage:         -               156M (8%)           94M (5%)           38M (2%)             -                  -          
[118.982s][info][gc,heap     ] GC(359) Reclaimed:         -                  -                62M (3%)          117M (6%)             -                  -          
[118.982s][info][gc          ] GC(359) Garbage Collection (Allocation Rate) 350M(17%)->340M(17%)
[119.017s][info][gc,start    ] GC(360) Garbage Collection (Allocation Rate)
[119.017s][info][gc,task     ] GC(360) Using 2 workers
[119.017s][info][gc,phases   ] GC(360) Pause Mark Start 0.009ms
[119.066s][info][gc,phases   ] GC(360) Concurrent Mark 48.616ms
[119.066s][info][gc,phases   ] GC(360) Pause Mark End 0.015ms
[119.066s][info][gc,phases   ] GC(360) Concurrent Mark Free 0.001ms
[119.078s][info][gc,phases   ] GC(360) Concurrent Process Non-Strong References 12.010ms
[119.078s][info][gc,phases   ] GC(360) Concurrent Reset Relocation Set 0.003ms
[119.081s][info][gc,phases   ] GC(360) Concurrent Select Relocation Set 2.467ms
[119.081s][info][gc,phases   ] GC(360) Pause Relocate Start 0.011ms
[119.085s][info][gc,phases   ] GC(360) Concurrent Relocate 4.439ms
[119.085s][info][gc,load     ] GC(360) Load: 0.00/0.00/0.00
[119.085s][info][gc,mmu      ] GC(360) MMU: 2ms/83.4%, 5ms/93.4%, 10ms/96.7%, 20ms/97.9%, 50ms/99.2%, 100ms/99.5%
[119.085s][info][gc,marking  ] GC(360) Mark: 2 stripe(s), 2 proactive flush(es), 1 terminate flush(es), 0 completion(s), 0 continuation(s) 
[119.085s][info][gc,marking  ] GC(360) Mark Stack Usage: 32M
[119.085s][info][gc,nmethod  ] GC(360) NMethods: 11111 registered, 9165 unregistered
[119.085s][info][gc,metaspace] GC(360) Metaspace: 156M used, 157M committed, 1216M reserved
[119.085s][info][gc,ref      ] GC(360) Soft: 3273 encountered, 0 discovered, 0 enqueued
[119.085s][info][gc,ref      ] GC(360) Weak: 15363 encountered, 3473 discovered, 299 enqueued
[119.085s][info][gc,ref      ] GC(360) Final: 52 encountered, 0 discovered, 0 enqueued
[119.085s][info][gc,ref      ] GC(360) Phantom: 600 encountered, 372 discovered, 0 enqueued
[119.085s][info][gc,reloc    ] GC(360) Small Pages: 68 / 136M, Empty: 0M, Relocated: 4M, In-Place: 0
[119.085s][info][gc,reloc    ] GC(360) Medium Pages: 6 / 192M, Empty: 32M, Relocated: 0M, In-Place: 0
[119.085s][info][gc,reloc    ] GC(360) Large Pages: 6 / 36M, Empty: 36M, Relocated: 0M, In-Place: 0
[119.085s][info][gc,reloc    ] GC(360) Forwarding Usage: 1M
[119.085s][info][gc,heap     ] GC(360) Min Capacity: 2048M(100%)
[119.085s][info][gc,heap     ] GC(360) Max Capacity: 2048M(100%)
[119.085s][info][gc,heap     ] GC(360) Soft Max Capacity: 2048M(100%)
[119.085s][info][gc,heap     ] GC(360)                Mark Start          Mark End        Relocate Start      Relocate End           High               Low         
[119.085s][info][gc,heap     ] GC(360)  Capacity:     2048M (100%)       2048M (100%)       2048M (100%)       2048M (100%)       2048M (100%)       2048M (100%)   
[119.085s][info][gc,heap     ] GC(360)      Free:     1684M (82%)        1616M (79%)        1664M (81%)        1726M (84%)        1726M (84%)        1600M (78%)    
[119.085s][info][gc,heap     ] GC(360)      Used:      364M (18%)         432M (21%)         384M (19%)         322M (16%)         448M (22%)         322M (16%)    
[119.085s][info][gc,heap     ] GC(360)      Live:         -               193M (9%)          193M (9%)          193M (9%)             -                  -          
[119.085s][info][gc,heap     ] GC(360) Allocated:         -                68M (3%)           88M (4%)           89M (4%)             -                  -          
[119.086s][info][gc,heap     ] GC(360)   Garbage:         -               170M (8%)          102M (5%)           38M (2%)             -                  -          
[119.086s][info][gc,heap     ] GC(360) Reclaimed:         -                  -                68M (3%)          131M (6%)             -                  -          
[119.086s][info][gc          ] GC(360) Garbage Collection (Allocation Rate) 364M(18%)->322M(16%)
[119.707s][info][gc,start    ] GC(361) Garbage Collection (Allocation Rate)
[119.707s][info][gc,task     ] GC(361) Using 2 workers
[119.707s][info][gc,phases   ] GC(361) Pause Mark Start 0.010ms
[119.768s][info][gc,phases   ] GC(361) Concurrent Mark 60.452ms
[119.768s][info][gc,phases   ] GC(361) Pause Mark End 0.025ms
[119.768s][info][gc,phases   ] GC(361) Concurrent Mark Free 0.001ms
[119.781s][info][gc,phases   ] GC(361) Concurrent Process Non-Strong References 12.692ms
[119.781s][info][gc,phases   ] GC(361) Concurrent Reset Relocation Set 0.004ms
[119.783s][info][gc,phases   ] GC(361) Concurrent Select Relocation Set 2.242ms
[119.783s][info][gc,phases   ] GC(361) Pause Relocate Start 0.010ms
[119.786s][info][gc,phases   ] GC(361) Concurrent Relocate 2.481ms
[119.786s][info][gc,load     ] GC(361) Load: 0.00/0.00/0.00
[119.786s][info][gc,mmu      ] GC(361) MMU: 2ms/83.4%, 5ms/93.4%, 10ms/96.7%, 20ms/97.9%, 50ms/99.2%, 100ms/99.5%
[119.786s][info][gc,marking  ] GC(361) Mark: 2 stripe(s), 2 proactive flush(es), 1 terminate flush(es), 0 completion(s), 0 continuation(s) 
[119.786s][info][gc,marking  ] GC(361) Mark Stack Usage: 32M
[119.786s][info][gc,nmethod  ] GC(361) NMethods: 11112 registered, 9165 unregistered
[119.786s][info][gc,metaspace] GC(361) Metaspace: 156M used, 157M committed, 1216M reserved
[119.786s][info][gc,ref      ] GC(361) Soft: 3272 encountered, 0 discovered, 0 enqueued
[119.786s][info][gc,ref      ] GC(361) Weak: 16907 encountered, 4352 discovered, 1890 enqueued
[119.786s][info][gc,ref      ] GC(361) Final: 52 encountered, 0 discovered, 0 enqueued
[119.786s][info][gc,ref      ] GC(361) Phantom: 600 encountered, 375 discovered, 0 enqueued
[119.786s][info][gc,reloc    ] GC(361) Small Pages: 188 / 376M, Empty: 6M, Relocated: 5M, In-Place: 0
[119.786s][info][gc,reloc    ] GC(361) Medium Pages: 9 / 288M, Empty: 128M, Relocated: 0M, In-Place: 0
[119.786s][info][gc,reloc    ] GC(361) Large Pages: 38 / 228M, Empty: 222M, Relocated: 0M, In-Place: 0
[119.786s][info][gc,reloc    ] GC(361) Forwarding Usage: 1M
[119.786s][info][gc,heap     ] GC(361) Min Capacity: 2048M(100%)
[119.786s][info][gc,heap     ] GC(361) Max Capacity: 2048M(100%)
[119.786s][info][gc,heap     ] GC(361) Soft Max Capacity: 2048M(100%)
[119.786s][info][gc,heap     ] GC(361)                Mark Start          Mark End        Relocate Start      Relocate End           High               Low         
[119.786s][info][gc,heap     ] GC(361)  Capacity:     2048M (100%)       2048M (100%)       2048M (100%)       2048M (100%)       2048M (100%)       2048M (100%)   
[119.786s][info][gc,heap     ] GC(361)      Free:     1156M (56%)        1082M (53%)        1410M (69%)        1692M (83%)        1702M (83%)        1054M (51%)    
[119.786s][info][gc,heap     ] GC(361)      Used:      892M (44%)         966M (47%)         638M (31%)         356M (17%)         994M (49%)         346M (17%)    
[119.786s][info][gc,heap     ] GC(361)      Live:         -               201M (10%)         201M (10%)         201M (10%)            -                  -          
[119.786s][info][gc,heap     ] GC(361) Allocated:         -                74M (4%)          102M (5%)          113M (6%)             -                  -          
[119.786s][info][gc,heap     ] GC(361)   Garbage:         -               690M (34%)         334M (16%)          40M (2%)             -                  -          
[119.786s][info][gc,heap     ] GC(361) Reclaimed:         -                  -               356M (17%)         649M (32%)            -                  -          
[119.786s][info][gc          ] GC(361) Garbage Collection (Allocation Rate) 892M(44%)->356M(17%)
[119.935s][info][gc,start    ] GC(362) Garbage Collection (System.gc())
[119.936s][info][gc,task     ] GC(362) Using 2 workers
[119.936s][info][gc,phases   ] GC(362) Pause Mark Start 0.012ms
[119.994s][info][gc,phases   ] GC(362) Concurrent Mark 58.064ms
[119.994s][info][gc,phases   ] GC(362) Pause Mark End 0.022ms
[119.994s][info][gc,phases   ] GC(362) Concurrent Mark Free 0.003ms
[120.008s][info][gc,phases   ] GC(362) Concurrent Process Non-Strong References 13.552ms
[120.008s][info][gc,phases   ] GC(362) Concurrent Reset Relocation Set 0.011ms
[120.010s][info][gc,phases   ] GC(362) Concurrent Select Relocation Set 2.226ms
[120.010s][info][gc,phases   ] GC(362) Pause Relocate Start 0.010ms
[120.014s][info][gc,phases   ] GC(362) Concurrent Relocate 3.747ms
[120.014s][info][gc,load     ] GC(362) Load: 0.00/0.00/0.00
[120.014s][info][gc,mmu      ] GC(362) MMU: 2ms/83.4%, 5ms/93.4%, 10ms/96.7%, 20ms/97.9%, 50ms/99.2%, 100ms/99.5%
[120.014s][info][gc,marking  ] GC(362) Mark: 2 stripe(s), 1 proactive flush(es), 1 terminate flush(es), 0 completion(s), 0 continuation(s) 
[120.014s][info][gc,marking  ] GC(362) Mark Stack Usage: 32M
[120.014s][info][gc,nmethod  ] GC(362) NMethods: 11175 registered, 9173 unregistered
[120.014s][info][gc,metaspace] GC(362) Metaspace: 156M used, 157M committed, 1216M reserved
[120.014s][info][gc,ref      ] GC(362) Soft: 3489 encountered, 0 discovered, 0 enqueued
[120.014s][info][gc,ref      ] GC(362) Weak: 15836 encountered, 3458 discovered, 699 enqueued
[120.014s][info][gc,ref      ] GC(362) Final: 52 encountered, 0 discovered, 0 enqueued
[120.014s][info][gc,ref      ] GC(362) Phantom: 600 encountered, 405 discovered, 0 enqueued
[120.014s][info][gc,reloc    ] GC(362) Small Pages: 108 / 216M, Empty: 0M, Relocated: 6M, In-Place: 0
[120.014s][info][gc,reloc    ] GC(362) Medium Pages: 6 / 192M, Empty: 96M, Relocated: 0M, In-Place: 0
[120.014s][info][gc,reloc    ] GC(362) Large Pages: 9 / 54M, Empty: 54M, Relocated: 0M, In-Place: 0
[120.014s][info][gc,reloc    ] GC(362) Forwarding Usage: 2M
[120.014s][info][gc,heap     ] GC(362) Min Capacity: 2048M(100%)
[120.014s][info][gc,heap     ] GC(362) Max Capacity: 2048M(100%)
[120.014s][info][gc,heap     ] GC(362) Soft Max Capacity: 2048M(100%)
[120.014s][info][gc,heap     ] GC(362)                Mark Start          Mark End        Relocate Start      Relocate End           High               Low         
[120.014s][info][gc,heap     ] GC(362)  Capacity:     2048M (100%)       2048M (100%)       2048M (100%)       2048M (100%)       2048M (100%)       2048M (100%)   
[120.014s][info][gc,heap     ] GC(362)      Free:     1586M (77%)        1586M (77%)        1722M (84%)        1858M (91%)        1860M (91%)        1576M (77%)    
[120.014s][info][gc,heap     ] GC(362)      Used:      462M (23%)         462M (23%)         326M (16%)         190M (9%)          472M (23%)         188M (9%)     
[120.014s][info][gc,heap     ] GC(362)      Live:         -               130M (6%)          130M (6%)          130M (6%)             -                  -          
[120.014s][info][gc,heap     ] GC(362) Allocated:         -                 0M (0%)           14M (1%)           23M (1%)             -                  -          
[120.014s][info][gc,heap     ] GC(362)   Garbage:         -               331M (16%)         181M (9%)           35M (2%)             -                  -          
[120.014s][info][gc,heap     ] GC(362) Reclaimed:         -                  -               150M (7%)          295M (14%)            -                  -          
[120.014s][info][gc          ] GC(362) Garbage Collection (System.gc()) 462M(23%)->190M(9%)
[120.103s][info][gc,stats    ] === Garbage Collection Statistics =======================================================================================================================
[120.103s][info][gc,stats    ]                                                              Last 10s              Last 10m              Last 10h                Total
[120.103s][info][gc,stats    ]                                                              Avg / Max             Avg / Max             Avg / Max             Avg / Max
[120.103s][info][gc,stats    ]   Collector: Garbage Collection Cycle                     89.529 / 157.066      94.488 / 235.178      94.488 / 235.178      94.488 / 235.178     ms
[120.103s][info][gc,stats    ]  Contention: Mark Segment Reset Contention                     3 / 9                 3 / 51                3 / 51                3 / 51          ops/s
[120.103s][info][gc,stats    ]  Contention: Mark SeqNum Reset Contention                      0 / 1                 0 / 3                 0 / 3                 0 / 3           ops/s
[120.103s][info][gc,stats    ]    Critical: Allocation Stall                                  2 / 7                 2 / 8                 2 / 8                 2 / 8           ops/s
[120.103s][info][gc,stats    ]    Critical: Allocation Stall                             48.646 / 84.549       42.055 / 93.951       42.055 / 93.951       42.055 / 93.951      ms
[120.103s][info][gc,stats    ]    Critical: GC Locker Stall                                   0 / 1                 0 / 2                 0 / 2                 0 / 2           ops/s
[120.103s][info][gc,stats    ]    Critical: GC Locker Stall                               0.022 / 0.022         0.018 / 0.041         0.018 / 0.041         0.018 / 0.041       ms
[120.103s][info][gc,stats    ]    Critical: Relocation Stall                                  0 / 0                 0 / 0                 0 / 0                 0 / 0           ops/s
[120.103s][info][gc,stats    ]    Critical: Relocation Stall                              0.000 / 0.000         0.000 / 0.000         0.000 / 0.000         0.000 / 0.000       ms
[120.103s][info][gc,stats    ]      Memory: Allocation Rate                                1901 / 2766           1645 / 3030           1645 / 3030           1645 / 3030        MB/s
[120.103s][info][gc,stats    ]      Memory: Defragment                                       59 / 127              47 / 139              47 / 139              47 / 139         ops/s
[120.103s][info][gc,stats    ]      Memory: Out Of Memory                                     0 / 0                 0 / 0                 0 / 0                 0 / 0           ops/s
[120.103s][info][gc,stats    ]      Memory: Page Cache Flush                                291 / 500             219 / 500             219 / 500             219 / 500         MB/s
[120.103s][info][gc,stats    ]      Memory: Page Cache Hit L1                               649 / 1010            569 / 1168            569 / 1168            569 / 1168        ops/s
[120.103s][info][gc,stats    ]      Memory: Page Cache Hit L2                                 0 / 0                 0 / 0                 0 / 0                 0 / 0           ops/s
[120.103s][info][gc,stats    ]      Memory: Page Cache Hit L3                                54 / 95               51 / 265              51 / 265              51 / 265         ops/s
[120.103s][info][gc,stats    ]      Memory: Page Cache Miss                                  11 / 21                7 / 24                7 / 24                7 / 24          ops/s
[120.103s][info][gc,stats    ]      Memory: Uncommit                                          0 / 0                 0 / 0                 0 / 0                 0 / 0           MB/s
[120.103s][info][gc,stats    ]      Memory: Undo Object Allocation Failed                     1 / 4                 0 / 5                 0 / 5                 0 / 5           ops/s
[120.103s][info][gc,stats    ]      Memory: Undo Object Allocation Succeeded                 58 / 365              76 / 2789             76 / 2789             76 / 2789        ops/s
[120.103s][info][gc,stats    ]      Memory: Undo Page Allocation                              4 / 8                 3 / 12                3 / 12                3 / 12          ops/s
[120.103s][info][gc,stats    ]       Phase: Concurrent Mark                              58.978 / 109.346      59.878 / 160.845      59.878 / 160.845      59.878 / 160.845     ms
[120.103s][info][gc,stats    ]       Phase: Concurrent Mark Continue                      0.000 / 0.000        15.071 / 15.112       15.071 / 15.112       15.071 / 15.112      ms
[120.103s][info][gc,stats    ]       Phase: Concurrent Mark Free                          0.002 / 0.003         0.002 / 0.005         0.002 / 0.005         0.002 / 0.005       ms
[120.103s][info][gc,stats    ]       Phase: Concurrent Process Non-Strong References     19.616 / 30.899       23.479 / 63.816       23.479 / 63.816       23.479 / 63.816      ms
[120.103s][info][gc,stats    ]       Phase: Concurrent Relocate                           6.999 / 26.367        7.325 / 78.506        7.325 / 78.506        7.325 / 78.506      ms
[120.103s][info][gc,stats    ]       Phase: Concurrent Reset Relocation Set               0.007 / 0.014         0.006 / 0.023         0.006 / 0.023         0.006 / 0.023       ms
[120.103s][info][gc,stats    ]       Phase: Concurrent Select Relocation Set              2.510 / 5.762         2.498 / 6.805         2.498 / 6.805         2.498 / 6.805       ms
[120.104s][info][gc,stats    ]       Phase: Pause Mark End                                0.053 / 0.281         0.052 / 0.331         0.052 / 0.331         0.052 / 0.331       ms
[120.104s][info][gc,stats    ]       Phase: Pause Mark Start                              0.017 / 0.075         0.016 / 0.077         0.016 / 0.077         0.016 / 0.077       ms
[120.104s][info][gc,stats    ]       Phase: Pause Relocate Start                          0.011 / 0.023         0.010 / 0.086         0.010 / 0.086         0.010 / 0.086       ms
[120.104s][info][gc,stats    ]    Subphase: Concurrent Classes Purge                      0.230 / 0.577         0.174 / 9.707         0.174 / 9.707         0.174 / 9.707       ms
[120.104s][info][gc,stats    ]    Subphase: Concurrent Classes Unlink                    17.543 / 28.441       21.035 / 38.983       21.035 / 38.983       21.035 / 38.983      ms
[120.104s][info][gc,stats    ]    Subphase: Concurrent Mark                              49.371 / 101.055      49.799 / 147.243      49.799 / 147.243      49.799 / 147.243     ms
[120.104s][info][gc,stats    ]    Subphase: Concurrent Mark Try Flush                     0.229 / 9.779         0.508 / 29.293        0.508 / 29.293        0.508 / 29.293      ms
[120.104s][info][gc,stats    ]    Subphase: Concurrent Mark Try Terminate                 3.486 / 17.004        3.456 / 22.417        3.456 / 22.417        3.456 / 22.417      ms
[120.104s][info][gc,stats    ]    Subphase: Concurrent References Enqueue                 0.006 / 0.010         0.005 / 0.017         0.005 / 0.017         0.005 / 0.017       ms
[120.104s][info][gc,stats    ]    Subphase: Concurrent References Process                 0.394 / 0.763         0.464 / 1.136         0.464 / 1.136         0.464 / 1.136       ms
[120.104s][info][gc,stats    ]    Subphase: Concurrent Roots ClassLoaderDataGraph         0.214 / 0.539         0.207 / 0.595         0.207 / 0.595         0.207 / 0.595       ms
[120.104s][info][gc,stats    ]    Subphase: Concurrent Roots CodeCache                    0.000 / 0.000         0.000 / 0.000         0.000 / 0.000         0.000 / 0.000       ms
[120.104s][info][gc,stats    ]    Subphase: Concurrent Roots JavaThreads                  4.453 / 7.722         4.791 / 13.179        4.791 / 13.179        4.791 / 13.179      ms
[120.104s][info][gc,stats    ]    Subphase: Concurrent Roots OopStorageSet                0.068 / 0.103         0.067 / 0.307         0.067 / 0.307         0.067 / 0.307       ms
[120.104s][info][gc,stats    ]    Subphase: Concurrent Weak Roots OopStorageSet           1.072 / 1.712         1.022 / 2.128         1.022 / 2.128         1.022 / 2.128       ms
[120.104s][info][gc,stats    ]    Subphase: Pause Mark Try Complete                       0.016 / 0.183         0.020 / 0.234         0.020 / 0.234         0.020 / 0.234       ms
[120.104s][info][gc,stats    ]      System: Java Threads                                    284 / 284             273 / 286             273 / 286             273 / 286         threads
[120.104s][info][gc,stats    ] =========================================================================================================================================================
[120.313s][info][gc,start    ] GC(363) Garbage Collection (Allocation Rate)
[120.313s][info][gc,task     ] GC(363) Using 2 workers
[120.313s][info][gc,phases   ] GC(363) Pause Mark Start 0.009ms
[120.375s][info][gc,phases   ] GC(363) Concurrent Mark 62.553ms
[120.376s][info][gc,phases   ] GC(363) Pause Mark End 0.030ms
[120.376s][info][gc,phases   ] GC(363) Concurrent Mark Free 0.003ms
[120.404s][info][gc,phases   ] GC(363) Concurrent Process Non-Strong References 28.451ms
[120.404s][info][gc,phases   ] GC(363) Concurrent Reset Relocation Set 0.005ms
[120.404s][info][gc          ] Allocation Stall (Executor task launch worker for task 1.0 in stage 2533.0 (TID 10135)) 69.300ms
[120.404s][info][gc          ] Allocation Stall (Spark Context Cleaner) 60.568ms
[120.404s][info][gc          ] Allocation Stall (Executor task launch worker for task 0.0 in stage 2533.0 (TID 10134)) 70.175ms
[120.404s][info][gc          ] Allocation Stall (Executor task launch worker for task 2.0 in stage 2533.0 (TID 10136)) 69.729ms
[120.404s][info][gc          ] Allocation Stall (Executor task launch worker for task 4.0 in stage 2533.0 (TID 10138)) 70.400ms
[120.404s][info][gc          ] Allocation Stall (Executor task launch worker for task 3.0 in stage 2533.0 (TID 10137)) 69.850ms
[120.408s][info][gc,phases   ] GC(363) Concurrent Select Relocation Set 3.941ms
[120.409s][info][gc,phases   ] GC(363) Pause Relocate Start 0.017ms
[120.433s][info][gc,phases   ] GC(363) Concurrent Relocate 24.040ms
[120.433s][info][gc,load     ] GC(363) Load: 0.00/0.00/0.00
[120.433s][info][gc,mmu      ] GC(363) MMU: 2ms/83.4%, 5ms/93.4%, 10ms/96.7%, 20ms/97.9%, 50ms/99.2%, 100ms/99.5%
[120.433s][info][gc,marking  ] GC(363) Mark: 2 stripe(s), 2 proactive flush(es), 1 terminate flush(es), 0 completion(s), 0 continuation(s) 
[120.433s][info][gc,marking  ] GC(363) Mark Stack Usage: 32M
[120.433s][info][gc,nmethod  ] GC(363) NMethods: 11177 registered, 9177 unregistered
[120.433s][info][gc,metaspace] GC(363) Metaspace: 156M used, 157M committed, 1216M reserved
[120.433s][info][gc,ref      ] GC(363) Soft: 3553 encountered, 0 discovered, 0 enqueued
[120.433s][info][gc,ref      ] GC(363) Weak: 15499 encountered, 4167 discovered, 226 enqueued
[120.433s][info][gc,ref      ] GC(363) Final: 52 encountered, 0 discovered, 0 enqueued
[120.433s][info][gc,ref      ] GC(363) Phantom: 600 encountered, 310 discovered, 0 enqueued
[120.433s][info][gc,reloc    ] GC(363) Small Pages: 812 / 1624M, Empty: 1216M, Relocated: 8M, In-Place: 0
[120.433s][info][gc,reloc    ] GC(363) Medium Pages: 9 / 288M, Empty: 0M, Relocated: 46M, In-Place: 0
[120.433s][info][gc,reloc    ] GC(363) Large Pages: 6 / 36M, Empty: 36M, Relocated: 0M, In-Place: 0
[120.433s][info][gc,reloc    ] GC(363) Forwarding Usage: 1M
[120.433s][info][gc,heap     ] GC(363) Min Capacity: 2048M(100%)
[120.433s][info][gc,heap     ] GC(363) Max Capacity: 2048M(100%)
[120.433s][info][gc,heap     ] GC(363) Soft Max Capacity: 2048M(100%)
[120.433s][info][gc,heap     ] GC(363)                Mark Start          Mark End        Relocate Start      Relocate End           High               Low         
[120.433s][info][gc,heap     ] GC(363)  Capacity:     2048M (100%)       2048M (100%)       2048M (100%)       2048M (100%)       2048M (100%)       2048M (100%)   
[120.433s][info][gc,heap     ] GC(363)      Free:      100M (5%)            0M (0%)         1224M (60%)        1588M (78%)        1602M (78%)           0M (0%)     
[120.433s][info][gc,heap     ] GC(363)      Used:     1948M (95%)        2048M (100%)        824M (40%)         460M (22%)        2048M (100%)        446M (22%)    
[120.433s][info][gc,heap     ] GC(363)      Live:         -               184M (9%)          184M (9%)          184M (9%)             -                  -          
[120.433s][info][gc,heap     ] GC(363) Allocated:         -               100M (5%)          128M (6%)          235M (11%)            -                  -          
[120.433s][info][gc,heap     ] GC(363)   Garbage:         -              1763M (86%)         511M (25%)          40M (2%)             -                  -          
[120.433s][info][gc,heap     ] GC(363) Reclaimed:         -                  -              1252M (61%)        1723M (84%)            -                  -          
[120.433s][info][gc          ] GC(363) Garbage Collection (Allocation Rate) 1948M(95%)->460M(22%)
[120.518s][info][gc,start    ] GC(364) Garbage Collection (Allocation Stall)
[120.518s][info][gc,ref      ] GC(364) Clearing All SoftReferences
[120.518s][info][gc,task     ] GC(364) Using 2 workers
[120.518s][info][gc,ref      ] GC(364) Clearing All SoftReferences
[120.518s][info][gc,phases   ] GC(364) Pause Mark Start 0.044ms
[120.577s][info][gc,phases   ] GC(364) Concurrent Mark 58.787ms
[120.577s][info][gc,phases   ] GC(364) Pause Mark End 0.163ms
[120.577s][info][gc,phases   ] GC(364) Concurrent Mark Free 0.001ms
[120.606s][info][gc,phases   ] GC(364) Concurrent Process Non-Strong References 29.374ms
[120.606s][info][gc,phases   ] GC(364) Concurrent Reset Relocation Set 0.014ms
[120.610s][info][gc,phases   ] GC(364) Concurrent Select Relocation Set 3.717ms
[120.611s][info][gc,phases   ] GC(364) Pause Relocate Start 0.012ms
[120.620s][info][gc,phases   ] GC(364) Concurrent Relocate 8.724ms
[120.620s][info][gc,load     ] GC(364) Load: 0.00/0.00/0.00
[120.620s][info][gc,mmu      ] GC(364) MMU: 2ms/83.4%, 5ms/93.4%, 10ms/96.7%, 20ms/97.9%, 50ms/99.2%, 100ms/99.5%
[120.620s][info][gc,marking  ] GC(364) Mark: 2 stripe(s), 5 proactive flush(es), 1 terminate flush(es), 1 completion(s), 0 continuation(s) 
[120.620s][info][gc,marking  ] GC(364) Mark Stack Usage: 32M
[120.620s][info][gc,nmethod  ] GC(364) NMethods: 11181 registered, 9177 unregistered
[120.620s][info][gc,metaspace] GC(364) Metaspace: 156M used, 157M committed, 1216M reserved
[120.620s][info][gc,ref      ] GC(364) Soft: 3489 encountered, 3067 discovered, 219 enqueued
[120.620s][info][gc,ref      ] GC(364) Weak: 15466 encountered, 3590 discovered, 197 enqueued
[120.620s][info][gc,ref      ] GC(364) Final: 52 encountered, 0 discovered, 0 enqueued
[120.620s][info][gc,ref      ] GC(364) Phantom: 600 encountered, 372 discovered, 0 enqueued
[120.620s][info][gc,reloc    ] GC(364) Small Pages: 177 / 354M, Empty: 156M, Relocated: 5M, In-Place: 0
[120.620s][info][gc,reloc    ] GC(364) Medium Pages: 7 / 224M, Empty: 0M, Relocated: 45M, In-Place: 0
[120.620s][info][gc,reloc    ] GC(364) Large Pages: 4 / 24M, Empty: 24M, Relocated: 0M, In-Place: 0
[120.620s][info][gc,reloc    ] GC(364) Forwarding Usage: 1M
[120.620s][info][gc,heap     ] GC(364) Min Capacity: 2048M(100%)
[120.620s][info][gc,heap     ] GC(364) Max Capacity: 2048M(100%)
[120.620s][info][gc,heap     ] GC(364) Soft Max Capacity: 2048M(100%)
[120.620s][info][gc,heap     ] GC(364)                Mark Start          Mark End        Relocate Start      Relocate End           High               Low         
[120.620s][info][gc,heap     ] GC(364)  Capacity:     2048M (100%)       2048M (100%)       2048M (100%)       2048M (100%)       2048M (100%)       2048M (100%)   
[120.620s][info][gc,heap     ] GC(364)      Free:     1446M (71%)        1362M (67%)        1522M (74%)        1700M (83%)        1700M (83%)        1348M (66%)    
[120.620s][info][gc,heap     ] GC(364)      Used:      602M (29%)         686M (33%)         526M (26%)         348M (17%)         700M (34%)         348M (17%)    
[120.620s][info][gc,heap     ] GC(364)      Live:         -               193M (9%)          193M (9%)          193M (9%)             -                  -          
[120.620s][info][gc,heap     ] GC(364) Allocated:         -                84M (4%)          104M (5%)          113M (6%)             -                  -          
[120.620s][info][gc,heap     ] GC(364)   Garbage:         -               408M (20%)         228M (11%)          40M (2%)             -                  -          
[120.620s][info][gc,heap     ] GC(364) Reclaimed:         -                  -               180M (9%)          367M (18%)            -                  -          
[120.620s][info][gc          ] GC(364) Garbage Collection (Allocation Stall) 602M(29%)->348M(17%)
[120.709s][info][gc,start    ] GC(365) Garbage Collection (Allocation Rate)
[120.710s][info][gc,task     ] GC(365) Using 2 workers
[120.710s][info][gc,phases   ] GC(365) Pause Mark Start 0.009ms
[120.769s][info][gc,phases   ] GC(365) Concurrent Mark 59.745ms
[120.770s][info][gc,phases   ] GC(365) Pause Mark End 0.028ms
[120.770s][info][gc,phases   ] GC(365) Concurrent Mark Free 0.001ms
[120.782s][info][gc,phases   ] GC(365) Concurrent Process Non-Strong References 12.242ms
[120.782s][info][gc,phases   ] GC(365) Concurrent Reset Relocation Set 0.007ms
[120.784s][info][gc,phases   ] GC(365) Concurrent Select Relocation Set 2.080ms
[120.784s][info][gc,phases   ] GC(365) Pause Relocate Start 0.011ms
[120.786s][info][gc,phases   ] GC(365) Concurrent Relocate 1.845ms
[120.786s][info][gc,load     ] GC(365) Load: 0.00/0.00/0.00
[120.786s][info][gc,mmu      ] GC(365) MMU: 2ms/83.4%, 5ms/93.4%, 10ms/96.7%, 20ms/97.9%, 50ms/99.2%, 100ms/99.5%
[120.786s][info][gc,marking  ] GC(365) Mark: 2 stripe(s), 2 proactive flush(es), 1 terminate flush(es), 0 completion(s), 0 continuation(s) 
[120.786s][info][gc,marking  ] GC(365) Mark Stack Usage: 32M
[120.786s][info][gc,nmethod  ] GC(365) NMethods: 11182 registered, 9179 unregistered
[120.786s][info][gc,metaspace] GC(365) Metaspace: 156M used, 157M committed, 1216M reserved
[120.786s][info][gc,ref      ] GC(365) Soft: 3267 encountered, 0 discovered, 0 enqueued
[120.786s][info][gc,ref      ] GC(365) Weak: 15577 encountered, 3514 discovered, 583 enqueued
[120.786s][info][gc,ref      ] GC(365) Final: 52 encountered, 0 discovered, 0 enqueued
[120.786s][info][gc,ref      ] GC(365) Phantom: 600 encountered, 375 discovered, 0 enqueued
[120.786s][info][gc,reloc    ] GC(365) Small Pages: 81 / 162M, Empty: 0M, Relocated: 3M, In-Place: 0
[120.786s][info][gc,reloc    ] GC(365) Medium Pages: 6 / 192M, Empty: 32M, Relocated: 0M, In-Place: 0
[120.786s][info][gc,reloc    ] GC(365) Large Pages: 10 / 60M, Empty: 54M, Relocated: 0M, In-Place: 0
[120.786s][info][gc,reloc    ] GC(365) Forwarding Usage: 0M
[120.786s][info][gc,heap     ] GC(365) Min Capacity: 2048M(100%)
[120.786s][info][gc,heap     ] GC(365) Max Capacity: 2048M(100%)
[120.786s][info][gc,heap     ] GC(365) Soft Max Capacity: 2048M(100%)
[120.786s][info][gc,heap     ] GC(365)                Mark Start          Mark End        Relocate Start      Relocate End           High               Low         
[120.786s][info][gc,heap     ] GC(365)  Capacity:     2048M (100%)       2048M (100%)       2048M (100%)       2048M (100%)       2048M (100%)       2048M (100%)   
[120.786s][info][gc,heap     ] GC(365)      Free:     1634M (80%)        1558M (76%)        1612M (79%)        1698M (83%)        1698M (83%)        1526M (75%)    
[120.786s][info][gc,heap     ] GC(365)      Used:      414M (20%)         490M (24%)         436M (21%)         350M (17%)         522M (25%)         350M (17%)    
[120.786s][info][gc,heap     ] GC(365)      Live:         -               199M (10%)         199M (10%)         199M (10%)            -                  -          
[120.786s][info][gc,heap     ] GC(365) Allocated:         -                76M (4%)          108M (5%)          111M (5%)             -                  -          
[120.786s][info][gc,heap     ] GC(365)   Garbage:         -               214M (10%)         128M (6%)           38M (2%)             -                  -          
[120.786s][info][gc,heap     ] GC(365) Reclaimed:         -                  -                86M (4%)          175M (9%)             -                  -          
[120.786s][info][gc          ] GC(365) Garbage Collection (Allocation Rate) 414M(20%)->350M(17%)
[120.813s][info][gc,start    ] GC(366) Garbage Collection (Allocation Rate)
[120.814s][info][gc,task     ] GC(366) Using 2 workers
[120.814s][info][gc,phases   ] GC(366) Pause Mark Start 0.009ms
[120.871s][info][gc,phases   ] GC(366) Concurrent Mark 57.159ms
[120.871s][info][gc,phases   ] GC(366) Pause Mark End 0.025ms
[120.871s][info][gc,phases   ] GC(366) Concurrent Mark Free 0.001ms
[120.883s][info][gc,phases   ] GC(366) Concurrent Process Non-Strong References 12.166ms
[120.883s][info][gc,phases   ] GC(366) Concurrent Reset Relocation Set 0.004ms
[120.885s][info][gc,phases   ] GC(366) Concurrent Select Relocation Set 2.208ms
[120.886s][info][gc,phases   ] GC(366) Pause Relocate Start 0.008ms
[120.887s][info][gc,phases   ] GC(366) Concurrent Relocate 1.696ms
[120.887s][info][gc,load     ] GC(366) Load: 0.00/0.00/0.00
[120.887s][info][gc,mmu      ] GC(366) MMU: 2ms/83.4%, 5ms/93.4%, 10ms/96.7%, 20ms/97.9%, 50ms/99.2%, 100ms/99.5%
[120.887s][info][gc,marking  ] GC(366) Mark: 2 stripe(s), 3 proactive flush(es), 1 terminate flush(es), 0 completion(s), 0 continuation(s) 
[120.887s][info][gc,marking  ] GC(366) Mark Stack Usage: 32M
[120.887s][info][gc,nmethod  ] GC(366) NMethods: 11182 registered, 9180 unregistered
[120.887s][info][gc,metaspace] GC(366) Metaspace: 156M used, 157M committed, 1216M reserved
[120.887s][info][gc,ref      ] GC(366) Soft: 3270 encountered, 0 discovered, 0 enqueued
[120.887s][info][gc,ref      ] GC(366) Weak: 15289 encountered, 3187 discovered, 153 enqueued
[120.887s][info][gc,ref      ] GC(366) Final: 52 encountered, 0 discovered, 0 enqueued
[120.887s][info][gc,ref      ] GC(366) Phantom: 600 encountered, 376 discovered, 0 enqueued
[120.887s][info][gc,reloc    ] GC(366) Small Pages: 72 / 144M, Empty: 2M, Relocated: 3M, In-Place: 0
[120.887s][info][gc,reloc    ] GC(366) Medium Pages: 6 / 192M, Empty: 32M, Relocated: 0M, In-Place: 0
[120.887s][info][gc,reloc    ] GC(366) Large Pages: 6 / 36M, Empty: 36M, Relocated: 0M, In-Place: 0
[120.887s][info][gc,reloc    ] GC(366) Forwarding Usage: 1M
[120.887s][info][gc,heap     ] GC(366) Min Capacity: 2048M(100%)
[120.887s][info][gc,heap     ] GC(366) Max Capacity: 2048M(100%)
[120.888s][info][gc,heap     ] GC(366) Soft Max Capacity: 2048M(100%)
[120.888s][info][gc,heap     ] GC(366)                Mark Start          Mark End        Relocate Start      Relocate End           High               Low         
[120.888s][info][gc,heap     ] GC(366)  Capacity:     2048M (100%)       2048M (100%)       2048M (100%)       2048M (100%)       2048M (100%)       2048M (100%)   
[120.888s][info][gc,heap     ] GC(366)      Free:     1676M (82%)        1592M (78%)        1648M (80%)        1714M (84%)        1714M (84%)        1578M (77%)    
[120.888s][info][gc,heap     ] GC(366)      Used:      372M (18%)         456M (22%)         400M (20%)         334M (16%)         470M (23%)         334M (16%)    
[120.888s][info][gc,heap     ] GC(366)      Live:         -               193M (9%)          193M (9%)          193M (9%)             -                  -          
[120.888s][info][gc,heap     ] GC(366) Allocated:         -                84M (4%)           98M (5%)           99M (5%)             -                  -          
[120.888s][info][gc,heap     ] GC(366)   Garbage:         -               178M (9%)          108M (5%)           40M (2%)             -                  -          
[120.888s][info][gc,heap     ] GC(366) Reclaimed:         -                  -                70M (3%)          137M (7%)             -                  -          
[120.888s][info][gc          ] GC(366) Garbage Collection (Allocation Rate) 372M(18%)->334M(16%)
[121.516s][info][gc,start    ] GC(367) Garbage Collection (Allocation Rate)
[121.516s][info][gc,task     ] GC(367) Using 2 workers
[121.516s][info][gc,phases   ] GC(367) Pause Mark Start 0.010ms
[121.575s][info][gc,phases   ] GC(367) Concurrent Mark 59.569ms
[121.576s][info][gc,phases   ] GC(367) Pause Mark End 0.073ms
[121.576s][info][gc,phases   ] GC(367) Concurrent Mark Free 0.002ms
[121.589s][info][gc,phases   ] GC(367) Concurrent Process Non-Strong References 12.961ms
[121.589s][info][gc,phases   ] GC(367) Concurrent Reset Relocation Set 0.003ms
[121.591s][info][gc,phases   ] GC(367) Concurrent Select Relocation Set 2.570ms
[121.591s][info][gc,phases   ] GC(367) Pause Relocate Start 0.010ms
[121.595s][info][gc,phases   ] GC(367) Concurrent Relocate 3.445ms
[121.595s][info][gc,load     ] GC(367) Load: 0.00/0.00/0.00
[121.595s][info][gc,mmu      ] GC(367) MMU: 2ms/83.4%, 5ms/93.4%, 10ms/96.7%, 20ms/97.9%, 50ms/99.2%, 100ms/99.5%
[121.595s][info][gc,marking  ] GC(367) Mark: 2 stripe(s), 2 proactive flush(es), 1 terminate flush(es), 1 completion(s), 0 continuation(s) 
[121.595s][info][gc,marking  ] GC(367) Mark Stack Usage: 32M
[121.595s][info][gc,nmethod  ] GC(367) NMethods: 11180 registered, 9187 unregistered
[121.595s][info][gc,metaspace] GC(367) Metaspace: 156M used, 157M committed, 1216M reserved
[121.595s][info][gc,ref      ] GC(367) Soft: 3269 encountered, 0 discovered, 0 enqueued
[121.595s][info][gc,ref      ] GC(367) Weak: 17047 encountered, 5084 discovered, 1888 enqueued
[121.595s][info][gc,ref      ] GC(367) Final: 52 encountered, 0 discovered, 0 enqueued
[121.595s][info][gc,ref      ] GC(367) Phantom: 600 encountered, 376 discovered, 0 enqueued
[121.595s][info][gc,reloc    ] GC(367) Small Pages: 193 / 386M, Empty: 10M, Relocated: 6M, In-Place: 0
[121.595s][info][gc,reloc    ] GC(367) Medium Pages: 9 / 288M, Empty: 128M, Relocated: 0M, In-Place: 0
[121.595s][info][gc,reloc    ] GC(367) Large Pages: 39 / 234M, Empty: 234M, Relocated: 0M, In-Place: 0
[121.595s][info][gc,reloc    ] GC(367) Forwarding Usage: 1M
[121.595s][info][gc,heap     ] GC(367) Min Capacity: 2048M(100%)
[121.595s][info][gc,heap     ] GC(367) Max Capacity: 2048M(100%)
[121.595s][info][gc,heap     ] GC(367) Soft Max Capacity: 2048M(100%)
[121.595s][info][gc,heap     ] GC(367)                Mark Start          Mark End        Relocate Start      Relocate End           High               Low         
[121.595s][info][gc,heap     ] GC(367)  Capacity:     2048M (100%)       2048M (100%)       2048M (100%)       2048M (100%)       2048M (100%)       2048M (100%)   
[121.595s][info][gc,heap     ] GC(367)      Free:     1140M (56%)        1058M (52%)        1406M (69%)        1698M (83%)        1706M (83%)        1040M (51%)    
[121.595s][info][gc,heap     ] GC(367)      Used:      908M (44%)         990M (48%)         642M (31%)         350M (17%)        1008M (49%)         342M (17%)    
[121.595s][info][gc,heap     ] GC(367)      Live:         -               195M (10%)         195M (10%)         195M (10%)            -                  -          
[121.595s][info][gc,heap     ] GC(367) Allocated:         -                82M (4%)          106M (5%)          113M (6%)             -                  -          
[121.595s][info][gc,heap     ] GC(367)   Garbage:         -               712M (35%)         340M (17%)          40M (2%)             -                  -          
[121.595s][info][gc,heap     ] GC(367) Reclaimed:         -                  -               372M (18%)         671M (33%)            -                  -          
[121.595s][info][gc          ] GC(367) Garbage Collection (Allocation Rate) 908M(44%)->350M(17%)
[121.704s][info][gc,start    ] GC(368) Garbage Collection (System.gc())
[121.704s][info][gc,task     ] GC(368) Using 2 workers
[121.704s][info][gc,phases   ] GC(368) Pause Mark Start 0.010ms
[121.760s][info][gc,phases   ] GC(368) Concurrent Mark 55.864ms
[121.760s][info][gc,phases   ] GC(368) Pause Mark End 0.033ms
[121.760s][info][gc,phases   ] GC(368) Concurrent Mark Free 0.003ms
[121.773s][info][gc,phases   ] GC(368) Concurrent Process Non-Strong References 12.255ms
[121.773s][info][gc,phases   ] GC(368) Concurrent Reset Relocation Set 0.015ms
[121.775s][info][gc,phases   ] GC(368) Concurrent Select Relocation Set 1.712ms
[121.775s][info][gc,phases   ] GC(368) Pause Relocate Start 0.007ms
[121.776s][info][gc,phases   ] GC(368) Concurrent Relocate 1.603ms
[121.776s][info][gc,load     ] GC(368) Load: 0.00/0.00/0.00
[121.776s][info][gc,mmu      ] GC(368) MMU: 2ms/83.4%, 5ms/93.4%, 10ms/96.7%, 20ms/97.9%, 50ms/99.2%, 100ms/99.5%
[121.776s][info][gc,marking  ] GC(368) Mark: 2 stripe(s), 2 proactive flush(es), 1 terminate flush(es), 0 completion(s), 0 continuation(s) 
[121.776s][info][gc,marking  ] GC(368) Mark Stack Usage: 32M
[121.776s][info][gc,nmethod  ] GC(368) NMethods: 11183 registered, 9192 unregistered
[121.776s][info][gc,metaspace] GC(368) Metaspace: 156M used, 157M committed, 1216M reserved
[121.776s][info][gc,ref      ] GC(368) Soft: 3486 encountered, 0 discovered, 0 enqueued
[121.776s][info][gc,ref      ] GC(368) Weak: 15830 encountered, 3935 discovered, 697 enqueued
[121.776s][info][gc,ref      ] GC(368) Final: 52 encountered, 0 discovered, 0 enqueued
[121.776s][info][gc,ref      ] GC(368) Phantom: 600 encountered, 344 discovered, 0 enqueued
[121.776s][info][gc,reloc    ] GC(368) Small Pages: 98 / 196M, Empty: 0M, Relocated: 2M, In-Place: 0
[121.776s][info][gc,reloc    ] GC(368) Medium Pages: 6 / 192M, Empty: 96M, Relocated: 0M, In-Place: 0
[121.776s][info][gc,reloc    ] GC(368) Large Pages: 6 / 36M, Empty: 36M, Relocated: 0M, In-Place: 0
[121.776s][info][gc,reloc    ] GC(368) Forwarding Usage: 0M
[121.776s][info][gc,heap     ] GC(368) Min Capacity: 2048M(100%)
[121.777s][info][gc,heap     ] GC(368) Max Capacity: 2048M(100%)
[121.777s][info][gc,heap     ] GC(368) Soft Max Capacity: 2048M(100%)
[121.777s][info][gc,heap     ] GC(368)                Mark Start          Mark End        Relocate Start      Relocate End           High               Low         
[121.777s][info][gc,heap     ] GC(368)  Capacity:     2048M (100%)       2048M (100%)       2048M (100%)       2048M (100%)       2048M (100%)       2048M (100%)   
[121.777s][info][gc,heap     ] GC(368)      Free:     1624M (79%)        1622M (79%)        1746M (85%)        1866M (91%)        1866M (91%)        1614M (79%)    
[121.777s][info][gc,heap     ] GC(368)      Used:      424M (21%)         426M (21%)         302M (15%)         182M (9%)          434M (21%)         182M (9%)     
[121.777s][info][gc,heap     ] GC(368)      Live:         -               131M (6%)          131M (6%)          131M (6%)             -                  -          
[121.777s][info][gc,heap     ] GC(368) Allocated:         -                 2M (0%)           10M (0%)           13M (1%)             -                  -          
[121.777s][info][gc,heap     ] GC(368)   Garbage:         -               292M (14%)         160M (8%)           36M (2%)             -                  -          
[121.777s][info][gc,heap     ] GC(368) Reclaimed:         -                  -               132M (6%)          255M (12%)            -                  -          
[121.777s][info][gc          ] GC(368) Garbage Collection (System.gc()) 424M(21%)->182M(9%)
[122.013s][info][gc,start    ] GC(369) Garbage Collection (Allocation Rate)
[122.013s][info][gc,task     ] GC(369) Using 2 workers
[122.013s][info][gc,phases   ] GC(369) Pause Mark Start 0.013ms
[122.122s][info][gc,phases   ] GC(369) Concurrent Mark 109.333ms
[122.123s][info][gc,phases   ] GC(369) Pause Mark End 0.044ms
[122.123s][info][gc,phases   ] GC(369) Concurrent Mark Free 0.003ms
[122.151s][info][gc,phases   ] GC(369) Concurrent Process Non-Strong References 28.049ms
[122.151s][info][gc,phases   ] GC(369) Concurrent Reset Relocation Set 0.005ms
[122.151s][info][gc          ] Allocation Stall (Executor task launch worker for task 2.0 in stage 2579.0 (TID 10320)) 42.489ms
[122.151s][info][gc          ] Allocation Stall (Executor task launch worker for task 4.0 in stage 2579.0 (TID 10322)) 42.349ms
[122.151s][info][gc          ] Allocation Stall (Executor task launch worker for task 3.0 in stage 2579.0 (TID 10321)) 43.043ms
[122.151s][info][gc          ] Allocation Stall (Executor task launch worker for task 0.0 in stage 2579.0 (TID 10318)) 41.817ms
[122.151s][info][gc          ] Allocation Stall (Executor task launch worker for task 1.0 in stage 2579.0 (TID 10319)) 42.148ms
[122.157s][info][gc,phases   ] GC(369) Concurrent Select Relocation Set 5.804ms
[122.157s][info][gc,phases   ] GC(369) Pause Relocate Start 0.024ms
[122.179s][info][gc,phases   ] GC(369) Concurrent Relocate 21.316ms
[122.179s][info][gc,load     ] GC(369) Load: 0.00/0.00/0.00
[122.179s][info][gc,mmu      ] GC(369) MMU: 2ms/83.4%, 5ms/93.4%, 10ms/96.7%, 20ms/97.9%, 50ms/99.2%, 100ms/99.5%
[122.179s][info][gc,marking  ] GC(369) Mark: 2 stripe(s), 2 proactive flush(es), 1 terminate flush(es), 0 completion(s), 0 continuation(s) 
[122.179s][info][gc,marking  ] GC(369) Mark Stack Usage: 32M
[122.179s][info][gc,nmethod  ] GC(369) NMethods: 11187 registered, 9200 unregistered
[122.179s][info][gc,metaspace] GC(369) Metaspace: 156M used, 157M committed, 1216M reserved
[122.179s][info][gc,ref      ] GC(369) Soft: 3552 encountered, 0 discovered, 0 enqueued
[122.179s][info][gc,ref      ] GC(369) Weak: 15498 encountered, 2327 discovered, 204 enqueued
[122.179s][info][gc,ref      ] GC(369) Final: 52 encountered, 0 discovered, 0 enqueued
[122.179s][info][gc,ref      ] GC(369) Phantom: 600 encountered, 336 discovered, 0 enqueued
[122.179s][info][gc,reloc    ] GC(369) Small Pages: 636 / 1272M, Empty: 942M, Relocated: 12M, In-Place: 0
[122.179s][info][gc,reloc    ] GC(369) Medium Pages: 7 / 224M, Empty: 0M, Relocated: 25M, In-Place: 0
[122.179s][info][gc,reloc    ] GC(369) Large Pages: 6 / 36M, Empty: 36M, Relocated: 0M, In-Place: 0
[122.179s][info][gc,reloc    ] GC(369) Forwarding Usage: 2M
[122.179s][info][gc,heap     ] GC(369) Min Capacity: 2048M(100%)
[122.179s][info][gc,heap     ] GC(369) Max Capacity: 2048M(100%)
[122.179s][info][gc,heap     ] GC(369) Soft Max Capacity: 2048M(100%)
[122.179s][info][gc,heap     ] GC(369)                Mark Start          Mark End        Relocate Start      Relocate End           High               Low         
[122.179s][info][gc,heap     ] GC(369)  Capacity:     2048M (100%)       2048M (100%)       2048M (100%)       2048M (100%)       2048M (100%)       2048M (100%)   
[122.179s][info][gc,heap     ] GC(369)      Free:      516M (25%)           0M (0%)          904M (44%)        1172M (57%)        1184M (58%)           0M (0%)     
[122.179s][info][gc,heap     ] GC(369)      Used:     1532M (75%)        2048M (100%)       1144M (56%)         876M (43%)        2048M (100%)        864M (42%)    
[122.179s][info][gc,heap     ] GC(369)      Live:         -               163M (8%)          163M (8%)          163M (8%)             -                  -          
[122.179s][info][gc,heap     ] GC(369) Allocated:         -               516M (25%)         590M (29%)         667M (33%)            -                  -          
[122.179s][info][gc,heap     ] GC(369)   Garbage:         -              1368M (67%)         390M (19%)          44M (2%)             -                  -          
[122.179s][info][gc,heap     ] GC(369) Reclaimed:         -                  -               978M (48%)        1323M (65%)            -                  -          
[122.179s][info][gc          ] GC(369) Garbage Collection (Allocation Rate) 1532M(75%)->876M(43%)
[122.210s][info][gc,start    ] GC(370) Garbage Collection (Allocation Stall)
[122.210s][info][gc,ref      ] GC(370) Clearing All SoftReferences
[122.210s][info][gc,task     ] GC(370) Using 2 workers
[122.210s][info][gc,ref      ] GC(370) Clearing All SoftReferences
[122.210s][info][gc,phases   ] GC(370) Pause Mark Start 0.042ms
[122.261s][info][gc,phases   ] GC(370) Concurrent Mark 50.888ms
[122.261s][info][gc,phases   ] GC(370) Pause Mark End 0.022ms
[122.261s][info][gc,phases   ] GC(370) Concurrent Mark Free 0.001ms
[122.291s][info][gc,phases   ] GC(370) Concurrent Process Non-Strong References 30.146ms
[122.291s][info][gc,phases   ] GC(370) Concurrent Reset Relocation Set 0.009ms
[122.293s][info][gc,phases   ] GC(370) Concurrent Select Relocation Set 1.643ms
[122.293s][info][gc,phases   ] GC(370) Pause Relocate Start 0.008ms
[122.303s][info][gc,phases   ] GC(370) Concurrent Relocate 9.653ms
[122.303s][info][gc,load     ] GC(370) Load: 0.00/0.00/0.00
[122.303s][info][gc,mmu      ] GC(370) MMU: 2ms/83.4%, 5ms/93.4%, 10ms/96.7%, 20ms/97.9%, 50ms/99.2%, 100ms/99.5%
[122.303s][info][gc,marking  ] GC(370) Mark: 2 stripe(s), 3 proactive flush(es), 1 terminate flush(es), 0 completion(s), 0 continuation(s) 
[122.303s][info][gc,marking  ] GC(370) Mark Stack Usage: 32M
[122.303s][info][gc,nmethod  ] GC(370) NMethods: 11183 registered, 9204 unregistered
[122.303s][info][gc,metaspace] GC(370) Metaspace: 156M used, 157M committed, 1216M reserved
[122.303s][info][gc,ref      ] GC(370) Soft: 3486 encountered, 3119 discovered, 223 enqueued
[122.303s][info][gc,ref      ] GC(370) Weak: 15304 encountered, 1914 discovered, 53 enqueued
[122.303s][info][gc,ref      ] GC(370) Final: 52 encountered, 0 discovered, 0 enqueued
[122.303s][info][gc,ref      ] GC(370) Phantom: 600 encountered, 363 discovered, 0 enqueued
[122.303s][info][gc,reloc    ] GC(370) Small Pages: 345 / 690M, Empty: 416M, Relocated: 5M, In-Place: 0
[122.303s][info][gc,reloc    ] GC(370) Medium Pages: 9 / 288M, Empty: 0M, Relocated: 52M, In-Place: 0
[122.303s][info][gc,reloc    ] GC(370) Large Pages: 1 / 6M, Empty: 6M, Relocated: 0M, In-Place: 0
[122.303s][info][gc,reloc    ] GC(370) Forwarding Usage: 1M
[122.303s][info][gc,heap     ] GC(370) Min Capacity: 2048M(100%)
[122.303s][info][gc,heap     ] GC(370) Max Capacity: 2048M(100%)
[122.303s][info][gc,heap     ] GC(370) Soft Max Capacity: 2048M(100%)
[122.303s][info][gc,heap     ] GC(370)                Mark Start          Mark End        Relocate Start      Relocate End           High               Low         
[122.303s][info][gc,heap     ] GC(370)  Capacity:     2048M (100%)       2048M (100%)       2048M (100%)       2048M (100%)       2048M (100%)       2048M (100%)   
[122.303s][info][gc,heap     ] GC(370)      Free:     1064M (52%)         988M (48%)        1402M (68%)        1720M (84%)        1722M (84%)         980M (48%)    
[122.303s][info][gc,heap     ] GC(370)      Used:      984M (48%)        1060M (52%)         646M (32%)         328M (16%)        1068M (52%)         326M (16%)    
[122.303s][info][gc,heap     ] GC(370)      Live:         -               193M (9%)          193M (9%)          193M (9%)             -                  -          
[122.303s][info][gc,heap     ] GC(370) Allocated:         -                76M (4%)           84M (4%)           93M (5%)             -                  -          
[122.303s][info][gc,heap     ] GC(370)   Garbage:         -               790M (39%)         368M (18%)          40M (2%)             -                  -          
[122.303s][info][gc,heap     ] GC(370) Reclaimed:         -                  -               422M (21%)         749M (37%)            -                  -          
[122.303s][info][gc          ] GC(370) Garbage Collection (Allocation Stall) 984M(48%)->328M(16%)
[122.308s][info][gc,start    ] GC(371) Garbage Collection (Allocation Rate)
[122.308s][info][gc,task     ] GC(371) Using 2 workers
[122.308s][info][gc,phases   ] GC(371) Pause Mark Start 0.016ms
[122.366s][info][gc,phases   ] GC(371) Concurrent Mark 57.949ms
[122.367s][info][gc,phases   ] GC(371) Pause Mark End 0.049ms
[122.367s][info][gc,phases   ] GC(371) Concurrent Mark Free 0.001ms
[122.397s][info][gc,phases   ] GC(371) Concurrent Process Non-Strong References 30.631ms
[122.397s][info][gc,phases   ] GC(371) Concurrent Reset Relocation Set 0.007ms
[122.399s][info][gc,phases   ] GC(371) Concurrent Select Relocation Set 1.961ms
[122.399s][info][gc,phases   ] GC(371) Pause Relocate Start 0.009ms
[122.400s][info][gc,phases   ] GC(371) Concurrent Relocate 0.897ms
[122.400s][info][gc,load     ] GC(371) Load: 0.00/0.00/0.00
[122.400s][info][gc,mmu      ] GC(371) MMU: 2ms/83.4%, 5ms/93.4%, 10ms/96.7%, 20ms/97.9%, 50ms/99.2%, 100ms/99.5%
[122.400s][info][gc,marking  ] GC(371) Mark: 2 stripe(s), 2 proactive flush(es), 1 terminate flush(es), 1 completion(s), 0 continuation(s) 
[122.400s][info][gc,marking  ] GC(371) Mark Stack Usage: 32M
[122.400s][info][gc,nmethod  ] GC(371) NMethods: 11183 registered, 9204 unregistered
[122.400s][info][gc,metaspace] GC(371) Metaspace: 156M used, 157M committed, 1216M reserved
[122.400s][info][gc,ref      ] GC(371) Soft: 3267 encountered, 0 discovered, 0 enqueued
[122.400s][info][gc,ref      ] GC(371) Weak: 15139 encountered, 3639 discovered, 295 enqueued
[122.400s][info][gc,ref      ] GC(371) Final: 52 encountered, 0 discovered, 0 enqueued
[122.400s][info][gc,ref      ] GC(371) Phantom: 600 encountered, 402 discovered, 0 enqueued
[122.400s][info][gc,reloc    ] GC(371) Small Pages: 58 / 116M, Empty: 0M, Relocated: 1M, In-Place: 0
[122.401s][info][gc,reloc    ] GC(371) Medium Pages: 6 / 192M, Empty: 32M, Relocated: 0M, In-Place: 0
[122.401s][info][gc,reloc    ] GC(371) Large Pages: 4 / 24M, Empty: 24M, Relocated: 0M, In-Place: 0
[122.401s][info][gc,reloc    ] GC(371) Forwarding Usage: 0M
[122.401s][info][gc,heap     ] GC(371) Min Capacity: 2048M(100%)
[122.401s][info][gc,heap     ] GC(371) Max Capacity: 2048M(100%)
[122.401s][info][gc,heap     ] GC(371) Soft Max Capacity: 2048M(100%)
[122.401s][info][gc,heap     ] GC(371)                Mark Start          Mark End        Relocate Start      Relocate End           High               Low         
[122.401s][info][gc,heap     ] GC(371)  Capacity:     2048M (100%)       2048M (100%)       2048M (100%)       2048M (100%)       2048M (100%)       2048M (100%)   
[122.401s][info][gc,heap     ] GC(371)      Free:     1716M (84%)        1638M (80%)        1656M (81%)        1698M (83%)        1716M (84%)        1600M (78%)    
[122.401s][info][gc,heap     ] GC(371)      Used:      332M (16%)         410M (20%)         392M (19%)         350M (17%)         448M (22%)         332M (16%)    
[122.401s][info][gc,heap     ] GC(371)      Live:         -               193M (9%)          193M (9%)          193M (9%)             -                  -          
[122.401s][info][gc,heap     ] GC(371) Allocated:         -                78M (4%)          116M (6%)          115M (6%)             -                  -          
[122.401s][info][gc,heap     ] GC(371)   Garbage:         -               138M (7%)           82M (4%)           40M (2%)             -                  -          
[122.401s][info][gc,heap     ] GC(371) Reclaimed:         -                  -                56M (3%)           97M (5%)             -                  -          
[122.401s][info][gc          ] GC(371) Garbage Collection (Allocation Rate) 332M(16%)->350M(17%)
[122.406s][info][gc,start    ] GC(372) Garbage Collection (Allocation Rate)
[122.406s][info][gc,task     ] GC(372) Using 2 workers
[122.406s][info][gc,phases   ] GC(372) Pause Mark Start 0.009ms
[122.462s][info][gc,phases   ] GC(372) Concurrent Mark 55.978ms
[122.462s][info][gc,phases   ] GC(372) Pause Mark End 0.058ms
[122.462s][info][gc,phases   ] GC(372) Concurrent Mark Free 0.000ms
[122.475s][info][gc,phases   ] GC(372) Concurrent Process Non-Strong References 12.713ms
[122.475s][info][gc,phases   ] GC(372) Concurrent Reset Relocation Set 0.002ms
[122.477s][info][gc,phases   ] GC(372) Concurrent Select Relocation Set 1.853ms
[122.477s][info][gc,phases   ] GC(372) Pause Relocate Start 0.007ms
[122.478s][info][gc,phases   ] GC(372) Concurrent Relocate 0.867ms
[122.478s][info][gc,load     ] GC(372) Load: 0.00/0.00/0.00
[122.478s][info][gc,mmu      ] GC(372) MMU: 2ms/83.4%, 5ms/93.4%, 10ms/96.7%, 20ms/97.9%, 50ms/99.2%, 100ms/99.5%
[122.478s][info][gc,marking  ] GC(372) Mark: 2 stripe(s), 2 proactive flush(es), 1 terminate flush(es), 1 completion(s), 0 continuation(s) 
[122.478s][info][gc,marking  ] GC(372) Mark Stack Usage: 32M
[122.478s][info][gc,nmethod  ] GC(372) NMethods: 11183 registered, 9204 unregistered
[122.478s][info][gc,metaspace] GC(372) Metaspace: 156M used, 157M committed, 1216M reserved
[122.478s][info][gc,ref      ] GC(372) Soft: 3278 encountered, 0 discovered, 0 enqueued
[122.478s][info][gc,ref      ] GC(372) Weak: 15290 encountered, 2108 discovered, 152 enqueued
[122.478s][info][gc,ref      ] GC(372) Final: 52 encountered, 0 discovered, 0 enqueued
[122.478s][info][gc,ref      ] GC(372) Phantom: 600 encountered, 349 discovered, 0 enqueued
[122.478s][info][gc,reloc    ] GC(372) Small Pages: 66 / 132M, Empty: 0M, Relocated: 1M, In-Place: 0
[122.478s][info][gc,reloc    ] GC(372) Medium Pages: 6 / 192M, Empty: 32M, Relocated: 0M, In-Place: 0
[122.478s][info][gc,reloc    ] GC(372) Large Pages: 5 / 30M, Empty: 30M, Relocated: 0M, In-Place: 0
[122.478s][info][gc,reloc    ] GC(372) Forwarding Usage: 0M
[122.478s][info][gc,heap     ] GC(372) Min Capacity: 2048M(100%)
[122.478s][info][gc,heap     ] GC(372) Max Capacity: 2048M(100%)
[122.478s][info][gc,heap     ] GC(372) Soft Max Capacity: 2048M(100%)
[122.478s][info][gc,heap     ] GC(372)                Mark Start          Mark End        Relocate Start      Relocate End           High               Low         
[122.478s][info][gc,heap     ] GC(372)  Capacity:     2048M (100%)       2048M (100%)       2048M (100%)       2048M (100%)       2048M (100%)       2048M (100%)   
[122.478s][info][gc,heap     ] GC(372)      Free:     1694M (83%)        1612M (79%)        1660M (81%)        1716M (84%)        1716M (84%)        1598M (78%)    
[122.478s][info][gc,heap     ] GC(372)      Used:      354M (17%)         436M (21%)         388M (19%)         332M (16%)         450M (22%)         332M (16%)    
[122.478s][info][gc,heap     ] GC(372)      Live:         -               193M (9%)          193M (9%)          193M (9%)             -                  -          
[122.478s][info][gc,heap     ] GC(372) Allocated:         -                82M (4%)           96M (5%)           95M (5%)             -                  -          
[122.478s][info][gc,heap     ] GC(372)   Garbage:         -               160M (8%)           98M (5%)           42M (2%)             -                  -          
[122.478s][info][gc,heap     ] GC(372) Reclaimed:         -                  -                62M (3%)          117M (6%)             -                  -          
[122.478s][info][gc          ] GC(372) Garbage Collection (Allocation Rate) 354M(17%)->332M(16%)
[122.514s][info][gc,start    ] GC(373) Garbage Collection (Allocation Rate)
[122.514s][info][gc,task     ] GC(373) Using 2 workers
[122.514s][info][gc,phases   ] GC(373) Pause Mark Start 0.009ms
[122.572s][info][gc,phases   ] GC(373) Concurrent Mark 57.411ms
[122.572s][info][gc,phases   ] GC(373) Pause Mark End 0.063ms
[122.572s][info][gc,phases   ] GC(373) Concurrent Mark Free 0.001ms
[122.584s][info][gc,phases   ] GC(373) Concurrent Process Non-Strong References 11.963ms
[122.584s][info][gc,phases   ] GC(373) Concurrent Reset Relocation Set 0.003ms
[122.586s][info][gc,phases   ] GC(373) Concurrent Select Relocation Set 2.333ms
[122.587s][info][gc,phases   ] GC(373) Pause Relocate Start 0.010ms
[122.588s][info][gc,phases   ] GC(373) Concurrent Relocate 1.092ms
[122.588s][info][gc,load     ] GC(373) Load: 0.00/0.00/0.00
[122.588s][info][gc,mmu      ] GC(373) MMU: 2ms/83.4%, 5ms/93.4%, 10ms/96.7%, 20ms/97.9%, 50ms/99.2%, 100ms/99.5%
[122.588s][info][gc,marking  ] GC(373) Mark: 2 stripe(s), 2 proactive flush(es), 1 terminate flush(es), 1 completion(s), 0 continuation(s) 
[122.588s][info][gc,marking  ] GC(373) Mark Stack Usage: 32M
[122.588s][info][gc,nmethod  ] GC(373) NMethods: 11183 registered, 9204 unregistered
[122.588s][info][gc,metaspace] GC(373) Metaspace: 156M used, 157M committed, 1216M reserved
[122.588s][info][gc,ref      ] GC(373) Soft: 3278 encountered, 0 discovered, 0 enqueued
[122.588s][info][gc,ref      ] GC(373) Weak: 15432 encountered, 2572 discovered, 293 enqueued
[122.588s][info][gc,ref      ] GC(373) Final: 52 encountered, 0 discovered, 0 enqueued
[122.588s][info][gc,ref      ] GC(373) Phantom: 600 encountered, 386 discovered, 0 enqueued
[122.588s][info][gc,reloc    ] GC(373) Small Pages: 69 / 138M, Empty: 0M, Relocated: 1M, In-Place: 0
[122.588s][info][gc,reloc    ] GC(373) Medium Pages: 6 / 192M, Empty: 32M, Relocated: 0M, In-Place: 0
[122.588s][info][gc,reloc    ] GC(373) Large Pages: 6 / 36M, Empty: 36M, Relocated: 0M, In-Place: 0
[122.588s][info][gc,reloc    ] GC(373) Forwarding Usage: 0M
[122.588s][info][gc,heap     ] GC(373) Min Capacity: 2048M(100%)
[122.588s][info][gc,heap     ] GC(373) Max Capacity: 2048M(100%)
[122.588s][info][gc,heap     ] GC(373) Soft Max Capacity: 2048M(100%)
[122.588s][info][gc,heap     ] GC(373)                Mark Start          Mark End        Relocate Start      Relocate End           High               Low         
[122.588s][info][gc,heap     ] GC(373)  Capacity:     2048M (100%)       2048M (100%)       2048M (100%)       2048M (100%)       2048M (100%)       2048M (100%)   
[122.588s][info][gc,heap     ] GC(373)      Free:     1682M (82%)        1602M (78%)        1652M (81%)        1714M (84%)        1714M (84%)        1584M (77%)    
[122.588s][info][gc,heap     ] GC(373)      Used:      366M (18%)         446M (22%)         396M (19%)         334M (16%)         464M (23%)         334M (16%)    
[122.588s][info][gc,heap     ] GC(373)      Live:         -               194M (9%)          194M (9%)          194M (9%)             -                  -          
[122.588s][info][gc,heap     ] GC(373) Allocated:         -                80M (4%)           98M (5%)           97M (5%)             -                  -          
[122.588s][info][gc,heap     ] GC(373)   Garbage:         -               171M (8%)          103M (5%)           41M (2%)             -                  -          
[122.588s][info][gc,heap     ] GC(373) Reclaimed:         -                  -                68M (3%)          129M (6%)             -                  -          
[122.588s][info][gc          ] GC(373) Garbage Collection (Allocation Rate) 366M(18%)->334M(16%)
[123.213s][info][gc,start    ] GC(374) Garbage Collection (Allocation Rate)
[123.213s][info][gc,task     ] GC(374) Using 2 workers
[123.214s][info][gc,phases   ] GC(374) Pause Mark Start 0.006ms
[123.262s][info][gc,phases   ] GC(374) Concurrent Mark 48.037ms
[123.262s][info][gc,phases   ] GC(374) Pause Mark End 0.017ms
[123.262s][info][gc,phases   ] GC(374) Concurrent Mark Free 0.001ms
[123.275s][info][gc,phases   ] GC(374) Concurrent Process Non-Strong References 12.837ms
[123.275s][info][gc,phases   ] GC(374) Concurrent Reset Relocation Set 0.002ms
[123.277s][info][gc,phases   ] GC(374) Concurrent Select Relocation Set 2.368ms
[123.277s][info][gc,phases   ] GC(374) Pause Relocate Start 0.011ms
[123.281s][info][gc,phases   ] GC(374) Concurrent Relocate 3.438ms
[123.281s][info][gc,load     ] GC(374) Load: 0.00/0.00/0.00
[123.281s][info][gc,mmu      ] GC(374) MMU: 2ms/83.4%, 5ms/93.4%, 10ms/96.7%, 20ms/97.9%, 50ms/99.2%, 100ms/99.5%
[123.281s][info][gc,marking  ] GC(374) Mark: 2 stripe(s), 2 proactive flush(es), 1 terminate flush(es), 0 completion(s), 0 continuation(s) 
[123.281s][info][gc,marking  ] GC(374) Mark Stack Usage: 32M
[123.281s][info][gc,nmethod  ] GC(374) NMethods: 11188 registered, 9208 unregistered
[123.281s][info][gc,metaspace] GC(374) Metaspace: 156M used, 157M committed, 1216M reserved
[123.281s][info][gc,ref      ] GC(374) Soft: 3275 encountered, 0 discovered, 0 enqueued
[123.281s][info][gc,ref      ] GC(374) Weak: 17050 encountered, 4403 discovered, 2034 enqueued
[123.281s][info][gc,ref      ] GC(374) Final: 52 encountered, 0 discovered, 0 enqueued
[123.281s][info][gc,ref      ] GC(374) Phantom: 600 encountered, 484 discovered, 0 enqueued
[123.281s][info][gc,reloc    ] GC(374) Small Pages: 197 / 394M, Empty: 4M, Relocated: 6M, In-Place: 0
[123.281s][info][gc,reloc    ] GC(374) Medium Pages: 9 / 288M, Empty: 128M, Relocated: 0M, In-Place: 0
[123.281s][info][gc,reloc    ] GC(374) Large Pages: 40 / 240M, Empty: 234M, Relocated: 0M, In-Place: 0
[123.281s][info][gc,reloc    ] GC(374) Forwarding Usage: 1M
[123.281s][info][gc,heap     ] GC(374) Min Capacity: 2048M(100%)
[123.281s][info][gc,heap     ] GC(374) Max Capacity: 2048M(100%)
[123.281s][info][gc,heap     ] GC(374) Soft Max Capacity: 2048M(100%)
[123.281s][info][gc,heap     ] GC(374)                Mark Start          Mark End        Relocate Start      Relocate End           High               Low         
[123.281s][info][gc,heap     ] GC(374)  Capacity:     2048M (100%)       2048M (100%)       2048M (100%)       2048M (100%)       2048M (100%)       2048M (100%)   
[123.281s][info][gc,heap     ] GC(374)      Free:     1126M (55%)        1054M (51%)        1412M (69%)        1722M (84%)        1724M (84%)        1046M (51%)    
[123.281s][info][gc,heap     ] GC(374)      Used:      922M (45%)         994M (49%)         636M (31%)         326M (16%)        1002M (49%)         324M (16%)    
[123.281s][info][gc,heap     ] GC(374)      Live:         -               201M (10%)         201M (10%)         201M (10%)            -                  -          
[123.281s][info][gc,heap     ] GC(374) Allocated:         -                72M (4%)           80M (4%)           85M (4%)             -                  -          
[123.281s][info][gc,heap     ] GC(374)   Garbage:         -               720M (35%)         354M (17%)          38M (2%)             -                  -          
[123.281s][info][gc,heap     ] GC(374) Reclaimed:         -                  -               366M (18%)         681M (33%)            -                  -          
[123.281s][info][gc          ] GC(374) Garbage Collection (Allocation Rate) 922M(45%)->326M(16%)
[123.435s][info][gc,start    ] GC(375) Garbage Collection (System.gc())
[123.435s][info][gc,task     ] GC(375) Using 2 workers
[123.435s][info][gc,phases   ] GC(375) Pause Mark Start 0.005ms
[123.482s][info][gc,phases   ] GC(375) Concurrent Mark 46.299ms
[123.482s][info][gc,phases   ] GC(375) Pause Mark End 0.014ms
[123.482s][info][gc,phases   ] GC(375) Concurrent Mark Free 0.001ms
[123.494s][info][gc,phases   ] GC(375) Concurrent Process Non-Strong References 12.519ms
[123.494s][info][gc,phases   ] GC(375) Concurrent Reset Relocation Set 0.014ms
[123.497s][info][gc,phases   ] GC(375) Concurrent Select Relocation Set 2.225ms
[123.497s][info][gc,phases   ] GC(375) Pause Relocate Start 0.014ms
[123.501s][info][gc,phases   ] GC(375) Concurrent Relocate 4.111ms
[123.501s][info][gc,load     ] GC(375) Load: 0.00/0.00/0.00
[123.501s][info][gc,mmu      ] GC(375) MMU: 2ms/83.4%, 5ms/93.4%, 10ms/96.7%, 20ms/97.9%, 50ms/99.2%, 100ms/99.5%
[123.501s][info][gc,marking  ] GC(375) Mark: 2 stripe(s), 1 proactive flush(es), 1 terminate flush(es), 0 completion(s), 0 continuation(s) 
[123.501s][info][gc,marking  ] GC(375) Mark Stack Usage: 32M
[123.501s][info][gc,nmethod  ] GC(375) NMethods: 11200 registered, 9209 unregistered
[123.501s][info][gc,metaspace] GC(375) Metaspace: 156M used, 157M committed, 1216M reserved
[123.501s][info][gc,ref      ] GC(375) Soft: 3493 encountered, 0 discovered, 0 enqueued
[123.501s][info][gc,ref      ] GC(375) Weak: 15835 encountered, 3098 discovered, 700 enqueued
[123.501s][info][gc,ref      ] GC(375) Final: 52 encountered, 0 discovered, 0 enqueued
[123.501s][info][gc,ref      ] GC(375) Phantom: 600 encountered, 338 discovered, 0 enqueued
[123.501s][info][gc,reloc    ] GC(375) Small Pages: 106 / 212M, Empty: 2M, Relocated: 6M, In-Place: 0
[123.501s][info][gc,reloc    ] GC(375) Medium Pages: 6 / 192M, Empty: 96M, Relocated: 0M, In-Place: 0
[123.501s][info][gc,reloc    ] GC(375) Large Pages: 9 / 54M, Empty: 54M, Relocated: 0M, In-Place: 0
[123.501s][info][gc,reloc    ] GC(375) Forwarding Usage: 2M
[123.501s][info][gc,heap     ] GC(375) Min Capacity: 2048M(100%)
[123.501s][info][gc,heap     ] GC(375) Max Capacity: 2048M(100%)
[123.501s][info][gc,heap     ] GC(375) Soft Max Capacity: 2048M(100%)
[123.501s][info][gc,heap     ] GC(375)                Mark Start          Mark End        Relocate Start      Relocate End           High               Low         
[123.501s][info][gc,heap     ] GC(375)  Capacity:     2048M (100%)       2048M (100%)       2048M (100%)       2048M (100%)       2048M (100%)       2048M (100%)   
[123.501s][info][gc,heap     ] GC(375)      Free:     1590M (78%)        1588M (78%)        1728M (84%)        1856M (91%)        1864M (91%)        1580M (77%)    
[123.501s][info][gc,heap     ] GC(375)      Used:      458M (22%)         460M (22%)         320M (16%)         192M (9%)          468M (23%)         184M (9%)     
[123.501s][info][gc,heap     ] GC(375)      Live:         -               130M (6%)          130M (6%)          130M (6%)             -                  -          
[123.501s][info][gc,heap     ] GC(375) Allocated:         -                 2M (0%)           14M (1%)           25M (1%)             -                  -          
[123.501s][info][gc,heap     ] GC(375)   Garbage:         -               327M (16%)         175M (9%)           35M (2%)             -                  -          
[123.501s][info][gc,heap     ] GC(375) Reclaimed:         -                  -               152M (7%)          291M (14%)            -                  -          
[123.501s][info][gc          ] GC(375) Garbage Collection (System.gc()) 458M(22%)->192M(9%)
[123.811s][info][gc,start    ] GC(376) Garbage Collection (Allocation Rate)
[123.811s][info][gc,task     ] GC(376) Using 2 workers
[123.812s][info][gc,phases   ] GC(376) Pause Mark Start 0.010ms
[123.874s][info][gc,phases   ] GC(376) Concurrent Mark 62.567ms
[123.874s][info][gc,phases   ] GC(376) Pause Mark End 0.031ms
[123.875s][info][gc,phases   ] GC(376) Concurrent Mark Free 0.003ms
[123.888s][info][gc,phases   ] GC(376) Concurrent Process Non-Strong References 12.930ms
[123.888s][info][gc,phases   ] GC(376) Concurrent Reset Relocation Set 0.007ms
[123.888s][info][gc          ] Allocation Stall (Reference Handler) 0.088ms
[123.888s][info][gc          ] Allocation Stall (Executor task launch worker for task 3.0 in stage 2625.0 (TID 10505)) 55.234ms
[123.888s][info][gc          ] Allocation Stall (Executor task launch worker for task 2.0 in stage 2625.0 (TID 10504)) 53.788ms
[123.888s][info][gc          ] Allocation Stall (Executor task launch worker for task 0.0 in stage 2625.0 (TID 10502)) 54.532ms
[123.888s][info][gc          ] Allocation Stall (Executor task launch worker for task 4.0 in stage 2625.0 (TID 10506)) 54.612ms
[123.888s][info][gc          ] Allocation Stall (Executor task launch worker for task 1.0 in stage 2625.0 (TID 10503)) 54.938ms
[123.892s][info][gc,phases   ] GC(376) Concurrent Select Relocation Set 4.013ms
[123.892s][info][gc,phases   ] GC(376) Pause Relocate Start 0.014ms
[123.916s][info][gc,phases   ] GC(376) Concurrent Relocate 23.979ms
[123.916s][info][gc,load     ] GC(376) Load: 0.00/0.00/0.00
[123.916s][info][gc,mmu      ] GC(376) MMU: 2ms/83.4%, 5ms/93.4%, 10ms/96.7%, 20ms/97.9%, 50ms/99.2%, 100ms/99.5%
[123.916s][info][gc,marking  ] GC(376) Mark: 2 stripe(s), 2 proactive flush(es), 1 terminate flush(es), 0 completion(s), 0 continuation(s) 
[123.916s][info][gc,marking  ] GC(376) Mark Stack Usage: 32M
[123.916s][info][gc,nmethod  ] GC(376) NMethods: 11232 registered, 9216 unregistered
[123.916s][info][gc,metaspace] GC(376) Metaspace: 156M used, 157M committed, 1216M reserved
[123.916s][info][gc,ref      ] GC(376) Soft: 3555 encountered, 0 discovered, 0 enqueued
[123.916s][info][gc,ref      ] GC(376) Weak: 15500 encountered, 2929 discovered, 228 enqueued
[123.916s][info][gc,ref      ] GC(376) Final: 52 encountered, 0 discovered, 0 enqueued
[123.916s][info][gc,ref      ] GC(376) Phantom: 600 encountered, 319 discovered, 0 enqueued
[123.916s][info][gc,reloc    ] GC(376) Small Pages: 813 / 1626M, Empty: 1222M, Relocated: 8M, In-Place: 0
[123.916s][info][gc,reloc    ] GC(376) Medium Pages: 9 / 288M, Empty: 0M, Relocated: 46M, In-Place: 0
[123.916s][info][gc,reloc    ] GC(376) Large Pages: 6 / 36M, Empty: 36M, Relocated: 0M, In-Place: 0
[123.916s][info][gc,reloc    ] GC(376) Forwarding Usage: 1M
[123.916s][info][gc,heap     ] GC(376) Min Capacity: 2048M(100%)
[123.916s][info][gc,heap     ] GC(376) Max Capacity: 2048M(100%)
[123.916s][info][gc,heap     ] GC(376) Soft Max Capacity: 2048M(100%)
[123.916s][info][gc,heap     ] GC(376)                Mark Start          Mark End        Relocate Start      Relocate End           High               Low         
[123.916s][info][gc,heap     ] GC(376)  Capacity:     2048M (100%)       2048M (100%)       2048M (100%)       2048M (100%)       2048M (100%)       2048M (100%)   
[123.916s][info][gc,heap     ] GC(376)      Free:       98M (5%)            0M (0%)         1228M (60%)        1590M (78%)        1602M (78%)           0M (0%)     
[123.916s][info][gc,heap     ] GC(376)      Used:     1950M (95%)        2048M (100%)        820M (40%)         458M (22%)        2048M (100%)        446M (22%)    
[123.916s][info][gc,heap     ] GC(376)      Live:         -               183M (9%)          183M (9%)          183M (9%)             -                  -          
[123.916s][info][gc,heap     ] GC(376) Allocated:         -                98M (5%)          128M (6%)          234M (11%)            -                  -          
[123.916s][info][gc,heap     ] GC(376)   Garbage:         -              1766M (86%)         508M (25%)          39M (2%)             -                  -          
[123.916s][info][gc,heap     ] GC(376) Reclaimed:         -                  -              1258M (61%)        1726M (84%)            -                  -          
[123.916s][info][gc          ] GC(376) Garbage Collection (Allocation Rate) 1950M(95%)->458M(22%)
[124.015s][info][gc,start    ] GC(377) Garbage Collection (Allocation Stall)
[124.015s][info][gc,ref      ] GC(377) Clearing All SoftReferences
[124.015s][info][gc,task     ] GC(377) Using 2 workers
[124.015s][info][gc,ref      ] GC(377) Clearing All SoftReferences
[124.015s][info][gc,phases   ] GC(377) Pause Mark Start 0.048ms
[124.061s][info][gc,phases   ] GC(377) Concurrent Mark 46.313ms
[124.061s][info][gc,phases   ] GC(377) Pause Mark End 0.023ms
[124.061s][info][gc,phases   ] GC(377) Concurrent Mark Free 0.001ms
[124.090s][info][gc,phases   ] GC(377) Concurrent Process Non-Strong References 28.933ms
[124.090s][info][gc,phases   ] GC(377) Concurrent Reset Relocation Set 0.011ms
[124.092s][info][gc,phases   ] GC(377) Concurrent Select Relocation Set 1.874ms
[124.092s][info][gc,phases   ] GC(377) Pause Relocate Start 0.009ms
[124.097s][info][gc,phases   ] GC(377) Concurrent Relocate 5.071ms
[124.098s][info][gc,load     ] GC(377) Load: 0.00/0.00/0.00
[124.098s][info][gc,mmu      ] GC(377) MMU: 2ms/83.4%, 5ms/93.4%, 10ms/96.7%, 20ms/97.9%, 50ms/99.2%, 100ms/99.5%
[124.098s][info][gc,marking  ] GC(377) Mark: 2 stripe(s), 2 proactive flush(es), 1 terminate flush(es), 0 completion(s), 0 continuation(s) 
[124.098s][info][gc,marking  ] GC(377) Mark Stack Usage: 32M
[124.098s][info][gc,nmethod  ] GC(377) NMethods: 11232 registered, 9216 unregistered
[124.098s][info][gc,metaspace] GC(377) Metaspace: 156M used, 157M committed, 1216M reserved
[124.098s][info][gc,ref      ] GC(377) Soft: 3488 encountered, 3106 discovered, 225 enqueued
[124.098s][info][gc,ref      ] GC(377) Weak: 15461 encountered, 2843 discovered, 200 enqueued
[124.098s][info][gc,ref      ] GC(377) Final: 52 encountered, 0 discovered, 0 enqueued
[124.098s][info][gc,ref      ] GC(377) Phantom: 600 encountered, 381 discovered, 0 enqueued
[124.098s][info][gc,reloc    ] GC(377) Small Pages: 177 / 354M, Empty: 158M, Relocated: 3M, In-Place: 0
[124.098s][info][gc,reloc    ] GC(377) Medium Pages: 7 / 224M, Empty: 0M, Relocated: 26M, In-Place: 0
[124.098s][info][gc,reloc    ] GC(377) Large Pages: 4 / 24M, Empty: 24M, Relocated: 0M, In-Place: 0
[124.098s][info][gc,reloc    ] GC(377) Forwarding Usage: 0M
[124.098s][info][gc,heap     ] GC(377) Min Capacity: 2048M(100%)
[124.098s][info][gc,heap     ] GC(377) Max Capacity: 2048M(100%)
[124.098s][info][gc,heap     ] GC(377) Soft Max Capacity: 2048M(100%)
[124.098s][info][gc,heap     ] GC(377)                Mark Start          Mark End        Relocate Start      Relocate End           High               Low         
[124.098s][info][gc,heap     ] GC(377)  Capacity:     2048M (100%)       2048M (100%)       2048M (100%)       2048M (100%)       2048M (100%)       2048M (100%)   
[124.098s][info][gc,heap     ] GC(377)      Free:     1446M (71%)        1372M (67%)        1538M (75%)        1724M (84%)        1724M (84%)        1362M (67%)    
[124.098s][info][gc,heap     ] GC(377)      Used:      602M (29%)         676M (33%)         510M (25%)         324M (16%)         686M (33%)         324M (16%)    
[124.098s][info][gc,heap     ] GC(377)      Live:         -               193M (9%)          193M (9%)          193M (9%)             -                  -          
[124.098s][info][gc,heap     ] GC(377) Allocated:         -                74M (4%)           90M (4%)           91M (4%)             -                  -          
[124.098s][info][gc,heap     ] GC(377)   Garbage:         -               408M (20%)         226M (11%)          38M (2%)             -                  -          
[124.098s][info][gc,heap     ] GC(377) Reclaimed:         -                  -               182M (9%)          369M (18%)            -                  -          
[124.098s][info][gc          ] GC(377) Garbage Collection (Allocation Stall) 602M(29%)->324M(16%)
[124.108s][info][gc,start    ] GC(378) Garbage Collection (Allocation Rate)
[124.108s][info][gc,task     ] GC(378) Using 2 workers
[124.109s][info][gc,phases   ] GC(378) Pause Mark Start 0.010ms
[124.164s][info][gc,phases   ] GC(378) Concurrent Mark 55.375ms
[124.164s][info][gc,phases   ] GC(378) Pause Mark End 0.057ms
[124.164s][info][gc,phases   ] GC(378) Concurrent Mark Free 0.001ms
[124.195s][info][gc,phases   ] GC(378) Concurrent Process Non-Strong References 30.538ms
[124.195s][info][gc,phases   ] GC(378) Concurrent Reset Relocation Set 0.005ms
[124.197s][info][gc,phases   ] GC(378) Concurrent Select Relocation Set 2.408ms
[124.198s][info][gc,phases   ] GC(378) Pause Relocate Start 0.010ms
[124.202s][info][gc,phases   ] GC(378) Concurrent Relocate 4.277ms
[124.202s][info][gc,load     ] GC(378) Load: 0.00/0.00/0.00
[124.202s][info][gc,mmu      ] GC(378) MMU: 2ms/83.4%, 5ms/93.4%, 10ms/96.7%, 20ms/97.9%, 50ms/99.2%, 100ms/99.5%
[124.202s][info][gc,marking  ] GC(378) Mark: 2 stripe(s), 2 proactive flush(es), 1 terminate flush(es), 1 completion(s), 0 continuation(s) 
[124.202s][info][gc,marking  ] GC(378) Mark Stack Usage: 32M
[124.202s][info][gc,nmethod  ] GC(378) NMethods: 11234 registered, 9216 unregistered
[124.202s][info][gc,metaspace] GC(378) Metaspace: 156M used, 157M committed, 1216M reserved
[124.202s][info][gc,ref      ] GC(378) Soft: 3267 encountered, 0 discovered, 0 enqueued
[124.202s][info][gc,ref      ] GC(378) Weak: 15124 encountered, 4585 discovered, 298 enqueued
[124.202s][info][gc,ref      ] GC(378) Final: 52 encountered, 0 discovered, 0 enqueued
[124.202s][info][gc,ref      ] GC(378) Phantom: 600 encountered, 355 discovered, 0 enqueued
[124.202s][info][gc,reloc    ] GC(378) Small Pages: 61 / 122M, Empty: 0M, Relocated: 3M, In-Place: 0
[124.202s][info][gc,reloc    ] GC(378) Medium Pages: 6 / 192M, Empty: 0M, Relocated: 19M, In-Place: 0
[124.202s][info][gc,reloc    ] GC(378) Large Pages: 4 / 24M, Empty: 24M, Relocated: 0M, In-Place: 0
[124.202s][info][gc,reloc    ] GC(378) Forwarding Usage: 0M
[124.202s][info][gc,heap     ] GC(378) Min Capacity: 2048M(100%)
[124.202s][info][gc,heap     ] GC(378) Max Capacity: 2048M(100%)
[124.202s][info][gc,heap     ] GC(378) Soft Max Capacity: 2048M(100%)
[124.202s][info][gc,heap     ] GC(378)                Mark Start          Mark End        Relocate Start      Relocate End           High               Low         
[124.202s][info][gc,heap     ] GC(378)  Capacity:     2048M (100%)       2048M (100%)       2048M (100%)       2048M (100%)       2048M (100%)       2048M (100%)   
[124.202s][info][gc,heap     ] GC(378)      Free:     1710M (83%)        1644M (80%)        1622M (79%)        1700M (83%)        1710M (83%)        1590M (78%)    
[124.202s][info][gc,heap     ] GC(378)      Used:      338M (17%)         404M (20%)         426M (21%)         348M (17%)         458M (22%)         338M (17%)    
[124.202s][info][gc,heap     ] GC(378)      Live:         -               193M (9%)          193M (9%)          193M (9%)             -                  -          
[124.202s][info][gc,heap     ] GC(378) Allocated:         -                66M (3%)          112M (5%)          115M (6%)             -                  -          
[124.202s][info][gc,heap     ] GC(378)   Garbage:         -               144M (7%)          120M (6%)           38M (2%)             -                  -          
[124.202s][info][gc,heap     ] GC(378) Reclaimed:         -                  -                24M (1%)          105M (5%)             -                  -          
[124.202s][info][gc          ] GC(378) Garbage Collection (Allocation Rate) 338M(17%)->348M(17%)
[124.207s][info][gc,start    ] GC(379) Garbage Collection (Allocation Rate)
[124.207s][info][gc,task     ] GC(379) Using 2 workers
[124.207s][info][gc,phases   ] GC(379) Pause Mark Start 0.011ms
[124.267s][info][gc,phases   ] GC(379) Concurrent Mark 59.781ms
[124.267s][info][gc,phases   ] GC(379) Pause Mark End 0.092ms
[124.267s][info][gc,phases   ] GC(379) Concurrent Mark Free 0.001ms
[124.280s][info][gc,phases   ] GC(379) Concurrent Process Non-Strong References 12.526ms
[124.280s][info][gc,phases   ] GC(379) Concurrent Reset Relocation Set 0.003ms
[124.282s][info][gc,phases   ] GC(379) Concurrent Select Relocation Set 2.456ms
[124.283s][info][gc,phases   ] GC(379) Pause Relocate Start 0.013ms
[124.285s][info][gc,phases   ] GC(379) Concurrent Relocate 2.075ms
[124.285s][info][gc,load     ] GC(379) Load: 0.00/0.00/0.00
[124.285s][info][gc,mmu      ] GC(379) MMU: 2ms/83.4%, 5ms/93.4%, 10ms/96.7%, 20ms/97.9%, 50ms/99.2%, 100ms/99.5%
[124.285s][info][gc,marking  ] GC(379) Mark: 2 stripe(s), 2 proactive flush(es), 1 terminate flush(es), 1 completion(s), 0 continuation(s) 
[124.285s][info][gc,marking  ] GC(379) Mark Stack Usage: 32M
[124.285s][info][gc,nmethod  ] GC(379) NMethods: 11232 registered, 9218 unregistered
[124.285s][info][gc,metaspace] GC(379) Metaspace: 156M used, 157M committed, 1216M reserved
[124.285s][info][gc,ref      ] GC(379) Soft: 3278 encountered, 0 discovered, 0 enqueued
[124.285s][info][gc,ref      ] GC(379) Weak: 15285 encountered, 2991 discovered, 152 enqueued
[124.285s][info][gc,ref      ] GC(379) Final: 52 encountered, 0 discovered, 0 enqueued
[124.285s][info][gc,ref      ] GC(379) Phantom: 600 encountered, 370 discovered, 0 enqueued
[124.285s][info][gc,reloc    ] GC(379) Small Pages: 63 / 126M, Empty: 2M, Relocated: 3M, In-Place: 0
[124.285s][info][gc,reloc    ] GC(379) Medium Pages: 6 / 192M, Empty: 32M, Relocated: 0M, In-Place: 0
[124.285s][info][gc,reloc    ] GC(379) Large Pages: 5 / 30M, Empty: 30M, Relocated: 0M, In-Place: 0
[124.285s][info][gc,reloc    ] GC(379) Forwarding Usage: 1M
[124.285s][info][gc,heap     ] GC(379) Min Capacity: 2048M(100%)
[124.285s][info][gc,heap     ] GC(379) Max Capacity: 2048M(100%)
[124.285s][info][gc,heap     ] GC(379) Soft Max Capacity: 2048M(100%)
[124.285s][info][gc,heap     ] GC(379)                Mark Start          Mark End        Relocate Start      Relocate End           High               Low         
[124.285s][info][gc,heap     ] GC(379)  Capacity:     2048M (100%)       2048M (100%)       2048M (100%)       2048M (100%)       2048M (100%)       2048M (100%)   
[124.285s][info][gc,heap     ] GC(379)      Free:     1700M (83%)        1620M (79%)        1678M (82%)        1730M (84%)        1730M (84%)        1614M (79%)    
[124.285s][info][gc,heap     ] GC(379)      Used:      348M (17%)         428M (21%)         370M (18%)         318M (16%)         434M (21%)         318M (16%)    
[124.285s][info][gc,heap     ] GC(379)      Live:         -               193M (9%)          193M (9%)          193M (9%)             -                  -          
[124.285s][info][gc,heap     ] GC(379) Allocated:         -                80M (4%)           86M (4%)           85M (4%)             -                  -          
[124.285s][info][gc,heap     ] GC(379)   Garbage:         -               154M (8%)           90M (4%)           38M (2%)             -                  -          
[124.285s][info][gc,heap     ] GC(379) Reclaimed:         -                  -                64M (3%)          115M (6%)             -                  -          
[124.285s][info][gc          ] GC(379) Garbage Collection (Allocation Rate) 348M(17%)->318M(16%)
[124.915s][info][gc,start    ] GC(380) Garbage Collection (Allocation Rate)
[124.915s][info][gc,task     ] GC(380) Using 2 workers
[124.916s][info][gc,phases   ] GC(380) Pause Mark Start 0.014ms
[124.976s][info][gc,phases   ] GC(380) Concurrent Mark 60.059ms
[124.976s][info][gc,phases   ] GC(380) Pause Mark End 0.126ms
[124.976s][info][gc,phases   ] GC(380) Concurrent Mark Free 0.001ms
[124.989s][info][gc,phases   ] GC(380) Concurrent Process Non-Strong References 12.733ms
[124.989s][info][gc,phases   ] GC(380) Concurrent Reset Relocation Set 0.003ms
[124.991s][info][gc,phases   ] GC(380) Concurrent Select Relocation Set 1.868ms
[124.991s][info][gc,phases   ] GC(380) Pause Relocate Start 0.008ms
[124.992s][info][gc,phases   ] GC(380) Concurrent Relocate 1.205ms
[124.992s][info][gc,load     ] GC(380) Load: 0.00/0.00/0.00
[124.992s][info][gc,mmu      ] GC(380) MMU: 2ms/83.4%, 5ms/93.4%, 10ms/96.7%, 20ms/97.9%, 50ms/99.2%, 100ms/99.5%
[124.992s][info][gc,marking  ] GC(380) Mark: 2 stripe(s), 2 proactive flush(es), 1 terminate flush(es), 1 completion(s), 0 continuation(s) 
[124.992s][info][gc,marking  ] GC(380) Mark Stack Usage: 32M
[124.992s][info][gc,nmethod  ] GC(380) NMethods: 11235 registered, 9225 unregistered
[124.992s][info][gc,metaspace] GC(380) Metaspace: 156M used, 157M committed, 1216M reserved
[124.992s][info][gc,ref      ] GC(380) Soft: 3278 encountered, 0 discovered, 0 enqueued
[124.992s][info][gc,ref      ] GC(380) Weak: 17047 encountered, 4969 discovered, 1888 enqueued
[124.992s][info][gc,ref      ] GC(380) Final: 52 encountered, 0 discovered, 0 enqueued
[124.992s][info][gc,ref      ] GC(380) Phantom: 600 encountered, 353 discovered, 0 enqueued
[124.992s][info][gc,reloc    ] GC(380) Small Pages: 190 / 380M, Empty: 14M, Relocated: 3M, In-Place: 0
[124.992s][info][gc,reloc    ] GC(380) Medium Pages: 9 / 288M, Empty: 128M, Relocated: 0M, In-Place: 0
[124.992s][info][gc,reloc    ] GC(380) Large Pages: 39 / 234M, Empty: 234M, Relocated: 0M, In-Place: 0
[124.992s][info][gc,reloc    ] GC(380) Forwarding Usage: 0M
[124.992s][info][gc,heap     ] GC(380) Min Capacity: 2048M(100%)
[124.992s][info][gc,heap     ] GC(380) Max Capacity: 2048M(100%)
[124.992s][info][gc,heap     ] GC(380) Soft Max Capacity: 2048M(100%)
[124.992s][info][gc,heap     ] GC(380)                Mark Start          Mark End        Relocate Start      Relocate End           High               Low         
[124.992s][info][gc,heap     ] GC(380)  Capacity:     2048M (100%)       2048M (100%)       2048M (100%)       2048M (100%)       2048M (100%)       2048M (100%)   
[124.992s][info][gc,heap     ] GC(380)      Free:     1146M (56%)        1066M (52%)        1430M (70%)        1716M (84%)        1716M (84%)        1056M (52%)    
[124.992s][info][gc,heap     ] GC(380)      Used:      902M (44%)         982M (48%)         618M (30%)         332M (16%)         992M (48%)         332M (16%)    
[124.992s][info][gc,heap     ] GC(380)      Live:         -               195M (10%)         195M (10%)         195M (10%)            -                  -          
[124.992s][info][gc,heap     ] GC(380) Allocated:         -                80M (4%)           92M (4%)           95M (5%)             -                  -          
[124.992s][info][gc,heap     ] GC(380)   Garbage:         -               706M (34%)         330M (16%)          40M (2%)             -                  -          
[124.992s][info][gc,heap     ] GC(380) Reclaimed:         -                  -               376M (18%)         665M (33%)            -                  -          
[124.993s][info][gc          ] GC(380) Garbage Collection (Allocation Rate) 902M(44%)->332M(16%)
[125.200s][info][gc,start    ] GC(381) Garbage Collection (System.gc())
[125.200s][info][gc,task     ] GC(381) Using 2 workers
[125.200s][info][gc,phases   ] GC(381) Pause Mark Start 0.009ms
[125.246s][info][gc,phases   ] GC(381) Concurrent Mark 46.406ms
[125.247s][info][gc,phases   ] GC(381) Pause Mark End 0.035ms
[125.247s][info][gc,phases   ] GC(381) Concurrent Mark Free 0.002ms
[125.259s][info][gc,phases   ] GC(381) Concurrent Process Non-Strong References 12.353ms
[125.259s][info][gc,phases   ] GC(381) Concurrent Reset Relocation Set 0.010ms
[125.261s][info][gc,phases   ] GC(381) Concurrent Select Relocation Set 1.664ms
[125.261s][info][gc,phases   ] GC(381) Pause Relocate Start 0.007ms
[125.263s][info][gc,phases   ] GC(381) Concurrent Relocate 2.301ms
[125.263s][info][gc,load     ] GC(381) Load: 0.00/0.00/0.00
[125.263s][info][gc,mmu      ] GC(381) MMU: 2ms/83.4%, 5ms/93.4%, 10ms/96.7%, 20ms/97.9%, 50ms/99.2%, 100ms/99.5%
[125.263s][info][gc,marking  ] GC(381) Mark: 2 stripe(s), 2 proactive flush(es), 1 terminate flush(es), 0 completion(s), 0 continuation(s) 
[125.263s][info][gc,marking  ] GC(381) Mark Stack Usage: 32M
[125.263s][info][gc,nmethod  ] GC(381) NMethods: 11233 registered, 9232 unregistered
[125.263s][info][gc,metaspace] GC(381) Metaspace: 156M used, 157M committed, 1216M reserved
[125.263s][info][gc,ref      ] GC(381) Soft: 3493 encountered, 0 discovered, 0 enqueued
[125.263s][info][gc,ref      ] GC(381) Weak: 16124 encountered, 3882 discovered, 987 enqueued
[125.263s][info][gc,ref      ] GC(381) Final: 52 encountered, 0 discovered, 0 enqueued
[125.263s][info][gc,ref      ] GC(381) Phantom: 600 encountered, 348 discovered, 0 enqueued
[125.263s][info][gc,reloc    ] GC(381) Small Pages: 118 / 236M, Empty: 6M, Relocated: 3M, In-Place: 0
[125.263s][info][gc,reloc    ] GC(381) Medium Pages: 7 / 224M, Empty: 128M, Relocated: 0M, In-Place: 0
[125.263s][info][gc,reloc    ] GC(381) Large Pages: 12 / 72M, Empty: 72M, Relocated: 0M, In-Place: 0
[125.263s][info][gc,reloc    ] GC(381) Forwarding Usage: 1M
[125.263s][info][gc,heap     ] GC(381) Min Capacity: 2048M(100%)
[125.263s][info][gc,heap     ] GC(381) Max Capacity: 2048M(100%)
[125.263s][info][gc,heap     ] GC(381) Soft Max Capacity: 2048M(100%)
[125.263s][info][gc,heap     ] GC(381)                Mark Start          Mark End        Relocate Start      Relocate End           High               Low         
[125.263s][info][gc,heap     ] GC(381)  Capacity:     2048M (100%)       2048M (100%)       2048M (100%)       2048M (100%)       2048M (100%)       2048M (100%)   
[125.263s][info][gc,heap     ] GC(381)      Free:     1516M (74%)        1514M (74%)        1710M (83%)        1862M (91%)        1862M (91%)        1506M (74%)    
[125.263s][info][gc,heap     ] GC(381)      Used:      532M (26%)         534M (26%)         338M (17%)         186M (9%)          542M (26%)         186M (9%)     
[125.263s][info][gc,heap     ] GC(381)      Live:         -               131M (6%)          131M (6%)          131M (6%)             -                  -          
[125.263s][info][gc,heap     ] GC(381) Allocated:         -                 2M (0%)           12M (1%)           17M (1%)             -                  -          
[125.263s][info][gc,heap     ] GC(381)   Garbage:         -               400M (20%)         194M (9%)           36M (2%)             -                  -          
[125.263s][info][gc,heap     ] GC(381) Reclaimed:         -                  -               206M (10%)         363M (18%)            -                  -          
[125.263s][info][gc          ] GC(381) Garbage Collection (System.gc()) 532M(26%)->186M(9%)
[125.513s][info][gc,start    ] GC(382) Garbage Collection (Allocation Rate)
[125.513s][info][gc,task     ] GC(382) Using 2 workers
[125.513s][info][gc,phases   ] GC(382) Pause Mark Start 0.013ms
[125.591s][info][gc,phases   ] GC(382) Concurrent Mark 77.702ms
[125.591s][info][gc,phases   ] GC(382) Pause Mark End 0.039ms
[125.591s][info][gc,phases   ] GC(382) Concurrent Mark Free 0.002ms
[125.608s][info][gc,phases   ] GC(382) Concurrent Process Non-Strong References 16.634ms
[125.608s][info][gc,phases   ] GC(382) Concurrent Reset Relocation Set 0.005ms
[125.608s][info][gc          ] Allocation Stall (Executor task launch worker for task 1.0 in stage 2671.0 (TID 10687)) 4.098ms
[125.608s][info][gc          ] Allocation Stall (Executor task launch worker for task 3.0 in stage 2671.0 (TID 10689)) 3.887ms
[125.608s][info][gc          ] Allocation Stall (Executor task launch worker for task 4.0 in stage 2671.0 (TID 10690)) 3.079ms
[125.608s][info][gc          ] Allocation Stall (spark-listener-group-shared) 3.055ms
[125.608s][info][gc          ] Allocation Stall (Executor task launch worker for task 0.0 in stage 2671.0 (TID 10686)) 3.049ms
[125.608s][info][gc          ] Allocation Stall (Spark Context Cleaner) 1.470ms
[125.611s][info][gc,phases   ] GC(382) Concurrent Select Relocation Set 3.632ms
[125.612s][info][gc,phases   ] GC(382) Pause Relocate Start 0.014ms
[125.633s][info][gc,phases   ] GC(382) Concurrent Relocate 20.808ms
[125.633s][info][gc,load     ] GC(382) Load: 0.00/0.00/0.00
[125.633s][info][gc,mmu      ] GC(382) MMU: 2ms/83.4%, 5ms/93.4%, 10ms/96.7%, 20ms/97.9%, 50ms/99.2%, 100ms/99.5%
[125.633s][info][gc,marking  ] GC(382) Mark: 2 stripe(s), 2 proactive flush(es), 1 terminate flush(es), 0 completion(s), 0 continuation(s) 
[125.633s][info][gc,marking  ] GC(382) Mark Stack Usage: 32M
[125.633s][info][gc,nmethod  ] GC(382) NMethods: 11256 registered, 9238 unregistered
[125.633s][info][gc,metaspace] GC(382) Metaspace: 156M used, 157M committed, 1216M reserved
[125.633s][info][gc,ref      ] GC(382) Soft: 3557 encountered, 0 discovered, 0 enqueued
[125.633s][info][gc,ref      ] GC(382) Weak: 15504 encountered, 2810 discovered, 231 enqueued
[125.633s][info][gc,ref      ] GC(382) Final: 52 encountered, 0 discovered, 0 enqueued
[125.633s][info][gc,ref      ] GC(382) Phantom: 600 encountered, 357 discovered, 0 enqueued
[125.633s][info][gc,reloc    ] GC(382) Small Pages: 700 / 1400M, Empty: 1030M, Relocated: 8M, In-Place: 0
[125.633s][info][gc,reloc    ] GC(382) Medium Pages: 7 / 224M, Empty: 0M, Relocated: 44M, In-Place: 0
[125.633s][info][gc,reloc    ] GC(382) Large Pages: 6 / 36M, Empty: 36M, Relocated: 0M, In-Place: 0
[125.633s][info][gc,reloc    ] GC(382) Forwarding Usage: 1M
[125.633s][info][gc,heap     ] GC(382) Min Capacity: 2048M(100%)
[125.633s][info][gc,heap     ] GC(382) Max Capacity: 2048M(100%)
[125.633s][info][gc,heap     ] GC(382) Soft Max Capacity: 2048M(100%)
[125.633s][info][gc,heap     ] GC(382)                Mark Start          Mark End        Relocate Start      Relocate End           High               Low         
[125.633s][info][gc,heap     ] GC(382)  Capacity:     2048M (100%)       2048M (100%)       2048M (100%)       2048M (100%)       2048M (100%)       2048M (100%)   
[125.633s][info][gc,heap     ] GC(382)      Free:      388M (19%)          74M (4%)         1042M (51%)        1354M (66%)        1360M (66%)           0M (0%)     
[125.633s][info][gc,heap     ] GC(382)      Used:     1660M (81%)        1974M (96%)        1006M (49%)         694M (34%)        2048M (100%)        688M (34%)    
[125.633s][info][gc,heap     ] GC(382)      Live:         -               169M (8%)          169M (8%)          169M (8%)             -                  -          
[125.633s][info][gc,heap     ] GC(382) Allocated:         -               314M (15%)         412M (20%)         479M (23%)            -                  -          
[125.633s][info][gc,heap     ] GC(382)   Garbage:         -              1490M (73%)         424M (21%)          44M (2%)             -                  -          
[125.633s][info][gc,heap     ] GC(382) Reclaimed:         -                  -              1066M (52%)        1445M (71%)            -                  -          
[125.633s][info][gc          ] GC(382) Garbage Collection (Allocation Rate) 1660M(81%)->694M(34%)
[125.702s][info][gc,start    ] GC(383) Garbage Collection (Allocation Stall)
[125.702s][info][gc,ref      ] GC(383) Clearing All SoftReferences
[125.702s][info][gc,task     ] GC(383) Using 2 workers
[125.703s][info][gc,ref      ] GC(383) Clearing All SoftReferences
[125.703s][info][gc,phases   ] GC(383) Pause Mark Start 0.063ms
[125.762s][info][gc,phases   ] GC(383) Concurrent Mark 58.881ms
[125.762s][info][gc,phases   ] GC(383) Pause Mark End 0.147ms
[125.762s][info][gc,phases   ] GC(383) Concurrent Mark Free 0.001ms
[125.793s][info][gc,phases   ] GC(383) Concurrent Process Non-Strong References 31.469ms
[125.794s][info][gc,phases   ] GC(383) Concurrent Reset Relocation Set 0.013ms
[125.796s][info][gc,phases   ] GC(383) Concurrent Select Relocation Set 2.066ms
[125.796s][info][gc,phases   ] GC(383) Pause Relocate Start 0.011ms
[125.809s][info][gc,phases   ] GC(383) Concurrent Relocate 13.570ms
[125.809s][info][gc,load     ] GC(383) Load: 0.00/0.00/0.00
[125.809s][info][gc,mmu      ] GC(383) MMU: 2ms/83.4%, 5ms/93.4%, 10ms/96.7%, 20ms/97.9%, 50ms/99.2%, 100ms/99.5%
[125.809s][info][gc,marking  ] GC(383) Mark: 2 stripe(s), 2 proactive flush(es), 1 terminate flush(es), 1 completion(s), 0 continuation(s) 
[125.809s][info][gc,marking  ] GC(383) Mark Stack Usage: 32M
[125.809s][info][gc,nmethod  ] GC(383) NMethods: 11252 registered, 9242 unregistered
[125.809s][info][gc,metaspace] GC(383) Metaspace: 156M used, 157M committed, 1216M reserved
[125.809s][info][gc,ref      ] GC(383) Soft: 3497 encountered, 3016 discovered, 237 enqueued
[125.809s][info][gc,ref      ] GC(383) Weak: 15388 encountered, 2158 discovered, 197 enqueued
[125.809s][info][gc,ref      ] GC(383) Final: 52 encountered, 0 discovered, 0 enqueued
[125.809s][info][gc,ref      ] GC(383) Phantom: 600 encountered, 402 discovered, 0 enqueued
[125.809s][info][gc,reloc    ] GC(383) Small Pages: 292 / 584M, Empty: 332M, Relocated: 4M, In-Place: 0
[125.809s][info][gc,reloc    ] GC(383) Medium Pages: 8 / 256M, Empty: 0M, Relocated: 46M, In-Place: 0
[125.809s][info][gc,reloc    ] GC(383) Large Pages: 3 / 18M, Empty: 18M, Relocated: 0M, In-Place: 0
[125.809s][info][gc,reloc    ] GC(383) Forwarding Usage: 1M
[125.810s][info][gc,heap     ] GC(383) Min Capacity: 2048M(100%)
[125.810s][info][gc,heap     ] GC(383) Max Capacity: 2048M(100%)
[125.810s][info][gc,heap     ] GC(383) Soft Max Capacity: 2048M(100%)
[125.810s][info][gc,heap     ] GC(383)                Mark Start          Mark End        Relocate Start      Relocate End           High               Low         
[125.810s][info][gc,heap     ] GC(383)  Capacity:     2048M (100%)       2048M (100%)       2048M (100%)       2048M (100%)       2048M (100%)       2048M (100%)   
[125.810s][info][gc,heap     ] GC(383)      Free:     1190M (58%)        1124M (55%)        1440M (70%)        1712M (84%)        1712M (84%)        1096M (54%)    
[125.810s][info][gc,heap     ] GC(383)      Used:      858M (42%)         924M (45%)         608M (30%)         336M (16%)         952M (46%)         336M (16%)    
[125.810s][info][gc,heap     ] GC(383)      Live:         -               194M (9%)          194M (9%)          194M (9%)             -                  -          
[125.810s][info][gc,heap     ] GC(383) Allocated:         -                66M (3%)          100M (5%)          101M (5%)             -                  -          
[125.810s][info][gc,heap     ] GC(383)   Garbage:         -               663M (32%)         313M (15%)          39M (2%)             -                  -          
[125.810s][info][gc,heap     ] GC(383) Reclaimed:         -                  -               350M (17%)         623M (30%)            -                  -          
[125.810s][info][gc          ] GC(383) Garbage Collection (Allocation Stall) 858M(42%)->336M(16%)
[125.812s][info][gc,start    ] GC(384) Garbage Collection (Allocation Rate)
[125.812s][info][gc,task     ] GC(384) Using 2 workers
[125.812s][info][gc,phases   ] GC(384) Pause Mark Start 0.010ms
[125.874s][info][gc,phases   ] GC(384) Concurrent Mark 61.398ms
[125.874s][info][gc,phases   ] GC(384) Pause Mark End 0.063ms
[125.874s][info][gc,phases   ] GC(384) Concurrent Mark Free 0.001ms
[125.906s][info][gc,phases   ] GC(384) Concurrent Process Non-Strong References 31.824ms
[125.906s][info][gc,phases   ] GC(384) Concurrent Reset Relocation Set 0.007ms
[125.908s][info][gc,phases   ] GC(384) Concurrent Select Relocation Set 1.983ms
[125.908s][info][gc,phases   ] GC(384) Pause Relocate Start 0.009ms
[125.909s][info][gc,phases   ] GC(384) Concurrent Relocate 0.757ms
[125.909s][info][gc,load     ] GC(384) Load: 0.00/0.00/0.00
[125.909s][info][gc,mmu      ] GC(384) MMU: 2ms/83.4%, 5ms/93.4%, 10ms/96.7%, 20ms/97.9%, 50ms/99.2%, 100ms/99.5%
[125.909s][info][gc,marking  ] GC(384) Mark: 2 stripe(s), 2 proactive flush(es), 1 terminate flush(es), 1 completion(s), 0 continuation(s) 
[125.909s][info][gc,marking  ] GC(384) Mark Stack Usage: 32M
[125.909s][info][gc,nmethod  ] GC(384) NMethods: 11252 registered, 9242 unregistered
[125.909s][info][gc,metaspace] GC(384) Metaspace: 156M used, 157M committed, 1216M reserved
[125.909s][info][gc,ref      ] GC(384) Soft: 3268 encountered, 0 discovered, 0 enqueued
[125.909s][info][gc,ref      ] GC(384) Weak: 15228 encountered, 2947 discovered, 152 enqueued
[125.909s][info][gc,ref      ] GC(384) Final: 52 encountered, 0 discovered, 0 enqueued
[125.909s][info][gc,ref      ] GC(384) Phantom: 600 encountered, 369 discovered, 0 enqueued
[125.909s][info][gc,reloc    ] GC(384) Small Pages: 60 / 120M, Empty: 2M, Relocated: 1M, In-Place: 0
[125.909s][info][gc,reloc    ] GC(384) Medium Pages: 6 / 192M, Empty: 32M, Relocated: 0M, In-Place: 0
[125.909s][info][gc,reloc    ] GC(384) Large Pages: 4 / 24M, Empty: 24M, Relocated: 0M, In-Place: 0
[125.909s][info][gc,reloc    ] GC(384) Forwarding Usage: 0M
[125.909s][info][gc,heap     ] GC(384) Min Capacity: 2048M(100%)
[125.909s][info][gc,heap     ] GC(384) Max Capacity: 2048M(100%)
[125.909s][info][gc,heap     ] GC(384) Soft Max Capacity: 2048M(100%)
[125.909s][info][gc,heap     ] GC(384)                Mark Start          Mark End        Relocate Start      Relocate End           High               Low         
[125.909s][info][gc,heap     ] GC(384)  Capacity:     2048M (100%)       2048M (100%)       2048M (100%)       2048M (100%)       2048M (100%)       2048M (100%)   
[125.909s][info][gc,heap     ] GC(384)      Free:     1712M (84%)        1628M (79%)        1660M (81%)        1698M (83%)        1712M (84%)        1602M (78%)    
[125.909s][info][gc,heap     ] GC(384)      Used:      336M (16%)         420M (21%)         388M (19%)         350M (17%)         446M (22%)         336M (16%)    
[125.909s][info][gc,heap     ] GC(384)      Live:         -               193M (9%)          193M (9%)          193M (9%)             -                  -          
[125.909s][info][gc,heap     ] GC(384) Allocated:         -                84M (4%)          110M (5%)          113M (6%)             -                  -          
[125.909s][info][gc,heap     ] GC(384)   Garbage:         -               142M (7%)           84M (4%)           42M (2%)             -                  -          
[125.909s][info][gc,heap     ] GC(384) Reclaimed:         -                  -                58M (3%)           99M (5%)             -                  -          
[125.909s][info][gc          ] GC(384) Garbage Collection (Allocation Rate) 336M(16%)->350M(17%)
[126.001s][info][gc,start    ] GC(385) Garbage Collection (Allocation Rate)
[126.002s][info][gc,task     ] GC(385) Using 2 workers
[126.002s][info][gc,phases   ] GC(385) Pause Mark Start 0.015ms
[126.063s][info][gc,phases   ] GC(385) Concurrent Mark 61.670ms
[126.065s][info][gc,phases   ] GC(385) Pause Mark End 0.093ms
[126.065s][info][gc,phases   ] GC(385) Concurrent Mark Free 0.001ms
[126.078s][info][gc,phases   ] GC(385) Concurrent Process Non-Strong References 13.429ms
[126.079s][info][gc,phases   ] GC(385) Concurrent Reset Relocation Set 0.003ms
[126.081s][info][gc,phases   ] GC(385) Concurrent Select Relocation Set 2.248ms
[126.081s][info][gc,phases   ] GC(385) Pause Relocate Start 0.011ms
[126.085s][info][gc,phases   ] GC(385) Concurrent Relocate 3.946ms
[126.085s][info][gc,load     ] GC(385) Load: 0.00/0.00/0.00
[126.085s][info][gc,mmu      ] GC(385) MMU: 2ms/83.4%, 5ms/93.4%, 10ms/96.7%, 20ms/97.9%, 50ms/99.2%, 100ms/99.5%
[126.085s][info][gc,marking  ] GC(385) Mark: 2 stripe(s), 2 proactive flush(es), 1 terminate flush(es), 1 completion(s), 0 continuation(s) 
[126.085s][info][gc,marking  ] GC(385) Mark Stack Usage: 32M
[126.085s][info][gc,nmethod  ] GC(385) NMethods: 11254 registered, 9242 unregistered
[126.085s][info][gc,metaspace] GC(385) Metaspace: 156M used, 157M committed, 1216M reserved
[126.085s][info][gc,ref      ] GC(385) Soft: 3279 encountered, 0 discovered, 0 enqueued
[126.085s][info][gc,ref      ] GC(385) Weak: 15576 encountered, 3116 discovered, 586 enqueued
[126.085s][info][gc,ref      ] GC(385) Final: 52 encountered, 0 discovered, 0 enqueued
[126.085s][info][gc,ref      ] GC(385) Phantom: 600 encountered, 373 discovered, 0 enqueued
[126.085s][info][gc,reloc    ] GC(385) Small Pages: 81 / 162M, Empty: 0M, Relocated: 1M, In-Place: 0
[126.085s][info][gc,reloc    ] GC(385) Medium Pages: 6 / 192M, Empty: 0M, Relocated: 15M, In-Place: 0
[126.085s][info][gc,reloc    ] GC(385) Large Pages: 10 / 60M, Empty: 60M, Relocated: 0M, In-Place: 0
[126.085s][info][gc,reloc    ] GC(385) Forwarding Usage: 0M
[126.085s][info][gc,heap     ] GC(385) Min Capacity: 2048M(100%)
[126.085s][info][gc,heap     ] GC(385) Max Capacity: 2048M(100%)
[126.085s][info][gc,heap     ] GC(385) Soft Max Capacity: 2048M(100%)
[126.085s][info][gc,heap     ] GC(385)                Mark Start          Mark End        Relocate Start      Relocate End           High               Low         
[126.085s][info][gc,heap     ] GC(385)  Capacity:     2048M (100%)       2048M (100%)       2048M (100%)       2048M (100%)       2048M (100%)       2048M (100%)   
[126.085s][info][gc,heap     ] GC(385)      Free:     1634M (80%)        1554M (76%)        1594M (78%)        1712M (84%)        1712M (84%)        1534M (75%)    
[126.085s][info][gc,heap     ] GC(385)      Used:      414M (20%)         494M (24%)         454M (22%)         336M (16%)         514M (25%)         336M (16%)    
[126.085s][info][gc,heap     ] GC(385)      Live:         -               194M (9%)          194M (9%)          194M (9%)             -                  -          
[126.085s][info][gc,heap     ] GC(385) Allocated:         -                80M (4%)          100M (5%)          101M (5%)             -                  -          
[126.085s][info][gc,heap     ] GC(385)   Garbage:         -               219M (11%)         159M (8%)           39M (2%)             -                  -          
[126.085s][info][gc,heap     ] GC(385) Reclaimed:         -                  -                60M (3%)          179M (9%)             -                  -          
[126.085s][info][gc          ] GC(385) Garbage Collection (Allocation Rate) 414M(20%)->336M(16%)
[126.516s][info][gc,start    ] GC(386) Garbage Collection (Allocation Rate)
[126.516s][info][gc,task     ] GC(386) Using 1 workers
[126.516s][info][gc,phases   ] GC(386) Pause Mark Start 0.010ms
[126.599s][info][gc,phases   ] GC(386) Concurrent Mark 83.510ms
[126.599s][info][gc,phases   ] GC(386) Pause Mark End 0.018ms
[126.599s][info][gc,phases   ] GC(386) Concurrent Mark Free 0.001ms
[126.627s][info][gc,phases   ] GC(386) Concurrent Process Non-Strong References 27.198ms
[126.627s][info][gc,phases   ] GC(386) Concurrent Reset Relocation Set 0.005ms
[126.629s][info][gc,phases   ] GC(386) Concurrent Select Relocation Set 2.150ms
[126.629s][info][gc,phases   ] GC(386) Pause Relocate Start 0.008ms
[126.632s][info][gc,phases   ] GC(386) Concurrent Relocate 2.448ms
[126.632s][info][gc,load     ] GC(386) Load: 0.00/0.00/0.00
[126.632s][info][gc,mmu      ] GC(386) MMU: 2ms/83.4%, 5ms/93.4%, 10ms/96.7%, 20ms/97.9%, 50ms/99.2%, 100ms/99.5%
[126.632s][info][gc,marking  ] GC(386) Mark: 1 stripe(s), 2 proactive flush(es), 1 terminate flush(es), 0 completion(s), 0 continuation(s) 
[126.632s][info][gc,marking  ] GC(386) Mark Stack Usage: 32M
[126.632s][info][gc,nmethod  ] GC(386) NMethods: 11254 registered, 9242 unregistered
[126.632s][info][gc,metaspace] GC(386) Metaspace: 156M used, 157M committed, 1216M reserved
[126.632s][info][gc,ref      ] GC(386) Soft: 3283 encountered, 0 discovered, 0 enqueued
[126.632s][info][gc,ref      ] GC(386) Weak: 16470 encountered, 4869 discovered, 1316 enqueued
[126.632s][info][gc,ref      ] GC(386) Final: 52 encountered, 0 discovered, 0 enqueued
[126.632s][info][gc,ref      ] GC(386) Phantom: 600 encountered, 435 discovered, 0 enqueued
[126.632s][info][gc,reloc    ] GC(386) Small Pages: 163 / 326M, Empty: 4M, Relocated: 3M, In-Place: 0
[126.632s][info][gc,reloc    ] GC(386) Medium Pages: 8 / 256M, Empty: 96M, Relocated: 0M, In-Place: 0
[126.632s][info][gc,reloc    ] GC(386) Large Pages: 29 / 174M, Empty: 174M, Relocated: 0M, In-Place: 0
[126.632s][info][gc,reloc    ] GC(386) Forwarding Usage: 0M
[126.632s][info][gc,heap     ] GC(386) Min Capacity: 2048M(100%)
[126.632s][info][gc,heap     ] GC(386) Max Capacity: 2048M(100%)
[126.632s][info][gc,heap     ] GC(386) Soft Max Capacity: 2048M(100%)
[126.632s][info][gc,heap     ] GC(386)                Mark Start          Mark End        Relocate Start      Relocate End           High               Low         
[126.632s][info][gc,heap     ] GC(386)  Capacity:     2048M (100%)       2048M (100%)       2048M (100%)       2048M (100%)       2048M (100%)       2048M (100%)   
[126.632s][info][gc,heap     ] GC(386)      Free:     1292M (63%)        1198M (58%)        1438M (70%)        1680M (82%)        1680M (82%)        1164M (57%)    
[126.632s][info][gc,heap     ] GC(386)      Used:      756M (37%)         850M (42%)         610M (30%)         368M (18%)         884M (43%)         368M (18%)    
[126.632s][info][gc,heap     ] GC(386)      Live:         -               194M (10%)         194M (10%)         194M (10%)            -                  -          
[126.632s][info][gc,heap     ] GC(386) Allocated:         -                94M (5%)          128M (6%)          131M (6%)             -                  -          
[126.632s][info][gc,heap     ] GC(386)   Garbage:         -               561M (27%)         287M (14%)          41M (2%)             -                  -          
[126.632s][info][gc,heap     ] GC(386) Reclaimed:         -                  -               274M (13%)         519M (25%)            -                  -          
[126.632s][info][gc          ] GC(386) Garbage Collection (Allocation Rate) 756M(37%)->368M(18%)
[126.705s][info][gc,start    ] GC(387) Garbage Collection (Allocation Rate)
[126.706s][info][gc,task     ] GC(387) Using 1 workers
[126.706s][info][gc,phases   ] GC(387) Pause Mark Start 0.009ms
[126.792s][info][gc,phases   ] GC(387) Concurrent Mark 86.501ms
[126.792s][info][gc,phases   ] GC(387) Pause Mark End 0.014ms
[126.792s][info][gc,phases   ] GC(387) Concurrent Mark Free 0.001ms
[126.816s][info][gc,phases   ] GC(387) Concurrent Process Non-Strong References 24.027ms
[126.817s][info][gc,phases   ] GC(387) Concurrent Reset Relocation Set 0.010ms
[126.819s][info][gc,phases   ] GC(387) Concurrent Select Relocation Set 2.536ms
[126.819s][info][gc,phases   ] GC(387) Pause Relocate Start 0.012ms
[126.828s][info][gc,phases   ] GC(387) Concurrent Relocate 8.999ms
[126.828s][info][gc,load     ] GC(387) Load: 0.00/0.00/0.00
[126.828s][info][gc,mmu      ] GC(387) MMU: 2ms/83.4%, 5ms/93.4%, 10ms/96.7%, 20ms/97.9%, 50ms/99.2%, 100ms/99.5%
[126.828s][info][gc,marking  ] GC(387) Mark: 1 stripe(s), 2 proactive flush(es), 1 terminate flush(es), 0 completion(s), 0 continuation(s) 
[126.828s][info][gc,marking  ] GC(387) Mark Stack Usage: 32M
[126.828s][info][gc,nmethod  ] GC(387) NMethods: 11254 registered, 9242 unregistered
[126.828s][info][gc,metaspace] GC(387) Metaspace: 156M used, 157M committed, 1216M reserved
[126.828s][info][gc,ref      ] GC(387) Soft: 3281 encountered, 0 discovered, 0 enqueued
[126.828s][info][gc,ref      ] GC(387) Weak: 15598 encountered, 4066 discovered, 598 enqueued
[126.829s][info][gc,ref      ] GC(387) Final: 52 encountered, 0 discovered, 0 enqueued
[126.829s][info][gc,ref      ] GC(387) Phantom: 600 encountered, 435 discovered, 0 enqueued
[126.829s][info][gc,reloc    ] GC(387) Small Pages: 100 / 200M, Empty: 0M, Relocated: 6M, In-Place: 0
[126.829s][info][gc,reloc    ] GC(387) Medium Pages: 6 / 192M, Empty: 0M, Relocated: 15M, In-Place: 0
[126.829s][info][gc,reloc    ] GC(387) Large Pages: 10 / 60M, Empty: 60M, Relocated: 0M, In-Place: 0
[126.829s][info][gc,reloc    ] GC(387) Forwarding Usage: 1M
[126.829s][info][gc,heap     ] GC(387) Min Capacity: 2048M(100%)
[126.829s][info][gc,heap     ] GC(387) Max Capacity: 2048M(100%)
[126.829s][info][gc,heap     ] GC(387) Soft Max Capacity: 2048M(100%)
[126.829s][info][gc,heap     ] GC(387)                Mark Start          Mark End        Relocate Start      Relocate End           High               Low         
[126.829s][info][gc,heap     ] GC(387)  Capacity:     2048M (100%)       2048M (100%)       2048M (100%)       2048M (100%)       2048M (100%)       2048M (100%)   
[126.829s][info][gc,heap     ] GC(387)      Free:     1596M (78%)        1484M (72%)        1518M (74%)        1666M (81%)        1666M (81%)        1458M (71%)    
[126.829s][info][gc,heap     ] GC(387)      Used:      452M (22%)         564M (28%)         530M (26%)         382M (19%)         590M (29%)         382M (19%)    
[126.829s][info][gc,heap     ] GC(387)      Live:         -               193M (9%)          193M (9%)          193M (9%)             -                  -          
[126.829s][info][gc,heap     ] GC(387) Allocated:         -               112M (5%)          138M (7%)          149M (7%)             -                  -          
[126.829s][info][gc,heap     ] GC(387)   Garbage:         -               258M (13%)         198M (10%)          38M (2%)             -                  -          
[126.829s][info][gc,heap     ] GC(387) Reclaimed:         -                  -                60M (3%)          219M (11%)            -                  -          
[126.829s][info][gc          ] GC(387) Garbage Collection (Allocation Rate) 452M(22%)->382M(19%)
[126.902s][info][gc,start    ] GC(388) Garbage Collection (Allocation Rate)
[126.903s][info][gc,task     ] GC(388) Using 1 workers
[126.903s][info][gc,phases   ] GC(388) Pause Mark Start 0.012ms
[126.989s][info][gc,phases   ] GC(388) Concurrent Mark 86.193ms
[126.989s][info][gc,phases   ] GC(388) Pause Mark End 0.015ms
[126.989s][info][gc,phases   ] GC(388) Concurrent Mark Free 0.002ms
[127.013s][info][gc,phases   ] GC(388) Concurrent Process Non-Strong References 23.709ms
[127.013s][info][gc,phases   ] GC(388) Concurrent Reset Relocation Set 0.007ms
[127.015s][info][gc,phases   ] GC(388) Concurrent Select Relocation Set 1.707ms
[127.015s][info][gc,phases   ] GC(388) Pause Relocate Start 0.008ms
[127.021s][info][gc,phases   ] GC(388) Concurrent Relocate 6.260ms
[127.021s][info][gc,load     ] GC(388) Load: 0.00/0.00/0.00
[127.021s][info][gc,mmu      ] GC(388) MMU: 2ms/83.4%, 5ms/93.4%, 10ms/96.7%, 20ms/97.9%, 50ms/99.2%, 100ms/99.5%
[127.021s][info][gc,marking  ] GC(388) Mark: 1 stripe(s), 2 proactive flush(es), 1 terminate flush(es), 0 completion(s), 0 continuation(s) 
[127.021s][info][gc,marking  ] GC(388) Mark Stack Usage: 32M
[127.021s][info][gc,nmethod  ] GC(388) NMethods: 11261 registered, 9244 unregistered
[127.021s][info][gc,metaspace] GC(388) Metaspace: 156M used, 157M committed, 1216M reserved
[127.021s][info][gc,ref      ] GC(388) Soft: 3430 encountered, 0 discovered, 0 enqueued
[127.021s][info][gc,ref      ] GC(388) Weak: 15690 encountered, 4191 discovered, 648 enqueued
[127.021s][info][gc,ref      ] GC(388) Final: 52 encountered, 0 discovered, 0 enqueued
[127.021s][info][gc,ref      ] GC(388) Phantom: 600 encountered, 280 discovered, 0 enqueued
[127.021s][info][gc,reloc    ] GC(388) Small Pages: 90 / 180M, Empty: 0M, Relocated: 5M, In-Place: 0
[127.021s][info][gc,reloc    ] GC(388) Medium Pages: 6 / 192M, Empty: 64M, Relocated: 12M, In-Place: 0
[127.021s][info][gc,reloc    ] GC(388) Large Pages: 8 / 48M, Empty: 48M, Relocated: 0M, In-Place: 0
[127.021s][info][gc,reloc    ] GC(388) Forwarding Usage: 1M
[127.021s][info][gc,heap     ] GC(388) Min Capacity: 2048M(100%)
[127.021s][info][gc,heap     ] GC(388) Max Capacity: 2048M(100%)
[127.021s][info][gc,heap     ] GC(388) Soft Max Capacity: 2048M(100%)
[127.021s][info][gc,heap     ] GC(388)                Mark Start          Mark End        Relocate Start      Relocate End           High               Low         
[127.021s][info][gc,heap     ] GC(388)  Capacity:     2048M (100%)       2048M (100%)       2048M (100%)       2048M (100%)       2048M (100%)       2048M (100%)   
[127.021s][info][gc,heap     ] GC(388)      Free:     1628M (79%)        1582M (77%)        1688M (82%)        1818M (89%)        1818M (89%)        1576M (77%)    
[127.021s][info][gc,heap     ] GC(388)      Used:      420M (21%)         466M (23%)         360M (18%)         230M (11%)         472M (23%)         230M (11%)    
[127.021s][info][gc,heap     ] GC(388)      Live:         -               130M (6%)          130M (6%)          130M (6%)             -                  -          
[127.021s][info][gc,heap     ] GC(388) Allocated:         -                46M (2%)           52M (3%)           63M (3%)             -                  -          
[127.021s][info][gc,heap     ] GC(388)   Garbage:         -               289M (14%)         177M (9%)           35M (2%)             -                  -          
[127.021s][info][gc,heap     ] GC(388) Reclaimed:         -                  -               112M (5%)          253M (12%)            -                  -          
[127.021s][info][gc          ] GC(388) Garbage Collection (Allocation Rate) 420M(21%)->230M(11%)
[127.021s][info][gc,start    ] GC(389) Garbage Collection (System.gc())
[127.021s][info][gc,task     ] GC(389) Using 2 workers
[127.022s][info][gc,phases   ] GC(389) Pause Mark Start 0.009ms
[127.075s][info][gc,phases   ] GC(389) Concurrent Mark 53.326ms
[127.075s][info][gc,phases   ] GC(389) Pause Mark End 0.030ms
[127.075s][info][gc,phases   ] GC(389) Concurrent Mark Free 0.003ms
[127.089s][info][gc,phases   ] GC(389) Concurrent Process Non-Strong References 13.258ms
[127.089s][info][gc,phases   ] GC(389) Concurrent Reset Relocation Set 0.006ms
[127.090s][info][gc,phases   ] GC(389) Concurrent Select Relocation Set 1.279ms
[127.090s][info][gc,phases   ] GC(389) Pause Relocate Start 0.005ms
[127.091s][info][gc,phases   ] GC(389) Concurrent Relocate 0.743ms
[127.091s][info][gc,load     ] GC(389) Load: 0.00/0.00/0.00
[127.091s][info][gc,mmu      ] GC(389) MMU: 2ms/83.4%, 5ms/93.4%, 10ms/96.7%, 20ms/97.9%, 50ms/99.2%, 100ms/99.5%
[127.091s][info][gc,marking  ] GC(389) Mark: 2 stripe(s), 1 proactive flush(es), 1 terminate flush(es), 0 completion(s), 0 continuation(s) 
[127.091s][info][gc,marking  ] GC(389) Mark Stack Usage: 32M
[127.091s][info][gc,nmethod  ] GC(389) NMethods: 11260 registered, 9245 unregistered
[127.091s][info][gc,metaspace] GC(389) Metaspace: 156M used, 157M committed, 1216M reserved
[127.091s][info][gc,ref      ] GC(389) Soft: 3497 encountered, 0 discovered, 0 enqueued
[127.091s][info][gc,ref      ] GC(389) Weak: 15169 encountered, 3688 discovered, 56 enqueued
[127.091s][info][gc,ref      ] GC(389) Final: 52 encountered, 0 discovered, 0 enqueued
[127.091s][info][gc,ref      ] GC(389) Phantom: 600 encountered, 383 discovered, 0 enqueued
[127.091s][info][gc,reloc    ] GC(389) Small Pages: 51 / 102M, Empty: 0M, Relocated: 1M, In-Place: 0
[127.091s][info][gc,reloc    ] GC(389) Medium Pages: 4 / 128M, Empty: 32M, Relocated: 0M, In-Place: 0
[127.091s][info][gc,reloc    ] GC(389) Large Pages: 0 / 0M, Empty: 0M, Relocated: 0M, In-Place: 0
[127.091s][info][gc,reloc    ] GC(389) Forwarding Usage: 0M
[127.091s][info][gc,heap     ] GC(389) Min Capacity: 2048M(100%)
[127.091s][info][gc,heap     ] GC(389) Max Capacity: 2048M(100%)
[127.091s][info][gc,heap     ] GC(389) Soft Max Capacity: 2048M(100%)
[127.091s][info][gc,heap     ] GC(389)                Mark Start          Mark End        Relocate Start      Relocate End           High               Low         
[127.091s][info][gc,heap     ] GC(389)  Capacity:     2048M (100%)       2048M (100%)       2048M (100%)       2048M (100%)       2048M (100%)       2048M (100%)   
[127.091s][info][gc,heap     ] GC(389)      Free:     1818M (89%)        1818M (89%)        1848M (90%)        1878M (92%)        1878M (92%)        1816M (89%)    
[127.091s][info][gc,heap     ] GC(389)      Used:      230M (11%)         230M (11%)         200M (10%)         170M (8%)          232M (11%)         170M (8%)     
[127.091s][info][gc,heap     ] GC(389)      Live:         -               130M (6%)          130M (6%)          130M (6%)             -                  -          
[127.091s][info][gc,heap     ] GC(389) Allocated:         -                 0M (0%)            2M (0%)            2M (0%)             -                  -          
[127.091s][info][gc,heap     ] GC(389)   Garbage:         -                99M (5%)           67M (3%)           37M (2%)             -                  -          
[127.091s][info][gc,heap     ] GC(389) Reclaimed:         -                  -                32M (2%)           62M (3%)             -                  -          
[127.091s][info][gc          ] GC(389) Garbage Collection (System.gc()) 230M(11%)->170M(8%)
[127.413s][info][gc,start    ] GC(390) Garbage Collection (Allocation Stall)
[127.413s][info][gc,ref      ] GC(390) Clearing All SoftReferences
[127.413s][info][gc,task     ] GC(390) Using 2 workers
[127.413s][info][gc,ref      ] GC(390) Clearing All SoftReferences
[127.413s][info][gc,phases   ] GC(390) Pause Mark Start 0.049ms
[127.463s][info][gc,phases   ] GC(390) Concurrent Mark 50.012ms
[127.463s][info][gc,phases   ] GC(390) Pause Mark End 0.033ms
[127.463s][info][gc,phases   ] GC(390) Concurrent Mark Free 0.003ms
[127.493s][info][gc,phases   ] GC(390) Concurrent Process Non-Strong References 29.759ms
[127.493s][info][gc,phases   ] GC(390) Concurrent Reset Relocation Set 0.002ms
[127.493s][info][gc          ] Allocation Stall (Executor task launch worker for task 1.0 in stage 2717.0 (TID 10871)) 80.699ms
[127.493s][info][gc          ] Allocation Stall (Executor task launch worker for task 3.0 in stage 2717.0 (TID 10873)) 80.639ms
[127.493s][info][gc          ] Allocation Stall (Executor task launch worker for task 4.0 in stage 2717.0 (TID 10874)) 80.216ms
[127.493s][info][gc          ] Allocation Stall (Executor task launch worker for task 0.0 in stage 2717.0 (TID 10870)) 77.754ms
[127.493s][info][gc          ] Allocation Stall (Executor task launch worker for task 2.0 in stage 2717.0 (TID 10872)) 78.097ms
[127.496s][info][gc,phases   ] GC(390) Concurrent Select Relocation Set 2.166ms
[127.511s][info][gc,phases   ] GC(390) Pause Relocate Start 0.012ms
[127.537s][info][gc,phases   ] GC(390) Concurrent Relocate 26.471ms
[127.537s][info][gc,load     ] GC(390) Load: 0.00/0.00/0.00
[127.537s][info][gc,mmu      ] GC(390) MMU: 2ms/83.4%, 5ms/93.4%, 10ms/96.7%, 20ms/97.9%, 50ms/99.2%, 100ms/99.5%
[127.537s][info][gc,marking  ] GC(390) Mark: 2 stripe(s), 2 proactive flush(es), 1 terminate flush(es), 0 completion(s), 0 continuation(s) 
[127.537s][info][gc,marking  ] GC(390) Mark Stack Usage: 32M
[127.537s][info][gc,nmethod  ] GC(390) NMethods: 11053 registered, 9458 unregistered
[127.537s][info][gc,metaspace] GC(390) Metaspace: 155M used, 157M committed, 1216M reserved
[127.537s][info][gc,ref      ] GC(390) Soft: 3501 encountered, 3108 discovered, 619 enqueued
[127.537s][info][gc,ref      ] GC(390) Weak: 15241 encountered, 2984 discovered, 352 enqueued
[127.537s][info][gc,ref      ] GC(390) Final: 52 encountered, 0 discovered, 0 enqueued
[127.537s][info][gc,ref      ] GC(390) Phantom: 600 encountered, 373 discovered, 0 enqueued
[127.537s][info][gc,reloc    ] GC(390) Small Pages: 852 / 1704M, Empty: 1276M, Relocated: 10M, In-Place: 0
[127.537s][info][gc,reloc    ] GC(390) Medium Pages: 9 / 288M, Empty: 0M, Relocated: 52M, In-Place: 0
[127.537s][info][gc,reloc    ] GC(390) Large Pages: 6 / 36M, Empty: 36M, Relocated: 0M, In-Place: 0
[127.537s][info][gc,reloc    ] GC(390) Forwarding Usage: 2M
[127.537s][info][gc,heap     ] GC(390) Min Capacity: 2048M(100%)
[127.537s][info][gc,heap     ] GC(390) Max Capacity: 2048M(100%)
[127.537s][info][gc,heap     ] GC(390) Soft Max Capacity: 2048M(100%)
[127.537s][info][gc,heap     ] GC(390)                Mark Start          Mark End        Relocate Start      Relocate End           High               Low         
[127.537s][info][gc,heap     ] GC(390)  Capacity:     2048M (100%)       2048M (100%)       2048M (100%)       2048M (100%)       2048M (100%)       2048M (100%)   
[127.537s][info][gc,heap     ] GC(390)      Free:       20M (1%)           12M (1%)         1286M (63%)        1628M (79%)        1666M (81%)          12M (1%)     
[127.537s][info][gc,heap     ] GC(390)      Used:     2028M (99%)        2036M (99%)         762M (37%)         420M (21%)        2036M (99%)         382M (19%)    
[127.537s][info][gc,heap     ] GC(390)      Live:         -               188M (9%)          188M (9%)          188M (9%)             -                  -          
[127.537s][info][gc,heap     ] GC(390) Allocated:         -                 8M (0%)           46M (2%)          168M (8%)             -                  -          
[127.537s][info][gc,heap     ] GC(390)   Garbage:         -              1839M (90%)         527M (26%)          63M (3%)             -                  -          
[127.537s][info][gc,heap     ] GC(390) Reclaimed:         -                  -              1312M (64%)        1776M (87%)            -                  -          
[127.537s][info][gc          ] GC(390) Garbage Collection (Allocation Stall) 2028M(99%)->420M(21%)
[127.603s][info][gc,start    ] GC(391) Garbage Collection (Allocation Stall)
[127.603s][info][gc,ref      ] GC(391) Clearing All SoftReferences
[127.603s][info][gc,task     ] GC(391) Using 2 workers
[127.604s][info][gc,ref      ] GC(391) Clearing All SoftReferences
[127.604s][info][gc,phases   ] GC(391) Pause Mark Start 0.074ms
[127.650s][info][gc,phases   ] GC(391) Concurrent Mark 46.560ms
[127.651s][info][gc,phases   ] GC(391) Pause Mark End 0.177ms
[127.651s][info][gc,phases   ] GC(391) Concurrent Mark Free 0.001ms
[127.682s][info][gc,phases   ] GC(391) Concurrent Process Non-Strong References 31.330ms
[127.682s][info][gc,phases   ] GC(391) Concurrent Reset Relocation Set 0.010ms
[127.684s][info][gc,phases   ] GC(391) Concurrent Select Relocation Set 2.028ms
[127.684s][info][gc,phases   ] GC(391) Pause Relocate Start 0.011ms
[127.691s][info][gc,phases   ] GC(391) Concurrent Relocate 6.593ms
[127.691s][info][gc,load     ] GC(391) Load: 0.00/0.00/0.00
[127.691s][info][gc,mmu      ] GC(391) MMU: 2ms/83.4%, 5ms/93.4%, 10ms/96.7%, 20ms/97.9%, 50ms/99.2%, 100ms/99.5%
[127.691s][info][gc,marking  ] GC(391) Mark: 2 stripe(s), 2 proactive flush(es), 1 terminate flush(es), 1 completion(s), 0 continuation(s) 
[127.691s][info][gc,marking  ] GC(391) Mark Stack Usage: 32M
[127.691s][info][gc,nmethod  ] GC(391) NMethods: 11073 registered, 9459 unregistered
[127.691s][info][gc,metaspace] GC(391) Metaspace: 155M used, 157M committed, 1216M reserved
[127.691s][info][gc,ref      ] GC(391) Soft: 3334 encountered, 2874 discovered, 334 enqueued
[127.691s][info][gc,ref      ] GC(391) Weak: 14854 encountered, 2187 discovered, 207 enqueued
[127.691s][info][gc,ref      ] GC(391) Final: 52 encountered, 0 discovered, 0 enqueued
[127.691s][info][gc,ref      ] GC(391) Phantom: 600 encountered, 296 discovered, 0 enqueued
[127.691s][info][gc,reloc    ] GC(391) Small Pages: 125 / 250M, Empty: 90M, Relocated: 6M, In-Place: 0
[127.691s][info][gc,reloc    ] GC(391) Medium Pages: 7 / 224M, Empty: 0M, Relocated: 27M, In-Place: 0
[127.691s][info][gc,reloc    ] GC(391) Large Pages: 0 / 0M, Empty: 0M, Relocated: 0M, In-Place: 0
[127.691s][info][gc,reloc    ] GC(391) Forwarding Usage: 2M
[127.691s][info][gc,heap     ] GC(391) Min Capacity: 2048M(100%)
[127.691s][info][gc,heap     ] GC(391) Max Capacity: 2048M(100%)
[127.691s][info][gc,heap     ] GC(391) Soft Max Capacity: 2048M(100%)
[127.691s][info][gc,heap     ] GC(391)                Mark Start          Mark End        Relocate Start      Relocate End           High               Low         
[127.691s][info][gc,heap     ] GC(391)  Capacity:     2048M (100%)       2048M (100%)       2048M (100%)       2048M (100%)       2048M (100%)       2048M (100%)   
[127.691s][info][gc,heap     ] GC(391)      Free:     1574M (77%)        1560M (76%)        1632M (80%)        1784M (87%)        1784M (87%)        1542M (75%)    
[127.691s][info][gc,heap     ] GC(391)      Used:      474M (23%)         488M (24%)         416M (20%)         264M (13%)         506M (25%)         264M (13%)    
[127.692s][info][gc,heap     ] GC(391)      Live:         -               191M (9%)          191M (9%)          191M (9%)             -                  -          
[127.692s][info][gc,heap     ] GC(391) Allocated:         -                14M (1%)           32M (2%)           31M (2%)             -                  -          
[127.692s][info][gc,heap     ] GC(391)   Garbage:         -               282M (14%)         192M (9%)           40M (2%)             -                  -          
[127.692s][info][gc,heap     ] GC(391) Reclaimed:         -                  -                90M (4%)          241M (12%)            -                  -          
[127.692s][info][gc          ] GC(391) Garbage Collection (Allocation Stall) 474M(23%)->264M(13%)
[127.713s][info][gc,start    ] GC(392) Garbage Collection (Allocation Rate)
[127.713s][info][gc,task     ] GC(392) Using 2 workers
[127.713s][info][gc,phases   ] GC(392) Pause Mark Start 0.011ms
[127.782s][info][gc,phases   ] GC(392) Concurrent Mark 68.424ms
[127.782s][info][gc,phases   ] GC(392) Pause Mark End 0.026ms
[127.782s][info][gc,phases   ] GC(392) Concurrent Mark Free 0.001ms
[127.814s][info][gc,phases   ] GC(392) Concurrent Process Non-Strong References 31.931ms
[127.814s][info][gc,phases   ] GC(392) Concurrent Reset Relocation Set 0.004ms
[127.817s][info][gc,phases   ] GC(392) Concurrent Select Relocation Set 2.658ms
[127.817s][info][gc,phases   ] GC(392) Pause Relocate Start 0.012ms
[127.821s][info][gc,phases   ] GC(392) Concurrent Relocate 4.087ms
[127.821s][info][gc,load     ] GC(392) Load: 0.00/0.00/0.00
[127.821s][info][gc,mmu      ] GC(392) MMU: 2ms/83.4%, 5ms/93.4%, 10ms/96.7%, 20ms/97.9%, 50ms/99.2%, 100ms/99.5%
[127.821s][info][gc,marking  ] GC(392) Mark: 2 stripe(s), 2 proactive flush(es), 1 terminate flush(es), 0 completion(s), 0 continuation(s) 
[127.821s][info][gc,marking  ] GC(392) Mark Stack Usage: 32M
[127.821s][info][gc,nmethod  ] GC(392) NMethods: 11118 registered, 9460 unregistered
[127.821s][info][gc,metaspace] GC(392) Metaspace: 155M used, 157M committed, 1216M reserved
[127.821s][info][gc,ref      ] GC(392) Soft: 3461 encountered, 0 discovered, 0 enqueued
[127.821s][info][gc,ref      ] GC(392) Weak: 14987 encountered, 2468 discovered, 254 enqueued
[127.821s][info][gc,ref      ] GC(392) Final: 52 encountered, 0 discovered, 0 enqueued
[127.821s][info][gc,ref      ] GC(392) Phantom: 600 encountered, 347 discovered, 0 enqueued
[127.821s][info][gc,reloc    ] GC(392) Small Pages: 54 / 108M, Empty: 0M, Relocated: 6M, In-Place: 0
[127.821s][info][gc,reloc    ] GC(392) Medium Pages: 6 / 192M, Empty: 32M, Relocated: 0M, In-Place: 0
[127.821s][info][gc,reloc    ] GC(392) Large Pages: 2 / 12M, Empty: 12M, Relocated: 0M, In-Place: 0
[127.821s][info][gc,reloc    ] GC(392) Forwarding Usage: 2M
[127.821s][info][gc,heap     ] GC(392) Min Capacity: 2048M(100%)
[127.821s][info][gc,heap     ] GC(392) Max Capacity: 2048M(100%)
[127.821s][info][gc,heap     ] GC(392) Soft Max Capacity: 2048M(100%)
[127.821s][info][gc,heap     ] GC(392)                Mark Start          Mark End        Relocate Start      Relocate End           High               Low         
[127.821s][info][gc,heap     ] GC(392)  Capacity:     2048M (100%)       2048M (100%)       2048M (100%)       2048M (100%)       2048M (100%)       2048M (100%)   
[127.821s][info][gc,heap     ] GC(392)      Free:     1736M (85%)        1668M (81%)        1668M (81%)        1706M (83%)        1736M (85%)        1624M (79%)    
[127.821s][info][gc,heap     ] GC(392)      Used:      312M (15%)         380M (19%)         380M (19%)         342M (17%)         424M (21%)         312M (15%)    
[127.821s][info][gc,heap     ] GC(392)      Live:         -               193M (9%)          193M (9%)          193M (9%)             -                  -          
[127.821s][info][gc,heap     ] GC(392) Allocated:         -                68M (3%)          112M (5%)          111M (5%)             -                  -          
[127.821s][info][gc,heap     ] GC(392)   Garbage:         -               118M (6%)           74M (4%)           36M (2%)             -                  -          
[127.821s][info][gc,heap     ] GC(392) Reclaimed:         -                  -                44M (2%)           81M (4%)             -                  -          
[127.821s][info][gc          ] GC(392) Garbage Collection (Allocation Rate) 312M(15%)->342M(17%)
[127.909s][info][gc,start    ] GC(393) Garbage Collection (Allocation Rate)
[127.909s][info][gc,task     ] GC(393) Using 2 workers
[127.909s][info][gc,phases   ] GC(393) Pause Mark Start 0.008ms
[127.973s][info][gc,phases   ] GC(393) Concurrent Mark 64.416ms
[127.973s][info][gc,phases   ] GC(393) Pause Mark End 0.063ms
[127.974s][info][gc,phases   ] GC(393) Concurrent Mark Free 0.001ms
[127.990s][info][gc,phases   ] GC(393) Concurrent Process Non-Strong References 16.089ms
[127.990s][info][gc,phases   ] GC(393) Concurrent Reset Relocation Set 0.003ms
[127.992s][info][gc,phases   ] GC(393) Concurrent Select Relocation Set 2.114ms
[127.992s][info][gc,phases   ] GC(393) Pause Relocate Start 0.010ms
[127.993s][info][gc,phases   ] GC(393) Concurrent Relocate 0.577ms
[127.993s][info][gc,load     ] GC(393) Load: 0.00/0.00/0.00
[127.993s][info][gc,mmu      ] GC(393) MMU: 2ms/83.4%, 5ms/93.4%, 10ms/96.7%, 20ms/97.9%, 50ms/99.2%, 100ms/99.5%
[127.993s][info][gc,marking  ] GC(393) Mark: 2 stripe(s), 2 proactive flush(es), 1 terminate flush(es), 1 completion(s), 0 continuation(s) 
[127.993s][info][gc,marking  ] GC(393) Mark Stack Usage: 32M
[127.993s][info][gc,nmethod  ] GC(393) NMethods: 11146 registered, 9460 unregistered
[127.993s][info][gc,metaspace] GC(393) Metaspace: 155M used, 157M committed, 1216M reserved
[127.993s][info][gc,ref      ] GC(393) Soft: 3545 encountered, 0 discovered, 0 enqueued
[127.993s][info][gc,ref      ] GC(393) Weak: 15555 encountered, 3549 discovered, 462 enqueued
[127.993s][info][gc,ref      ] GC(393) Final: 52 encountered, 0 discovered, 0 enqueued
[127.993s][info][gc,ref      ] GC(393) Phantom: 600 encountered, 342 discovered, 0 enqueued
[127.993s][info][gc,reloc    ] GC(393) Small Pages: 80 / 160M, Empty: 2M, Relocated: 1M, In-Place: 0
[127.993s][info][gc,reloc    ] GC(393) Medium Pages: 6 / 192M, Empty: 32M, Relocated: 0M, In-Place: 0
[127.993s][info][gc,reloc    ] GC(393) Large Pages: 10 / 60M, Empty: 60M, Relocated: 0M, In-Place: 0
[127.993s][info][gc,reloc    ] GC(393) Forwarding Usage: 0M
[127.993s][info][gc,heap     ] GC(393) Min Capacity: 2048M(100%)
[127.993s][info][gc,heap     ] GC(393) Max Capacity: 2048M(100%)
[127.993s][info][gc,heap     ] GC(393) Soft Max Capacity: 2048M(100%)
[127.993s][info][gc,heap     ] GC(393)                Mark Start          Mark End        Relocate Start      Relocate End           High               Low         
[127.993s][info][gc,heap     ] GC(393)  Capacity:     2048M (100%)       2048M (100%)       2048M (100%)       2048M (100%)       2048M (100%)       2048M (100%)   
[127.993s][info][gc,heap     ] GC(393)      Free:     1636M (80%)        1564M (76%)        1630M (80%)        1714M (84%)        1714M (84%)        1538M (75%)    
[127.993s][info][gc,heap     ] GC(393)      Used:      412M (20%)         484M (24%)         418M (20%)         334M (16%)         510M (25%)         334M (16%)    
[127.993s][info][gc,heap     ] GC(393)      Live:         -               194M (10%)         194M (10%)         194M (10%)            -                  -          
[127.993s][info][gc,heap     ] GC(393) Allocated:         -                72M (4%)          100M (5%)          100M (5%)             -                  -          
[127.993s][info][gc,heap     ] GC(393)   Garbage:         -               217M (11%)         123M (6%)           39M (2%)             -                  -          
[127.993s][info][gc,heap     ] GC(393) Reclaimed:         -                  -                94M (5%)          178M (9%)             -                  -          
[127.993s][info][gc          ] GC(393) Garbage Collection (Allocation Rate) 412M(20%)->334M(16%)
[128.508s][info][gc,start    ] GC(394) Garbage Collection (Allocation Rate)
[128.508s][info][gc,task     ] GC(394) Using 2 workers
[128.508s][info][gc,phases   ] GC(394) Pause Mark Start 0.007ms
[128.567s][info][gc,phases   ] GC(394) Concurrent Mark 58.690ms
[128.567s][info][gc,phases   ] GC(394) Pause Mark End 0.061ms
[128.567s][info][gc,phases   ] GC(394) Concurrent Mark Free 0.002ms
[128.581s][info][gc,phases   ] GC(394) Concurrent Process Non-Strong References 14.356ms
[128.581s][info][gc,phases   ] GC(394) Concurrent Reset Relocation Set 0.004ms
[128.584s][info][gc,phases   ] GC(394) Concurrent Select Relocation Set 2.169ms
[128.584s][info][gc,phases   ] GC(394) Pause Relocate Start 0.010ms
[128.585s][info][gc,phases   ] GC(394) Concurrent Relocate 1.357ms
[128.585s][info][gc,load     ] GC(394) Load: 0.00/0.00/0.00
[128.585s][info][gc,mmu      ] GC(394) MMU: 2ms/83.4%, 5ms/93.4%, 10ms/96.7%, 20ms/97.9%, 50ms/99.2%, 100ms/99.5%
[128.585s][info][gc,marking  ] GC(394) Mark: 2 stripe(s), 2 proactive flush(es), 1 terminate flush(es), 1 completion(s), 0 continuation(s) 
[128.585s][info][gc,marking  ] GC(394) Mark Stack Usage: 32M
[128.585s][info][gc,nmethod  ] GC(394) NMethods: 11190 registered, 9472 unregistered
[128.585s][info][gc,metaspace] GC(394) Metaspace: 155M used, 157M committed, 1216M reserved
[128.585s][info][gc,ref      ] GC(394) Soft: 3550 encountered, 0 discovered, 0 enqueued
[128.585s][info][gc,ref      ] GC(394) Weak: 16712 encountered, 4659 discovered, 1606 enqueued
[128.585s][info][gc,ref      ] GC(394) Final: 52 encountered, 0 discovered, 0 enqueued
[128.585s][info][gc,ref      ] GC(394) Phantom: 600 encountered, 368 discovered, 0 enqueued
[128.585s][info][gc,reloc    ] GC(394) Small Pages: 175 / 350M, Empty: 6M, Relocated: 3M, In-Place: 0
[128.585s][info][gc,reloc    ] GC(394) Medium Pages: 9 / 288M, Empty: 128M, Relocated: 0M, In-Place: 0
[128.585s][info][gc,reloc    ] GC(394) Large Pages: 33 / 198M, Empty: 198M, Relocated: 0M, In-Place: 0
[128.585s][info][gc,reloc    ] GC(394) Forwarding Usage: 0M
[128.585s][info][gc,heap     ] GC(394) Min Capacity: 2048M(100%)
[128.585s][info][gc,heap     ] GC(394) Max Capacity: 2048M(100%)
[128.585s][info][gc,heap     ] GC(394) Soft Max Capacity: 2048M(100%)
[128.585s][info][gc,heap     ] GC(394)                Mark Start          Mark End        Relocate Start      Relocate End           High               Low         
[128.585s][info][gc,heap     ] GC(394)  Capacity:     2048M (100%)       2048M (100%)       2048M (100%)       2048M (100%)       2048M (100%)       2048M (100%)   
[128.585s][info][gc,heap     ] GC(394)      Free:     1212M (59%)        1138M (56%)        1452M (71%)        1720M (84%)        1720M (84%)        1120M (55%)    
[128.585s][info][gc,heap     ] GC(394)      Used:      836M (41%)         910M (44%)         596M (29%)         328M (16%)         928M (45%)         328M (16%)    
[128.585s][info][gc,heap     ] GC(394)      Live:         -               196M (10%)         196M (10%)         196M (10%)            -                  -          
[128.585s][info][gc,heap     ] GC(394) Allocated:         -                74M (4%)           92M (4%)           93M (5%)             -                  -          
[128.585s][info][gc,heap     ] GC(394)   Garbage:         -               639M (31%)         307M (15%)          37M (2%)             -                  -          
[128.585s][info][gc,heap     ] GC(394) Reclaimed:         -                  -               332M (16%)         601M (29%)            -                  -          
[128.585s][info][gc          ] GC(394) Garbage Collection (Allocation Rate) 836M(41%)->328M(16%)
[128.925s][info][gc,start    ] GC(395) Garbage Collection (System.gc())
[128.925s][info][gc,task     ] GC(395) Using 2 workers
[128.925s][info][gc,phases   ] GC(395) Pause Mark Start 0.009ms
[128.970s][info][gc,phases   ] GC(395) Concurrent Mark 44.693ms
[128.970s][info][gc,phases   ] GC(395) Pause Mark End 0.026ms
[128.970s][info][gc,phases   ] GC(395) Concurrent Mark Free 0.002ms
[128.983s][info][gc,phases   ] GC(395) Concurrent Process Non-Strong References 12.646ms
[128.983s][info][gc,phases   ] GC(395) Concurrent Reset Relocation Set 0.013ms
[128.985s][info][gc,phases   ] GC(395) Concurrent Select Relocation Set 2.026ms
[128.985s][info][gc,phases   ] GC(395) Pause Relocate Start 0.010ms
[128.988s][info][gc,phases   ] GC(395) Concurrent Relocate 2.821ms
[128.988s][info][gc,load     ] GC(395) Load: 0.00/0.00/0.00
[128.988s][info][gc,mmu      ] GC(395) MMU: 2ms/83.4%, 5ms/93.4%, 10ms/96.7%, 20ms/97.9%, 50ms/99.2%, 100ms/99.5%
[128.988s][info][gc,marking  ] GC(395) Mark: 2 stripe(s), 1 proactive flush(es), 1 terminate flush(es), 0 completion(s), 0 continuation(s) 
[128.988s][info][gc,marking  ] GC(395) Mark Stack Usage: 32M
[128.988s][info][gc,nmethod  ] GC(395) NMethods: 11205 registered, 9484 unregistered
[128.988s][info][gc,metaspace] GC(395) Metaspace: 156M used, 157M committed, 1216M reserved
[128.988s][info][gc,ref      ] GC(395) Soft: 3758 encountered, 0 discovered, 0 enqueued
[128.988s][info][gc,ref      ] GC(395) Weak: 16451 encountered, 4169 discovered, 1274 enqueued
[128.988s][info][gc,ref      ] GC(395) Final: 52 encountered, 0 discovered, 0 enqueued
[128.988s][info][gc,ref      ] GC(395) Phantom: 600 encountered, 334 discovered, 0 enqueued
[128.988s][info][gc,reloc    ] GC(395) Small Pages: 143 / 286M, Empty: 10M, Relocated: 2M, In-Place: 0
[128.988s][info][gc,reloc    ] GC(395) Medium Pages: 7 / 224M, Empty: 96M, Relocated: 12M, In-Place: 0
[128.988s][info][gc,reloc    ] GC(395) Large Pages: 19 / 114M, Empty: 114M, Relocated: 0M, In-Place: 0
[128.988s][info][gc,reloc    ] GC(395) Forwarding Usage: 0M
[128.988s][info][gc,heap     ] GC(395) Min Capacity: 2048M(100%)
[128.988s][info][gc,heap     ] GC(395) Max Capacity: 2048M(100%)
[128.988s][info][gc,heap     ] GC(395) Soft Max Capacity: 2048M(100%)
[128.988s][info][gc,heap     ] GC(395)                Mark Start          Mark End        Relocate Start      Relocate End           High               Low         
[128.988s][info][gc,heap     ] GC(395)  Capacity:     2048M (100%)       2048M (100%)       2048M (100%)       2048M (100%)       2048M (100%)       2048M (100%)   
[128.989s][info][gc,heap     ] GC(395)      Free:     1424M (70%)        1424M (70%)        1632M (80%)        1864M (91%)        1864M (91%)        1414M (69%)    
[128.989s][info][gc,heap     ] GC(395)      Used:      624M (30%)         624M (30%)         416M (20%)         184M (9%)          634M (31%)         184M (9%)     
[128.989s][info][gc,heap     ] GC(395)      Live:         -               132M (6%)          132M (6%)          132M (6%)             -                  -          
[128.989s][info][gc,heap     ] GC(395) Allocated:         -                 0M (0%)           12M (1%)           15M (1%)             -                  -          
[128.989s][info][gc,heap     ] GC(395)   Garbage:         -               491M (24%)         271M (13%)          35M (2%)             -                  -          
[128.989s][info][gc,heap     ] GC(395) Reclaimed:         -                  -               220M (11%)         455M (22%)            -                  -          
[128.989s][info][gc          ] GC(395) Garbage Collection (System.gc()) 624M(30%)->184M(9%)
[129.211s][info][gc,start    ] GC(396) Garbage Collection (Allocation Rate)
[129.211s][info][gc,task     ] GC(396) Using 2 workers
[129.211s][info][gc,phases   ] GC(396) Pause Mark Start 0.011ms
[129.289s][info][gc,phases   ] GC(396) Concurrent Mark 77.927ms
[129.289s][info][gc,phases   ] GC(396) Pause Mark End 0.025ms
[129.289s][info][gc,phases   ] GC(396) Concurrent Mark Free 0.001ms
[129.307s][info][gc,phases   ] GC(396) Concurrent Process Non-Strong References 17.258ms
[129.307s][info][gc,phases   ] GC(396) Concurrent Reset Relocation Set 0.008ms
[129.312s][info][gc,phases   ] GC(396) Concurrent Select Relocation Set 5.773ms
[129.313s][info][gc,phases   ] GC(396) Pause Relocate Start 0.021ms
[129.333s][info][gc,phases   ] GC(396) Concurrent Relocate 19.830ms
[129.333s][info][gc,load     ] GC(396) Load: 0.00/0.00/0.00
[129.333s][info][gc,mmu      ] GC(396) MMU: 2ms/83.4%, 5ms/93.4%, 10ms/96.7%, 20ms/97.9%, 50ms/99.2%, 100ms/99.5%
[129.333s][info][gc,marking  ] GC(396) Mark: 2 stripe(s), 2 proactive flush(es), 1 terminate flush(es), 0 completion(s), 0 continuation(s) 
[129.333s][info][gc,marking  ] GC(396) Mark Stack Usage: 32M
[129.333s][info][gc,nmethod  ] GC(396) NMethods: 11215 registered, 9487 unregistered
[129.333s][info][gc,metaspace] GC(396) Metaspace: 156M used, 157M committed, 1216M reserved
[129.333s][info][gc,ref      ] GC(396) Soft: 3813 encountered, 0 discovered, 0 enqueued
[129.333s][info][gc,ref      ] GC(396) Weak: 15547 encountered, 4473 discovered, 212 enqueued
[129.333s][info][gc,ref      ] GC(396) Final: 52 encountered, 0 discovered, 0 enqueued
[129.333s][info][gc,ref      ] GC(396) Phantom: 600 encountered, 371 discovered, 0 enqueued
[129.333s][info][gc,reloc    ] GC(396) Small Pages: 606 / 1212M, Empty: 884M, Relocated: 10M, In-Place: 0
[129.333s][info][gc,reloc    ] GC(396) Medium Pages: 6 / 192M, Empty: 0M, Relocated: 22M, In-Place: 0
[129.333s][info][gc,reloc    ] GC(396) Large Pages: 6 / 36M, Empty: 36M, Relocated: 0M, In-Place: 0
[129.333s][info][gc,reloc    ] GC(396) Forwarding Usage: 1M
[129.333s][info][gc,heap     ] GC(396) Min Capacity: 2048M(100%)
[129.333s][info][gc,heap     ] GC(396) Max Capacity: 2048M(100%)
[129.333s][info][gc,heap     ] GC(396) Soft Max Capacity: 2048M(100%)
[129.333s][info][gc,heap     ] GC(396)                Mark Start          Mark End        Relocate Start      Relocate End           High               Low         
[129.333s][info][gc,heap     ] GC(396)  Capacity:     2048M (100%)       2048M (100%)       2048M (100%)       2048M (100%)       2048M (100%)       2048M (100%)   
[129.333s][info][gc,heap     ] GC(396)      Free:      608M (30%)         126M (6%)          916M (45%)        1138M (56%)        1156M (56%)          64M (3%)     
[129.333s][info][gc,heap     ] GC(396)      Used:     1440M (70%)        1922M (94%)        1132M (55%)         910M (44%)        1984M (97%)         892M (44%)    
[129.333s][info][gc,heap     ] GC(396)      Live:         -               162M (8%)          162M (8%)          162M (8%)             -                  -          
[129.333s][info][gc,heap     ] GC(396) Allocated:         -               482M (24%)         612M (30%)         701M (34%)            -                  -          
[129.333s][info][gc,heap     ] GC(396)   Garbage:         -              1277M (62%)         357M (17%)          46M (2%)             -                  -          
[129.333s][info][gc,heap     ] GC(396) Reclaimed:         -                  -               920M (45%)        1231M (60%)            -                  -          
[129.333s][info][gc          ] GC(396) Garbage Collection (Allocation Rate) 1440M(70%)->910M(44%)
[129.403s][info][gc,start    ] GC(397) Garbage Collection (Allocation Rate)
[129.403s][info][gc,task     ] GC(397) Using 2 workers
[129.403s][info][gc,phases   ] GC(397) Pause Mark Start 0.008ms
[129.458s][info][gc,phases   ] GC(397) Concurrent Mark 55.269ms
[129.458s][info][gc,phases   ] GC(397) Pause Mark End 0.024ms
[129.458s][info][gc,phases   ] GC(397) Concurrent Mark Free 0.001ms
[129.474s][info][gc,phases   ] GC(397) Concurrent Process Non-Strong References 15.244ms
[129.474s][info][gc,phases   ] GC(397) Concurrent Reset Relocation Set 0.011ms
[129.476s][info][gc,phases   ] GC(397) Concurrent Select Relocation Set 2.166ms
[129.476s][info][gc,phases   ] GC(397) Pause Relocate Start 0.010ms
[129.497s][info][gc,phases   ] GC(397) Concurrent Relocate 21.455ms
[129.498s][info][gc,load     ] GC(397) Load: 0.00/0.00/0.00
[129.498s][info][gc,mmu      ] GC(397) MMU: 2ms/83.4%, 5ms/93.4%, 10ms/96.7%, 20ms/97.9%, 50ms/99.2%, 100ms/99.5%
[129.498s][info][gc,marking  ] GC(397) Mark: 2 stripe(s), 2 proactive flush(es), 1 terminate flush(es), 0 completion(s), 0 continuation(s) 
[129.498s][info][gc,marking  ] GC(397) Mark Stack Usage: 32M
[129.498s][info][gc,nmethod  ] GC(397) NMethods: 11221 registered, 9487 unregistered
[129.498s][info][gc,metaspace] GC(397) Metaspace: 156M used, 157M committed, 1216M reserved
[129.498s][info][gc,ref      ] GC(397) Soft: 3807 encountered, 0 discovered, 0 enqueued
[129.498s][info][gc,ref      ] GC(397) Weak: 15481 encountered, 3476 discovered, 157 enqueued
[129.498s][info][gc,ref      ] GC(397) Final: 52 encountered, 0 discovered, 0 enqueued
[129.498s][info][gc,ref      ] GC(397) Phantom: 600 encountered, 359 discovered, 0 enqueued
[129.498s][info][gc,reloc    ] GC(397) Small Pages: 394 / 788M, Empty: 480M, Relocated: 6M, In-Place: 0
[129.498s][info][gc,reloc    ] GC(397) Medium Pages: 9 / 288M, Empty: 0M, Relocated: 74M, In-Place: 0
[129.498s][info][gc,reloc    ] GC(397) Large Pages: 3 / 18M, Empty: 18M, Relocated: 0M, In-Place: 0
[129.498s][info][gc,reloc    ] GC(397) Forwarding Usage: 1M
[129.498s][info][gc,heap     ] GC(397) Min Capacity: 2048M(100%)
[129.498s][info][gc,heap     ] GC(397) Max Capacity: 2048M(100%)
[129.498s][info][gc,heap     ] GC(397) Soft Max Capacity: 2048M(100%)
[129.498s][info][gc,heap     ] GC(397)                Mark Start          Mark End        Relocate Start      Relocate End           High               Low         
[129.498s][info][gc,heap     ] GC(397)  Capacity:     2048M (100%)       2048M (100%)       2048M (100%)       2048M (100%)       2048M (100%)       2048M (100%)   
[129.498s][info][gc,heap     ] GC(397)      Free:      954M (47%)         884M (43%)        1362M (67%)        1714M (84%)        1714M (84%)         868M (42%)    
[129.498s][info][gc,heap     ] GC(397)      Used:     1094M (53%)        1164M (57%)         686M (33%)         334M (16%)        1180M (58%)         334M (16%)    
[129.498s][info][gc,heap     ] GC(397)      Live:         -               196M (10%)         196M (10%)         196M (10%)            -                  -          
[129.498s][info][gc,heap     ] GC(397) Allocated:         -                70M (3%)           90M (4%)           97M (5%)             -                  -          
[129.498s][info][gc,heap     ] GC(397)   Garbage:         -               897M (44%)         399M (20%)          40M (2%)             -                  -          
[129.498s][info][gc,heap     ] GC(397) Reclaimed:         -                  -               498M (24%)         857M (42%)            -                  -          
[129.498s][info][gc          ] GC(397) Garbage Collection (Allocation Rate) 1094M(53%)->334M(16%)
[129.506s][info][gc,start    ] GC(398) Garbage Collection (Allocation Rate)
[129.506s][info][gc,task     ] GC(398) Using 2 workers
[129.506s][info][gc,phases   ] GC(398) Pause Mark Start 0.011ms
[129.553s][info][gc,phases   ] GC(398) Concurrent Mark 47.354ms
[129.554s][info][gc,phases   ] GC(398) Pause Mark End 0.032ms
[129.554s][info][gc,phases   ] GC(398) Concurrent Mark Free 0.001ms
[129.567s][info][gc,phases   ] GC(398) Concurrent Process Non-Strong References 12.977ms
[129.567s][info][gc,phases   ] GC(398) Concurrent Reset Relocation Set 0.008ms
[129.569s][info][gc,phases   ] GC(398) Concurrent Select Relocation Set 1.873ms
[129.569s][info][gc,phases   ] GC(398) Pause Relocate Start 0.010ms
[129.574s][info][gc,phases   ] GC(398) Concurrent Relocate 4.859ms
[129.574s][info][gc,load     ] GC(398) Load: 0.00/0.00/0.00
[129.574s][info][gc,mmu      ] GC(398) MMU: 2ms/83.4%, 5ms/93.4%, 10ms/96.7%, 20ms/97.9%, 50ms/99.2%, 100ms/99.5%
[129.574s][info][gc,marking  ] GC(398) Mark: 2 stripe(s), 2 proactive flush(es), 1 terminate flush(es), 0 completion(s), 0 continuation(s) 
[129.574s][info][gc,marking  ] GC(398) Mark Stack Usage: 32M
[129.574s][info][gc,nmethod  ] GC(398) NMethods: 11226 registered, 9487 unregistered
[129.574s][info][gc,metaspace] GC(398) Metaspace: 156M used, 157M committed, 1216M reserved
[129.574s][info][gc,ref      ] GC(398) Soft: 3803 encountered, 0 discovered, 0 enqueued
[129.574s][info][gc,ref      ] GC(398) Weak: 15562 encountered, 2094 discovered, 152 enqueued
[129.574s][info][gc,ref      ] GC(398) Final: 52 encountered, 0 discovered, 0 enqueued
[129.574s][info][gc,ref      ] GC(398) Phantom: 600 encountered, 378 discovered, 0 enqueued
[129.574s][info][gc,reloc    ] GC(398) Small Pages: 59 / 118M, Empty: 0M, Relocated: 5M, In-Place: 0
[129.574s][info][gc,reloc    ] GC(398) Medium Pages: 6 / 192M, Empty: 0M, Relocated: 10M, In-Place: 0
[129.574s][info][gc,reloc    ] GC(398) Large Pages: 4 / 24M, Empty: 24M, Relocated: 0M, In-Place: 0
[129.574s][info][gc,reloc    ] GC(398) Forwarding Usage: 1M
[129.574s][info][gc,heap     ] GC(398) Min Capacity: 2048M(100%)
[129.574s][info][gc,heap     ] GC(398) Max Capacity: 2048M(100%)
[129.574s][info][gc,heap     ] GC(398) Soft Max Capacity: 2048M(100%)
[129.574s][info][gc,heap     ] GC(398)                Mark Start          Mark End        Relocate Start      Relocate End           High               Low         
[129.574s][info][gc,heap     ] GC(398)  Capacity:     2048M (100%)       2048M (100%)       2048M (100%)       2048M (100%)       2048M (100%)       2048M (100%)   
[129.574s][info][gc,heap     ] GC(398)      Free:     1714M (84%)        1642M (80%)        1650M (81%)        1728M (84%)        1728M (84%)        1618M (79%)    
[129.574s][info][gc,heap     ] GC(398)      Used:      334M (16%)         406M (20%)         398M (19%)         320M (16%)         430M (21%)         320M (16%)    
[129.574s][info][gc,heap     ] GC(398)      Live:         -               195M (10%)         195M (10%)         195M (10%)            -                  -          
[129.574s][info][gc,heap     ] GC(398) Allocated:         -                72M (4%)           88M (4%)           87M (4%)             -                  -          
[129.574s][info][gc,heap     ] GC(398)   Garbage:         -               138M (7%)          114M (6%)           36M (2%)             -                  -          
[129.574s][info][gc,heap     ] GC(398) Reclaimed:         -                  -                24M (1%)          101M (5%)             -                  -          
[129.574s][info][gc          ] GC(398) Garbage Collection (Allocation Rate) 334M(16%)->320M(16%)
[129.603s][info][gc,start    ] GC(399) Garbage Collection (Allocation Rate)
[129.603s][info][gc,task     ] GC(399) Using 2 workers
[129.603s][info][gc,phases   ] GC(399) Pause Mark Start 0.007ms
[129.666s][info][gc,phases   ] GC(399) Concurrent Mark 62.889ms
[129.666s][info][gc,phases   ] GC(399) Pause Mark End 0.100ms
[129.666s][info][gc,phases   ] GC(399) Concurrent Mark Free 0.001ms
[129.681s][info][gc,phases   ] GC(399) Concurrent Process Non-Strong References 14.839ms
[129.681s][info][gc,phases   ] GC(399) Concurrent Reset Relocation Set 0.004ms
[129.683s][info][gc,phases   ] GC(399) Concurrent Select Relocation Set 1.886ms
[129.683s][info][gc,phases   ] GC(399) Pause Relocate Start 0.011ms
[129.685s][info][gc,phases   ] GC(399) Concurrent Relocate 1.593ms
[129.685s][info][gc,load     ] GC(399) Load: 0.00/0.00/0.00
[129.685s][info][gc,mmu      ] GC(399) MMU: 2ms/83.4%, 5ms/93.4%, 10ms/96.7%, 20ms/97.9%, 50ms/99.2%, 100ms/99.5%
[129.685s][info][gc,marking  ] GC(399) Mark: 2 stripe(s), 2 proactive flush(es), 1 terminate flush(es), 1 completion(s), 0 continuation(s) 
[129.685s][info][gc,marking  ] GC(399) Mark Stack Usage: 32M
[129.685s][info][gc,nmethod  ] GC(399) NMethods: 11229 registered, 9487 unregistered
[129.685s][info][gc,metaspace] GC(399) Metaspace: 156M used, 157M committed, 1216M reserved
[129.685s][info][gc,ref      ] GC(399) Soft: 3801 encountered, 0 discovered, 0 enqueued
[129.685s][info][gc,ref      ] GC(399) Weak: 15627 encountered, 2721 discovered, 292 enqueued
[129.685s][info][gc,ref      ] GC(399) Final: 52 encountered, 0 discovered, 0 enqueued
[129.685s][info][gc,ref      ] GC(399) Phantom: 600 encountered, 370 discovered, 0 enqueued
[129.685s][info][gc,reloc    ] GC(399) Small Pages: 62 / 124M, Empty: 0M, Relocated: 3M, In-Place: 0
[129.685s][info][gc,reloc    ] GC(399) Medium Pages: 6 / 192M, Empty: 32M, Relocated: 0M, In-Place: 0
[129.685s][info][gc,reloc    ] GC(399) Large Pages: 5 / 30M, Empty: 30M, Relocated: 0M, In-Place: 0
[129.685s][info][gc,reloc    ] GC(399) Forwarding Usage: 0M
[129.685s][info][gc,heap     ] GC(399) Min Capacity: 2048M(100%)
[129.685s][info][gc,heap     ] GC(399) Max Capacity: 2048M(100%)
[129.685s][info][gc,heap     ] GC(399) Soft Max Capacity: 2048M(100%)
[129.685s][info][gc,heap     ] GC(399)                Mark Start          Mark End        Relocate Start      Relocate End           High               Low         
[129.685s][info][gc,heap     ] GC(399)  Capacity:     2048M (100%)       2048M (100%)       2048M (100%)       2048M (100%)       2048M (100%)       2048M (100%)   
[129.685s][info][gc,heap     ] GC(399)      Free:     1702M (83%)        1618M (79%)        1660M (81%)        1710M (83%)        1710M (83%)        1598M (78%)    
[129.685s][info][gc,heap     ] GC(399)      Used:      346M (17%)         430M (21%)         388M (19%)         338M (17%)         450M (22%)         338M (17%)    
[129.685s][info][gc,heap     ] GC(399)      Live:         -               195M (10%)         195M (10%)         195M (10%)            -                  -          
[129.685s][info][gc,heap     ] GC(399) Allocated:         -                84M (4%)          104M (5%)          105M (5%)             -                  -          
[129.685s][info][gc,heap     ] GC(399)   Garbage:         -               150M (7%)           88M (4%)           36M (2%)             -                  -          
[129.685s][info][gc,heap     ] GC(399) Reclaimed:         -                  -                62M (3%)          113M (6%)             -                  -          
[129.685s][info][gc          ] GC(399) Garbage Collection (Allocation Rate) 346M(17%)->338M(17%)
[130.120s][info][gc,stats    ] === Garbage Collection Statistics =======================================================================================================================
[130.120s][info][gc,stats    ]                                                              Last 10s              Last 10m              Last 10h                Total
[130.120s][info][gc,stats    ]                                                              Avg / Max             Avg / Max             Avg / Max             Avg / Max
[130.120s][info][gc,stats    ]   Collector: Garbage Collection Cycle                     91.951 / 166.070      94.253 / 235.178      94.253 / 235.178      94.253 / 235.178     ms
[130.120s][info][gc,stats    ]  Contention: Mark Segment Reset Contention                     1 / 4                 3 / 51                3 / 51                3 / 51          ops/s
[130.120s][info][gc,stats    ]  Contention: Mark SeqNum Reset Contention                      0 / 1                 0 / 3                 0 / 3                 0 / 3           ops/s
[130.120s][info][gc,stats    ]    Critical: Allocation Stall                                  2 / 6                 2 / 8                 2 / 8                 2 / 8           ops/s
[130.120s][info][gc,stats    ]    Critical: Allocation Stall                             46.825 / 80.699       42.465 / 93.951       42.465 / 93.951       42.465 / 93.951      ms
[130.120s][info][gc,stats    ]    Critical: GC Locker Stall                                   0 / 1                 0 / 2                 0 / 2                 0 / 2           ops/s
[130.120s][info][gc,stats    ]    Critical: GC Locker Stall                               0.010 / 0.024         0.017 / 0.041         0.017 / 0.041         0.017 / 0.041       ms
[130.120s][info][gc,stats    ]    Critical: Relocation Stall                                  0 / 0                 0 / 0                 0 / 0                 0 / 0           ops/s
[130.120s][info][gc,stats    ]    Critical: Relocation Stall                              0.000 / 0.000         0.000 / 0.000         0.000 / 0.000         0.000 / 0.000       ms
[130.120s][info][gc,stats    ]      Memory: Allocation Rate                                2008 / 2706           1673 / 3030           1673 / 3030           1673 / 3030        MB/s
[130.120s][info][gc,stats    ]      Memory: Defragment                                       62 / 117              48 / 139              48 / 139              48 / 139         ops/s
[130.120s][info][gc,stats    ]      Memory: Out Of Memory                                     0 / 0                 0 / 0                 0 / 0                 0 / 0           ops/s
[130.120s][info][gc,stats    ]      Memory: Page Cache Flush                                272 / 400             223 / 500             223 / 500             223 / 500         MB/s
[130.120s][info][gc,stats    ]      Memory: Page Cache Hit L1                               700 / 1010            579 / 1168            579 / 1168            579 / 1168        ops/s
[130.120s][info][gc,stats    ]      Memory: Page Cache Hit L2                                 0 / 0                 0 / 0                 0 / 0                 0 / 0           ops/s
[130.120s][info][gc,stats    ]      Memory: Page Cache Hit L3                                56 / 94               52 / 265              52 / 265              52 / 265         ops/s
[130.120s][info][gc,stats    ]      Memory: Page Cache Miss                                   8 / 19                7 / 24                7 / 24                7 / 24          ops/s
[130.120s][info][gc,stats    ]      Memory: Uncommit                                          0 / 0                 0 / 0                 0 / 0                 0 / 0           MB/s
[130.120s][info][gc,stats    ]      Memory: Undo Object Allocation Failed                     0 / 3                 0 / 5                 0 / 5                 0 / 5           ops/s
[130.120s][info][gc,stats    ]      Memory: Undo Object Allocation Succeeded                140 / 1113             81 / 2789             81 / 2789             81 / 2789        ops/s
[130.120s][info][gc,stats    ]      Memory: Undo Page Allocation                              3 / 6                 3 / 12                3 / 12                3 / 12          ops/s
[130.120s][info][gc,stats    ]       Phase: Concurrent Mark                              60.959 / 109.333      59.978 / 160.845      59.978 / 160.845      59.978 / 160.845     ms
[130.120s][info][gc,stats    ]       Phase: Concurrent Mark Continue                      0.000 / 0.000        15.071 / 15.112       15.071 / 15.112       15.071 / 15.112      ms
[130.120s][info][gc,stats    ]       Phase: Concurrent Mark Free                          0.001 / 0.003         0.002 / 0.005         0.002 / 0.005         0.002 / 0.005       ms
[130.120s][info][gc,stats    ]       Phase: Concurrent Process Non-Strong References     19.846 / 31.931       23.143 / 63.816       23.143 / 63.816       23.143 / 63.816      ms
[130.120s][info][gc,stats    ]       Phase: Concurrent Relocate                           7.265 / 26.471        7.319 / 78.506        7.319 / 78.506        7.319 / 78.506      ms
[130.120s][info][gc,stats    ]       Phase: Concurrent Reset Relocation Set               0.007 / 0.015         0.006 / 0.023         0.006 / 0.023         0.006 / 0.023       ms
[130.120s][info][gc,stats    ]       Phase: Concurrent Select Relocation Set              2.464 / 5.804         2.494 / 6.805         2.494 / 6.805         2.494 / 6.805       ms
[130.120s][info][gc,stats    ]       Phase: Pause Mark End                                0.053 / 0.177         0.052 / 0.331         0.052 / 0.331         0.052 / 0.331       ms
[130.120s][info][gc,stats    ]       Phase: Pause Mark Start                              0.017 / 0.074         0.016 / 0.077         0.016 / 0.077         0.016 / 0.077       ms
[130.120s][info][gc,stats    ]       Phase: Pause Relocate Start                          0.011 / 0.024         0.011 / 0.086         0.011 / 0.086         0.011 / 0.086       ms
[130.120s][info][gc,stats    ]    Subphase: Concurrent Classes Purge                      0.216 / 2.007         0.178 / 9.707         0.178 / 9.707         0.178 / 9.707       ms
[130.120s][info][gc,stats    ]    Subphase: Concurrent Classes Unlink                    17.787 / 30.233       20.735 / 38.983       20.735 / 38.983       20.735 / 38.983      ms
[130.120s][info][gc,stats    ]    Subphase: Concurrent Mark                              50.881 / 104.058      49.896 / 147.243      49.896 / 147.243      49.896 / 147.243     ms
[130.120s][info][gc,stats    ]    Subphase: Concurrent Mark Try Flush                     0.337 / 15.581        0.492 / 29.293        0.492 / 29.293        0.492 / 29.293      ms
[130.120s][info][gc,stats    ]    Subphase: Concurrent Mark Try Terminate                 3.280 / 17.114        3.441 / 22.417        3.441 / 22.417        3.441 / 22.417      ms
[130.120s][info][gc,stats    ]    Subphase: Concurrent References Enqueue                 0.005 / 0.008         0.005 / 0.017         0.005 / 0.017         0.005 / 0.017       ms
[130.120s][info][gc,stats    ]    Subphase: Concurrent References Process                 0.391 / 0.679         0.457 / 1.136         0.457 / 1.136         0.457 / 1.136       ms
[130.120s][info][gc,stats    ]    Subphase: Concurrent Roots ClassLoaderDataGraph         0.221 / 0.517         0.208 / 0.595         0.208 / 0.595         0.208 / 0.595       ms
[130.120s][info][gc,stats    ]    Subphase: Concurrent Roots CodeCache                    0.000 / 0.000         0.000 / 0.000         0.000 / 0.000         0.000 / 0.000       ms
[130.120s][info][gc,stats    ]    Subphase: Concurrent Roots JavaThreads                  4.574 / 7.980         4.771 / 13.179        4.771 / 13.179        4.771 / 13.179      ms
[130.120s][info][gc,stats    ]    Subphase: Concurrent Roots OopStorageSet                0.069 / 0.110         0.067 / 0.307         0.067 / 0.307         0.067 / 0.307       ms
[130.120s][info][gc,stats    ]    Subphase: Concurrent Weak Roots OopStorageSet           1.049 / 2.203         1.024 / 2.203         1.024 / 2.203         1.024 / 2.203       ms
[130.120s][info][gc,stats    ]    Subphase: Pause Mark Try Complete                       0.018 / 0.110         0.019 / 0.234         0.019 / 0.234         0.019 / 0.234       ms
[130.120s][info][gc,stats    ]      System: Java Threads                                    284 / 284             274 / 286             274 / 286             274 / 286         threads
[130.120s][info][gc,stats    ] =========================================================================================================================================================
[130.211s][info][gc,start    ] GC(400) Garbage Collection (Allocation Rate)
[130.211s][info][gc,task     ] GC(400) Using 1 workers
[130.211s][info][gc,phases   ] GC(400) Pause Mark Start 0.011ms
[130.301s][info][gc,phases   ] GC(400) Concurrent Mark 90.467ms
[130.301s][info][gc,phases   ] GC(400) Pause Mark End 0.016ms
[130.301s][info][gc,phases   ] GC(400) Concurrent Mark Free 0.001ms
[130.326s][info][gc,phases   ] GC(400) Concurrent Process Non-Strong References 24.603ms
[130.326s][info][gc,phases   ] GC(400) Concurrent Reset Relocation Set 0.003ms
[130.328s][info][gc,phases   ] GC(400) Concurrent Select Relocation Set 2.040ms
[130.328s][info][gc,phases   ] GC(400) Pause Relocate Start 0.009ms
[130.331s][info][gc,phases   ] GC(400) Concurrent Relocate 2.946ms
[130.331s][info][gc,load     ] GC(400) Load: 0.00/0.00/0.00
[130.331s][info][gc,mmu      ] GC(400) MMU: 2ms/83.4%, 5ms/93.4%, 10ms/96.7%, 20ms/97.9%, 50ms/99.2%, 100ms/99.5%
[130.331s][info][gc,marking  ] GC(400) Mark: 1 stripe(s), 2 proactive flush(es), 1 terminate flush(es), 0 completion(s), 0 continuation(s) 
[130.331s][info][gc,marking  ] GC(400) Mark Stack Usage: 32M
[130.331s][info][gc,nmethod  ] GC(400) NMethods: 11270 registered, 9492 unregistered
[130.331s][info][gc,metaspace] GC(400) Metaspace: 156M used, 157M committed, 1216M reserved
[130.331s][info][gc,ref      ] GC(400) Soft: 3801 encountered, 0 discovered, 0 enqueued
[130.331s][info][gc,ref      ] GC(400) Weak: 16958 encountered, 5329 discovered, 1598 enqueued
[130.331s][info][gc,ref      ] GC(400) Final: 52 encountered, 0 discovered, 0 enqueued
[130.331s][info][gc,ref      ] GC(400) Phantom: 600 encountered, 435 discovered, 0 enqueued
[130.331s][info][gc,reloc    ] GC(400) Small Pages: 168 / 336M, Empty: 8M, Relocated: 3M, In-Place: 0
[130.332s][info][gc,reloc    ] GC(400) Medium Pages: 9 / 288M, Empty: 128M, Relocated: 0M, In-Place: 0
[130.332s][info][gc,reloc    ] GC(400) Large Pages: 33 / 198M, Empty: 192M, Relocated: 0M, In-Place: 0
[130.332s][info][gc,reloc    ] GC(400) Forwarding Usage: 0M
[130.332s][info][gc,heap     ] GC(400) Min Capacity: 2048M(100%)
[130.332s][info][gc,heap     ] GC(400) Max Capacity: 2048M(100%)
[130.332s][info][gc,heap     ] GC(400) Soft Max Capacity: 2048M(100%)
[130.332s][info][gc,heap     ] GC(400)                Mark Start          Mark End        Relocate Start      Relocate End           High               Low         
[130.332s][info][gc,heap     ] GC(400)  Capacity:     2048M (100%)       2048M (100%)       2048M (100%)       2048M (100%)       2048M (100%)       2048M (100%)   
[130.332s][info][gc,heap     ] GC(400)      Free:     1226M (60%)        1128M (55%)        1426M (70%)        1664M (81%)        1674M (82%)        1100M (54%)    
[130.332s][info][gc,heap     ] GC(400)      Used:      822M (40%)         920M (45%)         622M (30%)         384M (19%)         948M (46%)         374M (18%)    
[130.332s][info][gc,heap     ] GC(400)      Live:         -               202M (10%)         202M (10%)         202M (10%)            -                  -          
[130.332s][info][gc,heap     ] GC(400) Allocated:         -                98M (5%)          128M (6%)          143M (7%)             -                  -          
[130.332s][info][gc,heap     ] GC(400)   Garbage:         -               619M (30%)         291M (14%)          37M (2%)             -                  -          
[130.332s][info][gc,heap     ] GC(400) Reclaimed:         -                  -               328M (16%)         581M (28%)            -                  -          
[130.332s][info][gc          ] GC(400) Garbage Collection (Allocation Rate) 822M(40%)->384M(19%)
[130.413s][info][gc,start    ] GC(401) Garbage Collection (Allocation Rate)
[130.413s][info][gc,task     ] GC(401) Using 1 workers
[130.413s][info][gc,phases   ] GC(401) Pause Mark Start 0.006ms
[130.499s][info][gc,phases   ] GC(401) Concurrent Mark 86.584ms
[130.500s][info][gc,phases   ] GC(401) Pause Mark End 0.019ms
[130.500s][info][gc,phases   ] GC(401) Concurrent Mark Free 0.002ms
[130.527s][info][gc,phases   ] GC(401) Concurrent Process Non-Strong References 26.835ms
[130.527s][info][gc,phases   ] GC(401) Concurrent Reset Relocation Set 0.008ms
[130.529s][info][gc,phases   ] GC(401) Concurrent Select Relocation Set 2.348ms
[130.529s][info][gc,phases   ] GC(401) Pause Relocate Start 0.010ms
[130.533s][info][gc,phases   ] GC(401) Concurrent Relocate 4.236ms
[130.533s][info][gc,load     ] GC(401) Load: 0.00/0.00/0.00
[130.534s][info][gc,mmu      ] GC(401) MMU: 2ms/83.4%, 5ms/93.4%, 10ms/96.7%, 20ms/97.9%, 50ms/99.2%, 100ms/99.5%
[130.534s][info][gc,marking  ] GC(401) Mark: 1 stripe(s), 2 proactive flush(es), 1 terminate flush(es), 0 completion(s), 0 continuation(s) 
[130.534s][info][gc,marking  ] GC(401) Mark Stack Usage: 32M
[130.534s][info][gc,nmethod  ] GC(401) NMethods: 11275 registered, 9495 unregistered
[130.534s][info][gc,metaspace] GC(401) Metaspace: 156M used, 157M committed, 1216M reserved
[130.534s][info][gc,ref      ] GC(401) Soft: 3803 encountered, 0 discovered, 0 enqueued
[130.534s][info][gc,ref      ] GC(401) Weak: 15875 encountered, 4198 discovered, 458 enqueued
[130.534s][info][gc,ref      ] GC(401) Final: 52 encountered, 0 discovered, 0 enqueued
[130.534s][info][gc,ref      ] GC(401) Phantom: 600 encountered, 435 discovered, 0 enqueued
[130.534s][info][gc,reloc    ] GC(401) Small Pages: 103 / 206M, Empty: 2M, Relocated: 5M, In-Place: 0
[130.534s][info][gc,reloc    ] GC(401) Medium Pages: 7 / 224M, Empty: 64M, Relocated: 0M, In-Place: 0
[130.534s][info][gc,reloc    ] GC(401) Large Pages: 11 / 66M, Empty: 66M, Relocated: 0M, In-Place: 0
[130.534s][info][gc,reloc    ] GC(401) Forwarding Usage: 1M
[130.534s][info][gc,heap     ] GC(401) Min Capacity: 2048M(100%)
[130.534s][info][gc,heap     ] GC(401) Max Capacity: 2048M(100%)
[130.534s][info][gc,heap     ] GC(401) Soft Max Capacity: 2048M(100%)
[130.534s][info][gc,heap     ] GC(401)                Mark Start          Mark End        Relocate Start      Relocate End           High               Low         
[130.534s][info][gc,heap     ] GC(401)  Capacity:     2048M (100%)       2048M (100%)       2048M (100%)       2048M (100%)       2048M (100%)       2048M (100%)   
[130.534s][info][gc,heap     ] GC(401)      Free:     1552M (76%)        1452M (71%)        1560M (76%)        1680M (82%)        1686M (82%)        1428M (70%)    
[130.534s][info][gc,heap     ] GC(401)      Used:      496M (24%)         596M (29%)         488M (24%)         368M (18%)         620M (30%)         362M (18%)    
[130.534s][info][gc,heap     ] GC(401)      Live:         -               195M (10%)         195M (10%)         195M (10%)            -                  -          
[130.534s][info][gc,heap     ] GC(401) Allocated:         -               100M (5%)          124M (6%)          135M (7%)             -                  -          
[130.534s][info][gc,heap     ] GC(401)   Garbage:         -               300M (15%)         168M (8%)           36M (2%)             -                  -          
[130.534s][info][gc,heap     ] GC(401) Reclaimed:         -                  -               132M (6%)          263M (13%)            -                  -          
[130.534s][info][gc          ] GC(401) Garbage Collection (Allocation Rate) 496M(24%)->368M(18%)
[130.633s][info][gc,start    ] GC(402) Garbage Collection (System.gc())
[130.633s][info][gc,task     ] GC(402) Using 2 workers
[130.633s][info][gc,phases   ] GC(402) Pause Mark Start 0.009ms
[130.692s][info][gc,phases   ] GC(402) Concurrent Mark 58.660ms
[130.692s][info][gc,phases   ] GC(402) Pause Mark End 0.032ms
[130.693s][info][gc,phases   ] GC(402) Concurrent Mark Free 0.003ms
[130.707s][info][gc,phases   ] GC(402) Concurrent Process Non-Strong References 14.079ms
[130.707s][info][gc,phases   ] GC(402) Concurrent Reset Relocation Set 0.008ms
[130.709s][info][gc,phases   ] GC(402) Concurrent Select Relocation Set 2.016ms
[130.709s][info][gc,phases   ] GC(402) Pause Relocate Start 0.013ms
[130.713s][info][gc,phases   ] GC(402) Concurrent Relocate 4.292ms
[130.713s][info][gc,load     ] GC(402) Load: 0.00/0.00/0.00
[130.713s][info][gc,mmu      ] GC(402) MMU: 2ms/83.4%, 5ms/93.4%, 10ms/96.7%, 20ms/97.9%, 50ms/99.2%, 100ms/99.5%
[130.713s][info][gc,marking  ] GC(402) Mark: 2 stripe(s), 2 proactive flush(es), 1 terminate flush(es), 0 completion(s), 0 continuation(s) 
[130.713s][info][gc,marking  ] GC(402) Mark Stack Usage: 32M
[130.713s][info][gc,nmethod  ] GC(402) NMethods: 11274 registered, 9500 unregistered
[130.713s][info][gc,metaspace] GC(402) Metaspace: 156M used, 157M committed, 1216M reserved
[130.713s][info][gc,ref      ] GC(402) Soft: 3798 encountered, 0 discovered, 0 enqueued
[130.713s][info][gc,ref      ] GC(402) Weak: 16017 encountered, 3233 discovered, 789 enqueued
[130.713s][info][gc,ref      ] GC(402) Final: 52 encountered, 0 discovered, 0 enqueued
[130.713s][info][gc,ref      ] GC(402) Phantom: 600 encountered, 371 discovered, 0 enqueued
[130.713s][info][gc,reloc    ] GC(402) Small Pages: 92 / 184M, Empty: 0M, Relocated: 5M, In-Place: 0
[130.713s][info][gc,reloc    ] GC(402) Medium Pages: 6 / 192M, Empty: 64M, Relocated: 12M, In-Place: 0
[130.713s][info][gc,reloc    ] GC(402) Large Pages: 9 / 54M, Empty: 54M, Relocated: 0M, In-Place: 0
[130.713s][info][gc,reloc    ] GC(402) Forwarding Usage: 1M
[130.713s][info][gc,heap     ] GC(402) Min Capacity: 2048M(100%)
[130.713s][info][gc,heap     ] GC(402) Max Capacity: 2048M(100%)
[130.713s][info][gc,heap     ] GC(402) Soft Max Capacity: 2048M(100%)
[130.713s][info][gc,heap     ] GC(402)                Mark Start          Mark End        Relocate Start      Relocate End           High               Low         
[130.713s][info][gc,heap     ] GC(402)  Capacity:     2048M (100%)       2048M (100%)       2048M (100%)       2048M (100%)       2048M (100%)       2048M (100%)   
[130.713s][info][gc,heap     ] GC(402)      Free:     1618M (79%)        1616M (79%)        1724M (84%)        1852M (90%)        1866M (91%)        1606M (78%)    
[130.713s][info][gc,heap     ] GC(402)      Used:      430M (21%)         432M (21%)         324M (16%)         196M (10%)         442M (22%)         182M (9%)     
[130.713s][info][gc,heap     ] GC(402)      Live:         -               131M (6%)          131M (6%)          131M (6%)             -                  -          
[130.713s][info][gc,heap     ] GC(402) Allocated:         -                 2M (0%)           12M (1%)           27M (1%)             -                  -          
[130.714s][info][gc,heap     ] GC(402)   Garbage:         -               298M (15%)         180M (9%)           36M (2%)             -                  -          
[130.714s][info][gc,heap     ] GC(402) Reclaimed:         -                  -               118M (6%)          261M (13%)            -                  -          
[130.714s][info][gc          ] GC(402) Garbage Collection (System.gc()) 430M(21%)->196M(10%)
[131.015s][info][gc,start    ] GC(403) Garbage Collection (Allocation Rate)
[131.015s][info][gc,task     ] GC(403) Using 2 workers
[131.015s][info][gc,phases   ] GC(403) Pause Mark Start 0.012ms
[131.077s][info][gc,phases   ] GC(403) Concurrent Mark 62.037ms
[131.077s][info][gc,phases   ] GC(403) Pause Mark End 0.033ms
[131.078s][info][gc,phases   ] GC(403) Concurrent Mark Free 0.003ms
[131.091s][info][gc,phases   ] GC(403) Concurrent Process Non-Strong References 13.130ms
[131.091s][info][gc,phases   ] GC(403) Concurrent Reset Relocation Set 0.005ms
[131.091s][info][gc          ] Allocation Stall (Executor task launch worker for task 3.0 in stage 2809.0 (TID 11241)) 55.568ms
[131.091s][info][gc          ] Allocation Stall (Executor task launch worker for task 0.0 in stage 2809.0 (TID 11238)) 54.799ms
[131.091s][info][gc          ] Allocation Stall (Spark Context Cleaner) 56.078ms
[131.091s][info][gc          ] Allocation Stall (Executor task launch worker for task 2.0 in stage 2809.0 (TID 11240)) 56.145ms
[131.091s][info][gc          ] Allocation Stall (Executor task launch worker for task 1.0 in stage 2809.0 (TID 11239)) 55.153ms
[131.091s][info][gc          ] Allocation Stall (Executor task launch worker for task 4.0 in stage 2809.0 (TID 11242)) 56.238ms
[131.095s][info][gc,phases   ] GC(403) Concurrent Select Relocation Set 3.563ms
[131.095s][info][gc,phases   ] GC(403) Pause Relocate Start 0.021ms
[131.128s][info][gc,phases   ] GC(403) Concurrent Relocate 33.024ms
[131.128s][info][gc,load     ] GC(403) Load: 0.00/0.00/0.00
[131.128s][info][gc,mmu      ] GC(403) MMU: 2ms/83.4%, 5ms/93.4%, 10ms/96.7%, 20ms/97.9%, 50ms/99.2%, 100ms/99.5%
[131.128s][info][gc,marking  ] GC(403) Mark: 2 stripe(s), 2 proactive flush(es), 1 terminate flush(es), 0 completion(s), 0 continuation(s) 
[131.128s][info][gc,marking  ] GC(403) Mark Stack Usage: 32M
[131.128s][info][gc,nmethod  ] GC(403) NMethods: 11279 registered, 9504 unregistered
[131.128s][info][gc,metaspace] GC(403) Metaspace: 156M used, 157M committed, 1216M reserved
[131.128s][info][gc,ref      ] GC(403) Soft: 3811 encountered, 0 discovered, 0 enqueued
[131.128s][info][gc,ref      ] GC(403) Weak: 15529 encountered, 2413 discovered, 215 enqueued
[131.128s][info][gc,ref      ] GC(403) Final: 52 encountered, 0 discovered, 0 enqueued
[131.128s][info][gc,ref      ] GC(403) Phantom: 600 encountered, 361 discovered, 0 enqueued
[131.128s][info][gc,reloc    ] GC(403) Small Pages: 816 / 1632M, Empty: 1214M, Relocated: 10M, In-Place: 0
[131.128s][info][gc,reloc    ] GC(403) Medium Pages: 9 / 288M, Empty: 0M, Relocated: 45M, In-Place: 0
[131.128s][info][gc,reloc    ] GC(403) Large Pages: 6 / 36M, Empty: 36M, Relocated: 0M, In-Place: 0
[131.128s][info][gc,reloc    ] GC(403) Forwarding Usage: 1M
[131.128s][info][gc,heap     ] GC(403) Min Capacity: 2048M(100%)
[131.128s][info][gc,heap     ] GC(403) Max Capacity: 2048M(100%)
[131.128s][info][gc,heap     ] GC(403) Soft Max Capacity: 2048M(100%)
[131.128s][info][gc,heap     ] GC(403)                Mark Start          Mark End        Relocate Start      Relocate End           High               Low         
[131.128s][info][gc,heap     ] GC(403)  Capacity:     2048M (100%)       2048M (100%)       2048M (100%)       2048M (100%)       2048M (100%)       2048M (100%)   
[131.128s][info][gc,heap     ] GC(403)      Free:       92M (4%)            0M (0%)         1228M (60%)        1514M (74%)        1562M (76%)           0M (0%)     
[131.128s][info][gc,heap     ] GC(403)      Used:     1956M (96%)        2048M (100%)        820M (40%)         534M (26%)        2048M (100%)        486M (24%)    
[131.128s][info][gc,heap     ] GC(403)      Live:         -               184M (9%)          184M (9%)          184M (9%)             -                  -          
[131.128s][info][gc,heap     ] GC(403) Allocated:         -                92M (4%)          114M (6%)          309M (15%)            -                  -          
[131.128s][info][gc,heap     ] GC(403)   Garbage:         -              1771M (87%)         521M (25%)          40M (2%)             -                  -          
[131.128s][info][gc,heap     ] GC(403) Reclaimed:         -                  -              1250M (61%)        1731M (85%)            -                  -          
[131.128s][info][gc          ] GC(403) Garbage Collection (Allocation Rate) 1956M(96%)->534M(26%)
[131.214s][info][gc,start    ] GC(404) Garbage Collection (Allocation Stall)
[131.215s][info][gc,ref      ] GC(404) Clearing All SoftReferences
[131.215s][info][gc,task     ] GC(404) Using 2 workers
[131.215s][info][gc,ref      ] GC(404) Clearing All SoftReferences
[131.215s][info][gc,phases   ] GC(404) Pause Mark Start 0.046ms
[131.278s][info][gc,phases   ] GC(404) Concurrent Mark 63.115ms
[131.278s][info][gc,phases   ] GC(404) Pause Mark End 0.238ms
[131.278s][info][gc,phases   ] GC(404) Concurrent Mark Free 0.001ms
[131.309s][info][gc,phases   ] GC(404) Concurrent Process Non-Strong References 30.690ms
[131.309s][info][gc,phases   ] GC(404) Concurrent Reset Relocation Set 0.012ms
[131.312s][info][gc,phases   ] GC(404) Concurrent Select Relocation Set 2.537ms
[131.312s][info][gc,phases   ] GC(404) Pause Relocate Start 0.012ms
[131.323s][info][gc,phases   ] GC(404) Concurrent Relocate 10.570ms
[131.323s][info][gc,load     ] GC(404) Load: 0.00/0.00/0.00
[131.323s][info][gc,mmu      ] GC(404) MMU: 2ms/83.4%, 5ms/93.4%, 10ms/96.7%, 20ms/97.9%, 50ms/99.2%, 100ms/99.5%
[131.323s][info][gc,marking  ] GC(404) Mark: 2 stripe(s), 2 proactive flush(es), 1 terminate flush(es), 1 completion(s), 0 continuation(s) 
[131.323s][info][gc,marking  ] GC(404) Mark Stack Usage: 32M
[131.323s][info][gc,nmethod  ] GC(404) NMethods: 11290 registered, 9504 unregistered
[131.323s][info][gc,metaspace] GC(404) Metaspace: 156M used, 157M committed, 1216M reserved
[131.323s][info][gc,ref      ] GC(404) Soft: 3736 encountered, 3380 discovered, 466 enqueued
[131.323s][info][gc,ref      ] GC(404) Weak: 15508 encountered, 2543 discovered, 197 enqueued
[131.323s][info][gc,ref      ] GC(404) Final: 52 encountered, 0 discovered, 0 enqueued
[131.323s][info][gc,ref      ] GC(404) Phantom: 600 encountered, 355 discovered, 0 enqueued
[131.323s][info][gc,reloc    ] GC(404) Small Pages: 177 / 354M, Empty: 156M, Relocated: 4M, In-Place: 0
[131.323s][info][gc,reloc    ] GC(404) Medium Pages: 7 / 224M, Empty: 0M, Relocated: 46M, In-Place: 0
[131.323s][info][gc,reloc    ] GC(404) Large Pages: 4 / 24M, Empty: 24M, Relocated: 0M, In-Place: 0
[131.323s][info][gc,reloc    ] GC(404) Forwarding Usage: 1M
[131.323s][info][gc,heap     ] GC(404) Min Capacity: 2048M(100%)
[131.323s][info][gc,heap     ] GC(404) Max Capacity: 2048M(100%)
[131.323s][info][gc,heap     ] GC(404) Soft Max Capacity: 2048M(100%)
[131.323s][info][gc,heap     ] GC(404)                Mark Start          Mark End        Relocate Start      Relocate End           High               Low         
[131.323s][info][gc,heap     ] GC(404)  Capacity:     2048M (100%)       2048M (100%)       2048M (100%)       2048M (100%)       2048M (100%)       2048M (100%)   
[131.323s][info][gc,heap     ] GC(404)      Free:     1446M (71%)        1364M (67%)        1514M (74%)        1698M (83%)        1698M (83%)        1336M (65%)    
[131.323s][info][gc,heap     ] GC(404)      Used:      602M (29%)         684M (33%)         534M (26%)         350M (17%)         712M (35%)         350M (17%)    
[131.323s][info][gc,heap     ] GC(404)      Live:         -               193M (9%)          193M (9%)          193M (9%)             -                  -          
[131.323s][info][gc,heap     ] GC(404) Allocated:         -                82M (4%)          112M (5%)          109M (5%)             -                  -          
[131.323s][info][gc,heap     ] GC(404)   Garbage:         -               408M (20%)         228M (11%)          47M (2%)             -                  -          
[131.323s][info][gc,heap     ] GC(404) Reclaimed:         -                  -               180M (9%)          361M (18%)            -                  -          
[131.323s][info][gc          ] GC(404) Garbage Collection (Allocation Stall) 602M(29%)->350M(17%)
[131.403s][info][gc,start    ] GC(405) Garbage Collection (Allocation Rate)
[131.403s][info][gc,task     ] GC(405) Using 2 workers
[131.403s][info][gc,phases   ] GC(405) Pause Mark Start 0.008ms
[131.464s][info][gc,phases   ] GC(405) Concurrent Mark 60.685ms
[131.464s][info][gc,phases   ] GC(405) Pause Mark End 0.026ms
[131.464s][info][gc,phases   ] GC(405) Concurrent Mark Free 0.002ms
[131.476s][info][gc,phases   ] GC(405) Concurrent Process Non-Strong References 12.143ms
[131.476s][info][gc,phases   ] GC(405) Concurrent Reset Relocation Set 0.007ms
[131.479s][info][gc,phases   ] GC(405) Concurrent Select Relocation Set 2.286ms
[131.479s][info][gc,phases   ] GC(405) Pause Relocate Start 0.010ms
[131.482s][info][gc,phases   ] GC(405) Concurrent Relocate 3.464ms
[131.482s][info][gc,load     ] GC(405) Load: 0.00/0.00/0.00
[131.482s][info][gc,mmu      ] GC(405) MMU: 2ms/83.4%, 5ms/93.4%, 10ms/96.7%, 20ms/97.9%, 50ms/99.2%, 100ms/99.5%
[131.482s][info][gc,marking  ] GC(405) Mark: 2 stripe(s), 2 proactive flush(es), 1 terminate flush(es), 0 completion(s), 0 continuation(s) 
[131.482s][info][gc,marking  ] GC(405) Mark Stack Usage: 32M
[131.482s][info][gc,nmethod  ] GC(405) NMethods: 11302 registered, 9509 unregistered
[131.482s][info][gc,metaspace] GC(405) Metaspace: 156M used, 157M committed, 1216M reserved
[131.482s][info][gc,ref      ] GC(405) Soft: 3268 encountered, 0 discovered, 0 enqueued
[131.482s][info][gc,ref      ] GC(405) Weak: 15581 encountered, 3945 discovered, 584 enqueued
[131.482s][info][gc,ref      ] GC(405) Final: 52 encountered, 0 discovered, 0 enqueued
[131.482s][info][gc,ref      ] GC(405) Phantom: 600 encountered, 382 discovered, 0 enqueued
[131.482s][info][gc,reloc    ] GC(405) Small Pages: 79 / 158M, Empty: 2M, Relocated: 1M, In-Place: 0
[131.482s][info][gc,reloc    ] GC(405) Medium Pages: 7 / 224M, Empty: 32M, Relocated: 14M, In-Place: 0
[131.483s][info][gc,reloc    ] GC(405) Large Pages: 10 / 60M, Empty: 60M, Relocated: 0M, In-Place: 0
[131.483s][info][gc,reloc    ] GC(405) Forwarding Usage: 0M
[131.483s][info][gc,heap     ] GC(405) Min Capacity: 2048M(100%)
[131.483s][info][gc,heap     ] GC(405) Max Capacity: 2048M(100%)
[131.483s][info][gc,heap     ] GC(405) Soft Max Capacity: 2048M(100%)
[131.483s][info][gc,heap     ] GC(405)                Mark Start          Mark End        Relocate Start      Relocate End           High               Low         
[131.483s][info][gc,heap     ] GC(405)  Capacity:     2048M (100%)       2048M (100%)       2048M (100%)       2048M (100%)       2048M (100%)       2048M (100%)   
[131.483s][info][gc,heap     ] GC(405)      Free:     1606M (78%)        1534M (75%)        1594M (78%)        1698M (83%)        1698M (83%)        1502M (73%)    
[131.483s][info][gc,heap     ] GC(405)      Used:      442M (22%)         514M (25%)         454M (22%)         350M (17%)         546M (27%)         350M (17%)    
[131.483s][info][gc,heap     ] GC(405)      Live:         -               193M (9%)          193M (9%)          193M (9%)             -                  -          
[131.483s][info][gc,heap     ] GC(405) Allocated:         -                72M (4%)          106M (5%)          115M (6%)             -                  -          
[131.483s][info][gc,heap     ] GC(405)   Garbage:         -               248M (12%)         154M (8%)           40M (2%)             -                  -          
[131.483s][info][gc,heap     ] GC(405) Reclaimed:         -                  -                94M (5%)          207M (10%)            -                  -          
[131.483s][info][gc          ] GC(405) Garbage Collection (Allocation Rate) 442M(22%)->350M(17%)
[131.507s][info][gc,start    ] GC(406) Garbage Collection (Allocation Rate)
[131.507s][info][gc,task     ] GC(406) Using 2 workers
[131.508s][info][gc,phases   ] GC(406) Pause Mark Start 0.012ms
[131.568s][info][gc,phases   ] GC(406) Concurrent Mark 60.494ms
[131.568s][info][gc,phases   ] GC(406) Pause Mark End 0.063ms
[131.568s][info][gc,phases   ] GC(406) Concurrent Mark Free 0.001ms
[131.580s][info][gc,phases   ] GC(406) Concurrent Process Non-Strong References 12.022ms
[131.580s][info][gc,phases   ] GC(406) Concurrent Reset Relocation Set 0.004ms
[131.583s][info][gc,phases   ] GC(406) Concurrent Select Relocation Set 1.998ms
[131.583s][info][gc,phases   ] GC(406) Pause Relocate Start 0.008ms
[131.584s][info][gc,phases   ] GC(406) Concurrent Relocate 1.540ms
[131.584s][info][gc,load     ] GC(406) Load: 0.00/0.00/0.00
[131.584s][info][gc,mmu      ] GC(406) MMU: 2ms/83.4%, 5ms/93.4%, 10ms/96.7%, 20ms/97.9%, 50ms/99.2%, 100ms/99.5%
[131.584s][info][gc,marking  ] GC(406) Mark: 2 stripe(s), 2 proactive flush(es), 1 terminate flush(es), 1 completion(s), 0 continuation(s) 
[131.584s][info][gc,marking  ] GC(406) Mark Stack Usage: 32M
[131.584s][info][gc,nmethod  ] GC(406) NMethods: 11309 registered, 9510 unregistered
[131.584s][info][gc,metaspace] GC(406) Metaspace: 156M used, 157M committed, 1216M reserved
[131.584s][info][gc,ref      ] GC(406) Soft: 3270 encountered, 0 discovered, 0 enqueued
[131.584s][info][gc,ref      ] GC(406) Weak: 15289 encountered, 3238 discovered, 153 enqueued
[131.584s][info][gc,ref      ] GC(406) Final: 52 encountered, 0 discovered, 0 enqueued
[131.584s][info][gc,ref      ] GC(406) Phantom: 600 encountered, 400 discovered, 0 enqueued
[131.584s][info][gc,reloc    ] GC(406) Small Pages: 73 / 146M, Empty: 0M, Relocated: 3M, In-Place: 0
[131.584s][info][gc,reloc    ] GC(406) Medium Pages: 6 / 192M, Empty: 32M, Relocated: 0M, In-Place: 0
[131.584s][info][gc,reloc    ] GC(406) Large Pages: 5 / 30M, Empty: 30M, Relocated: 0M, In-Place: 0
[131.584s][info][gc,reloc    ] GC(406) Forwarding Usage: 0M
[131.584s][info][gc,heap     ] GC(406) Min Capacity: 2048M(100%)
[131.584s][info][gc,heap     ] GC(406) Max Capacity: 2048M(100%)
[131.584s][info][gc,heap     ] GC(406) Soft Max Capacity: 2048M(100%)
[131.584s][info][gc,heap     ] GC(406)                Mark Start          Mark End        Relocate Start      Relocate End           High               Low         
[131.584s][info][gc,heap     ] GC(406)  Capacity:     2048M (100%)       2048M (100%)       2048M (100%)       2048M (100%)       2048M (100%)       2048M (100%)   
[131.584s][info][gc,heap     ] GC(406)      Free:     1680M (82%)        1598M (78%)        1652M (81%)        1720M (84%)        1720M (84%)        1592M (78%)    
[131.584s][info][gc,heap     ] GC(406)      Used:      368M (18%)         450M (22%)         396M (19%)         328M (16%)         456M (22%)         328M (16%)    
[131.584s][info][gc,heap     ] GC(406)      Live:         -               193M (9%)          193M (9%)          193M (9%)             -                  -          
[131.584s][info][gc,heap     ] GC(406) Allocated:         -                82M (4%)           90M (4%)           95M (5%)             -                  -          
[131.584s][info][gc,heap     ] GC(406)   Garbage:         -               174M (9%)          112M (5%)           38M (2%)             -                  -          
[131.584s][info][gc,heap     ] GC(406) Reclaimed:         -                  -                62M (3%)          135M (7%)             -                  -          
[131.584s][info][gc          ] GC(406) Garbage Collection (Allocation Rate) 368M(18%)->328M(16%)
[132.218s][info][gc,start    ] GC(407) Garbage Collection (Allocation Rate)
[132.219s][info][gc,task     ] GC(407) Using 2 workers
[132.219s][info][gc,phases   ] GC(407) Pause Mark Start 0.011ms
[132.281s][info][gc,phases   ] GC(407) Concurrent Mark 61.941ms
[132.281s][info][gc,phases   ] GC(407) Pause Mark End 0.120ms
[132.281s][info][gc,phases   ] GC(407) Concurrent Mark Free 0.002ms
[132.294s][info][gc,phases   ] GC(407) Concurrent Process Non-Strong References 13.072ms
[132.294s][info][gc,phases   ] GC(407) Concurrent Reset Relocation Set 0.004ms
[132.297s][info][gc,phases   ] GC(407) Concurrent Select Relocation Set 2.170ms
[132.297s][info][gc,phases   ] GC(407) Pause Relocate Start 0.009ms
[132.298s][info][gc,phases   ] GC(407) Concurrent Relocate 1.173ms
[132.298s][info][gc,load     ] GC(407) Load: 0.00/0.00/0.00
[132.298s][info][gc,mmu      ] GC(407) MMU: 2ms/83.4%, 5ms/93.4%, 10ms/96.7%, 20ms/97.9%, 50ms/99.2%, 100ms/99.5%
[132.298s][info][gc,marking  ] GC(407) Mark: 2 stripe(s), 2 proactive flush(es), 1 terminate flush(es), 1 completion(s), 0 continuation(s) 
[132.298s][info][gc,marking  ] GC(407) Mark Stack Usage: 32M
[132.298s][info][gc,nmethod  ] GC(407) NMethods: 11315 registered, 9513 unregistered
[132.298s][info][gc,metaspace] GC(407) Metaspace: 156M used, 157M committed, 1216M reserved
[132.298s][info][gc,ref      ] GC(407) Soft: 3270 encountered, 0 discovered, 0 enqueued
[132.298s][info][gc,ref      ] GC(407) Weak: 17047 encountered, 4515 discovered, 1888 enqueued
[132.298s][info][gc,ref      ] GC(407) Final: 52 encountered, 0 discovered, 0 enqueued
[132.298s][info][gc,ref      ] GC(407) Phantom: 600 encountered, 400 discovered, 0 enqueued
[132.298s][info][gc,reloc    ] GC(407) Small Pages: 192 / 384M, Empty: 12M, Relocated: 3M, In-Place: 0
[132.298s][info][gc,reloc    ] GC(407) Medium Pages: 9 / 288M, Empty: 128M, Relocated: 0M, In-Place: 0
[132.298s][info][gc,reloc    ] GC(407) Large Pages: 39 / 234M, Empty: 234M, Relocated: 0M, In-Place: 0
[132.298s][info][gc,reloc    ] GC(407) Forwarding Usage: 0M
[132.298s][info][gc,heap     ] GC(407) Min Capacity: 2048M(100%)
[132.298s][info][gc,heap     ] GC(407) Max Capacity: 2048M(100%)
[132.298s][info][gc,heap     ] GC(407) Soft Max Capacity: 2048M(100%)
[132.298s][info][gc,heap     ] GC(407)                Mark Start          Mark End        Relocate Start      Relocate End           High               Low         
[132.298s][info][gc,heap     ] GC(407)  Capacity:     2048M (100%)       2048M (100%)       2048M (100%)       2048M (100%)       2048M (100%)       2048M (100%)   
[132.298s][info][gc,heap     ] GC(407)      Free:     1142M (56%)        1058M (52%)        1430M (70%)        1724M (84%)        1724M (84%)        1056M (52%)    
[132.298s][info][gc,heap     ] GC(407)      Used:      906M (44%)         990M (48%)         618M (30%)         324M (16%)         992M (48%)         324M (16%)    
[132.298s][info][gc,heap     ] GC(407)      Live:         -               195M (10%)         195M (10%)         195M (10%)            -                  -          
[132.298s][info][gc,heap     ] GC(407) Allocated:         -                84M (4%)           86M (4%)           87M (4%)             -                  -          
[132.298s][info][gc,heap     ] GC(407)   Garbage:         -               710M (35%)         336M (16%)          40M (2%)             -                  -          
[132.298s][info][gc,heap     ] GC(407) Reclaimed:         -                  -               374M (18%)         669M (33%)            -                  -          
[132.298s][info][gc          ] GC(407) Garbage Collection (Allocation Rate) 906M(44%)->324M(16%)
[132.405s][info][gc,start    ] GC(408) Garbage Collection (System.gc())
[132.405s][info][gc,task     ] GC(408) Using 2 workers
[132.405s][info][gc,phases   ] GC(408) Pause Mark Start 0.013ms
[132.463s][info][gc,phases   ] GC(408) Concurrent Mark 57.934ms
[132.464s][info][gc,phases   ] GC(408) Pause Mark End 0.041ms
[132.464s][info][gc,phases   ] GC(408) Concurrent Mark Free 0.003ms
[132.477s][info][gc,phases   ] GC(408) Concurrent Process Non-Strong References 12.894ms
[132.477s][info][gc,phases   ] GC(408) Concurrent Reset Relocation Set 0.013ms
[132.479s][info][gc,phases   ] GC(408) Concurrent Select Relocation Set 1.828ms
[132.479s][info][gc,phases   ] GC(408) Pause Relocate Start 0.007ms
[132.483s][info][gc,phases   ] GC(408) Concurrent Relocate 3.741ms
[132.483s][info][gc,load     ] GC(408) Load: 0.00/0.00/0.00
[132.483s][info][gc,mmu      ] GC(408) MMU: 2ms/83.4%, 5ms/93.4%, 10ms/96.7%, 20ms/97.9%, 50ms/99.2%, 100ms/99.5%
[132.483s][info][gc,marking  ] GC(408) Mark: 2 stripe(s), 2 proactive flush(es), 1 terminate flush(es), 0 completion(s), 0 continuation(s) 
[132.483s][info][gc,marking  ] GC(408) Mark Stack Usage: 32M
[132.483s][info][gc,nmethod  ] GC(408) NMethods: 11320 registered, 9518 unregistered
[132.483s][info][gc,metaspace] GC(408) Metaspace: 156M used, 157M committed, 1216M reserved
[132.483s][info][gc,ref      ] GC(408) Soft: 3486 encountered, 0 discovered, 0 enqueued
[132.483s][info][gc,ref      ] GC(408) Weak: 15830 encountered, 2649 discovered, 697 enqueued
[132.483s][info][gc,ref      ] GC(408) Final: 52 encountered, 0 discovered, 0 enqueued
[132.483s][info][gc,ref      ] GC(408) Phantom: 600 encountered, 369 discovered, 0 enqueued
[132.483s][info][gc,reloc    ] GC(408) Small Pages: 98 / 196M, Empty: 2M, Relocated: 3M, In-Place: 0
[132.483s][info][gc,reloc    ] GC(408) Medium Pages: 6 / 192M, Empty: 64M, Relocated: 12M, In-Place: 0
[132.483s][info][gc,reloc    ] GC(408) Large Pages: 6 / 36M, Empty: 36M, Relocated: 0M, In-Place: 0
[132.483s][info][gc,reloc    ] GC(408) Forwarding Usage: 1M
[132.483s][info][gc,heap     ] GC(408) Min Capacity: 2048M(100%)
[132.483s][info][gc,heap     ] GC(408) Max Capacity: 2048M(100%)
[132.483s][info][gc,heap     ] GC(408) Soft Max Capacity: 2048M(100%)
[132.483s][info][gc,heap     ] GC(408)                Mark Start          Mark End        Relocate Start      Relocate End           High               Low         
[132.483s][info][gc,heap     ] GC(408)  Capacity:     2048M (100%)       2048M (100%)       2048M (100%)       2048M (100%)       2048M (100%)       2048M (100%)   
[132.483s][info][gc,heap     ] GC(408)      Free:     1624M (79%)        1622M (79%)        1714M (84%)        1858M (91%)        1862M (91%)        1614M (79%)    
[132.483s][info][gc,heap     ] GC(408)      Used:      424M (21%)         426M (21%)         334M (16%)         190M (9%)          434M (21%)         186M (9%)     
[132.483s][info][gc,heap     ] GC(408)      Live:         -               130M (6%)          130M (6%)          130M (6%)             -                  -          
[132.483s][info][gc,heap     ] GC(408) Allocated:         -                 2M (0%)           12M (1%)           21M (1%)             -                  -          
[132.483s][info][gc,heap     ] GC(408)   Garbage:         -               293M (14%)         191M (9%)           37M (2%)             -                  -          
[132.483s][info][gc,heap     ] GC(408) Reclaimed:         -                  -               102M (5%)          255M (12%)            -                  -          
[132.483s][info][gc          ] GC(408) Garbage Collection (System.gc()) 424M(21%)->190M(9%)
[132.704s][info][gc,start    ] GC(409) Garbage Collection (Allocation Rate)
[132.704s][info][gc,task     ] GC(409) Using 2 workers
[132.704s][info][gc,phases   ] GC(409) Pause Mark Start 0.013ms
[132.797s][info][gc,phases   ] GC(409) Concurrent Mark 92.721ms
[132.797s][info][gc,phases   ] GC(409) Pause Mark End 0.034ms
[132.797s][info][gc,phases   ] GC(409) Concurrent Mark Free 0.002ms
[132.833s][info][gc,phases   ] GC(409) Concurrent Process Non-Strong References 35.442ms
[132.833s][info][gc,phases   ] GC(409) Concurrent Reset Relocation Set 0.005ms
[132.833s][info][gc          ] Allocation Stall (Executor task launch worker for task 0.0 in stage 2855.0 (TID 11422)) 16.936ms
[132.833s][info][gc          ] Allocation Stall (Executor task launch worker for task 4.0 in stage 2855.0 (TID 11426)) 16.308ms
[132.833s][info][gc          ] Allocation Stall (Executor task launch worker for task 3.0 in stage 2855.0 (TID 11425)) 17.377ms
[132.833s][info][gc          ] Allocation Stall (Executor task launch worker for task 2.0 in stage 2855.0 (TID 11424)) 16.600ms
[132.833s][info][gc          ] Allocation Stall (dispatcher-BlockManagerEndpoint1) 0.074ms
[132.833s][info][gc          ] Allocation Stall (Executor task launch worker for task 1.0 in stage 2855.0 (TID 11423)) 18.153ms
[132.839s][info][gc,phases   ] GC(409) Concurrent Select Relocation Set 5.476ms
[132.839s][info][gc,phases   ] GC(409) Pause Relocate Start 0.010ms
[132.854s][info][gc,phases   ] GC(409) Concurrent Relocate 15.339ms
[132.854s][info][gc,load     ] GC(409) Load: 0.00/0.00/0.00
[132.854s][info][gc,mmu      ] GC(409) MMU: 2ms/83.4%, 5ms/93.4%, 10ms/96.7%, 20ms/97.9%, 50ms/99.2%, 100ms/99.5%
[132.854s][info][gc,marking  ] GC(409) Mark: 2 stripe(s), 2 proactive flush(es), 1 terminate flush(es), 0 completion(s), 0 continuation(s) 
[132.854s][info][gc,marking  ] GC(409) Mark Stack Usage: 32M
[132.854s][info][gc,nmethod  ] GC(409) NMethods: 11334 registered, 9524 unregistered
[132.854s][info][gc,metaspace] GC(409) Metaspace: 156M used, 157M committed, 1216M reserved
[132.854s][info][gc,ref      ] GC(409) Soft: 3552 encountered, 0 discovered, 0 enqueued
[132.854s][info][gc,ref      ] GC(409) Weak: 15496 encountered, 3331 discovered, 203 enqueued
[132.854s][info][gc,ref      ] GC(409) Final: 52 encountered, 0 discovered, 0 enqueued
[132.854s][info][gc,ref      ] GC(409) Phantom: 600 encountered, 382 discovered, 0 enqueued
[132.854s][info][gc,reloc    ] GC(409) Small Pages: 593 / 1186M, Empty: 880M, Relocated: 9M, In-Place: 0
[132.854s][info][gc,reloc    ] GC(409) Medium Pages: 6 / 192M, Empty: 0M, Relocated: 20M, In-Place: 0
[132.854s][info][gc,reloc    ] GC(409) Large Pages: 6 / 36M, Empty: 36M, Relocated: 0M, In-Place: 0
[132.854s][info][gc,reloc    ] GC(409) Forwarding Usage: 1M
[132.854s][info][gc,heap     ] GC(409) Min Capacity: 2048M(100%)
[132.854s][info][gc,heap     ] GC(409) Max Capacity: 2048M(100%)
[132.854s][info][gc,heap     ] GC(409) Soft Max Capacity: 2048M(100%)
[132.854s][info][gc,heap     ] GC(409)                Mark Start          Mark End        Relocate Start      Relocate End           High               Low         
[132.854s][info][gc,heap     ] GC(409)  Capacity:     2048M (100%)       2048M (100%)       2048M (100%)       2048M (100%)       2048M (100%)       2048M (100%)   
[132.854s][info][gc,heap     ] GC(409)      Free:      634M (31%)          98M (5%)          872M (43%)        1092M (53%)        1096M (54%)           0M (0%)     
[132.854s][info][gc,heap     ] GC(409)      Used:     1414M (69%)        1950M (95%)        1176M (57%)         956M (47%)        2048M (100%)        952M (46%)    
[132.854s][info][gc,heap     ] GC(409)      Live:         -               159M (8%)          159M (8%)          159M (8%)             -                  -          
[132.854s][info][gc,heap     ] GC(409) Allocated:         -               536M (26%)         678M (33%)         743M (36%)            -                  -          
[132.854s][info][gc,heap     ] GC(409)   Garbage:         -              1254M (61%)         338M (17%)          53M (3%)             -                  -          
[132.854s][info][gc,heap     ] GC(409) Reclaimed:         -                  -               916M (45%)        1201M (59%)            -                  -          
[132.854s][info][gc          ] GC(409) Garbage Collection (Allocation Rate) 1414M(69%)->956M(47%)
[132.907s][info][gc,start    ] GC(410) Garbage Collection (Allocation Stall)
[132.907s][info][gc,ref      ] GC(410) Clearing All SoftReferences
[132.907s][info][gc,task     ] GC(410) Using 2 workers
[132.907s][info][gc,ref      ] GC(410) Clearing All SoftReferences
[132.907s][info][gc,phases   ] GC(410) Pause Mark Start 0.045ms
[132.961s][info][gc,phases   ] GC(410) Concurrent Mark 53.530ms
[132.961s][info][gc,phases   ] GC(410) Pause Mark End 0.024ms
[132.961s][info][gc,phases   ] GC(410) Concurrent Mark Free 0.001ms
[132.990s][info][gc,phases   ] GC(410) Concurrent Process Non-Strong References 28.777ms
[132.990s][info][gc,phases   ] GC(410) Concurrent Reset Relocation Set 0.011ms
[132.992s][info][gc,phases   ] GC(410) Concurrent Select Relocation Set 2.668ms
[132.993s][info][gc,phases   ] GC(410) Pause Relocate Start 0.011ms
[133.009s][info][gc,phases   ] GC(410) Concurrent Relocate 16.203ms
[133.009s][info][gc,load     ] GC(410) Load: 0.00/0.00/0.00
[133.009s][info][gc,mmu      ] GC(410) MMU: 2ms/83.4%, 5ms/93.4%, 10ms/96.7%, 20ms/97.9%, 50ms/99.2%, 100ms/99.5%
[133.009s][info][gc,marking  ] GC(410) Mark: 2 stripe(s), 2 proactive flush(es), 1 terminate flush(es), 0 completion(s), 0 continuation(s) 
[133.009s][info][gc,marking  ] GC(410) Mark Stack Usage: 32M
[133.009s][info][gc,nmethod  ] GC(410) NMethods: 11340 registered, 9524 unregistered
[133.009s][info][gc,metaspace] GC(410) Metaspace: 156M used, 157M committed, 1216M reserved
[133.009s][info][gc,ref      ] GC(410) Soft: 3486 encountered, 3109 discovered, 216 enqueued
[133.009s][info][gc,ref      ] GC(410) Weak: 15308 encountered, 2554 discovered, 51 enqueued
[133.009s][info][gc,ref      ] GC(410) Final: 52 encountered, 0 discovered, 0 enqueued
[133.009s][info][gc,ref      ] GC(410) Phantom: 600 encountered, 381 discovered, 0 enqueued
[133.009s][info][gc,reloc    ] GC(410) Small Pages: 385 / 770M, Empty: 472M, Relocated: 4M, In-Place: 0
[133.009s][info][gc,reloc    ] GC(410) Medium Pages: 10 / 320M, Empty: 0M, Relocated: 74M, In-Place: 0
[133.009s][info][gc,reloc    ] GC(410) Large Pages: 1 / 6M, Empty: 6M, Relocated: 0M, In-Place: 0
[133.009s][info][gc,reloc    ] GC(410) Forwarding Usage: 1M
[133.009s][info][gc,heap     ] GC(410) Min Capacity: 2048M(100%)
[133.009s][info][gc,heap     ] GC(410) Max Capacity: 2048M(100%)
[133.009s][info][gc,heap     ] GC(410) Soft Max Capacity: 2048M(100%)
[133.009s][info][gc,heap     ] GC(410)                Mark Start          Mark End        Relocate Start      Relocate End           High               Low         
[133.009s][info][gc,heap     ] GC(410)  Capacity:     2048M (100%)       2048M (100%)       2048M (100%)       2048M (100%)       2048M (100%)       2048M (100%)   
[133.009s][info][gc,heap     ] GC(410)      Free:      952M (46%)         868M (42%)        1320M (64%)        1732M (85%)        1732M (85%)         844M (41%)    
[133.009s][info][gc,heap     ] GC(410)      Used:     1096M (54%)        1180M (58%)         728M (36%)         316M (15%)        1204M (59%)         316M (15%)    
[133.009s][info][gc,heap     ] GC(410)      Live:         -               193M (9%)          193M (9%)          193M (9%)             -                  -          
[133.009s][info][gc,heap     ] GC(410) Allocated:         -                84M (4%)          110M (5%)           99M (5%)             -                  -          
[133.009s][info][gc,heap     ] GC(410)   Garbage:         -               902M (44%)         424M (21%)          22M (1%)             -                  -          
[133.009s][info][gc,heap     ] GC(410) Reclaimed:         -                  -               478M (23%)         879M (43%)            -                  -          
[133.009s][info][gc          ] GC(410) Garbage Collection (Allocation Stall) 1096M(54%)->316M(15%)
[133.102s][info][gc,start    ] GC(411) Garbage Collection (Allocation Rate)
[133.102s][info][gc,task     ] GC(411) Using 2 workers
[133.102s][info][gc,phases   ] GC(411) Pause Mark Start 0.014ms
[133.159s][info][gc,phases   ] GC(411) Concurrent Mark 57.237ms
[133.160s][info][gc,phases   ] GC(411) Pause Mark End 0.068ms
[133.160s][info][gc,phases   ] GC(411) Concurrent Mark Free 0.002ms
[133.175s][info][gc,phases   ] GC(411) Concurrent Process Non-Strong References 14.935ms
[133.175s][info][gc,phases   ] GC(411) Concurrent Reset Relocation Set 0.005ms
[133.177s][info][gc,phases   ] GC(411) Concurrent Select Relocation Set 2.665ms
[133.177s][info][gc,phases   ] GC(411) Pause Relocate Start 0.013ms
[133.181s][info][gc,phases   ] GC(411) Concurrent Relocate 3.633ms
[133.181s][info][gc,load     ] GC(411) Load: 0.00/0.00/0.00
[133.181s][info][gc,mmu      ] GC(411) MMU: 2ms/83.4%, 5ms/93.4%, 10ms/96.7%, 20ms/97.9%, 50ms/99.2%, 100ms/99.5%
[133.181s][info][gc,marking  ] GC(411) Mark: 2 stripe(s), 2 proactive flush(es), 1 terminate flush(es), 1 completion(s), 0 continuation(s) 
[133.181s][info][gc,marking  ] GC(411) Mark Stack Usage: 32M
[133.181s][info][gc,nmethod  ] GC(411) NMethods: 11342 registered, 9525 unregistered
[133.181s][info][gc,metaspace] GC(411) Metaspace: 156M used, 157M committed, 1216M reserved
[133.181s][info][gc,ref      ] GC(411) Soft: 3268 encountered, 0 discovered, 0 enqueued
[133.181s][info][gc,ref      ] GC(411) Weak: 15654 encountered, 2799 discovered, 583 enqueued
[133.181s][info][gc,ref      ] GC(411) Final: 52 encountered, 0 discovered, 0 enqueued
[133.181s][info][gc,ref      ] GC(411) Phantom: 600 encountered, 382 discovered, 0 enqueued
[133.181s][info][gc,reloc    ] GC(411) Small Pages: 83 / 166M, Empty: 2M, Relocated: 6M, In-Place: 0
[133.181s][info][gc,reloc    ] GC(411) Medium Pages: 6 / 192M, Empty: 32M, Relocated: 0M, In-Place: 0
[133.181s][info][gc,reloc    ] GC(411) Large Pages: 11 / 66M, Empty: 66M, Relocated: 0M, In-Place: 0
[133.181s][info][gc,reloc    ] GC(411) Forwarding Usage: 1M
[133.181s][info][gc,heap     ] GC(411) Min Capacity: 2048M(100%)
[133.181s][info][gc,heap     ] GC(411) Max Capacity: 2048M(100%)
[133.181s][info][gc,heap     ] GC(411) Soft Max Capacity: 2048M(100%)
[133.181s][info][gc,heap     ] GC(411)                Mark Start          Mark End        Relocate Start      Relocate End           High               Low         
[133.181s][info][gc,heap     ] GC(411)  Capacity:     2048M (100%)       2048M (100%)       2048M (100%)       2048M (100%)       2048M (100%)       2048M (100%)   
[133.181s][info][gc,heap     ] GC(411)      Free:     1624M (79%)        1540M (75%)        1612M (79%)        1700M (83%)        1700M (83%)        1514M (74%)    
[133.181s][info][gc,heap     ] GC(411)      Used:      424M (21%)         508M (25%)         436M (21%)         348M (17%)         534M (26%)         348M (17%)    
[133.181s][info][gc,heap     ] GC(411)      Live:         -               194M (9%)          194M (9%)          194M (9%)             -                  -          
[133.181s][info][gc,heap     ] GC(411) Allocated:         -                84M (4%)          112M (5%)          115M (6%)             -                  -          
[133.181s][info][gc,heap     ] GC(411)   Garbage:         -               229M (11%)         129M (6%)           37M (2%)             -                  -          
[133.181s][info][gc,heap     ] GC(411) Reclaimed:         -                  -               100M (5%)          191M (9%)             -                  -          
[133.181s][info][gc          ] GC(411) Garbage Collection (Allocation Rate) 424M(21%)->348M(17%)
[133.204s][info][gc,start    ] GC(412) Garbage Collection (Allocation Rate)
[133.204s][info][gc,task     ] GC(412) Using 2 workers
[133.204s][info][gc,phases   ] GC(412) Pause Mark Start 0.012ms
[133.266s][info][gc,phases   ] GC(412) Concurrent Mark 61.466ms
[133.266s][info][gc,phases   ] GC(412) Pause Mark End 0.031ms
[133.266s][info][gc,phases   ] GC(412) Concurrent Mark Free 0.002ms
[133.279s][info][gc,phases   ] GC(412) Concurrent Process Non-Strong References 12.594ms
[133.279s][info][gc,phases   ] GC(412) Concurrent Reset Relocation Set 0.006ms
[133.281s][info][gc,phases   ] GC(412) Concurrent Select Relocation Set 1.979ms
[133.281s][info][gc,phases   ] GC(412) Pause Relocate Start 0.009ms
[133.283s][info][gc,phases   ] GC(412) Concurrent Relocate 1.759ms
[133.283s][info][gc,load     ] GC(412) Load: 0.00/0.00/0.00
[133.283s][info][gc,mmu      ] GC(412) MMU: 2ms/83.4%, 5ms/93.4%, 10ms/96.7%, 20ms/97.9%, 50ms/99.2%, 100ms/99.5%
[133.283s][info][gc,marking  ] GC(412) Mark: 2 stripe(s), 2 proactive flush(es), 1 terminate flush(es), 0 completion(s), 0 continuation(s) 
[133.283s][info][gc,marking  ] GC(412) Mark Stack Usage: 32M
[133.283s][info][gc,nmethod  ] GC(412) NMethods: 11340 registered, 9527 unregistered
[133.283s][info][gc,metaspace] GC(412) Metaspace: 156M used, 157M committed, 1216M reserved
[133.283s][info][gc,ref      ] GC(412) Soft: 3270 encountered, 0 discovered, 0 enqueued
[133.283s][info][gc,ref      ] GC(412) Weak: 15291 encountered, 1886 discovered, 153 enqueued
[133.283s][info][gc,ref      ] GC(412) Final: 52 encountered, 0 discovered, 0 enqueued
[133.283s][info][gc,ref      ] GC(412) Phantom: 600 encountered, 371 discovered, 0 enqueued
[133.283s][info][gc,reloc    ] GC(412) Small Pages: 67 / 134M, Empty: 0M, Relocated: 3M, In-Place: 0
[133.283s][info][gc,reloc    ] GC(412) Medium Pages: 6 / 192M, Empty: 32M, Relocated: 0M, In-Place: 0
[133.283s][info][gc,reloc    ] GC(412) Large Pages: 4 / 24M, Empty: 24M, Relocated: 0M, In-Place: 0
[133.283s][info][gc,reloc    ] GC(412) Forwarding Usage: 0M
[133.283s][info][gc,heap     ] GC(412) Min Capacity: 2048M(100%)
[133.283s][info][gc,heap     ] GC(412) Max Capacity: 2048M(100%)
[133.283s][info][gc,heap     ] GC(412) Soft Max Capacity: 2048M(100%)
[133.283s][info][gc,heap     ] GC(412)                Mark Start          Mark End        Relocate Start      Relocate End           High               Low         
[133.283s][info][gc,heap     ] GC(412)  Capacity:     2048M (100%)       2048M (100%)       2048M (100%)       2048M (100%)       2048M (100%)       2048M (100%)   
[133.283s][info][gc,heap     ] GC(412)      Free:     1698M (83%)        1614M (79%)        1640M (80%)        1702M (83%)        1702M (83%)        1584M (77%)    
[133.283s][info][gc,heap     ] GC(412)      Used:      350M (17%)         434M (21%)         408M (20%)         346M (17%)         464M (23%)         346M (17%)    
[133.283s][info][gc,heap     ] GC(412)      Live:         -               193M (9%)          193M (9%)          193M (9%)             -                  -          
[133.283s][info][gc,heap     ] GC(412) Allocated:         -                84M (4%)          114M (6%)          113M (6%)             -                  -          
[133.283s][info][gc,heap     ] GC(412)   Garbage:         -               156M (8%)          100M (5%)           38M (2%)             -                  -          
[133.283s][info][gc,heap     ] GC(412) Reclaimed:         -                  -                56M (3%)          117M (6%)             -                  -          
[133.283s][info][gc          ] GC(412) Garbage Collection (Allocation Rate) 350M(17%)->346M(17%)
[133.308s][info][gc,start    ] GC(413) Garbage Collection (Allocation Rate)
[133.308s][info][gc,task     ] GC(413) Using 2 workers
[133.309s][info][gc,phases   ] GC(413) Pause Mark Start 0.011ms
[133.367s][info][gc,phases   ] GC(413) Concurrent Mark 58.172ms
[133.367s][info][gc,phases   ] GC(413) Pause Mark End 0.074ms
[133.367s][info][gc,phases   ] GC(413) Concurrent Mark Free 0.001ms
[133.380s][info][gc,phases   ] GC(413) Concurrent Process Non-Strong References 12.590ms
[133.380s][info][gc,phases   ] GC(413) Concurrent Reset Relocation Set 0.004ms
[133.382s][info][gc,phases   ] GC(413) Concurrent Select Relocation Set 2.144ms
[133.382s][info][gc,phases   ] GC(413) Pause Relocate Start 0.008ms
[133.384s][info][gc,phases   ] GC(413) Concurrent Relocate 1.792ms
[133.384s][info][gc,load     ] GC(413) Load: 0.00/0.00/0.00
[133.384s][info][gc,mmu      ] GC(413) MMU: 2ms/83.4%, 5ms/93.4%, 10ms/96.7%, 20ms/97.9%, 50ms/99.2%, 100ms/99.5%
[133.384s][info][gc,marking  ] GC(413) Mark: 2 stripe(s), 3 proactive flush(es), 1 terminate flush(es), 1 completion(s), 0 continuation(s) 
[133.384s][info][gc,marking  ] GC(413) Mark Stack Usage: 32M
[133.384s][info][gc,nmethod  ] GC(413) NMethods: 11344 registered, 9527 unregistered
[133.384s][info][gc,metaspace] GC(413) Metaspace: 156M used, 157M committed, 1216M reserved
[133.384s][info][gc,ref      ] GC(413) Soft: 3270 encountered, 0 discovered, 0 enqueued
[133.384s][info][gc,ref      ] GC(413) Weak: 15432 encountered, 2220 discovered, 293 enqueued
[133.384s][info][gc,ref      ] GC(413) Final: 52 encountered, 0 discovered, 0 enqueued
[133.384s][info][gc,ref      ] GC(413) Phantom: 600 encountered, 372 discovered, 0 enqueued
[133.384s][info][gc,reloc    ] GC(413) Small Pages: 66 / 132M, Empty: 2M, Relocated: 3M, In-Place: 0
[133.384s][info][gc,reloc    ] GC(413) Medium Pages: 6 / 192M, Empty: 32M, Relocated: 0M, In-Place: 0
[133.384s][info][gc,reloc    ] GC(413) Large Pages: 6 / 36M, Empty: 36M, Relocated: 0M, In-Place: 0
[133.384s][info][gc,reloc    ] GC(413) Forwarding Usage: 1M
[133.384s][info][gc,heap     ] GC(413) Min Capacity: 2048M(100%)
[133.384s][info][gc,heap     ] GC(413) Max Capacity: 2048M(100%)
[133.384s][info][gc,heap     ] GC(413) Soft Max Capacity: 2048M(100%)
[133.384s][info][gc,heap     ] GC(413)                Mark Start          Mark End        Relocate Start      Relocate End           High               Low         
[133.384s][info][gc,heap     ] GC(413)  Capacity:     2048M (100%)       2048M (100%)       2048M (100%)       2048M (100%)       2048M (100%)       2048M (100%)   
[133.384s][info][gc,heap     ] GC(413)      Free:     1688M (82%)        1608M (79%)        1658M (81%)        1714M (84%)        1714M (84%)        1590M (78%)    
[133.384s][info][gc,heap     ] GC(413)      Used:      360M (18%)         440M (21%)         390M (19%)         334M (16%)         458M (22%)         334M (16%)    
[133.384s][info][gc,heap     ] GC(413)      Live:         -               193M (9%)          193M (9%)          193M (9%)             -                  -          
[133.384s][info][gc,heap     ] GC(413) Allocated:         -                80M (4%)          100M (5%)          101M (5%)             -                  -          
[133.384s][info][gc,heap     ] GC(413)   Garbage:         -               166M (8%)           96M (5%)           38M (2%)             -                  -          
[133.384s][info][gc,heap     ] GC(413) Reclaimed:         -                  -                70M (3%)          127M (6%)             -                  -          
[133.384s][info][gc          ] GC(413) Garbage Collection (Allocation Rate) 360M(18%)->334M(16%)
[134.011s][info][gc,start    ] GC(414) Garbage Collection (Allocation Rate)
[134.011s][info][gc,task     ] GC(414) Using 2 workers
[134.011s][info][gc,phases   ] GC(414) Pause Mark Start 0.012ms
[134.075s][info][gc,phases   ] GC(414) Concurrent Mark 63.866ms
[134.075s][info][gc,phases   ] GC(414) Pause Mark End 0.071ms
[134.075s][info][gc,phases   ] GC(414) Concurrent Mark Free 0.001ms
[134.088s][info][gc,phases   ] GC(414) Concurrent Process Non-Strong References 12.847ms
[134.088s][info][gc,phases   ] GC(414) Concurrent Reset Relocation Set 0.003ms
[134.090s][info][gc,phases   ] GC(414) Concurrent Select Relocation Set 2.094ms
[134.091s][info][gc,phases   ] GC(414) Pause Relocate Start 0.008ms
[134.092s][info][gc,phases   ] GC(414) Concurrent Relocate 1.141ms
[134.092s][info][gc,load     ] GC(414) Load: 0.00/0.00/0.00
[134.092s][info][gc,mmu      ] GC(414) MMU: 2ms/83.4%, 5ms/93.4%, 10ms/96.7%, 20ms/97.9%, 50ms/99.2%, 100ms/99.5%
[134.092s][info][gc,marking  ] GC(414) Mark: 2 stripe(s), 3 proactive flush(es), 1 terminate flush(es), 1 completion(s), 0 continuation(s) 
[134.092s][info][gc,marking  ] GC(414) Mark Stack Usage: 32M
[134.092s][info][gc,nmethod  ] GC(414) NMethods: 11343 registered, 9532 unregistered
[134.092s][info][gc,metaspace] GC(414) Metaspace: 156M used, 157M committed, 1216M reserved
[134.092s][info][gc,ref      ] GC(414) Soft: 3270 encountered, 0 discovered, 0 enqueued
[134.092s][info][gc,ref      ] GC(414) Weak: 17048 encountered, 4045 discovered, 1889 enqueued
[134.092s][info][gc,ref      ] GC(414) Final: 52 encountered, 0 discovered, 0 enqueued
[134.092s][info][gc,ref      ] GC(414) Phantom: 600 encountered, 361 discovered, 0 enqueued
[134.092s][info][gc,reloc    ] GC(414) Small Pages: 193 / 386M, Empty: 2M, Relocated: 3M, In-Place: 0
[134.092s][info][gc,reloc    ] GC(414) Medium Pages: 9 / 288M, Empty: 128M, Relocated: 0M, In-Place: 0
[134.092s][info][gc,reloc    ] GC(414) Large Pages: 39 / 234M, Empty: 234M, Relocated: 0M, In-Place: 0
[134.092s][info][gc,reloc    ] GC(414) Forwarding Usage: 0M
[134.092s][info][gc,heap     ] GC(414) Min Capacity: 2048M(100%)
[134.092s][info][gc,heap     ] GC(414) Max Capacity: 2048M(100%)
[134.092s][info][gc,heap     ] GC(414) Soft Max Capacity: 2048M(100%)
[134.092s][info][gc,heap     ] GC(414)                Mark Start          Mark End        Relocate Start      Relocate End           High               Low         
[134.092s][info][gc,heap     ] GC(414)  Capacity:     2048M (100%)       2048M (100%)       2048M (100%)       2048M (100%)       2048M (100%)       2048M (100%)   
[134.092s][info][gc,heap     ] GC(414)      Free:     1140M (56%)        1060M (52%)        1412M (69%)        1720M (84%)        1720M (84%)        1050M (51%)    
[134.092s][info][gc,heap     ] GC(414)      Used:      908M (44%)         988M (48%)         636M (31%)         328M (16%)         998M (49%)         328M (16%)    
[134.092s][info][gc,heap     ] GC(414)      Live:         -               196M (10%)         196M (10%)         196M (10%)            -                  -          
[134.092s][info][gc,heap     ] GC(414) Allocated:         -                80M (4%)           92M (4%)           91M (4%)             -                  -          
[134.092s][info][gc,heap     ] GC(414)   Garbage:         -               711M (35%)         347M (17%)          39M (2%)             -                  -          
[134.092s][info][gc,heap     ] GC(414) Reclaimed:         -                  -               364M (18%)         671M (33%)            -                  -          
[134.092s][info][gc          ] GC(414) Garbage Collection (Allocation Rate) 908M(44%)->328M(16%)
[134.146s][info][gc,start    ] GC(415) Garbage Collection (System.gc())
[134.146s][info][gc,task     ] GC(415) Using 2 workers
[134.146s][info][gc,phases   ] GC(415) Pause Mark Start 0.012ms
[134.202s][info][gc,phases   ] GC(415) Concurrent Mark 55.832ms
[134.202s][info][gc,phases   ] GC(415) Pause Mark End 0.030ms
[134.203s][info][gc,phases   ] GC(415) Concurrent Mark Free 0.003ms
[134.216s][info][gc,phases   ] GC(415) Concurrent Process Non-Strong References 13.567ms
[134.216s][info][gc,phases   ] GC(415) Concurrent Reset Relocation Set 0.008ms
[134.218s][info][gc,phases   ] GC(415) Concurrent Select Relocation Set 1.788ms
[134.218s][info][gc,phases   ] GC(415) Pause Relocate Start 0.008ms
[134.222s][info][gc,phases   ] GC(415) Concurrent Relocate 4.043ms
[134.222s][info][gc,load     ] GC(415) Load: 0.00/0.00/0.00
[134.222s][info][gc,mmu      ] GC(415) MMU: 2ms/83.4%, 5ms/93.4%, 10ms/96.7%, 20ms/97.9%, 50ms/99.2%, 100ms/99.5%
[134.222s][info][gc,marking  ] GC(415) Mark: 2 stripe(s), 1 proactive flush(es), 1 terminate flush(es), 0 completion(s), 0 continuation(s) 
[134.222s][info][gc,marking  ] GC(415) Mark Stack Usage: 32M
[134.222s][info][gc,nmethod  ] GC(415) NMethods: 11361 registered, 9536 unregistered
[134.222s][info][gc,metaspace] GC(415) Metaspace: 156M used, 157M committed, 1216M reserved
[134.222s][info][gc,ref      ] GC(415) Soft: 3486 encountered, 0 discovered, 0 enqueued
[134.222s][info][gc,ref      ] GC(415) Weak: 15683 encountered, 3877 discovered, 553 enqueued
[134.222s][info][gc,ref      ] GC(415) Final: 52 encountered, 0 discovered, 0 enqueued
[134.222s][info][gc,ref      ] GC(415) Phantom: 600 encountered, 382 discovered, 0 enqueued
[134.222s][info][gc,reloc    ] GC(415) Small Pages: 87 / 174M, Empty: 2M, Relocated: 4M, In-Place: 0
[134.222s][info][gc,reloc    ] GC(415) Medium Pages: 6 / 192M, Empty: 64M, Relocated: 12M, In-Place: 0
[134.222s][info][gc,reloc    ] GC(415) Large Pages: 3 / 18M, Empty: 18M, Relocated: 0M, In-Place: 0
[134.222s][info][gc,reloc    ] GC(415) Forwarding Usage: 1M
[134.222s][info][gc,heap     ] GC(415) Min Capacity: 2048M(100%)
[134.222s][info][gc,heap     ] GC(415) Max Capacity: 2048M(100%)
[134.222s][info][gc,heap     ] GC(415) Soft Max Capacity: 2048M(100%)
[134.222s][info][gc,heap     ] GC(415)                Mark Start          Mark End        Relocate Start      Relocate End           High               Low         
[134.222s][info][gc,heap     ] GC(415)  Capacity:     2048M (100%)       2048M (100%)       2048M (100%)       2048M (100%)       2048M (100%)       2048M (100%)   
[134.222s][info][gc,heap     ] GC(415)      Free:     1664M (81%)        1664M (81%)        1736M (85%)        1862M (91%)        1864M (91%)        1654M (81%)    
[134.222s][info][gc,heap     ] GC(415)      Used:      384M (19%)         384M (19%)         312M (15%)         186M (9%)          394M (19%)         184M (9%)     
[134.222s][info][gc,heap     ] GC(415)      Live:         -               131M (6%)          131M (6%)          131M (6%)             -                  -          
[134.222s][info][gc,heap     ] GC(415) Allocated:         -                 0M (0%)           12M (1%)           17M (1%)             -                  -          
[134.223s][info][gc,heap     ] GC(415)   Garbage:         -               252M (12%)         168M (8%)           37M (2%)             -                  -          
[134.223s][info][gc,heap     ] GC(415) Reclaimed:         -                  -                84M (4%)          215M (11%)            -                  -          
[134.223s][info][gc          ] GC(415) Garbage Collection (System.gc()) 384M(19%)->186M(9%)
[134.514s][info][gc,start    ] GC(416) Garbage Collection (Allocation Rate)
[134.515s][info][gc,task     ] GC(416) Using 2 workers
[134.515s][info][gc,phases   ] GC(416) Pause Mark Start 0.012ms
[134.593s][info][gc,phases   ] GC(416) Concurrent Mark 78.114ms
[134.593s][info][gc,phases   ] GC(416) Pause Mark End 0.032ms
[134.593s][info][gc,phases   ] GC(416) Concurrent Mark Free 0.003ms
[134.621s][info][gc,phases   ] GC(416) Concurrent Process Non-Strong References 27.918ms
[134.621s][info][gc,phases   ] GC(416) Concurrent Reset Relocation Set 0.005ms
[134.621s][info][gc          ] Allocation Stall (Executor task launch worker for task 1.0 in stage 2901.0 (TID 11607)) 45.607ms
[134.621s][info][gc          ] Allocation Stall (dispatcher-BlockManagerMaster) 0.129ms
[134.621s][info][gc          ] Allocation Stall (netty-rpc-env-timeout) 0.123ms
[134.621s][info][gc          ] Allocation Stall (Executor task launch worker for task 4.0 in stage 2901.0 (TID 11610)) 45.631ms
[134.621s][info][gc          ] Allocation Stall (Executor task launch worker for task 3.0 in stage 2901.0 (TID 11609)) 46.319ms
[134.621s][info][gc          ] Allocation Stall (Executor task launch worker for task 0.0 in stage 2901.0 (TID 11606)) 46.626ms
[134.621s][info][gc          ] Allocation Stall (Executor task launch worker for task 2.0 in stage 2901.0 (TID 11608)) 47.821ms
[134.625s][info][gc,phases   ] GC(416) Concurrent Select Relocation Set 3.928ms
[134.626s][info][gc,phases   ] GC(416) Pause Relocate Start 0.018ms
[134.651s][info][gc,phases   ] GC(416) Concurrent Relocate 25.743ms
[134.652s][info][gc,load     ] GC(416) Load: 0.00/0.00/0.00
[134.652s][info][gc,mmu      ] GC(416) MMU: 2ms/83.4%, 5ms/93.4%, 10ms/96.7%, 20ms/97.9%, 50ms/99.2%, 100ms/99.5%
[134.652s][info][gc,marking  ] GC(416) Mark: 2 stripe(s), 2 proactive flush(es), 1 terminate flush(es), 0 completion(s), 0 continuation(s) 
[134.652s][info][gc,marking  ] GC(416) Mark Stack Usage: 32M
[134.652s][info][gc,nmethod  ] GC(416) NMethods: 11425 registered, 9540 unregistered
[134.652s][info][gc,metaspace] GC(416) Metaspace: 156M used, 157M committed, 1216M reserved
[134.652s][info][gc,ref      ] GC(416) Soft: 3550 encountered, 0 discovered, 0 enqueued
[134.652s][info][gc,ref      ] GC(416) Weak: 15495 encountered, 2514 discovered, 225 enqueued
[134.652s][info][gc,ref      ] GC(416) Final: 52 encountered, 0 discovered, 0 enqueued
[134.652s][info][gc,ref      ] GC(416) Phantom: 600 encountered, 372 discovered, 0 enqueued
[134.652s][info][gc,reloc    ] GC(416) Small Pages: 746 / 1492M, Empty: 1124M, Relocated: 6M, In-Place: 0
[134.652s][info][gc,reloc    ] GC(416) Medium Pages: 8 / 256M, Empty: 0M, Relocated: 52M, In-Place: 0
[134.652s][info][gc,reloc    ] GC(416) Large Pages: 6 / 36M, Empty: 36M, Relocated: 0M, In-Place: 0
[134.652s][info][gc,reloc    ] GC(416) Forwarding Usage: 0M
[134.652s][info][gc,heap     ] GC(416) Min Capacity: 2048M(100%)
[134.652s][info][gc,heap     ] GC(416) Max Capacity: 2048M(100%)
[134.652s][info][gc,heap     ] GC(416) Soft Max Capacity: 2048M(100%)
[134.652s][info][gc,heap     ] GC(416)                Mark Start          Mark End        Relocate Start      Relocate End           High               Low         
[134.652s][info][gc,heap     ] GC(416)  Capacity:     2048M (100%)       2048M (100%)       2048M (100%)       2048M (100%)       2048M (100%)       2048M (100%)   
[134.652s][info][gc,heap     ] GC(416)      Free:      264M (13%)           0M (0%)         1136M (55%)        1414M (69%)        1416M (69%)           0M (0%)     
[134.652s][info][gc,heap     ] GC(416)      Used:     1784M (87%)        2048M (100%)        912M (45%)         634M (31%)        2048M (100%)        632M (31%)    
[134.652s][info][gc,heap     ] GC(416)      Live:         -               175M (9%)          175M (9%)          175M (9%)             -                  -          
[134.652s][info][gc,heap     ] GC(416) Allocated:         -               264M (13%)         288M (14%)         414M (20%)            -                  -          
[134.652s][info][gc,heap     ] GC(416)   Garbage:         -              1608M (79%)         448M (22%)          43M (2%)             -                  -          
[134.652s][info][gc,heap     ] GC(416) Reclaimed:         -                  -              1160M (57%)        1564M (76%)            -                  -          
[134.652s][info][gc          ] GC(416) Garbage Collection (Allocation Rate) 1784M(87%)->634M(31%)
[134.703s][info][gc,start    ] GC(417) Garbage Collection (Allocation Stall)
[134.703s][info][gc,ref      ] GC(417) Clearing All SoftReferences
[134.703s][info][gc,task     ] GC(417) Using 2 workers
[134.703s][info][gc,ref      ] GC(417) Clearing All SoftReferences
[134.703s][info][gc,phases   ] GC(417) Pause Mark Start 0.066ms
[134.756s][info][gc,phases   ] GC(417) Concurrent Mark 52.561ms
[134.756s][info][gc,phases   ] GC(417) Pause Mark End 0.029ms
[134.756s][info][gc,phases   ] GC(417) Concurrent Mark Free 0.001ms
[134.787s][info][gc,phases   ] GC(417) Concurrent Process Non-Strong References 31.398ms
[134.787s][info][gc,phases   ] GC(417) Concurrent Reset Relocation Set 0.012ms
[134.790s][info][gc,phases   ] GC(417) Concurrent Select Relocation Set 2.581ms
[134.790s][info][gc,phases   ] GC(417) Pause Relocate Start 0.012ms
[134.807s][info][gc,phases   ] GC(417) Concurrent Relocate 16.569ms
[134.807s][info][gc,load     ] GC(417) Load: 0.00/0.00/0.00
[134.807s][info][gc,mmu      ] GC(417) MMU: 2ms/83.4%, 5ms/93.4%, 10ms/96.7%, 20ms/97.9%, 50ms/99.2%, 100ms/99.5%
[134.807s][info][gc,marking  ] GC(417) Mark: 2 stripe(s), 2 proactive flush(es), 1 terminate flush(es), 0 completion(s), 0 continuation(s) 
[134.807s][info][gc,marking  ] GC(417) Mark Stack Usage: 32M
[134.807s][info][gc,nmethod  ] GC(417) NMethods: 11429 registered, 9540 unregistered
[134.807s][info][gc,metaspace] GC(417) Metaspace: 156M used, 157M committed, 1216M reserved
[134.807s][info][gc,ref      ] GC(417) Soft: 3484 encountered, 3104 discovered, 224 enqueued
[134.807s][info][gc,ref      ] GC(417) Weak: 15299 encountered, 2505 discovered, 196 enqueued
[134.807s][info][gc,ref      ] GC(417) Final: 52 encountered, 0 discovered, 0 enqueued
[134.807s][info][gc,ref      ] GC(417) Phantom: 600 encountered, 369 discovered, 0 enqueued
[134.807s][info][gc,reloc    ] GC(417) Small Pages: 233 / 466M, Empty: 256M, Relocated: 5M, In-Place: 0
[134.807s][info][gc,reloc    ] GC(417) Medium Pages: 8 / 256M, Empty: 0M, Relocated: 45M, In-Place: 0
[134.807s][info][gc,reloc    ] GC(417) Large Pages: 2 / 12M, Empty: 12M, Relocated: 0M, In-Place: 0
[134.807s][info][gc,reloc    ] GC(417) Forwarding Usage: 1M
[134.807s][info][gc,heap     ] GC(417) Min Capacity: 2048M(100%)
[134.807s][info][gc,heap     ] GC(417) Max Capacity: 2048M(100%)
[134.807s][info][gc,heap     ] GC(417) Soft Max Capacity: 2048M(100%)
[134.807s][info][gc,heap     ] GC(417)                Mark Start          Mark End        Relocate Start      Relocate End           High               Low         
[134.807s][info][gc,heap     ] GC(417)  Capacity:     2048M (100%)       2048M (100%)       2048M (100%)       2048M (100%)       2048M (100%)       2048M (100%)   
[134.807s][info][gc,heap     ] GC(417)      Free:     1314M (64%)        1246M (61%)        1476M (72%)        1700M (83%)        1700M (83%)        1214M (59%)    
[134.807s][info][gc,heap     ] GC(417)      Used:      734M (36%)         802M (39%)         572M (28%)         348M (17%)         834M (41%)         348M (17%)    
[134.807s][info][gc,heap     ] GC(417)      Live:         -               192M (9%)          192M (9%)          192M (9%)             -                  -          
[134.807s][info][gc,heap     ] GC(417) Allocated:         -                68M (3%)          106M (5%)          117M (6%)             -                  -          
[134.807s][info][gc,heap     ] GC(417)   Garbage:         -               541M (26%)         273M (13%)          37M (2%)             -                  -          
[134.807s][info][gc,heap     ] GC(417) Reclaimed:         -                  -               268M (13%)         503M (25%)            -                  -          
[134.807s][info][gc          ] GC(417) Garbage Collection (Allocation Stall) 734M(36%)->348M(17%)
[134.910s][info][gc,start    ] GC(418) Garbage Collection (Allocation Rate)
[134.910s][info][gc,task     ] GC(418) Using 2 workers
[134.910s][info][gc,phases   ] GC(418) Pause Mark Start 0.009ms
[134.958s][info][gc,phases   ] GC(418) Concurrent Mark 47.840ms
[134.958s][info][gc,phases   ] GC(418) Pause Mark End 0.025ms
[134.958s][info][gc,phases   ] GC(418) Concurrent Mark Free 0.001ms
[134.987s][info][gc,phases   ] GC(418) Concurrent Process Non-Strong References 28.995ms
[134.987s][info][gc,phases   ] GC(418) Concurrent Reset Relocation Set 0.006ms
[134.990s][info][gc,phases   ] GC(418) Concurrent Select Relocation Set 2.521ms
[134.990s][info][gc,phases   ] GC(418) Pause Relocate Start 0.015ms
[134.991s][info][gc,phases   ] GC(418) Concurrent Relocate 0.663ms
[134.991s][info][gc,load     ] GC(418) Load: 0.00/0.00/0.00
[134.991s][info][gc,mmu      ] GC(418) MMU: 2ms/83.4%, 5ms/93.4%, 10ms/96.7%, 20ms/97.9%, 50ms/99.2%, 100ms/99.5%
[134.991s][info][gc,marking  ] GC(418) Mark: 2 stripe(s), 2 proactive flush(es), 1 terminate flush(es), 0 completion(s), 0 continuation(s) 
[134.991s][info][gc,marking  ] GC(418) Mark Stack Usage: 32M
[134.991s][info][gc,nmethod  ] GC(418) NMethods: 11432 registered, 9542 unregistered
[134.991s][info][gc,metaspace] GC(418) Metaspace: 156M used, 157M committed, 1216M reserved
[134.991s][info][gc,ref      ] GC(418) Soft: 3275 encountered, 0 discovered, 0 enqueued
[134.991s][info][gc,ref      ] GC(418) Weak: 15581 encountered, 3611 discovered, 444 enqueued
[134.991s][info][gc,ref      ] GC(418) Final: 52 encountered, 0 discovered, 0 enqueued
[134.991s][info][gc,ref      ] GC(418) Phantom: 600 encountered, 490 discovered, 0 enqueued
[134.991s][info][gc,reloc    ] GC(418) Small Pages: 83 / 166M, Empty: 0M, Relocated: 1M, In-Place: 0
[134.991s][info][gc,reloc    ] GC(418) Medium Pages: 7 / 224M, Empty: 64M, Relocated: 0M, In-Place: 0
[134.991s][info][gc,reloc    ] GC(418) Large Pages: 11 / 66M, Empty: 66M, Relocated: 0M, In-Place: 0
[134.991s][info][gc,reloc    ] GC(418) Forwarding Usage: 0M
[134.991s][info][gc,heap     ] GC(418) Min Capacity: 2048M(100%)
[134.991s][info][gc,heap     ] GC(418) Max Capacity: 2048M(100%)
[134.991s][info][gc,heap     ] GC(418) Soft Max Capacity: 2048M(100%)
[134.991s][info][gc,heap     ] GC(418)                Mark Start          Mark End        Relocate Start      Relocate End           High               Low         
[134.991s][info][gc,heap     ] GC(418)  Capacity:     2048M (100%)       2048M (100%)       2048M (100%)       2048M (100%)       2048M (100%)       2048M (100%)   
[134.991s][info][gc,heap     ] GC(418)      Free:     1592M (78%)        1518M (74%)        1622M (79%)        1710M (83%)        1710M (83%)        1494M (73%)    
[134.991s][info][gc,heap     ] GC(418)      Used:      456M (22%)         530M (26%)         426M (21%)         338M (17%)         554M (27%)         338M (17%)    
[134.991s][info][gc,heap     ] GC(418)      Live:         -               193M (9%)          193M (9%)          193M (9%)             -                  -          
[134.991s][info][gc,heap     ] GC(418) Allocated:         -                74M (4%)          100M (5%)          103M (5%)             -                  -          
[134.991s][info][gc,heap     ] GC(418)   Garbage:         -               262M (13%)         132M (6%)           40M (2%)             -                  -          
[134.991s][info][gc,heap     ] GC(418) Reclaimed:         -                  -               130M (6%)          221M (11%)            -                  -          
[134.991s][info][gc          ] GC(418) Garbage Collection (Allocation Rate) 456M(22%)->338M(17%)
[135.005s][info][gc,start    ] GC(419) Garbage Collection (Allocation Rate)
[135.005s][info][gc,task     ] GC(419) Using 2 workers
[135.005s][info][gc,phases   ] GC(419) Pause Mark Start 0.012ms
[135.067s][info][gc,phases   ] GC(419) Concurrent Mark 62.332ms
[135.068s][info][gc,phases   ] GC(419) Pause Mark End 0.056ms
[135.068s][info][gc,phases   ] GC(419) Concurrent Mark Free 0.001ms
[135.082s][info][gc,phases   ] GC(419) Concurrent Process Non-Strong References 14.431ms
[135.082s][info][gc,phases   ] GC(419) Concurrent Reset Relocation Set 0.003ms
[135.085s][info][gc,phases   ] GC(419) Concurrent Select Relocation Set 3.207ms
[135.086s][info][gc,phases   ] GC(419) Pause Relocate Start 0.009ms
[135.089s][info][gc,phases   ] GC(419) Concurrent Relocate 2.905ms
[135.089s][info][gc,load     ] GC(419) Load: 0.00/0.00/0.00
[135.089s][info][gc,mmu      ] GC(419) MMU: 2ms/83.4%, 5ms/93.4%, 10ms/96.7%, 20ms/97.9%, 50ms/99.2%, 100ms/99.5%
[135.089s][info][gc,marking  ] GC(419) Mark: 2 stripe(s), 2 proactive flush(es), 1 terminate flush(es), 1 completion(s), 0 continuation(s) 
[135.089s][info][gc,marking  ] GC(419) Mark Stack Usage: 32M
[135.089s][info][gc,nmethod  ] GC(419) NMethods: 11431 registered, 9543 unregistered
[135.089s][info][gc,metaspace] GC(419) Metaspace: 156M used, 157M committed, 1216M reserved
[135.089s][info][gc,ref      ] GC(419) Soft: 3273 encountered, 0 discovered, 0 enqueued
[135.089s][info][gc,ref      ] GC(419) Weak: 15354 encountered, 3402 discovered, 296 enqueued
[135.089s][info][gc,ref      ] GC(419) Final: 52 encountered, 0 discovered, 0 enqueued
[135.089s][info][gc,ref      ] GC(419) Phantom: 600 encountered, 372 discovered, 0 enqueued
[135.089s][info][gc,reloc    ] GC(419) Small Pages: 69 / 138M, Empty: 2M, Relocated: 5M, In-Place: 0
[135.089s][info][gc,reloc    ] GC(419) Medium Pages: 6 / 192M, Empty: 32M, Relocated: 0M, In-Place: 0
[135.089s][info][gc,reloc    ] GC(419) Large Pages: 5 / 30M, Empty: 30M, Relocated: 0M, In-Place: 0
[135.089s][info][gc,reloc    ] GC(419) Forwarding Usage: 1M
[135.089s][info][gc,heap     ] GC(419) Min Capacity: 2048M(100%)
[135.089s][info][gc,heap     ] GC(419) Max Capacity: 2048M(100%)
[135.089s][info][gc,heap     ] GC(419) Soft Max Capacity: 2048M(100%)
[135.089s][info][gc,heap     ] GC(419)                Mark Start          Mark End        Relocate Start      Relocate End           High               Low         
[135.089s][info][gc,heap     ] GC(419)  Capacity:     2048M (100%)       2048M (100%)       2048M (100%)       2048M (100%)       2048M (100%)       2048M (100%)   
[135.089s][info][gc,heap     ] GC(419)      Free:     1688M (82%)        1598M (78%)        1642M (80%)        1706M (83%)        1706M (83%)        1582M (77%)    
[135.089s][info][gc,heap     ] GC(419)      Used:      360M (18%)         450M (22%)         406M (20%)         342M (17%)         466M (23%)         342M (17%)    
[135.089s][info][gc,heap     ] GC(419)      Live:         -               193M (9%)          193M (9%)          193M (9%)             -                  -          
[135.089s][info][gc,heap     ] GC(419) Allocated:         -                90M (4%)          110M (5%)          110M (5%)             -                  -          
[135.089s][info][gc,heap     ] GC(419)   Garbage:         -               166M (8%)          102M (5%)           38M (2%)             -                  -          
[135.089s][info][gc,heap     ] GC(419) Reclaimed:         -                  -                64M (3%)          128M (6%)             -                  -          
[135.089s][info][gc          ] GC(419) Garbage Collection (Allocation Rate) 360M(18%)->342M(17%)
[135.703s][info][gc,start    ] GC(420) Garbage Collection (Allocation Rate)
[135.703s][info][gc,task     ] GC(420) Using 2 workers
[135.703s][info][gc,phases   ] GC(420) Pause Mark Start 0.008ms
[135.763s][info][gc,phases   ] GC(420) Concurrent Mark 60.117ms
[135.763s][info][gc,phases   ] GC(420) Pause Mark End 0.073ms
[135.763s][info][gc,phases   ] GC(420) Concurrent Mark Free 0.002ms
[135.778s][info][gc,phases   ] GC(420) Concurrent Process Non-Strong References 14.597ms
[135.778s][info][gc,phases   ] GC(420) Concurrent Reset Relocation Set 0.003ms
[135.780s][info][gc,phases   ] GC(420) Concurrent Select Relocation Set 2.312ms
[135.780s][info][gc,phases   ] GC(420) Pause Relocate Start 0.009ms
[135.782s][info][gc,phases   ] GC(420) Concurrent Relocate 1.149ms
[135.782s][info][gc,load     ] GC(420) Load: 0.00/0.00/0.00
[135.782s][info][gc,mmu      ] GC(420) MMU: 2ms/83.4%, 5ms/93.4%, 10ms/96.7%, 20ms/97.9%, 50ms/99.2%, 100ms/99.5%
[135.782s][info][gc,marking  ] GC(420) Mark: 2 stripe(s), 2 proactive flush(es), 1 terminate flush(es), 1 completion(s), 0 continuation(s) 
[135.782s][info][gc,marking  ] GC(420) Mark Stack Usage: 32M
[135.782s][info][gc,nmethod  ] GC(420) NMethods: 11435 registered, 9544 unregistered
[135.782s][info][gc,metaspace] GC(420) Metaspace: 156M used, 157M committed, 1216M reserved
[135.782s][info][gc,ref      ] GC(420) Soft: 3277 encountered, 0 discovered, 0 enqueued
[135.782s][info][gc,ref      ] GC(420) Weak: 16978 encountered, 3426 discovered, 1894 enqueued
[135.782s][info][gc,ref      ] GC(420) Final: 52 encountered, 0 discovered, 0 enqueued
[135.782s][info][gc,ref      ] GC(420) Phantom: 600 encountered, 364 discovered, 0 enqueued
[135.782s][info][gc,reloc    ] GC(420) Small Pages: 192 / 384M, Empty: 4M, Relocated: 3M, In-Place: 0
[135.782s][info][gc,reloc    ] GC(420) Medium Pages: 9 / 288M, Empty: 128M, Relocated: 0M, In-Place: 0
[135.782s][info][gc,reloc    ] GC(420) Large Pages: 39 / 234M, Empty: 234M, Relocated: 0M, In-Place: 0
[135.782s][info][gc,reloc    ] GC(420) Forwarding Usage: 0M
[135.782s][info][gc,heap     ] GC(420) Min Capacity: 2048M(100%)
[135.782s][info][gc,heap     ] GC(420) Max Capacity: 2048M(100%)
[135.782s][info][gc,heap     ] GC(420) Soft Max Capacity: 2048M(100%)
[135.782s][info][gc,heap     ] GC(420)                Mark Start          Mark End        Relocate Start      Relocate End           High               Low         
[135.782s][info][gc,heap     ] GC(420)  Capacity:     2048M (100%)       2048M (100%)       2048M (100%)       2048M (100%)       2048M (100%)       2048M (100%)   
[135.782s][info][gc,heap     ] GC(420)      Free:     1142M (56%)        1068M (52%)        1410M (69%)        1714M (84%)        1714M (84%)        1036M (51%)    
[135.782s][info][gc,heap     ] GC(420)      Used:      906M (44%)         980M (48%)         638M (31%)         334M (16%)        1012M (49%)         334M (16%)    
[135.782s][info][gc,heap     ] GC(420)      Live:         -               195M (10%)         195M (10%)         195M (10%)            -                  -          
[135.782s][info][gc,heap     ] GC(420) Allocated:         -                74M (4%)           98M (5%)           99M (5%)             -                  -          
[135.782s][info][gc,heap     ] GC(420)   Garbage:         -               710M (35%)         344M (17%)          38M (2%)             -                  -          
[135.782s][info][gc,heap     ] GC(420) Reclaimed:         -                  -               366M (18%)         671M (33%)            -                  -          
[135.782s][info][gc          ] GC(420) Garbage Collection (Allocation Rate) 906M(44%)->334M(16%)
[135.919s][info][gc,start    ] GC(421) Garbage Collection (System.gc())
[135.919s][info][gc,task     ] GC(421) Using 2 workers
[135.919s][info][gc,phases   ] GC(421) Pause Mark Start 0.008ms
[135.977s][info][gc,phases   ] GC(421) Concurrent Mark 57.888ms
[135.978s][info][gc,phases   ] GC(421) Pause Mark End 0.054ms
[135.978s][info][gc,phases   ] GC(421) Concurrent Mark Free 0.003ms
[135.991s][info][gc,phases   ] GC(421) Concurrent Process Non-Strong References 13.156ms
[135.991s][info][gc,phases   ] GC(421) Concurrent Reset Relocation Set 0.008ms
[135.993s][info][gc,phases   ] GC(421) Concurrent Select Relocation Set 1.804ms
[135.993s][info][gc,phases   ] GC(421) Pause Relocate Start 0.008ms
[135.997s][info][gc,phases   ] GC(421) Concurrent Relocate 3.888ms
[135.997s][info][gc,load     ] GC(421) Load: 0.00/0.00/0.00
[135.997s][info][gc,mmu      ] GC(421) MMU: 2ms/83.4%, 5ms/93.4%, 10ms/96.7%, 20ms/97.9%, 50ms/99.2%, 100ms/99.5%
[135.997s][info][gc,marking  ] GC(421) Mark: 2 stripe(s), 2 proactive flush(es), 1 terminate flush(es), 0 completion(s), 0 continuation(s) 
[135.997s][info][gc,marking  ] GC(421) Mark Stack Usage: 32M
[135.997s][info][gc,nmethod  ] GC(421) NMethods: 11557 registered, 9548 unregistered
[135.997s][info][gc,metaspace] GC(421) Metaspace: 156M used, 157M committed, 1216M reserved
[135.997s][info][gc,ref      ] GC(421) Soft: 3491 encountered, 0 discovered, 0 enqueued
[135.997s][info][gc,ref      ] GC(421) Weak: 15832 encountered, 3426 discovered, 698 enqueued
[135.997s][info][gc,ref      ] GC(421) Final: 52 encountered, 0 discovered, 0 enqueued
[135.997s][info][gc,ref      ] GC(421) Phantom: 600 encountered, 368 discovered, 0 enqueued
[135.997s][info][gc,reloc    ] GC(421) Small Pages: 101 / 202M, Empty: 4M, Relocated: 2M, In-Place: 0
[135.997s][info][gc,reloc    ] GC(421) Medium Pages: 6 / 192M, Empty: 64M, Relocated: 12M, In-Place: 0
[135.997s][info][gc,reloc    ] GC(421) Large Pages: 7 / 42M, Empty: 42M, Relocated: 0M, In-Place: 0
[135.997s][info][gc,reloc    ] GC(421) Forwarding Usage: 1M
[135.997s][info][gc,heap     ] GC(421) Min Capacity: 2048M(100%)
[135.997s][info][gc,heap     ] GC(421) Max Capacity: 2048M(100%)
[135.997s][info][gc,heap     ] GC(421) Soft Max Capacity: 2048M(100%)
[135.997s][info][gc,heap     ] GC(421)                Mark Start          Mark End        Relocate Start      Relocate End           High               Low         
[135.997s][info][gc,heap     ] GC(421)  Capacity:     2048M (100%)       2048M (100%)       2048M (100%)       2048M (100%)       2048M (100%)       2048M (100%)   
[135.997s][info][gc,heap     ] GC(421)      Free:     1612M (79%)        1612M (79%)        1710M (83%)        1858M (91%)        1862M (91%)        1602M (78%)    
[135.997s][info][gc,heap     ] GC(421)      Used:      436M (21%)         436M (21%)         338M (17%)         190M (9%)          446M (22%)         186M (9%)     
[135.997s][info][gc,heap     ] GC(421)      Live:         -               130M (6%)          130M (6%)          130M (6%)             -                  -          
[135.997s][info][gc,heap     ] GC(421) Allocated:         -                 0M (0%)           12M (1%)           23M (1%)             -                  -          
[135.997s][info][gc,heap     ] GC(421)   Garbage:         -               305M (15%)         195M (10%)          35M (2%)             -                  -          
[135.997s][info][gc,heap     ] GC(421) Reclaimed:         -                  -               110M (5%)          269M (13%)            -                  -          
[135.997s][info][gc          ] GC(421) Garbage Collection (System.gc()) 436M(21%)->190M(9%)
[136.214s][info][gc,start    ] GC(422) Garbage Collection (Allocation Rate)
[136.214s][info][gc,task     ] GC(422) Using 2 workers
[136.214s][info][gc,phases   ] GC(422) Pause Mark Start 0.012ms
[136.307s][info][gc,phases   ] GC(422) Concurrent Mark 92.954ms
[136.307s][info][gc,phases   ] GC(422) Pause Mark End 0.046ms
[136.308s][info][gc,phases   ] GC(422) Concurrent Mark Free 0.003ms
[136.346s][info][gc,phases   ] GC(422) Concurrent Process Non-Strong References 38.481ms
[136.346s][info][gc,phases   ] GC(422) Concurrent Reset Relocation Set 0.007ms
[136.350s][info][gc,phases   ] GC(422) Concurrent Select Relocation Set 3.848ms
[136.350s][info][gc,phases   ] GC(422) Pause Relocate Start 0.017ms
[136.364s][info][gc,phases   ] GC(422) Concurrent Relocate 14.181ms
[136.365s][info][gc,load     ] GC(422) Load: 0.00/0.00/0.00
[136.365s][info][gc,mmu      ] GC(422) MMU: 2ms/83.4%, 5ms/93.4%, 10ms/96.7%, 20ms/97.9%, 50ms/99.2%, 100ms/99.5%
[136.365s][info][gc,marking  ] GC(422) Mark: 2 stripe(s), 2 proactive flush(es), 1 terminate flush(es), 0 completion(s), 0 continuation(s) 
[136.365s][info][gc,marking  ] GC(422) Mark Stack Usage: 32M
[136.365s][info][gc,nmethod  ] GC(422) NMethods: 11566 registered, 9553 unregistered
[136.365s][info][gc,metaspace] GC(422) Metaspace: 156M used, 157M committed, 1216M reserved
[136.365s][info][gc,ref      ] GC(422) Soft: 3557 encountered, 0 discovered, 0 enqueued
[136.365s][info][gc,ref      ] GC(422) Weak: 15502 encountered, 3212 discovered, 208 enqueued
[136.365s][info][gc,ref      ] GC(422) Final: 52 encountered, 0 discovered, 0 enqueued
[136.365s][info][gc,ref      ] GC(422) Phantom: 600 encountered, 371 discovered, 0 enqueued
[136.365s][info][gc,reloc    ] GC(422) Small Pages: 535 / 1070M, Empty: 790M, Relocated: 8M, In-Place: 0
[136.365s][info][gc,reloc    ] GC(422) Medium Pages: 5 / 160M, Empty: 0M, Relocated: 27M, In-Place: 0
[136.365s][info][gc,reloc    ] GC(422) Large Pages: 6 / 36M, Empty: 36M, Relocated: 0M, In-Place: 0
[136.365s][info][gc,reloc    ] GC(422) Forwarding Usage: 0M
[136.365s][info][gc,heap     ] GC(422) Min Capacity: 2048M(100%)
[136.365s][info][gc,heap     ] GC(422) Max Capacity: 2048M(100%)
[136.365s][info][gc,heap     ] GC(422) Soft Max Capacity: 2048M(100%)
[136.365s][info][gc,heap     ] GC(422)                Mark Start          Mark End        Relocate Start      Relocate End           High               Low         
[136.365s][info][gc,heap     ] GC(422)  Capacity:     2048M (100%)       2048M (100%)       2048M (100%)       2048M (100%)       2048M (100%)       2048M (100%)   
[136.365s][info][gc,heap     ] GC(422)      Free:      782M (38%)         188M (9%)          850M (42%)        1064M (52%)        1068M (52%)          84M (4%)     
[136.365s][info][gc,heap     ] GC(422)      Used:     1266M (62%)        1860M (91%)        1198M (58%)         984M (48%)        1964M (96%)         980M (48%)    
[136.365s][info][gc,heap     ] GC(422)      Live:         -               152M (7%)          152M (7%)          152M (7%)             -                  -          
[136.365s][info][gc,heap     ] GC(422) Allocated:         -               594M (29%)         758M (37%)         809M (40%)            -                  -          
[136.365s][info][gc,heap     ] GC(422)   Garbage:         -              1113M (54%)         287M (14%)          21M (1%)             -                  -          
[136.365s][info][gc,heap     ] GC(422) Reclaimed:         -                  -               826M (40%)        1091M (53%)            -                  -          
[136.365s][info][gc          ] GC(422) Garbage Collection (Allocation Rate) 1266M(62%)->984M(48%)
[136.401s][info][gc,start    ] GC(423) Garbage Collection (Allocation Rate)
[136.401s][info][gc,task     ] GC(423) Using 2 workers
[136.402s][info][gc,phases   ] GC(423) Pause Mark Start 0.012ms
[136.448s][info][gc,phases   ] GC(423) Concurrent Mark 46.535ms
[136.448s][info][gc,phases   ] GC(423) Pause Mark End 0.028ms
[136.448s][info][gc,phases   ] GC(423) Concurrent Mark Free 0.002ms
[136.463s][info][gc,phases   ] GC(423) Concurrent Process Non-Strong References 14.784ms
[136.463s][info][gc,phases   ] GC(423) Concurrent Reset Relocation Set 0.008ms
[136.465s][info][gc,phases   ] GC(423) Concurrent Select Relocation Set 2.119ms
[136.466s][info][gc,phases   ] GC(423) Pause Relocate Start 0.012ms
[136.476s][info][gc,phases   ] GC(423) Concurrent Relocate 10.127ms
[136.476s][info][gc,load     ] GC(423) Load: 0.00/0.00/0.00
[136.476s][info][gc,mmu      ] GC(423) MMU: 2ms/83.4%, 5ms/93.4%, 10ms/96.7%, 20ms/97.9%, 50ms/99.2%, 100ms/99.5%
[136.476s][info][gc,marking  ] GC(423) Mark: 2 stripe(s), 2 proactive flush(es), 1 terminate flush(es), 0 completion(s), 0 continuation(s) 
[136.476s][info][gc,marking  ] GC(423) Mark Stack Usage: 32M
[136.476s][info][gc,nmethod  ] GC(423) NMethods: 11567 registered, 9553 unregistered
[136.476s][info][gc,metaspace] GC(423) Metaspace: 156M used, 157M committed, 1216M reserved
[136.476s][info][gc,ref      ] GC(423) Soft: 3548 encountered, 0 discovered, 0 enqueued
[136.476s][info][gc,ref      ] GC(423) Weak: 15282 encountered, 4984 discovered, 3 enqueued
[136.476s][info][gc,ref      ] GC(423) Final: 52 encountered, 0 discovered, 0 enqueued
[136.476s][info][gc,ref      ] GC(423) Phantom: 600 encountered, 370 discovered, 0 enqueued
[136.476s][info][gc,reloc    ] GC(423) Small Pages: 442 / 884M, Empty: 582M, Relocated: 2M, In-Place: 0
[136.476s][info][gc,reloc    ] GC(423) Medium Pages: 9 / 288M, Empty: 0M, Relocated: 50M, In-Place: 0
[136.476s][info][gc,reloc    ] GC(423) Large Pages: 0 / 0M, Empty: 0M, Relocated: 0M, In-Place: 0
[136.476s][info][gc,reloc    ] GC(423) Forwarding Usage: 0M
[136.476s][info][gc,heap     ] GC(423) Min Capacity: 2048M(100%)
[136.476s][info][gc,heap     ] GC(423) Max Capacity: 2048M(100%)
[136.476s][info][gc,heap     ] GC(423) Soft Max Capacity: 2048M(100%)
[136.476s][info][gc,heap     ] GC(423)                Mark Start          Mark End        Relocate Start      Relocate End           High               Low         
[136.476s][info][gc,heap     ] GC(423)  Capacity:     2048M (100%)       2048M (100%)       2048M (100%)       2048M (100%)       2048M (100%)       2048M (100%)   
[136.476s][info][gc,heap     ] GC(423)      Free:      876M (43%)         814M (40%)        1374M (67%)        1730M (84%)        1730M (84%)         794M (39%)    
[136.476s][info][gc,heap     ] GC(423)      Used:     1172M (57%)        1234M (60%)         674M (33%)         318M (16%)        1254M (61%)         318M (16%)    
[136.476s][info][gc,heap     ] GC(423)      Live:         -               193M (9%)          193M (9%)          193M (9%)             -                  -          
[136.476s][info][gc,heap     ] GC(423) Allocated:         -                62M (3%)           84M (4%)           78M (4%)             -                  -          
[136.476s][info][gc,heap     ] GC(423)   Garbage:         -               978M (48%)         396M (19%)          46M (2%)             -                  -          
[136.476s][info][gc,heap     ] GC(423) Reclaimed:         -                  -               582M (28%)         932M (46%)            -                  -          
[136.476s][info][gc          ] GC(423) Garbage Collection (Allocation Rate) 1172M(57%)->318M(16%)
[136.504s][info][gc,start    ] GC(424) Garbage Collection (Allocation Rate)
[136.504s][info][gc,task     ] GC(424) Using 2 workers
[136.504s][info][gc,phases   ] GC(424) Pause Mark Start 0.008ms
[136.561s][info][gc,phases   ] GC(424) Concurrent Mark 56.072ms
[136.561s][info][gc,phases   ] GC(424) Pause Mark End 0.024ms
[136.561s][info][gc,phases   ] GC(424) Concurrent Mark Free 0.001ms
[136.573s][info][gc,phases   ] GC(424) Concurrent Process Non-Strong References 12.448ms
[136.573s][info][gc,phases   ] GC(424) Concurrent Reset Relocation Set 0.007ms
[136.575s][info][gc,phases   ] GC(424) Concurrent Select Relocation Set 2.140ms
[136.576s][info][gc,phases   ] GC(424) Pause Relocate Start 0.010ms
[136.580s][info][gc,phases   ] GC(424) Concurrent Relocate 4.402ms
[136.580s][info][gc,load     ] GC(424) Load: 0.00/0.00/0.00
[136.580s][info][gc,mmu      ] GC(424) MMU: 2ms/83.4%, 5ms/93.4%, 10ms/96.7%, 20ms/97.9%, 50ms/99.2%, 100ms/99.5%
[136.580s][info][gc,marking  ] GC(424) Mark: 2 stripe(s), 2 proactive flush(es), 1 terminate flush(es), 0 completion(s), 0 continuation(s) 
[136.580s][info][gc,marking  ] GC(424) Mark Stack Usage: 32M
[136.580s][info][gc,nmethod  ] GC(424) NMethods: 11567 registered, 9554 unregistered
[136.580s][info][gc,metaspace] GC(424) Metaspace: 156M used, 157M committed, 1216M reserved
[136.580s][info][gc,ref      ] GC(424) Soft: 3545 encountered, 0 discovered, 0 enqueued
[136.580s][info][gc,ref      ] GC(424) Weak: 15511 encountered, 4376 discovered, 299 enqueued
[136.580s][info][gc,ref      ] GC(424) Final: 52 encountered, 0 discovered, 0 enqueued
[136.580s][info][gc,ref      ] GC(424) Phantom: 600 encountered, 383 discovered, 0 enqueued
[136.580s][info][gc,reloc    ] GC(424) Small Pages: 56 / 112M, Empty: 4M, Relocated: 1M, In-Place: 0
[136.580s][info][gc,reloc    ] GC(424) Medium Pages: 6 / 192M, Empty: 0M, Relocated: 18M, In-Place: 0
[136.580s][info][gc,reloc    ] GC(424) Large Pages: 5 / 30M, Empty: 30M, Relocated: 0M, In-Place: 0
[136.580s][info][gc,reloc    ] GC(424) Forwarding Usage: 0M
[136.580s][info][gc,heap     ] GC(424) Min Capacity: 2048M(100%)
[136.580s][info][gc,heap     ] GC(424) Max Capacity: 2048M(100%)
[136.580s][info][gc,heap     ] GC(424) Soft Max Capacity: 2048M(100%)
[136.580s][info][gc,heap     ] GC(424)                Mark Start          Mark End        Relocate Start      Relocate End           High               Low         
[136.580s][info][gc,heap     ] GC(424)  Capacity:     2048M (100%)       2048M (100%)       2048M (100%)       2048M (100%)       2048M (100%)       2048M (100%)   
[136.580s][info][gc,heap     ] GC(424)      Free:     1714M (84%)        1638M (80%)        1644M (80%)        1704M (83%)        1714M (84%)        1610M (79%)    
[136.580s][info][gc,heap     ] GC(424)      Used:      334M (16%)         410M (20%)         404M (20%)         344M (17%)         438M (21%)         334M (16%)    
[136.580s][info][gc,heap     ] GC(424)      Live:         -               193M (9%)          193M (9%)          193M (9%)             -                  -          
[136.580s][info][gc,heap     ] GC(424) Allocated:         -                76M (4%)          104M (5%)          111M (5%)             -                  -          
[136.580s][info][gc,heap     ] GC(424)   Garbage:         -               140M (7%)          106M (5%)           38M (2%)             -                  -          
[136.580s][info][gc,heap     ] GC(424) Reclaimed:         -                  -                34M (2%)          101M (5%)             -                  -          
[136.580s][info][gc          ] GC(424) Garbage Collection (Allocation Rate) 334M(16%)->344M(17%)
[136.605s][info][gc,start    ] GC(425) Garbage Collection (Allocation Rate)
[136.605s][info][gc,task     ] GC(425) Using 2 workers
[136.605s][info][gc,phases   ] GC(425) Pause Mark Start 0.010ms
[136.651s][info][gc,phases   ] GC(425) Concurrent Mark 45.688ms
[136.651s][info][gc,phases   ] GC(425) Pause Mark End 0.022ms
[136.651s][info][gc,phases   ] GC(425) Concurrent Mark Free 0.001ms
[136.665s][info][gc,phases   ] GC(425) Concurrent Process Non-Strong References 14.128ms
[136.665s][info][gc,phases   ] GC(425) Concurrent Reset Relocation Set 0.003ms
[136.667s][info][gc,phases   ] GC(425) Concurrent Select Relocation Set 2.009ms
[136.667s][info][gc,phases   ] GC(425) Pause Relocate Start 0.008ms
[136.669s][info][gc,phases   ] GC(425) Concurrent Relocate 1.811ms
[136.669s][info][gc,load     ] GC(425) Load: 0.00/0.00/0.00
[136.669s][info][gc,mmu      ] GC(425) MMU: 2ms/83.4%, 5ms/93.4%, 10ms/96.7%, 20ms/97.9%, 50ms/99.2%, 100ms/99.5%
[136.669s][info][gc,marking  ] GC(425) Mark: 2 stripe(s), 2 proactive flush(es), 1 terminate flush(es), 0 completion(s), 0 continuation(s) 
[136.669s][info][gc,marking  ] GC(425) Mark Stack Usage: 32M
[136.669s][info][gc,nmethod  ] GC(425) NMethods: 11572 registered, 9554 unregistered
[136.669s][info][gc,metaspace] GC(425) Metaspace: 156M used, 157M committed, 1216M reserved
[136.669s][info][gc,ref      ] GC(425) Soft: 3547 encountered, 0 discovered, 0 enqueued
[136.669s][info][gc,ref      ] GC(425) Weak: 15520 encountered, 2689 discovered, 153 enqueued
[136.669s][info][gc,ref      ] GC(425) Final: 52 encountered, 0 discovered, 0 enqueued
[136.669s][info][gc,ref      ] GC(425) Phantom: 600 encountered, 370 discovered, 0 enqueued
[136.669s][info][gc,reloc    ] GC(425) Small Pages: 68 / 136M, Empty: 2M, Relocated: 3M, In-Place: 0
[136.669s][info][gc,reloc    ] GC(425) Medium Pages: 6 / 192M, Empty: 32M, Relocated: 0M, In-Place: 0
[136.669s][info][gc,reloc    ] GC(425) Large Pages: 5 / 30M, Empty: 30M, Relocated: 0M, In-Place: 0
[136.669s][info][gc,reloc    ] GC(425) Forwarding Usage: 0M
[136.669s][info][gc,heap     ] GC(425) Min Capacity: 2048M(100%)
[136.669s][info][gc,heap     ] GC(425) Max Capacity: 2048M(100%)
[136.669s][info][gc,heap     ] GC(425) Soft Max Capacity: 2048M(100%)
[136.669s][info][gc,heap     ] GC(425)                Mark Start          Mark End        Relocate Start      Relocate End           High               Low         
[136.669s][info][gc,heap     ] GC(425)  Capacity:     2048M (100%)       2048M (100%)       2048M (100%)       2048M (100%)       2048M (100%)       2048M (100%)   
[136.669s][info][gc,heap     ] GC(425)      Free:     1690M (83%)        1618M (79%)        1668M (81%)        1728M (84%)        1728M (84%)        1604M (78%)    
[136.669s][info][gc,heap     ] GC(425)      Used:      358M (17%)         430M (21%)         380M (19%)         320M (16%)         444M (22%)         320M (16%)    
[136.670s][info][gc,heap     ] GC(425)      Live:         -               194M (9%)          194M (9%)          194M (9%)             -                  -          
[136.670s][info][gc,heap     ] GC(425) Allocated:         -                72M (4%)           86M (4%)           87M (4%)             -                  -          
[136.670s][info][gc,heap     ] GC(425)   Garbage:         -               163M (8%)           99M (5%)           37M (2%)             -                  -          
[136.670s][info][gc,heap     ] GC(425) Reclaimed:         -                  -                64M (3%)          125M (6%)             -                  -          
[136.670s][info][gc          ] GC(425) Garbage Collection (Allocation Rate) 358M(17%)->320M(16%)
[137.407s][info][gc,start    ] GC(426) Garbage Collection (Allocation Rate)
[137.407s][info][gc,task     ] GC(426) Using 2 workers
[137.407s][info][gc,phases   ] GC(426) Pause Mark Start 0.013ms
[137.469s][info][gc,phases   ] GC(426) Concurrent Mark 61.701ms
[137.469s][info][gc,phases   ] GC(426) Pause Mark End 0.078ms
[137.470s][info][gc,phases   ] GC(426) Concurrent Mark Free 0.001ms
[137.482s][info][gc,phases   ] GC(426) Concurrent Process Non-Strong References 12.930ms
[137.483s][info][gc,phases   ] GC(426) Concurrent Reset Relocation Set 0.003ms
[137.485s][info][gc,phases   ] GC(426) Concurrent Select Relocation Set 2.086ms
[137.485s][info][gc,phases   ] GC(426) Pause Relocate Start 0.011ms
[137.487s][info][gc,phases   ] GC(426) Concurrent Relocate 2.626ms
[137.487s][info][gc,load     ] GC(426) Load: 0.00/0.00/0.00
[137.487s][info][gc,mmu      ] GC(426) MMU: 2ms/83.4%, 5ms/93.4%, 10ms/96.7%, 20ms/97.9%, 50ms/99.2%, 100ms/99.5%
[137.487s][info][gc,marking  ] GC(426) Mark: 2 stripe(s), 2 proactive flush(es), 1 terminate flush(es), 1 completion(s), 0 continuation(s) 
[137.488s][info][gc,marking  ] GC(426) Mark Stack Usage: 32M
[137.488s][info][gc,nmethod  ] GC(426) NMethods: 11594 registered, 9555 unregistered
[137.488s][info][gc,metaspace] GC(426) Metaspace: 156M used, 157M committed, 1216M reserved
[137.488s][info][gc,ref      ] GC(426) Soft: 3547 encountered, 0 discovered, 0 enqueued
[137.488s][info][gc,ref      ] GC(426) Weak: 17575 encountered, 4113 discovered, 2178 enqueued
[137.488s][info][gc,ref      ] GC(426) Final: 52 encountered, 0 discovered, 0 enqueued
[137.488s][info][gc,ref      ] GC(426) Phantom: 600 encountered, 371 discovered, 0 enqueued
[137.488s][info][gc,reloc    ] GC(426) Small Pages: 214 / 428M, Empty: 10M, Relocated: 4M, In-Place: 0
[137.488s][info][gc,reloc    ] GC(426) Medium Pages: 10 / 320M, Empty: 160M, Relocated: 0M, In-Place: 0
[137.488s][info][gc,reloc    ] GC(426) Large Pages: 45 / 270M, Empty: 270M, Relocated: 0M, In-Place: 0
[137.488s][info][gc,reloc    ] GC(426) Forwarding Usage: 0M
[137.488s][info][gc,heap     ] GC(426) Min Capacity: 2048M(100%)
[137.488s][info][gc,heap     ] GC(426) Max Capacity: 2048M(100%)
[137.488s][info][gc,heap     ] GC(426) Soft Max Capacity: 2048M(100%)
[137.488s][info][gc,heap     ] GC(426)                Mark Start          Mark End        Relocate Start      Relocate End           High               Low         
[137.488s][info][gc,heap     ] GC(426)  Capacity:     2048M (100%)       2048M (100%)       2048M (100%)       2048M (100%)       2048M (100%)       2048M (100%)   
[137.488s][info][gc,heap     ] GC(426)      Free:     1030M (50%)         948M (46%)        1368M (67%)        1706M (83%)        1708M (83%)         928M (45%)    
[137.488s][info][gc,heap     ] GC(426)      Used:     1018M (50%)        1100M (54%)         680M (33%)         342M (17%)        1120M (55%)         340M (17%)    
[137.488s][info][gc,heap     ] GC(426)      Live:         -               196M (10%)         196M (10%)         196M (10%)            -                  -          
[137.488s][info][gc,heap     ] GC(426) Allocated:         -                82M (4%)          102M (5%)          105M (5%)             -                  -          
[137.488s][info][gc,heap     ] GC(426)   Garbage:         -               821M (40%)         381M (19%)          39M (2%)             -                  -          
[137.488s][info][gc,heap     ] GC(426) Reclaimed:         -                  -               440M (21%)         781M (38%)            -                  -          
[137.488s][info][gc          ] GC(426) Garbage Collection (Allocation Rate) 1018M(50%)->342M(17%)
[137.628s][info][gc,start    ] GC(427) Garbage Collection (System.gc())
[137.628s][info][gc,task     ] GC(427) Using 2 workers
[137.628s][info][gc,phases   ] GC(427) Pause Mark Start 0.009ms
[137.672s][info][gc,phases   ] GC(427) Concurrent Mark 44.187ms
[137.672s][info][gc,phases   ] GC(427) Pause Mark End 0.031ms
[137.672s][info][gc,phases   ] GC(427) Concurrent Mark Free 0.004ms
[137.686s][info][gc,phases   ] GC(427) Concurrent Process Non-Strong References 13.667ms
[137.686s][info][gc,phases   ] GC(427) Concurrent Reset Relocation Set 0.014ms
[137.688s][info][gc,phases   ] GC(427) Concurrent Select Relocation Set 2.057ms
[137.688s][info][gc,phases   ] GC(427) Pause Relocate Start 0.009ms
[137.690s][info][gc,phases   ] GC(427) Concurrent Relocate 1.985ms
[137.690s][info][gc,load     ] GC(427) Load: 0.00/0.00/0.00
[137.690s][info][gc,mmu      ] GC(427) MMU: 2ms/83.4%, 5ms/93.4%, 10ms/96.7%, 20ms/97.9%, 50ms/99.2%, 100ms/99.5%
[137.690s][info][gc,marking  ] GC(427) Mark: 2 stripe(s), 1 proactive flush(es), 1 terminate flush(es), 0 completion(s), 0 continuation(s) 
[137.690s][info][gc,marking  ] GC(427) Mark Stack Usage: 32M
[137.690s][info][gc,nmethod  ] GC(427) NMethods: 11596 registered, 9559 unregistered
[137.691s][info][gc,metaspace] GC(427) Metaspace: 156M used, 157M committed, 1216M reserved
[137.691s][info][gc,ref      ] GC(427) Soft: 3542 encountered, 0 discovered, 0 enqueued
[137.691s][info][gc,ref      ] GC(427) Weak: 15997 encountered, 5675 discovered, 812 enqueued
[137.691s][info][gc,ref      ] GC(427) Final: 52 encountered, 0 discovered, 0 enqueued
[137.691s][info][gc,ref      ] GC(427) Phantom: 600 encountered, 370 discovered, 0 enqueued
[137.691s][info][gc,reloc    ] GC(427) Small Pages: 106 / 212M, Empty: 4M, Relocated: 3M, In-Place: 0
[137.691s][info][gc,reloc    ] GC(427) Medium Pages: 6 / 192M, Empty: 96M, Relocated: 0M, In-Place: 0
[137.691s][info][gc,reloc    ] GC(427) Large Pages: 9 / 54M, Empty: 54M, Relocated: 0M, In-Place: 0
[137.691s][info][gc,reloc    ] GC(427) Forwarding Usage: 1M
[137.691s][info][gc,heap     ] GC(427) Min Capacity: 2048M(100%)
[137.691s][info][gc,heap     ] GC(427) Max Capacity: 2048M(100%)
[137.691s][info][gc,heap     ] GC(427) Soft Max Capacity: 2048M(100%)
[137.691s][info][gc,heap     ] GC(427)                Mark Start          Mark End        Relocate Start      Relocate End           High               Low         
[137.691s][info][gc,heap     ] GC(427)  Capacity:     2048M (100%)       2048M (100%)       2048M (100%)       2048M (100%)       2048M (100%)       2048M (100%)   
[137.691s][info][gc,heap     ] GC(427)      Free:     1590M (78%)        1590M (78%)        1732M (85%)        1864M (91%)        1866M (91%)        1580M (77%)    
[137.691s][info][gc,heap     ] GC(427)      Used:      458M (22%)         458M (22%)         316M (15%)         184M (9%)          468M (23%)         182M (9%)     
[137.691s][info][gc,heap     ] GC(427)      Live:         -               131M (6%)          131M (6%)          131M (6%)             -                  -          
[137.691s][info][gc,heap     ] GC(427) Allocated:         -                 0M (0%)           12M (1%)           17M (1%)             -                  -          
[137.691s][info][gc,heap     ] GC(427)   Garbage:         -               326M (16%)         172M (8%)           34M (2%)             -                  -          
[137.691s][info][gc,heap     ] GC(427) Reclaimed:         -                  -               154M (8%)          291M (14%)            -                  -          
[137.691s][info][gc          ] GC(427) Garbage Collection (System.gc()) 458M(22%)->184M(9%)
[137.915s][info][gc,start    ] GC(428) Garbage Collection (Allocation Rate)
[137.915s][info][gc,task     ] GC(428) Using 2 workers
[137.915s][info][gc,phases   ] GC(428) Pause Mark Start 0.015ms
[138.024s][info][gc,phases   ] GC(428) Concurrent Mark 109.151ms
[138.025s][info][gc,phases   ] GC(428) Pause Mark End 0.041ms
[138.025s][info][gc,phases   ] GC(428) Concurrent Mark Free 0.004ms
[138.038s][info][gc,phases   ] GC(428) Concurrent Process Non-Strong References 13.675ms
[138.038s][info][gc,phases   ] GC(428) Concurrent Reset Relocation Set 0.007ms
[138.039s][info][gc          ] Allocation Stall (Executor task launch worker for task 2.0 in stage 2993.0 (TID 11976)) 11.214ms
[138.039s][info][gc          ] Allocation Stall (Executor task launch worker for task 1.0 in stage 2993.0 (TID 11975)) 11.379ms
[138.039s][info][gc          ] Allocation Stall (Executor task launch worker for task 4.0 in stage 2993.0 (TID 11978)) 10.188ms
[138.039s][info][gc          ] Allocation Stall (Executor task launch worker for task 0.0 in stage 2993.0 (TID 11974)) 9.985ms
[138.039s][info][gc          ] Allocation Stall (dispatcher-BlockManagerEndpoint1) 0.105ms
[138.039s][info][gc          ] Allocation Stall (Executor task launch worker for task 3.0 in stage 2993.0 (TID 11977)) 9.894ms
[138.045s][info][gc,phases   ] GC(428) Concurrent Select Relocation Set 6.261ms
[138.045s][info][gc,phases   ] GC(428) Pause Relocate Start 0.014ms
[138.066s][info][gc,phases   ] GC(428) Concurrent Relocate 20.944ms
[138.066s][info][gc,load     ] GC(428) Load: 0.00/0.00/0.00
[138.066s][info][gc,mmu      ] GC(428) MMU: 2ms/83.4%, 5ms/93.4%, 10ms/96.7%, 20ms/97.9%, 50ms/99.2%, 100ms/99.5%
[138.066s][info][gc,marking  ] GC(428) Mark: 2 stripe(s), 3 proactive flush(es), 1 terminate flush(es), 0 completion(s), 0 continuation(s) 
[138.066s][info][gc,marking  ] GC(428) Mark Stack Usage: 32M
[138.066s][info][gc,nmethod  ] GC(428) NMethods: 11597 registered, 9564 unregistered
[138.066s][info][gc,metaspace] GC(428) Metaspace: 156M used, 157M committed, 1216M reserved
[138.066s][info][gc,ref      ] GC(428) Soft: 3557 encountered, 0 discovered, 0 enqueued
[138.066s][info][gc,ref      ] GC(428) Weak: 15489 encountered, 3748 discovered, 194 enqueued
[138.066s][info][gc,ref      ] GC(428) Final: 52 encountered, 0 discovered, 0 enqueued
[138.066s][info][gc,ref      ] GC(428) Phantom: 600 encountered, 338 discovered, 0 enqueued
[138.066s][info][gc,reloc    ] GC(428) Small Pages: 578 / 1156M, Empty: 876M, Relocated: 6M, In-Place: 0
[138.066s][info][gc,reloc    ] GC(428) Medium Pages: 6 / 192M, Empty: 0M, Relocated: 17M, In-Place: 0
[138.066s][info][gc,reloc    ] GC(428) Large Pages: 6 / 36M, Empty: 36M, Relocated: 0M, In-Place: 0
[138.066s][info][gc,reloc    ] GC(428) Forwarding Usage: 1M
[138.066s][info][gc,heap     ] GC(428) Min Capacity: 2048M(100%)
[138.066s][info][gc,heap     ] GC(428) Max Capacity: 2048M(100%)
[138.066s][info][gc,heap     ] GC(428) Soft Max Capacity: 2048M(100%)
[138.066s][info][gc,heap     ] GC(428)                Mark Start          Mark End        Relocate Start      Relocate End           High               Low         
[138.066s][info][gc,heap     ] GC(428)  Capacity:     2048M (100%)       2048M (100%)       2048M (100%)       2048M (100%)       2048M (100%)       2048M (100%)   
[138.066s][info][gc,heap     ] GC(428)      Free:      664M (32%)          12M (1%)          866M (42%)        1036M (51%)        1036M (51%)           0M (0%)     
[138.066s][info][gc,heap     ] GC(428)      Used:     1384M (68%)        2036M (99%)        1182M (58%)        1012M (49%)        2048M (100%)       1012M (49%)    
[138.066s][info][gc,heap     ] GC(428)      Live:         -               154M (8%)          154M (8%)          154M (8%)             -                  -          
[138.066s][info][gc,heap     ] GC(428) Allocated:         -               652M (32%)         710M (35%)         807M (39%)            -                  -          
[138.066s][info][gc,heap     ] GC(428)   Garbage:         -              1229M (60%)         317M (16%)          49M (2%)             -                  -          
[138.066s][info][gc,heap     ] GC(428) Reclaimed:         -                  -               912M (45%)        1179M (58%)            -                  -          
[138.066s][info][gc          ] GC(428) Garbage Collection (Allocation Rate) 1384M(68%)->1012M(49%)
[138.103s][info][gc,start    ] GC(429) Garbage Collection (Allocation Stall)
[138.103s][info][gc,ref      ] GC(429) Clearing All SoftReferences
[138.103s][info][gc,task     ] GC(429) Using 2 workers
[138.103s][info][gc,ref      ] GC(429) Clearing All SoftReferences
[138.103s][info][gc,phases   ] GC(429) Pause Mark Start 0.045ms
[138.148s][info][gc,phases   ] GC(429) Concurrent Mark 44.989ms
[138.148s][info][gc,phases   ] GC(429) Pause Mark End 0.068ms
[138.148s][info][gc,phases   ] GC(429) Concurrent Mark Free 0.001ms
[138.180s][info][gc,phases   ] GC(429) Concurrent Process Non-Strong References 31.234ms
[138.180s][info][gc,phases   ] GC(429) Concurrent Reset Relocation Set 0.009ms
[138.181s][info][gc,phases   ] GC(429) Concurrent Select Relocation Set 1.651ms
[138.181s][info][gc,phases   ] GC(429) Pause Relocate Start 0.008ms
[138.195s][info][gc,phases   ] GC(429) Concurrent Relocate 14.114ms
[138.196s][info][gc,load     ] GC(429) Load: 0.00/0.00/0.00
[138.196s][info][gc,mmu      ] GC(429) MMU: 2ms/83.4%, 5ms/93.4%, 10ms/96.7%, 20ms/97.9%, 50ms/99.2%, 100ms/99.5%
[138.196s][info][gc,marking  ] GC(429) Mark: 2 stripe(s), 2 proactive flush(es), 3 terminate flush(es), 1 completion(s), 0 continuation(s) 
[138.196s][info][gc,marking  ] GC(429) Mark Stack Usage: 32M
[138.196s][info][gc,nmethod  ] GC(429) NMethods: 11595 registered, 9567 unregistered
[138.196s][info][gc,metaspace] GC(429) Metaspace: 156M used, 157M committed, 1216M reserved
[138.196s][info][gc,ref      ] GC(429) Soft: 3489 encountered, 3117 discovered, 227 enqueued
[138.196s][info][gc,ref      ] GC(429) Weak: 15308 encountered, 3504 discovered, 53 enqueued
[138.196s][info][gc,ref      ] GC(429) Final: 52 encountered, 0 discovered, 0 enqueued
[138.196s][info][gc,ref      ] GC(429) Phantom: 600 encountered, 369 discovered, 0 enqueued
[138.196s][info][gc,reloc    ] GC(429) Small Pages: 401 / 802M, Empty: 504M, Relocated: 2M, In-Place: 0
[138.196s][info][gc,reloc    ] GC(429) Medium Pages: 10 / 320M, Empty: 0M, Relocated: 74M, In-Place: 0
[138.196s][info][gc,reloc    ] GC(429) Large Pages: 1 / 6M, Empty: 6M, Relocated: 0M, In-Place: 0
[138.196s][info][gc,reloc    ] GC(429) Forwarding Usage: 0M
[138.196s][info][gc,heap     ] GC(429) Min Capacity: 2048M(100%)
[138.196s][info][gc,heap     ] GC(429) Max Capacity: 2048M(100%)
[138.196s][info][gc,heap     ] GC(429) Soft Max Capacity: 2048M(100%)
[138.196s][info][gc,heap     ] GC(429)                Mark Start          Mark End        Relocate Start      Relocate End           High               Low         
[138.196s][info][gc,heap     ] GC(429)  Capacity:     2048M (100%)       2048M (100%)       2048M (100%)       2048M (100%)       2048M (100%)       2048M (100%)   
[138.196s][info][gc,heap     ] GC(429)      Free:      920M (45%)         852M (42%)        1346M (66%)        1732M (85%)        1732M (85%)         836M (41%)    
[138.196s][info][gc,heap     ] GC(429)      Used:     1128M (55%)        1196M (58%)         702M (34%)         316M (15%)        1212M (59%)         316M (15%)    
[138.196s][info][gc,heap     ] GC(429)      Live:         -               193M (9%)          193M (9%)          193M (9%)             -                  -          
[138.196s][info][gc,heap     ] GC(429) Allocated:         -                68M (3%)           84M (4%)           83M (4%)             -                  -          
[138.196s][info][gc,heap     ] GC(429)   Garbage:         -               934M (46%)         424M (21%)          38M (2%)             -                  -          
[138.196s][info][gc,heap     ] GC(429) Reclaimed:         -                  -               510M (25%)         895M (44%)            -                  -          
[138.196s][info][gc          ] GC(429) Garbage Collection (Allocation Stall) 1128M(55%)->316M(15%)
[138.210s][info][gc,start    ] GC(430) Garbage Collection (Allocation Rate)
[138.210s][info][gc,task     ] GC(430) Using 2 workers
[138.210s][info][gc,phases   ] GC(430) Pause Mark Start 0.014ms
[138.267s][info][gc,phases   ] GC(430) Concurrent Mark 56.738ms
[138.267s][info][gc,phases   ] GC(430) Pause Mark End 0.023ms
[138.267s][info][gc,phases   ] GC(430) Concurrent Mark Free 0.002ms
[138.298s][info][gc,phases   ] GC(430) Concurrent Process Non-Strong References 30.756ms
[138.298s][info][gc,phases   ] GC(430) Concurrent Reset Relocation Set 0.007ms
[138.300s][info][gc,phases   ] GC(430) Concurrent Select Relocation Set 1.959ms
[138.300s][info][gc,phases   ] GC(430) Pause Relocate Start 0.009ms
[138.301s][info][gc,phases   ] GC(430) Concurrent Relocate 0.922ms
[138.301s][info][gc,load     ] GC(430) Load: 0.00/0.00/0.00
[138.301s][info][gc,mmu      ] GC(430) MMU: 2ms/83.4%, 5ms/93.4%, 10ms/96.7%, 20ms/97.9%, 50ms/99.2%, 100ms/99.5%
[138.301s][info][gc,marking  ] GC(430) Mark: 2 stripe(s), 2 proactive flush(es), 1 terminate flush(es), 0 completion(s), 0 continuation(s) 
[138.301s][info][gc,marking  ] GC(430) Mark Stack Usage: 32M
[138.301s][info][gc,nmethod  ] GC(430) NMethods: 11599 registered, 9568 unregistered
[138.301s][info][gc,metaspace] GC(430) Metaspace: 156M used, 157M committed, 1216M reserved
[138.301s][info][gc,ref      ] GC(430) Soft: 3266 encountered, 0 discovered, 0 enqueued
[138.301s][info][gc,ref      ] GC(430) Weak: 15124 encountered, 2004 discovered, 296 enqueued
[138.301s][info][gc,ref      ] GC(430) Final: 52 encountered, 0 discovered, 0 enqueued
[138.301s][info][gc,ref      ] GC(430) Phantom: 600 encountered, 352 discovered, 0 enqueued
[138.301s][info][gc,reloc    ] GC(430) Small Pages: 58 / 116M, Empty: 0M, Relocated: 1M, In-Place: 0
[138.301s][info][gc,reloc    ] GC(430) Medium Pages: 6 / 192M, Empty: 32M, Relocated: 0M, In-Place: 0
[138.301s][info][gc,reloc    ] GC(430) Large Pages: 4 / 24M, Empty: 24M, Relocated: 0M, In-Place: 0
[138.301s][info][gc,reloc    ] GC(430) Forwarding Usage: 0M
[138.301s][info][gc,heap     ] GC(430) Min Capacity: 2048M(100%)
[138.301s][info][gc,heap     ] GC(430) Max Capacity: 2048M(100%)
[138.301s][info][gc,heap     ] GC(430) Soft Max Capacity: 2048M(100%)
[138.301s][info][gc,heap     ] GC(430)                Mark Start          Mark End        Relocate Start      Relocate End           High               Low         
[138.301s][info][gc,heap     ] GC(430)  Capacity:     2048M (100%)       2048M (100%)       2048M (100%)       2048M (100%)       2048M (100%)       2048M (100%)   
[138.301s][info][gc,heap     ] GC(430)      Free:     1716M (84%)        1652M (81%)        1660M (81%)        1702M (83%)        1716M (84%)        1604M (78%)    
[138.301s][info][gc,heap     ] GC(430)      Used:      332M (16%)         396M (19%)         388M (19%)         346M (17%)         444M (22%)         332M (16%)    
[138.301s][info][gc,heap     ] GC(430)      Live:         -               193M (9%)          193M (9%)          193M (9%)             -                  -          
[138.301s][info][gc,heap     ] GC(430) Allocated:         -                64M (3%)          112M (5%)          111M (5%)             -                  -          
[138.301s][info][gc,heap     ] GC(430)   Garbage:         -               138M (7%)           82M (4%)           40M (2%)             -                  -          
[138.301s][info][gc,heap     ] GC(430) Reclaimed:         -                  -                56M (3%)           97M (5%)             -                  -          
[138.301s][info][gc          ] GC(430) Garbage Collection (Allocation Rate) 332M(16%)->346M(17%)
[138.309s][info][gc,start    ] GC(431) Garbage Collection (Allocation Rate)
[138.309s][info][gc,task     ] GC(431) Using 2 workers
[138.309s][info][gc,phases   ] GC(431) Pause Mark Start 0.010ms
[138.371s][info][gc,phases   ] GC(431) Concurrent Mark 62.221ms
[138.371s][info][gc,phases   ] GC(431) Pause Mark End 0.092ms
[138.371s][info][gc,phases   ] GC(431) Concurrent Mark Free 0.002ms
[138.384s][info][gc,phases   ] GC(431) Concurrent Process Non-Strong References 12.766ms
[138.384s][info][gc,phases   ] GC(431) Concurrent Reset Relocation Set 0.003ms
[138.386s][info][gc,phases   ] GC(431) Concurrent Select Relocation Set 1.978ms
[138.386s][info][gc,phases   ] GC(431) Pause Relocate Start 0.009ms
[138.388s][info][gc,phases   ] GC(431) Concurrent Relocate 1.278ms
[138.388s][info][gc,load     ] GC(431) Load: 0.00/0.00/0.00
[138.388s][info][gc,mmu      ] GC(431) MMU: 2ms/83.4%, 5ms/93.4%, 10ms/96.7%, 20ms/97.9%, 50ms/99.2%, 100ms/99.5%
[138.388s][info][gc,marking  ] GC(431) Mark: 2 stripe(s), 2 proactive flush(es), 1 terminate flush(es), 1 completion(s), 0 continuation(s) 
[138.388s][info][gc,marking  ] GC(431) Mark Stack Usage: 32M
[138.388s][info][gc,nmethod  ] GC(431) NMethods: 11598 registered, 9569 unregistered
[138.388s][info][gc,metaspace] GC(431) Metaspace: 156M used, 157M committed, 1216M reserved
[138.388s][info][gc,ref      ] GC(431) Soft: 3275 encountered, 0 discovered, 0 enqueued
[138.388s][info][gc,ref      ] GC(431) Weak: 15282 encountered, 4623 discovered, 151 enqueued
[138.388s][info][gc,ref      ] GC(431) Final: 52 encountered, 0 discovered, 0 enqueued
[138.388s][info][gc,ref      ] GC(431) Phantom: 600 encountered, 322 discovered, 0 enqueued
[138.388s][info][gc,reloc    ] GC(431) Small Pages: 64 / 128M, Empty: 0M, Relocated: 1M, In-Place: 0
[138.388s][info][gc,reloc    ] GC(431) Medium Pages: 6 / 192M, Empty: 32M, Relocated: 0M, In-Place: 0
[138.388s][info][gc,reloc    ] GC(431) Large Pages: 5 / 30M, Empty: 30M, Relocated: 0M, In-Place: 0
[138.388s][info][gc,reloc    ] GC(431) Forwarding Usage: 0M
[138.388s][info][gc,heap     ] GC(431) Min Capacity: 2048M(100%)
[138.388s][info][gc,heap     ] GC(431) Max Capacity: 2048M(100%)
[138.388s][info][gc,heap     ] GC(431) Soft Max Capacity: 2048M(100%)
[138.388s][info][gc,heap     ] GC(431)                Mark Start          Mark End        Relocate Start      Relocate End           High               Low         
[138.388s][info][gc,heap     ] GC(431)  Capacity:     2048M (100%)       2048M (100%)       2048M (100%)       2048M (100%)       2048M (100%)       2048M (100%)   
[138.388s][info][gc,heap     ] GC(431)      Free:     1698M (83%)        1616M (79%)        1672M (82%)        1726M (84%)        1726M (84%)        1610M (79%)    
[138.388s][info][gc,heap     ] GC(431)      Used:      350M (17%)         432M (21%)         376M (18%)         322M (16%)         438M (21%)         322M (16%)    
[138.388s][info][gc,heap     ] GC(431)      Live:         -               193M (9%)          193M (9%)          193M (9%)             -                  -          
[138.388s][info][gc,heap     ] GC(431) Allocated:         -                82M (4%)           88M (4%)           87M (4%)             -                  -          
[138.388s][info][gc,heap     ] GC(431)   Garbage:         -               156M (8%)           94M (5%)           40M (2%)             -                  -          
[138.388s][info][gc,heap     ] GC(431) Reclaimed:         -                  -                62M (3%)          115M (6%)             -                  -          
[138.388s][info][gc          ] GC(431) Garbage Collection (Allocation Rate) 350M(17%)->322M(16%)
[138.403s][info][gc,start    ] GC(432) Garbage Collection (Allocation Rate)
[138.403s][info][gc,task     ] GC(432) Using 2 workers
[138.403s][info][gc,phases   ] GC(432) Pause Mark Start 0.006ms
[138.462s][info][gc,phases   ] GC(432) Concurrent Mark 59.158ms
[138.462s][info][gc,phases   ] GC(432) Pause Mark End 0.072ms
[138.462s][info][gc,phases   ] GC(432) Concurrent Mark Free 0.001ms
[138.477s][info][gc,phases   ] GC(432) Concurrent Process Non-Strong References 15.009ms
[138.477s][info][gc,phases   ] GC(432) Concurrent Reset Relocation Set 0.003ms
[138.480s][info][gc,phases   ] GC(432) Concurrent Select Relocation Set 2.147ms
[138.480s][info][gc,phases   ] GC(432) Pause Relocate Start 0.010ms
[138.483s][info][gc,phases   ] GC(432) Concurrent Relocate 3.201ms
[138.483s][info][gc,load     ] GC(432) Load: 0.00/0.00/0.00
[138.483s][info][gc,mmu      ] GC(432) MMU: 2ms/83.4%, 5ms/93.4%, 10ms/96.7%, 20ms/97.9%, 50ms/99.2%, 100ms/99.5%
[138.483s][info][gc,marking  ] GC(432) Mark: 2 stripe(s), 2 proactive flush(es), 1 terminate flush(es), 1 completion(s), 0 continuation(s) 
[138.483s][info][gc,marking  ] GC(432) Mark Stack Usage: 32M
[138.483s][info][gc,nmethod  ] GC(432) NMethods: 11598 registered, 9569 unregistered
[138.483s][info][gc,metaspace] GC(432) Metaspace: 156M used, 157M committed, 1216M reserved
[138.483s][info][gc,ref      ] GC(432) Soft: 3273 encountered, 0 discovered, 0 enqueued
[138.483s][info][gc,ref      ] GC(432) Weak: 15284 encountered, 2342 discovered, 292 enqueued
[138.483s][info][gc,ref      ] GC(432) Final: 52 encountered, 0 discovered, 0 enqueued
[138.483s][info][gc,ref      ] GC(432) Phantom: 600 encountered, 350 discovered, 0 enqueued
[138.483s][info][gc,reloc    ] GC(432) Small Pages: 62 / 124M, Empty: 0M, Relocated: 5M, In-Place: 0
[138.483s][info][gc,reloc    ] GC(432) Medium Pages: 6 / 192M, Empty: 32M, Relocated: 0M, In-Place: 0
[138.483s][info][gc,reloc    ] GC(432) Large Pages: 4 / 24M, Empty: 24M, Relocated: 0M, In-Place: 0
[138.483s][info][gc,reloc    ] GC(432) Forwarding Usage: 1M
[138.483s][info][gc,heap     ] GC(432) Min Capacity: 2048M(100%)
[138.483s][info][gc,heap     ] GC(432) Max Capacity: 2048M(100%)
[138.483s][info][gc,heap     ] GC(432) Soft Max Capacity: 2048M(100%)
[138.483s][info][gc,heap     ] GC(432)                Mark Start          Mark End        Relocate Start      Relocate End           High               Low         
[138.483s][info][gc,heap     ] GC(432)  Capacity:     2048M (100%)       2048M (100%)       2048M (100%)       2048M (100%)       2048M (100%)       2048M (100%)   
[138.483s][info][gc,heap     ] GC(432)      Free:     1708M (83%)        1616M (79%)        1658M (81%)        1702M (83%)        1708M (83%)        1602M (78%)    
[138.483s][info][gc,heap     ] GC(432)      Used:      340M (17%)         432M (21%)         390M (19%)         346M (17%)         446M (22%)         340M (17%)    
[138.483s][info][gc,heap     ] GC(432)      Live:         -               192M (9%)          192M (9%)          192M (9%)             -                  -          
[138.483s][info][gc,heap     ] GC(432) Allocated:         -                92M (4%)          106M (5%)          113M (6%)             -                  -          
[138.483s][info][gc,heap     ] GC(432)   Garbage:         -               147M (7%)           91M (4%)           39M (2%)             -                  -          
[138.483s][info][gc,heap     ] GC(432) Reclaimed:         -                  -                56M (3%)          107M (5%)             -                  -          
[138.483s][info][gc          ] GC(432) Garbage Collection (Allocation Rate) 340M(17%)->346M(17%)
[138.517s][info][gc,start    ] GC(433) Garbage Collection (Allocation Rate)
[138.517s][info][gc,task     ] GC(433) Using 2 workers
[138.517s][info][gc,phases   ] GC(433) Pause Mark Start 0.010ms
[138.579s][info][gc,phases   ] GC(433) Concurrent Mark 61.524ms
[138.579s][info][gc,phases   ] GC(433) Pause Mark End 0.084ms
[138.579s][info][gc,phases   ] GC(433) Concurrent Mark Free 0.001ms
[138.594s][info][gc,phases   ] GC(433) Concurrent Process Non-Strong References 14.788ms
[138.594s][info][gc,phases   ] GC(433) Concurrent Reset Relocation Set 0.003ms
[138.596s][info][gc,phases   ] GC(433) Concurrent Select Relocation Set 1.893ms
[138.596s][info][gc,phases   ] GC(433) Pause Relocate Start 0.013ms
[138.598s][info][gc,phases   ] GC(433) Concurrent Relocate 2.008ms
[138.598s][info][gc,load     ] GC(433) Load: 0.00/0.00/0.00
[138.598s][info][gc,mmu      ] GC(433) MMU: 2ms/83.4%, 5ms/93.4%, 10ms/96.7%, 20ms/97.9%, 50ms/99.2%, 100ms/99.5%
[138.598s][info][gc,marking  ] GC(433) Mark: 2 stripe(s), 2 proactive flush(es), 1 terminate flush(es), 1 completion(s), 0 continuation(s) 
[138.598s][info][gc,marking  ] GC(433) Mark Stack Usage: 32M
[138.598s][info][gc,nmethod  ] GC(433) NMethods: 11599 registered, 9570 unregistered
[138.598s][info][gc,metaspace] GC(433) Metaspace: 156M used, 157M committed, 1216M reserved
[138.598s][info][gc,ref      ] GC(433) Soft: 3273 encountered, 0 discovered, 0 enqueued
[138.598s][info][gc,ref      ] GC(433) Weak: 15356 encountered, 4108 discovered, 293 enqueued
[138.598s][info][gc,ref      ] GC(433) Final: 52 encountered, 2 discovered, 0 enqueued
[138.598s][info][gc,ref      ] GC(433) Phantom: 600 encountered, 369 discovered, 0 enqueued
[138.598s][info][gc,reloc    ] GC(433) Small Pages: 69 / 138M, Empty: 2M, Relocated: 3M, In-Place: 0
[138.598s][info][gc,reloc    ] GC(433) Medium Pages: 6 / 192M, Empty: 32M, Relocated: 0M, In-Place: 0
[138.598s][info][gc,reloc    ] GC(433) Large Pages: 6 / 36M, Empty: 36M, Relocated: 0M, In-Place: 0
[138.598s][info][gc,reloc    ] GC(433) Forwarding Usage: 0M
[138.598s][info][gc,heap     ] GC(433) Min Capacity: 2048M(100%)
[138.598s][info][gc,heap     ] GC(433) Max Capacity: 2048M(100%)
[138.598s][info][gc,heap     ] GC(433) Soft Max Capacity: 2048M(100%)
[138.598s][info][gc,heap     ] GC(433)                Mark Start          Mark End        Relocate Start      Relocate End           High               Low         
[138.598s][info][gc,heap     ] GC(433)  Capacity:     2048M (100%)       2048M (100%)       2048M (100%)       2048M (100%)       2048M (100%)       2048M (100%)   
[138.598s][info][gc,heap     ] GC(433)      Free:     1682M (82%)        1594M (78%)        1640M (80%)        1702M (83%)        1702M (83%)        1570M (77%)    
[138.598s][info][gc,heap     ] GC(433)      Used:      366M (18%)         454M (22%)         408M (20%)         346M (17%)         478M (23%)         346M (17%)    
[138.598s][info][gc,heap     ] GC(433)      Live:         -               192M (9%)          192M (9%)          192M (9%)             -                  -          
[138.598s][info][gc,heap     ] GC(433) Allocated:         -                88M (4%)          112M (5%)          113M (6%)             -                  -          
[138.598s][info][gc,heap     ] GC(433)   Garbage:         -               173M (8%)          103M (5%)           39M (2%)             -                  -          
[138.598s][info][gc,heap     ] GC(433) Reclaimed:         -                  -                70M (3%)          133M (7%)             -                  -          
[138.598s][info][gc          ] GC(433) Garbage Collection (Allocation Rate) 366M(18%)->346M(17%)
[139.207s][info][gc,start    ] GC(434) Garbage Collection (Allocation Rate)
[139.207s][info][gc,task     ] GC(434) Using 2 workers
[139.207s][info][gc,phases   ] GC(434) Pause Mark Start 0.009ms
[139.264s][info][gc,phases   ] GC(434) Concurrent Mark 56.725ms
[139.264s][info][gc,phases   ] GC(434) Pause Mark End 0.107ms
[139.264s][info][gc,phases   ] GC(434) Concurrent Mark Free 0.001ms
[139.279s][info][gc,phases   ] GC(434) Concurrent Process Non-Strong References 15.055ms
[139.279s][info][gc,phases   ] GC(434) Concurrent Reset Relocation Set 0.004ms
[139.281s][info][gc,phases   ] GC(434) Concurrent Select Relocation Set 2.191ms
[139.281s][info][gc,phases   ] GC(434) Pause Relocate Start 0.009ms
[139.283s][info][gc,phases   ] GC(434) Concurrent Relocate 1.985ms
[139.283s][info][gc,load     ] GC(434) Load: 0.00/0.00/0.00
[139.283s][info][gc,mmu      ] GC(434) MMU: 2ms/83.4%, 5ms/93.4%, 10ms/96.7%, 20ms/97.9%, 50ms/99.2%, 100ms/99.5%
[139.283s][info][gc,marking  ] GC(434) Mark: 2 stripe(s), 2 proactive flush(es), 1 terminate flush(es), 1 completion(s), 0 continuation(s) 
[139.283s][info][gc,marking  ] GC(434) Mark Stack Usage: 32M
[139.283s][info][gc,nmethod  ] GC(434) NMethods: 11600 registered, 9572 unregistered
[139.283s][info][gc,metaspace] GC(434) Metaspace: 156M used, 157M committed, 1216M reserved
[139.283s][info][gc,ref      ] GC(434) Soft: 3279 encountered, 0 discovered, 0 enqueued
[139.283s][info][gc,ref      ] GC(434) Weak: 16976 encountered, 3961 discovered, 1894 enqueued
[139.283s][info][gc,ref      ] GC(434) Final: 52 encountered, 0 discovered, 0 enqueued
[139.283s][info][gc,ref      ] GC(434) Phantom: 600 encountered, 369 discovered, 0 enqueued
[139.283s][info][gc,reloc    ] GC(434) Small Pages: 193 / 386M, Empty: 2M, Relocated: 4M, In-Place: 0
[139.283s][info][gc,reloc    ] GC(434) Medium Pages: 9 / 288M, Empty: 128M, Relocated: 0M, In-Place: 0
[139.283s][info][gc,reloc    ] GC(434) Large Pages: 40 / 240M, Empty: 240M, Relocated: 0M, In-Place: 0
[139.284s][info][gc,reloc    ] GC(434) Forwarding Usage: 0M
[139.284s][info][gc,heap     ] GC(434) Min Capacity: 2048M(100%)
[139.284s][info][gc,heap     ] GC(434) Max Capacity: 2048M(100%)
[139.284s][info][gc,heap     ] GC(434) Soft Max Capacity: 2048M(100%)
[139.284s][info][gc,heap     ] GC(434)                Mark Start          Mark End        Relocate Start      Relocate End           High               Low         
[139.284s][info][gc,heap     ] GC(434)  Capacity:     2048M (100%)       2048M (100%)       2048M (100%)       2048M (100%)       2048M (100%)       2048M (100%)   
[139.284s][info][gc,heap     ] GC(434)      Free:     1134M (55%)        1062M (52%)        1406M (69%)        1716M (84%)        1716M (84%)        1040M (51%)    
[139.284s][info][gc,heap     ] GC(434)      Used:      914M (45%)         986M (48%)         642M (31%)         332M (16%)        1008M (49%)         332M (16%)    
[139.284s][info][gc,heap     ] GC(434)      Live:         -               195M (10%)         195M (10%)         195M (10%)            -                  -          
[139.284s][info][gc,heap     ] GC(434) Allocated:         -                72M (4%)           98M (5%)           97M (5%)             -                  -          
[139.284s][info][gc,heap     ] GC(434)   Garbage:         -               718M (35%)         348M (17%)          38M (2%)             -                  -          
[139.284s][info][gc,heap     ] GC(434) Reclaimed:         -                  -               370M (18%)         679M (33%)            -                  -          
[139.284s][info][gc          ] GC(434) Garbage Collection (Allocation Rate) 914M(45%)->332M(16%)
[139.369s][info][gc,start    ] GC(435) Garbage Collection (System.gc())
[139.369s][info][gc,task     ] GC(435) Using 2 workers
[139.370s][info][gc,phases   ] GC(435) Pause Mark Start 0.012ms
[139.423s][info][gc,phases   ] GC(435) Concurrent Mark 52.852ms
[139.423s][info][gc,phases   ] GC(435) Pause Mark End 0.032ms
[139.423s][info][gc,phases   ] GC(435) Concurrent Mark Free 0.003ms
[139.436s][info][gc,phases   ] GC(435) Concurrent Process Non-Strong References 12.962ms
[139.436s][info][gc,phases   ] GC(435) Concurrent Reset Relocation Set 0.010ms
[139.438s][info][gc,phases   ] GC(435) Concurrent Select Relocation Set 1.804ms
[139.438s][info][gc,phases   ] GC(435) Pause Relocate Start 0.007ms
[139.440s][info][gc,phases   ] GC(435) Concurrent Relocate 1.431ms
[139.440s][info][gc,load     ] GC(435) Load: 0.00/0.00/0.00
[139.440s][info][gc,mmu      ] GC(435) MMU: 2ms/83.4%, 5ms/93.4%, 10ms/96.7%, 20ms/97.9%, 50ms/99.2%, 100ms/99.5%
[139.440s][info][gc,marking  ] GC(435) Mark: 2 stripe(s), 2 proactive flush(es), 1 terminate flush(es), 0 completion(s), 0 continuation(s) 
[139.440s][info][gc,marking  ] GC(435) Mark Stack Usage: 32M
[139.440s][info][gc,nmethod  ] GC(435) NMethods: 11599 registered, 9576 unregistered
[139.440s][info][gc,metaspace] GC(435) Metaspace: 156M used, 157M committed, 1216M reserved
[139.440s][info][gc,ref      ] GC(435) Soft: 3491 encountered, 0 discovered, 0 enqueued
[139.440s][info][gc,ref      ] GC(435) Weak: 15671 encountered, 4136 discovered, 545 enqueued
[139.440s][info][gc,ref      ] GC(435) Final: 52 encountered, 4 discovered, 0 enqueued
[139.440s][info][gc,ref      ] GC(435) Phantom: 600 encountered, 350 discovered, 0 enqueued
[139.440s][info][gc,reloc    ] GC(435) Small Pages: 91 / 182M, Empty: 0M, Relocated: 2M, In-Place: 0
[139.440s][info][gc,reloc    ] GC(435) Medium Pages: 6 / 192M, Empty: 96M, Relocated: 0M, In-Place: 0
[139.440s][info][gc,reloc    ] GC(435) Large Pages: 4 / 24M, Empty: 24M, Relocated: 0M, In-Place: 0
[139.440s][info][gc,reloc    ] GC(435) Forwarding Usage: 0M
[139.440s][info][gc,heap     ] GC(435) Min Capacity: 2048M(100%)
[139.440s][info][gc,heap     ] GC(435) Max Capacity: 2048M(100%)
[139.440s][info][gc,heap     ] GC(435) Soft Max Capacity: 2048M(100%)
[139.440s][info][gc,heap     ] GC(435)                Mark Start          Mark End        Relocate Start      Relocate End           High               Low         
[139.440s][info][gc,heap     ] GC(435)  Capacity:     2048M (100%)       2048M (100%)       2048M (100%)       2048M (100%)       2048M (100%)       2048M (100%)   
[139.440s][info][gc,heap     ] GC(435)      Free:     1650M (81%)        1648M (80%)        1756M (86%)        1864M (91%)        1864M (91%)        1638M (80%)    
[139.440s][info][gc,heap     ] GC(435)      Used:      398M (19%)         400M (20%)         292M (14%)         184M (9%)          410M (20%)         184M (9%)     
[139.440s][info][gc,heap     ] GC(435)      Live:         -               130M (6%)          130M (6%)          130M (6%)             -                  -          
[139.440s][info][gc,heap     ] GC(435) Allocated:         -                 2M (0%)           14M (1%)           17M (1%)             -                  -          
[139.440s][info][gc,heap     ] GC(435)   Garbage:         -               267M (13%)         147M (7%)           35M (2%)             -                  -          
[139.440s][info][gc,heap     ] GC(435) Reclaimed:         -                  -               120M (6%)          231M (11%)            -                  -          
[139.440s][info][gc          ] GC(435) Garbage Collection (System.gc()) 398M(19%)->184M(9%)
[139.708s][info][gc,start    ] GC(436) Garbage Collection (Allocation Rate)
[139.708s][info][gc,task     ] GC(436) Using 2 workers
[139.708s][info][gc,phases   ] GC(436) Pause Mark Start 0.015ms
[139.802s][info][gc,phases   ] GC(436) Concurrent Mark 93.735ms
[139.802s][info][gc,phases   ] GC(436) Pause Mark End 0.041ms
[139.802s][info][gc,phases   ] GC(436) Concurrent Mark Free 0.002ms
[139.831s][info][gc,phases   ] GC(436) Concurrent Process Non-Strong References 28.810ms
[139.831s][info][gc,phases   ] GC(436) Concurrent Reset Relocation Set 0.004ms
[139.831s][info][gc          ] Allocation Stall (Executor task launch worker for task 2.0 in stage 3039.0 (TID 12160)) 43.502ms
[139.831s][info][gc          ] Allocation Stall (dispatcher-BlockManagerMaster) 0.099ms
[139.831s][info][gc          ] Allocation Stall (netty-rpc-env-timeout) 0.091ms
[139.831s][info][gc          ] Allocation Stall (Executor task launch worker for task 0.0 in stage 3039.0 (TID 12158)) 43.818ms
[139.831s][info][gc          ] Allocation Stall (Executor task launch worker for task 3.0 in stage 3039.0 (TID 12161)) 43.900ms
[139.831s][info][gc          ] Allocation Stall (Executor task launch worker for task 4.0 in stage 3039.0 (TID 12162)) 44.425ms
[139.831s][info][gc          ] Allocation Stall (Executor task launch worker for task 1.0 in stage 3039.0 (TID 12159)) 43.051ms
[139.837s][info][gc,phases   ] GC(436) Concurrent Select Relocation Set 5.925ms
[139.838s][info][gc,phases   ] GC(436) Pause Relocate Start 0.026ms
[139.862s][info][gc,phases   ] GC(436) Concurrent Relocate 23.886ms
[139.862s][info][gc,load     ] GC(436) Load: 0.00/0.00/0.00
[139.862s][info][gc,mmu      ] GC(436) MMU: 2ms/83.4%, 5ms/93.4%, 10ms/96.7%, 20ms/97.9%, 50ms/99.2%, 100ms/99.5%
[139.862s][info][gc,marking  ] GC(436) Mark: 2 stripe(s), 2 proactive flush(es), 1 terminate flush(es), 0 completion(s), 0 continuation(s) 
[139.862s][info][gc,marking  ] GC(436) Mark Stack Usage: 32M
[139.862s][info][gc,nmethod  ] GC(436) NMethods: 11602 registered, 9581 unregistered
[139.862s][info][gc,metaspace] GC(436) Metaspace: 156M used, 157M committed, 1216M reserved
[139.862s][info][gc,ref      ] GC(436) Soft: 3555 encountered, 0 discovered, 0 enqueued
[139.862s][info][gc,ref      ] GC(436) Weak: 15496 encountered, 3661 discovered, 225 enqueued
[139.862s][info][gc,ref      ] GC(436) Final: 52 encountered, 0 discovered, 0 enqueued
[139.862s][info][gc,ref      ] GC(436) Phantom: 600 encountered, 372 discovered, 0 enqueued
[139.862s][info][gc,reloc    ] GC(436) Small Pages: 689 / 1378M, Empty: 1038M, Relocated: 8M, In-Place: 0
[139.862s][info][gc,reloc    ] GC(436) Medium Pages: 7 / 224M, Empty: 0M, Relocated: 44M, In-Place: 0
[139.862s][info][gc,reloc    ] GC(436) Large Pages: 6 / 36M, Empty: 36M, Relocated: 0M, In-Place: 0
[139.862s][info][gc,reloc    ] GC(436) Forwarding Usage: 1M
[139.862s][info][gc,heap     ] GC(436) Min Capacity: 2048M(100%)
[139.862s][info][gc,heap     ] GC(436) Max Capacity: 2048M(100%)
[139.862s][info][gc,heap     ] GC(436) Soft Max Capacity: 2048M(100%)
[139.862s][info][gc,heap     ] GC(436)                Mark Start          Mark End        Relocate Start      Relocate End           High               Low         
[139.862s][info][gc,heap     ] GC(436)  Capacity:     2048M (100%)       2048M (100%)       2048M (100%)       2048M (100%)       2048M (100%)       2048M (100%)   
[139.862s][info][gc,heap     ] GC(436)      Free:      410M (20%)           0M (0%)         1028M (50%)        1252M (61%)        1262M (62%)           0M (0%)     
[139.862s][info][gc,heap     ] GC(436)      Used:     1638M (80%)        2048M (100%)       1020M (50%)         796M (39%)        2048M (100%)        786M (38%)    
[139.862s][info][gc,heap     ] GC(436)      Live:         -               168M (8%)          168M (8%)          168M (8%)             -                  -          
[139.862s][info][gc,heap     ] GC(436) Allocated:         -               410M (20%)         456M (22%)         584M (29%)            -                  -          
[139.862s][info][gc,heap     ] GC(436)   Garbage:         -              1469M (72%)         395M (19%)          42M (2%)             -                  -          
[139.862s][info][gc,heap     ] GC(436) Reclaimed:         -                  -              1074M (52%)        1426M (70%)            -                  -          
[139.862s][info][gc          ] GC(436) Garbage Collection (Allocation Rate) 1638M(80%)->796M(39%)
[139.916s][info][gc,start    ] GC(437) Garbage Collection (Allocation Stall)
[139.916s][info][gc,ref      ] GC(437) Clearing All SoftReferences
[139.916s][info][gc,task     ] GC(437) Using 2 workers
[139.916s][info][gc,ref      ] GC(437) Clearing All SoftReferences
[139.916s][info][gc,phases   ] GC(437) Pause Mark Start 0.049ms
[139.975s][info][gc,phases   ] GC(437) Concurrent Mark 58.895ms
[139.975s][info][gc,phases   ] GC(437) Pause Mark End 0.144ms
[139.975s][info][gc,phases   ] GC(437) Concurrent Mark Free 0.002ms
[140.008s][info][gc,phases   ] GC(437) Concurrent Process Non-Strong References 33.258ms
[140.009s][info][gc,phases   ] GC(437) Concurrent Reset Relocation Set 0.009ms
[140.010s][info][gc,phases   ] GC(437) Concurrent Select Relocation Set 1.874ms
[140.011s][info][gc,phases   ] GC(437) Pause Relocate Start 0.009ms
[140.025s][info][gc,phases   ] GC(437) Concurrent Relocate 14.436ms
[140.025s][info][gc,load     ] GC(437) Load: 0.00/0.00/0.00
[140.025s][info][gc,mmu      ] GC(437) MMU: 2ms/83.4%, 5ms/93.4%, 10ms/96.7%, 20ms/97.9%, 50ms/99.2%, 100ms/99.5%
[140.025s][info][gc,marking  ] GC(437) Mark: 2 stripe(s), 3 proactive flush(es), 1 terminate flush(es), 1 completion(s), 0 continuation(s) 
[140.025s][info][gc,marking  ] GC(437) Mark Stack Usage: 32M
[140.025s][info][gc,nmethod  ] GC(437) NMethods: 11605 registered, 9582 unregistered
[140.025s][info][gc,metaspace] GC(437) Metaspace: 156M used, 157M committed, 1216M reserved
[140.025s][info][gc,ref      ] GC(437) Soft: 3489 encountered, 3113 discovered, 224 enqueued
[140.025s][info][gc,ref      ] GC(437) Weak: 15388 encountered, 2841 discovered, 197 enqueued
[140.025s][info][gc,ref      ] GC(437) Final: 52 encountered, 0 discovered, 0 enqueued
[140.025s][info][gc,ref      ] GC(437) Phantom: 600 encountered, 373 discovered, 0 enqueued
[140.025s][info][gc,reloc    ] GC(437) Small Pages: 292 / 584M, Empty: 338M, Relocated: 3M, In-Place: 0
[140.025s][info][gc,reloc    ] GC(437) Medium Pages: 8 / 256M, Empty: 0M, Relocated: 46M, In-Place: 0
[140.025s][info][gc,reloc    ] GC(437) Large Pages: 3 / 18M, Empty: 18M, Relocated: 0M, In-Place: 0
[140.025s][info][gc,reloc    ] GC(437) Forwarding Usage: 0M
[140.025s][info][gc,heap     ] GC(437) Min Capacity: 2048M(100%)
[140.025s][info][gc,heap     ] GC(437) Max Capacity: 2048M(100%)
[140.025s][info][gc,heap     ] GC(437) Soft Max Capacity: 2048M(100%)
[140.025s][info][gc,heap     ] GC(437)                Mark Start          Mark End        Relocate Start      Relocate End           High               Low         
[140.025s][info][gc,heap     ] GC(437)  Capacity:     2048M (100%)       2048M (100%)       2048M (100%)       2048M (100%)       2048M (100%)       2048M (100%)   
[140.025s][info][gc,heap     ] GC(437)      Free:     1190M (58%)        1118M (55%)        1444M (71%)        1710M (83%)        1710M (83%)        1092M (53%)    
[140.025s][info][gc,heap     ] GC(437)      Used:      858M (42%)         930M (45%)         604M (29%)         338M (17%)         956M (47%)         338M (17%)    
[140.025s][info][gc,heap     ] GC(437)      Live:         -               193M (9%)          193M (9%)          193M (9%)             -                  -          
[140.025s][info][gc,heap     ] GC(437) Allocated:         -                72M (4%)          102M (5%)          105M (5%)             -                  -          
[140.025s][info][gc,heap     ] GC(437)   Garbage:         -               664M (32%)         308M (15%)          38M (2%)             -                  -          
[140.025s][info][gc,heap     ] GC(437) Reclaimed:         -                  -               356M (17%)         625M (31%)            -                  -          
[140.025s][info][gc          ] GC(437) Garbage Collection (Allocation Stall) 858M(42%)->338M(17%)
[140.111s][info][gc,stats    ] === Garbage Collection Statistics =======================================================================================================================
[140.111s][info][gc,start    ] GC(438) Garbage Collection (Allocation Rate)
[140.111s][info][gc,stats    ]                                                              Last 10s              Last 10m              Last 10h                Total
[140.111s][info][gc,task     ] GC(438) Using 2 workers
[140.111s][info][gc,stats    ]                                                              Avg / Max             Avg / Max             Avg / Max             Avg / Max
[140.112s][info][gc,stats    ]   Collector: Garbage Collection Cycle                     93.654 / 153.926      94.201 / 235.178      94.201 / 235.178      94.201 / 235.178     ms
[140.112s][info][gc,stats    ]  Contention: Mark Segment Reset Contention                     2 / 7                 3 / 51                3 / 51                3 / 51          ops/s
[140.112s][info][gc,stats    ]  Contention: Mark SeqNum Reset Contention                      0 / 1                 0 / 3                 0 / 3                 0 / 3           ops/s
[140.112s][info][gc,stats    ]    Critical: Allocation Stall                                  3 / 7                 2 / 8                 2 / 8                 2 / 8           ops/s
[140.112s][info][gc,phases   ] GC(438) Pause Mark Start 0.008ms
[140.112s][info][gc,stats    ]    Critical: Allocation Stall                             28.854 / 56.238       41.248 / 93.951       41.248 / 93.951       41.248 / 93.951      ms
[140.112s][info][gc,stats    ]    Critical: GC Locker Stall                                   0 / 0                 0 / 2                 0 / 2                 0 / 2           ops/s
[140.112s][info][gc,stats    ]    Critical: GC Locker Stall                               0.000 / 0.000         0.017 / 0.041         0.017 / 0.041         0.017 / 0.041       ms
[140.112s][info][gc,stats    ]    Critical: Relocation Stall                                  0 / 0                 0 / 0                 0 / 0                 0 / 0           ops/s
[140.112s][info][gc,stats    ]    Critical: Relocation Stall                              0.000 / 0.000         0.000 / 0.000         0.000 / 0.000         0.000 / 0.000       ms
[140.112s][info][gc,stats    ]      Memory: Allocation Rate                                2058 / 2810           1700 / 3030           1700 / 3030           1700 / 3030        MB/s
[140.112s][info][gc,stats    ]      Memory: Defragment                                       72 / 149              50 / 149              50 / 149              50 / 149         ops/s
[140.112s][info][gc,stats    ]      Memory: Out Of Memory                                     0 / 0                 0 / 0                 0 / 0                 0 / 0           ops/s
[140.112s][info][gc,stats    ]      Memory: Page Cache Flush                                305 / 714             229 / 714             229 / 714             229 / 714         MB/s
[140.112s][info][gc,stats    ]      Memory: Page Cache Hit L1                               708 / 1003            588 / 1168            588 / 1168            588 / 1168        ops/s
[140.112s][info][gc,stats    ]      Memory: Page Cache Hit L2                                 0 / 0                 0 / 0                 0 / 0                 0 / 0           ops/s
[140.112s][info][gc,stats    ]      Memory: Page Cache Hit L3                                63 / 109              52 / 265              52 / 265              52 / 265         ops/s
[140.112s][info][gc,stats    ]      Memory: Page Cache Miss                                  10 / 26                8 / 26                8 / 26                8 / 26          ops/s
[140.112s][info][gc,stats    ]      Memory: Uncommit                                          0 / 0                 0 / 0                 0 / 0                 0 / 0           MB/s
[140.112s][info][gc,stats    ]      Memory: Undo Object Allocation Failed                     0 / 6                 0 / 6                 0 / 6                 0 / 6           ops/s
[140.112s][info][gc,stats    ]      Memory: Undo Object Allocation Succeeded                190 / 874              89 / 2789             89 / 2789             89 / 2789        ops/s
[140.112s][info][gc,stats    ]      Memory: Undo Page Allocation                              4 / 9                 3 / 12                3 / 12                3 / 12          ops/s
[140.112s][info][gc,stats    ]       Phase: Concurrent Mark                              63.335 / 109.151      60.269 / 160.845      60.269 / 160.845      60.269 / 160.845     ms
[140.112s][info][gc,stats    ]       Phase: Concurrent Mark Continue                      0.000 / 0.000        15.071 / 15.112       15.071 / 15.112       15.071 / 15.112      ms
[140.112s][info][gc,stats    ]       Phase: Concurrent Mark Free                          0.002 / 0.004         0.002 / 0.005         0.002 / 0.005         0.002 / 0.005       ms
[140.112s][info][gc,stats    ]       Phase: Concurrent Process Non-Strong References     19.354 / 38.481       22.814 / 63.816       22.814 / 63.816       22.814 / 63.816      ms
[140.112s][info][gc,stats    ]       Phase: Concurrent Relocate                           7.346 / 33.024        7.322 / 78.506        7.322 / 78.506        7.322 / 78.506      ms
[140.112s][info][gc,stats    ]       Phase: Concurrent Reset Relocation Set               0.006 / 0.014         0.006 / 0.023         0.006 / 0.023         0.006 / 0.023       ms
[140.112s][info][gc,stats    ]       Phase: Concurrent Select Relocation Set              2.576 / 6.261         2.501 / 6.805         2.501 / 6.805         2.501 / 6.805       ms
[140.112s][info][gc,stats    ]       Phase: Pause Mark End                                0.056 / 0.238         0.052 / 0.331         0.052 / 0.331         0.052 / 0.331       ms
[140.112s][info][gc,stats    ]       Phase: Pause Mark Start                              0.016 / 0.066         0.016 / 0.077         0.016 / 0.077         0.016 / 0.077       ms
[140.112s][info][gc,stats    ]       Phase: Pause Relocate Start                          0.011 / 0.026         0.011 / 0.086         0.011 / 0.086         0.011 / 0.086       ms
[140.112s][info][gc,stats    ]    Subphase: Concurrent Classes Purge                      0.163 / 0.307         0.177 / 9.707         0.177 / 9.707         0.177 / 9.707       ms
[140.112s][info][gc,stats    ]    Subphase: Concurrent Classes Unlink                    17.279 / 36.055       20.435 / 38.983       20.435 / 38.983       20.435 / 38.983      ms
[140.112s][info][gc,stats    ]    Subphase: Concurrent Mark                              52.532 / 101.174      50.123 / 147.243      50.123 / 147.243      50.123 / 147.243     ms
[140.112s][info][gc,stats    ]    Subphase: Concurrent Mark Try Flush                     0.391 / 17.933        0.483 / 29.293        0.483 / 29.293        0.483 / 29.293      ms
[140.112s][info][gc,stats    ]    Subphase: Concurrent Mark Try Terminate                 3.843 / 20.021        3.476 / 22.417        3.476 / 22.417        3.476 / 22.417      ms
[140.112s][info][gc,stats    ]    Subphase: Concurrent References Enqueue                 0.006 / 0.008         0.005 / 0.017         0.005 / 0.017         0.005 / 0.017       ms
[140.112s][info][gc,stats    ]    Subphase: Concurrent References Process                 0.395 / 0.725         0.452 / 1.136         0.452 / 1.136         0.452 / 1.136       ms
[140.112s][info][gc,stats    ]    Subphase: Concurrent Roots ClassLoaderDataGraph         0.219 / 0.554         0.209 / 0.595         0.209 / 0.595         0.209 / 0.595       ms
[140.112s][info][gc,stats    ]    Subphase: Concurrent Roots CodeCache                    0.000 / 0.000         0.000 / 0.000         0.000 / 0.000         0.000 / 0.000       ms
[140.112s][info][gc,stats    ]    Subphase: Concurrent Roots JavaThreads                  4.505 / 8.456         4.748 / 13.179        4.748 / 13.179        4.748 / 13.179      ms
[140.112s][info][gc,stats    ]    Subphase: Concurrent Roots OopStorageSet                0.072 / 0.148         0.067 / 0.307         0.067 / 0.307         0.067 / 0.307       ms
[140.112s][info][gc,stats    ]    Subphase: Concurrent Weak Roots OopStorageSet           1.080 / 1.559         1.029 / 2.203         1.029 / 2.203         1.029 / 2.203       ms
[140.112s][info][gc,stats    ]    Subphase: Pause Mark Try Complete                       0.017 / 0.135         0.019 / 0.234         0.019 / 0.234         0.019 / 0.234       ms
[140.112s][info][gc,stats    ]      System: Java Threads                                    283 / 284             275 / 286             275 / 286             275 / 286         threads
[140.112s][info][gc,stats    ] =========================================================================================================================================================
[140.168s][info][gc,phases   ] GC(438) Concurrent Mark 56.477ms
[140.168s][info][gc,phases   ] GC(438) Pause Mark End 0.082ms
[140.169s][info][gc,phases   ] GC(438) Concurrent Mark Free 0.001ms
[140.181s][info][gc,phases   ] GC(438) Concurrent Process Non-Strong References 12.278ms
[140.181s][info][gc,phases   ] GC(438) Concurrent Reset Relocation Set 0.006ms
[140.183s][info][gc,phases   ] GC(438) Concurrent Select Relocation Set 2.087ms
[140.183s][info][gc,phases   ] GC(438) Pause Relocate Start 0.009ms
[140.185s][info][gc,phases   ] GC(438) Concurrent Relocate 1.427ms
[140.185s][info][gc,load     ] GC(438) Load: 0.00/0.00/0.00
[140.185s][info][gc,mmu      ] GC(438) MMU: 2ms/83.4%, 5ms/93.4%, 10ms/96.7%, 20ms/97.9%, 50ms/99.2%, 100ms/99.5%
[140.185s][info][gc,marking  ] GC(438) Mark: 2 stripe(s), 2 proactive flush(es), 1 terminate flush(es), 1 completion(s), 0 continuation(s) 
[140.185s][info][gc,marking  ] GC(438) Mark Stack Usage: 32M
[140.185s][info][gc,nmethod  ] GC(438) NMethods: 11605 registered, 9582 unregistered
[140.185s][info][gc,metaspace] GC(438) Metaspace: 156M used, 157M committed, 1216M reserved
[140.185s][info][gc,ref      ] GC(438) Soft: 3270 encountered, 0 discovered, 0 enqueued
[140.185s][info][gc,ref      ] GC(438) Weak: 15579 encountered, 2176 discovered, 439 enqueued
[140.185s][info][gc,ref      ] GC(438) Final: 52 encountered, 0 discovered, 0 enqueued
[140.185s][info][gc,ref      ] GC(438) Phantom: 600 encountered, 369 discovered, 0 enqueued
[140.185s][info][gc,reloc    ] GC(438) Small Pages: 82 / 164M, Empty: 2M, Relocated: 3M, In-Place: 0
[140.185s][info][gc,reloc    ] GC(438) Medium Pages: 7 / 224M, Empty: 64M, Relocated: 0M, In-Place: 0
[140.185s][info][gc,reloc    ] GC(438) Large Pages: 10 / 60M, Empty: 60M, Relocated: 0M, In-Place: 0
[140.185s][info][gc,reloc    ] GC(438) Forwarding Usage: 0M
[140.185s][info][gc,heap     ] GC(438) Min Capacity: 2048M(100%)
[140.185s][info][gc,heap     ] GC(438) Max Capacity: 2048M(100%)
[140.185s][info][gc,heap     ] GC(438) Soft Max Capacity: 2048M(100%)
[140.185s][info][gc,heap     ] GC(438)                Mark Start          Mark End        Relocate Start      Relocate End           High               Low         
[140.185s][info][gc,heap     ] GC(438)  Capacity:     2048M (100%)       2048M (100%)       2048M (100%)       2048M (100%)       2048M (100%)       2048M (100%)   
[140.185s][info][gc,heap     ] GC(438)      Free:     1600M (78%)        1516M (74%)        1632M (80%)        1722M (84%)        1722M (84%)        1506M (74%)    
[140.185s][info][gc,heap     ] GC(438)      Used:      448M (22%)         532M (26%)         416M (20%)         326M (16%)         542M (26%)         326M (16%)    
[140.185s][info][gc,heap     ] GC(438)      Live:         -               193M (9%)          193M (9%)          193M (9%)             -                  -          
[140.185s][info][gc,heap     ] GC(438) Allocated:         -                84M (4%)           94M (5%)           93M (5%)             -                  -          
[140.185s][info][gc,heap     ] GC(438)   Garbage:         -               254M (12%)         128M (6%)           38M (2%)             -                  -          
[140.185s][info][gc,heap     ] GC(438) Reclaimed:         -                  -               126M (6%)          215M (11%)            -                  -          
[140.185s][info][gc          ] GC(438) Garbage Collection (Allocation Rate) 448M(22%)->326M(16%)
[140.203s][info][gc,start    ] GC(439) Garbage Collection (Allocation Rate)
[140.204s][info][gc,task     ] GC(439) Using 2 workers
[140.204s][info][gc,phases   ] GC(439) Pause Mark Start 0.008ms
[140.264s][info][gc,phases   ] GC(439) Concurrent Mark 60.475ms
[140.264s][info][gc,phases   ] GC(439) Pause Mark End 0.079ms
[140.264s][info][gc,phases   ] GC(439) Concurrent Mark Free 0.001ms
[140.279s][info][gc,phases   ] GC(439) Concurrent Process Non-Strong References 14.782ms
[140.279s][info][gc,phases   ] GC(439) Concurrent Reset Relocation Set 0.005ms
[140.281s][info][gc,phases   ] GC(439) Concurrent Select Relocation Set 2.053ms
[140.282s][info][gc,phases   ] GC(439) Pause Relocate Start 0.010ms
[140.283s][info][gc,phases   ] GC(439) Concurrent Relocate 1.533ms
[140.283s][info][gc,load     ] GC(439) Load: 0.00/0.00/0.00
[140.283s][info][gc,mmu      ] GC(439) MMU: 2ms/83.4%, 5ms/93.4%, 10ms/96.7%, 20ms/97.9%, 50ms/99.2%, 100ms/99.5%
[140.283s][info][gc,marking  ] GC(439) Mark: 2 stripe(s), 2 proactive flush(es), 1 terminate flush(es), 1 completion(s), 0 continuation(s) 
[140.283s][info][gc,marking  ] GC(439) Mark Stack Usage: 32M
[140.283s][info][gc,nmethod  ] GC(439) NMethods: 11606 registered, 9582 unregistered
[140.283s][info][gc,metaspace] GC(439) Metaspace: 156M used, 157M committed, 1216M reserved
[140.283s][info][gc,ref      ] GC(439) Soft: 3273 encountered, 0 discovered, 0 enqueued
[140.283s][info][gc,ref      ] GC(439) Weak: 15362 encountered, 3586 discovered, 296 enqueued
[140.283s][info][gc,ref      ] GC(439) Final: 52 encountered, 0 discovered, 0 enqueued
[140.283s][info][gc,ref      ] GC(439) Phantom: 600 encountered, 370 discovered, 0 enqueued
[140.283s][info][gc,reloc    ] GC(439) Small Pages: 67 / 134M, Empty: 0M, Relocated: 3M, In-Place: 0
[140.283s][info][gc,reloc    ] GC(439) Medium Pages: 6 / 192M, Empty: 32M, Relocated: 0M, In-Place: 0
[140.283s][info][gc,reloc    ] GC(439) Large Pages: 5 / 30M, Empty: 30M, Relocated: 0M, In-Place: 0
[140.283s][info][gc,reloc    ] GC(439) Forwarding Usage: 0M
[140.283s][info][gc,heap     ] GC(439) Min Capacity: 2048M(100%)
[140.283s][info][gc,heap     ] GC(439) Max Capacity: 2048M(100%)
[140.283s][info][gc,heap     ] GC(439) Soft Max Capacity: 2048M(100%)
[140.283s][info][gc,heap     ] GC(439)                Mark Start          Mark End        Relocate Start      Relocate End           High               Low         
[140.283s][info][gc,heap     ] GC(439)  Capacity:     2048M (100%)       2048M (100%)       2048M (100%)       2048M (100%)       2048M (100%)       2048M (100%)   
[140.283s][info][gc,heap     ] GC(439)      Free:     1692M (83%)        1610M (79%)        1650M (81%)        1710M (83%)        1710M (83%)        1590M (78%)    
[140.283s][info][gc,heap     ] GC(439)      Used:      356M (17%)         438M (21%)         398M (19%)         338M (17%)         458M (22%)         338M (17%)    
[140.283s][info][gc,heap     ] GC(439)      Live:         -               193M (9%)          193M (9%)          193M (9%)             -                  -          
[140.283s][info][gc,heap     ] GC(439) Allocated:         -                82M (4%)          104M (5%)          105M (5%)             -                  -          
[140.283s][info][gc,heap     ] GC(439)   Garbage:         -               162M (8%)          100M (5%)           38M (2%)             -                  -          
[140.283s][info][gc,heap     ] GC(439) Reclaimed:         -                  -                62M (3%)          123M (6%)             -                  -          
[140.283s][info][gc          ] GC(439) Garbage Collection (Allocation Rate) 356M(17%)->338M(17%)
[140.705s][info][gc,start    ] GC(440) Garbage Collection (Allocation Rate)
[140.705s][info][gc,task     ] GC(440) Using 1 workers
[140.705s][info][gc,phases   ] GC(440) Pause Mark Start 0.006ms
[140.790s][info][gc,phases   ] GC(440) Concurrent Mark 85.017ms
[140.790s][info][gc,phases   ] GC(440) Pause Mark End 0.025ms
[140.790s][info][gc,phases   ] GC(440) Concurrent Mark Free 0.002ms
[140.818s][info][gc,phases   ] GC(440) Concurrent Process Non-Strong References 28.064ms
[140.818s][info][gc,phases   ] GC(440) Concurrent Reset Relocation Set 0.003ms
[140.821s][info][gc,phases   ] GC(440) Concurrent Select Relocation Set 2.152ms
[140.821s][info][gc,phases   ] GC(440) Pause Relocate Start 0.009ms
[140.824s][info][gc,phases   ] GC(440) Concurrent Relocate 2.709ms
[140.824s][info][gc,load     ] GC(440) Load: 0.00/0.00/0.00
[140.824s][info][gc,mmu      ] GC(440) MMU: 2ms/83.4%, 5ms/93.4%, 10ms/96.7%, 20ms/97.9%, 50ms/99.2%, 100ms/99.5%
[140.824s][info][gc,marking  ] GC(440) Mark: 1 stripe(s), 2 proactive flush(es), 1 terminate flush(es), 0 completion(s), 0 continuation(s) 
[140.824s][info][gc,marking  ] GC(440) Mark Stack Usage: 32M
[140.824s][info][gc,nmethod  ] GC(440) NMethods: 11615 registered, 9590 unregistered
[140.824s][info][gc,metaspace] GC(440) Metaspace: 156M used, 157M committed, 1216M reserved
[140.824s][info][gc,ref      ] GC(440) Soft: 3270 encountered, 0 discovered, 0 enqueued
[140.824s][info][gc,ref      ] GC(440) Weak: 16461 encountered, 4823 discovered, 1309 enqueued
[140.824s][info][gc,ref      ] GC(440) Final: 52 encountered, 0 discovered, 0 enqueued
[140.824s][info][gc,ref      ] GC(440) Phantom: 600 encountered, 435 discovered, 0 enqueued
[140.824s][info][gc,reloc    ] GC(440) Small Pages: 152 / 304M, Empty: 12M, Relocated: 3M, In-Place: 0
[140.824s][info][gc,reloc    ] GC(440) Medium Pages: 8 / 256M, Empty: 96M, Relocated: 0M, In-Place: 0
[140.824s][info][gc,reloc    ] GC(440) Large Pages: 28 / 168M, Empty: 168M, Relocated: 0M, In-Place: 0
[140.824s][info][gc,reloc    ] GC(440) Forwarding Usage: 0M
[140.824s][info][gc,heap     ] GC(440) Min Capacity: 2048M(100%)
[140.824s][info][gc,heap     ] GC(440) Max Capacity: 2048M(100%)
[140.824s][info][gc,heap     ] GC(440) Soft Max Capacity: 2048M(100%)
[140.824s][info][gc,heap     ] GC(440)                Mark Start          Mark End        Relocate Start      Relocate End           High               Low         
[140.824s][info][gc,heap     ] GC(440)  Capacity:     2048M (100%)       2048M (100%)       2048M (100%)       2048M (100%)       2048M (100%)       2048M (100%)   
[140.824s][info][gc,heap     ] GC(440)      Free:     1320M (64%)        1226M (60%)        1460M (71%)        1676M (82%)        1676M (82%)        1184M (58%)    
[140.824s][info][gc,heap     ] GC(440)      Used:      728M (36%)         822M (40%)         588M (29%)         372M (18%)         864M (42%)         372M (18%)    
[140.824s][info][gc,heap     ] GC(440)      Live:         -               195M (10%)         195M (10%)         195M (10%)            -                  -          
[140.824s][info][gc,heap     ] GC(440) Allocated:         -                94M (5%)          136M (7%)          137M (7%)             -                  -          
[140.824s][info][gc,heap     ] GC(440)   Garbage:         -               532M (26%)         256M (13%)          38M (2%)             -                  -          
[140.824s][info][gc,heap     ] GC(440) Reclaimed:         -                  -               276M (13%)         493M (24%)            -                  -          
[140.824s][info][gc          ] GC(440) Garbage Collection (Allocation Rate) 728M(36%)->372M(18%)
[140.910s][info][gc,start    ] GC(441) Garbage Collection (Allocation Rate)
[140.910s][info][gc,task     ] GC(441) Using 1 workers
[140.910s][info][gc,phases   ] GC(441) Pause Mark Start 0.010ms
[140.995s][info][gc,phases   ] GC(441) Concurrent Mark 84.391ms
[140.995s][info][gc,phases   ] GC(441) Pause Mark End 0.017ms
[140.995s][info][gc,phases   ] GC(441) Concurrent Mark Free 0.001ms
[141.022s][info][gc,phases   ] GC(441) Concurrent Process Non-Strong References 27.471ms
[141.022s][info][gc,phases   ] GC(441) Concurrent Reset Relocation Set 0.007ms
[141.025s][info][gc,phases   ] GC(441) Concurrent Select Relocation Set 2.412ms
[141.025s][info][gc,phases   ] GC(441) Pause Relocate Start 0.010ms
[141.029s][info][gc,phases   ] GC(441) Concurrent Relocate 3.619ms
[141.029s][info][gc,load     ] GC(441) Load: 0.00/0.00/0.00
[141.029s][info][gc,mmu      ] GC(441) MMU: 2ms/83.4%, 5ms/93.4%, 10ms/96.7%, 20ms/97.9%, 50ms/99.2%, 100ms/99.5%
[141.029s][info][gc,marking  ] GC(441) Mark: 1 stripe(s), 2 proactive flush(es), 1 terminate flush(es), 0 completion(s), 0 continuation(s) 
[141.029s][info][gc,marking  ] GC(441) Mark Stack Usage: 32M
[141.029s][info][gc,nmethod  ] GC(441) NMethods: 11616 registered, 9591 unregistered
[141.029s][info][gc,metaspace] GC(441) Metaspace: 156M used, 157M committed, 1216M reserved
[141.029s][info][gc,ref      ] GC(441) Soft: 3268 encountered, 0 discovered, 0 enqueued
[141.029s][info][gc,ref      ] GC(441) Weak: 15667 encountered, 4141 discovered, 598 enqueued
[141.029s][info][gc,ref      ] GC(441) Final: 52 encountered, 0 discovered, 0 enqueued
[141.029s][info][gc,ref      ] GC(441) Phantom: 600 encountered, 386 discovered, 0 enqueued
[141.029s][info][gc,reloc    ] GC(441) Small Pages: 103 / 206M, Empty: 4M, Relocated: 4M, In-Place: 0
[141.029s][info][gc,reloc    ] GC(441) Medium Pages: 6 / 192M, Empty: 32M, Relocated: 0M, In-Place: 0
[141.029s][info][gc,reloc    ] GC(441) Large Pages: 11 / 66M, Empty: 66M, Relocated: 0M, In-Place: 0
[141.029s][info][gc,reloc    ] GC(441) Forwarding Usage: 0M
[141.029s][info][gc,heap     ] GC(441) Min Capacity: 2048M(100%)
[141.029s][info][gc,heap     ] GC(441) Max Capacity: 2048M(100%)
[141.029s][info][gc,heap     ] GC(441) Soft Max Capacity: 2048M(100%)
[141.029s][info][gc,heap     ] GC(441)                Mark Start          Mark End        Relocate Start      Relocate End           High               Low         
[141.029s][info][gc,heap     ] GC(441)  Capacity:     2048M (100%)       2048M (100%)       2048M (100%)       2048M (100%)       2048M (100%)       2048M (100%)   
[141.029s][info][gc,heap     ] GC(441)      Free:     1584M (77%)        1484M (72%)        1554M (76%)        1674M (82%)        1680M (82%)        1452M (71%)    
[141.029s][info][gc,heap     ] GC(441)      Used:      464M (23%)         564M (28%)         494M (24%)         374M (18%)         596M (29%)         368M (18%)    
[141.029s][info][gc,heap     ] GC(441)      Live:         -               194M (9%)          194M (9%)          194M (9%)             -                  -          
[141.029s][info][gc,heap     ] GC(441) Allocated:         -               100M (5%)          132M (6%)          141M (7%)             -                  -          
[141.029s][info][gc,heap     ] GC(441)   Garbage:         -               269M (13%)         167M (8%)           37M (2%)             -                  -          
[141.029s][info][gc,heap     ] GC(441) Reclaimed:         -                  -               102M (5%)          231M (11%)            -                  -          
[141.029s][info][gc          ] GC(441) Garbage Collection (Allocation Rate) 464M(23%)->374M(18%)
[141.110s][info][gc,start    ] GC(442) Garbage Collection (System.gc())
[141.110s][info][gc,task     ] GC(442) Using 2 workers
[141.110s][info][gc,phases   ] GC(442) Pause Mark Start 0.010ms
[141.167s][info][gc,phases   ] GC(442) Concurrent Mark 56.597ms
[141.167s][info][gc,phases   ] GC(442) Pause Mark End 0.031ms
[141.167s][info][gc,phases   ] GC(442) Concurrent Mark Free 0.003ms
[141.180s][info][gc,phases   ] GC(442) Concurrent Process Non-Strong References 13.019ms
[141.180s][info][gc,phases   ] GC(442) Concurrent Reset Relocation Set 0.006ms
[141.182s][info][gc,phases   ] GC(442) Concurrent Select Relocation Set 2.010ms
[141.182s][info][gc,phases   ] GC(442) Pause Relocate Start 0.009ms
[141.186s][info][gc,phases   ] GC(442) Concurrent Relocate 3.319ms
[141.186s][info][gc,load     ] GC(442) Load: 0.00/0.00/0.00
[141.186s][info][gc,mmu      ] GC(442) MMU: 2ms/83.4%, 5ms/93.4%, 10ms/96.7%, 20ms/97.9%, 50ms/99.2%, 100ms/99.5%
[141.186s][info][gc,marking  ] GC(442) Mark: 2 stripe(s), 2 proactive flush(es), 1 terminate flush(es), 0 completion(s), 0 continuation(s) 
[141.186s][info][gc,marking  ] GC(442) Mark Stack Usage: 32M
[141.186s][info][gc,nmethod  ] GC(442) NMethods: 11615 registered, 9594 unregistered
[141.186s][info][gc,metaspace] GC(442) Metaspace: 156M used, 157M committed, 1216M reserved
[141.186s][info][gc,ref      ] GC(442) Soft: 3486 encountered, 0 discovered, 0 enqueued
[141.186s][info][gc,ref      ] GC(442) Weak: 15813 encountered, 3423 discovered, 680 enqueued
[141.186s][info][gc,ref      ] GC(442) Final: 52 encountered, 0 discovered, 0 enqueued
[141.186s][info][gc,ref      ] GC(442) Phantom: 600 encountered, 370 discovered, 0 enqueued
[141.186s][info][gc,reloc    ] GC(442) Small Pages: 89 / 178M, Empty: 0M, Relocated: 2M, In-Place: 0
[141.186s][info][gc,reloc    ] GC(442) Medium Pages: 6 / 192M, Empty: 64M, Relocated: 12M, In-Place: 0
[141.186s][info][gc,reloc    ] GC(442) Large Pages: 7 / 42M, Empty: 42M, Relocated: 0M, In-Place: 0
[141.186s][info][gc,reloc    ] GC(442) Forwarding Usage: 1M
[141.186s][info][gc,heap     ] GC(442) Min Capacity: 2048M(100%)
[141.186s][info][gc,heap     ] GC(442) Max Capacity: 2048M(100%)
[141.186s][info][gc,heap     ] GC(442) Soft Max Capacity: 2048M(100%)
[141.186s][info][gc,heap     ] GC(442)                Mark Start          Mark End        Relocate Start      Relocate End           High               Low         
[141.186s][info][gc,heap     ] GC(442)  Capacity:     2048M (100%)       2048M (100%)       2048M (100%)       2048M (100%)       2048M (100%)       2048M (100%)   
[141.186s][info][gc,heap     ] GC(442)      Free:     1636M (80%)        1634M (80%)        1730M (84%)        1858M (91%)        1858M (91%)        1626M (79%)    
[141.186s][info][gc,heap     ] GC(442)      Used:      412M (20%)         414M (20%)         318M (16%)         190M (9%)          422M (21%)         190M (9%)     
[141.186s][info][gc,heap     ] GC(442)      Live:         -               131M (6%)          131M (6%)          131M (6%)             -                  -          
[141.186s][info][gc,heap     ] GC(442) Allocated:         -                 2M (0%)           12M (1%)           23M (1%)             -                  -          
[141.186s][info][gc,heap     ] GC(442)   Garbage:         -               280M (14%)         174M (9%)           34M (2%)             -                  -          
[141.186s][info][gc,heap     ] GC(442) Reclaimed:         -                  -               106M (5%)          245M (12%)            -                  -          
[141.186s][info][gc          ] GC(442) Garbage Collection (System.gc()) 412M(20%)->190M(9%)
[141.414s][info][gc,start    ] GC(443) Garbage Collection (Allocation Rate)
[141.414s][info][gc,task     ] GC(443) Using 2 workers
[141.414s][info][gc,phases   ] GC(443) Pause Mark Start 0.013ms
[141.508s][info][gc,phases   ] GC(443) Concurrent Mark 93.614ms
[141.508s][info][gc,phases   ] GC(443) Pause Mark End 0.032ms
[141.508s][info][gc,phases   ] GC(443) Concurrent Mark Free 0.002ms
[141.542s][info][gc,phases   ] GC(443) Concurrent Process Non-Strong References 33.533ms
[141.542s][info][gc,phases   ] GC(443) Concurrent Reset Relocation Set 0.005ms
[141.542s][info][gc          ] Allocation Stall (Executor task launch worker for task 4.0 in stage 3085.0 (TID 12346)) 19.818ms
[141.542s][info][gc          ] Allocation Stall (Executor task launch worker for task 3.0 in stage 3085.0 (TID 12345)) 19.253ms
[141.542s][info][gc          ] Allocation Stall (Executor task launch worker for task 1.0 in stage 3085.0 (TID 12343)) 20.066ms
[141.542s][info][gc          ] Allocation Stall (Executor task launch worker for task 2.0 in stage 3085.0 (TID 12344)) 20.844ms
[141.542s][info][gc          ] Allocation Stall (Executor task launch worker for task 0.0 in stage 3085.0 (TID 12342)) 19.689ms
[141.542s][info][gc          ] Allocation Stall (dispatcher-BlockManagerEndpoint1) 0.061ms
[141.546s][info][gc,phases   ] GC(443) Concurrent Select Relocation Set 3.709ms
[141.546s][info][gc,phases   ] GC(443) Pause Relocate Start 0.008ms
[141.563s][info][gc,phases   ] GC(443) Concurrent Relocate 16.557ms
[141.563s][info][gc,load     ] GC(443) Load: 0.00/0.00/0.00
[141.563s][info][gc,mmu      ] GC(443) MMU: 2ms/83.4%, 5ms/93.4%, 10ms/96.7%, 20ms/97.9%, 50ms/99.2%, 100ms/99.5%
[141.563s][info][gc,marking  ] GC(443) Mark: 2 stripe(s), 3 proactive flush(es), 1 terminate flush(es), 0 completion(s), 0 continuation(s) 
[141.563s][info][gc,marking  ] GC(443) Mark Stack Usage: 32M
[141.563s][info][gc,nmethod  ] GC(443) NMethods: 11617 registered, 9596 unregistered
[141.563s][info][gc,metaspace] GC(443) Metaspace: 156M used, 157M committed, 1216M reserved
[141.563s][info][gc,ref      ] GC(443) Soft: 3552 encountered, 0 discovered, 0 enqueued
[141.563s][info][gc,ref      ] GC(443) Weak: 15495 encountered, 4151 discovered, 205 enqueued
[141.563s][info][gc,ref      ] GC(443) Final: 52 encountered, 0 discovered, 0 enqueued
[141.563s][info][gc,ref      ] GC(443) Phantom: 600 encountered, 365 discovered, 0 enqueued
[141.563s][info][gc,reloc    ] GC(443) Small Pages: 595 / 1190M, Empty: 882M, Relocated: 9M, In-Place: 0
[141.563s][info][gc,reloc    ] GC(443) Medium Pages: 6 / 192M, Empty: 0M, Relocated: 20M, In-Place: 0
[141.563s][info][gc,reloc    ] GC(443) Large Pages: 6 / 36M, Empty: 36M, Relocated: 0M, In-Place: 0
[141.563s][info][gc,reloc    ] GC(443) Forwarding Usage: 0M
[141.563s][info][gc,heap     ] GC(443) Min Capacity: 2048M(100%)
[141.563s][info][gc,heap     ] GC(443) Max Capacity: 2048M(100%)
[141.563s][info][gc,heap     ] GC(443) Soft Max Capacity: 2048M(100%)
[141.563s][info][gc,heap     ] GC(443)                Mark Start          Mark End        Relocate Start      Relocate End           High               Low         
[141.563s][info][gc,heap     ] GC(443)  Capacity:     2048M (100%)       2048M (100%)       2048M (100%)       2048M (100%)       2048M (100%)       2048M (100%)   
[141.563s][info][gc,heap     ] GC(443)      Free:      630M (31%)          50M (2%)          892M (44%)        1100M (54%)        1106M (54%)           0M (0%)     
[141.563s][info][gc,heap     ] GC(443)      Used:     1418M (69%)        1998M (98%)        1156M (56%)         948M (46%)        2048M (100%)        942M (46%)    
[141.563s][info][gc,heap     ] GC(443)      Live:         -               159M (8%)          159M (8%)          159M (8%)             -                  -          
[141.563s][info][gc,heap     ] GC(443) Allocated:         -               580M (28%)         656M (32%)         735M (36%)            -                  -          
[141.563s][info][gc,heap     ] GC(443)   Garbage:         -              1258M (61%)         340M (17%)          52M (3%)             -                  -          
[141.563s][info][gc,heap     ] GC(443) Reclaimed:         -                  -               918M (45%)        1205M (59%)            -                  -          
[141.563s][info][gc          ] GC(443) Garbage Collection (Allocation Rate) 1418M(69%)->948M(46%)
[141.612s][info][gc,start    ] GC(444) Garbage Collection (Allocation Stall)
[141.612s][info][gc,ref      ] GC(444) Clearing All SoftReferences
[141.612s][info][gc,task     ] GC(444) Using 2 workers
[141.612s][info][gc,ref      ] GC(444) Clearing All SoftReferences
[141.612s][info][gc,phases   ] GC(444) Pause Mark Start 0.060ms
[141.664s][info][gc,phases   ] GC(444) Concurrent Mark 51.474ms
[141.664s][info][gc,phases   ] GC(444) Pause Mark End 0.180ms
[141.664s][info][gc,phases   ] GC(444) Concurrent Mark Free 0.001ms
[141.693s][info][gc,phases   ] GC(444) Concurrent Process Non-Strong References 29.019ms
[141.693s][info][gc,phases   ] GC(444) Concurrent Reset Relocation Set 0.009ms
[141.695s][info][gc,phases   ] GC(444) Concurrent Select Relocation Set 1.784ms
[141.695s][info][gc,phases   ] GC(444) Pause Relocate Start 0.008ms
[141.715s][info][gc,phases   ] GC(444) Concurrent Relocate 19.960ms
[141.715s][info][gc,load     ] GC(444) Load: 0.00/0.00/0.00
[141.715s][info][gc,mmu      ] GC(444) MMU: 2ms/83.4%, 5ms/93.4%, 10ms/96.7%, 20ms/97.9%, 50ms/99.2%, 100ms/99.5%
[141.715s][info][gc,marking  ] GC(444) Mark: 2 stripe(s), 5 proactive flush(es), 3 terminate flush(es), 1 completion(s), 0 continuation(s) 
[141.715s][info][gc,marking  ] GC(444) Mark Stack Usage: 32M
[141.715s][info][gc,nmethod  ] GC(444) NMethods: 11618 registered, 9596 unregistered
[141.715s][info][gc,metaspace] GC(444) Metaspace: 156M used, 157M committed, 1216M reserved
[141.715s][info][gc,ref      ] GC(444) Soft: 3486 encountered, 3082 discovered, 216 enqueued
[141.715s][info][gc,ref      ] GC(444) Weak: 15306 encountered, 3278 discovered, 51 enqueued
[141.715s][info][gc,ref      ] GC(444) Final: 52 encountered, 0 discovered, 0 enqueued
[141.715s][info][gc,ref      ] GC(444) Phantom: 600 encountered, 373 discovered, 0 enqueued
[141.715s][info][gc,reloc    ] GC(444) Small Pages: 384 / 768M, Empty: 478M, Relocated: 3M, In-Place: 0
[141.715s][info][gc,reloc    ] GC(444) Medium Pages: 10 / 320M, Empty: 0M, Relocated: 74M, In-Place: 0
[141.715s][info][gc,reloc    ] GC(444) Large Pages: 1 / 6M, Empty: 6M, Relocated: 0M, In-Place: 0
[141.715s][info][gc,reloc    ] GC(444) Forwarding Usage: 0M
[141.715s][info][gc,heap     ] GC(444) Min Capacity: 2048M(100%)
[141.715s][info][gc,heap     ] GC(444) Max Capacity: 2048M(100%)
[141.715s][info][gc,heap     ] GC(444) Soft Max Capacity: 2048M(100%)
[141.715s][info][gc,heap     ] GC(444)                Mark Start          Mark End        Relocate Start      Relocate End           High               Low         
[141.715s][info][gc,heap     ] GC(444)  Capacity:     2048M (100%)       2048M (100%)       2048M (100%)       2048M (100%)       2048M (100%)       2048M (100%)   
[141.715s][info][gc,heap     ] GC(444)      Free:      954M (47%)         872M (43%)        1338M (65%)        1730M (84%)        1730M (84%)         856M (42%)    
[141.715s][info][gc,heap     ] GC(444)      Used:     1094M (53%)        1176M (57%)         710M (35%)         318M (16%)        1192M (58%)         318M (16%)    
[141.715s][info][gc,heap     ] GC(444)      Live:         -               193M (9%)          193M (9%)          193M (9%)             -                  -          
[141.715s][info][gc,heap     ] GC(444) Allocated:         -                82M (4%)          100M (5%)          103M (5%)             -                  -          
[141.715s][info][gc,heap     ] GC(444)   Garbage:         -               900M (44%)         416M (20%)          20M (1%)             -                  -          
[141.715s][info][gc,heap     ] GC(444) Reclaimed:         -                  -               484M (24%)         879M (43%)            -                  -          
[141.715s][info][gc          ] GC(444) Garbage Collection (Allocation Stall) 1094M(53%)->318M(16%)
[141.810s][info][gc,start    ] GC(445) Garbage Collection (Allocation Rate)
[141.810s][info][gc,task     ] GC(445) Using 2 workers
[141.811s][info][gc,phases   ] GC(445) Pause Mark Start 0.014ms
[141.870s][info][gc,phases   ] GC(445) Concurrent Mark 58.983ms
[141.870s][info][gc,phases   ] GC(445) Pause Mark End 0.082ms
[141.870s][info][gc,phases   ] GC(445) Concurrent Mark Free 0.001ms
[141.885s][info][gc,phases   ] GC(445) Concurrent Process Non-Strong References 14.712ms
[141.885s][info][gc,phases   ] GC(445) Concurrent Reset Relocation Set 0.006ms
[141.887s][info][gc,phases   ] GC(445) Concurrent Select Relocation Set 2.482ms
[141.887s][info][gc,phases   ] GC(445) Pause Relocate Start 0.011ms
[141.890s][info][gc,phases   ] GC(445) Concurrent Relocate 2.333ms
[141.890s][info][gc,load     ] GC(445) Load: 0.00/0.00/0.00
[141.890s][info][gc,mmu      ] GC(445) MMU: 2ms/83.4%, 5ms/93.4%, 10ms/96.7%, 20ms/97.9%, 50ms/99.2%, 100ms/99.5%
[141.890s][info][gc,marking  ] GC(445) Mark: 2 stripe(s), 2 proactive flush(es), 1 terminate flush(es), 1 completion(s), 0 continuation(s) 
[141.890s][info][gc,marking  ] GC(445) Mark Stack Usage: 32M
[141.890s][info][gc,nmethod  ] GC(445) NMethods: 11617 registered, 9597 unregistered
[141.890s][info][gc,metaspace] GC(445) Metaspace: 156M used, 157M committed, 1216M reserved
[141.890s][info][gc,ref      ] GC(445) Soft: 3268 encountered, 0 discovered, 0 enqueued
[141.890s][info][gc,ref      ] GC(445) Weak: 15648 encountered, 2181 discovered, 581 enqueued
[141.890s][info][gc,ref      ] GC(445) Final: 52 encountered, 0 discovered, 0 enqueued
[141.890s][info][gc,ref      ] GC(445) Phantom: 600 encountered, 368 discovered, 0 enqueued
[141.890s][info][gc,reloc    ] GC(445) Small Pages: 84 / 168M, Empty: 2M, Relocated: 4M, In-Place: 0
[141.890s][info][gc,reloc    ] GC(445) Medium Pages: 6 / 192M, Empty: 32M, Relocated: 0M, In-Place: 0
[141.890s][info][gc,reloc    ] GC(445) Large Pages: 11 / 66M, Empty: 66M, Relocated: 0M, In-Place: 0
[141.890s][info][gc,reloc    ] GC(445) Forwarding Usage: 1M
[141.890s][info][gc,heap     ] GC(445) Min Capacity: 2048M(100%)
[141.890s][info][gc,heap     ] GC(445) Max Capacity: 2048M(100%)
[141.890s][info][gc,heap     ] GC(445) Soft Max Capacity: 2048M(100%)
[141.890s][info][gc,heap     ] GC(445)                Mark Start          Mark End        Relocate Start      Relocate End           High               Low         
[141.890s][info][gc,heap     ] GC(445)  Capacity:     2048M (100%)       2048M (100%)       2048M (100%)       2048M (100%)       2048M (100%)       2048M (100%)   
[141.890s][info][gc,heap     ] GC(445)      Free:     1622M (79%)        1540M (75%)        1616M (79%)        1704M (83%)        1706M (83%)        1516M (74%)    
[141.890s][info][gc,heap     ] GC(445)      Used:      426M (21%)         508M (25%)         432M (21%)         344M (17%)         532M (26%)         342M (17%)    
[141.890s][info][gc,heap     ] GC(445)      Live:         -               194M (9%)          194M (9%)          194M (9%)             -                  -          
[141.890s][info][gc,heap     ] GC(445) Allocated:         -                82M (4%)          106M (5%)          109M (5%)             -                  -          
[141.890s][info][gc,heap     ] GC(445)   Garbage:         -               231M (11%)         131M (6%)           39M (2%)             -                  -          
[141.890s][info][gc,heap     ] GC(445) Reclaimed:         -                  -               100M (5%)          191M (9%)             -                  -          
[141.890s][info][gc          ] GC(445) Garbage Collection (Allocation Rate) 426M(21%)->344M(17%)
[141.914s][info][gc,start    ] GC(446) Garbage Collection (Allocation Rate)
[141.914s][info][gc,task     ] GC(446) Using 2 workers
[141.914s][info][gc,phases   ] GC(446) Pause Mark Start 0.007ms
[141.978s][info][gc,phases   ] GC(446) Concurrent Mark 64.250ms
[141.978s][info][gc,phases   ] GC(446) Pause Mark End 0.022ms
[141.978s][info][gc,phases   ] GC(446) Concurrent Mark Free 0.002ms
[141.992s][info][gc,phases   ] GC(446) Concurrent Process Non-Strong References 13.441ms
[141.992s][info][gc,phases   ] GC(446) Concurrent Reset Relocation Set 0.005ms
[141.994s][info][gc,phases   ] GC(446) Concurrent Select Relocation Set 2.285ms
[141.994s][info][gc,phases   ] GC(446) Pause Relocate Start 0.018ms
[141.996s][info][gc,phases   ] GC(446) Concurrent Relocate 1.111ms
[141.996s][info][gc,load     ] GC(446) Load: 0.00/0.00/0.00
[141.996s][info][gc,mmu      ] GC(446) MMU: 2ms/83.4%, 5ms/93.4%, 10ms/96.7%, 20ms/97.9%, 50ms/99.2%, 100ms/99.5%
[141.996s][info][gc,marking  ] GC(446) Mark: 2 stripe(s), 2 proactive flush(es), 1 terminate flush(es), 0 completion(s), 0 continuation(s) 
[141.996s][info][gc,marking  ] GC(446) Mark Stack Usage: 32M
[141.996s][info][gc,nmethod  ] GC(446) NMethods: 11617 registered, 9597 unregistered
[141.996s][info][gc,metaspace] GC(446) Metaspace: 156M used, 157M committed, 1216M reserved
[141.996s][info][gc,ref      ] GC(446) Soft: 3268 encountered, 0 discovered, 0 enqueued
[141.996s][info][gc,ref      ] GC(446) Weak: 15287 encountered, 2553 discovered, 295 enqueued
[141.996s][info][gc,ref      ] GC(446) Final: 52 encountered, 0 discovered, 0 enqueued
[141.996s][info][gc,ref      ] GC(446) Phantom: 600 encountered, 319 discovered, 0 enqueued
[141.996s][info][gc,reloc    ] GC(446) Small Pages: 67 / 134M, Empty: 2M, Relocated: 1M, In-Place: 0
[141.996s][info][gc,reloc    ] GC(446) Medium Pages: 6 / 192M, Empty: 32M, Relocated: 0M, In-Place: 0
[141.996s][info][gc,reloc    ] GC(446) Large Pages: 4 / 24M, Empty: 24M, Relocated: 0M, In-Place: 0
[141.996s][info][gc,reloc    ] GC(446) Forwarding Usage: 0M
[141.996s][info][gc,heap     ] GC(446) Min Capacity: 2048M(100%)
[141.996s][info][gc,heap     ] GC(446) Max Capacity: 2048M(100%)
[141.996s][info][gc,heap     ] GC(446) Soft Max Capacity: 2048M(100%)
[141.996s][info][gc,heap     ] GC(446)                Mark Start          Mark End        Relocate Start      Relocate End           High               Low         
[141.996s][info][gc,heap     ] GC(446)  Capacity:     2048M (100%)       2048M (100%)       2048M (100%)       2048M (100%)       2048M (100%)       2048M (100%)   
[141.996s][info][gc,heap     ] GC(446)      Free:     1698M (83%)        1608M (79%)        1646M (80%)        1702M (83%)        1702M (83%)        1588M (78%)    
[141.996s][info][gc,heap     ] GC(446)      Used:      350M (17%)         440M (21%)         402M (20%)         346M (17%)         460M (22%)         346M (17%)    
[141.996s][info][gc,heap     ] GC(446)      Live:         -               193M (9%)          193M (9%)          193M (9%)             -                  -          
[141.996s][info][gc,heap     ] GC(446) Allocated:         -                90M (4%)          110M (5%)          111M (5%)             -                  -          
[141.996s][info][gc,heap     ] GC(446)   Garbage:         -               156M (8%)           98M (5%)           40M (2%)             -                  -          
[141.996s][info][gc,heap     ] GC(446) Reclaimed:         -                  -                58M (3%)          115M (6%)             -                  -          
[141.996s][info][gc          ] GC(446) Garbage Collection (Allocation Rate) 350M(17%)->346M(17%)
[142.613s][info][gc,start    ] GC(447) Garbage Collection (Allocation Rate)
[142.613s][info][gc,task     ] GC(447) Using 2 workers
[142.613s][info][gc,phases   ] GC(447) Pause Mark Start 0.015ms
[142.660s][info][gc,phases   ] GC(447) Concurrent Mark 47.290ms
[142.660s][info][gc,phases   ] GC(447) Pause Mark End 0.022ms
[142.660s][info][gc,phases   ] GC(447) Concurrent Mark Free 0.001ms
[142.674s][info][gc,phases   ] GC(447) Concurrent Process Non-Strong References 13.294ms
[142.674s][info][gc,phases   ] GC(447) Concurrent Reset Relocation Set 0.003ms
[142.676s][info][gc,phases   ] GC(447) Concurrent Select Relocation Set 2.132ms
[142.676s][info][gc,phases   ] GC(447) Pause Relocate Start 0.013ms
[142.680s][info][gc,phases   ] GC(447) Concurrent Relocate 3.744ms
[142.680s][info][gc,load     ] GC(447) Load: 0.00/0.00/0.00
[142.680s][info][gc,mmu      ] GC(447) MMU: 2ms/83.4%, 5ms/93.4%, 10ms/96.7%, 20ms/97.9%, 50ms/99.2%, 100ms/99.5%
[142.680s][info][gc,marking  ] GC(447) Mark: 2 stripe(s), 2 proactive flush(es), 1 terminate flush(es), 0 completion(s), 0 continuation(s) 
[142.680s][info][gc,marking  ] GC(447) Mark Stack Usage: 32M
[142.680s][info][gc,nmethod  ] GC(447) NMethods: 11622 registered, 9597 unregistered
[142.680s][info][gc,metaspace] GC(447) Metaspace: 156M used, 157M committed, 1216M reserved
[142.680s][info][gc,ref      ] GC(447) Soft: 3270 encountered, 0 discovered, 0 enqueued
[142.680s][info][gc,ref      ] GC(447) Weak: 16903 encountered, 3703 discovered, 1750 enqueued
[142.680s][info][gc,ref      ] GC(447) Final: 52 encountered, 0 discovered, 0 enqueued
[142.680s][info][gc,ref      ] GC(447) Phantom: 600 encountered, 370 discovered, 0 enqueued
[142.680s][info][gc,reloc    ] GC(447) Small Pages: 193 / 386M, Empty: 2M, Relocated: 6M, In-Place: 0
[142.680s][info][gc,reloc    ] GC(447) Medium Pages: 9 / 288M, Empty: 128M, Relocated: 0M, In-Place: 0
[142.680s][info][gc,reloc    ] GC(447) Large Pages: 39 / 234M, Empty: 234M, Relocated: 0M, In-Place: 0
[142.680s][info][gc,reloc    ] GC(447) Forwarding Usage: 1M
[142.680s][info][gc,heap     ] GC(447) Min Capacity: 2048M(100%)
[142.680s][info][gc,heap     ] GC(447) Max Capacity: 2048M(100%)
[142.680s][info][gc,heap     ] GC(447) Soft Max Capacity: 2048M(100%)
[142.680s][info][gc,heap     ] GC(447)                Mark Start          Mark End        Relocate Start      Relocate End           High               Low         
[142.680s][info][gc,heap     ] GC(447)  Capacity:     2048M (100%)       2048M (100%)       2048M (100%)       2048M (100%)       2048M (100%)       2048M (100%)   
[142.680s][info][gc,heap     ] GC(447)      Free:     1140M (56%)        1066M (52%)        1412M (69%)        1714M (84%)        1720M (84%)        1050M (51%)    
[142.680s][info][gc,heap     ] GC(447)      Used:      908M (44%)         982M (48%)         636M (31%)         334M (16%)         998M (49%)         328M (16%)    
[142.680s][info][gc,heap     ] GC(447)      Live:         -               195M (10%)         195M (10%)         195M (10%)            -                  -          
[142.680s][info][gc,heap     ] GC(447) Allocated:         -                74M (4%)           92M (4%)           99M (5%)             -                  -          
[142.680s][info][gc,heap     ] GC(447)   Garbage:         -               712M (35%)         348M (17%)          38M (2%)             -                  -          
[142.680s][info][gc,heap     ] GC(447) Reclaimed:         -                  -               364M (18%)         673M (33%)            -                  -          
[142.680s][info][gc          ] GC(447) Garbage Collection (Allocation Rate) 908M(44%)->334M(16%)
[142.847s][info][gc,start    ] GC(448) Garbage Collection (System.gc())
[142.847s][info][gc,task     ] GC(448) Using 2 workers
[142.847s][info][gc,phases   ] GC(448) Pause Mark Start 0.012ms
[142.893s][info][gc,phases   ] GC(448) Concurrent Mark 45.672ms
[142.893s][info][gc,phases   ] GC(448) Pause Mark End 0.029ms
[142.893s][info][gc,phases   ] GC(448) Concurrent Mark Free 0.002ms
[142.906s][info][gc,phases   ] GC(448) Concurrent Process Non-Strong References 12.559ms
[142.906s][info][gc,phases   ] GC(448) Concurrent Reset Relocation Set 0.009ms
[142.908s][info][gc,phases   ] GC(448) Concurrent Select Relocation Set 1.780ms
[142.908s][info][gc,phases   ] GC(448) Pause Relocate Start 0.011ms
[142.912s][info][gc,phases   ] GC(448) Concurrent Relocate 4.050ms
[142.912s][info][gc,load     ] GC(448) Load: 0.00/0.00/0.00
[142.912s][info][gc,mmu      ] GC(448) MMU: 2ms/83.4%, 5ms/93.4%, 10ms/96.7%, 20ms/97.9%, 50ms/99.2%, 100ms/99.5%
[142.912s][info][gc,marking  ] GC(448) Mark: 2 stripe(s), 1 proactive flush(es), 1 terminate flush(es), 0 completion(s), 0 continuation(s) 
[142.912s][info][gc,marking  ] GC(448) Mark Stack Usage: 32M
[142.912s][info][gc,nmethod  ] GC(448) NMethods: 11621 registered, 9600 unregistered
[142.912s][info][gc,metaspace] GC(448) Metaspace: 156M used, 157M committed, 1216M reserved
[142.912s][info][gc,ref      ] GC(448) Soft: 3486 encountered, 0 discovered, 0 enqueued
[142.912s][info][gc,ref      ] GC(448) Weak: 15974 encountered, 2833 discovered, 841 enqueued
[142.912s][info][gc,ref      ] GC(448) Final: 52 encountered, 0 discovered, 0 enqueued
[142.912s][info][gc,ref      ] GC(448) Phantom: 600 encountered, 394 discovered, 0 enqueued
[142.912s][info][gc,reloc    ] GC(448) Small Pages: 108 / 216M, Empty: 2M, Relocated: 4M, In-Place: 0
[142.912s][info][gc,reloc    ] GC(448) Medium Pages: 6 / 192M, Empty: 64M, Relocated: 12M, In-Place: 0
[142.912s][info][gc,reloc    ] GC(448) Large Pages: 9 / 54M, Empty: 54M, Relocated: 0M, In-Place: 0
[142.912s][info][gc,reloc    ] GC(448) Forwarding Usage: 1M
[142.912s][info][gc,heap     ] GC(448) Min Capacity: 2048M(100%)
[142.912s][info][gc,heap     ] GC(448) Max Capacity: 2048M(100%)
[142.912s][info][gc,heap     ] GC(448) Soft Max Capacity: 2048M(100%)
[142.912s][info][gc,heap     ] GC(448)                Mark Start          Mark End        Relocate Start      Relocate End           High               Low         
[142.912s][info][gc,heap     ] GC(448)  Capacity:     2048M (100%)       2048M (100%)       2048M (100%)       2048M (100%)       2048M (100%)       2048M (100%)   
[142.912s][info][gc,heap     ] GC(448)      Free:     1586M (77%)        1586M (77%)        1694M (83%)        1854M (91%)        1860M (91%)        1576M (77%)    
[142.912s][info][gc,heap     ] GC(448)      Used:      462M (23%)         462M (23%)         354M (17%)         194M (9%)          472M (23%)         188M (9%)     
[142.912s][info][gc,heap     ] GC(448)      Live:         -               130M (6%)          130M (6%)          130M (6%)             -                  -          
[142.912s][info][gc,heap     ] GC(448) Allocated:         -                 0M (0%)           12M (1%)           27M (1%)             -                  -          
[142.912s][info][gc,heap     ] GC(448)   Garbage:         -               331M (16%)         211M (10%)          35M (2%)             -                  -          
[142.912s][info][gc,heap     ] GC(448) Reclaimed:         -                  -               120M (6%)          295M (14%)            -                  -          
[142.912s][info][gc          ] GC(448) Garbage Collection (System.gc()) 462M(23%)->194M(9%)
[143.215s][info][gc,start    ] GC(449) Garbage Collection (Allocation Rate)
[143.215s][info][gc,task     ] GC(449) Using 2 workers
[143.216s][info][gc,phases   ] GC(449) Pause Mark Start 0.010ms
[143.278s][info][gc,phases   ] GC(449) Concurrent Mark 62.247ms
[143.278s][info][gc,phases   ] GC(449) Pause Mark End 0.030ms
[143.278s][info][gc,phases   ] GC(449) Concurrent Mark Free 0.003ms
[143.307s][info][gc,phases   ] GC(449) Concurrent Process Non-Strong References 28.219ms
[143.307s][info][gc,phases   ] GC(449) Concurrent Reset Relocation Set 0.006ms
[143.307s][info][gc          ] Allocation Stall (Executor task launch worker for task 1.0 in stage 3131.0 (TID 12527)) 69.171ms
[143.307s][info][gc          ] Allocation Stall (Spark Context Cleaner) 69.098ms
[143.307s][info][gc          ] Allocation Stall (Executor task launch worker for task 2.0 in stage 3131.0 (TID 12528)) 67.390ms
[143.307s][info][gc          ] Allocation Stall (Executor task launch worker for task 0.0 in stage 3131.0 (TID 12526)) 68.406ms
[143.307s][info][gc          ] Allocation Stall (Executor task launch worker for task 3.0 in stage 3131.0 (TID 12529)) 69.945ms
[143.307s][info][gc          ] Allocation Stall (Executor task launch worker for task 4.0 in stage 3131.0 (TID 12530)) 69.325ms
[143.312s][info][gc,phases   ] GC(449) Concurrent Select Relocation Set 5.744ms
[143.313s][info][gc,phases   ] GC(449) Pause Relocate Start 0.015ms
[143.336s][info][gc,phases   ] GC(449) Concurrent Relocate 23.234ms
[143.336s][info][gc,load     ] GC(449) Load: 0.00/0.00/0.00
[143.336s][info][gc,mmu      ] GC(449) MMU: 2ms/83.4%, 5ms/93.4%, 10ms/96.7%, 20ms/97.9%, 50ms/99.2%, 100ms/99.5%
[143.336s][info][gc,marking  ] GC(449) Mark: 2 stripe(s), 2 proactive flush(es), 1 terminate flush(es), 0 completion(s), 0 continuation(s) 
[143.336s][info][gc,marking  ] GC(449) Mark Stack Usage: 32M
[143.336s][info][gc,nmethod  ] GC(449) NMethods: 11625 registered, 9603 unregistered
[143.336s][info][gc,metaspace] GC(449) Metaspace: 156M used, 157M committed, 1216M reserved
[143.336s][info][gc,ref      ] GC(449) Soft: 3550 encountered, 0 discovered, 0 enqueued
[143.336s][info][gc,ref      ] GC(449) Weak: 15499 encountered, 6572 discovered, 228 enqueued
[143.336s][info][gc,ref      ] GC(449) Final: 52 encountered, 12 discovered, 0 enqueued
[143.336s][info][gc,ref      ] GC(449) Phantom: 600 encountered, 340 discovered, 0 enqueued
[143.336s][info][gc,reloc    ] GC(449) Small Pages: 808 / 1616M, Empty: 1202M, Relocated: 10M, In-Place: 0
[143.336s][info][gc,reloc    ] GC(449) Medium Pages: 9 / 288M, Empty: 0M, Relocated: 47M, In-Place: 0
[143.336s][info][gc,reloc    ] GC(449) Large Pages: 6 / 36M, Empty: 36M, Relocated: 0M, In-Place: 0
[143.336s][info][gc,reloc    ] GC(449) Forwarding Usage: 2M
[143.336s][info][gc,heap     ] GC(449) Min Capacity: 2048M(100%)
[143.336s][info][gc,heap     ] GC(449) Max Capacity: 2048M(100%)
[143.336s][info][gc,heap     ] GC(449) Soft Max Capacity: 2048M(100%)
[143.336s][info][gc,heap     ] GC(449)                Mark Start          Mark End        Relocate Start      Relocate End           High               Low         
[143.336s][info][gc,heap     ] GC(449)  Capacity:     2048M (100%)       2048M (100%)       2048M (100%)       2048M (100%)       2048M (100%)       2048M (100%)   
[143.336s][info][gc,heap     ] GC(449)      Free:      108M (5%)            0M (0%)         1194M (58%)        1586M (77%)        1600M (78%)           0M (0%)     
[143.336s][info][gc,heap     ] GC(449)      Used:     1940M (95%)        2048M (100%)        854M (42%)         462M (23%)        2048M (100%)        448M (22%)    
[143.336s][info][gc,heap     ] GC(449)      Live:         -               184M (9%)          184M (9%)          184M (9%)             -                  -          
[143.336s][info][gc,heap     ] GC(449) Allocated:         -               108M (5%)          152M (7%)          238M (12%)            -                  -          
[143.336s][info][gc,heap     ] GC(449)   Garbage:         -              1755M (86%)         517M (25%)          38M (2%)             -                  -          
[143.336s][info][gc,heap     ] GC(449) Reclaimed:         -                  -              1238M (60%)        1716M (84%)            -                  -          
[143.336s][info][gc          ] GC(449) Garbage Collection (Allocation Rate) 1940M(95%)->462M(23%)
[143.404s][info][gc,start    ] GC(450) Garbage Collection (Allocation Stall)
[143.404s][info][gc,ref      ] GC(450) Clearing All SoftReferences
[143.404s][info][gc,task     ] GC(450) Using 2 workers
[143.404s][info][gc,ref      ] GC(450) Clearing All SoftReferences
[143.404s][info][gc,phases   ] GC(450) Pause Mark Start 0.051ms
[143.465s][info][gc,phases   ] GC(450) Concurrent Mark 61.477ms
[143.466s][info][gc,phases   ] GC(450) Pause Mark End 0.126ms
[143.466s][info][gc,phases   ] GC(450) Concurrent Mark Free 0.001ms
[143.498s][info][gc,phases   ] GC(450) Concurrent Process Non-Strong References 31.966ms
[143.498s][info][gc,phases   ] GC(450) Concurrent Reset Relocation Set 0.013ms
[143.500s][info][gc,phases   ] GC(450) Concurrent Select Relocation Set 1.941ms
[143.500s][info][gc,phases   ] GC(450) Pause Relocate Start 0.009ms
[143.508s][info][gc,phases   ] GC(450) Concurrent Relocate 8.098ms
[143.508s][info][gc,load     ] GC(450) Load: 0.00/0.00/0.00
[143.508s][info][gc,mmu      ] GC(450) MMU: 2ms/83.4%, 5ms/93.4%, 10ms/96.7%, 20ms/97.9%, 50ms/99.2%, 100ms/99.5%
[143.508s][info][gc,marking  ] GC(450) Mark: 2 stripe(s), 3 proactive flush(es), 1 terminate flush(es), 1 completion(s), 0 continuation(s) 
[143.508s][info][gc,marking  ] GC(450) Mark Stack Usage: 32M
[143.508s][info][gc,nmethod  ] GC(450) NMethods: 11625 registered, 9603 unregistered
[143.508s][info][gc,metaspace] GC(450) Metaspace: 156M used, 157M committed, 1216M reserved
[143.508s][info][gc,ref      ] GC(450) Soft: 3484 encountered, 1049 discovered, 217 enqueued
[143.508s][info][gc,ref      ] GC(450) Weak: 15390 encountered, 4424 discovered, 195 enqueued
[143.508s][info][gc,ref      ] GC(450) Final: 52 encountered, 0 discovered, 0 enqueued
[143.508s][info][gc,ref      ] GC(450) Phantom: 600 encountered, 372 discovered, 0 enqueued
[143.508s][info][gc,reloc    ] GC(450) Small Pages: 178 / 356M, Empty: 166M, Relocated: 4M, In-Place: 0
[143.508s][info][gc,reloc    ] GC(450) Medium Pages: 7 / 224M, Empty: 0M, Relocated: 27M, In-Place: 0
[143.508s][info][gc,reloc    ] GC(450) Large Pages: 3 / 18M, Empty: 18M, Relocated: 0M, In-Place: 0
[143.508s][info][gc,reloc    ] GC(450) Forwarding Usage: 1M
[143.508s][info][gc,heap     ] GC(450) Min Capacity: 2048M(100%)
[143.508s][info][gc,heap     ] GC(450) Max Capacity: 2048M(100%)
[143.508s][info][gc,heap     ] GC(450) Soft Max Capacity: 2048M(100%)
[143.508s][info][gc,heap     ] GC(450)                Mark Start          Mark End        Relocate Start      Relocate End           High               Low         
[143.508s][info][gc,heap     ] GC(450)  Capacity:     2048M (100%)       2048M (100%)       2048M (100%)       2048M (100%)       2048M (100%)       2048M (100%)   
[143.508s][info][gc,heap     ] GC(450)      Free:     1450M (71%)        1368M (67%)        1532M (75%)        1710M (83%)        1710M (83%)        1350M (66%)    
[143.508s][info][gc,heap     ] GC(450)      Used:      598M (29%)         680M (33%)         516M (25%)         338M (17%)         698M (34%)         338M (17%)    
[143.508s][info][gc,heap     ] GC(450)      Live:         -               193M (9%)          193M (9%)          193M (9%)             -                  -          
[143.508s][info][gc,heap     ] GC(450) Allocated:         -                82M (4%)          102M (5%)          105M (5%)             -                  -          
[143.508s][info][gc,heap     ] GC(450)   Garbage:         -               404M (20%)         220M (11%)          38M (2%)             -                  -          
[143.508s][info][gc,heap     ] GC(450) Reclaimed:         -                  -               184M (9%)          365M (18%)            -                  -          
[143.508s][info][gc          ] GC(450) Garbage Collection (Allocation Stall) 598M(29%)->338M(17%)
[143.509s][info][gc,start    ] GC(451) Garbage Collection (Allocation Rate)
[143.509s][info][gc,task     ] GC(451) Using 2 workers
[143.509s][info][gc,phases   ] GC(451) Pause Mark Start 0.005ms
[143.558s][info][gc,phases   ] GC(451) Concurrent Mark 48.368ms
[143.558s][info][gc,phases   ] GC(451) Pause Mark End 0.015ms
[143.558s][info][gc,phases   ] GC(451) Concurrent Mark Free 0.002ms
[143.570s][info][gc,phases   ] GC(451) Concurrent Process Non-Strong References 11.983ms
[143.570s][info][gc,phases   ] GC(451) Concurrent Reset Relocation Set 0.005ms
[143.572s][info][gc,phases   ] GC(451) Concurrent Select Relocation Set 2.103ms
[143.572s][info][gc,phases   ] GC(451) Pause Relocate Start 0.011ms
[143.573s][info][gc,phases   ] GC(451) Concurrent Relocate 1.193ms
[143.573s][info][gc,load     ] GC(451) Load: 0.00/0.00/0.00
[143.573s][info][gc,mmu      ] GC(451) MMU: 2ms/83.4%, 5ms/93.4%, 10ms/96.7%, 20ms/97.9%, 50ms/99.2%, 100ms/99.5%
[143.573s][info][gc,marking  ] GC(451) Mark: 2 stripe(s), 2 proactive flush(es), 1 terminate flush(es), 0 completion(s), 0 continuation(s) 
[143.573s][info][gc,marking  ] GC(451) Mark Stack Usage: 32M
[143.573s][info][gc,nmethod  ] GC(451) NMethods: 11625 registered, 9603 unregistered
[143.573s][info][gc,metaspace] GC(451) Metaspace: 156M used, 157M committed, 1216M reserved
[143.573s][info][gc,ref      ] GC(451) Soft: 3267 encountered, 0 discovered, 0 enqueued
[143.573s][info][gc,ref      ] GC(451) Weak: 15018 encountered, 3116 discovered, 290 enqueued
[143.573s][info][gc,ref      ] GC(451) Final: 52 encountered, 0 discovered, 0 enqueued
[143.573s][info][gc,ref      ] GC(451) Phantom: 600 encountered, 380 discovered, 0 enqueued
[143.573s][info][gc,reloc    ] GC(451) Small Pages: 61 / 122M, Empty: 2M, Relocated: 1M, In-Place: 0
[143.574s][info][gc,reloc    ] GC(451) Medium Pages: 6 / 192M, Empty: 32M, Relocated: 0M, In-Place: 0
[143.574s][info][gc,reloc    ] GC(451) Large Pages: 4 / 24M, Empty: 24M, Relocated: 0M, In-Place: 0
[143.574s][info][gc,reloc    ] GC(451) Forwarding Usage: 0M
[143.574s][info][gc,heap     ] GC(451) Min Capacity: 2048M(100%)
[143.574s][info][gc,heap     ] GC(451) Max Capacity: 2048M(100%)
[143.574s][info][gc,heap     ] GC(451) Soft Max Capacity: 2048M(100%)
[143.574s][info][gc,heap     ] GC(451)                Mark Start          Mark End        Relocate Start      Relocate End           High               Low         
[143.574s][info][gc,heap     ] GC(451)  Capacity:     2048M (100%)       2048M (100%)       2048M (100%)       2048M (100%)       2048M (100%)       2048M (100%)   
[143.574s][info][gc,heap     ] GC(451)      Free:     1710M (83%)        1628M (79%)        1670M (82%)        1716M (84%)        1716M (84%)        1612M (79%)    
[143.574s][info][gc,heap     ] GC(451)      Used:      338M (17%)         420M (21%)         378M (18%)         332M (16%)         436M (21%)         332M (16%)    
[143.574s][info][gc,heap     ] GC(451)      Live:         -               193M (9%)          193M (9%)          193M (9%)             -                  -          
[143.574s][info][gc,heap     ] GC(451) Allocated:         -                82M (4%)           98M (5%)           97M (5%)             -                  -          
[143.574s][info][gc,heap     ] GC(451)   Garbage:         -               144M (7%)           86M (4%)           40M (2%)             -                  -          
[143.574s][info][gc,heap     ] GC(451) Reclaimed:         -                  -                58M (3%)          103M (5%)             -                  -          
[143.574s][info][gc          ] GC(451) Garbage Collection (Allocation Rate) 338M(17%)->332M(16%)
[143.612s][info][gc,start    ] GC(452) Garbage Collection (Allocation Rate)
[143.612s][info][gc,task     ] GC(452) Using 2 workers
[143.613s][info][gc,phases   ] GC(452) Pause Mark Start 0.012ms
[143.670s][info][gc,phases   ] GC(452) Concurrent Mark 57.045ms
[143.670s][info][gc,phases   ] GC(452) Pause Mark End 0.090ms
[143.670s][info][gc,phases   ] GC(452) Concurrent Mark Free 0.001ms
[143.683s][info][gc,phases   ] GC(452) Concurrent Process Non-Strong References 13.312ms
[143.683s][info][gc,phases   ] GC(452) Concurrent Reset Relocation Set 0.002ms
[143.685s][info][gc,phases   ] GC(452) Concurrent Select Relocation Set 1.920ms
[143.686s][info][gc,phases   ] GC(452) Pause Relocate Start 0.009ms
[143.687s][info][gc,phases   ] GC(452) Concurrent Relocate 1.694ms
[143.687s][info][gc,load     ] GC(452) Load: 0.00/0.00/0.00
[143.687s][info][gc,mmu      ] GC(452) MMU: 2ms/83.4%, 5ms/93.4%, 10ms/96.7%, 20ms/97.9%, 50ms/99.2%, 100ms/99.5%
[143.687s][info][gc,marking  ] GC(452) Mark: 2 stripe(s), 2 proactive flush(es), 1 terminate flush(es), 1 completion(s), 0 continuation(s) 
[143.687s][info][gc,marking  ] GC(452) Mark Stack Usage: 32M
[143.687s][info][gc,nmethod  ] GC(452) NMethods: 11625 registered, 9603 unregistered
[143.687s][info][gc,metaspace] GC(452) Metaspace: 156M used, 157M committed, 1216M reserved
[143.687s][info][gc,ref      ] GC(452) Soft: 3270 encountered, 0 discovered, 0 enqueued
[143.687s][info][gc,ref      ] GC(452) Weak: 15288 encountered, 2517 discovered, 152 enqueued
[143.687s][info][gc,ref      ] GC(452) Final: 52 encountered, 0 discovered, 0 enqueued
[143.687s][info][gc,ref      ] GC(452) Phantom: 600 encountered, 371 discovered, 0 enqueued
[143.687s][info][gc,reloc    ] GC(452) Small Pages: 69 / 138M, Empty: 0M, Relocated: 3M, In-Place: 0
[143.687s][info][gc,reloc    ] GC(452) Medium Pages: 6 / 192M, Empty: 32M, Relocated: 0M, In-Place: 0
[143.687s][info][gc,reloc    ] GC(452) Large Pages: 6 / 36M, Empty: 36M, Relocated: 0M, In-Place: 0
[143.687s][info][gc,reloc    ] GC(452) Forwarding Usage: 0M
[143.687s][info][gc,heap     ] GC(452) Min Capacity: 2048M(100%)
[143.687s][info][gc,heap     ] GC(452) Max Capacity: 2048M(100%)
[143.687s][info][gc,heap     ] GC(452) Soft Max Capacity: 2048M(100%)
[143.687s][info][gc,heap     ] GC(452)                Mark Start          Mark End        Relocate Start      Relocate End           High               Low         
[143.687s][info][gc,heap     ] GC(452)  Capacity:     2048M (100%)       2048M (100%)       2048M (100%)       2048M (100%)       2048M (100%)       2048M (100%)   
[143.687s][info][gc,heap     ] GC(452)      Free:     1682M (82%)        1600M (78%)        1654M (81%)        1712M (84%)        1716M (84%)        1586M (77%)    
[143.687s][info][gc,heap     ] GC(452)      Used:      366M (18%)         448M (22%)         394M (19%)         336M (16%)         462M (23%)         332M (16%)    
[143.687s][info][gc,heap     ] GC(452)      Live:         -               193M (9%)          193M (9%)          193M (9%)             -                  -          
[143.688s][info][gc,heap     ] GC(452) Allocated:         -                82M (4%)           96M (5%)          103M (5%)             -                  -          
[143.688s][info][gc,heap     ] GC(452)   Garbage:         -               172M (8%)          104M (5%)           38M (2%)             -                  -          
[143.688s][info][gc,heap     ] GC(452) Reclaimed:         -                  -                68M (3%)          133M (7%)             -                  -          
[143.688s][info][gc          ] GC(452) Garbage Collection (Allocation Rate) 366M(18%)->336M(16%)
[144.313s][info][gc,start    ] GC(453) Garbage Collection (Allocation Rate)
[144.313s][info][gc,task     ] GC(453) Using 2 workers
[144.313s][info][gc,phases   ] GC(453) Pause Mark Start 0.009ms
[144.361s][info][gc,phases   ] GC(453) Concurrent Mark 48.295ms
[144.362s][info][gc,phases   ] GC(453) Pause Mark End 0.032ms
[144.362s][info][gc,phases   ] GC(453) Concurrent Mark Free 0.002ms
[144.375s][info][gc,phases   ] GC(453) Concurrent Process Non-Strong References 12.816ms
[144.375s][info][gc,phases   ] GC(453) Concurrent Reset Relocation Set 0.003ms
[144.377s][info][gc,phases   ] GC(453) Concurrent Select Relocation Set 2.492ms
[144.377s][info][gc,phases   ] GC(453) Pause Relocate Start 0.010ms
[144.380s][info][gc,phases   ] GC(453) Concurrent Relocate 2.626ms
[144.380s][info][gc,load     ] GC(453) Load: 0.00/0.00/0.00
[144.380s][info][gc,mmu      ] GC(453) MMU: 2ms/83.4%, 5ms/93.4%, 10ms/96.7%, 20ms/97.9%, 50ms/99.2%, 100ms/99.5%
[144.380s][info][gc,marking  ] GC(453) Mark: 2 stripe(s), 2 proactive flush(es), 1 terminate flush(es), 0 completion(s), 0 continuation(s) 
[144.380s][info][gc,marking  ] GC(453) Mark Stack Usage: 32M
[144.380s][info][gc,nmethod  ] GC(453) NMethods: 11631 registered, 9605 unregistered
[144.380s][info][gc,metaspace] GC(453) Metaspace: 156M used, 157M committed, 1216M reserved
[144.380s][info][gc,ref      ] GC(453) Soft: 3267 encountered, 0 discovered, 0 enqueued
[144.380s][info][gc,ref      ] GC(453) Weak: 17047 encountered, 3947 discovered, 2033 enqueued
[144.380s][info][gc,ref      ] GC(453) Final: 52 encountered, 0 discovered, 0 enqueued
[144.380s][info][gc,ref      ] GC(453) Phantom: 600 encountered, 374 discovered, 0 enqueued
[144.380s][info][gc,reloc    ] GC(453) Small Pages: 193 / 386M, Empty: 6M, Relocated: 5M, In-Place: 0
[144.380s][info][gc,reloc    ] GC(453) Medium Pages: 9 / 288M, Empty: 128M, Relocated: 0M, In-Place: 0
[144.380s][info][gc,reloc    ] GC(453) Large Pages: 40 / 240M, Empty: 234M, Relocated: 0M, In-Place: 0
[144.380s][info][gc,reloc    ] GC(453) Forwarding Usage: 1M
[144.380s][info][gc,heap     ] GC(453) Min Capacity: 2048M(100%)
[144.380s][info][gc,heap     ] GC(453) Max Capacity: 2048M(100%)
[144.380s][info][gc,heap     ] GC(453) Soft Max Capacity: 2048M(100%)
[144.380s][info][gc,heap     ] GC(453)                Mark Start          Mark End        Relocate Start      Relocate End           High               Low         
[144.380s][info][gc,heap     ] GC(453)  Capacity:     2048M (100%)       2048M (100%)       2048M (100%)       2048M (100%)       2048M (100%)       2048M (100%)   
[144.380s][info][gc,heap     ] GC(453)      Free:     1134M (55%)        1062M (52%)        1414M (69%)        1704M (83%)        1708M (83%)        1050M (51%)    
[144.380s][info][gc,heap     ] GC(453)      Used:      914M (45%)         986M (48%)         634M (31%)         344M (17%)         998M (49%)         340M (17%)    
[144.380s][info][gc,heap     ] GC(453)      Live:         -               201M (10%)         201M (10%)         201M (10%)            -                  -          
[144.380s][info][gc,heap     ] GC(453) Allocated:         -                72M (4%)           88M (4%)          101M (5%)             -                  -          
[144.380s][info][gc,heap     ] GC(453)   Garbage:         -               712M (35%)         344M (17%)          40M (2%)             -                  -          
[144.380s][info][gc,heap     ] GC(453) Reclaimed:         -                  -               368M (18%)         671M (33%)            -                  -          
[144.380s][info][gc          ] GC(453) Garbage Collection (Allocation Rate) 914M(45%)->344M(17%)
[144.580s][info][gc,start    ] GC(454) Garbage Collection (System.gc())
[144.580s][info][gc,task     ] GC(454) Using 2 workers
[144.580s][info][gc,phases   ] GC(454) Pause Mark Start 0.008ms
[144.627s][info][gc,phases   ] GC(454) Concurrent Mark 46.875ms
[144.627s][info][gc,phases   ] GC(454) Pause Mark End 0.035ms
[144.627s][info][gc,phases   ] GC(454) Concurrent Mark Free 0.002ms
[144.640s][info][gc,phases   ] GC(454) Concurrent Process Non-Strong References 12.573ms
[144.640s][info][gc,phases   ] GC(454) Concurrent Reset Relocation Set 0.010ms
[144.642s][info][gc,phases   ] GC(454) Concurrent Select Relocation Set 2.249ms
[144.642s][info][gc,phases   ] GC(454) Pause Relocate Start 0.009ms
[144.645s][info][gc,phases   ] GC(454) Concurrent Relocate 3.019ms
[144.646s][info][gc,load     ] GC(454) Load: 0.00/0.00/0.00
[144.646s][info][gc,mmu      ] GC(454) MMU: 2ms/83.4%, 5ms/93.4%, 10ms/96.7%, 20ms/97.9%, 50ms/99.2%, 100ms/99.5%
[144.646s][info][gc,marking  ] GC(454) Mark: 2 stripe(s), 2 proactive flush(es), 1 terminate flush(es), 0 completion(s), 0 continuation(s) 
[144.646s][info][gc,marking  ] GC(454) Mark Stack Usage: 32M
[144.646s][info][gc,nmethod  ] GC(454) NMethods: 11633 registered, 9614 unregistered
[144.646s][info][gc,metaspace] GC(454) Metaspace: 156M used, 157M committed, 1216M reserved
[144.646s][info][gc,ref      ] GC(454) Soft: 3486 encountered, 0 discovered, 0 enqueued
[144.646s][info][gc,ref      ] GC(454) Weak: 15980 encountered, 2688 discovered, 845 enqueued
[144.646s][info][gc,ref      ] GC(454) Final: 52 encountered, 0 discovered, 0 enqueued
[144.646s][info][gc,ref      ] GC(454) Phantom: 600 encountered, 369 discovered, 0 enqueued
[144.646s][info][gc,reloc    ] GC(454) Small Pages: 118 / 236M, Empty: 2M, Relocated: 5M, In-Place: 0
[144.646s][info][gc,reloc    ] GC(454) Medium Pages: 7 / 224M, Empty: 128M, Relocated: 0M, In-Place: 0
[144.646s][info][gc,reloc    ] GC(454) Large Pages: 12 / 72M, Empty: 72M, Relocated: 0M, In-Place: 0
[144.646s][info][gc,reloc    ] GC(454) Forwarding Usage: 1M
[144.646s][info][gc,heap     ] GC(454) Min Capacity: 2048M(100%)
[144.646s][info][gc,heap     ] GC(454) Max Capacity: 2048M(100%)
[144.646s][info][gc,heap     ] GC(454) Soft Max Capacity: 2048M(100%)
[144.646s][info][gc,heap     ] GC(454)                Mark Start          Mark End        Relocate Start      Relocate End           High               Low         
[144.646s][info][gc,heap     ] GC(454)  Capacity:     2048M (100%)       2048M (100%)       2048M (100%)       2048M (100%)       2048M (100%)       2048M (100%)   
[144.646s][info][gc,heap     ] GC(454)      Free:     1516M (74%)        1514M (74%)        1702M (83%)        1854M (91%)        1860M (91%)        1504M (73%)    
[144.646s][info][gc,heap     ] GC(454)      Used:      532M (26%)         534M (26%)         346M (17%)         194M (9%)          544M (27%)         188M (9%)     
[144.646s][info][gc,heap     ] GC(454)      Live:         -               131M (6%)          131M (6%)          131M (6%)             -                  -          
[144.646s][info][gc,heap     ] GC(454) Allocated:         -                 2M (0%)           16M (1%)           25M (1%)             -                  -          
[144.646s][info][gc,heap     ] GC(454)   Garbage:         -               400M (20%)         198M (10%)          36M (2%)             -                  -          
[144.646s][info][gc,heap     ] GC(454) Reclaimed:         -                  -               202M (10%)         363M (18%)            -                  -          
[144.646s][info][gc          ] GC(454) Garbage Collection (System.gc()) 532M(26%)->194M(9%)
[144.912s][info][gc,start    ] GC(455) Garbage Collection (Allocation Rate)
[144.912s][info][gc,task     ] GC(455) Using 2 workers
[144.912s][info][gc,phases   ] GC(455) Pause Mark Start 0.011ms
[144.974s][info][gc,phases   ] GC(455) Concurrent Mark 62.111ms
[144.975s][info][gc,phases   ] GC(455) Pause Mark End 0.020ms
[144.975s][info][gc,phases   ] GC(455) Concurrent Mark Free 0.002ms
[145.003s][info][gc,phases   ] GC(455) Concurrent Process Non-Strong References 27.878ms
[145.003s][info][gc,phases   ] GC(455) Concurrent Reset Relocation Set 0.006ms
[145.003s][info][gc          ] Allocation Stall (Executor task launch worker for task 1.0 in stage 3177.0 (TID 12711)) 37.190ms
[145.003s][info][gc          ] Allocation Stall (Executor task launch worker for task 2.0 in stage 3177.0 (TID 12712)) 37.140ms
[145.003s][info][gc          ] Allocation Stall (Executor task launch worker for task 0.0 in stage 3177.0 (TID 12710)) 37.931ms
[145.003s][info][gc          ] Allocation Stall (Executor task launch worker for task 3.0 in stage 3177.0 (TID 12713)) 38.078ms
[145.003s][info][gc          ] Allocation Stall (Executor task launch worker for task 4.0 in stage 3177.0 (TID 12714)) 35.397ms
[145.005s][info][gc,phases   ] GC(455) Concurrent Select Relocation Set 2.633ms
[145.006s][info][gc,phases   ] GC(455) Pause Relocate Start 0.012ms
[145.025s][info][gc,phases   ] GC(455) Concurrent Relocate 18.411ms
[145.025s][info][gc,load     ] GC(455) Load: 0.00/0.00/0.00
[145.025s][info][gc,mmu      ] GC(455) MMU: 2ms/83.4%, 5ms/93.4%, 10ms/96.7%, 20ms/97.9%, 50ms/99.2%, 100ms/99.5%
[145.025s][info][gc,marking  ] GC(455) Mark: 2 stripe(s), 2 proactive flush(es), 1 terminate flush(es), 0 completion(s), 0 continuation(s) 
[145.025s][info][gc,marking  ] GC(455) Mark Stack Usage: 32M
[145.025s][info][gc,nmethod  ] GC(455) NMethods: 11636 registered, 9616 unregistered
[145.025s][info][gc,metaspace] GC(455) Metaspace: 156M used, 157M committed, 1216M reserved
[145.025s][info][gc,ref      ] GC(455) Soft: 3550 encountered, 0 discovered, 0 enqueued
[145.025s][info][gc,ref      ] GC(455) Weak: 15497 encountered, 2060 discovered, 228 enqueued
[145.025s][info][gc,ref      ] GC(455) Final: 52 encountered, 0 discovered, 0 enqueued
[145.025s][info][gc,ref      ] GC(455) Phantom: 600 encountered, 406 discovered, 0 enqueued
[145.025s][info][gc,reloc    ] GC(455) Small Pages: 758 / 1516M, Empty: 1144M, Relocated: 6M, In-Place: 0
[145.025s][info][gc,reloc    ] GC(455) Medium Pages: 8 / 256M, Empty: 0M, Relocated: 53M, In-Place: 0
[145.025s][info][gc,reloc    ] GC(455) Large Pages: 6 / 36M, Empty: 36M, Relocated: 0M, In-Place: 0
[145.025s][info][gc,reloc    ] GC(455) Forwarding Usage: 0M
[145.025s][info][gc,heap     ] GC(455) Min Capacity: 2048M(100%)
[145.025s][info][gc,heap     ] GC(455) Max Capacity: 2048M(100%)
[145.025s][info][gc,heap     ] GC(455) Soft Max Capacity: 2048M(100%)
[145.025s][info][gc,heap     ] GC(455)                Mark Start          Mark End        Relocate Start      Relocate End           High               Low         
[145.025s][info][gc,heap     ] GC(455)  Capacity:     2048M (100%)       2048M (100%)       2048M (100%)       2048M (100%)       2048M (100%)       2048M (100%)   
[145.025s][info][gc,heap     ] GC(455)      Free:      240M (12%)          18M (1%)         1160M (57%)        1532M (75%)        1532M (75%)          18M (1%)     
[145.025s][info][gc,heap     ] GC(455)      Used:     1808M (88%)        2030M (99%)         888M (43%)         516M (25%)        2030M (99%)         516M (25%)    
[145.025s][info][gc,heap     ] GC(455)      Live:         -               176M (9%)          176M (9%)          176M (9%)             -                  -          
[145.025s][info][gc,heap     ] GC(455) Allocated:         -               222M (11%)         260M (13%)         303M (15%)            -                  -          
[145.025s][info][gc,heap     ] GC(455)   Garbage:         -              1631M (80%)         451M (22%)          36M (2%)             -                  -          
[145.025s][info][gc,heap     ] GC(455) Reclaimed:         -                  -              1180M (58%)        1595M (78%)            -                  -          
[145.025s][info][gc          ] GC(455) Garbage Collection (Allocation Rate) 1808M(88%)->516M(25%)
[145.118s][info][gc,start    ] GC(456) Garbage Collection (Allocation Stall)
[145.118s][info][gc,ref      ] GC(456) Clearing All SoftReferences
[145.118s][info][gc,task     ] GC(456) Using 2 workers
[145.119s][info][gc,ref      ] GC(456) Clearing All SoftReferences
[145.119s][info][gc,phases   ] GC(456) Pause Mark Start 0.055ms
[145.179s][info][gc,phases   ] GC(456) Concurrent Mark 60.473ms
[145.180s][info][gc,phases   ] GC(456) Pause Mark End 0.257ms
[145.180s][info][gc,phases   ] GC(456) Concurrent Mark Free 0.001ms
[145.210s][info][gc,phases   ] GC(456) Concurrent Process Non-Strong References 30.671ms
[145.210s][info][gc,phases   ] GC(456) Concurrent Reset Relocation Set 0.010ms
[145.213s][info][gc,phases   ] GC(456) Concurrent Select Relocation Set 2.393ms
[145.213s][info][gc,phases   ] GC(456) Pause Relocate Start 0.018ms
[145.222s][info][gc,phases   ] GC(456) Concurrent Relocate 8.619ms
[145.222s][info][gc,load     ] GC(456) Load: 0.00/0.00/0.00
[145.222s][info][gc,mmu      ] GC(456) MMU: 2ms/83.4%, 5ms/93.4%, 10ms/96.7%, 20ms/97.9%, 50ms/99.2%, 100ms/99.5%
[145.222s][info][gc,marking  ] GC(456) Mark: 2 stripe(s), 2 proactive flush(es), 2 terminate flush(es), 1 completion(s), 0 continuation(s) 
[145.222s][info][gc,marking  ] GC(456) Mark Stack Usage: 32M
[145.222s][info][gc,nmethod  ] GC(456) NMethods: 11638 registered, 9616 unregistered
[145.222s][info][gc,metaspace] GC(456) Metaspace: 156M used, 157M committed, 1216M reserved
[145.222s][info][gc,ref      ] GC(456) Soft: 3486 encountered, 3057 discovered, 216 enqueued
[145.222s][info][gc,ref      ] GC(456) Weak: 15462 encountered, 1998 discovered, 197 enqueued
[145.222s][info][gc,ref      ] GC(456) Final: 52 encountered, 0 discovered, 0 enqueued
[145.222s][info][gc,ref      ] GC(456) Phantom: 600 encountered, 377 discovered, 0 enqueued
[145.222s][info][gc,reloc    ] GC(456) Small Pages: 235 / 470M, Empty: 246M, Relocated: 4M, In-Place: 0
[145.222s][info][gc,reloc    ] GC(456) Medium Pages: 8 / 256M, Empty: 32M, Relocated: 44M, In-Place: 0
[145.222s][info][gc,reloc    ] GC(456) Large Pages: 4 / 24M, Empty: 24M, Relocated: 0M, In-Place: 0
[145.222s][info][gc,reloc    ] GC(456) Forwarding Usage: 1M
[145.222s][info][gc,heap     ] GC(456) Min Capacity: 2048M(100%)
[145.222s][info][gc,heap     ] GC(456) Max Capacity: 2048M(100%)
[145.222s][info][gc,heap     ] GC(456) Soft Max Capacity: 2048M(100%)
[145.222s][info][gc,heap     ] GC(456)                Mark Start          Mark End        Relocate Start      Relocate End           High               Low         
[145.222s][info][gc,heap     ] GC(456)  Capacity:     2048M (100%)       2048M (100%)       2048M (100%)       2048M (100%)       2048M (100%)       2048M (100%)   
[145.222s][info][gc,heap     ] GC(456)      Free:     1298M (63%)        1212M (59%)        1488M (73%)        1698M (83%)        1700M (83%)        1198M (58%)    
[145.222s][info][gc,heap     ] GC(456)      Used:      750M (37%)         836M (41%)         560M (27%)         350M (17%)         850M (42%)         348M (17%)    
[145.222s][info][gc,heap     ] GC(456)      Live:         -               193M (9%)          193M (9%)          193M (9%)             -                  -          
[145.222s][info][gc,heap     ] GC(456) Allocated:         -                86M (4%)          112M (5%)          117M (6%)             -                  -          
[145.222s][info][gc,heap     ] GC(456)   Garbage:         -               556M (27%)         254M (12%)          38M (2%)             -                  -          
[145.222s][info][gc,heap     ] GC(456) Reclaimed:         -                  -               302M (15%)         517M (25%)            -                  -          
[145.222s][info][gc          ] GC(456) Garbage Collection (Allocation Stall) 750M(37%)->350M(17%)
[145.313s][info][gc,start    ] GC(457) Garbage Collection (Allocation Rate)
[145.313s][info][gc,task     ] GC(457) Using 2 workers
[145.314s][info][gc,phases   ] GC(457) Pause Mark Start 0.009ms
[145.369s][info][gc,phases   ] GC(457) Concurrent Mark 55.468ms
[145.369s][info][gc,phases   ] GC(457) Pause Mark End 0.025ms
[145.369s][info][gc,phases   ] GC(457) Concurrent Mark Free 0.001ms
[145.382s][info][gc,phases   ] GC(457) Concurrent Process Non-Strong References 12.262ms
[145.382s][info][gc,phases   ] GC(457) Concurrent Reset Relocation Set 0.006ms
[145.384s][info][gc,phases   ] GC(457) Concurrent Select Relocation Set 2.114ms
[145.384s][info][gc,phases   ] GC(457) Pause Relocate Start 0.011ms
[145.386s][info][gc,phases   ] GC(457) Concurrent Relocate 2.122ms
[145.386s][info][gc,load     ] GC(457) Load: 0.00/0.00/0.00
[145.386s][info][gc,mmu      ] GC(457) MMU: 2ms/83.4%, 5ms/93.4%, 10ms/96.7%, 20ms/97.9%, 50ms/99.2%, 100ms/99.5%
[145.386s][info][gc,marking  ] GC(457) Mark: 2 stripe(s), 2 proactive flush(es), 1 terminate flush(es), 0 completion(s), 0 continuation(s) 
[145.386s][info][gc,marking  ] GC(457) Mark Stack Usage: 32M
[145.386s][info][gc,nmethod  ] GC(457) NMethods: 11636 registered, 9620 unregistered
[145.386s][info][gc,metaspace] GC(457) Metaspace: 156M used, 157M committed, 1216M reserved
[145.386s][info][gc,ref      ] GC(457) Soft: 3268 encountered, 0 discovered, 0 enqueued
[145.386s][info][gc,ref      ] GC(457) Weak: 15578 encountered, 2244 discovered, 583 enqueued
[145.386s][info][gc,ref      ] GC(457) Final: 52 encountered, 0 discovered, 0 enqueued
[145.386s][info][gc,ref      ] GC(457) Phantom: 600 encountered, 368 discovered, 0 enqueued
[145.386s][info][gc,reloc    ] GC(457) Small Pages: 82 / 164M, Empty: 0M, Relocated: 3M, In-Place: 0
[145.386s][info][gc,reloc    ] GC(457) Medium Pages: 6 / 192M, Empty: 32M, Relocated: 0M, In-Place: 0
[145.386s][info][gc,reloc    ] GC(457) Large Pages: 10 / 60M, Empty: 60M, Relocated: 0M, In-Place: 0
[145.386s][info][gc,reloc    ] GC(457) Forwarding Usage: 0M
[145.386s][info][gc,heap     ] GC(457) Min Capacity: 2048M(100%)
[145.386s][info][gc,heap     ] GC(457) Max Capacity: 2048M(100%)
[145.386s][info][gc,heap     ] GC(457) Soft Max Capacity: 2048M(100%)
[145.386s][info][gc,heap     ] GC(457)                Mark Start          Mark End        Relocate Start      Relocate End           High               Low         
[145.386s][info][gc,heap     ] GC(457)  Capacity:     2048M (100%)       2048M (100%)       2048M (100%)       2048M (100%)       2048M (100%)       2048M (100%)   
[145.386s][info][gc,heap     ] GC(457)      Free:     1632M (80%)        1564M (76%)        1632M (80%)        1718M (84%)        1720M (84%)        1540M (75%)    
[145.386s][info][gc,heap     ] GC(457)      Used:      416M (20%)         484M (24%)         416M (20%)         330M (16%)         508M (25%)         328M (16%)    
[145.386s][info][gc,heap     ] GC(457)      Live:         -               193M (9%)          193M (9%)          193M (9%)             -                  -          
[145.386s][info][gc,heap     ] GC(457) Allocated:         -                68M (3%)           92M (4%)           97M (5%)             -                  -          
[145.386s][info][gc,heap     ] GC(457)   Garbage:         -               222M (11%)         130M (6%)           38M (2%)             -                  -          
[145.386s][info][gc,heap     ] GC(457) Reclaimed:         -                  -                92M (4%)          183M (9%)             -                  -          
[145.386s][info][gc          ] GC(457) Garbage Collection (Allocation Rate) 416M(20%)->330M(16%)
[145.403s][info][gc,start    ] GC(458) Garbage Collection (Allocation Rate)
[145.403s][info][gc,task     ] GC(458) Using 2 workers
[145.403s][info][gc,phases   ] GC(458) Pause Mark Start 0.008ms
[145.451s][info][gc,phases   ] GC(458) Concurrent Mark 48.364ms
[145.451s][info][gc,phases   ] GC(458) Pause Mark End 0.046ms
[145.451s][info][gc,phases   ] GC(458) Concurrent Mark Free 0.001ms
[145.466s][info][gc,phases   ] GC(458) Concurrent Process Non-Strong References 14.406ms
[145.466s][info][gc,phases   ] GC(458) Concurrent Reset Relocation Set 0.004ms
[145.468s][info][gc,phases   ] GC(458) Concurrent Select Relocation Set 2.168ms
[145.468s][info][gc,phases   ] GC(458) Pause Relocate Start 0.007ms
[145.469s][info][gc,phases   ] GC(458) Concurrent Relocate 0.892ms
[145.469s][info][gc,load     ] GC(458) Load: 0.00/0.00/0.00
[145.469s][info][gc,mmu      ] GC(458) MMU: 2ms/83.4%, 5ms/93.4%, 10ms/96.7%, 20ms/97.9%, 50ms/99.2%, 100ms/99.5%
[145.469s][info][gc,marking  ] GC(458) Mark: 2 stripe(s), 3 proactive flush(es), 1 terminate flush(es), 1 completion(s), 0 continuation(s) 
[145.469s][info][gc,marking  ] GC(458) Mark Stack Usage: 32M
[145.469s][info][gc,nmethod  ] GC(458) NMethods: 11636 registered, 9620 unregistered
[145.469s][info][gc,metaspace] GC(458) Metaspace: 156M used, 157M committed, 1216M reserved
[145.469s][info][gc,ref      ] GC(458) Soft: 3268 encountered, 0 discovered, 0 enqueued
[145.469s][info][gc,ref      ] GC(458) Weak: 15213 encountered, 2940 discovered, 153 enqueued
[145.469s][info][gc,ref      ] GC(458) Final: 52 encountered, 0 discovered, 0 enqueued
[145.469s][info][gc,ref      ] GC(458) Phantom: 600 encountered, 374 discovered, 0 enqueued
[145.469s][info][gc,reloc    ] GC(458) Small Pages: 68 / 136M, Empty: 0M, Relocated: 1M, In-Place: 0
[145.469s][info][gc,reloc    ] GC(458) Medium Pages: 6 / 192M, Empty: 32M, Relocated: 0M, In-Place: 0
[145.469s][info][gc,reloc    ] GC(458) Large Pages: 4 / 24M, Empty: 24M, Relocated: 0M, In-Place: 0
[145.469s][info][gc,reloc    ] GC(458) Forwarding Usage: 0M
[145.469s][info][gc,heap     ] GC(458) Min Capacity: 2048M(100%)
[145.469s][info][gc,heap     ] GC(458) Max Capacity: 2048M(100%)
[145.469s][info][gc,heap     ] GC(458) Soft Max Capacity: 2048M(100%)
[145.469s][info][gc,heap     ] GC(458)                Mark Start          Mark End        Relocate Start      Relocate End           High               Low         
[145.469s][info][gc,heap     ] GC(458)  Capacity:     2048M (100%)       2048M (100%)       2048M (100%)       2048M (100%)       2048M (100%)       2048M (100%)   
[145.469s][info][gc,heap     ] GC(458)      Free:     1696M (83%)        1620M (79%)        1660M (81%)        1720M (84%)        1720M (84%)        1604M (78%)    
[145.469s][info][gc,heap     ] GC(458)      Used:      352M (17%)         428M (21%)         388M (19%)         328M (16%)         444M (22%)         328M (16%)    
[145.469s][info][gc,heap     ] GC(458)      Live:         -               193M (9%)          193M (9%)          193M (9%)             -                  -          
[145.469s][info][gc,heap     ] GC(458) Allocated:         -                76M (4%)           92M (4%)           93M (5%)             -                  -          
[145.469s][info][gc,heap     ] GC(458)   Garbage:         -               158M (8%)          102M (5%)           40M (2%)             -                  -          
[145.469s][info][gc,heap     ] GC(458) Reclaimed:         -                  -                56M (3%)          117M (6%)             -                  -          
[145.469s][info][gc          ] GC(458) Garbage Collection (Allocation Rate) 352M(17%)->328M(16%)
[146.103s][info][gc,start    ] GC(459) Garbage Collection (Allocation Rate)
[146.103s][info][gc,task     ] GC(459) Using 2 workers
[146.103s][info][gc,phases   ] GC(459) Pause Mark Start 0.010ms
[146.154s][info][gc,phases   ] GC(459) Concurrent Mark 50.758ms
[146.154s][info][gc,phases   ] GC(459) Pause Mark End 0.080ms
[146.154s][info][gc,phases   ] GC(459) Concurrent Mark Free 0.001ms
[146.170s][info][gc,phases   ] GC(459) Concurrent Process Non-Strong References 15.382ms
[146.170s][info][gc,phases   ] GC(459) Concurrent Reset Relocation Set 0.004ms
[146.172s][info][gc,phases   ] GC(459) Concurrent Select Relocation Set 2.222ms
[146.172s][info][gc,phases   ] GC(459) Pause Relocate Start 0.009ms
[146.174s][info][gc,phases   ] GC(459) Concurrent Relocate 2.312ms
[146.174s][info][gc,load     ] GC(459) Load: 0.00/0.00/0.00
[146.175s][info][gc,mmu      ] GC(459) MMU: 2ms/83.4%, 5ms/93.4%, 10ms/96.7%, 20ms/97.9%, 50ms/99.2%, 100ms/99.5%
[146.175s][info][gc,marking  ] GC(459) Mark: 2 stripe(s), 2 proactive flush(es), 1 terminate flush(es), 1 completion(s), 0 continuation(s) 
[146.175s][info][gc,marking  ] GC(459) Mark Stack Usage: 32M
[146.175s][info][gc,nmethod  ] GC(459) NMethods: 11639 registered, 9624 unregistered
[146.175s][info][gc,metaspace] GC(459) Metaspace: 156M used, 157M committed, 1216M reserved
[146.175s][info][gc,ref      ] GC(459) Soft: 3288 encountered, 0 discovered, 0 enqueued
[146.175s][info][gc,ref      ] GC(459) Weak: 16978 encountered, 4241 discovered, 1895 enqueued
[146.175s][info][gc,ref      ] GC(459) Final: 52 encountered, 0 discovered, 0 enqueued
[146.175s][info][gc,ref      ] GC(459) Phantom: 600 encountered, 371 discovered, 0 enqueued
[146.175s][info][gc,reloc    ] GC(459) Small Pages: 192 / 384M, Empty: 10M, Relocated: 5M, In-Place: 0
[146.175s][info][gc,reloc    ] GC(459) Medium Pages: 9 / 288M, Empty: 128M, Relocated: 0M, In-Place: 0
[146.175s][info][gc,reloc    ] GC(459) Large Pages: 39 / 234M, Empty: 234M, Relocated: 0M, In-Place: 0
[146.175s][info][gc,reloc    ] GC(459) Forwarding Usage: 0M
[146.175s][info][gc,heap     ] GC(459) Min Capacity: 2048M(100%)
[146.175s][info][gc,heap     ] GC(459) Max Capacity: 2048M(100%)
[146.175s][info][gc,heap     ] GC(459) Soft Max Capacity: 2048M(100%)
[146.175s][info][gc,heap     ] GC(459)                Mark Start          Mark End        Relocate Start      Relocate End           High               Low         
[146.175s][info][gc,heap     ] GC(459)  Capacity:     2048M (100%)       2048M (100%)       2048M (100%)       2048M (100%)       2048M (100%)       2048M (100%)   
[146.175s][info][gc,heap     ] GC(459)      Free:     1142M (56%)        1072M (52%)        1420M (69%)        1718M (84%)        1718M (84%)        1048M (51%)    
[146.175s][info][gc,heap     ] GC(459)      Used:      906M (44%)         976M (48%)         628M (31%)         330M (16%)        1000M (49%)         330M (16%)    
[146.175s][info][gc,heap     ] GC(459)      Live:         -               196M (10%)         196M (10%)         196M (10%)            -                  -          
[146.175s][info][gc,heap     ] GC(459) Allocated:         -                70M (3%)           94M (5%)           93M (5%)             -                  -          
[146.175s][info][gc,heap     ] GC(459)   Garbage:         -               709M (35%)         337M (16%)          39M (2%)             -                  -          
[146.175s][info][gc,heap     ] GC(459) Reclaimed:         -                  -               372M (18%)         669M (33%)            -                  -          
[146.175s][info][gc          ] GC(459) Garbage Collection (Allocation Rate) 906M(44%)->330M(16%)
[146.309s][info][gc,start    ] GC(460) Garbage Collection (System.gc())
[146.309s][info][gc,task     ] GC(460) Using 2 workers
[146.309s][info][gc,phases   ] GC(460) Pause Mark Start 0.009ms
[146.368s][info][gc,phases   ] GC(460) Concurrent Mark 59.098ms
[146.368s][info][gc,phases   ] GC(460) Pause Mark End 0.054ms
[146.369s][info][gc,phases   ] GC(460) Concurrent Mark Free 0.003ms
[146.383s][info][gc,phases   ] GC(460) Concurrent Process Non-Strong References 14.125ms
[146.383s][info][gc,phases   ] GC(460) Concurrent Reset Relocation Set 0.009ms
[146.385s][info][gc,phases   ] GC(460) Concurrent Select Relocation Set 1.936ms
[146.385s][info][gc,phases   ] GC(460) Pause Relocate Start 0.008ms
[146.390s][info][gc,phases   ] GC(460) Concurrent Relocate 5.446ms
[146.390s][info][gc,load     ] GC(460) Load: 0.00/0.00/0.00
[146.390s][info][gc,mmu      ] GC(460) MMU: 2ms/83.4%, 5ms/93.4%, 10ms/96.7%, 20ms/97.9%, 50ms/99.2%, 100ms/99.5%
[146.390s][info][gc,marking  ] GC(460) Mark: 2 stripe(s), 1 proactive flush(es), 1 terminate flush(es), 0 completion(s), 0 continuation(s) 
[146.390s][info][gc,marking  ] GC(460) Mark Stack Usage: 32M
[146.390s][info][gc,nmethod  ] GC(460) NMethods: 11657 registered, 9631 unregistered
[146.390s][info][gc,metaspace] GC(460) Metaspace: 156M used, 157M committed, 1216M reserved
[146.390s][info][gc,ref      ] GC(460) Soft: 3488 encountered, 0 discovered, 0 enqueued
[146.390s][info][gc,ref      ] GC(460) Weak: 15831 encountered, 3883 discovered, 698 enqueued
[146.390s][info][gc,ref      ] GC(460) Final: 52 encountered, 0 discovered, 0 enqueued
[146.390s][info][gc,ref      ] GC(460) Phantom: 600 encountered, 369 discovered, 0 enqueued
[146.390s][info][gc,reloc    ] GC(460) Small Pages: 100 / 200M, Empty: 0M, Relocated: 5M, In-Place: 0
[146.390s][info][gc,reloc    ] GC(460) Medium Pages: 6 / 192M, Empty: 32M, Relocated: 12M, In-Place: 0
[146.390s][info][gc,reloc    ] GC(460) Large Pages: 7 / 42M, Empty: 42M, Relocated: 0M, In-Place: 0
[146.390s][info][gc,reloc    ] GC(460) Forwarding Usage: 1M
[146.390s][info][gc,heap     ] GC(460) Min Capacity: 2048M(100%)
[146.390s][info][gc,heap     ] GC(460) Max Capacity: 2048M(100%)
[146.390s][info][gc,heap     ] GC(460) Soft Max Capacity: 2048M(100%)
[146.390s][info][gc,heap     ] GC(460)                Mark Start          Mark End        Relocate Start      Relocate End           High               Low         
[146.391s][info][gc,heap     ] GC(460)  Capacity:     2048M (100%)       2048M (100%)       2048M (100%)       2048M (100%)       2048M (100%)       2048M (100%)   
[146.391s][info][gc,heap     ] GC(460)      Free:     1614M (79%)        1614M (79%)        1676M (82%)        1856M (91%)        1856M (91%)        1604M (78%)    
[146.391s][info][gc,heap     ] GC(460)      Used:      434M (21%)         434M (21%)         372M (18%)         192M (9%)          444M (22%)         192M (9%)     
[146.391s][info][gc,heap     ] GC(460)      Live:         -               130M (6%)          130M (6%)          130M (6%)             -                  -          
[146.391s][info][gc,heap     ] GC(460) Allocated:         -                 0M (0%)           12M (1%)           23M (1%)             -                  -          
[146.391s][info][gc,heap     ] GC(460)   Garbage:         -               303M (15%)         229M (11%)          37M (2%)             -                  -          
[146.391s][info][gc,heap     ] GC(460) Reclaimed:         -                  -                74M (4%)          265M (13%)            -                  -          
[146.391s][info][gc          ] GC(460) Garbage Collection (System.gc()) 434M(21%)->192M(9%)
[146.613s][info][gc,start    ] GC(461) Garbage Collection (Allocation Rate)
[146.613s][info][gc,task     ] GC(461) Using 2 workers
[146.613s][info][gc,phases   ] GC(461) Pause Mark Start 0.019ms
[146.723s][info][gc,phases   ] GC(461) Concurrent Mark 109.626ms
[146.723s][info][gc,phases   ] GC(461) Pause Mark End 0.048ms
[146.723s][info][gc,phases   ] GC(461) Concurrent Mark Free 0.001ms
[146.759s][info][gc,phases   ] GC(461) Concurrent Process Non-Strong References 35.647ms
[146.759s][info][gc,phases   ] GC(461) Concurrent Reset Relocation Set 0.006ms
[146.759s][info][gc          ] Allocation Stall (Executor task launch worker for task 0.0 in stage 3223.0 (TID 12894)) 17.970ms
[146.759s][info][gc          ] Allocation Stall (Executor task launch worker for task 3.0 in stage 3223.0 (TID 12897)) 18.278ms
[146.759s][info][gc          ] Allocation Stall (Executor task launch worker for task 1.0 in stage 3223.0 (TID 12895)) 17.801ms
[146.759s][info][gc          ] Allocation Stall (Executor task launch worker for task 4.0 in stage 3223.0 (TID 12898)) 15.793ms
[146.759s][info][gc          ] Allocation Stall (Executor task launch worker for task 2.0 in stage 3223.0 (TID 12896)) 17.151ms
[146.763s][info][gc,phases   ] GC(461) Concurrent Select Relocation Set 4.182ms
[146.763s][info][gc,phases   ] GC(461) Pause Relocate Start 0.017ms
[146.777s][info][gc,phases   ] GC(461) Concurrent Relocate 13.815ms
[146.777s][info][gc,load     ] GC(461) Load: 0.00/0.00/0.00
[146.777s][info][gc,mmu      ] GC(461) MMU: 2ms/83.4%, 5ms/93.4%, 10ms/96.7%, 20ms/97.9%, 50ms/99.2%, 100ms/99.5%
[146.777s][info][gc,marking  ] GC(461) Mark: 2 stripe(s), 2 proactive flush(es), 1 terminate flush(es), 0 completion(s), 0 continuation(s) 
[146.777s][info][gc,marking  ] GC(461) Mark Stack Usage: 32M
[146.777s][info][gc,nmethod  ] GC(461) NMethods: 11657 registered, 9634 unregistered
[146.777s][info][gc,metaspace] GC(461) Metaspace: 156M used, 157M committed, 1216M reserved
[146.777s][info][gc,ref      ] GC(461) Soft: 3554 encountered, 0 discovered, 0 enqueued
[146.777s][info][gc,ref      ] GC(461) Weak: 15496 encountered, 3510 discovered, 204 enqueued
[146.777s][info][gc,ref      ] GC(461) Final: 52 encountered, 0 discovered, 0 enqueued
[146.777s][info][gc,ref      ] GC(461) Phantom: 600 encountered, 351 discovered, 0 enqueued
[146.777s][info][gc,reloc    ] GC(461) Small Pages: 526 / 1052M, Empty: 804M, Relocated: 6M, In-Place: 0
[146.777s][info][gc,reloc    ] GC(461) Medium Pages: 5 / 160M, Empty: 0M, Relocated: 24M, In-Place: 0
[146.777s][info][gc,reloc    ] GC(461) Large Pages: 6 / 36M, Empty: 36M, Relocated: 0M, In-Place: 0
[146.777s][info][gc,reloc    ] GC(461) Forwarding Usage: 0M
[146.777s][info][gc,heap     ] GC(461) Min Capacity: 2048M(100%)
[146.778s][info][gc,heap     ] GC(461) Max Capacity: 2048M(100%)
[146.778s][info][gc,heap     ] GC(461) Soft Max Capacity: 2048M(100%)
[146.778s][info][gc,heap     ] GC(461)                Mark Start          Mark End        Relocate Start      Relocate End           High               Low         
[146.778s][info][gc,heap     ] GC(461)  Capacity:     2048M (100%)       2048M (100%)       2048M (100%)       2048M (100%)       2048M (100%)       2048M (100%)   
[146.778s][info][gc,heap     ] GC(461)      Free:      800M (39%)          88M (4%)          814M (40%)         998M (49%)        1002M (49%)           0M (0%)     
[146.778s][info][gc,heap     ] GC(461)      Used:     1248M (61%)        1960M (96%)        1234M (60%)        1050M (51%)        2048M (100%)       1046M (51%)    
[146.778s][info][gc,heap     ] GC(461)      Live:         -               147M (7%)          147M (7%)          147M (7%)             -                  -          
[146.778s][info][gc,heap     ] GC(461) Allocated:         -               712M (35%)         826M (40%)         874M (43%)            -                  -          
[146.778s][info][gc,heap     ] GC(461)   Garbage:         -              1100M (54%)         260M (13%)          28M (1%)             -                  -          
[146.778s][info][gc,heap     ] GC(461) Reclaimed:         -                  -               840M (41%)        1072M (52%)            -                  -          
[146.778s][info][gc          ] GC(461) Garbage Collection (Allocation Rate) 1248M(61%)->1050M(51%)
[146.816s][info][gc,start    ] GC(462) Garbage Collection (Allocation Stall)
[146.816s][info][gc,ref      ] GC(462) Clearing All SoftReferences
[146.816s][info][gc,task     ] GC(462) Using 2 workers
[146.816s][info][gc,ref      ] GC(462) Clearing All SoftReferences
[146.816s][info][gc,phases   ] GC(462) Pause Mark Start 0.027ms
[146.863s][info][gc,phases   ] GC(462) Concurrent Mark 46.421ms
[146.863s][info][gc,phases   ] GC(462) Pause Mark End 0.064ms
[146.863s][info][gc,phases   ] GC(462) Concurrent Mark Free 0.001ms
[146.894s][info][gc,phases   ] GC(462) Concurrent Process Non-Strong References 30.836ms
[146.894s][info][gc,phases   ] GC(462) Concurrent Reset Relocation Set 0.008ms
[146.896s][info][gc,phases   ] GC(462) Concurrent Select Relocation Set 1.687ms
[146.896s][info][gc,phases   ] GC(462) Pause Relocate Start 0.009ms
[146.912s][info][gc,phases   ] GC(462) Concurrent Relocate 16.157ms
[146.912s][info][gc,load     ] GC(462) Load: 0.00/0.00/0.00
[146.912s][info][gc,mmu      ] GC(462) MMU: 2ms/83.4%, 5ms/93.4%, 10ms/96.7%, 20ms/97.9%, 50ms/99.2%, 100ms/99.5%
[146.912s][info][gc,marking  ] GC(462) Mark: 2 stripe(s), 2 proactive flush(es), 1 terminate flush(es), 1 completion(s), 0 continuation(s) 
[146.912s][info][gc,marking  ] GC(462) Mark Stack Usage: 32M
[146.912s][info][gc,nmethod  ] GC(462) NMethods: 11655 registered, 9636 unregistered
[146.912s][info][gc,metaspace] GC(462) Metaspace: 156M used, 157M committed, 1216M reserved
[146.912s][info][gc,ref      ] GC(462) Soft: 3488 encountered, 3057 discovered, 225 enqueued
[146.912s][info][gc,ref      ] GC(462) Weak: 15312 encountered, 3491 discovered, 54 enqueued
[146.912s][info][gc,ref      ] GC(462) Final: 52 encountered, 0 discovered, 0 enqueued
[146.912s][info][gc,ref      ] GC(462) Phantom: 600 encountered, 409 discovered, 0 enqueued
[146.912s][info][gc,reloc    ] GC(462) Small Pages: 455 / 910M, Empty: 590M, Relocated: 3M, In-Place: 0
[146.912s][info][gc,reloc    ] GC(462) Medium Pages: 9 / 288M, Empty: 0M, Relocated: 52M, In-Place: 0
[146.912s][info][gc,reloc    ] GC(462) Large Pages: 1 / 6M, Empty: 6M, Relocated: 0M, In-Place: 0
[146.912s][info][gc,reloc    ] GC(462) Forwarding Usage: 0M
[146.912s][info][gc,heap     ] GC(462) Min Capacity: 2048M(100%)
[146.912s][info][gc,heap     ] GC(462) Max Capacity: 2048M(100%)
[146.912s][info][gc,heap     ] GC(462) Soft Max Capacity: 2048M(100%)
[146.912s][info][gc,heap     ] GC(462)                Mark Start          Mark End        Relocate Start      Relocate End           High               Low         
[146.912s][info][gc,heap     ] GC(462)  Capacity:     2048M (100%)       2048M (100%)       2048M (100%)       2048M (100%)       2048M (100%)       2048M (100%)   
[146.912s][info][gc,heap     ] GC(462)      Free:      844M (41%)         772M (38%)        1354M (66%)        1720M (84%)        1720M (84%)         762M (37%)    
[146.912s][info][gc,heap     ] GC(462)      Used:     1204M (59%)        1276M (62%)         694M (34%)         328M (16%)        1286M (63%)         328M (16%)    
[146.912s][info][gc,heap     ] GC(462)      Live:         -               192M (9%)          192M (9%)          192M (9%)             -                  -          
[146.912s][info][gc,heap     ] GC(462) Allocated:         -                72M (4%)           86M (4%)           93M (5%)             -                  -          
[146.912s][info][gc,heap     ] GC(462)   Garbage:         -              1011M (49%)         415M (20%)          41M (2%)             -                  -          
[146.912s][info][gc,heap     ] GC(462) Reclaimed:         -                  -               596M (29%)         969M (47%)            -                  -          
[146.912s][info][gc          ] GC(462) Garbage Collection (Allocation Stall) 1204M(59%)->328M(16%)
[146.914s][info][gc,start    ] GC(463) Garbage Collection (Allocation Rate)
[146.914s][info][gc,task     ] GC(463) Using 2 workers
[146.914s][info][gc,phases   ] GC(463) Pause Mark Start 0.009ms
[146.971s][info][gc,phases   ] GC(463) Concurrent Mark 56.613ms
[146.971s][info][gc,phases   ] GC(463) Pause Mark End 0.033ms
[146.971s][info][gc,phases   ] GC(463) Concurrent Mark Free 0.001ms
[147.003s][info][gc,phases   ] GC(463) Concurrent Process Non-Strong References 32.043ms
[147.003s][info][gc,phases   ] GC(463) Concurrent Reset Relocation Set 0.009ms
[147.005s][info][gc,phases   ] GC(463) Concurrent Select Relocation Set 2.133ms
[147.005s][info][gc,phases   ] GC(463) Pause Relocate Start 0.012ms
[147.007s][info][gc,phases   ] GC(463) Concurrent Relocate 1.868ms
[147.007s][info][gc,load     ] GC(463) Load: 0.00/0.00/0.00
[147.007s][info][gc,mmu      ] GC(463) MMU: 2ms/83.4%, 5ms/93.4%, 10ms/96.7%, 20ms/97.9%, 50ms/99.2%, 100ms/99.5%
[147.007s][info][gc,marking  ] GC(463) Mark: 2 stripe(s), 2 proactive flush(es), 1 terminate flush(es), 0 completion(s), 0 continuation(s) 
[147.007s][info][gc,marking  ] GC(463) Mark Stack Usage: 32M
[147.007s][info][gc,nmethod  ] GC(463) NMethods: 11655 registered, 9636 unregistered
[147.007s][info][gc,metaspace] GC(463) Metaspace: 156M used, 157M committed, 1216M reserved
[147.007s][info][gc,ref      ] GC(463) Soft: 3267 encountered, 0 discovered, 0 enqueued
[147.007s][info][gc,ref      ] GC(463) Weak: 14972 encountered, 1685 discovered, 296 enqueued
[147.007s][info][gc,ref      ] GC(463) Final: 52 encountered, 0 discovered, 0 enqueued
[147.007s][info][gc,ref      ] GC(463) Phantom: 600 encountered, 371 discovered, 0 enqueued
[147.007s][info][gc,reloc    ] GC(463) Small Pages: 57 / 114M, Empty: 0M, Relocated: 3M, In-Place: 0
[147.007s][info][gc,reloc    ] GC(463) Medium Pages: 6 / 192M, Empty: 32M, Relocated: 0M, In-Place: 0
[147.007s][info][gc,reloc    ] GC(463) Large Pages: 4 / 24M, Empty: 24M, Relocated: 0M, In-Place: 0
[147.007s][info][gc,reloc    ] GC(463) Forwarding Usage: 0M
[147.007s][info][gc,heap     ] GC(463) Min Capacity: 2048M(100%)
[147.007s][info][gc,heap     ] GC(463) Max Capacity: 2048M(100%)
[147.007s][info][gc,heap     ] GC(463) Soft Max Capacity: 2048M(100%)
[147.007s][info][gc,heap     ] GC(463)                Mark Start          Mark End        Relocate Start      Relocate End           High               Low         
[147.007s][info][gc,heap     ] GC(463)  Capacity:     2048M (100%)       2048M (100%)       2048M (100%)       2048M (100%)       2048M (100%)       2048M (100%)   
[147.007s][info][gc,heap     ] GC(463)      Free:     1718M (84%)        1646M (80%)        1654M (81%)        1694M (83%)        1718M (84%)        1598M (78%)    
[147.007s][info][gc,heap     ] GC(463)      Used:      330M (16%)         402M (20%)         394M (19%)         354M (17%)         450M (22%)         330M (16%)    
[147.007s][info][gc,heap     ] GC(463)      Live:         -               193M (9%)          193M (9%)          193M (9%)             -                  -          
[147.007s][info][gc,heap     ] GC(463) Allocated:         -                72M (4%)          120M (6%)          119M (6%)             -                  -          
[147.007s][info][gc,heap     ] GC(463)   Garbage:         -               136M (7%)           80M (4%)           40M (2%)             -                  -          
[147.007s][info][gc,heap     ] GC(463) Reclaimed:         -                  -                56M (3%)           95M (5%)             -                  -          
[147.007s][info][gc          ] GC(463) Garbage Collection (Allocation Rate) 330M(16%)->354M(17%)
[147.015s][info][gc,start    ] GC(464) Garbage Collection (Allocation Rate)
[147.015s][info][gc,task     ] GC(464) Using 2 workers
[147.015s][info][gc,phases   ] GC(464) Pause Mark Start 0.009ms
[147.078s][info][gc,phases   ] GC(464) Concurrent Mark 62.425ms
[147.078s][info][gc,phases   ] GC(464) Pause Mark End 0.076ms
[147.078s][info][gc,phases   ] GC(464) Concurrent Mark Free 0.001ms
[147.091s][info][gc,phases   ] GC(464) Concurrent Process Non-Strong References 13.062ms
[147.091s][info][gc,phases   ] GC(464) Concurrent Reset Relocation Set 0.003ms
[147.093s][info][gc,phases   ] GC(464) Concurrent Select Relocation Set 1.965ms
[147.093s][info][gc,phases   ] GC(464) Pause Relocate Start 0.008ms
[147.095s][info][gc,phases   ] GC(464) Concurrent Relocate 1.965ms
[147.095s][info][gc,load     ] GC(464) Load: 0.00/0.00/0.00
[147.095s][info][gc,mmu      ] GC(464) MMU: 2ms/83.4%, 5ms/93.4%, 10ms/96.7%, 20ms/97.9%, 50ms/99.2%, 100ms/99.5%
[147.095s][info][gc,marking  ] GC(464) Mark: 2 stripe(s), 2 proactive flush(es), 1 terminate flush(es), 1 completion(s), 0 continuation(s) 
[147.095s][info][gc,marking  ] GC(464) Mark Stack Usage: 32M
[147.095s][info][gc,nmethod  ] GC(464) NMethods: 11655 registered, 9636 unregistered
[147.095s][info][gc,metaspace] GC(464) Metaspace: 156M used, 157M committed, 1216M reserved
[147.095s][info][gc,ref      ] GC(464) Soft: 3278 encountered, 0 discovered, 0 enqueued
[147.095s][info][gc,ref      ] GC(464) Weak: 15289 encountered, 1870 discovered, 152 enqueued
[147.095s][info][gc,ref      ] GC(464) Final: 52 encountered, 0 discovered, 0 enqueued
[147.095s][info][gc,ref      ] GC(464) Phantom: 600 encountered, 352 discovered, 0 enqueued
[147.095s][info][gc,reloc    ] GC(464) Small Pages: 66 / 132M, Empty: 0M, Relocated: 3M, In-Place: 0
[147.095s][info][gc,reloc    ] GC(464) Medium Pages: 6 / 192M, Empty: 32M, Relocated: 0M, In-Place: 0
[147.095s][info][gc,reloc    ] GC(464) Large Pages: 5 / 30M, Empty: 30M, Relocated: 0M, In-Place: 0
[147.095s][info][gc,reloc    ] GC(464) Forwarding Usage: 0M
[147.095s][info][gc,heap     ] GC(464) Min Capacity: 2048M(100%)
[147.095s][info][gc,heap     ] GC(464) Max Capacity: 2048M(100%)
[147.095s][info][gc,heap     ] GC(464) Soft Max Capacity: 2048M(100%)
[147.095s][info][gc,heap     ] GC(464)                Mark Start          Mark End        Relocate Start      Relocate End           High               Low         
[147.095s][info][gc,heap     ] GC(464)  Capacity:     2048M (100%)       2048M (100%)       2048M (100%)       2048M (100%)       2048M (100%)       2048M (100%)   
[147.095s][info][gc,heap     ] GC(464)      Free:     1694M (83%)        1614M (79%)        1660M (81%)        1716M (84%)        1716M (84%)        1598M (78%)    
[147.095s][info][gc,heap     ] GC(464)      Used:      354M (17%)         434M (21%)         388M (19%)         332M (16%)         450M (22%)         332M (16%)    
[147.095s][info][gc,heap     ] GC(464)      Live:         -               193M (9%)          193M (9%)          193M (9%)             -                  -          
[147.095s][info][gc,heap     ] GC(464) Allocated:         -                80M (4%)           96M (5%)           99M (5%)             -                  -          
[147.095s][info][gc,heap     ] GC(464)   Garbage:         -               160M (8%)           98M (5%)           38M (2%)             -                  -          
[147.095s][info][gc,heap     ] GC(464) Reclaimed:         -                  -                62M (3%)          121M (6%)             -                  -          
[147.095s][info][gc          ] GC(464) Garbage Collection (Allocation Rate) 354M(17%)->332M(16%)
[147.105s][info][gc,start    ] GC(465) Garbage Collection (Allocation Rate)
[147.106s][info][gc,task     ] GC(465) Using 2 workers
[147.106s][info][gc,phases   ] GC(465) Pause Mark Start 0.009ms
[147.161s][info][gc,phases   ] GC(465) Concurrent Mark 55.299ms
[147.161s][info][gc,phases   ] GC(465) Pause Mark End 0.050ms
[147.161s][info][gc,phases   ] GC(465) Concurrent Mark Free 0.001ms
[147.176s][info][gc,phases   ] GC(465) Concurrent Process Non-Strong References 14.699ms
[147.176s][info][gc,phases   ] GC(465) Concurrent Reset Relocation Set 0.004ms
[147.178s][info][gc,phases   ] GC(465) Concurrent Select Relocation Set 1.981ms
[147.178s][info][gc,phases   ] GC(465) Pause Relocate Start 0.012ms
[147.180s][info][gc,phases   ] GC(465) Concurrent Relocate 1.727ms
[147.180s][info][gc,load     ] GC(465) Load: 0.00/0.00/0.00
[147.180s][info][gc,mmu      ] GC(465) MMU: 2ms/83.4%, 5ms/93.4%, 10ms/96.7%, 20ms/97.9%, 50ms/99.2%, 100ms/99.5%
[147.180s][info][gc,marking  ] GC(465) Mark: 2 stripe(s), 2 proactive flush(es), 1 terminate flush(es), 1 completion(s), 0 continuation(s) 
[147.180s][info][gc,marking  ] GC(465) Mark Stack Usage: 32M
[147.180s][info][gc,nmethod  ] GC(465) NMethods: 11655 registered, 9636 unregistered
[147.180s][info][gc,metaspace] GC(465) Metaspace: 156M used, 157M committed, 1216M reserved
[147.180s][info][gc,ref      ] GC(465) Soft: 3276 encountered, 0 discovered, 0 enqueued
[147.180s][info][gc,ref      ] GC(465) Weak: 15358 encountered, 1818 discovered, 292 enqueued
[147.180s][info][gc,ref      ] GC(465) Final: 52 encountered, 0 discovered, 0 enqueued
[147.180s][info][gc,ref      ] GC(465) Phantom: 600 encountered, 370 discovered, 0 enqueued
[147.180s][info][gc,reloc    ] GC(465) Small Pages: 62 / 124M, Empty: 0M, Relocated: 3M, In-Place: 0
[147.180s][info][gc,reloc    ] GC(465) Medium Pages: 6 / 192M, Empty: 32M, Relocated: 0M, In-Place: 0
[147.180s][info][gc,reloc    ] GC(465) Large Pages: 5 / 30M, Empty: 30M, Relocated: 0M, In-Place: 0
[147.180s][info][gc,reloc    ] GC(465) Forwarding Usage: 0M
[147.180s][info][gc,heap     ] GC(465) Min Capacity: 2048M(100%)
[147.180s][info][gc,heap     ] GC(465) Max Capacity: 2048M(100%)
[147.180s][info][gc,heap     ] GC(465) Soft Max Capacity: 2048M(100%)
[147.180s][info][gc,heap     ] GC(465)                Mark Start          Mark End        Relocate Start      Relocate End           High               Low         
[147.180s][info][gc,heap     ] GC(465)  Capacity:     2048M (100%)       2048M (100%)       2048M (100%)       2048M (100%)       2048M (100%)       2048M (100%)   
[147.180s][info][gc,heap     ] GC(465)      Free:     1702M (83%)        1618M (79%)        1660M (81%)        1708M (83%)        1708M (83%)        1598M (78%)    
[147.180s][info][gc,heap     ] GC(465)      Used:      346M (17%)         430M (21%)         388M (19%)         340M (17%)         450M (22%)         340M (17%)    
[147.180s][info][gc,heap     ] GC(465)      Live:         -               193M (9%)          193M (9%)          193M (9%)             -                  -          
[147.180s][info][gc,heap     ] GC(465) Allocated:         -                84M (4%)          104M (5%)          107M (5%)             -                  -          
[147.180s][info][gc,heap     ] GC(465)   Garbage:         -               152M (7%)           90M (4%)           38M (2%)             -                  -          
[147.180s][info][gc,heap     ] GC(465) Reclaimed:         -                  -                62M (3%)          113M (6%)             -                  -          
[147.180s][info][gc          ] GC(465) Garbage Collection (Allocation Rate) 346M(17%)->340M(17%)
[147.918s][info][gc,start    ] GC(466) Garbage Collection (Allocation Rate)
[147.918s][info][gc,task     ] GC(466) Using 2 workers
[147.918s][info][gc,phases   ] GC(466) Pause Mark Start 0.010ms
[147.981s][info][gc,phases   ] GC(466) Concurrent Mark 62.455ms
[147.981s][info][gc,phases   ] GC(466) Pause Mark End 0.105ms
[147.981s][info][gc,phases   ] GC(466) Concurrent Mark Free 0.001ms
[147.994s][info][gc,phases   ] GC(466) Concurrent Process Non-Strong References 13.286ms
[147.995s][info][gc,phases   ] GC(466) Concurrent Reset Relocation Set 0.003ms
[147.997s][info][gc,phases   ] GC(466) Concurrent Select Relocation Set 2.295ms
[147.997s][info][gc,phases   ] GC(466) Pause Relocate Start 0.008ms
[147.999s][info][gc,phases   ] GC(466) Concurrent Relocate 1.871ms
[147.999s][info][gc,load     ] GC(466) Load: 0.00/0.00/0.00
[147.999s][info][gc,mmu      ] GC(466) MMU: 2ms/83.4%, 5ms/93.4%, 10ms/96.7%, 20ms/97.9%, 50ms/99.2%, 100ms/99.5%
[147.999s][info][gc,marking  ] GC(466) Mark: 2 stripe(s), 2 proactive flush(es), 1 terminate flush(es), 1 completion(s), 0 continuation(s) 
[147.999s][info][gc,marking  ] GC(466) Mark Stack Usage: 32M
[147.999s][info][gc,nmethod  ] GC(466) NMethods: 11655 registered, 9645 unregistered
[147.999s][info][gc,metaspace] GC(466) Metaspace: 156M used, 157M committed, 1216M reserved
[147.999s][info][gc,ref      ] GC(466) Soft: 3278 encountered, 0 discovered, 0 enqueued
[147.999s][info][gc,ref      ] GC(466) Weak: 17344 encountered, 6245 discovered, 2179 enqueued
[147.999s][info][gc,ref      ] GC(466) Final: 52 encountered, 0 discovered, 0 enqueued
[147.999s][info][gc,ref      ] GC(466) Phantom: 600 encountered, 372 discovered, 0 enqueued
[147.999s][info][gc,reloc    ] GC(466) Small Pages: 221 / 442M, Empty: 10M, Relocated: 4M, In-Place: 0
[147.999s][info][gc,reloc    ] GC(466) Medium Pages: 10 / 320M, Empty: 160M, Relocated: 0M, In-Place: 0
[147.999s][info][gc,reloc    ] GC(466) Large Pages: 46 / 276M, Empty: 276M, Relocated: 0M, In-Place: 0
[147.999s][info][gc,reloc    ] GC(466) Forwarding Usage: 0M
[147.999s][info][gc,heap     ] GC(466) Min Capacity: 2048M(100%)
[147.999s][info][gc,heap     ] GC(466) Max Capacity: 2048M(100%)
[147.999s][info][gc,heap     ] GC(466) Soft Max Capacity: 2048M(100%)
[147.999s][info][gc,heap     ] GC(466)                Mark Start          Mark End        Relocate Start      Relocate End           High               Low         
[147.999s][info][gc,heap     ] GC(466)  Capacity:     2048M (100%)       2048M (100%)       2048M (100%)       2048M (100%)       2048M (100%)       2048M (100%)   
[147.999s][info][gc,heap     ] GC(466)      Free:     1010M (49%)         928M (45%)        1364M (67%)        1716M (84%)        1718M (84%)         918M (45%)    
[147.999s][info][gc,heap     ] GC(466)      Used:     1038M (51%)        1120M (55%)         684M (33%)         332M (16%)        1130M (55%)         330M (16%)    
[147.999s][info][gc,heap     ] GC(466)      Live:         -               196M (10%)         196M (10%)         196M (10%)            -                  -          
[147.999s][info][gc,heap     ] GC(466) Allocated:         -                82M (4%)           92M (4%)           95M (5%)             -                  -          
[147.999s][info][gc,heap     ] GC(466)   Garbage:         -               841M (41%)         395M (19%)          39M (2%)             -                  -          
[147.999s][info][gc,heap     ] GC(466) Reclaimed:         -                  -               446M (22%)         801M (39%)            -                  -          
[147.999s][info][gc          ] GC(466) Garbage Collection (Allocation Rate) 1038M(51%)->332M(16%)
[148.053s][info][gc,start    ] GC(467) Garbage Collection (System.gc())
[148.053s][info][gc,task     ] GC(467) Using 2 workers
[148.054s][info][gc,phases   ] GC(467) Pause Mark Start 0.011ms
[148.106s][info][gc,phases   ] GC(467) Concurrent Mark 52.646ms
[148.106s][info][gc,phases   ] GC(467) Pause Mark End 0.025ms
[148.107s][info][gc,phases   ] GC(467) Concurrent Mark Free 0.001ms
[148.120s][info][gc,phases   ] GC(467) Concurrent Process Non-Strong References 13.396ms
[148.120s][info][gc,phases   ] GC(467) Concurrent Reset Relocation Set 0.011ms
[148.122s][info][gc,phases   ] GC(467) Concurrent Select Relocation Set 2.147ms
[148.122s][info][gc,phases   ] GC(467) Pause Relocate Start 0.013ms
[148.125s][info][gc,phases   ] GC(467) Concurrent Relocate 2.599ms
[148.125s][info][gc,load     ] GC(467) Load: 0.00/0.00/0.00
[148.125s][info][gc,mmu      ] GC(467) MMU: 2ms/83.4%, 5ms/93.4%, 10ms/96.7%, 20ms/97.9%, 50ms/99.2%, 100ms/99.5%
[148.125s][info][gc,marking  ] GC(467) Mark: 2 stripe(s), 1 proactive flush(es), 1 terminate flush(es), 0 completion(s), 0 continuation(s) 
[148.125s][info][gc,marking  ] GC(467) Mark Stack Usage: 32M
[148.125s][info][gc,nmethod  ] GC(467) NMethods: 11655 registered, 9652 unregistered
[148.125s][info][gc,metaspace] GC(467) Metaspace: 156M used, 157M committed, 1216M reserved
[148.125s][info][gc,ref      ] GC(467) Soft: 3493 encountered, 0 discovered, 0 enqueued
[148.125s][info][gc,ref      ] GC(467) Weak: 15689 encountered, 3642 discovered, 558 enqueued
[148.125s][info][gc,ref      ] GC(467) Final: 52 encountered, 0 discovered, 0 enqueued
[148.125s][info][gc,ref      ] GC(467) Phantom: 600 encountered, 382 discovered, 0 enqueued
[148.125s][info][gc,reloc    ] GC(467) Small Pages: 86 / 172M, Empty: 2M, Relocated: 4M, In-Place: 0
[148.125s][info][gc,reloc    ] GC(467) Medium Pages: 6 / 192M, Empty: 96M, Relocated: 0M, In-Place: 0
[148.125s][info][gc,reloc    ] GC(467) Large Pages: 3 / 18M, Empty: 18M, Relocated: 0M, In-Place: 0
[148.125s][info][gc,reloc    ] GC(467) Forwarding Usage: 1M
[148.125s][info][gc,heap     ] GC(467) Min Capacity: 2048M(100%)
[148.125s][info][gc,heap     ] GC(467) Max Capacity: 2048M(100%)
[148.125s][info][gc,heap     ] GC(467) Soft Max Capacity: 2048M(100%)
[148.125s][info][gc,heap     ] GC(467)                Mark Start          Mark End        Relocate Start      Relocate End           High               Low         
[148.125s][info][gc,heap     ] GC(467)  Capacity:     2048M (100%)       2048M (100%)       2048M (100%)       2048M (100%)       2048M (100%)       2048M (100%)   
[148.125s][info][gc,heap     ] GC(467)      Free:     1666M (81%)        1666M (81%)        1766M (86%)        1858M (91%)        1858M (91%)        1654M (81%)    
[148.125s][info][gc,heap     ] GC(467)      Used:      382M (19%)         382M (19%)         282M (14%)         190M (9%)          394M (19%)         190M (9%)     
[148.125s][info][gc,heap     ] GC(467)      Live:         -               130M (6%)          130M (6%)          130M (6%)             -                  -          
[148.125s][info][gc,heap     ] GC(467) Allocated:         -                 0M (0%)           16M (1%)           21M (1%)             -                  -          
[148.125s][info][gc,heap     ] GC(467)   Garbage:         -               251M (12%)         135M (7%)           37M (2%)             -                  -          
[148.125s][info][gc,heap     ] GC(467) Reclaimed:         -                  -               116M (6%)          213M (10%)            -                  -          
[148.125s][info][gc          ] GC(467) Garbage Collection (System.gc()) 382M(19%)->190M(9%)
[148.413s][info][gc,start    ] GC(468) Garbage Collection (Allocation Rate)
[148.413s][info][gc,task     ] GC(468) Using 2 workers
[148.413s][info][gc,phases   ] GC(468) Pause Mark Start 0.013ms
[148.491s][info][gc,phases   ] GC(468) Concurrent Mark 77.672ms
[148.491s][info][gc,phases   ] GC(468) Pause Mark End 0.026ms
[148.491s][info][gc,phases   ] GC(468) Concurrent Mark Free 0.002ms
[148.504s][info][gc,phases   ] GC(468) Concurrent Process Non-Strong References 12.776ms
[148.504s][info][gc,phases   ] GC(468) Concurrent Reset Relocation Set 0.004ms
[148.504s][info][gc          ] Allocation Stall (Executor task launch worker for task 3.0 in stage 3269.0 (TID 13081)) 25.744ms
[148.504s][info][gc          ] Allocation Stall (Executor task launch worker for task 2.0 in stage 3269.0 (TID 13080)) 26.647ms
[148.504s][info][gc          ] Allocation Stall (Spark Context Cleaner) 25.694ms
[148.504s][info][gc          ] Allocation Stall (Executor task launch worker for task 1.0 in stage 3269.0 (TID 13079)) 27.898ms
[148.504s][info][gc          ] Allocation Stall (Executor task launch worker for task 4.0 in stage 3269.0 (TID 13082)) 25.346ms
[148.504s][info][gc          ] Allocation Stall (Executor task launch worker for task 0.0 in stage 3269.0 (TID 13078)) 25.572ms
[148.507s][info][gc,phases   ] GC(468) Concurrent Select Relocation Set 3.657ms
[148.508s][info][gc,phases   ] GC(468) Pause Relocate Start 0.014ms
[148.529s][info][gc,phases   ] GC(468) Concurrent Relocate 21.615ms
[148.529s][info][gc,load     ] GC(468) Load: 0.00/0.00/0.00
[148.529s][info][gc,mmu      ] GC(468) MMU: 2ms/83.4%, 5ms/93.4%, 10ms/96.7%, 20ms/97.9%, 50ms/99.2%, 100ms/99.5%
[148.529s][info][gc,marking  ] GC(468) Mark: 2 stripe(s), 2 proactive flush(es), 1 terminate flush(es), 0 completion(s), 0 continuation(s) 
[148.529s][info][gc,marking  ] GC(468) Mark Stack Usage: 32M
[148.529s][info][gc,nmethod  ] GC(468) NMethods: 11668 registered, 9654 unregistered
[148.529s][info][gc,metaspace] GC(468) Metaspace: 156M used, 157M committed, 1216M reserved
[148.529s][info][gc,ref      ] GC(468) Soft: 3555 encountered, 0 discovered, 0 enqueued
[148.529s][info][gc,ref      ] GC(468) Weak: 15496 encountered, 2199 discovered, 224 enqueued
[148.529s][info][gc,ref      ] GC(468) Final: 52 encountered, 0 discovered, 0 enqueued
[148.529s][info][gc,ref      ] GC(468) Phantom: 600 encountered, 371 discovered, 0 enqueued
[148.529s][info][gc,reloc    ] GC(468) Small Pages: 748 / 1496M, Empty: 1134M, Relocated: 6M, In-Place: 0
[148.529s][info][gc,reloc    ] GC(468) Medium Pages: 8 / 256M, Empty: 0M, Relocated: 54M, In-Place: 0
[148.529s][info][gc,reloc    ] GC(468) Large Pages: 6 / 36M, Empty: 36M, Relocated: 0M, In-Place: 0
[148.529s][info][gc,reloc    ] GC(468) Forwarding Usage: 0M
[148.529s][info][gc,heap     ] GC(468) Min Capacity: 2048M(100%)
[148.530s][info][gc,heap     ] GC(468) Max Capacity: 2048M(100%)
[148.530s][info][gc,heap     ] GC(468) Soft Max Capacity: 2048M(100%)
[148.530s][info][gc,heap     ] GC(468)                Mark Start          Mark End        Relocate Start      Relocate End           High               Low         
[148.530s][info][gc,heap     ] GC(468)  Capacity:     2048M (100%)       2048M (100%)       2048M (100%)       2048M (100%)       2048M (100%)       2048M (100%)   
[148.530s][info][gc,heap     ] GC(468)      Free:      260M (13%)           0M (0%)         1148M (56%)        1454M (71%)        1458M (71%)           0M (0%)     
[148.530s][info][gc,heap     ] GC(468)      Used:     1788M (87%)        2048M (100%)        900M (44%)         594M (29%)        2048M (100%)        590M (29%)    
[148.530s][info][gc,heap     ] GC(468)      Live:         -               177M (9%)          177M (9%)          177M (9%)             -                  -          
[148.530s][info][gc,heap     ] GC(468) Allocated:         -               260M (13%)         282M (14%)         377M (18%)            -                  -          
[148.530s][info][gc,heap     ] GC(468)   Garbage:         -              1610M (79%)         440M (21%)          38M (2%)             -                  -          
[148.530s][info][gc,heap     ] GC(468) Reclaimed:         -                  -              1170M (57%)        1571M (77%)            -                  -          
[148.530s][info][gc          ] GC(468) Garbage Collection (Allocation Rate) 1788M(87%)->594M(29%)
[148.619s][info][gc,start    ] GC(469) Garbage Collection (Allocation Stall)
[148.619s][info][gc,ref      ] GC(469) Clearing All SoftReferences
[148.619s][info][gc,task     ] GC(469) Using 2 workers
[148.619s][info][gc,ref      ] GC(469) Clearing All SoftReferences
[148.619s][info][gc,phases   ] GC(469) Pause Mark Start 0.044ms
[148.678s][info][gc,phases   ] GC(469) Concurrent Mark 58.224ms
[148.678s][info][gc,phases   ] GC(469) Pause Mark End 0.337ms
[148.693s][info][gc,phases   ] GC(469) Concurrent Mark Continue 15.145ms
[148.693s][info][gc,phases   ] GC(469) Pause Mark End 0.033ms
[148.694s][info][gc,phases   ] GC(469) Concurrent Mark Free 0.002ms
[148.726s][info][gc,phases   ] GC(469) Concurrent Process Non-Strong References 31.927ms
[148.726s][info][gc,phases   ] GC(469) Concurrent Reset Relocation Set 0.014ms
[148.728s][info][gc,phases   ] GC(469) Concurrent Select Relocation Set 1.937ms
[148.728s][info][gc,phases   ] GC(469) Pause Relocate Start 0.012ms
[148.736s][info][gc,phases   ] GC(469) Concurrent Relocate 8.607ms
[148.736s][info][gc,load     ] GC(469) Load: 0.00/0.00/0.00
[148.736s][info][gc,mmu      ] GC(469) MMU: 2ms/83.1%, 5ms/93.3%, 10ms/96.6%, 20ms/97.9%, 50ms/99.2%, 100ms/99.5%
[148.736s][info][gc,marking  ] GC(469) Mark: 2 stripe(s), 3 proactive flush(es), 2 terminate flush(es), 1 completion(s), 1 continuation(s) 
[148.736s][info][gc,marking  ] GC(469) Mark Stack Usage: 32M
[148.736s][info][gc,nmethod  ] GC(469) NMethods: 11667 registered, 9655 unregistered
[148.736s][info][gc,metaspace] GC(469) Metaspace: 156M used, 157M committed, 1216M reserved
[148.736s][info][gc,ref      ] GC(469) Soft: 3491 encountered, 3002 discovered, 221 enqueued
[148.736s][info][gc,ref      ] GC(469) Weak: 15464 encountered, 1937 discovered, 197 enqueued
[148.736s][info][gc,ref      ] GC(469) Final: 52 encountered, 0 discovered, 0 enqueued
[148.736s][info][gc,ref      ] GC(469) Phantom: 600 encountered, 371 discovered, 0 enqueued
[148.736s][info][gc,reloc    ] GC(469) Small Pages: 238 / 476M, Empty: 248M, Relocated: 3M, In-Place: 0
[148.736s][info][gc,reloc    ] GC(469) Medium Pages: 8 / 256M, Empty: 32M, Relocated: 44M, In-Place: 0
[148.736s][info][gc,reloc    ] GC(469) Large Pages: 4 / 24M, Empty: 24M, Relocated: 0M, In-Place: 0
[148.736s][info][gc,reloc    ] GC(469) Forwarding Usage: 0M
[148.736s][info][gc,heap     ] GC(469) Min Capacity: 2048M(100%)
[148.736s][info][gc,heap     ] GC(469) Max Capacity: 2048M(100%)
[148.737s][info][gc,heap     ] GC(469) Soft Max Capacity: 2048M(100%)
[148.737s][info][gc,heap     ] GC(469)                Mark Start          Mark End        Relocate Start      Relocate End           High               Low         
[148.737s][info][gc,heap     ] GC(469)  Capacity:     2048M (100%)       2048M (100%)       2048M (100%)       2048M (100%)       2048M (100%)       2048M (100%)   
[148.737s][info][gc,heap     ] GC(469)      Free:     1292M (63%)        1206M (59%)        1470M (72%)        1688M (82%)        1688M (82%)        1172M (57%)    
[148.737s][info][gc,heap     ] GC(469)      Used:      756M (37%)         842M (41%)         578M (28%)         360M (18%)         876M (43%)         360M (18%)    
[148.737s][info][gc,heap     ] GC(469)      Live:         -               193M (9%)          193M (9%)          193M (9%)             -                  -          
[148.737s][info][gc,heap     ] GC(469) Allocated:         -                86M (4%)          126M (6%)          127M (6%)             -                  -          
[148.737s][info][gc,heap     ] GC(469)   Garbage:         -               562M (27%)         258M (13%)          38M (2%)             -                  -          
[148.737s][info][gc,heap     ] GC(469) Reclaimed:         -                  -               304M (15%)         523M (26%)            -                  -          
[148.737s][info][gc          ] GC(469) Garbage Collection (Allocation Stall) 756M(37%)->360M(18%)
[148.811s][info][gc,start    ] GC(470) Garbage Collection (Allocation Rate)
[148.811s][info][gc,task     ] GC(470) Using 2 workers
[148.811s][info][gc,phases   ] GC(470) Pause Mark Start 0.009ms
[148.870s][info][gc,phases   ] GC(470) Concurrent Mark 59.542ms
[148.870s][info][gc,phases   ] GC(470) Pause Mark End 0.061ms
[148.871s][info][gc,phases   ] GC(470) Concurrent Mark Free 0.001ms
[148.884s][info][gc,phases   ] GC(470) Concurrent Process Non-Strong References 13.033ms
[148.884s][info][gc,phases   ] GC(470) Concurrent Reset Relocation Set 0.008ms
[148.886s][info][gc,phases   ] GC(470) Concurrent Select Relocation Set 2.085ms
[148.886s][info][gc,phases   ] GC(470) Pause Relocate Start 0.009ms
[148.888s][info][gc,phases   ] GC(470) Concurrent Relocate 2.482ms
[148.888s][info][gc,load     ] GC(470) Load: 0.00/0.00/0.00
[148.888s][info][gc,mmu      ] GC(470) MMU: 2ms/83.1%, 5ms/93.3%, 10ms/96.6%, 20ms/97.9%, 50ms/99.2%, 100ms/99.5%
[148.888s][info][gc,marking  ] GC(470) Mark: 2 stripe(s), 2 proactive flush(es), 1 terminate flush(es), 1 completion(s), 0 continuation(s) 
[148.889s][info][gc,marking  ] GC(470) Mark Stack Usage: 32M
[148.889s][info][gc,nmethod  ] GC(470) NMethods: 11667 registered, 9655 unregistered
[148.889s][info][gc,metaspace] GC(470) Metaspace: 156M used, 157M committed, 1216M reserved
[148.889s][info][gc,ref      ] GC(470) Soft: 3268 encountered, 0 discovered, 0 enqueued
[148.889s][info][gc,ref      ] GC(470) Weak: 15578 encountered, 4166 discovered, 582 enqueued
[148.889s][info][gc,ref      ] GC(470) Final: 52 encountered, 0 discovered, 0 enqueued
[148.889s][info][gc,ref      ] GC(470) Phantom: 600 encountered, 405 discovered, 0 enqueued
[148.889s][info][gc,reloc    ] GC(470) Small Pages: 79 / 158M, Empty: 6M, Relocated: 1M, In-Place: 0
[148.889s][info][gc,reloc    ] GC(470) Medium Pages: 6 / 192M, Empty: 0M, Relocated: 12M, In-Place: 0
[148.889s][info][gc,reloc    ] GC(470) Large Pages: 10 / 60M, Empty: 60M, Relocated: 0M, In-Place: 0
[148.889s][info][gc,reloc    ] GC(470) Forwarding Usage: 0M
[148.889s][info][gc,heap     ] GC(470) Min Capacity: 2048M(100%)
[148.889s][info][gc,heap     ] GC(470) Max Capacity: 2048M(100%)
[148.889s][info][gc,heap     ] GC(470) Soft Max Capacity: 2048M(100%)
[148.889s][info][gc,heap     ] GC(470)                Mark Start          Mark End        Relocate Start      Relocate End           High               Low         
[148.889s][info][gc,heap     ] GC(470)  Capacity:     2048M (100%)       2048M (100%)       2048M (100%)       2048M (100%)       2048M (100%)       2048M (100%)   
[148.889s][info][gc,heap     ] GC(470)      Free:     1638M (80%)        1562M (76%)        1598M (78%)        1708M (83%)        1708M (83%)        1532M (75%)    
[148.889s][info][gc,heap     ] GC(470)      Used:      410M (20%)         486M (24%)         450M (22%)         340M (17%)         516M (25%)         340M (17%)    
[148.889s][info][gc,heap     ] GC(470)      Live:         -               194M (9%)          194M (9%)          194M (9%)             -                  -          
[148.889s][info][gc,heap     ] GC(470) Allocated:         -                76M (4%)          106M (5%)          105M (5%)             -                  -          
[148.889s][info][gc,heap     ] GC(470)   Garbage:         -               215M (11%)         149M (7%)           39M (2%)             -                  -          
[148.889s][info][gc,heap     ] GC(470) Reclaimed:         -                  -                66M (3%)          175M (9%)             -                  -          
[148.889s][info][gc          ] GC(470) Garbage Collection (Allocation Rate) 410M(20%)->340M(17%)
[148.907s][info][gc,start    ] GC(471) Garbage Collection (Allocation Rate)
[148.907s][info][gc,task     ] GC(471) Using 2 workers
[148.907s][info][gc,phases   ] GC(471) Pause Mark Start 0.008ms
[148.970s][info][gc,phases   ] GC(471) Concurrent Mark 62.189ms
[148.970s][info][gc,phases   ] GC(471) Pause Mark End 0.076ms
[148.970s][info][gc,phases   ] GC(471) Concurrent Mark Free 0.001ms
[148.983s][info][gc,phases   ] GC(471) Concurrent Process Non-Strong References 12.774ms
[148.983s][info][gc,phases   ] GC(471) Concurrent Reset Relocation Set 0.005ms
[148.985s][info][gc,phases   ] GC(471) Concurrent Select Relocation Set 2.136ms
[148.985s][info][gc,phases   ] GC(471) Pause Relocate Start 0.009ms
[148.988s][info][gc,phases   ] GC(471) Concurrent Relocate 2.456ms
[148.988s][info][gc,load     ] GC(471) Load: 0.00/0.00/0.00
[148.988s][info][gc,mmu      ] GC(471) MMU: 2ms/83.1%, 5ms/93.3%, 10ms/96.6%, 20ms/97.9%, 50ms/99.2%, 100ms/99.5%
[148.988s][info][gc,marking  ] GC(471) Mark: 2 stripe(s), 2 proactive flush(es), 1 terminate flush(es), 1 completion(s), 0 continuation(s) 
[148.988s][info][gc,marking  ] GC(471) Mark Stack Usage: 32M
[148.988s][info][gc,nmethod  ] GC(471) NMethods: 11667 registered, 9655 unregistered
[148.988s][info][gc,metaspace] GC(471) Metaspace: 156M used, 157M committed, 1216M reserved
[148.988s][info][gc,ref      ] GC(471) Soft: 3270 encountered, 0 discovered, 0 enqueued
[148.988s][info][gc,ref      ] GC(471) Weak: 15288 encountered, 2094 discovered, 153 enqueued
[148.988s][info][gc,ref      ] GC(471) Final: 52 encountered, 0 discovered, 0 enqueued
[148.988s][info][gc,ref      ] GC(471) Phantom: 600 encountered, 369 discovered, 0 enqueued
[148.988s][info][gc,reloc    ] GC(471) Small Pages: 72 / 144M, Empty: 0M, Relocated: 5M, In-Place: 0
[148.988s][info][gc,reloc    ] GC(471) Medium Pages: 6 / 192M, Empty: 32M, Relocated: 0M, In-Place: 0
[148.988s][info][gc,reloc    ] GC(471) Large Pages: 5 / 30M, Empty: 30M, Relocated: 0M, In-Place: 0
[148.988s][info][gc,reloc    ] GC(471) Forwarding Usage: 1M
[148.988s][info][gc,heap     ] GC(471) Min Capacity: 2048M(100%)
[148.988s][info][gc,heap     ] GC(471) Max Capacity: 2048M(100%)
[148.988s][info][gc,heap     ] GC(471) Soft Max Capacity: 2048M(100%)
[148.988s][info][gc,heap     ] GC(471)                Mark Start          Mark End        Relocate Start      Relocate End           High               Low         
[148.988s][info][gc,heap     ] GC(471)  Capacity:     2048M (100%)       2048M (100%)       2048M (100%)       2048M (100%)       2048M (100%)       2048M (100%)   
[148.988s][info][gc,heap     ] GC(471)      Free:     1682M (82%)        1598M (78%)        1654M (81%)        1726M (84%)        1726M (84%)        1592M (78%)    
[148.988s][info][gc,heap     ] GC(471)      Used:      366M (18%)         450M (22%)         394M (19%)         322M (16%)         456M (22%)         322M (16%)    
[148.988s][info][gc,heap     ] GC(471)      Live:         -               193M (9%)          193M (9%)          193M (9%)             -                  -          
[148.988s][info][gc,heap     ] GC(471) Allocated:         -                84M (4%)           90M (4%)           89M (4%)             -                  -          
[148.988s][info][gc,heap     ] GC(471)   Garbage:         -               172M (8%)          110M (5%)           38M (2%)             -                  -          
[148.988s][info][gc,heap     ] GC(471) Reclaimed:         -                  -                62M (3%)          133M (7%)             -                  -          
[148.988s][info][gc          ] GC(471) Garbage Collection (Allocation Rate) 366M(18%)->322M(16%)
[149.605s][info][gc,start    ] GC(472) Garbage Collection (Allocation Rate)
[149.606s][info][gc,task     ] GC(472) Using 2 workers
[149.606s][info][gc,phases   ] GC(472) Pause Mark Start 0.013ms
[149.666s][info][gc,phases   ] GC(472) Concurrent Mark 59.790ms
[149.666s][info][gc,phases   ] GC(472) Pause Mark End 0.128ms
[149.666s][info][gc,phases   ] GC(472) Concurrent Mark Free 0.002ms
[149.679s][info][gc,phases   ] GC(472) Concurrent Process Non-Strong References 12.570ms
[149.679s][info][gc,phases   ] GC(472) Concurrent Reset Relocation Set 0.004ms
[149.681s][info][gc,phases   ] GC(472) Concurrent Select Relocation Set 1.986ms
[149.681s][info][gc,phases   ] GC(472) Pause Relocate Start 0.010ms
[149.682s][info][gc,phases   ] GC(472) Concurrent Relocate 1.072ms
[149.682s][info][gc,load     ] GC(472) Load: 0.00/0.00/0.00
[149.682s][info][gc,mmu      ] GC(472) MMU: 2ms/83.1%, 5ms/93.3%, 10ms/96.6%, 20ms/97.9%, 50ms/99.2%, 100ms/99.5%
[149.682s][info][gc,marking  ] GC(472) Mark: 2 stripe(s), 2 proactive flush(es), 1 terminate flush(es), 1 completion(s), 0 continuation(s) 
[149.682s][info][gc,marking  ] GC(472) Mark Stack Usage: 32M
[149.682s][info][gc,nmethod  ] GC(472) NMethods: 11672 registered, 9657 unregistered
[149.682s][info][gc,metaspace] GC(472) Metaspace: 156M used, 157M committed, 1216M reserved
[149.682s][info][gc,ref      ] GC(472) Soft: 3270 encountered, 0 discovered, 0 enqueued
[149.682s][info][gc,ref      ] GC(472) Weak: 17046 encountered, 5069 discovered, 1888 enqueued
[149.682s][info][gc,ref      ] GC(472) Final: 52 encountered, 0 discovered, 0 enqueued
[149.682s][info][gc,ref      ] GC(472) Phantom: 600 encountered, 309 discovered, 0 enqueued
[149.682s][info][gc,reloc    ] GC(472) Small Pages: 191 / 382M, Empty: 4M, Relocated: 3M, In-Place: 0
[149.682s][info][gc,reloc    ] GC(472) Medium Pages: 9 / 288M, Empty: 128M, Relocated: 0M, In-Place: 0
[149.682s][info][gc,reloc    ] GC(472) Large Pages: 39 / 234M, Empty: 234M, Relocated: 0M, In-Place: 0
[149.682s][info][gc,reloc    ] GC(472) Forwarding Usage: 0M
[149.682s][info][gc,heap     ] GC(472) Min Capacity: 2048M(100%)
[149.682s][info][gc,heap     ] GC(472) Max Capacity: 2048M(100%)
[149.682s][info][gc,heap     ] GC(472) Soft Max Capacity: 2048M(100%)
[149.682s][info][gc,heap     ] GC(472)                Mark Start          Mark End        Relocate Start      Relocate End           High               Low         
[149.682s][info][gc,heap     ] GC(472)  Capacity:     2048M (100%)       2048M (100%)       2048M (100%)       2048M (100%)       2048M (100%)       2048M (100%)   
[149.682s][info][gc,heap     ] GC(472)      Free:     1144M (56%)        1058M (52%)        1418M (69%)        1720M (84%)        1720M (84%)        1052M (51%)    
[149.682s][info][gc,heap     ] GC(472)      Used:      904M (44%)         990M (48%)         630M (31%)         328M (16%)         996M (49%)         328M (16%)    
[149.682s][info][gc,heap     ] GC(472)      Live:         -               195M (10%)         195M (10%)         195M (10%)            -                  -          
[149.682s][info][gc,heap     ] GC(472) Allocated:         -                86M (4%)           92M (4%)           91M (4%)             -                  -          
[149.682s][info][gc,heap     ] GC(472)   Garbage:         -               708M (35%)         342M (17%)          40M (2%)             -                  -          
[149.682s][info][gc,heap     ] GC(472) Reclaimed:         -                  -               366M (18%)         667M (33%)            -                  -          
[149.682s][info][gc          ] GC(472) Garbage Collection (Allocation Rate) 904M(44%)->328M(16%)
[149.803s][info][gc,start    ] GC(473) Garbage Collection (System.gc())
[149.803s][info][gc,task     ] GC(473) Using 2 workers
[149.803s][info][gc,phases   ] GC(473) Pause Mark Start 0.013ms
[149.850s][info][gc,phases   ] GC(473) Concurrent Mark 46.829ms
[149.850s][info][gc,phases   ] GC(473) Pause Mark End 0.032ms
[149.850s][info][gc,phases   ] GC(473) Concurrent Mark Free 0.002ms
[149.863s][info][gc,phases   ] GC(473) Concurrent Process Non-Strong References 12.848ms
[149.863s][info][gc,phases   ] GC(473) Concurrent Reset Relocation Set 0.009ms
[149.865s][info][gc,phases   ] GC(473) Concurrent Select Relocation Set 1.984ms
[149.865s][info][gc,phases   ] GC(473) Pause Relocate Start 0.009ms
[149.869s][info][gc,phases   ] GC(473) Concurrent Relocate 3.182ms
[149.869s][info][gc,load     ] GC(473) Load: 0.00/0.00/0.00
[149.869s][info][gc,mmu      ] GC(473) MMU: 2ms/83.1%, 5ms/93.3%, 10ms/96.6%, 20ms/97.9%, 50ms/99.2%, 100ms/99.5%
[149.869s][info][gc,marking  ] GC(473) Mark: 2 stripe(s), 1 proactive flush(es), 1 terminate flush(es), 0 completion(s), 0 continuation(s) 
[149.869s][info][gc,marking  ] GC(473) Mark Stack Usage: 32M
[149.869s][info][gc,nmethod  ] GC(473) NMethods: 11673 registered, 9660 unregistered
[149.869s][info][gc,metaspace] GC(473) Metaspace: 156M used, 157M committed, 1216M reserved
[149.869s][info][gc,ref      ] GC(473) Soft: 3486 encountered, 0 discovered, 0 enqueued
[149.869s][info][gc,ref      ] GC(473) Weak: 15829 encountered, 2985 discovered, 697 enqueued
[149.869s][info][gc,ref      ] GC(473) Final: 52 encountered, 0 discovered, 0 enqueued
[149.869s][info][gc,ref      ] GC(473) Phantom: 600 encountered, 382 discovered, 0 enqueued
[149.869s][info][gc,reloc    ] GC(473) Small Pages: 97 / 194M, Empty: 0M, Relocated: 1M, In-Place: 0
[149.869s][info][gc,reloc    ] GC(473) Medium Pages: 6 / 192M, Empty: 32M, Relocated: 12M, In-Place: 0
[149.869s][info][gc,reloc    ] GC(473) Large Pages: 6 / 36M, Empty: 36M, Relocated: 0M, In-Place: 0
[149.869s][info][gc,reloc    ] GC(473) Forwarding Usage: 0M
[149.869s][info][gc,heap     ] GC(473) Min Capacity: 2048M(100%)
[149.869s][info][gc,heap     ] GC(473) Max Capacity: 2048M(100%)
[149.869s][info][gc,heap     ] GC(473) Soft Max Capacity: 2048M(100%)
[149.869s][info][gc,heap     ] GC(473)                Mark Start          Mark End        Relocate Start      Relocate End           High               Low         
[149.869s][info][gc,heap     ] GC(473)  Capacity:     2048M (100%)       2048M (100%)       2048M (100%)       2048M (100%)       2048M (100%)       2048M (100%)   
[149.869s][info][gc,heap     ] GC(473)      Free:     1626M (79%)        1626M (79%)        1680M (82%)        1854M (91%)        1854M (91%)        1614M (79%)    
[149.869s][info][gc,heap     ] GC(473)      Used:      422M (21%)         422M (21%)         368M (18%)         194M (9%)          434M (21%)         194M (9%)     
[149.869s][info][gc,heap     ] GC(473)      Live:         -               130M (6%)          130M (6%)          130M (6%)             -                  -          
[149.869s][info][gc,heap     ] GC(473) Allocated:         -                 0M (0%)           14M (1%)           23M (1%)             -                  -          
[149.869s][info][gc,heap     ] GC(473)   Garbage:         -               291M (14%)         223M (11%)          39M (2%)             -                  -          
[149.869s][info][gc,heap     ] GC(473) Reclaimed:         -                  -                68M (3%)          251M (12%)            -                  -          
[149.869s][info][gc          ] GC(473) Garbage Collection (System.gc()) 422M(21%)->194M(9%)
[150.108s][info][gc,stats    ] === Garbage Collection Statistics =======================================================================================================================
[150.108s][info][gc,start    ] GC(474) Garbage Collection (Allocation Rate)
[150.108s][info][gc,stats    ]                                                              Last 10s              Last 10m              Last 10h                Total
[150.108s][info][gc,task     ] GC(474) Using 2 workers
[150.108s][info][gc,stats    ]                                                              Avg / Max             Avg / Max             Avg / Max             Avg / Max
[150.108s][info][gc,stats    ]   Collector: Garbage Collection Cycle                     89.330 / 164.652      93.831 / 235.178      93.831 / 235.178      93.831 / 235.178     ms
[150.108s][info][gc,stats    ]  Contention: Mark Segment Reset Contention                     6 / 30                3 / 51                3 / 51                3 / 51          ops/s
[150.109s][info][gc,stats    ]  Contention: Mark SeqNum Reset Contention                      0 / 1                 0 / 3                 0 / 3                 0 / 3           ops/s
[150.109s][info][gc,stats    ]    Critical: Allocation Stall                                  2 / 6                 2 / 8                 2 / 8                 2 / 8           ops/s
[150.109s][info][gc,stats    ]    Critical: Allocation Stall                             33.668 / 69.945       40.698 / 93.951       40.698 / 93.951       40.698 / 93.951      ms
[150.109s][info][gc,stats    ]    Critical: GC Locker Stall                                   0 / 1                 0 / 2                 0 / 2                 0 / 2           ops/s
[150.109s][info][gc,stats    ]    Critical: GC Locker Stall                               0.032 / 0.059         0.018 / 0.059         0.018 / 0.059         0.018 / 0.059       ms
[150.109s][info][gc,stats    ]    Critical: Relocation Stall                                  0 / 0                 0 / 0                 0 / 0                 0 / 0           ops/s
[150.109s][info][gc,stats    ]    Critical: Relocation Stall                              0.000 / 0.000         0.000 / 0.000         0.000 / 0.000         0.000 / 0.000       ms
[150.109s][info][gc,stats    ]      Memory: Allocation Rate                                1995 / 2786           1720 / 3030           1720 / 3030           1720 / 3030        MB/s
[150.109s][info][gc,stats    ]      Memory: Defragment                                       57 / 146              50 / 149              50 / 149              50 / 149         ops/s
[150.109s][info][gc,stats    ]      Memory: Out Of Memory                                     0 / 0                 0 / 0                 0 / 0                 0 / 0           ops/s
[150.109s][info][gc,phases   ] GC(474) Pause Mark Start 0.010ms
[150.109s][info][gc,stats    ]      Memory: Page Cache Flush                                292 / 532             233 / 714             233 / 714             233 / 714         MB/s
[150.109s][info][gc,stats    ]      Memory: Page Cache Hit L1                               692 / 1030            595 / 1168            595 / 1168            595 / 1168        ops/s
[150.109s][info][gc,stats    ]      Memory: Page Cache Hit L2                                 0 / 0                 0 / 0                 0 / 0                 0 / 0           ops/s
[150.109s][info][gc,stats    ]      Memory: Page Cache Hit L3                                53 / 115              52 / 265              52 / 265              52 / 265         ops/s
[150.109s][info][gc,stats    ]      Memory: Page Cache Miss                                  12 / 21                8 / 26                8 / 26                8 / 26          ops/s
[150.109s][info][gc,stats    ]      Memory: Uncommit                                          0 / 0                 0 / 0                 0 / 0                 0 / 0           MB/s
[150.109s][info][gc,stats    ]      Memory: Undo Object Allocation Failed                     0 / 0                 0 / 6                 0 / 6                 0 / 6           ops/s
[150.109s][info][gc,stats    ]      Memory: Undo Object Allocation Succeeded                129 / 802              91 / 2789             91 / 2789             91 / 2789        ops/s
[150.109s][info][gc,stats    ]      Memory: Undo Page Allocation                              3 / 6                 3 / 12                3 / 12                3 / 12          ops/s
[150.109s][info][gc,stats    ]       Phase: Concurrent Mark                              60.404 / 109.626      60.280 / 160.845      60.280 / 160.845      60.280 / 160.845     ms
[150.109s][info][gc,stats    ]       Phase: Concurrent Mark Continue                     15.145 / 15.145       15.096 / 15.145       15.096 / 15.145       15.096 / 15.145      ms
[150.109s][info][gc,stats    ]       Phase: Concurrent Mark Free                          0.001 / 0.003         0.002 / 0.005         0.002 / 0.005         0.002 / 0.005       ms
[150.109s][info][gc,stats    ]       Phase: Concurrent Process Non-Strong References     19.074 / 35.647       22.530 / 63.816       22.530 / 63.816       22.530 / 63.816      ms
[150.109s][info][gc,stats    ]       Phase: Concurrent Relocate                           6.040 / 23.234        7.224 / 78.506        7.224 / 78.506        7.224 / 78.506      ms
[150.109s][info][gc,stats    ]       Phase: Concurrent Reset Relocation Set               0.006 / 0.014         0.006 / 0.023         0.006 / 0.023         0.006 / 0.023       ms
[150.109s][info][gc,stats    ]       Phase: Concurrent Select Relocation Set              2.360 / 5.744         2.491 / 6.805         2.491 / 6.805         2.491 / 6.805       ms
[150.109s][info][gc,stats    ]       Phase: Pause Mark End                                0.068 / 0.337         0.053 / 0.337         0.053 / 0.337         0.053 / 0.337       ms
[150.109s][info][gc,stats    ]       Phase: Pause Mark Start                              0.015 / 0.060         0.016 / 0.077         0.016 / 0.077         0.016 / 0.077       ms
[150.109s][info][gc,stats    ]       Phase: Pause Relocate Start                          0.011 / 0.018         0.011 / 0.086         0.011 / 0.086         0.011 / 0.086       ms
[150.109s][info][gc,stats    ]    Subphase: Concurrent Classes Purge                      0.150 / 0.442         0.175 / 9.707         0.175 / 9.707         0.175 / 9.707       ms
[150.109s][info][gc,stats    ]    Subphase: Concurrent Classes Unlink                    17.116 / 33.504       20.183 / 38.983       20.183 / 38.983       20.183 / 38.983      ms
[150.109s][info][gc,stats    ]    Subphase: Concurrent Mark                              49.327 / 101.681      50.061 / 147.243      50.061 / 147.243      50.061 / 147.243     ms
[150.109s][info][gc,stats    ]    Subphase: Concurrent Mark Try Flush                     0.232 / 7.982         0.463 / 29.293        0.463 / 29.293        0.463 / 29.293      ms
[150.109s][info][gc,stats    ]    Subphase: Concurrent Mark Try Terminate                 3.235 / 18.545        3.457 / 22.417        3.457 / 22.417        3.457 / 22.417      ms
[150.109s][info][gc,stats    ]    Subphase: Concurrent References Enqueue                 0.006 / 0.009         0.005 / 0.017         0.005 / 0.017         0.005 / 0.017       ms
[150.109s][info][gc,stats    ]    Subphase: Concurrent References Process                 0.367 / 0.781         0.445 / 1.136         0.445 / 1.136         0.445 / 1.136       ms
[150.109s][info][gc,stats    ]    Subphase: Concurrent Roots ClassLoaderDataGraph         0.211 / 0.567         0.209 / 0.595         0.209 / 0.595         0.209 / 0.595       ms
[150.109s][info][gc,stats    ]    Subphase: Concurrent Roots CodeCache                    0.000 / 0.000         0.000 / 0.000         0.000 / 0.000         0.000 / 0.000       ms
[150.109s][info][gc,stats    ]    Subphase: Concurrent Roots JavaThreads                  4.507 / 7.856         4.730 / 13.179        4.730 / 13.179        4.730 / 13.179      ms
[150.109s][info][gc,stats    ]    Subphase: Concurrent Roots OopStorageSet                0.069 / 0.099         0.067 / 0.307         0.067 / 0.307         0.067 / 0.307       ms
[150.109s][info][gc,stats    ]    Subphase: Concurrent Weak Roots OopStorageSet           1.001 / 1.521         1.027 / 2.203         1.027 / 2.203         1.027 / 2.203       ms
[150.109s][info][gc,stats    ]    Subphase: Pause Mark Try Complete                       0.037 / 0.240         0.021 / 0.240         0.021 / 0.240         0.021 / 0.240       ms
[150.109s][info][gc,stats    ]      System: Java Threads                                    283 / 283             275 / 286             275 / 286             275 / 286         threads
[150.109s][info][gc,stats    ] =========================================================================================================================================================
[150.187s][info][gc,phases   ] GC(474) Concurrent Mark 77.939ms
[150.187s][info][gc,phases   ] GC(474) Pause Mark End 0.027ms
[150.187s][info][gc,phases   ] GC(474) Concurrent Mark Free 0.002ms
[150.218s][info][gc,phases   ] GC(474) Concurrent Process Non-Strong References 30.853ms
[150.218s][info][gc,phases   ] GC(474) Concurrent Reset Relocation Set 0.006ms
[150.218s][info][gc          ] Allocation Stall (Executor task launch worker for task 2.0 in stage 3315.0 (TID 13264)) 21.517ms
[150.218s][info][gc          ] Allocation Stall (Executor task launch worker for task 0.0 in stage 3315.0 (TID 13262)) 20.254ms
[150.218s][info][gc          ] Allocation Stall (Executor task launch worker for task 3.0 in stage 3315.0 (TID 13265)) 20.963ms
[150.218s][info][gc          ] Allocation Stall (Executor task launch worker for task 4.0 in stage 3315.0 (TID 13266)) 21.795ms
[150.218s][info][gc          ] Allocation Stall (Executor task launch worker for task 1.0 in stage 3315.0 (TID 13263)) 21.914ms
[150.218s][info][gc          ] Allocation Stall (dispatcher-BlockManagerEndpoint1) 0.103ms
[150.224s][info][gc,phases   ] GC(474) Concurrent Select Relocation Set 5.611ms
[150.234s][info][gc,phases   ] GC(474) Pause Relocate Start 0.024ms
[150.256s][info][gc,phases   ] GC(474) Concurrent Relocate 20.744ms
[150.256s][info][gc,load     ] GC(474) Load: 0.00/0.00/0.00
[150.256s][info][gc,mmu      ] GC(474) MMU: 2ms/83.1%, 5ms/93.3%, 10ms/96.6%, 20ms/97.9%, 50ms/99.2%, 100ms/99.5%
[150.256s][info][gc,marking  ] GC(474) Mark: 2 stripe(s), 2 proactive flush(es), 1 terminate flush(es), 0 completion(s), 0 continuation(s) 
[150.256s][info][gc,marking  ] GC(474) Mark Stack Usage: 32M
[150.256s][info][gc,nmethod  ] GC(474) NMethods: 11673 registered, 9660 unregistered
[150.256s][info][gc,metaspace] GC(474) Metaspace: 156M used, 157M committed, 1216M reserved
[150.256s][info][gc,ref      ] GC(474) Soft: 3552 encountered, 0 discovered, 0 enqueued
[150.256s][info][gc,ref      ] GC(474) Weak: 15494 encountered, 2092 discovered, 203 enqueued
[150.256s][info][gc,ref      ] GC(474) Final: 52 encountered, 0 discovered, 0 enqueued
[150.256s][info][gc,ref      ] GC(474) Phantom: 600 encountered, 370 discovered, 0 enqueued
[150.256s][info][gc,reloc    ] GC(474) Small Pages: 645 / 1290M, Empty: 946M, Relocated: 12M, In-Place: 0
[150.256s][info][gc,reloc    ] GC(474) Medium Pages: 7 / 224M, Empty: 0M, Relocated: 26M, In-Place: 0
[150.256s][info][gc,reloc    ] GC(474) Large Pages: 6 / 36M, Empty: 36M, Relocated: 0M, In-Place: 0
[150.256s][info][gc,reloc    ] GC(474) Forwarding Usage: 1M
[150.256s][info][gc,heap     ] GC(474) Min Capacity: 2048M(100%)
[150.256s][info][gc,heap     ] GC(474) Max Capacity: 2048M(100%)
[150.256s][info][gc,heap     ] GC(474) Soft Max Capacity: 2048M(100%)
[150.256s][info][gc,heap     ] GC(474)                Mark Start          Mark End        Relocate Start      Relocate End           High               Low         
[150.256s][info][gc,heap     ] GC(474)  Capacity:     2048M (100%)       2048M (100%)       2048M (100%)       2048M (100%)       2048M (100%)       2048M (100%)   
[150.256s][info][gc,heap     ] GC(474)      Free:      498M (24%)          42M (2%)          914M (45%)        1182M (58%)        1200M (59%)           0M (0%)     
[150.256s][info][gc,heap     ] GC(474)      Used:     1550M (76%)        2006M (98%)        1134M (55%)         866M (42%)        2048M (100%)        848M (41%)    
[150.256s][info][gc,heap     ] GC(474)      Live:         -               165M (8%)          165M (8%)          165M (8%)             -                  -          
[150.256s][info][gc,heap     ] GC(474) Allocated:         -               456M (22%)         566M (28%)         651M (32%)            -                  -          
[150.256s][info][gc,heap     ] GC(474)   Garbage:         -              1384M (68%)         402M (20%)          48M (2%)             -                  -          
[150.256s][info][gc,heap     ] GC(474) Reclaimed:         -                  -               982M (48%)        1335M (65%)            -                  -          
[150.256s][info][gc          ] GC(474) Garbage Collection (Allocation Rate) 1550M(76%)->866M(42%)
[150.313s][info][gc,start    ] GC(475) Garbage Collection (Allocation Stall)
[150.313s][info][gc,ref      ] GC(475) Clearing All SoftReferences
[150.313s][info][gc,task     ] GC(475) Using 2 workers
[150.313s][info][gc,ref      ] GC(475) Clearing All SoftReferences
[150.313s][info][gc,phases   ] GC(475) Pause Mark Start 0.044ms
[150.360s][info][gc,phases   ] GC(475) Concurrent Mark 47.090ms
[150.361s][info][gc,phases   ] GC(475) Pause Mark End 0.053ms
[150.361s][info][gc,phases   ] GC(475) Concurrent Mark Free 0.001ms
[150.392s][info][gc,phases   ] GC(475) Concurrent Process Non-Strong References 30.990ms
[150.392s][info][gc,phases   ] GC(475) Concurrent Reset Relocation Set 0.010ms
[150.394s][info][gc,phases   ] GC(475) Concurrent Select Relocation Set 2.429ms
[150.394s][info][gc,phases   ] GC(475) Pause Relocate Start 0.009ms
[150.413s][info][gc,phases   ] GC(475) Concurrent Relocate 18.580ms
[150.413s][info][gc,load     ] GC(475) Load: 0.00/0.00/0.00
[150.413s][info][gc,mmu      ] GC(475) MMU: 2ms/83.1%, 5ms/93.3%, 10ms/96.6%, 20ms/97.9%, 50ms/99.2%, 100ms/99.5%
[150.413s][info][gc,marking  ] GC(475) Mark: 2 stripe(s), 2 proactive flush(es), 1 terminate flush(es), 1 completion(s), 0 continuation(s) 
[150.413s][info][gc,marking  ] GC(475) Mark Stack Usage: 32M
[150.413s][info][gc,nmethod  ] GC(475) NMethods: 11672 registered, 9661 unregistered
[150.413s][info][gc,metaspace] GC(475) Metaspace: 156M used, 157M committed, 1216M reserved
[150.413s][info][gc,ref      ] GC(475) Soft: 3484 encountered, 2979 discovered, 233 enqueued
[150.413s][info][gc,ref      ] GC(475) Weak: 15391 encountered, 3562 discovered, 200 enqueued
[150.413s][info][gc,ref      ] GC(475) Final: 52 encountered, 0 discovered, 0 enqueued
[150.413s][info][gc,ref      ] GC(475) Phantom: 600 encountered, 357 discovered, 0 enqueued
[150.413s][info][gc,reloc    ] GC(475) Small Pages: 341 / 682M, Empty: 412M, Relocated: 6M, In-Place: 0
[150.413s][info][gc,reloc    ] GC(475) Medium Pages: 9 / 288M, Empty: 0M, Relocated: 74M, In-Place: 0
[150.413s][info][gc,reloc    ] GC(475) Large Pages: 3 / 18M, Empty: 18M, Relocated: 0M, In-Place: 0
[150.413s][info][gc,reloc    ] GC(475) Forwarding Usage: 1M
[150.413s][info][gc,heap     ] GC(475) Min Capacity: 2048M(100%)
[150.413s][info][gc,heap     ] GC(475) Max Capacity: 2048M(100%)
[150.413s][info][gc,heap     ] GC(475) Soft Max Capacity: 2048M(100%)
[150.413s][info][gc,heap     ] GC(475)                Mark Start          Mark End        Relocate Start      Relocate End           High               Low         
[150.413s][info][gc,heap     ] GC(475)  Capacity:     2048M (100%)       2048M (100%)       2048M (100%)       2048M (100%)       2048M (100%)       2048M (100%)   
[150.413s][info][gc,heap     ] GC(475)      Free:     1060M (52%)        1002M (49%)        1390M (68%)        1712M (84%)        1712M (84%)         968M (47%)    
[150.413s][info][gc,heap     ] GC(475)      Used:      988M (48%)        1046M (51%)         658M (32%)         336M (16%)        1080M (53%)         336M (16%)    
[150.413s][info][gc,heap     ] GC(475)      Live:         -               193M (9%)          193M (9%)          193M (9%)             -                  -          
[150.413s][info][gc,heap     ] GC(475) Allocated:         -                58M (3%)          100M (5%)          101M (5%)             -                  -          
[150.413s][info][gc,heap     ] GC(475)   Garbage:         -               794M (39%)         364M (18%)          41M (2%)             -                  -          
[150.413s][info][gc,heap     ] GC(475) Reclaimed:         -                  -               430M (21%)         753M (37%)            -                  -          
[150.413s][info][gc          ] GC(475) Garbage Collection (Allocation Stall) 988M(48%)->336M(16%)
[150.414s][info][gc,start    ] GC(476) Garbage Collection (Allocation Rate)
[150.414s][info][gc,task     ] GC(476) Using 2 workers
[150.414s][info][gc,phases   ] GC(476) Pause Mark Start 0.008ms
[150.474s][info][gc,phases   ] GC(476) Concurrent Mark 59.447ms
[150.474s][info][gc,phases   ] GC(476) Pause Mark End 0.082ms
[150.474s][info][gc,phases   ] GC(476) Concurrent Mark Free 0.002ms
[150.503s][info][gc,phases   ] GC(476) Concurrent Process Non-Strong References 29.256ms
[150.504s][info][gc,phases   ] GC(476) Concurrent Reset Relocation Set 0.008ms
[150.505s][info][gc,phases   ] GC(476) Concurrent Select Relocation Set 1.933ms
[150.506s][info][gc,phases   ] GC(476) Pause Relocate Start 0.008ms
[150.508s][info][gc,phases   ] GC(476) Concurrent Relocate 2.300ms
[150.508s][info][gc,load     ] GC(476) Load: 0.00/0.00/0.00
[150.508s][info][gc,mmu      ] GC(476) MMU: 2ms/83.1%, 5ms/93.3%, 10ms/96.6%, 20ms/97.9%, 50ms/99.2%, 100ms/99.5%
[150.508s][info][gc,marking  ] GC(476) Mark: 2 stripe(s), 2 proactive flush(es), 1 terminate flush(es), 1 completion(s), 0 continuation(s) 
[150.508s][info][gc,marking  ] GC(476) Mark Stack Usage: 32M
[150.508s][info][gc,nmethod  ] GC(476) NMethods: 11672 registered, 9661 unregistered
[150.508s][info][gc,metaspace] GC(476) Metaspace: 156M used, 157M committed, 1216M reserved
[150.508s][info][gc,ref      ] GC(476) Soft: 3273 encountered, 0 discovered, 0 enqueued
[150.508s][info][gc,ref      ] GC(476) Weak: 15278 encountered, 3449 discovered, 149 enqueued
[150.508s][info][gc,ref      ] GC(476) Final: 52 encountered, 0 discovered, 0 enqueued
[150.508s][info][gc,ref      ] GC(476) Phantom: 600 encountered, 369 discovered, 0 enqueued
[150.508s][info][gc,reloc    ] GC(476) Small Pages: 60 / 120M, Empty: 0M, Relocated: 1M, In-Place: 0
[150.508s][info][gc,reloc    ] GC(476) Medium Pages: 6 / 192M, Empty: 0M, Relocated: 10M, In-Place: 0
[150.508s][info][gc,reloc    ] GC(476) Large Pages: 4 / 24M, Empty: 24M, Relocated: 0M, In-Place: 0
[150.508s][info][gc,reloc    ] GC(476) Forwarding Usage: 0M
[150.508s][info][gc,heap     ] GC(476) Min Capacity: 2048M(100%)
[150.508s][info][gc,heap     ] GC(476) Max Capacity: 2048M(100%)
[150.508s][info][gc,heap     ] GC(476) Soft Max Capacity: 2048M(100%)
[150.508s][info][gc,heap     ] GC(476)                Mark Start          Mark End        Relocate Start      Relocate End           High               Low         
[150.508s][info][gc,heap     ] GC(476)  Capacity:     2048M (100%)       2048M (100%)       2048M (100%)       2048M (100%)       2048M (100%)       2048M (100%)   
[150.508s][info][gc,heap     ] GC(476)      Free:     1712M (84%)        1628M (79%)        1634M (80%)        1712M (84%)        1712M (84%)        1600M (78%)    
[150.508s][info][gc,heap     ] GC(476)      Used:      336M (16%)         420M (21%)         414M (20%)         336M (16%)         448M (22%)         336M (16%)    
[150.508s][info][gc,heap     ] GC(476)      Live:         -               193M (9%)          193M (9%)          193M (9%)             -                  -          
[150.508s][info][gc,heap     ] GC(476) Allocated:         -                84M (4%)          102M (5%)          103M (5%)             -                  -          
[150.508s][info][gc,heap     ] GC(476)   Garbage:         -               142M (7%)          118M (6%)           38M (2%)             -                  -          
[150.508s][info][gc,heap     ] GC(476) Reclaimed:         -                  -                24M (1%)          103M (5%)             -                  -          
[150.508s][info][gc          ] GC(476) Garbage Collection (Allocation Rate) 336M(16%)->336M(16%)
[150.603s][info][gc,start    ] GC(477) Garbage Collection (Allocation Rate)
[150.603s][info][gc,task     ] GC(477) Using 2 workers
[150.603s][info][gc,phases   ] GC(477) Pause Mark Start 0.010ms
[150.661s][info][gc,phases   ] GC(477) Concurrent Mark 57.521ms
[150.661s][info][gc,phases   ] GC(477) Pause Mark End 0.033ms
[150.661s][info][gc,phases   ] GC(477) Concurrent Mark Free 0.002ms
[150.674s][info][gc,phases   ] GC(477) Concurrent Process Non-Strong References 12.861ms
[150.674s][info][gc,phases   ] GC(477) Concurrent Reset Relocation Set 0.003ms
[150.676s][info][gc,phases   ] GC(477) Concurrent Select Relocation Set 2.156ms
[150.676s][info][gc,phases   ] GC(477) Pause Relocate Start 0.012ms
[150.678s][info][gc,phases   ] GC(477) Concurrent Relocate 1.315ms
[150.678s][info][gc,load     ] GC(477) Load: 0.00/0.00/0.00
[150.678s][info][gc,mmu      ] GC(477) MMU: 2ms/83.1%, 5ms/93.3%, 10ms/96.6%, 20ms/97.9%, 50ms/99.2%, 100ms/99.5%
[150.678s][info][gc,marking  ] GC(477) Mark: 2 stripe(s), 2 proactive flush(es), 1 terminate flush(es), 0 completion(s), 0 continuation(s) 
[150.678s][info][gc,marking  ] GC(477) Mark Stack Usage: 32M
[150.678s][info][gc,nmethod  ] GC(477) NMethods: 11672 registered, 9661 unregistered
[150.678s][info][gc,metaspace] GC(477) Metaspace: 156M used, 157M committed, 1216M reserved
[150.678s][info][gc,ref      ] GC(477) Soft: 3273 encountered, 0 discovered, 0 enqueued
[150.678s][info][gc,ref      ] GC(477) Weak: 15583 encountered, 3149 discovered, 584 enqueued
[150.678s][info][gc,ref      ] GC(477) Final: 52 encountered, 0 discovered, 0 enqueued
[150.678s][info][gc,ref      ] GC(477) Phantom: 600 encountered, 371 discovered, 0 enqueued
[150.678s][info][gc,reloc    ] GC(477) Small Pages: 78 / 156M, Empty: 0M, Relocated: 1M, In-Place: 0
[150.678s][info][gc,reloc    ] GC(477) Medium Pages: 6 / 192M, Empty: 32M, Relocated: 0M, In-Place: 0
[150.678s][info][gc,reloc    ] GC(477) Large Pages: 10 / 60M, Empty: 60M, Relocated: 0M, In-Place: 0
[150.678s][info][gc,reloc    ] GC(477) Forwarding Usage: 0M
[150.678s][info][gc,heap     ] GC(477) Min Capacity: 2048M(100%)
[150.678s][info][gc,heap     ] GC(477) Max Capacity: 2048M(100%)
[150.678s][info][gc,heap     ] GC(477) Soft Max Capacity: 2048M(100%)
[150.678s][info][gc,heap     ] GC(477)                Mark Start          Mark End        Relocate Start      Relocate End           High               Low         
[150.678s][info][gc,heap     ] GC(477)  Capacity:     2048M (100%)       2048M (100%)       2048M (100%)       2048M (100%)       2048M (100%)       2048M (100%)   
[150.678s][info][gc,heap     ] GC(477)      Free:     1640M (80%)        1566M (76%)        1632M (80%)        1712M (84%)        1712M (84%)        1540M (75%)    
[150.678s][info][gc,heap     ] GC(477)      Used:      408M (20%)         482M (24%)         416M (20%)         336M (16%)         508M (25%)         336M (16%)    
[150.678s][info][gc,heap     ] GC(477)      Live:         -               193M (9%)          193M (9%)          193M (9%)             -                  -          
[150.678s][info][gc,heap     ] GC(477) Allocated:         -                74M (4%)          100M (5%)          101M (5%)             -                  -          
[150.678s][info][gc,heap     ] GC(477)   Garbage:         -               214M (10%)         122M (6%)           40M (2%)             -                  -          
[150.678s][info][gc,heap     ] GC(477) Reclaimed:         -                  -                92M (4%)          173M (8%)             -                  -          
[150.678s][info][gc          ] GC(477) Garbage Collection (Allocation Rate) 408M(20%)->336M(16%)
[150.706s][info][gc,start    ] GC(478) Garbage Collection (Allocation Rate)
[150.706s][info][gc,task     ] GC(478) Using 2 workers
[150.706s][info][gc,phases   ] GC(478) Pause Mark Start 0.012ms
[150.763s][info][gc,phases   ] GC(478) Concurrent Mark 57.120ms
[150.763s][info][gc,phases   ] GC(478) Pause Mark End 0.088ms
[150.763s][info][gc,phases   ] GC(478) Concurrent Mark Free 0.001ms
[150.777s][info][gc,phases   ] GC(478) Concurrent Process Non-Strong References 13.218ms
[150.777s][info][gc,phases   ] GC(478) Concurrent Reset Relocation Set 0.004ms
[150.778s][info][gc,phases   ] GC(478) Concurrent Select Relocation Set 1.860ms
[150.779s][info][gc,phases   ] GC(478) Pause Relocate Start 0.009ms
[150.780s][info][gc,phases   ] GC(478) Concurrent Relocate 1.576ms
[150.780s][info][gc,load     ] GC(478) Load: 0.00/0.00/0.00
[150.780s][info][gc,mmu      ] GC(478) MMU: 2ms/83.1%, 5ms/93.3%, 10ms/96.6%, 20ms/97.9%, 50ms/99.2%, 100ms/99.5%
[150.780s][info][gc,marking  ] GC(478) Mark: 2 stripe(s), 2 proactive flush(es), 1 terminate flush(es), 1 completion(s), 0 continuation(s) 
[150.780s][info][gc,marking  ] GC(478) Mark Stack Usage: 32M
[150.780s][info][gc,nmethod  ] GC(478) NMethods: 11672 registered, 9661 unregistered
[150.780s][info][gc,metaspace] GC(478) Metaspace: 156M used, 157M committed, 1216M reserved
[150.780s][info][gc,ref      ] GC(478) Soft: 3275 encountered, 0 discovered, 0 enqueued
[150.780s][info][gc,ref      ] GC(478) Weak: 15292 encountered, 3412 discovered, 153 enqueued
[150.780s][info][gc,ref      ] GC(478) Final: 52 encountered, 0 discovered, 0 enqueued
[150.780s][info][gc,ref      ] GC(478) Phantom: 600 encountered, 340 discovered, 0 enqueued
[150.780s][info][gc,reloc    ] GC(478) Small Pages: 72 / 144M, Empty: 2M, Relocated: 3M, In-Place: 0
[150.780s][info][gc,reloc    ] GC(478) Medium Pages: 6 / 192M, Empty: 32M, Relocated: 0M, In-Place: 0
[150.780s][info][gc,reloc    ] GC(478) Large Pages: 5 / 30M, Empty: 30M, Relocated: 0M, In-Place: 0
[150.780s][info][gc,reloc    ] GC(478) Forwarding Usage: 0M
[150.780s][info][gc,heap     ] GC(478) Min Capacity: 2048M(100%)
[150.780s][info][gc,heap     ] GC(478) Max Capacity: 2048M(100%)
[150.780s][info][gc,heap     ] GC(478) Soft Max Capacity: 2048M(100%)
[150.780s][info][gc,heap     ] GC(478)                Mark Start          Mark End        Relocate Start      Relocate End           High               Low         
[150.780s][info][gc,heap     ] GC(478)  Capacity:     2048M (100%)       2048M (100%)       2048M (100%)       2048M (100%)       2048M (100%)       2048M (100%)   
[150.780s][info][gc,heap     ] GC(478)      Free:     1682M (82%)        1600M (78%)        1650M (81%)        1716M (84%)        1716M (84%)        1586M (77%)    
[150.780s][info][gc,heap     ] GC(478)      Used:      366M (18%)         448M (22%)         398M (19%)         332M (16%)         462M (23%)         332M (16%)    
[150.780s][info][gc,heap     ] GC(478)      Live:         -               193M (9%)          193M (9%)          193M (9%)             -                  -          
[150.780s][info][gc,heap     ] GC(478) Allocated:         -                82M (4%)           96M (5%)           99M (5%)             -                  -          
[150.780s][info][gc,heap     ] GC(478)   Garbage:         -               172M (8%)          108M (5%)           38M (2%)             -                  -          
[150.780s][info][gc,heap     ] GC(478) Reclaimed:         -                  -                64M (3%)          133M (7%)             -                  -          
[150.780s][info][gc          ] GC(478) Garbage Collection (Allocation Rate) 366M(18%)->332M(16%)
[151.408s][info][gc,start    ] GC(479) Garbage Collection (Allocation Rate)
[151.408s][info][gc,task     ] GC(479) Using 2 workers
[151.408s][info][gc,phases   ] GC(479) Pause Mark Start 0.007ms
[151.467s][info][gc,phases   ] GC(479) Concurrent Mark 58.820ms
[151.467s][info][gc,phases   ] GC(479) Pause Mark End 0.024ms
[151.467s][info][gc,phases   ] GC(479) Concurrent Mark Free 0.002ms
[151.480s][info][gc,phases   ] GC(479) Concurrent Process Non-Strong References 12.524ms
[151.480s][info][gc,phases   ] GC(479) Concurrent Reset Relocation Set 0.004ms
[151.482s][info][gc,phases   ] GC(479) Concurrent Select Relocation Set 2.001ms
[151.482s][info][gc,phases   ] GC(479) Pause Relocate Start 0.009ms
[151.483s][info][gc,phases   ] GC(479) Concurrent Relocate 1.243ms
[151.483s][info][gc,load     ] GC(479) Load: 0.00/0.00/0.00
[151.483s][info][gc,mmu      ] GC(479) MMU: 2ms/83.1%, 5ms/93.3%, 10ms/96.6%, 20ms/97.9%, 50ms/99.2%, 100ms/99.5%
[151.483s][info][gc,marking  ] GC(479) Mark: 2 stripe(s), 2 proactive flush(es), 1 terminate flush(es), 0 completion(s), 0 continuation(s) 
[151.483s][info][gc,marking  ] GC(479) Mark Stack Usage: 32M
[151.483s][info][gc,nmethod  ] GC(479) NMethods: 11673 registered, 9665 unregistered
[151.483s][info][gc,metaspace] GC(479) Metaspace: 156M used, 157M committed, 1216M reserved
[151.483s][info][gc,ref      ] GC(479) Soft: 3275 encountered, 0 discovered, 0 enqueued
[151.483s][info][gc,ref      ] GC(479) Weak: 17125 encountered, 6029 discovered, 2038 enqueued
[151.483s][info][gc,ref      ] GC(479) Final: 52 encountered, 0 discovered, 0 enqueued
[151.483s][info][gc,ref      ] GC(479) Phantom: 600 encountered, 369 discovered, 0 enqueued
[151.483s][info][gc,reloc    ] GC(479) Small Pages: 197 / 394M, Empty: 12M, Relocated: 3M, In-Place: 0
[151.483s][info][gc,reloc    ] GC(479) Medium Pages: 9 / 288M, Empty: 128M, Relocated: 0M, In-Place: 0
[151.483s][info][gc,reloc    ] GC(479) Large Pages: 41 / 246M, Empty: 246M, Relocated: 0M, In-Place: 0
[151.483s][info][gc,reloc    ] GC(479) Forwarding Usage: 0M
[151.483s][info][gc,heap     ] GC(479) Min Capacity: 2048M(100%)
[151.483s][info][gc,heap     ] GC(479) Max Capacity: 2048M(100%)
[151.483s][info][gc,heap     ] GC(479) Soft Max Capacity: 2048M(100%)
[151.483s][info][gc,heap     ] GC(479)                Mark Start          Mark End        Relocate Start      Relocate End           High               Low         
[151.483s][info][gc,heap     ] GC(479)  Capacity:     2048M (100%)       2048M (100%)       2048M (100%)       2048M (100%)       2048M (100%)       2048M (100%)   
[151.483s][info][gc,heap     ] GC(479)      Free:     1120M (55%)        1054M (51%)        1424M (70%)        1730M (84%)        1730M (84%)        1040M (51%)    
[151.483s][info][gc,heap     ] GC(479)      Used:      928M (45%)         994M (49%)         624M (30%)         318M (16%)        1008M (49%)         318M (16%)    
[151.483s][info][gc,heap     ] GC(479)      Live:         -               196M (10%)         196M (10%)         196M (10%)            -                  -          
[151.483s][info][gc,heap     ] GC(479) Allocated:         -                66M (3%)           82M (4%)           81M (4%)             -                  -          
[151.483s][info][gc,heap     ] GC(479)   Garbage:         -               731M (36%)         345M (17%)          39M (2%)             -                  -          
[151.483s][info][gc,heap     ] GC(479) Reclaimed:         -                  -               386M (19%)         691M (34%)            -                  -          
[151.483s][info][gc          ] GC(479) Garbage Collection (Allocation Rate) 928M(45%)->318M(16%)
[151.521s][info][gc,start    ] GC(480) Garbage Collection (System.gc())
[151.521s][info][gc,task     ] GC(480) Using 2 workers
[151.521s][info][gc,phases   ] GC(480) Pause Mark Start 0.005ms
[151.577s][info][gc,phases   ] GC(480) Concurrent Mark 55.498ms
[151.577s][info][gc,phases   ] GC(480) Pause Mark End 0.050ms
[151.577s][info][gc,phases   ] GC(480) Concurrent Mark Free 0.003ms
[151.592s][info][gc,phases   ] GC(480) Concurrent Process Non-Strong References 14.523ms
[151.592s][info][gc,phases   ] GC(480) Concurrent Reset Relocation Set 0.015ms
[151.594s][info][gc,phases   ] GC(480) Concurrent Select Relocation Set 1.923ms
[151.594s][info][gc,phases   ] GC(480) Pause Relocate Start 0.009ms
[151.599s][info][gc,phases   ] GC(480) Concurrent Relocate 4.564ms
[151.599s][info][gc,load     ] GC(480) Load: 0.00/0.00/0.00
[151.599s][info][gc,mmu      ] GC(480) MMU: 2ms/83.1%, 5ms/93.3%, 10ms/96.6%, 20ms/97.9%, 50ms/99.2%, 100ms/99.5%
[151.599s][info][gc,marking  ] GC(480) Mark: 2 stripe(s), 1 proactive flush(es), 1 terminate flush(es), 0 completion(s), 0 continuation(s) 
[151.599s][info][gc,marking  ] GC(480) Mark Stack Usage: 32M
[151.599s][info][gc,nmethod  ] GC(480) NMethods: 11697 registered, 9666 unregistered
[151.599s][info][gc,metaspace] GC(480) Metaspace: 156M used, 157M committed, 1216M reserved
[151.599s][info][gc,ref      ] GC(480) Soft: 3489 encountered, 0 discovered, 0 enqueued
[151.599s][info][gc,ref      ] GC(480) Weak: 15536 encountered, 3260 discovered, 403 enqueued
[151.599s][info][gc,ref      ] GC(480) Final: 52 encountered, 0 discovered, 0 enqueued
[151.599s][info][gc,ref      ] GC(480) Phantom: 600 encountered, 369 discovered, 0 enqueued
[151.599s][info][gc,reloc    ] GC(480) Small Pages: 82 / 164M, Empty: 0M, Relocated: 3M, In-Place: 0
[151.599s][info][gc,reloc    ] GC(480) Medium Pages: 6 / 192M, Empty: 32M, Relocated: 12M, In-Place: 0
[151.599s][info][gc,reloc    ] GC(480) Large Pages: 1 / 6M, Empty: 6M, Relocated: 0M, In-Place: 0
[151.599s][info][gc,reloc    ] GC(480) Forwarding Usage: 1M
[151.599s][info][gc,heap     ] GC(480) Min Capacity: 2048M(100%)
[151.599s][info][gc,heap     ] GC(480) Max Capacity: 2048M(100%)
[151.599s][info][gc,heap     ] GC(480) Soft Max Capacity: 2048M(100%)
[151.599s][info][gc,heap     ] GC(480)                Mark Start          Mark End        Relocate Start      Relocate End           High               Low         
[151.599s][info][gc,heap     ] GC(480)  Capacity:     2048M (100%)       2048M (100%)       2048M (100%)       2048M (100%)       2048M (100%)       2048M (100%)   
[151.599s][info][gc,heap     ] GC(480)      Free:     1686M (82%)        1686M (82%)        1710M (83%)        1862M (91%)        1862M (91%)        1674M (82%)    
[151.599s][info][gc,heap     ] GC(480)      Used:      362M (18%)         362M (18%)         338M (17%)         186M (9%)          374M (18%)         186M (9%)     
[151.599s][info][gc,heap     ] GC(480)      Live:         -               130M (6%)          130M (6%)          130M (6%)             -                  -          
[151.599s][info][gc,heap     ] GC(480) Allocated:         -                 0M (0%)           14M (1%)           17M (1%)             -                  -          
[151.599s][info][gc,heap     ] GC(480)   Garbage:         -               231M (11%)         193M (9%)           37M (2%)             -                  -          
[151.599s][info][gc,heap     ] GC(480) Reclaimed:         -                  -                38M (2%)          193M (9%)             -                  -          
[151.599s][info][gc          ] GC(480) Garbage Collection (System.gc()) 362M(18%)->186M(9%)
[151.816s][info][gc,start    ] GC(481) Garbage Collection (Allocation Rate)
[151.817s][info][gc,task     ] GC(481) Using 2 workers
[151.817s][info][gc,phases   ] GC(481) Pause Mark Start 0.012ms
[151.910s][info][gc,phases   ] GC(481) Concurrent Mark 93.619ms
[151.911s][info][gc,phases   ] GC(481) Pause Mark End 0.032ms
[151.911s][info][gc,phases   ] GC(481) Concurrent Mark Free 0.001ms
[151.952s][info][gc,phases   ] GC(481) Concurrent Process Non-Strong References 40.853ms
[151.952s][info][gc,phases   ] GC(481) Concurrent Reset Relocation Set 0.005ms
[151.952s][info][gc          ] Allocation Stall (Executor task launch worker for task 1.0 in stage 3361.0 (TID 13447)) 0.839ms
[151.952s][info][gc          ] Allocation Stall (Reference Handler) 0.187ms
[151.952s][info][gc          ] Allocation Stall (Executor task launch worker for task 0.0 in stage 3361.0 (TID 13446)) 1.094ms
[151.952s][info][gc          ] Allocation Stall (Executor task launch worker for task 3.0 in stage 3361.0 (TID 13449)) 2.517ms
[151.952s][info][gc          ] Allocation Stall (Executor task launch worker for task 2.0 in stage 3361.0 (TID 13448)) 0.842ms
[151.956s][info][gc,phases   ] GC(481) Concurrent Select Relocation Set 4.832ms
[151.957s][info][gc,phases   ] GC(481) Pause Relocate Start 0.016ms
[151.979s][info][gc,phases   ] GC(481) Concurrent Relocate 22.093ms
[151.979s][info][gc,load     ] GC(481) Load: 0.00/0.00/0.00
[151.979s][info][gc,mmu      ] GC(481) MMU: 2ms/83.1%, 5ms/93.3%, 10ms/96.6%, 20ms/97.9%, 50ms/99.2%, 100ms/99.5%
[151.979s][info][gc,marking  ] GC(481) Mark: 2 stripe(s), 2 proactive flush(es), 1 terminate flush(es), 0 completion(s), 0 continuation(s) 
[151.979s][info][gc,marking  ] GC(481) Mark Stack Usage: 32M
[151.979s][info][gc,nmethod  ] GC(481) NMethods: 11730 registered, 9668 unregistered
[151.979s][info][gc,metaspace] GC(481) Metaspace: 156M used, 157M committed, 1216M reserved
[151.979s][info][gc,ref      ] GC(481) Soft: 3555 encountered, 0 discovered, 0 enqueued
[151.979s][info][gc,ref      ] GC(481) Weak: 15491 encountered, 2263 discovered, 201 enqueued
[151.979s][info][gc,ref      ] GC(481) Final: 52 encountered, 0 discovered, 0 enqueued
[151.979s][info][gc,ref      ] GC(481) Phantom: 600 encountered, 339 discovered, 0 enqueued
[151.979s][info][gc,reloc    ] GC(481) Small Pages: 531 / 1062M, Empty: 806M, Relocated: 12M, In-Place: 0
[151.979s][info][gc,reloc    ] GC(481) Medium Pages: 5 / 160M, Empty: 0M, Relocated: 24M, In-Place: 0
[151.979s][info][gc,reloc    ] GC(481) Large Pages: 6 / 36M, Empty: 36M, Relocated: 0M, In-Place: 0
[151.979s][info][gc,reloc    ] GC(481) Forwarding Usage: 2M
[151.979s][info][gc,heap     ] GC(481) Min Capacity: 2048M(100%)
[151.979s][info][gc,heap     ] GC(481) Max Capacity: 2048M(100%)
[151.979s][info][gc,heap     ] GC(481) Soft Max Capacity: 2048M(100%)
[151.979s][info][gc,heap     ] GC(481)                Mark Start          Mark End        Relocate Start      Relocate End           High               Low         
[151.979s][info][gc,heap     ] GC(481)  Capacity:     2048M (100%)       2048M (100%)       2048M (100%)       2048M (100%)       2048M (100%)       2048M (100%)   
[151.979s][info][gc,heap     ] GC(481)      Free:      790M (39%)         162M (8%)          804M (39%)         914M (45%)         942M (46%)           0M (0%)     
[151.979s][info][gc,heap     ] GC(481)      Used:     1258M (61%)        1886M (92%)        1244M (61%)        1134M (55%)        2048M (100%)       1106M (54%)    
[151.979s][info][gc,heap     ] GC(481)      Live:         -               150M (7%)          150M (7%)          150M (7%)             -                  -          
[151.979s][info][gc,heap     ] GC(481) Allocated:         -               628M (31%)         828M (40%)         957M (47%)            -                  -          
[151.979s][info][gc,heap     ] GC(481)   Garbage:         -              1107M (54%)         265M (13%)          26M (1%)             -                  -          
[151.979s][info][gc,heap     ] GC(481) Reclaimed:         -                  -               842M (41%)        1081M (53%)            -                  -          
[151.979s][info][gc          ] GC(481) Garbage Collection (Allocation Rate) 1258M(61%)->1134M(55%)
[152.005s][info][gc,start    ] GC(482) Garbage Collection (Allocation Stall)
[152.005s][info][gc,ref      ] GC(482) Clearing All SoftReferences
[152.005s][info][gc,task     ] GC(482) Using 2 workers
[152.005s][info][gc,ref      ] GC(482) Clearing All SoftReferences
[152.005s][info][gc,phases   ] GC(482) Pause Mark Start 0.062ms
[152.055s][info][gc,phases   ] GC(482) Concurrent Mark 49.742ms
[152.055s][info][gc,phases   ] GC(482) Pause Mark End 0.024ms
[152.055s][info][gc,phases   ] GC(482) Concurrent Mark Free 0.001ms
[152.085s][info][gc,phases   ] GC(482) Concurrent Process Non-Strong References 29.927ms
[152.085s][info][gc,phases   ] GC(482) Concurrent Reset Relocation Set 0.009ms
[152.087s][info][gc,phases   ] GC(482) Concurrent Select Relocation Set 1.768ms
[152.087s][info][gc,phases   ] GC(482) Pause Relocate Start 0.007ms
[152.101s][info][gc,phases   ] GC(482) Concurrent Relocate 13.955ms
[152.101s][info][gc,load     ] GC(482) Load: 0.00/0.00/0.00
[152.101s][info][gc,mmu      ] GC(482) MMU: 2ms/83.1%, 5ms/93.3%, 10ms/96.6%, 20ms/97.9%, 50ms/99.2%, 100ms/99.5%
[152.101s][info][gc,marking  ] GC(482) Mark: 2 stripe(s), 2 proactive flush(es), 1 terminate flush(es), 0 completion(s), 0 continuation(s) 
[152.101s][info][gc,marking  ] GC(482) Mark Stack Usage: 32M
[152.101s][info][gc,nmethod  ] GC(482) NMethods: 11730 registered, 9669 unregistered
[152.101s][info][gc,metaspace] GC(482) Metaspace: 156M used, 157M committed, 1216M reserved
[152.101s][info][gc,ref      ] GC(482) Soft: 3489 encountered, 3094 discovered, 226 enqueued
[152.101s][info][gc,ref      ] GC(482) Weak: 15306 encountered, 3574 discovered, 54 enqueued
[152.101s][info][gc,ref      ] GC(482) Final: 52 encountered, 0 discovered, 0 enqueued
[152.101s][info][gc,ref      ] GC(482) Phantom: 600 encountered, 371 discovered, 0 enqueued
[152.101s][info][gc,reloc    ] GC(482) Small Pages: 443 / 886M, Empty: 572M, Relocated: 3M, In-Place: 0
[152.101s][info][gc,reloc    ] GC(482) Medium Pages: 9 / 288M, Empty: 0M, Relocated: 51M, In-Place: 0
[152.101s][info][gc,reloc    ] GC(482) Large Pages: 1 / 6M, Empty: 6M, Relocated: 0M, In-Place: 0
[152.101s][info][gc,reloc    ] GC(482) Forwarding Usage: 0M
[152.101s][info][gc,heap     ] GC(482) Min Capacity: 2048M(100%)
[152.101s][info][gc,heap     ] GC(482) Max Capacity: 2048M(100%)
[152.101s][info][gc,heap     ] GC(482) Soft Max Capacity: 2048M(100%)
[152.101s][info][gc,heap     ] GC(482)                Mark Start          Mark End        Relocate Start      Relocate End           High               Low         
[152.101s][info][gc,heap     ] GC(482)  Capacity:     2048M (100%)       2048M (100%)       2048M (100%)       2048M (100%)       2048M (100%)       2048M (100%)   
[152.101s][info][gc,heap     ] GC(482)      Free:      868M (42%)         798M (39%)        1360M (66%)        1718M (84%)        1718M (84%)         784M (38%)    
[152.101s][info][gc,heap     ] GC(482)      Used:     1180M (58%)        1250M (61%)         688M (34%)         330M (16%)        1264M (62%)         330M (16%)    
[152.101s][info][gc,heap     ] GC(482)      Live:         -               193M (9%)          193M (9%)          193M (9%)             -                  -          
[152.101s][info][gc,heap     ] GC(482) Allocated:         -                70M (3%)           86M (4%)           97M (5%)             -                  -          
[152.101s][info][gc,heap     ] GC(482)   Garbage:         -               986M (48%)         408M (20%)          38M (2%)             -                  -          
[152.101s][info][gc,heap     ] GC(482) Reclaimed:         -                  -               578M (28%)         947M (46%)            -                  -          
[152.101s][info][gc          ] GC(482) Garbage Collection (Allocation Stall) 1180M(58%)->330M(16%)
[152.109s][info][gc,start    ] GC(483) Garbage Collection (Allocation Rate)
[152.109s][info][gc,task     ] GC(483) Using 2 workers
[152.109s][info][gc,phases   ] GC(483) Pause Mark Start 0.009ms
[152.155s][info][gc,phases   ] GC(483) Concurrent Mark 46.335ms
[152.155s][info][gc,phases   ] GC(483) Pause Mark End 0.050ms
[152.156s][info][gc,phases   ] GC(483) Concurrent Mark Free 0.001ms
[152.187s][info][gc,phases   ] GC(483) Concurrent Process Non-Strong References 30.989ms
[152.187s][info][gc,phases   ] GC(483) Concurrent Reset Relocation Set 0.007ms
[152.189s][info][gc,phases   ] GC(483) Concurrent Select Relocation Set 2.268ms
[152.189s][info][gc,phases   ] GC(483) Pause Relocate Start 0.013ms
[152.192s][info][gc,phases   ] GC(483) Concurrent Relocate 2.468ms
[152.192s][info][gc,load     ] GC(483) Load: 0.00/0.00/0.00
[152.192s][info][gc,mmu      ] GC(483) MMU: 2ms/83.1%, 5ms/93.3%, 10ms/96.6%, 20ms/97.9%, 50ms/99.2%, 100ms/99.5%
[152.192s][info][gc,marking  ] GC(483) Mark: 2 stripe(s), 2 proactive flush(es), 1 terminate flush(es), 1 completion(s), 0 continuation(s) 
[152.192s][info][gc,marking  ] GC(483) Mark Stack Usage: 32M
[152.192s][info][gc,nmethod  ] GC(483) NMethods: 11730 registered, 9669 unregistered
[152.192s][info][gc,metaspace] GC(483) Metaspace: 156M used, 157M committed, 1216M reserved
[152.192s][info][gc,ref      ] GC(483) Soft: 3272 encountered, 0 discovered, 0 enqueued
[152.192s][info][gc,ref      ] GC(483) Weak: 15250 encountered, 4693 discovered, 300 enqueued
[152.192s][info][gc,ref      ] GC(483) Final: 52 encountered, 0 discovered, 0 enqueued
[152.192s][info][gc,ref      ] GC(483) Phantom: 600 encountered, 367 discovered, 0 enqueued
[152.192s][info][gc,reloc    ] GC(483) Small Pages: 59 / 118M, Empty: 0M, Relocated: 5M, In-Place: 0
[152.192s][info][gc,reloc    ] GC(483) Medium Pages: 6 / 192M, Empty: 32M, Relocated: 0M, In-Place: 0
[152.192s][info][gc,reloc    ] GC(483) Large Pages: 5 / 30M, Empty: 30M, Relocated: 0M, In-Place: 0
[152.192s][info][gc,reloc    ] GC(483) Forwarding Usage: 1M
[152.192s][info][gc,heap     ] GC(483) Min Capacity: 2048M(100%)
[152.192s][info][gc,heap     ] GC(483) Max Capacity: 2048M(100%)
[152.192s][info][gc,heap     ] GC(483) Soft Max Capacity: 2048M(100%)
[152.192s][info][gc,heap     ] GC(483)                Mark Start          Mark End        Relocate Start      Relocate End           High               Low         
[152.192s][info][gc,heap     ] GC(483)  Capacity:     2048M (100%)       2048M (100%)       2048M (100%)       2048M (100%)       2048M (100%)       2048M (100%)   
[152.192s][info][gc,heap     ] GC(483)      Free:     1708M (83%)        1644M (80%)        1668M (81%)        1708M (83%)        1712M (84%)        1606M (78%)    
[152.192s][info][gc,heap     ] GC(483)      Used:      340M (17%)         404M (20%)         380M (19%)         340M (17%)         442M (22%)         336M (16%)    
[152.192s][info][gc,heap     ] GC(483)      Live:         -               194M (9%)          194M (9%)          194M (9%)             -                  -          
[152.192s][info][gc,heap     ] GC(483) Allocated:         -                64M (3%)          102M (5%)          105M (5%)             -                  -          
[152.192s][info][gc,heap     ] GC(483)   Garbage:         -               145M (7%)           83M (4%)           40M (2%)             -                  -          
[152.192s][info][gc,heap     ] GC(483) Reclaimed:         -                  -                62M (3%)          105M (5%)             -                  -          
[152.192s][info][gc          ] GC(483) Garbage Collection (Allocation Rate) 340M(17%)->340M(17%)
[152.212s][info][gc,start    ] GC(484) Garbage Collection (Allocation Rate)
[152.212s][info][gc,task     ] GC(484) Using 2 workers
[152.212s][info][gc,phases   ] GC(484) Pause Mark Start 0.008ms
[152.260s][info][gc,phases   ] GC(484) Concurrent Mark 48.510ms
[152.260s][info][gc,phases   ] GC(484) Pause Mark End 0.019ms
[152.260s][info][gc,phases   ] GC(484) Concurrent Mark Free 0.001ms
[152.273s][info][gc,phases   ] GC(484) Concurrent Process Non-Strong References 12.613ms
[152.273s][info][gc,phases   ] GC(484) Concurrent Reset Relocation Set 0.003ms
[152.275s][info][gc,phases   ] GC(484) Concurrent Select Relocation Set 1.769ms
[152.275s][info][gc,phases   ] GC(484) Pause Relocate Start 0.011ms
[152.276s][info][gc,phases   ] GC(484) Concurrent Relocate 0.888ms
[152.276s][info][gc,load     ] GC(484) Load: 0.00/0.00/0.00
[152.276s][info][gc,mmu      ] GC(484) MMU: 2ms/83.1%, 5ms/93.3%, 10ms/96.6%, 20ms/97.9%, 50ms/99.2%, 100ms/99.5%
[152.276s][info][gc,marking  ] GC(484) Mark: 2 stripe(s), 2 proactive flush(es), 1 terminate flush(es), 0 completion(s), 0 continuation(s) 
[152.276s][info][gc,marking  ] GC(484) Mark Stack Usage: 32M
[152.276s][info][gc,nmethod  ] GC(484) NMethods: 11730 registered, 9669 unregistered
[152.276s][info][gc,metaspace] GC(484) Metaspace: 156M used, 157M committed, 1216M reserved
[152.276s][info][gc,ref      ] GC(484) Soft: 3276 encountered, 0 discovered, 0 enqueued
[152.276s][info][gc,ref      ] GC(484) Weak: 15272 encountered, 3311 discovered, 152 enqueued
[152.276s][info][gc,ref      ] GC(484) Final: 52 encountered, 0 discovered, 0 enqueued
[152.276s][info][gc,ref      ] GC(484) Phantom: 600 encountered, 372 discovered, 0 enqueued
[152.276s][info][gc,reloc    ] GC(484) Small Pages: 62 / 124M, Empty: 0M, Relocated: 1M, In-Place: 0
[152.276s][info][gc,reloc    ] GC(484) Medium Pages: 6 / 192M, Empty: 32M, Relocated: 0M, In-Place: 0
[152.276s][info][gc,reloc    ] GC(484) Large Pages: 4 / 24M, Empty: 24M, Relocated: 0M, In-Place: 0
[152.276s][info][gc,reloc    ] GC(484) Forwarding Usage: 0M
[152.276s][info][gc,heap     ] GC(484) Min Capacity: 2048M(100%)
[152.276s][info][gc,heap     ] GC(484) Max Capacity: 2048M(100%)
[152.276s][info][gc,heap     ] GC(484) Soft Max Capacity: 2048M(100%)
[152.276s][info][gc,heap     ] GC(484)                Mark Start          Mark End        Relocate Start      Relocate End           High               Low         
[152.276s][info][gc,heap     ] GC(484)  Capacity:     2048M (100%)       2048M (100%)       2048M (100%)       2048M (100%)       2048M (100%)       2048M (100%)   
[152.276s][info][gc,heap     ] GC(484)      Free:     1708M (83%)        1626M (79%)        1664M (81%)        1714M (84%)        1714M (84%)        1610M (79%)    
[152.276s][info][gc,heap     ] GC(484)      Used:      340M (17%)         422M (21%)         384M (19%)         334M (16%)         438M (21%)         334M (16%)    
[152.276s][info][gc,heap     ] GC(484)      Live:         -               193M (9%)          193M (9%)          193M (9%)             -                  -          
[152.276s][info][gc,heap     ] GC(484) Allocated:         -                82M (4%)          100M (5%)           99M (5%)             -                  -          
[152.276s][info][gc,heap     ] GC(484)   Garbage:         -               146M (7%)           90M (4%)           40M (2%)             -                  -          
[152.276s][info][gc,heap     ] GC(484) Reclaimed:         -                  -                56M (3%)          105M (5%)             -                  -          
[152.276s][info][gc          ] GC(484) Garbage Collection (Allocation Rate) 340M(17%)->334M(16%)
[152.312s][info][gc,start    ] GC(485) Garbage Collection (Allocation Rate)
[152.312s][info][gc,task     ] GC(485) Using 2 workers
[152.312s][info][gc,phases   ] GC(485) Pause Mark Start 0.011ms
[152.369s][info][gc,phases   ] GC(485) Concurrent Mark 57.135ms
[152.369s][info][gc,phases   ] GC(485) Pause Mark End 0.076ms
[152.369s][info][gc,phases   ] GC(485) Concurrent Mark Free 0.001ms
[152.382s][info][gc,phases   ] GC(485) Concurrent Process Non-Strong References 12.883ms
[152.382s][info][gc,phases   ] GC(485) Concurrent Reset Relocation Set 0.002ms
[152.385s][info][gc,phases   ] GC(485) Concurrent Select Relocation Set 2.212ms
[152.385s][info][gc,phases   ] GC(485) Pause Relocate Start 0.010ms
[152.387s][info][gc,phases   ] GC(485) Concurrent Relocate 2.333ms
[152.387s][info][gc,load     ] GC(485) Load: 0.00/0.00/0.00
[152.387s][info][gc,mmu      ] GC(485) MMU: 2ms/83.1%, 5ms/93.3%, 10ms/96.6%, 20ms/97.9%, 50ms/99.2%, 100ms/99.5%
[152.387s][info][gc,marking  ] GC(485) Mark: 2 stripe(s), 3 proactive flush(es), 1 terminate flush(es), 1 completion(s), 0 continuation(s) 
[152.387s][info][gc,marking  ] GC(485) Mark Stack Usage: 32M
[152.387s][info][gc,nmethod  ] GC(485) NMethods: 11730 registered, 9669 unregistered
[152.387s][info][gc,metaspace] GC(485) Metaspace: 156M used, 157M committed, 1216M reserved
[152.387s][info][gc,ref      ] GC(485) Soft: 3278 encountered, 0 discovered, 0 enqueued
[152.387s][info][gc,ref      ] GC(485) Weak: 15429 encountered, 3036 discovered, 293 enqueued
[152.387s][info][gc,ref      ] GC(485) Final: 52 encountered, 0 discovered, 0 enqueued
[152.387s][info][gc,ref      ] GC(485) Phantom: 600 encountered, 365 discovered, 0 enqueued
[152.387s][info][gc,reloc    ] GC(485) Small Pages: 68 / 136M, Empty: 0M, Relocated: 3M, In-Place: 0
[152.387s][info][gc,reloc    ] GC(485) Medium Pages: 6 / 192M, Empty: 32M, Relocated: 0M, In-Place: 0
[152.387s][info][gc,reloc    ] GC(485) Large Pages: 6 / 36M, Empty: 36M, Relocated: 0M, In-Place: 0
[152.387s][info][gc,reloc    ] GC(485) Forwarding Usage: 0M
[152.387s][info][gc,heap     ] GC(485) Min Capacity: 2048M(100%)
[152.387s][info][gc,heap     ] GC(485) Max Capacity: 2048M(100%)
[152.387s][info][gc,heap     ] GC(485) Soft Max Capacity: 2048M(100%)
[152.387s][info][gc,heap     ] GC(485)                Mark Start          Mark End        Relocate Start      Relocate End           High               Low         
[152.387s][info][gc,heap     ] GC(485)  Capacity:     2048M (100%)       2048M (100%)       2048M (100%)       2048M (100%)       2048M (100%)       2048M (100%)   
[152.387s][info][gc,heap     ] GC(485)      Free:     1684M (82%)        1602M (78%)        1664M (81%)        1716M (84%)        1716M (84%)        1596M (78%)    
[152.387s][info][gc,heap     ] GC(485)      Used:      364M (18%)         446M (22%)         384M (19%)         332M (16%)         452M (22%)         332M (16%)    
[152.387s][info][gc,heap     ] GC(485)      Live:         -               193M (9%)          193M (9%)          193M (9%)             -                  -          
[152.387s][info][gc,heap     ] GC(485) Allocated:         -                82M (4%)           88M (4%)           99M (5%)             -                  -          
[152.387s][info][gc,heap     ] GC(485)   Garbage:         -               170M (8%)          102M (5%)           38M (2%)             -                  -          
[152.387s][info][gc,heap     ] GC(485) Reclaimed:         -                  -                68M (3%)          131M (6%)             -                  -          
[152.387s][info][gc          ] GC(485) Garbage Collection (Allocation Rate) 364M(18%)->332M(16%)
[153.012s][info][gc,start    ] GC(486) Garbage Collection (Allocation Rate)
[153.012s][info][gc,task     ] GC(486) Using 2 workers
[153.012s][info][gc,phases   ] GC(486) Pause Mark Start 0.011ms
[153.060s][info][gc,phases   ] GC(486) Concurrent Mark 48.228ms
[153.060s][info][gc,phases   ] GC(486) Pause Mark End 0.026ms
[153.060s][info][gc,phases   ] GC(486) Concurrent Mark Free 0.001ms
[153.073s][info][gc,phases   ] GC(486) Concurrent Process Non-Strong References 13.038ms
[153.074s][info][gc,phases   ] GC(486) Concurrent Reset Relocation Set 0.003ms
[153.076s][info][gc,phases   ] GC(486) Concurrent Select Relocation Set 2.560ms
[153.076s][info][gc,phases   ] GC(486) Pause Relocate Start 0.015ms
[153.083s][info][gc,phases   ] GC(486) Concurrent Relocate 6.486ms
[153.083s][info][gc,load     ] GC(486) Load: 0.00/0.00/0.00
[153.083s][info][gc,mmu      ] GC(486) MMU: 2ms/83.1%, 5ms/93.3%, 10ms/96.6%, 20ms/97.9%, 50ms/99.2%, 100ms/99.5%
[153.083s][info][gc,marking  ] GC(486) Mark: 2 stripe(s), 2 proactive flush(es), 1 terminate flush(es), 0 completion(s), 0 continuation(s) 
[153.083s][info][gc,marking  ] GC(486) Mark Stack Usage: 32M
[153.083s][info][gc,nmethod  ] GC(486) NMethods: 11731 registered, 9669 unregistered
[153.083s][info][gc,metaspace] GC(486) Metaspace: 156M used, 157M committed, 1216M reserved
[153.083s][info][gc,ref      ] GC(486) Soft: 3278 encountered, 0 discovered, 0 enqueued
[153.083s][info][gc,ref      ] GC(486) Weak: 16900 encountered, 5342 discovered, 1744 enqueued
[153.083s][info][gc,ref      ] GC(486) Final: 52 encountered, 0 discovered, 0 enqueued
[153.083s][info][gc,ref      ] GC(486) Phantom: 600 encountered, 363 discovered, 0 enqueued
[153.083s][info][gc,reloc    ] GC(486) Small Pages: 181 / 362M, Empty: 8M, Relocated: 6M, In-Place: 0
[153.083s][info][gc,reloc    ] GC(486) Medium Pages: 9 / 288M, Empty: 96M, Relocated: 20M, In-Place: 0
[153.083s][info][gc,reloc    ] GC(486) Large Pages: 36 / 216M, Empty: 216M, Relocated: 0M, In-Place: 0
[153.083s][info][gc,reloc    ] GC(486) Forwarding Usage: 1M
[153.083s][info][gc,heap     ] GC(486) Min Capacity: 2048M(100%)
[153.083s][info][gc,heap     ] GC(486) Max Capacity: 2048M(100%)
[153.083s][info][gc,heap     ] GC(486) Soft Max Capacity: 2048M(100%)
[153.083s][info][gc,heap     ] GC(486)                Mark Start          Mark End        Relocate Start      Relocate End           High               Low         
[153.083s][info][gc,heap     ] GC(486)  Capacity:     2048M (100%)       2048M (100%)       2048M (100%)       2048M (100%)       2048M (100%)       2048M (100%)   
[153.083s][info][gc,heap     ] GC(486)      Free:     1182M (58%)        1098M (54%)        1398M (68%)        1696M (83%)        1702M (83%)        1078M (53%)    
[153.083s][info][gc,heap     ] GC(486)      Used:      866M (42%)         950M (46%)         650M (32%)         352M (17%)         970M (47%)         346M (17%)    
[153.083s][info][gc,heap     ] GC(486)      Live:         -               196M (10%)         196M (10%)         196M (10%)            -                  -          
[153.083s][info][gc,heap     ] GC(486) Allocated:         -                84M (4%)          104M (5%)          117M (6%)             -                  -          
[153.083s][info][gc,heap     ] GC(486)   Garbage:         -               669M (33%)         349M (17%)          37M (2%)             -                  -          
[153.083s][info][gc,heap     ] GC(486) Reclaimed:         -                  -               320M (16%)         631M (31%)            -                  -          
[153.083s][info][gc          ] GC(486) Garbage Collection (Allocation Rate) 866M(42%)->352M(17%)
[153.286s][info][gc,start    ] GC(487) Garbage Collection (System.gc())
[153.286s][info][gc,task     ] GC(487) Using 2 workers
[153.286s][info][gc,phases   ] GC(487) Pause Mark Start 0.010ms
[153.332s][info][gc,phases   ] GC(487) Concurrent Mark 46.133ms
[153.332s][info][gc,phases   ] GC(487) Pause Mark End 0.026ms
[153.332s][info][gc,phases   ] GC(487) Concurrent Mark Free 0.002ms
[153.346s][info][gc,phases   ] GC(487) Concurrent Process Non-Strong References 13.595ms
[153.346s][info][gc,phases   ] GC(487) Concurrent Reset Relocation Set 0.010ms
[153.349s][info][gc,phases   ] GC(487) Concurrent Select Relocation Set 2.400ms
[153.349s][info][gc,phases   ] GC(487) Pause Relocate Start 0.017ms
[153.353s][info][gc,phases   ] GC(487) Concurrent Relocate 3.914ms
[153.353s][info][gc,load     ] GC(487) Load: 0.00/0.00/0.00
[153.353s][info][gc,mmu      ] GC(487) MMU: 2ms/83.1%, 5ms/93.3%, 10ms/96.6%, 20ms/97.9%, 50ms/99.2%, 100ms/99.5%
[153.353s][info][gc,marking  ] GC(487) Mark: 2 stripe(s), 2 proactive flush(es), 1 terminate flush(es), 0 completion(s), 0 continuation(s) 
[153.353s][info][gc,marking  ] GC(487) Mark Stack Usage: 32M
[153.353s][info][gc,nmethod  ] GC(487) NMethods: 11731 registered, 9678 unregistered
[153.353s][info][gc,metaspace] GC(487) Metaspace: 156M used, 157M committed, 1216M reserved
[153.353s][info][gc,ref      ] GC(487) Soft: 3493 encountered, 0 discovered, 0 enqueued
[153.353s][info][gc,ref      ] GC(487) Weak: 16121 encountered, 3968 discovered, 985 enqueued
[153.353s][info][gc,ref      ] GC(487) Final: 52 encountered, 0 discovered, 0 enqueued
[153.353s][info][gc,ref      ] GC(487) Phantom: 600 encountered, 382 discovered, 0 enqueued
[153.353s][info][gc,reloc    ] GC(487) Small Pages: 117 / 234M, Empty: 0M, Relocated: 6M, In-Place: 0
[153.353s][info][gc,reloc    ] GC(487) Medium Pages: 7 / 224M, Empty: 128M, Relocated: 0M, In-Place: 0
[153.353s][info][gc,reloc    ] GC(487) Large Pages: 12 / 72M, Empty: 72M, Relocated: 0M, In-Place: 0
[153.353s][info][gc,reloc    ] GC(487) Forwarding Usage: 2M
[153.353s][info][gc,heap     ] GC(487) Min Capacity: 2048M(100%)
[153.353s][info][gc,heap     ] GC(487) Max Capacity: 2048M(100%)
[153.353s][info][gc,heap     ] GC(487) Soft Max Capacity: 2048M(100%)
[153.353s][info][gc,heap     ] GC(487)                Mark Start          Mark End        Relocate Start      Relocate End           High               Low         
[153.353s][info][gc,heap     ] GC(487)  Capacity:     2048M (100%)       2048M (100%)       2048M (100%)       2048M (100%)       2048M (100%)       2048M (100%)   
[153.353s][info][gc,heap     ] GC(487)      Free:     1518M (74%)        1516M (74%)        1704M (83%)        1850M (90%)        1860M (91%)        1506M (74%)    
[153.353s][info][gc,heap     ] GC(487)      Used:      530M (26%)         532M (26%)         344M (17%)         198M (10%)         542M (26%)         188M (9%)     
[153.353s][info][gc,heap     ] GC(487)      Live:         -               130M (6%)          130M (6%)          130M (6%)             -                  -          
[153.353s][info][gc,heap     ] GC(487) Allocated:         -                 2M (0%)           14M (1%)           31M (2%)             -                  -          
[153.353s][info][gc,heap     ] GC(487)   Garbage:         -               399M (19%)         199M (10%)          35M (2%)             -                  -          
[153.353s][info][gc,heap     ] GC(487) Reclaimed:         -                  -               200M (10%)         363M (18%)            -                  -          
[153.353s][info][gc          ] GC(487) Garbage Collection (System.gc()) 530M(26%)->198M(10%)
[153.610s][info][gc,start    ] GC(488) Garbage Collection (Allocation Rate)
[153.610s][info][gc,task     ] GC(488) Using 2 workers
[153.610s][info][gc,phases   ] GC(488) Pause Mark Start 0.021ms
[153.689s][info][gc,phases   ] GC(488) Concurrent Mark 78.092ms
[153.689s][info][gc,phases   ] GC(488) Pause Mark End 0.033ms
[153.689s][info][gc,phases   ] GC(488) Concurrent Mark Free 0.001ms
[153.703s][info][gc,phases   ] GC(488) Concurrent Process Non-Strong References 14.321ms
[153.703s][info][gc,phases   ] GC(488) Concurrent Reset Relocation Set 0.007ms
[153.703s][info][gc          ] Allocation Stall (Executor task launch worker for task 1.0 in stage 3407.0 (TID 13631)) 9.043ms
[153.703s][info][gc          ] Allocation Stall (Executor task launch worker for task 3.0 in stage 3407.0 (TID 13633)) 9.425ms
[153.703s][info][gc          ] Allocation Stall (Executor task launch worker for task 0.0 in stage 3407.0 (TID 13630)) 10.068ms
[153.703s][info][gc          ] Allocation Stall (Executor task launch worker for task 2.0 in stage 3407.0 (TID 13632)) 8.292ms
[153.703s][info][gc          ] Allocation Stall (Executor task launch worker for task 4.0 in stage 3407.0 (TID 13634)) 11.779ms
[153.707s][info][gc,phases   ] GC(488) Concurrent Select Relocation Set 3.145ms
[153.707s][info][gc,phases   ] GC(488) Pause Relocate Start 0.008ms
[153.729s][info][gc,phases   ] GC(488) Concurrent Relocate 21.599ms
[153.729s][info][gc,load     ] GC(488) Load: 0.00/0.00/0.00
[153.729s][info][gc,mmu      ] GC(488) MMU: 2ms/83.1%, 5ms/93.3%, 10ms/96.6%, 20ms/97.9%, 50ms/99.2%, 100ms/99.5%
[153.729s][info][gc,marking  ] GC(488) Mark: 2 stripe(s), 2 proactive flush(es), 1 terminate flush(es), 0 completion(s), 0 continuation(s) 
[153.729s][info][gc,marking  ] GC(488) Mark Stack Usage: 32M
[153.729s][info][gc,nmethod  ] GC(488) NMethods: 11731 registered, 9679 unregistered
[153.729s][info][gc,metaspace] GC(488) Metaspace: 156M used, 157M committed, 1216M reserved
[153.729s][info][gc,ref      ] GC(488) Soft: 3556 encountered, 0 discovered, 0 enqueued
[153.729s][info][gc,ref      ] GC(488) Weak: 15500 encountered, 1703 discovered, 208 enqueued
[153.729s][info][gc,ref      ] GC(488) Final: 52 encountered, 0 discovered, 0 enqueued
[153.729s][info][gc,ref      ] GC(488) Phantom: 600 encountered, 371 discovered, 0 enqueued
[153.729s][info][gc,reloc    ] GC(488) Small Pages: 693 / 1386M, Empty: 1026M, Relocated: 10M, In-Place: 0
[153.729s][info][gc,reloc    ] GC(488) Medium Pages: 7 / 224M, Empty: 0M, Relocated: 47M, In-Place: 0
[153.729s][info][gc,reloc    ] GC(488) Large Pages: 6 / 36M, Empty: 36M, Relocated: 0M, In-Place: 0
[153.729s][info][gc,reloc    ] GC(488) Forwarding Usage: 2M
[153.729s][info][gc,heap     ] GC(488) Min Capacity: 2048M(100%)
[153.729s][info][gc,heap     ] GC(488) Max Capacity: 2048M(100%)
[153.729s][info][gc,heap     ] GC(488) Soft Max Capacity: 2048M(100%)
[153.729s][info][gc,heap     ] GC(488)                Mark Start          Mark End        Relocate Start      Relocate End           High               Low         
[153.729s][info][gc,heap     ] GC(488)  Capacity:     2048M (100%)       2048M (100%)       2048M (100%)       2048M (100%)       2048M (100%)       2048M (100%)   
[153.729s][info][gc,heap     ] GC(488)      Free:      402M (20%)          32M (2%)         1036M (51%)        1342M (66%)        1358M (66%)          14M (1%)     
[153.729s][info][gc,heap     ] GC(488)      Used:     1646M (80%)        2016M (98%)        1012M (49%)         706M (34%)        2034M (99%)         690M (34%)    
[153.729s][info][gc,heap     ] GC(488)      Live:         -               171M (8%)          171M (8%)          171M (8%)             -                  -          
[153.729s][info][gc,heap     ] GC(488) Allocated:         -               370M (18%)         428M (21%)         500M (24%)            -                  -          
[153.729s][info][gc,heap     ] GC(488)   Garbage:         -              1474M (72%)         412M (20%)          34M (2%)             -                  -          
[153.729s][info][gc,heap     ] GC(488) Reclaimed:         -                  -              1062M (52%)        1440M (70%)            -                  -          
[153.729s][info][gc          ] GC(488) Garbage Collection (Allocation Rate) 1646M(80%)->706M(34%)
[153.822s][info][gc,start    ] GC(489) Garbage Collection (Allocation Stall)
[153.822s][info][gc,ref      ] GC(489) Clearing All SoftReferences
[153.822s][info][gc,task     ] GC(489) Using 2 workers
[153.823s][info][gc,ref      ] GC(489) Clearing All SoftReferences
[153.823s][info][gc,phases   ] GC(489) Pause Mark Start 0.069ms
[153.872s][info][gc,phases   ] GC(489) Concurrent Mark 49.129ms
[153.872s][info][gc,phases   ] GC(489) Pause Mark End 0.028ms
[153.872s][info][gc,phases   ] GC(489) Concurrent Mark Free 0.001ms
[153.902s][info][gc,phases   ] GC(489) Concurrent Process Non-Strong References 30.387ms
[153.902s][info][gc,phases   ] GC(489) Concurrent Reset Relocation Set 0.007ms
[153.904s][info][gc,phases   ] GC(489) Concurrent Select Relocation Set 1.942ms
[153.904s][info][gc,phases   ] GC(489) Pause Relocate Start 0.010ms
[153.914s][info][gc,phases   ] GC(489) Concurrent Relocate 9.753ms
[153.914s][info][gc,load     ] GC(489) Load: 0.00/0.00/0.00
[153.914s][info][gc,mmu      ] GC(489) MMU: 2ms/83.1%, 5ms/93.3%, 10ms/96.6%, 20ms/97.9%, 50ms/99.2%, 100ms/99.5%
[153.914s][info][gc,marking  ] GC(489) Mark: 2 stripe(s), 2 proactive flush(es), 1 terminate flush(es), 0 completion(s), 0 continuation(s) 
[153.914s][info][gc,marking  ] GC(489) Mark Stack Usage: 32M
[153.914s][info][gc,nmethod  ] GC(489) NMethods: 11732 registered, 9680 unregistered
[153.914s][info][gc,metaspace] GC(489) Metaspace: 156M used, 157M committed, 1216M reserved
[153.914s][info][gc,ref      ] GC(489) Soft: 3488 encountered, 3108 discovered, 225 enqueued
[153.915s][info][gc,ref      ] GC(489) Weak: 15464 encountered, 3152 discovered, 202 enqueued
[153.915s][info][gc,ref      ] GC(489) Final: 52 encountered, 14 discovered, 0 enqueued
[153.915s][info][gc,ref      ] GC(489) Phantom: 600 encountered, 380 discovered, 0 enqueued
[153.915s][info][gc,reloc    ] GC(489) Small Pages: 299 / 598M, Empty: 330M, Relocated: 6M, In-Place: 0
[153.915s][info][gc,reloc    ] GC(489) Medium Pages: 8 / 256M, Empty: 0M, Relocated: 46M, In-Place: 0
[153.915s][info][gc,reloc    ] GC(489) Large Pages: 4 / 24M, Empty: 24M, Relocated: 0M, In-Place: 0
[153.915s][info][gc,reloc    ] GC(489) Forwarding Usage: 2M
[153.915s][info][gc,heap     ] GC(489) Min Capacity: 2048M(100%)
[153.915s][info][gc,heap     ] GC(489) Max Capacity: 2048M(100%)
[153.915s][info][gc,heap     ] GC(489) Soft Max Capacity: 2048M(100%)
[153.915s][info][gc,heap     ] GC(489)                Mark Start          Mark End        Relocate Start      Relocate End           High               Low         
[153.915s][info][gc,heap     ] GC(489)  Capacity:     2048M (100%)       2048M (100%)       2048M (100%)       2048M (100%)       2048M (100%)       2048M (100%)   
[153.915s][info][gc,heap     ] GC(489)      Free:     1170M (57%)        1096M (54%)        1436M (70%)        1718M (84%)        1724M (84%)        1088M (53%)    
[153.915s][info][gc,heap     ] GC(489)      Used:      878M (43%)         952M (46%)         612M (30%)         330M (16%)         960M (47%)         324M (16%)    
[153.915s][info][gc,heap     ] GC(489)      Live:         -               193M (9%)          193M (9%)          193M (9%)             -                  -          
[153.915s][info][gc,heap     ] GC(489) Allocated:         -                74M (4%)           88M (4%)           99M (5%)             -                  -          
[153.915s][info][gc,heap     ] GC(489)   Garbage:         -               684M (33%)         330M (16%)          36M (2%)             -                  -          
[153.915s][info][gc,heap     ] GC(489) Reclaimed:         -                  -               354M (17%)         647M (32%)            -                  -          
[153.915s][info][gc          ] GC(489) Garbage Collection (Allocation Stall) 878M(43%)->330M(16%)
[154.004s][info][gc,start    ] GC(490) Garbage Collection (Allocation Rate)
[154.004s][info][gc,task     ] GC(490) Using 2 workers
[154.004s][info][gc,phases   ] GC(490) Pause Mark Start 0.006ms
[154.062s][info][gc,phases   ] GC(490) Concurrent Mark 57.425ms
[154.062s][info][gc,phases   ] GC(490) Pause Mark End 0.096ms
[154.062s][info][gc,phases   ] GC(490) Concurrent Mark Free 0.001ms
[154.090s][info][gc,phases   ] GC(490) Concurrent Process Non-Strong References 28.459ms
[154.090s][info][gc,phases   ] GC(490) Concurrent Reset Relocation Set 0.007ms
[154.093s][info][gc,phases   ] GC(490) Concurrent Select Relocation Set 2.126ms
[154.093s][info][gc,phases   ] GC(490) Pause Relocate Start 0.012ms
[154.094s][info][gc,phases   ] GC(490) Concurrent Relocate 0.762ms
[154.094s][info][gc,load     ] GC(490) Load: 0.00/0.00/0.00
[154.094s][info][gc,mmu      ] GC(490) MMU: 2ms/83.1%, 5ms/93.3%, 10ms/96.6%, 20ms/97.9%, 50ms/99.2%, 100ms/99.5%
[154.094s][info][gc,marking  ] GC(490) Mark: 2 stripe(s), 3 proactive flush(es), 1 terminate flush(es), 1 completion(s), 0 continuation(s) 
[154.094s][info][gc,marking  ] GC(490) Mark Stack Usage: 32M
[154.094s][info][gc,nmethod  ] GC(490) NMethods: 11732 registered, 9683 unregistered
[154.094s][info][gc,metaspace] GC(490) Metaspace: 156M used, 157M committed, 1216M reserved
[154.094s][info][gc,ref      ] GC(490) Soft: 3278 encountered, 0 discovered, 0 enqueued
[154.094s][info][gc,ref      ] GC(490) Weak: 15585 encountered, 5214 discovered, 445 enqueued
[154.094s][info][gc,ref      ] GC(490) Final: 52 encountered, 4 discovered, 0 enqueued
[154.094s][info][gc,ref      ] GC(490) Phantom: 600 encountered, 335 discovered, 0 enqueued
[154.094s][info][gc,reloc    ] GC(490) Small Pages: 77 / 154M, Empty: 0M, Relocated: 1M, In-Place: 0
[154.094s][info][gc,reloc    ] GC(490) Medium Pages: 6 / 192M, Empty: 32M, Relocated: 0M, In-Place: 0
[154.094s][info][gc,reloc    ] GC(490) Large Pages: 9 / 54M, Empty: 54M, Relocated: 0M, In-Place: 0
[154.094s][info][gc,reloc    ] GC(490) Forwarding Usage: 0M
[154.094s][info][gc,heap     ] GC(490) Min Capacity: 2048M(100%)
[154.094s][info][gc,heap     ] GC(490) Max Capacity: 2048M(100%)
[154.094s][info][gc,heap     ] GC(490) Soft Max Capacity: 2048M(100%)
[154.094s][info][gc,heap     ] GC(490)                Mark Start          Mark End        Relocate Start      Relocate End           High               Low         
[154.094s][info][gc,heap     ] GC(490)  Capacity:     2048M (100%)       2048M (100%)       2048M (100%)       2048M (100%)       2048M (100%)       2048M (100%)   
[154.094s][info][gc,heap     ] GC(490)      Free:     1648M (80%)        1566M (76%)        1618M (79%)        1698M (83%)        1698M (83%)        1532M (75%)    
[154.094s][info][gc,heap     ] GC(490)      Used:      400M (20%)         482M (24%)         430M (21%)         350M (17%)         516M (25%)         350M (17%)    
[154.094s][info][gc,heap     ] GC(490)      Live:         -               193M (9%)          193M (9%)          193M (9%)             -                  -          
[154.094s][info][gc,heap     ] GC(490) Allocated:         -                82M (4%)          116M (6%)          115M (6%)             -                  -          
[154.094s][info][gc,heap     ] GC(490)   Garbage:         -               206M (10%)         120M (6%)           40M (2%)             -                  -          
[154.094s][info][gc,heap     ] GC(490) Reclaimed:         -                  -                86M (4%)          165M (8%)             -                  -          
[154.094s][info][gc          ] GC(490) Garbage Collection (Allocation Rate) 400M(20%)->350M(17%)
[154.104s][info][gc,start    ] GC(491) Garbage Collection (Allocation Rate)
[154.104s][info][gc,task     ] GC(491) Using 2 workers
[154.104s][info][gc,phases   ] GC(491) Pause Mark Start 0.006ms
[154.153s][info][gc,phases   ] GC(491) Concurrent Mark 48.870ms
[154.153s][info][gc,phases   ] GC(491) Pause Mark End 0.080ms
[154.153s][info][gc,phases   ] GC(491) Concurrent Mark Free 0.001ms
[154.168s][info][gc,phases   ] GC(491) Concurrent Process Non-Strong References 14.989ms
[154.168s][info][gc,phases   ] GC(491) Concurrent Reset Relocation Set 0.004ms
[154.170s][info][gc,phases   ] GC(491) Concurrent Select Relocation Set 2.081ms
[154.171s][info][gc,phases   ] GC(491) Pause Relocate Start 0.011ms
[154.173s][info][gc,phases   ] GC(491) Concurrent Relocate 2.028ms
[154.173s][info][gc,load     ] GC(491) Load: 0.00/0.00/0.00
[154.173s][info][gc,mmu      ] GC(491) MMU: 2ms/83.1%, 5ms/93.3%, 10ms/96.6%, 20ms/97.9%, 50ms/99.2%, 100ms/99.5%
[154.173s][info][gc,marking  ] GC(491) Mark: 2 stripe(s), 2 proactive flush(es), 1 terminate flush(es), 1 completion(s), 0 continuation(s) 
[154.173s][info][gc,marking  ] GC(491) Mark Stack Usage: 32M
[154.173s][info][gc,nmethod  ] GC(491) NMethods: 11732 registered, 9683 unregistered
[154.173s][info][gc,metaspace] GC(491) Metaspace: 156M used, 157M committed, 1216M reserved
[154.173s][info][gc,ref      ] GC(491) Soft: 3294 encountered, 0 discovered, 0 enqueued
[154.173s][info][gc,ref      ] GC(491) Weak: 15362 encountered, 4937 discovered, 295 enqueued
[154.173s][info][gc,ref      ] GC(491) Final: 52 encountered, 4 discovered, 0 enqueued
[154.173s][info][gc,ref      ] GC(491) Phantom: 600 encountered, 348 discovered, 0 enqueued
[154.173s][info][gc,reloc    ] GC(491) Small Pages: 70 / 140M, Empty: 0M, Relocated: 3M, In-Place: 0
[154.173s][info][gc,reloc    ] GC(491) Medium Pages: 6 / 192M, Empty: 32M, Relocated: 0M, In-Place: 0
[154.173s][info][gc,reloc    ] GC(491) Large Pages: 5 / 30M, Empty: 30M, Relocated: 0M, In-Place: 0
[154.173s][info][gc,reloc    ] GC(491) Forwarding Usage: 0M
[154.173s][info][gc,heap     ] GC(491) Min Capacity: 2048M(100%)
[154.173s][info][gc,heap     ] GC(491) Max Capacity: 2048M(100%)
[154.173s][info][gc,heap     ] GC(491) Soft Max Capacity: 2048M(100%)
[154.173s][info][gc,heap     ] GC(491)                Mark Start          Mark End        Relocate Start      Relocate End           High               Low         
[154.173s][info][gc,heap     ] GC(491)  Capacity:     2048M (100%)       2048M (100%)       2048M (100%)       2048M (100%)       2048M (100%)       2048M (100%)   
[154.173s][info][gc,heap     ] GC(491)      Free:     1686M (82%)        1618M (79%)        1652M (81%)        1712M (84%)        1712M (84%)        1590M (78%)    
[154.173s][info][gc,heap     ] GC(491)      Used:      362M (18%)         430M (21%)         396M (19%)         336M (16%)         458M (22%)         336M (16%)    
[154.173s][info][gc,heap     ] GC(491)      Live:         -               194M (9%)          194M (9%)          194M (9%)             -                  -          
[154.173s][info][gc,heap     ] GC(491) Allocated:         -                68M (3%)           96M (5%)          101M (5%)             -                  -          
[154.173s][info][gc,heap     ] GC(491)   Garbage:         -               167M (8%)          105M (5%)           39M (2%)             -                  -          
[154.173s][info][gc,heap     ] GC(491) Reclaimed:         -                  -                62M (3%)          127M (6%)             -                  -          
[154.173s][info][gc          ] GC(491) Garbage Collection (Allocation Rate) 362M(18%)->336M(16%)
[154.212s][info][gc,start    ] GC(492) Garbage Collection (Allocation Rate)
[154.212s][info][gc,task     ] GC(492) Using 2 workers
[154.212s][info][gc,phases   ] GC(492) Pause Mark Start 0.007ms
[154.268s][info][gc,phases   ] GC(492) Concurrent Mark 55.734ms
[154.268s][info][gc,phases   ] GC(492) Pause Mark End 0.069ms
[154.268s][info][gc,phases   ] GC(492) Concurrent Mark Free 0.001ms
[154.283s][info][gc,phases   ] GC(492) Concurrent Process Non-Strong References 14.774ms
[154.283s][info][gc,phases   ] GC(492) Concurrent Reset Relocation Set 0.004ms
[154.285s][info][gc,phases   ] GC(492) Concurrent Select Relocation Set 2.063ms
[154.285s][info][gc,phases   ] GC(492) Pause Relocate Start 0.011ms
[154.286s][info][gc,phases   ] GC(492) Concurrent Relocate 0.620ms
[154.286s][info][gc,load     ] GC(492) Load: 0.00/0.00/0.00
[154.286s][info][gc,mmu      ] GC(492) MMU: 2ms/83.1%, 5ms/93.3%, 10ms/96.6%, 20ms/97.9%, 50ms/99.2%, 100ms/99.5%
[154.286s][info][gc,marking  ] GC(492) Mark: 2 stripe(s), 2 proactive flush(es), 1 terminate flush(es), 1 completion(s), 0 continuation(s) 
[154.286s][info][gc,marking  ] GC(492) Mark Stack Usage: 32M
[154.286s][info][gc,nmethod  ] GC(492) NMethods: 11733 registered, 9684 unregistered
[154.286s][info][gc,metaspace] GC(492) Metaspace: 156M used, 157M committed, 1216M reserved
[154.286s][info][gc,ref      ] GC(492) Soft: 3276 encountered, 0 discovered, 0 enqueued
[154.286s][info][gc,ref      ] GC(492) Weak: 15360 encountered, 5023 discovered, 293 enqueued
[154.286s][info][gc,ref      ] GC(492) Final: 52 encountered, 0 discovered, 0 enqueued
[154.286s][info][gc,ref      ] GC(492) Phantom: 600 encountered, 368 discovered, 0 enqueued
[154.286s][info][gc,reloc    ] GC(492) Small Pages: 65 / 130M, Empty: 2M, Relocated: 1M, In-Place: 0
[154.286s][info][gc,reloc    ] GC(492) Medium Pages: 6 / 192M, Empty: 32M, Relocated: 0M, In-Place: 0
[154.286s][info][gc,reloc    ] GC(492) Large Pages: 6 / 36M, Empty: 36M, Relocated: 0M, In-Place: 0
[154.286s][info][gc,reloc    ] GC(492) Forwarding Usage: 0M
[154.286s][info][gc,heap     ] GC(492) Min Capacity: 2048M(100%)
[154.286s][info][gc,heap     ] GC(492) Max Capacity: 2048M(100%)
[154.286s][info][gc,heap     ] GC(492) Soft Max Capacity: 2048M(100%)
[154.286s][info][gc,heap     ] GC(492)                Mark Start          Mark End        Relocate Start      Relocate End           High               Low         
[154.286s][info][gc,heap     ] GC(492)  Capacity:     2048M (100%)       2048M (100%)       2048M (100%)       2048M (100%)       2048M (100%)       2048M (100%)   
[154.286s][info][gc,heap     ] GC(492)      Free:     1690M (83%)        1608M (79%)        1656M (81%)        1710M (83%)        1710M (83%)        1586M (77%)    
[154.286s][info][gc,heap     ] GC(492)      Used:      358M (17%)         440M (21%)         392M (19%)         338M (17%)         462M (23%)         338M (17%)    
[154.286s][info][gc,heap     ] GC(492)      Live:         -               193M (9%)          193M (9%)          193M (9%)             -                  -          
[154.286s][info][gc,heap     ] GC(492) Allocated:         -                82M (4%)          104M (5%)          103M (5%)             -                  -          
[154.286s][info][gc,heap     ] GC(492)   Garbage:         -               164M (8%)           94M (5%)           40M (2%)             -                  -          
[154.286s][info][gc,heap     ] GC(492) Reclaimed:         -                  -                70M (3%)          123M (6%)             -                  -          
[154.286s][info][gc          ] GC(492) Garbage Collection (Allocation Rate) 358M(17%)->338M(17%)
[154.915s][info][gc,start    ] GC(493) Garbage Collection (Allocation Rate)
[154.915s][info][gc,task     ] GC(493) Using 2 workers
[154.915s][info][gc,phases   ] GC(493) Pause Mark Start 0.011ms
[154.978s][info][gc,phases   ] GC(493) Concurrent Mark 62.514ms
[154.978s][info][gc,phases   ] GC(493) Pause Mark End 0.069ms
[154.978s][info][gc,phases   ] GC(493) Concurrent Mark Free 0.001ms
[154.991s][info][gc,phases   ] GC(493) Concurrent Process Non-Strong References 12.902ms
[154.991s][info][gc,phases   ] GC(493) Concurrent Reset Relocation Set 0.004ms
[154.993s][info][gc,phases   ] GC(493) Concurrent Select Relocation Set 2.303ms
[154.993s][info][gc,phases   ] GC(493) Pause Relocate Start 0.010ms
[154.996s][info][gc,phases   ] GC(493) Concurrent Relocate 2.774ms
[154.996s][info][gc,load     ] GC(493) Load: 0.00/0.00/0.00
[154.996s][info][gc,mmu      ] GC(493) MMU: 2ms/83.1%, 5ms/93.3%, 10ms/96.6%, 20ms/97.9%, 50ms/99.2%, 100ms/99.5%
[154.996s][info][gc,marking  ] GC(493) Mark: 2 stripe(s), 2 proactive flush(es), 1 terminate flush(es), 1 completion(s), 0 continuation(s) 
[154.996s][info][gc,marking  ] GC(493) Mark Stack Usage: 32M
[154.996s][info][gc,nmethod  ] GC(493) NMethods: 11740 registered, 9689 unregistered
[154.996s][info][gc,metaspace] GC(493) Metaspace: 156M used, 157M committed, 1216M reserved
[154.996s][info][gc,ref      ] GC(493) Soft: 3278 encountered, 0 discovered, 0 enqueued
[154.996s][info][gc,ref      ] GC(493) Weak: 17021 encountered, 4129 discovered, 1904 enqueued
[154.996s][info][gc,ref      ] GC(493) Final: 52 encountered, 14 discovered, 0 enqueued
[154.996s][info][gc,ref      ] GC(493) Phantom: 600 encountered, 362 discovered, 0 enqueued
[154.996s][info][gc,reloc    ] GC(493) Small Pages: 197 / 394M, Empty: 6M, Relocated: 4M, In-Place: 0
[154.996s][info][gc,reloc    ] GC(493) Medium Pages: 9 / 288M, Empty: 128M, Relocated: 0M, In-Place: 0
[154.996s][info][gc,reloc    ] GC(493) Large Pages: 40 / 240M, Empty: 240M, Relocated: 0M, In-Place: 0
[154.996s][info][gc,reloc    ] GC(493) Forwarding Usage: 1M
[154.996s][info][gc,heap     ] GC(493) Min Capacity: 2048M(100%)
[154.996s][info][gc,heap     ] GC(493) Max Capacity: 2048M(100%)
[154.996s][info][gc,heap     ] GC(493) Soft Max Capacity: 2048M(100%)
[154.996s][info][gc,heap     ] GC(493)                Mark Start          Mark End        Relocate Start      Relocate End           High               Low         
[154.996s][info][gc,heap     ] GC(493)  Capacity:     2048M (100%)       2048M (100%)       2048M (100%)       2048M (100%)       2048M (100%)       2048M (100%)   
[154.997s][info][gc,heap     ] GC(493)      Free:     1126M (55%)        1070M (52%)        1430M (70%)        1738M (85%)        1740M (85%)        1054M (51%)    
[154.997s][info][gc,heap     ] GC(493)      Used:      922M (45%)         978M (48%)         618M (30%)         310M (15%)         994M (49%)         308M (15%)    
[154.997s][info][gc,heap     ] GC(493)      Live:         -               195M (10%)         195M (10%)         195M (10%)            -                  -          
[154.997s][info][gc,heap     ] GC(493) Allocated:         -                56M (3%)           70M (3%)           73M (4%)             -                  -          
[154.997s][info][gc,heap     ] GC(493)   Garbage:         -               726M (35%)         352M (17%)          40M (2%)             -                  -          
[154.997s][info][gc,heap     ] GC(493) Reclaimed:         -                  -               374M (18%)         685M (33%)            -                  -          
[154.997s][info][gc          ] GC(493) Garbage Collection (Allocation Rate) 922M(45%)->310M(15%)
[154.998s][info][gc,start    ] GC(494) Garbage Collection (System.gc())
[154.998s][info][gc,task     ] GC(494) Using 2 workers
[154.998s][info][gc,phases   ] GC(494) Pause Mark Start 0.008ms
[155.056s][info][gc,phases   ] GC(494) Concurrent Mark 58.157ms
[155.057s][info][gc,phases   ] GC(494) Pause Mark End 0.030ms
[155.057s][info][gc,phases   ] GC(494) Concurrent Mark Free 0.002ms
[155.071s][info][gc,phases   ] GC(494) Concurrent Process Non-Strong References 13.920ms
[155.071s][info][gc,phases   ] GC(494) Concurrent Reset Relocation Set 0.010ms
[155.073s][info][gc,phases   ] GC(494) Concurrent Select Relocation Set 2.200ms
[155.073s][info][gc,phases   ] GC(494) Pause Relocate Start 0.008ms
[155.076s][info][gc,phases   ] GC(494) Concurrent Relocate 3.008ms
[155.076s][info][gc,load     ] GC(494) Load: 0.00/0.00/0.00
[155.076s][info][gc,mmu      ] GC(494) MMU: 2ms/83.1%, 5ms/93.3%, 10ms/96.6%, 20ms/97.9%, 50ms/99.2%, 100ms/99.5%
[155.076s][info][gc,marking  ] GC(494) Mark: 2 stripe(s), 2 proactive flush(es), 1 terminate flush(es), 0 completion(s), 0 continuation(s) 
[155.076s][info][gc,marking  ] GC(494) Mark Stack Usage: 32M
[155.076s][info][gc,nmethod  ] GC(494) NMethods: 11739 registered, 9691 unregistered
[155.076s][info][gc,metaspace] GC(494) Metaspace: 156M used, 157M committed, 1216M reserved
[155.076s][info][gc,ref      ] GC(494) Soft: 3493 encountered, 0 discovered, 0 enqueued
[155.076s][info][gc,ref      ] GC(494) Weak: 15524 encountered, 3751 discovered, 374 enqueued
[155.076s][info][gc,ref      ] GC(494) Final: 52 encountered, 2 discovered, 0 enqueued
[155.076s][info][gc,ref      ] GC(494) Phantom: 600 encountered, 400 discovered, 0 enqueued
[155.076s][info][gc,reloc    ] GC(494) Small Pages: 61 / 122M, Empty: 0M, Relocated: 3M, In-Place: 0
[155.076s][info][gc,reloc    ] GC(494) Medium Pages: 6 / 192M, Empty: 64M, Relocated: 12M, In-Place: 0
[155.076s][info][gc,reloc    ] GC(494) Large Pages: 0 / 0M, Empty: 0M, Relocated: 0M, In-Place: 0
[155.076s][info][gc,reloc    ] GC(494) Forwarding Usage: 1M
[155.076s][info][gc,heap     ] GC(494) Min Capacity: 2048M(100%)
[155.076s][info][gc,heap     ] GC(494) Max Capacity: 2048M(100%)
[155.076s][info][gc,heap     ] GC(494) Soft Max Capacity: 2048M(100%)
[155.076s][info][gc,heap     ] GC(494)                Mark Start          Mark End        Relocate Start      Relocate End           High               Low         
[155.076s][info][gc,heap     ] GC(494)  Capacity:     2048M (100%)       2048M (100%)       2048M (100%)       2048M (100%)       2048M (100%)       2048M (100%)   
[155.076s][info][gc,heap     ] GC(494)      Free:     1734M (85%)        1680M (82%)        1742M (85%)        1824M (89%)        1824M (89%)        1678M (82%)    
[155.076s][info][gc,heap     ] GC(494)      Used:      314M (15%)         368M (18%)         306M (15%)         224M (11%)         370M (18%)         224M (11%)    
[155.076s][info][gc,heap     ] GC(494)      Live:         -               132M (6%)          132M (6%)          132M (6%)             -                  -          
[155.076s][info][gc,heap     ] GC(494) Allocated:         -                54M (3%)           56M (3%)           55M (3%)             -                  -          
[155.076s][info][gc,heap     ] GC(494)   Garbage:         -               181M (9%)          117M (6%)           35M (2%)             -                  -          
[155.076s][info][gc,heap     ] GC(494) Reclaimed:         -                  -                64M (3%)          145M (7%)             -                  -          
[155.076s][info][gc          ] GC(494) Garbage Collection (System.gc()) 314M(15%)->224M(11%)
[155.209s][info][gc,start    ] GC(495) Garbage Collection (Allocation Rate)
[155.209s][info][gc,task     ] GC(495) Using 2 workers
[155.209s][info][gc,phases   ] GC(495) Pause Mark Start 0.006ms
[155.255s][info][gc,phases   ] GC(495) Concurrent Mark 46.081ms
[155.255s][info][gc,phases   ] GC(495) Pause Mark End 0.020ms
[155.255s][info][gc,phases   ] GC(495) Concurrent Mark Free 0.002ms
[155.281s][info][gc,phases   ] GC(495) Concurrent Process Non-Strong References 25.151ms
[155.281s][info][gc,phases   ] GC(495) Concurrent Reset Relocation Set 0.006ms
[155.287s][info][gc,phases   ] GC(495) Concurrent Select Relocation Set 6.680ms
[155.288s][info][gc,phases   ] GC(495) Pause Relocate Start 0.022ms
[155.292s][info][gc,phases   ] GC(495) Concurrent Relocate 4.433ms
[155.292s][info][gc,load     ] GC(495) Load: 0.00/0.00/0.00
[155.292s][info][gc,mmu      ] GC(495) MMU: 2ms/83.1%, 5ms/93.3%, 10ms/96.6%, 20ms/97.9%, 50ms/99.2%, 100ms/99.5%
[155.292s][info][gc,marking  ] GC(495) Mark: 2 stripe(s), 2 proactive flush(es), 1 terminate flush(es), 0 completion(s), 0 continuation(s) 
[155.292s][info][gc,marking  ] GC(495) Mark Stack Usage: 32M
[155.292s][info][gc,nmethod  ] GC(495) NMethods: 11740 registered, 9693 unregistered
[155.292s][info][gc,metaspace] GC(495) Metaspace: 156M used, 157M committed, 1216M reserved
[155.292s][info][gc,ref      ] GC(495) Soft: 3542 encountered, 0 discovered, 0 enqueued
[155.292s][info][gc,ref      ] GC(495) Weak: 15303 encountered, 3518 discovered, 56 enqueued
[155.292s][info][gc,ref      ] GC(495) Final: 52 encountered, 0 discovered, 0 enqueued
[155.292s][info][gc,ref      ] GC(495) Phantom: 600 encountered, 359 discovered, 0 enqueued
[155.292s][info][gc,reloc    ] GC(495) Small Pages: 413 / 826M, Empty: 652M, Relocated: 1M, In-Place: 0
[155.292s][info][gc,reloc    ] GC(495) Medium Pages: 4 / 128M, Empty: 0M, Relocated: 13M, In-Place: 0
[155.292s][info][gc,reloc    ] GC(495) Large Pages: 1 / 6M, Empty: 6M, Relocated: 0M, In-Place: 0
[155.292s][info][gc,reloc    ] GC(495) Forwarding Usage: 0M
[155.292s][info][gc,heap     ] GC(495) Min Capacity: 2048M(100%)
[155.292s][info][gc,heap     ] GC(495) Max Capacity: 2048M(100%)
[155.292s][info][gc,heap     ] GC(495) Soft Max Capacity: 2048M(100%)
[155.292s][info][gc,heap     ] GC(495)                Mark Start          Mark End        Relocate Start      Relocate End           High               Low         
[155.292s][info][gc,heap     ] GC(495)  Capacity:     2048M (100%)       2048M (100%)       2048M (100%)       2048M (100%)       2048M (100%)       2048M (100%)   
[155.292s][info][gc,heap     ] GC(495)      Free:     1088M (53%)        1008M (49%)        1448M (71%)        1562M (76%)        1564M (76%)         864M (42%)    
[155.292s][info][gc,heap     ] GC(495)      Used:      960M (47%)        1040M (51%)         600M (29%)         486M (24%)        1184M (58%)         484M (24%)    
[155.292s][info][gc,heap     ] GC(495)      Live:         -               132M (6%)          132M (6%)          132M (6%)             -                  -          
[155.292s][info][gc,heap     ] GC(495) Allocated:         -                80M (4%)          298M (15%)         316M (15%)            -                  -          
[155.292s][info][gc,heap     ] GC(495)   Garbage:         -               827M (40%)         169M (8%)           37M (2%)             -                  -          
[155.292s][info][gc,heap     ] GC(495) Reclaimed:         -                  -               658M (32%)         790M (39%)            -                  -          
[155.293s][info][gc          ] GC(495) Garbage Collection (Allocation Rate) 960M(47%)->486M(24%)
[155.403s][info][gc,start    ] GC(496) Garbage Collection (Allocation Rate)
[155.404s][info][gc,task     ] GC(496) Using 2 workers
[155.404s][info][gc,phases   ] GC(496) Pause Mark Start 0.010ms
[155.461s][info][gc,phases   ] GC(496) Concurrent Mark 57.357ms
[155.461s][info][gc,phases   ] GC(496) Pause Mark End 0.080ms
[155.461s][info][gc,phases   ] GC(496) Concurrent Mark Free 0.001ms
[155.476s][info][gc,phases   ] GC(496) Concurrent Process Non-Strong References 14.180ms
[155.476s][info][gc,phases   ] GC(496) Concurrent Reset Relocation Set 0.005ms
[155.479s][info][gc,phases   ] GC(496) Concurrent Select Relocation Set 2.831ms
[155.479s][info][gc,phases   ] GC(496) Pause Relocate Start 0.011ms
[155.497s][info][gc,phases   ] GC(496) Concurrent Relocate 18.681ms
[155.498s][info][gc,load     ] GC(496) Load: 0.00/0.00/0.00
[155.498s][info][gc,mmu      ] GC(496) MMU: 2ms/83.1%, 5ms/93.3%, 10ms/96.6%, 20ms/97.9%, 50ms/99.2%, 100ms/99.5%
[155.498s][info][gc,marking  ] GC(496) Mark: 2 stripe(s), 2 proactive flush(es), 1 terminate flush(es), 1 completion(s), 0 continuation(s) 
[155.498s][info][gc,marking  ] GC(496) Mark Stack Usage: 32M
[155.498s][info][gc,nmethod  ] GC(496) NMethods: 11740 registered, 9694 unregistered
[155.498s][info][gc,metaspace] GC(496) Metaspace: 156M used, 157M committed, 1216M reserved
[155.498s][info][gc,ref      ] GC(496) Soft: 3556 encountered, 0 discovered, 0 enqueued
[155.498s][info][gc,ref      ] GC(496) Weak: 15451 encountered, 2092 discovered, 164 enqueued
[155.498s][info][gc,ref      ] GC(496) Final: 52 encountered, 0 discovered, 0 enqueued
[155.498s][info][gc,ref      ] GC(496) Phantom: 600 encountered, 373 discovered, 0 enqueued
[155.498s][info][gc,reloc    ] GC(496) Small Pages: 557 / 1114M, Empty: 730M, Relocated: 8M, In-Place: 0
[155.498s][info][gc,reloc    ] GC(496) Medium Pages: 10 / 320M, Empty: 0M, Relocated: 73M, In-Place: 0
[155.498s][info][gc,reloc    ] GC(496) Large Pages: 5 / 30M, Empty: 30M, Relocated: 0M, In-Place: 0
[155.498s][info][gc,reloc    ] GC(496) Forwarding Usage: 1M
[155.498s][info][gc,heap     ] GC(496) Min Capacity: 2048M(100%)
[155.498s][info][gc,heap     ] GC(496) Max Capacity: 2048M(100%)
[155.498s][info][gc,heap     ] GC(496) Soft Max Capacity: 2048M(100%)
[155.498s][info][gc,heap     ] GC(496)                Mark Start          Mark End        Relocate Start      Relocate End           High               Low         
[155.498s][info][gc,heap     ] GC(496)  Capacity:     2048M (100%)       2048M (100%)       2048M (100%)       2048M (100%)       2048M (100%)       2048M (100%)   
[155.498s][info][gc,heap     ] GC(496)      Free:      584M (29%)         486M (24%)        1226M (60%)        1686M (82%)        1686M (82%)         472M (23%)    
[155.498s][info][gc,heap     ] GC(496)      Used:     1464M (71%)        1562M (76%)         822M (40%)         362M (18%)        1576M (77%)         362M (18%)    
[155.498s][info][gc,heap     ] GC(496)      Live:         -               195M (10%)         195M (10%)         195M (10%)            -                  -          
[155.498s][info][gc,heap     ] GC(496) Allocated:         -                98M (5%)          118M (6%)          127M (6%)             -                  -          
[155.498s][info][gc,heap     ] GC(496)   Garbage:         -              1268M (62%)         508M (25%)          38M (2%)             -                  -          
[155.498s][info][gc,heap     ] GC(496) Reclaimed:         -                  -               760M (37%)        1229M (60%)            -                  -          
[155.498s][info][gc          ] GC(496) Garbage Collection (Allocation Rate) 1464M(71%)->362M(18%)
[155.615s][info][gc,start    ] GC(497) Garbage Collection (Allocation Rate)
[155.615s][info][gc,task     ] GC(497) Using 2 workers
[155.615s][info][gc,phases   ] GC(497) Pause Mark Start 0.006ms
[155.673s][info][gc,phases   ] GC(497) Concurrent Mark 58.518ms
[155.674s][info][gc,phases   ] GC(497) Pause Mark End 0.076ms
[155.674s][info][gc,phases   ] GC(497) Concurrent Mark Free 0.001ms
